<?xml version="1.0" ?>

<verbosegc xmlns="http://www.ibm.com/j9/verbosegc" version="10b4217_CMPRSS">

<initialized id="1" timestamp="2019-06-14T22:39:52.286">
  <attribute name="gcPolicy" value="-Xgcpolicy:balanced" />
  <attribute name="elasticGC enabled" value="1" />
  <attribute name= "numThreadsSpecified" value="0" />
  <attribute name="heapSize specified" value="0" />
  <attribute name="Current GC Util" value="0" />
  <attribute name= "Current Time Running" value="0" />
  <attribute name ="GC Interval" value="0" />
  <attribute name="ProportionalT" value="0.000000" />
  <attribute name="ProportionalI" value="0.000000" />
  <attribute name="ProportionalH" value="0.000000" />
  <attribute name="IntegralT" value="0.000000" />
  <attribute name="IntegralI" value="0.000000" />
  <attribute name="IntegralH" value="0.000000" />
  <attribute name="DerivativeT" value="0.000000" />
  <attribute name="DerivativeI" value="0.000000" />
  <attribute name="DerivativeH" value="0.000000" />
  <attribute name="Target GC Util Change" value ="0.000000" />
  <attribute name="Current GC Util Change" value="0.000000"/>
  <attribute name="Current Error" value="0.000000" />
  <attribute name="Loop Time for DT" value="0.000000" />
  <attribute name="Output H" value="0"/>
  <attribute name="Output I" value="0"/>
  <attribute name="Output T" value="0"/>
  <attribute name="GC Util currently" value="0" />
  <attribute name="CPU Util currently" value="0" />
  <attribute name="maxHeapSize" value="0x7cb00000" />
  <attribute name="initialHeapSize" value="0x800000" />
  <attribute name="compressedRefs" value="true" />
  <attribute name="compressedRefsDisplacement" value="0x0" />
  <attribute name="compressedRefsShift" value="0x0" />
  <attribute name="pageSize" value="0x1000" />
  <attribute name="pageType" value="not used" />
  <attribute name="requestedPageSize" value="0x1000" />
  <attribute name="requestedPageType" value="not used" />
  <attribute name="gcthreads" value="4" />
  <attribute name="packetListSplit" value="4" />
  <attribute name="cacheListSplit" value="4" />
  <attribute name="splitFreeListSplitAmount" value="1" />
  <attribute name="numaNodes" value="0" />
  <region>
    <attribute name="regionSize" value="1048576" />
    <attribute name="regionCount" value="1995" />
    <attribute name="arrayletLeafSize" value="1048576" />
  </region>
  <system>
    <attribute name="physicalMemory" value="8370958336" />
    <attribute name="numCPUs" value="4" />
    <attribute name="architecture" value="amd64" />
    <attribute name="os" value="Linux" />
    <attribute name="osVersion" value="4.4.0-150-generic" />
  </system>
  <vmargs>
    <vmarg name="-Xoptionsfile=/vagrant/jdk/lib/options.default" />
    <vmarg name="-Xlockword:mode=default,noLockword=java/lang/String,noLockword=java/util/MapEntry,noLockword=java/util/HashMap$Entry,noLockword..." />
    <vmarg name="-Xjcl:jclse29" />
    <vmarg name="-Dcom.ibm.oti.vm.bootstrap.library.path=/vagrant/jdk/lib/compressedrefs:/vagrant/jdk/lib" />
    <vmarg name="-Dsun.boot.library.path=/vagrant/jdk/lib/compressedrefs:/vagrant/jdk/lib" />
    <vmarg name="-Djava.library.path=/vagrant/jdk/lib/compressedrefs:/vagrant/jdk/lib:/usr/lib64:/usr/lib" />
    <vmarg name="-Djava.home=/vagrant/jdk" />
    <vmarg name="-Duser.dir=/vagrant" />
    <vmarg name="-Xgcpolicy:balanced" />
    <vmarg name="-Xgcelastic" />
    <vmarg name="-Xcheck:gc:::elasticGC" />
    <vmarg name="-verbose:gc" />
    <vmarg name="-Xloggc:jdk0.5-1-1-small-BAL-4CORE-elasticverbose16jython.txt" />
    <vmarg name="-Djava.class.path=dacapo-9.12-MR1-bach.jar" />
    <vmarg name="-Dsun.java.command=dacapo-9.12-MR1-bach.jar jython --size=small" />
    <vmarg name="-Dsun.java.launcher=SUN_STANDARD" />
    <vmarg name="-Dsun.java.launcher.pid=10035" />
  </vmargs>
</initialized>

<exclusive-start id="2" timestamp="2019-06-14T22:40:21.997" intervalms="29710.353">
  <response-info timems="0.160" idlems="0.160" threads="0" lastid="00000000011FB700" lastname="main" />
</exclusive-start>
<allocation-taxation id="3" taxation-threshold="8388608" timestamp="2019-06-14T22:40:21.998" intervalms="29712.136" />
<cycle-start id="4" type="partial gc" contextid="0" timestamp="2019-06-14T22:40:22.001" intervalms="29714.806" />
<gc-start id="5" type="partial gc" contextid="4" timestamp="2019-06-14T22:40:22.003">
  <mem-info id="6" free="0" total="8388608" percent="0">
    <mem type="eden" free="32" total="8388608" percent="0" />
    <remembered-set count="0" freebytes="334848" totalbytes="334848" percent="100" regionsoverflowed="0" regionsstable="0" regionsrebuilding="0"/>
  </mem-info>
</gc-start>
<allocation-stats totalBytes="8315600" >
  <allocated-bytes non-tlh="357688" tlh="7957912" arrayletleaf="0"/>
  <largest-consumer threadName="main" threadId="00000000011FB700" bytes="8201152" />
</allocation-stats>
<gc-op id="7" type="mark" timems="16.779" contextid="4" timestamp="2019-06-14T22:40:22.030">
  <trace-info objectcount="17736" scancount="14046" scanbytes="461596" />
  <remembered-set-cleared processed="0" cleared="0" durationms="1.555" />
  <finalization candidates="14" enqueued="1" />
  <references type="soft" candidates="64" cleared="0" enqueued="0" dynamicThreshold="32" maxThreshold="32" />
  <references type="weak" candidates="548" cleared="401" enqueued="362" />
  <references type="phantom" candidates="106" cleared="44" enqueued="44" />
  <stringconstants candidates="2406" cleared="0"  />
  <warning details="Mark for calibration purposes" />
</gc-op>
<gc-op id="8" type="classunload" timems="0.443" contextid="4" timestamp="2019-06-14T22:40:22.031">
  <classunload-info classloadercandidates="5" classloadersunloaded="0" classesunloaded="0" anonymousclassesunloaded="0" quiescems="0.000" setupms="0.441" scanms="0.000" postms="0.000" />
</gc-op>
<gc-op id="9" type="sweep" timems="3.926" contextid="4" timestamp="2019-06-14T22:40:22.037" />
<gc-op id="10" type="compact" timems="20.697" contextid="4" timestamp="2019-06-14T22:40:22.061">
  <compact-info movecount="17736" movebytes="966128" />
  <remembered-set-cleared processed="0" cleared="0" durationms="1.555" />
</gc-op>
<gc-end id="11" type="partial gc" contextid="4" durationms="60.372" usertimems="52.000" systemtimems="20.000" timestamp="2019-06-14T22:40:22.063" activeThreads="4">
  <mem-info id="12" free="7340032" total="8388608" percent="87">
    <mem type="eden" free="82448" total="1048576" percent="7" />
    <pending-finalizers system="1" default="0" reference="406" classloader="0" />
    <remembered-set count="0" freebytes="334848" totalbytes="334848" percent="100" regionsoverflowed="0" regionsstable="0" regionsrebuilding="0"/>
  </mem-info>
</gc-end>
<cycle-end id="13" type="partial gc" contextid="4" timestamp="2019-06-14T22:40:22.064" />
  <attribute name="elasticGC enabled" value="1" />
  <attribute name= "numThreadsSpecified" value="4" />
  <attribute name="heapSize specified" value="0" />
  <attribute name="Current GC Util" value="37" />
  <attribute name= "Current Time Running" value="29630" />
  <attribute name ="GC Interval" value="0" />
  <attribute name="ProportionalT" value="8.500000" />
  <attribute name="ProportionalI" value="8.500000" />
  <attribute name="ProportionalH" value="8.500000" />
  <attribute name="Current Error" value="17.000000" />
  <attribute name="IntegralT" value="-590066.000000" />
  <attribute name="IntegralI" value="-590066.000000" />
  <attribute name="IntegralH" value="-590066.000000" />
  <attribute name="DerivativeT" value="-10.000000" />
  <attribute name="DerivativeI" value="-10.000000" />
  <attribute name="DerivativeH" value="-10.000000" />
  <attribute name="Loop Time for DT" value="6.000000" />
  <attribute name="Output H" value="2091843584"/>
  <attribute name="Output I" value="200"/>
  <attribute name="Output T" value="4"/>
  <attribute name="Target GC Util Change" value ="20.000000" />
  <attribute name="Current GC Util Change" value="37.000000"/>
  <attribute name="GC Util currently" value="37" />
  <attribute name="CPU Util currently" value="679791428648" />
<exclusive-end id="14" timestamp="2019-06-14T22:40:22.065" durationms="68.095" />

<exclusive-start id="15" timestamp="2019-06-14T22:40:36.380" intervalms="14383.335">
  <response-info timems="0.024" idlems="0.024" threads="0" lastid="00000000011FB700" lastname="main" />
</exclusive-start>
<allocation-taxation id="16" taxation-threshold="7340032" timestamp="2019-06-14T22:40:36.380" intervalms="14381.734" />
<cycle-start id="17" type="partial gc" contextid="0" timestamp="2019-06-14T22:40:36.380" intervalms="14379.212" />
<gc-start id="18" type="partial gc" contextid="17" timestamp="2019-06-14T22:40:36.380">
  <mem-info id="19" free="0" total="8388608" percent="0">
    <mem type="eden" free="82448" total="8388608" percent="0" />
    <remembered-set count="0" freebytes="334848" totalbytes="334848" percent="100" regionsoverflowed="0" regionsstable="0" regionsrebuilding="0"/>
  </mem-info>
</gc-start>
<allocation-stats totalBytes="7329696" >
  <allocated-bytes non-tlh="542912" tlh="6786784" arrayletleaf="0"/>
  <largest-consumer threadName="main" threadId="00000000011FB700" bytes="7321416" />
</allocation-stats>
<gc-op id="20" type="mark" timems="1.683" contextid="17" timestamp="2019-06-14T22:40:36.383">
  <trace-info objectcount="18959" scancount="15029" scanbytes="510004" />
  <remembered-set-cleared processed="0" cleared="0" durationms="0.068" />
  <finalization candidates="22" enqueued="0" />
  <ownableSynchronizers candidates="16" cleared="0" />
  <references type="soft" candidates="68" cleared="0" enqueued="0" dynamicThreshold="28" maxThreshold="32" />
  <references type="weak" candidates="682" cleared="360" enqueued="252" />
  <references type="phantom" candidates="89" cleared="2" enqueued="2" />
  <stringconstants candidates="2591" cleared="0"  />
  <warning details="Mark invoked due to insufficient free space for Copy-Forward" />
</gc-op>
<gc-op id="21" type="classunload" timems="0.001" contextid="17" timestamp="2019-06-14T22:40:36.383">
  <classunload-info classloadercandidates="6" classloadersunloaded="0" classesunloaded="0" anonymousclassesunloaded="0" quiescems="0.000" setupms="0.001" scanms="0.000" postms="0.000" />
</gc-op>
<gc-op id="22" type="sweep" timems="0.478" contextid="17" timestamp="2019-06-14T22:40:36.384" />
<gc-op id="23" type="compact" timems="3.244" contextid="17" timestamp="2019-06-14T22:40:36.387">
  <compact-info movecount="18943" movebytes="1490712" />
  <remembered-set-cleared processed="0" cleared="0" durationms="0.068" />
</gc-op>
<gc-end id="24" type="partial gc" contextid="17" durationms="7.120" usertimems="8.000" systemtimems="0.000" timestamp="2019-06-14T22:40:36.388" activeThreads="1">
  <mem-info id="25" free="6291456" total="8388608" percent="75">
    <mem type="eden" free="605504" total="2097152" percent="28" />
    <pending-finalizers system="0" default="0" reference="254" classloader="0" />
    <remembered-set count="512" freebytes="332800" totalbytes="334848" percent="99" regionsoverflowed="0" regionsstable="0" regionsrebuilding="0"/>
  </mem-info>
</gc-end>
<cycle-end id="26" type="partial gc" contextid="17" timestamp="2019-06-14T22:40:36.388" />
  <attribute name="elasticGC enabled" value="1" />
  <attribute name= "numThreadsSpecified" value="1" />
  <attribute name="heapSize specified" value="0" />
  <attribute name="Current GC Util" value="28" />
  <attribute name= "Current Time Running" value="43974" />
  <attribute name ="GC Interval" value="0" />
  <attribute name="ProportionalT" value="4.000000" />
  <attribute name="ProportionalI" value="4.000000" />
  <attribute name="ProportionalH" value="4.000000" />
  <attribute name="Current Error" value="8.000000" />
  <attribute name="IntegralT" value="0.000000" />
  <attribute name="IntegralI" value="0.000000" />
  <attribute name="IntegralH" value="0.000000" />
  <attribute name="DerivativeT" value="inf" />
  <attribute name="DerivativeI" value="inf" />
  <attribute name="DerivativeH" value="inf" />
  <attribute name="Loop Time for DT" value="0.000000" />
  <attribute name="Output H" value="8388608"/>
  <attribute name="Output I" value="200"/>
  <attribute name="Output T" value="1"/>
  <attribute name="Target GC Util Change" value ="20.000000" />
  <attribute name="Current GC Util Change" value="28.000000"/>
  <attribute name="GC Util currently" value="28" />
  <attribute name="CPU Util currently" value="5593536207831" />
<exclusive-end id="27" timestamp="2019-06-14T22:40:36.388" durationms="8.166" />

<exclusive-start id="28" timestamp="2019-06-14T22:40:36.561" intervalms="180.794">
  <response-info timems="0.040" idlems="0.040" threads="0" lastid="00000000011FB700" lastname="main" />
</exclusive-start>
<allocation-taxation id="29" taxation-threshold="3145728" timestamp="2019-06-14T22:40:36.561" intervalms="180.766" />
<cycle-start id="30" type="global mark phase" contextid="0" timestamp="2019-06-14T22:40:36.561" intervalms="44275.043" />
<gc-start id="31" type="global mark phase" contextid="30" timestamp="2019-06-14T22:40:36.561">
  <mem-info id="32" free="3145728" total="8388608" percent="37">
    <remembered-set count="224" freebytes="333952" totalbytes="334848" percent="99" regionsoverflowed="0" regionsstable="0" regionsrebuilding="0"/>
  </mem-info>
</gc-start>
<gc-op id="33" type="mark increment" timems="0.887" contextid="30" timestamp="2019-06-14T22:40:36.562">
  <trace-info objectcount="115" scancount="0" scanbytes="0" />
</gc-op>
<gc-end id="34" type="global mark phase" contextid="30" durationms="1.030" usertimems="0.000" systemtimems="0.000" timestamp="2019-06-14T22:40:36.562" activeThreads="1">
  <mem-info id="35" free="3145728" total="8388608" percent="37">
    <remembered-set count="224" freebytes="333952" totalbytes="334848" percent="99" regionsoverflowed="0" regionsstable="0" regionsrebuilding="0"/>
  </mem-info>
</gc-end>
<concurrent-start id="36" type="GMP work packet processing" contextid="30" timestamp="2019-06-14T22:40:36.562">
  <concurrent-mark-start scanTarget="18446744073709551615" />
</concurrent-start>
<exclusive-end id="37" timestamp="2019-06-14T22:40:36.562" durationms="1.870" />

<concurrent-end id="38" type="GMP work packet processing" contextid="30" timestamp="2019-06-14T22:40:36.564">
  <concurrent-mark-end bytesScanned="753148" reasonForTermination="Completed all work in GC phase" />
</concurrent-end>

<exclusive-start id="39" timestamp="2019-06-14T22:40:36.667" intervalms="106.275">
  <response-info timems="0.032" idlems="0.032" threads="0" lastid="00000000011FB700" lastname="main" />
</exclusive-start>
<allocation-taxation id="40" taxation-threshold="3145728" timestamp="2019-06-14T22:40:36.667" intervalms="106.252" />
<cycle-start id="41" type="partial gc" contextid="0" timestamp="2019-06-14T22:40:36.667" intervalms="286.993" />
<gc-start id="42" type="partial gc" contextid="41" timestamp="2019-06-14T22:40:36.667">
  <mem-info id="43" free="0" total="8388608" percent="0">
    <mem type="eden" free="334176" total="7340032" percent="4" />
    <remembered-set count="224" freebytes="333952" totalbytes="334848" percent="99" regionsoverflowed="0" regionsstable="0" regionsrebuilding="0"/>
  </mem-info>
</gc-start>
<allocation-stats totalBytes="6285040" >
  <allocated-bytes non-tlh="267112" tlh="6017928" arrayletleaf="0"/>
  <largest-consumer threadName="main" threadId="00000000011FB700" bytes="3142856" />
</allocation-stats>
<gc-op id="44" type="mark" timems="2.410" contextid="41" timestamp="2019-06-14T22:40:36.670">
  <trace-info objectcount="19510" scancount="15498" scanbytes="517112" />
  <cardclean-info objects="820" bytes="36176" />
  <remembered-set-cleared processed="189" cleared="189" durationms="0.059" />
  <finalization candidates="50" enqueued="1" />
  <ownableSynchronizers candidates="17" cleared="0" />
  <references type="soft" candidates="358" cleared="0" enqueued="0" dynamicThreshold="12" maxThreshold="32" />
  <references type="weak" candidates="1240" cleared="153" enqueued="139" />
  <references type="phantom" candidates="41" cleared="4" enqueued="4" />
  <stringconstants candidates="4531" cleared="0"  />
  <warning details="Mark invoked due to insufficient free space for Copy-Forward" />
</gc-op>
<gc-op id="45" type="classunload" timems="0.002" contextid="41" timestamp="2019-06-14T22:40:36.670">
  <classunload-info classloadercandidates="10" classloadersunloaded="0" classesunloaded="0" anonymousclassesunloaded="0" quiescems="0.000" setupms="0.002" scanms="0.000" postms="0.000" />
</gc-op>
<gc-op id="46" type="sweep" timems="1.144" contextid="41" timestamp="2019-06-14T22:40:36.672" />
<gc-op id="47" type="compact" timems="4.122" contextid="41" timestamp="2019-06-14T22:40:36.676">
  <compact-info movecount="19456" movebytes="1348000" />
  <remembered-set-cleared processed="3209" cleared="3209" durationms="0.077" />
</gc-op>
<gc-end id="48" type="partial gc" contextid="41" durationms="9.134" usertimems="16.000" systemtimems="0.000" timestamp="2019-06-14T22:40:36.676" activeThreads="4">
  <mem-info id="49" free="5242880" total="8388608" percent="62">
    <mem type="eden" free="746280" total="2097152" percent="35" />
    <pending-finalizers system="1" default="0" reference="143" classloader="0" />
    <remembered-set count="2560" freebytes="324608" totalbytes="334848" percent="96" regionsoverflowed="0" regionsstable="0" regionsrebuilding="0"/>
  </mem-info>
</gc-end>
<cycle-end id="50" type="partial gc" contextid="41" timestamp="2019-06-14T22:40:36.677" />
  <attribute name="elasticGC enabled" value="1" />
  <attribute name= "numThreadsSpecified" value="4" />
  <attribute name="heapSize specified" value="0" />
  <attribute name="Current GC Util" value="197" />
  <attribute name= "Current Time Running" value="44262" />
  <attribute name ="GC Interval" value="0" />
  <attribute name="ProportionalT" value="88.500000" />
  <attribute name="ProportionalI" value="88.500000" />
  <attribute name="ProportionalH" value="88.500000" />
  <attribute name="Current Error" value="177.000000" />
  <attribute name="IntegralT" value="177.000000" />
  <attribute name="IntegralI" value="177.000000" />
  <attribute name="IntegralH" value="177.000000" />
  <attribute name="DerivativeT" value="177.000000" />
  <attribute name="DerivativeI" value="177.000000" />
  <attribute name="DerivativeH" value="177.000000" />
  <attribute name="Loop Time for DT" value="1.000000" />
  <attribute name="Output H" value="8388608"/>
  <attribute name="Output I" value="448"/>
  <attribute name="Output T" value="4"/>
  <attribute name="Target GC Util Change" value ="20.000000" />
  <attribute name="Current GC Util Change" value="197.000000"/>
  <attribute name="GC Util currently" value="197" />
  <attribute name="CPU Util currently" value="3362196349266" />
<exclusive-end id="51" timestamp="2019-06-14T22:40:36.677" durationms="10.024" />

<exclusive-start id="52" timestamp="2019-06-14T22:40:39.850" intervalms="3183.225">
  <response-info timems="0.026" idlems="0.026" threads="0" lastid="00000000011FB700" lastname="main" />
</exclusive-start>
<allocation-taxation id="53" taxation-threshold="2097152" timestamp="2019-06-14T22:40:39.850" intervalms="3183.170" />
<gc-start id="54" type="global mark phase" contextid="30" timestamp="2019-06-14T22:40:39.850">
  <mem-info id="55" free="3145728" total="8388608" percent="37">
    <remembered-set count="2304" freebytes="325632" totalbytes="334848" percent="97" regionsoverflowed="0" regionsstable="0" regionsrebuilding="0"/>
  </mem-info>
</gc-start>
<gc-op id="56" type="mark increment" timems="3.752" contextid="30" timestamp="2019-06-14T22:40:39.854">
  <trace-info objectcount="22547" scancount="18240" scanbytes="620992" />
  <cardclean-info objects="860" bytes="38244" />
  <finalization candidates="62" enqueued="0" />
  <ownableSynchronizers candidates="17" cleared="0" />
  <references type="soft" candidates="585" cleared="0" enqueued="0" dynamicThreshold="20" maxThreshold="32" />
  <references type="weak" candidates="1419" cleared="12" enqueued="12" />
  <references type="phantom" candidates="97" cleared="2" enqueued="2" />
  <stringconstants candidates="4884" cleared="0"  />
</gc-op>
<gc-op id="57" type="classunload" timems="0.003" contextid="30" timestamp="2019-06-14T22:40:39.854">
  <classunload-info classloadercandidates="10" classloadersunloaded="0" classesunloaded="0" anonymousclassesunloaded="0" quiescems="0.000" setupms="0.003" scanms="0.000" postms="0.000" />
</gc-op>
<gc-end id="58" type="global mark phase" contextid="30" durationms="4.296" usertimems="8.000" systemtimems="0.000" timestamp="2019-06-14T22:40:39.855" activeThreads="4">
  <mem-info id="59" free="3145728" total="8388608" percent="37">
    <pending-finalizers system="0" default="0" reference="14" classloader="0" />
    <remembered-set count="2304" freebytes="325632" totalbytes="334848" percent="97" regionsoverflowed="0" regionsstable="0" regionsrebuilding="0"/>
  </mem-info>
</gc-end>
<cycle-end id="60" type="global mark phase" contextid="30" timestamp="2019-06-14T22:40:39.855" />
  <attribute name="elasticGC enabled" value="1" />
  <attribute name= "numThreadsSpecified" value="4" />
  <attribute name="heapSize specified" value="0" />
  <attribute name="Current GC Util" value="201" />
  <attribute name= "Current Time Running" value="47443" />
  <attribute name ="GC Interval" value="0" />
  <attribute name="ProportionalT" value="90.500000" />
  <attribute name="ProportionalI" value="90.500000" />
  <attribute name="ProportionalH" value="90.500000" />
  <attribute name="Current Error" value="181.000000" />
  <attribute name="IntegralT" value="181.000000" />
  <attribute name="IntegralI" value="181.000000" />
  <attribute name="IntegralH" value="181.000000" />
  <attribute name="DerivativeT" value="60.000000" />
  <attribute name="DerivativeI" value="60.000000" />
  <attribute name="DerivativeH" value="60.000000" />
  <attribute name="Loop Time for DT" value="1.000000" />
  <attribute name="Output H" value="8388608"/>
  <attribute name="Output I" value="336"/>
  <attribute name="Output T" value="4"/>
  <attribute name="Target GC Util Change" value ="20.000000" />
  <attribute name="Current GC Util Change" value="201.000000"/>
  <attribute name="GC Util currently" value="201" />
  <attribute name="CPU Util currently" value="3840965550490" />
<exclusive-end id="61" timestamp="2019-06-14T22:40:39.855" durationms="4.869" />

<exclusive-start id="62" timestamp="2019-06-14T22:40:39.903" intervalms="53.230">
  <response-info timems="0.060" idlems="0.060" threads="0" lastid="00000000011FB700" lastname="main" />
</exclusive-start>
<allocation-taxation id="63" taxation-threshold="2097152" timestamp="2019-06-14T22:40:39.903" intervalms="53.259" />
<cycle-start id="64" type="partial gc" contextid="0" timestamp="2019-06-14T22:40:39.903" intervalms="3236.408" />
<gc-start id="65" type="partial gc" contextid="64" timestamp="2019-06-14T22:40:39.904">
  <mem-info id="66" free="1048576" total="8388608" percent="12">
    <mem type="eden" free="0" total="4194304" percent="0" />
    <remembered-set count="2304" freebytes="325632" totalbytes="334848" percent="97" regionsoverflowed="0" regionsstable="0" regionsrebuilding="0"/>
  </mem-info>
</gc-start>
<allocation-stats totalBytes="4170888" >
  <allocated-bytes non-tlh="77192" tlh="4093696" arrayletleaf="0"/>
  <largest-consumer threadName="main" threadId="00000000011FB700" bytes="2077184" />
</allocation-stats>
<gc-op id="67" type="sweep" timems="0.799" contextid="64" timestamp="2019-06-14T22:40:39.905" />
<gc-op id="68" type="copy forward" timems="5.731" contextid="64" timestamp="2019-06-14T22:40:39.911">
  <memory-copied type="eden" objects="722" bytes="50112" bytesdiscarded="3215" />
  <memory-copied type="other" objects="20428" bytes="769016" bytesdiscarded="35137" />
  <memory-cardclean objects="621" bytes="32824" />
  <memory-traced type="eden" objects="1000" bytes="54616" />
  <memory-traced type="other" objects="0" bytes="0" />
  <regions eden="2" other="3" evacuated="4" marked="1" />
  <remembered-set-cleared processed="1513" cleared="1398" durationms="0.056" />
  <finalization candidates="43" enqueued="0" />
  <ownableSynchronizers candidates="1" cleared="0" />
  <references type="soft" candidates="562" cleared="0" enqueued="0" dynamicThreshold="12" maxThreshold="32" />
  <references type="weak" candidates="1206" cleared="0" enqueued="0" />
  <references type="phantom" candidates="10" cleared="0" enqueued="0" />
  <stringconstants candidates="5071" cleared="0"  />
  <heap-resize type="expand" space="default" amount="1048576" count="1" timems="0.253" reason="continue current collection" />
</gc-op>
<gc-op id="69" type="classunload" timems="0.002" contextid="64" timestamp="2019-06-14T22:40:39.912">
  <classunload-info classloadercandidates="10" classloadersunloaded="0" classesunloaded="0" anonymousclassesunloaded="0" quiescems="0.000" setupms="0.002" scanms="0.000" postms="0.000" />
</gc-op>
<gc-op id="70" type="compact" timems="1.200" contextid="64" timestamp="2019-06-14T22:40:39.913">
  <compact-info movecount="1392" movebytes="105048" />
  <remembered-set-cleared processed="4215" cleared="2080" durationms="0.056" />
</gc-op>
<gc-end id="71" type="partial gc" contextid="64" durationms="9.421" usertimems="20.000" systemtimems="0.000" timestamp="2019-06-14T22:40:39.913" activeThreads="4">
  <mem-info id="72" free="4194304" total="9437184" percent="44">
    <mem type="eden" free="1779440" total="2097152" percent="84" />
    <remembered-set count="3808" freebytes="361472" totalbytes="376704" percent="95" regionsoverflowed="0" regionsstable="0" regionsrebuilding="0"/>
  </mem-info>
</gc-end>
<cycle-end id="73" type="partial gc" contextid="64" timestamp="2019-06-14T22:40:39.913" />
  <attribute name="elasticGC enabled" value="1" />
  <attribute name= "numThreadsSpecified" value="4" />
  <attribute name="heapSize specified" value="0" />
  <attribute name="Current GC Util" value="198" />
  <attribute name= "Current Time Running" value="47502" />
  <attribute name ="GC Interval" value="0" />
  <attribute name="ProportionalT" value="89.000000" />
  <attribute name="ProportionalI" value="89.000000" />
  <attribute name="ProportionalH" value="89.000000" />
  <attribute name="Current Error" value="178.000000" />
  <attribute name="IntegralT" value="1068.000000" />
  <attribute name="IntegralI" value="1068.000000" />
  <attribute name="IntegralH" value="1068.000000" />
  <attribute name="DerivativeT" value="17.333333" />
  <attribute name="DerivativeI" value="17.333333" />
  <attribute name="DerivativeH" value="17.333333" />
  <attribute name="Loop Time for DT" value="6.000000" />
  <attribute name="Output H" value="8388608"/>
  <attribute name="Output I" value="1176"/>
  <attribute name="Output T" value="4"/>
  <attribute name="Target GC Util Change" value ="20.000000" />
  <attribute name="Current GC Util Change" value="198.000000"/>
  <attribute name="GC Util currently" value="198" />
  <attribute name="CPU Util currently" value="770266171717" />
<exclusive-end id="74" timestamp="2019-06-14T22:40:39.913" durationms="10.191" />

<exclusive-start id="75" timestamp="2019-06-14T22:40:39.980" intervalms="77.102">
  <response-info timems="0.068" idlems="0.068" threads="0" lastid="00000000011FB700" lastname="main" />
</exclusive-start>
<allocation-taxation id="76" taxation-threshold="2097152" timestamp="2019-06-14T22:40:39.980" intervalms="77.087" />
<cycle-start id="77" type="global mark phase" contextid="0" timestamp="2019-06-14T22:40:39.981" intervalms="3419.463" />
<gc-start id="78" type="global mark phase" contextid="77" timestamp="2019-06-14T22:40:39.981">
  <mem-info id="79" free="2097152" total="9437184" percent="22">
    <remembered-set count="3808" freebytes="361472" totalbytes="376704" percent="95" regionsoverflowed="0" regionsstable="0" regionsrebuilding="0"/>
  </mem-info>
</gc-start>
<gc-op id="80" type="mark increment" timems="0.955" contextid="77" timestamp="2019-06-14T22:40:39.982">
  <trace-info objectcount="125" scancount="0" scanbytes="0" />
</gc-op>
<gc-end id="81" type="global mark phase" contextid="77" durationms="1.086" usertimems="0.000" systemtimems="0.000" timestamp="2019-06-14T22:40:39.982" activeThreads="4">
  <mem-info id="82" free="2097152" total="9437184" percent="22">
    <remembered-set count="3808" freebytes="361472" totalbytes="376704" percent="95" regionsoverflowed="0" regionsstable="0" regionsrebuilding="0"/>
  </mem-info>
</gc-end>
<concurrent-start id="83" type="GMP work packet processing" contextid="77" timestamp="2019-06-14T22:40:39.982">
  <concurrent-mark-start scanTarget="18446744073709551615" />
</concurrent-start>
<exclusive-end id="84" timestamp="2019-06-14T22:40:39.982" durationms="1.521" />

<concurrent-end id="85" type="GMP work packet processing" contextid="77" timestamp="2019-06-14T22:40:39.985">
  <concurrent-mark-end bytesScanned="1174724" reasonForTermination="Completed all work in GC phase" />
</concurrent-end>

<exclusive-start id="86" timestamp="2019-06-14T22:40:40.037" intervalms="57.006">
  <response-info timems="0.051" idlems="0.051" threads="0" lastid="00000000011FB700" lastname="main" />
</exclusive-start>
<allocation-taxation id="87" taxation-threshold="2097152" timestamp="2019-06-14T22:40:40.037" intervalms="56.991" />
<cycle-start id="88" type="partial gc" contextid="0" timestamp="2019-06-14T22:40:40.038" intervalms="134.038" />
<gc-start id="89" type="partial gc" contextid="88" timestamp="2019-06-14T22:40:40.038">
  <mem-info id="90" free="0" total="9437184" percent="0">
    <mem type="eden" free="941440" total="5242880" percent="17" />
    <remembered-set count="3808" freebytes="361472" totalbytes="376704" percent="95" regionsoverflowed="0" regionsstable="0" regionsrebuilding="0"/>
  </mem-info>
</gc-start>
<allocation-stats totalBytes="4180120" >
  <allocated-bytes non-tlh="125960" tlh="4054160" arrayletleaf="0"/>
  <largest-consumer threadName="main" threadId="00000000011FB700" bytes="2034656" />
</allocation-stats>
<gc-op id="91" type="mark" timems="1.693" contextid="88" timestamp="2019-06-14T22:40:40.040">
  <trace-info objectcount="15974" scancount="13773" scanbytes="499188" />
  <cardclean-info objects="1538" bytes="73260" />
  <remembered-set-cleared processed="2200" cleared="1067" durationms="0.069" />
  <finalization candidates="14" enqueued="0" />
  <ownableSynchronizers candidates="3" cleared="0" />
  <references type="soft" candidates="441" cleared="0" enqueued="0" dynamicThreshold="7" maxThreshold="32" />
  <references type="weak" candidates="2169" cleared="461" enqueued="312" />
  <references type="phantom" candidates="4" cleared="2" enqueued="2" />
  <stringconstants candidates="6049" cleared="0"  />
  <warning details="Mark invoked due to insufficient free space for Copy-Forward" />
</gc-op>
<gc-op id="92" type="classunload" timems="0.003" contextid="88" timestamp="2019-06-14T22:40:40.040">
  <classunload-info classloadercandidates="11" classloadersunloaded="0" classesunloaded="0" anonymousclassesunloaded="0" quiescems="0.000" setupms="0.003" scanms="0.000" postms="0.000" />
</gc-op>
<gc-op id="93" type="sweep" timems="0.312" contextid="88" timestamp="2019-06-14T22:40:40.040" />
<gc-op id="94" type="compact" timems="2.116" contextid="88" timestamp="2019-06-14T22:40:40.043">
  <compact-info movecount="15943" movebytes="723664" />
  <remembered-set-cleared processed="11171" cleared="8870" durationms="0.071" />
</gc-op>
<gc-end id="95" type="partial gc" contextid="88" durationms="5.235" usertimems="8.000" systemtimems="0.000" timestamp="2019-06-14T22:40:40.043" activeThreads="4">
  <mem-info id="96" free="4194304" total="9437184" percent="44">
    <mem type="eden" free="1371344" total="2097152" percent="65" />
    <pending-finalizers system="0" default="0" reference="314" classloader="0" />
    <remembered-set count="5344" freebytes="355328" totalbytes="376704" percent="94" regionsoverflowed="0" regionsstable="0" regionsrebuilding="0"/>
  </mem-info>
</gc-end>
<cycle-end id="97" type="partial gc" contextid="88" timestamp="2019-06-14T22:40:40.043" />
  <attribute name="elasticGC enabled" value="1" />
  <attribute name= "numThreadsSpecified" value="4" />
  <attribute name="heapSize specified" value="0" />
  <attribute name="Current GC Util" value="34" />
  <attribute name= "Current Time Running" value="47631" />
  <attribute name ="GC Interval" value="0" />
  <attribute name="ProportionalT" value="7.000000" />
  <attribute name="ProportionalI" value="7.000000" />
  <attribute name="ProportionalH" value="7.000000" />
  <attribute name="Current Error" value="14.000000" />
  <attribute name="IntegralT" value="14.000000" />
  <attribute name="IntegralI" value="14.000000" />
  <attribute name="IntegralH" value="14.000000" />
  <attribute name="DerivativeT" value="-131.000000" />
  <attribute name="DerivativeI" value="-131.000000" />
  <attribute name="DerivativeH" value="-131.000000" />
  <attribute name="Loop Time for DT" value="1.000000" />
  <attribute name="Output H" value="2091843584"/>
  <attribute name="Output I" value="200"/>
  <attribute name="Output T" value="4"/>
  <attribute name="Target GC Util Change" value ="20.000000" />
  <attribute name="Current GC Util Change" value="34.000000"/>
  <attribute name="GC Util currently" value="34" />
  <attribute name="CPU Util currently" value="8895261417757" />
<exclusive-end id="98" timestamp="2019-06-14T22:40:40.043" durationms="5.980" />

<exclusive-start id="99" timestamp="2019-06-14T22:40:40.096" intervalms="58.552">
  <response-info timems="0.054" idlems="0.054" threads="0" lastid="00000000011FB700" lastname="main" />
</exclusive-start>
<allocation-taxation id="100" taxation-threshold="2097152" timestamp="2019-06-14T22:40:40.096" intervalms="58.585" />
<gc-start id="101" type="global mark phase" contextid="77" timestamp="2019-06-14T22:40:40.096">
  <mem-info id="102" free="2097152" total="9437184" percent="22">
    <remembered-set count="4960" freebytes="356864" totalbytes="376704" percent="94" regionsoverflowed="0" regionsstable="0" regionsrebuilding="0"/>
  </mem-info>
</gc-start>
<gc-op id="103" type="mark increment" timems="2.376" contextid="77" timestamp="2019-06-14T22:40:40.099">
  <trace-info objectcount="18056" scancount="15609" scanbytes="569076" />
  <cardclean-info objects="2426" bytes="120696" />
  <finalization candidates="80" enqueued="0" />
  <ownableSynchronizers candidates="21" cleared="0" />
  <references type="soft" candidates="968" cleared="0" enqueued="0" dynamicThreshold="14" maxThreshold="32" />
  <references type="weak" candidates="3084" cleared="123" enqueued="87" />
  <references type="phantom" candidates="103" cleared="2" enqueued="2" />
  <stringconstants candidates="6211" cleared="0"  />
</gc-op>
<gc-op id="104" type="classunload" timems="0.005" contextid="77" timestamp="2019-06-14T22:40:40.099">
  <classunload-info classloadercandidates="11" classloadersunloaded="0" classesunloaded="0" anonymousclassesunloaded="0" quiescems="0.000" setupms="0.005" scanms="0.000" postms="0.000" />
</gc-op>
<gc-end id="105" type="global mark phase" contextid="77" durationms="2.708" usertimems="4.000" systemtimems="0.000" timestamp="2019-06-14T22:40:40.099" activeThreads="4">
  <mem-info id="106" free="2097152" total="9437184" percent="22">
    <pending-finalizers system="0" default="0" reference="89" classloader="0" />
    <remembered-set count="4960" freebytes="356864" totalbytes="376704" percent="94" regionsoverflowed="0" regionsstable="0" regionsrebuilding="0"/>
  </mem-info>
</gc-end>
<cycle-end id="107" type="global mark phase" contextid="77" timestamp="2019-06-14T22:40:40.099" />
  <attribute name="elasticGC enabled" value="1" />
  <attribute name= "numThreadsSpecified" value="4" />
  <attribute name="heapSize specified" value="0" />
  <attribute name="Current GC Util" value="0" />
  <attribute name= "Current Time Running" value="47688" />
  <attribute name ="GC Interval" value="0" />
  <attribute name="ProportionalT" value="-10.000000" />
  <attribute name="ProportionalI" value="-10.000000" />
  <attribute name="ProportionalH" value="-10.000000" />
  <attribute name="Current Error" value="-20.000000" />
  <attribute name="IntegralT" value="-20.000000" />
  <attribute name="IntegralI" value="-20.000000" />
  <attribute name="IntegralH" value="-20.000000" />
  <attribute name="DerivativeT" value="-151.000000" />
  <attribute name="DerivativeI" value="-151.000000" />
  <attribute name="DerivativeH" value="-151.000000" />
  <attribute name="Loop Time for DT" value="1.000000" />
  <attribute name="Output H" value="2091843584"/>
  <attribute name="Output I" value="200"/>
  <attribute name="Output T" value="4"/>
  <attribute name="Target GC Util Change" value ="20.000000" />
  <attribute name="Current GC Util Change" value="0.000000"/>
  <attribute name="GC Util currently" value="0" />
  <attribute name="CPU Util currently" value="3812495465564" />
<exclusive-end id="108" timestamp="2019-06-14T22:40:40.099" durationms="3.129" />

<exclusive-start id="109" timestamp="2019-06-14T22:40:40.132" intervalms="35.723">
  <response-info timems="0.053" idlems="0.053" threads="0" lastid="00000000011FB700" lastname="main" />
</exclusive-start>
<allocation-taxation id="110" taxation-threshold="2097152" timestamp="2019-06-14T22:40:40.132" intervalms="35.719" />
<cycle-start id="111" type="partial gc" contextid="0" timestamp="2019-06-14T22:40:40.132" intervalms="94.343" />
<gc-start id="112" type="partial gc" contextid="111" timestamp="2019-06-14T22:40:40.132">
  <mem-info id="113" free="0" total="9437184" percent="0">
    <mem type="eden" free="0" total="4194304" percent="0" />
    <remembered-set count="4960" freebytes="356864" totalbytes="376704" percent="94" regionsoverflowed="0" regionsstable="0" regionsrebuilding="0"/>
  </mem-info>
</gc-start>
<allocation-stats totalBytes="4138976" >
  <allocated-bytes non-tlh="1415440" tlh="2723536" arrayletleaf="0"/>
  <largest-consumer threadName="main" threadId="00000000011FB700" bytes="2061024" />
</allocation-stats>
<gc-op id="114" type="sweep" timems="0.386" contextid="111" timestamp="2019-06-14T22:40:40.133" />
<gc-op id="115" type="mark" timems="1.699" contextid="111" timestamp="2019-06-14T22:40:40.135">
  <trace-info objectcount="13456" scancount="11387" scanbytes="423428" />
  <cardclean-info objects="1157" bytes="68688" />
  <remembered-set-cleared processed="3812" cleared="1887" durationms="0.077" />
  <finalization candidates="15" enqueued="0" />
  <ownableSynchronizers candidates="4" cleared="0" />
  <references type="soft" candidates="338" cleared="0" enqueued="0" dynamicThreshold="7" maxThreshold="32" />
  <references type="weak" candidates="1530" cleared="1" enqueued="1" />
  <references type="phantom" candidates="5" cleared="0" enqueued="0" />
  <stringconstants candidates="6429" cleared="0"  />
  <warning details="Mark invoked due to insufficient free space for Copy-Forward" />
</gc-op>
<gc-op id="116" type="classunload" timems="0.003" contextid="111" timestamp="2019-06-14T22:40:40.135">
  <classunload-info classloadercandidates="11" classloadersunloaded="0" classesunloaded="0" anonymousclassesunloaded="0" quiescems="0.000" setupms="0.003" scanms="0.000" postms="0.000" />
</gc-op>
<gc-op id="117" type="sweep" timems="0.350" contextid="111" timestamp="2019-06-14T22:40:40.135" />
<gc-op id="118" type="compact" timems="2.326" contextid="111" timestamp="2019-06-14T22:40:40.138">
  <compact-info movecount="13237" movebytes="1395624" />
  <remembered-set-cleared processed="11920" cleared="8057" durationms="0.077" />
</gc-op>
<heap-resize id="119" type="expand" space="default" amount="2097152" count="1" timems="0.060" reason="insufficient free space following gc" timestamp="2019-06-14T22:40:40.138" />
<gc-end id="120" type="partial gc" contextid="111" durationms="6.331" usertimems="12.000" systemtimems="0.000" timestamp="2019-06-14T22:40:40.138" activeThreads="4">
  <mem-info id="121" free="5242880" total="11534336" percent="45">
    <mem type="eden" free="82928" total="1048576" percent="7" />
    <pending-finalizers system="0" default="0" reference="1" classloader="0" />
    <remembered-set count="5792" freebytes="437248" totalbytes="460416" percent="94" regionsoverflowed="0" regionsstable="0" regionsrebuilding="0"/>
  </mem-info>
</gc-end>
<cycle-end id="122" type="partial gc" contextid="111" timestamp="2019-06-14T22:40:40.139" />
  <attribute name="elasticGC enabled" value="1" />
  <attribute name= "numThreadsSpecified" value="4" />
  <attribute name="heapSize specified" value="0" />
  <attribute name="Current GC Util" value="63" />
  <attribute name= "Current Time Running" value="47726" />
  <attribute name ="GC Interval" value="0" />
  <attribute name="ProportionalT" value="21.500000" />
  <attribute name="ProportionalI" value="21.500000" />
  <attribute name="ProportionalH" value="21.500000" />
  <attribute name="Current Error" value="43.000000" />
  <attribute name="IntegralT" value="0.000000" />
  <attribute name="IntegralI" value="0.000000" />
  <attribute name="IntegralH" value="0.000000" />
  <attribute name="DerivativeT" value="-inf" />
  <attribute name="DerivativeI" value="-inf" />
  <attribute name="DerivativeH" value="-inf" />
  <attribute name="Loop Time for DT" value="0.000000" />
  <attribute name="Output H" value="2091843584"/>
  <attribute name="Output I" value="200"/>
  <attribute name="Output T" value="4"/>
  <attribute name="Target GC Util Change" value ="20.000000" />
  <attribute name="Current GC Util Change" value="63.000000"/>
  <attribute name="GC Util currently" value="63" />
  <attribute name="CPU Util currently" value="8429729826121" />
<exclusive-end id="123" timestamp="2019-06-14T22:40:40.139" durationms="7.027" />

<exclusive-start id="124" timestamp="2019-06-14T22:40:40.213" intervalms="80.865">
  <response-info timems="0.028" idlems="0.028" threads="0" lastid="00000000011FB700" lastname="main" />
</exclusive-start>
<allocation-taxation id="125" taxation-threshold="2097152" timestamp="2019-06-14T22:40:40.213" intervalms="80.836" />
<cycle-start id="126" type="global mark phase" contextid="0" timestamp="2019-06-14T22:40:40.213" intervalms="232.099" />
<gc-start id="127" type="global mark phase" contextid="126" timestamp="2019-06-14T22:40:40.213">
  <mem-info id="128" free="3145728" total="11534336" percent="27">
    <remembered-set count="5792" freebytes="437248" totalbytes="460416" percent="94" regionsoverflowed="0" regionsstable="0" regionsrebuilding="0"/>
  </mem-info>
</gc-start>
<gc-op id="129" type="mark increment" timems="0.488" contextid="126" timestamp="2019-06-14T22:40:40.213">
  <trace-info objectcount="162" scancount="0" scanbytes="0" />
</gc-op>
<gc-end id="130" type="global mark phase" contextid="126" durationms="0.606" usertimems="4.000" systemtimems="0.000" timestamp="2019-06-14T22:40:40.213" activeThreads="1">
  <mem-info id="131" free="3145728" total="11534336" percent="27">
    <remembered-set count="5792" freebytes="437248" totalbytes="460416" percent="94" regionsoverflowed="0" regionsstable="0" regionsrebuilding="0"/>
  </mem-info>
</gc-end>
<concurrent-start id="132" type="GMP work packet processing" contextid="126" timestamp="2019-06-14T22:40:40.213">
  <concurrent-mark-start scanTarget="18446744073709551615" />
</concurrent-start>
<exclusive-end id="133" timestamp="2019-06-14T22:40:40.214" durationms="1.024" />

<concurrent-end id="134" type="GMP work packet processing" contextid="126" timestamp="2019-06-14T22:40:40.216">
  <concurrent-mark-end bytesScanned="1727428" reasonForTermination="Completed all work in GC phase" />
</concurrent-end>

<exclusive-start id="135" timestamp="2019-06-14T22:40:40.264" intervalms="51.099">
  <response-info timems="0.036" idlems="0.036" threads="0" lastid="00000000011FB700" lastname="main" />
</exclusive-start>
<allocation-taxation id="136" taxation-threshold="2097152" timestamp="2019-06-14T22:40:40.264" intervalms="51.097" />
<cycle-start id="137" type="partial gc" contextid="0" timestamp="2019-06-14T22:40:40.264" intervalms="131.902" />
<gc-start id="138" type="partial gc" contextid="137" timestamp="2019-06-14T22:40:40.264">
  <mem-info id="139" free="1048576" total="11534336" percent="9">
    <mem type="eden" free="0" total="4194304" percent="0" />
    <remembered-set count="5792" freebytes="437248" totalbytes="460416" percent="94" regionsoverflowed="0" regionsstable="0" regionsrebuilding="0"/>
  </mem-info>
</gc-start>
<allocation-stats totalBytes="4190472" >
  <allocated-bytes non-tlh="70480" tlh="4119992" arrayletleaf="0"/>
  <largest-consumer threadName="main" threadId="00000000011FB700" bytes="2094928" />
</allocation-stats>
<gc-op id="140" type="copy forward" timems="3.128" contextid="137" timestamp="2019-06-14T22:40:40.268">
  <memory-copied type="eden" objects="8513" bytes="377880" bytesdiscarded="0" />
  <memory-copied type="other" objects="3231" bytes="941528" bytesdiscarded="0" />
  <memory-cardclean objects="828" bytes="54432" />
  <regions eden="4" other="1" />
  <remembered-set-cleared processed="4302" cleared="666" durationms="0.083" />
  <finalization candidates="4" enqueued="0" />
  <ownableSynchronizers candidates="1" cleared="0" />
  <references type="soft" candidates="159" cleared="0" enqueued="0" dynamicThreshold="8" maxThreshold="32" />
  <references type="weak" candidates="534" cleared="0" enqueued="0" />
  <references type="phantom" candidates="4" cleared="0" enqueued="0" />
  <stringconstants candidates="7078" cleared="0"  />
  <heap-resize type="expand" space="default" amount="1048576" count="1" timems="0.051" reason="continue current collection" />
</gc-op>
<gc-op id="141" type="classunload" timems="0.003" contextid="137" timestamp="2019-06-14T22:40:40.268">
  <classunload-info classloadercandidates="11" classloadersunloaded="0" classesunloaded="0" anonymousclassesunloaded="0" quiescems="0.000" setupms="0.003" scanms="0.000" postms="0.000" />
</gc-op>
<gc-op id="142" type="compact" timems="2.075" contextid="137" timestamp="2019-06-14T22:40:40.270">
  <compact-info movecount="0" movebytes="0" />
  <remembered-set-cleared processed="9743" cleared="666" durationms="0.083" />
</gc-op>
<gc-end id="143" type="partial gc" contextid="137" durationms="6.320" usertimems="16.000" systemtimems="0.000" timestamp="2019-06-14T22:40:40.270" activeThreads="4">
  <mem-info id="144" free="5242880" total="12582912" percent="41">
    <mem type="eden" free="670368" total="1048576" percent="63" />
    <remembered-set count="6848" freebytes="474880" totalbytes="502272" percent="94" regionsoverflowed="0" regionsstable="0" regionsrebuilding="0"/>
  </mem-info>
</gc-end>
<cycle-end id="145" type="partial gc" contextid="137" timestamp="2019-06-14T22:40:40.270" />
  <attribute name="elasticGC enabled" value="1" />
  <attribute name= "numThreadsSpecified" value="4" />
  <attribute name="heapSize specified" value="0" />
  <attribute name="Current GC Util" value="0" />
  <attribute name= "Current Time Running" value="47858" />
  <attribute name ="GC Interval" value="0" />
  <attribute name="ProportionalT" value="-10.000000" />
  <attribute name="ProportionalI" value="-10.000000" />
  <attribute name="ProportionalH" value="-10.000000" />
  <attribute name="Current Error" value="-20.000000" />
  <attribute name="IntegralT" value="-60.000000" />
  <attribute name="IntegralI" value="-60.000000" />
  <attribute name="IntegralH" value="-60.000000" />
  <attribute name="DerivativeT" value="-61.666667" />
  <attribute name="DerivativeI" value="-61.666667" />
  <attribute name="DerivativeH" value="-61.666667" />
  <attribute name="Loop Time for DT" value="3.000000" />
  <attribute name="Output H" value="2091843584"/>
  <attribute name="Output I" value="200"/>
  <attribute name="Output T" value="4"/>
  <attribute name="Target GC Util Change" value ="20.000000" />
  <attribute name="Current GC Util Change" value="0.000000"/>
  <attribute name="GC Util currently" value="0" />
  <attribute name="CPU Util currently" value="1328492019959" />
<exclusive-end id="146" timestamp="2019-06-14T22:40:40.271" durationms="6.972" />

<exclusive-start id="147" timestamp="2019-06-14T22:40:40.318" intervalms="54.397">
  <response-info timems="0.036" idlems="0.036" threads="0" lastid="00000000011FB700" lastname="main" />
</exclusive-start>
<allocation-taxation id="148" taxation-threshold="2097152" timestamp="2019-06-14T22:40:40.318" intervalms="54.399" />
<gc-start id="149" type="global mark phase" contextid="126" timestamp="2019-06-14T22:40:40.318">
  <mem-info id="150" free="3145728" total="12582912" percent="25">
    <remembered-set count="6848" freebytes="474880" totalbytes="502272" percent="94" regionsoverflowed="0" regionsstable="0" regionsrebuilding="0"/>
  </mem-info>
</gc-start>
<gc-op id="151" type="mark increment" timems="3.507" contextid="126" timestamp="2019-06-14T22:40:40.322">
  <trace-info objectcount="3625" scancount="3136" scanbytes="119068" />
  <cardclean-info objects="2393" bytes="116172" />
  <finalization candidates="80" enqueued="0" />
  <ownableSynchronizers candidates="21" cleared="0" />
  <references type="soft" candidates="1022" cleared="0" enqueued="0" dynamicThreshold="13" maxThreshold="32" />
  <references type="weak" candidates="3551" cleared="2" enqueued="2" />
  <references type="phantom" candidates="101" cleared="0" enqueued="0" />
  <stringconstants candidates="7231" cleared="0"  />
</gc-op>
<gc-op id="152" type="classunload" timems="0.004" contextid="126" timestamp="2019-06-14T22:40:40.322">
  <classunload-info classloadercandidates="11" classloadersunloaded="0" classesunloaded="0" anonymousclassesunloaded="0" quiescems="0.000" setupms="0.004" scanms="0.000" postms="0.000" />
</gc-op>
<gc-end id="153" type="global mark phase" contextid="126" durationms="3.973" usertimems="8.000" systemtimems="0.000" timestamp="2019-06-14T22:40:40.322" activeThreads="4">
  <mem-info id="154" free="3145728" total="12582912" percent="25">
    <pending-finalizers system="0" default="0" reference="2" classloader="0" />
    <remembered-set count="6848" freebytes="474880" totalbytes="502272" percent="94" regionsoverflowed="0" regionsstable="0" regionsrebuilding="0"/>
  </mem-info>
</gc-end>
<cycle-end id="155" type="global mark phase" contextid="126" timestamp="2019-06-14T22:40:40.322" />
  <attribute name="elasticGC enabled" value="1" />
  <attribute name= "numThreadsSpecified" value="4" />
  <attribute name="heapSize specified" value="0" />
  <attribute name="Current GC Util" value="165" />
  <attribute name= "Current Time Running" value="47910" />
  <attribute name ="GC Interval" value="0" />
  <attribute name="ProportionalT" value="72.500000" />
  <attribute name="ProportionalI" value="72.500000" />
  <attribute name="ProportionalH" value="72.500000" />
  <attribute name="Current Error" value="145.000000" />
  <attribute name="IntegralT" value="0.000000" />
  <attribute name="IntegralI" value="0.000000" />
  <attribute name="IntegralH" value="0.000000" />
  <attribute name="DerivativeT" value="-inf" />
  <attribute name="DerivativeI" value="-inf" />
  <attribute name="DerivativeH" value="-inf" />
  <attribute name="Loop Time for DT" value="0.000000" />
  <attribute name="Output H" value="2091843584"/>
  <attribute name="Output I" value="200"/>
  <attribute name="Output T" value="4"/>
  <attribute name="Target GC Util Change" value ="20.000000" />
  <attribute name="Current GC Util Change" value="165.000000"/>
  <attribute name="GC Util currently" value="165" />
  <attribute name="CPU Util currently" value="8093588069875" />
<exclusive-end id="156" timestamp="2019-06-14T22:40:40.322" durationms="4.446" />

<exclusive-start id="157" timestamp="2019-06-14T22:40:40.365" intervalms="46.517">
  <response-info timems="0.033" idlems="0.033" threads="0" lastid="00000000011FB700" lastname="main" />
</exclusive-start>
<allocation-taxation id="158" taxation-threshold="2097152" timestamp="2019-06-14T22:40:40.365" intervalms="46.517" />
<cycle-start id="159" type="partial gc" contextid="0" timestamp="2019-06-14T22:40:40.365" intervalms="100.917" />
<gc-start id="160" type="partial gc" contextid="159" timestamp="2019-06-14T22:40:40.365">
  <mem-info id="161" free="1048576" total="12582912" percent="8">
    <mem type="eden" free="0" total="4194304" percent="0" />
    <remembered-set count="6848" freebytes="474880" totalbytes="502272" percent="94" regionsoverflowed="0" regionsstable="0" regionsrebuilding="0"/>
  </mem-info>
</gc-start>
<allocation-stats totalBytes="4158056" >
  <allocated-bytes non-tlh="73152" tlh="4084904" arrayletleaf="0"/>
  <largest-consumer threadName="main" threadId="00000000011FB700" bytes="2090536" />
</allocation-stats>
<gc-op id="162" type="sweep" timems="0.936" contextid="159" timestamp="2019-06-14T22:40:40.366" />
<gc-op id="163" type="copy forward" timems="2.800" contextid="159" timestamp="2019-06-14T22:40:40.370">
  <memory-copied type="eden" objects="995" bytes="38104" bytesdiscarded="0" />
  <memory-copied type="other" objects="10360" bytes="452056" bytesdiscarded="0" />
  <memory-cardclean objects="593" bytes="28648" />
  <memory-traced type="eden" objects="941" bytes="57536" />
  <memory-traced type="other" objects="0" bytes="0" />
  <regions eden="2" other="3" evacuated="4" marked="1" />
  <remembered-set-cleared processed="5415" cleared="1215" durationms="0.091" />
  <references type="soft" candidates="54" cleared="0" enqueued="0" dynamicThreshold="8" maxThreshold="32" />
  <references type="weak" candidates="772" cleared="0" enqueued="0" />
  <stringconstants candidates="7366" cleared="0"  />
  <heap-resize type="expand" space="default" amount="1048576" count="1" timems="0.057" reason="continue current collection" />
</gc-op>
<gc-op id="164" type="classunload" timems="0.003" contextid="159" timestamp="2019-06-14T22:40:40.370">
  <classunload-info classloadercandidates="11" classloadersunloaded="0" classesunloaded="0" anonymousclassesunloaded="0" quiescems="0.000" setupms="0.002" scanms="0.000" postms="0.000" />
</gc-op>
<gc-op id="165" type="sweep" timems="1.135" contextid="159" timestamp="2019-06-14T22:40:40.371" />
<gc-op id="166" type="compact" timems="2.436" contextid="159" timestamp="2019-06-14T22:40:40.374">
  <compact-info movecount="1166" movebytes="92256" />
  <remembered-set-cleared processed="12256" cleared="2075" durationms="0.185" />
</gc-op>
<heap-resize id="167" type="expand" space="default" amount="2097152" count="1" timems="0.057" reason="insufficient free space following gc" timestamp="2019-06-14T22:40:40.374" />
<gc-end id="168" type="partial gc" contextid="159" durationms="9.093" usertimems="16.000" systemtimems="0.000" timestamp="2019-06-14T22:40:40.374" activeThreads="4">
  <mem-info id="169" free="6291456" total="15728640" percent="40">
    <mem type="eden" free="1882568" total="2097152" percent="89" />
    <remembered-set count="7968" freebytes="595968" totalbytes="627840" percent="94" regionsoverflowed="0" regionsstable="0" regionsrebuilding="0"/>
  </mem-info>
</gc-end>
<cycle-end id="170" type="partial gc" contextid="159" timestamp="2019-06-14T22:40:40.374" />
  <attribute name="elasticGC enabled" value="1" />
  <attribute name= "numThreadsSpecified" value="4" />
  <attribute name="heapSize specified" value="0" />
  <attribute name="Current GC Util" value="208" />
  <attribute name= "Current Time Running" value="47961" />
  <attribute name ="GC Interval" value="0" />
  <attribute name="ProportionalT" value="94.000000" />
  <attribute name="ProportionalI" value="94.000000" />
  <attribute name="ProportionalH" value="94.000000" />
  <attribute name="Current Error" value="188.000000" />
  <attribute name="IntegralT" value="188.000000" />
  <attribute name="IntegralI" value="188.000000" />
  <attribute name="IntegralH" value="188.000000" />
  <attribute name="DerivativeT" value="188.000000" />
  <attribute name="DerivativeI" value="188.000000" />
  <attribute name="DerivativeH" value="188.000000" />
  <attribute name="Loop Time for DT" value="1.000000" />
  <attribute name="Output H" value="8388608"/>
  <attribute name="Output I" value="472"/>
  <attribute name="Output T" value="4"/>
  <attribute name="Target GC Util Change" value ="20.000000" />
  <attribute name="Current GC Util Change" value="208.000000"/>
  <attribute name="GC Util currently" value="208" />
  <attribute name="CPU Util currently" value="3463701150588" />
<exclusive-end id="171" timestamp="2019-06-14T22:40:40.374" durationms="9.830" />

<exclusive-start id="172" timestamp="2019-06-14T22:40:40.463" intervalms="98.318">
  <response-info timems="0.036" idlems="0.036" threads="0" lastid="00000000011FB700" lastname="main" />
</exclusive-start>
<allocation-taxation id="173" taxation-threshold="6291456" timestamp="2019-06-14T22:40:40.463" intervalms="98.314" />
<cycle-start id="174" type="partial gc" contextid="0" timestamp="2019-06-14T22:40:40.463" intervalms="98.312" />
<gc-start id="175" type="partial gc" contextid="174" timestamp="2019-06-14T22:40:40.463">
  <mem-info id="176" free="0" total="15728640" percent="0">
    <mem type="eden" free="952736" total="7340032" percent="12" />
    <remembered-set count="7968" freebytes="595968" totalbytes="627840" percent="94" regionsoverflowed="0" regionsstable="0" regionsrebuilding="0"/>
  </mem-info>
</gc-start>
<allocation-stats totalBytes="6261648" >
  <allocated-bytes non-tlh="34048" tlh="6227600" arrayletleaf="0"/>
  <largest-consumer threadName="main" threadId="00000000011FB700" bytes="6261648" />
</allocation-stats>
<gc-op id="177" type="mark" timems="2.138" contextid="174" timestamp="2019-06-14T22:40:40.466">
  <trace-info objectcount="12970" scancount="11449" scanbytes="425756" />
  <cardclean-info objects="3102" bytes="153704" />
  <remembered-set-cleared processed="6367" cleared="1403" durationms="0.117" />
  <references type="soft" candidates="2" cleared="0" enqueued="0" dynamicThreshold="12" maxThreshold="32" />
  <references type="weak" candidates="597" cleared="2" enqueued="2" />
  <references type="phantom" candidates="1" cleared="0" enqueued="0" />
  <stringconstants candidates="7574" cleared="0"  />
  <warning details="Mark invoked due to insufficient free space for Copy-Forward" />
</gc-op>
<gc-op id="178" type="classunload" timems="0.003" contextid="174" timestamp="2019-06-14T22:40:40.466">
  <classunload-info classloadercandidates="11" classloadersunloaded="0" classesunloaded="0" anonymousclassesunloaded="0" quiescems="0.000" setupms="0.003" scanms="0.000" postms="0.000" />
</gc-op>
<gc-op id="179" type="sweep" timems="1.102" contextid="174" timestamp="2019-06-14T22:40:40.468" />
<gc-op id="180" type="compact" timems="4.282" contextid="174" timestamp="2019-06-14T22:40:40.472">
  <compact-info movecount="12696" movebytes="575856" />
  <remembered-set-cleared processed="16623" cleared="6676" durationms="0.117" />
</gc-op>
<heap-resize id="181" type="expand" space="default" amount="1048576" count="1" timems="0.053" reason="insufficient free space following gc" timestamp="2019-06-14T22:40:40.472" />
<gc-end id="182" type="partial gc" contextid="174" durationms="9.204" usertimems="16.000" systemtimems="0.000" timestamp="2019-06-14T22:40:40.472" activeThreads="4">
  <mem-info id="183" free="7340032" total="16777216" percent="43">
    <mem type="eden" free="1509120" total="2097152" percent="71" />
    <pending-finalizers system="0" default="0" reference="2" classloader="0" />
    <remembered-set count="9504" freebytes="631680" totalbytes="669696" percent="94" regionsoverflowed="0" regionsstable="0" regionsrebuilding="0"/>
  </mem-info>
</gc-end>
<cycle-end id="184" type="partial gc" contextid="174" timestamp="2019-06-14T22:40:40.473" />
  <attribute name="elasticGC enabled" value="1" />
  <attribute name= "numThreadsSpecified" value="4" />
  <attribute name="heapSize specified" value="0" />
  <attribute name="Current GC Util" value="209" />
  <attribute name= "Current Time Running" value="48058" />
  <attribute name ="GC Interval" value="0" />
  <attribute name="ProportionalT" value="94.500000" />
  <attribute name="ProportionalI" value="94.500000" />
  <attribute name="ProportionalH" value="94.500000" />
  <attribute name="Current Error" value="189.000000" />
  <attribute name="IntegralT" value="189.000000" />
  <attribute name="IntegralI" value="189.000000" />
  <attribute name="IntegralH" value="189.000000" />
  <attribute name="DerivativeT" value="189.000000" />
  <attribute name="DerivativeI" value="189.000000" />
  <attribute name="DerivativeH" value="189.000000" />
  <attribute name="Loop Time for DT" value="1.000000" />
  <attribute name="Output H" value="8388608"/>
  <attribute name="Output I" value="472"/>
  <attribute name="Output T" value="4"/>
  <attribute name="Target GC Util Change" value ="20.000000" />
  <attribute name="Current GC Util Change" value="209.000000"/>
  <attribute name="GC Util currently" value="209" />
  <attribute name="CPU Util currently" value="3490322258980" />
<exclusive-end id="185" timestamp="2019-06-14T22:40:40.473" durationms="9.880" />

<exclusive-start id="186" timestamp="2019-06-14T22:40:40.601" intervalms="138.630">
  <response-info timems="0.030" idlems="0.030" threads="0" lastid="00000000011FB700" lastname="main" />
</exclusive-start>
<allocation-taxation id="187" taxation-threshold="7340032" timestamp="2019-06-14T22:40:40.602" intervalms="138.714" />
<cycle-start id="188" type="partial gc" contextid="0" timestamp="2019-06-14T22:40:40.602" intervalms="138.763" />
<gc-start id="189" type="partial gc" contextid="188" timestamp="2019-06-14T22:40:40.602">
  <mem-info id="190" free="0" total="16777216" percent="0">
    <mem type="eden" free="0" total="7340032" percent="0" />
    <remembered-set count="9376" freebytes="632192" totalbytes="669696" percent="94" regionsoverflowed="0" regionsstable="0" regionsrebuilding="0"/>
  </mem-info>
</gc-start>
<allocation-stats totalBytes="7337056" >
  <allocated-bytes non-tlh="227928" tlh="7109128" arrayletleaf="0"/>
  <largest-consumer threadName="main" threadId="00000000011FB700" bytes="7337056" />
</allocation-stats>
<gc-op id="191" type="mark" timems="2.555" contextid="188" timestamp="2019-06-14T22:40:40.605">
  <trace-info objectcount="18321" scancount="16273" scanbytes="686684" />
  <cardclean-info objects="2561" bytes="138376" />
  <remembered-set-cleared processed="7787" cleared="1843" durationms="0.131" />
  <references type="soft" candidates="73" cleared="0" enqueued="0" dynamicThreshold="14" maxThreshold="32" />
  <references type="weak" candidates="267" cleared="3" enqueued="3" />
  <references type="phantom" candidates="1" cleared="0" enqueued="0" />
  <stringconstants candidates="7809" cleared="0"  />
  <warning details="Mark invoked due to insufficient free space for Copy-Forward" />
</gc-op>
<gc-op id="192" type="classunload" timems="0.003" contextid="188" timestamp="2019-06-14T22:40:40.605">
  <classunload-info classloadercandidates="12" classloadersunloaded="0" classesunloaded="0" anonymousclassesunloaded="0" quiescems="0.000" setupms="0.002" scanms="0.000" postms="0.000" />
</gc-op>
<gc-op id="193" type="sweep" timems="1.136" contextid="188" timestamp="2019-06-14T22:40:40.607" />
<gc-op id="194" type="compact" timems="3.621" contextid="188" timestamp="2019-06-14T22:40:40.611">
  <compact-info movecount="13663" movebytes="954264" />
  <remembered-set-cleared processed="19143" cleared="7224" durationms="0.131" />
</gc-op>
<gc-end id="195" type="partial gc" contextid="188" durationms="8.968" usertimems="16.000" systemtimems="0.000" timestamp="2019-06-14T22:40:40.611" activeThreads="4">
  <mem-info id="196" free="6291456" total="16777216" percent="37">
    <mem type="eden" free="207512" total="1048576" percent="19" />
    <pending-finalizers system="0" default="0" reference="3" classloader="0" />
    <remembered-set count="10048" freebytes="629504" totalbytes="669696" percent="93" regionsoverflowed="0" regionsstable="0" regionsrebuilding="0"/>
  </mem-info>
</gc-end>
<cycle-end id="197" type="partial gc" contextid="188" timestamp="2019-06-14T22:40:40.611" />
  <attribute name="elasticGC enabled" value="1" />
  <attribute name= "numThreadsSpecified" value="4" />
  <attribute name="heapSize specified" value="0" />
  <attribute name="Current GC Util" value="206" />
  <attribute name= "Current Time Running" value="48198" />
  <attribute name ="GC Interval" value="0" />
  <attribute name="ProportionalT" value="93.000000" />
  <attribute name="ProportionalI" value="93.000000" />
  <attribute name="ProportionalH" value="93.000000" />
  <attribute name="Current Error" value="186.000000" />
  <attribute name="IntegralT" value="372.000000" />
  <attribute name="IntegralI" value="372.000000" />
  <attribute name="IntegralH" value="372.000000" />
  <attribute name="DerivativeT" value="93.000000" />
  <attribute name="DerivativeI" value="93.000000" />
  <attribute name="DerivativeH" value="93.000000" />
  <attribute name="Loop Time for DT" value="2.000000" />
  <attribute name="Output H" value="8388608"/>
  <attribute name="Output I" value="560"/>
  <attribute name="Output T" value="4"/>
  <attribute name="Target GC Util Change" value ="20.000000" />
  <attribute name="Current GC Util Change" value="206.000000"/>
  <attribute name="GC Util currently" value="206" />
  <attribute name="CPU Util currently" value="3400023159840" />
<exclusive-end id="198" timestamp="2019-06-14T22:40:40.611" durationms="9.814" />

<exclusive-start id="199" timestamp="2019-06-14T22:40:40.664" intervalms="62.186">
  <response-info timems="0.034" idlems="0.034" threads="0" lastid="00000000011FB700" lastname="main" />
</exclusive-start>
<allocation-taxation id="200" taxation-threshold="6291456" timestamp="2019-06-14T22:40:40.664" intervalms="62.149" />
<cycle-start id="201" type="partial gc" contextid="0" timestamp="2019-06-14T22:40:40.664" intervalms="62.126" />
<gc-start id="202" type="partial gc" contextid="201" timestamp="2019-06-14T22:40:40.664">
  <mem-info id="203" free="0" total="16777216" percent="0">
    <mem type="eden" free="0" total="6291456" percent="0" />
    <remembered-set count="10048" freebytes="629504" totalbytes="669696" percent="93" regionsoverflowed="0" regionsstable="0" regionsrebuilding="0"/>
  </mem-info>
</gc-start>
<allocation-stats totalBytes="6289232" >
  <allocated-bytes non-tlh="6640" tlh="6282592" arrayletleaf="0"/>
  <largest-consumer threadName="main" threadId="00000000011FB700" bytes="6289232" />
</allocation-stats>
<gc-op id="204" type="mark" timems="2.182" contextid="201" timestamp="2019-06-14T22:40:40.667">
  <trace-info objectcount="15590" scancount="13860" scanbytes="526000" />
  <cardclean-info objects="842" bytes="56860" />
  <remembered-set-cleared processed="8895" cleared="1367" durationms="0.172" />
  <references type="soft" candidates="71" cleared="0" enqueued="0" dynamicThreshold="12" maxThreshold="32" />
  <references type="weak" candidates="114" cleared="0" enqueued="0" />
  <stringconstants candidates="7845" cleared="0"  />
  <warning details="Mark invoked due to insufficient free space for Copy-Forward" />
</gc-op>
<gc-op id="205" type="classunload" timems="0.003" contextid="201" timestamp="2019-06-14T22:40:40.667">
  <classunload-info classloadercandidates="12" classloadersunloaded="0" classesunloaded="0" anonymousclassesunloaded="0" quiescems="0.000" setupms="0.003" scanms="0.000" postms="0.000" />
</gc-op>
<gc-op id="206" type="sweep" timems="1.143" contextid="201" timestamp="2019-06-14T22:40:40.668" />
<gc-op id="207" type="compact" timems="3.842" contextid="201" timestamp="2019-06-14T22:40:40.672">
  <compact-info movecount="14704" movebytes="678064" />
  <remembered-set-cleared processed="20949" cleared="5867" durationms="0.172" />
</gc-op>
<heap-resize id="208" type="expand" space="default" amount="2097152" count="1" timems="0.064" reason="insufficient free space following gc" timestamp="2019-06-14T22:40:40.673" />
<gc-end id="209" type="partial gc" contextid="201" durationms="8.753" usertimems="16.000" systemtimems="0.000" timestamp="2019-06-14T22:40:40.673" activeThreads="4">
  <mem-info id="210" free="7340032" total="18874368" percent="38">
    <mem type="eden" free="690312" total="1048576" percent="65" />
    <remembered-set count="12288" freebytes="704256" totalbytes="753408" percent="93" regionsoverflowed="0" regionsstable="0" regionsrebuilding="0"/>
  </mem-info>
</gc-end>
<cycle-end id="211" type="partial gc" contextid="201" timestamp="2019-06-14T22:40:40.673" />
  <attribute name="elasticGC enabled" value="1" />
  <attribute name= "numThreadsSpecified" value="4" />
  <attribute name="heapSize specified" value="0" />
  <attribute name="Current GC Util" value="204" />
  <attribute name= "Current Time Running" value="48259" />
  <attribute name ="GC Interval" value="0" />
  <attribute name="ProportionalT" value="92.000000" />
  <attribute name="ProportionalI" value="92.000000" />
  <attribute name="ProportionalH" value="92.000000" />
  <attribute name="Current Error" value="184.000000" />
  <attribute name="IntegralT" value="184.000000" />
  <attribute name="IntegralI" value="184.000000" />
  <attribute name="IntegralH" value="184.000000" />
  <attribute name="DerivativeT" value="184.000000" />
  <attribute name="DerivativeI" value="184.000000" />
  <attribute name="DerivativeH" value="184.000000" />
  <attribute name="Loop Time for DT" value="1.000000" />
  <attribute name="Output H" value="8388608"/>
  <attribute name="Output I" value="464"/>
  <attribute name="Output T" value="4"/>
  <attribute name="Target GC Util Change" value ="20.000000" />
  <attribute name="Current GC Util Change" value="204.000000"/>
  <attribute name="GC Util currently" value="204" />
  <attribute name="CPU Util currently" value="3383171765536" />
<exclusive-end id="212" timestamp="2019-06-14T22:40:40.673" durationms="9.500" />

<exclusive-start id="213" timestamp="2019-06-14T22:40:40.743" intervalms="79.000">
  <response-info timems="0.034" idlems="0.034" threads="0" lastid="00000000011FB700" lastname="main" />
</exclusive-start>
<allocation-taxation id="214" taxation-threshold="3145728" timestamp="2019-06-14T22:40:40.743" intervalms="79.065" />
<cycle-start id="215" type="global mark phase" contextid="0" timestamp="2019-06-14T22:40:40.743" intervalms="530.414" />
<gc-start id="216" type="global mark phase" contextid="215" timestamp="2019-06-14T22:40:40.743">
  <mem-info id="217" free="4194304" total="18874368" percent="22">
    <remembered-set count="12192" freebytes="704640" totalbytes="753408" percent="93" regionsoverflowed="0" regionsstable="0" regionsrebuilding="0"/>
  </mem-info>
</gc-start>
<gc-op id="218" type="mark increment" timems="2.736" contextid="215" timestamp="2019-06-14T22:40:40.746">
  <trace-info objectcount="173" scancount="0" scanbytes="0" />
</gc-op>
<gc-end id="219" type="global mark phase" contextid="215" durationms="3.111" usertimems="4.000" systemtimems="0.000" timestamp="2019-06-14T22:40:40.746" activeThreads="4">
  <mem-info id="220" free="4194304" total="18874368" percent="22">
    <remembered-set count="12192" freebytes="704640" totalbytes="753408" percent="93" regionsoverflowed="0" regionsstable="0" regionsrebuilding="0"/>
  </mem-info>
</gc-end>
<concurrent-start id="221" type="GMP work packet processing" contextid="215" timestamp="2019-06-14T22:40:40.747">
  <concurrent-mark-start scanTarget="18446744073709551615" />
</concurrent-start>
<exclusive-end id="222" timestamp="2019-06-14T22:40:40.747" durationms="4.229" />

<concurrent-end id="223" type="GMP work packet processing" contextid="215" timestamp="2019-06-14T22:40:40.753">
  <concurrent-mark-end bytesScanned="1760956" reasonForTermination="Completed all work in GC phase" />
</concurrent-end>

<exclusive-start id="224" timestamp="2019-06-14T22:40:40.813" intervalms="70.332">
  <response-info timems="0.059" idlems="0.059" threads="0" lastid="00000000011FB700" lastname="main" />
</exclusive-start>
<allocation-taxation id="225" taxation-threshold="3145728" timestamp="2019-06-14T22:40:40.813" intervalms="70.284" />
<cycle-start id="226" type="partial gc" contextid="0" timestamp="2019-06-14T22:40:40.813" intervalms="149.366" />
<gc-start id="227" type="partial gc" contextid="226" timestamp="2019-06-14T22:40:40.814">
  <mem-info id="228" free="1048576" total="18874368" percent="5">
    <mem type="eden" free="0" total="6291456" percent="0" />
    <remembered-set count="12192" freebytes="704640" totalbytes="753408" percent="93" regionsoverflowed="0" regionsstable="0" regionsrebuilding="0"/>
  </mem-info>
</gc-start>
<allocation-stats totalBytes="6289160" >
  <allocated-bytes non-tlh="322576" tlh="5966584" arrayletleaf="0"/>
  <largest-consumer threadName="main" threadId="00000000011FB700" bytes="3144648" />
</allocation-stats>
<gc-op id="229" type="copy forward" timems="4.133" contextid="226" timestamp="2019-06-14T22:40:40.819">
  <memory-copied type="eden" objects="11760" bytes="847592" bytesdiscarded="64952" />
  <memory-copied type="other" objects="9212" bytes="353792" bytesdiscarded="10336" />
  <memory-cardclean objects="1467" bytes="87232" />
  <regions eden="6" other="1" />
  <remembered-set-cleared processed="10606" cleared="2059" durationms="0.215" />
  <references type="soft" candidates="224" cleared="0" enqueued="0" dynamicThreshold="7" maxThreshold="32" />
  <references type="weak" candidates="450" cleared="0" enqueued="0" />
  <references type="phantom" candidates="1" cleared="0" enqueued="0" />
  <stringconstants candidates="8285" cleared="0"  />
  <heap-resize type="expand" space="default" amount="1048576" count="1" timems="0.066" reason="continue current collection" />
</gc-op>
<gc-op id="230" type="classunload" timems="0.003" contextid="226" timestamp="2019-06-14T22:40:40.819">
  <classunload-info classloadercandidates="14" classloadersunloaded="0" classesunloaded="0" anonymousclassesunloaded="0" quiescems="0.000" setupms="0.003" scanms="0.000" postms="0.000" />
</gc-op>
<gc-end id="231" type="partial gc" contextid="226" durationms="5.312" usertimems="12.000" systemtimems="0.000" timestamp="2019-06-14T22:40:40.819" activeThreads="4">
  <mem-info id="232" free="7340032" total="19922944" percent="36">
    <mem type="eden" free="135768" total="1048576" percent="12" />
    <remembered-set count="13920" freebytes="739584" totalbytes="795264" percent="92" regionsoverflowed="0" regionsstable="0" regionsrebuilding="0"/>
  </mem-info>
</gc-end>
<cycle-end id="233" type="partial gc" contextid="226" timestamp="2019-06-14T22:40:40.819" />
  <attribute name="elasticGC enabled" value="1" />
  <attribute name= "numThreadsSpecified" value="4" />
  <attribute name="heapSize specified" value="0" />
  <attribute name="Current GC Util" value="159" />
  <attribute name= "Current Time Running" value="48405" />
  <attribute name ="GC Interval" value="0" />
  <attribute name="ProportionalT" value="69.500000" />
  <attribute name="ProportionalI" value="69.500000" />
  <attribute name="ProportionalH" value="69.500000" />
  <attribute name="Current Error" value="139.000000" />
  <attribute name="IntegralT" value="139.000000" />
  <attribute name="IntegralI" value="139.000000" />
  <attribute name="IntegralH" value="139.000000" />
  <attribute name="DerivativeT" value="138.000000" />
  <attribute name="DerivativeI" value="138.000000" />
  <attribute name="DerivativeH" value="138.000000" />
  <attribute name="Loop Time for DT" value="1.000000" />
  <attribute name="Output H" value="8388608"/>
  <attribute name="Output I" value="352"/>
  <attribute name="Output T" value="4"/>
  <attribute name="Target GC Util Change" value ="20.000000" />
  <attribute name="Current GC Util Change" value="159.000000"/>
  <attribute name="GC Util currently" value="159" />
  <attribute name="CPU Util currently" value="9405941345664" />
<exclusive-end id="234" timestamp="2019-06-14T22:40:40.819" durationms="6.223" />

<exclusive-start id="235" timestamp="2019-06-14T22:40:40.833" intervalms="20.172">
  <response-info timems="0.038" idlems="0.038" threads="0" lastid="00000000011FB700" lastname="main" />
</exclusive-start>
<allocation-taxation id="236" taxation-threshold="3145728" timestamp="2019-06-14T22:40:40.833" intervalms="20.144" />
<gc-start id="237" type="global mark phase" contextid="215" timestamp="2019-06-14T22:40:40.833">
  <mem-info id="238" free="4194304" total="19922944" percent="21">
    <remembered-set count="13664" freebytes="740608" totalbytes="795264" percent="93" regionsoverflowed="0" regionsstable="0" regionsrebuilding="0"/>
  </mem-info>
</gc-start>
<gc-op id="239" type="mark increment" timems="2.757" contextid="215" timestamp="2019-06-14T22:40:40.836">
  <trace-info objectcount="16385" scancount="14854" scanbytes="598428" />
  <cardclean-info objects="1246" bytes="69536" />
  <finalization candidates="80" enqueued="0" />
  <ownableSynchronizers candidates="21" cleared="0" />
  <references type="soft" candidates="1319" cleared="0" enqueued="0" dynamicThreshold="11" maxThreshold="32" />
  <references type="weak" candidates="4279" cleared="8" enqueued="7" />
  <references type="phantom" candidates="101" cleared="0" enqueued="0" />
  <stringconstants candidates="8298" cleared="0"  />
</gc-op>
<gc-op id="240" type="classunload" timems="0.004" contextid="215" timestamp="2019-06-14T22:40:40.836">
  <classunload-info classloadercandidates="14" classloadersunloaded="0" classesunloaded="0" anonymousclassesunloaded="0" quiescems="0.000" setupms="0.004" scanms="0.000" postms="0.000" />
</gc-op>
<gc-end id="241" type="global mark phase" contextid="215" durationms="3.278" usertimems="8.000" systemtimems="0.000" timestamp="2019-06-14T22:40:40.837" activeThreads="4">
  <mem-info id="242" free="4194304" total="19922944" percent="21">
    <pending-finalizers system="0" default="0" reference="7" classloader="0" />
    <remembered-set count="13664" freebytes="740608" totalbytes="795264" percent="93" regionsoverflowed="0" regionsstable="0" regionsrebuilding="0"/>
  </mem-info>
</gc-end>
<cycle-end id="243" type="global mark phase" contextid="215" timestamp="2019-06-14T22:40:40.837" />
  <attribute name="elasticGC enabled" value="1" />
  <attribute name= "numThreadsSpecified" value="4" />
  <attribute name="heapSize specified" value="0" />
  <attribute name="Current GC Util" value="184" />
  <attribute name= "Current Time Running" value="48426" />
  <attribute name ="GC Interval" value="0" />
  <attribute name="ProportionalT" value="82.000000" />
  <attribute name="ProportionalI" value="82.000000" />
  <attribute name="ProportionalH" value="82.000000" />
  <attribute name="Current Error" value="164.000000" />
  <attribute name="IntegralT" value="164.000000" />
  <attribute name="IntegralI" value="164.000000" />
  <attribute name="IntegralH" value="164.000000" />
  <attribute name="DerivativeT" value="8.000000" />
  <attribute name="DerivativeI" value="8.000000" />
  <attribute name="DerivativeH" value="8.000000" />
  <attribute name="Loop Time for DT" value="1.000000" />
  <attribute name="Output H" value="8388608"/>
  <attribute name="Output I" value="256"/>
  <attribute name="Output T" value="4"/>
  <attribute name="Target GC Util Change" value ="20.000000" />
  <attribute name="Current GC Util Change" value="184.000000"/>
  <attribute name="GC Util currently" value="184" />
  <attribute name="CPU Util currently" value="6037257615130" />
<exclusive-end id="244" timestamp="2019-06-14T22:40:40.837" durationms="3.898" />

<exclusive-start id="245" timestamp="2019-06-14T22:40:40.884" intervalms="50.484">
  <response-info timems="0.069" idlems="0.069" threads="0" lastid="00000000011FB700" lastname="main" />
</exclusive-start>
<allocation-taxation id="246" taxation-threshold="3145728" timestamp="2019-06-14T22:40:40.884" intervalms="50.555" />
<cycle-start id="247" type="partial gc" contextid="0" timestamp="2019-06-14T22:40:40.884" intervalms="70.709" />
<gc-start id="248" type="partial gc" contextid="247" timestamp="2019-06-14T22:40:40.884">
  <mem-info id="249" free="1048576" total="19922944" percent="5">
    <mem type="eden" free="0" total="6291456" percent="0" />
    <remembered-set count="13664" freebytes="740608" totalbytes="795264" percent="93" regionsoverflowed="0" regionsstable="0" regionsrebuilding="0"/>
  </mem-info>
</gc-start>
<allocation-stats totalBytes="6286928" >
  <allocated-bytes non-tlh="2552" tlh="6284376" arrayletleaf="0"/>
  <largest-consumer threadName="main" threadId="00000000011FB700" bytes="3141512" />
</allocation-stats>
<gc-op id="250" type="sweep" timems="1.301" contextid="247" timestamp="2019-06-14T22:40:40.886" />
<gc-op id="251" type="copy forward" timems="2.018" contextid="247" timestamp="2019-06-14T22:40:40.889">
  <memory-copied type="eden" objects="5" bytes="336" bytesdiscarded="0" />
  <memory-copied type="other" objects="5686" bytes="220864" bytesdiscarded="0" />
  <memory-cardclean objects="490" bytes="47048" />
  <memory-traced type="eden" objects="18" bytes="31704" />
  <memory-traced type="other" objects="0" bytes="0" />
  <regions eden="3" other="4" evacuated="6" marked="1" />
  <remembered-set-cleared processed="11712" cleared="1812" durationms="0.148" />
  <references type="soft" candidates="224" cleared="0" enqueued="0" dynamicThreshold="6" maxThreshold="32" />
  <references type="weak" candidates="406" cleared="0" enqueued="0" />
  <stringconstants candidates="8299" cleared="0"  />
  <heap-resize type="expand" space="default" amount="1048576" count="1" timems="0.060" reason="continue current collection" />
</gc-op>
<gc-op id="252" type="classunload" timems="0.003" contextid="247" timestamp="2019-06-14T22:40:40.889">
  <classunload-info classloadercandidates="14" classloadersunloaded="0" classesunloaded="0" anonymousclassesunloaded="0" quiescems="0.000" setupms="0.002" scanms="0.000" postms="0.000" />
</gc-op>
<gc-op id="253" type="compact" timems="1.965" contextid="247" timestamp="2019-06-14T22:40:40.891">
  <compact-info movecount="26" movebytes="36424" />
  <remembered-set-cleared processed="22953" cleared="1821" durationms="0.148" />
</gc-op>
<heap-resize id="254" type="expand" space="default" amount="3145728" count="1" timems="0.065" reason="insufficient free space following gc" timestamp="2019-06-14T22:40:40.891" />
<gc-end id="255" type="partial gc" contextid="247" durationms="7.193" usertimems="12.000" systemtimems="0.000" timestamp="2019-06-14T22:40:40.891" activeThreads="4">
  <mem-info id="256" free="9437184" total="24117248" percent="39">
    <mem type="eden" free="2056112" total="2097152" percent="98" />
    <remembered-set count="13664" freebytes="908032" totalbytes="962688" percent="94" regionsoverflowed="0" regionsstable="0" regionsrebuilding="0"/>
  </mem-info>
</gc-end>
<cycle-end id="257" type="partial gc" contextid="247" timestamp="2019-06-14T22:40:40.892" />
  <attribute name="elasticGC enabled" value="1" />
  <attribute name= "numThreadsSpecified" value="4" />
  <attribute name="heapSize specified" value="0" />
  <attribute name="Current GC Util" value="0" />
  <attribute name= "Current Time Running" value="48479" />
  <attribute name ="GC Interval" value="0" />
  <attribute name="ProportionalT" value="-10.000000" />
  <attribute name="ProportionalI" value="-10.000000" />
  <attribute name="ProportionalH" value="-10.000000" />
  <attribute name="Current Error" value="-20.000000" />
  <attribute name="IntegralT" value="-40.000000" />
  <attribute name="IntegralI" value="-40.000000" />
  <attribute name="IntegralH" value="-40.000000" />
  <attribute name="DerivativeT" value="-92.500000" />
  <attribute name="DerivativeI" value="-92.500000" />
  <attribute name="DerivativeH" value="-92.500000" />
  <attribute name="Loop Time for DT" value="2.000000" />
  <attribute name="Output H" value="2091843584"/>
  <attribute name="Output I" value="200"/>
  <attribute name="Output T" value="4"/>
  <attribute name="Target GC Util Change" value ="20.000000" />
  <attribute name="Current GC Util Change" value="0.000000"/>
  <attribute name="GC Util currently" value="0" />
  <attribute name="CPU Util currently" value="1927833427357" />
<exclusive-end id="258" timestamp="2019-06-14T22:40:40.892" durationms="8.182" />

<exclusive-start id="259" timestamp="2019-06-14T22:40:40.987" intervalms="103.402">
  <response-info timems="0.053" idlems="0.053" threads="0" lastid="00000000011FB700" lastname="main" />
</exclusive-start>
<sys-start reason="explicit" id="260" timestamp="2019-06-14T22:40:40.987" intervalms="48701.085" />
<cycle-start id="261" type="global garbage collect" contextid="0" timestamp="2019-06-14T22:40:40.987" intervalms="48701.173" />
<gc-start id="262" type="global garbage collect" contextid="261" timestamp="2019-06-14T22:40:40.988">
  <mem-info id="263" free="5694976" total="24117248" percent="23">
    <mem type="eden" free="1464248" total="5242880" percent="27" />
    <remembered-set count="13664" freebytes="908032" totalbytes="962688" percent="94" regionsoverflowed="0" regionsstable="0" regionsrebuilding="0"/>
  </mem-info>
</gc-start>
<allocation-stats totalBytes="3739856" >
  <allocated-bytes non-tlh="432240" tlh="3307616" arrayletleaf="0"/>
  <largest-consumer threadName="main" threadId="00000000011FB700" bytes="3739856" />
</allocation-stats>
<gc-op id="264" type="global mark" timems="3.356" contextid="261" timestamp="2019-06-14T22:40:40.991">
  <trace-info objectcount="74490" scancount="60775" scanbytes="2098520" />
  <finalization candidates="80" enqueued="0" />
  <ownableSynchronizers candidates="21" cleared="0" />
  <references type="soft" candidates="1640" cleared="0" enqueued="0" dynamicThreshold="12" maxThreshold="32" />
  <references type="weak" candidates="4525" cleared="32" enqueued="30" />
  <references type="phantom" candidates="102" cleared="2" enqueued="2" />
  <stringconstants candidates="8669" cleared="15"  />
</gc-op>
<gc-op id="265" type="classunload" timems="0.332" contextid="261" timestamp="2019-06-14T22:40:40.992">
  <classunload-info classloadercandidates="17" classloadersunloaded="1" classesunloaded="1" anonymousclassesunloaded="0" quiescems="0.000" setupms="0.320" scanms="0.008" postms="0.003" />
</gc-op>
<gc-op id="266" type="sweep" timems="0.493" contextid="261" timestamp="2019-06-14T22:40:40.992" />
<gc-op id="267" type="compact" timems="5.122" contextid="261" timestamp="2019-06-14T22:40:40.998">
  <compact-info movecount="73034" movebytes="4185264" />
  <remembered-set-cleared processed="23625" cleared="23625" durationms="0.086" />
</gc-op>
<gc-end id="268" type="global garbage collect" contextid="261" durationms="10.394" usertimems="24.000" systemtimems="0.000" timestamp="2019-06-14T22:40:40.998" activeThreads="4">
  <mem-info id="269" free="9437184" total="24117248" percent="39">
    <pending-finalizers system="0" default="0" reference="32" classloader="0" />
    <remembered-set count="10240" freebytes="921728" totalbytes="962688" percent="95" regionsoverflowed="0" regionsstable="0" regionsrebuilding="0"/>
  </mem-info>
</gc-end>
<cycle-end id="270" type="global garbage collect" contextid="261" timestamp="2019-06-14T22:40:40.998" />
  <attribute name="elasticGC enabled" value="1" />
  <attribute name= "numThreadsSpecified" value="4" />
  <attribute name="heapSize specified" value="0" />
  <attribute name="Current GC Util" value="82" />
  <attribute name= "Current Time Running" value="48583" />
  <attribute name ="GC Interval" value="0" />
  <attribute name="ProportionalT" value="31.000000" />
  <attribute name="ProportionalI" value="31.000000" />
  <attribute name="ProportionalH" value="31.000000" />
  <attribute name="Current Error" value="62.000000" />
  <attribute name="IntegralT" value="62.000000" />
  <attribute name="IntegralI" value="62.000000" />
  <attribute name="IntegralH" value="62.000000" />
  <attribute name="DerivativeT" value="-117.000000" />
  <attribute name="DerivativeI" value="-117.000000" />
  <attribute name="DerivativeH" value="-117.000000" />
  <attribute name="Loop Time for DT" value="1.000000" />
  <attribute name="Output H" value="2091843584"/>
  <attribute name="Output I" value="200"/>
  <attribute name="Output T" value="4"/>
  <attribute name="Target GC Util Change" value ="20.000000" />
  <attribute name="Current GC Util Change" value="82.000000"/>
  <attribute name="GC Util currently" value="82" />
  <attribute name="CPU Util currently" value="6759346783322" />
<sys-end id="271" timestamp="2019-06-14T22:40:40.998" />
<exclusive-end id="272" timestamp="2019-06-14T22:40:40.998" durationms="11.145" />

<exclusive-start id="273" timestamp="2019-06-14T22:40:41.571" intervalms="584.430">
  <response-info timems="0.087" idlems="0.087" threads="0" lastid="00000000011FB700" lastname="main" />
</exclusive-start>
<allocation-taxation id="274" taxation-threshold="9437184" timestamp="2019-06-14T22:40:41.572" intervalms="687.856" />
<cycle-start id="275" type="partial gc" contextid="0" timestamp="2019-06-14T22:40:41.572" intervalms="687.866" />
<gc-start id="276" type="partial gc" contextid="275" timestamp="2019-06-14T22:40:41.572">
  <mem-info id="277" free="0" total="24117248" percent="0">
    <mem type="eden" free="0" total="9437184" percent="0" />
    <remembered-set count="10240" freebytes="921728" totalbytes="962688" percent="95" regionsoverflowed="0" regionsstable="0" regionsrebuilding="0"/>
  </mem-info>
</gc-start>
<allocation-stats totalBytes="9436480" >
  <allocated-bytes non-tlh="463952" tlh="8972528" arrayletleaf="0"/>
  <largest-consumer threadName="main" threadId="00000000011FB700" bytes="9428232" />
</allocation-stats>
<gc-op id="278" type="mark" timems="1.009" contextid="275" timestamp="2019-06-14T22:40:41.574">
  <trace-info objectcount="600" scancount="553" scanbytes="52836" />
  <cardclean-info objects="644" bytes="37188" />
  <remembered-set-cleared processed="8771" cleared="153" durationms="0.200" />
  <references type="soft" candidates="34" cleared="0" enqueued="0" dynamicThreshold="12" maxThreshold="32" />
  <references type="weak" candidates="22" cleared="11" enqueued="11" />
  <references type="phantom" candidates="5" cleared="2" enqueued="2" />
  <stringconstants candidates="8687" cleared="12"  />
  <warning details="Mark invoked due to insufficient free space for Copy-Forward" />
</gc-op>
<gc-op id="279" type="classunload" timems="0.003" contextid="275" timestamp="2019-06-14T22:40:41.574">
  <classunload-info classloadercandidates="17" classloadersunloaded="0" classesunloaded="0" anonymousclassesunloaded="0" quiescems="0.000" setupms="0.002" scanms="0.000" postms="0.000" />
</gc-op>
<gc-op id="280" type="sweep" timems="0.488" contextid="275" timestamp="2019-06-14T22:40:41.575" />
<gc-op id="281" type="compact" timems="1.168" contextid="275" timestamp="2019-06-14T22:40:41.576">
  <compact-info movecount="600" movebytes="333648" />
  <remembered-set-cleared processed="17852" cleared="584" durationms="0.200" />
</gc-op>
<gc-end id="282" type="partial gc" contextid="275" durationms="4.558" usertimems="4.000" systemtimems="0.000" timestamp="2019-06-14T22:40:41.577" activeThreads="4">
  <mem-info id="283" free="8388608" total="24117248" percent="34">
    <mem type="eden" free="714928" total="1048576" percent="68" />
    <pending-finalizers system="0" default="0" reference="13" classloader="0" />
    <remembered-set count="11136" freebytes="918144" totalbytes="962688" percent="95" regionsoverflowed="0" regionsstable="0" regionsrebuilding="0"/>
  </mem-info>
</gc-end>
<cycle-end id="284" type="partial gc" contextid="275" timestamp="2019-06-14T22:40:41.577" />
  <attribute name="elasticGC enabled" value="1" />
  <attribute name= "numThreadsSpecified" value="4" />
  <attribute name="heapSize specified" value="0" />
  <attribute name="Current GC Util" value="32" />
  <attribute name= "Current Time Running" value="49166" />
  <attribute name ="GC Interval" value="0" />
  <attribute name="ProportionalT" value="6.000000" />
  <attribute name="ProportionalI" value="6.000000" />
  <attribute name="ProportionalH" value="6.000000" />
  <attribute name="Current Error" value="12.000000" />
  <attribute name="IntegralT" value="12.000000" />
  <attribute name="IntegralI" value="12.000000" />
  <attribute name="IntegralH" value="12.000000" />
  <attribute name="DerivativeT" value="12.000000" />
  <attribute name="DerivativeI" value="12.000000" />
  <attribute name="DerivativeH" value="12.000000" />
  <attribute name="Loop Time for DT" value="1.000000" />
  <attribute name="Output H" value="8388608"/>
  <attribute name="Output I" value="200"/>
  <attribute name="Output T" value="4"/>
  <attribute name="Target GC Util Change" value ="20.000000" />
  <attribute name="Current GC Util Change" value="32.000000"/>
  <attribute name="GC Util currently" value="32" />
  <attribute name="CPU Util currently" value="5993888742668" />
<exclusive-end id="285" timestamp="2019-06-14T22:40:41.577" durationms="5.798" />

<exclusive-start id="286" timestamp="2019-06-14T22:40:41.756" intervalms="184.375">
  <response-info timems="0.118" idlems="0.118" threads="0" lastid="00000000011FB700" lastname="main" />
</exclusive-start>
<allocation-taxation id="287" taxation-threshold="8388608" timestamp="2019-06-14T22:40:41.756" intervalms="184.345" />
<cycle-start id="288" type="partial gc" contextid="0" timestamp="2019-06-14T22:40:41.756" intervalms="184.367" />
<gc-start id="289" type="partial gc" contextid="288" timestamp="2019-06-14T22:40:41.756">
  <mem-info id="290" free="0" total="24117248" percent="0">
    <mem type="eden" free="714928" total="9437184" percent="7" />
    <remembered-set count="11136" freebytes="918144" totalbytes="962688" percent="95" regionsoverflowed="0" regionsstable="0" regionsrebuilding="0"/>
  </mem-info>
</gc-start>
<allocation-stats totalBytes="8388032" >
  <allocated-bytes non-tlh="0" tlh="8388032" arrayletleaf="0"/>
  <largest-consumer threadName="main" threadId="00000000011FB700" bytes="8383936" />
</allocation-stats>
<gc-op id="291" type="mark" timems="1.386" contextid="288" timestamp="2019-06-14T22:40:41.759">
  <trace-info objectcount="568" scancount="525" scanbytes="52068" />
  <cardclean-info objects="213" bytes="22576" />
  <remembered-set-cleared processed="8955" cleared="241" durationms="0.166" />
  <references type="soft" candidates="34" cleared="0" enqueued="0" dynamicThreshold="11" maxThreshold="32" />
  <references type="weak" candidates="10" cleared="0" enqueued="0" />
  <references type="phantom" candidates="3" cleared="0" enqueued="0" />
  <stringconstants candidates="8675" cleared="0"  />
  <warning details="Mark invoked due to insufficient free space for Copy-Forward" />
</gc-op>
<gc-op id="292" type="classunload" timems="0.003" contextid="288" timestamp="2019-06-14T22:40:41.759">
  <classunload-info classloadercandidates="17" classloadersunloaded="0" classesunloaded="0" anonymousclassesunloaded="0" quiescems="0.000" setupms="0.003" scanms="0.000" postms="0.000" />
</gc-op>
<gc-op id="293" type="sweep" timems="0.669" contextid="288" timestamp="2019-06-14T22:40:41.760" />
<gc-op id="294" type="compact" timems="1.264" contextid="288" timestamp="2019-06-14T22:40:41.761">
  <compact-info movecount="568" movebytes="332656" />
  <remembered-set-cleared processed="18066" cleared="624" durationms="0.166" />
</gc-op>
<heap-resize id="295" type="expand" space="default" amount="2097152" count="1" timems="0.060" reason="insufficient free space following gc" timestamp="2019-06-14T22:40:41.761" />
<gc-end id="296" type="partial gc" contextid="288" durationms="4.942" usertimems="12.000" systemtimems="0.000" timestamp="2019-06-14T22:40:41.761" activeThreads="4">
  <mem-info id="297" free="9437184" total="26214400" percent="36">
    <mem type="eden" free="1764496" total="2097152" percent="84" />
    <remembered-set count="11392" freebytes="1000832" totalbytes="1046400" percent="95" regionsoverflowed="0" regionsstable="0" regionsrebuilding="0"/>
  </mem-info>
</gc-end>
<cycle-end id="298" type="partial gc" contextid="288" timestamp="2019-06-14T22:40:41.762" />
  <attribute name="elasticGC enabled" value="1" />
  <attribute name= "numThreadsSpecified" value="4" />
  <attribute name="heapSize specified" value="0" />
  <attribute name="Current GC Util" value="134" />
  <attribute name= "Current Time Running" value="49350" />
  <attribute name ="GC Interval" value="0" />
  <attribute name="ProportionalT" value="57.000000" />
  <attribute name="ProportionalI" value="57.000000" />
  <attribute name="ProportionalH" value="57.000000" />
  <attribute name="Current Error" value="114.000000" />
  <attribute name="IntegralT" value="114.000000" />
  <attribute name="IntegralI" value="114.000000" />
  <attribute name="IntegralH" value="114.000000" />
  <attribute name="DerivativeT" value="10.000000" />
  <attribute name="DerivativeI" value="10.000000" />
  <attribute name="DerivativeH" value="10.000000" />
  <attribute name="Loop Time for DT" value="1.000000" />
  <attribute name="Output H" value="8388608"/>
  <attribute name="Output I" value="200"/>
  <attribute name="Output T" value="4"/>
  <attribute name="Target GC Util Change" value ="20.000000" />
  <attribute name="Current GC Util Change" value="134.000000"/>
  <attribute name="GC Util currently" value="134" />
  <attribute name="CPU Util currently" value="5060324236802" />
<exclusive-end id="299" timestamp="2019-06-14T22:40:41.762" durationms="5.824" />

<exclusive-start id="300" timestamp="2019-06-14T22:40:41.941" intervalms="184.822">
  <response-info timems="0.077" idlems="0.077" threads="0" lastid="00000000011FB700" lastname="main" />
</exclusive-start>
<allocation-taxation id="301" taxation-threshold="9437184" timestamp="2019-06-14T22:40:41.941" intervalms="184.888" />
<cycle-start id="302" type="partial gc" contextid="0" timestamp="2019-06-14T22:40:41.941" intervalms="184.976" />
<gc-start id="303" type="partial gc" contextid="302" timestamp="2019-06-14T22:40:41.941">
  <mem-info id="304" free="0" total="26214400" percent="0">
    <mem type="eden" free="1015616" total="10485760" percent="9" />
    <remembered-set count="11392" freebytes="1000832" totalbytes="1046400" percent="95" regionsoverflowed="0" regionsstable="0" regionsrebuilding="0"/>
  </mem-info>
</gc-start>
<allocation-stats totalBytes="9436496" >
  <allocated-bytes non-tlh="0" tlh="9436496" arrayletleaf="0"/>
  <largest-consumer threadName="main" threadId="00000000011FB700" bytes="9436496" />
</allocation-stats>
<gc-op id="305" type="mark" timems="1.993" contextid="302" timestamp="2019-06-14T22:40:41.944">
  <trace-info objectcount="8" scancount="8" scanbytes="32956" />
  <cardclean-info objects="13" bytes="496" />
  <remembered-set-cleared processed="9055" cleared="9" durationms="0.224" />
  <stringconstants candidates="8675" cleared="0"  />
  <warning details="Mark invoked due to insufficient free space for Copy-Forward" />
</gc-op>
<gc-op id="306" type="classunload" timems="0.003" contextid="302" timestamp="2019-06-14T22:40:41.945">
  <classunload-info classloadercandidates="17" classloadersunloaded="0" classesunloaded="0" anonymousclassesunloaded="0" quiescems="0.000" setupms="0.003" scanms="0.000" postms="0.000" />
</gc-op>
<gc-op id="307" type="sweep" timems="0.458" contextid="302" timestamp="2019-06-14T22:40:41.945" />
<gc-op id="308" type="compact" timems="1.408" contextid="302" timestamp="2019-06-14T22:40:41.947">
  <compact-info movecount="8" movebytes="32960" />
  <remembered-set-cleared processed="18113" cleared="21" durationms="0.224" />
</gc-op>
<gc-end id="309" type="partial gc" contextid="302" durationms="5.533" usertimems="12.000" systemtimems="0.000" timestamp="2019-06-14T22:40:41.947" activeThreads="4">
  <mem-info id="310" free="9437184" total="26214400" percent="36">
    <mem type="eden" free="1015616" total="1048576" percent="96" />
    <remembered-set count="10752" freebytes="1003392" totalbytes="1046400" percent="95" regionsoverflowed="0" regionsstable="0" regionsrebuilding="0"/>
  </mem-info>
</gc-end>
<cycle-end id="311" type="partial gc" contextid="302" timestamp="2019-06-14T22:40:41.947" />
  <attribute name="elasticGC enabled" value="1" />
  <attribute name= "numThreadsSpecified" value="4" />
  <attribute name="heapSize specified" value="0" />
  <attribute name="Current GC Util" value="116" />
  <attribute name= "Current Time Running" value="49536" />
  <attribute name ="GC Interval" value="0" />
  <attribute name="ProportionalT" value="48.000000" />
  <attribute name="ProportionalI" value="48.000000" />
  <attribute name="ProportionalH" value="48.000000" />
  <attribute name="Current Error" value="96.000000" />
  <attribute name="IntegralT" value="96.000000" />
  <attribute name="IntegralI" value="96.000000" />
  <attribute name="IntegralH" value="96.000000" />
  <attribute name="DerivativeT" value="-44.000000" />
  <attribute name="DerivativeI" value="-44.000000" />
  <attribute name="DerivativeH" value="-44.000000" />
  <attribute name="Loop Time for DT" value="1.000000" />
  <attribute name="Output H" value="8388608"/>
  <attribute name="Output I" value="200"/>
  <attribute name="Output T" value="4"/>
  <attribute name="Target GC Util Change" value ="20.000000" />
  <attribute name="Current GC Util Change" value="116.000000"/>
  <attribute name="GC Util currently" value="116" />
  <attribute name="CPU Util currently" value="7206468777976" />
<exclusive-end id="312" timestamp="2019-06-14T22:40:41.947" durationms="6.724" />

<exclusive-start id="313" timestamp="2019-06-14T22:40:43.028" intervalms="1087.644">
  <response-info timems="0.043" idlems="0.043" threads="0" lastid="00000000011FB700" lastname="main" />
</exclusive-start>
<allocation-taxation id="314" taxation-threshold="9437184" timestamp="2019-06-14T22:40:43.029" intervalms="1087.617" />
<cycle-start id="315" type="partial gc" contextid="0" timestamp="2019-06-14T22:40:43.029" intervalms="1087.597" />
<gc-start id="316" type="partial gc" contextid="315" timestamp="2019-06-14T22:40:43.029">
  <mem-info id="317" free="0" total="26214400" percent="0">
    <mem type="eden" free="1015616" total="10485760" percent="9" />
    <remembered-set count="10752" freebytes="1003392" totalbytes="1046400" percent="95" regionsoverflowed="0" regionsstable="0" regionsrebuilding="0"/>
  </mem-info>
</gc-start>
<allocation-stats totalBytes="9435664" >
  <allocated-bytes non-tlh="35592" tlh="9400072" arrayletleaf="0"/>
  <largest-consumer threadName="main" threadId="00000000011FB700" bytes="9435664" />
</allocation-stats>
<gc-op id="318" type="mark" timems="2.825" contextid="315" timestamp="2019-06-14T22:40:43.033">
  <trace-info objectcount="5831" scancount="3858" scanbytes="127356" />
  <cardclean-info objects="314" bytes="16768" />
  <remembered-set-cleared processed="9130" cleared="170" durationms="0.258" />
  <references type="soft" candidates="3" cleared="0" enqueued="0" dynamicThreshold="11" maxThreshold="32" />
  <references type="weak" candidates="27" cleared="17" enqueued="17" />
  <references type="phantom" candidates="4" cleared="2" enqueued="2" />
  <stringconstants candidates="9082" cleared="0"  />
  <warning details="Mark invoked due to insufficient free space for Copy-Forward" />
</gc-op>
<gc-op id="319" type="classunload" timems="0.004" contextid="315" timestamp="2019-06-14T22:40:43.033">
  <classunload-info classloadercandidates="17" classloadersunloaded="0" classesunloaded="0" anonymousclassesunloaded="0" quiescems="0.000" setupms="0.004" scanms="0.000" postms="0.000" />
</gc-op>
<gc-op id="320" type="sweep" timems="0.685" contextid="315" timestamp="2019-06-14T22:40:43.034" />
<gc-op id="321" type="compact" timems="2.775" contextid="315" timestamp="2019-06-14T22:40:43.037">
  <compact-info movecount="5831" movebytes="259200" />
  <remembered-set-cleared processed="18615" cleared="662" durationms="0.258" />
</gc-op>
<heap-resize id="322" type="expand" space="default" amount="1048576" count="1" timems="0.083" reason="insufficient free space following gc" timestamp="2019-06-14T22:40:43.038" />
<gc-end id="323" type="partial gc" contextid="315" durationms="8.886" usertimems="16.000" systemtimems="0.000" timestamp="2019-06-14T22:40:43.038" activeThreads="4">
  <mem-info id="324" free="10485760" total="27262976" percent="38">
    <mem type="eden" free="789376" total="1048576" percent="75" />
    <pending-finalizers system="0" default="0" reference="19" classloader="0" />
    <remembered-set count="11648" freebytes="1041664" totalbytes="1088256" percent="95" regionsoverflowed="0" regionsstable="0" regionsrebuilding="0"/>
  </mem-info>
</gc-end>
<cycle-end id="325" type="partial gc" contextid="315" timestamp="2019-06-14T22:40:43.038" />
  <attribute name="elasticGC enabled" value="1" />
  <attribute name= "numThreadsSpecified" value="4" />
  <attribute name="heapSize specified" value="0" />
  <attribute name="Current GC Util" value="89" />
  <attribute name= "Current Time Running" value="50625" />
  <attribute name ="GC Interval" value="0" />
  <attribute name="ProportionalT" value="34.500000" />
  <attribute name="ProportionalI" value="34.500000" />
  <attribute name="ProportionalH" value="34.500000" />
  <attribute name="Current Error" value="69.000000" />
  <attribute name="IntegralT" value="69.000000" />
  <attribute name="IntegralI" value="69.000000" />
  <attribute name="IntegralH" value="69.000000" />
  <attribute name="DerivativeT" value="-37.000000" />
  <attribute name="DerivativeI" value="-37.000000" />
  <attribute name="DerivativeH" value="-37.000000" />
  <attribute name="Loop Time for DT" value="1.000000" />
  <attribute name="Output H" value="8388608"/>
  <attribute name="Output I" value="200"/>
  <attribute name="Output T" value="4"/>
  <attribute name="Target GC Util Change" value ="20.000000" />
  <attribute name="Current GC Util Change" value="89.000000"/>
  <attribute name="GC Util currently" value="89" />
  <attribute name="CPU Util currently" value="4596109794003" />
<exclusive-end id="326" timestamp="2019-06-14T22:40:43.038" durationms="10.128" />

</verbosegc>

