<?xml version="1.0" ?>

<verbosegc xmlns="http://www.ibm.com/j9/verbosegc" version="10b4217_CMPRSS">

<initialized id="1" timestamp="2019-06-16T21:05:05.430">
  <attribute name="gcPolicy" value="-Xgcpolicy:optavgpause" />
  <attribute name="elasticGC enabled" value="1" />
  <attribute name= "numThreadsSpecified" value="0" />
  <attribute name="heapSize specified" value="0" />
  <attribute name="Current GC Util" value="0" />
  <attribute name= "Current Time Running" value="0" />
  <attribute name ="GC Interval" value="0" />
  <attribute name="ProportionalT" value="0.000000" />
  <attribute name="ProportionalI" value="0.000000" />
  <attribute name="ProportionalH" value="0.000000" />
  <attribute name="IntegralT" value="0.000000" />
  <attribute name="IntegralI" value="0.000000" />
  <attribute name="IntegralH" value="0.000000" />
  <attribute name="DerivativeT" value="0.000000" />
  <attribute name="DerivativeI" value="0.000000" />
  <attribute name="DerivativeH" value="0.000000" />
  <attribute name="Target GC Util Change" value ="0.000000" />
  <attribute name="Current GC Util Change" value="0.000000"/>
  <attribute name="Current Error" value="0.000000" />
  <attribute name="Loop Time for DT" value="0.000000" />
  <attribute name="Output H" value="0"/>
  <attribute name="Output I" value="0"/>
  <attribute name="Output T" value="0"/>
  <attribute name="GC Util currently" value="0" />
  <attribute name="CPU Util currently" value="0" />
  <attribute name="maxHeapSize" value="0x7cbc0000" />
  <attribute name="initialHeapSize" value="0x800000" />
  <attribute name="compressedRefs" value="true" />
  <attribute name="compressedRefsDisplacement" value="0x0" />
  <attribute name="compressedRefsShift" value="0x0" />
  <attribute name="pageSize" value="0x1000" />
  <attribute name="pageType" value="not used" />
  <attribute name="requestedPageSize" value="0x1000" />
  <attribute name="requestedPageType" value="not used" />
  <attribute name="gcthreads" value="4" />
  <attribute name="packetListSplit" value="4" />
  <attribute name="cacheListSplit" value="4" />
  <attribute name="splitFreeListSplitAmount" value="1" />
  <attribute name="numaNodes" value="0" />
  <system>
    <attribute name="physicalMemory" value="8370962432" />
    <attribute name="numCPUs" value="4" />
    <attribute name="architecture" value="amd64" />
    <attribute name="os" value="Linux" />
    <attribute name="osVersion" value="4.4.0-148-generic" />
  </system>
  <vmargs>
    <vmarg name="-Xoptionsfile=/vagrant/jdk/lib/options.default" />
    <vmarg name="-Xlockword:mode=default,noLockword=java/lang/String,noLockword=java/util/MapEntry,noLockword=java/util/HashMap$Entry,noLockword..." />
    <vmarg name="-Xjcl:jclse29" />
    <vmarg name="-Dcom.ibm.oti.vm.bootstrap.library.path=/vagrant/jdk/lib/compressedrefs:/vagrant/jdk/lib" />
    <vmarg name="-Dsun.boot.library.path=/vagrant/jdk/lib/compressedrefs:/vagrant/jdk/lib" />
    <vmarg name="-Djava.library.path=/vagrant/jdk/lib/compressedrefs:/vagrant/jdk/lib:/usr/lib64:/usr/lib" />
    <vmarg name="-Djava.home=/vagrant/jdk" />
    <vmarg name="-Duser.dir=/vagrant" />
    <vmarg name="-Xgcpolicy:optavgpause" />
    <vmarg name="-Xgcelastic" />
    <vmarg name="-Xcheck:gc:::elasticGC" />
    <vmarg name="-verbose:gc" />
    <vmarg name="-Xloggc:large-OPTAVGPAUSE-jdk-1-1-0.5-verbose16jython.txt" />
    <vmarg name="-Djava.class.path=dacapo-9.12-MR1-bach.jar" />
    <vmarg name="-Dsun.java.command=dacapo-9.12-MR1-bach.jar jython --size=large" />
    <vmarg name="-Dsun.java.launcher=SUN_STANDARD" />
    <vmarg name="-Dsun.java.launcher.pid=31719" />
  </vmargs>
</initialized>

<exclusive-start id="2" timestamp="2019-06-16T21:05:07.596" intervalms="2165.610">
  <response-info timems="0.023" idlems="0.023" threads="0" lastid="0000000000DBC700" lastname="main" />
</exclusive-start>
<af-start id="3" threadId="0000000000DBD088" totalBytesRequested="2056" timestamp="2019-06-16T21:05:07.596" intervalms="2165.831" />
<cycle-start id="4" type="global" contextid="0" timestamp="2019-06-16T21:05:07.596" intervalms="2166.126" />
<gc-start id="5" type="global" contextid="4" timestamp="2019-06-16T21:05:07.597">
  <mem-info id="6" free="418816" total="8388608" percent="4">
    <mem type="tenure" free="418816" total="8388608" percent="4">
      <mem type="soa" free="0" total="7969792" percent="0" />
      <mem type="loa" free="418816" total="418816" percent="100" />
    </mem>
  </mem-info>
</gc-start>
<allocation-stats totalBytes="7913208" >
  <allocated-bytes non-tlh="316104" tlh="7597104" />
  <largest-consumer threadName="main" threadId="0000000000DBC700" bytes="7835680" />
</allocation-stats>
<gc-op id="7" type="mark" timems="1.677" contextid="4" timestamp="2019-06-16T21:05:07.598">
  <trace-info objectcount="17674" scancount="14622" scanbytes="461016" />
  <finalization candidates="14" enqueued="1" />
  <references type="soft" candidates="63" cleared="0" enqueued="0" dynamicThreshold="32" maxThreshold="32" />
  <references type="weak" candidates="544" cleared="401" enqueued="362" />
  <references type="phantom" candidates="105" cleared="44" enqueued="44" />
  <stringconstants candidates="2406" cleared="0"  />
</gc-op>
<gc-op id="8" type="classunload" timems="0.080" contextid="4" timestamp="2019-06-16T21:05:07.599">
  <classunload-info classloadercandidates="5" classloadersunloaded="0" classesunloaded="0" anonymousclassesunloaded="0" quiescems="0.000" setupms="0.080" scanms="0.000" postms="0.000" />
</gc-op>
<gc-op id="9" type="sweep" timems="0.656" contextid="4" timestamp="2019-06-16T21:05:07.599" />
<mem-info id="10" free="7188312" total="8388608" percent="85">
  <mem type="tenure" free="7188312" total="8388608" percent="85" micro-fragmented="179871">
    <mem type="soa" free="6769496" total="7969792" percent="84" />
    <mem type="loa" free="418816" total="418816" percent="100" />
  </mem>
  <pending-finalizers system="1" default="0" reference="406" classloader="0" />
</mem-info>
<gc-op id="11" type="compact" timems="3.926" contextid="4" timestamp="2019-06-16T21:05:07.603">
  <compact-info movecount="17673" movebytes="961720" reason="compact to aid heap contraction" />
</gc-op>
<heap-resize id="12" type="expand" space="tenure" amount="2084241408" count="1" timems="0.254" reason="satisfy allocation request" timestamp="2019-06-16T21:05:07.604" />
<gc-end id="13" type="global" contextid="4" durationms="7.730" usertimems="4.000" systemtimems="8.000" timestamp="2019-06-16T21:05:07.604" activeThreads="4">
  <mem-info id="14" free="2091602672" total="2092630016" percent="99">
    <mem type="tenure" free="2091602672" total="2092630016" percent="99">
      <mem type="soa" free="1986971376" total="1987998720" percent="99" />
      <mem type="loa" free="104631296" total="104631296" percent="100" />
    </mem>
    <pending-finalizers system="1" default="0" reference="406" classloader="0" />
  </mem-info>
</gc-end>
<cycle-end id="15" type="global" contextid="4" timestamp="2019-06-16T21:05:07.605" />
  <attribute name="elasticGC enabled" value="1" />
  <attribute name= "numThreadsSpecified" value="4" />
  <attribute name="heapSize specified" value="8388608" />
  <attribute name="Current GC Util" value="30" />
  <attribute name= "Current Time Running" value="2010" />
  <attribute name ="GC Interval" value="0" />
  <attribute name="ProportionalT" value="10.000000" />
  <attribute name="ProportionalI" value="10.000000" />
  <attribute name="ProportionalH" value="10.000000" />
  <attribute name="Current Error" value="10.000000" />
  <attribute name="IntegralT" value="-39936.000000" />
  <attribute name="IntegralI" value="-39936.000000" />
  <attribute name="IntegralH" value="-39936.000000" />
  <attribute name="DerivativeT" value="1.250000" />
  <attribute name="DerivativeI" value="1.250000" />
  <attribute name="DerivativeH" value="1.250000" />
  <attribute name="Loop Time for DT" value="4.000000" />
  <attribute name="Output H" value="2092630016"/>
  <attribute name="Output I" value="200"/>
  <attribute name="Output T" value="4"/>
  <attribute name="Target GC Util Change" value ="20.000000" />
  <attribute name="Current GC Util Change" value="30.000000"/>
  <attribute name="GC Util currently" value="30" />
  <attribute name="CPU Util currently" value="43" />
<allocation-satisfied id="16" threadId="0000000000DBC700" bytesRequested="2056" />
<af-end id="17" timestamp="2019-06-16T21:05:07.605" threadId="0000000000DBD088" success="true" />
<exclusive-end id="18" timestamp="2019-06-16T21:05:07.605" durationms="8.926" />

<exclusive-start id="19" timestamp="2019-06-16T21:05:12.232" intervalms="4635.728">
  <response-info timems="0.030" idlems="0.030" threads="0" lastid="0000000000DBC700" lastname="main" />
</exclusive-start>
<sys-start reason="explicit" id="20" timestamp="2019-06-16T21:05:12.232" intervalms="6801.503" />
<cycle-start id="21" type="global" contextid="0" timestamp="2019-06-16T21:05:12.232" intervalms="4635.530" />
<gc-start id="22" type="global" contextid="21" timestamp="2019-06-16T21:05:12.232">
  <mem-info id="23" free="2021976952" total="2092630016" percent="96">
    <mem type="tenure" free="2021976952" total="2092630016" percent="96">
      <mem type="soa" free="1917345656" total="1987998720" percent="96" />
      <mem type="loa" free="104631296" total="104631296" percent="100" />
    </mem>
  </mem-info>
</gc-start>
<allocation-stats totalBytes="69655552" >
  <allocated-bytes non-tlh="3553144" tlh="66102408" />
  <largest-consumer threadName="main" threadId="0000000000DBC700" bytes="69586464" />
</allocation-stats>
<gc-op id="24" type="mark" timems="14.263" contextid="21" timestamp="2019-06-16T21:05:12.247">
  <trace-info objectcount="75489" scancount="63019" scanbytes="2110612" />
  <finalization candidates="81" enqueued="1" />
  <ownableSynchronizers candidates="21" cleared="0" />
  <references type="soft" candidates="1640" cleared="0" enqueued="0" dynamicThreshold="31" maxThreshold="32" />
  <references type="weak" candidates="5227" cleared="734" enqueued="570" />
  <references type="phantom" candidates="115" cleared="15" enqueued="15" />
  <stringconstants candidates="8680" cleared="15"  />
</gc-op>
<gc-op id="25" type="classunload" timems="0.433" contextid="21" timestamp="2019-06-16T21:05:12.247">
  <classunload-info classloadercandidates="17" classloadersunloaded="1" classesunloaded="1" anonymousclassesunloaded="0" quiescems="0.000" setupms="0.424" scanms="0.007" postms="0.002" />
</gc-op>
<gc-op id="26" type="sweep" timems="3.313" contextid="21" timestamp="2019-06-16T21:05:12.251" />
<mem-info id="27" free="2087389024" total="2092630016" percent="99">
  <mem type="tenure" free="2087389024" total="2092630016" percent="99" micro-fragmented="677830">
    <mem type="soa" free="1982757728" total="1987998720" percent="99" />
    <mem type="loa" free="104631296" total="104631296" percent="100" />
  </mem>
  <pending-finalizers system="1" default="0" reference="585" classloader="0" />
</mem-info>
<gc-op id="28" type="compact" timems="20.202" contextid="21" timestamp="2019-06-16T21:05:12.271">
  <compact-info movecount="75441" movebytes="4274416" reason="compact to aid heap contraction" />
</gc-op>
<gc-end id="29" type="global" contextid="21" durationms="39.866" usertimems="48.000" systemtimems="12.000" timestamp="2019-06-16T21:05:12.272" activeThreads="4">
  <mem-info id="30" free="2088354328" total="2092630016" percent="99">
    <mem type="tenure" free="2088354328" total="2092630016" percent="99">
      <mem type="soa" free="1983723032" total="1987998720" percent="99" />
      <mem type="loa" free="104631296" total="104631296" percent="100" />
    </mem>
    <pending-finalizers system="1" default="0" reference="585" classloader="0" />
  </mem-info>
</gc-end>
<cycle-end id="31" type="global" contextid="21" timestamp="2019-06-16T21:05:12.272" />
  <attribute name="elasticGC enabled" value="1" />
  <attribute name= "numThreadsSpecified" value="4" />
  <attribute name="heapSize specified" value="2092630016" />
  <attribute name="Current GC Util" value="162" />
  <attribute name= "Current Time Running" value="6678" />
  <attribute name ="GC Interval" value="0" />
  <attribute name="ProportionalT" value="142.000000" />
  <attribute name="ProportionalI" value="142.000000" />
  <attribute name="ProportionalH" value="142.000000" />
  <attribute name="Current Error" value="142.000000" />
  <attribute name="IntegralT" value="2982.000000" />
  <attribute name="IntegralI" value="2982.000000" />
  <attribute name="IntegralH" value="2982.000000" />
  <attribute name="DerivativeT" value="1.976190" />
  <attribute name="DerivativeI" value="1.976190" />
  <attribute name="DerivativeH" value="1.976190" />
  <attribute name="Loop Time for DT" value="21.000000" />
  <attribute name="Output H" value="8388608"/>
  <attribute name="Output I" value="3128"/>
  <attribute name="Output T" value="4"/>
  <attribute name="Target GC Util Change" value ="20.000000" />
  <attribute name="Current GC Util Change" value="162.000000"/>
  <attribute name="GC Util currently" value="162" />
  <attribute name="CPU Util currently" value="225784351351" />
<sys-end id="32" timestamp="2019-06-16T21:05:12.272" />
<exclusive-end id="33" timestamp="2019-06-16T21:05:12.272" durationms="40.817" />

<exclusive-start id="34" timestamp="2019-06-16T21:05:17.129" intervalms="4897.005">
  <response-info timems="0.076" idlems="0.076" threads="0" lastid="0000000000DBC700" lastname="main" />
</exclusive-start>
<af-start id="35" threadId="0000000000DBD088" totalBytesRequested="136" timestamp="2019-06-16T21:05:17.129" intervalms="9532.762" />
<cycle-start id="36" type="global" contextid="0" timestamp="2019-06-16T21:05:17.129" intervalms="4897.146" />
<gc-start id="37" type="global" contextid="36" timestamp="2019-06-16T21:05:17.129">
  <mem-info id="38" free="104631296" total="2092630016" percent="4">
    <mem type="tenure" free="104631296" total="2092630016" percent="4">
      <mem type="soa" free="0" total="1987998720" percent="0" />
      <mem type="loa" free="104631296" total="104631296" percent="100" />
    </mem>
  </mem-info>
</gc-start>
<allocation-stats totalBytes="1981195976" >
  <allocated-bytes non-tlh="14255488" tlh="1966940488" />
  <largest-consumer threadName="main" threadId="0000000000DBC700" bytes="1981168096" />
</allocation-stats>
<gc-op id="39" type="mark" timems="15.494" contextid="36" timestamp="2019-06-16T21:05:17.145">
  <trace-info objectcount="608084" scancount="528677" scanbytes="13644024" />
  <finalization candidates="85" enqueued="5" />
  <ownableSynchronizers candidates="21" cleared="0" />
  <references type="soft" candidates="4854" cleared="0" enqueued="0" dynamicThreshold="31" maxThreshold="32" />
  <references type="weak" candidates="5673" cleared="80" enqueued="73" />
  <references type="phantom" candidates="107" cleared="5" enqueued="5" />
  <stringconstants candidates="13790" cleared="24"  />
</gc-op>
<gc-op id="40" type="classunload" timems="0.507" contextid="36" timestamp="2019-06-16T21:05:17.146">
  <classunload-info classloadercandidates="59" classloadersunloaded="3" classesunloaded="3" anonymousclassesunloaded="0" quiescems="0.000" setupms="0.490" scanms="0.013" postms="0.004" />
</gc-op>
<gc-op id="41" type="sweep" timems="147.178" contextid="36" timestamp="2019-06-16T21:05:17.293" />
<mem-info id="42" free="2063272984" total="2092630016" percent="98">
  <mem type="tenure" free="2063272984" total="2092630016" percent="98" micro-fragmented="1758073">
    <mem type="soa" free="1958641688" total="1987998720" percent="98" />
    <mem type="loa" free="104631296" total="104631296" percent="100" />
  </mem>
  <pending-finalizers system="0" default="5" reference="78" classloader="0" />
</mem-info>
<gc-op id="43" type="compact" timems="41.847" contextid="36" timestamp="2019-06-16T21:05:17.335">
  <compact-info movecount="606141" movebytes="17750792" reason="compact to aid heap contraction" />
</gc-op>
<gc-end id="44" type="global" contextid="36" durationms="206.375" usertimems="292.000" systemtimems="12.000" timestamp="2019-06-16T21:05:17.336" activeThreads="4">
  <mem-info id="45" free="2074396112" total="2092630016" percent="99">
    <mem type="tenure" free="2074396112" total="2092630016" percent="99">
      <mem type="soa" free="1969764816" total="1987998720" percent="99" />
      <mem type="loa" free="104631296" total="104631296" percent="100" />
    </mem>
    <pending-finalizers system="0" default="5" reference="78" classloader="0" />
  </mem-info>
</gc-end>
<cycle-end id="46" type="global" contextid="36" timestamp="2019-06-16T21:05:17.336" />
  <attribute name="elasticGC enabled" value="1" />
  <attribute name= "numThreadsSpecified" value="4" />
  <attribute name="heapSize specified" value="2092630016" />
  <attribute name="Current GC Util" value="226" />
  <attribute name= "Current Time Running" value="11742" />
  <attribute name ="GC Interval" value="0" />
  <attribute name="ProportionalT" value="206.000000" />
  <attribute name="ProportionalI" value="206.000000" />
  <attribute name="ProportionalH" value="206.000000" />
  <attribute name="Current Error" value="206.000000" />
  <attribute name="IntegralT" value="8652.000000" />
  <attribute name="IntegralI" value="8652.000000" />
  <attribute name="IntegralH" value="8652.000000" />
  <attribute name="DerivativeT" value="2.452381" />
  <attribute name="DerivativeI" value="2.452381" />
  <attribute name="DerivativeH" value="2.452381" />
  <attribute name="Loop Time for DT" value="42.000000" />
  <attribute name="Output H" value="8388608"/>
  <attribute name="Output I" value="4000"/>
  <attribute name="Output T" value="4"/>
  <attribute name="Target GC Util Change" value ="20.000000" />
  <attribute name="Current GC Util Change" value="226.000000"/>
  <attribute name="GC Util currently" value="226" />
  <attribute name="CPU Util currently" value="109632939172" />
<allocation-satisfied id="47" threadId="0000000000DBC700" bytesRequested="136" />
<af-end id="48" timestamp="2019-06-16T21:05:17.337" threadId="0000000000DBD088" success="true" />
<exclusive-end id="49" timestamp="2019-06-16T21:05:17.337" durationms="208.029" />

<exclusive-start id="50" timestamp="2019-06-16T21:05:24.283" intervalms="7154.266">
  <response-info timems="0.116" idlems="0.116" threads="0" lastid="0000000000DBC700" lastname="main" />
</exclusive-start>
<af-start id="51" threadId="0000000000DBD088" totalBytesRequested="1168" timestamp="2019-06-16T21:05:24.283" intervalms="7154.322" />
<cycle-start id="52" type="global" contextid="0" timestamp="2019-06-16T21:05:24.283" intervalms="7154.273" />
<gc-start id="53" type="global" contextid="52" timestamp="2019-06-16T21:05:24.284">
  <mem-info id="54" free="104631296" total="2092630016" percent="4">
    <mem type="tenure" free="104631296" total="2092630016" percent="4">
      <mem type="soa" free="0" total="1987998720" percent="0" />
      <mem type="loa" free="104631296" total="104631296" percent="100" />
    </mem>
  </mem-info>
</gc-start>
<allocation-stats totalBytes="1967763544" >
  <allocated-bytes non-tlh="29440" tlh="1967734104" />
  <largest-consumer threadName="main" threadId="0000000000DBC700" bytes="1967751136" />
</allocation-stats>
<gc-op id="55" type="mark" timems="8.434" contextid="52" timestamp="2019-06-16T21:05:24.292">
  <trace-info objectcount="610256" scancount="530258" scanbytes="13683116" />
  <finalization candidates="80" enqueued="0" />
  <ownableSynchronizers candidates="21" cleared="0" />
  <references type="soft" candidates="4867" cleared="0" enqueued="0" dynamicThreshold="31" maxThreshold="32" />
  <references type="weak" candidates="5700" cleared="12" enqueued="9" />
  <references type="phantom" candidates="102" cleared="1" enqueued="1" />
  <stringconstants candidates="13843" cleared="0"  />
</gc-op>
<gc-op id="56" type="sweep" timems="289.332" contextid="52" timestamp="2019-06-16T21:05:24.582" />
<mem-info id="57" free="2074254448" total="2092630016" percent="99">
  <mem type="tenure" free="2074254448" total="2092630016" percent="99" micro-fragmented="25128">
    <mem type="soa" free="1969623152" total="1987998720" percent="99" />
    <mem type="loa" free="104631296" total="104631296" percent="100" />
  </mem>
  <pending-finalizers system="0" default="0" reference="10" classloader="0" />
</mem-info>
<gc-op id="58" type="compact" timems="34.645" contextid="52" timestamp="2019-06-16T21:05:24.617">
  <compact-info movecount="500470" movebytes="15352216" reason="compact to aid heap contraction" />
</gc-op>
<gc-end id="59" type="global" contextid="52" durationms="333.515" usertimems="432.000" systemtimems="20.000" timestamp="2019-06-16T21:05:24.617" activeThreads="4">
  <mem-info id="60" free="2074225968" total="2092630016" percent="99">
    <mem type="tenure" free="2074225968" total="2092630016" percent="99">
      <mem type="soa" free="1969594672" total="1987998720" percent="99" />
      <mem type="loa" free="104631296" total="104631296" percent="100" />
    </mem>
    <pending-finalizers system="0" default="0" reference="10" classloader="0" />
  </mem-info>
</gc-end>
<cycle-end id="61" type="global" contextid="52" timestamp="2019-06-16T21:05:24.618" />
  <attribute name="elasticGC enabled" value="1" />
  <attribute name= "numThreadsSpecified" value="4" />
  <attribute name="heapSize specified" value="2092630016" />
  <attribute name="Current GC Util" value="288" />
  <attribute name= "Current Time Running" value="19023" />
  <attribute name ="GC Interval" value="0" />
  <attribute name="ProportionalT" value="268.000000" />
  <attribute name="ProportionalI" value="268.000000" />
  <attribute name="ProportionalH" value="268.000000" />
  <attribute name="Current Error" value="268.000000" />
  <attribute name="IntegralT" value="9380.000000" />
  <attribute name="IntegralI" value="9380.000000" />
  <attribute name="IntegralH" value="9380.000000" />
  <attribute name="DerivativeT" value="3.828571" />
  <attribute name="DerivativeI" value="3.828571" />
  <attribute name="DerivativeH" value="3.828571" />
  <attribute name="Loop Time for DT" value="35.000000" />
  <attribute name="Output H" value="8388608"/>
  <attribute name="Output I" value="4000"/>
  <attribute name="Output T" value="4"/>
  <attribute name="Target GC Util Change" value ="20.000000" />
  <attribute name="Current GC Util Change" value="288.000000"/>
  <attribute name="GC Util currently" value="288" />
  <attribute name="CPU Util currently" value="132647214324" />
<allocation-satisfied id="62" threadId="0000000000DBC700" bytesRequested="1168" />
<af-end id="63" timestamp="2019-06-16T21:05:24.618" threadId="0000000000DBD088" success="true" />
<exclusive-end id="64" timestamp="2019-06-16T21:05:24.618" durationms="334.890" />

<exclusive-start id="65" timestamp="2019-06-16T21:05:25.764" intervalms="1480.839">
  <response-info timems="0.127" idlems="0.127" threads="0" lastid="0000000000DBC700" lastname="main" />
</exclusive-start>
<af-start id="66" threadId="0000000000DBD088" totalBytesRequested="544" timestamp="2019-06-16T21:05:25.764" intervalms="1480.855" />
<cycle-start id="67" type="global" contextid="0" timestamp="2019-06-16T21:05:25.764" intervalms="1480.869" />
<gc-start id="68" type="global" contextid="67" timestamp="2019-06-16T21:05:25.764">
  <mem-info id="69" free="104631296" total="2092630016" percent="4">
    <mem type="tenure" free="104631296" total="2092630016" percent="4">
      <mem type="soa" free="0" total="1987998720" percent="0" />
      <mem type="loa" free="104631296" total="104631296" percent="100" />
    </mem>
  </mem-info>
</gc-start>
<allocation-stats totalBytes="1967989600" >
  <allocated-bytes non-tlh="0" tlh="1967989600" />
  <largest-consumer threadName="main" threadId="0000000000DBC700" bytes="1967989600" />
</allocation-stats>
<gc-op id="70" type="mark" timems="9.185" contextid="67" timestamp="2019-06-16T21:05:25.774">
  <trace-info objectcount="610298" scancount="530307" scanbytes="13684420" />
  <finalization candidates="80" enqueued="0" />
  <ownableSynchronizers candidates="21" cleared="0" />
  <references type="soft" candidates="4867" cleared="0" enqueued="0" dynamicThreshold="31" maxThreshold="32" />
  <references type="weak" candidates="5715" cleared="7" enqueued="3" />
  <references type="phantom" candidates="101" cleared="0" enqueued="0" />
  <stringconstants candidates="13843" cleared="0"  />
</gc-op>
<gc-op id="71" type="sweep" timems="246.233" contextid="67" timestamp="2019-06-16T21:05:26.020" />
<mem-info id="72" free="2074278944" total="2092630016" percent="99">
  <mem type="tenure" free="2074278944" total="2092630016" percent="99" micro-fragmented="0">
    <mem type="soa" free="1969647648" total="1987998720" percent="99" />
    <mem type="loa" free="104631296" total="104631296" percent="100" />
  </mem>
  <pending-finalizers system="0" default="0" reference="3" classloader="0" />
</mem-info>
<gc-op id="73" type="compact" timems="25.829" contextid="67" timestamp="2019-06-16T21:05:26.047">
  <compact-info movecount="393320" movebytes="10206632" reason="compact to aid heap contraction" />
</gc-op>
<gc-end id="74" type="global" contextid="67" durationms="282.516" usertimems="360.000" systemtimems="16.000" timestamp="2019-06-16T21:05:26.047" activeThreads="4">
  <mem-info id="75" free="2074289280" total="2092630016" percent="99">
    <mem type="tenure" free="2074289280" total="2092630016" percent="99">
      <mem type="soa" free="1969657984" total="1987998720" percent="99" />
      <mem type="loa" free="104631296" total="104631296" percent="100" />
    </mem>
    <pending-finalizers system="0" default="0" reference="3" classloader="0" />
  </mem-info>
</gc-end>
<cycle-end id="76" type="global" contextid="67" timestamp="2019-06-16T21:05:26.047" />
  <attribute name="elasticGC enabled" value="1" />
  <attribute name= "numThreadsSpecified" value="4" />
  <attribute name="heapSize specified" value="2092630016" />
  <attribute name="Current GC Util" value="288" />
  <attribute name= "Current Time Running" value="20453" />
  <attribute name ="GC Interval" value="0" />
  <attribute name="ProportionalT" value="268.000000" />
  <attribute name="ProportionalI" value="268.000000" />
  <attribute name="ProportionalH" value="268.000000" />
  <attribute name="Current Error" value="268.000000" />
  <attribute name="IntegralT" value="6968.000000" />
  <attribute name="IntegralI" value="6968.000000" />
  <attribute name="IntegralH" value="6968.000000" />
  <attribute name="DerivativeT" value="5.153846" />
  <attribute name="DerivativeI" value="5.153846" />
  <attribute name="DerivativeH" value="5.153846" />
  <attribute name="Loop Time for DT" value="26.000000" />
  <attribute name="Output H" value="8388608"/>
  <attribute name="Output I" value="4000"/>
  <attribute name="Output T" value="4"/>
  <attribute name="Target GC Util Change" value ="20.000000" />
  <attribute name="Current GC Util Change" value="288.000000"/>
  <attribute name="GC Util currently" value="288" />
  <attribute name="CPU Util currently" value="177729117638" />
<allocation-satisfied id="77" threadId="0000000000DBC700" bytesRequested="544" />
<af-end id="78" timestamp="2019-06-16T21:05:26.047" threadId="0000000000DBD088" success="true" />
<exclusive-end id="79" timestamp="2019-06-16T21:05:26.047" durationms="283.703" />

<exclusive-start id="80" timestamp="2019-06-16T21:05:26.970" intervalms="1206.545">
  <response-info timems="0.053" idlems="0.053" threads="0" lastid="0000000000DBC700" lastname="main" />
</exclusive-start>
<af-start id="81" threadId="0000000000DBD088" totalBytesRequested="32" timestamp="2019-06-16T21:05:26.971" intervalms="1206.511" />
<cycle-start id="82" type="global" contextid="0" timestamp="2019-06-16T21:05:26.971" intervalms="1206.499" />
<gc-start id="83" type="global" contextid="82" timestamp="2019-06-16T21:05:26.971">
  <mem-info id="84" free="104631296" total="2092630016" percent="4">
    <mem type="tenure" free="104631296" total="2092630016" percent="4">
      <mem type="soa" free="0" total="1987998720" percent="0" />
      <mem type="loa" free="104631296" total="104631296" percent="100" />
    </mem>
  </mem-info>
</gc-start>
<allocation-stats totalBytes="1966776952" >
  <allocated-bytes non-tlh="0" tlh="1966776952" />
  <largest-consumer threadName="main" threadId="0000000000DBC700" bytes="1966776952" />
</allocation-stats>
<gc-op id="85" type="mark" timems="11.525" contextid="82" timestamp="2019-06-16T21:05:26.983">
  <trace-info objectcount="610344" scancount="530347" scanbytes="13685772" />
  <finalization candidates="80" enqueued="0" />
  <ownableSynchronizers candidates="21" cleared="0" />
  <references type="soft" candidates="4867" cleared="0" enqueued="0" dynamicThreshold="31" maxThreshold="32" />
  <references type="weak" candidates="5737" cleared="7" enqueued="3" />
  <references type="phantom" candidates="101" cleared="0" enqueued="0" />
  <stringconstants candidates="13843" cleared="0"  />
</gc-op>
<gc-op id="86" type="sweep" timems="229.355" contextid="82" timestamp="2019-06-16T21:05:27.212" />
<mem-info id="87" free="2074281888" total="2092630016" percent="99">
  <mem type="tenure" free="2074281888" total="2092630016" percent="99" micro-fragmented="3331">
    <mem type="soa" free="1969650592" total="1987998720" percent="99" />
    <mem type="loa" free="104631296" total="104631296" percent="100" />
  </mem>
  <pending-finalizers system="0" default="0" reference="3" classloader="0" />
</mem-info>
<gc-op id="88" type="compact" timems="51.276" contextid="82" timestamp="2019-06-16T21:05:27.264">
  <compact-info movecount="390652" movebytes="10238248" reason="compact to aid heap contraction" />
</gc-op>
<gc-end id="89" type="global" contextid="82" durationms="293.440" usertimems="364.000" systemtimems="20.000" timestamp="2019-06-16T21:05:27.264" activeThreads="4">
  <mem-info id="90" free="2074290032" total="2092630016" percent="99">
    <mem type="tenure" free="2074290032" total="2092630016" percent="99">
      <mem type="soa" free="1969658736" total="1987998720" percent="99" />
      <mem type="loa" free="104631296" total="104631296" percent="100" />
    </mem>
    <pending-finalizers system="0" default="0" reference="3" classloader="0" />
  </mem-info>
</gc-end>
<cycle-end id="91" type="global" contextid="82" timestamp="2019-06-16T21:05:27.265" />
  <attribute name="elasticGC enabled" value="1" />
  <attribute name= "numThreadsSpecified" value="4" />
  <attribute name="heapSize specified" value="2092630016" />
  <attribute name="Current GC Util" value="174" />
  <attribute name= "Current Time Running" value="21670" />
  <attribute name ="GC Interval" value="0" />
  <attribute name="ProportionalT" value="154.000000" />
  <attribute name="ProportionalI" value="154.000000" />
  <attribute name="ProportionalH" value="154.000000" />
  <attribute name="Current Error" value="154.000000" />
  <attribute name="IntegralT" value="7854.000000" />
  <attribute name="IntegralI" value="7854.000000" />
  <attribute name="IntegralH" value="7854.000000" />
  <attribute name="DerivativeT" value="1.509804" />
  <attribute name="DerivativeI" value="1.509804" />
  <attribute name="DerivativeH" value="1.509804" />
  <attribute name="Loop Time for DT" value="51.000000" />
  <attribute name="Output H" value="8388608"/>
  <attribute name="Output I" value="4000"/>
  <attribute name="Output T" value="4"/>
  <attribute name="Target GC Util Change" value ="20.000000" />
  <attribute name="Current GC Util Change" value="174.000000"/>
  <attribute name="GC Util currently" value="174" />
  <attribute name="CPU Util currently" value="89517558306" />
<allocation-satisfied id="92" threadId="0000000000DBC700" bytesRequested="32" />
<af-end id="93" timestamp="2019-06-16T21:05:27.265" threadId="0000000000DBD088" success="true" />
<exclusive-end id="94" timestamp="2019-06-16T21:05:27.265" durationms="294.784" />

<exclusive-start id="95" timestamp="2019-06-16T21:05:28.930" intervalms="1960.147">
  <response-info timems="0.120" idlems="0.120" threads="0" lastid="0000000000DBC700" lastname="main" />
</exclusive-start>
<af-start id="96" threadId="0000000000DBD088" totalBytesRequested="1168" timestamp="2019-06-16T21:05:28.931" intervalms="1960.133" />
<cycle-start id="97" type="global" contextid="0" timestamp="2019-06-16T21:05:28.931" intervalms="1960.134" />
<gc-start id="98" type="global" contextid="97" timestamp="2019-06-16T21:05:28.931">
  <mem-info id="99" free="104631296" total="2092630016" percent="4">
    <mem type="tenure" free="104631296" total="2092630016" percent="4">
      <mem type="soa" free="0" total="1987998720" percent="0" />
      <mem type="loa" free="104631296" total="104631296" percent="100" />
    </mem>
  </mem-info>
</gc-start>
<allocation-stats totalBytes="1968009064" >
  <allocated-bytes non-tlh="0" tlh="1968009064" />
  <largest-consumer threadName="main" threadId="0000000000DBC700" bytes="1968009064" />
</allocation-stats>
<gc-op id="100" type="mark" timems="11.603" contextid="97" timestamp="2019-06-16T21:05:28.943">
  <trace-info objectcount="610395" scancount="530401" scanbytes="13687196" />
  <finalization candidates="80" enqueued="0" />
  <ownableSynchronizers candidates="21" cleared="0" />
  <references type="soft" candidates="4867" cleared="0" enqueued="0" dynamicThreshold="31" maxThreshold="32" />
  <references type="weak" candidates="5732" cleared="0" enqueued="0" />
  <references type="phantom" candidates="101" cleared="0" enqueued="0" />
  <stringconstants candidates="13843" cleared="0"  />
</gc-op>
<gc-op id="101" type="sweep" timems="308.172" contextid="97" timestamp="2019-06-16T21:05:29.251" />
<mem-info id="102" free="2074277952" total="2092630016" percent="99">
  <mem type="tenure" free="2074277952" total="2092630016" percent="99" micro-fragmented="11046">
    <mem type="soa" free="1969646656" total="1987998720" percent="99" />
    <mem type="loa" free="104631296" total="104631296" percent="100" />
  </mem>
</mem-info>
<gc-op id="103" type="compact" timems="22.204" contextid="97" timestamp="2019-06-16T21:05:29.274">
  <compact-info movecount="59136" movebytes="1569600" reason="compact to aid heap contraction" />
</gc-op>
<gc-end id="104" type="global" contextid="97" durationms="343.268" usertimems="376.000" systemtimems="20.000" timestamp="2019-06-16T21:05:29.274" activeThreads="4">
  <mem-info id="105" free="2074221800" total="2092630016" percent="99">
    <mem type="tenure" free="2074221800" total="2092630016" percent="99">
      <mem type="soa" free="1969590504" total="1987998720" percent="99" />
      <mem type="loa" free="104631296" total="104631296" percent="100" />
    </mem>
  </mem-info>
</gc-end>
<cycle-end id="106" type="global" contextid="97" timestamp="2019-06-16T21:05:29.275" />
  <attribute name="elasticGC enabled" value="1" />
  <attribute name= "numThreadsSpecified" value="4" />
  <attribute name="heapSize specified" value="2092630016" />
  <attribute name="Current GC Util" value="131" />
  <attribute name= "Current Time Running" value="23680" />
  <attribute name ="GC Interval" value="0" />
  <attribute name="ProportionalT" value="111.000000" />
  <attribute name="ProportionalI" value="111.000000" />
  <attribute name="ProportionalH" value="111.000000" />
  <attribute name="Current Error" value="111.000000" />
  <attribute name="IntegralT" value="2442.000000" />
  <attribute name="IntegralI" value="2442.000000" />
  <attribute name="IntegralH" value="2442.000000" />
  <attribute name="DerivativeT" value="2.522727" />
  <attribute name="DerivativeI" value="2.522727" />
  <attribute name="DerivativeH" value="2.522727" />
  <attribute name="Loop Time for DT" value="22.000000" />
  <attribute name="Output H" value="8388608"/>
  <attribute name="Output I" value="2560"/>
  <attribute name="Output T" value="4"/>
  <attribute name="Target GC Util Change" value ="20.000000" />
  <attribute name="Current GC Util Change" value="131.000000"/>
  <attribute name="GC Util currently" value="131" />
  <attribute name="CPU Util currently" value="206426245696" />
<allocation-satisfied id="107" threadId="0000000000DBC700" bytesRequested="1168" />
<af-end id="108" timestamp="2019-06-16T21:05:29.275" threadId="0000000000DBD088" success="true" />
<exclusive-end id="109" timestamp="2019-06-16T21:05:29.275" durationms="344.510" />

<exclusive-start id="110" timestamp="2019-06-16T21:05:30.304" intervalms="1373.931">
  <response-info timems="0.086" idlems="0.086" threads="0" lastid="0000000000DBC700" lastname="main" />
</exclusive-start>
<af-start id="111" threadId="0000000000DBD088" totalBytesRequested="16" timestamp="2019-06-16T21:05:30.305" intervalms="1373.937" />
<cycle-start id="112" type="global" contextid="0" timestamp="2019-06-16T21:05:30.305" intervalms="1373.938" />
<gc-start id="113" type="global" contextid="112" timestamp="2019-06-16T21:05:30.305">
  <mem-info id="114" free="104631296" total="2092630016" percent="4">
    <mem type="tenure" free="104631296" total="2092630016" percent="4">
      <mem type="soa" free="0" total="1987998720" percent="0" />
      <mem type="loa" free="104631296" total="104631296" percent="100" />
    </mem>
  </mem-info>
</gc-start>
<allocation-stats totalBytes="1967694016" >
  <allocated-bytes non-tlh="0" tlh="1967694016" />
  <largest-consumer threadName="main" threadId="0000000000DBC700" bytes="1967694016" />
</allocation-stats>
<gc-op id="115" type="mark" timems="11.747" contextid="112" timestamp="2019-06-16T21:05:30.317">
  <trace-info objectcount="610469" scancount="530496" scanbytes="13689192" />
  <finalization candidates="80" enqueued="0" />
  <ownableSynchronizers candidates="21" cleared="0" />
  <references type="soft" candidates="4867" cleared="0" enqueued="0" dynamicThreshold="31" maxThreshold="32" />
  <references type="weak" candidates="5761" cleared="7" enqueued="3" />
  <references type="phantom" candidates="101" cleared="0" enqueued="0" />
  <stringconstants candidates="13843" cleared="0"  />
</gc-op>
<gc-op id="116" type="sweep" timems="245.154" contextid="112" timestamp="2019-06-16T21:05:30.562" />
<mem-info id="117" free="2074274832" total="2092630016" percent="99">
  <mem type="tenure" free="2074274832" total="2092630016" percent="99" micro-fragmented="2048">
    <mem type="soa" free="1969643536" total="1987998720" percent="99" />
    <mem type="loa" free="104631296" total="104631296" percent="100" />
  </mem>
  <pending-finalizers system="0" default="0" reference="3" classloader="0" />
</mem-info>
<gc-op id="118" type="compact" timems="33.304" contextid="112" timestamp="2019-06-16T21:05:30.596">
  <compact-info movecount="242149" movebytes="6240680" reason="compact to aid heap contraction" />
</gc-op>
<gc-end id="119" type="global" contextid="112" durationms="291.336" usertimems="356.000" systemtimems="16.000" timestamp="2019-06-16T21:05:30.596" activeThreads="4">
  <mem-info id="120" free="2074220688" total="2092630016" percent="99">
    <mem type="tenure" free="2074220688" total="2092630016" percent="99">
      <mem type="soa" free="1969589392" total="1987998720" percent="99" />
      <mem type="loa" free="104631296" total="104631296" percent="100" />
    </mem>
    <pending-finalizers system="0" default="0" reference="3" classloader="0" />
  </mem-info>
</gc-end>
<cycle-end id="121" type="global" contextid="112" timestamp="2019-06-16T21:05:30.597" />
  <attribute name="elasticGC enabled" value="1" />
  <attribute name= "numThreadsSpecified" value="4" />
  <attribute name="heapSize specified" value="2092630016" />
  <attribute name="Current GC Util" value="179" />
  <attribute name= "Current Time Running" value="25002" />
  <attribute name ="GC Interval" value="0" />
  <attribute name="ProportionalT" value="159.000000" />
  <attribute name="ProportionalI" value="159.000000" />
  <attribute name="ProportionalH" value="159.000000" />
  <attribute name="Current Error" value="159.000000" />
  <attribute name="IntegralT" value="5247.000000" />
  <attribute name="IntegralI" value="5247.000000" />
  <attribute name="IntegralH" value="5247.000000" />
  <attribute name="DerivativeT" value="2.409091" />
  <attribute name="DerivativeI" value="2.409091" />
  <attribute name="DerivativeH" value="2.409091" />
  <attribute name="Loop Time for DT" value="33.000000" />
  <attribute name="Output H" value="8388608"/>
  <attribute name="Output I" value="4000"/>
  <attribute name="Output T" value="4"/>
  <attribute name="Target GC Util Change" value ="20.000000" />
  <attribute name="Current GC Util Change" value="179.000000"/>
  <attribute name="GC Util currently" value="179" />
  <attribute name="CPU Util currently" value="137726559312" />
<allocation-satisfied id="122" threadId="0000000000DBC700" bytesRequested="16" />
<af-end id="123" timestamp="2019-06-16T21:05:30.597" threadId="0000000000DBD088" success="true" />
<exclusive-end id="124" timestamp="2019-06-16T21:05:30.597" durationms="292.632" />

</verbosegc>

