<?xml version="1.0" ?>

<verbosegc xmlns="http://www.ibm.com/j9/verbosegc" version="10b4217_CMPRSS">

<initialized id="1" timestamp="2019-06-16T18:13:16.114">
  <attribute name="gcPolicy" value="-Xgcpolicy:optavgpause" />
  <attribute name="elasticGC enabled" value="1" />
  <attribute name= "numThreadsSpecified" value="0" />
  <attribute name="heapSize specified" value="0" />
  <attribute name="Current GC Util" value="0" />
  <attribute name= "Current Time Running" value="0" />
  <attribute name ="GC Interval" value="0" />
  <attribute name="ProportionalT" value="0.000000" />
  <attribute name="ProportionalI" value="0.000000" />
  <attribute name="ProportionalH" value="0.000000" />
  <attribute name="IntegralT" value="0.000000" />
  <attribute name="IntegralI" value="0.000000" />
  <attribute name="IntegralH" value="0.000000" />
  <attribute name="DerivativeT" value="0.000000" />
  <attribute name="DerivativeI" value="0.000000" />
  <attribute name="DerivativeH" value="0.000000" />
  <attribute name="Target GC Util Change" value ="0.000000" />
  <attribute name="Current GC Util Change" value="0.000000"/>
  <attribute name="Current Error" value="0.000000" />
  <attribute name="Loop Time for DT" value="0.000000" />
  <attribute name="Output H" value="0"/>
  <attribute name="Output I" value="0"/>
  <attribute name="Output T" value="0"/>
  <attribute name="GC Util currently" value="0" />
  <attribute name="CPU Util currently" value="0" />
  <attribute name="maxHeapSize" value="0x7cbc0000" />
  <attribute name="initialHeapSize" value="0x800000" />
  <attribute name="compressedRefs" value="true" />
  <attribute name="compressedRefsDisplacement" value="0x0" />
  <attribute name="compressedRefsShift" value="0x0" />
  <attribute name="pageSize" value="0x1000" />
  <attribute name="pageType" value="not used" />
  <attribute name="requestedPageSize" value="0x1000" />
  <attribute name="requestedPageType" value="not used" />
  <attribute name="gcthreads" value="4" />
  <attribute name="packetListSplit" value="4" />
  <attribute name="cacheListSplit" value="4" />
  <attribute name="splitFreeListSplitAmount" value="1" />
  <attribute name="numaNodes" value="0" />
  <system>
    <attribute name="physicalMemory" value="8370962432" />
    <attribute name="numCPUs" value="4" />
    <attribute name="architecture" value="amd64" />
    <attribute name="os" value="Linux" />
    <attribute name="osVersion" value="4.4.0-148-generic" />
  </system>
  <vmargs>
    <vmarg name="-Xoptionsfile=/vagrant/jdk/lib/options.default" />
    <vmarg name="-Xlockword:mode=default,noLockword=java/lang/String,noLockword=java/util/MapEntry,noLockword=java/util/HashMap$Entry,noLockword..." />
    <vmarg name="-Xjcl:jclse29" />
    <vmarg name="-Dcom.ibm.oti.vm.bootstrap.library.path=/vagrant/jdk/lib/compressedrefs:/vagrant/jdk/lib" />
    <vmarg name="-Dsun.boot.library.path=/vagrant/jdk/lib/compressedrefs:/vagrant/jdk/lib" />
    <vmarg name="-Djava.library.path=/vagrant/jdk/lib/compressedrefs:/vagrant/jdk/lib:/usr/lib64:/usr/lib" />
    <vmarg name="-Djava.home=/vagrant/jdk" />
    <vmarg name="-Duser.dir=/vagrant" />
    <vmarg name="-Xgcpolicy:optavgpause" />
    <vmarg name="-Xgcelastic" />
    <vmarg name="-Xcheck:gc:::elasticGC" />
    <vmarg name="-verbose:gc" />
    <vmarg name="-Xloggc:default-OPTAVGPAUSE-jdk-1-1-0.5-verbose2pmd.txt" />
    <vmarg name="-Djava.class.path=dacapo-9.12-MR1-bach.jar" />
    <vmarg name="-Dsun.java.command=dacapo-9.12-MR1-bach.jar pmd --size=default" />
    <vmarg name="-Dsun.java.launcher=SUN_STANDARD" />
    <vmarg name="-Dsun.java.launcher.pid=19677" />
  </vmargs>
</initialized>

<exclusive-start id="2" timestamp="2019-06-16T18:13:16.790" intervalms="675.554">
  <response-info timems="0.038" idlems="0.038" threads="0" lastid="00000000006F2700" lastname="main" />
</exclusive-start>
<af-start id="3" threadId="00000000006F3088" totalBytesRequested="11288" timestamp="2019-06-16T18:13:16.790" intervalms="675.991" />
<cycle-start id="4" type="global" contextid="0" timestamp="2019-06-16T18:13:16.790" intervalms="676.248" />
<gc-start id="5" type="global" contextid="4" timestamp="2019-06-16T18:13:16.790">
  <mem-info id="6" free="418816" total="8388608" percent="4">
    <mem type="tenure" free="418816" total="8388608" percent="4">
      <mem type="soa" free="0" total="7969792" percent="0" />
      <mem type="loa" free="418816" total="418816" percent="100" />
    </mem>
  </mem-info>
</gc-start>
<allocation-stats totalBytes="7933032" >
  <allocated-bytes non-tlh="460328" tlh="7472704" />
  <largest-consumer threadName="main" threadId="00000000006F2700" bytes="7856464" />
</allocation-stats>
<gc-op id="7" type="mark" timems="2.101" contextid="4" timestamp="2019-06-16T18:13:16.793">
  <trace-info objectcount="20603" scancount="16984" scanbytes="542500" />
  <finalization candidates="46" enqueued="1" />
  <ownableSynchronizers candidates="4" cleared="3" />
  <references type="soft" candidates="66" cleared="0" enqueued="0" dynamicThreshold="32" maxThreshold="32" />
  <references type="weak" candidates="911" cleared="529" enqueued="452" />
  <references type="phantom" candidates="125" cleared="44" enqueued="44" />
  <stringconstants candidates="2485" cleared="0"  />
</gc-op>
<gc-op id="8" type="classunload" timems="0.085" contextid="4" timestamp="2019-06-16T18:13:16.793">
  <classunload-info classloadercandidates="6" classloadersunloaded="0" classesunloaded="0" anonymousclassesunloaded="0" quiescems="0.000" setupms="0.084" scanms="0.001" postms="0.000" />
</gc-op>
<gc-op id="9" type="sweep" timems="0.642" contextid="4" timestamp="2019-06-16T18:13:16.794" />
<mem-info id="10" free="6663480" total="8388608" percent="79">
  <mem type="tenure" free="6663480" total="8388608" percent="79" micro-fragmented="275221">
    <mem type="soa" free="6244664" total="7969792" percent="78" />
    <mem type="loa" free="418816" total="418816" percent="100" />
  </mem>
  <pending-finalizers system="1" default="0" reference="496" classloader="0" />
</mem-info>
<gc-op id="11" type="compact" timems="4.451" contextid="4" timestamp="2019-06-16T18:13:16.798">
  <compact-info movecount="20602" movebytes="1331600" reason="compact to aid heap contraction" />
</gc-op>
<heap-resize id="12" type="expand" space="tenure" amount="2084241408" count="1" timems="0.258" reason="satisfy allocation request" timestamp="2019-06-16T18:13:16.799" />
<gc-end id="13" type="global" contextid="4" durationms="8.553" usertimems="8.000" systemtimems="4.000" timestamp="2019-06-16T18:13:16.799" activeThreads="4">
  <mem-info id="14" free="2091232792" total="2092630016" percent="99">
    <mem type="tenure" free="2091232792" total="2092630016" percent="99">
      <mem type="soa" free="1986601496" total="1987998720" percent="99" />
      <mem type="loa" free="104631296" total="104631296" percent="100" />
    </mem>
    <pending-finalizers system="1" default="0" reference="496" classloader="0" />
  </mem-info>
</gc-end>
<cycle-end id="15" type="global" contextid="4" timestamp="2019-06-16T18:13:16.799" />
  <attribute name="elasticGC enabled" value="1" />
  <attribute name= "numThreadsSpecified" value="4" />
  <attribute name="heapSize specified" value="8388608" />
  <attribute name="Current GC Util" value="29" />
  <attribute name= "Current Time Running" value="568" />
  <attribute name ="GC Interval" value="0" />
  <attribute name="ProportionalT" value="9.000000" />
  <attribute name="ProportionalI" value="9.000000" />
  <attribute name="ProportionalH" value="9.000000" />
  <attribute name="Current Error" value="9.000000" />
  <attribute name="IntegralT" value="-11000.000000" />
  <attribute name="IntegralI" value="-11000.000000" />
  <attribute name="IntegralH" value="-11000.000000" />
  <attribute name="DerivativeT" value="0.900000" />
  <attribute name="DerivativeI" value="0.900000" />
  <attribute name="DerivativeH" value="0.900000" />
  <attribute name="Loop Time for DT" value="5.000000" />
  <attribute name="Output H" value="2092630016"/>
  <attribute name="Output I" value="200"/>
  <attribute name="Output T" value="4"/>
  <attribute name="Target GC Util Change" value ="20.000000" />
  <attribute name="Current GC Util Change" value="29.000000"/>
  <attribute name="GC Util currently" value="29" />
  <attribute name="CPU Util currently" value="35" />
<allocation-satisfied id="16" threadId="00000000006F2700" bytesRequested="11288" />
<af-end id="17" timestamp="2019-06-16T18:13:16.799" threadId="00000000006F3088" success="true" />
<exclusive-end id="18" timestamp="2019-06-16T18:13:16.799" durationms="9.790" />

<exclusive-start id="19" timestamp="2019-06-16T18:13:16.807" intervalms="17.498">
  <response-info timems="0.063" idlems="0.063" threads="0" lastid="00000000006F2700" lastname="main" />
</exclusive-start>
<sys-start reason="explicit" id="20" timestamp="2019-06-16T18:13:16.807" intervalms="693.235" />
<cycle-start id="21" type="global" contextid="0" timestamp="2019-06-16T18:13:16.807" intervalms="17.083" />
<gc-start id="22" type="global" contextid="21" timestamp="2019-06-16T18:13:16.807">
  <mem-info id="23" free="2064444864" total="2092630016" percent="98">
    <mem type="tenure" free="2064444864" total="2092630016" percent="98">
      <mem type="soa" free="1959813568" total="1987998720" percent="98" />
      <mem type="loa" free="104631296" total="104631296" percent="100" />
    </mem>
  </mem-info>
</gc-start>
<allocation-stats totalBytes="22855208" >
  <allocated-bytes non-tlh="88" tlh="22855120" />
  <largest-consumer threadName="main" threadId="00000000006F2700" bytes="22839136" />
</allocation-stats>
<gc-op id="24" type="mark" timems="8.489" contextid="21" timestamp="2019-06-16T18:13:16.816">
  <trace-info objectcount="19075" scancount="15789" scanbytes="518084" />
  <finalization candidates="45" enqueued="0" />
  <ownableSynchronizers candidates="1" cleared="0" />
  <references type="soft" candidates="66" cleared="0" enqueued="0" dynamicThreshold="31" maxThreshold="32" />
  <references type="weak" candidates="382" cleared="0" enqueued="0" />
  <references type="phantom" candidates="80" cleared="0" enqueued="0" />
  <stringconstants candidates="2485" cleared="0"  />
</gc-op>
<gc-op id="25" type="classunload" timems="0.002" contextid="21" timestamp="2019-06-16T18:13:16.816">
  <classunload-info classloadercandidates="6" classloadersunloaded="0" classesunloaded="0" anonymousclassesunloaded="0" quiescems="0.000" setupms="0.002" scanms="0.000" postms="0.000" />
</gc-op>
<gc-op id="26" type="sweep" timems="1.854" contextid="21" timestamp="2019-06-16T18:13:16.818" />
<mem-info id="27" free="2091392048" total="2092630016" percent="99">
  <mem type="tenure" free="2091392048" total="2092630016" percent="99" micro-fragmented="23642">
    <mem type="soa" free="1986760752" total="1987998720" percent="99" />
    <mem type="loa" free="104631296" total="104631296" percent="100" />
  </mem>
</mem-info>
<gc-op id="28" type="compact" timems="11.134" contextid="21" timestamp="2019-06-16T18:13:16.830">
  <compact-info movecount="7972" movebytes="731448" reason="compact to aid heap contraction" />
</gc-op>
<gc-end id="29" type="global" contextid="21" durationms="22.517" usertimems="24.000" systemtimems="8.000" timestamp="2019-06-16T18:13:16.830" activeThreads="4">
  <mem-info id="30" free="2091420808" total="2092630016" percent="99">
    <mem type="tenure" free="2091420808" total="2092630016" percent="99">
      <mem type="soa" free="1986789512" total="1987998720" percent="99" />
      <mem type="loa" free="104631296" total="104631296" percent="100" />
    </mem>
  </mem-info>
</gc-end>
<cycle-end id="31" type="global" contextid="21" timestamp="2019-06-16T18:13:16.830" />
  <attribute name="elasticGC enabled" value="1" />
  <attribute name= "numThreadsSpecified" value="4" />
  <attribute name="heapSize specified" value="2092630016" />
  <attribute name="Current GC Util" value="99" />
  <attribute name= "Current Time Running" value="599" />
  <attribute name ="GC Interval" value="0" />
  <attribute name="ProportionalT" value="79.000000" />
  <attribute name="ProportionalI" value="79.000000" />
  <attribute name="ProportionalH" value="79.000000" />
  <attribute name="Current Error" value="79.000000" />
  <attribute name="IntegralT" value="869.000000" />
  <attribute name="IntegralI" value="869.000000" />
  <attribute name="IntegralH" value="869.000000" />
  <attribute name="DerivativeT" value="3.318182" />
  <attribute name="DerivativeI" value="3.318182" />
  <attribute name="DerivativeH" value="3.318182" />
  <attribute name="Loop Time for DT" value="11.000000" />
  <attribute name="Output H" value="8388608"/>
  <attribute name="Output I" value="952"/>
  <attribute name="Output T" value="4"/>
  <attribute name="Target GC Util Change" value ="20.000000" />
  <attribute name="Current GC Util Change" value="99.000000"/>
  <attribute name="GC Util currently" value="99" />
  <attribute name="CPU Util currently" value="408898820259" />
<sys-end id="32" timestamp="2019-06-16T18:13:16.830" />
<exclusive-end id="33" timestamp="2019-06-16T18:13:16.830" durationms="23.333" />

</verbosegc>

