<?xml version="1.0" ?>

<verbosegc xmlns="http://www.ibm.com/j9/verbosegc" version="08cc62e_CMPRSS">

<initialized id="1" timestamp="2019-08-02T23:47:52.777">
  <attribute name="gcPolicy" value="-Xgcpolicy:optthruput" />
  <attribute name="elasticGC enabled" value="1" />
  <attribute name= "numThreadsSpecified" value="0" />
  <attribute name="heapSize specified" value="0" />
  <attribute name= "numCores" value="0" />
  <attribute name ="GC Interval" value="0" />
  <attribute name="GC Util Range Max" value="0" />
  <attribute name="Current GC Util" value="0" />
  <attribute name= "Current Time Running" value="0" />
  <attribute name="maxHeapSize" value="0x7cba0000" />
  <attribute name="initialHeapSize" value="0x800000" />
  <attribute name="compressedRefs" value="true" />
  <attribute name="compressedRefsDisplacement" value="0x0" />
  <attribute name="compressedRefsShift" value="0x0" />
  <attribute name="pageSize" value="0x1000" />
  <attribute name="pageType" value="not used" />
  <attribute name="requestedPageSize" value="0x1000" />
  <attribute name="requestedPageType" value="not used" />
  <attribute name="gcthreads" value="8" />
  <attribute name="packetListSplit" value="8" />
  <attribute name="cacheListSplit" value="8" />
  <attribute name="splitFreeListSplitAmount" value="1" />
  <attribute name="numaNodes" value="0" />
  <system>
    <attribute name="physicalMemory" value="8370401280" />
    <attribute name="numCPUs" value="8" />
    <attribute name="architecture" value="amd64" />
    <attribute name="os" value="Linux" />
    <attribute name="osVersion" value="4.4.0-154-generic" />
  </system>
  <vmargs>
    <vmarg name="-Xoptionsfile=/vagrant/jdk/lib/options.default" />
    <vmarg name="-Xlockword:mode=default,noLockword=java/lang/String,noLockword=java/util/MapEntry,noLockword=java/util/HashMap$Entry,noLockword..." />
    <vmarg name="-Xjcl:jclse29" />
    <vmarg name="-Dcom.ibm.oti.vm.bootstrap.library.path=/vagrant/jdk/lib/compressedrefs:/vagrant/jdk/lib" />
    <vmarg name="-Dsun.boot.library.path=/vagrant/jdk/lib/compressedrefs:/vagrant/jdk/lib" />
    <vmarg name="-Djava.library.path=/vagrant/jdk/lib/compressedrefs:/vagrant/jdk/lib:/usr/lib64:/usr/lib" />
    <vmarg name="-Djava.home=/vagrant/jdk" />
    <vmarg name="-Duser.dir=/vagrant" />
    <vmarg name="-Xgcpolicy:optthruput" />
    <vmarg name="-Xgcelastic" />
    <vmarg name="-Xcheck:gc:::elasticGC" />
    <vmarg name="-verbose:gc" />
    <vmarg name="-Xloggc:jdkI-small-OTT-8core-verbose16jython.txt" />
    <vmarg name="-Djava.class.path=dacapo-9.12-MR1-bach.jar" />
    <vmarg name="-Dsun.java.command=dacapo-9.12-MR1-bach.jar jython --size=small" />
    <vmarg name="-Dsun.java.launcher=SUN_STANDARD" />
    <vmarg name="-Dsun.java.launcher.pid=21847" />
  </vmargs>
</initialized>

<exclusive-start id="2" timestamp="2019-08-02T23:47:54.963" intervalms="2185.331">
  <response-info timems="0.029" idlems="0.029" threads="0" lastid="0000000000F98A00" lastname="main" />
</exclusive-start>
<af-start id="3" threadId="0000000000F99388" totalBytesRequested="2056" timestamp="2019-08-02T23:47:54.963" intervalms="2185.598" />
<cycle-start id="4" type="global" contextid="0" timestamp="2019-08-02T23:47:54.963" intervalms="2185.788" />
<gc-start id="5" type="global" contextid="4" timestamp="2019-08-02T23:47:54.963">
  <mem-info id="6" free="418816" total="8388608" percent="4">
    <mem type="tenure" free="418816" total="8388608" percent="4">
      <mem type="soa" free="0" total="7969792" percent="0" />
      <mem type="loa" free="418816" total="418816" percent="100" />
    </mem>
  </mem-info>
</gc-start>
<allocation-stats totalBytes="7931488" >
  <allocated-bytes non-tlh="357688" tlh="7573800" />
  <largest-consumer threadName="main" threadId="0000000000F98A00" bytes="7842440" />
</allocation-stats>
<gc-op id="7" type="mark" timems="2.556" contextid="4" timestamp="2019-08-02T23:47:54.966">
  <trace-info objectcount="17695" scancount="14631" scanbytes="461688" />
  <finalization candidates="14" enqueued="1" />
  <references type="soft" candidates="63" cleared="0" enqueued="0" dynamicThreshold="32" maxThreshold="32" />
  <references type="weak" candidates="544" cleared="401" enqueued="362" />
  <references type="phantom" candidates="105" cleared="44" enqueued="44" />
  <stringconstants candidates="2406" cleared="0"  />
</gc-op>
<gc-op id="8" type="classunload" timems="0.141" contextid="4" timestamp="2019-08-02T23:47:54.966">
  <classunload-info classloadercandidates="5" classloadersunloaded="0" classesunloaded="0" anonymousclassesunloaded="0" quiescems="0.000" setupms="0.141" scanms="0.000" postms="0.000" />
</gc-op>
<gc-op id="9" type="sweep" timems="0.674" contextid="4" timestamp="2019-08-02T23:47:54.967" />
<gc-end id="10" type="global" contextid="4" durationms="4.730" usertimems="8.000" systemtimems="0.000" timestamp="2019-08-02T23:47:54.968" activeThreads="8">
  <mem-info id="11" free="7186464" total="8388608" percent="85">
    <mem type="tenure" free="7186464" total="8388608" percent="85" micro-fragmented="238384" macro-fragmented="0">
      <mem type="soa" free="6767648" total="7969792" percent="84" />
      <mem type="loa" free="418816" total="418816" percent="100" />
    </mem>
    <pending-finalizers system="1" default="0" reference="406" classloader="0" />
  </mem-info>
</gc-end>
<cycle-end id="12" type="global" contextid="4" timestamp="2019-08-02T23:47:54.968" />
  <attribute name="elasticGC enabled" value="1" />
  <attribute name= "numThreadsSpecified" value="0" />
  <attribute name="heapSize specified" value="0" />
  <attribute name= "numCores" value="8" />
  <attribute name ="GC Interval" value="0" />
  <attribute name ="Control flow" value="1" />
  <attribute name="GC Util Range Max" value="89" />
  <attribute name="Current GC Util" value="26" />
  <attribute name= "Current Time Running" value="3" />
<allocation-satisfied id="13" threadId="0000000000F98A00" bytesRequested="2056" />
<af-end id="14" timestamp="2019-08-02T23:47:54.968" threadId="0000000000F99388" success="true" />
<exclusive-end id="15" timestamp="2019-08-02T23:47:54.968" durationms="5.726" />

<exclusive-start id="16" timestamp="2019-08-02T23:47:55.684" intervalms="721.624">
  <response-info timems="0.057" idlems="0.057" threads="0" lastid="0000000000F98A00" lastname="main" />
</exclusive-start>
<af-start id="17" threadId="0000000000F99388" totalBytesRequested="2456" timestamp="2019-08-02T23:47:55.684" intervalms="721.513" />
<cycle-start id="18" type="global" contextid="0" timestamp="2019-08-02T23:47:55.684" intervalms="721.454" />
<gc-start id="19" type="global" contextid="18" timestamp="2019-08-02T23:47:55.685">
  <mem-info id="20" free="418816" total="8388608" percent="4">
    <mem type="tenure" free="418816" total="8388608" percent="4">
      <mem type="soa" free="0" total="7969792" percent="0" />
      <mem type="loa" free="418816" total="418816" percent="100" />
    </mem>
  </mem-info>
</gc-start>
<allocation-stats totalBytes="6480992" >
  <allocated-bytes non-tlh="614400" tlh="5866592" />
  <largest-consumer threadName="main" threadId="0000000000F98A00" bytes="6473520" />
</allocation-stats>
<gc-op id="21" type="mark" timems="1.269" contextid="18" timestamp="2019-08-02T23:47:55.686">
  <trace-info objectcount="17730" scancount="14584" scanbytes="469948" />
  <finalization candidates="13" enqueued="0" />
  <references type="soft" candidates="66" cleared="0" enqueued="0" dynamicThreshold="27" maxThreshold="32" />
  <references type="weak" candidates="174" cleared="31" enqueued="31" />
  <references type="phantom" candidates="87" cleared="1" enqueued="1" />
  <stringconstants candidates="2507" cleared="0"  />
</gc-op>
<gc-op id="22" type="sweep" timems="0.270" contextid="18" timestamp="2019-08-02T23:47:55.686" />
<gc-end id="23" type="global" contextid="18" durationms="2.463" usertimems="0.000" systemtimems="4.000" timestamp="2019-08-02T23:47:55.687" activeThreads="1">
  <mem-info id="24" free="6698184" total="8388608" percent="79">
    <mem type="tenure" free="6698184" total="8388608" percent="79" micro-fragmented="204758" macro-fragmented="0">
      <mem type="soa" free="6279368" total="7969792" percent="78" />
      <mem type="loa" free="418816" total="418816" percent="100" />
    </mem>
    <pending-finalizers system="0" default="0" reference="32" classloader="0" />
  </mem-info>
</gc-end>
<cycle-end id="25" type="global" contextid="18" timestamp="2019-08-02T23:47:55.687" />
  <attribute name="elasticGC enabled" value="1" />
  <attribute name= "numThreadsSpecified" value="1" />
  <attribute name="heapSize specified" value="0" />
  <attribute name= "numCores" value="8" />
  <attribute name ="GC Interval" value="0" />
  <attribute name ="Control flow" value="3" />
  <attribute name="GC Util Range Max" value="89" />
  <attribute name="Current GC Util" value="42" />
  <attribute name= "Current Time Running" value="723" />
<allocation-satisfied id="26" threadId="0000000000F98A00" bytesRequested="2456" />
<af-end id="27" timestamp="2019-08-02T23:47:55.687" threadId="0000000000F99388" success="true" />
<exclusive-end id="28" timestamp="2019-08-02T23:47:55.687" durationms="3.300" />

<exclusive-start id="29" timestamp="2019-08-02T23:47:55.918" intervalms="233.758">
  <response-info timems="0.085" idlems="0.052" threads="1" lastid="0000000000F9C600" lastname="JIT Compilation Thread-0" />
</exclusive-start>
<af-start id="30" threadId="0000000000F99388" totalBytesRequested="816" timestamp="2019-08-02T23:47:55.918" intervalms="233.705" />
<cycle-start id="31" type="global" contextid="0" timestamp="2019-08-02T23:47:55.918" intervalms="233.699" />
<gc-start id="32" type="global" contextid="31" timestamp="2019-08-02T23:47:55.918">
  <mem-info id="33" free="418816" total="8388608" percent="4">
    <mem type="tenure" free="418816" total="8388608" percent="4">
      <mem type="soa" free="0" total="7969792" percent="0" />
      <mem type="loa" free="418816" total="418816" percent="100" />
    </mem>
  </mem-info>
</gc-start>
<allocation-stats totalBytes="6216696" >
  <allocated-bytes non-tlh="1302184" tlh="4914512" />
  <largest-consumer threadName="main" threadId="0000000000F98A00" bytes="6214184" />
</allocation-stats>
<gc-op id="34" type="mark" timems="1.593" contextid="31" timestamp="2019-08-02T23:47:55.920">
  <trace-info objectcount="35131" scancount="28323" scanbytes="929528" />
  <finalization candidates="63" enqueued="1" />
  <ownableSynchronizers candidates="17" cleared="0" />
  <references type="soft" candidates="364" cleared="0" enqueued="0" dynamicThreshold="25" maxThreshold="32" />
  <references type="weak" candidates="1614" cleared="476" enqueued="354" />
  <references type="phantom" candidates="100" cleared="5" enqueued="5" />
  <stringconstants candidates="4446" cleared="0"  />
</gc-op>
<gc-op id="35" type="classunload" timems="0.002" contextid="31" timestamp="2019-08-02T23:47:55.920">
  <classunload-info classloadercandidates="8" classloadersunloaded="0" classesunloaded="0" anonymousclassesunloaded="0" quiescems="0.000" setupms="0.002" scanms="0.000" postms="0.000" />
</gc-op>
<gc-op id="36" type="sweep" timems="0.186" contextid="31" timestamp="2019-08-02T23:47:55.920" />
<gc-end id="37" type="global" contextid="31" durationms="2.724" usertimems="4.000" systemtimems="4.000" timestamp="2019-08-02T23:47:55.921" activeThreads="2">
  <mem-info id="38" free="5797824" total="8388608" percent="69">
    <mem type="tenure" free="5797824" total="8388608" percent="69" micro-fragmented="409091" macro-fragmented="0">
      <mem type="soa" free="5379008" total="7969792" percent="67" />
      <mem type="loa" free="418816" total="418816" percent="100" />
    </mem>
    <pending-finalizers system="1" default="0" reference="359" classloader="0" />
  </mem-info>
</gc-end>
<cycle-end id="39" type="global" contextid="31" timestamp="2019-08-02T23:47:55.921" />
  <attribute name="elasticGC enabled" value="1" />
  <attribute name= "numThreadsSpecified" value="2" />
  <attribute name="heapSize specified" value="0" />
  <attribute name= "numCores" value="8" />
  <attribute name ="GC Interval" value="0" />
  <attribute name ="Control flow" value="1" />
  <attribute name="GC Util Range Max" value="89" />
  <attribute name="Current GC Util" value="0" />
  <attribute name= "Current Time Running" value="956" />
<allocation-satisfied id="40" threadId="0000000000F98A00" bytesRequested="816" />
<af-end id="41" timestamp="2019-08-02T23:47:55.921" threadId="0000000000F99388" success="true" />
<exclusive-end id="42" timestamp="2019-08-02T23:47:55.921" durationms="3.367" />

<exclusive-start id="43" timestamp="2019-08-02T23:47:58.908" intervalms="2989.976">
  <response-info timems="0.038" idlems="0.038" threads="0" lastid="0000000000F98A00" lastname="main" />
</exclusive-start>
<af-start id="44" threadId="0000000000F99388" totalBytesRequested="23296" timestamp="2019-08-02T23:47:58.908" intervalms="2990.012" />
<cycle-start id="45" type="global" contextid="0" timestamp="2019-08-02T23:47:58.908" intervalms="2989.997" />
<gc-start id="46" type="global" contextid="45" timestamp="2019-08-02T23:47:58.908">
  <mem-info id="47" free="645256" total="8388608" percent="7">
    <mem type="tenure" free="645256" total="8388608" percent="7">
      <mem type="soa" free="226440" total="7969792" percent="2" />
      <mem type="loa" free="418816" total="418816" percent="100" />
    </mem>
  </mem-info>
</gc-start>
<allocation-stats totalBytes="5025200" >
  <allocated-bytes non-tlh="1417344" tlh="3607856" />
  <largest-consumer threadName="main" threadId="0000000000F98A00" bytes="5017968" />
</allocation-stats>
<gc-op id="48" type="mark" timems="1.456" contextid="45" timestamp="2019-08-02T23:47:58.910">
  <trace-info objectcount="41170" scancount="33413" scanbytes="1108428" />
  <finalization candidates="65" enqueued="0" />
  <ownableSynchronizers candidates="17" cleared="0" />
  <references type="soft" candidates="629" cleared="0" enqueued="0" dynamicThreshold="22" maxThreshold="32" />
  <references type="weak" candidates="1631" cleared="39" enqueued="39" />
  <references type="phantom" candidates="98" cleared="3" enqueued="3" />
  <stringconstants candidates="5120" cleared="0"  />
</gc-op>
<gc-op id="49" type="sweep" timems="0.304" contextid="45" timestamp="2019-08-02T23:47:58.910" />
<gc-end id="50" type="global" contextid="45" durationms="3.056" usertimems="4.000" systemtimems="0.000" timestamp="2019-08-02T23:47:58.911" activeThreads="2">
  <mem-info id="51" free="5312984" total="8388608" percent="63">
    <mem type="tenure" free="5312984" total="8388608" percent="63" micro-fragmented="573277" macro-fragmented="0">
      <mem type="soa" free="4894168" total="7969792" percent="61" />
      <mem type="loa" free="418816" total="418816" percent="100" />
    </mem>
    <pending-finalizers system="0" default="0" reference="42" classloader="0" />
  </mem-info>
</gc-end>
<cycle-end id="52" type="global" contextid="45" timestamp="2019-08-02T23:47:58.911" />
  <attribute name="elasticGC enabled" value="1" />
  <attribute name= "numThreadsSpecified" value="2" />
  <attribute name="heapSize specified" value="0" />
  <attribute name= "numCores" value="8" />
  <attribute name ="GC Interval" value="0" />
  <attribute name ="Control flow" value="1" />
  <attribute name="GC Util Range Max" value="89" />
  <attribute name="Current GC Util" value="8" />
  <attribute name= "Current Time Running" value="3946" />
<allocation-satisfied id="53" threadId="0000000000F98A00" bytesRequested="23296" />
<af-end id="54" timestamp="2019-08-02T23:47:58.912" threadId="0000000000F99388" success="true" />
<exclusive-end id="55" timestamp="2019-08-02T23:47:58.912" durationms="3.757" />

<exclusive-start id="56" timestamp="2019-08-02T23:47:59.067" intervalms="158.721">
  <response-info timems="0.071" idlems="0.071" threads="0" lastid="0000000000F98A00" lastname="main" />
</exclusive-start>
<af-start id="57" threadId="0000000000F99388" totalBytesRequested="49656" timestamp="2019-08-02T23:47:59.067" intervalms="158.771" />
<cycle-start id="58" type="global" contextid="0" timestamp="2019-08-02T23:47:59.067" intervalms="158.780" />
<gc-start id="59" type="global" contextid="58" timestamp="2019-08-02T23:47:59.067">
  <mem-info id="60" free="529816" total="8388608" percent="6">
    <mem type="tenure" free="529816" total="8388608" percent="6">
      <mem type="soa" free="373152" total="7969792" percent="4" />
      <mem type="loa" free="156664" total="418816" percent="37" />
    </mem>
  </mem-info>
</gc-start>
<allocation-stats totalBytes="4644160" >
  <allocated-bytes non-tlh="1468048" tlh="3176112" />
  <largest-consumer threadName="main" threadId="0000000000F98A00" bytes="4598088" />
</allocation-stats>
<gc-op id="61" type="mark" timems="2.345" contextid="58" timestamp="2019-08-02T23:47:59.070">
  <trace-info objectcount="52375" scancount="43252" scanbytes="1467176" />
  <finalization candidates="80" enqueued="0" />
  <ownableSynchronizers candidates="21" cleared="0" />
  <references type="soft" candidates="956" cleared="0" enqueued="0" dynamicThreshold="20" maxThreshold="32" />
  <references type="weak" candidates="3378" cleared="450" enqueued="302" />
  <references type="phantom" candidates="100" cleared="2" enqueued="2" />
  <stringconstants candidates="6163" cleared="0"  />
</gc-op>
<gc-op id="62" type="classunload" timems="0.003" contextid="58" timestamp="2019-08-02T23:47:59.070">
  <classunload-info classloadercandidates="11" classloadersunloaded="0" classesunloaded="0" anonymousclassesunloaded="0" quiescems="0.000" setupms="0.002" scanms="0.001" postms="0.000" />
</gc-op>
<gc-op id="63" type="sweep" timems="0.365" contextid="58" timestamp="2019-08-02T23:47:59.070" />
<gc-end id="64" type="global" contextid="58" durationms="4.111" usertimems="8.000" systemtimems="0.000" timestamp="2019-08-02T23:47:59.071" activeThreads="3">
  <mem-info id="65" free="4191768" total="8388608" percent="49">
    <mem type="tenure" free="4191768" total="8388608" percent="49" micro-fragmented="918811" macro-fragmented="0">
      <mem type="soa" free="4035104" total="7969792" percent="50" />
      <mem type="loa" free="156664" total="418816" percent="37" />
    </mem>
    <pending-finalizers system="0" default="0" reference="304" classloader="0" />
  </mem-info>
</gc-end>
<cycle-end id="66" type="global" contextid="58" timestamp="2019-08-02T23:47:59.071" />
  <attribute name="elasticGC enabled" value="1" />
  <attribute name= "numThreadsSpecified" value="3" />
  <attribute name="heapSize specified" value="0" />
  <attribute name= "numCores" value="8" />
  <attribute name ="GC Interval" value="0" />
  <attribute name ="Control flow" value="3" />
  <attribute name="GC Util Range Max" value="89" />
  <attribute name="Current GC Util" value="43" />
  <attribute name= "Current Time Running" value="4107" />
<allocation-satisfied id="67" threadId="0000000000F98A00" bytesRequested="49656" />
<af-end id="68" timestamp="2019-08-02T23:47:59.072" threadId="0000000000F99388" success="true" />
<exclusive-end id="69" timestamp="2019-08-02T23:47:59.072" durationms="5.101" />

<exclusive-start id="70" timestamp="2019-08-02T23:47:59.094" intervalms="27.751">
  <response-info timems="0.056" idlems="0.056" threads="0" lastid="0000000000F98A00" lastname="main" />
</exclusive-start>
<af-start id="71" threadId="0000000000F99388" totalBytesRequested="200008" timestamp="2019-08-02T23:47:59.095" intervalms="27.684" />
<cycle-start id="72" type="global" contextid="0" timestamp="2019-08-02T23:47:59.095" intervalms="27.702" />
<gc-start id="73" type="global" contextid="72" timestamp="2019-08-02T23:47:59.095">
  <mem-info id="74" free="3356248" total="8388608" percent="40">
    <mem type="tenure" free="3356248" total="8388608" percent="40">
      <mem type="soa" free="3199584" total="7969792" percent="40" />
      <mem type="loa" free="156664" total="418816" percent="37" />
    </mem>
  </mem-info>
</gc-start>
<allocation-stats totalBytes="841512" >
  <allocated-bytes non-tlh="584432" tlh="257080" />
  <largest-consumer threadName="main" threadId="0000000000F98A00" bytes="837840" />
</allocation-stats>
<heap-resize id="75" type="loa expand" space="tenure" amount="83968" count="1" timems="0.000" reason="expand on failed allocate" timestamp="2019-08-02T23:47:59.095" />
<gc-op id="76" type="mark" timems="1.532" contextid="72" timestamp="2019-08-02T23:47:59.097">
  <trace-info objectcount="52725" scancount="43546" scanbytes="1479896" />
  <finalization candidates="80" enqueued="0" />
  <ownableSynchronizers candidates="21" cleared="0" />
  <references type="soft" candidates="968" cleared="0" enqueued="0" dynamicThreshold="15" maxThreshold="32" />
  <references type="weak" candidates="2958" cleared="7" enqueued="7" />
  <references type="phantom" candidates="103" cleared="2" enqueued="2" />
  <stringconstants candidates="6222" cleared="0"  />
</gc-op>
<gc-op id="77" type="sweep" timems="0.312" contextid="72" timestamp="2019-08-02T23:47:59.097" />
<mem-info id="78" free="4092600" total="8388608" percent="48">
  <mem type="tenure" free="4092600" total="8388608" percent="48" micro-fragmented="753827" macro-fragmented="0">
    <mem type="soa" free="3935936" total="7885824" percent="49" />
    <mem type="loa" free="156664" total="502784" percent="31" />
  </mem>
  <pending-finalizers system="0" default="0" reference="9" classloader="0" />
</mem-info>
<gc-op id="79" type="compact" timems="10.730" contextid="72" timestamp="2019-08-02T23:47:59.108">
  <compact-info movecount="52724" movebytes="3173304" reason="no compaction" />
</gc-op>
<gc-end id="80" type="global" contextid="72" durationms="13.394" usertimems="8.000" systemtimems="12.000" timestamp="2019-08-02T23:47:59.108" activeThreads="8">
  <mem-info id="81" free="5015208" total="8388608" percent="59">
    <mem type="tenure" free="5015208" total="8388608" percent="59">
      <mem type="soa" free="4512424" total="7885824" percent="57" />
      <mem type="loa" free="502784" total="502784" percent="100" />
    </mem>
    <pending-finalizers system="0" default="0" reference="9" classloader="0" />
  </mem-info>
</gc-end>
<cycle-end id="82" type="global" contextid="72" timestamp="2019-08-02T23:47:59.108" />
  <attribute name="elasticGC enabled" value="1" />
  <attribute name= "numThreadsSpecified" value="3" />
  <attribute name="heapSize specified" value="8388608" />
  <attribute name= "numCores" value="8" />
  <attribute name ="GC Interval" value="0" />
  <attribute name ="Control flow" value="1" />
  <attribute name="GC Util Range Max" value="89" />
  <attribute name="Current GC Util" value="32" />
  <attribute name= "Current Time Running" value="4144" />
<allocation-satisfied id="83" threadId="0000000000F98A00" bytesRequested="200008" />
<af-end id="84" timestamp="2019-08-02T23:47:59.109" threadId="0000000000F99388" success="true" />
<exclusive-end id="85" timestamp="2019-08-02T23:47:59.109" durationms="14.335" />

<exclusive-start id="86" timestamp="2019-08-02T23:47:59.234" intervalms="139.201">
  <response-info timems="0.035" idlems="0.035" threads="0" lastid="0000000000F98A00" lastname="main" />
</exclusive-start>
<af-start id="87" threadId="0000000000F99388" totalBytesRequested="88" timestamp="2019-08-02T23:47:59.234" intervalms="139.180" />
<cycle-start id="88" type="global" contextid="0" timestamp="2019-08-02T23:47:59.234" intervalms="139.119" />
<gc-start id="89" type="global" contextid="88" timestamp="2019-08-02T23:47:59.234">
  <mem-info id="90" free="502784" total="8388608" percent="5">
    <mem type="tenure" free="502784" total="8388608" percent="5">
      <mem type="soa" free="0" total="7885824" percent="0" />
      <mem type="loa" free="502784" total="502784" percent="100" />
    </mem>
  </mem-info>
</gc-start>
<allocation-stats totalBytes="4680656" >
  <allocated-bytes non-tlh="1287056" tlh="3393600" />
  <largest-consumer threadName="main" threadId="0000000000F98A00" bytes="4672464" />
</allocation-stats>
<gc-op id="91" type="mark" timems="2.079" contextid="88" timestamp="2019-08-02T23:47:59.236">
  <trace-info objectcount="60509" scancount="49890" scanbytes="1731936" />
  <finalization candidates="80" enqueued="0" />
  <ownableSynchronizers candidates="21" cleared="0" />
  <references type="soft" candidates="1022" cleared="0" enqueued="0" dynamicThreshold="19" maxThreshold="32" />
  <references type="weak" candidates="3038" cleared="3" enqueued="3" />
  <references type="phantom" candidates="101" cleared="0" enqueued="0" />
  <stringconstants candidates="6903" cleared="0"  />
</gc-op>
<gc-op id="92" type="sweep" timems="0.201" contextid="88" timestamp="2019-08-02T23:47:59.236" />
<gc-end id="93" type="global" contextid="88" durationms="3.258" usertimems="8.000" systemtimems="0.000" timestamp="2019-08-02T23:47:59.237" activeThreads="3">
  <mem-info id="94" free="4232592" total="8388608" percent="50">
    <mem type="tenure" free="4232592" total="8388608" percent="50" micro-fragmented="99451" macro-fragmented="0">
      <mem type="soa" free="3729808" total="7885824" percent="47" />
      <mem type="loa" free="502784" total="502784" percent="100" />
    </mem>
    <pending-finalizers system="0" default="0" reference="3" classloader="0" />
  </mem-info>
</gc-end>
<cycle-end id="95" type="global" contextid="88" timestamp="2019-08-02T23:47:59.237" />
  <attribute name="elasticGC enabled" value="1" />
  <attribute name= "numThreadsSpecified" value="3" />
  <attribute name="heapSize specified" value="8388608" />
  <attribute name= "numCores" value="8" />
  <attribute name ="GC Interval" value="0" />
  <attribute name ="Control flow" value="1" />
  <attribute name="GC Util Range Max" value="89" />
  <attribute name="Current GC Util" value="14" />
  <attribute name= "Current Time Running" value="4272" />
<allocation-satisfied id="96" threadId="0000000000F98A00" bytesRequested="88" />
<af-end id="97" timestamp="2019-08-02T23:47:59.237" threadId="0000000000F99388" success="true" />
<exclusive-end id="98" timestamp="2019-08-02T23:47:59.237" durationms="3.846" />

<exclusive-start id="99" timestamp="2019-08-02T23:47:59.336" intervalms="102.351">
  <response-info timems="0.037" idlems="0.037" threads="0" lastid="0000000000F98A00" lastname="main" />
</exclusive-start>
<af-start id="100" threadId="0000000000F99388" totalBytesRequested="23296" timestamp="2019-08-02T23:47:59.336" intervalms="102.348" />
<cycle-start id="101" type="global" contextid="0" timestamp="2019-08-02T23:47:59.336" intervalms="102.347" />
<gc-start id="102" type="global" contextid="101" timestamp="2019-08-02T23:47:59.336">
  <mem-info id="103" free="502784" total="8388608" percent="5">
    <mem type="tenure" free="502784" total="8388608" percent="5">
      <mem type="soa" free="0" total="7885824" percent="0" />
      <mem type="loa" free="502784" total="502784" percent="100" />
    </mem>
  </mem-info>
</gc-start>
<allocation-stats totalBytes="3696496" >
  <allocated-bytes non-tlh="662400" tlh="3034096" />
  <largest-consumer threadName="main" threadId="0000000000F98A00" bytes="3696496" />
</allocation-stats>
<gc-op id="104" type="mark" timems="2.264" contextid="101" timestamp="2019-08-02T23:47:59.339">
  <trace-info objectcount="63760" scancount="52683" scanbytes="1836844" />
  <finalization candidates="80" enqueued="0" />
  <ownableSynchronizers candidates="21" cleared="0" />
  <references type="soft" candidates="1022" cleared="0" enqueued="0" dynamicThreshold="16" maxThreshold="32" />
  <references type="weak" candidates="3393" cleared="0" enqueued="0" />
  <references type="phantom" candidates="101" cleared="0" enqueued="0" />
  <stringconstants candidates="7243" cleared="0"  />
</gc-op>
<gc-op id="105" type="sweep" timems="0.222" contextid="101" timestamp="2019-08-02T23:47:59.339" />
<mem-info id="106" free="4064240" total="8388608" percent="48">
  <mem type="tenure" free="4064240" total="8388608" percent="48" micro-fragmented="126235" macro-fragmented="0">
    <mem type="soa" free="3561456" total="7885824" percent="45" />
    <mem type="loa" free="502784" total="502784" percent="100" />
  </mem>
</mem-info>
<gc-op id="107" type="compact" timems="13.838" contextid="101" timestamp="2019-08-02T23:47:59.353">
  <compact-info movecount="52334" movebytes="3642016" reason="no compaction" />
</gc-op>
<gc-end id="108" type="global" contextid="101" durationms="17.329" usertimems="24.000" systemtimems="0.000" timestamp="2019-08-02T23:47:59.354" activeThreads="8">
  <mem-info id="109" free="4172456" total="8388608" percent="49">
    <mem type="tenure" free="4172456" total="8388608" percent="49">
      <mem type="soa" free="3669672" total="7885824" percent="46" />
      <mem type="loa" free="502784" total="502784" percent="100" />
    </mem>
  </mem-info>
</gc-end>
<cycle-end id="110" type="global" contextid="101" timestamp="2019-08-02T23:47:59.354" />
  <attribute name="elasticGC enabled" value="1" />
  <attribute name= "numThreadsSpecified" value="3" />
  <attribute name="heapSize specified" value="8388608" />
  <attribute name= "numCores" value="8" />
  <attribute name ="GC Interval" value="0" />
  <attribute name ="Control flow" value="3" />
  <attribute name="GC Util Range Max" value="89" />
  <attribute name="Current GC Util" value="39" />
  <attribute name= "Current Time Running" value="4389" />
<allocation-satisfied id="111" threadId="0000000000F98A00" bytesRequested="23296" />
<af-end id="112" timestamp="2019-08-02T23:47:59.354" threadId="0000000000F99388" success="true" />
<exclusive-end id="113" timestamp="2019-08-02T23:47:59.354" durationms="18.208" />

<exclusive-start id="114" timestamp="2019-08-02T23:47:59.416" intervalms="79.712">
  <response-info timems="0.068" idlems="0.068" threads="0" lastid="0000000000F98A00" lastname="main" />
</exclusive-start>
<af-start id="115" threadId="0000000000F99388" totalBytesRequested="32" timestamp="2019-08-02T23:47:59.416" intervalms="79.798" />
<cycle-start id="116" type="global" contextid="0" timestamp="2019-08-02T23:47:59.416" intervalms="79.867" />
<gc-start id="117" type="global" contextid="116" timestamp="2019-08-02T23:47:59.416">
  <mem-info id="118" free="502784" total="8388608" percent="5">
    <mem type="tenure" free="502784" total="8388608" percent="5">
      <mem type="soa" free="0" total="7885824" percent="0" />
      <mem type="loa" free="502784" total="502784" percent="100" />
    </mem>
  </mem-info>
</gc-start>
<allocation-stats totalBytes="3734104" >
  <allocated-bytes non-tlh="24656" tlh="3709448" />
  <largest-consumer threadName="main" threadId="0000000000F98A00" bytes="3734104" />
</allocation-stats>
<gc-op id="119" type="mark" timems="2.503" contextid="116" timestamp="2019-08-02T23:47:59.419">
  <trace-info objectcount="68295" scancount="56644" scanbytes="1984184" />
  <finalization candidates="80" enqueued="0" />
  <ownableSynchronizers candidates="21" cleared="0" />
  <references type="soft" candidates="1022" cleared="0" enqueued="0" dynamicThreshold="15" maxThreshold="32" />
  <references type="weak" candidates="3565" cleared="0" enqueued="0" />
  <references type="phantom" candidates="101" cleared="0" enqueued="0" />
  <stringconstants candidates="7389" cleared="0"  />
</gc-op>
<gc-op id="120" type="sweep" timems="0.295" contextid="116" timestamp="2019-08-02T23:47:59.419" />
<mem-info id="121" free="3945080" total="8388608" percent="47">
  <mem type="tenure" free="3945080" total="8388608" percent="47" micro-fragmented="56843" macro-fragmented="0">
    <mem type="soa" free="3442296" total="7885824" percent="43" />
    <mem type="loa" free="502784" total="502784" percent="100" />
  </mem>
</mem-info>
<gc-op id="122" type="compact" timems="12.699" contextid="116" timestamp="2019-08-02T23:47:59.432">
  <compact-info movecount="51534" movebytes="3569512" reason="no compaction" />
</gc-op>
<gc-end id="123" type="global" contextid="116" durationms="16.421" usertimems="24.000" systemtimems="0.000" timestamp="2019-08-02T23:47:59.433" activeThreads="2">
  <mem-info id="124" free="4000472" total="8388608" percent="47">
    <mem type="tenure" free="4000472" total="8388608" percent="47">
      <mem type="soa" free="3497688" total="7885824" percent="44" />
      <mem type="loa" free="502784" total="502784" percent="100" />
    </mem>
  </mem-info>
</gc-end>
<cycle-end id="125" type="global" contextid="116" timestamp="2019-08-02T23:47:59.433" />
  <attribute name="elasticGC enabled" value="1" />
  <attribute name= "numThreadsSpecified" value="2" />
  <attribute name="heapSize specified" value="8388608" />
  <attribute name= "numCores" value="8" />
  <attribute name ="GC Interval" value="0" />
  <attribute name ="Control flow" value="1" />
  <attribute name="GC Util Range Max" value="89" />
  <attribute name="Current GC Util" value="31" />
  <attribute name= "Current Time Running" value="4468" />
<allocation-satisfied id="126" threadId="0000000000F98A00" bytesRequested="32" />
<af-end id="127" timestamp="2019-08-02T23:47:59.433" threadId="0000000000F99388" success="true" />
<exclusive-end id="128" timestamp="2019-08-02T23:47:59.433" durationms="17.490" />

<exclusive-start id="129" timestamp="2019-08-02T23:47:59.483" intervalms="67.803">
  <response-info timems="0.070" idlems="0.070" threads="0" lastid="0000000000F98A00" lastname="main" />
</exclusive-start>
<af-start id="130" threadId="0000000000F99388" totalBytesRequested="88" timestamp="2019-08-02T23:47:59.484" intervalms="67.801" />
<cycle-start id="131" type="global" contextid="0" timestamp="2019-08-02T23:47:59.484" intervalms="67.771" />
<gc-start id="132" type="global" contextid="131" timestamp="2019-08-02T23:47:59.484">
  <mem-info id="133" free="502784" total="8388608" percent="5">
    <mem type="tenure" free="502784" total="8388608" percent="5">
      <mem type="soa" free="0" total="7885824" percent="0" />
      <mem type="loa" free="502784" total="502784" percent="100" />
    </mem>
  </mem-info>
</gc-start>
<allocation-stats totalBytes="3561920" >
  <allocated-bytes non-tlh="19040" tlh="3542880" />
  <largest-consumer threadName="main" threadId="0000000000F98A00" bytes="3561920" />
</allocation-stats>
<gc-op id="134" type="mark" timems="2.395" contextid="131" timestamp="2019-08-02T23:47:59.486">
  <trace-info objectcount="73092" scancount="60865" scanbytes="2141644" />
  <finalization candidates="80" enqueued="0" />
  <ownableSynchronizers candidates="21" cleared="0" />
  <references type="soft" candidates="1022" cleared="0" enqueued="0" dynamicThreshold="15" maxThreshold="32" />
  <references type="weak" candidates="3709" cleared="0" enqueued="0" />
  <references type="phantom" candidates="101" cleared="0" enqueued="0" />
  <stringconstants candidates="7497" cleared="0"  />
</gc-op>
<gc-op id="135" type="sweep" timems="0.298" contextid="131" timestamp="2019-08-02T23:47:59.487" />
<mem-info id="136" free="3748288" total="8388608" percent="44">
  <mem type="tenure" free="3748288" total="8388608" percent="44" micro-fragmented="68977" macro-fragmented="0">
    <mem type="soa" free="3245504" total="7885824" percent="41" />
    <mem type="loa" free="502784" total="502784" percent="100" />
  </mem>
</mem-info>
<gc-op id="137" type="compact" timems="5.960" contextid="131" timestamp="2019-08-02T23:47:59.493">
  <compact-info movecount="18192" movebytes="743784" reason="no compaction" />
</gc-op>
<gc-end id="138" type="global" contextid="131" durationms="9.620" usertimems="12.000" systemtimems="0.000" timestamp="2019-08-02T23:47:59.493" activeThreads="8">
  <mem-info id="139" free="3882328" total="8388608" percent="46">
    <mem type="tenure" free="3882328" total="8388608" percent="46">
      <mem type="soa" free="3379544" total="7885824" percent="42" />
      <mem type="loa" free="502784" total="502784" percent="100" />
    </mem>
  </mem-info>
</gc-end>
<cycle-end id="140" type="global" contextid="131" timestamp="2019-08-02T23:47:59.494" />
  <attribute name="elasticGC enabled" value="1" />
  <attribute name= "numThreadsSpecified" value="2" />
  <attribute name="heapSize specified" value="8388608" />
  <attribute name= "numCores" value="8" />
  <attribute name ="GC Interval" value="0" />
  <attribute name ="Control flow" value="3" />
  <attribute name="GC Util Range Max" value="89" />
  <attribute name="Current GC Util" value="36" />
  <attribute name= "Current Time Running" value="4529" />
<allocation-satisfied id="141" threadId="0000000000F98A00" bytesRequested="88" />
<af-end id="142" timestamp="2019-08-02T23:47:59.494" threadId="0000000000F99388" success="true" />
<exclusive-end id="143" timestamp="2019-08-02T23:47:59.494" durationms="10.669" />

<exclusive-start id="144" timestamp="2019-08-02T23:47:59.545" intervalms="61.601">
  <response-info timems="0.089" idlems="0.089" threads="0" lastid="0000000000F98A00" lastname="main" />
</exclusive-start>
<af-start id="145" threadId="0000000000F99388" totalBytesRequested="40" timestamp="2019-08-02T23:47:59.545" intervalms="61.570" />
<cycle-start id="146" type="global" contextid="0" timestamp="2019-08-02T23:47:59.545" intervalms="61.532" />
<gc-start id="147" type="global" contextid="146" timestamp="2019-08-02T23:47:59.545">
  <mem-info id="148" free="502784" total="8388608" percent="5">
    <mem type="tenure" free="502784" total="8388608" percent="5">
      <mem type="soa" free="0" total="7885824" percent="0" />
      <mem type="loa" free="502784" total="502784" percent="100" />
    </mem>
  </mem-info>
</gc-start>
<allocation-stats totalBytes="3377616" >
  <allocated-bytes non-tlh="19424" tlh="3358192" />
  <largest-consumer threadName="main" threadId="0000000000F98A00" bytes="3377616" />
</allocation-stats>
<gc-op id="149" type="mark" timems="1.641" contextid="146" timestamp="2019-08-02T23:47:59.547">
  <trace-info objectcount="75165" scancount="62656" scanbytes="2187576" />
  <finalization candidates="80" enqueued="0" />
  <ownableSynchronizers candidates="21" cleared="0" />
  <references type="soft" candidates="1024" cleared="0" enqueued="0" dynamicThreshold="14" maxThreshold="32" />
  <references type="weak" candidates="3766" cleared="5" enqueued="5" />
  <references type="phantom" candidates="100" cleared="0" enqueued="0" />
  <stringconstants candidates="7641" cleared="0"  />
</gc-op>
<gc-op id="150" type="sweep" timems="0.193" contextid="146" timestamp="2019-08-02T23:47:59.547" />
<mem-info id="151" free="3725808" total="8388608" percent="44">
  <mem type="tenure" free="3725808" total="8388608" percent="44" micro-fragmented="216686" macro-fragmented="0">
    <mem type="soa" free="3223024" total="7885824" percent="40" />
    <mem type="loa" free="502784" total="502784" percent="100" />
  </mem>
  <pending-finalizers system="0" default="0" reference="5" classloader="0" />
</mem-info>
<gc-op id="152" type="compact" timems="14.895" contextid="146" timestamp="2019-08-02T23:47:59.562">
  <compact-info movecount="63816" movebytes="3873048" reason="no compaction" />
</gc-op>
<gc-end id="153" type="global" contextid="146" durationms="17.249" usertimems="28.000" systemtimems="0.000" timestamp="2019-08-02T23:47:59.563" activeThreads="1">
  <mem-info id="154" free="3945296" total="8388608" percent="47">
    <mem type="tenure" free="3945296" total="8388608" percent="47">
      <mem type="soa" free="3442512" total="7885824" percent="43" />
      <mem type="loa" free="502784" total="502784" percent="100" />
    </mem>
    <pending-finalizers system="0" default="0" reference="5" classloader="0" />
  </mem-info>
</gc-end>
<cycle-end id="155" type="global" contextid="146" timestamp="2019-08-02T23:47:59.563" />
  <attribute name="elasticGC enabled" value="1" />
  <attribute name= "numThreadsSpecified" value="1" />
  <attribute name="heapSize specified" value="8388608" />
  <attribute name= "numCores" value="8" />
  <attribute name ="GC Interval" value="0" />
  <attribute name ="Control flow" value="3" />
  <attribute name="GC Util Range Max" value="89" />
  <attribute name="Current GC Util" value="27" />
  <attribute name= "Current Time Running" value="4599" />
<allocation-satisfied id="156" threadId="0000000000F98A00" bytesRequested="40" />
<af-end id="157" timestamp="2019-08-02T23:47:59.563" threadId="0000000000F99388" success="true" />
<exclusive-end id="158" timestamp="2019-08-02T23:47:59.563" durationms="17.992" />

<exclusive-start id="159" timestamp="2019-08-02T23:47:59.623" intervalms="78.108">
  <response-info timems="0.108" idlems="0.108" threads="0" lastid="0000000000F98A00" lastname="main" />
</exclusive-start>
<af-start id="160" threadId="0000000000F99388" totalBytesRequested="32" timestamp="2019-08-02T23:47:59.623" intervalms="78.138" />
<cycle-start id="161" type="global" contextid="0" timestamp="2019-08-02T23:47:59.624" intervalms="78.236" />
<gc-start id="162" type="global" contextid="161" timestamp="2019-08-02T23:47:59.624">
  <mem-info id="163" free="502784" total="8388608" percent="5">
    <mem type="tenure" free="502784" total="8388608" percent="5">
      <mem type="soa" free="0" total="7885824" percent="0" />
      <mem type="loa" free="502784" total="502784" percent="100" />
    </mem>
  </mem-info>
</gc-start>
<allocation-stats totalBytes="3506176" >
  <allocated-bytes non-tlh="221832" tlh="3284344" />
  <largest-consumer threadName="main" threadId="0000000000F98A00" bytes="3506176" />
</allocation-stats>
<gc-op id="164" type="mark" timems="1.824" contextid="161" timestamp="2019-08-02T23:47:59.626">
  <trace-info objectcount="69445" scancount="57645" scanbytes="2042404" />
  <finalization candidates="80" enqueued="0" />
  <ownableSynchronizers candidates="21" cleared="0" />
  <references type="soft" candidates="1095" cleared="0" enqueued="0" dynamicThreshold="15" maxThreshold="32" />
  <references type="weak" candidates="3807" cleared="0" enqueued="0" />
  <references type="phantom" candidates="101" cleared="0" enqueued="0" />
  <stringconstants candidates="7820" cleared="0"  />
</gc-op>
<gc-op id="165" type="sweep" timems="0.157" contextid="161" timestamp="2019-08-02T23:47:59.626" />
<gc-end id="166" type="global" contextid="161" durationms="3.375" usertimems="8.000" systemtimems="0.000" timestamp="2019-08-02T23:47:59.627" activeThreads="2">
  <mem-info id="167" free="3727144" total="8388608" percent="44">
    <mem type="tenure" free="3727144" total="8388608" percent="44" micro-fragmented="126887" macro-fragmented="0">
      <mem type="soa" free="3224360" total="7885824" percent="40" />
      <mem type="loa" free="502784" total="502784" percent="100" />
    </mem>
  </mem-info>
</gc-end>
<cycle-end id="168" type="global" contextid="161" timestamp="2019-08-02T23:47:59.627" />
  <attribute name="elasticGC enabled" value="1" />
  <attribute name= "numThreadsSpecified" value="2" />
  <attribute name="heapSize specified" value="8388608" />
  <attribute name= "numCores" value="8" />
  <attribute name ="GC Interval" value="0" />
  <attribute name ="Control flow" value="1" />
  <attribute name="GC Util Range Max" value="89" />
  <attribute name="Current GC Util" value="0" />
  <attribute name= "Current Time Running" value="4662" />
<allocation-satisfied id="169" threadId="0000000000F98A00" bytesRequested="32" />
<af-end id="170" timestamp="2019-08-02T23:47:59.628" threadId="0000000000F99388" success="true" />
<exclusive-end id="171" timestamp="2019-08-02T23:47:59.628" durationms="4.487" />

<exclusive-start id="172" timestamp="2019-08-02T23:47:59.667" intervalms="44.090">
  <response-info timems="0.086" idlems="0.086" threads="0" lastid="0000000000F98A00" lastname="main" />
</exclusive-start>
<af-start id="173" threadId="0000000000F99388" totalBytesRequested="32" timestamp="2019-08-02T23:47:59.667" intervalms="44.101" />
<cycle-start id="174" type="global" contextid="0" timestamp="2019-08-02T23:47:59.668" intervalms="44.067" />
<gc-start id="175" type="global" contextid="174" timestamp="2019-08-02T23:47:59.668">
  <mem-info id="176" free="502784" total="8388608" percent="5">
    <mem type="tenure" free="502784" total="8388608" percent="5">
      <mem type="soa" free="0" total="7885824" percent="0" />
      <mem type="loa" free="502784" total="502784" percent="100" />
    </mem>
  </mem-info>
</gc-start>
<allocation-stats totalBytes="3251280" >
  <allocated-bytes non-tlh="100456" tlh="3150824" />
  <largest-consumer threadName="main" threadId="0000000000F98A00" bytes="3251280" />
</allocation-stats>
<gc-op id="177" type="mark" timems="2.558" contextid="174" timestamp="2019-08-02T23:47:59.671">
  <trace-info objectcount="73505" scancount="61236" scanbytes="2177360" />
  <finalization candidates="80" enqueued="0" />
  <ownableSynchronizers candidates="21" cleared="0" />
  <references type="soft" candidates="1095" cleared="0" enqueued="0" dynamicThreshold="14" maxThreshold="32" />
  <references type="weak" candidates="3845" cleared="0" enqueued="0" />
  <references type="phantom" candidates="101" cleared="0" enqueued="0" />
  <stringconstants candidates="7846" cleared="0"  />
</gc-op>
<gc-op id="178" type="sweep" timems="0.283" contextid="174" timestamp="2019-08-02T23:47:59.671" />
<mem-info id="179" free="3469600" total="8388608" percent="41">
  <mem type="tenure" free="3469600" total="8388608" percent="41" micro-fragmented="198656" macro-fragmented="0">
    <mem type="soa" free="2966816" total="7885824" percent="37" />
    <mem type="loa" free="502784" total="502784" percent="100" />
  </mem>
</mem-info>
<gc-op id="180" type="compact" timems="14.654" contextid="174" timestamp="2019-08-02T23:47:59.686">
  <compact-info movecount="62156" movebytes="4113472" reason="no compaction" />
</gc-op>
<gc-end id="181" type="global" contextid="174" durationms="18.579" usertimems="32.000" systemtimems="0.000" timestamp="2019-08-02T23:47:59.686" activeThreads="8">
  <mem-info id="182" free="3704872" total="8388608" percent="44">
    <mem type="tenure" free="3704872" total="8388608" percent="44">
      <mem type="soa" free="3202088" total="7885824" percent="40" />
      <mem type="loa" free="502784" total="502784" percent="100" />
    </mem>
  </mem-info>
</gc-end>
<cycle-end id="183" type="global" contextid="174" timestamp="2019-08-02T23:47:59.687" />
  <attribute name="elasticGC enabled" value="1" />
  <attribute name= "numThreadsSpecified" value="2" />
  <attribute name="heapSize specified" value="8388608" />
  <attribute name= "numCores" value="8" />
  <attribute name ="GC Interval" value="0" />
  <attribute name ="Control flow" value="1" />
  <attribute name="GC Util Range Max" value="89" />
  <attribute name="Current GC Util" value="39" />
  <attribute name= "Current Time Running" value="4722" />
<allocation-satisfied id="184" threadId="0000000000F98A00" bytesRequested="32" />
<af-end id="185" timestamp="2019-08-02T23:47:59.687" threadId="0000000000F99388" success="true" />
<exclusive-end id="186" timestamp="2019-08-02T23:47:59.687" durationms="19.727" />

<exclusive-start id="187" timestamp="2019-08-02T23:47:59.719" intervalms="52.067">
  <response-info timems="0.034" idlems="0.034" threads="0" lastid="0000000000F98A00" lastname="main" />
</exclusive-start>
<af-start id="188" threadId="0000000000F99388" totalBytesRequested="32" timestamp="2019-08-02T23:47:59.719" intervalms="52.032" />
<cycle-start id="189" type="global" contextid="0" timestamp="2019-08-02T23:47:59.720" intervalms="52.052" />
<gc-start id="190" type="global" contextid="189" timestamp="2019-08-02T23:47:59.720">
  <mem-info id="191" free="502784" total="8388608" percent="5">
    <mem type="tenure" free="502784" total="8388608" percent="5">
      <mem type="soa" free="0" total="7885824" percent="0" />
      <mem type="loa" free="502784" total="502784" percent="100" />
    </mem>
  </mem-info>
</gc-start>
<allocation-stats totalBytes="3267304" >
  <allocated-bytes non-tlh="1880" tlh="3265424" />
  <largest-consumer threadName="main" threadId="0000000000F98A00" bytes="3267304" />
</allocation-stats>
<gc-op id="192" type="mark" timems="2.669" contextid="189" timestamp="2019-08-02T23:47:59.723">
  <trace-info objectcount="78667" scancount="65853" scanbytes="2350508" />
  <finalization candidates="80" enqueued="0" />
  <ownableSynchronizers candidates="21" cleared="0" />
  <references type="soft" candidates="1095" cleared="0" enqueued="0" dynamicThreshold="14" maxThreshold="32" />
  <references type="weak" candidates="3861" cleared="0" enqueued="0" />
  <references type="phantom" candidates="101" cleared="0" enqueued="0" />
  <stringconstants candidates="7856" cleared="0"  />
</gc-op>
<gc-op id="193" type="sweep" timems="0.320" contextid="189" timestamp="2019-08-02T23:47:59.723" />
<mem-info id="194" free="3417976" total="8388608" percent="40">
  <mem type="tenure" free="3417976" total="8388608" percent="40" micro-fragmented="90293" macro-fragmented="0">
    <mem type="soa" free="2915192" total="7885824" percent="36" />
    <mem type="loa" free="502784" total="502784" percent="100" />
  </mem>
</mem-info>
<gc-op id="195" type="compact" timems="7.303" contextid="189" timestamp="2019-08-02T23:47:59.731">
  <compact-info movecount="25956" movebytes="1681648" reason="no compaction" />
</gc-op>
<gc-end id="196" type="global" contextid="189" durationms="11.278" usertimems="16.000" systemtimems="0.000" timestamp="2019-08-02T23:47:59.731" activeThreads="8">
  <mem-info id="197" free="3505008" total="8388608" percent="41">
    <mem type="tenure" free="3505008" total="8388608" percent="41">
      <mem type="soa" free="3002224" total="7885824" percent="38" />
      <mem type="loa" free="502784" total="502784" percent="100" />
    </mem>
  </mem-info>
</gc-end>
<cycle-end id="198" type="global" contextid="189" timestamp="2019-08-02T23:47:59.731" />
  <attribute name="elasticGC enabled" value="1" />
  <attribute name= "numThreadsSpecified" value="2" />
  <attribute name="heapSize specified" value="8388608" />
  <attribute name= "numCores" value="8" />
  <attribute name ="GC Interval" value="0" />
  <attribute name ="Control flow" value="3" />
  <attribute name="GC Util Range Max" value="89" />
  <attribute name="Current GC Util" value="34" />
  <attribute name= "Current Time Running" value="4767" />
<allocation-satisfied id="199" threadId="0000000000F98A00" bytesRequested="32" />
<af-end id="200" timestamp="2019-08-02T23:47:59.732" threadId="0000000000F99388" success="true" />
<exclusive-end id="201" timestamp="2019-08-02T23:47:59.732" durationms="12.321" />

<exclusive-start id="202" timestamp="2019-08-02T23:47:59.769" intervalms="49.764">
  <response-info timems="0.084" idlems="0.084" threads="0" lastid="0000000000F98A00" lastname="main" />
</exclusive-start>
<af-start id="203" threadId="0000000000F99388" totalBytesRequested="56" timestamp="2019-08-02T23:47:59.769" intervalms="49.809" />
<cycle-start id="204" type="global" contextid="0" timestamp="2019-08-02T23:47:59.769" intervalms="49.794" />
<gc-start id="205" type="global" contextid="204" timestamp="2019-08-02T23:47:59.770">
  <mem-info id="206" free="502784" total="8388608" percent="5">
    <mem type="tenure" free="502784" total="8388608" percent="5">
      <mem type="soa" free="0" total="7885824" percent="0" />
      <mem type="loa" free="502784" total="502784" percent="100" />
    </mem>
  </mem-info>
</gc-start>
<allocation-stats totalBytes="3066800" >
  <allocated-bytes non-tlh="288" tlh="3066512" />
  <largest-consumer threadName="main" threadId="0000000000F98A00" bytes="3066800" />
</allocation-stats>
<gc-op id="207" type="mark" timems="2.611" contextid="204" timestamp="2019-08-02T23:47:59.772">
  <trace-info objectcount="82759" scancount="69308" scanbytes="2440540" />
  <finalization candidates="80" enqueued="0" />
  <ownableSynchronizers candidates="21" cleared="0" />
  <references type="soft" candidates="1095" cleared="10" enqueued="10" dynamicThreshold="13" maxThreshold="32" />
  <references type="weak" candidates="3861" cleared="0" enqueued="0" />
  <references type="phantom" candidates="100" cleared="0" enqueued="0" />
  <stringconstants candidates="7862" cleared="0"  />
</gc-op>
<gc-op id="208" type="sweep" timems="0.207" contextid="204" timestamp="2019-08-02T23:47:59.773" />
<mem-info id="209" free="3277544" total="8388608" percent="39">
  <mem type="tenure" free="3277544" total="8388608" percent="39" micro-fragmented="238914" macro-fragmented="0">
    <mem type="soa" free="2774760" total="7885824" percent="35" />
    <mem type="loa" free="502784" total="502784" percent="100" />
  </mem>
  <pending-finalizers system="0" default="0" reference="10" classloader="0" />
</mem-info>
<gc-op id="210" type="compact" timems="16.532" contextid="204" timestamp="2019-08-02T23:47:59.789">
  <compact-info movecount="71813" movebytes="4233872" reason="no compaction" />
</gc-op>
<gc-end id="211" type="global" contextid="204" durationms="20.122" usertimems="28.000" systemtimems="0.000" timestamp="2019-08-02T23:47:59.790" activeThreads="8">
  <mem-info id="212" free="3600064" total="8388608" percent="42">
    <mem type="tenure" free="3600064" total="8388608" percent="42">
      <mem type="soa" free="3097280" total="7885824" percent="39" />
      <mem type="loa" free="502784" total="502784" percent="100" />
    </mem>
    <pending-finalizers system="0" default="0" reference="10" classloader="0" />
  </mem-info>
</gc-end>
<cycle-end id="213" type="global" contextid="204" timestamp="2019-08-02T23:47:59.790" />
  <attribute name="elasticGC enabled" value="1" />
  <attribute name= "numThreadsSpecified" value="1" />
  <attribute name="heapSize specified" value="8388608" />
  <attribute name= "numCores" value="8" />
  <attribute name ="GC Interval" value="0" />
  <attribute name ="Control flow" value="1" />
  <attribute name="GC Util Range Max" value="89" />
  <attribute name="Current GC Util" value="25" />
  <attribute name= "Current Time Running" value="4826" />
<allocation-satisfied id="214" threadId="0000000000F98A00" bytesRequested="56" />
<af-end id="215" timestamp="2019-08-02T23:47:59.790" threadId="0000000000F99388" success="true" />
<exclusive-end id="216" timestamp="2019-08-02T23:47:59.790" durationms="21.259" />

<exclusive-start id="217" timestamp="2019-08-02T23:47:59.861" intervalms="91.741">
  <response-info timems="0.080" idlems="0.080" threads="0" lastid="0000000000F98A00" lastname="main" />
</exclusive-start>
<af-start id="218" threadId="0000000000F99388" totalBytesRequested="6760" timestamp="2019-08-02T23:47:59.861" intervalms="91.722" />
<cycle-start id="219" type="global" contextid="0" timestamp="2019-08-02T23:47:59.861" intervalms="91.739" />
<gc-start id="220" type="global" contextid="219" timestamp="2019-08-02T23:47:59.861">
  <mem-info id="221" free="502784" total="8388608" percent="5">
    <mem type="tenure" free="502784" total="8388608" percent="5">
      <mem type="soa" free="0" total="7885824" percent="0" />
      <mem type="loa" free="502784" total="502784" percent="100" />
    </mem>
  </mem-info>
</gc-start>
<allocation-stats totalBytes="3129784" >
  <allocated-bytes non-tlh="256744" tlh="2873040" />
  <largest-consumer threadName="main" threadId="0000000000F98A00" bytes="3129784" />
</allocation-stats>
<gc-op id="222" type="mark" timems="4.428" contextid="219" timestamp="2019-08-02T23:47:59.866">
  <trace-info objectcount="71579" scancount="59383" scanbytes="2058208" />
  <finalization candidates="80" enqueued="0" />
  <ownableSynchronizers candidates="21" cleared="0" />
  <references type="soft" candidates="1309" cleared="25" enqueued="23" dynamicThreshold="13" maxThreshold="32" />
  <references type="weak" candidates="4241" cleared="9" enqueued="8" />
  <references type="phantom" candidates="101" cleared="0" enqueued="0" />
  <stringconstants candidates="8296" cleared="12"  />
</gc-op>
<gc-op id="223" type="classunload" timems="0.003" contextid="219" timestamp="2019-08-02T23:47:59.866">
  <classunload-info classloadercandidates="14" classloadersunloaded="0" classesunloaded="0" anonymousclassesunloaded="0" quiescems="0.000" setupms="0.002" scanms="0.000" postms="0.001" />
</gc-op>
<gc-op id="224" type="sweep" timems="0.341" contextid="219" timestamp="2019-08-02T23:47:59.867" />
<gc-end id="225" type="global" contextid="219" durationms="6.310" usertimems="8.000" systemtimems="0.000" timestamp="2019-08-02T23:47:59.868" activeThreads="2">
  <mem-info id="226" free="3720680" total="8388608" percent="44">
    <mem type="tenure" free="3720680" total="8388608" percent="44" micro-fragmented="129375" macro-fragmented="0">
      <mem type="soa" free="3217896" total="7885824" percent="40" />
      <mem type="loa" free="502784" total="502784" percent="100" />
    </mem>
    <pending-finalizers system="0" default="0" reference="31" classloader="0" />
  </mem-info>
</gc-end>
<cycle-end id="227" type="global" contextid="219" timestamp="2019-08-02T23:47:59.868" />
  <attribute name="elasticGC enabled" value="1" />
  <attribute name= "numThreadsSpecified" value="2" />
  <attribute name="heapSize specified" value="8388608" />
  <attribute name= "numCores" value="8" />
  <attribute name ="GC Interval" value="0" />
  <attribute name ="Control flow" value="3" />
  <attribute name="GC Util Range Max" value="89" />
  <attribute name="Current GC Util" value="7" />
  <attribute name= "Current Time Running" value="4903" />
<allocation-satisfied id="228" threadId="0000000000F98A00" bytesRequested="6760" />
<af-end id="229" timestamp="2019-08-02T23:47:59.868" threadId="0000000000F99388" success="true" />
<exclusive-end id="230" timestamp="2019-08-02T23:47:59.868" durationms="7.308" />

<exclusive-start id="231" timestamp="2019-08-02T23:47:59.878" intervalms="17.552">
  <response-info timems="0.076" idlems="0.076" threads="0" lastid="0000000000F98A00" lastname="main" />
</exclusive-start>
<af-start id="232" threadId="0000000000F99388" totalBytesRequested="32" timestamp="2019-08-02T23:47:59.879" intervalms="17.525" />
<cycle-start id="233" type="global" contextid="0" timestamp="2019-08-02T23:47:59.879" intervalms="17.503" />
<gc-start id="234" type="global" contextid="233" timestamp="2019-08-02T23:47:59.879">
  <mem-info id="235" free="502784" total="8388608" percent="5">
    <mem type="tenure" free="502784" total="8388608" percent="5">
      <mem type="soa" free="0" total="7885824" percent="0" />
      <mem type="loa" free="502784" total="502784" percent="100" />
    </mem>
  </mem-info>
</gc-start>
<allocation-stats totalBytes="3225592" >
  <allocated-bytes non-tlh="25952" tlh="3199640" />
  <largest-consumer threadName="main" threadId="0000000000F98A00" bytes="3217632" />
</allocation-stats>
<gc-op id="236" type="mark" timems="1.869" contextid="233" timestamp="2019-08-02T23:47:59.881">
  <trace-info objectcount="77461" scancount="64785" scanbytes="2266752" />
  <finalization candidates="80" enqueued="0" />
  <ownableSynchronizers candidates="21" cleared="0" />
  <references type="soft" candidates="1286" cleared="0" enqueued="0" dynamicThreshold="14" maxThreshold="32" />
  <references type="weak" candidates="4237" cleared="4" enqueued="4" />
  <references type="phantom" candidates="101" cleared="0" enqueued="0" />
  <stringconstants candidates="8297" cleared="0"  />
</gc-op>
<gc-op id="237" type="sweep" timems="0.309" contextid="233" timestamp="2019-08-02T23:47:59.881" />
<mem-info id="238" free="3273152" total="8388608" percent="39">
  <mem type="tenure" free="3273152" total="8388608" percent="39" micro-fragmented="346167" macro-fragmented="0">
    <mem type="soa" free="2770368" total="7885824" percent="35" />
    <mem type="loa" free="502784" total="502784" percent="100" />
  </mem>
  <pending-finalizers system="0" default="0" reference="4" classloader="0" />
</mem-info>
<gc-op id="239" type="compact" timems="15.290" contextid="233" timestamp="2019-08-02T23:47:59.897">
  <compact-info movecount="66625" movebytes="4237944" reason="no compaction" />
</gc-op>
<gc-end id="240" type="global" contextid="233" durationms="18.496" usertimems="24.000" systemtimems="0.000" timestamp="2019-08-02T23:47:59.897" activeThreads="2">
  <mem-info id="241" free="3602856" total="8388608" percent="42">
    <mem type="tenure" free="3602856" total="8388608" percent="42">
      <mem type="soa" free="3100072" total="7885824" percent="39" />
      <mem type="loa" free="502784" total="502784" percent="100" />
    </mem>
    <pending-finalizers system="0" default="0" reference="4" classloader="0" />
  </mem-info>
</gc-end>
<cycle-end id="242" type="global" contextid="233" timestamp="2019-08-02T23:47:59.897" />
  <attribute name="elasticGC enabled" value="1" />
  <attribute name= "numThreadsSpecified" value="2" />
  <attribute name="heapSize specified" value="8388608" />
  <attribute name= "numCores" value="8" />
  <attribute name ="GC Interval" value="0" />
  <attribute name ="Control flow" value="3" />
  <attribute name="GC Util Range Max" value="89" />
  <attribute name="Current GC Util" value="31" />
  <attribute name= "Current Time Running" value="4933" />
<allocation-satisfied id="243" threadId="0000000000F98A00" bytesRequested="32" />
<af-end id="244" timestamp="2019-08-02T23:47:59.898" threadId="0000000000F99388" success="true" />
<exclusive-end id="245" timestamp="2019-08-02T23:47:59.898" durationms="19.414" />

<exclusive-start id="246" timestamp="2019-08-02T23:47:59.914" intervalms="35.145">
  <response-info timems="0.085" idlems="0.085" threads="0" lastid="0000000000F98A00" lastname="main" />
</exclusive-start>
<af-start id="247" threadId="0000000000F99388" totalBytesRequested="192" timestamp="2019-08-02T23:47:59.914" intervalms="35.140" />
<cycle-start id="248" type="global" contextid="0" timestamp="2019-08-02T23:47:59.914" intervalms="35.168" />
<gc-start id="249" type="global" contextid="248" timestamp="2019-08-02T23:47:59.914">
  <mem-info id="250" free="502784" total="8388608" percent="5">
    <mem type="tenure" free="502784" total="8388608" percent="5">
      <mem type="soa" free="0" total="7885824" percent="0" />
      <mem type="loa" free="502784" total="502784" percent="100" />
    </mem>
  </mem-info>
</gc-start>
<allocation-stats totalBytes="3164856" >
  <allocated-bytes non-tlh="2552" tlh="3162304" />
  <largest-consumer threadName="main" threadId="0000000000F98A00" bytes="3164856" />
</allocation-stats>
<gc-op id="251" type="mark" timems="4.009" contextid="248" timestamp="2019-08-02T23:47:59.918">
  <trace-info objectcount="79703" scancount="67197" scanbytes="2311152" />
  <finalization candidates="80" enqueued="0" />
  <ownableSynchronizers candidates="21" cleared="0" />
  <references type="soft" candidates="1286" cleared="183" enqueued="179" dynamicThreshold="13" maxThreshold="32" />
  <references type="weak" candidates="4251" cleared="0" enqueued="0" />
  <references type="phantom" candidates="100" cleared="0" enqueued="0" />
  <stringconstants candidates="8311" cleared="0"  />
</gc-op>
<gc-op id="252" type="sweep" timems="0.191" contextid="248" timestamp="2019-08-02T23:47:59.919" />
<mem-info id="253" free="3567000" total="8388608" percent="42">
  <mem type="tenure" free="3567000" total="8388608" percent="42" micro-fragmented="196474" macro-fragmented="0">
    <mem type="soa" free="3064216" total="7885824" percent="38" />
    <mem type="loa" free="502784" total="502784" percent="100" />
  </mem>
  <pending-finalizers system="0" default="0" reference="179" classloader="0" />
</mem-info>
<gc-op id="254" type="compact" timems="16.681" contextid="248" timestamp="2019-08-02T23:47:59.936">
  <compact-info movecount="67917" movebytes="4007120" reason="no compaction" />
</gc-op>
<gc-end id="255" type="global" contextid="248" durationms="21.863" usertimems="32.000" systemtimems="0.000" timestamp="2019-08-02T23:47:59.936" activeThreads="8">
  <mem-info id="256" free="3790208" total="8388608" percent="45">
    <mem type="tenure" free="3790208" total="8388608" percent="45">
      <mem type="soa" free="3287424" total="7885824" percent="41" />
      <mem type="loa" free="502784" total="502784" percent="100" />
    </mem>
    <pending-finalizers system="0" default="0" reference="179" classloader="0" />
  </mem-info>
</gc-end>
<cycle-end id="257" type="global" contextid="248" timestamp="2019-08-02T23:47:59.936" />
  <attribute name="elasticGC enabled" value="1" />
  <attribute name= "numThreadsSpecified" value="1" />
  <attribute name="heapSize specified" value="8388608" />
  <attribute name= "numCores" value="8" />
  <attribute name ="GC Interval" value="0" />
  <attribute name ="Control flow" value="1" />
  <attribute name="GC Util Range Max" value="89" />
  <attribute name="Current GC Util" value="33" />
  <attribute name= "Current Time Running" value="4972" />
<allocation-satisfied id="258" threadId="0000000000F98A00" bytesRequested="192" />
<af-end id="259" timestamp="2019-08-02T23:47:59.936" threadId="0000000000F99388" success="true" />
<exclusive-end id="260" timestamp="2019-08-02T23:47:59.936" durationms="22.831" />

<exclusive-start id="261" timestamp="2019-08-02T23:47:59.956" intervalms="42.794">
  <response-info timems="0.055" idlems="0.055" threads="0" lastid="0000000000F98A00" lastname="main" />
</exclusive-start>
<af-start id="262" threadId="0000000000F99388" totalBytesRequested="280" timestamp="2019-08-02T23:47:59.956" intervalms="42.822" />
<cycle-start id="263" type="global" contextid="0" timestamp="2019-08-02T23:47:59.957" intervalms="42.784" />
<gc-start id="264" type="global" contextid="263" timestamp="2019-08-02T23:47:59.957">
  <mem-info id="265" free="502784" total="8388608" percent="5">
    <mem type="tenure" free="502784" total="8388608" percent="5">
      <mem type="soa" free="0" total="7885824" percent="0" />
      <mem type="loa" free="502784" total="502784" percent="100" />
    </mem>
  </mem-info>
</gc-start>
<allocation-stats totalBytes="3351680" >
  <allocated-bytes non-tlh="210504" tlh="3141176" />
  <largest-consumer threadName="main" threadId="0000000000F98A00" bytes="3347584" />
</allocation-stats>
<gc-op id="266" type="mark" timems="4.078" contextid="263" timestamp="2019-08-02T23:47:59.961">
  <trace-info objectcount="70119" scancount="58335" scanbytes="1976796" />
  <finalization candidates="80" enqueued="0" />
  <ownableSynchronizers candidates="21" cleared="0" />
  <references type="soft" candidates="1104" cleared="0" enqueued="0" dynamicThreshold="14" maxThreshold="32" />
  <references type="weak" candidates="4251" cleared="0" enqueued="0" />
  <references type="phantom" candidates="100" cleared="0" enqueued="0" />
  <stringconstants candidates="8409" cleared="30"  />
</gc-op>
<gc-op id="267" type="sweep" timems="0.296" contextid="263" timestamp="2019-08-02T23:47:59.962" />
<mem-info id="268" free="4140472" total="8388608" percent="49">
  <mem type="tenure" free="4140472" total="8388608" percent="49" micro-fragmented="104072" macro-fragmented="0">
    <mem type="soa" free="3637688" total="7885824" percent="46" />
    <mem type="loa" free="502784" total="502784" percent="100" />
  </mem>
</mem-info>
<gc-op id="269" type="compact" timems="14.423" contextid="263" timestamp="2019-08-02T23:47:59.976">
  <compact-info movecount="59160" movebytes="3629232" reason="no compaction" />
</gc-op>
<gc-end id="270" type="global" contextid="263" durationms="19.659" usertimems="24.000" systemtimems="0.000" timestamp="2019-08-02T23:47:59.976" activeThreads="1">
  <mem-info id="271" free="4204432" total="8388608" percent="50">
    <mem type="tenure" free="4204432" total="8388608" percent="50">
      <mem type="soa" free="3701648" total="7885824" percent="46" />
      <mem type="loa" free="502784" total="502784" percent="100" />
    </mem>
  </mem-info>
</gc-end>
<cycle-end id="272" type="global" contextid="263" timestamp="2019-08-02T23:47:59.977" />
  <attribute name="elasticGC enabled" value="1" />
  <attribute name= "numThreadsSpecified" value="1" />
  <attribute name="heapSize specified" value="8388608" />
  <attribute name= "numCores" value="8" />
  <attribute name ="GC Interval" value="0" />
  <attribute name ="Control flow" value="1" />
  <attribute name="GC Util Range Max" value="89" />
  <attribute name="Current GC Util" value="30" />
  <attribute name= "Current Time Running" value="5012" />
<allocation-satisfied id="273" threadId="0000000000F98A00" bytesRequested="280" />
<af-end id="274" timestamp="2019-08-02T23:47:59.977" threadId="0000000000F99388" success="true" />
<exclusive-end id="275" timestamp="2019-08-02T23:47:59.977" durationms="20.616" />

<exclusive-start id="276" timestamp="2019-08-02T23:48:00.033" intervalms="76.988">
  <response-info timems="0.019" idlems="0.019" threads="0" lastid="0000000000F98A00" lastname="main" />
</exclusive-start>
<sys-start reason="explicit" id="277" timestamp="2019-08-02T23:48:00.033" intervalms="7256.173" />
<cycle-start id="278" type="global" contextid="0" timestamp="2019-08-02T23:48:00.033" intervalms="76.866" />
<gc-start id="279" type="global" contextid="278" timestamp="2019-08-02T23:48:00.034">
  <mem-info id="280" free="2360208" total="8388608" percent="28">
    <mem type="tenure" free="2360208" total="8388608" percent="28">
      <mem type="soa" free="1857424" total="7885824" percent="23" />
      <mem type="loa" free="502784" total="502784" percent="100" />
    </mem>
  </mem-info>
</gc-start>
<allocation-stats totalBytes="1908952" >
  <allocated-bytes non-tlh="222208" tlh="1686744" />
  <largest-consumer threadName="main" threadId="0000000000F98A00" bytes="1908952" />
</allocation-stats>
<gc-op id="281" type="mark" timems="4.483" contextid="278" timestamp="2019-08-02T23:48:00.038">
  <trace-info objectcount="72427" scancount="60500" scanbytes="2039556" />
  <finalization candidates="80" enqueued="0" />
  <ownableSynchronizers candidates="21" cleared="0" />
  <references type="soft" candidates="1438" cleared="1" enqueued="1" dynamicThreshold="16" maxThreshold="32" />
  <references type="weak" candidates="4526" cleared="33" enqueued="31" />
  <references type="phantom" candidates="103" cleared="3" enqueued="3" />
  <stringconstants candidates="8659" cleared="15"  />
</gc-op>
<gc-op id="282" type="classunload" timems="0.384" contextid="278" timestamp="2019-08-02T23:48:00.039">
  <classunload-info classloadercandidates="17" classloadersunloaded="1" classesunloaded="1" anonymousclassesunloaded="0" quiescems="0.000" setupms="0.377" scanms="0.005" postms="0.002" />
</gc-op>
<gc-op id="283" type="sweep" timems="0.260" contextid="278" timestamp="2019-08-02T23:48:00.039" />
<mem-info id="284" free="4095984" total="8388608" percent="48">
  <mem type="tenure" free="4095984" total="8388608" percent="48" micro-fragmented="102939" macro-fragmented="0">
    <mem type="soa" free="3593200" total="7885824" percent="45" />
    <mem type="loa" free="502784" total="502784" percent="100" />
  </mem>
  <pending-finalizers system="0" default="0" reference="35" classloader="0" />
</mem-info>
<gc-op id="285" type="compact" timems="16.974" contextid="278" timestamp="2019-08-02T23:48:00.056">
  <compact-info movecount="70653" movebytes="4060800" reason="no compaction" />
</gc-op>
<gc-end id="286" type="global" contextid="278" durationms="23.183" usertimems="28.000" systemtimems="0.000" timestamp="2019-08-02T23:48:00.057" activeThreads="8">
  <mem-info id="287" free="4214104" total="8388608" percent="50">
    <mem type="tenure" free="4214104" total="8388608" percent="50">
      <mem type="soa" free="3711320" total="7885824" percent="47" />
      <mem type="loa" free="502784" total="502784" percent="100" />
    </mem>
    <pending-finalizers system="0" default="0" reference="35" classloader="0" />
  </mem-info>
</gc-end>
<cycle-end id="288" type="global" contextid="278" timestamp="2019-08-02T23:48:00.057" />
  <attribute name="elasticGC enabled" value="1" />
  <attribute name= "numThreadsSpecified" value="2" />
  <attribute name="heapSize specified" value="8388608" />
  <attribute name= "numCores" value="8" />
  <attribute name ="GC Interval" value="0" />
  <attribute name ="Control flow" value="3" />
  <attribute name="GC Util Range Max" value="89" />
  <attribute name="Current GC Util" value="27" />
  <attribute name= "Current Time Running" value="5093" />
<sys-end id="289" timestamp="2019-08-02T23:48:00.057" />
<exclusive-end id="290" timestamp="2019-08-02T23:48:00.057" durationms="23.816" />

<exclusive-start id="291" timestamp="2019-08-02T23:48:00.153" intervalms="119.961">
  <response-info timems="0.077" idlems="0.077" threads="0" lastid="0000000000F98A00" lastname="main" />
</exclusive-start>
<af-start id="292" threadId="0000000000F99388" totalBytesRequested="24" timestamp="2019-08-02T23:48:00.153" intervalms="196.983" />
<cycle-start id="293" type="global" contextid="0" timestamp="2019-08-02T23:48:00.154" intervalms="120.143" />
<gc-start id="294" type="global" contextid="293" timestamp="2019-08-02T23:48:00.154">
  <mem-info id="295" free="502784" total="8388608" percent="5">
    <mem type="tenure" free="502784" total="8388608" percent="5">
      <mem type="soa" free="0" total="7885824" percent="0" />
      <mem type="loa" free="502784" total="502784" percent="100" />
    </mem>
  </mem-info>
</gc-start>
<allocation-stats totalBytes="3710848" >
  <allocated-bytes non-tlh="463896" tlh="3246952" />
  <largest-consumer threadName="main" threadId="0000000000F98A00" bytes="3706752" />
</allocation-stats>
<gc-op id="296" type="mark" timems="2.380" contextid="293" timestamp="2019-08-02T23:48:00.157">
  <trace-info objectcount="72836" scancount="60885" scanbytes="2087452" />
  <finalization candidates="80" enqueued="0" />
  <ownableSynchronizers candidates="21" cleared="0" />
  <references type="soft" candidates="1472" cleared="0" enqueued="0" dynamicThreshold="16" maxThreshold="32" />
  <references type="weak" candidates="4506" cleared="7" enqueued="7" />
  <references type="phantom" candidates="105" cleared="5" enqueued="5" />
  <stringconstants candidates="8676" cleared="12"  />
</gc-op>
<gc-op id="297" type="sweep" timems="0.139" contextid="293" timestamp="2019-08-02T23:48:00.157" />
<mem-info id="298" free="4145280" total="8388608" percent="49">
  <mem type="tenure" free="4145280" total="8388608" percent="49" micro-fragmented="21071" macro-fragmented="0">
    <mem type="soa" free="3642496" total="7885824" percent="46" />
    <mem type="loa" free="502784" total="502784" percent="100" />
  </mem>
  <pending-finalizers system="0" default="0" reference="12" classloader="0" />
</mem-info>
<gc-op id="299" type="compact" timems="15.097" contextid="293" timestamp="2019-08-02T23:48:00.172">
  <compact-info movecount="54781" movebytes="3410728" reason="no compaction" />
</gc-op>
<gc-end id="300" type="global" contextid="293" durationms="18.475" usertimems="28.000" systemtimems="0.000" timestamp="2019-08-02T23:48:00.172" activeThreads="8">
  <mem-info id="301" free="4100064" total="8388608" percent="48">
    <mem type="tenure" free="4100064" total="8388608" percent="48">
      <mem type="soa" free="3597280" total="7885824" percent="45" />
      <mem type="loa" free="502784" total="502784" percent="100" />
    </mem>
    <pending-finalizers system="0" default="0" reference="12" classloader="0" />
  </mem-info>
</gc-end>
<cycle-end id="302" type="global" contextid="293" timestamp="2019-08-02T23:48:00.173" />
  <attribute name="elasticGC enabled" value="1" />
  <attribute name= "numThreadsSpecified" value="1" />
  <attribute name="heapSize specified" value="8388608" />
  <attribute name= "numCores" value="8" />
  <attribute name ="GC Interval" value="0" />
  <attribute name ="Control flow" value="1" />
  <attribute name="GC Util Range Max" value="89" />
  <attribute name="Current GC Util" value="26" />
  <attribute name= "Current Time Running" value="5208" />
<allocation-satisfied id="303" threadId="0000000000F98A00" bytesRequested="24" />
<af-end id="304" timestamp="2019-08-02T23:48:00.173" threadId="0000000000F99388" success="true" />
<exclusive-end id="305" timestamp="2019-08-02T23:48:00.173" durationms="19.747" />

<exclusive-start id="306" timestamp="2019-08-02T23:48:00.252" intervalms="99.011">
  <response-info timems="0.084" idlems="0.084" threads="0" lastid="0000000000F98A00" lastname="main" />
</exclusive-start>
<af-start id="307" threadId="0000000000F99388" totalBytesRequested="24" timestamp="2019-08-02T23:48:00.252" intervalms="98.963" />
<cycle-start id="308" type="global" contextid="0" timestamp="2019-08-02T23:48:00.253" intervalms="98.990" />
<gc-start id="309" type="global" contextid="308" timestamp="2019-08-02T23:48:00.253">
  <mem-info id="310" free="502784" total="8388608" percent="5">
    <mem type="tenure" free="502784" total="8388608" percent="5">
      <mem type="soa" free="0" total="7885824" percent="0" />
      <mem type="loa" free="502784" total="502784" percent="100" />
    </mem>
  </mem-info>
</gc-start>
<allocation-stats totalBytes="3662544" >
  <allocated-bytes non-tlh="0" tlh="3662544" />
  <largest-consumer threadName="main" threadId="0000000000F98A00" bytes="3658448" />
</allocation-stats>
<heap-resize id="311" type="loa contract" space="tenure" amount="83968" count="1" timems="0.000" reason="contract underutilized loa" timestamp="2019-08-02T23:48:00.253" />
<gc-op id="312" type="mark" timems="4.045" contextid="308" timestamp="2019-08-02T23:48:00.257">
  <trace-info objectcount="72764" scancount="60827" scanbytes="2085384" />
  <finalization candidates="80" enqueued="0" />
  <ownableSynchronizers candidates="21" cleared="0" />
  <references type="soft" candidates="1472" cleared="12" enqueued="10" dynamicThreshold="15" maxThreshold="32" />
  <references type="weak" candidates="4498" cleared="0" enqueued="0" />
  <references type="phantom" candidates="100" cleared="0" enqueued="0" />
  <stringconstants candidates="8664" cleared="0"  />
</gc-op>
<gc-op id="313" type="sweep" timems="0.349" contextid="308" timestamp="2019-08-02T23:48:00.258" />
<mem-info id="314" free="4165392" total="8388608" percent="49">
  <mem type="tenure" free="4165392" total="8388608" percent="49" micro-fragmented="0" macro-fragmented="0">
    <mem type="soa" free="3746576" total="7969792" percent="47" />
    <mem type="loa" free="418816" total="418816" percent="100" />
  </mem>
  <pending-finalizers system="0" default="0" reference="10" classloader="0" />
</mem-info>
<gc-op id="315" type="compact" timems="17.175" contextid="308" timestamp="2019-08-02T23:48:00.275">
  <compact-info movecount="62896" movebytes="3779544" reason="no compaction" />
</gc-op>
<gc-end id="316" type="global" contextid="308" durationms="22.506" usertimems="24.000" systemtimems="0.000" timestamp="2019-08-02T23:48:00.275" activeThreads="1">
  <mem-info id="317" free="4102472" total="8388608" percent="48">
    <mem type="tenure" free="4102472" total="8388608" percent="48">
      <mem type="soa" free="3683656" total="7969792" percent="46" />
      <mem type="loa" free="418816" total="418816" percent="100" />
    </mem>
    <pending-finalizers system="0" default="0" reference="10" classloader="0" />
  </mem-info>
</gc-end>
<cycle-end id="318" type="global" contextid="308" timestamp="2019-08-02T23:48:00.275" />
  <attribute name="elasticGC enabled" value="1" />
  <attribute name= "numThreadsSpecified" value="1" />
  <attribute name="heapSize specified" value="8388608" />
  <attribute name= "numCores" value="8" />
  <attribute name ="GC Interval" value="0" />
  <attribute name ="Control flow" value="3" />
  <attribute name="GC Util Range Max" value="89" />
  <attribute name="Current GC Util" value="31" />
  <attribute name= "Current Time Running" value="5311" />
<allocation-satisfied id="319" threadId="0000000000F98A00" bytesRequested="24" />
<af-end id="320" timestamp="2019-08-02T23:48:00.276" threadId="0000000000F99388" success="true" />
<exclusive-end id="321" timestamp="2019-08-02T23:48:00.276" durationms="23.531" />

<exclusive-start id="322" timestamp="2019-08-02T23:48:00.354" intervalms="101.431">
  <response-info timems="0.078" idlems="0.078" threads="0" lastid="0000000000F98A00" lastname="main" />
</exclusive-start>
<af-start id="323" threadId="0000000000F99388" totalBytesRequested="24" timestamp="2019-08-02T23:48:00.354" intervalms="101.419" />
<cycle-start id="324" type="global" contextid="0" timestamp="2019-08-02T23:48:00.354" intervalms="101.381" />
<gc-start id="325" type="global" contextid="324" timestamp="2019-08-02T23:48:00.354">
  <mem-info id="326" free="418816" total="8388608" percent="4">
    <mem type="tenure" free="418816" total="8388608" percent="4">
      <mem type="soa" free="0" total="7969792" percent="0" />
      <mem type="loa" free="418816" total="418816" percent="100" />
    </mem>
  </mem-info>
</gc-start>
<allocation-stats totalBytes="3748896" >
  <allocated-bytes non-tlh="0" tlh="3748896" />
  <largest-consumer threadName="main" threadId="0000000000F98A00" bytes="3748896" />
</allocation-stats>
<heap-resize id="327" type="loa contract" space="tenure" amount="83968" count="1" timems="0.000" reason="contract underutilized loa" timestamp="2019-08-02T23:48:00.354" />
<gc-op id="328" type="mark" timems="1.727" contextid="324" timestamp="2019-08-02T23:48:00.356">
  <trace-info objectcount="72716" scancount="60782" scanbytes="2083672" />
  <finalization candidates="80" enqueued="0" />
  <ownableSynchronizers candidates="21" cleared="0" />
  <references type="soft" candidates="1460" cleared="0" enqueued="0" dynamicThreshold="15" maxThreshold="32" />
  <references type="weak" candidates="4498" cleared="0" enqueued="0" />
  <references type="phantom" candidates="100" cleared="0" enqueued="0" />
  <stringconstants candidates="8664" cleared="0"  />
</gc-op>
<gc-op id="329" type="sweep" timems="0.198" contextid="324" timestamp="2019-08-02T23:48:00.357" />
<gc-end id="330" type="global" contextid="324" durationms="3.874" usertimems="8.000" systemtimems="0.000" timestamp="2019-08-02T23:48:00.358" activeThreads="1">
  <mem-info id="331" free="4102336" total="8388608" percent="48">
    <mem type="tenure" free="4102336" total="8388608" percent="48" micro-fragmented="0" macro-fragmented="0">
      <mem type="soa" free="3767488" total="8053760" percent="46" />
      <mem type="loa" free="334848" total="334848" percent="100" />
    </mem>
  </mem-info>
</gc-end>
<cycle-end id="332" type="global" contextid="324" timestamp="2019-08-02T23:48:00.358" />
  <attribute name="elasticGC enabled" value="1" />
  <attribute name= "numThreadsSpecified" value="1" />
  <attribute name="heapSize specified" value="8388608" />
  <attribute name= "numCores" value="8" />
  <attribute name ="GC Interval" value="0" />
  <attribute name ="Control flow" value="3" />
  <attribute name="GC Util Range Max" value="89" />
  <attribute name="Current GC Util" value="45" />
  <attribute name= "Current Time Running" value="5393" />
<allocation-satisfied id="333" threadId="0000000000F98A00" bytesRequested="24" />
<af-end id="334" timestamp="2019-08-02T23:48:00.358" threadId="0000000000F99388" success="true" />
<exclusive-end id="335" timestamp="2019-08-02T23:48:00.358" durationms="4.665" />

<exclusive-start id="336" timestamp="2019-08-02T23:48:00.432" intervalms="77.871">
  <response-info timems="0.076" idlems="0.076" threads="0" lastid="0000000000F98A00" lastname="main" />
</exclusive-start>
<af-start id="337" threadId="0000000000F99388" totalBytesRequested="24" timestamp="2019-08-02T23:48:00.432" intervalms="77.871" />
<cycle-start id="338" type="global" contextid="0" timestamp="2019-08-02T23:48:00.432" intervalms="77.856" />
<gc-start id="339" type="global" contextid="338" timestamp="2019-08-02T23:48:00.432">
  <mem-info id="340" free="334848" total="8388608" percent="3">
    <mem type="tenure" free="334848" total="8388608" percent="3">
      <mem type="soa" free="0" total="8053760" percent="0" />
      <mem type="loa" free="334848" total="334848" percent="100" />
    </mem>
  </mem-info>
</gc-start>
<allocation-stats totalBytes="3832736" >
  <allocated-bytes non-tlh="0" tlh="3832736" />
  <largest-consumer threadName="main" threadId="0000000000F98A00" bytes="3832736" />
</allocation-stats>
<heap-resize id="341" type="loa contract" space="tenure" amount="83968" count="1" timems="0.000" reason="contract underutilized loa" timestamp="2019-08-02T23:48:00.432" />
<gc-op id="342" type="mark" timems="2.635" contextid="338" timestamp="2019-08-02T23:48:00.435">
  <trace-info objectcount="72717" scancount="60778" scanbytes="2083696" />
  <finalization candidates="80" enqueued="0" />
  <ownableSynchronizers candidates="21" cleared="0" />
  <references type="soft" candidates="1460" cleared="0" enqueued="0" dynamicThreshold="15" maxThreshold="32" />
  <references type="weak" candidates="4498" cleared="0" enqueued="0" />
  <references type="phantom" candidates="100" cleared="0" enqueued="0" />
  <stringconstants candidates="8664" cleared="0"  />
</gc-op>
<gc-op id="343" type="sweep" timems="0.126" contextid="338" timestamp="2019-08-02T23:48:00.435" />
<mem-info id="344" free="4167656" total="8388608" percent="49">
  <mem type="tenure" free="4167656" total="8388608" percent="49" micro-fragmented="0" macro-fragmented="0">
    <mem type="soa" free="3916776" total="8137728" percent="48" />
    <mem type="loa" free="250880" total="250880" percent="100" />
  </mem>
</mem-info>
<gc-op id="345" type="compact" timems="16.318" contextid="338" timestamp="2019-08-02T23:48:00.452">
  <compact-info movecount="62849" movebytes="3777856" reason="no compaction" />
</gc-op>
<gc-end id="346" type="global" contextid="338" durationms="20.001" usertimems="28.000" systemtimems="0.000" timestamp="2019-08-02T23:48:00.452" activeThreads="8">
  <mem-info id="347" free="4104160" total="8388608" percent="48">
    <mem type="tenure" free="4104160" total="8388608" percent="48">
      <mem type="soa" free="3853280" total="8137728" percent="47" />
      <mem type="loa" free="250880" total="250880" percent="100" />
    </mem>
  </mem-info>
</gc-end>
<cycle-end id="348" type="global" contextid="338" timestamp="2019-08-02T23:48:00.452" />
  <attribute name="elasticGC enabled" value="1" />
  <attribute name= "numThreadsSpecified" value="1" />
  <attribute name="heapSize specified" value="8388608" />
  <attribute name= "numCores" value="8" />
  <attribute name ="GC Interval" value="0" />
  <attribute name ="Control flow" value="1" />
  <attribute name="GC Util Range Max" value="89" />
  <attribute name="Current GC Util" value="27" />
  <attribute name= "Current Time Running" value="5488" />
<allocation-satisfied id="349" threadId="0000000000F98A00" bytesRequested="24" />
<af-end id="350" timestamp="2019-08-02T23:48:00.453" threadId="0000000000F99388" success="true" />
<exclusive-end id="351" timestamp="2019-08-02T23:48:00.453" durationms="21.125" />

<exclusive-start id="352" timestamp="2019-08-02T23:48:00.469" intervalms="37.831">
  <response-info timems="0.079" idlems="0.079" threads="0" lastid="0000000000F98A00" lastname="main" />
</exclusive-start>
<af-start id="353" threadId="0000000000F99388" totalBytesRequested="24" timestamp="2019-08-02T23:48:00.469" intervalms="37.750" />
<cycle-start id="354" type="global" contextid="0" timestamp="2019-08-02T23:48:00.470" intervalms="37.760" />
<gc-start id="355" type="global" contextid="354" timestamp="2019-08-02T23:48:00.470">
  <mem-info id="356" free="250880" total="8388608" percent="2">
    <mem type="tenure" free="250880" total="8388608" percent="2">
      <mem type="soa" free="0" total="8137728" percent="0" />
      <mem type="loa" free="250880" total="250880" percent="100" />
    </mem>
  </mem-info>
</gc-start>
<allocation-stats totalBytes="3918480" >
  <allocated-bytes non-tlh="0" tlh="3918480" />
  <largest-consumer threadName="main" threadId="0000000000F98A00" bytes="3918480" />
</allocation-stats>
<heap-resize id="357" type="loa contract" space="tenure" amount="83968" count="1" timems="0.000" reason="contract underutilized loa" timestamp="2019-08-02T23:48:00.470" />
<gc-op id="358" type="mark" timems="3.618" contextid="354" timestamp="2019-08-02T23:48:00.474">
  <trace-info objectcount="72717" scancount="60780" scanbytes="2083696" />
  <finalization candidates="80" enqueued="0" />
  <ownableSynchronizers candidates="21" cleared="0" />
  <references type="soft" candidates="1460" cleared="0" enqueued="0" dynamicThreshold="15" maxThreshold="32" />
  <references type="weak" candidates="4498" cleared="0" enqueued="0" />
  <references type="phantom" candidates="100" cleared="0" enqueued="0" />
  <stringconstants candidates="8664" cleared="0"  />
</gc-op>
<gc-op id="359" type="sweep" timems="0.336" contextid="354" timestamp="2019-08-02T23:48:00.474" />
<gc-end id="360" type="global" contextid="354" durationms="5.448" usertimems="4.000" systemtimems="0.000" timestamp="2019-08-02T23:48:00.475" activeThreads="2">
  <mem-info id="361" free="4103904" total="8388608" percent="48">
    <mem type="tenure" free="4103904" total="8388608" percent="48" micro-fragmented="0" macro-fragmented="0">
      <mem type="soa" free="3936992" total="8221696" percent="47" />
      <mem type="loa" free="166912" total="166912" percent="100" />
    </mem>
  </mem-info>
</gc-end>
<cycle-end id="362" type="global" contextid="354" timestamp="2019-08-02T23:48:00.475" />
  <attribute name="elasticGC enabled" value="1" />
  <attribute name= "numThreadsSpecified" value="2" />
  <attribute name="heapSize specified" value="8388608" />
  <attribute name= "numCores" value="8" />
  <attribute name ="GC Interval" value="0" />
  <attribute name ="Control flow" value="1" />
  <attribute name="GC Util Range Max" value="89" />
  <attribute name="Current GC Util" value="8" />
  <attribute name= "Current Time Running" value="5510" />
<allocation-satisfied id="363" threadId="0000000000F98A00" bytesRequested="24" />
<af-end id="364" timestamp="2019-08-02T23:48:00.476" threadId="0000000000F99388" success="true" />
<exclusive-end id="365" timestamp="2019-08-02T23:48:00.476" durationms="6.386" />

<exclusive-start id="366" timestamp="2019-08-02T23:48:00.493" intervalms="23.208">
  <response-info timems="0.071" idlems="0.071" threads="0" lastid="0000000000F98A00" lastname="main" />
</exclusive-start>
<af-start id="367" threadId="0000000000F99388" totalBytesRequested="24" timestamp="2019-08-02T23:48:00.493" intervalms="23.285" />
<cycle-start id="368" type="global" contextid="0" timestamp="2019-08-02T23:48:00.493" intervalms="23.287" />
<gc-start id="369" type="global" contextid="368" timestamp="2019-08-02T23:48:00.493">
  <mem-info id="370" free="166912" total="8388608" percent="1">
    <mem type="tenure" free="166912" total="8388608" percent="1">
      <mem type="soa" free="0" total="8221696" percent="0" />
      <mem type="loa" free="166912" total="166912" percent="100" />
    </mem>
  </mem-info>
</gc-start>
<allocation-stats totalBytes="4002240" >
  <allocated-bytes non-tlh="0" tlh="4002240" />
  <largest-consumer threadName="main" threadId="0000000000F98A00" bytes="4002240" />
</allocation-stats>
<heap-resize id="371" type="loa contract" space="tenure" amount="83968" count="1" timems="0.000" reason="contract underutilized loa" timestamp="2019-08-02T23:48:00.493" />
<gc-op id="372" type="mark" timems="2.238" contextid="368" timestamp="2019-08-02T23:48:00.495">
  <trace-info objectcount="72712" scancount="60774" scanbytes="2083528" />
  <finalization candidates="80" enqueued="0" />
  <ownableSynchronizers candidates="21" cleared="0" />
  <references type="soft" candidates="1460" cleared="2" enqueued="2" dynamicThreshold="15" maxThreshold="32" />
  <references type="weak" candidates="4498" cleared="0" enqueued="0" />
  <references type="phantom" candidates="100" cleared="0" enqueued="0" />
  <stringconstants candidates="8664" cleared="0"  />
</gc-op>
<gc-op id="373" type="sweep" timems="0.264" contextid="368" timestamp="2019-08-02T23:48:00.496" />
<gc-end id="374" type="global" contextid="368" durationms="4.239" usertimems="8.000" systemtimems="0.000" timestamp="2019-08-02T23:48:00.497" activeThreads="1">
  <mem-info id="375" free="4104040" total="8388608" percent="48">
    <mem type="tenure" free="4104040" total="8388608" percent="48" micro-fragmented="0" macro-fragmented="0">
      <mem type="soa" free="4021096" total="8305664" percent="48" />
      <mem type="loa" free="82944" total="82944" percent="100" />
    </mem>
    <pending-finalizers system="0" default="0" reference="2" classloader="0" />
  </mem-info>
</gc-end>
<cycle-end id="376" type="global" contextid="368" timestamp="2019-08-02T23:48:00.497" />
  <attribute name="elasticGC enabled" value="1" />
  <attribute name= "numThreadsSpecified" value="1" />
  <attribute name="heapSize specified" value="8388608" />
  <attribute name= "numCores" value="8" />
  <attribute name ="GC Interval" value="0" />
  <attribute name ="Control flow" value="1" />
  <attribute name="GC Util Range Max" value="89" />
  <attribute name="Current GC Util" value="108" />
  <attribute name= "Current Time Running" value="5532" />
<allocation-satisfied id="377" threadId="0000000000F98A00" bytesRequested="24" />
<af-end id="378" timestamp="2019-08-02T23:48:00.497" threadId="0000000000F99388" success="true" />
<exclusive-end id="379" timestamp="2019-08-02T23:48:00.497" durationms="4.865" />

<exclusive-start id="380" timestamp="2019-08-02T23:48:00.515" intervalms="22.478">
  <response-info timems="0.073" idlems="0.073" threads="0" lastid="0000000000F98A00" lastname="main" />
</exclusive-start>
<af-start id="381" threadId="0000000000F99388" totalBytesRequested="24" timestamp="2019-08-02T23:48:00.515" intervalms="22.481" />
<cycle-start id="382" type="global" contextid="0" timestamp="2019-08-02T23:48:00.515" intervalms="22.487" />
<gc-start id="383" type="global" contextid="382" timestamp="2019-08-02T23:48:00.516">
  <mem-info id="384" free="82944" total="8388608" percent="0">
    <mem type="tenure" free="82944" total="8388608" percent="0">
      <mem type="soa" free="0" total="8305664" percent="0" />
      <mem type="loa" free="82944" total="82944" percent="100" />
    </mem>
  </mem-info>
</gc-start>
<allocation-stats totalBytes="4086312" >
  <allocated-bytes non-tlh="32784" tlh="4053528" />
  <largest-consumer threadName="main" threadId="0000000000F98A00" bytes="4086312" />
</allocation-stats>
<gc-op id="385" type="mark" timems="3.711" contextid="382" timestamp="2019-08-02T23:48:00.520">
  <trace-info objectcount="72673" scancount="60739" scanbytes="2079668" />
  <finalization candidates="80" enqueued="0" />
  <ownableSynchronizers candidates="21" cleared="0" />
  <references type="soft" candidates="1458" cleared="11" enqueued="10" dynamicThreshold="15" maxThreshold="32" />
  <references type="weak" candidates="4498" cleared="0" enqueued="0" />
  <references type="phantom" candidates="100" cleared="0" enqueued="0" />
  <stringconstants candidates="8664" cleared="0"  />
</gc-op>
<gc-op id="386" type="sweep" timems="0.302" contextid="382" timestamp="2019-08-02T23:48:00.520" />
<gc-end id="387" type="global" contextid="382" durationms="5.309" usertimems="8.000" systemtimems="0.000" timestamp="2019-08-02T23:48:00.521" activeThreads="2">
  <mem-info id="388" free="4171352" total="8388608" percent="49">
    <mem type="tenure" free="4171352" total="8388608" percent="49" micro-fragmented="0" macro-fragmented="0">
      <mem type="soa" free="4088408" total="8305664" percent="49" />
      <mem type="loa" free="82944" total="82944" percent="100" />
    </mem>
    <pending-finalizers system="0" default="0" reference="10" classloader="0" />
  </mem-info>
</gc-end>
<cycle-end id="389" type="global" contextid="382" timestamp="2019-08-02T23:48:00.521" />
  <attribute name="elasticGC enabled" value="1" />
  <attribute name= "numThreadsSpecified" value="2" />
  <attribute name="heapSize specified" value="8388608" />
  <attribute name= "numCores" value="8" />
  <attribute name ="GC Interval" value="0" />
  <attribute name ="Control flow" value="1" />
  <attribute name="GC Util Range Max" value="89" />
  <attribute name="Current GC Util" value="10" />
  <attribute name= "Current Time Running" value="5556" />
<allocation-satisfied id="390" threadId="0000000000F98A00" bytesRequested="24" />
<af-end id="391" timestamp="2019-08-02T23:48:00.521" threadId="0000000000F99388" success="true" />
<exclusive-end id="392" timestamp="2019-08-02T23:48:00.521" durationms="6.138" />

<exclusive-start id="393" timestamp="2019-08-02T23:48:00.539" intervalms="23.479">
  <response-info timems="0.083" idlems="0.083" threads="0" lastid="0000000000F98A00" lastname="main" />
</exclusive-start>
<af-start id="394" threadId="0000000000F99388" totalBytesRequested="24" timestamp="2019-08-02T23:48:00.539" intervalms="23.457" />
<cycle-start id="395" type="global" contextid="0" timestamp="2019-08-02T23:48:00.539" intervalms="23.460" />
<gc-start id="396" type="global" contextid="395" timestamp="2019-08-02T23:48:00.539">
  <mem-info id="397" free="82944" total="8388608" percent="0">
    <mem type="tenure" free="82944" total="8388608" percent="0">
      <mem type="soa" free="0" total="8305664" percent="0" />
      <mem type="loa" free="82944" total="82944" percent="100" />
    </mem>
  </mem-info>
</gc-start>
<allocation-stats totalBytes="4088976" >
  <allocated-bytes non-tlh="32784" tlh="4056192" />
  <largest-consumer threadName="main" threadId="0000000000F98A00" bytes="4088976" />
</allocation-stats>
<gc-op id="398" type="mark" timems="2.309" contextid="395" timestamp="2019-08-02T23:48:00.542">
  <trace-info objectcount="72648" scancount="60717" scanbytes="2078832" />
  <finalization candidates="80" enqueued="0" />
  <ownableSynchronizers candidates="21" cleared="0" />
  <references type="soft" candidates="1447" cleared="0" enqueued="0" dynamicThreshold="15" maxThreshold="32" />
  <references type="weak" candidates="4498" cleared="0" enqueued="0" />
  <references type="phantom" candidates="100" cleared="0" enqueued="0" />
  <stringconstants candidates="8664" cleared="0"  />
</gc-op>
<gc-op id="399" type="sweep" timems="0.320" contextid="395" timestamp="2019-08-02T23:48:00.542" />
<gc-end id="400" type="global" contextid="395" durationms="3.818" usertimems="8.000" systemtimems="0.000" timestamp="2019-08-02T23:48:00.543" activeThreads="2">
  <mem-info id="401" free="4171256" total="8388608" percent="49">
    <mem type="tenure" free="4171256" total="8388608" percent="49" micro-fragmented="0" macro-fragmented="0">
      <mem type="soa" free="4088312" total="8305664" percent="49" />
      <mem type="loa" free="82944" total="82944" percent="100" />
    </mem>
  </mem-info>
</gc-end>
<cycle-end id="402" type="global" contextid="395" timestamp="2019-08-02T23:48:00.543" />
  <attribute name="elasticGC enabled" value="1" />
  <attribute name= "numThreadsSpecified" value="2" />
  <attribute name="heapSize specified" value="8388608" />
  <attribute name= "numCores" value="8" />
  <attribute name ="GC Interval" value="0" />
  <attribute name ="Control flow" value="1" />
  <attribute name="GC Util Range Max" value="89" />
  <attribute name="Current GC Util" value="63" />
  <attribute name= "Current Time Running" value="5578" />
<allocation-satisfied id="403" threadId="0000000000F98A00" bytesRequested="24" />
<af-end id="404" timestamp="2019-08-02T23:48:00.543" threadId="0000000000F99388" success="true" />
<exclusive-end id="405" timestamp="2019-08-02T23:48:00.543" durationms="4.564" />

<exclusive-start id="406" timestamp="2019-08-02T23:48:00.560" intervalms="21.653">
  <response-info timems="0.080" idlems="0.080" threads="0" lastid="0000000000F98A00" lastname="main" />
</exclusive-start>
<af-start id="407" threadId="0000000000F99388" totalBytesRequested="24" timestamp="2019-08-02T23:48:00.560" intervalms="21.663" />
<cycle-start id="408" type="global" contextid="0" timestamp="2019-08-02T23:48:00.561" intervalms="21.650" />
<gc-start id="409" type="global" contextid="408" timestamp="2019-08-02T23:48:00.561">
  <mem-info id="410" free="82944" total="8388608" percent="0">
    <mem type="tenure" free="82944" total="8388608" percent="0">
      <mem type="soa" free="0" total="8305664" percent="0" />
      <mem type="loa" free="82944" total="82944" percent="100" />
    </mem>
  </mem-info>
</gc-start>
<allocation-stats totalBytes="4088880" >
  <allocated-bytes non-tlh="0" tlh="4088880" />
  <largest-consumer threadName="main" threadId="0000000000F98A00" bytes="4088880" />
</allocation-stats>
<gc-op id="411" type="mark" timems="2.333" contextid="408" timestamp="2019-08-02T23:48:00.563">
  <trace-info objectcount="72648" scancount="60723" scanbytes="2078832" />
  <finalization candidates="80" enqueued="0" />
  <ownableSynchronizers candidates="21" cleared="0" />
  <references type="soft" candidates="1447" cleared="0" enqueued="0" dynamicThreshold="15" maxThreshold="32" />
  <references type="weak" candidates="4498" cleared="0" enqueued="0" />
  <references type="phantom" candidates="100" cleared="0" enqueued="0" />
  <stringconstants candidates="8664" cleared="0"  />
</gc-op>
<gc-op id="412" type="sweep" timems="0.331" contextid="408" timestamp="2019-08-02T23:48:00.564" />
<mem-info id="413" free="4172016" total="8388608" percent="49">
  <mem type="tenure" free="4172016" total="8388608" percent="49" micro-fragmented="0" macro-fragmented="0">
    <mem type="soa" free="4089072" total="8305664" percent="49" />
    <mem type="loa" free="82944" total="82944" percent="100" />
  </mem>
</mem-info>
<gc-op id="414" type="compact" timems="9.904" contextid="408" timestamp="2019-08-02T23:48:00.574">
  <compact-info movecount="37109" movebytes="2630520" reason="no compaction" />
</gc-op>
<gc-end id="415" type="global" contextid="408" durationms="13.321" usertimems="16.000" systemtimems="0.000" timestamp="2019-08-02T23:48:00.574" activeThreads="2">
  <mem-info id="416" free="4109184" total="8388608" percent="48">
    <mem type="tenure" free="4109184" total="8388608" percent="48">
      <mem type="soa" free="4026240" total="8305664" percent="48" />
      <mem type="loa" free="82944" total="82944" percent="100" />
    </mem>
  </mem-info>
</gc-end>
<cycle-end id="417" type="global" contextid="408" timestamp="2019-08-02T23:48:00.574" />
  <attribute name="elasticGC enabled" value="1" />
  <attribute name= "numThreadsSpecified" value="2" />
  <attribute name="heapSize specified" value="8388608" />
  <attribute name= "numCores" value="8" />
  <attribute name ="GC Interval" value="0" />
  <attribute name ="Control flow" value="1" />
  <attribute name="GC Util Range Max" value="89" />
  <attribute name="Current GC Util" value="32" />
  <attribute name= "Current Time Running" value="5610" />
<allocation-satisfied id="418" threadId="0000000000F98A00" bytesRequested="24" />
<af-end id="419" timestamp="2019-08-02T23:48:00.574" threadId="0000000000F99388" success="true" />
<exclusive-end id="420" timestamp="2019-08-02T23:48:00.574" durationms="14.229" />

</verbosegc>

