<?xml version="1.0" ?>

<verbosegc xmlns="http://www.ibm.com/j9/verbosegc" version="08cc62e_CMPRSS">

<initialized id="1" timestamp="2019-08-02T23:46:49.258">
  <attribute name="gcPolicy" value="-Xgcpolicy:optthruput" />
  <attribute name="elasticGC enabled" value="1" />
  <attribute name= "numThreadsSpecified" value="0" />
  <attribute name="heapSize specified" value="0" />
  <attribute name= "numCores" value="0" />
  <attribute name ="GC Interval" value="0" />
  <attribute name="GC Util Range Max" value="0" />
  <attribute name="Current GC Util" value="0" />
  <attribute name= "Current Time Running" value="0" />
  <attribute name="maxHeapSize" value="0x7cba0000" />
  <attribute name="initialHeapSize" value="0x800000" />
  <attribute name="compressedRefs" value="true" />
  <attribute name="compressedRefsDisplacement" value="0x0" />
  <attribute name="compressedRefsShift" value="0x0" />
  <attribute name="pageSize" value="0x1000" />
  <attribute name="pageType" value="not used" />
  <attribute name="requestedPageSize" value="0x1000" />
  <attribute name="requestedPageType" value="not used" />
  <attribute name="gcthreads" value="8" />
  <attribute name="packetListSplit" value="8" />
  <attribute name="cacheListSplit" value="8" />
  <attribute name="splitFreeListSplitAmount" value="1" />
  <attribute name="numaNodes" value="0" />
  <system>
    <attribute name="physicalMemory" value="8370401280" />
    <attribute name="numCPUs" value="8" />
    <attribute name="architecture" value="amd64" />
    <attribute name="os" value="Linux" />
    <attribute name="osVersion" value="4.4.0-154-generic" />
  </system>
  <vmargs>
    <vmarg name="-Xoptionsfile=/vagrant/jdk/lib/options.default" />
    <vmarg name="-Xlockword:mode=default,noLockword=java/lang/String,noLockword=java/util/MapEntry,noLockword=java/util/HashMap$Entry,noLockword..." />
    <vmarg name="-Xjcl:jclse29" />
    <vmarg name="-Dcom.ibm.oti.vm.bootstrap.library.path=/vagrant/jdk/lib/compressedrefs:/vagrant/jdk/lib" />
    <vmarg name="-Dsun.boot.library.path=/vagrant/jdk/lib/compressedrefs:/vagrant/jdk/lib" />
    <vmarg name="-Djava.library.path=/vagrant/jdk/lib/compressedrefs:/vagrant/jdk/lib:/usr/lib64:/usr/lib" />
    <vmarg name="-Djava.home=/vagrant/jdk" />
    <vmarg name="-Duser.dir=/vagrant" />
    <vmarg name="-Xgcpolicy:optthruput" />
    <vmarg name="-Xgcelastic" />
    <vmarg name="-Xcheck:gc:::elasticGC" />
    <vmarg name="-verbose:gc" />
    <vmarg name="-Xloggc:jdkI-small-OTT-8core-verbose8jython.txt" />
    <vmarg name="-Djava.class.path=dacapo-9.12-MR1-bach.jar" />
    <vmarg name="-Dsun.java.command=dacapo-9.12-MR1-bach.jar jython --size=small" />
    <vmarg name="-Dsun.java.launcher=SUN_STANDARD" />
    <vmarg name="-Dsun.java.launcher.pid=21548" />
  </vmargs>
</initialized>

<exclusive-start id="2" timestamp="2019-08-02T23:46:50.900" intervalms="1642.579">
  <response-info timems="0.029" idlems="0.029" threads="0" lastid="0000000001DA2A00" lastname="main" />
</exclusive-start>
<af-start id="3" threadId="0000000001DA3388" totalBytesRequested="2056" timestamp="2019-08-02T23:46:50.901" intervalms="1642.866" />
<cycle-start id="4" type="global" contextid="0" timestamp="2019-08-02T23:46:50.901" intervalms="1643.065" />
<gc-start id="5" type="global" contextid="4" timestamp="2019-08-02T23:46:50.901">
  <mem-info id="6" free="418816" total="8388608" percent="4">
    <mem type="tenure" free="418816" total="8388608" percent="4">
      <mem type="soa" free="0" total="7969792" percent="0" />
      <mem type="loa" free="418816" total="418816" percent="100" />
    </mem>
  </mem-info>
</gc-start>
<allocation-stats totalBytes="7881464" >
  <allocated-bytes non-tlh="357688" tlh="7523776" />
  <largest-consumer threadName="main" threadId="0000000001DA2A00" bytes="7792432" />
</allocation-stats>
<gc-op id="7" type="mark" timems="2.537" contextid="4" timestamp="2019-08-02T23:46:50.904">
  <trace-info objectcount="17696" scancount="14631" scanbytes="461688" />
  <finalization candidates="14" enqueued="1" />
  <references type="soft" candidates="63" cleared="0" enqueued="0" dynamicThreshold="32" maxThreshold="32" />
  <references type="weak" candidates="544" cleared="401" enqueued="362" />
  <references type="phantom" candidates="105" cleared="44" enqueued="44" />
  <stringconstants candidates="2406" cleared="0"  />
</gc-op>
<gc-op id="8" type="classunload" timems="0.092" contextid="4" timestamp="2019-08-02T23:46:50.904">
  <classunload-info classloadercandidates="5" classloadersunloaded="0" classesunloaded="0" anonymousclassesunloaded="0" quiescems="0.000" setupms="0.092" scanms="0.000" postms="0.000" />
</gc-op>
<gc-op id="9" type="sweep" timems="0.481" contextid="4" timestamp="2019-08-02T23:46:50.905" />
<gc-end id="10" type="global" contextid="4" durationms="4.410" usertimems="0.000" systemtimems="4.000" timestamp="2019-08-02T23:46:50.905" activeThreads="8">
  <mem-info id="11" free="7184360" total="8388608" percent="85">
    <mem type="tenure" free="7184360" total="8388608" percent="85" micro-fragmented="263404" macro-fragmented="0">
      <mem type="soa" free="6765544" total="7969792" percent="84" />
      <mem type="loa" free="418816" total="418816" percent="100" />
    </mem>
    <pending-finalizers system="1" default="0" reference="406" classloader="0" />
  </mem-info>
</gc-end>
<cycle-end id="12" type="global" contextid="4" timestamp="2019-08-02T23:46:50.905" />
  <attribute name="elasticGC enabled" value="1" />
  <attribute name= "numThreadsSpecified" value="0" />
  <attribute name="heapSize specified" value="0" />
  <attribute name= "numCores" value="8" />
  <attribute name ="GC Interval" value="0" />
  <attribute name ="Control flow" value="1" />
  <attribute name="GC Util Range Max" value="106" />
  <attribute name="Current GC Util" value="41" />
  <attribute name= "Current Time Running" value="3" />
<allocation-satisfied id="13" threadId="0000000001DA2A00" bytesRequested="2056" />
<af-end id="14" timestamp="2019-08-02T23:46:50.906" threadId="0000000001DA3388" success="true" />
<exclusive-end id="15" timestamp="2019-08-02T23:46:50.906" durationms="5.419" />

<exclusive-start id="16" timestamp="2019-08-02T23:46:51.614" intervalms="713.310">
  <response-info timems="0.054" idlems="0.054" threads="0" lastid="0000000001DA2A00" lastname="main" />
</exclusive-start>
<af-start id="17" threadId="0000000001DA3388" totalBytesRequested="88" timestamp="2019-08-02T23:46:51.614" intervalms="713.120" />
<cycle-start id="18" type="global" contextid="0" timestamp="2019-08-02T23:46:51.614" intervalms="712.992" />
<gc-start id="19" type="global" contextid="18" timestamp="2019-08-02T23:46:51.614">
  <mem-info id="20" free="418816" total="8388608" percent="4">
    <mem type="tenure" free="418816" total="8388608" percent="4">
      <mem type="soa" free="0" total="7969792" percent="0" />
      <mem type="loa" free="418816" total="418816" percent="100" />
    </mem>
  </mem-info>
</gc-start>
<allocation-stats totalBytes="6513792" >
  <allocated-bytes non-tlh="544392" tlh="5969400" />
  <largest-consumer threadName="main" threadId="0000000001DA2A00" bytes="6504552" />
</allocation-stats>
<gc-op id="21" type="mark" timems="1.161" contextid="18" timestamp="2019-08-02T23:46:51.615">
  <trace-info objectcount="17660" scancount="14532" scanbytes="467856" />
  <finalization candidates="13" enqueued="0" />
  <references type="soft" candidates="66" cleared="0" enqueued="0" dynamicThreshold="27" maxThreshold="32" />
  <references type="weak" candidates="170" cleared="28" enqueued="28" />
  <references type="phantom" candidates="86" cleared="1" enqueued="1" />
  <stringconstants candidates="2486" cleared="0"  />
</gc-op>
<gc-op id="22" type="sweep" timems="0.163" contextid="18" timestamp="2019-08-02T23:46:51.615" />
<mem-info id="23" free="6697832" total="8388608" percent="79">
  <mem type="tenure" free="6697832" total="8388608" percent="79" micro-fragmented="208124" macro-fragmented="0">
    <mem type="soa" free="6279016" total="7969792" percent="78" />
    <mem type="loa" free="418816" total="418816" percent="100" />
  </mem>
  <pending-finalizers system="0" default="0" reference="29" classloader="0" />
</mem-info>
<gc-op id="24" type="compact" timems="4.217" contextid="18" timestamp="2019-08-02T23:46:51.620">
  <compact-info movecount="17659" movebytes="1442512" reason="no compaction" />
</gc-op>
<gc-end id="25" type="global" contextid="18" durationms="6.381" usertimems="8.000" systemtimems="0.000" timestamp="2019-08-02T23:46:51.620" activeThreads="2">
  <mem-info id="26" free="6945920" total="8388608" percent="82">
    <mem type="tenure" free="6945920" total="8388608" percent="82">
      <mem type="soa" free="6527104" total="7969792" percent="81" />
      <mem type="loa" free="418816" total="418816" percent="100" />
    </mem>
    <pending-finalizers system="0" default="0" reference="29" classloader="0" />
  </mem-info>
</gc-end>
<cycle-end id="27" type="global" contextid="18" timestamp="2019-08-02T23:46:51.620" />
  <attribute name="elasticGC enabled" value="1" />
  <attribute name= "numThreadsSpecified" value="2" />
  <attribute name="heapSize specified" value="8388608" />
  <attribute name= "numCores" value="8" />
  <attribute name ="GC Interval" value="0" />
  <attribute name ="Control flow" value="1" />
  <attribute name="GC Util Range Max" value="106" />
  <attribute name="Current GC Util" value="49" />
  <attribute name= "Current Time Running" value="718" />
<allocation-satisfied id="28" threadId="0000000001DA2A00" bytesRequested="88" />
<af-end id="29" timestamp="2019-08-02T23:46:51.621" threadId="0000000001DA3388" success="true" />
<exclusive-end id="30" timestamp="2019-08-02T23:46:51.621" durationms="7.201" />

<exclusive-start id="31" timestamp="2019-08-02T23:46:51.877" intervalms="263.490">
  <response-info timems="0.074" idlems="0.074" threads="0" lastid="0000000001DA2A00" lastname="main" />
</exclusive-start>
<af-start id="32" threadId="0000000001DA3388" totalBytesRequested="88" timestamp="2019-08-02T23:46:51.877" intervalms="263.565" />
<cycle-start id="33" type="global" contextid="0" timestamp="2019-08-02T23:46:51.877" intervalms="263.634" />
<gc-start id="34" type="global" contextid="33" timestamp="2019-08-02T23:46:51.878">
  <mem-info id="35" free="418816" total="8388608" percent="4">
    <mem type="tenure" free="418816" total="8388608" percent="4">
      <mem type="soa" free="0" total="7969792" percent="0" />
      <mem type="loa" free="418816" total="418816" percent="100" />
    </mem>
  </mem-info>
</gc-start>
<allocation-stats totalBytes="6519416" >
  <allocated-bytes non-tlh="220376" tlh="6299040" />
  <largest-consumer threadName="main" threadId="0000000001DA2A00" bytes="6511224" />
</allocation-stats>
<gc-op id="36" type="mark" timems="1.561" contextid="33" timestamp="2019-08-02T23:46:51.879">
  <trace-info objectcount="35072" scancount="28275" scanbytes="927452" />
  <finalization candidates="63" enqueued="1" />
  <ownableSynchronizers candidates="17" cleared="0" />
  <references type="soft" candidates="364" cleared="0" enqueued="0" dynamicThreshold="26" maxThreshold="32" />
  <references type="weak" candidates="1605" cleared="478" enqueued="356" />
  <references type="phantom" candidates="99" cleared="5" enqueued="5" />
  <stringconstants candidates="4440" cleared="0"  />
</gc-op>
<gc-op id="37" type="classunload" timems="0.002" contextid="33" timestamp="2019-08-02T23:46:51.879">
  <classunload-info classloadercandidates="8" classloadersunloaded="0" classesunloaded="0" anonymousclassesunloaded="0" quiescems="0.000" setupms="0.001" scanms="0.001" postms="0.000" />
</gc-op>
<gc-op id="38" type="sweep" timems="0.243" contextid="33" timestamp="2019-08-02T23:46:51.880" />
<gc-end id="39" type="global" contextid="33" durationms="2.745" usertimems="0.000" systemtimems="4.000" timestamp="2019-08-02T23:46:51.880" activeThreads="2">
  <mem-info id="40" free="6073816" total="8388608" percent="72">
    <mem type="tenure" free="6073816" total="8388608" percent="72" micro-fragmented="132961" macro-fragmented="0">
      <mem type="soa" free="5655000" total="7969792" percent="70" />
      <mem type="loa" free="418816" total="418816" percent="100" />
    </mem>
    <pending-finalizers system="1" default="0" reference="361" classloader="0" />
  </mem-info>
</gc-end>
<cycle-end id="41" type="global" contextid="33" timestamp="2019-08-02T23:46:51.880" />
  <attribute name="elasticGC enabled" value="1" />
  <attribute name= "numThreadsSpecified" value="2" />
  <attribute name="heapSize specified" value="8388608" />
  <attribute name= "numCores" value="8" />
  <attribute name ="GC Interval" value="0" />
  <attribute name ="Control flow" value="1" />
  <attribute name="GC Util Range Max" value="106" />
  <attribute name="Current GC Util" value="9" />
  <attribute name= "Current Time Running" value="978" />
<allocation-satisfied id="42" threadId="0000000001DA2A00" bytesRequested="88" />
<af-end id="43" timestamp="2019-08-02T23:46:51.881" threadId="0000000001DA3388" success="true" />
<exclusive-end id="44" timestamp="2019-08-02T23:46:51.881" durationms="3.603" />

<exclusive-start id="45" timestamp="2019-08-02T23:46:54.726" intervalms="2848.632">
  <response-info timems="0.037" idlems="0.037" threads="0" lastid="0000000001DA2A00" lastname="main" />
</exclusive-start>
<af-start id="46" threadId="0000000001DA3388" totalBytesRequested="88" timestamp="2019-08-02T23:46:54.726" intervalms="2848.561" />
<cycle-start id="47" type="global" contextid="0" timestamp="2019-08-02T23:46:54.726" intervalms="2848.495" />
<gc-start id="48" type="global" contextid="47" timestamp="2019-08-02T23:46:54.726">
  <mem-info id="49" free="418816" total="8388608" percent="4">
    <mem type="tenure" free="418816" total="8388608" percent="4">
      <mem type="soa" free="0" total="7969792" percent="0" />
      <mem type="loa" free="418816" total="418816" percent="100" />
    </mem>
  </mem-info>
</gc-start>
<allocation-stats totalBytes="5535648" >
  <allocated-bytes non-tlh="1378232" tlh="4157416" />
  <largest-consumer threadName="main" threadId="0000000001DA2A00" bytes="5525576" />
</allocation-stats>
<gc-op id="50" type="mark" timems="2.802" contextid="47" timestamp="2019-08-02T23:46:54.729">
  <trace-info objectcount="41379" scancount="33596" scanbytes="1115504" />
  <finalization candidates="65" enqueued="0" />
  <ownableSynchronizers candidates="17" cleared="0" />
  <references type="soft" candidates="629" cleared="0" enqueued="0" dynamicThreshold="23" maxThreshold="32" />
  <references type="weak" candidates="1684" cleared="40" enqueued="40" />
  <references type="phantom" candidates="98" cleared="3" enqueued="3" />
  <stringconstants candidates="5150" cleared="0"  />
</gc-op>
<gc-op id="51" type="sweep" timems="0.815" contextid="47" timestamp="2019-08-02T23:46:54.730" />
<mem-info id="52" free="5594800" total="8388608" percent="66">
  <mem type="tenure" free="5594800" total="8388608" percent="66" micro-fragmented="248755" macro-fragmented="0">
    <mem type="soa" free="5175984" total="7969792" percent="64" />
    <mem type="loa" free="418816" total="418816" percent="100" />
  </mem>
  <pending-finalizers system="0" default="0" reference="43" classloader="0" />
</mem-info>
<gc-op id="53" type="compact" timems="12.481" contextid="47" timestamp="2019-08-02T23:46:54.742">
  <compact-info movecount="40714" movebytes="2361864" reason="no compaction" />
</gc-op>
<gc-end id="54" type="global" contextid="47" durationms="17.092" usertimems="4.000" systemtimems="20.000" timestamp="2019-08-02T23:46:54.743" activeThreads="2">
  <mem-info id="55" free="6008264" total="8388608" percent="71">
    <mem type="tenure" free="6008264" total="8388608" percent="71">
      <mem type="soa" free="5589448" total="7969792" percent="70" />
      <mem type="loa" free="418816" total="418816" percent="100" />
    </mem>
    <pending-finalizers system="0" default="0" reference="43" classloader="0" />
  </mem-info>
</gc-end>
<cycle-end id="56" type="global" contextid="47" timestamp="2019-08-02T23:46:54.743" />
  <attribute name="elasticGC enabled" value="1" />
  <attribute name= "numThreadsSpecified" value="2" />
  <attribute name="heapSize specified" value="8388608" />
  <attribute name= "numCores" value="8" />
  <attribute name ="GC Interval" value="0" />
  <attribute name ="Control flow" value="3" />
  <attribute name="GC Util Range Max" value="106" />
  <attribute name="Current GC Util" value="70" />
  <attribute name= "Current Time Running" value="3841" />
<allocation-satisfied id="57" threadId="0000000001DA2A00" bytesRequested="88" />
<af-end id="58" timestamp="2019-08-02T23:46:54.743" threadId="0000000001DA3388" success="true" />
<exclusive-end id="59" timestamp="2019-08-02T23:46:54.743" durationms="17.686" />

<exclusive-start id="60" timestamp="2019-08-02T23:46:54.892" intervalms="166.135">
  <response-info timems="0.032" idlems="0.032" threads="0" lastid="0000000001DA2A00" lastname="main" />
</exclusive-start>
<af-start id="61" threadId="0000000001DA3388" totalBytesRequested="47920" timestamp="2019-08-02T23:46:54.892" intervalms="166.127" />
<cycle-start id="62" type="global" contextid="0" timestamp="2019-08-02T23:46:54.892" intervalms="166.121" />
<gc-start id="63" type="global" contextid="62" timestamp="2019-08-02T23:46:54.892">
  <mem-info id="64" free="418816" total="8388608" percent="4">
    <mem type="tenure" free="418816" total="8388608" percent="4">
      <mem type="soa" free="0" total="7969792" percent="0" />
      <mem type="loa" free="418816" total="418816" percent="100" />
    </mem>
  </mem-info>
</gc-start>
<allocation-stats totalBytes="5520088" >
  <allocated-bytes non-tlh="591024" tlh="4929064" />
  <largest-consumer threadName="main" threadId="0000000001DA2A00" bytes="5451088" />
</allocation-stats>
<gc-op id="65" type="mark" timems="2.091" contextid="62" timestamp="2019-08-02T23:46:54.894">
  <trace-info objectcount="52802" scancount="43617" scanbytes="1478488" />
  <finalization candidates="80" enqueued="0" />
  <ownableSynchronizers candidates="21" cleared="0" />
  <references type="soft" candidates="967" cleared="0" enqueued="0" dynamicThreshold="22" maxThreshold="32" />
  <references type="weak" candidates="3413" cleared="455" enqueued="307" />
  <references type="phantom" candidates="104" cleared="3" enqueued="3" />
  <stringconstants candidates="6211" cleared="0"  />
</gc-op>
<gc-op id="66" type="sweep" timems="0.192" contextid="62" timestamp="2019-08-02T23:46:54.895" />
<mem-info id="67" free="4629536" total="8388608" percent="55">
  <mem type="tenure" free="4629536" total="8388608" percent="55" micro-fragmented="212871" macro-fragmented="0">
    <mem type="soa" free="4210720" total="7969792" percent="52" />
    <mem type="loa" free="418816" total="418816" percent="100" />
  </mem>
  <pending-finalizers system="0" default="0" reference="310" classloader="0" />
</mem-info>
<gc-op id="68" type="compact" timems="14.326" contextid="62" timestamp="2019-08-02T23:46:54.909">
  <compact-info movecount="52048" movebytes="3462392" reason="no compaction" />
</gc-op>
<gc-end id="69" type="global" contextid="62" durationms="17.537" usertimems="24.000" systemtimems="0.000" timestamp="2019-08-02T23:46:54.910" activeThreads="8">
  <mem-info id="70" free="4839600" total="8388608" percent="57">
    <mem type="tenure" free="4839600" total="8388608" percent="57">
      <mem type="soa" free="4420784" total="7969792" percent="55" />
      <mem type="loa" free="418816" total="418816" percent="100" />
    </mem>
    <pending-finalizers system="0" default="0" reference="310" classloader="0" />
  </mem-info>
</gc-end>
<cycle-end id="71" type="global" contextid="62" timestamp="2019-08-02T23:46:54.910" />
  <attribute name="elasticGC enabled" value="1" />
  <attribute name= "numThreadsSpecified" value="1" />
  <attribute name="heapSize specified" value="8388608" />
  <attribute name= "numCores" value="8" />
  <attribute name ="GC Interval" value="0" />
  <attribute name ="Control flow" value="3" />
  <attribute name="GC Util Range Max" value="106" />
  <attribute name="Current GC Util" value="51" />
  <attribute name= "Current Time Running" value="4007" />
<allocation-satisfied id="72" threadId="0000000001DA2A00" bytesRequested="47920" />
<af-end id="73" timestamp="2019-08-02T23:46:54.910" threadId="0000000001DA3388" success="true" />
<exclusive-end id="74" timestamp="2019-08-02T23:46:54.910" durationms="18.092" />

<exclusive-start id="75" timestamp="2019-08-02T23:46:55.013" intervalms="120.701">
  <response-info timems="0.030" idlems="0.030" threads="0" lastid="0000000001DA2A00" lastname="main" />
</exclusive-start>
<af-start id="76" threadId="0000000001DA3388" totalBytesRequested="88" timestamp="2019-08-02T23:46:55.013" intervalms="120.698" />
<cycle-start id="77" type="global" contextid="0" timestamp="2019-08-02T23:46:55.013" intervalms="120.693" />
<gc-start id="78" type="global" contextid="77" timestamp="2019-08-02T23:46:55.013">
  <mem-info id="79" free="418816" total="8388608" percent="4">
    <mem type="tenure" free="418816" total="8388608" percent="4">
      <mem type="soa" free="0" total="7969792" percent="0" />
      <mem type="loa" free="418816" total="418816" percent="100" />
    </mem>
  </mem-info>
</gc-start>
<allocation-stats totalBytes="4472656" >
  <allocated-bytes non-tlh="1041072" tlh="3431584" />
  <largest-consumer threadName="main" threadId="0000000001DA2A00" bytes="4464464" />
</allocation-stats>
<gc-op id="80" type="mark" timems="2.455" contextid="77" timestamp="2019-08-02T23:46:55.015">
  <trace-info objectcount="60721" scancount="49955" scanbytes="1739016" />
  <finalization candidates="80" enqueued="0" />
  <ownableSynchronizers candidates="21" cleared="0" />
  <references type="soft" candidates="1021" cleared="0" enqueued="0" dynamicThreshold="18" maxThreshold="32" />
  <references type="weak" candidates="3066" cleared="3" enqueued="3" />
  <references type="phantom" candidates="100" cleared="0" enqueued="0" />
  <stringconstants candidates="6907" cleared="0"  />
</gc-op>
<gc-op id="81" type="classunload" timems="0.002" contextid="77" timestamp="2019-08-02T23:46:55.015">
  <classunload-info classloadercandidates="11" classloadersunloaded="0" classesunloaded="0" anonymousclassesunloaded="0" quiescems="0.000" setupms="0.002" scanms="0.000" postms="0.000" />
</gc-op>
<gc-op id="82" type="sweep" timems="0.220" contextid="77" timestamp="2019-08-02T23:46:55.016" />
<gc-end id="83" type="global" contextid="77" durationms="4.324" usertimems="8.000" systemtimems="0.000" timestamp="2019-08-02T23:46:55.017" activeThreads="1">
  <mem-info id="84" free="4250872" total="8388608" percent="50">
    <mem type="tenure" free="4250872" total="8388608" percent="50" micro-fragmented="81048" macro-fragmented="0">
      <mem type="soa" free="3832056" total="7969792" percent="48" />
      <mem type="loa" free="418816" total="418816" percent="100" />
    </mem>
    <pending-finalizers system="0" default="0" reference="3" classloader="0" />
  </mem-info>
</gc-end>
<cycle-end id="85" type="global" contextid="77" timestamp="2019-08-02T23:46:55.017" />
  <attribute name="elasticGC enabled" value="1" />
  <attribute name= "numThreadsSpecified" value="1" />
  <attribute name="heapSize specified" value="8388608" />
  <attribute name= "numCores" value="8" />
  <attribute name ="GC Interval" value="0" />
  <attribute name ="Control flow" value="1" />
  <attribute name="GC Util Range Max" value="106" />
  <attribute name="Current GC Util" value="48" />
  <attribute name= "Current Time Running" value="4114" />
<allocation-satisfied id="86" threadId="0000000001DA2A00" bytesRequested="88" />
<af-end id="87" timestamp="2019-08-02T23:46:55.017" threadId="0000000001DA3388" success="true" />
<exclusive-end id="88" timestamp="2019-08-02T23:46:55.017" durationms="4.907" />

<exclusive-start id="89" timestamp="2019-08-02T23:46:55.108" intervalms="95.110">
  <response-info timems="0.046" idlems="0.046" threads="0" lastid="0000000001DA2A00" lastname="main" />
</exclusive-start>
<af-start id="90" threadId="0000000001DA3388" totalBytesRequested="23296" timestamp="2019-08-02T23:46:55.108" intervalms="95.113" />
<cycle-start id="91" type="global" contextid="0" timestamp="2019-08-02T23:46:55.108" intervalms="95.120" />
<gc-start id="92" type="global" contextid="91" timestamp="2019-08-02T23:46:55.108">
  <mem-info id="93" free="418816" total="8388608" percent="4">
    <mem type="tenure" free="418816" total="8388608" percent="4">
      <mem type="soa" free="0" total="7969792" percent="0" />
      <mem type="loa" free="418816" total="418816" percent="100" />
    </mem>
  </mem-info>
</gc-start>
<allocation-stats totalBytes="3767152" >
  <allocated-bytes non-tlh="786832" tlh="2980320" />
  <largest-consumer threadName="main" threadId="0000000001DA2A00" bytes="3767152" />
</allocation-stats>
<gc-op id="94" type="mark" timems="2.205" contextid="91" timestamp="2019-08-02T23:46:55.110">
  <trace-info objectcount="63859" scancount="52784" scanbytes="1840616" />
  <finalization candidates="80" enqueued="0" />
  <ownableSynchronizers candidates="21" cleared="0" />
  <references type="soft" candidates="1021" cleared="0" enqueued="0" dynamicThreshold="16" maxThreshold="32" />
  <references type="weak" candidates="3422" cleared="0" enqueued="0" />
  <references type="phantom" candidates="101" cleared="0" enqueued="0" />
  <stringconstants candidates="7245" cleared="0"  />
</gc-op>
<gc-op id="95" type="sweep" timems="0.230" contextid="91" timestamp="2019-08-02T23:46:55.111" />
<mem-info id="96" free="4018672" total="8388608" percent="47">
  <mem type="tenure" free="4018672" total="8388608" percent="47" micro-fragmented="85504" macro-fragmented="0">
    <mem type="soa" free="3599856" total="7969792" percent="45" />
    <mem type="loa" free="418816" total="418816" percent="100" />
  </mem>
</mem-info>
<gc-op id="97" type="compact" timems="10.713" contextid="91" timestamp="2019-08-02T23:46:55.121">
  <compact-info movecount="46001" movebytes="2739056" reason="no compaction" />
</gc-op>
<gc-end id="98" type="global" contextid="91" durationms="13.751" usertimems="16.000" systemtimems="0.000" timestamp="2019-08-02T23:46:55.122" activeThreads="8">
  <mem-info id="99" free="4129088" total="8388608" percent="49">
    <mem type="tenure" free="4129088" total="8388608" percent="49">
      <mem type="soa" free="3710272" total="7969792" percent="46" />
      <mem type="loa" free="418816" total="418816" percent="100" />
    </mem>
  </mem-info>
</gc-end>
<cycle-end id="100" type="global" contextid="91" timestamp="2019-08-02T23:46:55.122" />
  <attribute name="elasticGC enabled" value="1" />
  <attribute name= "numThreadsSpecified" value="2" />
  <attribute name="heapSize specified" value="8388608" />
  <attribute name= "numCores" value="8" />
  <attribute name ="GC Interval" value="0" />
  <attribute name ="Control flow" value="1" />
  <attribute name="GC Util Range Max" value="106" />
  <attribute name="Current GC Util" value="31" />
  <attribute name= "Current Time Running" value="4220" />
<allocation-satisfied id="101" threadId="0000000001DA2A00" bytesRequested="23296" />
<af-end id="102" timestamp="2019-08-02T23:46:55.122" threadId="0000000001DA3388" success="true" />
<exclusive-end id="103" timestamp="2019-08-02T23:46:55.122" durationms="14.597" />

<exclusive-start id="104" timestamp="2019-08-02T23:46:55.181" intervalms="73.606">
  <response-info timems="0.083" idlems="0.083" threads="0" lastid="0000000001DA2A00" lastname="main" />
</exclusive-start>
<af-start id="105" threadId="0000000001DA3388" totalBytesRequested="88" timestamp="2019-08-02T23:46:55.181" intervalms="73.643" />
<cycle-start id="106" type="global" contextid="0" timestamp="2019-08-02T23:46:55.182" intervalms="73.710" />
<gc-start id="107" type="global" contextid="106" timestamp="2019-08-02T23:46:55.182">
  <mem-info id="108" free="418816" total="8388608" percent="4">
    <mem type="tenure" free="418816" total="8388608" percent="4">
      <mem type="soa" free="0" total="7969792" percent="0" />
      <mem type="loa" free="418816" total="418816" percent="100" />
    </mem>
  </mem-info>
</gc-start>
<allocation-stats totalBytes="3774880" >
  <allocated-bytes non-tlh="21096" tlh="3753784" />
  <largest-consumer threadName="main" threadId="0000000001DA2A00" bytes="3774880" />
</allocation-stats>
<gc-op id="109" type="mark" timems="2.453" contextid="106" timestamp="2019-08-02T23:46:55.184">
  <trace-info objectcount="68618" scancount="56980" scanbytes="1995544" />
  <finalization candidates="80" enqueued="0" />
  <ownableSynchronizers candidates="21" cleared="0" />
  <references type="soft" candidates="1021" cleared="0" enqueued="0" dynamicThreshold="15" maxThreshold="32" />
  <references type="weak" candidates="3571" cleared="0" enqueued="0" />
  <references type="phantom" candidates="100" cleared="0" enqueued="0" />
  <stringconstants candidates="7370" cleared="0"  />
</gc-op>
<gc-op id="110" type="sweep" timems="0.330" contextid="106" timestamp="2019-08-02T23:46:55.185" />
<mem-info id="111" free="3932288" total="8388608" percent="46">
  <mem type="tenure" free="3932288" total="8388608" percent="46" micro-fragmented="65573" macro-fragmented="0">
    <mem type="soa" free="3513472" total="7969792" percent="44" />
    <mem type="loa" free="418816" total="418816" percent="100" />
  </mem>
</mem-info>
<gc-op id="112" type="compact" timems="5.096" contextid="106" timestamp="2019-08-02T23:46:55.190">
  <compact-info movecount="14103" movebytes="589400" reason="no compaction" />
</gc-op>
<gc-end id="113" type="global" contextid="106" durationms="8.701" usertimems="12.000" systemtimems="0.000" timestamp="2019-08-02T23:46:55.190" activeThreads="8">
  <mem-info id="114" free="4053304" total="8388608" percent="48">
    <mem type="tenure" free="4053304" total="8388608" percent="48">
      <mem type="soa" free="3634488" total="7969792" percent="45" />
      <mem type="loa" free="418816" total="418816" percent="100" />
    </mem>
  </mem-info>
</gc-end>
<cycle-end id="115" type="global" contextid="106" timestamp="2019-08-02T23:46:55.191" />
  <attribute name="elasticGC enabled" value="1" />
  <attribute name= "numThreadsSpecified" value="2" />
  <attribute name="heapSize specified" value="8388608" />
  <attribute name= "numCores" value="8" />
  <attribute name ="GC Interval" value="0" />
  <attribute name ="Control flow" value="1" />
  <attribute name="GC Util Range Max" value="106" />
  <attribute name="Current GC Util" value="45" />
  <attribute name= "Current Time Running" value="4288" />
<allocation-satisfied id="116" threadId="0000000001DA2A00" bytesRequested="88" />
<af-end id="117" timestamp="2019-08-02T23:46:55.191" threadId="0000000001DA3388" success="true" />
<exclusive-end id="118" timestamp="2019-08-02T23:46:55.191" durationms="9.642" />

<exclusive-start id="119" timestamp="2019-08-02T23:46:55.239" intervalms="58.128">
  <response-info timems="0.079" idlems="0.079" threads="0" lastid="0000000001DA2A00" lastname="main" />
</exclusive-start>
<af-start id="120" threadId="0000000001DA3388" totalBytesRequested="88" timestamp="2019-08-02T23:46:55.240" intervalms="58.115" />
<cycle-start id="121" type="global" contextid="0" timestamp="2019-08-02T23:46:55.240" intervalms="58.071" />
<gc-start id="122" type="global" contextid="121" timestamp="2019-08-02T23:46:55.240">
  <mem-info id="123" free="418816" total="8388608" percent="4">
    <mem type="tenure" free="418816" total="8388608" percent="4">
      <mem type="soa" free="0" total="7969792" percent="0" />
      <mem type="loa" free="418816" total="418816" percent="100" />
    </mem>
  </mem-info>
</gc-start>
<allocation-stats totalBytes="3619312" >
  <allocated-bytes non-tlh="21432" tlh="3597880" />
  <largest-consumer threadName="main" threadId="0000000001DA2A00" bytes="3619312" />
</allocation-stats>
<gc-op id="124" type="mark" timems="2.371" contextid="121" timestamp="2019-08-02T23:46:55.242">
  <trace-info objectcount="73111" scancount="60897" scanbytes="2142672" />
  <finalization candidates="80" enqueued="0" />
  <ownableSynchronizers candidates="21" cleared="0" />
  <references type="soft" candidates="1021" cleared="0" enqueued="0" dynamicThreshold="15" maxThreshold="32" />
  <references type="weak" candidates="3729" cleared="0" enqueued="0" />
  <references type="phantom" candidates="100" cleared="0" enqueued="0" />
  <stringconstants candidates="7492" cleared="0"  />
</gc-op>
<gc-op id="125" type="sweep" timems="0.224" contextid="121" timestamp="2019-08-02T23:46:55.242" />
<mem-info id="126" free="3714880" total="8388608" percent="44">
  <mem type="tenure" free="3714880" total="8388608" percent="44" micro-fragmented="48552" macro-fragmented="0">
    <mem type="soa" free="3296064" total="7969792" percent="41" />
    <mem type="loa" free="418816" total="418816" percent="100" />
  </mem>
</mem-info>
<gc-op id="127" type="compact" timems="5.909" contextid="121" timestamp="2019-08-02T23:46:55.249">
  <compact-info movecount="18610" movebytes="806880" reason="no compaction" />
</gc-op>
<gc-end id="128" type="global" contextid="121" durationms="9.172" usertimems="12.000" systemtimems="0.000" timestamp="2019-08-02T23:46:55.249" activeThreads="8">
  <mem-info id="129" free="3836272" total="8388608" percent="45">
    <mem type="tenure" free="3836272" total="8388608" percent="45">
      <mem type="soa" free="3417456" total="7969792" percent="42" />
      <mem type="loa" free="418816" total="418816" percent="100" />
    </mem>
  </mem-info>
</gc-end>
<cycle-end id="130" type="global" contextid="121" timestamp="2019-08-02T23:46:55.249" />
  <attribute name="elasticGC enabled" value="1" />
  <attribute name= "numThreadsSpecified" value="2" />
  <attribute name="heapSize specified" value="8388608" />
  <attribute name= "numCores" value="8" />
  <attribute name ="GC Interval" value="0" />
  <attribute name ="Control flow" value="3" />
  <attribute name="GC Util Range Max" value="106" />
  <attribute name="Current GC Util" value="37" />
  <attribute name= "Current Time Running" value="4347" />
<allocation-satisfied id="131" threadId="0000000001DA2A00" bytesRequested="88" />
<af-end id="132" timestamp="2019-08-02T23:46:55.249" threadId="0000000001DA3388" success="true" />
<exclusive-end id="133" timestamp="2019-08-02T23:46:55.249" durationms="10.000" />

<exclusive-start id="134" timestamp="2019-08-02T23:46:55.297" intervalms="57.146">
  <response-info timems="0.130" idlems="0.130" threads="0" lastid="0000000001DA2A00" lastname="main" />
</exclusive-start>
<af-start id="135" threadId="0000000001DA3388" totalBytesRequested="16" timestamp="2019-08-02T23:46:55.297" intervalms="57.184" />
<cycle-start id="136" type="global" contextid="0" timestamp="2019-08-02T23:46:55.297" intervalms="57.225" />
<gc-start id="137" type="global" contextid="136" timestamp="2019-08-02T23:46:55.297">
  <mem-info id="138" free="418816" total="8388608" percent="4">
    <mem type="tenure" free="418816" total="8388608" percent="4">
      <mem type="soa" free="0" total="7969792" percent="0" />
      <mem type="loa" free="418816" total="418816" percent="100" />
    </mem>
  </mem-info>
</gc-start>
<allocation-stats totalBytes="3415560" >
  <allocated-bytes non-tlh="74096" tlh="3341464" />
  <largest-consumer threadName="main" threadId="0000000001DA2A00" bytes="3415560" />
</allocation-stats>
<gc-op id="139" type="mark" timems="1.528" contextid="136" timestamp="2019-08-02T23:46:55.299">
  <trace-info objectcount="75207" scancount="62728" scanbytes="2191632" />
  <finalization candidates="80" enqueued="0" />
  <ownableSynchronizers candidates="21" cleared="0" />
  <references type="soft" candidates="1023" cleared="0" enqueued="0" dynamicThreshold="14" maxThreshold="32" />
  <references type="weak" candidates="3772" cleared="5" enqueued="5" />
  <references type="phantom" candidates="99" cleared="0" enqueued="0" />
  <stringconstants candidates="7623" cleared="0"  />
</gc-op>
<gc-op id="140" type="sweep" timems="0.276" contextid="136" timestamp="2019-08-02T23:46:55.299" />
<mem-info id="141" free="3728240" total="8388608" percent="44">
  <mem type="tenure" free="3728240" total="8388608" percent="44" micro-fragmented="175721" macro-fragmented="0">
    <mem type="soa" free="3309424" total="7969792" percent="41" />
    <mem type="loa" free="418816" total="418816" percent="100" />
  </mem>
  <pending-finalizers system="0" default="0" reference="5" classloader="0" />
</mem-info>
<gc-op id="142" type="compact" timems="10.758" contextid="136" timestamp="2019-08-02T23:46:55.310">
  <compact-info movecount="46304" movebytes="2453840" reason="no compaction" />
</gc-op>
<gc-end id="143" type="global" contextid="136" durationms="13.281" usertimems="20.000" systemtimems="0.000" timestamp="2019-08-02T23:46:55.310" activeThreads="8">
  <mem-info id="144" free="4008120" total="8388608" percent="47">
    <mem type="tenure" free="4008120" total="8388608" percent="47">
      <mem type="soa" free="3589304" total="7969792" percent="45" />
      <mem type="loa" free="418816" total="418816" percent="100" />
    </mem>
    <pending-finalizers system="0" default="0" reference="5" classloader="0" />
  </mem-info>
</gc-end>
<cycle-end id="145" type="global" contextid="136" timestamp="2019-08-02T23:46:55.310" />
  <attribute name="elasticGC enabled" value="1" />
  <attribute name= "numThreadsSpecified" value="2" />
  <attribute name="heapSize specified" value="8388608" />
  <attribute name= "numCores" value="8" />
  <attribute name ="GC Interval" value="0" />
  <attribute name ="Control flow" value="1" />
  <attribute name="GC Util Range Max" value="106" />
  <attribute name="Current GC Util" value="28" />
  <attribute name= "Current Time Running" value="4408" />
<allocation-satisfied id="146" threadId="0000000001DA2A00" bytesRequested="16" />
<af-end id="147" timestamp="2019-08-02T23:46:55.311" threadId="0000000001DA3388" success="true" />
<exclusive-end id="148" timestamp="2019-08-02T23:46:55.311" durationms="14.170" />

<exclusive-start id="149" timestamp="2019-08-02T23:46:55.371" intervalms="74.390">
  <response-info timems="0.027" idlems="0.027" threads="0" lastid="0000000001DA2A00" lastname="main" />
</exclusive-start>
<af-start id="150" threadId="0000000001DA3388" totalBytesRequested="32" timestamp="2019-08-02T23:46:55.371" intervalms="74.334" />
<cycle-start id="151" type="global" contextid="0" timestamp="2019-08-02T23:46:55.371" intervalms="74.274" />
<gc-start id="152" type="global" contextid="151" timestamp="2019-08-02T23:46:55.371">
  <mem-info id="153" free="418816" total="8388608" percent="4">
    <mem type="tenure" free="418816" total="8388608" percent="4">
      <mem type="soa" free="0" total="7969792" percent="0" />
      <mem type="loa" free="418816" total="418816" percent="100" />
    </mem>
  </mem-info>
</gc-start>
<allocation-stats totalBytes="3588192" >
  <allocated-bytes non-tlh="354968" tlh="3233224" />
  <largest-consumer threadName="main" threadId="0000000001DA2A00" bytes="3588192" />
</allocation-stats>
<gc-op id="154" type="mark" timems="2.408" contextid="151" timestamp="2019-08-02T23:46:55.374">
  <trace-info objectcount="69561" scancount="57765" scanbytes="2045372" />
  <finalization candidates="80" enqueued="0" />
  <ownableSynchronizers candidates="21" cleared="0" />
  <references type="soft" candidates="1095" cleared="0" enqueued="0" dynamicThreshold="15" maxThreshold="32" />
  <references type="weak" candidates="3815" cleared="2" enqueued="2" />
  <references type="phantom" candidates="102" cleared="1" enqueued="1" />
  <stringconstants candidates="7820" cleared="0"  />
</gc-op>
<gc-op id="155" type="sweep" timems="0.218" contextid="151" timestamp="2019-08-02T23:46:55.374" />
<gc-end id="156" type="global" contextid="151" durationms="3.813" usertimems="12.000" systemtimems="0.000" timestamp="2019-08-02T23:46:55.375" activeThreads="2">
  <mem-info id="157" free="3712664" total="8388608" percent="44">
    <mem type="tenure" free="3712664" total="8388608" percent="44" micro-fragmented="163149" macro-fragmented="0">
      <mem type="soa" free="3293848" total="7969792" percent="41" />
      <mem type="loa" free="418816" total="418816" percent="100" />
    </mem>
    <pending-finalizers system="0" default="0" reference="3" classloader="0" />
  </mem-info>
</gc-end>
<cycle-end id="158" type="global" contextid="151" timestamp="2019-08-02T23:46:55.375" />
  <attribute name="elasticGC enabled" value="1" />
  <attribute name= "numThreadsSpecified" value="2" />
  <attribute name="heapSize specified" value="8388608" />
  <attribute name= "numCores" value="8" />
  <attribute name ="GC Interval" value="0" />
  <attribute name ="Control flow" value="1" />
  <attribute name="GC Util Range Max" value="106" />
  <attribute name="Current GC Util" value="9" />
  <attribute name= "Current Time Running" value="4472" />
<allocation-satisfied id="159" threadId="0000000001DA2A00" bytesRequested="32" />
<af-end id="160" timestamp="2019-08-02T23:46:55.375" threadId="0000000001DA3388" success="true" />
<exclusive-end id="161" timestamp="2019-08-02T23:46:55.375" durationms="4.452" />

<exclusive-start id="162" timestamp="2019-08-02T23:46:55.401" intervalms="30.534">
  <response-info timems="0.085" idlems="0.085" threads="0" lastid="0000000001DA2A00" lastname="main" />
</exclusive-start>
<af-start id="163" threadId="0000000001DA3388" totalBytesRequested="56" timestamp="2019-08-02T23:46:55.402" intervalms="30.577" />
<cycle-start id="164" type="global" contextid="0" timestamp="2019-08-02T23:46:55.402" intervalms="30.614" />
<gc-start id="165" type="global" contextid="164" timestamp="2019-08-02T23:46:55.402">
  <mem-info id="166" free="418816" total="8388608" percent="4">
    <mem type="tenure" free="418816" total="8388608" percent="4">
      <mem type="soa" free="0" total="7969792" percent="0" />
      <mem type="loa" free="418816" total="418816" percent="100" />
    </mem>
  </mem-info>
</gc-start>
<allocation-stats totalBytes="3320096" >
  <allocated-bytes non-tlh="53896" tlh="3266200" />
  <largest-consumer threadName="main" threadId="0000000001DA2A00" bytes="3318784" />
</allocation-stats>
<gc-op id="167" type="mark" timems="2.526" contextid="164" timestamp="2019-08-02T23:46:55.405">
  <trace-info objectcount="73767" scancount="61490" scanbytes="2185616" />
  <finalization candidates="80" enqueued="0" />
  <ownableSynchronizers candidates="21" cleared="0" />
  <references type="soft" candidates="1095" cleared="0" enqueued="0" dynamicThreshold="14" maxThreshold="32" />
  <references type="weak" candidates="3851" cleared="0" enqueued="0" />
  <references type="phantom" candidates="101" cleared="0" enqueued="0" />
  <stringconstants candidates="7846" cleared="0"  />
</gc-op>
<gc-op id="168" type="sweep" timems="0.332" contextid="164" timestamp="2019-08-02T23:46:55.405" />
<mem-info id="169" free="3446856" total="8388608" percent="41">
  <mem type="tenure" free="3446856" total="8388608" percent="41" micro-fragmented="295714" macro-fragmented="0">
    <mem type="soa" free="3028040" total="7969792" percent="37" />
    <mem type="loa" free="418816" total="418816" percent="100" />
  </mem>
</mem-info>
<gc-op id="170" type="compact" timems="11.438" contextid="164" timestamp="2019-08-02T23:46:55.417">
  <compact-info movecount="50510" movebytes="2956496" reason="no compaction" />
</gc-op>
<gc-end id="171" type="global" contextid="164" durationms="15.151" usertimems="16.000" systemtimems="4.000" timestamp="2019-08-02T23:46:55.417" activeThreads="2">
  <mem-info id="172" free="3696480" total="8388608" percent="44">
    <mem type="tenure" free="3696480" total="8388608" percent="44">
      <mem type="soa" free="3277664" total="7969792" percent="41" />
      <mem type="loa" free="418816" total="418816" percent="100" />
    </mem>
  </mem-info>
</gc-end>
<cycle-end id="173" type="global" contextid="164" timestamp="2019-08-02T23:46:55.417" />
  <attribute name="elasticGC enabled" value="1" />
  <attribute name= "numThreadsSpecified" value="2" />
  <attribute name="heapSize specified" value="8388608" />
  <attribute name= "numCores" value="8" />
  <attribute name ="GC Interval" value="0" />
  <attribute name ="Control flow" value="3" />
  <attribute name="GC Util Range Max" value="106" />
  <attribute name="Current GC Util" value="34" />
  <attribute name= "Current Time Running" value="4515" />
<allocation-satisfied id="174" threadId="0000000001DA2A00" bytesRequested="56" />
<af-end id="175" timestamp="2019-08-02T23:46:55.417" threadId="0000000001DA3388" success="true" />
<exclusive-end id="176" timestamp="2019-08-02T23:46:55.418" durationms="16.142" />

<exclusive-start id="177" timestamp="2019-08-02T23:46:55.440" intervalms="38.548">
  <response-info timems="0.085" idlems="0.085" threads="0" lastid="0000000001DA2A00" lastname="main" />
</exclusive-start>
<af-start id="178" threadId="0000000001DA3388" totalBytesRequested="40" timestamp="2019-08-02T23:46:55.440" intervalms="38.552" />
<cycle-start id="179" type="global" contextid="0" timestamp="2019-08-02T23:46:55.440" intervalms="38.593" />
<gc-start id="180" type="global" contextid="179" timestamp="2019-08-02T23:46:55.440">
  <mem-info id="181" free="418816" total="8388608" percent="4">
    <mem type="tenure" free="418816" total="8388608" percent="4">
      <mem type="soa" free="0" total="7969792" percent="0" />
      <mem type="loa" free="418816" total="418816" percent="100" />
    </mem>
  </mem-info>
</gc-start>
<allocation-stats totalBytes="3342376" >
  <allocated-bytes non-tlh="1880" tlh="3340496" />
  <largest-consumer threadName="main" threadId="0000000001DA2A00" bytes="3342376" />
</allocation-stats>
<gc-op id="182" type="mark" timems="2.005" contextid="179" timestamp="2019-08-02T23:46:55.443">
  <trace-info objectcount="78953" scancount="66106" scanbytes="2359760" />
  <finalization candidates="80" enqueued="0" />
  <ownableSynchronizers candidates="21" cleared="0" />
  <references type="soft" candidates="1095" cleared="0" enqueued="0" dynamicThreshold="14" maxThreshold="32" />
  <references type="weak" candidates="3867" cleared="0" enqueued="0" />
  <references type="phantom" candidates="101" cleared="0" enqueued="0" />
  <stringconstants candidates="7856" cleared="0"  />
</gc-op>
<gc-op id="183" type="sweep" timems="0.267" contextid="179" timestamp="2019-08-02T23:46:55.443" />
<mem-info id="184" free="3406536" total="8388608" percent="40">
  <mem type="tenure" free="3406536" total="8388608" percent="40" micro-fragmented="141716" macro-fragmented="0">
    <mem type="soa" free="2987720" total="7969792" percent="37" />
    <mem type="loa" free="418816" total="418816" percent="100" />
  </mem>
</mem-info>
<gc-op id="185" type="compact" timems="7.612" contextid="179" timestamp="2019-08-02T23:46:55.451">
  <compact-info movecount="26507" movebytes="1707240" reason="no compaction" />
</gc-op>
<gc-end id="186" type="global" contextid="179" durationms="10.616" usertimems="16.000" systemtimems="0.000" timestamp="2019-08-02T23:46:55.451" activeThreads="8">
  <mem-info id="187" free="3495248" total="8388608" percent="41">
    <mem type="tenure" free="3495248" total="8388608" percent="41">
      <mem type="soa" free="3076432" total="7969792" percent="38" />
      <mem type="loa" free="418816" total="418816" percent="100" />
    </mem>
  </mem-info>
</gc-end>
<cycle-end id="188" type="global" contextid="179" timestamp="2019-08-02T23:46:55.451" />
  <attribute name="elasticGC enabled" value="1" />
  <attribute name= "numThreadsSpecified" value="2" />
  <attribute name="heapSize specified" value="8388608" />
  <attribute name= "numCores" value="8" />
  <attribute name ="GC Interval" value="0" />
  <attribute name ="Control flow" value="3" />
  <attribute name="GC Util Range Max" value="106" />
  <attribute name="Current GC Util" value="37" />
  <attribute name= "Current Time Running" value="4549" />
<allocation-satisfied id="189" threadId="0000000001DA2A00" bytesRequested="40" />
<af-end id="190" timestamp="2019-08-02T23:46:55.451" threadId="0000000001DA3388" success="true" />
<exclusive-end id="191" timestamp="2019-08-02T23:46:55.452" durationms="11.518" />

<exclusive-start id="192" timestamp="2019-08-02T23:46:55.480" intervalms="40.419">
  <response-info timems="0.127" idlems="0.064" threads="1" lastid="0000000001DA6600" lastname="JIT Compilation Thread-0" />
</exclusive-start>
<af-start id="193" threadId="0000000001DA3388" totalBytesRequested="56" timestamp="2019-08-02T23:46:55.481" intervalms="40.409" />
<cycle-start id="194" type="global" contextid="0" timestamp="2019-08-02T23:46:55.481" intervalms="40.370" />
<gc-start id="195" type="global" contextid="194" timestamp="2019-08-02T23:46:55.481">
  <mem-info id="196" free="418816" total="8388608" percent="4">
    <mem type="tenure" free="418816" total="8388608" percent="4">
      <mem type="soa" free="0" total="7969792" percent="0" />
      <mem type="loa" free="418816" total="418816" percent="100" />
    </mem>
  </mem-info>
</gc-start>
<allocation-stats totalBytes="3140920" >
  <allocated-bytes non-tlh="288" tlh="3140632" />
  <largest-consumer threadName="main" threadId="0000000001DA2A00" bytes="3140920" />
</allocation-stats>
<gc-op id="197" type="mark" timems="1.861" contextid="194" timestamp="2019-08-02T23:46:55.483">
  <trace-info objectcount="83253" scancount="69739" scanbytes="2460368" />
  <finalization candidates="80" enqueued="0" />
  <ownableSynchronizers candidates="21" cleared="0" />
  <references type="soft" candidates="1095" cleared="10" enqueued="10" dynamicThreshold="13" maxThreshold="32" />
  <references type="weak" candidates="3867" cleared="0" enqueued="0" />
  <references type="phantom" candidates="100" cleared="0" enqueued="0" />
  <stringconstants candidates="7862" cleared="0"  />
</gc-op>
<gc-op id="198" type="sweep" timems="0.313" contextid="194" timestamp="2019-08-02T23:46:55.483" />
<mem-info id="199" free="3227760" total="8388608" percent="38">
  <mem type="tenure" free="3227760" total="8388608" percent="38" micro-fragmented="278264" macro-fragmented="0">
    <mem type="soa" free="2808944" total="7969792" percent="35" />
    <mem type="loa" free="418816" total="418816" percent="100" />
  </mem>
  <pending-finalizers system="0" default="0" reference="10" classloader="0" />
</mem-info>
<gc-op id="200" type="compact" timems="16.746" contextid="194" timestamp="2019-08-02T23:46:55.500">
  <compact-info movecount="72374" movebytes="4271456" reason="no compaction" />
</gc-op>
<gc-end id="201" type="global" contextid="194" durationms="19.688" usertimems="24.000" systemtimems="0.000" timestamp="2019-08-02T23:46:55.501" activeThreads="2">
  <mem-info id="202" free="3571496" total="8388608" percent="42">
    <mem type="tenure" free="3571496" total="8388608" percent="42">
      <mem type="soa" free="3152680" total="7969792" percent="39" />
      <mem type="loa" free="418816" total="418816" percent="100" />
    </mem>
    <pending-finalizers system="0" default="0" reference="10" classloader="0" />
  </mem-info>
</gc-end>
<cycle-end id="203" type="global" contextid="194" timestamp="2019-08-02T23:46:55.501" />
  <attribute name="elasticGC enabled" value="1" />
  <attribute name= "numThreadsSpecified" value="2" />
  <attribute name="heapSize specified" value="8388608" />
  <attribute name= "numCores" value="8" />
  <attribute name ="GC Interval" value="0" />
  <attribute name ="Control flow" value="3" />
  <attribute name="GC Util Range Max" value="106" />
  <attribute name="Current GC Util" value="24" />
  <attribute name= "Current Time Running" value="4599" />
<allocation-satisfied id="204" threadId="0000000001DA2A00" bytesRequested="56" />
<af-end id="205" timestamp="2019-08-02T23:46:55.501" threadId="0000000001DA3388" success="true" />
<exclusive-end id="206" timestamp="2019-08-02T23:46:55.501" durationms="20.651" />

<exclusive-start id="207" timestamp="2019-08-02T23:46:55.560" intervalms="79.844">
  <response-info timems="0.065" idlems="0.065" threads="0" lastid="0000000001DA2A00" lastname="main" />
</exclusive-start>
<af-start id="208" threadId="0000000001DA3388" totalBytesRequested="32" timestamp="2019-08-02T23:46:55.560" intervalms="79.876" />
<cycle-start id="209" type="global" contextid="0" timestamp="2019-08-02T23:46:55.561" intervalms="79.875" />
<gc-start id="210" type="global" contextid="209" timestamp="2019-08-02T23:46:55.561">
  <mem-info id="211" free="418816" total="8388608" percent="4">
    <mem type="tenure" free="418816" total="8388608" percent="4">
      <mem type="soa" free="0" total="7969792" percent="0" />
      <mem type="loa" free="418816" total="418816" percent="100" />
    </mem>
  </mem-info>
</gc-start>
<allocation-stats totalBytes="3217408" >
  <allocated-bytes non-tlh="322288" tlh="2895120" />
  <largest-consumer threadName="main" threadId="0000000001DA2A00" bytes="3217408" />
</allocation-stats>
<heap-resize id="212" type="loa contract" space="tenure" amount="83968" count="1" timems="0.000" reason="contract underutilized loa" timestamp="2019-08-02T23:46:55.561" />
<gc-op id="213" type="mark" timems="1.546" contextid="209" timestamp="2019-08-02T23:46:55.563">
  <trace-info objectcount="72983" scancount="60822" scanbytes="2117560" />
  <finalization candidates="80" enqueued="0" />
  <ownableSynchronizers candidates="21" cleared="0" />
  <references type="soft" candidates="1309" cleared="0" enqueued="0" dynamicThreshold="13" maxThreshold="32" />
  <references type="weak" candidates="4241" cleared="8" enqueued="7" />
  <references type="phantom" candidates="101" cleared="0" enqueued="0" />
  <stringconstants candidates="8296" cleared="0"  />
</gc-op>
<gc-op id="214" type="sweep" timems="0.255" contextid="209" timestamp="2019-08-02T23:46:55.563" />
<mem-info id="215" free="3637880" total="8388608" percent="43">
  <mem type="tenure" free="3637880" total="8388608" percent="43" micro-fragmented="152885" macro-fragmented="0">
    <mem type="soa" free="3303032" total="8053760" percent="41" />
    <mem type="loa" free="334848" total="334848" percent="100" />
  </mem>
  <pending-finalizers system="0" default="0" reference="7" classloader="0" />
</mem-info>
<gc-op id="216" type="compact" timems="14.971" contextid="209" timestamp="2019-08-02T23:46:55.578">
  <compact-info movecount="62212" movebytes="4078976" reason="no compaction" />
</gc-op>
<gc-end id="217" type="global" contextid="209" durationms="17.768" usertimems="32.000" systemtimems="0.000" timestamp="2019-08-02T23:46:55.578" activeThreads="8">
  <mem-info id="218" free="3770784" total="8388608" percent="44">
    <mem type="tenure" free="3770784" total="8388608" percent="44">
      <mem type="soa" free="3435936" total="8053760" percent="42" />
      <mem type="loa" free="334848" total="334848" percent="100" />
    </mem>
    <pending-finalizers system="0" default="0" reference="7" classloader="0" />
  </mem-info>
</gc-end>
<cycle-end id="219" type="global" contextid="209" timestamp="2019-08-02T23:46:55.579" />
  <attribute name="elasticGC enabled" value="1" />
  <attribute name= "numThreadsSpecified" value="2" />
  <attribute name="heapSize specified" value="8388608" />
  <attribute name= "numCores" value="8" />
  <attribute name ="GC Interval" value="0" />
  <attribute name ="Control flow" value="3" />
  <attribute name="GC Util Range Max" value="106" />
  <attribute name="Current GC Util" value="29" />
  <attribute name= "Current Time Running" value="4677" />
<allocation-satisfied id="220" threadId="0000000001DA2A00" bytesRequested="32" />
<af-end id="221" timestamp="2019-08-02T23:46:55.579" threadId="0000000001DA3388" success="true" />
<exclusive-end id="222" timestamp="2019-08-02T23:46:55.579" durationms="18.801" />

<exclusive-start id="223" timestamp="2019-08-02T23:46:55.592" intervalms="31.615">
  <response-info timems="0.072" idlems="0.072" threads="0" lastid="0000000001DA2A00" lastname="main" />
</exclusive-start>
<af-start id="224" threadId="0000000001DA3388" totalBytesRequested="32" timestamp="2019-08-02T23:46:55.592" intervalms="31.565" />
<cycle-start id="225" type="global" contextid="0" timestamp="2019-08-02T23:46:55.592" intervalms="31.547" />
<gc-start id="226" type="global" contextid="225" timestamp="2019-08-02T23:46:55.592">
  <mem-info id="227" free="334848" total="8388608" percent="3">
    <mem type="tenure" free="334848" total="8388608" percent="3">
      <mem type="soa" free="0" total="8053760" percent="0" />
      <mem type="loa" free="334848" total="334848" percent="100" />
    </mem>
  </mem-info>
</gc-start>
<allocation-stats totalBytes="3500880" >
  <allocated-bytes non-tlh="2344" tlh="3498536" />
  <largest-consumer threadName="main" threadId="0000000001DA2A00" bytes="3500880" />
</allocation-stats>
<heap-resize id="228" type="loa contract" space="tenure" amount="83968" count="1" timems="0.000" reason="contract underutilized loa" timestamp="2019-08-02T23:46:55.592" />
<gc-op id="229" type="mark" timems="4.757" contextid="225" timestamp="2019-08-02T23:46:55.597">
  <trace-info objectcount="79090" scancount="66131" scanbytes="2322268" />
  <finalization candidates="80" enqueued="0" />
  <ownableSynchronizers candidates="21" cleared="0" />
  <references type="soft" candidates="1309" cleared="0" enqueued="0" dynamicThreshold="14" maxThreshold="32" />
  <references type="weak" candidates="4251" cleared="0" enqueued="0" />
  <references type="phantom" candidates="101" cleared="0" enqueued="0" />
  <stringconstants candidates="8309" cleared="0"  />
</gc-op>
<gc-op id="230" type="classunload" timems="0.003" contextid="225" timestamp="2019-08-02T23:46:55.597">
  <classunload-info classloadercandidates="14" classloadersunloaded="0" classesunloaded="0" anonymousclassesunloaded="0" quiescems="0.000" setupms="0.002" scanms="0.000" postms="0.001" />
</gc-op>
<gc-op id="231" type="sweep" timems="0.661" contextid="225" timestamp="2019-08-02T23:46:55.598" />
<gc-end id="232" type="global" contextid="225" durationms="7.459" usertimems="12.000" systemtimems="0.000" timestamp="2019-08-02T23:46:55.600" activeThreads="1">
  <mem-info id="233" free="3417336" total="8388608" percent="40">
    <mem type="tenure" free="3417336" total="8388608" percent="40" micro-fragmented="117167" macro-fragmented="0">
      <mem type="soa" free="3166456" total="8137728" percent="38" />
      <mem type="loa" free="250880" total="250880" percent="100" />
    </mem>
  </mem-info>
</gc-end>
<cycle-end id="234" type="global" contextid="225" timestamp="2019-08-02T23:46:55.600" />
  <attribute name="elasticGC enabled" value="1" />
  <attribute name= "numThreadsSpecified" value="1" />
  <attribute name="heapSize specified" value="8388608" />
  <attribute name= "numCores" value="8" />
  <attribute name ="GC Interval" value="0" />
  <attribute name ="Control flow" value="1" />
  <attribute name="GC Util Range Max" value="106" />
  <attribute name="Current GC Util" value="119" />
  <attribute name= "Current Time Running" value="4696" />
<allocation-satisfied id="235" threadId="0000000001DA2A00" bytesRequested="32" />
<af-end id="236" timestamp="2019-08-02T23:46:55.600" threadId="0000000001DA3388" success="true" />
<exclusive-end id="237" timestamp="2019-08-02T23:46:55.600" durationms="8.159" />

<exclusive-start id="238" timestamp="2019-08-02T23:46:55.616" intervalms="23.992">
  <response-info timems="0.081" idlems="0.081" threads="0" lastid="0000000001DA2A00" lastname="main" />
</exclusive-start>
<af-start id="239" threadId="0000000001DA3388" totalBytesRequested="56" timestamp="2019-08-02T23:46:55.616" intervalms="24.032" />
<cycle-start id="240" type="global" contextid="0" timestamp="2019-08-02T23:46:55.616" intervalms="24.064" />
<gc-start id="241" type="global" contextid="240" timestamp="2019-08-02T23:46:55.616">
  <mem-info id="242" free="250880" total="8388608" percent="2">
    <mem type="tenure" free="250880" total="8388608" percent="2">
      <mem type="soa" free="0" total="8137728" percent="0" />
      <mem type="loa" free="250880" total="250880" percent="100" />
    </mem>
  </mem-info>
</gc-start>
<allocation-stats totalBytes="3166288" >
  <allocated-bytes non-tlh="4328" tlh="3161960" />
  <largest-consumer threadName="main" threadId="0000000001DA2A00" bytes="3166288" />
</allocation-stats>
<heap-resize id="243" type="loa contract" space="tenure" amount="83968" count="1" timems="0.000" reason="contract underutilized loa" timestamp="2019-08-02T23:46:55.616" />
<gc-op id="244" type="mark" timems="4.568" contextid="240" timestamp="2019-08-02T23:46:55.621">
  <trace-info objectcount="81886" scancount="68998" scanbytes="2398228" />
  <finalization candidates="80" enqueued="0" />
  <ownableSynchronizers candidates="21" cleared="0" />
  <references type="soft" candidates="1309" cleared="86" enqueued="81" dynamicThreshold="13" maxThreshold="32" />
  <references type="weak" candidates="4251" cleared="0" enqueued="0" />
  <references type="phantom" candidates="100" cleared="0" enqueued="0" />
  <stringconstants candidates="8310" cleared="0"  />
</gc-op>
<gc-op id="245" type="sweep" timems="0.780" contextid="240" timestamp="2019-08-02T23:46:55.622" />
<mem-info id="246" free="3112320" total="8388608" percent="37">
  <mem type="tenure" free="3112320" total="8388608" percent="37" micro-fragmented="452080" macro-fragmented="0">
    <mem type="soa" free="2945408" total="8221696" percent="35" />
    <mem type="loa" free="166912" total="166912" percent="100" />
  </mem>
  <pending-finalizers system="0" default="0" reference="81" classloader="0" />
</mem-info>
<gc-op id="247" type="compact" timems="14.188" contextid="240" timestamp="2019-08-02T23:46:55.636">
  <compact-info movecount="64853" movebytes="3230736" reason="no compaction" />
</gc-op>
<gc-end id="248" type="global" contextid="240" durationms="20.537" usertimems="24.000" systemtimems="0.000" timestamp="2019-08-02T23:46:55.637" activeThreads="8">
  <mem-info id="249" free="3671904" total="8388608" percent="43">
    <mem type="tenure" free="3671904" total="8388608" percent="43">
      <mem type="soa" free="3504992" total="8221696" percent="42" />
      <mem type="loa" free="166912" total="166912" percent="100" />
    </mem>
    <pending-finalizers system="0" default="0" reference="81" classloader="0" />
  </mem-info>
</gc-end>
<cycle-end id="250" type="global" contextid="240" timestamp="2019-08-02T23:46:55.637" />
  <attribute name="elasticGC enabled" value="1" />
  <attribute name= "numThreadsSpecified" value="1" />
  <attribute name="heapSize specified" value="8388608" />
  <attribute name= "numCores" value="8" />
  <attribute name ="GC Interval" value="0" />
  <attribute name ="Control flow" value="3" />
  <attribute name="GC Util Range Max" value="106" />
  <attribute name="Current GC Util" value="31" />
  <attribute name= "Current Time Running" value="4735" />
<allocation-satisfied id="251" threadId="0000000001DA2A00" bytesRequested="56" />
<af-end id="252" timestamp="2019-08-02T23:46:55.637" threadId="0000000001DA3388" success="true" />
<exclusive-end id="253" timestamp="2019-08-02T23:46:55.637" durationms="21.565" />

<exclusive-start id="254" timestamp="2019-08-02T23:46:55.687" intervalms="71.211">
  <response-info timems="0.029" idlems="0.029" threads="0" lastid="0000000001DA2A00" lastname="main" />
</exclusive-start>
<af-start id="255" threadId="0000000001DA3388" totalBytesRequested="64" timestamp="2019-08-02T23:46:55.687" intervalms="71.138" />
<cycle-start id="256" type="global" contextid="0" timestamp="2019-08-02T23:46:55.687" intervalms="71.078" />
<gc-start id="257" type="global" contextid="256" timestamp="2019-08-02T23:46:55.687">
  <mem-info id="258" free="166912" total="8388608" percent="1">
    <mem type="tenure" free="166912" total="8388608" percent="1">
      <mem type="soa" free="0" total="8221696" percent="0" />
      <mem type="loa" free="166912" total="166912" percent="100" />
    </mem>
  </mem-info>
</gc-start>
<allocation-stats totalBytes="3569352" >
  <allocated-bytes non-tlh="226432" tlh="3342920" />
  <largest-consumer threadName="main" threadId="0000000001DA2A00" bytes="3565256" />
</allocation-stats>
<heap-resize id="259" type="loa contract" space="tenure" amount="83968" count="1" timems="0.000" reason="contract underutilized loa" timestamp="2019-08-02T23:46:55.688" />
<gc-op id="260" type="mark" timems="2.864" contextid="256" timestamp="2019-08-02T23:46:55.690">
  <trace-info objectcount="72392" scancount="60504" scanbytes="2040348" />
  <finalization candidates="80" enqueued="0" />
  <ownableSynchronizers candidates="21" cleared="0" />
  <references type="soft" candidates="1539" cleared="0" enqueued="0" dynamicThreshold="14" maxThreshold="32" />
  <references type="weak" candidates="4453" cleared="19" enqueued="19" />
  <references type="phantom" candidates="101" cleared="1" enqueued="1" />
  <stringconstants candidates="8648" cleared="26"  />
</gc-op>
<gc-op id="261" type="sweep" timems="0.144" contextid="256" timestamp="2019-08-02T23:46:55.691" />
<mem-info id="262" free="4122944" total="8388608" percent="49">
  <mem type="tenure" free="4122944" total="8388608" percent="49" micro-fragmented="55192" macro-fragmented="0">
    <mem type="soa" free="4040000" total="8305664" percent="48" />
    <mem type="loa" free="82944" total="82944" percent="100" />
  </mem>
  <pending-finalizers system="0" default="0" reference="20" classloader="0" />
</mem-info>
<gc-op id="263" type="compact" timems="15.284" contextid="256" timestamp="2019-08-02T23:46:55.706">
  <compact-info movecount="56337" movebytes="3408184" reason="no compaction" />
</gc-op>
<gc-end id="264" type="global" contextid="256" durationms="19.149" usertimems="28.000" systemtimems="0.000" timestamp="2019-08-02T23:46:55.706" activeThreads="8">
  <mem-info id="265" free="4150704" total="8388608" percent="49">
    <mem type="tenure" free="4150704" total="8388608" percent="49">
      <mem type="soa" free="4067760" total="8305664" percent="48" />
      <mem type="loa" free="82944" total="82944" percent="100" />
    </mem>
    <pending-finalizers system="0" default="0" reference="20" classloader="0" />
  </mem-info>
</gc-end>
<cycle-end id="266" type="global" contextid="256" timestamp="2019-08-02T23:46:55.707" />
  <attribute name="elasticGC enabled" value="1" />
  <attribute name= "numThreadsSpecified" value="1" />
  <attribute name="heapSize specified" value="8388608" />
  <attribute name= "numCores" value="8" />
  <attribute name ="GC Interval" value="0" />
  <attribute name ="Control flow" value="3" />
  <attribute name="GC Util Range Max" value="106" />
  <attribute name="Current GC Util" value="41" />
  <attribute name= "Current Time Running" value="4805" />
<allocation-satisfied id="267" threadId="0000000001DA2A00" bytesRequested="64" />
<af-end id="268" timestamp="2019-08-02T23:46:55.707" threadId="0000000001DA3388" success="true" />
<exclusive-end id="269" timestamp="2019-08-02T23:46:55.707" durationms="19.858" />

<exclusive-start id="270" timestamp="2019-08-02T23:46:55.731" intervalms="43.842">
  <response-info timems="0.020" idlems="0.020" threads="0" lastid="0000000001DA2A00" lastname="main" />
</exclusive-start>
<sys-start reason="explicit" id="271" timestamp="2019-08-02T23:46:55.731" intervalms="6473.317" />
<cycle-start id="272" type="global" contextid="0" timestamp="2019-08-02T23:46:55.731" intervalms="43.842" />
<gc-start id="273" type="global" contextid="272" timestamp="2019-08-02T23:46:55.731">
  <mem-info id="274" free="3362632" total="8388608" percent="40">
    <mem type="tenure" free="3362632" total="8388608" percent="40">
      <mem type="soa" free="3279688" total="8305664" percent="39" />
      <mem type="loa" free="82944" total="82944" percent="100" />
    </mem>
  </mem-info>
</gc-start>
<allocation-stats totalBytes="853080" >
  <allocated-bytes non-tlh="206440" tlh="646640" />
  <largest-consumer threadName="main" threadId="0000000001DA2A00" bytes="844832" />
</allocation-stats>
<gc-op id="275" type="mark" timems="4.765" contextid="272" timestamp="2019-08-02T23:46:55.736">
  <trace-info objectcount="72945" scancount="61010" scanbytes="2058000" />
  <finalization candidates="80" enqueued="0" />
  <ownableSynchronizers candidates="21" cleared="0" />
  <references type="soft" candidates="1547" cleared="1" enqueued="1" dynamicThreshold="15" maxThreshold="32" />
  <references type="weak" candidates="4518" cleared="21" enqueued="19" />
  <references type="phantom" candidates="102" cleared="2" enqueued="2" />
  <stringconstants candidates="8667" cleared="15"  />
</gc-op>
<gc-op id="276" type="classunload" timems="0.343" contextid="272" timestamp="2019-08-02T23:46:55.736">
  <classunload-info classloadercandidates="17" classloadersunloaded="1" classesunloaded="1" anonymousclassesunloaded="0" quiescems="0.000" setupms="0.335" scanms="0.007" postms="0.001" />
</gc-op>
<gc-op id="277" type="sweep" timems="0.145" contextid="272" timestamp="2019-08-02T23:46:55.737" />
<mem-info id="278" free="4156056" total="8388608" percent="49">
  <mem type="tenure" free="4156056" total="8388608" percent="49" micro-fragmented="33423" macro-fragmented="0">
    <mem type="soa" free="4073112" total="8305664" percent="49" />
    <mem type="loa" free="82944" total="82944" percent="100" />
  </mem>
  <pending-finalizers system="0" default="0" reference="22" classloader="0" />
</mem-info>
<gc-op id="279" type="compact" timems="17.678" contextid="272" timestamp="2019-08-02T23:46:55.755">
  <compact-info movecount="71176" movebytes="4080440" reason="no compaction" />
</gc-op>
<gc-end id="280" type="global" contextid="272" durationms="23.823" usertimems="32.000" systemtimems="0.000" timestamp="2019-08-02T23:46:55.755" activeThreads="8">
  <mem-info id="281" free="4195168" total="8388608" percent="50">
    <mem type="tenure" free="4195168" total="8388608" percent="50">
      <mem type="soa" free="4112224" total="8305664" percent="49" />
      <mem type="loa" free="82944" total="82944" percent="100" />
    </mem>
    <pending-finalizers system="0" default="0" reference="22" classloader="0" />
  </mem-info>
</gc-end>
<cycle-end id="282" type="global" contextid="272" timestamp="2019-08-02T23:46:55.755" />
  <attribute name="elasticGC enabled" value="1" />
  <attribute name= "numThreadsSpecified" value="1" />
  <attribute name="heapSize specified" value="8388608" />
  <attribute name= "numCores" value="8" />
  <attribute name ="GC Interval" value="0" />
  <attribute name ="Control flow" value="3" />
  <attribute name="GC Util Range Max" value="106" />
  <attribute name="Current GC Util" value="29" />
  <attribute name= "Current Time Running" value="4853" />
<sys-end id="283" timestamp="2019-08-02T23:46:55.755" />
<exclusive-end id="284" timestamp="2019-08-02T23:46:55.755" durationms="24.271" />

<exclusive-start id="285" timestamp="2019-08-02T23:46:55.858" intervalms="127.269">
  <response-info timems="0.063" idlems="0.063" threads="0" lastid="0000000001DA2A00" lastname="main" />
</exclusive-start>
<af-start id="286" threadId="0000000001DA3388" totalBytesRequested="24" timestamp="2019-08-02T23:46:55.858" intervalms="171.244" />
<cycle-start id="287" type="global" contextid="0" timestamp="2019-08-02T23:46:55.859" intervalms="127.475" />
<gc-start id="288" type="global" contextid="287" timestamp="2019-08-02T23:46:55.859">
  <mem-info id="289" free="82944" total="8388608" percent="0">
    <mem type="tenure" free="82944" total="8388608" percent="0">
      <mem type="soa" free="0" total="8305664" percent="0" />
      <mem type="loa" free="82944" total="82944" percent="100" />
    </mem>
  </mem-info>
</gc-start>
<allocation-stats totalBytes="4111280" >
  <allocated-bytes non-tlh="463896" tlh="3647384" />
  <largest-consumer threadName="main" threadId="0000000001DA2A00" bytes="4107184" />
</allocation-stats>
<gc-op id="290" type="mark" timems="3.781" contextid="287" timestamp="2019-08-02T23:46:55.863">
  <trace-info objectcount="73377" scancount="61415" scanbytes="2106080" />
  <finalization candidates="80" enqueued="0" />
  <ownableSynchronizers candidates="21" cleared="0" />
  <references type="soft" candidates="1578" cleared="0" enqueued="0" dynamicThreshold="16" maxThreshold="32" />
  <references type="weak" candidates="4512" cleared="7" enqueued="7" />
  <references type="phantom" candidates="105" cleared="5" enqueued="5" />
  <stringconstants candidates="8684" cleared="12"  />
</gc-op>
<gc-op id="291" type="sweep" timems="0.265" contextid="287" timestamp="2019-08-02T23:46:55.863" />
<mem-info id="292" free="4120536" total="8388608" percent="49">
  <mem type="tenure" free="4120536" total="8388608" percent="49" micro-fragmented="0" macro-fragmented="0">
    <mem type="soa" free="4037592" total="8305664" percent="48" />
    <mem type="loa" free="82944" total="82944" percent="100" />
  </mem>
  <pending-finalizers system="0" default="0" reference="12" classloader="0" />
</mem-info>
<gc-op id="293" type="compact" timems="16.824" contextid="287" timestamp="2019-08-02T23:46:55.880">
  <compact-info movecount="57554" movebytes="3534880" reason="no compaction" />
</gc-op>
<gc-end id="294" type="global" contextid="287" durationms="21.580" usertimems="32.000" systemtimems="0.000" timestamp="2019-08-02T23:46:55.880" activeThreads="1">
  <mem-info id="295" free="4080504" total="8388608" percent="48">
    <mem type="tenure" free="4080504" total="8388608" percent="48">
      <mem type="soa" free="3997560" total="8305664" percent="48" />
      <mem type="loa" free="82944" total="82944" percent="100" />
    </mem>
    <pending-finalizers system="0" default="0" reference="12" classloader="0" />
  </mem-info>
</gc-end>
<cycle-end id="296" type="global" contextid="287" timestamp="2019-08-02T23:46:55.880" />
  <attribute name="elasticGC enabled" value="1" />
  <attribute name= "numThreadsSpecified" value="1" />
  <attribute name="heapSize specified" value="8388608" />
  <attribute name= "numCores" value="8" />
  <attribute name ="GC Interval" value="0" />
  <attribute name ="Control flow" value="3" />
  <attribute name="GC Util Range Max" value="106" />
  <attribute name="Current GC Util" value="30" />
  <attribute name= "Current Time Running" value="4979" />
<allocation-satisfied id="297" threadId="0000000001DA2A00" bytesRequested="24" />
<af-end id="298" timestamp="2019-08-02T23:46:55.881" threadId="0000000001DA3388" success="true" />
<exclusive-end id="299" timestamp="2019-08-02T23:46:55.881" durationms="22.728" />

<exclusive-start id="300" timestamp="2019-08-02T23:46:55.969" intervalms="110.823">
  <response-info timems="0.087" idlems="0.087" threads="0" lastid="0000000001DA2A00" lastname="main" />
</exclusive-start>
<af-start id="301" threadId="0000000001DA3388" totalBytesRequested="24" timestamp="2019-08-02T23:46:55.969" intervalms="110.799" />
<cycle-start id="302" type="global" contextid="0" timestamp="2019-08-02T23:46:55.969" intervalms="110.830" />
<gc-start id="303" type="global" contextid="302" timestamp="2019-08-02T23:46:55.970">
  <mem-info id="304" free="82944" total="8388608" percent="0">
    <mem type="tenure" free="82944" total="8388608" percent="0">
      <mem type="soa" free="0" total="8305664" percent="0" />
      <mem type="loa" free="82944" total="82944" percent="100" />
    </mem>
  </mem-info>
</gc-start>
<allocation-stats totalBytes="4062376" >
  <allocated-bytes non-tlh="0" tlh="4062376" />
  <largest-consumer threadName="main" threadId="0000000001DA2A00" bytes="4058280" />
</allocation-stats>
<gc-op id="305" type="mark" timems="1.930" contextid="302" timestamp="2019-08-02T23:46:55.972">
  <trace-info objectcount="73135" scancount="61186" scanbytes="2096340" />
  <finalization candidates="80" enqueued="0" />
  <ownableSynchronizers candidates="21" cleared="0" />
  <references type="soft" candidates="1578" cleared="117" enqueued="115" dynamicThreshold="15" maxThreshold="32" />
  <references type="weak" candidates="4504" cleared="0" enqueued="0" />
  <references type="phantom" candidates="100" cleared="0" enqueued="0" />
  <stringconstants candidates="8672" cleared="0"  />
</gc-op>
<gc-op id="306" type="sweep" timems="0.137" contextid="302" timestamp="2019-08-02T23:46:55.972" />
<gc-end id="307" type="global" contextid="302" durationms="3.319" usertimems="8.000" systemtimems="0.000" timestamp="2019-08-02T23:46:55.973" activeThreads="2">
  <mem-info id="308" free="4145872" total="8388608" percent="49">
    <mem type="tenure" free="4145872" total="8388608" percent="49" micro-fragmented="6676" macro-fragmented="0">
      <mem type="soa" free="4062928" total="8305664" percent="48" />
      <mem type="loa" free="82944" total="82944" percent="100" />
    </mem>
    <pending-finalizers system="0" default="0" reference="115" classloader="0" />
  </mem-info>
</gc-end>
<cycle-end id="309" type="global" contextid="302" timestamp="2019-08-02T23:46:55.973" />
  <attribute name="elasticGC enabled" value="1" />
  <attribute name= "numThreadsSpecified" value="2" />
  <attribute name="heapSize specified" value="8388608" />
  <attribute name= "numCores" value="8" />
  <attribute name ="GC Interval" value="0" />
  <attribute name ="Control flow" value="1" />
  <attribute name="GC Util Range Max" value="106" />
  <attribute name="Current GC Util" value="0" />
  <attribute name= "Current Time Running" value="5070" />
<allocation-satisfied id="310" threadId="0000000001DA2A00" bytesRequested="24" />
<af-end id="311" timestamp="2019-08-02T23:46:55.973" threadId="0000000001DA3388" success="true" />
<exclusive-end id="312" timestamp="2019-08-02T23:46:55.973" durationms="4.171" />

<exclusive-start id="313" timestamp="2019-08-02T23:46:56.061" intervalms="91.692">
  <response-info timems="0.129" idlems="0.129" threads="0" lastid="0000000001DA2A00" lastname="main" />
</exclusive-start>
<af-start id="314" threadId="0000000001DA3388" totalBytesRequested="24" timestamp="2019-08-02T23:46:56.061" intervalms="91.658" />
<cycle-start id="315" type="global" contextid="0" timestamp="2019-08-02T23:46:56.061" intervalms="91.674" />
<gc-start id="316" type="global" contextid="315" timestamp="2019-08-02T23:46:56.061">
  <mem-info id="317" free="82944" total="8388608" percent="0">
    <mem type="tenure" free="82944" total="8388608" percent="0">
      <mem type="soa" free="0" total="8305664" percent="0" />
      <mem type="loa" free="82944" total="82944" percent="100" />
    </mem>
  </mem-info>
</gc-start>
<allocation-stats totalBytes="4063600" >
  <allocated-bytes non-tlh="0" tlh="4063600" />
  <largest-consumer threadName="main" threadId="0000000001DA2A00" bytes="4059504" />
</allocation-stats>
<gc-op id="318" type="mark" timems="2.271" contextid="315" timestamp="2019-08-02T23:46:56.064">
  <trace-info objectcount="72737" scancount="60793" scanbytes="2084312" />
  <finalization candidates="80" enqueued="0" />
  <ownableSynchronizers candidates="21" cleared="0" />
  <references type="soft" candidates="1461" cleared="0" enqueued="0" dynamicThreshold="15" maxThreshold="32" />
  <references type="weak" candidates="4504" cleared="0" enqueued="0" />
  <references type="phantom" candidates="100" cleared="0" enqueued="0" />
  <stringconstants candidates="8672" cleared="8"  />
</gc-op>
<gc-op id="319" type="sweep" timems="0.245" contextid="315" timestamp="2019-08-02T23:46:56.064" />
<gc-end id="320" type="global" contextid="315" durationms="3.895" usertimems="4.000" systemtimems="4.000" timestamp="2019-08-02T23:46:56.065" activeThreads="2">
  <mem-info id="321" free="4145232" total="8388608" percent="49">
    <mem type="tenure" free="4145232" total="8388608" percent="49" micro-fragmented="31570" macro-fragmented="0">
      <mem type="soa" free="4062288" total="8305664" percent="48" />
      <mem type="loa" free="82944" total="82944" percent="100" />
    </mem>
  </mem-info>
</gc-end>
<cycle-end id="322" type="global" contextid="315" timestamp="2019-08-02T23:46:56.065" />
  <attribute name="elasticGC enabled" value="1" />
  <attribute name= "numThreadsSpecified" value="2" />
  <attribute name="heapSize specified" value="8388608" />
  <attribute name= "numCores" value="8" />
  <attribute name ="GC Interval" value="0" />
  <attribute name ="Control flow" value="3" />
  <attribute name="GC Util Range Max" value="106" />
  <attribute name="Current GC Util" value="14" />
  <attribute name= "Current Time Running" value="5163" />
<allocation-satisfied id="323" threadId="0000000001DA2A00" bytesRequested="24" />
<af-end id="324" timestamp="2019-08-02T23:46:56.066" threadId="0000000001DA3388" success="true" />
<exclusive-end id="325" timestamp="2019-08-02T23:46:56.066" durationms="4.874" />

<exclusive-start id="326" timestamp="2019-08-02T23:46:56.152" intervalms="91.005">
  <response-info timems="0.098" idlems="0.098" threads="0" lastid="0000000001DA2A00" lastname="main" />
</exclusive-start>
<af-start id="327" threadId="0000000001DA3388" totalBytesRequested="24" timestamp="2019-08-02T23:46:56.152" intervalms="91.018" />
<cycle-start id="328" type="global" contextid="0" timestamp="2019-08-02T23:46:56.152" intervalms="90.969" />
<gc-start id="329" type="global" contextid="328" timestamp="2019-08-02T23:46:56.152">
  <mem-info id="330" free="82944" total="8388608" percent="0">
    <mem type="tenure" free="82944" total="8388608" percent="0">
      <mem type="soa" free="0" total="8305664" percent="0" />
      <mem type="loa" free="82944" total="82944" percent="100" />
    </mem>
  </mem-info>
</gc-start>
<allocation-stats totalBytes="4063296" >
  <allocated-bytes non-tlh="0" tlh="4063296" />
  <largest-consumer threadName="main" threadId="0000000001DA2A00" bytes="4063296" />
</allocation-stats>
<gc-op id="331" type="mark" timems="2.349" contextid="328" timestamp="2019-08-02T23:46:56.155">
  <trace-info objectcount="72737" scancount="60799" scanbytes="2084312" />
  <finalization candidates="80" enqueued="0" />
  <ownableSynchronizers candidates="21" cleared="0" />
  <references type="soft" candidates="1461" cleared="0" enqueued="0" dynamicThreshold="15" maxThreshold="32" />
  <references type="weak" candidates="4504" cleared="0" enqueued="0" />
  <references type="phantom" candidates="100" cleared="0" enqueued="0" />
  <stringconstants candidates="8664" cleared="0"  />
</gc-op>
<gc-op id="332" type="sweep" timems="0.276" contextid="328" timestamp="2019-08-02T23:46:56.155" />
<mem-info id="333" free="4146072" total="8388608" percent="49">
  <mem type="tenure" free="4146072" total="8388608" percent="49" micro-fragmented="31570" macro-fragmented="0">
    <mem type="soa" free="4063128" total="8305664" percent="48" />
    <mem type="loa" free="82944" total="82944" percent="100" />
  </mem>
</mem-info>
<gc-op id="334" type="compact" timems="16.343" contextid="328" timestamp="2019-08-02T23:46:56.172">
  <compact-info movecount="61846" movebytes="3739304" reason="no compaction" />
</gc-op>
<gc-end id="335" type="global" contextid="328" durationms="20.109" usertimems="28.000" systemtimems="0.000" timestamp="2019-08-02T23:46:56.172" activeThreads="2">
  <mem-info id="336" free="4103432" total="8388608" percent="48">
    <mem type="tenure" free="4103432" total="8388608" percent="48">
      <mem type="soa" free="4020488" total="8305664" percent="48" />
      <mem type="loa" free="82944" total="82944" percent="100" />
    </mem>
  </mem-info>
</gc-end>
<cycle-end id="337" type="global" contextid="328" timestamp="2019-08-02T23:46:56.172" />
  <attribute name="elasticGC enabled" value="1" />
  <attribute name= "numThreadsSpecified" value="2" />
  <attribute name="heapSize specified" value="8388608" />
  <attribute name= "numCores" value="8" />
  <attribute name ="GC Interval" value="0" />
  <attribute name ="Control flow" value="1" />
  <attribute name="GC Util Range Max" value="106" />
  <attribute name="Current GC Util" value="33" />
  <attribute name= "Current Time Running" value="5270" />
<allocation-satisfied id="338" threadId="0000000001DA2A00" bytesRequested="24" />
<af-end id="339" timestamp="2019-08-02T23:46:56.173" threadId="0000000001DA3388" success="true" />
<exclusive-end id="340" timestamp="2019-08-02T23:46:56.173" durationms="21.174" />

<exclusive-start id="341" timestamp="2019-08-02T23:46:56.260" intervalms="107.786">
  <response-info timems="0.088" idlems="0.088" threads="0" lastid="0000000001DA2A00" lastname="main" />
</exclusive-start>
<af-start id="342" threadId="0000000001DA3388" totalBytesRequested="24" timestamp="2019-08-02T23:46:56.260" intervalms="107.751" />
<cycle-start id="343" type="global" contextid="0" timestamp="2019-08-02T23:46:56.260" intervalms="107.780" />
<gc-start id="344" type="global" contextid="343" timestamp="2019-08-02T23:46:56.260">
  <mem-info id="345" free="82944" total="8388608" percent="0">
    <mem type="tenure" free="82944" total="8388608" percent="0">
      <mem type="soa" free="0" total="8305664" percent="0" />
      <mem type="loa" free="82944" total="82944" percent="100" />
    </mem>
  </mem-info>
</gc-start>
<allocation-stats totalBytes="4085760" >
  <allocated-bytes non-tlh="0" tlh="4085760" />
  <largest-consumer threadName="main" threadId="0000000001DA2A00" bytes="4085760" />
</allocation-stats>
<gc-op id="346" type="mark" timems="2.313" contextid="343" timestamp="2019-08-02T23:46:56.263">
  <trace-info objectcount="72738" scancount="60800" scanbytes="2084336" />
  <finalization candidates="80" enqueued="0" />
  <ownableSynchronizers candidates="21" cleared="0" />
  <references type="soft" candidates="1461" cleared="0" enqueued="0" dynamicThreshold="15" maxThreshold="32" />
  <references type="weak" candidates="4504" cleared="0" enqueued="0" />
  <references type="phantom" candidates="100" cleared="0" enqueued="0" />
  <stringconstants candidates="8664" cleared="0"  />
</gc-op>
<gc-op id="347" type="sweep" timems="0.346" contextid="343" timestamp="2019-08-02T23:46:56.263" />
<mem-info id="348" free="4168744" total="8388608" percent="49">
  <mem type="tenure" free="4168744" total="8388608" percent="49" micro-fragmented="0" macro-fragmented="0">
    <mem type="soa" free="4085800" total="8305664" percent="49" />
    <mem type="loa" free="82944" total="82944" percent="100" />
  </mem>
</mem-info>
<gc-op id="349" type="compact" timems="3.542" contextid="343" timestamp="2019-08-02T23:46:56.267">
  <compact-info movecount="10" movebytes="33008" reason="no compaction" />
</gc-op>
<gc-end id="350" type="global" contextid="343" durationms="7.023" usertimems="8.000" systemtimems="0.000" timestamp="2019-08-02T23:46:56.267" activeThreads="2">
  <mem-info id="351" free="4103408" total="8388608" percent="48">
    <mem type="tenure" free="4103408" total="8388608" percent="48">
      <mem type="soa" free="4020464" total="8305664" percent="48" />
      <mem type="loa" free="82944" total="82944" percent="100" />
    </mem>
  </mem-info>
</gc-end>
<cycle-end id="352" type="global" contextid="343" timestamp="2019-08-02T23:46:56.267" />
  <attribute name="elasticGC enabled" value="1" />
  <attribute name= "numThreadsSpecified" value="2" />
  <attribute name="heapSize specified" value="8388608" />
  <attribute name= "numCores" value="8" />
  <attribute name ="GC Interval" value="0" />
  <attribute name ="Control flow" value="3" />
  <attribute name="GC Util Range Max" value="106" />
  <attribute name="Current GC Util" value="52" />
  <attribute name= "Current Time Running" value="5365" />
<allocation-satisfied id="353" threadId="0000000001DA2A00" bytesRequested="24" />
<af-end id="354" timestamp="2019-08-02T23:46:56.267" threadId="0000000001DA3388" success="true" />
<exclusive-end id="355" timestamp="2019-08-02T23:46:56.267" durationms="7.932" />

<exclusive-start id="356" timestamp="2019-08-02T23:46:56.355" intervalms="95.941">
  <response-info timems="0.090" idlems="0.090" threads="0" lastid="0000000001DA2A00" lastname="main" />
</exclusive-start>
<af-start id="357" threadId="0000000001DA3388" totalBytesRequested="32784" timestamp="2019-08-02T23:46:56.356" intervalms="96.020" />
<cycle-start id="358" type="global" contextid="0" timestamp="2019-08-02T23:46:56.356" intervalms="96.053" />
<gc-start id="359" type="global" contextid="358" timestamp="2019-08-02T23:46:56.356">
  <mem-info id="360" free="82944" total="8388608" percent="0">
    <mem type="tenure" free="82944" total="8388608" percent="0">
      <mem type="soa" free="0" total="8305664" percent="0" />
      <mem type="loa" free="82944" total="82944" percent="100" />
    </mem>
  </mem-info>
</gc-start>
<allocation-stats totalBytes="4071112" >
  <allocated-bytes non-tlh="0" tlh="4071112" />
  <largest-consumer threadName="main" threadId="0000000001DA2A00" bytes="4071112" />
</allocation-stats>
<gc-op id="361" type="mark" timems="1.835" contextid="358" timestamp="2019-08-02T23:46:56.358">
  <trace-info objectcount="72737" scancount="60811" scanbytes="2084232" />
  <finalization candidates="80" enqueued="0" />
  <ownableSynchronizers candidates="21" cleared="0" />
  <references type="soft" candidates="1461" cleared="2" enqueued="2" dynamicThreshold="15" maxThreshold="32" />
  <references type="weak" candidates="4504" cleared="0" enqueued="0" />
  <references type="phantom" candidates="100" cleared="0" enqueued="0" />
  <stringconstants candidates="8664" cleared="0"  />
</gc-op>
<gc-op id="362" type="sweep" timems="0.240" contextid="358" timestamp="2019-08-02T23:46:56.359" />
<mem-info id="363" free="4168864" total="8388608" percent="49">
  <mem type="tenure" free="4168864" total="8388608" percent="49" micro-fragmented="0" macro-fragmented="0">
    <mem type="soa" free="4085920" total="8305664" percent="49" />
    <mem type="loa" free="82944" total="82944" percent="100" />
  </mem>
  <pending-finalizers system="0" default="0" reference="2" classloader="0" />
</mem-info>
<gc-op id="364" type="compact" timems="6.221" contextid="358" timestamp="2019-08-02T23:46:56.365">
  <compact-info movecount="14203" movebytes="861680" reason="no compaction" />
</gc-op>
<gc-end id="365" type="global" contextid="358" durationms="9.230" usertimems="12.000" systemtimems="0.000" timestamp="2019-08-02T23:46:56.365" activeThreads="8">
  <mem-info id="366" free="4103504" total="8388608" percent="48">
    <mem type="tenure" free="4103504" total="8388608" percent="48">
      <mem type="soa" free="4020560" total="8305664" percent="48" />
      <mem type="loa" free="82944" total="82944" percent="100" />
    </mem>
    <pending-finalizers system="0" default="0" reference="2" classloader="0" />
  </mem-info>
</gc-end>
<cycle-end id="367" type="global" contextid="358" timestamp="2019-08-02T23:46:56.365" />
  <attribute name="elasticGC enabled" value="1" />
  <attribute name= "numThreadsSpecified" value="2" />
  <attribute name="heapSize specified" value="8388608" />
  <attribute name= "numCores" value="8" />
  <attribute name ="GC Interval" value="0" />
  <attribute name ="Control flow" value="3" />
  <attribute name="GC Util Range Max" value="106" />
  <attribute name="Current GC Util" value="34" />
  <attribute name= "Current Time Running" value="5463" />
<allocation-satisfied id="368" threadId="0000000001DA2A00" bytesRequested="32784" />
<af-end id="369" timestamp="2019-08-02T23:46:56.366" threadId="0000000001DA3388" success="true" />
<exclusive-end id="370" timestamp="2019-08-02T23:46:56.366" durationms="10.322" />

<exclusive-start id="371" timestamp="2019-08-02T23:46:56.451" intervalms="95.562">
  <response-info timems="0.087" idlems="0.087" threads="0" lastid="0000000001DA2A00" lastname="main" />
</exclusive-start>
<af-start id="372" threadId="0000000001DA3388" totalBytesRequested="32784" timestamp="2019-08-02T23:46:56.451" intervalms="95.449" />
<cycle-start id="373" type="global" contextid="0" timestamp="2019-08-02T23:46:56.451" intervalms="95.320" />
<gc-start id="374" type="global" contextid="373" timestamp="2019-08-02T23:46:56.451">
  <mem-info id="375" free="82944" total="8388608" percent="0">
    <mem type="tenure" free="82944" total="8388608" percent="0">
      <mem type="soa" free="0" total="8305664" percent="0" />
      <mem type="loa" free="82944" total="82944" percent="100" />
    </mem>
  </mem-info>
</gc-start>
<allocation-stats totalBytes="4053552" >
  <allocated-bytes non-tlh="0" tlh="4053552" />
  <largest-consumer threadName="main" threadId="0000000001DA2A00" bytes="4053552" />
</allocation-stats>
<gc-op id="376" type="mark" timems="1.724" contextid="373" timestamp="2019-08-02T23:46:56.453">
  <trace-info objectcount="72680" scancount="60744" scanbytes="2079900" />
  <finalization candidates="80" enqueued="0" />
  <ownableSynchronizers candidates="21" cleared="0" />
  <references type="soft" candidates="1459" cleared="12" enqueued="10" dynamicThreshold="15" maxThreshold="32" />
  <references type="weak" candidates="4504" cleared="0" enqueued="0" />
  <references type="phantom" candidates="100" cleared="0" enqueued="0" />
  <stringconstants candidates="8664" cleared="0"  />
</gc-op>
<gc-op id="377" type="sweep" timems="0.133" contextid="373" timestamp="2019-08-02T23:46:56.453" />
<gc-end id="378" type="global" contextid="373" durationms="3.038" usertimems="4.000" systemtimems="4.000" timestamp="2019-08-02T23:46:56.454" activeThreads="2">
  <mem-info id="379" free="4170864" total="8388608" percent="49">
    <mem type="tenure" free="4170864" total="8388608" percent="49" micro-fragmented="0" macro-fragmented="0">
      <mem type="soa" free="4087920" total="8305664" percent="49" />
      <mem type="loa" free="82944" total="82944" percent="100" />
    </mem>
    <pending-finalizers system="0" default="0" reference="10" classloader="0" />
  </mem-info>
</gc-end>
<cycle-end id="380" type="global" contextid="373" timestamp="2019-08-02T23:46:56.454" />
  <attribute name="elasticGC enabled" value="1" />
  <attribute name= "numThreadsSpecified" value="2" />
  <attribute name="heapSize specified" value="8388608" />
  <attribute name= "numCores" value="8" />
  <attribute name ="GC Interval" value="0" />
  <attribute name ="Control flow" value="1" />
  <attribute name="GC Util Range Max" value="106" />
  <attribute name="Current GC Util" value="0" />
  <attribute name= "Current Time Running" value="5552" />
<allocation-satisfied id="381" threadId="0000000001DA2A00" bytesRequested="32784" />
<af-end id="382" timestamp="2019-08-02T23:46:56.455" threadId="0000000001DA3388" success="true" />
<exclusive-end id="383" timestamp="2019-08-02T23:46:56.455" durationms="3.726" />

<exclusive-start id="384" timestamp="2019-08-02T23:46:56.484" intervalms="32.806">
  <response-info timems="0.080" idlems="0.080" threads="0" lastid="0000000001DA2A00" lastname="main" />
</exclusive-start>
<af-start id="385" threadId="0000000001DA3388" totalBytesRequested="32784" timestamp="2019-08-02T23:46:56.484" intervalms="32.866" />
<cycle-start id="386" type="global" contextid="0" timestamp="2019-08-02T23:46:56.484" intervalms="32.965" />
<gc-start id="387" type="global" contextid="386" timestamp="2019-08-02T23:46:56.484">
  <mem-info id="388" free="82944" total="8388608" percent="0">
    <mem type="tenure" free="82944" total="8388608" percent="0">
      <mem type="soa" free="0" total="8305664" percent="0" />
      <mem type="loa" free="82944" total="82944" percent="100" />
    </mem>
  </mem-info>
</gc-start>
<allocation-stats totalBytes="4053552" >
  <allocated-bytes non-tlh="98352" tlh="3955200" />
  <largest-consumer threadName="main" threadId="0000000001DA2A00" bytes="4053552" />
</allocation-stats>
<gc-op id="389" type="mark" timems="2.384" contextid="386" timestamp="2019-08-02T23:46:56.487">
  <trace-info objectcount="72656" scancount="60731" scanbytes="2079076" />
  <finalization candidates="80" enqueued="0" />
  <ownableSynchronizers candidates="21" cleared="0" />
  <references type="soft" candidates="1447" cleared="0" enqueued="0" dynamicThreshold="15" maxThreshold="32" />
  <references type="weak" candidates="4504" cleared="0" enqueued="0" />
  <references type="phantom" candidates="100" cleared="0" enqueued="0" />
  <stringconstants candidates="8664" cleared="0"  />
</gc-op>
<gc-op id="390" type="sweep" timems="0.243" contextid="386" timestamp="2019-08-02T23:46:56.487" />
<mem-info id="391" free="4171784" total="8388608" percent="49">
  <mem type="tenure" free="4171784" total="8388608" percent="49" micro-fragmented="2059" macro-fragmented="0">
    <mem type="soa" free="4088840" total="8305664" percent="49" />
    <mem type="loa" free="82944" total="82944" percent="100" />
  </mem>
</mem-info>
<gc-op id="392" type="compact" timems="11.516" contextid="386" timestamp="2019-08-02T23:46:56.499">
  <compact-info movecount="44002" movebytes="2301152" reason="no compaction" />
</gc-op>
<gc-end id="393" type="global" contextid="386" durationms="14.760" usertimems="20.000" systemtimems="0.000" timestamp="2019-08-02T23:46:56.499" activeThreads="2">
  <mem-info id="394" free="4108960" total="8388608" percent="48">
    <mem type="tenure" free="4108960" total="8388608" percent="48">
      <mem type="soa" free="4026016" total="8305664" percent="48" />
      <mem type="loa" free="82944" total="82944" percent="100" />
    </mem>
  </mem-info>
</gc-end>
<cycle-end id="395" type="global" contextid="386" timestamp="2019-08-02T23:46:56.499" />
  <attribute name="elasticGC enabled" value="1" />
  <attribute name= "numThreadsSpecified" value="2" />
  <attribute name="heapSize specified" value="8388608" />
  <attribute name= "numCores" value="8" />
  <attribute name ="GC Interval" value="0" />
  <attribute name ="Control flow" value="3" />
  <attribute name="GC Util Range Max" value="106" />
  <attribute name="Current GC Util" value="33" />
  <attribute name= "Current Time Running" value="5597" />
<allocation-satisfied id="396" threadId="0000000001DA2A00" bytesRequested="32784" />
<af-end id="397" timestamp="2019-08-02T23:46:56.499" threadId="0000000001DA3388" success="true" />
<exclusive-end id="398" timestamp="2019-08-02T23:46:56.499" durationms="15.466" />

<exclusive-start id="399" timestamp="2019-08-02T23:46:57.176" intervalms="692.239">
  <response-info timems="0.027" idlems="0.027" threads="0" lastid="0000000001DA2A00" lastname="main" />
</exclusive-start>
<af-start id="400" threadId="0000000001DA3388" totalBytesRequested="144" timestamp="2019-08-02T23:46:57.176" intervalms="692.170" />
<cycle-start id="401" type="global" contextid="0" timestamp="2019-08-02T23:46:57.176" intervalms="692.085" />
<gc-start id="402" type="global" contextid="401" timestamp="2019-08-02T23:46:57.176">
  <mem-info id="403" free="82944" total="8388608" percent="0">
    <mem type="tenure" free="82944" total="8388608" percent="0">
      <mem type="soa" free="0" total="8305664" percent="0" />
      <mem type="loa" free="82944" total="82944" percent="100" />
    </mem>
  </mem-info>
</gc-start>
<allocation-stats totalBytes="4090736" >
  <allocated-bytes non-tlh="35544" tlh="4055192" />
  <largest-consumer threadName="main" threadId="0000000001DA2A00" bytes="4090736" />
</allocation-stats>
<gc-op id="404" type="mark" timems="1.704" contextid="401" timestamp="2019-08-02T23:46:57.178">
  <trace-info objectcount="77367" scancount="63952" scanbytes="2125076" />
  <finalization candidates="80" enqueued="0" />
  <ownableSynchronizers candidates="21" cleared="0" />
  <references type="soft" candidates="1450" cleared="0" enqueued="0" dynamicThreshold="15" maxThreshold="32" />
  <references type="weak" candidates="4531" cleared="19" enqueued="19" />
  <references type="phantom" candidates="102" cleared="2" enqueued="2" />
  <stringconstants candidates="9070" cleared="0"  />
</gc-op>
<gc-op id="405" type="sweep" timems="0.275" contextid="401" timestamp="2019-08-02T23:46:57.179" />
<mem-info id="406" free="3828352" total="8388608" percent="45">
  <mem type="tenure" free="3828352" total="8388608" percent="45" micro-fragmented="162305" macro-fragmented="0">
    <mem type="soa" free="3745408" total="8305664" percent="45" />
    <mem type="loa" free="82944" total="82944" percent="100" />
  </mem>
  <pending-finalizers system="0" default="0" reference="21" classloader="0" />
</mem-info>
<gc-op id="407" type="compact" timems="15.427" contextid="401" timestamp="2019-08-02T23:46:57.194">
  <compact-info movecount="63992" movebytes="3805760" reason="no compaction" />
</gc-op>
<gc-end id="408" type="global" contextid="401" durationms="17.999" usertimems="28.000" systemtimems="0.000" timestamp="2019-08-02T23:46:57.194" activeThreads="8">
  <mem-info id="409" free="3948512" total="8388608" percent="47">
    <mem type="tenure" free="3948512" total="8388608" percent="47">
      <mem type="soa" free="3865568" total="8305664" percent="46" />
      <mem type="loa" free="82944" total="82944" percent="100" />
    </mem>
    <pending-finalizers system="0" default="0" reference="21" classloader="0" />
  </mem-info>
</gc-end>
<cycle-end id="410" type="global" contextid="401" timestamp="2019-08-02T23:46:57.194" />
  <attribute name="elasticGC enabled" value="1" />
  <attribute name= "numThreadsSpecified" value="2" />
  <attribute name="heapSize specified" value="8388608" />
  <attribute name= "numCores" value="8" />
  <attribute name ="GC Interval" value="0" />
  <attribute name ="Control flow" value="1" />
  <attribute name="GC Util Range Max" value="106" />
  <attribute name="Current GC Util" value="29" />
  <attribute name= "Current Time Running" value="6292" />
<allocation-satisfied id="411" threadId="0000000001DA2A00" bytesRequested="144" />
<af-end id="412" timestamp="2019-08-02T23:46:57.195" threadId="0000000001DA3388" success="true" />
<exclusive-end id="413" timestamp="2019-08-02T23:46:57.195" durationms="18.706" />

</verbosegc>

