<?xml version="1.0" ?>

<verbosegc xmlns="http://www.ibm.com/j9/verbosegc" version="10b4217_CMPRSS">

<initialized id="1" timestamp="2019-06-14T19:08:23.179">
  <attribute name="gcPolicy" value="-Xgcpolicy:balanced" />
  <attribute name="elasticGC enabled" value="1" />
  <attribute name= "numThreadsSpecified" value="0" />
  <attribute name="heapSize specified" value="0" />
  <attribute name="Current GC Util" value="0" />
  <attribute name= "Current Time Running" value="0" />
  <attribute name ="GC Interval" value="0" />
  <attribute name="ProportionalT" value="0.000000" />
  <attribute name="ProportionalI" value="0.000000" />
  <attribute name="ProportionalH" value="0.000000" />
  <attribute name="IntegralT" value="0.000000" />
  <attribute name="IntegralI" value="0.000000" />
  <attribute name="IntegralH" value="0.000000" />
  <attribute name="DerivativeT" value="0.000000" />
  <attribute name="DerivativeI" value="0.000000" />
  <attribute name="DerivativeH" value="0.000000" />
  <attribute name="Target GC Util Change" value ="0.000000" />
  <attribute name="Current GC Util Change" value="0.000000"/>
  <attribute name="Current Error" value="0.000000" />
  <attribute name="Loop Time for DT" value="0.000000" />
  <attribute name="Output H" value="0"/>
  <attribute name="Output I" value="0"/>
  <attribute name="Output T" value="0"/>
  <attribute name="GC Util currently" value="0" />
  <attribute name="CPU Util currently" value="0" />
  <attribute name="maxHeapSize" value="0x7cb00000" />
  <attribute name="initialHeapSize" value="0x800000" />
  <attribute name="compressedRefs" value="true" />
  <attribute name="compressedRefsDisplacement" value="0x0" />
  <attribute name="compressedRefsShift" value="0x0" />
  <attribute name="pageSize" value="0x1000" />
  <attribute name="pageType" value="not used" />
  <attribute name="requestedPageSize" value="0x1000" />
  <attribute name="requestedPageType" value="not used" />
  <attribute name="gcthreads" value="4" />
  <attribute name="packetListSplit" value="4" />
  <attribute name="cacheListSplit" value="4" />
  <attribute name="splitFreeListSplitAmount" value="1" />
  <attribute name="numaNodes" value="0" />
  <region>
    <attribute name="regionSize" value="1048576" />
    <attribute name="regionCount" value="1995" />
    <attribute name="arrayletLeafSize" value="1048576" />
  </region>
  <system>
    <attribute name="physicalMemory" value="8370962432" />
    <attribute name="numCPUs" value="4" />
    <attribute name="architecture" value="amd64" />
    <attribute name="os" value="Linux" />
    <attribute name="osVersion" value="4.4.0-148-generic" />
  </system>
  <vmargs>
    <vmarg name="-Xoptionsfile=/vagrant/jdk/lib/options.default" />
    <vmarg name="-Xlockword:mode=default,noLockword=java/lang/String,noLockword=java/util/MapEntry,noLockword=java/util/HashMap$Entry,noLockword..." />
    <vmarg name="-Xjcl:jclse29" />
    <vmarg name="-Dcom.ibm.oti.vm.bootstrap.library.path=/vagrant/jdk/lib/compressedrefs:/vagrant/jdk/lib" />
    <vmarg name="-Dsun.boot.library.path=/vagrant/jdk/lib/compressedrefs:/vagrant/jdk/lib" />
    <vmarg name="-Djava.library.path=/vagrant/jdk/lib/compressedrefs:/vagrant/jdk/lib:/usr/lib64:/usr/lib" />
    <vmarg name="-Djava.home=/vagrant/jdk" />
    <vmarg name="-Duser.dir=/vagrant" />
    <vmarg name="-Xgcpolicy:balanced" />
    <vmarg name="-Xgcelastic" />
    <vmarg name="-Xcheck:gc:::elasticGC" />
    <vmarg name="-verbose:gc" />
    <vmarg name="-Xloggc:small-Balanced-jdk0.5-1-0.5-verbose1sunflow.txt" />
    <vmarg name="-Djava.class.path=dacapo-9.12-MR1-bach.jar" />
    <vmarg name="-Dsun.java.command=dacapo-9.12-MR1-bach.jar sunflow --size=small" />
    <vmarg name="-Dsun.java.launcher=SUN_STANDARD" />
    <vmarg name="-Dsun.java.launcher.pid=9548" />
  </vmargs>
</initialized>

<exclusive-start id="2" timestamp="2019-06-14T19:08:23.621" intervalms="441.265">
  <response-info timems="0.053" idlems="0.053" threads="0" lastid="0000000001170700" lastname="main" />
</exclusive-start>
<sys-start reason="explicit" id="3" timestamp="2019-06-14T19:08:23.621" intervalms="441.755" />
<cycle-start id="4" type="global garbage collect" contextid="0" timestamp="2019-06-14T19:08:23.621" intervalms="442.043" />
<gc-start id="5" type="global garbage collect" contextid="4" timestamp="2019-06-14T19:08:23.622">
  <mem-info id="6" free="4235784" total="8388608" percent="50">
    <mem type="eden" free="41560" total="4194304" percent="0" />
    <remembered-set count="0" freebytes="334848" totalbytes="334848" percent="100" regionsoverflowed="0" regionsstable="0" regionsrebuilding="0"/>
  </mem-info>
</gc-start>
<allocation-stats totalBytes="4145880" >
  <allocated-bytes non-tlh="501912" tlh="3643968" arrayletleaf="0"/>
  <largest-consumer threadName="main" threadId="0000000001170700" bytes="4069360" />
</allocation-stats>
<gc-op id="7" type="global mark" timems="3.801" contextid="4" timestamp="2019-06-14T19:08:23.626">
  <trace-info objectcount="30296" scancount="23628" scanbytes="765092" />
  <finalization candidates="125" enqueued="1" />
  <ownableSynchronizers candidates="3" cleared="0" />
  <references type="soft" candidates="131" cleared="0" enqueued="0" dynamicThreshold="32" maxThreshold="32" />
  <references type="weak" candidates="1322" cleared="569" enqueued="479" />
  <references type="phantom" candidates="106" cleared="42" enqueued="42" />
  <stringconstants candidates="3958" cleared="0"  />
</gc-op>
<gc-op id="8" type="classunload" timems="0.071" contextid="4" timestamp="2019-06-14T19:08:23.626">
  <classunload-info classloadercandidates="7" classloadersunloaded="0" classesunloaded="0" anonymousclassesunloaded="0" quiescems="0.000" setupms="0.071" scanms="0.000" postms="0.000" />
</gc-op>
<gc-op id="9" type="sweep" timems="0.592" contextid="4" timestamp="2019-06-14T19:08:23.627" />
<gc-op id="10" type="compact" timems="5.240" contextid="4" timestamp="2019-06-14T19:08:23.632">
  <compact-info movecount="30296" movebytes="1345528" />
  <remembered-set-cleared processed="3486" cleared="3486" durationms="0.203" />
</gc-op>
<gc-end id="11" type="global garbage collect" contextid="4" durationms="11.522" usertimems="8.000" systemtimems="4.000" timestamp="2019-06-14T19:08:23.633" activeThreads="4">
  <mem-info id="12" free="6291456" total="8388608" percent="75">
    <pending-finalizers system="1" default="0" reference="521" classloader="0" />
    <remembered-set count="1536" freebytes="328704" totalbytes="334848" percent="98" regionsoverflowed="0" regionsstable="0" regionsrebuilding="0"/>
  </mem-info>
</gc-end>
<cycle-end id="13" type="global garbage collect" contextid="4" timestamp="2019-06-14T19:08:23.633" />
  <attribute name="elasticGC enabled" value="1" />
  <attribute name= "numThreadsSpecified" value="4" />
  <attribute name="heapSize specified" value="0" />
  <attribute name="Current GC Util" value="51" />
  <attribute name= "Current Time Running" value="332" />
  <attribute name ="GC Interval" value="0" />
  <attribute name="ProportionalT" value="15.500000" />
  <attribute name="ProportionalI" value="15.500000" />
  <attribute name="ProportionalH" value="15.500000" />
  <attribute name="Current Error" value="31.000000" />
  <attribute name="IntegralT" value="-6241.000000" />
  <attribute name="IntegralI" value="-6241.000000" />
  <attribute name="IntegralH" value="-6241.000000" />
  <attribute name="DerivativeT" value="-18.000000" />
  <attribute name="DerivativeI" value="-18.000000" />
  <attribute name="DerivativeH" value="-18.000000" />
  <attribute name="Loop Time for DT" value="1.000000" />
  <attribute name="Output H" value="2091843584"/>
  <attribute name="Output I" value="200"/>
  <attribute name="Output T" value="4"/>
  <attribute name="Target GC Util Change" value ="20.000000" />
  <attribute name="Current GC Util Change" value="51.000000"/>
  <attribute name="GC Util currently" value="51" />
  <attribute name="CPU Util currently" value="5495283670221" />
<sys-end id="14" timestamp="2019-06-14T19:08:23.634" />
<exclusive-end id="15" timestamp="2019-06-14T19:08:23.634" durationms="13.035" />

<exclusive-start id="16" timestamp="2019-06-14T19:08:23.832" intervalms="211.011">
  <response-info timems="0.081" idlems="0.081" threads="0" lastid="00000000014C9500" lastname="Thread-5" />
</exclusive-start>
<allocation-taxation id="17" taxation-threshold="6291456" timestamp="2019-06-14T19:08:23.832" intervalms="652.558" />
<cycle-start id="18" type="partial gc" contextid="0" timestamp="2019-06-14T19:08:23.832" intervalms="652.879" />
<gc-start id="19" type="partial gc" contextid="18" timestamp="2019-06-14T19:08:23.833">
  <mem-info id="20" free="0" total="8388608" percent="0">
    <mem type="eden" free="7960" total="6291456" percent="0" />
    <remembered-set count="1536" freebytes="328704" totalbytes="334848" percent="98" regionsoverflowed="0" regionsstable="0" regionsrebuilding="0"/>
  </mem-info>
</gc-start>
<allocation-stats totalBytes="6225008" >
  <allocated-bytes non-tlh="1210336" tlh="5014672" arrayletleaf="0"/>
  <largest-consumer threadName="main" threadId="0000000001170700" bytes="2982240" />
</allocation-stats>
<gc-op id="21" type="mark" timems="2.095" contextid="18" timestamp="2019-06-14T19:08:23.835">
  <trace-info objectcount="14751" scancount="11870" scanbytes="447664" />
  <cardclean-info objects="1380" bytes="49596" />
  <remembered-set-cleared processed="554" cleared="66" durationms="0.064" />
  <references type="soft" candidates="17" cleared="0" enqueued="0" dynamicThreshold="24" maxThreshold="32" />
  <references type="weak" candidates="45" cleared="29" enqueued="28" />
  <references type="phantom" candidates="2" cleared="0" enqueued="0" />
  <stringconstants candidates="4534" cleared="1"  />
  <warning details="Mark invoked due to insufficient free space for Copy-Forward" />
</gc-op>
<gc-op id="22" type="classunload" timems="0.003" contextid="18" timestamp="2019-06-14T19:08:23.835">
  <classunload-info classloadercandidates="8" classloadersunloaded="0" classesunloaded="0" anonymousclassesunloaded="0" quiescems="0.000" setupms="0.003" scanms="0.000" postms="0.000" />
</gc-op>
<gc-op id="23" type="sweep" timems="0.453" contextid="18" timestamp="2019-06-14T19:08:23.836" />
<gc-op id="24" type="compact" timems="1.805" contextid="18" timestamp="2019-06-14T19:08:23.838">
  <compact-info movecount="14749" movebytes="1362296" />
  <remembered-set-cleared processed="2488" cleared="1478" durationms="0.064" />
</gc-op>
<heap-resize id="25" type="expand" space="default" amount="1048576" count="1" timems="0.053" reason="insufficient free space following gc" timestamp="2019-06-14T19:08:23.838" />
<gc-end id="26" type="partial gc" contextid="18" durationms="6.083" usertimems="8.000" systemtimems="0.000" timestamp="2019-06-14T19:08:23.839" activeThreads="4">
  <mem-info id="27" free="5242880" total="9437184" percent="55">
    <mem type="eden" free="626232" total="2097152" percent="29" />
    <pending-finalizers system="0" default="0" reference="28" classloader="0" />
    <remembered-set count="2656" freebytes="366080" totalbytes="376704" percent="97" regionsoverflowed="0" regionsstable="0" regionsrebuilding="0"/>
  </mem-info>
</gc-end>
<cycle-end id="28" type="partial gc" contextid="18" timestamp="2019-06-14T19:08:23.839" />
  <attribute name="elasticGC enabled" value="1" />
  <attribute name= "numThreadsSpecified" value="4" />
  <attribute name="heapSize specified" value="0" />
  <attribute name="Current GC Util" value="24" />
  <attribute name= "Current Time Running" value="541" />
  <attribute name ="GC Interval" value="0" />
  <attribute name="ProportionalT" value="2.000000" />
  <attribute name="ProportionalI" value="2.000000" />
  <attribute name="ProportionalH" value="2.000000" />
  <attribute name="Current Error" value="4.000000" />
  <attribute name="IntegralT" value="4.000000" />
  <attribute name="IntegralI" value="4.000000" />
  <attribute name="IntegralH" value="4.000000" />
  <attribute name="DerivativeT" value="2.000000" />
  <attribute name="DerivativeI" value="2.000000" />
  <attribute name="DerivativeH" value="2.000000" />
  <attribute name="Loop Time for DT" value="1.000000" />
  <attribute name="Output H" value="8388608"/>
  <attribute name="Output I" value="200"/>
  <attribute name="Output T" value="4"/>
  <attribute name="Target GC Util Change" value ="20.000000" />
  <attribute name="Current GC Util Change" value="24.000000"/>
  <attribute name="GC Util currently" value="24" />
  <attribute name="CPU Util currently" value="6527260838109" />
<exclusive-end id="29" timestamp="2019-06-14T19:08:23.839" durationms="7.284" />

<exclusive-start id="30" timestamp="2019-06-14T19:08:23.879" intervalms="47.742">
  <response-info timems="0.031" idlems="0.031" threads="0" lastid="00000000014C9500" lastname="Thread-5" />
</exclusive-start>
<allocation-taxation id="31" taxation-threshold="2097152" timestamp="2019-06-14T19:08:23.879" intervalms="47.603" />
<cycle-start id="32" type="global mark phase" contextid="0" timestamp="2019-06-14T19:08:23.880" intervalms="700.276" />
<gc-start id="33" type="global mark phase" contextid="32" timestamp="2019-06-14T19:08:23.880">
  <mem-info id="34" free="3145728" total="9437184" percent="33">
    <remembered-set count="2176" freebytes="368000" totalbytes="376704" percent="97" regionsoverflowed="0" regionsstable="0" regionsrebuilding="0"/>
  </mem-info>
</gc-start>
<gc-op id="35" type="mark increment" timems="0.628" contextid="32" timestamp="2019-06-14T19:08:23.880">
  <trace-info objectcount="167" scancount="0" scanbytes="0" />
</gc-op>
<gc-end id="36" type="global mark phase" contextid="32" durationms="0.918" usertimems="0.000" systemtimems="0.000" timestamp="2019-06-14T19:08:23.881" activeThreads="1">
  <mem-info id="37" free="3145728" total="9437184" percent="33">
    <remembered-set count="2176" freebytes="368000" totalbytes="376704" percent="97" regionsoverflowed="0" regionsstable="0" regionsrebuilding="0"/>
  </mem-info>
</gc-end>
<concurrent-start id="38" type="GMP work packet processing" contextid="32" timestamp="2019-06-14T19:08:23.881">
  <concurrent-mark-start scanTarget="18446744073709551615" />
</concurrent-start>
<exclusive-end id="39" timestamp="2019-06-14T19:08:23.881" durationms="1.681" />

<concurrent-end id="40" type="GMP work packet processing" contextid="32" timestamp="2019-06-14T19:08:23.883">
  <concurrent-mark-end bytesScanned="1187232" reasonForTermination="Completed all work in GC phase" />
</concurrent-end>

<exclusive-start id="41" timestamp="2019-06-14T19:08:23.888" intervalms="8.696">
  <response-info timems="0.034" idlems="0.034" threads="0" lastid="00000000014C9500" lastname="Thread-5" />
</exclusive-start>
<allocation-taxation id="42" taxation-threshold="2097152" timestamp="2019-06-14T19:08:23.888" intervalms="8.708" />
<cycle-start id="43" type="partial gc" contextid="0" timestamp="2019-06-14T19:08:23.888" intervalms="56.162" />
<gc-start id="44" type="partial gc" contextid="43" timestamp="2019-06-14T19:08:23.889">
  <mem-info id="45" free="1048576" total="9437184" percent="11">
    <mem type="eden" free="0" total="4194304" percent="0" />
    <remembered-set count="2176" freebytes="368000" totalbytes="376704" percent="97" regionsoverflowed="0" regionsstable="0" regionsrebuilding="0"/>
  </mem-info>
</gc-start>
<allocation-stats totalBytes="4153992" >
  <allocated-bytes non-tlh="57568" tlh="4096424" arrayletleaf="0"/>
  <largest-consumer threadName="Thread-5" threadId="00000000014C9500" bytes="2064520" />
</allocation-stats>
<gc-op id="46" type="copy forward" timems="4.100" contextid="43" timestamp="2019-06-14T19:08:23.894">
  <memory-copied type="eden" objects="18" bytes="133640" bytesdiscarded="0" />
  <memory-copied type="other" objects="14636" bytes="1221352" bytesdiscarded="0" />
  <memory-cardclean objects="118" bytes="9280" />
  <regions eden="4" other="2" />
  <remembered-set-cleared processed="1132" cleared="609" durationms="0.059" />
  <references type="soft" candidates="17" cleared="0" enqueued="0" dynamicThreshold="10" maxThreshold="32" />
  <references type="weak" candidates="16" cleared="0" enqueued="0" />
  <references type="phantom" candidates="2" cleared="0" enqueued="0" />
  <stringconstants candidates="4533" cleared="0"  />
  <heap-resize type="expand" space="default" amount="2097152" count="2" timems="0.129" reason="continue current collection" />
</gc-op>
<gc-op id="47" type="classunload" timems="0.002" contextid="43" timestamp="2019-06-14T19:08:23.894">
  <classunload-info classloadercandidates="8" classloadersunloaded="0" classesunloaded="0" anonymousclassesunloaded="0" quiescems="0.000" setupms="0.002" scanms="0.000" postms="0.000" />
</gc-op>
<gc-op id="48" type="compact" timems="1.577" contextid="43" timestamp="2019-06-14T19:08:23.895">
  <compact-info movecount="0" movebytes="0" />
  <remembered-set-cleared processed="2188" cleared="609" durationms="0.059" />
</gc-op>
<gc-end id="49" type="partial gc" contextid="43" durationms="7.035" usertimems="8.000" systemtimems="0.000" timestamp="2019-06-14T19:08:23.896" activeThreads="4">
  <mem-info id="50" free="6291456" total="11534336" percent="54">
    <mem type="eden" free="914936" total="1048576" percent="87" />
    <remembered-set count="2272" freebytes="451328" totalbytes="460416" percent="98" regionsoverflowed="0" regionsstable="0" regionsrebuilding="0"/>
  </mem-info>
</gc-end>
<cycle-end id="51" type="partial gc" contextid="43" timestamp="2019-06-14T19:08:23.896" />
  <attribute name="elasticGC enabled" value="1" />
  <attribute name= "numThreadsSpecified" value="4" />
  <attribute name="heapSize specified" value="0" />
  <attribute name="Current GC Util" value="0" />
  <attribute name= "Current Time Running" value="599" />
  <attribute name ="GC Interval" value="0" />
  <attribute name="ProportionalT" value="-10.000000" />
  <attribute name="ProportionalI" value="-10.000000" />
  <attribute name="ProportionalH" value="-10.000000" />
  <attribute name="Current Error" value="-20.000000" />
  <attribute name="IntegralT" value="-100.000000" />
  <attribute name="IntegralI" value="-100.000000" />
  <attribute name="IntegralH" value="-100.000000" />
  <attribute name="DerivativeT" value="-5.400000" />
  <attribute name="DerivativeI" value="-5.400000" />
  <attribute name="DerivativeH" value="-5.400000" />
  <attribute name="Loop Time for DT" value="5.000000" />
  <attribute name="Output H" value="2091843584"/>
  <attribute name="Output I" value="200"/>
  <attribute name="Output T" value="4"/>
  <attribute name="Target GC Util Change" value ="20.000000" />
  <attribute name="Current GC Util Change" value="0.000000"/>
  <attribute name="GC Util currently" value="0" />
  <attribute name="CPU Util currently" value="1066639440201" />
<exclusive-end id="52" timestamp="2019-06-14T19:08:23.896" durationms="7.891" />

<exclusive-start id="53" timestamp="2019-06-14T19:08:23.955" intervalms="66.682">
  <response-info timems="0.080" idlems="0.080" threads="0" lastid="00000000014C1D00" lastname="Thread-7" />
</exclusive-start>
<allocation-taxation id="54" taxation-threshold="3145728" timestamp="2019-06-14T19:08:23.955" intervalms="66.648" />
<gc-start id="55" type="global mark phase" contextid="32" timestamp="2019-06-14T19:08:23.955">
  <mem-info id="56" free="3145728" total="11534336" percent="27">
    <remembered-set count="2272" freebytes="451328" totalbytes="460416" percent="98" regionsoverflowed="0" regionsstable="0" regionsrebuilding="0"/>
  </mem-info>
</gc-start>
<gc-op id="57" type="mark increment" timems="1.436" contextid="32" timestamp="2019-06-14T19:08:23.957">
  <trace-info objectcount="5675" scancount="5596" scanbytes="274836" />
  <cardclean-info objects="732" bytes="32012" />
  <finalization candidates="124" enqueued="0" />
  <ownableSynchronizers candidates="3" cleared="0" />
  <references type="soft" candidates="148" cleared="0" enqueued="0" dynamicThreshold="17" maxThreshold="32" />
  <references type="weak" candidates="769" cleared="0" enqueued="0" />
  <references type="phantom" candidates="65" cleared="2" enqueued="2" />
  <stringconstants candidates="4596" cleared="0"  />
</gc-op>
<gc-op id="58" type="classunload" timems="0.003" contextid="32" timestamp="2019-06-14T19:08:23.957">
  <classunload-info classloadercandidates="8" classloadersunloaded="0" classesunloaded="0" anonymousclassesunloaded="0" quiescems="0.000" setupms="0.003" scanms="0.000" postms="0.000" />
</gc-op>
<gc-end id="59" type="global mark phase" contextid="32" durationms="1.751" usertimems="4.000" systemtimems="0.000" timestamp="2019-06-14T19:08:23.957" activeThreads="4">
  <mem-info id="60" free="3145728" total="11534336" percent="27">
    <pending-finalizers system="0" default="0" reference="2" classloader="0" />
    <remembered-set count="2272" freebytes="451328" totalbytes="460416" percent="98" regionsoverflowed="0" regionsstable="0" regionsrebuilding="0"/>
  </mem-info>
</gc-end>
<cycle-end id="61" type="global mark phase" contextid="32" timestamp="2019-06-14T19:08:23.957" />
  <attribute name="elasticGC enabled" value="1" />
  <attribute name= "numThreadsSpecified" value="4" />
  <attribute name="heapSize specified" value="0" />
  <attribute name="Current GC Util" value="0" />
  <attribute name= "Current Time Running" value="661" />
  <attribute name ="GC Interval" value="0" />
  <attribute name="ProportionalT" value="-10.000000" />
  <attribute name="ProportionalI" value="-10.000000" />
  <attribute name="ProportionalH" value="-10.000000" />
  <attribute name="Current Error" value="-20.000000" />
  <attribute name="IntegralT" value="-20.000000" />
  <attribute name="IntegralI" value="-20.000000" />
  <attribute name="IntegralH" value="-20.000000" />
  <attribute name="DerivativeT" value="-31.000000" />
  <attribute name="DerivativeI" value="-31.000000" />
  <attribute name="DerivativeH" value="-31.000000" />
  <attribute name="Loop Time for DT" value="1.000000" />
  <attribute name="Output H" value="2091843584"/>
  <attribute name="Output I" value="200"/>
  <attribute name="Output T" value="4"/>
  <attribute name="Target GC Util Change" value ="20.000000" />
  <attribute name="Current GC Util Change" value="0.000000"/>
  <attribute name="GC Util currently" value="0" />
  <attribute name="CPU Util currently" value="18079725640432" />
<exclusive-end id="62" timestamp="2019-06-14T19:08:23.957" durationms="2.438" />

<exclusive-start id="63" timestamp="2019-06-14T19:08:23.987" intervalms="32.395">
  <response-info timems="0.064" idlems="0.064" threads="0" lastid="00000000014C1D00" lastname="Thread-7" />
</exclusive-start>
<allocation-taxation id="64" taxation-threshold="3145728" timestamp="2019-06-14T19:08:23.987" intervalms="32.386" />
<cycle-start id="65" type="partial gc" contextid="0" timestamp="2019-06-14T19:08:23.987" intervalms="98.963" />
<gc-start id="66" type="partial gc" contextid="65" timestamp="2019-06-14T19:08:23.988">
  <mem-info id="67" free="0" total="11534336" percent="0">
    <mem type="eden" free="0" total="6291456" percent="0" />
    <remembered-set count="2272" freebytes="451328" totalbytes="460416" percent="98" regionsoverflowed="0" regionsstable="0" regionsrebuilding="0"/>
  </mem-info>
</gc-start>
<allocation-stats totalBytes="6244088" >
  <allocated-bytes non-tlh="409816" tlh="5834272" arrayletleaf="0"/>
  <largest-consumer threadName="Thread-7" threadId="00000000014C1D00" bytes="3145416" />
</allocation-stats>
<gc-op id="68" type="sweep" timems="0.444" contextid="65" timestamp="2019-06-14T19:08:23.988" />
<gc-op id="69" type="copy forward" timems="1.355" contextid="65" timestamp="2019-06-14T19:08:23.990">
  <memory-copied type="eden" objects="306" bytes="7736" bytesdiscarded="473" />
  <memory-copied type="other" objects="5599" bytes="431992" bytesdiscarded="34503" />
  <memory-cardclean objects="289" bytes="13976" />
  <regions eden="3" other="2" />
  <remembered-set-cleared processed="1064" cleared="31" durationms="0.057" />
  <stringconstants candidates="4596" cleared="0"  />
</gc-op>
<gc-op id="70" type="classunload" timems="0.002" contextid="65" timestamp="2019-06-14T19:08:23.990">
  <classunload-info classloadercandidates="8" classloadersunloaded="0" classesunloaded="0" anonymousclassesunloaded="0" quiescems="0.000" setupms="0.001" scanms="0.000" postms="0.000" />
</gc-op>
<gc-end id="71" type="partial gc" contextid="65" durationms="2.733" usertimems="4.000" systemtimems="0.000" timestamp="2019-06-14T19:08:23.990" activeThreads="4">
  <mem-info id="72" free="6291456" total="11534336" percent="54">
    <mem type="eden" free="573832" total="1048576" percent="54" />
    <remembered-set count="3264" freebytes="447360" totalbytes="460416" percent="97" regionsoverflowed="0" regionsstable="0" regionsrebuilding="0"/>
  </mem-info>
</gc-end>
<cycle-end id="73" type="partial gc" contextid="65" timestamp="2019-06-14T19:08:23.990" />
  <attribute name="elasticGC enabled" value="1" />
  <attribute name= "numThreadsSpecified" value="4" />
  <attribute name="heapSize specified" value="0" />
  <attribute name="Current GC Util" value="0" />
  <attribute name= "Current Time Running" value="693" />
  <attribute name ="GC Interval" value="0" />
  <attribute name="ProportionalT" value="-10.000000" />
  <attribute name="ProportionalI" value="-10.000000" />
  <attribute name="ProportionalH" value="-10.000000" />
  <attribute name="Current Error" value="-20.000000" />
  <attribute name="IntegralT" value="0.000000" />
  <attribute name="IntegralI" value="0.000000" />
  <attribute name="IntegralH" value="0.000000" />
  <attribute name="DerivativeT" value="-inf" />
  <attribute name="DerivativeI" value="-inf" />
  <attribute name="DerivativeH" value="-inf" />
  <attribute name="Loop Time for DT" value="0.000000" />
  <attribute name="Output H" value="2091843584"/>
  <attribute name="Output I" value="200"/>
  <attribute name="Output T" value="4"/>
  <attribute name="Target GC Util Change" value ="20.000000" />
  <attribute name="Current GC Util Change" value="0.000000"/>
  <attribute name="GC Util currently" value="0" />
  <attribute name="CPU Util currently" value="42009200547334" />
<exclusive-end id="74" timestamp="2019-06-14T19:08:23.990" durationms="3.398" />

<exclusive-start id="75" timestamp="2019-06-14T19:08:24.032" intervalms="44.611">
  <response-info timems="0.070" idlems="0.070" threads="0" lastid="00000000014C1D00" lastname="Thread-7" />
</exclusive-start>
<allocation-taxation id="76" taxation-threshold="6291456" timestamp="2019-06-14T19:08:24.032" intervalms="44.656" />
<cycle-start id="77" type="partial gc" contextid="0" timestamp="2019-06-14T19:08:24.032" intervalms="44.658" />
<gc-start id="78" type="partial gc" contextid="77" timestamp="2019-06-14T19:08:24.032">
  <mem-info id="79" free="0" total="11534336" percent="0">
    <mem type="eden" free="0" total="6291456" percent="0" />
    <remembered-set count="2784" freebytes="449280" totalbytes="460416" percent="97" regionsoverflowed="0" regionsstable="0" regionsrebuilding="0"/>
  </mem-info>
</gc-start>
<allocation-stats totalBytes="6290712" >
  <allocated-bytes non-tlh="0" tlh="6290712" arrayletleaf="0"/>
  <largest-consumer threadName="Thread-7" threadId="00000000014C1D00" bytes="6290712" />
</allocation-stats>
<gc-op id="80" type="mark" timems="1.169" contextid="77" timestamp="2019-06-14T19:08:24.034">
  <trace-info objectcount="6196" scancount="6117" scanbytes="287084" />
  <cardclean-info objects="34" bytes="2412" />
  <remembered-set-cleared processed="1141" cleared="98" durationms="0.056" />
  <stringconstants candidates="4596" cleared="0"  />
  <warning details="Mark invoked due to insufficient free space for Copy-Forward" />
</gc-op>
<gc-op id="81" type="classunload" timems="0.002" contextid="77" timestamp="2019-06-14T19:08:24.034">
  <classunload-info classloadercandidates="8" classloadersunloaded="0" classesunloaded="0" anonymousclassesunloaded="0" quiescems="0.000" setupms="0.002" scanms="0.000" postms="0.000" />
</gc-op>
<gc-op id="82" type="sweep" timems="0.372" contextid="77" timestamp="2019-06-14T19:08:24.034" />
<gc-op id="83" type="compact" timems="1.483" contextid="77" timestamp="2019-06-14T19:08:24.036">
  <compact-info movecount="6194" movebytes="446336" />
  <remembered-set-cleared processed="2334" cleared="248" durationms="0.056" />
</gc-op>
<gc-end id="84" type="partial gc" contextid="77" durationms="4.221" usertimems="4.000" systemtimems="0.000" timestamp="2019-06-14T19:08:24.036" activeThreads="4">
  <mem-info id="85" free="5242880" total="11534336" percent="45">
    <mem type="eden" free="1039560" total="1048576" percent="99" />
    <remembered-set count="3264" freebytes="447360" totalbytes="460416" percent="97" regionsoverflowed="0" regionsstable="0" regionsrebuilding="0"/>
  </mem-info>
</gc-end>
<cycle-end id="86" type="partial gc" contextid="77" timestamp="2019-06-14T19:08:24.037" />
  <attribute name="elasticGC enabled" value="1" />
  <attribute name= "numThreadsSpecified" value="4" />
  <attribute name="heapSize specified" value="0" />
  <attribute name="Current GC Util" value="27" />
  <attribute name= "Current Time Running" value="740" />
  <attribute name ="GC Interval" value="0" />
  <attribute name="ProportionalT" value="3.500000" />
  <attribute name="ProportionalI" value="3.500000" />
  <attribute name="ProportionalH" value="3.500000" />
  <attribute name="Current Error" value="7.000000" />
  <attribute name="IntegralT" value="7.000000" />
  <attribute name="IntegralI" value="7.000000" />
  <attribute name="IntegralH" value="7.000000" />
  <attribute name="DerivativeT" value="-35.500000" />
  <attribute name="DerivativeI" value="-35.500000" />
  <attribute name="DerivativeH" value="-35.500000" />
  <attribute name="Loop Time for DT" value="1.000000" />
  <attribute name="Output H" value="2091843584"/>
  <attribute name="Output I" value="200"/>
  <attribute name="Output T" value="4"/>
  <attribute name="Target GC Util Change" value ="20.000000" />
  <attribute name="Current GC Util Change" value="27.000000"/>
  <attribute name="GC Util currently" value="27" />
  <attribute name="CPU Util currently" value="8073863756635" />
<exclusive-end id="87" timestamp="2019-06-14T19:08:24.037" durationms="5.002" />

<exclusive-start id="88" timestamp="2019-06-14T19:08:24.043" intervalms="11.735">
  <response-info timems="0.073" idlems="0.073" threads="0" lastid="00000000014C1D00" lastname="Thread-7" />
</exclusive-start>
<allocation-taxation id="89" taxation-threshold="2097152" timestamp="2019-06-14T19:08:24.044" intervalms="11.678" />
<cycle-start id="90" type="global mark phase" contextid="0" timestamp="2019-06-14T19:08:24.044" intervalms="164.088" />
<gc-start id="91" type="global mark phase" contextid="90" timestamp="2019-06-14T19:08:24.044">
  <mem-info id="92" free="3145728" total="11534336" percent="27">
    <remembered-set count="2816" freebytes="449152" totalbytes="460416" percent="97" regionsoverflowed="0" regionsstable="0" regionsrebuilding="0"/>
  </mem-info>
</gc-start>
<gc-op id="93" type="mark increment" timems="0.436" contextid="90" timestamp="2019-06-14T19:08:24.044">
  <trace-info objectcount="125" scancount="0" scanbytes="0" />
</gc-op>
<gc-end id="94" type="global mark phase" contextid="90" durationms="0.705" usertimems="0.000" systemtimems="0.000" timestamp="2019-06-14T19:08:24.045" activeThreads="1">
  <mem-info id="95" free="3145728" total="11534336" percent="27">
    <remembered-set count="2816" freebytes="449152" totalbytes="460416" percent="97" regionsoverflowed="0" regionsstable="0" regionsrebuilding="0"/>
  </mem-info>
</gc-end>
<concurrent-start id="96" type="GMP work packet processing" contextid="90" timestamp="2019-06-14T19:08:24.045">
  <concurrent-mark-start scanTarget="18446744073709551615" />
</concurrent-start>
<exclusive-end id="97" timestamp="2019-06-14T19:08:24.045" durationms="1.368" />

<concurrent-end id="98" type="GMP work packet processing" contextid="90" timestamp="2019-06-14T19:08:24.046">
  <concurrent-mark-end bytesScanned="1459704" reasonForTermination="Completed all work in GC phase" />
</concurrent-end>

<exclusive-start id="99" timestamp="2019-06-14T19:08:24.053" intervalms="9.994">
  <response-info timems="0.076" idlems="0.076" threads="0" lastid="00000000014C1D00" lastname="Thread-7" />
</exclusive-start>
<allocation-taxation id="100" taxation-threshold="2097152" timestamp="2019-06-14T19:08:24.054" intervalms="9.998" />
<cycle-start id="101" type="partial gc" contextid="0" timestamp="2019-06-14T19:08:24.054" intervalms="21.713" />
<gc-start id="102" type="partial gc" contextid="101" timestamp="2019-06-14T19:08:24.054">
  <mem-info id="103" free="1048576" total="11534336" percent="9">
    <mem type="eden" free="0" total="4194304" percent="0" />
    <remembered-set count="2816" freebytes="449152" totalbytes="460416" percent="97" regionsoverflowed="0" regionsstable="0" regionsrebuilding="0"/>
  </mem-info>
</gc-start>
<allocation-stats totalBytes="4193664" >
  <allocated-bytes non-tlh="0" tlh="4193664" arrayletleaf="0"/>
  <largest-consumer threadName="Thread-7" threadId="00000000014C1D00" bytes="2096896" />
</allocation-stats>
<gc-op id="104" type="copy forward" timems="1.479" contextid="101" timestamp="2019-06-14T19:08:24.056">
  <memory-copied type="eden" objects="239" bytes="6128" bytesdiscarded="0" />
  <memory-copied type="other" objects="349" bytes="8376" bytesdiscarded="0" />
  <memory-cardclean objects="874" bytes="42480" />
  <regions eden="4" other="1" />
  <remembered-set-cleared processed="1206" cleared="85" durationms="0.084" />
  <stringconstants candidates="4596" cleared="0"  />
  <heap-resize type="expand" space="default" amount="1048576" count="1" timems="0.068" reason="continue current collection" />
</gc-op>
<gc-op id="105" type="classunload" timems="0.002" contextid="101" timestamp="2019-06-14T19:08:24.056">
  <classunload-info classloadercandidates="8" classloadersunloaded="0" classesunloaded="0" anonymousclassesunloaded="0" quiescems="0.000" setupms="0.002" scanms="0.000" postms="0.000" />
</gc-op>
<gc-op id="106" type="compact" timems="0.805" contextid="101" timestamp="2019-06-14T19:08:24.057">
  <compact-info movecount="0" movebytes="0" />
  <remembered-set-cleared processed="2585" cleared="85" durationms="0.084" />
</gc-op>
<heap-resize id="107" type="expand" space="default" amount="3145728" count="1" timems="0.076" reason="excessive time being spent in gc" timestamp="2019-06-14T19:08:24.057" />
<gc-end id="108" type="partial gc" contextid="101" durationms="3.578" usertimems="4.000" systemtimems="0.000" timestamp="2019-06-14T19:08:24.057" activeThreads="4">
  <mem-info id="109" free="8388608" total="15728640" percent="53">
    <mem type="eden" free="1042448" total="1048576" percent="99" />
    <remembered-set count="1824" freebytes="620544" totalbytes="627840" percent="98" regionsoverflowed="0" regionsstable="0" regionsrebuilding="0"/>
  </mem-info>
</gc-end>
<cycle-end id="110" type="partial gc" contextid="101" timestamp="2019-06-14T19:08:24.058" />
  <attribute name="elasticGC enabled" value="1" />
  <attribute name= "numThreadsSpecified" value="4" />
  <attribute name="heapSize specified" value="0" />
  <attribute name="Current GC Util" value="86" />
  <attribute name= "Current Time Running" value="761" />
  <attribute name ="GC Interval" value="0" />
  <attribute name="ProportionalT" value="33.000000" />
  <attribute name="ProportionalI" value="33.000000" />
  <attribute name="ProportionalH" value="33.000000" />
  <attribute name="Current Error" value="66.000000" />
  <attribute name="IntegralT" value="132.000000" />
  <attribute name="IntegralI" value="132.000000" />
  <attribute name="IntegralH" value="132.000000" />
  <attribute name="DerivativeT" value="16.500000" />
  <attribute name="DerivativeI" value="16.500000" />
  <attribute name="DerivativeH" value="16.500000" />
  <attribute name="Loop Time for DT" value="2.000000" />
  <attribute name="Output H" value="8388608"/>
  <attribute name="Output I" value="200"/>
  <attribute name="Output T" value="4"/>
  <attribute name="Target GC Util Change" value ="20.000000" />
  <attribute name="Current GC Util Change" value="86.000000"/>
  <attribute name="GC Util currently" value="86" />
  <attribute name="CPU Util currently" value="2581025494466" />
<exclusive-end id="111" timestamp="2019-06-14T19:08:24.058" durationms="4.487" />

<exclusive-start id="112" timestamp="2019-06-14T19:08:24.071" intervalms="17.628">
  <response-info timems="0.075" idlems="0.075" threads="0" lastid="00000000014C1D00" lastname="Thread-7" />
</exclusive-start>
<allocation-taxation id="113" taxation-threshold="4194304" timestamp="2019-06-14T19:08:24.071" intervalms="17.693" />
<gc-start id="114" type="global mark phase" contextid="90" timestamp="2019-06-14T19:08:24.071">
  <mem-info id="115" free="4194304" total="15728640" percent="26">
    <remembered-set count="1824" freebytes="620544" totalbytes="627840" percent="98" regionsoverflowed="0" regionsstable="0" regionsrebuilding="0"/>
  </mem-info>
</gc-start>
<gc-op id="116" type="mark increment" timems="0.785" contextid="90" timestamp="2019-06-14T19:08:24.072">
  <trace-info objectcount="351" scancount="351" scanbytes="8816" />
  <cardclean-info objects="1369" bytes="66240" />
  <finalization candidates="124" enqueued="0" />
  <ownableSynchronizers candidates="3" cleared="0" />
  <references type="soft" candidates="148" cleared="0" enqueued="0" dynamicThreshold="17" maxThreshold="32" />
  <references type="weak" candidates="769" cleared="0" enqueued="0" />
  <references type="phantom" candidates="63" cleared="0" enqueued="0" />
  <stringconstants candidates="4596" cleared="0"  />
</gc-op>
<gc-op id="117" type="classunload" timems="0.002" contextid="90" timestamp="2019-06-14T19:08:24.073">
  <classunload-info classloadercandidates="8" classloadersunloaded="0" classesunloaded="0" anonymousclassesunloaded="0" quiescems="0.000" setupms="0.002" scanms="0.000" postms="0.000" />
</gc-op>
<gc-end id="118" type="global mark phase" contextid="90" durationms="1.291" usertimems="0.000" systemtimems="0.000" timestamp="2019-06-14T19:08:24.073" activeThreads="1">
  <mem-info id="119" free="4194304" total="15728640" percent="26">
    <remembered-set count="1824" freebytes="620544" totalbytes="627840" percent="98" regionsoverflowed="0" regionsstable="0" regionsrebuilding="0"/>
  </mem-info>
</gc-end>
<cycle-end id="120" type="global mark phase" contextid="90" timestamp="2019-06-14T19:08:24.073" />
  <attribute name="elasticGC enabled" value="1" />
  <attribute name= "numThreadsSpecified" value="1" />
  <attribute name="heapSize specified" value="0" />
  <attribute name="Current GC Util" value="28" />
  <attribute name= "Current Time Running" value="777" />
  <attribute name ="GC Interval" value="0" />
  <attribute name="ProportionalT" value="4.000000" />
  <attribute name="ProportionalI" value="4.000000" />
  <attribute name="ProportionalH" value="4.000000" />
  <attribute name="Current Error" value="8.000000" />
  <attribute name="IntegralT" value="0.000000" />
  <attribute name="IntegralI" value="0.000000" />
  <attribute name="IntegralH" value="0.000000" />
  <attribute name="DerivativeT" value="inf" />
  <attribute name="DerivativeI" value="inf" />
  <attribute name="DerivativeH" value="inf" />
  <attribute name="Loop Time for DT" value="0.000000" />
  <attribute name="Output H" value="8388608"/>
  <attribute name="Output I" value="200"/>
  <attribute name="Output T" value="1"/>
  <attribute name="Target GC Util Change" value ="20.000000" />
  <attribute name="Current GC Util Change" value="28.000000"/>
  <attribute name="GC Util currently" value="28" />
  <attribute name="CPU Util currently" value="21541881620373" />
<exclusive-end id="121" timestamp="2019-06-14T19:08:24.073" durationms="2.050" />

<exclusive-start id="122" timestamp="2019-06-14T19:08:24.087" intervalms="16.448">
  <response-info timems="0.068" idlems="0.068" threads="0" lastid="00000000014C1D00" lastname="Thread-7" />
</exclusive-start>
<allocation-taxation id="123" taxation-threshold="4194304" timestamp="2019-06-14T19:08:24.088" intervalms="16.418" />
<cycle-start id="124" type="partial gc" contextid="0" timestamp="2019-06-14T19:08:24.088" intervalms="34.201" />
<gc-start id="125" type="partial gc" contextid="124" timestamp="2019-06-14T19:08:24.088">
  <mem-info id="126" free="0" total="15728640" percent="0">
    <mem type="eden" free="0" total="8388608" percent="0" />
    <remembered-set count="1824" freebytes="620544" totalbytes="627840" percent="98" regionsoverflowed="0" regionsstable="0" regionsrebuilding="0"/>
  </mem-info>
</gc-start>
<allocation-stats totalBytes="8387600" >
  <allocated-bytes non-tlh="0" tlh="8387600" arrayletleaf="0"/>
  <largest-consumer threadName="Thread-7" threadId="00000000014C1D00" bytes="4193872" />
</allocation-stats>
<gc-op id="127" type="sweep" timems="0.557" contextid="124" timestamp="2019-06-14T19:08:24.089" />
<gc-op id="128" type="mark" timems="0.615" contextid="124" timestamp="2019-06-14T19:08:24.090">
  <trace-info objectcount="581" scancount="581" scanbytes="14064" />
  <cardclean-info objects="1224" bytes="59280" />
  <remembered-set-cleared processed="1337" cleared="142" durationms="0.071" />
  <stringconstants candidates="4596" cleared="0"  />
  <warning details="Mark invoked due to insufficient free space for Copy-Forward" />
</gc-op>
<gc-op id="129" type="classunload" timems="0.002" contextid="124" timestamp="2019-06-14T19:08:24.090">
  <classunload-info classloadercandidates="8" classloadersunloaded="0" classesunloaded="0" anonymousclassesunloaded="0" quiescems="0.000" setupms="0.002" scanms="0.000" postms="0.000" />
</gc-op>
<gc-op id="130" type="sweep" timems="0.476" contextid="124" timestamp="2019-06-14T19:08:24.091" />
<gc-op id="131" type="compact" timems="0.978" contextid="124" timestamp="2019-06-14T19:08:24.092">
  <compact-info movecount="581" movebytes="14064" />
  <remembered-set-cleared processed="2712" cleared="318" durationms="0.071" />
</gc-op>
<heap-resize id="132" type="expand" space="default" amount="3145728" count="1" timems="0.073" reason="excessive time being spent in gc" timestamp="2019-06-14T19:08:24.093" />
<gc-end id="133" type="partial gc" contextid="124" durationms="4.768" usertimems="0.000" systemtimems="4.000" timestamp="2019-06-14T19:08:24.093" activeThreads="4">
  <mem-info id="134" free="10485760" total="18874368" percent="55">
    <mem type="eden" free="1038424" total="1048576" percent="99" />
    <remembered-set count="2656" freebytes="742784" totalbytes="753408" percent="98" regionsoverflowed="0" regionsstable="0" regionsrebuilding="0"/>
  </mem-info>
</gc-end>
<cycle-end id="135" type="partial gc" contextid="124" timestamp="2019-06-14T19:08:24.093" />
  <attribute name="elasticGC enabled" value="1" />
  <attribute name= "numThreadsSpecified" value="4" />
  <attribute name="heapSize specified" value="0" />
  <attribute name="Current GC Util" value="30" />
  <attribute name= "Current Time Running" value="796" />
  <attribute name ="GC Interval" value="0" />
  <attribute name="ProportionalT" value="5.000000" />
  <attribute name="ProportionalI" value="5.000000" />
  <attribute name="ProportionalH" value="5.000000" />
  <attribute name="Current Error" value="10.000000" />
  <attribute name="IntegralT" value="10.000000" />
  <attribute name="IntegralI" value="10.000000" />
  <attribute name="IntegralH" value="10.000000" />
  <attribute name="DerivativeT" value="5.000000" />
  <attribute name="DerivativeI" value="5.000000" />
  <attribute name="DerivativeH" value="5.000000" />
  <attribute name="Loop Time for DT" value="1.000000" />
  <attribute name="Output H" value="8388608"/>
  <attribute name="Output I" value="200"/>
  <attribute name="Output T" value="4"/>
  <attribute name="Target GC Util Change" value ="20.000000" />
  <attribute name="Current GC Util Change" value="30.000000"/>
  <attribute name="GC Util currently" value="30" />
  <attribute name="CPU Util currently" value="6075298275366" />
<exclusive-end id="136" timestamp="2019-06-14T19:08:24.093" durationms="5.694" />

<exclusive-start id="137" timestamp="2019-06-14T19:08:24.110" intervalms="22.518">
  <response-info timems="0.071" idlems="0.071" threads="0" lastid="00000000014C1D00" lastname="Thread-7" />
</exclusive-start>
<allocation-taxation id="138" taxation-threshold="5242880" timestamp="2019-06-14T19:08:24.110" intervalms="22.544" />
<cycle-start id="139" type="global mark phase" contextid="0" timestamp="2019-06-14T19:08:24.110" intervalms="66.744" />
<gc-start id="140" type="global mark phase" contextid="139" timestamp="2019-06-14T19:08:24.111">
  <mem-info id="141" free="5242880" total="18874368" percent="27">
    <remembered-set count="2656" freebytes="742784" totalbytes="753408" percent="98" regionsoverflowed="0" regionsstable="0" regionsrebuilding="0"/>
  </mem-info>
</gc-start>
<gc-op id="142" type="mark increment" timems="0.378" contextid="139" timestamp="2019-06-14T19:08:24.111">
  <trace-info objectcount="137" scancount="0" scanbytes="0" />
</gc-op>
<gc-end id="143" type="global mark phase" contextid="139" durationms="0.655" usertimems="0.000" systemtimems="0.000" timestamp="2019-06-14T19:08:24.111" activeThreads="1">
  <mem-info id="144" free="5242880" total="18874368" percent="27">
    <remembered-set count="2656" freebytes="742784" totalbytes="753408" percent="98" regionsoverflowed="0" regionsstable="0" regionsrebuilding="0"/>
  </mem-info>
</gc-end>
<concurrent-start id="145" type="GMP work packet processing" contextid="139" timestamp="2019-06-14T19:08:24.111">
  <concurrent-mark-start scanTarget="18446744073709551615" />
</concurrent-start>
<exclusive-end id="146" timestamp="2019-06-14T19:08:24.112" durationms="1.497" />

<concurrent-end id="147" type="GMP work packet processing" contextid="139" timestamp="2019-06-14T19:08:24.114">
  <concurrent-mark-end bytesScanned="1479424" reasonForTermination="Completed all work in GC phase" />
</concurrent-end>

<exclusive-start id="148" timestamp="2019-06-14T19:08:24.131" intervalms="21.303">
  <response-info timems="0.073" idlems="0.073" threads="0" lastid="00000000014C1D00" lastname="Thread-7" />
</exclusive-start>
<allocation-taxation id="149" taxation-threshold="5242880" timestamp="2019-06-14T19:08:24.131" intervalms="21.245" />
<cycle-start id="150" type="partial gc" contextid="0" timestamp="2019-06-14T19:08:24.132" intervalms="43.704" />
<gc-start id="151" type="partial gc" contextid="150" timestamp="2019-06-14T19:08:24.132">
  <mem-info id="152" free="0" total="18874368" percent="0">
    <mem type="eden" free="0" total="10485760" percent="0" />
    <remembered-set count="2656" freebytes="742784" totalbytes="753408" percent="98" regionsoverflowed="0" regionsstable="0" regionsrebuilding="0"/>
  </mem-info>
</gc-start>
<allocation-stats totalBytes="10484456" >
  <allocated-bytes non-tlh="0" tlh="10484456" arrayletleaf="0"/>
  <largest-consumer threadName="Thread-7" threadId="00000000014C1D00" bytes="5242200" />
</allocation-stats>
<gc-op id="153" type="mark" timems="0.685" contextid="150" timestamp="2019-06-14T19:08:24.133">
  <trace-info objectcount="1058" scancount="1058" scanbytes="25768" />
  <cardclean-info objects="1633" bytes="78888" />
  <remembered-set-cleared processed="1437" cleared="184" durationms="0.071" />
  <stringconstants candidates="4596" cleared="0"  />
  <warning details="Mark invoked due to insufficient free space for Copy-Forward" />
</gc-op>
<gc-op id="154" type="classunload" timems="0.002" contextid="150" timestamp="2019-06-14T19:08:24.133">
  <classunload-info classloadercandidates="8" classloadersunloaded="0" classesunloaded="0" anonymousclassesunloaded="0" quiescems="0.000" setupms="0.002" scanms="0.000" postms="0.000" />
</gc-op>
<gc-op id="155" type="sweep" timems="0.439" contextid="150" timestamp="2019-06-14T19:08:24.134" />
<gc-op id="156" type="compact" timems="1.197" contextid="150" timestamp="2019-06-14T19:08:24.135">
  <compact-info movecount="763" movebytes="18688" />
  <remembered-set-cleared processed="2824" cleared="605" durationms="0.071" />
</gc-op>
<heap-resize id="157" type="expand" space="default" amount="4194304" count="1" timems="0.070" reason="excessive time being spent in gc" timestamp="2019-06-14T19:08:24.135" />
<gc-end id="158" type="partial gc" contextid="150" durationms="3.785" usertimems="0.000" systemtimems="4.000" timestamp="2019-06-14T19:08:24.136" activeThreads="4">
  <mem-info id="159" free="13631488" total="23068672" percent="59">
    <mem type="eden" free="1032576" total="1048576" percent="98" />
    <remembered-set count="3424" freebytes="907136" totalbytes="920832" percent="98" regionsoverflowed="0" regionsstable="0" regionsrebuilding="0"/>
  </mem-info>
</gc-end>
<cycle-end id="160" type="partial gc" contextid="150" timestamp="2019-06-14T19:08:24.136" />
  <attribute name="elasticGC enabled" value="1" />
  <attribute name= "numThreadsSpecified" value="4" />
  <attribute name="heapSize specified" value="0" />
  <attribute name="Current GC Util" value="34" />
  <attribute name= "Current Time Running" value="839" />
  <attribute name ="GC Interval" value="0" />
  <attribute name="ProportionalT" value="7.000000" />
  <attribute name="ProportionalI" value="7.000000" />
  <attribute name="ProportionalH" value="7.000000" />
  <attribute name="Current Error" value="14.000000" />
  <attribute name="IntegralT" value="14.000000" />
  <attribute name="IntegralI" value="14.000000" />
  <attribute name="IntegralH" value="14.000000" />
  <attribute name="DerivativeT" value="7.000000" />
  <attribute name="DerivativeI" value="7.000000" />
  <attribute name="DerivativeH" value="7.000000" />
  <attribute name="Loop Time for DT" value="1.000000" />
  <attribute name="Output H" value="8388608"/>
  <attribute name="Output I" value="200"/>
  <attribute name="Output T" value="4"/>
  <attribute name="Target GC Util Change" value ="20.000000" />
  <attribute name="Current GC Util Change" value="34.000000"/>
  <attribute name="GC Util currently" value="34" />
  <attribute name="CPU Util currently" value="7086909711235" />
<exclusive-end id="161" timestamp="2019-06-14T19:08:24.136" durationms="4.607" />

<exclusive-start id="162" timestamp="2019-06-14T19:08:24.161" intervalms="29.984">
  <response-info timems="0.067" idlems="0.067" threads="0" lastid="00000000014C1D00" lastname="Thread-7" />
</exclusive-start>
<allocation-taxation id="163" taxation-threshold="6291456" timestamp="2019-06-14T19:08:24.161" intervalms="30.038" />
<gc-start id="164" type="global mark phase" contextid="139" timestamp="2019-06-14T19:08:24.162">
  <mem-info id="165" free="7340032" total="23068672" percent="31">
    <remembered-set count="2944" freebytes="909056" totalbytes="920832" percent="98" regionsoverflowed="0" regionsstable="0" regionsrebuilding="0"/>
  </mem-info>
</gc-start>
<gc-op id="166" type="mark increment" timems="1.227" contextid="139" timestamp="2019-06-14T19:08:24.163">
  <trace-info objectcount="4664" scancount="3699" scanbytes="99004" />
  <cardclean-info objects="3376" bytes="125916" />
  <finalization candidates="124" enqueued="0" />
  <ownableSynchronizers candidates="3" cleared="0" />
  <references type="soft" candidates="148" cleared="0" enqueued="0" dynamicThreshold="18" maxThreshold="32" />
  <references type="weak" candidates="769" cleared="0" enqueued="0" />
  <references type="phantom" candidates="63" cleared="0" enqueued="0" />
  <stringconstants candidates="4596" cleared="0"  />
</gc-op>
<gc-op id="167" type="classunload" timems="0.002" contextid="139" timestamp="2019-06-14T19:08:24.163">
  <classunload-info classloadercandidates="8" classloadersunloaded="0" classesunloaded="0" anonymousclassesunloaded="0" quiescems="0.000" setupms="0.002" scanms="0.000" postms="0.000" />
</gc-op>
<gc-end id="168" type="global mark phase" contextid="139" durationms="1.562" usertimems="0.000" systemtimems="0.000" timestamp="2019-06-14T19:08:24.163" activeThreads="4">
  <mem-info id="169" free="7340032" total="23068672" percent="31">
    <remembered-set count="2944" freebytes="909056" totalbytes="920832" percent="98" regionsoverflowed="0" regionsstable="0" regionsrebuilding="0"/>
  </mem-info>
</gc-end>
<cycle-end id="170" type="global mark phase" contextid="139" timestamp="2019-06-14T19:08:24.163" />
  <attribute name="elasticGC enabled" value="1" />
  <attribute name= "numThreadsSpecified" value="4" />
  <attribute name="heapSize specified" value="0" />
  <attribute name="Current GC Util" value="0" />
  <attribute name= "Current Time Running" value="867" />
  <attribute name ="GC Interval" value="0" />
  <attribute name="ProportionalT" value="-10.000000" />
  <attribute name="ProportionalI" value="-10.000000" />
  <attribute name="ProportionalH" value="-10.000000" />
  <attribute name="Current Error" value="-20.000000" />
  <attribute name="IntegralT" value="0.000000" />
  <attribute name="IntegralI" value="0.000000" />
  <attribute name="IntegralH" value="0.000000" />
  <attribute name="DerivativeT" value="-inf" />
  <attribute name="DerivativeI" value="-inf" />
  <attribute name="DerivativeH" value="-inf" />
  <attribute name="Loop Time for DT" value="0.000000" />
  <attribute name="Output H" value="2091843584"/>
  <attribute name="Output I" value="200"/>
  <attribute name="Output T" value="4"/>
  <attribute name="Target GC Util Change" value ="20.000000" />
  <attribute name="Current GC Util Change" value="0.000000"/>
  <attribute name="GC Util currently" value="0" />
  <attribute name="CPU Util currently" value="24920219698759" />
<exclusive-end id="171" timestamp="2019-06-14T19:08:24.163" durationms="2.061" />

<exclusive-start id="172" timestamp="2019-06-14T19:08:24.189" intervalms="27.525">
  <response-info timems="0.068" idlems="0.068" threads="0" lastid="00000000014C1D00" lastname="Thread-7" />
</exclusive-start>
<allocation-taxation id="173" taxation-threshold="6291456" timestamp="2019-06-14T19:08:24.189" intervalms="27.525" />
<cycle-start id="174" type="partial gc" contextid="0" timestamp="2019-06-14T19:08:24.189" intervalms="57.537" />
<gc-start id="175" type="partial gc" contextid="174" timestamp="2019-06-14T19:08:24.189">
  <mem-info id="176" free="1048576" total="23068672" percent="4">
    <mem type="eden" free="0" total="12582912" percent="0" />
    <remembered-set count="2944" freebytes="909056" totalbytes="920832" percent="98" regionsoverflowed="0" regionsstable="0" regionsrebuilding="0"/>
  </mem-info>
</gc-start>
<allocation-stats totalBytes="12581240" >
  <allocated-bytes non-tlh="0" tlh="12581240" arrayletleaf="0"/>
  <largest-consumer threadName="Thread-7" threadId="00000000014C1D00" bytes="6290592" />
</allocation-stats>
<gc-op id="177" type="sweep" timems="0.534" contextid="174" timestamp="2019-06-14T19:08:24.190" />
<gc-op id="178" type="copy forward" timems="1.529" contextid="174" timestamp="2019-06-14T19:08:24.192">
  <memory-copied type="eden" objects="372" bytes="9176" bytesdiscarded="0" />
  <memory-copied type="other" objects="938" bytes="22512" bytesdiscarded="0" />
  <memory-cardclean objects="2154" bytes="103048" />
  <memory-traced type="eden" objects="68" bytes="1632" />
  <memory-traced type="other" objects="0" bytes="0" />
  <regions eden="6" other="7" evacuated="12" marked="1" />
  <remembered-set-cleared processed="1593" cleared="221" durationms="0.087" />
  <stringconstants candidates="4596" cleared="0"  />
  <heap-resize type="expand" space="default" amount="1048576" count="1" timems="0.068" reason="continue current collection" />
</gc-op>
<gc-op id="179" type="classunload" timems="0.002" contextid="174" timestamp="2019-06-14T19:08:24.192">
  <classunload-info classloadercandidates="8" classloadersunloaded="0" classesunloaded="0" anonymousclassesunloaded="0" quiescems="0.000" setupms="0.001" scanms="0.000" postms="0.000" />
</gc-op>
<gc-op id="180" type="sweep" timems="0.396" contextid="174" timestamp="2019-06-14T19:08:24.193" />
<gc-op id="181" type="compact" timems="1.028" contextid="174" timestamp="2019-06-14T19:08:24.194">
  <compact-info movecount="68" movebytes="1632" />
  <remembered-set-cleared processed="3516" cleared="264" durationms="0.087" />
</gc-op>
<gc-end id="182" type="partial gc" contextid="174" durationms="5.075" usertimems="8.000" systemtimems="0.000" timestamp="2019-06-14T19:08:24.194" activeThreads="4">
  <mem-info id="183" free="12582912" total="24117248" percent="52">
    <mem type="eden" free="2077656" total="2097152" percent="99" />
    <remembered-set count="2944" freebytes="950912" totalbytes="962688" percent="98" regionsoverflowed="0" regionsstable="0" regionsrebuilding="0"/>
  </mem-info>
</gc-end>
<cycle-end id="184" type="partial gc" contextid="174" timestamp="2019-06-14T19:08:24.195" />
  <attribute name="elasticGC enabled" value="1" />
  <attribute name= "numThreadsSpecified" value="4" />
  <attribute name="heapSize specified" value="0" />
  <attribute name="Current GC Util" value="30" />
  <attribute name= "Current Time Running" value="898" />
  <attribute name ="GC Interval" value="0" />
  <attribute name="ProportionalT" value="5.000000" />
  <attribute name="ProportionalI" value="5.000000" />
  <attribute name="ProportionalH" value="5.000000" />
  <attribute name="Current Error" value="10.000000" />
  <attribute name="IntegralT" value="10.000000" />
  <attribute name="IntegralI" value="10.000000" />
  <attribute name="IntegralH" value="10.000000" />
  <attribute name="DerivativeT" value="-23.500000" />
  <attribute name="DerivativeI" value="-23.500000" />
  <attribute name="DerivativeH" value="-23.500000" />
  <attribute name="Loop Time for DT" value="1.000000" />
  <attribute name="Output H" value="2091843584"/>
  <attribute name="Output I" value="200"/>
  <attribute name="Output T" value="4"/>
  <attribute name="Target GC Util Change" value ="20.000000" />
  <attribute name="Current GC Util Change" value="30.000000"/>
  <attribute name="GC Util currently" value="30" />
  <attribute name="CPU Util currently" value="7917546864570" />
<exclusive-end id="185" timestamp="2019-06-14T19:08:24.195" durationms="5.945" />

<exclusive-start id="186" timestamp="2019-06-14T19:08:24.244" intervalms="54.923">
  <response-info timems="0.059" idlems="0.059" threads="0" lastid="00000000014C1D00" lastname="Thread-7" />
</exclusive-start>
<allocation-taxation id="187" taxation-threshold="12582912" timestamp="2019-06-14T19:08:24.244" intervalms="54.907" />
<cycle-start id="188" type="partial gc" contextid="0" timestamp="2019-06-14T19:08:24.244" intervalms="54.900" />
<gc-start id="189" type="partial gc" contextid="188" timestamp="2019-06-14T19:08:24.244">
  <mem-info id="190" free="0" total="24117248" percent="0">
    <mem type="eden" free="0" total="12582912" percent="0" />
    <remembered-set count="2496" freebytes="952704" totalbytes="962688" percent="98" regionsoverflowed="0" regionsstable="0" regionsrebuilding="0"/>
  </mem-info>
</gc-start>
<allocation-stats totalBytes="12581400" >
  <allocated-bytes non-tlh="0" tlh="12581400" arrayletleaf="0"/>
  <largest-consumer threadName="Thread-7" threadId="00000000014C1D00" bytes="12581400" />
</allocation-stats>
<gc-op id="191" type="mark" timems="1.103" contextid="188" timestamp="2019-06-14T19:08:24.246">
  <trace-info objectcount="1541" scancount="1541" scanbytes="37104" />
  <cardclean-info objects="2296" bytes="110540" />
  <remembered-set-cleared processed="1798" cleared="205" durationms="0.066" />
  <stringconstants candidates="4596" cleared="0"  />
  <warning details="Mark invoked due to insufficient free space for Copy-Forward" />
</gc-op>
<gc-op id="192" type="classunload" timems="0.002" contextid="188" timestamp="2019-06-14T19:08:24.246">
  <classunload-info classloadercandidates="8" classloadersunloaded="0" classesunloaded="0" anonymousclassesunloaded="0" quiescems="0.000" setupms="0.001" scanms="0.000" postms="0.000" />
</gc-op>
<gc-op id="193" type="sweep" timems="0.434" contextid="188" timestamp="2019-06-14T19:08:24.247" />
<gc-op id="194" type="compact" timems="1.321" contextid="188" timestamp="2019-06-14T19:08:24.248">
  <compact-info movecount="1541" movebytes="37104" />
  <remembered-set-cleared processed="3575" cleared="667" durationms="0.066" />
</gc-op>
<gc-end id="195" type="partial gc" contextid="188" durationms="4.130" usertimems="4.000" systemtimems="0.000" timestamp="2019-06-14T19:08:24.248" activeThreads="4">
  <mem-info id="196" free="12582912" total="24117248" percent="52">
    <mem type="eden" free="1029640" total="1048576" percent="98" />
    <remembered-set count="3296" freebytes="949504" totalbytes="962688" percent="98" regionsoverflowed="0" regionsstable="0" regionsrebuilding="0"/>
  </mem-info>
</gc-end>
<cycle-end id="197" type="partial gc" contextid="188" timestamp="2019-06-14T19:08:24.248" />
  <attribute name="elasticGC enabled" value="1" />
  <attribute name= "numThreadsSpecified" value="4" />
  <attribute name="heapSize specified" value="0" />
  <attribute name="Current GC Util" value="30" />
  <attribute name= "Current Time Running" value="952" />
  <attribute name ="GC Interval" value="0" />
  <attribute name="ProportionalT" value="5.000000" />
  <attribute name="ProportionalI" value="5.000000" />
  <attribute name="ProportionalH" value="5.000000" />
  <attribute name="Current Error" value="10.000000" />
  <attribute name="IntegralT" value="10.000000" />
  <attribute name="IntegralI" value="10.000000" />
  <attribute name="IntegralH" value="10.000000" />
  <attribute name="DerivativeT" value="-31.500000" />
  <attribute name="DerivativeI" value="-31.500000" />
  <attribute name="DerivativeH" value="-31.500000" />
  <attribute name="Loop Time for DT" value="1.000000" />
  <attribute name="Output H" value="2091843584"/>
  <attribute name="Output I" value="200"/>
  <attribute name="Output T" value="4"/>
  <attribute name="Target GC Util Change" value ="20.000000" />
  <attribute name="Current GC Util Change" value="30.000000"/>
  <attribute name="GC Util currently" value="30" />
  <attribute name="CPU Util currently" value="6616137497607" />
<exclusive-end id="198" timestamp="2019-06-14T19:08:24.249" durationms="4.982" />

<exclusive-start id="199" timestamp="2019-06-14T19:08:24.288" intervalms="43.898">
  <response-info timems="0.060" idlems="0.060" threads="0" lastid="00000000014C1D00" lastname="Thread-7" />
</exclusive-start>
<allocation-taxation id="200" taxation-threshold="12582912" timestamp="2019-06-14T19:08:24.288" intervalms="43.940" />
<cycle-start id="201" type="partial gc" contextid="0" timestamp="2019-06-14T19:08:24.288" intervalms="44.054" />
<gc-start id="202" type="partial gc" contextid="201" timestamp="2019-06-14T19:08:24.288">
  <mem-info id="203" free="0" total="24117248" percent="0">
    <mem type="eden" free="0" total="12582912" percent="0" />
    <remembered-set count="3072" freebytes="950400" totalbytes="962688" percent="98" regionsoverflowed="0" regionsstable="0" regionsrebuilding="0"/>
  </mem-info>
</gc-start>
<allocation-stats totalBytes="12581384" >
  <allocated-bytes non-tlh="0" tlh="12581384" arrayletleaf="0"/>
  <largest-consumer threadName="Thread-7" threadId="00000000014C1D00" bytes="12581384" />
</allocation-stats>
<gc-op id="204" type="mark" timems="0.804" contextid="201" timestamp="2019-06-14T19:08:24.290">
  <trace-info objectcount="1455" scancount="1455" scanbytes="35216" />
  <cardclean-info objects="2070" bytes="99888" />
  <remembered-set-cleared processed="2026" cleared="202" durationms="0.087" />
  <stringconstants candidates="4596" cleared="0"  />
  <warning details="Mark invoked due to insufficient free space for Copy-Forward" />
</gc-op>
<gc-op id="205" type="classunload" timems="0.002" contextid="201" timestamp="2019-06-14T19:08:24.290">
  <classunload-info classloadercandidates="8" classloadersunloaded="0" classesunloaded="0" anonymousclassesunloaded="0" quiescems="0.000" setupms="0.001" scanms="0.000" postms="0.000" />
</gc-op>
<gc-op id="206" type="sweep" timems="0.448" contextid="201" timestamp="2019-06-14T19:08:24.291" />
<gc-op id="207" type="compact" timems="1.199" contextid="201" timestamp="2019-06-14T19:08:24.292">
  <compact-info movecount="1307" movebytes="31664" />
  <remembered-set-cleared processed="4107" cleared="456" durationms="0.087" />
</gc-op>
<gc-end id="208" type="partial gc" contextid="201" durationms="4.048" usertimems="4.000" systemtimems="0.000" timestamp="2019-06-14T19:08:24.292" activeThreads="4">
  <mem-info id="209" free="11534336" total="24117248" percent="47">
    <mem type="eden" free="1031792" total="1048576" percent="98" />
    <remembered-set count="3328" freebytes="949376" totalbytes="962688" percent="98" regionsoverflowed="0" regionsstable="0" regionsrebuilding="0"/>
  </mem-info>
</gc-end>
<cycle-end id="210" type="partial gc" contextid="201" timestamp="2019-06-14T19:08:24.293" />
  <attribute name="elasticGC enabled" value="1" />
  <attribute name= "numThreadsSpecified" value="4" />
  <attribute name="heapSize specified" value="0" />
  <attribute name="Current GC Util" value="33" />
  <attribute name= "Current Time Running" value="996" />
  <attribute name ="GC Interval" value="0" />
  <attribute name="ProportionalT" value="6.500000" />
  <attribute name="ProportionalI" value="6.500000" />
  <attribute name="ProportionalH" value="6.500000" />
  <attribute name="Current Error" value="13.000000" />
  <attribute name="IntegralT" value="13.000000" />
  <attribute name="IntegralI" value="13.000000" />
  <attribute name="IntegralH" value="13.000000" />
  <attribute name="DerivativeT" value="6.500000" />
  <attribute name="DerivativeI" value="6.500000" />
  <attribute name="DerivativeH" value="6.500000" />
  <attribute name="Loop Time for DT" value="1.000000" />
  <attribute name="Output H" value="8388608"/>
  <attribute name="Output I" value="200"/>
  <attribute name="Output T" value="4"/>
  <attribute name="Target GC Util Change" value ="20.000000" />
  <attribute name="Current GC Util Change" value="33.000000"/>
  <attribute name="GC Util currently" value="33" />
  <attribute name="CPU Util currently" value="6432852208234" />
<exclusive-end id="211" timestamp="2019-06-14T19:08:24.293" durationms="5.246" />

<exclusive-start id="212" timestamp="2019-06-14T19:08:24.306" intervalms="18.471">
  <response-info timems="0.062" idlems="0.062" threads="0" lastid="00000000014C1D00" lastname="Thread-7" />
</exclusive-start>
<allocation-taxation id="213" taxation-threshold="5242880" timestamp="2019-06-14T19:08:24.306" intervalms="18.425" />
<cycle-start id="214" type="global mark phase" contextid="0" timestamp="2019-06-14T19:08:24.306" intervalms="196.012" />
<gc-start id="215" type="global mark phase" contextid="214" timestamp="2019-06-14T19:08:24.307">
  <mem-info id="216" free="6291456" total="24117248" percent="26">
    <remembered-set count="3328" freebytes="949376" totalbytes="962688" percent="98" regionsoverflowed="0" regionsstable="0" regionsrebuilding="0"/>
  </mem-info>
</gc-start>
<gc-op id="217" type="mark increment" timems="0.369" contextid="214" timestamp="2019-06-14T19:08:24.307">
  <trace-info objectcount="138" scancount="0" scanbytes="0" />
</gc-op>
<gc-end id="218" type="global mark phase" contextid="214" durationms="0.552" usertimems="0.000" systemtimems="0.000" timestamp="2019-06-14T19:08:24.307" activeThreads="1">
  <mem-info id="219" free="6291456" total="24117248" percent="26">
    <remembered-set count="3328" freebytes="949376" totalbytes="962688" percent="98" regionsoverflowed="0" regionsstable="0" regionsrebuilding="0"/>
  </mem-info>
</gc-end>
<concurrent-start id="220" type="GMP work packet processing" contextid="214" timestamp="2019-06-14T19:08:24.307">
  <concurrent-mark-start scanTarget="18446744073709551615" />
</concurrent-start>
<exclusive-end id="221" timestamp="2019-06-14T19:08:24.307" durationms="1.230" />

<concurrent-end id="222" type="GMP work packet processing" contextid="214" timestamp="2019-06-14T19:08:24.310">
  <concurrent-mark-end bytesScanned="1547608" reasonForTermination="Completed all work in GC phase" />
</concurrent-end>

</verbosegc>

