<?xml version="1.0" ?>

<verbosegc xmlns="http://www.ibm.com/j9/verbosegc" version="08cc62e_CMPRSS">

<initialized id="1" timestamp="2019-08-02T18:53:25.405">
  <attribute name="gcPolicy" value="-Xgcpolicy:gencon" />
  <attribute name="elasticGC enabled" value="1" />
  <attribute name= "numThreadsSpecified" value="0" />
  <attribute name="heapSize specified" value="0" />
  <attribute name= "numCores" value="0" />
  <attribute name ="GC Interval" value="0" />
  <attribute name="GC Util Range Max" value="0" />
  <attribute name="Current GC Util" value="0" />
  <attribute name= "Current Time Running" value="0" />
  <attribute name="maxHeapSize" value="0x7cba0000" />
  <attribute name="initialHeapSize" value="0x800000" />
  <attribute name="compressedRefs" value="true" />
  <attribute name="compressedRefsDisplacement" value="0x0" />
  <attribute name="compressedRefsShift" value="0x0" />
  <attribute name="pageSize" value="0x1000" />
  <attribute name="pageType" value="not used" />
  <attribute name="requestedPageSize" value="0x1000" />
  <attribute name="requestedPageType" value="not used" />
  <attribute name="gcthreads" value="8" />
  <attribute name="gcthreads Concurrent Mark" value="1" />
  <attribute name="packetListSplit" value="8" />
  <attribute name="cacheListSplit" value="8" />
  <attribute name="splitFreeListSplitAmount" value="1" />
  <attribute name="numaNodes" value="0" />
  <system>
    <attribute name="physicalMemory" value="8370401280" />
    <attribute name="numCPUs" value="8" />
    <attribute name="architecture" value="amd64" />
    <attribute name="os" value="Linux" />
    <attribute name="osVersion" value="4.4.0-154-generic" />
  </system>
  <vmargs>
    <vmarg name="-Xoptionsfile=/vagrant/jdk/lib/options.default" />
    <vmarg name="-Xlockword:mode=default,noLockword=java/lang/String,noLockword=java/util/MapEntry,noLockword=java/util/HashMap$Entry,noLockword..." />
    <vmarg name="-Xjcl:jclse29" />
    <vmarg name="-Dcom.ibm.oti.vm.bootstrap.library.path=/vagrant/jdk/lib/compressedrefs:/vagrant/jdk/lib" />
    <vmarg name="-Dsun.boot.library.path=/vagrant/jdk/lib/compressedrefs:/vagrant/jdk/lib" />
    <vmarg name="-Djava.library.path=/vagrant/jdk/lib/compressedrefs:/vagrant/jdk/lib:/usr/lib64:/usr/lib" />
    <vmarg name="-Djava.home=/vagrant/jdk" />
    <vmarg name="-Duser.dir=/vagrant" />
    <vmarg name="-Xgcelastic" />
    <vmarg name="-Xcheck:gc:::elasticGC" />
    <vmarg name="-verbose:gc" />
    <vmarg name="-Xloggc:jdkA-small-GEN-8core-verbose8sunflow.txt" />
    <vmarg name="-Djava.class.path=dacapo-9.12-MR1-bach.jar" />
    <vmarg name="-Dsun.java.command=dacapo-9.12-MR1-bach.jar sunflow --size=small" />
    <vmarg name="-Dsun.java.launcher=SUN_STANDARD" />
    <vmarg name="-Dsun.java.launcher.pid=3147" />
  </vmargs>
</initialized>

<exclusive-start id="2" timestamp="2019-08-02T18:53:25.638" intervalms="233.252">
  <response-info timems="0.059" idlems="0.059" threads="0" lastid="0000000001E13A00" lastname="main" />
</exclusive-start>
<af-start id="3" threadId="0000000001E14388" totalBytesRequested="7184" timestamp="2019-08-02T18:53:25.639" intervalms="234.041" type="nursery" />
<cycle-start id="4" type="scavenge" contextid="0" timestamp="2019-08-02T18:53:25.639" intervalms="234.526" />
<gc-start id="5" type="scavenge" contextid="4" timestamp="2019-08-02T18:53:25.640">
  <mem-info id="6" free="6062624" total="8388608" percent="72">
    <mem type="nursery" free="0" total="2097152" percent="0">
      <mem type="allocate" free="0" total="1048576" percent="0" />
      <mem type="survivor" free="0" total="1048576" percent="0" />
    </mem>
    <mem type="tenure" free="6062624" total="6291456" percent="96">
      <mem type="soa" free="5748256" total="5977088" percent="96" />
      <mem type="loa" free="314368" total="314368" percent="100" />
    </mem>
    <remembered-set count="3161" />
  </mem-info>
</gc-start>
<allocation-stats totalBytes="1273072" >
  <allocated-bytes non-tlh="344784" tlh="928288" />
  <largest-consumer threadName="main" threadId="0000000001E13A00" bytes="1180832" />
</allocation-stats>
<gc-op id="7" type="scavenge" timems="3.320" contextid="4" timestamp="2019-08-02T18:53:25.643">
  <scavenger-info tenureage="2" tenuremask="fffc" tiltratio="50" />
  <memory-copied type="nursery" objects="10594" bytes="471048" bytesdiscarded="151448" />
  <finalization candidates="11" enqueued="0" />
  <references type="soft" candidates="62" cleared="0" enqueued="0" dynamicThreshold="32" maxThreshold="32" />
  <references type="weak" candidates="307" cleared="176" enqueued="140" />
  <references type="phantom" candidates="22" cleared="5" enqueued="5" />
</gc-op>
<gc-end id="8" type="scavenge" contextid="4" durationms="3.783" usertimems="4.000" systemtimems="0.000" timestamp="2019-08-02T18:53:25.644" activeThreads="8">
  <mem-info id="9" free="6486584" total="8388608" percent="77">
    <mem type="nursery" free="423960" total="2097152" percent="20">
      <mem type="allocate" free="423960" total="1048576" percent="40" />
      <mem type="survivor" free="0" total="1048576" percent="0" />
    </mem>
    <mem type="tenure" free="6062624" total="6291456" percent="96">
      <mem type="soa" free="5748256" total="5977088" percent="96" />
      <mem type="loa" free="314368" total="314368" percent="100" />
    </mem>
    <pending-finalizers system="0" default="0" reference="145" classloader="0" />
    <remembered-set count="3161" />
  </mem-info>
</gc-end>
<cycle-end id="10" type="scavenge" contextid="4" timestamp="2019-08-02T18:53:25.644" />
  <attribute name="elasticGC enabled" value="1" />
  <attribute name= "numThreadsSpecified" value="0" />
  <attribute name="heapSize specified" value="0" />
  <attribute name= "numCores" value="8" />
  <attribute name ="GC Interval" value="0" />
  <attribute name ="Control flow" value="3" />
  <attribute name="GC Util Range Max" value="10" />
  <attribute name="Current GC Util" value="0" />
  <attribute name= "Current Time Running" value="0" />
<allocation-satisfied id="11" threadId="0000000001E13A00" bytesRequested="7184" />
<af-end id="12" timestamp="2019-08-02T18:53:25.644" threadId="0000000001E14388" success="true" from="nursery"/>
<exclusive-end id="13" timestamp="2019-08-02T18:53:25.644" durationms="5.950" />

<exclusive-start id="14" timestamp="2019-08-02T18:53:25.661" intervalms="23.238">
  <response-info timems="0.030" idlems="0.030" threads="0" lastid="0000000001E13A00" lastname="main" />
</exclusive-start>
<af-start id="15" threadId="0000000001E14388" totalBytesRequested="120" timestamp="2019-08-02T18:53:25.661" intervalms="22.525" type="nursery" />
<cycle-start id="16" type="scavenge" contextid="0" timestamp="2019-08-02T18:53:25.661" intervalms="22.099" />
<gc-start id="17" type="scavenge" contextid="16" timestamp="2019-08-02T18:53:25.662">
  <mem-info id="18" free="6054888" total="8388608" percent="72">
    <mem type="nursery" free="0" total="2097152" percent="0">
      <mem type="allocate" free="0" total="1048576" percent="0" />
      <mem type="survivor" free="0" total="1048576" percent="0" />
    </mem>
    <mem type="tenure" free="6054888" total="6291456" percent="96">
      <mem type="soa" free="5740520" total="5977088" percent="96" />
      <mem type="loa" free="314368" total="314368" percent="100" />
    </mem>
    <remembered-set count="3262" />
  </mem-info>
</gc-start>
<allocation-stats totalBytes="430072" >
  <allocated-bytes non-tlh="14920" tlh="415152" />
  <largest-consumer threadName="main" threadId="0000000001E13A00" bytes="418096" />
</allocation-stats>
<gc-op id="19" type="scavenge" timems="0.915" contextid="16" timestamp="2019-08-02T18:53:25.663">
  <scavenger-info tenureage="5" tenuremask="7fe0" tiltratio="50" />
  <memory-copied type="nursery" objects="10912" bytes="486888" bytesdiscarded="65736" />
  <finalization candidates="11" enqueued="0" />
  <references type="soft" candidates="62" cleared="0" enqueued="0" dynamicThreshold="32" maxThreshold="32" />
  <references type="weak" candidates="241" cleared="96" enqueued="93" />
  <references type="phantom" candidates="37" cleared="12" enqueued="12" />
</gc-op>
<gc-end id="20" type="scavenge" contextid="16" durationms="1.100" usertimems="0.000" systemtimems="0.000" timestamp="2019-08-02T18:53:25.663" activeThreads="8">
  <mem-info id="21" free="6549344" total="8388608" percent="78">
    <mem type="nursery" free="494456" total="2097152" percent="23">
      <mem type="allocate" free="494456" total="1048576" percent="47" />
      <mem type="survivor" free="0" total="1048576" percent="0" />
    </mem>
    <mem type="tenure" free="6054888" total="6291456" percent="96">
      <mem type="soa" free="5740520" total="5977088" percent="96" />
      <mem type="loa" free="314368" total="314368" percent="100" />
    </mem>
    <pending-finalizers system="0" default="0" reference="105" classloader="0" />
    <remembered-set count="3262" />
  </mem-info>
</gc-end>
<cycle-end id="22" type="scavenge" contextid="16" timestamp="2019-08-02T18:53:25.663" />
  <attribute name="elasticGC enabled" value="1" />
  <attribute name= "numThreadsSpecified" value="0" />
  <attribute name="heapSize specified" value="0" />
  <attribute name= "numCores" value="8" />
  <attribute name ="GC Interval" value="0" />
  <attribute name ="Control flow" value="3" />
  <attribute name="GC Util Range Max" value="23" />
  <attribute name="Current GC Util" value="23" />
  <attribute name= "Current Time Running" value="21" />
<allocation-satisfied id="23" threadId="0000000001E13A00" bytesRequested="120" />
<af-end id="24" timestamp="2019-08-02T18:53:25.663" threadId="0000000001E14388" success="true" from="nursery"/>
<exclusive-end id="25" timestamp="2019-08-02T18:53:25.663" durationms="1.522" />

<exclusive-start id="26" timestamp="2019-08-02T18:53:25.673" intervalms="11.931">
  <response-info timems="0.026" idlems="0.026" threads="0" lastid="0000000001E13A00" lastname="main" />
</exclusive-start>
<af-start id="27" threadId="0000000001E14388" totalBytesRequested="7176" timestamp="2019-08-02T18:53:25.673" intervalms="11.932" type="nursery" />
<cycle-start id="28" type="scavenge" contextid="0" timestamp="2019-08-02T18:53:25.673" intervalms="11.976" />
<gc-start id="29" type="scavenge" contextid="28" timestamp="2019-08-02T18:53:25.674">
  <mem-info id="30" free="6052200" total="8388608" percent="72">
    <mem type="nursery" free="0" total="2097152" percent="0">
      <mem type="allocate" free="0" total="1048576" percent="0" />
      <mem type="survivor" free="0" total="1048576" percent="0" />
    </mem>
    <mem type="tenure" free="6052200" total="6291456" percent="96">
      <mem type="soa" free="5737832" total="5977088" percent="95" />
      <mem type="loa" free="314368" total="314368" percent="100" />
    </mem>
    <remembered-set count="3295" />
  </mem-info>
</gc-start>
<allocation-stats totalBytes="460048" >
  <allocated-bytes non-tlh="2808" tlh="457240" />
  <largest-consumer threadName="main" threadId="0000000001E13A00" bytes="451856" />
</allocation-stats>
<gc-op id="31" type="scavenge" timems="0.975" contextid="28" timestamp="2019-08-02T18:53:25.675">
  <scavenger-info tenureage="4" tenuremask="7ff0" tiltratio="50" />
  <memory-copied type="nursery" objects="10964" bytes="564624" bytesdiscarded="93480" />
  <finalization candidates="11" enqueued="0" />
  <references type="soft" candidates="62" cleared="0" enqueued="0" dynamicThreshold="32" maxThreshold="32" />
  <references type="weak" candidates="225" cleared="77" enqueued="77" />
  <references type="phantom" candidates="39" cleared="11" enqueued="11" />
</gc-op>
<heap-resize id="32" type="expand" space="nursery" amount="131072" count="1" timems="0.101" reason="excessive time being spent scavenging" timestamp="2019-08-02T18:53:25.675" />
<gc-end id="33" type="scavenge" contextid="28" durationms="1.440" usertimems="4.000" systemtimems="0.000" timestamp="2019-08-02T18:53:25.675" activeThreads="8">
  <mem-info id="34" free="6506712" total="8519680" percent="76">
    <mem type="nursery" free="454512" total="2228224" percent="20">
      <mem type="allocate" free="454512" total="1114112" percent="40" />
      <mem type="survivor" free="0" total="1114112" percent="0" />
    </mem>
    <mem type="tenure" free="6052200" total="6291456" percent="96">
      <mem type="soa" free="5737832" total="5977088" percent="95" />
      <mem type="loa" free="314368" total="314368" percent="100" />
    </mem>
    <pending-finalizers system="0" default="0" reference="88" classloader="0" />
    <remembered-set count="1025" />
  </mem-info>
</gc-end>
<cycle-end id="35" type="scavenge" contextid="28" timestamp="2019-08-02T18:53:25.675" />
  <attribute name="elasticGC enabled" value="1" />
  <attribute name= "numThreadsSpecified" value="0" />
  <attribute name="heapSize specified" value="0" />
  <attribute name= "numCores" value="8" />
  <attribute name ="GC Interval" value="0" />
  <attribute name ="Control flow" value="3" />
  <attribute name="GC Util Range Max" value="23" />
  <attribute name="Current GC Util" value="13" />
  <attribute name= "Current Time Running" value="33" />
<allocation-satisfied id="36" threadId="0000000001E13A00" bytesRequested="7176" />
<af-end id="37" timestamp="2019-08-02T18:53:25.675" threadId="0000000001E14388" success="true" from="nursery"/>
<exclusive-end id="38" timestamp="2019-08-02T18:53:25.675" durationms="1.977" />

<exclusive-start id="39" timestamp="2019-08-02T18:53:25.738" intervalms="65.181">
  <response-info timems="0.030" idlems="0.030" threads="0" lastid="0000000001E13A00" lastname="main" />
</exclusive-start>
<af-start id="40" threadId="0000000001E14388" totalBytesRequested="41272" timestamp="2019-08-02T18:53:25.739" intervalms="65.187" type="nursery" />
<cycle-start id="41" type="scavenge" contextid="0" timestamp="2019-08-02T18:53:25.739" intervalms="65.146" />
<gc-start id="42" type="scavenge" contextid="41" timestamp="2019-08-02T18:53:25.739">
  <mem-info id="43" free="6047304" total="8519680" percent="70">
    <mem type="nursery" free="0" total="2228224" percent="0">
      <mem type="allocate" free="0" total="1114112" percent="0" />
      <mem type="survivor" free="0" total="1114112" percent="0" />
    </mem>
    <mem type="tenure" free="6047304" total="6291456" percent="96">
      <mem type="soa" free="5732936" total="5977088" percent="95" />
      <mem type="loa" free="314368" total="314368" percent="100" />
    </mem>
    <remembered-set count="1106" />
  </mem-info>
</gc-start>
<allocation-stats totalBytes="441072" >
  <allocated-bytes non-tlh="12072" tlh="429000" />
  <largest-consumer threadName="main" threadId="0000000001E13A00" bytes="441072" />
</allocation-stats>
<gc-op id="44" type="scavenge" timems="1.248" contextid="41" timestamp="2019-08-02T18:53:25.740">
  <scavenger-info tenureage="3" tenuremask="fff8" tiltratio="50" />
  <memory-copied type="nursery" objects="865" bytes="190560" bytesdiscarded="115280" />
  <memory-copied type="tenure" objects="10312" bytes="461752" bytesdiscarded="272" />
  <finalization candidates="14" enqueued="1" />
  <references type="soft" candidates="2" cleared="0" enqueued="0" dynamicThreshold="32" maxThreshold="32" />
  <references type="weak" candidates="69" cleared="54" enqueued="54" />
  <references type="phantom" candidates="28" cleared="11" enqueued="11" />
</gc-op>
<gc-end id="45" type="scavenge" contextid="41" durationms="1.440" usertimems="4.000" systemtimems="0.000" timestamp="2019-08-02T18:53:25.740" activeThreads="8">
  <mem-info id="46" free="6360008" total="8519680" percent="74">
    <mem type="nursery" free="808192" total="2228224" percent="36">
      <mem type="allocate" free="808192" total="1114112" percent="72" />
      <mem type="survivor" free="0" total="1114112" percent="0" />
    </mem>
    <mem type="tenure" free="5551816" total="6291456" percent="88">
      <mem type="soa" free="5237448" total="5977088" percent="87" />
      <mem type="loa" free="314368" total="314368" percent="100" />
    </mem>
    <pending-finalizers system="1" default="0" reference="65" classloader="0" />
    <remembered-set count="230" />
  </mem-info>
</gc-end>
<cycle-end id="47" type="scavenge" contextid="41" timestamp="2019-08-02T18:53:25.740" />
  <attribute name="elasticGC enabled" value="1" />
  <attribute name= "numThreadsSpecified" value="0" />
  <attribute name="heapSize specified" value="0" />
  <attribute name= "numCores" value="8" />
  <attribute name ="GC Interval" value="0" />
  <attribute name ="Control flow" value="3" />
  <attribute name="GC Util Range Max" value="23" />
  <attribute name="Current GC Util" value="2" />
  <attribute name= "Current Time Running" value="98" />
<allocation-satisfied id="48" threadId="0000000001E13A00" bytesRequested="41272" />
<af-end id="49" timestamp="2019-08-02T18:53:25.740" threadId="0000000001E14388" success="true" from="nursery"/>
<exclusive-end id="50" timestamp="2019-08-02T18:53:25.740" durationms="1.869" />

<exclusive-start id="51" timestamp="2019-08-02T18:53:25.806" intervalms="67.419">
  <response-info timems="0.064" idlems="0.064" threads="0" lastid="0000000001E13A00" lastname="main" />
</exclusive-start>
<af-start id="52" threadId="0000000001E14388" totalBytesRequested="520" timestamp="2019-08-02T18:53:25.806" intervalms="67.504" type="nursery" />
<cycle-start id="53" type="scavenge" contextid="0" timestamp="2019-08-02T18:53:25.806" intervalms="67.568" />
<gc-start id="54" type="scavenge" contextid="53" timestamp="2019-08-02T18:53:25.806">
  <mem-info id="55" free="5462728" total="8519680" percent="64">
    <mem type="nursery" free="0" total="2228224" percent="0">
      <mem type="allocate" free="0" total="1114112" percent="0" />
      <mem type="survivor" free="0" total="1114112" percent="0" />
    </mem>
    <mem type="tenure" free="5462728" total="6291456" percent="86">
      <mem type="soa" free="5148360" total="5977088" percent="86" />
      <mem type="loa" free="314368" total="314368" percent="100" />
    </mem>
    <remembered-set count="1714" />
  </mem-info>
</gc-start>
<allocation-stats totalBytes="896352" >
  <allocated-bytes non-tlh="130360" tlh="765992" />
  <largest-consumer threadName="main" threadId="0000000001E13A00" bytes="892256" />
</allocation-stats>
<gc-op id="56" type="scavenge" timems="0.799" contextid="53" timestamp="2019-08-02T18:53:25.807">
  <scavenger-info tenureage="3" tenuremask="7ff8" tiltratio="50" />
  <memory-copied type="nursery" objects="6343" bytes="326680" bytesdiscarded="24936" />
  <memory-copied type="tenure" objects="301" bytes="15088" bytesdiscarded="0" />
  <finalization candidates="46" enqueued="0" />
  <ownableSynchronizers candidates="1" cleared="0" />
  <references type="soft" candidates="48" cleared="0" enqueued="0" dynamicThreshold="32" maxThreshold="32" />
  <references type="weak" candidates="718" cleared="282" enqueued="193" />
  <references type="phantom" candidates="11" cleared="2" enqueued="2" />
</gc-op>
<gc-end id="57" type="scavenge" contextid="53" durationms="1.043" usertimems="0.000" systemtimems="4.000" timestamp="2019-08-02T18:53:25.807" activeThreads="8">
  <mem-info id="58" free="6177312" total="8519680" percent="72">
    <mem type="nursery" free="762200" total="2228224" percent="34">
      <mem type="allocate" free="762200" total="1114112" percent="68" />
      <mem type="survivor" free="0" total="1114112" percent="0" />
    </mem>
    <mem type="tenure" free="5415112" total="6291456" percent="86">
      <mem type="soa" free="5100744" total="5977088" percent="85" />
      <mem type="loa" free="314368" total="314368" percent="100" />
    </mem>
    <pending-finalizers system="0" default="0" reference="195" classloader="0" />
    <remembered-set count="1666" />
  </mem-info>
</gc-end>
<cycle-end id="59" type="scavenge" contextid="53" timestamp="2019-08-02T18:53:25.807" />
  <attribute name="elasticGC enabled" value="1" />
  <attribute name= "numThreadsSpecified" value="0" />
  <attribute name="heapSize specified" value="0" />
  <attribute name= "numCores" value="8" />
  <attribute name ="GC Interval" value="0" />
  <attribute name ="Control flow" value="3" />
  <attribute name="GC Util Range Max" value="23" />
  <attribute name="Current GC Util" value="3" />
  <attribute name= "Current Time Running" value="166" />
<allocation-satisfied id="60" threadId="0000000001E13A00" bytesRequested="520" />
<af-end id="61" timestamp="2019-08-02T18:53:25.808" threadId="0000000001E14388" success="true" from="nursery"/>
<exclusive-end id="62" timestamp="2019-08-02T18:53:25.808" durationms="1.677" />

<exclusive-start id="63" timestamp="2019-08-02T18:53:25.889" intervalms="83.609">
  <response-info timems="0.047" idlems="0.047" threads="0" lastid="0000000001E13A00" lastname="main" />
</exclusive-start>
<sys-start reason="explicit" id="64" timestamp="2019-08-02T18:53:25.890" intervalms="484.793" />
<cycle-start id="65" type="global" contextid="0" timestamp="2019-08-02T18:53:25.890" intervalms="485.338" />
<gc-start id="66" type="global" contextid="65" timestamp="2019-08-02T18:53:25.890">
  <mem-info id="67" free="5496192" total="8519680" percent="64">
    <mem type="nursery" free="147280" total="2228224" percent="6">
      <mem type="allocate" free="147280" total="1114112" percent="13" />
      <mem type="survivor" free="0" total="1114112" percent="0" />
    </mem>
    <mem type="tenure" free="5348912" total="6291456" percent="85">
      <mem type="soa" free="5034544" total="5977088" percent="84" />
      <mem type="loa" free="314368" total="314368" percent="100" />
    </mem>
    <remembered-set count="2563" />
  </mem-info>
</gc-start>
<allocation-stats totalBytes="679856" >
  <allocated-bytes non-tlh="66720" tlh="613136" />
  <largest-consumer threadName="main" threadId="0000000001E13A00" bytes="656128" />
</allocation-stats>
<gc-op id="68" type="mark" timems="1.685" contextid="65" timestamp="2019-08-02T18:53:25.892">
  <trace-info objectcount="29304" scancount="23508" scanbytes="760820" />
  <finalization candidates="124" enqueued="0" />
  <ownableSynchronizers candidates="3" cleared="0" />
  <references type="soft" candidates="131" cleared="0" enqueued="0" dynamicThreshold="32" maxThreshold="32" />
  <references type="weak" candidates="753" cleared="74" enqueued="38" />
  <references type="phantom" candidates="38" cleared="1" enqueued="1" />
  <stringconstants candidates="3958" cleared="0"  />
</gc-op>
<gc-op id="69" type="classunload" timems="0.097" contextid="65" timestamp="2019-08-02T18:53:25.892">
  <classunload-info classloadercandidates="7" classloadersunloaded="0" classesunloaded="0" anonymousclassesunloaded="0" quiescems="0.000" setupms="0.097" scanms="0.000" postms="0.000" />
</gc-op>
<gc-op id="70" type="sweep" timems="0.458" contextid="65" timestamp="2019-08-02T18:53:25.893" />
<mem-info id="71" free="5910768" total="8519680" percent="69">
  <mem type="nursery" free="494504" total="2228224" percent="22">
    <mem type="allocate" free="494504" total="1114112" percent="44" />
    <mem type="survivor" free="0" total="1114112" percent="0" />
  </mem>
  <mem type="tenure" free="5416264" total="6291456" percent="86" micro-fragmented="5713" macro-fragmented="0">
    <mem type="soa" free="5101896" total="5977088" percent="85" />
    <mem type="loa" free="314368" total="314368" percent="100" />
  </mem>
  <pending-finalizers system="0" default="0" reference="39" classloader="0" />
  <remembered-set count="2506" />
</mem-info>
<gc-op id="72" type="compact" timems="4.480" contextid="65" timestamp="2019-08-02T18:53:25.898">
  <compact-info movecount="25259" movebytes="1139504" reason="no compaction" />
</gc-op>
<heap-resize id="73" type="contract" space="tenure" amount="65536" count="1" timems="0.130" reason="heap reconfiguration" timestamp="2019-08-02T18:53:25.898" />
<gc-end id="74" type="global" contextid="65" durationms="8.232" usertimems="4.000" systemtimems="8.000" timestamp="2019-08-02T18:53:25.898" activeThreads="8">
  <mem-info id="75" free="5961808" total="8454144" percent="70">
    <mem type="nursery" free="666696" total="2228224" percent="29">
      <mem type="allocate" free="666696" total="1114112" percent="59" />
      <mem type="survivor" free="0" total="1114112" percent="0" />
    </mem>
    <mem type="tenure" free="5295112" total="6225920" percent="85">
      <mem type="soa" free="5046280" total="5914624" percent="85" />
      <mem type="loa" free="248832" total="311296" percent="79" />
    </mem>
    <pending-finalizers system="0" default="0" reference="39" classloader="0" />
    <remembered-set count="2506" />
  </mem-info>
</gc-end>
<cycle-end id="76" type="global" contextid="65" timestamp="2019-08-02T18:53:25.899" />
  <attribute name="elasticGC enabled" value="1" />
  <attribute name= "numThreadsSpecified" value="0" />
  <attribute name="heapSize specified" value="6225920" />
  <attribute name= "numCores" value="8" />
  <attribute name ="GC Interval" value="0" />
  <attribute name ="Control flow" value="3" />
  <attribute name="GC Util Range Max" value="23" />
  <attribute name="Current GC Util" value="91" />
  <attribute name= "Current Time Running" value="257" />
<sys-end id="77" timestamp="2019-08-02T18:53:25.899" />
<exclusive-end id="78" timestamp="2019-08-02T18:53:25.899" durationms="9.371" />

<exclusive-start id="79" timestamp="2019-08-02T18:53:25.913" intervalms="23.753">
  <response-info timems="0.072" idlems="0.072" threads="0" lastid="0000000001E13A00" lastname="main" />
</exclusive-start>
<af-start id="80" threadId="0000000001E14388" totalBytesRequested="41360" timestamp="2019-08-02T18:53:25.913" intervalms="107.352" type="nursery" />
<cycle-start id="81" type="scavenge" contextid="0" timestamp="2019-08-02T18:53:25.914" intervalms="107.336" />
<gc-start id="82" type="scavenge" contextid="81" timestamp="2019-08-02T18:53:25.914">
  <mem-info id="83" free="5294016" total="8454144" percent="62">
    <mem type="nursery" free="0" total="2228224" percent="0">
      <mem type="allocate" free="0" total="1114112" percent="0" />
      <mem type="survivor" free="0" total="1114112" percent="0" />
    </mem>
    <mem type="tenure" free="5294016" total="6225920" percent="85">
      <mem type="soa" free="5045184" total="5914624" percent="85" />
      <mem type="loa" free="248832" total="311296" percent="79" />
    </mem>
    <remembered-set count="2528" />
  </mem-info>
</gc-start>
<allocation-stats totalBytes="657680" >
  <allocated-bytes non-tlh="83640" tlh="574040" />
  <largest-consumer threadName="main" threadId="0000000001E13A00" bytes="649488" />
</allocation-stats>
<gc-op id="84" type="scavenge" timems="0.764" contextid="81" timestamp="2019-08-02T18:53:25.915">
  <scavenger-info tenureage="3" tenuremask="7ff8" tiltratio="50" />
  <memory-copied type="nursery" objects="13036" bytes="682920" bytesdiscarded="31896" />
  <memory-copied type="tenure" objects="25" bytes="1648" bytesdiscarded="0" />
  <finalization candidates="113" enqueued="0" />
  <ownableSynchronizers candidates="6" cleared="3" />
  <references type="soft" candidates="70" cleared="0" enqueued="0" dynamicThreshold="27" maxThreshold="32" />
  <references type="weak" candidates="557" cleared="7" enqueued="7" />
  <references type="phantom" candidates="14" cleared="2" enqueued="2" />
</gc-op>
<gc-end id="85" type="scavenge" contextid="81" durationms="1.123" usertimems="0.000" systemtimems="0.000" timestamp="2019-08-02T18:53:25.915" activeThreads="8">
  <mem-info id="86" free="5629840" total="8454144" percent="66">
    <mem type="nursery" free="398800" total="2228224" percent="17">
      <mem type="allocate" free="398800" total="1114112" percent="35" />
      <mem type="survivor" free="0" total="1114112" percent="0" />
    </mem>
    <mem type="tenure" free="5231040" total="6225920" percent="84">
      <mem type="soa" free="4982208" total="5914624" percent="84" />
      <mem type="loa" free="248832" total="311296" percent="79" />
    </mem>
    <pending-finalizers system="0" default="0" reference="9" classloader="0" />
    <remembered-set count="2436" />
  </mem-info>
</gc-end>
<cycle-end id="87" type="scavenge" contextid="81" timestamp="2019-08-02T18:53:25.915" />
  <attribute name="elasticGC enabled" value="1" />
  <attribute name= "numThreadsSpecified" value="0" />
  <attribute name="heapSize specified" value="6225920" />
  <attribute name= "numCores" value="8" />
  <attribute name ="GC Interval" value="0" />
  <attribute name ="Control flow" value="3" />
  <attribute name="GC Util Range Max" value="23" />
  <attribute name="Current GC Util" value="36" />
  <attribute name= "Current Time Running" value="273" />
<allocation-satisfied id="88" threadId="0000000001E13A00" bytesRequested="41360" />
<af-end id="89" timestamp="2019-08-02T18:53:25.915" threadId="0000000001E14388" success="true" from="nursery"/>
<exclusive-end id="90" timestamp="2019-08-02T18:53:25.915" durationms="1.916" />

<exclusive-start id="91" timestamp="2019-08-02T18:53:25.938" intervalms="25.070">
  <response-info timems="0.072" idlems="0.072" threads="0" lastid="0000000001E13A00" lastname="main" />
</exclusive-start>
<af-start id="92" threadId="0000000001E14388" totalBytesRequested="8200" timestamp="2019-08-02T18:53:25.938" intervalms="25.056" type="nursery" />
<cycle-start id="93" type="scavenge" contextid="0" timestamp="2019-08-02T18:53:25.939" intervalms="25.080" />
<gc-start id="94" type="scavenge" contextid="93" timestamp="2019-08-02T18:53:25.939">
  <mem-info id="95" free="5214064" total="8454144" percent="61">
    <mem type="nursery" free="0" total="2228224" percent="0">
      <mem type="allocate" free="0" total="1114112" percent="0" />
      <mem type="survivor" free="0" total="1114112" percent="0" />
    </mem>
    <mem type="tenure" free="5214064" total="6225920" percent="83">
      <mem type="soa" free="4965232" total="5914624" percent="83" />
      <mem type="loa" free="248832" total="311296" percent="79" />
    </mem>
    <remembered-set count="2696" />
  </mem-info>
</gc-start>
<allocation-stats totalBytes="409792" >
  <allocated-bytes non-tlh="58336" tlh="351456" />
  <largest-consumer threadName="main" threadId="0000000001E13A00" bytes="409792" />
</allocation-stats>
<gc-op id="96" type="scavenge" timems="1.082" contextid="93" timestamp="2019-08-02T18:53:25.940">
  <scavenger-info tenureage="2" tenuremask="7ffc" tiltratio="50" />
  <memory-copied type="nursery" objects="10872" bytes="558656" bytesdiscarded="147384" />
  <memory-copied type="tenure" objects="6009" bytes="312768" bytesdiscarded="112" />
  <finalization candidates="113" enqueued="0" />
  <ownableSynchronizers candidates="3" cleared="0" />
  <references type="soft" candidates="33" cleared="0" enqueued="0" dynamicThreshold="27" maxThreshold="32" />
  <references type="weak" candidates="168" cleared="4" enqueued="2" />
  <references type="phantom" candidates="5" cleared="0" enqueued="0" />
</gc-op>
<gc-end id="97" type="scavenge" contextid="93" durationms="1.306" usertimems="0.000" systemtimems="0.000" timestamp="2019-08-02T18:53:25.940" activeThreads="8">
  <mem-info id="98" free="5274032" total="8454144" percent="62">
    <mem type="nursery" free="407776" total="2228224" percent="18">
      <mem type="allocate" free="407776" total="1114112" percent="36" />
      <mem type="survivor" free="0" total="1114112" percent="0" />
    </mem>
    <mem type="tenure" free="4866256" total="6225920" percent="78">
      <mem type="soa" free="4617424" total="5914624" percent="78" />
      <mem type="loa" free="248832" total="311296" percent="79" />
    </mem>
    <pending-finalizers system="0" default="0" reference="2" classloader="0" />
    <remembered-set count="1297" />
  </mem-info>
</gc-end>
<cycle-end id="99" type="scavenge" contextid="93" timestamp="2019-08-02T18:53:25.940" />
  <attribute name="elasticGC enabled" value="1" />
  <attribute name= "numThreadsSpecified" value="0" />
  <attribute name="heapSize specified" value="6225920" />
  <attribute name= "numCores" value="8" />
  <attribute name ="GC Interval" value="0" />
  <attribute name ="Control flow" value="3" />
  <attribute name="GC Util Range Max" value="23" />
  <attribute name="Current GC Util" value="7" />
  <attribute name= "Current Time Running" value="298" />
<allocation-satisfied id="100" threadId="0000000001E13A00" bytesRequested="8200" />
<af-end id="101" timestamp="2019-08-02T18:53:25.940" threadId="0000000001E14388" success="true" from="nursery"/>
<exclusive-end id="102" timestamp="2019-08-02T18:53:25.940" durationms="2.000" />

<exclusive-start id="103" timestamp="2019-08-02T18:53:25.953" intervalms="15.041">
  <response-info timems="0.027" idlems="0.027" threads="0" lastid="0000000001E13A00" lastname="main" />
</exclusive-start>
<af-start id="104" threadId="0000000001E14388" totalBytesRequested="130008" timestamp="2019-08-02T18:53:25.953" intervalms="14.989" type="nursery" />
<cycle-start id="105" type="scavenge" contextid="0" timestamp="2019-08-02T18:53:25.954" intervalms="14.921" />
<gc-start id="106" type="scavenge" contextid="105" timestamp="2019-08-02T18:53:25.954">
  <mem-info id="107" free="4954664" total="8454144" percent="58">
    <mem type="nursery" free="95408" total="2228224" percent="4">
      <mem type="allocate" free="95408" total="1114112" percent="8" />
      <mem type="survivor" free="0" total="1114112" percent="0" />
    </mem>
    <mem type="tenure" free="4859256" total="6225920" percent="78">
      <mem type="soa" free="4610424" total="5914624" percent="77" />
      <mem type="loa" free="248832" total="311296" percent="79" />
    </mem>
    <remembered-set count="1405" />
  </mem-info>
</gc-start>
<allocation-stats totalBytes="319280" >
  <allocated-bytes non-tlh="69512" tlh="249768" />
  <largest-consumer threadName="main" threadId="0000000001E13A00" bytes="315184" />
</allocation-stats>
<gc-op id="108" type="scavenge" timems="0.978" contextid="105" timestamp="2019-08-02T18:53:25.955">
  <scavenger-info tenureage="1" tenuremask="7ffe" tiltratio="50" />
  <memory-copied type="nursery" objects="3830" bytes="209384" bytesdiscarded="109064" />
  <memory-copied type="tenure" objects="10870" bytes="558616" bytesdiscarded="96" />
  <finalization candidates="67" enqueued="0" />
  <ownableSynchronizers candidates="2" cleared="0" />
</gc-op>
<gc-end id="109" type="scavenge" contextid="105" durationms="1.160" usertimems="0.000" systemtimems="0.000" timestamp="2019-08-02T18:53:25.955" activeThreads="8">
  <mem-info id="110" free="5147624" total="8454144" percent="60">
    <mem type="nursery" free="861144" total="2228224" percent="38">
      <mem type="allocate" free="861144" total="1179648" percent="73" />
      <mem type="survivor" free="0" total="1048576" percent="0" />
    </mem>
    <mem type="tenure" free="4286480" total="6225920" percent="68">
      <mem type="soa" free="4037648" total="5914624" percent="68" />
      <mem type="loa" free="248832" total="311296" percent="79" />
    </mem>
    <remembered-set count="465" />
  </mem-info>
</gc-end>
<cycle-end id="111" type="scavenge" contextid="105" timestamp="2019-08-02T18:53:25.955" />
  <attribute name="elasticGC enabled" value="1" />
  <attribute name= "numThreadsSpecified" value="0" />
  <attribute name="heapSize specified" value="6225920" />
  <attribute name= "numCores" value="8" />
  <attribute name ="GC Interval" value="0" />
  <attribute name ="Control flow" value="3" />
  <attribute name="GC Util Range Max" value="23" />
  <attribute name="Current GC Util" value="16" />
  <attribute name= "Current Time Running" value="313" />
<allocation-satisfied id="112" threadId="0000000001E13A00" bytesRequested="130008" />
<af-end id="113" timestamp="2019-08-02T18:53:25.955" threadId="0000000001E14388" success="true" from="nursery"/>
<exclusive-end id="114" timestamp="2019-08-02T18:53:25.955" durationms="1.611" />

<exclusive-start id="115" timestamp="2019-08-02T18:53:26.015" intervalms="61.496">
  <response-info timems="0.030" idlems="0.030" threads="0" lastid="0000000001E13A00" lastname="main" />
</exclusive-start>
<af-start id="116" threadId="0000000001E14388" totalBytesRequested="1032" timestamp="2019-08-02T18:53:26.015" intervalms="61.521" type="nursery" />
<cycle-start id="117" type="scavenge" contextid="0" timestamp="2019-08-02T18:53:26.015" intervalms="61.545" />
<gc-start id="118" type="scavenge" contextid="117" timestamp="2019-08-02T18:53:26.015">
  <mem-info id="119" free="4268272" total="8454144" percent="50">
    <mem type="nursery" free="0" total="2228224" percent="0">
      <mem type="allocate" free="0" total="1179648" percent="0" />
      <mem type="survivor" free="0" total="1048576" percent="0" />
    </mem>
    <mem type="tenure" free="4268272" total="6225920" percent="68">
      <mem type="soa" free="4019440" total="5914624" percent="67" />
      <mem type="loa" free="248832" total="311296" percent="79" />
    </mem>
    <remembered-set count="726" />
  </mem-info>
</gc-start>
<allocation-stats totalBytes="842304" >
  <allocated-bytes non-tlh="201240" tlh="641064" />
  <largest-consumer threadName="main" threadId="0000000001E13A00" bytes="842304" />
</allocation-stats>
<gc-op id="120" type="scavenge" timems="0.584" contextid="117" timestamp="2019-08-02T18:53:26.016">
  <scavenger-info tenureage="1" tenuremask="7ffe" tiltratio="52" />
  <memory-copied type="nursery" objects="1673" bytes="109568" bytesdiscarded="63392" />
  <memory-copied type="tenure" objects="3809" bytes="149880" bytesdiscarded="176" />
  <references type="soft" candidates="1" cleared="0" enqueued="0" dynamicThreshold="27" maxThreshold="32" />
  <references type="weak" candidates="14" cleared="11" enqueued="11" />
  <references type="phantom" candidates="1" cleared="0" enqueued="0" />
</gc-op>
<gc-end id="121" type="scavenge" contextid="117" durationms="0.826" usertimems="0.000" systemtimems="0.000" timestamp="2019-08-02T18:53:26.016" activeThreads="8">
  <mem-info id="122" free="5328704" total="8454144" percent="63">
    <mem type="nursery" free="1203280" total="2228224" percent="54">
      <mem type="allocate" free="1203280" total="1376256" percent="87" />
      <mem type="survivor" free="0" total="851968" percent="0" />
    </mem>
    <mem type="tenure" free="4125424" total="6225920" percent="66">
      <mem type="soa" free="3876592" total="5914624" percent="65" />
      <mem type="loa" free="248832" total="311296" percent="79" />
    </mem>
    <pending-finalizers system="0" default="0" reference="11" classloader="0" />
    <remembered-set count="465" />
  </mem-info>
</gc-end>
<cycle-end id="123" type="scavenge" contextid="117" timestamp="2019-08-02T18:53:26.016" />
  <attribute name="elasticGC enabled" value="1" />
  <attribute name= "numThreadsSpecified" value="0" />
  <attribute name="heapSize specified" value="6225920" />
  <attribute name= "numCores" value="8" />
  <attribute name ="GC Interval" value="0" />
  <attribute name ="Control flow" value="3" />
  <attribute name="GC Util Range Max" value="23" />
  <attribute name="Current GC Util" value="3" />
  <attribute name= "Current Time Running" value="375" />
<allocation-satisfied id="124" threadId="0000000001E13A00" bytesRequested="1032" />
<af-end id="125" timestamp="2019-08-02T18:53:26.016" threadId="0000000001E14388" success="true" from="nursery"/>
<exclusive-end id="126" timestamp="2019-08-02T18:53:26.016" durationms="1.365" />

<exclusive-start id="127" timestamp="2019-08-02T18:53:26.042" intervalms="27.279">
  <response-info timems="0.072" idlems="0.072" threads="0" lastid="000000000217B700" lastname="Thread-5" />
</exclusive-start>
<af-start id="128" threadId="000000000217C088" totalBytesRequested="752" timestamp="2019-08-02T18:53:26.042" intervalms="27.319" type="nursery" />
<cycle-start id="129" type="scavenge" contextid="0" timestamp="2019-08-02T18:53:26.042" intervalms="27.304" />
<gc-start id="130" type="scavenge" contextid="129" timestamp="2019-08-02T18:53:26.042">
  <mem-info id="131" free="4108080" total="8454144" percent="48">
    <mem type="nursery" free="0" total="2228224" percent="0">
      <mem type="allocate" free="0" total="1376256" percent="0" />
      <mem type="survivor" free="0" total="851968" percent="0" />
    </mem>
    <mem type="tenure" free="4108080" total="6225920" percent="65">
      <mem type="soa" free="3859248" total="5914624" percent="65" />
      <mem type="loa" free="248832" total="311296" percent="79" />
    </mem>
    <remembered-set count="713" />
  </mem-info>
</gc-start>
<allocation-stats totalBytes="1217728" >
  <allocated-bytes non-tlh="289776" tlh="927952" />
  <largest-consumer threadName="main" threadId="0000000001E13A00" bytes="823272" />
</allocation-stats>
<gc-op id="132" type="scavenge" timems="0.326" contextid="129" timestamp="2019-08-02T18:53:26.043">
  <scavenger-info tenureage="2" tenuremask="7ffc" tiltratio="61" />
  <memory-copied type="nursery" objects="3612" bytes="528464" bytesdiscarded="41744" />
  <references type="soft" candidates="5" cleared="0" enqueued="0" dynamicThreshold="27" maxThreshold="32" />
  <references type="weak" candidates="13" cleared="9" enqueued="9" />
</gc-op>
<gc-end id="133" type="scavenge" contextid="129" durationms="0.558" usertimems="4.000" systemtimems="0.000" timestamp="2019-08-02T18:53:26.043" activeThreads="8">
  <mem-info id="134" free="4717400" total="8454144" percent="55">
    <mem type="nursery" free="609320" total="2228224" percent="27">
      <mem type="allocate" free="609320" total="1179648" percent="51" />
      <mem type="survivor" free="0" total="1048576" percent="0" />
    </mem>
    <mem type="tenure" free="4108080" total="6225920" percent="65">
      <mem type="soa" free="3859248" total="5914624" percent="65" />
      <mem type="loa" free="248832" total="311296" percent="79" />
    </mem>
    <pending-finalizers system="0" default="0" reference="9" classloader="0" />
    <remembered-set count="585" />
  </mem-info>
</gc-end>
<cycle-end id="135" type="scavenge" contextid="129" timestamp="2019-08-02T18:53:26.043" />
  <attribute name="elasticGC enabled" value="1" />
  <attribute name= "numThreadsSpecified" value="0" />
  <attribute name="heapSize specified" value="6225920" />
  <attribute name= "numCores" value="8" />
  <attribute name ="GC Interval" value="0" />
  <attribute name ="Control flow" value="3" />
  <attribute name="GC Util Range Max" value="23" />
  <attribute name="Current GC Util" value="4" />
  <attribute name= "Current Time Running" value="402" />
<allocation-satisfied id="136" threadId="000000000217B700" bytesRequested="752" />
<af-end id="137" timestamp="2019-08-02T18:53:26.043" threadId="000000000217C088" success="true" from="nursery"/>
<exclusive-end id="138" timestamp="2019-08-02T18:53:26.043" durationms="1.150" />

<exclusive-start id="139" timestamp="2019-08-02T18:53:26.049" intervalms="6.639">
  <response-info timems="0.026" idlems="0.026" threads="0" lastid="000000000217B700" lastname="Thread-5" />
</exclusive-start>
<af-start id="140" threadId="000000000217C088" totalBytesRequested="2000" timestamp="2019-08-02T18:53:26.049" intervalms="6.593" type="nursery" />
<cycle-start id="141" type="scavenge" contextid="0" timestamp="2019-08-02T18:53:26.049" intervalms="6.585" />
<gc-start id="142" type="scavenge" contextid="141" timestamp="2019-08-02T18:53:26.049">
  <mem-info id="143" free="4108080" total="8454144" percent="48">
    <mem type="nursery" free="0" total="2228224" percent="0">
      <mem type="allocate" free="0" total="1179648" percent="0" />
      <mem type="survivor" free="0" total="1048576" percent="0" />
    </mem>
    <mem type="tenure" free="4108080" total="6225920" percent="65">
      <mem type="soa" free="3859248" total="5914624" percent="65" />
      <mem type="loa" free="248832" total="311296" percent="79" />
    </mem>
    <remembered-set count="585" />
  </mem-info>
</gc-start>
<allocation-stats totalBytes="603192" >
  <allocated-bytes non-tlh="163592" tlh="439600" />
  <largest-consumer threadName="Thread-5" threadId="000000000217B700" bytes="428064" />
</allocation-stats>
<gc-op id="144" type="scavenge" timems="0.626" contextid="141" timestamp="2019-08-02T18:53:26.050">
  <scavenger-info tenureage="1" tenuremask="7ffe" tiltratio="52" />
  <memory-copied type="nursery" objects="705" bytes="601800" bytesdiscarded="38016" />
  <memory-copied type="tenure" objects="3576" bytes="527328" bytesdiscarded="104" />
</gc-op>
<gc-end id="145" type="scavenge" contextid="141" durationms="0.856" usertimems="0.000" systemtimems="0.000" timestamp="2019-08-02T18:53:26.050" activeThreads="8">
  <mem-info id="146" free="4307984" total="8454144" percent="50">
    <mem type="nursery" free="736440" total="2228224" percent="33">
      <mem type="allocate" free="736440" total="1376256" percent="53" />
      <mem type="survivor" free="0" total="851968" percent="0" />
    </mem>
    <mem type="tenure" free="3571544" total="6225920" percent="57">
      <mem type="soa" free="3322712" total="5914624" percent="56" />
      <mem type="loa" free="248832" total="311296" percent="79" />
    </mem>
    <remembered-set count="351" />
  </mem-info>
</gc-end>
<cycle-end id="147" type="scavenge" contextid="141" timestamp="2019-08-02T18:53:26.050" />
  <attribute name="elasticGC enabled" value="1" />
  <attribute name= "numThreadsSpecified" value="0" />
  <attribute name="heapSize specified" value="6225920" />
  <attribute name= "numCores" value="8" />
  <attribute name ="GC Interval" value="0" />
  <attribute name ="Control flow" value="3" />
  <attribute name="GC Util Range Max" value="23" />
  <attribute name="Current GC Util" value="13" />
  <attribute name= "Current Time Running" value="408" />
<allocation-satisfied id="148" threadId="000000000217B700" bytesRequested="2000" />
<af-end id="149" timestamp="2019-08-02T18:53:26.050" threadId="000000000217C088" success="true" from="nursery"/>
<exclusive-end id="150" timestamp="2019-08-02T18:53:26.050" durationms="1.386" />

<exclusive-start id="151" timestamp="2019-08-02T18:53:26.057" intervalms="7.814">
  <response-info timems="0.064" idlems="0.064" threads="1" lastid="000000000218A700" lastname="Thread-9" />
</exclusive-start>
<af-start id="152" threadId="0000000002174888" totalBytesRequested="24" timestamp="2019-08-02T18:53:26.057" intervalms="7.829" type="nursery" />
<cycle-start id="153" type="scavenge" contextid="0" timestamp="2019-08-02T18:53:26.057" intervalms="7.857" />
<gc-start id="154" type="scavenge" contextid="153" timestamp="2019-08-02T18:53:26.057">
  <mem-info id="155" free="3571544" total="8454144" percent="42">
    <mem type="nursery" free="0" total="2228224" percent="0">
      <mem type="allocate" free="0" total="1376256" percent="0" />
      <mem type="survivor" free="0" total="851968" percent="0" />
    </mem>
    <mem type="tenure" free="3571544" total="6225920" percent="57">
      <mem type="soa" free="3322712" total="5914624" percent="56" />
      <mem type="loa" free="248832" total="311296" percent="79" />
    </mem>
    <remembered-set count="352" />
  </mem-info>
</gc-start>
<allocation-stats totalBytes="720728" >
  <allocated-bytes non-tlh="2000" tlh="718728" />
  <largest-consumer threadName="Thread-5" threadId="000000000217B700" bytes="720728" />
</allocation-stats>
<gc-op id="156" type="scavenge" timems="0.727" contextid="153" timestamp="2019-08-02T18:53:26.058">
  <scavenger-info tenureage="1" tenuremask="7ffe" tiltratio="61" />
  <memory-copied type="nursery" objects="354" bytes="713136" bytesdiscarded="132088" />
  <memory-copied type="tenure" objects="705" bytes="601800" bytesdiscarded="528" />
</gc-op>
<heap-resize id="157" type="expand" space="nursery" amount="262144" count="1" timems="0.013" reason="excessive time being spent scavenging" timestamp="2019-08-02T18:53:26.058" />
<gc-end id="158" type="scavenge" contextid="153" durationms="1.298" usertimems="0.000" systemtimems="0.000" timestamp="2019-08-02T18:53:26.058" activeThreads="8">
  <mem-info id="159" free="3576680" total="8716288" percent="41">
    <mem type="nursery" free="596568" total="2490368" percent="23">
      <mem type="allocate" free="596568" total="1441792" percent="41" />
      <mem type="survivor" free="0" total="1048576" percent="0" />
    </mem>
    <mem type="tenure" free="2980112" total="6225920" percent="47">
      <mem type="soa" free="2731280" total="5914624" percent="46" />
      <mem type="loa" free="248832" total="311296" percent="79" />
    </mem>
    <remembered-set count="116" />
  </mem-info>
</gc-end>
<cycle-end id="160" type="scavenge" contextid="153" timestamp="2019-08-02T18:53:26.058" />
  <attribute name="elasticGC enabled" value="1" />
  <attribute name= "numThreadsSpecified" value="0" />
  <attribute name="heapSize specified" value="6225920" />
  <attribute name= "numCores" value="8" />
  <attribute name ="GC Interval" value="0" />
  <attribute name ="Control flow" value="3" />
  <attribute name="GC Util Range Max" value="23" />
  <attribute name="Current GC Util" value="19" />
  <attribute name= "Current Time Running" value="416" />
<allocation-satisfied id="161" threadId="0000000002173F00" bytesRequested="24" />
<af-end id="162" timestamp="2019-08-02T18:53:26.058" threadId="0000000002174888" success="true" from="nursery"/>
<exclusive-end id="163" timestamp="2019-08-02T18:53:26.058" durationms="1.867" />

<exclusive-start id="164" timestamp="2019-08-02T18:53:26.082" intervalms="25.471">
  <response-info timems="0.076" idlems="0.076" threads="0" lastid="0000000002182F00" lastname="Thread-7" />
</exclusive-start>
<af-start id="165" threadId="0000000002183888" totalBytesRequested="48" timestamp="2019-08-02T18:53:26.082" intervalms="25.568" type="nursery" />
<cycle-start id="166" type="scavenge" contextid="0" timestamp="2019-08-02T18:53:26.082" intervalms="25.582" />
<gc-start id="167" type="scavenge" contextid="166" timestamp="2019-08-02T18:53:26.083">
  <mem-info id="168" free="2977920" total="8716288" percent="34">
    <mem type="nursery" free="0" total="2490368" percent="0">
      <mem type="allocate" free="0" total="1441792" percent="0" />
      <mem type="survivor" free="0" total="1048576" percent="0" />
    </mem>
    <mem type="tenure" free="2977920" total="6225920" percent="47">
      <mem type="soa" free="2729088" total="5914624" percent="46" />
      <mem type="loa" free="248832" total="311296" percent="79" />
    </mem>
    <remembered-set count="155" />
  </mem-info>
</gc-start>
<allocation-stats totalBytes="597176" >
  <allocated-bytes non-tlh="187936" tlh="409240" />
  <largest-consumer threadName="Thread-7" threadId="0000000002182F00" bytes="407760" />
</allocation-stats>
<gc-op id="169" type="scavenge" timems="1.791" contextid="166" timestamp="2019-08-02T18:53:26.085">
  <scavenger-info tenureage="1" tenuremask="7ffe" tiltratio="57" />
  <memory-copied type="nursery" objects="883" bytes="189800" bytesdiscarded="256040" />
  <memory-copied type="tenure" objects="352" bytes="713088" bytesdiscarded="0" />
</gc-op>
<gc-end id="170" type="scavenge" contextid="166" durationms="2.445" usertimems="0.000" systemtimems="4.000" timestamp="2019-08-02T18:53:26.085" activeThreads="8">
  <mem-info id="171" free="3391048" total="8716288" percent="38">
    <mem type="nursery" free="1127024" total="2490368" percent="45">
      <mem type="allocate" free="1127024" total="1572864" percent="71" />
      <mem type="survivor" free="0" total="917504" percent="0" />
    </mem>
    <mem type="tenure" free="2264024" total="6225920" percent="36">
      <mem type="soa" free="2015192" total="5914624" percent="34" />
      <mem type="loa" free="248832" total="311296" percent="79" />
    </mem>
    <remembered-set count="149" />
  </mem-info>
</gc-end>
<cycle-end id="172" type="scavenge" contextid="166" timestamp="2019-08-02T18:53:26.085" />
  <attribute name="elasticGC enabled" value="1" />
  <attribute name= "numThreadsSpecified" value="0" />
  <attribute name="heapSize specified" value="6225920" />
  <attribute name= "numCores" value="8" />
  <attribute name ="GC Interval" value="0" />
  <attribute name ="Control flow" value="3" />
  <attribute name="GC Util Range Max" value="23" />
  <attribute name="Current GC Util" value="6" />
  <attribute name= "Current Time Running" value="442" />
<allocation-satisfied id="173" threadId="0000000002182F00" bytesRequested="48" />
<af-end id="174" timestamp="2019-08-02T18:53:26.085" threadId="0000000002183888" success="true" from="nursery"/>
<exclusive-end id="175" timestamp="2019-08-02T18:53:26.085" durationms="3.400" />

<exclusive-start id="176" timestamp="2019-08-02T18:53:26.126" intervalms="44.307">
  <response-info timems="0.076" idlems="0.076" threads="0" lastid="000000000217F300" lastname="Thread-6" />
</exclusive-start>
<af-start id="177" threadId="000000000217FC88" totalBytesRequested="49160" timestamp="2019-08-02T18:53:26.127" intervalms="44.295" type="nursery" />
<cycle-start id="178" type="scavenge" contextid="0" timestamp="2019-08-02T18:53:26.127" intervalms="44.740" />
<gc-start id="179" type="scavenge" contextid="178" timestamp="2019-08-02T18:53:26.127">
  <mem-info id="180" free="2280744" total="8716288" percent="26">
    <mem type="nursery" free="16952" total="2490368" percent="0">
      <mem type="allocate" free="16952" total="1572864" percent="1" />
      <mem type="survivor" free="0" total="917504" percent="0" />
    </mem>
    <mem type="tenure" free="2263792" total="6225920" percent="36">
      <mem type="soa" free="2014960" total="5914624" percent="34" />
      <mem type="loa" free="248832" total="311296" percent="79" />
    </mem>
    <remembered-set count="152" />
  </mem-info>
</gc-start>
<allocation-stats totalBytes="1110184" >
  <allocated-bytes non-tlh="594208" tlh="515976" />
  <largest-consumer threadName="Thread-6" threadId="000000000217F300" bytes="598160" />
</allocation-stats>
<gc-op id="181" type="scavenge" timems="0.400" contextid="178" timestamp="2019-08-02T18:53:26.128">
  <scavenger-info tenureage="1" tenuremask="7ffe" tiltratio="63" />
  <memory-copied type="nursery" objects="3285" bytes="354880" bytesdiscarded="46032" />
  <memory-copied type="tenure" objects="872" bytes="189560" bytesdiscarded="24" />
</gc-op>
<gc-end id="182" type="scavenge" contextid="178" durationms="0.907" usertimems="4.000" systemtimems="0.000" timestamp="2019-08-02T18:53:26.128" activeThreads="8">
  <mem-info id="183" free="3282368" total="8716288" percent="37">
    <mem type="nursery" free="1237488" total="2490368" percent="49">
      <mem type="allocate" free="1237488" total="1638400" percent="75" />
      <mem type="survivor" free="0" total="851968" percent="0" />
    </mem>
    <mem type="tenure" free="2044880" total="6225920" percent="32">
      <mem type="soa" free="1796048" total="5914624" percent="30" />
      <mem type="loa" free="248832" total="311296" percent="79" />
    </mem>
    <remembered-set count="170" />
  </mem-info>
</gc-end>
<cycle-end id="184" type="scavenge" contextid="178" timestamp="2019-08-02T18:53:26.128" />
  <attribute name="elasticGC enabled" value="1" />
  <attribute name= "numThreadsSpecified" value="0" />
  <attribute name="heapSize specified" value="6225920" />
  <attribute name= "numCores" value="8" />
  <attribute name ="GC Interval" value="0" />
  <attribute name ="Control flow" value="3" />
  <attribute name="GC Util Range Max" value="23" />
  <attribute name="Current GC Util" value="7" />
  <attribute name= "Current Time Running" value="487" />
<allocation-satisfied id="185" threadId="000000000217F300" bytesRequested="49160" />
<af-end id="186" timestamp="2019-08-02T18:53:26.129" threadId="000000000217FC88" success="true" from="nursery"/>
<exclusive-end id="187" timestamp="2019-08-02T18:53:26.129" durationms="2.227" />

<exclusive-start id="188" timestamp="2019-08-02T18:53:26.164" intervalms="38.018">
  <response-info timems="0.069" idlems="0.069" threads="0" lastid="000000000217F300" lastname="Thread-6" />
</exclusive-start>
<af-start id="189" threadId="000000000217FC88" totalBytesRequested="872" timestamp="2019-08-02T18:53:26.165" intervalms="37.956" type="nursery" />
<cycle-start id="190" type="scavenge" contextid="0" timestamp="2019-08-02T18:53:26.165" intervalms="37.512" />
<gc-start id="191" type="scavenge" contextid="190" timestamp="2019-08-02T18:53:26.165">
  <mem-info id="192" free="2044880" total="8716288" percent="23">
    <mem type="nursery" free="0" total="2490368" percent="0">
      <mem type="allocate" free="0" total="1638400" percent="0" />
      <mem type="survivor" free="0" total="851968" percent="0" />
    </mem>
    <mem type="tenure" free="2044880" total="6225920" percent="32">
      <mem type="soa" free="1796048" total="5914624" percent="30" />
      <mem type="loa" free="248832" total="311296" percent="79" />
    </mem>
    <remembered-set count="170" />
  </mem-info>
</gc-start>
<allocation-stats totalBytes="1234856" >
  <allocated-bytes non-tlh="157480" tlh="1077376" />
  <largest-consumer threadName="Thread-6" threadId="000000000217F300" bytes="1234856" />
</allocation-stats>
<gc-op id="193" type="scavenge" timems="0.417" contextid="190" timestamp="2019-08-02T18:53:26.165">
  <scavenger-info tenureage="1" tenuremask="7ffe" tiltratio="65" />
  <memory-copied type="nursery" objects="11" bytes="88096" bytesdiscarded="280" />
  <memory-copied type="tenure" objects="3280" bytes="256376" bytesdiscarded="496" />
</gc-op>
<gc-end id="194" type="scavenge" contextid="190" durationms="0.819" usertimems="0.000" systemtimems="0.000" timestamp="2019-08-02T18:53:26.166" activeThreads="8">
  <mem-info id="195" free="3357888" total="8716288" percent="38">
    <mem type="nursery" free="1615560" total="2490368" percent="64">
      <mem type="allocate" free="1615560" total="1703936" percent="94" />
      <mem type="survivor" free="0" total="786432" percent="0" />
    </mem>
    <mem type="tenure" free="1742328" total="6225920" percent="27">
      <mem type="soa" free="1493496" total="5914624" percent="25" />
      <mem type="loa" free="248832" total="311296" percent="79" />
    </mem>
    <remembered-set count="149" />
  </mem-info>
</gc-end>
<cycle-end id="196" type="scavenge" contextid="190" timestamp="2019-08-02T18:53:26.166" />
  <attribute name="elasticGC enabled" value="1" />
  <attribute name= "numThreadsSpecified" value="0" />
  <attribute name="heapSize specified" value="6225920" />
  <attribute name= "numCores" value="8" />
  <attribute name ="GC Interval" value="0" />
  <attribute name ="Control flow" value="3" />
  <attribute name="GC Util Range Max" value="23" />
  <attribute name="Current GC Util" value="2" />
  <attribute name= "Current Time Running" value="524" />
<allocation-satisfied id="197" threadId="000000000217F300" bytesRequested="872" />
<af-end id="198" timestamp="2019-08-02T18:53:26.166" threadId="000000000217FC88" success="true" from="nursery"/>
<exclusive-end id="199" timestamp="2019-08-02T18:53:26.166" durationms="1.538" />

<exclusive-start id="200" timestamp="2019-08-02T18:53:26.169" intervalms="4.967">
  <response-info timems="0.037" idlems="0.037" threads="0" lastid="000000000217F300" lastname="Thread-6" />
</exclusive-start>
<af-start id="201" threadId="000000000217FC88" totalBytesRequested="2360" timestamp="2019-08-02T18:53:26.169" intervalms="4.899" type="nursery" />
<cycle-start id="202" type="scavenge" contextid="0" timestamp="2019-08-02T18:53:26.169" intervalms="4.857" />
<gc-start id="203" type="scavenge" contextid="202" timestamp="2019-08-02T18:53:26.170">
  <mem-info id="204" free="1742328" total="8716288" percent="19">
    <mem type="nursery" free="0" total="2490368" percent="0">
      <mem type="allocate" free="0" total="1703936" percent="0" />
      <mem type="survivor" free="0" total="786432" percent="0" />
    </mem>
    <mem type="tenure" free="1742328" total="6225920" percent="27">
      <mem type="soa" free="1493496" total="5914624" percent="25" />
      <mem type="loa" free="248832" total="311296" percent="79" />
    </mem>
    <remembered-set count="149" />
  </mem-info>
</gc-start>
<allocation-stats totalBytes="1610968" >
  <allocated-bytes non-tlh="872" tlh="1610096" />
  <largest-consumer threadName="Thread-6" threadId="000000000217F300" bytes="1610968" />
</allocation-stats>
<gc-op id="205" type="scavenge" timems="0.189" contextid="202" timestamp="2019-08-02T18:53:26.170">
  <scavenger-info tenureage="2" tenuremask="7ffc" tiltratio="68" />
  <memory-copied type="nursery" objects="11" bytes="155560" bytesdiscarded="25448" />
</gc-op>
<gc-end id="206" type="scavenge" contextid="202" durationms="0.367" usertimems="0.000" systemtimems="0.000" timestamp="2019-08-02T18:53:26.170" activeThreads="8">
  <mem-info id="207" free="3396328" total="8716288" percent="38">
    <mem type="nursery" free="1654000" total="2490368" percent="66">
      <mem type="allocate" free="1654000" total="1835008" percent="90" />
      <mem type="survivor" free="0" total="655360" percent="0" />
    </mem>
    <mem type="tenure" free="1742328" total="6225920" percent="27">
      <mem type="soa" free="1493496" total="5914624" percent="25" />
      <mem type="loa" free="248832" total="311296" percent="79" />
    </mem>
    <remembered-set count="147" />
  </mem-info>
</gc-end>
<cycle-end id="208" type="scavenge" contextid="202" timestamp="2019-08-02T18:53:26.170" />
  <attribute name="elasticGC enabled" value="1" />
  <attribute name= "numThreadsSpecified" value="0" />
  <attribute name="heapSize specified" value="6225920" />
  <attribute name= "numCores" value="8" />
  <attribute name ="GC Interval" value="0" />
  <attribute name ="Control flow" value="3" />
  <attribute name="GC Util Range Max" value="23" />
  <attribute name="Current GC Util" value="23" />
  <attribute name= "Current Time Running" value="529" />
<allocation-satisfied id="209" threadId="000000000217F300" bytesRequested="2360" />
<af-end id="210" timestamp="2019-08-02T18:53:26.170" threadId="000000000217FC88" success="true" from="nursery"/>
<exclusive-end id="211" timestamp="2019-08-02T18:53:26.170" durationms="0.799" />

<exclusive-start id="212" timestamp="2019-08-02T18:53:26.174" intervalms="4.312">
  <response-info timems="0.027" idlems="0.027" threads="0" lastid="000000000217F300" lastname="Thread-6" />
</exclusive-start>
<af-start id="213" threadId="000000000217FC88" totalBytesRequested="5720" timestamp="2019-08-02T18:53:26.174" intervalms="4.305" type="nursery" />
<cycle-start id="214" type="scavenge" contextid="0" timestamp="2019-08-02T18:53:26.174" intervalms="4.336" />
<gc-start id="215" type="scavenge" contextid="214" timestamp="2019-08-02T18:53:26.174">
  <mem-info id="216" free="1742328" total="8716288" percent="19">
    <mem type="nursery" free="0" total="2490368" percent="0">
      <mem type="allocate" free="0" total="1835008" percent="0" />
      <mem type="survivor" free="0" total="655360" percent="0" />
    </mem>
    <mem type="tenure" free="1742328" total="6225920" percent="27">
      <mem type="soa" free="1493496" total="5914624" percent="25" />
      <mem type="loa" free="248832" total="311296" percent="79" />
    </mem>
    <remembered-set count="147" />
  </mem-info>
</gc-start>
<allocation-stats totalBytes="1637144" >
  <allocated-bytes non-tlh="2360" tlh="1634784" />
  <largest-consumer threadName="Thread-6" threadId="000000000217F300" bytes="1637144" />
</allocation-stats>
<gc-op id="217" type="scavenge" timems="0.179" contextid="214" timestamp="2019-08-02T18:53:26.174">
  <scavenger-info tenureage="3" tenuremask="7ff8" tiltratio="73" />
  <memory-copied type="nursery" objects="13" bytes="121312" bytesdiscarded="10848" />
</gc-op>
<gc-end id="218" type="scavenge" contextid="214" durationms="0.351" usertimems="0.000" systemtimems="0.000" timestamp="2019-08-02T18:53:26.174" activeThreads="8">
  <mem-info id="219" free="3510712" total="8716288" percent="40">
    <mem type="nursery" free="1768384" total="2490368" percent="71">
      <mem type="allocate" free="1768384" total="1900544" percent="93" />
      <mem type="survivor" free="0" total="589824" percent="0" />
    </mem>
    <mem type="tenure" free="1742328" total="6225920" percent="27">
      <mem type="soa" free="1493496" total="5914624" percent="25" />
      <mem type="loa" free="248832" total="311296" percent="79" />
    </mem>
    <remembered-set count="146" />
  </mem-info>
</gc-end>
<cycle-end id="220" type="scavenge" contextid="214" timestamp="2019-08-02T18:53:26.174" />
  <attribute name="elasticGC enabled" value="1" />
  <attribute name= "numThreadsSpecified" value="0" />
  <attribute name="heapSize specified" value="6225920" />
  <attribute name= "numCores" value="8" />
  <attribute name ="GC Interval" value="0" />
  <attribute name ="Control flow" value="3" />
  <attribute name="GC Util Range Max" value="23" />
  <attribute name="Current GC Util" value="12" />
  <attribute name= "Current Time Running" value="533" />
<allocation-satisfied id="221" threadId="000000000217F300" bytesRequested="5720" />
<af-end id="222" timestamp="2019-08-02T18:53:26.174" threadId="000000000217FC88" success="true" from="nursery"/>
<exclusive-end id="223" timestamp="2019-08-02T18:53:26.175" durationms="0.868" />

<exclusive-start id="224" timestamp="2019-08-02T18:53:26.186" intervalms="12.550">
  <response-info timems="0.084" idlems="0.084" threads="0" lastid="0000000002182F00" lastname="Thread-11" />
</exclusive-start>
<af-start id="225" threadId="0000000002183888" totalBytesRequested="48" timestamp="2019-08-02T18:53:26.186" intervalms="12.600" type="nursery" />
<cycle-start id="226" type="scavenge" contextid="0" timestamp="2019-08-02T18:53:26.186" intervalms="12.612" />
<gc-start id="227" type="scavenge" contextid="226" timestamp="2019-08-02T18:53:26.187">
  <mem-info id="228" free="1736888" total="8716288" percent="19">
    <mem type="nursery" free="0" total="2490368" percent="0">
      <mem type="allocate" free="0" total="1900544" percent="0" />
      <mem type="survivor" free="0" total="589824" percent="0" />
    </mem>
    <mem type="tenure" free="1736888" total="6225920" percent="27">
      <mem type="soa" free="1488056" total="5914624" percent="25" />
      <mem type="loa" free="248832" total="311296" percent="79" />
    </mem>
    <remembered-set count="231" />
  </mem-info>
</gc-start>
<allocation-stats totalBytes="1769168" >
  <allocated-bytes non-tlh="603928" tlh="1165240" />
  <largest-consumer threadName="Thread-11" threadId="0000000002182F00" bytes="165872" />
</allocation-stats>
<gc-op id="229" type="scavenge" timems="1.938" contextid="226" timestamp="2019-08-02T18:53:26.189">
  <scavenger-info tenureage="4" tenuremask="7ff0" tiltratio="76" />
  <memory-copied type="nursery" objects="2092" bytes="265680" bytesdiscarded="57136" />
</gc-op>
<heap-resize id="230" type="expand" space="nursery" amount="262144" count="1" timems="0.022" reason="excessive time being spent scavenging" timestamp="2019-08-02T18:53:26.189" />
<gc-end id="231" type="scavenge" contextid="226" durationms="2.296" usertimems="4.000" systemtimems="0.000" timestamp="2019-08-02T18:53:26.189" activeThreads="8">
  <mem-info id="232" free="3511152" total="8978432" percent="39">
    <mem type="nursery" free="1774264" total="2752512" percent="64">
      <mem type="allocate" free="1774264" total="2097152" percent="84" />
      <mem type="survivor" free="0" total="655360" percent="0" />
    </mem>
    <mem type="tenure" free="1736888" total="6225920" percent="27">
      <mem type="soa" free="1488056" total="5914624" percent="25" />
      <mem type="loa" free="248832" total="311296" percent="79" />
    </mem>
    <remembered-set count="226" />
  </mem-info>
</gc-end>
<cycle-end id="233" type="scavenge" contextid="226" timestamp="2019-08-02T18:53:26.189" />
  <attribute name="elasticGC enabled" value="1" />
  <attribute name= "numThreadsSpecified" value="0" />
  <attribute name="heapSize specified" value="6225920" />
  <attribute name= "numCores" value="8" />
  <attribute name ="GC Interval" value="0" />
  <attribute name ="Control flow" value="3" />
  <attribute name="GC Util Range Max" value="23" />
  <attribute name="Current GC Util" value="3" />
  <attribute name= "Current Time Running" value="546" />
<allocation-satisfied id="234" threadId="0000000002182F00" bytesRequested="48" />
<af-end id="235" timestamp="2019-08-02T18:53:26.189" threadId="0000000002183888" success="true" from="nursery"/>
<exclusive-end id="236" timestamp="2019-08-02T18:53:26.189" durationms="2.881" />

<exclusive-start id="237" timestamp="2019-08-02T18:53:26.263" intervalms="76.966">
  <response-info timems="0.066" idlems="0.066" threads="0" lastid="0000000002182F00" lastname="Thread-11" />
</exclusive-start>
<af-start id="238" threadId="0000000002183888" totalBytesRequested="24" timestamp="2019-08-02T18:53:26.263" intervalms="76.995" type="nursery" />
<cycle-start id="239" type="scavenge" contextid="0" timestamp="2019-08-02T18:53:26.263" intervalms="77.020" />
<gc-start id="240" type="scavenge" contextid="239" timestamp="2019-08-02T18:53:26.264">
  <mem-info id="241" free="1736504" total="8978432" percent="19">
    <mem type="nursery" free="0" total="2752512" percent="0">
      <mem type="allocate" free="0" total="2097152" percent="0" />
      <mem type="survivor" free="0" total="655360" percent="0" />
    </mem>
    <mem type="tenure" free="1736504" total="6225920" percent="27">
      <mem type="soa" free="1487672" total="5914624" percent="25" />
      <mem type="loa" free="248832" total="311296" percent="79" />
    </mem>
    <remembered-set count="235" />
  </mem-info>
</gc-start>
<allocation-stats totalBytes="1774256" >
  <allocated-bytes non-tlh="432" tlh="1773824" />
  <largest-consumer threadName="Thread-11" threadId="0000000002182F00" bytes="1774256" />
</allocation-stats>
<gc-op id="242" type="scavenge" timems="1.904" contextid="239" timestamp="2019-08-02T18:53:26.266">
  <scavenger-info tenureage="4" tenuremask="7ff0" tiltratio="76" />
  <memory-copied type="nursery" objects="5569" bytes="429536" bytesdiscarded="26552" />
</gc-op>
<gc-end id="243" type="scavenge" contextid="239" durationms="2.203" usertimems="4.000" systemtimems="0.000" timestamp="2019-08-02T18:53:26.266" activeThreads="8">
  <mem-info id="244" free="3377496" total="8978432" percent="37">
    <mem type="nursery" free="1640992" total="2752512" percent="59">
      <mem type="allocate" free="1640992" total="2097152" percent="78" />
      <mem type="survivor" free="0" total="655360" percent="0" />
    </mem>
    <mem type="tenure" free="1736504" total="6225920" percent="27">
      <mem type="soa" free="1487672" total="5914624" percent="25" />
      <mem type="loa" free="248832" total="311296" percent="79" />
    </mem>
    <remembered-set count="160" />
  </mem-info>
</gc-end>
<cycle-end id="245" type="scavenge" contextid="239" timestamp="2019-08-02T18:53:26.266" />
  <attribute name="elasticGC enabled" value="1" />
  <attribute name= "numThreadsSpecified" value="0" />
  <attribute name="heapSize specified" value="6225920" />
  <attribute name= "numCores" value="8" />
  <attribute name ="GC Interval" value="0" />
  <attribute name ="Control flow" value="3" />
  <attribute name="GC Util Range Max" value="23" />
  <attribute name="Current GC Util" value="3" />
  <attribute name= "Current Time Running" value="623" />
<allocation-satisfied id="246" threadId="0000000002182F00" bytesRequested="24" />
<af-end id="247" timestamp="2019-08-02T18:53:26.266" threadId="0000000002183888" success="true" from="nursery"/>
<exclusive-end id="248" timestamp="2019-08-02T18:53:26.266" durationms="3.043" />

<exclusive-start id="249" timestamp="2019-08-02T18:53:26.283" intervalms="19.808">
  <response-info timems="0.061" idlems="0.061" threads="0" lastid="0000000002182F00" lastname="Thread-11" />
</exclusive-start>
<af-start id="250" threadId="0000000002183888" totalBytesRequested="24" timestamp="2019-08-02T18:53:26.283" intervalms="19.740" type="nursery" />
<cycle-start id="251" type="scavenge" contextid="0" timestamp="2019-08-02T18:53:26.283" intervalms="19.670" />
<gc-start id="252" type="scavenge" contextid="251" timestamp="2019-08-02T18:53:26.283">
  <mem-info id="253" free="1736504" total="8978432" percent="19">
    <mem type="nursery" free="0" total="2752512" percent="0">
      <mem type="allocate" free="0" total="2097152" percent="0" />
      <mem type="survivor" free="0" total="655360" percent="0" />
    </mem>
    <mem type="tenure" free="1736504" total="6225920" percent="27">
      <mem type="soa" free="1487672" total="5914624" percent="25" />
      <mem type="loa" free="248832" total="311296" percent="79" />
    </mem>
    <remembered-set count="160" />
  </mem-info>
</gc-start>
<allocation-stats totalBytes="1640760" >
  <allocated-bytes non-tlh="24" tlh="1640736" />
  <largest-consumer threadName="Thread-11" threadId="0000000002182F00" bytes="1640760" />
</allocation-stats>
<gc-op id="254" type="scavenge" timems="1.149" contextid="251" timestamp="2019-08-02T18:53:26.284">
  <scavenger-info tenureage="2" tenuremask="7ff4" tiltratio="76" />
  <memory-copied type="nursery" objects="3627" bytes="167552" bytesdiscarded="65920" />
  <memory-copied type="tenure" objects="2090" bytes="265536" bytesdiscarded="64" />
</gc-op>
<gc-end id="255" type="scavenge" contextid="251" durationms="1.354" usertimems="0.000" systemtimems="0.000" timestamp="2019-08-02T18:53:26.285" activeThreads="8">
  <mem-info id="256" free="3263472" total="8978432" percent="36">
    <mem type="nursery" free="1863680" total="2752512" percent="67">
      <mem type="allocate" free="1863680" total="2097152" percent="88" />
      <mem type="survivor" free="0" total="655360" percent="0" />
    </mem>
    <mem type="tenure" free="1399792" total="6225920" percent="22">
      <mem type="soa" free="1150960" total="5914624" percent="19" />
      <mem type="loa" free="248832" total="311296" percent="79" />
    </mem>
    <remembered-set count="191" />
  </mem-info>
</gc-end>
<cycle-end id="257" type="scavenge" contextid="251" timestamp="2019-08-02T18:53:26.285" />
  <attribute name="elasticGC enabled" value="1" />
  <attribute name= "numThreadsSpecified" value="0" />
  <attribute name="heapSize specified" value="6225920" />
  <attribute name= "numCores" value="8" />
  <attribute name ="GC Interval" value="0" />
  <attribute name ="Control flow" value="3" />
  <attribute name="GC Util Range Max" value="23" />
  <attribute name="Current GC Util" value="12" />
  <attribute name= "Current Time Running" value="643" />
<allocation-satisfied id="258" threadId="0000000002182F00" bytesRequested="24" />
<af-end id="259" timestamp="2019-08-02T18:53:26.285" threadId="0000000002183888" success="true" from="nursery"/>
<exclusive-end id="260" timestamp="2019-08-02T18:53:26.285" durationms="1.818" />

<exclusive-start id="261" timestamp="2019-08-02T18:53:26.304" intervalms="20.520">
  <response-info timems="0.025" idlems="0.025" threads="0" lastid="0000000002182F00" lastname="Thread-11" />
</exclusive-start>
<af-start id="262" threadId="0000000002183888" totalBytesRequested="40" timestamp="2019-08-02T18:53:26.304" intervalms="20.524" type="nursery" />
<cycle-start id="263" type="scavenge" contextid="0" timestamp="2019-08-02T18:53:26.304" intervalms="20.526" />
<gc-start id="264" type="scavenge" contextid="263" timestamp="2019-08-02T18:53:26.304">
  <mem-info id="265" free="1399792" total="8978432" percent="15">
    <mem type="nursery" free="0" total="2752512" percent="0">
      <mem type="allocate" free="0" total="2097152" percent="0" />
      <mem type="survivor" free="0" total="655360" percent="0" />
    </mem>
    <mem type="tenure" free="1399792" total="6225920" percent="22">
      <mem type="soa" free="1150960" total="5914624" percent="19" />
      <mem type="loa" free="248832" total="311296" percent="79" />
    </mem>
    <remembered-set count="191" />
  </mem-info>
</gc-start>
<allocation-stats totalBytes="1863376" >
  <allocated-bytes non-tlh="24" tlh="1863352" />
  <largest-consumer threadName="Thread-11" threadId="0000000002182F00" bytes="1863376" />
</allocation-stats>
<gc-op id="266" type="scavenge" timems="0.842" contextid="263" timestamp="2019-08-02T18:53:26.305">
  <scavenger-info tenureage="5" tenuremask="7fe0" tiltratio="76" />
  <memory-copied type="nursery" objects="3741" bytes="170288" bytesdiscarded="47824" />
</gc-op>
<gc-end id="267" type="scavenge" contextid="263" durationms="1.039" usertimems="0.000" systemtimems="0.000" timestamp="2019-08-02T18:53:26.305" activeThreads="8">
  <mem-info id="268" free="3409904" total="8978432" percent="37">
    <mem type="nursery" free="2010112" total="2752512" percent="73">
      <mem type="allocate" free="2010112" total="2228224" percent="90" />
      <mem type="survivor" free="0" total="524288" percent="0" />
    </mem>
    <mem type="tenure" free="1399792" total="6225920" percent="22">
      <mem type="soa" free="1150960" total="5914624" percent="19" />
      <mem type="loa" free="248832" total="311296" percent="79" />
    </mem>
    <remembered-set count="187" />
  </mem-info>
</gc-end>
<cycle-end id="269" type="scavenge" contextid="263" timestamp="2019-08-02T18:53:26.305" />
  <attribute name="elasticGC enabled" value="1" />
  <attribute name= "numThreadsSpecified" value="0" />
  <attribute name="heapSize specified" value="6225920" />
  <attribute name= "numCores" value="8" />
  <attribute name ="GC Interval" value="0" />
  <attribute name ="Control flow" value="3" />
  <attribute name="GC Util Range Max" value="23" />
  <attribute name="Current GC Util" value="8" />
  <attribute name= "Current Time Running" value="663" />
<allocation-satisfied id="270" threadId="0000000002182F00" bytesRequested="40" />
<af-end id="271" timestamp="2019-08-02T18:53:26.305" threadId="0000000002183888" success="true" from="nursery"/>
<exclusive-end id="272" timestamp="2019-08-02T18:53:26.305" durationms="1.501" />

<exclusive-start id="273" timestamp="2019-08-02T18:53:26.320" intervalms="15.996">
  <response-info timems="0.025" idlems="0.025" threads="0" lastid="0000000002182F00" lastname="Thread-11" />
</exclusive-start>
<af-start id="274" threadId="0000000002183888" totalBytesRequested="40" timestamp="2019-08-02T18:53:26.320" intervalms="15.993" type="nursery" />
<cycle-start id="275" type="scavenge" contextid="0" timestamp="2019-08-02T18:53:26.320" intervalms="15.991" />
<gc-start id="276" type="scavenge" contextid="275" timestamp="2019-08-02T18:53:26.320">
  <mem-info id="277" free="1399792" total="8978432" percent="15">
    <mem type="nursery" free="0" total="2752512" percent="0">
      <mem type="allocate" free="0" total="2228224" percent="0" />
      <mem type="survivor" free="0" total="524288" percent="0" />
    </mem>
    <mem type="tenure" free="1399792" total="6225920" percent="22">
      <mem type="soa" free="1150960" total="5914624" percent="19" />
      <mem type="loa" free="248832" total="311296" percent="79" />
    </mem>
    <remembered-set count="271" />
  </mem-info>
</gc-start>
<allocation-stats totalBytes="2009784" >
  <allocated-bytes non-tlh="40" tlh="2009744" />
  <largest-consumer threadName="Thread-11" threadId="0000000002182F00" bytes="2009784" />
</allocation-stats>
<gc-op id="278" type="scavenge" timems="1.146" contextid="275" timestamp="2019-08-02T18:53:26.321">
  <scavenger-info tenureage="3" tenuremask="7fc8" tiltratio="80" />
  <memory-copied type="nursery" objects="471" bytes="11696" bytesdiscarded="97360" />
  <memory-copied type="tenure" objects="3403" bytes="161800" bytesdiscarded="8" />
</gc-op>
<heap-resize id="279" type="expand" space="nursery" amount="131072" count="1" timems="0.021" reason="excessive time being spent scavenging" timestamp="2019-08-02T18:53:26.321" />
<gc-end id="280" type="scavenge" contextid="275" durationms="1.422" usertimems="4.000" systemtimems="0.000" timestamp="2019-08-02T18:53:26.321" activeThreads="8">
  <mem-info id="281" free="3508720" total="9109504" percent="38">
    <mem type="nursery" free="2250240" total="2883584" percent="78">
      <mem type="allocate" free="2250240" total="2359296" percent="95" />
      <mem type="survivor" free="0" total="524288" percent="0" />
    </mem>
    <mem type="tenure" free="1258480" total="6225920" percent="20">
      <mem type="soa" free="1009648" total="5914624" percent="17" />
      <mem type="loa" free="248832" total="311296" percent="79" />
    </mem>
    <remembered-set count="476" />
  </mem-info>
</gc-end>
<cycle-end id="282" type="scavenge" contextid="275" timestamp="2019-08-02T18:53:26.321" />
  <attribute name="elasticGC enabled" value="1" />
  <attribute name= "numThreadsSpecified" value="0" />
  <attribute name="heapSize specified" value="6225920" />
  <attribute name= "numCores" value="8" />
  <attribute name ="GC Interval" value="0" />
  <attribute name ="Control flow" value="3" />
  <attribute name="GC Util Range Max" value="23" />
  <attribute name="Current GC Util" value="8" />
  <attribute name= "Current Time Running" value="679" />
<allocation-satisfied id="283" threadId="0000000002182F00" bytesRequested="40" />
<af-end id="284" timestamp="2019-08-02T18:53:26.321" threadId="0000000002183888" success="true" from="nursery"/>
<exclusive-end id="285" timestamp="2019-08-02T18:53:26.321" durationms="1.876" />

<exclusive-start id="286" timestamp="2019-08-02T18:53:26.338" intervalms="18.826">
  <response-info timems="0.030" idlems="0.030" threads="0" lastid="0000000002182F00" lastname="Thread-11" />
</exclusive-start>
<af-start id="287" threadId="0000000002183888" totalBytesRequested="40" timestamp="2019-08-02T18:53:26.338" intervalms="18.844" type="nursery" />
<cycle-start id="288" type="scavenge" contextid="0" timestamp="2019-08-02T18:53:26.338" intervalms="18.847" />
<gc-start id="289" type="scavenge" contextid="288" timestamp="2019-08-02T18:53:26.339">
  <mem-info id="290" free="1258480" total="9109504" percent="13">
    <mem type="nursery" free="0" total="2883584" percent="0">
      <mem type="allocate" free="0" total="2359296" percent="0" />
      <mem type="survivor" free="0" total="524288" percent="0" />
    </mem>
    <mem type="tenure" free="1258480" total="6225920" percent="20">
      <mem type="soa" free="1009648" total="5914624" percent="17" />
      <mem type="loa" free="248832" total="311296" percent="79" />
    </mem>
    <remembered-set count="567" />
  </mem-info>
</gc-start>
<allocation-stats totalBytes="2249912" >
  <allocated-bytes non-tlh="40" tlh="2249872" />
  <largest-consumer threadName="Thread-11" threadId="0000000002182F00" bytes="2249912" />
</allocation-stats>
<gc-op id="291" type="scavenge" timems="0.588" contextid="288" timestamp="2019-08-02T18:53:26.339">
  <scavenger-info tenureage="7" tenuremask="7f80" tiltratio="81" />
  <memory-copied type="nursery" objects="563" bytes="13904" bytesdiscarded="64432" />
</gc-op>
<gc-end id="292" type="scavenge" contextid="288" durationms="0.791" usertimems="0.000" systemtimems="0.000" timestamp="2019-08-02T18:53:26.339" activeThreads="8">
  <mem-info id="293" free="3670512" total="9109504" percent="40">
    <mem type="nursery" free="2412032" total="2883584" percent="83">
      <mem type="allocate" free="2412032" total="2490368" percent="96" />
      <mem type="survivor" free="0" total="393216" percent="0" />
    </mem>
    <mem type="tenure" free="1258480" total="6225920" percent="20">
      <mem type="soa" free="1009648" total="5914624" percent="17" />
      <mem type="loa" free="248832" total="311296" percent="79" />
    </mem>
    <remembered-set count="567" />
  </mem-info>
</gc-end>
<cycle-end id="294" type="scavenge" contextid="288" timestamp="2019-08-02T18:53:26.339" />
  <attribute name="elasticGC enabled" value="1" />
  <attribute name= "numThreadsSpecified" value="0" />
  <attribute name="heapSize specified" value="6225920" />
  <attribute name= "numCores" value="8" />
  <attribute name ="GC Interval" value="0" />
  <attribute name ="Control flow" value="3" />
  <attribute name="GC Util Range Max" value="23" />
  <attribute name="Current GC Util" value="12" />
  <attribute name= "Current Time Running" value="698" />
<allocation-satisfied id="295" threadId="0000000002182F00" bytesRequested="40" />
<af-end id="296" timestamp="2019-08-02T18:53:26.340" threadId="0000000002183888" success="true" from="nursery"/>
<exclusive-end id="297" timestamp="2019-08-02T18:53:26.340" durationms="1.259" />

<exclusive-start id="298" timestamp="2019-08-02T18:53:26.354" intervalms="15.237">
  <response-info timems="0.077" idlems="0.077" threads="0" lastid="0000000002182F00" lastname="Thread-11" />
</exclusive-start>
<af-start id="299" threadId="0000000002183888" totalBytesRequested="40" timestamp="2019-08-02T18:53:26.354" intervalms="15.226" type="nursery" />
<cycle-start id="300" type="scavenge" contextid="0" timestamp="2019-08-02T18:53:26.354" intervalms="15.229" />
<gc-start id="301" type="scavenge" contextid="300" timestamp="2019-08-02T18:53:26.354">
  <mem-info id="302" free="1258480" total="9109504" percent="13">
    <mem type="nursery" free="0" total="2883584" percent="0">
      <mem type="allocate" free="0" total="2490368" percent="0" />
      <mem type="survivor" free="0" total="393216" percent="0" />
    </mem>
    <mem type="tenure" free="1258480" total="6225920" percent="20">
      <mem type="soa" free="1009648" total="5914624" percent="17" />
      <mem type="loa" free="248832" total="311296" percent="79" />
    </mem>
    <remembered-set count="680" />
  </mem-info>
</gc-start>
<allocation-stats totalBytes="2411744" >
  <allocated-bytes non-tlh="40" tlh="2411704" />
  <largest-consumer threadName="Thread-11" threadId="0000000002182F00" bytes="2411744" />
</allocation-stats>
<gc-op id="303" type="scavenge" timems="0.973" contextid="300" timestamp="2019-08-02T18:53:26.355">
  <scavenger-info tenureage="3" tenuremask="ff18" tiltratio="86" />
  <memory-copied type="nursery" objects="416" bytes="10376" bytesdiscarded="67960" />
  <memory-copied type="tenure" objects="260" bytes="6240" bytesdiscarded="0" />
</gc-op>
<gc-end id="304" type="scavenge" contextid="300" durationms="1.191" usertimems="0.000" systemtimems="0.000" timestamp="2019-08-02T18:53:26.355" activeThreads="8">
  <mem-info id="305" free="3736048" total="9109504" percent="41">
    <mem type="nursery" free="2477568" total="2883584" percent="85">
      <mem type="allocate" free="2477568" total="2555904" percent="96" />
      <mem type="survivor" free="0" total="327680" percent="0" />
    </mem>
    <mem type="tenure" free="1258480" total="6225920" percent="20">
      <mem type="soa" free="1009648" total="5914624" percent="17" />
      <mem type="loa" free="248832" total="311296" percent="79" />
    </mem>
    <remembered-set count="420" />
  </mem-info>
</gc-end>
<cycle-end id="306" type="scavenge" contextid="300" timestamp="2019-08-02T18:53:26.355" />
  <attribute name="elasticGC enabled" value="1" />
  <attribute name= "numThreadsSpecified" value="0" />
  <attribute name="heapSize specified" value="6225920" />
  <attribute name= "numCores" value="8" />
  <attribute name ="GC Interval" value="0" />
  <attribute name ="Control flow" value="3" />
  <attribute name="GC Util Range Max" value="23" />
  <attribute name="Current GC Util" value="8" />
  <attribute name= "Current Time Running" value="713" />
<allocation-satisfied id="307" threadId="0000000002182F00" bytesRequested="40" />
<af-end id="308" timestamp="2019-08-02T18:53:26.355" threadId="0000000002183888" success="true" from="nursery"/>
<exclusive-end id="309" timestamp="2019-08-02T18:53:26.355" durationms="1.662" />

<exclusive-start id="310" timestamp="2019-08-02T18:53:26.367" intervalms="13.826">
  <response-info timems="0.058" idlems="0.058" threads="0" lastid="0000000002182F00" lastname="Thread-11" />
</exclusive-start>
<af-start id="311" threadId="0000000002183888" totalBytesRequested="24" timestamp="2019-08-02T18:53:26.367" intervalms="13.837" type="nursery" />
<cycle-start id="312" type="scavenge" contextid="0" timestamp="2019-08-02T18:53:26.368" intervalms="13.834" />
<gc-start id="313" type="scavenge" contextid="312" timestamp="2019-08-02T18:53:26.368">
  <mem-info id="314" free="1258480" total="9109504" percent="13">
    <mem type="nursery" free="0" total="2883584" percent="0">
      <mem type="allocate" free="0" total="2555904" percent="0" />
      <mem type="survivor" free="0" total="327680" percent="0" />
    </mem>
    <mem type="tenure" free="1258480" total="6225920" percent="20">
      <mem type="soa" free="1009648" total="5914624" percent="17" />
      <mem type="loa" free="248832" total="311296" percent="79" />
    </mem>
    <remembered-set count="511" />
  </mem-info>
</gc-start>
<allocation-stats totalBytes="2477240" >
  <allocated-bytes non-tlh="40" tlh="2477200" />
  <largest-consumer threadName="Thread-11" threadId="0000000002182F00" bytes="2477240" />
</allocation-stats>
<gc-op id="315" type="scavenge" timems="0.958" contextid="312" timestamp="2019-08-02T18:53:26.369">
  <scavenger-info tenureage="6" tenuremask="ffc0" tiltratio="88" />
  <memory-copied type="nursery" objects="437" bytes="10608" bytesdiscarded="67728" />
</gc-op>
<heap-resize id="316" type="expand" space="nursery" amount="131072" count="1" timems="0.022" reason="excessive time being spent scavenging" timestamp="2019-08-02T18:53:26.369" />
<gc-end id="317" type="scavenge" contextid="312" durationms="1.232" usertimems="0.000" systemtimems="0.000" timestamp="2019-08-02T18:53:26.369" activeThreads="8">
  <mem-info id="318" free="3801584" total="9240576" percent="41">
    <mem type="nursery" free="2543104" total="3014656" percent="84">
      <mem type="allocate" free="2543104" total="2621440" percent="97" />
      <mem type="survivor" free="0" total="393216" percent="0" />
    </mem>
    <mem type="tenure" free="1258480" total="6225920" percent="20">
      <mem type="soa" free="1009648" total="5914624" percent="17" />
      <mem type="loa" free="248832" total="311296" percent="79" />
    </mem>
    <remembered-set count="511" />
  </mem-info>
</gc-end>
<cycle-end id="319" type="scavenge" contextid="312" timestamp="2019-08-02T18:53:26.369" />
  <attribute name="elasticGC enabled" value="1" />
  <attribute name= "numThreadsSpecified" value="0" />
  <attribute name="heapSize specified" value="6225920" />
  <attribute name= "numCores" value="8" />
  <attribute name ="GC Interval" value="0" />
  <attribute name ="Control flow" value="3" />
  <attribute name="GC Util Range Max" value="23" />
  <attribute name="Current GC Util" value="9" />
  <attribute name= "Current Time Running" value="727" />
<allocation-satisfied id="320" threadId="0000000002182F00" bytesRequested="24" />
<af-end id="321" timestamp="2019-08-02T18:53:26.369" threadId="0000000002183888" success="true" from="nursery"/>
<exclusive-end id="322" timestamp="2019-08-02T18:53:26.369" durationms="1.716" />

<exclusive-start id="323" timestamp="2019-08-02T18:53:26.380" intervalms="13.100">
  <response-info timems="0.061" idlems="0.061" threads="0" lastid="0000000002182F00" lastname="Thread-11" />
</exclusive-start>
<af-start id="324" threadId="0000000002183888" totalBytesRequested="40" timestamp="2019-08-02T18:53:26.381" intervalms="13.079" type="nursery" />
<cycle-start id="325" type="scavenge" contextid="0" timestamp="2019-08-02T18:53:26.381" intervalms="13.074" />
<gc-start id="326" type="scavenge" contextid="325" timestamp="2019-08-02T18:53:26.381">
  <mem-info id="327" free="1258480" total="9240576" percent="13">
    <mem type="nursery" free="0" total="3014656" percent="0">
      <mem type="allocate" free="0" total="2621440" percent="0" />
      <mem type="survivor" free="0" total="393216" percent="0" />
    </mem>
    <mem type="tenure" free="1258480" total="6225920" percent="20">
      <mem type="soa" free="1009648" total="5914624" percent="17" />
      <mem type="loa" free="248832" total="311296" percent="79" />
    </mem>
    <remembered-set count="641" />
  </mem-info>
</gc-start>
<allocation-stats totalBytes="2542776" >
  <allocated-bytes non-tlh="24" tlh="2542752" />
  <largest-consumer threadName="Thread-11" threadId="0000000002182F00" bytes="2542776" />
</allocation-stats>
<gc-op id="328" type="scavenge" timems="0.957" contextid="325" timestamp="2019-08-02T18:53:26.382">
  <scavenger-info tenureage="3" tenuremask="ffe8" tiltratio="86" />
  <memory-copied type="nursery" objects="477" bytes="11568" bytesdiscarded="66768" />
  <memory-copied type="tenure" objects="95" bytes="2280" bytesdiscarded="0" />
</gc-op>
<gc-end id="329" type="scavenge" contextid="325" durationms="1.164" usertimems="4.000" systemtimems="0.000" timestamp="2019-08-02T18:53:26.382" activeThreads="8">
  <mem-info id="330" free="3867120" total="9240576" percent="41">
    <mem type="nursery" free="2608640" total="3014656" percent="86">
      <mem type="allocate" free="2608640" total="2686976" percent="97" />
      <mem type="survivor" free="0" total="327680" percent="0" />
    </mem>
    <mem type="tenure" free="1258480" total="6225920" percent="20">
      <mem type="soa" free="1009648" total="5914624" percent="17" />
      <mem type="loa" free="248832" total="311296" percent="79" />
    </mem>
    <remembered-set count="545" />
  </mem-info>
</gc-end>
<cycle-end id="331" type="scavenge" contextid="325" timestamp="2019-08-02T18:53:26.382" />
  <attribute name="elasticGC enabled" value="1" />
  <attribute name= "numThreadsSpecified" value="0" />
  <attribute name="heapSize specified" value="6225920" />
  <attribute name= "numCores" value="8" />
  <attribute name ="GC Interval" value="0" />
  <attribute name ="Control flow" value="3" />
  <attribute name="GC Util Range Max" value="23" />
  <attribute name="Current GC Util" value="9" />
  <attribute name= "Current Time Running" value="740" />
<allocation-satisfied id="332" threadId="0000000002182F00" bytesRequested="40" />
<af-end id="333" timestamp="2019-08-02T18:53:26.382" threadId="0000000002183888" success="true" from="nursery"/>
<exclusive-end id="334" timestamp="2019-08-02T18:53:26.382" durationms="1.601" />

<exclusive-start id="335" timestamp="2019-08-02T18:53:26.391" intervalms="10.433">
  <response-info timems="0.060" idlems="0.060" threads="0" lastid="0000000002182F00" lastname="Thread-11" />
</exclusive-start>
<af-start id="336" threadId="0000000002183888" totalBytesRequested="40" timestamp="2019-08-02T18:53:26.391" intervalms="10.454" type="nursery" />
<cycle-start id="337" type="scavenge" contextid="0" timestamp="2019-08-02T18:53:26.391" intervalms="10.459" />
<gc-start id="338" type="scavenge" contextid="337" timestamp="2019-08-02T18:53:26.391">
  <mem-info id="339" free="1258480" total="9240576" percent="13">
    <mem type="nursery" free="0" total="3014656" percent="0">
      <mem type="allocate" free="0" total="2686976" percent="0" />
      <mem type="survivor" free="0" total="327680" percent="0" />
    </mem>
    <mem type="tenure" free="1258480" total="6225920" percent="20">
      <mem type="soa" free="1009648" total="5914624" percent="17" />
      <mem type="loa" free="248832" total="311296" percent="79" />
    </mem>
    <remembered-set count="641" />
  </mem-info>
</gc-start>
<allocation-stats totalBytes="2608208" >
  <allocated-bytes non-tlh="40" tlh="2608168" />
  <largest-consumer threadName="Thread-11" threadId="0000000002182F00" bytes="2608208" />
</allocation-stats>
<gc-op id="340" type="scavenge" timems="0.965" contextid="337" timestamp="2019-08-02T18:53:26.392">
  <scavenger-info tenureage="3" tenuremask="ffe8" tiltratio="89" />
  <memory-copied type="nursery" objects="400" bytes="9992" bytesdiscarded="83704" />
  <memory-copied type="tenure" objects="238" bytes="5712" bytesdiscarded="0" />
</gc-op>
<heap-resize id="341" type="expand" space="nursery" amount="262144" count="1" timems="0.020" reason="excessive time being spent scavenging" timestamp="2019-08-02T18:53:26.392" />
<gc-end id="342" type="scavenge" contextid="337" durationms="1.239" usertimems="0.000" systemtimems="0.000" timestamp="2019-08-02T18:53:26.392" activeThreads="8">
  <mem-info id="343" free="4048368" total="9502720" percent="42">
    <mem type="nursery" free="2789888" total="3276800" percent="85">
      <mem type="allocate" free="2789888" total="2883584" percent="96" />
      <mem type="survivor" free="0" total="393216" percent="0" />
    </mem>
    <mem type="tenure" free="1258480" total="6225920" percent="20">
      <mem type="soa" free="1009648" total="5914624" percent="17" />
      <mem type="loa" free="248832" total="311296" percent="79" />
    </mem>
    <remembered-set count="403" />
  </mem-info>
</gc-end>
<cycle-end id="344" type="scavenge" contextid="337" timestamp="2019-08-02T18:53:26.392" />
  <attribute name="elasticGC enabled" value="1" />
  <attribute name= "numThreadsSpecified" value="0" />
  <attribute name="heapSize specified" value="6225920" />
  <attribute name= "numCores" value="8" />
  <attribute name ="GC Interval" value="0" />
  <attribute name ="Control flow" value="3" />
  <attribute name="GC Util Range Max" value="23" />
  <attribute name="Current GC Util" value="11" />
  <attribute name= "Current Time Running" value="751" />
<allocation-satisfied id="345" threadId="0000000002182F00" bytesRequested="40" />
<af-end id="346" timestamp="2019-08-02T18:53:26.393" threadId="0000000002183888" success="true" from="nursery"/>
<exclusive-end id="347" timestamp="2019-08-02T18:53:26.393" durationms="1.713" />

<exclusive-start id="348" timestamp="2019-08-02T18:53:26.402" intervalms="11.223">
  <response-info timems="0.070" idlems="0.070" threads="0" lastid="0000000002182F00" lastname="Thread-11" />
</exclusive-start>
<af-start id="349" threadId="0000000002183888" totalBytesRequested="40" timestamp="2019-08-02T18:53:26.402" intervalms="11.253" type="nursery" />
<cycle-start id="350" type="scavenge" contextid="0" timestamp="2019-08-02T18:53:26.402" intervalms="11.324" />
<gc-start id="351" type="scavenge" contextid="350" timestamp="2019-08-02T18:53:26.402">
  <mem-info id="352" free="1258480" total="9502720" percent="13">
    <mem type="nursery" free="0" total="3276800" percent="0">
      <mem type="allocate" free="0" total="2883584" percent="0" />
      <mem type="survivor" free="0" total="393216" percent="0" />
    </mem>
    <mem type="tenure" free="1258480" total="6225920" percent="20">
      <mem type="soa" free="1009648" total="5914624" percent="17" />
      <mem type="loa" free="248832" total="311296" percent="79" />
    </mem>
    <remembered-set count="568" />
  </mem-info>
</gc-start>
<allocation-stats totalBytes="2789456" >
  <allocated-bytes non-tlh="40" tlh="2789416" />
  <largest-consumer threadName="Thread-11" threadId="0000000002182F00" bytes="2789456" />
</allocation-stats>
<gc-op id="353" type="scavenge" timems="0.882" contextid="350" timestamp="2019-08-02T18:53:26.404">
  <scavenger-info tenureage="3" tenuremask="ffa8" tiltratio="88" />
  <memory-copied type="nursery" objects="404" bytes="9832" bytesdiscarded="68504" />
  <memory-copied type="tenure" objects="97" bytes="2328" bytesdiscarded="0" />
</gc-op>
<heap-resize id="354" type="expand" space="nursery" amount="131072" count="1" timems="0.009" reason="excessive time being spent scavenging" timestamp="2019-08-02T18:53:26.404" />
<gc-end id="355" type="scavenge" contextid="350" durationms="1.196" usertimems="4.000" systemtimems="0.000" timestamp="2019-08-02T18:53:26.404" activeThreads="8">
  <mem-info id="356" free="4194800" total="9633792" percent="43">
    <mem type="nursery" free="2936320" total="3407872" percent="86">
      <mem type="allocate" free="2936320" total="3014656" percent="97" />
      <mem type="survivor" free="0" total="393216" percent="0" />
    </mem>
    <mem type="tenure" free="1258480" total="6225920" percent="20">
      <mem type="soa" free="1009648" total="5914624" percent="17" />
      <mem type="loa" free="248832" total="311296" percent="79" />
    </mem>
    <remembered-set count="471" />
  </mem-info>
</gc-end>
<cycle-end id="357" type="scavenge" contextid="350" timestamp="2019-08-02T18:53:26.404" />
  <attribute name="elasticGC enabled" value="1" />
  <attribute name= "numThreadsSpecified" value="0" />
  <attribute name="heapSize specified" value="6225920" />
  <attribute name= "numCores" value="8" />
  <attribute name ="GC Interval" value="0" />
  <attribute name ="Control flow" value="3" />
  <attribute name="GC Util Range Max" value="23" />
  <attribute name="Current GC Util" value="11" />
  <attribute name= "Current Time Running" value="762" />
<allocation-satisfied id="358" threadId="0000000002182F00" bytesRequested="40" />
<af-end id="359" timestamp="2019-08-02T18:53:26.404" threadId="0000000002183888" success="true" from="nursery"/>
<exclusive-end id="360" timestamp="2019-08-02T18:53:26.404" durationms="1.768" />

<exclusive-start id="361" timestamp="2019-08-02T18:53:26.413" intervalms="10.955">
  <response-info timems="0.059" idlems="0.059" threads="0" lastid="0000000002182F00" lastname="Thread-11" />
</exclusive-start>
<af-start id="362" threadId="0000000002183888" totalBytesRequested="40" timestamp="2019-08-02T18:53:26.413" intervalms="10.903" type="nursery" />
<cycle-start id="363" type="scavenge" contextid="0" timestamp="2019-08-02T18:53:26.413" intervalms="10.828" />
<gc-start id="364" type="scavenge" contextid="363" timestamp="2019-08-02T18:53:26.413">
  <mem-info id="365" free="1258480" total="9633792" percent="13">
    <mem type="nursery" free="0" total="3407872" percent="0">
      <mem type="allocate" free="0" total="3014656" percent="0" />
      <mem type="survivor" free="0" total="393216" percent="0" />
    </mem>
    <mem type="tenure" free="1258480" total="6225920" percent="20">
      <mem type="soa" free="1009648" total="5914624" percent="17" />
      <mem type="loa" free="248832" total="311296" percent="79" />
    </mem>
    <remembered-set count="604" />
  </mem-info>
</gc-start>
<allocation-stats totalBytes="2936008" >
  <allocated-bytes non-tlh="40" tlh="2935968" />
  <largest-consumer threadName="Thread-11" threadId="0000000002182F00" bytes="2936008" />
</allocation-stats>
<gc-op id="366" type="scavenge" timems="0.974" contextid="363" timestamp="2019-08-02T18:53:26.414">
  <scavenger-info tenureage="3" tenuremask="ffe8" tiltratio="88" />
  <memory-copied type="nursery" objects="406" bytes="9880" bytesdiscarded="68456" />
  <memory-copied type="tenure" objects="131" bytes="3144" bytesdiscarded="0" />
</gc-op>
<heap-resize id="367" type="expand" space="nursery" amount="262144" count="1" timems="0.018" reason="excessive time being spent scavenging" timestamp="2019-08-02T18:53:26.414" />
<gc-end id="368" type="scavenge" contextid="363" durationms="1.259" usertimems="0.000" systemtimems="0.000" timestamp="2019-08-02T18:53:26.415" activeThreads="8">
  <mem-info id="369" free="4391408" total="9895936" percent="44">
    <mem type="nursery" free="3132928" total="3670016" percent="85">
      <mem type="allocate" free="3132928" total="3211264" percent="97" />
      <mem type="survivor" free="0" total="458752" percent="0" />
    </mem>
    <mem type="tenure" free="1258480" total="6225920" percent="20">
      <mem type="soa" free="1009648" total="5914624" percent="17" />
      <mem type="loa" free="248832" total="311296" percent="79" />
    </mem>
    <remembered-set count="473" />
  </mem-info>
</gc-end>
<cycle-end id="370" type="scavenge" contextid="363" timestamp="2019-08-02T18:53:26.415" />
  <attribute name="elasticGC enabled" value="1" />
  <attribute name= "numThreadsSpecified" value="0" />
  <attribute name="heapSize specified" value="6225920" />
  <attribute name= "numCores" value="8" />
  <attribute name ="GC Interval" value="0" />
  <attribute name ="Control flow" value="3" />
  <attribute name="GC Util Range Max" value="23" />
  <attribute name="Current GC Util" value="11" />
  <attribute name= "Current Time Running" value="773" />
<allocation-satisfied id="371" threadId="0000000002182F00" bytesRequested="40" />
<af-end id="372" timestamp="2019-08-02T18:53:26.415" threadId="0000000002183888" success="true" from="nursery"/>
<exclusive-end id="373" timestamp="2019-08-02T18:53:26.415" durationms="1.697" />

<exclusive-start id="374" timestamp="2019-08-02T18:53:26.425" intervalms="11.433">
  <response-info timems="0.068" idlems="0.068" threads="0" lastid="0000000002182F00" lastname="Thread-11" />
</exclusive-start>
<af-start id="375" threadId="0000000002183888" totalBytesRequested="24" timestamp="2019-08-02T18:53:26.425" intervalms="11.490" type="nursery" />
<cycle-start id="376" type="scavenge" contextid="0" timestamp="2019-08-02T18:53:26.425" intervalms="11.562" />
<gc-start id="377" type="scavenge" contextid="376" timestamp="2019-08-02T18:53:26.425">
  <mem-info id="378" free="1258480" total="9895936" percent="12">
    <mem type="nursery" free="0" total="3670016" percent="0">
      <mem type="allocate" free="0" total="3211264" percent="0" />
      <mem type="survivor" free="0" total="458752" percent="0" />
    </mem>
    <mem type="tenure" free="1258480" total="6225920" percent="20">
      <mem type="soa" free="1009648" total="5914624" percent="17" />
      <mem type="loa" free="248832" total="311296" percent="79" />
    </mem>
    <remembered-set count="667" />
  </mem-info>
</gc-start>
<allocation-stats totalBytes="3132456" >
  <allocated-bytes non-tlh="40" tlh="3132416" />
  <largest-consumer threadName="Thread-11" threadId="0000000002182F00" bytes="3132456" />
</allocation-stats>
<gc-op id="379" type="scavenge" timems="0.950" contextid="376" timestamp="2019-08-02T18:53:26.426">
  <scavenger-info tenureage="3" tenuremask="ffe8" tiltratio="87" />
  <memory-copied type="nursery" objects="531" bytes="12976" bytesdiscarded="80720" />
  <memory-copied type="tenure" objects="96" bytes="2304" bytesdiscarded="0" />
</gc-op>
<heap-resize id="380" type="expand" space="nursery" amount="262144" count="1" timems="0.011" reason="excessive time being spent scavenging" timestamp="2019-08-02T18:53:26.426" />
<gc-end id="381" type="scavenge" contextid="376" durationms="1.481" usertimems="4.000" systemtimems="0.000" timestamp="2019-08-02T18:53:26.426" activeThreads="8">
  <mem-info id="382" free="4638192" total="10158080" percent="45">
    <mem type="nursery" free="3379712" total="3932160" percent="85">
      <mem type="allocate" free="3379712" total="3473408" percent="97" />
      <mem type="survivor" free="0" total="458752" percent="0" />
    </mem>
    <mem type="tenure" free="1258480" total="6225920" percent="20">
      <mem type="soa" free="1009648" total="5914624" percent="17" />
      <mem type="loa" free="248832" total="311296" percent="79" />
    </mem>
    <remembered-set count="571" />
  </mem-info>
</gc-end>
<cycle-end id="383" type="scavenge" contextid="376" timestamp="2019-08-02T18:53:26.426" />
  <attribute name="elasticGC enabled" value="1" />
  <attribute name= "numThreadsSpecified" value="0" />
  <attribute name="heapSize specified" value="6225920" />
  <attribute name= "numCores" value="8" />
  <attribute name ="GC Interval" value="0" />
  <attribute name ="Control flow" value="3" />
  <attribute name="GC Util Range Max" value="23" />
  <attribute name="Current GC Util" value="10" />
  <attribute name= "Current Time Running" value="785" />
<allocation-satisfied id="384" threadId="0000000002182F00" bytesRequested="24" />
<af-end id="385" timestamp="2019-08-02T18:53:26.427" threadId="0000000002183888" success="true" from="nursery"/>
<exclusive-end id="386" timestamp="2019-08-02T18:53:26.427" durationms="2.123" />

<exclusive-start id="387" timestamp="2019-08-02T18:53:26.439" intervalms="14.412">
  <response-info timems="0.103" idlems="0.103" threads="0" lastid="0000000002182F00" lastname="Thread-11" />
</exclusive-start>
<af-start id="388" threadId="0000000002183888" totalBytesRequested="24" timestamp="2019-08-02T18:53:26.439" intervalms="14.420" type="nursery" />
<cycle-start id="389" type="scavenge" contextid="0" timestamp="2019-08-02T18:53:26.439" intervalms="14.409" />
<gc-start id="390" type="scavenge" contextid="389" timestamp="2019-08-02T18:53:26.439">
  <mem-info id="391" free="1258480" total="10158080" percent="12">
    <mem type="nursery" free="0" total="3932160" percent="0">
      <mem type="allocate" free="0" total="3473408" percent="0" />
      <mem type="survivor" free="0" total="458752" percent="0" />
    </mem>
    <mem type="tenure" free="1258480" total="6225920" percent="20">
      <mem type="soa" free="1009648" total="5914624" percent="17" />
      <mem type="loa" free="248832" total="311296" percent="79" />
    </mem>
    <remembered-set count="758" />
  </mem-info>
</gc-start>
<allocation-stats totalBytes="3379312" >
  <allocated-bytes non-tlh="24" tlh="3379288" />
  <largest-consumer threadName="Thread-11" threadId="0000000002182F00" bytes="3379312" />
</allocation-stats>
<gc-op id="392" type="scavenge" timems="0.893" contextid="389" timestamp="2019-08-02T18:53:26.440">
  <scavenger-info tenureage="3" tenuremask="ffe8" tiltratio="88" />
  <memory-copied type="nursery" objects="589" bytes="14512" bytesdiscarded="63824" />
  <memory-copied type="tenure" objects="165" bytes="3960" bytesdiscarded="0" />
</gc-op>
<gc-end id="393" type="scavenge" contextid="389" durationms="1.134" usertimems="0.000" systemtimems="0.000" timestamp="2019-08-02T18:53:26.440" activeThreads="8">
  <mem-info id="394" free="4719088" total="10158080" percent="46">
    <mem type="nursery" free="3460608" total="3932160" percent="88">
      <mem type="allocate" free="3460608" total="3538944" percent="97" />
      <mem type="survivor" free="0" total="393216" percent="0" />
    </mem>
    <mem type="tenure" free="1258480" total="6225920" percent="20">
      <mem type="soa" free="1009648" total="5914624" percent="17" />
      <mem type="loa" free="248832" total="311296" percent="79" />
    </mem>
    <remembered-set count="593" />
  </mem-info>
</gc-end>
<cycle-end id="395" type="scavenge" contextid="389" timestamp="2019-08-02T18:53:26.441" />
  <attribute name="elasticGC enabled" value="1" />
  <attribute name= "numThreadsSpecified" value="0" />
  <attribute name="heapSize specified" value="6225920" />
  <attribute name= "numCores" value="8" />
  <attribute name ="GC Interval" value="0" />
  <attribute name ="Control flow" value="3" />
  <attribute name="GC Util Range Max" value="23" />
  <attribute name="Current GC Util" value="13" />
  <attribute name= "Current Time Running" value="799" />
<allocation-satisfied id="396" threadId="0000000002182F00" bytesRequested="24" />
<af-end id="397" timestamp="2019-08-02T18:53:26.441" threadId="0000000002183888" success="true" from="nursery"/>
<exclusive-end id="398" timestamp="2019-08-02T18:53:26.441" durationms="1.779" />

<exclusive-start id="399" timestamp="2019-08-02T18:53:26.453" intervalms="13.902">
  <response-info timems="0.060" idlems="0.060" threads="0" lastid="0000000002182F00" lastname="Thread-11" />
</exclusive-start>
<af-start id="400" threadId="0000000002183888" totalBytesRequested="40" timestamp="2019-08-02T18:53:26.453" intervalms="13.836" type="nursery" />
<cycle-start id="401" type="scavenge" contextid="0" timestamp="2019-08-02T18:53:26.453" intervalms="13.774" />
<gc-start id="402" type="scavenge" contextid="401" timestamp="2019-08-02T18:53:26.453">
  <mem-info id="403" free="1258480" total="10158080" percent="12">
    <mem type="nursery" free="0" total="3932160" percent="0">
      <mem type="allocate" free="0" total="3538944" percent="0" />
      <mem type="survivor" free="0" total="393216" percent="0" />
    </mem>
    <mem type="tenure" free="1258480" total="6225920" percent="20">
      <mem type="soa" free="1009648" total="5914624" percent="17" />
      <mem type="loa" free="248832" total="311296" percent="79" />
    </mem>
    <remembered-set count="788" />
  </mem-info>
</gc-start>
<allocation-stats totalBytes="3460112" >
  <allocated-bytes non-tlh="24" tlh="3460088" />
  <largest-consumer threadName="Thread-11" threadId="0000000002182F00" bytes="3460112" />
</allocation-stats>
<gc-op id="404" type="scavenge" timems="0.693" contextid="401" timestamp="2019-08-02T18:53:26.454">
  <scavenger-info tenureage="3" tenuremask="ffe8" tiltratio="90" />
  <memory-copied type="nursery" objects="651" bytes="16016" bytesdiscarded="62320" />
  <memory-copied type="tenure" objects="133" bytes="3192" bytesdiscarded="0" />
</gc-op>
<gc-end id="405" type="scavenge" contextid="401" durationms="0.943" usertimems="0.000" systemtimems="0.000" timestamp="2019-08-02T18:53:26.454" activeThreads="8">
  <mem-info id="406" free="4719088" total="10158080" percent="46">
    <mem type="nursery" free="3460608" total="3932160" percent="88">
      <mem type="allocate" free="3460608" total="3538944" percent="97" />
      <mem type="survivor" free="0" total="393216" percent="0" />
    </mem>
    <mem type="tenure" free="1258480" total="6225920" percent="20">
      <mem type="soa" free="1009648" total="5914624" percent="17" />
      <mem type="loa" free="248832" total="311296" percent="79" />
    </mem>
    <remembered-set count="654" />
  </mem-info>
</gc-end>
<cycle-end id="407" type="scavenge" contextid="401" timestamp="2019-08-02T18:53:26.454" />
  <attribute name="elasticGC enabled" value="1" />
  <attribute name= "numThreadsSpecified" value="0" />
  <attribute name="heapSize specified" value="6225920" />
  <attribute name= "numCores" value="8" />
  <attribute name ="GC Interval" value="0" />
  <attribute name ="Control flow" value="3" />
  <attribute name="GC Util Range Max" value="23" />
  <attribute name="Current GC Util" value="8" />
  <attribute name= "Current Time Running" value="813" />
<allocation-satisfied id="408" threadId="0000000002182F00" bytesRequested="40" />
<af-end id="409" timestamp="2019-08-02T18:53:26.454" threadId="0000000002183888" success="true" from="nursery"/>
<exclusive-end id="410" timestamp="2019-08-02T18:53:26.455" durationms="1.654" />

<exclusive-start id="411" timestamp="2019-08-02T18:53:26.467" intervalms="14.021">
  <response-info timems="0.075" idlems="0.075" threads="0" lastid="0000000002182F00" lastname="Thread-11" />
</exclusive-start>
<af-start id="412" threadId="0000000002183888" totalBytesRequested="24" timestamp="2019-08-02T18:53:26.467" intervalms="14.089" type="nursery" />
<cycle-start id="413" type="scavenge" contextid="0" timestamp="2019-08-02T18:53:26.467" intervalms="14.162" />
<gc-start id="414" type="scavenge" contextid="413" timestamp="2019-08-02T18:53:26.467">
  <mem-info id="415" free="1258480" total="10158080" percent="12">
    <mem type="nursery" free="0" total="3932160" percent="0">
      <mem type="allocate" free="0" total="3538944" percent="0" />
      <mem type="survivor" free="0" total="393216" percent="0" />
    </mem>
    <mem type="tenure" free="1258480" total="6225920" percent="20">
      <mem type="soa" free="1009648" total="5914624" percent="17" />
      <mem type="loa" free="248832" total="311296" percent="79" />
    </mem>
    <remembered-set count="860" />
  </mem-info>
</gc-start>
<allocation-stats totalBytes="3460160" >
  <allocated-bytes non-tlh="40" tlh="3460120" />
  <largest-consumer threadName="Thread-11" threadId="0000000002182F00" bytes="3460160" />
</allocation-stats>
<gc-op id="416" type="scavenge" timems="0.247" contextid="413" timestamp="2019-08-02T18:53:26.468">
  <scavenger-info tenureage="5" tenuremask="ffe0" tiltratio="90" />
  <memory-copied type="nursery" objects="854" bytes="20872" bytesdiscarded="57464" />
</gc-op>
<gc-end id="417" type="scavenge" contextid="413" durationms="0.663" usertimems="0.000" systemtimems="0.000" timestamp="2019-08-02T18:53:26.468" activeThreads="8">
  <mem-info id="418" free="4719088" total="10158080" percent="46">
    <mem type="nursery" free="3460608" total="3932160" percent="88">
      <mem type="allocate" free="3460608" total="3538944" percent="97" />
      <mem type="survivor" free="0" total="393216" percent="0" />
    </mem>
    <mem type="tenure" free="1258480" total="6225920" percent="20">
      <mem type="soa" free="1009648" total="5914624" percent="17" />
      <mem type="loa" free="248832" total="311296" percent="79" />
    </mem>
    <remembered-set count="858" />
  </mem-info>
</gc-end>
<cycle-end id="419" type="scavenge" contextid="413" timestamp="2019-08-02T18:53:26.468" />
  <attribute name="elasticGC enabled" value="1" />
  <attribute name= "numThreadsSpecified" value="0" />
  <attribute name="heapSize specified" value="6225920" />
  <attribute name= "numCores" value="8" />
  <attribute name ="GC Interval" value="0" />
  <attribute name ="Control flow" value="3" />
  <attribute name="GC Util Range Max" value="23" />
  <attribute name="Current GC Util" value="7" />
  <attribute name= "Current Time Running" value="827" />
<allocation-satisfied id="420" threadId="0000000002182F00" bytesRequested="24" />
<af-end id="421" timestamp="2019-08-02T18:53:26.468" threadId="0000000002183888" success="true" from="nursery"/>
<exclusive-end id="422" timestamp="2019-08-02T18:53:26.468" durationms="1.538" />

<exclusive-start id="423" timestamp="2019-08-02T18:53:26.481" intervalms="14.166">
  <response-info timems="0.074" idlems="0.074" threads="0" lastid="0000000002182F00" lastname="Thread-11" />
</exclusive-start>
<af-start id="424" threadId="0000000002183888" totalBytesRequested="40" timestamp="2019-08-02T18:53:26.481" intervalms="14.126" type="nursery" />
<cycle-start id="425" type="scavenge" contextid="0" timestamp="2019-08-02T18:53:26.481" intervalms="14.085" />
<gc-start id="426" type="scavenge" contextid="425" timestamp="2019-08-02T18:53:26.481">
  <mem-info id="427" free="1258480" total="10158080" percent="12">
    <mem type="nursery" free="0" total="3932160" percent="0">
      <mem type="allocate" free="0" total="3538944" percent="0" />
      <mem type="survivor" free="0" total="393216" percent="0" />
    </mem>
    <mem type="tenure" free="1258480" total="6225920" percent="20">
      <mem type="soa" free="1009648" total="5914624" percent="17" />
      <mem type="loa" free="248832" total="311296" percent="79" />
    </mem>
    <remembered-set count="1067" />
  </mem-info>
</gc-start>
<allocation-stats totalBytes="3460160" >
  <allocated-bytes non-tlh="24" tlh="3460136" />
  <largest-consumer threadName="Thread-11" threadId="0000000002182F00" bytes="3460160" />
</allocation-stats>
<gc-op id="428" type="scavenge" timems="0.242" contextid="425" timestamp="2019-08-02T18:53:26.482">
  <scavenger-info tenureage="3" tenuremask="fff8" tiltratio="90" />
  <memory-copied type="nursery" objects="684" bytes="16792" bytesdiscarded="76904" />
  <memory-copied type="tenure" objects="379" bytes="9096" bytesdiscarded="0" />
</gc-op>
<gc-end id="429" type="scavenge" contextid="425" durationms="0.510" usertimems="0.000" systemtimems="0.000" timestamp="2019-08-02T18:53:26.482" activeThreads="8">
  <mem-info id="430" free="4703728" total="10158080" percent="46">
    <mem type="nursery" free="3445248" total="3932160" percent="87">
      <mem type="allocate" free="3445248" total="3538944" percent="97" />
      <mem type="survivor" free="0" total="393216" percent="0" />
    </mem>
    <mem type="tenure" free="1258480" total="6225920" percent="20">
      <mem type="soa" free="1009648" total="5914624" percent="17" />
      <mem type="loa" free="248832" total="311296" percent="79" />
    </mem>
    <remembered-set count="686" />
  </mem-info>
</gc-end>
<cycle-end id="431" type="scavenge" contextid="425" timestamp="2019-08-02T18:53:26.482" />
  <attribute name="elasticGC enabled" value="1" />
  <attribute name= "numThreadsSpecified" value="0" />
  <attribute name="heapSize specified" value="6225920" />
  <attribute name= "numCores" value="8" />
  <attribute name ="GC Interval" value="0" />
  <attribute name ="Control flow" value="3" />
  <attribute name="GC Util Range Max" value="23" />
  <attribute name="Current GC Util" value="4" />
  <attribute name= "Current Time Running" value="841" />
<allocation-satisfied id="432" threadId="0000000002182F00" bytesRequested="40" />
<af-end id="433" timestamp="2019-08-02T18:53:26.482" threadId="0000000002183888" success="true" from="nursery"/>
<exclusive-end id="434" timestamp="2019-08-02T18:53:26.482" durationms="1.061" />

<exclusive-start id="435" timestamp="2019-08-02T18:53:26.495" intervalms="14.016">
  <response-info timems="0.072" idlems="0.072" threads="0" lastid="0000000002182F00" lastname="Thread-11" />
</exclusive-start>
<af-start id="436" threadId="0000000002183888" totalBytesRequested="40" timestamp="2019-08-02T18:53:26.495" intervalms="14.025" type="nursery" />
<cycle-start id="437" type="scavenge" contextid="0" timestamp="2019-08-02T18:53:26.495" intervalms="14.027" />
<gc-start id="438" type="scavenge" contextid="437" timestamp="2019-08-02T18:53:26.495">
  <mem-info id="439" free="1258480" total="10158080" percent="12">
    <mem type="nursery" free="0" total="3932160" percent="0">
      <mem type="allocate" free="0" total="3538944" percent="0" />
      <mem type="survivor" free="0" total="393216" percent="0" />
    </mem>
    <mem type="tenure" free="1258480" total="6225920" percent="20">
      <mem type="soa" free="1009648" total="5914624" percent="17" />
      <mem type="loa" free="248832" total="311296" percent="79" />
    </mem>
    <remembered-set count="926" />
  </mem-info>
</gc-start>
<allocation-stats totalBytes="3444792" >
  <allocated-bytes non-tlh="40" tlh="3444752" />
  <largest-consumer threadName="Thread-11" threadId="0000000002182F00" bytes="3444792" />
</allocation-stats>
<gc-op id="440" type="scavenge" timems="0.240" contextid="437" timestamp="2019-08-02T18:53:26.496">
  <scavenger-info tenureage="3" tenuremask="4008" tiltratio="90" />
  <memory-copied type="nursery" objects="725" bytes="17776" bytesdiscarded="60560" />
  <memory-copied type="tenure" objects="196" bytes="4704" bytesdiscarded="312" />
</gc-op>
<gc-end id="441" type="scavenge" contextid="437" durationms="0.613" usertimems="0.000" systemtimems="0.000" timestamp="2019-08-02T18:53:26.496" activeThreads="8">
  <mem-info id="442" free="4719088" total="10158080" percent="46">
    <mem type="nursery" free="3460608" total="3932160" percent="88">
      <mem type="allocate" free="3460608" total="3538944" percent="97" />
      <mem type="survivor" free="0" total="393216" percent="0" />
    </mem>
    <mem type="tenure" free="1258480" total="6225920" percent="20">
      <mem type="soa" free="1009648" total="5914624" percent="17" />
      <mem type="loa" free="248832" total="311296" percent="79" />
    </mem>
    <remembered-set count="729" />
  </mem-info>
</gc-end>
<cycle-end id="443" type="scavenge" contextid="437" timestamp="2019-08-02T18:53:26.496" />
  <attribute name="elasticGC enabled" value="1" />
  <attribute name= "numThreadsSpecified" value="0" />
  <attribute name="heapSize specified" value="6225920" />
  <attribute name= "numCores" value="8" />
  <attribute name ="GC Interval" value="0" />
  <attribute name ="Control flow" value="3" />
  <attribute name="GC Util Range Max" value="23" />
  <attribute name="Current GC Util" value="4" />
  <attribute name= "Current Time Running" value="855" />
<allocation-satisfied id="444" threadId="0000000002182F00" bytesRequested="40" />
<af-end id="445" timestamp="2019-08-02T18:53:26.496" threadId="0000000002183888" success="true" from="nursery"/>
<exclusive-end id="446" timestamp="2019-08-02T18:53:26.496" durationms="1.332" />

<exclusive-start id="447" timestamp="2019-08-02T18:53:26.509" intervalms="13.896">
  <response-info timems="0.077" idlems="0.077" threads="0" lastid="0000000002182F00" lastname="Thread-11" />
</exclusive-start>
<af-start id="448" threadId="0000000002183888" totalBytesRequested="40" timestamp="2019-08-02T18:53:26.509" intervalms="13.926" type="nursery" />
<cycle-start id="449" type="scavenge" contextid="0" timestamp="2019-08-02T18:53:26.509" intervalms="13.934" />
<gc-start id="450" type="scavenge" contextid="449" timestamp="2019-08-02T18:53:26.509">
  <mem-info id="451" free="1258480" total="10158080" percent="12">
    <mem type="nursery" free="0" total="3932160" percent="0">
      <mem type="allocate" free="0" total="3538944" percent="0" />
      <mem type="survivor" free="0" total="393216" percent="0" />
    </mem>
    <mem type="tenure" free="1258480" total="6225920" percent="20">
      <mem type="soa" free="1009648" total="5914624" percent="17" />
      <mem type="loa" free="248832" total="311296" percent="79" />
    </mem>
    <remembered-set count="995" />
  </mem-info>
</gc-start>
<allocation-stats totalBytes="3460224" >
  <allocated-bytes non-tlh="40" tlh="3460184" />
  <largest-consumer threadName="Thread-11" threadId="0000000002182F00" bytes="3460224" />
</allocation-stats>
<gc-op id="452" type="scavenge" timems="0.281" contextid="449" timestamp="2019-08-02T18:53:26.510">
  <scavenger-info tenureage="3" tenuremask="4008" tiltratio="90" />
  <memory-copied type="nursery" objects="789" bytes="19328" bytesdiscarded="59008" />
  <memory-copied type="tenure" objects="203" bytes="4872" bytesdiscarded="0" />
</gc-op>
<gc-end id="453" type="scavenge" contextid="449" durationms="0.480" usertimems="0.000" systemtimems="0.000" timestamp="2019-08-02T18:53:26.510" activeThreads="8">
  <mem-info id="454" free="4695280" total="10158080" percent="46">
    <mem type="nursery" free="3460608" total="3932160" percent="88">
      <mem type="allocate" free="3460608" total="3538944" percent="97" />
      <mem type="survivor" free="0" total="393216" percent="0" />
    </mem>
    <mem type="tenure" free="1234672" total="6225920" percent="19">
      <mem type="soa" free="985840" total="5914624" percent="16" />
      <mem type="loa" free="248832" total="311296" percent="79" />
    </mem>
    <remembered-set count="792" />
  </mem-info>
</gc-end>
<cycle-end id="455" type="scavenge" contextid="449" timestamp="2019-08-02T18:53:26.510" />
  <attribute name="elasticGC enabled" value="1" />
  <attribute name= "numThreadsSpecified" value="0" />
  <attribute name="heapSize specified" value="6225920" />
  <attribute name= "numCores" value="8" />
  <attribute name ="GC Interval" value="0" />
  <attribute name ="Control flow" value="3" />
  <attribute name="GC Util Range Max" value="23" />
  <attribute name="Current GC Util" value="4" />
  <attribute name= "Current Time Running" value="869" />
<allocation-satisfied id="456" threadId="0000000002182F00" bytesRequested="40" />
<af-end id="457" timestamp="2019-08-02T18:53:26.510" threadId="0000000002183888" success="true" from="nursery"/>
<exclusive-end id="458" timestamp="2019-08-02T18:53:26.510" durationms="1.059" />

<exclusive-start id="459" timestamp="2019-08-02T18:53:26.523" intervalms="13.736">
  <response-info timems="0.081" idlems="0.081" threads="0" lastid="0000000002182F00" lastname="Thread-11" />
</exclusive-start>
<af-start id="460" threadId="0000000002183888" totalBytesRequested="40" timestamp="2019-08-02T18:53:26.523" intervalms="13.706" type="nursery" />
<cycle-start id="461" type="scavenge" contextid="0" timestamp="2019-08-02T18:53:26.523" intervalms="13.713" />
<gc-start id="462" type="scavenge" contextid="461" timestamp="2019-08-02T18:53:26.523">
  <mem-info id="463" free="1234672" total="10158080" percent="12">
    <mem type="nursery" free="0" total="3932160" percent="0">
      <mem type="allocate" free="0" total="3538944" percent="0" />
      <mem type="survivor" free="0" total="393216" percent="0" />
    </mem>
    <mem type="tenure" free="1234672" total="6225920" percent="19">
      <mem type="soa" free="985840" total="5914624" percent="16" />
      <mem type="loa" free="248832" total="311296" percent="79" />
    </mem>
    <remembered-set count="1055" />
  </mem-info>
</gc-start>
<allocation-stats totalBytes="3460160" >
  <allocated-bytes non-tlh="40" tlh="3460120" />
  <largest-consumer threadName="Thread-11" threadId="0000000002182F00" bytes="3460160" />
</allocation-stats>
<gc-op id="464" type="scavenge" timems="0.244" contextid="461" timestamp="2019-08-02T18:53:26.523">
  <scavenger-info tenureage="3" tenuremask="4008" tiltratio="90" />
  <memory-copied type="nursery" objects="782" bytes="18904" bytesdiscarded="74792" />
  <memory-copied type="tenure" objects="206" bytes="4944" bytesdiscarded="0" />
</gc-op>
<gc-end id="465" type="scavenge" contextid="461" durationms="0.491" usertimems="0.000" systemtimems="0.000" timestamp="2019-08-02T18:53:26.524" activeThreads="8">
  <mem-info id="466" free="4679920" total="10158080" percent="46">
    <mem type="nursery" free="3445248" total="3932160" percent="87">
      <mem type="allocate" free="3445248" total="3538944" percent="97" />
      <mem type="survivor" free="0" total="393216" percent="0" />
    </mem>
    <mem type="tenure" free="1234672" total="6225920" percent="19">
      <mem type="soa" free="985840" total="5914624" percent="16" />
      <mem type="loa" free="248832" total="311296" percent="79" />
    </mem>
    <remembered-set count="849" />
  </mem-info>
</gc-end>
<cycle-end id="467" type="scavenge" contextid="461" timestamp="2019-08-02T18:53:26.524" />
  <attribute name="elasticGC enabled" value="1" />
  <attribute name= "numThreadsSpecified" value="0" />
  <attribute name="heapSize specified" value="6225920" />
  <attribute name= "numCores" value="8" />
  <attribute name ="GC Interval" value="0" />
  <attribute name ="Control flow" value="3" />
  <attribute name="GC Util Range Max" value="23" />
  <attribute name="Current GC Util" value="5" />
  <attribute name= "Current Time Running" value="883" />
<allocation-satisfied id="468" threadId="0000000002182F00" bytesRequested="40" />
<af-end id="469" timestamp="2019-08-02T18:53:26.524" threadId="0000000002183888" success="true" from="nursery"/>
<exclusive-end id="470" timestamp="2019-08-02T18:53:26.524" durationms="1.035" />

<exclusive-start id="471" timestamp="2019-08-02T18:53:26.536" intervalms="13.088">
  <response-info timems="0.094" idlems="0.094" threads="0" lastid="0000000002182F00" lastname="Thread-11" />
</exclusive-start>
<af-start id="472" threadId="0000000002183888" totalBytesRequested="40" timestamp="2019-08-02T18:53:26.536" intervalms="13.080" type="nursery" />
<cycle-start id="473" type="scavenge" contextid="0" timestamp="2019-08-02T18:53:26.536" intervalms="13.066" />
<gc-start id="474" type="scavenge" contextid="473" timestamp="2019-08-02T18:53:26.536">
  <mem-info id="475" free="1234672" total="10158080" percent="12">
    <mem type="nursery" free="0" total="3932160" percent="0">
      <mem type="allocate" free="0" total="3538944" percent="0" />
      <mem type="survivor" free="0" total="393216" percent="0" />
    </mem>
    <mem type="tenure" free="1234672" total="6225920" percent="19">
      <mem type="soa" free="985840" total="5914624" percent="16" />
      <mem type="loa" free="248832" total="311296" percent="79" />
    </mem>
    <remembered-set count="1008" />
  </mem-info>
</gc-start>
<allocation-stats totalBytes="3444896" >
  <allocated-bytes non-tlh="40" tlh="3444856" />
  <largest-consumer threadName="Thread-11" threadId="0000000002182F00" bytes="3444896" />
</allocation-stats>
<gc-op id="476" type="scavenge" timems="0.242" contextid="473" timestamp="2019-08-02T18:53:26.536">
  <scavenger-info tenureage="3" tenuremask="4008" tiltratio="90" />
  <memory-copied type="nursery" objects="775" bytes="19112" bytesdiscarded="59224" />
  <memory-copied type="tenure" objects="241" bytes="5784" bytesdiscarded="0" />
</gc-op>
<gc-end id="477" type="scavenge" contextid="473" durationms="0.508" usertimems="0.000" systemtimems="0.000" timestamp="2019-08-02T18:53:26.537" activeThreads="8">
  <mem-info id="478" free="4695280" total="10158080" percent="46">
    <mem type="nursery" free="3460608" total="3932160" percent="88">
      <mem type="allocate" free="3460608" total="3538944" percent="97" />
      <mem type="survivor" free="0" total="393216" percent="0" />
    </mem>
    <mem type="tenure" free="1234672" total="6225920" percent="19">
      <mem type="soa" free="985840" total="5914624" percent="16" />
      <mem type="loa" free="248832" total="311296" percent="79" />
    </mem>
    <remembered-set count="767" />
  </mem-info>
</gc-end>
<cycle-end id="479" type="scavenge" contextid="473" timestamp="2019-08-02T18:53:26.537" />
  <attribute name="elasticGC enabled" value="1" />
  <attribute name= "numThreadsSpecified" value="0" />
  <attribute name="heapSize specified" value="6225920" />
  <attribute name= "numCores" value="8" />
  <attribute name ="GC Interval" value="0" />
  <attribute name ="Control flow" value="3" />
  <attribute name="GC Util Range Max" value="23" />
  <attribute name="Current GC Util" value="4" />
  <attribute name= "Current Time Running" value="896" />
<allocation-satisfied id="480" threadId="0000000002182F00" bytesRequested="40" />
<af-end id="481" timestamp="2019-08-02T18:53:26.537" threadId="0000000002183888" success="true" from="nursery"/>
<exclusive-end id="482" timestamp="2019-08-02T18:53:26.537" durationms="1.029" />

<exclusive-start id="483" timestamp="2019-08-02T18:53:26.548" intervalms="12.334">
  <response-info timems="0.100" idlems="0.100" threads="0" lastid="0000000002182F00" lastname="Thread-11" />
</exclusive-start>
<af-start id="484" threadId="0000000002183888" totalBytesRequested="40" timestamp="2019-08-02T18:53:26.548" intervalms="12.341" type="nursery" />
<cycle-start id="485" type="scavenge" contextid="0" timestamp="2019-08-02T18:53:26.548" intervalms="12.343" />
<gc-start id="486" type="scavenge" contextid="485" timestamp="2019-08-02T18:53:26.548">
  <mem-info id="487" free="1234672" total="10158080" percent="12">
    <mem type="nursery" free="0" total="3932160" percent="0">
      <mem type="allocate" free="0" total="3538944" percent="0" />
      <mem type="survivor" free="0" total="393216" percent="0" />
    </mem>
    <mem type="tenure" free="1234672" total="6225920" percent="19">
      <mem type="soa" free="985840" total="5914624" percent="16" />
      <mem type="loa" free="248832" total="311296" percent="79" />
    </mem>
    <remembered-set count="910" />
  </mem-info>
</gc-start>
<allocation-stats totalBytes="3460152" >
  <allocated-bytes non-tlh="40" tlh="3460112" />
  <largest-consumer threadName="Thread-11" threadId="0000000002182F00" bytes="3460152" />
</allocation-stats>
<gc-op id="488" type="scavenge" timems="0.278" contextid="485" timestamp="2019-08-02T18:53:26.549">
  <scavenger-info tenureage="3" tenuremask="4008" tiltratio="90" />
  <memory-copied type="nursery" objects="640" bytes="15736" bytesdiscarded="62600" />
  <memory-copied type="tenure" objects="266" bytes="6384" bytesdiscarded="0" />
</gc-op>
<gc-end id="489" type="scavenge" contextid="485" durationms="0.546" usertimems="0.000" systemtimems="0.000" timestamp="2019-08-02T18:53:26.549" activeThreads="8">
  <mem-info id="490" free="4695280" total="10158080" percent="46">
    <mem type="nursery" free="3460608" total="3932160" percent="88">
      <mem type="allocate" free="3460608" total="3538944" percent="97" />
      <mem type="survivor" free="0" total="393216" percent="0" />
    </mem>
    <mem type="tenure" free="1234672" total="6225920" percent="19">
      <mem type="soa" free="985840" total="5914624" percent="16" />
      <mem type="loa" free="248832" total="311296" percent="79" />
    </mem>
    <remembered-set count="644" />
  </mem-info>
</gc-end>
<cycle-end id="491" type="scavenge" contextid="485" timestamp="2019-08-02T18:53:26.549" />
  <attribute name="elasticGC enabled" value="1" />
  <attribute name= "numThreadsSpecified" value="0" />
  <attribute name="heapSize specified" value="6225920" />
  <attribute name= "numCores" value="8" />
  <attribute name ="GC Interval" value="0" />
  <attribute name ="Control flow" value="3" />
  <attribute name="GC Util Range Max" value="23" />
  <attribute name="Current GC Util" value="5" />
  <attribute name= "Current Time Running" value="908" />
<allocation-satisfied id="492" threadId="0000000002182F00" bytesRequested="40" />
<af-end id="493" timestamp="2019-08-02T18:53:26.549" threadId="0000000002183888" success="true" from="nursery"/>
<exclusive-end id="494" timestamp="2019-08-02T18:53:26.549" durationms="1.086" />

<exclusive-start id="495" timestamp="2019-08-02T18:53:26.561" intervalms="12.961">
  <response-info timems="0.068" idlems="0.068" threads="0" lastid="0000000002182F00" lastname="Thread-11" />
</exclusive-start>
<af-start id="496" threadId="0000000002183888" totalBytesRequested="40" timestamp="2019-08-02T18:53:26.561" intervalms="12.966" type="nursery" />
<cycle-start id="497" type="scavenge" contextid="0" timestamp="2019-08-02T18:53:26.561" intervalms="12.963" />
<gc-start id="498" type="scavenge" contextid="497" timestamp="2019-08-02T18:53:26.561">
  <mem-info id="499" free="1234672" total="10158080" percent="12">
    <mem type="nursery" free="0" total="3932160" percent="0">
      <mem type="allocate" free="0" total="3538944" percent="0" />
      <mem type="survivor" free="0" total="393216" percent="0" />
    </mem>
    <mem type="tenure" free="1234672" total="6225920" percent="19">
      <mem type="soa" free="985840" total="5914624" percent="16" />
      <mem type="loa" free="248832" total="311296" percent="79" />
    </mem>
    <remembered-set count="792" />
  </mem-info>
</gc-start>
<allocation-stats totalBytes="3460200" >
  <allocated-bytes non-tlh="40" tlh="3460160" />
  <largest-consumer threadName="Thread-11" threadId="0000000002182F00" bytes="3460200" />
</allocation-stats>
<gc-op id="500" type="scavenge" timems="0.245" contextid="497" timestamp="2019-08-02T18:53:26.562">
  <scavenger-info tenureage="3" tenuremask="4008" tiltratio="90" />
  <memory-copied type="nursery" objects="556" bytes="13960" bytesdiscarded="79736" />
  <memory-copied type="tenure" objects="256" bytes="6144" bytesdiscarded="0" />
</gc-op>
<gc-end id="501" type="scavenge" contextid="497" durationms="0.626" usertimems="0.000" systemtimems="0.000" timestamp="2019-08-02T18:53:26.562" activeThreads="8">
  <mem-info id="502" free="4625392" total="10158080" percent="45">
    <mem type="nursery" free="3445248" total="3932160" percent="87">
      <mem type="allocate" free="3445248" total="3538944" percent="97" />
      <mem type="survivor" free="0" total="393216" percent="0" />
    </mem>
    <mem type="tenure" free="1180144" total="6225920" percent="18">
      <mem type="soa" free="931312" total="5914624" percent="15" />
      <mem type="loa" free="248832" total="311296" percent="79" />
    </mem>
    <remembered-set count="536" />
  </mem-info>
</gc-end>
<cycle-end id="503" type="scavenge" contextid="497" timestamp="2019-08-02T18:53:26.562" />
  <attribute name="elasticGC enabled" value="1" />
  <attribute name= "numThreadsSpecified" value="0" />
  <attribute name="heapSize specified" value="6225920" />
  <attribute name= "numCores" value="8" />
  <attribute name ="GC Interval" value="0" />
  <attribute name ="Control flow" value="3" />
  <attribute name="GC Util Range Max" value="23" />
  <attribute name="Current GC Util" value="4" />
  <attribute name= "Current Time Running" value="921" />
<allocation-satisfied id="504" threadId="0000000002182F00" bytesRequested="40" />
<af-end id="505" timestamp="2019-08-02T18:53:26.563" threadId="0000000002183888" success="true" from="nursery"/>
<exclusive-end id="506" timestamp="2019-08-02T18:53:26.563" durationms="1.592" />

<exclusive-start id="507" timestamp="2019-08-02T18:53:26.572" intervalms="11.014">
  <response-info timems="0.084" idlems="0.084" threads="0" lastid="0000000002182F00" lastname="Thread-11" />
</exclusive-start>
<af-start id="508" threadId="0000000002183888" totalBytesRequested="24" timestamp="2019-08-02T18:53:26.572" intervalms="11.004" type="nursery" />
<cycle-start id="509" type="scavenge" contextid="0" timestamp="2019-08-02T18:53:26.572" intervalms="11.008" />
<gc-start id="510" type="scavenge" contextid="509" timestamp="2019-08-02T18:53:26.572">
  <mem-info id="511" free="1180144" total="10158080" percent="11">
    <mem type="nursery" free="0" total="3932160" percent="0">
      <mem type="allocate" free="0" total="3538944" percent="0" />
      <mem type="survivor" free="0" total="393216" percent="0" />
    </mem>
    <mem type="tenure" free="1180144" total="6225920" percent="18">
      <mem type="soa" free="931312" total="5914624" percent="15" />
      <mem type="loa" free="248832" total="311296" percent="79" />
    </mem>
    <remembered-set count="703" />
  </mem-info>
</gc-start>
<allocation-stats totalBytes="3444744" >
  <allocated-bytes non-tlh="40" tlh="3444704" />
  <largest-consumer threadName="Thread-11" threadId="0000000002182F00" bytes="3444744" />
</allocation-stats>
<gc-op id="512" type="scavenge" timems="0.212" contextid="509" timestamp="2019-08-02T18:53:26.573">
  <scavenger-info tenureage="3" tenuremask="4008" tiltratio="90" />
  <memory-copied type="nursery" objects="480" bytes="11640" bytesdiscarded="66696" />
  <memory-copied type="tenure" objects="158" bytes="3792" bytesdiscarded="0" />
</gc-op>
<gc-end id="513" type="scavenge" contextid="509" durationms="0.511" usertimems="0.000" systemtimems="0.000" timestamp="2019-08-02T18:53:26.573" activeThreads="8">
  <mem-info id="514" free="4640752" total="10158080" percent="45">
    <mem type="nursery" free="3460608" total="3932160" percent="88">
      <mem type="allocate" free="3460608" total="3538944" percent="97" />
      <mem type="survivor" free="0" total="393216" percent="0" />
    </mem>
    <mem type="tenure" free="1180144" total="6225920" percent="18">
      <mem type="soa" free="931312" total="5914624" percent="15" />
      <mem type="loa" free="248832" total="311296" percent="79" />
    </mem>
    <remembered-set count="545" />
  </mem-info>
</gc-end>
<cycle-end id="515" type="scavenge" contextid="509" timestamp="2019-08-02T18:53:26.573" />
  <attribute name="elasticGC enabled" value="1" />
  <attribute name= "numThreadsSpecified" value="0" />
  <attribute name="heapSize specified" value="6225920" />
  <attribute name= "numCores" value="8" />
  <attribute name ="GC Interval" value="0" />
  <attribute name ="Control flow" value="3" />
  <attribute name="GC Util Range Max" value="23" />
  <attribute name="Current GC Util" value="6" />
  <attribute name= "Current Time Running" value="932" />
<allocation-satisfied id="516" threadId="0000000002182F00" bytesRequested="24" />
<af-end id="517" timestamp="2019-08-02T18:53:26.573" threadId="0000000002183888" success="true" from="nursery"/>
<exclusive-end id="518" timestamp="2019-08-02T18:53:26.573" durationms="1.227" />

<exclusive-start id="519" timestamp="2019-08-02T18:53:26.583" intervalms="10.655">
  <response-info timems="0.080" idlems="0.080" threads="0" lastid="0000000002182F00" lastname="Thread-11" />
</exclusive-start>
<af-start id="520" threadId="0000000002183888" totalBytesRequested="40" timestamp="2019-08-02T18:53:26.583" intervalms="10.660" type="nursery" />
<cycle-start id="521" type="scavenge" contextid="0" timestamp="2019-08-02T18:53:26.583" intervalms="10.652" />
<gc-start id="522" type="scavenge" contextid="521" timestamp="2019-08-02T18:53:26.583">
  <mem-info id="523" free="1180144" total="10158080" percent="11">
    <mem type="nursery" free="0" total="3932160" percent="0">
      <mem type="allocate" free="0" total="3538944" percent="0" />
      <mem type="survivor" free="0" total="393216" percent="0" />
    </mem>
    <mem type="tenure" free="1180144" total="6225920" percent="18">
      <mem type="soa" free="931312" total="5914624" percent="15" />
      <mem type="loa" free="248832" total="311296" percent="79" />
    </mem>
    <remembered-set count="720" />
  </mem-info>
</gc-start>
<allocation-stats totalBytes="3460112" >
  <allocated-bytes non-tlh="24" tlh="3460088" />
  <largest-consumer threadName="Thread-11" threadId="0000000002182F00" bytes="3460112" />
</allocation-stats>
<gc-op id="524" type="scavenge" timems="0.224" contextid="521" timestamp="2019-08-02T18:53:26.583">
  <scavenger-info tenureage="3" tenuremask="4008" tiltratio="90" />
  <memory-copied type="nursery" objects="550" bytes="13496" bytesdiscarded="64840" />
  <memory-copied type="tenure" objects="148" bytes="3552" bytesdiscarded="0" />
</gc-op>
<gc-end id="525" type="scavenge" contextid="521" durationms="0.405" usertimems="0.000" systemtimems="0.000" timestamp="2019-08-02T18:53:26.583" activeThreads="8">
  <mem-info id="526" free="4640752" total="10158080" percent="45">
    <mem type="nursery" free="3460608" total="3932160" percent="88">
      <mem type="allocate" free="3460608" total="3538944" percent="97" />
      <mem type="survivor" free="0" total="393216" percent="0" />
    </mem>
    <mem type="tenure" free="1180144" total="6225920" percent="18">
      <mem type="soa" free="931312" total="5914624" percent="15" />
      <mem type="loa" free="248832" total="311296" percent="79" />
    </mem>
    <remembered-set count="572" />
  </mem-info>
</gc-end>
<cycle-end id="527" type="scavenge" contextid="521" timestamp="2019-08-02T18:53:26.584" />
  <attribute name="elasticGC enabled" value="1" />
  <attribute name= "numThreadsSpecified" value="0" />
  <attribute name="heapSize specified" value="6225920" />
  <attribute name= "numCores" value="8" />
  <attribute name ="GC Interval" value="0" />
  <attribute name ="Control flow" value="3" />
  <attribute name="GC Util Range Max" value="23" />
  <attribute name="Current GC Util" value="5" />
  <attribute name= "Current Time Running" value="942" />
<allocation-satisfied id="528" threadId="0000000002182F00" bytesRequested="40" />
<af-end id="529" timestamp="2019-08-02T18:53:26.584" threadId="0000000002183888" success="true" from="nursery"/>
<exclusive-end id="530" timestamp="2019-08-02T18:53:26.584" durationms="0.938" />

<exclusive-start id="531" timestamp="2019-08-02T18:53:26.593" intervalms="9.863">
  <response-info timems="0.073" idlems="0.073" threads="0" lastid="0000000002182F00" lastname="Thread-11" />
</exclusive-start>
<af-start id="532" threadId="0000000002183888" totalBytesRequested="24" timestamp="2019-08-02T18:53:26.593" intervalms="9.915" type="nursery" />
<cycle-start id="533" type="scavenge" contextid="0" timestamp="2019-08-02T18:53:26.593" intervalms="9.981" />
<gc-start id="534" type="scavenge" contextid="533" timestamp="2019-08-02T18:53:26.593">
  <mem-info id="535" free="1180144" total="10158080" percent="11">
    <mem type="nursery" free="0" total="3932160" percent="0">
      <mem type="allocate" free="0" total="3538944" percent="0" />
      <mem type="survivor" free="0" total="393216" percent="0" />
    </mem>
    <mem type="tenure" free="1180144" total="6225920" percent="18">
      <mem type="soa" free="931312" total="5914624" percent="15" />
      <mem type="loa" free="248832" total="311296" percent="79" />
    </mem>
    <remembered-set count="802" />
  </mem-info>
</gc-start>
<allocation-stats totalBytes="3460152" >
  <allocated-bytes non-tlh="40" tlh="3460112" />
  <largest-consumer threadName="Thread-11" threadId="0000000002182F00" bytes="3460152" />
</allocation-stats>
<gc-op id="536" type="scavenge" timems="0.238" contextid="533" timestamp="2019-08-02T18:53:26.594">
  <scavenger-info tenureage="3" tenuremask="4008" tiltratio="90" />
  <memory-copied type="nursery" objects="647" bytes="15904" bytesdiscarded="77792" />
  <memory-copied type="tenure" objects="151" bytes="3624" bytesdiscarded="0" />
</gc-op>
<gc-end id="537" type="scavenge" contextid="533" durationms="0.659" usertimems="0.000" systemtimems="0.000" timestamp="2019-08-02T18:53:26.594" activeThreads="8">
  <mem-info id="538" free="4625392" total="10158080" percent="45">
    <mem type="nursery" free="3445248" total="3932160" percent="87">
      <mem type="allocate" free="3445248" total="3538944" percent="97" />
      <mem type="survivor" free="0" total="393216" percent="0" />
    </mem>
    <mem type="tenure" free="1180144" total="6225920" percent="18">
      <mem type="soa" free="931312" total="5914624" percent="15" />
      <mem type="loa" free="248832" total="311296" percent="79" />
    </mem>
    <remembered-set count="651" />
  </mem-info>
</gc-end>
<cycle-end id="539" type="scavenge" contextid="533" timestamp="2019-08-02T18:53:26.594" />
  <attribute name="elasticGC enabled" value="1" />
  <attribute name= "numThreadsSpecified" value="0" />
  <attribute name="heapSize specified" value="6225920" />
  <attribute name= "numCores" value="8" />
  <attribute name ="GC Interval" value="0" />
  <attribute name ="Control flow" value="3" />
  <attribute name="GC Util Range Max" value="23" />
  <attribute name="Current GC Util" value="5" />
  <attribute name= "Current Time Running" value="953" />
<allocation-satisfied id="540" threadId="0000000002182F00" bytesRequested="24" />
<af-end id="541" timestamp="2019-08-02T18:53:26.594" threadId="0000000002183888" success="true" from="nursery"/>
<exclusive-end id="542" timestamp="2019-08-02T18:53:26.594" durationms="1.601" />

<exclusive-start id="543" timestamp="2019-08-02T18:53:26.601" intervalms="8.784">
  <response-info timems="0.074" idlems="0.074" threads="0" lastid="0000000002182F00" lastname="Thread-11" />
</exclusive-start>
<af-start id="544" threadId="0000000002183888" totalBytesRequested="40" timestamp="2019-08-02T18:53:26.601" intervalms="8.698" type="nursery" />
<cycle-start id="545" type="scavenge" contextid="0" timestamp="2019-08-02T18:53:26.602" intervalms="8.653" />
<gc-start id="546" type="scavenge" contextid="545" timestamp="2019-08-02T18:53:26.602">
  <mem-info id="547" free="1180144" total="10158080" percent="11">
    <mem type="nursery" free="0" total="3932160" percent="0">
      <mem type="allocate" free="0" total="3538944" percent="0" />
      <mem type="survivor" free="0" total="393216" percent="0" />
    </mem>
    <mem type="tenure" free="1180144" total="6225920" percent="18">
      <mem type="soa" free="931312" total="5914624" percent="15" />
      <mem type="loa" free="248832" total="311296" percent="79" />
    </mem>
    <remembered-set count="936" />
  </mem-info>
</gc-start>
<allocation-stats totalBytes="3444840" >
  <allocated-bytes non-tlh="24" tlh="3444816" />
  <largest-consumer threadName="Thread-11" threadId="0000000002182F00" bytes="3444840" />
</allocation-stats>
<gc-op id="548" type="scavenge" timems="0.229" contextid="545" timestamp="2019-08-02T18:53:26.602">
  <scavenger-info tenureage="3" tenuremask="4008" tiltratio="90" />
  <memory-copied type="nursery" objects="766" bytes="18760" bytesdiscarded="59576" />
  <memory-copied type="tenure" objects="166" bytes="3984" bytesdiscarded="0" />
</gc-op>
<gc-end id="549" type="scavenge" contextid="545" durationms="0.461" usertimems="0.000" systemtimems="0.000" timestamp="2019-08-02T18:53:26.602" activeThreads="8">
  <mem-info id="550" free="4640752" total="10158080" percent="45">
    <mem type="nursery" free="3460608" total="3932160" percent="88">
      <mem type="allocate" free="3460608" total="3538944" percent="97" />
      <mem type="survivor" free="0" total="393216" percent="0" />
    </mem>
    <mem type="tenure" free="1180144" total="6225920" percent="18">
      <mem type="soa" free="931312" total="5914624" percent="15" />
      <mem type="loa" free="248832" total="311296" percent="79" />
    </mem>
    <remembered-set count="770" />
  </mem-info>
</gc-end>
<cycle-end id="551" type="scavenge" contextid="545" timestamp="2019-08-02T18:53:26.602" />
  <attribute name="elasticGC enabled" value="1" />
  <attribute name= "numThreadsSpecified" value="0" />
  <attribute name="heapSize specified" value="6225920" />
  <attribute name= "numCores" value="8" />
  <attribute name ="GC Interval" value="0" />
  <attribute name ="Control flow" value="3" />
  <attribute name="GC Util Range Max" value="23" />
  <attribute name="Current GC Util" value="7" />
  <attribute name= "Current Time Running" value="961" />
<allocation-satisfied id="552" threadId="0000000002182F00" bytesRequested="40" />
<af-end id="553" timestamp="2019-08-02T18:53:26.602" threadId="0000000002183888" success="true" from="nursery"/>
<exclusive-end id="554" timestamp="2019-08-02T18:53:26.603" durationms="1.166" />

<exclusive-start id="555" timestamp="2019-08-02T18:53:26.631" intervalms="29.142">
  <response-info timems="0.130" idlems="0.130" threads="0" lastid="0000000002182F00" lastname="Thread-11" />
</exclusive-start>
<af-start id="556" threadId="0000000002183888" totalBytesRequested="24" timestamp="2019-08-02T18:53:26.631" intervalms="29.254" type="nursery" />
<cycle-start id="557" type="scavenge" contextid="0" timestamp="2019-08-02T18:53:26.631" intervalms="29.243" />
<gc-start id="558" type="scavenge" contextid="557" timestamp="2019-08-02T18:53:26.631">
  <mem-info id="559" free="1179888" total="10158080" percent="11">
    <mem type="nursery" free="0" total="3932160" percent="0">
      <mem type="allocate" free="0" total="3538944" percent="0" />
      <mem type="survivor" free="0" total="393216" percent="0" />
    </mem>
    <mem type="tenure" free="1179888" total="6225920" percent="18">
      <mem type="soa" free="931056" total="5914624" percent="15" />
      <mem type="loa" free="248832" total="311296" percent="79" />
    </mem>
    <remembered-set count="1058" />
  </mem-info>
</gc-start>
<allocation-stats totalBytes="3460560" >
  <allocated-bytes non-tlh="296" tlh="3460264" />
  <largest-consumer threadName="Thread-11" threadId="0000000002182F00" bytes="3460560" />
</allocation-stats>
<gc-op id="560" type="scavenge" timems="0.284" contextid="557" timestamp="2019-08-02T18:53:26.631">
  <scavenger-info tenureage="3" tenuremask="4008" tiltratio="90" />
  <memory-copied type="nursery" objects="1852" bytes="65768" bytesdiscarded="40504" />
  <memory-copied type="tenure" objects="175" bytes="4200" bytesdiscarded="0" />
</gc-op>
<gc-end id="561" type="scavenge" contextid="557" durationms="0.541" usertimems="4.000" systemtimems="0.000" timestamp="2019-08-02T18:53:26.631" activeThreads="8">
  <mem-info id="562" free="4612560" total="10158080" percent="45">
    <mem type="nursery" free="3432672" total="3932160" percent="87">
      <mem type="allocate" free="3432672" total="3538944" percent="96" />
      <mem type="survivor" free="0" total="393216" percent="0" />
    </mem>
    <mem type="tenure" free="1179888" total="6225920" percent="18">
      <mem type="soa" free="931056" total="5914624" percent="15" />
      <mem type="loa" free="248832" total="311296" percent="79" />
    </mem>
    <remembered-set count="879" />
  </mem-info>
</gc-end>
<cycle-end id="563" type="scavenge" contextid="557" timestamp="2019-08-02T18:53:26.632" />
  <attribute name="elasticGC enabled" value="1" />
  <attribute name= "numThreadsSpecified" value="0" />
  <attribute name="heapSize specified" value="6225920" />
  <attribute name= "numCores" value="8" />
  <attribute name ="GC Interval" value="0" />
  <attribute name ="Control flow" value="3" />
  <attribute name="GC Util Range Max" value="23" />
  <attribute name="Current GC Util" value="1" />
  <attribute name= "Current Time Running" value="990" />
<allocation-satisfied id="564" threadId="0000000002182F00" bytesRequested="24" />
<af-end id="565" timestamp="2019-08-02T18:53:26.632" threadId="0000000002183888" success="true" from="nursery"/>
<exclusive-end id="566" timestamp="2019-08-02T18:53:26.632" durationms="1.154" />

</verbosegc>

