<?xml version="1.0" ?>

<verbosegc xmlns="http://www.ibm.com/j9/verbosegc" version="25b0271_CMPRSS">

<initialized id="1" timestamp="2019-07-02T19:26:26.082">
  <attribute name="gcPolicy" value="-Xgcpolicy:balanced" />
  <attribute name="GC Util" value="0" />
  <attribute name="CPU Util" value="0" />
  <attribute name="Time Running"value="0"/>
  <attribute name="Number of cores"value="0"/>
  <attribute name="maxHeapSize" value="0x7cb00000" />
  <attribute name="initialHeapSize" value="0x800000" />
  <attribute name="compressedRefs" value="true" />
  <attribute name="compressedRefsDisplacement" value="0x0" />
  <attribute name="compressedRefsShift" value="0x0" />
  <attribute name="pageSize" value="0x1000" />
  <attribute name="pageType" value="not used" />
  <attribute name="requestedPageSize" value="0x1000" />
  <attribute name="requestedPageType" value="not used" />
  <attribute name="gcthreads" value="4" />
  <attribute name="packetListSplit" value="4" />
  <attribute name="cacheListSplit" value="4" />
  <attribute name="splitFreeListSplitAmount" value="1" />
  <attribute name="numaNodes" value="0" />
  <region>
    <attribute name="regionSize" value="1048576" />
    <attribute name="regionCount" value="1995" />
    <attribute name="arrayletLeafSize" value="1048576" />
  </region>
  <system>
    <attribute name="physicalMemory" value="8370962432" />
    <attribute name="numCPUs" value="4" />
    <attribute name="architecture" value="amd64" />
    <attribute name="os" value="Linux" />
    <attribute name="osVersion" value="4.4.0-148-generic" />
  </system>
  <vmargs>
    <vmarg name="-Xoptionsfile=/vagrant/jdk/lib/options.default" />
    <vmarg name="-Xlockword:mode=default,noLockword=java/lang/String,noLockword=java/util/MapEntry,noLockword=java/util/HashMap$Entry,noLockword..." />
    <vmarg name="-Xjcl:jclse11_29" />
    <vmarg name="-Dcom.ibm.oti.vm.bootstrap.library.path=/vagrant/jdk/lib/compressedrefs:/vagrant/jdk/lib" />
    <vmarg name="-Dsun.boot.library.path=/vagrant/jdk/lib/compressedrefs:/vagrant/jdk/lib" />
    <vmarg name="-Djava.library.path=/vagrant/jdk/lib/compressedrefs:/vagrant/jdk/lib:/usr/lib64:/usr/lib" />
    <vmarg name="-Djava.home=/vagrant/jdk" />
    <vmarg name="-Duser.dir=/vagrant" />
    <vmarg name="-Xgcpolicy:balanced" />
    <vmarg name="-verbose:gc" />
    <vmarg name="-Xloggc:small-Balanced-jdkF-verbose10avrora.txt" />
    <vmarg name="-Djava.class.path=dacapo-9.12-MR1-bach.jar" />
    <vmarg name="-Dsun.java.command=dacapo-9.12-MR1-bach.jar avrora --size=small" />
    <vmarg name="-Dsun.java.launcher=SUN_STANDARD" />
    <vmarg name="-Dsun.java.launcher.pid=12837" />
  </vmargs>
</initialized>

<exclusive-start id="2" timestamp="2019-07-02T19:26:26.771" intervalms="689.579">
  <response-info timems="0.021" idlems="0.021" threads="0" lastid="00000000017C2700" lastname="main" />
</exclusive-start>
<sys-start reason="explicit" id="3" timestamp="2019-07-02T19:26:26.771" intervalms="689.792" />
<cycle-start id="4" type="global garbage collect" contextid="0" timestamp="2019-07-02T19:26:26.772" intervalms="690.034" />
  <attribute name="GC Util" value="0" />
  <attribute name="CPU Util" value="87" />
  <attribute name="Time Running"value="0"/>
  <attribute name="Number of cores"value="4"/>
<gc-start id="5" type="global garbage collect" contextid="4" timestamp="2019-07-02T19:26:26.772">
  <mem-info id="6" free="1662824" total="8388608" percent="19">
    <mem type="eden" free="614248" total="7340032" percent="8" />
    <remembered-set count="0" freebytes="334848" totalbytes="334848" percent="100" regionsoverflowed="0" regionsstable="0" regionsrebuilding="0"/>
  </mem-info>
</gc-start>
<allocation-stats totalBytes="6682512" >
  <allocated-bytes non-tlh="486640" tlh="6195872" arrayletleaf="0"/>
  <largest-consumer threadName="main" threadId="00000000017C2700" bytes="6606824" />
</allocation-stats>
<gc-op id="7" type="global mark" timems="2.924" contextid="4" timestamp="2019-07-02T19:26:26.775">
  <trace-info objectcount="17782" scancount="14061" scanbytes="462012" />
  <finalization candidates="19" enqueued="1" />
  <references type="soft" candidates="66" cleared="0" enqueued="0" dynamicThreshold="32" maxThreshold="32" />
  <references type="weak" candidates="576" cleared="412" enqueued="372" />
  <references type="phantom" candidates="99" cleared="41" enqueued="41" />
  <stringconstants candidates="2443" cleared="0"  />
</gc-op>
<gc-op id="8" type="classunload" timems="0.085" contextid="4" timestamp="2019-07-02T19:26:26.776">
  <classunload-info classloadercandidates="6" classloadersunloaded="0" classesunloaded="0" anonymousclassesunloaded="0" quiescems="0.000" setupms="0.085" scanms="0.000" postms="0.000" />
</gc-op>
<gc-op id="9" type="sweep" timems="0.778" contextid="4" timestamp="2019-07-02T19:26:26.777" />
<gc-op id="10" type="compact" timems="4.345" contextid="4" timestamp="2019-07-02T19:26:26.781">
  <compact-info movecount="17775" movebytes="852720" />
  <remembered-set-cleared processed="1120" cleared="1120" durationms="0.235" />
</gc-op>
<gc-end id="11" type="global garbage collect" contextid="4" durationms="10.106" usertimems="0.000" systemtimems="8.000" timestamp="2019-07-02T19:26:26.782" activeThreads="4">
  <mem-info id="12" free="7340032" total="8388608" percent="87">
    <pending-finalizers system="1" default="0" reference="413" classloader="0" />
    <remembered-set count="0" freebytes="334848" totalbytes="334848" percent="100" regionsoverflowed="0" regionsstable="0" regionsrebuilding="0"/>
  </mem-info>
</gc-end>
<cycle-end id="13" type="global garbage collect" contextid="4" timestamp="2019-07-02T19:26:26.783">
  <attribute name="GC Util" value="21" />
  <attribute name="CPU Util" value="17344957672202" />
  <attribute name="Time Running"value="587"/>
  <attribute name="Number of cores"value="4"/>
</cycle-end>
<sys-end id="14" timestamp="2019-07-02T19:26:26.783" />
<exclusive-end id="15" timestamp="2019-07-02T19:26:26.783" durationms="11.573" />

<exclusive-start id="16" timestamp="2019-07-02T19:26:27.737" intervalms="965.474">
  <response-info timems="0.027" idlems="0.027" threads="0" lastid="0000000001A78D00" lastname="node-2" />
</exclusive-start>
<allocation-taxation id="17" taxation-threshold="7340032" timestamp="2019-07-02T19:26:27.737" intervalms="1655.236" />
<cycle-start id="18" type="partial gc" contextid="0" timestamp="2019-07-02T19:26:27.737" intervalms="1655.659" />
  <attribute name="GC Util" value="21" />
  <attribute name="CPU Util" value="17344957672202" />
  <attribute name="Time Running"value="587"/>
  <attribute name="Number of cores"value="4"/>
<gc-start id="19" type="partial gc" contextid="18" timestamp="2019-07-02T19:26:27.738">
  <mem-info id="20" free="0" total="8388608" percent="0">
    <mem type="eden" free="0" total="7340032" percent="0" />
    <remembered-set count="0" freebytes="334848" totalbytes="334848" percent="100" regionsoverflowed="0" regionsstable="0" regionsrebuilding="0"/>
  </mem-info>
</gc-start>
<allocation-stats totalBytes="7317216" >
  <allocated-bytes non-tlh="172832" tlh="7144384" arrayletleaf="0"/>
  <largest-consumer threadName="main" threadId="00000000017C2700" bytes="5871920" />
</allocation-stats>
<gc-op id="21" type="mark" timems="3.270" contextid="18" timestamp="2019-07-02T19:26:27.742">
  <trace-info objectcount="23852" scancount="20753" scanbytes="741148" />
  <cardclean-info objects="1150" bytes="40080" />
  <remembered-set-cleared processed="0" cleared="0" durationms="0.048" />
  <references type="weak" candidates="45" cleared="44" enqueued="44" />
  <references type="phantom" candidates="4" cleared="2" enqueued="2" />
  <stringconstants candidates="3818" cleared="0"  />
  <warning details="Mark invoked due to insufficient free space for Copy-Forward" />
</gc-op>
<gc-op id="22" type="classunload" timems="0.002" contextid="18" timestamp="2019-07-02T19:26:27.742">
  <classunload-info classloadercandidates="6" classloadersunloaded="0" classesunloaded="0" anonymousclassesunloaded="0" quiescems="0.000" setupms="0.001" scanms="0.000" postms="0.000" />
</gc-op>
<gc-op id="23" type="sweep" timems="0.328" contextid="18" timestamp="2019-07-02T19:26:27.742" />
<gc-op id="24" type="compact" timems="3.989" contextid="18" timestamp="2019-07-02T19:26:27.747">
  <compact-info movecount="23805" movebytes="1019720" />
  <remembered-set-cleared processed="812" cleared="812" durationms="0.048" />
</gc-op>
<gc-end id="25" type="partial gc" contextid="18" durationms="9.608" usertimems="8.000" systemtimems="0.000" timestamp="2019-07-02T19:26:27.747" activeThreads="4">
  <mem-info id="26" free="6291456" total="8388608" percent="75">
    <mem type="eden" free="26424" total="1048576" percent="2" />
    <pending-finalizers system="0" default="0" reference="46" classloader="0" />
    <remembered-set count="1536" freebytes="328704" totalbytes="334848" percent="98" regionsoverflowed="0" regionsstable="0" regionsrebuilding="0"/>
  </mem-info>
</gc-end>
<cycle-end id="27" type="partial gc" contextid="18" timestamp="2019-07-02T19:26:27.747">
  <attribute name="GC Util" value="11" />
  <attribute name="CPU Util" value="25444135881722" />
  <attribute name="Time Running"value="1553"/>
  <attribute name="Number of cores"value="4"/>
</cycle-end>
<exclusive-end id="28" timestamp="2019-07-02T19:26:27.748" durationms="10.835" />

<exclusive-start id="29" timestamp="2019-07-02T19:26:28.689" intervalms="952.091">
  <response-info timems="0.033" idlems="0.033" threads="0" lastid="0000000001A78D00" lastname="node-2" />
</exclusive-start>
<allocation-taxation id="30" taxation-threshold="3145728" timestamp="2019-07-02T19:26:28.689" intervalms="951.987" />
<cycle-start id="31" type="global mark phase" contextid="0" timestamp="2019-07-02T19:26:28.689" intervalms="2607.303" />
  <attribute name="GC Util" value="11" />
  <attribute name="CPU Util" value="25444135881722" />
  <attribute name="Time Running"value="1553"/>
  <attribute name="Number of cores"value="4"/>
<gc-start id="32" type="global mark phase" contextid="31" timestamp="2019-07-02T19:26:28.689">
  <mem-info id="33" free="3145728" total="8388608" percent="37">
    <remembered-set count="1056" freebytes="330624" totalbytes="334848" percent="98" regionsoverflowed="0" regionsstable="0" regionsrebuilding="0"/>
  </mem-info>
</gc-start>
<gc-op id="34" type="mark increment" timems="1.299" contextid="31" timestamp="2019-07-02T19:26:28.690">
  <trace-info objectcount="140" scancount="0" scanbytes="0" />
</gc-op>
<gc-end id="35" type="global mark phase" contextid="31" durationms="1.395" usertimems="0.000" systemtimems="0.000" timestamp="2019-07-02T19:26:28.690" activeThreads="4">
  <mem-info id="36" free="3145728" total="8388608" percent="37">
    <remembered-set count="1056" freebytes="330624" totalbytes="334848" percent="98" regionsoverflowed="0" regionsstable="0" regionsrebuilding="0"/>
  </mem-info>
</gc-end>
<concurrent-start id="37" type="GMP work packet processing" contextid="31" timestamp="2019-07-02T19:26:28.691">
  <concurrent-mark-start scanTarget="18446744073709551615" />
</concurrent-start>
<exclusive-end id="38" timestamp="2019-07-02T19:26:28.691" durationms="1.879" />

<concurrent-end id="39" type="GMP work packet processing" contextid="31" timestamp="2019-07-02T19:26:28.694">
  <concurrent-mark-end bytesScanned="1187384" reasonForTermination="Completed all work in GC phase" />
</concurrent-end>

<exclusive-start id="40" timestamp="2019-07-02T19:26:29.612" intervalms="923.435">
  <response-info timems="0.029" idlems="0.029" threads="0" lastid="0000000001A7C900" lastname="node-0" />
</exclusive-start>
<allocation-taxation id="41" taxation-threshold="3145728" timestamp="2019-07-02T19:26:29.612" intervalms="923.437" />
<cycle-start id="42" type="partial gc" contextid="0" timestamp="2019-07-02T19:26:29.612" intervalms="1875.080" />
  <attribute name="GC Util" value="139" />
  <attribute name="CPU Util" value="20143644701668" />
  <attribute name="Time Running"value="2501"/>
  <attribute name="Number of cores"value="4"/>
<gc-start id="43" type="partial gc" contextid="42" timestamp="2019-07-02T19:26:29.613">
  <mem-info id="44" free="0" total="8388608" percent="0">
    <mem type="eden" free="0" total="6291456" percent="0" />
    <remembered-set count="1056" freebytes="330624" totalbytes="334848" percent="98" regionsoverflowed="0" regionsstable="0" regionsrebuilding="0"/>
  </mem-info>
</gc-start>
<allocation-stats totalBytes="6289800" >
  <allocated-bytes non-tlh="0" tlh="6289800" arrayletleaf="0"/>
  <largest-consumer threadName="node-2" threadId="0000000001A78D00" bytes="1064928" />
</allocation-stats>
<gc-op id="45" type="mark" timems="4.330" contextid="42" timestamp="2019-07-02T19:26:29.618">
  <trace-info objectcount="23672" scancount="20619" scanbytes="737820" />
  <cardclean-info objects="68" bytes="4516" />
  <remembered-set-cleared processed="350" cleared="350" durationms="0.166" />
  <references type="weak" candidates="1" cleared="0" enqueued="0" />
  <references type="phantom" candidates="2" cleared="0" enqueued="0" />
  <stringconstants candidates="3818" cleared="0"  />
  <warning details="Mark invoked due to insufficient free space for Copy-Forward" />
</gc-op>
<gc-op id="46" type="classunload" timems="0.001" contextid="42" timestamp="2019-07-02T19:26:29.618">
  <classunload-info classloadercandidates="6" classloadersunloaded="0" classesunloaded="0" anonymousclassesunloaded="0" quiescems="0.000" setupms="0.001" scanms="0.000" postms="0.000" />
</gc-op>
<gc-op id="47" type="sweep" timems="1.381" contextid="42" timestamp="2019-07-02T19:26:29.619" />
<gc-op id="48" type="compact" timems="4.952" contextid="42" timestamp="2019-07-02T19:26:29.624">
  <compact-info movecount="19697" movebytes="767120" />
  <remembered-set-cleared processed="1096" cleared="1096" durationms="0.166" />
</gc-op>
<gc-end id="49" type="partial gc" contextid="42" durationms="12.033" usertimems="16.000" systemtimems="0.000" timestamp="2019-07-02T19:26:29.625" activeThreads="4">
  <mem-info id="50" free="5242880" total="8388608" percent="62">
    <mem type="eden" free="1048216" total="1048576" percent="99" />
    <remembered-set count="1536" freebytes="328704" totalbytes="334848" percent="98" regionsoverflowed="0" regionsstable="0" regionsrebuilding="0"/>
  </mem-info>
</gc-end>
<cycle-end id="51" type="partial gc" contextid="42" timestamp="2019-07-02T19:26:29.625">
  <attribute name="GC Util" value="104" />
  <attribute name="CPU Util" value="11727139847189" />
  <attribute name="Time Running"value="3430"/>
  <attribute name="Number of cores"value="4"/>
</cycle-end>
<exclusive-end id="52" timestamp="2019-07-02T19:26:29.625" durationms="12.639" />

<exclusive-start id="53" timestamp="2019-07-02T19:26:30.248" intervalms="635.681">
  <response-info timems="0.055" idlems="0.055" threads="0" lastid="0000000001A80500" lastname="node-1" />
</exclusive-start>
<allocation-taxation id="54" taxation-threshold="2097152" timestamp="2019-07-02T19:26:30.248" intervalms="635.684" />
<gc-start id="55" type="global mark phase" contextid="31" timestamp="2019-07-02T19:26:30.248">
  <mem-info id="56" free="3145728" total="8388608" percent="37">
    <remembered-set count="1056" freebytes="330624" totalbytes="334848" percent="98" regionsoverflowed="0" regionsstable="0" regionsrebuilding="0"/>
  </mem-info>
</gc-start>
<gc-op id="57" type="mark increment" timems="5.085" contextid="31" timestamp="2019-07-02T19:26:30.253">
  <trace-info objectcount="23670" scancount="20617" scanbytes="737772" />
  <cardclean-info objects="310" bytes="12056" />
  <finalization candidates="18" enqueued="0" />
  <references type="soft" candidates="66" cleared="0" enqueued="0" dynamicThreshold="20" maxThreshold="32" />
  <references type="weak" candidates="165" cleared="0" enqueued="0" />
  <references type="phantom" candidates="59" cleared="2" enqueued="2" />
  <stringconstants candidates="3818" cleared="0"  />
</gc-op>
<gc-op id="58" type="classunload" timems="0.003" contextid="31" timestamp="2019-07-02T19:26:30.253">
  <classunload-info classloadercandidates="6" classloadersunloaded="0" classesunloaded="0" anonymousclassesunloaded="0" quiescems="0.000" setupms="0.002" scanms="0.000" postms="0.000" />
</gc-op>
<gc-end id="59" type="global mark phase" contextid="31" durationms="5.359" usertimems="0.000" systemtimems="4.000" timestamp="2019-07-02T19:26:30.253" activeThreads="4">
  <mem-info id="60" free="3145728" total="8388608" percent="37">
    <pending-finalizers system="0" default="0" reference="2" classloader="0" />
    <remembered-set count="1056" freebytes="330624" totalbytes="334848" percent="98" regionsoverflowed="0" regionsstable="0" regionsrebuilding="0"/>
  </mem-info>
</gc-end>
<cycle-end id="61" type="global mark phase" contextid="31" timestamp="2019-07-02T19:26:30.254">
  <attribute name="GC Util" value="37" />
  <attribute name="CPU Util" value="12595769716967" />
  <attribute name="Time Running"value="4061"/>
  <attribute name="Number of cores"value="4"/>
</cycle-end>
<exclusive-end id="62" timestamp="2019-07-02T19:26:30.254" durationms="5.735" />

<exclusive-start id="63" timestamp="2019-07-02T19:26:30.896" intervalms="648.368">
  <response-info timems="0.021" idlems="0.021" threads="0" lastid="0000000001A78D00" lastname="node-2" />
</exclusive-start>
<allocation-taxation id="64" taxation-threshold="2097152" timestamp="2019-07-02T19:26:30.896" intervalms="648.359" />
<cycle-start id="65" type="partial gc" contextid="0" timestamp="2019-07-02T19:26:30.896" intervalms="1284.046" />
  <attribute name="GC Util" value="37" />
  <attribute name="CPU Util" value="12595769716967" />
  <attribute name="Time Running"value="4061"/>
  <attribute name="Number of cores"value="4"/>
<gc-start id="66" type="partial gc" contextid="65" timestamp="2019-07-02T19:26:30.897">
  <mem-info id="67" free="1048576" total="8388608" percent="12">
    <mem type="eden" free="1048216" total="5242880" percent="19" />
    <remembered-set count="1056" freebytes="330624" totalbytes="334848" percent="98" regionsoverflowed="0" regionsstable="0" regionsrebuilding="0"/>
  </mem-info>
</gc-start>
<allocation-stats totalBytes="4193040" >
  <allocated-bytes non-tlh="0" tlh="4193040" arrayletleaf="0"/>
  <largest-consumer threadName="node-0" threadId="0000000001A7C900" bytes="745400" />
</allocation-stats>
<gc-op id="68" type="sweep" timems="1.473" contextid="65" timestamp="2019-07-02T19:26:30.898" />
<gc-op id="69" type="copy forward" timems="3.677" contextid="65" timestamp="2019-07-02T19:26:30.903">
  <memory-copied type="eden" objects="27" bytes="1960" bytesdiscarded="712" />
  <memory-copied type="other" objects="0" bytes="0" bytesdiscarded="0" />
  <memory-cardclean objects="213" bytes="8040" />
  <remembered-set-cleared processed="362" cleared="11" durationms="0.055" />
  <stringconstants candidates="3818" cleared="0"  />
</gc-op>
<gc-op id="70" type="classunload" timems="0.001" contextid="65" timestamp="2019-07-02T19:26:30.903">
  <classunload-info classloadercandidates="6" classloadersunloaded="0" classesunloaded="0" anonymousclassesunloaded="0" quiescems="0.000" setupms="0.001" scanms="0.000" postms="0.000" />
</gc-op>
<gc-end id="71" type="partial gc" contextid="65" durationms="6.486" usertimems="8.000" systemtimems="0.000" timestamp="2019-07-02T19:26:30.903" activeThreads="4">
  <mem-info id="72" free="5242880" total="8388608" percent="62">
    <mem type="eden" free="1045904" total="1048576" percent="99" />
    <remembered-set count="1952" freebytes="327040" totalbytes="334848" percent="97" regionsoverflowed="0" regionsstable="0" regionsrebuilding="0"/>
  </mem-info>
</gc-end>
<cycle-end id="73" type="partial gc" contextid="65" timestamp="2019-07-02T19:26:30.903">
  <attribute name="GC Util" value="100" />
  <attribute name="CPU Util" value="31371160086484" />
  <attribute name="Time Running"value="4709"/>
  <attribute name="Number of cores"value="4"/>
</cycle-end>
<exclusive-end id="74" timestamp="2019-07-02T19:26:30.903" durationms="6.947" />

<exclusive-start id="75" timestamp="2019-07-02T19:26:31.533" intervalms="636.534">
  <response-info timems="0.023" idlems="0.023" threads="0" lastid="0000000001A80500" lastname="node-1" />
</exclusive-start>
<allocation-taxation id="76" taxation-threshold="2097152" timestamp="2019-07-02T19:26:31.533" intervalms="636.540" />
<cycle-start id="77" type="global mark phase" contextid="0" timestamp="2019-07-02T19:26:31.533" intervalms="2844.111" />
  <attribute name="GC Util" value="100" />
  <attribute name="CPU Util" value="31371160086484" />
  <attribute name="Time Running"value="4709"/>
  <attribute name="Number of cores"value="4"/>
<gc-start id="78" type="global mark phase" contextid="77" timestamp="2019-07-02T19:26:31.533">
  <mem-info id="79" free="3145728" total="8388608" percent="37">
    <remembered-set count="1120" freebytes="330368" totalbytes="334848" percent="98" regionsoverflowed="0" regionsstable="1" regionsrebuilding="0"/>
  </mem-info>
</gc-start>
<gc-op id="80" type="mark increment" timems="1.181" contextid="77" timestamp="2019-07-02T19:26:31.534">
  <trace-info objectcount="140" scancount="0" scanbytes="0" />
</gc-op>
<gc-end id="81" type="global mark phase" contextid="77" durationms="1.345" usertimems="4.000" systemtimems="0.000" timestamp="2019-07-02T19:26:31.534" activeThreads="4">
  <mem-info id="82" free="3145728" total="8388608" percent="37">
    <remembered-set count="1120" freebytes="330368" totalbytes="334848" percent="98" regionsoverflowed="0" regionsstable="0" regionsrebuilding="1"/>
  </mem-info>
</gc-end>
<concurrent-start id="83" type="GMP work packet processing" contextid="77" timestamp="2019-07-02T19:26:31.535">
  <concurrent-mark-start scanTarget="18446744073709551615" />
</concurrent-start>
<exclusive-end id="84" timestamp="2019-07-02T19:26:31.535" durationms="1.799" />

<concurrent-end id="85" type="GMP work packet processing" contextid="77" timestamp="2019-07-02T19:26:31.538">
  <concurrent-mark-end bytesScanned="1179512" reasonForTermination="Completed all work in GC phase" />
</concurrent-end>

<exclusive-start id="86" timestamp="2019-07-02T19:26:32.217" intervalms="684.655">
  <response-info timems="0.022" idlems="0.022" threads="0" lastid="0000000001A80500" lastname="node-1" />
</exclusive-start>
<allocation-taxation id="87" taxation-threshold="2097152" timestamp="2019-07-02T19:26:32.218" intervalms="684.660" />
<cycle-start id="88" type="partial gc" contextid="0" timestamp="2019-07-02T19:26:32.218" intervalms="1321.205" />
  <attribute name="GC Util" value="148" />
  <attribute name="CPU Util" value="25580366437398" />
  <attribute name="Time Running"value="5345"/>
  <attribute name="Number of cores"value="4"/>
<gc-start id="89" type="partial gc" contextid="88" timestamp="2019-07-02T19:26:32.218">
  <mem-info id="90" free="1048576" total="8388608" percent="12">
    <mem type="eden" free="1045904" total="5242880" percent="19" />
    <remembered-set count="1952" freebytes="327040" totalbytes="334848" percent="97" regionsoverflowed="0" regionsstable="0" regionsrebuilding="1"/>
  </mem-info>
</gc-start>
<allocation-stats totalBytes="4193416" >
  <allocated-bytes non-tlh="0" tlh="4193416" arrayletleaf="0"/>
  <largest-consumer threadName="node-2" threadId="0000000001A78D00" bytes="745408" />
</allocation-stats>
<gc-op id="91" type="copy forward" timems="4.921" contextid="88" timestamp="2019-07-02T19:26:32.224">
  <memory-copied type="eden" objects="18" bytes="312" bytesdiscarded="664" />
  <memory-copied type="other" objects="0" bytes="0" bytesdiscarded="0" />
  <memory-cardclean objects="180" bytes="6336" />
  <remembered-set-cleared processed="784" cleared="17" durationms="0.048" />
  <stringconstants candidates="3818" cleared="0"  />
</gc-op>
<gc-op id="92" type="classunload" timems="0.014" contextid="88" timestamp="2019-07-02T19:26:32.224">
  <classunload-info classloadercandidates="6" classloadersunloaded="0" classesunloaded="0" anonymousclassesunloaded="0" quiescems="0.000" setupms="0.014" scanms="0.000" postms="0.000" />
</gc-op>
<gc-op id="93" type="compact" timems="2.642" contextid="88" timestamp="2019-07-02T19:26:32.227">
  <compact-info movecount="0" movebytes="0" />
  <remembered-set-cleared processed="1570" cleared="17" durationms="0.050" />
</gc-op>
<gc-end id="94" type="partial gc" contextid="88" durationms="8.955" usertimems="12.000" systemtimems="0.000" timestamp="2019-07-02T19:26:32.227" activeThreads="4">
  <mem-info id="95" free="5242880" total="8388608" percent="62">
    <mem type="eden" free="1047600" total="1048576" percent="99" />
    <remembered-set count="928" freebytes="331136" totalbytes="334848" percent="98" regionsoverflowed="0" regionsstable="0" regionsrebuilding="1"/>
  </mem-info>
</gc-end>
<cycle-end id="96" type="partial gc" contextid="88" timestamp="2019-07-02T19:26:32.227">
  <attribute name="GC Util" value="118" />
  <attribute name="CPU Util" value="3510344416755" />
  <attribute name="Time Running"value="6034"/>
  <attribute name="Number of cores"value="4"/>
</cycle-end>
<exclusive-end id="97" timestamp="2019-07-02T19:26:32.227" durationms="9.693" />

<exclusive-start id="98" timestamp="2019-07-02T19:26:32.882" intervalms="664.473">
  <response-info timems="0.020" idlems="0.020" threads="0" lastid="0000000001A80500" lastname="node-1" />
</exclusive-start>
<allocation-taxation id="99" taxation-threshold="2097152" timestamp="2019-07-02T19:26:32.882" intervalms="664.470" />
<gc-start id="100" type="global mark phase" contextid="77" timestamp="2019-07-02T19:26:32.882">
  <mem-info id="101" free="3145728" total="8388608" percent="37">
    <remembered-set count="928" freebytes="331136" totalbytes="334848" percent="98" regionsoverflowed="0" regionsstable="0" regionsrebuilding="1"/>
  </mem-info>
</gc-start>
<gc-op id="102" type="mark increment" timems="2.609" contextid="77" timestamp="2019-07-02T19:26:32.885">
  <trace-info objectcount="27" scancount="23" scanbytes="512" />
  <cardclean-info objects="197" bytes="6648" />
  <finalization candidates="18" enqueued="0" />
  <references type="soft" candidates="66" cleared="0" enqueued="0" dynamicThreshold="20" maxThreshold="32" />
  <references type="weak" candidates="165" cleared="0" enqueued="0" />
  <references type="phantom" candidates="57" cleared="0" enqueued="0" />
  <stringconstants candidates="3818" cleared="0"  />
</gc-op>
<gc-op id="103" type="classunload" timems="0.015" contextid="77" timestamp="2019-07-02T19:26:32.885">
  <classunload-info classloadercandidates="6" classloadersunloaded="0" classesunloaded="0" anonymousclassesunloaded="0" quiescems="0.000" setupms="0.015" scanms="0.000" postms="0.000" />
</gc-op>
<gc-end id="104" type="global mark phase" contextid="77" durationms="2.991" usertimems="0.000" systemtimems="4.000" timestamp="2019-07-02T19:26:32.885" activeThreads="4">
  <mem-info id="105" free="3145728" total="8388608" percent="37">
    <remembered-set count="928" freebytes="331136" totalbytes="334848" percent="98" regionsoverflowed="0" regionsstable="0" regionsrebuilding="0"/>
  </mem-info>
</gc-end>
<cycle-end id="106" type="global mark phase" contextid="77" timestamp="2019-07-02T19:26:32.885">
  <attribute name="GC Util" value="119" />
  <attribute name="CPU Util" value="34495628037900" />
  <attribute name="Time Running"value="6694"/>
  <attribute name="Number of cores"value="4"/>
</cycle-end>
<exclusive-end id="107" timestamp="2019-07-02T19:26:32.886" durationms="3.705" />

<exclusive-start id="108" timestamp="2019-07-02T19:26:33.537" intervalms="654.789">
  <response-info timems="0.031" idlems="0.031" threads="0" lastid="0000000001A80500" lastname="node-1" />
</exclusive-start>
<allocation-taxation id="109" taxation-threshold="2097152" timestamp="2019-07-02T19:26:33.537" intervalms="654.792" />
<cycle-start id="110" type="partial gc" contextid="0" timestamp="2019-07-02T19:26:33.537" intervalms="1319.259" />
  <attribute name="GC Util" value="119" />
  <attribute name="CPU Util" value="34495628037900" />
  <attribute name="Time Running"value="6694"/>
  <attribute name="Number of cores"value="4"/>
<gc-start id="111" type="partial gc" contextid="110" timestamp="2019-07-02T19:26:33.537">
  <mem-info id="112" free="1048576" total="8388608" percent="12">
    <mem type="eden" free="1047600" total="5242880" percent="19" />
    <remembered-set count="128" freebytes="334336" totalbytes="334848" percent="99" regionsoverflowed="0" regionsstable="1" regionsrebuilding="0"/>
  </mem-info>
</gc-start>
<allocation-stats totalBytes="4193384" >
  <allocated-bytes non-tlh="0" tlh="4193384" arrayletleaf="0"/>
  <largest-consumer threadName="node-0" threadId="0000000001A7C900" bytes="749496" />
</allocation-stats>
<gc-op id="113" type="sweep" timems="0.325" contextid="110" timestamp="2019-07-02T19:26:33.538" />
<gc-op id="114" type="copy forward" timems="1.009" contextid="110" timestamp="2019-07-02T19:26:33.539">
  <memory-copied type="eden" objects="27" bytes="1016" bytesdiscarded="624" />
  <memory-copied type="other" objects="0" bytes="0" bytesdiscarded="0" />
  <memory-cardclean objects="180" bytes="6336" />
  <remembered-set-cleared processed="33" cleared="3" durationms="0.043" />
  <stringconstants candidates="3818" cleared="0"  />
</gc-op>
<gc-op id="115" type="classunload" timems="0.002" contextid="110" timestamp="2019-07-02T19:26:33.539">
  <classunload-info classloadercandidates="6" classloadersunloaded="0" classesunloaded="0" anonymousclassesunloaded="0" quiescems="0.000" setupms="0.002" scanms="0.000" postms="0.000" />
</gc-op>
<gc-op id="116" type="compact" timems="0.713" contextid="110" timestamp="2019-07-02T19:26:33.540">
  <compact-info movecount="0" movebytes="0" />
  <remembered-set-cleared processed="77" cleared="3" durationms="0.043" />
</gc-op>
<gc-end id="117" type="partial gc" contextid="110" durationms="3.155" usertimems="4.000" systemtimems="0.000" timestamp="2019-07-02T19:26:33.540" activeThreads="4">
  <mem-info id="118" free="5242880" total="8388608" percent="62">
    <mem type="eden" free="1046936" total="1048576" percent="99" />
    <remembered-set count="640" freebytes="332288" totalbytes="334848" percent="99" regionsoverflowed="0" regionsstable="1" regionsrebuilding="0"/>
  </mem-info>
</gc-end>
<cycle-end id="119" type="partial gc" contextid="110" timestamp="2019-07-02T19:26:33.540">
  <attribute name="GC Util" value="67" />
  <attribute name="CPU Util" value="14028966423914" />
  <attribute name="Time Running"value="7350"/>
  <attribute name="Number of cores"value="4"/>
</cycle-end>
<exclusive-end id="120" timestamp="2019-07-02T19:26:33.541" durationms="3.795" />

<exclusive-start id="121" timestamp="2019-07-02T19:26:34.143" intervalms="606.283">
  <response-info timems="0.030" idlems="0.030" threads="0" lastid="0000000001A78D00" lastname="node-2" />
</exclusive-start>
<allocation-taxation id="122" taxation-threshold="2097152" timestamp="2019-07-02T19:26:34.143" intervalms="606.283" />
<cycle-start id="123" type="global mark phase" contextid="0" timestamp="2019-07-02T19:26:34.143" intervalms="2610.115" />
  <attribute name="GC Util" value="67" />
  <attribute name="CPU Util" value="14028966423914" />
  <attribute name="Time Running"value="7350"/>
  <attribute name="Number of cores"value="4"/>
<gc-start id="124" type="global mark phase" contextid="123" timestamp="2019-07-02T19:26:34.143">
  <mem-info id="125" free="3145728" total="8388608" percent="37">
    <remembered-set count="640" freebytes="332288" totalbytes="334848" percent="99" regionsoverflowed="0" regionsstable="1" regionsrebuilding="0"/>
  </mem-info>
</gc-start>
<gc-op id="126" type="mark increment" timems="0.464" contextid="123" timestamp="2019-07-02T19:26:34.144">
  <trace-info objectcount="139" scancount="0" scanbytes="0" />
</gc-op>
<gc-end id="127" type="global mark phase" contextid="123" durationms="0.556" usertimems="4.000" systemtimems="0.000" timestamp="2019-07-02T19:26:34.144" activeThreads="4">
  <mem-info id="128" free="3145728" total="8388608" percent="37">
    <remembered-set count="640" freebytes="332288" totalbytes="334848" percent="99" regionsoverflowed="0" regionsstable="0" regionsrebuilding="1"/>
  </mem-info>
</gc-end>
<concurrent-start id="129" type="GMP work packet processing" contextid="123" timestamp="2019-07-02T19:26:34.144">
  <concurrent-mark-start scanTarget="18446744073709551615" />
</concurrent-start>
<exclusive-end id="130" timestamp="2019-07-02T19:26:34.144" durationms="0.905" />

<concurrent-end id="131" type="GMP work packet processing" contextid="123" timestamp="2019-07-02T19:26:34.145">
  <concurrent-mark-end bytesScanned="1179568" reasonForTermination="Completed all work in GC phase" />
</concurrent-end>

<exclusive-start id="132" timestamp="2019-07-02T19:26:34.758" intervalms="614.514">
  <response-info timems="0.032" idlems="0.032" threads="0" lastid="0000000001A7C900" lastname="node-0" />
</exclusive-start>
<allocation-taxation id="133" taxation-threshold="2097152" timestamp="2019-07-02T19:26:34.758" intervalms="614.503" />
<cycle-start id="134" type="partial gc" contextid="0" timestamp="2019-07-02T19:26:34.758" intervalms="1220.762" />
  <attribute name="GC Util" value="181" />
  <attribute name="CPU Util" value="57598376551650" />
  <attribute name="Time Running"value="7954"/>
  <attribute name="Number of cores"value="4"/>
<gc-start id="135" type="partial gc" contextid="134" timestamp="2019-07-02T19:26:34.758">
  <mem-info id="136" free="1048576" total="8388608" percent="12">
    <mem type="eden" free="1046936" total="5242880" percent="19" />
    <remembered-set count="1856" freebytes="327424" totalbytes="334848" percent="97" regionsoverflowed="0" regionsstable="0" regionsrebuilding="1"/>
  </mem-info>
</gc-start>
<allocation-stats totalBytes="4192720" >
  <allocated-bytes non-tlh="0" tlh="4192720" arrayletleaf="0"/>
  <largest-consumer threadName="node-2" threadId="0000000001A78D00" bytes="769512" />
</allocation-stats>
<gc-op id="137" type="copy forward" timems="1.294" contextid="134" timestamp="2019-07-02T19:26:34.760">
  <memory-copied type="eden" objects="19" bytes="336" bytesdiscarded="664" />
  <memory-copied type="other" objects="0" bytes="0" bytesdiscarded="0" />
  <memory-cardclean objects="180" bytes="6336" />
  <remembered-set-cleared processed="779" cleared="15" durationms="0.051" />
  <stringconstants candidates="3818" cleared="0"  />
</gc-op>
<gc-op id="138" type="classunload" timems="0.001" contextid="134" timestamp="2019-07-02T19:26:34.760">
  <classunload-info classloadercandidates="6" classloadersunloaded="0" classesunloaded="0" anonymousclassesunloaded="0" quiescems="0.000" setupms="0.001" scanms="0.000" postms="0.000" />
</gc-op>
<gc-op id="139" type="compact" timems="0.881" contextid="134" timestamp="2019-07-02T19:26:34.761">
  <compact-info movecount="0" movebytes="0" />
  <remembered-set-cleared processed="1563" cleared="15" durationms="0.051" />
</gc-op>
<gc-end id="140" type="partial gc" contextid="134" durationms="3.207" usertimems="4.000" systemtimems="0.000" timestamp="2019-07-02T19:26:34.761" activeThreads="4">
  <mem-info id="141" free="5242880" total="8388608" percent="62">
    <mem type="eden" free="1047576" total="1048576" percent="99" />
    <remembered-set count="928" freebytes="331136" totalbytes="334848" percent="98" regionsoverflowed="0" regionsstable="0" regionsrebuilding="1"/>
  </mem-info>
</gc-end>
<cycle-end id="142" type="partial gc" contextid="134" timestamp="2019-07-02T19:26:34.761">
  <attribute name="GC Util" value="68" />
  <attribute name="CPU Util" value="11314681606367" />
  <attribute name="Time Running"value="8570"/>
  <attribute name="Number of cores"value="4"/>
</cycle-end>
<exclusive-end id="143" timestamp="2019-07-02T19:26:34.761" durationms="3.791" />

</verbosegc>

