<?xml version="1.0" ?>

<verbosegc xmlns="http://www.ibm.com/j9/verbosegc" version="25b0271_CMPRSS">

<initialized id="1" timestamp="2019-07-02T23:30:22.354">
  <attribute name="gcPolicy" value="-Xgcpolicy:optthruput" />
  <attribute name="GC Util" value="0" />
  <attribute name="CPU Util" value="0" />
  <attribute name="Time Running"value="0"/>
  <attribute name="Number of cores"value="0"/>
  <attribute name="maxHeapSize" value="0x7cbc0000" />
  <attribute name="initialHeapSize" value="0x800000" />
  <attribute name="compressedRefs" value="true" />
  <attribute name="compressedRefsDisplacement" value="0x0" />
  <attribute name="compressedRefsShift" value="0x0" />
  <attribute name="pageSize" value="0x1000" />
  <attribute name="pageType" value="not used" />
  <attribute name="requestedPageSize" value="0x1000" />
  <attribute name="requestedPageType" value="not used" />
  <attribute name="gcthreads" value="4" />
  <attribute name="packetListSplit" value="4" />
  <attribute name="cacheListSplit" value="4" />
  <attribute name="splitFreeListSplitAmount" value="1" />
  <attribute name="numaNodes" value="0" />
  <system>
    <attribute name="physicalMemory" value="8370962432" />
    <attribute name="numCPUs" value="4" />
    <attribute name="architecture" value="amd64" />
    <attribute name="os" value="Linux" />
    <attribute name="osVersion" value="4.4.0-148-generic" />
  </system>
  <vmargs>
    <vmarg name="-Xoptionsfile=/vagrant/jdk/lib/options.default" />
    <vmarg name="-Xlockword:mode=default,noLockword=java/lang/String,noLockword=java/util/MapEntry,noLockword=java/util/HashMap$Entry,noLockword..." />
    <vmarg name="-Xjcl:jclse11_29" />
    <vmarg name="-Dcom.ibm.oti.vm.bootstrap.library.path=/vagrant/jdk/lib/compressedrefs:/vagrant/jdk/lib" />
    <vmarg name="-Dsun.boot.library.path=/vagrant/jdk/lib/compressedrefs:/vagrant/jdk/lib" />
    <vmarg name="-Djava.library.path=/vagrant/jdk/lib/compressedrefs:/vagrant/jdk/lib:/usr/lib64:/usr/lib" />
    <vmarg name="-Djava.home=/vagrant/jdk" />
    <vmarg name="-Duser.dir=/vagrant" />
    <vmarg name="-Xgcpolicy:optthruput" />
    <vmarg name="-verbose:gc" />
    <vmarg name="-Xloggc:large-OPTTHRUPUT-jdkF-verbose7jython.txt" />
    <vmarg name="-Djava.class.path=dacapo-9.12-MR1-bach.jar" />
    <vmarg name="-Dsun.java.command=dacapo-9.12-MR1-bach.jar jython --size=large" />
    <vmarg name="-Dsun.java.launcher=SUN_STANDARD" />
    <vmarg name="-Dsun.java.launcher.pid=27959" />
  </vmargs>
</initialized>

<exclusive-start id="2" timestamp="2019-07-02T23:30:23.583" intervalms="1228.970">
  <response-info timems="0.022" idlems="0.022" threads="0" lastid="0000000001AB4700" lastname="main" />
</exclusive-start>
<af-start id="3" threadId="0000000001AB5088" totalBytesRequested="2056" timestamp="2019-07-02T23:30:23.583" intervalms="1229.155" />
<cycle-start id="4" type="global" contextid="0" timestamp="2019-07-02T23:30:23.583" intervalms="1229.418" />
  <attribute name="GC Util" value="0" />
  <attribute name="CPU Util" value="104" />
  <attribute name="Time Running"value="0"/>
  <attribute name="Number of cores"value="4"/>
<gc-start id="5" type="global" contextid="4" timestamp="2019-07-02T23:30:23.583">
  <mem-info id="6" free="418816" total="8388608" percent="4">
    <mem type="tenure" free="418816" total="8388608" percent="4">
      <mem type="soa" free="0" total="7969792" percent="0" />
      <mem type="loa" free="418816" total="418816" percent="100" />
    </mem>
  </mem-info>
</gc-start>
<allocation-stats totalBytes="7920664" >
  <allocated-bytes non-tlh="314600" tlh="7606064" />
  <largest-consumer threadName="main" threadId="0000000001AB4700" bytes="7849072" />
</allocation-stats>
<gc-op id="7" type="mark" timems="1.607" contextid="4" timestamp="2019-07-02T23:30:23.585">
  <trace-info objectcount="17600" scancount="14545" scanbytes="458828" />
  <finalization candidates="19" enqueued="1" />
  <references type="soft" candidates="63" cleared="0" enqueued="0" dynamicThreshold="32" maxThreshold="32" />
  <references type="weak" candidates="567" cleared="402" enqueued="362" />
  <references type="phantom" candidates="105" cleared="44" enqueued="44" />
  <stringconstants candidates="2393" cleared="0"  />
</gc-op>
<gc-op id="8" type="classunload" timems="0.033" contextid="4" timestamp="2019-07-02T23:30:23.585">
  <classunload-info classloadercandidates="5" classloadersunloaded="0" classesunloaded="0" anonymousclassesunloaded="0" quiescems="0.000" setupms="0.033" scanms="0.000" postms="0.000" />
</gc-op>
<gc-op id="9" type="sweep" timems="0.356" contextid="4" timestamp="2019-07-02T23:30:23.585" />
<gc-end id="10" type="global" contextid="4" durationms="2.277" usertimems="0.000" systemtimems="0.000" timestamp="2019-07-02T23:30:23.585" activeThreads="4">
  <mem-info id="11" free="7188232" total="8388608" percent="85">
    <mem type="tenure" free="7188232" total="8388608" percent="85" micro-fragmented="161939" macro-fragmented="0">
      <mem type="soa" free="6769416" total="7969792" percent="84" />
      <mem type="loa" free="418816" total="418816" percent="100" />
    </mem>
    <pending-finalizers system="1" default="0" reference="406" classloader="0" />
  </mem-info>
</gc-end>
<cycle-end id="12" type="global" contextid="4" timestamp="2019-07-02T23:30:23.585">
  <attribute name="GC Util" value="86" />
  <attribute name="CPU Util" value="10510384368246" />
  <attribute name="Time Running"value="1131"/>
  <attribute name="Number of cores"value="4"/>
</cycle-end>
<allocation-satisfied id="13" threadId="0000000001AB4700" bytesRequested="2056" />
<af-end id="14" timestamp="2019-07-02T23:30:23.586" threadId="0000000001AB5088" success="true" />
<exclusive-end id="15" timestamp="2019-07-02T23:30:23.586" durationms="3.079" />

<exclusive-start id="16" timestamp="2019-07-02T23:30:24.064" intervalms="481.003">
  <response-info timems="0.010" idlems="0.010" threads="0" lastid="0000000001AB4700" lastname="main" />
</exclusive-start>
<af-start id="17" threadId="0000000001AB5088" totalBytesRequested="88" timestamp="2019-07-02T23:30:24.064" intervalms="480.907" />
<cycle-start id="18" type="global" contextid="0" timestamp="2019-07-02T23:30:24.064" intervalms="480.706" />
  <attribute name="GC Util" value="86" />
  <attribute name="CPU Util" value="10510384368246" />
  <attribute name="Time Running"value="1131"/>
  <attribute name="Number of cores"value="4"/>
<gc-start id="19" type="global" contextid="18" timestamp="2019-07-02T23:30:24.064">
  <mem-info id="20" free="418816" total="8388608" percent="4">
    <mem type="tenure" free="418816" total="8388608" percent="4">
      <mem type="soa" free="0" total="7969792" percent="0" />
      <mem type="loa" free="418816" total="418816" percent="100" />
    </mem>
  </mem-info>
</gc-start>
<allocation-stats totalBytes="6459320" >
  <allocated-bytes non-tlh="554272" tlh="5905048" />
  <largest-consumer threadName="main" threadId="0000000001AB4700" bytes="6451864" />
</allocation-stats>
<gc-op id="21" type="mark" timems="0.881" contextid="18" timestamp="2019-07-02T23:30:24.065">
  <trace-info objectcount="17664" scancount="14516" scanbytes="467768" />
  <finalization candidates="18" enqueued="0" />
  <references type="soft" candidates="66" cleared="0" enqueued="0" dynamicThreshold="27" maxThreshold="32" />
  <references type="weak" candidates="195" cleared="31" enqueued="31" />
  <references type="phantom" candidates="86" cleared="1" enqueued="1" />
  <stringconstants candidates="2495" cleared="0"  />
</gc-op>
<gc-op id="22" type="sweep" timems="0.194" contextid="18" timestamp="2019-07-02T23:30:24.065" />
<gc-end id="23" type="global" contextid="18" durationms="1.272" usertimems="4.000" systemtimems="0.000" timestamp="2019-07-02T23:30:24.065" activeThreads="4">
  <mem-info id="24" free="6655384" total="8388608" percent="79">
    <mem type="tenure" free="6655384" total="8388608" percent="79" micro-fragmented="257738" macro-fragmented="0">
      <mem type="soa" free="6236568" total="7969792" percent="78" />
      <mem type="loa" free="418816" total="418816" percent="100" />
    </mem>
    <pending-finalizers system="0" default="0" reference="32" classloader="0" />
  </mem-info>
</gc-end>
<cycle-end id="25" type="global" contextid="18" timestamp="2019-07-02T23:30:24.065">
  <attribute name="GC Util" value="80" />
  <attribute name="CPU Util" value="20203100626260" />
  <attribute name="Time Running"value="1611"/>
  <attribute name="Number of cores"value="4"/>
</cycle-end>
<allocation-satisfied id="26" threadId="0000000001AB4700" bytesRequested="88" />
<af-end id="27" timestamp="2019-07-02T23:30:24.065" threadId="0000000001AB5088" success="true" />
<exclusive-end id="28" timestamp="2019-07-02T23:30:24.065" durationms="1.659" />

<exclusive-start id="29" timestamp="2019-07-02T23:30:24.196" intervalms="132.147">
  <response-info timems="0.069" idlems="0.041" threads="2" lastid="0000000001ABBF00" lastname="JIT Compilation Thread-1" />
</exclusive-start>
<af-start id="30" threadId="0000000001AB5088" totalBytesRequested="88" timestamp="2019-07-02T23:30:24.196" intervalms="132.150" />
<cycle-start id="31" type="global" contextid="0" timestamp="2019-07-02T23:30:24.196" intervalms="132.149" />
  <attribute name="GC Util" value="80" />
  <attribute name="CPU Util" value="20203100626260" />
  <attribute name="Time Running"value="1611"/>
  <attribute name="Number of cores"value="4"/>
<gc-start id="32" type="global" contextid="31" timestamp="2019-07-02T23:30:24.196">
  <mem-info id="33" free="418816" total="8388608" percent="4">
    <mem type="tenure" free="418816" total="8388608" percent="4">
      <mem type="soa" free="0" total="7969792" percent="0" />
      <mem type="loa" free="418816" total="418816" percent="100" />
    </mem>
  </mem-info>
</gc-start>
<allocation-stats totalBytes="6176720" >
  <allocated-bytes non-tlh="1108440" tlh="5068280" />
  <largest-consumer threadName="main" threadId="0000000001AB4700" bytes="6174432" />
</allocation-stats>
<gc-op id="34" type="mark" timems="1.892" contextid="31" timestamp="2019-07-02T23:30:24.198">
  <trace-info objectcount="35113" scancount="28317" scanbytes="923384" />
  <finalization candidates="64" enqueued="1" />
  <ownableSynchronizers candidates="17" cleared="0" />
  <references type="soft" candidates="397" cleared="0" enqueued="0" dynamicThreshold="25" maxThreshold="32" />
  <references type="weak" candidates="1649" cleared="478" enqueued="356" />
  <references type="phantom" candidates="99" cleared="5" enqueued="5" />
  <stringconstants candidates="4442" cleared="0"  />
</gc-op>
<gc-op id="35" type="classunload" timems="0.003" contextid="31" timestamp="2019-07-02T23:30:24.198">
  <classunload-info classloadercandidates="9" classloadersunloaded="0" classesunloaded="0" anonymousclassesunloaded="0" quiescems="0.000" setupms="0.002" scanms="0.001" postms="0.000" />
</gc-op>
<gc-op id="36" type="sweep" timems="0.267" contextid="31" timestamp="2019-07-02T23:30:24.198" />
<gc-end id="37" type="global" contextid="31" durationms="2.482" usertimems="4.000" systemtimems="0.000" timestamp="2019-07-02T23:30:24.198" activeThreads="4">
  <mem-info id="38" free="5793416" total="8388608" percent="69">
    <mem type="tenure" free="5793416" total="8388608" percent="69" micro-fragmented="326295" macro-fragmented="0">
      <mem type="soa" free="5374600" total="7969792" percent="67" />
      <mem type="loa" free="418816" total="418816" percent="100" />
    </mem>
    <pending-finalizers system="1" default="0" reference="361" classloader="0" />
  </mem-info>
</gc-end>
<cycle-end id="39" type="global" contextid="31" timestamp="2019-07-02T23:30:24.198">
  <attribute name="GC Util" value="81" />
  <attribute name="CPU Util" value="163" />
  <attribute name="Time Running"value="1744"/>
  <attribute name="Number of cores"value="4"/>
</cycle-end>
<allocation-satisfied id="40" threadId="0000000001AB4700" bytesRequested="88" />
<af-end id="41" timestamp="2019-07-02T23:30:24.199" threadId="0000000001AB5088" success="true" />
<exclusive-end id="42" timestamp="2019-07-02T23:30:24.199" durationms="2.928" />

<exclusive-start id="43" timestamp="2019-07-02T23:30:26.413" intervalms="2217.457">
  <response-info timems="0.020" idlems="0.020" threads="0" lastid="0000000001AB4700" lastname="main" />
</exclusive-start>
<af-start id="44" threadId="0000000001AB5088" totalBytesRequested="88" timestamp="2019-07-02T23:30:26.413" intervalms="2217.474" />
<cycle-start id="45" type="global" contextid="0" timestamp="2019-07-02T23:30:26.413" intervalms="2217.497" />
  <attribute name="GC Util" value="81" />
  <attribute name="CPU Util" value="163" />
  <attribute name="Time Running"value="1744"/>
  <attribute name="Number of cores"value="4"/>
<gc-start id="46" type="global" contextid="45" timestamp="2019-07-02T23:30:26.413">
  <mem-info id="47" free="418816" total="8388608" percent="4">
    <mem type="tenure" free="418816" total="8388608" percent="4">
      <mem type="soa" free="0" total="7969792" percent="0" />
      <mem type="loa" free="418816" total="418816" percent="100" />
    </mem>
  </mem-info>
</gc-start>
<allocation-stats totalBytes="5222736" >
  <allocated-bytes non-tlh="1604648" tlh="3618088" />
  <largest-consumer threadName="main" threadId="0000000001AB4700" bytes="5215872" />
</allocation-stats>
<gc-op id="48" type="mark" timems="1.774" contextid="45" timestamp="2019-07-02T23:30:26.415">
  <trace-info objectcount="41526" scancount="33721" scanbytes="1121216" />
  <finalization candidates="66" enqueued="0" />
  <ownableSynchronizers candidates="17" cleared="0" />
  <references type="soft" candidates="629" cleared="0" enqueued="0" dynamicThreshold="22" maxThreshold="32" />
  <references type="weak" candidates="1758" cleared="38" enqueued="38" />
  <references type="phantom" candidates="98" cleared="3" enqueued="3" />
  <stringconstants candidates="5170" cleared="0"  />
</gc-op>
<gc-op id="49" type="sweep" timems="0.289" contextid="45" timestamp="2019-07-02T23:30:26.416" />
<gc-end id="50" type="global" contextid="45" durationms="2.278" usertimems="8.000" systemtimems="0.000" timestamp="2019-07-02T23:30:26.416" activeThreads="4">
  <mem-info id="51" free="5282088" total="8388608" percent="62">
    <mem type="tenure" free="5282088" total="8388608" percent="62" micro-fragmented="416928" macro-fragmented="0">
      <mem type="soa" free="4863272" total="7969792" percent="61" />
      <mem type="loa" free="418816" total="418816" percent="100" />
    </mem>
    <pending-finalizers system="0" default="0" reference="41" classloader="0" />
  </mem-info>
</gc-end>
<cycle-end id="52" type="global" contextid="45" timestamp="2019-07-02T23:30:26.416">
  <attribute name="GC Util" value="89" />
  <attribute name="CPU Util" value="10202647665944" />
  <attribute name="Time Running"value="3961"/>
  <attribute name="Number of cores"value="4"/>
</cycle-end>
<allocation-satisfied id="53" threadId="0000000001AB4700" bytesRequested="88" />
<af-end id="54" timestamp="2019-07-02T23:30:26.416" threadId="0000000001AB5088" success="true" />
<exclusive-end id="55" timestamp="2019-07-02T23:30:26.416" durationms="2.793" />

<exclusive-start id="56" timestamp="2019-07-02T23:30:26.504" intervalms="91.137">
  <response-info timems="0.023" idlems="0.023" threads="0" lastid="0000000001AB4700" lastname="main" />
</exclusive-start>
<af-start id="57" threadId="0000000001AB5088" totalBytesRequested="49656" timestamp="2019-07-02T23:30:26.504" intervalms="91.145" />
<cycle-start id="58" type="global" contextid="0" timestamp="2019-07-02T23:30:26.505" intervalms="91.164" />
  <attribute name="GC Util" value="89" />
  <attribute name="CPU Util" value="10202647665944" />
  <attribute name="Time Running"value="3961"/>
  <attribute name="Number of cores"value="4"/>
<gc-start id="59" type="global" contextid="58" timestamp="2019-07-02T23:30:26.505">
  <mem-info id="60" free="1053888" total="8388608" percent="12">
    <mem type="tenure" free="1053888" total="8388608" percent="12">
      <mem type="soa" free="897224" total="7969792" percent="11" />
      <mem type="loa" free="156664" total="418816" percent="37" />
    </mem>
  </mem-info>
</gc-start>
<allocation-stats totalBytes="4073304" >
  <allocated-bytes non-tlh="1344312" tlh="2728992" />
  <largest-consumer threadName="main" threadId="0000000001AB4700" bytes="4017232" />
</allocation-stats>
<gc-op id="61" type="mark" timems="2.868" contextid="58" timestamp="2019-07-02T23:30:26.508">
  <trace-info objectcount="52223" scancount="43121" scanbytes="1463452" />
  <finalization candidates="80" enqueued="0" />
  <ownableSynchronizers candidates="21" cleared="0" />
  <references type="soft" candidates="956" cleared="0" enqueued="0" dynamicThreshold="20" maxThreshold="32" />
  <references type="weak" candidates="3389" cleared="449" enqueued="301" />
  <references type="phantom" candidates="100" cleared="2" enqueued="2" />
  <stringconstants candidates="6145" cleared="0"  />
</gc-op>
<gc-op id="62" type="classunload" timems="0.003" contextid="58" timestamp="2019-07-02T23:30:26.508">
  <classunload-info classloadercandidates="11" classloadersunloaded="0" classesunloaded="0" anonymousclassesunloaded="0" quiescems="0.000" setupms="0.002" scanms="0.001" postms="0.000" />
</gc-op>
<gc-op id="63" type="sweep" timems="0.431" contextid="58" timestamp="2019-07-02T23:30:26.508" />
<gc-end id="64" type="global" contextid="58" durationms="3.720" usertimems="4.000" systemtimems="0.000" timestamp="2019-07-02T23:30:26.508" activeThreads="4">
  <mem-info id="65" free="4165520" total="8388608" percent="49">
    <mem type="tenure" free="4165520" total="8388608" percent="49" micro-fragmented="827991" macro-fragmented="0">
      <mem type="soa" free="4008856" total="7969792" percent="50" />
      <mem type="loa" free="156664" total="418816" percent="37" />
    </mem>
    <pending-finalizers system="0" default="0" reference="303" classloader="0" />
  </mem-info>
</gc-end>
<cycle-end id="66" type="global" contextid="58" timestamp="2019-07-02T23:30:26.509">
  <attribute name="GC Util" value="86" />
  <attribute name="CPU Util" value="6089033109796" />
  <attribute name="Time Running"value="4054"/>
  <attribute name="Number of cores"value="4"/>
</cycle-end>
<allocation-satisfied id="67" threadId="0000000001AB4700" bytesRequested="49656" />
<af-end id="68" timestamp="2019-07-02T23:30:26.509" threadId="0000000001AB5088" success="true" />
<exclusive-end id="69" timestamp="2019-07-02T23:30:26.509" durationms="4.437" />

<exclusive-start id="70" timestamp="2019-07-02T23:30:26.524" intervalms="20.036">
  <response-info timems="0.022" idlems="0.022" threads="0" lastid="0000000001AB4700" lastname="main" />
</exclusive-start>
<af-start id="71" threadId="0000000001AB5088" totalBytesRequested="200008" timestamp="2019-07-02T23:30:26.524" intervalms="19.990" />
<cycle-start id="72" type="global" contextid="0" timestamp="2019-07-02T23:30:26.524" intervalms="19.979" />
  <attribute name="GC Util" value="86" />
  <attribute name="CPU Util" value="6089033109796" />
  <attribute name="Time Running"value="4054"/>
  <attribute name="Number of cores"value="4"/>
<gc-start id="73" type="global" contextid="72" timestamp="2019-07-02T23:30:26.525">
  <mem-info id="74" free="3341176" total="8388608" percent="39">
    <mem type="tenure" free="3341176" total="8388608" percent="39">
      <mem type="soa" free="3184512" total="7969792" percent="39" />
      <mem type="loa" free="156664" total="418816" percent="37" />
    </mem>
  </mem-info>
</gc-start>
<allocation-stats totalBytes="832824" >
  <allocated-bytes non-tlh="587848" tlh="244976" />
  <largest-consumer threadName="main" threadId="0000000001AB4700" bytes="828664" />
</allocation-stats>
<heap-resize id="75" type="loa expand" space="tenure" amount="83968" count="1" timems="0.000" reason="expand on failed allocate" timestamp="2019-07-02T23:30:26.525" />
<gc-op id="76" type="mark" timems="2.923" contextid="72" timestamp="2019-07-02T23:30:26.528">
  <trace-info objectcount="52580" scancount="43403" scanbytes="1476356" />
  <finalization candidates="80" enqueued="0" />
  <ownableSynchronizers candidates="21" cleared="0" />
  <references type="soft" candidates="968" cleared="0" enqueued="0" dynamicThreshold="15" maxThreshold="32" />
  <references type="weak" candidates="2974" cleared="7" enqueued="7" />
  <references type="phantom" candidates="103" cleared="2" enqueued="2" />
  <stringconstants candidates="6204" cleared="0"  />
</gc-op>
<gc-op id="77" type="sweep" timems="0.316" contextid="72" timestamp="2019-07-02T23:30:26.528" />
<mem-info id="78" free="4066112" total="8388608" percent="48">
  <mem type="tenure" free="4066112" total="8388608" percent="48" micro-fragmented="863298" macro-fragmented="0">
    <mem type="soa" free="3909448" total="7885824" percent="49" />
    <mem type="loa" free="156664" total="502784" percent="31" />
  </mem>
  <pending-finalizers system="0" default="0" reference="9" classloader="0" />
</mem-info>
<gc-op id="79" type="compact" timems="10.860" contextid="72" timestamp="2019-07-02T23:30:26.539">
  <compact-info movecount="52579" movebytes="3167448" reason="compact to meet allocation" />
</gc-op>
<gc-end id="80" type="global" contextid="72" durationms="14.733" usertimems="16.000" systemtimems="4.000" timestamp="2019-07-02T23:30:26.539" activeThreads="4">
  <mem-info id="81" free="5021064" total="8388608" percent="59">
    <mem type="tenure" free="5021064" total="8388608" percent="59">
      <mem type="soa" free="4518280" total="7885824" percent="57" />
      <mem type="loa" free="502784" total="502784" percent="100" />
    </mem>
    <pending-finalizers system="0" default="0" reference="9" classloader="0" />
  </mem-info>
</gc-end>
<cycle-end id="82" type="global" contextid="72" timestamp="2019-07-02T23:30:26.539">
  <attribute name="GC Util" value="8" />
  <attribute name="CPU Util" value="31062288897724" />
  <attribute name="Time Running"value="4074"/>
  <attribute name="Number of cores"value="4"/>
</cycle-end>
<allocation-satisfied id="83" threadId="0000000001AB4700" bytesRequested="200008" />
<af-end id="84" timestamp="2019-07-02T23:30:26.539" threadId="0000000001AB5088" success="true" />
<exclusive-end id="85" timestamp="2019-07-02T23:30:26.540" durationms="15.183" />

<exclusive-start id="86" timestamp="2019-07-02T23:30:26.632" intervalms="107.766">
  <response-info timems="0.010" idlems="0.010" threads="0" lastid="0000000001AB4700" lastname="main" />
</exclusive-start>
<af-start id="87" threadId="0000000001AB5088" totalBytesRequested="88" timestamp="2019-07-02T23:30:26.632" intervalms="107.777" />
<cycle-start id="88" type="global" contextid="0" timestamp="2019-07-02T23:30:26.632" intervalms="107.746" />
  <attribute name="GC Util" value="8" />
  <attribute name="CPU Util" value="31062288897724" />
  <attribute name="Time Running"value="4074"/>
  <attribute name="Number of cores"value="4"/>
<gc-start id="89" type="global" contextid="88" timestamp="2019-07-02T23:30:26.632">
  <mem-info id="90" free="502784" total="8388608" percent="5">
    <mem type="tenure" free="502784" total="8388608" percent="5">
      <mem type="soa" free="0" total="7885824" percent="0" />
      <mem type="loa" free="502784" total="502784" percent="100" />
    </mem>
  </mem-info>
</gc-start>
<allocation-stats totalBytes="4715616" >
  <allocated-bytes non-tlh="1287240" tlh="3428376" />
  <largest-consumer threadName="main" threadId="0000000001AB4700" bytes="4703328" />
</allocation-stats>
<gc-op id="91" type="mark" timems="2.430" contextid="88" timestamp="2019-07-02T23:30:26.635">
  <trace-info objectcount="60398" scancount="49795" scanbytes="1729420" />
  <finalization candidates="80" enqueued="0" />
  <ownableSynchronizers candidates="21" cleared="0" />
  <references type="soft" candidates="1022" cleared="0" enqueued="0" dynamicThreshold="19" maxThreshold="32" />
  <references type="weak" candidates="3058" cleared="3" enqueued="3" />
  <references type="phantom" candidates="101" cleared="0" enqueued="0" />
  <stringconstants candidates="6886" cleared="0"  />
</gc-op>
<gc-op id="92" type="sweep" timems="0.219" contextid="88" timestamp="2019-07-02T23:30:26.635" />
<gc-end id="93" type="global" contextid="88" durationms="2.849" usertimems="8.000" systemtimems="0.000" timestamp="2019-07-02T23:30:26.635" activeThreads="4">
  <mem-info id="94" free="4269032" total="8388608" percent="50">
    <mem type="tenure" free="4269032" total="8388608" percent="50" micro-fragmented="82632" macro-fragmented="0">
      <mem type="soa" free="3766248" total="7885824" percent="47" />
      <mem type="loa" free="502784" total="502784" percent="100" />
    </mem>
    <pending-finalizers system="0" default="0" reference="3" classloader="0" />
  </mem-info>
</gc-end>
<cycle-end id="95" type="global" contextid="88" timestamp="2019-07-02T23:30:26.635">
  <attribute name="GC Util" value="92" />
  <attribute name="CPU Util" value="7496226464928" />
  <attribute name="Time Running"value="4181"/>
  <attribute name="Number of cores"value="4"/>
</cycle-end>
<allocation-satisfied id="96" threadId="0000000001AB4700" bytesRequested="88" />
<af-end id="97" timestamp="2019-07-02T23:30:26.635" threadId="0000000001AB5088" success="true" />
<exclusive-end id="98" timestamp="2019-07-02T23:30:26.635" durationms="3.219" />

<exclusive-start id="99" timestamp="2019-07-02T23:30:26.705" intervalms="72.642">
  <response-info timems="0.020" idlems="0.020" threads="0" lastid="0000000001AB4700" lastname="main" />
</exclusive-start>
<af-start id="100" threadId="0000000001AB5088" totalBytesRequested="88" timestamp="2019-07-02T23:30:26.705" intervalms="72.647" />
<cycle-start id="101" type="global" contextid="0" timestamp="2019-07-02T23:30:26.705" intervalms="72.647" />
  <attribute name="GC Util" value="92" />
  <attribute name="CPU Util" value="7496226464928" />
  <attribute name="Time Running"value="4181"/>
  <attribute name="Number of cores"value="4"/>
<gc-start id="102" type="global" contextid="101" timestamp="2019-07-02T23:30:26.705">
  <mem-info id="103" free="502784" total="8388608" percent="5">
    <mem type="tenure" free="502784" total="8388608" percent="5">
      <mem type="soa" free="0" total="7885824" percent="0" />
      <mem type="loa" free="502784" total="502784" percent="100" />
    </mem>
  </mem-info>
</gc-start>
<allocation-stats totalBytes="3737616" >
  <allocated-bytes non-tlh="731288" tlh="3006328" />
  <largest-consumer threadName="main" threadId="0000000001AB4700" bytes="3737616" />
</allocation-stats>
<gc-op id="104" type="mark" timems="1.831" contextid="101" timestamp="2019-07-02T23:30:26.707">
  <trace-info objectcount="63658" scancount="52618" scanbytes="1833684" />
  <finalization candidates="80" enqueued="0" />
  <ownableSynchronizers candidates="21" cleared="0" />
  <references type="soft" candidates="1022" cleared="0" enqueued="0" dynamicThreshold="16" maxThreshold="32" />
  <references type="weak" candidates="3413" cleared="0" enqueued="0" />
  <references type="phantom" candidates="101" cleared="0" enqueued="0" />
  <stringconstants candidates="7226" cleared="0"  />
</gc-op>
<gc-op id="105" type="sweep" timems="0.246" contextid="101" timestamp="2019-07-02T23:30:26.707" />
<gc-end id="106" type="global" contextid="101" durationms="2.294" usertimems="0.000" systemtimems="4.000" timestamp="2019-07-02T23:30:26.707" activeThreads="4">
  <mem-info id="107" free="4075520" total="8388608" percent="48">
    <mem type="tenure" free="4075520" total="8388608" percent="48" micro-fragmented="80408" macro-fragmented="0">
      <mem type="soa" free="3572736" total="7885824" percent="45" />
      <mem type="loa" free="502784" total="502784" percent="100" />
    </mem>
  </mem-info>
</gc-end>
<cycle-end id="108" type="global" contextid="101" timestamp="2019-07-02T23:30:26.707">
  <attribute name="GC Util" value="165" />
  <attribute name="CPU Util" value="9820508025088" />
  <attribute name="Time Running"value="4253"/>
  <attribute name="Number of cores"value="4"/>
</cycle-end>
<allocation-satisfied id="109" threadId="0000000001AB4700" bytesRequested="88" />
<af-end id="110" timestamp="2019-07-02T23:30:26.707" threadId="0000000001AB5088" success="true" />
<exclusive-end id="111" timestamp="2019-07-02T23:30:26.707" durationms="2.656" />

<exclusive-start id="112" timestamp="2019-07-02T23:30:26.752" intervalms="46.872">
  <response-info timems="0.063" idlems="0.063" threads="0" lastid="0000000001AB4700" lastname="main" />
</exclusive-start>
<af-start id="113" threadId="0000000001AB5088" totalBytesRequested="24" timestamp="2019-07-02T23:30:26.752" intervalms="46.913" />
<cycle-start id="114" type="global" contextid="0" timestamp="2019-07-02T23:30:26.752" intervalms="46.954" />
  <attribute name="GC Util" value="165" />
  <attribute name="CPU Util" value="9820508025088" />
  <attribute name="Time Running"value="4253"/>
  <attribute name="Number of cores"value="4"/>
<gc-start id="115" type="global" contextid="114" timestamp="2019-07-02T23:30:26.752">
  <mem-info id="116" free="502784" total="8388608" percent="5">
    <mem type="tenure" free="502784" total="8388608" percent="5">
      <mem type="soa" free="0" total="7885824" percent="0" />
      <mem type="loa" free="502784" total="502784" percent="100" />
    </mem>
  </mem-info>
</gc-start>
<allocation-stats totalBytes="3546696" >
  <allocated-bytes non-tlh="551000" tlh="2995696" />
  <largest-consumer threadName="main" threadId="0000000001AB4700" bytes="3546696" />
</allocation-stats>
<gc-op id="117" type="mark" timems="2.054" contextid="114" timestamp="2019-07-02T23:30:26.754">
  <trace-info objectcount="68094" scancount="56481" scanbytes="1978100" />
  <finalization candidates="80" enqueued="0" />
  <ownableSynchronizers candidates="21" cleared="0" />
  <references type="soft" candidates="1022" cleared="0" enqueued="0" dynamicThreshold="15" maxThreshold="32" />
  <references type="weak" candidates="3581" cleared="0" enqueued="0" />
  <references type="phantom" candidates="101" cleared="0" enqueued="0" />
  <stringconstants candidates="7371" cleared="0"  />
</gc-op>
<gc-op id="118" type="sweep" timems="0.272" contextid="114" timestamp="2019-07-02T23:30:26.755" />
<gc-end id="119" type="global" contextid="114" durationms="2.638" usertimems="4.000" systemtimems="0.000" timestamp="2019-07-02T23:30:26.755" activeThreads="4">
  <mem-info id="120" free="3749792" total="8388608" percent="44">
    <mem type="tenure" free="3749792" total="8388608" percent="44" micro-fragmented="176203" macro-fragmented="0">
      <mem type="soa" free="3247008" total="7885824" percent="41" />
      <mem type="loa" free="502784" total="502784" percent="100" />
    </mem>
  </mem-info>
</gc-end>
<cycle-end id="121" type="global" contextid="114" timestamp="2019-07-02T23:30:26.755">
  <attribute name="GC Util" value="159" />
  <attribute name="CPU Util" value="8778975886015" />
  <attribute name="Time Running"value="4300"/>
  <attribute name="Number of cores"value="4"/>
</cycle-end>
<allocation-satisfied id="122" threadId="0000000001AB4700" bytesRequested="24" />
<af-end id="123" timestamp="2019-07-02T23:30:26.755" threadId="0000000001AB5088" success="true" />
<exclusive-end id="124" timestamp="2019-07-02T23:30:26.755" durationms="3.149" />

<exclusive-start id="125" timestamp="2019-07-02T23:30:26.784" intervalms="32.422">
  <response-info timems="0.011" idlems="0.011" threads="0" lastid="0000000001AB4700" lastname="main" />
</exclusive-start>
<af-start id="126" threadId="0000000001AB5088" totalBytesRequested="23272" timestamp="2019-07-02T23:30:26.784" intervalms="32.357" />
<cycle-start id="127" type="global" contextid="0" timestamp="2019-07-02T23:30:26.784" intervalms="32.313" />
  <attribute name="GC Util" value="159" />
  <attribute name="CPU Util" value="8778975886015" />
  <attribute name="Time Running"value="4300"/>
  <attribute name="Number of cores"value="4"/>
<gc-start id="128" type="global" contextid="127" timestamp="2019-07-02T23:30:26.784">
  <mem-info id="129" free="1484960" total="8388608" percent="17">
    <mem type="tenure" free="1484960" total="8388608" percent="17">
      <mem type="soa" free="982176" total="7885824" percent="12" />
      <mem type="loa" free="502784" total="502784" percent="100" />
    </mem>
  </mem-info>
</gc-start>
<allocation-stats totalBytes="2222144" >
  <allocated-bytes non-tlh="522864" tlh="1699280" />
  <largest-consumer threadName="main" threadId="0000000001AB4700" bytes="2222144" />
</allocation-stats>
<gc-op id="130" type="mark" timems="2.462" contextid="127" timestamp="2019-07-02T23:30:26.787">
  <trace-info objectcount="70920" scancount="58961" scanbytes="2070748" />
  <finalization candidates="80" enqueued="0" />
  <ownableSynchronizers candidates="21" cleared="0" />
  <references type="soft" candidates="1022" cleared="0" enqueued="0" dynamicThreshold="14" maxThreshold="32" />
  <references type="weak" candidates="3722" cleared="0" enqueued="0" />
  <references type="phantom" candidates="102" cleared="0" enqueued="0" />
  <stringconstants candidates="7478" cleared="0"  />
</gc-op>
<gc-op id="131" type="sweep" timems="0.287" contextid="127" timestamp="2019-07-02T23:30:26.787" />
<gc-end id="132" type="global" contextid="127" durationms="2.973" usertimems="8.000" systemtimems="0.000" timestamp="2019-07-02T23:30:26.787" activeThreads="4">
  <mem-info id="133" free="3469584" total="8388608" percent="41">
    <mem type="tenure" free="3469584" total="8388608" percent="41" micro-fragmented="272496" macro-fragmented="0">
      <mem type="soa" free="2966800" total="7885824" percent="37" />
      <mem type="loa" free="502784" total="502784" percent="100" />
    </mem>
  </mem-info>
</gc-end>
<cycle-end id="134" type="global" contextid="127" timestamp="2019-07-02T23:30:26.787">
  <attribute name="GC Util" value="172" />
  <attribute name="CPU Util" value="7326785884268" />
  <attribute name="Time Running"value="4333"/>
  <attribute name="Number of cores"value="4"/>
</cycle-end>
<allocation-satisfied id="135" threadId="0000000001AB4700" bytesRequested="23272" />
<af-end id="136" timestamp="2019-07-02T23:30:26.787" threadId="0000000001AB5088" success="true" />
<exclusive-end id="137" timestamp="2019-07-02T23:30:26.787" durationms="3.306" />

<exclusive-start id="138" timestamp="2019-07-02T23:30:26.811" intervalms="26.500">
  <response-info timems="0.010" idlems="0.010" threads="0" lastid="0000000001AB4700" lastname="main" />
</exclusive-start>
<af-start id="139" threadId="0000000001AB5088" totalBytesRequested="8280" timestamp="2019-07-02T23:30:26.811" intervalms="26.506" />
<cycle-start id="140" type="global" contextid="0" timestamp="2019-07-02T23:30:26.811" intervalms="26.504" />
  <attribute name="GC Util" value="172" />
  <attribute name="CPU Util" value="7326785884268" />
  <attribute name="Time Running"value="4333"/>
  <attribute name="Number of cores"value="4"/>
<gc-start id="141" type="global" contextid="140" timestamp="2019-07-02T23:30:26.811">
  <mem-info id="142" free="1256088" total="8388608" percent="14">
    <mem type="tenure" free="1256088" total="8388608" percent="14">
      <mem type="soa" free="753304" total="7885824" percent="9" />
      <mem type="loa" free="502784" total="502784" percent="100" />
    </mem>
  </mem-info>
</gc-start>
<allocation-stats totalBytes="2179600" >
  <allocated-bytes non-tlh="473912" tlh="1705688" />
  <largest-consumer threadName="main" threadId="0000000001AB4700" bytes="2179600" />
</allocation-stats>
<gc-op id="143" type="mark" timems="1.941" contextid="140" timestamp="2019-07-02T23:30:26.813">
  <trace-info objectcount="70563" scancount="58488" scanbytes="2002696" />
  <finalization candidates="80" enqueued="0" />
  <ownableSynchronizers candidates="21" cleared="0" />
  <references type="soft" candidates="1024" cleared="0" enqueued="0" dynamicThreshold="13" maxThreshold="32" />
  <references type="weak" candidates="3765" cleared="1" enqueued="1" />
  <references type="phantom" candidates="101" cleared="0" enqueued="0" />
  <stringconstants candidates="7571" cleared="0"  />
</gc-op>
<gc-op id="144" type="sweep" timems="0.307" contextid="140" timestamp="2019-07-02T23:30:26.813" />
<gc-end id="145" type="global" contextid="140" durationms="2.460" usertimems="4.000" systemtimems="0.000" timestamp="2019-07-02T23:30:26.813" activeThreads="4">
  <mem-info id="146" free="3644640" total="8388608" percent="43">
    <mem type="tenure" free="3644640" total="8388608" percent="43" micro-fragmented="364721" macro-fragmented="0">
      <mem type="soa" free="3141856" total="7885824" percent="39" />
      <mem type="loa" free="502784" total="502784" percent="100" />
    </mem>
    <pending-finalizers system="0" default="0" reference="1" classloader="0" />
  </mem-info>
</gc-end>
<cycle-end id="147" type="global" contextid="140" timestamp="2019-07-02T23:30:26.813">
  <attribute name="GC Util" value="170" />
  <attribute name="CPU Util" value="9241739991948" />
  <attribute name="Time Running"value="4359"/>
  <attribute name="Number of cores"value="4"/>
</cycle-end>
<allocation-satisfied id="148" threadId="0000000001AB4700" bytesRequested="8280" />
<af-end id="149" timestamp="2019-07-02T23:30:26.813" threadId="0000000001AB5088" success="true" />
<exclusive-end id="150" timestamp="2019-07-02T23:30:26.813" durationms="2.819" />

<exclusive-start id="151" timestamp="2019-07-02T23:30:26.816" intervalms="5.088">
  <response-info timems="0.026" idlems="0.026" threads="0" lastid="0000000001AB4700" lastname="main" />
</exclusive-start>
<af-start id="152" threadId="0000000001AB5088" totalBytesRequested="56936" timestamp="2019-07-02T23:30:26.816" intervalms="5.076" />
<cycle-start id="153" type="global" contextid="0" timestamp="2019-07-02T23:30:26.816" intervalms="5.072" />
  <attribute name="GC Util" value="170" />
  <attribute name="CPU Util" value="9241739991948" />
  <attribute name="Time Running"value="4359"/>
  <attribute name="Number of cores"value="4"/>
<gc-start id="154" type="global" contextid="153" timestamp="2019-07-02T23:30:26.816">
  <mem-info id="155" free="3399544" total="8388608" percent="40">
    <mem type="tenure" free="3399544" total="8388608" percent="40">
      <mem type="soa" free="2896760" total="7885824" percent="36" />
      <mem type="loa" free="502784" total="502784" percent="100" />
    </mem>
  </mem-info>
</gc-start>
<allocation-stats totalBytes="203096" >
  <allocated-bytes non-tlh="106496" tlh="96600" />
  <largest-consumer threadName="main" threadId="0000000001AB4700" bytes="203096" />
</allocation-stats>
<gc-op id="156" type="mark" timems="2.078" contextid="153" timestamp="2019-07-02T23:30:26.818">
  <trace-info objectcount="71349" scancount="59509" scanbytes="2039144" />
  <finalization candidates="80" enqueued="0" />
  <ownableSynchronizers candidates="21" cleared="0" />
  <references type="soft" candidates="1024" cleared="0" enqueued="0" dynamicThreshold="13" maxThreshold="32" />
  <references type="weak" candidates="3765" cleared="1" enqueued="1" />
  <references type="phantom" candidates="101" cleared="0" enqueued="0" />
  <stringconstants candidates="7576" cleared="0"  />
</gc-op>
<gc-op id="157" type="sweep" timems="0.292" contextid="153" timestamp="2019-07-02T23:30:26.818" />
<heap-resize id="158" type="expand" space="tenure" amount="1441792" count="1" timems="0.033" reason="excessive time being spent in gc" timestamp="2019-07-02T23:30:26.818" />
<gc-end id="159" type="global" contextid="153" durationms="2.673" usertimems="0.000" systemtimems="8.000" timestamp="2019-07-02T23:30:26.818" activeThreads="4">
  <mem-info id="160" free="4910944" total="9830400" percent="49">
    <mem type="tenure" free="4910944" total="9830400" percent="49" micro-fragmented="481443" macro-fragmented="0">
      <mem type="soa" free="4321120" total="9240576" percent="46" />
      <mem type="loa" free="589824" total="589824" percent="100" />
    </mem>
    <pending-finalizers system="0" default="0" reference="1" classloader="0" />
  </mem-info>
</gc-end>
<cycle-end id="161" type="global" contextid="153" timestamp="2019-07-02T23:30:26.818">
  <attribute name="GC Util" value="157" />
  <attribute name="CPU Util" value="8580511529156" />
  <attribute name="Time Running"value="4364"/>
  <attribute name="Number of cores"value="4"/>
</cycle-end>
<allocation-satisfied id="162" threadId="0000000001AB4700" bytesRequested="56936" />
<af-end id="163" timestamp="2019-07-02T23:30:26.819" threadId="0000000001AB5088" success="true" />
<exclusive-end id="164" timestamp="2019-07-02T23:30:26.819" durationms="2.989" />

<exclusive-start id="165" timestamp="2019-07-02T23:30:26.864" intervalms="48.024">
  <response-info timems="0.070" idlems="0.070" threads="0" lastid="0000000001AB4700" lastname="main" />
</exclusive-start>
<af-start id="166" threadId="0000000001AB5088" totalBytesRequested="16" timestamp="2019-07-02T23:30:26.864" intervalms="48.080" />
<cycle-start id="167" type="global" contextid="0" timestamp="2019-07-02T23:30:26.864" intervalms="48.130" />
  <attribute name="GC Util" value="157" />
  <attribute name="CPU Util" value="8580511529156" />
  <attribute name="Time Running"value="4364"/>
  <attribute name="Number of cores"value="4"/>
<gc-start id="168" type="global" contextid="167" timestamp="2019-07-02T23:30:26.864">
  <mem-info id="169" free="589824" total="9830400" percent="6">
    <mem type="tenure" free="589824" total="9830400" percent="6">
      <mem type="soa" free="0" total="9240576" percent="0" />
      <mem type="loa" free="589824" total="589824" percent="100" />
    </mem>
  </mem-info>
</gc-start>
<allocation-stats totalBytes="4287136" >
  <allocated-bytes non-tlh="776632" tlh="3510504" />
  <largest-consumer threadName="main" threadId="0000000001AB4700" bytes="4287136" />
</allocation-stats>
<gc-op id="170" type="mark" timems="1.956" contextid="167" timestamp="2019-07-02T23:30:26.866">
  <trace-info objectcount="62773" scancount="51536" scanbytes="1740152" />
  <finalization candidates="80" enqueued="0" />
  <ownableSynchronizers candidates="21" cleared="0" />
  <references type="soft" candidates="1095" cleared="0" enqueued="0" dynamicThreshold="15" maxThreshold="32" />
  <references type="weak" candidates="3788" cleared="4" enqueued="4" />
  <references type="phantom" candidates="101" cleared="0" enqueued="0" />
  <stringconstants candidates="7772" cleared="12"  />
</gc-op>
<gc-op id="171" type="sweep" timems="0.345" contextid="167" timestamp="2019-07-02T23:30:26.866" />
<gc-end id="172" type="global" contextid="167" durationms="2.563" usertimems="8.000" systemtimems="0.000" timestamp="2019-07-02T23:30:26.867" activeThreads="4">
  <mem-info id="173" free="5543736" total="9830400" percent="56">
    <mem type="tenure" free="5543736" total="9830400" percent="56" micro-fragmented="86303" macro-fragmented="0">
      <mem type="soa" free="4953912" total="9240576" percent="53" />
      <mem type="loa" free="589824" total="589824" percent="100" />
    </mem>
    <pending-finalizers system="0" default="0" reference="4" classloader="0" />
  </mem-info>
</gc-end>
<cycle-end id="174" type="global" contextid="167" timestamp="2019-07-02T23:30:26.867">
  <attribute name="GC Util" value="170" />
  <attribute name="CPU Util" value="9169492098080" />
  <attribute name="Time Running"value="4412"/>
  <attribute name="Number of cores"value="4"/>
</cycle-end>
<allocation-satisfied id="175" threadId="0000000001AB4700" bytesRequested="16" />
<af-end id="176" timestamp="2019-07-02T23:30:26.867" threadId="0000000001AB5088" success="true" />
<exclusive-end id="177" timestamp="2019-07-02T23:30:26.867" durationms="3.133" />

<exclusive-start id="178" timestamp="2019-07-02T23:30:26.914" intervalms="50.294">
  <response-info timems="0.012" idlems="0.012" threads="0" lastid="0000000001AB4700" lastname="main" />
</exclusive-start>
<af-start id="179" threadId="0000000001AB5088" totalBytesRequested="32" timestamp="2019-07-02T23:30:26.914" intervalms="50.311" />
<cycle-start id="180" type="global" contextid="0" timestamp="2019-07-02T23:30:26.914" intervalms="50.283" />
  <attribute name="GC Util" value="170" />
  <attribute name="CPU Util" value="9169492098080" />
  <attribute name="Time Running"value="4412"/>
  <attribute name="Number of cores"value="4"/>
<gc-start id="181" type="global" contextid="180" timestamp="2019-07-02T23:30:26.914">
  <mem-info id="182" free="589824" total="9830400" percent="6">
    <mem type="tenure" free="589824" total="9830400" percent="6">
      <mem type="soa" free="0" total="9240576" percent="0" />
      <mem type="loa" free="589824" total="589824" percent="100" />
    </mem>
  </mem-info>
</gc-start>
<allocation-stats totalBytes="4933984" >
  <allocated-bytes non-tlh="370120" tlh="4563864" />
  <largest-consumer threadName="main" threadId="0000000001AB4700" bytes="4929168" />
</allocation-stats>
<gc-op id="183" type="mark" timems="2.241" contextid="180" timestamp="2019-07-02T23:30:26.917">
  <trace-info objectcount="73618" scancount="61352" scanbytes="2182148" />
  <finalization candidates="80" enqueued="0" />
  <ownableSynchronizers candidates="21" cleared="0" />
  <references type="soft" candidates="1097" cleared="0" enqueued="0" dynamicThreshold="18" maxThreshold="32" />
  <references type="weak" candidates="3865" cleared="4" enqueued="4" />
  <references type="phantom" candidates="101" cleared="0" enqueued="0" />
  <stringconstants candidates="7829" cleared="0"  />
</gc-op>
<gc-op id="184" type="sweep" timems="0.341" contextid="180" timestamp="2019-07-02T23:30:26.917" />
<gc-end id="185" type="global" contextid="180" durationms="2.906" usertimems="8.000" systemtimems="0.000" timestamp="2019-07-02T23:30:26.917" activeThreads="4">
  <mem-info id="186" free="4724648" total="9830400" percent="48">
    <mem type="tenure" free="4724648" total="9830400" percent="48" micro-fragmented="281899" macro-fragmented="0">
      <mem type="soa" free="4134824" total="9240576" percent="44" />
      <mem type="loa" free="589824" total="589824" percent="100" />
    </mem>
    <pending-finalizers system="0" default="0" reference="4" classloader="0" />
  </mem-info>
</gc-end>
<cycle-end id="187" type="global" contextid="180" timestamp="2019-07-02T23:30:26.917">
  <attribute name="GC Util" value="154" />
  <attribute name="CPU Util" value="8012078033488" />
  <attribute name="Time Running"value="4463"/>
  <attribute name="Number of cores"value="4"/>
</cycle-end>
<allocation-satisfied id="188" threadId="0000000001AB4700" bytesRequested="32" />
<af-end id="189" timestamp="2019-07-02T23:30:26.917" threadId="0000000001AB5088" success="true" />
<exclusive-end id="190" timestamp="2019-07-02T23:30:26.917" durationms="3.437" />

<exclusive-start id="191" timestamp="2019-07-02T23:30:26.940" intervalms="26.136">
  <response-info timems="0.025" idlems="0.025" threads="0" lastid="0000000001AB4700" lastname="main" />
</exclusive-start>
<af-start id="192" threadId="0000000001AB5088" totalBytesRequested="32" timestamp="2019-07-02T23:30:26.940" intervalms="26.125" />
<cycle-start id="193" type="global" contextid="0" timestamp="2019-07-02T23:30:26.940" intervalms="26.152" />
  <attribute name="GC Util" value="154" />
  <attribute name="CPU Util" value="8012078033488" />
  <attribute name="Time Running"value="4463"/>
  <attribute name="Number of cores"value="4"/>
<gc-start id="194" type="global" contextid="193" timestamp="2019-07-02T23:30:26.940">
  <mem-info id="195" free="589824" total="9830400" percent="6">
    <mem type="tenure" free="589824" total="9830400" percent="6">
      <mem type="soa" free="0" total="9240576" percent="0" />
      <mem type="loa" free="589824" total="589824" percent="100" />
    </mem>
  </mem-info>
</gc-start>
<allocation-stats totalBytes="4116752" >
  <allocated-bytes non-tlh="74072" tlh="4042680" />
  <largest-consumer threadName="main" threadId="0000000001AB4700" bytes="4116752" />
</allocation-stats>
<gc-op id="196" type="mark" timems="2.570" contextid="193" timestamp="2019-07-02T23:30:26.943">
  <trace-info objectcount="80097" scancount="67105" scanbytes="2399000" />
  <finalization candidates="80" enqueued="0" />
  <ownableSynchronizers candidates="21" cleared="0" />
  <references type="soft" candidates="1097" cleared="0" enqueued="0" dynamicThreshold="15" maxThreshold="32" />
  <references type="weak" candidates="3877" cleared="0" enqueued="0" />
  <references type="phantom" candidates="101" cleared="0" enqueued="0" />
  <stringconstants candidates="7839" cleared="0"  />
</gc-op>
<gc-op id="197" type="sweep" timems="0.423" contextid="193" timestamp="2019-07-02T23:30:26.944" />
<gc-end id="198" type="global" contextid="193" durationms="3.358" usertimems="12.000" systemtimems="0.000" timestamp="2019-07-02T23:30:26.944" activeThreads="4">
  <mem-info id="199" free="4182888" total="9830400" percent="42">
    <mem type="tenure" free="4182888" total="9830400" percent="42" micro-fragmented="457320" macro-fragmented="0">
      <mem type="soa" free="3593064" total="9240576" percent="38" />
      <mem type="loa" free="589824" total="589824" percent="100" />
    </mem>
  </mem-info>
</gc-end>
<cycle-end id="200" type="global" contextid="193" timestamp="2019-07-02T23:30:26.944">
  <attribute name="GC Util" value="158" />
  <attribute name="CPU Util" value="7002950135151" />
  <attribute name="Time Running"value="4489"/>
  <attribute name="Number of cores"value="4"/>
</cycle-end>
<allocation-satisfied id="201" threadId="0000000001AB4700" bytesRequested="32" />
<af-end id="202" timestamp="2019-07-02T23:30:26.944" threadId="0000000001AB5088" success="true" />
<exclusive-end id="203" timestamp="2019-07-02T23:30:26.944" durationms="3.982" />

<exclusive-start id="204" timestamp="2019-07-02T23:30:26.964" intervalms="24.393">
  <response-info timems="0.099" idlems="0.099" threads="0" lastid="0000000001AB4700" lastname="main" />
</exclusive-start>
<af-start id="205" threadId="0000000001AB5088" totalBytesRequested="32776" timestamp="2019-07-02T23:30:26.965" intervalms="24.398" />
<cycle-start id="206" type="global" contextid="0" timestamp="2019-07-02T23:30:26.965" intervalms="24.396" />
  <attribute name="GC Util" value="158" />
  <attribute name="CPU Util" value="7002950135151" />
  <attribute name="Time Running"value="4489"/>
  <attribute name="Number of cores"value="4"/>
<gc-start id="207" type="global" contextid="206" timestamp="2019-07-02T23:30:26.965">
  <mem-info id="208" free="1474728" total="9830400" percent="15">
    <mem type="tenure" free="1474728" total="9830400" percent="15">
      <mem type="soa" free="884904" total="9240576" percent="9" />
      <mem type="loa" free="589824" total="589824" percent="100" />
    </mem>
  </mem-info>
</gc-start>
<allocation-stats totalBytes="2668152" >
  <allocated-bytes non-tlh="51592" tlh="2616560" />
  <largest-consumer threadName="main" threadId="0000000001AB4700" bytes="2668152" />
</allocation-stats>
<gc-op id="209" type="mark" timems="2.394" contextid="206" timestamp="2019-07-02T23:30:26.967">
  <trace-info objectcount="83194" scancount="69635" scanbytes="2462472" />
  <finalization candidates="80" enqueued="0" />
  <ownableSynchronizers candidates="21" cleared="0" />
  <references type="soft" candidates="1097" cleared="40" enqueued="38" dynamicThreshold="13" maxThreshold="32" />
  <references type="weak" candidates="3877" cleared="0" enqueued="0" />
  <references type="phantom" candidates="100" cleared="0" enqueued="0" />
  <stringconstants candidates="7845" cleared="0"  />
</gc-op>
<gc-op id="210" type="sweep" timems="0.435" contextid="206" timestamp="2019-07-02T23:30:26.968" />
<gc-end id="211" type="global" contextid="206" durationms="3.153" usertimems="8.000" systemtimems="0.000" timestamp="2019-07-02T23:30:26.968" activeThreads="4">
  <mem-info id="212" free="3730856" total="9830400" percent="37">
    <mem type="tenure" free="3730856" total="9830400" percent="37" micro-fragmented="945013" macro-fragmented="0">
      <mem type="soa" free="3141032" total="9240576" percent="33" />
      <mem type="loa" free="589824" total="589824" percent="100" />
    </mem>
    <pending-finalizers system="0" default="0" reference="38" classloader="0" />
  </mem-info>
</gc-end>
<cycle-end id="213" type="global" contextid="206" timestamp="2019-07-02T23:30:26.968">
  <attribute name="GC Util" value="159" />
  <attribute name="CPU Util" value="7521273902769" />
  <attribute name="Time Running"value="4513"/>
  <attribute name="Number of cores"value="4"/>
</cycle-end>
<allocation-satisfied id="214" threadId="0000000001AB4700" bytesRequested="32776" />
<af-end id="215" timestamp="2019-07-02T23:30:26.968" threadId="0000000001AB5088" success="true" />
<exclusive-end id="216" timestamp="2019-07-02T23:30:26.968" durationms="3.717" />

<exclusive-start id="217" timestamp="2019-07-02T23:30:26.973" intervalms="8.834">
  <response-info timems="0.085" idlems="0.085" threads="0" lastid="0000000001AB4700" lastname="main" />
</exclusive-start>
<af-start id="218" threadId="0000000001AB5088" totalBytesRequested="47576" timestamp="2019-07-02T23:30:26.973" intervalms="8.782" />
<cycle-start id="219" type="global" contextid="0" timestamp="2019-07-02T23:30:26.973" intervalms="8.736" />
  <attribute name="GC Util" value="159" />
  <attribute name="CPU Util" value="7521273902769" />
  <attribute name="Time Running"value="4513"/>
  <attribute name="Number of cores"value="4"/>
<gc-start id="220" type="global" contextid="219" timestamp="2019-07-02T23:30:26.973">
  <mem-info id="221" free="3096864" total="9830400" percent="31">
    <mem type="tenure" free="3096864" total="9830400" percent="31">
      <mem type="soa" free="2507040" total="9240576" percent="27" />
      <mem type="loa" free="589824" total="589824" percent="100" />
    </mem>
  </mem-info>
</gc-start>
<allocation-stats totalBytes="646168" >
  <allocated-bytes non-tlh="180640" tlh="465528" />
  <largest-consumer threadName="main" threadId="0000000001AB4700" bytes="644400" />
</allocation-stats>
<gc-op id="222" type="mark" timems="1.786" contextid="219" timestamp="2019-07-02T23:30:26.975">
  <trace-info objectcount="61375" scancount="50406" scanbytes="1689880" />
  <finalization candidates="80" enqueued="0" />
  <ownableSynchronizers candidates="21" cleared="0" />
  <references type="soft" candidates="1057" cleared="180" enqueued="175" dynamicThreshold="12" maxThreshold="32" />
  <references type="weak" candidates="3877" cleared="1" enqueued="1" />
  <references type="phantom" candidates="100" cleared="0" enqueued="0" />
  <stringconstants candidates="7845" cleared="12"  />
</gc-op>
<gc-op id="223" type="sweep" timems="0.258" contextid="219" timestamp="2019-07-02T23:30:26.976" />
<heap-resize id="224" type="expand" space="tenure" amount="1048576" count="1" timems="0.030" reason="excessive time being spent in gc" timestamp="2019-07-02T23:30:26.976" />
<gc-end id="225" type="global" contextid="219" durationms="2.321" usertimems="8.000" systemtimems="0.000" timestamp="2019-07-02T23:30:26.976" activeThreads="4">
  <mem-info id="226" free="6837056" total="10878976" percent="62">
    <mem type="tenure" free="6837056" total="10878976" percent="62" micro-fragmented="171365" macro-fragmented="0">
      <mem type="soa" free="6184768" total="10226688" percent="60" />
      <mem type="loa" free="652288" total="652288" percent="100" />
    </mem>
    <pending-finalizers system="0" default="0" reference="176" classloader="0" />
  </mem-info>
</gc-end>
<cycle-end id="227" type="global" contextid="219" timestamp="2019-07-02T23:30:26.976">
  <attribute name="GC Util" value="167" />
  <attribute name="CPU Util" value="10014317879501" />
  <attribute name="Time Running"value="4521"/>
  <attribute name="Number of cores"value="4"/>
</cycle-end>
<allocation-satisfied id="228" threadId="0000000001AB4700" bytesRequested="47576" />
<af-end id="229" timestamp="2019-07-02T23:30:26.976" threadId="0000000001AB5088" success="true" />
<exclusive-end id="230" timestamp="2019-07-02T23:30:26.976" durationms="2.712" />

<exclusive-start id="231" timestamp="2019-07-02T23:30:27.028" intervalms="54.512">
  <response-info timems="0.026" idlems="0.026" threads="0" lastid="0000000001AB4700" lastname="main" />
</exclusive-start>
<af-start id="232" threadId="0000000001AB5088" totalBytesRequested="32" timestamp="2019-07-02T23:30:27.028" intervalms="54.559" />
<cycle-start id="233" type="global" contextid="0" timestamp="2019-07-02T23:30:27.028" intervalms="54.602" />
  <attribute name="GC Util" value="167" />
  <attribute name="CPU Util" value="10014317879501" />
  <attribute name="Time Running"value="4521"/>
  <attribute name="Number of cores"value="4"/>
<gc-start id="234" type="global" contextid="233" timestamp="2019-07-02T23:30:27.028">
  <mem-info id="235" free="652288" total="10878976" percent="5">
    <mem type="tenure" free="652288" total="10878976" percent="5">
      <mem type="soa" free="0" total="10226688" percent="0" />
      <mem type="loa" free="652288" total="652288" percent="100" />
    </mem>
  </mem-info>
</gc-start>
<allocation-stats totalBytes="6197920" >
  <allocated-bytes non-tlh="831720" tlh="5366200" />
  <largest-consumer threadName="main" threadId="0000000001AB4700" bytes="6195936" />
</allocation-stats>
<gc-op id="236" type="mark" timems="3.440" contextid="233" timestamp="2019-07-02T23:30:27.032">
  <trace-info objectcount="77172" scancount="64531" scanbytes="2265544" />
  <finalization candidates="80" enqueued="0" />
  <ownableSynchronizers candidates="21" cleared="0" />
  <references type="soft" candidates="1103" cleared="0" enqueued="0" dynamicThreshold="20" maxThreshold="32" />
  <references type="weak" candidates="4278" cleared="9" enqueued="8" />
  <references type="phantom" candidates="102" cleared="1" enqueued="1" />
  <stringconstants candidates="8292" cleared="30"  />
</gc-op>
<gc-op id="237" type="classunload" timems="0.003" contextid="233" timestamp="2019-07-02T23:30:27.032">
  <classunload-info classloadercandidates="14" classloadersunloaded="0" classesunloaded="0" anonymousclassesunloaded="0" quiescems="0.000" setupms="0.002" scanms="0.001" postms="0.000" />
</gc-op>
<gc-op id="238" type="sweep" timems="0.342" contextid="233" timestamp="2019-07-02T23:30:27.032" />
<gc-end id="239" type="global" contextid="233" durationms="4.162" usertimems="8.000" systemtimems="0.000" timestamp="2019-07-02T23:30:27.032" activeThreads="4">
  <mem-info id="240" free="5502352" total="10878976" percent="50">
    <mem type="tenure" free="5502352" total="10878976" percent="50" micro-fragmented="441148" macro-fragmented="0">
      <mem type="soa" free="4850064" total="10226688" percent="47" />
      <mem type="loa" free="652288" total="652288" percent="100" />
    </mem>
    <pending-finalizers system="0" default="0" reference="9" classloader="0" />
  </mem-info>
</gc-end>
<cycle-end id="241" type="global" contextid="233" timestamp="2019-07-02T23:30:27.032">
  <attribute name="GC Util" value="117" />
  <attribute name="CPU Util" value="5213549953118" />
  <attribute name="Time Running"value="4578"/>
  <attribute name="Number of cores"value="4"/>
</cycle-end>
<allocation-satisfied id="242" threadId="0000000001AB4700" bytesRequested="32" />
<af-end id="243" timestamp="2019-07-02T23:30:27.032" threadId="0000000001AB5088" success="true" />
<exclusive-end id="244" timestamp="2019-07-02T23:30:27.033" durationms="4.709" />

<exclusive-start id="245" timestamp="2019-07-02T23:30:27.055" intervalms="27.312">
  <response-info timems="0.038" idlems="0.038" threads="0" lastid="0000000001AB4700" lastname="main" />
</exclusive-start>
<af-start id="246" threadId="0000000001AB5088" totalBytesRequested="40" timestamp="2019-07-02T23:30:27.055" intervalms="27.316" />
<cycle-start id="247" type="global" contextid="0" timestamp="2019-07-02T23:30:27.055" intervalms="27.327" />
  <attribute name="GC Util" value="117" />
  <attribute name="CPU Util" value="5213549953118" />
  <attribute name="Time Running"value="4578"/>
  <attribute name="Number of cores"value="4"/>
<gc-start id="248" type="global" contextid="247" timestamp="2019-07-02T23:30:27.055">
  <mem-info id="249" free="452280" total="10878976" percent="4">
    <mem type="tenure" free="452280" total="10878976" percent="4">
      <mem type="soa" free="0" total="10226688" percent="0" />
      <mem type="loa" free="452280" total="652288" percent="69" />
    </mem>
  </mem-info>
</gc-start>
<allocation-stats totalBytes="5017432" >
  <allocated-bytes non-tlh="510640" tlh="4506792" />
  <largest-consumer threadName="main" threadId="0000000001AB4700" bytes="5017432" />
</allocation-stats>
<gc-op id="250" type="mark" timems="2.260" contextid="247" timestamp="2019-07-02T23:30:27.058">
  <trace-info objectcount="69132" scancount="57428" scanbytes="1943568" />
  <finalization candidates="80" enqueued="0" />
  <ownableSynchronizers candidates="21" cleared="0" />
  <references type="soft" candidates="1104" cleared="0" enqueued="0" dynamicThreshold="16" maxThreshold="32" />
  <references type="weak" candidates="4269" cleared="0" enqueued="0" />
  <references type="phantom" candidates="101" cleared="0" enqueued="0" />
  <stringconstants candidates="8361" cleared="0"  />
</gc-op>
<gc-op id="251" type="sweep" timems="0.368" contextid="247" timestamp="2019-07-02T23:30:27.058" />
<gc-end id="252" type="global" contextid="247" durationms="2.983" usertimems="8.000" systemtimems="0.000" timestamp="2019-07-02T23:30:27.058" activeThreads="4">
  <mem-info id="253" free="6178072" total="10878976" percent="56">
    <mem type="tenure" free="6178072" total="10878976" percent="56" micro-fragmented="253065" macro-fragmented="0">
      <mem type="soa" free="5725792" total="10226688" percent="55" />
      <mem type="loa" free="452280" total="652288" percent="69" />
    </mem>
  </mem-info>
</gc-end>
<cycle-end id="254" type="global" contextid="247" timestamp="2019-07-02T23:30:27.059">
  <attribute name="GC Util" value="160" />
  <attribute name="CPU Util" value="7997731652581" />
  <attribute name="Time Running"value="4604"/>
  <attribute name="Number of cores"value="4"/>
</cycle-end>
<allocation-satisfied id="255" threadId="0000000001AB4700" bytesRequested="40" />
<af-end id="256" timestamp="2019-07-02T23:30:27.059" threadId="0000000001AB5088" success="true" />
<exclusive-end id="257" timestamp="2019-07-02T23:30:27.059" durationms="3.591" />

<exclusive-start id="258" timestamp="2019-07-02T23:30:27.104" intervalms="48.765">
  <response-info timems="0.019" idlems="0.019" threads="0" lastid="0000000001AB4700" lastname="main" />
</exclusive-start>
<sys-start reason="explicit" id="259" timestamp="2019-07-02T23:30:27.104" intervalms="4750.380" />
<cycle-start id="260" type="global" contextid="0" timestamp="2019-07-02T23:30:27.104" intervalms="48.662" />
  <attribute name="GC Util" value="160" />
  <attribute name="CPU Util" value="7997731652581" />
  <attribute name="Time Running"value="4604"/>
  <attribute name="Number of cores"value="4"/>
<gc-start id="261" type="global" contextid="260" timestamp="2019-07-02T23:30:27.104">
  <mem-info id="262" free="3844120" total="10878976" percent="35">
    <mem type="tenure" free="3844120" total="10878976" percent="35">
      <mem type="soa" free="3391840" total="10226688" percent="33" />
      <mem type="loa" free="452280" total="652288" percent="69" />
    </mem>
  </mem-info>
</gc-start>
<allocation-stats totalBytes="2297160" >
  <allocated-bytes non-tlh="449320" tlh="1847840" />
  <largest-consumer threadName="main" threadId="0000000001AB4700" bytes="2297160" />
</allocation-stats>
<gc-op id="263" type="mark" timems="3.119" contextid="260" timestamp="2019-07-02T23:30:27.107">
  <trace-info objectcount="72278" scancount="60372" scanbytes="2035392" />
  <finalization candidates="80" enqueued="0" />
  <ownableSynchronizers candidates="21" cleared="0" />
  <references type="soft" candidates="1438" cleared="1" enqueued="1" dynamicThreshold="18" maxThreshold="32" />
  <references type="weak" candidates="4536" cleared="33" enqueued="31" />
  <references type="phantom" candidates="103" cleared="3" enqueued="3" />
  <stringconstants candidates="8641" cleared="15"  />
</gc-op>
<gc-op id="264" type="classunload" timems="0.393" contextid="260" timestamp="2019-07-02T23:30:27.108">
  <classunload-info classloadercandidates="17" classloadersunloaded="1" classesunloaded="1" anonymousclassesunloaded="0" quiescems="0.000" setupms="0.384" scanms="0.007" postms="0.002" />
</gc-op>
<gc-op id="265" type="sweep" timems="0.303" contextid="260" timestamp="2019-07-02T23:30:27.108" />
<mem-info id="266" free="6228840" total="10878976" percent="57">
  <mem type="tenure" free="6228840" total="10878976" percent="57" micro-fragmented="351213" macro-fragmented="0">
    <mem type="soa" free="5576552" total="10226688" percent="54" />
    <mem type="loa" free="652288" total="652288" percent="100" />
  </mem>
  <pending-finalizers system="0" default="0" reference="35" classloader="0" />
</mem-info>
<gc-op id="267" type="compact" timems="16.705" contextid="260" timestamp="2019-07-02T23:30:27.125">
  <compact-info movecount="70480" movebytes="4053704" reason="compact on aggressive collection" />
</gc-op>
<heap-resize id="268" type="contract" space="tenure" amount="131072" count="1" timems="0.009" reason="excess free space following gc" timestamp="2019-07-02T23:30:27.125" />
<gc-end id="269" type="global" contextid="260" durationms="21.036" usertimems="28.000" systemtimems="0.000" timestamp="2019-07-02T23:30:27.125" activeThreads="4">
  <mem-info id="270" free="6579776" total="10747904" percent="61">
    <mem type="tenure" free="6579776" total="10747904" percent="61">
      <mem type="soa" free="5935680" total="10103808" percent="58" />
      <mem type="loa" free="644096" total="644096" percent="100" />
    </mem>
    <pending-finalizers system="0" default="0" reference="35" classloader="0" />
  </mem-info>
</gc-end>
<cycle-end id="271" type="global" contextid="260" timestamp="2019-07-02T23:30:27.125">
  <attribute name="GC Util" value="15" />
  <attribute name="CPU Util" value="41526238323548" />
  <attribute name="Time Running"value="4654"/>
  <attribute name="Number of cores"value="4"/>
</cycle-end>
<sys-end id="272" timestamp="2019-07-02T23:30:27.125" />
<exclusive-end id="273" timestamp="2019-07-02T23:30:27.125" durationms="21.465" />

<exclusive-start id="274" timestamp="2019-07-02T23:30:27.161" intervalms="56.677">
  <response-info timems="0.059" idlems="0.059" threads="0" lastid="0000000001AB4700" lastname="main" />
</exclusive-start>
<af-start id="275" threadId="0000000001AB5088" totalBytesRequested="24" timestamp="2019-07-02T23:30:27.161" intervalms="105.441" />
<cycle-start id="276" type="global" contextid="0" timestamp="2019-07-02T23:30:27.161" intervalms="56.765" />
  <attribute name="GC Util" value="15" />
  <attribute name="CPU Util" value="41526238323548" />
  <attribute name="Time Running"value="4654"/>
  <attribute name="Number of cores"value="4"/>
<gc-start id="277" type="global" contextid="276" timestamp="2019-07-02T23:30:27.161">
  <mem-info id="278" free="644096" total="10747904" percent="5">
    <mem type="tenure" free="644096" total="10747904" percent="5">
      <mem type="soa" free="0" total="10103808" percent="0" />
      <mem type="loa" free="644096" total="644096" percent="100" />
    </mem>
  </mem-info>
</gc-start>
<allocation-stats totalBytes="5934632" >
  <allocated-bytes non-tlh="529784" tlh="5404848" />
  <largest-consumer threadName="main" threadId="0000000001AB4700" bytes="5930536" />
</allocation-stats>
<gc-op id="279" type="mark" timems="2.331" contextid="276" timestamp="2019-07-02T23:30:27.163">
  <trace-info objectcount="85990" scancount="72832" scanbytes="2598996" />
  <finalization candidates="80" enqueued="0" />
  <ownableSynchronizers candidates="21" cleared="0" />
  <references type="soft" candidates="1439" cleared="0" enqueued="0" dynamicThreshold="19" maxThreshold="32" />
  <references type="weak" candidates="4510" cleared="6" enqueued="6" />
  <references type="phantom" candidates="106" cleared="5" enqueued="5" />
  <stringconstants candidates="8648" cleared="0"  />
</gc-op>
<gc-op id="280" type="sweep" timems="0.292" contextid="276" timestamp="2019-07-02T23:30:27.164" />
<gc-end id="281" type="global" contextid="276" durationms="2.919" usertimems="4.000" systemtimems="0.000" timestamp="2019-07-02T23:30:27.164" activeThreads="4">
  <mem-info id="282" free="5365128" total="10747904" percent="49">
    <mem type="tenure" free="5365128" total="10747904" percent="49" micro-fragmented="151244" macro-fragmented="0">
      <mem type="soa" free="4721032" total="10103808" percent="46" />
      <mem type="loa" free="644096" total="644096" percent="100" />
    </mem>
    <pending-finalizers system="0" default="0" reference="11" classloader="0" />
  </mem-info>
</gc-end>
<cycle-end id="283" type="global" contextid="276" timestamp="2019-07-02T23:30:27.164">
  <attribute name="GC Util" value="174" />
  <attribute name="CPU Util" value="7757682116497" />
  <attribute name="Time Running"value="4709"/>
  <attribute name="Number of cores"value="4"/>
</cycle-end>
<allocation-satisfied id="284" threadId="0000000001AB4700" bytesRequested="24" />
<af-end id="285" timestamp="2019-07-02T23:30:27.164" threadId="0000000001AB5088" success="true" />
<exclusive-end id="286" timestamp="2019-07-02T23:30:27.164" durationms="3.507" />

<exclusive-start id="287" timestamp="2019-07-02T23:30:27.175" intervalms="14.286">
  <response-info timems="0.127" idlems="0.127" threads="0" lastid="0000000001AB4700" lastname="main" />
</exclusive-start>
<af-start id="288" threadId="0000000001AB5088" totalBytesRequested="32" timestamp="2019-07-02T23:30:27.175" intervalms="14.311" />
<cycle-start id="289" type="global" contextid="0" timestamp="2019-07-02T23:30:27.175" intervalms="14.324" />
  <attribute name="GC Util" value="174" />
  <attribute name="CPU Util" value="7757682116497" />
  <attribute name="Time Running"value="4709"/>
  <attribute name="Number of cores"value="4"/>
<gc-start id="290" type="global" contextid="289" timestamp="2019-07-02T23:30:27.175">
  <mem-info id="291" free="644096" total="10747904" percent="5">
    <mem type="tenure" free="644096" total="10747904" percent="5">
      <mem type="soa" free="0" total="10103808" percent="0" />
      <mem type="loa" free="644096" total="644096" percent="100" />
    </mem>
  </mem-info>
</gc-start>
<allocation-stats totalBytes="4718184" >
  <allocated-bytes non-tlh="0" tlh="4718184" />
  <largest-consumer threadName="main" threadId="0000000001AB4700" bytes="4718184" />
</allocation-stats>
<heap-resize id="292" type="loa contract" space="tenure" amount="107520" count="1" timems="0.009" reason="contract underutilized loa" timestamp="2019-07-02T23:30:27.175" />
<gc-op id="293" type="mark" timems="2.691" contextid="289" timestamp="2019-07-02T23:30:27.178">
  <trace-info objectcount="92844" scancount="78822" scanbytes="2824888" />
  <finalization candidates="80" enqueued="0" />
  <ownableSynchronizers candidates="21" cleared="0" />
  <references type="soft" candidates="1439" cleared="12" enqueued="10" dynamicThreshold="15" maxThreshold="32" />
  <references type="weak" candidates="4504" cleared="0" enqueued="0" />
  <references type="phantom" candidates="101" cleared="0" enqueued="0" />
  <stringconstants candidates="8648" cleared="0"  />
</gc-op>
<gc-op id="294" type="sweep" timems="0.378" contextid="289" timestamp="2019-07-02T23:30:27.179" />
<gc-end id="295" type="global" contextid="289" durationms="3.487" usertimems="4.000" systemtimems="4.000" timestamp="2019-07-02T23:30:27.179" activeThreads="4">
  <mem-info id="296" free="4844848" total="10747904" percent="45">
    <mem type="tenure" free="4844848" total="10747904" percent="45" micro-fragmented="344621" macro-fragmented="0">
      <mem type="soa" free="4308272" total="10211328" percent="42" />
      <mem type="loa" free="536576" total="536576" percent="100" />
    </mem>
    <pending-finalizers system="0" default="0" reference="10" classloader="0" />
  </mem-info>
</gc-end>
<cycle-end id="297" type="global" contextid="289" timestamp="2019-07-02T23:30:27.179">
  <attribute name="GC Util" value="161" />
  <attribute name="CPU Util" value="6709119451515" />
  <attribute name="Time Running"value="4724"/>
  <attribute name="Number of cores"value="4"/>
</cycle-end>
<allocation-satisfied id="298" threadId="0000000001AB4700" bytesRequested="32" />
<af-end id="299" timestamp="2019-07-02T23:30:27.179" threadId="0000000001AB5088" success="true" />
<exclusive-end id="300" timestamp="2019-07-02T23:30:27.179" durationms="4.011" />

<exclusive-start id="301" timestamp="2019-07-02T23:30:27.194" intervalms="19.148">
  <response-info timems="0.085" idlems="0.085" threads="0" lastid="0000000001AB4700" lastname="main" />
</exclusive-start>
<af-start id="302" threadId="0000000001AB5088" totalBytesRequested="64" timestamp="2019-07-02T23:30:27.194" intervalms="19.114" />
<cycle-start id="303" type="global" contextid="0" timestamp="2019-07-02T23:30:27.194" intervalms="19.108" />
  <attribute name="GC Util" value="161" />
  <attribute name="CPU Util" value="6709119451515" />
  <attribute name="Time Running"value="4724"/>
  <attribute name="Number of cores"value="4"/>
<gc-start id="304" type="global" contextid="303" timestamp="2019-07-02T23:30:27.194">
  <mem-info id="305" free="536576" total="10747904" percent="4">
    <mem type="tenure" free="536576" total="10747904" percent="4">
      <mem type="soa" free="0" total="10211328" percent="0" />
      <mem type="loa" free="536576" total="536576" percent="100" />
    </mem>
  </mem-info>
</gc-start>
<allocation-stats totalBytes="4278872" >
  <allocated-bytes non-tlh="38984" tlh="4239888" />
  <largest-consumer threadName="main" threadId="0000000001AB4700" bytes="4278872" />
</allocation-stats>
<heap-resize id="306" type="loa contract" space="tenure" amount="107520" count="1" timems="0.009" reason="contract underutilized loa" timestamp="2019-07-02T23:30:27.194" />
<gc-op id="307" type="mark" timems="2.986" contextid="303" timestamp="2019-07-02T23:30:27.198">
  <trace-info objectcount="95291" scancount="80960" scanbytes="2850352" />
  <finalization candidates="80" enqueued="0" />
  <ownableSynchronizers candidates="21" cleared="0" />
  <references type="soft" candidates="1427" cleared="0" enqueued="0" dynamicThreshold="14" maxThreshold="32" />
  <references type="weak" candidates="4504" cleared="0" enqueued="0" />
  <references type="phantom" candidates="100" cleared="0" enqueued="0" />
  <stringconstants candidates="8648" cleared="0"  />
</gc-op>
<gc-op id="308" type="sweep" timems="0.576" contextid="303" timestamp="2019-07-02T23:30:27.198" />
<gc-end id="309" type="global" contextid="303" durationms="3.992" usertimems="8.000" systemtimems="0.000" timestamp="2019-07-02T23:30:27.198" activeThreads="4">
  <mem-info id="310" free="4341240" total="10747904" percent="40">
    <mem type="tenure" free="4341240" total="10747904" percent="40" micro-fragmented="769627" macro-fragmented="0">
      <mem type="soa" free="3912184" total="10318848" percent="37" />
      <mem type="loa" free="429056" total="429056" percent="100" />
    </mem>
  </mem-info>
</gc-end>
<cycle-end id="311" type="global" contextid="303" timestamp="2019-07-02T23:30:27.198">
  <attribute name="GC Util" value="178" />
  <attribute name="CPU Util" value="6060820657567" />
  <attribute name="Time Running"value="4744"/>
  <attribute name="Number of cores"value="4"/>
</cycle-end>
<allocation-satisfied id="312" threadId="0000000001AB4700" bytesRequested="64" />
<af-end id="313" timestamp="2019-07-02T23:30:27.199" threadId="0000000001AB5088" success="true" />
<exclusive-end id="314" timestamp="2019-07-02T23:30:27.199" durationms="4.603" />

<exclusive-start id="315" timestamp="2019-07-02T23:30:27.226" intervalms="31.521">
  <response-info timems="0.024" idlems="0.024" threads="0" lastid="0000000001AB4700" lastname="main" />
</exclusive-start>
<af-start id="316" threadId="0000000001AB5088" totalBytesRequested="31904" timestamp="2019-07-02T23:30:27.226" intervalms="31.485" />
<cycle-start id="317" type="global" contextid="0" timestamp="2019-07-02T23:30:27.226" intervalms="31.447" />
  <attribute name="GC Util" value="178" />
  <attribute name="CPU Util" value="6060820657567" />
  <attribute name="Time Running"value="4744"/>
  <attribute name="Number of cores"value="4"/>
<gc-start id="318" type="global" contextid="317" timestamp="2019-07-02T23:30:27.226">
  <mem-info id="319" free="2628192" total="10747904" percent="24">
    <mem type="tenure" free="2628192" total="10747904" percent="24">
      <mem type="soa" free="2199136" total="10318848" percent="21" />
      <mem type="loa" free="429056" total="429056" percent="100" />
    </mem>
  </mem-info>
</gc-start>
<allocation-stats totalBytes="1591456" >
  <allocated-bytes non-tlh="590928" tlh="1000528" />
  <largest-consumer threadName="main" threadId="0000000001AB4700" bytes="1591456" />
</allocation-stats>
<heap-resize id="320" type="loa contract" space="tenure" amount="107520" count="1" timems="0.009" reason="contract underutilized loa" timestamp="2019-07-02T23:30:27.226" />
<gc-op id="321" type="mark" timems="2.225" contextid="317" timestamp="2019-07-02T23:30:27.228">
  <trace-info objectcount="84845" scancount="69340" scanbytes="2264824" />
  <finalization candidates="80" enqueued="0" />
  <ownableSynchronizers candidates="21" cleared="0" />
  <references type="soft" candidates="1496" cleared="2" enqueued="2" dynamicThreshold="12" maxThreshold="32" />
  <references type="weak" candidates="4627" cleared="20" enqueued="17" />
  <references type="phantom" candidates="101" cleared="0" enqueued="0" />
  <stringconstants candidates="10857" cleared="12"  />
</gc-op>
<gc-op id="322" type="sweep" timems="0.249" contextid="317" timestamp="2019-07-02T23:30:27.228" />
<heap-resize id="323" type="expand" space="tenure" amount="1245184" count="1" timems="0.019" reason="excessive time being spent in gc" timestamp="2019-07-02T23:30:27.228" />
<gc-end id="324" type="global" contextid="317" durationms="2.781" usertimems="4.000" systemtimems="0.000" timestamp="2019-07-02T23:30:27.228" activeThreads="4">
  <mem-info id="325" free="7175112" total="11993088" percent="59">
    <mem type="tenure" free="7175112" total="11993088" percent="59" micro-fragmented="97133" macro-fragmented="0">
      <mem type="soa" free="6815688" total="11633664" percent="58" />
      <mem type="loa" free="359424" total="359424" percent="100" />
    </mem>
    <pending-finalizers system="0" default="0" reference="19" classloader="0" />
  </mem-info>
</gc-end>
<cycle-end id="326" type="global" contextid="317" timestamp="2019-07-02T23:30:27.229">
  <attribute name="GC Util" value="171" />
  <attribute name="CPU Util" value="8083483626509" />
  <attribute name="Time Running"value="4774"/>
  <attribute name="Number of cores"value="4"/>
</cycle-end>
<allocation-satisfied id="327" threadId="0000000001AB4700" bytesRequested="31904" />
<af-end id="328" timestamp="2019-07-02T23:30:27.229" threadId="0000000001AB5088" success="true" />
<exclusive-end id="329" timestamp="2019-07-02T23:30:27.229" durationms="3.167" />

<exclusive-start id="330" timestamp="2019-07-02T23:30:27.259" intervalms="33.335">
  <response-info timems="0.046" idlems="0.032" threads="1" lastid="0000000001ABFB00" lastname="JIT Compilation Thread-2" />
</exclusive-start>
<af-start id="331" threadId="0000000001AB5088" totalBytesRequested="88" timestamp="2019-07-02T23:30:27.259" intervalms="33.333" />
<cycle-start id="332" type="global" contextid="0" timestamp="2019-07-02T23:30:27.259" intervalms="33.328" />
  <attribute name="GC Util" value="171" />
  <attribute name="CPU Util" value="8083483626509" />
  <attribute name="Time Running"value="4774"/>
  <attribute name="Number of cores"value="4"/>
<gc-start id="333" type="global" contextid="332" timestamp="2019-07-02T23:30:27.259">
  <mem-info id="334" free="359424" total="11993088" percent="2">
    <mem type="tenure" free="359424" total="11993088" percent="2">
      <mem type="soa" free="0" total="11633664" percent="0" />
      <mem type="loa" free="359424" total="359424" percent="100" />
    </mem>
  </mem-info>
</gc-start>
<allocation-stats totalBytes="6840616" >
  <allocated-bytes non-tlh="525656" tlh="6314960" />
  <largest-consumer threadName="main" threadId="0000000001AB4700" bytes="6836520" />
</allocation-stats>
<heap-resize id="335" type="loa contract" space="tenure" amount="119808" count="1" timems="0.009" reason="contract underutilized loa" timestamp="2019-07-02T23:30:27.259" />
<gc-op id="336" type="mark" timems="3.354" contextid="332" timestamp="2019-07-02T23:30:27.263">
  <trace-info objectcount="84803" scancount="69320" scanbytes="2264280" />
  <finalization candidates="80" enqueued="0" />
  <ownableSynchronizers candidates="21" cleared="0" />
  <references type="soft" candidates="1494" cleared="0" enqueued="0" dynamicThreshold="19" maxThreshold="32" />
  <references type="weak" candidates="4608" cleared="1" enqueued="1" />
  <references type="phantom" candidates="100" cleared="0" enqueued="0" />
  <stringconstants candidates="10858" cleared="12"  />
</gc-op>
<gc-op id="337" type="classunload" timems="0.004" contextid="332" timestamp="2019-07-02T23:30:27.263">
  <classunload-info classloadercandidates="18" classloadersunloaded="0" classesunloaded="0" anonymousclassesunloaded="0" quiescems="0.000" setupms="0.003" scanms="0.000" postms="0.001" />
</gc-op>
<gc-op id="338" type="sweep" timems="0.264" contextid="332" timestamp="2019-07-02T23:30:27.263" />
<gc-end id="339" type="global" contextid="332" durationms="3.928" usertimems="4.000" systemtimems="4.000" timestamp="2019-07-02T23:30:27.263" activeThreads="4">
  <mem-info id="340" free="7211184" total="11993088" percent="60">
    <mem type="tenure" free="7211184" total="11993088" percent="60" micro-fragmented="50184" macro-fragmented="0">
      <mem type="soa" free="6971568" total="11753472" percent="59" />
      <mem type="loa" free="239616" total="239616" percent="100" />
    </mem>
    <pending-finalizers system="0" default="0" reference="1" classloader="0" />
  </mem-info>
</gc-end>
<cycle-end id="341" type="global" contextid="332" timestamp="2019-07-02T23:30:27.263">
  <attribute name="GC Util" value="140" />
  <attribute name="CPU Util" value="5324966624604" />
  <attribute name="Time Running"value="4809"/>
  <attribute name="Number of cores"value="4"/>
</cycle-end>
<allocation-satisfied id="342" threadId="0000000001AB4700" bytesRequested="88" />
<af-end id="343" timestamp="2019-07-02T23:30:27.263" threadId="0000000001AB5088" success="true" />
<exclusive-end id="344" timestamp="2019-07-02T23:30:27.263" durationms="4.302" />

<exclusive-start id="345" timestamp="2019-07-02T23:30:27.299" intervalms="39.935">
  <response-info timems="0.062" idlems="0.062" threads="0" lastid="0000000001AB4700" lastname="main" />
</exclusive-start>
<af-start id="346" threadId="0000000001AB5088" totalBytesRequested="6760" timestamp="2019-07-02T23:30:27.299" intervalms="39.953" />
<cycle-start id="347" type="global" contextid="0" timestamp="2019-07-02T23:30:27.299" intervalms="39.967" />
  <attribute name="GC Util" value="140" />
  <attribute name="CPU Util" value="5324966624604" />
  <attribute name="Time Running"value="4809"/>
  <attribute name="Number of cores"value="4"/>
<gc-start id="348" type="global" contextid="347" timestamp="2019-07-02T23:30:27.299">
  <mem-info id="349" free="239616" total="11993088" percent="1">
    <mem type="tenure" free="239616" total="11993088" percent="1">
      <mem type="soa" free="0" total="11753472" percent="0" />
      <mem type="loa" free="239616" total="239616" percent="100" />
    </mem>
  </mem-info>
</gc-start>
<allocation-stats totalBytes="6956544" >
  <allocated-bytes non-tlh="787056" tlh="6169488" />
  <largest-consumer threadName="main" threadId="0000000001AB4700" bytes="6952448" />
</allocation-stats>
<heap-resize id="350" type="loa contract" space="tenure" amount="119808" count="1" timems="0.009" reason="contract underutilized loa" timestamp="2019-07-02T23:30:27.299" />
<gc-op id="351" type="mark" timems="2.455" contextid="347" timestamp="2019-07-02T23:30:27.302">
  <trace-info objectcount="91300" scancount="75247" scanbytes="2547632" />
  <finalization candidates="80" enqueued="0" />
  <ownableSynchronizers candidates="21" cleared="0" />
  <references type="soft" candidates="1528" cleared="0" enqueued="0" dynamicThreshold="19" maxThreshold="32" />
  <references type="weak" candidates="4614" cleared="3" enqueued="3" />
  <references type="phantom" candidates="101" cleared="0" enqueued="0" />
  <stringconstants candidates="11015" cleared="12"  />
</gc-op>
<gc-op id="352" type="sweep" timems="0.304" contextid="347" timestamp="2019-07-02T23:30:27.302" />
<gc-end id="353" type="global" contextid="347" durationms="3.053" usertimems="8.000" systemtimems="0.000" timestamp="2019-07-02T23:30:27.302" activeThreads="4">
  <mem-info id="354" free="6541328" total="11993088" percent="54">
    <mem type="tenure" free="6541328" total="11993088" percent="54" micro-fragmented="141067" macro-fragmented="0">
      <mem type="soa" free="6421520" total="11873280" percent="54" />
      <mem type="loa" free="119808" total="119808" percent="100" />
    </mem>
    <pending-finalizers system="0" default="0" reference="3" classloader="0" />
  </mem-info>
</gc-end>
<cycle-end id="355" type="global" contextid="347" timestamp="2019-07-02T23:30:27.302">
  <attribute name="GC Util" value="169" />
  <attribute name="CPU Util" value="7341064389638" />
  <attribute name="Time Running"value="4848"/>
  <attribute name="Number of cores"value="4"/>
</cycle-end>
<allocation-satisfied id="356" threadId="0000000001AB4700" bytesRequested="6760" />
<af-end id="357" timestamp="2019-07-02T23:30:27.302" threadId="0000000001AB5088" success="true" />
<exclusive-end id="358" timestamp="2019-07-02T23:30:27.302" durationms="3.582" />

<exclusive-start id="359" timestamp="2019-07-02T23:30:27.317" intervalms="17.981">
  <response-info timems="0.076" idlems="0.076" threads="0" lastid="0000000001AB4700" lastname="main" />
</exclusive-start>
<af-start id="360" threadId="0000000001AB5088" totalBytesRequested="32" timestamp="2019-07-02T23:30:27.317" intervalms="18.003" />
<cycle-start id="361" type="global" contextid="0" timestamp="2019-07-02T23:30:27.317" intervalms="17.996" />
  <attribute name="GC Util" value="169" />
  <attribute name="CPU Util" value="7341064389638" />
  <attribute name="Time Running"value="4848"/>
  <attribute name="Number of cores"value="4"/>
<gc-start id="362" type="global" contextid="361" timestamp="2019-07-02T23:30:27.317">
  <mem-info id="363" free="119808" total="11993088" percent="0">
    <mem type="tenure" free="119808" total="11993088" percent="0">
      <mem type="soa" free="0" total="11873280" percent="0" />
      <mem type="loa" free="119808" total="119808" percent="100" />
    </mem>
  </mem-info>
</gc-start>
<allocation-stats totalBytes="6415056" >
  <allocated-bytes non-tlh="121064" tlh="6293992" />
  <largest-consumer threadName="main" threadId="0000000001AB4700" bytes="6410960" />
</allocation-stats>
<gc-op id="364" type="mark" timems="2.687" contextid="361" timestamp="2019-07-02T23:30:27.320">
  <trace-info objectcount="97181" scancount="80639" scanbytes="2774616" />
  <finalization candidates="80" enqueued="0" />
  <ownableSynchronizers candidates="21" cleared="0" />
  <references type="soft" candidates="1528" cleared="0" enqueued="0" dynamicThreshold="17" maxThreshold="32" />
  <references type="weak" candidates="4630" cleared="0" enqueued="0" />
  <references type="phantom" candidates="101" cleared="0" enqueued="0" />
  <stringconstants candidates="11029" cleared="0"  />
</gc-op>
<gc-op id="365" type="sweep" timems="0.356" contextid="361" timestamp="2019-07-02T23:30:27.320" />
<gc-end id="366" type="global" contextid="361" durationms="3.301" usertimems="8.000" systemtimems="0.000" timestamp="2019-07-02T23:30:27.320" activeThreads="4">
  <mem-info id="367" free="6093488" total="11993088" percent="50">
    <mem type="tenure" free="6093488" total="11993088" percent="50" micro-fragmented="175660" macro-fragmented="0">
      <mem type="soa" free="5973680" total="11873280" percent="50" />
      <mem type="loa" free="119808" total="119808" percent="100" />
    </mem>
  </mem-info>
</gc-end>
<cycle-end id="368" type="global" contextid="361" timestamp="2019-07-02T23:30:27.320">
  <attribute name="GC Util" value="166" />
  <attribute name="CPU Util" value="6740210921650" />
  <attribute name="Time Running"value="4866"/>
  <attribute name="Number of cores"value="4"/>
</cycle-end>
<allocation-satisfied id="369" threadId="0000000001AB4700" bytesRequested="32" />
<af-end id="370" timestamp="2019-07-02T23:30:27.320" threadId="0000000001AB5088" success="true" />
<exclusive-end id="371" timestamp="2019-07-02T23:30:27.321" durationms="3.747" />

<exclusive-start id="372" timestamp="2019-07-02T23:30:27.331" intervalms="13.883">
  <response-info timems="0.080" idlems="0.080" threads="0" lastid="0000000001AB4700" lastname="main" />
</exclusive-start>
<af-start id="373" threadId="0000000001AB5088" totalBytesRequested="32" timestamp="2019-07-02T23:30:27.331" intervalms="13.868" />
<cycle-start id="374" type="global" contextid="0" timestamp="2019-07-02T23:30:27.331" intervalms="13.898" />
  <attribute name="GC Util" value="166" />
  <attribute name="CPU Util" value="6740210921650" />
  <attribute name="Time Running"value="4866"/>
  <attribute name="Number of cores"value="4"/>
<gc-start id="375" type="global" contextid="374" timestamp="2019-07-02T23:30:27.331">
  <mem-info id="376" free="119808" total="11993088" percent="0">
    <mem type="tenure" free="119808" total="11993088" percent="0">
      <mem type="soa" free="0" total="11873280" percent="0" />
      <mem type="loa" free="119808" total="119808" percent="100" />
    </mem>
  </mem-info>
</gc-start>
<allocation-stats totalBytes="5963848" >
  <allocated-bytes non-tlh="0" tlh="5963848" />
  <largest-consumer threadName="main" threadId="0000000001AB4700" bytes="5963848" />
</allocation-stats>
<gc-op id="377" type="mark" timems="2.881" contextid="374" timestamp="2019-07-02T23:30:27.334">
  <trace-info objectcount="103154" scancount="85975" scanbytes="2984852" />
  <finalization candidates="80" enqueued="0" />
  <ownableSynchronizers candidates="21" cleared="0" />
  <references type="soft" candidates="1528" cleared="0" enqueued="0" dynamicThreshold="16" maxThreshold="32" />
  <references type="weak" candidates="4630" cleared="0" enqueued="0" />
  <references type="phantom" candidates="101" cleared="0" enqueued="0" />
  <stringconstants candidates="11029" cleared="0"  />
</gc-op>
<gc-op id="378" type="sweep" timems="0.640" contextid="374" timestamp="2019-07-02T23:30:27.335" />
<heap-resize id="379" type="expand" space="tenure" amount="2097152" count="1" timems="0.044" reason="excessive time being spent in gc" timestamp="2019-07-02T23:30:27.335" />
<gc-end id="380" type="global" contextid="374" durationms="3.921" usertimems="8.000" systemtimems="0.000" timestamp="2019-07-02T23:30:27.335" activeThreads="4">
  <mem-info id="381" free="7773680" total="14090240" percent="55">
    <mem type="tenure" free="7773680" total="14090240" percent="55" micro-fragmented="454987" macro-fragmented="0">
      <mem type="soa" free="7633392" total="13949952" percent="54" />
      <mem type="loa" free="140288" total="140288" percent="100" />
    </mem>
  </mem-info>
</gc-end>
<cycle-end id="382" type="global" contextid="374" timestamp="2019-07-02T23:30:27.335">
  <attribute name="GC Util" value="169" />
  <attribute name="CPU Util" value="6269738821771" />
  <attribute name="Time Running"value="4880"/>
  <attribute name="Number of cores"value="4"/>
</cycle-end>
<allocation-satisfied id="383" threadId="0000000001AB4700" bytesRequested="32" />
<af-end id="384" timestamp="2019-07-02T23:30:27.335" threadId="0000000001AB5088" success="true" />
<exclusive-end id="385" timestamp="2019-07-02T23:30:27.335" durationms="4.368" />

<exclusive-start id="386" timestamp="2019-07-02T23:30:27.362" intervalms="30.959">
  <response-info timems="0.081" idlems="0.081" threads="0" lastid="0000000001AB4700" lastname="main" />
</exclusive-start>
<af-start id="387" threadId="0000000001AB5088" totalBytesRequested="32" timestamp="2019-07-02T23:30:27.362" intervalms="30.976" />
<cycle-start id="388" type="global" contextid="0" timestamp="2019-07-02T23:30:27.362" intervalms="30.982" />
  <attribute name="GC Util" value="169" />
  <attribute name="CPU Util" value="6269738821771" />
  <attribute name="Time Running"value="4880"/>
  <attribute name="Number of cores"value="4"/>
<gc-start id="389" type="global" contextid="388" timestamp="2019-07-02T23:30:27.362">
  <mem-info id="390" free="140288" total="14090240" percent="0">
    <mem type="tenure" free="140288" total="14090240" percent="0">
      <mem type="soa" free="0" total="13949952" percent="0" />
      <mem type="loa" free="140288" total="140288" percent="100" />
    </mem>
  </mem-info>
</gc-start>
<allocation-stats totalBytes="7600008" >
  <allocated-bytes non-tlh="625400" tlh="6974608" />
  <largest-consumer threadName="main" threadId="0000000001AB4700" bytes="7600008" />
</allocation-stats>
<gc-op id="391" type="mark" timems="2.442" contextid="388" timestamp="2019-07-02T23:30:27.365">
  <trace-info objectcount="90448" scancount="74339" scanbytes="2473660" />
  <finalization candidates="80" enqueued="0" />
  <ownableSynchronizers candidates="21" cleared="0" />
  <references type="soft" candidates="1538" cleared="0" enqueued="0" dynamicThreshold="17" maxThreshold="32" />
  <references type="weak" candidates="4632" cleared="0" enqueued="0" />
  <references type="phantom" candidates="101" cleared="0" enqueued="0" />
  <stringconstants candidates="11093" cleared="0"  />
</gc-op>
<gc-op id="392" type="sweep" timems="0.339" contextid="388" timestamp="2019-07-02T23:30:27.365" />
<gc-end id="393" type="global" contextid="388" durationms="3.118" usertimems="0.000" systemtimems="8.000" timestamp="2019-07-02T23:30:27.365" activeThreads="4">
  <mem-info id="394" free="8732304" total="14090240" percent="61">
    <mem type="tenure" free="8732304" total="14090240" percent="61" micro-fragmented="99923" macro-fragmented="0">
      <mem type="soa" free="8592016" total="13949952" percent="61" />
      <mem type="loa" free="140288" total="140288" percent="100" />
    </mem>
  </mem-info>
</gc-end>
<cycle-end id="395" type="global" contextid="388" timestamp="2019-07-02T23:30:27.365">
  <attribute name="GC Util" value="172" />
  <attribute name="CPU Util" value="7337300571377" />
  <attribute name="Time Running"value="4911"/>
  <attribute name="Number of cores"value="4"/>
</cycle-end>
<allocation-satisfied id="396" threadId="0000000001AB4700" bytesRequested="32" />
<af-end id="397" timestamp="2019-07-02T23:30:27.365" threadId="0000000001AB5088" success="true" />
<exclusive-end id="398" timestamp="2019-07-02T23:30:27.365" durationms="3.681" />

<exclusive-start id="399" timestamp="2019-07-02T23:30:27.402" intervalms="40.351">
  <response-info timems="0.057" idlems="0.057" threads="0" lastid="0000000001AB4700" lastname="main" />
</exclusive-start>
<af-start id="400" threadId="0000000001AB5088" totalBytesRequested="24" timestamp="2019-07-02T23:30:27.402" intervalms="40.353" />
<cycle-start id="401" type="global" contextid="0" timestamp="2019-07-02T23:30:27.402" intervalms="40.360" />
  <attribute name="GC Util" value="172" />
  <attribute name="CPU Util" value="7337300571377" />
  <attribute name="Time Running"value="4911"/>
  <attribute name="Number of cores"value="4"/>
<gc-start id="402" type="global" contextid="401" timestamp="2019-07-02T23:30:27.402">
  <mem-info id="403" free="140288" total="14090240" percent="0">
    <mem type="tenure" free="140288" total="14090240" percent="0">
      <mem type="soa" free="0" total="13949952" percent="0" />
      <mem type="loa" free="140288" total="140288" percent="100" />
    </mem>
  </mem-info>
</gc-start>
<allocation-stats totalBytes="8580000" >
  <allocated-bytes non-tlh="301896" tlh="8278104" />
  <largest-consumer threadName="main" threadId="0000000001AB4700" bytes="8580000" />
</allocation-stats>
<gc-op id="404" type="mark" timems="2.696" contextid="401" timestamp="2019-07-02T23:30:27.405">
  <trace-info objectcount="102318" scancount="85151" scanbytes="2979764" />
  <finalization candidates="80" enqueued="0" />
  <ownableSynchronizers candidates="21" cleared="0" />
  <references type="soft" candidates="1539" cleared="0" enqueued="0" dynamicThreshold="19" maxThreshold="32" />
  <references type="weak" candidates="4805" cleared="0" enqueued="0" />
  <references type="phantom" candidates="101" cleared="0" enqueued="0" />
  <stringconstants candidates="11279" cleared="0"  />
</gc-op>
<gc-op id="405" type="sweep" timems="0.445" contextid="401" timestamp="2019-07-02T23:30:27.406" />
<gc-end id="406" type="global" contextid="401" durationms="3.505" usertimems="8.000" systemtimems="0.000" timestamp="2019-07-02T23:30:27.406" activeThreads="4">
  <mem-info id="407" free="7858440" total="14090240" percent="55">
    <mem type="tenure" free="7858440" total="14090240" percent="55" micro-fragmented="318284" macro-fragmented="0">
      <mem type="soa" free="7718152" total="13949952" percent="55" />
      <mem type="loa" free="140288" total="140288" percent="100" />
    </mem>
  </mem-info>
</gc-end>
<cycle-end id="408" type="global" contextid="401" timestamp="2019-07-02T23:30:27.406">
  <attribute name="GC Util" value="168" />
  <attribute name="CPU Util" value="6674420752775" />
  <attribute name="Time Running"value="4951"/>
  <attribute name="Number of cores"value="4"/>
</cycle-end>
<allocation-satisfied id="409" threadId="0000000001AB4700" bytesRequested="24" />
<af-end id="410" timestamp="2019-07-02T23:30:27.406" threadId="0000000001AB5088" success="true" />
<exclusive-end id="411" timestamp="2019-07-02T23:30:27.406" durationms="4.094" />

<exclusive-start id="412" timestamp="2019-07-02T23:30:27.420" intervalms="18.026">
  <response-info timems="0.063" idlems="0.063" threads="0" lastid="0000000001AB4700" lastname="main" />
</exclusive-start>
<af-start id="413" threadId="0000000001AB5088" totalBytesRequested="32" timestamp="2019-07-02T23:30:27.420" intervalms="18.032" />
<cycle-start id="414" type="global" contextid="0" timestamp="2019-07-02T23:30:27.420" intervalms="18.024" />
  <attribute name="GC Util" value="168" />
  <attribute name="CPU Util" value="6674420752775" />
  <attribute name="Time Running"value="4951"/>
  <attribute name="Number of cores"value="4"/>
<gc-start id="415" type="global" contextid="414" timestamp="2019-07-02T23:30:27.420">
  <mem-info id="416" free="140288" total="14090240" percent="0">
    <mem type="tenure" free="140288" total="14090240" percent="0">
      <mem type="soa" free="0" total="13949952" percent="0" />
      <mem type="loa" free="140288" total="140288" percent="100" />
    </mem>
  </mem-info>
</gc-start>
<allocation-stats totalBytes="7705568" >
  <allocated-bytes non-tlh="0" tlh="7705568" />
  <largest-consumer threadName="main" threadId="0000000001AB4700" bytes="7705568" />
</allocation-stats>
<gc-op id="417" type="mark" timems="2.947" contextid="414" timestamp="2019-07-02T23:30:27.423">
  <trace-info objectcount="113452" scancount="95105" scanbytes="3355048" />
  <finalization candidates="80" enqueued="0" />
  <ownableSynchronizers candidates="21" cleared="0" />
  <references type="soft" candidates="1539" cleared="11" enqueued="10" dynamicThreshold="17" maxThreshold="32" />
  <references type="weak" candidates="4805" cleared="0" enqueued="0" />
  <references type="phantom" candidates="101" cleared="0" enqueued="0" />
  <stringconstants candidates="11279" cleared="0"  />
</gc-op>
<gc-op id="418" type="sweep" timems="0.422" contextid="414" timestamp="2019-07-02T23:30:27.424" />
<gc-end id="419" type="global" contextid="414" durationms="3.657" usertimems="8.000" systemtimems="0.000" timestamp="2019-07-02T23:30:27.424" activeThreads="4">
  <mem-info id="420" free="7089376" total="14090240" percent="50">
    <mem type="tenure" free="7089376" total="14090240" percent="50" micro-fragmented="495512" macro-fragmented="0">
      <mem type="soa" free="6949088" total="13949952" percent="49" />
      <mem type="loa" free="140288" total="140288" percent="100" />
    </mem>
    <pending-finalizers system="0" default="0" reference="10" classloader="0" />
  </mem-info>
</gc-end>
<cycle-end id="421" type="global" contextid="414" timestamp="2019-07-02T23:30:27.424">
  <attribute name="GC Util" value="163" />
  <attribute name="CPU Util" value="6063452344506" />
  <attribute name="Time Running"value="4969"/>
  <attribute name="Number of cores"value="4"/>
</cycle-end>
<allocation-satisfied id="422" threadId="0000000001AB4700" bytesRequested="32" />
<af-end id="423" timestamp="2019-07-02T23:30:27.424" threadId="0000000001AB5088" success="true" />
<exclusive-end id="424" timestamp="2019-07-02T23:30:27.424" durationms="4.278" />

<exclusive-start id="425" timestamp="2019-07-02T23:30:27.443" intervalms="22.794">
  <response-info timems="0.086" idlems="0.086" threads="0" lastid="0000000001AB4700" lastname="main" />
</exclusive-start>
<af-start id="426" threadId="0000000001AB5088" totalBytesRequested="64" timestamp="2019-07-02T23:30:27.443" intervalms="22.807" />
<cycle-start id="427" type="global" contextid="0" timestamp="2019-07-02T23:30:27.443" intervalms="22.809" />
  <attribute name="GC Util" value="163" />
  <attribute name="CPU Util" value="6063452344506" />
  <attribute name="Time Running"value="4969"/>
  <attribute name="Number of cores"value="4"/>
<gc-start id="428" type="global" contextid="427" timestamp="2019-07-02T23:30:27.443">
  <mem-info id="429" free="140288" total="14090240" percent="0">
    <mem type="tenure" free="140288" total="14090240" percent="0">
      <mem type="soa" free="0" total="13949952" percent="0" />
      <mem type="loa" free="140288" total="140288" percent="100" />
    </mem>
  </mem-info>
</gc-start>
<allocation-stats totalBytes="6903104" >
  <allocated-bytes non-tlh="57472" tlh="6845632" />
  <largest-consumer threadName="main" threadId="0000000001AB4700" bytes="6903104" />
</allocation-stats>
<gc-op id="430" type="mark" timems="3.406" contextid="427" timestamp="2019-07-02T23:30:27.447">
  <trace-info objectcount="117819" scancount="98924" scanbytes="3426188" />
  <finalization candidates="80" enqueued="0" />
  <ownableSynchronizers candidates="21" cleared="0" />
  <references type="soft" candidates="1528" cleared="0" enqueued="0" dynamicThreshold="16" maxThreshold="32" />
  <references type="weak" candidates="4805" cleared="0" enqueued="0" />
  <references type="phantom" candidates="100" cleared="0" enqueued="0" />
  <stringconstants candidates="11279" cleared="0"  />
</gc-op>
<gc-op id="431" type="sweep" timems="0.592" contextid="427" timestamp="2019-07-02T23:30:27.447" />
<heap-resize id="432" type="expand" space="tenure" amount="2424832" count="1" timems="0.074" reason="excessive time being spent in gc" timestamp="2019-07-02T23:30:27.448" />
<gc-end id="433" type="global" contextid="427" durationms="4.550" usertimems="8.000" systemtimems="0.000" timestamp="2019-07-02T23:30:27.448" activeThreads="4">
  <mem-info id="434" free="8743080" total="16515072" percent="52">
    <mem type="tenure" free="8743080" total="16515072" percent="52" micro-fragmented="996527" macro-fragmented="0">
      <mem type="soa" free="8578216" total="16350208" percent="52" />
      <mem type="loa" free="164864" total="164864" percent="100" />
    </mem>
  </mem-info>
</gc-end>
<cycle-end id="435" type="global" contextid="427" timestamp="2019-07-02T23:30:27.448">
  <attribute name="GC Util" value="159" />
  <attribute name="CPU Util" value="5284911007751" />
  <attribute name="Time Running"value="4993"/>
  <attribute name="Number of cores"value="4"/>
</cycle-end>
<allocation-satisfied id="436" threadId="0000000001AB4700" bytesRequested="64" />
<af-end id="437" timestamp="2019-07-02T23:30:27.448" threadId="0000000001AB5088" success="true" />
<exclusive-end id="438" timestamp="2019-07-02T23:30:27.448" durationms="5.223" />

<exclusive-start id="439" timestamp="2019-07-02T23:30:27.534" intervalms="91.362">
  <response-info timems="0.057" idlems="0.057" threads="0" lastid="0000000001AB4700" lastname="main" />
</exclusive-start>
<af-start id="440" threadId="0000000001AB5088" totalBytesRequested="16392" timestamp="2019-07-02T23:30:27.534" intervalms="91.301" />
<cycle-start id="441" type="global" contextid="0" timestamp="2019-07-02T23:30:27.534" intervalms="91.304" />
  <attribute name="GC Util" value="159" />
  <attribute name="CPU Util" value="5284911007751" />
  <attribute name="Time Running"value="4993"/>
  <attribute name="Number of cores"value="4"/>
<gc-start id="442" type="global" contextid="441" timestamp="2019-07-02T23:30:27.534">
  <mem-info id="443" free="99320" total="16515072" percent="0">
    <mem type="tenure" free="99320" total="16515072" percent="0">
      <mem type="soa" free="0" total="16350208" percent="0" />
      <mem type="loa" free="99320" total="164864" percent="60" />
    </mem>
  </mem-info>
</gc-start>
<allocation-stats totalBytes="8492056" >
  <allocated-bytes non-tlh="1490280" tlh="7001776" />
  <largest-consumer threadName="main" threadId="0000000001AB4700" bytes="8492056" />
</allocation-stats>
<gc-op id="444" type="mark" timems="3.425" contextid="441" timestamp="2019-07-02T23:30:27.538">
  <trace-info objectcount="90759" scancount="74467" scanbytes="2430024" />
  <finalization candidates="81" enqueued="1" />
  <ownableSynchronizers candidates="21" cleared="0" />
  <references type="soft" candidates="1553" cleared="0" enqueued="0" dynamicThreshold="16" maxThreshold="32" />
  <references type="weak" candidates="5104" cleared="14" enqueued="14" />
  <references type="phantom" candidates="101" cleared="0" enqueued="0" />
  <stringconstants candidates="11629" cleared="12"  />
</gc-op>
<gc-op id="445" type="classunload" timems="0.003" contextid="441" timestamp="2019-07-02T23:30:27.538">
  <classunload-info classloadercandidates="26" classloadersunloaded="0" classesunloaded="0" anonymousclassesunloaded="0" quiescems="0.000" setupms="0.002" scanms="0.001" postms="0.000" />
</gc-op>
<gc-op id="446" type="sweep" timems="0.311" contextid="441" timestamp="2019-07-02T23:30:27.539" />
<gc-end id="447" type="global" contextid="441" durationms="4.203" usertimems="8.000" systemtimems="0.000" timestamp="2019-07-02T23:30:27.539" activeThreads="4">
  <mem-info id="448" free="11079960" total="16515072" percent="67">
    <mem type="tenure" free="11079960" total="16515072" percent="67" micro-fragmented="194160" macro-fragmented="0">
      <mem type="soa" free="10980640" total="16350208" percent="67" />
      <mem type="loa" free="99320" total="164864" percent="60" />
    </mem>
    <pending-finalizers system="0" default="1" reference="14" classloader="0" />
  </mem-info>
</gc-end>
<cycle-end id="449" type="global" contextid="441" timestamp="2019-07-02T23:30:27.539">
  <attribute name="GC Util" value="125" />
  <attribute name="CPU Util" value="5131901762168" />
  <attribute name="Time Running"value="5084"/>
  <attribute name="Number of cores"value="4"/>
</cycle-end>
<allocation-satisfied id="450" threadId="0000000001AB4700" bytesRequested="16392" />
<af-end id="451" timestamp="2019-07-02T23:30:27.539" threadId="0000000001AB5088" success="true" />
<exclusive-end id="452" timestamp="2019-07-02T23:30:27.539" durationms="4.831" />

<exclusive-start id="453" timestamp="2019-07-02T23:30:27.578" intervalms="43.391">
  <response-info timems="0.056" idlems="0.056" threads="0" lastid="0000000001AB4700" lastname="main" />
</exclusive-start>
<af-start id="454" threadId="0000000001AB5088" totalBytesRequested="32" timestamp="2019-07-02T23:30:27.578" intervalms="43.385" />
<cycle-start id="455" type="global" contextid="0" timestamp="2019-07-02T23:30:27.578" intervalms="43.383" />
  <attribute name="GC Util" value="125" />
  <attribute name="CPU Util" value="5131901762168" />
  <attribute name="Time Running"value="5084"/>
  <attribute name="Number of cores"value="4"/>
<gc-start id="456" type="global" contextid="455" timestamp="2019-07-02T23:30:27.578">
  <mem-info id="457" free="99320" total="16515072" percent="0">
    <mem type="tenure" free="99320" total="16515072" percent="0">
      <mem type="soa" free="0" total="16350208" percent="0" />
      <mem type="loa" free="99320" total="164864" percent="60" />
    </mem>
  </mem-info>
</gc-start>
<allocation-stats totalBytes="10964280" >
  <allocated-bytes non-tlh="890232" tlh="10074048" />
  <largest-consumer threadName="main" threadId="0000000001AB4700" bytes="10958720" />
</allocation-stats>
<gc-op id="458" type="mark" timems="2.607" contextid="455" timestamp="2019-07-02T23:30:27.581">
  <trace-info objectcount="95126" scancount="78522" scanbytes="2621324" />
  <finalization candidates="80" enqueued="0" />
  <ownableSynchronizers candidates="21" cleared="0" />
  <references type="soft" candidates="1577" cleared="0" enqueued="0" dynamicThreshold="21" maxThreshold="32" />
  <references type="weak" candidates="5098" cleared="0" enqueued="0" />
  <references type="phantom" candidates="102" cleared="0" enqueued="0" />
  <stringconstants candidates="11734" cleared="0"  />
</gc-op>
<gc-op id="459" type="sweep" timems="0.293" contextid="455" timestamp="2019-07-02T23:30:27.581" />
<gc-end id="460" type="global" contextid="455" durationms="3.229" usertimems="8.000" systemtimems="0.000" timestamp="2019-07-02T23:30:27.581" activeThreads="4">
  <mem-info id="461" free="10558128" total="16515072" percent="63">
    <mem type="tenure" free="10558128" total="16515072" percent="63" micro-fragmented="306838" macro-fragmented="0">
      <mem type="soa" free="10393264" total="16350208" percent="63" />
      <mem type="loa" free="164864" total="164864" percent="100" />
    </mem>
  </mem-info>
</gc-end>
<cycle-end id="462" type="global" contextid="455" timestamp="2019-07-02T23:30:27.581">
  <attribute name="GC Util" value="165" />
  <attribute name="CPU Util" value="6866434165132" />
  <attribute name="Time Running"value="5127"/>
  <attribute name="Number of cores"value="4"/>
</cycle-end>
<allocation-satisfied id="463" threadId="0000000001AB4700" bytesRequested="32" />
<af-end id="464" timestamp="2019-07-02T23:30:27.581" threadId="0000000001AB5088" success="true" />
<exclusive-end id="465" timestamp="2019-07-02T23:30:27.581" durationms="3.691" />

<exclusive-start id="466" timestamp="2019-07-02T23:30:27.616" intervalms="38.527">
  <response-info timems="0.079" idlems="0.079" threads="0" lastid="0000000001AB4700" lastname="main" />
</exclusive-start>
<af-start id="467" threadId="0000000001AB5088" totalBytesRequested="40" timestamp="2019-07-02T23:30:27.616" intervalms="38.580" />
<cycle-start id="468" type="global" contextid="0" timestamp="2019-07-02T23:30:27.616" intervalms="38.579" />
  <attribute name="GC Util" value="165" />
  <attribute name="CPU Util" value="6866434165132" />
  <attribute name="Time Running"value="5127"/>
  <attribute name="Number of cores"value="4"/>
<gc-start id="469" type="global" contextid="468" timestamp="2019-07-02T23:30:27.616">
  <mem-info id="470" free="164864" total="16515072" percent="0">
    <mem type="tenure" free="164864" total="16515072" percent="0">
      <mem type="soa" free="0" total="16350208" percent="0" />
      <mem type="loa" free="164864" total="164864" percent="100" />
    </mem>
  </mem-info>
</gc-start>
<allocation-stats totalBytes="10382848" >
  <allocated-bytes non-tlh="616680" tlh="9766168" />
  <largest-consumer threadName="main" threadId="0000000001AB4700" bytes="10382848" />
</allocation-stats>
<gc-op id="471" type="mark" timems="2.848" contextid="468" timestamp="2019-07-02T23:30:27.619">
  <trace-info objectcount="110703" scancount="92482" scanbytes="3215828" />
  <finalization candidates="80" enqueued="0" />
  <ownableSynchronizers candidates="21" cleared="0" />
  <references type="soft" candidates="1578" cleared="0" enqueued="0" dynamicThreshold="20" maxThreshold="32" />
  <references type="weak" candidates="5100" cleared="2" enqueued="2" />
  <references type="phantom" candidates="102" cleared="0" enqueued="0" />
  <stringconstants candidates="11757" cleared="0"  />
</gc-op>
<gc-op id="472" type="sweep" timems="0.403" contextid="468" timestamp="2019-07-02T23:30:27.620" />
<gc-end id="473" type="global" contextid="468" durationms="3.627" usertimems="8.000" systemtimems="0.000" timestamp="2019-07-02T23:30:27.620" activeThreads="4">
  <mem-info id="474" free="9275728" total="16515072" percent="56">
    <mem type="tenure" free="9275728" total="16515072" percent="56" micro-fragmented="637630" macro-fragmented="0">
      <mem type="soa" free="9110864" total="16350208" percent="55" />
      <mem type="loa" free="164864" total="164864" percent="100" />
    </mem>
    <pending-finalizers system="0" default="0" reference="2" classloader="0" />
  </mem-info>
</gc-end>
<cycle-end id="475" type="global" contextid="468" timestamp="2019-07-02T23:30:27.620">
  <attribute name="GC Util" value="175" />
  <attribute name="CPU Util" value="6281947484944" />
  <attribute name="Time Running"value="5165"/>
  <attribute name="Number of cores"value="4"/>
</cycle-end>
<allocation-satisfied id="476" threadId="0000000001AB4700" bytesRequested="40" />
<af-end id="477" timestamp="2019-07-02T23:30:27.620" threadId="0000000001AB5088" success="true" />
<exclusive-end id="478" timestamp="2019-07-02T23:30:27.620" durationms="4.300" />

<exclusive-start id="479" timestamp="2019-07-02T23:30:27.635" intervalms="18.726">
  <response-info timems="0.080" idlems="0.080" threads="0" lastid="0000000001AB4700" lastname="main" />
</exclusive-start>
<af-start id="480" threadId="0000000001AB5088" totalBytesRequested="57864" timestamp="2019-07-02T23:30:27.635" intervalms="18.715" />
<cycle-start id="481" type="global" contextid="0" timestamp="2019-07-02T23:30:27.635" intervalms="18.712" />
  <attribute name="GC Util" value="175" />
  <attribute name="CPU Util" value="6281947484944" />
  <attribute name="Time Running"value="5165"/>
  <attribute name="Number of cores"value="4"/>
<gc-start id="482" type="global" contextid="481" timestamp="2019-07-02T23:30:27.635">
  <mem-info id="483" free="3953248" total="16515072" percent="23">
    <mem type="tenure" free="3953248" total="16515072" percent="23">
      <mem type="soa" free="3788384" total="16350208" percent="23" />
      <mem type="loa" free="164864" total="164864" percent="100" />
    </mem>
  </mem-info>
</gc-start>
<allocation-stats totalBytes="5280464" >
  <allocated-bytes non-tlh="255160" tlh="5025304" />
  <largest-consumer threadName="main" threadId="0000000001AB4700" bytes="5280464" />
</allocation-stats>
<gc-op id="484" type="mark" timems="2.482" contextid="481" timestamp="2019-07-02T23:30:27.638">
  <trace-info objectcount="93548" scancount="77030" scanbytes="2544508" />
  <finalization candidates="80" enqueued="0" />
  <ownableSynchronizers candidates="21" cleared="0" />
  <references type="soft" candidates="1578" cleared="106" enqueued="105" dynamicThreshold="17" maxThreshold="32" />
  <references type="weak" candidates="5098" cleared="0" enqueued="0" />
  <references type="phantom" candidates="101" cleared="0" enqueued="0" />
  <stringconstants candidates="11757" cleared="0"  />
</gc-op>
<gc-op id="485" type="sweep" timems="0.290" contextid="481" timestamp="2019-07-02T23:30:27.638" />
<heap-resize id="486" type="contract" space="tenure" amount="65536" count="1" timems="0.021" reason="excess free space following gc" timestamp="2019-07-02T23:30:27.638" />
<gc-end id="487" type="global" contextid="481" durationms="3.264" usertimems="8.000" systemtimems="0.000" timestamp="2019-07-02T23:30:27.638" activeThreads="4">
  <mem-info id="488" free="10659696" total="16449536" percent="64">
    <mem type="tenure" free="10659696" total="16449536" percent="64" micro-fragmented="250647" macro-fragmented="0">
      <mem type="soa" free="10560368" total="16285696" percent="64" />
      <mem type="loa" free="99328" total="163840" percent="60" />
    </mem>
    <pending-finalizers system="0" default="0" reference="105" classloader="0" />
  </mem-info>
</gc-end>
<cycle-end id="489" type="global" contextid="481" timestamp="2019-07-02T23:30:27.638">
  <attribute name="GC Util" value="173" />
  <attribute name="CPU Util" value="7165860108753" />
  <attribute name="Time Running"value="5184"/>
  <attribute name="Number of cores"value="4"/>
</cycle-end>
<allocation-satisfied id="490" threadId="0000000001AB4700" bytesRequested="57864" />
<af-end id="491" timestamp="2019-07-02T23:30:27.639" threadId="0000000001AB5088" success="true" />
<exclusive-end id="492" timestamp="2019-07-02T23:30:27.639" durationms="3.904" />

<exclusive-start id="493" timestamp="2019-07-02T23:30:27.687" intervalms="52.141">
  <response-info timems="0.070" idlems="0.070" threads="0" lastid="0000000001AB4700" lastname="main" />
</exclusive-start>
<af-start id="494" threadId="0000000001AB5088" totalBytesRequested="24" timestamp="2019-07-02T23:30:27.687" intervalms="52.106" />
<cycle-start id="495" type="global" contextid="0" timestamp="2019-07-02T23:30:27.687" intervalms="52.115" />
  <attribute name="GC Util" value="173" />
  <attribute name="CPU Util" value="7165860108753" />
  <attribute name="Time Running"value="5184"/>
  <attribute name="Number of cores"value="4"/>
<gc-start id="496" type="global" contextid="495" timestamp="2019-07-02T23:30:27.687">
  <mem-info id="497" free="99328" total="16449536" percent="0">
    <mem type="tenure" free="99328" total="16449536" percent="0">
      <mem type="soa" free="0" total="16285696" percent="0" />
      <mem type="loa" free="99328" total="163840" percent="60" />
    </mem>
  </mem-info>
</gc-start>
<allocation-stats totalBytes="10584752" >
  <allocated-bytes non-tlh="985376" tlh="9599376" />
  <largest-consumer threadName="main" threadId="0000000001AB4700" bytes="10584752" />
</allocation-stats>
<gc-op id="498" type="mark" timems="3.970" contextid="495" timestamp="2019-07-02T23:30:27.691">
  <trace-info objectcount="100398" scancount="83001" scanbytes="2751692" />
  <finalization candidates="80" enqueued="0" />
  <ownableSynchronizers candidates="21" cleared="0" />
  <references type="soft" candidates="1568" cleared="0" enqueued="0" dynamicThreshold="20" maxThreshold="32" />
  <references type="weak" candidates="5313" cleared="10" enqueued="10" />
  <references type="phantom" candidates="101" cleared="0" enqueued="0" />
  <stringconstants candidates="12223" cleared="64"  />
</gc-op>
<gc-op id="499" type="classunload" timems="0.390" contextid="495" timestamp="2019-07-02T23:30:27.692">
  <classunload-info classloadercandidates="32" classloadersunloaded="2" classesunloaded="2" anonymousclassesunloaded="0" quiescems="0.000" setupms="0.378" scanms="0.009" postms="0.003" />
</gc-op>
<gc-op id="500" type="sweep" timems="0.387" contextid="495" timestamp="2019-07-02T23:30:27.692" />
<heap-resize id="501" type="contract" space="tenure" amount="131072" count="1" timems="0.104" reason="excess free space following gc" timestamp="2019-07-02T23:30:27.693" />
<gc-end id="502" type="global" contextid="495" durationms="5.405" usertimems="12.000" systemtimems="0.000" timestamp="2019-07-02T23:30:27.693" activeThreads="4">
  <mem-info id="503" free="10134904" total="16318464" percent="62">
    <mem type="tenure" free="10134904" total="16318464" percent="62" micro-fragmented="394121" macro-fragmented="0">
      <mem type="soa" free="10134904" total="16155648" percent="62" />
      <mem type="loa" free="0" total="162816" percent="0" />
    </mem>
    <pending-finalizers system="0" default="0" reference="10" classloader="0" />
  </mem-info>
</gc-end>
<cycle-end id="504" type="global" contextid="495" timestamp="2019-07-02T23:30:27.693">
  <attribute name="GC Util" value="127" />
  <attribute name="CPU Util" value="4061622506405" />
  <attribute name="Time Running"value="5238"/>
  <attribute name="Number of cores"value="4"/>
</cycle-end>
<allocation-satisfied id="505" threadId="0000000001AB4700" bytesRequested="24" />
<af-end id="506" timestamp="2019-07-02T23:30:27.693" threadId="0000000001AB5088" success="true" />
<exclusive-end id="507" timestamp="2019-07-02T23:30:27.693" durationms="5.905" />

<exclusive-start id="508" timestamp="2019-07-02T23:30:27.732" intervalms="44.845">
  <response-info timems="0.010" idlems="0.010" threads="0" lastid="0000000001AB4700" lastname="main" />
</exclusive-start>
<af-start id="509" threadId="0000000001AB5088" totalBytesRequested="16" timestamp="2019-07-02T23:30:27.732" intervalms="44.847" />
<cycle-start id="510" type="global" contextid="0" timestamp="2019-07-02T23:30:27.732" intervalms="44.803" />
  <attribute name="GC Util" value="127" />
  <attribute name="CPU Util" value="4061622506405" />
  <attribute name="Time Running"value="5238"/>
  <attribute name="Number of cores"value="4"/>
<gc-start id="511" type="global" contextid="510" timestamp="2019-07-02T23:30:27.732">
  <mem-info id="512" free="0" total="16318464" percent="0">
    <mem type="tenure" free="0" total="16318464" percent="0">
      <mem type="soa" free="0" total="16155648" percent="0" />
      <mem type="loa" free="0" total="162816" percent="0" />
    </mem>
  </mem-info>
</gc-start>
<allocation-stats totalBytes="10112528" >
  <allocated-bytes non-tlh="701984" tlh="9410544" />
  <largest-consumer threadName="main" threadId="0000000001AB4700" bytes="10112528" />
</allocation-stats>
<gc-op id="513" type="mark" timems="2.702" contextid="510" timestamp="2019-07-02T23:30:27.735">
  <trace-info objectcount="103207" scancount="85658" scanbytes="2855476" />
  <finalization candidates="80" enqueued="0" />
  <ownableSynchronizers candidates="21" cleared="0" />
  <references type="soft" candidates="1571" cleared="0" enqueued="0" dynamicThreshold="19" maxThreshold="32" />
  <references type="weak" candidates="5318" cleared="0" enqueued="0" />
  <references type="phantom" candidates="101" cleared="0" enqueued="0" />
  <stringconstants candidates="12229" cleared="0"  />
</gc-op>
<gc-op id="514" type="sweep" timems="0.347" contextid="510" timestamp="2019-07-02T23:30:27.735" />
<heap-resize id="515" type="contract" space="tenure" amount="131072" count="1" timems="0.090" reason="excess free space following gc" timestamp="2019-07-02T23:30:27.735" />
<gc-end id="516" type="global" contextid="510" durationms="3.484" usertimems="8.000" systemtimems="0.000" timestamp="2019-07-02T23:30:27.735" activeThreads="4">
  <mem-info id="517" free="9829992" total="16187392" percent="60">
    <mem type="tenure" free="9829992" total="16187392" percent="60" micro-fragmented="398680" macro-fragmented="0">
      <mem type="soa" free="9829992" total="16025600" percent="61" />
      <mem type="loa" free="0" total="161792" percent="0" />
    </mem>
  </mem-info>
</gc-end>
<cycle-end id="518" type="global" contextid="510" timestamp="2019-07-02T23:30:27.736">
  <attribute name="GC Util" value="179" />
  <attribute name="CPU Util" value="6733572857580" />
  <attribute name="Time Running"value="5281"/>
  <attribute name="Number of cores"value="4"/>
</cycle-end>
<allocation-satisfied id="519" threadId="0000000001AB4700" bytesRequested="16" />
<af-end id="520" timestamp="2019-07-02T23:30:27.736" threadId="0000000001AB5088" success="true" />
<exclusive-end id="521" timestamp="2019-07-02T23:30:27.736" durationms="4.018" />

<exclusive-start id="522" timestamp="2019-07-02T23:30:27.768" intervalms="36.137">
  <response-info timems="0.007" idlems="0.007" threads="0" lastid="0000000001AB4700" lastname="main" />
</exclusive-start>
<af-start id="523" threadId="0000000001AB5088" totalBytesRequested="200008" timestamp="2019-07-02T23:30:27.768" intervalms="36.132" />
<cycle-start id="524" type="global" contextid="0" timestamp="2019-07-02T23:30:27.768" intervalms="36.127" />
  <attribute name="GC Util" value="179" />
  <attribute name="CPU Util" value="6733572857580" />
  <attribute name="Time Running"value="5281"/>
  <attribute name="Number of cores"value="4"/>
<gc-start id="525" type="global" contextid="524" timestamp="2019-07-02T23:30:27.768">
  <mem-info id="526" free="2587160" total="16187392" percent="15">
    <mem type="tenure" free="2587160" total="16187392" percent="15">
      <mem type="soa" free="2587160" total="16025600" percent="16" />
      <mem type="loa" free="0" total="161792" percent="0" />
    </mem>
  </mem-info>
</gc-start>
<allocation-stats totalBytes="7219704" >
  <allocated-bytes non-tlh="872224" tlh="6347480" />
  <largest-consumer threadName="main" threadId="0000000001AB4700" bytes="7219704" />
</allocation-stats>
<heap-resize id="527" type="loa expand" space="tenure" amount="161792" count="1" timems="0.090" reason="expand on failed allocate" timestamp="2019-07-02T23:30:27.768" />
<gc-op id="528" type="mark" timems="3.658" contextid="524" timestamp="2019-07-02T23:30:27.772">
  <trace-info objectcount="97559" scancount="80512" scanbytes="2611312" />
  <finalization candidates="80" enqueued="0" />
  <ownableSynchronizers candidates="21" cleared="0" />
  <references type="soft" candidates="1607" cleared="75" enqueued="74" dynamicThreshold="19" maxThreshold="32" />
  <references type="weak" candidates="5377" cleared="3" enqueued="3" />
  <references type="phantom" candidates="101" cleared="0" enqueued="0" />
  <stringconstants candidates="12377" cleared="12"  />
</gc-op>
<gc-op id="529" type="classunload" timems="0.004" contextid="524" timestamp="2019-07-02T23:30:27.772">
  <classunload-info classloadercandidates="36" classloadersunloaded="0" classesunloaded="0" anonymousclassesunloaded="0" quiescems="0.000" setupms="0.003" scanms="0.001" postms="0.000" />
</gc-op>
<gc-op id="530" type="sweep" timems="0.323" contextid="524" timestamp="2019-07-02T23:30:27.772" />
<mem-info id="531" free="10464712" total="16187392" percent="64">
  <mem type="tenure" free="10464712" total="16187392" percent="64" micro-fragmented="331814" macro-fragmented="0">
    <mem type="soa" free="10277064" total="15863808" percent="64" />
    <mem type="loa" free="187648" total="323584" percent="57" />
  </mem>
  <pending-finalizers system="0" default="0" reference="77" classloader="0" />
</mem-info>
<gc-op id="532" type="compact" timems="22.741" contextid="524" timestamp="2019-07-02T23:30:27.795">
  <compact-info movecount="96263" movebytes="5133400" reason="compact to aid heap contraction" />
</gc-op>
<heap-resize id="533" type="contract" space="tenure" amount="65536" count="1" timems="0.073" reason="excess free space following gc" timestamp="2019-07-02T23:30:27.795" />
<gc-end id="534" type="global" contextid="524" durationms="27.442" usertimems="36.000" systemtimems="0.000" timestamp="2019-07-02T23:30:27.796" activeThreads="4">
  <mem-info id="535" free="10679824" total="16121856" percent="66">
    <mem type="tenure" free="10679824" total="16121856" percent="66">
      <mem type="soa" free="10421776" total="15800320" percent="65" />
      <mem type="loa" free="258048" total="321536" percent="80" />
    </mem>
    <pending-finalizers system="0" default="0" reference="77" classloader="0" />
  </mem-info>
</gc-end>
<cycle-end id="536" type="global" contextid="524" timestamp="2019-07-02T23:30:27.796">
  <attribute name="GC Util" value="12" />
  <attribute name="CPU Util" value="39858480756231" />
  <attribute name="Time Running"value="5318"/>
  <attribute name="Number of cores"value="4"/>
</cycle-end>
<allocation-satisfied id="537" threadId="0000000001AB4700" bytesRequested="200008" />
<af-end id="538" timestamp="2019-07-02T23:30:27.796" threadId="0000000001AB5088" success="true" />
<exclusive-end id="539" timestamp="2019-07-02T23:30:27.796" durationms="28.003" />

<exclusive-start id="540" timestamp="2019-07-02T23:30:27.812" intervalms="43.597">
  <response-info timems="0.080" idlems="0.080" threads="0" lastid="0000000001AB4700" lastname="main" />
</exclusive-start>
<af-start id="541" threadId="0000000001AB5088" totalBytesRequested="32" timestamp="2019-07-02T23:30:27.812" intervalms="43.643" />
<cycle-start id="542" type="global" contextid="0" timestamp="2019-07-02T23:30:27.812" intervalms="43.679" />
  <attribute name="GC Util" value="12" />
  <attribute name="CPU Util" value="39858480756231" />
  <attribute name="Time Running"value="5318"/>
  <attribute name="Number of cores"value="4"/>
<gc-start id="543" type="global" contextid="542" timestamp="2019-07-02T23:30:27.812">
  <mem-info id="544" free="258048" total="16121856" percent="1">
    <mem type="tenure" free="258048" total="16121856" percent="1">
      <mem type="soa" free="0" total="15800320" percent="0" />
      <mem type="loa" free="258048" total="321536" percent="80" />
    </mem>
  </mem-info>
</gc-start>
<allocation-stats totalBytes="10620696" >
  <allocated-bytes non-tlh="200584" tlh="10420112" />
  <largest-consumer threadName="main" threadId="0000000001AB4700" bytes="10616600" />
</allocation-stats>
<gc-op id="545" type="mark" timems="2.803" contextid="542" timestamp="2019-07-02T23:30:27.815">
  <trace-info objectcount="114497" scancount="95839" scanbytes="3326804" />
  <finalization candidates="80" enqueued="0" />
  <ownableSynchronizers candidates="21" cleared="0" />
  <references type="soft" candidates="1532" cleared="0" enqueued="0" dynamicThreshold="21" maxThreshold="32" />
  <references type="weak" candidates="5373" cleared="0" enqueued="0" />
  <references type="phantom" candidates="101" cleared="0" enqueued="0" />
  <stringconstants candidates="12377" cleared="8"  />
</gc-op>
<gc-op id="546" type="sweep" timems="0.401" contextid="542" timestamp="2019-07-02T23:30:27.815" />
<gc-end id="547" type="global" contextid="542" durationms="3.588" usertimems="8.000" systemtimems="0.000" timestamp="2019-07-02T23:30:27.815" activeThreads="4">
  <mem-info id="548" free="9700080" total="16121856" percent="60">
    <mem type="tenure" free="9700080" total="16121856" percent="60" micro-fragmented="102264" macro-fragmented="0">
      <mem type="soa" free="9378544" total="15800320" percent="59" />
      <mem type="loa" free="321536" total="321536" percent="100" />
    </mem>
  </mem-info>
</gc-end>
<cycle-end id="549" type="global" contextid="542" timestamp="2019-07-02T23:30:27.815">
  <attribute name="GC Util" value="173" />
  <attribute name="CPU Util" value="6405998059501" />
  <attribute name="Time Running"value="5361"/>
  <attribute name="Number of cores"value="4"/>
</cycle-end>
<allocation-satisfied id="550" threadId="0000000001AB4700" bytesRequested="32" />
<af-end id="551" timestamp="2019-07-02T23:30:27.816" threadId="0000000001AB5088" success="true" />
<exclusive-end id="552" timestamp="2019-07-02T23:30:27.816" durationms="4.235" />

<exclusive-start id="553" timestamp="2019-07-02T23:30:27.830" intervalms="18.542">
  <response-info timems="0.073" idlems="0.073" threads="0" lastid="0000000001AB4700" lastname="main" />
</exclusive-start>
<af-start id="554" threadId="0000000001AB5088" totalBytesRequested="28728" timestamp="2019-07-02T23:30:27.830" intervalms="18.533" />
<cycle-start id="555" type="global" contextid="0" timestamp="2019-07-02T23:30:27.830" intervalms="18.538" />
  <attribute name="GC Util" value="173" />
  <attribute name="CPU Util" value="6405998059501" />
  <attribute name="Time Running"value="5361"/>
  <attribute name="Number of cores"value="4"/>
<gc-start id="556" type="global" contextid="555" timestamp="2019-07-02T23:30:27.830">
  <mem-info id="557" free="1230120" total="16121856" percent="7">
    <mem type="tenure" free="1230120" total="16121856" percent="7">
      <mem type="soa" free="908584" total="15800320" percent="5" />
      <mem type="loa" free="321536" total="321536" percent="100" />
    </mem>
  </mem-info>
</gc-start>
<allocation-stats totalBytes="8443792" >
  <allocated-bytes non-tlh="8200" tlh="8435592" />
  <largest-consumer threadName="main" threadId="0000000001AB4700" bytes="8443792" />
</allocation-stats>
<gc-op id="558" type="mark" timems="2.503" contextid="555" timestamp="2019-07-02T23:30:27.833">
  <trace-info objectcount="98770" scancount="81273" scanbytes="2649792" />
  <finalization candidates="80" enqueued="0" />
  <ownableSynchronizers candidates="21" cleared="0" />
  <references type="soft" candidates="1532" cleared="3" enqueued="2" dynamicThreshold="19" maxThreshold="32" />
  <references type="weak" candidates="5373" cleared="1" enqueued="1" />
  <references type="phantom" candidates="100" cleared="0" enqueued="0" />
  <stringconstants candidates="12369" cleared="12"  />
</gc-op>
<gc-op id="559" type="sweep" timems="0.309" contextid="555" timestamp="2019-07-02T23:30:27.833" />
<heap-resize id="560" type="contract" space="tenure" amount="262144" count="1" timems="0.038" reason="excess free space following gc" timestamp="2019-07-02T23:30:27.834" />
<gc-end id="561" type="global" contextid="555" durationms="3.263" usertimems="8.000" systemtimems="0.000" timestamp="2019-07-02T23:30:27.834" activeThreads="4">
  <mem-info id="562" free="10443024" total="15859712" percent="65">
    <mem type="tenure" free="10443024" total="15859712" percent="65" micro-fragmented="50716" macro-fragmented="0">
      <mem type="soa" free="10186000" total="15543296" percent="65" />
      <mem type="loa" free="257024" total="316416" percent="81" />
    </mem>
    <pending-finalizers system="0" default="0" reference="3" classloader="0" />
  </mem-info>
</gc-end>
<cycle-end id="563" type="global" contextid="555" timestamp="2019-07-02T23:30:27.834">
  <attribute name="GC Util" value="171" />
  <attribute name="CPU Util" value="7134641507180" />
  <attribute name="Time Running"value="5379"/>
  <attribute name="Number of cores"value="4"/>
</cycle-end>
<allocation-satisfied id="564" threadId="0000000001AB4700" bytesRequested="28728" />
<af-end id="565" timestamp="2019-07-02T23:30:27.834" threadId="0000000001AB5088" success="true" />
<exclusive-end id="566" timestamp="2019-07-02T23:30:27.834" durationms="3.742" />

<exclusive-start id="567" timestamp="2019-07-02T23:30:27.858" intervalms="28.043">
  <response-info timems="0.071" idlems="0.071" threads="0" lastid="0000000001AB4700" lastname="main" />
</exclusive-start>
<af-start id="568" threadId="0000000001AB5088" totalBytesRequested="24" timestamp="2019-07-02T23:30:27.858" intervalms="28.063" />
<cycle-start id="569" type="global" contextid="0" timestamp="2019-07-02T23:30:27.858" intervalms="28.069" />
  <attribute name="GC Util" value="171" />
  <attribute name="CPU Util" value="7134641507180" />
  <attribute name="Time Running"value="5379"/>
  <attribute name="Number of cores"value="4"/>
<gc-start id="570" type="global" contextid="569" timestamp="2019-07-02T23:30:27.858">
  <mem-info id="571" free="257024" total="15859712" percent="1">
    <mem type="tenure" free="257024" total="15859712" percent="1">
      <mem type="soa" free="0" total="15543296" percent="0" />
      <mem type="loa" free="257024" total="316416" percent="81" />
    </mem>
  </mem-info>
</gc-start>
<allocation-stats totalBytes="10210488" >
  <allocated-bytes non-tlh="545728" tlh="9664760" />
  <largest-consumer threadName="main" threadId="0000000001AB4700" bytes="10209608" />
</allocation-stats>
<gc-op id="572" type="mark" timems="2.937" contextid="569" timestamp="2019-07-02T23:30:27.862">
  <trace-info objectcount="117721" scancount="98602" scanbytes="3387832" />
  <finalization candidates="80" enqueued="0" />
  <ownableSynchronizers candidates="21" cleared="0" />
  <references type="soft" candidates="1530" cleared="0" enqueued="0" dynamicThreshold="21" maxThreshold="32" />
  <references type="weak" candidates="5373" cleared="0" enqueued="0" />
  <references type="phantom" candidates="101" cleared="0" enqueued="0" />
  <stringconstants candidates="12380" cleared="0"  />
</gc-op>
<gc-op id="573" type="sweep" timems="0.420" contextid="569" timestamp="2019-07-02T23:30:27.862" />
<gc-end id="574" type="global" contextid="569" durationms="3.728" usertimems="8.000" systemtimems="0.000" timestamp="2019-07-02T23:30:27.862" activeThreads="4">
  <mem-info id="575" free="9076576" total="15859712" percent="57">
    <mem type="tenure" free="9076576" total="15859712" percent="57" micro-fragmented="247889" macro-fragmented="0">
      <mem type="soa" free="8760160" total="15543296" percent="56" />
      <mem type="loa" free="316416" total="316416" percent="100" />
    </mem>
  </mem-info>
</gc-end>
<cycle-end id="576" type="global" contextid="569" timestamp="2019-07-02T23:30:27.862">
  <attribute name="GC Util" value="172" />
  <attribute name="CPU Util" value="6121291332828" />
  <attribute name="Time Running"value="5408"/>
  <attribute name="Number of cores"value="4"/>
</cycle-end>
<allocation-satisfied id="577" threadId="0000000001AB4700" bytesRequested="24" />
<af-end id="578" timestamp="2019-07-02T23:30:27.862" threadId="0000000001AB5088" success="true" />
<exclusive-end id="579" timestamp="2019-07-02T23:30:27.863" durationms="4.415" />

<exclusive-start id="580" timestamp="2019-07-02T23:30:27.884" intervalms="25.851">
  <response-info timems="0.009" idlems="0.009" threads="0" lastid="0000000001AB4700" lastname="main" />
</exclusive-start>
<af-start id="581" threadId="0000000001AB5088" totalBytesRequested="24" timestamp="2019-07-02T23:30:27.884" intervalms="25.839" />
<cycle-start id="582" type="global" contextid="0" timestamp="2019-07-02T23:30:27.884" intervalms="25.834" />
  <attribute name="GC Util" value="172" />
  <attribute name="CPU Util" value="6121291332828" />
  <attribute name="Time Running"value="5408"/>
  <attribute name="Number of cores"value="4"/>
<gc-start id="583" type="global" contextid="582" timestamp="2019-07-02T23:30:27.884">
  <mem-info id="584" free="116408" total="15859712" percent="0">
    <mem type="tenure" free="116408" total="15859712" percent="0">
      <mem type="soa" free="0" total="15543296" percent="0" />
      <mem type="loa" free="116408" total="316416" percent="36" />
    </mem>
  </mem-info>
</gc-start>
<allocation-stats totalBytes="8926128" >
  <allocated-bytes non-tlh="690920" tlh="8235208" />
  <largest-consumer threadName="main" threadId="0000000001AB4700" bytes="8926128" />
</allocation-stats>
<gc-op id="585" type="mark" timems="3.266" contextid="582" timestamp="2019-07-02T23:30:27.888">
  <trace-info objectcount="103381" scancount="85763" scanbytes="2859452" />
  <finalization candidates="80" enqueued="0" />
  <ownableSynchronizers candidates="21" cleared="0" />
  <references type="soft" candidates="1531" cleared="30" enqueued="28" dynamicThreshold="18" maxThreshold="32" />
  <references type="weak" candidates="5389" cleared="0" enqueued="0" />
  <references type="phantom" candidates="101" cleared="0" enqueued="0" />
  <stringconstants candidates="12385" cleared="0"  />
</gc-op>
<gc-op id="586" type="sweep" timems="0.430" contextid="582" timestamp="2019-07-02T23:30:27.888" />
<heap-resize id="587" type="contract" space="tenure" amount="65536" count="1" timems="0.084" reason="excess free space following gc" timestamp="2019-07-02T23:30:27.888" />
<gc-end id="588" type="global" contextid="582" durationms="4.253" usertimems="12.000" systemtimems="0.000" timestamp="2019-07-02T23:30:27.889" activeThreads="4">
  <mem-info id="589" free="9890528" total="15794176" percent="62">
    <mem type="tenure" free="9890528" total="15794176" percent="62" micro-fragmented="110123" macro-fragmented="0">
      <mem type="soa" free="9890528" total="15478784" percent="63" />
      <mem type="loa" free="0" total="315392" percent="0" />
    </mem>
    <pending-finalizers system="0" default="0" reference="28" classloader="0" />
  </mem-info>
</gc-end>
<cycle-end id="590" type="global" contextid="582" timestamp="2019-07-02T23:30:27.889">
  <attribute name="GC Util" value="165" />
  <attribute name="CPU Util" value="5506066708793" />
  <attribute name="Time Running"value="5434"/>
  <attribute name="Number of cores"value="4"/>
</cycle-end>
<allocation-satisfied id="591" threadId="0000000001AB4700" bytesRequested="24" />
<af-end id="592" timestamp="2019-07-02T23:30:27.889" threadId="0000000001AB5088" success="true" />
<exclusive-end id="593" timestamp="2019-07-02T23:30:27.889" durationms="4.898" />

<exclusive-start id="594" timestamp="2019-07-02T23:30:27.901" intervalms="16.999">
  <response-info timems="0.070" idlems="0.070" threads="0" lastid="0000000001AB4700" lastname="main" />
</exclusive-start>
<af-start id="595" threadId="0000000001AB5088" totalBytesRequested="280" timestamp="2019-07-02T23:30:27.901" intervalms="17.001" />
<cycle-start id="596" type="global" contextid="0" timestamp="2019-07-02T23:30:27.901" intervalms="16.957" />
  <attribute name="GC Util" value="165" />
  <attribute name="CPU Util" value="5506066708793" />
  <attribute name="Time Running"value="5434"/>
  <attribute name="Number of cores"value="4"/>
<gc-start id="597" type="global" contextid="596" timestamp="2019-07-02T23:30:27.901">
  <mem-info id="598" free="0" total="15794176" percent="0">
    <mem type="tenure" free="0" total="15794176" percent="0">
      <mem type="soa" free="0" total="15478784" percent="0" />
      <mem type="loa" free="0" total="315392" percent="0" />
    </mem>
  </mem-info>
</gc-start>
<allocation-stats totalBytes="9884960" >
  <allocated-bytes non-tlh="0" tlh="9884960" />
  <largest-consumer threadName="main" threadId="0000000001AB4700" bytes="9884960" />
</allocation-stats>
<gc-op id="599" type="mark" timems="2.742" contextid="596" timestamp="2019-07-02T23:30:27.904">
  <trace-info objectcount="109027" scancount="91263" scanbytes="3030688" />
  <finalization candidates="80" enqueued="0" />
  <ownableSynchronizers candidates="21" cleared="0" />
  <references type="soft" candidates="1501" cleared="0" enqueued="0" dynamicThreshold="20" maxThreshold="32" />
  <references type="weak" candidates="5389" cleared="0" enqueued="0" />
  <references type="phantom" candidates="100" cleared="0" enqueued="0" />
  <stringconstants candidates="12385" cleared="0"  />
</gc-op>
<gc-op id="600" type="sweep" timems="0.393" contextid="596" timestamp="2019-07-02T23:30:27.905" />
<gc-end id="601" type="global" contextid="596" durationms="3.501" usertimems="8.000" systemtimems="0.000" timestamp="2019-07-02T23:30:27.905" activeThreads="4">
  <mem-info id="602" free="9696288" total="15794176" percent="61">
    <mem type="tenure" free="9696288" total="15794176" percent="61" micro-fragmented="292457" macro-fragmented="0">
      <mem type="soa" free="9405792" total="15478784" percent="60" />
      <mem type="loa" free="290496" total="315392" percent="92" />
    </mem>
  </mem-info>
</gc-end>
<cycle-end id="603" type="global" contextid="596" timestamp="2019-07-02T23:30:27.905">
  <attribute name="GC Util" value="173" />
  <attribute name="CPU Util" value="6525395178975" />
  <attribute name="Time Running"value="5450"/>
  <attribute name="Number of cores"value="4"/>
</cycle-end>
<allocation-satisfied id="604" threadId="0000000001AB4700" bytesRequested="280" />
<af-end id="605" timestamp="2019-07-02T23:30:27.905" threadId="0000000001AB5088" success="true" />
<exclusive-end id="606" timestamp="2019-07-02T23:30:27.905" durationms="3.961" />

<exclusive-start id="607" timestamp="2019-07-02T23:30:27.924" intervalms="23.398">
  <response-info timems="0.009" idlems="0.009" threads="0" lastid="0000000001AB4700" lastname="main" />
</exclusive-start>
<af-start id="608" threadId="0000000001AB5088" totalBytesRequested="32" timestamp="2019-07-02T23:30:27.924" intervalms="23.409" />
<cycle-start id="609" type="global" contextid="0" timestamp="2019-07-02T23:30:27.925" intervalms="23.472" />
  <attribute name="GC Util" value="173" />
  <attribute name="CPU Util" value="6525395178975" />
  <attribute name="Time Running"value="5450"/>
  <attribute name="Number of cores"value="4"/>
<gc-start id="610" type="global" contextid="609" timestamp="2019-07-02T23:30:27.925">
  <mem-info id="611" free="90488" total="15794176" percent="0">
    <mem type="tenure" free="90488" total="15794176" percent="0">
      <mem type="soa" free="0" total="15478784" percent="0" />
      <mem type="loa" free="90488" total="315392" percent="28" />
    </mem>
  </mem-info>
</gc-start>
<allocation-stats totalBytes="9582456" >
  <allocated-bytes non-tlh="617480" tlh="8964976" />
  <largest-consumer threadName="main" threadId="0000000001AB4700" bytes="9582456" />
</allocation-stats>
<gc-op id="612" type="mark" timems="2.843" contextid="609" timestamp="2019-07-02T23:30:27.928">
  <trace-info objectcount="111416" scancount="92968" scanbytes="3163248" />
  <finalization candidates="80" enqueued="0" />
  <ownableSynchronizers candidates="21" cleared="0" />
  <references type="soft" candidates="1502" cleared="5" enqueued="5" dynamicThreshold="19" maxThreshold="32" />
  <references type="weak" candidates="5393" cleared="0" enqueued="0" />
  <references type="phantom" candidates="101" cleared="0" enqueued="0" />
  <stringconstants candidates="12398" cleared="0"  />
</gc-op>
<gc-op id="613" type="sweep" timems="0.399" contextid="609" timestamp="2019-07-02T23:30:27.928" />
<heap-resize id="614" type="expand" space="tenure" amount="1048576" count="1" timems="0.037" reason="excessive time being spent in gc" timestamp="2019-07-02T23:30:27.928" />
<gc-end id="615" type="global" contextid="609" durationms="3.693" usertimems="8.000" systemtimems="0.000" timestamp="2019-07-02T23:30:27.928" activeThreads="4">
  <mem-info id="616" free="10460064" total="16842752" percent="62">
    <mem type="tenure" free="10460064" total="16842752" percent="62" micro-fragmented="287173" macro-fragmented="0">
      <mem type="soa" free="10124192" total="16506880" percent="61" />
      <mem type="loa" free="335872" total="335872" percent="100" />
    </mem>
    <pending-finalizers system="0" default="0" reference="5" classloader="0" />
  </mem-info>
</gc-end>
<cycle-end id="617" type="global" contextid="609" timestamp="2019-07-02T23:30:27.928">
  <attribute name="GC Util" value="165" />
  <attribute name="CPU Util" value="6299839944887" />
  <attribute name="Time Running"value="5474"/>
  <attribute name="Number of cores"value="4"/>
</cycle-end>
<allocation-satisfied id="618" threadId="0000000001AB4700" bytesRequested="32" />
<af-end id="619" timestamp="2019-07-02T23:30:27.929" threadId="0000000001AB5088" success="true" />
<exclusive-end id="620" timestamp="2019-07-02T23:30:27.929" durationms="4.362" />

<exclusive-start id="621" timestamp="2019-07-02T23:30:27.949" intervalms="24.597">
  <response-info timems="0.089" idlems="0.089" threads="0" lastid="0000000001AB4700" lastname="main" />
</exclusive-start>
<af-start id="622" threadId="0000000001AB5088" totalBytesRequested="24" timestamp="2019-07-02T23:30:27.949" intervalms="24.573" />
<cycle-start id="623" type="global" contextid="0" timestamp="2019-07-02T23:30:27.949" intervalms="24.517" />
  <attribute name="GC Util" value="165" />
  <attribute name="CPU Util" value="6299839944887" />
  <attribute name="Time Running"value="5474"/>
  <attribute name="Number of cores"value="4"/>
<gc-start id="624" type="global" contextid="623" timestamp="2019-07-02T23:30:27.949">
  <mem-info id="625" free="335872" total="16842752" percent="1">
    <mem type="tenure" free="335872" total="16842752" percent="1">
      <mem type="soa" free="0" total="16506880" percent="0" />
      <mem type="loa" free="335872" total="335872" percent="100" />
    </mem>
  </mem-info>
</gc-start>
<allocation-stats totalBytes="10104704" >
  <allocated-bytes non-tlh="674760" tlh="9429944" />
  <largest-consumer threadName="main" threadId="0000000001AB4700" bytes="10104704" />
</allocation-stats>
<gc-op id="626" type="mark" timems="3.148" contextid="623" timestamp="2019-07-02T23:30:27.953">
  <trace-info objectcount="112391" scancount="93618" scanbytes="3194952" />
  <finalization candidates="80" enqueued="0" />
  <ownableSynchronizers candidates="21" cleared="0" />
  <references type="soft" candidates="1498" cleared="0" enqueued="0" dynamicThreshold="19" maxThreshold="32" />
  <references type="weak" candidates="5395" cleared="0" enqueued="0" />
  <references type="phantom" candidates="101" cleared="0" enqueued="0" />
  <stringconstants candidates="12404" cleared="0"  />
</gc-op>
<gc-op id="627" type="sweep" timems="0.506" contextid="623" timestamp="2019-07-02T23:30:27.953" />
<gc-end id="628" type="global" contextid="623" durationms="4.022" usertimems="8.000" systemtimems="0.000" timestamp="2019-07-02T23:30:27.953" activeThreads="4">
  <mem-info id="629" free="10565984" total="16842752" percent="62">
    <mem type="tenure" free="10565984" total="16842752" percent="62" micro-fragmented="135056" macro-fragmented="0">
      <mem type="soa" free="10230112" total="16506880" percent="61" />
      <mem type="loa" free="335872" total="335872" percent="100" />
    </mem>
  </mem-info>
</gc-end>
<cycle-end id="630" type="global" contextid="623" timestamp="2019-07-02T23:30:27.953">
  <attribute name="GC Util" value="169" />
  <attribute name="CPU Util" value="5719298158900" />
  <attribute name="Time Running"value="5499"/>
  <attribute name="Number of cores"value="4"/>
</cycle-end>
<allocation-satisfied id="631" threadId="0000000001AB4700" bytesRequested="24" />
<af-end id="632" timestamp="2019-07-02T23:30:27.953" threadId="0000000001AB5088" success="true" />
<exclusive-end id="633" timestamp="2019-07-02T23:30:27.953" durationms="4.445" />

<exclusive-start id="634" timestamp="2019-07-02T23:30:27.965" intervalms="15.921">
  <response-info timems="0.078" idlems="0.078" threads="0" lastid="0000000001AB4700" lastname="main" />
</exclusive-start>
<af-start id="635" threadId="0000000001AB5088" totalBytesRequested="32" timestamp="2019-07-02T23:30:27.965" intervalms="15.915" />
<cycle-start id="636" type="global" contextid="0" timestamp="2019-07-02T23:30:27.965" intervalms="15.906" />
  <attribute name="GC Util" value="169" />
  <attribute name="CPU Util" value="5719298158900" />
  <attribute name="Time Running"value="5499"/>
  <attribute name="Number of cores"value="4"/>
<gc-start id="637" type="global" contextid="636" timestamp="2019-07-02T23:30:27.965">
  <mem-info id="638" free="335872" total="16842752" percent="1">
    <mem type="tenure" free="335872" total="16842752" percent="1">
      <mem type="soa" free="0" total="16506880" percent="0" />
      <mem type="loa" free="335872" total="335872" percent="100" />
    </mem>
  </mem-info>
</gc-start>
<allocation-stats totalBytes="10216656" >
  <allocated-bytes non-tlh="0" tlh="10216656" />
  <largest-consumer threadName="main" threadId="0000000001AB4700" bytes="10216656" />
</allocation-stats>
<gc-op id="639" type="mark" timems="2.895" contextid="636" timestamp="2019-07-02T23:30:27.968">
  <trace-info objectcount="123281" scancount="102994" scanbytes="3557116" />
  <finalization candidates="80" enqueued="0" />
  <ownableSynchronizers candidates="21" cleared="0" />
  <references type="soft" candidates="1498" cleared="0" enqueued="0" dynamicThreshold="20" maxThreshold="32" />
  <references type="weak" candidates="5395" cleared="0" enqueued="0" />
  <references type="phantom" candidates="101" cleared="0" enqueued="0" />
  <stringconstants candidates="12404" cleared="0"  />
</gc-op>
<gc-op id="640" type="sweep" timems="0.437" contextid="636" timestamp="2019-07-02T23:30:27.969" />
<heap-resize id="641" type="expand" space="tenure" amount="1048576" count="1" timems="0.062" reason="excessive time being spent in gc" timestamp="2019-07-02T23:30:27.969" />
<gc-end id="642" type="global" contextid="636" durationms="3.761" usertimems="8.000" systemtimems="0.000" timestamp="2019-07-02T23:30:27.969" activeThreads="4">
  <mem-info id="643" free="11001792" total="17891328" percent="61">
    <mem type="tenure" free="11001792" total="17891328" percent="61" micro-fragmented="177768" macro-fragmented="0">
      <mem type="soa" free="10644416" total="17533952" percent="60" />
      <mem type="loa" free="357376" total="357376" percent="100" />
    </mem>
  </mem-info>
</gc-end>
<cycle-end id="644" type="global" contextid="636" timestamp="2019-07-02T23:30:27.969">
  <attribute name="GC Util" value="171" />
  <attribute name="CPU Util" value="6150001178609" />
  <attribute name="Time Running"value="5514"/>
  <attribute name="Number of cores"value="4"/>
</cycle-end>
<allocation-satisfied id="645" threadId="0000000001AB4700" bytesRequested="32" />
<af-end id="646" timestamp="2019-07-02T23:30:27.969" threadId="0000000001AB5088" success="true" />
<exclusive-end id="647" timestamp="2019-07-02T23:30:27.969" durationms="4.144" />

<exclusive-start id="648" timestamp="2019-07-02T23:30:27.995" intervalms="30.619">
  <response-info timems="0.028" idlems="0.028" threads="0" lastid="0000000001AB4700" lastname="main" />
</exclusive-start>
<af-start id="649" threadId="0000000001AB5088" totalBytesRequested="40" timestamp="2019-07-02T23:30:27.996" intervalms="30.632" />
<cycle-start id="650" type="global" contextid="0" timestamp="2019-07-02T23:30:27.996" intervalms="30.679" />
  <attribute name="GC Util" value="171" />
  <attribute name="CPU Util" value="6150001178609" />
  <attribute name="Time Running"value="5514"/>
  <attribute name="Number of cores"value="4"/>
<gc-start id="651" type="global" contextid="650" timestamp="2019-07-02T23:30:27.996">
  <mem-info id="652" free="357376" total="17891328" percent="1">
    <mem type="tenure" free="357376" total="17891328" percent="1">
      <mem type="soa" free="0" total="17533952" percent="0" />
      <mem type="loa" free="357376" total="357376" percent="100" />
    </mem>
  </mem-info>
</gc-start>
<allocation-stats totalBytes="10591328" >
  <allocated-bytes non-tlh="1245240" tlh="9346088" />
  <largest-consumer threadName="main" threadId="0000000001AB4700" bytes="10591328" />
</allocation-stats>
<gc-op id="653" type="mark" timems="4.143" contextid="650" timestamp="2019-07-02T23:30:28.000">
  <trace-info objectcount="103615" scancount="85911" scanbytes="2854480" />
  <finalization candidates="80" enqueued="0" />
  <ownableSynchronizers candidates="21" cleared="0" />
  <references type="soft" candidates="1501" cleared="4" enqueued="4" dynamicThreshold="19" maxThreshold="32" />
  <references type="weak" candidates="5412" cleared="0" enqueued="0" />
  <references type="phantom" candidates="101" cleared="0" enqueued="0" />
  <stringconstants candidates="12431" cleared="0"  />
</gc-op>
<gc-op id="654" type="classunload" timems="0.003" contextid="650" timestamp="2019-07-02T23:30:28.000">
  <classunload-info classloadercandidates="43" classloadersunloaded="0" classesunloaded="0" anonymousclassesunloaded="0" quiescems="0.000" setupms="0.003" scanms="0.000" postms="0.000" />
</gc-op>
<gc-op id="655" type="sweep" timems="0.363" contextid="650" timestamp="2019-07-02T23:30:28.001" />
<gc-end id="656" type="global" contextid="650" durationms="4.963" usertimems="8.000" systemtimems="0.000" timestamp="2019-07-02T23:30:28.001" activeThreads="4">
  <mem-info id="657" free="12081200" total="17891328" percent="67">
    <mem type="tenure" free="12081200" total="17891328" percent="67" micro-fragmented="118713" macro-fragmented="0">
      <mem type="soa" free="11723824" total="17533952" percent="66" />
      <mem type="loa" free="357376" total="357376" percent="100" />
    </mem>
    <pending-finalizers system="0" default="0" reference="4" classloader="0" />
  </mem-info>
</gc-end>
<cycle-end id="658" type="global" contextid="650" timestamp="2019-07-02T23:30:28.001">
  <attribute name="GC Util" value="136" />
  <attribute name="CPU Util" value="4272861943732" />
  <attribute name="Time Running"value="5546"/>
  <attribute name="Number of cores"value="4"/>
</cycle-end>
<allocation-satisfied id="659" threadId="0000000001AB4700" bytesRequested="40" />
<af-end id="660" timestamp="2019-07-02T23:30:28.001" threadId="0000000001AB5088" success="true" />
<exclusive-end id="661" timestamp="2019-07-02T23:30:28.001" durationms="5.510" />

<exclusive-start id="662" timestamp="2019-07-02T23:30:28.020" intervalms="24.558">
  <response-info timems="0.055" idlems="0.055" threads="0" lastid="0000000001AB4700" lastname="main" />
</exclusive-start>
<af-start id="663" threadId="0000000001AB5088" totalBytesRequested="24" timestamp="2019-07-02T23:30:28.020" intervalms="24.549" />
<cycle-start id="664" type="global" contextid="0" timestamp="2019-07-02T23:30:28.020" intervalms="24.547" />
  <attribute name="GC Util" value="136" />
  <attribute name="CPU Util" value="4272861943732" />
  <attribute name="Time Running"value="5546"/>
  <attribute name="Number of cores"value="4"/>
<gc-start id="665" type="global" contextid="664" timestamp="2019-07-02T23:30:28.020">
  <mem-info id="666" free="357376" total="17891328" percent="1">
    <mem type="tenure" free="357376" total="17891328" percent="1">
      <mem type="soa" free="0" total="17533952" percent="0" />
      <mem type="loa" free="357376" total="357376" percent="100" />
    </mem>
  </mem-info>
</gc-start>
<allocation-stats totalBytes="11716816" >
  <allocated-bytes non-tlh="312664" tlh="11404152" />
  <largest-consumer threadName="main" threadId="0000000001AB4700" bytes="11716816" />
</allocation-stats>
<gc-op id="667" type="mark" timems="2.746" contextid="664" timestamp="2019-07-02T23:30:28.023">
  <trace-info objectcount="106761" scancount="88985" scanbytes="2989784" />
  <finalization candidates="80" enqueued="0" />
  <ownableSynchronizers candidates="21" cleared="0" />
  <references type="soft" candidates="1498" cleared="0" enqueued="0" dynamicThreshold="21" maxThreshold="32" />
  <references type="weak" candidates="5418" cleared="0" enqueued="0" />
  <references type="phantom" candidates="101" cleared="0" enqueued="0" />
  <stringconstants candidates="12437" cleared="0"  />
</gc-op>
<gc-op id="668" type="sweep" timems="0.329" contextid="664" timestamp="2019-07-02T23:30:28.024" />
<gc-end id="669" type="global" contextid="664" durationms="3.425" usertimems="8.000" systemtimems="0.000" timestamp="2019-07-02T23:30:28.024" activeThreads="4">
  <mem-info id="670" free="11883720" total="17891328" percent="66">
    <mem type="tenure" free="11883720" total="17891328" percent="66" micro-fragmented="123992" macro-fragmented="0">
      <mem type="soa" free="11526344" total="17533952" percent="65" />
      <mem type="loa" free="357376" total="357376" percent="100" />
    </mem>
  </mem-info>
</gc-end>
<cycle-end id="671" type="global" contextid="664" timestamp="2019-07-02T23:30:28.024">
  <attribute name="GC Util" value="172" />
  <attribute name="CPU Util" value="6531055439989" />
  <attribute name="Time Running"value="5569"/>
  <attribute name="Number of cores"value="4"/>
</cycle-end>
<allocation-satisfied id="672" threadId="0000000001AB4700" bytesRequested="24" />
<af-end id="673" timestamp="2019-07-02T23:30:28.024" threadId="0000000001AB5088" success="true" />
<exclusive-end id="674" timestamp="2019-07-02T23:30:28.024" durationms="4.066" />

<exclusive-start id="675" timestamp="2019-07-02T23:30:28.043" intervalms="23.205">
  <response-info timems="0.069" idlems="0.069" threads="0" lastid="0000000001AB4700" lastname="main" />
</exclusive-start>
<af-start id="676" threadId="0000000001AB5088" totalBytesRequested="24" timestamp="2019-07-02T23:30:28.043" intervalms="23.219" />
<cycle-start id="677" type="global" contextid="0" timestamp="2019-07-02T23:30:28.043" intervalms="23.212" />
  <attribute name="GC Util" value="172" />
  <attribute name="CPU Util" value="6531055439989" />
  <attribute name="Time Running"value="5569"/>
  <attribute name="Number of cores"value="4"/>
<gc-start id="678" type="global" contextid="677" timestamp="2019-07-02T23:30:28.044">
  <mem-info id="679" free="157368" total="17891328" percent="0">
    <mem type="tenure" free="157368" total="17891328" percent="0">
      <mem type="soa" free="0" total="17533952" percent="0" />
      <mem type="loa" free="157368" total="357376" percent="44" />
    </mem>
  </mem-info>
</gc-start>
<allocation-stats totalBytes="11708608" >
  <allocated-bytes non-tlh="567560" tlh="11141048" />
  <largest-consumer threadName="main" threadId="0000000001AB4700" bytes="11708608" />
</allocation-stats>
<gc-op id="680" type="mark" timems="2.784" contextid="677" timestamp="2019-07-02T23:30:28.047">
  <trace-info objectcount="104948" scancount="87238" scanbytes="2916284" />
  <finalization candidates="80" enqueued="0" />
  <ownableSynchronizers candidates="21" cleared="0" />
  <references type="soft" candidates="1499" cleared="0" enqueued="0" dynamicThreshold="21" maxThreshold="32" />
  <references type="weak" candidates="5422" cleared="0" enqueued="0" />
  <references type="phantom" candidates="101" cleared="0" enqueued="0" />
  <stringconstants candidates="12442" cleared="0"  />
</gc-op>
<gc-op id="681" type="sweep" timems="0.324" contextid="677" timestamp="2019-07-02T23:30:28.047" />
<heap-resize id="682" type="contract" space="tenure" amount="131072" count="1" timems="0.017" reason="excess free space following gc" timestamp="2019-07-02T23:30:28.047" />
<gc-end id="683" type="global" contextid="677" durationms="3.572" usertimems="8.000" systemtimems="0.000" timestamp="2019-07-02T23:30:28.047" activeThreads="4">
  <mem-info id="684" free="11717976" total="17760256" percent="65">
    <mem type="tenure" free="11717976" total="17760256" percent="65" micro-fragmented="139789" macro-fragmented="0">
      <mem type="soa" free="11717976" total="17405952" percent="67" />
      <mem type="loa" free="0" total="354304" percent="0" />
    </mem>
  </mem-info>
</gc-end>
<cycle-end id="685" type="global" contextid="677" timestamp="2019-07-02T23:30:28.047">
  <attribute name="GC Util" value="170" />
  <attribute name="CPU Util" value="6441219359815" />
  <attribute name="Time Running"value="5593"/>
  <attribute name="Number of cores"value="4"/>
</cycle-end>
<allocation-satisfied id="686" threadId="0000000001AB4700" bytesRequested="24" />
<af-end id="687" timestamp="2019-07-02T23:30:28.047" threadId="0000000001AB5088" success="true" />
<exclusive-end id="688" timestamp="2019-07-02T23:30:28.047" durationms="4.222" />

<exclusive-start id="689" timestamp="2019-07-02T23:30:28.060" intervalms="16.649">
  <response-info timems="0.088" idlems="0.088" threads="0" lastid="0000000001AB4700" lastname="main" />
</exclusive-start>
<af-start id="690" threadId="0000000001AB5088" totalBytesRequested="32" timestamp="2019-07-02T23:30:28.060" intervalms="16.634" />
<cycle-start id="691" type="global" contextid="0" timestamp="2019-07-02T23:30:28.060" intervalms="16.640" />
  <attribute name="GC Util" value="170" />
  <attribute name="CPU Util" value="6441219359815" />
  <attribute name="Time Running"value="5593"/>
  <attribute name="Number of cores"value="4"/>
<gc-start id="692" type="global" contextid="691" timestamp="2019-07-02T23:30:28.060">
  <mem-info id="693" free="0" total="17760256" percent="0">
    <mem type="tenure" free="0" total="17760256" percent="0">
      <mem type="soa" free="0" total="17405952" percent="0" />
      <mem type="loa" free="0" total="354304" percent="0" />
    </mem>
  </mem-info>
</gc-start>
<allocation-stats totalBytes="11713024" >
  <allocated-bytes non-tlh="0" tlh="11713024" />
  <largest-consumer threadName="main" threadId="0000000001AB4700" bytes="11713024" />
</allocation-stats>
<gc-op id="694" type="mark" timems="2.838" contextid="691" timestamp="2019-07-02T23:30:28.063">
  <trace-info objectcount="112417" scancount="93948" scanbytes="3178508" />
  <finalization candidates="80" enqueued="0" />
  <ownableSynchronizers candidates="21" cleared="0" />
  <references type="soft" candidates="1499" cleared="1" enqueued="1" dynamicThreshold="21" maxThreshold="32" />
  <references type="weak" candidates="5422" cleared="0" enqueued="0" />
  <references type="phantom" candidates="101" cleared="0" enqueued="0" />
  <stringconstants candidates="12442" cleared="0"  />
</gc-op>
<gc-op id="695" type="sweep" timems="0.339" contextid="691" timestamp="2019-07-02T23:30:28.064" />
<mem-info id="696" free="11304184" total="17760256" percent="63">
  <mem type="tenure" free="11304184" total="17760256" percent="63" micro-fragmented="181324" macro-fragmented="0">
    <mem type="soa" free="11304184" total="17405952" percent="64" />
    <mem type="loa" free="0" total="354304" percent="0" />
  </mem>
  <pending-finalizers system="0" default="0" reference="1" classloader="0" />
</mem-info>
<gc-op id="697" type="compact" timems="24.353" contextid="691" timestamp="2019-07-02T23:30:28.088">
  <compact-info movecount="105829" movebytes="5685408" reason="compact to aid heap contraction" />
</gc-op>
<heap-resize id="698" type="contract" space="tenure" amount="327680" count="1" timems="0.088" reason="excess free space following gc" timestamp="2019-07-02T23:30:28.088" />
<gc-end id="699" type="global" contextid="691" durationms="28.271" usertimems="40.000" systemtimems="0.000" timestamp="2019-07-02T23:30:28.088" activeThreads="4">
  <mem-info id="700" free="11328712" total="17432576" percent="64">
    <mem type="tenure" free="11328712" total="17432576" percent="64">
      <mem type="soa" free="11007176" total="17084416" percent="64" />
      <mem type="loa" free="321536" total="348160" percent="92" />
    </mem>
    <pending-finalizers system="0" default="0" reference="1" classloader="0" />
  </mem-info>
</gc-end>
<cycle-end id="701" type="global" contextid="691" timestamp="2019-07-02T23:30:28.089">
  <attribute name="GC Util" value="16" />
  <attribute name="CPU Util" value="37447790254934" />
  <attribute name="Time Running"value="5610"/>
  <attribute name="Number of cores"value="4"/>
</cycle-end>
<allocation-satisfied id="702" threadId="0000000001AB4700" bytesRequested="32" />
<af-end id="703" timestamp="2019-07-02T23:30:28.089" threadId="0000000001AB5088" success="true" />
<exclusive-end id="704" timestamp="2019-07-02T23:30:28.089" durationms="28.928" />

<exclusive-start id="705" timestamp="2019-07-02T23:30:28.123" intervalms="63.166">
  <response-info timems="0.024" idlems="0.024" threads="0" lastid="0000000001AB4700" lastname="main" />
</exclusive-start>
<af-start id="706" threadId="0000000001AB5088" totalBytesRequested="16392" timestamp="2019-07-02T23:30:28.123" intervalms="63.134" />
<cycle-start id="707" type="global" contextid="0" timestamp="2019-07-02T23:30:28.123" intervalms="63.098" />
  <attribute name="GC Util" value="16" />
  <attribute name="CPU Util" value="37447790254934" />
  <attribute name="Time Running"value="5610"/>
  <attribute name="Number of cores"value="4"/>
<gc-start id="708" type="global" contextid="707" timestamp="2019-07-02T23:30:28.123">
  <mem-info id="709" free="321536" total="17432576" percent="1">
    <mem type="tenure" free="321536" total="17432576" percent="1">
      <mem type="soa" free="0" total="17084416" percent="0" />
      <mem type="loa" free="321536" total="348160" percent="92" />
    </mem>
  </mem-info>
</gc-start>
<allocation-stats totalBytes="11068392" >
  <allocated-bytes non-tlh="1002488" tlh="10065904" />
  <largest-consumer threadName="main" threadId="0000000001AB4700" bytes="11068392" />
</allocation-stats>
<gc-op id="710" type="mark" timems="3.875" contextid="707" timestamp="2019-07-02T23:30:28.127">
  <trace-info objectcount="99061" scancount="81904" scanbytes="2652472" />
  <finalization candidates="80" enqueued="0" />
  <ownableSynchronizers candidates="21" cleared="0" />
  <references type="soft" candidates="1501" cleared="0" enqueued="0" dynamicThreshold="20" maxThreshold="32" />
  <references type="weak" candidates="5438" cleared="1" enqueued="1" />
  <references type="phantom" candidates="101" cleared="0" enqueued="0" />
  <stringconstants candidates="12477" cleared="16"  />
</gc-op>
<gc-op id="711" type="classunload" timems="0.342" contextid="707" timestamp="2019-07-02T23:30:28.128">
  <classunload-info classloadercandidates="50" classloadersunloaded="2" classesunloaded="2" anonymousclassesunloaded="0" quiescems="0.000" setupms="0.330" scanms="0.009" postms="0.003" />
</gc-op>
<gc-op id="712" type="sweep" timems="0.295" contextid="707" timestamp="2019-07-02T23:30:28.128" />
<heap-resize id="713" type="contract" space="tenure" amount="327680" count="1" timems="0.069" reason="excess free space following gc" timestamp="2019-07-02T23:30:28.128" />
<gc-end id="714" type="global" contextid="707" durationms="5.039" usertimems="4.000" systemtimems="4.000" timestamp="2019-07-02T23:30:28.128" activeThreads="4">
  <mem-info id="715" free="11514728" total="17104896" percent="67">
    <mem type="tenure" free="11514728" total="17104896" percent="67" micro-fragmented="11811" macro-fragmented="0">
      <mem type="soa" free="11514728" total="16762880" percent="68" />
      <mem type="loa" free="0" total="342016" percent="0" />
    </mem>
    <pending-finalizers system="0" default="0" reference="1" classloader="0" />
  </mem-info>
</gc-end>
<cycle-end id="716" type="global" contextid="707" timestamp="2019-07-02T23:30:28.128">
  <attribute name="GC Util" value="123" />
  <attribute name="CPU Util" value="4220070820230" />
  <attribute name="Time Running"value="5674"/>
  <attribute name="Number of cores"value="4"/>
</cycle-end>
<allocation-satisfied id="717" threadId="0000000001AB4700" bytesRequested="16392" />
<af-end id="718" timestamp="2019-07-02T23:30:28.129" threadId="0000000001AB5088" success="true" />
<exclusive-end id="719" timestamp="2019-07-02T23:30:28.129" durationms="5.521" />

<exclusive-start id="720" timestamp="2019-07-02T23:30:28.143" intervalms="19.713">
  <response-info timems="0.075" idlems="0.075" threads="0" lastid="0000000001AB4700" lastname="main" />
</exclusive-start>
<af-start id="721" threadId="0000000001AB5088" totalBytesRequested="32" timestamp="2019-07-02T23:30:28.143" intervalms="19.763" />
<cycle-start id="722" type="global" contextid="0" timestamp="2019-07-02T23:30:28.143" intervalms="19.800" />
  <attribute name="GC Util" value="123" />
  <attribute name="CPU Util" value="4220070820230" />
  <attribute name="Time Running"value="5674"/>
  <attribute name="Number of cores"value="4"/>
<gc-start id="723" type="global" contextid="722" timestamp="2019-07-02T23:30:28.143">
  <mem-info id="724" free="0" total="17104896" percent="0">
    <mem type="tenure" free="0" total="17104896" percent="0">
      <mem type="soa" free="0" total="16762880" percent="0" />
      <mem type="loa" free="0" total="342016" percent="0" />
    </mem>
  </mem-info>
</gc-start>
<allocation-stats totalBytes="11551552" >
  <allocated-bytes non-tlh="96320" tlh="11455232" />
  <largest-consumer threadName="main" threadId="0000000001AB4700" bytes="11539464" />
</allocation-stats>
<gc-op id="725" type="mark" timems="2.911" contextid="722" timestamp="2019-07-02T23:30:28.146">
  <trace-info objectcount="114694" scancount="96015" scanbytes="3253776" />
  <finalization candidates="80" enqueued="0" />
  <ownableSynchronizers candidates="21" cleared="0" />
  <references type="soft" candidates="1501" cleared="0" enqueued="0" dynamicThreshold="21" maxThreshold="32" />
  <references type="weak" candidates="5439" cleared="1" enqueued="1" />
  <references type="phantom" candidates="101" cleared="0" enqueued="0" />
  <stringconstants candidates="12474" cleared="0"  />
</gc-op>
<gc-op id="726" type="sweep" timems="0.399" contextid="722" timestamp="2019-07-02T23:30:28.147" />
<gc-end id="727" type="global" contextid="722" durationms="3.702" usertimems="8.000" systemtimems="0.000" timestamp="2019-07-02T23:30:28.147" activeThreads="4">
  <mem-info id="728" free="10490592" total="17104896" percent="61">
    <mem type="tenure" free="10490592" total="17104896" percent="61" micro-fragmented="190705" macro-fragmented="0">
      <mem type="soa" free="10490592" total="16762880" percent="62" />
      <mem type="loa" free="0" total="342016" percent="0" />
    </mem>
    <pending-finalizers system="0" default="0" reference="1" classloader="0" />
  </mem-info>
</gc-end>
<cycle-end id="729" type="global" contextid="722" timestamp="2019-07-02T23:30:28.147">
  <attribute name="GC Util" value="174" />
  <attribute name="CPU Util" value="6139527339037" />
  <attribute name="Time Running"value="5692"/>
  <attribute name="Number of cores"value="4"/>
</cycle-end>
<allocation-satisfied id="730" threadId="0000000001AB4700" bytesRequested="32" />
<af-end id="731" timestamp="2019-07-02T23:30:28.147" threadId="0000000001AB5088" success="true" />
<exclusive-end id="732" timestamp="2019-07-02T23:30:28.147" durationms="4.379" />

<exclusive-start id="733" timestamp="2019-07-02T23:30:28.156" intervalms="13.619">
  <response-info timems="0.008" idlems="0.008" threads="0" lastid="0000000001AB4700" lastname="main" />
</exclusive-start>
<af-start id="734" threadId="0000000001AB5088" totalBytesRequested="200008" timestamp="2019-07-02T23:30:28.156" intervalms="13.555" />
<cycle-start id="735" type="global" contextid="0" timestamp="2019-07-02T23:30:28.156" intervalms="13.508" />
  <attribute name="GC Util" value="174" />
  <attribute name="CPU Util" value="6139527339037" />
  <attribute name="Time Running"value="5692"/>
  <attribute name="Number of cores"value="4"/>
<gc-start id="736" type="global" contextid="735" timestamp="2019-07-02T23:30:28.157">
  <mem-info id="737" free="7032064" total="17104896" percent="41">
    <mem type="tenure" free="7032064" total="17104896" percent="41">
      <mem type="soa" free="7032064" total="16762880" percent="41" />
      <mem type="loa" free="0" total="342016" percent="0" />
    </mem>
  </mem-info>
</gc-start>
<allocation-stats totalBytes="3458872" >
  <allocated-bytes non-tlh="127760" tlh="3331112" />
  <largest-consumer threadName="main" threadId="0000000001AB4700" bytes="3458872" />
</allocation-stats>
<heap-resize id="738" type="loa expand" space="tenure" amount="171008" count="1" timems="0.069" reason="expand on failed allocate" timestamp="2019-07-02T23:30:28.157" />
<gc-op id="739" type="mark" timems="2.609" contextid="735" timestamp="2019-07-02T23:30:28.159">
  <trace-info objectcount="99417" scancount="82256" scanbytes="2661976" />
  <finalization candidates="80" enqueued="0" />
  <ownableSynchronizers candidates="21" cleared="0" />
  <references type="soft" candidates="1502" cleared="10" enqueued="10" dynamicThreshold="19" maxThreshold="32" />
  <references type="weak" candidates="5450" cleared="1" enqueued="1" />
  <references type="phantom" candidates="101" cleared="0" enqueued="0" />
  <stringconstants candidates="12497" cleared="12"  />
</gc-op>
<gc-op id="740" type="sweep" timems="0.313" contextid="735" timestamp="2019-07-02T23:30:28.160" />
<mem-info id="741" free="11828184" total="17104896" percent="69">
  <mem type="tenure" free="11828184" total="17104896" percent="69" micro-fragmented="29204" macro-fragmented="0">
    <mem type="soa" free="11322816" total="16591872" percent="68" />
    <mem type="loa" free="505368" total="513024" percent="98" />
  </mem>
  <pending-finalizers system="0" default="0" reference="11" classloader="0" />
</mem-info>
<gc-op id="742" type="compact" timems="18.543" contextid="735" timestamp="2019-07-02T23:30:28.178">
  <compact-info movecount="74826" movebytes="4105456" reason="compact to aid heap contraction" />
</gc-op>
<heap-resize id="743" type="contract" space="tenure" amount="262144" count="1" timems="0.089" reason="excess free space following gc" timestamp="2019-07-02T23:30:28.179" />
<gc-end id="744" type="global" contextid="735" durationms="22.120" usertimems="28.000" systemtimems="4.000" timestamp="2019-07-02T23:30:28.179" activeThreads="4">
  <mem-info id="745" free="11405232" total="16842752" percent="67">
    <mem type="tenure" free="11405232" total="16842752" percent="67">
      <mem type="soa" free="10900400" total="16337920" percent="66" />
      <mem type="loa" free="504832" total="504832" percent="100" />
    </mem>
    <pending-finalizers system="0" default="0" reference="11" classloader="0" />
  </mem-info>
</gc-end>
<cycle-end id="746" type="global" contextid="735" timestamp="2019-07-02T23:30:28.179">
  <attribute name="GC Util" value="18" />
  <attribute name="CPU Util" value="39158078020534" />
  <attribute name="Time Running"value="5706"/>
  <attribute name="Number of cores"value="4"/>
</cycle-end>
<allocation-satisfied id="747" threadId="0000000001AB4700" bytesRequested="200008" />
<af-end id="748" timestamp="2019-07-02T23:30:28.179" threadId="0000000001AB5088" success="true" />
<exclusive-end id="749" timestamp="2019-07-02T23:30:28.179" durationms="22.652" />

<exclusive-start id="750" timestamp="2019-07-02T23:30:28.195" intervalms="38.769">
  <response-info timems="0.073" idlems="0.073" threads="0" lastid="0000000001AB4700" lastname="main" />
</exclusive-start>
<af-start id="751" threadId="0000000001AB5088" totalBytesRequested="24" timestamp="2019-07-02T23:30:28.195" intervalms="38.828" />
<cycle-start id="752" type="global" contextid="0" timestamp="2019-07-02T23:30:28.195" intervalms="38.879" />
  <attribute name="GC Util" value="18" />
  <attribute name="CPU Util" value="39158078020534" />
  <attribute name="Time Running"value="5706"/>
  <attribute name="Number of cores"value="4"/>
<gc-start id="753" type="global" contextid="752" timestamp="2019-07-02T23:30:28.195">
  <mem-info id="754" free="504832" total="16842752" percent="2">
    <mem type="tenure" free="504832" total="16842752" percent="2">
      <mem type="soa" free="0" total="16337920" percent="0" />
      <mem type="loa" free="504832" total="504832" percent="100" />
    </mem>
  </mem-info>
</gc-start>
<allocation-stats totalBytes="11099320" >
  <allocated-bytes non-tlh="266128" tlh="10833192" />
  <largest-consumer threadName="main" threadId="0000000001AB4700" bytes="11095224" />
</allocation-stats>
<gc-op id="755" type="mark" timems="2.886" contextid="752" timestamp="2019-07-02T23:30:28.199">
  <trace-info objectcount="113985" scancount="95431" scanbytes="3243668" />
  <finalization candidates="80" enqueued="0" />
  <ownableSynchronizers candidates="21" cleared="0" />
  <references type="soft" candidates="1492" cleared="0" enqueued="0" dynamicThreshold="21" maxThreshold="32" />
  <references type="weak" candidates="5450" cleared="0" enqueued="0" />
  <references type="phantom" candidates="101" cleared="0" enqueued="0" />
  <stringconstants candidates="12497" cleared="0"  />
</gc-op>
<gc-op id="756" type="sweep" timems="0.401" contextid="752" timestamp="2019-07-02T23:30:28.199" />
<heap-resize id="757" type="contract" space="tenure" amount="196608" count="1" timems="0.086" reason="excess free space following gc" timestamp="2019-07-02T23:30:28.199" />
<gc-end id="758" type="global" contextid="752" durationms="3.841" usertimems="8.000" systemtimems="0.000" timestamp="2019-07-02T23:30:28.199" activeThreads="4">
  <mem-info id="759" free="9989416" total="16646144" percent="60">
    <mem type="tenure" free="9989416" total="16646144" percent="60" micro-fragmented="228898" macro-fragmented="0">
      <mem type="soa" free="9681192" total="16147456" percent="59" />
      <mem type="loa" free="308224" total="498688" percent="61" />
    </mem>
  </mem-info>
</gc-end>
<cycle-end id="760" type="global" contextid="752" timestamp="2019-07-02T23:30:28.199">
  <attribute name="GC Util" value="172" />
  <attribute name="CPU Util" value="6224738211164" />
  <attribute name="Time Running"value="5745"/>
  <attribute name="Number of cores"value="4"/>
</cycle-end>
<allocation-satisfied id="761" threadId="0000000001AB4700" bytesRequested="24" />
<af-end id="762" timestamp="2019-07-02T23:30:28.200" threadId="0000000001AB5088" success="true" />
<exclusive-end id="763" timestamp="2019-07-02T23:30:28.200" durationms="4.497" />

<exclusive-start id="764" timestamp="2019-07-02T23:30:28.213" intervalms="18.126">
  <response-info timems="0.059" idlems="0.059" threads="0" lastid="0000000001AB4700" lastname="main" />
</exclusive-start>
<af-start id="765" threadId="0000000001AB5088" totalBytesRequested="48" timestamp="2019-07-02T23:30:28.213" intervalms="18.129" />
<cycle-start id="766" type="global" contextid="0" timestamp="2019-07-02T23:30:28.214" intervalms="18.128" />
  <attribute name="GC Util" value="172" />
  <attribute name="CPU Util" value="6224738211164" />
  <attribute name="Time Running"value="5745"/>
  <attribute name="Number of cores"value="4"/>
<gc-start id="767" type="global" contextid="766" timestamp="2019-07-02T23:30:28.214">
  <mem-info id="768" free="308224" total="16646144" percent="1">
    <mem type="tenure" free="308224" total="16646144" percent="1">
      <mem type="soa" free="0" total="16147456" percent="0" />
      <mem type="loa" free="308224" total="498688" percent="61" />
    </mem>
  </mem-info>
</gc-start>
<allocation-stats totalBytes="9671984" >
  <allocated-bytes non-tlh="10264" tlh="9661720" />
  <largest-consumer threadName="main" threadId="0000000001AB4700" bytes="9671984" />
</allocation-stats>
<gc-op id="769" type="mark" timems="2.774" contextid="766" timestamp="2019-07-02T23:30:28.217">
  <trace-info objectcount="116813" scancount="97875" scanbytes="3277520" />
  <finalization candidates="80" enqueued="0" />
  <ownableSynchronizers candidates="21" cleared="0" />
  <references type="soft" candidates="1492" cleared="22" enqueued="22" dynamicThreshold="19" maxThreshold="32" />
  <references type="weak" candidates="5450" cleared="0" enqueued="0" />
  <references type="phantom" candidates="100" cleared="0" enqueued="0" />
  <stringconstants candidates="12497" cleared="0"  />
</gc-op>
<gc-op id="770" type="sweep" timems="0.418" contextid="766" timestamp="2019-07-02T23:30:28.217" />
<gc-end id="771" type="global" contextid="766" durationms="3.568" usertimems="8.000" systemtimems="0.000" timestamp="2019-07-02T23:30:28.217" activeThreads="4">
  <mem-info id="772" free="9615240" total="16646144" percent="57">
    <mem type="tenure" free="9615240" total="16646144" percent="57" micro-fragmented="733720" macro-fragmented="0">
      <mem type="soa" free="9285816" total="16147456" percent="57" />
      <mem type="loa" free="329424" total="498688" percent="66" />
    </mem>
    <pending-finalizers system="0" default="0" reference="22" classloader="0" />
  </mem-info>
</gc-end>
<cycle-end id="773" type="global" contextid="766" timestamp="2019-07-02T23:30:28.217">
  <attribute name="GC Util" value="177" />
  <attribute name="CPU Util" value="6436899407945" />
  <attribute name="Time Running"value="5763"/>
  <attribute name="Number of cores"value="4"/>
</cycle-end>
<allocation-satisfied id="774" threadId="0000000001AB4700" bytesRequested="48" />
<af-end id="775" timestamp="2019-07-02T23:30:28.217" threadId="0000000001AB5088" success="true" />
<exclusive-end id="776" timestamp="2019-07-02T23:30:28.217" durationms="4.086" />

<exclusive-start id="777" timestamp="2019-07-02T23:30:28.232" intervalms="18.968">
  <response-info timems="0.058" idlems="0.058" threads="0" lastid="0000000001AB4700" lastname="main" />
</exclusive-start>
<af-start id="778" threadId="0000000001AB5088" totalBytesRequested="32" timestamp="2019-07-02T23:30:28.232" intervalms="18.963" />
<cycle-start id="779" type="global" contextid="0" timestamp="2019-07-02T23:30:28.232" intervalms="18.960" />
  <attribute name="GC Util" value="177" />
  <attribute name="CPU Util" value="6436899407945" />
  <attribute name="Time Running"value="5763"/>
  <attribute name="Number of cores"value="4"/>
<gc-start id="780" type="global" contextid="779" timestamp="2019-07-02T23:30:28.233">
  <mem-info id="781" free="129416" total="16646144" percent="0">
    <mem type="tenure" free="129416" total="16646144" percent="0">
      <mem type="soa" free="0" total="16147456" percent="0" />
      <mem type="loa" free="129416" total="498688" percent="25" />
    </mem>
  </mem-info>
</gc-start>
<allocation-stats totalBytes="9460504" >
  <allocated-bytes non-tlh="470784" tlh="8989720" />
  <largest-consumer threadName="main" threadId="0000000001AB4700" bytes="9460504" />
</allocation-stats>
<gc-op id="782" type="mark" timems="2.838" contextid="779" timestamp="2019-07-02T23:30:28.236">
  <trace-info objectcount="111970" scancount="93548" scanbytes="3156700" />
  <finalization candidates="80" enqueued="0" />
  <ownableSynchronizers candidates="21" cleared="0" />
  <references type="soft" candidates="1471" cleared="28" enqueued="27" dynamicThreshold="18" maxThreshold="32" />
  <references type="weak" candidates="5456" cleared="0" enqueued="0" />
  <references type="phantom" candidates="101" cleared="0" enqueued="0" />
  <stringconstants candidates="12506" cleared="5"  />
</gc-op>
<gc-op id="783" type="sweep" timems="0.348" contextid="779" timestamp="2019-07-02T23:30:28.236" />
<heap-resize id="784" type="contract" space="tenure" amount="65536" count="1" timems="0.109" reason="excess free space following gc" timestamp="2019-07-02T23:30:28.236" />
<gc-end id="785" type="global" contextid="779" durationms="3.748" usertimems="8.000" systemtimems="0.000" timestamp="2019-07-02T23:30:28.236" activeThreads="4">
  <mem-info id="786" free="10181472" total="16580608" percent="61">
    <mem type="tenure" free="10181472" total="16580608" percent="61" micro-fragmented="255508" macro-fragmented="0">
      <mem type="soa" free="10012208" total="16083968" percent="62" />
      <mem type="loa" free="169264" total="496640" percent="34" />
    </mem>
    <pending-finalizers system="0" default="0" reference="27" classloader="0" />
  </mem-info>
</gc-end>
<cycle-end id="787" type="global" contextid="779" timestamp="2019-07-02T23:30:28.236">
  <attribute name="GC Util" value="175" />
  <attribute name="CPU Util" value="6330961471230" />
  <attribute name="Time Running"value="5782"/>
  <attribute name="Number of cores"value="4"/>
</cycle-end>
<allocation-satisfied id="788" threadId="0000000001AB4700" bytesRequested="32" />
<af-end id="789" timestamp="2019-07-02T23:30:28.237" threadId="0000000001AB5088" success="true" />
<exclusive-end id="790" timestamp="2019-07-02T23:30:28.237" durationms="4.368" />

<exclusive-start id="791" timestamp="2019-07-02T23:30:28.251" intervalms="18.975">
  <response-info timems="0.007" idlems="0.007" threads="0" lastid="0000000001AB4700" lastname="main" />
</exclusive-start>
<af-start id="792" threadId="0000000001AB5088" totalBytesRequested="200008" timestamp="2019-07-02T23:30:28.251" intervalms="18.919" />
<cycle-start id="793" type="global" contextid="0" timestamp="2019-07-02T23:30:28.251" intervalms="18.874" />
  <attribute name="GC Util" value="175" />
  <attribute name="CPU Util" value="6330961471230" />
  <attribute name="Time Running"value="5782"/>
  <attribute name="Number of cores"value="4"/>
<gc-start id="794" type="global" contextid="793" timestamp="2019-07-02T23:30:28.251">
  <mem-info id="795" free="3670552" total="16580608" percent="22">
    <mem type="tenure" free="3670552" total="16580608" percent="22">
      <mem type="soa" free="3501288" total="16083968" percent="21" />
      <mem type="loa" free="169264" total="496640" percent="34" />
    </mem>
  </mem-info>
</gc-start>
<allocation-stats totalBytes="6480128" >
  <allocated-bytes non-tlh="231472" tlh="6248656" />
  <largest-consumer threadName="main" threadId="0000000001AB4700" bytes="6480128" />
</allocation-stats>
<heap-resize id="796" type="loa expand" space="tenure" amount="165888" count="1" timems="0.109" reason="expand on failed allocate" timestamp="2019-07-02T23:30:28.251" />
<gc-op id="797" type="mark" timems="2.483" contextid="793" timestamp="2019-07-02T23:30:28.254">
  <trace-info objectcount="99198" scancount="82005" scanbytes="2653040" />
  <finalization candidates="80" enqueued="0" />
  <ownableSynchronizers candidates="21" cleared="0" />
  <references type="soft" candidates="1444" cleared="0" enqueued="0" dynamicThreshold="19" maxThreshold="32" />
  <references type="weak" candidates="5456" cleared="1" enqueued="1" />
  <references type="phantom" candidates="101" cleared="0" enqueued="0" />
  <stringconstants candidates="12522" cleared="15"  />
</gc-op>
<gc-op id="798" type="sweep" timems="0.270" contextid="793" timestamp="2019-07-02T23:30:28.254" />
<heap-resize id="799" type="contract" space="tenure" amount="458752" count="1" timems="0.072" reason="excess free space following gc" timestamp="2019-07-02T23:30:28.254" />
<gc-end id="800" type="global" contextid="793" durationms="3.192" usertimems="8.000" systemtimems="0.000" timestamp="2019-07-02T23:30:28.255" activeThreads="4">
  <mem-info id="801" free="10665648" total="16121856" percent="66">
    <mem type="tenure" free="10665648" total="16121856" percent="66" micro-fragmented="17152" macro-fragmented="0">
      <mem type="soa" free="10021552" total="15477760" percent="64" />
      <mem type="loa" free="644096" total="644096" percent="100" />
    </mem>
    <pending-finalizers system="0" default="0" reference="1" classloader="0" />
  </mem-info>
</gc-end>
<cycle-end id="802" type="global" contextid="793" timestamp="2019-07-02T23:30:28.255">
  <attribute name="GC Util" value="177" />
  <attribute name="CPU Util" value="7290160072590" />
  <attribute name="Time Running"value="5800"/>
  <attribute name="Number of cores"value="4"/>
</cycle-end>
<allocation-satisfied id="803" threadId="0000000001AB4700" bytesRequested="200008" />
<af-end id="804" timestamp="2019-07-02T23:30:28.255" threadId="0000000001AB5088" success="true" />
<exclusive-end id="805" timestamp="2019-07-02T23:30:28.255" durationms="3.707" />

<exclusive-start id="806" timestamp="2019-07-02T23:30:28.310" intervalms="58.855">
  <response-info timems="0.104" idlems="0.104" threads="0" lastid="0000000001AB4700" lastname="main" />
</exclusive-start>
<af-start id="807" threadId="0000000001AB5088" totalBytesRequested="24" timestamp="2019-07-02T23:30:28.310" intervalms="58.905" />
<cycle-start id="808" type="global" contextid="0" timestamp="2019-07-02T23:30:28.310" intervalms="58.948" />
  <attribute name="GC Util" value="177" />
  <attribute name="CPU Util" value="7290160072590" />
  <attribute name="Time Running"value="5800"/>
  <attribute name="Number of cores"value="4"/>
<gc-start id="809" type="global" contextid="808" timestamp="2019-07-02T23:30:28.310">
  <mem-info id="810" free="644096" total="16121856" percent="3">
    <mem type="tenure" free="644096" total="16121856" percent="3">
      <mem type="soa" free="0" total="15477760" percent="0" />
      <mem type="loa" free="644096" total="644096" percent="100" />
    </mem>
  </mem-info>
</gc-start>
<allocation-stats totalBytes="10216712" >
  <allocated-bytes non-tlh="751792" tlh="9464920" />
  <largest-consumer threadName="main" threadId="0000000001AB4700" bytes="10214248" />
</allocation-stats>
<gc-op id="811" type="mark" timems="5.276" contextid="808" timestamp="2019-07-02T23:30:28.316">
  <trace-info objectcount="109969" scancount="91798" scanbytes="3071620" />
  <finalization candidates="80" enqueued="0" />
  <ownableSynchronizers candidates="21" cleared="0" />
  <references type="soft" candidates="2077" cleared="0" enqueued="0" dynamicThreshold="21" maxThreshold="32" />
  <references type="weak" candidates="5511" cleared="20" enqueued="20" />
  <references type="phantom" candidates="101" cleared="0" enqueued="0" />
  <stringconstants candidates="13011" cleared="12"  />
</gc-op>
<gc-op id="812" type="classunload" timems="0.004" contextid="808" timestamp="2019-07-02T23:30:28.316">
  <classunload-info classloadercandidates="54" classloadersunloaded="0" classesunloaded="0" anonymousclassesunloaded="0" quiescems="0.000" setupms="0.003" scanms="0.001" postms="0.000" />
</gc-op>
<gc-op id="813" type="sweep" timems="0.278" contextid="808" timestamp="2019-07-02T23:30:28.316" />
<heap-resize id="814" type="contract" space="tenure" amount="524288" count="1" timems="0.102" reason="excess free space following gc" timestamp="2019-07-02T23:30:28.317" />
<gc-end id="815" type="global" contextid="808" durationms="6.193" usertimems="12.000" systemtimems="0.000" timestamp="2019-07-02T23:30:28.317" activeThreads="4">
  <mem-info id="816" free="9399688" total="15597568" percent="60">
    <mem type="tenure" free="9399688" total="15597568" percent="60" micro-fragmented="82226" macro-fragmented="0">
      <mem type="soa" free="9206560" total="14973952" percent="61" />
      <mem type="loa" free="193128" total="623616" percent="30" />
    </mem>
    <pending-finalizers system="0" default="0" reference="20" classloader="0" />
  </mem-info>
</gc-end>
<cycle-end id="817" type="global" contextid="808" timestamp="2019-07-02T23:30:28.317">
  <attribute name="GC Util" value="130" />
  <attribute name="CPU Util" value="3378977551679" />
  <attribute name="Time Running"value="5862"/>
  <attribute name="Number of cores"value="4"/>
</cycle-end>
<allocation-satisfied id="818" threadId="0000000001AB4700" bytesRequested="24" />
<af-end id="819" timestamp="2019-07-02T23:30:28.317" threadId="0000000001AB5088" success="true" />
<exclusive-end id="820" timestamp="2019-07-02T23:30:28.317" durationms="6.711" />

<exclusive-start id="821" timestamp="2019-07-02T23:30:28.332" intervalms="22.233">
  <response-info timems="0.079" idlems="0.079" threads="0" lastid="0000000001AB4700" lastname="main" />
</exclusive-start>
<af-start id="822" threadId="0000000001AB5088" totalBytesRequested="38680" timestamp="2019-07-02T23:30:28.332" intervalms="22.231" />
<cycle-start id="823" type="global" contextid="0" timestamp="2019-07-02T23:30:28.333" intervalms="22.227" />
  <attribute name="GC Util" value="130" />
  <attribute name="CPU Util" value="3378977551679" />
  <attribute name="Time Running"value="5862"/>
  <attribute name="Number of cores"value="4"/>
<gc-start id="824" type="global" contextid="823" timestamp="2019-07-02T23:30:28.333">
  <mem-info id="825" free="243688" total="15597568" percent="1">
    <mem type="tenure" free="243688" total="15597568" percent="1">
      <mem type="soa" free="50560" total="14973952" percent="0" />
      <mem type="loa" free="193128" total="623616" percent="30" />
    </mem>
  </mem-info>
</gc-start>
<allocation-stats totalBytes="9049928" >
  <allocated-bytes non-tlh="55648" tlh="8994280" />
  <largest-consumer threadName="main" threadId="0000000001AB4700" bytes="9048880" />
</allocation-stats>
<gc-op id="826" type="mark" timems="2.775" contextid="823" timestamp="2019-07-02T23:30:28.336">
  <trace-info objectcount="105656" scancount="87959" scanbytes="2871812" />
  <finalization candidates="80" enqueued="0" />
  <ownableSynchronizers candidates="21" cleared="0" />
  <references type="soft" candidates="2077" cleared="0" enqueued="0" dynamicThreshold="19" maxThreshold="32" />
  <references type="weak" candidates="5492" cleared="1" enqueued="1" />
  <references type="phantom" candidates="100" cleared="0" enqueued="0" />
  <stringconstants candidates="13011" cleared="12"  />
</gc-op>
<gc-op id="827" type="sweep" timems="0.333" contextid="823" timestamp="2019-07-02T23:30:28.336" />
<heap-resize id="828" type="contract" space="tenure" amount="524288" count="1" timems="0.091" reason="excess free space following gc" timestamp="2019-07-02T23:30:28.336" />
<gc-end id="829" type="global" contextid="823" durationms="3.607" usertimems="8.000" systemtimems="0.000" timestamp="2019-07-02T23:30:28.336" activeThreads="4">
  <mem-info id="830" free="9449184" total="15073280" percent="62">
    <mem type="tenure" free="9449184" total="15073280" percent="62" micro-fragmented="59104" macro-fragmented="0">
      <mem type="soa" free="8913472" total="14471168" percent="61" />
      <mem type="loa" free="535712" total="602112" percent="88" />
    </mem>
    <pending-finalizers system="0" default="0" reference="1" classloader="0" />
  </mem-info>
</gc-end>
<cycle-end id="831" type="global" contextid="823" timestamp="2019-07-02T23:30:28.336">
  <attribute name="GC Util" value="166" />
  <attribute name="CPU Util" value="6453658582738" />
  <attribute name="Time Running"value="5882"/>
  <attribute name="Number of cores"value="4"/>
</cycle-end>
<allocation-satisfied id="832" threadId="0000000001AB4700" bytesRequested="38680" />
<af-end id="833" timestamp="2019-07-02T23:30:28.336" threadId="0000000001AB5088" success="true" />
<exclusive-end id="834" timestamp="2019-07-02T23:30:28.337" durationms="4.238" />

<exclusive-start id="835" timestamp="2019-07-02T23:30:28.368" intervalms="36.102">
  <response-info timems="0.020" idlems="0.011" threads="1" lastid="0000000001ABFB00" lastname="JIT Compilation Thread-2" />
</exclusive-start>
<af-start id="836" threadId="0000000001AB5088" totalBytesRequested="966384" timestamp="2019-07-02T23:30:28.368" intervalms="36.065" />
<cycle-start id="837" type="global" contextid="0" timestamp="2019-07-02T23:30:28.369" intervalms="36.030" />
  <attribute name="GC Util" value="166" />
  <attribute name="CPU Util" value="6453658582738" />
  <attribute name="Time Running"value="5882"/>
  <attribute name="Number of cores"value="4"/>
<gc-start id="838" type="global" contextid="837" timestamp="2019-07-02T23:30:28.369">
  <mem-info id="839" free="2517568" total="15073280" percent="16">
    <mem type="tenure" free="2517568" total="15073280" percent="16">
      <mem type="soa" free="1981856" total="14471168" percent="13" />
      <mem type="loa" free="535712" total="602112" percent="88" />
    </mem>
  </mem-info>
</gc-start>
<allocation-stats totalBytes="6965976" >
  <allocated-bytes non-tlh="311712" tlh="6654264" />
  <largest-consumer threadName="main" threadId="0000000001AB4700" bytes="6965208" />
</allocation-stats>
<heap-resize id="840" type="loa expand" space="tenure" amount="151552" count="1" timems="0.091" reason="expand on failed allocate" timestamp="2019-07-02T23:30:28.369" />
<gc-op id="841" type="mark" timems="2.730" contextid="837" timestamp="2019-07-02T23:30:28.371">
  <trace-info objectcount="108432" scancount="90485" scanbytes="2957672" />
  <finalization candidates="83" enqueued="1" />
  <ownableSynchronizers candidates="21" cleared="0" />
  <references type="soft" candidates="2223" cleared="0" enqueued="0" dynamicThreshold="20" maxThreshold="32" />
  <references type="weak" candidates="5547" cleared="6" enqueued="6" />
  <references type="phantom" candidates="103" cleared="1" enqueued="1" />
  <stringconstants candidates="13202" cleared="12"  />
</gc-op>
<gc-op id="842" type="sweep" timems="0.282" contextid="837" timestamp="2019-07-02T23:30:28.372" />
<gc-end id="843" type="global" contextid="837" durationms="3.292" usertimems="8.000" systemtimems="0.000" timestamp="2019-07-02T23:30:28.372" activeThreads="4">
  <mem-info id="844" free="8382016" total="15073280" percent="55">
    <mem type="tenure" free="8382016" total="15073280" percent="55" micro-fragmented="147972" macro-fragmented="0">
      <mem type="soa" free="7630808" total="14319616" percent="53" />
      <mem type="loa" free="751208" total="753664" percent="99" />
    </mem>
    <pending-finalizers system="0" default="1" reference="7" classloader="0" />
  </mem-info>
</gc-end>
<cycle-end id="845" type="global" contextid="837" timestamp="2019-07-02T23:30:28.372">
  <attribute name="GC Util" value="177" />
  <attribute name="CPU Util" value="6619758215929" />
  <attribute name="Time Running"value="5917"/>
  <attribute name="Number of cores"value="4"/>
</cycle-end>
<allocation-satisfied id="846" threadId="0000000001AB4700" bytesRequested="966384" />
<af-end id="847" timestamp="2019-07-02T23:30:28.372" threadId="0000000001AB5088" success="true" />
<exclusive-end id="848" timestamp="2019-07-02T23:30:28.372" durationms="3.790" />

<exclusive-start id="849" timestamp="2019-07-02T23:30:28.435" intervalms="66.677">
  <response-info timems="0.120" idlems="0.120" threads="0" lastid="0000000001AB4700" lastname="main" />
</exclusive-start>
<af-start id="850" threadId="0000000001AB5088" totalBytesRequested="736" timestamp="2019-07-02T23:30:28.435" intervalms="66.762" />
<cycle-start id="851" type="global" contextid="0" timestamp="2019-07-02T23:30:28.435" intervalms="66.809" />
  <attribute name="GC Util" value="177" />
  <attribute name="CPU Util" value="6619758215929" />
  <attribute name="Time Running"value="5917"/>
  <attribute name="Number of cores"value="4"/>
<gc-start id="852" type="global" contextid="851" timestamp="2019-07-02T23:30:28.435">
  <mem-info id="853" free="751208" total="15073280" percent="4">
    <mem type="tenure" free="751208" total="15073280" percent="4">
      <mem type="soa" free="0" total="14319616" percent="0" />
      <mem type="loa" free="751208" total="753664" percent="99" />
    </mem>
  </mem-info>
</gc-start>
<allocation-stats totalBytes="8568072" >
  <allocated-bytes non-tlh="2904408" tlh="5663664" />
  <largest-consumer threadName="main" threadId="0000000001AB4700" bytes="8566256" />
</allocation-stats>
<gc-op id="854" type="mark" timems="2.994" contextid="851" timestamp="2019-07-02T23:30:28.439">
  <trace-info objectcount="118806" scancount="99370" scanbytes="3179264" />
  <finalization candidates="82" enqueued="1" />
  <ownableSynchronizers candidates="21" cleared="0" />
  <references type="soft" candidates="2232" cleared="3" enqueued="3" dynamicThreshold="17" maxThreshold="32" />
  <references type="weak" candidates="5554" cleared="3" enqueued="3" />
  <references type="phantom" candidates="102" cleared="0" enqueued="0" />
  <stringconstants candidates="13204" cleared="0"  />
</gc-op>
<gc-op id="855" type="sweep" timems="0.319" contextid="851" timestamp="2019-07-02T23:30:28.439" />
<gc-end id="856" type="global" contextid="851" durationms="3.701" usertimems="8.000" systemtimems="0.000" timestamp="2019-07-02T23:30:28.439" activeThreads="4">
  <mem-info id="857" free="7029744" total="15073280" percent="46">
    <mem type="tenure" free="7029744" total="15073280" percent="46" micro-fragmented="148757" macro-fragmented="0">
      <mem type="soa" free="6278536" total="14319616" percent="43" />
      <mem type="loa" free="751208" total="753664" percent="99" />
    </mem>
    <pending-finalizers system="0" default="1" reference="6" classloader="0" />
  </mem-info>
</gc-end>
<cycle-end id="858" type="global" contextid="851" timestamp="2019-07-02T23:30:28.439">
  <attribute name="GC Util" value="168" />
  <attribute name="CPU Util" value="5995034136807" />
  <attribute name="Time Running"value="5985"/>
  <attribute name="Number of cores"value="4"/>
</cycle-end>
<allocation-satisfied id="859" threadId="0000000001AB4700" bytesRequested="736" />
<af-end id="860" timestamp="2019-07-02T23:30:28.439" threadId="0000000001AB5088" success="true" />
<exclusive-end id="861" timestamp="2019-07-02T23:30:28.439" durationms="4.314" />

<exclusive-start id="862" timestamp="2019-07-02T23:30:28.483" intervalms="47.714">
  <response-info timems="0.072" idlems="0.072" threads="0" lastid="0000000001AB4700" lastname="main" />
</exclusive-start>
<af-start id="863" threadId="0000000001AB5088" totalBytesRequested="760" timestamp="2019-07-02T23:30:28.483" intervalms="47.768" />
<cycle-start id="864" type="global" contextid="0" timestamp="2019-07-02T23:30:28.483" intervalms="47.843" />
  <attribute name="GC Util" value="168" />
  <attribute name="CPU Util" value="5995034136807" />
  <attribute name="Time Running"value="5985"/>
  <attribute name="Number of cores"value="4"/>
<gc-start id="865" type="global" contextid="864" timestamp="2019-07-02T23:30:28.483">
  <mem-info id="866" free="751208" total="15073280" percent="4">
    <mem type="tenure" free="751208" total="15073280" percent="4">
      <mem type="soa" free="0" total="14319616" percent="0" />
      <mem type="loa" free="751208" total="753664" percent="99" />
    </mem>
  </mem-info>
</gc-start>
<allocation-stats totalBytes="6131344" >
  <allocated-bytes non-tlh="0" tlh="6131344" />
  <largest-consumer threadName="main" threadId="0000000001AB4700" bytes="6131344" />
</allocation-stats>
<gc-op id="867" type="mark" timems="3.391" contextid="864" timestamp="2019-07-02T23:30:28.487">
  <trace-info objectcount="129674" scancount="108549" scanbytes="3403704" />
  <finalization candidates="81" enqueued="0" />
  <ownableSynchronizers candidates="21" cleared="0" />
  <references type="soft" candidates="2229" cleared="5" enqueued="5" dynamicThreshold="14" maxThreshold="32" />
  <references type="weak" candidates="5551" cleared="0" enqueued="0" />
  <references type="phantom" candidates="102" cleared="0" enqueued="0" />
  <stringconstants candidates="13204" cleared="0"  />
</gc-op>
<gc-op id="868" type="sweep" timems="0.408" contextid="864" timestamp="2019-07-02T23:30:28.488" />
<gc-end id="869" type="global" contextid="864" durationms="4.314" usertimems="8.000" systemtimems="0.000" timestamp="2019-07-02T23:30:28.488" activeThreads="4">
  <mem-info id="870" free="6554008" total="15073280" percent="43">
    <mem type="tenure" free="6554008" total="15073280" percent="43" micro-fragmented="230459" macro-fragmented="0">
      <mem type="soa" free="5802800" total="14319616" percent="40" />
      <mem type="loa" free="751208" total="753664" percent="99" />
    </mem>
    <pending-finalizers system="0" default="0" reference="5" classloader="0" />
  </mem-info>
</gc-end>
<cycle-end id="871" type="global" contextid="864" timestamp="2019-07-02T23:30:28.488">
  <attribute name="GC Util" value="167" />
  <attribute name="CPU Util" value="5300444286428" />
  <attribute name="Time Running"value="6033"/>
  <attribute name="Number of cores"value="4"/>
</cycle-end>
<allocation-satisfied id="872" threadId="0000000001AB4700" bytesRequested="760" />
<af-end id="873" timestamp="2019-07-02T23:30:28.488" threadId="0000000001AB5088" success="true" />
<exclusive-end id="874" timestamp="2019-07-02T23:30:28.488" durationms="5.233" />

<exclusive-start id="875" timestamp="2019-07-02T23:30:28.516" intervalms="33.057">
  <response-info timems="0.108" idlems="0.108" threads="0" lastid="0000000001AB4700" lastname="main" />
</exclusive-start>
<af-start id="876" threadId="0000000001AB5088" totalBytesRequested="40" timestamp="2019-07-02T23:30:28.516" intervalms="32.977" />
<cycle-start id="877" type="global" contextid="0" timestamp="2019-07-02T23:30:28.516" intervalms="32.904" />
  <attribute name="GC Util" value="167" />
  <attribute name="CPU Util" value="5300444286428" />
  <attribute name="Time Running"value="6033"/>
  <attribute name="Number of cores"value="4"/>
<gc-start id="878" type="global" contextid="877" timestamp="2019-07-02T23:30:28.516">
  <mem-info id="879" free="751208" total="15073280" percent="4">
    <mem type="tenure" free="751208" total="15073280" percent="4">
      <mem type="soa" free="0" total="14319616" percent="0" />
      <mem type="loa" free="751208" total="753664" percent="99" />
    </mem>
  </mem-info>
</gc-start>
<allocation-stats totalBytes="5630856" >
  <allocated-bytes non-tlh="0" tlh="5630856" />
  <largest-consumer threadName="main" threadId="0000000001AB4700" bytes="5630856" />
</allocation-stats>
<gc-op id="880" type="mark" timems="3.418" contextid="877" timestamp="2019-07-02T23:30:28.520">
  <trace-info objectcount="140168" scancount="117626" scanbytes="3616424" />
  <finalization candidates="81" enqueued="0" />
  <ownableSynchronizers candidates="21" cleared="0" />
  <references type="soft" candidates="2224" cleared="1" enqueued="1" dynamicThreshold="13" maxThreshold="32" />
  <references type="weak" candidates="5551" cleared="0" enqueued="0" />
  <references type="phantom" candidates="102" cleared="0" enqueued="0" />
  <stringconstants candidates="13204" cleared="0"  />
</gc-op>
<gc-op id="881" type="sweep" timems="0.415" contextid="877" timestamp="2019-07-02T23:30:28.520" />
<gc-end id="882" type="global" contextid="877" durationms="4.136" usertimems="8.000" systemtimems="0.000" timestamp="2019-07-02T23:30:28.520" activeThreads="4">
  <mem-info id="883" free="5886488" total="15073280" percent="39">
    <mem type="tenure" free="5886488" total="15073280" percent="39" micro-fragmented="389193" macro-fragmented="0">
      <mem type="soa" free="5135280" total="14319616" percent="35" />
      <mem type="loa" free="751208" total="753664" percent="99" />
    </mem>
    <pending-finalizers system="0" default="0" reference="1" classloader="0" />
  </mem-info>
</gc-end>
<cycle-end id="884" type="global" contextid="877" timestamp="2019-07-02T23:30:28.520">
  <attribute name="GC Util" value="171" />
  <attribute name="CPU Util" value="5258942140631" />
  <attribute name="Time Running"value="6066"/>
  <attribute name="Number of cores"value="4"/>
</cycle-end>
<allocation-satisfied id="885" threadId="0000000001AB4700" bytesRequested="40" />
<af-end id="886" timestamp="2019-07-02T23:30:28.521" threadId="0000000001AB5088" success="true" />
<exclusive-end id="887" timestamp="2019-07-02T23:30:28.521" durationms="4.778" />

<exclusive-start id="888" timestamp="2019-07-02T23:30:28.533" intervalms="17.016">
  <response-info timems="0.069" idlems="0.069" threads="0" lastid="0000000001AB4700" lastname="main" />
</exclusive-start>
<af-start id="889" threadId="0000000001AB5088" totalBytesRequested="16392" timestamp="2019-07-02T23:30:28.533" intervalms="17.037" />
<cycle-start id="890" type="global" contextid="0" timestamp="2019-07-02T23:30:28.533" intervalms="17.032" />
  <attribute name="GC Util" value="171" />
  <attribute name="CPU Util" value="5258942140631" />
  <attribute name="Time Running"value="6066"/>
  <attribute name="Number of cores"value="4"/>
<gc-start id="891" type="global" contextid="890" timestamp="2019-07-02T23:30:28.533">
  <mem-info id="892" free="3165656" total="15073280" percent="21">
    <mem type="tenure" free="3165656" total="15073280" percent="21">
      <mem type="soa" free="2414448" total="14319616" percent="16" />
      <mem type="loa" free="751208" total="753664" percent="99" />
    </mem>
  </mem-info>
</gc-start>
<allocation-stats totalBytes="2600208" >
  <allocated-bytes non-tlh="0" tlh="2600208" />
  <largest-consumer threadName="main" threadId="0000000001AB4700" bytes="2600208" />
</allocation-stats>
<gc-op id="893" type="mark" timems="3.904" contextid="890" timestamp="2019-07-02T23:30:28.537">
  <trace-info objectcount="145309" scancount="122000" scanbytes="3718100" />
  <finalization candidates="81" enqueued="0" />
  <ownableSynchronizers candidates="21" cleared="0" />
  <references type="soft" candidates="2223" cleared="3" enqueued="3" dynamicThreshold="12" maxThreshold="32" />
  <references type="weak" candidates="5551" cleared="0" enqueued="0" />
  <references type="phantom" candidates="102" cleared="0" enqueued="0" />
  <stringconstants candidates="13204" cleared="0"  />
</gc-op>
<gc-op id="894" type="sweep" timems="0.629" contextid="890" timestamp="2019-07-02T23:30:28.538" />
<heap-resize id="895" type="expand" space="tenure" amount="2621440" count="1" timems="0.049" reason="excessive time being spent in gc" timestamp="2019-07-02T23:30:28.538" />
<gc-end id="896" type="global" contextid="890" durationms="5.096" usertimems="12.000" systemtimems="0.000" timestamp="2019-07-02T23:30:28.538" activeThreads="4">
  <mem-info id="897" free="8108960" total="17694720" percent="45">
    <mem type="tenure" free="8108960" total="17694720" percent="45" micro-fragmented="794492" macro-fragmented="0">
      <mem type="soa" free="7224224" total="16809984" percent="42" />
      <mem type="loa" free="884736" total="884736" percent="100" />
    </mem>
    <pending-finalizers system="0" default="0" reference="3" classloader="0" />
  </mem-info>
</gc-end>
<cycle-end id="898" type="global" contextid="890" timestamp="2019-07-02T23:30:28.538">
  <attribute name="GC Util" value="175" />
  <attribute name="CPU Util" value="4620887345709" />
  <attribute name="Time Running"value="6083"/>
  <attribute name="Number of cores"value="4"/>
</cycle-end>
<allocation-satisfied id="899" threadId="0000000001AB4700" bytesRequested="16392" />
<af-end id="900" timestamp="2019-07-02T23:30:28.539" threadId="0000000001AB5088" success="true" />
<exclusive-end id="901" timestamp="2019-07-02T23:30:28.539" durationms="5.724" />

<exclusive-start id="902" timestamp="2019-07-02T23:30:28.567" intervalms="33.935">
  <response-info timems="0.093" idlems="0.093" threads="0" lastid="0000000001AB4700" lastname="main" />
</exclusive-start>
<af-start id="903" threadId="0000000001AB5088" totalBytesRequested="760" timestamp="2019-07-02T23:30:28.567" intervalms="33.885" />
<cycle-start id="904" type="global" contextid="0" timestamp="2019-07-02T23:30:28.567" intervalms="33.894" />
  <attribute name="GC Util" value="175" />
  <attribute name="CPU Util" value="4620887345709" />
  <attribute name="Time Running"value="6083"/>
  <attribute name="Number of cores"value="4"/>
<gc-start id="905" type="global" contextid="904" timestamp="2019-07-02T23:30:28.567">
  <mem-info id="906" free="884736" total="17694720" percent="5">
    <mem type="tenure" free="884736" total="17694720" percent="5">
      <mem type="soa" free="0" total="16809984" percent="0" />
      <mem type="loa" free="884736" total="884736" percent="100" />
    </mem>
  </mem-info>
</gc-start>
<allocation-stats totalBytes="6957392" >
  <allocated-bytes non-tlh="32784" tlh="6924608" />
  <largest-consumer threadName="main" threadId="0000000001AB4700" bytes="6957392" />
</allocation-stats>
<gc-op id="907" type="mark" timems="3.895" contextid="904" timestamp="2019-07-02T23:30:28.571">
  <trace-info objectcount="159318" scancount="133952" scanbytes="4014368" />
  <finalization candidates="81" enqueued="0" />
  <ownableSynchronizers candidates="21" cleared="0" />
  <references type="soft" candidates="2220" cleared="0" enqueued="0" dynamicThreshold="14" maxThreshold="32" />
  <references type="weak" candidates="5551" cleared="0" enqueued="0" />
  <references type="phantom" candidates="102" cleared="0" enqueued="0" />
  <stringconstants candidates="13204" cleared="0"  />
</gc-op>
<gc-op id="908" type="sweep" timems="0.530" contextid="904" timestamp="2019-07-02T23:30:28.572" />
<heap-resize id="909" type="expand" space="tenure" amount="3014656" count="1" timems="0.070" reason="excessive time being spent in gc" timestamp="2019-07-02T23:30:28.572" />
<gc-end id="910" type="global" contextid="904" durationms="4.986" usertimems="8.000" systemtimems="0.000" timestamp="2019-07-02T23:30:28.572" activeThreads="4">
  <mem-info id="911" free="10224616" total="20709376" percent="49">
    <mem type="tenure" free="10224616" total="20709376" percent="49" micro-fragmented="968127" macro-fragmented="0">
      <mem type="soa" free="9189352" total="19674112" percent="46" />
      <mem type="loa" free="1035264" total="1035264" percent="100" />
    </mem>
  </mem-info>
</gc-end>
<cycle-end id="912" type="global" contextid="904" timestamp="2019-07-02T23:30:28.572">
  <attribute name="GC Util" value="173" />
  <attribute name="CPU Util" value="4628460702189" />
  <attribute name="Time Running"value="6117"/>
  <attribute name="Number of cores"value="4"/>
</cycle-end>
<allocation-satisfied id="913" threadId="0000000001AB4700" bytesRequested="760" />
<af-end id="914" timestamp="2019-07-02T23:30:28.572" threadId="0000000001AB5088" success="true" />
<exclusive-end id="915" timestamp="2019-07-02T23:30:28.572" durationms="5.566" />

<exclusive-start id="916" timestamp="2019-07-02T23:30:28.608" intervalms="40.830">
  <response-info timems="0.180" idlems="0.101" threads="1" lastid="0000000001AB8300" lastname="JIT Compilation Thread-0" />
</exclusive-start>
<af-start id="917" threadId="0000000001AB5088" totalBytesRequested="760" timestamp="2019-07-02T23:30:28.608" intervalms="40.875" />
<cycle-start id="918" type="global" contextid="0" timestamp="2019-07-02T23:30:28.608" intervalms="40.870" />
  <attribute name="GC Util" value="173" />
  <attribute name="CPU Util" value="4628460702189" />
  <attribute name="Time Running"value="6117"/>
  <attribute name="Number of cores"value="4"/>
<gc-start id="919" type="global" contextid="918" timestamp="2019-07-02T23:30:28.608">
  <mem-info id="920" free="1035264" total="20709376" percent="4">
    <mem type="tenure" free="1035264" total="20709376" percent="4">
      <mem type="soa" free="0" total="19674112" percent="0" />
      <mem type="loa" free="1035264" total="1035264" percent="100" />
    </mem>
  </mem-info>
</gc-start>
<allocation-stats totalBytes="8823840" >
  <allocated-bytes non-tlh="0" tlh="8823840" />
  <largest-consumer threadName="main" threadId="0000000001AB4700" bytes="8823840" />
</allocation-stats>
<gc-op id="921" type="mark" timems="4.483" contextid="918" timestamp="2019-07-02T23:30:28.613">
  <trace-info objectcount="177737" scancount="149978" scanbytes="4389776" />
  <finalization candidates="81" enqueued="0" />
  <ownableSynchronizers candidates="21" cleared="0" />
  <references type="soft" candidates="2220" cleared="0" enqueued="0" dynamicThreshold="15" maxThreshold="32" />
  <references type="weak" candidates="5551" cleared="0" enqueued="0" />
  <references type="phantom" candidates="102" cleared="0" enqueued="0" />
  <stringconstants candidates="13204" cleared="0"  />
</gc-op>
<gc-op id="922" type="sweep" timems="0.740" contextid="918" timestamp="2019-07-02T23:30:28.613" />
<heap-resize id="923" type="expand" space="tenure" amount="3538944" count="1" timems="0.085" reason="excessive time being spent in gc" timestamp="2019-07-02T23:30:28.614" />
<gc-end id="924" type="global" contextid="918" durationms="5.695" usertimems="16.000" systemtimems="0.000" timestamp="2019-07-02T23:30:28.614" activeThreads="4">
  <mem-info id="925" free="12552176" total="24248320" percent="51">
    <mem type="tenure" free="12552176" total="24248320" percent="51" micro-fragmented="1424881" macro-fragmented="0">
      <mem type="soa" free="11339760" total="23035904" percent="49" />
      <mem type="loa" free="1212416" total="1212416" percent="100" />
    </mem>
  </mem-info>
</gc-end>
<cycle-end id="926" type="global" contextid="918" timestamp="2019-07-02T23:30:28.614">
  <attribute name="GC Util" value="180" />
  <attribute name="CPU Util" value="4056340533423" />
  <attribute name="Time Running"value="6159"/>
  <attribute name="Number of cores"value="4"/>
</cycle-end>
<allocation-satisfied id="927" threadId="0000000001AB4700" bytesRequested="760" />
<af-end id="928" timestamp="2019-07-02T23:30:28.614" threadId="0000000001AB5088" success="true" />
<exclusive-end id="929" timestamp="2019-07-02T23:30:28.614" durationms="6.439" />

<exclusive-start id="930" timestamp="2019-07-02T23:30:28.647" intervalms="39.800">
  <response-info timems="0.065" idlems="0.065" threads="0" lastid="0000000001AB4700" lastname="main" />
</exclusive-start>
<af-start id="931" threadId="0000000001AB5088" totalBytesRequested="32" timestamp="2019-07-02T23:30:28.648" intervalms="39.809" />
<cycle-start id="932" type="global" contextid="0" timestamp="2019-07-02T23:30:28.648" intervalms="39.807" />
  <attribute name="GC Util" value="180" />
  <attribute name="CPU Util" value="4056340533423" />
  <attribute name="Time Running"value="6159"/>
  <attribute name="Number of cores"value="4"/>
<gc-start id="933" type="global" contextid="932" timestamp="2019-07-02T23:30:28.648">
  <mem-info id="934" free="1212416" total="24248320" percent="5">
    <mem type="tenure" free="1212416" total="24248320" percent="5">
      <mem type="soa" free="0" total="23035904" percent="0" />
      <mem type="loa" free="1212416" total="1212416" percent="100" />
    </mem>
  </mem-info>
</gc-start>
<allocation-stats totalBytes="10819768" >
  <allocated-bytes non-tlh="65552" tlh="10754216" />
  <largest-consumer threadName="main" threadId="0000000001AB4700" bytes="10819768" />
</allocation-stats>
<gc-op id="935" type="mark" timems="4.480" contextid="932" timestamp="2019-07-02T23:30:28.652">
  <trace-info objectcount="198437" scancount="168012" scanbytes="4845044" />
  <finalization candidates="81" enqueued="0" />
  <ownableSynchronizers candidates="21" cleared="0" />
  <references type="soft" candidates="2220" cleared="0" enqueued="0" dynamicThreshold="16" maxThreshold="32" />
  <references type="weak" candidates="5551" cleared="0" enqueued="0" />
  <references type="phantom" candidates="102" cleared="0" enqueued="0" />
  <stringconstants candidates="13204" cleared="0"  />
</gc-op>
<gc-op id="936" type="sweep" timems="0.560" contextid="932" timestamp="2019-07-02T23:30:28.653" />
<heap-resize id="937" type="expand" space="tenure" amount="4128768" count="1" timems="0.105" reason="excessive time being spent in gc" timestamp="2019-07-02T23:30:28.653" />
<gc-end id="938" type="global" contextid="932" durationms="5.649" usertimems="12.000" systemtimems="0.000" timestamp="2019-07-02T23:30:28.653" activeThreads="4">
  <mem-info id="939" free="15273488" total="28377088" percent="53">
    <mem type="tenure" free="15273488" total="28377088" percent="53" micro-fragmented="1990479" macro-fragmented="0">
      <mem type="soa" free="13855248" total="26958848" percent="51" />
      <mem type="loa" free="1418240" total="1418240" percent="100" />
    </mem>
  </mem-info>
</gc-end>
<cycle-end id="940" type="global" contextid="932" timestamp="2019-07-02T23:30:28.654">
  <attribute name="GC Util" value="175" />
  <attribute name="CPU Util" value="4020705605224" />
  <attribute name="Time Running"value="6199"/>
  <attribute name="Number of cores"value="4"/>
</cycle-end>
<allocation-satisfied id="941" threadId="0000000001AB4700" bytesRequested="32" />
<af-end id="942" timestamp="2019-07-02T23:30:28.654" threadId="0000000001AB5088" success="true" />
<exclusive-end id="943" timestamp="2019-07-02T23:30:28.654" durationms="6.414" />

<exclusive-start id="944" timestamp="2019-07-02T23:30:28.691" intervalms="43.195">
  <response-info timems="0.072" idlems="0.072" threads="0" lastid="0000000001AB4700" lastname="main" />
</exclusive-start>
<af-start id="945" threadId="0000000001AB5088" totalBytesRequested="16" timestamp="2019-07-02T23:30:28.691" intervalms="43.188" />
<cycle-start id="946" type="global" contextid="0" timestamp="2019-07-02T23:30:28.691" intervalms="43.189" />
  <attribute name="GC Util" value="175" />
  <attribute name="CPU Util" value="4020705605224" />
  <attribute name="Time Running"value="6199"/>
  <attribute name="Number of cores"value="4"/>
<gc-start id="947" type="global" contextid="946" timestamp="2019-07-02T23:30:28.691">
  <mem-info id="948" free="1418240" total="28377088" percent="4">
    <mem type="tenure" free="1418240" total="28377088" percent="4">
      <mem type="soa" free="0" total="26958848" percent="0" />
      <mem type="loa" free="1418240" total="1418240" percent="100" />
    </mem>
  </mem-info>
</gc-start>
<allocation-stats totalBytes="13241896" >
  <allocated-bytes non-tlh="0" tlh="13241896" />
  <largest-consumer threadName="main" threadId="0000000001AB4700" bytes="13241896" />
</allocation-stats>
<gc-op id="949" type="mark" timems="5.368" contextid="946" timestamp="2019-07-02T23:30:28.696">
  <trace-info objectcount="224208" scancount="190512" scanbytes="5372376" />
  <finalization candidates="81" enqueued="0" />
  <ownableSynchronizers candidates="21" cleared="0" />
  <references type="soft" candidates="2220" cleared="0" enqueued="0" dynamicThreshold="17" maxThreshold="32" />
  <references type="weak" candidates="5551" cleared="0" enqueued="0" />
  <references type="phantom" candidates="102" cleared="0" enqueued="0" />
  <stringconstants candidates="13204" cleared="0"  />
</gc-op>
<gc-op id="950" type="sweep" timems="0.783" contextid="946" timestamp="2019-07-02T23:30:28.697" />
<heap-resize id="951" type="expand" space="tenure" amount="4849664" count="1" timems="0.136" reason="excessive time being spent in gc" timestamp="2019-07-02T23:30:28.698" />
<gc-end id="952" type="global" contextid="946" durationms="6.669" usertimems="20.000" systemtimems="0.000" timestamp="2019-07-02T23:30:28.698" activeThreads="4">
  <mem-info id="953" free="18425736" total="33226752" percent="55">
    <mem type="tenure" free="18425736" total="33226752" percent="55" micro-fragmented="2828519" macro-fragmented="0">
      <mem type="soa" free="16764808" total="31565824" percent="53" />
      <mem type="loa" free="1660928" total="1660928" percent="100" />
    </mem>
  </mem-info>
</gc-end>
<cycle-end id="954" type="global" contextid="946" timestamp="2019-07-02T23:30:28.698">
  <attribute name="GC Util" value="179" />
  <attribute name="CPU Util" value="3396299131410" />
  <attribute name="Time Running"value="6242"/>
  <attribute name="Number of cores"value="4"/>
</cycle-end>
<allocation-satisfied id="955" threadId="0000000001AB4700" bytesRequested="16" />
<af-end id="956" timestamp="2019-07-02T23:30:28.698" threadId="0000000001AB5088" success="true" />
<exclusive-end id="957" timestamp="2019-07-02T23:30:28.698" durationms="7.393" />

<exclusive-start id="958" timestamp="2019-07-02T23:30:28.742" intervalms="51.410">
  <response-info timems="0.072" idlems="0.072" threads="0" lastid="0000000001AB4700" lastname="main" />
</exclusive-start>
<af-start id="959" threadId="0000000001AB5088" totalBytesRequested="16" timestamp="2019-07-02T23:30:28.742" intervalms="51.386" />
<cycle-start id="960" type="global" contextid="0" timestamp="2019-07-02T23:30:28.742" intervalms="51.390" />
  <attribute name="GC Util" value="179" />
  <attribute name="CPU Util" value="3396299131410" />
  <attribute name="Time Running"value="6242"/>
  <attribute name="Number of cores"value="4"/>
<gc-start id="961" type="global" contextid="960" timestamp="2019-07-02T23:30:28.742">
  <mem-info id="962" free="1660928" total="33226752" percent="4">
    <mem type="tenure" free="1660928" total="33226752" percent="4">
      <mem type="soa" free="0" total="31565824" percent="0" />
      <mem type="loa" free="1660928" total="1660928" percent="100" />
    </mem>
  </mem-info>
</gc-start>
<allocation-stats totalBytes="15992376" >
  <allocated-bytes non-tlh="0" tlh="15992376" />
  <largest-consumer threadName="main" threadId="0000000001AB4700" bytes="15992376" />
</allocation-stats>
<gc-op id="963" type="mark" timems="5.481" contextid="960" timestamp="2019-07-02T23:30:28.748">
  <trace-info objectcount="256311" scancount="217783" scanbytes="6011264" />
  <finalization candidates="81" enqueued="0" />
  <ownableSynchronizers candidates="21" cleared="0" />
  <references type="soft" candidates="2220" cleared="0" enqueued="0" dynamicThreshold="17" maxThreshold="32" />
  <references type="weak" candidates="5551" cleared="0" enqueued="0" />
  <references type="phantom" candidates="102" cleared="0" enqueued="0" />
  <stringconstants candidates="13204" cleared="0"  />
</gc-op>
<gc-op id="964" type="sweep" timems="0.604" contextid="960" timestamp="2019-07-02T23:30:28.749" />
<heap-resize id="965" type="expand" space="tenure" amount="5701632" count="1" timems="0.173" reason="excessive time being spent in gc" timestamp="2019-07-02T23:30:28.749" />
<gc-end id="966" type="global" contextid="960" durationms="6.683" usertimems="16.000" systemtimems="0.000" timestamp="2019-07-02T23:30:28.749" activeThreads="4">
  <mem-info id="967" free="22016504" total="38928384" percent="56">
    <mem type="tenure" free="22016504" total="38928384" percent="56" micro-fragmented="3760682" macro-fragmented="0">
      <mem type="soa" free="20070904" total="36982784" percent="54" />
      <mem type="loa" free="1945600" total="1945600" percent="100" />
    </mem>
  </mem-info>
</gc-end>
<cycle-end id="968" type="global" contextid="960" timestamp="2019-07-02T23:30:28.749">
  <attribute name="GC Util" value="185" />
  <attribute name="CPU Util" value="3291248000701" />
  <attribute name="Time Running"value="6294"/>
  <attribute name="Number of cores"value="4"/>
</cycle-end>
<allocation-satisfied id="969" threadId="0000000001AB4700" bytesRequested="16" />
<af-end id="970" timestamp="2019-07-02T23:30:28.749" threadId="0000000001AB5088" success="true" />
<exclusive-end id="971" timestamp="2019-07-02T23:30:28.749" durationms="7.330" />

<exclusive-start id="972" timestamp="2019-07-02T23:30:28.802" intervalms="60.207">
  <response-info timems="0.072" idlems="0.072" threads="0" lastid="0000000001AB4700" lastname="main" />
</exclusive-start>
<af-start id="973" threadId="0000000001AB5088" totalBytesRequested="16" timestamp="2019-07-02T23:30:28.802" intervalms="60.219" />
<cycle-start id="974" type="global" contextid="0" timestamp="2019-07-02T23:30:28.802" intervalms="60.213" />
  <attribute name="GC Util" value="185" />
  <attribute name="CPU Util" value="3291248000701" />
  <attribute name="Time Running"value="6294"/>
  <attribute name="Number of cores"value="4"/>
<gc-start id="975" type="global" contextid="974" timestamp="2019-07-02T23:30:28.803">
  <mem-info id="976" free="1945600" total="38928384" percent="4">
    <mem type="tenure" free="1945600" total="38928384" percent="4">
      <mem type="soa" free="0" total="36982784" percent="0" />
      <mem type="loa" free="1945600" total="1945600" percent="100" />
    </mem>
  </mem-info>
</gc-start>
<allocation-stats totalBytes="19118608" >
  <allocated-bytes non-tlh="131088" tlh="18987520" />
  <largest-consumer threadName="main" threadId="0000000001AB4700" bytes="19118608" />
</allocation-stats>
<gc-op id="977" type="mark" timems="5.935" contextid="974" timestamp="2019-07-02T23:30:28.809">
  <trace-info objectcount="295525" scancount="250714" scanbytes="6848344" />
  <finalization candidates="81" enqueued="0" />
  <ownableSynchronizers candidates="21" cleared="0" />
  <references type="soft" candidates="2220" cleared="0" enqueued="0" dynamicThreshold="18" maxThreshold="32" />
  <references type="weak" candidates="5551" cleared="0" enqueued="0" />
  <references type="phantom" candidates="102" cleared="0" enqueued="0" />
  <stringconstants candidates="13204" cleared="0"  />
</gc-op>
<gc-op id="978" type="sweep" timems="0.769" contextid="974" timestamp="2019-07-02T23:30:28.809" />
<gc-end id="979" type="global" contextid="974" durationms="7.022" usertimems="20.000" systemtimems="0.000" timestamp="2019-07-02T23:30:28.810" activeThreads="4">
  <mem-info id="980" free="19383016" total="38928384" percent="49">
    <mem type="tenure" free="19383016" total="38928384" percent="49" micro-fragmented="4376835" macro-fragmented="0">
      <mem type="soa" free="17437416" total="36982784" percent="47" />
      <mem type="loa" free="1945600" total="1945600" percent="100" />
    </mem>
  </mem-info>
</gc-end>
<cycle-end id="981" type="global" contextid="974" timestamp="2019-07-02T23:30:28.810">
  <attribute name="GC Util" value="185" />
  <attribute name="CPU Util" value="3059497919310" />
  <attribute name="Time Running"value="6355"/>
  <attribute name="Number of cores"value="4"/>
</cycle-end>
<allocation-satisfied id="982" threadId="0000000001AB4700" bytesRequested="16" />
<af-end id="983" timestamp="2019-07-02T23:30:28.810" threadId="0000000001AB5088" success="true" />
<exclusive-end id="984" timestamp="2019-07-02T23:30:28.810" durationms="7.692" />

<exclusive-start id="985" timestamp="2019-07-02T23:30:28.855" intervalms="52.352">
  <response-info timems="0.072" idlems="0.072" threads="0" lastid="0000000001AB4700" lastname="main" />
</exclusive-start>
<af-start id="986" threadId="0000000001AB5088" totalBytesRequested="16" timestamp="2019-07-02T23:30:28.855" intervalms="52.411" />
<cycle-start id="987" type="global" contextid="0" timestamp="2019-07-02T23:30:28.855" intervalms="52.429" />
  <attribute name="GC Util" value="185" />
  <attribute name="CPU Util" value="3059497919310" />
  <attribute name="Time Running"value="6355"/>
  <attribute name="Number of cores"value="4"/>
<gc-start id="988" type="global" contextid="987" timestamp="2019-07-02T23:30:28.855">
  <mem-info id="989" free="1945600" total="38928384" percent="4">
    <mem type="tenure" free="1945600" total="38928384" percent="4">
      <mem type="soa" free="0" total="36982784" percent="0" />
      <mem type="loa" free="1945600" total="1945600" percent="100" />
    </mem>
  </mem-info>
</gc-start>
<allocation-stats totalBytes="16301296" >
  <allocated-bytes non-tlh="0" tlh="16301296" />
  <largest-consumer threadName="main" threadId="0000000001AB4700" bytes="16301296" />
</allocation-stats>
<gc-op id="990" type="mark" timems="6.989" contextid="987" timestamp="2019-07-02T23:30:28.862">
  <trace-info objectcount="327254" scancount="277871" scanbytes="7484636" />
  <finalization candidates="81" enqueued="0" />
  <ownableSynchronizers candidates="21" cleared="0" />
  <references type="soft" candidates="2220" cleared="2" enqueued="2" dynamicThreshold="15" maxThreshold="32" />
  <references type="weak" candidates="5551" cleared="0" enqueued="0" />
  <references type="phantom" candidates="102" cleared="0" enqueued="0" />
  <stringconstants candidates="13204" cleared="0"  />
</gc-op>
<gc-op id="991" type="sweep" timems="0.771" contextid="987" timestamp="2019-07-02T23:30:28.863" />
<gc-end id="992" type="global" contextid="987" durationms="8.222" usertimems="20.000" systemtimems="0.000" timestamp="2019-07-02T23:30:28.863" activeThreads="4">
  <mem-info id="993" free="16967880" total="38928384" percent="43">
    <mem type="tenure" free="16967880" total="38928384" percent="43" micro-fragmented="5828903" macro-fragmented="0">
      <mem type="soa" free="15022280" total="36982784" percent="40" />
      <mem type="loa" free="1945600" total="1945600" percent="100" />
    </mem>
    <pending-finalizers system="0" default="0" reference="2" classloader="0" />
  </mem-info>
</gc-end>
<cycle-end id="994" type="global" contextid="987" timestamp="2019-07-02T23:30:28.863">
  <attribute name="GC Util" value="181" />
  <attribute name="CPU Util" value="2592263854066" />
  <attribute name="Time Running"value="6408"/>
  <attribute name="Number of cores"value="4"/>
</cycle-end>
<allocation-satisfied id="995" threadId="0000000001AB4700" bytesRequested="16" />
<af-end id="996" timestamp="2019-07-02T23:30:28.864" threadId="0000000001AB5088" success="true" />
<exclusive-end id="997" timestamp="2019-07-02T23:30:28.864" durationms="9.178" />

<exclusive-start id="998" timestamp="2019-07-02T23:30:28.901" intervalms="46.766">
  <response-info timems="0.083" idlems="0.083" threads="0" lastid="0000000001AB4700" lastname="main" />
</exclusive-start>
<af-start id="999" threadId="0000000001AB5088" totalBytesRequested="32" timestamp="2019-07-02T23:30:28.902" intervalms="46.722" />
<cycle-start id="1000" type="global" contextid="0" timestamp="2019-07-02T23:30:28.902" intervalms="46.741" />
  <attribute name="GC Util" value="181" />
  <attribute name="CPU Util" value="2592263854066" />
  <attribute name="Time Running"value="6408"/>
  <attribute name="Number of cores"value="4"/>
<gc-start id="1001" type="global" contextid="1000" timestamp="2019-07-02T23:30:28.902">
  <mem-info id="1002" free="1945600" total="38928384" percent="4">
    <mem type="tenure" free="1945600" total="38928384" percent="4">
      <mem type="soa" free="0" total="36982784" percent="0" />
      <mem type="loa" free="1945600" total="1945600" percent="100" />
    </mem>
  </mem-info>
</gc-start>
<allocation-stats totalBytes="13871456" >
  <allocated-bytes non-tlh="0" tlh="13871456" />
  <largest-consumer threadName="main" threadId="0000000001AB4700" bytes="13871456" />
</allocation-stats>
<gc-op id="1003" type="mark" timems="7.038" contextid="1000" timestamp="2019-07-02T23:30:28.909">
  <trace-info objectcount="355286" scancount="301395" scanbytes="8032896" />
  <finalization candidates="81" enqueued="0" />
  <ownableSynchronizers candidates="21" cleared="0" />
  <references type="soft" candidates="2218" cleared="24" enqueued="24" dynamicThreshold="13" maxThreshold="32" />
  <references type="weak" candidates="5551" cleared="0" enqueued="0" />
  <references type="phantom" candidates="102" cleared="0" enqueued="0" />
  <stringconstants candidates="13204" cleared="0"  />
</gc-op>
<gc-op id="1004" type="sweep" timems="0.851" contextid="1000" timestamp="2019-07-02T23:30:28.910" />
<heap-resize id="1005" type="expand" space="tenure" amount="6619136" count="1" timems="0.236" reason="excessive time being spent in gc" timestamp="2019-07-02T23:30:28.910" />
<gc-end id="1006" type="global" contextid="1000" durationms="8.755" usertimems="24.000" systemtimems="0.000" timestamp="2019-07-02T23:30:28.911" activeThreads="4">
  <mem-info id="1007" free="21317872" total="45547520" percent="46">
    <mem type="tenure" free="21317872" total="45547520" percent="46" micro-fragmented="7041741" macro-fragmented="0">
      <mem type="soa" free="19040496" total="43270144" percent="44" />
      <mem type="loa" free="2277376" total="2277376" percent="100" />
    </mem>
    <pending-finalizers system="0" default="0" reference="24" classloader="0" />
  </mem-info>
</gc-end>
<cycle-end id="1008" type="global" contextid="1000" timestamp="2019-07-02T23:30:28.911">
  <attribute name="GC Util" value="183" />
  <attribute name="CPU Util" value="2566203959246" />
  <attribute name="Time Running"value="6455"/>
  <attribute name="Number of cores"value="4"/>
</cycle-end>
<allocation-satisfied id="1009" threadId="0000000001AB4700" bytesRequested="32" />
<af-end id="1010" timestamp="2019-07-02T23:30:28.911" threadId="0000000001AB5088" success="true" />
<exclusive-end id="1011" timestamp="2019-07-02T23:30:28.911" durationms="9.688" />

<exclusive-start id="1012" timestamp="2019-07-02T23:30:28.961" intervalms="59.452">
  <response-info timems="0.076" idlems="0.076" threads="0" lastid="0000000001AB4700" lastname="main" />
</exclusive-start>
<af-start id="1013" threadId="0000000001AB5088" totalBytesRequested="728" timestamp="2019-07-02T23:30:28.961" intervalms="59.430" />
<cycle-start id="1014" type="global" contextid="0" timestamp="2019-07-02T23:30:28.961" intervalms="59.399" />
  <attribute name="GC Util" value="183" />
  <attribute name="CPU Util" value="2566203959246" />
  <attribute name="Time Running"value="6455"/>
  <attribute name="Number of cores"value="4"/>
<gc-start id="1015" type="global" contextid="1014" timestamp="2019-07-02T23:30:28.961">
  <mem-info id="1016" free="2277376" total="45547520" percent="5">
    <mem type="tenure" free="2277376" total="45547520" percent="5">
      <mem type="soa" free="0" total="43270144" percent="0" />
      <mem type="loa" free="2277376" total="2277376" percent="100" />
    </mem>
  </mem-info>
</gc-start>
<allocation-stats totalBytes="17902152" >
  <allocated-bytes non-tlh="0" tlh="17902152" />
  <largest-consumer threadName="main" threadId="0000000001AB4700" bytes="17902152" />
</allocation-stats>
<gc-op id="1017" type="mark" timems="7.816" contextid="1014" timestamp="2019-07-02T23:30:28.969">
  <trace-info objectcount="389606" scancount="331265" scanbytes="8731128" />
  <finalization candidates="81" enqueued="0" />
  <ownableSynchronizers candidates="21" cleared="0" />
  <references type="soft" candidates="2194" cleared="0" enqueued="0" dynamicThreshold="14" maxThreshold="32" />
  <references type="weak" candidates="5551" cleared="0" enqueued="0" />
  <references type="phantom" candidates="102" cleared="0" enqueued="0" />
  <stringconstants candidates="13204" cleared="0"  />
</gc-op>
<gc-op id="1018" type="sweep" timems="0.772" contextid="1014" timestamp="2019-07-02T23:30:28.970" />
<heap-resize id="1019" type="expand" space="tenure" amount="7798784" count="1" timems="0.279" reason="excessive time being spent in gc" timestamp="2019-07-02T23:30:28.970" />
<gc-end id="1020" type="global" contextid="1014" durationms="9.265" usertimems="28.000" systemtimems="0.000" timestamp="2019-07-02T23:30:28.970" activeThreads="4">
  <mem-info id="1021" free="26628480" total="53346304" percent="49">
    <mem type="tenure" free="26628480" total="53346304" percent="49" micro-fragmented="7569748" macro-fragmented="0">
      <mem type="soa" free="23961984" total="50679808" percent="47" />
      <mem type="loa" free="2666496" total="2666496" percent="100" />
    </mem>
  </mem-info>
</gc-end>
<cycle-end id="1022" type="global" contextid="1014" timestamp="2019-07-02T23:30:28.971">
  <attribute name="GC Util" value="186" />
  <attribute name="CPU Util" value="2330978229605" />
  <attribute name="Time Running"value="6515"/>
  <attribute name="Number of cores"value="4"/>
</cycle-end>
<allocation-satisfied id="1023" threadId="0000000001AB4700" bytesRequested="728" />
<af-end id="1024" timestamp="2019-07-02T23:30:28.971" threadId="0000000001AB5088" success="true" />
<exclusive-end id="1025" timestamp="2019-07-02T23:30:28.971" durationms="10.168" />

<exclusive-start id="1026" timestamp="2019-07-02T23:30:29.036" intervalms="74.750">
  <response-info timems="0.076" idlems="0.076" threads="0" lastid="0000000001AB4700" lastname="main" />
</exclusive-start>
<af-start id="1027" threadId="0000000001AB5088" totalBytesRequested="80" timestamp="2019-07-02T23:30:29.036" intervalms="74.781" />
<cycle-start id="1028" type="global" contextid="0" timestamp="2019-07-02T23:30:29.036" intervalms="74.779" />
  <attribute name="GC Util" value="186" />
  <attribute name="CPU Util" value="2330978229605" />
  <attribute name="Time Running"value="6515"/>
  <attribute name="Number of cores"value="4"/>
<gc-start id="1029" type="global" contextid="1028" timestamp="2019-07-02T23:30:29.036">
  <mem-info id="1030" free="2666496" total="53346304" percent="4">
    <mem type="tenure" free="2666496" total="53346304" percent="4">
      <mem type="soa" free="0" total="50679808" percent="0" />
      <mem type="loa" free="2666496" total="2666496" percent="100" />
    </mem>
  </mem-info>
</gc-start>
<allocation-stats totalBytes="22687296" >
  <allocated-bytes non-tlh="262160" tlh="22425136" />
  <largest-consumer threadName="main" threadId="0000000001AB4700" bytes="22687296" />
</allocation-stats>
<heap-resize id="1031" type="loa contract" space="tenure" amount="533504" count="1" timems="0.091" reason="contract underutilized loa" timestamp="2019-07-02T23:30:29.036" />
<gc-op id="1032" type="mark" timems="9.446" contextid="1028" timestamp="2019-07-02T23:30:29.046">
  <trace-info objectcount="434398" scancount="368300" scanbytes="9730840" />
  <finalization candidates="81" enqueued="0" />
  <ownableSynchronizers candidates="21" cleared="0" />
  <references type="soft" candidates="2194" cleared="0" enqueued="0" dynamicThreshold="15" maxThreshold="32" />
  <references type="weak" candidates="5551" cleared="0" enqueued="0" />
  <references type="phantom" candidates="102" cleared="0" enqueued="0" />
  <stringconstants candidates="13204" cleared="0"  />
</gc-op>
<gc-op id="1033" type="sweep" timems="1.114" contextid="1028" timestamp="2019-07-02T23:30:29.047" />
<heap-resize id="1034" type="expand" space="tenure" amount="9109504" count="1" timems="0.342" reason="excessive time being spent in gc" timestamp="2019-07-02T23:30:29.047" />
<gc-end id="1035" type="global" contextid="1028" durationms="11.531" usertimems="32.000" systemtimems="0.000" timestamp="2019-07-02T23:30:29.047" activeThreads="4">
  <mem-info id="1036" free="32576520" total="62455808" percent="52">
    <mem type="tenure" free="32576520" total="62455808" percent="52" micro-fragmented="9387279" macro-fragmented="0">
      <mem type="soa" free="30078984" total="59958272" percent="50" />
      <mem type="loa" free="2497536" total="2497536" percent="100" />
    </mem>
  </mem-info>
</gc-end>
<cycle-end id="1037" type="global" contextid="1028" timestamp="2019-07-02T23:30:29.048">
  <attribute name="GC Util" value="188" />
  <attribute name="CPU Util" value="1924081633750" />
  <attribute name="Time Running"value="6592"/>
  <attribute name="Number of cores"value="4"/>
</cycle-end>
<allocation-satisfied id="1038" threadId="0000000001AB4700" bytesRequested="80" />
<af-end id="1039" timestamp="2019-07-02T23:30:29.048" threadId="0000000001AB5088" success="true" />
<exclusive-end id="1040" timestamp="2019-07-02T23:30:29.048" durationms="12.321" />

<exclusive-start id="1041" timestamp="2019-07-02T23:30:29.126" intervalms="90.444">
  <response-info timems="0.081" idlems="0.081" threads="0" lastid="0000000001AB4700" lastname="main" />
</exclusive-start>
<af-start id="1042" threadId="0000000001AB5088" totalBytesRequested="32" timestamp="2019-07-02T23:30:29.126" intervalms="90.437" />
<cycle-start id="1043" type="global" contextid="0" timestamp="2019-07-02T23:30:29.126" intervalms="90.433" />
  <attribute name="GC Util" value="188" />
  <attribute name="CPU Util" value="1924081633750" />
  <attribute name="Time Running"value="6592"/>
  <attribute name="Number of cores"value="4"/>
<gc-start id="1044" type="global" contextid="1043" timestamp="2019-07-02T23:30:29.126">
  <mem-info id="1045" free="2497536" total="62455808" percent="3">
    <mem type="tenure" free="2497536" total="62455808" percent="3">
      <mem type="soa" free="0" total="59958272" percent="0" />
      <mem type="loa" free="2497536" total="2497536" percent="100" />
    </mem>
  </mem-info>
</gc-start>
<allocation-stats totalBytes="28660768" >
  <allocated-bytes non-tlh="0" tlh="28660768" />
  <largest-consumer threadName="main" threadId="0000000001AB4700" bytes="28660768" />
</allocation-stats>
<heap-resize id="1046" type="loa contract" space="tenure" amount="624640" count="1" timems="0.091" reason="contract underutilized loa" timestamp="2019-07-02T23:30:29.127" />
<gc-op id="1047" type="mark" timems="9.682" contextid="1043" timestamp="2019-07-02T23:30:29.136">
  <trace-info objectcount="492381" scancount="417762" scanbytes="10889868" />
  <finalization candidates="81" enqueued="0" />
  <ownableSynchronizers candidates="21" cleared="0" />
  <references type="soft" candidates="2194" cleared="0" enqueued="0" dynamicThreshold="16" maxThreshold="32" />
  <references type="weak" candidates="5551" cleared="0" enqueued="0" />
  <references type="phantom" candidates="102" cleared="0" enqueued="0" />
  <stringconstants candidates="13204" cleared="0"  />
</gc-op>
<gc-op id="1048" type="sweep" timems="1.056" contextid="1043" timestamp="2019-07-02T23:30:29.138" />
<heap-resize id="1049" type="expand" space="tenure" amount="10682368" count="1" timems="0.435" reason="excessive time being spent in gc" timestamp="2019-07-02T23:30:29.138" />
<gc-end id="1050" type="global" contextid="1043" durationms="11.849" usertimems="28.000" systemtimems="0.000" timestamp="2019-07-02T23:30:29.138" activeThreads="4">
  <mem-info id="1051" free="39364456" total="73138176" percent="53">
    <mem type="tenure" free="39364456" total="73138176" percent="53" micro-fragmented="11067763" macro-fragmented="0">
      <mem type="soa" free="37171048" total="70944768" percent="52" />
      <mem type="loa" free="2193408" total="2193408" percent="100" />
    </mem>
  </mem-info>
</gc-end>
<cycle-end id="1052" type="global" contextid="1043" timestamp="2019-07-02T23:30:29.138">
  <attribute name="GC Util" value="188" />
  <attribute name="CPU Util" value="1878205820190" />
  <attribute name="Time Running"value="6682"/>
  <attribute name="Number of cores"value="4"/>
</cycle-end>
<allocation-satisfied id="1053" threadId="0000000001AB4700" bytesRequested="32" />
<af-end id="1054" timestamp="2019-07-02T23:30:29.139" threadId="0000000001AB5088" success="true" />
<exclusive-end id="1055" timestamp="2019-07-02T23:30:29.139" durationms="12.595" />

<exclusive-start id="1056" timestamp="2019-07-02T23:30:29.250" intervalms="124.215">
  <response-info timems="0.070" idlems="0.070" threads="0" lastid="0000000001AB4700" lastname="main" />
</exclusive-start>
<af-start id="1057" threadId="0000000001AB5088" totalBytesRequested="16" timestamp="2019-07-02T23:30:29.250" intervalms="124.257" />
<cycle-start id="1058" type="global" contextid="0" timestamp="2019-07-02T23:30:29.251" intervalms="124.296" />
  <attribute name="GC Util" value="188" />
  <attribute name="CPU Util" value="1878205820190" />
  <attribute name="Time Running"value="6682"/>
  <attribute name="Number of cores"value="4"/>
<gc-start id="1059" type="global" contextid="1058" timestamp="2019-07-02T23:30:29.251">
  <mem-info id="1060" free="2193408" total="73138176" percent="2">
    <mem type="tenure" free="2193408" total="73138176" percent="2">
      <mem type="soa" free="0" total="70944768" percent="0" />
      <mem type="loa" free="2193408" total="2193408" percent="100" />
    </mem>
  </mem-info>
</gc-start>
<allocation-stats totalBytes="36025632" >
  <allocated-bytes non-tlh="1946784" tlh="34078848" />
  <largest-consumer threadName="main" threadId="0000000001AB4700" bytes="36025632" />
</allocation-stats>
<heap-resize id="1061" type="loa contract" space="tenure" amount="731136" count="1" timems="0.091" reason="contract underutilized loa" timestamp="2019-07-02T23:30:29.251" />
<gc-op id="1062" type="mark" timems="16.257" contextid="1058" timestamp="2019-07-02T23:30:29.267">
  <trace-info objectcount="571522" scancount="493811" scanbytes="12673716" />
  <finalization candidates="82" enqueued="1" />
  <ownableSynchronizers candidates="21" cleared="0" />
  <references type="soft" candidates="2194" cleared="0" enqueued="0" dynamicThreshold="17" maxThreshold="32" />
  <references type="weak" candidates="5555" cleared="0" enqueued="0" />
  <references type="phantom" candidates="102" cleared="0" enqueued="0" />
  <stringconstants candidates="13204" cleared="0"  />
</gc-op>
<gc-op id="1063" type="sweep" timems="1.627" contextid="1058" timestamp="2019-07-02T23:30:29.269" />
<gc-end id="1064" type="global" contextid="1058" durationms="18.512" usertimems="36.000" systemtimems="0.000" timestamp="2019-07-02T23:30:29.269" activeThreads="4">
  <mem-info id="1065" free="33467712" total="73138176" percent="45">
    <mem type="tenure" free="33467712" total="73138176" percent="45" micro-fragmented="13321001" macro-fragmented="0">
      <mem type="soa" free="32005440" total="71675904" percent="44" />
      <mem type="loa" free="1462272" total="1462272" percent="100" />
    </mem>
    <pending-finalizers system="0" default="1" reference="0" classloader="0" />
  </mem-info>
</gc-end>
<cycle-end id="1066" type="global" contextid="1058" timestamp="2019-07-02T23:30:29.269">
  <attribute name="GC Util" value="97" />
  <attribute name="CPU Util" value="1125859702470" />
  <attribute name="Time Running"value="6813"/>
  <attribute name="Number of cores"value="4"/>
</cycle-end>
<allocation-satisfied id="1067" threadId="0000000001AB4700" bytesRequested="16" />
<af-end id="1068" timestamp="2019-07-02T23:30:29.270" threadId="0000000001AB5088" success="true" />
<exclusive-end id="1069" timestamp="2019-07-02T23:30:29.270" durationms="19.353" />

<exclusive-start id="1070" timestamp="2019-07-02T23:30:29.408" intervalms="157.913">
  <response-info timems="0.136" idlems="0.136" threads="0" lastid="0000000001AB4700" lastname="main" />
</exclusive-start>
<af-start id="1071" threadId="0000000001AB5088" totalBytesRequested="32" timestamp="2019-07-02T23:30:29.408" intervalms="157.893" />
<cycle-start id="1072" type="global" contextid="0" timestamp="2019-07-02T23:30:29.408" intervalms="157.861" />
  <attribute name="GC Util" value="97" />
  <attribute name="CPU Util" value="1125859702470" />
  <attribute name="Time Running"value="6813"/>
  <attribute name="Number of cores"value="4"/>
<gc-start id="1073" type="global" contextid="1072" timestamp="2019-07-02T23:30:29.409">
  <mem-info id="1074" free="1462272" total="73138176" percent="1">
    <mem type="tenure" free="1462272" total="73138176" percent="1">
      <mem type="soa" free="0" total="71675904" percent="0" />
      <mem type="loa" free="1462272" total="1462272" percent="100" />
    </mem>
  </mem-info>
</gc-start>
<allocation-stats totalBytes="31778688" >
  <allocated-bytes non-tlh="184680" tlh="31594008" />
  <largest-consumer threadName="main" threadId="0000000001AB4700" bytes="31778688" />
</allocation-stats>
<heap-resize id="1075" type="loa contract" space="tenure" amount="731136" count="1" timems="0.091" reason="contract underutilized loa" timestamp="2019-07-02T23:30:29.409" />
<gc-op id="1076" type="mark" timems="15.787" contextid="1072" timestamp="2019-07-02T23:30:29.425">
  <trace-info objectcount="602112" scancount="523269" scanbytes="13441268" />
  <finalization candidates="81" enqueued="1" />
  <ownableSynchronizers candidates="21" cleared="0" />
  <references type="soft" candidates="4355" cleared="107" enqueued="103" dynamicThreshold="14" maxThreshold="32" />
  <references type="weak" candidates="5621" cleared="4" enqueued="3" />
  <references type="phantom" candidates="102" cleared="0" enqueued="0" />
  <stringconstants candidates="13666" cleared="10"  />
</gc-op>
<gc-op id="1077" type="sweep" timems="1.636" contextid="1072" timestamp="2019-07-02T23:30:29.426" />
<gc-end id="1078" type="global" contextid="1072" durationms="17.929" usertimems="36.000" systemtimems="0.000" timestamp="2019-07-02T23:30:29.426" activeThreads="4">
  <mem-info id="1079" free="31294392" total="73138176" percent="42">
    <mem type="tenure" free="31294392" total="73138176" percent="42" micro-fragmented="15204167" macro-fragmented="0">
      <mem type="soa" free="30563256" total="72407040" percent="42" />
      <mem type="loa" free="731136" total="731136" percent="100" />
    </mem>
    <pending-finalizers system="0" default="1" reference="106" classloader="0" />
  </mem-info>
</gc-end>
<cycle-end id="1080" type="global" contextid="1072" timestamp="2019-07-02T23:30:29.427">
  <attribute name="GC Util" value="97" />
  <attribute name="CPU Util" value="1157832154986" />
  <attribute name="Time Running"value="6971"/>
  <attribute name="Number of cores"value="4"/>
</cycle-end>
<allocation-satisfied id="1081" threadId="0000000001AB4700" bytesRequested="32" />
<af-end id="1082" timestamp="2019-07-02T23:30:29.427" threadId="0000000001AB5088" success="true" />
<exclusive-end id="1083" timestamp="2019-07-02T23:30:29.427" durationms="18.693" />

<exclusive-start id="1084" timestamp="2019-07-02T23:30:29.582" intervalms="173.495">
  <response-info timems="0.096" idlems="0.096" threads="0" lastid="0000000001AB4700" lastname="main" />
</exclusive-start>
<af-start id="1085" threadId="0000000001AB5088" totalBytesRequested="32" timestamp="2019-07-02T23:30:29.582" intervalms="173.564" />
<cycle-start id="1086" type="global" contextid="0" timestamp="2019-07-02T23:30:29.582" intervalms="173.616" />
  <attribute name="GC Util" value="97" />
  <attribute name="CPU Util" value="1157832154986" />
  <attribute name="Time Running"value="6971"/>
  <attribute name="Number of cores"value="4"/>
<gc-start id="1087" type="global" contextid="1086" timestamp="2019-07-02T23:30:29.582">
  <mem-info id="1088" free="731136" total="73138176" percent="0">
    <mem type="tenure" free="731136" total="73138176" percent="0">
      <mem type="soa" free="0" total="72407040" percent="0" />
      <mem type="loa" free="731136" total="731136" percent="100" />
    </mem>
  </mem-info>
</gc-start>
<allocation-stats totalBytes="30374520" >
  <allocated-bytes non-tlh="0" tlh="30374520" />
  <largest-consumer threadName="main" threadId="0000000001AB4700" bytes="30374520" />
</allocation-stats>
<gc-op id="1089" type="mark" timems="16.791" contextid="1086" timestamp="2019-07-02T23:30:29.599">
  <trace-info objectcount="601658" scancount="522840" scanbytes="13429804" />
  <finalization candidates="80" enqueued="0" />
  <ownableSynchronizers candidates="21" cleared="0" />
  <references type="soft" candidates="4248" cleared="0" enqueued="0" dynamicThreshold="13" maxThreshold="32" />
  <references type="weak" candidates="5617" cleared="0" enqueued="0" />
  <references type="phantom" candidates="102" cleared="1" enqueued="1" />
  <stringconstants candidates="13656" cleared="36"  />
</gc-op>
<gc-op id="1090" type="sweep" timems="2.061" contextid="1086" timestamp="2019-07-02T23:30:29.601" />
<gc-end id="1091" type="global" contextid="1086" durationms="19.492" usertimems="36.000" systemtimems="0.000" timestamp="2019-07-02T23:30:29.602" activeThreads="4">
  <mem-info id="1092" free="31324528" total="73138176" percent="42">
    <mem type="tenure" free="31324528" total="73138176" percent="42" micro-fragmented="15283046" macro-fragmented="0">
      <mem type="soa" free="30593392" total="72407040" percent="42" />
      <mem type="loa" free="731136" total="731136" percent="100" />
    </mem>
    <pending-finalizers system="0" default="0" reference="1" classloader="0" />
  </mem-info>
</gc-end>
<cycle-end id="1093" type="global" contextid="1086" timestamp="2019-07-02T23:30:29.602">
  <attribute name="GC Util" value="96" />
  <attribute name="CPU Util" value="1085363329827" />
  <attribute name="Time Running"value="7145"/>
  <attribute name="Number of cores"value="4"/>
</cycle-end>
<allocation-satisfied id="1094" threadId="0000000001AB4700" bytesRequested="32" />
<af-end id="1095" timestamp="2019-07-02T23:30:29.602" threadId="0000000001AB5088" success="true" />
<exclusive-end id="1096" timestamp="2019-07-02T23:30:29.602" durationms="20.589" />

<exclusive-start id="1097" timestamp="2019-07-02T23:30:30.739" intervalms="1157.762">
  <response-info timems="0.076" idlems="0.076" threads="0" lastid="0000000001AB4700" lastname="main" />
</exclusive-start>
<af-start id="1098" threadId="0000000001AB5088" totalBytesRequested="1168" timestamp="2019-07-02T23:30:30.740" intervalms="1157.740" />
<cycle-start id="1099" type="global" contextid="0" timestamp="2019-07-02T23:30:30.740" intervalms="1157.717" />
  <attribute name="GC Util" value="96" />
  <attribute name="CPU Util" value="1085363329827" />
  <attribute name="Time Running"value="7145"/>
  <attribute name="Number of cores"value="4"/>
<gc-start id="1100" type="global" contextid="1099" timestamp="2019-07-02T23:30:30.740">
  <mem-info id="1101" free="731136" total="73138176" percent="0">
    <mem type="tenure" free="731136" total="73138176" percent="0">
      <mem type="soa" free="0" total="72407040" percent="0" />
      <mem type="loa" free="731136" total="731136" percent="100" />
    </mem>
  </mem-info>
</gc-start>
<allocation-stats totalBytes="22250560" >
  <allocated-bytes non-tlh="4111424" tlh="18139136" />
  <largest-consumer threadName="main" threadId="0000000001AB4700" bytes="22250560" />
</allocation-stats>
<gc-op id="1102" type="mark" timems="16.399" contextid="1099" timestamp="2019-07-02T23:30:30.757">
  <trace-info objectcount="601721" scancount="522886" scanbytes="13431044" />
  <finalization candidates="80" enqueued="0" />
  <ownableSynchronizers candidates="21" cleared="0" />
  <references type="soft" candidates="4248" cleared="0" enqueued="0" dynamicThreshold="13" maxThreshold="32" />
  <references type="weak" candidates="5617" cleared="0" enqueued="0" />
  <references type="phantom" candidates="101" cleared="0" enqueued="0" />
  <stringconstants candidates="13621" cleared="0"  />
</gc-op>
<gc-op id="1103" type="sweep" timems="1.680" contextid="1099" timestamp="2019-07-02T23:30:30.759" />
<heap-resize id="1104" type="contract" space="tenure" amount="720896" count="1" timems="0.965" reason="insufficient time being spent in gc" timestamp="2019-07-02T23:30:30.760" />
<gc-end id="1105" type="global" contextid="1099" durationms="19.836" usertimems="36.000" systemtimems="0.000" timestamp="2019-07-02T23:30:30.760" activeThreads="4">
  <mem-info id="1106" free="30582064" total="72417280" percent="42">
    <mem type="tenure" free="30582064" total="72417280" percent="42" micro-fragmented="15733799" macro-fragmented="0">
      <mem type="soa" free="29868336" total="71693312" percent="41" />
      <mem type="loa" free="713728" total="723968" percent="98" />
    </mem>
  </mem-info>
</gc-end>
<cycle-end id="1107" type="global" contextid="1099" timestamp="2019-07-02T23:30:30.760">
  <attribute name="GC Util" value="97" />
  <attribute name="CPU Util" value="1114153887680" />
  <attribute name="Time Running"value="8303"/>
  <attribute name="Number of cores"value="4"/>
</cycle-end>
<allocation-satisfied id="1108" threadId="0000000001AB4700" bytesRequested="1168" />
<af-end id="1109" timestamp="2019-07-02T23:30:30.760" threadId="0000000001AB5088" success="true" />
<exclusive-end id="1110" timestamp="2019-07-02T23:30:30.760" durationms="21.056" />

<exclusive-start id="1111" timestamp="2019-07-02T23:30:30.768" intervalms="28.730">
  <response-info timems="0.059" idlems="0.059" threads="0" lastid="0000000001AB4700" lastname="main" />
</exclusive-start>
<af-start id="1112" threadId="0000000001AB5088" totalBytesRequested="1168" timestamp="2019-07-02T23:30:30.768" intervalms="28.650" />
<cycle-start id="1113" type="global" contextid="0" timestamp="2019-07-02T23:30:30.768" intervalms="28.664" />
  <attribute name="GC Util" value="97" />
  <attribute name="CPU Util" value="1114153887680" />
  <attribute name="Time Running"value="8303"/>
  <attribute name="Number of cores"value="4"/>
<gc-start id="1114" type="global" contextid="1113" timestamp="2019-07-02T23:30:30.769">
  <mem-info id="1115" free="713728" total="72417280" percent="0">
    <mem type="tenure" free="713728" total="72417280" percent="0">
      <mem type="soa" free="0" total="71693312" percent="0" />
      <mem type="loa" free="713728" total="723968" percent="98" />
    </mem>
  </mem-info>
</gc-start>
<allocation-stats totalBytes="18636464" >
  <allocated-bytes non-tlh="6892368" tlh="11744096" />
  <largest-consumer threadName="main" threadId="0000000001AB4700" bytes="18636464" />
</allocation-stats>
<gc-op id="1116" type="mark" timems="15.814" contextid="1113" timestamp="2019-07-02T23:30:30.785">
  <trace-info objectcount="601721" scancount="522897" scanbytes="13431044" />
  <finalization candidates="80" enqueued="0" />
  <ownableSynchronizers candidates="21" cleared="0" />
  <references type="soft" candidates="4248" cleared="0" enqueued="0" dynamicThreshold="13" maxThreshold="32" />
  <references type="weak" candidates="5617" cleared="0" enqueued="0" />
  <references type="phantom" candidates="101" cleared="0" enqueued="0" />
  <stringconstants candidates="13621" cleared="0"  />
</gc-op>
<gc-op id="1117" type="sweep" timems="1.807" contextid="1113" timestamp="2019-07-02T23:30:30.787" />
<heap-resize id="1118" type="contract" space="tenure" amount="720896" count="1" timems="0.929" reason="insufficient time being spent in gc" timestamp="2019-07-02T23:30:30.788" />
<gc-end id="1119" type="global" contextid="1113" durationms="19.266" usertimems="36.000" systemtimems="0.000" timestamp="2019-07-02T23:30:30.788" activeThreads="4">
  <mem-info id="1120" free="29843664" total="71696384" percent="41">
    <mem type="tenure" free="29843664" total="71696384" percent="41" micro-fragmented="15733799" macro-fragmented="0">
      <mem type="soa" free="29154888" total="70979584" percent="41" />
      <mem type="loa" free="688776" total="716800" percent="96" />
    </mem>
  </mem-info>
</gc-end>
<cycle-end id="1121" type="global" contextid="1113" timestamp="2019-07-02T23:30:30.788">
  <attribute name="GC Util" value="97" />
  <attribute name="CPU Util" value="1150241220972" />
  <attribute name="Time Running"value="8331"/>
  <attribute name="Number of cores"value="4"/>
</cycle-end>
<allocation-satisfied id="1122" threadId="0000000001AB4700" bytesRequested="1168" />
<af-end id="1123" timestamp="2019-07-02T23:30:30.788" threadId="0000000001AB5088" success="true" />
<exclusive-end id="1124" timestamp="2019-07-02T23:30:30.789" durationms="20.383" />

<exclusive-start id="1125" timestamp="2019-07-02T23:30:30.796" intervalms="28.136">
  <response-info timems="0.057" idlems="0.057" threads="0" lastid="0000000001AB4700" lastname="main" />
</exclusive-start>
<af-start id="1126" threadId="0000000001AB5088" totalBytesRequested="1168" timestamp="2019-07-02T23:30:30.796" intervalms="28.140" />
<cycle-start id="1127" type="global" contextid="0" timestamp="2019-07-02T23:30:30.797" intervalms="28.127" />
  <attribute name="GC Util" value="97" />
  <attribute name="CPU Util" value="1150241220972" />
  <attribute name="Time Running"value="8331"/>
  <attribute name="Number of cores"value="4"/>
<gc-start id="1128" type="global" contextid="1127" timestamp="2019-07-02T23:30:30.797">
  <mem-info id="1129" free="688776" total="71696384" percent="0">
    <mem type="tenure" free="688776" total="71696384" percent="0">
      <mem type="soa" free="0" total="70979584" percent="0" />
      <mem type="loa" free="688776" total="716800" percent="96" />
    </mem>
  </mem-info>
</gc-start>
<allocation-stats totalBytes="17925600" >
  <allocated-bytes non-tlh="6892368" tlh="11033232" />
  <largest-consumer threadName="main" threadId="0000000001AB4700" bytes="17925600" />
</allocation-stats>
<gc-op id="1130" type="mark" timems="17.980" contextid="1127" timestamp="2019-07-02T23:30:30.815">
  <trace-info objectcount="601721" scancount="522886" scanbytes="13431044" />
  <finalization candidates="80" enqueued="0" />
  <ownableSynchronizers candidates="21" cleared="0" />
  <references type="soft" candidates="4248" cleared="0" enqueued="0" dynamicThreshold="13" maxThreshold="32" />
  <references type="weak" candidates="5617" cleared="0" enqueued="0" />
  <references type="phantom" candidates="101" cleared="0" enqueued="0" />
  <stringconstants candidates="13621" cleared="0"  />
</gc-op>
<gc-op id="1131" type="sweep" timems="1.952" contextid="1127" timestamp="2019-07-02T23:30:30.817" />
<mem-info id="1132" free="29850056" total="71696384" percent="41">
  <mem type="tenure" free="29850056" total="71696384" percent="41" micro-fragmented="15733769" macro-fragmented="0">
    <mem type="soa" free="29158208" total="70979584" percent="41" />
    <mem type="loa" free="691848" total="716800" percent="96" />
  </mem>
</mem-info>
<gc-op id="1133" type="compact" timems="94.074" contextid="1127" timestamp="2019-07-02T23:30:30.911">
  <compact-info movecount="599862" movebytes="17845040" reason="heap fragmented" />
</gc-op>
<heap-resize id="1134" type="contract" space="tenure" amount="655360" count="1" timems="0.106" reason="insufficient time being spent in gc" timestamp="2019-07-02T23:30:30.912" />
<gc-end id="1135" type="global" contextid="1127" durationms="115.119" usertimems="140.000" systemtimems="0.000" timestamp="2019-07-02T23:30:30.912" activeThreads="4">
  <mem-info id="1136" free="52952376" total="71041024" percent="74">
    <mem type="tenure" free="52952376" total="71041024" percent="74">
      <mem type="soa" free="52304184" total="70331392" percent="74" />
      <mem type="loa" free="648192" total="709632" percent="91" />
    </mem>
  </mem-info>
</gc-end>
<cycle-end id="1137" type="global" contextid="1127" timestamp="2019-07-02T23:30:30.912">
  <attribute name="GC Util" value="73" />
  <attribute name="CPU Util" value="8155383712030" />
  <attribute name="Time Running"value="8363"/>
  <attribute name="Number of cores"value="4"/>
</cycle-end>
<allocation-satisfied id="1138" threadId="0000000001AB4700" bytesRequested="1168" />
<af-end id="1139" timestamp="2019-07-02T23:30:30.912" threadId="0000000001AB5088" success="true" />
<exclusive-end id="1140" timestamp="2019-07-02T23:30:30.912" durationms="115.915" />

<exclusive-start id="1141" timestamp="2019-07-02T23:30:30.923" intervalms="126.431">
  <response-info timems="0.074" idlems="0.074" threads="0" lastid="0000000001AB4700" lastname="main" />
</exclusive-start>
<af-start id="1142" threadId="0000000001AB5088" totalBytesRequested="1168" timestamp="2019-07-02T23:30:30.923" intervalms="126.443" />
<cycle-start id="1143" type="global" contextid="0" timestamp="2019-07-02T23:30:30.923" intervalms="126.404" />
  <attribute name="GC Util" value="73" />
  <attribute name="CPU Util" value="8155383712030" />
  <attribute name="Time Running"value="8363"/>
  <attribute name="Number of cores"value="4"/>
<gc-start id="1144" type="global" contextid="1143" timestamp="2019-07-02T23:30:30.923">
  <mem-info id="1145" free="648192" total="71041024" percent="0">
    <mem type="tenure" free="648192" total="71041024" percent="0">
      <mem type="soa" free="0" total="70331392" percent="0" />
      <mem type="loa" free="648192" total="709632" percent="91" />
    </mem>
  </mem-info>
</gc-start>
<allocation-stats totalBytes="52193672" >
  <allocated-bytes non-tlh="0" tlh="52193672" />
  <largest-consumer threadName="main" threadId="0000000001AB4700" bytes="52193672" />
</allocation-stats>
<gc-op id="1146" type="mark" timems="13.091" contextid="1143" timestamp="2019-07-02T23:30:30.936">
  <trace-info objectcount="601722" scancount="522901" scanbytes="13431068" />
  <finalization candidates="80" enqueued="0" />
  <ownableSynchronizers candidates="21" cleared="0" />
  <references type="soft" candidates="4248" cleared="0" enqueued="0" dynamicThreshold="23" maxThreshold="32" />
  <references type="weak" candidates="5617" cleared="0" enqueued="0" />
  <references type="phantom" candidates="101" cleared="0" enqueued="0" />
  <stringconstants candidates="13621" cleared="0"  />
</gc-op>
<gc-op id="1147" type="sweep" timems="0.643" contextid="1143" timestamp="2019-07-02T23:30:30.937" />
<heap-resize id="1148" type="contract" space="tenure" amount="655360" count="1" timems="0.105" reason="excess free space following gc" timestamp="2019-07-02T23:30:30.937" />
<gc-end id="1149" type="global" contextid="1143" durationms="14.302" usertimems="28.000" systemtimems="0.000" timestamp="2019-07-02T23:30:30.937" activeThreads="4">
  <mem-info id="1150" free="52249664" total="70385664" percent="74">
    <mem type="tenure" free="52249664" total="70385664" percent="74" micro-fragmented="0" macro-fragmented="0">
      <mem type="soa" free="51654968" total="69682176" percent="74" />
      <mem type="loa" free="594696" total="703488" percent="84" />
    </mem>
  </mem-info>
</gc-end>
<cycle-end id="1151" type="global" contextid="1143" timestamp="2019-07-02T23:30:30.937">
  <attribute name="GC Util" value="97" />
  <attribute name="CPU Util" value="1393502259766" />
  <attribute name="Time Running"value="8482"/>
  <attribute name="Number of cores"value="4"/>
</cycle-end>
<allocation-satisfied id="1152" threadId="0000000001AB4700" bytesRequested="1168" />
<af-end id="1153" timestamp="2019-07-02T23:30:30.938" threadId="0000000001AB5088" success="true" />
<exclusive-end id="1154" timestamp="2019-07-02T23:30:30.938" durationms="15.005" />

<exclusive-start id="1155" timestamp="2019-07-02T23:30:30.948" intervalms="25.461">
  <response-info timems="0.075" idlems="0.075" threads="0" lastid="0000000001AB4700" lastname="main" />
</exclusive-start>
<af-start id="1156" threadId="0000000001AB5088" totalBytesRequested="1168" timestamp="2019-07-02T23:30:30.948" intervalms="25.468" />
<cycle-start id="1157" type="global" contextid="0" timestamp="2019-07-02T23:30:30.948" intervalms="25.469" />
  <attribute name="GC Util" value="97" />
  <attribute name="CPU Util" value="1393502259766" />
  <attribute name="Time Running"value="8482"/>
  <attribute name="Number of cores"value="4"/>
<gc-start id="1158" type="global" contextid="1157" timestamp="2019-07-02T23:30:30.949">
  <mem-info id="1159" free="594696" total="70385664" percent="0">
    <mem type="tenure" free="594696" total="70385664" percent="0">
      <mem type="soa" free="0" total="69682176" percent="0" />
      <mem type="loa" free="594696" total="703488" percent="84" />
    </mem>
  </mem-info>
</gc-start>
<allocation-stats totalBytes="51547256" >
  <allocated-bytes non-tlh="0" tlh="51547256" />
  <largest-consumer threadName="main" threadId="0000000001AB4700" bytes="51547256" />
</allocation-stats>
<gc-op id="1160" type="mark" timems="12.918" contextid="1157" timestamp="2019-07-02T23:30:30.962">
  <trace-info objectcount="601722" scancount="522904" scanbytes="13431068" />
  <finalization candidates="80" enqueued="0" />
  <ownableSynchronizers candidates="21" cleared="0" />
  <references type="soft" candidates="4248" cleared="0" enqueued="0" dynamicThreshold="23" maxThreshold="32" />
  <references type="weak" candidates="5617" cleared="0" enqueued="0" />
  <references type="phantom" candidates="101" cleared="0" enqueued="0" />
  <stringconstants candidates="13621" cleared="0"  />
</gc-op>
<gc-op id="1161" type="sweep" timems="0.572" contextid="1157" timestamp="2019-07-02T23:30:30.962" />
<heap-resize id="1162" type="contract" space="tenure" amount="655360" count="1" timems="0.092" reason="excess free space following gc" timestamp="2019-07-02T23:30:30.963" />
<gc-end id="1163" type="global" contextid="1157" durationms="14.115" usertimems="28.000" systemtimems="0.000" timestamp="2019-07-02T23:30:30.963" activeThreads="4">
  <mem-info id="1164" free="51632496" total="69730304" percent="74">
    <mem type="tenure" free="51632496" total="69730304" percent="74" micro-fragmented="0" macro-fragmented="0">
      <mem type="soa" free="51006776" total="69033984" percent="73" />
      <mem type="loa" free="625720" total="696320" percent="89" />
    </mem>
  </mem-info>
</gc-end>
<cycle-end id="1165" type="global" contextid="1157" timestamp="2019-07-02T23:30:30.963">
  <attribute name="GC Util" value="96" />
  <attribute name="CPU Util" value="1409012301277" />
  <attribute name="Time Running"value="8508"/>
  <attribute name="Number of cores"value="4"/>
</cycle-end>
<allocation-satisfied id="1166" threadId="0000000001AB4700" bytesRequested="1168" />
<af-end id="1167" timestamp="2019-07-02T23:30:30.963" threadId="0000000001AB5088" success="true" />
<exclusive-end id="1168" timestamp="2019-07-02T23:30:30.963" durationms="14.924" />

<exclusive-start id="1169" timestamp="2019-07-02T23:30:30.973" intervalms="25.069">
  <response-info timems="0.111" idlems="0.111" threads="0" lastid="0000000001AB4700" lastname="main" />
</exclusive-start>
<af-start id="1170" threadId="0000000001AB5088" totalBytesRequested="1168" timestamp="2019-07-02T23:30:30.973" intervalms="25.100" />
<cycle-start id="1171" type="global" contextid="0" timestamp="2019-07-02T23:30:30.974" intervalms="25.124" />
  <attribute name="GC Util" value="96" />
  <attribute name="CPU Util" value="1409012301277" />
  <attribute name="Time Running"value="8508"/>
  <attribute name="Number of cores"value="4"/>
<gc-start id="1172" type="global" contextid="1171" timestamp="2019-07-02T23:30:30.974">
  <mem-info id="1173" free="625720" total="69730304" percent="0">
    <mem type="tenure" free="625720" total="69730304" percent="0">
      <mem type="soa" free="0" total="69033984" percent="0" />
      <mem type="loa" free="625720" total="696320" percent="89" />
    </mem>
  </mem-info>
</gc-start>
<allocation-stats totalBytes="50901424" >
  <allocated-bytes non-tlh="0" tlh="50901424" />
  <largest-consumer threadName="main" threadId="0000000001AB4700" bytes="50901424" />
</allocation-stats>
<gc-op id="1174" type="mark" timems="13.542" contextid="1171" timestamp="2019-07-02T23:30:30.987">
  <trace-info objectcount="601722" scancount="522885" scanbytes="13431068" />
  <finalization candidates="80" enqueued="0" />
  <ownableSynchronizers candidates="21" cleared="0" />
  <references type="soft" candidates="4248" cleared="0" enqueued="0" dynamicThreshold="23" maxThreshold="32" />
  <references type="weak" candidates="5617" cleared="0" enqueued="0" />
  <references type="phantom" candidates="101" cleared="0" enqueued="0" />
  <stringconstants candidates="13621" cleared="0"  />
</gc-op>
<gc-op id="1175" type="sweep" timems="1.071" contextid="1171" timestamp="2019-07-02T23:30:30.989" />
<heap-resize id="1176" type="contract" space="tenure" amount="655360" count="1" timems="0.089" reason="excess free space following gc" timestamp="2019-07-02T23:30:30.989" />
<gc-end id="1177" type="global" contextid="1171" durationms="15.386" usertimems="28.000" systemtimems="0.000" timestamp="2019-07-02T23:30:30.989" activeThreads="4">
  <mem-info id="1178" free="50984528" total="69074944" percent="73">
    <mem type="tenure" free="50984528" total="69074944" percent="73" micro-fragmented="0" macro-fragmented="0">
      <mem type="soa" free="50357560" total="68384768" percent="73" />
      <mem type="loa" free="626968" total="690176" percent="90" />
    </mem>
  </mem-info>
</gc-end>
<cycle-end id="1179" type="global" contextid="1171" timestamp="2019-07-02T23:30:30.989">
  <attribute name="GC Util" value="97" />
  <attribute name="CPU Util" value="1345960497821" />
  <attribute name="Time Running"value="8534"/>
  <attribute name="Number of cores"value="4"/>
</cycle-end>
<allocation-satisfied id="1180" threadId="0000000001AB4700" bytesRequested="1168" />
<af-end id="1181" timestamp="2019-07-02T23:30:30.989" threadId="0000000001AB5088" success="true" />
<exclusive-end id="1182" timestamp="2019-07-02T23:30:30.990" durationms="16.328" />

<exclusive-start id="1183" timestamp="2019-07-02T23:30:31.000" intervalms="26.914">
  <response-info timems="0.061" idlems="0.061" threads="0" lastid="0000000001AB4700" lastname="main" />
</exclusive-start>
<af-start id="1184" threadId="0000000001AB5088" totalBytesRequested="1168" timestamp="2019-07-02T23:30:31.000" intervalms="26.893" />
<cycle-start id="1185" type="global" contextid="0" timestamp="2019-07-02T23:30:31.000" intervalms="26.889" />
  <attribute name="GC Util" value="97" />
  <attribute name="CPU Util" value="1345960497821" />
  <attribute name="Time Running"value="8534"/>
  <attribute name="Number of cores"value="4"/>
<gc-start id="1186" type="global" contextid="1185" timestamp="2019-07-02T23:30:31.001">
  <mem-info id="1187" free="626968" total="69074944" percent="0">
    <mem type="tenure" free="626968" total="69074944" percent="0">
      <mem type="soa" free="0" total="68384768" percent="0" />
      <mem type="loa" free="626968" total="690176" percent="90" />
    </mem>
  </mem-info>
</gc-start>
<allocation-stats totalBytes="50254360" >
  <allocated-bytes non-tlh="0" tlh="50254360" />
  <largest-consumer threadName="main" threadId="0000000001AB4700" bytes="50254360" />
</allocation-stats>
<gc-op id="1188" type="mark" timems="15.514" contextid="1185" timestamp="2019-07-02T23:30:31.016">
  <trace-info objectcount="601722" scancount="522903" scanbytes="13431068" />
  <finalization candidates="80" enqueued="0" />
  <ownableSynchronizers candidates="21" cleared="0" />
  <references type="soft" candidates="4248" cleared="0" enqueued="0" dynamicThreshold="23" maxThreshold="32" />
  <references type="weak" candidates="5617" cleared="0" enqueued="0" />
  <references type="phantom" candidates="101" cleared="0" enqueued="0" />
  <stringconstants candidates="13621" cleared="0"  />
</gc-op>
<gc-op id="1189" type="sweep" timems="0.654" contextid="1185" timestamp="2019-07-02T23:30:31.017" />
<heap-resize id="1190" type="contract" space="tenure" amount="655360" count="1" timems="0.099" reason="excess free space following gc" timestamp="2019-07-02T23:30:31.018" />
<gc-end id="1191" type="global" contextid="1185" durationms="17.026" usertimems="28.000" systemtimems="0.000" timestamp="2019-07-02T23:30:31.018" activeThreads="4">
  <mem-info id="1192" free="50304528" total="68419584" percent="73">
    <mem type="tenure" free="50304528" total="68419584" percent="73" micro-fragmented="0" macro-fragmented="0">
      <mem type="soa" free="49708344" total="67735552" percent="73" />
      <mem type="loa" free="596184" total="684032" percent="87" />
    </mem>
  </mem-info>
</gc-end>
<cycle-end id="1193" type="global" contextid="1185" timestamp="2019-07-02T23:30:31.018">
  <attribute name="GC Util" value="97" />
  <attribute name="CPU Util" value="1173991190279" />
  <attribute name="Time Running"value="8562"/>
  <attribute name="Number of cores"value="4"/>
</cycle-end>
<allocation-satisfied id="1194" threadId="0000000001AB4700" bytesRequested="1168" />
<af-end id="1195" timestamp="2019-07-02T23:30:31.018" threadId="0000000001AB5088" success="true" />
<exclusive-end id="1196" timestamp="2019-07-02T23:30:31.018" durationms="17.983" />

<exclusive-start id="1197" timestamp="2019-07-02T23:30:31.028" intervalms="28.094">
  <response-info timems="0.085" idlems="0.085" threads="0" lastid="0000000001AB4700" lastname="main" />
</exclusive-start>
<af-start id="1198" threadId="0000000001AB5088" totalBytesRequested="1168" timestamp="2019-07-02T23:30:31.028" intervalms="28.111" />
<cycle-start id="1199" type="global" contextid="0" timestamp="2019-07-02T23:30:31.029" intervalms="28.113" />
  <attribute name="GC Util" value="97" />
  <attribute name="CPU Util" value="1173991190279" />
  <attribute name="Time Running"value="8562"/>
  <attribute name="Number of cores"value="4"/>
<gc-start id="1200" type="global" contextid="1199" timestamp="2019-07-02T23:30:31.029">
  <mem-info id="1201" free="596184" total="68419584" percent="0">
    <mem type="tenure" free="596184" total="68419584" percent="0">
      <mem type="soa" free="0" total="67735552" percent="0" />
      <mem type="loa" free="596184" total="684032" percent="87" />
    </mem>
  </mem-info>
</gc-start>
<allocation-stats totalBytes="49607320" >
  <allocated-bytes non-tlh="0" tlh="49607320" />
  <largest-consumer threadName="main" threadId="0000000001AB4700" bytes="49607320" />
</allocation-stats>
<gc-op id="1202" type="mark" timems="9.536" contextid="1199" timestamp="2019-07-02T23:30:31.038">
  <trace-info objectcount="601722" scancount="522904" scanbytes="13431068" />
  <finalization candidates="80" enqueued="0" />
  <ownableSynchronizers candidates="21" cleared="0" />
  <references type="soft" candidates="4248" cleared="0" enqueued="0" dynamicThreshold="23" maxThreshold="32" />
  <references type="weak" candidates="5617" cleared="0" enqueued="0" />
  <references type="phantom" candidates="101" cleared="0" enqueued="0" />
  <stringconstants candidates="13621" cleared="0"  />
</gc-op>
<gc-op id="1203" type="sweep" timems="0.666" contextid="1199" timestamp="2019-07-02T23:30:31.039" />
<heap-resize id="1204" type="contract" space="tenure" amount="655360" count="1" timems="0.122" reason="excess free space following gc" timestamp="2019-07-02T23:30:31.040" />
<gc-end id="1205" type="global" contextid="1199" durationms="11.064" usertimems="28.000" systemtimems="0.000" timestamp="2019-07-02T23:30:31.040" activeThreads="4">
  <mem-info id="1206" free="49655328" total="67764224" percent="73">
    <mem type="tenure" free="49655328" total="67764224" percent="73" micro-fragmented="0" macro-fragmented="0">
      <mem type="soa" free="49060152" total="67087360" percent="73" />
      <mem type="loa" free="595176" total="676864" percent="87" />
    </mem>
  </mem-info>
</gc-end>
<cycle-end id="1207" type="global" contextid="1199" timestamp="2019-07-02T23:30:31.040">
  <attribute name="GC Util" value="232" />
  <attribute name="CPU Util" value="1904492603150" />
  <attribute name="Time Running"value="8585"/>
  <attribute name="Number of cores"value="4"/>
</cycle-end>
<allocation-satisfied id="1208" threadId="0000000001AB4700" bytesRequested="1168" />
<af-end id="1209" timestamp="2019-07-02T23:30:31.040" threadId="0000000001AB5088" success="true" />
<exclusive-end id="1210" timestamp="2019-07-02T23:30:31.040" durationms="12.184" />

<exclusive-start id="1211" timestamp="2019-07-02T23:30:31.050" intervalms="21.843">
  <response-info timems="0.073" idlems="0.073" threads="0" lastid="0000000001AB4700" lastname="main" />
</exclusive-start>
<af-start id="1212" threadId="0000000001AB5088" totalBytesRequested="1168" timestamp="2019-07-02T23:30:31.050" intervalms="21.872" />
<cycle-start id="1213" type="global" contextid="0" timestamp="2019-07-02T23:30:31.050" intervalms="21.918" />
  <attribute name="GC Util" value="232" />
  <attribute name="CPU Util" value="1904492603150" />
  <attribute name="Time Running"value="8585"/>
  <attribute name="Number of cores"value="4"/>
<gc-start id="1214" type="global" contextid="1213" timestamp="2019-07-02T23:30:31.051">
  <mem-info id="1215" free="595176" total="67764224" percent="0">
    <mem type="tenure" free="595176" total="67764224" percent="0">
      <mem type="soa" free="0" total="67087360" percent="0" />
      <mem type="loa" free="595176" total="676864" percent="87" />
    </mem>
  </mem-info>
</gc-start>
<allocation-stats totalBytes="48960280" >
  <allocated-bytes non-tlh="0" tlh="48960280" />
  <largest-consumer threadName="main" threadId="0000000001AB4700" bytes="48960280" />
</allocation-stats>
<gc-op id="1216" type="mark" timems="7.319" contextid="1213" timestamp="2019-07-02T23:30:31.058">
  <trace-info objectcount="601722" scancount="522921" scanbytes="13431068" />
  <finalization candidates="80" enqueued="0" />
  <ownableSynchronizers candidates="21" cleared="0" />
  <references type="soft" candidates="4248" cleared="0" enqueued="0" dynamicThreshold="23" maxThreshold="32" />
  <references type="weak" candidates="5617" cleared="0" enqueued="0" />
  <references type="phantom" candidates="101" cleared="0" enqueued="0" />
  <stringconstants candidates="13621" cleared="0"  />
</gc-op>
<gc-op id="1217" type="sweep" timems="0.612" contextid="1213" timestamp="2019-07-02T23:30:31.059" />
<heap-resize id="1218" type="contract" space="tenure" amount="655360" count="1" timems="0.111" reason="excess free space following gc" timestamp="2019-07-02T23:30:31.059" />
<gc-end id="1219" type="global" contextid="1213" durationms="8.768" usertimems="32.000" systemtimems="0.000" timestamp="2019-07-02T23:30:31.059" activeThreads="4">
  <mem-info id="1220" free="49036952" total="67108864" percent="73">
    <mem type="tenure" free="49036952" total="67108864" percent="73" micro-fragmented="0" macro-fragmented="0">
      <mem type="soa" free="48410936" total="66438144" percent="72" />
      <mem type="loa" free="626016" total="670720" percent="93" />
    </mem>
  </mem-info>
</gc-end>
<cycle-end id="1221" type="global" contextid="1213" timestamp="2019-07-02T23:30:31.060">
  <attribute name="GC Util" value="274" />
  <attribute name="CPU Util" value="2464638743382" />
  <attribute name="Time Running"value="8604"/>
  <attribute name="Number of cores"value="4"/>
</cycle-end>
<allocation-satisfied id="1222" threadId="0000000001AB4700" bytesRequested="1168" />
<af-end id="1223" timestamp="2019-07-02T23:30:31.060" threadId="0000000001AB5088" success="true" />
<exclusive-end id="1224" timestamp="2019-07-02T23:30:31.060" durationms="9.750" />

<exclusive-start id="1225" timestamp="2019-07-02T23:30:31.069" intervalms="19.303">
  <response-info timems="0.077" idlems="0.077" threads="0" lastid="0000000001AB4700" lastname="main" />
</exclusive-start>
<af-start id="1226" threadId="0000000001AB5088" totalBytesRequested="1168" timestamp="2019-07-02T23:30:31.070" intervalms="19.236" />
<cycle-start id="1227" type="global" contextid="0" timestamp="2019-07-02T23:30:31.070" intervalms="19.223" />
  <attribute name="GC Util" value="274" />
  <attribute name="CPU Util" value="2464638743382" />
  <attribute name="Time Running"value="8604"/>
  <attribute name="Number of cores"value="4"/>
<gc-start id="1228" type="global" contextid="1227" timestamp="2019-07-02T23:30:31.070">
  <mem-info id="1229" free="626016" total="67108864" percent="0">
    <mem type="tenure" free="626016" total="67108864" percent="0">
      <mem type="soa" free="0" total="66438144" percent="0" />
      <mem type="loa" free="626016" total="670720" percent="93" />
    </mem>
  </mem-info>
</gc-start>
<allocation-stats totalBytes="48313216" >
  <allocated-bytes non-tlh="0" tlh="48313216" />
  <largest-consumer threadName="main" threadId="0000000001AB4700" bytes="48313216" />
</allocation-stats>
<gc-op id="1230" type="mark" timems="9.601" contextid="1227" timestamp="2019-07-02T23:30:31.080">
  <trace-info objectcount="601722" scancount="522922" scanbytes="13431068" />
  <finalization candidates="80" enqueued="0" />
  <ownableSynchronizers candidates="21" cleared="0" />
  <references type="soft" candidates="4248" cleared="0" enqueued="0" dynamicThreshold="23" maxThreshold="32" />
  <references type="weak" candidates="5617" cleared="0" enqueued="0" />
  <references type="phantom" candidates="101" cleared="0" enqueued="0" />
  <stringconstants candidates="13621" cleared="0"  />
</gc-op>
<gc-op id="1231" type="sweep" timems="0.703" contextid="1227" timestamp="2019-07-02T23:30:31.081" />
<heap-resize id="1232" type="contract" space="tenure" amount="655360" count="1" timems="0.095" reason="excess free space following gc" timestamp="2019-07-02T23:30:31.081" />
<gc-end id="1233" type="global" contextid="1227" durationms="11.120" usertimems="28.000" systemtimems="0.000" timestamp="2019-07-02T23:30:31.081" activeThreads="4">
  <mem-info id="1234" free="48387752" total="66453504" percent="72">
    <mem type="tenure" free="48387752" total="66453504" percent="72" micro-fragmented="0" macro-fragmented="0">
      <mem type="soa" free="47762744" total="65789952" percent="72" />
      <mem type="loa" free="625008" total="663552" percent="94" />
    </mem>
  </mem-info>
</gc-end>
<cycle-end id="1235" type="global" contextid="1227" timestamp="2019-07-02T23:30:31.081">
  <attribute name="GC Util" value="188" />
  <attribute name="CPU Util" value="1883282245460" />
  <attribute name="Time Running"value="8626"/>
  <attribute name="Number of cores"value="4"/>
</cycle-end>
<allocation-satisfied id="1236" threadId="0000000001AB4700" bytesRequested="1168" />
<af-end id="1237" timestamp="2019-07-02T23:30:31.081" threadId="0000000001AB5088" success="true" />
<exclusive-end id="1238" timestamp="2019-07-02T23:30:31.081" durationms="12.099" />

<exclusive-start id="1239" timestamp="2019-07-02T23:30:31.091" intervalms="21.510">
  <response-info timems="0.067" idlems="0.067" threads="0" lastid="0000000001AB4700" lastname="main" />
</exclusive-start>
<af-start id="1240" threadId="0000000001AB5088" totalBytesRequested="1168" timestamp="2019-07-02T23:30:31.091" intervalms="21.511" />
<cycle-start id="1241" type="global" contextid="0" timestamp="2019-07-02T23:30:31.091" intervalms="21.501" />
  <attribute name="GC Util" value="188" />
  <attribute name="CPU Util" value="1883282245460" />
  <attribute name="Time Running"value="8626"/>
  <attribute name="Number of cores"value="4"/>
<gc-start id="1242" type="global" contextid="1241" timestamp="2019-07-02T23:30:31.091">
  <mem-info id="1243" free="625008" total="66453504" percent="0">
    <mem type="tenure" free="625008" total="66453504" percent="0">
      <mem type="soa" free="0" total="65789952" percent="0" />
      <mem type="loa" free="625008" total="663552" percent="94" />
    </mem>
  </mem-info>
</gc-start>
<allocation-stats totalBytes="47667384" >
  <allocated-bytes non-tlh="0" tlh="47667384" />
  <largest-consumer threadName="main" threadId="0000000001AB4700" bytes="47667384" />
</allocation-stats>
<gc-op id="1244" type="mark" timems="9.212" contextid="1241" timestamp="2019-07-02T23:30:31.101">
  <trace-info objectcount="601722" scancount="522922" scanbytes="13431068" />
  <finalization candidates="80" enqueued="0" />
  <ownableSynchronizers candidates="21" cleared="0" />
  <references type="soft" candidates="4248" cleared="0" enqueued="0" dynamicThreshold="23" maxThreshold="32" />
  <references type="weak" candidates="5617" cleared="0" enqueued="0" />
  <references type="phantom" candidates="101" cleared="0" enqueued="0" />
  <stringconstants candidates="13621" cleared="0"  />
</gc-op>
<gc-op id="1245" type="sweep" timems="0.648" contextid="1241" timestamp="2019-07-02T23:30:31.102" />
<heap-resize id="1246" type="contract" space="tenure" amount="655360" count="1" timems="0.103" reason="excess free space following gc" timestamp="2019-07-02T23:30:31.102" />
<gc-end id="1247" type="global" contextid="1241" durationms="10.632" usertimems="28.000" systemtimems="0.000" timestamp="2019-07-02T23:30:31.102" activeThreads="4">
  <mem-info id="1248" free="47707728" total="65798144" percent="72">
    <mem type="tenure" free="47707728" total="65798144" percent="72" micro-fragmented="0" macro-fragmented="0">
      <mem type="soa" free="47113528" total="65140736" percent="72" />
      <mem type="loa" free="594200" total="657408" percent="90" />
    </mem>
  </mem-info>
</gc-end>
<cycle-end id="1249" type="global" contextid="1241" timestamp="2019-07-02T23:30:31.102">
  <attribute name="GC Util" value="188" />
  <attribute name="CPU Util" value="1967260284145" />
  <attribute name="Time Running"value="8647"/>
  <attribute name="Number of cores"value="4"/>
</cycle-end>
<allocation-satisfied id="1250" threadId="0000000001AB4700" bytesRequested="1168" />
<af-end id="1251" timestamp="2019-07-02T23:30:31.102" threadId="0000000001AB5088" success="true" />
<exclusive-end id="1252" timestamp="2019-07-02T23:30:31.102" durationms="11.534" />

<exclusive-start id="1253" timestamp="2019-07-02T23:30:31.112" intervalms="20.807">
  <response-info timems="0.067" idlems="0.067" threads="0" lastid="0000000001AB4700" lastname="main" />
</exclusive-start>
<af-start id="1254" threadId="0000000001AB5088" totalBytesRequested="1168" timestamp="2019-07-02T23:30:31.112" intervalms="20.805" />
<cycle-start id="1255" type="global" contextid="0" timestamp="2019-07-02T23:30:31.112" intervalms="20.808" />
  <attribute name="GC Util" value="188" />
  <attribute name="CPU Util" value="1967260284145" />
  <attribute name="Time Running"value="8647"/>
  <attribute name="Number of cores"value="4"/>
<gc-start id="1256" type="global" contextid="1255" timestamp="2019-07-02T23:30:31.112">
  <mem-info id="1257" free="594200" total="65798144" percent="0">
    <mem type="tenure" free="594200" total="65798144" percent="0">
      <mem type="soa" free="0" total="65140736" percent="0" />
      <mem type="loa" free="594200" total="657408" percent="90" />
    </mem>
  </mem-info>
</gc-start>
<allocation-stats totalBytes="47020344" >
  <allocated-bytes non-tlh="0" tlh="47020344" />
  <largest-consumer threadName="main" threadId="0000000001AB4700" bytes="47020344" />
</allocation-stats>
<gc-op id="1258" type="mark" timems="9.540" contextid="1255" timestamp="2019-07-02T23:30:31.122">
  <trace-info objectcount="601722" scancount="522899" scanbytes="13431068" />
  <finalization candidates="80" enqueued="0" />
  <ownableSynchronizers candidates="21" cleared="0" />
  <references type="soft" candidates="4248" cleared="0" enqueued="0" dynamicThreshold="23" maxThreshold="32" />
  <references type="weak" candidates="5617" cleared="0" enqueued="0" />
  <references type="phantom" candidates="101" cleared="0" enqueued="0" />
  <stringconstants candidates="13621" cleared="0"  />
</gc-op>
<gc-op id="1259" type="sweep" timems="0.580" contextid="1255" timestamp="2019-07-02T23:30:31.123" />
<heap-resize id="1260" type="contract" space="tenure" amount="655360" count="1" timems="0.100" reason="excess free space following gc" timestamp="2019-07-02T23:30:31.123" />
<gc-end id="1261" type="global" contextid="1255" durationms="10.955" usertimems="28.000" systemtimems="0.000" timestamp="2019-07-02T23:30:31.123" activeThreads="4">
  <mem-info id="1262" free="47057320" total="65142784" percent="72">
    <mem type="tenure" free="47057320" total="65142784" percent="72" micro-fragmented="0" macro-fragmented="0">
      <mem type="soa" free="46464312" total="64491520" percent="72" />
      <mem type="loa" free="593008" total="651264" percent="91" />
    </mem>
  </mem-info>
</gc-end>
<cycle-end id="1263" type="global" contextid="1255" timestamp="2019-07-02T23:30:31.123">
  <attribute name="GC Util" value="188" />
  <attribute name="CPU Util" value="1904769883706" />
  <attribute name="Time Running"value="8668"/>
  <attribute name="Number of cores"value="4"/>
</cycle-end>
<allocation-satisfied id="1264" threadId="0000000001AB4700" bytesRequested="1168" />
<af-end id="1265" timestamp="2019-07-02T23:30:31.123" threadId="0000000001AB5088" success="true" />
<exclusive-end id="1266" timestamp="2019-07-02T23:30:31.124" durationms="11.843" />

<exclusive-start id="1267" timestamp="2019-07-02T23:30:31.133" intervalms="21.023">
  <response-info timems="0.095" idlems="0.095" threads="0" lastid="0000000001AB4700" lastname="main" />
</exclusive-start>
<af-start id="1268" threadId="0000000001AB5088" totalBytesRequested="1168" timestamp="2019-07-02T23:30:31.133" intervalms="21.042" />
<cycle-start id="1269" type="global" contextid="0" timestamp="2019-07-02T23:30:31.133" intervalms="21.046" />
  <attribute name="GC Util" value="188" />
  <attribute name="CPU Util" value="1904769883706" />
  <attribute name="Time Running"value="8668"/>
  <attribute name="Number of cores"value="4"/>
<gc-start id="1270" type="global" contextid="1269" timestamp="2019-07-02T23:30:31.133">
  <mem-info id="1271" free="593008" total="65142784" percent="0">
    <mem type="tenure" free="593008" total="65142784" percent="0">
      <mem type="soa" free="0" total="64491520" percent="0" />
      <mem type="loa" free="593008" total="651264" percent="91" />
    </mem>
  </mem-info>
</gc-start>
<allocation-stats totalBytes="46373304" >
  <allocated-bytes non-tlh="0" tlh="46373304" />
  <largest-consumer threadName="main" threadId="0000000001AB4700" bytes="46373304" />
</allocation-stats>
<gc-op id="1272" type="mark" timems="9.244" contextid="1269" timestamp="2019-07-02T23:30:31.143">
  <trace-info objectcount="601722" scancount="522932" scanbytes="13431068" />
  <finalization candidates="80" enqueued="0" />
  <ownableSynchronizers candidates="21" cleared="0" />
  <references type="soft" candidates="4248" cleared="0" enqueued="0" dynamicThreshold="23" maxThreshold="32" />
  <references type="weak" candidates="5617" cleared="0" enqueued="0" />
  <references type="phantom" candidates="101" cleared="0" enqueued="0" />
  <stringconstants candidates="13621" cleared="0"  />
</gc-op>
<gc-op id="1273" type="sweep" timems="0.624" contextid="1269" timestamp="2019-07-02T23:30:31.144" />
<heap-resize id="1274" type="contract" space="tenure" amount="589824" count="1" timems="0.096" reason="excess free space following gc" timestamp="2019-07-02T23:30:31.144" />
<gc-end id="1275" type="global" contextid="1269" durationms="10.704" usertimems="28.000" systemtimems="0.000" timestamp="2019-07-02T23:30:31.144" activeThreads="4">
  <mem-info id="1276" free="46437688" total="64552960" percent="71">
    <mem type="tenure" free="46437688" total="64552960" percent="71" micro-fragmented="0" macro-fragmented="0">
      <mem type="soa" free="45880632" total="63907840" percent="71" />
      <mem type="loa" free="557056" total="645120" percent="86" />
    </mem>
  </mem-info>
</gc-end>
<cycle-end id="1277" type="global" contextid="1269" timestamp="2019-07-02T23:30:31.144">
  <attribute name="GC Util" value="188" />
  <attribute name="CPU Util" value="1962558617021" />
  <attribute name="Time Running"value="8689"/>
  <attribute name="Number of cores"value="4"/>
</cycle-end>
<allocation-satisfied id="1278" threadId="0000000001AB4700" bytesRequested="1168" />
<af-end id="1279" timestamp="2019-07-02T23:30:31.144" threadId="0000000001AB5088" success="true" />
<exclusive-end id="1280" timestamp="2019-07-02T23:30:31.144" durationms="11.617" />

<exclusive-start id="1281" timestamp="2019-07-02T23:30:31.153" intervalms="20.695">
  <response-info timems="0.073" idlems="0.073" threads="0" lastid="0000000001AB4700" lastname="main" />
</exclusive-start>
<af-start id="1282" threadId="0000000001AB5088" totalBytesRequested="1168" timestamp="2019-07-02T23:30:31.154" intervalms="20.682" />
<cycle-start id="1283" type="global" contextid="0" timestamp="2019-07-02T23:30:31.154" intervalms="20.675" />
  <attribute name="GC Util" value="188" />
  <attribute name="CPU Util" value="1962558617021" />
  <attribute name="Time Running"value="8689"/>
  <attribute name="Number of cores"value="4"/>
<gc-start id="1284" type="global" contextid="1283" timestamp="2019-07-02T23:30:31.154">
  <mem-info id="1285" free="557056" total="64552960" percent="0">
    <mem type="tenure" free="557056" total="64552960" percent="0">
      <mem type="soa" free="0" total="63907840" percent="0" />
      <mem type="loa" free="557056" total="645120" percent="86" />
    </mem>
  </mem-info>
</gc-start>
<allocation-stats totalBytes="45791560" >
  <allocated-bytes non-tlh="0" tlh="45791560" />
  <largest-consumer threadName="main" threadId="0000000001AB4700" bytes="45791560" />
</allocation-stats>
<gc-op id="1286" type="mark" timems="9.756" contextid="1283" timestamp="2019-07-02T23:30:31.164">
  <trace-info objectcount="601722" scancount="522911" scanbytes="13431068" />
  <finalization candidates="80" enqueued="0" />
  <ownableSynchronizers candidates="21" cleared="0" />
  <references type="soft" candidates="4248" cleared="0" enqueued="0" dynamicThreshold="23" maxThreshold="32" />
  <references type="weak" candidates="5617" cleared="0" enqueued="0" />
  <references type="phantom" candidates="101" cleared="0" enqueued="0" />
  <stringconstants candidates="13621" cleared="0"  />
</gc-op>
<gc-op id="1287" type="sweep" timems="0.738" contextid="1283" timestamp="2019-07-02T23:30:31.165" />
<heap-resize id="1288" type="contract" space="tenure" amount="589824" count="1" timems="0.094" reason="excess free space following gc" timestamp="2019-07-02T23:30:31.165" />
<gc-end id="1289" type="global" contextid="1283" durationms="11.283" usertimems="28.000" systemtimems="0.000" timestamp="2019-07-02T23:30:31.165" activeThreads="4">
  <mem-info id="1290" free="45812352" total="63963136" percent="71">
    <mem type="tenure" free="45812352" total="63963136" percent="71" micro-fragmented="0" macro-fragmented="0">
      <mem type="soa" free="45720816" total="63324160" percent="72" />
      <mem type="loa" free="91536" total="638976" percent="14" />
    </mem>
  </mem-info>
</gc-end>
<cycle-end id="1291" type="global" contextid="1283" timestamp="2019-07-02T23:30:31.165">
  <attribute name="GC Util" value="188" />
  <attribute name="CPU Util" value="1864498863829" />
  <attribute name="Time Running"value="8710"/>
  <attribute name="Number of cores"value="4"/>
</cycle-end>
<allocation-satisfied id="1292" threadId="0000000001AB4700" bytesRequested="1168" />
<af-end id="1293" timestamp="2019-07-02T23:30:31.165" threadId="0000000001AB5088" success="true" />
<exclusive-end id="1294" timestamp="2019-07-02T23:30:31.166" durationms="12.094" />

<exclusive-start id="1295" timestamp="2019-07-02T23:30:31.177" intervalms="23.261">
  <response-info timems="0.074" idlems="0.074" threads="0" lastid="0000000001AB4700" lastname="main" />
</exclusive-start>
<af-start id="1296" threadId="0000000001AB5088" totalBytesRequested="1168" timestamp="2019-07-02T23:30:31.177" intervalms="23.260" />
<cycle-start id="1297" type="global" contextid="0" timestamp="2019-07-02T23:30:31.177" intervalms="23.261" />
  <attribute name="GC Util" value="188" />
  <attribute name="CPU Util" value="1864498863829" />
  <attribute name="Time Running"value="8710"/>
  <attribute name="Number of cores"value="4"/>
<gc-start id="1298" type="global" contextid="1297" timestamp="2019-07-02T23:30:31.177">
  <mem-info id="1299" free="91536" total="63963136" percent="0">
    <mem type="tenure" free="91536" total="63963136" percent="0">
      <mem type="soa" free="0" total="63324160" percent="0" />
      <mem type="loa" free="91536" total="638976" percent="14" />
    </mem>
  </mem-info>
</gc-start>
<allocation-stats totalBytes="45559288" >
  <allocated-bytes non-tlh="0" tlh="45559288" />
  <largest-consumer threadName="main" threadId="0000000001AB4700" bytes="45559288" />
</allocation-stats>
<gc-op id="1300" type="mark" timems="9.381" contextid="1297" timestamp="2019-07-02T23:30:31.187">
  <trace-info objectcount="601728" scancount="522930" scanbytes="13431212" />
  <finalization candidates="80" enqueued="0" />
  <ownableSynchronizers candidates="21" cleared="0" />
  <references type="soft" candidates="4248" cleared="0" enqueued="0" dynamicThreshold="22" maxThreshold="32" />
  <references type="weak" candidates="5617" cleared="0" enqueued="0" />
  <references type="phantom" candidates="101" cleared="0" enqueued="0" />
  <stringconstants candidates="13621" cleared="0"  />
</gc-op>
<gc-op id="1301" type="sweep" timems="0.594" contextid="1297" timestamp="2019-07-02T23:30:31.188" />
<mem-info id="1302" free="45998968" total="63963136" percent="71">
  <mem type="tenure" free="45998968" total="63963136" percent="71" micro-fragmented="0" macro-fragmented="0">
    <mem type="soa" free="45783856" total="63324160" percent="72" />
    <mem type="loa" free="215112" total="638976" percent="33" />
  </mem>
</mem-info>
<gc-op id="1303" type="compact" timems="50.406" contextid="1297" timestamp="2019-07-02T23:30:31.238">
  <compact-info movecount="185910" movebytes="4775544" reason="compact to aid heap contraction" />
</gc-op>
<heap-resize id="1304" type="contract" space="tenure" amount="589824" count="1" timems="0.101" reason="excess free space following gc" timestamp="2019-07-02T23:30:31.238" />
<gc-end id="1305" type="global" contextid="1297" durationms="61.485" usertimems="72.000" systemtimems="8.000" timestamp="2019-07-02T23:30:31.239" activeThreads="4">
  <mem-info id="1306" free="45296776" total="63373312" percent="71">
    <mem type="tenure" free="45296776" total="63373312" percent="71">
      <mem type="soa" free="44713096" total="62740480" percent="71" />
      <mem type="loa" free="583680" total="632832" percent="92" />
    </mem>
  </mem-info>
</gc-end>
<cycle-end id="1307" type="global" contextid="1297" timestamp="2019-07-02T23:30:31.239">
  <attribute name="GC Util" value="23" />
  <attribute name="CPU Util" value="23095295774862" />
  <attribute name="Time Running"value="8734"/>
  <attribute name="Number of cores"value="4"/>
</cycle-end>
<allocation-satisfied id="1308" threadId="0000000001AB4700" bytesRequested="1168" />
<af-end id="1309" timestamp="2019-07-02T23:30:31.239" threadId="0000000001AB5088" success="true" />
<exclusive-end id="1310" timestamp="2019-07-02T23:30:31.239" durationms="62.441" />

<exclusive-start id="1311" timestamp="2019-07-02T23:30:31.248" intervalms="71.804">
  <response-info timems="0.095" idlems="0.095" threads="0" lastid="0000000001AB4700" lastname="main" />
</exclusive-start>
<af-start id="1312" threadId="0000000001AB5088" totalBytesRequested="1168" timestamp="2019-07-02T23:30:31.249" intervalms="71.811" />
<cycle-start id="1313" type="global" contextid="0" timestamp="2019-07-02T23:30:31.249" intervalms="71.811" />
  <attribute name="GC Util" value="23" />
  <attribute name="CPU Util" value="23095295774862" />
  <attribute name="Time Running"value="8734"/>
  <attribute name="Number of cores"value="4"/>
<gc-start id="1314" type="global" contextid="1313" timestamp="2019-07-02T23:30:31.249">
  <mem-info id="1315" free="583680" total="63373312" percent="0">
    <mem type="tenure" free="583680" total="63373312" percent="0">
      <mem type="soa" free="0" total="62740480" percent="0" />
      <mem type="loa" free="583680" total="632832" percent="92" />
    </mem>
  </mem-info>
</gc-start>
<allocation-stats totalBytes="44486576" >
  <allocated-bytes non-tlh="0" tlh="44486576" />
  <largest-consumer threadName="main" threadId="0000000001AB4700" bytes="44486576" />
</allocation-stats>
<gc-op id="1316" type="mark" timems="9.105" contextid="1313" timestamp="2019-07-02T23:30:31.258">
  <trace-info objectcount="601729" scancount="522931" scanbytes="13431236" />
  <finalization candidates="80" enqueued="0" />
  <ownableSynchronizers candidates="21" cleared="0" />
  <references type="soft" candidates="4248" cleared="0" enqueued="0" dynamicThreshold="22" maxThreshold="32" />
  <references type="weak" candidates="5617" cleared="0" enqueued="0" />
  <references type="phantom" candidates="101" cleared="0" enqueued="0" />
  <stringconstants candidates="13621" cleared="0"  />
</gc-op>
<gc-op id="1317" type="sweep" timems="0.629" contextid="1313" timestamp="2019-07-02T23:30:31.259" />
<heap-resize id="1318" type="contract" space="tenure" amount="589824" count="1" timems="0.094" reason="excess free space following gc" timestamp="2019-07-02T23:30:31.259" />
<gc-end id="1319" type="global" contextid="1313" durationms="10.535" usertimems="28.000" systemtimems="0.000" timestamp="2019-07-02T23:30:31.259" activeThreads="4">
  <mem-info id="1320" free="44700720" total="62783488" percent="71">
    <mem type="tenure" free="44700720" total="62783488" percent="71" micro-fragmented="0" macro-fragmented="0">
      <mem type="soa" free="44128392" total="62155776" percent="70" />
      <mem type="loa" free="572328" total="627712" percent="91" />
    </mem>
  </mem-info>
</gc-end>
<cycle-end id="1321" type="global" contextid="1313" timestamp="2019-07-02T23:30:31.260">
  <attribute name="GC Util" value="188" />
  <attribute name="CPU Util" value="1992882255420" />
  <attribute name="Time Running"value="8804"/>
  <attribute name="Number of cores"value="4"/>
</cycle-end>
<allocation-satisfied id="1322" threadId="0000000001AB4700" bytesRequested="1168" />
<af-end id="1323" timestamp="2019-07-02T23:30:31.260" threadId="0000000001AB5088" success="true" />
<exclusive-end id="1324" timestamp="2019-07-02T23:30:31.260" durationms="11.309" />

<exclusive-start id="1325" timestamp="2019-07-02T23:30:31.269" intervalms="20.509">
  <response-info timems="0.098" idlems="0.098" threads="0" lastid="0000000001AB4700" lastname="main" />
</exclusive-start>
<af-start id="1326" threadId="0000000001AB5088" totalBytesRequested="1168" timestamp="2019-07-02T23:30:31.269" intervalms="20.522" />
<cycle-start id="1327" type="global" contextid="0" timestamp="2019-07-02T23:30:31.269" intervalms="20.523" />
  <attribute name="GC Util" value="188" />
  <attribute name="CPU Util" value="1992882255420" />
  <attribute name="Time Running"value="8804"/>
  <attribute name="Number of cores"value="4"/>
<gc-start id="1328" type="global" contextid="1327" timestamp="2019-07-02T23:30:31.269">
  <mem-info id="1329" free="572328" total="62783488" percent="0">
    <mem type="tenure" free="572328" total="62783488" percent="0">
      <mem type="soa" free="0" total="62155776" percent="0" />
      <mem type="loa" free="572328" total="627712" percent="91" />
    </mem>
  </mem-info>
</gc-start>
<allocation-stats totalBytes="43916712" >
  <allocated-bytes non-tlh="0" tlh="43916712" />
  <largest-consumer threadName="main" threadId="0000000001AB4700" bytes="43916712" />
</allocation-stats>
<gc-op id="1330" type="mark" timems="9.089" contextid="1327" timestamp="2019-07-02T23:30:31.279">
  <trace-info objectcount="601729" scancount="522931" scanbytes="13431236" />
  <finalization candidates="80" enqueued="0" />
  <ownableSynchronizers candidates="21" cleared="0" />
  <references type="soft" candidates="4248" cleared="0" enqueued="0" dynamicThreshold="22" maxThreshold="32" />
  <references type="weak" candidates="5617" cleared="0" enqueued="0" />
  <references type="phantom" candidates="101" cleared="0" enqueued="0" />
  <stringconstants candidates="13621" cleared="0"  />
</gc-op>
<gc-op id="1331" type="sweep" timems="0.616" contextid="1327" timestamp="2019-07-02T23:30:31.280" />
<heap-resize id="1332" type="contract" space="tenure" amount="589824" count="1" timems="0.099" reason="excess free space following gc" timestamp="2019-07-02T23:30:31.280" />
<gc-end id="1333" type="global" contextid="1327" durationms="10.468" usertimems="28.000" systemtimems="0.000" timestamp="2019-07-02T23:30:31.280" activeThreads="4">
  <mem-info id="1334" free="44111400" total="62193664" percent="70">
    <mem type="tenure" free="44111400" total="62193664" percent="70" micro-fragmented="0" macro-fragmented="0">
      <mem type="soa" free="43544712" total="61572096" percent="70" />
      <mem type="loa" free="566688" total="621568" percent="91" />
    </mem>
  </mem-info>
</gc-end>
<cycle-end id="1335" type="global" contextid="1327" timestamp="2019-07-02T23:30:31.280">
  <attribute name="GC Util" value="188" />
  <attribute name="CPU Util" value="1997829391478" />
  <attribute name="Time Running"value="8825"/>
  <attribute name="Number of cores"value="4"/>
</cycle-end>
<allocation-satisfied id="1336" threadId="0000000001AB4700" bytesRequested="1168" />
<af-end id="1337" timestamp="2019-07-02T23:30:31.280" threadId="0000000001AB5088" success="true" />
<exclusive-end id="1338" timestamp="2019-07-02T23:30:31.280" durationms="11.416" />

<exclusive-start id="1339" timestamp="2019-07-02T23:30:31.289" intervalms="20.493">
  <response-info timems="0.089" idlems="0.089" threads="0" lastid="0000000001AB4700" lastname="main" />
</exclusive-start>
<af-start id="1340" threadId="0000000001AB5088" totalBytesRequested="1168" timestamp="2019-07-02T23:30:31.290" intervalms="20.473" />
<cycle-start id="1341" type="global" contextid="0" timestamp="2019-07-02T23:30:31.290" intervalms="20.443" />
  <attribute name="GC Util" value="188" />
  <attribute name="CPU Util" value="1997829391478" />
  <attribute name="Time Running"value="8825"/>
  <attribute name="Number of cores"value="4"/>
<gc-start id="1342" type="global" contextid="1341" timestamp="2019-07-02T23:30:31.290">
  <mem-info id="1343" free="566688" total="62193664" percent="0">
    <mem type="tenure" free="566688" total="62193664" percent="0">
      <mem type="soa" free="0" total="61572096" percent="0" />
      <mem type="loa" free="566688" total="621568" percent="91" />
    </mem>
  </mem-info>
</gc-start>
<allocation-stats totalBytes="43337392" >
  <allocated-bytes non-tlh="0" tlh="43337392" />
  <largest-consumer threadName="main" threadId="0000000001AB4700" bytes="43337392" />
</allocation-stats>
<gc-op id="1344" type="mark" timems="9.859" contextid="1341" timestamp="2019-07-02T23:30:31.300">
  <trace-info objectcount="601729" scancount="522910" scanbytes="13431236" />
  <finalization candidates="80" enqueued="0" />
  <ownableSynchronizers candidates="21" cleared="0" />
  <references type="soft" candidates="4248" cleared="0" enqueued="0" dynamicThreshold="22" maxThreshold="32" />
  <references type="weak" candidates="5617" cleared="0" enqueued="0" />
  <references type="phantom" candidates="101" cleared="0" enqueued="0" />
  <stringconstants candidates="13621" cleared="0"  />
</gc-op>
<gc-op id="1345" type="sweep" timems="0.737" contextid="1341" timestamp="2019-07-02T23:30:31.301" />
<heap-resize id="1346" type="contract" space="tenure" amount="589824" count="1" timems="0.051" reason="excess free space following gc" timestamp="2019-07-02T23:30:31.301" />
<gc-end id="1347" type="global" contextid="1341" durationms="11.312" usertimems="28.000" systemtimems="0.000" timestamp="2019-07-02T23:30:31.301" activeThreads="4">
  <mem-info id="1348" free="43483344" total="61603840" percent="70">
    <mem type="tenure" free="43483344" total="61603840" percent="70" micro-fragmented="0" macro-fragmented="0">
      <mem type="soa" free="42961032" total="60988416" percent="70" />
      <mem type="loa" free="522312" total="615424" percent="84" />
    </mem>
  </mem-info>
</gc-end>
<cycle-end id="1349" type="global" contextid="1341" timestamp="2019-07-02T23:30:31.301">
  <attribute name="GC Util" value="189" />
  <attribute name="CPU Util" value="1846427389822" />
  <attribute name="Time Running"value="8846"/>
  <attribute name="Number of cores"value="4"/>
</cycle-end>
<allocation-satisfied id="1350" threadId="0000000001AB4700" bytesRequested="1168" />
<af-end id="1351" timestamp="2019-07-02T23:30:31.302" threadId="0000000001AB5088" success="true" />
<exclusive-end id="1352" timestamp="2019-07-02T23:30:31.302" durationms="12.226" />

<exclusive-start id="1353" timestamp="2019-07-02T23:30:31.311" intervalms="21.235">
  <response-info timems="0.096" idlems="0.096" threads="0" lastid="0000000001AB4700" lastname="main" />
</exclusive-start>
<af-start id="1354" threadId="0000000001AB5088" totalBytesRequested="1168" timestamp="2019-07-02T23:30:31.311" intervalms="21.229" />
<cycle-start id="1355" type="global" contextid="0" timestamp="2019-07-02T23:30:31.311" intervalms="21.259" />
  <attribute name="GC Util" value="189" />
  <attribute name="CPU Util" value="1846427389822" />
  <attribute name="Time Running"value="8846"/>
  <attribute name="Number of cores"value="4"/>
<gc-start id="1356" type="global" contextid="1355" timestamp="2019-07-02T23:30:31.311">
  <mem-info id="1357" free="522312" total="61603840" percent="0">
    <mem type="tenure" free="522312" total="61603840" percent="0">
      <mem type="soa" free="0" total="60988416" percent="0" />
      <mem type="loa" free="522312" total="615424" percent="84" />
    </mem>
  </mem-info>
</gc-start>
<allocation-stats totalBytes="42756880" >
  <allocated-bytes non-tlh="0" tlh="42756880" />
  <largest-consumer threadName="main" threadId="0000000001AB4700" bytes="42756880" />
</allocation-stats>
<gc-op id="1358" type="mark" timems="9.043" contextid="1355" timestamp="2019-07-02T23:30:31.320">
  <trace-info objectcount="601729" scancount="522928" scanbytes="13431236" />
  <finalization candidates="80" enqueued="0" />
  <ownableSynchronizers candidates="21" cleared="0" />
  <references type="soft" candidates="4248" cleared="0" enqueued="0" dynamicThreshold="22" maxThreshold="32" />
  <references type="weak" candidates="5617" cleared="0" enqueued="0" />
  <references type="phantom" candidates="101" cleared="0" enqueued="0" />
  <stringconstants candidates="13621" cleared="0"  />
</gc-op>
<gc-op id="1359" type="sweep" timems="0.654" contextid="1355" timestamp="2019-07-02T23:30:31.321" />
<heap-resize id="1360" type="contract" space="tenure" amount="589824" count="1" timems="0.094" reason="excess free space following gc" timestamp="2019-07-02T23:30:31.321" />
<gc-end id="1361" type="global" contextid="1355" durationms="10.406" usertimems="28.000" systemtimems="0.000" timestamp="2019-07-02T23:30:31.322" activeThreads="4">
  <mem-info id="1362" free="42939192" total="61014016" percent="70">
    <mem type="tenure" free="42939192" total="61014016" percent="70" micro-fragmented="0" macro-fragmented="0">
      <mem type="soa" free="42377352" total="60404736" percent="70" />
      <mem type="loa" free="561840" total="609280" percent="92" />
    </mem>
  </mem-info>
</gc-end>
<cycle-end id="1363" type="global" contextid="1355" timestamp="2019-07-02T23:30:31.322">
  <attribute name="GC Util" value="187" />
  <attribute name="CPU Util" value="2010148400611" />
  <attribute name="Time Running"value="8867"/>
  <attribute name="Number of cores"value="4"/>
</cycle-end>
<allocation-satisfied id="1364" threadId="0000000001AB4700" bytesRequested="1168" />
<af-end id="1365" timestamp="2019-07-02T23:30:31.322" threadId="0000000001AB5088" success="true" />
<exclusive-end id="1366" timestamp="2019-07-02T23:30:31.322" durationms="11.277" />

<exclusive-start id="1367" timestamp="2019-07-02T23:30:31.331" intervalms="20.059">
  <response-info timems="0.070" idlems="0.070" threads="0" lastid="0000000001AB4700" lastname="main" />
</exclusive-start>
<af-start id="1368" threadId="0000000001AB5088" totalBytesRequested="1168" timestamp="2019-07-02T23:30:31.331" intervalms="20.111" />
<cycle-start id="1369" type="global" contextid="0" timestamp="2019-07-02T23:30:31.332" intervalms="20.866" />
  <attribute name="GC Util" value="187" />
  <attribute name="CPU Util" value="2010148400611" />
  <attribute name="Time Running"value="8867"/>
  <attribute name="Number of cores"value="4"/>
<gc-start id="1370" type="global" contextid="1369" timestamp="2019-07-02T23:30:31.332">
  <mem-info id="1371" free="561840" total="61014016" percent="0">
    <mem type="tenure" free="561840" total="61014016" percent="0">
      <mem type="soa" free="0" total="60404736" percent="0" />
      <mem type="loa" free="561840" total="609280" percent="92" />
    </mem>
  </mem-info>
</gc-start>
<allocation-stats totalBytes="42178800" >
  <allocated-bytes non-tlh="0" tlh="42178800" />
  <largest-consumer threadName="main" threadId="0000000001AB4700" bytes="42178800" />
</allocation-stats>
<gc-op id="1372" type="mark" timems="19.316" contextid="1369" timestamp="2019-07-02T23:30:31.352">
  <trace-info objectcount="601729" scancount="522909" scanbytes="13431236" />
  <finalization candidates="80" enqueued="0" />
  <ownableSynchronizers candidates="21" cleared="0" />
  <references type="soft" candidates="4248" cleared="0" enqueued="0" dynamicThreshold="22" maxThreshold="32" />
  <references type="weak" candidates="5617" cleared="0" enqueued="0" />
  <references type="phantom" candidates="101" cleared="0" enqueued="0" />
  <stringconstants candidates="13621" cleared="0"  />
</gc-op>
<gc-op id="1373" type="sweep" timems="1.131" contextid="1369" timestamp="2019-07-02T23:30:31.354" />
<heap-resize id="1374" type="contract" space="tenure" amount="589824" count="1" timems="0.123" reason="excess free space following gc" timestamp="2019-07-02T23:30:31.354" />
<gc-end id="1375" type="global" contextid="1369" durationms="21.803" usertimems="60.000" systemtimems="0.000" timestamp="2019-07-02T23:30:31.354" activeThreads="4">
  <mem-info id="1376" free="42353824" total="60424192" percent="70">
    <mem type="tenure" free="42353824" total="60424192" percent="70" micro-fragmented="0" macro-fragmented="0">
      <mem type="soa" free="41792648" total="59820032" percent="69" />
      <mem type="loa" free="561176" total="604160" percent="92" />
    </mem>
  </mem-info>
</gc-end>
<cycle-end id="1377" type="global" contextid="1369" timestamp="2019-07-02T23:30:31.354">
  <attribute name="GC Util" value="190" />
  <attribute name="CPU Util" value="947642909667" />
  <attribute name="Time Running"value="8898"/>
  <attribute name="Number of cores"value="4"/>
</cycle-end>
<allocation-satisfied id="1378" threadId="0000000001AB4700" bytesRequested="1168" />
<af-end id="1379" timestamp="2019-07-02T23:30:31.355" threadId="0000000001AB5088" success="true" />
<exclusive-end id="1380" timestamp="2019-07-02T23:30:31.355" durationms="23.884" />

<exclusive-start id="1381" timestamp="2019-07-02T23:30:31.365" intervalms="34.407">
  <response-info timems="0.073" idlems="0.073" threads="0" lastid="0000000001AB4700" lastname="main" />
</exclusive-start>
<af-start id="1382" threadId="0000000001AB5088" totalBytesRequested="1168" timestamp="2019-07-02T23:30:31.365" intervalms="34.410" />
<cycle-start id="1383" type="global" contextid="0" timestamp="2019-07-02T23:30:31.366" intervalms="33.662" />
  <attribute name="GC Util" value="190" />
  <attribute name="CPU Util" value="947642909667" />
  <attribute name="Time Running"value="8898"/>
  <attribute name="Number of cores"value="4"/>
<gc-start id="1384" type="global" contextid="1383" timestamp="2019-07-02T23:30:31.366">
  <mem-info id="1385" free="561176" total="60424192" percent="0">
    <mem type="tenure" free="561176" total="60424192" percent="0">
      <mem type="soa" free="0" total="59820032" percent="0" />
      <mem type="loa" free="561176" total="604160" percent="92" />
    </mem>
  </mem-info>
</gc-start>
<allocation-stats totalBytes="41597024" >
  <allocated-bytes non-tlh="0" tlh="41597024" />
  <largest-consumer threadName="main" threadId="0000000001AB4700" bytes="41597024" />
</allocation-stats>
<gc-op id="1386" type="mark" timems="9.723" contextid="1383" timestamp="2019-07-02T23:30:31.376">
  <trace-info objectcount="600608" scancount="521815" scanbytes="13392284" />
  <finalization candidates="80" enqueued="0" />
  <ownableSynchronizers candidates="21" cleared="0" />
  <references type="soft" candidates="4248" cleared="987" enqueued="987" dynamicThreshold="22" maxThreshold="32" />
  <references type="weak" candidates="5617" cleared="0" enqueued="0" />
  <references type="phantom" candidates="101" cleared="0" enqueued="0" />
  <stringconstants candidates="13621" cleared="0"  />
</gc-op>
<gc-op id="1387" type="sweep" timems="0.631" contextid="1383" timestamp="2019-07-02T23:30:31.377" />
<heap-resize id="1388" type="contract" space="tenure" amount="589824" count="1" timems="0.098" reason="excess free space following gc" timestamp="2019-07-02T23:30:31.377" />
<gc-end id="1389" type="global" contextid="1383" durationms="11.289" usertimems="28.000" systemtimems="0.000" timestamp="2019-07-02T23:30:31.377" activeThreads="4">
  <mem-info id="1390" free="41868320" total="59834368" percent="69">
    <mem type="tenure" free="41868320" total="59834368" percent="69" micro-fragmented="13834" macro-fragmented="0">
      <mem type="soa" free="41287456" total="59236352" percent="69" />
      <mem type="loa" free="580864" total="598016" percent="97" />
    </mem>
    <pending-finalizers system="0" default="0" reference="987" classloader="0" />
  </mem-info>
</gc-end>
<cycle-end id="1391" type="global" contextid="1383" timestamp="2019-07-02T23:30:31.377">
  <attribute name="GC Util" value="189" />
  <attribute name="CPU Util" value="1862686381453" />
  <attribute name="Time Running"value="8922"/>
  <attribute name="Number of cores"value="4"/>
</cycle-end>
<allocation-satisfied id="1392" threadId="0000000001AB4700" bytesRequested="1168" />
<af-end id="1393" timestamp="2019-07-02T23:30:31.377" threadId="0000000001AB5088" success="true" />
<exclusive-end id="1394" timestamp="2019-07-02T23:30:31.377" durationms="12.268" />

<exclusive-start id="1395" timestamp="2019-07-02T23:30:31.386" intervalms="21.165">
  <response-info timems="0.067" idlems="0.067" threads="0" lastid="0000000001AB4700" lastname="main" />
</exclusive-start>
<af-start id="1396" threadId="0000000001AB5088" totalBytesRequested="1168" timestamp="2019-07-02T23:30:31.387" intervalms="21.149" />
<cycle-start id="1397" type="global" contextid="0" timestamp="2019-07-02T23:30:31.387" intervalms="21.153" />
  <attribute name="GC Util" value="189" />
  <attribute name="CPU Util" value="1862686381453" />
  <attribute name="Time Running"value="8922"/>
  <attribute name="Number of cores"value="4"/>
<gc-start id="1398" type="global" contextid="1397" timestamp="2019-07-02T23:30:31.387">
  <mem-info id="1399" free="580864" total="59834368" percent="0">
    <mem type="tenure" free="580864" total="59834368" percent="0">
      <mem type="soa" free="0" total="59236352" percent="0" />
      <mem type="loa" free="580864" total="598016" percent="97" />
    </mem>
  </mem-info>
</gc-start>
<allocation-stats totalBytes="41029792" >
  <allocated-bytes non-tlh="2336" tlh="41027456" />
  <largest-consumer threadName="main" threadId="0000000001AB4700" bytes="40990400" />
</allocation-stats>
<gc-op id="1400" type="mark" timems="9.532" contextid="1397" timestamp="2019-07-02T23:30:31.397">
  <trace-info objectcount="599433" scancount="520674" scanbytes="13366792" />
  <finalization candidates="80" enqueued="0" />
  <ownableSynchronizers candidates="21" cleared="0" />
  <references type="soft" candidates="3261" cleared="0" enqueued="0" dynamicThreshold="22" maxThreshold="32" />
  <references type="weak" candidates="5617" cleared="0" enqueued="0" />
  <references type="phantom" candidates="101" cleared="0" enqueued="0" />
  <stringconstants candidates="13621" cleared="50"  />
</gc-op>
<gc-op id="1401" type="sweep" timems="0.661" contextid="1397" timestamp="2019-07-02T23:30:31.397" />
<heap-resize id="1402" type="contract" space="tenure" amount="589824" count="1" timems="0.103" reason="excess free space following gc" timestamp="2019-07-02T23:30:31.398" />
<gc-end id="1403" type="global" contextid="1397" durationms="11.037" usertimems="32.000" systemtimems="0.000" timestamp="2019-07-02T23:30:31.398" activeThreads="4">
  <mem-info id="1404" free="41243768" total="59244544" percent="69">
    <mem type="tenure" free="41243768" total="59244544" percent="69" micro-fragmented="39962" macro-fragmented="0">
      <mem type="soa" free="40717104" total="58652672" percent="69" />
      <mem type="loa" free="526664" total="591872" percent="88" />
    </mem>
  </mem-info>
</gc-end>
<cycle-end id="1405" type="global" contextid="1397" timestamp="2019-07-02T23:30:31.398">
  <attribute name="GC Util" value="189" />
  <attribute name="CPU Util" value="1907821566953" />
  <attribute name="Time Running"value="8943"/>
  <attribute name="Number of cores"value="4"/>
</cycle-end>
<allocation-satisfied id="1406" threadId="0000000001AB4700" bytesRequested="1168" />
<af-end id="1407" timestamp="2019-07-02T23:30:31.398" threadId="0000000001AB5088" success="true" />
<exclusive-end id="1408" timestamp="2019-07-02T23:30:31.398" durationms="12.042" />

<exclusive-start id="1409" timestamp="2019-07-02T23:30:31.407" intervalms="20.821">
  <response-info timems="0.071" idlems="0.071" threads="0" lastid="0000000001AB4700" lastname="main" />
</exclusive-start>
<af-start id="1410" threadId="0000000001AB5088" totalBytesRequested="1168" timestamp="2019-07-02T23:30:31.407" intervalms="20.778" />
<cycle-start id="1411" type="global" contextid="0" timestamp="2019-07-02T23:30:31.407" intervalms="20.766" />
  <attribute name="GC Util" value="189" />
  <attribute name="CPU Util" value="1907821566953" />
  <attribute name="Time Running"value="8943"/>
  <attribute name="Number of cores"value="4"/>
<gc-start id="1412" type="global" contextid="1411" timestamp="2019-07-02T23:30:31.408">
  <mem-info id="1413" free="526664" total="59244544" percent="0">
    <mem type="tenure" free="526664" total="59244544" percent="0">
      <mem type="soa" free="0" total="58652672" percent="0" />
      <mem type="loa" free="526664" total="591872" percent="88" />
    </mem>
  </mem-info>
</gc-start>
<allocation-stats totalBytes="40454552" >
  <allocated-bytes non-tlh="10512" tlh="40444040" />
  <largest-consumer threadName="main" threadId="0000000001AB4700" bytes="40454552" />
</allocation-stats>
<gc-op id="1414" type="mark" timems="9.320" contextid="1411" timestamp="2019-07-02T23:30:31.417">
  <trace-info objectcount="599433" scancount="520690" scanbytes="13366792" />
  <finalization candidates="80" enqueued="0" />
  <ownableSynchronizers candidates="21" cleared="0" />
  <references type="soft" candidates="3261" cleared="0" enqueued="0" dynamicThreshold="22" maxThreshold="32" />
  <references type="weak" candidates="5617" cleared="0" enqueued="0" />
  <references type="phantom" candidates="101" cleared="0" enqueued="0" />
  <stringconstants candidates="13571" cleared="0"  />
</gc-op>
<gc-op id="1415" type="sweep" timems="0.627" contextid="1411" timestamp="2019-07-02T23:30:31.418" />
<heap-resize id="1416" type="contract" space="tenure" amount="589824" count="1" timems="0.098" reason="excess free space following gc" timestamp="2019-07-02T23:30:31.418" />
<gc-end id="1417" type="global" contextid="1411" durationms="10.766" usertimems="24.000" systemtimems="4.000" timestamp="2019-07-02T23:30:31.418" activeThreads="4">
  <mem-info id="1418" free="40706440" total="58654720" percent="69">
    <mem type="tenure" free="40706440" total="58654720" percent="69" micro-fragmented="39962" macro-fragmented="0">
      <mem type="soa" free="40133424" total="58068992" percent="69" />
      <mem type="loa" free="573016" total="585728" percent="97" />
    </mem>
  </mem-info>
</gc-end>
<cycle-end id="1419" type="global" contextid="1411" timestamp="2019-07-02T23:30:31.419">
  <attribute name="GC Util" value="188" />
  <attribute name="CPU Util" value="1948279819244" />
  <attribute name="Time Running"value="8963"/>
  <attribute name="Number of cores"value="4"/>
</cycle-end>
<allocation-satisfied id="1420" threadId="0000000001AB4700" bytesRequested="1168" />
<af-end id="1421" timestamp="2019-07-02T23:30:31.419" threadId="0000000001AB5088" success="true" />
<exclusive-end id="1422" timestamp="2019-07-02T23:30:31.419" durationms="11.648" />

<exclusive-start id="1423" timestamp="2019-07-02T23:30:31.482" intervalms="74.595">
  <response-info timems="0.062" idlems="0.062" threads="0" lastid="0000000001AB4700" lastname="main" />
</exclusive-start>
<af-start id="1424" threadId="0000000001AB5088" totalBytesRequested="80" timestamp="2019-07-02T23:30:31.482" intervalms="74.639" />
<cycle-start id="1425" type="global" contextid="0" timestamp="2019-07-02T23:30:31.482" intervalms="74.648" />
  <attribute name="GC Util" value="188" />
  <attribute name="CPU Util" value="1948279819244" />
  <attribute name="Time Running"value="8963"/>
  <attribute name="Number of cores"value="4"/>
<gc-start id="1426" type="global" contextid="1425" timestamp="2019-07-02T23:30:31.482">
  <mem-info id="1427" free="573016" total="58654720" percent="0">
    <mem type="tenure" free="573016" total="58654720" percent="0">
      <mem type="soa" free="0" total="58068992" percent="0" />
      <mem type="loa" free="573016" total="585728" percent="97" />
    </mem>
  </mem-info>
</gc-start>
<allocation-stats totalBytes="40126752" >
  <allocated-bytes non-tlh="10512" tlh="40116240" />
  <largest-consumer threadName="main" threadId="0000000001AB4700" bytes="40126752" />
</allocation-stats>
<gc-op id="1428" type="mark" timems="9.153" contextid="1425" timestamp="2019-07-02T23:30:31.492">
  <trace-info objectcount="599568" scancount="520797" scanbytes="13371300" />
  <finalization candidates="80" enqueued="0" />
  <ownableSynchronizers candidates="21" cleared="0" />
  <references type="soft" candidates="3261" cleared="0" enqueued="0" dynamicThreshold="22" maxThreshold="32" />
  <references type="weak" candidates="5617" cleared="0" enqueued="0" />
  <references type="phantom" candidates="101" cleared="0" enqueued="0" />
  <stringconstants candidates="13571" cleared="0"  />
</gc-op>
<gc-op id="1429" type="sweep" timems="0.603" contextid="1425" timestamp="2019-07-02T23:30:31.492" />
<heap-resize id="1430" type="contract" space="tenure" amount="524288" count="1" timems="0.096" reason="excess free space following gc" timestamp="2019-07-02T23:30:31.493" />
<gc-end id="1431" type="global" contextid="1425" durationms="10.568" usertimems="28.000" systemtimems="0.000" timestamp="2019-07-02T23:30:31.493" activeThreads="4">
  <mem-info id="1432" free="40125168" total="58130432" percent="69">
    <mem type="tenure" free="40125168" total="58130432" percent="69" micro-fragmented="39962" macro-fragmented="0">
      <mem type="soa" free="39612864" total="57549824" percent="68" />
      <mem type="loa" free="512304" total="580608" percent="88" />
    </mem>
  </mem-info>
</gc-end>
<cycle-end id="1433" type="global" contextid="1425" timestamp="2019-07-02T23:30:31.493">
  <attribute name="GC Util" value="187" />
  <attribute name="CPU Util" value="1983438099216" />
  <attribute name="Time Running"value="9038"/>
  <attribute name="Number of cores"value="4"/>
</cycle-end>
<allocation-satisfied id="1434" threadId="0000000001AB4700" bytesRequested="80" />
<af-end id="1435" timestamp="2019-07-02T23:30:31.493" threadId="0000000001AB5088" success="true" />
<exclusive-end id="1436" timestamp="2019-07-02T23:30:31.493" durationms="11.539" />

<exclusive-start id="1437" timestamp="2019-07-02T23:30:31.569" intervalms="86.885">
  <response-info timems="0.084" idlems="0.084" threads="0" lastid="0000000001AB4700" lastname="main" />
</exclusive-start>
<af-start id="1438" threadId="0000000001AB5088" totalBytesRequested="32" timestamp="2019-07-02T23:30:31.569" intervalms="86.877" />
<cycle-start id="1439" type="global" contextid="0" timestamp="2019-07-02T23:30:31.569" intervalms="86.861" />
  <attribute name="GC Util" value="187" />
  <attribute name="CPU Util" value="1983438099216" />
  <attribute name="Time Running"value="9038"/>
  <attribute name="Number of cores"value="4"/>
<gc-start id="1440" type="global" contextid="1439" timestamp="2019-07-02T23:30:31.569">
  <mem-info id="1441" free="512304" total="58130432" percent="0">
    <mem type="tenure" free="512304" total="58130432" percent="0">
      <mem type="soa" free="0" total="57549824" percent="0" />
      <mem type="loa" free="512304" total="580608" percent="88" />
    </mem>
  </mem-info>
</gc-start>
<allocation-stats totalBytes="39609680" >
  <allocated-bytes non-tlh="0" tlh="39609680" />
  <largest-consumer threadName="main" threadId="0000000001AB4700" bytes="39609680" />
</allocation-stats>
<gc-op id="1442" type="mark" timems="9.031" contextid="1439" timestamp="2019-07-02T23:30:31.578">
  <trace-info objectcount="599656" scancount="520899" scanbytes="13374032" />
  <finalization candidates="80" enqueued="0" />
  <ownableSynchronizers candidates="21" cleared="0" />
  <references type="soft" candidates="3261" cleared="0" enqueued="0" dynamicThreshold="22" maxThreshold="32" />
  <references type="weak" candidates="5642" cleared="0" enqueued="0" />
  <references type="phantom" candidates="101" cleared="0" enqueued="0" />
  <stringconstants candidates="13571" cleared="0"  />
</gc-op>
<gc-op id="1443" type="sweep" timems="0.653" contextid="1439" timestamp="2019-07-02T23:30:31.579" />
<heap-resize id="1444" type="contract" space="tenure" amount="524288" count="1" timems="0.104" reason="excess free space following gc" timestamp="2019-07-02T23:30:31.580" />
<gc-end id="1445" type="global" contextid="1439" durationms="10.488" usertimems="28.000" systemtimems="0.000" timestamp="2019-07-02T23:30:31.580" activeThreads="4">
  <mem-info id="1446" free="39590640" total="57606144" percent="68">
    <mem type="tenure" free="39590640" total="57606144" percent="68" micro-fragmented="39962" macro-fragmented="0">
      <mem type="soa" free="39087136" total="57030656" percent="68" />
      <mem type="loa" free="503504" total="575488" percent="87" />
    </mem>
  </mem-info>
</gc-end>
<cycle-end id="1447" type="global" contextid="1439" timestamp="2019-07-02T23:30:31.580">
  <attribute name="GC Util" value="187" />
  <attribute name="CPU Util" value="2008685575200" />
  <attribute name="Time Running"value="9125"/>
  <attribute name="Number of cores"value="4"/>
</cycle-end>
<allocation-satisfied id="1448" threadId="0000000001AB4700" bytesRequested="32" />
<af-end id="1449" timestamp="2019-07-02T23:30:31.580" threadId="0000000001AB5088" success="true" />
<exclusive-end id="1450" timestamp="2019-07-02T23:30:31.580" durationms="11.397" />

<exclusive-start id="1451" timestamp="2019-07-02T23:30:31.631" intervalms="62.674">
  <response-info timems="0.057" idlems="0.057" threads="0" lastid="0000000001AB4700" lastname="main" />
</exclusive-start>
<af-start id="1452" threadId="0000000001AB5088" totalBytesRequested="32" timestamp="2019-07-02T23:30:31.632" intervalms="62.667" />
<cycle-start id="1453" type="global" contextid="0" timestamp="2019-07-02T23:30:31.632" intervalms="62.668" />
  <attribute name="GC Util" value="187" />
  <attribute name="CPU Util" value="2008685575200" />
  <attribute name="Time Running"value="9125"/>
  <attribute name="Number of cores"value="4"/>
<gc-start id="1454" type="global" contextid="1453" timestamp="2019-07-02T23:30:31.632">
  <mem-info id="1455" free="503504" total="57606144" percent="0">
    <mem type="tenure" free="503504" total="57606144" percent="0">
      <mem type="soa" free="0" total="57030656" percent="0" />
      <mem type="loa" free="503504" total="575488" percent="87" />
    </mem>
  </mem-info>
</gc-start>
<allocation-stats totalBytes="39076816" >
  <allocated-bytes non-tlh="0" tlh="39076816" />
  <largest-consumer threadName="main" threadId="0000000001AB4700" bytes="39076816" />
</allocation-stats>
<gc-op id="1456" type="mark" timems="10.556" contextid="1453" timestamp="2019-07-02T23:30:31.643">
  <trace-info objectcount="599482" scancount="520709" scanbytes="13368028" />
  <finalization candidates="80" enqueued="0" />
  <ownableSynchronizers candidates="21" cleared="0" />
  <references type="soft" candidates="3261" cleared="0" enqueued="0" dynamicThreshold="21" maxThreshold="32" />
  <references type="weak" candidates="5642" cleared="7" enqueued="3" />
  <references type="phantom" candidates="101" cleared="0" enqueued="0" />
  <stringconstants candidates="13571" cleared="0"  />
</gc-op>
<gc-op id="1457" type="sweep" timems="0.608" contextid="1453" timestamp="2019-07-02T23:30:31.643" />
<heap-resize id="1458" type="contract" space="tenure" amount="524288" count="1" timems="0.080" reason="excess free space following gc" timestamp="2019-07-02T23:30:31.644" />
<gc-end id="1459" type="global" contextid="1453" durationms="11.982" usertimems="32.000" systemtimems="0.000" timestamp="2019-07-02T23:30:31.644" activeThreads="4">
  <mem-info id="1460" free="39091224" total="57081856" percent="68">
    <mem type="tenure" free="39091224" total="57081856" percent="68" micro-fragmented="39962" macro-fragmented="0">
      <mem type="soa" free="38572240" total="56511488" percent="68" />
      <mem type="loa" free="518984" total="570368" percent="90" />
    </mem>
    <pending-finalizers system="0" default="0" reference="3" classloader="0" />
  </mem-info>
</gc-end>
<cycle-end id="1461" type="global" contextid="1453" timestamp="2019-07-02T23:30:31.644">
  <attribute name="GC Util" value="190" />
  <attribute name="CPU Util" value="1717718341677" />
  <attribute name="Time Running"value="9189"/>
  <attribute name="Number of cores"value="4"/>
</cycle-end>
<allocation-satisfied id="1462" threadId="0000000001AB4700" bytesRequested="32" />
<af-end id="1463" timestamp="2019-07-02T23:30:31.644" threadId="0000000001AB5088" success="true" />
<exclusive-end id="1464" timestamp="2019-07-02T23:30:31.644" durationms="12.854" />

<exclusive-start id="1465" timestamp="2019-07-02T23:30:31.673" intervalms="41.904">
  <response-info timems="0.089" idlems="0.089" threads="0" lastid="0000000001AB4700" lastname="main" />
</exclusive-start>
<af-start id="1466" threadId="0000000001AB5088" totalBytesRequested="216" timestamp="2019-07-02T23:30:31.673" intervalms="41.918" />
<cycle-start id="1467" type="global" contextid="0" timestamp="2019-07-02T23:30:31.674" intervalms="41.909" />
  <attribute name="GC Util" value="190" />
  <attribute name="CPU Util" value="1717718341677" />
  <attribute name="Time Running"value="9189"/>
  <attribute name="Number of cores"value="4"/>
<gc-start id="1468" type="global" contextid="1467" timestamp="2019-07-02T23:30:31.674">
  <mem-info id="1469" free="518984" total="57081856" percent="0">
    <mem type="tenure" free="518984" total="57081856" percent="0">
      <mem type="soa" free="0" total="56511488" percent="0" />
      <mem type="loa" free="518984" total="570368" percent="90" />
    </mem>
  </mem-info>
</gc-start>
<allocation-stats totalBytes="38552864" >
  <allocated-bytes non-tlh="0" tlh="38552864" />
  <largest-consumer threadName="main" threadId="0000000001AB4700" bytes="38551720" />
</allocation-stats>
<gc-op id="1470" type="mark" timems="10.739" contextid="1467" timestamp="2019-07-02T23:30:31.685">
  <trace-info objectcount="599482" scancount="520720" scanbytes="13368556" />
  <finalization candidates="80" enqueued="0" />
  <ownableSynchronizers candidates="21" cleared="0" />
  <references type="soft" candidates="3261" cleared="0" enqueued="0" dynamicThreshold="21" maxThreshold="32" />
  <references type="weak" candidates="5635" cleared="0" enqueued="0" />
  <references type="phantom" candidates="101" cleared="0" enqueued="0" />
  <stringconstants candidates="13571" cleared="0"  />
</gc-op>
<gc-op id="1471" type="sweep" timems="0.713" contextid="1467" timestamp="2019-07-02T23:30:31.686" />
<heap-resize id="1472" type="contract" space="tenure" amount="524288" count="1" timems="0.096" reason="excess free space following gc" timestamp="2019-07-02T23:30:31.686" />
<gc-end id="1473" type="global" contextid="1467" durationms="12.330" usertimems="32.000" systemtimems="0.000" timestamp="2019-07-02T23:30:31.686" activeThreads="4">
  <mem-info id="1474" free="38564968" total="56557568" percent="68">
    <mem type="tenure" free="38564968" total="56557568" percent="68" micro-fragmented="39962" macro-fragmented="0">
      <mem type="soa" free="38051928" total="55992320" percent="67" />
      <mem type="loa" free="513040" total="565248" percent="90" />
    </mem>
  </mem-info>
</gc-end>
<cycle-end id="1475" type="global" contextid="1467" timestamp="2019-07-02T23:30:31.686">
  <attribute name="GC Util" value="190" />
  <attribute name="CPU Util" value="1688535355589" />
  <attribute name="Time Running"value="9231"/>
  <attribute name="Number of cores"value="4"/>
</cycle-end>
<allocation-satisfied id="1476" threadId="0000000001AB4700" bytesRequested="216" />
<af-end id="1477" timestamp="2019-07-02T23:30:31.686" threadId="0000000001AB5088" success="true" />
<exclusive-end id="1478" timestamp="2019-07-02T23:30:31.687" durationms="13.282" />

<exclusive-start id="1479" timestamp="2019-07-02T23:30:31.715" intervalms="41.844">
  <response-info timems="0.059" idlems="0.059" threads="0" lastid="0000000001AB4700" lastname="main" />
</exclusive-start>
<af-start id="1480" threadId="0000000001AB5088" totalBytesRequested="288" timestamp="2019-07-02T23:30:31.715" intervalms="41.807" />
<cycle-start id="1481" type="global" contextid="0" timestamp="2019-07-02T23:30:31.715" intervalms="41.847" />
  <attribute name="GC Util" value="190" />
  <attribute name="CPU Util" value="1688535355589" />
  <attribute name="Time Running"value="9231"/>
  <attribute name="Number of cores"value="4"/>
<gc-start id="1482" type="global" contextid="1481" timestamp="2019-07-02T23:30:31.716">
  <mem-info id="1483" free="513040" total="56557568" percent="0">
    <mem type="tenure" free="513040" total="56557568" percent="0">
      <mem type="soa" free="0" total="55992320" percent="0" />
      <mem type="loa" free="513040" total="565248" percent="90" />
    </mem>
  </mem-info>
</gc-start>
<allocation-stats totalBytes="38033280" >
  <allocated-bytes non-tlh="0" tlh="38033280" />
  <largest-consumer threadName="main" threadId="0000000001AB4700" bytes="38033280" />
</allocation-stats>
<gc-op id="1484" type="mark" timems="12.276" contextid="1481" timestamp="2019-07-02T23:30:31.728">
  <trace-info objectcount="599482" scancount="520711" scanbytes="13368556" />
  <finalization candidates="80" enqueued="0" />
  <ownableSynchronizers candidates="21" cleared="0" />
  <references type="soft" candidates="3261" cleared="0" enqueued="0" dynamicThreshold="21" maxThreshold="32" />
  <references type="weak" candidates="5635" cleared="0" enqueued="0" />
  <references type="phantom" candidates="101" cleared="0" enqueued="0" />
  <stringconstants candidates="13571" cleared="0"  />
</gc-op>
<gc-op id="1485" type="sweep" timems="0.779" contextid="1481" timestamp="2019-07-02T23:30:31.729" />
<heap-resize id="1486" type="contract" space="tenure" amount="524288" count="1" timems="0.117" reason="excess free space following gc" timestamp="2019-07-02T23:30:31.729" />
<gc-end id="1487" type="global" contextid="1481" durationms="13.878" usertimems="36.000" systemtimems="0.000" timestamp="2019-07-02T23:30:31.729" activeThreads="4">
  <mem-info id="1488" free="38042064" total="56033280" percent="67">
    <mem type="tenure" free="38042064" total="56033280" percent="67" micro-fragmented="39962" macro-fragmented="0">
      <mem type="soa" free="37532760" total="55473152" percent="67" />
      <mem type="loa" free="509304" total="560128" percent="90" />
    </mem>
  </mem-info>
</gc-end>
<cycle-end id="1489" type="global" contextid="1481" timestamp="2019-07-02T23:30:31.730">
  <attribute name="GC Util" value="187" />
  <attribute name="CPU Util" value="1480017709211" />
  <attribute name="Time Running"value="9274"/>
  <attribute name="Number of cores"value="4"/>
</cycle-end>
<allocation-satisfied id="1490" threadId="0000000001AB4700" bytesRequested="288" />
<af-end id="1491" timestamp="2019-07-02T23:30:31.730" threadId="0000000001AB5088" success="true" />
<exclusive-end id="1492" timestamp="2019-07-02T23:30:31.730" durationms="14.901" />

<exclusive-start id="1493" timestamp="2019-07-02T23:30:31.759" intervalms="43.549">
  <response-info timems="0.064" idlems="0.064" threads="0" lastid="0000000001AB4700" lastname="main" />
</exclusive-start>
<af-start id="1494" threadId="0000000001AB5088" totalBytesRequested="16" timestamp="2019-07-02T23:30:31.759" intervalms="43.535" />
<cycle-start id="1495" type="global" contextid="0" timestamp="2019-07-02T23:30:31.759" intervalms="43.507" />
  <attribute name="GC Util" value="187" />
  <attribute name="CPU Util" value="1480017709211" />
  <attribute name="Time Running"value="9274"/>
  <attribute name="Number of cores"value="4"/>
<gc-start id="1496" type="global" contextid="1495" timestamp="2019-07-02T23:30:31.759">
  <mem-info id="1497" free="509304" total="56033280" percent="0">
    <mem type="tenure" free="509304" total="56033280" percent="0">
      <mem type="soa" free="0" total="55473152" percent="0" />
      <mem type="loa" free="509304" total="560128" percent="90" />
    </mem>
  </mem-info>
</gc-start>
<allocation-stats totalBytes="37513984" >
  <allocated-bytes non-tlh="0" tlh="37513984" />
  <largest-consumer threadName="main" threadId="0000000001AB4700" bytes="37513984" />
</allocation-stats>
<gc-op id="1498" type="mark" timems="10.954" contextid="1495" timestamp="2019-07-02T23:30:31.770">
  <trace-info objectcount="599483" scancount="520714" scanbytes="13368556" />
  <finalization candidates="80" enqueued="0" />
  <ownableSynchronizers candidates="21" cleared="0" />
  <references type="soft" candidates="3261" cleared="0" enqueued="0" dynamicThreshold="21" maxThreshold="32" />
  <references type="weak" candidates="5635" cleared="0" enqueued="0" />
  <references type="phantom" candidates="101" cleared="0" enqueued="0" />
  <stringconstants candidates="13571" cleared="0"  />
</gc-op>
<gc-op id="1499" type="sweep" timems="0.585" contextid="1495" timestamp="2019-07-02T23:30:31.771" />
<heap-resize id="1500" type="contract" space="tenure" amount="524288" count="1" timems="0.085" reason="excess free space following gc" timestamp="2019-07-02T23:30:31.771" />
<gc-end id="1501" type="global" contextid="1495" durationms="12.273" usertimems="32.000" systemtimems="0.000" timestamp="2019-07-02T23:30:31.771" activeThreads="4">
  <mem-info id="1502" free="37532304" total="55508992" percent="67">
    <mem type="tenure" free="37532304" total="55508992" percent="67" micro-fragmented="39962" macro-fragmented="0">
      <mem type="soa" free="37013592" total="54953984" percent="67" />
      <mem type="loa" free="518712" total="555008" percent="93" />
    </mem>
  </mem-info>
</gc-end>
<cycle-end id="1503" type="global" contextid="1495" timestamp="2019-07-02T23:30:31.771">
  <attribute name="GC Util" value="190" />
  <attribute name="CPU Util" value="1658658343003" />
  <attribute name="Time Running"value="9316"/>
  <attribute name="Number of cores"value="4"/>
</cycle-end>
<allocation-satisfied id="1504" threadId="0000000001AB4700" bytesRequested="16" />
<af-end id="1505" timestamp="2019-07-02T23:30:31.772" threadId="0000000001AB5088" success="true" />
<exclusive-end id="1506" timestamp="2019-07-02T23:30:31.772" durationms="13.078" />

<exclusive-start id="1507" timestamp="2019-07-02T23:30:31.800" intervalms="41.252">
  <response-info timems="0.078" idlems="0.078" threads="0" lastid="0000000001AB4700" lastname="main" />
</exclusive-start>
<af-start id="1508" threadId="0000000001AB5088" totalBytesRequested="16" timestamp="2019-07-02T23:30:31.800" intervalms="41.282" />
<cycle-start id="1509" type="global" contextid="0" timestamp="2019-07-02T23:30:31.800" intervalms="41.272" />
  <attribute name="GC Util" value="190" />
  <attribute name="CPU Util" value="1658658343003" />
  <attribute name="Time Running"value="9316"/>
  <attribute name="Number of cores"value="4"/>
<gc-start id="1510" type="global" contextid="1509" timestamp="2019-07-02T23:30:31.800">
  <mem-info id="1511" free="518712" total="55508992" percent="0">
    <mem type="tenure" free="518712" total="55508992" percent="0">
      <mem type="soa" free="0" total="54953984" percent="0" />
      <mem type="loa" free="518712" total="555008" percent="93" />
    </mem>
  </mem-info>
</gc-start>
<allocation-stats totalBytes="36995216" >
  <allocated-bytes non-tlh="0" tlh="36995216" />
  <largest-consumer threadName="main" threadId="0000000001AB4700" bytes="36995216" />
</allocation-stats>
<gc-op id="1512" type="mark" timems="11.671" contextid="1509" timestamp="2019-07-02T23:30:31.812">
  <trace-info objectcount="599485" scancount="520717" scanbytes="13368604" />
  <finalization candidates="80" enqueued="0" />
  <ownableSynchronizers candidates="21" cleared="0" />
  <references type="soft" candidates="3261" cleared="0" enqueued="0" dynamicThreshold="21" maxThreshold="32" />
  <references type="weak" candidates="5635" cleared="0" enqueued="0" />
  <references type="phantom" candidates="101" cleared="0" enqueued="0" />
  <stringconstants candidates="13571" cleared="0"  />
</gc-op>
<gc-op id="1513" type="sweep" timems="0.827" contextid="1509" timestamp="2019-07-02T23:30:31.813" />
<heap-resize id="1514" type="contract" space="tenure" amount="524288" count="1" timems="0.093" reason="excess free space following gc" timestamp="2019-07-02T23:30:31.813" />
<gc-end id="1515" type="global" contextid="1509" durationms="13.265" usertimems="36.000" systemtimems="0.000" timestamp="2019-07-02T23:30:31.814" activeThreads="4">
  <mem-info id="1516" free="37012592" total="54984704" percent="67">
    <mem type="tenure" free="37012592" total="54984704" percent="67" micro-fragmented="39962" macro-fragmented="0">
      <mem type="soa" free="36495448" total="54435840" percent="67" />
      <mem type="loa" free="517144" total="548864" percent="94" />
    </mem>
  </mem-info>
</gc-end>
<cycle-end id="1517" type="global" contextid="1509" timestamp="2019-07-02T23:30:31.814">
  <attribute name="GC Util" value="187" />
  <attribute name="CPU Util" value="1555089507399" />
  <attribute name="Time Running"value="9358"/>
  <attribute name="Number of cores"value="4"/>
</cycle-end>
<allocation-satisfied id="1518" threadId="0000000001AB4700" bytesRequested="16" />
<af-end id="1519" timestamp="2019-07-02T23:30:31.814" threadId="0000000001AB5088" success="true" />
<exclusive-end id="1520" timestamp="2019-07-02T23:30:31.814" durationms="14.160" />

<exclusive-start id="1521" timestamp="2019-07-02T23:30:31.841" intervalms="41.545">
  <response-info timems="0.066" idlems="0.066" threads="0" lastid="0000000001AB4700" lastname="main" />
</exclusive-start>
<af-start id="1522" threadId="0000000001AB5088" totalBytesRequested="16" timestamp="2019-07-02T23:30:31.842" intervalms="41.527" />
<cycle-start id="1523" type="global" contextid="0" timestamp="2019-07-02T23:30:31.842" intervalms="41.567" />
  <attribute name="GC Util" value="187" />
  <attribute name="CPU Util" value="1555089507399" />
  <attribute name="Time Running"value="9358"/>
  <attribute name="Number of cores"value="4"/>
<gc-start id="1524" type="global" contextid="1523" timestamp="2019-07-02T23:30:31.842">
  <mem-info id="1525" free="517144" total="54984704" percent="0">
    <mem type="tenure" free="517144" total="54984704" percent="0">
      <mem type="soa" free="0" total="54435840" percent="0" />
      <mem type="loa" free="517144" total="548864" percent="94" />
    </mem>
  </mem-info>
</gc-start>
<allocation-stats totalBytes="36477352" >
  <allocated-bytes non-tlh="0" tlh="36477352" />
  <largest-consumer threadName="main" threadId="0000000001AB4700" bytes="36477352" />
</allocation-stats>
<gc-op id="1526" type="mark" timems="10.681" contextid="1523" timestamp="2019-07-02T23:30:31.853">
  <trace-info objectcount="599483" scancount="520719" scanbytes="13368556" />
  <finalization candidates="80" enqueued="0" />
  <ownableSynchronizers candidates="21" cleared="0" />
  <references type="soft" candidates="3261" cleared="0" enqueued="0" dynamicThreshold="21" maxThreshold="32" />
  <references type="weak" candidates="5635" cleared="0" enqueued="0" />
  <references type="phantom" candidates="101" cleared="0" enqueued="0" />
  <stringconstants candidates="13571" cleared="0"  />
</gc-op>
<gc-op id="1527" type="sweep" timems="0.589" contextid="1523" timestamp="2019-07-02T23:30:31.854" />
<heap-resize id="1528" type="contract" space="tenure" amount="524288" count="1" timems="0.101" reason="excess free space following gc" timestamp="2019-07-02T23:30:31.854" />
<gc-end id="1529" type="global" contextid="1523" durationms="12.074" usertimems="28.000" systemtimems="4.000" timestamp="2019-07-02T23:30:31.854" activeThreads="4">
  <mem-info id="1530" free="36494368" total="54460416" percent="67">
    <mem type="tenure" free="36494368" total="54460416" percent="67" micro-fragmented="39962" macro-fragmented="0">
      <mem type="soa" free="35976280" total="53916672" percent="66" />
      <mem type="loa" free="518088" total="543744" percent="95" />
    </mem>
  </mem-info>
</gc-end>
<cycle-end id="1531" type="global" contextid="1523" timestamp="2019-07-02T23:30:31.854">
  <attribute name="GC Util" value="191" />
  <attribute name="CPU Util" value="1695436941415" />
  <attribute name="Time Running"value="9399"/>
  <attribute name="Number of cores"value="4"/>
</cycle-end>
<allocation-satisfied id="1532" threadId="0000000001AB4700" bytesRequested="16" />
<af-end id="1533" timestamp="2019-07-02T23:30:31.854" threadId="0000000001AB5088" success="true" />
<exclusive-end id="1534" timestamp="2019-07-02T23:30:31.855" durationms="13.087" />

<exclusive-start id="1535" timestamp="2019-07-02T23:30:31.882" intervalms="40.595">
  <response-info timems="0.061" idlems="0.061" threads="0" lastid="0000000001AB4700" lastname="main" />
</exclusive-start>
<af-start id="1536" threadId="0000000001AB5088" totalBytesRequested="16" timestamp="2019-07-02T23:30:31.882" intervalms="40.599" />
<cycle-start id="1537" type="global" contextid="0" timestamp="2019-07-02T23:30:31.882" intervalms="40.567" />
  <attribute name="GC Util" value="191" />
  <attribute name="CPU Util" value="1695436941415" />
  <attribute name="Time Running"value="9399"/>
  <attribute name="Number of cores"value="4"/>
<gc-start id="1538" type="global" contextid="1537" timestamp="2019-07-02T23:30:31.882">
  <mem-info id="1539" free="518088" total="54460416" percent="0">
    <mem type="tenure" free="518088" total="54460416" percent="0">
      <mem type="soa" free="0" total="53916672" percent="0" />
      <mem type="loa" free="518088" total="543744" percent="95" />
    </mem>
  </mem-info>
</gc-start>
<allocation-stats totalBytes="35958568" >
  <allocated-bytes non-tlh="0" tlh="35958568" />
  <largest-consumer threadName="main" threadId="0000000001AB4700" bytes="35958568" />
</allocation-stats>
<gc-op id="1540" type="mark" timems="10.783" contextid="1537" timestamp="2019-07-02T23:30:31.893">
  <trace-info objectcount="599491" scancount="520743" scanbytes="13368748" />
  <finalization candidates="80" enqueued="0" />
  <ownableSynchronizers candidates="21" cleared="0" />
  <references type="soft" candidates="3261" cleared="0" enqueued="0" dynamicThreshold="21" maxThreshold="32" />
  <references type="weak" candidates="5635" cleared="0" enqueued="0" />
  <references type="phantom" candidates="101" cleared="0" enqueued="0" />
  <stringconstants candidates="13571" cleared="0"  />
</gc-op>
<gc-op id="1541" type="sweep" timems="0.575" contextid="1537" timestamp="2019-07-02T23:30:31.894" />
<heap-resize id="1542" type="contract" space="tenure" amount="524288" count="1" timems="0.094" reason="excess free space following gc" timestamp="2019-07-02T23:30:31.894" />
<gc-end id="1543" type="global" contextid="1537" durationms="12.142" usertimems="32.000" systemtimems="0.000" timestamp="2019-07-02T23:30:31.895" activeThreads="4">
  <mem-info id="1544" free="35975824" total="53936128" percent="66">
    <mem type="tenure" free="35975824" total="53936128" percent="66" micro-fragmented="39962" macro-fragmented="0">
      <mem type="soa" free="35456896" total="53397504" percent="66" />
      <mem type="loa" free="518928" total="538624" percent="96" />
    </mem>
  </mem-info>
</gc-end>
<cycle-end id="1545" type="global" contextid="1537" timestamp="2019-07-02T23:30:31.895">
  <attribute name="GC Util" value="191" />
  <attribute name="CPU Util" value="1684871410279" />
  <attribute name="Time Running"value="9440"/>
  <attribute name="Number of cores"value="4"/>
</cycle-end>
<allocation-satisfied id="1546" threadId="0000000001AB4700" bytesRequested="16" />
<af-end id="1547" timestamp="2019-07-02T23:30:31.895" threadId="0000000001AB5088" success="true" />
<exclusive-end id="1548" timestamp="2019-07-02T23:30:31.895" durationms="13.009" />

<exclusive-start id="1549" timestamp="2019-07-02T23:30:31.922" intervalms="39.595">
  <response-info timems="0.071" idlems="0.071" threads="0" lastid="0000000001AB4700" lastname="main" />
</exclusive-start>
<af-start id="1550" threadId="0000000001AB5088" totalBytesRequested="16" timestamp="2019-07-02T23:30:31.922" intervalms="39.603" />
<cycle-start id="1551" type="global" contextid="0" timestamp="2019-07-02T23:30:31.922" intervalms="39.607" />
  <attribute name="GC Util" value="191" />
  <attribute name="CPU Util" value="1684871410279" />
  <attribute name="Time Running"value="9440"/>
  <attribute name="Number of cores"value="4"/>
<gc-start id="1552" type="global" contextid="1551" timestamp="2019-07-02T23:30:31.922">
  <mem-info id="1553" free="518928" total="53936128" percent="0">
    <mem type="tenure" free="518928" total="53936128" percent="0">
      <mem type="soa" free="0" total="53397504" percent="0" />
      <mem type="loa" free="518928" total="538624" percent="96" />
    </mem>
  </mem-info>
</gc-start>
<allocation-stats totalBytes="35430016" >
  <allocated-bytes non-tlh="0" tlh="35430016" />
  <largest-consumer threadName="main" threadId="0000000001AB4700" bytes="35430016" />
</allocation-stats>
<gc-op id="1554" type="mark" timems="10.960" contextid="1551" timestamp="2019-07-02T23:30:31.933">
  <trace-info objectcount="599490" scancount="520747" scanbytes="13368716" />
  <finalization candidates="80" enqueued="0" />
  <ownableSynchronizers candidates="21" cleared="0" />
  <references type="soft" candidates="3261" cleared="0" enqueued="0" dynamicThreshold="21" maxThreshold="32" />
  <references type="weak" candidates="5635" cleared="0" enqueued="0" />
  <references type="phantom" candidates="101" cleared="0" enqueued="0" />
  <stringconstants candidates="13571" cleared="0"  />
</gc-op>
<gc-op id="1555" type="sweep" timems="0.546" contextid="1551" timestamp="2019-07-02T23:30:31.934" />
<heap-resize id="1556" type="contract" space="tenure" amount="524288" count="1" timems="0.085" reason="excess free space following gc" timestamp="2019-07-02T23:30:31.934" />
<gc-end id="1557" type="global" contextid="1551" durationms="12.213" usertimems="32.000" systemtimems="0.000" timestamp="2019-07-02T23:30:31.934" activeThreads="4">
  <mem-info id="1558" free="35454152" total="53411840" percent="66">
    <mem type="tenure" free="35454152" total="53411840" percent="66" micro-fragmented="39962" macro-fragmented="0">
      <mem type="soa" free="34937728" total="52878336" percent="66" />
      <mem type="loa" free="516424" total="533504" percent="96" />
    </mem>
  </mem-info>
</gc-end>
<cycle-end id="1559" type="global" contextid="1551" timestamp="2019-07-02T23:30:31.934">
  <attribute name="GC Util" value="191" />
  <attribute name="CPU Util" value="1653387830958" />
  <attribute name="Time Running"value="9479"/>
  <attribute name="Number of cores"value="4"/>
</cycle-end>
<allocation-satisfied id="1560" threadId="0000000001AB4700" bytesRequested="16" />
<af-end id="1561" timestamp="2019-07-02T23:30:31.935" threadId="0000000001AB5088" success="true" />
<exclusive-end id="1562" timestamp="2019-07-02T23:30:31.935" durationms="13.010" />

<exclusive-start id="1563" timestamp="2019-07-02T23:30:31.961" intervalms="38.984">
  <response-info timems="0.058" idlems="0.058" threads="0" lastid="0000000001AB4700" lastname="main" />
</exclusive-start>
<af-start id="1564" threadId="0000000001AB5088" totalBytesRequested="40" timestamp="2019-07-02T23:30:31.961" intervalms="38.966" />
<cycle-start id="1565" type="global" contextid="0" timestamp="2019-07-02T23:30:31.961" intervalms="38.993" />
  <attribute name="GC Util" value="191" />
  <attribute name="CPU Util" value="1653387830958" />
  <attribute name="Time Running"value="9479"/>
  <attribute name="Number of cores"value="4"/>
<gc-start id="1566" type="global" contextid="1565" timestamp="2019-07-02T23:30:31.961">
  <mem-info id="1567" free="516424" total="53411840" percent="0">
    <mem type="tenure" free="516424" total="53411840" percent="0">
      <mem type="soa" free="0" total="52878336" percent="0" />
      <mem type="loa" free="516424" total="533504" percent="96" />
    </mem>
  </mem-info>
</gc-start>
<allocation-stats totalBytes="34910456" >
  <allocated-bytes non-tlh="0" tlh="34910456" />
  <largest-consumer threadName="main" threadId="0000000001AB4700" bytes="34910456" />
</allocation-stats>
<gc-op id="1568" type="mark" timems="10.374" contextid="1565" timestamp="2019-07-02T23:30:31.972">
  <trace-info objectcount="599491" scancount="520746" scanbytes="13368732" />
  <finalization candidates="80" enqueued="0" />
  <ownableSynchronizers candidates="21" cleared="0" />
  <references type="soft" candidates="3261" cleared="0" enqueued="0" dynamicThreshold="21" maxThreshold="32" />
  <references type="weak" candidates="5635" cleared="0" enqueued="0" />
  <references type="phantom" candidates="101" cleared="0" enqueued="0" />
  <stringconstants candidates="13571" cleared="0"  />
</gc-op>
<gc-op id="1569" type="sweep" timems="0.607" contextid="1565" timestamp="2019-07-02T23:30:31.973" />
<heap-resize id="1570" type="contract" space="tenure" amount="524288" count="1" timems="0.089" reason="excess free space following gc" timestamp="2019-07-02T23:30:31.973" />
<gc-end id="1571" type="global" contextid="1565" durationms="11.942" usertimems="32.000" systemtimems="0.000" timestamp="2019-07-02T23:30:31.973" activeThreads="4">
  <mem-info id="1572" free="34932864" total="52887552" percent="66">
    <mem type="tenure" free="34932864" total="52887552" percent="66" micro-fragmented="39962" macro-fragmented="0">
      <mem type="soa" free="34418560" total="52359168" percent="65" />
      <mem type="loa" free="514304" total="528384" percent="97" />
    </mem>
  </mem-info>
</gc-end>
<cycle-end id="1573" type="global" contextid="1565" timestamp="2019-07-02T23:30:31.973">
  <attribute name="GC Util" value="191" />
  <attribute name="CPU Util" value="1741513895095" />
  <attribute name="Time Running"value="9518"/>
  <attribute name="Number of cores"value="4"/>
</cycle-end>
<allocation-satisfied id="1574" threadId="0000000001AB4700" bytesRequested="40" />
<af-end id="1575" timestamp="2019-07-02T23:30:31.973" threadId="0000000001AB5088" success="true" />
<exclusive-end id="1576" timestamp="2019-07-02T23:30:31.973" durationms="12.797" />

<exclusive-start id="1577" timestamp="2019-07-02T23:30:32.013" intervalms="52.646">
  <response-info timems="0.071" idlems="0.071" threads="0" lastid="0000000001AB4700" lastname="main" />
</exclusive-start>
<af-start id="1578" threadId="0000000001AB5088" totalBytesRequested="24" timestamp="2019-07-02T23:30:32.013" intervalms="52.658" />
<cycle-start id="1579" type="global" contextid="0" timestamp="2019-07-02T23:30:32.014" intervalms="52.626" />
  <attribute name="GC Util" value="191" />
  <attribute name="CPU Util" value="1741513895095" />
  <attribute name="Time Running"value="9518"/>
  <attribute name="Number of cores"value="4"/>
<gc-start id="1580" type="global" contextid="1579" timestamp="2019-07-02T23:30:32.014">
  <mem-info id="1581" free="514304" total="52887552" percent="0">
    <mem type="tenure" free="514304" total="52887552" percent="0">
      <mem type="soa" free="0" total="52359168" percent="0" />
      <mem type="loa" free="514304" total="528384" percent="97" />
    </mem>
  </mem-info>
</gc-start>
<allocation-stats totalBytes="34405520" >
  <allocated-bytes non-tlh="0" tlh="34405520" />
  <largest-consumer threadName="main" threadId="0000000001AB4700" bytes="34405520" />
</allocation-stats>
<gc-op id="1582" type="mark" timems="10.488" contextid="1579" timestamp="2019-07-02T23:30:32.024">
  <trace-info objectcount="599507" scancount="520765" scanbytes="13369532" />
  <finalization candidates="80" enqueued="0" />
  <ownableSynchronizers candidates="21" cleared="0" />
  <references type="soft" candidates="3261" cleared="0" enqueued="0" dynamicThreshold="21" maxThreshold="32" />
  <references type="weak" candidates="5635" cleared="0" enqueued="0" />
  <references type="phantom" candidates="101" cleared="0" enqueued="0" />
  <stringconstants candidates="13571" cleared="0"  />
</gc-op>
<gc-op id="1583" type="sweep" timems="0.644" contextid="1579" timestamp="2019-07-02T23:30:32.025" />
<heap-resize id="1584" type="contract" space="tenure" amount="524288" count="1" timems="0.080" reason="excess free space following gc" timestamp="2019-07-02T23:30:32.026" />
<gc-end id="1585" type="global" contextid="1579" durationms="11.945" usertimems="24.000" systemtimems="8.000" timestamp="2019-07-02T23:30:32.026" activeThreads="4">
  <mem-info id="1586" free="34411328" total="52363264" percent="65">
    <mem type="tenure" free="34411328" total="52363264" percent="65" micro-fragmented="39962" macro-fragmented="0">
      <mem type="soa" free="33899160" total="51840000" percent="65" />
      <mem type="loa" free="512168" total="523264" percent="97" />
    </mem>
  </mem-info>
</gc-end>
<cycle-end id="1587" type="global" contextid="1579" timestamp="2019-07-02T23:30:32.026">
  <attribute name="GC Util" value="190" />
  <attribute name="CPU Util" value="1727567427406" />
  <attribute name="Time Running"value="9571"/>
  <attribute name="Number of cores"value="4"/>
</cycle-end>
<allocation-satisfied id="1588" threadId="0000000001AB4700" bytesRequested="24" />
<af-end id="1589" timestamp="2019-07-02T23:30:32.026" threadId="0000000001AB5088" success="true" />
<exclusive-end id="1590" timestamp="2019-07-02T23:30:32.026" durationms="12.843" />

<exclusive-start id="1591" timestamp="2019-07-02T23:30:32.072" intervalms="59.221">
  <response-info timems="0.077" idlems="0.077" threads="0" lastid="0000000001AB4700" lastname="main" />
</exclusive-start>
<af-start id="1592" threadId="0000000001AB5088" totalBytesRequested="136" timestamp="2019-07-02T23:30:32.073" intervalms="59.275" />
<cycle-start id="1593" type="global" contextid="0" timestamp="2019-07-02T23:30:32.073" intervalms="59.291" />
  <attribute name="GC Util" value="190" />
  <attribute name="CPU Util" value="1727567427406" />
  <attribute name="Time Running"value="9571"/>
  <attribute name="Number of cores"value="4"/>
<gc-start id="1594" type="global" contextid="1593" timestamp="2019-07-02T23:30:32.073">
  <mem-info id="1595" free="512168" total="52363264" percent="0">
    <mem type="tenure" free="512168" total="52363264" percent="0">
      <mem type="soa" free="0" total="51840000" percent="0" />
      <mem type="loa" free="512168" total="523264" percent="97" />
    </mem>
  </mem-info>
</gc-start>
<allocation-stats totalBytes="33893432" >
  <allocated-bytes non-tlh="0" tlh="33893432" />
  <largest-consumer threadName="main" threadId="0000000001AB4700" bytes="33893432" />
</allocation-stats>
<gc-op id="1596" type="mark" timems="11.817" contextid="1593" timestamp="2019-07-02T23:30:32.085">
  <trace-info objectcount="599517" scancount="520750" scanbytes="13369996" />
  <finalization candidates="80" enqueued="0" />
  <ownableSynchronizers candidates="21" cleared="0" />
  <references type="soft" candidates="3261" cleared="0" enqueued="0" dynamicThreshold="21" maxThreshold="32" />
  <references type="weak" candidates="5635" cleared="0" enqueued="0" />
  <references type="phantom" candidates="101" cleared="0" enqueued="0" />
  <stringconstants candidates="13571" cleared="0"  />
</gc-op>
<gc-op id="1597" type="sweep" timems="0.822" contextid="1593" timestamp="2019-07-02T23:30:32.086" />
<heap-resize id="1598" type="contract" space="tenure" amount="458752" count="1" timems="0.092" reason="excess free space following gc" timestamp="2019-07-02T23:30:32.086" />
<gc-end id="1599" type="global" contextid="1593" durationms="13.536" usertimems="36.000" systemtimems="0.000" timestamp="2019-07-02T23:30:32.087" activeThreads="4">
  <mem-info id="1600" free="33897464" total="51904512" percent="65">
    <mem type="tenure" free="33897464" total="51904512" percent="65" micro-fragmented="39962" macro-fragmented="0">
      <mem type="soa" free="33445528" total="51386368" percent="65" />
      <mem type="loa" free="451936" total="518144" percent="87" />
    </mem>
  </mem-info>
</gc-end>
<cycle-end id="1601" type="global" contextid="1593" timestamp="2019-07-02T23:30:32.087">
  <attribute name="GC Util" value="189" />
  <attribute name="CPU Util" value="1531107542049" />
  <attribute name="Time Running"value="9631"/>
  <attribute name="Number of cores"value="4"/>
</cycle-end>
<allocation-satisfied id="1602" threadId="0000000001AB4700" bytesRequested="136" />
<af-end id="1603" timestamp="2019-07-02T23:30:32.087" threadId="0000000001AB5088" success="true" />
<exclusive-end id="1604" timestamp="2019-07-02T23:30:32.087" durationms="14.600" />

<exclusive-start id="1605" timestamp="2019-07-02T23:30:33.191" intervalms="1118.154">
  <response-info timems="0.057" idlems="0.057" threads="0" lastid="0000000001AB4700" lastname="main" />
</exclusive-start>
<af-start id="1606" threadId="0000000001AB5088" totalBytesRequested="18040" timestamp="2019-07-02T23:30:33.191" intervalms="1118.213" />
<cycle-start id="1607" type="global" contextid="0" timestamp="2019-07-02T23:30:33.191" intervalms="1118.269" />
  <attribute name="GC Util" value="189" />
  <attribute name="CPU Util" value="1531107542049" />
  <attribute name="Time Running"value="9631"/>
  <attribute name="Number of cores"value="4"/>
<gc-start id="1608" type="global" contextid="1607" timestamp="2019-07-02T23:30:33.191">
  <mem-info id="1609" free="451936" total="51904512" percent="0">
    <mem type="tenure" free="451936" total="51904512" percent="0">
      <mem type="soa" free="0" total="51386368" percent="0" />
      <mem type="loa" free="451936" total="518144" percent="87" />
    </mem>
  </mem-info>
</gc-start>
<allocation-stats totalBytes="33359656" >
  <allocated-bytes non-tlh="0" tlh="33359656" />
  <largest-consumer threadName="main" threadId="0000000001AB4700" bytes="33359656" />
</allocation-stats>
<gc-op id="1610" type="mark" timems="10.634" contextid="1607" timestamp="2019-07-02T23:30:33.202">
  <trace-info objectcount="599554" scancount="520807" scanbytes="13408892" />
  <finalization candidates="80" enqueued="0" />
  <ownableSynchronizers candidates="21" cleared="0" />
  <references type="soft" candidates="3261" cleared="0" enqueued="0" dynamicThreshold="20" maxThreshold="32" />
  <references type="weak" candidates="5635" cleared="0" enqueued="0" />
  <references type="phantom" candidates="101" cleared="0" enqueued="0" />
  <stringconstants candidates="13571" cleared="0"  />
</gc-op>
<gc-op id="1611" type="sweep" timems="0.602" contextid="1607" timestamp="2019-07-02T23:30:33.203" />
<heap-resize id="1612" type="contract" space="tenure" amount="458752" count="1" timems="0.105" reason="insufficient time being spent in gc" timestamp="2019-07-02T23:30:33.203" />
<gc-end id="1613" type="global" contextid="1607" durationms="12.216" usertimems="32.000" systemtimems="0.000" timestamp="2019-07-02T23:30:33.204" activeThreads="4">
  <mem-info id="1614" free="33402392" total="51445760" percent="64">
    <mem type="tenure" free="33402392" total="51445760" percent="64" micro-fragmented="39962" macro-fragmented="0">
      <mem type="soa" free="32987816" total="50931712" percent="64" />
      <mem type="loa" free="414576" total="514048" percent="80" />
    </mem>
  </mem-info>
</gc-end>
<cycle-end id="1615" type="global" contextid="1607" timestamp="2019-07-02T23:30:33.204">
  <attribute name="GC Util" value="189" />
  <attribute name="CPU Util" value="1699836266687" />
  <attribute name="Time Running"value="10748"/>
  <attribute name="Number of cores"value="4"/>
</cycle-end>
<allocation-satisfied id="1616" threadId="0000000001AB4700" bytesRequested="18040" />
<af-end id="1617" timestamp="2019-07-02T23:30:33.204" threadId="0000000001AB5088" success="true" />
<exclusive-end id="1618" timestamp="2019-07-02T23:30:33.204" durationms="13.498" />

<exclusive-start id="1619" timestamp="2019-07-02T23:30:33.212" intervalms="21.096">
  <response-info timems="0.160" idlems="0.160" threads="0" lastid="0000000001AB4700" lastname="main" />
</exclusive-start>
<af-start id="1620" threadId="0000000001AB5088" totalBytesRequested="18824" timestamp="2019-07-02T23:30:33.212" intervalms="21.085" />
<cycle-start id="1621" type="global" contextid="0" timestamp="2019-07-02T23:30:33.212" intervalms="21.056" />
  <attribute name="GC Util" value="189" />
  <attribute name="CPU Util" value="1699836266687" />
  <attribute name="Time Running"value="10748"/>
  <attribute name="Number of cores"value="4"/>
<gc-start id="1622" type="global" contextid="1621" timestamp="2019-07-02T23:30:33.212">
  <mem-info id="1623" free="414576" total="51445760" percent="0">
    <mem type="tenure" free="414576" total="51445760" percent="0">
      <mem type="soa" free="0" total="50931712" percent="0" />
      <mem type="loa" free="414576" total="514048" percent="80" />
    </mem>
  </mem-info>
</gc-start>
<allocation-stats totalBytes="30965776" >
  <allocated-bytes non-tlh="180992" tlh="30784784" />
  <largest-consumer threadName="main" threadId="0000000001AB4700" bytes="30965776" />
</allocation-stats>
<gc-op id="1624" type="mark" timems="10.630" contextid="1621" timestamp="2019-07-02T23:30:33.223">
  <trace-info objectcount="599554" scancount="520790" scanbytes="13409676" />
  <finalization candidates="80" enqueued="0" />
  <ownableSynchronizers candidates="21" cleared="0" />
  <references type="soft" candidates="3261" cleared="0" enqueued="0" dynamicThreshold="20" maxThreshold="32" />
  <references type="weak" candidates="5635" cleared="0" enqueued="0" />
  <references type="phantom" candidates="101" cleared="0" enqueued="0" />
  <stringconstants candidates="13571" cleared="0"  />
</gc-op>
<gc-op id="1625" type="sweep" timems="0.611" contextid="1621" timestamp="2019-07-02T23:30:33.224" />
<heap-resize id="1626" type="contract" space="tenure" amount="458752" count="1" timems="0.111" reason="insufficient time being spent in gc" timestamp="2019-07-02T23:30:33.224" />
<gc-end id="1627" type="global" contextid="1621" durationms="12.271" usertimems="32.000" systemtimems="0.000" timestamp="2019-07-02T23:30:33.225" activeThreads="4">
  <mem-info id="1628" free="32939552" total="50987008" percent="64">
    <mem type="tenure" free="32939552" total="50987008" percent="64" micro-fragmented="39962" macro-fragmented="0">
      <mem type="soa" free="32534184" total="50478080" percent="64" />
      <mem type="loa" free="405368" total="508928" percent="79" />
    </mem>
  </mem-info>
</gc-end>
<cycle-end id="1629" type="global" contextid="1621" timestamp="2019-07-02T23:30:33.225">
  <attribute name="GC Util" value="189" />
  <attribute name="CPU Util" value="1701569654656" />
  <attribute name="Time Running"value="10769"/>
  <attribute name="Number of cores"value="4"/>
</cycle-end>
<allocation-satisfied id="1630" threadId="0000000001AB4700" bytesRequested="18824" />
<af-end id="1631" timestamp="2019-07-02T23:30:33.225" threadId="0000000001AB5088" success="true" />
<exclusive-end id="1632" timestamp="2019-07-02T23:30:33.225" durationms="13.435" />

<exclusive-start id="1633" timestamp="2019-07-02T23:30:33.230" intervalms="18.617">
  <response-info timems="0.069" idlems="0.069" threads="0" lastid="0000000001AB4700" lastname="main" />
</exclusive-start>
<af-start id="1634" threadId="0000000001AB5088" totalBytesRequested="14320" timestamp="2019-07-02T23:30:33.231" intervalms="18.592" />
<cycle-start id="1635" type="global" contextid="0" timestamp="2019-07-02T23:30:33.231" intervalms="18.583" />
  <attribute name="GC Util" value="189" />
  <attribute name="CPU Util" value="1701569654656" />
  <attribute name="Time Running"value="10769"/>
  <attribute name="Number of cores"value="4"/>
<gc-start id="1636" type="global" contextid="1635" timestamp="2019-07-02T23:30:33.231">
  <mem-info id="1637" free="405368" total="50987008" percent="0">
    <mem type="tenure" free="405368" total="50987008" percent="0">
      <mem type="soa" free="0" total="50478080" percent="0" />
      <mem type="loa" free="405368" total="508928" percent="79" />
    </mem>
  </mem-info>
</gc-start>
<allocation-stats totalBytes="30616552" >
  <allocated-bytes non-tlh="129536" tlh="30487016" />
  <largest-consumer threadName="main" threadId="0000000001AB4700" bytes="30616552" />
</allocation-stats>
<gc-op id="1638" type="mark" timems="11.395" contextid="1635" timestamp="2019-07-02T23:30:33.243">
  <trace-info objectcount="599554" scancount="520802" scanbytes="13404972" />
  <finalization candidates="80" enqueued="0" />
  <ownableSynchronizers candidates="21" cleared="0" />
  <references type="soft" candidates="3261" cleared="0" enqueued="0" dynamicThreshold="20" maxThreshold="32" />
  <references type="weak" candidates="5635" cleared="0" enqueued="0" />
  <references type="phantom" candidates="101" cleared="0" enqueued="0" />
  <stringconstants candidates="13571" cleared="0"  />
</gc-op>
<gc-op id="1639" type="sweep" timems="0.704" contextid="1635" timestamp="2019-07-02T23:30:33.244" />
<heap-resize id="1640" type="contract" space="tenure" amount="458752" count="1" timems="0.073" reason="insufficient time being spent in gc" timestamp="2019-07-02T23:30:33.244" />
<gc-end id="1641" type="global" contextid="1635" durationms="13.005" usertimems="32.000" systemtimems="0.000" timestamp="2019-07-02T23:30:33.244" activeThreads="4">
  <mem-info id="1642" free="32464800" total="50528256" percent="64">
    <mem type="tenure" free="32464800" total="50528256" percent="64" micro-fragmented="39962" macro-fragmented="0">
      <mem type="soa" free="32079560" total="50023424" percent="64" />
      <mem type="loa" free="385240" total="504832" percent="76" />
    </mem>
  </mem-info>
</gc-end>
<cycle-end id="1643" type="global" contextid="1635" timestamp="2019-07-02T23:30:33.244">
  <attribute name="GC Util" value="186" />
  <attribute name="CPU Util" value="1588883385341" />
  <attribute name="Time Running"value="10789"/>
  <attribute name="Number of cores"value="4"/>
</cycle-end>
<allocation-satisfied id="1644" threadId="0000000001AB4700" bytesRequested="14320" />
<af-end id="1645" timestamp="2019-07-02T23:30:33.244" threadId="0000000001AB5088" success="true" />
<exclusive-end id="1646" timestamp="2019-07-02T23:30:33.244" durationms="14.140" />

<exclusive-start id="1647" timestamp="2019-07-02T23:30:33.768" intervalms="537.896">
  <response-info timems="0.086" idlems="0.086" threads="0" lastid="0000000001AB4700" lastname="main" />
</exclusive-start>
<af-start id="1648" threadId="0000000001AB5088" totalBytesRequested="80" timestamp="2019-07-02T23:30:33.768" intervalms="537.877" />
<cycle-start id="1649" type="global" contextid="0" timestamp="2019-07-02T23:30:33.769" intervalms="537.885" />
  <attribute name="GC Util" value="186" />
  <attribute name="CPU Util" value="1588883385341" />
  <attribute name="Time Running"value="10789"/>
  <attribute name="Number of cores"value="4"/>
<gc-start id="1650" type="global" contextid="1649" timestamp="2019-07-02T23:30:33.769">
  <mem-info id="1651" free="385240" total="50528256" percent="0">
    <mem type="tenure" free="385240" total="50528256" percent="0">
      <mem type="soa" free="0" total="50023424" percent="0" />
      <mem type="loa" free="385240" total="504832" percent="76" />
    </mem>
  </mem-info>
</gc-start>
<allocation-stats totalBytes="32074336" >
  <allocated-bytes non-tlh="281224" tlh="31793112" />
  <largest-consumer threadName="main" threadId="0000000001AB4700" bytes="32074336" />
</allocation-stats>
<gc-op id="1652" type="mark" timems="10.617" contextid="1649" timestamp="2019-07-02T23:30:33.780">
  <trace-info objectcount="599571" scancount="520805" scanbytes="13370684" />
  <finalization candidates="80" enqueued="0" />
  <ownableSynchronizers candidates="21" cleared="0" />
  <references type="soft" candidates="3261" cleared="0" enqueued="0" dynamicThreshold="20" maxThreshold="32" />
  <references type="weak" candidates="5635" cleared="0" enqueued="0" />
  <references type="phantom" candidates="101" cleared="0" enqueued="0" />
  <stringconstants candidates="13571" cleared="0"  />
</gc-op>
<gc-op id="1653" type="sweep" timems="0.532" contextid="1649" timestamp="2019-07-02T23:30:33.780" />
<heap-resize id="1654" type="contract" space="tenure" amount="458752" count="1" timems="0.076" reason="excess free space following gc" timestamp="2019-07-02T23:30:33.781" />
<gc-end id="1655" type="global" contextid="1649" durationms="12.021" usertimems="32.000" systemtimems="0.000" timestamp="2019-07-02T23:30:33.781" activeThreads="4">
  <mem-info id="1656" free="32077696" total="50069504" percent="64">
    <mem type="tenure" free="32077696" total="50069504" percent="64" micro-fragmented="39962" macro-fragmented="0">
      <mem type="soa" free="31626552" total="49569792" percent="63" />
      <mem type="loa" free="451144" total="499712" percent="90" />
    </mem>
  </mem-info>
</gc-end>
<cycle-end id="1657" type="global" contextid="1649" timestamp="2019-07-02T23:30:33.781">
  <attribute name="GC Util" value="191" />
  <attribute name="CPU Util" value="1709019587489" />
  <attribute name="Time Running"value="11326"/>
  <attribute name="Number of cores"value="4"/>
</cycle-end>
<allocation-satisfied id="1658" threadId="0000000001AB4700" bytesRequested="80" />
<af-end id="1659" timestamp="2019-07-02T23:30:33.781" threadId="0000000001AB5088" success="true" />
<exclusive-end id="1660" timestamp="2019-07-02T23:30:33.781" durationms="13.230" />

<exclusive-start id="1661" timestamp="2019-07-02T23:30:33.841" intervalms="72.506">
  <response-info timems="0.077" idlems="0.077" threads="0" lastid="0000000001AB4700" lastname="main" />
</exclusive-start>
<af-start id="1662" threadId="0000000001AB5088" totalBytesRequested="80" timestamp="2019-07-02T23:30:33.841" intervalms="72.524" />
<cycle-start id="1663" type="global" contextid="0" timestamp="2019-07-02T23:30:33.841" intervalms="72.522" />
  <attribute name="GC Util" value="191" />
  <attribute name="CPU Util" value="1709019587489" />
  <attribute name="Time Running"value="11326"/>
  <attribute name="Number of cores"value="4"/>
<gc-start id="1664" type="global" contextid="1663" timestamp="2019-07-02T23:30:33.841">
  <mem-info id="1665" free="451144" total="50069504" percent="0">
    <mem type="tenure" free="451144" total="50069504" percent="0">
      <mem type="soa" free="0" total="49569792" percent="0" />
      <mem type="loa" free="451144" total="499712" percent="90" />
    </mem>
  </mem-info>
</gc-start>
<allocation-stats totalBytes="31625016" >
  <allocated-bytes non-tlh="0" tlh="31625016" />
  <largest-consumer threadName="main" threadId="0000000001AB4700" bytes="31625016" />
</allocation-stats>
<gc-op id="1666" type="mark" timems="10.561" contextid="1663" timestamp="2019-07-02T23:30:33.852">
  <trace-info objectcount="599571" scancount="520807" scanbytes="13370684" />
  <finalization candidates="80" enqueued="0" />
  <ownableSynchronizers candidates="21" cleared="0" />
  <references type="soft" candidates="3261" cleared="0" enqueued="0" dynamicThreshold="20" maxThreshold="32" />
  <references type="weak" candidates="5635" cleared="0" enqueued="0" />
  <references type="phantom" candidates="101" cleared="0" enqueued="0" />
  <stringconstants candidates="13571" cleared="0"  />
</gc-op>
<gc-op id="1667" type="sweep" timems="0.522" contextid="1663" timestamp="2019-07-02T23:30:33.853" />
<heap-resize id="1668" type="contract" space="tenure" amount="327680" count="1" timems="0.046" reason="excess free space following gc" timestamp="2019-07-02T23:30:33.853" />
<gc-end id="1669" type="global" contextid="1663" durationms="11.976" usertimems="32.000" systemtimems="0.000" timestamp="2019-07-02T23:30:33.853" activeThreads="4">
  <mem-info id="1670" free="31778840" total="49741824" percent="63">
    <mem type="tenure" free="31778840" total="49741824" percent="63" micro-fragmented="39962" macro-fragmented="0">
      <mem type="soa" free="31302160" total="49245184" percent="63" />
      <mem type="loa" free="476680" total="496640" percent="95" />
    </mem>
  </mem-info>
</gc-end>
<cycle-end id="1671" type="global" contextid="1663" timestamp="2019-07-02T23:30:33.854">
  <attribute name="GC Util" value="191" />
  <attribute name="CPU Util" value="1716863030867" />
  <attribute name="Time Running"value="11398"/>
  <attribute name="Number of cores"value="4"/>
</cycle-end>
<allocation-satisfied id="1672" threadId="0000000001AB4700" bytesRequested="80" />
<af-end id="1673" timestamp="2019-07-02T23:30:33.854" threadId="0000000001AB5088" success="true" />
<exclusive-end id="1674" timestamp="2019-07-02T23:30:33.854" durationms="13.203" />

<exclusive-start id="1675" timestamp="2019-07-02T23:30:33.942" intervalms="101.477">
  <response-info timems="0.062" idlems="0.062" threads="0" lastid="0000000001AB4700" lastname="main" />
</exclusive-start>
<af-start id="1676" threadId="0000000001AB5088" totalBytesRequested="32" timestamp="2019-07-02T23:30:33.942" intervalms="101.428" />
<cycle-start id="1677" type="global" contextid="0" timestamp="2019-07-02T23:30:33.943" intervalms="101.388" />
  <attribute name="GC Util" value="191" />
  <attribute name="CPU Util" value="1716863030867" />
  <attribute name="Time Running"value="11398"/>
  <attribute name="Number of cores"value="4"/>
<gc-start id="1678" type="global" contextid="1677" timestamp="2019-07-02T23:30:33.943">
  <mem-info id="1679" free="476680" total="49741824" percent="0">
    <mem type="tenure" free="476680" total="49741824" percent="0">
      <mem type="soa" free="0" total="49245184" percent="0" />
      <mem type="loa" free="476680" total="496640" percent="95" />
    </mem>
  </mem-info>
</gc-start>
<allocation-stats totalBytes="31299104" >
  <allocated-bytes non-tlh="32" tlh="31299072" />
  <largest-consumer threadName="main" threadId="0000000001AB4700" bytes="31299104" />
</allocation-stats>
<gc-op id="1680" type="mark" timems="10.593" contextid="1677" timestamp="2019-07-02T23:30:33.953">
  <trace-info objectcount="599605" scancount="520857" scanbytes="13371688" />
  <finalization candidates="80" enqueued="0" />
  <ownableSynchronizers candidates="21" cleared="0" />
  <references type="soft" candidates="3261" cleared="0" enqueued="0" dynamicThreshold="20" maxThreshold="32" />
  <references type="weak" candidates="5635" cleared="0" enqueued="0" />
  <references type="phantom" candidates="101" cleared="0" enqueued="0" />
  <stringconstants candidates="13572" cleared="0"  />
</gc-op>
<gc-op id="1681" type="sweep" timems="0.548" contextid="1677" timestamp="2019-07-02T23:30:33.954" />
<mem-info id="1682" free="31779008" total="49741824" percent="63">
  <mem type="tenure" free="31779008" total="49741824" percent="63" micro-fragmented="39962" macro-fragmented="0">
    <mem type="soa" free="31302056" total="49245184" percent="63" />
    <mem type="loa" free="476952" total="496640" percent="96" />
  </mem>
</mem-info>
<gc-op id="1683" type="compact" timems="139.870" contextid="1677" timestamp="2019-07-02T23:30:34.094">
  <compact-info movecount="586627" movebytes="17280352" reason="compact to aid heap contraction" />
</gc-op>
<heap-resize id="1684" type="contract" space="tenure" amount="458752" count="1" timems="0.116" reason="excess free space following gc" timestamp="2019-07-02T23:30:34.095" />
<gc-end id="1685" type="global" contextid="1677" durationms="152.277" usertimems="180.000" systemtimems="0.000" timestamp="2019-07-02T23:30:34.095" activeThreads="4">
  <mem-info id="1686" free="31280856" total="49283072" percent="63">
    <mem type="tenure" free="31280856" total="49283072" percent="63">
      <mem type="soa" free="30826200" total="48790528" percent="63" />
      <mem type="loa" free="454656" total="492544" percent="92" />
    </mem>
  </mem-info>
</gc-end>
<cycle-end id="1687" type="global" contextid="1677" timestamp="2019-07-02T23:30:34.095">
  <attribute name="GC Util" value="20" />
  <attribute name="CPU Util" value="21743261446360" />
  <attribute name="Time Running"value="11500"/>
  <attribute name="Number of cores"value="4"/>
</cycle-end>
<allocation-satisfied id="1688" threadId="0000000001AB4700" bytesRequested="32" />
<af-end id="1689" timestamp="2019-07-02T23:30:34.095" threadId="0000000001AB5088" success="true" />
<exclusive-end id="1690" timestamp="2019-07-02T23:30:34.096" durationms="153.412" />

<exclusive-start id="1691" timestamp="2019-07-02T23:30:34.148" intervalms="205.851">
  <response-info timems="0.084" idlems="0.084" threads="0" lastid="0000000001AB4700" lastname="main" />
</exclusive-start>
<af-start id="1692" threadId="0000000001AB5088" totalBytesRequested="80" timestamp="2019-07-02T23:30:34.148" intervalms="205.934" />
<cycle-start id="1693" type="global" contextid="0" timestamp="2019-07-02T23:30:34.148" intervalms="205.945" />
  <attribute name="GC Util" value="20" />
  <attribute name="CPU Util" value="21743261446360" />
  <attribute name="Time Running"value="11500"/>
  <attribute name="Number of cores"value="4"/>
<gc-start id="1694" type="global" contextid="1693" timestamp="2019-07-02T23:30:34.149">
  <mem-info id="1695" free="454656" total="49283072" percent="0">
    <mem type="tenure" free="454656" total="49283072" percent="0">
      <mem type="soa" free="0" total="48790528" percent="0" />
      <mem type="loa" free="454656" total="492544" percent="92" />
    </mem>
  </mem-info>
</gc-start>
<allocation-stats totalBytes="30880864" >
  <allocated-bytes non-tlh="0" tlh="30880864" />
  <largest-consumer threadName="main" threadId="0000000001AB4700" bytes="30880864" />
</allocation-stats>
<gc-op id="1696" type="mark" timems="12.053" contextid="1693" timestamp="2019-07-02T23:30:34.161">
  <trace-info objectcount="599603" scancount="520834" scanbytes="13371740" />
  <finalization candidates="80" enqueued="0" />
  <ownableSynchronizers candidates="21" cleared="0" />
  <references type="soft" candidates="3261" cleared="0" enqueued="0" dynamicThreshold="20" maxThreshold="32" />
  <references type="weak" candidates="5635" cleared="0" enqueued="0" />
  <references type="phantom" candidates="101" cleared="0" enqueued="0" />
  <stringconstants candidates="13572" cleared="0"  />
</gc-op>
<gc-op id="1697" type="sweep" timems="0.573" contextid="1693" timestamp="2019-07-02T23:30:34.162" />
<heap-resize id="1698" type="contract" space="tenure" amount="458752" count="1" timems="0.099" reason="excess free space following gc" timestamp="2019-07-02T23:30:34.162" />
<gc-end id="1699" type="global" contextid="1693" durationms="13.458" usertimems="36.000" systemtimems="0.000" timestamp="2019-07-02T23:30:34.162" activeThreads="4">
  <mem-info id="1700" free="30885944" total="48824320" percent="63">
    <mem type="tenure" free="30885944" total="48824320" percent="63" micro-fragmented="0" macro-fragmented="0">
      <mem type="soa" free="30437008" total="48336896" percent="62" />
      <mem type="loa" free="448936" total="487424" percent="92" />
    </mem>
  </mem-info>
</gc-end>
<cycle-end id="1701" type="global" contextid="1693" timestamp="2019-07-02T23:30:34.162">
  <attribute name="GC Util" value="189" />
  <attribute name="CPU Util" value="1513329397246" />
  <attribute name="Time Running"value="11707"/>
  <attribute name="Number of cores"value="4"/>
</cycle-end>
<allocation-satisfied id="1702" threadId="0000000001AB4700" bytesRequested="80" />
<af-end id="1703" timestamp="2019-07-02T23:30:34.163" threadId="0000000001AB5088" success="true" />
<exclusive-end id="1704" timestamp="2019-07-02T23:30:34.163" durationms="14.587" />

<exclusive-start id="1705" timestamp="2019-07-02T23:30:34.218" intervalms="70.327">
  <response-info timems="0.079" idlems="0.079" threads="0" lastid="0000000001AB4700" lastname="main" />
</exclusive-start>
<af-start id="1706" threadId="0000000001AB5088" totalBytesRequested="24" timestamp="2019-07-02T23:30:34.219" intervalms="70.282" />
<cycle-start id="1707" type="global" contextid="0" timestamp="2019-07-02T23:30:34.219" intervalms="70.311" />
  <attribute name="GC Util" value="189" />
  <attribute name="CPU Util" value="1513329397246" />
  <attribute name="Time Running"value="11707"/>
  <attribute name="Number of cores"value="4"/>
<gc-start id="1708" type="global" contextid="1707" timestamp="2019-07-02T23:30:34.219">
  <mem-info id="1709" free="448936" total="48824320" percent="0">
    <mem type="tenure" free="448936" total="48824320" percent="0">
      <mem type="soa" free="0" total="48336896" percent="0" />
      <mem type="loa" free="448936" total="487424" percent="92" />
    </mem>
  </mem-info>
</gc-start>
<allocation-stats totalBytes="30427728" >
  <allocated-bytes non-tlh="0" tlh="30427728" />
  <largest-consumer threadName="main" threadId="0000000001AB4700" bytes="30427728" />
</allocation-stats>
<gc-op id="1710" type="mark" timems="11.297" contextid="1707" timestamp="2019-07-02T23:30:34.231">
  <trace-info objectcount="599600" scancount="520843" scanbytes="13371360" />
  <finalization candidates="80" enqueued="0" />
  <ownableSynchronizers candidates="21" cleared="0" />
  <references type="soft" candidates="3261" cleared="0" enqueued="0" dynamicThreshold="20" maxThreshold="32" />
  <references type="weak" candidates="5635" cleared="0" enqueued="0" />
  <references type="phantom" candidates="101" cleared="0" enqueued="0" />
  <stringconstants candidates="13572" cleared="0"  />
</gc-op>
<gc-op id="1711" type="sweep" timems="0.574" contextid="1707" timestamp="2019-07-02T23:30:34.231" />
<heap-resize id="1712" type="contract" space="tenure" amount="458752" count="1" timems="0.096" reason="excess free space following gc" timestamp="2019-07-02T23:30:34.232" />
<gc-end id="1713" type="global" contextid="1707" durationms="12.820" usertimems="36.000" systemtimems="0.000" timestamp="2019-07-02T23:30:34.232" activeThreads="4">
  <mem-info id="1714" free="30429760" total="48365568" percent="62">
    <mem type="tenure" free="30429760" total="48365568" percent="62" micro-fragmented="0" macro-fragmented="0">
      <mem type="soa" free="29981016" total="47882240" percent="62" />
      <mem type="loa" free="448744" total="483328" percent="92" />
    </mem>
  </mem-info>
</gc-end>
<cycle-end id="1715" type="global" contextid="1707" timestamp="2019-07-02T23:30:34.232">
  <attribute name="GC Util" value="192" />
  <attribute name="CPU Util" value="1606828844576" />
  <attribute name="Time Running"value="11777"/>
  <attribute name="Number of cores"value="4"/>
</cycle-end>
<allocation-satisfied id="1716" threadId="0000000001AB4700" bytesRequested="24" />
<af-end id="1717" timestamp="2019-07-02T23:30:34.232" threadId="0000000001AB5088" success="true" />
<exclusive-end id="1718" timestamp="2019-07-02T23:30:34.232" durationms="13.947" />

<exclusive-start id="1719" timestamp="2019-07-02T23:30:34.291" intervalms="72.343">
  <response-info timems="0.057" idlems="0.057" threads="0" lastid="0000000001AB4700" lastname="main" />
</exclusive-start>
<af-start id="1720" threadId="0000000001AB5088" totalBytesRequested="24" timestamp="2019-07-02T23:30:34.291" intervalms="72.267" />
<cycle-start id="1721" type="global" contextid="0" timestamp="2019-07-02T23:30:34.291" intervalms="72.237" />
  <attribute name="GC Util" value="192" />
  <attribute name="CPU Util" value="1606828844576" />
  <attribute name="Time Running"value="11777"/>
  <attribute name="Number of cores"value="4"/>
<gc-start id="1722" type="global" contextid="1721" timestamp="2019-07-02T23:30:34.291">
  <mem-info id="1723" free="448744" total="48365568" percent="0">
    <mem type="tenure" free="448744" total="48365568" percent="0">
      <mem type="soa" free="0" total="47882240" percent="0" />
      <mem type="loa" free="448744" total="483328" percent="92" />
    </mem>
  </mem-info>
</gc-start>
<allocation-stats totalBytes="29979960" >
  <allocated-bytes non-tlh="0" tlh="29979960" />
  <largest-consumer threadName="main" threadId="0000000001AB4700" bytes="29979960" />
</allocation-stats>
<gc-op id="1724" type="mark" timems="11.374" contextid="1721" timestamp="2019-07-02T23:30:34.303">
  <trace-info objectcount="599612" scancount="520844" scanbytes="13371636" />
  <finalization candidates="80" enqueued="0" />
  <ownableSynchronizers candidates="21" cleared="0" />
  <references type="soft" candidates="3261" cleared="0" enqueued="0" dynamicThreshold="20" maxThreshold="32" />
  <references type="weak" candidates="5635" cleared="0" enqueued="0" />
  <references type="phantom" candidates="101" cleared="0" enqueued="0" />
  <stringconstants candidates="13572" cleared="0"  />
</gc-op>
<gc-op id="1725" type="sweep" timems="0.795" contextid="1721" timestamp="2019-07-02T23:30:34.304" />
<heap-resize id="1726" type="contract" space="tenure" amount="458752" count="1" timems="0.090" reason="excess free space following gc" timestamp="2019-07-02T23:30:34.304" />
<gc-end id="1727" type="global" contextid="1721" durationms="12.989" usertimems="36.000" systemtimems="0.000" timestamp="2019-07-02T23:30:34.304" activeThreads="4">
  <mem-info id="1728" free="29974824" total="47906816" percent="62">
    <mem type="tenure" free="29974824" total="47906816" percent="62" micro-fragmented="0" macro-fragmented="0">
      <mem type="soa" free="29527160" total="47428608" percent="62" />
      <mem type="loa" free="447664" total="478208" percent="93" />
    </mem>
  </mem-info>
</gc-end>
<cycle-end id="1729" type="global" contextid="1721" timestamp="2019-07-02T23:30:34.304">
  <attribute name="GC Util" value="189" />
  <attribute name="CPU Util" value="1588438450767" />
  <attribute name="Time Running"value="11849"/>
  <attribute name="Number of cores"value="4"/>
</cycle-end>
<allocation-satisfied id="1730" threadId="0000000001AB4700" bytesRequested="24" />
<af-end id="1731" timestamp="2019-07-02T23:30:34.305" threadId="0000000001AB5088" success="true" />
<exclusive-end id="1732" timestamp="2019-07-02T23:30:34.305" durationms="13.959" />

<exclusive-start id="1733" timestamp="2019-07-02T23:30:34.359" intervalms="68.166">
  <response-info timems="0.088" idlems="0.088" threads="0" lastid="0000000001AB4700" lastname="main" />
</exclusive-start>
<af-start id="1734" threadId="0000000001AB5088" totalBytesRequested="24" timestamp="2019-07-02T23:30:34.359" intervalms="68.227" />
<cycle-start id="1735" type="global" contextid="0" timestamp="2019-07-02T23:30:34.359" intervalms="68.255" />
  <attribute name="GC Util" value="189" />
  <attribute name="CPU Util" value="1588438450767" />
  <attribute name="Time Running"value="11849"/>
  <attribute name="Number of cores"value="4"/>
<gc-start id="1736" type="global" contextid="1735" timestamp="2019-07-02T23:30:34.359">
  <mem-info id="1737" free="447664" total="47906816" percent="0">
    <mem type="tenure" free="447664" total="47906816" percent="0">
      <mem type="soa" free="0" total="47428608" percent="0" />
      <mem type="loa" free="447664" total="478208" percent="93" />
    </mem>
  </mem-info>
</gc-start>
<allocation-stats totalBytes="29524608" >
  <allocated-bytes non-tlh="0" tlh="29524608" />
  <largest-consumer threadName="main" threadId="0000000001AB4700" bytes="29524608" />
</allocation-stats>
<gc-op id="1738" type="mark" timems="10.983" contextid="1735" timestamp="2019-07-02T23:30:34.371">
  <trace-info objectcount="599622" scancount="520867" scanbytes="13371804" />
  <finalization candidates="80" enqueued="0" />
  <ownableSynchronizers candidates="21" cleared="0" />
  <references type="soft" candidates="3261" cleared="0" enqueued="0" dynamicThreshold="20" maxThreshold="32" />
  <references type="weak" candidates="5635" cleared="0" enqueued="0" />
  <references type="phantom" candidates="101" cleared="0" enqueued="0" />
  <stringconstants candidates="13572" cleared="0"  />
</gc-op>
<gc-op id="1739" type="sweep" timems="0.552" contextid="1735" timestamp="2019-07-02T23:30:34.371" />
<heap-resize id="1740" type="contract" space="tenure" amount="458752" count="1" timems="0.096" reason="excess free space following gc" timestamp="2019-07-02T23:30:34.372" />
<gc-end id="1741" type="global" contextid="1735" durationms="12.446" usertimems="36.000" systemtimems="0.000" timestamp="2019-07-02T23:30:34.372" activeThreads="4">
  <mem-info id="1742" free="29526416" total="47448064" percent="62">
    <mem type="tenure" free="29526416" total="47448064" percent="62" micro-fragmented="0" macro-fragmented="0">
      <mem type="soa" free="29072056" total="46973952" percent="61" />
      <mem type="loa" free="454360" total="474112" percent="95" />
    </mem>
  </mem-info>
</gc-end>
<cycle-end id="1743" type="global" contextid="1735" timestamp="2019-07-02T23:30:34.372">
  <attribute name="GC Util" value="191" />
  <attribute name="CPU Util" value="1653512614478" />
  <attribute name="Time Running"value="11917"/>
  <attribute name="Number of cores"value="4"/>
</cycle-end>
<allocation-satisfied id="1744" threadId="0000000001AB4700" bytesRequested="24" />
<af-end id="1745" timestamp="2019-07-02T23:30:34.372" threadId="0000000001AB5088" success="true" />
<exclusive-end id="1746" timestamp="2019-07-02T23:30:34.372" durationms="13.498" />

<exclusive-start id="1747" timestamp="2019-07-02T23:30:34.415" intervalms="56.223">
  <response-info timems="0.080" idlems="0.080" threads="0" lastid="0000000001AB4700" lastname="main" />
</exclusive-start>
<af-start id="1748" threadId="0000000001AB5088" totalBytesRequested="24" timestamp="2019-07-02T23:30:34.415" intervalms="56.250" />
<cycle-start id="1749" type="global" contextid="0" timestamp="2019-07-02T23:30:34.416" intervalms="56.237" />
  <attribute name="GC Util" value="191" />
  <attribute name="CPU Util" value="1653512614478" />
  <attribute name="Time Running"value="11917"/>
  <attribute name="Number of cores"value="4"/>
<gc-start id="1750" type="global" contextid="1749" timestamp="2019-07-02T23:30:34.416">
  <mem-info id="1751" free="454360" total="47448064" percent="0">
    <mem type="tenure" free="454360" total="47448064" percent="0">
      <mem type="soa" free="0" total="46973952" percent="0" />
      <mem type="loa" free="454360" total="474112" percent="95" />
    </mem>
  </mem-info>
</gc-start>
<allocation-stats totalBytes="29070096" >
  <allocated-bytes non-tlh="0" tlh="29070096" />
  <largest-consumer threadName="main" threadId="0000000001AB4700" bytes="29070096" />
</allocation-stats>
<gc-op id="1752" type="mark" timems="10.433" contextid="1749" timestamp="2019-07-02T23:30:34.426">
  <trace-info objectcount="599620" scancount="520849" scanbytes="13371804" />
  <finalization candidates="80" enqueued="0" />
  <ownableSynchronizers candidates="21" cleared="0" />
  <references type="soft" candidates="3261" cleared="0" enqueued="0" dynamicThreshold="19" maxThreshold="32" />
  <references type="weak" candidates="5635" cleared="0" enqueued="0" />
  <references type="phantom" candidates="101" cleared="0" enqueued="0" />
  <stringconstants candidates="13572" cleared="0"  />
</gc-op>
<gc-op id="1753" type="sweep" timems="0.559" contextid="1749" timestamp="2019-07-02T23:30:34.427" />
<heap-resize id="1754" type="contract" space="tenure" amount="458752" count="1" timems="0.098" reason="excess free space following gc" timestamp="2019-07-02T23:30:34.427" />
<gc-end id="1755" type="global" contextid="1749" durationms="11.946" usertimems="32.000" systemtimems="0.000" timestamp="2019-07-02T23:30:34.428" activeThreads="4">
  <mem-info id="1756" free="29071312" total="46989312" percent="61">
    <mem type="tenure" free="29071312" total="46989312" percent="61" micro-fragmented="0" macro-fragmented="0">
      <mem type="soa" free="28618424" total="46520320" percent="61" />
      <mem type="loa" free="452888" total="468992" percent="96" />
    </mem>
  </mem-info>
</gc-end>
<cycle-end id="1757" type="global" contextid="1749" timestamp="2019-07-02T23:30:34.428">
  <attribute name="GC Util" value="191" />
  <attribute name="CPU Util" value="1737387734497" />
  <attribute name="Time Running"value="11973"/>
  <attribute name="Number of cores"value="4"/>
</cycle-end>
<allocation-satisfied id="1758" threadId="0000000001AB4700" bytesRequested="24" />
<af-end id="1759" timestamp="2019-07-02T23:30:34.428" threadId="0000000001AB5088" success="true" />
<exclusive-end id="1760" timestamp="2019-07-02T23:30:34.428" durationms="13.154" />

<exclusive-start id="1761" timestamp="2019-07-02T23:30:34.540" intervalms="125.372">
  <response-info timems="0.082" idlems="0.082" threads="0" lastid="0000000001AB4700" lastname="main" />
</exclusive-start>
<af-start id="1762" threadId="0000000001AB5088" totalBytesRequested="32" timestamp="2019-07-02T23:30:34.541" intervalms="125.337" />
<cycle-start id="1763" type="global" contextid="0" timestamp="2019-07-02T23:30:34.541" intervalms="125.345" />
  <attribute name="GC Util" value="191" />
  <attribute name="CPU Util" value="1737387734497" />
  <attribute name="Time Running"value="11973"/>
  <attribute name="Number of cores"value="4"/>
<gc-start id="1764" type="global" contextid="1763" timestamp="2019-07-02T23:30:34.541">
  <mem-info id="1765" free="452888" total="46989312" percent="0">
    <mem type="tenure" free="452888" total="46989312" percent="0">
      <mem type="soa" free="0" total="46520320" percent="0" />
      <mem type="loa" free="452888" total="468992" percent="96" />
    </mem>
  </mem-info>
</gc-start>
<allocation-stats totalBytes="28617936" >
  <allocated-bytes non-tlh="0" tlh="28617936" />
  <largest-consumer threadName="main" threadId="0000000001AB4700" bytes="28617936" />
</allocation-stats>
<gc-op id="1766" type="mark" timems="10.614" contextid="1763" timestamp="2019-07-02T23:30:34.552">
  <trace-info objectcount="599618" scancount="520846" scanbytes="13371720" />
  <finalization candidates="80" enqueued="0" />
  <ownableSynchronizers candidates="21" cleared="0" />
  <references type="soft" candidates="3261" cleared="0" enqueued="0" dynamicThreshold="19" maxThreshold="32" />
  <references type="weak" candidates="5635" cleared="0" enqueued="0" />
  <references type="phantom" candidates="101" cleared="0" enqueued="0" />
  <stringconstants candidates="13572" cleared="0"  />
</gc-op>
<gc-op id="1767" type="sweep" timems="0.529" contextid="1763" timestamp="2019-07-02T23:30:34.553" />
<heap-resize id="1768" type="contract" space="tenure" amount="458752" count="1" timems="0.088" reason="excess free space following gc" timestamp="2019-07-02T23:30:34.553" />
<gc-end id="1769" type="global" contextid="1763" durationms="12.005" usertimems="32.000" systemtimems="0.000" timestamp="2019-07-02T23:30:34.553" activeThreads="4">
  <mem-info id="1770" free="28616104" total="46530560" percent="61">
    <mem type="tenure" free="28616104" total="46530560" percent="61" micro-fragmented="0" macro-fragmented="0">
      <mem type="soa" free="28164264" total="46065664" percent="61" />
      <mem type="loa" free="451840" total="464896" percent="97" />
    </mem>
  </mem-info>
</gc-end>
<cycle-end id="1771" type="global" contextid="1763" timestamp="2019-07-02T23:30:34.553">
  <attribute name="GC Util" value="190" />
  <attribute name="CPU Util" value="1708495816727" />
  <attribute name="Time Running"value="12098"/>
  <attribute name="Number of cores"value="4"/>
</cycle-end>
<allocation-satisfied id="1772" threadId="0000000001AB4700" bytesRequested="32" />
<af-end id="1773" timestamp="2019-07-02T23:30:34.553" threadId="0000000001AB5088" success="true" />
<exclusive-end id="1774" timestamp="2019-07-02T23:30:34.554" durationms="13.032" />

<exclusive-start id="1775" timestamp="2019-07-02T23:30:34.779" intervalms="238.670">
  <response-info timems="0.064" idlems="0.064" threads="0" lastid="0000000001AB4700" lastname="main" />
</exclusive-start>
<af-start id="1776" threadId="0000000001AB5088" totalBytesRequested="24" timestamp="2019-07-02T23:30:34.779" intervalms="238.698" />
<cycle-start id="1777" type="global" contextid="0" timestamp="2019-07-02T23:30:34.780" intervalms="238.682" />
  <attribute name="GC Util" value="190" />
  <attribute name="CPU Util" value="1708495816727" />
  <attribute name="Time Running"value="12098"/>
  <attribute name="Number of cores"value="4"/>
<gc-start id="1778" type="global" contextid="1777" timestamp="2019-07-02T23:30:34.780">
  <mem-info id="1779" free="451840" total="46530560" percent="0">
    <mem type="tenure" free="451840" total="46530560" percent="0">
      <mem type="soa" free="0" total="46065664" percent="0" />
      <mem type="loa" free="451840" total="464896" percent="97" />
    </mem>
  </mem-info>
</gc-start>
<allocation-stats totalBytes="28164056" >
  <allocated-bytes non-tlh="0" tlh="28164056" />
  <largest-consumer threadName="main" threadId="0000000001AB4700" bytes="28164056" />
</allocation-stats>
<gc-op id="1780" type="mark" timems="10.518" contextid="1777" timestamp="2019-07-02T23:30:34.791">
  <trace-info objectcount="599630" scancount="520864" scanbytes="13371952" />
  <finalization candidates="80" enqueued="0" />
  <ownableSynchronizers candidates="21" cleared="0" />
  <references type="soft" candidates="3261" cleared="0" enqueued="0" dynamicThreshold="19" maxThreshold="32" />
  <references type="weak" candidates="5635" cleared="0" enqueued="0" />
  <references type="phantom" candidates="101" cleared="0" enqueued="0" />
  <stringconstants candidates="13572" cleared="0"  />
</gc-op>
<gc-op id="1781" type="sweep" timems="0.519" contextid="1777" timestamp="2019-07-02T23:30:34.791" />
<heap-resize id="1782" type="contract" space="tenure" amount="458752" count="1" timems="0.092" reason="excess free space following gc" timestamp="2019-07-02T23:30:34.792" />
<gc-end id="1783" type="global" contextid="1777" durationms="12.025" usertimems="32.000" systemtimems="0.000" timestamp="2019-07-02T23:30:34.792" activeThreads="4">
  <mem-info id="1784" free="28161568" total="46071808" percent="61">
    <mem type="tenure" free="28161568" total="46071808" percent="61" micro-fragmented="0" macro-fragmented="0">
      <mem type="soa" free="27710200" total="45612032" percent="60" />
      <mem type="loa" free="451368" total="459776" percent="98" />
    </mem>
  </mem-info>
</gc-end>
<cycle-end id="1785" type="global" contextid="1777" timestamp="2019-07-02T23:30:34.792">
  <attribute name="GC Util" value="191" />
  <attribute name="CPU Util" value="1726112381072" />
  <attribute name="Time Running"value="12337"/>
  <attribute name="Number of cores"value="4"/>
</cycle-end>
<allocation-satisfied id="1786" threadId="0000000001AB4700" bytesRequested="24" />
<af-end id="1787" timestamp="2019-07-02T23:30:34.792" threadId="0000000001AB5088" success="true" />
<exclusive-end id="1788" timestamp="2019-07-02T23:30:34.792" durationms="13.224" />

<exclusive-start id="1789" timestamp="2019-07-02T23:30:35.691" intervalms="912.118">
  <response-info timems="0.073" idlems="0.073" threads="0" lastid="0000000001AB4700" lastname="main" />
</exclusive-start>
<af-start id="1790" threadId="0000000001AB5088" totalBytesRequested="24" timestamp="2019-07-02T23:30:35.691" intervalms="912.110" />
<cycle-start id="1791" type="global" contextid="0" timestamp="2019-07-02T23:30:35.692" intervalms="912.148" />
  <attribute name="GC Util" value="191" />
  <attribute name="CPU Util" value="1726112381072" />
  <attribute name="Time Running"value="12337"/>
  <attribute name="Number of cores"value="4"/>
<gc-start id="1792" type="global" contextid="1791" timestamp="2019-07-02T23:30:35.692">
  <mem-info id="1793" free="451368" total="46071808" percent="0">
    <mem type="tenure" free="451368" total="46071808" percent="0">
      <mem type="soa" free="0" total="45612032" percent="0" />
      <mem type="loa" free="451368" total="459776" percent="98" />
    </mem>
  </mem-info>
</gc-start>
<allocation-stats totalBytes="27709608" >
  <allocated-bytes non-tlh="0" tlh="27709608" />
  <largest-consumer threadName="main" threadId="0000000001AB4700" bytes="27709608" />
</allocation-stats>
<gc-op id="1794" type="mark" timems="11.004" contextid="1791" timestamp="2019-07-02T23:30:35.703">
  <trace-info objectcount="599658" scancount="520891" scanbytes="13372544" />
  <finalization candidates="80" enqueued="0" />
  <ownableSynchronizers candidates="21" cleared="0" />
  <references type="soft" candidates="3261" cleared="0" enqueued="0" dynamicThreshold="19" maxThreshold="32" />
  <references type="weak" candidates="5635" cleared="0" enqueued="0" />
  <references type="phantom" candidates="101" cleared="0" enqueued="0" />
  <stringconstants candidates="13572" cleared="0"  />
</gc-op>
<gc-op id="1795" type="sweep" timems="0.906" contextid="1791" timestamp="2019-07-02T23:30:35.704" />
<heap-resize id="1796" type="contract" space="tenure" amount="458752" count="1" timems="0.092" reason="insufficient time being spent in gc" timestamp="2019-07-02T23:30:35.705" />
<gc-end id="1797" type="global" contextid="1791" durationms="12.882" usertimems="36.000" systemtimems="0.000" timestamp="2019-07-02T23:30:35.705" activeThreads="4">
  <mem-info id="1798" free="27709224" total="45613056" percent="60">
    <mem type="tenure" free="27709224" total="45613056" percent="60" micro-fragmented="0" macro-fragmented="0">
      <mem type="soa" free="27254616" total="45157376" percent="60" />
      <mem type="loa" free="454608" total="455680" percent="99" />
    </mem>
  </mem-info>
</gc-end>
<cycle-end id="1799" type="global" contextid="1791" timestamp="2019-07-02T23:30:35.705">
  <attribute name="GC Util" value="190" />
  <attribute name="CPU Util" value="1641490519181" />
  <attribute name="Time Running"value="13249"/>
  <attribute name="Number of cores"value="4"/>
</cycle-end>
<allocation-satisfied id="1800" threadId="0000000001AB4700" bytesRequested="24" />
<af-end id="1801" timestamp="2019-07-02T23:30:35.705" threadId="0000000001AB5088" success="true" />
<exclusive-end id="1802" timestamp="2019-07-02T23:30:35.705" durationms="14.191" />

<exclusive-start id="1803" timestamp="2019-07-02T23:30:35.783" intervalms="91.713">
  <response-info timems="0.072" idlems="0.072" threads="0" lastid="0000000001AB4700" lastname="main" />
</exclusive-start>
<af-start id="1804" threadId="0000000001AB5088" totalBytesRequested="24" timestamp="2019-07-02T23:30:35.783" intervalms="91.666" />
<cycle-start id="1805" type="global" contextid="0" timestamp="2019-07-02T23:30:35.783" intervalms="91.644" />
  <attribute name="GC Util" value="190" />
  <attribute name="CPU Util" value="1641490519181" />
  <attribute name="Time Running"value="13249"/>
  <attribute name="Number of cores"value="4"/>
<gc-start id="1806" type="global" contextid="1805" timestamp="2019-07-02T23:30:35.783">
  <mem-info id="1807" free="454608" total="45613056" percent="0">
    <mem type="tenure" free="454608" total="45613056" percent="0">
      <mem type="soa" free="0" total="45157376" percent="0" />
      <mem type="loa" free="454608" total="455680" percent="99" />
    </mem>
  </mem-info>
</gc-start>
<allocation-stats totalBytes="27254184" >
  <allocated-bytes non-tlh="0" tlh="27254184" />
  <largest-consumer threadName="main" threadId="0000000001AB4700" bytes="27254184" />
</allocation-stats>
<gc-op id="1808" type="mark" timems="10.930" contextid="1805" timestamp="2019-07-02T23:30:35.795">
  <trace-info objectcount="599661" scancount="520919" scanbytes="13372608" />
  <finalization candidates="80" enqueued="0" />
  <ownableSynchronizers candidates="21" cleared="0" />
  <references type="soft" candidates="3261" cleared="0" enqueued="0" dynamicThreshold="19" maxThreshold="32" />
  <references type="weak" candidates="5635" cleared="0" enqueued="0" />
  <references type="phantom" candidates="101" cleared="0" enqueued="0" />
  <stringconstants candidates="13572" cleared="0"  />
</gc-op>
<gc-op id="1809" type="sweep" timems="0.531" contextid="1805" timestamp="2019-07-02T23:30:35.795" />
<heap-resize id="1810" type="contract" space="tenure" amount="393216" count="1" timems="0.089" reason="insufficient time being spent in gc" timestamp="2019-07-02T23:30:35.796" />
<gc-end id="1811" type="global" contextid="1805" durationms="12.273" usertimems="36.000" systemtimems="0.000" timestamp="2019-07-02T23:30:35.796" activeThreads="4">
  <mem-info id="1812" free="27251240" total="45219840" percent="60">
    <mem type="tenure" free="27251240" total="45219840" percent="60" micro-fragmented="0" macro-fragmented="0">
      <mem type="soa" free="26865496" total="44768256" percent="60" />
      <mem type="loa" free="385744" total="451584" percent="85" />
    </mem>
  </mem-info>
</gc-end>
<cycle-end id="1813" type="global" contextid="1805" timestamp="2019-07-02T23:30:35.796">
  <attribute name="GC Util" value="191" />
  <attribute name="CPU Util" value="1660825632277" />
  <attribute name="Time Running"value="13341"/>
  <attribute name="Number of cores"value="4"/>
</cycle-end>
<allocation-satisfied id="1814" threadId="0000000001AB4700" bytesRequested="24" />
<af-end id="1815" timestamp="2019-07-02T23:30:35.796" threadId="0000000001AB5088" success="true" />
<exclusive-end id="1816" timestamp="2019-07-02T23:30:35.796" durationms="13.284" />

<exclusive-start id="1817" timestamp="2019-07-02T23:30:35.876" intervalms="93.084">
  <response-info timems="0.058" idlems="0.058" threads="0" lastid="0000000001AB4700" lastname="main" />
</exclusive-start>
<af-start id="1818" threadId="0000000001AB5088" totalBytesRequested="24" timestamp="2019-07-02T23:30:35.876" intervalms="93.105" />
<cycle-start id="1819" type="global" contextid="0" timestamp="2019-07-02T23:30:35.876" intervalms="93.097" />
  <attribute name="GC Util" value="191" />
  <attribute name="CPU Util" value="1660825632277" />
  <attribute name="Time Running"value="13341"/>
  <attribute name="Number of cores"value="4"/>
<gc-start id="1820" type="global" contextid="1819" timestamp="2019-07-02T23:30:35.877">
  <mem-info id="1821" free="385744" total="45219840" percent="0">
    <mem type="tenure" free="385744" total="45219840" percent="0">
      <mem type="soa" free="0" total="44768256" percent="0" />
      <mem type="loa" free="385744" total="451584" percent="85" />
    </mem>
  </mem-info>
</gc-start>
<allocation-stats totalBytes="26864816" >
  <allocated-bytes non-tlh="0" tlh="26864816" />
  <largest-consumer threadName="main" threadId="0000000001AB4700" bytes="26864816" />
</allocation-stats>
<gc-op id="1822" type="mark" timems="10.503" contextid="1819" timestamp="2019-07-02T23:30:35.887">
  <trace-info objectcount="599673" scancount="520921" scanbytes="13372912" />
  <finalization candidates="80" enqueued="0" />
  <ownableSynchronizers candidates="21" cleared="0" />
  <references type="soft" candidates="3261" cleared="0" enqueued="0" dynamicThreshold="19" maxThreshold="32" />
  <references type="weak" candidates="5635" cleared="0" enqueued="0" />
  <references type="phantom" candidates="101" cleared="0" enqueued="0" />
  <stringconstants candidates="13572" cleared="0"  />
</gc-op>
<gc-op id="1823" type="sweep" timems="0.517" contextid="1819" timestamp="2019-07-02T23:30:35.888" />
<heap-resize id="1824" type="contract" space="tenure" amount="393216" count="1" timems="0.069" reason="insufficient time being spent in gc" timestamp="2019-07-02T23:30:35.888" />
<gc-end id="1825" type="global" contextid="1819" durationms="11.839" usertimems="32.000" systemtimems="0.000" timestamp="2019-07-02T23:30:35.888" activeThreads="4">
  <mem-info id="1826" free="26862704" total="44826624" percent="59">
    <mem type="tenure" free="26862704" total="44826624" percent="59" micro-fragmented="0" macro-fragmented="0">
      <mem type="soa" free="26476160" total="44379136" percent="59" />
      <mem type="loa" free="386544" total="447488" percent="86" />
    </mem>
  </mem-info>
</gc-end>
<cycle-end id="1827" type="global" contextid="1819" timestamp="2019-07-02T23:30:35.889">
  <attribute name="GC Util" value="191" />
  <attribute name="CPU Util" value="1725033636273" />
  <attribute name="Time Running"value="13433"/>
  <attribute name="Number of cores"value="4"/>
</cycle-end>
<allocation-satisfied id="1828" threadId="0000000001AB4700" bytesRequested="24" />
<af-end id="1829" timestamp="2019-07-02T23:30:35.889" threadId="0000000001AB5088" success="true" />
<exclusive-end id="1830" timestamp="2019-07-02T23:30:35.889" durationms="12.921" />

<exclusive-start id="1831" timestamp="2019-07-02T23:30:35.976" intervalms="100.105">
  <response-info timems="0.059" idlems="0.059" threads="0" lastid="0000000001AB4700" lastname="main" />
</exclusive-start>
<af-start id="1832" threadId="0000000001AB5088" totalBytesRequested="32" timestamp="2019-07-02T23:30:35.976" intervalms="100.129" />
<cycle-start id="1833" type="global" contextid="0" timestamp="2019-07-02T23:30:35.977" intervalms="100.129" />
  <attribute name="GC Util" value="191" />
  <attribute name="CPU Util" value="1725033636273" />
  <attribute name="Time Running"value="13433"/>
  <attribute name="Number of cores"value="4"/>
<gc-start id="1834" type="global" contextid="1833" timestamp="2019-07-02T23:30:35.977">
  <mem-info id="1835" free="386544" total="44826624" percent="0">
    <mem type="tenure" free="386544" total="44826624" percent="0">
      <mem type="soa" free="0" total="44379136" percent="0" />
      <mem type="loa" free="386544" total="447488" percent="86" />
    </mem>
  </mem-info>
</gc-start>
<allocation-stats totalBytes="26475696" >
  <allocated-bytes non-tlh="0" tlh="26475696" />
  <largest-consumer threadName="main" threadId="0000000001AB4700" bytes="26475696" />
</allocation-stats>
<gc-op id="1836" type="mark" timems="10.640" contextid="1833" timestamp="2019-07-02T23:30:35.988">
  <trace-info objectcount="599673" scancount="520906" scanbytes="13372936" />
  <finalization candidates="80" enqueued="0" />
  <ownableSynchronizers candidates="21" cleared="0" />
  <references type="soft" candidates="3261" cleared="0" enqueued="0" dynamicThreshold="19" maxThreshold="32" />
  <references type="weak" candidates="5635" cleared="0" enqueued="0" />
  <references type="phantom" candidates="101" cleared="0" enqueued="0" />
  <stringconstants candidates="13572" cleared="0"  />
</gc-op>
<gc-op id="1837" type="sweep" timems="0.592" contextid="1833" timestamp="2019-07-02T23:30:35.988" />
<gc-end id="1838" type="global" contextid="1833" durationms="11.830" usertimems="36.000" systemtimems="0.000" timestamp="2019-07-02T23:30:35.989" activeThreads="4">
  <mem-info id="1839" free="26922440" total="44826624" percent="60">
    <mem type="tenure" free="26922440" total="44826624" percent="60" micro-fragmented="0" macro-fragmented="0">
      <mem type="soa" free="26474952" total="44379136" percent="59" />
      <mem type="loa" free="447488" total="447488" percent="100" />
    </mem>
  </mem-info>
</gc-end>
<cycle-end id="1840" type="global" contextid="1833" timestamp="2019-07-02T23:30:35.989">
  <attribute name="GC Util" value="190" />
  <attribute name="CPU Util" value="1704234545100" />
  <attribute name="Time Running"value="13534"/>
  <attribute name="Number of cores"value="4"/>
</cycle-end>
<allocation-satisfied id="1841" threadId="0000000001AB4700" bytesRequested="32" />
<af-end id="1842" timestamp="2019-07-02T23:30:35.989" threadId="0000000001AB5088" success="true" />
<exclusive-end id="1843" timestamp="2019-07-02T23:30:35.989" durationms="12.960" />

<exclusive-start id="1844" timestamp="2019-07-02T23:30:36.084" intervalms="108.262">
  <response-info timems="0.060" idlems="0.060" threads="0" lastid="0000000001AB4700" lastname="main" />
</exclusive-start>
<af-start id="1845" threadId="0000000001AB5088" totalBytesRequested="32" timestamp="2019-07-02T23:30:36.085" intervalms="108.247" />
<cycle-start id="1846" type="global" contextid="0" timestamp="2019-07-02T23:30:36.085" intervalms="108.213" />
  <attribute name="GC Util" value="190" />
  <attribute name="CPU Util" value="1704234545100" />
  <attribute name="Time Running"value="13534"/>
  <attribute name="Number of cores"value="4"/>
<gc-start id="1847" type="global" contextid="1846" timestamp="2019-07-02T23:30:36.085">
  <mem-info id="1848" free="447488" total="44826624" percent="0">
    <mem type="tenure" free="447488" total="44826624" percent="0">
      <mem type="soa" free="0" total="44379136" percent="0" />
      <mem type="loa" free="447488" total="447488" percent="100" />
    </mem>
  </mem-info>
</gc-start>
<allocation-stats totalBytes="26474328" >
  <allocated-bytes non-tlh="0" tlh="26474328" />
  <largest-consumer threadName="main" threadId="0000000001AB4700" bytes="26474328" />
</allocation-stats>
<gc-op id="1849" type="mark" timems="14.358" contextid="1846" timestamp="2019-07-02T23:30:36.099">
  <trace-info objectcount="599681" scancount="520909" scanbytes="13373112" />
  <finalization candidates="80" enqueued="0" />
  <ownableSynchronizers candidates="21" cleared="0" />
  <references type="soft" candidates="3261" cleared="0" enqueued="0" dynamicThreshold="19" maxThreshold="32" />
  <references type="weak" candidates="5635" cleared="0" enqueued="0" />
  <references type="phantom" candidates="101" cleared="0" enqueued="0" />
  <stringconstants candidates="13572" cleared="0"  />
</gc-op>
<gc-op id="1850" type="sweep" timems="1.086" contextid="1846" timestamp="2019-07-02T23:30:36.101" />
<gc-end id="1851" type="global" contextid="1846" durationms="15.962" usertimems="44.000" systemtimems="0.000" timestamp="2019-07-02T23:30:36.101" activeThreads="4">
  <mem-info id="1852" free="26922104" total="44826624" percent="60">
    <mem type="tenure" free="26922104" total="44826624" percent="60" micro-fragmented="0" macro-fragmented="0">
      <mem type="soa" free="26474616" total="44379136" percent="59" />
      <mem type="loa" free="447488" total="447488" percent="100" />
    </mem>
  </mem-info>
</gc-end>
<cycle-end id="1853" type="global" contextid="1846" timestamp="2019-07-02T23:30:36.101">
  <attribute name="GC Util" value="154" />
  <attribute name="CPU Util" value="1267796268680" />
  <attribute name="Time Running"value="13646"/>
  <attribute name="Number of cores"value="4"/>
</cycle-end>
<allocation-satisfied id="1854" threadId="0000000001AB4700" bytesRequested="32" />
<af-end id="1855" timestamp="2019-07-02T23:30:36.101" threadId="0000000001AB5088" success="true" />
<exclusive-end id="1856" timestamp="2019-07-02T23:30:36.101" durationms="16.872" />

<exclusive-start id="1857" timestamp="2019-07-02T23:30:36.193" intervalms="109.034">
  <response-info timems="0.083" idlems="0.083" threads="0" lastid="0000000001AB4700" lastname="main" />
</exclusive-start>
<af-start id="1858" threadId="0000000001AB5088" totalBytesRequested="32" timestamp="2019-07-02T23:30:36.194" intervalms="109.047" />
<cycle-start id="1859" type="global" contextid="0" timestamp="2019-07-02T23:30:36.194" intervalms="109.041" />
  <attribute name="GC Util" value="154" />
  <attribute name="CPU Util" value="1267796268680" />
  <attribute name="Time Running"value="13646"/>
  <attribute name="Number of cores"value="4"/>
<gc-start id="1860" type="global" contextid="1859" timestamp="2019-07-02T23:30:36.194">
  <mem-info id="1861" free="447488" total="44826624" percent="0">
    <mem type="tenure" free="447488" total="44826624" percent="0">
      <mem type="soa" free="0" total="44379136" percent="0" />
      <mem type="loa" free="447488" total="447488" percent="100" />
    </mem>
  </mem-info>
</gc-start>
<allocation-stats totalBytes="26473792" >
  <allocated-bytes non-tlh="0" tlh="26473792" />
  <largest-consumer threadName="main" threadId="0000000001AB4700" bytes="26473792" />
</allocation-stats>
<gc-op id="1862" type="mark" timems="13.712" contextid="1859" timestamp="2019-07-02T23:30:36.208">
  <trace-info objectcount="599678" scancount="520915" scanbytes="13373060" />
  <finalization candidates="80" enqueued="0" />
  <ownableSynchronizers candidates="21" cleared="0" />
  <references type="soft" candidates="3261" cleared="0" enqueued="0" dynamicThreshold="19" maxThreshold="32" />
  <references type="weak" candidates="5635" cleared="0" enqueued="0" />
  <references type="phantom" candidates="101" cleared="0" enqueued="0" />
  <stringconstants candidates="13572" cleared="0"  />
</gc-op>
<gc-op id="1863" type="sweep" timems="0.637" contextid="1859" timestamp="2019-07-02T23:30:36.209" />
<gc-end id="1864" type="global" contextid="1859" durationms="15.003" usertimems="24.000" systemtimems="0.000" timestamp="2019-07-02T23:30:36.209" activeThreads="4">
  <mem-info id="1865" free="26922160" total="44826624" percent="60">
    <mem type="tenure" free="26922160" total="44826624" percent="60" micro-fragmented="0" macro-fragmented="0">
      <mem type="soa" free="26474672" total="44379136" percent="59" />
      <mem type="loa" free="447488" total="447488" percent="100" />
    </mem>
  </mem-info>
</gc-end>
<cycle-end id="1866" type="global" contextid="1859" timestamp="2019-07-02T23:30:36.209">
  <attribute name="GC Util" value="96" />
  <attribute name="CPU Util" value="1324647362957" />
  <attribute name="Time Running"value="13754"/>
  <attribute name="Number of cores"value="4"/>
</cycle-end>
<allocation-satisfied id="1867" threadId="0000000001AB4700" bytesRequested="32" />
<af-end id="1868" timestamp="2019-07-02T23:30:36.209" threadId="0000000001AB5088" success="true" />
<exclusive-end id="1869" timestamp="2019-07-02T23:30:36.210" durationms="16.167" />

<exclusive-start id="1870" timestamp="2019-07-02T23:30:36.635" intervalms="442.009">
  <response-info timems="0.067" idlems="0.067" threads="0" lastid="0000000001AB4700" lastname="main" />
</exclusive-start>
<af-start id="1871" threadId="0000000001AB5088" totalBytesRequested="520" timestamp="2019-07-02T23:30:36.636" intervalms="442.019" />
<cycle-start id="1872" type="global" contextid="0" timestamp="2019-07-02T23:30:36.636" intervalms="442.265" />
  <attribute name="GC Util" value="96" />
  <attribute name="CPU Util" value="1324647362957" />
  <attribute name="Time Running"value="13754"/>
  <attribute name="Number of cores"value="4"/>
<gc-start id="1873" type="global" contextid="1872" timestamp="2019-07-02T23:30:36.636">
  <mem-info id="1874" free="447488" total="44826624" percent="0">
    <mem type="tenure" free="447488" total="44826624" percent="0">
      <mem type="soa" free="0" total="44379136" percent="0" />
      <mem type="loa" free="447488" total="447488" percent="100" />
    </mem>
  </mem-info>
</gc-start>
<allocation-stats totalBytes="26470200" >
  <allocated-bytes non-tlh="360" tlh="26469840" />
  <largest-consumer threadName="main" threadId="0000000001AB4700" bytes="26470200" />
</allocation-stats>
<gc-op id="1875" type="mark" timems="12.249" contextid="1872" timestamp="2019-07-02T23:30:36.649">
  <trace-info objectcount="599722" scancount="520945" scanbytes="13373676" />
  <finalization candidates="80" enqueued="0" />
  <ownableSynchronizers candidates="21" cleared="0" />
  <references type="soft" candidates="3261" cleared="0" enqueued="0" dynamicThreshold="19" maxThreshold="32" />
  <references type="weak" candidates="5635" cleared="0" enqueued="0" />
  <references type="phantom" candidates="101" cleared="0" enqueued="0" />
  <stringconstants candidates="13578" cleared="0"  />
</gc-op>
<gc-op id="1876" type="sweep" timems="0.596" contextid="1872" timestamp="2019-07-02T23:30:36.650" />
<gc-end id="1877" type="global" contextid="1872" durationms="13.635" usertimems="28.000" systemtimems="0.000" timestamp="2019-07-02T23:30:36.650" activeThreads="4">
  <mem-info id="1878" free="26919112" total="44826624" percent="60">
    <mem type="tenure" free="26919112" total="44826624" percent="60" micro-fragmented="0" macro-fragmented="0">
      <mem type="soa" free="26471624" total="44379136" percent="59" />
      <mem type="loa" free="447488" total="447488" percent="100" />
    </mem>
  </mem-info>
</gc-end>
<cycle-end id="1879" type="global" contextid="1872" timestamp="2019-07-02T23:30:36.650">
  <attribute name="GC Util" value="96" />
  <attribute name="CPU Util" value="1473786558260" />
  <attribute name="Time Running"value="14195"/>
  <attribute name="Number of cores"value="4"/>
</cycle-end>
<allocation-satisfied id="1880" threadId="0000000001AB4700" bytesRequested="520" />
<af-end id="1881" timestamp="2019-07-02T23:30:36.650" threadId="0000000001AB5088" success="true" />
<exclusive-end id="1882" timestamp="2019-07-02T23:30:36.651" durationms="15.116" />

<exclusive-start id="1883" timestamp="2019-07-02T23:30:36.702" intervalms="66.753">
  <response-info timems="0.085" idlems="0.085" threads="0" lastid="0000000001AB4700" lastname="main" />
</exclusive-start>
<af-start id="1884" threadId="0000000001AB5088" totalBytesRequested="208" timestamp="2019-07-02T23:30:36.702" intervalms="66.756" />
<cycle-start id="1885" type="global" contextid="0" timestamp="2019-07-02T23:30:36.703" intervalms="66.565" />
  <attribute name="GC Util" value="96" />
  <attribute name="CPU Util" value="1473786558260" />
  <attribute name="Time Running"value="14195"/>
  <attribute name="Number of cores"value="4"/>
<gc-start id="1886" type="global" contextid="1885" timestamp="2019-07-02T23:30:36.703">
  <mem-info id="1887" free="447488" total="44826624" percent="0">
    <mem type="tenure" free="447488" total="44826624" percent="0">
      <mem type="soa" free="0" total="44379136" percent="0" />
      <mem type="loa" free="447488" total="447488" percent="100" />
    </mem>
  </mem-info>
</gc-start>
<allocation-stats totalBytes="26456184" >
  <allocated-bytes non-tlh="0" tlh="26456184" />
  <largest-consumer threadName="main" threadId="0000000001AB4700" bytes="26456184" />
</allocation-stats>
<gc-op id="1888" type="mark" timems="11.863" contextid="1885" timestamp="2019-07-02T23:30:36.715">
  <trace-info objectcount="599721" scancount="520976" scanbytes="13373684" />
  <finalization candidates="80" enqueued="0" />
  <ownableSynchronizers candidates="21" cleared="0" />
  <references type="soft" candidates="3261" cleared="0" enqueued="0" dynamicThreshold="19" maxThreshold="32" />
  <references type="weak" candidates="5635" cleared="0" enqueued="0" />
  <references type="phantom" candidates="101" cleared="0" enqueued="0" />
  <stringconstants candidates="13578" cleared="0"  />
</gc-op>
<gc-op id="1889" type="sweep" timems="0.553" contextid="1885" timestamp="2019-07-02T23:30:36.716" />
<gc-end id="1890" type="global" contextid="1885" durationms="13.014" usertimems="24.000" systemtimems="0.000" timestamp="2019-07-02T23:30:36.716" activeThreads="4">
  <mem-info id="1891" free="26919512" total="44826624" percent="60">
    <mem type="tenure" free="26919512" total="44826624" percent="60" micro-fragmented="0" macro-fragmented="0">
      <mem type="soa" free="26472024" total="44379136" percent="59" />
      <mem type="loa" free="447488" total="447488" percent="100" />
    </mem>
  </mem-info>
</gc-end>
<cycle-end id="1892" type="global" contextid="1885" timestamp="2019-07-02T23:30:36.716">
  <attribute name="GC Util" value="96" />
  <attribute name="CPU Util" value="1531709134079" />
  <attribute name="Time Running"value="14261"/>
  <attribute name="Number of cores"value="4"/>
</cycle-end>
<allocation-satisfied id="1893" threadId="0000000001AB4700" bytesRequested="208" />
<af-end id="1894" timestamp="2019-07-02T23:30:36.716" threadId="0000000001AB5088" success="true" />
<exclusive-end id="1895" timestamp="2019-07-02T23:30:36.716" durationms="14.261" />

<exclusive-start id="1896" timestamp="2019-07-02T23:30:36.757" intervalms="54.812">
  <response-info timems="0.116" idlems="0.116" threads="0" lastid="0000000001AB4700" lastname="main" />
</exclusive-start>
<af-start id="1897" threadId="0000000001AB5088" totalBytesRequested="520" timestamp="2019-07-02T23:30:36.757" intervalms="54.782" />
<cycle-start id="1898" type="global" contextid="0" timestamp="2019-07-02T23:30:36.757" intervalms="54.782" />
  <attribute name="GC Util" value="96" />
  <attribute name="CPU Util" value="1531709134079" />
  <attribute name="Time Running"value="14261"/>
  <attribute name="Number of cores"value="4"/>
<gc-start id="1899" type="global" contextid="1898" timestamp="2019-07-02T23:30:36.758">
  <mem-info id="1900" free="447488" total="44826624" percent="0">
    <mem type="tenure" free="447488" total="44826624" percent="0">
      <mem type="soa" free="0" total="44379136" percent="0" />
      <mem type="loa" free="447488" total="447488" percent="100" />
    </mem>
  </mem-info>
</gc-start>
<allocation-stats totalBytes="26456472" >
  <allocated-bytes non-tlh="0" tlh="26456472" />
  <largest-consumer threadName="main" threadId="0000000001AB4700" bytes="26456472" />
</allocation-stats>
<gc-op id="1901" type="mark" timems="12.068" contextid="1898" timestamp="2019-07-02T23:30:36.770">
  <trace-info objectcount="599721" scancount="520949" scanbytes="13373684" />
  <finalization candidates="80" enqueued="0" />
  <ownableSynchronizers candidates="21" cleared="0" />
  <references type="soft" candidates="3261" cleared="0" enqueued="0" dynamicThreshold="19" maxThreshold="32" />
  <references type="weak" candidates="5635" cleared="0" enqueued="0" />
  <references type="phantom" candidates="101" cleared="0" enqueued="0" />
  <stringconstants candidates="13578" cleared="0"  />
</gc-op>
<gc-op id="1902" type="sweep" timems="0.613" contextid="1898" timestamp="2019-07-02T23:30:36.771" />
<gc-end id="1903" type="global" contextid="1898" durationms="13.273" usertimems="28.000" systemtimems="0.000" timestamp="2019-07-02T23:30:36.771" activeThreads="4">
  <mem-info id="1904" free="26919424" total="44826624" percent="60">
    <mem type="tenure" free="26919424" total="44826624" percent="60" micro-fragmented="0" macro-fragmented="0">
      <mem type="soa" free="26471936" total="44379136" percent="59" />
      <mem type="loa" free="447488" total="447488" percent="100" />
    </mem>
  </mem-info>
</gc-end>
<cycle-end id="1905" type="global" contextid="1898" timestamp="2019-07-02T23:30:36.771">
  <attribute name="GC Util" value="96" />
  <attribute name="CPU Util" value="1500808038794" />
  <attribute name="Time Running"value="14316"/>
  <attribute name="Number of cores"value="4"/>
</cycle-end>
<allocation-satisfied id="1906" threadId="0000000001AB4700" bytesRequested="520" />
<af-end id="1907" timestamp="2019-07-02T23:30:36.771" threadId="0000000001AB5088" success="true" />
<exclusive-end id="1908" timestamp="2019-07-02T23:30:36.772" durationms="14.471" />

<exclusive-start id="1909" timestamp="2019-07-02T23:30:36.812" intervalms="55.100">
  <response-info timems="0.090" idlems="0.090" threads="0" lastid="0000000001AB4700" lastname="main" />
</exclusive-start>
<af-start id="1910" threadId="0000000001AB5088" totalBytesRequested="112" timestamp="2019-07-02T23:30:36.812" intervalms="55.095" />
<cycle-start id="1911" type="global" contextid="0" timestamp="2019-07-02T23:30:36.812" intervalms="55.065" />
  <attribute name="GC Util" value="96" />
  <attribute name="CPU Util" value="1500808038794" />
  <attribute name="Time Running"value="14316"/>
  <attribute name="Number of cores"value="4"/>
<gc-start id="1912" type="global" contextid="1911" timestamp="2019-07-02T23:30:36.813">
  <mem-info id="1913" free="447488" total="44826624" percent="0">
    <mem type="tenure" free="447488" total="44826624" percent="0">
      <mem type="soa" free="0" total="44379136" percent="0" />
      <mem type="loa" free="447488" total="447488" percent="100" />
    </mem>
  </mem-info>
</gc-start>
<allocation-stats totalBytes="26456392" >
  <allocated-bytes non-tlh="0" tlh="26456392" />
  <largest-consumer threadName="main" threadId="0000000001AB4700" bytes="26456392" />
</allocation-stats>
<gc-op id="1914" type="mark" timems="12.512" contextid="1911" timestamp="2019-07-02T23:30:36.825">
  <trace-info objectcount="599721" scancount="520945" scanbytes="13373684" />
  <finalization candidates="80" enqueued="0" />
  <ownableSynchronizers candidates="21" cleared="0" />
  <references type="soft" candidates="3261" cleared="0" enqueued="0" dynamicThreshold="19" maxThreshold="32" />
  <references type="weak" candidates="5635" cleared="0" enqueued="0" />
  <references type="phantom" candidates="101" cleared="0" enqueued="0" />
  <stringconstants candidates="13578" cleared="0"  />
</gc-op>
<gc-op id="1915" type="sweep" timems="0.893" contextid="1911" timestamp="2019-07-02T23:30:36.826" />
<gc-end id="1916" type="global" contextid="1911" durationms="14.006" usertimems="24.000" systemtimems="0.000" timestamp="2019-07-02T23:30:36.827" activeThreads="4">
  <mem-info id="1917" free="26919312" total="44826624" percent="60">
    <mem type="tenure" free="26919312" total="44826624" percent="60" micro-fragmented="0" macro-fragmented="0">
      <mem type="soa" free="26471824" total="44379136" percent="59" />
      <mem type="loa" free="447488" total="447488" percent="100" />
    </mem>
  </mem-info>
</gc-end>
<cycle-end id="1918" type="global" contextid="1911" timestamp="2019-07-02T23:30:36.827">
  <attribute name="GC Util" value="95" />
  <attribute name="CPU Util" value="1444597673950" />
  <attribute name="Time Running"value="14371"/>
  <attribute name="Number of cores"value="4"/>
</cycle-end>
<allocation-satisfied id="1919" threadId="0000000001AB4700" bytesRequested="112" />
<af-end id="1920" timestamp="2019-07-02T23:30:36.827" threadId="0000000001AB5088" success="true" />
<exclusive-end id="1921" timestamp="2019-07-02T23:30:36.827" durationms="15.119" />

<exclusive-start id="1922" timestamp="2019-07-02T23:30:37.004" intervalms="192.343">
  <response-info timems="0.099" idlems="0.099" threads="0" lastid="0000000001AB4700" lastname="main" />
</exclusive-start>
<af-start id="1923" threadId="0000000001AB5088" totalBytesRequested="32" timestamp="2019-07-02T23:30:37.005" intervalms="192.381" />
<cycle-start id="1924" type="global" contextid="0" timestamp="2019-07-02T23:30:37.005" intervalms="192.392" />
  <attribute name="GC Util" value="95" />
  <attribute name="CPU Util" value="1444597673950" />
  <attribute name="Time Running"value="14371"/>
  <attribute name="Number of cores"value="4"/>
<gc-start id="1925" type="global" contextid="1924" timestamp="2019-07-02T23:30:37.005">
  <mem-info id="1926" free="447488" total="44826624" percent="0">
    <mem type="tenure" free="447488" total="44826624" percent="0">
      <mem type="soa" free="0" total="44379136" percent="0" />
      <mem type="loa" free="447488" total="447488" percent="100" />
    </mem>
  </mem-info>
</gc-start>
<allocation-stats totalBytes="26467304" >
  <allocated-bytes non-tlh="0" tlh="26467304" />
  <largest-consumer threadName="main" threadId="0000000001AB4700" bytes="26467304" />
</allocation-stats>
<gc-op id="1927" type="mark" timems="15.001" contextid="1924" timestamp="2019-07-02T23:30:37.020">
  <trace-info objectcount="599726" scancount="520955" scanbytes="13373940" />
  <finalization candidates="80" enqueued="0" />
  <ownableSynchronizers candidates="21" cleared="0" />
  <references type="soft" candidates="3261" cleared="0" enqueued="0" dynamicThreshold="19" maxThreshold="32" />
  <references type="weak" candidates="5643" cleared="0" enqueued="0" />
  <references type="phantom" candidates="101" cleared="0" enqueued="0" />
  <stringconstants candidates="13578" cleared="0"  />
</gc-op>
<gc-op id="1928" type="sweep" timems="0.609" contextid="1924" timestamp="2019-07-02T23:30:37.021" />
<gc-end id="1929" type="global" contextid="1924" durationms="16.393" usertimems="28.000" systemtimems="0.000" timestamp="2019-07-02T23:30:37.021" activeThreads="4">
  <mem-info id="1930" free="26920328" total="44826624" percent="60">
    <mem type="tenure" free="26920328" total="44826624" percent="60" micro-fragmented="0" macro-fragmented="0">
      <mem type="soa" free="26472840" total="44379136" percent="59" />
      <mem type="loa" free="447488" total="447488" percent="100" />
    </mem>
  </mem-info>
</gc-end>
<cycle-end id="1931" type="global" contextid="1924" timestamp="2019-07-02T23:30:37.022">
  <attribute name="GC Util" value="97" />
  <attribute name="CPU Util" value="1210629627150" />
  <attribute name="Time Running"value="14567"/>
  <attribute name="Number of cores"value="4"/>
</cycle-end>
<allocation-satisfied id="1932" threadId="0000000001AB4700" bytesRequested="32" />
<af-end id="1933" timestamp="2019-07-02T23:30:37.022" threadId="0000000001AB5088" success="true" />
<exclusive-end id="1934" timestamp="2019-07-02T23:30:37.022" durationms="17.620" />

<exclusive-start id="1935" timestamp="2019-07-02T23:30:37.046" intervalms="41.388">
  <response-info timems="0.076" idlems="0.076" threads="0" lastid="0000000001AB4700" lastname="main" />
</exclusive-start>
<af-start id="1936" threadId="0000000001AB5088" totalBytesRequested="16" timestamp="2019-07-02T23:30:37.046" intervalms="41.380" />
<cycle-start id="1937" type="global" contextid="0" timestamp="2019-07-02T23:30:37.046" intervalms="41.377" />
  <attribute name="GC Util" value="97" />
  <attribute name="CPU Util" value="1210629627150" />
  <attribute name="Time Running"value="14567"/>
  <attribute name="Number of cores"value="4"/>
<gc-start id="1938" type="global" contextid="1937" timestamp="2019-07-02T23:30:37.046">
  <mem-info id="1939" free="447488" total="44826624" percent="0">
    <mem type="tenure" free="447488" total="44826624" percent="0">
      <mem type="soa" free="0" total="44379136" percent="0" />
      <mem type="loa" free="447488" total="447488" percent="100" />
    </mem>
  </mem-info>
</gc-start>
<allocation-stats totalBytes="26442744" >
  <allocated-bytes non-tlh="0" tlh="26442744" />
  <largest-consumer threadName="main" threadId="0000000001AB4700" bytes="26442744" />
</allocation-stats>
<gc-op id="1940" type="mark" timems="9.973" contextid="1937" timestamp="2019-07-02T23:30:37.057">
  <trace-info objectcount="599735" scancount="520958" scanbytes="13374088" />
  <finalization candidates="80" enqueued="0" />
  <ownableSynchronizers candidates="21" cleared="0" />
  <references type="soft" candidates="3261" cleared="0" enqueued="0" dynamicThreshold="19" maxThreshold="32" />
  <references type="weak" candidates="5643" cleared="0" enqueued="0" />
  <references type="phantom" candidates="101" cleared="0" enqueued="0" />
  <stringconstants candidates="13578" cleared="0"  />
</gc-op>
<gc-op id="1941" type="sweep" timems="0.701" contextid="1937" timestamp="2019-07-02T23:30:37.057" />
<gc-end id="1942" type="global" contextid="1937" durationms="11.279" usertimems="24.000" systemtimems="0.000" timestamp="2019-07-02T23:30:37.058" activeThreads="4">
  <mem-info id="1943" free="26919584" total="44826624" percent="60">
    <mem type="tenure" free="26919584" total="44826624" percent="60" micro-fragmented="0" macro-fragmented="0">
      <mem type="soa" free="26472096" total="44379136" percent="59" />
      <mem type="loa" free="447488" total="447488" percent="100" />
    </mem>
  </mem-info>
</gc-end>
<cycle-end id="1944" type="global" contextid="1937" timestamp="2019-07-02T23:30:37.058">
  <attribute name="GC Util" value="188" />
  <attribute name="CPU Util" value="1809070068440" />
  <attribute name="Time Running"value="14603"/>
  <attribute name="Number of cores"value="4"/>
</cycle-end>
<allocation-satisfied id="1945" threadId="0000000001AB4700" bytesRequested="16" />
<af-end id="1946" timestamp="2019-07-02T23:30:37.058" threadId="0000000001AB5088" success="true" />
<exclusive-end id="1947" timestamp="2019-07-02T23:30:37.058" durationms="12.502" />

<exclusive-start id="1948" timestamp="2019-07-02T23:30:37.074" intervalms="27.942">
  <response-info timems="0.074" idlems="0.074" threads="0" lastid="0000000001AB4700" lastname="main" />
</exclusive-start>
<af-start id="1949" threadId="0000000001AB5088" totalBytesRequested="24" timestamp="2019-07-02T23:30:37.074" intervalms="27.879" />
<cycle-start id="1950" type="global" contextid="0" timestamp="2019-07-02T23:30:37.074" intervalms="27.911" />
  <attribute name="GC Util" value="188" />
  <attribute name="CPU Util" value="1809070068440" />
  <attribute name="Time Running"value="14603"/>
  <attribute name="Number of cores"value="4"/>
<gc-start id="1951" type="global" contextid="1950" timestamp="2019-07-02T23:30:37.074">
  <mem-info id="1952" free="447488" total="44826624" percent="0">
    <mem type="tenure" free="447488" total="44826624" percent="0">
      <mem type="soa" free="0" total="44379136" percent="0" />
      <mem type="loa" free="447488" total="447488" percent="100" />
    </mem>
  </mem-info>
</gc-start>
<allocation-stats totalBytes="26425848" >
  <allocated-bytes non-tlh="0" tlh="26425848" />
  <largest-consumer threadName="main" threadId="0000000001AB4700" bytes="26425848" />
</allocation-stats>
<gc-op id="1953" type="mark" timems="8.854" contextid="1950" timestamp="2019-07-02T23:30:37.084">
  <trace-info objectcount="599731" scancount="520975" scanbytes="13374040" />
  <finalization candidates="80" enqueued="0" />
  <ownableSynchronizers candidates="21" cleared="0" />
  <references type="soft" candidates="3261" cleared="0" enqueued="0" dynamicThreshold="19" maxThreshold="32" />
  <references type="weak" candidates="5643" cleared="0" enqueued="0" />
  <references type="phantom" candidates="101" cleared="0" enqueued="0" />
  <stringconstants candidates="13578" cleared="0"  />
</gc-op>
<gc-op id="1954" type="sweep" timems="0.652" contextid="1950" timestamp="2019-07-02T23:30:37.084" />
<gc-end id="1955" type="global" contextid="1950" durationms="10.210" usertimems="28.000" systemtimems="0.000" timestamp="2019-07-02T23:30:37.085" activeThreads="4">
  <mem-info id="1956" free="26919552" total="44826624" percent="60">
    <mem type="tenure" free="26919552" total="44826624" percent="60" micro-fragmented="0" macro-fragmented="0">
      <mem type="soa" free="26472064" total="44379136" percent="59" />
      <mem type="loa" free="447488" total="447488" percent="100" />
    </mem>
  </mem-info>
</gc-end>
<cycle-end id="1957" type="global" contextid="1950" timestamp="2019-07-02T23:30:37.085">
  <attribute name="GC Util" value="188" />
  <attribute name="CPU Util" value="2038150725488" />
  <attribute name="Time Running"value="14630"/>
  <attribute name="Number of cores"value="4"/>
</cycle-end>
<allocation-satisfied id="1958" threadId="0000000001AB4700" bytesRequested="24" />
<af-end id="1959" timestamp="2019-07-02T23:30:37.085" threadId="0000000001AB5088" success="true" />
<exclusive-end id="1960" timestamp="2019-07-02T23:30:37.085" durationms="11.289" />

<exclusive-start id="1961" timestamp="2019-07-02T23:30:37.098" intervalms="24.368">
  <response-info timems="0.251" idlems="0.251" threads="0" lastid="0000000001AB4700" lastname="main" />
</exclusive-start>
<af-start id="1962" threadId="0000000001AB5088" totalBytesRequested="32" timestamp="2019-07-02T23:30:37.098" intervalms="24.400" />
<cycle-start id="1963" type="global" contextid="0" timestamp="2019-07-02T23:30:37.099" intervalms="24.392" />
  <attribute name="GC Util" value="188" />
  <attribute name="CPU Util" value="2038150725488" />
  <attribute name="Time Running"value="14630"/>
  <attribute name="Number of cores"value="4"/>
<gc-start id="1964" type="global" contextid="1963" timestamp="2019-07-02T23:30:37.099">
  <mem-info id="1965" free="447488" total="44826624" percent="0">
    <mem type="tenure" free="447488" total="44826624" percent="0">
      <mem type="soa" free="0" total="44379136" percent="0" />
      <mem type="loa" free="447488" total="447488" percent="100" />
    </mem>
  </mem-info>
</gc-start>
<allocation-stats totalBytes="26425936" >
  <allocated-bytes non-tlh="0" tlh="26425936" />
  <largest-consumer threadName="main" threadId="0000000001AB4700" bytes="26425936" />
</allocation-stats>
<gc-op id="1966" type="mark" timems="9.320" contextid="1963" timestamp="2019-07-02T23:30:37.108">
  <trace-info objectcount="599730" scancount="520985" scanbytes="13374008" />
  <finalization candidates="80" enqueued="0" />
  <ownableSynchronizers candidates="21" cleared="0" />
  <references type="soft" candidates="3261" cleared="0" enqueued="0" dynamicThreshold="19" maxThreshold="32" />
  <references type="weak" candidates="5643" cleared="0" enqueued="0" />
  <references type="phantom" candidates="101" cleared="0" enqueued="0" />
  <stringconstants candidates="13578" cleared="0"  />
</gc-op>
<gc-op id="1967" type="sweep" timems="0.694" contextid="1963" timestamp="2019-07-02T23:30:37.109" />
<gc-end id="1968" type="global" contextid="1963" durationms="10.733" usertimems="28.000" systemtimems="0.000" timestamp="2019-07-02T23:30:37.109" activeThreads="4">
  <mem-info id="1969" free="26919720" total="44826624" percent="60">
    <mem type="tenure" free="26919720" total="44826624" percent="60" micro-fragmented="0" macro-fragmented="0">
      <mem type="soa" free="26472232" total="44379136" percent="59" />
      <mem type="loa" free="447488" total="447488" percent="100" />
    </mem>
  </mem-info>
</gc-end>
<cycle-end id="1970" type="global" contextid="1963" timestamp="2019-07-02T23:30:37.110">
  <attribute name="GC Util" value="179" />
  <attribute name="CPU Util" value="1937274753048" />
  <attribute name="Time Running"value="14654"/>
  <attribute name="Number of cores"value="4"/>
</cycle-end>
<allocation-satisfied id="1971" threadId="0000000001AB4700" bytesRequested="32" />
<af-end id="1972" timestamp="2019-07-02T23:30:37.110" threadId="0000000001AB5088" success="true" />
<exclusive-end id="1973" timestamp="2019-07-02T23:30:37.110" durationms="11.926" />

<exclusive-start id="1974" timestamp="2019-07-02T23:30:37.123" intervalms="24.904">
  <response-info timems="0.281" idlems="0.281" threads="0" lastid="0000000001AB4700" lastname="main" />
</exclusive-start>
<af-start id="1975" threadId="0000000001AB5088" totalBytesRequested="32" timestamp="2019-07-02T23:30:37.123" intervalms="24.905" />
<cycle-start id="1976" type="global" contextid="0" timestamp="2019-07-02T23:30:37.123" intervalms="24.893" />
  <attribute name="GC Util" value="179" />
  <attribute name="CPU Util" value="1937274753048" />
  <attribute name="Time Running"value="14654"/>
  <attribute name="Number of cores"value="4"/>
<gc-start id="1977" type="global" contextid="1976" timestamp="2019-07-02T23:30:37.124">
  <mem-info id="1978" free="447488" total="44826624" percent="0">
    <mem type="tenure" free="447488" total="44826624" percent="0">
      <mem type="soa" free="0" total="44379136" percent="0" />
      <mem type="loa" free="447488" total="447488" percent="100" />
    </mem>
  </mem-info>
</gc-start>
<allocation-stats totalBytes="26426112" >
  <allocated-bytes non-tlh="0" tlh="26426112" />
  <largest-consumer threadName="main" threadId="0000000001AB4700" bytes="26426112" />
</allocation-stats>
<gc-op id="1979" type="mark" timems="8.700" contextid="1976" timestamp="2019-07-02T23:30:37.132">
  <trace-info objectcount="599730" scancount="520961" scanbytes="13374008" />
  <finalization candidates="80" enqueued="0" />
  <ownableSynchronizers candidates="21" cleared="0" />
  <references type="soft" candidates="3261" cleared="0" enqueued="0" dynamicThreshold="19" maxThreshold="32" />
  <references type="weak" candidates="5643" cleared="0" enqueued="0" />
  <references type="phantom" candidates="101" cleared="0" enqueued="0" />
  <stringconstants candidates="13578" cleared="0"  />
</gc-op>
<gc-op id="1980" type="sweep" timems="0.773" contextid="1976" timestamp="2019-07-02T23:30:37.133" />
<gc-end id="1981" type="global" contextid="1976" durationms="10.025" usertimems="28.000" systemtimems="0.000" timestamp="2019-07-02T23:30:37.134" activeThreads="4">
  <mem-info id="1982" free="26919720" total="44826624" percent="60">
    <mem type="tenure" free="26919720" total="44826624" percent="60" micro-fragmented="0" macro-fragmented="0">
      <mem type="soa" free="26472232" total="44379136" percent="59" />
      <mem type="loa" free="447488" total="447488" percent="100" />
    </mem>
  </mem-info>
</gc-end>
<cycle-end id="1983" type="global" contextid="1976" timestamp="2019-07-02T23:30:37.134">
  <attribute name="GC Util" value="188" />
  <attribute name="CPU Util" value="2079911304235" />
  <attribute name="Time Running"value="14679"/>
  <attribute name="Number of cores"value="4"/>
</cycle-end>
<allocation-satisfied id="1984" threadId="0000000001AB4700" bytesRequested="32" />
<af-end id="1985" timestamp="2019-07-02T23:30:37.134" threadId="0000000001AB5088" success="true" />
<exclusive-end id="1986" timestamp="2019-07-02T23:30:37.134" durationms="11.229" />

<exclusive-start id="1987" timestamp="2019-07-02T23:30:37.147" intervalms="24.310">
  <response-info timems="0.239" idlems="0.239" threads="0" lastid="0000000001AB4700" lastname="main" />
</exclusive-start>
<af-start id="1988" threadId="0000000001AB5088" totalBytesRequested="32" timestamp="2019-07-02T23:30:37.148" intervalms="24.309" />
<cycle-start id="1989" type="global" contextid="0" timestamp="2019-07-02T23:30:37.148" intervalms="24.292" />
  <attribute name="GC Util" value="188" />
  <attribute name="CPU Util" value="2079911304235" />
  <attribute name="Time Running"value="14679"/>
  <attribute name="Number of cores"value="4"/>
<gc-start id="1990" type="global" contextid="1989" timestamp="2019-07-02T23:30:37.148">
  <mem-info id="1991" free="447488" total="44826624" percent="0">
    <mem type="tenure" free="447488" total="44826624" percent="0">
      <mem type="soa" free="0" total="44379136" percent="0" />
      <mem type="loa" free="447488" total="447488" percent="100" />
    </mem>
  </mem-info>
</gc-start>
<allocation-stats totalBytes="26425944" >
  <allocated-bytes non-tlh="0" tlh="26425944" />
  <largest-consumer threadName="main" threadId="0000000001AB4700" bytes="26425944" />
</allocation-stats>
<gc-op id="1992" type="mark" timems="8.790" contextid="1989" timestamp="2019-07-02T23:30:37.157">
  <trace-info objectcount="599730" scancount="520981" scanbytes="13374008" />
  <finalization candidates="80" enqueued="0" />
  <ownableSynchronizers candidates="21" cleared="0" />
  <references type="soft" candidates="3261" cleared="0" enqueued="0" dynamicThreshold="19" maxThreshold="32" />
  <references type="weak" candidates="5643" cleared="0" enqueued="0" />
  <references type="phantom" candidates="101" cleared="0" enqueued="0" />
  <stringconstants candidates="13578" cleared="0"  />
</gc-op>
<gc-op id="1993" type="sweep" timems="0.732" contextid="1989" timestamp="2019-07-02T23:30:37.158" />
<gc-end id="1994" type="global" contextid="1989" durationms="10.047" usertimems="28.000" systemtimems="0.000" timestamp="2019-07-02T23:30:37.158" activeThreads="4">
  <mem-info id="1995" free="26919720" total="44826624" percent="60">
    <mem type="tenure" free="26919720" total="44826624" percent="60" micro-fragmented="0" macro-fragmented="0">
      <mem type="soa" free="26472232" total="44379136" percent="59" />
      <mem type="loa" free="447488" total="447488" percent="100" />
    </mem>
  </mem-info>
</gc-end>
<cycle-end id="1996" type="global" contextid="1989" timestamp="2019-07-02T23:30:37.158">
  <attribute name="GC Util" value="188" />
  <attribute name="CPU Util" value="2057159627655" />
  <attribute name="Time Running"value="14703"/>
  <attribute name="Number of cores"value="4"/>
</cycle-end>
<allocation-satisfied id="1997" threadId="0000000001AB4700" bytesRequested="32" />
<af-end id="1998" timestamp="2019-07-02T23:30:37.158" threadId="0000000001AB5088" success="true" />
<exclusive-end id="1999" timestamp="2019-07-02T23:30:37.158" durationms="11.091" />

<exclusive-start id="2000" timestamp="2019-07-02T23:30:37.173" intervalms="25.820">
  <response-info timems="0.115" idlems="0.115" threads="0" lastid="0000000001AB4700" lastname="main" />
</exclusive-start>
<af-start id="2001" threadId="0000000001AB5088" totalBytesRequested="16" timestamp="2019-07-02T23:30:37.173" intervalms="25.813" />
<cycle-start id="2002" type="global" contextid="0" timestamp="2019-07-02T23:30:37.174" intervalms="25.837" />
  <attribute name="GC Util" value="188" />
  <attribute name="CPU Util" value="2057159627655" />
  <attribute name="Time Running"value="14703"/>
  <attribute name="Number of cores"value="4"/>
<gc-start id="2003" type="global" contextid="2002" timestamp="2019-07-02T23:30:37.174">
  <mem-info id="2004" free="447488" total="44826624" percent="0">
    <mem type="tenure" free="447488" total="44826624" percent="0">
      <mem type="soa" free="0" total="44379136" percent="0" />
      <mem type="loa" free="447488" total="447488" percent="100" />
    </mem>
  </mem-info>
</gc-start>
<allocation-stats totalBytes="26425952" >
  <allocated-bytes non-tlh="0" tlh="26425952" />
  <largest-consumer threadName="main" threadId="0000000001AB4700" bytes="26425952" />
</allocation-stats>
<gc-op id="2005" type="mark" timems="9.069" contextid="2002" timestamp="2019-07-02T23:30:37.183">
  <trace-info objectcount="599735" scancount="520981" scanbytes="13374088" />
  <finalization candidates="80" enqueued="0" />
  <ownableSynchronizers candidates="21" cleared="0" />
  <references type="soft" candidates="3261" cleared="0" enqueued="0" dynamicThreshold="19" maxThreshold="32" />
  <references type="weak" candidates="5643" cleared="0" enqueued="0" />
  <references type="phantom" candidates="101" cleared="0" enqueued="0" />
  <stringconstants candidates="13578" cleared="0"  />
</gc-op>
<gc-op id="2006" type="sweep" timems="0.526" contextid="2002" timestamp="2019-07-02T23:30:37.184" />
<gc-end id="2007" type="global" contextid="2002" durationms="10.166" usertimems="28.000" systemtimems="0.000" timestamp="2019-07-02T23:30:37.184" activeThreads="4">
  <mem-info id="2008" free="26919592" total="44826624" percent="60">
    <mem type="tenure" free="26919592" total="44826624" percent="60" micro-fragmented="0" macro-fragmented="0">
      <mem type="soa" free="26472104" total="44379136" percent="59" />
      <mem type="loa" free="447488" total="447488" percent="100" />
    </mem>
  </mem-info>
</gc-end>
<cycle-end id="2009" type="global" contextid="2002" timestamp="2019-07-02T23:30:37.184">
  <attribute name="GC Util" value="186" />
  <attribute name="CPU Util" value="1998226058382" />
  <attribute name="Time Running"value="14729"/>
  <attribute name="Number of cores"value="4"/>
</cycle-end>
<allocation-satisfied id="2010" threadId="0000000001AB4700" bytesRequested="16" />
<af-end id="2011" timestamp="2019-07-02T23:30:37.184" threadId="0000000001AB5088" success="true" />
<exclusive-end id="2012" timestamp="2019-07-02T23:30:37.185" durationms="11.295" />

<exclusive-start id="2013" timestamp="2019-07-02T23:30:37.198" intervalms="24.365">
  <response-info timems="0.248" idlems="0.248" threads="0" lastid="0000000001AB4700" lastname="main" />
</exclusive-start>
<af-start id="2014" threadId="0000000001AB5088" totalBytesRequested="24" timestamp="2019-07-02T23:30:37.198" intervalms="24.348" />
<cycle-start id="2015" type="global" contextid="0" timestamp="2019-07-02T23:30:37.198" intervalms="24.344" />
  <attribute name="GC Util" value="186" />
  <attribute name="CPU Util" value="1998226058382" />
  <attribute name="Time Running"value="14729"/>
  <attribute name="Number of cores"value="4"/>
<gc-start id="2016" type="global" contextid="2015" timestamp="2019-07-02T23:30:37.198">
  <mem-info id="2017" free="447488" total="44826624" percent="0">
    <mem type="tenure" free="447488" total="44826624" percent="0">
      <mem type="soa" free="0" total="44379136" percent="0" />
      <mem type="loa" free="447488" total="447488" percent="100" />
    </mem>
  </mem-info>
</gc-start>
<allocation-stats totalBytes="26425848" >
  <allocated-bytes non-tlh="0" tlh="26425848" />
  <largest-consumer threadName="main" threadId="0000000001AB4700" bytes="26425848" />
</allocation-stats>
<gc-op id="2018" type="mark" timems="8.851" contextid="2015" timestamp="2019-07-02T23:30:37.207">
  <trace-info objectcount="599731" scancount="520959" scanbytes="13374040" />
  <finalization candidates="80" enqueued="0" />
  <ownableSynchronizers candidates="21" cleared="0" />
  <references type="soft" candidates="3261" cleared="0" enqueued="0" dynamicThreshold="19" maxThreshold="32" />
  <references type="weak" candidates="5643" cleared="0" enqueued="0" />
  <references type="phantom" candidates="101" cleared="0" enqueued="0" />
  <stringconstants candidates="13578" cleared="0"  />
</gc-op>
<gc-op id="2019" type="sweep" timems="0.701" contextid="2015" timestamp="2019-07-02T23:30:37.208" />
<gc-end id="2020" type="global" contextid="2015" durationms="10.148" usertimems="24.000" systemtimems="0.000" timestamp="2019-07-02T23:30:37.208" activeThreads="4">
  <mem-info id="2021" free="26919560" total="44826624" percent="60">
    <mem type="tenure" free="26919560" total="44826624" percent="60" micro-fragmented="0" macro-fragmented="0">
      <mem type="soa" free="26472072" total="44379136" percent="59" />
      <mem type="loa" free="447488" total="447488" percent="100" />
    </mem>
  </mem-info>
</gc-end>
<cycle-end id="2022" type="global" contextid="2015" timestamp="2019-07-02T23:30:37.208">
  <attribute name="GC Util" value="186" />
  <attribute name="CPU Util" value="2038883987456" />
  <attribute name="Time Running"value="14753"/>
  <attribute name="Number of cores"value="4"/>
</cycle-end>
<allocation-satisfied id="2023" threadId="0000000001AB4700" bytesRequested="24" />
<af-end id="2024" timestamp="2019-07-02T23:30:37.209" threadId="0000000001AB5088" success="true" />
<exclusive-end id="2025" timestamp="2019-07-02T23:30:37.209" durationms="11.182" />

<exclusive-start id="2026" timestamp="2019-07-02T23:30:37.306" intervalms="108.305">
  <response-info timems="0.072" idlems="0.072" threads="0" lastid="0000000001AB4700" lastname="main" />
</exclusive-start>
<af-start id="2027" threadId="0000000001AB5088" totalBytesRequested="464" timestamp="2019-07-02T23:30:37.306" intervalms="108.345" />
<cycle-start id="2028" type="global" contextid="0" timestamp="2019-07-02T23:30:37.306" intervalms="108.342" />
  <attribute name="GC Util" value="186" />
  <attribute name="CPU Util" value="2038883987456" />
  <attribute name="Time Running"value="14753"/>
  <attribute name="Number of cores"value="4"/>
<gc-start id="2029" type="global" contextid="2028" timestamp="2019-07-02T23:30:37.306">
  <mem-info id="2030" free="447488" total="44826624" percent="0">
    <mem type="tenure" free="447488" total="44826624" percent="0">
      <mem type="soa" free="0" total="44379136" percent="0" />
      <mem type="loa" free="447488" total="447488" percent="100" />
    </mem>
  </mem-info>
</gc-start>
<allocation-stats totalBytes="26427408" >
  <allocated-bytes non-tlh="0" tlh="26427408" />
  <largest-consumer threadName="main" threadId="0000000001AB4700" bytes="26427408" />
</allocation-stats>
<gc-op id="2031" type="mark" timems="10.617" contextid="2028" timestamp="2019-07-02T23:30:37.317">
  <trace-info objectcount="599753" scancount="520983" scanbytes="13374584" />
  <finalization candidates="80" enqueued="0" />
  <ownableSynchronizers candidates="21" cleared="0" />
  <references type="soft" candidates="3261" cleared="0" enqueued="0" dynamicThreshold="19" maxThreshold="32" />
  <references type="weak" candidates="5643" cleared="0" enqueued="0" />
  <references type="phantom" candidates="101" cleared="0" enqueued="0" />
  <stringconstants candidates="13578" cleared="0"  />
</gc-op>
<gc-op id="2032" type="sweep" timems="0.559" contextid="2028" timestamp="2019-07-02T23:30:37.318" />
<gc-end id="2033" type="global" contextid="2028" durationms="11.834" usertimems="28.000" systemtimems="4.000" timestamp="2019-07-02T23:30:37.318" activeThreads="4">
  <mem-info id="2034" free="26918192" total="44826624" percent="60">
    <mem type="tenure" free="26918192" total="44826624" percent="60" micro-fragmented="0" macro-fragmented="0">
      <mem type="soa" free="26470704" total="44379136" percent="59" />
      <mem type="loa" free="447488" total="447488" percent="100" />
    </mem>
  </mem-info>
</gc-end>
<cycle-end id="2035" type="global" contextid="2028" timestamp="2019-07-02T23:30:37.318">
  <attribute name="GC Util" value="188" />
  <attribute name="CPU Util" value="1706687338152" />
  <attribute name="Time Running"value="14864"/>
  <attribute name="Number of cores"value="4"/>
</cycle-end>
<allocation-satisfied id="2036" threadId="0000000001AB4700" bytesRequested="464" />
<af-end id="2037" timestamp="2019-07-02T23:30:37.319" threadId="0000000001AB5088" success="true" />
<exclusive-end id="2038" timestamp="2019-07-02T23:30:37.319" durationms="12.786" />

<exclusive-start id="2039" timestamp="2019-07-02T23:30:37.369" intervalms="62.928">
  <response-info timems="0.089" idlems="0.089" threads="0" lastid="0000000001AB4700" lastname="main" />
</exclusive-start>
<af-start id="2040" threadId="0000000001AB5088" totalBytesRequested="464" timestamp="2019-07-02T23:30:37.369" intervalms="62.868" />
<cycle-start id="2041" type="global" contextid="0" timestamp="2019-07-02T23:30:37.369" intervalms="62.820" />
  <attribute name="GC Util" value="188" />
  <attribute name="CPU Util" value="1706687338152" />
  <attribute name="Time Running"value="14864"/>
  <attribute name="Number of cores"value="4"/>
<gc-start id="2042" type="global" contextid="2041" timestamp="2019-07-02T23:30:37.369">
  <mem-info id="2043" free="447488" total="44826624" percent="0">
    <mem type="tenure" free="447488" total="44826624" percent="0">
      <mem type="soa" free="0" total="44379136" percent="0" />
      <mem type="loa" free="447488" total="447488" percent="100" />
    </mem>
  </mem-info>
</gc-start>
<allocation-stats totalBytes="26454504" >
  <allocated-bytes non-tlh="0" tlh="26454504" />
  <largest-consumer threadName="main" threadId="0000000001AB4700" bytes="26454504" />
</allocation-stats>
<gc-op id="2044" type="mark" timems="10.929" contextid="2041" timestamp="2019-07-02T23:30:37.380">
  <trace-info objectcount="599754" scancount="520986" scanbytes="13374608" />
  <finalization candidates="80" enqueued="0" />
  <ownableSynchronizers candidates="21" cleared="0" />
  <references type="soft" candidates="3261" cleared="0" enqueued="0" dynamicThreshold="19" maxThreshold="32" />
  <references type="weak" candidates="5643" cleared="0" enqueued="0" />
  <references type="phantom" candidates="101" cleared="0" enqueued="0" />
  <stringconstants candidates="13578" cleared="0"  />
</gc-op>
<gc-op id="2045" type="sweep" timems="0.547" contextid="2041" timestamp="2019-07-02T23:30:37.381" />
<gc-end id="2046" type="global" contextid="2041" durationms="11.945" usertimems="32.000" systemtimems="0.000" timestamp="2019-07-02T23:30:37.381" activeThreads="4">
  <mem-info id="2047" free="26918712" total="44826624" percent="60">
    <mem type="tenure" free="26918712" total="44826624" percent="60" micro-fragmented="0" macro-fragmented="0">
      <mem type="soa" free="26471224" total="44379136" percent="59" />
      <mem type="loa" free="447488" total="447488" percent="100" />
    </mem>
  </mem-info>
</gc-end>
<cycle-end id="2048" type="global" contextid="2041" timestamp="2019-07-02T23:30:37.381">
  <attribute name="GC Util" value="191" />
  <attribute name="CPU Util" value="1666588855632" />
  <attribute name="Time Running"value="14926"/>
  <attribute name="Number of cores"value="4"/>
</cycle-end>
<allocation-satisfied id="2049" threadId="0000000001AB4700" bytesRequested="464" />
<af-end id="2050" timestamp="2019-07-02T23:30:37.382" threadId="0000000001AB5088" success="true" />
<exclusive-end id="2051" timestamp="2019-07-02T23:30:37.382" durationms="12.977" />

<exclusive-start id="2052" timestamp="2019-07-02T23:30:37.427" intervalms="58.444">
  <response-info timems="0.082" idlems="0.082" threads="0" lastid="0000000001AB4700" lastname="main" />
</exclusive-start>
<af-start id="2053" threadId="0000000001AB5088" totalBytesRequested="32" timestamp="2019-07-02T23:30:37.427" intervalms="58.446" />
<cycle-start id="2054" type="global" contextid="0" timestamp="2019-07-02T23:30:37.428" intervalms="58.441" />
  <attribute name="GC Util" value="191" />
  <attribute name="CPU Util" value="1666588855632" />
  <attribute name="Time Running"value="14926"/>
  <attribute name="Number of cores"value="4"/>
<gc-start id="2055" type="global" contextid="2054" timestamp="2019-07-02T23:30:37.428">
  <mem-info id="2056" free="447488" total="44826624" percent="0">
    <mem type="tenure" free="447488" total="44826624" percent="0">
      <mem type="soa" free="0" total="44379136" percent="0" />
      <mem type="loa" free="447488" total="447488" percent="100" />
    </mem>
  </mem-info>
</gc-start>
<allocation-stats totalBytes="26455944" >
  <allocated-bytes non-tlh="0" tlh="26455944" />
  <largest-consumer threadName="main" threadId="0000000001AB4700" bytes="26455944" />
</allocation-stats>
<gc-op id="2057" type="mark" timems="10.711" contextid="2054" timestamp="2019-07-02T23:30:37.439">
  <trace-info objectcount="599757" scancount="521007" scanbytes="13375212" />
  <finalization candidates="80" enqueued="0" />
  <ownableSynchronizers candidates="21" cleared="0" />
  <references type="soft" candidates="3261" cleared="0" enqueued="0" dynamicThreshold="19" maxThreshold="32" />
  <references type="weak" candidates="5643" cleared="0" enqueued="0" />
  <references type="phantom" candidates="101" cleared="0" enqueued="0" />
  <stringconstants candidates="13578" cleared="0"  />
</gc-op>
<gc-op id="2058" type="sweep" timems="0.535" contextid="2054" timestamp="2019-07-02T23:30:37.439" />
<gc-end id="2059" type="global" contextid="2054" durationms="11.777" usertimems="32.000" systemtimems="0.000" timestamp="2019-07-02T23:30:37.439" activeThreads="4">
  <mem-info id="2060" free="26918784" total="44826624" percent="60">
    <mem type="tenure" free="26918784" total="44826624" percent="60" micro-fragmented="0" macro-fragmented="0">
      <mem type="soa" free="26471296" total="44379136" percent="59" />
      <mem type="loa" free="447488" total="447488" percent="100" />
    </mem>
  </mem-info>
</gc-end>
<cycle-end id="2061" type="global" contextid="2054" timestamp="2019-07-02T23:30:37.440">
  <attribute name="GC Util" value="190" />
  <attribute name="CPU Util" value="1695536976347" />
  <attribute name="Time Running"value="14985"/>
  <attribute name="Number of cores"value="4"/>
</cycle-end>
<allocation-satisfied id="2062" threadId="0000000001AB4700" bytesRequested="32" />
<af-end id="2063" timestamp="2019-07-02T23:30:37.440" threadId="0000000001AB5088" success="true" />
<exclusive-end id="2064" timestamp="2019-07-02T23:30:37.440" durationms="12.744" />

<exclusive-start id="2065" timestamp="2019-07-02T23:30:37.460" intervalms="32.289">
  <response-info timems="0.079" idlems="0.079" threads="0" lastid="0000000001AB4700" lastname="main" />
</exclusive-start>
<af-start id="2066" threadId="0000000001AB5088" totalBytesRequested="32" timestamp="2019-07-02T23:30:37.460" intervalms="32.254" />
<cycle-start id="2067" type="global" contextid="0" timestamp="2019-07-02T23:30:37.460" intervalms="32.273" />
  <attribute name="GC Util" value="190" />
  <attribute name="CPU Util" value="1695536976347" />
  <attribute name="Time Running"value="14985"/>
  <attribute name="Number of cores"value="4"/>
<gc-start id="2068" type="global" contextid="2067" timestamp="2019-07-02T23:30:37.460">
  <mem-info id="2069" free="447488" total="44826624" percent="0">
    <mem type="tenure" free="447488" total="44826624" percent="0">
      <mem type="soa" free="0" total="44379136" percent="0" />
      <mem type="loa" free="447488" total="447488" percent="100" />
    </mem>
  </mem-info>
</gc-start>
<allocation-stats totalBytes="26451768" >
  <allocated-bytes non-tlh="0" tlh="26451768" />
  <largest-consumer threadName="main" threadId="0000000001AB4700" bytes="26451768" />
</allocation-stats>
<gc-op id="2070" type="mark" timems="10.821" contextid="2067" timestamp="2019-07-02T23:30:37.471">
  <trace-info objectcount="599760" scancount="520986" scanbytes="13375232" />
  <finalization candidates="80" enqueued="0" />
  <ownableSynchronizers candidates="21" cleared="0" />
  <references type="soft" candidates="3261" cleared="0" enqueued="0" dynamicThreshold="19" maxThreshold="32" />
  <references type="weak" candidates="5643" cleared="0" enqueued="0" />
  <references type="phantom" candidates="101" cleared="0" enqueued="0" />
  <stringconstants candidates="13578" cleared="0"  />
</gc-op>
<gc-op id="2071" type="sweep" timems="0.548" contextid="2067" timestamp="2019-07-02T23:30:37.472" />
<gc-end id="2072" type="global" contextid="2067" durationms="11.800" usertimems="36.000" systemtimems="0.000" timestamp="2019-07-02T23:30:37.472" activeThreads="4">
  <mem-info id="2073" free="26918560" total="44826624" percent="60">
    <mem type="tenure" free="26918560" total="44826624" percent="60" micro-fragmented="0" macro-fragmented="0">
      <mem type="soa" free="26471072" total="44379136" percent="59" />
      <mem type="loa" free="447488" total="447488" percent="100" />
    </mem>
  </mem-info>
</gc-end>
<cycle-end id="2074" type="global" contextid="2067" timestamp="2019-07-02T23:30:37.472">
  <attribute name="GC Util" value="191" />
  <attribute name="CPU Util" value="1677598024684" />
  <attribute name="Time Running"value="15017"/>
  <attribute name="Number of cores"value="4"/>
</cycle-end>
<allocation-satisfied id="2075" threadId="0000000001AB4700" bytesRequested="32" />
<af-end id="2076" timestamp="2019-07-02T23:30:37.472" threadId="0000000001AB5088" success="true" />
<exclusive-end id="2077" timestamp="2019-07-02T23:30:37.472" durationms="12.584" />

<exclusive-start id="2078" timestamp="2019-07-02T23:30:37.492" intervalms="32.350">
  <response-info timems="0.063" idlems="0.063" threads="0" lastid="0000000001AB4700" lastname="main" />
</exclusive-start>
<af-start id="2079" threadId="0000000001AB5088" totalBytesRequested="16" timestamp="2019-07-02T23:30:37.492" intervalms="32.349" />
<cycle-start id="2080" type="global" contextid="0" timestamp="2019-07-02T23:30:37.492" intervalms="32.322" />
  <attribute name="GC Util" value="191" />
  <attribute name="CPU Util" value="1677598024684" />
  <attribute name="Time Running"value="15017"/>
  <attribute name="Number of cores"value="4"/>
<gc-start id="2081" type="global" contextid="2080" timestamp="2019-07-02T23:30:37.492">
  <mem-info id="2082" free="447488" total="44826624" percent="0">
    <mem type="tenure" free="447488" total="44826624" percent="0">
      <mem type="soa" free="0" total="44379136" percent="0" />
      <mem type="loa" free="447488" total="447488" percent="100" />
    </mem>
  </mem-info>
</gc-start>
<allocation-stats totalBytes="26448920" >
  <allocated-bytes non-tlh="0" tlh="26448920" />
  <largest-consumer threadName="main" threadId="0000000001AB4700" bytes="26448920" />
</allocation-stats>
<gc-op id="2083" type="mark" timems="10.788" contextid="2080" timestamp="2019-07-02T23:30:37.503">
  <trace-info objectcount="599760" scancount="521005" scanbytes="13375484" />
  <finalization candidates="80" enqueued="0" />
  <ownableSynchronizers candidates="21" cleared="0" />
  <references type="soft" candidates="3261" cleared="0" enqueued="0" dynamicThreshold="19" maxThreshold="32" />
  <references type="weak" candidates="5643" cleared="0" enqueued="0" />
  <references type="phantom" candidates="101" cleared="0" enqueued="0" />
  <stringconstants candidates="13578" cleared="0"  />
</gc-op>
<gc-op id="2084" type="sweep" timems="0.549" contextid="2080" timestamp="2019-07-02T23:30:37.504" />
<gc-end id="2085" type="global" contextid="2080" durationms="11.850" usertimems="32.000" systemtimems="0.000" timestamp="2019-07-02T23:30:37.504" activeThreads="4">
  <mem-info id="2086" free="26918096" total="44826624" percent="60">
    <mem type="tenure" free="26918096" total="44826624" percent="60" micro-fragmented="0" macro-fragmented="0">
      <mem type="soa" free="26470608" total="44379136" percent="59" />
      <mem type="loa" free="447488" total="447488" percent="100" />
    </mem>
  </mem-info>
</gc-end>
<cycle-end id="2087" type="global" contextid="2080" timestamp="2019-07-02T23:30:37.504">
  <attribute name="GC Util" value="189" />
  <attribute name="CPU Util" value="1678691410056" />
  <attribute name="Time Running"value="15049"/>
  <attribute name="Number of cores"value="4"/>
</cycle-end>
<allocation-satisfied id="2088" threadId="0000000001AB4700" bytesRequested="16" />
<af-end id="2089" timestamp="2019-07-02T23:30:37.504" threadId="0000000001AB5088" success="true" />
<exclusive-end id="2090" timestamp="2019-07-02T23:30:37.505" durationms="12.649" />

<exclusive-start id="2091" timestamp="2019-07-02T23:30:37.552" intervalms="60.073">
  <response-info timems="0.068" idlems="0.068" threads="0" lastid="0000000001AB4700" lastname="main" />
</exclusive-start>
<af-start id="2092" threadId="0000000001AB5088" totalBytesRequested="16" timestamp="2019-07-02T23:30:37.552" intervalms="60.147" />
<cycle-start id="2093" type="global" contextid="0" timestamp="2019-07-02T23:30:37.552" intervalms="60.192" />
  <attribute name="GC Util" value="189" />
  <attribute name="CPU Util" value="1678691410056" />
  <attribute name="Time Running"value="15049"/>
  <attribute name="Number of cores"value="4"/>
<gc-start id="2094" type="global" contextid="2093" timestamp="2019-07-02T23:30:37.552">
  <mem-info id="2095" free="447488" total="44826624" percent="0">
    <mem type="tenure" free="447488" total="44826624" percent="0">
      <mem type="soa" free="0" total="44379136" percent="0" />
      <mem type="loa" free="447488" total="447488" percent="100" />
    </mem>
  </mem-info>
</gc-start>
<allocation-stats totalBytes="26444536" >
  <allocated-bytes non-tlh="25896" tlh="26418640" />
  <largest-consumer threadName="main" threadId="0000000001AB4700" bytes="26444536" />
</allocation-stats>
<gc-op id="2096" type="mark" timems="13.932" contextid="2093" timestamp="2019-07-02T23:30:37.567">
  <trace-info objectcount="598121" scancount="519498" scanbytes="13329064" />
  <finalization candidates="80" enqueued="0" />
  <ownableSynchronizers candidates="21" cleared="0" />
  <references type="soft" candidates="3277" cleared="1422" enqueued="711" dynamicThreshold="19" maxThreshold="32" />
  <references type="weak" candidates="5705" cleared="10" enqueued="7" />
  <references type="phantom" candidates="101" cleared="0" enqueued="0" />
  <stringconstants candidates="13620" cleared="393"  />
</gc-op>
<gc-op id="2097" type="classunload" timems="0.393" contextid="2093" timestamp="2019-07-02T23:30:37.567">
  <classunload-info classloadercandidates="56" classloadersunloaded="3" classesunloaded="3" anonymousclassesunloaded="0" quiescems="0.000" setupms="0.376" scanms="0.014" postms="0.003" />
</gc-op>
<gc-op id="2098" type="sweep" timems="0.592" contextid="2093" timestamp="2019-07-02T23:30:37.568" />
<heap-resize id="2099" type="expand" space="tenure" amount="1048576" count="1" timems="0.017" reason="excessive time being spent in gc" timestamp="2019-07-02T23:30:37.568" />
<gc-end id="2100" type="global" contextid="2093" durationms="15.661" usertimems="32.000" systemtimems="0.000" timestamp="2019-07-02T23:30:37.568" activeThreads="4">
  <mem-info id="2101" free="27848512" total="45875200" percent="60">
    <mem type="tenure" free="27848512" total="45875200" percent="60" micro-fragmented="81698" macro-fragmented="0">
      <mem type="soa" free="27389760" total="45416448" percent="60" />
      <mem type="loa" free="458752" total="458752" percent="100" />
    </mem>
    <pending-finalizers system="0" default="0" reference="718" classloader="0" />
  </mem-info>
</gc-end>
<cycle-end id="2102" type="global" contextid="2093" timestamp="2019-07-02T23:30:37.568">
  <attribute name="GC Util" value="176" />
  <attribute name="CPU Util" value="1261278295667" />
  <attribute name="Time Running"value="15113"/>
  <attribute name="Number of cores"value="4"/>
</cycle-end>
<allocation-satisfied id="2103" threadId="0000000001AB4700" bytesRequested="16" />
<af-end id="2104" timestamp="2019-07-02T23:30:37.568" threadId="0000000001AB5088" success="true" />
<exclusive-end id="2105" timestamp="2019-07-02T23:30:37.569" durationms="16.537" />

<exclusive-start id="2106" timestamp="2019-07-02T23:30:37.624" intervalms="72.073">
  <response-info timems="0.236" idlems="0.236" threads="0" lastid="0000000001AB4700" lastname="main" />
</exclusive-start>
<af-start id="2107" threadId="0000000001AB5088" totalBytesRequested="1008" timestamp="2019-07-02T23:30:37.624" intervalms="72.125" />
<cycle-start id="2108" type="global" contextid="0" timestamp="2019-07-02T23:30:37.625" intervalms="72.185" />
  <attribute name="GC Util" value="176" />
  <attribute name="CPU Util" value="1261278295667" />
  <attribute name="Time Running"value="15113"/>
  <attribute name="Number of cores"value="4"/>
<gc-start id="2109" type="global" contextid="2108" timestamp="2019-07-02T23:30:37.625">
  <mem-info id="2110" free="458752" total="45875200" percent="1">
    <mem type="tenure" free="458752" total="45875200" percent="1">
      <mem type="soa" free="0" total="45416448" percent="0" />
      <mem type="loa" free="458752" total="458752" percent="100" />
    </mem>
  </mem-info>
</gc-start>
<allocation-stats totalBytes="27326152" >
  <allocated-bytes non-tlh="11104" tlh="27315048" />
  <largest-consumer threadName="main" threadId="0000000001AB4700" bytes="27286760" />
</allocation-stats>
<gc-op id="2111" type="mark" timems="9.455" contextid="2108" timestamp="2019-07-02T23:30:37.634">
  <trace-info objectcount="598109" scancount="519464" scanbytes="13331832" />
  <finalization candidates="80" enqueued="0" />
  <ownableSynchronizers candidates="21" cleared="0" />
  <references type="soft" candidates="1855" cleared="0" enqueued="0" dynamicThreshold="19" maxThreshold="32" />
  <references type="weak" candidates="5695" cleared="0" enqueued="0" />
  <references type="phantom" candidates="101" cleared="0" enqueued="0" />
  <stringconstants candidates="13227" cleared="0"  />
</gc-op>
<gc-op id="2112" type="sweep" timems="0.623" contextid="2108" timestamp="2019-07-02T23:30:37.635" />
<gc-end id="2113" type="global" contextid="2108" durationms="10.733" usertimems="28.000" systemtimems="0.000" timestamp="2019-07-02T23:30:37.635" activeThreads="4">
  <mem-info id="2114" free="27851416" total="45875200" percent="60">
    <mem type="tenure" free="27851416" total="45875200" percent="60" micro-fragmented="86951" macro-fragmented="0">
      <mem type="soa" free="27392664" total="45416448" percent="60" />
      <mem type="loa" free="458752" total="458752" percent="100" />
    </mem>
  </mem-info>
</gc-end>
<cycle-end id="2115" type="global" contextid="2108" timestamp="2019-07-02T23:30:37.636">
  <attribute name="GC Util" value="183" />
  <attribute name="CPU Util" value="1914664353841" />
  <attribute name="Time Running"value="15181"/>
  <attribute name="Number of cores"value="4"/>
</cycle-end>
<allocation-satisfied id="2116" threadId="0000000001AB4700" bytesRequested="1008" />
<af-end id="2117" timestamp="2019-07-02T23:30:37.636" threadId="0000000001AB5088" success="true" />
<exclusive-end id="2118" timestamp="2019-07-02T23:30:37.636" durationms="11.974" />

<exclusive-start id="2119" timestamp="2019-07-02T23:30:37.682" intervalms="57.747">
  <response-info timems="0.081" idlems="0.081" threads="0" lastid="0000000001AB4700" lastname="main" />
</exclusive-start>
<af-start id="2120" threadId="0000000001AB5088" totalBytesRequested="1016" timestamp="2019-07-02T23:30:37.682" intervalms="57.703" />
<cycle-start id="2121" type="global" contextid="0" timestamp="2019-07-02T23:30:37.682" intervalms="57.667" />
  <attribute name="GC Util" value="183" />
  <attribute name="CPU Util" value="1914664353841" />
  <attribute name="Time Running"value="15181"/>
  <attribute name="Number of cores"value="4"/>
<gc-start id="2122" type="global" contextid="2121" timestamp="2019-07-02T23:30:37.682">
  <mem-info id="2123" free="458752" total="45875200" percent="1">
    <mem type="tenure" free="458752" total="45875200" percent="1">
      <mem type="soa" free="0" total="45416448" percent="0" />
      <mem type="loa" free="458752" total="458752" percent="100" />
    </mem>
  </mem-info>
</gc-start>
<allocation-stats totalBytes="27332640" >
  <allocated-bytes non-tlh="10096" tlh="27322544" />
  <largest-consumer threadName="main" threadId="0000000001AB4700" bytes="27332640" />
</allocation-stats>
<gc-op id="2124" type="mark" timems="9.618" contextid="2121" timestamp="2019-07-02T23:30:37.692">
  <trace-info objectcount="598110" scancount="519479" scanbytes="13331832" />
  <finalization candidates="80" enqueued="0" />
  <ownableSynchronizers candidates="21" cleared="0" />
  <references type="soft" candidates="1855" cleared="0" enqueued="0" dynamicThreshold="19" maxThreshold="32" />
  <references type="weak" candidates="5695" cleared="0" enqueued="0" />
  <references type="phantom" candidates="101" cleared="0" enqueued="0" />
  <stringconstants candidates="13227" cleared="0"  />
</gc-op>
<gc-op id="2125" type="sweep" timems="0.618" contextid="2121" timestamp="2019-07-02T23:30:37.693" />
<gc-end id="2126" type="global" contextid="2121" durationms="10.729" usertimems="24.000" systemtimems="4.000" timestamp="2019-07-02T23:30:37.693" activeThreads="4">
  <mem-info id="2127" free="27850128" total="45875200" percent="60">
    <mem type="tenure" free="27850128" total="45875200" percent="60" micro-fragmented="86951" macro-fragmented="0">
      <mem type="soa" free="27391376" total="45416448" percent="60" />
      <mem type="loa" free="458752" total="458752" percent="100" />
    </mem>
  </mem-info>
</gc-end>
<cycle-end id="2128" type="global" contextid="2121" timestamp="2019-07-02T23:30:37.693">
  <attribute name="GC Util" value="189" />
  <attribute name="CPU Util" value="1881075823084" />
  <attribute name="Time Running"value="15238"/>
  <attribute name="Number of cores"value="4"/>
</cycle-end>
<allocation-satisfied id="2129" threadId="0000000001AB4700" bytesRequested="1016" />
<af-end id="2130" timestamp="2019-07-02T23:30:37.694" threadId="0000000001AB5088" success="true" />
<exclusive-end id="2131" timestamp="2019-07-02T23:30:37.694" durationms="11.833" />

<exclusive-start id="2132" timestamp="2019-07-02T23:30:37.834" intervalms="152.265">
  <response-info timems="0.090" idlems="0.090" threads="0" lastid="0000000001AB4700" lastname="main" />
</exclusive-start>
<af-start id="2133" threadId="0000000001AB5088" totalBytesRequested="32" timestamp="2019-07-02T23:30:37.834" intervalms="152.341" />
<cycle-start id="2134" type="global" contextid="0" timestamp="2019-07-02T23:30:37.835" intervalms="152.374" />
  <attribute name="GC Util" value="189" />
  <attribute name="CPU Util" value="1881075823084" />
  <attribute name="Time Running"value="15238"/>
  <attribute name="Number of cores"value="4"/>
<gc-start id="2135" type="global" contextid="2134" timestamp="2019-07-02T23:30:37.835">
  <mem-info id="2136" free="458752" total="45875200" percent="1">
    <mem type="tenure" free="458752" total="45875200" percent="1">
      <mem type="soa" free="0" total="45416448" percent="0" />
      <mem type="loa" free="458752" total="458752" percent="100" />
    </mem>
  </mem-info>
</gc-start>
<allocation-stats totalBytes="27360976" >
  <allocated-bytes non-tlh="0" tlh="27360976" />
  <largest-consumer threadName="main" threadId="0000000001AB4700" bytes="27360976" />
</allocation-stats>
<gc-op id="2137" type="mark" timems="11.838" contextid="2134" timestamp="2019-07-02T23:30:37.847">
  <trace-info objectcount="598117" scancount="519475" scanbytes="13332152" />
  <finalization candidates="80" enqueued="0" />
  <ownableSynchronizers candidates="21" cleared="0" />
  <references type="soft" candidates="1855" cleared="0" enqueued="0" dynamicThreshold="19" maxThreshold="32" />
  <references type="weak" candidates="5705" cleared="0" enqueued="0" />
  <references type="phantom" candidates="101" cleared="0" enqueued="0" />
  <stringconstants candidates="13227" cleared="0"  />
</gc-op>
<gc-op id="2138" type="sweep" timems="0.644" contextid="2134" timestamp="2019-07-02T23:30:37.848" />
<gc-end id="2139" type="global" contextid="2134" durationms="13.157" usertimems="28.000" systemtimems="0.000" timestamp="2019-07-02T23:30:37.848" activeThreads="4">
  <mem-info id="2140" free="27853560" total="45875200" percent="60">
    <mem type="tenure" free="27853560" total="45875200" percent="60" micro-fragmented="79644" macro-fragmented="0">
      <mem type="soa" free="27394808" total="45416448" percent="60" />
      <mem type="loa" free="458752" total="458752" percent="100" />
    </mem>
  </mem-info>
</gc-end>
<cycle-end id="2141" type="global" contextid="2134" timestamp="2019-07-02T23:30:37.848">
  <attribute name="GC Util" value="214" />
  <attribute name="CPU Util" value="1533109816172" />
  <attribute name="Time Running"value="15393"/>
  <attribute name="Number of cores"value="4"/>
</cycle-end>
<allocation-satisfied id="2142" threadId="0000000001AB4700" bytesRequested="32" />
<af-end id="2143" timestamp="2019-07-02T23:30:37.848" threadId="0000000001AB5088" success="true" />
<exclusive-end id="2144" timestamp="2019-07-02T23:30:37.848" durationms="14.339" />

<exclusive-start id="2145" timestamp="2019-07-02T23:30:38.002" intervalms="168.395">
  <response-info timems="0.080" idlems="0.080" threads="0" lastid="0000000001AB4700" lastname="main" />
</exclusive-start>
<af-start id="2146" threadId="0000000001AB5088" totalBytesRequested="80" timestamp="2019-07-02T23:30:38.003" intervalms="168.342" />
<cycle-start id="2147" type="global" contextid="0" timestamp="2019-07-02T23:30:38.003" intervalms="168.286" />
  <attribute name="GC Util" value="214" />
  <attribute name="CPU Util" value="1533109816172" />
  <attribute name="Time Running"value="15393"/>
  <attribute name="Number of cores"value="4"/>
<gc-start id="2148" type="global" contextid="2147" timestamp="2019-07-02T23:30:38.003">
  <mem-info id="2149" free="458752" total="45875200" percent="1">
    <mem type="tenure" free="458752" total="45875200" percent="1">
      <mem type="soa" free="0" total="45416448" percent="0" />
      <mem type="loa" free="458752" total="458752" percent="100" />
    </mem>
  </mem-info>
</gc-start>
<allocation-stats totalBytes="27390648" >
  <allocated-bytes non-tlh="0" tlh="27390648" />
  <largest-consumer threadName="main" threadId="0000000001AB4700" bytes="27390648" />
</allocation-stats>
<gc-op id="2150" type="mark" timems="8.441" contextid="2147" timestamp="2019-07-02T23:30:38.012">
  <trace-info objectcount="598135" scancount="519512" scanbytes="13332724" />
  <finalization candidates="80" enqueued="0" />
  <ownableSynchronizers candidates="21" cleared="0" />
  <references type="soft" candidates="1855" cleared="0" enqueued="0" dynamicThreshold="19" maxThreshold="32" />
  <references type="weak" candidates="5719" cleared="0" enqueued="0" />
  <references type="phantom" candidates="101" cleared="0" enqueued="0" />
  <stringconstants candidates="13227" cleared="0"  />
</gc-op>
<gc-op id="2151" type="sweep" timems="0.638" contextid="2147" timestamp="2019-07-02T23:30:38.012" />
<gc-end id="2152" type="global" contextid="2147" durationms="9.687" usertimems="32.000" systemtimems="0.000" timestamp="2019-07-02T23:30:38.013" activeThreads="4">
  <mem-info id="2153" free="27852800" total="45875200" percent="60">
    <mem type="tenure" free="27852800" total="45875200" percent="60" micro-fragmented="81010" macro-fragmented="0">
      <mem type="soa" free="27394048" total="45416448" percent="60" />
      <mem type="loa" free="458752" total="458752" percent="100" />
    </mem>
  </mem-info>
</gc-end>
<cycle-end id="2154" type="global" contextid="2147" timestamp="2019-07-02T23:30:38.013">
  <attribute name="GC Util" value="274" />
  <attribute name="CPU Util" value="2141723496469" />
  <attribute name="Time Running"value="15558"/>
  <attribute name="Number of cores"value="4"/>
</cycle-end>
<allocation-satisfied id="2155" threadId="0000000001AB4700" bytesRequested="80" />
<af-end id="2156" timestamp="2019-07-02T23:30:38.013" threadId="0000000001AB5088" success="true" />
<exclusive-end id="2157" timestamp="2019-07-02T23:30:38.013" durationms="10.630" />

<exclusive-start id="2158" timestamp="2019-07-02T23:30:38.089" intervalms="86.802">
  <response-info timems="0.091" idlems="0.091" threads="0" lastid="0000000001AB4700" lastname="main" />
</exclusive-start>
<af-start id="2159" threadId="0000000001AB5088" totalBytesRequested="80" timestamp="2019-07-02T23:30:38.089" intervalms="86.759" />
<cycle-start id="2160" type="global" contextid="0" timestamp="2019-07-02T23:30:38.090" intervalms="86.726" />
  <attribute name="GC Util" value="274" />
  <attribute name="CPU Util" value="2141723496469" />
  <attribute name="Time Running"value="15558"/>
  <attribute name="Number of cores"value="4"/>
<gc-start id="2161" type="global" contextid="2160" timestamp="2019-07-02T23:30:38.090">
  <mem-info id="2162" free="458752" total="45875200" percent="1">
    <mem type="tenure" free="458752" total="45875200" percent="1">
      <mem type="soa" free="0" total="45416448" percent="0" />
      <mem type="loa" free="458752" total="458752" percent="100" />
    </mem>
  </mem-info>
</gc-start>
<allocation-stats totalBytes="27388704" >
  <allocated-bytes non-tlh="0" tlh="27388704" />
  <largest-consumer threadName="main" threadId="0000000001AB4700" bytes="27388704" />
</allocation-stats>
<gc-op id="2163" type="mark" timems="8.368" contextid="2160" timestamp="2019-07-02T23:30:38.098">
  <trace-info objectcount="598136" scancount="519492" scanbytes="13332804" />
  <finalization candidates="80" enqueued="0" />
  <ownableSynchronizers candidates="21" cleared="0" />
  <references type="soft" candidates="1855" cleared="0" enqueued="0" dynamicThreshold="19" maxThreshold="32" />
  <references type="weak" candidates="5719" cleared="0" enqueued="0" />
  <references type="phantom" candidates="101" cleared="0" enqueued="0" />
  <stringconstants candidates="13227" cleared="0"  />
</gc-op>
<gc-op id="2164" type="sweep" timems="0.618" contextid="2160" timestamp="2019-07-02T23:30:38.099" />
<gc-end id="2165" type="global" contextid="2160" durationms="9.498" usertimems="28.000" systemtimems="4.000" timestamp="2019-07-02T23:30:38.099" activeThreads="4">
  <mem-info id="2166" free="27852632" total="45875200" percent="60">
    <mem type="tenure" free="27852632" total="45875200" percent="60" micro-fragmented="81010" macro-fragmented="0">
      <mem type="soa" free="27393880" total="45416448" percent="60" />
      <mem type="loa" free="458752" total="458752" percent="100" />
    </mem>
  </mem-info>
</gc-end>
<cycle-end id="2167" type="global" contextid="2160" timestamp="2019-07-02T23:30:38.099">
  <attribute name="GC Util" value="279" />
  <attribute name="CPU Util" value="2165797617454" />
  <attribute name="Time Running"value="15644"/>
  <attribute name="Number of cores"value="4"/>
</cycle-end>
<allocation-satisfied id="2168" threadId="0000000001AB4700" bytesRequested="80" />
<af-end id="2169" timestamp="2019-07-02T23:30:38.100" threadId="0000000001AB5088" success="true" />
<exclusive-end id="2170" timestamp="2019-07-02T23:30:38.100" durationms="10.342" />

<exclusive-start id="2171" timestamp="2019-07-02T23:30:38.175" intervalms="85.901">
  <response-info timems="0.082" idlems="0.082" threads="0" lastid="0000000001AB4700" lastname="main" />
</exclusive-start>
<af-start id="2172" threadId="0000000001AB5088" totalBytesRequested="24" timestamp="2019-07-02T23:30:38.175" intervalms="85.905" />
<cycle-start id="2173" type="global" contextid="0" timestamp="2019-07-02T23:30:38.175" intervalms="85.924" />
  <attribute name="GC Util" value="279" />
  <attribute name="CPU Util" value="2165797617454" />
  <attribute name="Time Running"value="15644"/>
  <attribute name="Number of cores"value="4"/>
<gc-start id="2174" type="global" contextid="2173" timestamp="2019-07-02T23:30:38.176">
  <mem-info id="2175" free="458752" total="45875200" percent="1">
    <mem type="tenure" free="458752" total="45875200" percent="1">
      <mem type="soa" free="0" total="45416448" percent="0" />
      <mem type="loa" free="458752" total="458752" percent="100" />
    </mem>
  </mem-info>
</gc-start>
<allocation-stats totalBytes="27388736" >
  <allocated-bytes non-tlh="0" tlh="27388736" />
  <largest-consumer threadName="main" threadId="0000000001AB4700" bytes="27388736" />
</allocation-stats>
<gc-op id="2176" type="mark" timems="7.577" contextid="2173" timestamp="2019-07-02T23:30:38.183">
  <trace-info objectcount="598140" scancount="519527" scanbytes="13333016" />
  <finalization candidates="80" enqueued="0" />
  <ownableSynchronizers candidates="21" cleared="0" />
  <references type="soft" candidates="1855" cleared="0" enqueued="0" dynamicThreshold="19" maxThreshold="32" />
  <references type="weak" candidates="5719" cleared="0" enqueued="0" />
  <references type="phantom" candidates="101" cleared="0" enqueued="0" />
  <stringconstants candidates="13227" cleared="0"  />
</gc-op>
<gc-op id="2177" type="sweep" timems="0.634" contextid="2173" timestamp="2019-07-02T23:30:38.184" />
<gc-end id="2178" type="global" contextid="2173" durationms="8.801" usertimems="28.000" systemtimems="0.000" timestamp="2019-07-02T23:30:38.184" activeThreads="4">
  <mem-info id="2179" free="27852320" total="45875200" percent="60">
    <mem type="tenure" free="27852320" total="45875200" percent="60" micro-fragmented="81010" macro-fragmented="0">
      <mem type="soa" free="27393568" total="45416448" percent="60" />
      <mem type="loa" free="458752" total="458752" percent="100" />
    </mem>
  </mem-info>
</gc-end>
<cycle-end id="2180" type="global" contextid="2173" timestamp="2019-07-02T23:30:38.185">
  <attribute name="GC Util" value="269" />
  <attribute name="CPU Util" value="2375967261833" />
  <attribute name="Time Running"value="15730"/>
  <attribute name="Number of cores"value="4"/>
</cycle-end>
<allocation-satisfied id="2181" threadId="0000000001AB4700" bytesRequested="24" />
<af-end id="2182" timestamp="2019-07-02T23:30:38.185" threadId="0000000001AB5088" success="true" />
<exclusive-end id="2183" timestamp="2019-07-02T23:30:38.185" durationms="9.742" />

<exclusive-start id="2184" timestamp="2019-07-02T23:30:38.260" intervalms="85.130">
  <response-info timems="0.076" idlems="0.076" threads="0" lastid="0000000001AB4700" lastname="main" />
</exclusive-start>
<af-start id="2185" threadId="0000000001AB5088" totalBytesRequested="16" timestamp="2019-07-02T23:30:38.260" intervalms="85.112" />
<cycle-start id="2186" type="global" contextid="0" timestamp="2019-07-02T23:30:38.261" intervalms="85.094" />
  <attribute name="GC Util" value="269" />
  <attribute name="CPU Util" value="2375967261833" />
  <attribute name="Time Running"value="15730"/>
  <attribute name="Number of cores"value="4"/>
<gc-start id="2187" type="global" contextid="2186" timestamp="2019-07-02T23:30:38.261">
  <mem-info id="2188" free="458752" total="45875200" percent="1">
    <mem type="tenure" free="458752" total="45875200" percent="1">
      <mem type="soa" free="0" total="45416448" percent="0" />
      <mem type="loa" free="458752" total="458752" percent="100" />
    </mem>
  </mem-info>
</gc-start>
<allocation-stats totalBytes="27388200" >
  <allocated-bytes non-tlh="0" tlh="27388200" />
  <largest-consumer threadName="main" threadId="0000000001AB4700" bytes="27388200" />
</allocation-stats>
<gc-op id="2189" type="mark" timems="9.247" contextid="2186" timestamp="2019-07-02T23:30:38.270">
  <trace-info objectcount="598141" scancount="519500" scanbytes="13332968" />
  <finalization candidates="80" enqueued="0" />
  <ownableSynchronizers candidates="21" cleared="0" />
  <references type="soft" candidates="1855" cleared="0" enqueued="0" dynamicThreshold="19" maxThreshold="32" />
  <references type="weak" candidates="5719" cleared="0" enqueued="0" />
  <references type="phantom" candidates="101" cleared="0" enqueued="0" />
  <stringconstants candidates="13227" cleared="0"  />
</gc-op>
<gc-op id="2190" type="sweep" timems="0.599" contextid="2186" timestamp="2019-07-02T23:30:38.271" />
<gc-end id="2191" type="global" contextid="2186" durationms="10.242" usertimems="28.000" systemtimems="0.000" timestamp="2019-07-02T23:30:38.271" activeThreads="4">
  <mem-info id="2192" free="27851912" total="45875200" percent="60">
    <mem type="tenure" free="27851912" total="45875200" percent="60" micro-fragmented="81010" macro-fragmented="0">
      <mem type="soa" free="27393160" total="45416448" percent="60" />
      <mem type="loa" free="458752" total="458752" percent="100" />
    </mem>
  </mem-info>
</gc-end>
<cycle-end id="2193" type="global" contextid="2186" timestamp="2019-07-02T23:30:38.271">
  <attribute name="GC Util" value="189" />
  <attribute name="CPU Util" value="1965419945441" />
  <attribute name="Time Running"value="15816"/>
  <attribute name="Number of cores"value="4"/>
</cycle-end>
<allocation-satisfied id="2194" threadId="0000000001AB4700" bytesRequested="16" />
<af-end id="2195" timestamp="2019-07-02T23:30:38.271" threadId="0000000001AB5088" success="true" />
<exclusive-end id="2196" timestamp="2019-07-02T23:30:38.271" durationms="11.033" />

<exclusive-start id="2197" timestamp="2019-07-02T23:30:38.342" intervalms="81.617">
  <response-info timems="0.097" idlems="0.097" threads="0" lastid="0000000001AB4700" lastname="main" />
</exclusive-start>
<af-start id="2198" threadId="0000000001AB5088" totalBytesRequested="80" timestamp="2019-07-02T23:30:38.342" intervalms="81.644" />
<cycle-start id="2199" type="global" contextid="0" timestamp="2019-07-02T23:30:38.342" intervalms="81.648" />
  <attribute name="GC Util" value="189" />
  <attribute name="CPU Util" value="1965419945441" />
  <attribute name="Time Running"value="15816"/>
  <attribute name="Number of cores"value="4"/>
<gc-start id="2200" type="global" contextid="2199" timestamp="2019-07-02T23:30:38.342">
  <mem-info id="2201" free="458752" total="45875200" percent="1">
    <mem type="tenure" free="458752" total="45875200" percent="1">
      <mem type="soa" free="0" total="45416448" percent="0" />
      <mem type="loa" free="458752" total="458752" percent="100" />
    </mem>
  </mem-info>
</gc-start>
<allocation-stats totalBytes="27387840" >
  <allocated-bytes non-tlh="0" tlh="27387840" />
  <largest-consumer threadName="main" threadId="0000000001AB4700" bytes="27387840" />
</allocation-stats>
<gc-op id="2202" type="mark" timems="8.756" contextid="2199" timestamp="2019-07-02T23:30:38.351">
  <trace-info objectcount="598146" scancount="519509" scanbytes="13333136" />
  <finalization candidates="80" enqueued="0" />
  <ownableSynchronizers candidates="21" cleared="0" />
  <references type="soft" candidates="1855" cleared="0" enqueued="0" dynamicThreshold="19" maxThreshold="32" />
  <references type="weak" candidates="5719" cleared="0" enqueued="0" />
  <references type="phantom" candidates="101" cleared="0" enqueued="0" />
  <stringconstants candidates="13227" cleared="0"  />
</gc-op>
<gc-op id="2203" type="sweep" timems="0.605" contextid="2199" timestamp="2019-07-02T23:30:38.352" />
<gc-end id="2204" type="global" contextid="2199" durationms="9.744" usertimems="24.000" systemtimems="0.000" timestamp="2019-07-02T23:30:38.352" activeThreads="4">
  <mem-info id="2205" free="27852256" total="45875200" percent="60">
    <mem type="tenure" free="27852256" total="45875200" percent="60" micro-fragmented="81060" macro-fragmented="0">
      <mem type="soa" free="27393504" total="45416448" percent="60" />
      <mem type="loa" free="458752" total="458752" percent="100" />
    </mem>
  </mem-info>
</gc-end>
<cycle-end id="2206" type="global" contextid="2199" timestamp="2019-07-02T23:30:38.352">
  <attribute name="GC Util" value="187" />
  <attribute name="CPU Util" value="2073142325527" />
  <attribute name="Time Running"value="15897"/>
  <attribute name="Number of cores"value="4"/>
</cycle-end>
<allocation-satisfied id="2207" threadId="0000000001AB4700" bytesRequested="80" />
<af-end id="2208" timestamp="2019-07-02T23:30:38.352" threadId="0000000001AB5088" success="true" />
<exclusive-end id="2209" timestamp="2019-07-02T23:30:38.353" durationms="10.651" />

<exclusive-start id="2210" timestamp="2019-07-02T23:30:38.419" intervalms="77.260">
  <response-info timems="0.090" idlems="0.090" threads="0" lastid="0000000001AB4700" lastname="main" />
</exclusive-start>
<af-start id="2211" threadId="0000000001AB5088" totalBytesRequested="40" timestamp="2019-07-02T23:30:38.419" intervalms="77.275" />
<cycle-start id="2212" type="global" contextid="0" timestamp="2019-07-02T23:30:38.420" intervalms="77.279" />
  <attribute name="GC Util" value="187" />
  <attribute name="CPU Util" value="2073142325527" />
  <attribute name="Time Running"value="15897"/>
  <attribute name="Number of cores"value="4"/>
<gc-start id="2213" type="global" contextid="2212" timestamp="2019-07-02T23:30:38.420">
  <mem-info id="2214" free="458752" total="45875200" percent="1">
    <mem type="tenure" free="458752" total="45875200" percent="1">
      <mem type="soa" free="0" total="45416448" percent="0" />
      <mem type="loa" free="458752" total="458752" percent="100" />
    </mem>
  </mem-info>
</gc-start>
<allocation-stats totalBytes="27388088" >
  <allocated-bytes non-tlh="0" tlh="27388088" />
  <largest-consumer threadName="main" threadId="0000000001AB4700" bytes="27388088" />
</allocation-stats>
<gc-op id="2215" type="mark" timems="8.829" contextid="2212" timestamp="2019-07-02T23:30:38.429">
  <trace-info objectcount="598137" scancount="519505" scanbytes="13332888" />
  <finalization candidates="80" enqueued="0" />
  <ownableSynchronizers candidates="21" cleared="0" />
  <references type="soft" candidates="1855" cleared="0" enqueued="0" dynamicThreshold="19" maxThreshold="32" />
  <references type="weak" candidates="5719" cleared="0" enqueued="0" />
  <references type="phantom" candidates="101" cleared="0" enqueued="0" />
  <stringconstants candidates="13227" cleared="0"  />
</gc-op>
<gc-op id="2216" type="sweep" timems="0.658" contextid="2212" timestamp="2019-07-02T23:30:38.430" />
<gc-end id="2217" type="global" contextid="2212" durationms="9.975" usertimems="24.000" systemtimems="0.000" timestamp="2019-07-02T23:30:38.430" activeThreads="4">
  <mem-info id="2218" free="27852640" total="45875200" percent="60">
    <mem type="tenure" free="27852640" total="45875200" percent="60" micro-fragmented="81010" macro-fragmented="0">
      <mem type="soa" free="27393888" total="45416448" percent="60" />
      <mem type="loa" free="458752" total="458752" percent="100" />
    </mem>
  </mem-info>
</gc-end>
<cycle-end id="2219" type="global" contextid="2212" timestamp="2019-07-02T23:30:38.430">
  <attribute name="GC Util" value="187" />
  <attribute name="CPU Util" value="2052558752337" />
  <attribute name="Time Running"value="15975"/>
  <attribute name="Number of cores"value="4"/>
</cycle-end>
<allocation-satisfied id="2220" threadId="0000000001AB4700" bytesRequested="40" />
<af-end id="2221" timestamp="2019-07-02T23:30:38.430" threadId="0000000001AB5088" success="true" />
<exclusive-end id="2222" timestamp="2019-07-02T23:30:38.430" durationms="10.904" />

<exclusive-start id="2223" timestamp="2019-07-02T23:30:38.494" intervalms="75.190">
  <response-info timems="0.079" idlems="0.079" threads="0" lastid="0000000001AB4700" lastname="main" />
</exclusive-start>
<af-start id="2224" threadId="0000000001AB5088" totalBytesRequested="80" timestamp="2019-07-02T23:30:38.495" intervalms="75.137" />
<cycle-start id="2225" type="global" contextid="0" timestamp="2019-07-02T23:30:38.495" intervalms="75.095" />
  <attribute name="GC Util" value="187" />
  <attribute name="CPU Util" value="2052558752337" />
  <attribute name="Time Running"value="15975"/>
  <attribute name="Number of cores"value="4"/>
<gc-start id="2226" type="global" contextid="2225" timestamp="2019-07-02T23:30:38.495">
  <mem-info id="2227" free="458752" total="45875200" percent="1">
    <mem type="tenure" free="458752" total="45875200" percent="1">
      <mem type="soa" free="0" total="45416448" percent="0" />
      <mem type="loa" free="458752" total="458752" percent="100" />
    </mem>
  </mem-info>
</gc-start>
<allocation-stats totalBytes="27388488" >
  <allocated-bytes non-tlh="0" tlh="27388488" />
  <largest-consumer threadName="main" threadId="0000000001AB4700" bytes="27388488" />
</allocation-stats>
<gc-op id="2228" type="mark" timems="9.101" contextid="2225" timestamp="2019-07-02T23:30:38.504">
  <trace-info objectcount="598135" scancount="519507" scanbytes="13332724" />
  <finalization candidates="80" enqueued="0" />
  <ownableSynchronizers candidates="21" cleared="0" />
  <references type="soft" candidates="1855" cleared="0" enqueued="0" dynamicThreshold="19" maxThreshold="32" />
  <references type="weak" candidates="5719" cleared="0" enqueued="0" />
  <references type="phantom" candidates="101" cleared="0" enqueued="0" />
  <stringconstants candidates="13227" cleared="0"  />
</gc-op>
<gc-op id="2229" type="sweep" timems="0.673" contextid="2225" timestamp="2019-07-02T23:30:38.505" />
<gc-end id="2230" type="global" contextid="2225" durationms="10.180" usertimems="28.000" systemtimems="0.000" timestamp="2019-07-02T23:30:38.505" activeThreads="4">
  <mem-info id="2231" free="27852600" total="45875200" percent="60">
    <mem type="tenure" free="27852600" total="45875200" percent="60" micro-fragmented="81010" macro-fragmented="0">
      <mem type="soa" free="27393848" total="45416448" percent="60" />
      <mem type="loa" free="458752" total="458752" percent="100" />
    </mem>
  </mem-info>
</gc-end>
<cycle-end id="2232" type="global" contextid="2225" timestamp="2019-07-02T23:30:38.505">
  <attribute name="GC Util" value="189" />
  <attribute name="CPU Util" value="1996222383252" />
  <attribute name="Time Running"value="16050"/>
  <attribute name="Number of cores"value="4"/>
</cycle-end>
<allocation-satisfied id="2233" threadId="0000000001AB4700" bytesRequested="80" />
<af-end id="2234" timestamp="2019-07-02T23:30:38.505" threadId="0000000001AB5088" success="true" />
<exclusive-end id="2235" timestamp="2019-07-02T23:30:38.505" durationms="10.985" />

<exclusive-start id="2236" timestamp="2019-07-02T23:30:38.554" intervalms="59.478">
  <response-info timems="0.086" idlems="0.086" threads="0" lastid="0000000001AB4700" lastname="main" />
</exclusive-start>
<af-start id="2237" threadId="0000000001AB5088" totalBytesRequested="488" timestamp="2019-07-02T23:30:38.554" intervalms="59.460" />
<cycle-start id="2238" type="global" contextid="0" timestamp="2019-07-02T23:30:38.554" intervalms="59.470" />
  <attribute name="GC Util" value="189" />
  <attribute name="CPU Util" value="1996222383252" />
  <attribute name="Time Running"value="16050"/>
  <attribute name="Number of cores"value="4"/>
<gc-start id="2239" type="global" contextid="2238" timestamp="2019-07-02T23:30:38.554">
  <mem-info id="2240" free="458752" total="45875200" percent="1">
    <mem type="tenure" free="458752" total="45875200" percent="1">
      <mem type="soa" free="0" total="45416448" percent="0" />
      <mem type="loa" free="458752" total="458752" percent="100" />
    </mem>
  </mem-info>
</gc-start>
<allocation-stats totalBytes="27371040" >
  <allocated-bytes non-tlh="0" tlh="27371040" />
  <largest-consumer threadName="main" threadId="0000000001AB4700" bytes="27371040" />
</allocation-stats>
<gc-op id="2241" type="mark" timems="9.002" contextid="2238" timestamp="2019-07-02T23:30:38.563">
  <trace-info objectcount="598143" scancount="519503" scanbytes="13332844" />
  <finalization candidates="80" enqueued="0" />
  <ownableSynchronizers candidates="21" cleared="0" />
  <references type="soft" candidates="1855" cleared="0" enqueued="0" dynamicThreshold="19" maxThreshold="32" />
  <references type="weak" candidates="5719" cleared="0" enqueued="0" />
  <references type="phantom" candidates="101" cleared="0" enqueued="0" />
  <stringconstants candidates="13227" cleared="0"  />
</gc-op>
<gc-op id="2242" type="sweep" timems="0.560" contextid="2238" timestamp="2019-07-02T23:30:38.564" />
<gc-end id="2243" type="global" contextid="2238" durationms="10.059" usertimems="28.000" systemtimems="0.000" timestamp="2019-07-02T23:30:38.564" activeThreads="4">
  <mem-info id="2244" free="27850976" total="45875200" percent="60">
    <mem type="tenure" free="27850976" total="45875200" percent="60" micro-fragmented="79682" macro-fragmented="0">
      <mem type="soa" free="27392224" total="45416448" percent="60" />
      <mem type="loa" free="458752" total="458752" percent="100" />
    </mem>
  </mem-info>
</gc-end>
<cycle-end id="2245" type="global" contextid="2238" timestamp="2019-07-02T23:30:38.564">
  <attribute name="GC Util" value="190" />
  <attribute name="CPU Util" value="2015921894992" />
  <attribute name="Time Running"value="16109"/>
  <attribute name="Number of cores"value="4"/>
</cycle-end>
<allocation-satisfied id="2246" threadId="0000000001AB4700" bytesRequested="488" />
<af-end id="2247" timestamp="2019-07-02T23:30:38.565" threadId="0000000001AB5088" success="true" />
<exclusive-end id="2248" timestamp="2019-07-02T23:30:38.565" durationms="10.777" />

<exclusive-start id="2249" timestamp="2019-07-02T23:30:38.578" intervalms="24.489">
  <response-info timems="0.080" idlems="0.080" threads="0" lastid="0000000001AB4700" lastname="main" />
</exclusive-start>
<af-start id="2250" threadId="0000000001AB5088" totalBytesRequested="64" timestamp="2019-07-02T23:30:38.578" intervalms="24.469" />
<cycle-start id="2251" type="global" contextid="0" timestamp="2019-07-02T23:30:38.579" intervalms="24.470" />
  <attribute name="GC Util" value="190" />
  <attribute name="CPU Util" value="2015921894992" />
  <attribute name="Time Running"value="16109"/>
  <attribute name="Number of cores"value="4"/>
<gc-start id="2252" type="global" contextid="2251" timestamp="2019-07-02T23:30:38.579">
  <mem-info id="2253" free="458752" total="45875200" percent="1">
    <mem type="tenure" free="458752" total="45875200" percent="1">
      <mem type="soa" free="0" total="45416448" percent="0" />
      <mem type="loa" free="458752" total="458752" percent="100" />
    </mem>
  </mem-info>
</gc-start>
<allocation-stats totalBytes="27350184" >
  <allocated-bytes non-tlh="0" tlh="27350184" />
  <largest-consumer threadName="main" threadId="0000000001AB4700" bytes="27350184" />
</allocation-stats>
<gc-op id="2254" type="mark" timems="8.822" contextid="2251" timestamp="2019-07-02T23:30:38.588">
  <trace-info objectcount="598144" scancount="519533" scanbytes="13332868" />
  <finalization candidates="80" enqueued="0" />
  <ownableSynchronizers candidates="21" cleared="0" />
  <references type="soft" candidates="1855" cleared="0" enqueued="0" dynamicThreshold="19" maxThreshold="32" />
  <references type="weak" candidates="5719" cleared="0" enqueued="0" />
  <references type="phantom" candidates="101" cleared="0" enqueued="0" />
  <stringconstants candidates="13227" cleared="0"  />
</gc-op>
<gc-op id="2255" type="sweep" timems="0.599" contextid="2251" timestamp="2019-07-02T23:30:38.588" />
<gc-end id="2256" type="global" contextid="2251" durationms="9.819" usertimems="24.000" systemtimems="0.000" timestamp="2019-07-02T23:30:38.588" activeThreads="4">
  <mem-info id="2257" free="27850848" total="45875200" percent="60">
    <mem type="tenure" free="27850848" total="45875200" percent="60" micro-fragmented="79682" macro-fragmented="0">
      <mem type="soa" free="27392096" total="45416448" percent="60" />
      <mem type="loa" free="458752" total="458752" percent="100" />
    </mem>
  </mem-info>
</gc-end>
<cycle-end id="2258" type="global" contextid="2251" timestamp="2019-07-02T23:30:38.589">
  <attribute name="GC Util" value="189" />
  <attribute name="CPU Util" value="2064429134999" />
  <attribute name="Time Running"value="16134"/>
  <attribute name="Number of cores"value="4"/>
</cycle-end>
<allocation-satisfied id="2259" threadId="0000000001AB4700" bytesRequested="64" />
<af-end id="2260" timestamp="2019-07-02T23:30:38.589" threadId="0000000001AB5088" success="true" />
<exclusive-end id="2261" timestamp="2019-07-02T23:30:38.589" durationms="10.511" />

<exclusive-start id="2262" timestamp="2019-07-02T23:30:38.602" intervalms="24.062">
  <response-info timems="0.072" idlems="0.072" threads="0" lastid="0000000001AB4700" lastname="main" />
</exclusive-start>
<af-start id="2263" threadId="0000000001AB5088" totalBytesRequested="40" timestamp="2019-07-02T23:30:38.603" intervalms="24.080" />
<cycle-start id="2264" type="global" contextid="0" timestamp="2019-07-02T23:30:38.603" intervalms="24.105" />
  <attribute name="GC Util" value="189" />
  <attribute name="CPU Util" value="2064429134999" />
  <attribute name="Time Running"value="16134"/>
  <attribute name="Number of cores"value="4"/>
<gc-start id="2265" type="global" contextid="2264" timestamp="2019-07-02T23:30:38.603">
  <mem-info id="2266" free="458752" total="45875200" percent="1">
    <mem type="tenure" free="458752" total="45875200" percent="1">
      <mem type="soa" free="0" total="45416448" percent="0" />
      <mem type="loa" free="458752" total="458752" percent="100" />
    </mem>
  </mem-info>
</gc-start>
<allocation-stats totalBytes="27350272" >
  <allocated-bytes non-tlh="0" tlh="27350272" />
  <largest-consumer threadName="main" threadId="0000000001AB4700" bytes="27350272" />
</allocation-stats>
<gc-op id="2267" type="mark" timems="9.429" contextid="2264" timestamp="2019-07-02T23:30:38.612">
  <trace-info objectcount="598145" scancount="519503" scanbytes="13332868" />
  <finalization candidates="80" enqueued="0" />
  <ownableSynchronizers candidates="21" cleared="0" />
  <references type="soft" candidates="1855" cleared="0" enqueued="0" dynamicThreshold="19" maxThreshold="32" />
  <references type="weak" candidates="5719" cleared="0" enqueued="0" />
  <references type="phantom" candidates="101" cleared="0" enqueued="0" />
  <stringconstants candidates="13227" cleared="0"  />
</gc-op>
<gc-op id="2268" type="sweep" timems="0.557" contextid="2264" timestamp="2019-07-02T23:30:38.613" />
<gc-end id="2269" type="global" contextid="2264" durationms="10.462" usertimems="28.000" systemtimems="0.000" timestamp="2019-07-02T23:30:38.613" activeThreads="4">
  <mem-info id="2270" free="27850256" total="45875200" percent="60">
    <mem type="tenure" free="27850256" total="45875200" percent="60" micro-fragmented="79682" macro-fragmented="0">
      <mem type="soa" free="27391504" total="45416448" percent="60" />
      <mem type="loa" free="458752" total="458752" percent="100" />
    </mem>
  </mem-info>
</gc-end>
<cycle-end id="2271" type="global" contextid="2264" timestamp="2019-07-02T23:30:38.613">
  <attribute name="GC Util" value="188" />
  <attribute name="CPU Util" value="1929547039444" />
  <attribute name="Time Running"value="16158"/>
  <attribute name="Number of cores"value="4"/>
</cycle-end>
<allocation-satisfied id="2272" threadId="0000000001AB4700" bytesRequested="40" />
<af-end id="2273" timestamp="2019-07-02T23:30:38.614" threadId="0000000001AB5088" success="true" />
<exclusive-end id="2274" timestamp="2019-07-02T23:30:38.614" durationms="11.215" />

<exclusive-start id="2275" timestamp="2019-07-02T23:30:38.627" intervalms="24.838">
  <response-info timems="0.057" idlems="0.057" threads="0" lastid="0000000001AB4700" lastname="main" />
</exclusive-start>
<af-start id="2276" threadId="0000000001AB5088" totalBytesRequested="32" timestamp="2019-07-02T23:30:38.627" intervalms="24.783" />
<cycle-start id="2277" type="global" contextid="0" timestamp="2019-07-02T23:30:38.627" intervalms="24.752" />
  <attribute name="GC Util" value="188" />
  <attribute name="CPU Util" value="1929547039444" />
  <attribute name="Time Running"value="16158"/>
  <attribute name="Number of cores"value="4"/>
<gc-start id="2278" type="global" contextid="2277" timestamp="2019-07-02T23:30:38.628">
  <mem-info id="2279" free="458752" total="45875200" percent="1">
    <mem type="tenure" free="458752" total="45875200" percent="1">
      <mem type="soa" free="0" total="45416448" percent="0" />
      <mem type="loa" free="458752" total="458752" percent="100" />
    </mem>
  </mem-info>
</gc-start>
<allocation-stats totalBytes="27349840" >
  <allocated-bytes non-tlh="0" tlh="27349840" />
  <largest-consumer threadName="main" threadId="0000000001AB4700" bytes="27349840" />
</allocation-stats>
<gc-op id="2280" type="mark" timems="8.935" contextid="2277" timestamp="2019-07-02T23:30:38.637">
  <trace-info objectcount="598142" scancount="519505" scanbytes="13332820" />
  <finalization candidates="80" enqueued="0" />
  <ownableSynchronizers candidates="21" cleared="0" />
  <references type="soft" candidates="1855" cleared="0" enqueued="0" dynamicThreshold="19" maxThreshold="32" />
  <references type="weak" candidates="5719" cleared="0" enqueued="0" />
  <references type="phantom" candidates="101" cleared="0" enqueued="0" />
  <stringconstants candidates="13227" cleared="0"  />
</gc-op>
<gc-op id="2281" type="sweep" timems="0.662" contextid="2277" timestamp="2019-07-02T23:30:38.637" />
<gc-end id="2282" type="global" contextid="2277" durationms="10.080" usertimems="28.000" systemtimems="0.000" timestamp="2019-07-02T23:30:38.638" activeThreads="4">
  <mem-info id="2283" free="27851248" total="45875200" percent="60">
    <mem type="tenure" free="27851248" total="45875200" percent="60" micro-fragmented="79682" macro-fragmented="0">
      <mem type="soa" free="27392496" total="45416448" percent="60" />
      <mem type="loa" free="458752" total="458752" percent="100" />
    </mem>
  </mem-info>
</gc-end>
<cycle-end id="2284" type="global" contextid="2277" timestamp="2019-07-02T23:30:38.638">
  <attribute name="GC Util" value="190" />
  <attribute name="CPU Util" value="2032341381911" />
  <attribute name="Time Running"value="16183"/>
  <attribute name="Number of cores"value="4"/>
</cycle-end>
<allocation-satisfied id="2285" threadId="0000000001AB4700" bytesRequested="32" />
<af-end id="2286" timestamp="2019-07-02T23:30:38.638" threadId="0000000001AB5088" success="true" />
<exclusive-end id="2287" timestamp="2019-07-02T23:30:38.638" durationms="10.688" />

<exclusive-start id="2288" timestamp="2019-07-02T23:30:38.652" intervalms="24.352">
  <response-info timems="0.074" idlems="0.074" threads="0" lastid="0000000001AB4700" lastname="main" />
</exclusive-start>
<af-start id="2289" threadId="0000000001AB5088" totalBytesRequested="24" timestamp="2019-07-02T23:30:38.652" intervalms="24.385" />
<cycle-start id="2290" type="global" contextid="0" timestamp="2019-07-02T23:30:38.652" intervalms="24.412" />
  <attribute name="GC Util" value="190" />
  <attribute name="CPU Util" value="2032341381911" />
  <attribute name="Time Running"value="16183"/>
  <attribute name="Number of cores"value="4"/>
<gc-start id="2291" type="global" contextid="2290" timestamp="2019-07-02T23:30:38.652">
  <mem-info id="2292" free="458752" total="45875200" percent="1">
    <mem type="tenure" free="458752" total="45875200" percent="1">
      <mem type="soa" free="0" total="45416448" percent="0" />
      <mem type="loa" free="458752" total="458752" percent="100" />
    </mem>
  </mem-info>
</gc-start>
<allocation-stats totalBytes="27351392" >
  <allocated-bytes non-tlh="0" tlh="27351392" />
  <largest-consumer threadName="main" threadId="0000000001AB4700" bytes="27351392" />
</allocation-stats>
<gc-op id="2293" type="mark" timems="9.251" contextid="2290" timestamp="2019-07-02T23:30:38.661">
  <trace-info objectcount="598143" scancount="519526" scanbytes="13332852" />
  <finalization candidates="80" enqueued="0" />
  <ownableSynchronizers candidates="21" cleared="0" />
  <references type="soft" candidates="1855" cleared="0" enqueued="0" dynamicThreshold="19" maxThreshold="32" />
  <references type="weak" candidates="5719" cleared="0" enqueued="0" />
  <references type="phantom" candidates="101" cleared="0" enqueued="0" />
  <stringconstants candidates="13227" cleared="0"  />
</gc-op>
<gc-op id="2294" type="sweep" timems="0.732" contextid="2290" timestamp="2019-07-02T23:30:38.662" />
<gc-end id="2295" type="global" contextid="2290" durationms="10.418" usertimems="20.000" systemtimems="8.000" timestamp="2019-07-02T23:30:38.662" activeThreads="4">
  <mem-info id="2296" free="27851216" total="45875200" percent="60">
    <mem type="tenure" free="27851216" total="45875200" percent="60" micro-fragmented="79682" macro-fragmented="0">
      <mem type="soa" free="27392464" total="45416448" percent="60" />
      <mem type="loa" free="458752" total="458752" percent="100" />
    </mem>
  </mem-info>
</gc-end>
<cycle-end id="2297" type="global" contextid="2290" timestamp="2019-07-02T23:30:38.662">
  <attribute name="GC Util" value="190" />
  <attribute name="CPU Util" value="1969569918223" />
  <attribute name="Time Running"value="16207"/>
  <attribute name="Number of cores"value="4"/>
</cycle-end>
<allocation-satisfied id="2298" threadId="0000000001AB4700" bytesRequested="24" />
<af-end id="2299" timestamp="2019-07-02T23:30:38.663" threadId="0000000001AB5088" success="true" />
<exclusive-end id="2300" timestamp="2019-07-02T23:30:38.663" durationms="11.076" />

<exclusive-start id="2301" timestamp="2019-07-02T23:30:38.676" intervalms="24.804">
  <response-info timems="0.075" idlems="0.075" threads="0" lastid="0000000001AB4700" lastname="main" />
</exclusive-start>
<af-start id="2302" threadId="0000000001AB5088" totalBytesRequested="32" timestamp="2019-07-02T23:30:38.676" intervalms="24.806" />
<cycle-start id="2303" type="global" contextid="0" timestamp="2019-07-02T23:30:38.677" intervalms="24.784" />
  <attribute name="GC Util" value="190" />
  <attribute name="CPU Util" value="1969569918223" />
  <attribute name="Time Running"value="16207"/>
  <attribute name="Number of cores"value="4"/>
<gc-start id="2304" type="global" contextid="2303" timestamp="2019-07-02T23:30:38.677">
  <mem-info id="2305" free="458752" total="45875200" percent="1">
    <mem type="tenure" free="458752" total="45875200" percent="1">
      <mem type="soa" free="0" total="45416448" percent="0" />
      <mem type="loa" free="458752" total="458752" percent="100" />
    </mem>
  </mem-info>
</gc-start>
<allocation-stats totalBytes="27350368" >
  <allocated-bytes non-tlh="0" tlh="27350368" />
  <largest-consumer threadName="main" threadId="0000000001AB4700" bytes="27350368" />
</allocation-stats>
<gc-op id="2306" type="mark" timems="8.861" contextid="2303" timestamp="2019-07-02T23:30:38.686">
  <trace-info objectcount="598142" scancount="519530" scanbytes="13332820" />
  <finalization candidates="80" enqueued="0" />
  <ownableSynchronizers candidates="21" cleared="0" />
  <references type="soft" candidates="1855" cleared="0" enqueued="0" dynamicThreshold="19" maxThreshold="32" />
  <references type="weak" candidates="5719" cleared="0" enqueued="0" />
  <references type="phantom" candidates="101" cleared="0" enqueued="0" />
  <stringconstants candidates="13227" cleared="0"  />
</gc-op>
<gc-op id="2307" type="sweep" timems="0.532" contextid="2303" timestamp="2019-07-02T23:30:38.686" />
<gc-end id="2308" type="global" contextid="2303" durationms="9.698" usertimems="24.000" systemtimems="0.000" timestamp="2019-07-02T23:30:38.686" activeThreads="4">
  <mem-info id="2309" free="27851248" total="45875200" percent="60">
    <mem type="tenure" free="27851248" total="45875200" percent="60" micro-fragmented="79682" macro-fragmented="0">
      <mem type="soa" free="27392496" total="45416448" percent="60" />
      <mem type="loa" free="458752" total="458752" percent="100" />
    </mem>
  </mem-info>
</gc-end>
<cycle-end id="2310" type="global" contextid="2303" timestamp="2019-07-02T23:30:38.686">
  <attribute name="GC Util" value="190" />
  <attribute name="CPU Util" value="2054805108883" />
  <attribute name="Time Running"value="16232"/>
  <attribute name="Number of cores"value="4"/>
</cycle-end>
<allocation-satisfied id="2311" threadId="0000000001AB4700" bytesRequested="32" />
<af-end id="2312" timestamp="2019-07-02T23:30:38.687" threadId="0000000001AB5088" success="true" />
<exclusive-end id="2313" timestamp="2019-07-02T23:30:38.687" durationms="10.310" />

<exclusive-start id="2314" timestamp="2019-07-02T23:30:38.700" intervalms="24.004">
  <response-info timems="0.081" idlems="0.081" threads="0" lastid="0000000001AB4700" lastname="main" />
</exclusive-start>
<af-start id="2315" threadId="0000000001AB5088" totalBytesRequested="24" timestamp="2019-07-02T23:30:38.700" intervalms="24.003" />
<cycle-start id="2316" type="global" contextid="0" timestamp="2019-07-02T23:30:38.701" intervalms="24.006" />
  <attribute name="GC Util" value="190" />
  <attribute name="CPU Util" value="2054805108883" />
  <attribute name="Time Running"value="16232"/>
  <attribute name="Number of cores"value="4"/>
<gc-start id="2317" type="global" contextid="2316" timestamp="2019-07-02T23:30:38.701">
  <mem-info id="2318" free="458752" total="45875200" percent="1">
    <mem type="tenure" free="458752" total="45875200" percent="1">
      <mem type="soa" free="0" total="45416448" percent="0" />
      <mem type="loa" free="458752" total="458752" percent="100" />
    </mem>
  </mem-info>
</gc-start>
<allocation-stats totalBytes="27350432" >
  <allocated-bytes non-tlh="0" tlh="27350432" />
  <largest-consumer threadName="main" threadId="0000000001AB4700" bytes="27350432" />
</allocation-stats>
<gc-op id="2319" type="mark" timems="9.274" contextid="2316" timestamp="2019-07-02T23:30:38.710">
  <trace-info objectcount="598143" scancount="519530" scanbytes="13332852" />
  <finalization candidates="80" enqueued="0" />
  <ownableSynchronizers candidates="21" cleared="0" />
  <references type="soft" candidates="1855" cleared="0" enqueued="0" dynamicThreshold="19" maxThreshold="32" />
  <references type="weak" candidates="5719" cleared="0" enqueued="0" />
  <references type="phantom" candidates="101" cleared="0" enqueued="0" />
  <stringconstants candidates="13227" cleared="0"  />
</gc-op>
<gc-op id="2320" type="sweep" timems="0.738" contextid="2316" timestamp="2019-07-02T23:30:38.711" />
<gc-end id="2321" type="global" contextid="2316" durationms="10.340" usertimems="28.000" systemtimems="0.000" timestamp="2019-07-02T23:30:38.711" activeThreads="4">
  <mem-info id="2322" free="27851216" total="45875200" percent="60">
    <mem type="tenure" free="27851216" total="45875200" percent="60" micro-fragmented="79682" macro-fragmented="0">
      <mem type="soa" free="27392464" total="45416448" percent="60" />
      <mem type="loa" free="458752" total="458752" percent="100" />
    </mem>
  </mem-info>
</gc-end>
<cycle-end id="2323" type="global" contextid="2316" timestamp="2019-07-02T23:30:38.711">
  <attribute name="GC Util" value="189" />
  <attribute name="CPU Util" value="1964793387374" />
  <attribute name="Time Running"value="16256"/>
  <attribute name="Number of cores"value="4"/>
</cycle-end>
<allocation-satisfied id="2324" threadId="0000000001AB4700" bytesRequested="24" />
<af-end id="2325" timestamp="2019-07-02T23:30:38.711" threadId="0000000001AB5088" success="true" />
<exclusive-end id="2326" timestamp="2019-07-02T23:30:38.711" durationms="10.985" />

<exclusive-start id="2327" timestamp="2019-07-02T23:30:38.741" intervalms="40.407">
  <response-info timems="0.083" idlems="0.083" threads="0" lastid="0000000001AB4700" lastname="main" />
</exclusive-start>
<af-start id="2328" threadId="0000000001AB5088" totalBytesRequested="16" timestamp="2019-07-02T23:30:38.741" intervalms="40.419" />
<cycle-start id="2329" type="global" contextid="0" timestamp="2019-07-02T23:30:38.741" intervalms="40.415" />
  <attribute name="GC Util" value="189" />
  <attribute name="CPU Util" value="1964793387374" />
  <attribute name="Time Running"value="16256"/>
  <attribute name="Number of cores"value="4"/>
<gc-start id="2330" type="global" contextid="2329" timestamp="2019-07-02T23:30:38.741">
  <mem-info id="2331" free="458752" total="45875200" percent="1">
    <mem type="tenure" free="458752" total="45875200" percent="1">
      <mem type="soa" free="0" total="45416448" percent="0" />
      <mem type="loa" free="458752" total="458752" percent="100" />
    </mem>
  </mem-info>
</gc-start>
<allocation-stats totalBytes="27379816" >
  <allocated-bytes non-tlh="3064" tlh="27376752" />
  <largest-consumer threadName="main" threadId="0000000001AB4700" bytes="27379816" />
</allocation-stats>
<gc-op id="2332" type="mark" timems="8.896" contextid="2329" timestamp="2019-07-02T23:30:38.750">
  <trace-info objectcount="596561" scancount="517568" scanbytes="13280432" />
  <finalization candidates="80" enqueued="0" />
  <ownableSynchronizers candidates="21" cleared="0" />
  <references type="soft" candidates="1863" cleared="0" enqueued="0" dynamicThreshold="19" maxThreshold="32" />
  <references type="weak" candidates="5736" cleared="4" enqueued="3" />
  <references type="phantom" candidates="101" cleared="0" enqueued="0" />
  <stringconstants candidates="13253" cleared="0"  />
</gc-op>
<gc-op id="2333" type="sweep" timems="0.612" contextid="2329" timestamp="2019-07-02T23:30:38.751" />
<gc-end id="2334" type="global" contextid="2329" durationms="9.897" usertimems="28.000" systemtimems="0.000" timestamp="2019-07-02T23:30:38.751" activeThreads="4">
  <mem-info id="2335" free="27858912" total="45875200" percent="60">
    <mem type="tenure" free="27858912" total="45875200" percent="60" micro-fragmented="78269" macro-fragmented="0">
      <mem type="soa" free="27400160" total="45416448" percent="60" />
      <mem type="loa" free="458752" total="458752" percent="100" />
    </mem>
    <pending-finalizers system="0" default="0" reference="3" classloader="0" />
  </mem-info>
</gc-end>
<cycle-end id="2336" type="global" contextid="2329" timestamp="2019-07-02T23:30:38.751">
  <attribute name="GC Util" value="189" />
  <attribute name="CPU Util" value="2039183519236" />
  <attribute name="Time Running"value="16296"/>
  <attribute name="Number of cores"value="4"/>
</cycle-end>
<allocation-satisfied id="2337" threadId="0000000001AB4700" bytesRequested="16" />
<af-end id="2338" timestamp="2019-07-02T23:30:38.751" threadId="0000000001AB5088" success="true" />
<exclusive-end id="2339" timestamp="2019-07-02T23:30:38.751" durationms="10.565" />

<exclusive-start id="2340" timestamp="2019-07-02T23:30:38.795" intervalms="54.468">
  <response-info timems="0.085" idlems="0.085" threads="0" lastid="0000000001AB4700" lastname="main" />
</exclusive-start>
<af-start id="2341" threadId="0000000001AB5088" totalBytesRequested="32" timestamp="2019-07-02T23:30:38.795" intervalms="54.456" />
<cycle-start id="2342" type="global" contextid="0" timestamp="2019-07-02T23:30:38.795" intervalms="54.459" />
  <attribute name="GC Util" value="189" />
  <attribute name="CPU Util" value="2039183519236" />
  <attribute name="Time Running"value="16296"/>
  <attribute name="Number of cores"value="4"/>
<gc-start id="2343" type="global" contextid="2342" timestamp="2019-07-02T23:30:38.796">
  <mem-info id="2344" free="458752" total="45875200" percent="1">
    <mem type="tenure" free="458752" total="45875200" percent="1">
      <mem type="soa" free="0" total="45416448" percent="0" />
      <mem type="loa" free="458752" total="458752" percent="100" />
    </mem>
  </mem-info>
</gc-start>
<allocation-stats totalBytes="27397512" >
  <allocated-bytes non-tlh="0" tlh="27397512" />
  <largest-consumer threadName="main" threadId="0000000001AB4700" bytes="27397512" />
</allocation-stats>
<gc-op id="2345" type="mark" timems="9.025" contextid="2342" timestamp="2019-07-02T23:30:38.805">
  <trace-info objectcount="596525" scancount="517507" scanbytes="13279396" />
  <finalization candidates="80" enqueued="0" />
  <ownableSynchronizers candidates="21" cleared="0" />
  <references type="soft" candidates="1863" cleared="12" enqueued="12" dynamicThreshold="19" maxThreshold="32" />
  <references type="weak" candidates="5732" cleared="0" enqueued="0" />
  <references type="phantom" candidates="101" cleared="0" enqueued="0" />
  <stringconstants candidates="13253" cleared="0"  />
</gc-op>
<gc-op id="2346" type="sweep" timems="0.775" contextid="2342" timestamp="2019-07-02T23:30:38.806" />
<gc-end id="2347" type="global" contextid="2342" durationms="10.121" usertimems="28.000" systemtimems="0.000" timestamp="2019-07-02T23:30:38.806" activeThreads="4">
  <mem-info id="2348" free="27859456" total="45875200" percent="60">
    <mem type="tenure" free="27859456" total="45875200" percent="60" micro-fragmented="86924" macro-fragmented="0">
      <mem type="soa" free="27400704" total="45416448" percent="60" />
      <mem type="loa" free="458752" total="458752" percent="100" />
    </mem>
    <pending-finalizers system="0" default="0" reference="12" classloader="0" />
  </mem-info>
</gc-end>
<cycle-end id="2349" type="global" contextid="2342" timestamp="2019-07-02T23:30:38.806">
  <attribute name="GC Util" value="189" />
  <attribute name="CPU Util" value="2014092805076" />
  <attribute name="Time Running"value="16351"/>
  <attribute name="Number of cores"value="4"/>
</cycle-end>
<allocation-satisfied id="2350" threadId="0000000001AB4700" bytesRequested="32" />
<af-end id="2351" timestamp="2019-07-02T23:30:38.806" threadId="0000000001AB5088" success="true" />
<exclusive-end id="2352" timestamp="2019-07-02T23:30:38.806" durationms="10.782" />

<exclusive-start id="2353" timestamp="2019-07-02T23:30:39.031" intervalms="235.839">
  <response-info timems="0.075" idlems="0.075" threads="0" lastid="0000000001AB4700" lastname="main" />
</exclusive-start>
<af-start id="2354" threadId="0000000001AB5088" totalBytesRequested="1168" timestamp="2019-07-02T23:30:39.031" intervalms="235.926" />
<cycle-start id="2355" type="global" contextid="0" timestamp="2019-07-02T23:30:39.031" intervalms="235.991" />
  <attribute name="GC Util" value="189" />
  <attribute name="CPU Util" value="2014092805076" />
  <attribute name="Time Running"value="16351"/>
  <attribute name="Number of cores"value="4"/>
<gc-start id="2356" type="global" contextid="2355" timestamp="2019-07-02T23:30:39.032">
  <mem-info id="2357" free="458752" total="45875200" percent="1">
    <mem type="tenure" free="458752" total="45875200" percent="1">
      <mem type="soa" free="0" total="45416448" percent="0" />
      <mem type="loa" free="458752" total="458752" percent="100" />
    </mem>
  </mem-info>
</gc-start>
<allocation-stats totalBytes="27319144" >
  <allocated-bytes non-tlh="8176" tlh="27310968" />
  <largest-consumer threadName="main" threadId="0000000001AB4700" bytes="27317952" />
</allocation-stats>
<gc-op id="2358" type="mark" timems="9.330" contextid="2355" timestamp="2019-07-02T23:30:39.041">
  <trace-info objectcount="596483" scancount="517474" scanbytes="13278404" />
  <finalization candidates="80" enqueued="0" />
  <ownableSynchronizers candidates="21" cleared="0" />
  <references type="soft" candidates="1851" cleared="0" enqueued="0" dynamicThreshold="19" maxThreshold="32" />
  <references type="weak" candidates="5732" cleared="0" enqueued="0" />
  <references type="phantom" candidates="101" cleared="0" enqueued="0" />
  <stringconstants candidates="13253" cleared="0"  />
</gc-op>
<gc-op id="2359" type="sweep" timems="0.647" contextid="2355" timestamp="2019-07-02T23:30:39.042" />
<gc-end id="2360" type="global" contextid="2355" durationms="10.595" usertimems="28.000" systemtimems="0.000" timestamp="2019-07-02T23:30:39.042" activeThreads="4">
  <mem-info id="2361" free="27858624" total="45875200" percent="60">
    <mem type="tenure" free="27858624" total="45875200" percent="60" micro-fragmented="97307" macro-fragmented="0">
      <mem type="soa" free="27399872" total="45416448" percent="60" />
      <mem type="loa" free="458752" total="458752" percent="100" />
    </mem>
  </mem-info>
</gc-end>
<cycle-end id="2362" type="global" contextid="2355" timestamp="2019-07-02T23:30:39.042">
  <attribute name="GC Util" value="184" />
  <attribute name="CPU Util" value="1942858673275" />
  <attribute name="Time Running"value="16587"/>
  <attribute name="Number of cores"value="4"/>
</cycle-end>
<allocation-satisfied id="2363" threadId="0000000001AB4700" bytesRequested="1168" />
<af-end id="2364" timestamp="2019-07-02T23:30:39.043" threadId="0000000001AB5088" success="true" />
<exclusive-end id="2365" timestamp="2019-07-02T23:30:39.043" durationms="11.556" />

<exclusive-start id="2366" timestamp="2019-07-02T23:30:39.046" intervalms="14.421">
  <response-info timems="0.078" idlems="0.078" threads="0" lastid="0000000001AB4700" lastname="main" />
</exclusive-start>
<af-start id="2367" threadId="0000000001AB5088" totalBytesRequested="1168" timestamp="2019-07-02T23:30:39.046" intervalms="14.417" />
<cycle-start id="2368" type="global" contextid="0" timestamp="2019-07-02T23:30:39.046" intervalms="14.382" />
  <attribute name="GC Util" value="184" />
  <attribute name="CPU Util" value="1942858673275" />
  <attribute name="Time Running"value="16587"/>
  <attribute name="Number of cores"value="4"/>
<gc-start id="2369" type="global" contextid="2368" timestamp="2019-07-02T23:30:39.046">
  <mem-info id="2370" free="458752" total="45875200" percent="1">
    <mem type="tenure" free="458752" total="45875200" percent="1">
      <mem type="soa" free="0" total="45416448" percent="0" />
      <mem type="loa" free="458752" total="458752" percent="100" />
    </mem>
  </mem-info>
</gc-start>
<allocation-stats totalBytes="27240752" >
  <allocated-bytes non-tlh="40880" tlh="27199872" />
  <largest-consumer threadName="main" threadId="0000000001AB4700" bytes="27240752" />
</allocation-stats>
<gc-op id="2371" type="mark" timems="8.777" contextid="2368" timestamp="2019-07-02T23:30:39.055">
  <trace-info objectcount="596483" scancount="517488" scanbytes="13278404" />
  <finalization candidates="80" enqueued="0" />
  <ownableSynchronizers candidates="21" cleared="0" />
  <references type="soft" candidates="1851" cleared="0" enqueued="0" dynamicThreshold="19" maxThreshold="32" />
  <references type="weak" candidates="5732" cleared="0" enqueued="0" />
  <references type="phantom" candidates="101" cleared="0" enqueued="0" />
  <stringconstants candidates="13253" cleared="0"  />
</gc-op>
<gc-op id="2372" type="sweep" timems="0.572" contextid="2368" timestamp="2019-07-02T23:30:39.056" />
<gc-end id="2373" type="global" contextid="2368" durationms="9.781" usertimems="28.000" systemtimems="0.000" timestamp="2019-07-02T23:30:39.056" activeThreads="4">
  <mem-info id="2374" free="27858624" total="45875200" percent="60">
    <mem type="tenure" free="27858624" total="45875200" percent="60" micro-fragmented="97307" macro-fragmented="0">
      <mem type="soa" free="27399872" total="45416448" percent="60" />
      <mem type="loa" free="458752" total="458752" percent="100" />
    </mem>
  </mem-info>
</gc-end>
<cycle-end id="2375" type="global" contextid="2368" timestamp="2019-07-02T23:30:39.056">
  <attribute name="GC Util" value="188" />
  <attribute name="CPU Util" value="2072528107196" />
  <attribute name="Time Running"value="16601"/>
  <attribute name="Number of cores"value="4"/>
</cycle-end>
<allocation-satisfied id="2376" threadId="0000000001AB4700" bytesRequested="1168" />
<af-end id="2377" timestamp="2019-07-02T23:30:39.056" threadId="0000000001AB5088" success="true" />
<exclusive-end id="2378" timestamp="2019-07-02T23:30:39.056" durationms="10.615" />

<exclusive-start id="2379" timestamp="2019-07-02T23:30:39.059" intervalms="13.449">
  <response-info timems="0.090" idlems="0.090" threads="0" lastid="0000000001AB4700" lastname="main" />
</exclusive-start>
<af-start id="2380" threadId="0000000001AB5088" totalBytesRequested="1168" timestamp="2019-07-02T23:30:39.059" intervalms="13.418" />
<cycle-start id="2381" type="global" contextid="0" timestamp="2019-07-02T23:30:39.059" intervalms="13.426" />
  <attribute name="GC Util" value="188" />
  <attribute name="CPU Util" value="2072528107196" />
  <attribute name="Time Running"value="16601"/>
  <attribute name="Number of cores"value="4"/>
<gc-start id="2382" type="global" contextid="2381" timestamp="2019-07-02T23:30:39.059">
  <mem-info id="2383" free="458752" total="45875200" percent="1">
    <mem type="tenure" free="458752" total="45875200" percent="1">
      <mem type="soa" free="0" total="45416448" percent="0" />
      <mem type="loa" free="458752" total="458752" percent="100" />
    </mem>
  </mem-info>
</gc-start>
<allocation-stats totalBytes="27244120" >
  <allocated-bytes non-tlh="40880" tlh="27203240" />
  <largest-consumer threadName="main" threadId="0000000001AB4700" bytes="27244120" />
</allocation-stats>
<gc-op id="2384" type="mark" timems="8.962" contextid="2381" timestamp="2019-07-02T23:30:39.068">
  <trace-info objectcount="596473" scancount="517471" scanbytes="13278316" />
  <finalization candidates="80" enqueued="0" />
  <ownableSynchronizers candidates="21" cleared="0" />
  <references type="soft" candidates="1851" cleared="1" enqueued="0" dynamicThreshold="19" maxThreshold="32" />
  <references type="weak" candidates="5732" cleared="0" enqueued="0" />
  <references type="phantom" candidates="101" cleared="0" enqueued="0" />
  <stringconstants candidates="13253" cleared="0"  />
</gc-op>
<gc-op id="2385" type="sweep" timems="0.706" contextid="2381" timestamp="2019-07-02T23:30:39.069" />
<gc-end id="2386" type="global" contextid="2381" durationms="10.123" usertimems="28.000" systemtimems="0.000" timestamp="2019-07-02T23:30:39.069" activeThreads="4">
  <mem-info id="2387" free="27877288" total="45875200" percent="60">
    <mem type="tenure" free="27877288" total="45875200" percent="60" micro-fragmented="96123" macro-fragmented="0">
      <mem type="soa" free="27418536" total="45416448" percent="60" />
      <mem type="loa" free="458752" total="458752" percent="100" />
    </mem>
  </mem-info>
</gc-end>
<cycle-end id="2388" type="global" contextid="2381" timestamp="2019-07-02T23:30:39.070">
  <attribute name="GC Util" value="189" />
  <attribute name="CPU Util" value="2025645094431" />
  <attribute name="Time Running"value="16615"/>
  <attribute name="Number of cores"value="4"/>
</cycle-end>
<allocation-satisfied id="2389" threadId="0000000001AB4700" bytesRequested="1168" />
<af-end id="2390" timestamp="2019-07-02T23:30:39.070" threadId="0000000001AB5088" success="true" />
<exclusive-end id="2391" timestamp="2019-07-02T23:30:39.070" durationms="10.977" />

<exclusive-start id="2392" timestamp="2019-07-02T23:30:39.073" intervalms="13.735">
  <response-info timems="0.041" idlems="0.041" threads="0" lastid="0000000001AB4700" lastname="main" />
</exclusive-start>
<af-start id="2393" threadId="0000000001AB5088" totalBytesRequested="1168" timestamp="2019-07-02T23:30:39.073" intervalms="13.661" />
<cycle-start id="2394" type="global" contextid="0" timestamp="2019-07-02T23:30:39.073" intervalms="13.576" />
  <attribute name="GC Util" value="189" />
  <attribute name="CPU Util" value="2025645094431" />
  <attribute name="Time Running"value="16615"/>
  <attribute name="Number of cores"value="4"/>
<gc-start id="2395" type="global" contextid="2394" timestamp="2019-07-02T23:30:39.073">
  <mem-info id="2396" free="458752" total="45875200" percent="1">
    <mem type="tenure" free="458752" total="45875200" percent="1">
      <mem type="soa" free="0" total="45416448" percent="0" />
      <mem type="loa" free="458752" total="458752" percent="100" />
    </mem>
  </mem-info>
</gc-start>
<allocation-stats totalBytes="27266144" >
  <allocated-bytes non-tlh="40880" tlh="27225264" />
  <largest-consumer threadName="main" threadId="0000000001AB4700" bytes="27266144" />
</allocation-stats>
<gc-op id="2397" type="mark" timems="8.428" contextid="2394" timestamp="2019-07-02T23:30:39.081">
  <trace-info objectcount="596473" scancount="517490" scanbytes="13278316" />
  <finalization candidates="80" enqueued="0" />
  <ownableSynchronizers candidates="21" cleared="0" />
  <references type="soft" candidates="1850" cleared="0" enqueued="0" dynamicThreshold="19" maxThreshold="32" />
  <references type="weak" candidates="5732" cleared="0" enqueued="0" />
  <references type="phantom" candidates="101" cleared="0" enqueued="0" />
  <stringconstants candidates="13253" cleared="0"  />
</gc-op>
<gc-op id="2398" type="sweep" timems="0.529" contextid="2394" timestamp="2019-07-02T23:30:39.082" />
<gc-end id="2399" type="global" contextid="2394" durationms="9.329" usertimems="24.000" systemtimems="0.000" timestamp="2019-07-02T23:30:39.082" activeThreads="4">
  <mem-info id="2400" free="27877288" total="45875200" percent="60">
    <mem type="tenure" free="27877288" total="45875200" percent="60" micro-fragmented="96123" macro-fragmented="0">
      <mem type="soa" free="27418536" total="45416448" percent="60" />
      <mem type="loa" free="458752" total="458752" percent="100" />
    </mem>
  </mem-info>
</gc-end>
<cycle-end id="2401" type="global" contextid="2394" timestamp="2019-07-02T23:30:39.082">
  <attribute name="GC Util" value="189" />
  <attribute name="CPU Util" value="2148893924062" />
  <attribute name="Time Running"value="16628"/>
  <attribute name="Number of cores"value="4"/>
</cycle-end>
<allocation-satisfied id="2402" threadId="0000000001AB4700" bytesRequested="1168" />
<af-end id="2403" timestamp="2019-07-02T23:30:39.083" threadId="0000000001AB5088" success="true" />
<exclusive-end id="2404" timestamp="2019-07-02T23:30:39.083" durationms="9.914" />

<exclusive-start id="2405" timestamp="2019-07-02T23:30:39.085" intervalms="12.751">
  <response-info timems="0.035" idlems="0.035" threads="0" lastid="0000000001AB4700" lastname="main" />
</exclusive-start>
<af-start id="2406" threadId="0000000001AB5088" totalBytesRequested="1168" timestamp="2019-07-02T23:30:39.086" intervalms="12.823" />
<cycle-start id="2407" type="global" contextid="0" timestamp="2019-07-02T23:30:39.086" intervalms="12.889" />
  <attribute name="GC Util" value="189" />
  <attribute name="CPU Util" value="2148893924062" />
  <attribute name="Time Running"value="16628"/>
  <attribute name="Number of cores"value="4"/>
<gc-start id="2408" type="global" contextid="2407" timestamp="2019-07-02T23:30:39.086">
  <mem-info id="2409" free="458752" total="45875200" percent="1">
    <mem type="tenure" free="458752" total="45875200" percent="1">
      <mem type="soa" free="0" total="45416448" percent="0" />
      <mem type="loa" free="458752" total="458752" percent="100" />
    </mem>
  </mem-info>
</gc-start>
<allocation-stats totalBytes="27266168" >
  <allocated-bytes non-tlh="40880" tlh="27225288" />
  <largest-consumer threadName="main" threadId="0000000001AB4700" bytes="27266168" />
</allocation-stats>
<gc-op id="2410" type="mark" timems="8.895" contextid="2407" timestamp="2019-07-02T23:30:39.095">
  <trace-info objectcount="596473" scancount="517464" scanbytes="13278316" />
  <finalization candidates="80" enqueued="0" />
  <ownableSynchronizers candidates="21" cleared="0" />
  <references type="soft" candidates="1850" cleared="0" enqueued="0" dynamicThreshold="19" maxThreshold="32" />
  <references type="weak" candidates="5732" cleared="0" enqueued="0" />
  <references type="phantom" candidates="101" cleared="0" enqueued="0" />
  <stringconstants candidates="13253" cleared="0"  />
</gc-op>
<gc-op id="2411" type="sweep" timems="0.524" contextid="2407" timestamp="2019-07-02T23:30:39.096" />
<gc-end id="2412" type="global" contextid="2407" durationms="9.805" usertimems="28.000" systemtimems="0.000" timestamp="2019-07-02T23:30:39.096" activeThreads="4">
  <mem-info id="2413" free="27877288" total="45875200" percent="60">
    <mem type="tenure" free="27877288" total="45875200" percent="60" micro-fragmented="96123" macro-fragmented="0">
      <mem type="soa" free="27418536" total="45416448" percent="60" />
      <mem type="loa" free="458752" total="458752" percent="100" />
    </mem>
  </mem-info>
</gc-end>
<cycle-end id="2414" type="global" contextid="2407" timestamp="2019-07-02T23:30:39.096">
  <attribute name="GC Util" value="188" />
  <attribute name="CPU Util" value="2041307156651" />
  <attribute name="Time Running"value="16641"/>
  <attribute name="Number of cores"value="4"/>
</cycle-end>
<allocation-satisfied id="2415" threadId="0000000001AB4700" bytesRequested="1168" />
<af-end id="2416" timestamp="2019-07-02T23:30:39.096" threadId="0000000001AB5088" success="true" />
<exclusive-end id="2417" timestamp="2019-07-02T23:30:39.096" durationms="10.571" />

<exclusive-start id="2418" timestamp="2019-07-02T23:30:39.099" intervalms="13.345">
  <response-info timems="0.057" idlems="0.057" threads="0" lastid="0000000001AB4700" lastname="main" />
</exclusive-start>
<af-start id="2419" threadId="0000000001AB5088" totalBytesRequested="1168" timestamp="2019-07-02T23:30:39.099" intervalms="13.357" />
<cycle-start id="2420" type="global" contextid="0" timestamp="2019-07-02T23:30:39.099" intervalms="13.355" />
  <attribute name="GC Util" value="188" />
  <attribute name="CPU Util" value="2041307156651" />
  <attribute name="Time Running"value="16641"/>
  <attribute name="Number of cores"value="4"/>
<gc-start id="2421" type="global" contextid="2420" timestamp="2019-07-02T23:30:39.099">
  <mem-info id="2422" free="458752" total="45875200" percent="1">
    <mem type="tenure" free="458752" total="45875200" percent="1">
      <mem type="soa" free="0" total="45416448" percent="0" />
      <mem type="loa" free="458752" total="458752" percent="100" />
    </mem>
  </mem-info>
</gc-start>
<allocation-stats totalBytes="27264912" >
  <allocated-bytes non-tlh="40880" tlh="27224032" />
  <largest-consumer threadName="main" threadId="0000000001AB4700" bytes="27264912" />
</allocation-stats>
<gc-op id="2423" type="mark" timems="8.857" contextid="2420" timestamp="2019-07-02T23:30:39.108">
  <trace-info objectcount="596473" scancount="517489" scanbytes="13278316" />
  <finalization candidates="80" enqueued="0" />
  <ownableSynchronizers candidates="21" cleared="0" />
  <references type="soft" candidates="1850" cleared="0" enqueued="0" dynamicThreshold="19" maxThreshold="32" />
  <references type="weak" candidates="5732" cleared="0" enqueued="0" />
  <references type="phantom" candidates="101" cleared="0" enqueued="0" />
  <stringconstants candidates="13253" cleared="0"  />
</gc-op>
<gc-op id="2424" type="sweep" timems="0.554" contextid="2420" timestamp="2019-07-02T23:30:39.109" />
<gc-end id="2425" type="global" contextid="2420" durationms="9.856" usertimems="28.000" systemtimems="0.000" timestamp="2019-07-02T23:30:39.109" activeThreads="4">
  <mem-info id="2426" free="27877288" total="45875200" percent="60">
    <mem type="tenure" free="27877288" total="45875200" percent="60" micro-fragmented="96123" macro-fragmented="0">
      <mem type="soa" free="27418536" total="45416448" percent="60" />
      <mem type="loa" free="458752" total="458752" percent="100" />
    </mem>
  </mem-info>
</gc-end>
<cycle-end id="2427" type="global" contextid="2420" timestamp="2019-07-02T23:30:39.109">
  <attribute name="GC Util" value="188" />
  <attribute name="CPU Util" value="2043419378178" />
  <attribute name="Time Running"value="16654"/>
  <attribute name="Number of cores"value="4"/>
</cycle-end>
<allocation-satisfied id="2428" threadId="0000000001AB4700" bytesRequested="1168" />
<af-end id="2429" timestamp="2019-07-02T23:30:39.109" threadId="0000000001AB5088" success="true" />
<exclusive-end id="2430" timestamp="2019-07-02T23:30:39.109" durationms="10.627" />

<exclusive-start id="2431" timestamp="2019-07-02T23:30:39.112" intervalms="13.500">
  <response-info timems="0.049" idlems="0.049" threads="0" lastid="0000000001AB4700" lastname="main" />
</exclusive-start>
<af-start id="2432" threadId="0000000001AB5088" totalBytesRequested="1168" timestamp="2019-07-02T23:30:39.112" intervalms="13.437" />
<cycle-start id="2433" type="global" contextid="0" timestamp="2019-07-02T23:30:39.112" intervalms="13.375" />
  <attribute name="GC Util" value="188" />
  <attribute name="CPU Util" value="2043419378178" />
  <attribute name="Time Running"value="16654"/>
  <attribute name="Number of cores"value="4"/>
<gc-start id="2434" type="global" contextid="2433" timestamp="2019-07-02T23:30:39.113">
  <mem-info id="2435" free="458752" total="45875200" percent="1">
    <mem type="tenure" free="458752" total="45875200" percent="1">
      <mem type="soa" free="0" total="45416448" percent="0" />
      <mem type="loa" free="458752" total="458752" percent="100" />
    </mem>
  </mem-info>
</gc-start>
<allocation-stats totalBytes="27268632" >
  <allocated-bytes non-tlh="40880" tlh="27227752" />
  <largest-consumer threadName="main" threadId="0000000001AB4700" bytes="27268632" />
</allocation-stats>
<gc-op id="2436" type="mark" timems="8.828" contextid="2433" timestamp="2019-07-02T23:30:39.121">
  <trace-info objectcount="596473" scancount="517481" scanbytes="13278316" />
  <finalization candidates="80" enqueued="0" />
  <ownableSynchronizers candidates="21" cleared="0" />
  <references type="soft" candidates="1850" cleared="0" enqueued="0" dynamicThreshold="19" maxThreshold="32" />
  <references type="weak" candidates="5732" cleared="0" enqueued="0" />
  <references type="phantom" candidates="101" cleared="0" enqueued="0" />
  <stringconstants candidates="13253" cleared="0"  />
</gc-op>
<gc-op id="2437" type="sweep" timems="0.636" contextid="2433" timestamp="2019-07-02T23:30:39.122" />
<gc-end id="2438" type="global" contextid="2433" durationms="9.819" usertimems="24.000" systemtimems="0.000" timestamp="2019-07-02T23:30:39.122" activeThreads="4">
  <mem-info id="2439" free="27877288" total="45875200" percent="60">
    <mem type="tenure" free="27877288" total="45875200" percent="60" micro-fragmented="96123" macro-fragmented="0">
      <mem type="soa" free="27418536" total="45416448" percent="60" />
      <mem type="loa" free="458752" total="458752" percent="100" />
    </mem>
  </mem-info>
</gc-end>
<cycle-end id="2440" type="global" contextid="2433" timestamp="2019-07-02T23:30:39.122">
  <attribute name="GC Util" value="189" />
  <attribute name="CPU Util" value="2060626820259" />
  <attribute name="Time Running"value="16668"/>
  <attribute name="Number of cores"value="4"/>
</cycle-end>
<allocation-satisfied id="2441" threadId="0000000001AB4700" bytesRequested="1168" />
<af-end id="2442" timestamp="2019-07-02T23:30:39.123" threadId="0000000001AB5088" success="true" />
<exclusive-end id="2443" timestamp="2019-07-02T23:30:39.123" durationms="10.378" />

<exclusive-start id="2444" timestamp="2019-07-02T23:30:39.126" intervalms="13.246">
  <response-info timems="0.065" idlems="0.065" threads="0" lastid="0000000001AB4700" lastname="main" />
</exclusive-start>
<af-start id="2445" threadId="0000000001AB5088" totalBytesRequested="1168" timestamp="2019-07-02T23:30:39.126" intervalms="13.286" />
<cycle-start id="2446" type="global" contextid="0" timestamp="2019-07-02T23:30:39.126" intervalms="13.313" />
  <attribute name="GC Util" value="189" />
  <attribute name="CPU Util" value="2060626820259" />
  <attribute name="Time Running"value="16668"/>
  <attribute name="Number of cores"value="4"/>
<gc-start id="2447" type="global" contextid="2446" timestamp="2019-07-02T23:30:39.126">
  <mem-info id="2448" free="458752" total="45875200" percent="1">
    <mem type="tenure" free="458752" total="45875200" percent="1">
      <mem type="soa" free="0" total="45416448" percent="0" />
      <mem type="loa" free="458752" total="458752" percent="100" />
    </mem>
  </mem-info>
</gc-start>
<allocation-stats totalBytes="27267376" >
  <allocated-bytes non-tlh="40880" tlh="27226496" />
  <largest-consumer threadName="main" threadId="0000000001AB4700" bytes="27267376" />
</allocation-stats>
<gc-op id="2449" type="mark" timems="8.989" contextid="2446" timestamp="2019-07-02T23:30:39.135">
  <trace-info objectcount="596473" scancount="517465" scanbytes="13278316" />
  <finalization candidates="80" enqueued="0" />
  <ownableSynchronizers candidates="21" cleared="0" />
  <references type="soft" candidates="1850" cleared="0" enqueued="0" dynamicThreshold="19" maxThreshold="32" />
  <references type="weak" candidates="5732" cleared="0" enqueued="0" />
  <references type="phantom" candidates="101" cleared="0" enqueued="0" />
  <stringconstants candidates="13253" cleared="0"  />
</gc-op>
<gc-op id="2450" type="sweep" timems="0.629" contextid="2446" timestamp="2019-07-02T23:30:39.136" />
<gc-end id="2451" type="global" contextid="2446" durationms="10.026" usertimems="28.000" systemtimems="0.000" timestamp="2019-07-02T23:30:39.136" activeThreads="4">
  <mem-info id="2452" free="27877288" total="45875200" percent="60">
    <mem type="tenure" free="27877288" total="45875200" percent="60" micro-fragmented="96123" macro-fragmented="0">
      <mem type="soa" free="27418536" total="45416448" percent="60" />
      <mem type="loa" free="458752" total="458752" percent="100" />
    </mem>
  </mem-info>
</gc-end>
<cycle-end id="2453" type="global" contextid="2446" timestamp="2019-07-02T23:30:39.136">
  <attribute name="GC Util" value="189" />
  <attribute name="CPU Util" value="2026158385140" />
  <attribute name="Time Running"value="16681"/>
  <attribute name="Number of cores"value="4"/>
</cycle-end>
<allocation-satisfied id="2454" threadId="0000000001AB4700" bytesRequested="1168" />
<af-end id="2455" timestamp="2019-07-02T23:30:39.136" threadId="0000000001AB5088" success="true" />
<exclusive-end id="2456" timestamp="2019-07-02T23:30:39.136" durationms="10.754" />

<exclusive-start id="2457" timestamp="2019-07-02T23:30:39.139" intervalms="13.562">
  <response-info timems="0.073" idlems="0.073" threads="0" lastid="0000000001AB4700" lastname="main" />
</exclusive-start>
<af-start id="2458" threadId="0000000001AB5088" totalBytesRequested="1168" timestamp="2019-07-02T23:30:39.139" intervalms="13.551" />
<cycle-start id="2459" type="global" contextid="0" timestamp="2019-07-02T23:30:39.139" intervalms="13.537" />
  <attribute name="GC Util" value="189" />
  <attribute name="CPU Util" value="2026158385140" />
  <attribute name="Time Running"value="16681"/>
  <attribute name="Number of cores"value="4"/>
<gc-start id="2460" type="global" contextid="2459" timestamp="2019-07-02T23:30:39.139">
  <mem-info id="2461" free="458752" total="45875200" percent="1">
    <mem type="tenure" free="458752" total="45875200" percent="1">
      <mem type="soa" free="0" total="45416448" percent="0" />
      <mem type="loa" free="458752" total="458752" percent="100" />
    </mem>
  </mem-info>
</gc-start>
<allocation-stats totalBytes="27268632" >
  <allocated-bytes non-tlh="40880" tlh="27227752" />
  <largest-consumer threadName="main" threadId="0000000001AB4700" bytes="27268632" />
</allocation-stats>
<gc-op id="2462" type="mark" timems="8.829" contextid="2459" timestamp="2019-07-02T23:30:39.148">
  <trace-info objectcount="596473" scancount="517469" scanbytes="13278316" />
  <finalization candidates="80" enqueued="0" />
  <ownableSynchronizers candidates="21" cleared="0" />
  <references type="soft" candidates="1850" cleared="0" enqueued="0" dynamicThreshold="19" maxThreshold="32" />
  <references type="weak" candidates="5732" cleared="0" enqueued="0" />
  <references type="phantom" candidates="101" cleared="0" enqueued="0" />
  <stringconstants candidates="13253" cleared="0"  />
</gc-op>
<gc-op id="2463" type="sweep" timems="0.597" contextid="2459" timestamp="2019-07-02T23:30:39.149" />
<gc-end id="2464" type="global" contextid="2459" durationms="9.754" usertimems="28.000" systemtimems="0.000" timestamp="2019-07-02T23:30:39.149" activeThreads="4">
  <mem-info id="2465" free="27877288" total="45875200" percent="60">
    <mem type="tenure" free="27877288" total="45875200" percent="60" micro-fragmented="96123" macro-fragmented="0">
      <mem type="soa" free="27418536" total="45416448" percent="60" />
      <mem type="loa" free="458752" total="458752" percent="100" />
    </mem>
  </mem-info>
</gc-end>
<cycle-end id="2466" type="global" contextid="2459" timestamp="2019-07-02T23:30:39.149">
  <attribute name="GC Util" value="189" />
  <attribute name="CPU Util" value="2064028359986" />
  <attribute name="Time Running"value="16694"/>
  <attribute name="Number of cores"value="4"/>
</cycle-end>
<allocation-satisfied id="2467" threadId="0000000001AB4700" bytesRequested="1168" />
<af-end id="2468" timestamp="2019-07-02T23:30:39.149" threadId="0000000001AB5088" success="true" />
<exclusive-end id="2469" timestamp="2019-07-02T23:30:39.150" durationms="10.441" />

<exclusive-start id="2470" timestamp="2019-07-02T23:30:39.152" intervalms="13.232">
  <response-info timems="0.074" idlems="0.074" threads="0" lastid="0000000001AB4700" lastname="main" />
</exclusive-start>
<af-start id="2471" threadId="0000000001AB5088" totalBytesRequested="1168" timestamp="2019-07-02T23:30:39.152" intervalms="13.224" />
<cycle-start id="2472" type="global" contextid="0" timestamp="2019-07-02T23:30:39.153" intervalms="13.216" />
  <attribute name="GC Util" value="189" />
  <attribute name="CPU Util" value="2064028359986" />
  <attribute name="Time Running"value="16694"/>
  <attribute name="Number of cores"value="4"/>
<gc-start id="2473" type="global" contextid="2472" timestamp="2019-07-02T23:30:39.153">
  <mem-info id="2474" free="458752" total="45875200" percent="1">
    <mem type="tenure" free="458752" total="45875200" percent="1">
      <mem type="soa" free="0" total="45416448" percent="0" />
      <mem type="loa" free="458752" total="458752" percent="100" />
    </mem>
  </mem-info>
</gc-start>
<allocation-stats totalBytes="27266144" >
  <allocated-bytes non-tlh="40880" tlh="27225264" />
  <largest-consumer threadName="main" threadId="0000000001AB4700" bytes="27266144" />
</allocation-stats>
<gc-op id="2475" type="mark" timems="8.942" contextid="2472" timestamp="2019-07-02T23:30:39.162">
  <trace-info objectcount="596473" scancount="517473" scanbytes="13278316" />
  <finalization candidates="80" enqueued="0" />
  <ownableSynchronizers candidates="21" cleared="0" />
  <references type="soft" candidates="1850" cleared="0" enqueued="0" dynamicThreshold="19" maxThreshold="32" />
  <references type="weak" candidates="5732" cleared="0" enqueued="0" />
  <references type="phantom" candidates="101" cleared="0" enqueued="0" />
  <stringconstants candidates="13253" cleared="0"  />
</gc-op>
<gc-op id="2476" type="sweep" timems="0.602" contextid="2472" timestamp="2019-07-02T23:30:39.162" />
<gc-end id="2477" type="global" contextid="2472" durationms="9.852" usertimems="28.000" systemtimems="0.000" timestamp="2019-07-02T23:30:39.162" activeThreads="4">
  <mem-info id="2478" free="27877288" total="45875200" percent="60">
    <mem type="tenure" free="27877288" total="45875200" percent="60" micro-fragmented="96123" macro-fragmented="0">
      <mem type="soa" free="27418536" total="45416448" percent="60" />
      <mem type="loa" free="458752" total="458752" percent="100" />
    </mem>
  </mem-info>
</gc-end>
<cycle-end id="2479" type="global" contextid="2472" timestamp="2019-07-02T23:30:39.163">
  <attribute name="GC Util" value="188" />
  <attribute name="CPU Util" value="2038251378847" />
  <attribute name="Time Running"value="16708"/>
  <attribute name="Number of cores"value="4"/>
</cycle-end>
<allocation-satisfied id="2480" threadId="0000000001AB4700" bytesRequested="1168" />
<af-end id="2481" timestamp="2019-07-02T23:30:39.163" threadId="0000000001AB5088" success="true" />
<exclusive-end id="2482" timestamp="2019-07-02T23:30:39.163" durationms="10.369" />

<exclusive-start id="2483" timestamp="2019-07-02T23:30:39.166" intervalms="13.187">
  <response-info timems="0.081" idlems="0.081" threads="0" lastid="0000000001AB4700" lastname="main" />
</exclusive-start>
<af-start id="2484" threadId="0000000001AB5088" totalBytesRequested="1168" timestamp="2019-07-02T23:30:39.166" intervalms="13.164" />
<cycle-start id="2485" type="global" contextid="0" timestamp="2019-07-02T23:30:39.166" intervalms="13.165" />
  <attribute name="GC Util" value="188" />
  <attribute name="CPU Util" value="2038251378847" />
  <attribute name="Time Running"value="16708"/>
  <attribute name="Number of cores"value="4"/>
<gc-start id="2486" type="global" contextid="2485" timestamp="2019-07-02T23:30:39.166">
  <mem-info id="2487" free="458752" total="45875200" percent="1">
    <mem type="tenure" free="458752" total="45875200" percent="1">
      <mem type="soa" free="0" total="45416448" percent="0" />
      <mem type="loa" free="458752" total="458752" percent="100" />
    </mem>
  </mem-info>
</gc-start>
<allocation-stats totalBytes="27268632" >
  <allocated-bytes non-tlh="40880" tlh="27227752" />
  <largest-consumer threadName="main" threadId="0000000001AB4700" bytes="27268632" />
</allocation-stats>
<gc-op id="2488" type="mark" timems="8.922" contextid="2485" timestamp="2019-07-02T23:30:39.175">
  <trace-info objectcount="596473" scancount="517469" scanbytes="13278316" />
  <finalization candidates="80" enqueued="0" />
  <ownableSynchronizers candidates="21" cleared="0" />
  <references type="soft" candidates="1850" cleared="0" enqueued="0" dynamicThreshold="19" maxThreshold="32" />
  <references type="weak" candidates="5732" cleared="0" enqueued="0" />
  <references type="phantom" candidates="101" cleared="0" enqueued="0" />
  <stringconstants candidates="13253" cleared="0"  />
</gc-op>
<gc-op id="2489" type="sweep" timems="0.548" contextid="2485" timestamp="2019-07-02T23:30:39.175" />
<gc-end id="2490" type="global" contextid="2485" durationms="9.783" usertimems="28.000" systemtimems="0.000" timestamp="2019-07-02T23:30:39.176" activeThreads="4">
  <mem-info id="2491" free="27877288" total="45875200" percent="60">
    <mem type="tenure" free="27877288" total="45875200" percent="60" micro-fragmented="96123" macro-fragmented="0">
      <mem type="soa" free="27418536" total="45416448" percent="60" />
      <mem type="loa" free="458752" total="458752" percent="100" />
    </mem>
  </mem-info>
</gc-end>
<cycle-end id="2492" type="global" contextid="2485" timestamp="2019-07-02T23:30:39.176">
  <attribute name="GC Util" value="188" />
  <attribute name="CPU Util" value="2038010878055" />
  <attribute name="Time Running"value="16721"/>
  <attribute name="Number of cores"value="4"/>
</cycle-end>
<allocation-satisfied id="2493" threadId="0000000001AB4700" bytesRequested="1168" />
<af-end id="2494" timestamp="2019-07-02T23:30:39.176" threadId="0000000001AB5088" success="true" />
<exclusive-end id="2495" timestamp="2019-07-02T23:30:39.176" durationms="10.264" />

<exclusive-start id="2496" timestamp="2019-07-02T23:30:39.179" intervalms="13.069">
  <response-info timems="0.069" idlems="0.069" threads="0" lastid="0000000001AB4700" lastname="main" />
</exclusive-start>
<af-start id="2497" threadId="0000000001AB5088" totalBytesRequested="1168" timestamp="2019-07-02T23:30:39.179" intervalms="13.073" />
<cycle-start id="2498" type="global" contextid="0" timestamp="2019-07-02T23:30:39.179" intervalms="13.079" />
  <attribute name="GC Util" value="188" />
  <attribute name="CPU Util" value="2038010878055" />
  <attribute name="Time Running"value="16721"/>
  <attribute name="Number of cores"value="4"/>
<gc-start id="2499" type="global" contextid="2498" timestamp="2019-07-02T23:30:39.179">
  <mem-info id="2500" free="458752" total="45875200" percent="1">
    <mem type="tenure" free="458752" total="45875200" percent="1">
      <mem type="soa" free="0" total="45416448" percent="0" />
      <mem type="loa" free="458752" total="458752" percent="100" />
    </mem>
  </mem-info>
</gc-start>
<allocation-stats totalBytes="27266144" >
  <allocated-bytes non-tlh="40880" tlh="27225264" />
  <largest-consumer threadName="main" threadId="0000000001AB4700" bytes="27266144" />
</allocation-stats>
<gc-op id="2501" type="mark" timems="8.863" contextid="2498" timestamp="2019-07-02T23:30:39.188">
  <trace-info objectcount="596473" scancount="517493" scanbytes="13278316" />
  <finalization candidates="80" enqueued="0" />
  <ownableSynchronizers candidates="21" cleared="0" />
  <references type="soft" candidates="1850" cleared="0" enqueued="0" dynamicThreshold="19" maxThreshold="32" />
  <references type="weak" candidates="5732" cleared="0" enqueued="0" />
  <references type="phantom" candidates="101" cleared="0" enqueued="0" />
  <stringconstants candidates="13253" cleared="0"  />
</gc-op>
<gc-op id="2502" type="sweep" timems="0.570" contextid="2498" timestamp="2019-07-02T23:30:39.189" />
<gc-end id="2503" type="global" contextid="2498" durationms="9.733" usertimems="28.000" systemtimems="0.000" timestamp="2019-07-02T23:30:39.189" activeThreads="4">
  <mem-info id="2504" free="27877288" total="45875200" percent="60">
    <mem type="tenure" free="27877288" total="45875200" percent="60" micro-fragmented="96123" macro-fragmented="0">
      <mem type="soa" free="27418536" total="45416448" percent="60" />
      <mem type="loa" free="458752" total="458752" percent="100" />
    </mem>
  </mem-info>
</gc-end>
<cycle-end id="2505" type="global" contextid="2498" timestamp="2019-07-02T23:30:39.189">
  <attribute name="GC Util" value="190" />
  <attribute name="CPU Util" value="2057492546199" />
  <attribute name="Time Running"value="16734"/>
  <attribute name="Number of cores"value="4"/>
</cycle-end>
<allocation-satisfied id="2506" threadId="0000000001AB4700" bytesRequested="1168" />
<af-end id="2507" timestamp="2019-07-02T23:30:39.189" threadId="0000000001AB5088" success="true" />
<exclusive-end id="2508" timestamp="2019-07-02T23:30:39.189" durationms="10.254" />

<exclusive-start id="2509" timestamp="2019-07-02T23:30:39.192" intervalms="13.025">
  <response-info timems="0.045" idlems="0.045" threads="0" lastid="0000000001AB4700" lastname="main" />
</exclusive-start>
<af-start id="2510" threadId="0000000001AB5088" totalBytesRequested="1168" timestamp="2019-07-02T23:30:39.192" intervalms="13.033" />
<cycle-start id="2511" type="global" contextid="0" timestamp="2019-07-02T23:30:39.192" intervalms="13.028" />
  <attribute name="GC Util" value="190" />
  <attribute name="CPU Util" value="2057492546199" />
  <attribute name="Time Running"value="16734"/>
  <attribute name="Number of cores"value="4"/>
<gc-start id="2512" type="global" contextid="2511" timestamp="2019-07-02T23:30:39.192">
  <mem-info id="2513" free="458752" total="45875200" percent="1">
    <mem type="tenure" free="458752" total="45875200" percent="1">
      <mem type="soa" free="0" total="45416448" percent="0" />
      <mem type="loa" free="458752" total="458752" percent="100" />
    </mem>
  </mem-info>
</gc-start>
<allocation-stats totalBytes="27267400" >
  <allocated-bytes non-tlh="40880" tlh="27226520" />
  <largest-consumer threadName="main" threadId="0000000001AB4700" bytes="27267400" />
</allocation-stats>
<gc-op id="2514" type="mark" timems="8.975" contextid="2511" timestamp="2019-07-02T23:30:39.201">
  <trace-info objectcount="596473" scancount="517484" scanbytes="13278316" />
  <finalization candidates="80" enqueued="0" />
  <ownableSynchronizers candidates="21" cleared="0" />
  <references type="soft" candidates="1850" cleared="0" enqueued="0" dynamicThreshold="19" maxThreshold="32" />
  <references type="weak" candidates="5732" cleared="0" enqueued="0" />
  <references type="phantom" candidates="101" cleared="0" enqueued="0" />
  <stringconstants candidates="13253" cleared="0"  />
</gc-op>
<gc-op id="2515" type="sweep" timems="0.629" contextid="2511" timestamp="2019-07-02T23:30:39.202" />
<gc-end id="2516" type="global" contextid="2511" durationms="9.933" usertimems="24.000" systemtimems="0.000" timestamp="2019-07-02T23:30:39.202" activeThreads="4">
  <mem-info id="2517" free="27877288" total="45875200" percent="60">
    <mem type="tenure" free="27877288" total="45875200" percent="60" micro-fragmented="96123" macro-fragmented="0">
      <mem type="soa" free="27418536" total="45416448" percent="60" />
      <mem type="loa" free="458752" total="458752" percent="100" />
    </mem>
  </mem-info>
</gc-end>
<cycle-end id="2518" type="global" contextid="2511" timestamp="2019-07-02T23:30:39.202">
  <attribute name="GC Util" value="190" />
  <attribute name="CPU Util" value="2026464435884" />
  <attribute name="Time Running"value="16747"/>
  <attribute name="Number of cores"value="4"/>
</cycle-end>
<allocation-satisfied id="2519" threadId="0000000001AB4700" bytesRequested="1168" />
<af-end id="2520" timestamp="2019-07-02T23:30:39.202" threadId="0000000001AB5088" success="true" />
<exclusive-end id="2521" timestamp="2019-07-02T23:30:39.202" durationms="10.436" />

<exclusive-start id="2522" timestamp="2019-07-02T23:30:39.205" intervalms="13.218">
  <response-info timems="0.085" idlems="0.085" threads="0" lastid="0000000001AB4700" lastname="main" />
</exclusive-start>
<af-start id="2523" threadId="0000000001AB5088" totalBytesRequested="1168" timestamp="2019-07-02T23:30:39.205" intervalms="13.203" />
<cycle-start id="2524" type="global" contextid="0" timestamp="2019-07-02T23:30:39.205" intervalms="13.209" />
  <attribute name="GC Util" value="190" />
  <attribute name="CPU Util" value="2026464435884" />
  <attribute name="Time Running"value="16747"/>
  <attribute name="Number of cores"value="4"/>
<gc-start id="2525" type="global" contextid="2524" timestamp="2019-07-02T23:30:39.205">
  <mem-info id="2526" free="458752" total="45875200" percent="1">
    <mem type="tenure" free="458752" total="45875200" percent="1">
      <mem type="soa" free="0" total="45416448" percent="0" />
      <mem type="loa" free="458752" total="458752" percent="100" />
    </mem>
  </mem-info>
</gc-start>
<allocation-stats totalBytes="27266144" >
  <allocated-bytes non-tlh="40880" tlh="27225264" />
  <largest-consumer threadName="main" threadId="0000000001AB4700" bytes="27266144" />
</allocation-stats>
<gc-op id="2527" type="mark" timems="9.001" contextid="2524" timestamp="2019-07-02T23:30:39.214">
  <trace-info objectcount="596473" scancount="517490" scanbytes="13278316" />
  <finalization candidates="80" enqueued="0" />
  <ownableSynchronizers candidates="21" cleared="0" />
  <references type="soft" candidates="1850" cleared="0" enqueued="0" dynamicThreshold="19" maxThreshold="32" />
  <references type="weak" candidates="5732" cleared="0" enqueued="0" />
  <references type="phantom" candidates="101" cleared="0" enqueued="0" />
  <stringconstants candidates="13253" cleared="0"  />
</gc-op>
<gc-op id="2528" type="sweep" timems="0.601" contextid="2524" timestamp="2019-07-02T23:30:39.215" />
<gc-end id="2529" type="global" contextid="2524" durationms="9.922" usertimems="24.000" systemtimems="0.000" timestamp="2019-07-02T23:30:39.215" activeThreads="4">
  <mem-info id="2530" free="27877288" total="45875200" percent="60">
    <mem type="tenure" free="27877288" total="45875200" percent="60" micro-fragmented="96123" macro-fragmented="0">
      <mem type="soa" free="27418536" total="45416448" percent="60" />
      <mem type="loa" free="458752" total="458752" percent="100" />
    </mem>
  </mem-info>
</gc-end>
<cycle-end id="2531" type="global" contextid="2524" timestamp="2019-07-02T23:30:39.215">
  <attribute name="GC Util" value="189" />
  <attribute name="CPU Util" value="2024524628931" />
  <attribute name="Time Running"value="16760"/>
  <attribute name="Number of cores"value="4"/>
</cycle-end>
<allocation-satisfied id="2532" threadId="0000000001AB4700" bytesRequested="1168" />
<af-end id="2533" timestamp="2019-07-02T23:30:39.215" threadId="0000000001AB5088" success="true" />
<exclusive-end id="2534" timestamp="2019-07-02T23:30:39.215" durationms="10.448" />

<exclusive-start id="2535" timestamp="2019-07-02T23:30:39.218" intervalms="13.230">
  <response-info timems="0.063" idlems="0.063" threads="0" lastid="0000000001AB4700" lastname="main" />
</exclusive-start>
<af-start id="2536" threadId="0000000001AB5088" totalBytesRequested="1168" timestamp="2019-07-02T23:30:39.218" intervalms="13.231" />
<cycle-start id="2537" type="global" contextid="0" timestamp="2019-07-02T23:30:39.218" intervalms="13.229" />
  <attribute name="GC Util" value="189" />
  <attribute name="CPU Util" value="2024524628931" />
  <attribute name="Time Running"value="16760"/>
  <attribute name="Number of cores"value="4"/>
<gc-start id="2538" type="global" contextid="2537" timestamp="2019-07-02T23:30:39.218">
  <mem-info id="2539" free="458752" total="45875200" percent="1">
    <mem type="tenure" free="458752" total="45875200" percent="1">
      <mem type="soa" free="0" total="45416448" percent="0" />
      <mem type="loa" free="458752" total="458752" percent="100" />
    </mem>
  </mem-info>
</gc-start>
<allocation-stats totalBytes="27267376" >
  <allocated-bytes non-tlh="40880" tlh="27226496" />
  <largest-consumer threadName="main" threadId="0000000001AB4700" bytes="27267376" />
</allocation-stats>
<gc-op id="2540" type="mark" timems="8.804" contextid="2537" timestamp="2019-07-02T23:30:39.227">
  <trace-info objectcount="596473" scancount="517468" scanbytes="13278316" />
  <finalization candidates="80" enqueued="0" />
  <ownableSynchronizers candidates="21" cleared="0" />
  <references type="soft" candidates="1850" cleared="0" enqueued="0" dynamicThreshold="19" maxThreshold="32" />
  <references type="weak" candidates="5732" cleared="0" enqueued="0" />
  <references type="phantom" candidates="101" cleared="0" enqueued="0" />
  <stringconstants candidates="13253" cleared="0"  />
</gc-op>
<gc-op id="2541" type="sweep" timems="0.568" contextid="2537" timestamp="2019-07-02T23:30:39.228" />
<gc-end id="2542" type="global" contextid="2537" durationms="9.688" usertimems="28.000" systemtimems="0.000" timestamp="2019-07-02T23:30:39.228" activeThreads="4">
  <mem-info id="2543" free="27877288" total="45875200" percent="60">
    <mem type="tenure" free="27877288" total="45875200" percent="60" micro-fragmented="96123" macro-fragmented="0">
      <mem type="soa" free="27418536" total="45416448" percent="60" />
      <mem type="loa" free="458752" total="458752" percent="100" />
    </mem>
  </mem-info>
</gc-end>
<cycle-end id="2544" type="global" contextid="2537" timestamp="2019-07-02T23:30:39.228">
  <attribute name="GC Util" value="189" />
  <attribute name="CPU Util" value="2068169207716" />
  <attribute name="Time Running"value="16773"/>
  <attribute name="Number of cores"value="4"/>
</cycle-end>
<allocation-satisfied id="2545" threadId="0000000001AB4700" bytesRequested="1168" />
<af-end id="2546" timestamp="2019-07-02T23:30:39.228" threadId="0000000001AB5088" success="true" />
<exclusive-end id="2547" timestamp="2019-07-02T23:30:39.228" durationms="10.180" />

<exclusive-start id="2548" timestamp="2019-07-02T23:30:39.231" intervalms="13.010">
  <response-info timems="0.086" idlems="0.086" threads="0" lastid="0000000001AB4700" lastname="main" />
</exclusive-start>
<af-start id="2549" threadId="0000000001AB5088" totalBytesRequested="1168" timestamp="2019-07-02T23:30:39.231" intervalms="13.015" />
<cycle-start id="2550" type="global" contextid="0" timestamp="2019-07-02T23:30:39.231" intervalms="13.009" />
  <attribute name="GC Util" value="189" />
  <attribute name="CPU Util" value="2068169207716" />
  <attribute name="Time Running"value="16773"/>
  <attribute name="Number of cores"value="4"/>
<gc-start id="2551" type="global" contextid="2550" timestamp="2019-07-02T23:30:39.231">
  <mem-info id="2552" free="458752" total="45875200" percent="1">
    <mem type="tenure" free="458752" total="45875200" percent="1">
      <mem type="soa" free="0" total="45416448" percent="0" />
      <mem type="loa" free="458752" total="458752" percent="100" />
    </mem>
  </mem-info>
</gc-start>
<allocation-stats totalBytes="27266168" >
  <allocated-bytes non-tlh="40880" tlh="27225288" />
  <largest-consumer threadName="main" threadId="0000000001AB4700" bytes="27266168" />
</allocation-stats>
<gc-op id="2553" type="mark" timems="8.856" contextid="2550" timestamp="2019-07-02T23:30:39.240">
  <trace-info objectcount="596473" scancount="517466" scanbytes="13278316" />
  <finalization candidates="80" enqueued="0" />
  <ownableSynchronizers candidates="21" cleared="0" />
  <references type="soft" candidates="1850" cleared="0" enqueued="0" dynamicThreshold="19" maxThreshold="32" />
  <references type="weak" candidates="5732" cleared="0" enqueued="0" />
  <references type="phantom" candidates="101" cleared="0" enqueued="0" />
  <stringconstants candidates="13253" cleared="0"  />
</gc-op>
<gc-op id="2554" type="sweep" timems="0.569" contextid="2550" timestamp="2019-07-02T23:30:39.241" />
<gc-end id="2555" type="global" contextid="2550" durationms="9.745" usertimems="28.000" systemtimems="0.000" timestamp="2019-07-02T23:30:39.241" activeThreads="4">
  <mem-info id="2556" free="27877288" total="45875200" percent="60">
    <mem type="tenure" free="27877288" total="45875200" percent="60" micro-fragmented="96123" macro-fragmented="0">
      <mem type="soa" free="27418536" total="45416448" percent="60" />
      <mem type="loa" free="458752" total="458752" percent="100" />
    </mem>
  </mem-info>
</gc-end>
<cycle-end id="2557" type="global" contextid="2550" timestamp="2019-07-02T23:30:39.241">
  <attribute name="GC Util" value="189" />
  <attribute name="CPU Util" value="2057263084268" />
  <attribute name="Time Running"value="16786"/>
  <attribute name="Number of cores"value="4"/>
</cycle-end>
<allocation-satisfied id="2558" threadId="0000000001AB4700" bytesRequested="1168" />
<af-end id="2559" timestamp="2019-07-02T23:30:39.241" threadId="0000000001AB5088" success="true" />
<exclusive-end id="2560" timestamp="2019-07-02T23:30:39.241" durationms="10.275" />

<exclusive-start id="2561" timestamp="2019-07-02T23:30:39.244" intervalms="13.111">
  <response-info timems="0.086" idlems="0.086" threads="0" lastid="0000000001AB4700" lastname="main" />
</exclusive-start>
<af-start id="2562" threadId="0000000001AB5088" totalBytesRequested="1168" timestamp="2019-07-02T23:30:39.244" intervalms="13.103" />
<cycle-start id="2563" type="global" contextid="0" timestamp="2019-07-02T23:30:39.244" intervalms="13.108" />
  <attribute name="GC Util" value="189" />
  <attribute name="CPU Util" value="2057263084268" />
  <attribute name="Time Running"value="16786"/>
  <attribute name="Number of cores"value="4"/>
<gc-start id="2564" type="global" contextid="2563" timestamp="2019-07-02T23:30:39.244">
  <mem-info id="2565" free="458752" total="45875200" percent="1">
    <mem type="tenure" free="458752" total="45875200" percent="1">
      <mem type="soa" free="0" total="45416448" percent="0" />
      <mem type="loa" free="458752" total="458752" percent="100" />
    </mem>
  </mem-info>
</gc-start>
<allocation-stats totalBytes="27266144" >
  <allocated-bytes non-tlh="40880" tlh="27225264" />
  <largest-consumer threadName="main" threadId="0000000001AB4700" bytes="27266144" />
</allocation-stats>
<gc-op id="2566" type="mark" timems="8.958" contextid="2563" timestamp="2019-07-02T23:30:39.254">
  <trace-info objectcount="596473" scancount="517469" scanbytes="13278316" />
  <finalization candidates="80" enqueued="0" />
  <ownableSynchronizers candidates="21" cleared="0" />
  <references type="soft" candidates="1850" cleared="0" enqueued="0" dynamicThreshold="19" maxThreshold="32" />
  <references type="weak" candidates="5732" cleared="0" enqueued="0" />
  <references type="phantom" candidates="101" cleared="0" enqueued="0" />
  <stringconstants candidates="13253" cleared="0"  />
</gc-op>
<gc-op id="2567" type="sweep" timems="0.586" contextid="2563" timestamp="2019-07-02T23:30:39.254" />
<gc-end id="2568" type="global" contextid="2563" durationms="9.849" usertimems="28.000" systemtimems="0.000" timestamp="2019-07-02T23:30:39.254" activeThreads="4">
  <mem-info id="2569" free="27877288" total="45875200" percent="60">
    <mem type="tenure" free="27877288" total="45875200" percent="60" micro-fragmented="96123" macro-fragmented="0">
      <mem type="soa" free="27418536" total="45416448" percent="60" />
      <mem type="loa" free="458752" total="458752" percent="100" />
    </mem>
  </mem-info>
</gc-end>
<cycle-end id="2570" type="global" contextid="2563" timestamp="2019-07-02T23:30:39.254">
  <attribute name="GC Util" value="189" />
  <attribute name="CPU Util" value="2035284001702" />
  <attribute name="Time Running"value="16800"/>
  <attribute name="Number of cores"value="4"/>
</cycle-end>
<allocation-satisfied id="2571" threadId="0000000001AB4700" bytesRequested="1168" />
<af-end id="2572" timestamp="2019-07-02T23:30:39.254" threadId="0000000001AB5088" success="true" />
<exclusive-end id="2573" timestamp="2019-07-02T23:30:39.255" durationms="10.341" />

<exclusive-start id="2574" timestamp="2019-07-02T23:30:39.257" intervalms="13.205">
  <response-info timems="0.076" idlems="0.076" threads="0" lastid="0000000001AB4700" lastname="main" />
</exclusive-start>
<af-start id="2575" threadId="0000000001AB5088" totalBytesRequested="1168" timestamp="2019-07-02T23:30:39.258" intervalms="13.216" />
<cycle-start id="2576" type="global" contextid="0" timestamp="2019-07-02T23:30:39.258" intervalms="13.218" />
  <attribute name="GC Util" value="189" />
  <attribute name="CPU Util" value="2035284001702" />
  <attribute name="Time Running"value="16800"/>
  <attribute name="Number of cores"value="4"/>
<gc-start id="2577" type="global" contextid="2576" timestamp="2019-07-02T23:30:39.258">
  <mem-info id="2578" free="458752" total="45875200" percent="1">
    <mem type="tenure" free="458752" total="45875200" percent="1">
      <mem type="soa" free="0" total="45416448" percent="0" />
      <mem type="loa" free="458752" total="458752" percent="100" />
    </mem>
  </mem-info>
</gc-start>
<allocation-stats totalBytes="27266168" >
  <allocated-bytes non-tlh="40880" tlh="27225288" />
  <largest-consumer threadName="main" threadId="0000000001AB4700" bytes="27266168" />
</allocation-stats>
<gc-op id="2579" type="mark" timems="8.929" contextid="2576" timestamp="2019-07-02T23:30:39.267">
  <trace-info objectcount="596117" scancount="517110" scanbytes="13266864" />
  <finalization candidates="80" enqueued="0" />
  <ownableSynchronizers candidates="21" cleared="0" />
  <references type="soft" candidates="1850" cleared="7" enqueued="7" dynamicThreshold="19" maxThreshold="32" />
  <references type="weak" candidates="5732" cleared="0" enqueued="0" />
  <references type="phantom" candidates="101" cleared="0" enqueued="0" />
  <stringconstants candidates="13253" cleared="0"  />
</gc-op>
<gc-op id="2580" type="sweep" timems="0.535" contextid="2576" timestamp="2019-07-02T23:30:39.267" />
<gc-end id="2581" type="global" contextid="2576" durationms="9.789" usertimems="28.000" systemtimems="0.000" timestamp="2019-07-02T23:30:39.267" activeThreads="4">
  <mem-info id="2582" free="27893688" total="45875200" percent="60">
    <mem type="tenure" free="27893688" total="45875200" percent="60" micro-fragmented="80445" macro-fragmented="0">
      <mem type="soa" free="27434936" total="45416448" percent="60" />
      <mem type="loa" free="458752" total="458752" percent="100" />
    </mem>
    <pending-finalizers system="0" default="0" reference="7" classloader="0" />
  </mem-info>
</gc-end>
<cycle-end id="2583" type="global" contextid="2576" timestamp="2019-07-02T23:30:39.268">
  <attribute name="GC Util" value="191" />
  <attribute name="CPU Util" value="2040956631736" />
  <attribute name="Time Running"value="16813"/>
  <attribute name="Number of cores"value="4"/>
</cycle-end>
<allocation-satisfied id="2584" threadId="0000000001AB4700" bytesRequested="1168" />
<af-end id="2585" timestamp="2019-07-02T23:30:39.268" threadId="0000000001AB5088" success="true" />
<exclusive-end id="2586" timestamp="2019-07-02T23:30:39.268" durationms="10.297" />

<exclusive-start id="2587" timestamp="2019-07-02T23:30:39.271" intervalms="13.171">
  <response-info timems="0.110" idlems="0.110" threads="0" lastid="0000000001AB4700" lastname="main" />
</exclusive-start>
<af-start id="2588" threadId="0000000001AB5088" totalBytesRequested="1168" timestamp="2019-07-02T23:30:39.271" intervalms="13.169" />
<cycle-start id="2589" type="global" contextid="0" timestamp="2019-07-02T23:30:39.271" intervalms="13.168" />
  <attribute name="GC Util" value="191" />
  <attribute name="CPU Util" value="2040956631736" />
  <attribute name="Time Running"value="16813"/>
  <attribute name="Number of cores"value="4"/>
<gc-start id="2590" type="global" contextid="2589" timestamp="2019-07-02T23:30:39.271">
  <mem-info id="2591" free="458752" total="45875200" percent="1">
    <mem type="tenure" free="458752" total="45875200" percent="1">
      <mem type="soa" free="0" total="45416448" percent="0" />
      <mem type="loa" free="458752" total="458752" percent="100" />
    </mem>
  </mem-info>
</gc-start>
<allocation-stats totalBytes="27282584" >
  <allocated-bytes non-tlh="39712" tlh="27242872" />
  <largest-consumer threadName="main" threadId="0000000001AB4700" bytes="27278488" />
</allocation-stats>
<gc-op id="2592" type="mark" timems="8.839" contextid="2589" timestamp="2019-07-02T23:30:39.280">
  <trace-info objectcount="596104" scancount="517094" scanbytes="13266856" />
  <finalization candidates="80" enqueued="0" />
  <ownableSynchronizers candidates="21" cleared="0" />
  <references type="soft" candidates="1843" cleared="0" enqueued="0" dynamicThreshold="19" maxThreshold="32" />
  <references type="weak" candidates="5732" cleared="0" enqueued="0" />
  <references type="phantom" candidates="101" cleared="0" enqueued="0" />
  <stringconstants candidates="13253" cleared="0"  />
</gc-op>
<gc-op id="2593" type="sweep" timems="0.537" contextid="2589" timestamp="2019-07-02T23:30:39.280" />
<gc-end id="2594" type="global" contextid="2589" durationms="9.694" usertimems="24.000" systemtimems="0.000" timestamp="2019-07-02T23:30:39.281" activeThreads="4">
  <mem-info id="2595" free="27893976" total="45875200" percent="60">
    <mem type="tenure" free="27893976" total="45875200" percent="60" micro-fragmented="87897" macro-fragmented="0">
      <mem type="soa" free="27435224" total="45416448" percent="60" />
      <mem type="loa" free="458752" total="458752" percent="100" />
    </mem>
  </mem-info>
</gc-end>
<cycle-end id="2596" type="global" contextid="2589" timestamp="2019-07-02T23:30:39.281">
  <attribute name="GC Util" value="190" />
  <attribute name="CPU Util" value="2059794340037" />
  <attribute name="Time Running"value="16826"/>
  <attribute name="Number of cores"value="4"/>
</cycle-end>
<allocation-satisfied id="2597" threadId="0000000001AB4700" bytesRequested="1168" />
<af-end id="2598" timestamp="2019-07-02T23:30:39.281" threadId="0000000001AB5088" success="true" />
<exclusive-end id="2599" timestamp="2019-07-02T23:30:39.281" durationms="10.209" />

<exclusive-start id="2600" timestamp="2019-07-02T23:30:39.284" intervalms="13.044">
  <response-info timems="0.072" idlems="0.072" threads="0" lastid="0000000001AB4700" lastname="main" />
</exclusive-start>
<af-start id="2601" threadId="0000000001AB5088" totalBytesRequested="1168" timestamp="2019-07-02T23:30:39.284" intervalms="13.048" />
<cycle-start id="2602" type="global" contextid="0" timestamp="2019-07-02T23:30:39.284" intervalms="13.049" />
  <attribute name="GC Util" value="190" />
  <attribute name="CPU Util" value="2059794340037" />
  <attribute name="Time Running"value="16826"/>
  <attribute name="Number of cores"value="4"/>
<gc-start id="2603" type="global" contextid="2602" timestamp="2019-07-02T23:30:39.284">
  <mem-info id="2604" free="458752" total="45875200" percent="1">
    <mem type="tenure" free="458752" total="45875200" percent="1">
      <mem type="soa" free="0" total="45416448" percent="0" />
      <mem type="loa" free="458752" total="458752" percent="100" />
    </mem>
  </mem-info>
</gc-start>
<allocation-stats totalBytes="27279696" >
  <allocated-bytes non-tlh="40880" tlh="27238816" />
  <largest-consumer threadName="main" threadId="0000000001AB4700" bytes="27279696" />
</allocation-stats>
<gc-op id="2605" type="mark" timems="8.915" contextid="2602" timestamp="2019-07-02T23:30:39.293">
  <trace-info objectcount="596104" scancount="517098" scanbytes="13266856" />
  <finalization candidates="80" enqueued="0" />
  <ownableSynchronizers candidates="21" cleared="0" />
  <references type="soft" candidates="1843" cleared="0" enqueued="0" dynamicThreshold="19" maxThreshold="32" />
  <references type="weak" candidates="5732" cleared="0" enqueued="0" />
  <references type="phantom" candidates="101" cleared="0" enqueued="0" />
  <stringconstants candidates="13253" cleared="0"  />
</gc-op>
<gc-op id="2606" type="sweep" timems="0.606" contextid="2602" timestamp="2019-07-02T23:30:39.294" />
<gc-end id="2607" type="global" contextid="2602" durationms="9.822" usertimems="20.000" systemtimems="4.000" timestamp="2019-07-02T23:30:39.294" activeThreads="4">
  <mem-info id="2608" free="27893976" total="45875200" percent="60">
    <mem type="tenure" free="27893976" total="45875200" percent="60" micro-fragmented="87897" macro-fragmented="0">
      <mem type="soa" free="27435224" total="45416448" percent="60" />
      <mem type="loa" free="458752" total="458752" percent="100" />
    </mem>
  </mem-info>
</gc-end>
<cycle-end id="2609" type="global" contextid="2602" timestamp="2019-07-02T23:30:39.294">
  <attribute name="GC Util" value="190" />
  <attribute name="CPU Util" value="2045741724376" />
  <attribute name="Time Running"value="16839"/>
  <attribute name="Number of cores"value="4"/>
</cycle-end>
<allocation-satisfied id="2610" threadId="0000000001AB4700" bytesRequested="1168" />
<af-end id="2611" timestamp="2019-07-02T23:30:39.294" threadId="0000000001AB5088" success="true" />
<exclusive-end id="2612" timestamp="2019-07-02T23:30:39.294" durationms="10.349" />

<exclusive-start id="2613" timestamp="2019-07-02T23:30:39.297" intervalms="13.180">
  <response-info timems="0.076" idlems="0.076" threads="0" lastid="0000000001AB4700" lastname="main" />
</exclusive-start>
<af-start id="2614" threadId="0000000001AB5088" totalBytesRequested="1168" timestamp="2019-07-02T23:30:39.297" intervalms="13.178" />
<cycle-start id="2615" type="global" contextid="0" timestamp="2019-07-02T23:30:39.297" intervalms="13.178" />
  <attribute name="GC Util" value="190" />
  <attribute name="CPU Util" value="2045741724376" />
  <attribute name="Time Running"value="16839"/>
  <attribute name="Number of cores"value="4"/>
<gc-start id="2616" type="global" contextid="2615" timestamp="2019-07-02T23:30:39.297">
  <mem-info id="2617" free="458752" total="45875200" percent="1">
    <mem type="tenure" free="458752" total="45875200" percent="1">
      <mem type="soa" free="0" total="45416448" percent="0" />
      <mem type="loa" free="458752" total="458752" percent="100" />
    </mem>
  </mem-info>
</gc-start>
<allocation-stats totalBytes="27280952" >
  <allocated-bytes non-tlh="40880" tlh="27240072" />
  <largest-consumer threadName="main" threadId="0000000001AB4700" bytes="27280952" />
</allocation-stats>
<gc-op id="2618" type="mark" timems="9.047" contextid="2615" timestamp="2019-07-02T23:30:39.306">
  <trace-info objectcount="596104" scancount="517090" scanbytes="13266856" />
  <finalization candidates="80" enqueued="0" />
  <ownableSynchronizers candidates="21" cleared="0" />
  <references type="soft" candidates="1843" cleared="0" enqueued="0" dynamicThreshold="19" maxThreshold="32" />
  <references type="weak" candidates="5732" cleared="0" enqueued="0" />
  <references type="phantom" candidates="101" cleared="0" enqueued="0" />
  <stringconstants candidates="13253" cleared="0"  />
</gc-op>
<gc-op id="2619" type="sweep" timems="0.577" contextid="2615" timestamp="2019-07-02T23:30:39.307" />
<gc-end id="2620" type="global" contextid="2615" durationms="9.940" usertimems="28.000" systemtimems="0.000" timestamp="2019-07-02T23:30:39.307" activeThreads="4">
  <mem-info id="2621" free="27893976" total="45875200" percent="60">
    <mem type="tenure" free="27893976" total="45875200" percent="60" micro-fragmented="87897" macro-fragmented="0">
      <mem type="soa" free="27435224" total="45416448" percent="60" />
      <mem type="loa" free="458752" total="458752" percent="100" />
    </mem>
  </mem-info>
</gc-end>
<cycle-end id="2622" type="global" contextid="2615" timestamp="2019-07-02T23:30:39.307">
  <attribute name="GC Util" value="190" />
  <attribute name="CPU Util" value="2016192018790" />
  <attribute name="Time Running"value="16852"/>
  <attribute name="Number of cores"value="4"/>
</cycle-end>
<allocation-satisfied id="2623" threadId="0000000001AB4700" bytesRequested="1168" />
<af-end id="2624" timestamp="2019-07-02T23:30:39.307" threadId="0000000001AB5088" success="true" />
<exclusive-end id="2625" timestamp="2019-07-02T23:30:39.307" durationms="10.453" />

<exclusive-start id="2626" timestamp="2019-07-02T23:30:39.310" intervalms="13.360">
  <response-info timems="0.103" idlems="0.103" threads="0" lastid="0000000001AB4700" lastname="main" />
</exclusive-start>
<af-start id="2627" threadId="0000000001AB5088" totalBytesRequested="1168" timestamp="2019-07-02T23:30:39.310" intervalms="13.359" />
<cycle-start id="2628" type="global" contextid="0" timestamp="2019-07-02T23:30:39.310" intervalms="13.359" />
  <attribute name="GC Util" value="190" />
  <attribute name="CPU Util" value="2016192018790" />
  <attribute name="Time Running"value="16852"/>
  <attribute name="Number of cores"value="4"/>
<gc-start id="2629" type="global" contextid="2628" timestamp="2019-07-02T23:30:39.310">
  <mem-info id="2630" free="458752" total="45875200" percent="1">
    <mem type="tenure" free="458752" total="45875200" percent="1">
      <mem type="soa" free="0" total="45416448" percent="0" />
      <mem type="loa" free="458752" total="458752" percent="100" />
    </mem>
  </mem-info>
</gc-start>
<allocation-stats totalBytes="27283416" >
  <allocated-bytes non-tlh="40880" tlh="27242536" />
  <largest-consumer threadName="main" threadId="0000000001AB4700" bytes="27283416" />
</allocation-stats>
<gc-op id="2631" type="mark" timems="8.991" contextid="2628" timestamp="2019-07-02T23:30:39.320">
  <trace-info objectcount="596104" scancount="517104" scanbytes="13266856" />
  <finalization candidates="80" enqueued="0" />
  <ownableSynchronizers candidates="21" cleared="0" />
  <references type="soft" candidates="1843" cleared="0" enqueued="0" dynamicThreshold="19" maxThreshold="32" />
  <references type="weak" candidates="5732" cleared="0" enqueued="0" />
  <references type="phantom" candidates="101" cleared="0" enqueued="0" />
  <stringconstants candidates="13253" cleared="0"  />
</gc-op>
<gc-op id="2632" type="sweep" timems="0.536" contextid="2628" timestamp="2019-07-02T23:30:39.320" />
<gc-end id="2633" type="global" contextid="2628" durationms="9.847" usertimems="28.000" systemtimems="0.000" timestamp="2019-07-02T23:30:39.320" activeThreads="4">
  <mem-info id="2634" free="27893976" total="45875200" percent="60">
    <mem type="tenure" free="27893976" total="45875200" percent="60" micro-fragmented="87897" macro-fragmented="0">
      <mem type="soa" free="27435224" total="45416448" percent="60" />
      <mem type="loa" free="458752" total="458752" percent="100" />
    </mem>
  </mem-info>
</gc-end>
<cycle-end id="2635" type="global" contextid="2628" timestamp="2019-07-02T23:30:39.320">
  <attribute name="GC Util" value="190" />
  <attribute name="CPU Util" value="2028473314667" />
  <attribute name="Time Running"value="16866"/>
  <attribute name="Number of cores"value="4"/>
</cycle-end>
<allocation-satisfied id="2636" threadId="0000000001AB4700" bytesRequested="1168" />
<af-end id="2637" timestamp="2019-07-02T23:30:39.320" threadId="0000000001AB5088" success="true" />
<exclusive-end id="2638" timestamp="2019-07-02T23:30:39.320" durationms="10.342" />

<exclusive-start id="2639" timestamp="2019-07-02T23:30:39.323" intervalms="13.238">
  <response-info timems="0.114" idlems="0.114" threads="0" lastid="0000000001AB4700" lastname="main" />
</exclusive-start>
<af-start id="2640" threadId="0000000001AB5088" totalBytesRequested="1168" timestamp="2019-07-02T23:30:39.324" intervalms="13.238" />
<cycle-start id="2641" type="global" contextid="0" timestamp="2019-07-02T23:30:39.324" intervalms="13.238" />
  <attribute name="GC Util" value="190" />
  <attribute name="CPU Util" value="2028473314667" />
  <attribute name="Time Running"value="16866"/>
  <attribute name="Number of cores"value="4"/>
<gc-start id="2642" type="global" contextid="2641" timestamp="2019-07-02T23:30:39.324">
  <mem-info id="2643" free="458752" total="45875200" percent="1">
    <mem type="tenure" free="458752" total="45875200" percent="1">
      <mem type="soa" free="0" total="45416448" percent="0" />
      <mem type="loa" free="458752" total="458752" percent="100" />
    </mem>
  </mem-info>
</gc-start>
<allocation-stats totalBytes="27280928" >
  <allocated-bytes non-tlh="40880" tlh="27240048" />
  <largest-consumer threadName="main" threadId="0000000001AB4700" bytes="27280928" />
</allocation-stats>
<gc-op id="2644" type="mark" timems="9.145" contextid="2641" timestamp="2019-07-02T23:30:39.333">
  <trace-info objectcount="596104" scancount="517100" scanbytes="13266856" />
  <finalization candidates="80" enqueued="0" />
  <ownableSynchronizers candidates="21" cleared="0" />
  <references type="soft" candidates="1843" cleared="0" enqueued="0" dynamicThreshold="19" maxThreshold="32" />
  <references type="weak" candidates="5732" cleared="0" enqueued="0" />
  <references type="phantom" candidates="101" cleared="0" enqueued="0" />
  <stringconstants candidates="13253" cleared="0"  />
</gc-op>
<gc-op id="2645" type="sweep" timems="0.557" contextid="2641" timestamp="2019-07-02T23:30:39.334" />
<gc-end id="2646" type="global" contextid="2641" durationms="10.013" usertimems="28.000" systemtimems="0.000" timestamp="2019-07-02T23:30:39.334" activeThreads="4">
  <mem-info id="2647" free="27893976" total="45875200" percent="60">
    <mem type="tenure" free="27893976" total="45875200" percent="60" micro-fragmented="87897" macro-fragmented="0">
      <mem type="soa" free="27435224" total="45416448" percent="60" />
      <mem type="loa" free="458752" total="458752" percent="100" />
    </mem>
  </mem-info>
</gc-end>
<cycle-end id="2648" type="global" contextid="2641" timestamp="2019-07-02T23:30:39.334">
  <attribute name="GC Util" value="190" />
  <attribute name="CPU Util" value="1992349282778" />
  <attribute name="Time Running"value="16879"/>
  <attribute name="Number of cores"value="4"/>
</cycle-end>
<allocation-satisfied id="2649" threadId="0000000001AB4700" bytesRequested="1168" />
<af-end id="2650" timestamp="2019-07-02T23:30:39.334" threadId="0000000001AB5088" success="true" />
<exclusive-end id="2651" timestamp="2019-07-02T23:30:39.334" durationms="10.525" />

<exclusive-start id="2652" timestamp="2019-07-02T23:30:39.337" intervalms="13.982">
  <response-info timems="0.124" idlems="0.124" threads="0" lastid="0000000001AB4700" lastname="main" />
</exclusive-start>
<af-start id="2653" threadId="0000000001AB5088" totalBytesRequested="1168" timestamp="2019-07-02T23:30:39.337" intervalms="13.986" />
<cycle-start id="2654" type="global" contextid="0" timestamp="2019-07-02T23:30:39.338" intervalms="13.986" />
  <attribute name="GC Util" value="190" />
  <attribute name="CPU Util" value="1992349282778" />
  <attribute name="Time Running"value="16879"/>
  <attribute name="Number of cores"value="4"/>
<gc-start id="2655" type="global" contextid="2654" timestamp="2019-07-02T23:30:39.338">
  <mem-info id="2656" free="458752" total="45875200" percent="1">
    <mem type="tenure" free="458752" total="45875200" percent="1">
      <mem type="soa" free="0" total="45416448" percent="0" />
      <mem type="loa" free="458752" total="458752" percent="100" />
    </mem>
  </mem-info>
</gc-start>
<allocation-stats totalBytes="27204448" >
  <allocated-bytes non-tlh="40880" tlh="27163568" />
  <largest-consumer threadName="main" threadId="0000000001AB4700" bytes="27204448" />
</allocation-stats>
<gc-op id="2657" type="mark" timems="11.071" contextid="2654" timestamp="2019-07-02T23:30:39.349">
  <trace-info objectcount="596104" scancount="517116" scanbytes="13266876" />
  <finalization candidates="80" enqueued="0" />
  <ownableSynchronizers candidates="21" cleared="0" />
  <references type="soft" candidates="1843" cleared="0" enqueued="0" dynamicThreshold="19" maxThreshold="32" />
  <references type="weak" candidates="5732" cleared="0" enqueued="0" />
  <references type="phantom" candidates="101" cleared="0" enqueued="0" />
  <stringconstants candidates="13253" cleared="0"  />
</gc-op>
<gc-op id="2658" type="sweep" timems="0.585" contextid="2654" timestamp="2019-07-02T23:30:39.350" />
<gc-end id="2659" type="global" contextid="2654" durationms="11.968" usertimems="28.000" systemtimems="0.000" timestamp="2019-07-02T23:30:39.350" activeThreads="4">
  <mem-info id="2660" free="27893616" total="45875200" percent="60">
    <mem type="tenure" free="27893616" total="45875200" percent="60" micro-fragmented="91184" macro-fragmented="0">
      <mem type="soa" free="27434864" total="45416448" percent="60" />
      <mem type="loa" free="458752" total="458752" percent="100" />
    </mem>
  </mem-info>
</gc-end>
<cycle-end id="2661" type="global" contextid="2654" timestamp="2019-07-02T23:30:39.350">
  <attribute name="GC Util" value="133" />
  <attribute name="CPU Util" value="1651017740110" />
  <attribute name="Time Running"value="16895"/>
  <attribute name="Number of cores"value="4"/>
</cycle-end>
<allocation-satisfied id="2662" threadId="0000000001AB4700" bytesRequested="1168" />
<af-end id="2663" timestamp="2019-07-02T23:30:39.350" threadId="0000000001AB5088" success="true" />
<exclusive-end id="2664" timestamp="2019-07-02T23:30:39.350" durationms="12.465" />

<exclusive-start id="2665" timestamp="2019-07-02T23:30:39.353" intervalms="15.579">
  <response-info timems="0.136" idlems="0.136" threads="0" lastid="0000000001AB4700" lastname="main" />
</exclusive-start>
<af-start id="2666" threadId="0000000001AB5088" totalBytesRequested="1168" timestamp="2019-07-02T23:30:39.353" intervalms="15.603" />
<cycle-start id="2667" type="global" contextid="0" timestamp="2019-07-02T23:30:39.353" intervalms="15.598" />
  <attribute name="GC Util" value="133" />
  <attribute name="CPU Util" value="1651017740110" />
  <attribute name="Time Running"value="16895"/>
  <attribute name="Number of cores"value="4"/>
<gc-start id="2668" type="global" contextid="2667" timestamp="2019-07-02T23:30:39.353">
  <mem-info id="2669" free="458752" total="45875200" percent="1">
    <mem type="tenure" free="458752" total="45875200" percent="1">
      <mem type="soa" free="0" total="45416448" percent="0" />
      <mem type="loa" free="458752" total="458752" percent="100" />
    </mem>
  </mem-info>
</gc-start>
<allocation-stats totalBytes="27199400" >
  <allocated-bytes non-tlh="39712" tlh="27159688" />
  <largest-consumer threadName="main" threadId="0000000001AB4700" bytes="27199400" />
</allocation-stats>
<gc-op id="2670" type="mark" timems="9.050" contextid="2667" timestamp="2019-07-02T23:30:39.362">
  <trace-info objectcount="596104" scancount="517122" scanbytes="13266876" />
  <finalization candidates="80" enqueued="0" />
  <ownableSynchronizers candidates="21" cleared="0" />
  <references type="soft" candidates="1843" cleared="0" enqueued="0" dynamicThreshold="19" maxThreshold="32" />
  <references type="weak" candidates="5732" cleared="0" enqueued="0" />
  <references type="phantom" candidates="101" cleared="0" enqueued="0" />
  <stringconstants candidates="13253" cleared="0"  />
</gc-op>
<gc-op id="2671" type="sweep" timems="0.525" contextid="2667" timestamp="2019-07-02T23:30:39.363" />
<gc-end id="2672" type="global" contextid="2667" durationms="9.880" usertimems="24.000" systemtimems="0.000" timestamp="2019-07-02T23:30:39.363" activeThreads="4">
  <mem-info id="2673" free="27893616" total="45875200" percent="60">
    <mem type="tenure" free="27893616" total="45875200" percent="60" micro-fragmented="91184" macro-fragmented="0">
      <mem type="soa" free="27434864" total="45416448" percent="60" />
      <mem type="loa" free="458752" total="458752" percent="100" />
    </mem>
  </mem-info>
</gc-end>
<cycle-end id="2674" type="global" contextid="2667" timestamp="2019-07-02T23:30:39.363">
  <attribute name="GC Util" value="189" />
  <attribute name="CPU Util" value="2015407160025" />
  <attribute name="Time Running"value="16908"/>
  <attribute name="Number of cores"value="4"/>
</cycle-end>
<allocation-satisfied id="2675" threadId="0000000001AB4700" bytesRequested="1168" />
<af-end id="2676" timestamp="2019-07-02T23:30:39.363" threadId="0000000001AB5088" success="true" />
<exclusive-end id="2677" timestamp="2019-07-02T23:30:39.363" durationms="10.403" />

<exclusive-start id="2678" timestamp="2019-07-02T23:30:39.366" intervalms="13.400">
  <response-info timems="0.068" idlems="0.068" threads="0" lastid="0000000001AB4700" lastname="main" />
</exclusive-start>
<af-start id="2679" threadId="0000000001AB5088" totalBytesRequested="1168" timestamp="2019-07-02T23:30:39.366" intervalms="13.368" />
<cycle-start id="2680" type="global" contextid="0" timestamp="2019-07-02T23:30:39.367" intervalms="13.373" />
  <attribute name="GC Util" value="189" />
  <attribute name="CPU Util" value="2015407160025" />
  <attribute name="Time Running"value="16908"/>
  <attribute name="Number of cores"value="4"/>
<gc-start id="2681" type="global" contextid="2680" timestamp="2019-07-02T23:30:39.367">
  <mem-info id="2682" free="458752" total="45875200" percent="1">
    <mem type="tenure" free="458752" total="45875200" percent="1">
      <mem type="soa" free="0" total="45416448" percent="0" />
      <mem type="loa" free="458752" total="458752" percent="100" />
    </mem>
  </mem-info>
</gc-start>
<allocation-stats totalBytes="27209216" >
  <allocated-bytes non-tlh="39712" tlh="27169504" />
  <largest-consumer threadName="main" threadId="0000000001AB4700" bytes="27209216" />
</allocation-stats>
<gc-op id="2683" type="mark" timems="10.184" contextid="2680" timestamp="2019-07-02T23:30:39.377">
  <trace-info objectcount="596105" scancount="517104" scanbytes="13266900" />
  <finalization candidates="80" enqueued="0" />
  <ownableSynchronizers candidates="21" cleared="0" />
  <references type="soft" candidates="1843" cleared="0" enqueued="0" dynamicThreshold="19" maxThreshold="32" />
  <references type="weak" candidates="5732" cleared="0" enqueued="0" />
  <references type="phantom" candidates="101" cleared="0" enqueued="0" />
  <stringconstants candidates="13253" cleared="0"  />
</gc-op>
<gc-op id="2684" type="sweep" timems="0.640" contextid="2680" timestamp="2019-07-02T23:30:39.378" />
<gc-end id="2685" type="global" contextid="2680" durationms="11.147" usertimems="44.000" systemtimems="0.000" timestamp="2019-07-02T23:30:39.378" activeThreads="4">
  <mem-info id="2686" free="27893592" total="45875200" percent="60">
    <mem type="tenure" free="27893592" total="45875200" percent="60" micro-fragmented="91184" macro-fragmented="0">
      <mem type="soa" free="27434840" total="45416448" percent="60" />
      <mem type="loa" free="458752" total="458752" percent="100" />
    </mem>
  </mem-info>
</gc-end>
<cycle-end id="2687" type="global" contextid="2680" timestamp="2019-07-02T23:30:39.378">
  <attribute name="GC Util" value="187" />
  <attribute name="CPU Util" value="1790171688713" />
  <attribute name="Time Running"value="16923"/>
  <attribute name="Number of cores"value="4"/>
</cycle-end>
<allocation-satisfied id="2688" threadId="0000000001AB4700" bytesRequested="1168" />
<af-end id="2689" timestamp="2019-07-02T23:30:39.378" threadId="0000000001AB5088" success="true" />
<exclusive-end id="2690" timestamp="2019-07-02T23:30:39.378" durationms="11.643" />

<exclusive-start id="2691" timestamp="2019-07-02T23:30:39.381" intervalms="14.741">
  <response-info timems="0.121" idlems="0.121" threads="0" lastid="0000000001AB4700" lastname="main" />
</exclusive-start>
<af-start id="2692" threadId="0000000001AB5088" totalBytesRequested="1168" timestamp="2019-07-02T23:30:39.381" intervalms="14.741" />
<cycle-start id="2693" type="global" contextid="0" timestamp="2019-07-02T23:30:39.381" intervalms="14.744" />
  <attribute name="GC Util" value="187" />
  <attribute name="CPU Util" value="1790171688713" />
  <attribute name="Time Running"value="16923"/>
  <attribute name="Number of cores"value="4"/>
<gc-start id="2694" type="global" contextid="2693" timestamp="2019-07-02T23:30:39.381">
  <mem-info id="2695" free="458752" total="45875200" percent="1">
    <mem type="tenure" free="458752" total="45875200" percent="1">
      <mem type="soa" free="0" total="45416448" percent="0" />
      <mem type="loa" free="458752" total="458752" percent="100" />
    </mem>
  </mem-info>
</gc-start>
<allocation-stats totalBytes="27209912" >
  <allocated-bytes non-tlh="39712" tlh="27170200" />
  <largest-consumer threadName="main" threadId="0000000001AB4700" bytes="27209912" />
</allocation-stats>
<gc-op id="2696" type="mark" timems="9.875" contextid="2693" timestamp="2019-07-02T23:30:39.391">
  <trace-info objectcount="596105" scancount="517102" scanbytes="13266900" />
  <finalization candidates="80" enqueued="0" />
  <ownableSynchronizers candidates="21" cleared="0" />
  <references type="soft" candidates="1843" cleared="0" enqueued="0" dynamicThreshold="19" maxThreshold="32" />
  <references type="weak" candidates="5732" cleared="0" enqueued="0" />
  <references type="phantom" candidates="101" cleared="0" enqueued="0" />
  <stringconstants candidates="13253" cleared="0"  />
</gc-op>
<gc-op id="2697" type="sweep" timems="0.772" contextid="2693" timestamp="2019-07-02T23:30:39.392" />
<gc-end id="2698" type="global" contextid="2693" durationms="10.954" usertimems="40.000" systemtimems="0.000" timestamp="2019-07-02T23:30:39.392" activeThreads="4">
  <mem-info id="2699" free="27893592" total="45875200" percent="60">
    <mem type="tenure" free="27893592" total="45875200" percent="60" micro-fragmented="91184" macro-fragmented="0">
      <mem type="soa" free="27434840" total="45416448" percent="60" />
      <mem type="loa" free="458752" total="458752" percent="100" />
    </mem>
  </mem-info>
</gc-end>
<cycle-end id="2700" type="global" contextid="2693" timestamp="2019-07-02T23:30:39.392">
  <attribute name="GC Util" value="188" />
  <attribute name="CPU Util" value="1848721396471" />
  <attribute name="Time Running"value="16937"/>
  <attribute name="Number of cores"value="4"/>
</cycle-end>
<allocation-satisfied id="2701" threadId="0000000001AB4700" bytesRequested="1168" />
<af-end id="2702" timestamp="2019-07-02T23:30:39.393" threadId="0000000001AB5088" success="true" />
<exclusive-end id="2703" timestamp="2019-07-02T23:30:39.393" durationms="11.461" />

<exclusive-start id="2704" timestamp="2019-07-02T23:30:39.395" intervalms="14.339">
  <response-info timems="0.042" idlems="0.042" threads="0" lastid="0000000001AB4700" lastname="main" />
</exclusive-start>
<af-start id="2705" threadId="0000000001AB5088" totalBytesRequested="1168" timestamp="2019-07-02T23:30:39.396" intervalms="14.329" />
<cycle-start id="2706" type="global" contextid="0" timestamp="2019-07-02T23:30:39.396" intervalms="14.320" />
  <attribute name="GC Util" value="188" />
  <attribute name="CPU Util" value="1848721396471" />
  <attribute name="Time Running"value="16937"/>
  <attribute name="Number of cores"value="4"/>
<gc-start id="2707" type="global" contextid="2706" timestamp="2019-07-02T23:30:39.396">
  <mem-info id="2708" free="458752" total="45875200" percent="1">
    <mem type="tenure" free="458752" total="45875200" percent="1">
      <mem type="soa" free="0" total="45416448" percent="0" />
      <mem type="loa" free="458752" total="458752" percent="100" />
    </mem>
  </mem-info>
</gc-start>
<allocation-stats totalBytes="27209936" >
  <allocated-bytes non-tlh="39712" tlh="27170224" />
  <largest-consumer threadName="main" threadId="0000000001AB4700" bytes="27209936" />
</allocation-stats>
<gc-op id="2709" type="mark" timems="9.574" contextid="2706" timestamp="2019-07-02T23:30:39.405">
  <trace-info objectcount="596105" scancount="517124" scanbytes="13266900" />
  <finalization candidates="80" enqueued="0" />
  <ownableSynchronizers candidates="21" cleared="0" />
  <references type="soft" candidates="1843" cleared="0" enqueued="0" dynamicThreshold="19" maxThreshold="32" />
  <references type="weak" candidates="5732" cleared="0" enqueued="0" />
  <references type="phantom" candidates="101" cleared="0" enqueued="0" />
  <stringconstants candidates="13253" cleared="0"  />
</gc-op>
<gc-op id="2710" type="sweep" timems="0.536" contextid="2706" timestamp="2019-07-02T23:30:39.406" />
<gc-end id="2711" type="global" contextid="2706" durationms="10.418" usertimems="36.000" systemtimems="0.000" timestamp="2019-07-02T23:30:39.406" activeThreads="4">
  <mem-info id="2712" free="27893592" total="45875200" percent="60">
    <mem type="tenure" free="27893592" total="45875200" percent="60" micro-fragmented="91184" macro-fragmented="0">
      <mem type="soa" free="27434840" total="45416448" percent="60" />
      <mem type="loa" free="458752" total="458752" percent="100" />
    </mem>
  </mem-info>
</gc-end>
<cycle-end id="2713" type="global" contextid="2706" timestamp="2019-07-02T23:30:39.406">
  <attribute name="GC Util" value="188" />
  <attribute name="CPU Util" value="1904265492460" />
  <attribute name="Time Running"value="16951"/>
  <attribute name="Number of cores"value="4"/>
</cycle-end>
<allocation-satisfied id="2714" threadId="0000000001AB4700" bytesRequested="1168" />
<af-end id="2715" timestamp="2019-07-02T23:30:39.406" threadId="0000000001AB5088" success="true" />
<exclusive-end id="2716" timestamp="2019-07-02T23:30:39.406" durationms="10.885" />

<exclusive-start id="2717" timestamp="2019-07-02T23:30:39.409" intervalms="13.862">
  <response-info timems="0.062" idlems="0.062" threads="0" lastid="0000000001AB4700" lastname="main" />
</exclusive-start>
<af-start id="2718" threadId="0000000001AB5088" totalBytesRequested="1168" timestamp="2019-07-02T23:30:39.409" intervalms="13.867" />
<cycle-start id="2719" type="global" contextid="0" timestamp="2019-07-02T23:30:39.409" intervalms="13.881" />
  <attribute name="GC Util" value="188" />
  <attribute name="CPU Util" value="1904265492460" />
  <attribute name="Time Running"value="16951"/>
  <attribute name="Number of cores"value="4"/>
<gc-start id="2720" type="global" contextid="2719" timestamp="2019-07-02T23:30:39.410">
  <mem-info id="2721" free="458752" total="45875200" percent="1">
    <mem type="tenure" free="458752" total="45875200" percent="1">
      <mem type="soa" free="0" total="45416448" percent="0" />
      <mem type="loa" free="458752" total="458752" percent="100" />
    </mem>
  </mem-info>
</gc-start>
<allocation-stats totalBytes="27209936" >
  <allocated-bytes non-tlh="39712" tlh="27170224" />
  <largest-consumer threadName="main" threadId="0000000001AB4700" bytes="27209936" />
</allocation-stats>
<gc-op id="2722" type="mark" timems="9.795" contextid="2719" timestamp="2019-07-02T23:30:39.419">
  <trace-info objectcount="596105" scancount="517101" scanbytes="13266900" />
  <finalization candidates="80" enqueued="0" />
  <ownableSynchronizers candidates="21" cleared="0" />
  <references type="soft" candidates="1843" cleared="0" enqueued="0" dynamicThreshold="19" maxThreshold="32" />
  <references type="weak" candidates="5732" cleared="0" enqueued="0" />
  <references type="phantom" candidates="101" cleared="0" enqueued="0" />
  <stringconstants candidates="13253" cleared="0"  />
</gc-op>
<gc-op id="2723" type="sweep" timems="0.693" contextid="2719" timestamp="2019-07-02T23:30:39.420" />
<gc-end id="2724" type="global" contextid="2719" durationms="10.790" usertimems="32.000" systemtimems="0.000" timestamp="2019-07-02T23:30:39.420" activeThreads="4">
  <mem-info id="2725" free="27893592" total="45875200" percent="60">
    <mem type="tenure" free="27893592" total="45875200" percent="60" micro-fragmented="91184" macro-fragmented="0">
      <mem type="soa" free="27434840" total="45416448" percent="60" />
      <mem type="loa" free="458752" total="458752" percent="100" />
    </mem>
  </mem-info>
</gc-end>
<cycle-end id="2726" type="global" contextid="2719" timestamp="2019-07-02T23:30:39.420">
  <attribute name="GC Util" value="189" />
  <attribute name="CPU Util" value="1863499807536" />
  <attribute name="Time Running"value="16965"/>
  <attribute name="Number of cores"value="4"/>
</cycle-end>
<allocation-satisfied id="2727" threadId="0000000001AB4700" bytesRequested="1168" />
<af-end id="2728" timestamp="2019-07-02T23:30:39.421" threadId="0000000001AB5088" success="true" />
<exclusive-end id="2729" timestamp="2019-07-02T23:30:39.421" durationms="11.284" />

<exclusive-start id="2730" timestamp="2019-07-02T23:30:39.424" intervalms="14.259">
  <response-info timems="0.074" idlems="0.074" threads="0" lastid="0000000001AB4700" lastname="main" />
</exclusive-start>
<af-start id="2731" threadId="0000000001AB5088" totalBytesRequested="1168" timestamp="2019-07-02T23:30:39.424" intervalms="14.264" />
<cycle-start id="2732" type="global" contextid="0" timestamp="2019-07-02T23:30:39.424" intervalms="14.250" />
  <attribute name="GC Util" value="189" />
  <attribute name="CPU Util" value="1863499807536" />
  <attribute name="Time Running"value="16965"/>
  <attribute name="Number of cores"value="4"/>
<gc-start id="2733" type="global" contextid="2732" timestamp="2019-07-02T23:30:39.424">
  <mem-info id="2734" free="458752" total="45875200" percent="1">
    <mem type="tenure" free="458752" total="45875200" percent="1">
      <mem type="soa" free="0" total="45416448" percent="0" />
      <mem type="loa" free="458752" total="458752" percent="100" />
    </mem>
  </mem-info>
</gc-start>
<allocation-stats totalBytes="27209912" >
  <allocated-bytes non-tlh="39712" tlh="27170200" />
  <largest-consumer threadName="main" threadId="0000000001AB4700" bytes="27209912" />
</allocation-stats>
<gc-op id="2735" type="mark" timems="9.919" contextid="2732" timestamp="2019-07-02T23:30:39.434">
  <trace-info objectcount="596105" scancount="517098" scanbytes="13266900" />
  <finalization candidates="80" enqueued="0" />
  <ownableSynchronizers candidates="21" cleared="0" />
  <references type="soft" candidates="1843" cleared="0" enqueued="0" dynamicThreshold="19" maxThreshold="32" />
  <references type="weak" candidates="5732" cleared="0" enqueued="0" />
  <references type="phantom" candidates="101" cleared="0" enqueued="0" />
  <stringconstants candidates="13253" cleared="0"  />
</gc-op>
<gc-op id="2736" type="sweep" timems="0.607" contextid="2732" timestamp="2019-07-02T23:30:39.435" />
<gc-end id="2737" type="global" contextid="2732" durationms="10.834" usertimems="32.000" systemtimems="0.000" timestamp="2019-07-02T23:30:39.435" activeThreads="4">
  <mem-info id="2738" free="27893592" total="45875200" percent="60">
    <mem type="tenure" free="27893592" total="45875200" percent="60" micro-fragmented="91184" macro-fragmented="0">
      <mem type="soa" free="27434840" total="45416448" percent="60" />
      <mem type="loa" free="458752" total="458752" percent="100" />
    </mem>
  </mem-info>
</gc-end>
<cycle-end id="2739" type="global" contextid="2732" timestamp="2019-07-02T23:30:39.435">
  <attribute name="GC Util" value="183" />
  <attribute name="CPU Util" value="1839345224569" />
  <attribute name="Time Running"value="16980"/>
  <attribute name="Number of cores"value="4"/>
</cycle-end>
<allocation-satisfied id="2740" threadId="0000000001AB4700" bytesRequested="1168" />
<af-end id="2741" timestamp="2019-07-02T23:30:39.435" threadId="0000000001AB5088" success="true" />
<exclusive-end id="2742" timestamp="2019-07-02T23:30:39.435" durationms="11.316" />

<exclusive-start id="2743" timestamp="2019-07-02T23:30:39.438" intervalms="14.321">
  <response-info timems="0.078" idlems="0.078" threads="0" lastid="0000000001AB4700" lastname="main" />
</exclusive-start>
<af-start id="2744" threadId="0000000001AB5088" totalBytesRequested="1168" timestamp="2019-07-02T23:30:39.438" intervalms="14.316" />
<cycle-start id="2745" type="global" contextid="0" timestamp="2019-07-02T23:30:39.438" intervalms="14.322" />
  <attribute name="GC Util" value="183" />
  <attribute name="CPU Util" value="1839345224569" />
  <attribute name="Time Running"value="16980"/>
  <attribute name="Number of cores"value="4"/>
<gc-start id="2746" type="global" contextid="2745" timestamp="2019-07-02T23:30:39.438">
  <mem-info id="2747" free="458752" total="45875200" percent="1">
    <mem type="tenure" free="458752" total="45875200" percent="1">
      <mem type="soa" free="0" total="45416448" percent="0" />
      <mem type="loa" free="458752" total="458752" percent="100" />
    </mem>
  </mem-info>
</gc-start>
<allocation-stats totalBytes="27209936" >
  <allocated-bytes non-tlh="39712" tlh="27170224" />
  <largest-consumer threadName="main" threadId="0000000001AB4700" bytes="27209936" />
</allocation-stats>
<gc-op id="2748" type="mark" timems="9.220" contextid="2745" timestamp="2019-07-02T23:30:39.447">
  <trace-info objectcount="596105" scancount="517115" scanbytes="13266900" />
  <finalization candidates="80" enqueued="0" />
  <ownableSynchronizers candidates="21" cleared="0" />
  <references type="soft" candidates="1843" cleared="0" enqueued="0" dynamicThreshold="19" maxThreshold="32" />
  <references type="weak" candidates="5732" cleared="0" enqueued="0" />
  <references type="phantom" candidates="101" cleared="0" enqueued="0" />
  <stringconstants candidates="13253" cleared="0"  />
</gc-op>
<gc-op id="2749" type="sweep" timems="0.534" contextid="2745" timestamp="2019-07-02T23:30:39.448" />
<gc-end id="2750" type="global" contextid="2745" durationms="10.056" usertimems="28.000" systemtimems="0.000" timestamp="2019-07-02T23:30:39.448" activeThreads="4">
  <mem-info id="2751" free="27893592" total="45875200" percent="60">
    <mem type="tenure" free="27893592" total="45875200" percent="60" micro-fragmented="91184" macro-fragmented="0">
      <mem type="soa" free="27434840" total="45416448" percent="60" />
      <mem type="loa" free="458752" total="458752" percent="100" />
    </mem>
  </mem-info>
</gc-end>
<cycle-end id="2752" type="global" contextid="2745" timestamp="2019-07-02T23:30:39.448">
  <attribute name="GC Util" value="189" />
  <attribute name="CPU Util" value="1978267346716" />
  <attribute name="Time Running"value="16993"/>
  <attribute name="Number of cores"value="4"/>
</cycle-end>
<allocation-satisfied id="2753" threadId="0000000001AB4700" bytesRequested="1168" />
<af-end id="2754" timestamp="2019-07-02T23:30:39.448" threadId="0000000001AB5088" success="true" />
<exclusive-end id="2755" timestamp="2019-07-02T23:30:39.448" durationms="10.564" />

<exclusive-start id="2756" timestamp="2019-07-02T23:30:39.452" intervalms="13.654">
  <response-info timems="0.093" idlems="0.093" threads="0" lastid="0000000001AB4700" lastname="main" />
</exclusive-start>
<af-start id="2757" threadId="0000000001AB5088" totalBytesRequested="1168" timestamp="2019-07-02T23:30:39.452" intervalms="13.666" />
<cycle-start id="2758" type="global" contextid="0" timestamp="2019-07-02T23:30:39.452" intervalms="13.660" />
  <attribute name="GC Util" value="189" />
  <attribute name="CPU Util" value="1978267346716" />
  <attribute name="Time Running"value="16993"/>
  <attribute name="Number of cores"value="4"/>
<gc-start id="2759" type="global" contextid="2758" timestamp="2019-07-02T23:30:39.452">
  <mem-info id="2760" free="458752" total="45875200" percent="1">
    <mem type="tenure" free="458752" total="45875200" percent="1">
      <mem type="soa" free="0" total="45416448" percent="0" />
      <mem type="loa" free="458752" total="458752" percent="100" />
    </mem>
  </mem-info>
</gc-start>
<allocation-stats totalBytes="27209936" >
  <allocated-bytes non-tlh="39712" tlh="27170224" />
  <largest-consumer threadName="main" threadId="0000000001AB4700" bytes="27209936" />
</allocation-stats>
<gc-op id="2761" type="mark" timems="9.834" contextid="2758" timestamp="2019-07-02T23:30:39.462">
  <trace-info objectcount="596105" scancount="517122" scanbytes="13266900" />
  <finalization candidates="80" enqueued="0" />
  <ownableSynchronizers candidates="21" cleared="0" />
  <references type="soft" candidates="1843" cleared="0" enqueued="0" dynamicThreshold="19" maxThreshold="32" />
  <references type="weak" candidates="5732" cleared="0" enqueued="0" />
  <references type="phantom" candidates="101" cleared="0" enqueued="0" />
  <stringconstants candidates="13253" cleared="0"  />
</gc-op>
<gc-op id="2762" type="sweep" timems="0.628" contextid="2758" timestamp="2019-07-02T23:30:39.462" />
<gc-end id="2763" type="global" contextid="2758" durationms="10.771" usertimems="32.000" systemtimems="8.000" timestamp="2019-07-02T23:30:39.463" activeThreads="4">
  <mem-info id="2764" free="27893592" total="45875200" percent="60">
    <mem type="tenure" free="27893592" total="45875200" percent="60" micro-fragmented="91184" macro-fragmented="0">
      <mem type="soa" free="27434840" total="45416448" percent="60" />
      <mem type="loa" free="458752" total="458752" percent="100" />
    </mem>
  </mem-info>
</gc-end>
<cycle-end id="2765" type="global" contextid="2758" timestamp="2019-07-02T23:30:39.463">
  <attribute name="GC Util" value="185" />
  <attribute name="CPU Util" value="1856047662491" />
  <attribute name="Time Running"value="17008"/>
  <attribute name="Number of cores"value="4"/>
</cycle-end>
<allocation-satisfied id="2766" threadId="0000000001AB4700" bytesRequested="1168" />
<af-end id="2767" timestamp="2019-07-02T23:30:39.463" threadId="0000000001AB5088" success="true" />
<exclusive-end id="2768" timestamp="2019-07-02T23:30:39.463" durationms="11.276" />

<exclusive-start id="2769" timestamp="2019-07-02T23:30:39.466" intervalms="14.281">
  <response-info timems="0.086" idlems="0.086" threads="0" lastid="0000000001AB4700" lastname="main" />
</exclusive-start>
<af-start id="2770" threadId="0000000001AB5088" totalBytesRequested="1168" timestamp="2019-07-02T23:30:39.466" intervalms="14.272" />
<cycle-start id="2771" type="global" contextid="0" timestamp="2019-07-02T23:30:39.466" intervalms="14.273" />
  <attribute name="GC Util" value="185" />
  <attribute name="CPU Util" value="1856047662491" />
  <attribute name="Time Running"value="17008"/>
  <attribute name="Number of cores"value="4"/>
<gc-start id="2772" type="global" contextid="2771" timestamp="2019-07-02T23:30:39.466">
  <mem-info id="2773" free="458752" total="45875200" percent="1">
    <mem type="tenure" free="458752" total="45875200" percent="1">
      <mem type="soa" free="0" total="45416448" percent="0" />
      <mem type="loa" free="458752" total="458752" percent="100" />
    </mem>
  </mem-info>
</gc-start>
<allocation-stats totalBytes="27209936" >
  <allocated-bytes non-tlh="39712" tlh="27170224" />
  <largest-consumer threadName="main" threadId="0000000001AB4700" bytes="27209936" />
</allocation-stats>
<gc-op id="2774" type="mark" timems="9.309" contextid="2771" timestamp="2019-07-02T23:30:39.475">
  <trace-info objectcount="596105" scancount="517102" scanbytes="13266900" />
  <finalization candidates="80" enqueued="0" />
  <ownableSynchronizers candidates="21" cleared="0" />
  <references type="soft" candidates="1843" cleared="0" enqueued="0" dynamicThreshold="19" maxThreshold="32" />
  <references type="weak" candidates="5732" cleared="0" enqueued="0" />
  <references type="phantom" candidates="101" cleared="0" enqueued="0" />
  <stringconstants candidates="13253" cleared="0"  />
</gc-op>
<gc-op id="2775" type="sweep" timems="0.580" contextid="2771" timestamp="2019-07-02T23:30:39.476" />
<gc-end id="2776" type="global" contextid="2771" durationms="10.190" usertimems="40.000" systemtimems="0.000" timestamp="2019-07-02T23:30:39.476" activeThreads="4">
  <mem-info id="2777" free="27893592" total="45875200" percent="60">
    <mem type="tenure" free="27893592" total="45875200" percent="60" micro-fragmented="91184" macro-fragmented="0">
      <mem type="soa" free="27434840" total="45416448" percent="60" />
      <mem type="loa" free="458752" total="458752" percent="100" />
    </mem>
  </mem-info>
</gc-end>
<cycle-end id="2778" type="global" contextid="2771" timestamp="2019-07-02T23:30:39.476">
  <attribute name="GC Util" value="187" />
  <attribute name="CPU Util" value="1959717830333" />
  <attribute name="Time Running"value="17022"/>
  <attribute name="Number of cores"value="4"/>
</cycle-end>
<allocation-satisfied id="2779" threadId="0000000001AB4700" bytesRequested="1168" />
<af-end id="2780" timestamp="2019-07-02T23:30:39.476" threadId="0000000001AB5088" success="true" />
<exclusive-end id="2781" timestamp="2019-07-02T23:30:39.477" durationms="10.697" />

<exclusive-start id="2782" timestamp="2019-07-02T23:30:39.479" intervalms="13.642">
  <response-info timems="0.093" idlems="0.093" threads="0" lastid="0000000001AB4700" lastname="main" />
</exclusive-start>
<af-start id="2783" threadId="0000000001AB5088" totalBytesRequested="1168" timestamp="2019-07-02T23:30:39.480" intervalms="13.636" />
<cycle-start id="2784" type="global" contextid="0" timestamp="2019-07-02T23:30:39.480" intervalms="13.633" />
  <attribute name="GC Util" value="187" />
  <attribute name="CPU Util" value="1959717830333" />
  <attribute name="Time Running"value="17022"/>
  <attribute name="Number of cores"value="4"/>
<gc-start id="2785" type="global" contextid="2784" timestamp="2019-07-02T23:30:39.480">
  <mem-info id="2786" free="458752" total="45875200" percent="1">
    <mem type="tenure" free="458752" total="45875200" percent="1">
      <mem type="soa" free="0" total="45416448" percent="0" />
      <mem type="loa" free="458752" total="458752" percent="100" />
    </mem>
  </mem-info>
</gc-start>
<allocation-stats totalBytes="27209912" >
  <allocated-bytes non-tlh="39712" tlh="27170200" />
  <largest-consumer threadName="main" threadId="0000000001AB4700" bytes="27209912" />
</allocation-stats>
<gc-op id="2787" type="mark" timems="9.484" contextid="2784" timestamp="2019-07-02T23:30:39.489">
  <trace-info objectcount="596105" scancount="517093" scanbytes="13266900" />
  <finalization candidates="80" enqueued="0" />
  <ownableSynchronizers candidates="21" cleared="0" />
  <references type="soft" candidates="1843" cleared="0" enqueued="0" dynamicThreshold="19" maxThreshold="32" />
  <references type="weak" candidates="5732" cleared="0" enqueued="0" />
  <references type="phantom" candidates="101" cleared="0" enqueued="0" />
  <stringconstants candidates="13253" cleared="0"  />
</gc-op>
<gc-op id="2788" type="sweep" timems="0.622" contextid="2784" timestamp="2019-07-02T23:30:39.490" />
<gc-end id="2789" type="global" contextid="2784" durationms="10.419" usertimems="32.000" systemtimems="4.000" timestamp="2019-07-02T23:30:39.490" activeThreads="4">
  <mem-info id="2790" free="27893592" total="45875200" percent="60">
    <mem type="tenure" free="27893592" total="45875200" percent="60" micro-fragmented="91184" macro-fragmented="0">
      <mem type="soa" free="27434840" total="45416448" percent="60" />
      <mem type="loa" free="458752" total="458752" percent="100" />
    </mem>
  </mem-info>
</gc-end>
<cycle-end id="2791" type="global" contextid="2784" timestamp="2019-07-02T23:30:39.490">
  <attribute name="GC Util" value="185" />
  <attribute name="CPU Util" value="1921207183595" />
  <attribute name="Time Running"value="17035"/>
  <attribute name="Number of cores"value="4"/>
</cycle-end>
<allocation-satisfied id="2792" threadId="0000000001AB4700" bytesRequested="1168" />
<af-end id="2793" timestamp="2019-07-02T23:30:39.490" threadId="0000000001AB5088" success="true" />
<exclusive-end id="2794" timestamp="2019-07-02T23:30:39.490" durationms="10.892" />

<exclusive-start id="2795" timestamp="2019-07-02T23:30:39.493" intervalms="13.965">
  <response-info timems="0.073" idlems="0.073" threads="0" lastid="0000000001AB4700" lastname="main" />
</exclusive-start>
<af-start id="2796" threadId="0000000001AB5088" totalBytesRequested="1168" timestamp="2019-07-02T23:30:39.494" intervalms="13.971" />
<cycle-start id="2797" type="global" contextid="0" timestamp="2019-07-02T23:30:39.494" intervalms="13.971" />
  <attribute name="GC Util" value="185" />
  <attribute name="CPU Util" value="1921207183595" />
  <attribute name="Time Running"value="17035"/>
  <attribute name="Number of cores"value="4"/>
<gc-start id="2798" type="global" contextid="2797" timestamp="2019-07-02T23:30:39.494">
  <mem-info id="2799" free="458752" total="45875200" percent="1">
    <mem type="tenure" free="458752" total="45875200" percent="1">
      <mem type="soa" free="0" total="45416448" percent="0" />
      <mem type="loa" free="458752" total="458752" percent="100" />
    </mem>
  </mem-info>
</gc-start>
<allocation-stats totalBytes="27209936" >
  <allocated-bytes non-tlh="39712" tlh="27170224" />
  <largest-consumer threadName="main" threadId="0000000001AB4700" bytes="27209936" />
</allocation-stats>
<gc-op id="2800" type="mark" timems="9.542" contextid="2797" timestamp="2019-07-02T23:30:39.503">
  <trace-info objectcount="596105" scancount="517093" scanbytes="13266900" />
  <finalization candidates="80" enqueued="0" />
  <ownableSynchronizers candidates="21" cleared="0" />
  <references type="soft" candidates="1843" cleared="0" enqueued="0" dynamicThreshold="19" maxThreshold="32" />
  <references type="weak" candidates="5732" cleared="0" enqueued="0" />
  <references type="phantom" candidates="101" cleared="0" enqueued="0" />
  <stringconstants candidates="13253" cleared="0"  />
</gc-op>
<gc-op id="2801" type="sweep" timems="0.575" contextid="2797" timestamp="2019-07-02T23:30:39.504" />
<gc-end id="2802" type="global" contextid="2797" durationms="10.419" usertimems="40.000" systemtimems="0.000" timestamp="2019-07-02T23:30:39.504" activeThreads="4">
  <mem-info id="2803" free="27893592" total="45875200" percent="60">
    <mem type="tenure" free="27893592" total="45875200" percent="60" micro-fragmented="91184" macro-fragmented="0">
      <mem type="soa" free="27434840" total="45416448" percent="60" />
      <mem type="loa" free="458752" total="458752" percent="100" />
    </mem>
  </mem-info>
</gc-end>
<cycle-end id="2804" type="global" contextid="2797" timestamp="2019-07-02T23:30:39.504">
  <attribute name="GC Util" value="189" />
  <attribute name="CPU Util" value="1911922603100" />
  <attribute name="Time Running"value="17049"/>
  <attribute name="Number of cores"value="4"/>
</cycle-end>
<allocation-satisfied id="2805" threadId="0000000001AB4700" bytesRequested="1168" />
<af-end id="2806" timestamp="2019-07-02T23:30:39.504" threadId="0000000001AB5088" success="true" />
<exclusive-end id="2807" timestamp="2019-07-02T23:30:39.504" durationms="10.928" />

<exclusive-start id="2808" timestamp="2019-07-02T23:30:39.507" intervalms="13.883">
  <response-info timems="0.072" idlems="0.072" threads="0" lastid="0000000001AB4700" lastname="main" />
</exclusive-start>
<af-start id="2809" threadId="0000000001AB5088" totalBytesRequested="1168" timestamp="2019-07-02T23:30:39.507" intervalms="13.879" />
<cycle-start id="2810" type="global" contextid="0" timestamp="2019-07-02T23:30:39.507" intervalms="13.893" />
  <attribute name="GC Util" value="189" />
  <attribute name="CPU Util" value="1911922603100" />
  <attribute name="Time Running"value="17049"/>
  <attribute name="Number of cores"value="4"/>
<gc-start id="2811" type="global" contextid="2810" timestamp="2019-07-02T23:30:39.508">
  <mem-info id="2812" free="458752" total="45875200" percent="1">
    <mem type="tenure" free="458752" total="45875200" percent="1">
      <mem type="soa" free="0" total="45416448" percent="0" />
      <mem type="loa" free="458752" total="458752" percent="100" />
    </mem>
  </mem-info>
</gc-start>
<allocation-stats totalBytes="27209936" >
  <allocated-bytes non-tlh="39712" tlh="27170224" />
  <largest-consumer threadName="main" threadId="0000000001AB4700" bytes="27209936" />
</allocation-stats>
<gc-op id="2813" type="mark" timems="10.206" contextid="2810" timestamp="2019-07-02T23:30:39.518">
  <trace-info objectcount="596105" scancount="517096" scanbytes="13266900" />
  <finalization candidates="80" enqueued="0" />
  <ownableSynchronizers candidates="21" cleared="0" />
  <references type="soft" candidates="1843" cleared="0" enqueued="0" dynamicThreshold="19" maxThreshold="32" />
  <references type="weak" candidates="5732" cleared="0" enqueued="0" />
  <references type="phantom" candidates="101" cleared="0" enqueued="0" />
  <stringconstants candidates="13253" cleared="0"  />
</gc-op>
<gc-op id="2814" type="sweep" timems="0.725" contextid="2810" timestamp="2019-07-02T23:30:39.519" />
<gc-end id="2815" type="global" contextid="2810" durationms="11.240" usertimems="28.000" systemtimems="0.000" timestamp="2019-07-02T23:30:39.519" activeThreads="4">
  <mem-info id="2816" free="27893592" total="45875200" percent="60">
    <mem type="tenure" free="27893592" total="45875200" percent="60" micro-fragmented="91184" macro-fragmented="0">
      <mem type="soa" free="27434840" total="45416448" percent="60" />
      <mem type="loa" free="458752" total="458752" percent="100" />
    </mem>
  </mem-info>
</gc-end>
<cycle-end id="2817" type="global" contextid="2810" timestamp="2019-07-02T23:30:39.519">
  <attribute name="GC Util" value="186" />
  <attribute name="CPU Util" value="1787819550794" />
  <attribute name="Time Running"value="17064"/>
  <attribute name="Number of cores"value="4"/>
</cycle-end>
<allocation-satisfied id="2818" threadId="0000000001AB4700" bytesRequested="1168" />
<af-end id="2819" timestamp="2019-07-02T23:30:39.519" threadId="0000000001AB5088" success="true" />
<exclusive-end id="2820" timestamp="2019-07-02T23:30:39.519" durationms="11.732" />

<exclusive-start id="2821" timestamp="2019-07-02T23:30:39.536" intervalms="28.627">
  <response-info timems="0.078" idlems="0.078" threads="0" lastid="0000000001AB4700" lastname="main" />
</exclusive-start>
<af-start id="2822" threadId="0000000001AB5088" totalBytesRequested="24" timestamp="2019-07-02T23:30:39.536" intervalms="28.650" />
<cycle-start id="2823" type="global" contextid="0" timestamp="2019-07-02T23:30:39.536" intervalms="28.642" />
  <attribute name="GC Util" value="186" />
  <attribute name="CPU Util" value="1787819550794" />
  <attribute name="Time Running"value="17064"/>
  <attribute name="Number of cores"value="4"/>
<gc-start id="2824" type="global" contextid="2823" timestamp="2019-07-02T23:30:39.536">
  <mem-info id="2825" free="458752" total="45875200" percent="1">
    <mem type="tenure" free="458752" total="45875200" percent="1">
      <mem type="soa" free="0" total="45416448" percent="0" />
      <mem type="loa" free="458752" total="458752" percent="100" />
    </mem>
  </mem-info>
</gc-start>
<allocation-stats totalBytes="27405072" >
  <allocated-bytes non-tlh="39712" tlh="27365360" />
  <largest-consumer threadName="main" threadId="0000000001AB4700" bytes="27405072" />
</allocation-stats>
<gc-op id="2826" type="mark" timems="9.698" contextid="2823" timestamp="2019-07-02T23:30:39.546">
  <trace-info objectcount="596230" scancount="517228" scanbytes="13271152" />
  <finalization candidates="80" enqueued="0" />
  <ownableSynchronizers candidates="21" cleared="0" />
  <references type="soft" candidates="1843" cleared="0" enqueued="0" dynamicThreshold="19" maxThreshold="32" />
  <references type="weak" candidates="5732" cleared="0" enqueued="0" />
  <references type="phantom" candidates="101" cleared="0" enqueued="0" />
  <stringconstants candidates="13253" cleared="0"  />
</gc-op>
<gc-op id="2827" type="sweep" timems="0.637" contextid="2823" timestamp="2019-07-02T23:30:39.547" />
<gc-end id="2828" type="global" contextid="2823" durationms="10.657" usertimems="40.000" systemtimems="0.000" timestamp="2019-07-02T23:30:39.547" activeThreads="4">
  <mem-info id="2829" free="27887616" total="45875200" percent="60">
    <mem type="tenure" free="27887616" total="45875200" percent="60" micro-fragmented="89883" macro-fragmented="0">
      <mem type="soa" free="27428864" total="45416448" percent="60" />
      <mem type="loa" free="458752" total="458752" percent="100" />
    </mem>
  </mem-info>
</gc-end>
<cycle-end id="2830" type="global" contextid="2823" timestamp="2019-07-02T23:30:39.547">
  <attribute name="GC Util" value="187" />
  <attribute name="CPU Util" value="1882208993100" />
  <attribute name="Time Running"value="17092"/>
  <attribute name="Number of cores"value="4"/>
</cycle-end>
<allocation-satisfied id="2831" threadId="0000000001AB4700" bytesRequested="24" />
<af-end id="2832" timestamp="2019-07-02T23:30:39.547" threadId="0000000001AB5088" success="true" />
<exclusive-end id="2833" timestamp="2019-07-02T23:30:39.547" durationms="11.172" />

<exclusive-start id="2834" timestamp="2019-07-02T23:30:39.594" intervalms="58.488">
  <response-info timems="0.021" idlems="0.021" threads="0" lastid="0000000001AB4700" lastname="main" />
</exclusive-start>
<af-start id="2835" threadId="0000000001AB5088" totalBytesRequested="24" timestamp="2019-07-02T23:30:39.595" intervalms="58.493" />
<cycle-start id="2836" type="global" contextid="0" timestamp="2019-07-02T23:30:39.595" intervalms="58.495" />
  <attribute name="GC Util" value="187" />
  <attribute name="CPU Util" value="1882208993100" />
  <attribute name="Time Running"value="17092"/>
  <attribute name="Number of cores"value="4"/>
<gc-start id="2837" type="global" contextid="2836" timestamp="2019-07-02T23:30:39.595">
  <mem-info id="2838" free="458752" total="45875200" percent="1">
    <mem type="tenure" free="458752" total="45875200" percent="1">
      <mem type="soa" free="0" total="45416448" percent="0" />
      <mem type="loa" free="458752" total="458752" percent="100" />
    </mem>
  </mem-info>
</gc-start>
<allocation-stats totalBytes="27424120" >
  <allocated-bytes non-tlh="0" tlh="27424120" />
  <largest-consumer threadName="main" threadId="0000000001AB4700" bytes="27424120" />
</allocation-stats>
<gc-op id="2839" type="mark" timems="9.285" contextid="2836" timestamp="2019-07-02T23:30:39.604">
  <trace-info objectcount="596229" scancount="517222" scanbytes="13271128" />
  <finalization candidates="80" enqueued="0" />
  <ownableSynchronizers candidates="21" cleared="0" />
  <references type="soft" candidates="1843" cleared="0" enqueued="0" dynamicThreshold="19" maxThreshold="32" />
  <references type="weak" candidates="5732" cleared="0" enqueued="0" />
  <references type="phantom" candidates="101" cleared="0" enqueued="0" />
  <stringconstants candidates="13253" cleared="0"  />
</gc-op>
<gc-op id="2840" type="sweep" timems="0.604" contextid="2836" timestamp="2019-07-02T23:30:39.605" />
<gc-end id="2841" type="global" contextid="2836" durationms="10.211" usertimems="28.000" systemtimems="0.000" timestamp="2019-07-02T23:30:39.605" activeThreads="4">
  <mem-info id="2842" free="27887640" total="45875200" percent="60">
    <mem type="tenure" free="27887640" total="45875200" percent="60" micro-fragmented="89883" macro-fragmented="0">
      <mem type="soa" free="27428888" total="45416448" percent="60" />
      <mem type="loa" free="458752" total="458752" percent="100" />
    </mem>
  </mem-info>
</gc-end>
<cycle-end id="2843" type="global" contextid="2836" timestamp="2019-07-02T23:30:39.605">
  <attribute name="GC Util" value="187" />
  <attribute name="CPU Util" value="1963389736014" />
  <attribute name="Time Running"value="17150"/>
  <attribute name="Number of cores"value="4"/>
</cycle-end>
<allocation-satisfied id="2844" threadId="0000000001AB4700" bytesRequested="24" />
<af-end id="2845" timestamp="2019-07-02T23:30:39.605" threadId="0000000001AB5088" success="true" />
<exclusive-end id="2846" timestamp="2019-07-02T23:30:39.605" durationms="10.799" />

<exclusive-start id="2847" timestamp="2019-07-02T23:30:39.649" intervalms="54.353">
  <response-info timems="0.142" idlems="0.142" threads="0" lastid="0000000001AB4700" lastname="main" />
</exclusive-start>
<af-start id="2848" threadId="0000000001AB5088" totalBytesRequested="80" timestamp="2019-07-02T23:30:39.649" intervalms="54.343" />
<cycle-start id="2849" type="global" contextid="0" timestamp="2019-07-02T23:30:39.649" intervalms="54.343" />
  <attribute name="GC Util" value="187" />
  <attribute name="CPU Util" value="1963389736014" />
  <attribute name="Time Running"value="17150"/>
  <attribute name="Number of cores"value="4"/>
<gc-start id="2850" type="global" contextid="2849" timestamp="2019-07-02T23:30:39.649">
  <mem-info id="2851" free="458752" total="45875200" percent="1">
    <mem type="tenure" free="458752" total="45875200" percent="1">
      <mem type="soa" free="0" total="45416448" percent="0" />
      <mem type="loa" free="458752" total="458752" percent="100" />
    </mem>
  </mem-info>
</gc-start>
<allocation-stats totalBytes="27424832" >
  <allocated-bytes non-tlh="0" tlh="27424832" />
  <largest-consumer threadName="main" threadId="0000000001AB4700" bytes="27424832" />
</allocation-stats>
<gc-op id="2852" type="mark" timems="9.286" contextid="2849" timestamp="2019-07-02T23:30:39.658">
  <trace-info objectcount="596294" scancount="517286" scanbytes="13273228" />
  <finalization candidates="80" enqueued="0" />
  <ownableSynchronizers candidates="21" cleared="0" />
  <references type="soft" candidates="1843" cleared="0" enqueued="0" dynamicThreshold="19" maxThreshold="32" />
  <references type="weak" candidates="5755" cleared="0" enqueued="0" />
  <references type="phantom" candidates="101" cleared="0" enqueued="0" />
  <stringconstants candidates="13253" cleared="0"  />
</gc-op>
<gc-op id="2853" type="sweep" timems="0.555" contextid="2849" timestamp="2019-07-02T23:30:39.659" />
<gc-end id="2854" type="global" contextid="2849" durationms="10.209" usertimems="36.000" systemtimems="4.000" timestamp="2019-07-02T23:30:39.659" activeThreads="4">
  <mem-info id="2855" free="27876872" total="45875200" percent="60">
    <mem type="tenure" free="27876872" total="45875200" percent="60" micro-fragmented="78385" macro-fragmented="0">
      <mem type="soa" free="27418120" total="45416448" percent="60" />
      <mem type="loa" free="458752" total="458752" percent="100" />
    </mem>
  </mem-info>
</gc-end>
<cycle-end id="2856" type="global" contextid="2849" timestamp="2019-07-02T23:30:39.659">
  <attribute name="GC Util" value="189" />
  <attribute name="CPU Util" value="1963306985407" />
  <attribute name="Time Running"value="17204"/>
  <attribute name="Number of cores"value="4"/>
</cycle-end>
<allocation-satisfied id="2857" threadId="0000000001AB4700" bytesRequested="80" />
<af-end id="2858" timestamp="2019-07-02T23:30:39.660" threadId="0000000001AB5088" success="true" />
<exclusive-end id="2859" timestamp="2019-07-02T23:30:39.660" durationms="10.832" />

<exclusive-start id="2860" timestamp="2019-07-02T23:30:39.701" intervalms="52.608">
  <response-info timems="0.100" idlems="0.100" threads="0" lastid="0000000001AB4700" lastname="main" />
</exclusive-start>
<af-start id="2861" threadId="0000000001AB5088" totalBytesRequested="32" timestamp="2019-07-02T23:30:39.702" intervalms="52.667" />
<cycle-start id="2862" type="global" contextid="0" timestamp="2019-07-02T23:30:39.702" intervalms="52.688" />
  <attribute name="GC Util" value="189" />
  <attribute name="CPU Util" value="1963306985407" />
  <attribute name="Time Running"value="17204"/>
  <attribute name="Number of cores"value="4"/>
<gc-start id="2863" type="global" contextid="2862" timestamp="2019-07-02T23:30:39.702">
  <mem-info id="2864" free="458752" total="45875200" percent="1">
    <mem type="tenure" free="458752" total="45875200" percent="1">
      <mem type="soa" free="0" total="45416448" percent="0" />
      <mem type="loa" free="458752" total="458752" percent="100" />
    </mem>
  </mem-info>
</gc-start>
<allocation-stats totalBytes="27414464" >
  <allocated-bytes non-tlh="0" tlh="27414464" />
  <largest-consumer threadName="main" threadId="0000000001AB4700" bytes="27414464" />
</allocation-stats>
<gc-op id="2865" type="mark" timems="9.461" contextid="2862" timestamp="2019-07-02T23:30:39.711">
  <trace-info objectcount="596301" scancount="517315" scanbytes="13273484" />
  <finalization candidates="80" enqueued="0" />
  <ownableSynchronizers candidates="21" cleared="0" />
  <references type="soft" candidates="1843" cleared="0" enqueued="0" dynamicThreshold="19" maxThreshold="32" />
  <references type="weak" candidates="5755" cleared="0" enqueued="0" />
  <references type="phantom" candidates="101" cleared="0" enqueued="0" />
  <stringconstants candidates="13253" cleared="0"  />
</gc-op>
<gc-op id="2866" type="sweep" timems="0.583" contextid="2862" timestamp="2019-07-02T23:30:39.712" />
<gc-end id="2867" type="global" contextid="2862" durationms="10.471" usertimems="40.000" systemtimems="0.000" timestamp="2019-07-02T23:30:39.712" activeThreads="4">
  <mem-info id="2868" free="27876160" total="45875200" percent="60">
    <mem type="tenure" free="27876160" total="45875200" percent="60" micro-fragmented="78785" macro-fragmented="0">
      <mem type="soa" free="27417408" total="45416448" percent="60" />
      <mem type="loa" free="458752" total="458752" percent="100" />
    </mem>
  </mem-info>
</gc-end>
<cycle-end id="2869" type="global" contextid="2862" timestamp="2019-07-02T23:30:39.712">
  <attribute name="GC Util" value="188" />
  <attribute name="CPU Util" value="1926411616468" />
  <attribute name="Time Running"value="17257"/>
  <attribute name="Number of cores"value="4"/>
</cycle-end>
<allocation-satisfied id="2870" threadId="0000000001AB4700" bytesRequested="32" />
<af-end id="2871" timestamp="2019-07-02T23:30:39.713" threadId="0000000001AB5088" success="true" />
<exclusive-end id="2872" timestamp="2019-07-02T23:30:39.713" durationms="11.203" />

<exclusive-start id="2873" timestamp="2019-07-02T23:30:39.728" intervalms="26.937">
  <response-info timems="0.092" idlems="0.092" threads="0" lastid="0000000001AB4700" lastname="main" />
</exclusive-start>
<af-start id="2874" threadId="0000000001AB5088" totalBytesRequested="176" timestamp="2019-07-02T23:30:39.728" intervalms="26.926" />
<cycle-start id="2875" type="global" contextid="0" timestamp="2019-07-02T23:30:39.729" intervalms="26.926" />
  <attribute name="GC Util" value="188" />
  <attribute name="CPU Util" value="1926411616468" />
  <attribute name="Time Running"value="17257"/>
  <attribute name="Number of cores"value="4"/>
<gc-start id="2876" type="global" contextid="2875" timestamp="2019-07-02T23:30:39.729">
  <mem-info id="2877" free="458752" total="45875200" percent="1">
    <mem type="tenure" free="458752" total="45875200" percent="1">
      <mem type="soa" free="0" total="45416448" percent="0" />
      <mem type="loa" free="458752" total="458752" percent="100" />
    </mem>
  </mem-info>
</gc-start>
<allocation-stats totalBytes="27397600" >
  <allocated-bytes non-tlh="0" tlh="27397600" />
  <largest-consumer threadName="main" threadId="0000000001AB4700" bytes="27397600" />
</allocation-stats>
<gc-op id="2878" type="mark" timems="10.383" contextid="2875" timestamp="2019-07-02T23:30:39.739">
  <trace-info objectcount="596126" scancount="517123" scanbytes="13267556" />
  <finalization candidates="80" enqueued="0" />
  <ownableSynchronizers candidates="21" cleared="0" />
  <references type="soft" candidates="1843" cleared="0" enqueued="0" dynamicThreshold="19" maxThreshold="32" />
  <references type="weak" candidates="5755" cleared="7" enqueued="3" />
  <references type="phantom" candidates="101" cleared="0" enqueued="0" />
  <stringconstants candidates="13253" cleared="0"  />
</gc-op>
<gc-op id="2879" type="sweep" timems="0.779" contextid="2875" timestamp="2019-07-02T23:30:39.740" />
<gc-end id="2880" type="global" contextid="2875" durationms="11.601" usertimems="40.000" systemtimems="0.000" timestamp="2019-07-02T23:30:39.740" activeThreads="4">
  <mem-info id="2881" free="27890208" total="45875200" percent="60">
    <mem type="tenure" free="27890208" total="45875200" percent="60" micro-fragmented="78390" macro-fragmented="0">
      <mem type="soa" free="27431456" total="45416448" percent="60" />
      <mem type="loa" free="458752" total="458752" percent="100" />
    </mem>
    <pending-finalizers system="0" default="0" reference="3" classloader="0" />
  </mem-info>
</gc-end>
<cycle-end id="2882" type="global" contextid="2875" timestamp="2019-07-02T23:30:39.740">
  <attribute name="GC Util" value="186" />
  <attribute name="CPU Util" value="1753153602383" />
  <attribute name="Time Running"value="17285"/>
  <attribute name="Number of cores"value="4"/>
</cycle-end>
<allocation-satisfied id="2883" threadId="0000000001AB4700" bytesRequested="176" />
<af-end id="2884" timestamp="2019-07-02T23:30:39.741" threadId="0000000001AB5088" success="true" />
<exclusive-end id="2885" timestamp="2019-07-02T23:30:39.741" durationms="12.311" />

<exclusive-start id="2886" timestamp="2019-07-02T23:30:39.746" intervalms="17.957">
  <response-info timems="0.088" idlems="0.088" threads="0" lastid="0000000001AB4700" lastname="main" />
</exclusive-start>
<af-start id="2887" threadId="0000000001AB5088" totalBytesRequested="32" timestamp="2019-07-02T23:30:39.746" intervalms="17.898" />
<cycle-start id="2888" type="global" contextid="0" timestamp="2019-07-02T23:30:39.746" intervalms="17.905" />
  <attribute name="GC Util" value="186" />
  <attribute name="CPU Util" value="1753153602383" />
  <attribute name="Time Running"value="17285"/>
  <attribute name="Number of cores"value="4"/>
<gc-start id="2889" type="global" contextid="2888" timestamp="2019-07-02T23:30:39.747">
  <mem-info id="2890" free="458752" total="45875200" percent="1">
    <mem type="tenure" free="458752" total="45875200" percent="1">
      <mem type="soa" free="0" total="45416448" percent="0" />
      <mem type="loa" free="458752" total="458752" percent="100" />
    </mem>
  </mem-info>
</gc-start>
<allocation-stats totalBytes="27407344" >
  <allocated-bytes non-tlh="0" tlh="27407344" />
  <largest-consumer threadName="main" threadId="0000000001AB4700" bytes="27407344" />
</allocation-stats>
<gc-op id="2891" type="mark" timems="9.186" contextid="2888" timestamp="2019-07-02T23:30:39.756">
  <trace-info objectcount="596128" scancount="517126" scanbytes="13267572" />
  <finalization candidates="80" enqueued="0" />
  <ownableSynchronizers candidates="21" cleared="0" />
  <references type="soft" candidates="1843" cleared="0" enqueued="0" dynamicThreshold="19" maxThreshold="32" />
  <references type="weak" candidates="5748" cleared="0" enqueued="0" />
  <references type="phantom" candidates="101" cleared="0" enqueued="0" />
  <stringconstants candidates="13253" cleared="0"  />
</gc-op>
<gc-op id="2892" type="sweep" timems="0.567" contextid="2888" timestamp="2019-07-02T23:30:39.757" />
<gc-end id="2893" type="global" contextid="2888" durationms="10.104" usertimems="28.000" systemtimems="0.000" timestamp="2019-07-02T23:30:39.757" activeThreads="4">
  <mem-info id="2894" free="27890080" total="45875200" percent="60">
    <mem type="tenure" free="27890080" total="45875200" percent="60" micro-fragmented="78590" macro-fragmented="0">
      <mem type="soa" free="27431328" total="45416448" percent="60" />
      <mem type="loa" free="458752" total="458752" percent="100" />
    </mem>
  </mem-info>
</gc-end>
<cycle-end id="2895" type="global" contextid="2888" timestamp="2019-07-02T23:30:39.757">
  <attribute name="GC Util" value="189" />
  <attribute name="CPU Util" value="1984434506484" />
  <attribute name="Time Running"value="17302"/>
  <attribute name="Number of cores"value="4"/>
</cycle-end>
<allocation-satisfied id="2896" threadId="0000000001AB4700" bytesRequested="32" />
<af-end id="2897" timestamp="2019-07-02T23:30:39.757" threadId="0000000001AB5088" success="true" />
<exclusive-end id="2898" timestamp="2019-07-02T23:30:39.757" durationms="10.650" />

<exclusive-start id="2899" timestamp="2019-07-02T23:30:39.763" intervalms="16.315">
  <response-info timems="0.042" idlems="0.042" threads="0" lastid="0000000001AB4700" lastname="main" />
</exclusive-start>
<af-start id="2900" threadId="0000000001AB5088" totalBytesRequested="32" timestamp="2019-07-02T23:30:39.763" intervalms="16.293" />
<cycle-start id="2901" type="global" contextid="0" timestamp="2019-07-02T23:30:39.763" intervalms="16.257" />
  <attribute name="GC Util" value="189" />
  <attribute name="CPU Util" value="1984434506484" />
  <attribute name="Time Running"value="17302"/>
  <attribute name="Number of cores"value="4"/>
<gc-start id="2902" type="global" contextid="2901" timestamp="2019-07-02T23:30:39.763">
  <mem-info id="2903" free="458752" total="45875200" percent="1">
    <mem type="tenure" free="458752" total="45875200" percent="1">
      <mem type="soa" free="0" total="45416448" percent="0" />
      <mem type="loa" free="458752" total="458752" percent="100" />
    </mem>
  </mem-info>
</gc-start>
<allocation-stats totalBytes="27408688" >
  <allocated-bytes non-tlh="0" tlh="27408688" />
  <largest-consumer threadName="main" threadId="0000000001AB4700" bytes="27408688" />
</allocation-stats>
<gc-op id="2904" type="mark" timems="9.166" contextid="2901" timestamp="2019-07-02T23:30:39.772">
  <trace-info objectcount="596128" scancount="517139" scanbytes="13267572" />
  <finalization candidates="80" enqueued="0" />
  <ownableSynchronizers candidates="21" cleared="0" />
  <references type="soft" candidates="1843" cleared="0" enqueued="0" dynamicThreshold="19" maxThreshold="32" />
  <references type="weak" candidates="5748" cleared="0" enqueued="0" />
  <references type="phantom" candidates="101" cleared="0" enqueued="0" />
  <stringconstants candidates="13253" cleared="0"  />
</gc-op>
<gc-op id="2905" type="sweep" timems="0.587" contextid="2901" timestamp="2019-07-02T23:30:39.773" />
<gc-end id="2906" type="global" contextid="2901" durationms="10.051" usertimems="28.000" systemtimems="0.000" timestamp="2019-07-02T23:30:39.773" activeThreads="4">
  <mem-info id="2907" free="27889448" total="45875200" percent="60">
    <mem type="tenure" free="27889448" total="45875200" percent="60" micro-fragmented="78590" macro-fragmented="0">
      <mem type="soa" free="27430696" total="45416448" percent="60" />
      <mem type="loa" free="458752" total="458752" percent="100" />
    </mem>
  </mem-info>
</gc-end>
<cycle-end id="2908" type="global" contextid="2901" timestamp="2019-07-02T23:30:39.773">
  <attribute name="GC Util" value="187" />
  <attribute name="CPU Util" value="1988105212396" />
  <attribute name="Time Running"value="17318"/>
  <attribute name="Number of cores"value="4"/>
</cycle-end>
<allocation-satisfied id="2909" threadId="0000000001AB4700" bytesRequested="32" />
<af-end id="2910" timestamp="2019-07-02T23:30:39.773" threadId="0000000001AB5088" success="true" />
<exclusive-end id="2911" timestamp="2019-07-02T23:30:39.773" durationms="10.537" />

<exclusive-start id="2912" timestamp="2019-07-02T23:30:39.779" intervalms="16.219">
  <response-info timems="0.068" idlems="0.068" threads="0" lastid="0000000001AB4700" lastname="main" />
</exclusive-start>
<af-start id="2913" threadId="0000000001AB5088" totalBytesRequested="208" timestamp="2019-07-02T23:30:39.779" intervalms="16.227" />
<cycle-start id="2914" type="global" contextid="0" timestamp="2019-07-02T23:30:39.779" intervalms="16.235" />
  <attribute name="GC Util" value="187" />
  <attribute name="CPU Util" value="1988105212396" />
  <attribute name="Time Running"value="17318"/>
  <attribute name="Number of cores"value="4"/>
<gc-start id="2915" type="global" contextid="2914" timestamp="2019-07-02T23:30:39.779">
  <mem-info id="2916" free="458752" total="45875200" percent="1">
    <mem type="tenure" free="458752" total="45875200" percent="1">
      <mem type="soa" free="0" total="45416448" percent="0" />
      <mem type="loa" free="458752" total="458752" percent="100" />
    </mem>
  </mem-info>
</gc-start>
<allocation-stats totalBytes="27408112" >
  <allocated-bytes non-tlh="0" tlh="27408112" />
  <largest-consumer threadName="main" threadId="0000000001AB4700" bytes="27408112" />
</allocation-stats>
<gc-op id="2917" type="mark" timems="9.305" contextid="2914" timestamp="2019-07-02T23:30:39.788">
  <trace-info objectcount="596126" scancount="517140" scanbytes="13267556" />
  <finalization candidates="80" enqueued="0" />
  <ownableSynchronizers candidates="21" cleared="0" />
  <references type="soft" candidates="1843" cleared="0" enqueued="0" dynamicThreshold="19" maxThreshold="32" />
  <references type="weak" candidates="5748" cleared="0" enqueued="0" />
  <references type="phantom" candidates="101" cleared="0" enqueued="0" />
  <stringconstants candidates="13253" cleared="0"  />
</gc-op>
<gc-op id="2918" type="sweep" timems="0.575" contextid="2914" timestamp="2019-07-02T23:30:39.789" />
<gc-end id="2919" type="global" contextid="2914" durationms="10.191" usertimems="36.000" systemtimems="0.000" timestamp="2019-07-02T23:30:39.789" activeThreads="4">
  <mem-info id="2920" free="27890328" total="45875200" percent="60">
    <mem type="tenure" free="27890328" total="45875200" percent="60" micro-fragmented="78590" macro-fragmented="0">
      <mem type="soa" free="27431576" total="45416448" percent="60" />
      <mem type="loa" free="458752" total="458752" percent="100" />
    </mem>
  </mem-info>
</gc-end>
<cycle-end id="2921" type="global" contextid="2914" timestamp="2019-07-02T23:30:39.789">
  <attribute name="GC Util" value="187" />
  <attribute name="CPU Util" value="1959557947376" />
  <attribute name="Time Running"value="17334"/>
  <attribute name="Number of cores"value="4"/>
</cycle-end>
<allocation-satisfied id="2922" threadId="0000000001AB4700" bytesRequested="208" />
<af-end id="2923" timestamp="2019-07-02T23:30:39.789" threadId="0000000001AB5088" success="true" />
<exclusive-end id="2924" timestamp="2019-07-02T23:30:39.789" durationms="10.681" />

<exclusive-start id="2925" timestamp="2019-07-02T23:30:39.795" intervalms="16.302">
  <response-info timems="0.065" idlems="0.065" threads="0" lastid="0000000001AB4700" lastname="main" />
</exclusive-start>
<af-start id="2926" threadId="0000000001AB5088" totalBytesRequested="144" timestamp="2019-07-02T23:30:39.795" intervalms="16.287" />
<cycle-start id="2927" type="global" contextid="0" timestamp="2019-07-02T23:30:39.795" intervalms="16.280" />
  <attribute name="GC Util" value="187" />
  <attribute name="CPU Util" value="1959557947376" />
  <attribute name="Time Running"value="17334"/>
  <attribute name="Number of cores"value="4"/>
<gc-start id="2928" type="global" contextid="2927" timestamp="2019-07-02T23:30:39.795">
  <mem-info id="2929" free="458752" total="45875200" percent="1">
    <mem type="tenure" free="458752" total="45875200" percent="1">
      <mem type="soa" free="0" total="45416448" percent="0" />
      <mem type="loa" free="458752" total="458752" percent="100" />
    </mem>
  </mem-info>
</gc-start>
<allocation-stats totalBytes="27408792" >
  <allocated-bytes non-tlh="0" tlh="27408792" />
  <largest-consumer threadName="main" threadId="0000000001AB4700" bytes="27408792" />
</allocation-stats>
<gc-op id="2930" type="mark" timems="9.613" contextid="2927" timestamp="2019-07-02T23:30:39.805">
  <trace-info objectcount="596126" scancount="517120" scanbytes="13267556" />
  <finalization candidates="80" enqueued="0" />
  <ownableSynchronizers candidates="21" cleared="0" />
  <references type="soft" candidates="1843" cleared="0" enqueued="0" dynamicThreshold="19" maxThreshold="32" />
  <references type="weak" candidates="5748" cleared="0" enqueued="0" />
  <references type="phantom" candidates="101" cleared="0" enqueued="0" />
  <stringconstants candidates="13253" cleared="0"  />
</gc-op>
<gc-op id="2931" type="sweep" timems="0.716" contextid="2927" timestamp="2019-07-02T23:30:39.806" />
<gc-end id="2932" type="global" contextid="2927" durationms="10.663" usertimems="40.000" systemtimems="0.000" timestamp="2019-07-02T23:30:39.806" activeThreads="4">
  <mem-info id="2933" free="27890272" total="45875200" percent="60">
    <mem type="tenure" free="27890272" total="45875200" percent="60" micro-fragmented="78390" macro-fragmented="0">
      <mem type="soa" free="27431520" total="45416448" percent="60" />
      <mem type="loa" free="458752" total="458752" percent="100" />
    </mem>
  </mem-info>
</gc-end>
<cycle-end id="2934" type="global" contextid="2927" timestamp="2019-07-02T23:30:39.806">
  <attribute name="GC Util" value="188" />
  <attribute name="CPU Util" value="1892501269014" />
  <attribute name="Time Running"value="17351"/>
  <attribute name="Number of cores"value="4"/>
</cycle-end>
<allocation-satisfied id="2935" threadId="0000000001AB4700" bytesRequested="144" />
<af-end id="2936" timestamp="2019-07-02T23:30:39.806" threadId="0000000001AB5088" success="true" />
<exclusive-end id="2937" timestamp="2019-07-02T23:30:39.806" durationms="11.115" />

<exclusive-start id="2938" timestamp="2019-07-02T23:30:39.812" intervalms="16.778">
  <response-info timems="0.082" idlems="0.082" threads="0" lastid="0000000001AB4700" lastname="main" />
</exclusive-start>
<af-start id="2939" threadId="0000000001AB5088" totalBytesRequested="48" timestamp="2019-07-02T23:30:39.812" intervalms="16.801" />
<cycle-start id="2940" type="global" contextid="0" timestamp="2019-07-02T23:30:39.812" intervalms="16.816" />
  <attribute name="GC Util" value="188" />
  <attribute name="CPU Util" value="1892501269014" />
  <attribute name="Time Running"value="17351"/>
  <attribute name="Number of cores"value="4"/>
<gc-start id="2941" type="global" contextid="2940" timestamp="2019-07-02T23:30:39.812">
  <mem-info id="2942" free="458752" total="45875200" percent="1">
    <mem type="tenure" free="458752" total="45875200" percent="1">
      <mem type="soa" free="0" total="45416448" percent="0" />
      <mem type="loa" free="458752" total="458752" percent="100" />
    </mem>
  </mem-info>
</gc-start>
<allocation-stats totalBytes="27408912" >
  <allocated-bytes non-tlh="0" tlh="27408912" />
  <largest-consumer threadName="main" threadId="0000000001AB4700" bytes="27408912" />
</allocation-stats>
<gc-op id="2943" type="mark" timems="9.468" contextid="2940" timestamp="2019-07-02T23:30:39.822">
  <trace-info objectcount="596126" scancount="517118" scanbytes="13267556" />
  <finalization candidates="80" enqueued="0" />
  <ownableSynchronizers candidates="21" cleared="0" />
  <references type="soft" candidates="1843" cleared="0" enqueued="0" dynamicThreshold="19" maxThreshold="32" />
  <references type="weak" candidates="5748" cleared="0" enqueued="0" />
  <references type="phantom" candidates="101" cleared="0" enqueued="0" />
  <stringconstants candidates="13253" cleared="0"  />
</gc-op>
<gc-op id="2944" type="sweep" timems="0.561" contextid="2940" timestamp="2019-07-02T23:30:39.822" />
<gc-end id="2945" type="global" contextid="2940" durationms="10.359" usertimems="40.000" systemtimems="0.000" timestamp="2019-07-02T23:30:39.823" activeThreads="4">
  <mem-info id="2946" free="27889880" total="45875200" percent="60">
    <mem type="tenure" free="27889880" total="45875200" percent="60" micro-fragmented="78590" macro-fragmented="0">
      <mem type="soa" free="27431128" total="45416448" percent="60" />
      <mem type="loa" free="458752" total="458752" percent="100" />
    </mem>
  </mem-info>
</gc-end>
<cycle-end id="2947" type="global" contextid="2940" timestamp="2019-07-02T23:30:39.823">
  <attribute name="GC Util" value="188" />
  <attribute name="CPU Util" value="1924852347316" />
  <attribute name="Time Running"value="17368"/>
  <attribute name="Number of cores"value="4"/>
</cycle-end>
<allocation-satisfied id="2948" threadId="0000000001AB4700" bytesRequested="48" />
<af-end id="2949" timestamp="2019-07-02T23:30:39.823" threadId="0000000001AB5088" success="true" />
<exclusive-end id="2950" timestamp="2019-07-02T23:30:39.823" durationms="10.881" />

<exclusive-start id="2951" timestamp="2019-07-02T23:30:39.828" intervalms="16.507">
  <response-info timems="0.035" idlems="0.035" threads="0" lastid="0000000001AB4700" lastname="main" />
</exclusive-start>
<af-start id="2952" threadId="0000000001AB5088" totalBytesRequested="264" timestamp="2019-07-02T23:30:39.828" intervalms="16.504" />
<cycle-start id="2953" type="global" contextid="0" timestamp="2019-07-02T23:30:39.829" intervalms="16.490" />
  <attribute name="GC Util" value="188" />
  <attribute name="CPU Util" value="1924852347316" />
  <attribute name="Time Running"value="17368"/>
  <attribute name="Number of cores"value="4"/>
<gc-start id="2954" type="global" contextid="2953" timestamp="2019-07-02T23:30:39.829">
  <mem-info id="2955" free="458752" total="45875200" percent="1">
    <mem type="tenure" free="458752" total="45875200" percent="1">
      <mem type="soa" free="0" total="45416448" percent="0" />
      <mem type="loa" free="458752" total="458752" percent="100" />
    </mem>
  </mem-info>
</gc-start>
<allocation-stats totalBytes="27408160" >
  <allocated-bytes non-tlh="0" tlh="27408160" />
  <largest-consumer threadName="main" threadId="0000000001AB4700" bytes="27408160" />
</allocation-stats>
<gc-op id="2956" type="mark" timems="8.995" contextid="2953" timestamp="2019-07-02T23:30:39.838">
  <trace-info objectcount="596126" scancount="517139" scanbytes="13267556" />
  <finalization candidates="80" enqueued="0" />
  <ownableSynchronizers candidates="21" cleared="0" />
  <references type="soft" candidates="1843" cleared="0" enqueued="0" dynamicThreshold="19" maxThreshold="32" />
  <references type="weak" candidates="5748" cleared="0" enqueued="0" />
  <references type="phantom" candidates="101" cleared="0" enqueued="0" />
  <stringconstants candidates="13253" cleared="0"  />
</gc-op>
<gc-op id="2957" type="sweep" timems="0.563" contextid="2953" timestamp="2019-07-02T23:30:39.838" />
<gc-end id="2958" type="global" contextid="2953" durationms="9.858" usertimems="28.000" systemtimems="0.000" timestamp="2019-07-02T23:30:39.838" activeThreads="4">
  <mem-info id="2959" free="27890264" total="45875200" percent="60">
    <mem type="tenure" free="27890264" total="45875200" percent="60" micro-fragmented="78590" macro-fragmented="0">
      <mem type="soa" free="27431512" total="45416448" percent="60" />
      <mem type="loa" free="458752" total="458752" percent="100" />
    </mem>
  </mem-info>
</gc-end>
<cycle-end id="2960" type="global" contextid="2953" timestamp="2019-07-02T23:30:39.839">
  <attribute name="GC Util" value="188" />
  <attribute name="CPU Util" value="2026143240204" />
  <attribute name="Time Running"value="17384"/>
  <attribute name="Number of cores"value="4"/>
</cycle-end>
<allocation-satisfied id="2961" threadId="0000000001AB4700" bytesRequested="264" />
<af-end id="2962" timestamp="2019-07-02T23:30:39.839" threadId="0000000001AB5088" success="true" />
<exclusive-end id="2963" timestamp="2019-07-02T23:30:39.839" durationms="10.346" />

<exclusive-start id="2964" timestamp="2019-07-02T23:30:39.844" intervalms="15.996">
  <response-info timems="0.061" idlems="0.061" threads="0" lastid="0000000001AB4700" lastname="main" />
</exclusive-start>
<af-start id="2965" threadId="0000000001AB5088" totalBytesRequested="16" timestamp="2019-07-02T23:30:39.844" intervalms="15.997" />
<cycle-start id="2966" type="global" contextid="0" timestamp="2019-07-02T23:30:39.845" intervalms="16.005" />
  <attribute name="GC Util" value="188" />
  <attribute name="CPU Util" value="2026143240204" />
  <attribute name="Time Running"value="17384"/>
  <attribute name="Number of cores"value="4"/>
<gc-start id="2967" type="global" contextid="2966" timestamp="2019-07-02T23:30:39.845">
  <mem-info id="2968" free="458752" total="45875200" percent="1">
    <mem type="tenure" free="458752" total="45875200" percent="1">
      <mem type="soa" free="0" total="45416448" percent="0" />
      <mem type="loa" free="458752" total="458752" percent="100" />
    </mem>
  </mem-info>
</gc-start>
<allocation-stats totalBytes="27409208" >
  <allocated-bytes non-tlh="0" tlh="27409208" />
  <largest-consumer threadName="main" threadId="0000000001AB4700" bytes="27409208" />
</allocation-stats>
<gc-op id="2969" type="mark" timems="9.016" contextid="2966" timestamp="2019-07-02T23:30:39.854">
  <trace-info objectcount="596129" scancount="517124" scanbytes="13267604" />
  <finalization candidates="80" enqueued="0" />
  <ownableSynchronizers candidates="21" cleared="0" />
  <references type="soft" candidates="1843" cleared="0" enqueued="0" dynamicThreshold="19" maxThreshold="32" />
  <references type="weak" candidates="5748" cleared="0" enqueued="0" />
  <references type="phantom" candidates="101" cleared="0" enqueued="0" />
  <stringconstants candidates="13253" cleared="0"  />
</gc-op>
<gc-op id="2970" type="sweep" timems="0.531" contextid="2966" timestamp="2019-07-02T23:30:39.854" />
<gc-end id="2971" type="global" contextid="2966" durationms="9.844" usertimems="28.000" systemtimems="0.000" timestamp="2019-07-02T23:30:39.854" activeThreads="4">
  <mem-info id="2972" free="27890048" total="45875200" percent="60">
    <mem type="tenure" free="27890048" total="45875200" percent="60" micro-fragmented="78590" macro-fragmented="0">
      <mem type="soa" free="27431296" total="45416448" percent="60" />
      <mem type="loa" free="458752" total="458752" percent="100" />
    </mem>
  </mem-info>
</gc-end>
<cycle-end id="2973" type="global" contextid="2966" timestamp="2019-07-02T23:30:39.855">
  <attribute name="GC Util" value="188" />
  <attribute name="CPU Util" value="2020911808395" />
  <attribute name="Time Running"value="17400"/>
  <attribute name="Number of cores"value="4"/>
</cycle-end>
<allocation-satisfied id="2974" threadId="0000000001AB4700" bytesRequested="16" />
<af-end id="2975" timestamp="2019-07-02T23:30:39.855" threadId="0000000001AB5088" success="true" />
<exclusive-end id="2976" timestamp="2019-07-02T23:30:39.855" durationms="10.343" />

<exclusive-start id="2977" timestamp="2019-07-02T23:30:39.861" intervalms="16.275">
  <response-info timems="0.087" idlems="0.087" threads="0" lastid="0000000001AB4700" lastname="main" />
</exclusive-start>
<af-start id="2978" threadId="0000000001AB5088" totalBytesRequested="16" timestamp="2019-07-02T23:30:39.861" intervalms="16.284" />
<cycle-start id="2979" type="global" contextid="0" timestamp="2019-07-02T23:30:39.861" intervalms="16.292" />
  <attribute name="GC Util" value="188" />
  <attribute name="CPU Util" value="2020911808395" />
  <attribute name="Time Running"value="17400"/>
  <attribute name="Number of cores"value="4"/>
<gc-start id="2980" type="global" contextid="2979" timestamp="2019-07-02T23:30:39.861">
  <mem-info id="2981" free="458752" total="45875200" percent="1">
    <mem type="tenure" free="458752" total="45875200" percent="1">
      <mem type="soa" free="0" total="45416448" percent="0" />
      <mem type="loa" free="458752" total="458752" percent="100" />
    </mem>
  </mem-info>
</gc-start>
<allocation-stats totalBytes="27407440" >
  <allocated-bytes non-tlh="0" tlh="27407440" />
  <largest-consumer threadName="main" threadId="0000000001AB4700" bytes="27407440" />
</allocation-stats>
<gc-op id="2982" type="mark" timems="8.877" contextid="2979" timestamp="2019-07-02T23:30:39.870">
  <trace-info objectcount="596130" scancount="517127" scanbytes="13267648" />
  <finalization candidates="80" enqueued="0" />
  <ownableSynchronizers candidates="21" cleared="0" />
  <references type="soft" candidates="1843" cleared="0" enqueued="0" dynamicThreshold="19" maxThreshold="32" />
  <references type="weak" candidates="5748" cleared="0" enqueued="0" />
  <references type="phantom" candidates="101" cleared="0" enqueued="0" />
  <stringconstants candidates="13253" cleared="0"  />
</gc-op>
<gc-op id="2983" type="sweep" timems="0.616" contextid="2979" timestamp="2019-07-02T23:30:39.871" />
<gc-end id="2984" type="global" contextid="2979" durationms="9.833" usertimems="16.000" systemtimems="12.000" timestamp="2019-07-02T23:30:39.871" activeThreads="4">
  <mem-info id="2985" free="27889344" total="45875200" percent="60">
    <mem type="tenure" free="27889344" total="45875200" percent="60" micro-fragmented="90696" macro-fragmented="0">
      <mem type="soa" free="27430592" total="45416448" percent="60" />
      <mem type="loa" free="458752" total="458752" percent="100" />
    </mem>
  </mem-info>
</gc-end>
<cycle-end id="2986" type="global" contextid="2979" timestamp="2019-07-02T23:30:39.871">
  <attribute name="GC Util" value="188" />
  <attribute name="CPU Util" value="2051611821957" />
  <attribute name="Time Running"value="17416"/>
  <attribute name="Number of cores"value="4"/>
</cycle-end>
<allocation-satisfied id="2987" threadId="0000000001AB4700" bytesRequested="16" />
<af-end id="2988" timestamp="2019-07-02T23:30:39.871" threadId="0000000001AB5088" success="true" />
<exclusive-end id="2989" timestamp="2019-07-02T23:30:39.871" durationms="10.339" />

<exclusive-start id="2990" timestamp="2019-07-02T23:30:39.877" intervalms="16.369">
  <response-info timems="0.022" idlems="0.022" threads="0" lastid="0000000001AB4700" lastname="main" />
</exclusive-start>
<af-start id="2991" threadId="0000000001AB5088" totalBytesRequested="40" timestamp="2019-07-02T23:30:39.877" intervalms="16.343" />
<cycle-start id="2992" type="global" contextid="0" timestamp="2019-07-02T23:30:39.877" intervalms="16.329" />
  <attribute name="GC Util" value="188" />
  <attribute name="CPU Util" value="2051611821957" />
  <attribute name="Time Running"value="17416"/>
  <attribute name="Number of cores"value="4"/>
<gc-start id="2993" type="global" contextid="2992" timestamp="2019-07-02T23:30:39.877">
  <mem-info id="2994" free="458752" total="45875200" percent="1">
    <mem type="tenure" free="458752" total="45875200" percent="1">
      <mem type="soa" free="0" total="45416448" percent="0" />
      <mem type="loa" free="458752" total="458752" percent="100" />
    </mem>
  </mem-info>
</gc-start>
<allocation-stats totalBytes="27405976" >
  <allocated-bytes non-tlh="0" tlh="27405976" />
  <largest-consumer threadName="main" threadId="0000000001AB4700" bytes="27405976" />
</allocation-stats>
<gc-op id="2995" type="mark" timems="8.919" contextid="2992" timestamp="2019-07-02T23:30:39.886">
  <trace-info objectcount="596129" scancount="517119" scanbytes="13267608" />
  <finalization candidates="80" enqueued="0" />
  <ownableSynchronizers candidates="21" cleared="0" />
  <references type="soft" candidates="1843" cleared="0" enqueued="0" dynamicThreshold="19" maxThreshold="32" />
  <references type="weak" candidates="5748" cleared="0" enqueued="0" />
  <references type="phantom" candidates="101" cleared="0" enqueued="0" />
  <stringconstants candidates="13253" cleared="0"  />
</gc-op>
<gc-op id="2996" type="sweep" timems="0.557" contextid="2992" timestamp="2019-07-02T23:30:39.887" />
<gc-end id="2997" type="global" contextid="2992" durationms="9.781" usertimems="24.000" systemtimems="4.000" timestamp="2019-07-02T23:30:39.887" activeThreads="4">
  <mem-info id="2998" free="27889728" total="45875200" percent="60">
    <mem type="tenure" free="27889728" total="45875200" percent="60" micro-fragmented="90696" macro-fragmented="0">
      <mem type="soa" free="27430976" total="45416448" percent="60" />
      <mem type="loa" free="458752" total="458752" percent="100" />
    </mem>
  </mem-info>
</gc-end>
<cycle-end id="2999" type="global" contextid="2992" timestamp="2019-07-02T23:30:39.887">
  <attribute name="GC Util" value="187" />
  <attribute name="CPU Util" value="2042752053805" />
  <attribute name="Time Running"value="17432"/>
  <attribute name="Number of cores"value="4"/>
</cycle-end>
<allocation-satisfied id="3000" threadId="0000000001AB4700" bytesRequested="40" />
<af-end id="3001" timestamp="2019-07-02T23:30:39.887" threadId="0000000001AB5088" success="true" />
<exclusive-end id="3002" timestamp="2019-07-02T23:30:39.887" durationms="10.299" />

<exclusive-start id="3003" timestamp="2019-07-02T23:30:39.893" intervalms="16.355">
  <response-info timems="0.079" idlems="0.079" threads="0" lastid="0000000001AB4700" lastname="main" />
</exclusive-start>
<af-start id="3004" threadId="0000000001AB5088" totalBytesRequested="224" timestamp="2019-07-02T23:30:39.893" intervalms="16.356" />
<cycle-start id="3005" type="global" contextid="0" timestamp="2019-07-02T23:30:39.894" intervalms="16.351" />
  <attribute name="GC Util" value="187" />
  <attribute name="CPU Util" value="2042752053805" />
  <attribute name="Time Running"value="17432"/>
  <attribute name="Number of cores"value="4"/>
<gc-start id="3006" type="global" contextid="3005" timestamp="2019-07-02T23:30:39.894">
  <mem-info id="3007" free="458752" total="45875200" percent="1">
    <mem type="tenure" free="458752" total="45875200" percent="1">
      <mem type="soa" free="0" total="45416448" percent="0" />
      <mem type="loa" free="458752" total="458752" percent="100" />
    </mem>
  </mem-info>
</gc-start>
<allocation-stats totalBytes="27407928" >
  <allocated-bytes non-tlh="0" tlh="27407928" />
  <largest-consumer threadName="main" threadId="0000000001AB4700" bytes="27407928" />
</allocation-stats>
<gc-op id="3008" type="mark" timems="8.876" contextid="3005" timestamp="2019-07-02T23:30:39.903">
  <trace-info objectcount="596127" scancount="517126" scanbytes="13267592" />
  <finalization candidates="80" enqueued="0" />
  <ownableSynchronizers candidates="21" cleared="0" />
  <references type="soft" candidates="1843" cleared="0" enqueued="0" dynamicThreshold="19" maxThreshold="32" />
  <references type="weak" candidates="5748" cleared="0" enqueued="0" />
  <references type="phantom" candidates="101" cleared="0" enqueued="0" />
  <stringconstants candidates="13253" cleared="0"  />
</gc-op>
<gc-op id="3009" type="sweep" timems="0.586" contextid="3005" timestamp="2019-07-02T23:30:39.903" />
<gc-end id="3010" type="global" contextid="3005" durationms="9.758" usertimems="24.000" systemtimems="0.000" timestamp="2019-07-02T23:30:39.903" activeThreads="4">
  <mem-info id="3011" free="27889944" total="45875200" percent="60">
    <mem type="tenure" free="27889944" total="45875200" percent="60" micro-fragmented="90496" macro-fragmented="0">
      <mem type="soa" free="27431192" total="45416448" percent="60" />
      <mem type="loa" free="458752" total="458752" percent="100" />
    </mem>
  </mem-info>
</gc-end>
<cycle-end id="3012" type="global" contextid="3005" timestamp="2019-07-02T23:30:39.903">
  <attribute name="GC Util" value="188" />
  <attribute name="CPU Util" value="2052884008398" />
  <attribute name="Time Running"value="17449"/>
  <attribute name="Number of cores"value="4"/>
</cycle-end>
<allocation-satisfied id="3013" threadId="0000000001AB4700" bytesRequested="224" />
<af-end id="3014" timestamp="2019-07-02T23:30:39.904" threadId="0000000001AB5088" success="true" />
<exclusive-end id="3015" timestamp="2019-07-02T23:30:39.904" durationms="10.222" />

<exclusive-start id="3016" timestamp="2019-07-02T23:30:39.910" intervalms="16.990">
  <response-info timems="0.079" idlems="0.079" threads="0" lastid="0000000001AB4700" lastname="main" />
</exclusive-start>
<af-start id="3017" threadId="0000000001AB5088" totalBytesRequested="24" timestamp="2019-07-02T23:30:39.910" intervalms="16.986" />
<cycle-start id="3018" type="global" contextid="0" timestamp="2019-07-02T23:30:39.911" intervalms="16.986" />
  <attribute name="GC Util" value="188" />
  <attribute name="CPU Util" value="2052884008398" />
  <attribute name="Time Running"value="17449"/>
  <attribute name="Number of cores"value="4"/>
<gc-start id="3019" type="global" contextid="3018" timestamp="2019-07-02T23:30:39.911">
  <mem-info id="3020" free="458752" total="45875200" percent="1">
    <mem type="tenure" free="458752" total="45875200" percent="1">
      <mem type="soa" free="0" total="45416448" percent="0" />
      <mem type="loa" free="458752" total="458752" percent="100" />
    </mem>
  </mem-info>
</gc-start>
<allocation-stats totalBytes="27409720" >
  <allocated-bytes non-tlh="0" tlh="27409720" />
  <largest-consumer threadName="main" threadId="0000000001AB4700" bytes="27409720" />
</allocation-stats>
<gc-op id="3021" type="mark" timems="9.062" contextid="3018" timestamp="2019-07-02T23:30:39.920">
  <trace-info objectcount="596138" scancount="517141" scanbytes="13268260" />
  <finalization candidates="80" enqueued="0" />
  <ownableSynchronizers candidates="21" cleared="0" />
  <references type="soft" candidates="1843" cleared="0" enqueued="0" dynamicThreshold="19" maxThreshold="32" />
  <references type="weak" candidates="5748" cleared="0" enqueued="0" />
  <references type="phantom" candidates="101" cleared="0" enqueued="0" />
  <stringconstants candidates="13253" cleared="0"  />
</gc-op>
<gc-op id="3022" type="sweep" timems="0.560" contextid="3018" timestamp="2019-07-02T23:30:39.920" />
<gc-end id="3023" type="global" contextid="3018" durationms="9.924" usertimems="28.000" systemtimems="0.000" timestamp="2019-07-02T23:30:39.921" activeThreads="4">
  <mem-info id="3024" free="27889040" total="45875200" percent="60">
    <mem type="tenure" free="27889040" total="45875200" percent="60" micro-fragmented="100623" macro-fragmented="0">
      <mem type="soa" free="27430288" total="45416448" percent="60" />
      <mem type="loa" free="458752" total="458752" percent="100" />
    </mem>
  </mem-info>
</gc-end>
<cycle-end id="3025" type="global" contextid="3018" timestamp="2019-07-02T23:30:39.921">
  <attribute name="GC Util" value="189" />
  <attribute name="CPU Util" value="2010843196029" />
  <attribute name="Time Running"value="17466"/>
  <attribute name="Number of cores"value="4"/>
</cycle-end>
<allocation-satisfied id="3026" threadId="0000000001AB4700" bytesRequested="24" />
<af-end id="3027" timestamp="2019-07-02T23:30:39.921" threadId="0000000001AB5088" success="true" />
<exclusive-end id="3028" timestamp="2019-07-02T23:30:39.921" durationms="10.381" />

<exclusive-start id="3029" timestamp="2019-07-02T23:30:39.932" intervalms="21.650">
  <response-info timems="0.083" idlems="0.083" threads="0" lastid="0000000001AB4700" lastname="main" />
</exclusive-start>
<af-start id="3030" threadId="0000000001AB5088" totalBytesRequested="24" timestamp="2019-07-02T23:30:39.932" intervalms="21.642" />
<cycle-start id="3031" type="global" contextid="0" timestamp="2019-07-02T23:30:39.932" intervalms="21.646" />
  <attribute name="GC Util" value="189" />
  <attribute name="CPU Util" value="2010843196029" />
  <attribute name="Time Running"value="17466"/>
  <attribute name="Number of cores"value="4"/>
<gc-start id="3032" type="global" contextid="3031" timestamp="2019-07-02T23:30:39.932">
  <mem-info id="3033" free="458752" total="45875200" percent="1">
    <mem type="tenure" free="458752" total="45875200" percent="1">
      <mem type="soa" free="0" total="45416448" percent="0" />
      <mem type="loa" free="458752" total="458752" percent="100" />
    </mem>
  </mem-info>
</gc-start>
<allocation-stats totalBytes="27421416" >
  <allocated-bytes non-tlh="0" tlh="27421416" />
  <largest-consumer threadName="main" threadId="0000000001AB4700" bytes="27421416" />
</allocation-stats>
<gc-op id="3034" type="mark" timems="8.680" contextid="3031" timestamp="2019-07-02T23:30:39.941">
  <trace-info objectcount="596150" scancount="517149" scanbytes="13268836" />
  <finalization candidates="80" enqueued="0" />
  <ownableSynchronizers candidates="21" cleared="0" />
  <references type="soft" candidates="1843" cleared="0" enqueued="0" dynamicThreshold="19" maxThreshold="32" />
  <references type="weak" candidates="5748" cleared="0" enqueued="0" />
  <references type="phantom" candidates="101" cleared="0" enqueued="0" />
  <stringconstants candidates="13253" cleared="0"  />
</gc-op>
<gc-op id="3035" type="sweep" timems="0.651" contextid="3031" timestamp="2019-07-02T23:30:39.942" />
<gc-end id="3036" type="global" contextid="3031" durationms="9.654" usertimems="28.000" systemtimems="0.000" timestamp="2019-07-02T23:30:39.942" activeThreads="4">
  <mem-info id="3037" free="27888824" total="45875200" percent="60">
    <mem type="tenure" free="27888824" total="45875200" percent="60" micro-fragmented="100623" macro-fragmented="0">
      <mem type="soa" free="27430072" total="45416448" percent="60" />
      <mem type="loa" free="458752" total="458752" percent="100" />
    </mem>
  </mem-info>
</gc-end>
<cycle-end id="3038" type="global" contextid="3031" timestamp="2019-07-02T23:30:39.942">
  <attribute name="GC Util" value="190" />
  <attribute name="CPU Util" value="2091692104674" />
  <attribute name="Time Running"value="17487"/>
  <attribute name="Number of cores"value="4"/>
</cycle-end>
<allocation-satisfied id="3039" threadId="0000000001AB4700" bytesRequested="24" />
<af-end id="3040" timestamp="2019-07-02T23:30:39.942" threadId="0000000001AB5088" success="true" />
<exclusive-end id="3041" timestamp="2019-07-02T23:30:39.942" durationms="10.168" />

<exclusive-start id="3042" timestamp="2019-07-02T23:30:39.953" intervalms="21.447">
  <response-info timems="0.074" idlems="0.074" threads="0" lastid="0000000001AB4700" lastname="main" />
</exclusive-start>
<af-start id="3043" threadId="0000000001AB5088" totalBytesRequested="24" timestamp="2019-07-02T23:30:39.954" intervalms="21.443" />
<cycle-start id="3044" type="global" contextid="0" timestamp="2019-07-02T23:30:39.954" intervalms="21.438" />
  <attribute name="GC Util" value="190" />
  <attribute name="CPU Util" value="2091692104674" />
  <attribute name="Time Running"value="17487"/>
  <attribute name="Number of cores"value="4"/>
<gc-start id="3045" type="global" contextid="3044" timestamp="2019-07-02T23:30:39.954">
  <mem-info id="3046" free="458752" total="45875200" percent="1">
    <mem type="tenure" free="458752" total="45875200" percent="1">
      <mem type="soa" free="0" total="45416448" percent="0" />
      <mem type="loa" free="458752" total="458752" percent="100" />
    </mem>
  </mem-info>
</gc-start>
<allocation-stats totalBytes="27420568" >
  <allocated-bytes non-tlh="0" tlh="27420568" />
  <largest-consumer threadName="main" threadId="0000000001AB4700" bytes="27420568" />
</allocation-stats>
<gc-op id="3047" type="mark" timems="9.904" contextid="3044" timestamp="2019-07-02T23:30:39.964">
  <trace-info objectcount="596147" scancount="517144" scanbytes="13268700" />
  <finalization candidates="80" enqueued="0" />
  <ownableSynchronizers candidates="21" cleared="0" />
  <references type="soft" candidates="1843" cleared="0" enqueued="0" dynamicThreshold="19" maxThreshold="32" />
  <references type="weak" candidates="5748" cleared="0" enqueued="0" />
  <references type="phantom" candidates="101" cleared="0" enqueued="0" />
  <stringconstants candidates="13253" cleared="0"  />
</gc-op>
<gc-op id="3048" type="sweep" timems="0.727" contextid="3044" timestamp="2019-07-02T23:30:39.965" />
<gc-end id="3049" type="global" contextid="3044" durationms="10.925" usertimems="28.000" systemtimems="0.000" timestamp="2019-07-02T23:30:39.965" activeThreads="4">
  <mem-info id="3050" free="27888984" total="45875200" percent="60">
    <mem type="tenure" free="27888984" total="45875200" percent="60" micro-fragmented="100623" macro-fragmented="0">
      <mem type="soa" free="27430232" total="45416448" percent="60" />
      <mem type="loa" free="458752" total="458752" percent="100" />
    </mem>
  </mem-info>
</gc-end>
<cycle-end id="3051" type="global" contextid="3044" timestamp="2019-07-02T23:30:39.965">
  <attribute name="GC Util" value="189" />
  <attribute name="CPU Util" value="1839971936618" />
  <attribute name="Time Running"value="17510"/>
  <attribute name="Number of cores"value="4"/>
</cycle-end>
<allocation-satisfied id="3052" threadId="0000000001AB4700" bytesRequested="24" />
<af-end id="3053" timestamp="2019-07-02T23:30:39.965" threadId="0000000001AB5088" success="true" />
<exclusive-end id="3054" timestamp="2019-07-02T23:30:39.965" durationms="11.378" />

<exclusive-start id="3055" timestamp="2019-07-02T23:30:40.153" intervalms="199.119">
  <response-info timems="0.128" idlems="0.128" threads="0" lastid="0000000001AB4700" lastname="main" />
</exclusive-start>
<af-start id="3056" threadId="0000000001AB5088" totalBytesRequested="24" timestamp="2019-07-02T23:30:40.153" intervalms="199.171" />
<cycle-start id="3057" type="global" contextid="0" timestamp="2019-07-02T23:30:40.153" intervalms="199.226" />
  <attribute name="GC Util" value="189" />
  <attribute name="CPU Util" value="1839971936618" />
  <attribute name="Time Running"value="17510"/>
  <attribute name="Number of cores"value="4"/>
<gc-start id="3058" type="global" contextid="3057" timestamp="2019-07-02T23:30:40.153">
  <mem-info id="3059" free="458752" total="45875200" percent="1">
    <mem type="tenure" free="458752" total="45875200" percent="1">
      <mem type="soa" free="0" total="45416448" percent="0" />
      <mem type="loa" free="458752" total="458752" percent="100" />
    </mem>
  </mem-info>
</gc-start>
<allocation-stats totalBytes="27421568" >
  <allocated-bytes non-tlh="0" tlh="27421568" />
  <largest-consumer threadName="main" threadId="0000000001AB4700" bytes="27421568" />
</allocation-stats>
<gc-op id="3060" type="mark" timems="9.127" contextid="3057" timestamp="2019-07-02T23:30:40.162">
  <trace-info objectcount="596129" scancount="517145" scanbytes="13267696" />
  <finalization candidates="80" enqueued="0" />
  <ownableSynchronizers candidates="21" cleared="0" />
  <references type="soft" candidates="1843" cleared="0" enqueued="0" dynamicThreshold="19" maxThreshold="32" />
  <references type="weak" candidates="5748" cleared="0" enqueued="0" />
  <references type="phantom" candidates="101" cleared="0" enqueued="0" />
  <stringconstants candidates="13253" cleared="0"  />
</gc-op>
<gc-op id="3061" type="sweep" timems="0.603" contextid="3057" timestamp="2019-07-02T23:30:40.163" />
<gc-end id="3062" type="global" contextid="3057" durationms="10.215" usertimems="24.000" systemtimems="0.000" timestamp="2019-07-02T23:30:40.163" activeThreads="4">
  <mem-info id="3063" free="27889144" total="45875200" percent="60">
    <mem type="tenure" free="27889144" total="45875200" percent="60" micro-fragmented="90412" macro-fragmented="0">
      <mem type="soa" free="27430392" total="45416448" percent="60" />
      <mem type="loa" free="458752" total="458752" percent="100" />
    </mem>
  </mem-info>
</gc-end>
<cycle-end id="3064" type="global" contextid="3057" timestamp="2019-07-02T23:30:40.163">
  <attribute name="GC Util" value="186" />
  <attribute name="CPU Util" value="1990391297590" />
  <attribute name="Time Running"value="17708"/>
  <attribute name="Number of cores"value="4"/>
</cycle-end>
<allocation-satisfied id="3065" threadId="0000000001AB4700" bytesRequested="24" />
<af-end id="3066" timestamp="2019-07-02T23:30:40.164" threadId="0000000001AB5088" success="true" />
<exclusive-end id="3067" timestamp="2019-07-02T23:30:40.164" durationms="11.032" />

<exclusive-start id="3068" timestamp="2019-07-02T23:30:40.185" intervalms="32.068">
  <response-info timems="0.062" idlems="0.062" threads="0" lastid="0000000001AB4700" lastname="main" />
</exclusive-start>
<af-start id="3069" threadId="0000000001AB5088" totalBytesRequested="19024" timestamp="2019-07-02T23:30:40.185" intervalms="32.152" />
<cycle-start id="3070" type="global" contextid="0" timestamp="2019-07-02T23:30:40.185" intervalms="32.153" />
  <attribute name="GC Util" value="186" />
  <attribute name="CPU Util" value="1990391297590" />
  <attribute name="Time Running"value="17708"/>
  <attribute name="Number of cores"value="4"/>
<gc-start id="3071" type="global" contextid="3070" timestamp="2019-07-02T23:30:40.185">
  <mem-info id="3072" free="458752" total="45875200" percent="1">
    <mem type="tenure" free="458752" total="45875200" percent="1">
      <mem type="soa" free="0" total="45416448" percent="0" />
      <mem type="loa" free="458752" total="458752" percent="100" />
    </mem>
  </mem-info>
</gc-start>
<allocation-stats totalBytes="25890528" >
  <allocated-bytes non-tlh="447264" tlh="25443264" />
  <largest-consumer threadName="main" threadId="0000000001AB4700" bytes="25890528" />
</allocation-stats>
<gc-op id="3073" type="mark" timems="9.475" contextid="3070" timestamp="2019-07-02T23:30:40.195">
  <trace-info objectcount="596149" scancount="517142" scanbytes="13307684" />
  <finalization candidates="80" enqueued="0" />
  <ownableSynchronizers candidates="21" cleared="0" />
  <references type="soft" candidates="1843" cleared="0" enqueued="0" dynamicThreshold="19" maxThreshold="32" />
  <references type="weak" candidates="5748" cleared="0" enqueued="0" />
  <references type="phantom" candidates="101" cleared="0" enqueued="0" />
  <stringconstants candidates="13253" cleared="0"  />
</gc-op>
<gc-op id="3074" type="sweep" timems="0.626" contextid="3070" timestamp="2019-07-02T23:30:40.196" />
<gc-end id="3075" type="global" contextid="3070" durationms="10.580" usertimems="32.000" systemtimems="0.000" timestamp="2019-07-02T23:30:40.196" activeThreads="4">
  <mem-info id="3076" free="27829920" total="45875200" percent="60">
    <mem type="tenure" free="27829920" total="45875200" percent="60" micro-fragmented="74518" macro-fragmented="0">
      <mem type="soa" free="27371168" total="45416448" percent="60" />
      <mem type="loa" free="458752" total="458752" percent="100" />
    </mem>
  </mem-info>
</gc-end>
<cycle-end id="3077" type="global" contextid="3070" timestamp="2019-07-02T23:30:40.196">
  <attribute name="GC Util" value="188" />
  <attribute name="CPU Util" value="1924208228193" />
  <attribute name="Time Running"value="17741"/>
  <attribute name="Number of cores"value="4"/>
</cycle-end>
<allocation-satisfied id="3078" threadId="0000000001AB4700" bytesRequested="19024" />
<af-end id="3079" timestamp="2019-07-02T23:30:40.196" threadId="0000000001AB5088" success="true" />
<exclusive-end id="3080" timestamp="2019-07-02T23:30:40.196" durationms="11.440" />

<exclusive-start id="3081" timestamp="2019-07-02T23:30:40.201" intervalms="16.208">
  <response-info timems="0.070" idlems="0.070" threads="0" lastid="0000000001AB4700" lastname="main" />
</exclusive-start>
<af-start id="3082" threadId="0000000001AB5088" totalBytesRequested="18824" timestamp="2019-07-02T23:30:40.201" intervalms="16.165" />
<cycle-start id="3083" type="global" contextid="0" timestamp="2019-07-02T23:30:40.201" intervalms="16.143" />
  <attribute name="GC Util" value="188" />
  <attribute name="CPU Util" value="1924208228193" />
  <attribute name="Time Running"value="17741"/>
  <attribute name="Number of cores"value="4"/>
<gc-start id="3084" type="global" contextid="3083" timestamp="2019-07-02T23:30:40.201">
  <mem-info id="3085" free="458752" total="45875200" percent="1">
    <mem type="tenure" free="458752" total="45875200" percent="1">
      <mem type="soa" free="0" total="45416448" percent="0" />
      <mem type="loa" free="458752" total="458752" percent="100" />
    </mem>
  </mem-info>
</gc-start>
<allocation-stats totalBytes="25737800" >
  <allocated-bytes non-tlh="668056" tlh="25069744" />
  <largest-consumer threadName="main" threadId="0000000001AB4700" bytes="25737800" />
</allocation-stats>
<gc-op id="3086" type="mark" timems="9.216" contextid="3083" timestamp="2019-07-02T23:30:40.211">
  <trace-info objectcount="596149" scancount="517148" scanbytes="13307684" />
  <finalization candidates="80" enqueued="0" />
  <ownableSynchronizers candidates="21" cleared="0" />
  <references type="soft" candidates="1843" cleared="0" enqueued="0" dynamicThreshold="19" maxThreshold="32" />
  <references type="weak" candidates="5748" cleared="0" enqueued="0" />
  <references type="phantom" candidates="101" cleared="0" enqueued="0" />
  <stringconstants candidates="13253" cleared="0"  />
</gc-op>
<gc-op id="3087" type="sweep" timems="0.597" contextid="3083" timestamp="2019-07-02T23:30:40.211" />
<gc-end id="3088" type="global" contextid="3083" durationms="10.394" usertimems="28.000" systemtimems="0.000" timestamp="2019-07-02T23:30:40.212" activeThreads="4">
  <mem-info id="3089" free="27848112" total="45875200" percent="60">
    <mem type="tenure" free="27848112" total="45875200" percent="60" micro-fragmented="74518" macro-fragmented="0">
      <mem type="soa" free="27389360" total="45416448" percent="60" />
      <mem type="loa" free="458752" total="458752" percent="100" />
    </mem>
  </mem-info>
</gc-end>
<cycle-end id="3090" type="global" contextid="3083" timestamp="2019-07-02T23:30:40.212">
  <attribute name="GC Util" value="184" />
  <attribute name="CPU Util" value="1968657234753" />
  <attribute name="Time Running"value="17757"/>
  <attribute name="Number of cores"value="4"/>
</cycle-end>
<allocation-satisfied id="3091" threadId="0000000001AB4700" bytesRequested="18824" />
<af-end id="3092" timestamp="2019-07-02T23:30:40.212" threadId="0000000001AB5088" success="true" />
<exclusive-end id="3093" timestamp="2019-07-02T23:30:40.212" durationms="11.199" />

<exclusive-start id="3094" timestamp="2019-07-02T23:30:40.281" intervalms="80.189">
  <response-info timems="0.085" idlems="0.085" threads="0" lastid="0000000001AB4700" lastname="main" />
</exclusive-start>
<af-start id="3095" threadId="0000000001AB5088" totalBytesRequested="32" timestamp="2019-07-02T23:30:40.281" intervalms="80.175" />
<cycle-start id="3096" type="global" contextid="0" timestamp="2019-07-02T23:30:40.281" intervalms="80.196" />
  <attribute name="GC Util" value="184" />
  <attribute name="CPU Util" value="1968657234753" />
  <attribute name="Time Running"value="17757"/>
  <attribute name="Number of cores"value="4"/>
<gc-start id="3097" type="global" contextid="3096" timestamp="2019-07-02T23:30:40.281">
  <mem-info id="3098" free="458752" total="45875200" percent="1">
    <mem type="tenure" free="458752" total="45875200" percent="1">
      <mem type="soa" free="0" total="45416448" percent="0" />
      <mem type="loa" free="458752" total="458752" percent="100" />
    </mem>
  </mem-info>
</gc-start>
<allocation-stats totalBytes="27370240" >
  <allocated-bytes non-tlh="577752" tlh="26792488" />
  <largest-consumer threadName="main" threadId="0000000001AB4700" bytes="27370240" />
</allocation-stats>
<gc-op id="3099" type="mark" timems="8.842" contextid="3096" timestamp="2019-07-02T23:30:40.290">
  <trace-info objectcount="596245" scancount="517244" scanbytes="13274532" />
  <finalization candidates="80" enqueued="0" />
  <ownableSynchronizers candidates="21" cleared="0" />
  <references type="soft" candidates="1843" cleared="0" enqueued="0" dynamicThreshold="19" maxThreshold="32" />
  <references type="weak" candidates="5748" cleared="0" enqueued="0" />
  <references type="phantom" candidates="101" cleared="0" enqueued="0" />
  <stringconstants candidates="13253" cleared="0"  />
</gc-op>
<gc-op id="3100" type="sweep" timems="0.615" contextid="3096" timestamp="2019-07-02T23:30:40.291" />
<gc-end id="3101" type="global" contextid="3096" durationms="9.866" usertimems="28.000" systemtimems="0.000" timestamp="2019-07-02T23:30:40.291" activeThreads="4">
  <mem-info id="3102" free="27881120" total="45875200" percent="60">
    <mem type="tenure" free="27881120" total="45875200" percent="60" micro-fragmented="86169" macro-fragmented="0">
      <mem type="soa" free="27422368" total="45416448" percent="60" />
      <mem type="loa" free="458752" total="458752" percent="100" />
    </mem>
  </mem-info>
</gc-end>
<cycle-end id="3103" type="global" contextid="3096" timestamp="2019-07-02T23:30:40.291">
  <attribute name="GC Util" value="187" />
  <attribute name="CPU Util" value="2051644677041" />
  <attribute name="Time Running"value="17836"/>
  <attribute name="Number of cores"value="4"/>
</cycle-end>
<allocation-satisfied id="3104" threadId="0000000001AB4700" bytesRequested="32" />
<af-end id="3105" timestamp="2019-07-02T23:30:40.292" threadId="0000000001AB5088" success="true" />
<exclusive-end id="3106" timestamp="2019-07-02T23:30:40.292" durationms="10.621" />

<exclusive-start id="3107" timestamp="2019-07-02T23:30:40.378" intervalms="97.128">
  <response-info timems="0.094" idlems="0.094" threads="0" lastid="0000000001AB4700" lastname="main" />
</exclusive-start>
<af-start id="3108" threadId="0000000001AB5088" totalBytesRequested="32" timestamp="2019-07-02T23:30:40.378" intervalms="97.143" />
<cycle-start id="3109" type="global" contextid="0" timestamp="2019-07-02T23:30:40.378" intervalms="97.151" />
  <attribute name="GC Util" value="187" />
  <attribute name="CPU Util" value="2051644677041" />
  <attribute name="Time Running"value="17836"/>
  <attribute name="Number of cores"value="4"/>
<gc-start id="3110" type="global" contextid="3109" timestamp="2019-07-02T23:30:40.379">
  <mem-info id="3111" free="458752" total="45875200" percent="1">
    <mem type="tenure" free="458752" total="45875200" percent="1">
      <mem type="soa" free="0" total="45416448" percent="0" />
      <mem type="loa" free="458752" total="458752" percent="100" />
    </mem>
  </mem-info>
</gc-start>
<allocation-stats totalBytes="27416792" >
  <allocated-bytes non-tlh="0" tlh="27416792" />
  <largest-consumer threadName="main" threadId="0000000001AB4700" bytes="27416792" />
</allocation-stats>
<gc-op id="3112" type="mark" timems="9.041" contextid="3109" timestamp="2019-07-02T23:30:40.388">
  <trace-info objectcount="596140" scancount="517139" scanbytes="13268040" />
  <finalization candidates="80" enqueued="0" />
  <ownableSynchronizers candidates="21" cleared="0" />
  <references type="soft" candidates="1843" cleared="0" enqueued="0" dynamicThreshold="19" maxThreshold="32" />
  <references type="weak" candidates="5748" cleared="0" enqueued="0" />
  <references type="phantom" candidates="101" cleared="0" enqueued="0" />
  <stringconstants candidates="13253" cleared="0"  />
</gc-op>
<gc-op id="3113" type="sweep" timems="0.617" contextid="3109" timestamp="2019-07-02T23:30:40.389" />
<gc-end id="3114" type="global" contextid="3109" durationms="10.138" usertimems="28.000" systemtimems="0.000" timestamp="2019-07-02T23:30:40.389" activeThreads="4">
  <mem-info id="3115" free="27887568" total="45875200" percent="60">
    <mem type="tenure" free="27887568" total="45875200" percent="60" micro-fragmented="65492" macro-fragmented="0">
      <mem type="soa" free="27428816" total="45416448" percent="60" />
      <mem type="loa" free="458752" total="458752" percent="100" />
    </mem>
  </mem-info>
</gc-end>
<cycle-end id="3116" type="global" contextid="3109" timestamp="2019-07-02T23:30:40.389">
  <attribute name="GC Util" value="187" />
  <attribute name="CPU Util" value="2009659782893" />
  <attribute name="Time Running"value="17934"/>
  <attribute name="Number of cores"value="4"/>
</cycle-end>
<allocation-satisfied id="3117" threadId="0000000001AB4700" bytesRequested="32" />
<af-end id="3118" timestamp="2019-07-02T23:30:40.389" threadId="0000000001AB5088" success="true" />
<exclusive-end id="3119" timestamp="2019-07-02T23:30:40.389" durationms="11.047" />

<exclusive-start id="3120" timestamp="2019-07-02T23:30:40.409" intervalms="30.546">
  <response-info timems="0.086" idlems="0.086" threads="0" lastid="0000000001AB4700" lastname="main" />
</exclusive-start>
<af-start id="3121" threadId="0000000001AB5088" totalBytesRequested="80" timestamp="2019-07-02T23:30:40.409" intervalms="30.526" />
<cycle-start id="3122" type="global" contextid="0" timestamp="2019-07-02T23:30:40.409" intervalms="30.491" />
  <attribute name="GC Util" value="187" />
  <attribute name="CPU Util" value="2009659782893" />
  <attribute name="Time Running"value="17934"/>
  <attribute name="Number of cores"value="4"/>
<gc-start id="3123" type="global" contextid="3122" timestamp="2019-07-02T23:30:40.409">
  <mem-info id="3124" free="458752" total="45875200" percent="1">
    <mem type="tenure" free="458752" total="45875200" percent="1">
      <mem type="soa" free="0" total="45416448" percent="0" />
      <mem type="loa" free="458752" total="458752" percent="100" />
    </mem>
  </mem-info>
</gc-start>
<allocation-stats totalBytes="27423504" >
  <allocated-bytes non-tlh="0" tlh="27423504" />
  <largest-consumer threadName="main" threadId="0000000001AB4700" bytes="27423504" />
</allocation-stats>
<gc-op id="3125" type="mark" timems="8.980" contextid="3122" timestamp="2019-07-02T23:30:40.418">
  <trace-info objectcount="596161" scancount="517155" scanbytes="13268708" />
  <finalization candidates="80" enqueued="0" />
  <ownableSynchronizers candidates="21" cleared="0" />
  <references type="soft" candidates="1843" cleared="0" enqueued="0" dynamicThreshold="19" maxThreshold="32" />
  <references type="weak" candidates="5748" cleared="0" enqueued="0" />
  <references type="phantom" candidates="101" cleared="0" enqueued="0" />
  <stringconstants candidates="13253" cleared="0"  />
</gc-op>
<gc-op id="3126" type="sweep" timems="0.637" contextid="3122" timestamp="2019-07-02T23:30:40.419" />
<gc-end id="3127" type="global" contextid="3122" durationms="10.112" usertimems="28.000" systemtimems="0.000" timestamp="2019-07-02T23:30:40.419" activeThreads="4">
  <mem-info id="3128" free="27884968" total="45875200" percent="60">
    <mem type="tenure" free="27884968" total="45875200" percent="60" micro-fragmented="66541" macro-fragmented="0">
      <mem type="soa" free="27426216" total="45416448" percent="60" />
      <mem type="loa" free="458752" total="458752" percent="100" />
    </mem>
  </mem-info>
</gc-end>
<cycle-end id="3129" type="global" contextid="3122" timestamp="2019-07-02T23:30:40.419">
  <attribute name="GC Util" value="186" />
  <attribute name="CPU Util" value="2016765120569" />
  <attribute name="Time Running"value="17964"/>
  <attribute name="Number of cores"value="4"/>
</cycle-end>
<allocation-satisfied id="3130" threadId="0000000001AB4700" bytesRequested="80" />
<af-end id="3131" timestamp="2019-07-02T23:30:40.420" threadId="0000000001AB5088" success="true" />
<exclusive-end id="3132" timestamp="2019-07-02T23:30:40.420" durationms="10.863" />

<exclusive-start id="3133" timestamp="2019-07-02T23:30:40.455" intervalms="46.697">
  <response-info timems="0.078" idlems="0.078" threads="0" lastid="0000000001AB4700" lastname="main" />
</exclusive-start>
<af-start id="3134" threadId="0000000001AB5088" totalBytesRequested="80" timestamp="2019-07-02T23:30:40.456" intervalms="46.649" />
<cycle-start id="3135" type="global" contextid="0" timestamp="2019-07-02T23:30:40.456" intervalms="46.663" />
  <attribute name="GC Util" value="186" />
  <attribute name="CPU Util" value="2016765120569" />
  <attribute name="Time Running"value="17964"/>
  <attribute name="Number of cores"value="4"/>
<gc-start id="3136" type="global" contextid="3135" timestamp="2019-07-02T23:30:40.456">
  <mem-info id="3137" free="458752" total="45875200" percent="1">
    <mem type="tenure" free="458752" total="45875200" percent="1">
      <mem type="soa" free="0" total="45416448" percent="0" />
      <mem type="loa" free="458752" total="458752" percent="100" />
    </mem>
  </mem-info>
</gc-start>
<allocation-stats totalBytes="27418496" >
  <allocated-bytes non-tlh="0" tlh="27418496" />
  <largest-consumer threadName="main" threadId="0000000001AB4700" bytes="27418496" />
</allocation-stats>
<gc-op id="3138" type="mark" timems="9.059" contextid="3135" timestamp="2019-07-02T23:30:40.465">
  <trace-info objectcount="596162" scancount="517157" scanbytes="13268732" />
  <finalization candidates="80" enqueued="0" />
  <ownableSynchronizers candidates="21" cleared="0" />
  <references type="soft" candidates="1843" cleared="0" enqueued="0" dynamicThreshold="19" maxThreshold="32" />
  <references type="weak" candidates="5748" cleared="0" enqueued="0" />
  <references type="phantom" candidates="101" cleared="0" enqueued="0" />
  <stringconstants candidates="13253" cleared="0"  />
</gc-op>
<gc-op id="3139" type="sweep" timems="0.647" contextid="3135" timestamp="2019-07-02T23:30:40.466" />
<gc-end id="3140" type="global" contextid="3135" durationms="10.121" usertimems="24.000" systemtimems="0.000" timestamp="2019-07-02T23:30:40.466" activeThreads="4">
  <mem-info id="3141" free="27884736" total="45875200" percent="60">
    <mem type="tenure" free="27884736" total="45875200" percent="60" micro-fragmented="66541" macro-fragmented="0">
      <mem type="soa" free="27425984" total="45416448" percent="60" />
      <mem type="loa" free="458752" total="458752" percent="100" />
    </mem>
  </mem-info>
</gc-end>
<cycle-end id="3142" type="global" contextid="3135" timestamp="2019-07-02T23:30:40.466">
  <attribute name="GC Util" value="186" />
  <attribute name="CPU Util" value="2002508898336" />
  <attribute name="Time Running"value="18011"/>
  <attribute name="Number of cores"value="4"/>
</cycle-end>
<allocation-satisfied id="3143" threadId="0000000001AB4700" bytesRequested="80" />
<af-end id="3144" timestamp="2019-07-02T23:30:40.466" threadId="0000000001AB5088" success="true" />
<exclusive-end id="3145" timestamp="2019-07-02T23:30:40.466" durationms="10.703" />

<exclusive-start id="3146" timestamp="2019-07-02T23:30:40.507" intervalms="52.060">
  <response-info timems="0.053" idlems="0.053" threads="0" lastid="0000000001AB4700" lastname="main" />
</exclusive-start>
<af-start id="3147" threadId="0000000001AB5088" totalBytesRequested="80" timestamp="2019-07-02T23:30:40.508" intervalms="52.131" />
<cycle-start id="3148" type="global" contextid="0" timestamp="2019-07-02T23:30:40.508" intervalms="52.098" />
  <attribute name="GC Util" value="186" />
  <attribute name="CPU Util" value="2002508898336" />
  <attribute name="Time Running"value="18011"/>
  <attribute name="Number of cores"value="4"/>
<gc-start id="3149" type="global" contextid="3148" timestamp="2019-07-02T23:30:40.508">
  <mem-info id="3150" free="458752" total="45875200" percent="1">
    <mem type="tenure" free="458752" total="45875200" percent="1">
      <mem type="soa" free="0" total="45416448" percent="0" />
      <mem type="loa" free="458752" total="458752" percent="100" />
    </mem>
  </mem-info>
</gc-start>
<allocation-stats totalBytes="27414784" >
  <allocated-bytes non-tlh="0" tlh="27414784" />
  <largest-consumer threadName="main" threadId="0000000001AB4700" bytes="27414784" />
</allocation-stats>
<gc-op id="3151" type="mark" timems="9.630" contextid="3148" timestamp="2019-07-02T23:30:40.518">
  <trace-info objectcount="596142" scancount="517156" scanbytes="13268156" />
  <finalization candidates="80" enqueued="0" />
  <ownableSynchronizers candidates="21" cleared="0" />
  <references type="soft" candidates="1843" cleared="0" enqueued="0" dynamicThreshold="19" maxThreshold="32" />
  <references type="weak" candidates="5748" cleared="0" enqueued="0" />
  <references type="phantom" candidates="101" cleared="0" enqueued="0" />
  <stringconstants candidates="13253" cleared="0"  />
</gc-op>
<gc-op id="3152" type="sweep" timems="0.608" contextid="3148" timestamp="2019-07-02T23:30:40.518" />
<gc-end id="3153" type="global" contextid="3148" durationms="10.611" usertimems="24.000" systemtimems="4.000" timestamp="2019-07-02T23:30:40.518" activeThreads="4">
  <mem-info id="3154" free="27886312" total="45875200" percent="60">
    <mem type="tenure" free="27886312" total="45875200" percent="60" micro-fragmented="62587" macro-fragmented="0">
      <mem type="soa" free="27427560" total="45416448" percent="60" />
      <mem type="loa" free="458752" total="458752" percent="100" />
    </mem>
  </mem-info>
</gc-end>
<cycle-end id="3155" type="global" contextid="3148" timestamp="2019-07-02T23:30:40.519">
  <attribute name="GC Util" value="188" />
  <attribute name="CPU Util" value="1894596591879" />
  <attribute name="Time Running"value="18064"/>
  <attribute name="Number of cores"value="4"/>
</cycle-end>
<allocation-satisfied id="3156" threadId="0000000001AB4700" bytesRequested="80" />
<af-end id="3157" timestamp="2019-07-02T23:30:40.519" threadId="0000000001AB5088" success="true" />
<exclusive-end id="3158" timestamp="2019-07-02T23:30:40.519" durationms="11.364" />

<exclusive-start id="3159" timestamp="2019-07-02T23:30:40.555" intervalms="47.966">
  <response-info timems="0.086" idlems="0.086" threads="0" lastid="0000000001AB4700" lastname="main" />
</exclusive-start>
<af-start id="3160" threadId="0000000001AB5088" totalBytesRequested="24" timestamp="2019-07-02T23:30:40.556" intervalms="47.953" />
<cycle-start id="3161" type="global" contextid="0" timestamp="2019-07-02T23:30:40.556" intervalms="47.977" />
  <attribute name="GC Util" value="188" />
  <attribute name="CPU Util" value="1894596591879" />
  <attribute name="Time Running"value="18064"/>
  <attribute name="Number of cores"value="4"/>
<gc-start id="3162" type="global" contextid="3161" timestamp="2019-07-02T23:30:40.556">
  <mem-info id="3163" free="458752" total="45875200" percent="1">
    <mem type="tenure" free="458752" total="45875200" percent="1">
      <mem type="soa" free="0" total="45416448" percent="0" />
      <mem type="loa" free="458752" total="458752" percent="100" />
    </mem>
  </mem-info>
</gc-start>
<allocation-stats totalBytes="27416672" >
  <allocated-bytes non-tlh="0" tlh="27416672" />
  <largest-consumer threadName="main" threadId="0000000001AB4700" bytes="27416672" />
</allocation-stats>
<gc-op id="3164" type="mark" timems="9.230" contextid="3161" timestamp="2019-07-02T23:30:40.565">
  <trace-info objectcount="596146" scancount="517145" scanbytes="13268188" />
  <finalization candidates="80" enqueued="0" />
  <ownableSynchronizers candidates="21" cleared="0" />
  <references type="soft" candidates="1843" cleared="0" enqueued="0" dynamicThreshold="19" maxThreshold="32" />
  <references type="weak" candidates="5748" cleared="0" enqueued="0" />
  <references type="phantom" candidates="101" cleared="0" enqueued="0" />
  <stringconstants candidates="13253" cleared="0"  />
</gc-op>
<gc-op id="3165" type="sweep" timems="0.609" contextid="3161" timestamp="2019-07-02T23:30:40.566" />
<gc-end id="3166" type="global" contextid="3161" durationms="10.242" usertimems="28.000" systemtimems="0.000" timestamp="2019-07-02T23:30:40.566" activeThreads="4">
  <mem-info id="3167" free="27885808" total="45875200" percent="60">
    <mem type="tenure" free="27885808" total="45875200" percent="60" micro-fragmented="74505" macro-fragmented="0">
      <mem type="soa" free="27427056" total="45416448" percent="60" />
      <mem type="loa" free="458752" total="458752" percent="100" />
    </mem>
  </mem-info>
</gc-end>
<cycle-end id="3168" type="global" contextid="3161" timestamp="2019-07-02T23:30:40.566">
  <attribute name="GC Util" value="188" />
  <attribute name="CPU Util" value="1977730310283" />
  <attribute name="Time Running"value="18111"/>
  <attribute name="Number of cores"value="4"/>
</cycle-end>
<allocation-satisfied id="3169" threadId="0000000001AB4700" bytesRequested="24" />
<af-end id="3170" timestamp="2019-07-02T23:30:40.566" threadId="0000000001AB5088" success="true" />
<exclusive-end id="3171" timestamp="2019-07-02T23:30:40.566" durationms="10.953" />

<exclusive-start id="3172" timestamp="2019-07-02T23:30:40.618" intervalms="63.025">
  <response-info timems="0.089" idlems="0.089" threads="0" lastid="0000000001AB4700" lastname="main" />
</exclusive-start>
<af-start id="3173" threadId="0000000001AB5088" totalBytesRequested="16" timestamp="2019-07-02T23:30:40.619" intervalms="63.023" />
<cycle-start id="3174" type="global" contextid="0" timestamp="2019-07-02T23:30:40.619" intervalms="63.022" />
  <attribute name="GC Util" value="188" />
  <attribute name="CPU Util" value="1977730310283" />
  <attribute name="Time Running"value="18111"/>
  <attribute name="Number of cores"value="4"/>
<gc-start id="3175" type="global" contextid="3174" timestamp="2019-07-02T23:30:40.619">
  <mem-info id="3176" free="458752" total="45875200" percent="1">
    <mem type="tenure" free="458752" total="45875200" percent="1">
      <mem type="soa" free="0" total="45416448" percent="0" />
      <mem type="loa" free="458752" total="458752" percent="100" />
    </mem>
  </mem-info>
</gc-start>
<allocation-stats totalBytes="27424952" >
  <allocated-bytes non-tlh="0" tlh="27424952" />
  <largest-consumer threadName="main" threadId="0000000001AB4700" bytes="27424952" />
</allocation-stats>
<gc-op id="3177" type="mark" timems="8.861" contextid="3174" timestamp="2019-07-02T23:30:40.628">
  <trace-info objectcount="596145" scancount="517156" scanbytes="13268172" />
  <finalization candidates="80" enqueued="0" />
  <ownableSynchronizers candidates="21" cleared="0" />
  <references type="soft" candidates="1843" cleared="0" enqueued="0" dynamicThreshold="19" maxThreshold="32" />
  <references type="weak" candidates="5748" cleared="0" enqueued="0" />
  <references type="phantom" candidates="101" cleared="0" enqueued="0" />
  <stringconstants candidates="13253" cleared="0"  />
</gc-op>
<gc-op id="3178" type="sweep" timems="0.623" contextid="3174" timestamp="2019-07-02T23:30:40.629" />
<gc-end id="3179" type="global" contextid="3174" durationms="9.891" usertimems="24.000" systemtimems="0.000" timestamp="2019-07-02T23:30:40.629" activeThreads="4">
  <mem-info id="3180" free="27885728" total="45875200" percent="60">
    <mem type="tenure" free="27885728" total="45875200" percent="60" micro-fragmented="63638" macro-fragmented="0">
      <mem type="soa" free="27426976" total="45416448" percent="60" />
      <mem type="loa" free="458752" total="458752" percent="100" />
    </mem>
  </mem-info>
</gc-end>
<cycle-end id="3181" type="global" contextid="3174" timestamp="2019-07-02T23:30:40.629">
  <attribute name="GC Util" value="187" />
  <attribute name="CPU Util" value="2049048951430" />
  <attribute name="Time Running"value="18174"/>
  <attribute name="Number of cores"value="4"/>
</cycle-end>
<allocation-satisfied id="3182" threadId="0000000001AB4700" bytesRequested="16" />
<af-end id="3183" timestamp="2019-07-02T23:30:40.629" threadId="0000000001AB5088" success="true" />
<exclusive-end id="3184" timestamp="2019-07-02T23:30:40.629" durationms="10.667" />

<exclusive-start id="3185" timestamp="2019-07-02T23:30:40.669" intervalms="50.925">
  <response-info timems="0.099" idlems="0.099" threads="0" lastid="0000000001AB4700" lastname="main" />
</exclusive-start>
<af-start id="3186" threadId="0000000001AB5088" totalBytesRequested="40" timestamp="2019-07-02T23:30:40.670" intervalms="50.887" />
<cycle-start id="3187" type="global" contextid="0" timestamp="2019-07-02T23:30:40.670" intervalms="50.900" />
  <attribute name="GC Util" value="187" />
  <attribute name="CPU Util" value="2049048951430" />
  <attribute name="Time Running"value="18174"/>
  <attribute name="Number of cores"value="4"/>
<gc-start id="3188" type="global" contextid="3187" timestamp="2019-07-02T23:30:40.670">
  <mem-info id="3189" free="458752" total="45875200" percent="1">
    <mem type="tenure" free="458752" total="45875200" percent="1">
      <mem type="soa" free="0" total="45416448" percent="0" />
      <mem type="loa" free="458752" total="458752" percent="100" />
    </mem>
  </mem-info>
</gc-start>
<allocation-stats totalBytes="27423984" >
  <allocated-bytes non-tlh="0" tlh="27423984" />
  <largest-consumer threadName="main" threadId="0000000001AB4700" bytes="27423984" />
</allocation-stats>
<gc-op id="3190" type="mark" timems="9.000" contextid="3187" timestamp="2019-07-02T23:30:40.679">
  <trace-info objectcount="596152" scancount="517144" scanbytes="13268308" />
  <finalization candidates="80" enqueued="0" />
  <ownableSynchronizers candidates="21" cleared="0" />
  <references type="soft" candidates="1843" cleared="0" enqueued="0" dynamicThreshold="19" maxThreshold="32" />
  <references type="weak" candidates="5748" cleared="0" enqueued="0" />
  <references type="phantom" candidates="101" cleared="0" enqueued="0" />
  <stringconstants candidates="13253" cleared="0"  />
</gc-op>
<gc-op id="3191" type="sweep" timems="0.591" contextid="3187" timestamp="2019-07-02T23:30:40.680" />
<gc-end id="3192" type="global" contextid="3187" durationms="10.004" usertimems="24.000" systemtimems="0.000" timestamp="2019-07-02T23:30:40.680" activeThreads="4">
  <mem-info id="3193" free="27885112" total="45875200" percent="60">
    <mem type="tenure" free="27885112" total="45875200" percent="60" micro-fragmented="63638" macro-fragmented="0">
      <mem type="soa" free="27426360" total="45416448" percent="60" />
      <mem type="loa" free="458752" total="458752" percent="100" />
    </mem>
  </mem-info>
</gc-end>
<cycle-end id="3194" type="global" contextid="3187" timestamp="2019-07-02T23:30:40.680">
  <attribute name="GC Util" value="186" />
  <attribute name="CPU Util" value="2017995106279" />
  <attribute name="Time Running"value="18225"/>
  <attribute name="Number of cores"value="4"/>
</cycle-end>
<allocation-satisfied id="3195" threadId="0000000001AB4700" bytesRequested="40" />
<af-end id="3196" timestamp="2019-07-02T23:30:40.680" threadId="0000000001AB5088" success="true" />
<exclusive-end id="3197" timestamp="2019-07-02T23:30:40.680" durationms="10.717" />

<exclusive-start id="3198" timestamp="2019-07-02T23:30:40.713" intervalms="43.266">
  <response-info timems="0.082" idlems="0.082" threads="0" lastid="0000000001AB4700" lastname="main" />
</exclusive-start>
<af-start id="3199" threadId="0000000001AB5088" totalBytesRequested="32" timestamp="2019-07-02T23:30:40.713" intervalms="43.255" />
<cycle-start id="3200" type="global" contextid="0" timestamp="2019-07-02T23:30:40.713" intervalms="43.255" />
  <attribute name="GC Util" value="186" />
  <attribute name="CPU Util" value="2017995106279" />
  <attribute name="Time Running"value="18225"/>
  <attribute name="Number of cores"value="4"/>
<gc-start id="3201" type="global" contextid="3200" timestamp="2019-07-02T23:30:40.713">
  <mem-info id="3202" free="458752" total="45875200" percent="1">
    <mem type="tenure" free="458752" total="45875200" percent="1">
      <mem type="soa" free="0" total="45416448" percent="0" />
      <mem type="loa" free="458752" total="458752" percent="100" />
    </mem>
  </mem-info>
</gc-start>
<allocation-stats totalBytes="27421864" >
  <allocated-bytes non-tlh="0" tlh="27421864" />
  <largest-consumer threadName="main" threadId="0000000001AB4700" bytes="27421864" />
</allocation-stats>
<gc-op id="3203" type="mark" timems="9.011" contextid="3200" timestamp="2019-07-02T23:30:40.722">
  <trace-info objectcount="596155" scancount="517153" scanbytes="13268348" />
  <finalization candidates="80" enqueued="0" />
  <ownableSynchronizers candidates="21" cleared="0" />
  <references type="soft" candidates="1843" cleared="0" enqueued="0" dynamicThreshold="19" maxThreshold="32" />
  <references type="weak" candidates="5748" cleared="0" enqueued="0" />
  <references type="phantom" candidates="101" cleared="0" enqueued="0" />
  <stringconstants candidates="13253" cleared="0"  />
</gc-op>
<gc-op id="3204" type="sweep" timems="0.515" contextid="3200" timestamp="2019-07-02T23:30:40.723" />
<gc-end id="3205" type="global" contextid="3200" durationms="9.910" usertimems="28.000" systemtimems="0.000" timestamp="2019-07-02T23:30:40.723" activeThreads="4">
  <mem-info id="3206" free="27884720" total="45875200" percent="60">
    <mem type="tenure" free="27884720" total="45875200" percent="60" micro-fragmented="63689" macro-fragmented="0">
      <mem type="soa" free="27425968" total="45416448" percent="60" />
      <mem type="loa" free="458752" total="458752" percent="100" />
    </mem>
  </mem-info>
</gc-end>
<cycle-end id="3207" type="global" contextid="3200" timestamp="2019-07-02T23:30:40.723">
  <attribute name="GC Util" value="189" />
  <attribute name="CPU Util" value="2017670199600" />
  <attribute name="Time Running"value="18268"/>
  <attribute name="Number of cores"value="4"/>
</cycle-end>
<allocation-satisfied id="3208" threadId="0000000001AB4700" bytesRequested="32" />
<af-end id="3209" timestamp="2019-07-02T23:30:40.723" threadId="0000000001AB5088" success="true" />
<exclusive-end id="3210" timestamp="2019-07-02T23:30:40.723" durationms="10.568" />

<exclusive-start id="3211" timestamp="2019-07-02T23:30:40.755" intervalms="42.046">
  <response-info timems="0.074" idlems="0.074" threads="0" lastid="0000000001AB4700" lastname="main" />
</exclusive-start>
<af-start id="3212" threadId="0000000001AB5088" totalBytesRequested="32" timestamp="2019-07-02T23:30:40.755" intervalms="42.042" />
<cycle-start id="3213" type="global" contextid="0" timestamp="2019-07-02T23:30:40.755" intervalms="42.052" />
  <attribute name="GC Util" value="189" />
  <attribute name="CPU Util" value="2017670199600" />
  <attribute name="Time Running"value="18268"/>
  <attribute name="Number of cores"value="4"/>
<gc-start id="3214" type="global" contextid="3213" timestamp="2019-07-02T23:30:40.755">
  <mem-info id="3215" free="458752" total="45875200" percent="1">
    <mem type="tenure" free="458752" total="45875200" percent="1">
      <mem type="soa" free="0" total="45416448" percent="0" />
      <mem type="loa" free="458752" total="458752" percent="100" />
    </mem>
  </mem-info>
</gc-start>
<allocation-stats totalBytes="27423088" >
  <allocated-bytes non-tlh="0" tlh="27423088" />
  <largest-consumer threadName="main" threadId="0000000001AB4700" bytes="27423088" />
</allocation-stats>
<gc-op id="3216" type="mark" timems="9.131" contextid="3213" timestamp="2019-07-02T23:30:40.764">
  <trace-info objectcount="596143" scancount="517141" scanbytes="13268100" />
  <finalization candidates="80" enqueued="0" />
  <ownableSynchronizers candidates="21" cleared="0" />
  <references type="soft" candidates="1843" cleared="0" enqueued="0" dynamicThreshold="19" maxThreshold="32" />
  <references type="weak" candidates="5748" cleared="0" enqueued="0" />
  <references type="phantom" candidates="101" cleared="0" enqueued="0" />
  <stringconstants candidates="13253" cleared="0"  />
</gc-op>
<gc-op id="3217" type="sweep" timems="0.584" contextid="3213" timestamp="2019-07-02T23:30:40.765" />
<gc-end id="3218" type="global" contextid="3213" durationms="10.113" usertimems="24.000" systemtimems="0.000" timestamp="2019-07-02T23:30:40.765" activeThreads="4">
  <mem-info id="3219" free="27885112" total="45875200" percent="60">
    <mem type="tenure" free="27885112" total="45875200" percent="60" micro-fragmented="63588" macro-fragmented="0">
      <mem type="soa" free="27426360" total="45416448" percent="60" />
      <mem type="loa" free="458752" total="458752" percent="100" />
    </mem>
  </mem-info>
</gc-end>
<cycle-end id="3220" type="global" contextid="3213" timestamp="2019-07-02T23:30:40.765">
  <attribute name="GC Util" value="189" />
  <attribute name="CPU Util" value="1990641093378" />
  <attribute name="Time Running"value="18310"/>
  <attribute name="Number of cores"value="4"/>
</cycle-end>
<allocation-satisfied id="3221" threadId="0000000001AB4700" bytesRequested="32" />
<af-end id="3222" timestamp="2019-07-02T23:30:40.765" threadId="0000000001AB5088" success="true" />
<exclusive-end id="3223" timestamp="2019-07-02T23:30:40.766" durationms="10.818" />

<exclusive-start id="3224" timestamp="2019-07-02T23:30:40.791" intervalms="36.388">
  <response-info timems="0.075" idlems="0.075" threads="0" lastid="0000000001AB4700" lastname="main" />
</exclusive-start>
<af-start id="3225" threadId="0000000001AB5088" totalBytesRequested="32" timestamp="2019-07-02T23:30:40.791" intervalms="36.376" />
<cycle-start id="3226" type="global" contextid="0" timestamp="2019-07-02T23:30:40.791" intervalms="36.360" />
  <attribute name="GC Util" value="189" />
  <attribute name="CPU Util" value="1990641093378" />
  <attribute name="Time Running"value="18310"/>
  <attribute name="Number of cores"value="4"/>
<gc-start id="3227" type="global" contextid="3226" timestamp="2019-07-02T23:30:40.791">
  <mem-info id="3228" free="458752" total="45875200" percent="1">
    <mem type="tenure" free="458752" total="45875200" percent="1">
      <mem type="soa" free="0" total="45416448" percent="0" />
      <mem type="loa" free="458752" total="458752" percent="100" />
    </mem>
  </mem-info>
</gc-start>
<allocation-stats totalBytes="27424904" >
  <allocated-bytes non-tlh="0" tlh="27424904" />
  <largest-consumer threadName="main" threadId="0000000001AB4700" bytes="27424904" />
</allocation-stats>
<gc-op id="3229" type="mark" timems="8.600" contextid="3226" timestamp="2019-07-02T23:30:40.800">
  <trace-info objectcount="596143" scancount="517137" scanbytes="13268100" />
  <finalization candidates="80" enqueued="0" />
  <ownableSynchronizers candidates="21" cleared="0" />
  <references type="soft" candidates="1843" cleared="0" enqueued="0" dynamicThreshold="19" maxThreshold="32" />
  <references type="weak" candidates="5748" cleared="0" enqueued="0" />
  <references type="phantom" candidates="101" cleared="0" enqueued="0" />
  <stringconstants candidates="13253" cleared="0"  />
</gc-op>
<gc-op id="3230" type="sweep" timems="0.575" contextid="3226" timestamp="2019-07-02T23:30:40.801" />
<gc-end id="3231" type="global" contextid="3226" durationms="9.599" usertimems="24.000" systemtimems="0.000" timestamp="2019-07-02T23:30:40.801" activeThreads="4">
  <mem-info id="3232" free="27884464" total="45875200" percent="60">
    <mem type="tenure" free="27884464" total="45875200" percent="60" micro-fragmented="63638" macro-fragmented="0">
      <mem type="soa" free="27425712" total="45416448" percent="60" />
      <mem type="loa" free="458752" total="458752" percent="100" />
    </mem>
  </mem-info>
</gc-end>
<cycle-end id="3233" type="global" contextid="3226" timestamp="2019-07-02T23:30:40.801">
  <attribute name="GC Util" value="188" />
  <attribute name="CPU Util" value="2110591581385" />
  <attribute name="Time Running"value="18346"/>
  <attribute name="Number of cores"value="4"/>
</cycle-end>
<allocation-satisfied id="3234" threadId="0000000001AB4700" bytesRequested="32" />
<af-end id="3235" timestamp="2019-07-02T23:30:40.801" threadId="0000000001AB5088" success="true" />
<exclusive-end id="3236" timestamp="2019-07-02T23:30:40.801" durationms="10.161" />

<exclusive-start id="3237" timestamp="2019-07-02T23:30:40.863" intervalms="71.990">
  <response-info timems="0.080" idlems="0.080" threads="0" lastid="0000000001AB4700" lastname="main" />
</exclusive-start>
<af-start id="3238" threadId="0000000001AB5088" totalBytesRequested="24" timestamp="2019-07-02T23:30:40.863" intervalms="71.996" />
<cycle-start id="3239" type="global" contextid="0" timestamp="2019-07-02T23:30:40.863" intervalms="71.994" />
  <attribute name="GC Util" value="188" />
  <attribute name="CPU Util" value="2110591581385" />
  <attribute name="Time Running"value="18346"/>
  <attribute name="Number of cores"value="4"/>
<gc-start id="3240" type="global" contextid="3239" timestamp="2019-07-02T23:30:40.863">
  <mem-info id="3241" free="458752" total="45875200" percent="1">
    <mem type="tenure" free="458752" total="45875200" percent="1">
      <mem type="soa" free="0" total="45416448" percent="0" />
      <mem type="loa" free="458752" total="458752" percent="100" />
    </mem>
  </mem-info>
</gc-start>
<allocation-stats totalBytes="27424200" >
  <allocated-bytes non-tlh="0" tlh="27424200" />
  <largest-consumer threadName="main" threadId="0000000001AB4700" bytes="27424200" />
</allocation-stats>
<gc-op id="3242" type="mark" timems="9.487" contextid="3239" timestamp="2019-07-02T23:30:40.873">
  <trace-info objectcount="596143" scancount="517157" scanbytes="13268084" />
  <finalization candidates="80" enqueued="0" />
  <ownableSynchronizers candidates="21" cleared="0" />
  <references type="soft" candidates="1843" cleared="0" enqueued="0" dynamicThreshold="19" maxThreshold="32" />
  <references type="weak" candidates="5748" cleared="0" enqueued="0" />
  <references type="phantom" candidates="101" cleared="0" enqueued="0" />
  <stringconstants candidates="13253" cleared="0"  />
</gc-op>
<gc-op id="3243" type="sweep" timems="0.637" contextid="3239" timestamp="2019-07-02T23:30:40.874" />
<gc-end id="3244" type="global" contextid="3239" durationms="10.475" usertimems="28.000" systemtimems="0.000" timestamp="2019-07-02T23:30:40.874" activeThreads="4">
  <mem-info id="3245" free="27885240" total="45875200" percent="60">
    <mem type="tenure" free="27885240" total="45875200" percent="60" micro-fragmented="63747" macro-fragmented="0">
      <mem type="soa" free="27426488" total="45416448" percent="60" />
      <mem type="loa" free="458752" total="458752" percent="100" />
    </mem>
  </mem-info>
</gc-end>
<cycle-end id="3246" type="global" contextid="3239" timestamp="2019-07-02T23:30:40.874">
  <attribute name="GC Util" value="188" />
  <attribute name="CPU Util" value="1909738173507" />
  <attribute name="Time Running"value="18419"/>
  <attribute name="Number of cores"value="4"/>
</cycle-end>
<allocation-satisfied id="3247" threadId="0000000001AB4700" bytesRequested="24" />
<af-end id="3248" timestamp="2019-07-02T23:30:40.874" threadId="0000000001AB5088" success="true" />
<exclusive-end id="3249" timestamp="2019-07-02T23:30:40.874" durationms="11.122" />

<exclusive-start id="3250" timestamp="2019-07-02T23:30:41.026" intervalms="162.883">
  <response-info timems="0.081" idlems="0.081" threads="0" lastid="0000000001AB4700" lastname="main" />
</exclusive-start>
<af-start id="3251" threadId="0000000001AB5088" totalBytesRequested="24" timestamp="2019-07-02T23:30:41.026" intervalms="162.947" />
<cycle-start id="3252" type="global" contextid="0" timestamp="2019-07-02T23:30:41.026" intervalms="162.958" />
  <attribute name="GC Util" value="188" />
  <attribute name="CPU Util" value="1909738173507" />
  <attribute name="Time Running"value="18419"/>
  <attribute name="Number of cores"value="4"/>
<gc-start id="3253" type="global" contextid="3252" timestamp="2019-07-02T23:30:41.026">
  <mem-info id="3254" free="458752" total="45875200" percent="1">
    <mem type="tenure" free="458752" total="45875200" percent="1">
      <mem type="soa" free="0" total="45416448" percent="0" />
      <mem type="loa" free="458752" total="458752" percent="100" />
    </mem>
  </mem-info>
</gc-start>
<allocation-stats totalBytes="27425112" >
  <allocated-bytes non-tlh="48560" tlh="27376552" />
  <largest-consumer threadName="main" threadId="0000000001AB4700" bytes="27425112" />
</allocation-stats>
<gc-op id="3255" type="mark" timems="9.075" contextid="3252" timestamp="2019-07-02T23:30:41.036">
  <trace-info objectcount="596150" scancount="517143" scanbytes="13268244" />
  <finalization candidates="80" enqueued="0" />
  <ownableSynchronizers candidates="21" cleared="0" />
  <references type="soft" candidates="1843" cleared="0" enqueued="0" dynamicThreshold="19" maxThreshold="32" />
  <references type="weak" candidates="5748" cleared="0" enqueued="0" />
  <references type="phantom" candidates="101" cleared="0" enqueued="0" />
  <stringconstants candidates="13253" cleared="0"  />
</gc-op>
<gc-op id="3256" type="sweep" timems="0.526" contextid="3252" timestamp="2019-07-02T23:30:41.036" />
<gc-end id="3257" type="global" contextid="3252" durationms="10.032" usertimems="28.000" systemtimems="0.000" timestamp="2019-07-02T23:30:41.036" activeThreads="4">
  <mem-info id="3258" free="27884632" total="45875200" percent="60">
    <mem type="tenure" free="27884632" total="45875200" percent="60" micro-fragmented="60550" macro-fragmented="0">
      <mem type="soa" free="27425880" total="45416448" percent="60" />
      <mem type="loa" free="458752" total="458752" percent="100" />
    </mem>
  </mem-info>
</gc-end>
<cycle-end id="3259" type="global" contextid="3252" timestamp="2019-07-02T23:30:41.037">
  <attribute name="GC Util" value="186" />
  <attribute name="CPU Util" value="2004866597874" />
  <attribute name="Time Running"value="18582"/>
  <attribute name="Number of cores"value="4"/>
</cycle-end>
<allocation-satisfied id="3260" threadId="0000000001AB4700" bytesRequested="24" />
<af-end id="3261" timestamp="2019-07-02T23:30:41.037" threadId="0000000001AB5088" success="true" />
<exclusive-end id="3262" timestamp="2019-07-02T23:30:41.037" durationms="10.780" />

<exclusive-start id="3263" timestamp="2019-07-02T23:30:41.056" intervalms="30.038">
  <response-info timems="0.074" idlems="0.074" threads="0" lastid="0000000001AB4700" lastname="main" />
</exclusive-start>
<af-start id="3264" threadId="0000000001AB5088" totalBytesRequested="24" timestamp="2019-07-02T23:30:41.056" intervalms="29.972" />
<cycle-start id="3265" type="global" contextid="0" timestamp="2019-07-02T23:30:41.056" intervalms="29.963" />
  <attribute name="GC Util" value="186" />
  <attribute name="CPU Util" value="2004866597874" />
  <attribute name="Time Running"value="18582"/>
  <attribute name="Number of cores"value="4"/>
<gc-start id="3266" type="global" contextid="3265" timestamp="2019-07-02T23:30:41.056">
  <mem-info id="3267" free="458752" total="45875200" percent="1">
    <mem type="tenure" free="458752" total="45875200" percent="1">
      <mem type="soa" free="0" total="45416448" percent="0" />
      <mem type="loa" free="458752" total="458752" percent="100" />
    </mem>
  </mem-info>
</gc-start>
<allocation-stats totalBytes="27424728" >
  <allocated-bytes non-tlh="0" tlh="27424728" />
  <largest-consumer threadName="main" threadId="0000000001AB4700" bytes="27424728" />
</allocation-stats>
<gc-op id="3268" type="mark" timems="9.083" contextid="3265" timestamp="2019-07-02T23:30:41.066">
  <trace-info objectcount="596147" scancount="517157" scanbytes="13268196" />
  <finalization candidates="80" enqueued="0" />
  <ownableSynchronizers candidates="21" cleared="0" />
  <references type="soft" candidates="1843" cleared="0" enqueued="0" dynamicThreshold="19" maxThreshold="32" />
  <references type="weak" candidates="5748" cleared="0" enqueued="0" />
  <references type="phantom" candidates="101" cleared="0" enqueued="0" />
  <stringconstants candidates="13253" cleared="0"  />
</gc-op>
<gc-op id="3269" type="sweep" timems="0.611" contextid="3265" timestamp="2019-07-02T23:30:41.066" />
<gc-end id="3270" type="global" contextid="3265" durationms="10.065" usertimems="24.000" systemtimems="4.000" timestamp="2019-07-02T23:30:41.066" activeThreads="4">
  <mem-info id="3271" free="27884608" total="45875200" percent="60">
    <mem type="tenure" free="27884608" total="45875200" percent="60" micro-fragmented="60550" macro-fragmented="0">
      <mem type="soa" free="27425856" total="45416448" percent="60" />
      <mem type="loa" free="458752" total="458752" percent="100" />
    </mem>
  </mem-info>
</gc-end>
<cycle-end id="3272" type="global" contextid="3265" timestamp="2019-07-02T23:30:41.067">
  <attribute name="GC Util" value="191" />
  <attribute name="CPU Util" value="1997666214601" />
  <attribute name="Time Running"value="18612"/>
  <attribute name="Number of cores"value="4"/>
</cycle-end>
<allocation-satisfied id="3273" threadId="0000000001AB4700" bytesRequested="24" />
<af-end id="3274" timestamp="2019-07-02T23:30:41.067" threadId="0000000001AB5088" success="true" />
<exclusive-end id="3275" timestamp="2019-07-02T23:30:41.067" durationms="10.735" />

<exclusive-start id="3276" timestamp="2019-07-02T23:30:41.097" intervalms="40.683">
  <response-info timems="0.089" idlems="0.089" threads="0" lastid="0000000001AB4700" lastname="main" />
</exclusive-start>
<af-start id="3277" threadId="0000000001AB5088" totalBytesRequested="24" timestamp="2019-07-02T23:30:41.097" intervalms="40.712" />
<cycle-start id="3278" type="global" contextid="0" timestamp="2019-07-02T23:30:41.097" intervalms="40.715" />
  <attribute name="GC Util" value="191" />
  <attribute name="CPU Util" value="1997666214601" />
  <attribute name="Time Running"value="18612"/>
  <attribute name="Number of cores"value="4"/>
<gc-start id="3279" type="global" contextid="3278" timestamp="2019-07-02T23:30:41.097">
  <mem-info id="3280" free="458752" total="45875200" percent="1">
    <mem type="tenure" free="458752" total="45875200" percent="1">
      <mem type="soa" free="0" total="45416448" percent="0" />
      <mem type="loa" free="458752" total="458752" percent="100" />
    </mem>
  </mem-info>
</gc-start>
<allocation-stats totalBytes="27424072" >
  <allocated-bytes non-tlh="0" tlh="27424072" />
  <largest-consumer threadName="main" threadId="0000000001AB4700" bytes="27424072" />
</allocation-stats>
<gc-op id="3281" type="mark" timems="9.401" contextid="3278" timestamp="2019-07-02T23:30:41.107">
  <trace-info objectcount="596162" scancount="517161" scanbytes="13268560" />
  <finalization candidates="80" enqueued="0" />
  <ownableSynchronizers candidates="21" cleared="0" />
  <references type="soft" candidates="1843" cleared="0" enqueued="0" dynamicThreshold="19" maxThreshold="32" />
  <references type="weak" candidates="5748" cleared="0" enqueued="0" />
  <references type="phantom" candidates="101" cleared="0" enqueued="0" />
  <stringconstants candidates="13253" cleared="0"  />
</gc-op>
<gc-op id="3282" type="sweep" timems="0.794" contextid="3278" timestamp="2019-07-02T23:30:41.107" />
<gc-end id="3283" type="global" contextid="3278" durationms="10.583" usertimems="28.000" systemtimems="0.000" timestamp="2019-07-02T23:30:41.108" activeThreads="4">
  <mem-info id="3284" free="27882840" total="45875200" percent="60">
    <mem type="tenure" free="27882840" total="45875200" percent="60" micro-fragmented="73079" macro-fragmented="0">
      <mem type="soa" free="27424088" total="45416448" percent="60" />
      <mem type="loa" free="458752" total="458752" percent="100" />
    </mem>
  </mem-info>
</gc-end>
<cycle-end id="3285" type="global" contextid="3278" timestamp="2019-07-02T23:30:41.108">
  <attribute name="GC Util" value="187" />
  <attribute name="CPU Util" value="1935879435736" />
  <attribute name="Time Running"value="18653"/>
  <attribute name="Number of cores"value="4"/>
</cycle-end>
<allocation-satisfied id="3286" threadId="0000000001AB4700" bytesRequested="24" />
<af-end id="3287" timestamp="2019-07-02T23:30:41.108" threadId="0000000001AB5088" success="true" />
<exclusive-end id="3288" timestamp="2019-07-02T23:30:41.108" durationms="11.275" />

<exclusive-start id="3289" timestamp="2019-07-02T23:30:41.138" intervalms="41.089">
  <response-info timems="0.074" idlems="0.074" threads="0" lastid="0000000001AB4700" lastname="main" />
</exclusive-start>
<af-start id="3290" threadId="0000000001AB5088" totalBytesRequested="16" timestamp="2019-07-02T23:30:41.138" intervalms="41.062" />
<cycle-start id="3291" type="global" contextid="0" timestamp="2019-07-02T23:30:41.138" intervalms="41.061" />
  <attribute name="GC Util" value="187" />
  <attribute name="CPU Util" value="1935879435736" />
  <attribute name="Time Running"value="18653"/>
  <attribute name="Number of cores"value="4"/>
<gc-start id="3292" type="global" contextid="3291" timestamp="2019-07-02T23:30:41.138">
  <mem-info id="3293" free="458752" total="45875200" percent="1">
    <mem type="tenure" free="458752" total="45875200" percent="1">
      <mem type="soa" free="0" total="45416448" percent="0" />
      <mem type="loa" free="458752" total="458752" percent="100" />
    </mem>
  </mem-info>
</gc-start>
<allocation-stats totalBytes="27422408" >
  <allocated-bytes non-tlh="0" tlh="27422408" />
  <largest-consumer threadName="main" threadId="0000000001AB4700" bytes="27422408" />
</allocation-stats>
<gc-op id="3294" type="mark" timems="8.924" contextid="3291" timestamp="2019-07-02T23:30:41.147">
  <trace-info objectcount="596159" scancount="517176" scanbytes="13268528" />
  <finalization candidates="80" enqueued="0" />
  <ownableSynchronizers candidates="21" cleared="0" />
  <references type="soft" candidates="1843" cleared="0" enqueued="0" dynamicThreshold="19" maxThreshold="32" />
  <references type="weak" candidates="5748" cleared="0" enqueued="0" />
  <references type="phantom" candidates="101" cleared="0" enqueued="0" />
  <stringconstants candidates="13253" cleared="0"  />
</gc-op>
<gc-op id="3295" type="sweep" timems="0.552" contextid="3291" timestamp="2019-07-02T23:30:41.148" />
<gc-end id="3296" type="global" contextid="3291" durationms="9.844" usertimems="28.000" systemtimems="0.000" timestamp="2019-07-02T23:30:41.148" activeThreads="4">
  <mem-info id="3297" free="27884368" total="45875200" percent="60">
    <mem type="tenure" free="27884368" total="45875200" percent="60" micro-fragmented="67748" macro-fragmented="0">
      <mem type="soa" free="27425616" total="45416448" percent="60" />
      <mem type="loa" free="458752" total="458752" percent="100" />
    </mem>
  </mem-info>
</gc-end>
<cycle-end id="3298" type="global" contextid="3291" timestamp="2019-07-02T23:30:41.148">
  <attribute name="GC Util" value="190" />
  <attribute name="CPU Util" value="2032236797716" />
  <attribute name="Time Running"value="18693"/>
  <attribute name="Number of cores"value="4"/>
</cycle-end>
<allocation-satisfied id="3299" threadId="0000000001AB4700" bytesRequested="16" />
<af-end id="3300" timestamp="2019-07-02T23:30:41.148" threadId="0000000001AB5088" success="true" />
<exclusive-end id="3301" timestamp="2019-07-02T23:30:41.148" durationms="10.479" />

<exclusive-start id="3302" timestamp="2019-07-02T23:30:41.172" intervalms="34.621">
  <response-info timems="0.072" idlems="0.072" threads="0" lastid="0000000001AB4700" lastname="main" />
</exclusive-start>
<af-start id="3303" threadId="0000000001AB5088" totalBytesRequested="32" timestamp="2019-07-02T23:30:41.172" intervalms="34.602" />
<cycle-start id="3304" type="global" contextid="0" timestamp="2019-07-02T23:30:41.173" intervalms="34.568" />
  <attribute name="GC Util" value="190" />
  <attribute name="CPU Util" value="2032236797716" />
  <attribute name="Time Running"value="18693"/>
  <attribute name="Number of cores"value="4"/>
<gc-start id="3305" type="global" contextid="3304" timestamp="2019-07-02T23:30:41.173">
  <mem-info id="3306" free="458752" total="45875200" percent="1">
    <mem type="tenure" free="458752" total="45875200" percent="1">
      <mem type="soa" free="0" total="45416448" percent="0" />
      <mem type="loa" free="458752" total="458752" percent="100" />
    </mem>
  </mem-info>
</gc-start>
<allocation-stats totalBytes="27423536" >
  <allocated-bytes non-tlh="0" tlh="27423536" />
  <largest-consumer threadName="main" threadId="0000000001AB4700" bytes="27423536" />
</allocation-stats>
<gc-op id="3307" type="mark" timems="9.156" contextid="3304" timestamp="2019-07-02T23:30:41.182">
  <trace-info objectcount="596156" scancount="517148" scanbytes="13268468" />
  <finalization candidates="80" enqueued="0" />
  <ownableSynchronizers candidates="21" cleared="0" />
  <references type="soft" candidates="1843" cleared="0" enqueued="0" dynamicThreshold="19" maxThreshold="32" />
  <references type="weak" candidates="5748" cleared="0" enqueued="0" />
  <references type="phantom" candidates="101" cleared="0" enqueued="0" />
  <stringconstants candidates="13253" cleared="0"  />
</gc-op>
<gc-op id="3308" type="sweep" timems="0.725" contextid="3304" timestamp="2019-07-02T23:30:41.183" />
<gc-end id="3309" type="global" contextid="3304" durationms="10.189" usertimems="28.000" systemtimems="0.000" timestamp="2019-07-02T23:30:41.183" activeThreads="4">
  <mem-info id="3310" free="27883736" total="45875200" percent="60">
    <mem type="tenure" free="27883736" total="45875200" percent="60" micro-fragmented="67839" macro-fragmented="0">
      <mem type="soa" free="27424984" total="45416448" percent="60" />
      <mem type="loa" free="458752" total="458752" percent="100" />
    </mem>
  </mem-info>
</gc-end>
<cycle-end id="3311" type="global" contextid="3304" timestamp="2019-07-02T23:30:41.183">
  <attribute name="GC Util" value="190" />
  <attribute name="CPU Util" value="1989196644780" />
  <attribute name="Time Running"value="18728"/>
  <attribute name="Number of cores"value="4"/>
</cycle-end>
<allocation-satisfied id="3312" threadId="0000000001AB4700" bytesRequested="32" />
<af-end id="3313" timestamp="2019-07-02T23:30:41.183" threadId="0000000001AB5088" success="true" />
<exclusive-end id="3314" timestamp="2019-07-02T23:30:41.183" durationms="10.626" />

<exclusive-start id="3315" timestamp="2019-07-02T23:30:41.207" intervalms="34.119">
  <response-info timems="0.078" idlems="0.078" threads="0" lastid="0000000001AB4700" lastname="main" />
</exclusive-start>
<af-start id="3316" threadId="0000000001AB5088" totalBytesRequested="16" timestamp="2019-07-02T23:30:41.207" intervalms="34.148" />
<cycle-start id="3317" type="global" contextid="0" timestamp="2019-07-02T23:30:41.207" intervalms="34.149" />
  <attribute name="GC Util" value="190" />
  <attribute name="CPU Util" value="1989196644780" />
  <attribute name="Time Running"value="18728"/>
  <attribute name="Number of cores"value="4"/>
<gc-start id="3318" type="global" contextid="3317" timestamp="2019-07-02T23:30:41.207">
  <mem-info id="3319" free="458752" total="45875200" percent="1">
    <mem type="tenure" free="458752" total="45875200" percent="1">
      <mem type="soa" free="0" total="45416448" percent="0" />
      <mem type="loa" free="458752" total="458752" percent="100" />
    </mem>
  </mem-info>
</gc-start>
<allocation-stats totalBytes="27423032" >
  <allocated-bytes non-tlh="0" tlh="27423032" />
  <largest-consumer threadName="main" threadId="0000000001AB4700" bytes="27423032" />
</allocation-stats>
<gc-op id="3320" type="mark" timems="8.946" contextid="3317" timestamp="2019-07-02T23:30:41.216">
  <trace-info objectcount="596160" scancount="517152" scanbytes="13268552" />
  <finalization candidates="80" enqueued="0" />
  <ownableSynchronizers candidates="21" cleared="0" />
  <references type="soft" candidates="1843" cleared="0" enqueued="0" dynamicThreshold="19" maxThreshold="32" />
  <references type="weak" candidates="5748" cleared="0" enqueued="0" />
  <references type="phantom" candidates="101" cleared="0" enqueued="0" />
  <stringconstants candidates="13253" cleared="0"  />
</gc-op>
<gc-op id="3321" type="sweep" timems="0.584" contextid="3317" timestamp="2019-07-02T23:30:41.217" />
<gc-end id="3322" type="global" contextid="3317" durationms="9.854" usertimems="28.000" systemtimems="0.000" timestamp="2019-07-02T23:30:41.217" activeThreads="4">
  <mem-info id="3323" free="27883568" total="45875200" percent="60">
    <mem type="tenure" free="27883568" total="45875200" percent="60" micro-fragmented="67748" macro-fragmented="0">
      <mem type="soa" free="27424816" total="45416448" percent="60" />
      <mem type="loa" free="458752" total="458752" percent="100" />
    </mem>
  </mem-info>
</gc-end>
<cycle-end id="3324" type="global" contextid="3317" timestamp="2019-07-02T23:30:41.217">
  <attribute name="GC Util" value="190" />
  <attribute name="CPU Util" value="2037637159845" />
  <attribute name="Time Running"value="18762"/>
  <attribute name="Number of cores"value="4"/>
</cycle-end>
<allocation-satisfied id="3325" threadId="0000000001AB4700" bytesRequested="16" />
<af-end id="3326" timestamp="2019-07-02T23:30:41.217" threadId="0000000001AB5088" success="true" />
<exclusive-end id="3327" timestamp="2019-07-02T23:30:41.217" durationms="10.361" />

<exclusive-start id="3328" timestamp="2019-07-02T23:30:41.323" intervalms="116.009">
  <response-info timems="0.080" idlems="0.080" threads="0" lastid="0000000001AB4700" lastname="main" />
</exclusive-start>
<af-start id="3329" threadId="0000000001AB5088" totalBytesRequested="48" timestamp="2019-07-02T23:30:41.323" intervalms="116.008" />
<cycle-start id="3330" type="global" contextid="0" timestamp="2019-07-02T23:30:41.323" intervalms="116.042" />
  <attribute name="GC Util" value="190" />
  <attribute name="CPU Util" value="2037637159845" />
  <attribute name="Time Running"value="18762"/>
  <attribute name="Number of cores"value="4"/>
<gc-start id="3331" type="global" contextid="3330" timestamp="2019-07-02T23:30:41.323">
  <mem-info id="3332" free="458752" total="45875200" percent="1">
    <mem type="tenure" free="458752" total="45875200" percent="1">
      <mem type="soa" free="0" total="45416448" percent="0" />
      <mem type="loa" free="458752" total="458752" percent="100" />
    </mem>
  </mem-info>
</gc-start>
<allocation-stats totalBytes="27399072" >
  <allocated-bytes non-tlh="0" tlh="27399072" />
  <largest-consumer threadName="main" threadId="0000000001AB4700" bytes="27399072" />
</allocation-stats>
<gc-op id="3333" type="mark" timems="9.380" contextid="3330" timestamp="2019-07-02T23:30:41.332">
  <trace-info objectcount="596168" scancount="517157" scanbytes="13268604" />
  <finalization candidates="80" enqueued="0" />
  <ownableSynchronizers candidates="21" cleared="0" />
  <references type="soft" candidates="1843" cleared="0" enqueued="0" dynamicThreshold="19" maxThreshold="32" />
  <references type="weak" candidates="5748" cleared="0" enqueued="0" />
  <references type="phantom" candidates="101" cleared="0" enqueued="0" />
  <stringconstants candidates="13253" cleared="0"  />
</gc-op>
<gc-op id="3334" type="sweep" timems="0.538" contextid="3330" timestamp="2019-07-02T23:30:41.333" />
<gc-end id="3335" type="global" contextid="3330" durationms="10.351" usertimems="24.000" systemtimems="4.000" timestamp="2019-07-02T23:30:41.333" activeThreads="4">
  <mem-info id="3336" free="27883504" total="45875200" percent="60">
    <mem type="tenure" free="27883504" total="45875200" percent="60" micro-fragmented="66425" macro-fragmented="0">
      <mem type="soa" free="27424752" total="45416448" percent="60" />
      <mem type="loa" free="458752" total="458752" percent="100" />
    </mem>
  </mem-info>
</gc-end>
<cycle-end id="3337" type="global" contextid="3330" timestamp="2019-07-02T23:30:41.333">
  <attribute name="GC Util" value="189" />
  <attribute name="CPU Util" value="1938836459942" />
  <attribute name="Time Running"value="18878"/>
  <attribute name="Number of cores"value="4"/>
</cycle-end>
<allocation-satisfied id="3338" threadId="0000000001AB4700" bytesRequested="48" />
<af-end id="3339" timestamp="2019-07-02T23:30:41.333" threadId="0000000001AB5088" success="true" />
<exclusive-end id="3340" timestamp="2019-07-02T23:30:41.334" durationms="11.028" />

<exclusive-start id="3341" timestamp="2019-07-02T23:30:41.377" intervalms="54.328">
  <response-info timems="0.047" idlems="0.047" threads="0" lastid="0000000001AB4700" lastname="main" />
</exclusive-start>
<af-start id="3342" threadId="0000000001AB5088" totalBytesRequested="520" timestamp="2019-07-02T23:30:41.377" intervalms="54.347" />
<cycle-start id="3343" type="global" contextid="0" timestamp="2019-07-02T23:30:41.377" intervalms="54.366" />
  <attribute name="GC Util" value="189" />
  <attribute name="CPU Util" value="1938836459942" />
  <attribute name="Time Running"value="18878"/>
  <attribute name="Number of cores"value="4"/>
<gc-start id="3344" type="global" contextid="3343" timestamp="2019-07-02T23:30:41.377">
  <mem-info id="3345" free="458752" total="45875200" percent="1">
    <mem type="tenure" free="458752" total="45875200" percent="1">
      <mem type="soa" free="0" total="45416448" percent="0" />
      <mem type="loa" free="458752" total="458752" percent="100" />
    </mem>
  </mem-info>
</gc-start>
<allocation-stats totalBytes="27392128" >
  <allocated-bytes non-tlh="0" tlh="27392128" />
  <largest-consumer threadName="main" threadId="0000000001AB4700" bytes="27392128" />
</allocation-stats>
<gc-op id="3346" type="mark" timems="8.845" contextid="3343" timestamp="2019-07-02T23:30:41.386">
  <trace-info objectcount="596169" scancount="517157" scanbytes="13268604" />
  <finalization candidates="80" enqueued="0" />
  <ownableSynchronizers candidates="21" cleared="0" />
  <references type="soft" candidates="1843" cleared="0" enqueued="0" dynamicThreshold="19" maxThreshold="32" />
  <references type="weak" candidates="5748" cleared="0" enqueued="0" />
  <references type="phantom" candidates="101" cleared="0" enqueued="0" />
  <stringconstants candidates="13253" cleared="0"  />
</gc-op>
<gc-op id="3347" type="sweep" timems="0.597" contextid="3343" timestamp="2019-07-02T23:30:41.387" />
<gc-end id="3348" type="global" contextid="3343" durationms="9.953" usertimems="24.000" systemtimems="0.000" timestamp="2019-07-02T23:30:41.387" activeThreads="4">
  <mem-info id="3349" free="27882472" total="45875200" percent="60">
    <mem type="tenure" free="27882472" total="45875200" percent="60" micro-fragmented="64069" macro-fragmented="0">
      <mem type="soa" free="27423720" total="45416448" percent="60" />
      <mem type="loa" free="458752" total="458752" percent="100" />
    </mem>
  </mem-info>
</gc-end>
<cycle-end id="3350" type="global" contextid="3343" timestamp="2019-07-02T23:30:41.387">
  <attribute name="GC Util" value="191" />
  <attribute name="CPU Util" value="2058340598240" />
  <attribute name="Time Running"value="18932"/>
  <attribute name="Number of cores"value="4"/>
</cycle-end>
<allocation-satisfied id="3351" threadId="0000000001AB4700" bytesRequested="520" />
<af-end id="3352" timestamp="2019-07-02T23:30:41.387" threadId="0000000001AB5088" success="true" />
<exclusive-end id="3353" timestamp="2019-07-02T23:30:41.388" durationms="10.695" />

<exclusive-start id="3354" timestamp="2019-07-02T23:30:41.431" intervalms="54.058">
  <response-info timems="0.086" idlems="0.086" threads="0" lastid="0000000001AB4700" lastname="main" />
</exclusive-start>
<af-start id="3355" threadId="0000000001AB5088" totalBytesRequested="32" timestamp="2019-07-02T23:30:41.431" intervalms="54.050" />
<cycle-start id="3356" type="global" contextid="0" timestamp="2019-07-02T23:30:41.431" intervalms="54.051" />
  <attribute name="GC Util" value="191" />
  <attribute name="CPU Util" value="2058340598240" />
  <attribute name="Time Running"value="18932"/>
  <attribute name="Number of cores"value="4"/>
<gc-start id="3357" type="global" contextid="3356" timestamp="2019-07-02T23:30:41.431">
  <mem-info id="3358" free="458752" total="45875200" percent="1">
    <mem type="tenure" free="458752" total="45875200" percent="1">
      <mem type="soa" free="0" total="45416448" percent="0" />
      <mem type="loa" free="458752" total="458752" percent="100" />
    </mem>
  </mem-info>
</gc-start>
<allocation-stats totalBytes="27389408" >
  <allocated-bytes non-tlh="0" tlh="27389408" />
  <largest-consumer threadName="main" threadId="0000000001AB4700" bytes="27389408" />
</allocation-stats>
<gc-op id="3359" type="mark" timems="9.419" contextid="3356" timestamp="2019-07-02T23:30:41.441">
  <trace-info objectcount="596167" scancount="517158" scanbytes="13268572" />
  <finalization candidates="80" enqueued="0" />
  <ownableSynchronizers candidates="21" cleared="0" />
  <references type="soft" candidates="1843" cleared="0" enqueued="0" dynamicThreshold="19" maxThreshold="32" />
  <references type="weak" candidates="5748" cleared="0" enqueued="0" />
  <references type="phantom" candidates="101" cleared="0" enqueued="0" />
  <stringconstants candidates="13253" cleared="0"  />
</gc-op>
<gc-op id="3360" type="sweep" timems="0.657" contextid="3356" timestamp="2019-07-02T23:30:41.442" />
<gc-end id="3361" type="global" contextid="3356" durationms="10.587" usertimems="32.000" systemtimems="0.000" timestamp="2019-07-02T23:30:41.442" activeThreads="4">
  <mem-info id="3362" free="27883536" total="45875200" percent="60">
    <mem type="tenure" free="27883536" total="45875200" percent="60" micro-fragmented="66425" macro-fragmented="0">
      <mem type="soa" free="27424784" total="45416448" percent="60" />
      <mem type="loa" free="458752" total="458752" percent="100" />
    </mem>
  </mem-info>
</gc-end>
<cycle-end id="3363" type="global" contextid="3356" timestamp="2019-07-02T23:30:41.442">
  <attribute name="GC Util" value="190" />
  <attribute name="CPU Util" value="1933018714009" />
  <attribute name="Time Running"value="18987"/>
  <attribute name="Number of cores"value="4"/>
</cycle-end>
<allocation-satisfied id="3364" threadId="0000000001AB4700" bytesRequested="32" />
<af-end id="3365" timestamp="2019-07-02T23:30:41.442" threadId="0000000001AB5088" success="true" />
<exclusive-end id="3366" timestamp="2019-07-02T23:30:41.442" durationms="11.376" />

<exclusive-start id="3367" timestamp="2019-07-02T23:30:41.515" intervalms="84.040">
  <response-info timems="0.071" idlems="0.071" threads="0" lastid="0000000001AB4700" lastname="main" />
</exclusive-start>
<af-start id="3368" threadId="0000000001AB5088" totalBytesRequested="32" timestamp="2019-07-02T23:30:41.515" intervalms="84.015" />
<cycle-start id="3369" type="global" contextid="0" timestamp="2019-07-02T23:30:41.515" intervalms="83.992" />
  <attribute name="GC Util" value="190" />
  <attribute name="CPU Util" value="1933018714009" />
  <attribute name="Time Running"value="18987"/>
  <attribute name="Number of cores"value="4"/>
<gc-start id="3370" type="global" contextid="3369" timestamp="2019-07-02T23:30:41.515">
  <mem-info id="3371" free="458752" total="45875200" percent="1">
    <mem type="tenure" free="458752" total="45875200" percent="1">
      <mem type="soa" free="0" total="45416448" percent="0" />
      <mem type="loa" free="458752" total="458752" percent="100" />
    </mem>
  </mem-info>
</gc-start>
<allocation-stats totalBytes="27408704" >
  <allocated-bytes non-tlh="0" tlh="27408704" />
  <largest-consumer threadName="main" threadId="0000000001AB4700" bytes="27408704" />
</allocation-stats>
<gc-op id="3372" type="mark" timems="8.907" contextid="3369" timestamp="2019-07-02T23:30:41.524">
  <trace-info objectcount="596159" scancount="517157" scanbytes="13268480" />
  <finalization candidates="80" enqueued="0" />
  <ownableSynchronizers candidates="21" cleared="0" />
  <references type="soft" candidates="1843" cleared="0" enqueued="0" dynamicThreshold="19" maxThreshold="32" />
  <references type="weak" candidates="5748" cleared="0" enqueued="0" />
  <references type="phantom" candidates="101" cleared="0" enqueued="0" />
  <stringconstants candidates="13253" cleared="0"  />
</gc-op>
<gc-op id="3373" type="sweep" timems="0.563" contextid="3369" timestamp="2019-07-02T23:30:41.525" />
<gc-end id="3374" type="global" contextid="3369" durationms="9.903" usertimems="28.000" systemtimems="0.000" timestamp="2019-07-02T23:30:41.525" activeThreads="4">
  <mem-info id="3375" free="27884120" total="45875200" percent="60">
    <mem type="tenure" free="27884120" total="45875200" percent="60" micro-fragmented="74174" macro-fragmented="0">
      <mem type="soa" free="27425368" total="45416448" percent="60" />
      <mem type="loa" free="458752" total="458752" percent="100" />
    </mem>
  </mem-info>
</gc-end>
<cycle-end id="3376" type="global" contextid="3369" timestamp="2019-07-02T23:30:41.525">
  <attribute name="GC Util" value="189" />
  <attribute name="CPU Util" value="2040348229972" />
  <attribute name="Time Running"value="19070"/>
  <attribute name="Number of cores"value="4"/>
</cycle-end>
<allocation-satisfied id="3377" threadId="0000000001AB4700" bytesRequested="32" />
<af-end id="3378" timestamp="2019-07-02T23:30:41.525" threadId="0000000001AB5088" success="true" />
<exclusive-end id="3379" timestamp="2019-07-02T23:30:41.525" durationms="10.533" />

<exclusive-start id="3380" timestamp="2019-07-02T23:30:41.547" intervalms="32.313">
  <response-info timems="0.061" idlems="0.061" threads="0" lastid="0000000001AB4700" lastname="main" />
</exclusive-start>
<af-start id="3381" threadId="0000000001AB5088" totalBytesRequested="32" timestamp="2019-07-02T23:30:41.547" intervalms="32.320" />
<cycle-start id="3382" type="global" contextid="0" timestamp="2019-07-02T23:30:41.547" intervalms="32.322" />
  <attribute name="GC Util" value="189" />
  <attribute name="CPU Util" value="2040348229972" />
  <attribute name="Time Running"value="19070"/>
  <attribute name="Number of cores"value="4"/>
<gc-start id="3383" type="global" contextid="3382" timestamp="2019-07-02T23:30:41.548">
  <mem-info id="3384" free="458752" total="45875200" percent="1">
    <mem type="tenure" free="458752" total="45875200" percent="1">
      <mem type="soa" free="0" total="45416448" percent="0" />
      <mem type="loa" free="458752" total="458752" percent="100" />
    </mem>
  </mem-info>
</gc-start>
<allocation-stats totalBytes="27388304" >
  <allocated-bytes non-tlh="0" tlh="27388304" />
  <largest-consumer threadName="main" threadId="0000000001AB4700" bytes="27388304" />
</allocation-stats>
<gc-op id="3385" type="mark" timems="9.273" contextid="3382" timestamp="2019-07-02T23:30:41.557">
  <trace-info objectcount="596159" scancount="517172" scanbytes="13268472" />
  <finalization candidates="80" enqueued="0" />
  <ownableSynchronizers candidates="21" cleared="0" />
  <references type="soft" candidates="1843" cleared="0" enqueued="0" dynamicThreshold="19" maxThreshold="32" />
  <references type="weak" candidates="5748" cleared="0" enqueued="0" />
  <references type="phantom" candidates="101" cleared="0" enqueued="0" />
  <stringconstants candidates="13253" cleared="0"  />
</gc-op>
<gc-op id="3386" type="sweep" timems="0.553" contextid="3382" timestamp="2019-07-02T23:30:41.558" />
<gc-end id="3387" type="global" contextid="3382" durationms="10.294" usertimems="24.000" systemtimems="4.000" timestamp="2019-07-02T23:30:41.558" activeThreads="4">
  <mem-info id="3388" free="27883472" total="45875200" percent="60">
    <mem type="tenure" free="27883472" total="45875200" percent="60" micro-fragmented="63838" macro-fragmented="0">
      <mem type="soa" free="27424720" total="45416448" percent="60" />
      <mem type="loa" free="458752" total="458752" percent="100" />
    </mem>
  </mem-info>
</gc-end>
<cycle-end id="3389" type="global" contextid="3382" timestamp="2019-07-02T23:30:41.558">
  <attribute name="GC Util" value="188" />
  <attribute name="CPU Util" value="1954770955429" />
  <attribute name="Time Running"value="19103"/>
  <attribute name="Number of cores"value="4"/>
</cycle-end>
<allocation-satisfied id="3390" threadId="0000000001AB4700" bytesRequested="32" />
<af-end id="3391" timestamp="2019-07-02T23:30:41.558" threadId="0000000001AB5088" success="true" />
<exclusive-end id="3392" timestamp="2019-07-02T23:30:41.558" durationms="11.027" />

<exclusive-start id="3393" timestamp="2019-07-02T23:30:41.563" intervalms="15.603">
  <response-info timems="0.058" idlems="0.058" threads="0" lastid="0000000001AB4700" lastname="main" />
</exclusive-start>
<af-start id="3394" threadId="0000000001AB5088" totalBytesRequested="32" timestamp="2019-07-02T23:30:41.563" intervalms="15.633" />
<cycle-start id="3395" type="global" contextid="0" timestamp="2019-07-02T23:30:41.563" intervalms="15.653" />
  <attribute name="GC Util" value="188" />
  <attribute name="CPU Util" value="1954770955429" />
  <attribute name="Time Running"value="19103"/>
  <attribute name="Number of cores"value="4"/>
<gc-start id="3396" type="global" contextid="3395" timestamp="2019-07-02T23:30:41.563">
  <mem-info id="3397" free="458752" total="45875200" percent="1">
    <mem type="tenure" free="458752" total="45875200" percent="1">
      <mem type="soa" free="0" total="45416448" percent="0" />
      <mem type="loa" free="458752" total="458752" percent="100" />
    </mem>
  </mem-info>
</gc-start>
<allocation-stats totalBytes="27351048" >
  <allocated-bytes non-tlh="0" tlh="27351048" />
  <largest-consumer threadName="main" threadId="0000000001AB4700" bytes="27351048" />
</allocation-stats>
<gc-op id="3398" type="mark" timems="9.181" contextid="3395" timestamp="2019-07-02T23:30:41.573">
  <trace-info objectcount="596160" scancount="517157" scanbytes="13268472" />
  <finalization candidates="80" enqueued="0" />
  <ownableSynchronizers candidates="21" cleared="0" />
  <references type="soft" candidates="1843" cleared="0" enqueued="0" dynamicThreshold="19" maxThreshold="32" />
  <references type="weak" candidates="5748" cleared="0" enqueued="0" />
  <references type="phantom" candidates="101" cleared="0" enqueued="0" />
  <stringconstants candidates="13253" cleared="0"  />
</gc-op>
<gc-op id="3399" type="sweep" timems="0.658" contextid="3395" timestamp="2019-07-02T23:30:41.573" />
<gc-end id="3400" type="global" contextid="3395" durationms="10.312" usertimems="28.000" systemtimems="0.000" timestamp="2019-07-02T23:30:41.574" activeThreads="4">
  <mem-info id="3401" free="27883376" total="45875200" percent="60">
    <mem type="tenure" free="27883376" total="45875200" percent="60" micro-fragmented="63838" macro-fragmented="0">
      <mem type="soa" free="27424624" total="45416448" percent="60" />
      <mem type="loa" free="458752" total="458752" percent="100" />
    </mem>
  </mem-info>
</gc-end>
<cycle-end id="3402" type="global" contextid="3395" timestamp="2019-07-02T23:30:41.574">
  <attribute name="GC Util" value="190" />
  <attribute name="CPU Util" value="1979033714955" />
  <attribute name="Time Running"value="19119"/>
  <attribute name="Number of cores"value="4"/>
</cycle-end>
<allocation-satisfied id="3403" threadId="0000000001AB4700" bytesRequested="32" />
<af-end id="3404" timestamp="2019-07-02T23:30:41.574" threadId="0000000001AB5088" success="true" />
<exclusive-end id="3405" timestamp="2019-07-02T23:30:41.574" durationms="11.082" />

<exclusive-start id="3406" timestamp="2019-07-02T23:30:41.579" intervalms="15.716">
  <response-info timems="0.076" idlems="0.076" threads="0" lastid="0000000001AB4700" lastname="main" />
</exclusive-start>
<af-start id="3407" threadId="0000000001AB5088" totalBytesRequested="584" timestamp="2019-07-02T23:30:41.579" intervalms="15.703" />
<cycle-start id="3408" type="global" contextid="0" timestamp="2019-07-02T23:30:41.579" intervalms="15.695" />
  <attribute name="GC Util" value="190" />
  <attribute name="CPU Util" value="1979033714955" />
  <attribute name="Time Running"value="19119"/>
  <attribute name="Number of cores"value="4"/>
<gc-start id="3409" type="global" contextid="3408" timestamp="2019-07-02T23:30:41.579">
  <mem-info id="3410" free="458752" total="45875200" percent="1">
    <mem type="tenure" free="458752" total="45875200" percent="1">
      <mem type="soa" free="0" total="45416448" percent="0" />
      <mem type="loa" free="458752" total="458752" percent="100" />
    </mem>
  </mem-info>
</gc-start>
<allocation-stats totalBytes="27354072" >
  <allocated-bytes non-tlh="0" tlh="27354072" />
  <largest-consumer threadName="main" threadId="0000000001AB4700" bytes="27354072" />
</allocation-stats>
<gc-op id="3411" type="mark" timems="9.104" contextid="3408" timestamp="2019-07-02T23:30:41.588">
  <trace-info objectcount="596159" scancount="517151" scanbytes="13268472" />
  <finalization candidates="80" enqueued="0" />
  <ownableSynchronizers candidates="21" cleared="0" />
  <references type="soft" candidates="1843" cleared="0" enqueued="0" dynamicThreshold="19" maxThreshold="32" />
  <references type="weak" candidates="5748" cleared="0" enqueued="0" />
  <references type="phantom" candidates="101" cleared="0" enqueued="0" />
  <stringconstants candidates="13253" cleared="0"  />
</gc-op>
<gc-op id="3412" type="sweep" timems="0.610" contextid="3408" timestamp="2019-07-02T23:30:41.589" />
<gc-end id="3413" type="global" contextid="3408" durationms="10.183" usertimems="24.000" systemtimems="0.000" timestamp="2019-07-02T23:30:41.589" activeThreads="4">
  <mem-info id="3414" free="27883048" total="45875200" percent="60">
    <mem type="tenure" free="27883048" total="45875200" percent="60" micro-fragmented="63838" macro-fragmented="0">
      <mem type="soa" free="27424296" total="45416448" percent="60" />
      <mem type="loa" free="458752" total="458752" percent="100" />
    </mem>
  </mem-info>
</gc-end>
<cycle-end id="3415" type="global" contextid="3408" timestamp="2019-07-02T23:30:41.589">
  <attribute name="GC Util" value="187" />
  <attribute name="CPU Util" value="1994613209878" />
  <attribute name="Time Running"value="19134"/>
  <attribute name="Number of cores"value="4"/>
</cycle-end>
<allocation-satisfied id="3416" threadId="0000000001AB4700" bytesRequested="584" />
<af-end id="3417" timestamp="2019-07-02T23:30:41.589" threadId="0000000001AB5088" success="true" />
<exclusive-end id="3418" timestamp="2019-07-02T23:30:41.590" durationms="10.936" />

<exclusive-start id="3419" timestamp="2019-07-02T23:30:41.594" intervalms="15.569">
  <response-info timems="0.054" idlems="0.054" threads="0" lastid="0000000001AB4700" lastname="main" />
</exclusive-start>
<af-start id="3420" threadId="0000000001AB5088" totalBytesRequested="32" timestamp="2019-07-02T23:30:41.594" intervalms="15.571" />
<cycle-start id="3421" type="global" contextid="0" timestamp="2019-07-02T23:30:41.594" intervalms="15.575" />
  <attribute name="GC Util" value="187" />
  <attribute name="CPU Util" value="1994613209878" />
  <attribute name="Time Running"value="19134"/>
  <attribute name="Number of cores"value="4"/>
<gc-start id="3422" type="global" contextid="3421" timestamp="2019-07-02T23:30:41.595">
  <mem-info id="3423" free="458752" total="45875200" percent="1">
    <mem type="tenure" free="458752" total="45875200" percent="1">
      <mem type="soa" free="0" total="45416448" percent="0" />
      <mem type="loa" free="458752" total="458752" percent="100" />
    </mem>
  </mem-info>
</gc-start>
<allocation-stats totalBytes="27351072" >
  <allocated-bytes non-tlh="0" tlh="27351072" />
  <largest-consumer threadName="main" threadId="0000000001AB4700" bytes="27351072" />
</allocation-stats>
<gc-op id="3424" type="mark" timems="9.254" contextid="3421" timestamp="2019-07-02T23:30:41.604">
  <trace-info objectcount="596159" scancount="517153" scanbytes="13268472" />
  <finalization candidates="80" enqueued="0" />
  <ownableSynchronizers candidates="21" cleared="0" />
  <references type="soft" candidates="1843" cleared="0" enqueued="0" dynamicThreshold="19" maxThreshold="32" />
  <references type="weak" candidates="5748" cleared="0" enqueued="0" />
  <references type="phantom" candidates="101" cleared="0" enqueued="0" />
  <stringconstants candidates="13253" cleared="0"  />
</gc-op>
<gc-op id="3425" type="sweep" timems="0.640" contextid="3421" timestamp="2019-07-02T23:30:41.605" />
<gc-end id="3426" type="global" contextid="3421" durationms="10.388" usertimems="28.000" systemtimems="0.000" timestamp="2019-07-02T23:30:41.605" activeThreads="4">
  <mem-info id="3427" free="27882976" total="45875200" percent="60">
    <mem type="tenure" free="27882976" total="45875200" percent="60" micro-fragmented="63838" macro-fragmented="0">
      <mem type="soa" free="27424224" total="45416448" percent="60" />
      <mem type="loa" free="458752" total="458752" percent="100" />
    </mem>
  </mem-info>
</gc-end>
<cycle-end id="3428" type="global" contextid="3421" timestamp="2019-07-02T23:30:41.605">
  <attribute name="GC Util" value="187" />
  <attribute name="CPU Util" value="1961585216046" />
  <attribute name="Time Running"value="19150"/>
  <attribute name="Number of cores"value="4"/>
</cycle-end>
<allocation-satisfied id="3429" threadId="0000000001AB4700" bytesRequested="32" />
<af-end id="3430" timestamp="2019-07-02T23:30:41.605" threadId="0000000001AB5088" success="true" />
<exclusive-end id="3431" timestamp="2019-07-02T23:30:41.605" durationms="11.173" />

<exclusive-start id="3432" timestamp="2019-07-02T23:30:41.610" intervalms="15.797">
  <response-info timems="0.081" idlems="0.081" threads="0" lastid="0000000001AB4700" lastname="main" />
</exclusive-start>
<af-start id="3433" threadId="0000000001AB5088" totalBytesRequested="488" timestamp="2019-07-02T23:30:41.610" intervalms="15.791" />
<cycle-start id="3434" type="global" contextid="0" timestamp="2019-07-02T23:30:41.610" intervalms="15.795" />
  <attribute name="GC Util" value="187" />
  <attribute name="CPU Util" value="1961585216046" />
  <attribute name="Time Running"value="19150"/>
  <attribute name="Number of cores"value="4"/>
<gc-start id="3435" type="global" contextid="3434" timestamp="2019-07-02T23:30:41.610">
  <mem-info id="3436" free="458752" total="45875200" percent="1">
    <mem type="tenure" free="458752" total="45875200" percent="1">
      <mem type="soa" free="0" total="45416448" percent="0" />
      <mem type="loa" free="458752" total="458752" percent="100" />
    </mem>
  </mem-info>
</gc-start>
<allocation-stats totalBytes="27350112" >
  <allocated-bytes non-tlh="0" tlh="27350112" />
  <largest-consumer threadName="main" threadId="0000000001AB4700" bytes="27350112" />
</allocation-stats>
<gc-op id="3437" type="mark" timems="8.894" contextid="3434" timestamp="2019-07-02T23:30:41.619">
  <trace-info objectcount="596159" scancount="517178" scanbytes="13268472" />
  <finalization candidates="80" enqueued="0" />
  <ownableSynchronizers candidates="21" cleared="0" />
  <references type="soft" candidates="1843" cleared="0" enqueued="0" dynamicThreshold="19" maxThreshold="32" />
  <references type="weak" candidates="5748" cleared="0" enqueued="0" />
  <references type="phantom" candidates="101" cleared="0" enqueued="0" />
  <stringconstants candidates="13253" cleared="0"  />
</gc-op>
<gc-op id="3438" type="sweep" timems="0.669" contextid="3434" timestamp="2019-07-02T23:30:41.620" />
<gc-end id="3439" type="global" contextid="3434" durationms="10.042" usertimems="24.000" systemtimems="0.000" timestamp="2019-07-02T23:30:41.620" activeThreads="4">
  <mem-info id="3440" free="27883720" total="45875200" percent="60">
    <mem type="tenure" free="27883720" total="45875200" percent="60" micro-fragmented="63838" macro-fragmented="0">
      <mem type="soa" free="27424968" total="45416448" percent="60" />
      <mem type="loa" free="458752" total="458752" percent="100" />
    </mem>
  </mem-info>
</gc-end>
<cycle-end id="3441" type="global" contextid="3434" timestamp="2019-07-02T23:30:41.621">
  <attribute name="GC Util" value="188" />
  <attribute name="CPU Util" value="2043094582720" />
  <attribute name="Time Running"value="19165"/>
  <attribute name="Number of cores"value="4"/>
</cycle-end>
<allocation-satisfied id="3442" threadId="0000000001AB4700" bytesRequested="488" />
<af-end id="3443" timestamp="2019-07-02T23:30:41.621" threadId="0000000001AB5088" success="true" />
<exclusive-end id="3444" timestamp="2019-07-02T23:30:41.621" durationms="10.818" />

<exclusive-start id="3445" timestamp="2019-07-02T23:30:41.625" intervalms="15.516">
  <response-info timems="0.084" idlems="0.084" threads="0" lastid="0000000001AB4700" lastname="main" />
</exclusive-start>
<af-start id="3446" threadId="0000000001AB5088" totalBytesRequested="32" timestamp="2019-07-02T23:30:41.626" intervalms="15.529" />
<cycle-start id="3447" type="global" contextid="0" timestamp="2019-07-02T23:30:41.626" intervalms="15.528" />
  <attribute name="GC Util" value="188" />
  <attribute name="CPU Util" value="2043094582720" />
  <attribute name="Time Running"value="19165"/>
  <attribute name="Number of cores"value="4"/>
<gc-start id="3448" type="global" contextid="3447" timestamp="2019-07-02T23:30:41.626">
  <mem-info id="3449" free="458752" total="45875200" percent="1">
    <mem type="tenure" free="458752" total="45875200" percent="1">
      <mem type="soa" free="0" total="45416448" percent="0" />
      <mem type="loa" free="458752" total="458752" percent="100" />
    </mem>
  </mem-info>
</gc-start>
<allocation-stats totalBytes="27352224" >
  <allocated-bytes non-tlh="0" tlh="27352224" />
  <largest-consumer threadName="main" threadId="0000000001AB4700" bytes="27352224" />
</allocation-stats>
<gc-op id="3450" type="mark" timems="9.086" contextid="3447" timestamp="2019-07-02T23:30:41.635">
  <trace-info objectcount="596159" scancount="517153" scanbytes="13268472" />
  <finalization candidates="80" enqueued="0" />
  <ownableSynchronizers candidates="21" cleared="0" />
  <references type="soft" candidates="1843" cleared="0" enqueued="0" dynamicThreshold="19" maxThreshold="32" />
  <references type="weak" candidates="5748" cleared="0" enqueued="0" />
  <references type="phantom" candidates="101" cleared="0" enqueued="0" />
  <stringconstants candidates="13253" cleared="0"  />
</gc-op>
<gc-op id="3451" type="sweep" timems="0.700" contextid="3447" timestamp="2019-07-02T23:30:41.636" />
<gc-end id="3452" type="global" contextid="3447" durationms="10.287" usertimems="28.000" systemtimems="0.000" timestamp="2019-07-02T23:30:41.636" activeThreads="4">
  <mem-info id="3453" free="27883712" total="45875200" percent="60">
    <mem type="tenure" free="27883712" total="45875200" percent="60" micro-fragmented="63838" macro-fragmented="0">
      <mem type="soa" free="27424960" total="45416448" percent="60" />
      <mem type="loa" free="458752" total="458752" percent="100" />
    </mem>
  </mem-info>
</gc-end>
<cycle-end id="3454" type="global" contextid="3447" timestamp="2019-07-02T23:30:41.636">
  <attribute name="GC Util" value="189" />
  <attribute name="CPU Util" value="1995980656032" />
  <attribute name="Time Running"value="19181"/>
  <attribute name="Number of cores"value="4"/>
</cycle-end>
<allocation-satisfied id="3455" threadId="0000000001AB4700" bytesRequested="32" />
<af-end id="3456" timestamp="2019-07-02T23:30:41.636" threadId="0000000001AB5088" success="true" />
<exclusive-end id="3457" timestamp="2019-07-02T23:30:41.637" durationms="11.079" />

<exclusive-start id="3458" timestamp="2019-07-02T23:30:41.642" intervalms="16.653">
  <response-info timems="0.078" idlems="0.078" threads="0" lastid="0000000001AB4700" lastname="main" />
</exclusive-start>
<af-start id="3459" threadId="0000000001AB5088" totalBytesRequested="32" timestamp="2019-07-02T23:30:41.642" intervalms="16.703" />
<cycle-start id="3460" type="global" contextid="0" timestamp="2019-07-02T23:30:41.642" intervalms="16.702" />
  <attribute name="GC Util" value="189" />
  <attribute name="CPU Util" value="1995980656032" />
  <attribute name="Time Running"value="19181"/>
  <attribute name="Number of cores"value="4"/>
<gc-start id="3461" type="global" contextid="3460" timestamp="2019-07-02T23:30:41.643">
  <mem-info id="3462" free="458752" total="45875200" percent="1">
    <mem type="tenure" free="458752" total="45875200" percent="1">
      <mem type="soa" free="0" total="45416448" percent="0" />
      <mem type="loa" free="458752" total="458752" percent="100" />
    </mem>
  </mem-info>
</gc-start>
<allocation-stats totalBytes="27354416" >
  <allocated-bytes non-tlh="0" tlh="27354416" />
  <largest-consumer threadName="main" threadId="0000000001AB4700" bytes="27354416" />
</allocation-stats>
<gc-op id="3463" type="mark" timems="9.223" contextid="3460" timestamp="2019-07-02T23:30:41.652">
  <trace-info objectcount="596160" scancount="517155" scanbytes="13268472" />
  <finalization candidates="80" enqueued="0" />
  <ownableSynchronizers candidates="21" cleared="0" />
  <references type="soft" candidates="1843" cleared="0" enqueued="0" dynamicThreshold="19" maxThreshold="32" />
  <references type="weak" candidates="5748" cleared="0" enqueued="0" />
  <references type="phantom" candidates="101" cleared="0" enqueued="0" />
  <stringconstants candidates="13253" cleared="0"  />
</gc-op>
<gc-op id="3464" type="sweep" timems="0.657" contextid="3460" timestamp="2019-07-02T23:30:41.653" />
<gc-end id="3465" type="global" contextid="3460" durationms="10.362" usertimems="28.000" systemtimems="0.000" timestamp="2019-07-02T23:30:41.653" activeThreads="4">
  <mem-info id="3466" free="27883048" total="45875200" percent="60">
    <mem type="tenure" free="27883048" total="45875200" percent="60" micro-fragmented="63838" macro-fragmented="0">
      <mem type="soa" free="27424296" total="45416448" percent="60" />
      <mem type="loa" free="458752" total="458752" percent="100" />
    </mem>
  </mem-info>
</gc-end>
<cycle-end id="3467" type="global" contextid="3460" timestamp="2019-07-02T23:30:41.653">
  <attribute name="GC Util" value="188" />
  <attribute name="CPU Util" value="1971204165324" />
  <attribute name="Time Running"value="19198"/>
  <attribute name="Number of cores"value="4"/>
</cycle-end>
<allocation-satisfied id="3468" threadId="0000000001AB4700" bytesRequested="32" />
<af-end id="3469" timestamp="2019-07-02T23:30:41.653" threadId="0000000001AB5088" success="true" />
<exclusive-end id="3470" timestamp="2019-07-02T23:30:41.653" durationms="11.204" />

<exclusive-start id="3471" timestamp="2019-07-02T23:30:41.684" intervalms="41.694">
  <response-info timems="0.072" idlems="0.072" threads="0" lastid="0000000001AB4700" lastname="main" />
</exclusive-start>
<af-start id="3472" threadId="0000000001AB5088" totalBytesRequested="40" timestamp="2019-07-02T23:30:41.684" intervalms="41.629" />
<cycle-start id="3473" type="global" contextid="0" timestamp="2019-07-02T23:30:41.684" intervalms="41.593" />
  <attribute name="GC Util" value="188" />
  <attribute name="CPU Util" value="1971204165324" />
  <attribute name="Time Running"value="19198"/>
  <attribute name="Number of cores"value="4"/>
<gc-start id="3474" type="global" contextid="3473" timestamp="2019-07-02T23:30:41.684">
  <mem-info id="3475" free="458752" total="45875200" percent="1">
    <mem type="tenure" free="458752" total="45875200" percent="1">
      <mem type="soa" free="0" total="45416448" percent="0" />
      <mem type="loa" free="458752" total="458752" percent="100" />
    </mem>
  </mem-info>
</gc-start>
<allocation-stats totalBytes="27362344" >
  <allocated-bytes non-tlh="0" tlh="27362344" />
  <largest-consumer threadName="main" threadId="0000000001AB4700" bytes="27362344" />
</allocation-stats>
<gc-op id="3476" type="mark" timems="9.082" contextid="3473" timestamp="2019-07-02T23:30:41.693">
  <trace-info objectcount="596172" scancount="517181" scanbytes="13268772" />
  <finalization candidates="80" enqueued="0" />
  <ownableSynchronizers candidates="21" cleared="0" />
  <references type="soft" candidates="1843" cleared="0" enqueued="0" dynamicThreshold="19" maxThreshold="32" />
  <references type="weak" candidates="5748" cleared="0" enqueued="0" />
  <references type="phantom" candidates="101" cleared="0" enqueued="0" />
  <stringconstants candidates="13253" cleared="0"  />
</gc-op>
<gc-op id="3477" type="sweep" timems="0.616" contextid="3473" timestamp="2019-07-02T23:30:41.694" />
<gc-end id="3478" type="global" contextid="3473" durationms="10.050" usertimems="28.000" systemtimems="0.000" timestamp="2019-07-02T23:30:41.694" activeThreads="4">
  <mem-info id="3479" free="27882392" total="45875200" percent="60">
    <mem type="tenure" free="27882392" total="45875200" percent="60" micro-fragmented="80976" macro-fragmented="0">
      <mem type="soa" free="27423640" total="45416448" percent="60" />
      <mem type="loa" free="458752" total="458752" percent="100" />
    </mem>
  </mem-info>
</gc-end>
<cycle-end id="3480" type="global" contextid="3473" timestamp="2019-07-02T23:30:41.694">
  <attribute name="GC Util" value="190" />
  <attribute name="CPU Util" value="2006107848541" />
  <attribute name="Time Running"value="19239"/>
  <attribute name="Number of cores"value="4"/>
</cycle-end>
<allocation-satisfied id="3481" threadId="0000000001AB4700" bytesRequested="40" />
<af-end id="3482" timestamp="2019-07-02T23:30:41.694" threadId="0000000001AB5088" success="true" />
<exclusive-end id="3483" timestamp="2019-07-02T23:30:41.694" durationms="10.604" />

<exclusive-start id="3484" timestamp="2019-07-02T23:30:41.748" intervalms="64.049">
  <response-info timems="0.074" idlems="0.074" threads="0" lastid="0000000001AB4700" lastname="main" />
</exclusive-start>
<af-start id="3485" threadId="0000000001AB5088" totalBytesRequested="32" timestamp="2019-07-02T23:30:41.748" intervalms="64.060" />
<cycle-start id="3486" type="global" contextid="0" timestamp="2019-07-02T23:30:41.748" intervalms="64.045" />
  <attribute name="GC Util" value="190" />
  <attribute name="CPU Util" value="2006107848541" />
  <attribute name="Time Running"value="19239"/>
  <attribute name="Number of cores"value="4"/>
<gc-start id="3487" type="global" contextid="3486" timestamp="2019-07-02T23:30:41.748">
  <mem-info id="3488" free="458752" total="45875200" percent="1">
    <mem type="tenure" free="458752" total="45875200" percent="1">
      <mem type="soa" free="0" total="45416448" percent="0" />
      <mem type="loa" free="458752" total="458752" percent="100" />
    </mem>
  </mem-info>
</gc-start>
<allocation-stats totalBytes="27387528" >
  <allocated-bytes non-tlh="0" tlh="27387528" />
  <largest-consumer threadName="main" threadId="0000000001AB4700" bytes="27387528" />
</allocation-stats>
<gc-op id="3489" type="mark" timems="10.071" contextid="3486" timestamp="2019-07-02T23:30:41.758">
  <trace-info objectcount="596164" scancount="517178" scanbytes="13268624" />
  <finalization candidates="80" enqueued="0" />
  <ownableSynchronizers candidates="21" cleared="0" />
  <references type="soft" candidates="1843" cleared="0" enqueued="0" dynamicThreshold="19" maxThreshold="32" />
  <references type="weak" candidates="5748" cleared="0" enqueued="0" />
  <references type="phantom" candidates="101" cleared="0" enqueued="0" />
  <stringconstants candidates="13253" cleared="0"  />
</gc-op>
<gc-op id="3490" type="sweep" timems="0.651" contextid="3486" timestamp="2019-07-02T23:30:41.759" />
<gc-end id="3491" type="global" contextid="3486" durationms="11.029" usertimems="24.000" systemtimems="4.000" timestamp="2019-07-02T23:30:41.759" activeThreads="4">
  <mem-info id="3492" free="27883328" total="45875200" percent="60">
    <mem type="tenure" free="27883328" total="45875200" percent="60" micro-fragmented="80976" macro-fragmented="0">
      <mem type="soa" free="27424576" total="45416448" percent="60" />
      <mem type="loa" free="458752" total="458752" percent="100" />
    </mem>
  </mem-info>
</gc-end>
<cycle-end id="3493" type="global" contextid="3486" timestamp="2019-07-02T23:30:41.759">
  <attribute name="GC Util" value="188" />
  <attribute name="CPU Util" value="1813573730285" />
  <attribute name="Time Running"value="19304"/>
  <attribute name="Number of cores"value="4"/>
</cycle-end>
<allocation-satisfied id="3494" threadId="0000000001AB4700" bytesRequested="32" />
<af-end id="3495" timestamp="2019-07-02T23:30:41.759" threadId="0000000001AB5088" success="true" />
<exclusive-end id="3496" timestamp="2019-07-02T23:30:41.759" durationms="11.554" />

<exclusive-start id="3497" timestamp="2019-07-02T23:30:41.797" intervalms="49.212">
  <response-info timems="0.141" idlems="0.141" threads="0" lastid="0000000001AB4700" lastname="main" />
</exclusive-start>
<af-start id="3498" threadId="0000000001AB5088" totalBytesRequested="112" timestamp="2019-07-02T23:30:41.797" intervalms="49.192" />
<cycle-start id="3499" type="global" contextid="0" timestamp="2019-07-02T23:30:41.797" intervalms="49.192" />
  <attribute name="GC Util" value="188" />
  <attribute name="CPU Util" value="1813573730285" />
  <attribute name="Time Running"value="19304"/>
  <attribute name="Number of cores"value="4"/>
<gc-start id="3500" type="global" contextid="3499" timestamp="2019-07-02T23:30:41.797">
  <mem-info id="3501" free="458752" total="45875200" percent="1">
    <mem type="tenure" free="458752" total="45875200" percent="1">
      <mem type="soa" free="0" total="45416448" percent="0" />
      <mem type="loa" free="458752" total="458752" percent="100" />
    </mem>
  </mem-info>
</gc-start>
<allocation-stats totalBytes="27386984" >
  <allocated-bytes non-tlh="0" tlh="27386984" />
  <largest-consumer threadName="main" threadId="0000000001AB4700" bytes="27386984" />
</allocation-stats>
<gc-op id="3502" type="mark" timems="8.865" contextid="3499" timestamp="2019-07-02T23:30:41.806">
  <trace-info objectcount="596167" scancount="517159" scanbytes="13269388" />
  <finalization candidates="80" enqueued="0" />
  <ownableSynchronizers candidates="21" cleared="0" />
  <references type="soft" candidates="1843" cleared="0" enqueued="0" dynamicThreshold="19" maxThreshold="32" />
  <references type="weak" candidates="5748" cleared="0" enqueued="0" />
  <references type="phantom" candidates="101" cleared="0" enqueued="0" />
  <stringconstants candidates="13253" cleared="0"  />
</gc-op>
<gc-op id="3503" type="sweep" timems="0.545" contextid="3499" timestamp="2019-07-02T23:30:41.807" />
<gc-end id="3504" type="global" contextid="3499" durationms="9.713" usertimems="20.000" systemtimems="4.000" timestamp="2019-07-02T23:30:41.807" activeThreads="4">
  <mem-info id="3505" free="27882304" total="45875200" percent="60">
    <mem type="tenure" free="27882304" total="45875200" percent="60" micro-fragmented="79096" macro-fragmented="0">
      <mem type="soa" free="27423552" total="45416448" percent="60" />
      <mem type="loa" free="458752" total="458752" percent="100" />
    </mem>
  </mem-info>
</gc-end>
<cycle-end id="3506" type="global" contextid="3499" timestamp="2019-07-02T23:30:41.807">
  <attribute name="GC Util" value="190" />
  <attribute name="CPU Util" value="2055584737461" />
  <attribute name="Time Running"value="19352"/>
  <attribute name="Number of cores"value="4"/>
</cycle-end>
<allocation-satisfied id="3507" threadId="0000000001AB4700" bytesRequested="112" />
<af-end id="3508" timestamp="2019-07-02T23:30:41.807" threadId="0000000001AB5088" success="true" />
<exclusive-end id="3509" timestamp="2019-07-02T23:30:41.807" durationms="10.189" />

<exclusive-start id="3510" timestamp="2019-07-02T23:30:41.814" intervalms="17.133">
  <response-info timems="0.080" idlems="0.080" threads="0" lastid="0000000001AB4700" lastname="main" />
</exclusive-start>
<af-start id="3511" threadId="0000000001AB5088" totalBytesRequested="32" timestamp="2019-07-02T23:30:41.814" intervalms="17.116" />
<cycle-start id="3512" type="global" contextid="0" timestamp="2019-07-02T23:30:41.814" intervalms="17.109" />
  <attribute name="GC Util" value="190" />
  <attribute name="CPU Util" value="2055584737461" />
  <attribute name="Time Running"value="19352"/>
  <attribute name="Number of cores"value="4"/>
<gc-start id="3513" type="global" contextid="3512" timestamp="2019-07-02T23:30:41.814">
  <mem-info id="3514" free="458752" total="45875200" percent="1">
    <mem type="tenure" free="458752" total="45875200" percent="1">
      <mem type="soa" free="0" total="45416448" percent="0" />
      <mem type="loa" free="458752" total="458752" percent="100" />
    </mem>
  </mem-info>
</gc-start>
<allocation-stats totalBytes="27390824" >
  <allocated-bytes non-tlh="0" tlh="27390824" />
  <largest-consumer threadName="main" threadId="0000000001AB4700" bytes="27390824" />
</allocation-stats>
<gc-op id="3515" type="mark" timems="9.146" contextid="3512" timestamp="2019-07-02T23:30:41.824">
  <trace-info objectcount="596168" scancount="517167" scanbytes="13269316" />
  <finalization candidates="80" enqueued="0" />
  <ownableSynchronizers candidates="21" cleared="0" />
  <references type="soft" candidates="1843" cleared="0" enqueued="0" dynamicThreshold="19" maxThreshold="32" />
  <references type="weak" candidates="5748" cleared="0" enqueued="0" />
  <references type="phantom" candidates="101" cleared="0" enqueued="0" />
  <stringconstants candidates="13253" cleared="0"  />
</gc-op>
<gc-op id="3516" type="sweep" timems="0.605" contextid="3512" timestamp="2019-07-02T23:30:41.824" />
<gc-end id="3517" type="global" contextid="3512" durationms="10.049" usertimems="24.000" systemtimems="0.000" timestamp="2019-07-02T23:30:41.824" activeThreads="4">
  <mem-info id="3518" free="27882032" total="45875200" percent="60">
    <mem type="tenure" free="27882032" total="45875200" percent="60" micro-fragmented="79147" macro-fragmented="0">
      <mem type="soa" free="27423280" total="45416448" percent="60" />
      <mem type="loa" free="458752" total="458752" percent="100" />
    </mem>
  </mem-info>
</gc-end>
<cycle-end id="3519" type="global" contextid="3512" timestamp="2019-07-02T23:30:41.825">
  <attribute name="GC Util" value="189" />
  <attribute name="CPU Util" value="1992457721680" />
  <attribute name="Time Running"value="19370"/>
  <attribute name="Number of cores"value="4"/>
</cycle-end>
<allocation-satisfied id="3520" threadId="0000000001AB4700" bytesRequested="32" />
<af-end id="3521" timestamp="2019-07-02T23:30:41.825" threadId="0000000001AB5088" success="true" />
<exclusive-end id="3522" timestamp="2019-07-02T23:30:41.825" durationms="10.595" />

<exclusive-start id="3523" timestamp="2019-07-02T23:30:41.832" intervalms="17.513">
  <response-info timems="0.073" idlems="0.073" threads="0" lastid="0000000001AB4700" lastname="main" />
</exclusive-start>
<af-start id="3524" threadId="0000000001AB5088" totalBytesRequested="408" timestamp="2019-07-02T23:30:41.832" intervalms="17.498" />
<cycle-start id="3525" type="global" contextid="0" timestamp="2019-07-02T23:30:41.832" intervalms="17.499" />
  <attribute name="GC Util" value="189" />
  <attribute name="CPU Util" value="1992457721680" />
  <attribute name="Time Running"value="19370"/>
  <attribute name="Number of cores"value="4"/>
<gc-start id="3526" type="global" contextid="3525" timestamp="2019-07-02T23:30:41.832">
  <mem-info id="3527" free="458752" total="45875200" percent="1">
    <mem type="tenure" free="458752" total="45875200" percent="1">
      <mem type="soa" free="0" total="45416448" percent="0" />
      <mem type="loa" free="458752" total="458752" percent="100" />
    </mem>
  </mem-info>
</gc-start>
<allocation-stats totalBytes="27392704" >
  <allocated-bytes non-tlh="0" tlh="27392704" />
  <largest-consumer threadName="main" threadId="0000000001AB4700" bytes="27392704" />
</allocation-stats>
<gc-op id="3528" type="mark" timems="9.021" contextid="3525" timestamp="2019-07-02T23:30:41.841">
  <trace-info objectcount="596167" scancount="517164" scanbytes="13269208" />
  <finalization candidates="80" enqueued="0" />
  <ownableSynchronizers candidates="21" cleared="0" />
  <references type="soft" candidates="1843" cleared="0" enqueued="0" dynamicThreshold="19" maxThreshold="32" />
  <references type="weak" candidates="5748" cleared="0" enqueued="0" />
  <references type="phantom" candidates="101" cleared="0" enqueued="0" />
  <stringconstants candidates="13253" cleared="0"  />
</gc-op>
<gc-op id="3529" type="sweep" timems="0.571" contextid="3525" timestamp="2019-07-02T23:30:41.842" />
<gc-end id="3530" type="global" contextid="3525" durationms="9.908" usertimems="28.000" systemtimems="0.000" timestamp="2019-07-02T23:30:41.842" activeThreads="4">
  <mem-info id="3531" free="27881872" total="45875200" percent="60">
    <mem type="tenure" free="27881872" total="45875200" percent="60" micro-fragmented="79096" macro-fragmented="0">
      <mem type="soa" free="27423120" total="45416448" percent="60" />
      <mem type="loa" free="458752" total="458752" percent="100" />
    </mem>
  </mem-info>
</gc-end>
<cycle-end id="3532" type="global" contextid="3525" timestamp="2019-07-02T23:30:41.842">
  <attribute name="GC Util" value="188" />
  <attribute name="CPU Util" value="2013980631533" />
  <attribute name="Time Running"value="19387"/>
  <attribute name="Number of cores"value="4"/>
</cycle-end>
<allocation-satisfied id="3533" threadId="0000000001AB4700" bytesRequested="408" />
<af-end id="3534" timestamp="2019-07-02T23:30:41.842" threadId="0000000001AB5088" success="true" />
<exclusive-end id="3535" timestamp="2019-07-02T23:30:41.842" durationms="10.341" />

<exclusive-start id="3536" timestamp="2019-07-02T23:30:41.876" intervalms="44.547">
  <response-info timems="0.072" idlems="0.072" threads="0" lastid="0000000001AB4700" lastname="main" />
</exclusive-start>
<af-start id="3537" threadId="0000000001AB5088" totalBytesRequested="2024" timestamp="2019-07-02T23:30:41.876" intervalms="44.598" />
<cycle-start id="3538" type="global" contextid="0" timestamp="2019-07-02T23:30:41.876" intervalms="44.606" />
  <attribute name="GC Util" value="188" />
  <attribute name="CPU Util" value="2013980631533" />
  <attribute name="Time Running"value="19387"/>
  <attribute name="Number of cores"value="4"/>
<gc-start id="3539" type="global" contextid="3538" timestamp="2019-07-02T23:30:41.877">
  <mem-info id="3540" free="458752" total="45875200" percent="1">
    <mem type="tenure" free="458752" total="45875200" percent="1">
      <mem type="soa" free="0" total="45416448" percent="0" />
      <mem type="loa" free="458752" total="458752" percent="100" />
    </mem>
  </mem-info>
</gc-start>
<allocation-stats totalBytes="27374912" >
  <allocated-bytes non-tlh="12088" tlh="27362824" />
  <largest-consumer threadName="main" threadId="0000000001AB4700" bytes="27374912" />
</allocation-stats>
<gc-op id="3541" type="mark" timems="9.299" contextid="3538" timestamp="2019-07-02T23:30:41.886">
  <trace-info objectcount="596215" scancount="517204" scanbytes="13269820" />
  <finalization candidates="80" enqueued="0" />
  <ownableSynchronizers candidates="21" cleared="0" />
  <references type="soft" candidates="1849" cleared="0" enqueued="0" dynamicThreshold="19" maxThreshold="32" />
  <references type="weak" candidates="5748" cleared="0" enqueued="0" />
  <references type="phantom" candidates="101" cleared="0" enqueued="0" />
  <stringconstants candidates="13253" cleared="0"  />
</gc-op>
<gc-op id="3542" type="sweep" timems="0.602" contextid="3538" timestamp="2019-07-02T23:30:41.887" />
<gc-end id="3543" type="global" contextid="3538" durationms="10.217" usertimems="24.000" systemtimems="4.000" timestamp="2019-07-02T23:30:41.887" activeThreads="4">
  <mem-info id="3544" free="27853016" total="45875200" percent="60">
    <mem type="tenure" free="27853016" total="45875200" percent="60" micro-fragmented="80087" macro-fragmented="0">
      <mem type="soa" free="27394264" total="45416448" percent="60" />
      <mem type="loa" free="458752" total="458752" percent="100" />
    </mem>
  </mem-info>
</gc-end>
<cycle-end id="3545" type="global" contextid="3538" timestamp="2019-07-02T23:30:41.887">
  <attribute name="GC Util" value="186" />
  <attribute name="CPU Util" value="1961529730004" />
  <attribute name="Time Running"value="19432"/>
  <attribute name="Number of cores"value="4"/>
</cycle-end>
<allocation-satisfied id="3546" threadId="0000000001AB4700" bytesRequested="2024" />
<af-end id="3547" timestamp="2019-07-02T23:30:41.887" threadId="0000000001AB5088" success="true" />
<exclusive-end id="3548" timestamp="2019-07-02T23:30:41.887" durationms="10.755" />

<exclusive-start id="3549" timestamp="2019-07-02T23:30:41.935" intervalms="59.184">
  <response-info timems="0.073" idlems="0.073" threads="0" lastid="0000000001AB4700" lastname="main" />
</exclusive-start>
<af-start id="3550" threadId="0000000001AB5088" totalBytesRequested="2008" timestamp="2019-07-02T23:30:41.936" intervalms="59.197" />
<cycle-start id="3551" type="global" contextid="0" timestamp="2019-07-02T23:30:41.936" intervalms="59.198" />
  <attribute name="GC Util" value="186" />
  <attribute name="CPU Util" value="1961529730004" />
  <attribute name="Time Running"value="19432"/>
  <attribute name="Number of cores"value="4"/>
<gc-start id="3552" type="global" contextid="3551" timestamp="2019-07-02T23:30:41.936">
  <mem-info id="3553" free="458752" total="45875200" percent="1">
    <mem type="tenure" free="458752" total="45875200" percent="1">
      <mem type="soa" free="0" total="45416448" percent="0" />
      <mem type="loa" free="458752" total="458752" percent="100" />
    </mem>
  </mem-info>
</gc-start>
<allocation-stats totalBytes="27332656" >
  <allocated-bytes non-tlh="62448" tlh="27270208" />
  <largest-consumer threadName="main" threadId="0000000001AB4700" bytes="27332656" />
</allocation-stats>
<gc-op id="3554" type="mark" timems="8.969" contextid="3551" timestamp="2019-07-02T23:30:41.945">
  <trace-info objectcount="596211" scancount="517196" scanbytes="13269820" />
  <finalization candidates="80" enqueued="0" />
  <ownableSynchronizers candidates="21" cleared="0" />
  <references type="soft" candidates="1849" cleared="0" enqueued="0" dynamicThreshold="19" maxThreshold="32" />
  <references type="weak" candidates="5748" cleared="0" enqueued="0" />
  <references type="phantom" candidates="101" cleared="0" enqueued="0" />
  <stringconstants candidates="13253" cleared="0"  />
</gc-op>
<gc-op id="3555" type="sweep" timems="0.600" contextid="3551" timestamp="2019-07-02T23:30:41.946" />
<gc-end id="3556" type="global" contextid="3551" durationms="9.896" usertimems="28.000" systemtimems="0.000" timestamp="2019-07-02T23:30:41.946" activeThreads="4">
  <mem-info id="3557" free="27861096" total="45875200" percent="60">
    <mem type="tenure" free="27861096" total="45875200" percent="60" micro-fragmented="80087" macro-fragmented="0">
      <mem type="soa" free="27402344" total="45416448" percent="60" />
      <mem type="loa" free="458752" total="458752" percent="100" />
    </mem>
  </mem-info>
</gc-end>
<cycle-end id="3558" type="global" contextid="3551" timestamp="2019-07-02T23:30:41.946">
  <attribute name="GC Util" value="189" />
  <attribute name="CPU Util" value="2033139009053" />
  <attribute name="Time Running"value="19491"/>
  <attribute name="Number of cores"value="4"/>
</cycle-end>
<allocation-satisfied id="3559" threadId="0000000001AB4700" bytesRequested="2008" />
<af-end id="3560" timestamp="2019-07-02T23:30:41.946" threadId="0000000001AB5088" success="true" />
<exclusive-end id="3561" timestamp="2019-07-02T23:30:41.946" durationms="10.501" />

<exclusive-start id="3562" timestamp="2019-07-02T23:30:41.987" intervalms="51.942">
  <response-info timems="0.107" idlems="0.107" threads="0" lastid="0000000001AB4700" lastname="main" />
</exclusive-start>
<af-start id="3563" threadId="0000000001AB5088" totalBytesRequested="208" timestamp="2019-07-02T23:30:41.988" intervalms="51.973" />
<cycle-start id="3564" type="global" contextid="0" timestamp="2019-07-02T23:30:41.988" intervalms="51.996" />
  <attribute name="GC Util" value="189" />
  <attribute name="CPU Util" value="2033139009053" />
  <attribute name="Time Running"value="19491"/>
  <attribute name="Number of cores"value="4"/>
<gc-start id="3565" type="global" contextid="3564" timestamp="2019-07-02T23:30:41.988">
  <mem-info id="3566" free="458752" total="45875200" percent="1">
    <mem type="tenure" free="458752" total="45875200" percent="1">
      <mem type="soa" free="0" total="45416448" percent="0" />
      <mem type="loa" free="458752" total="458752" percent="100" />
    </mem>
  </mem-info>
</gc-start>
<allocation-stats totalBytes="27341664" >
  <allocated-bytes non-tlh="62448" tlh="27279216" />
  <largest-consumer threadName="main" threadId="0000000001AB4700" bytes="27341664" />
</allocation-stats>
<gc-op id="3567" type="mark" timems="9.743" contextid="3564" timestamp="2019-07-02T23:30:41.998">
  <trace-info objectcount="596214" scancount="517202" scanbytes="13269860" />
  <finalization candidates="80" enqueued="0" />
  <ownableSynchronizers candidates="21" cleared="0" />
  <references type="soft" candidates="1849" cleared="0" enqueued="0" dynamicThreshold="19" maxThreshold="32" />
  <references type="weak" candidates="5748" cleared="0" enqueued="0" />
  <references type="phantom" candidates="101" cleared="0" enqueued="0" />
  <stringconstants candidates="13253" cleared="0"  />
</gc-op>
<gc-op id="3568" type="sweep" timems="0.813" contextid="3564" timestamp="2019-07-02T23:30:41.999" />
<gc-end id="3569" type="global" contextid="3564" durationms="11.002" usertimems="32.000" systemtimems="4.000" timestamp="2019-07-02T23:30:41.999" activeThreads="4">
  <mem-info id="3570" free="27860720" total="45875200" percent="60">
    <mem type="tenure" free="27860720" total="45875200" percent="60" micro-fragmented="80087" macro-fragmented="0">
      <mem type="soa" free="27401968" total="45416448" percent="60" />
      <mem type="loa" free="458752" total="458752" percent="100" />
    </mem>
  </mem-info>
</gc-end>
<cycle-end id="3571" type="global" contextid="3564" timestamp="2019-07-02T23:30:41.999">
  <attribute name="GC Util" value="190" />
  <attribute name="CPU Util" value="1868522102674" />
  <attribute name="Time Running"value="19544"/>
  <attribute name="Number of cores"value="4"/>
</cycle-end>
<allocation-satisfied id="3572" threadId="0000000001AB4700" bytesRequested="208" />
<af-end id="3573" timestamp="2019-07-02T23:30:41.999" threadId="0000000001AB5088" success="true" />
<exclusive-end id="3574" timestamp="2019-07-02T23:30:41.999" durationms="11.721" />

<exclusive-start id="3575" timestamp="2019-07-02T23:30:42.088" intervalms="100.600">
  <response-info timems="0.118" idlems="0.118" threads="0" lastid="0000000001AB4700" lastname="main" />
</exclusive-start>
<af-start id="3576" threadId="0000000001AB5088" totalBytesRequested="80" timestamp="2019-07-02T23:30:42.088" intervalms="100.609" />
<cycle-start id="3577" type="global" contextid="0" timestamp="2019-07-02T23:30:42.088" intervalms="100.614" />
  <attribute name="GC Util" value="190" />
  <attribute name="CPU Util" value="1868522102674" />
  <attribute name="Time Running"value="19544"/>
  <attribute name="Number of cores"value="4"/>
<gc-start id="3578" type="global" contextid="3577" timestamp="2019-07-02T23:30:42.088">
  <mem-info id="3579" free="458752" total="45875200" percent="1">
    <mem type="tenure" free="458752" total="45875200" percent="1">
      <mem type="soa" free="0" total="45416448" percent="0" />
      <mem type="loa" free="458752" total="458752" percent="100" />
    </mem>
  </mem-info>
</gc-start>
<allocation-stats totalBytes="27384232" >
  <allocated-bytes non-tlh="38336" tlh="27345896" />
  <largest-consumer threadName="main" threadId="0000000001AB4700" bytes="27384232" />
</allocation-stats>
<gc-op id="3580" type="mark" timems="9.945" contextid="3577" timestamp="2019-07-02T23:30:42.099">
  <trace-info objectcount="596204" scancount="517191" scanbytes="13269892" />
  <finalization candidates="80" enqueued="0" />
  <ownableSynchronizers candidates="21" cleared="0" />
  <references type="soft" candidates="1849" cleared="0" enqueued="0" dynamicThreshold="19" maxThreshold="32" />
  <references type="weak" candidates="5748" cleared="0" enqueued="0" />
  <references type="phantom" candidates="101" cleared="0" enqueued="0" />
  <stringconstants candidates="13253" cleared="0"  />
</gc-op>
<gc-op id="3581" type="sweep" timems="0.632" contextid="3577" timestamp="2019-07-02T23:30:42.099" />
<gc-end id="3582" type="global" contextid="3577" durationms="11.001" usertimems="36.000" systemtimems="0.000" timestamp="2019-07-02T23:30:42.099" activeThreads="4">
  <mem-info id="3583" free="27863488" total="45875200" percent="60">
    <mem type="tenure" free="27863488" total="45875200" percent="60" micro-fragmented="79430" macro-fragmented="0">
      <mem type="soa" free="27404736" total="45416448" percent="60" />
      <mem type="loa" free="458752" total="458752" percent="100" />
    </mem>
  </mem-info>
</gc-end>
<cycle-end id="3584" type="global" contextid="3577" timestamp="2019-07-02T23:30:42.100">
  <attribute name="GC Util" value="190" />
  <attribute name="CPU Util" value="1831576918342" />
  <attribute name="Time Running"value="19645"/>
  <attribute name="Number of cores"value="4"/>
</cycle-end>
<allocation-satisfied id="3585" threadId="0000000001AB4700" bytesRequested="80" />
<af-end id="3586" timestamp="2019-07-02T23:30:42.100" threadId="0000000001AB5088" success="true" />
<exclusive-end id="3587" timestamp="2019-07-02T23:30:42.100" durationms="11.670" />

<exclusive-start id="3588" timestamp="2019-07-02T23:30:42.150" intervalms="62.417">
  <response-info timems="0.079" idlems="0.079" threads="0" lastid="0000000001AB4700" lastname="main" />
</exclusive-start>
<af-start id="3589" threadId="0000000001AB5088" totalBytesRequested="32" timestamp="2019-07-02T23:30:42.151" intervalms="62.410" />
<cycle-start id="3590" type="global" contextid="0" timestamp="2019-07-02T23:30:42.151" intervalms="62.403" />
  <attribute name="GC Util" value="190" />
  <attribute name="CPU Util" value="1831576918342" />
  <attribute name="Time Running"value="19645"/>
  <attribute name="Number of cores"value="4"/>
<gc-start id="3591" type="global" contextid="3590" timestamp="2019-07-02T23:30:42.151">
  <mem-info id="3592" free="458752" total="45875200" percent="1">
    <mem type="tenure" free="458752" total="45875200" percent="1">
      <mem type="soa" free="0" total="45416448" percent="0" />
      <mem type="loa" free="458752" total="458752" percent="100" />
    </mem>
  </mem-info>
</gc-start>
<allocation-stats totalBytes="27397864" >
  <allocated-bytes non-tlh="0" tlh="27397864" />
  <largest-consumer threadName="main" threadId="0000000001AB4700" bytes="27397864" />
</allocation-stats>
<gc-op id="3593" type="mark" timems="9.410" contextid="3590" timestamp="2019-07-02T23:30:42.160">
  <trace-info objectcount="596205" scancount="517192" scanbytes="13269908" />
  <finalization candidates="80" enqueued="0" />
  <ownableSynchronizers candidates="21" cleared="0" />
  <references type="soft" candidates="1849" cleared="0" enqueued="0" dynamicThreshold="19" maxThreshold="32" />
  <references type="weak" candidates="5748" cleared="0" enqueued="0" />
  <references type="phantom" candidates="101" cleared="0" enqueued="0" />
  <stringconstants candidates="13253" cleared="0"  />
</gc-op>
<gc-op id="3594" type="sweep" timems="0.829" contextid="3590" timestamp="2019-07-02T23:30:42.161" />
<gc-end id="3595" type="global" contextid="3590" durationms="10.680" usertimems="28.000" systemtimems="0.000" timestamp="2019-07-02T23:30:42.161" activeThreads="4">
  <mem-info id="3596" free="27864000" total="45875200" percent="60">
    <mem type="tenure" free="27864000" total="45875200" percent="60" micro-fragmented="79430" macro-fragmented="0">
      <mem type="soa" free="27405248" total="45416448" percent="60" />
      <mem type="loa" free="458752" total="458752" percent="100" />
    </mem>
  </mem-info>
</gc-end>
<cycle-end id="3597" type="global" contextid="3590" timestamp="2019-07-02T23:30:42.162">
  <attribute name="GC Util" value="190" />
  <attribute name="CPU Util" value="1936874405108" />
  <attribute name="Time Running"value="19706"/>
  <attribute name="Number of cores"value="4"/>
</cycle-end>
<allocation-satisfied id="3598" threadId="0000000001AB4700" bytesRequested="32" />
<af-end id="3599" timestamp="2019-07-02T23:30:42.162" threadId="0000000001AB5088" success="true" />
<exclusive-end id="3600" timestamp="2019-07-02T23:30:42.162" durationms="11.450" />

<exclusive-start id="3601" timestamp="2019-07-02T23:30:42.212" intervalms="61.855">
  <response-info timems="0.076" idlems="0.076" threads="0" lastid="0000000001AB4700" lastname="main" />
</exclusive-start>
<af-start id="3602" threadId="0000000001AB5088" totalBytesRequested="40" timestamp="2019-07-02T23:30:42.212" intervalms="61.792" />
<cycle-start id="3603" type="global" contextid="0" timestamp="2019-07-02T23:30:42.212" intervalms="61.805" />
  <attribute name="GC Util" value="190" />
  <attribute name="CPU Util" value="1936874405108" />
  <attribute name="Time Running"value="19706"/>
  <attribute name="Number of cores"value="4"/>
<gc-start id="3604" type="global" contextid="3603" timestamp="2019-07-02T23:30:42.213">
  <mem-info id="3605" free="458752" total="45875200" percent="1">
    <mem type="tenure" free="458752" total="45875200" percent="1">
      <mem type="soa" free="0" total="45416448" percent="0" />
      <mem type="loa" free="458752" total="458752" percent="100" />
    </mem>
  </mem-info>
</gc-start>
<allocation-stats totalBytes="27397720" >
  <allocated-bytes non-tlh="0" tlh="27397720" />
  <largest-consumer threadName="main" threadId="0000000001AB4700" bytes="27397720" />
</allocation-stats>
<gc-op id="3606" type="mark" timems="9.276" contextid="3603" timestamp="2019-07-02T23:30:42.222">
  <trace-info objectcount="596203" scancount="517195" scanbytes="13269856" />
  <finalization candidates="80" enqueued="0" />
  <ownableSynchronizers candidates="21" cleared="0" />
  <references type="soft" candidates="1849" cleared="0" enqueued="0" dynamicThreshold="19" maxThreshold="32" />
  <references type="weak" candidates="5748" cleared="0" enqueued="0" />
  <references type="phantom" candidates="101" cleared="0" enqueued="0" />
  <stringconstants candidates="13253" cleared="0"  />
</gc-op>
<gc-op id="3607" type="sweep" timems="0.562" contextid="3603" timestamp="2019-07-02T23:30:42.223" />
<gc-end id="3608" type="global" contextid="3603" durationms="10.262" usertimems="28.000" systemtimems="0.000" timestamp="2019-07-02T23:30:42.223" activeThreads="4">
  <mem-info id="3609" free="27864040" total="45875200" percent="60">
    <mem type="tenure" free="27864040" total="45875200" percent="60" micro-fragmented="79374" macro-fragmented="0">
      <mem type="soa" free="27405288" total="45416448" percent="60" />
      <mem type="loa" free="458752" total="458752" percent="100" />
    </mem>
  </mem-info>
</gc-end>
<cycle-end id="3610" type="global" contextid="3603" timestamp="2019-07-02T23:30:42.223">
  <attribute name="GC Util" value="189" />
  <attribute name="CPU Util" value="1960781633420" />
  <attribute name="Time Running"value="19768"/>
  <attribute name="Number of cores"value="4"/>
</cycle-end>
<allocation-satisfied id="3611" threadId="0000000001AB4700" bytesRequested="40" />
<af-end id="3612" timestamp="2019-07-02T23:30:42.223" threadId="0000000001AB5088" success="true" />
<exclusive-end id="3613" timestamp="2019-07-02T23:30:42.223" durationms="10.925" />

<exclusive-start id="3614" timestamp="2019-07-02T23:30:42.274" intervalms="61.259">
  <response-info timems="0.074" idlems="0.074" threads="0" lastid="0000000001AB4700" lastname="main" />
</exclusive-start>
<af-start id="3615" threadId="0000000001AB5088" totalBytesRequested="80" timestamp="2019-07-02T23:30:42.274" intervalms="61.291" />
<cycle-start id="3616" type="global" contextid="0" timestamp="2019-07-02T23:30:42.274" intervalms="61.279" />
  <attribute name="GC Util" value="189" />
  <attribute name="CPU Util" value="1960781633420" />
  <attribute name="Time Running"value="19768"/>
  <attribute name="Number of cores"value="4"/>
<gc-start id="3617" type="global" contextid="3616" timestamp="2019-07-02T23:30:42.274">
  <mem-info id="3618" free="458752" total="45875200" percent="1">
    <mem type="tenure" free="458752" total="45875200" percent="1">
      <mem type="soa" free="0" total="45416448" percent="0" />
      <mem type="loa" free="458752" total="458752" percent="100" />
    </mem>
  </mem-info>
</gc-start>
<allocation-stats totalBytes="27397952" >
  <allocated-bytes non-tlh="0" tlh="27397952" />
  <largest-consumer threadName="main" threadId="0000000001AB4700" bytes="27397952" />
</allocation-stats>
<gc-op id="3619" type="mark" timems="8.867" contextid="3616" timestamp="2019-07-02T23:30:42.283">
  <trace-info objectcount="596204" scancount="517191" scanbytes="13269892" />
  <finalization candidates="80" enqueued="0" />
  <ownableSynchronizers candidates="21" cleared="0" />
  <references type="soft" candidates="1849" cleared="0" enqueued="0" dynamicThreshold="19" maxThreshold="32" />
  <references type="weak" candidates="5748" cleared="0" enqueued="0" />
  <references type="phantom" candidates="101" cleared="0" enqueued="0" />
  <stringconstants candidates="13253" cleared="0"  />
</gc-op>
<gc-op id="3620" type="sweep" timems="0.591" contextid="3616" timestamp="2019-07-02T23:30:42.284" />
<gc-end id="3621" type="global" contextid="3616" durationms="9.915" usertimems="28.000" systemtimems="0.000" timestamp="2019-07-02T23:30:42.284" activeThreads="4">
  <mem-info id="3622" free="27863752" total="45875200" percent="60">
    <mem type="tenure" free="27863752" total="45875200" percent="60" micro-fragmented="79374" macro-fragmented="0">
      <mem type="soa" free="27405000" total="45416448" percent="60" />
      <mem type="loa" free="458752" total="458752" percent="100" />
    </mem>
  </mem-info>
</gc-end>
<cycle-end id="3623" type="global" contextid="3616" timestamp="2019-07-02T23:30:42.284">
  <attribute name="GC Util" value="188" />
  <attribute name="CPU Util" value="2051022596681" />
  <attribute name="Time Running"value="19829"/>
  <attribute name="Number of cores"value="4"/>
</cycle-end>
<allocation-satisfied id="3624" threadId="0000000001AB4700" bytesRequested="80" />
<af-end id="3625" timestamp="2019-07-02T23:30:42.284" threadId="0000000001AB5088" success="true" />
<exclusive-end id="3626" timestamp="2019-07-02T23:30:42.284" durationms="10.634" />

<exclusive-start id="3627" timestamp="2019-07-02T23:30:42.335" intervalms="61.017">
  <response-info timems="0.071" idlems="0.071" threads="0" lastid="0000000001AB4700" lastname="main" />
</exclusive-start>
<af-start id="3628" threadId="0000000001AB5088" totalBytesRequested="80" timestamp="2019-07-02T23:30:42.335" intervalms="60.983" />
<cycle-start id="3629" type="global" contextid="0" timestamp="2019-07-02T23:30:42.335" intervalms="60.996" />
  <attribute name="GC Util" value="188" />
  <attribute name="CPU Util" value="2051022596681" />
  <attribute name="Time Running"value="19829"/>
  <attribute name="Number of cores"value="4"/>
<gc-start id="3630" type="global" contextid="3629" timestamp="2019-07-02T23:30:42.335">
  <mem-info id="3631" free="458752" total="45875200" percent="1">
    <mem type="tenure" free="458752" total="45875200" percent="1">
      <mem type="soa" free="0" total="45416448" percent="0" />
      <mem type="loa" free="458752" total="458752" percent="100" />
    </mem>
  </mem-info>
</gc-start>
<allocation-stats totalBytes="27397968" >
  <allocated-bytes non-tlh="0" tlh="27397968" />
  <largest-consumer threadName="main" threadId="0000000001AB4700" bytes="27397968" />
</allocation-stats>
<gc-op id="3632" type="mark" timems="9.162" contextid="3629" timestamp="2019-07-02T23:30:42.344">
  <trace-info objectcount="596205" scancount="517192" scanbytes="13269908" />
  <finalization candidates="80" enqueued="0" />
  <ownableSynchronizers candidates="21" cleared="0" />
  <references type="soft" candidates="1849" cleared="0" enqueued="0" dynamicThreshold="19" maxThreshold="32" />
  <references type="weak" candidates="5748" cleared="0" enqueued="0" />
  <references type="phantom" candidates="101" cleared="0" enqueued="0" />
  <stringconstants candidates="13253" cleared="0"  />
</gc-op>
<gc-op id="3633" type="sweep" timems="0.594" contextid="3629" timestamp="2019-07-02T23:30:42.345" />
<gc-end id="3634" type="global" contextid="3629" durationms="10.212" usertimems="28.000" systemtimems="0.000" timestamp="2019-07-02T23:30:42.345" activeThreads="4">
  <mem-info id="3635" free="27863464" total="45875200" percent="60">
    <mem type="tenure" free="27863464" total="45875200" percent="60" micro-fragmented="79374" macro-fragmented="0">
      <mem type="soa" free="27404712" total="45416448" percent="60" />
      <mem type="loa" free="458752" total="458752" percent="100" />
    </mem>
  </mem-info>
</gc-end>
<cycle-end id="3636" type="global" contextid="3629" timestamp="2019-07-02T23:30:42.345">
  <attribute name="GC Util" value="190" />
  <attribute name="CPU Util" value="1980099907410" />
  <attribute name="Time Running"value="19890"/>
  <attribute name="Number of cores"value="4"/>
</cycle-end>
<allocation-satisfied id="3637" threadId="0000000001AB4700" bytesRequested="80" />
<af-end id="3638" timestamp="2019-07-02T23:30:42.345" threadId="0000000001AB5088" success="true" />
<exclusive-end id="3639" timestamp="2019-07-02T23:30:42.345" durationms="10.913" />

<exclusive-start id="3640" timestamp="2019-07-02T23:30:42.397" intervalms="62.045">
  <response-info timems="0.089" idlems="0.089" threads="0" lastid="0000000001AB4700" lastname="main" />
</exclusive-start>
<af-start id="3641" threadId="0000000001AB5088" totalBytesRequested="16" timestamp="2019-07-02T23:30:42.397" intervalms="62.073" />
<cycle-start id="3642" type="global" contextid="0" timestamp="2019-07-02T23:30:42.397" intervalms="62.050" />
  <attribute name="GC Util" value="190" />
  <attribute name="CPU Util" value="1980099907410" />
  <attribute name="Time Running"value="19890"/>
  <attribute name="Number of cores"value="4"/>
<gc-start id="3643" type="global" contextid="3642" timestamp="2019-07-02T23:30:42.397">
  <mem-info id="3644" free="458752" total="45875200" percent="1">
    <mem type="tenure" free="458752" total="45875200" percent="1">
      <mem type="soa" free="0" total="45416448" percent="0" />
      <mem type="loa" free="458752" total="458752" percent="100" />
    </mem>
  </mem-info>
</gc-start>
<allocation-stats totalBytes="27397288" >
  <allocated-bytes non-tlh="0" tlh="27397288" />
  <largest-consumer threadName="main" threadId="0000000001AB4700" bytes="27397288" />
</allocation-stats>
<gc-op id="3645" type="mark" timems="8.950" contextid="3642" timestamp="2019-07-02T23:30:42.406">
  <trace-info objectcount="596209" scancount="517198" scanbytes="13269980" />
  <finalization candidates="80" enqueued="0" />
  <ownableSynchronizers candidates="21" cleared="0" />
  <references type="soft" candidates="1849" cleared="0" enqueued="0" dynamicThreshold="19" maxThreshold="32" />
  <references type="weak" candidates="5748" cleared="0" enqueued="0" />
  <references type="phantom" candidates="101" cleared="0" enqueued="0" />
  <stringconstants candidates="13253" cleared="0"  />
</gc-op>
<gc-op id="3646" type="sweep" timems="0.611" contextid="3642" timestamp="2019-07-02T23:30:42.407" />
<gc-end id="3647" type="global" contextid="3642" durationms="9.992" usertimems="24.000" systemtimems="0.000" timestamp="2019-07-02T23:30:42.407" activeThreads="4">
  <mem-info id="3648" free="27863792" total="45875200" percent="60">
    <mem type="tenure" free="27863792" total="45875200" percent="60" micro-fragmented="79430" macro-fragmented="0">
      <mem type="soa" free="27405040" total="45416448" percent="60" />
      <mem type="loa" free="458752" total="458752" percent="100" />
    </mem>
  </mem-info>
</gc-end>
<cycle-end id="3649" type="global" contextid="3642" timestamp="2019-07-02T23:30:42.407">
  <attribute name="GC Util" value="190" />
  <attribute name="CPU Util" value="2027142059326" />
  <attribute name="Time Running"value="19952"/>
  <attribute name="Number of cores"value="4"/>
</cycle-end>
<allocation-satisfied id="3650" threadId="0000000001AB4700" bytesRequested="16" />
<af-end id="3651" timestamp="2019-07-02T23:30:42.407" threadId="0000000001AB5088" success="true" />
<exclusive-end id="3652" timestamp="2019-07-02T23:30:42.407" durationms="10.748" />

<exclusive-start id="3653" timestamp="2019-07-02T23:30:42.458" intervalms="61.541">
  <response-info timems="0.087" idlems="0.087" threads="0" lastid="0000000001AB4700" lastname="main" />
</exclusive-start>
<af-start id="3654" threadId="0000000001AB5088" totalBytesRequested="80" timestamp="2019-07-02T23:30:42.458" intervalms="61.560" />
<cycle-start id="3655" type="global" contextid="0" timestamp="2019-07-02T23:30:42.458" intervalms="61.577" />
  <attribute name="GC Util" value="190" />
  <attribute name="CPU Util" value="2027142059326" />
  <attribute name="Time Running"value="19952"/>
  <attribute name="Number of cores"value="4"/>
<gc-start id="3656" type="global" contextid="3655" timestamp="2019-07-02T23:30:42.459">
  <mem-info id="3657" free="458752" total="45875200" percent="1">
    <mem type="tenure" free="458752" total="45875200" percent="1">
      <mem type="soa" free="0" total="45416448" percent="0" />
      <mem type="loa" free="458752" total="458752" percent="100" />
    </mem>
  </mem-info>
</gc-start>
<allocation-stats totalBytes="27397216" >
  <allocated-bytes non-tlh="0" tlh="27397216" />
  <largest-consumer threadName="main" threadId="0000000001AB4700" bytes="27397216" />
</allocation-stats>
<gc-op id="3658" type="mark" timems="9.191" contextid="3655" timestamp="2019-07-02T23:30:42.468">
  <trace-info objectcount="596204" scancount="517204" scanbytes="13269892" />
  <finalization candidates="80" enqueued="0" />
  <ownableSynchronizers candidates="21" cleared="0" />
  <references type="soft" candidates="1849" cleared="0" enqueued="0" dynamicThreshold="19" maxThreshold="32" />
  <references type="weak" candidates="5748" cleared="0" enqueued="0" />
  <references type="phantom" candidates="101" cleared="0" enqueued="0" />
  <stringconstants candidates="13253" cleared="0"  />
</gc-op>
<gc-op id="3659" type="sweep" timems="0.534" contextid="3655" timestamp="2019-07-02T23:30:42.469" />
<gc-end id="3660" type="global" contextid="3655" durationms="10.174" usertimems="28.000" systemtimems="0.000" timestamp="2019-07-02T23:30:42.469" activeThreads="4">
  <mem-info id="3661" free="27864016" total="45875200" percent="60">
    <mem type="tenure" free="27864016" total="45875200" percent="60" micro-fragmented="79374" macro-fragmented="0">
      <mem type="soa" free="27405264" total="45416448" percent="60" />
      <mem type="loa" free="458752" total="458752" percent="100" />
    </mem>
  </mem-info>
</gc-end>
<cycle-end id="3662" type="global" contextid="3655" timestamp="2019-07-02T23:30:42.469">
  <attribute name="GC Util" value="189" />
  <attribute name="CPU Util" value="1977198649720" />
  <attribute name="Time Running"value="20014"/>
  <attribute name="Number of cores"value="4"/>
</cycle-end>
<allocation-satisfied id="3663" threadId="0000000001AB4700" bytesRequested="80" />
<af-end id="3664" timestamp="2019-07-02T23:30:42.469" threadId="0000000001AB5088" success="true" />
<exclusive-end id="3665" timestamp="2019-07-02T23:30:42.469" durationms="10.912" />

<exclusive-start id="3666" timestamp="2019-07-02T23:30:42.522" intervalms="64.135">
  <response-info timems="0.078" idlems="0.078" threads="0" lastid="0000000001AB4700" lastname="main" />
</exclusive-start>
<af-start id="3667" threadId="0000000001AB5088" totalBytesRequested="80" timestamp="2019-07-02T23:30:42.522" intervalms="64.112" />
<cycle-start id="3668" type="global" contextid="0" timestamp="2019-07-02T23:30:42.522" intervalms="64.118" />
  <attribute name="GC Util" value="189" />
  <attribute name="CPU Util" value="1977198649720" />
  <attribute name="Time Running"value="20014"/>
  <attribute name="Number of cores"value="4"/>
<gc-start id="3669" type="global" contextid="3668" timestamp="2019-07-02T23:30:42.523">
  <mem-info id="3670" free="458752" total="45875200" percent="1">
    <mem type="tenure" free="458752" total="45875200" percent="1">
      <mem type="soa" free="0" total="45416448" percent="0" />
      <mem type="loa" free="458752" total="458752" percent="100" />
    </mem>
  </mem-info>
</gc-start>
<allocation-stats totalBytes="27398912" >
  <allocated-bytes non-tlh="0" tlh="27398912" />
  <largest-consumer threadName="main" threadId="0000000001AB4700" bytes="27398912" />
</allocation-stats>
<gc-op id="3671" type="mark" timems="8.995" contextid="3668" timestamp="2019-07-02T23:30:42.532">
  <trace-info objectcount="596204" scancount="517214" scanbytes="13269896" />
  <finalization candidates="80" enqueued="0" />
  <ownableSynchronizers candidates="21" cleared="0" />
  <references type="soft" candidates="1849" cleared="0" enqueued="0" dynamicThreshold="19" maxThreshold="32" />
  <references type="weak" candidates="5748" cleared="0" enqueued="0" />
  <references type="phantom" candidates="101" cleared="0" enqueued="0" />
  <stringconstants candidates="13253" cleared="0"  />
</gc-op>
<gc-op id="3672" type="sweep" timems="0.627" contextid="3668" timestamp="2019-07-02T23:30:42.533" />
<gc-end id="3673" type="global" contextid="3668" durationms="10.053" usertimems="28.000" systemtimems="0.000" timestamp="2019-07-02T23:30:42.533" activeThreads="4">
  <mem-info id="3674" free="27863752" total="45875200" percent="60">
    <mem type="tenure" free="27863752" total="45875200" percent="60" micro-fragmented="79374" macro-fragmented="0">
      <mem type="soa" free="27405000" total="45416448" percent="60" />
      <mem type="loa" free="458752" total="458752" percent="100" />
    </mem>
  </mem-info>
</gc-end>
<cycle-end id="3675" type="global" contextid="3668" timestamp="2019-07-02T23:30:42.533">
  <attribute name="GC Util" value="189" />
  <attribute name="CPU Util" value="2021440409022" />
  <attribute name="Time Running"value="20078"/>
  <attribute name="Number of cores"value="4"/>
</cycle-end>
<allocation-satisfied id="3676" threadId="0000000001AB4700" bytesRequested="80" />
<af-end id="3677" timestamp="2019-07-02T23:30:42.533" threadId="0000000001AB5088" success="true" />
<exclusive-end id="3678" timestamp="2019-07-02T23:30:42.533" durationms="10.853" />

<exclusive-start id="3679" timestamp="2019-07-02T23:30:42.554" intervalms="32.143">
  <response-info timems="0.075" idlems="0.075" threads="0" lastid="0000000001AB4700" lastname="main" />
</exclusive-start>
<af-start id="3680" threadId="0000000001AB5088" totalBytesRequested="40" timestamp="2019-07-02T23:30:42.555" intervalms="32.126" />
<cycle-start id="3681" type="global" contextid="0" timestamp="2019-07-02T23:30:42.555" intervalms="32.128" />
  <attribute name="GC Util" value="189" />
  <attribute name="CPU Util" value="2021440409022" />
  <attribute name="Time Running"value="20078"/>
  <attribute name="Number of cores"value="4"/>
<gc-start id="3682" type="global" contextid="3681" timestamp="2019-07-02T23:30:42.555">
  <mem-info id="3683" free="458752" total="45875200" percent="1">
    <mem type="tenure" free="458752" total="45875200" percent="1">
      <mem type="soa" free="0" total="45416448" percent="0" />
      <mem type="loa" free="458752" total="458752" percent="100" />
    </mem>
  </mem-info>
</gc-start>
<allocation-stats totalBytes="27367608" >
  <allocated-bytes non-tlh="0" tlh="27367608" />
  <largest-consumer threadName="main" threadId="0000000001AB4700" bytes="27367608" />
</allocation-stats>
<gc-op id="3684" type="mark" timems="9.052" contextid="3681" timestamp="2019-07-02T23:30:42.564">
  <trace-info objectcount="596205" scancount="517188" scanbytes="13269716" />
  <finalization candidates="80" enqueued="0" />
  <ownableSynchronizers candidates="21" cleared="0" />
  <references type="soft" candidates="1849" cleared="0" enqueued="0" dynamicThreshold="19" maxThreshold="32" />
  <references type="weak" candidates="5748" cleared="0" enqueued="0" />
  <references type="phantom" candidates="101" cleared="0" enqueued="0" />
  <stringconstants candidates="13253" cleared="0"  />
</gc-op>
<gc-op id="3685" type="sweep" timems="0.555" contextid="3681" timestamp="2019-07-02T23:30:42.565" />
<gc-end id="3686" type="global" contextid="3681" durationms="10.032" usertimems="28.000" systemtimems="0.000" timestamp="2019-07-02T23:30:42.565" activeThreads="4">
  <mem-info id="3687" free="27862408" total="45875200" percent="60">
    <mem type="tenure" free="27862408" total="45875200" percent="60" micro-fragmented="79070" macro-fragmented="0">
      <mem type="soa" free="27403656" total="45416448" percent="60" />
      <mem type="loa" free="458752" total="458752" percent="100" />
    </mem>
  </mem-info>
</gc-end>
<cycle-end id="3688" type="global" contextid="3681" timestamp="2019-07-02T23:30:42.565">
  <attribute name="GC Util" value="190" />
  <attribute name="CPU Util" value="2008807578470" />
  <attribute name="Time Running"value="20110"/>
  <attribute name="Number of cores"value="4"/>
</cycle-end>
<allocation-satisfied id="3689" threadId="0000000001AB4700" bytesRequested="40" />
<af-end id="3690" timestamp="2019-07-02T23:30:42.565" threadId="0000000001AB5088" success="true" />
<exclusive-end id="3691" timestamp="2019-07-02T23:30:42.565" durationms="10.687" />

<exclusive-start id="3692" timestamp="2019-07-02T23:30:42.571" intervalms="16.345">
  <response-info timems="0.062" idlems="0.062" threads="0" lastid="0000000001AB4700" lastname="main" />
</exclusive-start>
<af-start id="3693" threadId="0000000001AB5088" totalBytesRequested="32" timestamp="2019-07-02T23:30:42.571" intervalms="16.340" />
<cycle-start id="3694" type="global" contextid="0" timestamp="2019-07-02T23:30:42.571" intervalms="16.324" />
  <attribute name="GC Util" value="190" />
  <attribute name="CPU Util" value="2008807578470" />
  <attribute name="Time Running"value="20110"/>
  <attribute name="Number of cores"value="4"/>
<gc-start id="3695" type="global" contextid="3694" timestamp="2019-07-02T23:30:42.571">
  <mem-info id="3696" free="458752" total="45875200" percent="1">
    <mem type="tenure" free="458752" total="45875200" percent="1">
      <mem type="soa" free="0" total="45416448" percent="0" />
      <mem type="loa" free="458752" total="458752" percent="100" />
    </mem>
  </mem-info>
</gc-start>
<allocation-stats totalBytes="27349744" >
  <allocated-bytes non-tlh="0" tlh="27349744" />
  <largest-consumer threadName="main" threadId="0000000001AB4700" bytes="27349744" />
</allocation-stats>
<gc-op id="3697" type="mark" timems="9.196" contextid="3694" timestamp="2019-07-02T23:30:42.580">
  <trace-info objectcount="596202" scancount="517213" scanbytes="13269668" />
  <finalization candidates="80" enqueued="0" />
  <ownableSynchronizers candidates="21" cleared="0" />
  <references type="soft" candidates="1849" cleared="0" enqueued="0" dynamicThreshold="19" maxThreshold="32" />
  <references type="weak" candidates="5748" cleared="0" enqueued="0" />
  <references type="phantom" candidates="101" cleared="0" enqueued="0" />
  <stringconstants candidates="13253" cleared="0"  />
</gc-op>
<gc-op id="3698" type="sweep" timems="0.616" contextid="3694" timestamp="2019-07-02T23:30:42.581" />
<gc-end id="3699" type="global" contextid="3694" durationms="10.232" usertimems="28.000" systemtimems="0.000" timestamp="2019-07-02T23:30:42.581" activeThreads="4">
  <mem-info id="3700" free="27863544" total="45875200" percent="60">
    <mem type="tenure" free="27863544" total="45875200" percent="60" micro-fragmented="79070" macro-fragmented="0">
      <mem type="soa" free="27404792" total="45416448" percent="60" />
      <mem type="loa" free="458752" total="458752" percent="100" />
    </mem>
  </mem-info>
</gc-end>
<cycle-end id="3701" type="global" contextid="3694" timestamp="2019-07-02T23:30:42.581">
  <attribute name="GC Util" value="188" />
  <attribute name="CPU Util" value="1977278547556" />
  <attribute name="Time Running"value="20127"/>
  <attribute name="Number of cores"value="4"/>
</cycle-end>
<allocation-satisfied id="3702" threadId="0000000001AB4700" bytesRequested="32" />
<af-end id="3703" timestamp="2019-07-02T23:30:42.582" threadId="0000000001AB5088" success="true" />
<exclusive-end id="3704" timestamp="2019-07-02T23:30:42.582" durationms="10.872" />

<exclusive-start id="3705" timestamp="2019-07-02T23:30:42.587" intervalms="16.553">
  <response-info timems="0.066" idlems="0.066" threads="0" lastid="0000000001AB4700" lastname="main" />
</exclusive-start>
<af-start id="3706" threadId="0000000001AB5088" totalBytesRequested="544" timestamp="2019-07-02T23:30:42.587" intervalms="16.597" />
<cycle-start id="3707" type="global" contextid="0" timestamp="2019-07-02T23:30:42.588" intervalms="16.605" />
  <attribute name="GC Util" value="188" />
  <attribute name="CPU Util" value="1977278547556" />
  <attribute name="Time Running"value="20127"/>
  <attribute name="Number of cores"value="4"/>
<gc-start id="3708" type="global" contextid="3707" timestamp="2019-07-02T23:30:42.588">
  <mem-info id="3709" free="458752" total="45875200" percent="1">
    <mem type="tenure" free="458752" total="45875200" percent="1">
      <mem type="soa" free="0" total="45416448" percent="0" />
      <mem type="loa" free="458752" total="458752" percent="100" />
    </mem>
  </mem-info>
</gc-start>
<allocation-stats totalBytes="27351184" >
  <allocated-bytes non-tlh="0" tlh="27351184" />
  <largest-consumer threadName="main" threadId="0000000001AB4700" bytes="27351184" />
</allocation-stats>
<gc-op id="3710" type="mark" timems="9.553" contextid="3707" timestamp="2019-07-02T23:30:42.597">
  <trace-info objectcount="596204" scancount="517196" scanbytes="13269716" />
  <finalization candidates="80" enqueued="0" />
  <ownableSynchronizers candidates="21" cleared="0" />
  <references type="soft" candidates="1849" cleared="0" enqueued="0" dynamicThreshold="19" maxThreshold="32" />
  <references type="weak" candidates="5748" cleared="0" enqueued="0" />
  <references type="phantom" candidates="101" cleared="0" enqueued="0" />
  <stringconstants candidates="13253" cleared="0"  />
</gc-op>
<gc-op id="3711" type="sweep" timems="0.755" contextid="3707" timestamp="2019-07-02T23:30:42.598" />
<gc-end id="3712" type="global" contextid="3707" durationms="10.712" usertimems="24.000" systemtimems="4.000" timestamp="2019-07-02T23:30:42.598" activeThreads="4">
  <mem-info id="3713" free="27863112" total="45875200" percent="60">
    <mem type="tenure" free="27863112" total="45875200" percent="60" micro-fragmented="79070" macro-fragmented="0">
      <mem type="soa" free="27404360" total="45416448" percent="60" />
      <mem type="loa" free="458752" total="458752" percent="100" />
    </mem>
  </mem-info>
</gc-end>
<cycle-end id="3714" type="global" contextid="3707" timestamp="2019-07-02T23:30:42.599">
  <attribute name="GC Util" value="187" />
  <attribute name="CPU Util" value="1903845082385" />
  <attribute name="Time Running"value="20143"/>
  <attribute name="Number of cores"value="4"/>
</cycle-end>
<allocation-satisfied id="3715" threadId="0000000001AB4700" bytesRequested="544" />
<af-end id="3716" timestamp="2019-07-02T23:30:42.599" threadId="0000000001AB5088" success="true" />
<exclusive-end id="3717" timestamp="2019-07-02T23:30:42.599" durationms="11.388" />

<exclusive-start id="3718" timestamp="2019-07-02T23:30:42.604" intervalms="16.998">
  <response-info timems="0.066" idlems="0.066" threads="0" lastid="0000000001AB4700" lastname="main" />
</exclusive-start>
<af-start id="3719" threadId="0000000001AB5088" totalBytesRequested="32" timestamp="2019-07-02T23:30:42.604" intervalms="16.997" />
<cycle-start id="3720" type="global" contextid="0" timestamp="2019-07-02T23:30:42.605" intervalms="16.987" />
  <attribute name="GC Util" value="187" />
  <attribute name="CPU Util" value="1903845082385" />
  <attribute name="Time Running"value="20143"/>
  <attribute name="Number of cores"value="4"/>
<gc-start id="3721" type="global" contextid="3720" timestamp="2019-07-02T23:30:42.605">
  <mem-info id="3722" free="458752" total="45875200" percent="1">
    <mem type="tenure" free="458752" total="45875200" percent="1">
      <mem type="soa" free="0" total="45416448" percent="0" />
      <mem type="loa" free="458752" total="458752" percent="100" />
    </mem>
  </mem-info>
</gc-start>
<allocation-stats totalBytes="27350328" >
  <allocated-bytes non-tlh="0" tlh="27350328" />
  <largest-consumer threadName="main" threadId="0000000001AB4700" bytes="27350328" />
</allocation-stats>
<gc-op id="3723" type="mark" timems="8.983" contextid="3720" timestamp="2019-07-02T23:30:42.614">
  <trace-info objectcount="596202" scancount="517193" scanbytes="13269668" />
  <finalization candidates="80" enqueued="0" />
  <ownableSynchronizers candidates="21" cleared="0" />
  <references type="soft" candidates="1849" cleared="0" enqueued="0" dynamicThreshold="19" maxThreshold="32" />
  <references type="weak" candidates="5748" cleared="0" enqueued="0" />
  <references type="phantom" candidates="101" cleared="0" enqueued="0" />
  <stringconstants candidates="13253" cleared="0"  />
</gc-op>
<gc-op id="3724" type="sweep" timems="0.612" contextid="3720" timestamp="2019-07-02T23:30:42.615" />
<gc-end id="3725" type="global" contextid="3720" durationms="10.014" usertimems="28.000" systemtimems="0.000" timestamp="2019-07-02T23:30:42.615" activeThreads="4">
  <mem-info id="3726" free="27863544" total="45875200" percent="60">
    <mem type="tenure" free="27863544" total="45875200" percent="60" micro-fragmented="79070" macro-fragmented="0">
      <mem type="soa" free="27404792" total="45416448" percent="60" />
      <mem type="loa" free="458752" total="458752" percent="100" />
    </mem>
  </mem-info>
</gc-end>
<cycle-end id="3727" type="global" contextid="3720" timestamp="2019-07-02T23:30:42.615">
  <attribute name="GC Util" value="190" />
  <attribute name="CPU Util" value="2024477720044" />
  <attribute name="Time Running"value="20160"/>
  <attribute name="Number of cores"value="4"/>
</cycle-end>
<allocation-satisfied id="3728" threadId="0000000001AB4700" bytesRequested="32" />
<af-end id="3729" timestamp="2019-07-02T23:30:42.615" threadId="0000000001AB5088" success="true" />
<exclusive-end id="3730" timestamp="2019-07-02T23:30:42.615" durationms="10.700" />

<exclusive-start id="3731" timestamp="2019-07-02T23:30:42.621" intervalms="16.319">
  <response-info timems="0.067" idlems="0.067" threads="0" lastid="0000000001AB4700" lastname="main" />
</exclusive-start>
<af-start id="3732" threadId="0000000001AB5088" totalBytesRequested="544" timestamp="2019-07-02T23:30:42.621" intervalms="16.332" />
<cycle-start id="3733" type="global" contextid="0" timestamp="2019-07-02T23:30:42.621" intervalms="16.355" />
  <attribute name="GC Util" value="190" />
  <attribute name="CPU Util" value="2024477720044" />
  <attribute name="Time Running"value="20160"/>
  <attribute name="Number of cores"value="4"/>
<gc-start id="3734" type="global" contextid="3733" timestamp="2019-07-02T23:30:42.621">
  <mem-info id="3735" free="458752" total="45875200" percent="1">
    <mem type="tenure" free="458752" total="45875200" percent="1">
      <mem type="soa" free="0" total="45416448" percent="0" />
      <mem type="loa" free="458752" total="458752" percent="100" />
    </mem>
  </mem-info>
</gc-start>
<allocation-stats totalBytes="27350472" >
  <allocated-bytes non-tlh="0" tlh="27350472" />
  <largest-consumer threadName="main" threadId="0000000001AB4700" bytes="27350472" />
</allocation-stats>
<gc-op id="3736" type="mark" timems="8.982" contextid="3733" timestamp="2019-07-02T23:30:42.630">
  <trace-info objectcount="596204" scancount="517201" scanbytes="13269716" />
  <finalization candidates="80" enqueued="0" />
  <ownableSynchronizers candidates="21" cleared="0" />
  <references type="soft" candidates="1849" cleared="0" enqueued="0" dynamicThreshold="19" maxThreshold="32" />
  <references type="weak" candidates="5748" cleared="0" enqueued="0" />
  <references type="phantom" candidates="101" cleared="0" enqueued="0" />
  <stringconstants candidates="13253" cleared="0"  />
</gc-op>
<gc-op id="3737" type="sweep" timems="0.605" contextid="3733" timestamp="2019-07-02T23:30:42.631" />
<gc-end id="3738" type="global" contextid="3733" durationms="9.986" usertimems="24.000" systemtimems="4.000" timestamp="2019-07-02T23:30:42.631" activeThreads="4">
  <mem-info id="3739" free="27863112" total="45875200" percent="60">
    <mem type="tenure" free="27863112" total="45875200" percent="60" micro-fragmented="79070" macro-fragmented="0">
      <mem type="soa" free="27404360" total="45416448" percent="60" />
      <mem type="loa" free="458752" total="458752" percent="100" />
    </mem>
  </mem-info>
</gc-end>
<cycle-end id="3740" type="global" contextid="3733" timestamp="2019-07-02T23:30:42.631">
  <attribute name="GC Util" value="191" />
  <attribute name="CPU Util" value="2031333133698" />
  <attribute name="Time Running"value="20176"/>
  <attribute name="Number of cores"value="4"/>
</cycle-end>
<allocation-satisfied id="3741" threadId="0000000001AB4700" bytesRequested="544" />
<af-end id="3742" timestamp="2019-07-02T23:30:42.631" threadId="0000000001AB5088" success="true" />
<exclusive-end id="3743" timestamp="2019-07-02T23:30:42.631" durationms="10.739" />

<exclusive-start id="3744" timestamp="2019-07-02T23:30:42.637" intervalms="15.992">
  <response-info timems="0.099" idlems="0.099" threads="0" lastid="0000000001AB4700" lastname="main" />
</exclusive-start>
<af-start id="3745" threadId="0000000001AB5088" totalBytesRequested="32" timestamp="2019-07-02T23:30:42.637" intervalms="15.973" />
<cycle-start id="3746" type="global" contextid="0" timestamp="2019-07-02T23:30:42.637" intervalms="15.977" />
  <attribute name="GC Util" value="191" />
  <attribute name="CPU Util" value="2031333133698" />
  <attribute name="Time Running"value="20176"/>
  <attribute name="Number of cores"value="4"/>
<gc-start id="3747" type="global" contextid="3746" timestamp="2019-07-02T23:30:42.637">
  <mem-info id="3748" free="458752" total="45875200" percent="1">
    <mem type="tenure" free="458752" total="45875200" percent="1">
      <mem type="soa" free="0" total="45416448" percent="0" />
      <mem type="loa" free="458752" total="458752" percent="100" />
    </mem>
  </mem-info>
</gc-start>
<allocation-stats totalBytes="27350328" >
  <allocated-bytes non-tlh="0" tlh="27350328" />
  <largest-consumer threadName="main" threadId="0000000001AB4700" bytes="27350328" />
</allocation-stats>
<gc-op id="3749" type="mark" timems="9.207" contextid="3746" timestamp="2019-07-02T23:30:42.646">
  <trace-info objectcount="596202" scancount="517188" scanbytes="13269668" />
  <finalization candidates="80" enqueued="0" />
  <ownableSynchronizers candidates="21" cleared="0" />
  <references type="soft" candidates="1849" cleared="0" enqueued="0" dynamicThreshold="19" maxThreshold="32" />
  <references type="weak" candidates="5748" cleared="0" enqueued="0" />
  <references type="phantom" candidates="101" cleared="0" enqueued="0" />
  <stringconstants candidates="13253" cleared="0"  />
</gc-op>
<gc-op id="3750" type="sweep" timems="0.606" contextid="3746" timestamp="2019-07-02T23:30:42.647" />
<gc-end id="3751" type="global" contextid="3746" durationms="10.193" usertimems="28.000" systemtimems="0.000" timestamp="2019-07-02T23:30:42.647" activeThreads="4">
  <mem-info id="3752" free="27863544" total="45875200" percent="60">
    <mem type="tenure" free="27863544" total="45875200" percent="60" micro-fragmented="79070" macro-fragmented="0">
      <mem type="soa" free="27404792" total="45416448" percent="60" />
      <mem type="loa" free="458752" total="458752" percent="100" />
    </mem>
  </mem-info>
</gc-end>
<cycle-end id="3753" type="global" contextid="3746" timestamp="2019-07-02T23:30:42.647">
  <attribute name="GC Util" value="188" />
  <attribute name="CPU Util" value="1974544049134" />
  <attribute name="Time Running"value="20192"/>
  <attribute name="Number of cores"value="4"/>
</cycle-end>
<allocation-satisfied id="3754" threadId="0000000001AB4700" bytesRequested="32" />
<af-end id="3755" timestamp="2019-07-02T23:30:42.647" threadId="0000000001AB5088" success="true" />
<exclusive-end id="3756" timestamp="2019-07-02T23:30:42.648" durationms="10.888" />

<exclusive-start id="3757" timestamp="2019-07-02T23:30:42.653" intervalms="16.501">
  <response-info timems="0.071" idlems="0.071" threads="0" lastid="0000000001AB4700" lastname="main" />
</exclusive-start>
<af-start id="3758" threadId="0000000001AB5088" totalBytesRequested="16" timestamp="2019-07-02T23:30:42.653" intervalms="16.474" />
<cycle-start id="3759" type="global" contextid="0" timestamp="2019-07-02T23:30:42.653" intervalms="16.475" />
  <attribute name="GC Util" value="188" />
  <attribute name="CPU Util" value="1974544049134" />
  <attribute name="Time Running"value="20192"/>
  <attribute name="Number of cores"value="4"/>
<gc-start id="3760" type="global" contextid="3759" timestamp="2019-07-02T23:30:42.653">
  <mem-info id="3761" free="458752" total="45875200" percent="1">
    <mem type="tenure" free="458752" total="45875200" percent="1">
      <mem type="soa" free="0" total="45416448" percent="0" />
      <mem type="loa" free="458752" total="458752" percent="100" />
    </mem>
  </mem-info>
</gc-start>
<allocation-stats totalBytes="27351152" >
  <allocated-bytes non-tlh="0" tlh="27351152" />
  <largest-consumer threadName="main" threadId="0000000001AB4700" bytes="27351152" />
</allocation-stats>
<gc-op id="3762" type="mark" timems="9.044" contextid="3759" timestamp="2019-07-02T23:30:42.663">
  <trace-info objectcount="596571" scancount="517561" scanbytes="13281692" />
  <finalization candidates="80" enqueued="0" />
  <ownableSynchronizers candidates="21" cleared="0" />
  <references type="soft" candidates="1855" cleared="0" enqueued="0" dynamicThreshold="19" maxThreshold="32" />
  <references type="weak" candidates="5748" cleared="0" enqueued="0" />
  <references type="phantom" candidates="101" cleared="0" enqueued="0" />
  <stringconstants candidates="13253" cleared="0"  />
</gc-op>
<gc-op id="3763" type="sweep" timems="0.630" contextid="3759" timestamp="2019-07-02T23:30:42.663" />
<gc-end id="3764" type="global" contextid="3759" durationms="10.048" usertimems="28.000" systemtimems="0.000" timestamp="2019-07-02T23:30:42.664" activeThreads="4">
  <mem-info id="3765" free="27845784" total="45875200" percent="60">
    <mem type="tenure" free="27845784" total="45875200" percent="60" micro-fragmented="89303" macro-fragmented="0">
      <mem type="soa" free="27387032" total="45416448" percent="60" />
      <mem type="loa" free="458752" total="458752" percent="100" />
    </mem>
  </mem-info>
</gc-end>
<cycle-end id="3766" type="global" contextid="3759" timestamp="2019-07-02T23:30:42.664">
  <attribute name="GC Util" value="191" />
  <attribute name="CPU Util" value="2018215214800" />
  <attribute name="Time Running"value="20209"/>
  <attribute name="Number of cores"value="4"/>
</cycle-end>
<allocation-satisfied id="3767" threadId="0000000001AB4700" bytesRequested="16" />
<af-end id="3768" timestamp="2019-07-02T23:30:42.664" threadId="0000000001AB5088" success="true" />
<exclusive-end id="3769" timestamp="2019-07-02T23:30:42.664" durationms="10.680" />

<exclusive-start id="3770" timestamp="2019-07-02T23:30:42.697" intervalms="44.321">
  <response-info timems="0.083" idlems="0.083" threads="0" lastid="0000000001AB4700" lastname="main" />
</exclusive-start>
<af-start id="3771" threadId="0000000001AB5088" totalBytesRequested="32" timestamp="2019-07-02T23:30:42.698" intervalms="44.324" />
<cycle-start id="3772" type="global" contextid="0" timestamp="2019-07-02T23:30:42.698" intervalms="44.276" />
  <attribute name="GC Util" value="191" />
  <attribute name="CPU Util" value="2018215214800" />
  <attribute name="Time Running"value="20209"/>
  <attribute name="Number of cores"value="4"/>
<gc-start id="3773" type="global" contextid="3772" timestamp="2019-07-02T23:30:42.698">
  <mem-info id="3774" free="458752" total="45875200" percent="1">
    <mem type="tenure" free="458752" total="45875200" percent="1">
      <mem type="soa" free="0" total="45416448" percent="0" />
      <mem type="loa" free="458752" total="458752" percent="100" />
    </mem>
  </mem-info>
</gc-start>
<allocation-stats totalBytes="27385744" >
  <allocated-bytes non-tlh="0" tlh="27385744" />
  <largest-consumer threadName="main" threadId="0000000001AB4700" bytes="27385744" />
</allocation-stats>
<gc-op id="3775" type="mark" timems="9.638" contextid="3772" timestamp="2019-07-02T23:30:42.707">
  <trace-info objectcount="596579" scancount="517599" scanbytes="13281920" />
  <finalization candidates="80" enqueued="0" />
  <ownableSynchronizers candidates="21" cleared="0" />
  <references type="soft" candidates="1855" cleared="0" enqueued="0" dynamicThreshold="19" maxThreshold="32" />
  <references type="weak" candidates="5748" cleared="0" enqueued="0" />
  <references type="phantom" candidates="101" cleared="0" enqueued="0" />
  <stringconstants candidates="13253" cleared="0"  />
</gc-op>
<gc-op id="3776" type="sweep" timems="0.585" contextid="3772" timestamp="2019-07-02T23:30:42.708" />
<gc-end id="3777" type="global" contextid="3772" durationms="10.542" usertimems="28.000" systemtimems="0.000" timestamp="2019-07-02T23:30:42.708" activeThreads="4">
  <mem-info id="3778" free="27845392" total="45875200" percent="60">
    <mem type="tenure" free="27845392" total="45875200" percent="60" micro-fragmented="89270" macro-fragmented="0">
      <mem type="soa" free="27386640" total="45416448" percent="60" />
      <mem type="loa" free="458752" total="458752" percent="100" />
    </mem>
  </mem-info>
</gc-end>
<cycle-end id="3779" type="global" contextid="3772" timestamp="2019-07-02T23:30:42.708">
  <attribute name="GC Util" value="187" />
  <attribute name="CPU Util" value="1891693902788" />
  <attribute name="Time Running"value="20253"/>
  <attribute name="Number of cores"value="4"/>
</cycle-end>
<allocation-satisfied id="3780" threadId="0000000001AB4700" bytesRequested="32" />
<af-end id="3781" timestamp="2019-07-02T23:30:42.708" threadId="0000000001AB5088" success="true" />
<exclusive-end id="3782" timestamp="2019-07-02T23:30:42.709" durationms="11.073" />

<exclusive-start id="3783" timestamp="2019-07-02T23:30:42.754" intervalms="56.125">
  <response-info timems="0.080" idlems="0.080" threads="0" lastid="0000000001AB4700" lastname="main" />
</exclusive-start>
<af-start id="3784" threadId="0000000001AB5088" totalBytesRequested="32" timestamp="2019-07-02T23:30:42.754" intervalms="56.099" />
<cycle-start id="3785" type="global" contextid="0" timestamp="2019-07-02T23:30:42.754" intervalms="56.097" />
  <attribute name="GC Util" value="187" />
  <attribute name="CPU Util" value="1891693902788" />
  <attribute name="Time Running"value="20253"/>
  <attribute name="Number of cores"value="4"/>
<gc-start id="3786" type="global" contextid="3785" timestamp="2019-07-02T23:30:42.754">
  <mem-info id="3787" free="458752" total="45875200" percent="1">
    <mem type="tenure" free="458752" total="45875200" percent="1">
      <mem type="soa" free="0" total="45416448" percent="0" />
      <mem type="loa" free="458752" total="458752" percent="100" />
    </mem>
  </mem-info>
</gc-start>
<allocation-stats totalBytes="27382496" >
  <allocated-bytes non-tlh="0" tlh="27382496" />
  <largest-consumer threadName="main" threadId="0000000001AB4700" bytes="27382496" />
</allocation-stats>
<gc-op id="3788" type="mark" timems="9.165" contextid="3785" timestamp="2019-07-02T23:30:42.763">
  <trace-info objectcount="596561" scancount="517549" scanbytes="13281360" />
  <finalization candidates="80" enqueued="0" />
  <ownableSynchronizers candidates="21" cleared="0" />
  <references type="soft" candidates="1855" cleared="5" enqueued="5" dynamicThreshold="19" maxThreshold="32" />
  <references type="weak" candidates="5748" cleared="0" enqueued="0" />
  <references type="phantom" candidates="101" cleared="0" enqueued="0" />
  <stringconstants candidates="13253" cleared="0"  />
</gc-op>
<gc-op id="3789" type="sweep" timems="0.525" contextid="3785" timestamp="2019-07-02T23:30:42.764" />
<gc-end id="3790" type="global" contextid="3785" durationms="10.070" usertimems="28.000" systemtimems="0.000" timestamp="2019-07-02T23:30:42.764" activeThreads="4">
  <mem-info id="3791" free="27845520" total="45875200" percent="60">
    <mem type="tenure" free="27845520" total="45875200" percent="60" micro-fragmented="89270" macro-fragmented="0">
      <mem type="soa" free="27386768" total="45416448" percent="60" />
      <mem type="loa" free="458752" total="458752" percent="100" />
    </mem>
    <pending-finalizers system="0" default="0" reference="5" classloader="0" />
  </mem-info>
</gc-end>
<cycle-end id="3792" type="global" contextid="3785" timestamp="2019-07-02T23:30:42.764">
  <attribute name="GC Util" value="189" />
  <attribute name="CPU Util" value="1980359457472" />
  <attribute name="Time Running"value="20309"/>
  <attribute name="Number of cores"value="4"/>
</cycle-end>
<allocation-satisfied id="3793" threadId="0000000001AB4700" bytesRequested="32" />
<af-end id="3794" timestamp="2019-07-02T23:30:42.764" threadId="0000000001AB5088" success="true" />
<exclusive-end id="3795" timestamp="2019-07-02T23:30:42.764" durationms="10.682" />

<exclusive-start id="3796" timestamp="2019-07-02T23:30:42.977" intervalms="223.666">
  <response-info timems="0.154" idlems="0.154" threads="0" lastid="0000000001AB4700" lastname="main" />
</exclusive-start>
<af-start id="3797" threadId="0000000001AB5088" totalBytesRequested="1168" timestamp="2019-07-02T23:30:42.977" intervalms="223.775" />
<cycle-start id="3798" type="global" contextid="0" timestamp="2019-07-02T23:30:42.978" intervalms="223.821" />
  <attribute name="GC Util" value="189" />
  <attribute name="CPU Util" value="1980359457472" />
  <attribute name="Time Running"value="20309"/>
  <attribute name="Number of cores"value="4"/>
<gc-start id="3799" type="global" contextid="3798" timestamp="2019-07-02T23:30:42.978">
  <mem-info id="3800" free="458752" total="45875200" percent="1">
    <mem type="tenure" free="458752" total="45875200" percent="1">
      <mem type="soa" free="0" total="45416448" percent="0" />
      <mem type="loa" free="458752" total="458752" percent="100" />
    </mem>
  </mem-info>
</gc-start>
<allocation-stats totalBytes="27244600" >
  <allocated-bytes non-tlh="12848" tlh="27231752" />
  <largest-consumer threadName="main" threadId="0000000001AB4700" bytes="27244600" />
</allocation-stats>
<gc-op id="3801" type="mark" timems="9.987" contextid="3798" timestamp="2019-07-02T23:30:42.988">
  <trace-info objectcount="596557" scancount="517541" scanbytes="13281000" />
  <finalization candidates="80" enqueued="0" />
  <ownableSynchronizers candidates="21" cleared="0" />
  <references type="soft" candidates="1850" cleared="0" enqueued="0" dynamicThreshold="19" maxThreshold="32" />
  <references type="weak" candidates="5748" cleared="0" enqueued="0" />
  <references type="phantom" candidates="101" cleared="0" enqueued="0" />
  <stringconstants candidates="13253" cleared="0"  />
</gc-op>
<gc-op id="3802" type="sweep" timems="0.737" contextid="3798" timestamp="2019-07-02T23:30:42.989" />
<gc-end id="3803" type="global" contextid="3798" durationms="11.163" usertimems="32.000" systemtimems="4.000" timestamp="2019-07-02T23:30:42.989" activeThreads="4">
  <mem-info id="3804" free="27844168" total="45875200" percent="60">
    <mem type="tenure" free="27844168" total="45875200" percent="60" micro-fragmented="70427" macro-fragmented="0">
      <mem type="soa" free="27385416" total="45416448" percent="60" />
      <mem type="loa" free="458752" total="458752" percent="100" />
    </mem>
  </mem-info>
</gc-end>
<cycle-end id="3805" type="global" contextid="3798" timestamp="2019-07-02T23:30:42.989">
  <attribute name="GC Util" value="189" />
  <attribute name="CPU Util" value="1825136975542" />
  <attribute name="Time Running"value="20534"/>
  <attribute name="Number of cores"value="4"/>
</cycle-end>
<allocation-satisfied id="3806" threadId="0000000001AB4700" bytesRequested="1168" />
<af-end id="3807" timestamp="2019-07-02T23:30:42.989" threadId="0000000001AB5088" success="true" />
<exclusive-end id="3808" timestamp="2019-07-02T23:30:42.989" durationms="11.900" />

<exclusive-start id="3809" timestamp="2019-07-02T23:30:42.992" intervalms="14.688">
  <response-info timems="0.073" idlems="0.073" threads="0" lastid="0000000001AB4700" lastname="main" />
</exclusive-start>
<af-start id="3810" threadId="0000000001AB5088" totalBytesRequested="1168" timestamp="2019-07-02T23:30:42.992" intervalms="14.663" />
<cycle-start id="3811" type="global" contextid="0" timestamp="2019-07-02T23:30:42.992" intervalms="14.663" />
  <attribute name="GC Util" value="189" />
  <attribute name="CPU Util" value="1825136975542" />
  <attribute name="Time Running"value="20534"/>
  <attribute name="Number of cores"value="4"/>
<gc-start id="3812" type="global" contextid="3811" timestamp="2019-07-02T23:30:42.992">
  <mem-info id="3813" free="458752" total="45875200" percent="1">
    <mem type="tenure" free="458752" total="45875200" percent="1">
      <mem type="soa" free="0" total="45416448" percent="0" />
      <mem type="loa" free="458752" total="458752" percent="100" />
    </mem>
  </mem-info>
</gc-start>
<allocation-stats totalBytes="27197632" >
  <allocated-bytes non-tlh="42048" tlh="27155584" />
  <largest-consumer threadName="main" threadId="0000000001AB4700" bytes="27197632" />
</allocation-stats>
<gc-op id="3814" type="mark" timems="9.236" contextid="3811" timestamp="2019-07-02T23:30:43.002">
  <trace-info objectcount="596557" scancount="517538" scanbytes="13281000" />
  <finalization candidates="80" enqueued="0" />
  <ownableSynchronizers candidates="21" cleared="0" />
  <references type="soft" candidates="1850" cleared="0" enqueued="0" dynamicThreshold="19" maxThreshold="32" />
  <references type="weak" candidates="5748" cleared="0" enqueued="0" />
  <references type="phantom" candidates="101" cleared="0" enqueued="0" />
  <stringconstants candidates="13253" cleared="0"  />
</gc-op>
<gc-op id="3815" type="sweep" timems="0.625" contextid="3811" timestamp="2019-07-02T23:30:43.002" />
<gc-end id="3816" type="global" contextid="3811" durationms="10.301" usertimems="28.000" systemtimems="0.000" timestamp="2019-07-02T23:30:43.003" activeThreads="4">
  <mem-info id="3817" free="27844168" total="45875200" percent="60">
    <mem type="tenure" free="27844168" total="45875200" percent="60" micro-fragmented="70427" macro-fragmented="0">
      <mem type="soa" free="27385416" total="45416448" percent="60" />
      <mem type="loa" free="458752" total="458752" percent="100" />
    </mem>
  </mem-info>
</gc-end>
<cycle-end id="3818" type="global" contextid="3811" timestamp="2019-07-02T23:30:43.003">
  <attribute name="GC Util" value="188" />
  <attribute name="CPU Util" value="1972485267235" />
  <attribute name="Time Running"value="20548"/>
  <attribute name="Number of cores"value="4"/>
</cycle-end>
<allocation-satisfied id="3819" threadId="0000000001AB4700" bytesRequested="1168" />
<af-end id="3820" timestamp="2019-07-02T23:30:43.003" threadId="0000000001AB5088" success="true" />
<exclusive-end id="3821" timestamp="2019-07-02T23:30:43.003" durationms="11.014" />

<exclusive-start id="3822" timestamp="2019-07-02T23:30:43.006" intervalms="13.829">
  <response-info timems="0.075" idlems="0.075" threads="0" lastid="0000000001AB4700" lastname="main" />
</exclusive-start>
<af-start id="3823" threadId="0000000001AB5088" totalBytesRequested="1168" timestamp="2019-07-02T23:30:43.006" intervalms="13.786" />
<cycle-start id="3824" type="global" contextid="0" timestamp="2019-07-02T23:30:43.006" intervalms="13.783" />
  <attribute name="GC Util" value="188" />
  <attribute name="CPU Util" value="1972485267235" />
  <attribute name="Time Running"value="20548"/>
  <attribute name="Number of cores"value="4"/>
<gc-start id="3825" type="global" contextid="3824" timestamp="2019-07-02T23:30:43.006">
  <mem-info id="3826" free="458752" total="45875200" percent="1">
    <mem type="tenure" free="458752" total="45875200" percent="1">
      <mem type="soa" free="0" total="45416448" percent="0" />
      <mem type="loa" free="458752" total="458752" percent="100" />
    </mem>
  </mem-info>
</gc-start>
<allocation-stats totalBytes="27205544" >
  <allocated-bytes non-tlh="42048" tlh="27163496" />
  <largest-consumer threadName="main" threadId="0000000001AB4700" bytes="27205544" />
</allocation-stats>
<gc-op id="3827" type="mark" timems="9.659" contextid="3824" timestamp="2019-07-02T23:30:43.016">
  <trace-info objectcount="596547" scancount="517538" scanbytes="13280912" />
  <finalization candidates="80" enqueued="0" />
  <ownableSynchronizers candidates="21" cleared="0" />
  <references type="soft" candidates="1850" cleared="1" enqueued="0" dynamicThreshold="19" maxThreshold="32" />
  <references type="weak" candidates="5748" cleared="0" enqueued="0" />
  <references type="phantom" candidates="101" cleared="0" enqueued="0" />
  <stringconstants candidates="13253" cleared="0"  />
</gc-op>
<gc-op id="3828" type="sweep" timems="0.691" contextid="3824" timestamp="2019-07-02T23:30:43.017" />
<gc-end id="3829" type="global" contextid="3824" durationms="10.894" usertimems="32.000" systemtimems="0.000" timestamp="2019-07-02T23:30:43.017" activeThreads="4">
  <mem-info id="3830" free="27862344" total="45875200" percent="60">
    <mem type="tenure" free="27862344" total="45875200" percent="60" micro-fragmented="70427" macro-fragmented="0">
      <mem type="soa" free="27403592" total="45416448" percent="60" />
      <mem type="loa" free="458752" total="458752" percent="100" />
    </mem>
  </mem-info>
</gc-end>
<cycle-end id="3831" type="global" contextid="3824" timestamp="2019-07-02T23:30:43.017">
  <attribute name="GC Util" value="191" />
  <attribute name="CPU Util" value="1884456725273" />
  <attribute name="Time Running"value="20562"/>
  <attribute name="Number of cores"value="4"/>
</cycle-end>
<allocation-satisfied id="3832" threadId="0000000001AB4700" bytesRequested="1168" />
<af-end id="3833" timestamp="2019-07-02T23:30:43.017" threadId="0000000001AB5088" success="true" />
<exclusive-end id="3834" timestamp="2019-07-02T23:30:43.017" durationms="11.620" />

<exclusive-start id="3835" timestamp="2019-07-02T23:30:43.020" intervalms="14.481">
  <response-info timems="0.057" idlems="0.057" threads="0" lastid="0000000001AB4700" lastname="main" />
</exclusive-start>
<af-start id="3836" threadId="0000000001AB5088" totalBytesRequested="1168" timestamp="2019-07-02T23:30:43.020" intervalms="14.517" />
<cycle-start id="3837" type="global" contextid="0" timestamp="2019-07-02T23:30:43.020" intervalms="14.501" />
  <attribute name="GC Util" value="191" />
  <attribute name="CPU Util" value="1884456725273" />
  <attribute name="Time Running"value="20562"/>
  <attribute name="Number of cores"value="4"/>
<gc-start id="3838" type="global" contextid="3837" timestamp="2019-07-02T23:30:43.021">
  <mem-info id="3839" free="458752" total="45875200" percent="1">
    <mem type="tenure" free="458752" total="45875200" percent="1">
      <mem type="soa" free="0" total="45416448" percent="0" />
      <mem type="loa" free="458752" total="458752" percent="100" />
    </mem>
  </mem-info>
</gc-start>
<allocation-stats totalBytes="27224256" >
  <allocated-bytes non-tlh="42048" tlh="27182208" />
  <largest-consumer threadName="main" threadId="0000000001AB4700" bytes="27224256" />
</allocation-stats>
<gc-op id="3840" type="mark" timems="9.519" contextid="3837" timestamp="2019-07-02T23:30:43.030">
  <trace-info objectcount="596547" scancount="517565" scanbytes="13280912" />
  <finalization candidates="80" enqueued="0" />
  <ownableSynchronizers candidates="21" cleared="0" />
  <references type="soft" candidates="1849" cleared="0" enqueued="0" dynamicThreshold="19" maxThreshold="32" />
  <references type="weak" candidates="5748" cleared="0" enqueued="0" />
  <references type="phantom" candidates="101" cleared="0" enqueued="0" />
  <stringconstants candidates="13253" cleared="0"  />
</gc-op>
<gc-op id="3841" type="sweep" timems="0.715" contextid="3837" timestamp="2019-07-02T23:30:43.031" />
<gc-end id="3842" type="global" contextid="3837" durationms="10.655" usertimems="28.000" systemtimems="4.000" timestamp="2019-07-02T23:30:43.031" activeThreads="4">
  <mem-info id="3843" free="27862344" total="45875200" percent="60">
    <mem type="tenure" free="27862344" total="45875200" percent="60" micro-fragmented="70427" macro-fragmented="0">
      <mem type="soa" free="27403592" total="45416448" percent="60" />
      <mem type="loa" free="458752" total="458752" percent="100" />
    </mem>
  </mem-info>
</gc-end>
<cycle-end id="3844" type="global" contextid="3837" timestamp="2019-07-02T23:30:43.031">
  <attribute name="GC Util" value="190" />
  <attribute name="CPU Util" value="1910962768021" />
  <attribute name="Time Running"value="20576"/>
  <attribute name="Number of cores"value="4"/>
</cycle-end>
<allocation-satisfied id="3845" threadId="0000000001AB4700" bytesRequested="1168" />
<af-end id="3846" timestamp="2019-07-02T23:30:43.032" threadId="0000000001AB5088" success="true" />
<exclusive-end id="3847" timestamp="2019-07-02T23:30:43.032" durationms="11.388" />

<exclusive-start id="3848" timestamp="2019-07-02T23:30:43.035" intervalms="14.417">
  <response-info timems="0.157" idlems="0.157" threads="0" lastid="0000000001AB4700" lastname="main" />
</exclusive-start>
<af-start id="3849" threadId="0000000001AB5088" totalBytesRequested="1168" timestamp="2019-07-02T23:30:43.035" intervalms="14.401" />
<cycle-start id="3850" type="global" contextid="0" timestamp="2019-07-02T23:30:43.035" intervalms="14.402" />
  <attribute name="GC Util" value="190" />
  <attribute name="CPU Util" value="1910962768021" />
  <attribute name="Time Running"value="20576"/>
  <attribute name="Number of cores"value="4"/>
<gc-start id="3851" type="global" contextid="3850" timestamp="2019-07-02T23:30:43.035">
  <mem-info id="3852" free="458752" total="45875200" percent="1">
    <mem type="tenure" free="458752" total="45875200" percent="1">
      <mem type="soa" free="0" total="45416448" percent="0" />
      <mem type="loa" free="458752" total="458752" percent="100" />
    </mem>
  </mem-info>
</gc-start>
<allocation-stats totalBytes="27223024" >
  <allocated-bytes non-tlh="42048" tlh="27180976" />
  <largest-consumer threadName="main" threadId="0000000001AB4700" bytes="27223024" />
</allocation-stats>
<gc-op id="3853" type="mark" timems="9.653" contextid="3850" timestamp="2019-07-02T23:30:43.045">
  <trace-info objectcount="596547" scancount="517535" scanbytes="13280912" />
  <finalization candidates="80" enqueued="0" />
  <ownableSynchronizers candidates="21" cleared="0" />
  <references type="soft" candidates="1849" cleared="0" enqueued="0" dynamicThreshold="19" maxThreshold="32" />
  <references type="weak" candidates="5748" cleared="0" enqueued="0" />
  <references type="phantom" candidates="101" cleared="0" enqueued="0" />
  <stringconstants candidates="13253" cleared="0"  />
</gc-op>
<gc-op id="3854" type="sweep" timems="0.772" contextid="3850" timestamp="2019-07-02T23:30:43.046" />
<gc-end id="3855" type="global" contextid="3850" durationms="10.901" usertimems="28.000" systemtimems="4.000" timestamp="2019-07-02T23:30:43.046" activeThreads="4">
  <mem-info id="3856" free="27862344" total="45875200" percent="60">
    <mem type="tenure" free="27862344" total="45875200" percent="60" micro-fragmented="70427" macro-fragmented="0">
      <mem type="soa" free="27403592" total="45416448" percent="60" />
      <mem type="loa" free="458752" total="458752" percent="100" />
    </mem>
  </mem-info>
</gc-end>
<cycle-end id="3857" type="global" contextid="3850" timestamp="2019-07-02T23:30:43.046">
  <attribute name="GC Util" value="190" />
  <attribute name="CPU Util" value="1886287729348" />
  <attribute name="Time Running"value="20591"/>
  <attribute name="Number of cores"value="4"/>
</cycle-end>
<allocation-satisfied id="3858" threadId="0000000001AB4700" bytesRequested="1168" />
<af-end id="3859" timestamp="2019-07-02T23:30:43.046" threadId="0000000001AB5088" success="true" />
<exclusive-end id="3860" timestamp="2019-07-02T23:30:43.046" durationms="11.624" />

<exclusive-start id="3861" timestamp="2019-07-02T23:30:43.049" intervalms="14.489">
  <response-info timems="0.040" idlems="0.040" threads="0" lastid="0000000001AB4700" lastname="main" />
</exclusive-start>
<af-start id="3862" threadId="0000000001AB5088" totalBytesRequested="1168" timestamp="2019-07-02T23:30:43.049" intervalms="14.472" />
<cycle-start id="3863" type="global" contextid="0" timestamp="2019-07-02T23:30:43.049" intervalms="14.457" />
  <attribute name="GC Util" value="190" />
  <attribute name="CPU Util" value="1886287729348" />
  <attribute name="Time Running"value="20591"/>
  <attribute name="Number of cores"value="4"/>
<gc-start id="3864" type="global" contextid="3863" timestamp="2019-07-02T23:30:43.049">
  <mem-info id="3865" free="458752" total="45875200" percent="1">
    <mem type="tenure" free="458752" total="45875200" percent="1">
      <mem type="soa" free="0" total="45416448" percent="0" />
      <mem type="loa" free="458752" total="458752" percent="100" />
    </mem>
  </mem-info>
</gc-start>
<allocation-stats totalBytes="27225488" >
  <allocated-bytes non-tlh="42048" tlh="27183440" />
  <largest-consumer threadName="main" threadId="0000000001AB4700" bytes="27225488" />
</allocation-stats>
<gc-op id="3866" type="mark" timems="9.512" contextid="3863" timestamp="2019-07-02T23:30:43.059">
  <trace-info objectcount="596547" scancount="517565" scanbytes="13280912" />
  <finalization candidates="80" enqueued="0" />
  <ownableSynchronizers candidates="21" cleared="0" />
  <references type="soft" candidates="1849" cleared="0" enqueued="0" dynamicThreshold="19" maxThreshold="32" />
  <references type="weak" candidates="5748" cleared="0" enqueued="0" />
  <references type="phantom" candidates="101" cleared="0" enqueued="0" />
  <stringconstants candidates="13253" cleared="0"  />
</gc-op>
<gc-op id="3867" type="sweep" timems="0.607" contextid="3863" timestamp="2019-07-02T23:30:43.060" />
<gc-end id="3868" type="global" contextid="3863" durationms="10.544" usertimems="32.000" systemtimems="0.000" timestamp="2019-07-02T23:30:43.060" activeThreads="4">
  <mem-info id="3869" free="27862344" total="45875200" percent="60">
    <mem type="tenure" free="27862344" total="45875200" percent="60" micro-fragmented="70427" macro-fragmented="0">
      <mem type="soa" free="27403592" total="45416448" percent="60" />
      <mem type="loa" free="458752" total="458752" percent="100" />
    </mem>
  </mem-info>
</gc-end>
<cycle-end id="3870" type="global" contextid="3863" timestamp="2019-07-02T23:30:43.060">
  <attribute name="GC Util" value="190" />
  <attribute name="CPU Util" value="1920632468643" />
  <attribute name="Time Running"value="20605"/>
  <attribute name="Number of cores"value="4"/>
</cycle-end>
<allocation-satisfied id="3871" threadId="0000000001AB4700" bytesRequested="1168" />
<af-end id="3872" timestamp="2019-07-02T23:30:43.060" threadId="0000000001AB5088" success="true" />
<exclusive-end id="3873" timestamp="2019-07-02T23:30:43.060" durationms="11.079" />

<exclusive-start id="3874" timestamp="2019-07-02T23:30:43.063" intervalms="13.877">
  <response-info timems="0.081" idlems="0.081" threads="0" lastid="0000000001AB4700" lastname="main" />
</exclusive-start>
<af-start id="3875" threadId="0000000001AB5088" totalBytesRequested="1168" timestamp="2019-07-02T23:30:43.063" intervalms="13.868" />
<cycle-start id="3876" type="global" contextid="0" timestamp="2019-07-02T23:30:43.063" intervalms="13.858" />
  <attribute name="GC Util" value="190" />
  <attribute name="CPU Util" value="1920632468643" />
  <attribute name="Time Running"value="20605"/>
  <attribute name="Number of cores"value="4"/>
<gc-start id="3877" type="global" contextid="3876" timestamp="2019-07-02T23:30:43.063">
  <mem-info id="3878" free="458752" total="45875200" percent="1">
    <mem type="tenure" free="458752" total="45875200" percent="1">
      <mem type="soa" free="0" total="45416448" percent="0" />
      <mem type="loa" free="458752" total="458752" percent="100" />
    </mem>
  </mem-info>
</gc-start>
<allocation-stats totalBytes="27224256" >
  <allocated-bytes non-tlh="42048" tlh="27182208" />
  <largest-consumer threadName="main" threadId="0000000001AB4700" bytes="27224256" />
</allocation-stats>
<gc-op id="3879" type="mark" timems="9.227" contextid="3876" timestamp="2019-07-02T23:30:43.073">
  <trace-info objectcount="596547" scancount="517563" scanbytes="13280912" />
  <finalization candidates="80" enqueued="0" />
  <ownableSynchronizers candidates="21" cleared="0" />
  <references type="soft" candidates="1849" cleared="0" enqueued="0" dynamicThreshold="19" maxThreshold="32" />
  <references type="weak" candidates="5748" cleared="0" enqueued="0" />
  <references type="phantom" candidates="101" cleared="0" enqueued="0" />
  <stringconstants candidates="13253" cleared="0"  />
</gc-op>
<gc-op id="3880" type="sweep" timems="0.626" contextid="3876" timestamp="2019-07-02T23:30:43.073" />
<gc-end id="3881" type="global" contextid="3876" durationms="10.217" usertimems="40.000" systemtimems="0.000" timestamp="2019-07-02T23:30:43.074" activeThreads="4">
  <mem-info id="3882" free="27862016" total="45875200" percent="60">
    <mem type="tenure" free="27862016" total="45875200" percent="60" micro-fragmented="70427" macro-fragmented="0">
      <mem type="soa" free="27403264" total="45416448" percent="60" />
      <mem type="loa" free="458752" total="458752" percent="100" />
    </mem>
  </mem-info>
</gc-end>
<cycle-end id="3883" type="global" contextid="3876" timestamp="2019-07-02T23:30:43.074">
  <attribute name="GC Util" value="189" />
  <attribute name="CPU Util" value="1974549964160" />
  <attribute name="Time Running"value="20619"/>
  <attribute name="Number of cores"value="4"/>
</cycle-end>
<allocation-satisfied id="3884" threadId="0000000001AB4700" bytesRequested="1168" />
<af-end id="3885" timestamp="2019-07-02T23:30:43.074" threadId="0000000001AB5088" success="true" />
<exclusive-end id="3886" timestamp="2019-07-02T23:30:43.074" durationms="10.745" />

<exclusive-start id="3887" timestamp="2019-07-02T23:30:43.077" intervalms="13.558">
  <response-info timems="0.099" idlems="0.099" threads="0" lastid="0000000001AB4700" lastname="main" />
</exclusive-start>
<af-start id="3888" threadId="0000000001AB5088" totalBytesRequested="1168" timestamp="2019-07-02T23:30:43.077" intervalms="13.551" />
<cycle-start id="3889" type="global" contextid="0" timestamp="2019-07-02T23:30:43.077" intervalms="13.543" />
  <attribute name="GC Util" value="189" />
  <attribute name="CPU Util" value="1974549964160" />
  <attribute name="Time Running"value="20619"/>
  <attribute name="Number of cores"value="4"/>
<gc-start id="3890" type="global" contextid="3889" timestamp="2019-07-02T23:30:43.077">
  <mem-info id="3891" free="458752" total="45875200" percent="1">
    <mem type="tenure" free="458752" total="45875200" percent="1">
      <mem type="soa" free="0" total="45416448" percent="0" />
      <mem type="loa" free="458752" total="458752" percent="100" />
    </mem>
  </mem-info>
</gc-start>
<allocation-stats totalBytes="27223000" >
  <allocated-bytes non-tlh="42048" tlh="27180952" />
  <largest-consumer threadName="main" threadId="0000000001AB4700" bytes="27223000" />
</allocation-stats>
<gc-op id="3892" type="mark" timems="9.603" contextid="3889" timestamp="2019-07-02T23:30:43.087">
  <trace-info objectcount="596547" scancount="517570" scanbytes="13280912" />
  <finalization candidates="80" enqueued="0" />
  <ownableSynchronizers candidates="21" cleared="0" />
  <references type="soft" candidates="1849" cleared="0" enqueued="0" dynamicThreshold="19" maxThreshold="32" />
  <references type="weak" candidates="5748" cleared="0" enqueued="0" />
  <references type="phantom" candidates="101" cleared="0" enqueued="0" />
  <stringconstants candidates="13253" cleared="0"  />
</gc-op>
<gc-op id="3893" type="sweep" timems="0.546" contextid="3889" timestamp="2019-07-02T23:30:43.087" />
<gc-end id="3894" type="global" contextid="3889" durationms="10.493" usertimems="40.000" systemtimems="0.000" timestamp="2019-07-02T23:30:43.087" activeThreads="4">
  <mem-info id="3895" free="27862344" total="45875200" percent="60">
    <mem type="tenure" free="27862344" total="45875200" percent="60" micro-fragmented="70427" macro-fragmented="0">
      <mem type="soa" free="27403592" total="45416448" percent="60" />
      <mem type="loa" free="458752" total="458752" percent="100" />
    </mem>
  </mem-info>
</gc-end>
<cycle-end id="3896" type="global" contextid="3889" timestamp="2019-07-02T23:30:43.087">
  <attribute name="GC Util" value="190" />
  <attribute name="CPU Util" value="1900564227225" />
  <attribute name="Time Running"value="20633"/>
  <attribute name="Number of cores"value="4"/>
</cycle-end>
<allocation-satisfied id="3897" threadId="0000000001AB4700" bytesRequested="1168" />
<af-end id="3898" timestamp="2019-07-02T23:30:43.088" threadId="0000000001AB5088" success="true" />
<exclusive-end id="3899" timestamp="2019-07-02T23:30:43.088" durationms="10.989" />

<exclusive-start id="3900" timestamp="2019-07-02T23:30:43.090" intervalms="13.827">
  <response-info timems="0.091" idlems="0.091" threads="0" lastid="0000000001AB4700" lastname="main" />
</exclusive-start>
<af-start id="3901" threadId="0000000001AB5088" totalBytesRequested="1168" timestamp="2019-07-02T23:30:43.091" intervalms="13.844" />
<cycle-start id="3902" type="global" contextid="0" timestamp="2019-07-02T23:30:43.091" intervalms="13.853" />
  <attribute name="GC Util" value="190" />
  <attribute name="CPU Util" value="1900564227225" />
  <attribute name="Time Running"value="20633"/>
  <attribute name="Number of cores"value="4"/>
<gc-start id="3903" type="global" contextid="3902" timestamp="2019-07-02T23:30:43.091">
  <mem-info id="3904" free="458752" total="45875200" percent="1">
    <mem type="tenure" free="458752" total="45875200" percent="1">
      <mem type="soa" free="0" total="45416448" percent="0" />
      <mem type="loa" free="458752" total="458752" percent="100" />
    </mem>
  </mem-info>
</gc-start>
<allocation-stats totalBytes="27223024" >
  <allocated-bytes non-tlh="42048" tlh="27180976" />
  <largest-consumer threadName="main" threadId="0000000001AB4700" bytes="27223024" />
</allocation-stats>
<gc-op id="3905" type="mark" timems="9.293" contextid="3902" timestamp="2019-07-02T23:30:43.100">
  <trace-info objectcount="596547" scancount="517566" scanbytes="13280912" />
  <finalization candidates="80" enqueued="0" />
  <ownableSynchronizers candidates="21" cleared="0" />
  <references type="soft" candidates="1849" cleared="0" enqueued="0" dynamicThreshold="19" maxThreshold="32" />
  <references type="weak" candidates="5748" cleared="0" enqueued="0" />
  <references type="phantom" candidates="101" cleared="0" enqueued="0" />
  <stringconstants candidates="13253" cleared="0"  />
</gc-op>
<gc-op id="3906" type="sweep" timems="0.594" contextid="3902" timestamp="2019-07-02T23:30:43.101" />
<gc-end id="3907" type="global" contextid="3902" durationms="10.235" usertimems="36.000" systemtimems="0.000" timestamp="2019-07-02T23:30:43.101" activeThreads="4">
  <mem-info id="3908" free="27862344" total="45875200" percent="60">
    <mem type="tenure" free="27862344" total="45875200" percent="60" micro-fragmented="70427" macro-fragmented="0">
      <mem type="soa" free="27403592" total="45416448" percent="60" />
      <mem type="loa" free="458752" total="458752" percent="100" />
    </mem>
  </mem-info>
</gc-end>
<cycle-end id="3909" type="global" contextid="3902" timestamp="2019-07-02T23:30:43.101">
  <attribute name="GC Util" value="190" />
  <attribute name="CPU Util" value="1963939677896" />
  <attribute name="Time Running"value="20646"/>
  <attribute name="Number of cores"value="4"/>
</cycle-end>
<allocation-satisfied id="3910" threadId="0000000001AB4700" bytesRequested="1168" />
<af-end id="3911" timestamp="2019-07-02T23:30:43.101" threadId="0000000001AB5088" success="true" />
<exclusive-end id="3912" timestamp="2019-07-02T23:30:43.101" durationms="10.773" />

<exclusive-start id="3913" timestamp="2019-07-02T23:30:43.104" intervalms="13.419">
  <response-info timems="0.049" idlems="0.049" threads="0" lastid="0000000001AB4700" lastname="main" />
</exclusive-start>
<af-start id="3914" threadId="0000000001AB5088" totalBytesRequested="1168" timestamp="2019-07-02T23:30:43.104" intervalms="13.397" />
<cycle-start id="3915" type="global" contextid="0" timestamp="2019-07-02T23:30:43.104" intervalms="13.396" />
  <attribute name="GC Util" value="190" />
  <attribute name="CPU Util" value="1963939677896" />
  <attribute name="Time Running"value="20646"/>
  <attribute name="Number of cores"value="4"/>
<gc-start id="3916" type="global" contextid="3915" timestamp="2019-07-02T23:30:43.104">
  <mem-info id="3917" free="458752" total="45875200" percent="1">
    <mem type="tenure" free="458752" total="45875200" percent="1">
      <mem type="soa" free="0" total="45416448" percent="0" />
      <mem type="loa" free="458752" total="458752" percent="100" />
    </mem>
  </mem-info>
</gc-start>
<allocation-stats totalBytes="27224256" >
  <allocated-bytes non-tlh="42048" tlh="27182208" />
  <largest-consumer threadName="main" threadId="0000000001AB4700" bytes="27224256" />
</allocation-stats>
<gc-op id="3918" type="mark" timems="9.349" contextid="3915" timestamp="2019-07-02T23:30:43.114">
  <trace-info objectcount="596547" scancount="517561" scanbytes="13280912" />
  <finalization candidates="80" enqueued="0" />
  <ownableSynchronizers candidates="21" cleared="0" />
  <references type="soft" candidates="1849" cleared="0" enqueued="0" dynamicThreshold="19" maxThreshold="32" />
  <references type="weak" candidates="5748" cleared="0" enqueued="0" />
  <references type="phantom" candidates="101" cleared="0" enqueued="0" />
  <stringconstants candidates="13253" cleared="0"  />
</gc-op>
<gc-op id="3919" type="sweep" timems="0.634" contextid="3915" timestamp="2019-07-02T23:30:43.114" />
<gc-end id="3920" type="global" contextid="3915" durationms="10.352" usertimems="36.000" systemtimems="0.000" timestamp="2019-07-02T23:30:43.114" activeThreads="4">
  <mem-info id="3921" free="27862344" total="45875200" percent="60">
    <mem type="tenure" free="27862344" total="45875200" percent="60" micro-fragmented="70427" macro-fragmented="0">
      <mem type="soa" free="27403592" total="45416448" percent="60" />
      <mem type="loa" free="458752" total="458752" percent="100" />
    </mem>
  </mem-info>
</gc-end>
<cycle-end id="3922" type="global" contextid="3915" timestamp="2019-07-02T23:30:43.115">
  <attribute name="GC Util" value="190" />
  <attribute name="CPU Util" value="1950099646469" />
  <attribute name="Time Running"value="20660"/>
  <attribute name="Number of cores"value="4"/>
</cycle-end>
<allocation-satisfied id="3923" threadId="0000000001AB4700" bytesRequested="1168" />
<af-end id="3924" timestamp="2019-07-02T23:30:43.115" threadId="0000000001AB5088" success="true" />
<exclusive-end id="3925" timestamp="2019-07-02T23:30:43.115" durationms="10.850" />

<exclusive-start id="3926" timestamp="2019-07-02T23:30:43.118" intervalms="13.753">
  <response-info timems="0.162" idlems="0.162" threads="0" lastid="0000000001AB4700" lastname="main" />
</exclusive-start>
<af-start id="3927" threadId="0000000001AB5088" totalBytesRequested="1168" timestamp="2019-07-02T23:30:43.118" intervalms="13.760" />
<cycle-start id="3928" type="global" contextid="0" timestamp="2019-07-02T23:30:43.118" intervalms="13.761" />
  <attribute name="GC Util" value="190" />
  <attribute name="CPU Util" value="1950099646469" />
  <attribute name="Time Running"value="20660"/>
  <attribute name="Number of cores"value="4"/>
<gc-start id="3929" type="global" contextid="3928" timestamp="2019-07-02T23:30:43.118">
  <mem-info id="3930" free="458752" total="45875200" percent="1">
    <mem type="tenure" free="458752" total="45875200" percent="1">
      <mem type="soa" free="0" total="45416448" percent="0" />
      <mem type="loa" free="458752" total="458752" percent="100" />
    </mem>
  </mem-info>
</gc-start>
<allocation-stats totalBytes="27224256" >
  <allocated-bytes non-tlh="43216" tlh="27181040" />
  <largest-consumer threadName="main" threadId="0000000001AB4700" bytes="27224256" />
</allocation-stats>
<gc-op id="3931" type="mark" timems="9.529" contextid="3928" timestamp="2019-07-02T23:30:43.127">
  <trace-info objectcount="596547" scancount="517544" scanbytes="13280912" />
  <finalization candidates="80" enqueued="0" />
  <ownableSynchronizers candidates="21" cleared="0" />
  <references type="soft" candidates="1849" cleared="0" enqueued="0" dynamicThreshold="19" maxThreshold="32" />
  <references type="weak" candidates="5748" cleared="0" enqueued="0" />
  <references type="phantom" candidates="101" cleared="0" enqueued="0" />
  <stringconstants candidates="13253" cleared="0"  />
</gc-op>
<gc-op id="3932" type="sweep" timems="0.578" contextid="3928" timestamp="2019-07-02T23:30:43.128" />
<gc-end id="3933" type="global" contextid="3928" durationms="10.459" usertimems="40.000" systemtimems="0.000" timestamp="2019-07-02T23:30:43.128" activeThreads="4">
  <mem-info id="3934" free="27862344" total="45875200" percent="60">
    <mem type="tenure" free="27862344" total="45875200" percent="60" micro-fragmented="70427" macro-fragmented="0">
      <mem type="soa" free="27403592" total="45416448" percent="60" />
      <mem type="loa" free="458752" total="458752" percent="100" />
    </mem>
  </mem-info>
</gc-end>
<cycle-end id="3935" type="global" contextid="3928" timestamp="2019-07-02T23:30:43.128">
  <attribute name="GC Util" value="191" />
  <attribute name="CPU Util" value="1914449112167" />
  <attribute name="Time Running"value="20674"/>
  <attribute name="Number of cores"value="4"/>
</cycle-end>
<allocation-satisfied id="3936" threadId="0000000001AB4700" bytesRequested="1168" />
<af-end id="3937" timestamp="2019-07-02T23:30:43.129" threadId="0000000001AB5088" success="true" />
<exclusive-end id="3938" timestamp="2019-07-02T23:30:43.129" durationms="10.991" />

<exclusive-start id="3939" timestamp="2019-07-02T23:30:43.131" intervalms="13.807">
  <response-info timems="0.079" idlems="0.079" threads="0" lastid="0000000001AB4700" lastname="main" />
</exclusive-start>
<af-start id="3940" threadId="0000000001AB5088" totalBytesRequested="1168" timestamp="2019-07-02T23:30:43.132" intervalms="13.815" />
<cycle-start id="3941" type="global" contextid="0" timestamp="2019-07-02T23:30:43.132" intervalms="13.814" />
  <attribute name="GC Util" value="191" />
  <attribute name="CPU Util" value="1914449112167" />
  <attribute name="Time Running"value="20674"/>
  <attribute name="Number of cores"value="4"/>
<gc-start id="3942" type="global" contextid="3941" timestamp="2019-07-02T23:30:43.132">
  <mem-info id="3943" free="458752" total="45875200" percent="1">
    <mem type="tenure" free="458752" total="45875200" percent="1">
      <mem type="soa" free="0" total="45416448" percent="0" />
      <mem type="loa" free="458752" total="458752" percent="100" />
    </mem>
  </mem-info>
</gc-start>
<allocation-stats totalBytes="27223000" >
  <allocated-bytes non-tlh="42048" tlh="27180952" />
  <largest-consumer threadName="main" threadId="0000000001AB4700" bytes="27223000" />
</allocation-stats>
<gc-op id="3944" type="mark" timems="9.395" contextid="3941" timestamp="2019-07-02T23:30:43.141">
  <trace-info objectcount="596547" scancount="517543" scanbytes="13280912" />
  <finalization candidates="80" enqueued="0" />
  <ownableSynchronizers candidates="21" cleared="0" />
  <references type="soft" candidates="1849" cleared="0" enqueued="0" dynamicThreshold="19" maxThreshold="32" />
  <references type="weak" candidates="5748" cleared="0" enqueued="0" />
  <references type="phantom" candidates="101" cleared="0" enqueued="0" />
  <stringconstants candidates="13253" cleared="0"  />
</gc-op>
<gc-op id="3945" type="sweep" timems="0.606" contextid="3941" timestamp="2019-07-02T23:30:43.142" />
<gc-end id="3946" type="global" contextid="3941" durationms="10.346" usertimems="40.000" systemtimems="0.000" timestamp="2019-07-02T23:30:43.142" activeThreads="4">
  <mem-info id="3947" free="27862344" total="45875200" percent="60">
    <mem type="tenure" free="27862344" total="45875200" percent="60" micro-fragmented="70427" macro-fragmented="0">
      <mem type="soa" free="27403592" total="45416448" percent="60" />
      <mem type="loa" free="458752" total="458752" percent="100" />
    </mem>
  </mem-info>
</gc-end>
<cycle-end id="3948" type="global" contextid="3941" timestamp="2019-07-02T23:30:43.142">
  <attribute name="GC Util" value="189" />
  <attribute name="CPU Util" value="1941890621585" />
  <attribute name="Time Running"value="20687"/>
  <attribute name="Number of cores"value="4"/>
</cycle-end>
<allocation-satisfied id="3949" threadId="0000000001AB4700" bytesRequested="1168" />
<af-end id="3950" timestamp="2019-07-02T23:30:43.142" threadId="0000000001AB5088" success="true" />
<exclusive-end id="3951" timestamp="2019-07-02T23:30:43.142" durationms="10.853" />

<exclusive-start id="3952" timestamp="2019-07-02T23:30:43.145" intervalms="13.548">
  <response-info timems="0.075" idlems="0.075" threads="0" lastid="0000000001AB4700" lastname="main" />
</exclusive-start>
<af-start id="3953" threadId="0000000001AB5088" totalBytesRequested="1168" timestamp="2019-07-02T23:30:43.145" intervalms="13.530" />
<cycle-start id="3954" type="global" contextid="0" timestamp="2019-07-02T23:30:43.145" intervalms="13.540" />
  <attribute name="GC Util" value="189" />
  <attribute name="CPU Util" value="1941890621585" />
  <attribute name="Time Running"value="20687"/>
  <attribute name="Number of cores"value="4"/>
<gc-start id="3955" type="global" contextid="3954" timestamp="2019-07-02T23:30:43.145">
  <mem-info id="3956" free="458752" total="45875200" percent="1">
    <mem type="tenure" free="458752" total="45875200" percent="1">
      <mem type="soa" free="0" total="45416448" percent="0" />
      <mem type="loa" free="458752" total="458752" percent="100" />
    </mem>
  </mem-info>
</gc-start>
<allocation-stats totalBytes="27224256" >
  <allocated-bytes non-tlh="42048" tlh="27182208" />
  <largest-consumer threadName="main" threadId="0000000001AB4700" bytes="27224256" />
</allocation-stats>
<gc-op id="3957" type="mark" timems="9.445" contextid="3954" timestamp="2019-07-02T23:30:43.155">
  <trace-info objectcount="596547" scancount="517547" scanbytes="13280912" />
  <finalization candidates="80" enqueued="0" />
  <ownableSynchronizers candidates="21" cleared="0" />
  <references type="soft" candidates="1849" cleared="0" enqueued="0" dynamicThreshold="19" maxThreshold="32" />
  <references type="weak" candidates="5748" cleared="0" enqueued="0" />
  <references type="phantom" candidates="101" cleared="0" enqueued="0" />
  <stringconstants candidates="13253" cleared="0"  />
</gc-op>
<gc-op id="3958" type="sweep" timems="0.559" contextid="3954" timestamp="2019-07-02T23:30:43.155" />
<gc-end id="3959" type="global" contextid="3954" durationms="10.357" usertimems="40.000" systemtimems="0.000" timestamp="2019-07-02T23:30:43.156" activeThreads="4">
  <mem-info id="3960" free="27862344" total="45875200" percent="60">
    <mem type="tenure" free="27862344" total="45875200" percent="60" micro-fragmented="70427" macro-fragmented="0">
      <mem type="soa" free="27403592" total="45416448" percent="60" />
      <mem type="loa" free="458752" total="458752" percent="100" />
    </mem>
  </mem-info>
</gc-end>
<cycle-end id="3961" type="global" contextid="3954" timestamp="2019-07-02T23:30:43.156">
  <attribute name="GC Util" value="190" />
  <attribute name="CPU Util" value="1930491636386" />
  <attribute name="Time Running"value="20701"/>
  <attribute name="Number of cores"value="4"/>
</cycle-end>
<allocation-satisfied id="3962" threadId="0000000001AB4700" bytesRequested="1168" />
<af-end id="3963" timestamp="2019-07-02T23:30:43.156" threadId="0000000001AB5088" success="true" />
<exclusive-end id="3964" timestamp="2019-07-02T23:30:43.156" durationms="10.873" />

<exclusive-start id="3965" timestamp="2019-07-02T23:30:43.159" intervalms="13.738">
  <response-info timems="0.160" idlems="0.160" threads="0" lastid="0000000001AB4700" lastname="main" />
</exclusive-start>
<af-start id="3966" threadId="0000000001AB5088" totalBytesRequested="1168" timestamp="2019-07-02T23:30:43.159" intervalms="13.756" />
<cycle-start id="3967" type="global" contextid="0" timestamp="2019-07-02T23:30:43.159" intervalms="13.756" />
  <attribute name="GC Util" value="190" />
  <attribute name="CPU Util" value="1930491636386" />
  <attribute name="Time Running"value="20701"/>
  <attribute name="Number of cores"value="4"/>
<gc-start id="3968" type="global" contextid="3967" timestamp="2019-07-02T23:30:43.159">
  <mem-info id="3969" free="458752" total="45875200" percent="1">
    <mem type="tenure" free="458752" total="45875200" percent="1">
      <mem type="soa" free="0" total="45416448" percent="0" />
      <mem type="loa" free="458752" total="458752" percent="100" />
    </mem>
  </mem-info>
</gc-start>
<allocation-stats totalBytes="27224256" >
  <allocated-bytes non-tlh="42048" tlh="27182208" />
  <largest-consumer threadName="main" threadId="0000000001AB4700" bytes="27224256" />
</allocation-stats>
<gc-op id="3970" type="mark" timems="9.405" contextid="3967" timestamp="2019-07-02T23:30:43.168">
  <trace-info objectcount="596547" scancount="517540" scanbytes="13280912" />
  <finalization candidates="80" enqueued="0" />
  <ownableSynchronizers candidates="21" cleared="0" />
  <references type="soft" candidates="1849" cleared="0" enqueued="0" dynamicThreshold="19" maxThreshold="32" />
  <references type="weak" candidates="5748" cleared="0" enqueued="0" />
  <references type="phantom" candidates="101" cleared="0" enqueued="0" />
  <stringconstants candidates="13253" cleared="0"  />
</gc-op>
<gc-op id="3971" type="sweep" timems="0.589" contextid="3967" timestamp="2019-07-02T23:30:43.169" />
<gc-end id="3972" type="global" contextid="3967" durationms="10.388" usertimems="36.000" systemtimems="0.000" timestamp="2019-07-02T23:30:43.169" activeThreads="4">
  <mem-info id="3973" free="27862344" total="45875200" percent="60">
    <mem type="tenure" free="27862344" total="45875200" percent="60" micro-fragmented="70427" macro-fragmented="0">
      <mem type="soa" free="27403592" total="45416448" percent="60" />
      <mem type="loa" free="458752" total="458752" percent="100" />
    </mem>
  </mem-info>
</gc-end>
<cycle-end id="3974" type="global" contextid="3967" timestamp="2019-07-02T23:30:43.169">
  <attribute name="GC Util" value="190" />
  <attribute name="CPU Util" value="1935628754098" />
  <attribute name="Time Running"value="20715"/>
  <attribute name="Number of cores"value="4"/>
</cycle-end>
<allocation-satisfied id="3975" threadId="0000000001AB4700" bytesRequested="1168" />
<af-end id="3976" timestamp="2019-07-02T23:30:43.170" threadId="0000000001AB5088" success="true" />
<exclusive-end id="3977" timestamp="2019-07-02T23:30:43.170" durationms="10.923" />

<exclusive-start id="3978" timestamp="2019-07-02T23:30:43.173" intervalms="13.895">
  <response-info timems="0.070" idlems="0.070" threads="0" lastid="0000000001AB4700" lastname="main" />
</exclusive-start>
<af-start id="3979" threadId="0000000001AB5088" totalBytesRequested="1168" timestamp="2019-07-02T23:30:43.173" intervalms="13.910" />
<cycle-start id="3980" type="global" contextid="0" timestamp="2019-07-02T23:30:43.173" intervalms="13.896" />
  <attribute name="GC Util" value="190" />
  <attribute name="CPU Util" value="1935628754098" />
  <attribute name="Time Running"value="20715"/>
  <attribute name="Number of cores"value="4"/>
<gc-start id="3981" type="global" contextid="3980" timestamp="2019-07-02T23:30:43.173">
  <mem-info id="3982" free="458752" total="45875200" percent="1">
    <mem type="tenure" free="458752" total="45875200" percent="1">
      <mem type="soa" free="0" total="45416448" percent="0" />
      <mem type="loa" free="458752" total="458752" percent="100" />
    </mem>
  </mem-info>
</gc-start>
<allocation-stats totalBytes="27225488" >
  <allocated-bytes non-tlh="42048" tlh="27183440" />
  <largest-consumer threadName="main" threadId="0000000001AB4700" bytes="27225488" />
</allocation-stats>
<gc-op id="3983" type="mark" timems="9.402" contextid="3980" timestamp="2019-07-02T23:30:43.182">
  <trace-info objectcount="596547" scancount="517566" scanbytes="13280912" />
  <finalization candidates="80" enqueued="0" />
  <ownableSynchronizers candidates="21" cleared="0" />
  <references type="soft" candidates="1849" cleared="0" enqueued="0" dynamicThreshold="19" maxThreshold="32" />
  <references type="weak" candidates="5748" cleared="0" enqueued="0" />
  <references type="phantom" candidates="101" cleared="0" enqueued="0" />
  <stringconstants candidates="13253" cleared="0"  />
</gc-op>
<gc-op id="3984" type="sweep" timems="0.563" contextid="3980" timestamp="2019-07-02T23:30:43.183" />
<gc-end id="3985" type="global" contextid="3980" durationms="10.332" usertimems="36.000" systemtimems="4.000" timestamp="2019-07-02T23:30:43.183" activeThreads="4">
  <mem-info id="3986" free="27862344" total="45875200" percent="60">
    <mem type="tenure" free="27862344" total="45875200" percent="60" micro-fragmented="70427" macro-fragmented="0">
      <mem type="soa" free="27403592" total="45416448" percent="60" />
      <mem type="loa" free="458752" total="458752" percent="100" />
    </mem>
  </mem-info>
</gc-end>
<cycle-end id="3987" type="global" contextid="3980" timestamp="2019-07-02T23:30:43.183">
  <attribute name="GC Util" value="190" />
  <attribute name="CPU Util" value="1942861092516" />
  <attribute name="Time Running"value="20728"/>
  <attribute name="Number of cores"value="4"/>
</cycle-end>
<allocation-satisfied id="3988" threadId="0000000001AB4700" bytesRequested="1168" />
<af-end id="3989" timestamp="2019-07-02T23:30:43.183" threadId="0000000001AB5088" success="true" />
<exclusive-end id="3990" timestamp="2019-07-02T23:30:43.183" durationms="10.883" />

<exclusive-start id="3991" timestamp="2019-07-02T23:30:43.186" intervalms="13.830">
  <response-info timems="0.073" idlems="0.073" threads="0" lastid="0000000001AB4700" lastname="main" />
</exclusive-start>
<af-start id="3992" threadId="0000000001AB5088" totalBytesRequested="1168" timestamp="2019-07-02T23:30:43.187" intervalms="13.807" />
<cycle-start id="3993" type="global" contextid="0" timestamp="2019-07-02T23:30:43.187" intervalms="13.805" />
  <attribute name="GC Util" value="190" />
  <attribute name="CPU Util" value="1942861092516" />
  <attribute name="Time Running"value="20728"/>
  <attribute name="Number of cores"value="4"/>
<gc-start id="3994" type="global" contextid="3993" timestamp="2019-07-02T23:30:43.187">
  <mem-info id="3995" free="458752" total="45875200" percent="1">
    <mem type="tenure" free="458752" total="45875200" percent="1">
      <mem type="soa" free="0" total="45416448" percent="0" />
      <mem type="loa" free="458752" total="458752" percent="100" />
    </mem>
  </mem-info>
</gc-start>
<allocation-stats totalBytes="27224232" >
  <allocated-bytes non-tlh="42048" tlh="27182184" />
  <largest-consumer threadName="main" threadId="0000000001AB4700" bytes="27224232" />
</allocation-stats>
<gc-op id="3996" type="mark" timems="9.475" contextid="3993" timestamp="2019-07-02T23:30:43.196">
  <trace-info objectcount="596547" scancount="517534" scanbytes="13280912" />
  <finalization candidates="80" enqueued="0" />
  <ownableSynchronizers candidates="21" cleared="0" />
  <references type="soft" candidates="1849" cleared="0" enqueued="0" dynamicThreshold="19" maxThreshold="32" />
  <references type="weak" candidates="5748" cleared="0" enqueued="0" />
  <references type="phantom" candidates="101" cleared="0" enqueued="0" />
  <stringconstants candidates="13253" cleared="0"  />
</gc-op>
<gc-op id="3997" type="sweep" timems="0.574" contextid="3993" timestamp="2019-07-02T23:30:43.197" />
<gc-end id="3998" type="global" contextid="3993" durationms="10.420" usertimems="36.000" systemtimems="0.000" timestamp="2019-07-02T23:30:43.197" activeThreads="4">
  <mem-info id="3999" free="27862344" total="45875200" percent="60">
    <mem type="tenure" free="27862344" total="45875200" percent="60" micro-fragmented="70427" macro-fragmented="0">
      <mem type="soa" free="27403592" total="45416448" percent="60" />
      <mem type="loa" free="458752" total="458752" percent="100" />
    </mem>
  </mem-info>
</gc-end>
<cycle-end id="4000" type="global" contextid="3993" timestamp="2019-07-02T23:30:43.197">
  <attribute name="GC Util" value="190" />
  <attribute name="CPU Util" value="1924402320673" />
  <attribute name="Time Running"value="20742"/>
  <attribute name="Number of cores"value="4"/>
</cycle-end>
<allocation-satisfied id="4001" threadId="0000000001AB4700" bytesRequested="1168" />
<af-end id="4002" timestamp="2019-07-02T23:30:43.197" threadId="0000000001AB5088" success="true" />
<exclusive-end id="4003" timestamp="2019-07-02T23:30:43.197" durationms="10.930" />

<exclusive-start id="4004" timestamp="2019-07-02T23:30:43.200" intervalms="13.803">
  <response-info timems="0.054" idlems="0.054" threads="0" lastid="0000000001AB4700" lastname="main" />
</exclusive-start>
<af-start id="4005" threadId="0000000001AB5088" totalBytesRequested="1168" timestamp="2019-07-02T23:30:43.200" intervalms="13.806" />
<cycle-start id="4006" type="global" contextid="0" timestamp="2019-07-02T23:30:43.200" intervalms="13.806" />
  <attribute name="GC Util" value="190" />
  <attribute name="CPU Util" value="1924402320673" />
  <attribute name="Time Running"value="20742"/>
  <attribute name="Number of cores"value="4"/>
<gc-start id="4007" type="global" contextid="4006" timestamp="2019-07-02T23:30:43.200">
  <mem-info id="4008" free="458752" total="45875200" percent="1">
    <mem type="tenure" free="458752" total="45875200" percent="1">
      <mem type="soa" free="0" total="45416448" percent="0" />
      <mem type="loa" free="458752" total="458752" percent="100" />
    </mem>
  </mem-info>
</gc-start>
<allocation-stats totalBytes="27224256" >
  <allocated-bytes non-tlh="42048" tlh="27182208" />
  <largest-consumer threadName="main" threadId="0000000001AB4700" bytes="27224256" />
</allocation-stats>
<gc-op id="4009" type="mark" timems="9.156" contextid="4006" timestamp="2019-07-02T23:30:43.210">
  <trace-info objectcount="596195" scancount="517205" scanbytes="13269556" />
  <finalization candidates="80" enqueued="0" />
  <ownableSynchronizers candidates="21" cleared="0" />
  <references type="soft" candidates="1849" cleared="6" enqueued="6" dynamicThreshold="19" maxThreshold="32" />
  <references type="weak" candidates="5748" cleared="0" enqueued="0" />
  <references type="phantom" candidates="101" cleared="0" enqueued="0" />
  <stringconstants candidates="13253" cleared="0"  />
</gc-op>
<gc-op id="4010" type="sweep" timems="0.569" contextid="4006" timestamp="2019-07-02T23:30:43.210" />
<gc-end id="4011" type="global" contextid="4006" durationms="10.079" usertimems="32.000" systemtimems="0.000" timestamp="2019-07-02T23:30:43.211" activeThreads="4">
  <mem-info id="4012" free="27878744" total="45875200" percent="60">
    <mem type="tenure" free="27878744" total="45875200" percent="60" micro-fragmented="60849" macro-fragmented="0">
      <mem type="soa" free="27419992" total="45416448" percent="60" />
      <mem type="loa" free="458752" total="458752" percent="100" />
    </mem>
    <pending-finalizers system="0" default="0" reference="6" classloader="0" />
  </mem-info>
</gc-end>
<cycle-end id="4013" type="global" contextid="4006" timestamp="2019-07-02T23:30:43.211">
  <attribute name="GC Util" value="190" />
  <attribute name="CPU Util" value="1991695089609" />
  <attribute name="Time Running"value="20756"/>
  <attribute name="Number of cores"value="4"/>
</cycle-end>
<allocation-satisfied id="4014" threadId="0000000001AB4700" bytesRequested="1168" />
<af-end id="4015" timestamp="2019-07-02T23:30:43.211" threadId="0000000001AB5088" success="true" />
<exclusive-end id="4016" timestamp="2019-07-02T23:30:43.211" durationms="10.595" />

<exclusive-start id="4017" timestamp="2019-07-02T23:30:43.214" intervalms="13.508">
  <response-info timems="0.129" idlems="0.129" threads="0" lastid="0000000001AB4700" lastname="main" />
</exclusive-start>
<af-start id="4018" threadId="0000000001AB5088" totalBytesRequested="1168" timestamp="2019-07-02T23:30:43.214" intervalms="13.504" />
<cycle-start id="4019" type="global" contextid="0" timestamp="2019-07-02T23:30:43.214" intervalms="13.509" />
  <attribute name="GC Util" value="190" />
  <attribute name="CPU Util" value="1991695089609" />
  <attribute name="Time Running"value="20756"/>
  <attribute name="Number of cores"value="4"/>
<gc-start id="4020" type="global" contextid="4019" timestamp="2019-07-02T23:30:43.214">
  <mem-info id="4021" free="458752" total="45875200" percent="1">
    <mem type="tenure" free="458752" total="45875200" percent="1">
      <mem type="soa" free="0" total="45416448" percent="0" />
      <mem type="loa" free="458752" total="458752" percent="100" />
    </mem>
  </mem-info>
</gc-start>
<allocation-stats totalBytes="27239040" >
  <allocated-bytes non-tlh="40880" tlh="27198160" />
  <largest-consumer threadName="main" threadId="0000000001AB4700" bytes="27239040" />
</allocation-stats>
<gc-op id="4022" type="mark" timems="8.969" contextid="4019" timestamp="2019-07-02T23:30:43.223">
  <trace-info objectcount="596181" scancount="517193" scanbytes="13269028" />
  <finalization candidates="80" enqueued="0" />
  <ownableSynchronizers candidates="21" cleared="0" />
  <references type="soft" candidates="1843" cleared="0" enqueued="0" dynamicThreshold="19" maxThreshold="32" />
  <references type="weak" candidates="5748" cleared="0" enqueued="0" />
  <references type="phantom" candidates="101" cleared="0" enqueued="0" />
  <stringconstants candidates="13253" cleared="0"  />
</gc-op>
<gc-op id="4023" type="sweep" timems="0.528" contextid="4019" timestamp="2019-07-02T23:30:43.224" />
<gc-end id="4024" type="global" contextid="4019" durationms="9.847" usertimems="24.000" systemtimems="0.000" timestamp="2019-07-02T23:30:43.224" activeThreads="4">
  <mem-info id="4025" free="27879760" total="45875200" percent="60">
    <mem type="tenure" free="27879760" total="45875200" percent="60" micro-fragmented="60737" macro-fragmented="0">
      <mem type="soa" free="27421008" total="45416448" percent="60" />
      <mem type="loa" free="458752" total="458752" percent="100" />
    </mem>
  </mem-info>
</gc-end>
<cycle-end id="4026" type="global" contextid="4019" timestamp="2019-07-02T23:30:43.224">
  <attribute name="GC Util" value="190" />
  <attribute name="CPU Util" value="2031762474639" />
  <attribute name="Time Running"value="20769"/>
  <attribute name="Number of cores"value="4"/>
</cycle-end>
<allocation-satisfied id="4027" threadId="0000000001AB4700" bytesRequested="1168" />
<af-end id="4028" timestamp="2019-07-02T23:30:43.224" threadId="0000000001AB5088" success="true" />
<exclusive-end id="4029" timestamp="2019-07-02T23:30:43.224" durationms="10.346" />

<exclusive-start id="4030" timestamp="2019-07-02T23:30:43.227" intervalms="13.210">
  <response-info timems="0.083" idlems="0.083" threads="0" lastid="0000000001AB4700" lastname="main" />
</exclusive-start>
<af-start id="4031" threadId="0000000001AB5088" totalBytesRequested="1168" timestamp="2019-07-02T23:30:43.227" intervalms="13.207" />
<cycle-start id="4032" type="global" contextid="0" timestamp="2019-07-02T23:30:43.227" intervalms="13.200" />
  <attribute name="GC Util" value="190" />
  <attribute name="CPU Util" value="2031762474639" />
  <attribute name="Time Running"value="20769"/>
  <attribute name="Number of cores"value="4"/>
<gc-start id="4033" type="global" contextid="4032" timestamp="2019-07-02T23:30:43.227">
  <mem-info id="4034" free="458752" total="45875200" percent="1">
    <mem type="tenure" free="458752" total="45875200" percent="1">
      <mem type="soa" free="0" total="45416448" percent="0" />
      <mem type="loa" free="458752" total="458752" percent="100" />
    </mem>
  </mem-info>
</gc-start>
<allocation-stats totalBytes="27239040" >
  <allocated-bytes non-tlh="42048" tlh="27196992" />
  <largest-consumer threadName="main" threadId="0000000001AB4700" bytes="27239040" />
</allocation-stats>
<gc-op id="4035" type="mark" timems="9.730" contextid="4032" timestamp="2019-07-02T23:30:43.237">
  <trace-info objectcount="596181" scancount="517177" scanbytes="13269028" />
  <finalization candidates="80" enqueued="0" />
  <ownableSynchronizers candidates="21" cleared="0" />
  <references type="soft" candidates="1843" cleared="0" enqueued="0" dynamicThreshold="19" maxThreshold="32" />
  <references type="weak" candidates="5748" cleared="0" enqueued="0" />
  <references type="phantom" candidates="101" cleared="0" enqueued="0" />
  <stringconstants candidates="13253" cleared="0"  />
</gc-op>
<gc-op id="4036" type="sweep" timems="0.698" contextid="4032" timestamp="2019-07-02T23:30:43.238" />
<gc-end id="4037" type="global" contextid="4032" durationms="10.786" usertimems="24.000" systemtimems="4.000" timestamp="2019-07-02T23:30:43.238" activeThreads="4">
  <mem-info id="4038" free="27879760" total="45875200" percent="60">
    <mem type="tenure" free="27879760" total="45875200" percent="60" micro-fragmented="60737" macro-fragmented="0">
      <mem type="soa" free="27421008" total="45416448" percent="60" />
      <mem type="loa" free="458752" total="458752" percent="100" />
    </mem>
  </mem-info>
</gc-end>
<cycle-end id="4039" type="global" contextid="4032" timestamp="2019-07-02T23:30:43.238">
  <attribute name="GC Util" value="191" />
  <attribute name="CPU Util" value="1875252193968" />
  <attribute name="Time Running"value="20783"/>
  <attribute name="Number of cores"value="4"/>
</cycle-end>
<allocation-satisfied id="4040" threadId="0000000001AB4700" bytesRequested="1168" />
<af-end id="4041" timestamp="2019-07-02T23:30:43.238" threadId="0000000001AB5088" success="true" />
<exclusive-end id="4042" timestamp="2019-07-02T23:30:43.238" durationms="11.283" />

<exclusive-start id="4043" timestamp="2019-07-02T23:30:43.241" intervalms="14.080">
  <response-info timems="0.063" idlems="0.063" threads="0" lastid="0000000001AB4700" lastname="main" />
</exclusive-start>
<af-start id="4044" threadId="0000000001AB5088" totalBytesRequested="1168" timestamp="2019-07-02T23:30:43.241" intervalms="14.091" />
<cycle-start id="4045" type="global" contextid="0" timestamp="2019-07-02T23:30:43.241" intervalms="14.100" />
  <attribute name="GC Util" value="191" />
  <attribute name="CPU Util" value="1875252193968" />
  <attribute name="Time Running"value="20783"/>
  <attribute name="Number of cores"value="4"/>
<gc-start id="4046" type="global" contextid="4045" timestamp="2019-07-02T23:30:43.241">
  <mem-info id="4047" free="458752" total="45875200" percent="1">
    <mem type="tenure" free="458752" total="45875200" percent="1">
      <mem type="soa" free="0" total="45416448" percent="0" />
      <mem type="loa" free="458752" total="458752" percent="100" />
    </mem>
  </mem-info>
</gc-start>
<allocation-stats totalBytes="27239040" >
  <allocated-bytes non-tlh="42048" tlh="27196992" />
  <largest-consumer threadName="main" threadId="0000000001AB4700" bytes="27239040" />
</allocation-stats>
<gc-op id="4048" type="mark" timems="9.343" contextid="4045" timestamp="2019-07-02T23:30:43.251">
  <trace-info objectcount="596181" scancount="517200" scanbytes="13269028" />
  <finalization candidates="80" enqueued="0" />
  <ownableSynchronizers candidates="21" cleared="0" />
  <references type="soft" candidates="1843" cleared="0" enqueued="0" dynamicThreshold="19" maxThreshold="32" />
  <references type="weak" candidates="5748" cleared="0" enqueued="0" />
  <references type="phantom" candidates="101" cleared="0" enqueued="0" />
  <stringconstants candidates="13253" cleared="0"  />
</gc-op>
<gc-op id="4049" type="sweep" timems="0.596" contextid="4045" timestamp="2019-07-02T23:30:43.251" />
<gc-end id="4050" type="global" contextid="4045" durationms="10.282" usertimems="28.000" systemtimems="0.000" timestamp="2019-07-02T23:30:43.252" activeThreads="4">
  <mem-info id="4051" free="27879760" total="45875200" percent="60">
    <mem type="tenure" free="27879760" total="45875200" percent="60" micro-fragmented="60737" macro-fragmented="0">
      <mem type="soa" free="27421008" total="45416448" percent="60" />
      <mem type="loa" free="458752" total="458752" percent="100" />
    </mem>
  </mem-info>
</gc-end>
<cycle-end id="4052" type="global" contextid="4045" timestamp="2019-07-02T23:30:43.252">
  <attribute name="GC Util" value="189" />
  <attribute name="CPU Util" value="1953104853666" />
  <attribute name="Time Running"value="20797"/>
  <attribute name="Number of cores"value="4"/>
</cycle-end>
<allocation-satisfied id="4053" threadId="0000000001AB4700" bytesRequested="1168" />
<af-end id="4054" timestamp="2019-07-02T23:30:43.252" threadId="0000000001AB5088" success="true" />
<exclusive-end id="4055" timestamp="2019-07-02T23:30:43.252" durationms="10.810" />

<exclusive-start id="4056" timestamp="2019-07-02T23:30:43.255" intervalms="13.659">
  <response-info timems="0.137" idlems="0.137" threads="0" lastid="0000000001AB4700" lastname="main" />
</exclusive-start>
<af-start id="4057" threadId="0000000001AB5088" totalBytesRequested="1168" timestamp="2019-07-02T23:30:43.255" intervalms="13.665" />
<cycle-start id="4058" type="global" contextid="0" timestamp="2019-07-02T23:30:43.255" intervalms="13.672" />
  <attribute name="GC Util" value="189" />
  <attribute name="CPU Util" value="1953104853666" />
  <attribute name="Time Running"value="20797"/>
  <attribute name="Number of cores"value="4"/>
<gc-start id="4059" type="global" contextid="4058" timestamp="2019-07-02T23:30:43.255">
  <mem-info id="4060" free="458752" total="45875200" percent="1">
    <mem type="tenure" free="458752" total="45875200" percent="1">
      <mem type="soa" free="0" total="45416448" percent="0" />
      <mem type="loa" free="458752" total="458752" percent="100" />
    </mem>
  </mem-info>
</gc-start>
<allocation-stats totalBytes="27239040" >
  <allocated-bytes non-tlh="42048" tlh="27196992" />
  <largest-consumer threadName="main" threadId="0000000001AB4700" bytes="27239040" />
</allocation-stats>
<gc-op id="4061" type="mark" timems="10.076" contextid="4058" timestamp="2019-07-02T23:30:43.265">
  <trace-info objectcount="596181" scancount="517169" scanbytes="13269028" />
  <finalization candidates="80" enqueued="0" />
  <ownableSynchronizers candidates="21" cleared="0" />
  <references type="soft" candidates="1843" cleared="0" enqueued="0" dynamicThreshold="19" maxThreshold="32" />
  <references type="weak" candidates="5748" cleared="0" enqueued="0" />
  <references type="phantom" candidates="101" cleared="0" enqueued="0" />
  <stringconstants candidates="13253" cleared="0"  />
</gc-op>
<gc-op id="4062" type="sweep" timems="0.777" contextid="4058" timestamp="2019-07-02T23:30:43.266" />
<gc-end id="4063" type="global" contextid="4058" durationms="11.240" usertimems="44.000" systemtimems="0.000" timestamp="2019-07-02T23:30:43.266" activeThreads="4">
  <mem-info id="4064" free="27879760" total="45875200" percent="60">
    <mem type="tenure" free="27879760" total="45875200" percent="60" micro-fragmented="60737" macro-fragmented="0">
      <mem type="soa" free="27421008" total="45416448" percent="60" />
      <mem type="loa" free="458752" total="458752" percent="100" />
    </mem>
  </mem-info>
</gc-end>
<cycle-end id="4065" type="global" contextid="4058" timestamp="2019-07-02T23:30:43.266">
  <attribute name="GC Util" value="190" />
  <attribute name="CPU Util" value="1808365605020" />
  <attribute name="Time Running"value="20811"/>
  <attribute name="Number of cores"value="4"/>
</cycle-end>
<allocation-satisfied id="4066" threadId="0000000001AB4700" bytesRequested="1168" />
<af-end id="4067" timestamp="2019-07-02T23:30:43.266" threadId="0000000001AB5088" success="true" />
<exclusive-end id="4068" timestamp="2019-07-02T23:30:43.266" durationms="11.788" />

<exclusive-start id="4069" timestamp="2019-07-02T23:30:43.269" intervalms="14.679">
  <response-info timems="0.065" idlems="0.065" threads="0" lastid="0000000001AB4700" lastname="main" />
</exclusive-start>
<af-start id="4070" threadId="0000000001AB5088" totalBytesRequested="1168" timestamp="2019-07-02T23:30:43.269" intervalms="14.660" />
<cycle-start id="4071" type="global" contextid="0" timestamp="2019-07-02T23:30:43.270" intervalms="14.652" />
  <attribute name="GC Util" value="190" />
  <attribute name="CPU Util" value="1808365605020" />
  <attribute name="Time Running"value="20811"/>
  <attribute name="Number of cores"value="4"/>
<gc-start id="4072" type="global" contextid="4071" timestamp="2019-07-02T23:30:43.270">
  <mem-info id="4073" free="458752" total="45875200" percent="1">
    <mem type="tenure" free="458752" total="45875200" percent="1">
      <mem type="soa" free="0" total="45416448" percent="0" />
      <mem type="loa" free="458752" total="458752" percent="100" />
    </mem>
  </mem-info>
</gc-start>
<allocation-stats totalBytes="27240272" >
  <allocated-bytes non-tlh="42048" tlh="27198224" />
  <largest-consumer threadName="main" threadId="0000000001AB4700" bytes="27240272" />
</allocation-stats>
<gc-op id="4074" type="mark" timems="9.179" contextid="4071" timestamp="2019-07-02T23:30:43.279">
  <trace-info objectcount="596181" scancount="517198" scanbytes="13269028" />
  <finalization candidates="80" enqueued="0" />
  <ownableSynchronizers candidates="21" cleared="0" />
  <references type="soft" candidates="1843" cleared="0" enqueued="0" dynamicThreshold="19" maxThreshold="32" />
  <references type="weak" candidates="5748" cleared="0" enqueued="0" />
  <references type="phantom" candidates="101" cleared="0" enqueued="0" />
  <stringconstants candidates="13253" cleared="0"  />
</gc-op>
<gc-op id="4075" type="sweep" timems="0.569" contextid="4071" timestamp="2019-07-02T23:30:43.280" />
<gc-end id="4076" type="global" contextid="4071" durationms="10.098" usertimems="28.000" systemtimems="0.000" timestamp="2019-07-02T23:30:43.280" activeThreads="4">
  <mem-info id="4077" free="27879760" total="45875200" percent="60">
    <mem type="tenure" free="27879760" total="45875200" percent="60" micro-fragmented="60737" macro-fragmented="0">
      <mem type="soa" free="27421008" total="45416448" percent="60" />
      <mem type="loa" free="458752" total="458752" percent="100" />
    </mem>
  </mem-info>
</gc-end>
<cycle-end id="4078" type="global" contextid="4071" timestamp="2019-07-02T23:30:43.280">
  <attribute name="GC Util" value="190" />
  <attribute name="CPU Util" value="1985350296908" />
  <attribute name="Time Running"value="20825"/>
  <attribute name="Number of cores"value="4"/>
</cycle-end>
<allocation-satisfied id="4079" threadId="0000000001AB4700" bytesRequested="1168" />
<af-end id="4080" timestamp="2019-07-02T23:30:43.280" threadId="0000000001AB5088" success="true" />
<exclusive-end id="4081" timestamp="2019-07-02T23:30:43.280" durationms="10.612" />

<exclusive-start id="4082" timestamp="2019-07-02T23:30:43.283" intervalms="14.016">
  <response-info timems="0.120" idlems="0.120" threads="0" lastid="0000000001AB4700" lastname="main" />
</exclusive-start>
<af-start id="4083" threadId="0000000001AB5088" totalBytesRequested="1168" timestamp="2019-07-02T23:30:43.283" intervalms="14.018" />
<cycle-start id="4084" type="global" contextid="0" timestamp="2019-07-02T23:30:43.284" intervalms="14.019" />
  <attribute name="GC Util" value="190" />
  <attribute name="CPU Util" value="1985350296908" />
  <attribute name="Time Running"value="20825"/>
  <attribute name="Number of cores"value="4"/>
<gc-start id="4085" type="global" contextid="4084" timestamp="2019-07-02T23:30:43.284">
  <mem-info id="4086" free="458752" total="45875200" percent="1">
    <mem type="tenure" free="458752" total="45875200" percent="1">
      <mem type="soa" free="0" total="45416448" percent="0" />
      <mem type="loa" free="458752" total="458752" percent="100" />
    </mem>
  </mem-info>
</gc-start>
<allocation-stats totalBytes="27225400" >
  <allocated-bytes non-tlh="42048" tlh="27183352" />
  <largest-consumer threadName="main" threadId="0000000001AB4700" bytes="27225400" />
</allocation-stats>
<gc-op id="4087" type="mark" timems="9.751" contextid="4084" timestamp="2019-07-02T23:30:43.293">
  <trace-info objectcount="596181" scancount="517177" scanbytes="13269048" />
  <finalization candidates="80" enqueued="0" />
  <ownableSynchronizers candidates="21" cleared="0" />
  <references type="soft" candidates="1843" cleared="0" enqueued="0" dynamicThreshold="19" maxThreshold="32" />
  <references type="weak" candidates="5748" cleared="0" enqueued="0" />
  <references type="phantom" candidates="101" cleared="0" enqueued="0" />
  <stringconstants candidates="13253" cleared="0"  />
</gc-op>
<gc-op id="4088" type="sweep" timems="0.751" contextid="4084" timestamp="2019-07-02T23:30:43.294" />
<gc-end id="4089" type="global" contextid="4084" durationms="10.848" usertimems="28.000" systemtimems="0.000" timestamp="2019-07-02T23:30:43.294" activeThreads="4">
  <mem-info id="4090" free="27879624" total="45875200" percent="60">
    <mem type="tenure" free="27879624" total="45875200" percent="60" micro-fragmented="64528" macro-fragmented="0">
      <mem type="soa" free="27420872" total="45416448" percent="60" />
      <mem type="loa" free="458752" total="458752" percent="100" />
    </mem>
  </mem-info>
</gc-end>
<cycle-end id="4091" type="global" contextid="4084" timestamp="2019-07-02T23:30:43.295">
  <attribute name="GC Util" value="190" />
  <attribute name="CPU Util" value="1872540542618" />
  <attribute name="Time Running"value="20839"/>
  <attribute name="Number of cores"value="4"/>
</cycle-end>
<allocation-satisfied id="4092" threadId="0000000001AB4700" bytesRequested="1168" />
<af-end id="4093" timestamp="2019-07-02T23:30:43.295" threadId="0000000001AB5088" success="true" />
<exclusive-end id="4094" timestamp="2019-07-02T23:30:43.295" durationms="11.373" />

<exclusive-start id="4095" timestamp="2019-07-02T23:30:43.298" intervalms="14.749">
  <response-info timems="0.654" idlems="0.336" threads="1" lastid="0000000001ABFB00" lastname="JIT Compilation Thread-2" />
</exclusive-start>
<af-start id="4096" threadId="0000000001AB5088" totalBytesRequested="1168" timestamp="2019-07-02T23:30:43.298" intervalms="14.742" />
<cycle-start id="4097" type="global" contextid="0" timestamp="2019-07-02T23:30:43.298" intervalms="14.745" />
  <attribute name="GC Util" value="190" />
  <attribute name="CPU Util" value="1872540542618" />
  <attribute name="Time Running"value="20839"/>
  <attribute name="Number of cores"value="4"/>
<gc-start id="4098" type="global" contextid="4097" timestamp="2019-07-02T23:30:43.298">
  <mem-info id="4099" free="458752" total="45875200" percent="1">
    <mem type="tenure" free="458752" total="45875200" percent="1">
      <mem type="soa" free="0" total="45416448" percent="0" />
      <mem type="loa" free="458752" total="458752" percent="100" />
    </mem>
  </mem-info>
</gc-start>
<allocation-stats totalBytes="27174600" >
  <allocated-bytes non-tlh="42048" tlh="27132552" />
  <largest-consumer threadName="main" threadId="0000000001AB4700" bytes="27174600" />
</allocation-stats>
<gc-op id="4100" type="mark" timems="9.134" contextid="4097" timestamp="2019-07-02T23:30:43.308">
  <trace-info objectcount="596181" scancount="517197" scanbytes="13269048" />
  <finalization candidates="80" enqueued="0" />
  <ownableSynchronizers candidates="21" cleared="0" />
  <references type="soft" candidates="1843" cleared="0" enqueued="0" dynamicThreshold="19" maxThreshold="32" />
  <references type="weak" candidates="5748" cleared="0" enqueued="0" />
  <references type="phantom" candidates="101" cleared="0" enqueued="0" />
  <stringconstants candidates="13253" cleared="0"  />
</gc-op>
<gc-op id="4101" type="sweep" timems="0.547" contextid="4097" timestamp="2019-07-02T23:30:43.308" />
<gc-end id="4102" type="global" contextid="4097" durationms="10.024" usertimems="28.000" systemtimems="0.000" timestamp="2019-07-02T23:30:43.308" activeThreads="4">
  <mem-info id="4103" free="27879624" total="45875200" percent="60">
    <mem type="tenure" free="27879624" total="45875200" percent="60" micro-fragmented="64528" macro-fragmented="0">
      <mem type="soa" free="27420872" total="45416448" percent="60" />
      <mem type="loa" free="458752" total="458752" percent="100" />
    </mem>
  </mem-info>
</gc-end>
<cycle-end id="4104" type="global" contextid="4097" timestamp="2019-07-02T23:30:43.309">
  <attribute name="GC Util" value="189" />
  <attribute name="CPU Util" value="1997085073033" />
  <attribute name="Time Running"value="20854"/>
  <attribute name="Number of cores"value="4"/>
</cycle-end>
<allocation-satisfied id="4105" threadId="0000000001AB4700" bytesRequested="1168" />
<af-end id="4106" timestamp="2019-07-02T23:30:43.309" threadId="0000000001AB5088" success="true" />
<exclusive-end id="4107" timestamp="2019-07-02T23:30:43.309" durationms="10.559" />

<exclusive-start id="4108" timestamp="2019-07-02T23:30:43.311" intervalms="13.322">
  <response-info timems="0.131" idlems="0.131" threads="0" lastid="0000000001AB4700" lastname="main" />
</exclusive-start>
<af-start id="4109" threadId="0000000001AB5088" totalBytesRequested="1168" timestamp="2019-07-02T23:30:43.312" intervalms="13.325" />
<cycle-start id="4110" type="global" contextid="0" timestamp="2019-07-02T23:30:43.312" intervalms="13.314" />
  <attribute name="GC Util" value="189" />
  <attribute name="CPU Util" value="1997085073033" />
  <attribute name="Time Running"value="20854"/>
  <attribute name="Number of cores"value="4"/>
<gc-start id="4111" type="global" contextid="4110" timestamp="2019-07-02T23:30:43.312">
  <mem-info id="4112" free="458752" total="45875200" percent="1">
    <mem type="tenure" free="458752" total="45875200" percent="1">
      <mem type="soa" free="0" total="45416448" percent="0" />
      <mem type="loa" free="458752" total="458752" percent="100" />
    </mem>
  </mem-info>
</gc-start>
<allocation-stats totalBytes="27175592" >
  <allocated-bytes non-tlh="42048" tlh="27133544" />
  <largest-consumer threadName="main" threadId="0000000001AB4700" bytes="27175592" />
</allocation-stats>
<gc-op id="4113" type="mark" timems="9.914" contextid="4110" timestamp="2019-07-02T23:30:43.322">
  <trace-info objectcount="596182" scancount="517178" scanbytes="13269072" />
  <finalization candidates="80" enqueued="0" />
  <ownableSynchronizers candidates="21" cleared="0" />
  <references type="soft" candidates="1843" cleared="0" enqueued="0" dynamicThreshold="19" maxThreshold="32" />
  <references type="weak" candidates="5748" cleared="0" enqueued="0" />
  <references type="phantom" candidates="101" cleared="0" enqueued="0" />
  <stringconstants candidates="13253" cleared="0"  />
</gc-op>
<gc-op id="4114" type="sweep" timems="0.734" contextid="4110" timestamp="2019-07-02T23:30:43.323" />
<gc-end id="4115" type="global" contextid="4110" durationms="11.007" usertimems="32.000" systemtimems="0.000" timestamp="2019-07-02T23:30:43.323" activeThreads="4">
  <mem-info id="4116" free="27879600" total="45875200" percent="60">
    <mem type="tenure" free="27879600" total="45875200" percent="60" micro-fragmented="64528" macro-fragmented="0">
      <mem type="soa" free="27420848" total="45416448" percent="60" />
      <mem type="loa" free="458752" total="458752" percent="100" />
    </mem>
  </mem-info>
</gc-end>
<cycle-end id="4117" type="global" contextid="4110" timestamp="2019-07-02T23:30:43.323">
  <attribute name="GC Util" value="190" />
  <attribute name="CPU Util" value="1841652730326" />
  <attribute name="Time Running"value="20868"/>
  <attribute name="Number of cores"value="4"/>
</cycle-end>
<allocation-satisfied id="4118" threadId="0000000001AB4700" bytesRequested="1168" />
<af-end id="4119" timestamp="2019-07-02T23:30:43.323" threadId="0000000001AB5088" success="true" />
<exclusive-end id="4120" timestamp="2019-07-02T23:30:43.323" durationms="11.501" />

<exclusive-start id="4121" timestamp="2019-07-02T23:30:43.326" intervalms="14.233">
  <response-info timems="0.066" idlems="0.066" threads="0" lastid="0000000001AB4700" lastname="main" />
</exclusive-start>
<af-start id="4122" threadId="0000000001AB5088" totalBytesRequested="1168" timestamp="2019-07-02T23:30:43.326" intervalms="14.237" />
<cycle-start id="4123" type="global" contextid="0" timestamp="2019-07-02T23:30:43.326" intervalms="14.258" />
  <attribute name="GC Util" value="190" />
  <attribute name="CPU Util" value="1841652730326" />
  <attribute name="Time Running"value="20868"/>
  <attribute name="Number of cores"value="4"/>
<gc-start id="4124" type="global" contextid="4123" timestamp="2019-07-02T23:30:43.326">
  <mem-info id="4125" free="458752" total="45875200" percent="1">
    <mem type="tenure" free="458752" total="45875200" percent="1">
      <mem type="soa" free="0" total="45416448" percent="0" />
      <mem type="loa" free="458752" total="458752" percent="100" />
    </mem>
  </mem-info>
</gc-start>
<allocation-stats totalBytes="27181392" >
  <allocated-bytes non-tlh="42048" tlh="27139344" />
  <largest-consumer threadName="main" threadId="0000000001AB4700" bytes="27181392" />
</allocation-stats>
<gc-op id="4126" type="mark" timems="9.114" contextid="4123" timestamp="2019-07-02T23:30:43.335">
  <trace-info objectcount="596182" scancount="517178" scanbytes="13269072" />
  <finalization candidates="80" enqueued="0" />
  <ownableSynchronizers candidates="21" cleared="0" />
  <references type="soft" candidates="1843" cleared="0" enqueued="0" dynamicThreshold="19" maxThreshold="32" />
  <references type="weak" candidates="5748" cleared="0" enqueued="0" />
  <references type="phantom" candidates="101" cleared="0" enqueued="0" />
  <stringconstants candidates="13253" cleared="0"  />
</gc-op>
<gc-op id="4127" type="sweep" timems="0.559" contextid="4123" timestamp="2019-07-02T23:30:43.336" />
<gc-end id="4128" type="global" contextid="4123" durationms="10.045" usertimems="28.000" systemtimems="0.000" timestamp="2019-07-02T23:30:43.336" activeThreads="4">
  <mem-info id="4129" free="27879600" total="45875200" percent="60">
    <mem type="tenure" free="27879600" total="45875200" percent="60" micro-fragmented="64528" macro-fragmented="0">
      <mem type="soa" free="27420848" total="45416448" percent="60" />
      <mem type="loa" free="458752" total="458752" percent="100" />
    </mem>
  </mem-info>
</gc-end>
<cycle-end id="4130" type="global" contextid="4123" timestamp="2019-07-02T23:30:43.336">
  <attribute name="GC Util" value="189" />
  <attribute name="CPU Util" value="1998761664670" />
  <attribute name="Time Running"value="20881"/>
  <attribute name="Number of cores"value="4"/>
</cycle-end>
<allocation-satisfied id="4131" threadId="0000000001AB4700" bytesRequested="1168" />
<af-end id="4132" timestamp="2019-07-02T23:30:43.336" threadId="0000000001AB5088" success="true" />
<exclusive-end id="4133" timestamp="2019-07-02T23:30:43.336" durationms="10.561" />

<exclusive-start id="4134" timestamp="2019-07-02T23:30:43.339" intervalms="13.288">
  <response-info timems="0.080" idlems="0.080" threads="0" lastid="0000000001AB4700" lastname="main" />
</exclusive-start>
<af-start id="4135" threadId="0000000001AB5088" totalBytesRequested="1168" timestamp="2019-07-02T23:30:43.339" intervalms="13.280" />
<cycle-start id="4136" type="global" contextid="0" timestamp="2019-07-02T23:30:43.339" intervalms="13.265" />
  <attribute name="GC Util" value="189" />
  <attribute name="CPU Util" value="1998761664670" />
  <attribute name="Time Running"value="20881"/>
  <attribute name="Number of cores"value="4"/>
<gc-start id="4137" type="global" contextid="4136" timestamp="2019-07-02T23:30:43.339">
  <mem-info id="4138" free="458752" total="45875200" percent="1">
    <mem type="tenure" free="458752" total="45875200" percent="1">
      <mem type="soa" free="0" total="45416448" percent="0" />
      <mem type="loa" free="458752" total="458752" percent="100" />
    </mem>
  </mem-info>
</gc-start>
<allocation-stats totalBytes="27185136" >
  <allocated-bytes non-tlh="42048" tlh="27143088" />
  <largest-consumer threadName="main" threadId="0000000001AB4700" bytes="27185136" />
</allocation-stats>
<gc-op id="4139" type="mark" timems="10.146" contextid="4136" timestamp="2019-07-02T23:30:43.349">
  <trace-info objectcount="596182" scancount="517173" scanbytes="13269072" />
  <finalization candidates="80" enqueued="0" />
  <ownableSynchronizers candidates="21" cleared="0" />
  <references type="soft" candidates="1843" cleared="0" enqueued="0" dynamicThreshold="19" maxThreshold="32" />
  <references type="weak" candidates="5748" cleared="0" enqueued="0" />
  <references type="phantom" candidates="101" cleared="0" enqueued="0" />
  <stringconstants candidates="13253" cleared="0"  />
</gc-op>
<gc-op id="4140" type="sweep" timems="0.718" contextid="4136" timestamp="2019-07-02T23:30:43.350" />
<gc-end id="4141" type="global" contextid="4136" durationms="11.205" usertimems="32.000" systemtimems="0.000" timestamp="2019-07-02T23:30:43.350" activeThreads="4">
  <mem-info id="4142" free="27879600" total="45875200" percent="60">
    <mem type="tenure" free="27879600" total="45875200" percent="60" micro-fragmented="64528" macro-fragmented="0">
      <mem type="soa" free="27420848" total="45416448" percent="60" />
      <mem type="loa" free="458752" total="458752" percent="100" />
    </mem>
  </mem-info>
</gc-end>
<cycle-end id="4143" type="global" contextid="4136" timestamp="2019-07-02T23:30:43.350">
  <attribute name="GC Util" value="187" />
  <attribute name="CPU Util" value="1799974483158" />
  <attribute name="Time Running"value="20895"/>
  <attribute name="Number of cores"value="4"/>
</cycle-end>
<allocation-satisfied id="4144" threadId="0000000001AB4700" bytesRequested="1168" />
<af-end id="4145" timestamp="2019-07-02T23:30:43.351" threadId="0000000001AB5088" success="true" />
<exclusive-end id="4146" timestamp="2019-07-02T23:30:43.351" durationms="11.718" />

<exclusive-start id="4147" timestamp="2019-07-02T23:30:43.353" intervalms="14.444">
  <response-info timems="0.062" idlems="0.062" threads="0" lastid="0000000001AB4700" lastname="main" />
</exclusive-start>
<af-start id="4148" threadId="0000000001AB5088" totalBytesRequested="1168" timestamp="2019-07-02T23:30:43.353" intervalms="14.442" />
<cycle-start id="4149" type="global" contextid="0" timestamp="2019-07-02T23:30:43.354" intervalms="14.448" />
  <attribute name="GC Util" value="187" />
  <attribute name="CPU Util" value="1799974483158" />
  <attribute name="Time Running"value="20895"/>
  <attribute name="Number of cores"value="4"/>
<gc-start id="4150" type="global" contextid="4149" timestamp="2019-07-02T23:30:43.354">
  <mem-info id="4151" free="458752" total="45875200" percent="1">
    <mem type="tenure" free="458752" total="45875200" percent="1">
      <mem type="soa" free="0" total="45416448" percent="0" />
      <mem type="loa" free="458752" total="458752" percent="100" />
    </mem>
  </mem-info>
</gc-start>
<allocation-stats totalBytes="27183872" >
  <allocated-bytes non-tlh="42048" tlh="27141824" />
  <largest-consumer threadName="main" threadId="0000000001AB4700" bytes="27183872" />
</allocation-stats>
<gc-op id="4152" type="mark" timems="9.088" contextid="4149" timestamp="2019-07-02T23:30:43.363">
  <trace-info objectcount="596182" scancount="517176" scanbytes="13269072" />
  <finalization candidates="80" enqueued="0" />
  <ownableSynchronizers candidates="21" cleared="0" />
  <references type="soft" candidates="1843" cleared="0" enqueued="0" dynamicThreshold="19" maxThreshold="32" />
  <references type="weak" candidates="5748" cleared="0" enqueued="0" />
  <references type="phantom" candidates="101" cleared="0" enqueued="0" />
  <stringconstants candidates="13253" cleared="0"  />
</gc-op>
<gc-op id="4153" type="sweep" timems="0.533" contextid="4149" timestamp="2019-07-02T23:30:43.363" />
<gc-end id="4154" type="global" contextid="4149" durationms="9.965" usertimems="28.000" systemtimems="0.000" timestamp="2019-07-02T23:30:43.364" activeThreads="4">
  <mem-info id="4155" free="27879600" total="45875200" percent="60">
    <mem type="tenure" free="27879600" total="45875200" percent="60" micro-fragmented="64528" macro-fragmented="0">
      <mem type="soa" free="27420848" total="45416448" percent="60" />
      <mem type="loa" free="458752" total="458752" percent="100" />
    </mem>
  </mem-info>
</gc-end>
<cycle-end id="4156" type="global" contextid="4149" timestamp="2019-07-02T23:30:43.364">
  <attribute name="GC Util" value="190" />
  <attribute name="CPU Util" value="2006463289323" />
  <attribute name="Time Running"value="20909"/>
  <attribute name="Number of cores"value="4"/>
</cycle-end>
<allocation-satisfied id="4157" threadId="0000000001AB4700" bytesRequested="1168" />
<af-end id="4158" timestamp="2019-07-02T23:30:43.364" threadId="0000000001AB5088" success="true" />
<exclusive-end id="4159" timestamp="2019-07-02T23:30:43.364" durationms="10.463" />

<exclusive-start id="4160" timestamp="2019-07-02T23:30:43.367" intervalms="13.238">
  <response-info timems="0.126" idlems="0.126" threads="0" lastid="0000000001AB4700" lastname="main" />
</exclusive-start>
<af-start id="4161" threadId="0000000001AB5088" totalBytesRequested="1168" timestamp="2019-07-02T23:30:43.367" intervalms="13.240" />
<cycle-start id="4162" type="global" contextid="0" timestamp="2019-07-02T23:30:43.367" intervalms="13.240" />
  <attribute name="GC Util" value="190" />
  <attribute name="CPU Util" value="2006463289323" />
  <attribute name="Time Running"value="20909"/>
  <attribute name="Number of cores"value="4"/>
<gc-start id="4163" type="global" contextid="4162" timestamp="2019-07-02T23:30:43.367">
  <mem-info id="4164" free="458752" total="45875200" percent="1">
    <mem type="tenure" free="458752" total="45875200" percent="1">
      <mem type="soa" free="0" total="45416448" percent="0" />
      <mem type="loa" free="458752" total="458752" percent="100" />
    </mem>
  </mem-info>
</gc-start>
<allocation-stats totalBytes="27182632" >
  <allocated-bytes non-tlh="42048" tlh="27140584" />
  <largest-consumer threadName="main" threadId="0000000001AB4700" bytes="27182632" />
</allocation-stats>
<gc-op id="4165" type="mark" timems="9.634" contextid="4162" timestamp="2019-07-02T23:30:43.377">
  <trace-info objectcount="596182" scancount="517177" scanbytes="13269072" />
  <finalization candidates="80" enqueued="0" />
  <ownableSynchronizers candidates="21" cleared="0" />
  <references type="soft" candidates="1843" cleared="0" enqueued="0" dynamicThreshold="19" maxThreshold="32" />
  <references type="weak" candidates="5748" cleared="0" enqueued="0" />
  <references type="phantom" candidates="101" cleared="0" enqueued="0" />
  <stringconstants candidates="13253" cleared="0"  />
</gc-op>
<gc-op id="4166" type="sweep" timems="0.713" contextid="4162" timestamp="2019-07-02T23:30:43.377" />
<gc-end id="4167" type="global" contextid="4162" durationms="10.712" usertimems="28.000" systemtimems="0.000" timestamp="2019-07-02T23:30:43.378" activeThreads="4">
  <mem-info id="4168" free="27879600" total="45875200" percent="60">
    <mem type="tenure" free="27879600" total="45875200" percent="60" micro-fragmented="64528" macro-fragmented="0">
      <mem type="soa" free="27420848" total="45416448" percent="60" />
      <mem type="loa" free="458752" total="458752" percent="100" />
    </mem>
  </mem-info>
</gc-end>
<cycle-end id="4169" type="global" contextid="4162" timestamp="2019-07-02T23:30:43.378">
  <attribute name="GC Util" value="189" />
  <attribute name="CPU Util" value="1893384873542" />
  <attribute name="Time Running"value="20923"/>
  <attribute name="Number of cores"value="4"/>
</cycle-end>
<allocation-satisfied id="4170" threadId="0000000001AB4700" bytesRequested="1168" />
<af-end id="4171" timestamp="2019-07-02T23:30:43.378" threadId="0000000001AB5088" success="true" />
<exclusive-end id="4172" timestamp="2019-07-02T23:30:43.378" durationms="11.215" />

<exclusive-start id="4173" timestamp="2019-07-02T23:30:43.381" intervalms="13.924">
  <response-info timems="0.070" idlems="0.070" threads="0" lastid="0000000001AB4700" lastname="main" />
</exclusive-start>
<af-start id="4174" threadId="0000000001AB5088" totalBytesRequested="1168" timestamp="2019-07-02T23:30:43.381" intervalms="13.925" />
<cycle-start id="4175" type="global" contextid="0" timestamp="2019-07-02T23:30:43.381" intervalms="13.919" />
  <attribute name="GC Util" value="189" />
  <attribute name="CPU Util" value="1893384873542" />
  <attribute name="Time Running"value="20923"/>
  <attribute name="Number of cores"value="4"/>
<gc-start id="4176" type="global" contextid="4175" timestamp="2019-07-02T23:30:43.381">
  <mem-info id="4177" free="458752" total="45875200" percent="1">
    <mem type="tenure" free="458752" total="45875200" percent="1">
      <mem type="soa" free="0" total="45416448" percent="0" />
      <mem type="loa" free="458752" total="458752" percent="100" />
    </mem>
  </mem-info>
</gc-start>
<allocation-stats totalBytes="27183872" >
  <allocated-bytes non-tlh="42048" tlh="27141824" />
  <largest-consumer threadName="main" threadId="0000000001AB4700" bytes="27183872" />
</allocation-stats>
<gc-op id="4178" type="mark" timems="9.623" contextid="4175" timestamp="2019-07-02T23:30:43.391">
  <trace-info objectcount="596182" scancount="517179" scanbytes="13269072" />
  <finalization candidates="80" enqueued="0" />
  <ownableSynchronizers candidates="21" cleared="0" />
  <references type="soft" candidates="1843" cleared="0" enqueued="0" dynamicThreshold="19" maxThreshold="32" />
  <references type="weak" candidates="5748" cleared="0" enqueued="0" />
  <references type="phantom" candidates="101" cleared="0" enqueued="0" />
  <stringconstants candidates="13253" cleared="0"  />
</gc-op>
<gc-op id="4179" type="sweep" timems="0.743" contextid="4175" timestamp="2019-07-02T23:30:43.391" />
<gc-end id="4180" type="global" contextid="4175" durationms="10.708" usertimems="24.000" systemtimems="8.000" timestamp="2019-07-02T23:30:43.392" activeThreads="4">
  <mem-info id="4181" free="27879600" total="45875200" percent="60">
    <mem type="tenure" free="27879600" total="45875200" percent="60" micro-fragmented="64528" macro-fragmented="0">
      <mem type="soa" free="27420848" total="45416448" percent="60" />
      <mem type="loa" free="458752" total="458752" percent="100" />
    </mem>
  </mem-info>
</gc-end>
<cycle-end id="4182" type="global" contextid="4175" timestamp="2019-07-02T23:30:43.392">
  <attribute name="GC Util" value="190" />
  <attribute name="CPU Util" value="1896275590157" />
  <attribute name="Time Running"value="20937"/>
  <attribute name="Number of cores"value="4"/>
</cycle-end>
<allocation-satisfied id="4183" threadId="0000000001AB4700" bytesRequested="1168" />
<af-end id="4184" timestamp="2019-07-02T23:30:43.392" threadId="0000000001AB5088" success="true" />
<exclusive-end id="4185" timestamp="2019-07-02T23:30:43.392" durationms="11.225" />

<exclusive-start id="4186" timestamp="2019-07-02T23:30:43.394" intervalms="13.946">
  <response-info timems="0.078" idlems="0.078" threads="0" lastid="0000000001AB4700" lastname="main" />
</exclusive-start>
<af-start id="4187" threadId="0000000001AB5088" totalBytesRequested="1168" timestamp="2019-07-02T23:30:43.395" intervalms="13.946" />
<cycle-start id="4188" type="global" contextid="0" timestamp="2019-07-02T23:30:43.395" intervalms="13.939" />
  <attribute name="GC Util" value="190" />
  <attribute name="CPU Util" value="1896275590157" />
  <attribute name="Time Running"value="20937"/>
  <attribute name="Number of cores"value="4"/>
<gc-start id="4189" type="global" contextid="4188" timestamp="2019-07-02T23:30:43.395">
  <mem-info id="4190" free="458752" total="45875200" percent="1">
    <mem type="tenure" free="458752" total="45875200" percent="1">
      <mem type="soa" free="0" total="45416448" percent="0" />
      <mem type="loa" free="458752" total="458752" percent="100" />
    </mem>
  </mem-info>
</gc-start>
<allocation-stats totalBytes="27185136" >
  <allocated-bytes non-tlh="42048" tlh="27143088" />
  <largest-consumer threadName="main" threadId="0000000001AB4700" bytes="27185136" />
</allocation-stats>
<gc-op id="4191" type="mark" timems="9.386" contextid="4188" timestamp="2019-07-02T23:30:43.404">
  <trace-info objectcount="596182" scancount="517198" scanbytes="13269072" />
  <finalization candidates="80" enqueued="0" />
  <ownableSynchronizers candidates="21" cleared="0" />
  <references type="soft" candidates="1843" cleared="0" enqueued="0" dynamicThreshold="19" maxThreshold="32" />
  <references type="weak" candidates="5748" cleared="0" enqueued="0" />
  <references type="phantom" candidates="101" cleared="0" enqueued="0" />
  <stringconstants candidates="13253" cleared="0"  />
</gc-op>
<gc-op id="4192" type="sweep" timems="0.611" contextid="4188" timestamp="2019-07-02T23:30:43.405" />
<gc-end id="4193" type="global" contextid="4188" durationms="10.346" usertimems="28.000" systemtimems="0.000" timestamp="2019-07-02T23:30:43.405" activeThreads="4">
  <mem-info id="4194" free="27879600" total="45875200" percent="60">
    <mem type="tenure" free="27879600" total="45875200" percent="60" micro-fragmented="64528" macro-fragmented="0">
      <mem type="soa" free="27420848" total="45416448" percent="60" />
      <mem type="loa" free="458752" total="458752" percent="100" />
    </mem>
  </mem-info>
</gc-end>
<cycle-end id="4195" type="global" contextid="4188" timestamp="2019-07-02T23:30:43.405">
  <attribute name="GC Util" value="188" />
  <attribute name="CPU Util" value="1943516730353" />
  <attribute name="Time Running"value="20950"/>
  <attribute name="Number of cores"value="4"/>
</cycle-end>
<allocation-satisfied id="4196" threadId="0000000001AB4700" bytesRequested="1168" />
<af-end id="4197" timestamp="2019-07-02T23:30:43.405" threadId="0000000001AB5088" success="true" />
<exclusive-end id="4198" timestamp="2019-07-02T23:30:43.405" durationms="10.849" />

<exclusive-start id="4199" timestamp="2019-07-02T23:30:43.408" intervalms="13.530">
  <response-info timems="0.049" idlems="0.049" threads="0" lastid="0000000001AB4700" lastname="main" />
</exclusive-start>
<af-start id="4200" threadId="0000000001AB5088" totalBytesRequested="1168" timestamp="2019-07-02T23:30:43.408" intervalms="13.537" />
<cycle-start id="4201" type="global" contextid="0" timestamp="2019-07-02T23:30:43.408" intervalms="13.538" />
  <attribute name="GC Util" value="188" />
  <attribute name="CPU Util" value="1943516730353" />
  <attribute name="Time Running"value="20950"/>
  <attribute name="Number of cores"value="4"/>
<gc-start id="4202" type="global" contextid="4201" timestamp="2019-07-02T23:30:43.408">
  <mem-info id="4203" free="458752" total="45875200" percent="1">
    <mem type="tenure" free="458752" total="45875200" percent="1">
      <mem type="soa" free="0" total="45416448" percent="0" />
      <mem type="loa" free="458752" total="458752" percent="100" />
    </mem>
  </mem-info>
</gc-start>
<allocation-stats totalBytes="27181392" >
  <allocated-bytes non-tlh="42048" tlh="27139344" />
  <largest-consumer threadName="main" threadId="0000000001AB4700" bytes="27181392" />
</allocation-stats>
<gc-op id="4204" type="mark" timems="9.284" contextid="4201" timestamp="2019-07-02T23:30:43.418">
  <trace-info objectcount="596182" scancount="517178" scanbytes="13269072" />
  <finalization candidates="80" enqueued="0" />
  <ownableSynchronizers candidates="21" cleared="0" />
  <references type="soft" candidates="1843" cleared="0" enqueued="0" dynamicThreshold="19" maxThreshold="32" />
  <references type="weak" candidates="5748" cleared="0" enqueued="0" />
  <references type="phantom" candidates="101" cleared="0" enqueued="0" />
  <stringconstants candidates="13253" cleared="0"  />
</gc-op>
<gc-op id="4205" type="sweep" timems="0.764" contextid="4201" timestamp="2019-07-02T23:30:43.419" />
<gc-end id="4206" type="global" contextid="4201" durationms="10.407" usertimems="28.000" systemtimems="0.000" timestamp="2019-07-02T23:30:43.419" activeThreads="4">
  <mem-info id="4207" free="27879600" total="45875200" percent="60">
    <mem type="tenure" free="27879600" total="45875200" percent="60" micro-fragmented="64528" macro-fragmented="0">
      <mem type="soa" free="27420848" total="45416448" percent="60" />
      <mem type="loa" free="458752" total="458752" percent="100" />
    </mem>
  </mem-info>
</gc-end>
<cycle-end id="4208" type="global" contextid="4201" timestamp="2019-07-02T23:30:43.419">
  <attribute name="GC Util" value="189" />
  <attribute name="CPU Util" value="1964046522328" />
  <attribute name="Time Running"value="20964"/>
  <attribute name="Number of cores"value="4"/>
</cycle-end>
<allocation-satisfied id="4209" threadId="0000000001AB4700" bytesRequested="1168" />
<af-end id="4210" timestamp="2019-07-02T23:30:43.419" threadId="0000000001AB5088" success="true" />
<exclusive-end id="4211" timestamp="2019-07-02T23:30:43.419" durationms="10.891" />

<exclusive-start id="4212" timestamp="2019-07-02T23:30:43.422" intervalms="13.640">
  <response-info timems="0.087" idlems="0.087" threads="0" lastid="0000000001AB4700" lastname="main" />
</exclusive-start>
<af-start id="4213" threadId="0000000001AB5088" totalBytesRequested="1168" timestamp="2019-07-02T23:30:43.422" intervalms="13.641" />
<cycle-start id="4214" type="global" contextid="0" timestamp="2019-07-02T23:30:43.422" intervalms="13.656" />
  <attribute name="GC Util" value="189" />
  <attribute name="CPU Util" value="1964046522328" />
  <attribute name="Time Running"value="20964"/>
  <attribute name="Number of cores"value="4"/>
<gc-start id="4215" type="global" contextid="4214" timestamp="2019-07-02T23:30:43.422">
  <mem-info id="4216" free="458752" total="45875200" percent="1">
    <mem type="tenure" free="458752" total="45875200" percent="1">
      <mem type="soa" free="0" total="45416448" percent="0" />
      <mem type="loa" free="458752" total="458752" percent="100" />
    </mem>
  </mem-info>
</gc-start>
<allocation-stats totalBytes="27181392" >
  <allocated-bytes non-tlh="42048" tlh="27139344" />
  <largest-consumer threadName="main" threadId="0000000001AB4700" bytes="27181392" />
</allocation-stats>
<gc-op id="4217" type="mark" timems="9.083" contextid="4214" timestamp="2019-07-02T23:30:43.431">
  <trace-info objectcount="596182" scancount="517200" scanbytes="13269072" />
  <finalization candidates="80" enqueued="0" />
  <ownableSynchronizers candidates="21" cleared="0" />
  <references type="soft" candidates="1843" cleared="0" enqueued="0" dynamicThreshold="19" maxThreshold="32" />
  <references type="weak" candidates="5748" cleared="0" enqueued="0" />
  <references type="phantom" candidates="101" cleared="0" enqueued="0" />
  <stringconstants candidates="13253" cleared="0"  />
</gc-op>
<gc-op id="4218" type="sweep" timems="0.599" contextid="4214" timestamp="2019-07-02T23:30:43.432" />
<gc-end id="4219" type="global" contextid="4214" durationms="10.071" usertimems="28.000" systemtimems="0.000" timestamp="2019-07-02T23:30:43.432" activeThreads="4">
  <mem-info id="4220" free="27879600" total="45875200" percent="60">
    <mem type="tenure" free="27879600" total="45875200" percent="60" micro-fragmented="64528" macro-fragmented="0">
      <mem type="soa" free="27420848" total="45416448" percent="60" />
      <mem type="loa" free="458752" total="458752" percent="100" />
    </mem>
  </mem-info>
</gc-end>
<cycle-end id="4221" type="global" contextid="4214" timestamp="2019-07-02T23:30:43.432">
  <attribute name="GC Util" value="190" />
  <attribute name="CPU Util" value="2008128999925" />
  <attribute name="Time Running"value="20977"/>
  <attribute name="Number of cores"value="4"/>
</cycle-end>
<allocation-satisfied id="4222" threadId="0000000001AB4700" bytesRequested="1168" />
<af-end id="4223" timestamp="2019-07-02T23:30:43.432" threadId="0000000001AB5088" success="true" />
<exclusive-end id="4224" timestamp="2019-07-02T23:30:43.432" durationms="10.593" />

<exclusive-start id="4225" timestamp="2019-07-02T23:30:43.435" intervalms="13.316">
  <response-info timems="0.083" idlems="0.083" threads="0" lastid="0000000001AB4700" lastname="main" />
</exclusive-start>
<af-start id="4226" threadId="0000000001AB5088" totalBytesRequested="1168" timestamp="2019-07-02T23:30:43.435" intervalms="13.309" />
<cycle-start id="4227" type="global" contextid="0" timestamp="2019-07-02T23:30:43.435" intervalms="13.300" />
  <attribute name="GC Util" value="190" />
  <attribute name="CPU Util" value="2008128999925" />
  <attribute name="Time Running"value="20977"/>
  <attribute name="Number of cores"value="4"/>
<gc-start id="4228" type="global" contextid="4227" timestamp="2019-07-02T23:30:43.435">
  <mem-info id="4229" free="458752" total="45875200" percent="1">
    <mem type="tenure" free="458752" total="45875200" percent="1">
      <mem type="soa" free="0" total="45416448" percent="0" />
      <mem type="loa" free="458752" total="458752" percent="100" />
    </mem>
  </mem-info>
</gc-start>
<allocation-stats totalBytes="27183896" >
  <allocated-bytes non-tlh="42048" tlh="27141848" />
  <largest-consumer threadName="main" threadId="0000000001AB4700" bytes="27183896" />
</allocation-stats>
<gc-op id="4230" type="mark" timems="9.052" contextid="4227" timestamp="2019-07-02T23:30:43.444">
  <trace-info objectcount="596182" scancount="517201" scanbytes="13269072" />
  <finalization candidates="80" enqueued="0" />
  <ownableSynchronizers candidates="21" cleared="0" />
  <references type="soft" candidates="1843" cleared="0" enqueued="0" dynamicThreshold="19" maxThreshold="32" />
  <references type="weak" candidates="5748" cleared="0" enqueued="0" />
  <references type="phantom" candidates="101" cleared="0" enqueued="0" />
  <stringconstants candidates="13253" cleared="0"  />
</gc-op>
<gc-op id="4231" type="sweep" timems="0.597" contextid="4227" timestamp="2019-07-02T23:30:43.445" />
<gc-end id="4232" type="global" contextid="4227" durationms="10.001" usertimems="28.000" systemtimems="0.000" timestamp="2019-07-02T23:30:43.445" activeThreads="4">
  <mem-info id="4233" free="27879600" total="45875200" percent="60">
    <mem type="tenure" free="27879600" total="45875200" percent="60" micro-fragmented="64528" macro-fragmented="0">
      <mem type="soa" free="27420848" total="45416448" percent="60" />
      <mem type="loa" free="458752" total="458752" percent="100" />
    </mem>
  </mem-info>
</gc-end>
<cycle-end id="4234" type="global" contextid="4227" timestamp="2019-07-02T23:30:43.445">
  <attribute name="GC Util" value="189" />
  <attribute name="CPU Util" value="2014694166776" />
  <attribute name="Time Running"value="20990"/>
  <attribute name="Number of cores"value="4"/>
</cycle-end>
<allocation-satisfied id="4235" threadId="0000000001AB4700" bytesRequested="1168" />
<af-end id="4236" timestamp="2019-07-02T23:30:43.445" threadId="0000000001AB5088" success="true" />
<exclusive-end id="4237" timestamp="2019-07-02T23:30:43.445" durationms="10.524" />

<exclusive-start id="4238" timestamp="2019-07-02T23:30:43.448" intervalms="13.223">
  <response-info timems="0.081" idlems="0.081" threads="0" lastid="0000000001AB4700" lastname="main" />
</exclusive-start>
<af-start id="4239" threadId="0000000001AB5088" totalBytesRequested="1168" timestamp="2019-07-02T23:30:43.448" intervalms="13.226" />
<cycle-start id="4240" type="global" contextid="0" timestamp="2019-07-02T23:30:43.448" intervalms="13.220" />
  <attribute name="GC Util" value="189" />
  <attribute name="CPU Util" value="2014694166776" />
  <attribute name="Time Running"value="20990"/>
  <attribute name="Number of cores"value="4"/>
<gc-start id="4241" type="global" contextid="4240" timestamp="2019-07-02T23:30:43.448">
  <mem-info id="4242" free="458752" total="45875200" percent="1">
    <mem type="tenure" free="458752" total="45875200" percent="1">
      <mem type="soa" free="0" total="45416448" percent="0" />
      <mem type="loa" free="458752" total="458752" percent="100" />
    </mem>
  </mem-info>
</gc-start>
<allocation-stats totalBytes="27183872" >
  <allocated-bytes non-tlh="42048" tlh="27141824" />
  <largest-consumer threadName="main" threadId="0000000001AB4700" bytes="27183872" />
</allocation-stats>
<gc-op id="4243" type="mark" timems="9.494" contextid="4240" timestamp="2019-07-02T23:30:43.458">
  <trace-info objectcount="596182" scancount="517178" scanbytes="13269072" />
  <finalization candidates="80" enqueued="0" />
  <ownableSynchronizers candidates="21" cleared="0" />
  <references type="soft" candidates="1843" cleared="0" enqueued="0" dynamicThreshold="19" maxThreshold="32" />
  <references type="weak" candidates="5748" cleared="0" enqueued="0" />
  <references type="phantom" candidates="101" cleared="0" enqueued="0" />
  <stringconstants candidates="13253" cleared="0"  />
</gc-op>
<gc-op id="4244" type="sweep" timems="0.731" contextid="4240" timestamp="2019-07-02T23:30:43.459" />
<gc-end id="4245" type="global" contextid="4240" durationms="10.570" usertimems="28.000" systemtimems="0.000" timestamp="2019-07-02T23:30:43.459" activeThreads="4">
  <mem-info id="4246" free="27879600" total="45875200" percent="60">
    <mem type="tenure" free="27879600" total="45875200" percent="60" micro-fragmented="64528" macro-fragmented="0">
      <mem type="soa" free="27420848" total="45416448" percent="60" />
      <mem type="loa" free="458752" total="458752" percent="100" />
    </mem>
  </mem-info>
</gc-end>
<cycle-end id="4247" type="global" contextid="4240" timestamp="2019-07-02T23:30:43.459">
  <attribute name="GC Util" value="191" />
  <attribute name="CPU Util" value="1921716919179" />
  <attribute name="Time Running"value="21004"/>
  <attribute name="Number of cores"value="4"/>
</cycle-end>
<allocation-satisfied id="4248" threadId="0000000001AB4700" bytesRequested="1168" />
<af-end id="4249" timestamp="2019-07-02T23:30:43.459" threadId="0000000001AB5088" success="true" />
<exclusive-end id="4250" timestamp="2019-07-02T23:30:43.459" durationms="11.071" />

<exclusive-start id="4251" timestamp="2019-07-02T23:30:43.462" intervalms="13.802">
  <response-info timems="0.068" idlems="0.068" threads="0" lastid="0000000001AB4700" lastname="main" />
</exclusive-start>
<af-start id="4252" threadId="0000000001AB5088" totalBytesRequested="1168" timestamp="2019-07-02T23:30:43.462" intervalms="13.799" />
<cycle-start id="4253" type="global" contextid="0" timestamp="2019-07-02T23:30:43.462" intervalms="13.820" />
  <attribute name="GC Util" value="191" />
  <attribute name="CPU Util" value="1921716919179" />
  <attribute name="Time Running"value="21004"/>
  <attribute name="Number of cores"value="4"/>
<gc-start id="4254" type="global" contextid="4253" timestamp="2019-07-02T23:30:43.462">
  <mem-info id="4255" free="458752" total="45875200" percent="1">
    <mem type="tenure" free="458752" total="45875200" percent="1">
      <mem type="soa" free="0" total="45416448" percent="0" />
      <mem type="loa" free="458752" total="458752" percent="100" />
    </mem>
  </mem-info>
</gc-start>
<allocation-stats totalBytes="27182632" >
  <allocated-bytes non-tlh="42048" tlh="27140584" />
  <largest-consumer threadName="main" threadId="0000000001AB4700" bytes="27182632" />
</allocation-stats>
<gc-op id="4256" type="mark" timems="9.059" contextid="4253" timestamp="2019-07-02T23:30:43.471">
  <trace-info objectcount="596182" scancount="517177" scanbytes="13269072" />
  <finalization candidates="80" enqueued="0" />
  <ownableSynchronizers candidates="21" cleared="0" />
  <references type="soft" candidates="1843" cleared="0" enqueued="0" dynamicThreshold="19" maxThreshold="32" />
  <references type="weak" candidates="5748" cleared="0" enqueued="0" />
  <references type="phantom" candidates="101" cleared="0" enqueued="0" />
  <stringconstants candidates="13253" cleared="0"  />
</gc-op>
<gc-op id="4257" type="sweep" timems="0.603" contextid="4253" timestamp="2019-07-02T23:30:43.472" />
<gc-end id="4258" type="global" contextid="4253" durationms="10.004" usertimems="24.000" systemtimems="0.000" timestamp="2019-07-02T23:30:43.472" activeThreads="4">
  <mem-info id="4259" free="27879600" total="45875200" percent="60">
    <mem type="tenure" free="27879600" total="45875200" percent="60" micro-fragmented="64528" macro-fragmented="0">
      <mem type="soa" free="27420848" total="45416448" percent="60" />
      <mem type="loa" free="458752" total="458752" percent="100" />
    </mem>
  </mem-info>
</gc-end>
<cycle-end id="4260" type="global" contextid="4253" timestamp="2019-07-02T23:30:43.472">
  <attribute name="GC Util" value="188" />
  <attribute name="CPU Util" value="2013105861630" />
  <attribute name="Time Running"value="21017"/>
  <attribute name="Number of cores"value="4"/>
</cycle-end>
<allocation-satisfied id="4261" threadId="0000000001AB4700" bytesRequested="1168" />
<af-end id="4262" timestamp="2019-07-02T23:30:43.472" threadId="0000000001AB5088" success="true" />
<exclusive-end id="4263" timestamp="2019-07-02T23:30:43.473" durationms="10.525" />

<exclusive-start id="4264" timestamp="2019-07-02T23:30:43.504" intervalms="41.560">
  <response-info timems="0.061" idlems="0.061" threads="0" lastid="0000000001AB4700" lastname="main" />
</exclusive-start>
<af-start id="4265" threadId="0000000001AB5088" totalBytesRequested="64" timestamp="2019-07-02T23:30:43.504" intervalms="41.602" />
<cycle-start id="4266" type="global" contextid="0" timestamp="2019-07-02T23:30:43.504" intervalms="41.589" />
  <attribute name="GC Util" value="188" />
  <attribute name="CPU Util" value="2013105861630" />
  <attribute name="Time Running"value="21017"/>
  <attribute name="Number of cores"value="4"/>
<gc-start id="4267" type="global" contextid="4266" timestamp="2019-07-02T23:30:43.504">
  <mem-info id="4268" free="458752" total="45875200" percent="1">
    <mem type="tenure" free="458752" total="45875200" percent="1">
      <mem type="soa" free="0" total="45416448" percent="0" />
      <mem type="loa" free="458752" total="458752" percent="100" />
    </mem>
  </mem-info>
</gc-start>
<allocation-stats totalBytes="27392712" >
  <allocated-bytes non-tlh="31536" tlh="27361176" />
  <largest-consumer threadName="main" threadId="0000000001AB4700" bytes="27392712" />
</allocation-stats>
<gc-op id="4269" type="mark" timems="9.043" contextid="4266" timestamp="2019-07-02T23:30:43.513">
  <trace-info objectcount="596309" scancount="517300" scanbytes="13273368" />
  <finalization candidates="80" enqueued="0" />
  <ownableSynchronizers candidates="21" cleared="0" />
  <references type="soft" candidates="1843" cleared="0" enqueued="0" dynamicThreshold="19" maxThreshold="32" />
  <references type="weak" candidates="5748" cleared="0" enqueued="0" />
  <references type="phantom" candidates="101" cleared="0" enqueued="0" />
  <stringconstants candidates="13253" cleared="0"  />
</gc-op>
<gc-op id="4270" type="sweep" timems="0.577" contextid="4266" timestamp="2019-07-02T23:30:43.514" />
<gc-end id="4271" type="global" contextid="4266" durationms="10.001" usertimems="28.000" systemtimems="0.000" timestamp="2019-07-02T23:30:43.514" activeThreads="4">
  <mem-info id="4272" free="27873680" total="45875200" percent="60">
    <mem type="tenure" free="27873680" total="45875200" percent="60" micro-fragmented="75327" macro-fragmented="0">
      <mem type="soa" free="27414928" total="45416448" percent="60" />
      <mem type="loa" free="458752" total="458752" percent="100" />
    </mem>
  </mem-info>
</gc-end>
<cycle-end id="4273" type="global" contextid="4266" timestamp="2019-07-02T23:30:43.514">
  <attribute name="GC Util" value="188" />
  <attribute name="CPU Util" value="2010502809894" />
  <attribute name="Time Running"value="21059"/>
  <attribute name="Number of cores"value="4"/>
</cycle-end>
<allocation-satisfied id="4274" threadId="0000000001AB4700" bytesRequested="64" />
<af-end id="4275" timestamp="2019-07-02T23:30:43.514" threadId="0000000001AB5088" success="true" />
<exclusive-end id="4276" timestamp="2019-07-02T23:30:43.514" durationms="10.539" />

<exclusive-start id="4277" timestamp="2019-07-02T23:30:43.558" intervalms="53.992">
  <response-info timems="0.156" idlems="0.156" threads="0" lastid="0000000001AB4700" lastname="main" />
</exclusive-start>
<af-start id="4278" threadId="0000000001AB5088" totalBytesRequested="16" timestamp="2019-07-02T23:30:43.558" intervalms="53.978" />
<cycle-start id="4279" type="global" contextid="0" timestamp="2019-07-02T23:30:43.558" intervalms="53.976" />
  <attribute name="GC Util" value="188" />
  <attribute name="CPU Util" value="2010502809894" />
  <attribute name="Time Running"value="21059"/>
  <attribute name="Number of cores"value="4"/>
<gc-start id="4280" type="global" contextid="4279" timestamp="2019-07-02T23:30:43.558">
  <mem-info id="4281" free="458752" total="45875200" percent="1">
    <mem type="tenure" free="458752" total="45875200" percent="1">
      <mem type="soa" free="0" total="45416448" percent="0" />
      <mem type="loa" free="458752" total="458752" percent="100" />
    </mem>
  </mem-info>
</gc-start>
<allocation-stats totalBytes="27410144" >
  <allocated-bytes non-tlh="0" tlh="27410144" />
  <largest-consumer threadName="main" threadId="0000000001AB4700" bytes="27410144" />
</allocation-stats>
<gc-op id="4282" type="mark" timems="9.016" contextid="4279" timestamp="2019-07-02T23:30:43.567">
  <trace-info objectcount="596374" scancount="517363" scanbytes="13275536" />
  <finalization candidates="80" enqueued="0" />
  <ownableSynchronizers candidates="21" cleared="0" />
  <references type="soft" candidates="1843" cleared="0" enqueued="0" dynamicThreshold="19" maxThreshold="32" />
  <references type="weak" candidates="5769" cleared="0" enqueued="0" />
  <references type="phantom" candidates="101" cleared="0" enqueued="0" />
  <stringconstants candidates="13253" cleared="0"  />
</gc-op>
<gc-op id="4283" type="sweep" timems="0.571" contextid="4279" timestamp="2019-07-02T23:30:43.568" />
<gc-end id="4284" type="global" contextid="4279" durationms="9.951" usertimems="28.000" systemtimems="0.000" timestamp="2019-07-02T23:30:43.568" activeThreads="4">
  <mem-info id="4285" free="27862792" total="45875200" percent="60">
    <mem type="tenure" free="27862792" total="45875200" percent="60" micro-fragmented="75533" macro-fragmented="0">
      <mem type="soa" free="27404040" total="45416448" percent="60" />
      <mem type="loa" free="458752" total="458752" percent="100" />
    </mem>
  </mem-info>
</gc-end>
<cycle-end id="4286" type="global" contextid="4279" timestamp="2019-07-02T23:30:43.568">
  <attribute name="GC Util" value="189" />
  <attribute name="CPU Util" value="2022642603727" />
  <attribute name="Time Running"value="21113"/>
  <attribute name="Number of cores"value="4"/>
</cycle-end>
<allocation-satisfied id="4287" threadId="0000000001AB4700" bytesRequested="16" />
<af-end id="4288" timestamp="2019-07-02T23:30:43.568" threadId="0000000001AB5088" success="true" />
<exclusive-end id="4289" timestamp="2019-07-02T23:30:43.568" durationms="10.500" />

<exclusive-start id="4290" timestamp="2019-07-02T23:30:43.599" intervalms="41.410">
  <response-info timems="0.151" idlems="0.151" threads="0" lastid="0000000001AB4700" lastname="main" />
</exclusive-start>
<af-start id="4291" threadId="0000000001AB5088" totalBytesRequested="80" timestamp="2019-07-02T23:30:43.599" intervalms="41.406" />
<cycle-start id="4292" type="global" contextid="0" timestamp="2019-07-02T23:30:43.599" intervalms="41.405" />
  <attribute name="GC Util" value="189" />
  <attribute name="CPU Util" value="2022642603727" />
  <attribute name="Time Running"value="21113"/>
  <attribute name="Number of cores"value="4"/>
<gc-start id="4293" type="global" contextid="4292" timestamp="2019-07-02T23:30:43.599">
  <mem-info id="4294" free="458752" total="45875200" percent="1">
    <mem type="tenure" free="458752" total="45875200" percent="1">
      <mem type="soa" free="0" total="45416448" percent="0" />
      <mem type="loa" free="458752" total="458752" percent="100" />
    </mem>
  </mem-info>
</gc-start>
<allocation-stats totalBytes="27399664" >
  <allocated-bytes non-tlh="0" tlh="27399664" />
  <largest-consumer threadName="main" threadId="0000000001AB4700" bytes="27399664" />
</allocation-stats>
<gc-op id="4295" type="mark" timems="9.590" contextid="4292" timestamp="2019-07-02T23:30:43.609">
  <trace-info objectcount="596370" scancount="517383" scanbytes="13275352" />
  <finalization candidates="80" enqueued="0" />
  <ownableSynchronizers candidates="21" cleared="0" />
  <references type="soft" candidates="1843" cleared="0" enqueued="0" dynamicThreshold="19" maxThreshold="32" />
  <references type="weak" candidates="5769" cleared="0" enqueued="0" />
  <references type="phantom" candidates="101" cleared="0" enqueued="0" />
  <stringconstants candidates="13253" cleared="0"  />
</gc-op>
<gc-op id="4296" type="sweep" timems="0.539" contextid="4292" timestamp="2019-07-02T23:30:43.610" />
<gc-end id="4297" type="global" contextid="4292" durationms="10.495" usertimems="28.000" systemtimems="0.000" timestamp="2019-07-02T23:30:43.610" activeThreads="4">
  <mem-info id="4298" free="27863120" total="45875200" percent="60">
    <mem type="tenure" free="27863120" total="45875200" percent="60" micro-fragmented="82813" macro-fragmented="0">
      <mem type="soa" free="27404368" total="45416448" percent="60" />
      <mem type="loa" free="458752" total="458752" percent="100" />
    </mem>
  </mem-info>
</gc-end>
<cycle-end id="4299" type="global" contextid="4292" timestamp="2019-07-02T23:30:43.610">
  <attribute name="GC Util" value="188" />
  <attribute name="CPU Util" value="1900049951841" />
  <attribute name="Time Running"value="21155"/>
  <attribute name="Number of cores"value="4"/>
</cycle-end>
<allocation-satisfied id="4300" threadId="0000000001AB4700" bytesRequested="80" />
<af-end id="4301" timestamp="2019-07-02T23:30:43.610" threadId="0000000001AB5088" success="true" />
<exclusive-end id="4302" timestamp="2019-07-02T23:30:43.610" durationms="11.017" />

<exclusive-start id="4303" timestamp="2019-07-02T23:30:43.641" intervalms="41.782">
  <response-info timems="0.163" idlems="0.163" threads="0" lastid="0000000001AB4700" lastname="main" />
</exclusive-start>
<af-start id="4304" threadId="0000000001AB5088" totalBytesRequested="16" timestamp="2019-07-02T23:30:43.641" intervalms="41.781" />
<cycle-start id="4305" type="global" contextid="0" timestamp="2019-07-02T23:30:43.641" intervalms="41.780" />
  <attribute name="GC Util" value="188" />
  <attribute name="CPU Util" value="1900049951841" />
  <attribute name="Time Running"value="21155"/>
  <attribute name="Number of cores"value="4"/>
<gc-start id="4306" type="global" contextid="4305" timestamp="2019-07-02T23:30:43.641">
  <mem-info id="4307" free="458752" total="45875200" percent="1">
    <mem type="tenure" free="458752" total="45875200" percent="1">
      <mem type="soa" free="0" total="45416448" percent="0" />
      <mem type="loa" free="458752" total="458752" percent="100" />
    </mem>
  </mem-info>
</gc-start>
<allocation-stats totalBytes="27400600" >
  <allocated-bytes non-tlh="0" tlh="27400600" />
  <largest-consumer threadName="main" threadId="0000000001AB4700" bytes="27400600" />
</allocation-stats>
<gc-op id="4308" type="mark" timems="9.870" contextid="4305" timestamp="2019-07-02T23:30:43.651">
  <trace-info objectcount="596374" scancount="517390" scanbytes="13275512" />
  <finalization candidates="80" enqueued="0" />
  <ownableSynchronizers candidates="21" cleared="0" />
  <references type="soft" candidates="1843" cleared="0" enqueued="0" dynamicThreshold="19" maxThreshold="32" />
  <references type="weak" candidates="5769" cleared="0" enqueued="0" />
  <references type="phantom" candidates="101" cleared="0" enqueued="0" />
  <stringconstants candidates="13253" cleared="0"  />
</gc-op>
<gc-op id="4309" type="sweep" timems="0.787" contextid="4305" timestamp="2019-07-02T23:30:43.652" />
<gc-end id="4310" type="global" contextid="4305" durationms="11.031" usertimems="40.000" systemtimems="0.000" timestamp="2019-07-02T23:30:43.652" activeThreads="4">
  <mem-info id="4311" free="27862936" total="45875200" percent="60">
    <mem type="tenure" free="27862936" total="45875200" percent="60" micro-fragmented="82033" macro-fragmented="0">
      <mem type="soa" free="27404184" total="45416448" percent="60" />
      <mem type="loa" free="458752" total="458752" percent="100" />
    </mem>
  </mem-info>
</gc-end>
<cycle-end id="4312" type="global" contextid="4305" timestamp="2019-07-02T23:30:43.652">
  <attribute name="GC Util" value="189" />
  <attribute name="CPU Util" value="1847998875816" />
  <attribute name="Time Running"value="21197"/>
  <attribute name="Number of cores"value="4"/>
</cycle-end>
<allocation-satisfied id="4313" threadId="0000000001AB4700" bytesRequested="16" />
<af-end id="4314" timestamp="2019-07-02T23:30:43.652" threadId="0000000001AB5088" success="true" />
<exclusive-end id="4315" timestamp="2019-07-02T23:30:43.652" durationms="11.579" />

<exclusive-start id="4316" timestamp="2019-07-02T23:30:43.658" intervalms="17.236">
  <response-info timems="0.091" idlems="0.091" threads="0" lastid="0000000001AB4700" lastname="main" />
</exclusive-start>
<af-start id="4317" threadId="0000000001AB5088" totalBytesRequested="136" timestamp="2019-07-02T23:30:43.658" intervalms="17.182" />
<cycle-start id="4318" type="global" contextid="0" timestamp="2019-07-02T23:30:43.658" intervalms="17.176" />
  <attribute name="GC Util" value="189" />
  <attribute name="CPU Util" value="1847998875816" />
  <attribute name="Time Running"value="21197"/>
  <attribute name="Number of cores"value="4"/>
<gc-start id="4319" type="global" contextid="4318" timestamp="2019-07-02T23:30:43.658">
  <mem-info id="4320" free="458752" total="45875200" percent="1">
    <mem type="tenure" free="458752" total="45875200" percent="1">
      <mem type="soa" free="0" total="45416448" percent="0" />
      <mem type="loa" free="458752" total="458752" percent="100" />
    </mem>
  </mem-info>
</gc-start>
<allocation-stats totalBytes="27381568" >
  <allocated-bytes non-tlh="0" tlh="27381568" />
  <largest-consumer threadName="main" threadId="0000000001AB4700" bytes="27381568" />
</allocation-stats>
<gc-op id="4321" type="mark" timems="9.375" contextid="4318" timestamp="2019-07-02T23:30:43.668">
  <trace-info objectcount="596202" scancount="517198" scanbytes="13269672" />
  <finalization candidates="80" enqueued="0" />
  <ownableSynchronizers candidates="21" cleared="0" />
  <references type="soft" candidates="1843" cleared="0" enqueued="0" dynamicThreshold="19" maxThreshold="32" />
  <references type="weak" candidates="5769" cleared="7" enqueued="3" />
  <references type="phantom" candidates="101" cleared="0" enqueued="0" />
  <stringconstants candidates="13253" cleared="0"  />
</gc-op>
<gc-op id="4322" type="sweep" timems="0.574" contextid="4318" timestamp="2019-07-02T23:30:43.668" />
<gc-end id="4323" type="global" contextid="4318" durationms="10.314" usertimems="36.000" systemtimems="0.000" timestamp="2019-07-02T23:30:43.669" activeThreads="4">
  <mem-info id="4324" free="27876952" total="45875200" percent="60">
    <mem type="tenure" free="27876952" total="45875200" percent="60" micro-fragmented="71318" macro-fragmented="0">
      <mem type="soa" free="27418200" total="45416448" percent="60" />
      <mem type="loa" free="458752" total="458752" percent="100" />
    </mem>
    <pending-finalizers system="0" default="0" reference="3" classloader="0" />
  </mem-info>
</gc-end>
<cycle-end id="4325" type="global" contextid="4318" timestamp="2019-07-02T23:30:43.669">
  <attribute name="GC Util" value="190" />
  <attribute name="CPU Util" value="1942592241663" />
  <attribute name="Time Running"value="21214"/>
  <attribute name="Number of cores"value="4"/>
</cycle-end>
<allocation-satisfied id="4326" threadId="0000000001AB4700" bytesRequested="136" />
<af-end id="4327" timestamp="2019-07-02T23:30:43.669" threadId="0000000001AB5088" success="true" />
<exclusive-end id="4328" timestamp="2019-07-02T23:30:43.669" durationms="10.771" />

<exclusive-start id="4329" timestamp="2019-07-02T23:30:43.674" intervalms="16.132">
  <response-info timems="0.091" idlems="0.091" threads="0" lastid="0000000001AB4700" lastname="main" />
</exclusive-start>
<af-start id="4330" threadId="0000000001AB5088" totalBytesRequested="200" timestamp="2019-07-02T23:30:43.674" intervalms="16.164" />
<cycle-start id="4331" type="global" contextid="0" timestamp="2019-07-02T23:30:43.674" intervalms="16.171" />
  <attribute name="GC Util" value="190" />
  <attribute name="CPU Util" value="1942592241663" />
  <attribute name="Time Running"value="21214"/>
  <attribute name="Number of cores"value="4"/>
<gc-start id="4332" type="global" contextid="4331" timestamp="2019-07-02T23:30:43.674">
  <mem-info id="4333" free="458752" total="45875200" percent="1">
    <mem type="tenure" free="458752" total="45875200" percent="1">
      <mem type="soa" free="0" total="45416448" percent="0" />
      <mem type="loa" free="458752" total="458752" percent="100" />
    </mem>
  </mem-info>
</gc-start>
<allocation-stats totalBytes="27391400" >
  <allocated-bytes non-tlh="0" tlh="27391400" />
  <largest-consumer threadName="main" threadId="0000000001AB4700" bytes="27391400" />
</allocation-stats>
<gc-op id="4334" type="mark" timems="8.814" contextid="4331" timestamp="2019-07-02T23:30:43.683">
  <trace-info objectcount="596202" scancount="517222" scanbytes="13269672" />
  <finalization candidates="80" enqueued="0" />
  <ownableSynchronizers candidates="21" cleared="0" />
  <references type="soft" candidates="1843" cleared="0" enqueued="0" dynamicThreshold="19" maxThreshold="32" />
  <references type="weak" candidates="5762" cleared="0" enqueued="0" />
  <references type="phantom" candidates="101" cleared="0" enqueued="0" />
  <stringconstants candidates="13253" cleared="0"  />
</gc-op>
<gc-op id="4335" type="sweep" timems="0.566" contextid="4331" timestamp="2019-07-02T23:30:43.684" />
<gc-end id="4336" type="global" contextid="4331" durationms="9.724" usertimems="24.000" systemtimems="0.000" timestamp="2019-07-02T23:30:43.684" activeThreads="4">
  <mem-info id="4337" free="27876568" total="45875200" percent="60">
    <mem type="tenure" free="27876568" total="45875200" percent="60" micro-fragmented="71475" macro-fragmented="0">
      <mem type="soa" free="27417816" total="45416448" percent="60" />
      <mem type="loa" free="458752" total="458752" percent="100" />
    </mem>
  </mem-info>
</gc-end>
<cycle-end id="4338" type="global" contextid="4331" timestamp="2019-07-02T23:30:43.684">
  <attribute name="GC Util" value="189" />
  <attribute name="CPU Util" value="2067450141030" />
  <attribute name="Time Running"value="21229"/>
  <attribute name="Number of cores"value="4"/>
</cycle-end>
<allocation-satisfied id="4339" threadId="0000000001AB4700" bytesRequested="200" />
<af-end id="4340" timestamp="2019-07-02T23:30:43.684" threadId="0000000001AB5088" success="true" />
<exclusive-end id="4341" timestamp="2019-07-02T23:30:43.684" durationms="10.242" />

<exclusive-start id="4342" timestamp="2019-07-02T23:30:43.690" intervalms="15.595">
  <response-info timems="0.086" idlems="0.086" threads="0" lastid="0000000001AB4700" lastname="main" />
</exclusive-start>
<af-start id="4343" threadId="0000000001AB5088" totalBytesRequested="240" timestamp="2019-07-02T23:30:43.690" intervalms="15.589" />
<cycle-start id="4344" type="global" contextid="0" timestamp="2019-07-02T23:30:43.690" intervalms="15.591" />
  <attribute name="GC Util" value="189" />
  <attribute name="CPU Util" value="2067450141030" />
  <attribute name="Time Running"value="21229"/>
  <attribute name="Number of cores"value="4"/>
<gc-start id="4345" type="global" contextid="4344" timestamp="2019-07-02T23:30:43.690">
  <mem-info id="4346" free="458752" total="45875200" percent="1">
    <mem type="tenure" free="458752" total="45875200" percent="1">
      <mem type="soa" free="0" total="45416448" percent="0" />
      <mem type="loa" free="458752" total="458752" percent="100" />
    </mem>
  </mem-info>
</gc-start>
<allocation-stats totalBytes="27390864" >
  <allocated-bytes non-tlh="0" tlh="27390864" />
  <largest-consumer threadName="main" threadId="0000000001AB4700" bytes="27390864" />
</allocation-stats>
<gc-op id="4347" type="mark" timems="9.006" contextid="4344" timestamp="2019-07-02T23:30:43.699">
  <trace-info objectcount="596202" scancount="517201" scanbytes="13269672" />
  <finalization candidates="80" enqueued="0" />
  <ownableSynchronizers candidates="21" cleared="0" />
  <references type="soft" candidates="1843" cleared="0" enqueued="0" dynamicThreshold="19" maxThreshold="32" />
  <references type="weak" candidates="5762" cleared="0" enqueued="0" />
  <references type="phantom" candidates="101" cleared="0" enqueued="0" />
  <stringconstants candidates="13253" cleared="0"  />
</gc-op>
<gc-op id="4348" type="sweep" timems="0.566" contextid="4344" timestamp="2019-07-02T23:30:43.700" />
<gc-end id="4349" type="global" contextid="4344" durationms="9.914" usertimems="28.000" systemtimems="0.000" timestamp="2019-07-02T23:30:43.700" activeThreads="4">
  <mem-info id="4350" free="27876168" total="45875200" percent="60">
    <mem type="tenure" free="27876168" total="45875200" percent="60" micro-fragmented="71475" macro-fragmented="0">
      <mem type="soa" free="27417416" total="45416448" percent="60" />
      <mem type="loa" free="458752" total="458752" percent="100" />
    </mem>
  </mem-info>
</gc-end>
<cycle-end id="4351" type="global" contextid="4344" timestamp="2019-07-02T23:30:43.700">
  <attribute name="GC Util" value="190" />
  <attribute name="CPU Util" value="2024867707251" />
  <attribute name="Time Running"value="21245"/>
  <attribute name="Number of cores"value="4"/>
</cycle-end>
<allocation-satisfied id="4352" threadId="0000000001AB4700" bytesRequested="240" />
<af-end id="4353" timestamp="2019-07-02T23:30:43.700" threadId="0000000001AB5088" success="true" />
<exclusive-end id="4354" timestamp="2019-07-02T23:30:43.700" durationms="10.397" />

<exclusive-start id="4355" timestamp="2019-07-02T23:30:43.705" intervalms="15.773">
  <response-info timems="0.104" idlems="0.104" threads="0" lastid="0000000001AB4700" lastname="main" />
</exclusive-start>
<af-start id="4356" threadId="0000000001AB5088" totalBytesRequested="288" timestamp="2019-07-02T23:30:43.706" intervalms="15.774" />
<cycle-start id="4357" type="global" contextid="0" timestamp="2019-07-02T23:30:43.706" intervalms="15.773" />
  <attribute name="GC Util" value="190" />
  <attribute name="CPU Util" value="2024867707251" />
  <attribute name="Time Running"value="21245"/>
  <attribute name="Number of cores"value="4"/>
<gc-start id="4358" type="global" contextid="4357" timestamp="2019-07-02T23:30:43.706">
  <mem-info id="4359" free="458752" total="45875200" percent="1">
    <mem type="tenure" free="458752" total="45875200" percent="1">
      <mem type="soa" free="0" total="45416448" percent="0" />
      <mem type="loa" free="458752" total="458752" percent="100" />
    </mem>
  </mem-info>
</gc-start>
<allocation-stats totalBytes="27391504" >
  <allocated-bytes non-tlh="0" tlh="27391504" />
  <largest-consumer threadName="main" threadId="0000000001AB4700" bytes="27391504" />
</allocation-stats>
<gc-op id="4360" type="mark" timems="8.875" contextid="4357" timestamp="2019-07-02T23:30:43.715">
  <trace-info objectcount="596202" scancount="517201" scanbytes="13269672" />
  <finalization candidates="80" enqueued="0" />
  <ownableSynchronizers candidates="21" cleared="0" />
  <references type="soft" candidates="1843" cleared="0" enqueued="0" dynamicThreshold="19" maxThreshold="32" />
  <references type="weak" candidates="5762" cleared="0" enqueued="0" />
  <references type="phantom" candidates="101" cleared="0" enqueued="0" />
  <stringconstants candidates="13253" cleared="0"  />
</gc-op>
<gc-op id="4361" type="sweep" timems="0.564" contextid="4357" timestamp="2019-07-02T23:30:43.715" />
<gc-end id="4362" type="global" contextid="4357" durationms="9.782" usertimems="28.000" systemtimems="0.000" timestamp="2019-07-02T23:30:43.716" activeThreads="4">
  <mem-info id="4363" free="27876856" total="45875200" percent="60">
    <mem type="tenure" free="27876856" total="45875200" percent="60" micro-fragmented="71475" macro-fragmented="0">
      <mem type="soa" free="27418104" total="45416448" percent="60" />
      <mem type="loa" free="458752" total="458752" percent="100" />
    </mem>
  </mem-info>
</gc-end>
<cycle-end id="4364" type="global" contextid="4357" timestamp="2019-07-02T23:30:43.716">
  <attribute name="GC Util" value="189" />
  <attribute name="CPU Util" value="2054801397780" />
  <attribute name="Time Running"value="21261"/>
  <attribute name="Number of cores"value="4"/>
</cycle-end>
<allocation-satisfied id="4365" threadId="0000000001AB4700" bytesRequested="288" />
<af-end id="4366" timestamp="2019-07-02T23:30:43.716" threadId="0000000001AB5088" success="true" />
<exclusive-end id="4367" timestamp="2019-07-02T23:30:43.716" durationms="10.281" />

<exclusive-start id="4368" timestamp="2019-07-02T23:30:43.721" intervalms="15.638">
  <response-info timems="0.069" idlems="0.069" threads="0" lastid="0000000001AB4700" lastname="main" />
</exclusive-start>
<af-start id="4369" threadId="0000000001AB5088" totalBytesRequested="304" timestamp="2019-07-02T23:30:43.721" intervalms="15.643" />
<cycle-start id="4370" type="global" contextid="0" timestamp="2019-07-02T23:30:43.721" intervalms="15.638" />
  <attribute name="GC Util" value="189" />
  <attribute name="CPU Util" value="2054801397780" />
  <attribute name="Time Running"value="21261"/>
  <attribute name="Number of cores"value="4"/>
<gc-start id="4371" type="global" contextid="4370" timestamp="2019-07-02T23:30:43.721">
  <mem-info id="4372" free="458752" total="45875200" percent="1">
    <mem type="tenure" free="458752" total="45875200" percent="1">
      <mem type="soa" free="0" total="45416448" percent="0" />
      <mem type="loa" free="458752" total="458752" percent="100" />
    </mem>
  </mem-info>
</gc-start>
<allocation-stats totalBytes="27389592" >
  <allocated-bytes non-tlh="0" tlh="27389592" />
  <largest-consumer threadName="main" threadId="0000000001AB4700" bytes="27389592" />
</allocation-stats>
<gc-op id="4373" type="mark" timems="9.717" contextid="4370" timestamp="2019-07-02T23:30:43.731">
  <trace-info objectcount="596202" scancount="517194" scanbytes="13269672" />
  <finalization candidates="80" enqueued="0" />
  <ownableSynchronizers candidates="21" cleared="0" />
  <references type="soft" candidates="1843" cleared="0" enqueued="0" dynamicThreshold="19" maxThreshold="32" />
  <references type="weak" candidates="5762" cleared="0" enqueued="0" />
  <references type="phantom" candidates="101" cleared="0" enqueued="0" />
  <stringconstants candidates="13253" cleared="0"  />
</gc-op>
<gc-op id="4374" type="sweep" timems="0.601" contextid="4370" timestamp="2019-07-02T23:30:43.732" />
<gc-end id="4375" type="global" contextid="4370" durationms="10.677" usertimems="40.000" systemtimems="0.000" timestamp="2019-07-02T23:30:43.732" activeThreads="4">
  <mem-info id="4376" free="27876624" total="45875200" percent="60">
    <mem type="tenure" free="27876624" total="45875200" percent="60" micro-fragmented="71475" macro-fragmented="0">
      <mem type="soa" free="27417872" total="45416448" percent="60" />
      <mem type="loa" free="458752" total="458752" percent="100" />
    </mem>
  </mem-info>
</gc-end>
<cycle-end id="4377" type="global" contextid="4370" timestamp="2019-07-02T23:30:43.732">
  <attribute name="GC Util" value="190" />
  <attribute name="CPU Util" value="1875228548433" />
  <attribute name="Time Running"value="21277"/>
  <attribute name="Number of cores"value="4"/>
</cycle-end>
<allocation-satisfied id="4378" threadId="0000000001AB4700" bytesRequested="304" />
<af-end id="4379" timestamp="2019-07-02T23:30:43.732" threadId="0000000001AB5088" success="true" />
<exclusive-end id="4380" timestamp="2019-07-02T23:30:43.732" durationms="11.161" />

<exclusive-start id="4381" timestamp="2019-07-02T23:30:43.738" intervalms="16.436">
  <response-info timems="0.080" idlems="0.080" threads="0" lastid="0000000001AB4700" lastname="main" />
</exclusive-start>
<af-start id="4382" threadId="0000000001AB5088" totalBytesRequested="192" timestamp="2019-07-02T23:30:43.738" intervalms="16.395" />
<cycle-start id="4383" type="global" contextid="0" timestamp="2019-07-02T23:30:43.738" intervalms="16.391" />
  <attribute name="GC Util" value="190" />
  <attribute name="CPU Util" value="1875228548433" />
  <attribute name="Time Running"value="21277"/>
  <attribute name="Number of cores"value="4"/>
<gc-start id="4384" type="global" contextid="4383" timestamp="2019-07-02T23:30:43.738">
  <mem-info id="4385" free="458752" total="45875200" percent="1">
    <mem type="tenure" free="458752" total="45875200" percent="1">
      <mem type="soa" free="0" total="45416448" percent="0" />
      <mem type="loa" free="458752" total="458752" percent="100" />
    </mem>
  </mem-info>
</gc-start>
<allocation-stats totalBytes="27394552" >
  <allocated-bytes non-tlh="0" tlh="27394552" />
  <largest-consumer threadName="main" threadId="0000000001AB4700" bytes="27394552" />
</allocation-stats>
<gc-op id="4386" type="mark" timems="9.484" contextid="4383" timestamp="2019-07-02T23:30:43.747">
  <trace-info objectcount="596202" scancount="517209" scanbytes="13269672" />
  <finalization candidates="80" enqueued="0" />
  <ownableSynchronizers candidates="21" cleared="0" />
  <references type="soft" candidates="1843" cleared="0" enqueued="0" dynamicThreshold="19" maxThreshold="32" />
  <references type="weak" candidates="5762" cleared="0" enqueued="0" />
  <references type="phantom" candidates="101" cleared="0" enqueued="0" />
  <stringconstants candidates="13253" cleared="0"  />
</gc-op>
<gc-op id="4387" type="sweep" timems="0.608" contextid="4383" timestamp="2019-07-02T23:30:43.748" />
<gc-end id="4388" type="global" contextid="4383" durationms="10.437" usertimems="40.000" systemtimems="0.000" timestamp="2019-07-02T23:30:43.748" activeThreads="4">
  <mem-info id="4389" free="27876336" total="45875200" percent="60">
    <mem type="tenure" free="27876336" total="45875200" percent="60" micro-fragmented="71318" macro-fragmented="0">
      <mem type="soa" free="27417584" total="45416448" percent="60" />
      <mem type="loa" free="458752" total="458752" percent="100" />
    </mem>
  </mem-info>
</gc-end>
<cycle-end id="4390" type="global" contextid="4383" timestamp="2019-07-02T23:30:43.748">
  <attribute name="GC Util" value="188" />
  <attribute name="CPU Util" value="1921202545778" />
  <attribute name="Time Running"value="21293"/>
  <attribute name="Number of cores"value="4"/>
</cycle-end>
<allocation-satisfied id="4391" threadId="0000000001AB4700" bytesRequested="192" />
<af-end id="4392" timestamp="2019-07-02T23:30:43.748" threadId="0000000001AB5088" success="true" />
<exclusive-end id="4393" timestamp="2019-07-02T23:30:43.748" durationms="10.893" />

<exclusive-start id="4394" timestamp="2019-07-02T23:30:43.754" intervalms="16.226">
  <response-info timems="0.073" idlems="0.073" threads="0" lastid="0000000001AB4700" lastname="main" />
</exclusive-start>
<af-start id="4395" threadId="0000000001AB5088" totalBytesRequested="32" timestamp="2019-07-02T23:30:43.754" intervalms="16.253" />
<cycle-start id="4396" type="global" contextid="0" timestamp="2019-07-02T23:30:43.754" intervalms="16.254" />
  <attribute name="GC Util" value="188" />
  <attribute name="CPU Util" value="1921202545778" />
  <attribute name="Time Running"value="21293"/>
  <attribute name="Number of cores"value="4"/>
<gc-start id="4397" type="global" contextid="4396" timestamp="2019-07-02T23:30:43.754">
  <mem-info id="4398" free="458752" total="45875200" percent="1">
    <mem type="tenure" free="458752" total="45875200" percent="1">
      <mem type="soa" free="0" total="45416448" percent="0" />
      <mem type="loa" free="458752" total="458752" percent="100" />
    </mem>
  </mem-info>
</gc-start>
<allocation-stats totalBytes="27391072" >
  <allocated-bytes non-tlh="0" tlh="27391072" />
  <largest-consumer threadName="main" threadId="0000000001AB4700" bytes="27391072" />
</allocation-stats>
<gc-op id="4399" type="mark" timems="9.598" contextid="4396" timestamp="2019-07-02T23:30:43.764">
  <trace-info objectcount="596204" scancount="517199" scanbytes="13269688" />
  <finalization candidates="80" enqueued="0" />
  <ownableSynchronizers candidates="21" cleared="0" />
  <references type="soft" candidates="1843" cleared="0" enqueued="0" dynamicThreshold="19" maxThreshold="32" />
  <references type="weak" candidates="5762" cleared="0" enqueued="0" />
  <references type="phantom" candidates="101" cleared="0" enqueued="0" />
  <stringconstants candidates="13253" cleared="0"  />
</gc-op>
<gc-op id="4400" type="sweep" timems="0.605" contextid="4396" timestamp="2019-07-02T23:30:43.764" />
<gc-end id="4401" type="global" contextid="4396" durationms="10.548" usertimems="36.000" systemtimems="0.000" timestamp="2019-07-02T23:30:43.765" activeThreads="4">
  <mem-info id="4402" free="27876656" total="45875200" percent="60">
    <mem type="tenure" free="27876656" total="45875200" percent="60" micro-fragmented="71475" macro-fragmented="0">
      <mem type="soa" free="27417904" total="45416448" percent="60" />
      <mem type="loa" free="458752" total="458752" percent="100" />
    </mem>
  </mem-info>
</gc-end>
<cycle-end id="4403" type="global" contextid="4396" timestamp="2019-07-02T23:30:43.765">
  <attribute name="GC Util" value="189" />
  <attribute name="CPU Util" value="1900168752295" />
  <attribute name="Time Running"value="21310"/>
  <attribute name="Number of cores"value="4"/>
</cycle-end>
<allocation-satisfied id="4404" threadId="0000000001AB4700" bytesRequested="32" />
<af-end id="4405" timestamp="2019-07-02T23:30:43.765" threadId="0000000001AB5088" success="true" />
<exclusive-end id="4406" timestamp="2019-07-02T23:30:43.765" durationms="11.039" />

<exclusive-start id="4407" timestamp="2019-07-02T23:30:43.770" intervalms="16.354">
  <response-info timems="0.074" idlems="0.074" threads="0" lastid="0000000001AB4700" lastname="main" />
</exclusive-start>
<af-start id="4408" threadId="0000000001AB5088" totalBytesRequested="296" timestamp="2019-07-02T23:30:43.770" intervalms="16.346" />
<cycle-start id="4409" type="global" contextid="0" timestamp="2019-07-02T23:30:43.770" intervalms="16.347" />
  <attribute name="GC Util" value="189" />
  <attribute name="CPU Util" value="1900168752295" />
  <attribute name="Time Running"value="21310"/>
  <attribute name="Number of cores"value="4"/>
<gc-start id="4410" type="global" contextid="4409" timestamp="2019-07-02T23:30:43.770">
  <mem-info id="4411" free="458752" total="45875200" percent="1">
    <mem type="tenure" free="458752" total="45875200" percent="1">
      <mem type="soa" free="0" total="45416448" percent="0" />
      <mem type="loa" free="458752" total="458752" percent="100" />
    </mem>
  </mem-info>
</gc-start>
<allocation-stats totalBytes="27391904" >
  <allocated-bytes non-tlh="0" tlh="27391904" />
  <largest-consumer threadName="main" threadId="0000000001AB4700" bytes="27391904" />
</allocation-stats>
<gc-op id="4412" type="mark" timems="8.569" contextid="4409" timestamp="2019-07-02T23:30:43.779">
  <trace-info objectcount="596202" scancount="517215" scanbytes="13269672" />
  <finalization candidates="80" enqueued="0" />
  <ownableSynchronizers candidates="21" cleared="0" />
  <references type="soft" candidates="1843" cleared="0" enqueued="0" dynamicThreshold="19" maxThreshold="32" />
  <references type="weak" candidates="5762" cleared="0" enqueued="0" />
  <references type="phantom" candidates="101" cleared="0" enqueued="0" />
  <stringconstants candidates="13253" cleared="0"  />
</gc-op>
<gc-op id="4413" type="sweep" timems="0.575" contextid="4409" timestamp="2019-07-02T23:30:43.780" />
<gc-end id="4414" type="global" contextid="4409" durationms="9.499" usertimems="24.000" systemtimems="0.000" timestamp="2019-07-02T23:30:43.780" activeThreads="4">
  <mem-info id="4415" free="27876688" total="45875200" percent="60">
    <mem type="tenure" free="27876688" total="45875200" percent="60" micro-fragmented="71475" macro-fragmented="0">
      <mem type="soa" free="27417936" total="45416448" percent="60" />
      <mem type="loa" free="458752" total="458752" percent="100" />
    </mem>
  </mem-info>
</gc-end>
<cycle-end id="4416" type="global" contextid="4409" timestamp="2019-07-02T23:30:43.780">
  <attribute name="GC Util" value="190" />
  <attribute name="CPU Util" value="2124579124906" />
  <attribute name="Time Running"value="21325"/>
  <attribute name="Number of cores"value="4"/>
</cycle-end>
<allocation-satisfied id="4417" threadId="0000000001AB4700" bytesRequested="296" />
<af-end id="4418" timestamp="2019-07-02T23:30:43.780" threadId="0000000001AB5088" success="true" />
<exclusive-end id="4419" timestamp="2019-07-02T23:30:43.780" durationms="9.957" />

<exclusive-start id="4420" timestamp="2019-07-02T23:30:43.786" intervalms="15.719">
  <response-info timems="0.138" idlems="0.138" threads="0" lastid="0000000001AB4700" lastname="main" />
</exclusive-start>
<af-start id="4421" threadId="0000000001AB5088" totalBytesRequested="120" timestamp="2019-07-02T23:30:43.786" intervalms="15.732" />
<cycle-start id="4422" type="global" contextid="0" timestamp="2019-07-02T23:30:43.786" intervalms="15.734" />
  <attribute name="GC Util" value="190" />
  <attribute name="CPU Util" value="2124579124906" />
  <attribute name="Time Running"value="21325"/>
  <attribute name="Number of cores"value="4"/>
<gc-start id="4423" type="global" contextid="4422" timestamp="2019-07-02T23:30:43.786">
  <mem-info id="4424" free="458752" total="45875200" percent="1">
    <mem type="tenure" free="458752" total="45875200" percent="1">
      <mem type="soa" free="0" total="45416448" percent="0" />
      <mem type="loa" free="458752" total="458752" percent="100" />
    </mem>
  </mem-info>
</gc-start>
<allocation-stats totalBytes="27393232" >
  <allocated-bytes non-tlh="0" tlh="27393232" />
  <largest-consumer threadName="main" threadId="0000000001AB4700" bytes="27393232" />
</allocation-stats>
<gc-op id="4425" type="mark" timems="10.041" contextid="4422" timestamp="2019-07-02T23:30:43.796">
  <trace-info objectcount="596203" scancount="517199" scanbytes="13269708" />
  <finalization candidates="80" enqueued="0" />
  <ownableSynchronizers candidates="21" cleared="0" />
  <references type="soft" candidates="1843" cleared="0" enqueued="0" dynamicThreshold="19" maxThreshold="32" />
  <references type="weak" candidates="5762" cleared="0" enqueued="0" />
  <references type="phantom" candidates="101" cleared="0" enqueued="0" />
  <stringconstants candidates="13253" cleared="0"  />
</gc-op>
<gc-op id="4426" type="sweep" timems="0.741" contextid="4422" timestamp="2019-07-02T23:30:43.797" />
<gc-end id="4427" type="global" contextid="4422" durationms="11.138" usertimems="44.000" systemtimems="0.000" timestamp="2019-07-02T23:30:43.797" activeThreads="4">
  <mem-info id="4428" free="27876368" total="45875200" percent="60">
    <mem type="tenure" free="27876368" total="45875200" percent="60" micro-fragmented="74903" macro-fragmented="0">
      <mem type="soa" free="27417616" total="45416448" percent="60" />
      <mem type="loa" free="458752" total="458752" percent="100" />
    </mem>
  </mem-info>
</gc-end>
<cycle-end id="4429" type="global" contextid="4422" timestamp="2019-07-02T23:30:43.797">
  <attribute name="GC Util" value="190" />
  <attribute name="CPU Util" value="1817633391367" />
  <attribute name="Time Running"value="21342"/>
  <attribute name="Number of cores"value="4"/>
</cycle-end>
<allocation-satisfied id="4430" threadId="0000000001AB4700" bytesRequested="120" />
<af-end id="4431" timestamp="2019-07-02T23:30:43.797" threadId="0000000001AB5088" success="true" />
<exclusive-end id="4432" timestamp="2019-07-02T23:30:43.797" durationms="11.614" />

<exclusive-start id="4433" timestamp="2019-07-02T23:30:43.803" intervalms="17.164">
  <response-info timems="0.074" idlems="0.074" threads="0" lastid="0000000001AB4700" lastname="main" />
</exclusive-start>
<af-start id="4434" threadId="0000000001AB5088" totalBytesRequested="240" timestamp="2019-07-02T23:30:43.803" intervalms="17.132" />
<cycle-start id="4435" type="global" contextid="0" timestamp="2019-07-02T23:30:43.803" intervalms="17.126" />
  <attribute name="GC Util" value="190" />
  <attribute name="CPU Util" value="1817633391367" />
  <attribute name="Time Running"value="21342"/>
  <attribute name="Number of cores"value="4"/>
<gc-start id="4436" type="global" contextid="4435" timestamp="2019-07-02T23:30:43.803">
  <mem-info id="4437" free="458752" total="45875200" percent="1">
    <mem type="tenure" free="458752" total="45875200" percent="1">
      <mem type="soa" free="0" total="45416448" percent="0" />
      <mem type="loa" free="458752" total="458752" percent="100" />
    </mem>
  </mem-info>
</gc-start>
<allocation-stats totalBytes="27393840" >
  <allocated-bytes non-tlh="0" tlh="27393840" />
  <largest-consumer threadName="main" threadId="0000000001AB4700" bytes="27393840" />
</allocation-stats>
<gc-op id="4438" type="mark" timems="9.202" contextid="4435" timestamp="2019-07-02T23:30:43.813">
  <trace-info objectcount="596203" scancount="517224" scanbytes="13269708" />
  <finalization candidates="80" enqueued="0" />
  <ownableSynchronizers candidates="21" cleared="0" />
  <references type="soft" candidates="1843" cleared="0" enqueued="0" dynamicThreshold="19" maxThreshold="32" />
  <references type="weak" candidates="5762" cleared="0" enqueued="0" />
  <references type="phantom" candidates="101" cleared="0" enqueued="0" />
  <stringconstants candidates="13253" cleared="0"  />
</gc-op>
<gc-op id="4439" type="sweep" timems="0.577" contextid="4435" timestamp="2019-07-02T23:30:43.813" />
<gc-end id="4440" type="global" contextid="4435" durationms="10.120" usertimems="36.000" systemtimems="0.000" timestamp="2019-07-02T23:30:43.813" activeThreads="4">
  <mem-info id="4441" free="27876872" total="45875200" percent="60">
    <mem type="tenure" free="27876872" total="45875200" percent="60" micro-fragmented="74903" macro-fragmented="0">
      <mem type="soa" free="27418120" total="45416448" percent="60" />
      <mem type="loa" free="458752" total="458752" percent="100" />
    </mem>
  </mem-info>
</gc-end>
<cycle-end id="4442" type="global" contextid="4435" timestamp="2019-07-02T23:30:43.813">
  <attribute name="GC Util" value="190" />
  <attribute name="CPU Util" value="1978153388044" />
  <attribute name="Time Running"value="21359"/>
  <attribute name="Number of cores"value="4"/>
</cycle-end>
<allocation-satisfied id="4443" threadId="0000000001AB4700" bytesRequested="240" />
<af-end id="4444" timestamp="2019-07-02T23:30:43.814" threadId="0000000001AB5088" success="true" />
<exclusive-end id="4445" timestamp="2019-07-02T23:30:43.814" durationms="10.549" />

<exclusive-start id="4446" timestamp="2019-07-02T23:30:43.819" intervalms="16.124">
  <response-info timems="0.056" idlems="0.056" threads="0" lastid="0000000001AB4700" lastname="main" />
</exclusive-start>
<af-start id="4447" threadId="0000000001AB5088" totalBytesRequested="312" timestamp="2019-07-02T23:30:43.819" intervalms="16.147" />
<cycle-start id="4448" type="global" contextid="0" timestamp="2019-07-02T23:30:43.819" intervalms="16.160" />
  <attribute name="GC Util" value="190" />
  <attribute name="CPU Util" value="1978153388044" />
  <attribute name="Time Running"value="21359"/>
  <attribute name="Number of cores"value="4"/>
<gc-start id="4449" type="global" contextid="4448" timestamp="2019-07-02T23:30:43.819">
  <mem-info id="4450" free="458752" total="45875200" percent="1">
    <mem type="tenure" free="458752" total="45875200" percent="1">
      <mem type="soa" free="0" total="45416448" percent="0" />
      <mem type="loa" free="458752" total="458752" percent="100" />
    </mem>
  </mem-info>
</gc-start>
<allocation-stats totalBytes="27393024" >
  <allocated-bytes non-tlh="0" tlh="27393024" />
  <largest-consumer threadName="main" threadId="0000000001AB4700" bytes="27393024" />
</allocation-stats>
<gc-op id="4451" type="mark" timems="9.659" contextid="4448" timestamp="2019-07-02T23:30:43.829">
  <trace-info objectcount="596203" scancount="517203" scanbytes="13269708" />
  <finalization candidates="80" enqueued="0" />
  <ownableSynchronizers candidates="21" cleared="0" />
  <references type="soft" candidates="1843" cleared="0" enqueued="0" dynamicThreshold="19" maxThreshold="32" />
  <references type="weak" candidates="5762" cleared="0" enqueued="0" />
  <references type="phantom" candidates="101" cleared="0" enqueued="0" />
  <stringconstants candidates="13253" cleared="0"  />
</gc-op>
<gc-op id="4452" type="sweep" timems="0.590" contextid="4448" timestamp="2019-07-02T23:30:43.830" />
<gc-end id="4453" type="global" contextid="4448" durationms="10.612" usertimems="40.000" systemtimems="0.000" timestamp="2019-07-02T23:30:43.830" activeThreads="4">
  <mem-info id="4454" free="27876512" total="45875200" percent="60">
    <mem type="tenure" free="27876512" total="45875200" percent="60" micro-fragmented="75060" macro-fragmented="0">
      <mem type="soa" free="27417760" total="45416448" percent="60" />
      <mem type="loa" free="458752" total="458752" percent="100" />
    </mem>
  </mem-info>
</gc-end>
<cycle-end id="4455" type="global" contextid="4448" timestamp="2019-07-02T23:30:43.830">
  <attribute name="GC Util" value="190" />
  <attribute name="CPU Util" value="1886032372335" />
  <attribute name="Time Running"value="21375"/>
  <attribute name="Number of cores"value="4"/>
</cycle-end>
<allocation-satisfied id="4456" threadId="0000000001AB4700" bytesRequested="312" />
<af-end id="4457" timestamp="2019-07-02T23:30:43.830" threadId="0000000001AB5088" success="true" />
<exclusive-end id="4458" timestamp="2019-07-02T23:30:43.830" durationms="11.091" />

<exclusive-start id="4459" timestamp="2019-07-02T23:30:43.838" intervalms="18.948">
  <response-info timems="0.082" idlems="0.082" threads="0" lastid="0000000001AB4700" lastname="main" />
</exclusive-start>
<af-start id="4460" threadId="0000000001AB5088" totalBytesRequested="24" timestamp="2019-07-02T23:30:43.838" intervalms="18.954" />
<cycle-start id="4461" type="global" contextid="0" timestamp="2019-07-02T23:30:43.838" intervalms="18.951" />
  <attribute name="GC Util" value="190" />
  <attribute name="CPU Util" value="1886032372335" />
  <attribute name="Time Running"value="21375"/>
  <attribute name="Number of cores"value="4"/>
<gc-start id="4462" type="global" contextid="4461" timestamp="2019-07-02T23:30:43.838">
  <mem-info id="4463" free="458752" total="45875200" percent="1">
    <mem type="tenure" free="458752" total="45875200" percent="1">
      <mem type="soa" free="0" total="45416448" percent="0" />
      <mem type="loa" free="458752" total="458752" percent="100" />
    </mem>
  </mem-info>
</gc-start>
<allocation-stats totalBytes="27399152" >
  <allocated-bytes non-tlh="0" tlh="27399152" />
  <largest-consumer threadName="main" threadId="0000000001AB4700" bytes="27399152" />
</allocation-stats>
<gc-op id="4464" type="mark" timems="10.186" contextid="4461" timestamp="2019-07-02T23:30:43.849">
  <trace-info objectcount="596230" scancount="517227" scanbytes="13271160" />
  <finalization candidates="80" enqueued="0" />
  <ownableSynchronizers candidates="21" cleared="0" />
  <references type="soft" candidates="1843" cleared="0" enqueued="0" dynamicThreshold="19" maxThreshold="32" />
  <references type="weak" candidates="5762" cleared="0" enqueued="0" />
  <references type="phantom" candidates="101" cleared="0" enqueued="0" />
  <stringconstants candidates="13253" cleared="0"  />
</gc-op>
<gc-op id="4465" type="sweep" timems="0.582" contextid="4461" timestamp="2019-07-02T23:30:43.849" />
<gc-end id="4466" type="global" contextid="4461" durationms="11.145" usertimems="40.000" systemtimems="0.000" timestamp="2019-07-02T23:30:43.849" activeThreads="4">
  <mem-info id="4467" free="27874384" total="45875200" percent="60">
    <mem type="tenure" free="27874384" total="45875200" percent="60" micro-fragmented="74888" macro-fragmented="0">
      <mem type="soa" free="27415632" total="45416448" percent="60" />
      <mem type="loa" free="458752" total="458752" percent="100" />
    </mem>
  </mem-info>
</gc-end>
<cycle-end id="4468" type="global" contextid="4461" timestamp="2019-07-02T23:30:43.850">
  <attribute name="GC Util" value="190" />
  <attribute name="CPU Util" value="1791172883996" />
  <attribute name="Time Running"value="21395"/>
  <attribute name="Number of cores"value="4"/>
</cycle-end>
<allocation-satisfied id="4469" threadId="0000000001AB4700" bytesRequested="24" />
<af-end id="4470" timestamp="2019-07-02T23:30:43.850" threadId="0000000001AB5088" success="true" />
<exclusive-end id="4471" timestamp="2019-07-02T23:30:43.850" durationms="11.632" />

<exclusive-start id="4472" timestamp="2019-07-02T23:30:43.861" intervalms="22.897">
  <response-info timems="0.082" idlems="0.082" threads="0" lastid="0000000001AB4700" lastname="main" />
</exclusive-start>
<af-start id="4473" threadId="0000000001AB5088" totalBytesRequested="64" timestamp="2019-07-02T23:30:43.861" intervalms="22.924" />
<cycle-start id="4474" type="global" contextid="0" timestamp="2019-07-02T23:30:43.861" intervalms="22.934" />
  <attribute name="GC Util" value="190" />
  <attribute name="CPU Util" value="1791172883996" />
  <attribute name="Time Running"value="21395"/>
  <attribute name="Number of cores"value="4"/>
<gc-start id="4475" type="global" contextid="4474" timestamp="2019-07-02T23:30:43.861">
  <mem-info id="4476" free="458752" total="45875200" percent="1">
    <mem type="tenure" free="458752" total="45875200" percent="1">
      <mem type="soa" free="0" total="45416448" percent="0" />
      <mem type="loa" free="458752" total="458752" percent="100" />
    </mem>
  </mem-info>
</gc-start>
<allocation-stats totalBytes="27405192" >
  <allocated-bytes non-tlh="0" tlh="27405192" />
  <largest-consumer threadName="main" threadId="0000000001AB4700" bytes="27405192" />
</allocation-stats>
<gc-op id="4477" type="mark" timems="9.189" contextid="4474" timestamp="2019-07-02T23:30:43.871">
  <trace-info objectcount="596212" scancount="517215" scanbytes="13270176" />
  <finalization candidates="80" enqueued="0" />
  <ownableSynchronizers candidates="21" cleared="0" />
  <references type="soft" candidates="1843" cleared="0" enqueued="0" dynamicThreshold="19" maxThreshold="32" />
  <references type="weak" candidates="5762" cleared="0" enqueued="0" />
  <references type="phantom" candidates="101" cleared="0" enqueued="0" />
  <stringconstants candidates="13253" cleared="0"  />
</gc-op>
<gc-op id="4478" type="sweep" timems="0.767" contextid="4474" timestamp="2019-07-02T23:30:43.871" />
<gc-end id="4479" type="global" contextid="4474" durationms="10.257" usertimems="24.000" systemtimems="4.000" timestamp="2019-07-02T23:30:43.872" activeThreads="4">
  <mem-info id="4480" free="27876632" total="45875200" percent="60">
    <mem type="tenure" free="27876632" total="45875200" percent="60" micro-fragmented="74440" macro-fragmented="0">
      <mem type="soa" free="27417880" total="45416448" percent="60" />
      <mem type="loa" free="458752" total="458752" percent="100" />
    </mem>
  </mem-info>
</gc-end>
<cycle-end id="4481" type="global" contextid="4474" timestamp="2019-07-02T23:30:43.872">
  <attribute name="GC Util" value="187" />
  <attribute name="CPU Util" value="1986433571650" />
  <attribute name="Time Running"value="21417"/>
  <attribute name="Number of cores"value="4"/>
</cycle-end>
<allocation-satisfied id="4482" threadId="0000000001AB4700" bytesRequested="64" />
<af-end id="4483" timestamp="2019-07-02T23:30:43.872" threadId="0000000001AB5088" success="true" />
<exclusive-end id="4484" timestamp="2019-07-02T23:30:43.872" durationms="10.793" />

<exclusive-start id="4485" timestamp="2019-07-02T23:30:43.883" intervalms="22.117">
  <response-info timems="0.058" idlems="0.058" threads="0" lastid="0000000001AB4700" lastname="main" />
</exclusive-start>
<af-start id="4486" threadId="0000000001AB5088" totalBytesRequested="24" timestamp="2019-07-02T23:30:43.883" intervalms="22.093" />
<cycle-start id="4487" type="global" contextid="0" timestamp="2019-07-02T23:30:43.883" intervalms="22.089" />
  <attribute name="GC Util" value="187" />
  <attribute name="CPU Util" value="1986433571650" />
  <attribute name="Time Running"value="21417"/>
  <attribute name="Number of cores"value="4"/>
<gc-start id="4488" type="global" contextid="4487" timestamp="2019-07-02T23:30:43.883">
  <mem-info id="4489" free="458752" total="45875200" percent="1">
    <mem type="tenure" free="458752" total="45875200" percent="1">
      <mem type="soa" free="0" total="45416448" percent="0" />
      <mem type="loa" free="458752" total="458752" percent="100" />
    </mem>
  </mem-info>
</gc-start>
<allocation-stats totalBytes="27406976" >
  <allocated-bytes non-tlh="0" tlh="27406976" />
  <largest-consumer threadName="main" threadId="0000000001AB4700" bytes="27406976" />
</allocation-stats>
<gc-op id="4490" type="mark" timems="9.626" contextid="4487" timestamp="2019-07-02T23:30:43.893">
  <trace-info objectcount="596214" scancount="517227" scanbytes="13270376" />
  <finalization candidates="80" enqueued="0" />
  <ownableSynchronizers candidates="21" cleared="0" />
  <references type="soft" candidates="1843" cleared="0" enqueued="0" dynamicThreshold="19" maxThreshold="32" />
  <references type="weak" candidates="5762" cleared="0" enqueued="0" />
  <references type="phantom" candidates="101" cleared="0" enqueued="0" />
  <stringconstants candidates="13253" cleared="0"  />
</gc-op>
<gc-op id="4491" type="sweep" timems="0.719" contextid="4487" timestamp="2019-07-02T23:30:43.894" />
<gc-end id="4492" type="global" contextid="4487" durationms="10.651" usertimems="28.000" systemtimems="0.000" timestamp="2019-07-02T23:30:43.894" activeThreads="4">
  <mem-info id="4493" free="27876424" total="45875200" percent="60">
    <mem type="tenure" free="27876424" total="45875200" percent="60" micro-fragmented="74440" macro-fragmented="0">
      <mem type="soa" free="27417672" total="45416448" percent="60" />
      <mem type="loa" free="458752" total="458752" percent="100" />
    </mem>
  </mem-info>
</gc-end>
<cycle-end id="4494" type="global" contextid="4487" timestamp="2019-07-02T23:30:43.894">
  <attribute name="GC Util" value="189" />
  <attribute name="CPU Util" value="1893845365415" />
  <attribute name="Time Running"value="21439"/>
  <attribute name="Number of cores"value="4"/>
</cycle-end>
<allocation-satisfied id="4495" threadId="0000000001AB4700" bytesRequested="24" />
<af-end id="4496" timestamp="2019-07-02T23:30:43.894" threadId="0000000001AB5088" success="true" />
<exclusive-end id="4497" timestamp="2019-07-02T23:30:43.894" durationms="11.162" />

<exclusive-start id="4498" timestamp="2019-07-02T23:30:44.097" intervalms="213.623">
  <response-info timems="0.033" idlems="0.033" threads="0" lastid="0000000001AB4700" lastname="main" />
</exclusive-start>
<af-start id="4499" threadId="0000000001AB5088" totalBytesRequested="20232" timestamp="2019-07-02T23:30:44.097" intervalms="213.698" />
<cycle-start id="4500" type="global" contextid="0" timestamp="2019-07-02T23:30:44.097" intervalms="213.724" />
  <attribute name="GC Util" value="189" />
  <attribute name="CPU Util" value="1893845365415" />
  <attribute name="Time Running"value="21439"/>
  <attribute name="Number of cores"value="4"/>
<gc-start id="4501" type="global" contextid="4500" timestamp="2019-07-02T23:30:44.097">
  <mem-info id="4502" free="458752" total="45875200" percent="1">
    <mem type="tenure" free="458752" total="45875200" percent="1">
      <mem type="soa" free="0" total="45416448" percent="0" />
      <mem type="loa" free="458752" total="458752" percent="100" />
    </mem>
  </mem-info>
</gc-start>
<allocation-stats totalBytes="26981856" >
  <allocated-bytes non-tlh="184720" tlh="26797136" />
  <largest-consumer threadName="main" threadId="0000000001AB4700" bytes="26981856" />
</allocation-stats>
<gc-op id="4503" type="mark" timems="9.238" contextid="4500" timestamp="2019-07-02T23:30:44.106">
  <trace-info objectcount="596225" scancount="517219" scanbytes="13297924" />
  <finalization candidates="80" enqueued="0" />
  <ownableSynchronizers candidates="21" cleared="0" />
  <references type="soft" candidates="1843" cleared="0" enqueued="0" dynamicThreshold="19" maxThreshold="32" />
  <references type="weak" candidates="5762" cleared="0" enqueued="0" />
  <references type="phantom" candidates="101" cleared="0" enqueued="0" />
  <stringconstants candidates="13253" cleared="0"  />
</gc-op>
<gc-op id="4504" type="sweep" timems="0.767" contextid="4500" timestamp="2019-07-02T23:30:44.107" />
<gc-end id="4505" type="global" contextid="4500" durationms="10.410" usertimems="24.000" systemtimems="4.000" timestamp="2019-07-02T23:30:44.108" activeThreads="4">
  <mem-info id="4506" free="27847840" total="45875200" percent="60">
    <mem type="tenure" free="27847840" total="45875200" percent="60" micro-fragmented="63550" macro-fragmented="0">
      <mem type="soa" free="27389088" total="45416448" percent="60" />
      <mem type="loa" free="458752" total="458752" percent="100" />
    </mem>
  </mem-info>
</gc-end>
<cycle-end id="4507" type="global" contextid="4500" timestamp="2019-07-02T23:30:44.108">
  <attribute name="GC Util" value="186" />
  <attribute name="CPU Util" value="1968907459855" />
  <attribute name="Time Running"value="21653"/>
  <attribute name="Number of cores"value="4"/>
</cycle-end>
<allocation-satisfied id="4508" threadId="0000000001AB4700" bytesRequested="20232" />
<af-end id="4509" timestamp="2019-07-02T23:30:44.108" threadId="0000000001AB5088" success="true" />
<exclusive-end id="4510" timestamp="2019-07-02T23:30:44.108" durationms="11.138" />

<exclusive-start id="4511" timestamp="2019-07-02T23:30:44.113" intervalms="16.081">
  <response-info timems="0.084" idlems="0.084" threads="0" lastid="0000000001AB4700" lastname="main" />
</exclusive-start>
<af-start id="4512" threadId="0000000001AB5088" totalBytesRequested="10200" timestamp="2019-07-02T23:30:44.113" intervalms="16.072" />
<cycle-start id="4513" type="global" contextid="0" timestamp="2019-07-02T23:30:44.113" intervalms="16.046" />
  <attribute name="GC Util" value="186" />
  <attribute name="CPU Util" value="1968907459855" />
  <attribute name="Time Running"value="21653"/>
  <attribute name="Number of cores"value="4"/>
<gc-start id="4514" type="global" contextid="4513" timestamp="2019-07-02T23:30:44.113">
  <mem-info id="4515" free="458752" total="45875200" percent="1">
    <mem type="tenure" free="458752" total="45875200" percent="1">
      <mem type="soa" free="0" total="45416448" percent="0" />
      <mem type="loa" free="458752" total="458752" percent="100" />
    </mem>
  </mem-info>
</gc-start>
<allocation-stats totalBytes="25590672" >
  <allocated-bytes non-tlh="1460656" tlh="24130016" />
  <largest-consumer threadName="main" threadId="0000000001AB4700" bytes="25590672" />
</allocation-stats>
<gc-op id="4516" type="mark" timems="9.243" contextid="4513" timestamp="2019-07-02T23:30:44.123">
  <trace-info objectcount="596225" scancount="517245" scanbytes="13284264" />
  <finalization candidates="80" enqueued="0" />
  <ownableSynchronizers candidates="21" cleared="0" />
  <references type="soft" candidates="1843" cleared="0" enqueued="0" dynamicThreshold="19" maxThreshold="32" />
  <references type="weak" candidates="5762" cleared="0" enqueued="0" />
  <references type="phantom" candidates="101" cleared="0" enqueued="0" />
  <stringconstants candidates="13253" cleared="0"  />
</gc-op>
<gc-op id="4517" type="sweep" timems="0.576" contextid="4513" timestamp="2019-07-02T23:30:44.123" />
<gc-end id="4518" type="global" contextid="4513" durationms="10.295" usertimems="28.000" systemtimems="0.000" timestamp="2019-07-02T23:30:44.123" activeThreads="4">
  <mem-info id="4519" free="27852160" total="45875200" percent="60">
    <mem type="tenure" free="27852160" total="45875200" percent="60" micro-fragmented="63550" macro-fragmented="0">
      <mem type="soa" free="27393408" total="45416448" percent="60" />
      <mem type="loa" free="458752" total="458752" percent="100" />
    </mem>
  </mem-info>
</gc-end>
<cycle-end id="4520" type="global" contextid="4513" timestamp="2019-07-02T23:30:44.124">
  <attribute name="GC Util" value="189" />
  <attribute name="CPU Util" value="1965989225145" />
  <attribute name="Time Running"value="21669"/>
  <attribute name="Number of cores"value="4"/>
</cycle-end>
<allocation-satisfied id="4521" threadId="0000000001AB4700" bytesRequested="10200" />
<af-end id="4522" timestamp="2019-07-02T23:30:44.124" threadId="0000000001AB5088" success="true" />
<exclusive-end id="4523" timestamp="2019-07-02T23:30:44.124" durationms="10.999" />

<exclusive-start id="4524" timestamp="2019-07-02T23:30:44.129" intervalms="15.913">
  <response-info timems="0.088" idlems="0.088" threads="0" lastid="0000000001AB4700" lastname="main" />
</exclusive-start>
<af-start id="4525" threadId="0000000001AB5088" totalBytesRequested="10984" timestamp="2019-07-02T23:30:44.129" intervalms="15.916" />
<cycle-start id="4526" type="global" contextid="0" timestamp="2019-07-02T23:30:44.129" intervalms="15.920" />
  <attribute name="GC Util" value="189" />
  <attribute name="CPU Util" value="1965989225145" />
  <attribute name="Time Running"value="21669"/>
  <attribute name="Number of cores"value="4"/>
<gc-start id="4527" type="global" contextid="4526" timestamp="2019-07-02T23:30:44.129">
  <mem-info id="4528" free="458752" total="45875200" percent="1">
    <mem type="tenure" free="458752" total="45875200" percent="1">
      <mem type="soa" free="0" total="45416448" percent="0" />
      <mem type="loa" free="458752" total="458752" percent="100" />
    </mem>
  </mem-info>
</gc-start>
<allocation-stats totalBytes="25790016" >
  <allocated-bytes non-tlh="1514160" tlh="24275856" />
  <largest-consumer threadName="main" threadId="0000000001AB4700" bytes="25790016" />
</allocation-stats>
<gc-op id="4529" type="mark" timems="8.741" contextid="4526" timestamp="2019-07-02T23:30:44.138">
  <trace-info objectcount="596225" scancount="517252" scanbytes="13284264" />
  <finalization candidates="80" enqueued="0" />
  <ownableSynchronizers candidates="21" cleared="0" />
  <references type="soft" candidates="1843" cleared="0" enqueued="0" dynamicThreshold="19" maxThreshold="32" />
  <references type="weak" candidates="5762" cleared="0" enqueued="0" />
  <references type="phantom" candidates="101" cleared="0" enqueued="0" />
  <stringconstants candidates="13253" cleared="0"  />
</gc-op>
<gc-op id="4530" type="sweep" timems="0.567" contextid="4526" timestamp="2019-07-02T23:30:44.139" />
<gc-end id="4531" type="global" contextid="4526" durationms="9.722" usertimems="24.000" systemtimems="0.000" timestamp="2019-07-02T23:30:44.139" activeThreads="4">
  <mem-info id="4532" free="27861032" total="45875200" percent="60">
    <mem type="tenure" free="27861032" total="45875200" percent="60" micro-fragmented="63627" macro-fragmented="0">
      <mem type="soa" free="27402280" total="45416448" percent="60" />
      <mem type="loa" free="458752" total="458752" percent="100" />
    </mem>
  </mem-info>
</gc-end>
<cycle-end id="4533" type="global" contextid="4526" timestamp="2019-07-02T23:30:44.139">
  <attribute name="GC Util" value="189" />
  <attribute name="CPU Util" value="2083540580710" />
  <attribute name="Time Running"value="21684"/>
  <attribute name="Number of cores"value="4"/>
</cycle-end>
<allocation-satisfied id="4534" threadId="0000000001AB4700" bytesRequested="10984" />
<af-end id="4535" timestamp="2019-07-02T23:30:44.139" threadId="0000000001AB5088" success="true" />
<exclusive-end id="4536" timestamp="2019-07-02T23:30:44.139" durationms="10.438" />

<exclusive-start id="4537" timestamp="2019-07-02T23:30:44.270" intervalms="141.330">
  <response-info timems="0.090" idlems="0.090" threads="0" lastid="0000000001AB4700" lastname="main" />
</exclusive-start>
<af-start id="4538" threadId="0000000001AB5088" totalBytesRequested="80" timestamp="2019-07-02T23:30:44.270" intervalms="141.355" />
<cycle-start id="4539" type="global" contextid="0" timestamp="2019-07-02T23:30:44.270" intervalms="141.386" />
  <attribute name="GC Util" value="189" />
  <attribute name="CPU Util" value="2083540580710" />
  <attribute name="Time Running"value="21684"/>
  <attribute name="Number of cores"value="4"/>
<gc-start id="4540" type="global" contextid="4539" timestamp="2019-07-02T23:30:44.270">
  <mem-info id="4541" free="458752" total="45875200" percent="1">
    <mem type="tenure" free="458752" total="45875200" percent="1">
      <mem type="soa" free="0" total="45416448" percent="0" />
      <mem type="loa" free="458752" total="458752" percent="100" />
    </mem>
  </mem-info>
</gc-start>
<allocation-stats totalBytes="27381648" >
  <allocated-bytes non-tlh="889880" tlh="26491768" />
  <largest-consumer threadName="main" threadId="0000000001AB4700" bytes="27381648" />
</allocation-stats>
<gc-op id="4542" type="mark" timems="10.244" contextid="4539" timestamp="2019-07-02T23:30:44.281">
  <trace-info objectcount="596210" scancount="517229" scanbytes="13269948" />
  <finalization candidates="80" enqueued="0" />
  <ownableSynchronizers candidates="21" cleared="0" />
  <references type="soft" candidates="1843" cleared="0" enqueued="0" dynamicThreshold="19" maxThreshold="32" />
  <references type="weak" candidates="5762" cleared="0" enqueued="0" />
  <references type="phantom" candidates="101" cleared="0" enqueued="0" />
  <stringconstants candidates="13253" cleared="0"  />
</gc-op>
<gc-op id="4543" type="sweep" timems="0.714" contextid="4539" timestamp="2019-07-02T23:30:44.282" />
<gc-end id="4544" type="global" contextid="4539" durationms="11.426" usertimems="28.000" systemtimems="4.000" timestamp="2019-07-02T23:30:44.282" activeThreads="4">
  <mem-info id="4545" free="27877968" total="45875200" percent="60">
    <mem type="tenure" free="27877968" total="45875200" percent="60" micro-fragmented="74768" macro-fragmented="0">
      <mem type="soa" free="27419216" total="45416448" percent="60" />
      <mem type="loa" free="458752" total="458752" percent="100" />
    </mem>
  </mem-info>
</gc-end>
<cycle-end id="4546" type="global" contextid="4539" timestamp="2019-07-02T23:30:44.282">
  <attribute name="GC Util" value="187" />
  <attribute name="CPU Util" value="1779734650933" />
  <attribute name="Time Running"value="21827"/>
  <attribute name="Number of cores"value="4"/>
</cycle-end>
<allocation-satisfied id="4547" threadId="0000000001AB4700" bytesRequested="80" />
<af-end id="4548" timestamp="2019-07-02T23:30:44.282" threadId="0000000001AB5088" success="true" />
<exclusive-end id="4549" timestamp="2019-07-02T23:30:44.282" durationms="12.187" />

<exclusive-start id="4550" timestamp="2019-07-02T23:30:44.300" intervalms="30.223">
  <response-info timems="0.093" idlems="0.093" threads="0" lastid="0000000001AB4700" lastname="main" />
</exclusive-start>
<af-start id="4551" threadId="0000000001AB5088" totalBytesRequested="80" timestamp="2019-07-02T23:30:44.300" intervalms="30.197" />
<cycle-start id="4552" type="global" contextid="0" timestamp="2019-07-02T23:30:44.301" intervalms="30.177" />
  <attribute name="GC Util" value="187" />
  <attribute name="CPU Util" value="1779734650933" />
  <attribute name="Time Running"value="21827"/>
  <attribute name="Number of cores"value="4"/>
<gc-start id="4553" type="global" contextid="4552" timestamp="2019-07-02T23:30:44.301">
  <mem-info id="4554" free="458752" total="45875200" percent="1">
    <mem type="tenure" free="458752" total="45875200" percent="1">
      <mem type="soa" free="0" total="45416448" percent="0" />
      <mem type="loa" free="458752" total="458752" percent="100" />
    </mem>
  </mem-info>
</gc-start>
<allocation-stats totalBytes="27412864" >
  <allocated-bytes non-tlh="0" tlh="27412864" />
  <largest-consumer threadName="main" threadId="0000000001AB4700" bytes="27412864" />
</allocation-stats>
<gc-op id="4555" type="mark" timems="9.720" contextid="4552" timestamp="2019-07-02T23:30:44.311">
  <trace-info objectcount="596212" scancount="517229" scanbytes="13269996" />
  <finalization candidates="80" enqueued="0" />
  <ownableSynchronizers candidates="21" cleared="0" />
  <references type="soft" candidates="1843" cleared="0" enqueued="0" dynamicThreshold="19" maxThreshold="32" />
  <references type="weak" candidates="5762" cleared="0" enqueued="0" />
  <references type="phantom" candidates="101" cleared="0" enqueued="0" />
  <stringconstants candidates="13253" cleared="0"  />
</gc-op>
<gc-op id="4556" type="sweep" timems="0.763" contextid="4552" timestamp="2019-07-02T23:30:44.311" />
<gc-end id="4557" type="global" contextid="4552" durationms="10.918" usertimems="40.000" systemtimems="0.000" timestamp="2019-07-02T23:30:44.312" activeThreads="4">
  <mem-info id="4558" free="27877712" total="45875200" percent="60">
    <mem type="tenure" free="27877712" total="45875200" percent="60" micro-fragmented="74846" macro-fragmented="0">
      <mem type="soa" free="27418960" total="45416448" percent="60" />
      <mem type="loa" free="458752" total="458752" percent="100" />
    </mem>
  </mem-info>
</gc-end>
<cycle-end id="4559" type="global" contextid="4552" timestamp="2019-07-02T23:30:44.312">
  <attribute name="GC Util" value="191" />
  <attribute name="CPU Util" value="1883257175399" />
  <attribute name="Time Running"value="21857"/>
  <attribute name="Number of cores"value="4"/>
</cycle-end>
<allocation-satisfied id="4560" threadId="0000000001AB4700" bytesRequested="80" />
<af-end id="4561" timestamp="2019-07-02T23:30:44.312" threadId="0000000001AB5088" success="true" />
<exclusive-end id="4562" timestamp="2019-07-02T23:30:44.312" durationms="11.665" />

<exclusive-start id="4563" timestamp="2019-07-02T23:30:44.335" intervalms="34.959">
  <response-info timems="0.089" idlems="0.089" threads="0" lastid="0000000001AB4700" lastname="main" />
</exclusive-start>
<af-start id="4564" threadId="0000000001AB5088" totalBytesRequested="32" timestamp="2019-07-02T23:30:44.335" intervalms="34.961" />
<cycle-start id="4565" type="global" contextid="0" timestamp="2019-07-02T23:30:44.335" intervalms="34.963" />
  <attribute name="GC Util" value="191" />
  <attribute name="CPU Util" value="1883257175399" />
  <attribute name="Time Running"value="21857"/>
  <attribute name="Number of cores"value="4"/>
<gc-start id="4566" type="global" contextid="4565" timestamp="2019-07-02T23:30:44.336">
  <mem-info id="4567" free="458752" total="45875200" percent="1">
    <mem type="tenure" free="458752" total="45875200" percent="1">
      <mem type="soa" free="0" total="45416448" percent="0" />
      <mem type="loa" free="458752" total="458752" percent="100" />
    </mem>
  </mem-info>
</gc-start>
<allocation-stats totalBytes="27412296" >
  <allocated-bytes non-tlh="0" tlh="27412296" />
  <largest-consumer threadName="main" threadId="0000000001AB4700" bytes="27412296" />
</allocation-stats>
<gc-op id="4568" type="mark" timems="9.921" contextid="4565" timestamp="2019-07-02T23:30:44.346">
  <trace-info objectcount="596236" scancount="517232" scanbytes="13270792" />
  <finalization candidates="80" enqueued="0" />
  <ownableSynchronizers candidates="21" cleared="0" />
  <references type="soft" candidates="1843" cleared="0" enqueued="0" dynamicThreshold="19" maxThreshold="32" />
  <references type="weak" candidates="5762" cleared="0" enqueued="0" />
  <references type="phantom" candidates="101" cleared="0" enqueued="0" />
  <stringconstants candidates="13253" cleared="0"  />
</gc-op>
<gc-op id="4569" type="sweep" timems="0.662" contextid="4565" timestamp="2019-07-02T23:30:44.346" />
<gc-end id="4570" type="global" contextid="4565" durationms="11.046" usertimems="40.000" systemtimems="0.000" timestamp="2019-07-02T23:30:44.347" activeThreads="4">
  <mem-info id="4571" free="27875088" total="45875200" percent="60">
    <mem type="tenure" free="27875088" total="45875200" percent="60" micro-fragmented="70878" macro-fragmented="0">
      <mem type="soa" free="27416336" total="45416448" percent="60" />
      <mem type="loa" free="458752" total="458752" percent="100" />
    </mem>
  </mem-info>
</gc-end>
<cycle-end id="4572" type="global" contextid="4565" timestamp="2019-07-02T23:30:44.347">
  <attribute name="GC Util" value="186" />
  <attribute name="CPU Util" value="1836508286178" />
  <attribute name="Time Running"value="21892"/>
  <attribute name="Number of cores"value="4"/>
</cycle-end>
<allocation-satisfied id="4573" threadId="0000000001AB4700" bytesRequested="32" />
<af-end id="4574" timestamp="2019-07-02T23:30:44.347" threadId="0000000001AB5088" success="true" />
<exclusive-end id="4575" timestamp="2019-07-02T23:30:44.347" durationms="11.771" />

<exclusive-start id="4576" timestamp="2019-07-02T23:30:44.382" intervalms="46.517">
  <response-info timems="0.088" idlems="0.088" threads="0" lastid="0000000001AB4700" lastname="main" />
</exclusive-start>
<af-start id="4577" threadId="0000000001AB5088" totalBytesRequested="80" timestamp="2019-07-02T23:30:44.382" intervalms="46.533" />
<cycle-start id="4578" type="global" contextid="0" timestamp="2019-07-02T23:30:44.382" intervalms="46.534" />
  <attribute name="GC Util" value="186" />
  <attribute name="CPU Util" value="1836508286178" />
  <attribute name="Time Running"value="21892"/>
  <attribute name="Number of cores"value="4"/>
<gc-start id="4579" type="global" contextid="4578" timestamp="2019-07-02T23:30:44.382">
  <mem-info id="4580" free="458752" total="45875200" percent="1">
    <mem type="tenure" free="458752" total="45875200" percent="1">
      <mem type="soa" free="0" total="45416448" percent="0" />
      <mem type="loa" free="458752" total="458752" percent="100" />
    </mem>
  </mem-info>
</gc-start>
<allocation-stats totalBytes="27408464" >
  <allocated-bytes non-tlh="0" tlh="27408464" />
  <largest-consumer threadName="main" threadId="0000000001AB4700" bytes="27408464" />
</allocation-stats>
<gc-op id="4581" type="mark" timems="10.137" contextid="4578" timestamp="2019-07-02T23:30:44.392">
  <trace-info objectcount="596227" scancount="517222" scanbytes="13270708" />
  <finalization candidates="80" enqueued="0" />
  <ownableSynchronizers candidates="21" cleared="0" />
  <references type="soft" candidates="1843" cleared="0" enqueued="0" dynamicThreshold="19" maxThreshold="32" />
  <references type="weak" candidates="5762" cleared="0" enqueued="0" />
  <references type="phantom" candidates="101" cleared="0" enqueued="0" />
  <stringconstants candidates="13253" cleared="0"  />
</gc-op>
<gc-op id="4582" type="sweep" timems="0.772" contextid="4578" timestamp="2019-07-02T23:30:44.393" />
<gc-end id="4583" type="global" contextid="4578" durationms="11.389" usertimems="36.000" systemtimems="0.000" timestamp="2019-07-02T23:30:44.394" activeThreads="4">
  <mem-info id="4584" free="27876128" total="45875200" percent="60">
    <mem type="tenure" free="27876128" total="45875200" percent="60" micro-fragmented="79715" macro-fragmented="0">
      <mem type="soa" free="27417376" total="45416448" percent="60" />
      <mem type="loa" free="458752" total="458752" percent="100" />
    </mem>
  </mem-info>
</gc-end>
<cycle-end id="4585" type="global" contextid="4578" timestamp="2019-07-02T23:30:44.394">
  <attribute name="GC Util" value="190" />
  <attribute name="CPU Util" value="1797865804920" />
  <attribute name="Time Running"value="21939"/>
  <attribute name="Number of cores"value="4"/>
</cycle-end>
<allocation-satisfied id="4586" threadId="0000000001AB4700" bytesRequested="80" />
<af-end id="4587" timestamp="2019-07-02T23:30:44.394" threadId="0000000001AB5088" success="true" />
<exclusive-end id="4588" timestamp="2019-07-02T23:30:44.394" durationms="12.115" />

<exclusive-start id="4589" timestamp="2019-07-02T23:30:44.425" intervalms="43.015">
  <response-info timems="0.067" idlems="0.067" threads="0" lastid="0000000001AB4700" lastname="main" />
</exclusive-start>
<af-start id="4590" threadId="0000000001AB5088" totalBytesRequested="80" timestamp="2019-07-02T23:30:44.425" intervalms="42.991" />
<cycle-start id="4591" type="global" contextid="0" timestamp="2019-07-02T23:30:44.425" intervalms="42.997" />
  <attribute name="GC Util" value="190" />
  <attribute name="CPU Util" value="1797865804920" />
  <attribute name="Time Running"value="21939"/>
  <attribute name="Number of cores"value="4"/>
<gc-start id="4592" type="global" contextid="4591" timestamp="2019-07-02T23:30:44.425">
  <mem-info id="4593" free="458752" total="45875200" percent="1">
    <mem type="tenure" free="458752" total="45875200" percent="1">
      <mem type="soa" free="0" total="45416448" percent="0" />
      <mem type="loa" free="458752" total="458752" percent="100" />
    </mem>
  </mem-info>
</gc-start>
<allocation-stats totalBytes="27404592" >
  <allocated-bytes non-tlh="0" tlh="27404592" />
  <largest-consumer threadName="main" threadId="0000000001AB4700" bytes="27404592" />
</allocation-stats>
<gc-op id="4594" type="mark" timems="9.070" contextid="4591" timestamp="2019-07-02T23:30:44.434">
  <trace-info objectcount="596224" scancount="517242" scanbytes="13270548" />
  <finalization candidates="80" enqueued="0" />
  <ownableSynchronizers candidates="21" cleared="0" />
  <references type="soft" candidates="1843" cleared="0" enqueued="0" dynamicThreshold="19" maxThreshold="32" />
  <references type="weak" candidates="5762" cleared="0" enqueued="0" />
  <references type="phantom" candidates="101" cleared="0" enqueued="0" />
  <stringconstants candidates="13253" cleared="0"  />
</gc-op>
<gc-op id="4595" type="sweep" timems="0.683" contextid="4591" timestamp="2019-07-02T23:30:44.435" />
<gc-end id="4596" type="global" contextid="4591" durationms="10.231" usertimems="28.000" systemtimems="0.000" timestamp="2019-07-02T23:30:44.435" activeThreads="4">
  <mem-info id="4597" free="27876656" total="45875200" percent="60">
    <mem type="tenure" free="27876656" total="45875200" percent="60" micro-fragmented="79592" macro-fragmented="0">
      <mem type="soa" free="27417904" total="45416448" percent="60" />
      <mem type="loa" free="458752" total="458752" percent="100" />
    </mem>
  </mem-info>
</gc-end>
<cycle-end id="4598" type="global" contextid="4591" timestamp="2019-07-02T23:30:44.435">
  <attribute name="GC Util" value="189" />
  <attribute name="CPU Util" value="2006664520207" />
  <attribute name="Time Running"value="21980"/>
  <attribute name="Number of cores"value="4"/>
</cycle-end>
<allocation-satisfied id="4599" threadId="0000000001AB4700" bytesRequested="80" />
<af-end id="4600" timestamp="2019-07-02T23:30:44.436" threadId="0000000001AB5088" success="true" />
<exclusive-end id="4601" timestamp="2019-07-02T23:30:44.436" durationms="10.940" />

<exclusive-start id="4602" timestamp="2019-07-02T23:30:44.470" intervalms="45.643">
  <response-info timems="0.089" idlems="0.089" threads="0" lastid="0000000001AB4700" lastname="main" />
</exclusive-start>
<af-start id="4603" threadId="0000000001AB5088" totalBytesRequested="32" timestamp="2019-07-02T23:30:44.471" intervalms="45.662" />
<cycle-start id="4604" type="global" contextid="0" timestamp="2019-07-02T23:30:44.471" intervalms="45.655" />
  <attribute name="GC Util" value="189" />
  <attribute name="CPU Util" value="2006664520207" />
  <attribute name="Time Running"value="21980"/>
  <attribute name="Number of cores"value="4"/>
<gc-start id="4605" type="global" contextid="4604" timestamp="2019-07-02T23:30:44.471">
  <mem-info id="4606" free="458752" total="45875200" percent="1">
    <mem type="tenure" free="458752" total="45875200" percent="1">
      <mem type="soa" free="0" total="45416448" percent="0" />
      <mem type="loa" free="458752" total="458752" percent="100" />
    </mem>
  </mem-info>
</gc-start>
<allocation-stats totalBytes="27408624" >
  <allocated-bytes non-tlh="0" tlh="27408624" />
  <largest-consumer threadName="main" threadId="0000000001AB4700" bytes="27408624" />
</allocation-stats>
<gc-op id="4607" type="mark" timems="9.654" contextid="4604" timestamp="2019-07-02T23:30:44.481">
  <trace-info objectcount="596220" scancount="517214" scanbytes="13270252" />
  <finalization candidates="80" enqueued="0" />
  <ownableSynchronizers candidates="21" cleared="0" />
  <references type="soft" candidates="1843" cleared="0" enqueued="0" dynamicThreshold="19" maxThreshold="32" />
  <references type="weak" candidates="5762" cleared="0" enqueued="0" />
  <references type="phantom" candidates="101" cleared="0" enqueued="0" />
  <stringconstants candidates="13253" cleared="0"  />
</gc-op>
<gc-op id="4608" type="sweep" timems="0.755" contextid="4604" timestamp="2019-07-02T23:30:44.482" />
<gc-end id="4609" type="global" contextid="4604" durationms="10.900" usertimems="20.000" systemtimems="12.000" timestamp="2019-07-02T23:30:44.482" activeThreads="4">
  <mem-info id="4610" free="27876048" total="45875200" percent="60">
    <mem type="tenure" free="27876048" total="45875200" percent="60" micro-fragmented="90478" macro-fragmented="0">
      <mem type="soa" free="27417296" total="45416448" percent="60" />
      <mem type="loa" free="458752" total="458752" percent="100" />
    </mem>
  </mem-info>
</gc-end>
<cycle-end id="4611" type="global" contextid="4604" timestamp="2019-07-02T23:30:44.482">
  <attribute name="GC Util" value="188" />
  <attribute name="CPU Util" value="1885665288264" />
  <attribute name="Time Running"value="22027"/>
  <attribute name="Number of cores"value="4"/>
</cycle-end>
<allocation-satisfied id="4612" threadId="0000000001AB4700" bytesRequested="32" />
<af-end id="4613" timestamp="2019-07-02T23:30:44.482" threadId="0000000001AB5088" success="true" />
<exclusive-end id="4614" timestamp="2019-07-02T23:30:44.482" durationms="11.663" />

<exclusive-start id="4615" timestamp="2019-07-02T23:30:44.523" intervalms="52.615">
  <response-info timems="0.093" idlems="0.093" threads="0" lastid="0000000001AB4700" lastname="main" />
</exclusive-start>
<af-start id="4616" threadId="0000000001AB5088" totalBytesRequested="40" timestamp="2019-07-02T23:30:44.523" intervalms="52.618" />
<cycle-start id="4617" type="global" contextid="0" timestamp="2019-07-02T23:30:44.523" intervalms="52.616" />
  <attribute name="GC Util" value="188" />
  <attribute name="CPU Util" value="1885665288264" />
  <attribute name="Time Running"value="22027"/>
  <attribute name="Number of cores"value="4"/>
<gc-start id="4618" type="global" contextid="4617" timestamp="2019-07-02T23:30:44.523">
  <mem-info id="4619" free="458752" total="45875200" percent="1">
    <mem type="tenure" free="458752" total="45875200" percent="1">
      <mem type="soa" free="0" total="45416448" percent="0" />
      <mem type="loa" free="458752" total="458752" percent="100" />
    </mem>
  </mem-info>
</gc-start>
<allocation-stats totalBytes="27414672" >
  <allocated-bytes non-tlh="0" tlh="27414672" />
  <largest-consumer threadName="main" threadId="0000000001AB4700" bytes="27414672" />
</allocation-stats>
<gc-op id="4620" type="mark" timems="9.714" contextid="4617" timestamp="2019-07-02T23:30:44.533">
  <trace-info objectcount="596226" scancount="517221" scanbytes="13270396" />
  <finalization candidates="80" enqueued="0" />
  <ownableSynchronizers candidates="21" cleared="0" />
  <references type="soft" candidates="1843" cleared="0" enqueued="0" dynamicThreshold="19" maxThreshold="32" />
  <references type="weak" candidates="5762" cleared="0" enqueued="0" />
  <references type="phantom" candidates="101" cleared="0" enqueued="0" />
  <stringconstants candidates="13253" cleared="0"  />
</gc-op>
<gc-op id="4621" type="sweep" timems="0.773" contextid="4617" timestamp="2019-07-02T23:30:44.534" />
<gc-end id="4622" type="global" contextid="4617" durationms="10.957" usertimems="28.000" systemtimems="4.000" timestamp="2019-07-02T23:30:44.534" activeThreads="4">
  <mem-info id="4623" free="27875848" total="45875200" percent="60">
    <mem type="tenure" free="27875848" total="45875200" percent="60" micro-fragmented="90478" macro-fragmented="0">
      <mem type="soa" free="27417096" total="45416448" percent="60" />
      <mem type="loa" free="458752" total="458752" percent="100" />
    </mem>
  </mem-info>
</gc-end>
<cycle-end id="4624" type="global" contextid="4617" timestamp="2019-07-02T23:30:44.535">
  <attribute name="GC Util" value="189" />
  <attribute name="CPU Util" value="1873461934994" />
  <attribute name="Time Running"value="22079"/>
  <attribute name="Number of cores"value="4"/>
</cycle-end>
<allocation-satisfied id="4625" threadId="0000000001AB4700" bytesRequested="40" />
<af-end id="4626" timestamp="2019-07-02T23:30:44.535" threadId="0000000001AB5088" success="true" />
<exclusive-end id="4627" timestamp="2019-07-02T23:30:44.535" durationms="11.732" />

<exclusive-start id="4628" timestamp="2019-07-02T23:30:44.573" intervalms="50.290">
  <response-info timems="0.111" idlems="0.111" threads="0" lastid="0000000001AB4700" lastname="main" />
</exclusive-start>
<af-start id="4629" threadId="0000000001AB5088" totalBytesRequested="24" timestamp="2019-07-02T23:30:44.573" intervalms="50.286" />
<cycle-start id="4630" type="global" contextid="0" timestamp="2019-07-02T23:30:44.574" intervalms="50.289" />
  <attribute name="GC Util" value="189" />
  <attribute name="CPU Util" value="1873461934994" />
  <attribute name="Time Running"value="22079"/>
  <attribute name="Number of cores"value="4"/>
<gc-start id="4631" type="global" contextid="4630" timestamp="2019-07-02T23:30:44.574">
  <mem-info id="4632" free="458752" total="45875200" percent="1">
    <mem type="tenure" free="458752" total="45875200" percent="1">
      <mem type="soa" free="0" total="45416448" percent="0" />
      <mem type="loa" free="458752" total="458752" percent="100" />
    </mem>
  </mem-info>
</gc-start>
<allocation-stats totalBytes="27414016" >
  <allocated-bytes non-tlh="0" tlh="27414016" />
  <largest-consumer threadName="main" threadId="0000000001AB4700" bytes="27414016" />
</allocation-stats>
<gc-op id="4633" type="mark" timems="9.972" contextid="4630" timestamp="2019-07-02T23:30:44.584">
  <trace-info objectcount="596220" scancount="517217" scanbytes="13270260" />
  <finalization candidates="80" enqueued="0" />
  <ownableSynchronizers candidates="21" cleared="0" />
  <references type="soft" candidates="1843" cleared="0" enqueued="0" dynamicThreshold="19" maxThreshold="32" />
  <references type="weak" candidates="5762" cleared="0" enqueued="0" />
  <references type="phantom" candidates="101" cleared="0" enqueued="0" />
  <stringconstants candidates="13253" cleared="0"  />
</gc-op>
<gc-op id="4634" type="sweep" timems="0.762" contextid="4630" timestamp="2019-07-02T23:30:44.585" />
<gc-end id="4635" type="global" contextid="4630" durationms="11.201" usertimems="36.000" systemtimems="0.000" timestamp="2019-07-02T23:30:44.585" activeThreads="4">
  <mem-info id="4636" free="27875800" total="45875200" percent="60">
    <mem type="tenure" free="27875800" total="45875200" percent="60" micro-fragmented="70878" macro-fragmented="0">
      <mem type="soa" free="27417048" total="45416448" percent="60" />
      <mem type="loa" free="458752" total="458752" percent="100" />
    </mem>
  </mem-info>
</gc-end>
<cycle-end id="4637" type="global" contextid="4630" timestamp="2019-07-02T23:30:44.585">
  <attribute name="GC Util" value="188" />
  <attribute name="CPU Util" value="1825160613996" />
  <attribute name="Time Running"value="22130"/>
  <attribute name="Number of cores"value="4"/>
</cycle-end>
<allocation-satisfied id="4638" threadId="0000000001AB4700" bytesRequested="24" />
<af-end id="4639" timestamp="2019-07-02T23:30:44.585" threadId="0000000001AB5088" success="true" />
<exclusive-end id="4640" timestamp="2019-07-02T23:30:44.585" durationms="12.014" />

<exclusive-start id="4641" timestamp="2019-07-02T23:30:44.621" intervalms="47.329">
  <response-info timems="0.139" idlems="0.139" threads="0" lastid="0000000001AB4700" lastname="main" />
</exclusive-start>
<af-start id="4642" threadId="0000000001AB5088" totalBytesRequested="32" timestamp="2019-07-02T23:30:44.621" intervalms="47.326" />
<cycle-start id="4643" type="global" contextid="0" timestamp="2019-07-02T23:30:44.621" intervalms="47.326" />
  <attribute name="GC Util" value="188" />
  <attribute name="CPU Util" value="1825160613996" />
  <attribute name="Time Running"value="22130"/>
  <attribute name="Number of cores"value="4"/>
<gc-start id="4644" type="global" contextid="4643" timestamp="2019-07-02T23:30:44.621">
  <mem-info id="4645" free="458752" total="45875200" percent="1">
    <mem type="tenure" free="458752" total="45875200" percent="1">
      <mem type="soa" free="0" total="45416448" percent="0" />
      <mem type="loa" free="458752" total="458752" percent="100" />
    </mem>
  </mem-info>
</gc-start>
<allocation-stats totalBytes="27413152" >
  <allocated-bytes non-tlh="0" tlh="27413152" />
  <largest-consumer threadName="main" threadId="0000000001AB4700" bytes="27413152" />
</allocation-stats>
<gc-op id="4646" type="mark" timems="9.924" contextid="4643" timestamp="2019-07-02T23:30:44.631">
  <trace-info objectcount="596222" scancount="517240" scanbytes="13270308" />
  <finalization candidates="80" enqueued="0" />
  <ownableSynchronizers candidates="21" cleared="0" />
  <references type="soft" candidates="1843" cleared="0" enqueued="0" dynamicThreshold="19" maxThreshold="32" />
  <references type="weak" candidates="5762" cleared="0" enqueued="0" />
  <references type="phantom" candidates="101" cleared="0" enqueued="0" />
  <stringconstants candidates="13253" cleared="0"  />
</gc-op>
<gc-op id="4647" type="sweep" timems="0.783" contextid="4643" timestamp="2019-07-02T23:30:44.632" />
<gc-end id="4648" type="global" contextid="4643" durationms="11.139" usertimems="36.000" systemtimems="0.000" timestamp="2019-07-02T23:30:44.632" activeThreads="4">
  <mem-info id="4649" free="27875736" total="45875200" percent="60">
    <mem type="tenure" free="27875736" total="45875200" percent="60" micro-fragmented="70878" macro-fragmented="0">
      <mem type="soa" free="27416984" total="45416448" percent="60" />
      <mem type="loa" free="458752" total="458752" percent="100" />
    </mem>
  </mem-info>
</gc-end>
<cycle-end id="4650" type="global" contextid="4643" timestamp="2019-07-02T23:30:44.632">
  <attribute name="GC Util" value="188" />
  <attribute name="CPU Util" value="1837914835216" />
  <attribute name="Time Running"value="22177"/>
  <attribute name="Number of cores"value="4"/>
</cycle-end>
<allocation-satisfied id="4651" threadId="0000000001AB4700" bytesRequested="32" />
<af-end id="4652" timestamp="2019-07-02T23:30:44.632" threadId="0000000001AB5088" success="true" />
<exclusive-end id="4653" timestamp="2019-07-02T23:30:44.633" durationms="11.894" />

<exclusive-start id="4654" timestamp="2019-07-02T23:30:44.662" intervalms="41.701">
  <response-info timems="0.165" idlems="0.165" threads="0" lastid="0000000001AB4700" lastname="main" />
</exclusive-start>
<af-start id="4655" threadId="0000000001AB5088" totalBytesRequested="32" timestamp="2019-07-02T23:30:44.662" intervalms="41.685" />
<cycle-start id="4656" type="global" contextid="0" timestamp="2019-07-02T23:30:44.663" intervalms="41.679" />
  <attribute name="GC Util" value="188" />
  <attribute name="CPU Util" value="1837914835216" />
  <attribute name="Time Running"value="22177"/>
  <attribute name="Number of cores"value="4"/>
<gc-start id="4657" type="global" contextid="4656" timestamp="2019-07-02T23:30:44.663">
  <mem-info id="4658" free="458752" total="45875200" percent="1">
    <mem type="tenure" free="458752" total="45875200" percent="1">
      <mem type="soa" free="0" total="45416448" percent="0" />
      <mem type="loa" free="458752" total="458752" percent="100" />
    </mem>
  </mem-info>
</gc-start>
<allocation-stats totalBytes="27413872" >
  <allocated-bytes non-tlh="0" tlh="27413872" />
  <largest-consumer threadName="main" threadId="0000000001AB4700" bytes="27413872" />
</allocation-stats>
<gc-op id="4659" type="mark" timems="8.795" contextid="4656" timestamp="2019-07-02T23:30:44.672">
  <trace-info objectcount="596219" scancount="517225" scanbytes="13270216" />
  <finalization candidates="80" enqueued="0" />
  <ownableSynchronizers candidates="21" cleared="0" />
  <references type="soft" candidates="1843" cleared="0" enqueued="0" dynamicThreshold="19" maxThreshold="32" />
  <references type="weak" candidates="5762" cleared="0" enqueued="0" />
  <references type="phantom" candidates="101" cleared="0" enqueued="0" />
  <stringconstants candidates="13253" cleared="0"  />
</gc-op>
<gc-op id="4660" type="sweep" timems="0.595" contextid="4656" timestamp="2019-07-02T23:30:44.672" />
<gc-end id="4661" type="global" contextid="4656" durationms="9.891" usertimems="28.000" systemtimems="0.000" timestamp="2019-07-02T23:30:44.673" activeThreads="4">
  <mem-info id="4662" free="27876200" total="45875200" percent="60">
    <mem type="tenure" free="27876200" total="45875200" percent="60" micro-fragmented="88590" macro-fragmented="0">
      <mem type="soa" free="27417448" total="45416448" percent="60" />
      <mem type="loa" free="458752" total="458752" percent="100" />
    </mem>
  </mem-info>
</gc-end>
<cycle-end id="4663" type="global" contextid="4656" timestamp="2019-07-02T23:30:44.673">
  <attribute name="GC Util" value="188" />
  <attribute name="CPU Util" value="2066993295953" />
  <attribute name="Time Running"value="22218"/>
  <attribute name="Number of cores"value="4"/>
</cycle-end>
<allocation-satisfied id="4664" threadId="0000000001AB4700" bytesRequested="32" />
<af-end id="4665" timestamp="2019-07-02T23:30:44.673" threadId="0000000001AB5088" success="true" />
<exclusive-end id="4666" timestamp="2019-07-02T23:30:44.673" durationms="10.627" />

<exclusive-start id="4667" timestamp="2019-07-02T23:30:44.722" intervalms="59.434">
  <response-info timems="0.075" idlems="0.075" threads="0" lastid="0000000001AB4700" lastname="main" />
</exclusive-start>
<af-start id="4668" threadId="0000000001AB5088" totalBytesRequested="24" timestamp="2019-07-02T23:30:44.722" intervalms="59.450" />
<cycle-start id="4669" type="global" contextid="0" timestamp="2019-07-02T23:30:44.722" intervalms="59.450" />
  <attribute name="GC Util" value="188" />
  <attribute name="CPU Util" value="2066993295953" />
  <attribute name="Time Running"value="22218"/>
  <attribute name="Number of cores"value="4"/>
<gc-start id="4670" type="global" contextid="4669" timestamp="2019-07-02T23:30:44.722">
  <mem-info id="4671" free="458752" total="45875200" percent="1">
    <mem type="tenure" free="458752" total="45875200" percent="1">
      <mem type="soa" free="0" total="45416448" percent="0" />
      <mem type="loa" free="458752" total="458752" percent="100" />
    </mem>
  </mem-info>
</gc-start>
<allocation-stats totalBytes="27415504" >
  <allocated-bytes non-tlh="0" tlh="27415504" />
  <largest-consumer threadName="main" threadId="0000000001AB4700" bytes="27415504" />
</allocation-stats>
<gc-op id="4672" type="mark" timems="8.871" contextid="4669" timestamp="2019-07-02T23:30:44.731">
  <trace-info objectcount="596225" scancount="517222" scanbytes="13270500" />
  <finalization candidates="80" enqueued="0" />
  <ownableSynchronizers candidates="21" cleared="0" />
  <references type="soft" candidates="1843" cleared="0" enqueued="0" dynamicThreshold="19" maxThreshold="32" />
  <references type="weak" candidates="5762" cleared="0" enqueued="0" />
  <references type="phantom" candidates="101" cleared="0" enqueued="0" />
  <stringconstants candidates="13253" cleared="0"  />
</gc-op>
<gc-op id="4673" type="sweep" timems="0.567" contextid="4669" timestamp="2019-07-02T23:30:44.732" />
<gc-end id="4674" type="global" contextid="4669" durationms="9.919" usertimems="28.000" systemtimems="0.000" timestamp="2019-07-02T23:30:44.732" activeThreads="4">
  <mem-info id="4675" free="27875656" total="45875200" percent="60">
    <mem type="tenure" free="27875656" total="45875200" percent="60" micro-fragmented="78754" macro-fragmented="0">
      <mem type="soa" free="27416904" total="45416448" percent="60" />
      <mem type="loa" free="458752" total="458752" percent="100" />
    </mem>
  </mem-info>
</gc-end>
<cycle-end id="4676" type="global" contextid="4669" timestamp="2019-07-02T23:30:44.732">
  <attribute name="GC Util" value="189" />
  <attribute name="CPU Util" value="2048513269547" />
  <attribute name="Time Running"value="22277"/>
  <attribute name="Number of cores"value="4"/>
</cycle-end>
<allocation-satisfied id="4677" threadId="0000000001AB4700" bytesRequested="24" />
<af-end id="4678" timestamp="2019-07-02T23:30:44.732" threadId="0000000001AB5088" success="true" />
<exclusive-end id="4679" timestamp="2019-07-02T23:30:44.732" durationms="10.706" />

<exclusive-start id="4680" timestamp="2019-07-02T23:30:44.773" intervalms="51.088">
  <response-info timems="0.148" idlems="0.148" threads="0" lastid="0000000001AB4700" lastname="main" />
</exclusive-start>
<af-start id="4681" threadId="0000000001AB5088" totalBytesRequested="24" timestamp="2019-07-02T23:30:44.773" intervalms="51.074" />
<cycle-start id="4682" type="global" contextid="0" timestamp="2019-07-02T23:30:44.773" intervalms="51.080" />
  <attribute name="GC Util" value="189" />
  <attribute name="CPU Util" value="2048513269547" />
  <attribute name="Time Running"value="22277"/>
  <attribute name="Number of cores"value="4"/>
<gc-start id="4683" type="global" contextid="4682" timestamp="2019-07-02T23:30:44.773">
  <mem-info id="4684" free="458752" total="45875200" percent="1">
    <mem type="tenure" free="458752" total="45875200" percent="1">
      <mem type="soa" free="0" total="45416448" percent="0" />
      <mem type="loa" free="458752" total="458752" percent="100" />
    </mem>
  </mem-info>
</gc-start>
<allocation-stats totalBytes="27415456" >
  <allocated-bytes non-tlh="0" tlh="27415456" />
  <largest-consumer threadName="main" threadId="0000000001AB4700" bytes="27415456" />
</allocation-stats>
<gc-op id="4685" type="mark" timems="8.934" contextid="4682" timestamp="2019-07-02T23:30:44.782">
  <trace-info objectcount="596219" scancount="517239" scanbytes="13270200" />
  <finalization candidates="80" enqueued="0" />
  <ownableSynchronizers candidates="21" cleared="0" />
  <references type="soft" candidates="1843" cleared="0" enqueued="0" dynamicThreshold="19" maxThreshold="32" />
  <references type="weak" candidates="5762" cleared="0" enqueued="0" />
  <references type="phantom" candidates="101" cleared="0" enqueued="0" />
  <stringconstants candidates="13253" cleared="0"  />
</gc-op>
<gc-op id="4686" type="sweep" timems="0.610" contextid="4682" timestamp="2019-07-02T23:30:44.783" />
<gc-end id="4687" type="global" contextid="4682" durationms="10.013" usertimems="32.000" systemtimems="0.000" timestamp="2019-07-02T23:30:44.783" activeThreads="4">
  <mem-info id="4688" free="27875816" total="45875200" percent="60">
    <mem type="tenure" free="27875816" total="45875200" percent="60" micro-fragmented="104690" macro-fragmented="0">
      <mem type="soa" free="27417064" total="45416448" percent="60" />
      <mem type="loa" free="458752" total="458752" percent="100" />
    </mem>
  </mem-info>
</gc-end>
<cycle-end id="4689" type="global" contextid="4682" timestamp="2019-07-02T23:30:44.783">
  <attribute name="GC Util" value="188" />
  <attribute name="CPU Util" value="2037266490339" />
  <attribute name="Time Running"value="22328"/>
  <attribute name="Number of cores"value="4"/>
</cycle-end>
<allocation-satisfied id="4690" threadId="0000000001AB4700" bytesRequested="24" />
<af-end id="4691" timestamp="2019-07-02T23:30:44.783" threadId="0000000001AB5088" success="true" />
<exclusive-end id="4692" timestamp="2019-07-02T23:30:44.784" durationms="10.696" />

<exclusive-start id="4693" timestamp="2019-07-02T23:30:44.927" intervalms="153.765">
  <response-info timems="0.159" idlems="0.159" threads="0" lastid="0000000001AB4700" lastname="main" />
</exclusive-start>
<af-start id="4694" threadId="0000000001AB5088" totalBytesRequested="16" timestamp="2019-07-02T23:30:44.927" intervalms="153.783" />
<cycle-start id="4695" type="global" contextid="0" timestamp="2019-07-02T23:30:44.927" intervalms="153.780" />
  <attribute name="GC Util" value="188" />
  <attribute name="CPU Util" value="2037266490339" />
  <attribute name="Time Running"value="22328"/>
  <attribute name="Number of cores"value="4"/>
<gc-start id="4696" type="global" contextid="4695" timestamp="2019-07-02T23:30:44.927">
  <mem-info id="4697" free="458752" total="45875200" percent="1">
    <mem type="tenure" free="458752" total="45875200" percent="1">
      <mem type="soa" free="0" total="45416448" percent="0" />
      <mem type="loa" free="458752" total="458752" percent="100" />
    </mem>
  </mem-info>
</gc-start>
<allocation-stats totalBytes="27415192" >
  <allocated-bytes non-tlh="0" tlh="27415192" />
  <largest-consumer threadName="main" threadId="0000000001AB4700" bytes="27415192" />
</allocation-stats>
<gc-op id="4698" type="mark" timems="9.632" contextid="4695" timestamp="2019-07-02T23:30:44.937">
  <trace-info objectcount="596222" scancount="517219" scanbytes="13270288" />
  <finalization candidates="80" enqueued="0" />
  <ownableSynchronizers candidates="21" cleared="0" />
  <references type="soft" candidates="1843" cleared="0" enqueued="0" dynamicThreshold="19" maxThreshold="32" />
  <references type="weak" candidates="5762" cleared="0" enqueued="0" />
  <references type="phantom" candidates="101" cleared="0" enqueued="0" />
  <stringconstants candidates="13253" cleared="0"  />
</gc-op>
<gc-op id="4699" type="sweep" timems="0.834" contextid="4695" timestamp="2019-07-02T23:30:44.938" />
<gc-end id="4700" type="global" contextid="4695" durationms="10.879" usertimems="40.000" systemtimems="0.000" timestamp="2019-07-02T23:30:44.938" activeThreads="4">
  <mem-info id="4701" free="27876264" total="45875200" percent="60">
    <mem type="tenure" free="27876264" total="45875200" percent="60" micro-fragmented="104683" macro-fragmented="0">
      <mem type="soa" free="27417512" total="45416448" percent="60" />
      <mem type="loa" free="458752" total="458752" percent="100" />
    </mem>
  </mem-info>
</gc-end>
<cycle-end id="4702" type="global" contextid="4695" timestamp="2019-07-02T23:30:44.938">
  <attribute name="GC Util" value="190" />
  <attribute name="CPU Util" value="1894061983518" />
  <attribute name="Time Running"value="22483"/>
  <attribute name="Number of cores"value="4"/>
</cycle-end>
<allocation-satisfied id="4703" threadId="0000000001AB4700" bytesRequested="16" />
<af-end id="4704" timestamp="2019-07-02T23:30:44.938" threadId="0000000001AB5088" success="true" />
<exclusive-end id="4705" timestamp="2019-07-02T23:30:44.938" durationms="11.703" />

<exclusive-start id="4706" timestamp="2019-07-02T23:30:44.958" intervalms="31.763">
  <response-info timems="0.140" idlems="0.140" threads="0" lastid="0000000001AB4700" lastname="main" />
</exclusive-start>
<af-start id="4707" threadId="0000000001AB5088" totalBytesRequested="32" timestamp="2019-07-02T23:30:44.959" intervalms="31.745" />
<cycle-start id="4708" type="global" contextid="0" timestamp="2019-07-02T23:30:44.959" intervalms="31.753" />
  <attribute name="GC Util" value="190" />
  <attribute name="CPU Util" value="1894061983518" />
  <attribute name="Time Running"value="22483"/>
  <attribute name="Number of cores"value="4"/>
<gc-start id="4709" type="global" contextid="4708" timestamp="2019-07-02T23:30:44.959">
  <mem-info id="4710" free="458752" total="45875200" percent="1">
    <mem type="tenure" free="458752" total="45875200" percent="1">
      <mem type="soa" free="0" total="45416448" percent="0" />
      <mem type="loa" free="458752" total="458752" percent="100" />
    </mem>
  </mem-info>
</gc-start>
<allocation-stats totalBytes="27415400" >
  <allocated-bytes non-tlh="0" tlh="27415400" />
  <largest-consumer threadName="main" threadId="0000000001AB4700" bytes="27415400" />
</allocation-stats>
<gc-op id="4711" type="mark" timems="9.507" contextid="4708" timestamp="2019-07-02T23:30:44.968">
  <trace-info objectcount="596234" scancount="517231" scanbytes="13270616" />
  <finalization candidates="80" enqueued="0" />
  <ownableSynchronizers candidates="21" cleared="0" />
  <references type="soft" candidates="1843" cleared="0" enqueued="0" dynamicThreshold="19" maxThreshold="32" />
  <references type="weak" candidates="5762" cleared="0" enqueued="0" />
  <references type="phantom" candidates="101" cleared="0" enqueued="0" />
  <stringconstants candidates="13253" cleared="0"  />
</gc-op>
<gc-op id="4712" type="sweep" timems="0.573" contextid="4708" timestamp="2019-07-02T23:30:44.969" />
<gc-end id="4713" type="global" contextid="4708" durationms="10.527" usertimems="36.000" systemtimems="4.000" timestamp="2019-07-02T23:30:44.969" activeThreads="4">
  <mem-info id="4714" free="27875232" total="45875200" percent="60">
    <mem type="tenure" free="27875232" total="45875200" percent="60" micro-fragmented="86961" macro-fragmented="0">
      <mem type="soa" free="27416480" total="45416448" percent="60" />
      <mem type="loa" free="458752" total="458752" percent="100" />
    </mem>
  </mem-info>
</gc-end>
<cycle-end id="4715" type="global" contextid="4708" timestamp="2019-07-02T23:30:44.969">
  <attribute name="GC Util" value="190" />
  <attribute name="CPU Util" value="1919868860842" />
  <attribute name="Time Running"value="22514"/>
  <attribute name="Number of cores"value="4"/>
</cycle-end>
<allocation-satisfied id="4716" threadId="0000000001AB4700" bytesRequested="32" />
<af-end id="4717" timestamp="2019-07-02T23:30:44.970" threadId="0000000001AB5088" success="true" />
<exclusive-end id="4718" timestamp="2019-07-02T23:30:44.970" durationms="11.218" />

<exclusive-start id="4719" timestamp="2019-07-02T23:30:45.000" intervalms="41.935">
  <response-info timems="0.093" idlems="0.093" threads="0" lastid="0000000001AB4700" lastname="main" />
</exclusive-start>
<af-start id="4720" threadId="0000000001AB5088" totalBytesRequested="24" timestamp="2019-07-02T23:30:45.000" intervalms="41.948" />
<cycle-start id="4721" type="global" contextid="0" timestamp="2019-07-02T23:30:45.001" intervalms="41.941" />
  <attribute name="GC Util" value="190" />
  <attribute name="CPU Util" value="1919868860842" />
  <attribute name="Time Running"value="22514"/>
  <attribute name="Number of cores"value="4"/>
<gc-start id="4722" type="global" contextid="4721" timestamp="2019-07-02T23:30:45.001">
  <mem-info id="4723" free="458752" total="45875200" percent="1">
    <mem type="tenure" free="458752" total="45875200" percent="1">
      <mem type="soa" free="0" total="45416448" percent="0" />
      <mem type="loa" free="458752" total="458752" percent="100" />
    </mem>
  </mem-info>
</gc-start>
<allocation-stats totalBytes="27414040" >
  <allocated-bytes non-tlh="0" tlh="27414040" />
  <largest-consumer threadName="main" threadId="0000000001AB4700" bytes="27414040" />
</allocation-stats>
<gc-op id="4724" type="mark" timems="9.597" contextid="4721" timestamp="2019-07-02T23:30:45.010">
  <trace-info objectcount="596233" scancount="517253" scanbytes="13270584" />
  <finalization candidates="80" enqueued="0" />
  <ownableSynchronizers candidates="21" cleared="0" />
  <references type="soft" candidates="1843" cleared="0" enqueued="0" dynamicThreshold="19" maxThreshold="32" />
  <references type="weak" candidates="5762" cleared="0" enqueued="0" />
  <references type="phantom" candidates="101" cleared="0" enqueued="0" />
  <stringconstants candidates="13253" cleared="0"  />
</gc-op>
<gc-op id="4725" type="sweep" timems="0.809" contextid="4721" timestamp="2019-07-02T23:30:45.011" />
<gc-end id="4726" type="global" contextid="4721" durationms="10.821" usertimems="40.000" systemtimems="0.000" timestamp="2019-07-02T23:30:45.012" activeThreads="4">
  <mem-info id="4727" free="27875512" total="45875200" percent="60">
    <mem type="tenure" free="27875512" total="45875200" percent="60" micro-fragmented="86961" macro-fragmented="0">
      <mem type="soa" free="27416760" total="45416448" percent="60" />
      <mem type="loa" free="458752" total="458752" percent="100" />
    </mem>
  </mem-info>
</gc-end>
<cycle-end id="4728" type="global" contextid="4721" timestamp="2019-07-02T23:30:45.012">
  <attribute name="GC Util" value="189" />
  <attribute name="CPU Util" value="1902623863670" />
  <attribute name="Time Running"value="22557"/>
  <attribute name="Number of cores"value="4"/>
</cycle-end>
<allocation-satisfied id="4729" threadId="0000000001AB4700" bytesRequested="24" />
<af-end id="4730" timestamp="2019-07-02T23:30:45.012" threadId="0000000001AB5088" success="true" />
<exclusive-end id="4731" timestamp="2019-07-02T23:30:45.012" durationms="11.557" />

<exclusive-start id="4732" timestamp="2019-07-02T23:30:45.040" intervalms="40.098">
  <response-info timems="0.092" idlems="0.092" threads="0" lastid="0000000001AB4700" lastname="main" />
</exclusive-start>
<af-start id="4733" threadId="0000000001AB5088" totalBytesRequested="32" timestamp="2019-07-02T23:30:45.041" intervalms="40.111" />
<cycle-start id="4734" type="global" contextid="0" timestamp="2019-07-02T23:30:45.041" intervalms="40.120" />
  <attribute name="GC Util" value="189" />
  <attribute name="CPU Util" value="1902623863670" />
  <attribute name="Time Running"value="22557"/>
  <attribute name="Number of cores"value="4"/>
<gc-start id="4735" type="global" contextid="4734" timestamp="2019-07-02T23:30:45.041">
  <mem-info id="4736" free="458752" total="45875200" percent="1">
    <mem type="tenure" free="458752" total="45875200" percent="1">
      <mem type="soa" free="0" total="45416448" percent="0" />
      <mem type="loa" free="458752" total="458752" percent="100" />
    </mem>
  </mem-info>
</gc-start>
<allocation-stats totalBytes="27414432" >
  <allocated-bytes non-tlh="0" tlh="27414432" />
  <largest-consumer threadName="main" threadId="0000000001AB4700" bytes="27414432" />
</allocation-stats>
<gc-op id="4737" type="mark" timems="9.011" contextid="4734" timestamp="2019-07-02T23:30:45.050">
  <trace-info objectcount="596234" scancount="517253" scanbytes="13270636" />
  <finalization candidates="80" enqueued="0" />
  <ownableSynchronizers candidates="21" cleared="0" />
  <references type="soft" candidates="1843" cleared="0" enqueued="0" dynamicThreshold="19" maxThreshold="32" />
  <references type="weak" candidates="5762" cleared="0" enqueued="0" />
  <references type="phantom" candidates="101" cleared="0" enqueued="0" />
  <stringconstants candidates="13253" cleared="0"  />
</gc-op>
<gc-op id="4738" type="sweep" timems="0.628" contextid="4734" timestamp="2019-07-02T23:30:45.051" />
<gc-end id="4739" type="global" contextid="4734" durationms="10.059" usertimems="28.000" systemtimems="4.000" timestamp="2019-07-02T23:30:45.051" activeThreads="4">
  <mem-info id="4740" free="27874600" total="45875200" percent="60">
    <mem type="tenure" free="27874600" total="45875200" percent="60" micro-fragmented="76033" macro-fragmented="0">
      <mem type="soa" free="27415848" total="45416448" percent="60" />
      <mem type="loa" free="458752" total="458752" percent="100" />
    </mem>
  </mem-info>
</gc-end>
<cycle-end id="4741" type="global" contextid="4734" timestamp="2019-07-02T23:30:45.051">
  <attribute name="GC Util" value="190" />
  <attribute name="CPU Util" value="2020413963726" />
  <attribute name="Time Running"value="22596"/>
  <attribute name="Number of cores"value="4"/>
</cycle-end>
<allocation-satisfied id="4742" threadId="0000000001AB4700" bytesRequested="32" />
<af-end id="4743" timestamp="2019-07-02T23:30:45.051" threadId="0000000001AB5088" success="true" />
<exclusive-end id="4744" timestamp="2019-07-02T23:30:45.051" durationms="10.793" />

<exclusive-start id="4745" timestamp="2019-07-02T23:30:45.074" intervalms="33.788">
  <response-info timems="0.080" idlems="0.080" threads="0" lastid="0000000001AB4700" lastname="main" />
</exclusive-start>
<af-start id="4746" threadId="0000000001AB5088" totalBytesRequested="32" timestamp="2019-07-02T23:30:45.074" intervalms="33.766" />
<cycle-start id="4747" type="global" contextid="0" timestamp="2019-07-02T23:30:45.075" intervalms="33.790" />
  <attribute name="GC Util" value="190" />
  <attribute name="CPU Util" value="2020413963726" />
  <attribute name="Time Running"value="22596"/>
  <attribute name="Number of cores"value="4"/>
<gc-start id="4748" type="global" contextid="4747" timestamp="2019-07-02T23:30:45.075">
  <mem-info id="4749" free="458752" total="45875200" percent="1">
    <mem type="tenure" free="458752" total="45875200" percent="1">
      <mem type="soa" free="0" total="45416448" percent="0" />
      <mem type="loa" free="458752" total="458752" percent="100" />
    </mem>
  </mem-info>
</gc-start>
<allocation-stats totalBytes="27413680" >
  <allocated-bytes non-tlh="0" tlh="27413680" />
  <largest-consumer threadName="main" threadId="0000000001AB4700" bytes="27413680" />
</allocation-stats>
<gc-op id="4750" type="mark" timems="9.168" contextid="4747" timestamp="2019-07-02T23:30:45.084">
  <trace-info objectcount="596232" scancount="517226" scanbytes="13270584" />
  <finalization candidates="80" enqueued="0" />
  <ownableSynchronizers candidates="21" cleared="0" />
  <references type="soft" candidates="1843" cleared="0" enqueued="0" dynamicThreshold="19" maxThreshold="32" />
  <references type="weak" candidates="5762" cleared="0" enqueued="0" />
  <references type="phantom" candidates="101" cleared="0" enqueued="0" />
  <stringconstants candidates="13253" cleared="0"  />
</gc-op>
<gc-op id="4751" type="sweep" timems="0.780" contextid="4747" timestamp="2019-07-02T23:30:45.085" />
<gc-end id="4752" type="global" contextid="4747" durationms="10.315" usertimems="28.000" systemtimems="0.000" timestamp="2019-07-02T23:30:45.085" activeThreads="4">
  <mem-info id="4753" free="27874696" total="45875200" percent="60">
    <mem type="tenure" free="27874696" total="45875200" percent="60" micro-fragmented="75843" macro-fragmented="0">
      <mem type="soa" free="27415944" total="45416448" percent="60" />
      <mem type="loa" free="458752" total="458752" percent="100" />
    </mem>
  </mem-info>
</gc-end>
<cycle-end id="4754" type="global" contextid="4747" timestamp="2019-07-02T23:30:45.085">
  <attribute name="GC Util" value="189" />
  <attribute name="CPU Util" value="1982975132067" />
  <attribute name="Time Running"value="22630"/>
  <attribute name="Number of cores"value="4"/>
</cycle-end>
<allocation-satisfied id="4755" threadId="0000000001AB4700" bytesRequested="32" />
<af-end id="4756" timestamp="2019-07-02T23:30:45.085" threadId="0000000001AB5088" success="true" />
<exclusive-end id="4757" timestamp="2019-07-02T23:30:45.085" durationms="11.038" />

<exclusive-start id="4758" timestamp="2019-07-02T23:30:45.176" intervalms="102.041">
  <response-info timems="0.102" idlems="0.102" threads="0" lastid="0000000001AB4700" lastname="main" />
</exclusive-start>
<af-start id="4759" threadId="0000000001AB5088" totalBytesRequested="112" timestamp="2019-07-02T23:30:45.176" intervalms="102.050" />
<cycle-start id="4760" type="global" contextid="0" timestamp="2019-07-02T23:30:45.177" intervalms="102.018" />
  <attribute name="GC Util" value="189" />
  <attribute name="CPU Util" value="1982975132067" />
  <attribute name="Time Running"value="22630"/>
  <attribute name="Number of cores"value="4"/>
<gc-start id="4761" type="global" contextid="4760" timestamp="2019-07-02T23:30:45.177">
  <mem-info id="4762" free="458752" total="45875200" percent="1">
    <mem type="tenure" free="458752" total="45875200" percent="1">
      <mem type="soa" free="0" total="45416448" percent="0" />
      <mem type="loa" free="458752" total="458752" percent="100" />
    </mem>
  </mem-info>
</gc-start>
<allocation-stats totalBytes="27409328" >
  <allocated-bytes non-tlh="0" tlh="27409328" />
  <largest-consumer threadName="main" threadId="0000000001AB4700" bytes="27409328" />
</allocation-stats>
<gc-op id="4763" type="mark" timems="9.200" contextid="4760" timestamp="2019-07-02T23:30:45.186">
  <trace-info objectcount="596243" scancount="517237" scanbytes="13270696" />
  <finalization candidates="80" enqueued="0" />
  <ownableSynchronizers candidates="21" cleared="0" />
  <references type="soft" candidates="1843" cleared="0" enqueued="0" dynamicThreshold="19" maxThreshold="32" />
  <references type="weak" candidates="5762" cleared="0" enqueued="0" />
  <references type="phantom" candidates="101" cleared="0" enqueued="0" />
  <stringconstants candidates="13253" cleared="0"  />
</gc-op>
<gc-op id="4764" type="sweep" timems="0.611" contextid="4760" timestamp="2019-07-02T23:30:45.187" />
<gc-end id="4765" type="global" contextid="4760" durationms="10.248" usertimems="32.000" systemtimems="0.000" timestamp="2019-07-02T23:30:45.187" activeThreads="4">
  <mem-info id="4766" free="27874880" total="45875200" percent="60">
    <mem type="tenure" free="27874880" total="45875200" percent="60" micro-fragmented="77185" macro-fragmented="0">
      <mem type="soa" free="27416128" total="45416448" percent="60" />
      <mem type="loa" free="458752" total="458752" percent="100" />
    </mem>
  </mem-info>
</gc-end>
<cycle-end id="4767" type="global" contextid="4760" timestamp="2019-07-02T23:30:45.187">
  <attribute name="GC Util" value="187" />
  <attribute name="CPU Util" value="1976525357811" />
  <attribute name="Time Running"value="22732"/>
  <attribute name="Number of cores"value="4"/>
</cycle-end>
<allocation-satisfied id="4768" threadId="0000000001AB4700" bytesRequested="112" />
<af-end id="4769" timestamp="2019-07-02T23:30:45.187" threadId="0000000001AB5088" success="true" />
<exclusive-end id="4770" timestamp="2019-07-02T23:30:45.187" durationms="11.002" />

<exclusive-start id="4771" timestamp="2019-07-02T23:30:45.231" intervalms="55.186">
  <response-info timems="0.114" idlems="0.114" threads="0" lastid="0000000001AB4700" lastname="main" />
</exclusive-start>
<af-start id="4772" threadId="0000000001AB5088" totalBytesRequested="528" timestamp="2019-07-02T23:30:45.232" intervalms="55.176" />
<cycle-start id="4773" type="global" contextid="0" timestamp="2019-07-02T23:30:45.232" intervalms="55.181" />
  <attribute name="GC Util" value="187" />
  <attribute name="CPU Util" value="1976525357811" />
  <attribute name="Time Running"value="22732"/>
  <attribute name="Number of cores"value="4"/>
<gc-start id="4774" type="global" contextid="4773" timestamp="2019-07-02T23:30:45.232">
  <mem-info id="4775" free="458752" total="45875200" percent="1">
    <mem type="tenure" free="458752" total="45875200" percent="1">
      <mem type="soa" free="0" total="45416448" percent="0" />
      <mem type="loa" free="458752" total="458752" percent="100" />
    </mem>
  </mem-info>
</gc-start>
<allocation-stats totalBytes="27374320" >
  <allocated-bytes non-tlh="0" tlh="27374320" />
  <largest-consumer threadName="main" threadId="0000000001AB4700" bytes="27374320" />
</allocation-stats>
<gc-op id="4776" type="mark" timems="9.459" contextid="4773" timestamp="2019-07-02T23:30:45.241">
  <trace-info objectcount="596246" scancount="517262" scanbytes="13270720" />
  <finalization candidates="80" enqueued="0" />
  <ownableSynchronizers candidates="21" cleared="0" />
  <references type="soft" candidates="1843" cleared="0" enqueued="0" dynamicThreshold="19" maxThreshold="32" />
  <references type="weak" candidates="5762" cleared="0" enqueued="0" />
  <references type="phantom" candidates="101" cleared="0" enqueued="0" />
  <stringconstants candidates="13253" cleared="0"  />
</gc-op>
<gc-op id="4777" type="sweep" timems="0.719" contextid="4773" timestamp="2019-07-02T23:30:45.242" />
<gc-end id="4778" type="global" contextid="4773" durationms="10.606" usertimems="28.000" systemtimems="0.000" timestamp="2019-07-02T23:30:45.242" activeThreads="4">
  <mem-info id="4779" free="27873728" total="45875200" percent="60">
    <mem type="tenure" free="27873728" total="45875200" percent="60" micro-fragmented="77385" macro-fragmented="0">
      <mem type="soa" free="27414976" total="45416448" percent="60" />
      <mem type="loa" free="458752" total="458752" percent="100" />
    </mem>
  </mem-info>
</gc-end>
<cycle-end id="4780" type="global" contextid="4773" timestamp="2019-07-02T23:30:45.243">
  <attribute name="GC Util" value="189" />
  <attribute name="CPU Util" value="1923198510794" />
  <attribute name="Time Running"value="22788"/>
  <attribute name="Number of cores"value="4"/>
</cycle-end>
<allocation-satisfied id="4781" threadId="0000000001AB4700" bytesRequested="528" />
<af-end id="4782" timestamp="2019-07-02T23:30:45.243" threadId="0000000001AB5088" success="true" />
<exclusive-end id="4783" timestamp="2019-07-02T23:30:45.243" durationms="11.353" />

<exclusive-start id="4784" timestamp="2019-07-02T23:30:45.287" intervalms="55.402">
  <response-info timems="0.156" idlems="0.156" threads="0" lastid="0000000001AB4700" lastname="main" />
</exclusive-start>
<af-start id="4785" threadId="0000000001AB5088" totalBytesRequested="528" timestamp="2019-07-02T23:30:45.287" intervalms="55.400" />
<cycle-start id="4786" type="global" contextid="0" timestamp="2019-07-02T23:30:45.287" intervalms="55.392" />
  <attribute name="GC Util" value="189" />
  <attribute name="CPU Util" value="1923198510794" />
  <attribute name="Time Running"value="22788"/>
  <attribute name="Number of cores"value="4"/>
<gc-start id="4787" type="global" contextid="4786" timestamp="2019-07-02T23:30:45.287">
  <mem-info id="4788" free="458752" total="45875200" percent="1">
    <mem type="tenure" free="458752" total="45875200" percent="1">
      <mem type="soa" free="0" total="45416448" percent="0" />
      <mem type="loa" free="458752" total="458752" percent="100" />
    </mem>
  </mem-info>
</gc-start>
<allocation-stats totalBytes="27371968" >
  <allocated-bytes non-tlh="0" tlh="27371968" />
  <largest-consumer threadName="main" threadId="0000000001AB4700" bytes="27371968" />
</allocation-stats>
<gc-op id="4789" type="mark" timems="9.193" contextid="4786" timestamp="2019-07-02T23:30:45.297">
  <trace-info objectcount="596246" scancount="517261" scanbytes="13270720" />
  <finalization candidates="80" enqueued="0" />
  <ownableSynchronizers candidates="21" cleared="0" />
  <references type="soft" candidates="1843" cleared="0" enqueued="0" dynamicThreshold="19" maxThreshold="32" />
  <references type="weak" candidates="5762" cleared="0" enqueued="0" />
  <references type="phantom" candidates="101" cleared="0" enqueued="0" />
  <stringconstants candidates="13253" cleared="0"  />
</gc-op>
<gc-op id="4790" type="sweep" timems="0.650" contextid="4786" timestamp="2019-07-02T23:30:45.297" />
<gc-end id="4791" type="global" contextid="4786" durationms="10.292" usertimems="28.000" systemtimems="0.000" timestamp="2019-07-02T23:30:45.298" activeThreads="4">
  <mem-info id="4792" free="27873888" total="45875200" percent="60">
    <mem type="tenure" free="27873888" total="45875200" percent="60" micro-fragmented="77385" macro-fragmented="0">
      <mem type="soa" free="27415136" total="45416448" percent="60" />
      <mem type="loa" free="458752" total="458752" percent="100" />
    </mem>
  </mem-info>
</gc-end>
<cycle-end id="4793" type="global" contextid="4786" timestamp="2019-07-02T23:30:45.298">
  <attribute name="GC Util" value="189" />
  <attribute name="CPU Util" value="1979250907761" />
  <attribute name="Time Running"value="22843"/>
  <attribute name="Number of cores"value="4"/>
</cycle-end>
<allocation-satisfied id="4794" threadId="0000000001AB4700" bytesRequested="528" />
<af-end id="4795" timestamp="2019-07-02T23:30:45.298" threadId="0000000001AB5088" success="true" />
<exclusive-end id="4796" timestamp="2019-07-02T23:30:45.298" durationms="11.012" />

<exclusive-start id="4797" timestamp="2019-07-02T23:30:45.342" intervalms="54.870">
  <response-info timems="0.069" idlems="0.069" threads="0" lastid="0000000001AB4700" lastname="main" />
</exclusive-start>
<af-start id="4798" threadId="0000000001AB5088" totalBytesRequested="528" timestamp="2019-07-02T23:30:45.342" intervalms="54.857" />
<cycle-start id="4799" type="global" contextid="0" timestamp="2019-07-02T23:30:45.342" intervalms="54.858" />
  <attribute name="GC Util" value="189" />
  <attribute name="CPU Util" value="1979250907761" />
  <attribute name="Time Running"value="22843"/>
  <attribute name="Number of cores"value="4"/>
<gc-start id="4800" type="global" contextid="4799" timestamp="2019-07-02T23:30:45.342">
  <mem-info id="4801" free="458752" total="45875200" percent="1">
    <mem type="tenure" free="458752" total="45875200" percent="1">
      <mem type="soa" free="0" total="45416448" percent="0" />
      <mem type="loa" free="458752" total="458752" percent="100" />
    </mem>
  </mem-info>
</gc-start>
<allocation-stats totalBytes="27371968" >
  <allocated-bytes non-tlh="0" tlh="27371968" />
  <largest-consumer threadName="main" threadId="0000000001AB4700" bytes="27371968" />
</allocation-stats>
<gc-op id="4802" type="mark" timems="9.465" contextid="4799" timestamp="2019-07-02T23:30:45.352">
  <trace-info objectcount="596246" scancount="517263" scanbytes="13270720" />
  <finalization candidates="80" enqueued="0" />
  <ownableSynchronizers candidates="21" cleared="0" />
  <references type="soft" candidates="1843" cleared="0" enqueued="0" dynamicThreshold="19" maxThreshold="32" />
  <references type="weak" candidates="5762" cleared="0" enqueued="0" />
  <references type="phantom" candidates="101" cleared="0" enqueued="0" />
  <stringconstants candidates="13253" cleared="0"  />
</gc-op>
<gc-op id="4803" type="sweep" timems="0.730" contextid="4799" timestamp="2019-07-02T23:30:45.353" />
<gc-end id="4804" type="global" contextid="4799" durationms="10.630" usertimems="28.000" systemtimems="0.000" timestamp="2019-07-02T23:30:45.353" activeThreads="4">
  <mem-info id="4805" free="27873696" total="45875200" percent="60">
    <mem type="tenure" free="27873696" total="45875200" percent="60" micro-fragmented="77385" macro-fragmented="0">
      <mem type="soa" free="27414944" total="45416448" percent="60" />
      <mem type="loa" free="458752" total="458752" percent="100" />
    </mem>
  </mem-info>
</gc-end>
<cycle-end id="4806" type="global" contextid="4799" timestamp="2019-07-02T23:30:45.353">
  <attribute name="GC Util" value="189" />
  <attribute name="CPU Util" value="1925239223130" />
  <attribute name="Time Running"value="22898"/>
  <attribute name="Number of cores"value="4"/>
</cycle-end>
<allocation-satisfied id="4807" threadId="0000000001AB4700" bytesRequested="528" />
<af-end id="4808" timestamp="2019-07-02T23:30:45.353" threadId="0000000001AB5088" success="true" />
<exclusive-end id="4809" timestamp="2019-07-02T23:30:45.353" durationms="11.357" />

<exclusive-start id="4810" timestamp="2019-07-02T23:30:45.432" intervalms="90.778">
  <response-info timems="0.088" idlems="0.088" threads="0" lastid="0000000001AB4700" lastname="main" />
</exclusive-start>
<af-start id="4811" threadId="0000000001AB5088" totalBytesRequested="584" timestamp="2019-07-02T23:30:45.433" intervalms="90.812" />
<cycle-start id="4812" type="global" contextid="0" timestamp="2019-07-02T23:30:45.433" intervalms="90.817" />
  <attribute name="GC Util" value="189" />
  <attribute name="CPU Util" value="1925239223130" />
  <attribute name="Time Running"value="22898"/>
  <attribute name="Number of cores"value="4"/>
<gc-start id="4813" type="global" contextid="4812" timestamp="2019-07-02T23:30:45.433">
  <mem-info id="4814" free="458752" total="45875200" percent="1">
    <mem type="tenure" free="458752" total="45875200" percent="1">
      <mem type="soa" free="0" total="45416448" percent="0" />
      <mem type="loa" free="458752" total="458752" percent="100" />
    </mem>
  </mem-info>
</gc-start>
<allocation-stats totalBytes="27399688" >
  <allocated-bytes non-tlh="0" tlh="27399688" />
  <largest-consumer threadName="main" threadId="0000000001AB4700" bytes="27399688" />
</allocation-stats>
<gc-op id="4815" type="mark" timems="9.994" contextid="4812" timestamp="2019-07-02T23:30:45.443">
  <trace-info objectcount="596234" scancount="517251" scanbytes="13270564" />
  <finalization candidates="80" enqueued="0" />
  <ownableSynchronizers candidates="21" cleared="0" />
  <references type="soft" candidates="1843" cleared="0" enqueued="0" dynamicThreshold="19" maxThreshold="32" />
  <references type="weak" candidates="5762" cleared="0" enqueued="0" />
  <references type="phantom" candidates="101" cleared="0" enqueued="0" />
  <stringconstants candidates="13253" cleared="0"  />
</gc-op>
<gc-op id="4816" type="sweep" timems="0.781" contextid="4812" timestamp="2019-07-02T23:30:45.444" />
<gc-end id="4817" type="global" contextid="4812" durationms="11.184" usertimems="40.000" systemtimems="0.000" timestamp="2019-07-02T23:30:45.444" activeThreads="4">
  <mem-info id="4818" free="27875280" total="45875200" percent="60">
    <mem type="tenure" free="27875280" total="45875200" percent="60" micro-fragmented="80223" macro-fragmented="0">
      <mem type="soa" free="27416528" total="45416448" percent="60" />
      <mem type="loa" free="458752" total="458752" percent="100" />
    </mem>
  </mem-info>
</gc-end>
<cycle-end id="4819" type="global" contextid="4812" timestamp="2019-07-02T23:30:45.444">
  <attribute name="GC Util" value="189" />
  <attribute name="CPU Util" value="1824047258811" />
  <attribute name="Time Running"value="22989"/>
  <attribute name="Number of cores"value="4"/>
</cycle-end>
<allocation-satisfied id="4820" threadId="0000000001AB4700" bytesRequested="584" />
<af-end id="4821" timestamp="2019-07-02T23:30:45.444" threadId="0000000001AB5088" success="true" />
<exclusive-end id="4822" timestamp="2019-07-02T23:30:45.444" durationms="11.935" />

<exclusive-start id="4823" timestamp="2019-07-02T23:30:45.449" intervalms="16.755">
  <response-info timems="0.042" idlems="0.042" threads="0" lastid="0000000001AB4700" lastname="main" />
</exclusive-start>
<af-start id="4824" threadId="0000000001AB5088" totalBytesRequested="24" timestamp="2019-07-02T23:30:45.449" intervalms="16.700" />
<cycle-start id="4825" type="global" contextid="0" timestamp="2019-07-02T23:30:45.449" intervalms="16.673" />
  <attribute name="GC Util" value="189" />
  <attribute name="CPU Util" value="1824047258811" />
  <attribute name="Time Running"value="22989"/>
  <attribute name="Number of cores"value="4"/>
<gc-start id="4826" type="global" contextid="4825" timestamp="2019-07-02T23:30:45.450">
  <mem-info id="4827" free="458752" total="45875200" percent="1">
    <mem type="tenure" free="458752" total="45875200" percent="1">
      <mem type="soa" free="0" total="45416448" percent="0" />
      <mem type="loa" free="458752" total="458752" percent="100" />
    </mem>
  </mem-info>
</gc-start>
<allocation-stats totalBytes="27353336" >
  <allocated-bytes non-tlh="0" tlh="27353336" />
  <largest-consumer threadName="main" threadId="0000000001AB4700" bytes="27353336" />
</allocation-stats>
<gc-op id="4828" type="mark" timems="10.068" contextid="4825" timestamp="2019-07-02T23:30:45.460">
  <trace-info objectcount="596234" scancount="517250" scanbytes="13270572" />
  <finalization candidates="80" enqueued="0" />
  <ownableSynchronizers candidates="21" cleared="0" />
  <references type="soft" candidates="1843" cleared="0" enqueued="0" dynamicThreshold="19" maxThreshold="32" />
  <references type="weak" candidates="5762" cleared="0" enqueued="0" />
  <references type="phantom" candidates="101" cleared="0" enqueued="0" />
  <stringconstants candidates="13253" cleared="0"  />
</gc-op>
<gc-op id="4829" type="sweep" timems="0.801" contextid="4825" timestamp="2019-07-02T23:30:45.461" />
<gc-end id="4830" type="global" contextid="4825" durationms="11.253" usertimems="36.000" systemtimems="4.000" timestamp="2019-07-02T23:30:45.461" activeThreads="4">
  <mem-info id="4831" free="27875288" total="45875200" percent="60">
    <mem type="tenure" free="27875288" total="45875200" percent="60" micro-fragmented="80223" macro-fragmented="0">
      <mem type="soa" free="27416536" total="45416448" percent="60" />
      <mem type="loa" free="458752" total="458752" percent="100" />
    </mem>
  </mem-info>
</gc-end>
<cycle-end id="4832" type="global" contextid="4825" timestamp="2019-07-02T23:30:45.461">
  <attribute name="GC Util" value="190" />
  <attribute name="CPU Util" value="1806196371269" />
  <attribute name="Time Running"value="23006"/>
  <attribute name="Number of cores"value="4"/>
</cycle-end>
<allocation-satisfied id="4833" threadId="0000000001AB4700" bytesRequested="24" />
<af-end id="4834" timestamp="2019-07-02T23:30:45.461" threadId="0000000001AB5088" success="true" />
<exclusive-end id="4835" timestamp="2019-07-02T23:30:45.461" durationms="11.860" />

<exclusive-start id="4836" timestamp="2019-07-02T23:30:45.466" intervalms="16.547">
  <response-info timems="0.148" idlems="0.148" threads="0" lastid="0000000001AB4700" lastname="main" />
</exclusive-start>
<af-start id="4837" threadId="0000000001AB5088" totalBytesRequested="584" timestamp="2019-07-02T23:30:45.466" intervalms="16.547" />
<cycle-start id="4838" type="global" contextid="0" timestamp="2019-07-02T23:30:45.466" intervalms="16.570" />
  <attribute name="GC Util" value="190" />
  <attribute name="CPU Util" value="1806196371269" />
  <attribute name="Time Running"value="23006"/>
  <attribute name="Number of cores"value="4"/>
<gc-start id="4839" type="global" contextid="4838" timestamp="2019-07-02T23:30:45.466">
  <mem-info id="4840" free="458752" total="45875200" percent="1">
    <mem type="tenure" free="458752" total="45875200" percent="1">
      <mem type="soa" free="0" total="45416448" percent="0" />
      <mem type="loa" free="458752" total="458752" percent="100" />
    </mem>
  </mem-info>
</gc-start>
<allocation-stats totalBytes="27341392" >
  <allocated-bytes non-tlh="0" tlh="27341392" />
  <largest-consumer threadName="main" threadId="0000000001AB4700" bytes="27341392" />
</allocation-stats>
<gc-op id="4841" type="mark" timems="9.485" contextid="4838" timestamp="2019-07-02T23:30:45.476">
  <trace-info objectcount="596235" scancount="517228" scanbytes="13270588" />
  <finalization candidates="80" enqueued="0" />
  <ownableSynchronizers candidates="21" cleared="0" />
  <references type="soft" candidates="1843" cleared="0" enqueued="0" dynamicThreshold="19" maxThreshold="32" />
  <references type="weak" candidates="5762" cleared="0" enqueued="0" />
  <references type="phantom" candidates="101" cleared="0" enqueued="0" />
  <stringconstants candidates="13253" cleared="0"  />
</gc-op>
<gc-op id="4842" type="sweep" timems="0.633" contextid="4838" timestamp="2019-07-02T23:30:45.477" />
<gc-end id="4843" type="global" contextid="4838" durationms="10.514" usertimems="36.000" systemtimems="4.000" timestamp="2019-07-02T23:30:45.477" activeThreads="4">
  <mem-info id="4844" free="27875104" total="45875200" percent="60">
    <mem type="tenure" free="27875104" total="45875200" percent="60" micro-fragmented="80223" macro-fragmented="0">
      <mem type="soa" free="27416352" total="45416448" percent="60" />
      <mem type="loa" free="458752" total="458752" percent="100" />
    </mem>
  </mem-info>
</gc-end>
<cycle-end id="4845" type="global" contextid="4838" timestamp="2019-07-02T23:30:45.477">
  <attribute name="GC Util" value="191" />
  <attribute name="CPU Util" value="1925229577591" />
  <attribute name="Time Running"value="23022"/>
  <attribute name="Number of cores"value="4"/>
</cycle-end>
<allocation-satisfied id="4846" threadId="0000000001AB4700" bytesRequested="584" />
<af-end id="4847" timestamp="2019-07-02T23:30:45.477" threadId="0000000001AB5088" success="true" />
<exclusive-end id="4848" timestamp="2019-07-02T23:30:45.477" durationms="11.191" />

<exclusive-start id="4849" timestamp="2019-07-02T23:30:45.482" intervalms="15.857">
  <response-info timems="0.064" idlems="0.064" threads="0" lastid="0000000001AB4700" lastname="main" />
</exclusive-start>
<af-start id="4850" threadId="0000000001AB5088" totalBytesRequested="544" timestamp="2019-07-02T23:30:45.482" intervalms="15.878" />
<cycle-start id="4851" type="global" contextid="0" timestamp="2019-07-02T23:30:45.482" intervalms="15.874" />
  <attribute name="GC Util" value="191" />
  <attribute name="CPU Util" value="1925229577591" />
  <attribute name="Time Running"value="23022"/>
  <attribute name="Number of cores"value="4"/>
<gc-start id="4852" type="global" contextid="4851" timestamp="2019-07-02T23:30:45.482">
  <mem-info id="4853" free="458752" total="45875200" percent="1">
    <mem type="tenure" free="458752" total="45875200" percent="1">
      <mem type="soa" free="0" total="45416448" percent="0" />
      <mem type="loa" free="458752" total="458752" percent="100" />
    </mem>
  </mem-info>
</gc-start>
<allocation-stats totalBytes="27341696" >
  <allocated-bytes non-tlh="0" tlh="27341696" />
  <largest-consumer threadName="main" threadId="0000000001AB4700" bytes="27341696" />
</allocation-stats>
<gc-op id="4854" type="mark" timems="10.309" contextid="4851" timestamp="2019-07-02T23:30:45.493">
  <trace-info objectcount="596235" scancount="517224" scanbytes="13270588" />
  <finalization candidates="80" enqueued="0" />
  <ownableSynchronizers candidates="21" cleared="0" />
  <references type="soft" candidates="1843" cleared="0" enqueued="0" dynamicThreshold="19" maxThreshold="32" />
  <references type="weak" candidates="5762" cleared="0" enqueued="0" />
  <references type="phantom" candidates="101" cleared="0" enqueued="0" />
  <stringconstants candidates="13253" cleared="0"  />
</gc-op>
<gc-op id="4855" type="sweep" timems="0.781" contextid="4851" timestamp="2019-07-02T23:30:45.493" />
<gc-end id="4856" type="global" contextid="4851" durationms="11.520" usertimems="36.000" systemtimems="8.000" timestamp="2019-07-02T23:30:45.494" activeThreads="4">
  <mem-info id="4857" free="27874560" total="45875200" percent="60">
    <mem type="tenure" free="27874560" total="45875200" percent="60" micro-fragmented="80223" macro-fragmented="0">
      <mem type="soa" free="27415808" total="45416448" percent="60" />
      <mem type="loa" free="458752" total="458752" percent="100" />
    </mem>
  </mem-info>
</gc-end>
<cycle-end id="4858" type="global" contextid="4851" timestamp="2019-07-02T23:30:45.494">
  <attribute name="GC Util" value="187" />
  <attribute name="CPU Util" value="1770349211863" />
  <attribute name="Time Running"value="23039"/>
  <attribute name="Number of cores"value="4"/>
</cycle-end>
<allocation-satisfied id="4859" threadId="0000000001AB4700" bytesRequested="544" />
<af-end id="4860" timestamp="2019-07-02T23:30:45.494" threadId="0000000001AB5088" success="true" />
<exclusive-end id="4861" timestamp="2019-07-02T23:30:45.494" durationms="12.201" />

<exclusive-start id="4862" timestamp="2019-07-02T23:30:45.498" intervalms="16.821">
  <response-info timems="0.057" idlems="0.057" threads="0" lastid="0000000001AB4700" lastname="main" />
</exclusive-start>
<af-start id="4863" threadId="0000000001AB5088" totalBytesRequested="32" timestamp="2019-07-02T23:30:45.499" intervalms="16.808" />
<cycle-start id="4864" type="global" contextid="0" timestamp="2019-07-02T23:30:45.499" intervalms="16.815" />
  <attribute name="GC Util" value="187" />
  <attribute name="CPU Util" value="1770349211863" />
  <attribute name="Time Running"value="23039"/>
  <attribute name="Number of cores"value="4"/>
<gc-start id="4865" type="global" contextid="4864" timestamp="2019-07-02T23:30:45.499">
  <mem-info id="4866" free="458752" total="45875200" percent="1">
    <mem type="tenure" free="458752" total="45875200" percent="1">
      <mem type="soa" free="0" total="45416448" percent="0" />
      <mem type="loa" free="458752" total="458752" percent="100" />
    </mem>
  </mem-info>
</gc-start>
<allocation-stats totalBytes="27337032" >
  <allocated-bytes non-tlh="0" tlh="27337032" />
  <largest-consumer threadName="main" threadId="0000000001AB4700" bytes="27337032" />
</allocation-stats>
<gc-op id="4867" type="mark" timems="9.317" contextid="4864" timestamp="2019-07-02T23:30:45.508">
  <trace-info objectcount="596236" scancount="517229" scanbytes="13270588" />
  <finalization candidates="80" enqueued="0" />
  <ownableSynchronizers candidates="21" cleared="0" />
  <references type="soft" candidates="1843" cleared="0" enqueued="0" dynamicThreshold="19" maxThreshold="32" />
  <references type="weak" candidates="5762" cleared="0" enqueued="0" />
  <references type="phantom" candidates="101" cleared="0" enqueued="0" />
  <stringconstants candidates="13253" cleared="0"  />
</gc-op>
<gc-op id="4868" type="sweep" timems="0.829" contextid="4864" timestamp="2019-07-02T23:30:45.509" />
<gc-end id="4869" type="global" contextid="4864" durationms="10.568" usertimems="24.000" systemtimems="4.000" timestamp="2019-07-02T23:30:45.509" activeThreads="4">
  <mem-info id="4870" free="27874768" total="45875200" percent="60">
    <mem type="tenure" free="27874768" total="45875200" percent="60" micro-fragmented="80223" macro-fragmented="0">
      <mem type="soa" free="27416016" total="45416448" percent="60" />
      <mem type="loa" free="458752" total="458752" percent="100" />
    </mem>
  </mem-info>
</gc-end>
<cycle-end id="4871" type="global" contextid="4864" timestamp="2019-07-02T23:30:45.509">
  <attribute name="GC Util" value="189" />
  <attribute name="CPU Util" value="1948950987049" />
  <attribute name="Time Running"value="23054"/>
  <attribute name="Number of cores"value="4"/>
</cycle-end>
<allocation-satisfied id="4872" threadId="0000000001AB4700" bytesRequested="32" />
<af-end id="4873" timestamp="2019-07-02T23:30:45.510" threadId="0000000001AB5088" success="true" />
<exclusive-end id="4874" timestamp="2019-07-02T23:30:45.510" durationms="11.203" />

<exclusive-start id="4875" timestamp="2019-07-02T23:30:45.514" intervalms="15.961">
  <response-info timems="0.046" idlems="0.046" threads="0" lastid="0000000001AB4700" lastname="main" />
</exclusive-start>
<af-start id="4876" threadId="0000000001AB5088" totalBytesRequested="24" timestamp="2019-07-02T23:30:45.515" intervalms="15.985" />
<cycle-start id="4877" type="global" contextid="0" timestamp="2019-07-02T23:30:45.515" intervalms="15.983" />
  <attribute name="GC Util" value="189" />
  <attribute name="CPU Util" value="1948950987049" />
  <attribute name="Time Running"value="23054"/>
  <attribute name="Number of cores"value="4"/>
<gc-start id="4878" type="global" contextid="4877" timestamp="2019-07-02T23:30:45.515">
  <mem-info id="4879" free="458752" total="45875200" percent="1">
    <mem type="tenure" free="458752" total="45875200" percent="1">
      <mem type="soa" free="0" total="45416448" percent="0" />
      <mem type="loa" free="458752" total="458752" percent="100" />
    </mem>
  </mem-info>
</gc-start>
<allocation-stats totalBytes="27341232" >
  <allocated-bytes non-tlh="0" tlh="27341232" />
  <largest-consumer threadName="main" threadId="0000000001AB4700" bytes="27341232" />
</allocation-stats>
<gc-op id="4880" type="mark" timems="9.146" contextid="4877" timestamp="2019-07-02T23:30:45.524">
  <trace-info objectcount="596234" scancount="517251" scanbytes="13270572" />
  <finalization candidates="80" enqueued="0" />
  <ownableSynchronizers candidates="21" cleared="0" />
  <references type="soft" candidates="1843" cleared="0" enqueued="0" dynamicThreshold="19" maxThreshold="32" />
  <references type="weak" candidates="5762" cleared="0" enqueued="0" />
  <references type="phantom" candidates="101" cleared="0" enqueued="0" />
  <stringconstants candidates="13253" cleared="0"  />
</gc-op>
<gc-op id="4881" type="sweep" timems="0.587" contextid="4877" timestamp="2019-07-02T23:30:45.525" />
<gc-end id="4882" type="global" contextid="4877" durationms="10.166" usertimems="28.000" systemtimems="0.000" timestamp="2019-07-02T23:30:45.525" activeThreads="4">
  <mem-info id="4883" free="27875296" total="45875200" percent="60">
    <mem type="tenure" free="27875296" total="45875200" percent="60" micro-fragmented="80223" macro-fragmented="0">
      <mem type="soa" free="27416544" total="45416448" percent="60" />
      <mem type="loa" free="458752" total="458752" percent="100" />
    </mem>
  </mem-info>
</gc-end>
<cycle-end id="4884" type="global" contextid="4877" timestamp="2019-07-02T23:30:45.525">
  <attribute name="GC Util" value="189" />
  <attribute name="CPU Util" value="1991510148679" />
  <attribute name="Time Running"value="23070"/>
  <attribute name="Number of cores"value="4"/>
</cycle-end>
<allocation-satisfied id="4885" threadId="0000000001AB4700" bytesRequested="24" />
<af-end id="4886" timestamp="2019-07-02T23:30:45.525" threadId="0000000001AB5088" success="true" />
<exclusive-end id="4887" timestamp="2019-07-02T23:30:45.525" durationms="10.917" />

<exclusive-start id="4888" timestamp="2019-07-02T23:30:45.530" intervalms="15.653">
  <response-info timems="0.094" idlems="0.094" threads="0" lastid="0000000001AB4700" lastname="main" />
</exclusive-start>
<af-start id="4889" threadId="0000000001AB5088" totalBytesRequested="488" timestamp="2019-07-02T23:30:45.530" intervalms="15.651" />
<cycle-start id="4890" type="global" contextid="0" timestamp="2019-07-02T23:30:45.530" intervalms="15.652" />
  <attribute name="GC Util" value="189" />
  <attribute name="CPU Util" value="1991510148679" />
  <attribute name="Time Running"value="23070"/>
  <attribute name="Number of cores"value="4"/>
<gc-start id="4891" type="global" contextid="4890" timestamp="2019-07-02T23:30:45.530">
  <mem-info id="4892" free="458752" total="45875200" percent="1">
    <mem type="tenure" free="458752" total="45875200" percent="1">
      <mem type="soa" free="0" total="45416448" percent="0" />
      <mem type="loa" free="458752" total="458752" percent="100" />
    </mem>
  </mem-info>
</gc-start>
<allocation-stats totalBytes="27342784" >
  <allocated-bytes non-tlh="0" tlh="27342784" />
  <largest-consumer threadName="main" threadId="0000000001AB4700" bytes="27342784" />
</allocation-stats>
<gc-op id="4893" type="mark" timems="9.691" contextid="4890" timestamp="2019-07-02T23:30:45.540">
  <trace-info objectcount="596235" scancount="517224" scanbytes="13270588" />
  <finalization candidates="80" enqueued="0" />
  <ownableSynchronizers candidates="21" cleared="0" />
  <references type="soft" candidates="1843" cleared="0" enqueued="0" dynamicThreshold="19" maxThreshold="32" />
  <references type="weak" candidates="5762" cleared="0" enqueued="0" />
  <references type="phantom" candidates="101" cleared="0" enqueued="0" />
  <stringconstants candidates="13253" cleared="0"  />
</gc-op>
<gc-op id="4894" type="sweep" timems="0.777" contextid="4890" timestamp="2019-07-02T23:30:45.541" />
<gc-end id="4895" type="global" contextid="4890" durationms="10.890" usertimems="28.000" systemtimems="0.000" timestamp="2019-07-02T23:30:45.541" activeThreads="4">
  <mem-info id="4896" free="27875224" total="45875200" percent="60">
    <mem type="tenure" free="27875224" total="45875200" percent="60" micro-fragmented="80223" macro-fragmented="0">
      <mem type="soa" free="27416472" total="45416448" percent="60" />
      <mem type="loa" free="458752" total="458752" percent="100" />
    </mem>
  </mem-info>
</gc-end>
<cycle-end id="4897" type="global" contextid="4890" timestamp="2019-07-02T23:30:45.541">
  <attribute name="GC Util" value="190" />
  <attribute name="CPU Util" value="1877644434796" />
  <attribute name="Time Running"value="23086"/>
  <attribute name="Number of cores"value="4"/>
</cycle-end>
<allocation-satisfied id="4898" threadId="0000000001AB4700" bytesRequested="488" />
<af-end id="4899" timestamp="2019-07-02T23:30:45.542" threadId="0000000001AB5088" success="true" />
<exclusive-end id="4900" timestamp="2019-07-02T23:30:45.542" durationms="11.602" />

<exclusive-start id="4901" timestamp="2019-07-02T23:30:45.546" intervalms="16.294">
  <response-info timems="0.034" idlems="0.034" threads="0" lastid="0000000001AB4700" lastname="main" />
</exclusive-start>
<af-start id="4902" threadId="0000000001AB5088" totalBytesRequested="584" timestamp="2019-07-02T23:30:45.547" intervalms="16.269" />
<cycle-start id="4903" type="global" contextid="0" timestamp="2019-07-02T23:30:45.547" intervalms="16.275" />
  <attribute name="GC Util" value="190" />
  <attribute name="CPU Util" value="1877644434796" />
  <attribute name="Time Running"value="23086"/>
  <attribute name="Number of cores"value="4"/>
<gc-start id="4904" type="global" contextid="4903" timestamp="2019-07-02T23:30:45.547">
  <mem-info id="4905" free="458752" total="45875200" percent="1">
    <mem type="tenure" free="458752" total="45875200" percent="1">
      <mem type="soa" free="0" total="45416448" percent="0" />
      <mem type="loa" free="458752" total="458752" percent="100" />
    </mem>
  </mem-info>
</gc-start>
<allocation-stats totalBytes="27342144" >
  <allocated-bytes non-tlh="0" tlh="27342144" />
  <largest-consumer threadName="main" threadId="0000000001AB4700" bytes="27342144" />
</allocation-stats>
<gc-op id="4906" type="mark" timems="9.466" contextid="4903" timestamp="2019-07-02T23:30:45.556">
  <trace-info objectcount="596235" scancount="517226" scanbytes="13270588" />
  <finalization candidates="80" enqueued="0" />
  <ownableSynchronizers candidates="21" cleared="0" />
  <references type="soft" candidates="1843" cleared="0" enqueued="0" dynamicThreshold="19" maxThreshold="32" />
  <references type="weak" candidates="5762" cleared="0" enqueued="0" />
  <references type="phantom" candidates="101" cleared="0" enqueued="0" />
  <stringconstants candidates="13253" cleared="0"  />
</gc-op>
<gc-op id="4907" type="sweep" timems="0.591" contextid="4903" timestamp="2019-07-02T23:30:45.557" />
<gc-end id="4908" type="global" contextid="4903" durationms="10.453" usertimems="36.000" systemtimems="0.000" timestamp="2019-07-02T23:30:45.557" activeThreads="4">
  <mem-info id="4909" free="27875152" total="45875200" percent="60">
    <mem type="tenure" free="27875152" total="45875200" percent="60" micro-fragmented="80223" macro-fragmented="0">
      <mem type="soa" free="27416400" total="45416448" percent="60" />
      <mem type="loa" free="458752" total="458752" percent="100" />
    </mem>
  </mem-info>
</gc-end>
<cycle-end id="4910" type="global" contextid="4903" timestamp="2019-07-02T23:30:45.557">
  <attribute name="GC Util" value="191" />
  <attribute name="CPU Util" value="1924995319901" />
  <attribute name="Time Running"value="23102"/>
  <attribute name="Number of cores"value="4"/>
</cycle-end>
<allocation-satisfied id="4911" threadId="0000000001AB4700" bytesRequested="584" />
<af-end id="4912" timestamp="2019-07-02T23:30:45.557" threadId="0000000001AB5088" success="true" />
<exclusive-end id="4913" timestamp="2019-07-02T23:30:45.557" durationms="11.070" />

<exclusive-start id="4914" timestamp="2019-07-02T23:30:45.586" intervalms="39.798">
  <response-info timems="0.122" idlems="0.122" threads="0" lastid="0000000001AB4700" lastname="main" />
</exclusive-start>
<af-start id="4915" threadId="0000000001AB5088" totalBytesRequested="16" timestamp="2019-07-02T23:30:45.586" intervalms="39.794" />
<cycle-start id="4916" type="global" contextid="0" timestamp="2019-07-02T23:30:45.586" intervalms="39.765" />
  <attribute name="GC Util" value="191" />
  <attribute name="CPU Util" value="1924995319901" />
  <attribute name="Time Running"value="23102"/>
  <attribute name="Number of cores"value="4"/>
<gc-start id="4917" type="global" contextid="4916" timestamp="2019-07-02T23:30:45.586">
  <mem-info id="4918" free="458752" total="45875200" percent="1">
    <mem type="tenure" free="458752" total="45875200" percent="1">
      <mem type="soa" free="0" total="45416448" percent="0" />
      <mem type="loa" free="458752" total="458752" percent="100" />
    </mem>
  </mem-info>
</gc-start>
<allocation-stats totalBytes="27358480" >
  <allocated-bytes non-tlh="0" tlh="27358480" />
  <largest-consumer threadName="main" threadId="0000000001AB4700" bytes="27358480" />
</allocation-stats>
<gc-op id="4919" type="mark" timems="9.612" contextid="4916" timestamp="2019-07-02T23:30:45.596">
  <trace-info objectcount="596242" scancount="517242" scanbytes="13270824" />
  <finalization candidates="80" enqueued="0" />
  <ownableSynchronizers candidates="21" cleared="0" />
  <references type="soft" candidates="1843" cleared="0" enqueued="0" dynamicThreshold="19" maxThreshold="32" />
  <references type="weak" candidates="5762" cleared="0" enqueued="0" />
  <references type="phantom" candidates="101" cleared="0" enqueued="0" />
  <stringconstants candidates="13253" cleared="0"  />
</gc-op>
<gc-op id="4920" type="sweep" timems="0.617" contextid="4916" timestamp="2019-07-02T23:30:45.597" />
<gc-end id="4921" type="global" contextid="4916" durationms="10.560" usertimems="36.000" systemtimems="4.000" timestamp="2019-07-02T23:30:45.597" activeThreads="4">
  <mem-info id="4922" free="27875936" total="45875200" percent="60">
    <mem type="tenure" free="27875936" total="45875200" percent="60" micro-fragmented="79826" macro-fragmented="0">
      <mem type="soa" free="27417184" total="45416448" percent="60" />
      <mem type="loa" free="458752" total="458752" percent="100" />
    </mem>
  </mem-info>
</gc-end>
<cycle-end id="4923" type="global" contextid="4916" timestamp="2019-07-02T23:30:45.597">
  <attribute name="GC Util" value="190" />
  <attribute name="CPU Util" value="1897199416558" />
  <attribute name="Time Running"value="23142"/>
  <attribute name="Number of cores"value="4"/>
</cycle-end>
<allocation-satisfied id="4924" threadId="0000000001AB4700" bytesRequested="16" />
<af-end id="4925" timestamp="2019-07-02T23:30:45.597" threadId="0000000001AB5088" success="true" />
<exclusive-end id="4926" timestamp="2019-07-02T23:30:45.597" durationms="11.106" />

<exclusive-start id="4927" timestamp="2019-07-02T23:30:45.639" intervalms="52.676">
  <response-info timems="0.064" idlems="0.064" threads="0" lastid="0000000001AB4700" lastname="main" />
</exclusive-start>
<af-start id="4928" threadId="0000000001AB5088" totalBytesRequested="464" timestamp="2019-07-02T23:30:45.639" intervalms="52.673" />
<cycle-start id="4929" type="global" contextid="0" timestamp="2019-07-02T23:30:45.639" intervalms="52.672" />
  <attribute name="GC Util" value="190" />
  <attribute name="CPU Util" value="1897199416558" />
  <attribute name="Time Running"value="23142"/>
  <attribute name="Number of cores"value="4"/>
<gc-start id="4930" type="global" contextid="4929" timestamp="2019-07-02T23:30:45.639">
  <mem-info id="4931" free="458752" total="45875200" percent="1">
    <mem type="tenure" free="458752" total="45875200" percent="1">
      <mem type="soa" free="0" total="45416448" percent="0" />
      <mem type="loa" free="458752" total="458752" percent="100" />
    </mem>
  </mem-info>
</gc-start>
<allocation-stats totalBytes="27366360" >
  <allocated-bytes non-tlh="0" tlh="27366360" />
  <largest-consumer threadName="main" threadId="0000000001AB4700" bytes="27366360" />
</allocation-stats>
<gc-op id="4932" type="mark" timems="9.189" contextid="4929" timestamp="2019-07-02T23:30:45.648">
  <trace-info objectcount="596233" scancount="517234" scanbytes="13270668" />
  <finalization candidates="80" enqueued="0" />
  <ownableSynchronizers candidates="21" cleared="0" />
  <references type="soft" candidates="1843" cleared="0" enqueued="0" dynamicThreshold="19" maxThreshold="32" />
  <references type="weak" candidates="5762" cleared="0" enqueued="0" />
  <references type="phantom" candidates="101" cleared="0" enqueued="0" />
  <stringconstants candidates="13253" cleared="0"  />
</gc-op>
<gc-op id="4933" type="sweep" timems="0.759" contextid="4929" timestamp="2019-07-02T23:30:45.649" />
<gc-end id="4934" type="global" contextid="4929" durationms="10.259" usertimems="28.000" systemtimems="0.000" timestamp="2019-07-02T23:30:45.649" activeThreads="4">
  <mem-info id="4935" free="27876464" total="45875200" percent="60">
    <mem type="tenure" free="27876464" total="45875200" percent="60" micro-fragmented="79626" macro-fragmented="0">
      <mem type="soa" free="27417712" total="45416448" percent="60" />
      <mem type="loa" free="458752" total="458752" percent="100" />
    </mem>
  </mem-info>
</gc-end>
<cycle-end id="4936" type="global" contextid="4929" timestamp="2019-07-02T23:30:45.650">
  <attribute name="GC Util" value="189" />
  <attribute name="CPU Util" value="1985484473797" />
  <attribute name="Time Running"value="23194"/>
  <attribute name="Number of cores"value="4"/>
</cycle-end>
<allocation-satisfied id="4937" threadId="0000000001AB4700" bytesRequested="464" />
<af-end id="4938" timestamp="2019-07-02T23:30:45.650" threadId="0000000001AB5088" success="true" />
<exclusive-end id="4939" timestamp="2019-07-02T23:30:45.650" durationms="10.818" />

<exclusive-start id="4940" timestamp="2019-07-02T23:30:45.671" intervalms="32.505">
  <response-info timems="0.082" idlems="0.082" threads="0" lastid="0000000001AB4700" lastname="main" />
</exclusive-start>
<af-start id="4941" threadId="0000000001AB5088" totalBytesRequested="408" timestamp="2019-07-02T23:30:45.672" intervalms="32.534" />
<cycle-start id="4942" type="global" contextid="0" timestamp="2019-07-02T23:30:45.672" intervalms="32.558" />
  <attribute name="GC Util" value="189" />
  <attribute name="CPU Util" value="1985484473797" />
  <attribute name="Time Running"value="23194"/>
  <attribute name="Number of cores"value="4"/>
<gc-start id="4943" type="global" contextid="4942" timestamp="2019-07-02T23:30:45.672">
  <mem-info id="4944" free="458752" total="45875200" percent="1">
    <mem type="tenure" free="458752" total="45875200" percent="1">
      <mem type="soa" free="0" total="45416448" percent="0" />
      <mem type="loa" free="458752" total="458752" percent="100" />
    </mem>
  </mem-info>
</gc-start>
<allocation-stats totalBytes="27373848" >
  <allocated-bytes non-tlh="0" tlh="27373848" />
  <largest-consumer threadName="main" threadId="0000000001AB4700" bytes="27373848" />
</allocation-stats>
<gc-op id="4945" type="mark" timems="9.138" contextid="4942" timestamp="2019-07-02T23:30:45.681">
  <trace-info objectcount="596239" scancount="517244" scanbytes="13271268" />
  <finalization candidates="80" enqueued="0" />
  <ownableSynchronizers candidates="21" cleared="0" />
  <references type="soft" candidates="1843" cleared="0" enqueued="0" dynamicThreshold="19" maxThreshold="32" />
  <references type="weak" candidates="5762" cleared="0" enqueued="0" />
  <references type="phantom" candidates="101" cleared="0" enqueued="0" />
  <stringconstants candidates="13253" cleared="0"  />
</gc-op>
<gc-op id="4946" type="sweep" timems="0.630" contextid="4942" timestamp="2019-07-02T23:30:45.682" />
<gc-end id="4947" type="global" contextid="4942" durationms="10.187" usertimems="28.000" systemtimems="0.000" timestamp="2019-07-02T23:30:45.682" activeThreads="4">
  <mem-info id="4948" free="27876336" total="45875200" percent="60">
    <mem type="tenure" free="27876336" total="45875200" percent="60" micro-fragmented="79428" macro-fragmented="0">
      <mem type="soa" free="27417584" total="45416448" percent="60" />
      <mem type="loa" free="458752" total="458752" percent="100" />
    </mem>
  </mem-info>
</gc-end>
<cycle-end id="4949" type="global" contextid="4942" timestamp="2019-07-02T23:30:45.682">
  <attribute name="GC Util" value="189" />
  <attribute name="CPU Util" value="1979771758804" />
  <attribute name="Time Running"value="23227"/>
  <attribute name="Number of cores"value="4"/>
</cycle-end>
<allocation-satisfied id="4950" threadId="0000000001AB4700" bytesRequested="408" />
<af-end id="4951" timestamp="2019-07-02T23:30:45.682" threadId="0000000001AB5088" success="true" />
<exclusive-end id="4952" timestamp="2019-07-02T23:30:45.682" durationms="10.963" />

<exclusive-start id="4953" timestamp="2019-07-02T23:30:45.689" intervalms="17.853">
  <response-info timems="0.057" idlems="0.057" threads="0" lastid="0000000001AB4700" lastname="main" />
</exclusive-start>
<af-start id="4954" threadId="0000000001AB5088" totalBytesRequested="408" timestamp="2019-07-02T23:30:45.689" intervalms="17.812" />
<cycle-start id="4955" type="global" contextid="0" timestamp="2019-07-02T23:30:45.689" intervalms="17.824" />
  <attribute name="GC Util" value="189" />
  <attribute name="CPU Util" value="1979771758804" />
  <attribute name="Time Running"value="23227"/>
  <attribute name="Number of cores"value="4"/>
<gc-start id="4956" type="global" contextid="4955" timestamp="2019-07-02T23:30:45.690">
  <mem-info id="4957" free="458752" total="45875200" percent="1">
    <mem type="tenure" free="458752" total="45875200" percent="1">
      <mem type="soa" free="0" total="45416448" percent="0" />
      <mem type="loa" free="458752" total="458752" percent="100" />
    </mem>
  </mem-info>
</gc-start>
<allocation-stats totalBytes="27378624" >
  <allocated-bytes non-tlh="0" tlh="27378624" />
  <largest-consumer threadName="main" threadId="0000000001AB4700" bytes="27378624" />
</allocation-stats>
<gc-op id="4958" type="mark" timems="8.586" contextid="4955" timestamp="2019-07-02T23:30:45.698">
  <trace-info objectcount="596239" scancount="517230" scanbytes="13271268" />
  <finalization candidates="80" enqueued="0" />
  <ownableSynchronizers candidates="21" cleared="0" />
  <references type="soft" candidates="1843" cleared="0" enqueued="0" dynamicThreshold="19" maxThreshold="32" />
  <references type="weak" candidates="5762" cleared="0" enqueued="0" />
  <references type="phantom" candidates="101" cleared="0" enqueued="0" />
  <stringconstants candidates="13253" cleared="0"  />
</gc-op>
<gc-op id="4959" type="sweep" timems="0.613" contextid="4955" timestamp="2019-07-02T23:30:45.699" />
<gc-end id="4960" type="global" contextid="4955" durationms="9.604" usertimems="24.000" systemtimems="4.000" timestamp="2019-07-02T23:30:45.699" activeThreads="4">
  <mem-info id="4961" free="27875896" total="45875200" percent="60">
    <mem type="tenure" free="27875896" total="45875200" percent="60" micro-fragmented="79628" macro-fragmented="0">
      <mem type="soa" free="27417144" total="45416448" percent="60" />
      <mem type="loa" free="458752" total="458752" percent="100" />
    </mem>
  </mem-info>
</gc-end>
<cycle-end id="4962" type="global" contextid="4955" timestamp="2019-07-02T23:30:45.699">
  <attribute name="GC Util" value="190" />
  <attribute name="CPU Util" value="2111111098803" />
  <attribute name="Time Running"value="23244"/>
  <attribute name="Number of cores"value="4"/>
</cycle-end>
<allocation-satisfied id="4963" threadId="0000000001AB4700" bytesRequested="408" />
<af-end id="4964" timestamp="2019-07-02T23:30:45.699" threadId="0000000001AB5088" success="true" />
<exclusive-end id="4965" timestamp="2019-07-02T23:30:45.699" durationms="10.258" />

<exclusive-start id="4966" timestamp="2019-07-02T23:30:45.706" intervalms="17.155">
  <response-info timems="0.081" idlems="0.081" threads="0" lastid="0000000001AB4700" lastname="main" />
</exclusive-start>
<af-start id="4967" threadId="0000000001AB5088" totalBytesRequested="32" timestamp="2019-07-02T23:30:45.706" intervalms="17.143" />
<cycle-start id="4968" type="global" contextid="0" timestamp="2019-07-02T23:30:45.707" intervalms="17.134" />
  <attribute name="GC Util" value="190" />
  <attribute name="CPU Util" value="2111111098803" />
  <attribute name="Time Running"value="23244"/>
  <attribute name="Number of cores"value="4"/>
<gc-start id="4969" type="global" contextid="4968" timestamp="2019-07-02T23:30:45.707">
  <mem-info id="4970" free="458752" total="45875200" percent="1">
    <mem type="tenure" free="458752" total="45875200" percent="1">
      <mem type="soa" free="0" total="45416448" percent="0" />
      <mem type="loa" free="458752" total="458752" percent="100" />
    </mem>
  </mem-info>
</gc-start>
<allocation-stats totalBytes="27378520" >
  <allocated-bytes non-tlh="0" tlh="27378520" />
  <largest-consumer threadName="main" threadId="0000000001AB4700" bytes="27378520" />
</allocation-stats>
<gc-op id="4971" type="mark" timems="8.659" contextid="4968" timestamp="2019-07-02T23:30:45.715">
  <trace-info objectcount="596239" scancount="517234" scanbytes="13271348" />
  <finalization candidates="80" enqueued="0" />
  <ownableSynchronizers candidates="21" cleared="0" />
  <references type="soft" candidates="1843" cleared="0" enqueued="0" dynamicThreshold="19" maxThreshold="32" />
  <references type="weak" candidates="5762" cleared="0" enqueued="0" />
  <references type="phantom" candidates="101" cleared="0" enqueued="0" />
  <stringconstants candidates="13253" cleared="0"  />
</gc-op>
<gc-op id="4972" type="sweep" timems="0.526" contextid="4968" timestamp="2019-07-02T23:30:45.716" />
<gc-end id="4973" type="global" contextid="4968" durationms="9.544" usertimems="28.000" systemtimems="0.000" timestamp="2019-07-02T23:30:45.716" activeThreads="4">
  <mem-info id="4974" free="27875680" total="45875200" percent="60">
    <mem type="tenure" free="27875680" total="45875200" percent="60" micro-fragmented="79428" macro-fragmented="0">
      <mem type="soa" free="27416928" total="45416448" percent="60" />
      <mem type="loa" free="458752" total="458752" percent="100" />
    </mem>
  </mem-info>
</gc-end>
<cycle-end id="4975" type="global" contextid="4968" timestamp="2019-07-02T23:30:45.716">
  <attribute name="GC Util" value="187" />
  <attribute name="CPU Util" value="2104164267524" />
  <attribute name="Time Running"value="23261"/>
  <attribute name="Number of cores"value="4"/>
</cycle-end>
<allocation-satisfied id="4976" threadId="0000000001AB4700" bytesRequested="32" />
<af-end id="4977" timestamp="2019-07-02T23:30:45.717" threadId="0000000001AB5088" success="true" />
<exclusive-end id="4978" timestamp="2019-07-02T23:30:45.717" durationms="10.230" />

<exclusive-start id="4979" timestamp="2019-07-02T23:30:45.751" intervalms="45.074">
  <response-info timems="0.143" idlems="0.143" threads="0" lastid="0000000001AB4700" lastname="main" />
</exclusive-start>
<af-start id="4980" threadId="0000000001AB5088" totalBytesRequested="2008" timestamp="2019-07-02T23:30:45.752" intervalms="45.135" />
<cycle-start id="4981" type="global" contextid="0" timestamp="2019-07-02T23:30:45.752" intervalms="45.130" />
  <attribute name="GC Util" value="187" />
  <attribute name="CPU Util" value="2104164267524" />
  <attribute name="Time Running"value="23261"/>
  <attribute name="Number of cores"value="4"/>
<gc-start id="4982" type="global" contextid="4981" timestamp="2019-07-02T23:30:45.752">
  <mem-info id="4983" free="458752" total="45875200" percent="1">
    <mem type="tenure" free="458752" total="45875200" percent="1">
      <mem type="soa" free="0" total="45416448" percent="0" />
      <mem type="loa" free="458752" total="458752" percent="100" />
    </mem>
  </mem-info>
</gc-start>
<allocation-stats totalBytes="27360296" >
  <allocated-bytes non-tlh="31224" tlh="27329072" />
  <largest-consumer threadName="main" threadId="0000000001AB4700" bytes="27360296" />
</allocation-stats>
<gc-op id="4984" type="mark" timems="10.194" contextid="4981" timestamp="2019-07-02T23:30:45.762">
  <trace-info objectcount="596282" scancount="517278" scanbytes="13271848" />
  <finalization candidates="80" enqueued="0" />
  <ownableSynchronizers candidates="21" cleared="0" />
  <references type="soft" candidates="1849" cleared="0" enqueued="0" dynamicThreshold="19" maxThreshold="32" />
  <references type="weak" candidates="5762" cleared="0" enqueued="0" />
  <references type="phantom" candidates="101" cleared="0" enqueued="0" />
  <stringconstants candidates="13253" cleared="0"  />
</gc-op>
<gc-op id="4985" type="sweep" timems="0.672" contextid="4981" timestamp="2019-07-02T23:30:45.763" />
<gc-end id="4986" type="global" contextid="4981" durationms="11.255" usertimems="28.000" systemtimems="4.000" timestamp="2019-07-02T23:30:45.763" activeThreads="4">
  <mem-info id="4987" free="27855128" total="45875200" percent="60">
    <mem type="tenure" free="27855128" total="45875200" percent="60" micro-fragmented="87825" macro-fragmented="0">
      <mem type="soa" free="27396376" total="45416448" percent="60" />
      <mem type="loa" free="458752" total="458752" percent="100" />
    </mem>
  </mem-info>
</gc-end>
<cycle-end id="4988" type="global" contextid="4981" timestamp="2019-07-02T23:30:45.763">
  <attribute name="GC Util" value="188" />
  <attribute name="CPU Util" value="1786676989366" />
  <attribute name="Time Running"value="23308"/>
  <attribute name="Number of cores"value="4"/>
</cycle-end>
<allocation-satisfied id="4989" threadId="0000000001AB4700" bytesRequested="2008" />
<af-end id="4990" timestamp="2019-07-02T23:30:45.763" threadId="0000000001AB5088" success="true" />
<exclusive-end id="4991" timestamp="2019-07-02T23:30:45.763" durationms="11.967" />

<exclusive-start id="4992" timestamp="2019-07-02T23:30:45.802" intervalms="50.749">
  <response-info timems="0.073" idlems="0.073" threads="0" lastid="0000000001AB4700" lastname="main" />
</exclusive-start>
<af-start id="4993" threadId="0000000001AB5088" totalBytesRequested="2016" timestamp="2019-07-02T23:30:45.802" intervalms="50.757" />
<cycle-start id="4994" type="global" contextid="0" timestamp="2019-07-02T23:30:45.802" intervalms="50.782" />
  <attribute name="GC Util" value="188" />
  <attribute name="CPU Util" value="1786676989366" />
  <attribute name="Time Running"value="23308"/>
  <attribute name="Number of cores"value="4"/>
<gc-start id="4995" type="global" contextid="4994" timestamp="2019-07-02T23:30:45.803">
  <mem-info id="4996" free="458752" total="45875200" percent="1">
    <mem type="tenure" free="458752" total="45875200" percent="1">
      <mem type="soa" free="0" total="45416448" percent="0" />
      <mem type="loa" free="458752" total="458752" percent="100" />
    </mem>
  </mem-info>
</gc-start>
<allocation-stats totalBytes="27326400" >
  <allocated-bytes non-tlh="54456" tlh="27271944" />
  <largest-consumer threadName="main" threadId="0000000001AB4700" bytes="27326400" />
</allocation-stats>
<gc-op id="4997" type="mark" timems="9.124" contextid="4994" timestamp="2019-07-02T23:30:45.812">
  <trace-info objectcount="596283" scancount="517291" scanbytes="13271848" />
  <finalization candidates="80" enqueued="0" />
  <ownableSynchronizers candidates="21" cleared="0" />
  <references type="soft" candidates="1849" cleared="0" enqueued="0" dynamicThreshold="19" maxThreshold="32" />
  <references type="weak" candidates="5762" cleared="0" enqueued="0" />
  <references type="phantom" candidates="101" cleared="0" enqueued="0" />
  <stringconstants candidates="13253" cleared="0"  />
</gc-op>
<gc-op id="4998" type="sweep" timems="0.587" contextid="4994" timestamp="2019-07-02T23:30:45.813" />
<gc-end id="4999" type="global" contextid="4994" durationms="10.137" usertimems="28.000" systemtimems="0.000" timestamp="2019-07-02T23:30:45.813" activeThreads="4">
  <mem-info id="5000" free="27853016" total="45875200" percent="60">
    <mem type="tenure" free="27853016" total="45875200" percent="60" micro-fragmented="87825" macro-fragmented="0">
      <mem type="soa" free="27394264" total="45416448" percent="60" />
      <mem type="loa" free="458752" total="458752" percent="100" />
    </mem>
  </mem-info>
</gc-end>
<cycle-end id="5001" type="global" contextid="4994" timestamp="2019-07-02T23:30:45.813">
  <attribute name="GC Util" value="189" />
  <attribute name="CPU Util" value="1997765476516" />
  <attribute name="Time Running"value="23358"/>
  <attribute name="Number of cores"value="4"/>
</cycle-end>
<allocation-satisfied id="5002" threadId="0000000001AB4700" bytesRequested="2016" />
<af-end id="5003" timestamp="2019-07-02T23:30:45.813" threadId="0000000001AB5088" success="true" />
<exclusive-end id="5004" timestamp="2019-07-02T23:30:45.813" durationms="10.875" />

<exclusive-start id="5005" timestamp="2019-07-02T23:30:45.852" intervalms="49.848">
  <response-info timems="0.156" idlems="0.156" threads="0" lastid="0000000001AB4700" lastname="main" />
</exclusive-start>
<af-start id="5006" threadId="0000000001AB5088" totalBytesRequested="2016" timestamp="2019-07-02T23:30:45.852" intervalms="49.845" />
<cycle-start id="5007" type="global" contextid="0" timestamp="2019-07-02T23:30:45.852" intervalms="49.817" />
  <attribute name="GC Util" value="189" />
  <attribute name="CPU Util" value="1997765476516" />
  <attribute name="Time Running"value="23358"/>
  <attribute name="Number of cores"value="4"/>
<gc-start id="5008" type="global" contextid="5007" timestamp="2019-07-02T23:30:45.852">
  <mem-info id="5009" free="458752" total="45875200" percent="1">
    <mem type="tenure" free="458752" total="45875200" percent="1">
      <mem type="soa" free="0" total="45416448" percent="0" />
      <mem type="loa" free="458752" total="458752" percent="100" />
    </mem>
  </mem-info>
</gc-start>
<allocation-stats totalBytes="27319288" >
  <allocated-bytes non-tlh="60464" tlh="27258824" />
  <largest-consumer threadName="main" threadId="0000000001AB4700" bytes="27319288" />
</allocation-stats>
<gc-op id="5010" type="mark" timems="9.947" contextid="5007" timestamp="2019-07-02T23:30:45.863">
  <trace-info objectcount="596283" scancount="517274" scanbytes="13271872" />
  <finalization candidates="80" enqueued="0" />
  <ownableSynchronizers candidates="21" cleared="0" />
  <references type="soft" candidates="1849" cleared="0" enqueued="0" dynamicThreshold="19" maxThreshold="32" />
  <references type="weak" candidates="5762" cleared="0" enqueued="0" />
  <references type="phantom" candidates="101" cleared="0" enqueued="0" />
  <stringconstants candidates="13253" cleared="0"  />
</gc-op>
<gc-op id="5011" type="sweep" timems="0.723" contextid="5007" timestamp="2019-07-02T23:30:45.863" />
<gc-end id="5012" type="global" contextid="5007" durationms="11.066" usertimems="40.000" systemtimems="0.000" timestamp="2019-07-02T23:30:45.863" activeThreads="4">
  <mem-info id="5013" free="27855104" total="45875200" percent="60">
    <mem type="tenure" free="27855104" total="45875200" percent="60" micro-fragmented="87825" macro-fragmented="0">
      <mem type="soa" free="27396352" total="45416448" percent="60" />
      <mem type="loa" free="458752" total="458752" percent="100" />
    </mem>
  </mem-info>
</gc-end>
<cycle-end id="5014" type="global" contextid="5007" timestamp="2019-07-02T23:30:45.864">
  <attribute name="GC Util" value="190" />
  <attribute name="CPU Util" value="1837853118791" />
  <attribute name="Time Running"value="23409"/>
  <attribute name="Number of cores"value="4"/>
</cycle-end>
<allocation-satisfied id="5015" threadId="0000000001AB4700" bytesRequested="2016" />
<af-end id="5016" timestamp="2019-07-02T23:30:45.864" threadId="0000000001AB5088" success="true" />
<exclusive-end id="5017" timestamp="2019-07-02T23:30:45.864" durationms="11.801" />

<exclusive-start id="5018" timestamp="2019-07-02T23:30:45.956" intervalms="103.753">
  <response-info timems="0.086" idlems="0.086" threads="0" lastid="0000000001AB4700" lastname="main" />
</exclusive-start>
<af-start id="5019" threadId="0000000001AB5088" totalBytesRequested="80" timestamp="2019-07-02T23:30:45.956" intervalms="103.811" />
<cycle-start id="5020" type="global" contextid="0" timestamp="2019-07-02T23:30:45.956" intervalms="103.849" />
  <attribute name="GC Util" value="190" />
  <attribute name="CPU Util" value="1837853118791" />
  <attribute name="Time Running"value="23409"/>
  <attribute name="Number of cores"value="4"/>
<gc-start id="5021" type="global" contextid="5020" timestamp="2019-07-02T23:30:45.956">
  <mem-info id="5022" free="458752" total="45875200" percent="1">
    <mem type="tenure" free="458752" total="45875200" percent="1">
      <mem type="soa" free="0" total="45416448" percent="0" />
      <mem type="loa" free="458752" total="458752" percent="100" />
    </mem>
  </mem-info>
</gc-start>
<allocation-stats totalBytes="27383336" >
  <allocated-bytes non-tlh="29248" tlh="27354088" />
  <largest-consumer threadName="main" threadId="0000000001AB4700" bytes="27383336" />
</allocation-stats>
<gc-op id="5023" type="mark" timems="9.377" contextid="5020" timestamp="2019-07-02T23:30:45.966">
  <trace-info objectcount="596274" scancount="517286" scanbytes="13271924" />
  <finalization candidates="80" enqueued="0" />
  <ownableSynchronizers candidates="21" cleared="0" />
  <references type="soft" candidates="1849" cleared="0" enqueued="0" dynamicThreshold="19" maxThreshold="32" />
  <references type="weak" candidates="5762" cleared="0" enqueued="0" />
  <references type="phantom" candidates="101" cleared="0" enqueued="0" />
  <stringconstants candidates="13253" cleared="0"  />
</gc-op>
<gc-op id="5024" type="sweep" timems="0.638" contextid="5020" timestamp="2019-07-02T23:30:45.967" />
<gc-end id="5025" type="global" contextid="5020" durationms="10.481" usertimems="28.000" systemtimems="0.000" timestamp="2019-07-02T23:30:45.967" activeThreads="4">
  <mem-info id="5026" free="27859896" total="45875200" percent="60">
    <mem type="tenure" free="27859896" total="45875200" percent="60" micro-fragmented="75654" macro-fragmented="0">
      <mem type="soa" free="27401144" total="45416448" percent="60" />
      <mem type="loa" free="458752" total="458752" percent="100" />
    </mem>
  </mem-info>
</gc-end>
<cycle-end id="5027" type="global" contextid="5020" timestamp="2019-07-02T23:30:45.967">
  <attribute name="GC Util" value="185" />
  <attribute name="CPU Util" value="1942945174051" />
  <attribute name="Time Running"value="23512"/>
  <attribute name="Number of cores"value="4"/>
</cycle-end>
<allocation-satisfied id="5028" threadId="0000000001AB4700" bytesRequested="80" />
<af-end id="5029" timestamp="2019-07-02T23:30:45.967" threadId="0000000001AB5088" success="true" />
<exclusive-end id="5030" timestamp="2019-07-02T23:30:45.967" durationms="11.408" />

<exclusive-start id="5031" timestamp="2019-07-02T23:30:46.019" intervalms="63.123">
  <response-info timems="0.070" idlems="0.070" threads="0" lastid="0000000001AB4700" lastname="main" />
</exclusive-start>
<af-start id="5032" threadId="0000000001AB5088" totalBytesRequested="32" timestamp="2019-07-02T23:30:46.019" intervalms="63.094" />
<cycle-start id="5033" type="global" contextid="0" timestamp="2019-07-02T23:30:46.019" intervalms="63.080" />
  <attribute name="GC Util" value="185" />
  <attribute name="CPU Util" value="1942945174051" />
  <attribute name="Time Running"value="23512"/>
  <attribute name="Number of cores"value="4"/>
<gc-start id="5034" type="global" contextid="5033" timestamp="2019-07-02T23:30:46.019">
  <mem-info id="5035" free="458752" total="45875200" percent="1">
    <mem type="tenure" free="458752" total="45875200" percent="1">
      <mem type="soa" free="0" total="45416448" percent="0" />
      <mem type="loa" free="458752" total="458752" percent="100" />
    </mem>
  </mem-info>
</gc-start>
<allocation-stats totalBytes="27393832" >
  <allocated-bytes non-tlh="0" tlh="27393832" />
  <largest-consumer threadName="main" threadId="0000000001AB4700" bytes="27393832" />
</allocation-stats>
<gc-op id="5036" type="mark" timems="8.977" contextid="5033" timestamp="2019-07-02T23:30:46.029">
  <trace-info objectcount="596274" scancount="517264" scanbytes="13271920" />
  <finalization candidates="80" enqueued="0" />
  <ownableSynchronizers candidates="21" cleared="0" />
  <references type="soft" candidates="1849" cleared="0" enqueued="0" dynamicThreshold="19" maxThreshold="32" />
  <references type="weak" candidates="5762" cleared="0" enqueued="0" />
  <references type="phantom" candidates="101" cleared="0" enqueued="0" />
  <stringconstants candidates="13253" cleared="0"  />
</gc-op>
<gc-op id="5037" type="sweep" timems="0.720" contextid="5033" timestamp="2019-07-02T23:30:46.029" />
<gc-end id="5038" type="global" contextid="5033" durationms="10.140" usertimems="24.000" systemtimems="0.000" timestamp="2019-07-02T23:30:46.030" activeThreads="4">
  <mem-info id="5039" free="27859560" total="45875200" percent="60">
    <mem type="tenure" free="27859560" total="45875200" percent="60" micro-fragmented="75843" macro-fragmented="0">
      <mem type="soa" free="27400808" total="45416448" percent="60" />
      <mem type="loa" free="458752" total="458752" percent="100" />
    </mem>
  </mem-info>
</gc-end>
<cycle-end id="5040" type="global" contextid="5033" timestamp="2019-07-02T23:30:46.030">
  <attribute name="GC Util" value="187" />
  <attribute name="CPU Util" value="2026935988481" />
  <attribute name="Time Running"value="23575"/>
  <attribute name="Number of cores"value="4"/>
</cycle-end>
<allocation-satisfied id="5041" threadId="0000000001AB4700" bytesRequested="32" />
<af-end id="5042" timestamp="2019-07-02T23:30:46.030" threadId="0000000001AB5088" success="true" />
<exclusive-end id="5043" timestamp="2019-07-02T23:30:46.030" durationms="11.006" />

<exclusive-start id="5044" timestamp="2019-07-02T23:30:46.081" intervalms="62.315">
  <response-info timems="0.119" idlems="0.119" threads="0" lastid="0000000001AB4700" lastname="main" />
</exclusive-start>
<af-start id="5045" threadId="0000000001AB5088" totalBytesRequested="40" timestamp="2019-07-02T23:30:46.081" intervalms="62.287" />
<cycle-start id="5046" type="global" contextid="0" timestamp="2019-07-02T23:30:46.081" intervalms="62.270" />
  <attribute name="GC Util" value="187" />
  <attribute name="CPU Util" value="2026935988481" />
  <attribute name="Time Running"value="23575"/>
  <attribute name="Number of cores"value="4"/>
<gc-start id="5047" type="global" contextid="5046" timestamp="2019-07-02T23:30:46.082">
  <mem-info id="5048" free="458752" total="45875200" percent="1">
    <mem type="tenure" free="458752" total="45875200" percent="1">
      <mem type="soa" free="0" total="45416448" percent="0" />
      <mem type="loa" free="458752" total="458752" percent="100" />
    </mem>
  </mem-info>
</gc-start>
<allocation-stats totalBytes="27392688" >
  <allocated-bytes non-tlh="0" tlh="27392688" />
  <largest-consumer threadName="main" threadId="0000000001AB4700" bytes="27392688" />
</allocation-stats>
<gc-op id="5049" type="mark" timems="9.101" contextid="5046" timestamp="2019-07-02T23:30:46.091">
  <trace-info objectcount="596273" scancount="517263" scanbytes="13271888" />
  <finalization candidates="80" enqueued="0" />
  <ownableSynchronizers candidates="21" cleared="0" />
  <references type="soft" candidates="1849" cleared="0" enqueued="0" dynamicThreshold="19" maxThreshold="32" />
  <references type="weak" candidates="5762" cleared="0" enqueued="0" />
  <references type="phantom" candidates="101" cleared="0" enqueued="0" />
  <stringconstants candidates="13253" cleared="0"  />
</gc-op>
<gc-op id="5050" type="sweep" timems="0.607" contextid="5046" timestamp="2019-07-02T23:30:46.092" />
<gc-end id="5051" type="global" contextid="5046" durationms="10.080" usertimems="28.000" systemtimems="0.000" timestamp="2019-07-02T23:30:46.092" activeThreads="4">
  <mem-info id="5052" free="27859376" total="45875200" percent="60">
    <mem type="tenure" free="27859376" total="45875200" percent="60" micro-fragmented="75654" macro-fragmented="0">
      <mem type="soa" free="27400624" total="45416448" percent="60" />
      <mem type="loa" free="458752" total="458752" percent="100" />
    </mem>
  </mem-info>
</gc-end>
<cycle-end id="5053" type="global" contextid="5046" timestamp="2019-07-02T23:30:46.092">
  <attribute name="GC Util" value="188" />
  <attribute name="CPU Util" value="1995251338985" />
  <attribute name="Time Running"value="23637"/>
  <attribute name="Number of cores"value="4"/>
</cycle-end>
<allocation-satisfied id="5054" threadId="0000000001AB4700" bytesRequested="40" />
<af-end id="5055" timestamp="2019-07-02T23:30:46.092" threadId="0000000001AB5088" success="true" />
<exclusive-end id="5056" timestamp="2019-07-02T23:30:46.092" durationms="10.786" />

<exclusive-start id="5057" timestamp="2019-07-02T23:30:46.144" intervalms="62.383">
  <response-info timems="0.089" idlems="0.089" threads="0" lastid="0000000001AB4700" lastname="main" />
</exclusive-start>
<af-start id="5058" threadId="0000000001AB5088" totalBytesRequested="80" timestamp="2019-07-02T23:30:46.144" intervalms="62.392" />
<cycle-start id="5059" type="global" contextid="0" timestamp="2019-07-02T23:30:46.144" intervalms="62.401" />
  <attribute name="GC Util" value="188" />
  <attribute name="CPU Util" value="1995251338985" />
  <attribute name="Time Running"value="23637"/>
  <attribute name="Number of cores"value="4"/>
<gc-start id="5060" type="global" contextid="5059" timestamp="2019-07-02T23:30:46.144">
  <mem-info id="5061" free="458752" total="45875200" percent="1">
    <mem type="tenure" free="458752" total="45875200" percent="1">
      <mem type="soa" free="0" total="45416448" percent="0" />
      <mem type="loa" free="458752" total="458752" percent="100" />
    </mem>
  </mem-info>
</gc-start>
<allocation-stats totalBytes="27392016" >
  <allocated-bytes non-tlh="0" tlh="27392016" />
  <largest-consumer threadName="main" threadId="0000000001AB4700" bytes="27392016" />
</allocation-stats>
<gc-op id="5062" type="mark" timems="9.440" contextid="5059" timestamp="2019-07-02T23:30:46.154">
  <trace-info objectcount="596272" scancount="517260" scanbytes="13271808" />
  <finalization candidates="80" enqueued="0" />
  <ownableSynchronizers candidates="21" cleared="0" />
  <references type="soft" candidates="1849" cleared="0" enqueued="0" dynamicThreshold="19" maxThreshold="32" />
  <references type="weak" candidates="5762" cleared="0" enqueued="0" />
  <references type="phantom" candidates="101" cleared="0" enqueued="0" />
  <stringconstants candidates="13253" cleared="0"  />
</gc-op>
<gc-op id="5063" type="sweep" timems="0.626" contextid="5059" timestamp="2019-07-02T23:30:46.154" />
<gc-end id="5064" type="global" contextid="5059" durationms="10.509" usertimems="32.000" systemtimems="0.000" timestamp="2019-07-02T23:30:46.155" activeThreads="4">
  <mem-info id="5065" free="27859672" total="45875200" percent="60">
    <mem type="tenure" free="27859672" total="45875200" percent="60" micro-fragmented="76033" macro-fragmented="0">
      <mem type="soa" free="27400920" total="45416448" percent="60" />
      <mem type="loa" free="458752" total="458752" percent="100" />
    </mem>
  </mem-info>
</gc-end>
<cycle-end id="5066" type="global" contextid="5059" timestamp="2019-07-02T23:30:46.155">
  <attribute name="GC Util" value="190" />
  <attribute name="CPU Util" value="1925530814173" />
  <attribute name="Time Running"value="23700"/>
  <attribute name="Number of cores"value="4"/>
</cycle-end>
<allocation-satisfied id="5067" threadId="0000000001AB4700" bytesRequested="80" />
<af-end id="5068" timestamp="2019-07-02T23:30:46.155" threadId="0000000001AB5088" success="true" />
<exclusive-end id="5069" timestamp="2019-07-02T23:30:46.155" durationms="11.257" />

<exclusive-start id="5070" timestamp="2019-07-02T23:30:46.207" intervalms="63.006">
  <response-info timems="0.089" idlems="0.089" threads="0" lastid="0000000001AB4700" lastname="main" />
</exclusive-start>
<af-start id="5071" threadId="0000000001AB5088" totalBytesRequested="40" timestamp="2019-07-02T23:30:46.207" intervalms="63.010" />
<cycle-start id="5072" type="global" contextid="0" timestamp="2019-07-02T23:30:46.207" intervalms="62.999" />
  <attribute name="GC Util" value="190" />
  <attribute name="CPU Util" value="1925530814173" />
  <attribute name="Time Running"value="23700"/>
  <attribute name="Number of cores"value="4"/>
<gc-start id="5073" type="global" contextid="5072" timestamp="2019-07-02T23:30:46.207">
  <mem-info id="5074" free="458752" total="45875200" percent="1">
    <mem type="tenure" free="458752" total="45875200" percent="1">
      <mem type="soa" free="0" total="45416448" percent="0" />
      <mem type="loa" free="458752" total="458752" percent="100" />
    </mem>
  </mem-info>
</gc-start>
<allocation-stats totalBytes="27392400" >
  <allocated-bytes non-tlh="0" tlh="27392400" />
  <largest-consumer threadName="main" threadId="0000000001AB4700" bytes="27392400" />
</allocation-stats>
<gc-op id="5075" type="mark" timems="9.161" contextid="5072" timestamp="2019-07-02T23:30:46.216">
  <trace-info objectcount="596273" scancount="517264" scanbytes="13271884" />
  <finalization candidates="80" enqueued="0" />
  <ownableSynchronizers candidates="21" cleared="0" />
  <references type="soft" candidates="1849" cleared="0" enqueued="0" dynamicThreshold="19" maxThreshold="32" />
  <references type="weak" candidates="5762" cleared="0" enqueued="0" />
  <references type="phantom" candidates="101" cleared="0" enqueued="0" />
  <stringconstants candidates="13253" cleared="0"  />
</gc-op>
<gc-op id="5076" type="sweep" timems="0.763" contextid="5072" timestamp="2019-07-02T23:30:46.217" />
<gc-end id="5077" type="global" contextid="5072" durationms="10.356" usertimems="28.000" systemtimems="0.000" timestamp="2019-07-02T23:30:46.217" activeThreads="4">
  <mem-info id="5078" free="27860040" total="45875200" percent="60">
    <mem type="tenure" free="27860040" total="45875200" percent="60" micro-fragmented="75654" macro-fragmented="0">
      <mem type="soa" free="27401288" total="45416448" percent="60" />
      <mem type="loa" free="458752" total="458752" percent="100" />
    </mem>
  </mem-info>
</gc-end>
<cycle-end id="5079" type="global" contextid="5072" timestamp="2019-07-02T23:30:46.218">
  <attribute name="GC Util" value="188" />
  <attribute name="CPU Util" value="1990365049873" />
  <attribute name="Time Running"value="23762"/>
  <attribute name="Number of cores"value="4"/>
</cycle-end>
<allocation-satisfied id="5080" threadId="0000000001AB4700" bytesRequested="40" />
<af-end id="5081" timestamp="2019-07-02T23:30:46.218" threadId="0000000001AB5088" success="true" />
<exclusive-end id="5082" timestamp="2019-07-02T23:30:46.218" durationms="11.071" />

<exclusive-start id="5083" timestamp="2019-07-02T23:30:46.270" intervalms="62.965">
  <response-info timems="0.111" idlems="0.111" threads="0" lastid="0000000001AB4700" lastname="main" />
</exclusive-start>
<af-start id="5084" threadId="0000000001AB5088" totalBytesRequested="40" timestamp="2019-07-02T23:30:46.270" intervalms="62.952" />
<cycle-start id="5085" type="global" contextid="0" timestamp="2019-07-02T23:30:46.270" intervalms="62.956" />
  <attribute name="GC Util" value="188" />
  <attribute name="CPU Util" value="1990365049873" />
  <attribute name="Time Running"value="23762"/>
  <attribute name="Number of cores"value="4"/>
<gc-start id="5086" type="global" contextid="5085" timestamp="2019-07-02T23:30:46.270">
  <mem-info id="5087" free="458752" total="45875200" percent="1">
    <mem type="tenure" free="458752" total="45875200" percent="1">
      <mem type="soa" free="0" total="45416448" percent="0" />
      <mem type="loa" free="458752" total="458752" percent="100" />
    </mem>
  </mem-info>
</gc-start>
<allocation-stats totalBytes="27393344" >
  <allocated-bytes non-tlh="0" tlh="27393344" />
  <largest-consumer threadName="main" threadId="0000000001AB4700" bytes="27393344" />
</allocation-stats>
<gc-op id="5088" type="mark" timems="10.065" contextid="5085" timestamp="2019-07-02T23:30:46.280">
  <trace-info objectcount="596279" scancount="517266" scanbytes="13272008" />
  <finalization candidates="80" enqueued="0" />
  <ownableSynchronizers candidates="21" cleared="0" />
  <references type="soft" candidates="1849" cleared="0" enqueued="0" dynamicThreshold="19" maxThreshold="32" />
  <references type="weak" candidates="5762" cleared="0" enqueued="0" />
  <references type="phantom" candidates="101" cleared="0" enqueued="0" />
  <stringconstants candidates="13253" cleared="0"  />
</gc-op>
<gc-op id="5089" type="sweep" timems="0.655" contextid="5085" timestamp="2019-07-02T23:30:46.281" />
<gc-end id="5090" type="global" contextid="5085" durationms="11.148" usertimems="40.000" systemtimems="0.000" timestamp="2019-07-02T23:30:46.281" activeThreads="4">
  <mem-info id="5091" free="27859576" total="45875200" percent="60">
    <mem type="tenure" free="27859576" total="45875200" percent="60" micro-fragmented="75843" macro-fragmented="0">
      <mem type="soa" free="27400824" total="45416448" percent="60" />
      <mem type="loa" free="458752" total="458752" percent="100" />
    </mem>
  </mem-info>
</gc-end>
<cycle-end id="5092" type="global" contextid="5085" timestamp="2019-07-02T23:30:46.281">
  <attribute name="GC Util" value="188" />
  <attribute name="CPU Util" value="1812270548987" />
  <attribute name="Time Running"value="23826"/>
  <attribute name="Number of cores"value="4"/>
</cycle-end>
<allocation-satisfied id="5093" threadId="0000000001AB4700" bytesRequested="40" />
<af-end id="5094" timestamp="2019-07-02T23:30:46.281" threadId="0000000001AB5088" success="true" />
<exclusive-end id="5095" timestamp="2019-07-02T23:30:46.281" durationms="11.891" />

<exclusive-start id="5096" timestamp="2019-07-02T23:30:46.333" intervalms="63.635">
  <response-info timems="0.035" idlems="0.035" threads="0" lastid="0000000001AB4700" lastname="main" />
</exclusive-start>
<af-start id="5097" threadId="0000000001AB5088" totalBytesRequested="16" timestamp="2019-07-02T23:30:46.333" intervalms="63.638" />
<cycle-start id="5098" type="global" contextid="0" timestamp="2019-07-02T23:30:46.333" intervalms="63.633" />
  <attribute name="GC Util" value="188" />
  <attribute name="CPU Util" value="1812270548987" />
  <attribute name="Time Running"value="23826"/>
  <attribute name="Number of cores"value="4"/>
<gc-start id="5099" type="global" contextid="5098" timestamp="2019-07-02T23:30:46.334">
  <mem-info id="5100" free="458752" total="45875200" percent="1">
    <mem type="tenure" free="458752" total="45875200" percent="1">
      <mem type="soa" free="0" total="45416448" percent="0" />
      <mem type="loa" free="458752" total="458752" percent="100" />
    </mem>
  </mem-info>
</gc-start>
<allocation-stats totalBytes="27392576" >
  <allocated-bytes non-tlh="0" tlh="27392576" />
  <largest-consumer threadName="main" threadId="0000000001AB4700" bytes="27392576" />
</allocation-stats>
<gc-op id="5101" type="mark" timems="9.853" contextid="5098" timestamp="2019-07-02T23:30:46.344">
  <trace-info objectcount="596275" scancount="517267" scanbytes="13272000" />
  <finalization candidates="80" enqueued="0" />
  <ownableSynchronizers candidates="21" cleared="0" />
  <references type="soft" candidates="1849" cleared="0" enqueued="0" dynamicThreshold="19" maxThreshold="32" />
  <references type="weak" candidates="5762" cleared="0" enqueued="0" />
  <references type="phantom" candidates="101" cleared="0" enqueued="0" />
  <stringconstants candidates="13253" cleared="0"  />
</gc-op>
<gc-op id="5102" type="sweep" timems="0.753" contextid="5098" timestamp="2019-07-02T23:30:46.344" />
<gc-end id="5103" type="global" contextid="5098" durationms="11.056" usertimems="32.000" systemtimems="0.000" timestamp="2019-07-02T23:30:46.345" activeThreads="4">
  <mem-info id="5104" free="27859280" total="45875200" percent="60">
    <mem type="tenure" free="27859280" total="45875200" percent="60" micro-fragmented="75654" macro-fragmented="0">
      <mem type="soa" free="27400528" total="45416448" percent="60" />
      <mem type="loa" free="458752" total="458752" percent="100" />
    </mem>
  </mem-info>
</gc-end>
<cycle-end id="5105" type="global" contextid="5098" timestamp="2019-07-02T23:30:46.345">
  <attribute name="GC Util" value="189" />
  <attribute name="CPU Util" value="1850663054101" />
  <attribute name="Time Running"value="23890"/>
  <attribute name="Number of cores"value="4"/>
</cycle-end>
<allocation-satisfied id="5106" threadId="0000000001AB4700" bytesRequested="16" />
<af-end id="5107" timestamp="2019-07-02T23:30:46.345" threadId="0000000001AB5088" success="true" />
<exclusive-end id="5108" timestamp="2019-07-02T23:30:46.345" durationms="11.790" />

<exclusive-start id="5109" timestamp="2019-07-02T23:30:46.397" intervalms="63.337">
  <response-info timems="0.161" idlems="0.161" threads="0" lastid="0000000001AB4700" lastname="main" />
</exclusive-start>
<af-start id="5110" threadId="0000000001AB5088" totalBytesRequested="16" timestamp="2019-07-02T23:30:46.397" intervalms="63.331" />
<cycle-start id="5111" type="global" contextid="0" timestamp="2019-07-02T23:30:46.397" intervalms="63.323" />
  <attribute name="GC Util" value="189" />
  <attribute name="CPU Util" value="1850663054101" />
  <attribute name="Time Running"value="23890"/>
  <attribute name="Number of cores"value="4"/>
<gc-start id="5112" type="global" contextid="5111" timestamp="2019-07-02T23:30:46.397">
  <mem-info id="5113" free="458752" total="45875200" percent="1">
    <mem type="tenure" free="458752" total="45875200" percent="1">
      <mem type="soa" free="0" total="45416448" percent="0" />
      <mem type="loa" free="458752" total="458752" percent="100" />
    </mem>
  </mem-info>
</gc-start>
<allocation-stats totalBytes="27392288" >
  <allocated-bytes non-tlh="0" tlh="27392288" />
  <largest-consumer threadName="main" threadId="0000000001AB4700" bytes="27392288" />
</allocation-stats>
<gc-op id="5114" type="mark" timems="9.066" contextid="5111" timestamp="2019-07-02T23:30:46.406">
  <trace-info objectcount="596275" scancount="517288" scanbytes="13271944" />
  <finalization candidates="80" enqueued="0" />
  <ownableSynchronizers candidates="21" cleared="0" />
  <references type="soft" candidates="1849" cleared="0" enqueued="0" dynamicThreshold="19" maxThreshold="32" />
  <references type="weak" candidates="5762" cleared="0" enqueued="0" />
  <references type="phantom" candidates="101" cleared="0" enqueued="0" />
  <stringconstants candidates="13253" cleared="0"  />
</gc-op>
<gc-op id="5115" type="sweep" timems="0.555" contextid="5111" timestamp="2019-07-02T23:30:46.407" />
<gc-end id="5116" type="global" contextid="5111" durationms="10.068" usertimems="24.000" systemtimems="4.000" timestamp="2019-07-02T23:30:46.407" activeThreads="4">
  <mem-info id="5117" free="27859912" total="45875200" percent="60">
    <mem type="tenure" free="27859912" total="45875200" percent="60" micro-fragmented="75843" macro-fragmented="0">
      <mem type="soa" free="27401160" total="45416448" percent="60" />
      <mem type="loa" free="458752" total="458752" percent="100" />
    </mem>
  </mem-info>
</gc-end>
<cycle-end id="5118" type="global" contextid="5111" timestamp="2019-07-02T23:30:46.407">
  <attribute name="GC Util" value="187" />
  <attribute name="CPU Util" value="2008268896632" />
  <attribute name="Time Running"value="23952"/>
  <attribute name="Number of cores"value="4"/>
</cycle-end>
<allocation-satisfied id="5119" threadId="0000000001AB4700" bytesRequested="16" />
<af-end id="5120" timestamp="2019-07-02T23:30:46.407" threadId="0000000001AB5088" success="true" />
<exclusive-end id="5121" timestamp="2019-07-02T23:30:46.407" durationms="10.785" />

<exclusive-start id="5122" timestamp="2019-07-02T23:30:46.418" intervalms="21.106">
  <response-info timems="0.188" idlems="0.188" threads="0" lastid="0000000001AB4700" lastname="main" />
</exclusive-start>
<af-start id="5123" threadId="0000000001AB5088" totalBytesRequested="488" timestamp="2019-07-02T23:30:46.418" intervalms="21.096" />
<cycle-start id="5124" type="global" contextid="0" timestamp="2019-07-02T23:30:46.418" intervalms="21.105" />
  <attribute name="GC Util" value="187" />
  <attribute name="CPU Util" value="2008268896632" />
  <attribute name="Time Running"value="23952"/>
  <attribute name="Number of cores"value="4"/>
<gc-start id="5125" type="global" contextid="5124" timestamp="2019-07-02T23:30:46.418">
  <mem-info id="5126" free="458752" total="45875200" percent="1">
    <mem type="tenure" free="458752" total="45875200" percent="1">
      <mem type="soa" free="0" total="45416448" percent="0" />
      <mem type="loa" free="458752" total="458752" percent="100" />
    </mem>
  </mem-info>
</gc-start>
<allocation-stats totalBytes="27343032" >
  <allocated-bytes non-tlh="0" tlh="27343032" />
  <largest-consumer threadName="main" threadId="0000000001AB4700" bytes="27343032" />
</allocation-stats>
<gc-op id="5127" type="mark" timems="9.097" contextid="5124" timestamp="2019-07-02T23:30:46.427">
  <trace-info objectcount="596275" scancount="517268" scanbytes="13271784" />
  <finalization candidates="80" enqueued="0" />
  <ownableSynchronizers candidates="21" cleared="0" />
  <references type="soft" candidates="1849" cleared="0" enqueued="0" dynamicThreshold="19" maxThreshold="32" />
  <references type="weak" candidates="5762" cleared="0" enqueued="0" />
  <references type="phantom" candidates="101" cleared="0" enqueued="0" />
  <stringconstants candidates="13253" cleared="0"  />
</gc-op>
<gc-op id="5128" type="sweep" timems="0.755" contextid="5124" timestamp="2019-07-02T23:30:46.428" />
<gc-end id="5129" type="global" contextid="5124" durationms="10.272" usertimems="28.000" systemtimems="0.000" timestamp="2019-07-02T23:30:46.428" activeThreads="4">
  <mem-info id="5130" free="27859560" total="45875200" percent="60">
    <mem type="tenure" free="27859560" total="45875200" percent="60" micro-fragmented="84462" macro-fragmented="0">
      <mem type="soa" free="27400808" total="45416448" percent="60" />
      <mem type="loa" free="458752" total="458752" percent="100" />
    </mem>
  </mem-info>
</gc-end>
<cycle-end id="5131" type="global" contextid="5124" timestamp="2019-07-02T23:30:46.428">
  <attribute name="GC Util" value="188" />
  <attribute name="CPU Util" value="2000014645299" />
  <attribute name="Time Running"value="23973"/>
  <attribute name="Number of cores"value="4"/>
</cycle-end>
<allocation-satisfied id="5132" threadId="0000000001AB4700" bytesRequested="488" />
<af-end id="5133" timestamp="2019-07-02T23:30:46.429" threadId="0000000001AB5088" success="true" />
<exclusive-end id="5134" timestamp="2019-07-02T23:30:46.429" durationms="11.002" />

<exclusive-start id="5135" timestamp="2019-07-02T23:30:46.434" intervalms="15.943">
  <response-info timems="0.085" idlems="0.085" threads="0" lastid="0000000001AB4700" lastname="main" />
</exclusive-start>
<af-start id="5136" threadId="0000000001AB5088" totalBytesRequested="16" timestamp="2019-07-02T23:30:46.434" intervalms="15.929" />
<cycle-start id="5137" type="global" contextid="0" timestamp="2019-07-02T23:30:46.434" intervalms="15.926" />
  <attribute name="GC Util" value="188" />
  <attribute name="CPU Util" value="2000014645299" />
  <attribute name="Time Running"value="23973"/>
  <attribute name="Number of cores"value="4"/>
<gc-start id="5138" type="global" contextid="5137" timestamp="2019-07-02T23:30:46.434">
  <mem-info id="5139" free="458752" total="45875200" percent="1">
    <mem type="tenure" free="458752" total="45875200" percent="1">
      <mem type="soa" free="0" total="45416448" percent="0" />
      <mem type="loa" free="458752" total="458752" percent="100" />
    </mem>
  </mem-info>
</gc-start>
<allocation-stats totalBytes="27337864" >
  <allocated-bytes non-tlh="0" tlh="27337864" />
  <largest-consumer threadName="main" threadId="0000000001AB4700" bytes="27337864" />
</allocation-stats>
<gc-op id="5140" type="mark" timems="9.229" contextid="5137" timestamp="2019-07-02T23:30:46.443">
  <trace-info objectcount="596276" scancount="517259" scanbytes="13271784" />
  <finalization candidates="80" enqueued="0" />
  <ownableSynchronizers candidates="21" cleared="0" />
  <references type="soft" candidates="1849" cleared="0" enqueued="0" dynamicThreshold="19" maxThreshold="32" />
  <references type="weak" candidates="5762" cleared="0" enqueued="0" />
  <references type="phantom" candidates="101" cleared="0" enqueued="0" />
  <stringconstants candidates="13253" cleared="0"  />
</gc-op>
<gc-op id="5141" type="sweep" timems="0.543" contextid="5137" timestamp="2019-07-02T23:30:46.444" />
<gc-end id="5142" type="global" contextid="5137" durationms="10.153" usertimems="28.000" systemtimems="0.000" timestamp="2019-07-02T23:30:46.444" activeThreads="4">
  <mem-info id="5143" free="27858936" total="45875200" percent="60">
    <mem type="tenure" free="27858936" total="45875200" percent="60" micro-fragmented="84662" macro-fragmented="0">
      <mem type="soa" free="27400184" total="45416448" percent="60" />
      <mem type="loa" free="458752" total="458752" percent="100" />
    </mem>
  </mem-info>
</gc-end>
<cycle-end id="5144" type="global" contextid="5137" timestamp="2019-07-02T23:30:46.444">
  <attribute name="GC Util" value="189" />
  <attribute name="CPU Util" value="1968709923167" />
  <attribute name="Time Running"value="23989"/>
  <attribute name="Number of cores"value="4"/>
</cycle-end>
<allocation-satisfied id="5145" threadId="0000000001AB4700" bytesRequested="16" />
<af-end id="5146" timestamp="2019-07-02T23:30:46.444" threadId="0000000001AB5088" success="true" />
<exclusive-end id="5147" timestamp="2019-07-02T23:30:46.444" durationms="10.827" />

<exclusive-start id="5148" timestamp="2019-07-02T23:30:46.449" intervalms="15.879">
  <response-info timems="0.108" idlems="0.108" threads="0" lastid="0000000001AB4700" lastname="main" />
</exclusive-start>
<af-start id="5149" threadId="0000000001AB5088" totalBytesRequested="544" timestamp="2019-07-02T23:30:46.450" intervalms="15.863" />
<cycle-start id="5150" type="global" contextid="0" timestamp="2019-07-02T23:30:46.450" intervalms="15.877" />
  <attribute name="GC Util" value="189" />
  <attribute name="CPU Util" value="1968709923167" />
  <attribute name="Time Running"value="23989"/>
  <attribute name="Number of cores"value="4"/>
<gc-start id="5151" type="global" contextid="5150" timestamp="2019-07-02T23:30:46.450">
  <mem-info id="5152" free="458752" total="45875200" percent="1">
    <mem type="tenure" free="458752" total="45875200" percent="1">
      <mem type="soa" free="0" total="45416448" percent="0" />
      <mem type="loa" free="458752" total="458752" percent="100" />
    </mem>
  </mem-info>
</gc-start>
<allocation-stats totalBytes="27338816" >
  <allocated-bytes non-tlh="0" tlh="27338816" />
  <largest-consumer threadName="main" threadId="0000000001AB4700" bytes="27338816" />
</allocation-stats>
<gc-op id="5153" type="mark" timems="9.982" contextid="5150" timestamp="2019-07-02T23:30:46.460">
  <trace-info objectcount="596275" scancount="517263" scanbytes="13271784" />
  <finalization candidates="80" enqueued="0" />
  <ownableSynchronizers candidates="21" cleared="0" />
  <references type="soft" candidates="1849" cleared="0" enqueued="0" dynamicThreshold="19" maxThreshold="32" />
  <references type="weak" candidates="5762" cleared="0" enqueued="0" />
  <references type="phantom" candidates="101" cleared="0" enqueued="0" />
  <stringconstants candidates="13253" cleared="0"  />
</gc-op>
<gc-op id="5154" type="sweep" timems="0.770" contextid="5150" timestamp="2019-07-02T23:30:46.461" />
<gc-end id="5155" type="global" contextid="5150" durationms="11.182" usertimems="40.000" systemtimems="0.000" timestamp="2019-07-02T23:30:46.461" activeThreads="4">
  <mem-info id="5156" free="27859864" total="45875200" percent="60">
    <mem type="tenure" free="27859864" total="45875200" percent="60" micro-fragmented="84462" macro-fragmented="0">
      <mem type="soa" free="27401112" total="45416448" percent="60" />
      <mem type="loa" free="458752" total="458752" percent="100" />
    </mem>
  </mem-info>
</gc-end>
<cycle-end id="5157" type="global" contextid="5150" timestamp="2019-07-02T23:30:46.461">
  <attribute name="GC Util" value="189" />
  <attribute name="CPU Util" value="1829742510599" />
  <attribute name="Time Running"value="24006"/>
  <attribute name="Number of cores"value="4"/>
</cycle-end>
<allocation-satisfied id="5158" threadId="0000000001AB4700" bytesRequested="544" />
<af-end id="5159" timestamp="2019-07-02T23:30:46.461" threadId="0000000001AB5088" success="true" />
<exclusive-end id="5160" timestamp="2019-07-02T23:30:46.461" durationms="11.843" />

<exclusive-start id="5161" timestamp="2019-07-02T23:30:46.466" intervalms="16.849">
  <response-info timems="0.096" idlems="0.096" threads="0" lastid="0000000001AB4700" lastname="main" />
</exclusive-start>
<af-start id="5162" threadId="0000000001AB5088" totalBytesRequested="488" timestamp="2019-07-02T23:30:46.466" intervalms="16.880" />
<cycle-start id="5163" type="global" contextid="0" timestamp="2019-07-02T23:30:46.467" intervalms="16.859" />
  <attribute name="GC Util" value="189" />
  <attribute name="CPU Util" value="1829742510599" />
  <attribute name="Time Running"value="24006"/>
  <attribute name="Number of cores"value="4"/>
<gc-start id="5164" type="global" contextid="5163" timestamp="2019-07-02T23:30:46.467">
  <mem-info id="5165" free="458752" total="45875200" percent="1">
    <mem type="tenure" free="458752" total="45875200" percent="1">
      <mem type="soa" free="0" total="45416448" percent="0" />
      <mem type="loa" free="458752" total="458752" percent="100" />
    </mem>
  </mem-info>
</gc-start>
<allocation-stats totalBytes="27338048" >
  <allocated-bytes non-tlh="0" tlh="27338048" />
  <largest-consumer threadName="main" threadId="0000000001AB4700" bytes="27338048" />
</allocation-stats>
<gc-op id="5166" type="mark" timems="9.325" contextid="5163" timestamp="2019-07-02T23:30:46.476">
  <trace-info objectcount="596275" scancount="517268" scanbytes="13271784" />
  <finalization candidates="80" enqueued="0" />
  <ownableSynchronizers candidates="21" cleared="0" />
  <references type="soft" candidates="1849" cleared="0" enqueued="0" dynamicThreshold="19" maxThreshold="32" />
  <references type="weak" candidates="5762" cleared="0" enqueued="0" />
  <references type="phantom" candidates="101" cleared="0" enqueued="0" />
  <stringconstants candidates="13253" cleared="0"  />
</gc-op>
<gc-op id="5167" type="sweep" timems="0.625" contextid="5163" timestamp="2019-07-02T23:30:46.477" />
<gc-end id="5168" type="global" contextid="5163" durationms="10.332" usertimems="36.000" systemtimems="0.000" timestamp="2019-07-02T23:30:46.477" activeThreads="4">
  <mem-info id="5169" free="27859648" total="45875200" percent="60">
    <mem type="tenure" free="27859648" total="45875200" percent="60" micro-fragmented="84462" macro-fragmented="0">
      <mem type="soa" free="27400896" total="45416448" percent="60" />
      <mem type="loa" free="458752" total="458752" percent="100" />
    </mem>
  </mem-info>
</gc-end>
<cycle-end id="5170" type="global" contextid="5163" timestamp="2019-07-02T23:30:46.477">
  <attribute name="GC Util" value="190" />
  <attribute name="CPU Util" value="1955803657606" />
  <attribute name="Time Running"value="24022"/>
  <attribute name="Number of cores"value="4"/>
</cycle-end>
<allocation-satisfied id="5171" threadId="0000000001AB4700" bytesRequested="488" />
<af-end id="5172" timestamp="2019-07-02T23:30:46.477" threadId="0000000001AB5088" success="true" />
<exclusive-end id="5173" timestamp="2019-07-02T23:30:46.477" durationms="11.059" />

<exclusive-start id="5174" timestamp="2019-07-02T23:30:46.482" intervalms="15.913">
  <response-info timems="0.042" idlems="0.042" threads="0" lastid="0000000001AB4700" lastname="main" />
</exclusive-start>
<af-start id="5175" threadId="0000000001AB5088" totalBytesRequested="40" timestamp="2019-07-02T23:30:46.482" intervalms="15.896" />
<cycle-start id="5176" type="global" contextid="0" timestamp="2019-07-02T23:30:46.482" intervalms="15.912" />
  <attribute name="GC Util" value="190" />
  <attribute name="CPU Util" value="1955803657606" />
  <attribute name="Time Running"value="24022"/>
  <attribute name="Number of cores"value="4"/>
<gc-start id="5177" type="global" contextid="5176" timestamp="2019-07-02T23:30:46.483">
  <mem-info id="5178" free="458752" total="45875200" percent="1">
    <mem type="tenure" free="458752" total="45875200" percent="1">
      <mem type="soa" free="0" total="45416448" percent="0" />
      <mem type="loa" free="458752" total="458752" percent="100" />
    </mem>
  </mem-info>
</gc-start>
<allocation-stats totalBytes="27337936" >
  <allocated-bytes non-tlh="0" tlh="27337936" />
  <largest-consumer threadName="main" threadId="0000000001AB4700" bytes="27337936" />
</allocation-stats>
<gc-op id="5179" type="mark" timems="9.870" contextid="5176" timestamp="2019-07-02T23:30:46.493">
  <trace-info objectcount="596273" scancount="517281" scanbytes="13271728" />
  <finalization candidates="80" enqueued="0" />
  <ownableSynchronizers candidates="21" cleared="0" />
  <references type="soft" candidates="1849" cleared="0" enqueued="0" dynamicThreshold="19" maxThreshold="32" />
  <references type="weak" candidates="5762" cleared="0" enqueued="0" />
  <references type="phantom" candidates="101" cleared="0" enqueued="0" />
  <stringconstants candidates="13253" cleared="0"  />
</gc-op>
<gc-op id="5180" type="sweep" timems="0.799" contextid="5176" timestamp="2019-07-02T23:30:46.494" />
<gc-end id="5181" type="global" contextid="5176" durationms="11.083" usertimems="32.000" systemtimems="4.000" timestamp="2019-07-02T23:30:46.494" activeThreads="4">
  <mem-info id="5182" free="27859576" total="45875200" percent="60">
    <mem type="tenure" free="27859576" total="45875200" percent="60" micro-fragmented="84462" macro-fragmented="0">
      <mem type="soa" free="27400824" total="45416448" percent="60" />
      <mem type="loa" free="458752" total="458752" percent="100" />
    </mem>
  </mem-info>
</gc-end>
<cycle-end id="5183" type="global" contextid="5176" timestamp="2019-07-02T23:30:46.494">
  <attribute name="GC Util" value="188" />
  <attribute name="CPU Util" value="1848859940769" />
  <attribute name="Time Running"value="24039"/>
  <attribute name="Number of cores"value="4"/>
</cycle-end>
<allocation-satisfied id="5184" threadId="0000000001AB4700" bytesRequested="40" />
<af-end id="5185" timestamp="2019-07-02T23:30:46.494" threadId="0000000001AB5088" success="true" />
<exclusive-end id="5186" timestamp="2019-07-02T23:30:46.494" durationms="11.789" />

<exclusive-start id="5187" timestamp="2019-07-02T23:30:46.499" intervalms="16.701">
  <response-info timems="0.050" idlems="0.050" threads="0" lastid="0000000001AB4700" lastname="main" />
</exclusive-start>
<af-start id="5188" threadId="0000000001AB5088" totalBytesRequested="32" timestamp="2019-07-02T23:30:46.499" intervalms="16.713" />
<cycle-start id="5189" type="global" contextid="0" timestamp="2019-07-02T23:30:46.499" intervalms="16.700" />
  <attribute name="GC Util" value="188" />
  <attribute name="CPU Util" value="1848859940769" />
  <attribute name="Time Running"value="24039"/>
  <attribute name="Number of cores"value="4"/>
<gc-start id="5190" type="global" contextid="5189" timestamp="2019-07-02T23:30:46.499">
  <mem-info id="5191" free="458752" total="45875200" percent="1">
    <mem type="tenure" free="458752" total="45875200" percent="1">
      <mem type="soa" free="0" total="45416448" percent="0" />
      <mem type="loa" free="458752" total="458752" percent="100" />
    </mem>
  </mem-info>
</gc-start>
<allocation-stats totalBytes="27342520" >
  <allocated-bytes non-tlh="0" tlh="27342520" />
  <largest-consumer threadName="main" threadId="0000000001AB4700" bytes="27342520" />
</allocation-stats>
<gc-op id="5192" type="mark" timems="9.127" contextid="5189" timestamp="2019-07-02T23:30:46.509">
  <trace-info objectcount="596272" scancount="517264" scanbytes="13271696" />
  <finalization candidates="80" enqueued="0" />
  <ownableSynchronizers candidates="21" cleared="0" />
  <references type="soft" candidates="1849" cleared="0" enqueued="0" dynamicThreshold="19" maxThreshold="32" />
  <references type="weak" candidates="5762" cleared="0" enqueued="0" />
  <references type="phantom" candidates="101" cleared="0" enqueued="0" />
  <stringconstants candidates="13253" cleared="0"  />
</gc-op>
<gc-op id="5193" type="sweep" timems="0.766" contextid="5189" timestamp="2019-07-02T23:30:46.509" />
<gc-end id="5194" type="global" contextid="5189" durationms="10.297" usertimems="28.000" systemtimems="0.000" timestamp="2019-07-02T23:30:46.510" activeThreads="4">
  <mem-info id="5195" free="27859976" total="45875200" percent="60">
    <mem type="tenure" free="27859976" total="45875200" percent="60" micro-fragmented="84462" macro-fragmented="0">
      <mem type="soa" free="27401224" total="45416448" percent="60" />
      <mem type="loa" free="458752" total="458752" percent="100" />
    </mem>
  </mem-info>
</gc-end>
<cycle-end id="5196" type="global" contextid="5189" timestamp="2019-07-02T23:30:46.510">
  <attribute name="GC Util" value="189" />
  <attribute name="CPU Util" value="1995308095742" />
  <attribute name="Time Running"value="24055"/>
  <attribute name="Number of cores"value="4"/>
</cycle-end>
<allocation-satisfied id="5197" threadId="0000000001AB4700" bytesRequested="32" />
<af-end id="5198" timestamp="2019-07-02T23:30:46.510" threadId="0000000001AB5088" success="true" />
<exclusive-end id="5199" timestamp="2019-07-02T23:30:46.510" durationms="10.981" />

<exclusive-start id="5200" timestamp="2019-07-02T23:30:46.521" intervalms="21.707">
  <response-info timems="0.087" idlems="0.087" threads="0" lastid="0000000001AB4700" lastname="main" />
</exclusive-start>
<af-start id="5201" threadId="0000000001AB5088" totalBytesRequested="16" timestamp="2019-07-02T23:30:46.521" intervalms="21.682" />
<cycle-start id="5202" type="global" contextid="0" timestamp="2019-07-02T23:30:46.521" intervalms="21.701" />
  <attribute name="GC Util" value="189" />
  <attribute name="CPU Util" value="1995308095742" />
  <attribute name="Time Running"value="24055"/>
  <attribute name="Number of cores"value="4"/>
<gc-start id="5203" type="global" contextid="5202" timestamp="2019-07-02T23:30:46.521">
  <mem-info id="5204" free="458752" total="45875200" percent="1">
    <mem type="tenure" free="458752" total="45875200" percent="1">
      <mem type="soa" free="0" total="45416448" percent="0" />
      <mem type="loa" free="458752" total="458752" percent="100" />
    </mem>
  </mem-info>
</gc-start>
<allocation-stats totalBytes="27354000" >
  <allocated-bytes non-tlh="0" tlh="27354000" />
  <largest-consumer threadName="main" threadId="0000000001AB4700" bytes="27354000" />
</allocation-stats>
<gc-op id="5205" type="mark" timems="10.300" contextid="5202" timestamp="2019-07-02T23:30:46.531">
  <trace-info objectcount="596644" scancount="517634" scanbytes="13283788" />
  <finalization candidates="80" enqueued="0" />
  <ownableSynchronizers candidates="21" cleared="0" />
  <references type="soft" candidates="1855" cleared="0" enqueued="0" dynamicThreshold="19" maxThreshold="32" />
  <references type="weak" candidates="5762" cleared="0" enqueued="0" />
  <references type="phantom" candidates="101" cleared="0" enqueued="0" />
  <stringconstants candidates="13253" cleared="0"  />
</gc-op>
<gc-op id="5206" type="sweep" timems="0.646" contextid="5202" timestamp="2019-07-02T23:30:46.532" />
<gc-end id="5207" type="global" contextid="5202" durationms="11.351" usertimems="44.000" systemtimems="0.000" timestamp="2019-07-02T23:30:46.532" activeThreads="4">
  <mem-info id="5208" free="27840096" total="45875200" percent="60">
    <mem type="tenure" free="27840096" total="45875200" percent="60" micro-fragmented="89949" macro-fragmented="0">
      <mem type="soa" free="27381344" total="45416448" percent="60" />
      <mem type="loa" free="458752" total="458752" percent="100" />
    </mem>
  </mem-info>
</gc-end>
<cycle-end id="5209" type="global" contextid="5202" timestamp="2019-07-02T23:30:46.532">
  <attribute name="GC Util" value="183" />
  <attribute name="CPU Util" value="1769778687918" />
  <attribute name="Time Running"value="24077"/>
  <attribute name="Number of cores"value="4"/>
</cycle-end>
<allocation-satisfied id="5210" threadId="0000000001AB4700" bytesRequested="16" />
<af-end id="5211" timestamp="2019-07-02T23:30:46.533" threadId="0000000001AB5088" success="true" />
<exclusive-end id="5212" timestamp="2019-07-02T23:30:46.533" durationms="11.999" />

<exclusive-start id="5213" timestamp="2019-07-02T23:30:46.568" intervalms="47.512">
  <response-info timems="0.077" idlems="0.077" threads="0" lastid="0000000001AB4700" lastname="main" />
</exclusive-start>
<af-start id="5214" threadId="0000000001AB5088" totalBytesRequested="32" timestamp="2019-07-02T23:30:46.568" intervalms="47.520" />
<cycle-start id="5215" type="global" contextid="0" timestamp="2019-07-02T23:30:46.568" intervalms="47.485" />
  <attribute name="GC Util" value="183" />
  <attribute name="CPU Util" value="1769778687918" />
  <attribute name="Time Running"value="24077"/>
  <attribute name="Number of cores"value="4"/>
<gc-start id="5216" type="global" contextid="5215" timestamp="2019-07-02T23:30:46.568">
  <mem-info id="5217" free="458752" total="45875200" percent="1">
    <mem type="tenure" free="458752" total="45875200" percent="1">
      <mem type="soa" free="0" total="45416448" percent="0" />
      <mem type="loa" free="458752" total="458752" percent="100" />
    </mem>
  </mem-info>
</gc-start>
<allocation-stats totalBytes="27379104" >
  <allocated-bytes non-tlh="0" tlh="27379104" />
  <largest-consumer threadName="main" threadId="0000000001AB4700" bytes="27379104" />
</allocation-stats>
<gc-op id="5218" type="mark" timems="8.982" contextid="5215" timestamp="2019-07-02T23:30:46.578">
  <trace-info objectcount="596649" scancount="517635" scanbytes="13283948" />
  <finalization candidates="80" enqueued="0" />
  <ownableSynchronizers candidates="21" cleared="0" />
  <references type="soft" candidates="1855" cleared="0" enqueued="0" dynamicThreshold="19" maxThreshold="32" />
  <references type="weak" candidates="5762" cleared="0" enqueued="0" />
  <references type="phantom" candidates="101" cleared="0" enqueued="0" />
  <stringconstants candidates="13253" cleared="0"  />
</gc-op>
<gc-op id="5219" type="sweep" timems="0.526" contextid="5215" timestamp="2019-07-02T23:30:46.578" />
<gc-end id="5220" type="global" contextid="5215" durationms="9.820" usertimems="20.000" systemtimems="4.000" timestamp="2019-07-02T23:30:46.578" activeThreads="4">
  <mem-info id="5221" free="27840392" total="45875200" percent="60">
    <mem type="tenure" free="27840392" total="45875200" percent="60" micro-fragmented="86257" macro-fragmented="0">
      <mem type="soa" free="27381640" total="45416448" percent="60" />
      <mem type="loa" free="458752" total="458752" percent="100" />
    </mem>
  </mem-info>
</gc-end>
<cycle-end id="5222" type="global" contextid="5215" timestamp="2019-07-02T23:30:46.578">
  <attribute name="GC Util" value="189" />
  <attribute name="CPU Util" value="2030652867110" />
  <attribute name="Time Running"value="24124"/>
  <attribute name="Number of cores"value="4"/>
</cycle-end>
<allocation-satisfied id="5223" threadId="0000000001AB4700" bytesRequested="32" />
<af-end id="5224" timestamp="2019-07-02T23:30:46.579" threadId="0000000001AB5088" success="true" />
<exclusive-end id="5225" timestamp="2019-07-02T23:30:46.579" durationms="10.423" />

<exclusive-start id="5226" timestamp="2019-07-02T23:30:46.819" intervalms="250.361">
  <response-info timems="0.086" idlems="0.086" threads="0" lastid="0000000001AB4700" lastname="main" />
</exclusive-start>
<af-start id="5227" threadId="0000000001AB5088" totalBytesRequested="1168" timestamp="2019-07-02T23:30:46.819" intervalms="250.447" />
<cycle-start id="5228" type="global" contextid="0" timestamp="2019-07-02T23:30:46.819" intervalms="251.038" />
  <attribute name="GC Util" value="189" />
  <attribute name="CPU Util" value="2030652867110" />
  <attribute name="Time Running"value="24124"/>
  <attribute name="Number of cores"value="4"/>
<gc-start id="5229" type="global" contextid="5228" timestamp="2019-07-02T23:30:46.820">
  <mem-info id="5230" free="458752" total="45875200" percent="1">
    <mem type="tenure" free="458752" total="45875200" percent="1">
      <mem type="soa" free="0" total="45416448" percent="0" />
      <mem type="loa" free="458752" total="458752" percent="100" />
    </mem>
  </mem-info>
</gc-start>
<allocation-stats totalBytes="27357712" >
  <allocated-bytes non-tlh="0" tlh="27357712" />
  <largest-consumer threadName="main" threadId="0000000001AB4700" bytes="27357712" />
</allocation-stats>
<gc-op id="5231" type="mark" timems="9.816" contextid="5228" timestamp="2019-07-02T23:30:46.830">
  <trace-info objectcount="596641" scancount="517630" scanbytes="13283556" />
  <finalization candidates="80" enqueued="0" />
  <ownableSynchronizers candidates="21" cleared="0" />
  <references type="soft" candidates="1855" cleared="5" enqueued="5" dynamicThreshold="19" maxThreshold="32" />
  <references type="weak" candidates="5762" cleared="0" enqueued="0" />
  <references type="phantom" candidates="101" cleared="0" enqueued="0" />
  <stringconstants candidates="13253" cleared="0"  />
</gc-op>
<gc-op id="5232" type="sweep" timems="0.782" contextid="5228" timestamp="2019-07-02T23:30:46.831" />
<gc-end id="5233" type="global" contextid="5228" durationms="11.096" usertimems="28.000" systemtimems="4.000" timestamp="2019-07-02T23:30:46.831" activeThreads="4">
  <mem-info id="5234" free="27839104" total="45875200" percent="60">
    <mem type="tenure" free="27839104" total="45875200" percent="60" micro-fragmented="92585" macro-fragmented="0">
      <mem type="soa" free="27380352" total="45416448" percent="60" />
      <mem type="loa" free="458752" total="458752" percent="100" />
    </mem>
    <pending-finalizers system="0" default="0" reference="5" classloader="0" />
  </mem-info>
</gc-end>
<cycle-end id="5235" type="global" contextid="5228" timestamp="2019-07-02T23:30:46.831">
  <attribute name="GC Util" value="186" />
  <attribute name="CPU Util" value="1850084878829" />
  <attribute name="Time Running"value="24376"/>
  <attribute name="Number of cores"value="4"/>
</cycle-end>
<allocation-satisfied id="5236" threadId="0000000001AB4700" bytesRequested="1168" />
<af-end id="5237" timestamp="2019-07-02T23:30:46.831" threadId="0000000001AB5088" success="true" />
<exclusive-end id="5238" timestamp="2019-07-02T23:30:46.831" durationms="12.652" />

<exclusive-start id="5239" timestamp="2019-07-02T23:30:46.834" intervalms="15.666">
  <response-info timems="0.092" idlems="0.092" threads="0" lastid="0000000001AB4700" lastname="main" />
</exclusive-start>
<af-start id="5240" threadId="0000000001AB5088" totalBytesRequested="1168" timestamp="2019-07-02T23:30:46.834" intervalms="15.646" />
<cycle-start id="5241" type="global" contextid="0" timestamp="2019-07-02T23:30:46.835" intervalms="15.125" />
  <attribute name="GC Util" value="186" />
  <attribute name="CPU Util" value="1850084878829" />
  <attribute name="Time Running"value="24376"/>
  <attribute name="Number of cores"value="4"/>
<gc-start id="5242" type="global" contextid="5241" timestamp="2019-07-02T23:30:46.835">
  <mem-info id="5243" free="458752" total="45875200" percent="1">
    <mem type="tenure" free="458752" total="45875200" percent="1">
      <mem type="soa" free="0" total="45416448" percent="0" />
      <mem type="loa" free="458752" total="458752" percent="100" />
    </mem>
  </mem-info>
</gc-start>
<allocation-stats totalBytes="27181616" >
  <allocated-bytes non-tlh="43216" tlh="27138400" />
  <largest-consumer threadName="main" threadId="0000000001AB4700" bytes="27181616" />
</allocation-stats>
<gc-op id="5244" type="mark" timems="9.131" contextid="5241" timestamp="2019-07-02T23:30:46.844">
  <trace-info objectcount="596627" scancount="517615" scanbytes="13283028" />
  <finalization candidates="80" enqueued="0" />
  <ownableSynchronizers candidates="21" cleared="0" />
  <references type="soft" candidates="1850" cleared="0" enqueued="0" dynamicThreshold="19" maxThreshold="32" />
  <references type="weak" candidates="5762" cleared="0" enqueued="0" />
  <references type="phantom" candidates="101" cleared="0" enqueued="0" />
  <stringconstants candidates="13253" cleared="0"  />
</gc-op>
<gc-op id="5245" type="sweep" timems="0.624" contextid="5241" timestamp="2019-07-02T23:30:46.845" />
<gc-end id="5246" type="global" contextid="5241" durationms="10.179" usertimems="28.000" systemtimems="0.000" timestamp="2019-07-02T23:30:46.845" activeThreads="4">
  <mem-info id="5247" free="27839104" total="45875200" percent="60">
    <mem type="tenure" free="27839104" total="45875200" percent="60" micro-fragmented="92585" macro-fragmented="0">
      <mem type="soa" free="27380352" total="45416448" percent="60" />
      <mem type="loa" free="458752" total="458752" percent="100" />
    </mem>
  </mem-info>
</gc-end>
<cycle-end id="5248" type="global" contextid="5241" timestamp="2019-07-02T23:30:46.845">
  <attribute name="GC Util" value="189" />
  <attribute name="CPU Util" value="1987058149127" />
  <attribute name="Time Running"value="24390"/>
  <attribute name="Number of cores"value="4"/>
</cycle-end>
<allocation-satisfied id="5249" threadId="0000000001AB4700" bytesRequested="1168" />
<af-end id="5250" timestamp="2019-07-02T23:30:46.845" threadId="0000000001AB5088" success="true" />
<exclusive-end id="5251" timestamp="2019-07-02T23:30:46.845" durationms="10.995" />

<exclusive-start id="5252" timestamp="2019-07-02T23:30:46.848" intervalms="13.828">
  <response-info timems="0.109" idlems="0.109" threads="0" lastid="0000000001AB4700" lastname="main" />
</exclusive-start>
<af-start id="5253" threadId="0000000001AB5088" totalBytesRequested="1168" timestamp="2019-07-02T23:30:46.848" intervalms="13.828" />
<cycle-start id="5254" type="global" contextid="0" timestamp="2019-07-02T23:30:46.848" intervalms="13.802" />
  <attribute name="GC Util" value="189" />
  <attribute name="CPU Util" value="1987058149127" />
  <attribute name="Time Running"value="24390"/>
  <attribute name="Number of cores"value="4"/>
<gc-start id="5255" type="global" contextid="5254" timestamp="2019-07-02T23:30:46.848">
  <mem-info id="5256" free="458752" total="45875200" percent="1">
    <mem type="tenure" free="458752" total="45875200" percent="1">
      <mem type="soa" free="0" total="45416448" percent="0" />
      <mem type="loa" free="458752" total="458752" percent="100" />
    </mem>
  </mem-info>
</gc-start>
<allocation-stats totalBytes="27182432" >
  <allocated-bytes non-tlh="43216" tlh="27139216" />
  <largest-consumer threadName="main" threadId="0000000001AB4700" bytes="27182432" />
</allocation-stats>
<gc-op id="5257" type="mark" timems="9.637" contextid="5254" timestamp="2019-07-02T23:30:46.858">
  <trace-info objectcount="596628" scancount="517638" scanbytes="13283052" />
  <finalization candidates="80" enqueued="0" />
  <ownableSynchronizers candidates="21" cleared="0" />
  <references type="soft" candidates="1850" cleared="0" enqueued="0" dynamicThreshold="19" maxThreshold="32" />
  <references type="weak" candidates="5762" cleared="0" enqueued="0" />
  <references type="phantom" candidates="101" cleared="0" enqueued="0" />
  <stringconstants candidates="13253" cleared="0"  />
</gc-op>
<gc-op id="5258" type="sweep" timems="0.648" contextid="5254" timestamp="2019-07-02T23:30:46.859" />
<gc-end id="5259" type="global" contextid="5254" durationms="10.769" usertimems="40.000" systemtimems="0.000" timestamp="2019-07-02T23:30:46.859" activeThreads="4">
  <mem-info id="5260" free="27839080" total="45875200" percent="60">
    <mem type="tenure" free="27839080" total="45875200" percent="60" micro-fragmented="92585" macro-fragmented="0">
      <mem type="soa" free="27380328" total="45416448" percent="60" />
      <mem type="loa" free="458752" total="458752" percent="100" />
    </mem>
  </mem-info>
</gc-end>
<cycle-end id="5261" type="global" contextid="5254" timestamp="2019-07-02T23:30:46.859">
  <attribute name="GC Util" value="188" />
  <attribute name="CPU Util" value="1886714839985" />
  <attribute name="Time Running"value="24404"/>
  <attribute name="Number of cores"value="4"/>
</cycle-end>
<allocation-satisfied id="5262" threadId="0000000001AB4700" bytesRequested="1168" />
<af-end id="5263" timestamp="2019-07-02T23:30:46.859" threadId="0000000001AB5088" success="true" />
<exclusive-end id="5264" timestamp="2019-07-02T23:30:46.860" durationms="11.530" />

<exclusive-start id="5265" timestamp="2019-07-02T23:30:46.862" intervalms="14.278">
  <response-info timems="0.066" idlems="0.066" threads="0" lastid="0000000001AB4700" lastname="main" />
</exclusive-start>
<af-start id="5266" threadId="0000000001AB5088" totalBytesRequested="1168" timestamp="2019-07-02T23:30:46.862" intervalms="14.225" />
<cycle-start id="5267" type="global" contextid="0" timestamp="2019-07-02T23:30:46.863" intervalms="14.202" />
  <attribute name="GC Util" value="188" />
  <attribute name="CPU Util" value="1886714839985" />
  <attribute name="Time Running"value="24404"/>
  <attribute name="Number of cores"value="4"/>
<gc-start id="5268" type="global" contextid="5267" timestamp="2019-07-02T23:30:46.863">
  <mem-info id="5269" free="458752" total="45875200" percent="1">
    <mem type="tenure" free="458752" total="45875200" percent="1">
      <mem type="soa" free="0" total="45416448" percent="0" />
      <mem type="loa" free="458752" total="458752" percent="100" />
    </mem>
  </mem-info>
</gc-start>
<allocation-stats totalBytes="27189736" >
  <allocated-bytes non-tlh="43216" tlh="27146520" />
  <largest-consumer threadName="main" threadId="0000000001AB4700" bytes="27189736" />
</allocation-stats>
<gc-op id="5270" type="mark" timems="10.071" contextid="5267" timestamp="2019-07-02T23:30:46.873">
  <trace-info objectcount="596617" scancount="517632" scanbytes="13282940" />
  <finalization candidates="80" enqueued="0" />
  <ownableSynchronizers candidates="21" cleared="0" />
  <references type="soft" candidates="1850" cleared="1" enqueued="0" dynamicThreshold="19" maxThreshold="32" />
  <references type="weak" candidates="5762" cleared="0" enqueued="0" />
  <references type="phantom" candidates="101" cleared="0" enqueued="0" />
  <stringconstants candidates="13253" cleared="0"  />
</gc-op>
<gc-op id="5271" type="sweep" timems="0.722" contextid="5267" timestamp="2019-07-02T23:30:46.874" />
<gc-end id="5272" type="global" contextid="5267" durationms="11.229" usertimems="36.000" systemtimems="4.000" timestamp="2019-07-02T23:30:46.874" activeThreads="4">
  <mem-info id="5273" free="27857280" total="45875200" percent="60">
    <mem type="tenure" free="27857280" total="45875200" percent="60" micro-fragmented="111156" macro-fragmented="0">
      <mem type="soa" free="27398528" total="45416448" percent="60" />
      <mem type="loa" free="458752" total="458752" percent="100" />
    </mem>
  </mem-info>
</gc-end>
<cycle-end id="5274" type="global" contextid="5267" timestamp="2019-07-02T23:30:46.874">
  <attribute name="GC Util" value="188" />
  <attribute name="CPU Util" value="1816424185944" />
  <attribute name="Time Running"value="24419"/>
  <attribute name="Number of cores"value="4"/>
</cycle-end>
<allocation-satisfied id="5275" threadId="0000000001AB4700" bytesRequested="1168" />
<af-end id="5276" timestamp="2019-07-02T23:30:46.874" threadId="0000000001AB5088" success="true" />
<exclusive-end id="5277" timestamp="2019-07-02T23:30:46.874" durationms="11.946" />

<exclusive-start id="5278" timestamp="2019-07-02T23:30:46.877" intervalms="14.785">
  <response-info timems="0.091" idlems="0.091" threads="0" lastid="0000000001AB4700" lastname="main" />
</exclusive-start>
<af-start id="5279" threadId="0000000001AB5088" totalBytesRequested="1168" timestamp="2019-07-02T23:30:46.877" intervalms="14.756" />
<cycle-start id="5280" type="global" contextid="0" timestamp="2019-07-02T23:30:46.877" intervalms="14.777" />
  <attribute name="GC Util" value="188" />
  <attribute name="CPU Util" value="1816424185944" />
  <attribute name="Time Running"value="24419"/>
  <attribute name="Number of cores"value="4"/>
<gc-start id="5281" type="global" contextid="5280" timestamp="2019-07-02T23:30:46.877">
  <mem-info id="5282" free="458752" total="45875200" percent="1">
    <mem type="tenure" free="458752" total="45875200" percent="1">
      <mem type="soa" free="0" total="45416448" percent="0" />
      <mem type="loa" free="458752" total="458752" percent="100" />
    </mem>
  </mem-info>
</gc-start>
<allocation-stats totalBytes="27208216" >
  <allocated-bytes non-tlh="43216" tlh="27165000" />
  <largest-consumer threadName="main" threadId="0000000001AB4700" bytes="27208216" />
</allocation-stats>
<gc-op id="5283" type="mark" timems="9.312" contextid="5280" timestamp="2019-07-02T23:30:46.887">
  <trace-info objectcount="596617" scancount="517615" scanbytes="13282940" />
  <finalization candidates="80" enqueued="0" />
  <ownableSynchronizers candidates="21" cleared="0" />
  <references type="soft" candidates="1849" cleared="0" enqueued="0" dynamicThreshold="19" maxThreshold="32" />
  <references type="weak" candidates="5762" cleared="0" enqueued="0" />
  <references type="phantom" candidates="101" cleared="0" enqueued="0" />
  <stringconstants candidates="13253" cleared="0"  />
</gc-op>
<gc-op id="5284" type="sweep" timems="0.607" contextid="5280" timestamp="2019-07-02T23:30:46.888" />
<gc-end id="5285" type="global" contextid="5280" durationms="10.364" usertimems="36.000" systemtimems="0.000" timestamp="2019-07-02T23:30:46.888" activeThreads="4">
  <mem-info id="5286" free="27857280" total="45875200" percent="60">
    <mem type="tenure" free="27857280" total="45875200" percent="60" micro-fragmented="111156" macro-fragmented="0">
      <mem type="soa" free="27398528" total="45416448" percent="60" />
      <mem type="loa" free="458752" total="458752" percent="100" />
    </mem>
  </mem-info>
</gc-end>
<cycle-end id="5287" type="global" contextid="5280" timestamp="2019-07-02T23:30:46.888">
  <attribute name="GC Util" value="189" />
  <attribute name="CPU Util" value="1953089522612" />
  <attribute name="Time Running"value="24433"/>
  <attribute name="Number of cores"value="4"/>
</cycle-end>
<allocation-satisfied id="5288" threadId="0000000001AB4700" bytesRequested="1168" />
<af-end id="5289" timestamp="2019-07-02T23:30:46.888" threadId="0000000001AB5088" success="true" />
<exclusive-end id="5290" timestamp="2019-07-02T23:30:46.888" durationms="11.045" />

<exclusive-start id="5291" timestamp="2019-07-02T23:30:46.891" intervalms="13.892">
  <response-info timems="0.131" idlems="0.131" threads="0" lastid="0000000001AB4700" lastname="main" />
</exclusive-start>
<af-start id="5292" threadId="0000000001AB5088" totalBytesRequested="1168" timestamp="2019-07-02T23:30:46.891" intervalms="13.920" />
<cycle-start id="5293" type="global" contextid="0" timestamp="2019-07-02T23:30:46.891" intervalms="13.898" />
  <attribute name="GC Util" value="189" />
  <attribute name="CPU Util" value="1953089522612" />
  <attribute name="Time Running"value="24433"/>
  <attribute name="Number of cores"value="4"/>
<gc-start id="5294" type="global" contextid="5293" timestamp="2019-07-02T23:30:46.891">
  <mem-info id="5295" free="458752" total="45875200" percent="1">
    <mem type="tenure" free="458752" total="45875200" percent="1">
      <mem type="soa" free="0" total="45416448" percent="0" />
      <mem type="loa" free="458752" total="458752" percent="100" />
    </mem>
  </mem-info>
</gc-start>
<allocation-stats totalBytes="27207008" >
  <allocated-bytes non-tlh="43216" tlh="27163792" />
  <largest-consumer threadName="main" threadId="0000000001AB4700" bytes="27207008" />
</allocation-stats>
<gc-op id="5296" type="mark" timems="8.900" contextid="5293" timestamp="2019-07-02T23:30:46.900">
  <trace-info objectcount="596617" scancount="517615" scanbytes="13282940" />
  <finalization candidates="80" enqueued="0" />
  <ownableSynchronizers candidates="21" cleared="0" />
  <references type="soft" candidates="1849" cleared="0" enqueued="0" dynamicThreshold="19" maxThreshold="32" />
  <references type="weak" candidates="5762" cleared="0" enqueued="0" />
  <references type="phantom" candidates="101" cleared="0" enqueued="0" />
  <stringconstants candidates="13253" cleared="0"  />
</gc-op>
<gc-op id="5297" type="sweep" timems="0.625" contextid="5293" timestamp="2019-07-02T23:30:46.901" />
<gc-end id="5298" type="global" contextid="5293" durationms="9.932" usertimems="28.000" systemtimems="0.000" timestamp="2019-07-02T23:30:46.901" activeThreads="4">
  <mem-info id="5299" free="27857280" total="45875200" percent="60">
    <mem type="tenure" free="27857280" total="45875200" percent="60" micro-fragmented="111156" macro-fragmented="0">
      <mem type="soa" free="27398528" total="45416448" percent="60" />
      <mem type="loa" free="458752" total="458752" percent="100" />
    </mem>
  </mem-info>
</gc-end>
<cycle-end id="5300" type="global" contextid="5293" timestamp="2019-07-02T23:30:46.901">
  <attribute name="GC Util" value="191" />
  <attribute name="CPU Util" value="2048677968563" />
  <attribute name="Time Running"value="24446"/>
  <attribute name="Number of cores"value="4"/>
</cycle-end>
<allocation-satisfied id="5301" threadId="0000000001AB4700" bytesRequested="1168" />
<af-end id="5302" timestamp="2019-07-02T23:30:46.901" threadId="0000000001AB5088" success="true" />
<exclusive-end id="5303" timestamp="2019-07-02T23:30:46.902" durationms="10.546" />

<exclusive-start id="5304" timestamp="2019-07-02T23:30:46.904" intervalms="13.306">
  <response-info timems="0.074" idlems="0.074" threads="0" lastid="0000000001AB4700" lastname="main" />
</exclusive-start>
<af-start id="5305" threadId="0000000001AB5088" totalBytesRequested="1168" timestamp="2019-07-02T23:30:46.904" intervalms="13.321" />
<cycle-start id="5306" type="global" contextid="0" timestamp="2019-07-02T23:30:46.905" intervalms="13.316" />
  <attribute name="GC Util" value="191" />
  <attribute name="CPU Util" value="2048677968563" />
  <attribute name="Time Running"value="24446"/>
  <attribute name="Number of cores"value="4"/>
<gc-start id="5307" type="global" contextid="5306" timestamp="2019-07-02T23:30:46.905">
  <mem-info id="5308" free="458752" total="45875200" percent="1">
    <mem type="tenure" free="458752" total="45875200" percent="1">
      <mem type="soa" free="0" total="45416448" percent="0" />
      <mem type="loa" free="458752" total="458752" percent="100" />
    </mem>
  </mem-info>
</gc-start>
<allocation-stats totalBytes="27208216" >
  <allocated-bytes non-tlh="43216" tlh="27165000" />
  <largest-consumer threadName="main" threadId="0000000001AB4700" bytes="27208216" />
</allocation-stats>
<gc-op id="5309" type="mark" timems="9.279" contextid="5306" timestamp="2019-07-02T23:30:46.914">
  <trace-info objectcount="596617" scancount="517606" scanbytes="13282940" />
  <finalization candidates="80" enqueued="0" />
  <ownableSynchronizers candidates="21" cleared="0" />
  <references type="soft" candidates="1849" cleared="0" enqueued="0" dynamicThreshold="19" maxThreshold="32" />
  <references type="weak" candidates="5762" cleared="0" enqueued="0" />
  <references type="phantom" candidates="101" cleared="0" enqueued="0" />
  <stringconstants candidates="13253" cleared="0"  />
</gc-op>
<gc-op id="5310" type="sweep" timems="0.593" contextid="5306" timestamp="2019-07-02T23:30:46.915" />
<gc-end id="5311" type="global" contextid="5306" durationms="10.294" usertimems="20.000" systemtimems="4.000" timestamp="2019-07-02T23:30:46.915" activeThreads="4">
  <mem-info id="5312" free="27857280" total="45875200" percent="60">
    <mem type="tenure" free="27857280" total="45875200" percent="60" micro-fragmented="111156" macro-fragmented="0">
      <mem type="soa" free="27398528" total="45416448" percent="60" />
      <mem type="loa" free="458752" total="458752" percent="100" />
    </mem>
  </mem-info>
</gc-end>
<cycle-end id="5313" type="global" contextid="5306" timestamp="2019-07-02T23:30:46.915">
  <attribute name="GC Util" value="189" />
  <attribute name="CPU Util" value="1959520632347" />
  <attribute name="Time Running"value="24460"/>
  <attribute name="Number of cores"value="4"/>
</cycle-end>
<allocation-satisfied id="5314" threadId="0000000001AB4700" bytesRequested="1168" />
<af-end id="5315" timestamp="2019-07-02T23:30:46.915" threadId="0000000001AB5088" success="true" />
<exclusive-end id="5316" timestamp="2019-07-02T23:30:46.915" durationms="10.985" />

<exclusive-start id="5317" timestamp="2019-07-02T23:30:46.918" intervalms="13.754">
  <response-info timems="0.063" idlems="0.063" threads="0" lastid="0000000001AB4700" lastname="main" />
</exclusive-start>
<af-start id="5318" threadId="0000000001AB5088" totalBytesRequested="1168" timestamp="2019-07-02T23:30:46.918" intervalms="13.748" />
<cycle-start id="5319" type="global" contextid="0" timestamp="2019-07-02T23:30:46.918" intervalms="13.756" />
  <attribute name="GC Util" value="189" />
  <attribute name="CPU Util" value="1959520632347" />
  <attribute name="Time Running"value="24460"/>
  <attribute name="Number of cores"value="4"/>
<gc-start id="5320" type="global" contextid="5319" timestamp="2019-07-02T23:30:46.918">
  <mem-info id="5321" free="458752" total="45875200" percent="1">
    <mem type="tenure" free="458752" total="45875200" percent="1">
      <mem type="soa" free="0" total="45416448" percent="0" />
      <mem type="loa" free="458752" total="458752" percent="100" />
    </mem>
  </mem-info>
</gc-start>
<allocation-stats totalBytes="27207008" >
  <allocated-bytes non-tlh="43216" tlh="27163792" />
  <largest-consumer threadName="main" threadId="0000000001AB4700" bytes="27207008" />
</allocation-stats>
<gc-op id="5322" type="mark" timems="9.140" contextid="5319" timestamp="2019-07-02T23:30:46.928">
  <trace-info objectcount="596617" scancount="517610" scanbytes="13282940" />
  <finalization candidates="80" enqueued="0" />
  <ownableSynchronizers candidates="21" cleared="0" />
  <references type="soft" candidates="1849" cleared="0" enqueued="0" dynamicThreshold="19" maxThreshold="32" />
  <references type="weak" candidates="5762" cleared="0" enqueued="0" />
  <references type="phantom" candidates="101" cleared="0" enqueued="0" />
  <stringconstants candidates="13253" cleared="0"  />
</gc-op>
<gc-op id="5323" type="sweep" timems="0.612" contextid="5319" timestamp="2019-07-02T23:30:46.928" />
<gc-end id="5324" type="global" contextid="5319" durationms="10.132" usertimems="28.000" systemtimems="0.000" timestamp="2019-07-02T23:30:46.929" activeThreads="4">
  <mem-info id="5325" free="27857280" total="45875200" percent="60">
    <mem type="tenure" free="27857280" total="45875200" percent="60" micro-fragmented="111156" macro-fragmented="0">
      <mem type="soa" free="27398528" total="45416448" percent="60" />
      <mem type="loa" free="458752" total="458752" percent="100" />
    </mem>
  </mem-info>
</gc-end>
<cycle-end id="5326" type="global" contextid="5319" timestamp="2019-07-02T23:30:46.929">
  <attribute name="GC Util" value="189" />
  <attribute name="CPU Util" value="1991303111735" />
  <attribute name="Time Running"value="24474"/>
  <attribute name="Number of cores"value="4"/>
</cycle-end>
<allocation-satisfied id="5327" threadId="0000000001AB4700" bytesRequested="1168" />
<af-end id="5328" timestamp="2019-07-02T23:30:46.929" threadId="0000000001AB5088" success="true" />
<exclusive-end id="5329" timestamp="2019-07-02T23:30:46.929" durationms="10.867" />

<exclusive-start id="5330" timestamp="2019-07-02T23:30:46.932" intervalms="13.624">
  <response-info timems="0.050" idlems="0.050" threads="0" lastid="0000000001AB4700" lastname="main" />
</exclusive-start>
<af-start id="5331" threadId="0000000001AB5088" totalBytesRequested="1168" timestamp="2019-07-02T23:30:46.932" intervalms="13.612" />
<cycle-start id="5332" type="global" contextid="0" timestamp="2019-07-02T23:30:46.932" intervalms="13.604" />
  <attribute name="GC Util" value="189" />
  <attribute name="CPU Util" value="1991303111735" />
  <attribute name="Time Running"value="24474"/>
  <attribute name="Number of cores"value="4"/>
<gc-start id="5333" type="global" contextid="5332" timestamp="2019-07-02T23:30:46.932">
  <mem-info id="5334" free="458752" total="45875200" percent="1">
    <mem type="tenure" free="458752" total="45875200" percent="1">
      <mem type="soa" free="0" total="45416448" percent="0" />
      <mem type="loa" free="458752" total="458752" percent="100" />
    </mem>
  </mem-info>
</gc-start>
<allocation-stats totalBytes="27208240" >
  <allocated-bytes non-tlh="43216" tlh="27165024" />
  <largest-consumer threadName="main" threadId="0000000001AB4700" bytes="27208240" />
</allocation-stats>
<gc-op id="5335" type="mark" timems="8.800" contextid="5332" timestamp="2019-07-02T23:30:46.941">
  <trace-info objectcount="596617" scancount="517639" scanbytes="13282940" />
  <finalization candidates="80" enqueued="0" />
  <ownableSynchronizers candidates="21" cleared="0" />
  <references type="soft" candidates="1849" cleared="0" enqueued="0" dynamicThreshold="19" maxThreshold="32" />
  <references type="weak" candidates="5762" cleared="0" enqueued="0" />
  <references type="phantom" candidates="101" cleared="0" enqueued="0" />
  <stringconstants candidates="13253" cleared="0"  />
</gc-op>
<gc-op id="5336" type="sweep" timems="0.627" contextid="5332" timestamp="2019-07-02T23:30:46.942" />
<gc-end id="5337" type="global" contextid="5332" durationms="9.859" usertimems="24.000" systemtimems="4.000" timestamp="2019-07-02T23:30:46.942" activeThreads="4">
  <mem-info id="5338" free="27856760" total="45875200" percent="60">
    <mem type="tenure" free="27856760" total="45875200" percent="60" micro-fragmented="111156" macro-fragmented="0">
      <mem type="soa" free="27398008" total="45416448" percent="60" />
      <mem type="loa" free="458752" total="458752" percent="100" />
    </mem>
  </mem-info>
</gc-end>
<cycle-end id="5339" type="global" contextid="5332" timestamp="2019-07-02T23:30:46.942">
  <attribute name="GC Util" value="190" />
  <attribute name="CPU Util" value="2058652266897" />
  <attribute name="Time Running"value="24487"/>
  <attribute name="Number of cores"value="4"/>
</cycle-end>
<allocation-satisfied id="5340" threadId="0000000001AB4700" bytesRequested="1168" />
<af-end id="5341" timestamp="2019-07-02T23:30:46.942" threadId="0000000001AB5088" success="true" />
<exclusive-end id="5342" timestamp="2019-07-02T23:30:46.942" durationms="10.525" />

<exclusive-start id="5343" timestamp="2019-07-02T23:30:46.945" intervalms="13.225">
  <response-info timems="0.075" idlems="0.075" threads="0" lastid="0000000001AB4700" lastname="main" />
</exclusive-start>
<af-start id="5344" threadId="0000000001AB5088" totalBytesRequested="1168" timestamp="2019-07-02T23:30:46.945" intervalms="13.228" />
<cycle-start id="5345" type="global" contextid="0" timestamp="2019-07-02T23:30:46.945" intervalms="13.225" />
  <attribute name="GC Util" value="190" />
  <attribute name="CPU Util" value="2058652266897" />
  <attribute name="Time Running"value="24487"/>
  <attribute name="Number of cores"value="4"/>
<gc-start id="5346" type="global" contextid="5345" timestamp="2019-07-02T23:30:46.945">
  <mem-info id="5347" free="458752" total="45875200" percent="1">
    <mem type="tenure" free="458752" total="45875200" percent="1">
      <mem type="soa" free="0" total="45416448" percent="0" />
      <mem type="loa" free="458752" total="458752" percent="100" />
    </mem>
  </mem-info>
</gc-start>
<allocation-stats totalBytes="27205752" >
  <allocated-bytes non-tlh="43216" tlh="27162536" />
  <largest-consumer threadName="main" threadId="0000000001AB4700" bytes="27205752" />
</allocation-stats>
<gc-op id="5348" type="mark" timems="9.275" contextid="5345" timestamp="2019-07-02T23:30:46.955">
  <trace-info objectcount="596617" scancount="517620" scanbytes="13282940" />
  <finalization candidates="80" enqueued="0" />
  <ownableSynchronizers candidates="21" cleared="0" />
  <references type="soft" candidates="1849" cleared="0" enqueued="0" dynamicThreshold="19" maxThreshold="32" />
  <references type="weak" candidates="5762" cleared="0" enqueued="0" />
  <references type="phantom" candidates="101" cleared="0" enqueued="0" />
  <stringconstants candidates="13253" cleared="0"  />
</gc-op>
<gc-op id="5349" type="sweep" timems="0.765" contextid="5345" timestamp="2019-07-02T23:30:46.956" />
<gc-end id="5350" type="global" contextid="5345" durationms="10.452" usertimems="28.000" systemtimems="0.000" timestamp="2019-07-02T23:30:46.956" activeThreads="4">
  <mem-info id="5351" free="27857280" total="45875200" percent="60">
    <mem type="tenure" free="27857280" total="45875200" percent="60" micro-fragmented="111156" macro-fragmented="0">
      <mem type="soa" free="27398528" total="45416448" percent="60" />
      <mem type="loa" free="458752" total="458752" percent="100" />
    </mem>
  </mem-info>
</gc-end>
<cycle-end id="5352" type="global" contextid="5345" timestamp="2019-07-02T23:30:46.956">
  <attribute name="GC Util" value="189" />
  <attribute name="CPU Util" value="1967106416298" />
  <attribute name="Time Running"value="24501"/>
  <attribute name="Number of cores"value="4"/>
</cycle-end>
<allocation-satisfied id="5353" threadId="0000000001AB4700" bytesRequested="1168" />
<af-end id="5354" timestamp="2019-07-02T23:30:46.956" threadId="0000000001AB5088" success="true" />
<exclusive-end id="5355" timestamp="2019-07-02T23:30:46.956" durationms="11.043" />

<exclusive-start id="5356" timestamp="2019-07-02T23:30:46.959" intervalms="13.885">
  <response-info timems="0.166" idlems="0.166" threads="0" lastid="0000000001AB4700" lastname="main" />
</exclusive-start>
<af-start id="5357" threadId="0000000001AB5088" totalBytesRequested="1168" timestamp="2019-07-02T23:30:46.959" intervalms="13.850" />
<cycle-start id="5358" type="global" contextid="0" timestamp="2019-07-02T23:30:46.959" intervalms="13.843" />
  <attribute name="GC Util" value="189" />
  <attribute name="CPU Util" value="1967106416298" />
  <attribute name="Time Running"value="24501"/>
  <attribute name="Number of cores"value="4"/>
<gc-start id="5359" type="global" contextid="5358" timestamp="2019-07-02T23:30:46.959">
  <mem-info id="5360" free="458752" total="45875200" percent="1">
    <mem type="tenure" free="458752" total="45875200" percent="1">
      <mem type="soa" free="0" total="45416448" percent="0" />
      <mem type="loa" free="458752" total="458752" percent="100" />
    </mem>
  </mem-info>
</gc-start>
<allocation-stats totalBytes="27208240" >
  <allocated-bytes non-tlh="43216" tlh="27165024" />
  <largest-consumer threadName="main" threadId="0000000001AB4700" bytes="27208240" />
</allocation-stats>
<gc-op id="5361" type="mark" timems="8.824" contextid="5358" timestamp="2019-07-02T23:30:46.968">
  <trace-info objectcount="596617" scancount="517627" scanbytes="13282940" />
  <finalization candidates="80" enqueued="0" />
  <ownableSynchronizers candidates="21" cleared="0" />
  <references type="soft" candidates="1849" cleared="0" enqueued="0" dynamicThreshold="19" maxThreshold="32" />
  <references type="weak" candidates="5762" cleared="0" enqueued="0" />
  <references type="phantom" candidates="101" cleared="0" enqueued="0" />
  <stringconstants candidates="13253" cleared="0"  />
</gc-op>
<gc-op id="5362" type="sweep" timems="0.570" contextid="5358" timestamp="2019-07-02T23:30:46.969" />
<gc-end id="5363" type="global" contextid="5358" durationms="9.747" usertimems="24.000" systemtimems="0.000" timestamp="2019-07-02T23:30:46.969" activeThreads="4">
  <mem-info id="5364" free="27856736" total="45875200" percent="60">
    <mem type="tenure" free="27856736" total="45875200" percent="60" micro-fragmented="111156" macro-fragmented="0">
      <mem type="soa" free="27397984" total="45416448" percent="60" />
      <mem type="loa" free="458752" total="458752" percent="100" />
    </mem>
  </mem-info>
</gc-end>
<cycle-end id="5365" type="global" contextid="5358" timestamp="2019-07-02T23:30:46.969">
  <attribute name="GC Util" value="188" />
  <attribute name="CPU Util" value="2064454012412" />
  <attribute name="Time Running"value="24514"/>
  <attribute name="Number of cores"value="4"/>
</cycle-end>
<allocation-satisfied id="5366" threadId="0000000001AB4700" bytesRequested="1168" />
<af-end id="5367" timestamp="2019-07-02T23:30:46.969" threadId="0000000001AB5088" success="true" />
<exclusive-end id="5368" timestamp="2019-07-02T23:30:46.969" durationms="10.258" />

<exclusive-start id="5369" timestamp="2019-07-02T23:30:46.972" intervalms="13.072">
  <response-info timems="0.154" idlems="0.154" threads="0" lastid="0000000001AB4700" lastname="main" />
</exclusive-start>
<af-start id="5370" threadId="0000000001AB5088" totalBytesRequested="1168" timestamp="2019-07-02T23:30:46.972" intervalms="13.078" />
<cycle-start id="5371" type="global" contextid="0" timestamp="2019-07-02T23:30:46.972" intervalms="13.073" />
  <attribute name="GC Util" value="188" />
  <attribute name="CPU Util" value="2064454012412" />
  <attribute name="Time Running"value="24514"/>
  <attribute name="Number of cores"value="4"/>
<gc-start id="5372" type="global" contextid="5371" timestamp="2019-07-02T23:30:46.972">
  <mem-info id="5373" free="458752" total="45875200" percent="1">
    <mem type="tenure" free="458752" total="45875200" percent="1">
      <mem type="soa" free="0" total="45416448" percent="0" />
      <mem type="loa" free="458752" total="458752" percent="100" />
    </mem>
  </mem-info>
</gc-start>
<allocation-stats totalBytes="27205752" >
  <allocated-bytes non-tlh="43216" tlh="27162536" />
  <largest-consumer threadName="main" threadId="0000000001AB4700" bytes="27205752" />
</allocation-stats>
<gc-op id="5374" type="mark" timems="9.944" contextid="5371" timestamp="2019-07-02T23:30:46.982">
  <trace-info objectcount="596617" scancount="517614" scanbytes="13282940" />
  <finalization candidates="80" enqueued="0" />
  <ownableSynchronizers candidates="21" cleared="0" />
  <references type="soft" candidates="1849" cleared="0" enqueued="0" dynamicThreshold="19" maxThreshold="32" />
  <references type="weak" candidates="5762" cleared="0" enqueued="0" />
  <references type="phantom" candidates="101" cleared="0" enqueued="0" />
  <stringconstants candidates="13253" cleared="0"  />
</gc-op>
<gc-op id="5375" type="sweep" timems="0.734" contextid="5371" timestamp="2019-07-02T23:30:46.983" />
<gc-end id="5376" type="global" contextid="5371" durationms="11.019" usertimems="28.000" systemtimems="0.000" timestamp="2019-07-02T23:30:46.983" activeThreads="4">
  <mem-info id="5377" free="27857280" total="45875200" percent="60">
    <mem type="tenure" free="27857280" total="45875200" percent="60" micro-fragmented="111156" macro-fragmented="0">
      <mem type="soa" free="27398528" total="45416448" percent="60" />
      <mem type="loa" free="458752" total="458752" percent="100" />
    </mem>
  </mem-info>
</gc-end>
<cycle-end id="5378" type="global" contextid="5371" timestamp="2019-07-02T23:30:46.983">
  <attribute name="GC Util" value="186" />
  <attribute name="CPU Util" value="1836701548441" />
  <attribute name="Time Running"value="24528"/>
  <attribute name="Number of cores"value="4"/>
</cycle-end>
<allocation-satisfied id="5379" threadId="0000000001AB4700" bytesRequested="1168" />
<af-end id="5380" timestamp="2019-07-02T23:30:46.983" threadId="0000000001AB5088" success="true" />
<exclusive-end id="5381" timestamp="2019-07-02T23:30:46.983" durationms="11.542" />

<exclusive-start id="5382" timestamp="2019-07-02T23:30:46.986" intervalms="14.354">
  <response-info timems="0.144" idlems="0.144" threads="0" lastid="0000000001AB4700" lastname="main" />
</exclusive-start>
<af-start id="5383" threadId="0000000001AB5088" totalBytesRequested="1168" timestamp="2019-07-02T23:30:46.986" intervalms="14.352" />
<cycle-start id="5384" type="global" contextid="0" timestamp="2019-07-02T23:30:46.986" intervalms="14.346" />
  <attribute name="GC Util" value="186" />
  <attribute name="CPU Util" value="1836701548441" />
  <attribute name="Time Running"value="24528"/>
  <attribute name="Number of cores"value="4"/>
<gc-start id="5385" type="global" contextid="5384" timestamp="2019-07-02T23:30:46.986">
  <mem-info id="5386" free="458752" total="45875200" percent="1">
    <mem type="tenure" free="458752" total="45875200" percent="1">
      <mem type="soa" free="0" total="45416448" percent="0" />
      <mem type="loa" free="458752" total="458752" percent="100" />
    </mem>
  </mem-info>
</gc-start>
<allocation-stats totalBytes="27208240" >
  <allocated-bytes non-tlh="43216" tlh="27165024" />
  <largest-consumer threadName="main" threadId="0000000001AB4700" bytes="27208240" />
</allocation-stats>
<gc-op id="5387" type="mark" timems="9.324" contextid="5384" timestamp="2019-07-02T23:30:46.996">
  <trace-info objectcount="596617" scancount="517638" scanbytes="13282940" />
  <finalization candidates="80" enqueued="0" />
  <ownableSynchronizers candidates="21" cleared="0" />
  <references type="soft" candidates="1849" cleared="0" enqueued="0" dynamicThreshold="19" maxThreshold="32" />
  <references type="weak" candidates="5762" cleared="0" enqueued="0" />
  <references type="phantom" candidates="101" cleared="0" enqueued="0" />
  <stringconstants candidates="13253" cleared="0"  />
</gc-op>
<gc-op id="5388" type="sweep" timems="0.568" contextid="5384" timestamp="2019-07-02T23:30:46.997" />
<gc-end id="5389" type="global" contextid="5384" durationms="10.235" usertimems="24.000" systemtimems="4.000" timestamp="2019-07-02T23:30:46.997" activeThreads="4">
  <mem-info id="5390" free="27856736" total="45875200" percent="60">
    <mem type="tenure" free="27856736" total="45875200" percent="60" micro-fragmented="111156" macro-fragmented="0">
      <mem type="soa" free="27397984" total="45416448" percent="60" />
      <mem type="loa" free="458752" total="458752" percent="100" />
    </mem>
  </mem-info>
</gc-end>
<cycle-end id="5391" type="global" contextid="5384" timestamp="2019-07-02T23:30:46.997">
  <attribute name="GC Util" value="190" />
  <attribute name="CPU Util" value="1956919070382" />
  <attribute name="Time Running"value="24542"/>
  <attribute name="Number of cores"value="4"/>
</cycle-end>
<allocation-satisfied id="5392" threadId="0000000001AB4700" bytesRequested="1168" />
<af-end id="5393" timestamp="2019-07-02T23:30:46.997" threadId="0000000001AB5088" success="true" />
<exclusive-end id="5394" timestamp="2019-07-02T23:30:46.997" durationms="10.729" />

<exclusive-start id="5395" timestamp="2019-07-02T23:30:47.000" intervalms="13.516">
  <response-info timems="0.152" idlems="0.152" threads="0" lastid="0000000001AB4700" lastname="main" />
</exclusive-start>
<af-start id="5396" threadId="0000000001AB5088" totalBytesRequested="1168" timestamp="2019-07-02T23:30:47.000" intervalms="13.514" />
<cycle-start id="5397" type="global" contextid="0" timestamp="2019-07-02T23:30:47.000" intervalms="13.514" />
  <attribute name="GC Util" value="190" />
  <attribute name="CPU Util" value="1956919070382" />
  <attribute name="Time Running"value="24542"/>
  <attribute name="Number of cores"value="4"/>
<gc-start id="5398" type="global" contextid="5397" timestamp="2019-07-02T23:30:47.000">
  <mem-info id="5399" free="458752" total="45875200" percent="1">
    <mem type="tenure" free="458752" total="45875200" percent="1">
      <mem type="soa" free="0" total="45416448" percent="0" />
      <mem type="loa" free="458752" total="458752" percent="100" />
    </mem>
  </mem-info>
</gc-start>
<allocation-stats totalBytes="27205752" >
  <allocated-bytes non-tlh="43216" tlh="27162536" />
  <largest-consumer threadName="main" threadId="0000000001AB4700" bytes="27205752" />
</allocation-stats>
<gc-op id="5400" type="mark" timems="9.238" contextid="5397" timestamp="2019-07-02T23:30:47.009">
  <trace-info objectcount="596617" scancount="517612" scanbytes="13282940" />
  <finalization candidates="80" enqueued="0" />
  <ownableSynchronizers candidates="21" cleared="0" />
  <references type="soft" candidates="1849" cleared="0" enqueued="0" dynamicThreshold="19" maxThreshold="32" />
  <references type="weak" candidates="5762" cleared="0" enqueued="0" />
  <references type="phantom" candidates="101" cleared="0" enqueued="0" />
  <stringconstants candidates="13253" cleared="0"  />
</gc-op>
<gc-op id="5401" type="sweep" timems="0.747" contextid="5397" timestamp="2019-07-02T23:30:47.010" />
<gc-end id="5402" type="global" contextid="5397" durationms="10.347" usertimems="24.000" systemtimems="4.000" timestamp="2019-07-02T23:30:47.010" activeThreads="4">
  <mem-info id="5403" free="27857280" total="45875200" percent="60">
    <mem type="tenure" free="27857280" total="45875200" percent="60" micro-fragmented="111156" macro-fragmented="0">
      <mem type="soa" free="27398528" total="45416448" percent="60" />
      <mem type="loa" free="458752" total="458752" percent="100" />
    </mem>
  </mem-info>
</gc-end>
<cycle-end id="5404" type="global" contextid="5397" timestamp="2019-07-02T23:30:47.010">
  <attribute name="GC Util" value="187" />
  <attribute name="CPU Util" value="1974226816595" />
  <attribute name="Time Running"value="24555"/>
  <attribute name="Number of cores"value="4"/>
</cycle-end>
<allocation-satisfied id="5405" threadId="0000000001AB4700" bytesRequested="1168" />
<af-end id="5406" timestamp="2019-07-02T23:30:47.011" threadId="0000000001AB5088" success="true" />
<exclusive-end id="5407" timestamp="2019-07-02T23:30:47.011" durationms="10.836" />

<exclusive-start id="5408" timestamp="2019-07-02T23:30:47.013" intervalms="13.569">
  <response-info timems="0.078" idlems="0.078" threads="0" lastid="0000000001AB4700" lastname="main" />
</exclusive-start>
<af-start id="5409" threadId="0000000001AB5088" totalBytesRequested="1168" timestamp="2019-07-02T23:30:47.013" intervalms="13.565" />
<cycle-start id="5410" type="global" contextid="0" timestamp="2019-07-02T23:30:47.013" intervalms="13.573" />
  <attribute name="GC Util" value="187" />
  <attribute name="CPU Util" value="1974226816595" />
  <attribute name="Time Running"value="24555"/>
  <attribute name="Number of cores"value="4"/>
<gc-start id="5411" type="global" contextid="5410" timestamp="2019-07-02T23:30:47.014">
  <mem-info id="5412" free="458752" total="45875200" percent="1">
    <mem type="tenure" free="458752" total="45875200" percent="1">
      <mem type="soa" free="0" total="45416448" percent="0" />
      <mem type="loa" free="458752" total="458752" percent="100" />
    </mem>
  </mem-info>
</gc-start>
<allocation-stats totalBytes="27208240" >
  <allocated-bytes non-tlh="43216" tlh="27165024" />
  <largest-consumer threadName="main" threadId="0000000001AB4700" bytes="27208240" />
</allocation-stats>
<gc-op id="5413" type="mark" timems="9.035" contextid="5410" timestamp="2019-07-02T23:30:47.023">
  <trace-info objectcount="596617" scancount="517606" scanbytes="13282940" />
  <finalization candidates="80" enqueued="0" />
  <ownableSynchronizers candidates="21" cleared="0" />
  <references type="soft" candidates="1849" cleared="0" enqueued="0" dynamicThreshold="19" maxThreshold="32" />
  <references type="weak" candidates="5762" cleared="0" enqueued="0" />
  <references type="phantom" candidates="101" cleared="0" enqueued="0" />
  <stringconstants candidates="13253" cleared="0"  />
</gc-op>
<gc-op id="5414" type="sweep" timems="0.607" contextid="5410" timestamp="2019-07-02T23:30:47.023" />
<gc-end id="5415" type="global" contextid="5410" durationms="9.992" usertimems="28.000" systemtimems="0.000" timestamp="2019-07-02T23:30:47.024" activeThreads="4">
  <mem-info id="5416" free="27856736" total="45875200" percent="60">
    <mem type="tenure" free="27856736" total="45875200" percent="60" micro-fragmented="111156" macro-fragmented="0">
      <mem type="soa" free="27397984" total="45416448" percent="60" />
      <mem type="loa" free="458752" total="458752" percent="100" />
    </mem>
  </mem-info>
</gc-end>
<cycle-end id="5417" type="global" contextid="5410" timestamp="2019-07-02T23:30:47.024">
  <attribute name="GC Util" value="189" />
  <attribute name="CPU Util" value="2019032275614" />
  <attribute name="Time Running"value="24569"/>
  <attribute name="Number of cores"value="4"/>
</cycle-end>
<allocation-satisfied id="5418" threadId="0000000001AB4700" bytesRequested="1168" />
<af-end id="5419" timestamp="2019-07-02T23:30:47.024" threadId="0000000001AB5088" success="true" />
<exclusive-end id="5420" timestamp="2019-07-02T23:30:47.024" durationms="10.491" />

<exclusive-start id="5421" timestamp="2019-07-02T23:30:47.027" intervalms="13.282">
  <response-info timems="0.108" idlems="0.108" threads="0" lastid="0000000001AB4700" lastname="main" />
</exclusive-start>
<af-start id="5422" threadId="0000000001AB5088" totalBytesRequested="1168" timestamp="2019-07-02T23:30:47.027" intervalms="13.284" />
<cycle-start id="5423" type="global" contextid="0" timestamp="2019-07-02T23:30:47.027" intervalms="13.282" />
  <attribute name="GC Util" value="189" />
  <attribute name="CPU Util" value="2019032275614" />
  <attribute name="Time Running"value="24569"/>
  <attribute name="Number of cores"value="4"/>
<gc-start id="5424" type="global" contextid="5423" timestamp="2019-07-02T23:30:47.027">
  <mem-info id="5425" free="458752" total="45875200" percent="1">
    <mem type="tenure" free="458752" total="45875200" percent="1">
      <mem type="soa" free="0" total="45416448" percent="0" />
      <mem type="loa" free="458752" total="458752" percent="100" />
    </mem>
  </mem-info>
</gc-start>
<allocation-stats totalBytes="27205752" >
  <allocated-bytes non-tlh="43216" tlh="27162536" />
  <largest-consumer threadName="main" threadId="0000000001AB4700" bytes="27205752" />
</allocation-stats>
<gc-op id="5426" type="mark" timems="9.709" contextid="5423" timestamp="2019-07-02T23:30:47.037">
  <trace-info objectcount="596617" scancount="517614" scanbytes="13282940" />
  <finalization candidates="80" enqueued="0" />
  <ownableSynchronizers candidates="21" cleared="0" />
  <references type="soft" candidates="1849" cleared="0" enqueued="0" dynamicThreshold="19" maxThreshold="32" />
  <references type="weak" candidates="5762" cleared="0" enqueued="0" />
  <references type="phantom" candidates="101" cleared="0" enqueued="0" />
  <stringconstants candidates="13253" cleared="0"  />
</gc-op>
<gc-op id="5427" type="sweep" timems="0.773" contextid="5423" timestamp="2019-07-02T23:30:47.038" />
<gc-end id="5428" type="global" contextid="5423" durationms="10.833" usertimems="40.000" systemtimems="0.000" timestamp="2019-07-02T23:30:47.038" activeThreads="4">
  <mem-info id="5429" free="27857280" total="45875200" percent="60">
    <mem type="tenure" free="27857280" total="45875200" percent="60" micro-fragmented="111156" macro-fragmented="0">
      <mem type="soa" free="27398528" total="45416448" percent="60" />
      <mem type="loa" free="458752" total="458752" percent="100" />
    </mem>
  </mem-info>
</gc-end>
<cycle-end id="5430" type="global" contextid="5423" timestamp="2019-07-02T23:30:47.038">
  <attribute name="GC Util" value="190" />
  <attribute name="CPU Util" value="1876581058503" />
  <attribute name="Time Running"value="24583"/>
  <attribute name="Number of cores"value="4"/>
</cycle-end>
<allocation-satisfied id="5431" threadId="0000000001AB4700" bytesRequested="1168" />
<af-end id="5432" timestamp="2019-07-02T23:30:47.038" threadId="0000000001AB5088" success="true" />
<exclusive-end id="5433" timestamp="2019-07-02T23:30:47.038" durationms="11.336" />

<exclusive-start id="5434" timestamp="2019-07-02T23:30:47.041" intervalms="14.069">
  <response-info timems="0.099" idlems="0.099" threads="0" lastid="0000000001AB4700" lastname="main" />
</exclusive-start>
<af-start id="5435" threadId="0000000001AB5088" totalBytesRequested="1168" timestamp="2019-07-02T23:30:47.041" intervalms="14.057" />
<cycle-start id="5436" type="global" contextid="0" timestamp="2019-07-02T23:30:47.041" intervalms="14.051" />
  <attribute name="GC Util" value="190" />
  <attribute name="CPU Util" value="1876581058503" />
  <attribute name="Time Running"value="24583"/>
  <attribute name="Number of cores"value="4"/>
<gc-start id="5437" type="global" contextid="5436" timestamp="2019-07-02T23:30:47.041">
  <mem-info id="5438" free="458752" total="45875200" percent="1">
    <mem type="tenure" free="458752" total="45875200" percent="1">
      <mem type="soa" free="0" total="45416448" percent="0" />
      <mem type="loa" free="458752" total="458752" percent="100" />
    </mem>
  </mem-info>
</gc-start>
<allocation-stats totalBytes="27208240" >
  <allocated-bytes non-tlh="43216" tlh="27165024" />
  <largest-consumer threadName="main" threadId="0000000001AB4700" bytes="27208240" />
</allocation-stats>
<gc-op id="5439" type="mark" timems="8.963" contextid="5436" timestamp="2019-07-02T23:30:47.050">
  <trace-info objectcount="596617" scancount="517631" scanbytes="13282940" />
  <finalization candidates="80" enqueued="0" />
  <ownableSynchronizers candidates="21" cleared="0" />
  <references type="soft" candidates="1849" cleared="0" enqueued="0" dynamicThreshold="19" maxThreshold="32" />
  <references type="weak" candidates="5762" cleared="0" enqueued="0" />
  <references type="phantom" candidates="101" cleared="0" enqueued="0" />
  <stringconstants candidates="13253" cleared="0"  />
</gc-op>
<gc-op id="5440" type="sweep" timems="0.550" contextid="5436" timestamp="2019-07-02T23:30:47.051" />
<gc-end id="5441" type="global" contextid="5436" durationms="9.860" usertimems="24.000" systemtimems="12.000" timestamp="2019-07-02T23:30:47.051" activeThreads="4">
  <mem-info id="5442" free="27856736" total="45875200" percent="60">
    <mem type="tenure" free="27856736" total="45875200" percent="60" micro-fragmented="111156" macro-fragmented="0">
      <mem type="soa" free="27397984" total="45416448" percent="60" />
      <mem type="loa" free="458752" total="458752" percent="100" />
    </mem>
  </mem-info>
</gc-end>
<cycle-end id="5443" type="global" contextid="5436" timestamp="2019-07-02T23:30:47.051">
  <attribute name="GC Util" value="197" />
  <attribute name="CPU Util" value="2033571093089" />
  <attribute name="Time Running"value="24596"/>
  <attribute name="Number of cores"value="4"/>
</cycle-end>
<allocation-satisfied id="5444" threadId="0000000001AB4700" bytesRequested="1168" />
<af-end id="5445" timestamp="2019-07-02T23:30:47.051" threadId="0000000001AB5088" success="true" />
<exclusive-end id="5446" timestamp="2019-07-02T23:30:47.051" durationms="10.338" />

<exclusive-start id="5447" timestamp="2019-07-02T23:30:47.054" intervalms="13.114">
  <response-info timems="0.071" idlems="0.071" threads="0" lastid="0000000001AB4700" lastname="main" />
</exclusive-start>
<af-start id="5448" threadId="0000000001AB5088" totalBytesRequested="1168" timestamp="2019-07-02T23:30:47.054" intervalms="13.133" />
<cycle-start id="5449" type="global" contextid="0" timestamp="2019-07-02T23:30:47.054" intervalms="13.132" />
  <attribute name="GC Util" value="197" />
  <attribute name="CPU Util" value="2033571093089" />
  <attribute name="Time Running"value="24596"/>
  <attribute name="Number of cores"value="4"/>
<gc-start id="5450" type="global" contextid="5449" timestamp="2019-07-02T23:30:47.054">
  <mem-info id="5451" free="458752" total="45875200" percent="1">
    <mem type="tenure" free="458752" total="45875200" percent="1">
      <mem type="soa" free="0" total="45416448" percent="0" />
      <mem type="loa" free="458752" total="458752" percent="100" />
    </mem>
  </mem-info>
</gc-start>
<allocation-stats totalBytes="27205752" >
  <allocated-bytes non-tlh="43216" tlh="27162536" />
  <largest-consumer threadName="main" threadId="0000000001AB4700" bytes="27205752" />
</allocation-stats>
<gc-op id="5452" type="mark" timems="7.067" contextid="5449" timestamp="2019-07-02T23:30:47.061">
  <trace-info objectcount="596265" scancount="517259" scanbytes="13271584" />
  <finalization candidates="80" enqueued="0" />
  <ownableSynchronizers candidates="21" cleared="0" />
  <references type="soft" candidates="1849" cleared="6" enqueued="6" dynamicThreshold="19" maxThreshold="32" />
  <references type="weak" candidates="5762" cleared="0" enqueued="0" />
  <references type="phantom" candidates="101" cleared="0" enqueued="0" />
  <stringconstants candidates="13253" cleared="0"  />
</gc-op>
<gc-op id="5453" type="sweep" timems="0.577" contextid="5449" timestamp="2019-07-02T23:30:47.062" />
<gc-end id="5454" type="global" contextid="5449" durationms="8.017" usertimems="20.000" systemtimems="4.000" timestamp="2019-07-02T23:30:47.062" activeThreads="4">
  <mem-info id="5455" free="27874456" total="45875200" percent="60">
    <mem type="tenure" free="27874456" total="45875200" percent="60" micro-fragmented="96497" macro-fragmented="0">
      <mem type="soa" free="27415704" total="45416448" percent="60" />
      <mem type="loa" free="458752" total="458752" percent="100" />
    </mem>
    <pending-finalizers system="0" default="0" reference="6" classloader="0" />
  </mem-info>
</gc-end>
<cycle-end id="5456" type="global" contextid="5449" timestamp="2019-07-02T23:30:47.062">
  <attribute name="GC Util" value="278" />
  <attribute name="CPU Util" value="2572234402762" />
  <attribute name="Time Running"value="24607"/>
  <attribute name="Number of cores"value="4"/>
</cycle-end>
<allocation-satisfied id="5457" threadId="0000000001AB4700" bytesRequested="1168" />
<af-end id="5458" timestamp="2019-07-02T23:30:47.062" threadId="0000000001AB5088" success="true" />
<exclusive-end id="5459" timestamp="2019-07-02T23:30:47.062" durationms="8.515" />

<exclusive-start id="5460" timestamp="2019-07-02T23:30:47.065" intervalms="11.285">
  <response-info timems="0.082" idlems="0.082" threads="0" lastid="0000000001AB4700" lastname="main" />
</exclusive-start>
<af-start id="5461" threadId="0000000001AB5088" totalBytesRequested="1168" timestamp="2019-07-02T23:30:47.065" intervalms="11.314" />
<cycle-start id="5462" type="global" contextid="0" timestamp="2019-07-02T23:30:47.065" intervalms="11.325" />
  <attribute name="GC Util" value="278" />
  <attribute name="CPU Util" value="2572234402762" />
  <attribute name="Time Running"value="24607"/>
  <attribute name="Number of cores"value="4"/>
<gc-start id="5463" type="global" contextid="5462" timestamp="2019-07-02T23:30:47.065">
  <mem-info id="5464" free="458752" total="45875200" percent="1">
    <mem type="tenure" free="458752" total="45875200" percent="1">
      <mem type="soa" free="0" total="45416448" percent="0" />
      <mem type="loa" free="458752" total="458752" percent="100" />
    </mem>
  </mem-info>
</gc-start>
<allocation-stats totalBytes="27224256" >
  <allocated-bytes non-tlh="43216" tlh="27181040" />
  <largest-consumer threadName="main" threadId="0000000001AB4700" bytes="27224256" />
</allocation-stats>
<gc-op id="5465" type="mark" timems="7.095" contextid="5462" timestamp="2019-07-02T23:30:47.073">
  <trace-info objectcount="596251" scancount="517245" scanbytes="13271056" />
  <finalization candidates="80" enqueued="0" />
  <ownableSynchronizers candidates="21" cleared="0" />
  <references type="soft" candidates="1843" cleared="0" enqueued="0" dynamicThreshold="19" maxThreshold="32" />
  <references type="weak" candidates="5762" cleared="0" enqueued="0" />
  <references type="phantom" candidates="101" cleared="0" enqueued="0" />
  <stringconstants candidates="13253" cleared="0"  />
</gc-op>
<gc-op id="5466" type="sweep" timems="0.630" contextid="5462" timestamp="2019-07-02T23:30:47.073" />
<gc-end id="5467" type="global" contextid="5462" durationms="8.079" usertimems="28.000" systemtimems="0.000" timestamp="2019-07-02T23:30:47.073" activeThreads="4">
  <mem-info id="5468" free="27876280" total="45875200" percent="60">
    <mem type="tenure" free="27876280" total="45875200" percent="60" micro-fragmented="95740" macro-fragmented="0">
      <mem type="soa" free="27417528" total="45416448" percent="60" />
      <mem type="loa" free="458752" total="458752" percent="100" />
    </mem>
  </mem-info>
</gc-end>
<cycle-end id="5469" type="global" contextid="5462" timestamp="2019-07-02T23:30:47.074">
  <attribute name="GC Util" value="274" />
  <attribute name="CPU Util" value="2561905667085" />
  <attribute name="Time Running"value="24619"/>
  <attribute name="Number of cores"value="4"/>
</cycle-end>
<allocation-satisfied id="5470" threadId="0000000001AB4700" bytesRequested="1168" />
<af-end id="5471" timestamp="2019-07-02T23:30:47.074" threadId="0000000001AB5088" success="true" />
<exclusive-end id="5472" timestamp="2019-07-02T23:30:47.074" durationms="8.632" />

<exclusive-start id="5473" timestamp="2019-07-02T23:30:47.076" intervalms="11.447">
  <response-info timems="0.153" idlems="0.153" threads="0" lastid="0000000001AB4700" lastname="main" />
</exclusive-start>
<af-start id="5474" threadId="0000000001AB5088" totalBytesRequested="1168" timestamp="2019-07-02T23:30:47.077" intervalms="11.412" />
<cycle-start id="5475" type="global" contextid="0" timestamp="2019-07-02T23:30:47.077" intervalms="11.402" />
  <attribute name="GC Util" value="274" />
  <attribute name="CPU Util" value="2561905667085" />
  <attribute name="Time Running"value="24619"/>
  <attribute name="Number of cores"value="4"/>
<gc-start id="5476" type="global" contextid="5475" timestamp="2019-07-02T23:30:47.077">
  <mem-info id="5477" free="458752" total="45875200" percent="1">
    <mem type="tenure" free="458752" total="45875200" percent="1">
      <mem type="soa" free="0" total="45416448" percent="0" />
      <mem type="loa" free="458752" total="458752" percent="100" />
    </mem>
  </mem-info>
</gc-start>
<allocation-stats totalBytes="27224256" >
  <allocated-bytes non-tlh="45552" tlh="27178704" />
  <largest-consumer threadName="main" threadId="0000000001AB4700" bytes="27224256" />
</allocation-stats>
<gc-op id="5478" type="mark" timems="7.058" contextid="5475" timestamp="2019-07-02T23:30:47.084">
  <trace-info objectcount="596251" scancount="517257" scanbytes="13271056" />
  <finalization candidates="80" enqueued="0" />
  <ownableSynchronizers candidates="21" cleared="0" />
  <references type="soft" candidates="1843" cleared="0" enqueued="0" dynamicThreshold="19" maxThreshold="32" />
  <references type="weak" candidates="5762" cleared="0" enqueued="0" />
  <references type="phantom" candidates="101" cleared="0" enqueued="0" />
  <stringconstants candidates="13253" cleared="0"  />
</gc-op>
<gc-op id="5479" type="sweep" timems="0.570" contextid="5475" timestamp="2019-07-02T23:30:47.085" />
<gc-end id="5480" type="global" contextid="5475" durationms="7.976" usertimems="28.000" systemtimems="0.000" timestamp="2019-07-02T23:30:47.085" activeThreads="4">
  <mem-info id="5481" free="27876280" total="45875200" percent="60">
    <mem type="tenure" free="27876280" total="45875200" percent="60" micro-fragmented="95740" macro-fragmented="0">
      <mem type="soa" free="27417528" total="45416448" percent="60" />
      <mem type="loa" free="458752" total="458752" percent="100" />
    </mem>
  </mem-info>
</gc-end>
<cycle-end id="5482" type="global" contextid="5475" timestamp="2019-07-02T23:30:47.085">
  <attribute name="GC Util" value="281" />
  <attribute name="CPU Util" value="2575330981979" />
  <attribute name="Time Running"value="24630"/>
  <attribute name="Number of cores"value="4"/>
</cycle-end>
<allocation-satisfied id="5483" threadId="0000000001AB4700" bytesRequested="1168" />
<af-end id="5484" timestamp="2019-07-02T23:30:47.085" threadId="0000000001AB5088" success="true" />
<exclusive-end id="5485" timestamp="2019-07-02T23:30:47.085" durationms="8.480" />

<exclusive-start id="5486" timestamp="2019-07-02T23:30:47.088" intervalms="11.195">
  <response-info timems="0.081" idlems="0.081" threads="0" lastid="0000000001AB4700" lastname="main" />
</exclusive-start>
<af-start id="5487" threadId="0000000001AB5088" totalBytesRequested="1168" timestamp="2019-07-02T23:30:47.088" intervalms="11.208" />
<cycle-start id="5488" type="global" contextid="0" timestamp="2019-07-02T23:30:47.088" intervalms="11.208" />
  <attribute name="GC Util" value="281" />
  <attribute name="CPU Util" value="2575330981979" />
  <attribute name="Time Running"value="24630"/>
  <attribute name="Number of cores"value="4"/>
<gc-start id="5489" type="global" contextid="5488" timestamp="2019-07-02T23:30:47.088">
  <mem-info id="5490" free="458752" total="45875200" percent="1">
    <mem type="tenure" free="458752" total="45875200" percent="1">
      <mem type="soa" free="0" total="45416448" percent="0" />
      <mem type="loa" free="458752" total="458752" percent="100" />
    </mem>
  </mem-info>
</gc-start>
<allocation-stats totalBytes="27221768" >
  <allocated-bytes non-tlh="45552" tlh="27176216" />
  <largest-consumer threadName="main" threadId="0000000001AB4700" bytes="27221768" />
</allocation-stats>
<gc-op id="5491" type="mark" timems="7.029" contextid="5488" timestamp="2019-07-02T23:30:47.095">
  <trace-info objectcount="596251" scancount="517248" scanbytes="13271056" />
  <finalization candidates="80" enqueued="0" />
  <ownableSynchronizers candidates="21" cleared="0" />
  <references type="soft" candidates="1843" cleared="0" enqueued="0" dynamicThreshold="19" maxThreshold="32" />
  <references type="weak" candidates="5762" cleared="0" enqueued="0" />
  <references type="phantom" candidates="101" cleared="0" enqueued="0" />
  <stringconstants candidates="13253" cleared="0"  />
</gc-op>
<gc-op id="5492" type="sweep" timems="0.611" contextid="5488" timestamp="2019-07-02T23:30:47.096" />
<gc-end id="5493" type="global" contextid="5488" durationms="7.984" usertimems="28.000" systemtimems="0.000" timestamp="2019-07-02T23:30:47.096" activeThreads="4">
  <mem-info id="5494" free="27876280" total="45875200" percent="60">
    <mem type="tenure" free="27876280" total="45875200" percent="60" micro-fragmented="95740" macro-fragmented="0">
      <mem type="soa" free="27417528" total="45416448" percent="60" />
      <mem type="loa" free="458752" total="458752" percent="100" />
    </mem>
  </mem-info>
</gc-end>
<cycle-end id="5495" type="global" contextid="5488" timestamp="2019-07-02T23:30:47.096">
  <attribute name="GC Util" value="282" />
  <attribute name="CPU Util" value="2587323271911" />
  <attribute name="Time Running"value="24641"/>
  <attribute name="Number of cores"value="4"/>
</cycle-end>
<allocation-satisfied id="5496" threadId="0000000001AB4700" bytesRequested="1168" />
<af-end id="5497" timestamp="2019-07-02T23:30:47.096" threadId="0000000001AB5088" success="true" />
<exclusive-end id="5498" timestamp="2019-07-02T23:30:47.096" durationms="8.488" />

<exclusive-start id="5499" timestamp="2019-07-02T23:30:47.099" intervalms="11.234">
  <response-info timems="0.087" idlems="0.087" threads="0" lastid="0000000001AB4700" lastname="main" />
</exclusive-start>
<af-start id="5500" threadId="0000000001AB5088" totalBytesRequested="1168" timestamp="2019-07-02T23:30:47.099" intervalms="11.229" />
<cycle-start id="5501" type="global" contextid="0" timestamp="2019-07-02T23:30:47.099" intervalms="11.234" />
  <attribute name="GC Util" value="282" />
  <attribute name="CPU Util" value="2587323271911" />
  <attribute name="Time Running"value="24641"/>
  <attribute name="Number of cores"value="4"/>
<gc-start id="5502" type="global" contextid="5501" timestamp="2019-07-02T23:30:47.099">
  <mem-info id="5503" free="458752" total="45875200" percent="1">
    <mem type="tenure" free="458752" total="45875200" percent="1">
      <mem type="soa" free="0" total="45416448" percent="0" />
      <mem type="loa" free="458752" total="458752" percent="100" />
    </mem>
  </mem-info>
</gc-start>
<allocation-stats totalBytes="27221792" >
  <allocated-bytes non-tlh="45552" tlh="27176240" />
  <largest-consumer threadName="main" threadId="0000000001AB4700" bytes="27221792" />
</allocation-stats>
<gc-op id="5504" type="mark" timems="7.000" contextid="5501" timestamp="2019-07-02T23:30:47.106">
  <trace-info objectcount="596251" scancount="517261" scanbytes="13271056" />
  <finalization candidates="80" enqueued="0" />
  <ownableSynchronizers candidates="21" cleared="0" />
  <references type="soft" candidates="1843" cleared="0" enqueued="0" dynamicThreshold="19" maxThreshold="32" />
  <references type="weak" candidates="5762" cleared="0" enqueued="0" />
  <references type="phantom" candidates="101" cleared="0" enqueued="0" />
  <stringconstants candidates="13253" cleared="0"  />
</gc-op>
<gc-op id="5505" type="sweep" timems="0.610" contextid="5501" timestamp="2019-07-02T23:30:47.107" />
<gc-end id="5506" type="global" contextid="5501" durationms="7.971" usertimems="24.000" systemtimems="4.000" timestamp="2019-07-02T23:30:47.107" activeThreads="4">
  <mem-info id="5507" free="27876280" total="45875200" percent="60">
    <mem type="tenure" free="27876280" total="45875200" percent="60" micro-fragmented="95740" macro-fragmented="0">
      <mem type="soa" free="27417528" total="45416448" percent="60" />
      <mem type="loa" free="458752" total="458752" percent="100" />
    </mem>
  </mem-info>
</gc-end>
<cycle-end id="5508" type="global" contextid="5501" timestamp="2019-07-02T23:30:47.107">
  <attribute name="GC Util" value="281" />
  <attribute name="CPU Util" value="2597713889380" />
  <attribute name="Time Running"value="24652"/>
  <attribute name="Number of cores"value="4"/>
</cycle-end>
<allocation-satisfied id="5509" threadId="0000000001AB4700" bytesRequested="1168" />
<af-end id="5510" timestamp="2019-07-02T23:30:47.107" threadId="0000000001AB5088" success="true" />
<exclusive-end id="5511" timestamp="2019-07-02T23:30:47.107" durationms="8.480" />

<exclusive-start id="5512" timestamp="2019-07-02T23:30:47.110" intervalms="11.251">
  <response-info timems="0.090" idlems="0.090" threads="0" lastid="0000000001AB4700" lastname="main" />
</exclusive-start>
<af-start id="5513" threadId="0000000001AB5088" totalBytesRequested="1168" timestamp="2019-07-02T23:30:47.110" intervalms="11.249" />
<cycle-start id="5514" type="global" contextid="0" timestamp="2019-07-02T23:30:47.110" intervalms="11.250" />
  <attribute name="GC Util" value="281" />
  <attribute name="CPU Util" value="2597713889380" />
  <attribute name="Time Running"value="24652"/>
  <attribute name="Number of cores"value="4"/>
<gc-start id="5515" type="global" contextid="5514" timestamp="2019-07-02T23:30:47.110">
  <mem-info id="5516" free="458752" total="45875200" percent="1">
    <mem type="tenure" free="458752" total="45875200" percent="1">
      <mem type="soa" free="0" total="45416448" percent="0" />
      <mem type="loa" free="458752" total="458752" percent="100" />
    </mem>
  </mem-info>
</gc-start>
<allocation-stats totalBytes="27224256" >
  <allocated-bytes non-tlh="45552" tlh="27178704" />
  <largest-consumer threadName="main" threadId="0000000001AB4700" bytes="27224256" />
</allocation-stats>
<gc-op id="5517" type="mark" timems="6.986" contextid="5514" timestamp="2019-07-02T23:30:47.118">
  <trace-info objectcount="596251" scancount="517258" scanbytes="13271056" />
  <finalization candidates="80" enqueued="0" />
  <ownableSynchronizers candidates="21" cleared="0" />
  <references type="soft" candidates="1843" cleared="0" enqueued="0" dynamicThreshold="19" maxThreshold="32" />
  <references type="weak" candidates="5762" cleared="0" enqueued="0" />
  <references type="phantom" candidates="101" cleared="0" enqueued="0" />
  <stringconstants candidates="13253" cleared="0"  />
</gc-op>
<gc-op id="5518" type="sweep" timems="0.561" contextid="5514" timestamp="2019-07-02T23:30:47.118" />
<gc-end id="5519" type="global" contextid="5514" durationms="7.890" usertimems="28.000" systemtimems="0.000" timestamp="2019-07-02T23:30:47.118" activeThreads="4">
  <mem-info id="5520" free="27876280" total="45875200" percent="60">
    <mem type="tenure" free="27876280" total="45875200" percent="60" micro-fragmented="95740" macro-fragmented="0">
      <mem type="soa" free="27417528" total="45416448" percent="60" />
      <mem type="loa" free="458752" total="458752" percent="100" />
    </mem>
  </mem-info>
</gc-end>
<cycle-end id="5521" type="global" contextid="5514" timestamp="2019-07-02T23:30:47.118">
  <attribute name="GC Util" value="280" />
  <attribute name="CPU Util" value="2601583028173" />
  <attribute name="Time Running"value="24664"/>
  <attribute name="Number of cores"value="4"/>
</cycle-end>
<allocation-satisfied id="5522" threadId="0000000001AB4700" bytesRequested="1168" />
<af-end id="5523" timestamp="2019-07-02T23:30:47.119" threadId="0000000001AB5088" success="true" />
<exclusive-end id="5524" timestamp="2019-07-02T23:30:47.119" durationms="8.414" />

<exclusive-start id="5525" timestamp="2019-07-02T23:30:47.122" intervalms="11.798">
  <response-info timems="0.144" idlems="0.144" threads="0" lastid="0000000001AB4700" lastname="main" />
</exclusive-start>
<af-start id="5526" threadId="0000000001AB5088" totalBytesRequested="1168" timestamp="2019-07-02T23:30:47.122" intervalms="11.804" />
<cycle-start id="5527" type="global" contextid="0" timestamp="2019-07-02T23:30:47.122" intervalms="11.805" />
  <attribute name="GC Util" value="280" />
  <attribute name="CPU Util" value="2601583028173" />
  <attribute name="Time Running"value="24664"/>
  <attribute name="Number of cores"value="4"/>
<gc-start id="5528" type="global" contextid="5527" timestamp="2019-07-02T23:30:47.122">
  <mem-info id="5529" free="458752" total="45875200" percent="1">
    <mem type="tenure" free="458752" total="45875200" percent="1">
      <mem type="soa" free="0" total="45416448" percent="0" />
      <mem type="loa" free="458752" total="458752" percent="100" />
    </mem>
  </mem-info>
</gc-start>
<allocation-stats totalBytes="27184232" >
  <allocated-bytes non-tlh="46720" tlh="27137512" />
  <largest-consumer threadName="main" threadId="0000000001AB4700" bytes="27184232" />
</allocation-stats>
<gc-op id="5530" type="mark" timems="6.892" contextid="5527" timestamp="2019-07-02T23:30:47.129">
  <trace-info objectcount="596251" scancount="517242" scanbytes="13271076" />
  <finalization candidates="80" enqueued="0" />
  <ownableSynchronizers candidates="21" cleared="0" />
  <references type="soft" candidates="1843" cleared="0" enqueued="0" dynamicThreshold="19" maxThreshold="32" />
  <references type="weak" candidates="5762" cleared="0" enqueued="0" />
  <references type="phantom" candidates="101" cleared="0" enqueued="0" />
  <stringconstants candidates="13253" cleared="0"  />
</gc-op>
<gc-op id="5531" type="sweep" timems="0.618" contextid="5527" timestamp="2019-07-02T23:30:47.130" />
<gc-end id="5532" type="global" contextid="5527" durationms="7.862" usertimems="24.000" systemtimems="4.000" timestamp="2019-07-02T23:30:47.130" activeThreads="4">
  <mem-info id="5533" free="27876152" total="45875200" percent="60">
    <mem type="tenure" free="27876152" total="45875200" percent="60" micro-fragmented="94819" macro-fragmented="0">
      <mem type="soa" free="27417400" total="45416448" percent="60" />
      <mem type="loa" free="458752" total="458752" percent="100" />
    </mem>
  </mem-info>
</gc-end>
<cycle-end id="5534" type="global" contextid="5527" timestamp="2019-07-02T23:30:47.130">
  <attribute name="GC Util" value="278" />
  <attribute name="CPU Util" value="2631768672414" />
  <attribute name="Time Running"value="24675"/>
  <attribute name="Number of cores"value="4"/>
</cycle-end>
<allocation-satisfied id="5535" threadId="0000000001AB4700" bytesRequested="1168" />
<af-end id="5536" timestamp="2019-07-02T23:30:47.130" threadId="0000000001AB5088" success="true" />
<exclusive-end id="5537" timestamp="2019-07-02T23:30:47.130" durationms="8.390" />

<exclusive-start id="5538" timestamp="2019-07-02T23:30:47.133" intervalms="11.243">
  <response-info timems="0.088" idlems="0.088" threads="0" lastid="0000000001AB4700" lastname="main" />
</exclusive-start>
<af-start id="5539" threadId="0000000001AB5088" totalBytesRequested="1168" timestamp="2019-07-02T23:30:47.133" intervalms="11.230" />
<cycle-start id="5540" type="global" contextid="0" timestamp="2019-07-02T23:30:47.133" intervalms="11.236" />
  <attribute name="GC Util" value="278" />
  <attribute name="CPU Util" value="2631768672414" />
  <attribute name="Time Running"value="24675"/>
  <attribute name="Number of cores"value="4"/>
<gc-start id="5541" type="global" contextid="5540" timestamp="2019-07-02T23:30:47.133">
  <mem-info id="5542" free="458752" total="45875200" percent="1">
    <mem type="tenure" free="458752" total="45875200" percent="1">
      <mem type="soa" free="0" total="45416448" percent="0" />
      <mem type="loa" free="458752" total="458752" percent="100" />
    </mem>
  </mem-info>
</gc-start>
<allocation-stats totalBytes="27152280" >
  <allocated-bytes non-tlh="45552" tlh="27106728" />
  <largest-consumer threadName="main" threadId="0000000001AB4700" bytes="27152280" />
</allocation-stats>
<gc-op id="5543" type="mark" timems="7.090" contextid="5540" timestamp="2019-07-02T23:30:47.141">
  <trace-info objectcount="596251" scancount="517246" scanbytes="13271076" />
  <finalization candidates="80" enqueued="0" />
  <ownableSynchronizers candidates="21" cleared="0" />
  <references type="soft" candidates="1843" cleared="0" enqueued="0" dynamicThreshold="19" maxThreshold="32" />
  <references type="weak" candidates="5762" cleared="0" enqueued="0" />
  <references type="phantom" candidates="101" cleared="0" enqueued="0" />
  <stringconstants candidates="13253" cleared="0"  />
</gc-op>
<gc-op id="5544" type="sweep" timems="0.623" contextid="5540" timestamp="2019-07-02T23:30:47.141" />
<gc-end id="5545" type="global" contextid="5540" durationms="8.053" usertimems="28.000" systemtimems="0.000" timestamp="2019-07-02T23:30:47.142" activeThreads="4">
  <mem-info id="5546" free="27876152" total="45875200" percent="60">
    <mem type="tenure" free="27876152" total="45875200" percent="60" micro-fragmented="94819" macro-fragmented="0">
      <mem type="soa" free="27417400" total="45416448" percent="60" />
      <mem type="loa" free="458752" total="458752" percent="100" />
    </mem>
  </mem-info>
</gc-end>
<cycle-end id="5547" type="global" contextid="5540" timestamp="2019-07-02T23:30:47.142">
  <attribute name="GC Util" value="277" />
  <attribute name="CPU Util" value="2561129187802" />
  <attribute name="Time Running"value="24687"/>
  <attribute name="Number of cores"value="4"/>
</cycle-end>
<allocation-satisfied id="5548" threadId="0000000001AB4700" bytesRequested="1168" />
<af-end id="5549" timestamp="2019-07-02T23:30:47.142" threadId="0000000001AB5088" success="true" />
<exclusive-end id="5550" timestamp="2019-07-02T23:30:47.142" durationms="8.598" />

<exclusive-start id="5551" timestamp="2019-07-02T23:30:47.145" intervalms="11.391">
  <response-info timems="0.093" idlems="0.093" threads="0" lastid="0000000001AB4700" lastname="main" />
</exclusive-start>
<af-start id="5552" threadId="0000000001AB5088" totalBytesRequested="1168" timestamp="2019-07-02T23:30:47.145" intervalms="11.389" />
<cycle-start id="5553" type="global" contextid="0" timestamp="2019-07-02T23:30:47.145" intervalms="11.376" />
  <attribute name="GC Util" value="277" />
  <attribute name="CPU Util" value="2561129187802" />
  <attribute name="Time Running"value="24687"/>
  <attribute name="Number of cores"value="4"/>
<gc-start id="5554" type="global" contextid="5553" timestamp="2019-07-02T23:30:47.145">
  <mem-info id="5555" free="458752" total="45875200" percent="1">
    <mem type="tenure" free="458752" total="45875200" percent="1">
      <mem type="soa" free="0" total="45416448" percent="0" />
      <mem type="loa" free="458752" total="458752" percent="100" />
    </mem>
  </mem-info>
</gc-start>
<allocation-stats totalBytes="27156600" >
  <allocated-bytes non-tlh="45552" tlh="27111048" />
  <largest-consumer threadName="main" threadId="0000000001AB4700" bytes="27156600" />
</allocation-stats>
<gc-op id="5556" type="mark" timems="7.221" contextid="5553" timestamp="2019-07-02T23:30:47.152">
  <trace-info objectcount="596252" scancount="517245" scanbytes="13271100" />
  <finalization candidates="80" enqueued="0" />
  <ownableSynchronizers candidates="21" cleared="0" />
  <references type="soft" candidates="1843" cleared="0" enqueued="0" dynamicThreshold="19" maxThreshold="32" />
  <references type="weak" candidates="5762" cleared="0" enqueued="0" />
  <references type="phantom" candidates="101" cleared="0" enqueued="0" />
  <stringconstants candidates="13253" cleared="0"  />
</gc-op>
<gc-op id="5557" type="sweep" timems="0.603" contextid="5553" timestamp="2019-07-02T23:30:47.153" />
<gc-end id="5558" type="global" contextid="5553" durationms="8.181" usertimems="24.000" systemtimems="4.000" timestamp="2019-07-02T23:30:47.153" activeThreads="4">
  <mem-info id="5559" free="27876128" total="45875200" percent="60">
    <mem type="tenure" free="27876128" total="45875200" percent="60" micro-fragmented="94819" macro-fragmented="0">
      <mem type="soa" free="27417376" total="45416448" percent="60" />
      <mem type="loa" free="458752" total="458752" percent="100" />
    </mem>
  </mem-info>
</gc-end>
<cycle-end id="5560" type="global" contextid="5553" timestamp="2019-07-02T23:30:47.153">
  <attribute name="GC Util" value="278" />
  <attribute name="CPU Util" value="2515204057230" />
  <attribute name="Time Running"value="24698"/>
  <attribute name="Number of cores"value="4"/>
</cycle-end>
<allocation-satisfied id="5561" threadId="0000000001AB4700" bytesRequested="1168" />
<af-end id="5562" timestamp="2019-07-02T23:30:47.153" threadId="0000000001AB5088" success="true" />
<exclusive-end id="5563" timestamp="2019-07-02T23:30:47.153" durationms="8.703" />

<exclusive-start id="5564" timestamp="2019-07-02T23:30:47.156" intervalms="11.481">
  <response-info timems="0.084" idlems="0.084" threads="0" lastid="0000000001AB4700" lastname="main" />
</exclusive-start>
<af-start id="5565" threadId="0000000001AB5088" totalBytesRequested="1168" timestamp="2019-07-02T23:30:47.156" intervalms="11.484" />
<cycle-start id="5566" type="global" contextid="0" timestamp="2019-07-02T23:30:47.156" intervalms="11.484" />
  <attribute name="GC Util" value="278" />
  <attribute name="CPU Util" value="2515204057230" />
  <attribute name="Time Running"value="24698"/>
  <attribute name="Number of cores"value="4"/>
<gc-start id="5567" type="global" contextid="5566" timestamp="2019-07-02T23:30:47.156">
  <mem-info id="5568" free="458752" total="45875200" percent="1">
    <mem type="tenure" free="458752" total="45875200" percent="1">
      <mem type="soa" free="0" total="45416448" percent="0" />
      <mem type="loa" free="458752" total="458752" percent="100" />
    </mem>
  </mem-info>
</gc-start>
<allocation-stats totalBytes="27161552" >
  <allocated-bytes non-tlh="45552" tlh="27116000" />
  <largest-consumer threadName="main" threadId="0000000001AB4700" bytes="27161552" />
</allocation-stats>
<gc-op id="5569" type="mark" timems="7.077" contextid="5566" timestamp="2019-07-02T23:30:47.164">
  <trace-info objectcount="596252" scancount="517250" scanbytes="13271100" />
  <finalization candidates="80" enqueued="0" />
  <ownableSynchronizers candidates="21" cleared="0" />
  <references type="soft" candidates="1843" cleared="0" enqueued="0" dynamicThreshold="19" maxThreshold="32" />
  <references type="weak" candidates="5762" cleared="0" enqueued="0" />
  <references type="phantom" candidates="101" cleared="0" enqueued="0" />
  <stringconstants candidates="13253" cleared="0"  />
</gc-op>
<gc-op id="5570" type="sweep" timems="0.571" contextid="5566" timestamp="2019-07-02T23:30:47.164" />
<gc-end id="5571" type="global" contextid="5566" durationms="7.991" usertimems="28.000" systemtimems="0.000" timestamp="2019-07-02T23:30:47.164" activeThreads="4">
  <mem-info id="5572" free="27876128" total="45875200" percent="60">
    <mem type="tenure" free="27876128" total="45875200" percent="60" micro-fragmented="94819" macro-fragmented="0">
      <mem type="soa" free="27417376" total="45416448" percent="60" />
      <mem type="loa" free="458752" total="458752" percent="100" />
    </mem>
  </mem-info>
</gc-end>
<cycle-end id="5573" type="global" contextid="5566" timestamp="2019-07-02T23:30:47.164">
  <attribute name="GC Util" value="283" />
  <attribute name="CPU Util" value="2568223500663" />
  <attribute name="Time Running"value="24710"/>
  <attribute name="Number of cores"value="4"/>
</cycle-end>
<allocation-satisfied id="5574" threadId="0000000001AB4700" bytesRequested="1168" />
<af-end id="5575" timestamp="2019-07-02T23:30:47.165" threadId="0000000001AB5088" success="true" />
<exclusive-end id="5576" timestamp="2019-07-02T23:30:47.165" durationms="8.501" />

<exclusive-start id="5577" timestamp="2019-07-02T23:30:47.167" intervalms="11.309">
  <response-info timems="0.089" idlems="0.089" threads="0" lastid="0000000001AB4700" lastname="main" />
</exclusive-start>
<af-start id="5578" threadId="0000000001AB5088" totalBytesRequested="1168" timestamp="2019-07-02T23:30:47.167" intervalms="11.314" />
<cycle-start id="5579" type="global" contextid="0" timestamp="2019-07-02T23:30:47.168" intervalms="11.314" />
  <attribute name="GC Util" value="283" />
  <attribute name="CPU Util" value="2568223500663" />
  <attribute name="Time Running"value="24710"/>
  <attribute name="Number of cores"value="4"/>
<gc-start id="5580" type="global" contextid="5579" timestamp="2019-07-02T23:30:47.168">
  <mem-info id="5581" free="458752" total="45875200" percent="1">
    <mem type="tenure" free="458752" total="45875200" percent="1">
      <mem type="soa" free="0" total="45416448" percent="0" />
      <mem type="loa" free="458752" total="458752" percent="100" />
    </mem>
  </mem-info>
</gc-start>
<allocation-stats totalBytes="27161528" >
  <allocated-bytes non-tlh="45552" tlh="27115976" />
  <largest-consumer threadName="main" threadId="0000000001AB4700" bytes="27161528" />
</allocation-stats>
<gc-op id="5582" type="mark" timems="7.296" contextid="5579" timestamp="2019-07-02T23:30:47.175">
  <trace-info objectcount="596252" scancount="517252" scanbytes="13271100" />
  <finalization candidates="80" enqueued="0" />
  <ownableSynchronizers candidates="21" cleared="0" />
  <references type="soft" candidates="1843" cleared="0" enqueued="0" dynamicThreshold="19" maxThreshold="32" />
  <references type="weak" candidates="5762" cleared="0" enqueued="0" />
  <references type="phantom" candidates="101" cleared="0" enqueued="0" />
  <stringconstants candidates="13253" cleared="0"  />
</gc-op>
<gc-op id="5583" type="sweep" timems="0.534" contextid="5579" timestamp="2019-07-02T23:30:47.176" />
<gc-end id="5584" type="global" contextid="5579" durationms="8.176" usertimems="28.000" systemtimems="0.000" timestamp="2019-07-02T23:30:47.176" activeThreads="4">
  <mem-info id="5585" free="27876128" total="45875200" percent="60">
    <mem type="tenure" free="27876128" total="45875200" percent="60" micro-fragmented="94819" macro-fragmented="0">
      <mem type="soa" free="27417376" total="45416448" percent="60" />
      <mem type="loa" free="458752" total="458752" percent="100" />
    </mem>
  </mem-info>
</gc-end>
<cycle-end id="5586" type="global" contextid="5579" timestamp="2019-07-02T23:30:47.176">
  <attribute name="GC Util" value="281" />
  <attribute name="CPU Util" value="2492307001622" />
  <attribute name="Time Running"value="24721"/>
  <attribute name="Number of cores"value="4"/>
</cycle-end>
<allocation-satisfied id="5587" threadId="0000000001AB4700" bytesRequested="1168" />
<af-end id="5588" timestamp="2019-07-02T23:30:47.176" threadId="0000000001AB5088" success="true" />
<exclusive-end id="5589" timestamp="2019-07-02T23:30:47.176" durationms="8.677" />

<exclusive-start id="5590" timestamp="2019-07-02T23:30:47.179" intervalms="11.469">
  <response-info timems="0.072" idlems="0.072" threads="0" lastid="0000000001AB4700" lastname="main" />
</exclusive-start>
<af-start id="5591" threadId="0000000001AB5088" totalBytesRequested="1168" timestamp="2019-07-02T23:30:47.179" intervalms="11.469" />
<cycle-start id="5592" type="global" contextid="0" timestamp="2019-07-02T23:30:47.179" intervalms="11.469" />
  <attribute name="GC Util" value="281" />
  <attribute name="CPU Util" value="2492307001622" />
  <attribute name="Time Running"value="24721"/>
  <attribute name="Number of cores"value="4"/>
<gc-start id="5593" type="global" contextid="5592" timestamp="2019-07-02T23:30:47.179">
  <mem-info id="5594" free="458752" total="45875200" percent="1">
    <mem type="tenure" free="458752" total="45875200" percent="1">
      <mem type="soa" free="0" total="45416448" percent="0" />
      <mem type="loa" free="458752" total="458752" percent="100" />
    </mem>
  </mem-info>
</gc-start>
<allocation-stats totalBytes="27161552" >
  <allocated-bytes non-tlh="45552" tlh="27116000" />
  <largest-consumer threadName="main" threadId="0000000001AB4700" bytes="27161552" />
</allocation-stats>
<gc-op id="5595" type="mark" timems="7.214" contextid="5592" timestamp="2019-07-02T23:30:47.186">
  <trace-info objectcount="596252" scancount="517243" scanbytes="13271100" />
  <finalization candidates="80" enqueued="0" />
  <ownableSynchronizers candidates="21" cleared="0" />
  <references type="soft" candidates="1843" cleared="0" enqueued="0" dynamicThreshold="19" maxThreshold="32" />
  <references type="weak" candidates="5762" cleared="0" enqueued="0" />
  <references type="phantom" candidates="101" cleared="0" enqueued="0" />
  <stringconstants candidates="13253" cleared="0"  />
</gc-op>
<gc-op id="5596" type="sweep" timems="0.564" contextid="5592" timestamp="2019-07-02T23:30:47.187" />
<gc-end id="5597" type="global" contextid="5592" durationms="8.134" usertimems="28.000" systemtimems="0.000" timestamp="2019-07-02T23:30:47.187" activeThreads="4">
  <mem-info id="5598" free="27876128" total="45875200" percent="60">
    <mem type="tenure" free="27876128" total="45875200" percent="60" micro-fragmented="94819" macro-fragmented="0">
      <mem type="soa" free="27417376" total="45416448" percent="60" />
      <mem type="loa" free="458752" total="458752" percent="100" />
    </mem>
  </mem-info>
</gc-end>
<cycle-end id="5599" type="global" contextid="5592" timestamp="2019-07-02T23:30:47.187">
  <attribute name="GC Util" value="279" />
  <attribute name="CPU Util" value="2519762865029" />
  <attribute name="Time Running"value="24732"/>
  <attribute name="Number of cores"value="4"/>
</cycle-end>
<allocation-satisfied id="5600" threadId="0000000001AB4700" bytesRequested="1168" />
<af-end id="5601" timestamp="2019-07-02T23:30:47.187" threadId="0000000001AB5088" success="true" />
<exclusive-end id="5602" timestamp="2019-07-02T23:30:47.187" durationms="8.655" />

<exclusive-start id="5603" timestamp="2019-07-02T23:30:47.190" intervalms="11.553">
  <response-info timems="0.111" idlems="0.111" threads="0" lastid="0000000001AB4700" lastname="main" />
</exclusive-start>
<af-start id="5604" threadId="0000000001AB5088" totalBytesRequested="1168" timestamp="2019-07-02T23:30:47.191" intervalms="11.545" />
<cycle-start id="5605" type="global" contextid="0" timestamp="2019-07-02T23:30:47.191" intervalms="11.546" />
  <attribute name="GC Util" value="279" />
  <attribute name="CPU Util" value="2519762865029" />
  <attribute name="Time Running"value="24732"/>
  <attribute name="Number of cores"value="4"/>
<gc-start id="5606" type="global" contextid="5605" timestamp="2019-07-02T23:30:47.191">
  <mem-info id="5607" free="458752" total="45875200" percent="1">
    <mem type="tenure" free="458752" total="45875200" percent="1">
      <mem type="soa" free="0" total="45416448" percent="0" />
      <mem type="loa" free="458752" total="458752" percent="100" />
    </mem>
  </mem-info>
</gc-start>
<allocation-stats totalBytes="27161552" >
  <allocated-bytes non-tlh="45552" tlh="27116000" />
  <largest-consumer threadName="main" threadId="0000000001AB4700" bytes="27161552" />
</allocation-stats>
<gc-op id="5608" type="mark" timems="10.124" contextid="5605" timestamp="2019-07-02T23:30:47.201">
  <trace-info objectcount="596252" scancount="517246" scanbytes="13271100" />
  <finalization candidates="80" enqueued="0" />
  <ownableSynchronizers candidates="21" cleared="0" />
  <references type="soft" candidates="1843" cleared="0" enqueued="0" dynamicThreshold="19" maxThreshold="32" />
  <references type="weak" candidates="5762" cleared="0" enqueued="0" />
  <references type="phantom" candidates="101" cleared="0" enqueued="0" />
  <stringconstants candidates="13253" cleared="0"  />
</gc-op>
<gc-op id="5609" type="sweep" timems="0.631" contextid="5605" timestamp="2019-07-02T23:30:47.202" />
<gc-end id="5610" type="global" contextid="5605" durationms="11.123" usertimems="36.000" systemtimems="4.000" timestamp="2019-07-02T23:30:47.202" activeThreads="4">
  <mem-info id="5611" free="27876128" total="45875200" percent="60">
    <mem type="tenure" free="27876128" total="45875200" percent="60" micro-fragmented="94819" macro-fragmented="0">
      <mem type="soa" free="27417376" total="45416448" percent="60" />
      <mem type="loa" free="458752" total="458752" percent="100" />
    </mem>
  </mem-info>
</gc-end>
<cycle-end id="5612" type="global" contextid="5605" timestamp="2019-07-02T23:30:47.202">
  <attribute name="GC Util" value="190" />
  <attribute name="CPU Util" value="1801080582821" />
  <attribute name="Time Running"value="24747"/>
  <attribute name="Number of cores"value="4"/>
</cycle-end>
<allocation-satisfied id="5613" threadId="0000000001AB4700" bytesRequested="1168" />
<af-end id="5614" timestamp="2019-07-02T23:30:47.202" threadId="0000000001AB5088" success="true" />
<exclusive-end id="5615" timestamp="2019-07-02T23:30:47.202" durationms="11.613" />

<exclusive-start id="5616" timestamp="2019-07-02T23:30:47.205" intervalms="14.360">
  <response-info timems="0.051" idlems="0.051" threads="0" lastid="0000000001AB4700" lastname="main" />
</exclusive-start>
<af-start id="5617" threadId="0000000001AB5088" totalBytesRequested="1168" timestamp="2019-07-02T23:30:47.205" intervalms="14.353" />
<cycle-start id="5618" type="global" contextid="0" timestamp="2019-07-02T23:30:47.205" intervalms="14.352" />
  <attribute name="GC Util" value="190" />
  <attribute name="CPU Util" value="1801080582821" />
  <attribute name="Time Running"value="24747"/>
  <attribute name="Number of cores"value="4"/>
<gc-start id="5619" type="global" contextid="5618" timestamp="2019-07-02T23:30:47.205">
  <mem-info id="5620" free="458752" total="45875200" percent="1">
    <mem type="tenure" free="458752" total="45875200" percent="1">
      <mem type="soa" free="0" total="45416448" percent="0" />
      <mem type="loa" free="458752" total="458752" percent="100" />
    </mem>
  </mem-info>
</gc-start>
<allocation-stats totalBytes="27161552" >
  <allocated-bytes non-tlh="45552" tlh="27116000" />
  <largest-consumer threadName="main" threadId="0000000001AB4700" bytes="27161552" />
</allocation-stats>
<gc-op id="5621" type="mark" timems="9.243" contextid="5618" timestamp="2019-07-02T23:30:47.214">
  <trace-info objectcount="596252" scancount="517251" scanbytes="13271100" />
  <finalization candidates="80" enqueued="0" />
  <ownableSynchronizers candidates="21" cleared="0" />
  <references type="soft" candidates="1843" cleared="0" enqueued="0" dynamicThreshold="19" maxThreshold="32" />
  <references type="weak" candidates="5762" cleared="0" enqueued="0" />
  <references type="phantom" candidates="101" cleared="0" enqueued="0" />
  <stringconstants candidates="13253" cleared="0"  />
</gc-op>
<gc-op id="5622" type="sweep" timems="0.555" contextid="5618" timestamp="2019-07-02T23:30:47.215" />
<gc-end id="5623" type="global" contextid="5618" durationms="10.158" usertimems="36.000" systemtimems="0.000" timestamp="2019-07-02T23:30:47.215" activeThreads="4">
  <mem-info id="5624" free="27876128" total="45875200" percent="60">
    <mem type="tenure" free="27876128" total="45875200" percent="60" micro-fragmented="94819" macro-fragmented="0">
      <mem type="soa" free="27417376" total="45416448" percent="60" />
      <mem type="loa" free="458752" total="458752" percent="100" />
    </mem>
  </mem-info>
</gc-end>
<cycle-end id="5625" type="global" contextid="5618" timestamp="2019-07-02T23:30:47.215">
  <attribute name="GC Util" value="191" />
  <attribute name="CPU Util" value="1974186033882" />
  <attribute name="Time Running"value="24760"/>
  <attribute name="Number of cores"value="4"/>
</cycle-end>
<allocation-satisfied id="5626" threadId="0000000001AB4700" bytesRequested="1168" />
<af-end id="5627" timestamp="2019-07-02T23:30:47.215" threadId="0000000001AB5088" success="true" />
<exclusive-end id="5628" timestamp="2019-07-02T23:30:47.215" durationms="10.655" />

<exclusive-start id="5629" timestamp="2019-07-02T23:30:47.218" intervalms="13.503">
  <response-info timems="0.078" idlems="0.078" threads="0" lastid="0000000001AB4700" lastname="main" />
</exclusive-start>
<af-start id="5630" threadId="0000000001AB5088" totalBytesRequested="1168" timestamp="2019-07-02T23:30:47.218" intervalms="13.509" />
<cycle-start id="5631" type="global" contextid="0" timestamp="2019-07-02T23:30:47.218" intervalms="13.509" />
  <attribute name="GC Util" value="191" />
  <attribute name="CPU Util" value="1974186033882" />
  <attribute name="Time Running"value="24760"/>
  <attribute name="Number of cores"value="4"/>
<gc-start id="5632" type="global" contextid="5631" timestamp="2019-07-02T23:30:47.219">
  <mem-info id="5633" free="458752" total="45875200" percent="1">
    <mem type="tenure" free="458752" total="45875200" percent="1">
      <mem type="soa" free="0" total="45416448" percent="0" />
      <mem type="loa" free="458752" total="458752" percent="100" />
    </mem>
  </mem-info>
</gc-start>
<allocation-stats totalBytes="27160312" >
  <allocated-bytes non-tlh="45552" tlh="27114760" />
  <largest-consumer threadName="main" threadId="0000000001AB4700" bytes="27160312" />
</allocation-stats>
<gc-op id="5634" type="mark" timems="9.239" contextid="5631" timestamp="2019-07-02T23:30:47.228">
  <trace-info objectcount="596252" scancount="517251" scanbytes="13271100" />
  <finalization candidates="80" enqueued="0" />
  <ownableSynchronizers candidates="21" cleared="0" />
  <references type="soft" candidates="1843" cleared="0" enqueued="0" dynamicThreshold="19" maxThreshold="32" />
  <references type="weak" candidates="5762" cleared="0" enqueued="0" />
  <references type="phantom" candidates="101" cleared="0" enqueued="0" />
  <stringconstants candidates="13253" cleared="0"  />
</gc-op>
<gc-op id="5635" type="sweep" timems="0.750" contextid="5631" timestamp="2019-07-02T23:30:47.229" />
<gc-end id="5636" type="global" contextid="5631" durationms="10.329" usertimems="32.000" systemtimems="0.000" timestamp="2019-07-02T23:30:47.229" activeThreads="4">
  <mem-info id="5637" free="27876128" total="45875200" percent="60">
    <mem type="tenure" free="27876128" total="45875200" percent="60" micro-fragmented="94819" macro-fragmented="0">
      <mem type="soa" free="27417376" total="45416448" percent="60" />
      <mem type="loa" free="458752" total="458752" percent="100" />
    </mem>
  </mem-info>
</gc-end>
<cycle-end id="5638" type="global" contextid="5631" timestamp="2019-07-02T23:30:47.229">
  <attribute name="GC Util" value="190" />
  <attribute name="CPU Util" value="1974398180447" />
  <attribute name="Time Running"value="24774"/>
  <attribute name="Number of cores"value="4"/>
</cycle-end>
<allocation-satisfied id="5639" threadId="0000000001AB4700" bytesRequested="1168" />
<af-end id="5640" timestamp="2019-07-02T23:30:47.229" threadId="0000000001AB5088" success="true" />
<exclusive-end id="5641" timestamp="2019-07-02T23:30:47.229" durationms="10.824" />

<exclusive-start id="5642" timestamp="2019-07-02T23:30:47.232" intervalms="13.669">
  <response-info timems="0.060" idlems="0.060" threads="0" lastid="0000000001AB4700" lastname="main" />
</exclusive-start>
<af-start id="5643" threadId="0000000001AB5088" totalBytesRequested="1168" timestamp="2019-07-02T23:30:47.232" intervalms="13.689" />
<cycle-start id="5644" type="global" contextid="0" timestamp="2019-07-02T23:30:47.232" intervalms="13.690" />
  <attribute name="GC Util" value="190" />
  <attribute name="CPU Util" value="1974398180447" />
  <attribute name="Time Running"value="24774"/>
  <attribute name="Number of cores"value="4"/>
<gc-start id="5645" type="global" contextid="5644" timestamp="2019-07-02T23:30:47.232">
  <mem-info id="5646" free="458752" total="45875200" percent="1">
    <mem type="tenure" free="458752" total="45875200" percent="1">
      <mem type="soa" free="0" total="45416448" percent="0" />
      <mem type="loa" free="458752" total="458752" percent="100" />
    </mem>
  </mem-info>
</gc-start>
<allocation-stats totalBytes="27159072" >
  <allocated-bytes non-tlh="45552" tlh="27113520" />
  <largest-consumer threadName="main" threadId="0000000001AB4700" bytes="27159072" />
</allocation-stats>
<gc-op id="5647" type="mark" timems="9.009" contextid="5644" timestamp="2019-07-02T23:30:47.241">
  <trace-info objectcount="596252" scancount="517268" scanbytes="13271100" />
  <finalization candidates="80" enqueued="0" />
  <ownableSynchronizers candidates="21" cleared="0" />
  <references type="soft" candidates="1843" cleared="0" enqueued="0" dynamicThreshold="19" maxThreshold="32" />
  <references type="weak" candidates="5762" cleared="0" enqueued="0" />
  <references type="phantom" candidates="101" cleared="0" enqueued="0" />
  <stringconstants candidates="13253" cleared="0"  />
</gc-op>
<gc-op id="5648" type="sweep" timems="0.644" contextid="5644" timestamp="2019-07-02T23:30:47.242" />
<gc-end id="5649" type="global" contextid="5644" durationms="10.009" usertimems="28.000" systemtimems="0.000" timestamp="2019-07-02T23:30:47.242" activeThreads="4">
  <mem-info id="5650" free="27876128" total="45875200" percent="60">
    <mem type="tenure" free="27876128" total="45875200" percent="60" micro-fragmented="94819" macro-fragmented="0">
      <mem type="soa" free="27417376" total="45416448" percent="60" />
      <mem type="loa" free="458752" total="458752" percent="100" />
    </mem>
  </mem-info>
</gc-end>
<cycle-end id="5651" type="global" contextid="5644" timestamp="2019-07-02T23:30:47.242">
  <attribute name="GC Util" value="191" />
  <attribute name="CPU Util" value="2025508672650" />
  <attribute name="Time Running"value="24787"/>
  <attribute name="Number of cores"value="4"/>
</cycle-end>
<allocation-satisfied id="5652" threadId="0000000001AB4700" bytesRequested="1168" />
<af-end id="5653" timestamp="2019-07-02T23:30:47.242" threadId="0000000001AB5088" success="true" />
<exclusive-end id="5654" timestamp="2019-07-02T23:30:47.242" durationms="10.525" />

<exclusive-start id="5655" timestamp="2019-07-02T23:30:47.245" intervalms="13.413">
  <response-info timems="0.079" idlems="0.079" threads="0" lastid="0000000001AB4700" lastname="main" />
</exclusive-start>
<af-start id="5656" threadId="0000000001AB5088" totalBytesRequested="1168" timestamp="2019-07-02T23:30:47.245" intervalms="13.407" />
<cycle-start id="5657" type="global" contextid="0" timestamp="2019-07-02T23:30:47.246" intervalms="13.407" />
  <attribute name="GC Util" value="191" />
  <attribute name="CPU Util" value="2025508672650" />
  <attribute name="Time Running"value="24787"/>
  <attribute name="Number of cores"value="4"/>
<gc-start id="5658" type="global" contextid="5657" timestamp="2019-07-02T23:30:47.246">
  <mem-info id="5659" free="458752" total="45875200" percent="1">
    <mem type="tenure" free="458752" total="45875200" percent="1">
      <mem type="soa" free="0" total="45416448" percent="0" />
      <mem type="loa" free="458752" total="458752" percent="100" />
    </mem>
  </mem-info>
</gc-start>
<allocation-stats totalBytes="27160312" >
  <allocated-bytes non-tlh="45552" tlh="27114760" />
  <largest-consumer threadName="main" threadId="0000000001AB4700" bytes="27160312" />
</allocation-stats>
<gc-op id="5660" type="mark" timems="9.002" contextid="5657" timestamp="2019-07-02T23:30:47.255">
  <trace-info objectcount="596252" scancount="517242" scanbytes="13271100" />
  <finalization candidates="80" enqueued="0" />
  <ownableSynchronizers candidates="21" cleared="0" />
  <references type="soft" candidates="1843" cleared="0" enqueued="0" dynamicThreshold="19" maxThreshold="32" />
  <references type="weak" candidates="5762" cleared="0" enqueued="0" />
  <references type="phantom" candidates="101" cleared="0" enqueued="0" />
  <stringconstants candidates="13253" cleared="0"  />
</gc-op>
<gc-op id="5661" type="sweep" timems="0.563" contextid="5657" timestamp="2019-07-02T23:30:47.255" />
<gc-end id="5662" type="global" contextid="5657" durationms="9.914" usertimems="28.000" systemtimems="0.000" timestamp="2019-07-02T23:30:47.256" activeThreads="4">
  <mem-info id="5663" free="27876128" total="45875200" percent="60">
    <mem type="tenure" free="27876128" total="45875200" percent="60" micro-fragmented="94819" macro-fragmented="0">
      <mem type="soa" free="27417376" total="45416448" percent="60" />
      <mem type="loa" free="458752" total="458752" percent="100" />
    </mem>
  </mem-info>
</gc-end>
<cycle-end id="5664" type="global" contextid="5657" timestamp="2019-07-02T23:30:47.256">
  <attribute name="GC Util" value="190" />
  <attribute name="CPU Util" value="2024598324771" />
  <attribute name="Time Running"value="24801"/>
  <attribute name="Number of cores"value="4"/>
</cycle-end>
<allocation-satisfied id="5665" threadId="0000000001AB4700" bytesRequested="1168" />
<af-end id="5666" timestamp="2019-07-02T23:30:47.256" threadId="0000000001AB5088" success="true" />
<exclusive-end id="5667" timestamp="2019-07-02T23:30:47.256" durationms="10.425" />

<exclusive-start id="5668" timestamp="2019-07-02T23:30:47.259" intervalms="13.337">
  <response-info timems="0.126" idlems="0.126" threads="0" lastid="0000000001AB4700" lastname="main" />
</exclusive-start>
<af-start id="5669" threadId="0000000001AB5088" totalBytesRequested="1168" timestamp="2019-07-02T23:30:47.259" intervalms="13.331" />
<cycle-start id="5670" type="global" contextid="0" timestamp="2019-07-02T23:30:47.259" intervalms="13.338" />
  <attribute name="GC Util" value="190" />
  <attribute name="CPU Util" value="2024598324771" />
  <attribute name="Time Running"value="24801"/>
  <attribute name="Number of cores"value="4"/>
<gc-start id="5671" type="global" contextid="5670" timestamp="2019-07-02T23:30:47.259">
  <mem-info id="5672" free="458752" total="45875200" percent="1">
    <mem type="tenure" free="458752" total="45875200" percent="1">
      <mem type="soa" free="0" total="45416448" percent="0" />
      <mem type="loa" free="458752" total="458752" percent="100" />
    </mem>
  </mem-info>
</gc-start>
<allocation-stats totalBytes="27161552" >
  <allocated-bytes non-tlh="45552" tlh="27116000" />
  <largest-consumer threadName="main" threadId="0000000001AB4700" bytes="27161552" />
</allocation-stats>
<gc-op id="5673" type="mark" timems="9.322" contextid="5670" timestamp="2019-07-02T23:30:47.268">
  <trace-info objectcount="596252" scancount="517266" scanbytes="13271100" />
  <finalization candidates="80" enqueued="0" />
  <ownableSynchronizers candidates="21" cleared="0" />
  <references type="soft" candidates="1843" cleared="0" enqueued="0" dynamicThreshold="19" maxThreshold="32" />
  <references type="weak" candidates="5762" cleared="0" enqueued="0" />
  <references type="phantom" candidates="101" cleared="0" enqueued="0" />
  <stringconstants candidates="13253" cleared="0"  />
</gc-op>
<gc-op id="5674" type="sweep" timems="0.773" contextid="5670" timestamp="2019-07-02T23:30:47.269" />
<gc-end id="5675" type="global" contextid="5670" durationms="10.448" usertimems="28.000" systemtimems="0.000" timestamp="2019-07-02T23:30:47.269" activeThreads="4">
  <mem-info id="5676" free="27876128" total="45875200" percent="60">
    <mem type="tenure" free="27876128" total="45875200" percent="60" micro-fragmented="94819" macro-fragmented="0">
      <mem type="soa" free="27417376" total="45416448" percent="60" />
      <mem type="loa" free="458752" total="458752" percent="100" />
    </mem>
  </mem-info>
</gc-end>
<cycle-end id="5677" type="global" contextid="5670" timestamp="2019-07-02T23:30:47.269">
  <attribute name="GC Util" value="189" />
  <attribute name="CPU Util" value="1957648840186" />
  <attribute name="Time Running"value="24814"/>
  <attribute name="Number of cores"value="4"/>
</cycle-end>
<allocation-satisfied id="5678" threadId="0000000001AB4700" bytesRequested="1168" />
<af-end id="5679" timestamp="2019-07-02T23:30:47.270" threadId="0000000001AB5088" success="true" />
<exclusive-end id="5680" timestamp="2019-07-02T23:30:47.270" durationms="10.969" />

<exclusive-start id="5681" timestamp="2019-07-02T23:30:47.273" intervalms="13.832">
  <response-info timems="0.099" idlems="0.099" threads="0" lastid="0000000001AB4700" lastname="main" />
</exclusive-start>
<af-start id="5682" threadId="0000000001AB5088" totalBytesRequested="1168" timestamp="2019-07-02T23:30:47.273" intervalms="13.832" />
<cycle-start id="5683" type="global" contextid="0" timestamp="2019-07-02T23:30:47.273" intervalms="13.824" />
  <attribute name="GC Util" value="189" />
  <attribute name="CPU Util" value="1957648840186" />
  <attribute name="Time Running"value="24814"/>
  <attribute name="Number of cores"value="4"/>
<gc-start id="5684" type="global" contextid="5683" timestamp="2019-07-02T23:30:47.273">
  <mem-info id="5685" free="458752" total="45875200" percent="1">
    <mem type="tenure" free="458752" total="45875200" percent="1">
      <mem type="soa" free="0" total="45416448" percent="0" />
      <mem type="loa" free="458752" total="458752" percent="100" />
    </mem>
  </mem-info>
</gc-start>
<allocation-stats totalBytes="27161552" >
  <allocated-bytes non-tlh="45552" tlh="27116000" />
  <largest-consumer threadName="main" threadId="0000000001AB4700" bytes="27161552" />
</allocation-stats>
<gc-op id="5686" type="mark" timems="9.130" contextid="5683" timestamp="2019-07-02T23:30:47.282">
  <trace-info objectcount="596252" scancount="517270" scanbytes="13271100" />
  <finalization candidates="80" enqueued="0" />
  <ownableSynchronizers candidates="21" cleared="0" />
  <references type="soft" candidates="1843" cleared="0" enqueued="0" dynamicThreshold="19" maxThreshold="32" />
  <references type="weak" candidates="5762" cleared="0" enqueued="0" />
  <references type="phantom" candidates="101" cleared="0" enqueued="0" />
  <stringconstants candidates="13253" cleared="0"  />
</gc-op>
<gc-op id="5687" type="sweep" timems="0.585" contextid="5683" timestamp="2019-07-02T23:30:47.283" />
<gc-end id="5688" type="global" contextid="5683" durationms="10.054" usertimems="28.000" systemtimems="0.000" timestamp="2019-07-02T23:30:47.283" activeThreads="4">
  <mem-info id="5689" free="27876128" total="45875200" percent="60">
    <mem type="tenure" free="27876128" total="45875200" percent="60" micro-fragmented="94819" macro-fragmented="0">
      <mem type="soa" free="27417376" total="45416448" percent="60" />
      <mem type="loa" free="458752" total="458752" percent="100" />
    </mem>
  </mem-info>
</gc-end>
<cycle-end id="5690" type="global" contextid="5683" timestamp="2019-07-02T23:30:47.283">
  <attribute name="GC Util" value="190" />
  <attribute name="CPU Util" value="1998420152261" />
  <attribute name="Time Running"value="24828"/>
  <attribute name="Number of cores"value="4"/>
</cycle-end>
<allocation-satisfied id="5691" threadId="0000000001AB4700" bytesRequested="1168" />
<af-end id="5692" timestamp="2019-07-02T23:30:47.283" threadId="0000000001AB5088" success="true" />
<exclusive-end id="5693" timestamp="2019-07-02T23:30:47.283" durationms="10.555" />

<exclusive-start id="5694" timestamp="2019-07-02T23:30:47.286" intervalms="13.441">
  <response-info timems="0.079" idlems="0.079" threads="0" lastid="0000000001AB4700" lastname="main" />
</exclusive-start>
<af-start id="5695" threadId="0000000001AB5088" totalBytesRequested="1168" timestamp="2019-07-02T23:30:47.286" intervalms="13.441" />
<cycle-start id="5696" type="global" contextid="0" timestamp="2019-07-02T23:30:47.286" intervalms="13.448" />
  <attribute name="GC Util" value="190" />
  <attribute name="CPU Util" value="1998420152261" />
  <attribute name="Time Running"value="24828"/>
  <attribute name="Number of cores"value="4"/>
<gc-start id="5697" type="global" contextid="5696" timestamp="2019-07-02T23:30:47.286">
  <mem-info id="5698" free="458752" total="45875200" percent="1">
    <mem type="tenure" free="458752" total="45875200" percent="1">
      <mem type="soa" free="0" total="45416448" percent="0" />
      <mem type="loa" free="458752" total="458752" percent="100" />
    </mem>
  </mem-info>
</gc-start>
<allocation-stats totalBytes="27160312" >
  <allocated-bytes non-tlh="45552" tlh="27114760" />
  <largest-consumer threadName="main" threadId="0000000001AB4700" bytes="27160312" />
</allocation-stats>
<gc-op id="5699" type="mark" timems="9.864" contextid="5696" timestamp="2019-07-02T23:30:47.296">
  <trace-info objectcount="596252" scancount="517244" scanbytes="13271100" />
  <finalization candidates="80" enqueued="0" />
  <ownableSynchronizers candidates="21" cleared="0" />
  <references type="soft" candidates="1843" cleared="0" enqueued="0" dynamicThreshold="19" maxThreshold="32" />
  <references type="weak" candidates="5762" cleared="0" enqueued="0" />
  <references type="phantom" candidates="101" cleared="0" enqueued="0" />
  <stringconstants candidates="13253" cleared="0"  />
</gc-op>
<gc-op id="5700" type="sweep" timems="0.700" contextid="5696" timestamp="2019-07-02T23:30:47.297" />
<gc-end id="5701" type="global" contextid="5696" durationms="10.930" usertimems="28.000" systemtimems="0.000" timestamp="2019-07-02T23:30:47.297" activeThreads="4">
  <mem-info id="5702" free="27876128" total="45875200" percent="60">
    <mem type="tenure" free="27876128" total="45875200" percent="60" micro-fragmented="94819" macro-fragmented="0">
      <mem type="soa" free="27417376" total="45416448" percent="60" />
      <mem type="loa" free="458752" total="458752" percent="100" />
    </mem>
  </mem-info>
</gc-end>
<cycle-end id="5703" type="global" contextid="5696" timestamp="2019-07-02T23:30:47.297">
  <attribute name="GC Util" value="191" />
  <attribute name="CPU Util" value="1851352494122" />
  <attribute name="Time Running"value="24842"/>
  <attribute name="Number of cores"value="4"/>
</cycle-end>
<allocation-satisfied id="5704" threadId="0000000001AB4700" bytesRequested="1168" />
<af-end id="5705" timestamp="2019-07-02T23:30:47.297" threadId="0000000001AB5088" success="true" />
<exclusive-end id="5706" timestamp="2019-07-02T23:30:47.297" durationms="11.451" />

<exclusive-start id="5707" timestamp="2019-07-02T23:30:47.319" intervalms="32.606">
  <response-info timems="0.077" idlems="0.077" threads="0" lastid="0000000001AB4700" lastname="main" />
</exclusive-start>
<af-start id="5708" threadId="0000000001AB5088" totalBytesRequested="64" timestamp="2019-07-02T23:30:47.319" intervalms="32.625" />
<cycle-start id="5709" type="global" contextid="0" timestamp="2019-07-02T23:30:47.319" intervalms="32.625" />
  <attribute name="GC Util" value="191" />
  <attribute name="CPU Util" value="1851352494122" />
  <attribute name="Time Running"value="24842"/>
  <attribute name="Number of cores"value="4"/>
<gc-start id="5710" type="global" contextid="5709" timestamp="2019-07-02T23:30:47.319">
  <mem-info id="5711" free="458752" total="45875200" percent="1">
    <mem type="tenure" free="458752" total="45875200" percent="1">
      <mem type="soa" free="0" total="45416448" percent="0" />
      <mem type="loa" free="458752" total="458752" percent="100" />
    </mem>
  </mem-info>
</gc-start>
<allocation-stats totalBytes="27394512" >
  <allocated-bytes non-tlh="31536" tlh="27362976" />
  <largest-consumer threadName="main" threadId="0000000001AB4700" bytes="27394512" />
</allocation-stats>
<gc-op id="5712" type="mark" timems="9.324" contextid="5709" timestamp="2019-07-02T23:30:47.328">
  <trace-info objectcount="596379" scancount="517372" scanbytes="13275396" />
  <finalization candidates="80" enqueued="0" />
  <ownableSynchronizers candidates="21" cleared="0" />
  <references type="soft" candidates="1843" cleared="0" enqueued="0" dynamicThreshold="19" maxThreshold="32" />
  <references type="weak" candidates="5762" cleared="0" enqueued="0" />
  <references type="phantom" candidates="101" cleared="0" enqueued="0" />
  <stringconstants candidates="13253" cleared="0"  />
</gc-op>
<gc-op id="5713" type="sweep" timems="0.596" contextid="5709" timestamp="2019-07-02T23:30:47.329" />
<gc-end id="5714" type="global" contextid="5709" durationms="10.300" usertimems="36.000" systemtimems="0.000" timestamp="2019-07-02T23:30:47.329" activeThreads="4">
  <mem-info id="5715" free="27870200" total="45875200" percent="60">
    <mem type="tenure" free="27870200" total="45875200" percent="60" micro-fragmented="97494" macro-fragmented="0">
      <mem type="soa" free="27411448" total="45416448" percent="60" />
      <mem type="loa" free="458752" total="458752" percent="100" />
    </mem>
  </mem-info>
</gc-end>
<cycle-end id="5716" type="global" contextid="5709" timestamp="2019-07-02T23:30:47.329">
  <attribute name="GC Util" value="190" />
  <attribute name="CPU Util" value="1956159544458" />
  <attribute name="Time Running"value="24874"/>
  <attribute name="Number of cores"value="4"/>
</cycle-end>
<allocation-satisfied id="5717" threadId="0000000001AB4700" bytesRequested="64" />
<af-end id="5718" timestamp="2019-07-02T23:30:47.329" threadId="0000000001AB5088" success="true" />
<exclusive-end id="5719" timestamp="2019-07-02T23:30:47.329" durationms="10.849" />

<exclusive-start id="5720" timestamp="2019-07-02T23:30:47.359" intervalms="40.018">
  <response-info timems="0.082" idlems="0.082" threads="0" lastid="0000000001AB4700" lastname="main" />
</exclusive-start>
<af-start id="5721" threadId="0000000001AB5088" totalBytesRequested="24" timestamp="2019-07-02T23:30:47.359" intervalms="40.014" />
<cycle-start id="5722" type="global" contextid="0" timestamp="2019-07-02T23:30:47.359" intervalms="40.018" />
  <attribute name="GC Util" value="190" />
  <attribute name="CPU Util" value="1956159544458" />
  <attribute name="Time Running"value="24874"/>
  <attribute name="Number of cores"value="4"/>
<gc-start id="5723" type="global" contextid="5722" timestamp="2019-07-02T23:30:47.359">
  <mem-info id="5724" free="458752" total="45875200" percent="1">
    <mem type="tenure" free="458752" total="45875200" percent="1">
      <mem type="soa" free="0" total="45416448" percent="0" />
      <mem type="loa" free="458752" total="458752" percent="100" />
    </mem>
  </mem-info>
</gc-start>
<allocation-stats totalBytes="27406432" >
  <allocated-bytes non-tlh="0" tlh="27406432" />
  <largest-consumer threadName="main" threadId="0000000001AB4700" bytes="27406432" />
</allocation-stats>
<gc-op id="5725" type="mark" timems="9.940" contextid="5722" timestamp="2019-07-02T23:30:47.369">
  <trace-info objectcount="596435" scancount="517439" scanbytes="13277244" />
  <finalization candidates="80" enqueued="0" />
  <ownableSynchronizers candidates="21" cleared="0" />
  <references type="soft" candidates="1843" cleared="0" enqueued="0" dynamicThreshold="19" maxThreshold="32" />
  <references type="weak" candidates="5781" cleared="0" enqueued="0" />
  <references type="phantom" candidates="101" cleared="0" enqueued="0" />
  <stringconstants candidates="13253" cleared="0"  />
</gc-op>
<gc-op id="5726" type="sweep" timems="0.763" contextid="5722" timestamp="2019-07-02T23:30:47.370" />
<gc-end id="5727" type="global" contextid="5722" durationms="11.050" usertimems="40.000" systemtimems="4.000" timestamp="2019-07-02T23:30:47.370" activeThreads="4">
  <mem-info id="5728" free="27859056" total="45875200" percent="60">
    <mem type="tenure" free="27859056" total="45875200" percent="60" micro-fragmented="109723" macro-fragmented="0">
      <mem type="soa" free="27400304" total="45416448" percent="60" />
      <mem type="loa" free="458752" total="458752" percent="100" />
    </mem>
  </mem-info>
</gc-end>
<cycle-end id="5729" type="global" contextid="5722" timestamp="2019-07-02T23:30:47.370">
  <attribute name="GC Util" value="191" />
  <attribute name="CPU Util" value="1831984686693" />
  <attribute name="Time Running"value="24915"/>
  <attribute name="Number of cores"value="4"/>
</cycle-end>
<allocation-satisfied id="5730" threadId="0000000001AB4700" bytesRequested="24" />
<af-end id="5731" timestamp="2019-07-02T23:30:47.370" threadId="0000000001AB5088" success="true" />
<exclusive-end id="5732" timestamp="2019-07-02T23:30:47.370" durationms="11.573" />

<exclusive-start id="5733" timestamp="2019-07-02T23:30:47.406" intervalms="47.427">
  <response-info timems="0.094" idlems="0.094" threads="0" lastid="0000000001AB4700" lastname="main" />
</exclusive-start>
<af-start id="5734" threadId="0000000001AB5088" totalBytesRequested="16" timestamp="2019-07-02T23:30:47.406" intervalms="47.435" />
<cycle-start id="5735" type="global" contextid="0" timestamp="2019-07-02T23:30:47.406" intervalms="47.432" />
  <attribute name="GC Util" value="191" />
  <attribute name="CPU Util" value="1831984686693" />
  <attribute name="Time Running"value="24915"/>
  <attribute name="Number of cores"value="4"/>
<gc-start id="5736" type="global" contextid="5735" timestamp="2019-07-02T23:30:47.406">
  <mem-info id="5737" free="458752" total="45875200" percent="1">
    <mem type="tenure" free="458752" total="45875200" percent="1">
      <mem type="soa" free="0" total="45416448" percent="0" />
      <mem type="loa" free="458752" total="458752" percent="100" />
    </mem>
  </mem-info>
</gc-start>
<allocation-stats totalBytes="27395248" >
  <allocated-bytes non-tlh="0" tlh="27395248" />
  <largest-consumer threadName="main" threadId="0000000001AB4700" bytes="27395248" />
</allocation-stats>
<gc-op id="5738" type="mark" timems="10.360" contextid="5735" timestamp="2019-07-02T23:30:47.417">
  <trace-info objectcount="596448" scancount="517446" scanbytes="13277636" />
  <finalization candidates="80" enqueued="0" />
  <ownableSynchronizers candidates="21" cleared="0" />
  <references type="soft" candidates="1843" cleared="0" enqueued="0" dynamicThreshold="19" maxThreshold="32" />
  <references type="weak" candidates="5781" cleared="0" enqueued="0" />
  <references type="phantom" candidates="101" cleared="0" enqueued="0" />
  <stringconstants candidates="13253" cleared="0"  />
</gc-op>
<gc-op id="5739" type="sweep" timems="0.799" contextid="5735" timestamp="2019-07-02T23:30:47.418" />
<gc-end id="5740" type="global" contextid="5735" durationms="11.526" usertimems="44.000" systemtimems="0.000" timestamp="2019-07-02T23:30:47.418" activeThreads="4">
  <mem-info id="5741" free="27858328" total="45875200" percent="60">
    <mem type="tenure" free="27858328" total="45875200" percent="60" micro-fragmented="117661" macro-fragmented="0">
      <mem type="soa" free="27399576" total="45416448" percent="60" />
      <mem type="loa" free="458752" total="458752" percent="100" />
    </mem>
  </mem-info>
</gc-end>
<cycle-end id="5742" type="global" contextid="5735" timestamp="2019-07-02T23:30:47.418">
  <attribute name="GC Util" value="190" />
  <attribute name="CPU Util" value="1760888911066" />
  <attribute name="Time Running"value="24963"/>
  <attribute name="Number of cores"value="4"/>
</cycle-end>
<allocation-satisfied id="5743" threadId="0000000001AB4700" bytesRequested="16" />
<af-end id="5744" timestamp="2019-07-02T23:30:47.418" threadId="0000000001AB5088" success="true" />
<exclusive-end id="5745" timestamp="2019-07-02T23:30:47.418" durationms="12.061" />

<exclusive-start id="5746" timestamp="2019-07-02T23:30:47.450" intervalms="43.995">
  <response-info timems="0.061" idlems="0.061" threads="0" lastid="0000000001AB4700" lastname="main" />
</exclusive-start>
<af-start id="5747" threadId="0000000001AB5088" totalBytesRequested="16" timestamp="2019-07-02T23:30:47.450" intervalms="43.991" />
<cycle-start id="5748" type="global" contextid="0" timestamp="2019-07-02T23:30:47.450" intervalms="43.985" />
  <attribute name="GC Util" value="190" />
  <attribute name="CPU Util" value="1760888911066" />
  <attribute name="Time Running"value="24963"/>
  <attribute name="Number of cores"value="4"/>
<gc-start id="5749" type="global" contextid="5748" timestamp="2019-07-02T23:30:47.450">
  <mem-info id="5750" free="458752" total="45875200" percent="1">
    <mem type="tenure" free="458752" total="45875200" percent="1">
      <mem type="soa" free="0" total="45416448" percent="0" />
      <mem type="loa" free="458752" total="458752" percent="100" />
    </mem>
  </mem-info>
</gc-start>
<allocation-stats totalBytes="27394864" >
  <allocated-bytes non-tlh="0" tlh="27394864" />
  <largest-consumer threadName="main" threadId="0000000001AB4700" bytes="27394864" />
</allocation-stats>
<gc-op id="5751" type="mark" timems="9.369" contextid="5748" timestamp="2019-07-02T23:30:47.460">
  <trace-info objectcount="596272" scancount="517267" scanbytes="13271660" />
  <finalization candidates="80" enqueued="0" />
  <ownableSynchronizers candidates="21" cleared="0" />
  <references type="soft" candidates="1843" cleared="0" enqueued="0" dynamicThreshold="19" maxThreshold="32" />
  <references type="weak" candidates="5781" cleared="5" enqueued="3" />
  <references type="phantom" candidates="101" cleared="0" enqueued="0" />
  <stringconstants candidates="13253" cleared="0"  />
</gc-op>
<gc-op id="5752" type="sweep" timems="0.746" contextid="5748" timestamp="2019-07-02T23:30:47.461" />
<gc-end id="5753" type="global" contextid="5748" durationms="10.538" usertimems="28.000" systemtimems="0.000" timestamp="2019-07-02T23:30:47.461" activeThreads="4">
  <mem-info id="5754" free="27873232" total="45875200" percent="60">
    <mem type="tenure" free="27873232" total="45875200" percent="60" micro-fragmented="97058" macro-fragmented="0">
      <mem type="soa" free="27414480" total="45416448" percent="60" />
      <mem type="loa" free="458752" total="458752" percent="100" />
    </mem>
    <pending-finalizers system="0" default="0" reference="3" classloader="0" />
  </mem-info>
</gc-end>
<cycle-end id="5755" type="global" contextid="5748" timestamp="2019-07-02T23:30:47.461">
  <attribute name="GC Util" value="189" />
  <attribute name="CPU Util" value="1939393089047" />
  <attribute name="Time Running"value="25006"/>
  <attribute name="Number of cores"value="4"/>
</cycle-end>
<allocation-satisfied id="5756" threadId="0000000001AB4700" bytesRequested="16" />
<af-end id="5757" timestamp="2019-07-02T23:30:47.461" threadId="0000000001AB5088" success="true" />
<exclusive-end id="5758" timestamp="2019-07-02T23:30:47.461" durationms="11.199" />

<exclusive-start id="5759" timestamp="2019-07-02T23:30:47.466" intervalms="16.333">
  <response-info timems="0.056" idlems="0.056" threads="0" lastid="0000000001AB4700" lastname="main" />
</exclusive-start>
<af-start id="5760" threadId="0000000001AB5088" totalBytesRequested="208" timestamp="2019-07-02T23:30:47.466" intervalms="16.311" />
<cycle-start id="5761" type="global" contextid="0" timestamp="2019-07-02T23:30:47.467" intervalms="16.367" />
  <attribute name="GC Util" value="189" />
  <attribute name="CPU Util" value="1939393089047" />
  <attribute name="Time Running"value="25006"/>
  <attribute name="Number of cores"value="4"/>
<gc-start id="5762" type="global" contextid="5761" timestamp="2019-07-02T23:30:47.467">
  <mem-info id="5763" free="458752" total="45875200" percent="1">
    <mem type="tenure" free="458752" total="45875200" percent="1">
      <mem type="soa" free="0" total="45416448" percent="0" />
      <mem type="loa" free="458752" total="458752" percent="100" />
    </mem>
  </mem-info>
</gc-start>
<allocation-stats totalBytes="27385328" >
  <allocated-bytes non-tlh="0" tlh="27385328" />
  <largest-consumer threadName="main" threadId="0000000001AB4700" bytes="27385328" />
</allocation-stats>
<gc-op id="5764" type="mark" timems="8.821" contextid="5761" timestamp="2019-07-02T23:30:47.476">
  <trace-info objectcount="596270" scancount="517268" scanbytes="13271636" />
  <finalization candidates="80" enqueued="0" />
  <ownableSynchronizers candidates="21" cleared="0" />
  <references type="soft" candidates="1843" cleared="0" enqueued="0" dynamicThreshold="19" maxThreshold="32" />
  <references type="weak" candidates="5776" cleared="0" enqueued="0" />
  <references type="phantom" candidates="101" cleared="0" enqueued="0" />
  <stringconstants candidates="13253" cleared="0"  />
</gc-op>
<gc-op id="5765" type="sweep" timems="0.570" contextid="5761" timestamp="2019-07-02T23:30:47.476" />
<gc-end id="5766" type="global" contextid="5761" durationms="9.820" usertimems="28.000" systemtimems="0.000" timestamp="2019-07-02T23:30:47.476" activeThreads="4">
  <mem-info id="5767" free="27873072" total="45875200" percent="60">
    <mem type="tenure" free="27873072" total="45875200" percent="60" micro-fragmented="96869" macro-fragmented="0">
      <mem type="soa" free="27414320" total="45416448" percent="60" />
      <mem type="loa" free="458752" total="458752" percent="100" />
    </mem>
  </mem-info>
</gc-end>
<cycle-end id="5768" type="global" contextid="5761" timestamp="2019-07-02T23:30:47.477">
  <attribute name="GC Util" value="190" />
  <attribute name="CPU Util" value="2057842493749" />
  <attribute name="Time Running"value="25022"/>
  <attribute name="Number of cores"value="4"/>
</cycle-end>
<allocation-satisfied id="5769" threadId="0000000001AB4700" bytesRequested="208" />
<af-end id="5770" timestamp="2019-07-02T23:30:47.477" threadId="0000000001AB5088" success="true" />
<exclusive-end id="5771" timestamp="2019-07-02T23:30:47.477" durationms="10.502" />

<exclusive-start id="5772" timestamp="2019-07-02T23:30:47.482" intervalms="15.738">
  <response-info timems="0.060" idlems="0.060" threads="0" lastid="0000000001AB4700" lastname="main" />
</exclusive-start>
<af-start id="5773" threadId="0000000001AB5088" totalBytesRequested="88" timestamp="2019-07-02T23:30:47.482" intervalms="15.736" />
<cycle-start id="5774" type="global" contextid="0" timestamp="2019-07-02T23:30:47.482" intervalms="15.716" />
  <attribute name="GC Util" value="190" />
  <attribute name="CPU Util" value="2057842493749" />
  <attribute name="Time Running"value="25022"/>
  <attribute name="Number of cores"value="4"/>
<gc-start id="5775" type="global" contextid="5774" timestamp="2019-07-02T23:30:47.482">
  <mem-info id="5776" free="458752" total="45875200" percent="1">
    <mem type="tenure" free="458752" total="45875200" percent="1">
      <mem type="soa" free="0" total="45416448" percent="0" />
      <mem type="loa" free="458752" total="458752" percent="100" />
    </mem>
  </mem-info>
</gc-start>
<allocation-stats totalBytes="27384720" >
  <allocated-bytes non-tlh="0" tlh="27384720" />
  <largest-consumer threadName="main" threadId="0000000001AB4700" bytes="27384720" />
</allocation-stats>
<gc-op id="5777" type="mark" timems="9.578" contextid="5774" timestamp="2019-07-02T23:30:47.492">
  <trace-info objectcount="596270" scancount="517292" scanbytes="13271636" />
  <finalization candidates="80" enqueued="0" />
  <ownableSynchronizers candidates="21" cleared="0" />
  <references type="soft" candidates="1843" cleared="0" enqueued="0" dynamicThreshold="19" maxThreshold="32" />
  <references type="weak" candidates="5776" cleared="0" enqueued="0" />
  <references type="phantom" candidates="101" cleared="0" enqueued="0" />
  <stringconstants candidates="13253" cleared="0"  />
</gc-op>
<gc-op id="5778" type="sweep" timems="0.698" contextid="5774" timestamp="2019-07-02T23:30:47.493" />
<gc-end id="5779" type="global" contextid="5774" durationms="10.757" usertimems="20.000" systemtimems="8.000" timestamp="2019-07-02T23:30:47.493" activeThreads="4">
  <mem-info id="5780" free="27872904" total="45875200" percent="60">
    <mem type="tenure" free="27872904" total="45875200" percent="60" micro-fragmented="97058" macro-fragmented="0">
      <mem type="soa" free="27414152" total="45416448" percent="60" />
      <mem type="loa" free="458752" total="458752" percent="100" />
    </mem>
  </mem-info>
</gc-end>
<cycle-end id="5781" type="global" contextid="5774" timestamp="2019-07-02T23:30:47.493">
  <attribute name="GC Util" value="189" />
  <attribute name="CPU Util" value="1898330022237" />
  <attribute name="Time Running"value="25038"/>
  <attribute name="Number of cores"value="4"/>
</cycle-end>
<allocation-satisfied id="5782" threadId="0000000001AB4700" bytesRequested="88" />
<af-end id="5783" timestamp="2019-07-02T23:30:47.493" threadId="0000000001AB5088" success="true" />
<exclusive-end id="5784" timestamp="2019-07-02T23:30:47.494" durationms="11.459" />

<exclusive-start id="5785" timestamp="2019-07-02T23:30:47.499" intervalms="16.615">
  <response-info timems="0.033" idlems="0.033" threads="0" lastid="0000000001AB4700" lastname="main" />
</exclusive-start>
<af-start id="5786" threadId="0000000001AB5088" totalBytesRequested="32" timestamp="2019-07-02T23:30:47.499" intervalms="16.632" />
<cycle-start id="5787" type="global" contextid="0" timestamp="2019-07-02T23:30:47.499" intervalms="16.622" />
  <attribute name="GC Util" value="189" />
  <attribute name="CPU Util" value="1898330022237" />
  <attribute name="Time Running"value="25038"/>
  <attribute name="Number of cores"value="4"/>
<gc-start id="5788" type="global" contextid="5787" timestamp="2019-07-02T23:30:47.499">
  <mem-info id="5789" free="458752" total="45875200" percent="1">
    <mem type="tenure" free="458752" total="45875200" percent="1">
      <mem type="soa" free="0" total="45416448" percent="0" />
      <mem type="loa" free="458752" total="458752" percent="100" />
    </mem>
  </mem-info>
</gc-start>
<allocation-stats totalBytes="27383160" >
  <allocated-bytes non-tlh="0" tlh="27383160" />
  <largest-consumer threadName="main" threadId="0000000001AB4700" bytes="27383160" />
</allocation-stats>
<gc-op id="5790" type="mark" timems="8.793" contextid="5787" timestamp="2019-07-02T23:30:47.508">
  <trace-info objectcount="596272" scancount="517268" scanbytes="13271652" />
  <finalization candidates="80" enqueued="0" />
  <ownableSynchronizers candidates="21" cleared="0" />
  <references type="soft" candidates="1843" cleared="0" enqueued="0" dynamicThreshold="19" maxThreshold="32" />
  <references type="weak" candidates="5776" cleared="0" enqueued="0" />
  <references type="phantom" candidates="101" cleared="0" enqueued="0" />
  <stringconstants candidates="13253" cleared="0"  />
</gc-op>
<gc-op id="5791" type="sweep" timems="0.635" contextid="5787" timestamp="2019-07-02T23:30:47.509" />
<gc-end id="5792" type="global" contextid="5787" durationms="9.889" usertimems="24.000" systemtimems="0.000" timestamp="2019-07-02T23:30:47.509" activeThreads="4">
  <mem-info id="5793" free="27872344" total="45875200" percent="60">
    <mem type="tenure" free="27872344" total="45875200" percent="60" micro-fragmented="97058" macro-fragmented="0">
      <mem type="soa" free="27413592" total="45416448" percent="60" />
      <mem type="loa" free="458752" total="458752" percent="100" />
    </mem>
  </mem-info>
</gc-end>
<cycle-end id="5794" type="global" contextid="5787" timestamp="2019-07-02T23:30:47.509">
  <attribute name="GC Util" value="190" />
  <attribute name="CPU Util" value="2064571146972" />
  <attribute name="Time Running"value="25054"/>
  <attribute name="Number of cores"value="4"/>
</cycle-end>
<allocation-satisfied id="5795" threadId="0000000001AB4700" bytesRequested="32" />
<af-end id="5796" timestamp="2019-07-02T23:30:47.509" threadId="0000000001AB5088" success="true" />
<exclusive-end id="5797" timestamp="2019-07-02T23:30:47.509" durationms="10.569" />

<exclusive-start id="5798" timestamp="2019-07-02T23:30:47.514" intervalms="15.790">
  <response-info timems="0.034" idlems="0.034" threads="0" lastid="0000000001AB4700" lastname="main" />
</exclusive-start>
<af-start id="5799" threadId="0000000001AB5088" totalBytesRequested="32" timestamp="2019-07-02T23:30:47.515" intervalms="15.778" />
<cycle-start id="5800" type="global" contextid="0" timestamp="2019-07-02T23:30:47.515" intervalms="15.794" />
  <attribute name="GC Util" value="190" />
  <attribute name="CPU Util" value="2064571146972" />
  <attribute name="Time Running"value="25054"/>
  <attribute name="Number of cores"value="4"/>
<gc-start id="5801" type="global" contextid="5800" timestamp="2019-07-02T23:30:47.515">
  <mem-info id="5802" free="458752" total="45875200" percent="1">
    <mem type="tenure" free="458752" total="45875200" percent="1">
      <mem type="soa" free="0" total="45416448" percent="0" />
      <mem type="loa" free="458752" total="458752" percent="100" />
    </mem>
  </mem-info>
</gc-start>
<allocation-stats totalBytes="27382640" >
  <allocated-bytes non-tlh="0" tlh="27382640" />
  <largest-consumer threadName="main" threadId="0000000001AB4700" bytes="27382640" />
</allocation-stats>
<gc-op id="5803" type="mark" timems="9.055" contextid="5800" timestamp="2019-07-02T23:30:47.524">
  <trace-info objectcount="596272" scancount="517270" scanbytes="13271652" />
  <finalization candidates="80" enqueued="0" />
  <ownableSynchronizers candidates="21" cleared="0" />
  <references type="soft" candidates="1843" cleared="0" enqueued="0" dynamicThreshold="19" maxThreshold="32" />
  <references type="weak" candidates="5776" cleared="0" enqueued="0" />
  <references type="phantom" candidates="101" cleared="0" enqueued="0" />
  <stringconstants candidates="13253" cleared="0"  />
</gc-op>
<gc-op id="5804" type="sweep" timems="0.593" contextid="5800" timestamp="2019-07-02T23:30:47.525" />
<gc-end id="5805" type="global" contextid="5800" durationms="10.103" usertimems="28.000" systemtimems="0.000" timestamp="2019-07-02T23:30:47.525" activeThreads="4">
  <mem-info id="5806" free="27872888" total="45875200" percent="60">
    <mem type="tenure" free="27872888" total="45875200" percent="60" micro-fragmented="97058" macro-fragmented="0">
      <mem type="soa" free="27414136" total="45416448" percent="60" />
      <mem type="loa" free="458752" total="458752" percent="100" />
    </mem>
  </mem-info>
</gc-end>
<cycle-end id="5807" type="global" contextid="5800" timestamp="2019-07-02T23:30:47.525">
  <attribute name="GC Util" value="191" />
  <attribute name="CPU Util" value="2003471443272" />
  <attribute name="Time Running"value="25070"/>
  <attribute name="Number of cores"value="4"/>
</cycle-end>
<allocation-satisfied id="5808" threadId="0000000001AB4700" bytesRequested="32" />
<af-end id="5809" timestamp="2019-07-02T23:30:47.525" threadId="0000000001AB5088" success="true" />
<exclusive-end id="5810" timestamp="2019-07-02T23:30:47.525" durationms="10.772" />

<exclusive-start id="5811" timestamp="2019-07-02T23:30:47.531" intervalms="16.123">
  <response-info timems="0.108" idlems="0.108" threads="0" lastid="0000000001AB4700" lastname="main" />
</exclusive-start>
<af-start id="5812" threadId="0000000001AB5088" totalBytesRequested="32" timestamp="2019-07-02T23:30:47.531" intervalms="16.107" />
<cycle-start id="5813" type="global" contextid="0" timestamp="2019-07-02T23:30:47.531" intervalms="16.097" />
  <attribute name="GC Util" value="191" />
  <attribute name="CPU Util" value="2003471443272" />
  <attribute name="Time Running"value="25070"/>
  <attribute name="Number of cores"value="4"/>
<gc-start id="5814" type="global" contextid="5813" timestamp="2019-07-02T23:30:47.531">
  <mem-info id="5815" free="458752" total="45875200" percent="1">
    <mem type="tenure" free="458752" total="45875200" percent="1">
      <mem type="soa" free="0" total="45416448" percent="0" />
      <mem type="loa" free="458752" total="458752" percent="100" />
    </mem>
  </mem-info>
</gc-start>
<allocation-stats totalBytes="27383872" >
  <allocated-bytes non-tlh="0" tlh="27383872" />
  <largest-consumer threadName="main" threadId="0000000001AB4700" bytes="27383872" />
</allocation-stats>
<gc-op id="5816" type="mark" timems="8.993" contextid="5813" timestamp="2019-07-02T23:30:47.540">
  <trace-info objectcount="596272" scancount="517265" scanbytes="13271652" />
  <finalization candidates="80" enqueued="0" />
  <ownableSynchronizers candidates="21" cleared="0" />
  <references type="soft" candidates="1843" cleared="0" enqueued="0" dynamicThreshold="19" maxThreshold="32" />
  <references type="weak" candidates="5776" cleared="0" enqueued="0" />
  <references type="phantom" candidates="101" cleared="0" enqueued="0" />
  <stringconstants candidates="13253" cleared="0"  />
</gc-op>
<gc-op id="5817" type="sweep" timems="0.602" contextid="5813" timestamp="2019-07-02T23:30:47.541" />
<gc-end id="5818" type="global" contextid="5813" durationms="10.059" usertimems="24.000" systemtimems="0.000" timestamp="2019-07-02T23:30:47.541" activeThreads="4">
  <mem-info id="5819" free="27872904" total="45875200" percent="60">
    <mem type="tenure" free="27872904" total="45875200" percent="60" micro-fragmented="97058" macro-fragmented="0">
      <mem type="soa" free="27414152" total="45416448" percent="60" />
      <mem type="loa" free="458752" total="458752" percent="100" />
    </mem>
  </mem-info>
</gc-end>
<cycle-end id="5820" type="global" contextid="5813" timestamp="2019-07-02T23:30:47.541">
  <attribute name="GC Util" value="189" />
  <attribute name="CPU Util" value="2020543843339" />
  <attribute name="Time Running"value="25086"/>
  <attribute name="Number of cores"value="4"/>
</cycle-end>
<allocation-satisfied id="5821" threadId="0000000001AB4700" bytesRequested="32" />
<af-end id="5822" timestamp="2019-07-02T23:30:47.541" threadId="0000000001AB5088" success="true" />
<exclusive-end id="5823" timestamp="2019-07-02T23:30:47.541" durationms="10.727" />

<exclusive-start id="5824" timestamp="2019-07-02T23:30:47.547" intervalms="15.922">
  <response-info timems="0.110" idlems="0.110" threads="0" lastid="0000000001AB4700" lastname="main" />
</exclusive-start>
<af-start id="5825" threadId="0000000001AB5088" totalBytesRequested="16" timestamp="2019-07-02T23:30:47.547" intervalms="15.928" />
<cycle-start id="5826" type="global" contextid="0" timestamp="2019-07-02T23:30:47.547" intervalms="15.927" />
  <attribute name="GC Util" value="189" />
  <attribute name="CPU Util" value="2020543843339" />
  <attribute name="Time Running"value="25086"/>
  <attribute name="Number of cores"value="4"/>
<gc-start id="5827" type="global" contextid="5826" timestamp="2019-07-02T23:30:47.547">
  <mem-info id="5828" free="458752" total="45875200" percent="1">
    <mem type="tenure" free="458752" total="45875200" percent="1">
      <mem type="soa" free="0" total="45416448" percent="0" />
      <mem type="loa" free="458752" total="458752" percent="100" />
    </mem>
  </mem-info>
</gc-start>
<allocation-stats totalBytes="27383192" >
  <allocated-bytes non-tlh="0" tlh="27383192" />
  <largest-consumer threadName="main" threadId="0000000001AB4700" bytes="27383192" />
</allocation-stats>
<gc-op id="5829" type="mark" timems="8.917" contextid="5826" timestamp="2019-07-02T23:30:47.556">
  <trace-info objectcount="596273" scancount="517264" scanbytes="13271684" />
  <finalization candidates="80" enqueued="0" />
  <ownableSynchronizers candidates="21" cleared="0" />
  <references type="soft" candidates="1843" cleared="0" enqueued="0" dynamicThreshold="19" maxThreshold="32" />
  <references type="weak" candidates="5776" cleared="0" enqueued="0" />
  <references type="phantom" candidates="101" cleared="0" enqueued="0" />
  <stringconstants candidates="13253" cleared="0"  />
</gc-op>
<gc-op id="5830" type="sweep" timems="0.726" contextid="5826" timestamp="2019-07-02T23:30:47.557" />
<gc-end id="5831" type="global" contextid="5826" durationms="10.021" usertimems="28.000" systemtimems="0.000" timestamp="2019-07-02T23:30:47.557" activeThreads="4">
  <mem-info id="5832" free="27872640" total="45875200" percent="60">
    <mem type="tenure" free="27872640" total="45875200" percent="60" micro-fragmented="96869" macro-fragmented="0">
      <mem type="soa" free="27413888" total="45416448" percent="60" />
      <mem type="loa" free="458752" total="458752" percent="100" />
    </mem>
  </mem-info>
</gc-end>
<cycle-end id="5833" type="global" contextid="5826" timestamp="2019-07-02T23:30:47.557">
  <attribute name="GC Util" value="190" />
  <attribute name="CPU Util" value="2042997453238" />
  <attribute name="Time Running"value="25102"/>
  <attribute name="Number of cores"value="4"/>
</cycle-end>
<allocation-satisfied id="5834" threadId="0000000001AB4700" bytesRequested="16" />
<af-end id="5835" timestamp="2019-07-02T23:30:47.557" threadId="0000000001AB5088" success="true" />
<exclusive-end id="5836" timestamp="2019-07-02T23:30:47.557" durationms="10.563" />

<exclusive-start id="5837" timestamp="2019-07-02T23:30:47.562" intervalms="15.843">
  <response-info timems="0.103" idlems="0.103" threads="0" lastid="0000000001AB4700" lastname="main" />
</exclusive-start>
<af-start id="5838" threadId="0000000001AB5088" totalBytesRequested="232" timestamp="2019-07-02T23:30:47.562" intervalms="15.829" />
<cycle-start id="5839" type="global" contextid="0" timestamp="2019-07-02T23:30:47.563" intervalms="15.795" />
  <attribute name="GC Util" value="190" />
  <attribute name="CPU Util" value="2042997453238" />
  <attribute name="Time Running"value="25102"/>
  <attribute name="Number of cores"value="4"/>
<gc-start id="5840" type="global" contextid="5839" timestamp="2019-07-02T23:30:47.563">
  <mem-info id="5841" free="458752" total="45875200" percent="1">
    <mem type="tenure" free="458752" total="45875200" percent="1">
      <mem type="soa" free="0" total="45416448" percent="0" />
      <mem type="loa" free="458752" total="458752" percent="100" />
    </mem>
  </mem-info>
</gc-start>
<allocation-stats totalBytes="27383072" >
  <allocated-bytes non-tlh="0" tlh="27383072" />
  <largest-consumer threadName="main" threadId="0000000001AB4700" bytes="27383072" />
</allocation-stats>
<gc-op id="5842" type="mark" timems="9.172" contextid="5839" timestamp="2019-07-02T23:30:47.572">
  <trace-info objectcount="596270" scancount="517313" scanbytes="13271636" />
  <finalization candidates="80" enqueued="0" />
  <ownableSynchronizers candidates="21" cleared="0" />
  <references type="soft" candidates="1843" cleared="0" enqueued="0" dynamicThreshold="19" maxThreshold="32" />
  <references type="weak" candidates="5776" cleared="0" enqueued="0" />
  <references type="phantom" candidates="101" cleared="0" enqueued="0" />
  <stringconstants candidates="13253" cleared="0"  />
</gc-op>
<gc-op id="5843" type="sweep" timems="0.594" contextid="5839" timestamp="2019-07-02T23:30:47.573" />
<gc-end id="5844" type="global" contextid="5839" durationms="10.109" usertimems="24.000" systemtimems="0.000" timestamp="2019-07-02T23:30:47.573" activeThreads="4">
  <mem-info id="5845" free="27873152" total="45875200" percent="60">
    <mem type="tenure" free="27873152" total="45875200" percent="60" micro-fragmented="97058" macro-fragmented="0">
      <mem type="soa" free="27414400" total="45416448" percent="60" />
      <mem type="loa" free="458752" total="458752" percent="100" />
    </mem>
  </mem-info>
</gc-end>
<cycle-end id="5846" type="global" contextid="5839" timestamp="2019-07-02T23:30:47.573">
  <attribute name="GC Util" value="190" />
  <attribute name="CPU Util" value="1987019180206" />
  <attribute name="Time Running"value="25118"/>
  <attribute name="Number of cores"value="4"/>
</cycle-end>
<allocation-satisfied id="5847" threadId="0000000001AB4700" bytesRequested="232" />
<af-end id="5848" timestamp="2019-07-02T23:30:47.573" threadId="0000000001AB5088" success="true" />
<exclusive-end id="5849" timestamp="2019-07-02T23:30:47.573" durationms="10.588" />

<exclusive-start id="5850" timestamp="2019-07-02T23:30:47.578" intervalms="15.845">
  <response-info timems="0.088" idlems="0.088" threads="0" lastid="0000000001AB4700" lastname="main" />
</exclusive-start>
<af-start id="5851" threadId="0000000001AB5088" totalBytesRequested="16" timestamp="2019-07-02T23:30:47.578" intervalms="15.844" />
<cycle-start id="5852" type="global" contextid="0" timestamp="2019-07-02T23:30:47.578" intervalms="15.848" />
  <attribute name="GC Util" value="190" />
  <attribute name="CPU Util" value="1987019180206" />
  <attribute name="Time Running"value="25118"/>
  <attribute name="Number of cores"value="4"/>
<gc-start id="5853" type="global" contextid="5852" timestamp="2019-07-02T23:30:47.578">
  <mem-info id="5854" free="458752" total="45875200" percent="1">
    <mem type="tenure" free="458752" total="45875200" percent="1">
      <mem type="soa" free="0" total="45416448" percent="0" />
      <mem type="loa" free="458752" total="458752" percent="100" />
    </mem>
  </mem-info>
</gc-start>
<allocation-stats totalBytes="27383688" >
  <allocated-bytes non-tlh="0" tlh="27383688" />
  <largest-consumer threadName="main" threadId="0000000001AB4700" bytes="27383688" />
</allocation-stats>
<gc-op id="5855" type="mark" timems="9.360" contextid="5852" timestamp="2019-07-02T23:30:47.588">
  <trace-info objectcount="596271" scancount="517268" scanbytes="13271636" />
  <finalization candidates="80" enqueued="0" />
  <ownableSynchronizers candidates="21" cleared="0" />
  <references type="soft" candidates="1843" cleared="0" enqueued="0" dynamicThreshold="19" maxThreshold="32" />
  <references type="weak" candidates="5776" cleared="0" enqueued="0" />
  <references type="phantom" candidates="101" cleared="0" enqueued="0" />
  <stringconstants candidates="13253" cleared="0"  />
</gc-op>
<gc-op id="5856" type="sweep" timems="0.719" contextid="5852" timestamp="2019-07-02T23:30:47.589" />
<gc-end id="5857" type="global" contextid="5852" durationms="10.434" usertimems="28.000" systemtimems="0.000" timestamp="2019-07-02T23:30:47.589" activeThreads="4">
  <mem-info id="5858" free="27873208" total="45875200" percent="60">
    <mem type="tenure" free="27873208" total="45875200" percent="60" micro-fragmented="96869" macro-fragmented="0">
      <mem type="soa" free="27414456" total="45416448" percent="60" />
      <mem type="loa" free="458752" total="458752" percent="100" />
    </mem>
  </mem-info>
</gc-end>
<cycle-end id="5859" type="global" contextid="5852" timestamp="2019-07-02T23:30:47.589">
  <attribute name="GC Util" value="191" />
  <attribute name="CPU Util" value="1944862523500" />
  <attribute name="Time Running"value="25134"/>
  <attribute name="Number of cores"value="4"/>
</cycle-end>
<allocation-satisfied id="5860" threadId="0000000001AB4700" bytesRequested="16" />
<af-end id="5861" timestamp="2019-07-02T23:30:47.589" threadId="0000000001AB5088" success="true" />
<exclusive-end id="5862" timestamp="2019-07-02T23:30:47.589" durationms="10.906" />

<exclusive-start id="5863" timestamp="2019-07-02T23:30:47.595" intervalms="16.597">
  <response-info timems="0.111" idlems="0.111" threads="0" lastid="0000000001AB4700" lastname="main" />
</exclusive-start>
<af-start id="5864" threadId="0000000001AB5088" totalBytesRequested="40" timestamp="2019-07-02T23:30:47.595" intervalms="16.607" />
<cycle-start id="5865" type="global" contextid="0" timestamp="2019-07-02T23:30:47.595" intervalms="16.602" />
  <attribute name="GC Util" value="191" />
  <attribute name="CPU Util" value="1944862523500" />
  <attribute name="Time Running"value="25134"/>
  <attribute name="Number of cores"value="4"/>
<gc-start id="5866" type="global" contextid="5865" timestamp="2019-07-02T23:30:47.595">
  <mem-info id="5867" free="458752" total="45875200" percent="1">
    <mem type="tenure" free="458752" total="45875200" percent="1">
      <mem type="soa" free="0" total="45416448" percent="0" />
      <mem type="loa" free="458752" total="458752" percent="100" />
    </mem>
  </mem-info>
</gc-start>
<allocation-stats totalBytes="27385320" >
  <allocated-bytes non-tlh="0" tlh="27385320" />
  <largest-consumer threadName="main" threadId="0000000001AB4700" bytes="27385320" />
</allocation-stats>
<gc-op id="5868" type="mark" timems="9.147" contextid="5865" timestamp="2019-07-02T23:30:47.604">
  <trace-info objectcount="596273" scancount="517287" scanbytes="13271688" />
  <finalization candidates="80" enqueued="0" />
  <ownableSynchronizers candidates="21" cleared="0" />
  <references type="soft" candidates="1843" cleared="0" enqueued="0" dynamicThreshold="19" maxThreshold="32" />
  <references type="weak" candidates="5776" cleared="0" enqueued="0" />
  <references type="phantom" candidates="101" cleared="0" enqueued="0" />
  <stringconstants candidates="13253" cleared="0"  />
</gc-op>
<gc-op id="5869" type="sweep" timems="0.576" contextid="5865" timestamp="2019-07-02T23:30:47.605" />
<gc-end id="5870" type="global" contextid="5865" durationms="10.083" usertimems="32.000" systemtimems="0.000" timestamp="2019-07-02T23:30:47.605" activeThreads="4">
  <mem-info id="5871" free="27872952" total="45875200" percent="60">
    <mem type="tenure" free="27872952" total="45875200" percent="60" micro-fragmented="81538" macro-fragmented="0">
      <mem type="soa" free="27414200" total="45416448" percent="60" />
      <mem type="loa" free="458752" total="458752" percent="100" />
    </mem>
  </mem-info>
</gc-end>
<cycle-end id="5872" type="global" contextid="5865" timestamp="2019-07-02T23:30:47.605">
  <attribute name="GC Util" value="188" />
  <attribute name="CPU Util" value="1992476820083" />
  <attribute name="Time Running"value="25150"/>
  <attribute name="Number of cores"value="4"/>
</cycle-end>
<allocation-satisfied id="5873" threadId="0000000001AB4700" bytesRequested="40" />
<af-end id="5874" timestamp="2019-07-02T23:30:47.605" threadId="0000000001AB5088" success="true" />
<exclusive-end id="5875" timestamp="2019-07-02T23:30:47.605" durationms="10.571" />

<exclusive-start id="5876" timestamp="2019-07-02T23:30:47.611" intervalms="16.297">
  <response-info timems="0.155" idlems="0.155" threads="0" lastid="0000000001AB4700" lastname="main" />
</exclusive-start>
<af-start id="5877" threadId="0000000001AB5088" totalBytesRequested="280" timestamp="2019-07-02T23:30:47.611" intervalms="16.286" />
<cycle-start id="5878" type="global" contextid="0" timestamp="2019-07-02T23:30:47.611" intervalms="16.294" />
  <attribute name="GC Util" value="188" />
  <attribute name="CPU Util" value="1992476820083" />
  <attribute name="Time Running"value="25150"/>
  <attribute name="Number of cores"value="4"/>
<gc-start id="5879" type="global" contextid="5878" timestamp="2019-07-02T23:30:47.611">
  <mem-info id="5880" free="458752" total="45875200" percent="1">
    <mem type="tenure" free="458752" total="45875200" percent="1">
      <mem type="soa" free="0" total="45416448" percent="0" />
      <mem type="loa" free="458752" total="458752" percent="100" />
    </mem>
  </mem-info>
</gc-start>
<allocation-stats totalBytes="27385696" >
  <allocated-bytes non-tlh="0" tlh="27385696" />
  <largest-consumer threadName="main" threadId="0000000001AB4700" bytes="27385696" />
</allocation-stats>
<gc-op id="5881" type="mark" timems="9.560" contextid="5878" timestamp="2019-07-02T23:30:47.621">
  <trace-info objectcount="596271" scancount="517290" scanbytes="13271672" />
  <finalization candidates="80" enqueued="0" />
  <ownableSynchronizers candidates="21" cleared="0" />
  <references type="soft" candidates="1843" cleared="0" enqueued="0" dynamicThreshold="19" maxThreshold="32" />
  <references type="weak" candidates="5776" cleared="0" enqueued="0" />
  <references type="phantom" candidates="101" cleared="0" enqueued="0" />
  <stringconstants candidates="13253" cleared="0"  />
</gc-op>
<gc-op id="5882" type="sweep" timems="0.651" contextid="5878" timestamp="2019-07-02T23:30:47.622" />
<gc-end id="5883" type="global" contextid="5878" durationms="10.566" usertimems="40.000" systemtimems="0.000" timestamp="2019-07-02T23:30:47.622" activeThreads="4">
  <mem-info id="5884" free="27872512" total="45875200" percent="60">
    <mem type="tenure" free="27872512" total="45875200" percent="60" micro-fragmented="81538" macro-fragmented="0">
      <mem type="soa" free="27413760" total="45416448" percent="60" />
      <mem type="loa" free="458752" total="458752" percent="100" />
    </mem>
  </mem-info>
</gc-end>
<cycle-end id="5885" type="global" contextid="5878" timestamp="2019-07-02T23:30:47.622">
  <attribute name="GC Util" value="190" />
  <attribute name="CPU Util" value="1905812765047" />
  <attribute name="Time Running"value="25167"/>
  <attribute name="Number of cores"value="4"/>
</cycle-end>
<allocation-satisfied id="5886" threadId="0000000001AB4700" bytesRequested="280" />
<af-end id="5887" timestamp="2019-07-02T23:30:47.622" threadId="0000000001AB5088" success="true" />
<exclusive-end id="5888" timestamp="2019-07-02T23:30:47.622" durationms="11.032" />

<exclusive-start id="5889" timestamp="2019-07-02T23:30:47.628" intervalms="16.594">
  <response-info timems="0.036" idlems="0.036" threads="0" lastid="0000000001AB4700" lastname="main" />
</exclusive-start>
<af-start id="5890" threadId="0000000001AB5088" totalBytesRequested="248" timestamp="2019-07-02T23:30:47.628" intervalms="16.569" />
<cycle-start id="5891" type="global" contextid="0" timestamp="2019-07-02T23:30:47.628" intervalms="16.562" />
  <attribute name="GC Util" value="190" />
  <attribute name="CPU Util" value="1905812765047" />
  <attribute name="Time Running"value="25167"/>
  <attribute name="Number of cores"value="4"/>
<gc-start id="5892" type="global" contextid="5891" timestamp="2019-07-02T23:30:47.628">
  <mem-info id="5893" free="458752" total="45875200" percent="1">
    <mem type="tenure" free="458752" total="45875200" percent="1">
      <mem type="soa" free="0" total="45416448" percent="0" />
      <mem type="loa" free="458752" total="458752" percent="100" />
    </mem>
  </mem-info>
</gc-start>
<allocation-stats totalBytes="27387256" >
  <allocated-bytes non-tlh="0" tlh="27387256" />
  <largest-consumer threadName="main" threadId="0000000001AB4700" bytes="27387256" />
</allocation-stats>
<gc-op id="5894" type="mark" timems="9.379" contextid="5891" timestamp="2019-07-02T23:30:47.637">
  <trace-info objectcount="596271" scancount="517297" scanbytes="13271672" />
  <finalization candidates="80" enqueued="0" />
  <ownableSynchronizers candidates="21" cleared="0" />
  <references type="soft" candidates="1843" cleared="0" enqueued="0" dynamicThreshold="19" maxThreshold="32" />
  <references type="weak" candidates="5776" cleared="0" enqueued="0" />
  <references type="phantom" candidates="101" cleared="0" enqueued="0" />
  <stringconstants candidates="13253" cleared="0"  />
</gc-op>
<gc-op id="5895" type="sweep" timems="0.605" contextid="5891" timestamp="2019-07-02T23:30:47.638" />
<gc-end id="5896" type="global" contextid="5891" durationms="10.341" usertimems="36.000" systemtimems="0.000" timestamp="2019-07-02T23:30:47.638" activeThreads="4">
  <mem-info id="5897" free="27873104" total="45875200" percent="60">
    <mem type="tenure" free="27873104" total="45875200" percent="60" micro-fragmented="81538" macro-fragmented="0">
      <mem type="soa" free="27414352" total="45416448" percent="60" />
      <mem type="loa" free="458752" total="458752" percent="100" />
    </mem>
  </mem-info>
</gc-end>
<cycle-end id="5898" type="global" contextid="5891" timestamp="2019-07-02T23:30:47.638">
  <attribute name="GC Util" value="191" />
  <attribute name="CPU Util" value="1940109438821" />
  <attribute name="Time Running"value="25183"/>
  <attribute name="Number of cores"value="4"/>
</cycle-end>
<allocation-satisfied id="5899" threadId="0000000001AB4700" bytesRequested="248" />
<af-end id="5900" timestamp="2019-07-02T23:30:47.638" threadId="0000000001AB5088" success="true" />
<exclusive-end id="5901" timestamp="2019-07-02T23:30:47.638" durationms="10.774" />

<exclusive-start id="5902" timestamp="2019-07-02T23:30:47.646" intervalms="18.340">
  <response-info timems="0.096" idlems="0.096" threads="0" lastid="0000000001AB4700" lastname="main" />
</exclusive-start>
<af-start id="5903" threadId="0000000001AB5088" totalBytesRequested="64" timestamp="2019-07-02T23:30:47.646" intervalms="18.350" />
<cycle-start id="5904" type="global" contextid="0" timestamp="2019-07-02T23:30:47.646" intervalms="18.356" />
  <attribute name="GC Util" value="191" />
  <attribute name="CPU Util" value="1940109438821" />
  <attribute name="Time Running"value="25183"/>
  <attribute name="Number of cores"value="4"/>
<gc-start id="5905" type="global" contextid="5904" timestamp="2019-07-02T23:30:47.646">
  <mem-info id="5906" free="458752" total="45875200" percent="1">
    <mem type="tenure" free="458752" total="45875200" percent="1">
      <mem type="soa" free="0" total="45416448" percent="0" />
      <mem type="loa" free="458752" total="458752" percent="100" />
    </mem>
  </mem-info>
</gc-start>
<allocation-stats totalBytes="27394240" >
  <allocated-bytes non-tlh="0" tlh="27394240" />
  <largest-consumer threadName="main" threadId="0000000001AB4700" bytes="27394240" />
</allocation-stats>
<gc-op id="5907" type="mark" timems="9.007" contextid="5904" timestamp="2019-07-02T23:30:47.655">
  <trace-info objectcount="596295" scancount="517286" scanbytes="13272940" />
  <finalization candidates="80" enqueued="0" />
  <ownableSynchronizers candidates="21" cleared="0" />
  <references type="soft" candidates="1843" cleared="0" enqueued="0" dynamicThreshold="19" maxThreshold="32" />
  <references type="weak" candidates="5776" cleared="0" enqueued="0" />
  <references type="phantom" candidates="101" cleared="0" enqueued="0" />
  <stringconstants candidates="13253" cleared="0"  />
</gc-op>
<gc-op id="5908" type="sweep" timems="0.574" contextid="5904" timestamp="2019-07-02T23:30:47.656" />
<gc-end id="5909" type="global" contextid="5904" durationms="9.930" usertimems="28.000" systemtimems="0.000" timestamp="2019-07-02T23:30:47.656" activeThreads="4">
  <mem-info id="5910" free="27871592" total="45875200" percent="60">
    <mem type="tenure" free="27871592" total="45875200" percent="60" micro-fragmented="129909" macro-fragmented="0">
      <mem type="soa" free="27412840" total="45416448" percent="60" />
      <mem type="loa" free="458752" total="458752" percent="100" />
    </mem>
  </mem-info>
</gc-end>
<cycle-end id="5911" type="global" contextid="5904" timestamp="2019-07-02T23:30:47.656">
  <attribute name="GC Util" value="189" />
  <attribute name="CPU Util" value="2019987379568" />
  <attribute name="Time Running"value="25201"/>
  <attribute name="Number of cores"value="4"/>
</cycle-end>
<allocation-satisfied id="5912" threadId="0000000001AB4700" bytesRequested="64" />
<af-end id="5913" timestamp="2019-07-02T23:30:47.656" threadId="0000000001AB5088" success="true" />
<exclusive-end id="5914" timestamp="2019-07-02T23:30:47.656" durationms="10.390" />

<exclusive-start id="5915" timestamp="2019-07-02T23:30:47.666" intervalms="20.401">
  <response-info timems="0.121" idlems="0.121" threads="0" lastid="0000000001AB4700" lastname="main" />
</exclusive-start>
<af-start id="5916" threadId="0000000001AB5088" totalBytesRequested="64" timestamp="2019-07-02T23:30:47.667" intervalms="20.422" />
<cycle-start id="5917" type="global" contextid="0" timestamp="2019-07-02T23:30:47.667" intervalms="20.417" />
  <attribute name="GC Util" value="189" />
  <attribute name="CPU Util" value="2019987379568" />
  <attribute name="Time Running"value="25201"/>
  <attribute name="Number of cores"value="4"/>
<gc-start id="5918" type="global" contextid="5917" timestamp="2019-07-02T23:30:47.667">
  <mem-info id="5919" free="458752" total="45875200" percent="1">
    <mem type="tenure" free="458752" total="45875200" percent="1">
      <mem type="soa" free="0" total="45416448" percent="0" />
      <mem type="loa" free="458752" total="458752" percent="100" />
    </mem>
  </mem-info>
</gc-start>
<allocation-stats totalBytes="27400536" >
  <allocated-bytes non-tlh="0" tlh="27400536" />
  <largest-consumer threadName="main" threadId="0000000001AB4700" bytes="27400536" />
</allocation-stats>
<gc-op id="5920" type="mark" timems="9.714" contextid="5917" timestamp="2019-07-02T23:30:47.676">
  <trace-info objectcount="596295" scancount="517292" scanbytes="13272940" />
  <finalization candidates="80" enqueued="0" />
  <ownableSynchronizers candidates="21" cleared="0" />
  <references type="soft" candidates="1843" cleared="0" enqueued="0" dynamicThreshold="19" maxThreshold="32" />
  <references type="weak" candidates="5776" cleared="0" enqueued="0" />
  <references type="phantom" candidates="101" cleared="0" enqueued="0" />
  <stringconstants candidates="13253" cleared="0"  />
</gc-op>
<gc-op id="5921" type="sweep" timems="0.806" contextid="5917" timestamp="2019-07-02T23:30:47.677" />
<gc-end id="5922" type="global" contextid="5917" durationms="10.826" usertimems="24.000" systemtimems="4.000" timestamp="2019-07-02T23:30:47.678" activeThreads="4">
  <mem-info id="5923" free="27871984" total="45875200" percent="60">
    <mem type="tenure" free="27871984" total="45875200" percent="60" micro-fragmented="129909" macro-fragmented="0">
      <mem type="soa" free="27413232" total="45416448" percent="60" />
      <mem type="loa" free="458752" total="458752" percent="100" />
    </mem>
  </mem-info>
</gc-end>
<cycle-end id="5924" type="global" contextid="5917" timestamp="2019-07-02T23:30:47.678">
  <attribute name="GC Util" value="189" />
  <attribute name="CPU Util" value="1877854668088" />
  <attribute name="Time Running"value="25223"/>
  <attribute name="Number of cores"value="4"/>
</cycle-end>
<allocation-satisfied id="5925" threadId="0000000001AB4700" bytesRequested="64" />
<af-end id="5926" timestamp="2019-07-02T23:30:47.678" threadId="0000000001AB5088" success="true" />
<exclusive-end id="5927" timestamp="2019-07-02T23:30:47.678" durationms="11.311" />

<exclusive-start id="5928" timestamp="2019-07-02T23:30:47.688" intervalms="21.232">
  <response-info timems="0.068" idlems="0.068" threads="0" lastid="0000000001AB4700" lastname="main" />
</exclusive-start>
<af-start id="5929" threadId="0000000001AB5088" totalBytesRequested="136" timestamp="2019-07-02T23:30:47.688" intervalms="21.249" />
<cycle-start id="5930" type="global" contextid="0" timestamp="2019-07-02T23:30:47.688" intervalms="21.249" />
  <attribute name="GC Util" value="189" />
  <attribute name="CPU Util" value="1877854668088" />
  <attribute name="Time Running"value="25223"/>
  <attribute name="Number of cores"value="4"/>
<gc-start id="5931" type="global" contextid="5930" timestamp="2019-07-02T23:30:47.688">
  <mem-info id="5932" free="458752" total="45875200" percent="1">
    <mem type="tenure" free="458752" total="45875200" percent="1">
      <mem type="soa" free="0" total="45416448" percent="0" />
      <mem type="loa" free="458752" total="458752" percent="100" />
    </mem>
  </mem-info>
</gc-start>
<allocation-stats totalBytes="27400192" >
  <allocated-bytes non-tlh="0" tlh="27400192" />
  <largest-consumer threadName="main" threadId="0000000001AB4700" bytes="27400192" />
</allocation-stats>
<gc-op id="5933" type="mark" timems="9.171" contextid="5930" timestamp="2019-07-02T23:30:47.697">
  <trace-info objectcount="596297" scancount="517292" scanbytes="13273036" />
  <finalization candidates="80" enqueued="0" />
  <ownableSynchronizers candidates="21" cleared="0" />
  <references type="soft" candidates="1843" cleared="0" enqueued="0" dynamicThreshold="19" maxThreshold="32" />
  <references type="weak" candidates="5776" cleared="0" enqueued="0" />
  <references type="phantom" candidates="101" cleared="0" enqueued="0" />
  <stringconstants candidates="13253" cleared="0"  />
</gc-op>
<gc-op id="5934" type="sweep" timems="0.575" contextid="5930" timestamp="2019-07-02T23:30:47.698" />
<gc-end id="5935" type="global" contextid="5930" durationms="10.053" usertimems="24.000" systemtimems="0.000" timestamp="2019-07-02T23:30:47.698" activeThreads="4">
  <mem-info id="5936" free="27871792" total="45875200" percent="60">
    <mem type="tenure" free="27871792" total="45875200" percent="60" micro-fragmented="129909" macro-fragmented="0">
      <mem type="soa" free="27413040" total="45416448" percent="60" />
      <mem type="loa" free="458752" total="458752" percent="100" />
    </mem>
  </mem-info>
</gc-end>
<cycle-end id="5937" type="global" contextid="5930" timestamp="2019-07-02T23:30:47.698">
  <attribute name="GC Util" value="189" />
  <attribute name="CPU Util" value="1988423596198" />
  <attribute name="Time Running"value="25243"/>
  <attribute name="Number of cores"value="4"/>
</cycle-end>
<allocation-satisfied id="5938" threadId="0000000001AB4700" bytesRequested="136" />
<af-end id="5939" timestamp="2019-07-02T23:30:47.698" threadId="0000000001AB5088" success="true" />
<exclusive-end id="5940" timestamp="2019-07-02T23:30:47.698" durationms="10.542" />

<exclusive-start id="5941" timestamp="2019-07-02T23:30:47.889" intervalms="201.277">
  <response-info timems="0.088" idlems="0.088" threads="0" lastid="0000000001AB4700" lastname="main" />
</exclusive-start>
<af-start id="5942" threadId="0000000001AB5088" totalBytesRequested="15688" timestamp="2019-07-02T23:30:47.889" intervalms="201.356" />
<cycle-start id="5943" type="global" contextid="0" timestamp="2019-07-02T23:30:47.889" intervalms="201.406" />
  <attribute name="GC Util" value="189" />
  <attribute name="CPU Util" value="1988423596198" />
  <attribute name="Time Running"value="25243"/>
  <attribute name="Number of cores"value="4"/>
<gc-start id="5944" type="global" contextid="5943" timestamp="2019-07-02T23:30:47.889">
  <mem-info id="5945" free="458752" total="45875200" percent="1">
    <mem type="tenure" free="458752" total="45875200" percent="1">
      <mem type="soa" free="0" total="45416448" percent="0" />
      <mem type="loa" free="458752" total="458752" percent="100" />
    </mem>
  </mem-info>
</gc-start>
<allocation-stats totalBytes="26809472" >
  <allocated-bytes non-tlh="332000" tlh="26477472" />
  <largest-consumer threadName="main" threadId="0000000001AB4700" bytes="26809472" />
</allocation-stats>
<gc-op id="5946" type="mark" timems="10.023" contextid="5943" timestamp="2019-07-02T23:30:47.900">
  <trace-info objectcount="596293" scancount="517312" scanbytes="13308628" />
  <finalization candidates="80" enqueued="0" />
  <ownableSynchronizers candidates="21" cleared="0" />
  <references type="soft" candidates="1843" cleared="0" enqueued="0" dynamicThreshold="19" maxThreshold="32" />
  <references type="weak" candidates="5776" cleared="0" enqueued="0" />
  <references type="phantom" candidates="101" cleared="0" enqueued="0" />
  <stringconstants candidates="13253" cleared="0"  />
</gc-op>
<gc-op id="5947" type="sweep" timems="0.830" contextid="5943" timestamp="2019-07-02T23:30:47.901" />
<gc-end id="5948" type="global" contextid="5943" durationms="11.332" usertimems="44.000" systemtimems="0.000" timestamp="2019-07-02T23:30:47.901" activeThreads="4">
  <mem-info id="5949" free="27821064" total="45875200" percent="60">
    <mem type="tenure" free="27821064" total="45875200" percent="60" micro-fragmented="81815" macro-fragmented="0">
      <mem type="soa" free="27362312" total="45416448" percent="60" />
      <mem type="loa" free="458752" total="458752" percent="100" />
    </mem>
  </mem-info>
</gc-end>
<cycle-end id="5950" type="global" contextid="5943" timestamp="2019-07-02T23:30:47.901">
  <attribute name="GC Util" value="190" />
  <attribute name="CPU Util" value="1818074586274" />
  <attribute name="Time Running"value="25446"/>
  <attribute name="Number of cores"value="4"/>
</cycle-end>
<allocation-satisfied id="5951" threadId="0000000001AB4700" bytesRequested="15688" />
<af-end id="5952" timestamp="2019-07-02T23:30:47.901" threadId="0000000001AB5088" success="true" />
<exclusive-end id="5953" timestamp="2019-07-02T23:30:47.901" durationms="12.108" />

<exclusive-start id="5954" timestamp="2019-07-02T23:30:47.904" intervalms="14.944">
  <response-info timems="0.072" idlems="0.072" threads="0" lastid="0000000001AB4700" lastname="main" />
</exclusive-start>
<af-start id="5955" threadId="0000000001AB5088" totalBytesRequested="7064" timestamp="2019-07-02T23:30:47.904" intervalms="14.893" />
<cycle-start id="5956" type="global" contextid="0" timestamp="2019-07-02T23:30:47.904" intervalms="14.863" />
  <attribute name="GC Util" value="190" />
  <attribute name="CPU Util" value="1818074586274" />
  <attribute name="Time Running"value="25446"/>
  <attribute name="Number of cores"value="4"/>
<gc-start id="5957" type="global" contextid="5956" timestamp="2019-07-02T23:30:47.904">
  <mem-info id="5958" free="458752" total="45875200" percent="1">
    <mem type="tenure" free="458752" total="45875200" percent="1">
      <mem type="soa" free="0" total="45416448" percent="0" />
      <mem type="loa" free="458752" total="458752" percent="100" />
    </mem>
  </mem-info>
</gc-start>
<allocation-stats totalBytes="25321744" >
  <allocated-bytes non-tlh="1747104" tlh="23574640" />
  <largest-consumer threadName="main" threadId="0000000001AB4700" bytes="25321744" />
</allocation-stats>
<gc-op id="5959" type="mark" timems="10.580" contextid="5956" timestamp="2019-07-02T23:30:47.915">
  <trace-info objectcount="596293" scancount="517308" scanbytes="13281736" />
  <finalization candidates="80" enqueued="0" />
  <ownableSynchronizers candidates="21" cleared="0" />
  <references type="soft" candidates="1843" cleared="0" enqueued="0" dynamicThreshold="19" maxThreshold="32" />
  <references type="weak" candidates="5776" cleared="0" enqueued="0" />
  <references type="phantom" candidates="101" cleared="0" enqueued="0" />
  <stringconstants candidates="13253" cleared="0"  />
</gc-op>
<gc-op id="5960" type="sweep" timems="0.877" contextid="5956" timestamp="2019-07-02T23:30:47.916" />
<gc-end id="5961" type="global" contextid="5956" durationms="11.917" usertimems="44.000" systemtimems="0.000" timestamp="2019-07-02T23:30:47.916" activeThreads="4">
  <mem-info id="5962" free="27861816" total="45875200" percent="60">
    <mem type="tenure" free="27861816" total="45875200" percent="60" micro-fragmented="81815" macro-fragmented="0">
      <mem type="soa" free="27403064" total="45416448" percent="60" />
      <mem type="loa" free="458752" total="458752" percent="100" />
    </mem>
  </mem-info>
</gc-end>
<cycle-end id="5963" type="global" contextid="5956" timestamp="2019-07-02T23:30:47.916">
  <attribute name="GC Util" value="188" />
  <attribute name="CPU Util" value="1722012096547" />
  <attribute name="Time Running"value="25461"/>
  <attribute name="Number of cores"value="4"/>
</cycle-end>
<allocation-satisfied id="5964" threadId="0000000001AB4700" bytesRequested="7064" />
<af-end id="5965" timestamp="2019-07-02T23:30:47.916" threadId="0000000001AB5088" success="true" />
<exclusive-end id="5966" timestamp="2019-07-02T23:30:47.917" durationms="12.629" />

<exclusive-start id="5967" timestamp="2019-07-02T23:30:47.919" intervalms="15.522">
  <response-info timems="0.100" idlems="0.100" threads="0" lastid="0000000001AB4700" lastname="main" />
</exclusive-start>
<af-start id="5968" threadId="0000000001AB5088" totalBytesRequested="19608" timestamp="2019-07-02T23:30:47.920" intervalms="15.569" />
<cycle-start id="5969" type="global" contextid="0" timestamp="2019-07-02T23:30:47.920" intervalms="15.598" />
  <attribute name="GC Util" value="188" />
  <attribute name="CPU Util" value="1722012096547" />
  <attribute name="Time Running"value="25461"/>
  <attribute name="Number of cores"value="4"/>
<gc-start id="5970" type="global" contextid="5969" timestamp="2019-07-02T23:30:47.920">
  <mem-info id="5971" free="458752" total="45875200" percent="1">
    <mem type="tenure" free="458752" total="45875200" percent="1">
      <mem type="soa" free="0" total="45416448" percent="0" />
      <mem type="loa" free="458752" total="458752" percent="100" />
    </mem>
  </mem-info>
</gc-start>
<allocation-stats totalBytes="25587912" >
  <allocated-bytes non-tlh="1530800" tlh="24057112" />
  <largest-consumer threadName="main" threadId="0000000001AB4700" bytes="25587912" />
</allocation-stats>
<gc-op id="5972" type="mark" timems="9.116" contextid="5969" timestamp="2019-07-02T23:30:47.929">
  <trace-info objectcount="596293" scancount="517293" scanbytes="13292968" />
  <finalization candidates="80" enqueued="0" />
  <ownableSynchronizers candidates="21" cleared="0" />
  <references type="soft" candidates="1843" cleared="0" enqueued="0" dynamicThreshold="19" maxThreshold="32" />
  <references type="weak" candidates="5776" cleared="0" enqueued="0" />
  <references type="phantom" candidates="101" cleared="0" enqueued="0" />
  <stringconstants candidates="13253" cleared="0"  />
</gc-op>
<gc-op id="5973" type="sweep" timems="0.555" contextid="5969" timestamp="2019-07-02T23:30:47.930" />
<gc-end id="5974" type="global" contextid="5969" durationms="10.159" usertimems="28.000" systemtimems="0.000" timestamp="2019-07-02T23:30:47.930" activeThreads="4">
  <mem-info id="5975" free="27850600" total="45875200" percent="60">
    <mem type="tenure" free="27850600" total="45875200" percent="60" micro-fragmented="81815" macro-fragmented="0">
      <mem type="soa" free="27391848" total="45416448" percent="60" />
      <mem type="loa" free="458752" total="458752" percent="100" />
    </mem>
  </mem-info>
</gc-end>
<cycle-end id="5976" type="global" contextid="5969" timestamp="2019-07-02T23:30:47.930">
  <attribute name="GC Util" value="187" />
  <attribute name="CPU Util" value="1988029506831" />
  <attribute name="Time Running"value="25475"/>
  <attribute name="Number of cores"value="4"/>
</cycle-end>
<allocation-satisfied id="5977" threadId="0000000001AB4700" bytesRequested="19608" />
<af-end id="5978" timestamp="2019-07-02T23:30:47.930" threadId="0000000001AB5088" success="true" />
<exclusive-end id="5979" timestamp="2019-07-02T23:30:47.930" durationms="10.937" />

<exclusive-start id="5980" timestamp="2019-07-02T23:30:48.062" intervalms="142.253">
  <response-info timems="0.059" idlems="0.059" threads="0" lastid="0000000001AB4700" lastname="main" />
</exclusive-start>
<af-start id="5981" threadId="0000000001AB5088" totalBytesRequested="16" timestamp="2019-07-02T23:30:48.062" intervalms="142.267" />
<cycle-start id="5982" type="global" contextid="0" timestamp="2019-07-02T23:30:48.062" intervalms="142.254" />
  <attribute name="GC Util" value="187" />
  <attribute name="CPU Util" value="1988029506831" />
  <attribute name="Time Running"value="25475"/>
  <attribute name="Number of cores"value="4"/>
<gc-start id="5983" type="global" contextid="5982" timestamp="2019-07-02T23:30:48.062">
  <mem-info id="5984" free="458752" total="45875200" percent="1">
    <mem type="tenure" free="458752" total="45875200" percent="1">
      <mem type="soa" free="0" total="45416448" percent="0" />
      <mem type="loa" free="458752" total="458752" percent="100" />
    </mem>
  </mem-info>
</gc-start>
<allocation-stats totalBytes="27369840" >
  <allocated-bytes non-tlh="566688" tlh="26803152" />
  <largest-consumer threadName="main" threadId="0000000001AB4700" bytes="27369840" />
</allocation-stats>
<gc-op id="5985" type="mark" timems="9.234" contextid="5982" timestamp="2019-07-02T23:30:48.072">
  <trace-info objectcount="596282" scancount="517280" scanbytes="13272064" />
  <finalization candidates="80" enqueued="0" />
  <ownableSynchronizers candidates="21" cleared="0" />
  <references type="soft" candidates="1843" cleared="0" enqueued="0" dynamicThreshold="19" maxThreshold="32" />
  <references type="weak" candidates="5776" cleared="0" enqueued="0" />
  <references type="phantom" candidates="101" cleared="0" enqueued="0" />
  <stringconstants candidates="13253" cleared="0"  />
</gc-op>
<gc-op id="5986" type="sweep" timems="0.830" contextid="5982" timestamp="2019-07-02T23:30:48.073" />
<gc-end id="5987" type="global" contextid="5982" durationms="10.586" usertimems="28.000" systemtimems="0.000" timestamp="2019-07-02T23:30:48.073" activeThreads="4">
  <mem-info id="5988" free="27873656" total="45875200" percent="60">
    <mem type="tenure" free="27873656" total="45875200" percent="60" micro-fragmented="78956" macro-fragmented="0">
      <mem type="soa" free="27414904" total="45416448" percent="60" />
      <mem type="loa" free="458752" total="458752" percent="100" />
    </mem>
  </mem-info>
</gc-end>
<cycle-end id="5989" type="global" contextid="5982" timestamp="2019-07-02T23:30:48.073">
  <attribute name="GC Util" value="187" />
  <attribute name="CPU Util" value="1967741149672" />
  <attribute name="Time Running"value="25618"/>
  <attribute name="Number of cores"value="4"/>
</cycle-end>
<allocation-satisfied id="5990" threadId="0000000001AB4700" bytesRequested="16" />
<af-end id="5991" timestamp="2019-07-02T23:30:48.073" threadId="0000000001AB5088" success="true" />
<exclusive-end id="5992" timestamp="2019-07-02T23:30:48.073" durationms="11.482" />

<exclusive-start id="5993" timestamp="2019-07-02T23:30:48.091" intervalms="29.415">
  <response-info timems="0.093" idlems="0.093" threads="0" lastid="0000000001AB4700" lastname="main" />
</exclusive-start>
<af-start id="5994" threadId="0000000001AB5088" totalBytesRequested="24" timestamp="2019-07-02T23:30:48.091" intervalms="29.406" />
<cycle-start id="5995" type="global" contextid="0" timestamp="2019-07-02T23:30:48.091" intervalms="29.429" />
  <attribute name="GC Util" value="187" />
  <attribute name="CPU Util" value="1967741149672" />
  <attribute name="Time Running"value="25618"/>
  <attribute name="Number of cores"value="4"/>
<gc-start id="5996" type="global" contextid="5995" timestamp="2019-07-02T23:30:48.092">
  <mem-info id="5997" free="458752" total="45875200" percent="1">
    <mem type="tenure" free="458752" total="45875200" percent="1">
      <mem type="soa" free="0" total="45416448" percent="0" />
      <mem type="loa" free="458752" total="458752" percent="100" />
    </mem>
  </mem-info>
</gc-start>
<allocation-stats totalBytes="27408056" >
  <allocated-bytes non-tlh="0" tlh="27408056" />
  <largest-consumer threadName="main" threadId="0000000001AB4700" bytes="27408056" />
</allocation-stats>
<gc-op id="5998" type="mark" timems="9.706" contextid="5995" timestamp="2019-07-02T23:30:48.101">
  <trace-info objectcount="596286" scancount="517305" scanbytes="13272168" />
  <finalization candidates="80" enqueued="0" />
  <ownableSynchronizers candidates="21" cleared="0" />
  <references type="soft" candidates="1843" cleared="0" enqueued="0" dynamicThreshold="19" maxThreshold="32" />
  <references type="weak" candidates="5776" cleared="0" enqueued="0" />
  <references type="phantom" candidates="101" cleared="0" enqueued="0" />
  <stringconstants candidates="13253" cleared="0"  />
</gc-op>
<gc-op id="5999" type="sweep" timems="0.670" contextid="5995" timestamp="2019-07-02T23:30:48.102" />
<gc-end id="6000" type="global" contextid="5995" durationms="10.922" usertimems="40.000" systemtimems="0.000" timestamp="2019-07-02T23:30:48.102" activeThreads="4">
  <mem-info id="6001" free="27873992" total="45875200" percent="60">
    <mem type="tenure" free="27873992" total="45875200" percent="60" micro-fragmented="78996" macro-fragmented="0">
      <mem type="soa" free="27415240" total="45416448" percent="60" />
      <mem type="loa" free="458752" total="458752" percent="100" />
    </mem>
  </mem-info>
</gc-end>
<cycle-end id="6002" type="global" contextid="5995" timestamp="2019-07-02T23:30:48.103">
  <attribute name="GC Util" value="190" />
  <attribute name="CPU Util" value="1875362534017" />
  <attribute name="Time Running"value="25648"/>
  <attribute name="Number of cores"value="4"/>
</cycle-end>
<allocation-satisfied id="6003" threadId="0000000001AB4700" bytesRequested="24" />
<af-end id="6004" timestamp="2019-07-02T23:30:48.103" threadId="0000000001AB5088" success="true" />
<exclusive-end id="6005" timestamp="2019-07-02T23:30:48.103" durationms="11.797" />

<exclusive-start id="6006" timestamp="2019-07-02T23:30:48.126" intervalms="35.402">
  <response-info timems="0.095" idlems="0.095" threads="0" lastid="0000000001AB4700" lastname="main" />
</exclusive-start>
<af-start id="6007" threadId="0000000001AB5088" totalBytesRequested="80" timestamp="2019-07-02T23:30:48.127" intervalms="35.405" />
<cycle-start id="6008" type="global" contextid="0" timestamp="2019-07-02T23:30:48.127" intervalms="35.376" />
  <attribute name="GC Util" value="190" />
  <attribute name="CPU Util" value="1875362534017" />
  <attribute name="Time Running"value="25648"/>
  <attribute name="Number of cores"value="4"/>
<gc-start id="6009" type="global" contextid="6008" timestamp="2019-07-02T23:30:48.127">
  <mem-info id="6010" free="458752" total="45875200" percent="1">
    <mem type="tenure" free="458752" total="45875200" percent="1">
      <mem type="soa" free="0" total="45416448" percent="0" />
      <mem type="loa" free="458752" total="458752" percent="100" />
    </mem>
  </mem-info>
</gc-start>
<allocation-stats totalBytes="27407400" >
  <allocated-bytes non-tlh="0" tlh="27407400" />
  <largest-consumer threadName="main" threadId="0000000001AB4700" bytes="27407400" />
</allocation-stats>
<gc-op id="6011" type="mark" timems="10.212" contextid="6008" timestamp="2019-07-02T23:30:48.137">
  <trace-info objectcount="596305" scancount="517298" scanbytes="13272788" />
  <finalization candidates="80" enqueued="0" />
  <ownableSynchronizers candidates="21" cleared="0" />
  <references type="soft" candidates="1843" cleared="0" enqueued="0" dynamicThreshold="19" maxThreshold="32" />
  <references type="weak" candidates="5776" cleared="0" enqueued="0" />
  <references type="phantom" candidates="101" cleared="0" enqueued="0" />
  <stringconstants candidates="13253" cleared="0"  />
</gc-op>
<gc-op id="6012" type="sweep" timems="0.736" contextid="6008" timestamp="2019-07-02T23:30:48.138" />
<gc-end id="6013" type="global" contextid="6008" durationms="11.448" usertimems="32.000" systemtimems="0.000" timestamp="2019-07-02T23:30:48.138" activeThreads="4">
  <mem-info id="6014" free="27871832" total="45875200" percent="60">
    <mem type="tenure" free="27871832" total="45875200" percent="60" micro-fragmented="89366" macro-fragmented="0">
      <mem type="soa" free="27413080" total="45416448" percent="60" />
      <mem type="loa" free="458752" total="458752" percent="100" />
    </mem>
  </mem-info>
</gc-end>
<cycle-end id="6015" type="global" contextid="6008" timestamp="2019-07-02T23:30:48.139">
  <attribute name="GC Util" value="185" />
  <attribute name="CPU Util" value="1784481756183" />
  <attribute name="Time Running"value="25683"/>
  <attribute name="Number of cores"value="4"/>
</cycle-end>
<allocation-satisfied id="6016" threadId="0000000001AB4700" bytesRequested="80" />
<af-end id="6017" timestamp="2019-07-02T23:30:48.139" threadId="0000000001AB5088" success="true" />
<exclusive-end id="6018" timestamp="2019-07-02T23:30:48.139" durationms="12.284" />

<exclusive-start id="6019" timestamp="2019-07-02T23:30:48.173" intervalms="46.871">
  <response-info timems="0.081" idlems="0.081" threads="0" lastid="0000000001AB4700" lastname="main" />
</exclusive-start>
<af-start id="6020" threadId="0000000001AB5088" totalBytesRequested="80" timestamp="2019-07-02T23:30:48.173" intervalms="46.790" />
<cycle-start id="6021" type="global" contextid="0" timestamp="2019-07-02T23:30:48.174" intervalms="46.768" />
  <attribute name="GC Util" value="185" />
  <attribute name="CPU Util" value="1784481756183" />
  <attribute name="Time Running"value="25683"/>
  <attribute name="Number of cores"value="4"/>
<gc-start id="6022" type="global" contextid="6021" timestamp="2019-07-02T23:30:48.174">
  <mem-info id="6023" free="458752" total="45875200" percent="1">
    <mem type="tenure" free="458752" total="45875200" percent="1">
      <mem type="soa" free="0" total="45416448" percent="0" />
      <mem type="loa" free="458752" total="458752" percent="100" />
    </mem>
  </mem-info>
</gc-start>
<allocation-stats totalBytes="27403504" >
  <allocated-bytes non-tlh="0" tlh="27403504" />
  <largest-consumer threadName="main" threadId="0000000001AB4700" bytes="27403504" />
</allocation-stats>
<gc-op id="6024" type="mark" timems="10.087" contextid="6021" timestamp="2019-07-02T23:30:48.184">
  <trace-info objectcount="596281" scancount="517273" scanbytes="13272028" />
  <finalization candidates="80" enqueued="0" />
  <ownableSynchronizers candidates="21" cleared="0" />
  <references type="soft" candidates="1843" cleared="0" enqueued="0" dynamicThreshold="19" maxThreshold="32" />
  <references type="weak" candidates="5776" cleared="0" enqueued="0" />
  <references type="phantom" candidates="101" cleared="0" enqueued="0" />
  <stringconstants candidates="13253" cleared="0"  />
</gc-op>
<gc-op id="6025" type="sweep" timems="0.754" contextid="6021" timestamp="2019-07-02T23:30:48.185" />
<gc-end id="6026" type="global" contextid="6021" durationms="11.201" usertimems="40.000" systemtimems="0.000" timestamp="2019-07-02T23:30:48.185" activeThreads="4">
  <mem-info id="6027" free="27873576" total="45875200" percent="60">
    <mem type="tenure" free="27873576" total="45875200" percent="60" micro-fragmented="78956" macro-fragmented="0">
      <mem type="soa" free="27414824" total="45416448" percent="60" />
      <mem type="loa" free="458752" total="458752" percent="100" />
    </mem>
  </mem-info>
</gc-end>
<cycle-end id="6028" type="global" contextid="6021" timestamp="2019-07-02T23:30:48.185">
  <attribute name="GC Util" value="190" />
  <attribute name="CPU Util" value="1809347324637" />
  <attribute name="Time Running"value="25730"/>
  <attribute name="Number of cores"value="4"/>
</cycle-end>
<allocation-satisfied id="6029" threadId="0000000001AB4700" bytesRequested="80" />
<af-end id="6030" timestamp="2019-07-02T23:30:48.185" threadId="0000000001AB5088" success="true" />
<exclusive-end id="6031" timestamp="2019-07-02T23:30:48.185" durationms="11.722" />

<exclusive-start id="6032" timestamp="2019-07-02T23:30:48.216" intervalms="42.386">
  <response-info timems="0.090" idlems="0.090" threads="0" lastid="0000000001AB4700" lastname="main" />
</exclusive-start>
<af-start id="6033" threadId="0000000001AB5088" totalBytesRequested="80" timestamp="2019-07-02T23:30:48.216" intervalms="42.408" />
<cycle-start id="6034" type="global" contextid="0" timestamp="2019-07-02T23:30:48.216" intervalms="42.421" />
  <attribute name="GC Util" value="190" />
  <attribute name="CPU Util" value="1809347324637" />
  <attribute name="Time Running"value="25730"/>
  <attribute name="Number of cores"value="4"/>
<gc-start id="6035" type="global" contextid="6034" timestamp="2019-07-02T23:30:48.216">
  <mem-info id="6036" free="458752" total="45875200" percent="1">
    <mem type="tenure" free="458752" total="45875200" percent="1">
      <mem type="soa" free="0" total="45416448" percent="0" />
      <mem type="loa" free="458752" total="458752" percent="100" />
    </mem>
  </mem-info>
</gc-start>
<allocation-stats totalBytes="27401640" >
  <allocated-bytes non-tlh="0" tlh="27401640" />
  <largest-consumer threadName="main" threadId="0000000001AB4700" bytes="27401640" />
</allocation-stats>
<gc-op id="6037" type="mark" timems="9.341" contextid="6034" timestamp="2019-07-02T23:30:48.226">
  <trace-info objectcount="596284" scancount="517279" scanbytes="13272144" />
  <finalization candidates="80" enqueued="0" />
  <ownableSynchronizers candidates="21" cleared="0" />
  <references type="soft" candidates="1843" cleared="0" enqueued="0" dynamicThreshold="19" maxThreshold="32" />
  <references type="weak" candidates="5776" cleared="0" enqueued="0" />
  <references type="phantom" candidates="101" cleared="0" enqueued="0" />
  <stringconstants candidates="13253" cleared="0"  />
</gc-op>
<gc-op id="6038" type="sweep" timems="0.596" contextid="6034" timestamp="2019-07-02T23:30:48.226" />
<gc-end id="6039" type="global" contextid="6034" durationms="10.304" usertimems="36.000" systemtimems="4.000" timestamp="2019-07-02T23:30:48.226" activeThreads="4">
  <mem-info id="6040" free="27873288" total="45875200" percent="60">
    <mem type="tenure" free="27873288" total="45875200" percent="60" micro-fragmented="78956" macro-fragmented="0">
      <mem type="soa" free="27414536" total="45416448" percent="60" />
      <mem type="loa" free="458752" total="458752" percent="100" />
    </mem>
  </mem-info>
</gc-end>
<cycle-end id="6041" type="global" contextid="6034" timestamp="2019-07-02T23:30:48.226">
  <attribute name="GC Util" value="190" />
  <attribute name="CPU Util" value="1952540845214" />
  <attribute name="Time Running"value="25772"/>
  <attribute name="Number of cores"value="4"/>
</cycle-end>
<allocation-satisfied id="6042" threadId="0000000001AB4700" bytesRequested="80" />
<af-end id="6043" timestamp="2019-07-02T23:30:48.227" threadId="0000000001AB5088" success="true" />
<exclusive-end id="6044" timestamp="2019-07-02T23:30:48.227" durationms="10.842" />

<exclusive-start id="6045" timestamp="2019-07-02T23:30:48.260" intervalms="44.478">
  <response-info timems="0.089" idlems="0.089" threads="0" lastid="0000000001AB4700" lastname="main" />
</exclusive-start>
<af-start id="6046" threadId="0000000001AB5088" totalBytesRequested="24" timestamp="2019-07-02T23:30:48.260" intervalms="44.517" />
<cycle-start id="6047" type="global" contextid="0" timestamp="2019-07-02T23:30:48.260" intervalms="44.530" />
  <attribute name="GC Util" value="190" />
  <attribute name="CPU Util" value="1952540845214" />
  <attribute name="Time Running"value="25772"/>
  <attribute name="Number of cores"value="4"/>
<gc-start id="6048" type="global" contextid="6047" timestamp="2019-07-02T23:30:48.261">
  <mem-info id="6049" free="458752" total="45875200" percent="1">
    <mem type="tenure" free="458752" total="45875200" percent="1">
      <mem type="soa" free="0" total="45416448" percent="0" />
      <mem type="loa" free="458752" total="458752" percent="100" />
    </mem>
  </mem-info>
</gc-start>
<allocation-stats totalBytes="27405496" >
  <allocated-bytes non-tlh="0" tlh="27405496" />
  <largest-consumer threadName="main" threadId="0000000001AB4700" bytes="27405496" />
</allocation-stats>
<gc-op id="6050" type="mark" timems="9.800" contextid="6047" timestamp="2019-07-02T23:30:48.271">
  <trace-info objectcount="596291" scancount="517293" scanbytes="13272292" />
  <finalization candidates="80" enqueued="0" />
  <ownableSynchronizers candidates="21" cleared="0" />
  <references type="soft" candidates="1843" cleared="0" enqueued="0" dynamicThreshold="19" maxThreshold="32" />
  <references type="weak" candidates="5776" cleared="0" enqueued="0" />
  <references type="phantom" candidates="101" cleared="0" enqueued="0" />
  <stringconstants candidates="13253" cleared="0"  />
</gc-op>
<gc-op id="6051" type="sweep" timems="0.731" contextid="6047" timestamp="2019-07-02T23:30:48.271" />
<gc-end id="6052" type="global" contextid="6047" durationms="11.009" usertimems="32.000" systemtimems="0.000" timestamp="2019-07-02T23:30:48.272" activeThreads="4">
  <mem-info id="6053" free="27872024" total="45875200" percent="60">
    <mem type="tenure" free="27872024" total="45875200" percent="60" micro-fragmented="114497" macro-fragmented="0">
      <mem type="soa" free="27413272" total="45416448" percent="60" />
      <mem type="loa" free="458752" total="458752" percent="100" />
    </mem>
  </mem-info>
</gc-end>
<cycle-end id="6054" type="global" contextid="6047" timestamp="2019-07-02T23:30:48.272">
  <attribute name="GC Util" value="190" />
  <attribute name="CPU Util" value="1855934801082" />
  <attribute name="Time Running"value="25817"/>
  <attribute name="Number of cores"value="4"/>
</cycle-end>
<allocation-satisfied id="6055" threadId="0000000001AB4700" bytesRequested="24" />
<af-end id="6056" timestamp="2019-07-02T23:30:48.272" threadId="0000000001AB5088" success="true" />
<exclusive-end id="6057" timestamp="2019-07-02T23:30:48.272" durationms="11.718" />

<exclusive-start id="6058" timestamp="2019-07-02T23:30:48.310" intervalms="49.649">
  <response-info timems="0.095" idlems="0.095" threads="0" lastid="0000000001AB4700" lastname="main" />
</exclusive-start>
<af-start id="6059" threadId="0000000001AB5088" totalBytesRequested="32" timestamp="2019-07-02T23:30:48.310" intervalms="49.652" />
<cycle-start id="6060" type="global" contextid="0" timestamp="2019-07-02T23:30:48.310" intervalms="49.648" />
  <attribute name="GC Util" value="190" />
  <attribute name="CPU Util" value="1855934801082" />
  <attribute name="Time Running"value="25817"/>
  <attribute name="Number of cores"value="4"/>
<gc-start id="6061" type="global" contextid="6060" timestamp="2019-07-02T23:30:48.310">
  <mem-info id="6062" free="458752" total="45875200" percent="1">
    <mem type="tenure" free="458752" total="45875200" percent="1">
      <mem type="soa" free="0" total="45416448" percent="0" />
      <mem type="loa" free="458752" total="458752" percent="100" />
    </mem>
  </mem-info>
</gc-start>
<allocation-stats totalBytes="27410288" >
  <allocated-bytes non-tlh="0" tlh="27410288" />
  <largest-consumer threadName="main" threadId="0000000001AB4700" bytes="27410288" />
</allocation-stats>
<gc-op id="6063" type="mark" timems="9.641" contextid="6060" timestamp="2019-07-02T23:30:48.320">
  <trace-info objectcount="596289" scancount="517279" scanbytes="13272244" />
  <finalization candidates="80" enqueued="0" />
  <ownableSynchronizers candidates="21" cleared="0" />
  <references type="soft" candidates="1843" cleared="0" enqueued="0" dynamicThreshold="19" maxThreshold="32" />
  <references type="weak" candidates="5776" cleared="0" enqueued="0" />
  <references type="phantom" candidates="101" cleared="0" enqueued="0" />
  <stringconstants candidates="13253" cleared="0"  />
</gc-op>
<gc-op id="6064" type="sweep" timems="0.631" contextid="6060" timestamp="2019-07-02T23:30:48.321" />
<gc-end id="6065" type="global" contextid="6060" durationms="10.780" usertimems="40.000" systemtimems="0.000" timestamp="2019-07-02T23:30:48.321" activeThreads="4">
  <mem-info id="6066" free="27871960" total="45875200" percent="60">
    <mem type="tenure" free="27871960" total="45875200" percent="60" micro-fragmented="129137" macro-fragmented="0">
      <mem type="soa" free="27413208" total="45416448" percent="60" />
      <mem type="loa" free="458752" total="458752" percent="100" />
    </mem>
  </mem-info>
</gc-end>
<cycle-end id="6067" type="global" contextid="6060" timestamp="2019-07-02T23:30:48.321">
  <attribute name="GC Util" value="188" />
  <attribute name="CPU Util" value="1888284211431" />
  <attribute name="Time Running"value="25866"/>
  <attribute name="Number of cores"value="4"/>
</cycle-end>
<allocation-satisfied id="6068" threadId="0000000001AB4700" bytesRequested="32" />
<af-end id="6069" timestamp="2019-07-02T23:30:48.321" threadId="0000000001AB5088" success="true" />
<exclusive-end id="6070" timestamp="2019-07-02T23:30:48.321" durationms="11.577" />

<exclusive-start id="6071" timestamp="2019-07-02T23:30:48.357" intervalms="47.150">
  <response-info timems="0.088" idlems="0.088" threads="0" lastid="0000000001AB4700" lastname="main" />
</exclusive-start>
<af-start id="6072" threadId="0000000001AB5088" totalBytesRequested="32" timestamp="2019-07-02T23:30:48.357" intervalms="47.183" />
<cycle-start id="6073" type="global" contextid="0" timestamp="2019-07-02T23:30:48.357" intervalms="47.181" />
  <attribute name="GC Util" value="188" />
  <attribute name="CPU Util" value="1888284211431" />
  <attribute name="Time Running"value="25866"/>
  <attribute name="Number of cores"value="4"/>
<gc-start id="6074" type="global" contextid="6073" timestamp="2019-07-02T23:30:48.357">
  <mem-info id="6075" free="458752" total="45875200" percent="1">
    <mem type="tenure" free="458752" total="45875200" percent="1">
      <mem type="soa" free="0" total="45416448" percent="0" />
      <mem type="loa" free="458752" total="458752" percent="100" />
    </mem>
  </mem-info>
</gc-start>
<allocation-stats totalBytes="27408944" >
  <allocated-bytes non-tlh="0" tlh="27408944" />
  <largest-consumer threadName="main" threadId="0000000001AB4700" bytes="27408944" />
</allocation-stats>
<gc-op id="6076" type="mark" timems="9.589" contextid="6073" timestamp="2019-07-02T23:30:48.367">
  <trace-info objectcount="596291" scancount="517307" scanbytes="13272296" />
  <finalization candidates="80" enqueued="0" />
  <ownableSynchronizers candidates="21" cleared="0" />
  <references type="soft" candidates="1843" cleared="0" enqueued="0" dynamicThreshold="19" maxThreshold="32" />
  <references type="weak" candidates="5776" cleared="0" enqueued="0" />
  <references type="phantom" candidates="101" cleared="0" enqueued="0" />
  <stringconstants candidates="13253" cleared="0"  />
</gc-op>
<gc-op id="6077" type="sweep" timems="0.764" contextid="6073" timestamp="2019-07-02T23:30:48.368" />
<gc-end id="6078" type="global" contextid="6073" durationms="10.809" usertimems="36.000" systemtimems="0.000" timestamp="2019-07-02T23:30:48.368" activeThreads="4">
  <mem-info id="6079" free="27871632" total="45875200" percent="60">
    <mem type="tenure" free="27871632" total="45875200" percent="60" micro-fragmented="105644" macro-fragmented="0">
      <mem type="soa" free="27412880" total="45416448" percent="60" />
      <mem type="loa" free="458752" total="458752" percent="100" />
    </mem>
  </mem-info>
</gc-end>
<cycle-end id="6080" type="global" contextid="6073" timestamp="2019-07-02T23:30:48.368">
  <attribute name="GC Util" value="189" />
  <attribute name="CPU Util" value="1905760190288" />
  <attribute name="Time Running"value="25913"/>
  <attribute name="Number of cores"value="4"/>
</cycle-end>
<allocation-satisfied id="6081" threadId="0000000001AB4700" bytesRequested="32" />
<af-end id="6082" timestamp="2019-07-02T23:30:48.369" threadId="0000000001AB5088" success="true" />
<exclusive-end id="6083" timestamp="2019-07-02T23:30:48.369" durationms="11.553" />

<exclusive-start id="6084" timestamp="2019-07-02T23:30:48.399" intervalms="41.580">
  <response-info timems="0.092" idlems="0.092" threads="0" lastid="0000000001AB4700" lastname="main" />
</exclusive-start>
<af-start id="6085" threadId="0000000001AB5088" totalBytesRequested="48" timestamp="2019-07-02T23:30:48.399" intervalms="41.556" />
<cycle-start id="6086" type="global" contextid="0" timestamp="2019-07-02T23:30:48.399" intervalms="41.557" />
  <attribute name="GC Util" value="189" />
  <attribute name="CPU Util" value="1905760190288" />
  <attribute name="Time Running"value="25913"/>
  <attribute name="Number of cores"value="4"/>
<gc-start id="6087" type="global" contextid="6086" timestamp="2019-07-02T23:30:48.399">
  <mem-info id="6088" free="458752" total="45875200" percent="1">
    <mem type="tenure" free="458752" total="45875200" percent="1">
      <mem type="soa" free="0" total="45416448" percent="0" />
      <mem type="loa" free="458752" total="458752" percent="100" />
    </mem>
  </mem-info>
</gc-start>
<allocation-stats totalBytes="27408160" >
  <allocated-bytes non-tlh="0" tlh="27408160" />
  <largest-consumer threadName="main" threadId="0000000001AB4700" bytes="27408160" />
</allocation-stats>
<gc-op id="6089" type="mark" timems="8.898" contextid="6086" timestamp="2019-07-02T23:30:48.408">
  <trace-info objectcount="596298" scancount="517314" scanbytes="13272412" />
  <finalization candidates="80" enqueued="0" />
  <ownableSynchronizers candidates="21" cleared="0" />
  <references type="soft" candidates="1843" cleared="0" enqueued="0" dynamicThreshold="19" maxThreshold="32" />
  <references type="weak" candidates="5776" cleared="0" enqueued="0" />
  <references type="phantom" candidates="101" cleared="0" enqueued="0" />
  <stringconstants candidates="13253" cleared="0"  />
</gc-op>
<gc-op id="6090" type="sweep" timems="0.553" contextid="6086" timestamp="2019-07-02T23:30:48.409" />
<gc-end id="6091" type="global" contextid="6086" durationms="9.904" usertimems="36.000" systemtimems="0.000" timestamp="2019-07-02T23:30:48.409" activeThreads="4">
  <mem-info id="6092" free="27871136" total="45875200" percent="60">
    <mem type="tenure" free="27871136" total="45875200" percent="60" micro-fragmented="105900" macro-fragmented="0">
      <mem type="soa" free="27412384" total="45416448" percent="60" />
      <mem type="loa" free="458752" total="458752" percent="100" />
    </mem>
  </mem-info>
</gc-end>
<cycle-end id="6093" type="global" contextid="6086" timestamp="2019-07-02T23:30:48.409">
  <attribute name="GC Util" value="190" />
  <attribute name="CPU Util" value="2051800466269" />
  <attribute name="Time Running"value="25954"/>
  <attribute name="Number of cores"value="4"/>
</cycle-end>
<allocation-satisfied id="6094" threadId="0000000001AB4700" bytesRequested="48" />
<af-end id="6095" timestamp="2019-07-02T23:30:48.409" threadId="0000000001AB5088" success="true" />
<exclusive-end id="6096" timestamp="2019-07-02T23:30:48.409" durationms="10.658" />

<exclusive-start id="6097" timestamp="2019-07-02T23:30:48.437" intervalms="38.527">
  <response-info timems="0.100" idlems="0.100" threads="0" lastid="0000000001AB4700" lastname="main" />
</exclusive-start>
<af-start id="6098" threadId="0000000001AB5088" totalBytesRequested="32" timestamp="2019-07-02T23:30:48.437" intervalms="38.486" />
<cycle-start id="6099" type="global" contextid="0" timestamp="2019-07-02T23:30:48.437" intervalms="38.497" />
  <attribute name="GC Util" value="190" />
  <attribute name="CPU Util" value="2051800466269" />
  <attribute name="Time Running"value="25954"/>
  <attribute name="Number of cores"value="4"/>
<gc-start id="6100" type="global" contextid="6099" timestamp="2019-07-02T23:30:48.438">
  <mem-info id="6101" free="458752" total="45875200" percent="1">
    <mem type="tenure" free="458752" total="45875200" percent="1">
      <mem type="soa" free="0" total="45416448" percent="0" />
      <mem type="loa" free="458752" total="458752" percent="100" />
    </mem>
  </mem-info>
</gc-start>
<allocation-stats totalBytes="27408928" >
  <allocated-bytes non-tlh="0" tlh="27408928" />
  <largest-consumer threadName="main" threadId="0000000001AB4700" bytes="27408928" />
</allocation-stats>
<gc-op id="6102" type="mark" timems="8.971" contextid="6099" timestamp="2019-07-02T23:30:48.447">
  <trace-info objectcount="596288" scancount="517309" scanbytes="13272212" />
  <finalization candidates="80" enqueued="0" />
  <ownableSynchronizers candidates="21" cleared="0" />
  <references type="soft" candidates="1843" cleared="0" enqueued="0" dynamicThreshold="19" maxThreshold="32" />
  <references type="weak" candidates="5776" cleared="0" enqueued="0" />
  <references type="phantom" candidates="101" cleared="0" enqueued="0" />
  <stringconstants candidates="13253" cleared="0"  />
</gc-op>
<gc-op id="6103" type="sweep" timems="0.598" contextid="6099" timestamp="2019-07-02T23:30:48.447" />
<gc-end id="6104" type="global" contextid="6099" durationms="10.030" usertimems="40.000" systemtimems="0.000" timestamp="2019-07-02T23:30:48.448" activeThreads="4">
  <mem-info id="6105" free="27872808" total="45875200" percent="60">
    <mem type="tenure" free="27872808" total="45875200" percent="60" micro-fragmented="114166" macro-fragmented="0">
      <mem type="soa" free="27414056" total="45416448" percent="60" />
      <mem type="loa" free="458752" total="458752" percent="100" />
    </mem>
  </mem-info>
</gc-end>
<cycle-end id="6106" type="global" contextid="6099" timestamp="2019-07-02T23:30:48.448">
  <attribute name="GC Util" value="190" />
  <attribute name="CPU Util" value="2031397724553" />
  <attribute name="Time Running"value="25993"/>
  <attribute name="Number of cores"value="4"/>
</cycle-end>
<allocation-satisfied id="6107" threadId="0000000001AB4700" bytesRequested="32" />
<af-end id="6108" timestamp="2019-07-02T23:30:48.448" threadId="0000000001AB5088" success="true" />
<exclusive-end id="6109" timestamp="2019-07-02T23:30:48.448" durationms="10.755" />

<exclusive-start id="6110" timestamp="2019-07-02T23:30:48.498" intervalms="61.119">
  <response-info timems="0.086" idlems="0.086" threads="0" lastid="0000000001AB4700" lastname="main" />
</exclusive-start>
<af-start id="6111" threadId="0000000001AB5088" totalBytesRequested="24" timestamp="2019-07-02T23:30:48.498" intervalms="61.043" />
<cycle-start id="6112" type="global" contextid="0" timestamp="2019-07-02T23:30:48.498" intervalms="61.007" />
  <attribute name="GC Util" value="190" />
  <attribute name="CPU Util" value="2031397724553" />
  <attribute name="Time Running"value="25993"/>
  <attribute name="Number of cores"value="4"/>
<gc-start id="6113" type="global" contextid="6112" timestamp="2019-07-02T23:30:48.498">
  <mem-info id="6114" free="458752" total="45875200" percent="1">
    <mem type="tenure" free="458752" total="45875200" percent="1">
      <mem type="soa" free="0" total="45416448" percent="0" />
      <mem type="loa" free="458752" total="458752" percent="100" />
    </mem>
  </mem-info>
</gc-start>
<allocation-stats totalBytes="27411744" >
  <allocated-bytes non-tlh="0" tlh="27411744" />
  <largest-consumer threadName="main" threadId="0000000001AB4700" bytes="27411744" />
</allocation-stats>
<gc-op id="6115" type="mark" timems="9.014" contextid="6112" timestamp="2019-07-02T23:30:48.508">
  <trace-info objectcount="596292" scancount="517291" scanbytes="13272440" />
  <finalization candidates="80" enqueued="0" />
  <ownableSynchronizers candidates="21" cleared="0" />
  <references type="soft" candidates="1843" cleared="0" enqueued="0" dynamicThreshold="19" maxThreshold="32" />
  <references type="weak" candidates="5776" cleared="0" enqueued="0" />
  <references type="phantom" candidates="101" cleared="0" enqueued="0" />
  <stringconstants candidates="13253" cleared="0"  />
</gc-op>
<gc-op id="6116" type="sweep" timems="0.539" contextid="6112" timestamp="2019-07-02T23:30:48.508" />
<gc-end id="6117" type="global" contextid="6112" durationms="9.916" usertimems="36.000" systemtimems="0.000" timestamp="2019-07-02T23:30:48.508" activeThreads="4">
  <mem-info id="6118" free="27872504" total="45875200" percent="60">
    <mem type="tenure" free="27872504" total="45875200" percent="60" micro-fragmented="82545" macro-fragmented="0">
      <mem type="soa" free="27413752" total="45416448" percent="60" />
      <mem type="loa" free="458752" total="458752" percent="100" />
    </mem>
  </mem-info>
</gc-end>
<cycle-end id="6119" type="global" contextid="6112" timestamp="2019-07-02T23:30:48.508">
  <attribute name="GC Util" value="190" />
  <attribute name="CPU Util" value="2018451230264" />
  <attribute name="Time Running"value="26054"/>
  <attribute name="Number of cores"value="4"/>
</cycle-end>
<allocation-satisfied id="6120" threadId="0000000001AB4700" bytesRequested="24" />
<af-end id="6121" timestamp="2019-07-02T23:30:48.509" threadId="0000000001AB5088" success="true" />
<exclusive-end id="6122" timestamp="2019-07-02T23:30:48.509" durationms="10.384" />

<exclusive-start id="6123" timestamp="2019-07-02T23:30:48.547" intervalms="48.847">
  <response-info timems="0.062" idlems="0.062" threads="0" lastid="0000000001AB4700" lastname="main" />
</exclusive-start>
<af-start id="6124" threadId="0000000001AB5088" totalBytesRequested="24" timestamp="2019-07-02T23:30:48.547" intervalms="48.853" />
<cycle-start id="6125" type="global" contextid="0" timestamp="2019-07-02T23:30:48.547" intervalms="48.852" />
  <attribute name="GC Util" value="190" />
  <attribute name="CPU Util" value="2018451230264" />
  <attribute name="Time Running"value="26054"/>
  <attribute name="Number of cores"value="4"/>
<gc-start id="6126" type="global" contextid="6125" timestamp="2019-07-02T23:30:48.547">
  <mem-info id="6127" free="458752" total="45875200" percent="1">
    <mem type="tenure" free="458752" total="45875200" percent="1">
      <mem type="soa" free="0" total="45416448" percent="0" />
      <mem type="loa" free="458752" total="458752" percent="100" />
    </mem>
  </mem-info>
</gc-start>
<allocation-stats totalBytes="27411808" >
  <allocated-bytes non-tlh="0" tlh="27411808" />
  <largest-consumer threadName="main" threadId="0000000001AB4700" bytes="27411808" />
</allocation-stats>
<gc-op id="6128" type="mark" timems="9.339" contextid="6125" timestamp="2019-07-02T23:30:48.557">
  <trace-info objectcount="596287" scancount="517284" scanbytes="13272164" />
  <finalization candidates="80" enqueued="0" />
  <ownableSynchronizers candidates="21" cleared="0" />
  <references type="soft" candidates="1843" cleared="0" enqueued="0" dynamicThreshold="19" maxThreshold="32" />
  <references type="weak" candidates="5776" cleared="0" enqueued="0" />
  <references type="phantom" candidates="101" cleared="0" enqueued="0" />
  <stringconstants candidates="13253" cleared="0"  />
</gc-op>
<gc-op id="6129" type="sweep" timems="0.639" contextid="6125" timestamp="2019-07-02T23:30:48.558" />
<gc-end id="6130" type="global" contextid="6125" durationms="10.373" usertimems="36.000" systemtimems="0.000" timestamp="2019-07-02T23:30:48.558" activeThreads="4">
  <mem-info id="6131" free="27872688" total="45875200" percent="60">
    <mem type="tenure" free="27872688" total="45875200" percent="60" micro-fragmented="63958" macro-fragmented="0">
      <mem type="soa" free="27413936" total="45416448" percent="60" />
      <mem type="loa" free="458752" total="458752" percent="100" />
    </mem>
  </mem-info>
</gc-end>
<cycle-end id="6132" type="global" contextid="6125" timestamp="2019-07-02T23:30:48.558">
  <attribute name="GC Util" value="188" />
  <attribute name="CPU Util" value="1949524386440" />
  <attribute name="Time Running"value="26103"/>
  <attribute name="Number of cores"value="4"/>
</cycle-end>
<allocation-satisfied id="6133" threadId="0000000001AB4700" bytesRequested="24" />
<af-end id="6134" timestamp="2019-07-02T23:30:48.558" threadId="0000000001AB5088" success="true" />
<exclusive-end id="6135" timestamp="2019-07-02T23:30:48.558" durationms="10.927" />

<exclusive-start id="6136" timestamp="2019-07-02T23:30:48.697" intervalms="149.674">
  <response-info timems="0.026" idlems="0.026" threads="0" lastid="0000000001AB4700" lastname="main" />
</exclusive-start>
<af-start id="6137" threadId="0000000001AB5088" totalBytesRequested="24" timestamp="2019-07-02T23:30:48.697" intervalms="149.744" />
<cycle-start id="6138" type="global" contextid="0" timestamp="2019-07-02T23:30:48.697" intervalms="149.787" />
  <attribute name="GC Util" value="188" />
  <attribute name="CPU Util" value="1949524386440" />
  <attribute name="Time Running"value="26103"/>
  <attribute name="Number of cores"value="4"/>
<gc-start id="6139" type="global" contextid="6138" timestamp="2019-07-02T23:30:48.697">
  <mem-info id="6140" free="458752" total="45875200" percent="1">
    <mem type="tenure" free="458752" total="45875200" percent="1">
      <mem type="soa" free="0" total="45416448" percent="0" />
      <mem type="loa" free="458752" total="458752" percent="100" />
    </mem>
  </mem-info>
</gc-start>
<allocation-stats totalBytes="27411768" >
  <allocated-bytes non-tlh="0" tlh="27411768" />
  <largest-consumer threadName="main" threadId="0000000001AB4700" bytes="27411768" />
</allocation-stats>
<gc-op id="6141" type="mark" timems="8.854" contextid="6138" timestamp="2019-07-02T23:30:48.706">
  <trace-info objectcount="596294" scancount="517292" scanbytes="13272324" />
  <finalization candidates="80" enqueued="0" />
  <ownableSynchronizers candidates="21" cleared="0" />
  <references type="soft" candidates="1843" cleared="0" enqueued="0" dynamicThreshold="19" maxThreshold="32" />
  <references type="weak" candidates="5776" cleared="0" enqueued="0" />
  <references type="phantom" candidates="101" cleared="0" enqueued="0" />
  <stringconstants candidates="13253" cleared="0"  />
</gc-op>
<gc-op id="6142" type="sweep" timems="0.623" contextid="6138" timestamp="2019-07-02T23:30:48.707" />
<gc-end id="6143" type="global" contextid="6138" durationms="9.995" usertimems="24.000" systemtimems="0.000" timestamp="2019-07-02T23:30:48.707" activeThreads="4">
  <mem-info id="6144" free="27872496" total="45875200" percent="60">
    <mem type="tenure" free="27872496" total="45875200" percent="60" micro-fragmented="60345" macro-fragmented="0">
      <mem type="soa" free="27413744" total="45416448" percent="60" />
      <mem type="loa" free="458752" total="458752" percent="100" />
    </mem>
  </mem-info>
</gc-end>
<cycle-end id="6145" type="global" contextid="6138" timestamp="2019-07-02T23:30:48.707">
  <attribute name="GC Util" value="188" />
  <attribute name="CPU Util" value="2054605217491" />
  <attribute name="Time Running"value="26252"/>
  <attribute name="Number of cores"value="4"/>
</cycle-end>
<allocation-satisfied id="6146" threadId="0000000001AB4700" bytesRequested="24" />
<af-end id="6147" timestamp="2019-07-02T23:30:48.707" threadId="0000000001AB5088" success="true" />
<exclusive-end id="6148" timestamp="2019-07-02T23:30:48.707" durationms="10.693" />

<exclusive-start id="6149" timestamp="2019-07-02T23:30:48.728" intervalms="30.946">
  <response-info timems="0.096" idlems="0.096" threads="0" lastid="0000000001AB4700" lastname="main" />
</exclusive-start>
<af-start id="6150" threadId="0000000001AB5088" totalBytesRequested="32" timestamp="2019-07-02T23:30:48.728" intervalms="30.958" />
<cycle-start id="6151" type="global" contextid="0" timestamp="2019-07-02T23:30:48.728" intervalms="30.937" />
  <attribute name="GC Util" value="188" />
  <attribute name="CPU Util" value="2054605217491" />
  <attribute name="Time Running"value="26252"/>
  <attribute name="Number of cores"value="4"/>
<gc-start id="6152" type="global" contextid="6151" timestamp="2019-07-02T23:30:48.728">
  <mem-info id="6153" free="458752" total="45875200" percent="1">
    <mem type="tenure" free="458752" total="45875200" percent="1">
      <mem type="soa" free="0" total="45416448" percent="0" />
      <mem type="loa" free="458752" total="458752" percent="100" />
    </mem>
  </mem-info>
</gc-start>
<allocation-stats totalBytes="27411672" >
  <allocated-bytes non-tlh="0" tlh="27411672" />
  <largest-consumer threadName="main" threadId="0000000001AB4700" bytes="27411672" />
</allocation-stats>
<gc-op id="6154" type="mark" timems="8.984" contextid="6151" timestamp="2019-07-02T23:30:48.737">
  <trace-info objectcount="596305" scancount="517325" scanbytes="13272616" />
  <finalization candidates="80" enqueued="0" />
  <ownableSynchronizers candidates="21" cleared="0" />
  <references type="soft" candidates="1843" cleared="0" enqueued="0" dynamicThreshold="19" maxThreshold="32" />
  <references type="weak" candidates="5776" cleared="0" enqueued="0" />
  <references type="phantom" candidates="101" cleared="0" enqueued="0" />
  <stringconstants candidates="13253" cleared="0"  />
</gc-op>
<gc-op id="6155" type="sweep" timems="0.770" contextid="6151" timestamp="2019-07-02T23:30:48.738" />
<gc-end id="6156" type="global" contextid="6151" durationms="10.203" usertimems="24.000" systemtimems="0.000" timestamp="2019-07-02T23:30:48.738" activeThreads="4">
  <mem-info id="6157" free="27871648" total="45875200" percent="60">
    <mem type="tenure" free="27871648" total="45875200" percent="60" micro-fragmented="64118" macro-fragmented="0">
      <mem type="soa" free="27412896" total="45416448" percent="60" />
      <mem type="loa" free="458752" total="458752" percent="100" />
    </mem>
  </mem-info>
</gc-end>
<cycle-end id="6158" type="global" contextid="6151" timestamp="2019-07-02T23:30:48.738">
  <attribute name="GC Util" value="188" />
  <attribute name="CPU Util" value="2020791520512" />
  <attribute name="Time Running"value="26283"/>
  <attribute name="Number of cores"value="4"/>
</cycle-end>
<allocation-satisfied id="6159" threadId="0000000001AB4700" bytesRequested="32" />
<af-end id="6160" timestamp="2019-07-02T23:30:48.739" threadId="0000000001AB5088" success="true" />
<exclusive-end id="6161" timestamp="2019-07-02T23:30:48.739" durationms="10.888" />

<exclusive-start id="6162" timestamp="2019-07-02T23:30:48.770" intervalms="41.810">
  <response-info timems="0.026" idlems="0.026" threads="0" lastid="0000000001AB4700" lastname="main" />
</exclusive-start>
<af-start id="6163" threadId="0000000001AB5088" totalBytesRequested="24" timestamp="2019-07-02T23:30:48.770" intervalms="41.773" />
<cycle-start id="6164" type="global" contextid="0" timestamp="2019-07-02T23:30:48.770" intervalms="41.751" />
  <attribute name="GC Util" value="188" />
  <attribute name="CPU Util" value="2020791520512" />
  <attribute name="Time Running"value="26283"/>
  <attribute name="Number of cores"value="4"/>
<gc-start id="6165" type="global" contextid="6164" timestamp="2019-07-02T23:30:48.770">
  <mem-info id="6166" free="458752" total="45875200" percent="1">
    <mem type="tenure" free="458752" total="45875200" percent="1">
      <mem type="soa" free="0" total="45416448" percent="0" />
      <mem type="loa" free="458752" total="458752" percent="100" />
    </mem>
  </mem-info>
</gc-start>
<allocation-stats totalBytes="27410384" >
  <allocated-bytes non-tlh="0" tlh="27410384" />
  <largest-consumer threadName="main" threadId="0000000001AB4700" bytes="27410384" />
</allocation-stats>
<gc-op id="6167" type="mark" timems="8.840" contextid="6164" timestamp="2019-07-02T23:30:48.779">
  <trace-info objectcount="596300" scancount="517316" scanbytes="13272516" />
  <finalization candidates="80" enqueued="0" />
  <ownableSynchronizers candidates="21" cleared="0" />
  <references type="soft" candidates="1843" cleared="0" enqueued="0" dynamicThreshold="19" maxThreshold="32" />
  <references type="weak" candidates="5776" cleared="0" enqueued="0" />
  <references type="phantom" candidates="101" cleared="0" enqueued="0" />
  <stringconstants candidates="13253" cleared="0"  />
</gc-op>
<gc-op id="6168" type="sweep" timems="0.546" contextid="6164" timestamp="2019-07-02T23:30:48.779" />
<gc-end id="6169" type="global" contextid="6164" durationms="9.699" usertimems="28.000" systemtimems="0.000" timestamp="2019-07-02T23:30:48.779" activeThreads="4">
  <mem-info id="6170" free="27871952" total="45875200" percent="60">
    <mem type="tenure" free="27871952" total="45875200" percent="60" micro-fragmented="64118" macro-fragmented="0">
      <mem type="soa" free="27413200" total="45416448" percent="60" />
      <mem type="loa" free="458752" total="458752" percent="100" />
    </mem>
  </mem-info>
</gc-end>
<cycle-end id="6171" type="global" contextid="6164" timestamp="2019-07-02T23:30:48.780">
  <attribute name="GC Util" value="190" />
  <attribute name="CPU Util" value="2061869793538" />
  <attribute name="Time Running"value="26325"/>
  <attribute name="Number of cores"value="4"/>
</cycle-end>
<allocation-satisfied id="6172" threadId="0000000001AB4700" bytesRequested="24" />
<af-end id="6173" timestamp="2019-07-02T23:30:48.780" threadId="0000000001AB5088" success="true" />
<exclusive-end id="6174" timestamp="2019-07-02T23:30:48.780" durationms="10.221" />

<exclusive-start id="6175" timestamp="2019-07-02T23:30:48.808" intervalms="38.912">
  <response-info timems="0.179" idlems="0.179" threads="0" lastid="0000000001AB4700" lastname="main" />
</exclusive-start>
<af-start id="6176" threadId="0000000001AB5088" totalBytesRequested="32" timestamp="2019-07-02T23:30:48.809" intervalms="38.915" />
<cycle-start id="6177" type="global" contextid="0" timestamp="2019-07-02T23:30:48.809" intervalms="38.917" />
  <attribute name="GC Util" value="190" />
  <attribute name="CPU Util" value="2061869793538" />
  <attribute name="Time Running"value="26325"/>
  <attribute name="Number of cores"value="4"/>
<gc-start id="6178" type="global" contextid="6177" timestamp="2019-07-02T23:30:48.809">
  <mem-info id="6179" free="458752" total="45875200" percent="1">
    <mem type="tenure" free="458752" total="45875200" percent="1">
      <mem type="soa" free="0" total="45416448" percent="0" />
      <mem type="loa" free="458752" total="458752" percent="100" />
    </mem>
  </mem-info>
</gc-start>
<allocation-stats totalBytes="27410344" >
  <allocated-bytes non-tlh="0" tlh="27410344" />
  <largest-consumer threadName="main" threadId="0000000001AB4700" bytes="27410344" />
</allocation-stats>
<gc-op id="6180" type="mark" timems="10.122" contextid="6177" timestamp="2019-07-02T23:30:48.819">
  <trace-info objectcount="596302" scancount="517300" scanbytes="13272600" />
  <finalization candidates="80" enqueued="0" />
  <ownableSynchronizers candidates="21" cleared="0" />
  <references type="soft" candidates="1843" cleared="0" enqueued="0" dynamicThreshold="19" maxThreshold="32" />
  <references type="weak" candidates="5776" cleared="0" enqueued="0" />
  <references type="phantom" candidates="101" cleared="0" enqueued="0" />
  <stringconstants candidates="13253" cleared="0"  />
</gc-op>
<gc-op id="6181" type="sweep" timems="0.733" contextid="6177" timestamp="2019-07-02T23:30:48.820" />
<gc-end id="6182" type="global" contextid="6177" durationms="11.175" usertimems="32.000" systemtimems="4.000" timestamp="2019-07-02T23:30:48.820" activeThreads="4">
  <mem-info id="6183" free="27871200" total="45875200" percent="60">
    <mem type="tenure" free="27871200" total="45875200" percent="60" micro-fragmented="75531" macro-fragmented="0">
      <mem type="soa" free="27412448" total="45416448" percent="60" />
      <mem type="loa" free="458752" total="458752" percent="100" />
    </mem>
  </mem-info>
</gc-end>
<cycle-end id="6184" type="global" contextid="6177" timestamp="2019-07-02T23:30:48.820">
  <attribute name="GC Util" value="188" />
  <attribute name="CPU Util" value="1801519427647" />
  <attribute name="Time Running"value="26365"/>
  <attribute name="Number of cores"value="4"/>
</cycle-end>
<allocation-satisfied id="6185" threadId="0000000001AB4700" bytesRequested="32" />
<af-end id="6186" timestamp="2019-07-02T23:30:48.820" threadId="0000000001AB5088" success="true" />
<exclusive-end id="6187" timestamp="2019-07-02T23:30:48.820" durationms="11.685" />

<exclusive-start id="6188" timestamp="2019-07-02T23:30:48.844" intervalms="35.223">
  <response-info timems="0.080" idlems="0.080" threads="0" lastid="0000000001AB4700" lastname="main" />
</exclusive-start>
<af-start id="6189" threadId="0000000001AB5088" totalBytesRequested="32" timestamp="2019-07-02T23:30:48.844" intervalms="35.224" />
<cycle-start id="6190" type="global" contextid="0" timestamp="2019-07-02T23:30:48.844" intervalms="35.223" />
  <attribute name="GC Util" value="188" />
  <attribute name="CPU Util" value="1801519427647" />
  <attribute name="Time Running"value="26365"/>
  <attribute name="Number of cores"value="4"/>
<gc-start id="6191" type="global" contextid="6190" timestamp="2019-07-02T23:30:48.844">
  <mem-info id="6192" free="458752" total="45875200" percent="1">
    <mem type="tenure" free="458752" total="45875200" percent="1">
      <mem type="soa" free="0" total="45416448" percent="0" />
      <mem type="loa" free="458752" total="458752" percent="100" />
    </mem>
  </mem-info>
</gc-start>
<allocation-stats totalBytes="27409808" >
  <allocated-bytes non-tlh="0" tlh="27409808" />
  <largest-consumer threadName="main" threadId="0000000001AB4700" bytes="27409808" />
</allocation-stats>
<gc-op id="6193" type="mark" timems="9.164" contextid="6190" timestamp="2019-07-02T23:30:48.853">
  <trace-info objectcount="596302" scancount="517328" scanbytes="13272600" />
  <finalization candidates="80" enqueued="0" />
  <ownableSynchronizers candidates="21" cleared="0" />
  <references type="soft" candidates="1843" cleared="0" enqueued="0" dynamicThreshold="19" maxThreshold="32" />
  <references type="weak" candidates="5776" cleared="0" enqueued="0" />
  <references type="phantom" candidates="101" cleared="0" enqueued="0" />
  <stringconstants candidates="13253" cleared="0"  />
</gc-op>
<gc-op id="6194" type="sweep" timems="0.591" contextid="6190" timestamp="2019-07-02T23:30:48.854" />
<gc-end id="6195" type="global" contextid="6190" durationms="10.086" usertimems="40.000" systemtimems="0.000" timestamp="2019-07-02T23:30:48.854" activeThreads="4">
  <mem-info id="6196" free="27871472" total="45875200" percent="60">
    <mem type="tenure" free="27871472" total="45875200" percent="60" micro-fragmented="75400" macro-fragmented="0">
      <mem type="soa" free="27412720" total="45416448" percent="60" />
      <mem type="loa" free="458752" total="458752" percent="100" />
    </mem>
  </mem-info>
</gc-end>
<cycle-end id="6197" type="global" contextid="6190" timestamp="2019-07-02T23:30:48.854">
  <attribute name="GC Util" value="190" />
  <attribute name="CPU Util" value="1990108852597" />
  <attribute name="Time Running"value="26399"/>
  <attribute name="Number of cores"value="4"/>
</cycle-end>
<allocation-satisfied id="6198" threadId="0000000001AB4700" bytesRequested="32" />
<af-end id="6199" timestamp="2019-07-02T23:30:48.854" threadId="0000000001AB5088" success="true" />
<exclusive-end id="6200" timestamp="2019-07-02T23:30:48.854" durationms="10.599" />

<exclusive-start id="6201" timestamp="2019-07-02T23:30:48.946" intervalms="101.903">
  <response-info timems="0.065" idlems="0.065" threads="0" lastid="0000000001AB4700" lastname="main" />
</exclusive-start>
<af-start id="6202" threadId="0000000001AB5088" totalBytesRequested="208" timestamp="2019-07-02T23:30:48.946" intervalms="101.911" />
<cycle-start id="6203" type="global" contextid="0" timestamp="2019-07-02T23:30:48.946" intervalms="101.912" />
  <attribute name="GC Util" value="190" />
  <attribute name="CPU Util" value="1990108852597" />
  <attribute name="Time Running"value="26399"/>
  <attribute name="Number of cores"value="4"/>
<gc-start id="6204" type="global" contextid="6203" timestamp="2019-07-02T23:30:48.946">
  <mem-info id="6205" free="458752" total="45875200" percent="1">
    <mem type="tenure" free="458752" total="45875200" percent="1">
      <mem type="soa" free="0" total="45416448" percent="0" />
      <mem type="loa" free="458752" total="458752" percent="100" />
    </mem>
  </mem-info>
</gc-start>
<allocation-stats totalBytes="27408048" >
  <allocated-bytes non-tlh="0" tlh="27408048" />
  <largest-consumer threadName="main" threadId="0000000001AB4700" bytes="27408048" />
</allocation-stats>
<gc-op id="6206" type="mark" timems="9.370" contextid="6203" timestamp="2019-07-02T23:30:48.955">
  <trace-info objectcount="596311" scancount="517304" scanbytes="13272660" />
  <finalization candidates="80" enqueued="0" />
  <ownableSynchronizers candidates="21" cleared="0" />
  <references type="soft" candidates="1843" cleared="0" enqueued="0" dynamicThreshold="19" maxThreshold="32" />
  <references type="weak" candidates="5776" cleared="0" enqueued="0" />
  <references type="phantom" candidates="101" cleared="0" enqueued="0" />
  <stringconstants candidates="13253" cleared="0"  />
</gc-op>
<gc-op id="6207" type="sweep" timems="0.780" contextid="6203" timestamp="2019-07-02T23:30:48.956" />
<gc-end id="6208" type="global" contextid="6203" durationms="10.514" usertimems="28.000" systemtimems="0.000" timestamp="2019-07-02T23:30:48.956" activeThreads="4">
  <mem-info id="6209" free="27871440" total="45875200" percent="60">
    <mem type="tenure" free="27871440" total="45875200" percent="60" micro-fragmented="64118" macro-fragmented="0">
      <mem type="soa" free="27412688" total="45416448" percent="60" />
      <mem type="loa" free="458752" total="458752" percent="100" />
    </mem>
  </mem-info>
</gc-end>
<cycle-end id="6210" type="global" contextid="6203" timestamp="2019-07-02T23:30:48.957">
  <attribute name="GC Util" value="188" />
  <attribute name="CPU Util" value="1941254817598" />
  <attribute name="Time Running"value="26501"/>
  <attribute name="Number of cores"value="4"/>
</cycle-end>
<allocation-satisfied id="6211" threadId="0000000001AB4700" bytesRequested="208" />
<af-end id="6212" timestamp="2019-07-02T23:30:48.957" threadId="0000000001AB5088" success="true" />
<exclusive-end id="6213" timestamp="2019-07-02T23:30:48.957" durationms="11.315" />

<exclusive-start id="6214" timestamp="2019-07-02T23:30:49.026" intervalms="80.624">
  <response-info timems="0.071" idlems="0.071" threads="0" lastid="0000000001AB4700" lastname="main" />
</exclusive-start>
<af-start id="6215" threadId="0000000001AB5088" totalBytesRequested="112" timestamp="2019-07-02T23:30:49.027" intervalms="80.811" />
<cycle-start id="6216" type="global" contextid="0" timestamp="2019-07-02T23:30:49.027" intervalms="80.929" />
  <attribute name="GC Util" value="188" />
  <attribute name="CPU Util" value="1941254817598" />
  <attribute name="Time Running"value="26501"/>
  <attribute name="Number of cores"value="4"/>
<gc-start id="6217" type="global" contextid="6216" timestamp="2019-07-02T23:30:49.027">
  <mem-info id="6218" free="458752" total="45875200" percent="1">
    <mem type="tenure" free="458752" total="45875200" percent="1">
      <mem type="soa" free="0" total="45416448" percent="0" />
      <mem type="loa" free="458752" total="458752" percent="100" />
    </mem>
  </mem-info>
</gc-start>
<allocation-stats totalBytes="27365400" >
  <allocated-bytes non-tlh="0" tlh="27365400" />
  <largest-consumer threadName="main" threadId="0000000001AB4700" bytes="27365400" />
</allocation-stats>
<gc-op id="6219" type="mark" timems="12.564" contextid="6216" timestamp="2019-07-02T23:30:49.040">
  <trace-info objectcount="596312" scancount="517301" scanbytes="13272684" />
  <finalization candidates="80" enqueued="0" />
  <ownableSynchronizers candidates="21" cleared="0" />
  <references type="soft" candidates="1843" cleared="0" enqueued="0" dynamicThreshold="19" maxThreshold="32" />
  <references type="weak" candidates="5776" cleared="0" enqueued="0" />
  <references type="phantom" candidates="101" cleared="0" enqueued="0" />
  <stringconstants candidates="13253" cleared="0"  />
</gc-op>
<gc-op id="6220" type="sweep" timems="0.623" contextid="6216" timestamp="2019-07-02T23:30:49.041" />
<gc-end id="6221" type="global" contextid="6216" durationms="13.811" usertimems="40.000" systemtimems="0.000" timestamp="2019-07-02T23:30:49.041" activeThreads="4">
  <mem-info id="6222" free="27871336" total="45875200" percent="60">
    <mem type="tenure" free="27871336" total="45875200" percent="60" micro-fragmented="64118" macro-fragmented="0">
      <mem type="soa" free="27412584" total="45416448" percent="60" />
      <mem type="loa" free="458752" total="458752" percent="100" />
    </mem>
  </mem-info>
</gc-end>
<cycle-end id="6223" type="global" contextid="6216" timestamp="2019-07-02T23:30:49.041">
  <attribute name="GC Util" value="221" />
  <attribute name="CPU Util" value="1449392372671" />
  <attribute name="Time Running"value="26586"/>
  <attribute name="Number of cores"value="4"/>
</cycle-end>
<allocation-satisfied id="6224" threadId="0000000001AB4700" bytesRequested="112" />
<af-end id="6225" timestamp="2019-07-02T23:30:49.041" threadId="0000000001AB5088" success="true" />
<exclusive-end id="6226" timestamp="2019-07-02T23:30:49.041" durationms="14.945" />

<exclusive-start id="6227" timestamp="2019-07-02T23:30:49.117" intervalms="91.149">
  <response-info timems="0.081" idlems="0.081" threads="0" lastid="0000000001AB4700" lastname="main" />
</exclusive-start>
<af-start id="6228" threadId="0000000001AB5088" totalBytesRequested="112" timestamp="2019-07-02T23:30:49.118" intervalms="91.000" />
<cycle-start id="6229" type="global" contextid="0" timestamp="2019-07-02T23:30:49.118" intervalms="90.892" />
  <attribute name="GC Util" value="221" />
  <attribute name="CPU Util" value="1449392372671" />
  <attribute name="Time Running"value="26586"/>
  <attribute name="Number of cores"value="4"/>
<gc-start id="6230" type="global" contextid="6229" timestamp="2019-07-02T23:30:49.118">
  <mem-info id="6231" free="458752" total="45875200" percent="1">
    <mem type="tenure" free="458752" total="45875200" percent="1">
      <mem type="soa" free="0" total="45416448" percent="0" />
      <mem type="loa" free="458752" total="458752" percent="100" />
    </mem>
  </mem-info>
</gc-start>
<allocation-stats totalBytes="27370720" >
  <allocated-bytes non-tlh="0" tlh="27370720" />
  <largest-consumer threadName="main" threadId="0000000001AB4700" bytes="27370720" />
</allocation-stats>
<gc-op id="6232" type="mark" timems="12.242" contextid="6229" timestamp="2019-07-02T23:30:49.130">
  <trace-info objectcount="596312" scancount="517329" scanbytes="13272684" />
  <finalization candidates="80" enqueued="0" />
  <ownableSynchronizers candidates="21" cleared="0" />
  <references type="soft" candidates="1843" cleared="0" enqueued="0" dynamicThreshold="19" maxThreshold="32" />
  <references type="weak" candidates="5776" cleared="0" enqueued="0" />
  <references type="phantom" candidates="101" cleared="0" enqueued="0" />
  <stringconstants candidates="13253" cleared="0"  />
</gc-op>
<gc-op id="6233" type="sweep" timems="0.615" contextid="6229" timestamp="2019-07-02T23:30:49.131" />
<gc-end id="6234" type="global" contextid="6229" durationms="13.241" usertimems="36.000" systemtimems="0.000" timestamp="2019-07-02T23:30:49.131" activeThreads="4">
  <mem-info id="6235" free="27871216" total="45875200" percent="60">
    <mem type="tenure" free="27871216" total="45875200" percent="60" micro-fragmented="64118" macro-fragmented="0">
      <mem type="soa" free="27412464" total="45416448" percent="60" />
      <mem type="loa" free="458752" total="458752" percent="100" />
    </mem>
  </mem-info>
</gc-end>
<cycle-end id="6236" type="global" contextid="6229" timestamp="2019-07-02T23:30:49.131">
  <attribute name="GC Util" value="197" />
  <attribute name="CPU Util" value="1494026067111" />
  <attribute name="Time Running"value="26676"/>
  <attribute name="Number of cores"value="4"/>
</cycle-end>
<allocation-satisfied id="6237" threadId="0000000001AB4700" bytesRequested="112" />
<af-end id="6238" timestamp="2019-07-02T23:30:49.131" threadId="0000000001AB5088" success="true" />
<exclusive-end id="6239" timestamp="2019-07-02T23:30:49.131" durationms="14.034" />

<exclusive-start id="6240" timestamp="2019-07-02T23:30:49.176" intervalms="58.975">
  <response-info timems="0.038" idlems="0.038" threads="0" lastid="0000000001AB4700" lastname="main" />
</exclusive-start>
<af-start id="6241" threadId="0000000001AB5088" totalBytesRequested="112" timestamp="2019-07-02T23:30:49.176" intervalms="58.964" />
<cycle-start id="6242" type="global" contextid="0" timestamp="2019-07-02T23:30:49.177" intervalms="58.964" />
  <attribute name="GC Util" value="197" />
  <attribute name="CPU Util" value="1494026067111" />
  <attribute name="Time Running"value="26676"/>
  <attribute name="Number of cores"value="4"/>
<gc-start id="6243" type="global" contextid="6242" timestamp="2019-07-02T23:30:49.177">
  <mem-info id="6244" free="458752" total="45875200" percent="1">
    <mem type="tenure" free="458752" total="45875200" percent="1">
      <mem type="soa" free="0" total="45416448" percent="0" />
      <mem type="loa" free="458752" total="458752" percent="100" />
    </mem>
  </mem-info>
</gc-start>
<allocation-stats totalBytes="27372384" >
  <allocated-bytes non-tlh="0" tlh="27372384" />
  <largest-consumer threadName="main" threadId="0000000001AB4700" bytes="27372384" />
</allocation-stats>
<gc-op id="6245" type="mark" timems="12.850" contextid="6242" timestamp="2019-07-02T23:30:49.190">
  <trace-info objectcount="596312" scancount="517304" scanbytes="13272684" />
  <finalization candidates="80" enqueued="0" />
  <ownableSynchronizers candidates="21" cleared="0" />
  <references type="soft" candidates="1843" cleared="0" enqueued="0" dynamicThreshold="19" maxThreshold="32" />
  <references type="weak" candidates="5776" cleared="0" enqueued="0" />
  <references type="phantom" candidates="101" cleared="0" enqueued="0" />
  <stringconstants candidates="13253" cleared="0"  />
</gc-op>
<gc-op id="6246" type="sweep" timems="0.710" contextid="6242" timestamp="2019-07-02T23:30:49.190" />
<gc-end id="6247" type="global" contextid="6242" durationms="13.912" usertimems="36.000" systemtimems="8.000" timestamp="2019-07-02T23:30:49.191" activeThreads="4">
  <mem-info id="6248" free="27871168" total="45875200" percent="60">
    <mem type="tenure" free="27871168" total="45875200" percent="60" micro-fragmented="64118" macro-fragmented="0">
      <mem type="soa" free="27412416" total="45416448" percent="60" />
      <mem type="loa" free="458752" total="458752" percent="100" />
    </mem>
  </mem-info>
</gc-end>
<cycle-end id="6249" type="global" contextid="6242" timestamp="2019-07-02T23:30:49.191">
  <attribute name="GC Util" value="178" />
  <attribute name="CPU Util" value="1423021050624" />
  <attribute name="Time Running"value="26736"/>
  <attribute name="Number of cores"value="4"/>
</cycle-end>
<allocation-satisfied id="6250" threadId="0000000001AB4700" bytesRequested="112" />
<af-end id="6251" timestamp="2019-07-02T23:30:49.191" threadId="0000000001AB5088" success="true" />
<exclusive-end id="6252" timestamp="2019-07-02T23:30:49.191" durationms="14.485" />

<exclusive-start id="6253" timestamp="2019-07-02T23:30:49.268" intervalms="92.100">
  <response-info timems="0.037" idlems="0.037" threads="0" lastid="0000000001AB4700" lastname="main" />
</exclusive-start>
<af-start id="6254" threadId="0000000001AB5088" totalBytesRequested="584" timestamp="2019-07-02T23:30:49.269" intervalms="92.101" />
<cycle-start id="6255" type="global" contextid="0" timestamp="2019-07-02T23:30:49.269" intervalms="92.104" />
  <attribute name="GC Util" value="178" />
  <attribute name="CPU Util" value="1423021050624" />
  <attribute name="Time Running"value="26736"/>
  <attribute name="Number of cores"value="4"/>
<gc-start id="6256" type="global" contextid="6255" timestamp="2019-07-02T23:30:49.269">
  <mem-info id="6257" free="458752" total="45875200" percent="1">
    <mem type="tenure" free="458752" total="45875200" percent="1">
      <mem type="soa" free="0" total="45416448" percent="0" />
      <mem type="loa" free="458752" total="458752" percent="100" />
    </mem>
  </mem-info>
</gc-start>
<allocation-stats totalBytes="27395856" >
  <allocated-bytes non-tlh="0" tlh="27395856" />
  <largest-consumer threadName="main" threadId="0000000001AB4700" bytes="27395856" />
</allocation-stats>
<gc-op id="6258" type="mark" timems="13.067" contextid="6255" timestamp="2019-07-02T23:30:49.282">
  <trace-info objectcount="596302" scancount="517296" scanbytes="13272528" />
  <finalization candidates="80" enqueued="0" />
  <ownableSynchronizers candidates="21" cleared="0" />
  <references type="soft" candidates="1843" cleared="0" enqueued="0" dynamicThreshold="19" maxThreshold="32" />
  <references type="weak" candidates="5776" cleared="0" enqueued="0" />
  <references type="phantom" candidates="101" cleared="0" enqueued="0" />
  <stringconstants candidates="13253" cleared="0"  />
</gc-op>
<gc-op id="6259" type="sweep" timems="0.742" contextid="6255" timestamp="2019-07-02T23:30:49.283" />
<gc-end id="6260" type="global" contextid="6255" durationms="14.156" usertimems="52.000" systemtimems="0.000" timestamp="2019-07-02T23:30:49.283" activeThreads="4">
  <mem-info id="6261" free="27871248" total="45875200" percent="60">
    <mem type="tenure" free="27871248" total="45875200" percent="60" micro-fragmented="60425" macro-fragmented="0">
      <mem type="soa" free="27412496" total="45416448" percent="60" />
      <mem type="loa" free="458752" total="458752" percent="100" />
    </mem>
  </mem-info>
</gc-end>
<cycle-end id="6262" type="global" contextid="6255" timestamp="2019-07-02T23:30:49.283">
  <attribute name="GC Util" value="138" />
  <attribute name="CPU Util" value="1399828730550" />
  <attribute name="Time Running"value="26828"/>
  <attribute name="Number of cores"value="4"/>
</cycle-end>
<allocation-satisfied id="6263" threadId="0000000001AB4700" bytesRequested="584" />
<af-end id="6264" timestamp="2019-07-02T23:30:49.283" threadId="0000000001AB5088" success="true" />
<exclusive-end id="6265" timestamp="2019-07-02T23:30:49.283" durationms="14.746" />

<exclusive-start id="6266" timestamp="2019-07-02T23:30:49.288" intervalms="19.601">
  <response-info timems="0.043" idlems="0.043" threads="0" lastid="0000000001AB4700" lastname="main" />
</exclusive-start>
<af-start id="6267" threadId="0000000001AB5088" totalBytesRequested="544" timestamp="2019-07-02T23:30:49.288" intervalms="19.592" />
<cycle-start id="6268" type="global" contextid="0" timestamp="2019-07-02T23:30:49.288" intervalms="19.575" />
  <attribute name="GC Util" value="138" />
  <attribute name="CPU Util" value="1399828730550" />
  <attribute name="Time Running"value="26828"/>
  <attribute name="Number of cores"value="4"/>
<gc-start id="6269" type="global" contextid="6268" timestamp="2019-07-02T23:30:49.288">
  <mem-info id="6270" free="458752" total="45875200" percent="1">
    <mem type="tenure" free="458752" total="45875200" percent="1">
      <mem type="soa" free="0" total="45416448" percent="0" />
      <mem type="loa" free="458752" total="458752" percent="100" />
    </mem>
  </mem-info>
</gc-start>
<allocation-stats totalBytes="27339992" >
  <allocated-bytes non-tlh="0" tlh="27339992" />
  <largest-consumer threadName="main" threadId="0000000001AB4700" bytes="27339992" />
</allocation-stats>
<gc-op id="6271" type="mark" timems="13.271" contextid="6268" timestamp="2019-07-02T23:30:49.302">
  <trace-info objectcount="596303" scancount="517302" scanbytes="13272552" />
  <finalization candidates="80" enqueued="0" />
  <ownableSynchronizers candidates="21" cleared="0" />
  <references type="soft" candidates="1843" cleared="0" enqueued="0" dynamicThreshold="19" maxThreshold="32" />
  <references type="weak" candidates="5776" cleared="0" enqueued="0" />
  <references type="phantom" candidates="101" cleared="0" enqueued="0" />
  <stringconstants candidates="13253" cleared="0"  />
</gc-op>
<gc-op id="6272" type="sweep" timems="0.633" contextid="6268" timestamp="2019-07-02T23:30:49.302" />
<gc-end id="6273" type="global" contextid="6268" durationms="14.313" usertimems="52.000" systemtimems="0.000" timestamp="2019-07-02T23:30:49.303" activeThreads="4">
  <mem-info id="6274" free="27871968" total="45875200" percent="60">
    <mem type="tenure" free="27871968" total="45875200" percent="60" micro-fragmented="60425" macro-fragmented="0">
      <mem type="soa" free="27413216" total="45416448" percent="60" />
      <mem type="loa" free="458752" total="458752" percent="100" />
    </mem>
  </mem-info>
</gc-end>
<cycle-end id="6275" type="global" contextid="6268" timestamp="2019-07-02T23:30:49.303">
  <attribute name="GC Util" value="167" />
  <attribute name="CPU Util" value="1375991286416" />
  <attribute name="Time Running"value="26848"/>
  <attribute name="Number of cores"value="4"/>
</cycle-end>
<allocation-satisfied id="6276" threadId="0000000001AB4700" bytesRequested="544" />
<af-end id="6277" timestamp="2019-07-02T23:30:49.303" threadId="0000000001AB5088" success="true" />
<exclusive-end id="6278" timestamp="2019-07-02T23:30:49.303" durationms="15.049" />

<exclusive-start id="6279" timestamp="2019-07-02T23:30:49.308" intervalms="20.218">
  <response-info timems="0.063" idlems="0.063" threads="0" lastid="0000000001AB4700" lastname="main" />
</exclusive-start>
<af-start id="6280" threadId="0000000001AB5088" totalBytesRequested="544" timestamp="2019-07-02T23:30:49.308" intervalms="20.285" />
<cycle-start id="6281" type="global" contextid="0" timestamp="2019-07-02T23:30:49.309" intervalms="20.347" />
  <attribute name="GC Util" value="167" />
  <attribute name="CPU Util" value="1375991286416" />
  <attribute name="Time Running"value="26848"/>
  <attribute name="Number of cores"value="4"/>
<gc-start id="6282" type="global" contextid="6281" timestamp="2019-07-02T23:30:49.309">
  <mem-info id="6283" free="458752" total="45875200" percent="1">
    <mem type="tenure" free="458752" total="45875200" percent="1">
      <mem type="soa" free="0" total="45416448" percent="0" />
      <mem type="loa" free="458752" total="458752" percent="100" />
    </mem>
  </mem-info>
</gc-start>
<allocation-stats totalBytes="27325704" >
  <allocated-bytes non-tlh="0" tlh="27325704" />
  <largest-consumer threadName="main" threadId="0000000001AB4700" bytes="27325704" />
</allocation-stats>
<gc-op id="6284" type="mark" timems="13.322" contextid="6281" timestamp="2019-07-02T23:30:49.322">
  <trace-info objectcount="596303" scancount="517323" scanbytes="13272552" />
  <finalization candidates="80" enqueued="0" />
  <ownableSynchronizers candidates="21" cleared="0" />
  <references type="soft" candidates="1843" cleared="0" enqueued="0" dynamicThreshold="19" maxThreshold="32" />
  <references type="weak" candidates="5776" cleared="0" enqueued="0" />
  <references type="phantom" candidates="101" cleared="0" enqueued="0" />
  <stringconstants candidates="13253" cleared="0"  />
</gc-op>
<gc-op id="6285" type="sweep" timems="0.910" contextid="6281" timestamp="2019-07-02T23:30:49.323" />
<gc-end id="6286" type="global" contextid="6281" durationms="14.713" usertimems="44.000" systemtimems="0.000" timestamp="2019-07-02T23:30:49.323" activeThreads="4">
  <mem-info id="6287" free="27871448" total="45875200" percent="60">
    <mem type="tenure" free="27871448" total="45875200" percent="60" micro-fragmented="60425" macro-fragmented="0">
      <mem type="soa" free="27412696" total="45416448" percent="60" />
      <mem type="loa" free="458752" total="458752" percent="100" />
    </mem>
  </mem-info>
</gc-end>
<cycle-end id="6288" type="global" contextid="6281" timestamp="2019-07-02T23:30:49.324">
  <attribute name="GC Util" value="185" />
  <attribute name="CPU Util" value="1371135600968" />
  <attribute name="Time Running"value="26868"/>
  <attribute name="Number of cores"value="4"/>
</cycle-end>
<allocation-satisfied id="6289" threadId="0000000001AB4700" bytesRequested="544" />
<af-end id="6290" timestamp="2019-07-02T23:30:49.324" threadId="0000000001AB5088" success="true" />
<exclusive-end id="6291" timestamp="2019-07-02T23:30:49.324" durationms="15.592" />

<exclusive-start id="6292" timestamp="2019-07-02T23:30:49.329" intervalms="20.696">
  <response-info timems="0.066" idlems="0.066" threads="0" lastid="0000000001AB4700" lastname="main" />
</exclusive-start>
<af-start id="6293" threadId="0000000001AB5088" totalBytesRequested="32" timestamp="2019-07-02T23:30:49.329" intervalms="20.634" />
<cycle-start id="6294" type="global" contextid="0" timestamp="2019-07-02T23:30:49.329" intervalms="20.580" />
  <attribute name="GC Util" value="185" />
  <attribute name="CPU Util" value="1371135600968" />
  <attribute name="Time Running"value="26868"/>
  <attribute name="Number of cores"value="4"/>
<gc-start id="6295" type="global" contextid="6294" timestamp="2019-07-02T23:30:49.329">
  <mem-info id="6296" free="458752" total="45875200" percent="1">
    <mem type="tenure" free="458752" total="45875200" percent="1">
      <mem type="soa" free="0" total="45416448" percent="0" />
      <mem type="loa" free="458752" total="458752" percent="100" />
    </mem>
  </mem-info>
</gc-start>
<allocation-stats totalBytes="27323680" >
  <allocated-bytes non-tlh="0" tlh="27323680" />
  <largest-consumer threadName="main" threadId="0000000001AB4700" bytes="27323680" />
</allocation-stats>
<gc-op id="6297" type="mark" timems="12.408" contextid="6294" timestamp="2019-07-02T23:30:49.342">
  <trace-info objectcount="596304" scancount="517299" scanbytes="13272552" />
  <finalization candidates="80" enqueued="0" />
  <ownableSynchronizers candidates="21" cleared="0" />
  <references type="soft" candidates="1843" cleared="0" enqueued="0" dynamicThreshold="19" maxThreshold="32" />
  <references type="weak" candidates="5776" cleared="0" enqueued="0" />
  <references type="phantom" candidates="101" cleared="0" enqueued="0" />
  <stringconstants candidates="13253" cleared="0"  />
</gc-op>
<gc-op id="6298" type="sweep" timems="0.851" contextid="6294" timestamp="2019-07-02T23:30:49.343" />
<gc-end id="6299" type="global" contextid="6294" durationms="13.632" usertimems="52.000" systemtimems="0.000" timestamp="2019-07-02T23:30:49.343" activeThreads="4">
  <mem-info id="6300" free="27870816" total="45875200" percent="60">
    <mem type="tenure" free="27870816" total="45875200" percent="60" micro-fragmented="60425" macro-fragmented="0">
      <mem type="soa" free="27412064" total="45416448" percent="60" />
      <mem type="loa" free="458752" total="458752" percent="100" />
    </mem>
  </mem-info>
</gc-end>
<cycle-end id="6301" type="global" contextid="6294" timestamp="2019-07-02T23:30:49.343">
  <attribute name="GC Util" value="219" />
  <attribute name="CPU Util" value="1472927783645" />
  <attribute name="Time Running"value="26888"/>
  <attribute name="Number of cores"value="4"/>
</cycle-end>
<allocation-satisfied id="6302" threadId="0000000001AB4700" bytesRequested="32" />
<af-end id="6303" timestamp="2019-07-02T23:30:49.343" threadId="0000000001AB5088" success="true" />
<exclusive-end id="6304" timestamp="2019-07-02T23:30:49.343" durationms="14.320" />

<exclusive-start id="6305" timestamp="2019-07-02T23:30:49.349" intervalms="19.723">
  <response-info timems="0.465" idlems="0.240" threads="1" lastid="0000000001AB8300" lastname="JIT Compilation Thread-0" />
</exclusive-start>
<af-start id="6306" threadId="0000000001AB5088" totalBytesRequested="24" timestamp="2019-07-02T23:30:49.349" intervalms="19.730" />
<cycle-start id="6307" type="global" contextid="0" timestamp="2019-07-02T23:30:49.349" intervalms="19.741" />
  <attribute name="GC Util" value="219" />
  <attribute name="CPU Util" value="1472927783645" />
  <attribute name="Time Running"value="26888"/>
  <attribute name="Number of cores"value="4"/>
<gc-start id="6308" type="global" contextid="6307" timestamp="2019-07-02T23:30:49.349">
  <mem-info id="6309" free="458752" total="45875200" percent="1">
    <mem type="tenure" free="458752" total="45875200" percent="1">
      <mem type="soa" free="0" total="45416448" percent="0" />
      <mem type="loa" free="458752" total="458752" percent="100" />
    </mem>
  </mem-info>
</gc-start>
<allocation-stats totalBytes="27330848" >
  <allocated-bytes non-tlh="0" tlh="27330848" />
  <largest-consumer threadName="main" threadId="0000000001AB4700" bytes="27330848" />
</allocation-stats>
<gc-op id="6310" type="mark" timems="8.126" contextid="6307" timestamp="2019-07-02T23:30:49.357">
  <trace-info objectcount="596302" scancount="517320" scanbytes="13272536" />
  <finalization candidates="80" enqueued="0" />
  <ownableSynchronizers candidates="21" cleared="0" />
  <references type="soft" candidates="1843" cleared="0" enqueued="0" dynamicThreshold="19" maxThreshold="32" />
  <references type="weak" candidates="5776" cleared="0" enqueued="0" />
  <references type="phantom" candidates="101" cleared="0" enqueued="0" />
  <stringconstants candidates="13253" cleared="0"  />
</gc-op>
<gc-op id="6311" type="sweep" timems="0.564" contextid="6307" timestamp="2019-07-02T23:30:49.358" />
<gc-end id="6312" type="global" contextid="6307" durationms="9.112" usertimems="24.000" systemtimems="0.000" timestamp="2019-07-02T23:30:49.358" activeThreads="4">
  <mem-info id="6313" free="27872008" total="45875200" percent="60">
    <mem type="tenure" free="27872008" total="45875200" percent="60" micro-fragmented="60425" macro-fragmented="0">
      <mem type="soa" free="27413256" total="45416448" percent="60" />
      <mem type="loa" free="458752" total="458752" percent="100" />
    </mem>
  </mem-info>
</gc-end>
<cycle-end id="6314" type="global" contextid="6307" timestamp="2019-07-02T23:30:49.358">
  <attribute name="GC Util" value="278" />
  <attribute name="CPU Util" value="2242375224719" />
  <attribute name="Time Running"value="26903"/>
  <attribute name="Number of cores"value="4"/>
</cycle-end>
<allocation-satisfied id="6315" threadId="0000000001AB4700" bytesRequested="24" />
<af-end id="6316" timestamp="2019-07-02T23:30:49.359" threadId="0000000001AB5088" success="true" />
<exclusive-end id="6317" timestamp="2019-07-02T23:30:49.359" durationms="10.094" />

<exclusive-start id="6318" timestamp="2019-07-02T23:30:49.370" intervalms="21.702">
  <response-info timems="0.074" idlems="0.074" threads="0" lastid="0000000001AB4700" lastname="main" />
</exclusive-start>
<af-start id="6319" threadId="0000000001AB5088" totalBytesRequested="488" timestamp="2019-07-02T23:30:49.370" intervalms="21.687" />
<cycle-start id="6320" type="global" contextid="0" timestamp="2019-07-02T23:30:49.371" intervalms="21.676" />
  <attribute name="GC Util" value="278" />
  <attribute name="CPU Util" value="2242375224719" />
  <attribute name="Time Running"value="26903"/>
  <attribute name="Number of cores"value="4"/>
<gc-start id="6321" type="global" contextid="6320" timestamp="2019-07-02T23:30:49.371">
  <mem-info id="6322" free="458752" total="45875200" percent="1">
    <mem type="tenure" free="458752" total="45875200" percent="1">
      <mem type="soa" free="0" total="45416448" percent="0" />
      <mem type="loa" free="458752" total="458752" percent="100" />
    </mem>
  </mem-info>
</gc-start>
<allocation-stats totalBytes="27328288" >
  <allocated-bytes non-tlh="0" tlh="27328288" />
  <largest-consumer threadName="main" threadId="0000000001AB4700" bytes="27328288" />
</allocation-stats>
<gc-op id="6323" type="mark" timems="8.786" contextid="6320" timestamp="2019-07-02T23:30:49.380">
  <trace-info objectcount="596303" scancount="517293" scanbytes="13272552" />
  <finalization candidates="80" enqueued="0" />
  <ownableSynchronizers candidates="21" cleared="0" />
  <references type="soft" candidates="1843" cleared="0" enqueued="0" dynamicThreshold="19" maxThreshold="32" />
  <references type="weak" candidates="5776" cleared="0" enqueued="0" />
  <references type="phantom" candidates="101" cleared="0" enqueued="0" />
  <stringconstants candidates="13253" cleared="0"  />
</gc-op>
<gc-op id="6324" type="sweep" timems="0.709" contextid="6320" timestamp="2019-07-02T23:30:49.380" />
<gc-end id="6325" type="global" contextid="6320" durationms="9.952" usertimems="28.000" systemtimems="0.000" timestamp="2019-07-02T23:30:49.381" activeThreads="4">
  <mem-info id="6326" free="27871512" total="45875200" percent="60">
    <mem type="tenure" free="27871512" total="45875200" percent="60" micro-fragmented="60465" macro-fragmented="0">
      <mem type="soa" free="27412760" total="45416448" percent="60" />
      <mem type="loa" free="458752" total="458752" percent="100" />
    </mem>
  </mem-info>
</gc-end>
<cycle-end id="6327" type="global" contextid="6320" timestamp="2019-07-02T23:30:49.381">
  <attribute name="GC Util" value="278" />
  <attribute name="CPU Util" value="2062358027739" />
  <attribute name="Time Running"value="26926"/>
  <attribute name="Number of cores"value="4"/>
</cycle-end>
<allocation-satisfied id="6328" threadId="0000000001AB4700" bytesRequested="488" />
<af-end id="6329" timestamp="2019-07-02T23:30:49.381" threadId="0000000001AB5088" success="true" />
<exclusive-end id="6330" timestamp="2019-07-02T23:30:49.381" durationms="10.812" />

<exclusive-start id="6331" timestamp="2019-07-02T23:30:49.393" intervalms="22.330">
  <response-info timems="1.840" idlems="0.945" threads="1" lastid="0000000001ABFB00" lastname="JIT Compilation Thread-2" />
</exclusive-start>
<af-start id="6332" threadId="0000000001AB5088" totalBytesRequested="64" timestamp="2019-07-02T23:30:49.393" intervalms="22.343" />
<cycle-start id="6333" type="global" contextid="0" timestamp="2019-07-02T23:30:49.393" intervalms="22.366" />
  <attribute name="GC Util" value="278" />
  <attribute name="CPU Util" value="2062358027739" />
  <attribute name="Time Running"value="26926"/>
  <attribute name="Number of cores"value="4"/>
<gc-start id="6334" type="global" contextid="6333" timestamp="2019-07-02T23:30:49.393">
  <mem-info id="6335" free="458752" total="45875200" percent="1">
    <mem type="tenure" free="458752" total="45875200" percent="1">
      <mem type="soa" free="0" total="45416448" percent="0" />
      <mem type="loa" free="458752" total="458752" percent="100" />
    </mem>
  </mem-info>
</gc-start>
<allocation-stats totalBytes="27331376" >
  <allocated-bytes non-tlh="0" tlh="27331376" />
  <largest-consumer threadName="main" threadId="0000000001AB4700" bytes="27331376" />
</allocation-stats>
<gc-op id="6336" type="mark" timems="13.435" contextid="6333" timestamp="2019-07-02T23:30:49.407">
  <trace-info objectcount="596303" scancount="517300" scanbytes="13272552" />
  <finalization candidates="80" enqueued="0" />
  <ownableSynchronizers candidates="21" cleared="0" />
  <references type="soft" candidates="1843" cleared="0" enqueued="0" dynamicThreshold="19" maxThreshold="32" />
  <references type="weak" candidates="5776" cleared="0" enqueued="0" />
  <references type="phantom" candidates="101" cleared="0" enqueued="0" />
  <stringconstants candidates="13253" cleared="0"  />
</gc-op>
<gc-op id="6337" type="sweep" timems="0.814" contextid="6333" timestamp="2019-07-02T23:30:49.408" />
<gc-end id="6338" type="global" contextid="6333" durationms="14.661" usertimems="24.000" systemtimems="8.000" timestamp="2019-07-02T23:30:49.408" activeThreads="4">
  <mem-info id="6339" free="27871400" total="45875200" percent="60">
    <mem type="tenure" free="27871400" total="45875200" percent="60" micro-fragmented="60425" macro-fragmented="0">
      <mem type="soa" free="27412648" total="45416448" percent="60" />
      <mem type="loa" free="458752" total="458752" percent="100" />
    </mem>
  </mem-info>
</gc-end>
<cycle-end id="6340" type="global" contextid="6333" timestamp="2019-07-02T23:30:49.408">
  <attribute name="GC Util" value="194" />
  <attribute name="CPU Util" value="1359226026516" />
  <attribute name="Time Running"value="26953"/>
  <attribute name="Number of cores"value="4"/>
</cycle-end>
<allocation-satisfied id="6341" threadId="0000000001AB4700" bytesRequested="64" />
<af-end id="6342" timestamp="2019-07-02T23:30:49.408" threadId="0000000001AB5088" success="true" />
<exclusive-end id="6343" timestamp="2019-07-02T23:30:49.408" durationms="15.436" />

<exclusive-start id="6344" timestamp="2019-07-02T23:30:49.413" intervalms="20.204">
  <response-info timems="0.040" idlems="0.040" threads="0" lastid="0000000001AB4700" lastname="main" />
</exclusive-start>
<af-start id="6345" threadId="0000000001AB5088" totalBytesRequested="544" timestamp="2019-07-02T23:30:49.413" intervalms="20.166" />
<cycle-start id="6346" type="global" contextid="0" timestamp="2019-07-02T23:30:49.413" intervalms="20.135" />
  <attribute name="GC Util" value="194" />
  <attribute name="CPU Util" value="1359226026516" />
  <attribute name="Time Running"value="26953"/>
  <attribute name="Number of cores"value="4"/>
<gc-start id="6347" type="global" contextid="6346" timestamp="2019-07-02T23:30:49.413">
  <mem-info id="6348" free="458752" total="45875200" percent="1">
    <mem type="tenure" free="458752" total="45875200" percent="1">
      <mem type="soa" free="0" total="45416448" percent="0" />
      <mem type="loa" free="458752" total="458752" percent="100" />
    </mem>
  </mem-info>
</gc-start>
<allocation-stats totalBytes="27326976" >
  <allocated-bytes non-tlh="0" tlh="27326976" />
  <largest-consumer threadName="main" threadId="0000000001AB4700" bytes="27326976" />
</allocation-stats>
<gc-op id="6349" type="mark" timems="9.880" contextid="6346" timestamp="2019-07-02T23:30:49.423">
  <trace-info objectcount="596303" scancount="517321" scanbytes="13272552" />
  <finalization candidates="80" enqueued="0" />
  <ownableSynchronizers candidates="21" cleared="0" />
  <references type="soft" candidates="1843" cleared="0" enqueued="0" dynamicThreshold="19" maxThreshold="32" />
  <references type="weak" candidates="5776" cleared="0" enqueued="0" />
  <references type="phantom" candidates="101" cleared="0" enqueued="0" />
  <stringconstants candidates="13253" cleared="0"  />
</gc-op>
<gc-op id="6350" type="sweep" timems="0.817" contextid="6346" timestamp="2019-07-02T23:30:49.424" />
<gc-end id="6351" type="global" contextid="6346" durationms="11.075" usertimems="36.000" systemtimems="8.000" timestamp="2019-07-02T23:30:49.424" activeThreads="4">
  <mem-info id="6352" free="27871968" total="45875200" percent="60">
    <mem type="tenure" free="27871968" total="45875200" percent="60" micro-fragmented="60425" macro-fragmented="0">
      <mem type="soa" free="27413216" total="45416448" percent="60" />
      <mem type="loa" free="458752" total="458752" percent="100" />
    </mem>
  </mem-info>
</gc-end>
<cycle-end id="6353" type="global" contextid="6346" timestamp="2019-07-02T23:30:49.424">
  <attribute name="GC Util" value="258" />
  <attribute name="CPU Util" value="1845872437116" />
  <attribute name="Time Running"value="26969"/>
  <attribute name="Number of cores"value="4"/>
</cycle-end>
<allocation-satisfied id="6354" threadId="0000000001AB4700" bytesRequested="544" />
<af-end id="6355" timestamp="2019-07-02T23:30:49.425" threadId="0000000001AB5088" success="true" />
<exclusive-end id="6356" timestamp="2019-07-02T23:30:49.425" durationms="11.706" />

<exclusive-start id="6357" timestamp="2019-07-02T23:30:49.454" intervalms="41.095">
  <response-info timems="0.046" idlems="0.046" threads="0" lastid="0000000001AB4700" lastname="main" />
</exclusive-start>
<af-start id="6358" threadId="0000000001AB5088" totalBytesRequested="16" timestamp="2019-07-02T23:30:49.454" intervalms="41.116" />
<cycle-start id="6359" type="global" contextid="0" timestamp="2019-07-02T23:30:49.454" intervalms="41.149" />
  <attribute name="GC Util" value="258" />
  <attribute name="CPU Util" value="1845872437116" />
  <attribute name="Time Running"value="26969"/>
  <attribute name="Number of cores"value="4"/>
<gc-start id="6360" type="global" contextid="6359" timestamp="2019-07-02T23:30:49.454">
  <mem-info id="6361" free="458752" total="45875200" percent="1">
    <mem type="tenure" free="458752" total="45875200" percent="1">
      <mem type="soa" free="0" total="45416448" percent="0" />
      <mem type="loa" free="458752" total="458752" percent="100" />
    </mem>
  </mem-info>
</gc-start>
<allocation-stats totalBytes="27348560" >
  <allocated-bytes non-tlh="0" tlh="27348560" />
  <largest-consumer threadName="main" threadId="0000000001AB4700" bytes="27348560" />
</allocation-stats>
<gc-op id="6362" type="mark" timems="9.424" contextid="6359" timestamp="2019-07-02T23:30:49.464">
  <trace-info objectcount="596317" scancount="517309" scanbytes="13272880" />
  <finalization candidates="80" enqueued="0" />
  <ownableSynchronizers candidates="21" cleared="0" />
  <references type="soft" candidates="1843" cleared="0" enqueued="0" dynamicThreshold="19" maxThreshold="32" />
  <references type="weak" candidates="5776" cleared="0" enqueued="0" />
  <references type="phantom" candidates="101" cleared="0" enqueued="0" />
  <stringconstants candidates="13253" cleared="0"  />
</gc-op>
<gc-op id="6363" type="sweep" timems="0.527" contextid="6359" timestamp="2019-07-02T23:30:49.465" />
<gc-end id="6364" type="global" contextid="6359" durationms="10.374" usertimems="28.000" systemtimems="0.000" timestamp="2019-07-02T23:30:49.465" activeThreads="4">
  <mem-info id="6365" free="27871488" total="45875200" percent="60">
    <mem type="tenure" free="27871488" total="45875200" percent="60" micro-fragmented="60425" macro-fragmented="0">
      <mem type="soa" free="27412736" total="45416448" percent="60" />
      <mem type="loa" free="458752" total="458752" percent="100" />
    </mem>
  </mem-info>
</gc-end>
<cycle-end id="6366" type="global" contextid="6359" timestamp="2019-07-02T23:30:49.465">
  <attribute name="GC Util" value="277" />
  <attribute name="CPU Util" value="1932224736176" />
  <attribute name="Time Running"value="27010"/>
  <attribute name="Number of cores"value="4"/>
</cycle-end>
<allocation-satisfied id="6367" threadId="0000000001AB4700" bytesRequested="16" />
<af-end id="6368" timestamp="2019-07-02T23:30:49.465" threadId="0000000001AB5088" success="true" />
<exclusive-end id="6369" timestamp="2019-07-02T23:30:49.465" durationms="11.287" />

<exclusive-start id="6370" timestamp="2019-07-02T23:30:49.507" intervalms="52.890">
  <response-info timems="0.176" idlems="0.176" threads="0" lastid="0000000001AB4700" lastname="main" />
</exclusive-start>
<af-start id="6371" threadId="0000000001AB5088" totalBytesRequested="16" timestamp="2019-07-02T23:30:49.507" intervalms="52.922" />
<cycle-start id="6372" type="global" contextid="0" timestamp="2019-07-02T23:30:49.507" intervalms="52.922" />
  <attribute name="GC Util" value="277" />
  <attribute name="CPU Util" value="1932224736176" />
  <attribute name="Time Running"value="27010"/>
  <attribute name="Number of cores"value="4"/>
<gc-start id="6373" type="global" contextid="6372" timestamp="2019-07-02T23:30:49.507">
  <mem-info id="6374" free="458752" total="45875200" percent="1">
    <mem type="tenure" free="458752" total="45875200" percent="1">
      <mem type="soa" free="0" total="45416448" percent="0" />
      <mem type="loa" free="458752" total="458752" percent="100" />
    </mem>
  </mem-info>
</gc-start>
<allocation-stats totalBytes="27356984" >
  <allocated-bytes non-tlh="0" tlh="27356984" />
  <largest-consumer threadName="main" threadId="0000000001AB4700" bytes="27356984" />
</allocation-stats>
<gc-op id="6375" type="mark" timems="12.460" contextid="6372" timestamp="2019-07-02T23:30:49.520">
  <trace-info objectcount="596307" scancount="517306" scanbytes="13272692" />
  <finalization candidates="80" enqueued="0" />
  <ownableSynchronizers candidates="21" cleared="0" />
  <references type="soft" candidates="1843" cleared="0" enqueued="0" dynamicThreshold="19" maxThreshold="32" />
  <references type="weak" candidates="5776" cleared="0" enqueued="0" />
  <references type="phantom" candidates="101" cleared="0" enqueued="0" />
  <stringconstants candidates="13253" cleared="0"  />
</gc-op>
<gc-op id="6376" type="sweep" timems="0.612" contextid="6372" timestamp="2019-07-02T23:30:49.521" />
<gc-end id="6377" type="global" contextid="6372" durationms="13.453" usertimems="52.000" systemtimems="0.000" timestamp="2019-07-02T23:30:49.521" activeThreads="4">
  <mem-info id="6378" free="27871792" total="45875200" percent="60">
    <mem type="tenure" free="27871792" total="45875200" percent="60" micro-fragmented="60385" macro-fragmented="0">
      <mem type="soa" free="27413040" total="45416448" percent="60" />
      <mem type="loa" free="458752" total="458752" percent="100" />
    </mem>
  </mem-info>
</gc-end>
<cycle-end id="6379" type="global" contextid="6372" timestamp="2019-07-02T23:30:49.521">
  <attribute name="GC Util" value="200" />
  <attribute name="CPU Util" value="1466710822212" />
  <attribute name="Time Running"value="27066"/>
  <attribute name="Number of cores"value="4"/>
</cycle-end>
<allocation-satisfied id="6380" threadId="0000000001AB4700" bytesRequested="16" />
<af-end id="6381" timestamp="2019-07-02T23:30:49.521" threadId="0000000001AB5088" success="true" />
<exclusive-end id="6382" timestamp="2019-07-02T23:30:49.521" durationms="14.437" />

<exclusive-start id="6383" timestamp="2019-07-02T23:30:49.543" intervalms="35.757">
  <response-info timems="0.035" idlems="0.035" threads="0" lastid="0000000001AB4700" lastname="main" />
</exclusive-start>
<af-start id="6384" threadId="0000000001AB5088" totalBytesRequested="24" timestamp="2019-07-02T23:30:49.543" intervalms="35.723" />
<cycle-start id="6385" type="global" contextid="0" timestamp="2019-07-02T23:30:49.543" intervalms="35.701" />
  <attribute name="GC Util" value="200" />
  <attribute name="CPU Util" value="1466710822212" />
  <attribute name="Time Running"value="27066"/>
  <attribute name="Number of cores"value="4"/>
<gc-start id="6386" type="global" contextid="6385" timestamp="2019-07-02T23:30:49.543">
  <mem-info id="6387" free="458752" total="45875200" percent="1">
    <mem type="tenure" free="458752" total="45875200" percent="1">
      <mem type="soa" free="0" total="45416448" percent="0" />
      <mem type="loa" free="458752" total="458752" percent="100" />
    </mem>
  </mem-info>
</gc-start>
<allocation-stats totalBytes="27364440" >
  <allocated-bytes non-tlh="0" tlh="27364440" />
  <largest-consumer threadName="main" threadId="0000000001AB4700" bytes="27364440" />
</allocation-stats>
<gc-op id="6388" type="mark" timems="9.845" contextid="6385" timestamp="2019-07-02T23:30:49.553">
  <trace-info objectcount="596311" scancount="517304" scanbytes="13273664" />
  <finalization candidates="80" enqueued="0" />
  <ownableSynchronizers candidates="21" cleared="0" />
  <references type="soft" candidates="1843" cleared="0" enqueued="0" dynamicThreshold="19" maxThreshold="32" />
  <references type="weak" candidates="5776" cleared="0" enqueued="0" />
  <references type="phantom" candidates="101" cleared="0" enqueued="0" />
  <stringconstants candidates="13253" cleared="0"  />
</gc-op>
<gc-op id="6389" type="sweep" timems="0.649" contextid="6385" timestamp="2019-07-02T23:30:49.554" />
<gc-end id="6390" type="global" contextid="6385" durationms="10.912" usertimems="36.000" systemtimems="4.000" timestamp="2019-07-02T23:30:49.554" activeThreads="4">
  <mem-info id="6391" free="27870824" total="45875200" percent="60">
    <mem type="tenure" free="27870824" total="45875200" percent="60" micro-fragmented="60345" macro-fragmented="0">
      <mem type="soa" free="27412072" total="45416448" percent="60" />
      <mem type="loa" free="458752" total="458752" percent="100" />
    </mem>
  </mem-info>
</gc-end>
<cycle-end id="6392" type="global" contextid="6385" timestamp="2019-07-02T23:30:49.554">
  <attribute name="GC Util" value="257" />
  <attribute name="CPU Util" value="1851752232921" />
  <attribute name="Time Running"value="27099"/>
  <attribute name="Number of cores"value="4"/>
</cycle-end>
<allocation-satisfied id="6393" threadId="0000000001AB4700" bytesRequested="24" />
<af-end id="6394" timestamp="2019-07-02T23:30:49.554" threadId="0000000001AB5088" success="true" />
<exclusive-end id="6395" timestamp="2019-07-02T23:30:49.554" durationms="11.717" />

<exclusive-start id="6396" timestamp="2019-07-02T23:30:49.561" intervalms="18.367">
  <response-info timems="0.056" idlems="0.056" threads="0" lastid="0000000001AB4700" lastname="main" />
</exclusive-start>
<af-start id="6397" threadId="0000000001AB5088" totalBytesRequested="32" timestamp="2019-07-02T23:30:49.561" intervalms="18.377" />
<cycle-start id="6398" type="global" contextid="0" timestamp="2019-07-02T23:30:49.561" intervalms="18.401" />
  <attribute name="GC Util" value="257" />
  <attribute name="CPU Util" value="1851752232921" />
  <attribute name="Time Running"value="27099"/>
  <attribute name="Number of cores"value="4"/>
<gc-start id="6399" type="global" contextid="6398" timestamp="2019-07-02T23:30:49.561">
  <mem-info id="6400" free="458752" total="45875200" percent="1">
    <mem type="tenure" free="458752" total="45875200" percent="1">
      <mem type="soa" free="0" total="45416448" percent="0" />
      <mem type="loa" free="458752" total="458752" percent="100" />
    </mem>
  </mem-info>
</gc-start>
<allocation-stats totalBytes="27371136" >
  <allocated-bytes non-tlh="0" tlh="27371136" />
  <largest-consumer threadName="main" threadId="0000000001AB4700" bytes="27371136" />
</allocation-stats>
<gc-op id="6401" type="mark" timems="9.851" contextid="6398" timestamp="2019-07-02T23:30:49.571">
  <trace-info objectcount="596310" scancount="517328" scanbytes="13273632" />
  <finalization candidates="80" enqueued="0" />
  <ownableSynchronizers candidates="21" cleared="0" />
  <references type="soft" candidates="1843" cleared="0" enqueued="0" dynamicThreshold="19" maxThreshold="32" />
  <references type="weak" candidates="5776" cleared="0" enqueued="0" />
  <references type="phantom" candidates="101" cleared="0" enqueued="0" />
  <stringconstants candidates="13253" cleared="0"  />
</gc-op>
<gc-op id="6402" type="sweep" timems="0.636" contextid="6398" timestamp="2019-07-02T23:30:49.572" />
<gc-end id="6403" type="global" contextid="6398" durationms="10.895" usertimems="40.000" systemtimems="0.000" timestamp="2019-07-02T23:30:49.572" activeThreads="4">
  <mem-info id="6404" free="27870368" total="45875200" percent="60">
    <mem type="tenure" free="27870368" total="45875200" percent="60" micro-fragmented="60385" macro-fragmented="0">
      <mem type="soa" free="27411616" total="45416448" percent="60" />
      <mem type="loa" free="458752" total="458752" percent="100" />
    </mem>
  </mem-info>
</gc-end>
<cycle-end id="6405" type="global" contextid="6398" timestamp="2019-07-02T23:30:49.572">
  <attribute name="GC Util" value="276" />
  <attribute name="CPU Util" value="1851555400663" />
  <attribute name="Time Running"value="27117"/>
  <attribute name="Number of cores"value="4"/>
</cycle-end>
<allocation-satisfied id="6406" threadId="0000000001AB4700" bytesRequested="32" />
<af-end id="6407" timestamp="2019-07-02T23:30:49.573" threadId="0000000001AB5088" success="true" />
<exclusive-end id="6408" timestamp="2019-07-02T23:30:49.573" durationms="11.603" />

<exclusive-start id="6409" timestamp="2019-07-02T23:30:49.579" intervalms="18.299">
  <response-info timems="0.041" idlems="0.041" threads="0" lastid="0000000001AB4700" lastname="main" />
</exclusive-start>
<af-start id="6410" threadId="0000000001AB5088" totalBytesRequested="32" timestamp="2019-07-02T23:30:49.579" intervalms="18.295" />
<cycle-start id="6411" type="global" contextid="0" timestamp="2019-07-02T23:30:49.580" intervalms="18.270" />
  <attribute name="GC Util" value="276" />
  <attribute name="CPU Util" value="1851555400663" />
  <attribute name="Time Running"value="27117"/>
  <attribute name="Number of cores"value="4"/>
<gc-start id="6412" type="global" contextid="6411" timestamp="2019-07-02T23:30:49.580">
  <mem-info id="6413" free="458752" total="45875200" percent="1">
    <mem type="tenure" free="458752" total="45875200" percent="1">
      <mem type="soa" free="0" total="45416448" percent="0" />
      <mem type="loa" free="458752" total="458752" percent="100" />
    </mem>
  </mem-info>
</gc-start>
<allocation-stats totalBytes="27372680" >
  <allocated-bytes non-tlh="0" tlh="27372680" />
  <largest-consumer threadName="main" threadId="0000000001AB4700" bytes="27372680" />
</allocation-stats>
<gc-op id="6414" type="mark" timems="9.915" contextid="6411" timestamp="2019-07-02T23:30:49.590">
  <trace-info objectcount="596310" scancount="517323" scanbytes="13273632" />
  <finalization candidates="80" enqueued="0" />
  <ownableSynchronizers candidates="21" cleared="0" />
  <references type="soft" candidates="1843" cleared="0" enqueued="0" dynamicThreshold="19" maxThreshold="32" />
  <references type="weak" candidates="5776" cleared="0" enqueued="0" />
  <references type="phantom" candidates="101" cleared="0" enqueued="0" />
  <stringconstants candidates="13253" cleared="0"  />
</gc-op>
<gc-op id="6415" type="sweep" timems="0.731" contextid="6411" timestamp="2019-07-02T23:30:49.591" />
<gc-end id="6416" type="global" contextid="6411" durationms="11.062" usertimems="40.000" systemtimems="0.000" timestamp="2019-07-02T23:30:49.591" activeThreads="4">
  <mem-info id="6417" free="27870864" total="45875200" percent="60">
    <mem type="tenure" free="27870864" total="45875200" percent="60" micro-fragmented="60385" macro-fragmented="0">
      <mem type="soa" free="27412112" total="45416448" percent="60" />
      <mem type="loa" free="458752" total="458752" percent="100" />
    </mem>
  </mem-info>
</gc-end>
<cycle-end id="6418" type="global" contextid="6411" timestamp="2019-07-02T23:30:49.591">
  <attribute name="GC Util" value="267" />
  <attribute name="CPU Util" value="1834797017105" />
  <attribute name="Time Running"value="27136"/>
  <attribute name="Number of cores"value="4"/>
</cycle-end>
<allocation-satisfied id="6419" threadId="0000000001AB4700" bytesRequested="32" />
<af-end id="6420" timestamp="2019-07-02T23:30:49.591" threadId="0000000001AB5088" success="true" />
<exclusive-end id="6421" timestamp="2019-07-02T23:30:49.591" durationms="11.774" />

<exclusive-start id="6422" timestamp="2019-07-02T23:30:49.623" intervalms="43.733">
  <response-info timems="0.088" idlems="0.088" threads="0" lastid="0000000001AB4700" lastname="main" />
</exclusive-start>
<af-start id="6423" threadId="0000000001AB5088" totalBytesRequested="16" timestamp="2019-07-02T23:30:49.623" intervalms="43.727" />
<cycle-start id="6424" type="global" contextid="0" timestamp="2019-07-02T23:30:49.623" intervalms="43.725" />
  <attribute name="GC Util" value="267" />
  <attribute name="CPU Util" value="1834797017105" />
  <attribute name="Time Running"value="27136"/>
  <attribute name="Number of cores"value="4"/>
<gc-start id="6425" type="global" contextid="6424" timestamp="2019-07-02T23:30:49.623">
  <mem-info id="6426" free="458752" total="45875200" percent="1">
    <mem type="tenure" free="458752" total="45875200" percent="1">
      <mem type="soa" free="0" total="45416448" percent="0" />
      <mem type="loa" free="458752" total="458752" percent="100" />
    </mem>
  </mem-info>
</gc-start>
<allocation-stats totalBytes="27356984" >
  <allocated-bytes non-tlh="22160" tlh="27334824" />
  <largest-consumer threadName="main" threadId="0000000001AB4700" bytes="27356984" />
</allocation-stats>
<gc-op id="6427" type="mark" timems="10.887" contextid="6424" timestamp="2019-07-02T23:30:49.634">
  <trace-info objectcount="596355" scancount="517360" scanbytes="13273868" />
  <finalization candidates="80" enqueued="0" />
  <ownableSynchronizers candidates="21" cleared="0" />
  <references type="soft" candidates="1849" cleared="0" enqueued="0" dynamicThreshold="19" maxThreshold="32" />
  <references type="weak" candidates="5776" cleared="0" enqueued="0" />
  <references type="phantom" candidates="101" cleared="0" enqueued="0" />
  <stringconstants candidates="13253" cleared="0"  />
</gc-op>
<gc-op id="6428" type="sweep" timems="0.547" contextid="6424" timestamp="2019-07-02T23:30:49.635" />
<gc-end id="6429" type="global" contextid="6424" durationms="11.812" usertimems="44.000" systemtimems="0.000" timestamp="2019-07-02T23:30:49.635" activeThreads="4">
  <mem-info id="6430" free="27847584" total="45875200" percent="60">
    <mem type="tenure" free="27847584" total="45875200" percent="60" micro-fragmented="68831" macro-fragmented="0">
      <mem type="soa" free="27388832" total="45416448" percent="60" />
      <mem type="loa" free="458752" total="458752" percent="100" />
    </mem>
  </mem-info>
</gc-end>
<cycle-end id="6431" type="global" contextid="6424" timestamp="2019-07-02T23:30:49.635">
  <attribute name="GC Util" value="238" />
  <attribute name="CPU Util" value="1677497099426" />
  <attribute name="Time Running"value="27180"/>
  <attribute name="Number of cores"value="4"/>
</cycle-end>
<allocation-satisfied id="6432" threadId="0000000001AB4700" bytesRequested="16" />
<af-end id="6433" timestamp="2019-07-02T23:30:49.636" threadId="0000000001AB5088" success="true" />
<exclusive-end id="6434" timestamp="2019-07-02T23:30:49.636" durationms="12.634" />

<exclusive-start id="6435" timestamp="2019-07-02T23:30:49.669" intervalms="46.288">
  <response-info timems="0.092" idlems="0.092" threads="0" lastid="0000000001AB4700" lastname="main" />
</exclusive-start>
<af-start id="6436" threadId="0000000001AB5088" totalBytesRequested="16" timestamp="2019-07-02T23:30:49.669" intervalms="46.286" />
<cycle-start id="6437" type="global" contextid="0" timestamp="2019-07-02T23:30:49.670" intervalms="46.287" />
  <attribute name="GC Util" value="238" />
  <attribute name="CPU Util" value="1677497099426" />
  <attribute name="Time Running"value="27180"/>
  <attribute name="Number of cores"value="4"/>
<gc-start id="6438" type="global" contextid="6437" timestamp="2019-07-02T23:30:49.670">
  <mem-info id="6439" free="458752" total="45875200" percent="1">
    <mem type="tenure" free="458752" total="45875200" percent="1">
      <mem type="soa" free="0" total="45416448" percent="0" />
      <mem type="loa" free="458752" total="458752" percent="100" />
    </mem>
  </mem-info>
</gc-start>
<allocation-stats totalBytes="27325664" >
  <allocated-bytes non-tlh="50384" tlh="27275280" />
  <largest-consumer threadName="main" threadId="0000000001AB4700" bytes="27325664" />
</allocation-stats>
<gc-op id="6440" type="mark" timems="14.819" contextid="6437" timestamp="2019-07-02T23:30:49.685">
  <trace-info objectcount="596355" scancount="517343" scanbytes="13273868" />
  <finalization candidates="80" enqueued="0" />
  <ownableSynchronizers candidates="21" cleared="0" />
  <references type="soft" candidates="1849" cleared="0" enqueued="0" dynamicThreshold="19" maxThreshold="32" />
  <references type="weak" candidates="5776" cleared="0" enqueued="0" />
  <references type="phantom" candidates="101" cleared="0" enqueued="0" />
  <stringconstants candidates="13253" cleared="0"  />
</gc-op>
<gc-op id="6441" type="sweep" timems="1.837" contextid="6437" timestamp="2019-07-02T23:30:49.687" />
<gc-end id="6442" type="global" contextid="6437" durationms="17.022" usertimems="68.000" systemtimems="0.000" timestamp="2019-07-02T23:30:49.687" activeThreads="4">
  <mem-info id="6443" free="27847464" total="45875200" percent="60">
    <mem type="tenure" free="27847464" total="45875200" percent="60" micro-fragmented="68831" macro-fragmented="0">
      <mem type="soa" free="27388712" total="45416448" percent="60" />
      <mem type="loa" free="458752" total="458752" percent="100" />
    </mem>
  </mem-info>
</gc-end>
<cycle-end id="6444" type="global" contextid="6437" timestamp="2019-07-02T23:30:49.687">
  <attribute name="GC Util" value="186" />
  <attribute name="CPU Util" value="1236962513161" />
  <attribute name="Time Running"value="27231"/>
  <attribute name="Number of cores"value="4"/>
</cycle-end>
<allocation-satisfied id="6445" threadId="0000000001AB4700" bytesRequested="16" />
<af-end id="6446" timestamp="2019-07-02T23:30:49.687" threadId="0000000001AB5088" success="true" />
<exclusive-end id="6447" timestamp="2019-07-02T23:30:49.687" durationms="17.845" />

<exclusive-start id="6448" timestamp="2019-07-02T23:30:49.720" intervalms="50.326">
  <response-info timems="0.045" idlems="0.045" threads="0" lastid="0000000001AB4700" lastname="main" />
</exclusive-start>
<af-start id="6449" threadId="0000000001AB5088" totalBytesRequested="1008" timestamp="2019-07-02T23:30:49.720" intervalms="50.332" />
<cycle-start id="6450" type="global" contextid="0" timestamp="2019-07-02T23:30:49.720" intervalms="50.329" />
  <attribute name="GC Util" value="186" />
  <attribute name="CPU Util" value="1236962513161" />
  <attribute name="Time Running"value="27231"/>
  <attribute name="Number of cores"value="4"/>
<gc-start id="6451" type="global" contextid="6450" timestamp="2019-07-02T23:30:49.720">
  <mem-info id="6452" free="458752" total="45875200" percent="1">
    <mem type="tenure" free="458752" total="45875200" percent="1">
      <mem type="soa" free="0" total="45416448" percent="0" />
      <mem type="loa" free="458752" total="458752" percent="100" />
    </mem>
  </mem-info>
</gc-start>
<allocation-stats totalBytes="27309864" >
  <allocated-bytes non-tlh="53448" tlh="27256416" />
  <largest-consumer threadName="main" threadId="0000000001AB4700" bytes="27309864" />
</allocation-stats>
<gc-op id="6453" type="mark" timems="10.787" contextid="6450" timestamp="2019-07-02T23:30:49.731">
  <trace-info objectcount="596354" scancount="517339" scanbytes="13273892" />
  <finalization candidates="80" enqueued="0" />
  <ownableSynchronizers candidates="21" cleared="0" />
  <references type="soft" candidates="1849" cleared="0" enqueued="0" dynamicThreshold="19" maxThreshold="32" />
  <references type="weak" candidates="5776" cleared="0" enqueued="0" />
  <references type="phantom" candidates="101" cleared="0" enqueued="0" />
  <stringconstants candidates="13253" cleared="0"  />
</gc-op>
<gc-op id="6454" type="sweep" timems="0.538" contextid="6450" timestamp="2019-07-02T23:30:49.731" />
<gc-end id="6455" type="global" contextid="6450" durationms="11.647" usertimems="44.000" systemtimems="0.000" timestamp="2019-07-02T23:30:49.732" activeThreads="4">
  <mem-info id="6456" free="27851680" total="45875200" percent="60">
    <mem type="tenure" free="27851680" total="45875200" percent="60" micro-fragmented="68831" macro-fragmented="0">
      <mem type="soa" free="27392928" total="45416448" percent="60" />
      <mem type="loa" free="458752" total="458752" percent="100" />
    </mem>
  </mem-info>
</gc-end>
<cycle-end id="6457" type="global" contextid="6450" timestamp="2019-07-02T23:30:49.732">
  <attribute name="GC Util" value="241" />
  <attribute name="CPU Util" value="1693033034864" />
  <attribute name="Time Running"value="27277"/>
  <attribute name="Number of cores"value="4"/>
</cycle-end>
<allocation-satisfied id="6458" threadId="0000000001AB4700" bytesRequested="1008" />
<af-end id="6459" timestamp="2019-07-02T23:30:49.732" threadId="0000000001AB5088" success="true" />
<exclusive-end id="6460" timestamp="2019-07-02T23:30:49.732" durationms="12.311" />

<exclusive-start id="6461" timestamp="2019-07-02T23:30:49.810" intervalms="89.919">
  <response-info timems="0.771" idlems="0.398" threads="1" lastid="0000000001ABFB00" lastname="JIT Compilation Thread-2" />
</exclusive-start>
<af-start id="6462" threadId="0000000001AB5088" totalBytesRequested="16" timestamp="2019-07-02T23:30:49.810" intervalms="89.917" />
<cycle-start id="6463" type="global" contextid="0" timestamp="2019-07-02T23:30:49.810" intervalms="89.918" />
  <attribute name="GC Util" value="241" />
  <attribute name="CPU Util" value="1693033034864" />
  <attribute name="Time Running"value="27277"/>
  <attribute name="Number of cores"value="4"/>
<gc-start id="6464" type="global" contextid="6463" timestamp="2019-07-02T23:30:49.810">
  <mem-info id="6465" free="458752" total="45875200" percent="1">
    <mem type="tenure" free="458752" total="45875200" percent="1">
      <mem type="soa" free="0" total="45416448" percent="0" />
      <mem type="loa" free="458752" total="458752" percent="100" />
    </mem>
  </mem-info>
</gc-start>
<allocation-stats totalBytes="27375128" >
  <allocated-bytes non-tlh="35312" tlh="27339816" />
  <largest-consumer threadName="main" threadId="0000000001AB4700" bytes="27375128" />
</allocation-stats>
<gc-op id="6466" type="mark" timems="9.540" contextid="6463" timestamp="2019-07-02T23:30:49.820">
  <trace-info objectcount="596346" scancount="517338" scanbytes="13273940" />
  <finalization candidates="80" enqueued="0" />
  <ownableSynchronizers candidates="21" cleared="0" />
  <references type="soft" candidates="1849" cleared="0" enqueued="0" dynamicThreshold="19" maxThreshold="32" />
  <references type="weak" candidates="5776" cleared="0" enqueued="0" />
  <references type="phantom" candidates="101" cleared="0" enqueued="0" />
  <stringconstants candidates="13253" cleared="0"  />
</gc-op>
<gc-op id="6467" type="sweep" timems="0.594" contextid="6463" timestamp="2019-07-02T23:30:49.820" />
<gc-end id="6468" type="global" contextid="6463" durationms="10.542" usertimems="36.000" systemtimems="0.000" timestamp="2019-07-02T23:30:49.820" activeThreads="4">
  <mem-info id="6469" free="27854728" total="45875200" percent="60">
    <mem type="tenure" free="27854728" total="45875200" percent="60" micro-fragmented="71265" macro-fragmented="0">
      <mem type="soa" free="27395976" total="45416448" percent="60" />
      <mem type="loa" free="458752" total="458752" percent="100" />
    </mem>
  </mem-info>
</gc-end>
<cycle-end id="6470" type="global" contextid="6463" timestamp="2019-07-02T23:30:49.821">
  <attribute name="GC Util" value="278" />
  <attribute name="CPU Util" value="1914484024093" />
  <attribute name="Time Running"value="27366"/>
  <attribute name="Number of cores"value="4"/>
</cycle-end>
<allocation-satisfied id="6471" threadId="0000000001AB4700" bytesRequested="16" />
<af-end id="6472" timestamp="2019-07-02T23:30:49.821" threadId="0000000001AB5088" success="true" />
<exclusive-end id="6473" timestamp="2019-07-02T23:30:49.821" durationms="11.654" />

<exclusive-start id="6474" timestamp="2019-07-02T23:30:49.871" intervalms="61.714">
  <response-info timems="0.042" idlems="0.042" threads="0" lastid="0000000001AB4700" lastname="main" />
</exclusive-start>
<af-start id="6475" threadId="0000000001AB5088" totalBytesRequested="40" timestamp="2019-07-02T23:30:49.871" intervalms="61.727" />
<cycle-start id="6476" type="global" contextid="0" timestamp="2019-07-02T23:30:49.872" intervalms="61.729" />
  <attribute name="GC Util" value="278" />
  <attribute name="CPU Util" value="1914484024093" />
  <attribute name="Time Running"value="27366"/>
  <attribute name="Number of cores"value="4"/>
<gc-start id="6477" type="global" contextid="6476" timestamp="2019-07-02T23:30:49.872">
  <mem-info id="6478" free="458752" total="45875200" percent="1">
    <mem type="tenure" free="458752" total="45875200" percent="1">
      <mem type="soa" free="0" total="45416448" percent="0" />
      <mem type="loa" free="458752" total="458752" percent="100" />
    </mem>
  </mem-info>
</gc-start>
<allocation-stats totalBytes="27387504" >
  <allocated-bytes non-tlh="0" tlh="27387504" />
  <largest-consumer threadName="main" threadId="0000000001AB4700" bytes="27387504" />
</allocation-stats>
<gc-op id="6479" type="mark" timems="9.358" contextid="6476" timestamp="2019-07-02T23:30:49.881">
  <trace-info objectcount="596345" scancount="517359" scanbytes="13273908" />
  <finalization candidates="80" enqueued="0" />
  <ownableSynchronizers candidates="21" cleared="0" />
  <references type="soft" candidates="1849" cleared="0" enqueued="0" dynamicThreshold="19" maxThreshold="32" />
  <references type="weak" candidates="5776" cleared="0" enqueued="0" />
  <references type="phantom" candidates="101" cleared="0" enqueued="0" />
  <stringconstants candidates="13253" cleared="0"  />
</gc-op>
<gc-op id="6480" type="sweep" timems="0.656" contextid="6476" timestamp="2019-07-02T23:30:49.882" />
<gc-end id="6481" type="global" contextid="6476" durationms="10.573" usertimems="28.000" systemtimems="0.000" timestamp="2019-07-02T23:30:49.882" activeThreads="4">
  <mem-info id="6482" free="27854528" total="45875200" percent="60">
    <mem type="tenure" free="27854528" total="45875200" percent="60" micro-fragmented="71395" macro-fragmented="0">
      <mem type="soa" free="27395776" total="45416448" percent="60" />
      <mem type="loa" free="458752" total="458752" percent="100" />
    </mem>
  </mem-info>
</gc-end>
<cycle-end id="6483" type="global" contextid="6476" timestamp="2019-07-02T23:30:49.883">
  <attribute name="GC Util" value="277" />
  <attribute name="CPU Util" value="1934344289730" />
  <attribute name="Time Running"value="27427"/>
  <attribute name="Number of cores"value="4"/>
</cycle-end>
<allocation-satisfied id="6484" threadId="0000000001AB4700" bytesRequested="40" />
<af-end id="6485" timestamp="2019-07-02T23:30:49.883" threadId="0000000001AB5088" success="true" />
<exclusive-end id="6486" timestamp="2019-07-02T23:30:49.883" durationms="11.743" />

<exclusive-start id="6487" timestamp="2019-07-02T23:30:49.932" intervalms="60.529">
  <response-info timems="0.038" idlems="0.038" threads="0" lastid="0000000001AB4700" lastname="main" />
</exclusive-start>
<af-start id="6488" threadId="0000000001AB5088" totalBytesRequested="32" timestamp="2019-07-02T23:30:49.932" intervalms="60.550" />
<cycle-start id="6489" type="global" contextid="0" timestamp="2019-07-02T23:30:49.932" intervalms="60.588" />
  <attribute name="GC Util" value="277" />
  <attribute name="CPU Util" value="1934344289730" />
  <attribute name="Time Running"value="27427"/>
  <attribute name="Number of cores"value="4"/>
<gc-start id="6490" type="global" contextid="6489" timestamp="2019-07-02T23:30:49.932">
  <mem-info id="6491" free="458752" total="45875200" percent="1">
    <mem type="tenure" free="458752" total="45875200" percent="1">
      <mem type="soa" free="0" total="45416448" percent="0" />
      <mem type="loa" free="458752" total="458752" percent="100" />
    </mem>
  </mem-info>
</gc-start>
<allocation-stats totalBytes="27387376" >
  <allocated-bytes non-tlh="0" tlh="27387376" />
  <largest-consumer threadName="main" threadId="0000000001AB4700" bytes="27387376" />
</allocation-stats>
<gc-op id="6492" type="mark" timems="8.160" contextid="6489" timestamp="2019-07-02T23:30:49.940">
  <trace-info objectcount="596350" scancount="517360" scanbytes="13274084" />
  <finalization candidates="80" enqueued="0" />
  <ownableSynchronizers candidates="21" cleared="0" />
  <references type="soft" candidates="1849" cleared="0" enqueued="0" dynamicThreshold="19" maxThreshold="32" />
  <references type="weak" candidates="5776" cleared="0" enqueued="0" />
  <references type="phantom" candidates="101" cleared="0" enqueued="0" />
  <stringconstants candidates="13253" cleared="0"  />
</gc-op>
<gc-op id="6493" type="sweep" timems="0.729" contextid="6489" timestamp="2019-07-02T23:30:49.941" />
<gc-end id="6494" type="global" contextid="6489" durationms="9.366" usertimems="28.000" systemtimems="0.000" timestamp="2019-07-02T23:30:49.942" activeThreads="4">
  <mem-info id="6495" free="27854016" total="45875200" percent="60">
    <mem type="tenure" free="27854016" total="45875200" percent="60" micro-fragmented="71395" macro-fragmented="0">
      <mem type="soa" free="27395264" total="45416448" percent="60" />
      <mem type="loa" free="458752" total="458752" percent="100" />
    </mem>
  </mem-info>
</gc-end>
<cycle-end id="6496" type="global" contextid="6489" timestamp="2019-07-02T23:30:49.942">
  <attribute name="GC Util" value="284" />
  <attribute name="CPU Util" value="2221306047919" />
  <attribute name="Time Running"value="27487"/>
  <attribute name="Number of cores"value="4"/>
</cycle-end>
<allocation-satisfied id="6497" threadId="0000000001AB4700" bytesRequested="32" />
<af-end id="6498" timestamp="2019-07-02T23:30:49.942" threadId="0000000001AB5088" success="true" />
<exclusive-end id="6499" timestamp="2019-07-02T23:30:49.942" durationms="10.604" />

<exclusive-start id="6500" timestamp="2019-07-02T23:30:49.997" intervalms="65.659">
  <response-info timems="0.035" idlems="0.035" threads="0" lastid="0000000001AB4700" lastname="main" />
</exclusive-start>
<af-start id="6501" threadId="0000000001AB5088" totalBytesRequested="40" timestamp="2019-07-02T23:30:49.998" intervalms="65.681" />
<cycle-start id="6502" type="global" contextid="0" timestamp="2019-07-02T23:30:49.998" intervalms="65.717" />
  <attribute name="GC Util" value="284" />
  <attribute name="CPU Util" value="2221306047919" />
  <attribute name="Time Running"value="27487"/>
  <attribute name="Number of cores"value="4"/>
<gc-start id="6503" type="global" contextid="6502" timestamp="2019-07-02T23:30:49.998">
  <mem-info id="6504" free="458752" total="45875200" percent="1">
    <mem type="tenure" free="458752" total="45875200" percent="1">
      <mem type="soa" free="0" total="45416448" percent="0" />
      <mem type="loa" free="458752" total="458752" percent="100" />
    </mem>
  </mem-info>
</gc-start>
<allocation-stats totalBytes="27386288" >
  <allocated-bytes non-tlh="0" tlh="27386288" />
  <largest-consumer threadName="main" threadId="0000000001AB4700" bytes="27386288" />
</allocation-stats>
<gc-op id="6505" type="mark" timems="11.853" contextid="6502" timestamp="2019-07-02T23:30:50.010">
  <trace-info objectcount="596350" scancount="517341" scanbytes="13274008" />
  <finalization candidates="80" enqueued="0" />
  <ownableSynchronizers candidates="21" cleared="0" />
  <references type="soft" candidates="1849" cleared="0" enqueued="0" dynamicThreshold="19" maxThreshold="32" />
  <references type="weak" candidates="5776" cleared="0" enqueued="0" />
  <references type="phantom" candidates="101" cleared="0" enqueued="0" />
  <stringconstants candidates="13253" cleared="0"  />
</gc-op>
<gc-op id="6506" type="sweep" timems="0.669" contextid="6502" timestamp="2019-07-02T23:30:50.011" />
<gc-end id="6507" type="global" contextid="6502" durationms="12.986" usertimems="40.000" systemtimems="0.000" timestamp="2019-07-02T23:30:50.011" activeThreads="4">
  <mem-info id="6508" free="27854664" total="45875200" percent="60">
    <mem type="tenure" free="27854664" total="45875200" percent="60" micro-fragmented="71265" macro-fragmented="0">
      <mem type="soa" free="27395912" total="45416448" percent="60" />
      <mem type="loa" free="458752" total="458752" percent="100" />
    </mem>
  </mem-info>
</gc-end>
<cycle-end id="6509" type="global" contextid="6502" timestamp="2019-07-02T23:30:50.011">
  <attribute name="GC Util" value="196" />
  <attribute name="CPU Util" value="1532604314493" />
  <attribute name="Time Running"value="27556"/>
  <attribute name="Number of cores"value="4"/>
</cycle-end>
<allocation-satisfied id="6510" threadId="0000000001AB4700" bytesRequested="40" />
<af-end id="6511" timestamp="2019-07-02T23:30:50.011" threadId="0000000001AB5088" success="true" />
<exclusive-end id="6512" timestamp="2019-07-02T23:30:50.011" durationms="14.034" />

<exclusive-start id="6513" timestamp="2019-07-02T23:30:50.060" intervalms="62.513">
  <response-info timems="0.038" idlems="0.038" threads="0" lastid="0000000001AB4700" lastname="main" />
</exclusive-start>
<af-start id="6514" threadId="0000000001AB5088" totalBytesRequested="24" timestamp="2019-07-02T23:30:50.060" intervalms="62.467" />
<cycle-start id="6515" type="global" contextid="0" timestamp="2019-07-02T23:30:50.060" intervalms="62.405" />
  <attribute name="GC Util" value="196" />
  <attribute name="CPU Util" value="1532604314493" />
  <attribute name="Time Running"value="27556"/>
  <attribute name="Number of cores"value="4"/>
<gc-start id="6516" type="global" contextid="6515" timestamp="2019-07-02T23:30:50.060">
  <mem-info id="6517" free="458752" total="45875200" percent="1">
    <mem type="tenure" free="458752" total="45875200" percent="1">
      <mem type="soa" free="0" total="45416448" percent="0" />
      <mem type="loa" free="458752" total="458752" percent="100" />
    </mem>
  </mem-info>
</gc-start>
<allocation-stats totalBytes="27386464" >
  <allocated-bytes non-tlh="0" tlh="27386464" />
  <largest-consumer threadName="main" threadId="0000000001AB4700" bytes="27386464" />
</allocation-stats>
<gc-op id="6518" type="mark" timems="10.411" contextid="6515" timestamp="2019-07-02T23:30:50.071">
  <trace-info objectcount="596348" scancount="517336" scanbytes="13274036" />
  <finalization candidates="80" enqueued="0" />
  <ownableSynchronizers candidates="21" cleared="0" />
  <references type="soft" candidates="1849" cleared="0" enqueued="0" dynamicThreshold="19" maxThreshold="32" />
  <references type="weak" candidates="5776" cleared="0" enqueued="0" />
  <references type="phantom" candidates="101" cleared="0" enqueued="0" />
  <stringconstants candidates="13253" cleared="0"  />
</gc-op>
<gc-op id="6519" type="sweep" timems="0.628" contextid="6515" timestamp="2019-07-02T23:30:50.072" />
<gc-end id="6520" type="global" contextid="6515" durationms="11.579" usertimems="28.000" systemtimems="0.000" timestamp="2019-07-02T23:30:50.072" activeThreads="4">
  <mem-info id="6521" free="27854768" total="45875200" percent="60">
    <mem type="tenure" free="27854768" total="45875200" percent="60" micro-fragmented="71265" macro-fragmented="0">
      <mem type="soa" free="27396016" total="45416448" percent="60" />
      <mem type="loa" free="458752" total="458752" percent="100" />
    </mem>
  </mem-info>
</gc-end>
<cycle-end id="6522" type="global" contextid="6515" timestamp="2019-07-02T23:30:50.072">
  <attribute name="GC Util" value="225" />
  <attribute name="CPU Util" value="1746148874966" />
  <attribute name="Time Running"value="27617"/>
  <attribute name="Number of cores"value="4"/>
</cycle-end>
<allocation-satisfied id="6523" threadId="0000000001AB4700" bytesRequested="24" />
<af-end id="6524" timestamp="2019-07-02T23:30:50.073" threadId="0000000001AB5088" success="true" />
<exclusive-end id="6525" timestamp="2019-07-02T23:30:50.073" durationms="12.866" />

<exclusive-start id="6526" timestamp="2019-07-02T23:30:50.121" intervalms="60.714">
  <response-info timems="0.071" idlems="0.071" threads="0" lastid="0000000001AB4700" lastname="main" />
</exclusive-start>
<af-start id="6527" threadId="0000000001AB5088" totalBytesRequested="16" timestamp="2019-07-02T23:30:50.121" intervalms="60.782" />
<cycle-start id="6528" type="global" contextid="0" timestamp="2019-07-02T23:30:50.121" intervalms="60.821" />
  <attribute name="GC Util" value="225" />
  <attribute name="CPU Util" value="1746148874966" />
  <attribute name="Time Running"value="27617"/>
  <attribute name="Number of cores"value="4"/>
<gc-start id="6529" type="global" contextid="6528" timestamp="2019-07-02T23:30:50.121">
  <mem-info id="6530" free="458752" total="45875200" percent="1">
    <mem type="tenure" free="458752" total="45875200" percent="1">
      <mem type="soa" free="0" total="45416448" percent="0" />
      <mem type="loa" free="458752" total="458752" percent="100" />
    </mem>
  </mem-info>
</gc-start>
<allocation-stats totalBytes="27386904" >
  <allocated-bytes non-tlh="0" tlh="27386904" />
  <largest-consumer threadName="main" threadId="0000000001AB4700" bytes="27386904" />
</allocation-stats>
<gc-op id="6531" type="mark" timems="9.206" contextid="6528" timestamp="2019-07-02T23:30:50.131">
  <trace-info objectcount="596348" scancount="517368" scanbytes="13273976" />
  <finalization candidates="80" enqueued="0" />
  <ownableSynchronizers candidates="21" cleared="0" />
  <references type="soft" candidates="1849" cleared="0" enqueued="0" dynamicThreshold="19" maxThreshold="32" />
  <references type="weak" candidates="5776" cleared="0" enqueued="0" />
  <references type="phantom" candidates="101" cleared="0" enqueued="0" />
  <stringconstants candidates="13253" cleared="0"  />
</gc-op>
<gc-op id="6532" type="sweep" timems="0.640" contextid="6528" timestamp="2019-07-02T23:30:50.131" />
<gc-end id="6533" type="global" contextid="6528" durationms="10.458" usertimems="28.000" systemtimems="0.000" timestamp="2019-07-02T23:30:50.132" activeThreads="4">
  <mem-info id="6534" free="27854376" total="45875200" percent="60">
    <mem type="tenure" free="27854376" total="45875200" percent="60" micro-fragmented="71395" macro-fragmented="0">
      <mem type="soa" free="27395624" total="45416448" percent="60" />
      <mem type="loa" free="458752" total="458752" percent="100" />
    </mem>
  </mem-info>
</gc-end>
<cycle-end id="6535" type="global" contextid="6528" timestamp="2019-07-02T23:30:50.132">
  <attribute name="GC Util" value="187" />
  <attribute name="CPU Util" value="1960117557006" />
  <attribute name="Time Running"value="27677"/>
  <attribute name="Number of cores"value="4"/>
</cycle-end>
<allocation-satisfied id="6536" threadId="0000000001AB4700" bytesRequested="16" />
<af-end id="6537" timestamp="2019-07-02T23:30:50.132" threadId="0000000001AB5088" success="true" />
<exclusive-end id="6538" timestamp="2019-07-02T23:30:50.132" durationms="11.757" />

<exclusive-start id="6539" timestamp="2019-07-02T23:30:50.180" intervalms="59.682">
  <response-info timems="0.489" idlems="0.257" threads="1" lastid="0000000001ABFB00" lastname="JIT Compilation Thread-2" />
</exclusive-start>
<af-start id="6540" threadId="0000000001AB5088" totalBytesRequested="40" timestamp="2019-07-02T23:30:50.181" intervalms="59.646" />
<cycle-start id="6541" type="global" contextid="0" timestamp="2019-07-02T23:30:50.181" intervalms="59.632" />
  <attribute name="GC Util" value="187" />
  <attribute name="CPU Util" value="1960117557006" />
  <attribute name="Time Running"value="27677"/>
  <attribute name="Number of cores"value="4"/>
<gc-start id="6542" type="global" contextid="6541" timestamp="2019-07-02T23:30:50.181">
  <mem-info id="6543" free="458752" total="45875200" percent="1">
    <mem type="tenure" free="458752" total="45875200" percent="1">
      <mem type="soa" free="0" total="45416448" percent="0" />
      <mem type="loa" free="458752" total="458752" percent="100" />
    </mem>
  </mem-info>
</gc-start>
<allocation-stats totalBytes="27386592" >
  <allocated-bytes non-tlh="0" tlh="27386592" />
  <largest-consumer threadName="main" threadId="0000000001AB4700" bytes="27386592" />
</allocation-stats>
<gc-op id="6544" type="mark" timems="10.256" contextid="6541" timestamp="2019-07-02T23:30:50.191">
  <trace-info objectcount="596350" scancount="517335" scanbytes="13274004" />
  <finalization candidates="80" enqueued="0" />
  <ownableSynchronizers candidates="21" cleared="0" />
  <references type="soft" candidates="1849" cleared="0" enqueued="0" dynamicThreshold="19" maxThreshold="32" />
  <references type="weak" candidates="5776" cleared="0" enqueued="0" />
  <references type="phantom" candidates="101" cleared="0" enqueued="0" />
  <stringconstants candidates="13253" cleared="0"  />
</gc-op>
<gc-op id="6545" type="sweep" timems="0.637" contextid="6541" timestamp="2019-07-02T23:30:50.192" />
<gc-end id="6546" type="global" contextid="6541" durationms="11.443" usertimems="28.000" systemtimems="0.000" timestamp="2019-07-02T23:30:50.192" activeThreads="4">
  <mem-info id="6547" free="27853936" total="45875200" percent="60">
    <mem type="tenure" free="27853936" total="45875200" percent="60" micro-fragmented="71395" macro-fragmented="0">
      <mem type="soa" free="27395184" total="45416448" percent="60" />
      <mem type="loa" free="458752" total="458752" percent="100" />
    </mem>
  </mem-info>
</gc-end>
<cycle-end id="6548" type="global" contextid="6541" timestamp="2019-07-02T23:30:50.193">
  <attribute name="GC Util" value="162" />
  <attribute name="CPU Util" value="1766207844295" />
  <attribute name="Time Running"value="27737"/>
  <attribute name="Number of cores"value="4"/>
</cycle-end>
<allocation-satisfied id="6549" threadId="0000000001AB4700" bytesRequested="40" />
<af-end id="6550" timestamp="2019-07-02T23:30:50.193" threadId="0000000001AB5088" success="true" />
<exclusive-end id="6551" timestamp="2019-07-02T23:30:50.193" durationms="12.740" />

<exclusive-start id="6552" timestamp="2019-07-02T23:30:50.239" intervalms="59.003">
  <response-info timems="0.061" idlems="0.061" threads="0" lastid="0000000001AB4700" lastname="main" />
</exclusive-start>
<af-start id="6553" threadId="0000000001AB5088" totalBytesRequested="16" timestamp="2019-07-02T23:30:50.240" intervalms="59.024" />
<cycle-start id="6554" type="global" contextid="0" timestamp="2019-07-02T23:30:50.240" intervalms="59.068" />
  <attribute name="GC Util" value="162" />
  <attribute name="CPU Util" value="1766207844295" />
  <attribute name="Time Running"value="27737"/>
  <attribute name="Number of cores"value="4"/>
<gc-start id="6555" type="global" contextid="6554" timestamp="2019-07-02T23:30:50.240">
  <mem-info id="6556" free="458752" total="45875200" percent="1">
    <mem type="tenure" free="458752" total="45875200" percent="1">
      <mem type="soa" free="0" total="45416448" percent="0" />
      <mem type="loa" free="458752" total="458752" percent="100" />
    </mem>
  </mem-info>
</gc-start>
<allocation-stats totalBytes="27387440" >
  <allocated-bytes non-tlh="0" tlh="27387440" />
  <largest-consumer threadName="main" threadId="0000000001AB4700" bytes="27387440" />
</allocation-stats>
<gc-op id="6557" type="mark" timems="8.630" contextid="6554" timestamp="2019-07-02T23:30:50.249">
  <trace-info objectcount="596352" scancount="517338" scanbytes="13274128" />
  <finalization candidates="80" enqueued="0" />
  <ownableSynchronizers candidates="21" cleared="0" />
  <references type="soft" candidates="1849" cleared="0" enqueued="0" dynamicThreshold="19" maxThreshold="32" />
  <references type="weak" candidates="5776" cleared="0" enqueued="0" />
  <references type="phantom" candidates="101" cleared="0" enqueued="0" />
  <stringconstants candidates="13253" cleared="0"  />
</gc-op>
<gc-op id="6558" type="sweep" timems="0.643" contextid="6554" timestamp="2019-07-02T23:30:50.250" />
<gc-end id="6559" type="global" contextid="6554" durationms="9.819" usertimems="28.000" systemtimems="0.000" timestamp="2019-07-02T23:30:50.250" activeThreads="4">
  <mem-info id="6560" free="27854544" total="45875200" percent="60">
    <mem type="tenure" free="27854544" total="45875200" percent="60" micro-fragmented="71395" macro-fragmented="0">
      <mem type="soa" free="27395792" total="45416448" percent="60" />
      <mem type="loa" free="458752" total="458752" percent="100" />
    </mem>
  </mem-info>
</gc-end>
<cycle-end id="6561" type="global" contextid="6554" timestamp="2019-07-02T23:30:50.250">
  <attribute name="GC Util" value="210" />
  <attribute name="CPU Util" value="2110697998589" />
  <attribute name="Time Running"value="27795"/>
  <attribute name="Number of cores"value="4"/>
</cycle-end>
<allocation-satisfied id="6562" threadId="0000000001AB4700" bytesRequested="16" />
<af-end id="6563" timestamp="2019-07-02T23:30:50.250" threadId="0000000001AB5088" success="true" />
<exclusive-end id="6564" timestamp="2019-07-02T23:30:50.251" durationms="11.225" />

<exclusive-start id="6565" timestamp="2019-07-02T23:30:50.259" intervalms="20.080">
  <response-info timems="0.112" idlems="0.112" threads="0" lastid="0000000001AB4700" lastname="main" />
</exclusive-start>
<af-start id="6566" threadId="0000000001AB5088" totalBytesRequested="32" timestamp="2019-07-02T23:30:50.260" intervalms="20.068" />
<cycle-start id="6567" type="global" contextid="0" timestamp="2019-07-02T23:30:50.260" intervalms="20.068" />
  <attribute name="GC Util" value="210" />
  <attribute name="CPU Util" value="2110697998589" />
  <attribute name="Time Running"value="27795"/>
  <attribute name="Number of cores"value="4"/>
<gc-start id="6568" type="global" contextid="6567" timestamp="2019-07-02T23:30:50.260">
  <mem-info id="6569" free="458752" total="45875200" percent="1">
    <mem type="tenure" free="458752" total="45875200" percent="1">
      <mem type="soa" free="0" total="45416448" percent="0" />
      <mem type="loa" free="458752" total="458752" percent="100" />
    </mem>
  </mem-info>
</gc-start>
<allocation-stats totalBytes="27336104" >
  <allocated-bytes non-tlh="0" tlh="27336104" />
  <largest-consumer threadName="main" threadId="0000000001AB4700" bytes="27336104" />
</allocation-stats>
<gc-op id="6570" type="mark" timems="7.092" contextid="6567" timestamp="2019-07-02T23:30:50.267">
  <trace-info objectcount="596344" scancount="517331" scanbytes="13273716" />
  <finalization candidates="80" enqueued="0" />
  <ownableSynchronizers candidates="21" cleared="0" />
  <references type="soft" candidates="1849" cleared="0" enqueued="0" dynamicThreshold="19" maxThreshold="32" />
  <references type="weak" candidates="5776" cleared="0" enqueued="0" />
  <references type="phantom" candidates="101" cleared="0" enqueued="0" />
  <stringconstants candidates="13253" cleared="0"  />
</gc-op>
<gc-op id="6571" type="sweep" timems="0.565" contextid="6567" timestamp="2019-07-02T23:30:50.268" />
<gc-end id="6572" type="global" contextid="6567" durationms="8.185" usertimems="28.000" systemtimems="0.000" timestamp="2019-07-02T23:30:50.268" activeThreads="4">
  <mem-info id="6573" free="27854488" total="45875200" percent="60">
    <mem type="tenure" free="27854488" total="45875200" percent="60" micro-fragmented="71936" macro-fragmented="0">
      <mem type="soa" free="27395736" total="45416448" percent="60" />
      <mem type="loa" free="458752" total="458752" percent="100" />
    </mem>
  </mem-info>
</gc-end>
<cycle-end id="6574" type="global" contextid="6567" timestamp="2019-07-02T23:30:50.268">
  <attribute name="GC Util" value="279" />
  <attribute name="CPU Util" value="2564308828182" />
  <attribute name="Time Running"value="27813"/>
  <attribute name="Number of cores"value="4"/>
</cycle-end>
<allocation-satisfied id="6575" threadId="0000000001AB4700" bytesRequested="32" />
<af-end id="6576" timestamp="2019-07-02T23:30:50.269" threadId="0000000001AB5088" success="true" />
<exclusive-end id="6577" timestamp="2019-07-02T23:30:50.269" durationms="9.348" />

<exclusive-start id="6578" timestamp="2019-07-02T23:30:50.273" intervalms="13.826">
  <response-info timems="0.084" idlems="0.084" threads="0" lastid="0000000001AB4700" lastname="main" />
</exclusive-start>
<af-start id="6579" threadId="0000000001AB5088" totalBytesRequested="544" timestamp="2019-07-02T23:30:50.273" intervalms="13.751" />
<cycle-start id="6580" type="global" contextid="0" timestamp="2019-07-02T23:30:50.274" intervalms="13.704" />
  <attribute name="GC Util" value="279" />
  <attribute name="CPU Util" value="2564308828182" />
  <attribute name="Time Running"value="27813"/>
  <attribute name="Number of cores"value="4"/>
<gc-start id="6581" type="global" contextid="6580" timestamp="2019-07-02T23:30:50.274">
  <mem-info id="6582" free="458752" total="45875200" percent="1">
    <mem type="tenure" free="458752" total="45875200" percent="1">
      <mem type="soa" free="0" total="45416448" percent="0" />
      <mem type="loa" free="458752" total="458752" percent="100" />
    </mem>
  </mem-info>
</gc-start>
<allocation-stats totalBytes="27329664" >
  <allocated-bytes non-tlh="0" tlh="27329664" />
  <largest-consumer threadName="main" threadId="0000000001AB4700" bytes="27329664" />
</allocation-stats>
<gc-op id="6583" type="mark" timems="6.830" contextid="6580" timestamp="2019-07-02T23:30:50.281">
  <trace-info objectcount="596347" scancount="517324" scanbytes="13273804" />
  <finalization candidates="80" enqueued="0" />
  <ownableSynchronizers candidates="21" cleared="0" />
  <references type="soft" candidates="1849" cleared="0" enqueued="0" dynamicThreshold="19" maxThreshold="32" />
  <references type="weak" candidates="5776" cleared="0" enqueued="0" />
  <references type="phantom" candidates="101" cleared="0" enqueued="0" />
  <stringconstants candidates="13253" cleared="0"  />
</gc-op>
<gc-op id="6584" type="sweep" timems="0.688" contextid="6580" timestamp="2019-07-02T23:30:50.281" />
<gc-end id="6585" type="global" contextid="6580" durationms="8.034" usertimems="28.000" systemtimems="0.000" timestamp="2019-07-02T23:30:50.282" activeThreads="4">
  <mem-info id="6586" free="27853872" total="45875200" percent="60">
    <mem type="tenure" free="27853872" total="45875200" percent="60" micro-fragmented="71936" macro-fragmented="0">
      <mem type="soa" free="27395120" total="45416448" percent="60" />
      <mem type="loa" free="458752" total="458752" percent="100" />
    </mem>
  </mem-info>
</gc-end>
<cycle-end id="6587" type="global" contextid="6580" timestamp="2019-07-02T23:30:50.282">
  <attribute name="GC Util" value="280" />
  <attribute name="CPU Util" value="2638937824003" />
  <attribute name="Time Running"value="27827"/>
  <attribute name="Number of cores"value="4"/>
</cycle-end>
<allocation-satisfied id="6588" threadId="0000000001AB4700" bytesRequested="544" />
<af-end id="6589" timestamp="2019-07-02T23:30:50.282" threadId="0000000001AB5088" success="true" />
<exclusive-end id="6590" timestamp="2019-07-02T23:30:50.282" durationms="8.924" />

<exclusive-start id="6591" timestamp="2019-07-02T23:30:50.287" intervalms="13.291">
  <response-info timems="0.071" idlems="0.071" threads="0" lastid="0000000001AB4700" lastname="main" />
</exclusive-start>
<af-start id="6592" threadId="0000000001AB5088" totalBytesRequested="24" timestamp="2019-07-02T23:30:50.287" intervalms="13.336" />
<cycle-start id="6593" type="global" contextid="0" timestamp="2019-07-02T23:30:50.287" intervalms="13.378" />
  <attribute name="GC Util" value="280" />
  <attribute name="CPU Util" value="2638937824003" />
  <attribute name="Time Running"value="27827"/>
  <attribute name="Number of cores"value="4"/>
<gc-start id="6594" type="global" contextid="6593" timestamp="2019-07-02T23:30:50.287">
  <mem-info id="6595" free="458752" total="45875200" percent="1">
    <mem type="tenure" free="458752" total="45875200" percent="1">
      <mem type="soa" free="0" total="45416448" percent="0" />
      <mem type="loa" free="458752" total="458752" percent="100" />
    </mem>
  </mem-info>
</gc-start>
<allocation-stats totalBytes="27328184" >
  <allocated-bytes non-tlh="0" tlh="27328184" />
  <largest-consumer threadName="main" threadId="0000000001AB4700" bytes="27328184" />
</allocation-stats>
<gc-op id="6596" type="mark" timems="6.922" contextid="6593" timestamp="2019-07-02T23:30:50.294">
  <trace-info objectcount="596345" scancount="517327" scanbytes="13273748" />
  <finalization candidates="80" enqueued="0" />
  <ownableSynchronizers candidates="21" cleared="0" />
  <references type="soft" candidates="1849" cleared="0" enqueued="0" dynamicThreshold="19" maxThreshold="32" />
  <references type="weak" candidates="5776" cleared="0" enqueued="0" />
  <references type="phantom" candidates="101" cleared="0" enqueued="0" />
  <stringconstants candidates="13253" cleared="0"  />
</gc-op>
<gc-op id="6597" type="sweep" timems="0.669" contextid="6593" timestamp="2019-07-02T23:30:50.295" />
<gc-end id="6598" type="global" contextid="6593" durationms="8.108" usertimems="28.000" systemtimems="0.000" timestamp="2019-07-02T23:30:50.295" activeThreads="4">
  <mem-info id="6599" free="27853216" total="45875200" percent="60">
    <mem type="tenure" free="27853216" total="45875200" percent="60" micro-fragmented="71976" macro-fragmented="0">
      <mem type="soa" free="27394464" total="45416448" percent="60" />
      <mem type="loa" free="458752" total="458752" percent="100" />
    </mem>
  </mem-info>
</gc-end>
<cycle-end id="6600" type="global" contextid="6593" timestamp="2019-07-02T23:30:50.295">
  <attribute name="GC Util" value="274" />
  <attribute name="CPU Util" value="2607923884332" />
  <attribute name="Time Running"value="27840"/>
  <attribute name="Number of cores"value="4"/>
</cycle-end>
<allocation-satisfied id="6601" threadId="0000000001AB4700" bytesRequested="24" />
<af-end id="6602" timestamp="2019-07-02T23:30:50.296" threadId="0000000001AB5088" success="true" />
<exclusive-end id="6603" timestamp="2019-07-02T23:30:50.296" durationms="9.042" />

<exclusive-start id="6604" timestamp="2019-07-02T23:30:50.300" intervalms="13.442">
  <response-info timems="0.083" idlems="0.083" threads="0" lastid="0000000001AB4700" lastname="main" />
</exclusive-start>
<af-start id="6605" threadId="0000000001AB5088" totalBytesRequested="40" timestamp="2019-07-02T23:30:50.300" intervalms="13.405" />
<cycle-start id="6606" type="global" contextid="0" timestamp="2019-07-02T23:30:50.300" intervalms="13.409" />
  <attribute name="GC Util" value="274" />
  <attribute name="CPU Util" value="2607923884332" />
  <attribute name="Time Running"value="27840"/>
  <attribute name="Number of cores"value="4"/>
<gc-start id="6607" type="global" contextid="6606" timestamp="2019-07-02T23:30:50.300">
  <mem-info id="6608" free="458752" total="45875200" percent="1">
    <mem type="tenure" free="458752" total="45875200" percent="1">
      <mem type="soa" free="0" total="45416448" percent="0" />
      <mem type="loa" free="458752" total="458752" percent="100" />
    </mem>
  </mem-info>
</gc-start>
<allocation-stats totalBytes="27330176" >
  <allocated-bytes non-tlh="0" tlh="27330176" />
  <largest-consumer threadName="main" threadId="0000000001AB4700" bytes="27330176" />
</allocation-stats>
<gc-op id="6609" type="mark" timems="6.905" contextid="6606" timestamp="2019-07-02T23:30:50.308">
  <trace-info objectcount="596345" scancount="517335" scanbytes="13273748" />
  <finalization candidates="80" enqueued="0" />
  <ownableSynchronizers candidates="21" cleared="0" />
  <references type="soft" candidates="1849" cleared="0" enqueued="0" dynamicThreshold="19" maxThreshold="32" />
  <references type="weak" candidates="5776" cleared="0" enqueued="0" />
  <references type="phantom" candidates="101" cleared="0" enqueued="0" />
  <stringconstants candidates="13253" cleared="0"  />
</gc-op>
<gc-op id="6610" type="sweep" timems="0.693" contextid="6606" timestamp="2019-07-02T23:30:50.308" />
<gc-end id="6611" type="global" contextid="6606" durationms="8.159" usertimems="28.000" systemtimems="0.000" timestamp="2019-07-02T23:30:50.309" activeThreads="4">
  <mem-info id="6612" free="27854456" total="45875200" percent="60">
    <mem type="tenure" free="27854456" total="45875200" percent="60" micro-fragmented="71936" macro-fragmented="0">
      <mem type="soa" free="27395704" total="45416448" percent="60" />
      <mem type="loa" free="458752" total="458752" percent="100" />
    </mem>
  </mem-info>
</gc-end>
<cycle-end id="6613" type="global" contextid="6606" timestamp="2019-07-02T23:30:50.309">
  <attribute name="GC Util" value="277" />
  <attribute name="CPU Util" value="2615020289047" />
  <attribute name="Time Running"value="27854"/>
  <attribute name="Number of cores"value="4"/>
</cycle-end>
<allocation-satisfied id="6614" threadId="0000000001AB4700" bytesRequested="40" />
<af-end id="6615" timestamp="2019-07-02T23:30:50.309" threadId="0000000001AB5088" success="true" />
<exclusive-end id="6616" timestamp="2019-07-02T23:30:50.309" durationms="9.126" />

<exclusive-start id="6617" timestamp="2019-07-02T23:30:50.314" intervalms="13.513">
  <response-info timems="0.083" idlems="0.083" threads="0" lastid="0000000001AB4700" lastname="main" />
</exclusive-start>
<af-start id="6618" threadId="0000000001AB5088" totalBytesRequested="24" timestamp="2019-07-02T23:30:50.314" intervalms="13.493" />
<cycle-start id="6619" type="global" contextid="0" timestamp="2019-07-02T23:30:50.314" intervalms="13.502" />
  <attribute name="GC Util" value="277" />
  <attribute name="CPU Util" value="2615020289047" />
  <attribute name="Time Running"value="27854"/>
  <attribute name="Number of cores"value="4"/>
<gc-start id="6620" type="global" contextid="6619" timestamp="2019-07-02T23:30:50.314">
  <mem-info id="6621" free="458752" total="45875200" percent="1">
    <mem type="tenure" free="458752" total="45875200" percent="1">
      <mem type="soa" free="0" total="45416448" percent="0" />
      <mem type="loa" free="458752" total="458752" percent="100" />
    </mem>
  </mem-info>
</gc-start>
<allocation-stats totalBytes="27327640" >
  <allocated-bytes non-tlh="0" tlh="27327640" />
  <largest-consumer threadName="main" threadId="0000000001AB4700" bytes="27327640" />
</allocation-stats>
<gc-op id="6622" type="mark" timems="7.051" contextid="6619" timestamp="2019-07-02T23:30:50.321">
  <trace-info objectcount="596345" scancount="517330" scanbytes="13273748" />
  <finalization candidates="80" enqueued="0" />
  <ownableSynchronizers candidates="21" cleared="0" />
  <references type="soft" candidates="1849" cleared="0" enqueued="0" dynamicThreshold="19" maxThreshold="32" />
  <references type="weak" candidates="5776" cleared="0" enqueued="0" />
  <references type="phantom" candidates="101" cleared="0" enqueued="0" />
  <stringconstants candidates="13253" cleared="0"  />
</gc-op>
<gc-op id="6623" type="sweep" timems="0.557" contextid="6619" timestamp="2019-07-02T23:30:50.322" />
<gc-end id="6624" type="global" contextid="6619" durationms="8.185" usertimems="24.000" systemtimems="4.000" timestamp="2019-07-02T23:30:50.322" activeThreads="4">
  <mem-info id="6625" free="27854448" total="45875200" percent="60">
    <mem type="tenure" free="27854448" total="45875200" percent="60" micro-fragmented="71936" macro-fragmented="0">
      <mem type="soa" free="27395696" total="45416448" percent="60" />
      <mem type="loa" free="458752" total="458752" percent="100" />
    </mem>
  </mem-info>
</gc-end>
<cycle-end id="6626" type="global" contextid="6619" timestamp="2019-07-02T23:30:50.322">
  <attribute name="GC Util" value="278" />
  <attribute name="CPU Util" value="2572103457276" />
  <attribute name="Time Running"value="27867"/>
  <attribute name="Number of cores"value="4"/>
</cycle-end>
<allocation-satisfied id="6627" threadId="0000000001AB4700" bytesRequested="24" />
<af-end id="6628" timestamp="2019-07-02T23:30:50.322" threadId="0000000001AB5088" success="true" />
<exclusive-end id="6629" timestamp="2019-07-02T23:30:50.323" durationms="9.068" />

<exclusive-start id="6630" timestamp="2019-07-02T23:30:50.327" intervalms="13.453">
  <response-info timems="0.084" idlems="0.084" threads="0" lastid="0000000001AB4700" lastname="main" />
</exclusive-start>
<af-start id="6631" threadId="0000000001AB5088" totalBytesRequested="32" timestamp="2019-07-02T23:30:50.327" intervalms="13.471" />
<cycle-start id="6632" type="global" contextid="0" timestamp="2019-07-02T23:30:50.327" intervalms="13.463" />
  <attribute name="GC Util" value="278" />
  <attribute name="CPU Util" value="2572103457276" />
  <attribute name="Time Running"value="27867"/>
  <attribute name="Number of cores"value="4"/>
<gc-start id="6633" type="global" contextid="6632" timestamp="2019-07-02T23:30:50.327">
  <mem-info id="6634" free="458752" total="45875200" percent="1">
    <mem type="tenure" free="458752" total="45875200" percent="1">
      <mem type="soa" free="0" total="45416448" percent="0" />
      <mem type="loa" free="458752" total="458752" percent="100" />
    </mem>
  </mem-info>
</gc-start>
<allocation-stats totalBytes="27328832" >
  <allocated-bytes non-tlh="0" tlh="27328832" />
  <largest-consumer threadName="main" threadId="0000000001AB4700" bytes="27328832" />
</allocation-stats>
<gc-op id="6635" type="mark" timems="7.090" contextid="6632" timestamp="2019-07-02T23:30:50.335">
  <trace-info objectcount="596344" scancount="517357" scanbytes="13273716" />
  <finalization candidates="80" enqueued="0" />
  <ownableSynchronizers candidates="21" cleared="0" />
  <references type="soft" candidates="1849" cleared="0" enqueued="0" dynamicThreshold="19" maxThreshold="32" />
  <references type="weak" candidates="5776" cleared="0" enqueued="0" />
  <references type="phantom" candidates="101" cleared="0" enqueued="0" />
  <stringconstants candidates="13253" cleared="0"  />
</gc-op>
<gc-op id="6636" type="sweep" timems="0.546" contextid="6632" timestamp="2019-07-02T23:30:50.335" />
<gc-end id="6637" type="global" contextid="6632" durationms="8.127" usertimems="28.000" systemtimems="0.000" timestamp="2019-07-02T23:30:50.336" activeThreads="4">
  <mem-info id="6638" free="27854488" total="45875200" percent="60">
    <mem type="tenure" free="27854488" total="45875200" percent="60" micro-fragmented="71936" macro-fragmented="0">
      <mem type="soa" free="27395736" total="45416448" percent="60" />
      <mem type="loa" free="458752" total="458752" percent="100" />
    </mem>
  </mem-info>
</gc-end>
<cycle-end id="6639" type="global" contextid="6632" timestamp="2019-07-02T23:30:50.336">
  <attribute name="GC Util" value="276" />
  <attribute name="CPU Util" value="2557158813935" />
  <attribute name="Time Running"value="27881"/>
  <attribute name="Number of cores"value="4"/>
</cycle-end>
<allocation-satisfied id="6640" threadId="0000000001AB4700" bytesRequested="32" />
<af-end id="6641" timestamp="2019-07-02T23:30:50.336" threadId="0000000001AB5088" success="true" />
<exclusive-end id="6642" timestamp="2019-07-02T23:30:50.336" durationms="9.117" />

</verbosegc>

