<?xml version="1.0" ?>

<verbosegc xmlns="http://www.ibm.com/j9/verbosegc" version="10b4217_CMPRSS">

<initialized id="1" timestamp="2019-06-14T18:53:37.166">
  <attribute name="gcPolicy" value="-Xgcpolicy:gencon" />
  <attribute name="elasticGC enabled" value="1" />
  <attribute name= "numThreadsSpecified" value="0" />
  <attribute name="heapSize specified" value="0" />
  <attribute name="Current GC Util" value="0" />
  <attribute name= "Current Time Running" value="0" />
  <attribute name ="GC Interval" value="0" />
  <attribute name="ProportionalT" value="0.000000" />
  <attribute name="ProportionalI" value="0.000000" />
  <attribute name="ProportionalH" value="0.000000" />
  <attribute name="IntegralT" value="0.000000" />
  <attribute name="IntegralI" value="0.000000" />
  <attribute name="IntegralH" value="0.000000" />
  <attribute name="DerivativeT" value="0.000000" />
  <attribute name="DerivativeI" value="0.000000" />
  <attribute name="DerivativeH" value="0.000000" />
  <attribute name="Target GC Util Change" value ="0.000000" />
  <attribute name="Current GC Util Change" value="0.000000"/>
  <attribute name="Current Error" value="0.000000" />
  <attribute name="Loop Time for DT" value="0.000000" />
  <attribute name="Output H" value="0"/>
  <attribute name="Output I" value="0"/>
  <attribute name="Output T" value="0"/>
  <attribute name="GC Util currently" value="0" />
  <attribute name="CPU Util currently" value="0" />
  <attribute name="maxHeapSize" value="0x7cbc0000" />
  <attribute name="initialHeapSize" value="0x800000" />
  <attribute name="compressedRefs" value="true" />
  <attribute name="compressedRefsDisplacement" value="0x0" />
  <attribute name="compressedRefsShift" value="0x0" />
  <attribute name="pageSize" value="0x1000" />
  <attribute name="pageType" value="not used" />
  <attribute name="requestedPageSize" value="0x1000" />
  <attribute name="requestedPageType" value="not used" />
  <attribute name="gcthreads" value="4" />
  <attribute name="gcthreads Concurrent Mark" value="1" />
  <attribute name="packetListSplit" value="4" />
  <attribute name="cacheListSplit" value="4" />
  <attribute name="splitFreeListSplitAmount" value="1" />
  <attribute name="numaNodes" value="0" />
  <system>
    <attribute name="physicalMemory" value="8370962432" />
    <attribute name="numCPUs" value="4" />
    <attribute name="architecture" value="amd64" />
    <attribute name="os" value="Linux" />
    <attribute name="osVersion" value="4.4.0-148-generic" />
  </system>
  <vmargs>
    <vmarg name="-Xoptionsfile=/vagrant/jdk/lib/options.default" />
    <vmarg name="-Xlockword:mode=default,noLockword=java/lang/String,noLockword=java/util/MapEntry,noLockword=java/util/HashMap$Entry,noLockword..." />
    <vmarg name="-Xjcl:jclse29" />
    <vmarg name="-Dcom.ibm.oti.vm.bootstrap.library.path=/vagrant/jdk/lib/compressedrefs:/vagrant/jdk/lib" />
    <vmarg name="-Dsun.boot.library.path=/vagrant/jdk/lib/compressedrefs:/vagrant/jdk/lib" />
    <vmarg name="-Djava.library.path=/vagrant/jdk/lib/compressedrefs:/vagrant/jdk/lib:/usr/lib64:/usr/lib" />
    <vmarg name="-Djava.home=/vagrant/jdk" />
    <vmarg name="-Duser.dir=/vagrant" />
    <vmarg name="-verbose:gc" />
    <vmarg name="-Xgcelastic" />
    <vmarg name="-Xcheck:gc:::elasticGC" />
    <vmarg name="-Xloggc:small-jdk0.5-1-0.5-verbose12avrora.txt" />
    <vmarg name="-Djava.class.path=dacapo-9.12-MR1-bach.jar" />
    <vmarg name="-Dsun.java.command=dacapo-9.12-MR1-bach.jar avrora --size=small" />
    <vmarg name="-Dsun.java.launcher=SUN_STANDARD" />
    <vmarg name="-Dsun.java.launcher.pid=3893" />
  </vmargs>
</initialized>

<exclusive-start id="2" timestamp="2019-06-14T18:53:37.440" intervalms="273.641">
  <response-info timems="0.030" idlems="0.030" threads="0" lastid="0000000001BBA700" lastname="main" />
</exclusive-start>
<af-start id="3" threadId="0000000001BBB088" totalBytesRequested="3080" timestamp="2019-06-14T18:53:37.440" intervalms="274.076" type="nursery" />
<cycle-start id="4" type="scavenge" contextid="0" timestamp="2019-06-14T18:53:37.441" intervalms="274.843" />
<gc-start id="5" type="scavenge" contextid="4" timestamp="2019-06-14T18:53:37.447">
  <mem-info id="6" free="6062624" total="8388608" percent="72">
    <mem type="nursery" free="0" total="2097152" percent="0">
      <mem type="allocate" free="0" total="1048576" percent="0" />
      <mem type="survivor" free="0" total="1048576" percent="0" />
    </mem>
    <mem type="tenure" free="6062624" total="6291456" percent="96">
      <mem type="soa" free="5748256" total="5977088" percent="96" />
      <mem type="loa" free="314368" total="314368" percent="100" />
    </mem>
    <remembered-set count="3161" />
  </mem-info>
</gc-start>
<allocation-stats totalBytes="1270904" >
  <allocated-bytes non-tlh="303200" tlh="967704" />
  <largest-consumer threadName="main" threadId="0000000001BBA700" bytes="1192392" />
</allocation-stats>
<gc-op id="7" type="scavenge" timems="2.191" contextid="4" timestamp="2019-06-14T18:53:37.449">
  <scavenger-info tenureage="2" tenuremask="fffc" tiltratio="50" />
  <memory-copied type="nursery" objects="10578" bytes="477536" bytesdiscarded="84712" />
  <finalization candidates="11" enqueued="0" />
  <references type="soft" candidates="62" cleared="0" enqueued="0" dynamicThreshold="32" maxThreshold="32" />
  <references type="weak" candidates="309" cleared="177" enqueued="141" />
  <references type="phantom" candidates="25" cleared="6" enqueued="6" />
</gc-op>
<gc-end id="8" type="scavenge" contextid="4" durationms="2.727" usertimems="0.000" systemtimems="4.000" timestamp="2019-06-14T18:53:37.449" activeThreads="4">
  <mem-info id="9" free="6546856" total="8388608" percent="78">
    <mem type="nursery" free="484232" total="2097152" percent="23">
      <mem type="allocate" free="484232" total="1048576" percent="46" />
      <mem type="survivor" free="0" total="1048576" percent="0" />
    </mem>
    <mem type="tenure" free="6062624" total="6291456" percent="96">
      <mem type="soa" free="5748256" total="5977088" percent="96" />
      <mem type="loa" free="314368" total="314368" percent="100" />
    </mem>
    <pending-finalizers system="0" default="0" reference="147" classloader="0" />
    <remembered-set count="3161" />
  </mem-info>
</gc-end>
<cycle-end id="10" type="scavenge" contextid="4" timestamp="2019-06-14T18:53:37.450" />
  <attribute name="elasticGC enabled" value="1" />
  <attribute name= "numThreadsSpecified" value="4" />
  <attribute name="heapSize specified" value="0" />
  <attribute name="Current GC Util" value="0" />
  <attribute name= "Current Time Running" value="112" />
  <attribute name ="GC Interval" value="200" />
  <attribute name="ProportionalT" value="-10.000000" />
  <attribute name="ProportionalI" value="-10.000000" />
  <attribute name="ProportionalH" value="-10.000000" />
  <attribute name="Current Error" value="-20.000000" />
  <attribute name="IntegralT" value="-2240.000000" />
  <attribute name="IntegralI" value="-2240.000000" />
  <attribute name="IntegralH" value="-2240.000000" />
  <attribute name="DerivativeT" value="-0.089286" />
  <attribute name="DerivativeI" value="-0.089286" />
  <attribute name="DerivativeH" value="-0.089286" />
  <attribute name="Loop Time for DT" value="112.000000" />
  <attribute name="Output H" value="2092630016"/>
  <attribute name="Output I" value="200"/>
  <attribute name="Output T" value="4"/>
  <attribute name="Target GC Util Change" value ="20.000000" />
  <attribute name="Current GC Util Change" value="0.000000"/>
  <attribute name="GC Util currently" value="0" />
  <attribute name="CPU Util currently" value="48" />
<allocation-satisfied id="11" threadId="0000000001BBA700" bytesRequested="3080" />
<af-end id="12" timestamp="2019-06-14T18:53:37.450" threadId="0000000001BBB088" success="true" from="nursery"/>
<exclusive-end id="13" timestamp="2019-06-14T18:53:37.450" durationms="9.792" />

<exclusive-start id="14" timestamp="2019-06-14T18:53:37.504" intervalms="64.387">
  <response-info timems="0.049" idlems="0.049" threads="0" lastid="0000000001BBA700" lastname="main" />
</exclusive-start>
<af-start id="15" threadId="0000000001BBB088" totalBytesRequested="80" timestamp="2019-06-14T18:53:37.504" intervalms="64.048" type="nursery" />
<cycle-start id="16" type="scavenge" contextid="0" timestamp="2019-06-14T18:53:37.504" intervalms="63.358" />
<gc-start id="17" type="scavenge" contextid="16" timestamp="2019-06-14T18:53:37.505">
  <mem-info id="18" free="6054888" total="8388608" percent="72">
    <mem type="nursery" free="0" total="2097152" percent="0">
      <mem type="allocate" free="0" total="1048576" percent="0" />
      <mem type="survivor" free="0" total="1048576" percent="0" />
    </mem>
    <mem type="tenure" free="6054888" total="6291456" percent="96">
      <mem type="soa" free="5740520" total="5977088" percent="96" />
      <mem type="loa" free="314368" total="314368" percent="100" />
    </mem>
    <remembered-set count="3262" />
  </mem-info>
</gc-start>
<allocation-stats totalBytes="491128" >
  <allocated-bytes non-tlh="10816" tlh="480312" />
  <largest-consumer threadName="main" threadId="0000000001BBA700" bytes="479152" />
</allocation-stats>
<gc-op id="19" type="scavenge" timems="1.041" contextid="16" timestamp="2019-06-14T18:53:37.506">
  <scavenger-info tenureage="5" tenuremask="7fe0" tiltratio="50" />
  <memory-copied type="nursery" objects="11514" bytes="500512" bytesdiscarded="151112" />
  <finalization candidates="11" enqueued="0" />
  <references type="soft" candidates="62" cleared="0" enqueued="0" dynamicThreshold="32" maxThreshold="32" />
  <references type="weak" candidates="237" cleared="93" enqueued="90" />
  <references type="phantom" candidates="35" cleared="11" enqueued="11" />
</gc-op>
<gc-end id="20" type="scavenge" contextid="16" durationms="1.252" usertimems="0.000" systemtimems="0.000" timestamp="2019-06-14T18:53:37.506" activeThreads="4">
  <mem-info id="21" free="6450376" total="8388608" percent="76">
    <mem type="nursery" free="395488" total="2097152" percent="18">
      <mem type="allocate" free="395488" total="1048576" percent="37" />
      <mem type="survivor" free="0" total="1048576" percent="0" />
    </mem>
    <mem type="tenure" free="6054888" total="6291456" percent="96">
      <mem type="soa" free="5740520" total="5977088" percent="96" />
      <mem type="loa" free="314368" total="314368" percent="100" />
    </mem>
    <pending-finalizers system="0" default="0" reference="101" classloader="0" />
    <remembered-set count="3262" />
  </mem-info>
</gc-end>
<cycle-end id="22" type="scavenge" contextid="16" timestamp="2019-06-14T18:53:37.506" />
  <attribute name="elasticGC enabled" value="1" />
  <attribute name= "numThreadsSpecified" value="4" />
  <attribute name="heapSize specified" value="0" />
  <attribute name="Current GC Util" value="14" />
  <attribute name= "Current Time Running" value="170" />
  <attribute name ="GC Interval" value="200" />
  <attribute name="ProportionalT" value="-3.000000" />
  <attribute name="ProportionalI" value="-3.000000" />
  <attribute name="ProportionalH" value="-3.000000" />
  <attribute name="Current Error" value="-6.000000" />
  <attribute name="IntegralT" value="-2588.000000" />
  <attribute name="IntegralI" value="-2588.000000" />
  <attribute name="IntegralH" value="-2588.000000" />
  <attribute name="DerivativeT" value="-0.051724" />
  <attribute name="DerivativeI" value="-0.051724" />
  <attribute name="DerivativeH" value="-0.051724" />
  <attribute name="Loop Time for DT" value="58.000000" />
  <attribute name="Output H" value="2092630016"/>
  <attribute name="Output I" value="200"/>
  <attribute name="Output T" value="4"/>
  <attribute name="Target GC Util Change" value ="20.000000" />
  <attribute name="Current GC Util Change" value="14.000000"/>
  <attribute name="GC Util currently" value="14" />
  <attribute name="CPU Util currently" value="43" />
<allocation-satisfied id="23" threadId="0000000001BBA700" bytesRequested="80" />
<af-end id="24" timestamp="2019-06-14T18:53:37.506" threadId="0000000001BBB088" success="true" from="nursery"/>
<exclusive-end id="25" timestamp="2019-06-14T18:53:37.506" durationms="1.772" />

<exclusive-start id="26" timestamp="2019-06-14T18:53:37.705" intervalms="200.843">
  <response-info timems="0.022" idlems="0.022" threads="0" lastid="0000000001BBA700" lastname="main" />
</exclusive-start>
<af-start id="27" threadId="0000000001BBB088" totalBytesRequested="136" timestamp="2019-06-14T18:53:37.705" intervalms="200.843" type="nursery" />
<cycle-start id="28" type="scavenge" contextid="0" timestamp="2019-06-14T18:53:37.705" intervalms="200.841" />
<gc-start id="29" type="scavenge" contextid="28" timestamp="2019-06-14T18:53:37.705">
  <mem-info id="30" free="6054888" total="8388608" percent="72">
    <mem type="nursery" free="0" total="2097152" percent="0">
      <mem type="allocate" free="0" total="1048576" percent="0" />
      <mem type="survivor" free="0" total="1048576" percent="0" />
    </mem>
    <mem type="tenure" free="6054888" total="6291456" percent="96">
      <mem type="soa" free="5740520" total="5977088" percent="96" />
      <mem type="loa" free="314368" total="314368" percent="100" />
    </mem>
    <remembered-set count="3262" />
  </mem-info>
</gc-start>
<allocation-stats totalBytes="395344" >
  <allocated-bytes non-tlh="80" tlh="395264" />
  <largest-consumer threadName="main" threadId="0000000001BBA700" bytes="387152" />
</allocation-stats>
<gc-op id="31" type="scavenge" timems="1.247" contextid="28" timestamp="2019-06-14T18:53:37.707">
  <scavenger-info tenureage="4" tenuremask="7ff0" tiltratio="50" />
  <memory-copied type="nursery" objects="10890" bytes="485192" bytesdiscarded="76704" />
  <finalization candidates="11" enqueued="0" />
  <references type="soft" candidates="62" cleared="0" enqueued="0" dynamicThreshold="32" maxThreshold="32" />
  <references type="weak" candidates="144" cleared="0" enqueued="0" />
  <references type="phantom" candidates="24" cleared="0" enqueued="0" />
</gc-op>
<gc-end id="32" type="scavenge" contextid="28" durationms="1.481" usertimems="0.000" systemtimems="0.000" timestamp="2019-06-14T18:53:37.707" activeThreads="4">
  <mem-info id="33" free="6540120" total="8388608" percent="77">
    <mem type="nursery" free="485232" total="2097152" percent="23">
      <mem type="allocate" free="485232" total="1048576" percent="46" />
      <mem type="survivor" free="0" total="1048576" percent="0" />
    </mem>
    <mem type="tenure" free="6054888" total="6291456" percent="96">
      <mem type="soa" free="5740520" total="5977088" percent="96" />
      <mem type="loa" free="314368" total="314368" percent="100" />
    </mem>
    <remembered-set count="2097" />
  </mem-info>
</gc-end>
<cycle-end id="34" type="scavenge" contextid="28" timestamp="2019-06-14T18:53:37.707" />
  <attribute name="elasticGC enabled" value="1" />
  <attribute name= "numThreadsSpecified" value="4" />
  <attribute name="heapSize specified" value="0" />
  <attribute name="Current GC Util" value="1" />
  <attribute name= "Current Time Running" value="371" />
  <attribute name ="GC Interval" value="200" />
  <attribute name="ProportionalT" value="-9.500000" />
  <attribute name="ProportionalI" value="-9.500000" />
  <attribute name="ProportionalH" value="-9.500000" />
  <attribute name="Current Error" value="-19.000000" />
  <attribute name="IntegralT" value="-6407.000000" />
  <attribute name="IntegralI" value="-6407.000000" />
  <attribute name="IntegralH" value="-6407.000000" />
  <attribute name="DerivativeT" value="-0.047264" />
  <attribute name="DerivativeI" value="-0.047264" />
  <attribute name="DerivativeH" value="-0.047264" />
  <attribute name="Loop Time for DT" value="201.000000" />
  <attribute name="Output H" value="2092630016"/>
  <attribute name="Output I" value="200"/>
  <attribute name="Output T" value="4"/>
  <attribute name="Target GC Util Change" value ="20.000000" />
  <attribute name="Current GC Util Change" value="1.000000"/>
  <attribute name="GC Util currently" value="1" />
  <attribute name="CPU Util currently" value="26" />
<allocation-satisfied id="35" threadId="0000000001BBA700" bytesRequested="136" />
<af-end id="36" timestamp="2019-06-14T18:53:37.707" threadId="0000000001BBB088" success="true" from="nursery"/>
<exclusive-end id="37" timestamp="2019-06-14T18:53:37.707" durationms="2.138" />

<exclusive-start id="38" timestamp="2019-06-14T18:53:37.770" intervalms="64.673">
  <response-info timems="0.070" idlems="0.070" threads="0" lastid="0000000001BBA700" lastname="main" />
</exclusive-start>
<af-start id="39" threadId="0000000001BBB088" totalBytesRequested="16392" timestamp="2019-06-14T18:53:37.770" intervalms="64.702" type="nursery" />
<cycle-start id="40" type="scavenge" contextid="0" timestamp="2019-06-14T18:53:37.770" intervalms="64.716" />
<gc-start id="41" type="scavenge" contextid="40" timestamp="2019-06-14T18:53:37.770">
  <mem-info id="42" free="6052200" total="8388608" percent="72">
    <mem type="nursery" free="0" total="2097152" percent="0">
      <mem type="allocate" free="0" total="1048576" percent="0" />
      <mem type="survivor" free="0" total="1048576" percent="0" />
    </mem>
    <mem type="tenure" free="6052200" total="6291456" percent="96">
      <mem type="soa" free="5737832" total="5977088" percent="95" />
      <mem type="loa" free="314368" total="314368" percent="100" />
    </mem>
    <remembered-set count="2130" />
  </mem-info>
</gc-start>
<allocation-stats totalBytes="466168" >
  <allocated-bytes non-tlh="2824" tlh="463344" />
  <largest-consumer threadName="main" threadId="0000000001BBA700" bytes="466168" />
</allocation-stats>
<gc-op id="43" type="scavenge" timems="1.011" contextid="40" timestamp="2019-06-14T18:53:37.771">
  <scavenger-info tenureage="3" tenuremask="fff8" tiltratio="50" />
  <memory-copied type="nursery" objects="603" bytes="45024" bytesdiscarded="33304" />
  <memory-copied type="tenure" objects="10291" bytes="460048" bytesdiscarded="168" />
  <finalization candidates="11" enqueued="0" />
  <references type="weak" candidates="92" cleared="76" enqueued="76" />
  <references type="phantom" candidates="18" cleared="10" enqueued="10" />
</gc-op>
<gc-end id="44" type="scavenge" contextid="40" durationms="1.277" usertimems="0.000" systemtimems="4.000" timestamp="2019-06-14T18:53:37.771" activeThreads="4">
  <mem-info id="45" free="6458416" total="8388608" percent="76">
    <mem type="nursery" free="970240" total="2097152" percent="46">
      <mem type="allocate" free="970240" total="1048576" percent="92" />
      <mem type="survivor" free="0" total="1048576" percent="0" />
    </mem>
    <mem type="tenure" free="5488176" total="6291456" percent="87">
      <mem type="soa" free="5173808" total="5977088" percent="86" />
      <mem type="loa" free="314368" total="314368" percent="100" />
    </mem>
    <pending-finalizers system="0" default="0" reference="86" classloader="0" />
    <remembered-set count="1240" />
  </mem-info>
</gc-end>
<cycle-end id="46" type="scavenge" contextid="40" timestamp="2019-06-14T18:53:37.772" />
  <attribute name="elasticGC enabled" value="1" />
  <attribute name= "numThreadsSpecified" value="4" />
  <attribute name="heapSize specified" value="0" />
  <attribute name="Current GC Util" value="3" />
  <attribute name= "Current Time Running" value="436" />
  <attribute name ="GC Interval" value="200" />
  <attribute name="ProportionalT" value="-8.500000" />
  <attribute name="ProportionalI" value="-8.500000" />
  <attribute name="ProportionalH" value="-8.500000" />
  <attribute name="Current Error" value="-17.000000" />
  <attribute name="IntegralT" value="-7512.000000" />
  <attribute name="IntegralI" value="-7512.000000" />
  <attribute name="IntegralH" value="-7512.000000" />
  <attribute name="DerivativeT" value="-0.130769" />
  <attribute name="DerivativeI" value="-0.130769" />
  <attribute name="DerivativeH" value="-0.130769" />
  <attribute name="Loop Time for DT" value="65.000000" />
  <attribute name="Output H" value="2092630016"/>
  <attribute name="Output I" value="200"/>
  <attribute name="Output T" value="4"/>
  <attribute name="Target GC Util Change" value ="20.000000" />
  <attribute name="Current GC Util Change" value="3.000000"/>
  <attribute name="GC Util currently" value="3" />
  <attribute name="CPU Util currently" value="33" />
<allocation-satisfied id="47" threadId="0000000001BBA700" bytesRequested="16392" />
<af-end id="48" timestamp="2019-06-14T18:53:37.772" threadId="0000000001BBB088" success="true" from="nursery"/>
<exclusive-end id="49" timestamp="2019-06-14T18:53:37.772" durationms="1.973" />

<exclusive-start id="50" timestamp="2019-06-14T18:53:37.915" intervalms="144.951">
  <response-info timems="0.023" idlems="0.023" threads="0" lastid="0000000001BBA700" lastname="main" />
</exclusive-start>
<af-start id="51" threadId="0000000001BBB088" totalBytesRequested="2056" timestamp="2019-06-14T18:53:37.915" intervalms="144.909" type="nursery" />
<cycle-start id="52" type="scavenge" contextid="0" timestamp="2019-06-14T18:53:37.915" intervalms="144.879" />
<gc-start id="53" type="scavenge" contextid="52" timestamp="2019-06-14T18:53:37.915">
  <mem-info id="54" free="5483592" total="8388608" percent="65">
    <mem type="nursery" free="0" total="2097152" percent="0">
      <mem type="allocate" free="0" total="1048576" percent="0" />
      <mem type="survivor" free="0" total="1048576" percent="0" />
    </mem>
    <mem type="tenure" free="5483592" total="6291456" percent="87">
      <mem type="soa" free="5169224" total="5977088" percent="86" />
      <mem type="loa" free="314368" total="314368" percent="100" />
    </mem>
    <remembered-set count="1323" />
  </mem-info>
</gc-start>
<allocation-stats totalBytes="963880" >
  <allocated-bytes non-tlh="20976" tlh="942904" />
  <largest-consumer threadName="main" threadId="0000000001BBA700" bytes="963880" />
</allocation-stats>
<gc-op id="55" type="scavenge" timems="0.454" contextid="52" timestamp="2019-06-14T18:53:37.916">
  <scavenger-info tenureage="4" tenuremask="fff0" tiltratio="50" />
  <memory-copied type="nursery" objects="745" bytes="112696" bytesdiscarded="14736" />
  <finalization candidates="3" enqueued="1" />
  <references type="soft" candidates="1" cleared="0" enqueued="0" dynamicThreshold="32" maxThreshold="32" />
  <references type="weak" candidates="66" cleared="50" enqueued="50" />
  <references type="phantom" candidates="21" cleared="10" enqueued="10" />
</gc-op>
<gc-end id="56" type="scavenge" contextid="52" durationms="0.631" usertimems="4.000" systemtimems="0.000" timestamp="2019-06-14T18:53:37.916" activeThreads="4">
  <mem-info id="57" free="6404648" total="8388608" percent="76">
    <mem type="nursery" free="921056" total="2097152" percent="43">
      <mem type="allocate" free="921056" total="1048576" percent="87" />
      <mem type="survivor" free="0" total="1048576" percent="0" />
    </mem>
    <mem type="tenure" free="5483592" total="6291456" percent="87">
      <mem type="soa" free="5169224" total="5977088" percent="86" />
      <mem type="loa" free="314368" total="314368" percent="100" />
    </mem>
    <pending-finalizers system="1" default="0" reference="60" classloader="0" />
    <remembered-set count="1323" />
  </mem-info>
</gc-end>
<cycle-end id="58" type="scavenge" contextid="52" timestamp="2019-06-14T18:53:37.916" />
  <attribute name="elasticGC enabled" value="1" />
  <attribute name= "numThreadsSpecified" value="4" />
  <attribute name="heapSize specified" value="0" />
  <attribute name="Current GC Util" value="1" />
  <attribute name= "Current Time Running" value="581" />
  <attribute name ="GC Interval" value="200" />
  <attribute name="ProportionalT" value="-9.500000" />
  <attribute name="ProportionalI" value="-9.500000" />
  <attribute name="ProportionalH" value="-9.500000" />
  <attribute name="Current Error" value="-19.000000" />
  <attribute name="IntegralT" value="-10267.000000" />
  <attribute name="IntegralI" value="-10267.000000" />
  <attribute name="IntegralH" value="-10267.000000" />
  <attribute name="DerivativeT" value="-0.065517" />
  <attribute name="DerivativeI" value="-0.065517" />
  <attribute name="DerivativeH" value="-0.065517" />
  <attribute name="Loop Time for DT" value="145.000000" />
  <attribute name="Output H" value="2092630016"/>
  <attribute name="Output I" value="200"/>
  <attribute name="Output T" value="4"/>
  <attribute name="Target GC Util Change" value ="20.000000" />
  <attribute name="Current GC Util Change" value="1.000000"/>
  <attribute name="GC Util currently" value="1" />
  <attribute name="CPU Util currently" value="16" />
<allocation-satisfied id="59" threadId="0000000001BBA700" bytesRequested="2056" />
<af-end id="60" timestamp="2019-06-14T18:53:37.916" threadId="0000000001BBB088" success="true" from="nursery"/>
<exclusive-end id="61" timestamp="2019-06-14T18:53:37.916" durationms="1.066" />

<exclusive-start id="62" timestamp="2019-06-14T18:53:37.988" intervalms="72.908">
  <response-info timems="0.024" idlems="0.024" threads="0" lastid="0000000001BBA700" lastname="main" />
</exclusive-start>
<af-start id="63" threadId="0000000001BBB088" totalBytesRequested="2056" timestamp="2019-06-14T18:53:37.988" intervalms="72.894" type="nursery" />
<cycle-start id="64" type="scavenge" contextid="0" timestamp="2019-06-14T18:53:37.988" intervalms="72.896" />
<gc-start id="65" type="scavenge" contextid="64" timestamp="2019-06-14T18:53:37.988">
  <mem-info id="66" free="5483592" total="8388608" percent="65">
    <mem type="nursery" free="0" total="2097152" percent="0">
      <mem type="allocate" free="0" total="1048576" percent="0" />
      <mem type="survivor" free="0" total="1048576" percent="0" />
    </mem>
    <mem type="tenure" free="5483592" total="6291456" percent="87">
      <mem type="soa" free="5169224" total="5977088" percent="86" />
      <mem type="loa" free="314368" total="314368" percent="100" />
    </mem>
    <remembered-set count="1323" />
  </mem-info>
</gc-start>
<allocation-stats totalBytes="914640" >
  <allocated-bytes non-tlh="2056" tlh="912584" />
  <largest-consumer threadName="main" threadId="0000000001BBA700" bytes="914640" />
</allocation-stats>
<gc-op id="67" type="scavenge" timems="0.317" contextid="64" timestamp="2019-06-14T18:53:37.988">
  <scavenger-info tenureage="3" tenuremask="fff8" tiltratio="50" />
  <memory-copied type="nursery" objects="299" bytes="81624" bytesdiscarded="13032" />
  <memory-copied type="tenure" objects="302" bytes="16080" bytesdiscarded="16" />
  <finalization candidates="2" enqueued="0" />
  <references type="soft" candidates="1" cleared="0" enqueued="0" dynamicThreshold="32" maxThreshold="32" />
  <references type="weak" candidates="2" cleared="0" enqueued="0" />
  <references type="phantom" candidates="5" cleared="0" enqueued="0" />
</gc-op>
<gc-end id="68" type="scavenge" contextid="64" durationms="0.526" usertimems="0.000" systemtimems="0.000" timestamp="2019-06-14T18:53:37.988" activeThreads="4">
  <mem-info id="69" free="6529336" total="8388608" percent="77">
    <mem type="nursery" free="1084912" total="2097152" percent="51">
      <mem type="allocate" free="1084912" total="1179648" percent="91" />
      <mem type="survivor" free="0" total="917504" percent="0" />
    </mem>
    <mem type="tenure" free="5444424" total="6291456" percent="86">
      <mem type="soa" free="5130056" total="5977088" percent="85" />
      <mem type="loa" free="314368" total="314368" percent="100" />
    </mem>
    <remembered-set count="157" />
  </mem-info>
</gc-end>
<cycle-end id="70" type="scavenge" contextid="64" timestamp="2019-06-14T18:53:37.988" />
  <attribute name="elasticGC enabled" value="1" />
  <attribute name= "numThreadsSpecified" value="4" />
  <attribute name="heapSize specified" value="0" />
  <attribute name="Current GC Util" value="0" />
  <attribute name= "Current Time Running" value="654" />
  <attribute name ="GC Interval" value="200" />
  <attribute name="ProportionalT" value="-10.000000" />
  <attribute name="ProportionalI" value="-10.000000" />
  <attribute name="ProportionalH" value="-10.000000" />
  <attribute name="Current Error" value="-20.000000" />
  <attribute name="IntegralT" value="-1460.000000" />
  <attribute name="IntegralI" value="-1460.000000" />
  <attribute name="IntegralH" value="-1460.000000" />
  <attribute name="DerivativeT" value="-0.136986" />
  <attribute name="DerivativeI" value="-0.136986" />
  <attribute name="DerivativeH" value="-0.136986" />
  <attribute name="Loop Time for DT" value="73.000000" />
  <attribute name="Output H" value="2092630016"/>
  <attribute name="Output I" value="200"/>
  <attribute name="Output T" value="4"/>
  <attribute name="Target GC Util Change" value ="20.000000" />
  <attribute name="Current GC Util Change" value="0.000000"/>
  <attribute name="GC Util currently" value="0" />
  <attribute name="CPU Util currently" value="18" />
<allocation-satisfied id="71" threadId="0000000001BBA700" bytesRequested="2056" />
<af-end id="72" timestamp="2019-06-14T18:53:37.989" threadId="0000000001BBB088" success="true" from="nursery"/>
<exclusive-end id="73" timestamp="2019-06-14T18:53:37.989" durationms="0.942" />

<exclusive-start id="74" timestamp="2019-06-14T18:53:38.075" intervalms="87.061">
  <response-info timems="0.025" idlems="0.025" threads="0" lastid="0000000001BBA700" lastname="main" />
</exclusive-start>
<af-start id="75" threadId="0000000001BBB088" totalBytesRequested="2056" timestamp="2019-06-14T18:53:38.075" intervalms="87.073" type="nursery" />
<cycle-start id="76" type="scavenge" contextid="0" timestamp="2019-06-14T18:53:38.075" intervalms="87.074" />
<gc-start id="77" type="scavenge" contextid="76" timestamp="2019-06-14T18:53:38.075">
  <mem-info id="78" free="5444424" total="8388608" percent="64">
    <mem type="nursery" free="0" total="2097152" percent="0">
      <mem type="allocate" free="0" total="1179648" percent="0" />
      <mem type="survivor" free="0" total="917504" percent="0" />
    </mem>
    <mem type="tenure" free="5444424" total="6291456" percent="86">
      <mem type="soa" free="5130056" total="5977088" percent="85" />
      <mem type="loa" free="314368" total="314368" percent="100" />
    </mem>
    <remembered-set count="157" />
  </mem-info>
</gc-start>
<allocation-stats totalBytes="1077656" >
  <allocated-bytes non-tlh="4112" tlh="1073544" />
  <largest-consumer threadName="main" threadId="0000000001BBA700" bytes="1077656" />
</allocation-stats>
<gc-op id="79" type="scavenge" timems="0.259" contextid="76" timestamp="2019-06-14T18:53:38.075">
  <scavenger-info tenureage="5" tenuremask="ffe0" tiltratio="56" />
  <memory-copied type="nursery" objects="298" bytes="79568" bytesdiscarded="23280" />
  <finalization candidates="2" enqueued="0" />
  <references type="soft" candidates="1" cleared="0" enqueued="0" dynamicThreshold="32" maxThreshold="32" />
  <references type="weak" candidates="2" cleared="0" enqueued="0" />
  <references type="phantom" candidates="5" cleared="0" enqueued="0" />
</gc-op>
<gc-end id="80" type="scavenge" contextid="76" durationms="0.448" usertimems="0.000" systemtimems="0.000" timestamp="2019-06-14T18:53:38.075" activeThreads="4">
  <mem-info id="81" free="6652216" total="8388608" percent="79">
    <mem type="nursery" free="1207792" total="2097152" percent="57">
      <mem type="allocate" free="1207792" total="1310720" percent="92" />
      <mem type="survivor" free="0" total="786432" percent="0" />
    </mem>
    <mem type="tenure" free="5444424" total="6291456" percent="86">
      <mem type="soa" free="5130056" total="5977088" percent="85" />
      <mem type="loa" free="314368" total="314368" percent="100" />
    </mem>
    <remembered-set count="86" />
  </mem-info>
</gc-end>
<cycle-end id="82" type="scavenge" contextid="76" timestamp="2019-06-14T18:53:38.075" />
  <attribute name="elasticGC enabled" value="1" />
  <attribute name= "numThreadsSpecified" value="4" />
  <attribute name="heapSize specified" value="0" />
  <attribute name="Current GC Util" value="0" />
  <attribute name= "Current Time Running" value="741" />
  <attribute name ="GC Interval" value="200" />
  <attribute name="ProportionalT" value="-10.000000" />
  <attribute name="ProportionalI" value="-10.000000" />
  <attribute name="ProportionalH" value="-10.000000" />
  <attribute name="Current Error" value="-20.000000" />
  <attribute name="IntegralT" value="-1740.000000" />
  <attribute name="IntegralI" value="-1740.000000" />
  <attribute name="IntegralH" value="-1740.000000" />
  <attribute name="DerivativeT" value="-0.114943" />
  <attribute name="DerivativeI" value="-0.114943" />
  <attribute name="DerivativeH" value="-0.114943" />
  <attribute name="Loop Time for DT" value="87.000000" />
  <attribute name="Output H" value="2092630016"/>
  <attribute name="Output I" value="200"/>
  <attribute name="Output T" value="4"/>
  <attribute name="Target GC Util Change" value ="20.000000" />
  <attribute name="Current GC Util Change" value="0.000000"/>
  <attribute name="GC Util currently" value="0" />
  <attribute name="CPU Util currently" value="6" />
<allocation-satisfied id="83" threadId="0000000001BBA700" bytesRequested="2056" />
<af-end id="84" timestamp="2019-06-14T18:53:38.076" threadId="0000000001BBB088" success="true" from="nursery"/>
<exclusive-end id="85" timestamp="2019-06-14T18:53:38.076" durationms="0.891" />

<exclusive-start id="86" timestamp="2019-06-14T18:53:38.161" intervalms="86.118">
  <response-info timems="0.040" idlems="0.040" threads="0" lastid="0000000001BBA700" lastname="main" />
</exclusive-start>
<sys-start reason="explicit" id="87" timestamp="2019-06-14T18:53:38.161" intervalms="994.725" />
<cycle-start id="88" type="global" contextid="0" timestamp="2019-06-14T18:53:38.161" intervalms="994.979" />
<gc-start id="89" type="global" contextid="88" timestamp="2019-06-14T18:53:38.161">
  <mem-info id="90" free="5531800" total="8388608" percent="65">
    <mem type="nursery" free="94376" total="2097152" percent="4">
      <mem type="allocate" free="94376" total="1310720" percent="7" />
      <mem type="survivor" free="0" total="786432" percent="0" />
    </mem>
    <mem type="tenure" free="5437424" total="6291456" percent="86">
      <mem type="soa" free="5123056" total="5977088" percent="85" />
      <mem type="loa" free="314368" total="314368" percent="100" />
    </mem>
    <remembered-set count="164" />
  </mem-info>
</gc-start>
<allocation-stats totalBytes="1096840" >
  <allocated-bytes non-tlh="174240" tlh="922600" />
  <largest-consumer threadName="main" threadId="0000000001BBA700" bytes="1096840" />
</allocation-stats>
<gc-op id="91" type="mark" timems="1.356" contextid="88" timestamp="2019-06-14T18:53:38.163">
  <trace-info objectcount="16928" scancount="13945" scanbytes="446088" />
  <finalization candidates="13" enqueued="0" />
  <references type="soft" candidates="66" cleared="0" enqueued="0" dynamicThreshold="32" maxThreshold="32" />
  <references type="weak" candidates="172" cleared="43" enqueued="35" />
  <references type="phantom" candidates="34" cleared="4" enqueued="4" />
  <stringconstants candidates="2456" cleared="0"  />
</gc-op>
<gc-op id="92" type="classunload" timems="0.090" contextid="88" timestamp="2019-06-14T18:53:38.163">
  <classunload-info classloadercandidates="6" classloadersunloaded="0" classesunloaded="0" anonymousclassesunloaded="0" quiescems="0.000" setupms="0.089" scanms="0.001" postms="0.000" />
</gc-op>
<gc-op id="93" type="sweep" timems="0.557" contextid="88" timestamp="2019-06-14T18:53:38.164" />
<mem-info id="94" free="6597680" total="8388608" percent="78">
  <mem type="nursery" free="1034824" total="2097152" percent="49">
    <mem type="allocate" free="1034824" total="1310720" percent="78" />
    <mem type="survivor" free="0" total="786432" percent="0" />
  </mem>
  <mem type="tenure" free="5562856" total="6291456" percent="88" micro-fragmented="2048" macro-fragmented="0">
    <mem type="soa" free="5248488" total="5977088" percent="87" />
    <mem type="loa" free="314368" total="314368" percent="100" />
  </mem>
  <pending-finalizers system="0" default="0" reference="39" classloader="0" />
  <remembered-set count="163" />
</mem-info>
<gc-op id="95" type="compact" timems="3.475" contextid="88" timestamp="2019-06-14T18:53:38.167">
  <compact-info movecount="12490" movebytes="800272" reason="compact to aid heap contraction" />
</gc-op>
<gc-end id="96" type="global" contextid="88" durationms="6.752" usertimems="4.000" systemtimems="4.000" timestamp="2019-06-14T18:53:38.168" activeThreads="4">
  <mem-info id="97" free="6617536" total="8388608" percent="78">
    <mem type="nursery" free="1052488" total="2097152" percent="50">
      <mem type="allocate" free="1052488" total="1310720" percent="80" />
      <mem type="survivor" free="0" total="786432" percent="0" />
    </mem>
    <mem type="tenure" free="5565048" total="6291456" percent="88">
      <mem type="soa" free="5250680" total="5977088" percent="87" />
      <mem type="loa" free="314368" total="314368" percent="100" />
    </mem>
    <pending-finalizers system="0" default="0" reference="39" classloader="0" />
    <remembered-set count="163" />
  </mem-info>
</gc-end>
<cycle-end id="98" type="global" contextid="88" timestamp="2019-06-14T18:53:38.168" />
  <attribute name="elasticGC enabled" value="1" />
  <attribute name= "numThreadsSpecified" value="4" />
  <attribute name="heapSize specified" value="8388608" />
  <attribute name="Current GC Util" value="28" />
  <attribute name= "Current Time Running" value="833" />
  <attribute name ="GC Interval" value="200" />
  <attribute name="ProportionalT" value="4.000000" />
  <attribute name="ProportionalI" value="4.000000" />
  <attribute name="ProportionalH" value="4.000000" />
  <attribute name="Current Error" value="8.000000" />
  <attribute name="IntegralT" value="24.000000" />
  <attribute name="IntegralI" value="24.000000" />
  <attribute name="IntegralH" value="24.000000" />
  <attribute name="DerivativeT" value="0.500000" />
  <attribute name="DerivativeI" value="0.500000" />
  <attribute name="DerivativeH" value="0.500000" />
  <attribute name="Loop Time for DT" value="3.000000" />
  <attribute name="Output H" value="8388608"/>
  <attribute name="Output I" value="200"/>
  <attribute name="Output T" value="4"/>
  <attribute name="Target GC Util Change" value ="20.000000" />
  <attribute name="Current GC Util Change" value="28.000000"/>
  <attribute name="GC Util currently" value="28" />
  <attribute name="CPU Util currently" value="1275427600992" />
<sys-end id="99" timestamp="2019-06-14T18:53:38.168" />
<exclusive-end id="100" timestamp="2019-06-14T18:53:38.168" durationms="7.630" />

<exclusive-start id="101" timestamp="2019-06-14T18:53:38.218" intervalms="56.643">
  <response-info timems="0.022" idlems="0.022" threads="0" lastid="0000000001BBA700" lastname="main" />
</exclusive-start>
<af-start id="102" threadId="0000000001BBB088" totalBytesRequested="224" timestamp="2019-06-14T18:53:38.218" intervalms="142.756" type="nursery" />
<cycle-start id="103" type="scavenge" contextid="0" timestamp="2019-06-14T18:53:38.218" intervalms="142.759" />
<gc-start id="104" type="scavenge" contextid="103" timestamp="2019-06-14T18:53:38.218">
  <mem-info id="105" free="5502328" total="8388608" percent="65">
    <mem type="nursery" free="0" total="2097152" percent="0">
      <mem type="allocate" free="0" total="1310720" percent="0" />
      <mem type="survivor" free="0" total="786432" percent="0" />
    </mem>
    <mem type="tenure" free="5502328" total="6291456" percent="87">
      <mem type="soa" free="5187960" total="5977088" percent="86" />
      <mem type="loa" free="314368" total="314368" percent="100" />
    </mem>
    <remembered-set count="569" />
  </mem-info>
</gc-start>
<allocation-stats totalBytes="1113472" >
  <allocated-bytes non-tlh="62720" tlh="1050752" />
  <largest-consumer threadName="main" threadId="0000000001BBA700" bytes="1109376" />
</allocation-stats>
<gc-op id="106" type="scavenge" timems="0.435" contextid="103" timestamp="2019-06-14T18:53:38.218">
  <scavenger-info tenureage="3" tenuremask="fff8" tiltratio="62" />
  <memory-copied type="nursery" objects="2271" bytes="290088" bytesdiscarded="54456" />
  <memory-copied type="tenure" objects="231" bytes="57800" bytesdiscarded="0" />
  <finalization candidates="2" enqueued="0" />
  <references type="soft" candidates="3" cleared="0" enqueued="0" dynamicThreshold="28" maxThreshold="32" />
  <references type="weak" candidates="32" cleared="31" enqueued="31" />
  <references type="phantom" candidates="6" cleared="0" enqueued="0" />
</gc-op>
<gc-end id="107" type="scavenge" contextid="103" durationms="0.631" usertimems="0.000" systemtimems="0.000" timestamp="2019-06-14T18:53:38.218" activeThreads="4">
  <mem-info id="108" free="6439232" total="8388608" percent="76">
    <mem type="nursery" free="1031640" total="2097152" percent="49">
      <mem type="allocate" free="1031640" total="1376256" percent="74" />
      <mem type="survivor" free="0" total="720896" percent="0" />
    </mem>
    <mem type="tenure" free="5407592" total="6291456" percent="85">
      <mem type="soa" free="5093224" total="5977088" percent="85" />
      <mem type="loa" free="314368" total="314368" percent="100" />
    </mem>
    <pending-finalizers system="0" default="0" reference="31" classloader="0" />
    <remembered-set count="549" />
  </mem-info>
</gc-end>
<cycle-end id="109" type="scavenge" contextid="103" timestamp="2019-06-14T18:53:38.218" />
  <attribute name="elasticGC enabled" value="1" />
  <attribute name= "numThreadsSpecified" value="4" />
  <attribute name="heapSize specified" value="8388608" />
  <attribute name="Current GC Util" value="9" />
  <attribute name= "Current Time Running" value="884" />
  <attribute name ="GC Interval" value="200" />
  <attribute name="ProportionalT" value="-5.500000" />
  <attribute name="ProportionalI" value="-5.500000" />
  <attribute name="ProportionalH" value="-5.500000" />
  <attribute name="Current Error" value="-11.000000" />
  <attribute name="IntegralT" value="-561.000000" />
  <attribute name="IntegralI" value="-561.000000" />
  <attribute name="IntegralH" value="-561.000000" />
  <attribute name="DerivativeT" value="-0.186275" />
  <attribute name="DerivativeI" value="-0.186275" />
  <attribute name="DerivativeH" value="-0.186275" />
  <attribute name="Loop Time for DT" value="51.000000" />
  <attribute name="Output H" value="2092630016"/>
  <attribute name="Output I" value="200"/>
  <attribute name="Output T" value="4"/>
  <attribute name="Target GC Util Change" value ="20.000000" />
  <attribute name="Current GC Util Change" value="9.000000"/>
  <attribute name="GC Util currently" value="9" />
  <attribute name="CPU Util currently" value="3" />
<allocation-satisfied id="110" threadId="0000000001BBA700" bytesRequested="224" />
<af-end id="111" timestamp="2019-06-14T18:53:38.219" threadId="0000000001BBB088" success="true" from="nursery"/>
<exclusive-end id="112" timestamp="2019-06-14T18:53:38.219" durationms="1.084" />

<exclusive-start id="113" timestamp="2019-06-14T18:53:38.277" intervalms="59.410">
  <response-info timems="0.042" idlems="0.042" threads="0" lastid="0000000001BBA700" lastname="main" />
</exclusive-start>
<af-start id="114" threadId="0000000001BBB088" totalBytesRequested="520" timestamp="2019-06-14T18:53:38.277" intervalms="59.418" type="nursery" />
<cycle-start id="115" type="scavenge" contextid="0" timestamp="2019-06-14T18:53:38.277" intervalms="59.419" />
<gc-start id="116" type="scavenge" contextid="115" timestamp="2019-06-14T18:53:38.277">
  <mem-info id="117" free="5373736" total="8388608" percent="64">
    <mem type="nursery" free="0" total="2097152" percent="0">
      <mem type="allocate" free="0" total="1376256" percent="0" />
      <mem type="survivor" free="0" total="720896" percent="0" />
    </mem>
    <mem type="tenure" free="5373736" total="6291456" percent="85">
      <mem type="soa" free="5059368" total="5977088" percent="84" />
      <mem type="loa" free="314368" total="314368" percent="100" />
    </mem>
    <remembered-set count="959" />
  </mem-info>
</gc-start>
<allocation-stats totalBytes="1062688" >
  <allocated-bytes non-tlh="34080" tlh="1028608" />
  <largest-consumer threadName="main" threadId="0000000001BBA700" bytes="1062688" />
</allocation-stats>
<gc-op id="118" type="scavenge" timems="0.394" contextid="115" timestamp="2019-06-14T18:53:38.278">
  <scavenger-info tenureage="3" tenuremask="ffc8" tiltratio="65" />
  <memory-copied type="nursery" objects="2449" bytes="350496" bytesdiscarded="22488" />
  <references type="soft" candidates="3" cleared="0" enqueued="0" dynamicThreshold="28" maxThreshold="32" />
  <references type="weak" candidates="3" cleared="2" enqueued="2" />
  <references type="phantom" candidates="7" cleared="0" enqueued="0" />
</gc-op>
<gc-end id="119" type="scavenge" contextid="115" durationms="0.600" usertimems="0.000" systemtimems="0.000" timestamp="2019-06-14T18:53:38.278" activeThreads="4">
  <mem-info id="120" free="6573528" total="8388608" percent="78">
    <mem type="nursery" free="1199792" total="2097152" percent="57">
      <mem type="allocate" free="1199792" total="1572864" percent="76" />
      <mem type="survivor" free="0" total="524288" percent="0" />
    </mem>
    <mem type="tenure" free="5373736" total="6291456" percent="85">
      <mem type="soa" free="5059368" total="5977088" percent="84" />
      <mem type="loa" free="314368" total="314368" percent="100" />
    </mem>
    <pending-finalizers system="0" default="0" reference="2" classloader="0" />
    <remembered-set count="957" />
  </mem-info>
</gc-end>
<cycle-end id="121" type="scavenge" contextid="115" timestamp="2019-06-14T18:53:38.278" />
  <attribute name="elasticGC enabled" value="1" />
  <attribute name= "numThreadsSpecified" value="4" />
  <attribute name="heapSize specified" value="8388608" />
  <attribute name="Current GC Util" value="1" />
  <attribute name= "Current Time Running" value="943" />
  <attribute name ="GC Interval" value="200" />
  <attribute name="ProportionalT" value="-9.500000" />
  <attribute name="ProportionalI" value="-9.500000" />
  <attribute name="ProportionalH" value="-9.500000" />
  <attribute name="Current Error" value="-19.000000" />
  <attribute name="IntegralT" value="-1121.000000" />
  <attribute name="IntegralI" value="-1121.000000" />
  <attribute name="IntegralH" value="-1121.000000" />
  <attribute name="DerivativeT" value="-0.161017" />
  <attribute name="DerivativeI" value="-0.161017" />
  <attribute name="DerivativeH" value="-0.161017" />
  <attribute name="Loop Time for DT" value="59.000000" />
  <attribute name="Output H" value="2092630016"/>
  <attribute name="Output I" value="200"/>
  <attribute name="Output T" value="4"/>
  <attribute name="Target GC Util Change" value ="20.000000" />
  <attribute name="Current GC Util Change" value="1.000000"/>
  <attribute name="GC Util currently" value="1" />
  <attribute name="CPU Util currently" value="10" />
<allocation-satisfied id="122" threadId="0000000001BBA700" bytesRequested="520" />
<af-end id="123" timestamp="2019-06-14T18:53:38.278" threadId="0000000001BBB088" success="true" from="nursery"/>
<exclusive-end id="124" timestamp="2019-06-14T18:53:38.278" durationms="1.054" />

<exclusive-start id="125" timestamp="2019-06-14T18:53:38.647" intervalms="370.290">
  <response-info timems="0.081" idlems="0.081" threads="0" lastid="0000000001BBA700" lastname="main" />
</exclusive-start>
<af-start id="126" threadId="0000000001BBB088" totalBytesRequested="824" timestamp="2019-06-14T18:53:38.647" intervalms="370.342" type="nursery" />
<cycle-start id="127" type="scavenge" contextid="0" timestamp="2019-06-14T18:53:38.647" intervalms="370.388" />
<gc-start id="128" type="scavenge" contextid="127" timestamp="2019-06-14T18:53:38.648">
  <mem-info id="129" free="5354032" total="8388608" percent="63">
    <mem type="nursery" free="0" total="2097152" percent="0">
      <mem type="allocate" free="0" total="1572864" percent="0" />
      <mem type="survivor" free="0" total="524288" percent="0" />
    </mem>
    <mem type="tenure" free="5354032" total="6291456" percent="85">
      <mem type="soa" free="5039664" total="5977088" percent="84" />
      <mem type="loa" free="314368" total="314368" percent="100" />
    </mem>
    <remembered-set count="1229" />
  </mem-info>
</gc-start>
<allocation-stats totalBytes="1217296" >
  <allocated-bytes non-tlh="20224" tlh="1197072" />
  <largest-consumer threadName="main" threadId="0000000001BBA700" bytes="1217296" />
</allocation-stats>
<gc-op id="130" type="scavenge" timems="0.932" contextid="127" timestamp="2019-06-14T18:53:38.649">
  <scavenger-info tenureage="3" tenuremask="fff8" tiltratio="75" />
  <memory-copied type="nursery" objects="7962" bytes="524152" bytesdiscarded="48" />
  <memory-copied type="tenure" objects="5635" bytes="130904" bytesdiscarded="8" />
  <copy-failed type="nursery" objects="5635" bytes="130904" />
  <references type="soft" candidates="3" cleared="0" enqueued="0" dynamicThreshold="28" maxThreshold="32" />
  <references type="weak" candidates="8" cleared="7" enqueued="7" />
  <references type="phantom" candidates="8" cleared="2" enqueued="2" />
</gc-op>
<gc-end id="131" type="scavenge" contextid="127" durationms="1.195" usertimems="0.000" systemtimems="0.000" timestamp="2019-06-14T18:53:38.649" activeThreads="4">
  <mem-info id="132" free="5677104" total="8388608" percent="67">
    <mem type="nursery" free="524288" total="2097152" percent="25">
      <mem type="allocate" free="524288" total="1048576" percent="50" />
      <mem type="survivor" free="0" total="1048576" percent="0" />
    </mem>
    <mem type="tenure" free="5152816" total="6291456" percent="81">
      <mem type="soa" free="4838448" total="5977088" percent="80" />
      <mem type="loa" free="314368" total="314368" percent="100" />
    </mem>
    <pending-finalizers system="0" default="0" reference="9" classloader="0" />
    <remembered-set count="5858" />
  </mem-info>
</gc-end>
<cycle-end id="133" type="scavenge" contextid="127" timestamp="2019-06-14T18:53:38.649" />
  <attribute name="elasticGC enabled" value="1" />
  <attribute name= "numThreadsSpecified" value="4" />
  <attribute name="heapSize specified" value="8388608" />
  <attribute name="Current GC Util" value="0" />
  <attribute name= "Current Time Running" value="1313" />
  <attribute name ="GC Interval" value="200" />
  <attribute name="ProportionalT" value="-10.000000" />
  <attribute name="ProportionalI" value="-10.000000" />
  <attribute name="ProportionalH" value="-10.000000" />
  <attribute name="Current Error" value="-20.000000" />
  <attribute name="IntegralT" value="-7400.000000" />
  <attribute name="IntegralI" value="-7400.000000" />
  <attribute name="IntegralH" value="-7400.000000" />
  <attribute name="DerivativeT" value="-0.027027" />
  <attribute name="DerivativeI" value="-0.027027" />
  <attribute name="DerivativeH" value="-0.027027" />
  <attribute name="Loop Time for DT" value="370.000000" />
  <attribute name="Output H" value="2092630016"/>
  <attribute name="Output I" value="200"/>
  <attribute name="Output T" value="4"/>
  <attribute name="Target GC Util Change" value ="20.000000" />
  <attribute name="Current GC Util Change" value="0.000000"/>
  <attribute name="GC Util currently" value="0" />
  <attribute name="CPU Util currently" value="10" />
<allocation-satisfied id="134" threadId="0000000001BBA700" bytesRequested="824" />
<af-end id="135" timestamp="2019-06-14T18:53:38.649" threadId="0000000001BBB088" success="true" from="nursery"/>
<exclusive-end id="136" timestamp="2019-06-14T18:53:38.649" durationms="1.783" />

<exclusive-start id="137" timestamp="2019-06-14T18:53:38.663" intervalms="15.673">
  <response-info timems="0.031" idlems="0.031" threads="0" lastid="0000000001BBA700" lastname="main" />
</exclusive-start>
<af-start id="138" threadId="0000000001BBB088" totalBytesRequested="31752" timestamp="2019-06-14T18:53:38.663" intervalms="15.641" type="nursery" />
<cycle-start id="139" type="scavenge" contextid="0" timestamp="2019-06-14T18:53:38.663" intervalms="15.613" />
<gc-start id="140" type="scavenge" contextid="139" timestamp="2019-06-14T18:53:38.663">
  <mem-info id="141" free="5134992" total="8388608" percent="61">
    <mem type="nursery" free="0" total="2097152" percent="0">
      <mem type="allocate" free="0" total="1048576" percent="0" />
      <mem type="survivor" free="0" total="1048576" percent="0" />
    </mem>
    <mem type="tenure" free="5134992" total="6291456" percent="81">
      <mem type="soa" free="4820624" total="5977088" percent="80" />
      <mem type="loa" free="314368" total="314368" percent="100" />
    </mem>
    <remembered-set count="6222" />
  </mem-info>
</gc-start>
<allocation-stats totalBytes="499240" >
  <allocated-bytes non-tlh="65976" tlh="433264" />
  <largest-consumer threadName="main" threadId="0000000001BBA700" bytes="499240" />
</allocation-stats>
<gc-op id="142" type="scavenge" timems="0.815" contextid="139" timestamp="2019-06-14T18:53:38.664">
  <scavenger-info tenureage="3" tenuremask="fff8" tiltratio="50" />
  <memory-copied type="nursery" objects="6815" bytes="328472" bytesdiscarded="164880" />
  <memory-copied type="tenure" objects="2121" bytes="285016" bytesdiscarded="384" />
  <references type="weak" candidates="1" cleared="0" enqueued="0" />
  <references type="phantom" candidates="1" cleared="0" enqueued="0" />
</gc-op>
<gc-end id="143" type="scavenge" contextid="139" durationms="1.015" usertimems="0.000" systemtimems="0.000" timestamp="2019-06-14T18:53:38.664" activeThreads="4">
  <mem-info id="144" free="5450752" total="8388608" percent="64">
    <mem type="nursery" free="620720" total="2097152" percent="29">
      <mem type="allocate" free="620720" total="1114112" percent="55" />
      <mem type="survivor" free="0" total="983040" percent="0" />
    </mem>
    <mem type="tenure" free="4830032" total="6291456" percent="76">
      <mem type="soa" free="4515664" total="5977088" percent="75" />
      <mem type="loa" free="314368" total="314368" percent="100" />
    </mem>
    <remembered-set count="5784" />
  </mem-info>
</gc-end>
<cycle-end id="145" type="scavenge" contextid="139" timestamp="2019-06-14T18:53:38.664" />
  <attribute name="elasticGC enabled" value="1" />
  <attribute name= "numThreadsSpecified" value="4" />
  <attribute name="heapSize specified" value="8388608" />
  <attribute name="Current GC Util" value="12" />
  <attribute name= "Current Time Running" value="1329" />
  <attribute name ="GC Interval" value="200" />
  <attribute name="ProportionalT" value="-4.000000" />
  <attribute name="ProportionalI" value="-4.000000" />
  <attribute name="ProportionalH" value="-4.000000" />
  <attribute name="Current Error" value="-8.000000" />
  <attribute name="IntegralT" value="-128.000000" />
  <attribute name="IntegralI" value="-128.000000" />
  <attribute name="IntegralH" value="-128.000000" />
  <attribute name="DerivativeT" value="-0.250000" />
  <attribute name="DerivativeI" value="-0.250000" />
  <attribute name="DerivativeH" value="-0.250000" />
  <attribute name="Loop Time for DT" value="16.000000" />
  <attribute name="Output H" value="2092630016"/>
  <attribute name="Output I" value="200"/>
  <attribute name="Output T" value="4"/>
  <attribute name="Target GC Util Change" value ="20.000000" />
  <attribute name="Current GC Util Change" value="12.000000"/>
  <attribute name="GC Util currently" value="12" />
  <attribute name="CPU Util currently" value="296937703112" />
<allocation-satisfied id="146" threadId="0000000001BBA700" bytesRequested="31752" />
<af-end id="147" timestamp="2019-06-14T18:53:38.664" threadId="0000000001BBB088" success="true" from="nursery"/>
<exclusive-end id="148" timestamp="2019-06-14T18:53:38.664" durationms="1.493" />

<exclusive-start id="149" timestamp="2019-06-14T18:53:38.801" intervalms="137.847">
  <response-info timems="0.023" idlems="0.023" threads="0" lastid="0000000001BBA700" lastname="main" />
</exclusive-start>
<af-start id="150" threadId="0000000001BBB088" totalBytesRequested="224" timestamp="2019-06-14T18:53:38.801" intervalms="137.835" type="nursery" />
<cycle-start id="151" type="scavenge" contextid="0" timestamp="2019-06-14T18:53:38.801" intervalms="137.816" />
<gc-start id="152" type="scavenge" contextid="151" timestamp="2019-06-14T18:53:38.801">
  <mem-info id="153" free="4818976" total="8388608" percent="57">
    <mem type="nursery" free="0" total="2097152" percent="0">
      <mem type="allocate" free="0" total="1114112" percent="0" />
      <mem type="survivor" free="0" total="983040" percent="0" />
    </mem>
    <mem type="tenure" free="4818976" total="6291456" percent="76">
      <mem type="soa" free="4504608" total="5977088" percent="75" />
      <mem type="loa" free="314368" total="314368" percent="100" />
    </mem>
    <remembered-set count="5916" />
  </mem-info>
</gc-start>
<allocation-stats totalBytes="630496" >
  <allocated-bytes non-tlh="127040" tlh="503456" />
  <largest-consumer threadName="main" threadId="0000000001BBA700" bytes="630496" />
</allocation-stats>
<gc-op id="154" type="scavenge" timems="0.893" contextid="151" timestamp="2019-06-14T18:53:38.802">
  <scavenger-info tenureage="3" tenuremask="ffe8" tiltratio="53" />
  <memory-copied type="nursery" objects="7032" bytes="274800" bytesdiscarded="107512" />
  <memory-copied type="tenure" objects="165" bytes="51368" bytesdiscarded="0" />
  <references type="weak" candidates="2" cleared="2" enqueued="2" />
</gc-op>
<gc-end id="155" type="scavenge" contextid="151" durationms="1.099" usertimems="0.000" systemtimems="0.000" timestamp="2019-06-14T18:53:38.802" activeThreads="4">
  <mem-info id="156" free="5605728" total="8388608" percent="66">
    <mem type="nursery" free="862824" total="2097152" percent="41">
      <mem type="allocate" free="862824" total="1245184" percent="69" />
      <mem type="survivor" free="0" total="851968" percent="0" />
    </mem>
    <mem type="tenure" free="4742904" total="6291456" percent="75">
      <mem type="soa" free="4428536" total="5977088" percent="74" />
      <mem type="loa" free="314368" total="314368" percent="100" />
    </mem>
    <pending-finalizers system="0" default="0" reference="2" classloader="0" />
    <remembered-set count="5656" />
  </mem-info>
</gc-end>
<cycle-end id="157" type="scavenge" contextid="151" timestamp="2019-06-14T18:53:38.802" />
  <attribute name="elasticGC enabled" value="1" />
  <attribute name= "numThreadsSpecified" value="4" />
  <attribute name="heapSize specified" value="8388608" />
  <attribute name="Current GC Util" value="1" />
  <attribute name= "Current Time Running" value="1467" />
  <attribute name ="GC Interval" value="200" />
  <attribute name="ProportionalT" value="-9.500000" />
  <attribute name="ProportionalI" value="-9.500000" />
  <attribute name="ProportionalH" value="-9.500000" />
  <attribute name="Current Error" value="-19.000000" />
  <attribute name="IntegralT" value="-2622.000000" />
  <attribute name="IntegralI" value="-2622.000000" />
  <attribute name="IntegralH" value="-2622.000000" />
  <attribute name="DerivativeT" value="-0.068841" />
  <attribute name="DerivativeI" value="-0.068841" />
  <attribute name="DerivativeH" value="-0.068841" />
  <attribute name="Loop Time for DT" value="138.000000" />
  <attribute name="Output H" value="2092630016"/>
  <attribute name="Output I" value="200"/>
  <attribute name="Output T" value="4"/>
  <attribute name="Target GC Util Change" value ="20.000000" />
  <attribute name="Current GC Util Change" value="1.000000"/>
  <attribute name="GC Util currently" value="1" />
  <attribute name="CPU Util currently" value="16" />
<allocation-satisfied id="158" threadId="0000000001BBA700" bytesRequested="224" />
<af-end id="159" timestamp="2019-06-14T18:53:38.802" threadId="0000000001BBB088" success="true" from="nursery"/>
<exclusive-end id="160" timestamp="2019-06-14T18:53:38.802" durationms="1.590" />

<exclusive-start id="161" timestamp="2019-06-14T18:53:38.828" intervalms="26.799">
  <response-info timems="0.053" idlems="0.053" threads="0" lastid="0000000001BBA700" lastname="main" />
</exclusive-start>
<af-start id="162" threadId="0000000001BBB088" totalBytesRequested="32" timestamp="2019-06-14T18:53:38.828" intervalms="26.817" type="nursery" />
<cycle-start id="163" type="scavenge" contextid="0" timestamp="2019-06-14T18:53:38.828" intervalms="26.856" />
<gc-start id="164" type="scavenge" contextid="163" timestamp="2019-06-14T18:53:38.828">
  <mem-info id="165" free="4723648" total="8388608" percent="56">
    <mem type="nursery" free="0" total="2097152" percent="0">
      <mem type="allocate" free="0" total="1245184" percent="0" />
      <mem type="survivor" free="0" total="851968" percent="0" />
    </mem>
    <mem type="tenure" free="4723648" total="6291456" percent="75">
      <mem type="soa" free="4409280" total="5977088" percent="73" />
      <mem type="loa" free="314368" total="314368" percent="100" />
    </mem>
    <remembered-set count="5903" />
  </mem-info>
</gc-start>
<allocation-stats totalBytes="881408" >
  <allocated-bytes non-tlh="19480" tlh="861928" />
  <largest-consumer threadName="main" threadId="0000000001BBA700" bytes="881408" />
</allocation-stats>
<gc-op id="166" type="scavenge" timems="0.707" contextid="163" timestamp="2019-06-14T18:53:38.829">
  <scavenger-info tenureage="3" tenuremask="ffe8" tiltratio="59" />
  <memory-copied type="nursery" objects="3194" bytes="157480" bytesdiscarded="89048" />
  <memory-copied type="tenure" objects="5619" bytes="185176" bytesdiscarded="16" />
</gc-op>
<gc-end id="167" type="scavenge" contextid="163" durationms="0.904" usertimems="0.000" systemtimems="0.000" timestamp="2019-06-14T18:53:38.829" activeThreads="4">
  <mem-info id="168" free="5547416" total="8388608" percent="66">
    <mem type="nursery" free="1064152" total="2097152" percent="50">
      <mem type="allocate" free="1064152" total="1310720" percent="81" />
      <mem type="survivor" free="0" total="786432" percent="0" />
    </mem>
    <mem type="tenure" free="4483264" total="6291456" percent="71">
      <mem type="soa" free="4168896" total="5977088" percent="69" />
      <mem type="loa" free="314368" total="314368" percent="100" />
    </mem>
    <remembered-set count="460" />
  </mem-info>
</gc-end>
<cycle-end id="169" type="scavenge" contextid="163" timestamp="2019-06-14T18:53:38.829" />
  <attribute name="elasticGC enabled" value="1" />
  <attribute name= "numThreadsSpecified" value="4" />
  <attribute name="heapSize specified" value="8388608" />
  <attribute name="Current GC Util" value="6" />
  <attribute name= "Current Time Running" value="1494" />
  <attribute name ="GC Interval" value="200" />
  <attribute name="ProportionalT" value="-7.000000" />
  <attribute name="ProportionalI" value="-7.000000" />
  <attribute name="ProportionalH" value="-7.000000" />
  <attribute name="Current Error" value="-14.000000" />
  <attribute name="IntegralT" value="-378.000000" />
  <attribute name="IntegralI" value="-378.000000" />
  <attribute name="IntegralH" value="-378.000000" />
  <attribute name="DerivativeT" value="-0.259259" />
  <attribute name="DerivativeI" value="-0.259259" />
  <attribute name="DerivativeH" value="-0.259259" />
  <attribute name="Loop Time for DT" value="27.000000" />
  <attribute name="Output H" value="2092630016"/>
  <attribute name="Output I" value="200"/>
  <attribute name="Output T" value="4"/>
  <attribute name="Target GC Util Change" value ="20.000000" />
  <attribute name="Current GC Util Change" value="6.000000"/>
  <attribute name="GC Util currently" value="6" />
  <attribute name="CPU Util currently" value="171515215402" />
<allocation-satisfied id="170" threadId="0000000001BBA700" bytesRequested="32" />
<af-end id="171" timestamp="2019-06-14T18:53:38.829" threadId="0000000001BBB088" success="true" from="nursery"/>
<exclusive-end id="172" timestamp="2019-06-14T18:53:38.829" durationms="1.456" />

<exclusive-start id="173" timestamp="2019-06-14T18:53:39.120" intervalms="292.225">
  <response-info timems="0.099" idlems="0.051" threads="1" lastid="0000000001E70500" lastname="node-1" />
</exclusive-start>
<af-start id="174" threadId="0000000001E78688" totalBytesRequested="32" timestamp="2019-06-14T18:53:39.120" intervalms="292.241" type="nursery" />
<cycle-start id="175" type="scavenge" contextid="0" timestamp="2019-06-14T18:53:39.120" intervalms="292.303" />
<gc-start id="176" type="scavenge" contextid="175" timestamp="2019-06-14T18:53:39.120">
  <mem-info id="177" free="4474968" total="8388608" percent="53">
    <mem type="nursery" free="0" total="2097152" percent="0">
      <mem type="allocate" free="0" total="1310720" percent="0" />
      <mem type="survivor" free="0" total="786432" percent="0" />
    </mem>
    <mem type="tenure" free="4474968" total="6291456" percent="71">
      <mem type="soa" free="4160600" total="5977088" percent="69" />
      <mem type="loa" free="314368" total="314368" percent="100" />
    </mem>
    <remembered-set count="575" />
  </mem-info>
</gc-start>
<allocation-stats totalBytes="1071136" >
  <allocated-bytes non-tlh="8328" tlh="1062808" />
  <largest-consumer threadName="main" threadId="0000000001BBA700" bytes="727080" />
</allocation-stats>
<gc-op id="178" type="scavenge" timems="0.815" contextid="175" timestamp="2019-06-14T18:53:39.121">
  <scavenger-info tenureage="5" tenuremask="ffe0" tiltratio="62" />
  <memory-copied type="nursery" objects="10616" bytes="479600" bytesdiscarded="41352" />
  <references type="weak" candidates="2" cleared="2" enqueued="2" />
</gc-op>
<gc-end id="179" type="scavenge" contextid="175" durationms="1.340" usertimems="0.000" systemtimems="0.000" timestamp="2019-06-14T18:53:39.122" activeThreads="4">
  <mem-info id="180" free="5199136" total="8388608" percent="61">
    <mem type="nursery" free="724168" total="2097152" percent="34">
      <mem type="allocate" free="724168" total="1245184" percent="58" />
      <mem type="survivor" free="0" total="851968" percent="0" />
    </mem>
    <mem type="tenure" free="4474968" total="6291456" percent="71">
      <mem type="soa" free="4160600" total="5977088" percent="69" />
      <mem type="loa" free="314368" total="314368" percent="100" />
    </mem>
    <pending-finalizers system="0" default="0" reference="2" classloader="0" />
    <remembered-set count="461" />
  </mem-info>
</gc-end>
<cycle-end id="181" type="scavenge" contextid="175" timestamp="2019-06-14T18:53:39.122" />
  <attribute name="elasticGC enabled" value="1" />
  <attribute name= "numThreadsSpecified" value="4" />
  <attribute name="heapSize specified" value="8388608" />
  <attribute name="Current GC Util" value="0" />
  <attribute name= "Current Time Running" value="1786" />
  <attribute name ="GC Interval" value="200" />
  <attribute name="ProportionalT" value="-10.000000" />
  <attribute name="ProportionalI" value="-10.000000" />
  <attribute name="ProportionalH" value="-10.000000" />
  <attribute name="Current Error" value="-20.000000" />
  <attribute name="IntegralT" value="-5840.000000" />
  <attribute name="IntegralI" value="-5840.000000" />
  <attribute name="IntegralH" value="-5840.000000" />
  <attribute name="DerivativeT" value="-0.034247" />
  <attribute name="DerivativeI" value="-0.034247" />
  <attribute name="DerivativeH" value="-0.034247" />
  <attribute name="Loop Time for DT" value="292.000000" />
  <attribute name="Output H" value="2092630016"/>
  <attribute name="Output I" value="200"/>
  <attribute name="Output T" value="4"/>
  <attribute name="Target GC Util Change" value ="20.000000" />
  <attribute name="Current GC Util Change" value="0.000000"/>
  <attribute name="GC Util currently" value="0" />
  <attribute name="CPU Util currently" value="22" />
<allocation-satisfied id="182" threadId="0000000001E77D00" bytesRequested="32" />
<af-end id="183" timestamp="2019-06-14T18:53:39.122" threadId="0000000001E78688" success="true" from="nursery"/>
<exclusive-end id="184" timestamp="2019-06-14T18:53:39.122" durationms="2.244" />

<exclusive-start id="185" timestamp="2019-06-14T18:53:39.377" intervalms="257.252">
  <response-info timems="0.025" idlems="0.025" threads="0" lastid="0000000001E77D00" lastname="node-0" />
</exclusive-start>
<af-start id="186" threadId="0000000001E78688" totalBytesRequested="32" timestamp="2019-06-14T18:53:39.377" intervalms="257.250" type="nursery" />
<cycle-start id="187" type="scavenge" contextid="0" timestamp="2019-06-14T18:53:39.377" intervalms="257.224" />
<gc-start id="188" type="scavenge" contextid="187" timestamp="2019-06-14T18:53:39.377">
  <mem-info id="189" free="4474968" total="8388608" percent="53">
    <mem type="nursery" free="0" total="2097152" percent="0">
      <mem type="allocate" free="0" total="1245184" percent="0" />
      <mem type="survivor" free="0" total="851968" percent="0" />
    </mem>
    <mem type="tenure" free="4474968" total="6291456" percent="71">
      <mem type="soa" free="4160600" total="5977088" percent="69" />
      <mem type="loa" free="314368" total="314368" percent="100" />
    </mem>
    <remembered-set count="461" />
  </mem-info>
</gc-start>
<allocation-stats totalBytes="723992" >
  <allocated-bytes non-tlh="32" tlh="723960" />
  <largest-consumer threadName="node-2" threadId="0000000001E74100" bytes="245696" />
</allocation-stats>
<gc-op id="190" type="scavenge" timems="0.883" contextid="187" timestamp="2019-06-14T18:53:39.379">
  <scavenger-info tenureage="3" tenuremask="fff8" tiltratio="59" />
  <memory-copied type="nursery" objects="17125" bytes="579600" bytesdiscarded="62936" />
  <memory-copied type="tenure" objects="1235" bytes="85824" bytesdiscarded="0" />
</gc-op>
<gc-end id="191" type="scavenge" contextid="187" durationms="1.288" usertimems="4.000" systemtimems="0.000" timestamp="2019-06-14T18:53:39.379" activeThreads="4">
  <mem-info id="192" free="5067032" total="8388608" percent="60">
    <mem type="nursery" free="668136" total="2097152" percent="31">
      <mem type="allocate" free="668136" total="1310720" percent="50" />
      <mem type="survivor" free="0" total="786432" percent="0" />
    </mem>
    <mem type="tenure" free="4398896" total="6291456" percent="69">
      <mem type="soa" free="4084528" total="5977088" percent="68" />
      <mem type="loa" free="314368" total="314368" percent="100" />
    </mem>
    <remembered-set count="231" />
  </mem-info>
</gc-end>
<cycle-end id="193" type="scavenge" contextid="187" timestamp="2019-06-14T18:53:39.379" />
  <attribute name="elasticGC enabled" value="1" />
  <attribute name= "numThreadsSpecified" value="4" />
  <attribute name="heapSize specified" value="8388608" />
  <attribute name="Current GC Util" value="0" />
  <attribute name= "Current Time Running" value="2043" />
  <attribute name ="GC Interval" value="200" />
  <attribute name="ProportionalT" value="-10.000000" />
  <attribute name="ProportionalI" value="-10.000000" />
  <attribute name="ProportionalH" value="-10.000000" />
  <attribute name="Current Error" value="-20.000000" />
  <attribute name="IntegralT" value="-5140.000000" />
  <attribute name="IntegralI" value="-5140.000000" />
  <attribute name="IntegralH" value="-5140.000000" />
  <attribute name="DerivativeT" value="-0.038911" />
  <attribute name="DerivativeI" value="-0.038911" />
  <attribute name="DerivativeH" value="-0.038911" />
  <attribute name="Loop Time for DT" value="257.000000" />
  <attribute name="Output H" value="2092630016"/>
  <attribute name="Output I" value="200"/>
  <attribute name="Output T" value="4"/>
  <attribute name="Target GC Util Change" value ="20.000000" />
  <attribute name="Current GC Util Change" value="0.000000"/>
  <attribute name="GC Util currently" value="0" />
  <attribute name="CPU Util currently" value="17" />
<allocation-satisfied id="194" threadId="0000000001E77D00" bytesRequested="32" />
<af-end id="195" timestamp="2019-06-14T18:53:39.379" threadId="0000000001E78688" success="true" from="nursery"/>
<exclusive-end id="196" timestamp="2019-06-14T18:53:39.379" durationms="2.031" />

<exclusive-start id="197" timestamp="2019-06-14T18:53:39.577" intervalms="200.030">
  <response-info timems="0.032" idlems="0.032" threads="0" lastid="0000000001E74100" lastname="node-2" />
</exclusive-start>
<af-start id="198" threadId="0000000001E74A88" totalBytesRequested="24" timestamp="2019-06-14T18:53:39.577" intervalms="200.025" type="nursery" />
<cycle-start id="199" type="scavenge" contextid="0" timestamp="2019-06-14T18:53:39.577" intervalms="200.026" />
<gc-start id="200" type="scavenge" contextid="199" timestamp="2019-06-14T18:53:39.577">
  <mem-info id="201" free="4398896" total="8388608" percent="52">
    <mem type="nursery" free="0" total="2097152" percent="0">
      <mem type="allocate" free="0" total="1310720" percent="0" />
      <mem type="survivor" free="0" total="786432" percent="0" />
    </mem>
    <mem type="tenure" free="4398896" total="6291456" percent="69">
      <mem type="soa" free="4084528" total="5977088" percent="68" />
      <mem type="loa" free="314368" total="314368" percent="100" />
    </mem>
    <remembered-set count="231" />
  </mem-info>
</gc-start>
<allocation-stats totalBytes="668000" >
  <allocated-bytes non-tlh="32" tlh="667968" />
  <largest-consumer threadName="node-0" threadId="0000000001E77D00" bytes="233464" />
</allocation-stats>
<gc-op id="202" type="scavenge" timems="1.398" contextid="199" timestamp="2019-06-14T18:53:39.579">
  <scavenger-info tenureage="2" tenuremask="fffc" tiltratio="62" />
  <memory-copied type="nursery" objects="14630" bytes="351824" bytesdiscarded="39856" />
  <memory-copied type="tenure" objects="9358" bytes="393312" bytesdiscarded="48" />
</gc-op>
<gc-end id="203" type="scavenge" contextid="199" durationms="1.877" usertimems="0.000" systemtimems="0.000" timestamp="2019-06-14T18:53:39.579" activeThreads="4">
  <mem-info id="204" free="4817712" total="8388608" percent="57">
    <mem type="nursery" free="919040" total="2097152" percent="43">
      <mem type="allocate" free="919040" total="1310720" percent="70" />
      <mem type="survivor" free="0" total="786432" percent="0" />
    </mem>
    <mem type="tenure" free="3898672" total="6291456" percent="61">
      <mem type="soa" free="3584304" total="5977088" percent="59" />
      <mem type="loa" free="314368" total="314368" percent="100" />
    </mem>
    <remembered-set count="106" />
  </mem-info>
</gc-end>
<cycle-end id="205" type="scavenge" contextid="199" timestamp="2019-06-14T18:53:39.580" />
  <attribute name="elasticGC enabled" value="1" />
  <attribute name= "numThreadsSpecified" value="4" />
  <attribute name="heapSize specified" value="8388608" />
  <attribute name="Current GC Util" value="0" />
  <attribute name= "Current Time Running" value="2244" />
  <attribute name ="GC Interval" value="200" />
  <attribute name="ProportionalT" value="-10.000000" />
  <attribute name="ProportionalI" value="-10.000000" />
  <attribute name="ProportionalH" value="-10.000000" />
  <attribute name="Current Error" value="-20.000000" />
  <attribute name="IntegralT" value="-4020.000000" />
  <attribute name="IntegralI" value="-4020.000000" />
  <attribute name="IntegralH" value="-4020.000000" />
  <attribute name="DerivativeT" value="-0.049751" />
  <attribute name="DerivativeI" value="-0.049751" />
  <attribute name="DerivativeH" value="-0.049751" />
  <attribute name="Loop Time for DT" value="201.000000" />
  <attribute name="Output H" value="2092630016"/>
  <attribute name="Output I" value="200"/>
  <attribute name="Output T" value="4"/>
  <attribute name="Target GC Util Change" value ="20.000000" />
  <attribute name="Current GC Util Change" value="0.000000"/>
  <attribute name="GC Util currently" value="0" />
  <attribute name="CPU Util currently" value="5" />
<allocation-satisfied id="206" threadId="0000000001E74100" bytesRequested="24" />
<af-end id="207" timestamp="2019-06-14T18:53:39.580" threadId="0000000001E74A88" success="true" from="nursery"/>
<exclusive-end id="208" timestamp="2019-06-14T18:53:39.580" durationms="2.775" />

<exclusive-start id="209" timestamp="2019-06-14T18:53:39.877" intervalms="299.936">
  <response-info timems="0.057" idlems="0.057" threads="0" lastid="0000000001E70500" lastname="node-1" />
</exclusive-start>
<af-start id="210" threadId="0000000001E70E88" totalBytesRequested="32" timestamp="2019-06-14T18:53:39.877" intervalms="299.907" type="nursery" />
<cycle-start id="211" type="scavenge" contextid="0" timestamp="2019-06-14T18:53:39.877" intervalms="299.878" />
<gc-start id="212" type="scavenge" contextid="211" timestamp="2019-06-14T18:53:39.877">
  <mem-info id="213" free="3898672" total="8388608" percent="46">
    <mem type="nursery" free="0" total="2097152" percent="0">
      <mem type="allocate" free="0" total="1310720" percent="0" />
      <mem type="survivor" free="0" total="786432" percent="0" />
    </mem>
    <mem type="tenure" free="3898672" total="6291456" percent="61">
      <mem type="soa" free="3584304" total="5977088" percent="59" />
      <mem type="loa" free="314368" total="314368" percent="100" />
    </mem>
    <remembered-set count="112" />
  </mem-info>
</gc-start>
<allocation-stats totalBytes="918832" >
  <allocated-bytes non-tlh="24" tlh="918808" />
  <largest-consumer threadName="node-0" threadId="0000000001E77D00" bytes="329136" />
</allocation-stats>
<gc-op id="214" type="scavenge" timems="2.856" contextid="211" timestamp="2019-06-14T18:53:39.880">
  <scavenger-info tenureage="2" tenuremask="7ffc" tiltratio="62" />
  <memory-copied type="nursery" objects="16114" bytes="386616" bytesdiscarded="46536" />
  <memory-copied type="tenure" objects="7752" bytes="186048" bytesdiscarded="8" />
</gc-op>
<gc-end id="215" type="scavenge" contextid="211" durationms="3.490" usertimems="4.000" systemtimems="0.000" timestamp="2019-06-14T18:53:39.881" activeThreads="4">
  <mem-info id="216" free="4592944" total="8388608" percent="54">
    <mem type="nursery" free="943104" total="2097152" percent="44">
      <mem type="allocate" free="943104" total="1376256" percent="68" />
      <mem type="survivor" free="0" total="720896" percent="0" />
    </mem>
    <mem type="tenure" free="3649840" total="6291456" percent="58">
      <mem type="soa" free="3335472" total="5977088" percent="55" />
      <mem type="loa" free="314368" total="314368" percent="100" />
    </mem>
    <remembered-set count="103" />
  </mem-info>
</gc-end>
<cycle-end id="217" type="scavenge" contextid="211" timestamp="2019-06-14T18:53:39.881" />
  <attribute name="elasticGC enabled" value="1" />
  <attribute name= "numThreadsSpecified" value="4" />
  <attribute name="heapSize specified" value="8388608" />
  <attribute name="Current GC Util" value="0" />
  <attribute name= "Current Time Running" value="2543" />
  <attribute name ="GC Interval" value="200" />
  <attribute name="ProportionalT" value="-10.000000" />
  <attribute name="ProportionalI" value="-10.000000" />
  <attribute name="ProportionalH" value="-10.000000" />
  <attribute name="Current Error" value="-20.000000" />
  <attribute name="IntegralT" value="-5980.000000" />
  <attribute name="IntegralI" value="-5980.000000" />
  <attribute name="IntegralH" value="-5980.000000" />
  <attribute name="DerivativeT" value="-0.033445" />
  <attribute name="DerivativeI" value="-0.033445" />
  <attribute name="DerivativeH" value="-0.033445" />
  <attribute name="Loop Time for DT" value="299.000000" />
  <attribute name="Output H" value="2092630016"/>
  <attribute name="Output I" value="200"/>
  <attribute name="Output T" value="4"/>
  <attribute name="Target GC Util Change" value ="20.000000" />
  <attribute name="Current GC Util Change" value="0.000000"/>
  <attribute name="GC Util currently" value="0" />
  <attribute name="CPU Util currently" value="15" />
<allocation-satisfied id="218" threadId="0000000001E70500" bytesRequested="32" />
<af-end id="219" timestamp="2019-06-14T18:53:39.881" threadId="0000000001E70E88" success="true" from="nursery"/>
<exclusive-end id="220" timestamp="2019-06-14T18:53:39.881" durationms="4.441" />

<exclusive-start id="221" timestamp="2019-06-14T18:53:40.148" intervalms="270.805">
  <response-info timems="0.029" idlems="0.029" threads="0" lastid="0000000001E74100" lastname="node-2" />
</exclusive-start>
<af-start id="222" threadId="0000000001E74A88" totalBytesRequested="32" timestamp="2019-06-14T18:53:40.148" intervalms="270.836" type="nursery" />
<cycle-start id="223" type="scavenge" contextid="0" timestamp="2019-06-14T18:53:40.148" intervalms="270.867" />
<gc-start id="224" type="scavenge" contextid="223" timestamp="2019-06-14T18:53:40.148">
  <mem-info id="225" free="3649840" total="8388608" percent="43">
    <mem type="nursery" free="0" total="2097152" percent="0">
      <mem type="allocate" free="0" total="1376256" percent="0" />
      <mem type="survivor" free="0" total="720896" percent="0" />
    </mem>
    <mem type="tenure" free="3649840" total="6291456" percent="58">
      <mem type="soa" free="3335472" total="5977088" percent="55" />
      <mem type="loa" free="314368" total="314368" percent="100" />
    </mem>
    <remembered-set count="112" />
  </mem-info>
</gc-start>
<allocation-stats totalBytes="942312" >
  <allocated-bytes non-tlh="32" tlh="942280" />
  <largest-consumer threadName="node-1" threadId="0000000001E70500" bytes="340936" />
</allocation-stats>
<gc-op id="226" type="scavenge" timems="1.388" contextid="223" timestamp="2019-06-14T18:53:40.150">
  <scavenger-info tenureage="2" tenuremask="7ffc" tiltratio="65" />
  <memory-copied type="nursery" objects="18725" bytes="449280" bytesdiscarded="59904" />
  <memory-copied type="tenure" objects="6852" bytes="164448" bytesdiscarded="0" />
</gc-op>
<gc-end id="227" type="scavenge" contextid="223" durationms="1.801" usertimems="0.000" systemtimems="0.000" timestamp="2019-06-14T18:53:40.150" activeThreads="4">
  <mem-info id="228" free="4425776" total="8388608" percent="52">
    <mem type="nursery" free="932608" total="2097152" percent="44">
      <mem type="allocate" free="932608" total="1441792" percent="64" />
      <mem type="survivor" free="0" total="655360" percent="0" />
    </mem>
    <mem type="tenure" free="3493168" total="6291456" percent="55">
      <mem type="soa" free="3178800" total="5977088" percent="53" />
      <mem type="loa" free="314368" total="314368" percent="100" />
    </mem>
    <remembered-set count="95" />
  </mem-info>
</gc-end>
<cycle-end id="229" type="scavenge" contextid="223" timestamp="2019-06-14T18:53:40.150" />
  <attribute name="elasticGC enabled" value="1" />
  <attribute name= "numThreadsSpecified" value="4" />
  <attribute name="heapSize specified" value="8388608" />
  <attribute name="Current GC Util" value="1" />
  <attribute name= "Current Time Running" value="2814" />
  <attribute name ="GC Interval" value="200" />
  <attribute name="ProportionalT" value="-9.500000" />
  <attribute name="ProportionalI" value="-9.500000" />
  <attribute name="ProportionalH" value="-9.500000" />
  <attribute name="Current Error" value="-19.000000" />
  <attribute name="IntegralT" value="-5149.000000" />
  <attribute name="IntegralI" value="-5149.000000" />
  <attribute name="IntegralH" value="-5149.000000" />
  <attribute name="DerivativeT" value="-0.035055" />
  <attribute name="DerivativeI" value="-0.035055" />
  <attribute name="DerivativeH" value="-0.035055" />
  <attribute name="Loop Time for DT" value="271.000000" />
  <attribute name="Output H" value="2092630016"/>
  <attribute name="Output I" value="200"/>
  <attribute name="Output T" value="4"/>
  <attribute name="Target GC Util Change" value ="20.000000" />
  <attribute name="Current GC Util Change" value="1.000000"/>
  <attribute name="GC Util currently" value="1" />
  <attribute name="CPU Util currently" value="9" />
<allocation-satisfied id="230" threadId="0000000001E74100" bytesRequested="32" />
<af-end id="231" timestamp="2019-06-14T18:53:40.150" threadId="0000000001E74A88" success="true" from="nursery"/>
<exclusive-end id="232" timestamp="2019-06-14T18:53:40.150" durationms="2.599" />

<exclusive-start id="233" timestamp="2019-06-14T18:53:40.466" intervalms="318.676">
  <response-info timems="0.024" idlems="0.024" threads="0" lastid="0000000001E70500" lastname="node-1" />
</exclusive-start>
<af-start id="234" threadId="0000000001E70E88" totalBytesRequested="32" timestamp="2019-06-14T18:53:40.467" intervalms="318.639" type="nursery" />
<cycle-start id="235" type="scavenge" contextid="0" timestamp="2019-06-14T18:53:40.467" intervalms="318.564" />
<gc-start id="236" type="scavenge" contextid="235" timestamp="2019-06-14T18:53:40.467">
  <mem-info id="237" free="3493168" total="8388608" percent="41">
    <mem type="nursery" free="0" total="2097152" percent="0">
      <mem type="allocate" free="0" total="1441792" percent="0" />
      <mem type="survivor" free="0" total="655360" percent="0" />
    </mem>
    <mem type="tenure" free="3493168" total="6291456" percent="55">
      <mem type="soa" free="3178800" total="5977088" percent="53" />
      <mem type="loa" free="314368" total="314368" percent="100" />
    </mem>
    <remembered-set count="107" />
  </mem-info>
</gc-start>
<allocation-stats totalBytes="932352" >
  <allocated-bytes non-tlh="32" tlh="932320" />
  <largest-consumer threadName="node-2" threadId="0000000001E74100" bytes="330416" />
</allocation-stats>
<gc-op id="238" type="scavenge" timems="1.515" contextid="235" timestamp="2019-06-14T18:53:40.468">
  <scavenger-info tenureage="2" tenuremask="7ffc" tiltratio="68" />
  <memory-copied type="nursery" objects="18968" bytes="455504" bytesdiscarded="53680" />
  <memory-copied type="tenure" objects="9247" bytes="221928" bytesdiscarded="0" />
</gc-op>
<gc-end id="239" type="scavenge" contextid="235" durationms="1.701" usertimems="0.000" systemtimems="0.000" timestamp="2019-06-14T18:53:40.468" activeThreads="4">
  <mem-info id="240" free="4190768" total="8388608" percent="49">
    <mem type="nursery" free="932608" total="2097152" percent="44">
      <mem type="allocate" free="932608" total="1441792" percent="64" />
      <mem type="survivor" free="0" total="655360" percent="0" />
    </mem>
    <mem type="tenure" free="3258160" total="6291456" percent="51">
      <mem type="soa" free="2943792" total="5977088" percent="49" />
      <mem type="loa" free="314368" total="314368" percent="100" />
    </mem>
    <remembered-set count="94" />
  </mem-info>
</gc-end>
<cycle-end id="241" type="scavenge" contextid="235" timestamp="2019-06-14T18:53:40.468" />
  <attribute name="elasticGC enabled" value="1" />
  <attribute name= "numThreadsSpecified" value="4" />
  <attribute name="heapSize specified" value="8388608" />
  <attribute name="Current GC Util" value="0" />
  <attribute name= "Current Time Running" value="3132" />
  <attribute name ="GC Interval" value="200" />
  <attribute name="ProportionalT" value="-10.000000" />
  <attribute name="ProportionalI" value="-10.000000" />
  <attribute name="ProportionalH" value="-10.000000" />
  <attribute name="Current Error" value="-20.000000" />
  <attribute name="IntegralT" value="-6360.000000" />
  <attribute name="IntegralI" value="-6360.000000" />
  <attribute name="IntegralH" value="-6360.000000" />
  <attribute name="DerivativeT" value="-0.031447" />
  <attribute name="DerivativeI" value="-0.031447" />
  <attribute name="DerivativeH" value="-0.031447" />
  <attribute name="Loop Time for DT" value="318.000000" />
  <attribute name="Output H" value="2092630016"/>
  <attribute name="Output I" value="200"/>
  <attribute name="Output T" value="4"/>
  <attribute name="Target GC Util Change" value ="20.000000" />
  <attribute name="Current GC Util Change" value="0.000000"/>
  <attribute name="GC Util currently" value="0" />
  <attribute name="CPU Util currently" value="9" />
<allocation-satisfied id="242" threadId="0000000001E70500" bytesRequested="32" />
<af-end id="243" timestamp="2019-06-14T18:53:40.469" threadId="0000000001E70E88" success="true" from="nursery"/>
<exclusive-end id="244" timestamp="2019-06-14T18:53:40.469" durationms="2.339" />

<exclusive-start id="245" timestamp="2019-06-14T18:53:40.788" intervalms="321.866">
  <response-info timems="0.154" idlems="0.087" threads="1" lastid="0000000001E70500" lastname="node-1" />
</exclusive-start>
<af-start id="246" threadId="0000000001E78688" totalBytesRequested="24" timestamp="2019-06-14T18:53:40.788" intervalms="321.920" type="nursery" />
<cycle-start id="247" type="scavenge" contextid="0" timestamp="2019-06-14T18:53:40.789" intervalms="322.014" />
<gc-start id="248" type="scavenge" contextid="247" timestamp="2019-06-14T18:53:40.789">
  <mem-info id="249" free="3258160" total="8388608" percent="38">
    <mem type="nursery" free="0" total="2097152" percent="0">
      <mem type="allocate" free="0" total="1441792" percent="0" />
      <mem type="survivor" free="0" total="655360" percent="0" />
    </mem>
    <mem type="tenure" free="3258160" total="6291456" percent="51">
      <mem type="soa" free="2943792" total="5977088" percent="49" />
      <mem type="loa" free="314368" total="314368" percent="100" />
    </mem>
    <remembered-set count="103" />
  </mem-info>
</gc-start>
<allocation-stats totalBytes="932464" >
  <allocated-bytes non-tlh="32" tlh="932432" />
  <largest-consumer threadName="node-0" threadId="0000000001E77D00" bytes="315352" />
</allocation-stats>
<gc-op id="250" type="scavenge" timems="3.138" contextid="247" timestamp="2019-06-14T18:53:40.792">
  <scavenger-info tenureage="1" tenuremask="7ffe" tiltratio="68" />
  <memory-copied type="nursery" objects="10190" bytes="244952" bytesdiscarded="56872" />
  <memory-copied type="tenure" objects="18948" bytes="454752" bytesdiscarded="0" />
</gc-op>
<gc-end id="251" type="scavenge" contextid="247" durationms="3.770" usertimems="0.000" systemtimems="4.000" timestamp="2019-06-14T18:53:40.793" activeThreads="4">
  <mem-info id="252" free="3886640" total="8388608" percent="46">
    <mem type="nursery" free="1139968" total="2097152" percent="54">
      <mem type="allocate" free="1139968" total="1441792" percent="79" />
      <mem type="survivor" free="0" total="655360" percent="0" />
    </mem>
    <mem type="tenure" free="2746672" total="6291456" percent="43">
      <mem type="soa" free="2432304" total="5977088" percent="40" />
      <mem type="loa" free="314368" total="314368" percent="100" />
    </mem>
    <remembered-set count="98" />
  </mem-info>
</gc-end>
<cycle-end id="253" type="scavenge" contextid="247" timestamp="2019-06-14T18:53:40.793" />
  <attribute name="elasticGC enabled" value="1" />
  <attribute name= "numThreadsSpecified" value="4" />
  <attribute name="heapSize specified" value="8388608" />
  <attribute name="Current GC Util" value="0" />
  <attribute name= "Current Time Running" value="3455" />
  <attribute name ="GC Interval" value="200" />
  <attribute name="ProportionalT" value="-10.000000" />
  <attribute name="ProportionalI" value="-10.000000" />
  <attribute name="ProportionalH" value="-10.000000" />
  <attribute name="Current Error" value="-20.000000" />
  <attribute name="IntegralT" value="-6460.000000" />
  <attribute name="IntegralI" value="-6460.000000" />
  <attribute name="IntegralH" value="-6460.000000" />
  <attribute name="DerivativeT" value="-0.030960" />
  <attribute name="DerivativeI" value="-0.030960" />
  <attribute name="DerivativeH" value="-0.030960" />
  <attribute name="Loop Time for DT" value="323.000000" />
  <attribute name="Output H" value="2092630016"/>
  <attribute name="Output I" value="200"/>
  <attribute name="Output T" value="4"/>
  <attribute name="Target GC Util Change" value ="20.000000" />
  <attribute name="Current GC Util Change" value="0.000000"/>
  <attribute name="GC Util currently" value="0" />
  <attribute name="CPU Util currently" value="9" />
<allocation-satisfied id="254" threadId="0000000001E77D00" bytesRequested="24" />
<af-end id="255" timestamp="2019-06-14T18:53:40.793" threadId="0000000001E78688" success="true" from="nursery"/>
<exclusive-end id="256" timestamp="2019-06-14T18:53:40.793" durationms="4.673" />

<exclusive-start id="257" timestamp="2019-06-14T18:53:41.205" intervalms="416.409">
  <response-info timems="0.031" idlems="0.031" threads="0" lastid="0000000001E77D00" lastname="node-0" />
</exclusive-start>
<af-start id="258" threadId="0000000001E78688" totalBytesRequested="32" timestamp="2019-06-14T18:53:41.205" intervalms="416.377" type="nursery" />
<cycle-start id="259" type="scavenge" contextid="0" timestamp="2019-06-14T18:53:41.205" intervalms="416.281" />
<gc-start id="260" type="scavenge" contextid="259" timestamp="2019-06-14T18:53:41.205">
  <mem-info id="261" free="2746672" total="8388608" percent="32">
    <mem type="nursery" free="0" total="2097152" percent="0">
      <mem type="allocate" free="0" total="1441792" percent="0" />
      <mem type="survivor" free="0" total="655360" percent="0" />
    </mem>
    <mem type="tenure" free="2746672" total="6291456" percent="43">
      <mem type="soa" free="2432304" total="5977088" percent="40" />
      <mem type="loa" free="314368" total="314368" percent="100" />
    </mem>
    <remembered-set count="105" />
  </mem-info>
</gc-start>
<allocation-stats totalBytes="1139696" >
  <allocated-bytes non-tlh="24" tlh="1139672" />
  <largest-consumer threadName="node-2" threadId="0000000001E74100" bytes="397216" />
</allocation-stats>
<gc-op id="262" type="scavenge" timems="3.053" contextid="259" timestamp="2019-06-14T18:53:41.208">
  <scavenger-info tenureage="1" tenuremask="7ffe" tiltratio="68" />
  <memory-copied type="nursery" objects="12075" bytes="289680" bytesdiscarded="112752" />
  <memory-copied type="tenure" objects="10167" bytes="244008" bytesdiscarded="16" />
</gc-op>
<gc-end id="263" type="scavenge" contextid="259" durationms="3.494" usertimems="4.000" systemtimems="0.000" timestamp="2019-06-14T18:53:41.209" activeThreads="4">
  <mem-info id="264" free="3703344" total="8388608" percent="44">
    <mem type="nursery" free="1104896" total="2097152" percent="52">
      <mem type="allocate" free="1104896" total="1507328" percent="73" />
      <mem type="survivor" free="0" total="589824" percent="0" />
    </mem>
    <mem type="tenure" free="2598448" total="6291456" percent="41">
      <mem type="soa" free="2284080" total="5977088" percent="38" />
      <mem type="loa" free="314368" total="314368" percent="100" />
    </mem>
    <remembered-set count="92" />
  </mem-info>
</gc-end>
<cycle-end id="265" type="scavenge" contextid="259" timestamp="2019-06-14T18:53:41.209" />
  <attribute name="elasticGC enabled" value="1" />
  <attribute name= "numThreadsSpecified" value="4" />
  <attribute name="heapSize specified" value="8388608" />
  <attribute name="Current GC Util" value="0" />
  <attribute name= "Current Time Running" value="3871" />
  <attribute name ="GC Interval" value="200" />
  <attribute name="ProportionalT" value="-10.000000" />
  <attribute name="ProportionalI" value="-10.000000" />
  <attribute name="ProportionalH" value="-10.000000" />
  <attribute name="Current Error" value="-20.000000" />
  <attribute name="IntegralT" value="-8320.000000" />
  <attribute name="IntegralI" value="-8320.000000" />
  <attribute name="IntegralH" value="-8320.000000" />
  <attribute name="DerivativeT" value="-0.024038" />
  <attribute name="DerivativeI" value="-0.024038" />
  <attribute name="DerivativeH" value="-0.024038" />
  <attribute name="Loop Time for DT" value="416.000000" />
  <attribute name="Output H" value="2092630016"/>
  <attribute name="Output I" value="200"/>
  <attribute name="Output T" value="4"/>
  <attribute name="Target GC Util Change" value ="20.000000" />
  <attribute name="Current GC Util Change" value="0.000000"/>
  <attribute name="GC Util currently" value="0" />
  <attribute name="CPU Util currently" value="8" />
<allocation-satisfied id="266" threadId="0000000001E77D00" bytesRequested="32" />
<af-end id="267" timestamp="2019-06-14T18:53:41.209" threadId="0000000001E78688" success="true" from="nursery"/>
<exclusive-end id="268" timestamp="2019-06-14T18:53:41.209" durationms="4.194" />

<exclusive-start id="269" timestamp="2019-06-14T18:53:41.555" intervalms="350.015">
  <response-info timems="0.027" idlems="0.027" threads="0" lastid="0000000001E74100" lastname="node-2" />
</exclusive-start>
<af-start id="270" threadId="0000000001E74A88" totalBytesRequested="32" timestamp="2019-06-14T18:53:41.555" intervalms="349.993" type="nursery" />
<cycle-start id="271" type="scavenge" contextid="0" timestamp="2019-06-14T18:53:41.555" intervalms="349.990" />
<gc-start id="272" type="scavenge" contextid="271" timestamp="2019-06-14T18:53:41.555">
  <mem-info id="273" free="2598448" total="8388608" percent="30">
    <mem type="nursery" free="0" total="2097152" percent="0">
      <mem type="allocate" free="0" total="1507328" percent="0" />
      <mem type="survivor" free="0" total="589824" percent="0" />
    </mem>
    <mem type="tenure" free="2598448" total="6291456" percent="41">
      <mem type="soa" free="2284080" total="5977088" percent="38" />
      <mem type="loa" free="314368" total="314368" percent="100" />
    </mem>
    <remembered-set count="104" />
  </mem-info>
</gc-start>
<allocation-stats totalBytes="1104664" >
  <allocated-bytes non-tlh="32" tlh="1104632" />
  <largest-consumer threadName="node-0" threadId="0000000001E77D00" bytes="376792" />
</allocation-stats>
<gc-op id="274" type="scavenge" timems="1.366" contextid="271" timestamp="2019-06-14T18:53:41.556">
  <scavenger-info tenureage="1" tenuremask="7ffe" tiltratio="71" />
  <memory-copied type="nursery" objects="11012" bytes="264168" bytesdiscarded="10008" />
  <memory-copied type="tenure" objects="12060" bytes="289440" bytesdiscarded="0" />
</gc-op>
<gc-end id="275" type="scavenge" contextid="271" durationms="1.562" usertimems="0.000" systemtimems="0.000" timestamp="2019-06-14T18:53:41.557" activeThreads="4">
  <mem-info id="276" free="3583792" total="8388608" percent="42">
    <mem type="nursery" free="1298688" total="2097152" percent="61">
      <mem type="allocate" free="1298688" total="1572864" percent="82" />
      <mem type="survivor" free="0" total="524288" percent="0" />
    </mem>
    <mem type="tenure" free="2285104" total="6291456" percent="36">
      <mem type="soa" free="1970736" total="5977088" percent="32" />
      <mem type="loa" free="314368" total="314368" percent="100" />
    </mem>
    <remembered-set count="91" />
  </mem-info>
</gc-end>
<cycle-end id="277" type="scavenge" contextid="271" timestamp="2019-06-14T18:53:41.558" />
  <attribute name="elasticGC enabled" value="1" />
  <attribute name= "numThreadsSpecified" value="4" />
  <attribute name="heapSize specified" value="8388608" />
  <attribute name="Current GC Util" value="0" />
  <attribute name= "Current Time Running" value="4221" />
  <attribute name ="GC Interval" value="200" />
  <attribute name="ProportionalT" value="-10.000000" />
  <attribute name="ProportionalI" value="-10.000000" />
  <attribute name="ProportionalH" value="-10.000000" />
  <attribute name="Current Error" value="-20.000000" />
  <attribute name="IntegralT" value="-7000.000000" />
  <attribute name="IntegralI" value="-7000.000000" />
  <attribute name="IntegralH" value="-7000.000000" />
  <attribute name="DerivativeT" value="-0.028571" />
  <attribute name="DerivativeI" value="-0.028571" />
  <attribute name="DerivativeH" value="-0.028571" />
  <attribute name="Loop Time for DT" value="350.000000" />
  <attribute name="Output H" value="2092630016"/>
  <attribute name="Output I" value="200"/>
  <attribute name="Output T" value="4"/>
  <attribute name="Target GC Util Change" value ="20.000000" />
  <attribute name="Current GC Util Change" value="0.000000"/>
  <attribute name="GC Util currently" value="0" />
  <attribute name="CPU Util currently" value="3" />
<allocation-satisfied id="278" threadId="0000000001E74100" bytesRequested="32" />
<af-end id="279" timestamp="2019-06-14T18:53:41.558" threadId="0000000001E74A88" success="true" from="nursery"/>
<exclusive-end id="280" timestamp="2019-06-14T18:53:41.558" durationms="3.221" />

<exclusive-start id="281" timestamp="2019-06-14T18:53:41.951" intervalms="395.901">
  <response-info timems="0.026" idlems="0.026" threads="0" lastid="0000000001E74100" lastname="node-2" />
</exclusive-start>
<af-start id="282" threadId="0000000001E74A88" totalBytesRequested="24" timestamp="2019-06-14T18:53:41.951" intervalms="395.929" type="nursery" />
<cycle-start id="283" type="scavenge" contextid="0" timestamp="2019-06-14T18:53:41.951" intervalms="395.996" />
<gc-start id="284" type="scavenge" contextid="283" timestamp="2019-06-14T18:53:41.951">
  <mem-info id="285" free="2285104" total="8388608" percent="27">
    <mem type="nursery" free="0" total="2097152" percent="0">
      <mem type="allocate" free="0" total="1572864" percent="0" />
      <mem type="survivor" free="0" total="524288" percent="0" />
    </mem>
    <mem type="tenure" free="2285104" total="6291456" percent="36">
      <mem type="soa" free="1970736" total="5977088" percent="32" />
      <mem type="loa" free="314368" total="314368" percent="100" />
    </mem>
    <remembered-set count="103" />
  </mem-info>
</gc-start>
<allocation-stats totalBytes="1298232" >
  <allocated-bytes non-tlh="32" tlh="1298200" />
  <largest-consumer threadName="node-1" threadId="0000000001E70500" bytes="446320" />
</allocation-stats>
<gc-op id="286" type="scavenge" timems="1.416" contextid="283" timestamp="2019-06-14T18:53:41.953">
  <scavenger-info tenureage="1" tenuremask="7ffe" tiltratio="75" />
  <memory-copied type="nursery" objects="13425" bytes="322080" bytesdiscarded="69600" />
  <memory-copied type="tenure" objects="10997" bytes="263928" bytesdiscarded="0" />
</gc-op>
<gc-end id="287" type="scavenge" contextid="283" durationms="1.781" usertimems="0.000" systemtimems="0.000" timestamp="2019-06-14T18:53:41.953" activeThreads="4">
  <mem-info id="288" free="3231280" total="8388608" percent="38">
    <mem type="nursery" free="1181184" total="2097152" percent="56">
      <mem type="allocate" free="1181184" total="1572864" percent="75" />
      <mem type="survivor" free="0" total="524288" percent="0" />
    </mem>
    <mem type="tenure" free="2050096" total="6291456" percent="32">
      <mem type="soa" free="1735728" total="5977088" percent="29" />
      <mem type="loa" free="314368" total="314368" percent="100" />
    </mem>
    <remembered-set count="91" />
  </mem-info>
</gc-end>
<cycle-end id="289" type="scavenge" contextid="283" timestamp="2019-06-14T18:53:41.953" />
  <attribute name="elasticGC enabled" value="1" />
  <attribute name= "numThreadsSpecified" value="4" />
  <attribute name="heapSize specified" value="8388608" />
  <attribute name="Current GC Util" value="0" />
  <attribute name= "Current Time Running" value="4617" />
  <attribute name ="GC Interval" value="200" />
  <attribute name="ProportionalT" value="-10.000000" />
  <attribute name="ProportionalI" value="-10.000000" />
  <attribute name="ProportionalH" value="-10.000000" />
  <attribute name="Current Error" value="-20.000000" />
  <attribute name="IntegralT" value="-7920.000000" />
  <attribute name="IntegralI" value="-7920.000000" />
  <attribute name="IntegralH" value="-7920.000000" />
  <attribute name="DerivativeT" value="-0.025253" />
  <attribute name="DerivativeI" value="-0.025253" />
  <attribute name="DerivativeH" value="-0.025253" />
  <attribute name="Loop Time for DT" value="396.000000" />
  <attribute name="Output H" value="2092630016"/>
  <attribute name="Output I" value="200"/>
  <attribute name="Output T" value="4"/>
  <attribute name="Target GC Util Change" value ="20.000000" />
  <attribute name="Current GC Util Change" value="0.000000"/>
  <attribute name="GC Util currently" value="0" />
  <attribute name="CPU Util currently" value="3" />
<allocation-satisfied id="290" threadId="0000000001E74100" bytesRequested="24" />
<af-end id="291" timestamp="2019-06-14T18:53:41.953" threadId="0000000001E74A88" success="true" from="nursery"/>
<exclusive-end id="292" timestamp="2019-06-14T18:53:41.953" durationms="2.586" />

<exclusive-start id="293" timestamp="2019-06-14T18:53:42.324" intervalms="372.938">
  <response-info timems="0.083" idlems="0.083" threads="0" lastid="0000000001E70500" lastname="node-1" />
</exclusive-start>
<af-start id="294" threadId="0000000001E70E88" totalBytesRequested="32" timestamp="2019-06-14T18:53:42.324" intervalms="372.947" type="nursery" />
<cycle-start id="295" type="scavenge" contextid="0" timestamp="2019-06-14T18:53:42.324" intervalms="372.923" />
<gc-start id="296" type="scavenge" contextid="295" timestamp="2019-06-14T18:53:42.324">
  <mem-info id="297" free="2050096" total="8388608" percent="24">
    <mem type="nursery" free="0" total="2097152" percent="0">
      <mem type="allocate" free="0" total="1572864" percent="0" />
      <mem type="survivor" free="0" total="524288" percent="0" />
    </mem>
    <mem type="tenure" free="2050096" total="6291456" percent="32">
      <mem type="soa" free="1735728" total="5977088" percent="29" />
      <mem type="loa" free="314368" total="314368" percent="100" />
    </mem>
    <remembered-set count="103" />
  </mem-info>
</gc-start>
<allocation-stats totalBytes="1180824" >
  <allocated-bytes non-tlh="24" tlh="1180800" />
  <largest-consumer threadName="node-0" threadId="0000000001E77D00" bytes="409544" />
</allocation-stats>
<gc-op id="298" type="scavenge" timems="2.968" contextid="295" timestamp="2019-06-14T18:53:42.327">
  <scavenger-info tenureage="1" tenuremask="7ffe" tiltratio="75" />
  <memory-copied type="nursery" objects="12031" bytes="288624" bytesdiscarded="13200" />
  <memory-copied type="tenure" objects="13410" bytes="321840" bytesdiscarded="0" />
</gc-op>
<gc-end id="299" type="scavenge" contextid="295" durationms="3.553" usertimems="4.000" systemtimems="0.000" timestamp="2019-06-14T18:53:42.328" activeThreads="4">
  <mem-info id="300" free="3006512" total="8388608" percent="35">
    <mem type="nursery" free="1336576" total="2097152" percent="63">
      <mem type="allocate" free="1336576" total="1638400" percent="81" />
      <mem type="survivor" free="0" total="458752" percent="0" />
    </mem>
    <mem type="tenure" free="1669936" total="6291456" percent="26">
      <mem type="soa" free="1355568" total="5977088" percent="22" />
      <mem type="loa" free="314368" total="314368" percent="100" />
    </mem>
    <remembered-set count="91" />
  </mem-info>
</gc-end>
<cycle-end id="301" type="scavenge" contextid="295" timestamp="2019-06-14T18:53:42.328" />
  <attribute name="elasticGC enabled" value="1" />
  <attribute name= "numThreadsSpecified" value="4" />
  <attribute name="heapSize specified" value="8388608" />
  <attribute name="Current GC Util" value="0" />
  <attribute name= "Current Time Running" value="4990" />
  <attribute name ="GC Interval" value="200" />
  <attribute name="ProportionalT" value="-10.000000" />
  <attribute name="ProportionalI" value="-10.000000" />
  <attribute name="ProportionalH" value="-10.000000" />
  <attribute name="Current Error" value="-20.000000" />
  <attribute name="IntegralT" value="-7460.000000" />
  <attribute name="IntegralI" value="-7460.000000" />
  <attribute name="IntegralH" value="-7460.000000" />
  <attribute name="DerivativeT" value="-0.026810" />
  <attribute name="DerivativeI" value="-0.026810" />
  <attribute name="DerivativeH" value="-0.026810" />
  <attribute name="Loop Time for DT" value="373.000000" />
  <attribute name="Output H" value="2092630016"/>
  <attribute name="Output I" value="200"/>
  <attribute name="Output T" value="4"/>
  <attribute name="Target GC Util Change" value ="20.000000" />
  <attribute name="Current GC Util Change" value="0.000000"/>
  <attribute name="GC Util currently" value="0" />
  <attribute name="CPU Util currently" value="8" />
<allocation-satisfied id="302" threadId="0000000001E70500" bytesRequested="32" />
<af-end id="303" timestamp="2019-06-14T18:53:42.328" threadId="0000000001E70E88" success="true" from="nursery"/>
<exclusive-end id="304" timestamp="2019-06-14T18:53:42.328" durationms="4.439" />

<exclusive-start id="305" timestamp="2019-06-14T18:53:42.753" intervalms="429.399">
  <response-info timems="0.071" idlems="0.071" threads="0" lastid="0000000001E77D00" lastname="node-0" />
</exclusive-start>
<af-start id="306" threadId="0000000001E78688" totalBytesRequested="376" timestamp="2019-06-14T18:53:42.753" intervalms="429.450" type="nursery" />
<cycle-start id="307" type="scavenge" contextid="0" timestamp="2019-06-14T18:53:42.753" intervalms="429.487" />
<gc-start id="308" type="scavenge" contextid="307" timestamp="2019-06-14T18:53:42.753">
  <mem-info id="309" free="1669936" total="8388608" percent="19">
    <mem type="nursery" free="0" total="2097152" percent="0">
      <mem type="allocate" free="0" total="1638400" percent="0" />
      <mem type="survivor" free="0" total="458752" percent="0" />
    </mem>
    <mem type="tenure" free="1669936" total="6291456" percent="26">
      <mem type="soa" free="1355568" total="5977088" percent="22" />
      <mem type="loa" free="314368" total="314368" percent="100" />
    </mem>
    <remembered-set count="103" />
  </mem-info>
</gc-start>
<allocation-stats totalBytes="1335424" >
  <allocated-bytes non-tlh="32" tlh="1335392" />
  <largest-consumer threadName="node-2" threadId="0000000001E74100" bytes="478872" />
</allocation-stats>
<gc-op id="310" type="scavenge" timems="1.441" contextid="307" timestamp="2019-06-14T18:53:42.755">
  <scavenger-info tenureage="1" tenuremask="7ffe" tiltratio="78" />
  <memory-copied type="nursery" objects="13782" bytes="331848" bytesdiscarded="59832" />
  <memory-copied type="tenure" objects="12016" bytes="288384" bytesdiscarded="8" />
</gc-op>
<gc-end id="311" type="scavenge" contextid="307" durationms="1.848" usertimems="0.000" systemtimems="0.000" timestamp="2019-06-14T18:53:42.755" activeThreads="4">
  <mem-info id="312" free="2603312" total="8388608" percent="31">
    <mem type="nursery" free="1246720" total="2097152" percent="59">
      <mem type="allocate" free="1246720" total="1638400" percent="76" />
      <mem type="survivor" free="0" total="458752" percent="0" />
    </mem>
    <mem type="tenure" free="1356592" total="6291456" percent="21">
      <mem type="soa" free="1042224" total="5977088" percent="17" />
      <mem type="loa" free="314368" total="314368" percent="100" />
    </mem>
    <remembered-set count="96" />
  </mem-info>
</gc-end>
<cycle-end id="313" type="scavenge" contextid="307" timestamp="2019-06-14T18:53:42.755" />
  <attribute name="elasticGC enabled" value="1" />
  <attribute name= "numThreadsSpecified" value="4" />
  <attribute name="heapSize specified" value="8388608" />
  <attribute name="Current GC Util" value="0" />
  <attribute name= "Current Time Running" value="5419" />
  <attribute name ="GC Interval" value="200" />
  <attribute name="ProportionalT" value="-10.000000" />
  <attribute name="ProportionalI" value="-10.000000" />
  <attribute name="ProportionalH" value="-10.000000" />
  <attribute name="Current Error" value="-20.000000" />
  <attribute name="IntegralT" value="-8580.000000" />
  <attribute name="IntegralI" value="-8580.000000" />
  <attribute name="IntegralH" value="-8580.000000" />
  <attribute name="DerivativeT" value="-0.023310" />
  <attribute name="DerivativeI" value="-0.023310" />
  <attribute name="DerivativeH" value="-0.023310" />
  <attribute name="Loop Time for DT" value="429.000000" />
  <attribute name="Output H" value="2092630016"/>
  <attribute name="Output I" value="200"/>
  <attribute name="Output T" value="4"/>
  <attribute name="Target GC Util Change" value ="20.000000" />
  <attribute name="Current GC Util Change" value="0.000000"/>
  <attribute name="GC Util currently" value="0" />
  <attribute name="CPU Util currently" value="8" />
<allocation-satisfied id="314" threadId="0000000001E77D00" bytesRequested="376" />
<af-end id="315" timestamp="2019-06-14T18:53:42.756" threadId="0000000001E78688" success="true" from="nursery"/>
<exclusive-end id="316" timestamp="2019-06-14T18:53:42.756" durationms="2.581" />

<exclusive-start id="317" timestamp="2019-06-14T18:53:43.160" intervalms="407.278">
  <response-info timems="0.029" idlems="0.029" threads="0" lastid="0000000001E77D00" lastname="node-0" />
</exclusive-start>
<af-start id="318" threadId="0000000001E78688" totalBytesRequested="32" timestamp="2019-06-14T18:53:43.160" intervalms="407.197" type="nursery" />
<cycle-start id="319" type="scavenge" contextid="0" timestamp="2019-06-14T18:53:43.160" intervalms="407.117" />
<gc-start id="320" type="scavenge" contextid="319" timestamp="2019-06-14T18:53:43.160">
  <mem-info id="321" free="1356592" total="8388608" percent="16">
    <mem type="nursery" free="0" total="2097152" percent="0">
      <mem type="allocate" free="0" total="1638400" percent="0" />
      <mem type="survivor" free="0" total="458752" percent="0" />
    </mem>
    <mem type="tenure" free="1356592" total="6291456" percent="21">
      <mem type="soa" free="1042224" total="5977088" percent="17" />
      <mem type="loa" free="314368" total="314368" percent="100" />
    </mem>
    <remembered-set count="103" />
  </mem-info>
</gc-start>
<allocation-stats totalBytes="1245992" >
  <allocated-bytes non-tlh="376" tlh="1245616" />
  <largest-consumer threadName="node-2" threadId="0000000001E74100" bytes="426680" />
</allocation-stats>
<gc-op id="322" type="scavenge" timems="1.517" contextid="319" timestamp="2019-06-14T18:53:43.162">
  <scavenger-info tenureage="1" tenuremask="7ffe" tiltratio="78" />
  <memory-copied type="nursery" objects="13255" bytes="318000" bytesdiscarded="34512" />
  <memory-copied type="tenure" objects="13759" bytes="330216" bytesdiscarded="0" />
</gc-op>
<gc-end id="323" type="scavenge" contextid="319" durationms="1.698" usertimems="0.000" systemtimems="0.000" timestamp="2019-06-14T18:53:43.162" activeThreads="4">
  <mem-info id="324" free="2329136" total="8388608" percent="27">
    <mem type="nursery" free="1285888" total="2097152" percent="61">
      <mem type="allocate" free="1285888" total="1638400" percent="78" />
      <mem type="survivor" free="0" total="458752" percent="0" />
    </mem>
    <mem type="tenure" free="1043248" total="6291456" percent="16">
      <mem type="soa" free="728880" total="5977088" percent="12" />
      <mem type="loa" free="314368" total="314368" percent="100" />
    </mem>
    <remembered-set count="91" />
  </mem-info>
</gc-end>
<cycle-end id="325" type="scavenge" contextid="319" timestamp="2019-06-14T18:53:43.162" />
  <attribute name="elasticGC enabled" value="1" />
  <attribute name= "numThreadsSpecified" value="4" />
  <attribute name="heapSize specified" value="8388608" />
  <attribute name="Current GC Util" value="0" />
  <attribute name= "Current Time Running" value="5826" />
  <attribute name ="GC Interval" value="200" />
  <attribute name="ProportionalT" value="-10.000000" />
  <attribute name="ProportionalI" value="-10.000000" />
  <attribute name="ProportionalH" value="-10.000000" />
  <attribute name="Current Error" value="-20.000000" />
  <attribute name="IntegralT" value="-8140.000000" />
  <attribute name="IntegralI" value="-8140.000000" />
  <attribute name="IntegralH" value="-8140.000000" />
  <attribute name="DerivativeT" value="-0.024570" />
  <attribute name="DerivativeI" value="-0.024570" />
  <attribute name="DerivativeH" value="-0.024570" />
  <attribute name="Loop Time for DT" value="407.000000" />
  <attribute name="Output H" value="2092630016"/>
  <attribute name="Output I" value="200"/>
  <attribute name="Output T" value="4"/>
  <attribute name="Target GC Util Change" value ="20.000000" />
  <attribute name="Current GC Util Change" value="0.000000"/>
  <attribute name="GC Util currently" value="0" />
  <attribute name="CPU Util currently" value="5" />
<allocation-satisfied id="326" threadId="0000000001E77D00" bytesRequested="32" />
<af-end id="327" timestamp="2019-06-14T18:53:43.162" threadId="0000000001E78688" success="true" from="nursery"/>
<exclusive-end id="328" timestamp="2019-06-14T18:53:43.162" durationms="2.152" />

<exclusive-start id="329" timestamp="2019-06-14T18:53:43.549" intervalms="388.261">
  <response-info timems="0.030" idlems="0.030" threads="0" lastid="0000000001E77D00" lastname="node-0" />
</exclusive-start>
<af-start id="330" threadId="0000000001E78688" totalBytesRequested="32" timestamp="2019-06-14T18:53:43.549" intervalms="388.262" type="nursery" />
<cycle-start id="331" type="scavenge" contextid="0" timestamp="2019-06-14T18:53:43.549" intervalms="388.267" />
<gc-start id="332" type="scavenge" contextid="331" timestamp="2019-06-14T18:53:43.549">
  <mem-info id="333" free="1043248" total="8388608" percent="12">
    <mem type="nursery" free="0" total="2097152" percent="0">
      <mem type="allocate" free="0" total="1638400" percent="0" />
      <mem type="survivor" free="0" total="458752" percent="0" />
    </mem>
    <mem type="tenure" free="1043248" total="6291456" percent="16">
      <mem type="soa" free="728880" total="5977088" percent="12" />
      <mem type="loa" free="314368" total="314368" percent="100" />
    </mem>
    <remembered-set count="103" />
  </mem-info>
</gc-start>
<allocation-stats totalBytes="1285512" >
  <allocated-bytes non-tlh="32" tlh="1285480" />
  <largest-consumer threadName="node-2" threadId="0000000001E74100" bytes="446120" />
</allocation-stats>
<gc-op id="334" type="scavenge" timems="1.485" contextid="331" timestamp="2019-06-14T18:53:43.550">
  <scavenger-info tenureage="1" tenuremask="7ffe" tiltratio="78" />
  <memory-copied type="nursery" objects="13451" bytes="322704" bytesdiscarded="29808" />
  <memory-copied type="tenure" objects="13240" bytes="317760" bytesdiscarded="0" />
</gc-op>
<gc-end id="335" type="scavenge" contextid="331" durationms="1.705" usertimems="0.000" systemtimems="0.000" timestamp="2019-06-14T18:53:43.550" activeThreads="4">
  <mem-info id="336" free="2015792" total="8388608" percent="24">
    <mem type="nursery" free="1285888" total="2097152" percent="61">
      <mem type="allocate" free="1285888" total="1638400" percent="78" />
      <mem type="survivor" free="0" total="458752" percent="0" />
    </mem>
    <mem type="tenure" free="729904" total="6291456" percent="11">
      <mem type="soa" free="415536" total="5977088" percent="6" />
      <mem type="loa" free="314368" total="314368" percent="100" />
    </mem>
    <remembered-set count="91" />
  </mem-info>
</gc-end>
<cycle-end id="337" type="scavenge" contextid="331" timestamp="2019-06-14T18:53:43.551" />
  <attribute name="elasticGC enabled" value="1" />
  <attribute name= "numThreadsSpecified" value="4" />
  <attribute name="heapSize specified" value="8388608" />
  <attribute name="Current GC Util" value="0" />
  <attribute name= "Current Time Running" value="6215" />
  <attribute name ="GC Interval" value="200" />
  <attribute name="ProportionalT" value="-10.000000" />
  <attribute name="ProportionalI" value="-10.000000" />
  <attribute name="ProportionalH" value="-10.000000" />
  <attribute name="Current Error" value="-20.000000" />
  <attribute name="IntegralT" value="-7780.000000" />
  <attribute name="IntegralI" value="-7780.000000" />
  <attribute name="IntegralH" value="-7780.000000" />
  <attribute name="DerivativeT" value="-0.025707" />
  <attribute name="DerivativeI" value="-0.025707" />
  <attribute name="DerivativeH" value="-0.025707" />
  <attribute name="Loop Time for DT" value="389.000000" />
  <attribute name="Output H" value="2092630016"/>
  <attribute name="Output I" value="200"/>
  <attribute name="Output T" value="4"/>
  <attribute name="Target GC Util Change" value ="20.000000" />
  <attribute name="Current GC Util Change" value="0.000000"/>
  <attribute name="GC Util currently" value="0" />
  <attribute name="CPU Util currently" value="8" />
<allocation-satisfied id="338" threadId="0000000001E77D00" bytesRequested="32" />
<af-end id="339" timestamp="2019-06-14T18:53:43.551" threadId="0000000001E78688" success="true" from="nursery"/>
<exclusive-end id="340" timestamp="2019-06-14T18:53:43.551" durationms="2.366" />

<concurrent-kickoff id="341" timestamp="2019-06-14T18:53:43.831">
  <kickoff reason="threshold reached" targetBytes="1867303" thresholdFreeBytes="258006"  remainingFree="253664" tenureFreeBytes="729904" nurseryFreeBytes="253664" />
</concurrent-kickoff>
<exclusive-start id="342" timestamp="2019-06-14T18:53:43.831" intervalms="282.675">
  <response-info timems="0.027" idlems="0.027" threads="0" lastid="0000000001E70500" lastname="node-1" />
</exclusive-start>
<cycle-start id="343" type="global" contextid="0" timestamp="2019-06-14T18:53:43.831" intervalms="5670.022" />
<exclusive-end id="344" timestamp="2019-06-14T18:53:43.831" durationms="0.186" />

<exclusive-start id="345" timestamp="2019-06-14T18:53:43.956" intervalms="125.292">
  <response-info timems="0.049" idlems="0.049" threads="0" lastid="0000000001E77D00" lastname="node-0" />
</exclusive-start>
<af-start id="346" threadId="0000000001E78688" totalBytesRequested="32" timestamp="2019-06-14T18:53:43.957" intervalms="408.020" type="nursery" />
<cycle-start id="347" type="scavenge" contextid="0" timestamp="2019-06-14T18:53:43.957" intervalms="408.064" />
<gc-start id="348" type="scavenge" contextid="347" timestamp="2019-06-14T18:53:43.957">
  <mem-info id="349" free="729904" total="8388608" percent="8">
    <mem type="nursery" free="0" total="2097152" percent="0">
      <mem type="allocate" free="0" total="1638400" percent="0" />
      <mem type="survivor" free="0" total="458752" percent="0" />
    </mem>
    <mem type="tenure" free="729904" total="6291456" percent="11">
      <mem type="soa" free="415536" total="5977088" percent="6" />
      <mem type="loa" free="314368" total="314368" percent="100" />
    </mem>
    <remembered-set count="103" />
  </mem-info>
</gc-start>
<allocation-stats totalBytes="1285128" >
  <allocated-bytes non-tlh="32" tlh="1285096" />
  <largest-consumer threadName="node-2" threadId="0000000001E74100" bytes="466496" />
</allocation-stats>
<gc-op id="350" type="scavenge" timems="1.453" contextid="347" timestamp="2019-06-14T18:53:43.958">
  <scavenger-info tenureage="1" tenuremask="7ffe" tiltratio="78" />
  <memory-copied type="nursery" objects="13000" bytes="311880" bytesdiscarded="1464" />
  <memory-copied type="tenure" objects="13436" bytes="322464" bytesdiscarded="0" />
</gc-op>
<gc-end id="351" type="scavenge" contextid="347" durationms="1.734" usertimems="0.000" systemtimems="0.000" timestamp="2019-06-14T18:53:43.959" activeThreads="4">
  <mem-info id="352" free="1741616" total="8388608" percent="20">
    <mem type="nursery" free="1325056" total="2097152" percent="63">
      <mem type="allocate" free="1325056" total="1638400" percent="80" />
      <mem type="survivor" free="0" total="458752" percent="0" />
    </mem>
    <mem type="tenure" free="416560" total="6291456" percent="6">
      <mem type="soa" free="102192" total="5977088" percent="1" />
      <mem type="loa" free="314368" total="314368" percent="100" />
    </mem>
    <remembered-set count="91" />
  </mem-info>
</gc-end>
<cycle-end id="353" type="scavenge" contextid="347" timestamp="2019-06-14T18:53:43.959" />
  <attribute name="elasticGC enabled" value="1" />
  <attribute name= "numThreadsSpecified" value="4" />
  <attribute name="heapSize specified" value="8388608" />
  <attribute name="Current GC Util" value="0" />
  <attribute name= "Current Time Running" value="6623" />
  <attribute name ="GC Interval" value="200" />
  <attribute name="ProportionalT" value="-10.000000" />
  <attribute name="ProportionalI" value="-10.000000" />
  <attribute name="ProportionalH" value="-10.000000" />
  <attribute name="Current Error" value="-20.000000" />
  <attribute name="IntegralT" value="-8160.000000" />
  <attribute name="IntegralI" value="-8160.000000" />
  <attribute name="IntegralH" value="-8160.000000" />
  <attribute name="DerivativeT" value="-0.024510" />
  <attribute name="DerivativeI" value="-0.024510" />
  <attribute name="DerivativeH" value="-0.024510" />
  <attribute name="Loop Time for DT" value="408.000000" />
  <attribute name="Output H" value="2092630016"/>
  <attribute name="Output I" value="200"/>
  <attribute name="Output T" value="4"/>
  <attribute name="Target GC Util Change" value ="20.000000" />
  <attribute name="Current GC Util Change" value="0.000000"/>
  <attribute name="GC Util currently" value="0" />
  <attribute name="CPU Util currently" value="3" />
<allocation-satisfied id="354" threadId="0000000001E77D00" bytesRequested="32" />
<af-end id="355" timestamp="2019-06-14T18:53:43.959" threadId="0000000001E78688" success="true" from="nursery"/>
<exclusive-end id="356" timestamp="2019-06-14T18:53:43.959" durationms="2.487" />

<exclusive-start id="357" timestamp="2019-06-14T18:53:43.959" intervalms="2.596">
  <response-info timems="0.026" idlems="0.026" threads="0" lastid="0000000001E77D00" lastname="node-0" />
</exclusive-start>
<concurrent-collection-start id="358" timestamp="2019-06-14T18:53:43.959" intervalms="6792.860" >
  <concurrent-trace-info reason="card cleaning threshold reached" tracedByMutators="378508" tracedByHelpers="800880" cardsCleaned="19" workStackOverflowCount="0" />
</concurrent-collection-start>
<gc-start id="359" type="global" contextid="343" timestamp="2019-06-14T18:53:43.959">
  <mem-info id="360" free="1704720" total="8388608" percent="20">
    <mem type="nursery" free="1288160" total="2097152" percent="61">
      <mem type="allocate" free="1288160" total="1638400" percent="78" />
      <mem type="survivor" free="0" total="458752" percent="0" />
    </mem>
    <mem type="tenure" free="416560" total="6291456" percent="6">
      <mem type="soa" free="102192" total="5977088" percent="1" />
      <mem type="loa" free="314368" total="314368" percent="100" />
    </mem>
    <remembered-set count="92" />
  </mem-info>
</gc-start>
<allocation-stats totalBytes="36896" >
  <allocated-bytes non-tlh="32" tlh="36864" />
  <largest-consumer threadName="node-0" threadId="0000000001E77D00" bytes="36896" />
</allocation-stats>
<gc-op id="361" type="rs-scan" timems="0.223" contextid="343" timestamp="2019-06-14T18:53:43.960">
  <scan objectsFound="37" bytesTraced="3856" workStackOverflowCount="0" />
</gc-op>
<gc-op id="362" type="card-cleaning" timems="0.129" contextid="343" timestamp="2019-06-14T18:53:43.960">
  <card-cleaning cardsCleaned="17" bytesTraced="7364" workStackOverflowCount="0" />
</gc-op>
<gc-op id="363" type="mark" timems="0.490" contextid="343" timestamp="2019-06-14T18:53:43.961">
  <trace-info objectcount="230" scancount="189" scanbytes="5064" />
  <finalization candidates="13" enqueued="0" />
  <references type="soft" candidates="66" cleared="0" enqueued="0" dynamicThreshold="28" maxThreshold="32" />
  <references type="weak" candidates="130" cleared="0" enqueued="0" />
  <references type="phantom" candidates="32" cleared="2" enqueued="2" />
  <stringconstants candidates="3831" cleared="0"  />
</gc-op>
<gc-op id="364" type="sweep" timems="0.107" contextid="343" timestamp="2019-06-14T18:53:43.961" />
<mem-info id="365" free="5927536" total="8388608" percent="70">
  <mem type="nursery" free="1638032" total="2097152" percent="78">
    <mem type="allocate" free="1638032" total="1638400" percent="99" />
    <mem type="survivor" free="0" total="458752" percent="0" />
  </mem>
  <mem type="tenure" free="4289504" total="6291456" percent="68" micro-fragmented="0" macro-fragmented="0">
    <mem type="soa" free="3975136" total="5977088" percent="66" />
    <mem type="loa" free="314368" total="314368" percent="100" />
  </mem>
  <pending-finalizers system="0" default="0" reference="2" classloader="0" />
  <remembered-set count="91" />
</mem-info>
<gc-op id="366" type="compact" timems="9.369" contextid="343" timestamp="2019-06-14T18:53:43.970">
  <compact-info movecount="23279" movebytes="1210160" reason="compact to aid heap contraction" />
</gc-op>
<heap-resize id="367" type="expand" space="tenure" amount="2084241408" count="1" timems="0.019" reason="satisfy allocation request" timestamp="2019-06-14T18:53:43.971" />
<gc-end id="368" type="global" contextid="343" durationms="11.407" usertimems="12.000" systemtimems="0.000" timestamp="2019-06-14T18:53:43.971" activeThreads="4">
  <mem-info id="369" free="2090169984" total="2092630016" percent="99">
    <mem type="nursery" free="1638064" total="2097152" percent="78">
      <mem type="allocate" free="1638064" total="1638400" percent="99" />
      <mem type="survivor" free="0" total="458752" percent="0" />
    </mem>
    <mem type="tenure" free="2088531920" total="2090532864" percent="99">
      <mem type="soa" free="1984006096" total="1986007040" percent="99" />
      <mem type="loa" free="104525824" total="104525824" percent="100" />
    </mem>
    <pending-finalizers system="0" default="0" reference="2" classloader="0" />
    <remembered-set count="91" />
  </mem-info>
</gc-end>
<cycle-end id="370" type="global" contextid="343" timestamp="2019-06-14T18:53:43.971" />
  <attribute name="elasticGC enabled" value="1" />
  <attribute name= "numThreadsSpecified" value="4" />
  <attribute name="heapSize specified" value="8388608" />
  <attribute name="Current GC Util" value="10" />
  <attribute name= "Current Time Running" value="6636" />
  <attribute name ="GC Interval" value="200" />
  <attribute name="ProportionalT" value="-5.000000" />
  <attribute name="ProportionalI" value="-5.000000" />
  <attribute name="ProportionalH" value="-5.000000" />
  <attribute name="Current Error" value="-10.000000" />
  <attribute name="IntegralT" value="-90.000000" />
  <attribute name="IntegralI" value="-90.000000" />
  <attribute name="IntegralH" value="-90.000000" />
  <attribute name="DerivativeT" value="-0.555556" />
  <attribute name="DerivativeI" value="-0.555556" />
  <attribute name="DerivativeH" value="-0.555556" />
  <attribute name="Loop Time for DT" value="9.000000" />
  <attribute name="Output H" value="2092630016"/>
  <attribute name="Output I" value="200"/>
  <attribute name="Output T" value="4"/>
  <attribute name="Target GC Util Change" value ="20.000000" />
  <attribute name="Current GC Util Change" value="10.000000"/>
  <attribute name="GC Util currently" value="10" />
  <attribute name="CPU Util currently" value="484749839339" />
<concurrent-collection-end id="371" timestamp="2019-06-14T18:53:43.971" />
<exclusive-end id="372" timestamp="2019-06-14T18:53:43.971" durationms="12.148" />

<exclusive-start id="373" timestamp="2019-06-14T18:53:44.481" intervalms="521.469">
  <response-info timems="0.024" idlems="0.024" threads="0" lastid="0000000001E74100" lastname="node-2" />
</exclusive-start>
<af-start id="374" threadId="0000000001E74A88" totalBytesRequested="32" timestamp="2019-06-14T18:53:44.481" intervalms="524.000" type="nursery" />
<cycle-start id="375" type="scavenge" contextid="0" timestamp="2019-06-14T18:53:44.481" intervalms="523.958" />
<gc-start id="376" type="scavenge" contextid="375" timestamp="2019-06-14T18:53:44.481">
  <mem-info id="377" free="2088531920" total="2092630016" percent="99">
    <mem type="nursery" free="0" total="2097152" percent="0">
      <mem type="allocate" free="0" total="1638400" percent="0" />
      <mem type="survivor" free="0" total="458752" percent="0" />
    </mem>
    <mem type="tenure" free="2088531920" total="2090532864" percent="99">
      <mem type="soa" free="1984006096" total="1986007040" percent="99" />
      <mem type="loa" free="104525824" total="104525824" percent="100" />
    </mem>
    <remembered-set count="104" />
  </mem-info>
</gc-start>
<allocation-stats totalBytes="1636904" >
  <allocated-bytes non-tlh="0" tlh="1636904" />
  <largest-consumer threadName="node-0" threadId="0000000001E77D00" bytes="584816" />
</allocation-stats>
<gc-op id="378" type="scavenge" timems="0.169" contextid="375" timestamp="2019-06-14T18:53:44.481">
  <scavenger-info tenureage="1" tenuremask="7ffe" tiltratio="78" />
  <memory-copied type="nursery" objects="19" bytes="336" bytesdiscarded="38832" />
</gc-op>
<gc-end id="379" type="scavenge" contextid="375" durationms="0.524" usertimems="0.000" systemtimems="0.000" timestamp="2019-06-14T18:53:44.481" activeThreads="4">
  <mem-info id="380" free="2090196688" total="2092630016" percent="99">
    <mem type="nursery" free="1664768" total="2097152" percent="79">
      <mem type="allocate" free="1664768" total="1703936" percent="97" />
      <mem type="survivor" free="0" total="393216" percent="0" />
    </mem>
    <mem type="tenure" free="2088531920" total="2090532864" percent="99">
      <mem type="soa" free="1984006096" total="1986007040" percent="99" />
      <mem type="loa" free="104525824" total="104525824" percent="100" />
    </mem>
    <remembered-set count="92" />
  </mem-info>
</gc-end>
<cycle-end id="381" type="scavenge" contextid="375" timestamp="2019-06-14T18:53:44.481" />
  <attribute name="elasticGC enabled" value="1" />
  <attribute name= "numThreadsSpecified" value="4" />
  <attribute name="heapSize specified" value="8388608" />
  <attribute name="Current GC Util" value="2" />
  <attribute name= "Current Time Running" value="7147" />
  <attribute name ="GC Interval" value="200" />
  <attribute name="ProportionalT" value="-9.000000" />
  <attribute name="ProportionalI" value="-9.000000" />
  <attribute name="ProportionalH" value="-9.000000" />
  <attribute name="Current Error" value="-18.000000" />
  <attribute name="IntegralT" value="-9198.000000" />
  <attribute name="IntegralI" value="-9198.000000" />
  <attribute name="IntegralH" value="-9198.000000" />
  <attribute name="DerivativeT" value="-0.017613" />
  <attribute name="DerivativeI" value="-0.017613" />
  <attribute name="DerivativeH" value="-0.017613" />
  <attribute name="Loop Time for DT" value="511.000000" />
  <attribute name="Output H" value="2092630016"/>
  <attribute name="Output I" value="200"/>
  <attribute name="Output T" value="4"/>
  <attribute name="Target GC Util Change" value ="20.000000" />
  <attribute name="Current GC Util Change" value="2.000000"/>
  <attribute name="GC Util currently" value="2" />
  <attribute name="CPU Util currently" value="0" />
<allocation-satisfied id="382" threadId="0000000001E74100" bytesRequested="32" />
<af-end id="383" timestamp="2019-06-14T18:53:44.482" threadId="0000000001E74A88" success="true" from="nursery"/>
<exclusive-end id="384" timestamp="2019-06-14T18:53:44.482" durationms="1.108" />

<exclusive-start id="385" timestamp="2019-06-14T18:53:44.982" intervalms="501.172">
  <response-info timems="0.038" idlems="0.038" threads="0" lastid="0000000001E70500" lastname="node-1" />
</exclusive-start>
<af-start id="386" threadId="0000000001E70E88" totalBytesRequested="16" timestamp="2019-06-14T18:53:44.982" intervalms="501.177" type="nursery" />
<cycle-start id="387" type="scavenge" contextid="0" timestamp="2019-06-14T18:53:44.982" intervalms="501.171" />
<gc-start id="388" type="scavenge" contextid="387" timestamp="2019-06-14T18:53:44.982">
  <mem-info id="389" free="2088531920" total="2092630016" percent="99">
    <mem type="nursery" free="0" total="2097152" percent="0">
      <mem type="allocate" free="0" total="1703936" percent="0" />
      <mem type="survivor" free="0" total="393216" percent="0" />
    </mem>
    <mem type="tenure" free="2088531920" total="2090532864" percent="99">
      <mem type="soa" free="1984006096" total="1986007040" percent="99" />
      <mem type="loa" free="104525824" total="104525824" percent="100" />
    </mem>
    <remembered-set count="104" />
  </mem-info>
</gc-start>
<allocation-stats totalBytes="1664496" >
  <allocated-bytes non-tlh="32" tlh="1664464" />
  <largest-consumer threadName="node-1" threadId="0000000001E70500" bytes="558712" />
</allocation-stats>
<gc-op id="390" type="scavenge" timems="0.196" contextid="387" timestamp="2019-06-14T18:53:44.982">
  <scavenger-info tenureage="2" tenuremask="7ffc" tiltratio="81" />
  <memory-copied type="nursery" objects="28" bytes="1384" bytesdiscarded="76952" />
</gc-op>
<gc-end id="391" type="scavenge" contextid="387" durationms="0.385" usertimems="0.000" systemtimems="0.000" timestamp="2019-06-14T18:53:44.982" activeThreads="4">
  <mem-info id="392" free="2090223056" total="2092630016" percent="99">
    <mem type="nursery" free="1691136" total="2097152" percent="80">
      <mem type="allocate" free="1691136" total="1769472" percent="95" />
      <mem type="survivor" free="0" total="327680" percent="0" />
    </mem>
    <mem type="tenure" free="2088531920" total="2090532864" percent="99">
      <mem type="soa" free="1984006096" total="1986007040" percent="99" />
      <mem type="loa" free="104525824" total="104525824" percent="100" />
    </mem>
    <remembered-set count="95" />
  </mem-info>
</gc-end>
<cycle-end id="393" type="scavenge" contextid="387" timestamp="2019-06-14T18:53:44.982" />
  <attribute name="elasticGC enabled" value="1" />
  <attribute name= "numThreadsSpecified" value="4" />
  <attribute name="heapSize specified" value="8388608" />
  <attribute name="Current GC Util" value="0" />
  <attribute name= "Current Time Running" value="7648" />
  <attribute name ="GC Interval" value="200" />
  <attribute name="ProportionalT" value="-10.000000" />
  <attribute name="ProportionalI" value="-10.000000" />
  <attribute name="ProportionalH" value="-10.000000" />
  <attribute name="Current Error" value="-20.000000" />
  <attribute name="IntegralT" value="-10020.000000" />
  <attribute name="IntegralI" value="-10020.000000" />
  <attribute name="IntegralH" value="-10020.000000" />
  <attribute name="DerivativeT" value="-0.019960" />
  <attribute name="DerivativeI" value="-0.019960" />
  <attribute name="DerivativeH" value="-0.019960" />
  <attribute name="Loop Time for DT" value="501.000000" />
  <attribute name="Output H" value="2092630016"/>
  <attribute name="Output I" value="200"/>
  <attribute name="Output T" value="4"/>
  <attribute name="Target GC Util Change" value ="20.000000" />
  <attribute name="Current GC Util Change" value="0.000000"/>
  <attribute name="GC Util currently" value="0" />
  <attribute name="CPU Util currently" value="2" />
<allocation-satisfied id="394" threadId="0000000001E70500" bytesRequested="16" />
<af-end id="395" timestamp="2019-06-14T18:53:44.983" threadId="0000000001E70E88" success="true" from="nursery"/>
<exclusive-end id="396" timestamp="2019-06-14T18:53:44.983" durationms="0.822" />

<exclusive-start id="397" timestamp="2019-06-14T18:53:45.490" intervalms="508.495">
  <response-info timems="0.025" idlems="0.025" threads="0" lastid="0000000001E74100" lastname="node-2" />
</exclusive-start>
<af-start id="398" threadId="0000000001E74A88" totalBytesRequested="32" timestamp="2019-06-14T18:53:45.490" intervalms="508.562" type="nursery" />
<cycle-start id="399" type="scavenge" contextid="0" timestamp="2019-06-14T18:53:45.490" intervalms="508.620" />
<gc-start id="400" type="scavenge" contextid="399" timestamp="2019-06-14T18:53:45.491">
  <mem-info id="401" free="2088531920" total="2092630016" percent="99">
    <mem type="nursery" free="0" total="2097152" percent="0">
      <mem type="allocate" free="0" total="1769472" percent="0" />
      <mem type="survivor" free="0" total="327680" percent="0" />
    </mem>
    <mem type="tenure" free="2088531920" total="2090532864" percent="99">
      <mem type="soa" free="1984006096" total="1986007040" percent="99" />
      <mem type="loa" free="104525824" total="104525824" percent="100" />
    </mem>
    <remembered-set count="104" />
  </mem-info>
</gc-start>
<allocation-stats totalBytes="1690792" >
  <allocated-bytes non-tlh="16" tlh="1690776" />
  <largest-consumer threadName="node-1" threadId="0000000001E70500" bytes="593840" />
</allocation-stats>
<gc-op id="402" type="scavenge" timems="0.246" contextid="399" timestamp="2019-06-14T18:53:45.491">
  <scavenger-info tenureage="3" tenuremask="7ff8" tiltratio="84" />
  <memory-copied type="nursery" objects="20" bytes="360" bytesdiscarded="77976" />
</gc-op>
<gc-end id="403" type="scavenge" contextid="399" durationms="0.716" usertimems="0.000" systemtimems="0.000" timestamp="2019-06-14T18:53:45.491" activeThreads="4">
  <mem-info id="404" free="2090288592" total="2092630016" percent="99">
    <mem type="nursery" free="1756672" total="2097152" percent="83">
      <mem type="allocate" free="1756672" total="1835008" percent="95" />
      <mem type="survivor" free="0" total="262144" percent="0" />
    </mem>
    <mem type="tenure" free="2088531920" total="2090532864" percent="99">
      <mem type="soa" free="1984006096" total="1986007040" percent="99" />
      <mem type="loa" free="104525824" total="104525824" percent="100" />
    </mem>
    <remembered-set count="88" />
  </mem-info>
</gc-end>
<cycle-end id="405" type="scavenge" contextid="399" timestamp="2019-06-14T18:53:45.491" />
  <attribute name="elasticGC enabled" value="1" />
  <attribute name= "numThreadsSpecified" value="4" />
  <attribute name="heapSize specified" value="8388608" />
  <attribute name="Current GC Util" value="0" />
  <attribute name= "Current Time Running" value="8157" />
  <attribute name ="GC Interval" value="200" />
  <attribute name="ProportionalT" value="-10.000000" />
  <attribute name="ProportionalI" value="-10.000000" />
  <attribute name="ProportionalH" value="-10.000000" />
  <attribute name="Current Error" value="-20.000000" />
  <attribute name="IntegralT" value="-10180.000000" />
  <attribute name="IntegralI" value="-10180.000000" />
  <attribute name="IntegralH" value="-10180.000000" />
  <attribute name="DerivativeT" value="-0.019646" />
  <attribute name="DerivativeI" value="-0.019646" />
  <attribute name="DerivativeH" value="-0.019646" />
  <attribute name="Loop Time for DT" value="509.000000" />
  <attribute name="Output H" value="2092630016"/>
  <attribute name="Output I" value="200"/>
  <attribute name="Output T" value="4"/>
  <attribute name="Target GC Util Change" value ="20.000000" />
  <attribute name="Current GC Util Change" value="0.000000"/>
  <attribute name="GC Util currently" value="0" />
  <attribute name="CPU Util currently" value="4" />
<allocation-satisfied id="406" threadId="0000000001E74100" bytesRequested="32" />
<af-end id="407" timestamp="2019-06-14T18:53:45.492" threadId="0000000001E74A88" success="true" from="nursery"/>
<exclusive-end id="408" timestamp="2019-06-14T18:53:45.492" durationms="1.340" />

<exclusive-start id="409" timestamp="2019-06-14T18:53:46.032" intervalms="541.820">
  <response-info timems="0.029" idlems="0.029" threads="0" lastid="0000000001E77D00" lastname="node-0" />
</exclusive-start>
<af-start id="410" threadId="0000000001E78688" totalBytesRequested="24" timestamp="2019-06-14T18:53:46.032" intervalms="541.755" type="nursery" />
<cycle-start id="411" type="scavenge" contextid="0" timestamp="2019-06-14T18:53:46.032" intervalms="541.690" />
<gc-start id="412" type="scavenge" contextid="411" timestamp="2019-06-14T18:53:46.032">
  <mem-info id="413" free="2088531920" total="2092630016" percent="99">
    <mem type="nursery" free="0" total="2097152" percent="0">
      <mem type="allocate" free="0" total="1835008" percent="0" />
      <mem type="survivor" free="0" total="262144" percent="0" />
    </mem>
    <mem type="tenure" free="2088531920" total="2090532864" percent="99">
      <mem type="soa" free="1984006096" total="1986007040" percent="99" />
      <mem type="loa" free="104525824" total="104525824" percent="100" />
    </mem>
    <remembered-set count="100" />
  </mem-info>
</gc-start>
<allocation-stats totalBytes="1756256" >
  <allocated-bytes non-tlh="32" tlh="1756224" />
  <largest-consumer threadName="node-1" threadId="0000000001E70500" bytes="593856" />
</allocation-stats>
<gc-op id="414" type="scavenge" timems="0.256" contextid="411" timestamp="2019-06-14T18:53:46.033">
  <scavenger-info tenureage="4" tenuremask="7ff0" tiltratio="87" />
  <memory-copied type="nursery" objects="18" bytes="312" bytesdiscarded="78024" />
</gc-op>
<gc-end id="415" type="scavenge" contextid="411" durationms="0.684" usertimems="0.000" systemtimems="0.000" timestamp="2019-06-14T18:53:46.033" activeThreads="4">
  <mem-info id="416" free="2090288592" total="2092630016" percent="99">
    <mem type="nursery" free="1756672" total="2097152" percent="83">
      <mem type="allocate" free="1756672" total="1835008" percent="95" />
      <mem type="survivor" free="0" total="262144" percent="0" />
    </mem>
    <mem type="tenure" free="2088531920" total="2090532864" percent="99" macro-fragmented="868149">
      <mem type="soa" free="1984006096" total="1986007040" percent="99" />
      <mem type="loa" free="104525824" total="104525824" percent="100" />
    </mem>
    <remembered-set count="88" />
  </mem-info>
</gc-end>
<cycle-end id="417" type="scavenge" contextid="411" timestamp="2019-06-14T18:53:46.033" />
  <attribute name="elasticGC enabled" value="1" />
  <attribute name= "numThreadsSpecified" value="4" />
  <attribute name="heapSize specified" value="8388608" />
  <attribute name="Current GC Util" value="0" />
  <attribute name= "Current Time Running" value="8698" />
  <attribute name ="GC Interval" value="200" />
  <attribute name="ProportionalT" value="-10.000000" />
  <attribute name="ProportionalI" value="-10.000000" />
  <attribute name="ProportionalH" value="-10.000000" />
  <attribute name="Current Error" value="-20.000000" />
  <attribute name="IntegralT" value="-10820.000000" />
  <attribute name="IntegralI" value="-10820.000000" />
  <attribute name="IntegralH" value="-10820.000000" />
  <attribute name="DerivativeT" value="-0.018484" />
  <attribute name="DerivativeI" value="-0.018484" />
  <attribute name="DerivativeH" value="-0.018484" />
  <attribute name="Loop Time for DT" value="541.000000" />
  <attribute name="Output H" value="2092630016"/>
  <attribute name="Output I" value="200"/>
  <attribute name="Output T" value="4"/>
  <attribute name="Target GC Util Change" value ="20.000000" />
  <attribute name="Current GC Util Change" value="0.000000"/>
  <attribute name="GC Util currently" value="0" />
  <attribute name="CPU Util currently" value="4" />
<allocation-satisfied id="418" threadId="0000000001E77D00" bytesRequested="24" />
<af-end id="419" timestamp="2019-06-14T18:53:46.033" threadId="0000000001E78688" success="true" from="nursery"/>
<exclusive-end id="420" timestamp="2019-06-14T18:53:46.033" durationms="1.178" />

<exclusive-start id="421" timestamp="2019-06-14T18:53:46.554" intervalms="522.104">
  <response-info timems="0.025" idlems="0.025" threads="0" lastid="0000000001E77D00" lastname="node-0" />
</exclusive-start>
<af-start id="422" threadId="0000000001E78688" totalBytesRequested="32" timestamp="2019-06-14T18:53:46.554" intervalms="522.106" type="nursery" />
<cycle-start id="423" type="scavenge" contextid="0" timestamp="2019-06-14T18:53:46.554" intervalms="522.120" />
<gc-start id="424" type="scavenge" contextid="423" timestamp="2019-06-14T18:53:46.554">
  <mem-info id="425" free="2088531920" total="2092630016" percent="99">
    <mem type="nursery" free="0" total="2097152" percent="0">
      <mem type="allocate" free="0" total="1835008" percent="0" />
      <mem type="survivor" free="0" total="262144" percent="0" />
    </mem>
    <mem type="tenure" free="2088531920" total="2090532864" percent="99">
      <mem type="soa" free="1984006096" total="1986007040" percent="99" />
      <mem type="loa" free="104525824" total="104525824" percent="100" />
    </mem>
    <remembered-set count="100" />
  </mem-info>
</gc-start>
<allocation-stats totalBytes="1756392" >
  <allocated-bytes non-tlh="24" tlh="1756368" />
  <largest-consumer threadName="node-2" threadId="0000000001E74100" bytes="593856" />
</allocation-stats>
<gc-op id="426" type="scavenge" timems="0.181" contextid="423" timestamp="2019-06-14T18:53:46.555">
  <scavenger-info tenureage="5" tenuremask="7fe0" tiltratio="87" />
  <memory-copied type="nursery" objects="19" bytes="336" bytesdiscarded="38832" />
</gc-op>
<gc-end id="427" type="scavenge" contextid="423" durationms="0.550" usertimems="4.000" systemtimems="0.000" timestamp="2019-06-14T18:53:46.555" activeThreads="4">
  <mem-info id="428" free="2090327760" total="2092630016" percent="99">
    <mem type="nursery" free="1795840" total="2097152" percent="85">
      <mem type="allocate" free="1795840" total="1835008" percent="97" />
      <mem type="survivor" free="0" total="262144" percent="0" />
    </mem>
    <mem type="tenure" free="2088531920" total="2090532864" percent="99" macro-fragmented="0">
      <mem type="soa" free="1984006096" total="1986007040" percent="99" />
      <mem type="loa" free="104525824" total="104525824" percent="100" />
    </mem>
    <remembered-set count="88" />
  </mem-info>
</gc-end>
<cycle-end id="429" type="scavenge" contextid="423" timestamp="2019-06-14T18:53:46.555" />
  <attribute name="elasticGC enabled" value="1" />
  <attribute name= "numThreadsSpecified" value="4" />
  <attribute name="heapSize specified" value="8388608" />
  <attribute name="Current GC Util" value="0" />
  <attribute name= "Current Time Running" value="9220" />
  <attribute name ="GC Interval" value="200" />
  <attribute name="ProportionalT" value="-10.000000" />
  <attribute name="ProportionalI" value="-10.000000" />
  <attribute name="ProportionalH" value="-10.000000" />
  <attribute name="Current Error" value="-20.000000" />
  <attribute name="IntegralT" value="-10440.000000" />
  <attribute name="IntegralI" value="-10440.000000" />
  <attribute name="IntegralH" value="-10440.000000" />
  <attribute name="DerivativeT" value="-0.019157" />
  <attribute name="DerivativeI" value="-0.019157" />
  <attribute name="DerivativeH" value="-0.019157" />
  <attribute name="Loop Time for DT" value="522.000000" />
  <attribute name="Output H" value="2092630016"/>
  <attribute name="Output I" value="200"/>
  <attribute name="Output T" value="4"/>
  <attribute name="Target GC Util Change" value ="20.000000" />
  <attribute name="Current GC Util Change" value="0.000000"/>
  <attribute name="GC Util currently" value="0" />
  <attribute name="CPU Util currently" value="0" />
<allocation-satisfied id="430" threadId="0000000001E77D00" bytesRequested="32" />
<af-end id="431" timestamp="2019-06-14T18:53:46.555" threadId="0000000001E78688" success="true" from="nursery"/>
<exclusive-end id="432" timestamp="2019-06-14T18:53:46.555" durationms="1.167" />

</verbosegc>

