<?xml version="1.0" ?>

<verbosegc xmlns="http://www.ibm.com/j9/verbosegc" version="25b0271_CMPRSS">

<initialized id="1" timestamp="2019-07-03T01:26:24.138">
  <attribute name="gcPolicy" value="-Xgcpolicy:balanced" />
  <attribute name="GC Util" value="0" />
  <attribute name="CPU Util" value="0" />
  <attribute name="Time Running"value="0"/>
  <attribute name="Number of cores"value="0"/>
  <attribute name="maxHeapSize" value="0x7cb00000" />
  <attribute name="initialHeapSize" value="0x800000" />
  <attribute name="compressedRefs" value="true" />
  <attribute name="compressedRefsDisplacement" value="0x0" />
  <attribute name="compressedRefsShift" value="0x0" />
  <attribute name="pageSize" value="0x1000" />
  <attribute name="pageType" value="not used" />
  <attribute name="requestedPageSize" value="0x1000" />
  <attribute name="requestedPageType" value="not used" />
  <attribute name="gcthreads" value="4" />
  <attribute name="packetListSplit" value="4" />
  <attribute name="cacheListSplit" value="4" />
  <attribute name="splitFreeListSplitAmount" value="1" />
  <attribute name="numaNodes" value="0" />
  <region>
    <attribute name="regionSize" value="1048576" />
    <attribute name="regionCount" value="1995" />
    <attribute name="arrayletLeafSize" value="1048576" />
  </region>
  <system>
    <attribute name="physicalMemory" value="8370962432" />
    <attribute name="numCPUs" value="4" />
    <attribute name="architecture" value="amd64" />
    <attribute name="os" value="Linux" />
    <attribute name="osVersion" value="4.4.0-148-generic" />
  </system>
  <vmargs>
    <vmarg name="-Xoptionsfile=/vagrant/jdk/lib/options.default" />
    <vmarg name="-Xlockword:mode=default,noLockword=java/lang/String,noLockword=java/util/MapEntry,noLockword=java/util/HashMap$Entry,noLockword..." />
    <vmarg name="-Xjcl:jclse11_29" />
    <vmarg name="-Dcom.ibm.oti.vm.bootstrap.library.path=/vagrant/jdk/lib/compressedrefs:/vagrant/jdk/lib" />
    <vmarg name="-Dsun.boot.library.path=/vagrant/jdk/lib/compressedrefs:/vagrant/jdk/lib" />
    <vmarg name="-Djava.library.path=/vagrant/jdk/lib/compressedrefs:/vagrant/jdk/lib:/usr/lib64:/usr/lib" />
    <vmarg name="-Djava.home=/vagrant/jdk" />
    <vmarg name="-Duser.dir=/vagrant" />
    <vmarg name="-Xgcpolicy:balanced" />
    <vmarg name="-verbose:gc" />
    <vmarg name="-Xloggc:large-Balanced-jdkF-verbose12avrora.txt" />
    <vmarg name="-Djava.class.path=dacapo-9.12-MR1-bach.jar" />
    <vmarg name="-Dsun.java.command=dacapo-9.12-MR1-bach.jar avrora --size=large" />
    <vmarg name="-Dsun.java.launcher=SUN_STANDARD" />
    <vmarg name="-Dsun.java.launcher.pid=31616" />
  </vmargs>
</initialized>

<exclusive-start id="2" timestamp="2019-07-03T01:26:24.837" intervalms="698.629">
  <response-info timems="0.023" idlems="0.023" threads="0" lastid="0000000000FA6700" lastname="main" />
</exclusive-start>
<sys-start reason="explicit" id="3" timestamp="2019-07-03T01:26:24.837" intervalms="698.850" />
<cycle-start id="4" type="global garbage collect" contextid="0" timestamp="2019-07-03T01:26:24.837" intervalms="699.102" />
  <attribute name="GC Util" value="0" />
  <attribute name="CPU Util" value="97" />
  <attribute name="Time Running"value="0"/>
  <attribute name="Number of cores"value="4"/>
<gc-start id="5" type="global garbage collect" contextid="4" timestamp="2019-07-03T01:26:24.837">
  <mem-info id="6" free="1662824" total="8388608" percent="19">
    <mem type="eden" free="614248" total="7340032" percent="8" />
    <remembered-set count="0" freebytes="334848" totalbytes="334848" percent="100" regionsoverflowed="0" regionsstable="0" regionsrebuilding="0"/>
  </mem-info>
</gc-start>
<allocation-stats totalBytes="6683096" >
  <allocated-bytes non-tlh="486640" tlh="6196456" arrayletleaf="0"/>
  <largest-consumer threadName="main" threadId="0000000000FA6700" bytes="6607408" />
</allocation-stats>
<gc-op id="7" type="global mark" timems="2.920" contextid="4" timestamp="2019-07-03T01:26:24.841">
  <trace-info objectcount="17802" scancount="14071" scanbytes="462232" />
  <finalization candidates="19" enqueued="1" />
  <references type="soft" candidates="66" cleared="0" enqueued="0" dynamicThreshold="32" maxThreshold="32" />
  <references type="weak" candidates="576" cleared="412" enqueued="372" />
  <references type="phantom" candidates="99" cleared="41" enqueued="41" />
  <stringconstants candidates="2443" cleared="0"  />
</gc-op>
<gc-op id="8" type="classunload" timems="0.041" contextid="4" timestamp="2019-07-03T01:26:24.841">
  <classunload-info classloadercandidates="6" classloadersunloaded="0" classesunloaded="0" anonymousclassesunloaded="0" quiescems="0.000" setupms="0.041" scanms="0.000" postms="0.000" />
</gc-op>
<gc-op id="9" type="sweep" timems="1.037" contextid="4" timestamp="2019-07-03T01:26:24.842" />
<gc-op id="10" type="compact" timems="4.064" contextid="4" timestamp="2019-07-03T01:26:24.847">
  <compact-info movecount="17794" movebytes="1019008" />
  <remembered-set-cleared processed="1128" cleared="1128" durationms="0.119" />
</gc-op>
<gc-end id="11" type="global garbage collect" contextid="4" durationms="9.809" usertimems="4.000" systemtimems="4.000" timestamp="2019-07-03T01:26:24.847" activeThreads="4">
  <mem-info id="12" free="7340032" total="8388608" percent="87">
    <pending-finalizers system="1" default="0" reference="413" classloader="0" />
    <remembered-set count="0" freebytes="334848" totalbytes="334848" percent="100" regionsoverflowed="0" regionsstable="0" regionsrebuilding="0"/>
  </mem-info>
</gc-end>
<cycle-end id="13" type="global garbage collect" contextid="4" timestamp="2019-07-03T01:26:24.847">
  <attribute name="GC Util" value="24" />
  <attribute name="CPU Util" value="13934322686282" />
  <attribute name="Time Running"value="599"/>
  <attribute name="Number of cores"value="4"/>
</cycle-end>
<sys-end id="14" timestamp="2019-07-03T01:26:24.848" />
<exclusive-end id="15" timestamp="2019-07-03T01:26:24.848" durationms="11.166" />

<exclusive-start id="16" timestamp="2019-07-03T01:26:26.704" intervalms="1867.787">
  <response-info timems="0.011" idlems="0.011" threads="0" lastid="0000000000FA6700" lastname="main" />
</exclusive-start>
<allocation-taxation id="17" taxation-threshold="7340032" timestamp="2019-07-03T01:26:26.704" intervalms="2566.545" />
<cycle-start id="18" type="partial gc" contextid="0" timestamp="2019-07-03T01:26:26.705" intervalms="2566.691" />
  <attribute name="GC Util" value="24" />
  <attribute name="CPU Util" value="13934322686282" />
  <attribute name="Time Running"value="599"/>
  <attribute name="Number of cores"value="4"/>
<gc-start id="19" type="partial gc" contextid="18" timestamp="2019-07-03T01:26:26.705">
  <mem-info id="20" free="0" total="8388608" percent="0">
    <mem type="eden" free="0" total="7340032" percent="0" />
    <remembered-set count="0" freebytes="334848" totalbytes="334848" percent="100" regionsoverflowed="0" regionsstable="0" regionsrebuilding="0"/>
  </mem-info>
</gc-start>
<allocation-stats totalBytes="7332848" >
  <allocated-bytes non-tlh="147880" tlh="7184968" arrayletleaf="0"/>
  <largest-consumer threadName="main" threadId="0000000000FA6700" bytes="7316776" />
</allocation-stats>
<gc-op id="21" type="mark" timems="7.340" contextid="18" timestamp="2019-07-03T01:26:26.713">
  <trace-info objectcount="78977" scancount="75251" scanbytes="2274452" />
  <cardclean-info objects="1158" bytes="40372" />
  <remembered-set-cleared processed="0" cleared="0" durationms="0.054" />
  <references type="weak" candidates="43" cleared="42" enqueued="42" />
  <references type="phantom" candidates="13" cleared="11" enqueued="11" />
  <stringconstants candidates="3629" cleared="0"  />
  <warning details="Mark invoked due to insufficient free space for Copy-Forward" />
</gc-op>
<gc-op id="22" type="classunload" timems="0.001" contextid="18" timestamp="2019-07-03T01:26:26.713">
  <classunload-info classloadercandidates="6" classloadersunloaded="0" classesunloaded="0" anonymousclassesunloaded="0" quiescems="0.000" setupms="0.001" scanms="0.000" postms="0.000" />
</gc-op>
<gc-op id="23" type="sweep" timems="0.375" contextid="18" timestamp="2019-07-03T01:26:26.713" />
<gc-op id="24" type="compact" timems="12.882" contextid="18" timestamp="2019-07-03T01:26:26.726">
  <compact-info movecount="78977" movebytes="2671504" />
  <remembered-set-cleared processed="703" cleared="703" durationms="0.054" />
</gc-op>
<gc-end id="25" type="partial gc" contextid="18" durationms="22.153" usertimems="4.000" systemtimems="16.000" timestamp="2019-07-03T01:26:26.727" activeThreads="4">
  <mem-info id="26" free="4194304" total="8388608" percent="50">
    <mem type="eden" free="423112" total="3145728" percent="13" />
    <pending-finalizers system="0" default="0" reference="53" classloader="0" />
    <remembered-set count="3072" freebytes="322560" totalbytes="334848" percent="96" regionsoverflowed="0" regionsstable="0" regionsrebuilding="0"/>
  </mem-info>
</gc-end>
<cycle-end id="27" type="partial gc" contextid="18" timestamp="2019-07-03T01:26:26.727">
  <attribute name="GC Util" value="12" />
  <attribute name="CPU Util" value="25274775120864" />
  <attribute name="Time Running"value="2470"/>
  <attribute name="Number of cores"value="4"/>
</cycle-end>
<exclusive-end id="28" timestamp="2019-07-03T01:26:26.727" durationms="22.951" />

<exclusive-start id="29" timestamp="2019-07-03T01:26:26.765" intervalms="61.047">
  <response-info timems="0.078" idlems="0.078" threads="0" lastid="0000000000FA6700" lastname="main" />
</exclusive-start>
<allocation-taxation id="30" taxation-threshold="2097152" timestamp="2019-07-03T01:26:26.766" intervalms="61.043" />
<cycle-start id="31" type="global mark phase" contextid="0" timestamp="2019-07-03T01:26:26.766" intervalms="2627.739" />
  <attribute name="GC Util" value="12" />
  <attribute name="CPU Util" value="25274775120864" />
  <attribute name="Time Running"value="2470"/>
  <attribute name="Number of cores"value="4"/>
<gc-start id="32" type="global mark phase" contextid="31" timestamp="2019-07-03T01:26:26.766">
  <mem-info id="33" free="2097152" total="8388608" percent="25">
    <remembered-set count="3072" freebytes="322560" totalbytes="334848" percent="96" regionsoverflowed="0" regionsstable="0" regionsrebuilding="0"/>
  </mem-info>
</gc-start>
<gc-op id="34" type="mark increment" timems="0.566" contextid="31" timestamp="2019-07-03T01:26:26.766">
  <trace-info objectcount="107" scancount="0" scanbytes="0" />
</gc-op>
<gc-end id="35" type="global mark phase" contextid="31" durationms="0.688" usertimems="4.000" systemtimems="0.000" timestamp="2019-07-03T01:26:26.766" activeThreads="4">
  <mem-info id="36" free="2097152" total="8388608" percent="25">
    <remembered-set count="3072" freebytes="322560" totalbytes="334848" percent="96" regionsoverflowed="0" regionsstable="0" regionsrebuilding="0"/>
  </mem-info>
</gc-end>
<concurrent-start id="37" type="GMP work packet processing" contextid="31" timestamp="2019-07-03T01:26:26.767">
  <concurrent-mark-start scanTarget="18446744073709551615" />
</concurrent-start>
<exclusive-end id="38" timestamp="2019-07-03T01:26:26.767" durationms="1.237" />

<concurrent-end id="39" type="GMP work packet processing" contextid="31" timestamp="2019-07-03T01:26:26.770">
  <concurrent-mark-end bytesScanned="3499940" reasonForTermination="Completed all work in GC phase" />
</concurrent-end>

<exclusive-start id="40" timestamp="2019-07-03T01:26:26.795" intervalms="29.221">
  <response-info timems="0.069" idlems="0.069" threads="0" lastid="0000000000FA6700" lastname="main" />
</exclusive-start>
<allocation-taxation id="41" taxation-threshold="2097152" timestamp="2019-07-03T01:26:26.795" intervalms="29.206" />
<cycle-start id="42" type="partial gc" contextid="0" timestamp="2019-07-03T01:26:26.795" intervalms="90.253" />
  <attribute name="GC Util" value="119" />
  <attribute name="CPU Util" value="37099389754776" />
  <attribute name="Time Running"value="2523"/>
  <attribute name="Number of cores"value="4"/>
<gc-start id="43" type="partial gc" contextid="42" timestamp="2019-07-03T01:26:26.795">
  <mem-info id="44" free="0" total="8388608" percent="0">
    <mem type="eden" free="0" total="4194304" percent="0" />
    <remembered-set count="3072" freebytes="322560" totalbytes="334848" percent="96" regionsoverflowed="0" regionsstable="0" regionsrebuilding="0"/>
  </mem-info>
</gc-start>
<allocation-stats totalBytes="4191744" >
  <allocated-bytes non-tlh="90480" tlh="4101264" arrayletleaf="0"/>
  <largest-consumer threadName="main" threadId="0000000000FA6700" bytes="2095688" />
</allocation-stats>
<gc-op id="45" type="mark" timems="6.442" contextid="42" timestamp="2019-07-03T01:26:26.802">
  <trace-info objectcount="119704" scancount="113261" scanbytes="4445196" />
  <cardclean-info objects="112" bytes="5976" />
  <remembered-set-cleared processed="288" cleared="288" durationms="0.077" />
  <references type="weak" candidates="1" cleared="0" enqueued="0" />
  <references type="phantom" candidates="2" cleared="0" enqueued="0" />
  <stringconstants candidates="3811" cleared="0"  />
  <warning details="Mark invoked due to insufficient free space for Copy-Forward" />
</gc-op>
<gc-op id="46" type="classunload" timems="0.001" contextid="42" timestamp="2019-07-03T01:26:26.802">
  <classunload-info classloadercandidates="6" classloadersunloaded="0" classesunloaded="0" anonymousclassesunloaded="0" quiescems="0.000" setupms="0.001" scanms="0.000" postms="0.000" />
</gc-op>
<gc-op id="47" type="sweep" timems="1.482" contextid="42" timestamp="2019-07-03T01:26:26.804" />
<gc-op id="48" type="compact" timems="13.395" contextid="42" timestamp="2019-07-03T01:26:26.817">
  <compact-info movecount="101050" movebytes="4861176" />
  <remembered-set-cleared processed="1199" cleared="1199" durationms="0.077" />
</gc-op>
<heap-resize id="49" type="expand" space="default" amount="5242880" count="1" timems="0.091" reason="satisfy allocation request" timestamp="2019-07-03T01:26:26.818" />
<gc-end id="50" type="partial gc" contextid="42" durationms="23.079" usertimems="36.000" systemtimems="0.000" timestamp="2019-07-03T01:26:26.818" activeThreads="4">
  <mem-info id="51" free="6291456" total="13631488" percent="46">
    <mem type="eden" free="380256" total="3145728" percent="12" />
    <remembered-set count="5632" freebytes="521600" totalbytes="544128" percent="95" regionsoverflowed="0" regionsstable="0" regionsrebuilding="0"/>
  </mem-info>
</gc-end>
<cycle-end id="52" type="partial gc" contextid="42" timestamp="2019-07-03T01:26:26.818">
  <attribute name="GC Util" value="95" />
  <attribute name="CPU Util" value="10812064331363" />
  <attribute name="Time Running"value="2560"/>
  <attribute name="Number of cores"value="4"/>
</cycle-end>
<exclusive-end id="53" timestamp="2019-07-03T01:26:26.819" durationms="23.945" />

<exclusive-start id="54" timestamp="2019-07-03T01:26:29.024" intervalms="2229.756">
  <response-info timems="0.029" idlems="0.029" threads="0" lastid="0000000001268100" lastname="node-8" />
</exclusive-start>
<allocation-taxation id="55" taxation-threshold="3145728" timestamp="2019-07-03T01:26:29.025" intervalms="2229.803" />
<gc-start id="56" type="global mark phase" contextid="31" timestamp="2019-07-03T01:26:29.025">
  <mem-info id="57" free="3145728" total="13631488" percent="23">
    <remembered-set count="5632" freebytes="521600" totalbytes="544128" percent="95" regionsoverflowed="0" regionsstable="0" regionsrebuilding="0"/>
  </mem-info>
</gc-start>
<gc-op id="58" type="mark increment" timems="6.778" contextid="31" timestamp="2019-07-03T01:26:29.032">
  <trace-info objectcount="128955" scancount="122009" scanbytes="4884560" />
  <cardclean-info objects="322" bytes="12464" />
  <finalization candidates="18" enqueued="0" />
  <references type="soft" candidates="66" cleared="0" enqueued="0" dynamicThreshold="14" maxThreshold="32" />
  <references type="weak" candidates="167" cleared="2" enqueued="2" />
  <references type="phantom" candidates="59" cleared="2" enqueued="2" />
  <stringconstants candidates="3825" cleared="0"  />
</gc-op>
<gc-op id="59" type="classunload" timems="0.002" contextid="31" timestamp="2019-07-03T01:26:29.032">
  <classunload-info classloadercandidates="6" classloadersunloaded="0" classesunloaded="0" anonymousclassesunloaded="0" quiescems="0.000" setupms="0.002" scanms="0.000" postms="0.000" />
</gc-op>
<gc-end id="60" type="global mark phase" contextid="31" durationms="7.317" usertimems="8.000" systemtimems="4.000" timestamp="2019-07-03T01:26:29.032" activeThreads="4">
  <mem-info id="61" free="3145728" total="13631488" percent="23">
    <pending-finalizers system="0" default="0" reference="4" classloader="0" />
    <remembered-set count="5632" freebytes="521600" totalbytes="544128" percent="95" regionsoverflowed="0" regionsstable="0" regionsrebuilding="0"/>
  </mem-info>
</gc-end>
<cycle-end id="62" type="global mark phase" contextid="31" timestamp="2019-07-03T01:26:29.033">
  <attribute name="GC Util" value="92" />
  <attribute name="CPU Util" value="5337476003639" />
  <attribute name="Time Running"value="4785"/>
  <attribute name="Number of cores"value="4"/>
</cycle-end>
<exclusive-end id="63" timestamp="2019-07-03T01:26:29.033" durationms="8.694" />

<exclusive-start id="64" timestamp="2019-07-03T01:26:31.572" intervalms="2547.700">
  <response-info timems="0.029" idlems="0.029" threads="0" lastid="0000000001298C00" lastname="node-3" />
</exclusive-start>
<allocation-taxation id="65" taxation-threshold="3145728" timestamp="2019-07-03T01:26:31.572" intervalms="2547.653" />
<cycle-start id="66" type="partial gc" contextid="0" timestamp="2019-07-03T01:26:31.572" intervalms="4777.400" />
  <attribute name="GC Util" value="92" />
  <attribute name="CPU Util" value="5337476003639" />
  <attribute name="Time Running"value="4785"/>
  <attribute name="Number of cores"value="4"/>
<gc-start id="67" type="partial gc" contextid="66" timestamp="2019-07-03T01:26:31.573">
  <mem-info id="68" free="0" total="13631488" percent="0">
    <mem type="eden" free="0" total="7340032" percent="0" />
    <remembered-set count="5632" freebytes="521600" totalbytes="544128" percent="95" regionsoverflowed="0" regionsstable="0" regionsrebuilding="0"/>
  </mem-info>
</gc-start>
<allocation-stats totalBytes="6282136" >
  <allocated-bytes non-tlh="132248" tlh="6149888" arrayletleaf="0"/>
  <largest-consumer threadName="node-7" threadId="000000000127AC00" bytes="315016" />
</allocation-stats>
<gc-op id="69" type="sweep" timems="0.498" contextid="66" timestamp="2019-07-03T01:26:31.573" />
<gc-op id="70" type="mark" timems="3.847" contextid="66" timestamp="2019-07-03T01:26:31.578">
  <trace-info objectcount="50099" scancount="46856" scanbytes="2611828" />
  <cardclean-info objects="388" bytes="17704" />
  <remembered-set-cleared processed="3364" cleared="880" durationms="0.066" />
  <stringconstants candidates="3825" cleared="0"  />
  <warning details="Mark invoked due to insufficient free space for Copy-Forward" />
</gc-op>
<gc-op id="71" type="classunload" timems="0.001" contextid="66" timestamp="2019-07-03T01:26:31.578">
  <classunload-info classloadercandidates="6" classloadersunloaded="0" classesunloaded="0" anonymousclassesunloaded="0" quiescems="0.000" setupms="0.001" scanms="0.000" postms="0.000" />
</gc-op>
<gc-op id="72" type="sweep" timems="0.972" contextid="66" timestamp="2019-07-03T01:26:31.579" />
<gc-op id="73" type="compact" timems="8.378" contextid="66" timestamp="2019-07-03T01:26:31.588">
  <compact-info movecount="47661" movebytes="3019312" />
  <remembered-set-cleared processed="7311" cleared="2336" durationms="0.066" />
</gc-op>
<heap-resize id="74" type="expand" space="default" amount="2097152" count="1" timems="0.062" reason="insufficient free space following gc" timestamp="2019-07-03T01:26:31.588" />
<gc-end id="75" type="partial gc" contextid="66" durationms="15.724" usertimems="20.000" systemtimems="0.000" timestamp="2019-07-03T01:26:31.588" activeThreads="4">
  <mem-info id="76" free="7340032" total="15728640" percent="46">
    <mem type="eden" free="942440" total="2097152" percent="44" />
    <remembered-set count="6272" freebytes="602752" totalbytes="627840" percent="96" regionsoverflowed="0" regionsstable="0" regionsrebuilding="0"/>
  </mem-info>
</gc-end>
<cycle-end id="77" type="partial gc" contextid="66" timestamp="2019-07-03T01:26:31.589">
  <attribute name="GC Util" value="89" />
  <attribute name="CPU Util" value="14914100691021" />
  <attribute name="Time Running"value="7336"/>
  <attribute name="Number of cores"value="4"/>
</cycle-end>
<exclusive-end id="78" timestamp="2019-07-03T01:26:31.589" durationms="16.634" />

<exclusive-start id="79" timestamp="2019-07-03T01:26:33.812" intervalms="2239.766">
  <response-info timems="0.032" idlems="0.032" threads="0" lastid="000000000125CD00" lastname="node-16" />
</exclusive-start>
<allocation-taxation id="80" taxation-threshold="3145728" timestamp="2019-07-03T01:26:33.812" intervalms="2239.748" />
<cycle-start id="81" type="global mark phase" contextid="0" timestamp="2019-07-03T01:26:33.812" intervalms="7046.341" />
  <attribute name="GC Util" value="89" />
  <attribute name="CPU Util" value="14914100691021" />
  <attribute name="Time Running"value="7336"/>
  <attribute name="Number of cores"value="4"/>
<gc-start id="82" type="global mark phase" contextid="81" timestamp="2019-07-03T01:26:33.812">
  <mem-info id="83" free="4194304" total="15728640" percent="26">
    <remembered-set count="5888" freebytes="604288" totalbytes="627840" percent="96" regionsoverflowed="0" regionsstable="0" regionsrebuilding="0"/>
  </mem-info>
</gc-start>
<gc-op id="84" type="mark increment" timems="0.535" contextid="81" timestamp="2019-07-03T01:26:33.813">
  <trace-info objectcount="332" scancount="0" scanbytes="0" />
</gc-op>
<gc-end id="85" type="global mark phase" contextid="81" durationms="0.804" usertimems="0.000" systemtimems="0.000" timestamp="2019-07-03T01:26:33.813" activeThreads="4">
  <mem-info id="86" free="4194304" total="15728640" percent="26">
    <remembered-set count="5888" freebytes="604288" totalbytes="627840" percent="96" regionsoverflowed="0" regionsstable="0" regionsrebuilding="0"/>
  </mem-info>
</gc-end>
<concurrent-start id="87" type="GMP work packet processing" contextid="81" timestamp="2019-07-03T01:26:33.813">
  <concurrent-mark-start scanTarget="18446744073709551615" />
</concurrent-start>
<exclusive-end id="88" timestamp="2019-07-03T01:26:33.813" durationms="1.499" />

<concurrent-end id="89" type="GMP work packet processing" contextid="81" timestamp="2019-07-03T01:26:33.818">
  <concurrent-mark-end bytesScanned="5320980" reasonForTermination="Completed all work in GC phase" />
</concurrent-end>

<exclusive-start id="90" timestamp="2019-07-03T01:26:36.124" intervalms="2311.765">
  <response-info timems="0.955" idlems="0.486" threads="1" lastid="0000000001277100" lastname="node-14" />
</exclusive-start>
<allocation-taxation id="91" taxation-threshold="3145728" timestamp="2019-07-03T01:26:36.124" intervalms="2311.940" />
<cycle-start id="92" type="partial gc" contextid="0" timestamp="2019-07-03T01:26:36.124" intervalms="4551.728" />
  <attribute name="GC Util" value="109" />
  <attribute name="CPU Util" value="26357348802365" />
  <attribute name="Time Running"value="9570"/>
  <attribute name="Number of cores"value="4"/>
<gc-start id="93" type="partial gc" contextid="92" timestamp="2019-07-03T01:26:36.124">
  <mem-info id="94" free="1048576" total="15728640" percent="6">
    <mem type="eden" free="511256" total="7340032" percent="6" />
    <remembered-set count="5888" freebytes="604288" totalbytes="627840" percent="96" regionsoverflowed="0" regionsstable="0" regionsrebuilding="0"/>
  </mem-info>
</gc-start>
<allocation-stats totalBytes="6283936" >
  <allocated-bytes non-tlh="0" tlh="6283936" arrayletleaf="0"/>
  <largest-consumer threadName="node-9" threadId="0000000001286000" bytes="204696" />
</allocation-stats>
<gc-op id="95" type="copy forward" timems="4.332" contextid="92" timestamp="2019-07-03T01:26:36.129">
  <memory-copied type="eden" objects="126" bytes="6408" bytesdiscarded="257416" />
  <memory-copied type="other" objects="9102" bytes="530104" bytesdiscarded="108216" />
  <memory-cardclean objects="947" bytes="37952" />
  <remembered-set-cleared processed="4798" cleared="607" durationms="0.097" />
  <stringconstants candidates="3825" cleared="0"  />
  <heap-resize type="expand" space="default" amount="2097152" count="2" timems="0.313" reason="continue current collection" />
</gc-op>
<gc-op id="96" type="classunload" timems="0.001" contextid="92" timestamp="2019-07-03T01:26:36.130">
  <classunload-info classloadercandidates="6" classloadersunloaded="0" classesunloaded="0" anonymousclassesunloaded="0" quiescems="0.000" setupms="0.001" scanms="0.000" postms="0.000" />
</gc-op>
<gc-op id="97" type="compact" timems="0.907" contextid="92" timestamp="2019-07-03T01:26:36.131">
  <compact-info movecount="0" movebytes="0" />
  <remembered-set-cleared processed="9690" cleared="607" durationms="0.097" />
</gc-op>
<gc-end id="98" type="partial gc" contextid="92" durationms="6.667" usertimems="8.000" systemtimems="0.000" timestamp="2019-07-03T01:26:36.131" activeThreads="4">
  <mem-info id="99" free="7340032" total="17825792" percent="41">
    <mem type="eden" free="2243536" total="3145728" percent="71" />
    <remembered-set count="6048" freebytes="687360" totalbytes="711552" percent="96" regionsoverflowed="0" regionsstable="0" regionsrebuilding="0"/>
  </mem-info>
</gc-end>
<cycle-end id="100" type="partial gc" contextid="92" timestamp="2019-07-03T01:26:36.131">
  <attribute name="GC Util" value="125" />
  <attribute name="CPU Util" value="3896243224154" />
  <attribute name="Time Running"value="11886"/>
  <attribute name="Number of cores"value="4"/>
</cycle-end>
<exclusive-end id="101" timestamp="2019-07-03T01:26:36.131" durationms="7.712" />

<exclusive-start id="102" timestamp="2019-07-03T01:26:38.568" intervalms="2444.631">
  <response-info timems="0.033" idlems="0.033" threads="0" lastid="0000000001298C00" lastname="node-3" />
</exclusive-start>
<allocation-taxation id="103" taxation-threshold="3145728" timestamp="2019-07-03T01:26:38.568" intervalms="2444.479" />
<gc-start id="104" type="global mark phase" contextid="81" timestamp="2019-07-03T01:26:38.568">
  <mem-info id="105" free="4194304" total="17825792" percent="23">
    <remembered-set count="5536" freebytes="689408" totalbytes="711552" percent="96" regionsoverflowed="0" regionsstable="1" regionsrebuilding="0"/>
  </mem-info>
</gc-start>
<gc-op id="106" type="mark increment" timems="1.254" contextid="81" timestamp="2019-07-03T01:26:38.570">
  <trace-info objectcount="3113" scancount="3096" scanbytes="73544" />
  <cardclean-info objects="2205" bytes="72688" />
  <finalization candidates="18" enqueued="0" />
  <references type="soft" candidates="66" cleared="0" enqueued="0" dynamicThreshold="13" maxThreshold="32" />
  <references type="weak" candidates="165" cleared="0" enqueued="0" />
  <references type="phantom" candidates="57" cleared="0" enqueued="0" />
  <stringconstants candidates="3825" cleared="0"  />
</gc-op>
<gc-op id="107" type="classunload" timems="0.002" contextid="81" timestamp="2019-07-03T01:26:38.570">
  <classunload-info classloadercandidates="6" classloadersunloaded="0" classesunloaded="0" anonymousclassesunloaded="0" quiescems="0.000" setupms="0.002" scanms="0.000" postms="0.000" />
</gc-op>
<gc-end id="108" type="global mark phase" contextid="81" durationms="1.511" usertimems="0.000" systemtimems="4.000" timestamp="2019-07-03T01:26:38.570" activeThreads="4">
  <mem-info id="109" free="4194304" total="17825792" percent="23">
    <remembered-set count="5536" freebytes="689408" totalbytes="711552" percent="96" regionsoverflowed="0" regionsstable="1" regionsrebuilding="0"/>
  </mem-info>
</gc-end>
<cycle-end id="110" type="global mark phase" contextid="81" timestamp="2019-07-03T01:26:38.572">
  <attribute name="GC Util" value="23" />
  <attribute name="CPU Util" value="64631984857143" />
  <attribute name="Time Running"value="14326"/>
  <attribute name="Number of cores"value="4"/>
</cycle-end>
<exclusive-end id="111" timestamp="2019-07-03T01:26:38.572" durationms="3.435" />

<exclusive-start id="112" timestamp="2019-07-03T01:26:40.663" intervalms="2094.737">
  <response-info timems="0.057" idlems="0.057" threads="0" lastid="00000000012AF300" lastname="node-25" />
</exclusive-start>
<allocation-taxation id="113" taxation-threshold="3145728" timestamp="2019-07-03T01:26:40.663" intervalms="2094.721" />
<cycle-start id="114" type="partial gc" contextid="0" timestamp="2019-07-03T01:26:40.663" intervalms="4539.162" />
  <attribute name="GC Util" value="23" />
  <attribute name="CPU Util" value="64631984857143" />
  <attribute name="Time Running"value="14326"/>
  <attribute name="Number of cores"value="4"/>
<gc-start id="115" type="partial gc" contextid="114" timestamp="2019-07-03T01:26:40.663">
  <mem-info id="116" free="1048576" total="17825792" percent="5">
    <mem type="eden" free="0" total="6291456" percent="0" />
    <remembered-set count="5536" freebytes="689408" totalbytes="711552" percent="96" regionsoverflowed="0" regionsstable="1" regionsrebuilding="0"/>
  </mem-info>
</gc-start>
<allocation-stats totalBytes="6285328" >
  <allocated-bytes non-tlh="0" tlh="6285328" arrayletleaf="0"/>
  <largest-consumer threadName="node-7" threadId="000000000127AC00" bytes="188376" />
</allocation-stats>
<gc-op id="117" type="sweep" timems="0.555" contextid="114" timestamp="2019-07-03T01:26:40.664" />
<gc-op id="118" type="copy forward" timems="1.517" contextid="114" timestamp="2019-07-03T01:26:40.666">
  <memory-copied type="eden" objects="2724" bytes="68168" bytesdiscarded="3393" />
  <memory-copied type="other" objects="2984" bytes="71608" bytesdiscarded="2759" />
  <memory-cardclean objects="1689" bytes="54808" />
  <remembered-set-cleared processed="4361" cleared="293" durationms="0.070" />
  <stringconstants candidates="3825" cleared="0"  />
</gc-op>
<gc-op id="119" type="classunload" timems="0.002" contextid="114" timestamp="2019-07-03T01:26:40.666">
  <classunload-info classloadercandidates="6" classloadersunloaded="0" classesunloaded="0" anonymousclassesunloaded="0" quiescems="0.000" setupms="0.001" scanms="0.000" postms="0.000" />
</gc-op>
<gc-op id="120" type="compact" timems="0.728" contextid="114" timestamp="2019-07-03T01:26:40.667">
  <compact-info movecount="0" movebytes="0" />
  <remembered-set-cleared processed="8891" cleared="293" durationms="0.076" />
</gc-op>
<gc-end id="121" type="partial gc" contextid="114" durationms="4.244" usertimems="8.000" systemtimems="0.000" timestamp="2019-07-03T01:26:40.668" activeThreads="4">
  <mem-info id="122" free="7340032" total="17825792" percent="41">
    <mem type="eden" free="902720" total="1048576" percent="86" />
    <remembered-set count="5056" freebytes="691328" totalbytes="711552" percent="97" regionsoverflowed="0" regionsstable="1" regionsrebuilding="0"/>
  </mem-info>
</gc-end>
<cycle-end id="123" type="partial gc" contextid="114" timestamp="2019-07-03T01:26:40.669">
  <attribute name="GC Util" value="97" />
  <attribute name="CPU Util" value="9792325741480" />
  <attribute name="Time Running"value="16423"/>
  <attribute name="Number of cores"value="4"/>
</cycle-end>
<exclusive-end id="124" timestamp="2019-07-03T01:26:40.669" durationms="6.454" />

<exclusive-start id="125" timestamp="2019-07-03T01:26:42.753" intervalms="2089.869">
  <response-info timems="0.062" idlems="0.062" threads="0" lastid="0000000001268100" lastname="node-8" />
</exclusive-start>
<allocation-taxation id="126" taxation-threshold="3145728" timestamp="2019-07-03T01:26:42.753" intervalms="2089.914" />
<cycle-start id="127" type="global mark phase" contextid="0" timestamp="2019-07-03T01:26:42.753" intervalms="8941.079" />
  <attribute name="GC Util" value="97" />
  <attribute name="CPU Util" value="9792325741480" />
  <attribute name="Time Running"value="16423"/>
  <attribute name="Number of cores"value="4"/>
<gc-start id="128" type="global mark phase" contextid="127" timestamp="2019-07-03T01:26:42.753">
  <mem-info id="129" free="4194304" total="17825792" percent="23">
    <remembered-set count="5056" freebytes="691328" totalbytes="711552" percent="97" regionsoverflowed="0" regionsstable="1" regionsrebuilding="0"/>
  </mem-info>
</gc-start>
<gc-op id="130" type="mark increment" timems="0.527" contextid="127" timestamp="2019-07-03T01:26:42.754">
  <trace-info objectcount="313" scancount="0" scanbytes="0" />
</gc-op>
<gc-end id="131" type="global mark phase" contextid="127" durationms="0.714" usertimems="0.000" systemtimems="0.000" timestamp="2019-07-03T01:26:42.754" activeThreads="4">
  <mem-info id="132" free="4194304" total="17825792" percent="23">
    <remembered-set count="5056" freebytes="691328" totalbytes="711552" percent="97" regionsoverflowed="0" regionsstable="0" regionsrebuilding="1"/>
  </mem-info>
</gc-end>
<concurrent-start id="133" type="GMP work packet processing" contextid="127" timestamp="2019-07-03T01:26:42.754">
  <concurrent-mark-start scanTarget="18446744073709551615" />
</concurrent-start>
<exclusive-end id="134" timestamp="2019-07-03T01:26:42.754" durationms="1.590" />

<concurrent-end id="135" type="GMP work packet processing" contextid="127" timestamp="2019-07-03T01:26:42.757">
  <concurrent-mark-end bytesScanned="5317180" reasonForTermination="Completed all work in GC phase" />
</concurrent-end>

<exclusive-start id="136" timestamp="2019-07-03T01:26:44.730" intervalms="1977.377">
  <response-info timems="0.031" idlems="0.031" threads="0" lastid="0000000001264500" lastname="node-0" />
</exclusive-start>
<allocation-taxation id="137" taxation-threshold="3145728" timestamp="2019-07-03T01:26:44.730" intervalms="1977.325" />
<cycle-start id="138" type="partial gc" contextid="0" timestamp="2019-07-03T01:26:44.730" intervalms="4067.230" />
  <attribute name="GC Util" value="140" />
  <attribute name="CPU Util" value="23656222826896" />
  <attribute name="Time Running"value="18511"/>
  <attribute name="Number of cores"value="4"/>
<gc-start id="139" type="partial gc" contextid="138" timestamp="2019-07-03T01:26:44.731">
  <mem-info id="140" free="1048576" total="17825792" percent="5">
    <mem type="eden" free="0" total="6291456" percent="0" />
    <remembered-set count="6496" freebytes="685568" totalbytes="711552" percent="96" regionsoverflowed="0" regionsstable="0" regionsrebuilding="1"/>
  </mem-info>
</gc-start>
<allocation-stats totalBytes="6285408" >
  <allocated-bytes non-tlh="0" tlh="6285408" arrayletleaf="0"/>
  <largest-consumer threadName="node-6" threadId="00000000012A0300" bytes="172016" />
</allocation-stats>
<gc-op id="141" type="copy forward" timems="1.442" contextid="138" timestamp="2019-07-03T01:26:44.733">
  <memory-copied type="eden" objects="3311" bytes="82320" bytesdiscarded="5832" />
  <memory-copied type="other" objects="5566" bytes="133576" bytesdiscarded="2688" />
  <memory-cardclean objects="1494" bytes="52192" />
  <remembered-set-cleared processed="5332" cleared="440" durationms="0.073" />
  <stringconstants candidates="3825" cleared="0"  />
  <heap-resize type="expand" space="default" amount="1048576" count="1" timems="0.060" reason="continue current collection" />
</gc-op>
<gc-op id="142" type="classunload" timems="0.001" contextid="138" timestamp="2019-07-03T01:26:44.733">
  <classunload-info classloadercandidates="6" classloadersunloaded="0" classesunloaded="0" anonymousclassesunloaded="0" quiescems="0.000" setupms="0.001" scanms="0.000" postms="0.000" />
</gc-op>
<gc-op id="143" type="compact" timems="0.663" contextid="138" timestamp="2019-07-03T01:26:44.734">
  <compact-info movecount="0" movebytes="0" />
  <remembered-set-cleared processed="10781" cleared="440" durationms="0.073" />
</gc-op>
<heap-resize id="144" type="expand" space="default" amount="1048576" count="1" timems="0.051" reason="insufficient free space following gc" timestamp="2019-07-03T01:26:44.734" />
<gc-end id="145" type="partial gc" contextid="138" durationms="3.270" usertimems="8.000" systemtimems="0.000" timestamp="2019-07-03T01:26:44.734" activeThreads="4">
  <mem-info id="146" free="8388608" total="19922944" percent="42">
    <mem type="eden" free="960424" total="1048576" percent="91" />
    <remembered-set count="6176" freebytes="770560" totalbytes="795264" percent="96" regionsoverflowed="0" regionsstable="0" regionsrebuilding="1"/>
  </mem-info>
</gc-end>
<cycle-end id="147" type="partial gc" contextid="138" timestamp="2019-07-03T01:26:44.734">
  <attribute name="GC Util" value="106" />
  <attribute name="CPU Util" value="10374623219474" />
  <attribute name="Time Running"value="20489"/>
  <attribute name="Number of cores"value="4"/>
</cycle-end>
<exclusive-end id="148" timestamp="2019-07-03T01:26:44.734" durationms="4.047" />

<exclusive-start id="149" timestamp="2019-07-03T01:26:47.698" intervalms="2968.107">
  <response-info timems="0.036" idlems="0.036" threads="0" lastid="000000000125CD00" lastname="node-16" />
</exclusive-start>
<allocation-taxation id="150" taxation-threshold="4194304" timestamp="2019-07-03T01:26:47.699" intervalms="2968.193" />
<gc-start id="151" type="global mark phase" contextid="127" timestamp="2019-07-03T01:26:47.699">
  <mem-info id="152" free="4194304" total="19922944" percent="21">
    <remembered-set count="6176" freebytes="770560" totalbytes="795264" percent="96" regionsoverflowed="0" regionsstable="0" regionsrebuilding="1"/>
  </mem-info>
</gc-start>
<gc-op id="153" type="mark increment" timems="1.442" contextid="127" timestamp="2019-07-03T01:26:47.700">
  <trace-info objectcount="3667" scancount="3641" scanbytes="86520" />
  <cardclean-info objects="1715" bytes="57832" />
  <finalization candidates="18" enqueued="0" />
  <references type="soft" candidates="66" cleared="0" enqueued="0" dynamicThreshold="13" maxThreshold="32" />
  <references type="weak" candidates="165" cleared="0" enqueued="0" />
  <references type="phantom" candidates="57" cleared="0" enqueued="0" />
  <stringconstants candidates="3825" cleared="0"  />
</gc-op>
<gc-op id="154" type="classunload" timems="0.003" contextid="127" timestamp="2019-07-03T01:26:47.700">
  <classunload-info classloadercandidates="6" classloadersunloaded="0" classesunloaded="0" anonymousclassesunloaded="0" quiescems="0.000" setupms="0.003" scanms="0.000" postms="0.000" />
</gc-op>
<gc-end id="155" type="global mark phase" contextid="127" durationms="1.807" usertimems="0.000" systemtimems="0.000" timestamp="2019-07-03T01:26:47.701" activeThreads="4">
  <mem-info id="156" free="4194304" total="19922944" percent="21">
    <remembered-set count="6176" freebytes="770560" totalbytes="795264" percent="96" regionsoverflowed="0" regionsstable="0" regionsrebuilding="0"/>
  </mem-info>
</gc-end>
<cycle-end id="157" type="global mark phase" contextid="127" timestamp="2019-07-03T01:26:47.701">
  <attribute name="GC Util" value="35" />
  <attribute name="CPU Util" value="52807429440864" />
  <attribute name="Time Running"value="23456"/>
  <attribute name="Number of cores"value="4"/>
</cycle-end>
<exclusive-end id="158" timestamp="2019-07-03T01:26:47.701" durationms="2.699" />

<exclusive-start id="159" timestamp="2019-07-03T01:26:50.176" intervalms="2477.260">
  <response-info timems="0.031" idlems="0.031" threads="0" lastid="00000000012B2F00" lastname="node-13" />
</exclusive-start>
<allocation-taxation id="160" taxation-threshold="4194304" timestamp="2019-07-03T01:26:50.176" intervalms="2477.160" />
<cycle-start id="161" type="partial gc" contextid="0" timestamp="2019-07-03T01:26:50.176" intervalms="5445.340" />
  <attribute name="GC Util" value="35" />
  <attribute name="CPU Util" value="52807429440864" />
  <attribute name="Time Running"value="23456"/>
  <attribute name="Number of cores"value="4"/>
<gc-start id="162" type="partial gc" contextid="161" timestamp="2019-07-03T01:26:50.176">
  <mem-info id="163" free="0" total="19922944" percent="0">
    <mem type="eden" free="0" total="8388608" percent="0" />
    <remembered-set count="5216" freebytes="774400" totalbytes="795264" percent="97" regionsoverflowed="0" regionsstable="1" regionsrebuilding="0"/>
  </mem-info>
</gc-start>
<allocation-stats totalBytes="8379392" >
  <allocated-bytes non-tlh="0" tlh="8379392" arrayletleaf="0"/>
  <largest-consumer threadName="node-9" threadId="0000000001286000" bytes="204784" />
</allocation-stats>
<gc-op id="164" type="sweep" timems="0.420" contextid="161" timestamp="2019-07-03T01:26:50.177" />
<gc-op id="165" type="copy forward" timems="1.442" contextid="161" timestamp="2019-07-03T01:26:50.178">
  <memory-copied type="eden" objects="2202" bytes="56560" bytesdiscarded="5904" />
  <memory-copied type="other" objects="3485" bytes="83640" bytesdiscarded="1808" />
  <memory-cardclean objects="1446" bytes="50344" />
  <remembered-set-cleared processed="4454" cleared="370" durationms="0.075" />
  <stringconstants candidates="3825" cleared="0"  />
</gc-op>
<gc-op id="166" type="classunload" timems="0.001" contextid="161" timestamp="2019-07-03T01:26:50.179">
  <classunload-info classloadercandidates="6" classloadersunloaded="0" classesunloaded="0" anonymousclassesunloaded="0" quiescems="0.000" setupms="0.001" scanms="0.000" postms="0.000" />
</gc-op>
<gc-op id="167" type="compact" timems="0.627" contextid="161" timestamp="2019-07-03T01:26:50.179">
  <compact-info movecount="0" movebytes="0" />
  <remembered-set-cleared processed="8981" cleared="370" durationms="0.075" />
</gc-op>
<gc-end id="168" type="partial gc" contextid="161" durationms="3.786" usertimems="4.000" systemtimems="0.000" timestamp="2019-07-03T01:26:50.180" activeThreads="4">
  <mem-info id="169" free="9437184" total="19922944" percent="47">
    <mem type="eden" free="932232" total="1048576" percent="88" />
    <remembered-set count="5088" freebytes="774912" totalbytes="795264" percent="97" regionsoverflowed="0" regionsstable="1" regionsrebuilding="0"/>
  </mem-info>
</gc-end>
<cycle-end id="170" type="partial gc" contextid="161" timestamp="2019-07-03T01:26:50.180">
  <attribute name="GC Util" value="88" />
  <attribute name="CPU Util" value="9933519326280" />
  <attribute name="Time Running"value="25935"/>
  <attribute name="Number of cores"value="4"/>
</cycle-end>
<exclusive-end id="171" timestamp="2019-07-03T01:26:50.180" durationms="4.592" />

<exclusive-start id="172" timestamp="2019-07-03T01:26:52.616" intervalms="2440.242">
  <response-info timems="0.032" idlems="0.032" threads="0" lastid="00000000012A3F00" lastname="node-2" />
</exclusive-start>
<allocation-taxation id="173" taxation-threshold="4194304" timestamp="2019-07-03T01:26:52.616" intervalms="2440.320" />
<cycle-start id="174" type="global mark phase" contextid="0" timestamp="2019-07-03T01:26:52.616" intervalms="9863.080" />
  <attribute name="GC Util" value="88" />
  <attribute name="CPU Util" value="9933519326280" />
  <attribute name="Time Running"value="25935"/>
  <attribute name="Number of cores"value="4"/>
<gc-start id="175" type="global mark phase" contextid="174" timestamp="2019-07-03T01:26:52.616">
  <mem-info id="176" free="5242880" total="19922944" percent="26">
    <remembered-set count="5088" freebytes="774912" totalbytes="795264" percent="97" regionsoverflowed="0" regionsstable="1" regionsrebuilding="0"/>
  </mem-info>
</gc-start>
<gc-op id="177" type="mark increment" timems="0.625" contextid="174" timestamp="2019-07-03T01:26:52.617">
  <trace-info objectcount="328" scancount="0" scanbytes="0" />
</gc-op>
<gc-end id="178" type="global mark phase" contextid="174" durationms="0.850" usertimems="0.000" systemtimems="0.000" timestamp="2019-07-03T01:26:52.617" activeThreads="4">
  <mem-info id="179" free="5242880" total="19922944" percent="26">
    <remembered-set count="5088" freebytes="774912" totalbytes="795264" percent="97" regionsoverflowed="0" regionsstable="0" regionsrebuilding="1"/>
  </mem-info>
</gc-end>
<concurrent-start id="180" type="GMP work packet processing" contextid="174" timestamp="2019-07-03T01:26:52.617">
  <concurrent-mark-start scanTarget="18446744073709551615" />
</concurrent-start>
<exclusive-end id="181" timestamp="2019-07-03T01:26:52.620" durationms="4.390" />

<concurrent-end id="182" type="GMP work packet processing" contextid="174" timestamp="2019-07-03T01:26:52.621">
  <concurrent-mark-end bytesScanned="5314476" reasonForTermination="Completed all work in GC phase" />
</concurrent-end>

<exclusive-start id="183" timestamp="2019-07-03T01:26:55.089" intervalms="2473.015">
  <response-info timems="0.045" idlems="0.045" threads="0" lastid="00000000012AF300" lastname="node-25" />
</exclusive-start>
<allocation-taxation id="184" taxation-threshold="4194304" timestamp="2019-07-03T01:26:55.089" intervalms="2472.953" />
<cycle-start id="185" type="partial gc" contextid="0" timestamp="2019-07-03T01:26:55.089" intervalms="4913.283" />
  <attribute name="GC Util" value="141" />
  <attribute name="CPU Util" value="26960292039249" />
  <attribute name="Time Running"value="28374"/>
  <attribute name="Number of cores"value="4"/>
<gc-start id="186" type="partial gc" contextid="185" timestamp="2019-07-03T01:26:55.089">
  <mem-info id="187" free="1048576" total="19922944" percent="5">
    <mem type="eden" free="0" total="8388608" percent="0" />
    <remembered-set count="6304" freebytes="770048" totalbytes="795264" percent="96" regionsoverflowed="0" regionsstable="0" regionsrebuilding="1"/>
  </mem-info>
</gc-start>
<allocation-stats totalBytes="8377120" >
  <allocated-bytes non-tlh="0" tlh="8377120" arrayletleaf="0"/>
  <largest-consumer threadName="node-8" threadId="0000000001268100" bytes="204792" />
</allocation-stats>
<gc-op id="188" type="copy forward" timems="2.017" contextid="185" timestamp="2019-07-03T01:26:55.092">
  <memory-copied type="eden" objects="4960" bytes="121896" bytesdiscarded="8592" />
  <memory-copied type="other" objects="4295" bytes="103080" bytesdiscarded="1920" />
  <memory-cardclean objects="1508" bytes="52896" />
  <remembered-set-cleared processed="5351" cleared="419" durationms="0.079" />
  <stringconstants candidates="3825" cleared="0"  />
  <heap-resize type="expand" space="default" amount="1048576" count="1" timems="0.077" reason="continue current collection" />
</gc-op>
<gc-op id="189" type="classunload" timems="0.001" contextid="185" timestamp="2019-07-03T01:26:55.092">
  <classunload-info classloadercandidates="6" classloadersunloaded="0" classesunloaded="0" anonymousclassesunloaded="0" quiescems="0.000" setupms="0.001" scanms="0.000" postms="0.000" />
</gc-op>
<gc-end id="190" type="partial gc" contextid="185" durationms="2.918" usertimems="4.000" systemtimems="0.000" timestamp="2019-07-03T01:26:55.092" activeThreads="4">
  <mem-info id="191" free="9437184" total="20971520" percent="45">
    <mem type="eden" free="918088" total="1048576" percent="87" />
    <remembered-set count="7008" freebytes="809088" totalbytes="837120" percent="96" regionsoverflowed="0" regionsstable="0" regionsrebuilding="1"/>
  </mem-info>
</gc-end>
<cycle-end id="192" type="partial gc" contextid="185" timestamp="2019-07-03T01:26:55.092">
  <attribute name="GC Util" value="55" />
  <attribute name="CPU Util" value="85853516232411" />
  <attribute name="Time Running"value="30846"/>
  <attribute name="Number of cores"value="4"/>
</cycle-end>
<exclusive-end id="193" timestamp="2019-07-03T01:26:55.093" durationms="3.781" />

<exclusive-start id="194" timestamp="2019-07-03T01:26:57.960" intervalms="2871.248">
  <response-info timems="0.029" idlems="0.029" threads="0" lastid="000000000125CD00" lastname="node-16" />
</exclusive-start>
<allocation-taxation id="195" taxation-threshold="4194304" timestamp="2019-07-03T01:26:57.960" intervalms="2871.246" />
<gc-start id="196" type="global mark phase" contextid="174" timestamp="2019-07-03T01:26:57.960">
  <mem-info id="197" free="5242880" total="20971520" percent="25">
    <remembered-set count="6912" freebytes="809472" totalbytes="837120" percent="96" regionsoverflowed="0" regionsstable="0" regionsrebuilding="1"/>
  </mem-info>
</gc-start>
<gc-op id="198" type="mark increment" timems="1.321" contextid="174" timestamp="2019-07-03T01:26:57.962">
  <trace-info objectcount="4689" scancount="4662" scanbytes="111016" />
  <cardclean-info objects="1554" bytes="53848" />
  <finalization candidates="18" enqueued="0" />
  <references type="soft" candidates="66" cleared="0" enqueued="0" dynamicThreshold="14" maxThreshold="32" />
  <references type="weak" candidates="165" cleared="0" enqueued="0" />
  <references type="phantom" candidates="57" cleared="0" enqueued="0" />
  <stringconstants candidates="3825" cleared="0"  />
</gc-op>
<gc-op id="199" type="classunload" timems="0.002" contextid="174" timestamp="2019-07-03T01:26:57.962">
  <classunload-info classloadercandidates="6" classloadersunloaded="0" classesunloaded="0" anonymousclassesunloaded="0" quiescems="0.000" setupms="0.002" scanms="0.000" postms="0.000" />
</gc-op>
<gc-end id="200" type="global mark phase" contextid="174" durationms="1.700" usertimems="0.000" systemtimems="4.000" timestamp="2019-07-03T01:26:57.962" activeThreads="4">
  <mem-info id="201" free="5242880" total="20971520" percent="25">
    <remembered-set count="6912" freebytes="809472" totalbytes="837120" percent="96" regionsoverflowed="0" regionsstable="0" regionsrebuilding="0"/>
  </mem-info>
</gc-end>
<cycle-end id="202" type="global mark phase" contextid="174" timestamp="2019-07-03T01:26:57.962">
  <attribute name="GC Util" value="40" />
  <attribute name="CPU Util" value="72402637796450" />
  <attribute name="Time Running"value="33717"/>
  <attribute name="Number of cores"value="4"/>
</cycle-end>
<exclusive-end id="203" timestamp="2019-07-03T01:26:57.962" durationms="2.306" />

<exclusive-start id="204" timestamp="2019-07-03T01:27:00.726" intervalms="2766.257">
  <response-info timems="0.034" idlems="0.034" threads="0" lastid="00000000012AF300" lastname="node-25" />
</exclusive-start>
<allocation-taxation id="205" taxation-threshold="4194304" timestamp="2019-07-03T01:27:00.727" intervalms="2766.317" />
<cycle-start id="206" type="partial gc" contextid="0" timestamp="2019-07-03T01:27:00.727" intervalms="5637.596" />
  <attribute name="GC Util" value="40" />
  <attribute name="CPU Util" value="72402637796450" />
  <attribute name="Time Running"value="33717"/>
  <attribute name="Number of cores"value="4"/>
<gc-start id="207" type="partial gc" contextid="206" timestamp="2019-07-03T01:27:00.727">
  <mem-info id="208" free="1048576" total="20971520" percent="5">
    <mem type="eden" free="0" total="8388608" percent="0" />
    <remembered-set count="5952" freebytes="813312" totalbytes="837120" percent="97" regionsoverflowed="0" regionsstable="1" regionsrebuilding="0"/>
  </mem-info>
</gc-start>
<allocation-stats totalBytes="8383768" >
  <allocated-bytes non-tlh="0" tlh="8383768" arrayletleaf="0"/>
  <largest-consumer threadName="node-13" threadId="00000000012B2F00" bytes="221168" />
</allocation-stats>
<gc-op id="209" type="sweep" timems="0.426" contextid="206" timestamp="2019-07-03T01:27:00.728" />
<gc-op id="210" type="copy forward" timems="1.628" contextid="206" timestamp="2019-07-03T01:27:00.730">
  <memory-copied type="eden" objects="2828" bytes="69592" bytesdiscarded="3171" />
  <memory-copied type="other" objects="4515" bytes="108360" bytesdiscarded="6837" />
  <memory-cardclean objects="1427" bytes="50904" />
  <remembered-set-cleared processed="4471" cleared="382" durationms="0.073" />
  <stringconstants candidates="3825" cleared="0"  />
</gc-op>
<gc-op id="211" type="classunload" timems="0.001" contextid="206" timestamp="2019-07-03T01:27:00.730">
  <classunload-info classloadercandidates="6" classloadersunloaded="0" classesunloaded="0" anonymousclassesunloaded="0" quiescems="0.000" setupms="0.001" scanms="0.000" postms="0.000" />
</gc-op>
<gc-end id="212" type="partial gc" contextid="206" durationms="3.313" usertimems="4.000" systemtimems="0.000" timestamp="2019-07-03T01:27:00.730" activeThreads="4">
  <mem-info id="213" free="10485760" total="20971520" percent="50">
    <mem type="eden" free="914520" total="1048576" percent="87" />
    <remembered-set count="6144" freebytes="812544" totalbytes="837120" percent="97" regionsoverflowed="0" regionsstable="1" regionsrebuilding="0"/>
  </mem-info>
</gc-end>
<cycle-end id="214" type="partial gc" contextid="206" timestamp="2019-07-03T01:27:00.730">
  <attribute name="GC Util" value="57" />
  <attribute name="CPU Util" value="111390691393711" />
  <attribute name="Time Running"value="36485"/>
  <attribute name="Number of cores"value="4"/>
</cycle-end>
<exclusive-end id="215" timestamp="2019-07-03T01:27:00.731" durationms="4.181" />

<exclusive-start id="216" timestamp="2019-07-03T01:27:04.298" intervalms="3571.445">
  <response-info timems="0.034" idlems="0.034" threads="0" lastid="00000000012AF300" lastname="node-25" />
</exclusive-start>
<allocation-taxation id="217" taxation-threshold="5242880" timestamp="2019-07-03T01:27:04.298" intervalms="3571.424" />
<cycle-start id="218" type="global mark phase" contextid="0" timestamp="2019-07-03T01:27:04.298" intervalms="11681.860" />
  <attribute name="GC Util" value="57" />
  <attribute name="CPU Util" value="111390691393711" />
  <attribute name="Time Running"value="36485"/>
  <attribute name="Number of cores"value="4"/>
<gc-start id="219" type="global mark phase" contextid="218" timestamp="2019-07-03T01:27:04.298">
  <mem-info id="220" free="5242880" total="20971520" percent="25">
    <remembered-set count="5920" freebytes="813440" totalbytes="837120" percent="97" regionsoverflowed="0" regionsstable="1" regionsrebuilding="0"/>
  </mem-info>
</gc-start>
<gc-op id="221" type="mark increment" timems="0.620" contextid="218" timestamp="2019-07-03T01:27:04.299">
  <trace-info objectcount="304" scancount="0" scanbytes="0" />
</gc-op>
<gc-end id="222" type="global mark phase" contextid="218" durationms="0.920" usertimems="0.000" systemtimems="4.000" timestamp="2019-07-03T01:27:04.299" activeThreads="4">
  <mem-info id="223" free="5242880" total="20971520" percent="25">
    <remembered-set count="5920" freebytes="813440" totalbytes="837120" percent="97" regionsoverflowed="0" regionsstable="0" regionsrebuilding="1"/>
  </mem-info>
</gc-end>
<concurrent-start id="224" type="GMP work packet processing" contextid="218" timestamp="2019-07-03T01:27:04.299">
  <concurrent-mark-start scanTarget="18446744073709551615" />
</concurrent-start>
<exclusive-end id="225" timestamp="2019-07-03T01:27:04.299" durationms="1.608" />

<concurrent-end id="226" type="GMP work packet processing" contextid="218" timestamp="2019-07-03T01:27:04.302">
  <concurrent-mark-end bytesScanned="5310996" reasonForTermination="Completed all work in GC phase" />
</concurrent-end>

<exclusive-start id="227" timestamp="2019-07-03T01:27:07.119" intervalms="2820.775">
  <response-info timems="0.070" idlems="0.070" threads="0" lastid="0000000001268100" lastname="node-8" />
</exclusive-start>
<allocation-taxation id="228" taxation-threshold="5242880" timestamp="2019-07-03T01:27:07.119" intervalms="2820.804" />
<cycle-start id="229" type="partial gc" contextid="0" timestamp="2019-07-03T01:27:07.119" intervalms="6392.255" />
  <attribute name="GC Util" value="134" />
  <attribute name="CPU Util" value="26201049444256" />
  <attribute name="Time Running"value="40056"/>
  <attribute name="Number of cores"value="4"/>
<gc-start id="230" type="partial gc" contextid="229" timestamp="2019-07-03T01:27:07.119">
  <mem-info id="231" free="0" total="20971520" percent="0">
    <mem type="eden" free="0" total="10485760" percent="0" />
    <remembered-set count="6592" freebytes="810752" totalbytes="837120" percent="96" regionsoverflowed="0" regionsstable="0" regionsrebuilding="1"/>
  </mem-info>
</gc-start>
<allocation-stats totalBytes="10482368" >
  <allocated-bytes non-tlh="0" tlh="10482368" arrayletleaf="0"/>
  <largest-consumer threadName="node-16" threadId="000000000125CD00" bytes="253944" />
</allocation-stats>
<gc-op id="232" type="mark" timems="1.396" contextid="229" timestamp="2019-07-03T01:27:07.121">
  <trace-info objectcount="11319" scancount="11296" scanbytes="270240" />
  <cardclean-info objects="1500" bytes="52568" />
  <remembered-set-cleared processed="5382" cleared="415" durationms="0.082" />
  <stringconstants candidates="3825" cleared="0"  />
  <warning details="Mark invoked due to insufficient free space for Copy-Forward" />
</gc-op>
<gc-op id="233" type="classunload" timems="0.001" contextid="229" timestamp="2019-07-03T01:27:07.121">
  <classunload-info classloadercandidates="6" classloadersunloaded="0" classesunloaded="0" anonymousclassesunloaded="0" quiescems="0.000" setupms="0.001" scanms="0.000" postms="0.000" />
</gc-op>
<gc-op id="234" type="sweep" timems="0.294" contextid="229" timestamp="2019-07-03T01:27:07.122" />
<gc-op id="235" type="compact" timems="1.362" contextid="229" timestamp="2019-07-03T01:27:07.123">
  <compact-info movecount="11318" movebytes="273344" />
  <remembered-set-cleared processed="10898" cleared="930" durationms="0.082" />
</gc-op>
<gc-end id="236" type="partial gc" contextid="229" durationms="4.340" usertimems="8.000" systemtimems="0.000" timestamp="2019-07-03T01:27:07.124" activeThreads="4">
  <mem-info id="237" free="9437184" total="20971520" percent="45">
    <mem type="eden" free="894152" total="1048576" percent="85" />
    <remembered-set count="7680" freebytes="806400" totalbytes="837120" percent="96" regionsoverflowed="0" regionsstable="0" regionsrebuilding="1"/>
  </mem-info>
</gc-end>
<cycle-end id="238" type="partial gc" contextid="229" timestamp="2019-07-03T01:27:07.124">
  <attribute name="GC Util" value="33" />
  <attribute name="CPU Util" value="35005966404095" />
  <attribute name="Time Running"value="42878"/>
  <attribute name="Number of cores"value="4"/>
</cycle-end>
<exclusive-end id="239" timestamp="2019-07-03T01:27:07.124" durationms="5.208" />

<exclusive-start id="240" timestamp="2019-07-03T01:27:09.983" intervalms="2864.751">
  <response-info timems="0.044" idlems="0.025" threads="1" lastid="000000000126BD00" lastname="node-5" />
</exclusive-start>
<allocation-taxation id="241" taxation-threshold="4194304" timestamp="2019-07-03T01:27:09.983" intervalms="2864.710" />
<gc-start id="242" type="global mark phase" contextid="218" timestamp="2019-07-03T01:27:09.984">
  <mem-info id="243" free="5242880" total="20971520" percent="25">
    <remembered-set count="7680" freebytes="806400" totalbytes="837120" percent="96" regionsoverflowed="0" regionsstable="0" regionsrebuilding="1"/>
  </mem-info>
</gc-start>
<gc-op id="244" type="mark increment" timems="1.381" contextid="218" timestamp="2019-07-03T01:27:09.985">
  <trace-info objectcount="4934" scancount="4911" scanbytes="117000" />
  <cardclean-info objects="1537" bytes="54392" />
  <finalization candidates="18" enqueued="0" />
  <references type="soft" candidates="66" cleared="0" enqueued="0" dynamicThreshold="14" maxThreshold="32" />
  <references type="weak" candidates="165" cleared="0" enqueued="0" />
  <references type="phantom" candidates="57" cleared="0" enqueued="0" />
  <stringconstants candidates="3825" cleared="0"  />
</gc-op>
<gc-op id="245" type="classunload" timems="0.003" contextid="218" timestamp="2019-07-03T01:27:09.985">
  <classunload-info classloadercandidates="6" classloadersunloaded="0" classesunloaded="0" anonymousclassesunloaded="0" quiescems="0.000" setupms="0.002" scanms="0.000" postms="0.000" />
</gc-op>
<gc-end id="246" type="global mark phase" contextid="218" durationms="1.618" usertimems="0.000" systemtimems="4.000" timestamp="2019-07-03T01:27:09.985" activeThreads="4">
  <mem-info id="247" free="5242880" total="20971520" percent="25">
    <remembered-set count="7680" freebytes="806400" totalbytes="837120" percent="96" regionsoverflowed="0" regionsstable="0" regionsrebuilding="0"/>
  </mem-info>
</gc-end>
<cycle-end id="248" type="global mark phase" contextid="218" timestamp="2019-07-03T01:27:09.985">
  <attribute name="GC Util" value="81" />
  <attribute name="CPU Util" value="65348637375947" />
  <attribute name="Time Running"value="45741"/>
  <attribute name="Number of cores"value="4"/>
</cycle-end>
<exclusive-end id="249" timestamp="2019-07-03T01:27:09.985" durationms="2.137" />

<exclusive-start id="250" timestamp="2019-07-03T01:27:13.010" intervalms="3026.334">
  <response-info timems="0.036" idlems="0.036" threads="0" lastid="00000000012B2F00" lastname="node-13" />
</exclusive-start>
<allocation-taxation id="251" taxation-threshold="4194304" timestamp="2019-07-03T01:27:13.010" intervalms="3026.352" />
<cycle-start id="252" type="partial gc" contextid="0" timestamp="2019-07-03T01:27:13.010" intervalms="5891.115" />
  <attribute name="GC Util" value="81" />
  <attribute name="CPU Util" value="65348637375947" />
  <attribute name="Time Running"value="45741"/>
  <attribute name="Number of cores"value="4"/>
<gc-start id="253" type="partial gc" contextid="252" timestamp="2019-07-03T01:27:13.010">
  <mem-info id="254" free="1048576" total="20971520" percent="5">
    <mem type="eden" free="0" total="8388608" percent="0" />
    <remembered-set count="6688" freebytes="810368" totalbytes="837120" percent="96" regionsoverflowed="0" regionsstable="1" regionsrebuilding="0"/>
  </mem-info>
</gc-start>
<allocation-stats totalBytes="8376672" >
  <allocated-bytes non-tlh="0" tlh="8376672" arrayletleaf="0"/>
  <largest-consumer threadName="node-15" threadId="00000000012AB700" bytes="236976" />
</allocation-stats>
<gc-op id="255" type="sweep" timems="0.553" contextid="252" timestamp="2019-07-03T01:27:13.011" />
<gc-op id="256" type="copy forward" timems="1.746" contextid="252" timestamp="2019-07-03T01:27:13.014">
  <memory-copied type="eden" objects="2777" bytes="69128" bytesdiscarded="7633" />
  <memory-copied type="other" objects="4792" bytes="115008" bytesdiscarded="1751" />
  <memory-cardclean objects="1434" bytes="51072" />
  <remembered-set-cleared processed="4550" cleared="455" durationms="0.074" />
  <stringconstants candidates="3825" cleared="0"  />
</gc-op>
<gc-op id="257" type="classunload" timems="0.001" contextid="252" timestamp="2019-07-03T01:27:13.014">
  <classunload-info classloadercandidates="6" classloadersunloaded="0" classesunloaded="0" anonymousclassesunloaded="0" quiescems="0.000" setupms="0.001" scanms="0.000" postms="0.000" />
</gc-op>
<gc-end id="258" type="partial gc" contextid="252" durationms="3.788" usertimems="0.000" systemtimems="4.000" timestamp="2019-07-03T01:27:13.014" activeThreads="4">
  <mem-info id="259" free="10485760" total="20971520" percent="50">
    <mem type="eden" free="923312" total="1048576" percent="88" />
    <remembered-set count="6144" freebytes="812544" totalbytes="837120" percent="97" regionsoverflowed="0" regionsstable="1" regionsrebuilding="0"/>
  </mem-info>
</gc-end>
<cycle-end id="260" type="partial gc" contextid="252" timestamp="2019-07-03T01:27:13.014">
  <attribute name="GC Util" value="62" />
  <attribute name="CPU Util" value="110748685523525" />
  <attribute name="Time Running"value="48768"/>
  <attribute name="Number of cores"value="4"/>
</cycle-end>
<exclusive-end id="261" timestamp="2019-07-03T01:27:13.015" durationms="4.978" />

<exclusive-start id="262" timestamp="2019-07-03T01:27:16.506" intervalms="3496.452">
  <response-info timems="0.040" idlems="0.040" threads="0" lastid="00000000012B2F00" lastname="node-13" />
</exclusive-start>
<allocation-taxation id="263" taxation-threshold="5242880" timestamp="2019-07-03T01:27:16.506" intervalms="3496.418" />
<cycle-start id="264" type="global mark phase" contextid="0" timestamp="2019-07-03T01:27:16.506" intervalms="12208.248" />
  <attribute name="GC Util" value="62" />
  <attribute name="CPU Util" value="110748685523525" />
  <attribute name="Time Running"value="48768"/>
  <attribute name="Number of cores"value="4"/>
<gc-start id="265" type="global mark phase" contextid="264" timestamp="2019-07-03T01:27:16.506">
  <mem-info id="266" free="5242880" total="20971520" percent="25">
    <remembered-set count="5888" freebytes="813568" totalbytes="837120" percent="97" regionsoverflowed="0" regionsstable="1" regionsrebuilding="0"/>
  </mem-info>
</gc-start>
<gc-op id="267" type="mark increment" timems="0.446" contextid="264" timestamp="2019-07-03T01:27:16.507">
  <trace-info objectcount="330" scancount="0" scanbytes="0" />
</gc-op>
<gc-end id="268" type="global mark phase" contextid="264" durationms="0.559" usertimems="0.000" systemtimems="0.000" timestamp="2019-07-03T01:27:16.507" activeThreads="4">
  <mem-info id="269" free="5242880" total="20971520" percent="25">
    <remembered-set count="5888" freebytes="813568" totalbytes="837120" percent="97" regionsoverflowed="0" regionsstable="0" regionsrebuilding="1"/>
  </mem-info>
</gc-end>
<concurrent-start id="270" type="GMP work packet processing" contextid="264" timestamp="2019-07-03T01:27:16.507">
  <concurrent-mark-start scanTarget="18446744073709551615" />
</concurrent-start>
<exclusive-end id="271" timestamp="2019-07-03T01:27:16.510" durationms="3.654" />

<concurrent-end id="272" type="GMP work packet processing" contextid="264" timestamp="2019-07-03T01:27:16.510">
  <concurrent-mark-end bytesScanned="5307380" reasonForTermination="Completed all work in GC phase" />
</concurrent-end>

<exclusive-start id="273" timestamp="2019-07-03T01:27:19.659" intervalms="3153.153">
  <response-info timems="0.044" idlems="0.044" threads="0" lastid="000000000129C800" lastname="node-4" />
</exclusive-start>
<allocation-taxation id="274" taxation-threshold="5242880" timestamp="2019-07-03T01:27:19.659" intervalms="3153.132" />
<cycle-start id="275" type="partial gc" contextid="0" timestamp="2019-07-03T01:27:19.659" intervalms="6649.425" />
  <attribute name="GC Util" value="187" />
  <attribute name="CPU Util" value="48247594530975" />
  <attribute name="Time Running"value="52263"/>
  <attribute name="Number of cores"value="4"/>
<gc-start id="276" type="partial gc" contextid="275" timestamp="2019-07-03T01:27:19.660">
  <mem-info id="277" free="0" total="20971520" percent="0">
    <mem type="eden" free="0" total="10485760" percent="0" />
    <remembered-set count="6304" freebytes="811904" totalbytes="837120" percent="96" regionsoverflowed="0" regionsstable="0" regionsrebuilding="1"/>
  </mem-info>
</gc-start>
<allocation-stats totalBytes="10474760" >
  <allocated-bytes non-tlh="0" tlh="10474760" arrayletleaf="0"/>
  <largest-consumer threadName="node-21" threadId="00000000012A7B00" bytes="253952" />
</allocation-stats>
<gc-op id="278" type="mark" timems="1.666" contextid="275" timestamp="2019-07-03T01:27:19.662">
  <trace-info objectcount="11011" scancount="10985" scanbytes="262776" />
  <cardclean-info objects="1502" bytes="52616" />
  <remembered-set-cleared processed="5363" cleared="410" durationms="0.077" />
  <stringconstants candidates="3825" cleared="0"  />
  <warning details="Mark invoked due to insufficient free space for Copy-Forward" />
</gc-op>
<gc-op id="279" type="classunload" timems="0.001" contextid="275" timestamp="2019-07-03T01:27:19.662">
  <classunload-info classloadercandidates="6" classloadersunloaded="0" classesunloaded="0" anonymousclassesunloaded="0" quiescems="0.000" setupms="0.001" scanms="0.000" postms="0.000" />
</gc-op>
<gc-op id="280" type="sweep" timems="0.399" contextid="275" timestamp="2019-07-03T01:27:19.662" />
<gc-op id="281" type="compact" timems="1.302" contextid="275" timestamp="2019-07-03T01:27:19.664">
  <compact-info movecount="11010" movebytes="267112" />
  <remembered-set-cleared processed="10855" cleared="894" durationms="0.077" />
</gc-op>
<gc-end id="282" type="partial gc" contextid="275" durationms="4.584" usertimems="4.000" systemtimems="4.000" timestamp="2019-07-03T01:27:19.664" activeThreads="4">
  <mem-info id="283" free="9437184" total="20971520" percent="45">
    <mem type="eden" free="891480" total="1048576" percent="85" />
    <remembered-set count="7168" freebytes="808448" totalbytes="837120" percent="96" regionsoverflowed="0" regionsstable="0" regionsrebuilding="1"/>
  </mem-info>
</gc-end>
<cycle-end id="284" type="partial gc" contextid="275" timestamp="2019-07-03T01:27:19.664">
  <attribute name="GC Util" value="27" />
  <attribute name="CPU Util" value="27673506085749" />
  <attribute name="Time Running"value="55419"/>
  <attribute name="Number of cores"value="4"/>
</cycle-end>
<exclusive-end id="285" timestamp="2019-07-03T01:27:19.665" durationms="5.386" />

<exclusive-start id="286" timestamp="2019-07-03T01:27:22.139" intervalms="2480.040">
  <response-info timems="0.031" idlems="0.031" threads="0" lastid="000000000126F900" lastname="node-11" />
</exclusive-start>
<allocation-taxation id="287" taxation-threshold="4194304" timestamp="2019-07-03T01:27:22.139" intervalms="2480.037" />
<gc-start id="288" type="global mark phase" contextid="264" timestamp="2019-07-03T01:27:22.140">
  <mem-info id="289" free="5242880" total="20971520" percent="25">
    <remembered-set count="7168" freebytes="808448" totalbytes="837120" percent="96" regionsoverflowed="0" regionsstable="0" regionsrebuilding="1"/>
  </mem-info>
</gc-start>
<gc-op id="290" type="mark increment" timems="1.561" contextid="264" timestamp="2019-07-03T01:27:22.141">
  <trace-info objectcount="4966" scancount="4937" scanbytes="117608" />
  <cardclean-info objects="1556" bytes="54320" />
  <finalization candidates="18" enqueued="0" />
  <references type="soft" candidates="66" cleared="0" enqueued="0" dynamicThreshold="14" maxThreshold="32" />
  <references type="weak" candidates="165" cleared="0" enqueued="0" />
  <references type="phantom" candidates="57" cleared="0" enqueued="0" />
  <stringconstants candidates="3825" cleared="0"  />
</gc-op>
<gc-op id="291" type="classunload" timems="0.002" contextid="264" timestamp="2019-07-03T01:27:22.141">
  <classunload-info classloadercandidates="6" classloadersunloaded="0" classesunloaded="0" anonymousclassesunloaded="0" quiescems="0.000" setupms="0.002" scanms="0.000" postms="0.000" />
</gc-op>
<gc-end id="292" type="global mark phase" contextid="264" durationms="2.024" usertimems="0.000" systemtimems="4.000" timestamp="2019-07-03T01:27:22.142" activeThreads="4">
  <mem-info id="293" free="5242880" total="20971520" percent="25">
    <remembered-set count="7680" freebytes="806400" totalbytes="837120" percent="96" regionsoverflowed="0" regionsstable="0" regionsrebuilding="0"/>
  </mem-info>
</gc-end>
<cycle-end id="294" type="global mark phase" contextid="264" timestamp="2019-07-03T01:27:22.142">
  <attribute name="GC Util" value="25" />
  <attribute name="CPU Util" value="41622560145997" />
  <attribute name="Time Running"value="57897"/>
  <attribute name="Number of cores"value="4"/>
</cycle-end>
<exclusive-end id="295" timestamp="2019-07-03T01:27:22.142" durationms="2.710" />

<exclusive-start id="296" timestamp="2019-07-03T01:27:25.199" intervalms="3059.186">
  <response-info timems="0.545" idlems="0.276" threads="1" lastid="000000000125CD00" lastname="node-16" />
</exclusive-start>
<allocation-taxation id="297" taxation-threshold="4194304" timestamp="2019-07-03T01:27:25.199" intervalms="3059.203" />
<cycle-start id="298" type="partial gc" contextid="0" timestamp="2019-07-03T01:27:25.199" intervalms="5539.286" />
  <attribute name="GC Util" value="25" />
  <attribute name="CPU Util" value="41622560145997" />
  <attribute name="Time Running"value="57897"/>
  <attribute name="Number of cores"value="4"/>
<gc-start id="299" type="partial gc" contextid="298" timestamp="2019-07-03T01:27:25.199">
  <mem-info id="300" free="1048576" total="20971520" percent="5">
    <mem type="eden" free="891480" total="9437184" percent="9" />
    <remembered-set count="6208" freebytes="812288" totalbytes="837120" percent="97" regionsoverflowed="0" regionsstable="1" regionsrebuilding="0"/>
  </mem-info>
</gc-start>
<allocation-stats totalBytes="8385152" >
  <allocated-bytes non-tlh="0" tlh="8385152" arrayletleaf="0"/>
  <largest-consumer threadName="node-15" threadId="00000000012AB700" bytes="237528" />
</allocation-stats>
<gc-op id="301" type="sweep" timems="0.390" contextid="298" timestamp="2019-07-03T01:27:25.200" />
<gc-op id="302" type="copy forward" timems="1.373" contextid="298" timestamp="2019-07-03T01:27:25.201">
  <memory-copied type="eden" objects="3144" bytes="79552" bytesdiscarded="9353" />
  <memory-copied type="other" objects="4814" bytes="115536" bytesdiscarded="863" />
  <memory-cardclean objects="1436" bytes="51120" />
  <remembered-set-cleared processed="4546" cleared="444" durationms="0.067" />
  <stringconstants candidates="3825" cleared="0"  />
</gc-op>
<gc-op id="303" type="classunload" timems="0.002" contextid="298" timestamp="2019-07-03T01:27:25.202">
  <classunload-info classloadercandidates="6" classloadersunloaded="0" classesunloaded="0" anonymousclassesunloaded="0" quiescems="0.000" setupms="0.001" scanms="0.000" postms="0.000" />
</gc-op>
<gc-end id="304" type="partial gc" contextid="298" durationms="2.828" usertimems="4.000" systemtimems="0.000" timestamp="2019-07-03T01:27:25.202" activeThreads="4">
  <mem-info id="305" free="10485760" total="20971520" percent="50">
    <mem type="eden" free="1891848" total="2097152" percent="90" />
    <remembered-set count="6112" freebytes="812672" totalbytes="837120" percent="97" regionsoverflowed="0" regionsstable="1" regionsrebuilding="0"/>
  </mem-info>
</gc-end>
<cycle-end id="306" type="partial gc" contextid="298" timestamp="2019-07-03T01:27:25.202">
  <attribute name="GC Util" value="63" />
  <attribute name="CPU Util" value="131165653799654" />
  <attribute name="Time Running"value="60956"/>
  <attribute name="Number of cores"value="4"/>
</cycle-end>
<exclusive-end id="307" timestamp="2019-07-03T01:27:25.202" durationms="3.622" />

<exclusive-start id="308" timestamp="2019-07-03T01:27:28.898" intervalms="3699.012">
  <response-info timems="0.050" idlems="0.050" threads="0" lastid="00000000012A7B00" lastname="node-21" />
</exclusive-start>
<allocation-taxation id="309" taxation-threshold="5242880" timestamp="2019-07-03T01:27:28.898" intervalms="3699.009" />
<cycle-start id="310" type="global mark phase" contextid="0" timestamp="2019-07-03T01:27:28.898" intervalms="12391.385" />
  <attribute name="GC Util" value="63" />
  <attribute name="CPU Util" value="131165653799654" />
  <attribute name="Time Running"value="60956"/>
  <attribute name="Number of cores"value="4"/>
<gc-start id="311" type="global mark phase" contextid="310" timestamp="2019-07-03T01:27:28.898">
  <mem-info id="312" free="5242880" total="20971520" percent="25">
    <remembered-set count="5856" freebytes="813696" totalbytes="837120" percent="97" regionsoverflowed="0" regionsstable="1" regionsrebuilding="0"/>
  </mem-info>
</gc-start>
<gc-op id="313" type="mark increment" timems="0.500" contextid="310" timestamp="2019-07-03T01:27:28.898">
  <trace-info objectcount="460" scancount="0" scanbytes="0" />
</gc-op>
<gc-end id="314" type="global mark phase" contextid="310" durationms="0.650" usertimems="0.000" systemtimems="0.000" timestamp="2019-07-03T01:27:28.898" activeThreads="4">
  <mem-info id="315" free="5242880" total="20971520" percent="25">
    <remembered-set count="5856" freebytes="813696" totalbytes="837120" percent="97" regionsoverflowed="0" regionsstable="0" regionsrebuilding="1"/>
  </mem-info>
</gc-end>
<concurrent-start id="316" type="GMP work packet processing" contextid="310" timestamp="2019-07-03T01:27:28.899">
  <concurrent-mark-start scanTarget="18446744073709551615" />
</concurrent-start>
<exclusive-end id="317" timestamp="2019-07-03T01:27:28.899" durationms="1.178" />

<concurrent-end id="318" type="GMP work packet processing" contextid="310" timestamp="2019-07-03T01:27:28.902">
  <concurrent-mark-end bytesScanned="5304244" reasonForTermination="Completed all work in GC phase" />
</concurrent-end>

<exclusive-start id="319" timestamp="2019-07-03T01:27:32.093" intervalms="3195.033">
  <response-info timems="0.069" idlems="0.069" threads="0" lastid="000000000127E800" lastname="node-10" />
</exclusive-start>
<allocation-taxation id="320" taxation-threshold="5242880" timestamp="2019-07-03T01:27:32.093" intervalms="3195.072" />
<cycle-start id="321" type="partial gc" contextid="0" timestamp="2019-07-03T01:27:32.093" intervalms="6894.090" />
  <attribute name="GC Util" value="164" />
  <attribute name="CPU Util" value="36457961300200" />
  <attribute name="Time Running"value="64655"/>
  <attribute name="Number of cores"value="4"/>
<gc-start id="322" type="partial gc" contextid="321" timestamp="2019-07-03T01:27:32.093">
  <mem-info id="323" free="0" total="20971520" percent="0">
    <mem type="eden" free="0" total="10485760" percent="0" />
    <remembered-set count="6560" freebytes="810880" totalbytes="837120" percent="96" regionsoverflowed="0" regionsstable="0" regionsrebuilding="1"/>
  </mem-info>
</gc-start>
<allocation-stats totalBytes="10480400" >
  <allocated-bytes non-tlh="0" tlh="10480400" arrayletleaf="0"/>
  <largest-consumer threadName="node-9" threadId="0000000001286000" bytes="253936" />
</allocation-stats>
<gc-op id="324" type="mark" timems="1.694" contextid="321" timestamp="2019-07-03T01:27:32.095">
  <trace-info objectcount="10782" scancount="10759" scanbytes="257360" />
  <cardclean-info objects="1512" bytes="53052" />
  <remembered-set-cleared processed="5389" cleared="414" durationms="0.092" />
  <stringconstants candidates="3825" cleared="0"  />
  <warning details="Mark invoked due to insufficient free space for Copy-Forward" />
</gc-op>
<gc-op id="325" type="classunload" timems="0.002" contextid="321" timestamp="2019-07-03T01:27:32.095">
  <classunload-info classloadercandidates="6" classloadersunloaded="0" classesunloaded="0" anonymousclassesunloaded="0" quiescems="0.000" setupms="0.002" scanms="0.000" postms="0.000" />
</gc-op>
<gc-op id="326" type="sweep" timems="0.387" contextid="321" timestamp="2019-07-03T01:27:32.096" />
<gc-op id="327" type="compact" timems="1.289" contextid="321" timestamp="2019-07-03T01:27:32.097">
  <compact-info movecount="10782" movebytes="260488" />
  <remembered-set-cleared processed="10906" cleared="926" durationms="0.092" />
</gc-op>
<gc-end id="328" type="partial gc" contextid="321" durationms="4.718" usertimems="8.000" systemtimems="0.000" timestamp="2019-07-03T01:27:32.098" activeThreads="4">
  <mem-info id="329" free="9437184" total="20971520" percent="45">
    <mem type="eden" free="906816" total="1048576" percent="86" />
    <remembered-set count="7072" freebytes="808832" totalbytes="837120" percent="96" regionsoverflowed="0" regionsstable="0" regionsrebuilding="1"/>
  </mem-info>
</gc-end>
<cycle-end id="330" type="partial gc" contextid="321" timestamp="2019-07-03T01:27:32.098">
  <attribute name="GC Util" value="33" />
  <attribute name="CPU Util" value="30144004373163" />
  <attribute name="Time Running"value="67853"/>
  <attribute name="Number of cores"value="4"/>
</cycle-end>
<exclusive-end id="331" timestamp="2019-07-03T01:27:32.098" durationms="5.696" />

<exclusive-start id="332" timestamp="2019-07-03T01:27:35.146" intervalms="3053.211">
  <response-info timems="0.038" idlems="0.038" threads="0" lastid="000000000126F900" lastname="node-11" />
</exclusive-start>
<allocation-taxation id="333" taxation-threshold="4194304" timestamp="2019-07-03T01:27:35.146" intervalms="3053.165" />
<gc-start id="334" type="global mark phase" contextid="310" timestamp="2019-07-03T01:27:35.146">
  <mem-info id="335" free="5242880" total="20971520" percent="25">
    <remembered-set count="7072" freebytes="808832" totalbytes="837120" percent="96" regionsoverflowed="0" regionsstable="0" regionsrebuilding="1"/>
  </mem-info>
</gc-start>
<gc-op id="336" type="mark increment" timems="1.213" contextid="310" timestamp="2019-07-03T01:27:35.147">
  <trace-info objectcount="5302" scancount="5276" scanbytes="125752" />
  <cardclean-info objects="1541" bytes="54276" />
  <finalization candidates="18" enqueued="0" />
  <references type="soft" candidates="66" cleared="0" enqueued="0" dynamicThreshold="14" maxThreshold="32" />
  <references type="weak" candidates="165" cleared="0" enqueued="0" />
  <references type="phantom" candidates="57" cleared="0" enqueued="0" />
  <stringconstants candidates="3825" cleared="0"  />
</gc-op>
<gc-op id="337" type="classunload" timems="0.002" contextid="310" timestamp="2019-07-03T01:27:35.147">
  <classunload-info classloadercandidates="6" classloadersunloaded="0" classesunloaded="0" anonymousclassesunloaded="0" quiescems="0.000" setupms="0.002" scanms="0.000" postms="0.000" />
</gc-op>
<gc-end id="338" type="global mark phase" contextid="310" durationms="1.439" usertimems="0.000" systemtimems="4.000" timestamp="2019-07-03T01:27:35.147" activeThreads="4">
  <mem-info id="339" free="5242880" total="20971520" percent="25">
    <remembered-set count="7584" freebytes="806784" totalbytes="837120" percent="96" regionsoverflowed="0" regionsstable="0" regionsrebuilding="0"/>
  </mem-info>
</gc-end>
<cycle-end id="340" type="global mark phase" contextid="310" timestamp="2019-07-03T01:27:35.147">
  <attribute name="GC Util" value="62" />
  <attribute name="CPU Util" value="69575960757695" />
  <attribute name="Time Running"value="70903"/>
  <attribute name="Number of cores"value="4"/>
</cycle-end>
<exclusive-end id="341" timestamp="2019-07-03T01:27:35.148" durationms="1.788" />

<exclusive-start id="342" timestamp="2019-07-03T01:27:38.187" intervalms="3041.681">
  <response-info timems="0.035" idlems="0.035" threads="0" lastid="0000000001277100" lastname="node-14" />
</exclusive-start>
<allocation-taxation id="343" taxation-threshold="4194304" timestamp="2019-07-03T01:27:38.188" intervalms="3041.696" />
<cycle-start id="344" type="partial gc" contextid="0" timestamp="2019-07-03T01:27:38.188" intervalms="6094.825" />
  <attribute name="GC Util" value="62" />
  <attribute name="CPU Util" value="69575960757695" />
  <attribute name="Time Running"value="70903"/>
  <attribute name="Number of cores"value="4"/>
<gc-start id="345" type="partial gc" contextid="344" timestamp="2019-07-03T01:27:38.188">
  <mem-info id="346" free="1048576" total="20971520" percent="5">
    <mem type="eden" free="0" total="8388608" percent="0" />
    <remembered-set count="6112" freebytes="812672" totalbytes="837120" percent="97" regionsoverflowed="0" regionsstable="1" regionsrebuilding="0"/>
  </mem-info>
</gc-start>
<allocation-stats totalBytes="8384672" >
  <allocated-bytes non-tlh="0" tlh="8384672" arrayletleaf="0"/>
  <largest-consumer threadName="node-15" threadId="00000000012AB700" bytes="237504" />
</allocation-stats>
<gc-op id="347" type="sweep" timems="0.494" contextid="344" timestamp="2019-07-03T01:27:38.189" />
<gc-op id="348" type="copy forward" timems="1.406" contextid="344" timestamp="2019-07-03T01:27:38.190">
  <memory-copied type="eden" objects="2754" bytes="67800" bytesdiscarded="5141" />
  <memory-copied type="other" objects="5155" bytes="123720" bytesdiscarded="2155" />
  <memory-cardclean objects="1435" bytes="51096" />
  <remembered-set-cleared processed="4549" cleared="441" durationms="0.071" />
  <stringconstants candidates="3825" cleared="0"  />
</gc-op>
<gc-op id="349" type="classunload" timems="0.002" contextid="344" timestamp="2019-07-03T01:27:38.191">
  <classunload-info classloadercandidates="6" classloadersunloaded="0" classesunloaded="0" anonymousclassesunloaded="0" quiescems="0.000" setupms="0.002" scanms="0.000" postms="0.000" />
</gc-op>
<gc-end id="350" type="partial gc" contextid="344" durationms="2.913" usertimems="0.000" systemtimems="4.000" timestamp="2019-07-03T01:27:38.191" activeThreads="4">
  <mem-info id="351" free="10485760" total="20971520" percent="50">
    <mem type="eden" free="906664" total="1048576" percent="86" />
    <remembered-set count="6112" freebytes="812672" totalbytes="837120" percent="97" regionsoverflowed="0" regionsstable="1" regionsrebuilding="0"/>
  </mem-info>
</gc-end>
<cycle-end id="352" type="partial gc" contextid="344" timestamp="2019-07-03T01:27:38.191">
  <attribute name="GC Util" value="64" />
  <attribute name="CPU Util" value="116074930634976" />
  <attribute name="Time Running"value="73945"/>
  <attribute name="Number of cores"value="4"/>
</cycle-end>
<exclusive-end id="353" timestamp="2019-07-03T01:27:38.191" durationms="3.590" />

<exclusive-start id="354" timestamp="2019-07-03T01:27:41.712" intervalms="3524.608">
  <response-info timems="0.032" idlems="0.032" threads="0" lastid="0000000001298C00" lastname="node-3" />
</exclusive-start>
<allocation-taxation id="355" taxation-threshold="5242880" timestamp="2019-07-03T01:27:41.712" intervalms="3524.612" />
<cycle-start id="356" type="global mark phase" contextid="0" timestamp="2019-07-03T01:27:41.712" intervalms="12814.632" />
  <attribute name="GC Util" value="64" />
  <attribute name="CPU Util" value="116074930634976" />
  <attribute name="Time Running"value="73945"/>
  <attribute name="Number of cores"value="4"/>
<gc-start id="357" type="global mark phase" contextid="356" timestamp="2019-07-03T01:27:41.712">
  <mem-info id="358" free="5242880" total="20971520" percent="25">
    <remembered-set count="5856" freebytes="813696" totalbytes="837120" percent="97" regionsoverflowed="0" regionsstable="1" regionsrebuilding="0"/>
  </mem-info>
</gc-start>
<gc-op id="359" type="mark increment" timems="0.501" contextid="356" timestamp="2019-07-03T01:27:41.713">
  <trace-info objectcount="308" scancount="0" scanbytes="0" />
</gc-op>
<gc-end id="360" type="global mark phase" contextid="356" durationms="0.602" usertimems="0.000" systemtimems="0.000" timestamp="2019-07-03T01:27:41.713" activeThreads="4">
  <mem-info id="361" free="5242880" total="20971520" percent="25">
    <remembered-set count="5856" freebytes="813696" totalbytes="837120" percent="97" regionsoverflowed="0" regionsstable="0" regionsrebuilding="1"/>
  </mem-info>
</gc-end>
<concurrent-start id="362" type="GMP work packet processing" contextid="356" timestamp="2019-07-03T01:27:41.713">
  <concurrent-mark-start scanTarget="18446744073709551615" />
</concurrent-start>
<exclusive-end id="363" timestamp="2019-07-03T01:27:41.716" durationms="3.688" />

<concurrent-end id="364" type="GMP work packet processing" contextid="356" timestamp="2019-07-03T01:27:41.716">
  <concurrent-mark-end bytesScanned="5298096" reasonForTermination="Completed all work in GC phase" />
</concurrent-end>

<exclusive-start id="365" timestamp="2019-07-03T01:27:44.794" intervalms="3081.629">
  <response-info timems="0.077" idlems="0.077" threads="0" lastid="00000000012B2F00" lastname="node-13" />
</exclusive-start>
<allocation-taxation id="366" taxation-threshold="5242880" timestamp="2019-07-03T01:27:44.794" intervalms="3081.652" />
<cycle-start id="367" type="partial gc" contextid="0" timestamp="2019-07-03T01:27:44.794" intervalms="6606.262" />
  <attribute name="GC Util" value="170" />
  <attribute name="CPU Util" value="45167772311735" />
  <attribute name="Time Running"value="77469"/>
  <attribute name="Number of cores"value="4"/>
<gc-start id="368" type="partial gc" contextid="367" timestamp="2019-07-03T01:27:44.794">
  <mem-info id="369" free="0" total="20971520" percent="0">
    <mem type="eden" free="0" total="10485760" percent="0" />
    <remembered-set count="6208" freebytes="812288" totalbytes="837120" percent="97" regionsoverflowed="0" regionsstable="0" regionsrebuilding="1"/>
  </mem-info>
</gc-start>
<allocation-stats totalBytes="10480912" >
  <allocated-bytes non-tlh="0" tlh="10480912" arrayletleaf="0"/>
  <largest-consumer threadName="node-21" threadId="00000000012A7B00" bytes="253952" />
</allocation-stats>
<gc-op id="370" type="mark" timems="1.856" contextid="367" timestamp="2019-07-03T01:27:44.797">
  <trace-info objectcount="12259" scancount="12236" scanbytes="292800" />
  <cardclean-info objects="1519" bytes="53616" />
  <remembered-set-cleared processed="5379" cleared="415" durationms="0.121" />
  <stringconstants candidates="3825" cleared="0"  />
  <warning details="Mark invoked due to insufficient free space for Copy-Forward" />
</gc-op>
<gc-op id="371" type="classunload" timems="0.002" contextid="367" timestamp="2019-07-03T01:27:44.797">
  <classunload-info classloadercandidates="6" classloadersunloaded="0" classesunloaded="0" anonymousclassesunloaded="0" quiescems="0.000" setupms="0.002" scanms="0.000" postms="0.000" />
</gc-op>
<gc-op id="372" type="sweep" timems="0.344" contextid="367" timestamp="2019-07-03T01:27:44.797" />
<gc-op id="373" type="compact" timems="1.614" contextid="367" timestamp="2019-07-03T01:27:44.799">
  <compact-info movecount="12258" movebytes="295904" />
  <remembered-set-cleared processed="10900" cleared="937" durationms="0.121" />
</gc-op>
<gc-end id="374" type="partial gc" contextid="367" durationms="5.158" usertimems="4.000" systemtimems="0.000" timestamp="2019-07-03T01:27:44.799" activeThreads="4">
  <mem-info id="375" free="9437184" total="20971520" percent="45">
    <mem type="eden" free="882128" total="1048576" percent="84" />
    <remembered-set count="7136" freebytes="808576" totalbytes="837120" percent="96" regionsoverflowed="0" regionsstable="0" regionsrebuilding="1"/>
  </mem-info>
</gc-end>
<cycle-end id="376" type="partial gc" contextid="367" timestamp="2019-07-03T01:27:44.800">
  <attribute name="GC Util" value="34" />
  <attribute name="CPU Util" value="30618069758769" />
  <attribute name="Time Running"value="80554"/>
  <attribute name="Number of cores"value="4"/>
</cycle-end>
<exclusive-end id="377" timestamp="2019-07-03T01:27:44.800" durationms="6.201" />

<exclusive-start id="378" timestamp="2019-07-03T01:27:47.460" intervalms="2666.489">
  <response-info timems="0.039" idlems="0.039" threads="0" lastid="0000000001289C00" lastname="node-20" />
</exclusive-start>
<allocation-taxation id="379" taxation-threshold="4194304" timestamp="2019-07-03T01:27:47.460" intervalms="2666.461" />
<gc-start id="380" type="global mark phase" contextid="356" timestamp="2019-07-03T01:27:47.460">
  <mem-info id="381" free="5242880" total="20971520" percent="25">
    <remembered-set count="7136" freebytes="808576" totalbytes="837120" percent="96" regionsoverflowed="0" regionsstable="0" regionsrebuilding="1"/>
  </mem-info>
</gc-start>
<gc-op id="382" type="mark increment" timems="1.290" contextid="356" timestamp="2019-07-03T01:27:47.462">
  <trace-info objectcount="5293" scancount="5250" scanbytes="125176" />
  <cardclean-info objects="1520" bytes="53080" />
  <finalization candidates="18" enqueued="0" />
  <references type="soft" candidates="66" cleared="20" enqueued="16" dynamicThreshold="14" maxThreshold="32" />
  <references type="weak" candidates="165" cleared="0" enqueued="0" />
  <references type="phantom" candidates="57" cleared="0" enqueued="0" />
  <stringconstants candidates="3825" cleared="0"  />
</gc-op>
<gc-op id="383" type="classunload" timems="0.003" contextid="356" timestamp="2019-07-03T01:27:47.462">
  <classunload-info classloadercandidates="6" classloadersunloaded="0" classesunloaded="0" anonymousclassesunloaded="0" quiescems="0.000" setupms="0.003" scanms="0.000" postms="0.000" />
</gc-op>
<gc-end id="384" type="global mark phase" contextid="356" durationms="1.615" usertimems="0.000" systemtimems="4.000" timestamp="2019-07-03T01:27:47.462" activeThreads="4">
  <mem-info id="385" free="5242880" total="20971520" percent="25">
    <pending-finalizers system="0" default="0" reference="16" classloader="0" />
    <remembered-set count="7648" freebytes="806528" totalbytes="837120" percent="96" regionsoverflowed="0" regionsstable="0" regionsrebuilding="0"/>
  </mem-info>
</gc-end>
<cycle-end id="386" type="global mark phase" contextid="356" timestamp="2019-07-03T01:27:47.462">
  <attribute name="GC Util" value="48" />
  <attribute name="CPU Util" value="57528680690991" />
  <attribute name="Time Running"value="83217"/>
  <attribute name="Number of cores"value="4"/>
</cycle-end>
<exclusive-end id="387" timestamp="2019-07-03T01:27:47.462" durationms="2.058" />

<exclusive-start id="388" timestamp="2019-07-03T01:27:50.678" intervalms="3217.898">
  <response-info timems="0.033" idlems="0.033" threads="0" lastid="000000000127AC00" lastname="node-7" />
</exclusive-start>
<allocation-taxation id="389" taxation-threshold="4194304" timestamp="2019-07-03T01:27:50.678" intervalms="3217.900" />
<cycle-start id="390" type="partial gc" contextid="0" timestamp="2019-07-03T01:27:50.678" intervalms="5884.356" />
  <attribute name="GC Util" value="48" />
  <attribute name="CPU Util" value="57528680690991" />
  <attribute name="Time Running"value="83217"/>
  <attribute name="Number of cores"value="4"/>
<gc-start id="391" type="partial gc" contextid="390" timestamp="2019-07-03T01:27:50.678">
  <mem-info id="392" free="1048576" total="20971520" percent="5">
    <mem type="eden" free="0" total="8388608" percent="0" />
    <remembered-set count="6144" freebytes="812544" totalbytes="837120" percent="97" regionsoverflowed="0" regionsstable="1" regionsrebuilding="0"/>
  </mem-info>
</gc-start>
<allocation-stats totalBytes="8381624" >
  <allocated-bytes non-tlh="0" tlh="8381624" arrayletleaf="0"/>
  <largest-consumer threadName="node-16" threadId="000000000125CD00" bytes="237544" />
</allocation-stats>
<gc-op id="393" type="sweep" timems="0.363" contextid="390" timestamp="2019-07-03T01:27:50.679" />
<gc-op id="394" type="copy forward" timems="1.532" contextid="390" timestamp="2019-07-03T01:27:50.681">
  <memory-copied type="eden" objects="3157" bytes="79504" bytesdiscarded="6047" />
  <memory-copied type="other" objects="5111" bytes="122664" bytesdiscarded="2001" />
  <memory-cardclean objects="1529" bytes="53864" />
  <remembered-set-cleared processed="4556" cleared="442" durationms="0.071" />
  <stringconstants candidates="3825" cleared="0"  />
</gc-op>
<gc-op id="395" type="classunload" timems="0.002" contextid="390" timestamp="2019-07-03T01:27:50.681">
  <classunload-info classloadercandidates="6" classloadersunloaded="0" classesunloaded="0" anonymousclassesunloaded="0" quiescems="0.000" setupms="0.001" scanms="0.000" postms="0.000" />
</gc-op>
<gc-end id="396" type="partial gc" contextid="390" durationms="3.029" usertimems="4.000" systemtimems="0.000" timestamp="2019-07-03T01:27:50.681" activeThreads="4">
  <mem-info id="397" free="10485760" total="20971520" percent="50">
    <mem type="eden" free="904024" total="1048576" percent="86" />
    <remembered-set count="6112" freebytes="812672" totalbytes="837120" percent="97" regionsoverflowed="0" regionsstable="1" regionsrebuilding="0"/>
  </mem-info>
</gc-end>
<cycle-end id="398" type="partial gc" contextid="390" timestamp="2019-07-03T01:27:50.682">
  <attribute name="GC Util" value="63" />
  <attribute name="CPU Util" value="130265336591603" />
  <attribute name="Time Running"value="86436"/>
  <attribute name="Number of cores"value="4"/>
</cycle-end>
<exclusive-end id="399" timestamp="2019-07-03T01:27:50.682" durationms="3.850" />

<exclusive-start id="400" timestamp="2019-07-03T01:27:54.204" intervalms="3525.979">
  <response-info timems="0.068" idlems="0.068" threads="0" lastid="0000000001282400" lastname="node-19" />
</exclusive-start>
<allocation-taxation id="401" taxation-threshold="5242880" timestamp="2019-07-03T01:27:54.204" intervalms="3526.237" />
<cycle-start id="402" type="global mark phase" contextid="0" timestamp="2019-07-03T01:27:54.205" intervalms="12492.293" />
  <attribute name="GC Util" value="63" />
  <attribute name="CPU Util" value="130265336591603" />
  <attribute name="Time Running"value="86436"/>
  <attribute name="Number of cores"value="4"/>
<gc-start id="403" type="global mark phase" contextid="402" timestamp="2019-07-03T01:27:54.205">
  <mem-info id="404" free="5242880" total="20971520" percent="25">
    <remembered-set count="5760" freebytes="814080" totalbytes="837120" percent="97" regionsoverflowed="0" regionsstable="1" regionsrebuilding="0"/>
  </mem-info>
</gc-start>
<gc-op id="405" type="mark increment" timems="0.562" contextid="402" timestamp="2019-07-03T01:27:54.205">
  <trace-info objectcount="307" scancount="0" scanbytes="0" />
</gc-op>
<gc-end id="406" type="global mark phase" contextid="402" durationms="0.863" usertimems="4.000" systemtimems="0.000" timestamp="2019-07-03T01:27:54.206" activeThreads="4">
  <mem-info id="407" free="5242880" total="20971520" percent="25">
    <remembered-set count="5760" freebytes="814080" totalbytes="837120" percent="97" regionsoverflowed="0" regionsstable="0" regionsrebuilding="1"/>
  </mem-info>
</gc-end>
<concurrent-start id="408" type="GMP work packet processing" contextid="402" timestamp="2019-07-03T01:27:54.206">
  <concurrent-mark-start scanTarget="18446744073709551615" />
</concurrent-start>
<exclusive-end id="409" timestamp="2019-07-03T01:27:54.209" durationms="4.535" />

<concurrent-end id="410" type="GMP work packet processing" contextid="402" timestamp="2019-07-03T01:27:54.209">
  <concurrent-mark-end bytesScanned="5291356" reasonForTermination="Completed all work in GC phase" />
</concurrent-end>

<exclusive-start id="411" timestamp="2019-07-03T01:27:57.278" intervalms="3074.087">
  <response-info timems="0.042" idlems="0.023" threads="1" lastid="0000000001291400" lastname="node-12" />
</exclusive-start>
<allocation-taxation id="412" taxation-threshold="5242880" timestamp="2019-07-03T01:27:57.278" intervalms="3073.833" />
<cycle-start id="413" type="partial gc" contextid="0" timestamp="2019-07-03T01:27:57.278" intervalms="6600.067" />
  <attribute name="GC Util" value="104" />
  <attribute name="CPU Util" value="24934839035693" />
  <attribute name="Time Running"value="89962"/>
  <attribute name="Number of cores"value="4"/>
<gc-start id="414" type="partial gc" contextid="413" timestamp="2019-07-03T01:27:57.279">
  <mem-info id="415" free="0" total="20971520" percent="0">
    <mem type="eden" free="0" total="10485760" percent="0" />
    <remembered-set count="6944" freebytes="809344" totalbytes="837120" percent="96" regionsoverflowed="0" regionsstable="0" regionsrebuilding="1"/>
  </mem-info>
</gc-start>
<allocation-stats totalBytes="10479112" >
  <allocated-bytes non-tlh="0" tlh="10479112" arrayletleaf="0"/>
  <largest-consumer threadName="node-8" threadId="0000000001268100" bytes="270312" />
</allocation-stats>
<gc-op id="416" type="mark" timems="1.625" contextid="413" timestamp="2019-07-03T01:27:57.281">
  <trace-info objectcount="11056" scancount="11033" scanbytes="263936" />
  <cardclean-info objects="1476" bytes="51736" />
  <remembered-set-cleared processed="5405" cleared="409" durationms="0.091" />
  <stringconstants candidates="3825" cleared="0"  />
  <warning details="Mark invoked due to insufficient free space for Copy-Forward" />
</gc-op>
<gc-op id="417" type="classunload" timems="0.002" contextid="413" timestamp="2019-07-03T01:27:57.281">
  <classunload-info classloadercandidates="6" classloadersunloaded="0" classesunloaded="0" anonymousclassesunloaded="0" quiescems="0.000" setupms="0.002" scanms="0.000" postms="0.000" />
</gc-op>
<gc-op id="418" type="sweep" timems="0.339" contextid="413" timestamp="2019-07-03T01:27:57.281" />
<gc-op id="419" type="compact" timems="1.389" contextid="413" timestamp="2019-07-03T01:27:57.283">
  <compact-info movecount="11055" movebytes="267040" />
  <remembered-set-cleared processed="10939" cleared="875" durationms="0.091" />
</gc-op>
<gc-end id="420" type="partial gc" contextid="413" durationms="4.627" usertimems="8.000" systemtimems="0.000" timestamp="2019-07-03T01:27:57.283" activeThreads="4">
  <mem-info id="421" free="9437184" total="20971520" percent="45">
    <mem type="eden" free="910968" total="1048576" percent="86" />
    <remembered-set count="7136" freebytes="808576" totalbytes="837120" percent="96" regionsoverflowed="0" regionsstable="0" regionsrebuilding="1"/>
  </mem-info>
</gc-end>
<cycle-end id="422" type="partial gc" contextid="413" timestamp="2019-07-03T01:27:57.283">
  <attribute name="GC Util" value="32" />
  <attribute name="CPU Util" value="30492552467392" />
  <attribute name="Time Running"value="93038"/>
  <attribute name="Number of cores"value="4"/>
</cycle-end>
<exclusive-end id="423" timestamp="2019-07-03T01:27:57.283" durationms="5.301" />

<exclusive-start id="424" timestamp="2019-07-03T01:27:59.991" intervalms="2713.171">
  <response-info timems="0.034" idlems="0.034" threads="0" lastid="00000000012A7B00" lastname="node-21" />
</exclusive-start>
<allocation-taxation id="425" taxation-threshold="4194304" timestamp="2019-07-03T01:27:59.991" intervalms="2713.172" />
<gc-start id="426" type="global mark phase" contextid="402" timestamp="2019-07-03T01:27:59.992">
  <mem-info id="427" free="5242880" total="20971520" percent="25">
    <remembered-set count="7136" freebytes="808576" totalbytes="837120" percent="96" regionsoverflowed="0" regionsstable="0" regionsrebuilding="1"/>
  </mem-info>
</gc-start>
<gc-op id="428" type="mark increment" timems="1.171" contextid="402" timestamp="2019-07-03T01:27:59.993">
  <trace-info objectcount="4709" scancount="4681" scanbytes="111536" />
  <cardclean-info objects="1589" bytes="54788" />
  <finalization candidates="18" enqueued="0" />
  <references type="soft" candidates="46" cleared="1" enqueued="0" dynamicThreshold="14" maxThreshold="32" />
  <references type="weak" candidates="165" cleared="0" enqueued="0" />
  <references type="phantom" candidates="57" cleared="0" enqueued="0" />
  <stringconstants candidates="3825" cleared="0"  />
</gc-op>
<gc-op id="429" type="classunload" timems="0.002" contextid="402" timestamp="2019-07-03T01:27:59.993">
  <classunload-info classloadercandidates="6" classloadersunloaded="0" classesunloaded="0" anonymousclassesunloaded="0" quiescems="0.000" setupms="0.002" scanms="0.000" postms="0.000" />
</gc-op>
<gc-end id="430" type="global mark phase" contextid="402" durationms="1.472" usertimems="4.000" systemtimems="0.000" timestamp="2019-07-03T01:27:59.993" activeThreads="4">
  <mem-info id="431" free="5242880" total="20971520" percent="25">
    <remembered-set count="7648" freebytes="806528" totalbytes="837120" percent="96" regionsoverflowed="0" regionsstable="0" regionsrebuilding="0"/>
  </mem-info>
</gc-end>
<cycle-end id="432" type="global mark phase" contextid="402" timestamp="2019-07-03T01:27:59.993">
  <attribute name="GC Util" value="80" />
  <attribute name="CPU Util" value="78313496274971" />
  <attribute name="Time Running"value="95749"/>
  <attribute name="Number of cores"value="4"/>
</cycle-end>
<exclusive-end id="433" timestamp="2019-07-03T01:27:59.993" durationms="1.947" />

<exclusive-start id="434" timestamp="2019-07-03T01:28:02.810" intervalms="2818.328">
  <response-info timems="0.039" idlems="0.039" threads="0" lastid="000000000126F900" lastname="node-11" />
</exclusive-start>
<allocation-taxation id="435" taxation-threshold="4194304" timestamp="2019-07-03T01:28:02.810" intervalms="2818.314" />
<cycle-start id="436" type="partial gc" contextid="0" timestamp="2019-07-03T01:28:02.810" intervalms="5531.480" />
  <attribute name="GC Util" value="80" />
  <attribute name="CPU Util" value="78313496274971" />
  <attribute name="Time Running"value="95749"/>
  <attribute name="Number of cores"value="4"/>
<gc-start id="437" type="partial gc" contextid="436" timestamp="2019-07-03T01:28:02.810">
  <mem-info id="438" free="1048576" total="20971520" percent="5">
    <mem type="eden" free="0" total="8388608" percent="0" />
    <remembered-set count="6144" freebytes="812544" totalbytes="837120" percent="97" regionsoverflowed="0" regionsstable="1" regionsrebuilding="0"/>
  </mem-info>
</gc-start>
<allocation-stats totalBytes="8383640" >
  <allocated-bytes non-tlh="0" tlh="8383640" arrayletleaf="0"/>
  <largest-consumer threadName="node-14" threadId="0000000001277100" bytes="237216" />
</allocation-stats>
<gc-op id="439" type="sweep" timems="0.406" contextid="436" timestamp="2019-07-03T01:28:02.811" />
<gc-op id="440" type="copy forward" timems="1.636" contextid="436" timestamp="2019-07-03T01:28:02.813">
  <memory-copied type="eden" objects="2823" bytes="74320" bytesdiscarded="5634" />
  <memory-copied type="other" objects="4555" bytes="109320" bytesdiscarded="1854" />
  <memory-cardclean objects="1449" bytes="51496" />
  <remembered-set-cleared processed="4559" cleared="442" durationms="0.082" />
  <stringconstants candidates="3825" cleared="0"  />
</gc-op>
<gc-op id="441" type="classunload" timems="0.001" contextid="436" timestamp="2019-07-03T01:28:02.813">
  <classunload-info classloadercandidates="6" classloadersunloaded="0" classesunloaded="0" anonymousclassesunloaded="0" quiescems="0.000" setupms="0.001" scanms="0.000" postms="0.000" />
</gc-op>
<gc-end id="442" type="partial gc" contextid="436" durationms="3.043" usertimems="0.000" systemtimems="4.000" timestamp="2019-07-03T01:28:02.813" activeThreads="4">
  <mem-info id="443" free="10485760" total="20971520" percent="50">
    <mem type="eden" free="912744" total="1048576" percent="87" />
    <remembered-set count="6112" freebytes="812672" totalbytes="837120" percent="97" regionsoverflowed="0" regionsstable="1" regionsrebuilding="0"/>
  </mem-info>
</gc-end>
<cycle-end id="444" type="partial gc" contextid="436" timestamp="2019-07-03T01:28:02.813">
  <attribute name="GC Util" value="54" />
  <attribute name="CPU Util" value="109550342946292" />
  <attribute name="Time Running"value="98567"/>
  <attribute name="Number of cores"value="4"/>
</cycle-end>
<exclusive-end id="445" timestamp="2019-07-03T01:28:02.813" durationms="3.851" />

<exclusive-start id="446" timestamp="2019-07-03T01:28:06.594" intervalms="3784.509">
  <response-info timems="0.037" idlems="0.037" threads="0" lastid="000000000126F900" lastname="node-11" />
</exclusive-start>
<allocation-taxation id="447" taxation-threshold="5242880" timestamp="2019-07-03T01:28:06.594" intervalms="3784.557" />
<cycle-start id="448" type="global mark phase" contextid="0" timestamp="2019-07-03T01:28:06.594" intervalms="12389.753" />
  <attribute name="GC Util" value="54" />
  <attribute name="CPU Util" value="109550342946292" />
  <attribute name="Time Running"value="98567"/>
  <attribute name="Number of cores"value="4"/>
<gc-start id="449" type="global mark phase" contextid="448" timestamp="2019-07-03T01:28:06.594">
  <mem-info id="450" free="5242880" total="20971520" percent="25">
    <remembered-set count="5856" freebytes="813696" totalbytes="837120" percent="97" regionsoverflowed="0" regionsstable="1" regionsrebuilding="0"/>
  </mem-info>
</gc-start>
<gc-op id="451" type="mark increment" timems="0.440" contextid="448" timestamp="2019-07-03T01:28:06.595">
  <trace-info objectcount="336" scancount="0" scanbytes="0" />
</gc-op>
<gc-end id="452" type="global mark phase" contextid="448" durationms="0.540" usertimems="0.000" systemtimems="0.000" timestamp="2019-07-03T01:28:06.595" activeThreads="4">
  <mem-info id="453" free="5242880" total="20971520" percent="25">
    <remembered-set count="5856" freebytes="813696" totalbytes="837120" percent="97" regionsoverflowed="0" regionsstable="0" regionsrebuilding="1"/>
  </mem-info>
</gc-end>
<concurrent-start id="454" type="GMP work packet processing" contextid="448" timestamp="2019-07-03T01:28:06.595">
  <concurrent-mark-start scanTarget="18446744073709551615" />
</concurrent-start>
<exclusive-end id="455" timestamp="2019-07-03T01:28:06.595" durationms="0.990" />

<concurrent-end id="456" type="GMP work packet processing" contextid="448" timestamp="2019-07-03T01:28:06.598">
  <concurrent-mark-end bytesScanned="5287596" reasonForTermination="Completed all work in GC phase" />
</concurrent-end>

<exclusive-start id="457" timestamp="2019-07-03T01:28:09.662" intervalms="3067.898">
  <response-info timems="0.027" idlems="0.027" threads="0" lastid="00000000012B2F00" lastname="node-13" />
</exclusive-start>
<allocation-taxation id="458" taxation-threshold="5242880" timestamp="2019-07-03T01:28:09.662" intervalms="3067.848" />
<cycle-start id="459" type="partial gc" contextid="0" timestamp="2019-07-03T01:28:09.662" intervalms="6852.420" />
  <attribute name="GC Util" value="189" />
  <attribute name="CPU Util" value="49108030239018" />
  <attribute name="Time Running"value="102351"/>
  <attribute name="Number of cores"value="4"/>
<gc-start id="460" type="partial gc" contextid="459" timestamp="2019-07-03T01:28:09.662">
  <mem-info id="461" free="0" total="20971520" percent="0">
    <mem type="eden" free="0" total="10485760" percent="0" />
    <remembered-set count="6528" freebytes="811008" totalbytes="837120" percent="96" regionsoverflowed="0" regionsstable="0" regionsrebuilding="1"/>
  </mem-info>
</gc-start>
<allocation-stats totalBytes="10477736" >
  <allocated-bytes non-tlh="0" tlh="10477736" arrayletleaf="0"/>
  <largest-consumer threadName="node-25" threadId="00000000012AF300" bytes="253936" />
</allocation-stats>
<gc-op id="462" type="mark" timems="1.653" contextid="459" timestamp="2019-07-03T01:28:09.665">
  <trace-info objectcount="10727" scancount="10714" scanbytes="256272" />
  <cardclean-info objects="1528" bytes="54280" />
  <remembered-set-cleared processed="5410" cleared="422" durationms="0.090" />
  <stringconstants candidates="3825" cleared="0"  />
  <warning details="Mark invoked due to insufficient free space for Copy-Forward" />
</gc-op>
<gc-op id="463" type="classunload" timems="0.001" contextid="459" timestamp="2019-07-03T01:28:09.665">
  <classunload-info classloadercandidates="6" classloadersunloaded="0" classesunloaded="0" anonymousclassesunloaded="0" quiescems="0.000" setupms="0.001" scanms="0.000" postms="0.000" />
</gc-op>
<gc-op id="464" type="sweep" timems="0.311" contextid="459" timestamp="2019-07-03T01:28:09.665" />
<gc-op id="465" type="compact" timems="1.389" contextid="459" timestamp="2019-07-03T01:28:09.667">
  <compact-info movecount="10727" movebytes="261544" />
  <remembered-set-cleared processed="10945" cleared="872" durationms="0.090" />
</gc-op>
<gc-end id="466" type="partial gc" contextid="459" durationms="4.531" usertimems="0.000" systemtimems="4.000" timestamp="2019-07-03T01:28:09.667" activeThreads="4">
  <mem-info id="467" free="9437184" total="20971520" percent="45">
    <mem type="eden" free="905040" total="1048576" percent="86" />
    <remembered-set count="7264" freebytes="808064" totalbytes="837120" percent="96" regionsoverflowed="0" regionsstable="0" regionsrebuilding="1"/>
  </mem-info>
</gc-end>
<cycle-end id="468" type="partial gc" contextid="459" timestamp="2019-07-03T01:28:09.667">
  <attribute name="GC Util" value="36" />
  <attribute name="CPU Util" value="34802550837845" />
  <attribute name="Time Running"value="105422"/>
  <attribute name="Number of cores"value="4"/>
</cycle-end>
<exclusive-end id="469" timestamp="2019-07-03T01:28:09.667" durationms="5.214" />

<exclusive-start id="470" timestamp="2019-07-03T01:28:12.565" intervalms="2902.851">
  <response-info timems="0.037" idlems="0.037" threads="0" lastid="00000000012AF300" lastname="node-25" />
</exclusive-start>
<allocation-taxation id="471" taxation-threshold="4194304" timestamp="2019-07-03T01:28:12.565" intervalms="2902.891" />
<gc-start id="472" type="global mark phase" contextid="448" timestamp="2019-07-03T01:28:12.565">
  <mem-info id="473" free="5242880" total="20971520" percent="25">
    <remembered-set count="7264" freebytes="808064" totalbytes="837120" percent="96" regionsoverflowed="0" regionsstable="0" regionsrebuilding="1"/>
  </mem-info>
</gc-start>
<gc-op id="474" type="mark increment" timems="1.218" contextid="448" timestamp="2019-07-03T01:28:12.566">
  <trace-info objectcount="5267" scancount="5236" scanbytes="124784" />
  <cardclean-info objects="1534" bytes="53432" />
  <finalization candidates="18" enqueued="0" />
  <references type="soft" candidates="45" cleared="0" enqueued="0" dynamicThreshold="14" maxThreshold="32" />
  <references type="weak" candidates="165" cleared="0" enqueued="0" />
  <references type="phantom" candidates="57" cleared="0" enqueued="0" />
  <stringconstants candidates="3825" cleared="0"  />
</gc-op>
<gc-op id="475" type="classunload" timems="0.002" contextid="448" timestamp="2019-07-03T01:28:12.567">
  <classunload-info classloadercandidates="6" classloadersunloaded="0" classesunloaded="0" anonymousclassesunloaded="0" quiescems="0.000" setupms="0.002" scanms="0.000" postms="0.000" />
</gc-op>
<gc-end id="476" type="global mark phase" contextid="448" durationms="1.600" usertimems="4.000" systemtimems="0.000" timestamp="2019-07-03T01:28:12.567" activeThreads="4">
  <mem-info id="477" free="5242880" total="20971520" percent="25">
    <remembered-set count="7264" freebytes="808064" totalbytes="837120" percent="96" regionsoverflowed="0" regionsstable="0" regionsrebuilding="0"/>
  </mem-info>
</gc-end>
<cycle-end id="478" type="global mark phase" contextid="448" timestamp="2019-07-03T01:28:12.567">
  <attribute name="GC Util" value="60" />
  <attribute name="CPU Util" value="79135592615980" />
  <attribute name="Time Running"value="108322"/>
  <attribute name="Number of cores"value="4"/>
</cycle-end>
<exclusive-end id="479" timestamp="2019-07-03T01:28:12.567" durationms="2.186" />

<exclusive-start id="480" timestamp="2019-07-03T01:28:15.776" intervalms="3211.055">
  <response-info timems="0.107" idlems="0.059" threads="1" lastid="0000000001289C00" lastname="node-20" />
</exclusive-start>
<allocation-taxation id="481" taxation-threshold="4194304" timestamp="2019-07-03T01:28:15.776" intervalms="3211.063" />
<cycle-start id="482" type="partial gc" contextid="0" timestamp="2019-07-03T01:28:15.776" intervalms="6114.069" />
  <attribute name="GC Util" value="60" />
  <attribute name="CPU Util" value="79135592615980" />
  <attribute name="Time Running"value="108322"/>
  <attribute name="Number of cores"value="4"/>
<gc-start id="483" type="partial gc" contextid="482" timestamp="2019-07-03T01:28:15.777">
  <mem-info id="484" free="1048576" total="20971520" percent="5">
    <mem type="eden" free="0" total="8388608" percent="0" />
    <remembered-set count="7264" freebytes="808064" totalbytes="837120" percent="96" regionsoverflowed="0" regionsstable="0" regionsrebuilding="0"/>
  </mem-info>
</gc-start>
<allocation-stats totalBytes="8383240" >
  <allocated-bytes non-tlh="0" tlh="8383240" arrayletleaf="0"/>
  <largest-consumer threadName="node-9" threadId="0000000001286000" bytes="253912" />
</allocation-stats>
<gc-op id="485" type="sweep" timems="0.467" contextid="482" timestamp="2019-07-03T01:28:15.777" />
<gc-op id="486" type="copy forward" timems="1.642" contextid="482" timestamp="2019-07-03T01:28:15.780">
  <memory-copied type="eden" objects="3383" bytes="82912" bytesdiscarded="7619" />
  <memory-copied type="other" objects="5111" bytes="122664" bytesdiscarded="1717" />
  <memory-cardclean objects="1429" bytes="50096" />
  <remembered-set-cleared processed="5510" cleared="524" durationms="0.097" />
  <stringconstants candidates="3825" cleared="0"  />
</gc-op>
<gc-op id="487" type="classunload" timems="0.002" contextid="482" timestamp="2019-07-03T01:28:15.780">
  <classunload-info classloadercandidates="6" classloadersunloaded="0" classesunloaded="0" anonymousclassesunloaded="0" quiescems="0.000" setupms="0.002" scanms="0.000" postms="0.000" />
</gc-op>
<gc-end id="488" type="partial gc" contextid="482" durationms="3.476" usertimems="0.000" systemtimems="4.000" timestamp="2019-07-03T01:28:15.780" activeThreads="4">
  <mem-info id="489" free="10485760" total="20971520" percent="50">
    <mem type="eden" free="894480" total="1048576" percent="85" />
    <remembered-set count="7072" freebytes="808832" totalbytes="837120" percent="96" regionsoverflowed="0" regionsstable="0" regionsrebuilding="0"/>
  </mem-info>
</gc-end>
<cycle-end id="490" type="partial gc" contextid="482" timestamp="2019-07-03T01:28:15.780">
  <attribute name="GC Util" value="72" />
  <attribute name="CPU Util" value="124553479979109" />
  <attribute name="Time Running"value="111534"/>
  <attribute name="Number of cores"value="4"/>
</cycle-end>
<exclusive-end id="491" timestamp="2019-07-03T01:28:15.780" durationms="4.519" />

<exclusive-start id="492" timestamp="2019-07-03T01:28:19.250" intervalms="3473.815">
  <response-info timems="0.033" idlems="0.033" threads="0" lastid="0000000001286000" lastname="node-9" />
</exclusive-start>
<allocation-taxation id="493" taxation-threshold="5242880" timestamp="2019-07-03T01:28:19.250" intervalms="3473.768" />
<cycle-start id="494" type="global mark phase" contextid="0" timestamp="2019-07-03T01:28:19.250" intervalms="12655.572" />
  <attribute name="GC Util" value="72" />
  <attribute name="CPU Util" value="124553479979109" />
  <attribute name="Time Running"value="111534"/>
  <attribute name="Number of cores"value="4"/>
<gc-start id="495" type="global mark phase" contextid="494" timestamp="2019-07-03T01:28:19.250">
  <mem-info id="496" free="5242880" total="20971520" percent="25">
    <remembered-set count="6816" freebytes="809856" totalbytes="837120" percent="96" regionsoverflowed="0" regionsstable="0" regionsrebuilding="0"/>
  </mem-info>
</gc-start>
<gc-op id="497" type="mark increment" timems="0.548" contextid="494" timestamp="2019-07-03T01:28:19.251">
  <trace-info objectcount="348" scancount="0" scanbytes="0" />
</gc-op>
<gc-end id="498" type="global mark phase" contextid="494" durationms="0.675" usertimems="0.000" systemtimems="4.000" timestamp="2019-07-03T01:28:19.251" activeThreads="4">
  <mem-info id="499" free="5242880" total="20971520" percent="25">
    <remembered-set count="6816" freebytes="809856" totalbytes="837120" percent="96" regionsoverflowed="0" regionsstable="0" regionsrebuilding="0"/>
  </mem-info>
</gc-end>
<concurrent-start id="500" type="GMP work packet processing" contextid="494" timestamp="2019-07-03T01:28:19.251">
  <concurrent-mark-start scanTarget="18446744073709551615" />
</concurrent-start>
<exclusive-end id="501" timestamp="2019-07-03T01:28:19.254" durationms="3.806" />

<concurrent-end id="502" type="GMP work packet processing" contextid="494" timestamp="2019-07-03T01:28:19.254">
  <concurrent-mark-end bytesScanned="5284140" reasonForTermination="Completed all work in GC phase" />
</concurrent-end>

<exclusive-start id="503" timestamp="2019-07-03T01:28:21.834" intervalms="2583.798">
  <response-info timems="0.057" idlems="0.057" threads="0" lastid="000000000129C800" lastname="node-4" />
</exclusive-start>
<allocation-taxation id="504" taxation-threshold="5242880" timestamp="2019-07-03T01:28:21.834" intervalms="2583.812" />
<cycle-start id="505" type="partial gc" contextid="0" timestamp="2019-07-03T01:28:21.834" intervalms="6057.457" />
  <attribute name="GC Util" value="169" />
  <attribute name="CPU Util" value="40875950162099" />
  <attribute name="Time Running"value="115007"/>
  <attribute name="Number of cores"value="4"/>
<gc-start id="506" type="partial gc" contextid="505" timestamp="2019-07-03T01:28:21.834">
  <mem-info id="507" free="0" total="20971520" percent="0">
    <mem type="eden" free="0" total="10485760" percent="0" />
    <remembered-set count="6816" freebytes="809856" totalbytes="837120" percent="96" regionsoverflowed="0" regionsstable="0" regionsrebuilding="0"/>
  </mem-info>
</gc-start>
<allocation-stats totalBytes="10477008" >
  <allocated-bytes non-tlh="0" tlh="10477008" arrayletleaf="0"/>
  <largest-consumer threadName="node-8" threadId="0000000001268100" bytes="269984" />
</allocation-stats>
<gc-op id="508" type="mark" timems="1.666" contextid="505" timestamp="2019-07-03T01:28:21.836">
  <trace-info objectcount="12303" scancount="12257" scanbytes="293288" />
  <cardclean-info objects="1549" bytes="54784" />
  <remembered-set-cleared processed="5384" cleared="392" durationms="0.088" />
  <stringconstants candidates="3825" cleared="0"  />
  <warning details="Mark invoked due to insufficient free space for Copy-Forward" />
</gc-op>
<gc-op id="509" type="classunload" timems="0.001" contextid="505" timestamp="2019-07-03T01:28:21.836">
  <classunload-info classloadercandidates="6" classloadersunloaded="0" classesunloaded="0" anonymousclassesunloaded="0" quiescems="0.000" setupms="0.001" scanms="0.000" postms="0.000" />
</gc-op>
<gc-op id="510" type="sweep" timems="0.300" contextid="505" timestamp="2019-07-03T01:28:21.837" />
<gc-op id="511" type="compact" timems="1.522" contextid="505" timestamp="2019-07-03T01:28:21.838">
  <compact-info movecount="12302" movebytes="311552" />
  <remembered-set-cleared processed="10930" cleared="833" durationms="0.088" />
</gc-op>
<gc-end id="512" type="partial gc" contextid="505" durationms="4.656" usertimems="8.000" systemtimems="0.000" timestamp="2019-07-03T01:28:21.839" activeThreads="4">
  <mem-info id="513" free="9437184" total="20971520" percent="45">
    <mem type="eden" free="876656" total="1048576" percent="83" />
    <remembered-set count="7232" freebytes="808192" totalbytes="837120" percent="96" regionsoverflowed="0" regionsstable="0" regionsrebuilding="0"/>
  </mem-info>
</gc-end>
<cycle-end id="514" type="partial gc" contextid="505" timestamp="2019-07-03T01:28:21.839">
  <attribute name="GC Util" value="40" />
  <attribute name="CPU Util" value="37706670136129" />
  <attribute name="Time Running"value="117593"/>
  <attribute name="Number of cores"value="4"/>
</cycle-end>
<exclusive-end id="515" timestamp="2019-07-03T01:28:21.839" durationms="5.474" />

<exclusive-start id="516" timestamp="2019-07-03T01:28:24.842" intervalms="3008.878">
  <response-info timems="0.237" idlems="0.237" threads="0" lastid="00000000012AF300" lastname="node-25" />
</exclusive-start>
<allocation-taxation id="517" taxation-threshold="4194304" timestamp="2019-07-03T01:28:24.843" intervalms="3009.139" />
<gc-start id="518" type="global mark phase" contextid="494" timestamp="2019-07-03T01:28:24.843">
  <mem-info id="519" free="5242880" total="20971520" percent="25">
    <remembered-set count="7232" freebytes="808192" totalbytes="837120" percent="96" regionsoverflowed="0" regionsstable="0" regionsrebuilding="0"/>
  </mem-info>
</gc-start>
<gc-op id="520" type="mark increment" timems="5.401" contextid="494" timestamp="2019-07-03T01:28:24.849">
  <trace-info objectcount="6152" scancount="6129" scanbytes="146232" />
  <cardclean-info objects="1515" bytes="51968" />
  <finalization candidates="18" enqueued="0" />
  <references type="soft" candidates="45" cleared="0" enqueued="0" dynamicThreshold="14" maxThreshold="32" />
  <references type="weak" candidates="165" cleared="0" enqueued="0" />
  <references type="phantom" candidates="57" cleared="0" enqueued="0" />
  <stringconstants candidates="3825" cleared="0"  />
</gc-op>
<gc-op id="521" type="classunload" timems="0.006" contextid="494" timestamp="2019-07-03T01:28:24.850">
  <classunload-info classloadercandidates="6" classloadersunloaded="0" classesunloaded="0" anonymousclassesunloaded="0" quiescems="0.000" setupms="0.006" scanms="0.000" postms="0.000" />
</gc-op>
<gc-end id="522" type="global mark phase" contextid="494" durationms="6.766" usertimems="8.000" systemtimems="4.000" timestamp="2019-07-03T01:28:24.850" activeThreads="4">
  <mem-info id="523" free="5242880" total="20971520" percent="25">
    <remembered-set count="7232" freebytes="808192" totalbytes="837120" percent="96" regionsoverflowed="0" regionsstable="0" regionsrebuilding="0"/>
  </mem-info>
</gc-end>
<cycle-end id="524" type="global mark phase" contextid="494" timestamp="2019-07-03T01:28:24.851">
  <attribute name="GC Util" value="39" />
  <attribute name="CPU Util" value="15098735365611" />
  <attribute name="Time Running"value="120603"/>
  <attribute name="Number of cores"value="4"/>
</cycle-end>
<exclusive-end id="525" timestamp="2019-07-03T01:28:24.851" durationms="8.797" />

<exclusive-start id="526" timestamp="2019-07-03T01:28:27.437" intervalms="2594.498">
  <response-info timems="0.250" idlems="0.129" threads="1" lastid="0000000001282400" lastname="node-19" />
</exclusive-start>
<allocation-taxation id="527" taxation-threshold="4194304" timestamp="2019-07-03T01:28:27.437" intervalms="2594.211" />
<cycle-start id="528" type="partial gc" contextid="0" timestamp="2019-07-03T01:28:27.437" intervalms="5603.362" />
  <attribute name="GC Util" value="39" />
  <attribute name="CPU Util" value="15098735365611" />
  <attribute name="Time Running"value="120603"/>
  <attribute name="Number of cores"value="4"/>
<gc-start id="529" type="partial gc" contextid="528" timestamp="2019-07-03T01:28:27.437">
  <mem-info id="530" free="1048576" total="20971520" percent="5">
    <mem type="eden" free="876656" total="9437184" percent="9" />
    <remembered-set count="7232" freebytes="808192" totalbytes="837120" percent="96" regionsoverflowed="0" regionsstable="0" regionsrebuilding="0"/>
  </mem-info>
</gc-start>
<allocation-stats totalBytes="8383080" >
  <allocated-bytes non-tlh="0" tlh="8383080" arrayletleaf="0"/>
  <largest-consumer threadName="node-12" threadId="0000000001291400" bytes="237544" />
</allocation-stats>
<gc-op id="531" type="sweep" timems="0.387" contextid="528" timestamp="2019-07-03T01:28:27.438" />
<gc-op id="532" type="copy forward" timems="1.643" contextid="528" timestamp="2019-07-03T01:28:27.440">
  <memory-copied type="eden" objects="2120" bytes="57288" bytesdiscarded="6912" />
  <memory-copied type="other" objects="6010" bytes="144240" bytesdiscarded="0" />
  <memory-cardclean objects="1426" bytes="50752" />
  <remembered-set-cleared processed="5486" cleared="501" durationms="0.073" />
  <stringconstants candidates="3825" cleared="0"  />
</gc-op>
<gc-op id="533" type="classunload" timems="0.001" contextid="528" timestamp="2019-07-03T01:28:27.440">
  <classunload-info classloadercandidates="6" classloadersunloaded="0" classesunloaded="0" anonymousclassesunloaded="0" quiescems="0.000" setupms="0.001" scanms="0.000" postms="0.000" />
</gc-op>
<gc-end id="534" type="partial gc" contextid="528" durationms="3.203" usertimems="0.000" systemtimems="4.000" timestamp="2019-07-03T01:28:27.440" activeThreads="4">
  <mem-info id="535" free="10485760" total="20971520" percent="50">
    <mem type="eden" free="1888712" total="2097152" percent="90" />
    <remembered-set count="7072" freebytes="808832" totalbytes="837120" percent="96" regionsoverflowed="0" regionsstable="0" regionsrebuilding="0"/>
  </mem-info>
</gc-end>
<cycle-end id="536" type="partial gc" contextid="528" timestamp="2019-07-03T01:28:27.441">
  <attribute name="GC Util" value="49" />
  <attribute name="CPU Util" value="93577493012671" />
  <attribute name="Time Running"value="123195"/>
  <attribute name="Number of cores"value="4"/>
</cycle-end>
<exclusive-end id="537" timestamp="2019-07-03T01:28:27.441" durationms="3.991" />

<exclusive-start id="538" timestamp="2019-07-03T01:28:30.650" intervalms="3212.634">
  <response-info timems="0.041" idlems="0.041" threads="0" lastid="0000000001273500" lastname="node-1" />
</exclusive-start>
<allocation-taxation id="539" taxation-threshold="5242880" timestamp="2019-07-03T01:28:30.650" intervalms="3212.676" />
<cycle-start id="540" type="global mark phase" contextid="0" timestamp="2019-07-03T01:28:30.650" intervalms="11399.871" />
  <attribute name="GC Util" value="49" />
  <attribute name="CPU Util" value="93577493012671" />
  <attribute name="Time Running"value="123195"/>
  <attribute name="Number of cores"value="4"/>
<gc-start id="541" type="global mark phase" contextid="540" timestamp="2019-07-03T01:28:30.650">
  <mem-info id="542" free="5242880" total="20971520" percent="25">
    <remembered-set count="6848" freebytes="809728" totalbytes="837120" percent="96" regionsoverflowed="0" regionsstable="0" regionsrebuilding="0"/>
  </mem-info>
</gc-start>
<gc-op id="543" type="mark increment" timems="0.570" contextid="540" timestamp="2019-07-03T01:28:30.651">
  <trace-info objectcount="307" scancount="0" scanbytes="0" />
</gc-op>
<gc-end id="544" type="global mark phase" contextid="540" durationms="0.849" usertimems="0.000" systemtimems="0.000" timestamp="2019-07-03T01:28:30.651" activeThreads="4">
  <mem-info id="545" free="5242880" total="20971520" percent="25">
    <remembered-set count="6848" freebytes="809728" totalbytes="837120" percent="96" regionsoverflowed="0" regionsstable="0" regionsrebuilding="0"/>
  </mem-info>
</gc-end>
<concurrent-start id="546" type="GMP work packet processing" contextid="540" timestamp="2019-07-03T01:28:30.651">
  <concurrent-mark-start scanTarget="18446744073709551615" />
</concurrent-start>
<exclusive-end id="547" timestamp="2019-07-03T01:28:30.654" durationms="4.239" />

<concurrent-end id="548" type="GMP work packet processing" contextid="540" timestamp="2019-07-03T01:28:30.654">
  <concurrent-mark-end bytesScanned="5280844" reasonForTermination="Completed all work in GC phase" />
</concurrent-end>

<exclusive-start id="549" timestamp="2019-07-03T01:28:33.698" intervalms="3047.961">
  <response-info timems="0.032" idlems="0.032" threads="0" lastid="0000000001295000" lastname="node-24" />
</exclusive-start>
<allocation-taxation id="550" taxation-threshold="5242880" timestamp="2019-07-03T01:28:33.698" intervalms="3048.041" />
<cycle-start id="551" type="partial gc" contextid="0" timestamp="2019-07-03T01:28:33.698" intervalms="6260.830" />
  <attribute name="GC Util" value="109" />
  <attribute name="CPU Util" value="26820509377400" />
  <attribute name="Time Running"value="126407"/>
  <attribute name="Number of cores"value="4"/>
<gc-start id="552" type="partial gc" contextid="551" timestamp="2019-07-03T01:28:33.698">
  <mem-info id="553" free="0" total="20971520" percent="0">
    <mem type="eden" free="0" total="10485760" percent="0" />
    <remembered-set count="6848" freebytes="809728" totalbytes="837120" percent="96" regionsoverflowed="0" regionsstable="0" regionsrebuilding="0"/>
  </mem-info>
</gc-start>
<allocation-stats totalBytes="10479768" >
  <allocated-bytes non-tlh="0" tlh="10479768" arrayletleaf="0"/>
  <largest-consumer threadName="node-19" threadId="0000000001282400" bytes="253936" />
</allocation-stats>
<gc-op id="554" type="mark" timems="1.522" contextid="551" timestamp="2019-07-03T01:28:33.700">
  <trace-info objectcount="10157" scancount="10153" scanbytes="242800" />
  <cardclean-info objects="1503" bytes="53932" />
  <remembered-set-cleared processed="5389" cleared="387" durationms="0.080" />
  <stringconstants candidates="3825" cleared="0"  />
  <warning details="Mark invoked due to insufficient free space for Copy-Forward" />
</gc-op>
<gc-op id="555" type="classunload" timems="0.002" contextid="551" timestamp="2019-07-03T01:28:33.700">
  <classunload-info classloadercandidates="6" classloadersunloaded="0" classesunloaded="0" anonymousclassesunloaded="0" quiescems="0.000" setupms="0.002" scanms="0.000" postms="0.000" />
</gc-op>
<gc-op id="556" type="sweep" timems="0.371" contextid="551" timestamp="2019-07-03T01:28:33.701" />
<gc-op id="557" type="compact" timems="1.459" contextid="551" timestamp="2019-07-03T01:28:33.702">
  <compact-info movecount="10157" movebytes="244168" />
  <remembered-set-cleared processed="10932" cleared="846" durationms="0.080" />
</gc-op>
<gc-end id="558" type="partial gc" contextid="551" durationms="4.609" usertimems="8.000" systemtimems="0.000" timestamp="2019-07-03T01:28:33.703" activeThreads="4">
  <mem-info id="559" free="9437184" total="20971520" percent="45">
    <mem type="eden" free="929424" total="1048576" percent="88" />
    <remembered-set count="7264" freebytes="808064" totalbytes="837120" percent="96" regionsoverflowed="0" regionsstable="0" regionsrebuilding="0"/>
  </mem-info>
</gc-end>
<cycle-end id="560" type="partial gc" contextid="551" timestamp="2019-07-03T01:28:33.703">
  <attribute name="GC Util" value="30" />
  <attribute name="CPU Util" value="28169246948691" />
  <attribute name="Time Running"value="129457"/>
  <attribute name="Number of cores"value="4"/>
</cycle-end>
<exclusive-end id="561" timestamp="2019-07-03T01:28:33.703" durationms="5.720" />

<exclusive-start id="562" timestamp="2019-07-03T01:28:36.391" intervalms="2693.822">
  <response-info timems="0.032" idlems="0.032" threads="0" lastid="00000000012A3F00" lastname="node-2" />
</exclusive-start>
<allocation-taxation id="563" taxation-threshold="4194304" timestamp="2019-07-03T01:28:36.391" intervalms="2693.715" />
<gc-start id="564" type="global mark phase" contextid="540" timestamp="2019-07-03T01:28:36.392">
  <mem-info id="565" free="5242880" total="20971520" percent="25">
    <remembered-set count="6912" freebytes="809472" totalbytes="837120" percent="96" regionsoverflowed="0" regionsstable="1" regionsrebuilding="0"/>
  </mem-info>
</gc-start>
<gc-op id="566" type="mark increment" timems="1.109" contextid="540" timestamp="2019-07-03T01:28:36.393">
  <trace-info objectcount="4526" scancount="4522" scanbytes="107656" />
  <cardclean-info objects="1559" bytes="54472" />
  <finalization candidates="18" enqueued="0" />
  <references type="soft" candidates="45" cleared="0" enqueued="0" dynamicThreshold="14" maxThreshold="32" />
  <references type="weak" candidates="165" cleared="0" enqueued="0" />
  <references type="phantom" candidates="57" cleared="0" enqueued="0" />
  <stringconstants candidates="3825" cleared="0"  />
</gc-op>
<gc-op id="567" type="classunload" timems="0.003" contextid="540" timestamp="2019-07-03T01:28:36.393">
  <classunload-info classloadercandidates="6" classloadersunloaded="0" classesunloaded="0" anonymousclassesunloaded="0" quiescems="0.000" setupms="0.003" scanms="0.000" postms="0.000" />
</gc-op>
<gc-end id="568" type="global mark phase" contextid="540" durationms="1.423" usertimems="0.000" systemtimems="0.000" timestamp="2019-07-03T01:28:36.393" activeThreads="4">
  <mem-info id="569" free="5242880" total="20971520" percent="25">
    <remembered-set count="6912" freebytes="809472" totalbytes="837120" percent="96" regionsoverflowed="0" regionsstable="1" regionsrebuilding="0"/>
  </mem-info>
</gc-end>
<cycle-end id="570" type="global mark phase" contextid="540" timestamp="2019-07-03T01:28:36.393">
  <attribute name="GC Util" value="72" />
  <attribute name="CPU Util" value="75491884891610" />
  <attribute name="Time Running"value="132149"/>
  <attribute name="Number of cores"value="4"/>
</cycle-end>
<exclusive-end id="571" timestamp="2019-07-03T01:28:36.393" durationms="1.973" />

<exclusive-start id="572" timestamp="2019-07-03T01:28:39.431" intervalms="3039.487">
  <response-info timems="0.031" idlems="0.031" threads="0" lastid="00000000012AB700" lastname="node-15" />
</exclusive-start>
<allocation-taxation id="573" taxation-threshold="4194304" timestamp="2019-07-03T01:28:39.431" intervalms="3039.552" />
<cycle-start id="574" type="partial gc" contextid="0" timestamp="2019-07-03T01:28:39.431" intervalms="5733.145" />
  <attribute name="GC Util" value="72" />
  <attribute name="CPU Util" value="75491884891610" />
  <attribute name="Time Running"value="132149"/>
  <attribute name="Number of cores"value="4"/>
<gc-start id="575" type="partial gc" contextid="574" timestamp="2019-07-03T01:28:39.431">
  <mem-info id="576" free="1048576" total="20971520" percent="5">
    <mem type="eden" free="0" total="8388608" percent="0" />
    <remembered-set count="6912" freebytes="809472" totalbytes="837120" percent="96" regionsoverflowed="0" regionsstable="1" regionsrebuilding="0"/>
  </mem-info>
</gc-start>
<allocation-stats totalBytes="8383616" >
  <allocated-bytes non-tlh="0" tlh="8383616" arrayletleaf="0"/>
  <largest-consumer threadName="node-7" threadId="000000000127AC00" bytes="237520" />
</allocation-stats>
<gc-op id="577" type="sweep" timems="0.578" contextid="574" timestamp="2019-07-03T01:28:39.432" />
<gc-op id="578" type="copy forward" timems="1.714" contextid="574" timestamp="2019-07-03T01:28:39.435">
  <memory-copied type="eden" objects="3396" bytes="83216" bytesdiscarded="10692" />
  <memory-copied type="other" objects="4403" bytes="105672" bytesdiscarded="732" />
  <memory-cardclean objects="1433" bytes="50592" />
  <remembered-set-cleared processed="5229" cleared="469" durationms="0.070" />
  <stringconstants candidates="3825" cleared="0"  />
</gc-op>
<gc-op id="579" type="classunload" timems="0.001" contextid="574" timestamp="2019-07-03T01:28:39.435">
  <classunload-info classloadercandidates="6" classloadersunloaded="0" classesunloaded="0" anonymousclassesunloaded="0" quiescems="0.000" setupms="0.001" scanms="0.000" postms="0.000" />
</gc-op>
<gc-end id="580" type="partial gc" contextid="574" durationms="3.603" usertimems="8.000" systemtimems="0.000" timestamp="2019-07-03T01:28:39.435" activeThreads="4">
  <mem-info id="581" free="10485760" total="20971520" percent="50">
    <mem type="eden" free="896936" total="1048576" percent="85" />
    <remembered-set count="6752" freebytes="810112" totalbytes="837120" percent="96" regionsoverflowed="0" regionsstable="1" regionsrebuilding="0"/>
  </mem-info>
</gc-end>
<cycle-end id="582" type="partial gc" contextid="574" timestamp="2019-07-03T01:28:39.435">
  <attribute name="GC Util" value="67" />
  <attribute name="CPU Util" value="124820646343989" />
  <attribute name="Time Running"value="135189"/>
  <attribute name="Number of cores"value="4"/>
</cycle-end>
<exclusive-end id="583" timestamp="2019-07-03T01:28:39.435" durationms="4.544" />

<exclusive-start id="584" timestamp="2019-07-03T01:28:42.755" intervalms="3324.048">
  <response-info timems="0.035" idlems="0.035" threads="0" lastid="0000000001295000" lastname="node-24" />
</exclusive-start>
<allocation-taxation id="585" taxation-threshold="5242880" timestamp="2019-07-03T01:28:42.755" intervalms="3324.009" />
<cycle-start id="586" type="global mark phase" contextid="0" timestamp="2019-07-03T01:28:42.755" intervalms="12105.282" />
  <attribute name="GC Util" value="67" />
  <attribute name="CPU Util" value="124820646343989" />
  <attribute name="Time Running"value="135189"/>
  <attribute name="Number of cores"value="4"/>
<gc-start id="587" type="global mark phase" contextid="586" timestamp="2019-07-03T01:28:42.755">
  <mem-info id="588" free="5242880" total="20971520" percent="25">
    <remembered-set count="6112" freebytes="812672" totalbytes="837120" percent="97" regionsoverflowed="0" regionsstable="3" regionsrebuilding="0"/>
  </mem-info>
</gc-start>
<gc-op id="589" type="mark increment" timems="0.460" contextid="586" timestamp="2019-07-03T01:28:42.756">
  <trace-info objectcount="342" scancount="0" scanbytes="0" />
</gc-op>
<gc-end id="590" type="global mark phase" contextid="586" durationms="0.663" usertimems="0.000" systemtimems="0.000" timestamp="2019-07-03T01:28:42.756" activeThreads="4">
  <mem-info id="591" free="5242880" total="20971520" percent="25">
    <remembered-set count="6112" freebytes="812672" totalbytes="837120" percent="97" regionsoverflowed="0" regionsstable="0" regionsrebuilding="3"/>
  </mem-info>
</gc-end>
<concurrent-start id="592" type="GMP work packet processing" contextid="586" timestamp="2019-07-03T01:28:42.756">
  <concurrent-mark-start scanTarget="18446744073709551615" />
</concurrent-start>
<exclusive-end id="593" timestamp="2019-07-03T01:28:42.759" durationms="3.999" />

<concurrent-end id="594" type="GMP work packet processing" contextid="586" timestamp="2019-07-03T01:28:42.759">
  <concurrent-mark-end bytesScanned="5276956" reasonForTermination="Completed all work in GC phase" />
</concurrent-end>

<exclusive-start id="595" timestamp="2019-07-03T01:28:46.011" intervalms="3255.741">
  <response-info timems="0.042" idlems="0.042" threads="0" lastid="0000000001277100" lastname="node-14" />
</exclusive-start>
<allocation-taxation id="596" taxation-threshold="5242880" timestamp="2019-07-03T01:28:46.011" intervalms="3255.806" />
<cycle-start id="597" type="partial gc" contextid="0" timestamp="2019-07-03T01:28:46.011" intervalms="6579.900" />
  <attribute name="GC Util" value="120" />
  <attribute name="CPU Util" value="28484296962337" />
  <attribute name="Time Running"value="138513"/>
  <attribute name="Number of cores"value="4"/>
<gc-start id="598" type="partial gc" contextid="597" timestamp="2019-07-03T01:28:46.011">
  <mem-info id="599" free="0" total="20971520" percent="0">
    <mem type="eden" free="0" total="10485760" percent="0" />
    <remembered-set count="6496" freebytes="811136" totalbytes="837120" percent="96" regionsoverflowed="0" regionsstable="0" regionsrebuilding="3"/>
  </mem-info>
</gc-start>
<allocation-stats totalBytes="10477464" >
  <allocated-bytes non-tlh="0" tlh="10477464" arrayletleaf="0"/>
  <largest-consumer threadName="node-16" threadId="000000000125CD00" bytes="253880" />
</allocation-stats>
<gc-op id="600" type="mark" timems="1.598" contextid="597" timestamp="2019-07-03T01:28:46.013">
  <trace-info objectcount="11033" scancount="11006" scanbytes="263264" />
  <cardclean-info objects="1528" bytes="54280" />
  <remembered-set-cleared processed="5699" cleared="543" durationms="0.085" />
  <stringconstants candidates="3825" cleared="0"  />
  <warning details="Mark invoked due to insufficient free space for Copy-Forward" />
</gc-op>
<gc-op id="601" type="classunload" timems="0.001" contextid="597" timestamp="2019-07-03T01:28:46.013">
  <classunload-info classloadercandidates="6" classloadersunloaded="0" classesunloaded="0" anonymousclassesunloaded="0" quiescems="0.000" setupms="0.001" scanms="0.000" postms="0.000" />
</gc-op>
<gc-op id="602" type="sweep" timems="0.365" contextid="597" timestamp="2019-07-03T01:28:46.014" />
<gc-op id="603" type="compact" timems="1.410" contextid="597" timestamp="2019-07-03T01:28:46.016">
  <compact-info movecount="11032" movebytes="268072" />
  <remembered-set-cleared processed="11395" cleared="1036" durationms="0.085" />
</gc-op>
<gc-end id="604" type="partial gc" contextid="597" durationms="4.761" usertimems="0.000" systemtimems="8.000" timestamp="2019-07-03T01:28:46.016" activeThreads="4">
  <mem-info id="605" free="9437184" total="20971520" percent="45">
    <mem type="eden" free="915576" total="1048576" percent="87" />
    <remembered-set count="7264" freebytes="808064" totalbytes="837120" percent="96" regionsoverflowed="0" regionsstable="0" regionsrebuilding="3"/>
  </mem-info>
</gc-end>
<cycle-end id="606" type="partial gc" contextid="597" timestamp="2019-07-03T01:28:46.016">
  <attribute name="GC Util" value="30" />
  <attribute name="CPU Util" value="27674460949215" />
  <attribute name="Time Running"value="141771"/>
  <attribute name="Number of cores"value="4"/>
</cycle-end>
<exclusive-end id="607" timestamp="2019-07-03T01:28:46.017" durationms="5.919" />

<exclusive-start id="608" timestamp="2019-07-03T01:28:48.499" intervalms="2487.905">
  <response-info timems="0.038" idlems="0.038" threads="0" lastid="00000000012AF300" lastname="node-25" />
</exclusive-start>
<allocation-taxation id="609" taxation-threshold="4194304" timestamp="2019-07-03T01:28:48.499" intervalms="2487.856" />
<gc-start id="610" type="global mark phase" contextid="586" timestamp="2019-07-03T01:28:48.499">
  <mem-info id="611" free="5242880" total="20971520" percent="25">
    <remembered-set count="7264" freebytes="808064" totalbytes="837120" percent="96" regionsoverflowed="0" regionsstable="0" regionsrebuilding="3"/>
  </mem-info>
</gc-start>
<gc-op id="612" type="mark increment" timems="1.308" contextid="586" timestamp="2019-07-03T01:28:48.500">
  <trace-info objectcount="4824" scancount="4795" scanbytes="114192" />
  <cardclean-info objects="1536" bytes="54196" />
  <finalization candidates="18" enqueued="0" />
  <references type="soft" candidates="45" cleared="0" enqueued="0" dynamicThreshold="14" maxThreshold="32" />
  <references type="weak" candidates="165" cleared="0" enqueued="0" />
  <references type="phantom" candidates="57" cleared="0" enqueued="0" />
  <stringconstants candidates="3825" cleared="0"  />
</gc-op>
<gc-op id="613" type="classunload" timems="0.003" contextid="586" timestamp="2019-07-03T01:28:48.500">
  <classunload-info classloadercandidates="6" classloadersunloaded="0" classesunloaded="0" anonymousclassesunloaded="0" quiescems="0.000" setupms="0.002" scanms="0.000" postms="0.000" />
</gc-op>
<gc-end id="614" type="global mark phase" contextid="586" durationms="1.717" usertimems="4.000" systemtimems="0.000" timestamp="2019-07-03T01:28:48.501" activeThreads="4">
  <mem-info id="615" free="5242880" total="20971520" percent="25">
    <remembered-set count="7776" freebytes="806016" totalbytes="837120" percent="96" regionsoverflowed="0" regionsstable="0" regionsrebuilding="0"/>
  </mem-info>
</gc-end>
<cycle-end id="616" type="global mark phase" contextid="586" timestamp="2019-07-03T01:28:48.501">
  <attribute name="GC Util" value="49" />
  <attribute name="CPU Util" value="66494402088905" />
  <attribute name="Time Running"value="144256"/>
  <attribute name="Number of cores"value="4"/>
</cycle-end>
<exclusive-end id="617" timestamp="2019-07-03T01:28:48.501" durationms="2.363" />

<exclusive-start id="618" timestamp="2019-07-03T01:28:51.272" intervalms="2773.151">
  <response-info timems="0.091" idlems="0.090" threads="1" lastid="00000000012A3F00" lastname="node-2" />
</exclusive-start>
<allocation-taxation id="619" taxation-threshold="4194304" timestamp="2019-07-03T01:28:51.272" intervalms="2773.114" />
<cycle-start id="620" type="partial gc" contextid="0" timestamp="2019-07-03T01:28:51.272" intervalms="5260.915" />
  <attribute name="GC Util" value="49" />
  <attribute name="CPU Util" value="66494402088905" />
  <attribute name="Time Running"value="144256"/>
  <attribute name="Number of cores"value="4"/>
<gc-start id="621" type="partial gc" contextid="620" timestamp="2019-07-03T01:28:51.272">
  <mem-info id="622" free="1048576" total="20971520" percent="5">
    <mem type="eden" free="0" total="8388608" percent="0" />
    <remembered-set count="6336" freebytes="811776" totalbytes="837120" percent="96" regionsoverflowed="0" regionsstable="3" regionsrebuilding="0"/>
  </mem-info>
</gc-start>
<allocation-stats totalBytes="8385296" >
  <allocated-bytes non-tlh="0" tlh="8385296" arrayletleaf="0"/>
  <largest-consumer threadName="node-14" threadId="0000000001277100" bytes="237480" />
</allocation-stats>
<gc-op id="623" type="sweep" timems="0.454" contextid="620" timestamp="2019-07-03T01:28:51.273" />
<gc-op id="624" type="copy forward" timems="2.766" contextid="620" timestamp="2019-07-03T01:28:51.276">
  <memory-copied type="eden" objects="165" bytes="5672" bytesdiscarded="6352" />
  <memory-copied type="other" objects="36583" bytes="1730784" bytesdiscarded="418480" />
  <memory-cardclean objects="7048" bytes="202208" />
  <remembered-set-cleared processed="3603" cleared="1520" durationms="0.062" />
  <stringconstants candidates="3825" cleared="0"  />
  <heap-resize type="expand" space="default" amount="1048576" count="1" timems="0.059" reason="continue current collection" />
</gc-op>
<gc-op id="625" type="classunload" timems="0.002" contextid="620" timestamp="2019-07-03T01:28:51.277">
  <classunload-info classloadercandidates="6" classloadersunloaded="0" classesunloaded="0" anonymousclassesunloaded="0" quiescems="0.000" setupms="0.002" scanms="0.000" postms="0.000" />
</gc-op>
<gc-end id="626" type="partial gc" contextid="620" durationms="4.627" usertimems="4.000" systemtimems="8.000" timestamp="2019-07-03T01:28:51.277" activeThreads="4">
  <mem-info id="627" free="12582912" total="22020096" percent="57">
    <mem type="eden" free="1036552" total="1048576" percent="98" />
    <remembered-set count="6784" freebytes="851840" totalbytes="878976" percent="96" regionsoverflowed="0" regionsstable="3" regionsrebuilding="0"/>
  </mem-info>
</gc-end>
<cycle-end id="628" type="partial gc" contextid="620" timestamp="2019-07-03T01:28:51.277">
  <attribute name="GC Util" value="54" />
  <attribute name="CPU Util" value="76244488511617" />
  <attribute name="Time Running"value="147030"/>
  <attribute name="Number of cores"value="4"/>
</cycle-end>
<exclusive-end id="629" timestamp="2019-07-03T01:28:51.277" durationms="5.391" />

<exclusive-start id="630" timestamp="2019-07-03T01:28:55.525" intervalms="4253.286">
  <response-info timems="0.030" idlems="0.030" threads="0" lastid="0000000001260900" lastname="node-23" />
</exclusive-start>
<allocation-taxation id="631" taxation-threshold="6291456" timestamp="2019-07-03T01:28:55.525" intervalms="4253.275" />
<cycle-start id="632" type="global mark phase" contextid="0" timestamp="2019-07-03T01:28:55.525" intervalms="12770.042" />
  <attribute name="GC Util" value="54" />
  <attribute name="CPU Util" value="76244488511617" />
  <attribute name="Time Running"value="147030"/>
  <attribute name="Number of cores"value="4"/>
<gc-start id="633" type="global mark phase" contextid="632" timestamp="2019-07-03T01:28:55.525">
  <mem-info id="634" free="6291456" total="22020096" percent="28">
    <remembered-set count="1792" freebytes="871808" totalbytes="878976" percent="99" regionsoverflowed="0" regionsstable="6" regionsrebuilding="0"/>
  </mem-info>
</gc-start>
<gc-op id="635" type="mark increment" timems="3.746" contextid="632" timestamp="2019-07-03T01:28:55.529">
  <trace-info objectcount="143748" scancount="133234" scanbytes="5273404" />
</gc-op>
<gc-end id="636" type="global mark phase" contextid="632" durationms="3.905" usertimems="4.000" systemtimems="4.000" timestamp="2019-07-03T01:28:55.529" activeThreads="4">
  <mem-info id="637" free="6291456" total="22020096" percent="28">
    <remembered-set count="11008" freebytes="834944" totalbytes="878976" percent="94" regionsoverflowed="0" regionsstable="0" regionsrebuilding="6"/>
  </mem-info>
</gc-end>
<exclusive-end id="638" timestamp="2019-07-03T01:28:55.529" durationms="4.371" />

<exclusive-start id="639" timestamp="2019-07-03T01:28:59.857" intervalms="4332.333">
  <response-info timems="0.031" idlems="0.031" threads="0" lastid="000000000127AC00" lastname="node-7" />
</exclusive-start>
<allocation-taxation id="640" taxation-threshold="6291456" timestamp="2019-07-03T01:28:59.857" intervalms="4332.329" />
<cycle-start id="641" type="partial gc" contextid="0" timestamp="2019-07-03T01:28:59.857" intervalms="8585.582" />
  <attribute name="GC Util" value="77" />
  <attribute name="CPU Util" value="58208698569735" />
  <attribute name="Time Running"value="151282"/>
  <attribute name="Number of cores"value="4"/>
<gc-start id="642" type="partial gc" contextid="641" timestamp="2019-07-03T01:28:59.858">
  <mem-info id="643" free="0" total="22020096" percent="0">
    <mem type="eden" free="0" total="12582912" percent="0" />
    <remembered-set count="10944" freebytes="835200" totalbytes="878976" percent="95" regionsoverflowed="0" regionsstable="0" regionsrebuilding="6"/>
  </mem-info>
</gc-start>
<allocation-stats totalBytes="12572216" >
  <allocated-bytes non-tlh="0" tlh="12572216" arrayletleaf="0"/>
  <largest-consumer threadName="node-12" threadId="0000000001291400" bytes="327520" />
</allocation-stats>
<gc-op id="644" type="mark" timems="1.995" contextid="641" timestamp="2019-07-03T01:28:59.861">
  <trace-info objectcount="7419" scancount="7394" scanbytes="247984" />
  <cardclean-info objects="1654" bytes="95432" />
  <remembered-set-cleared processed="9565" cleared="702" durationms="0.137" />
  <stringconstants candidates="3825" cleared="0"  />
  <warning details="Mark invoked due to insufficient free space for Copy-Forward" />
</gc-op>
<gc-op id="645" type="classunload" timems="0.001" contextid="641" timestamp="2019-07-03T01:28:59.861">
  <classunload-info classloadercandidates="6" classloadersunloaded="0" classesunloaded="0" anonymousclassesunloaded="0" quiescems="0.000" setupms="0.001" scanms="0.000" postms="0.000" />
</gc-op>
<gc-op id="646" type="sweep" timems="0.374" contextid="641" timestamp="2019-07-03T01:28:59.861" />
<gc-op id="647" type="compact" timems="3.053" contextid="641" timestamp="2019-07-03T01:28:59.865">
  <compact-info movecount="30019" movebytes="896144" />
  <remembered-set-cleared processed="18317" cleared="5127" durationms="0.137" />
</gc-op>
<gc-end id="648" type="partial gc" contextid="641" durationms="6.959" usertimems="8.000" systemtimems="4.000" timestamp="2019-07-03T01:28:59.865" activeThreads="4">
  <mem-info id="649" free="12582912" total="22020096" percent="57">
    <mem type="eden" free="869112" total="1048576" percent="82" />
    <remembered-set count="8320" freebytes="845696" totalbytes="878976" percent="96" regionsoverflowed="0" regionsstable="0" regionsrebuilding="6"/>
  </mem-info>
</gc-end>
<cycle-end id="650" type="partial gc" contextid="641" timestamp="2019-07-03T01:28:59.865">
  <attribute name="GC Util" value="30" />
  <attribute name="CPU Util" value="27637186347117" />
  <attribute name="Time Running"value="155618"/>
  <attribute name="Number of cores"value="4"/>
</cycle-end>
<exclusive-end id="651" timestamp="2019-07-03T01:28:59.865" durationms="7.789" />

<exclusive-start id="652" timestamp="2019-07-03T01:29:04.735" intervalms="4877.609">
  <response-info timems="0.036" idlems="0.023" threads="1" lastid="00000000012AF300" lastname="node-25" />
</exclusive-start>
<allocation-taxation id="653" taxation-threshold="6291456" timestamp="2019-07-03T01:29:04.735" intervalms="4877.613" />
<gc-start id="654" type="global mark phase" contextid="632" timestamp="2019-07-03T01:29:04.735">
  <mem-info id="655" free="6291456" total="22020096" percent="28">
    <remembered-set count="7840" freebytes="847616" totalbytes="878976" percent="96" regionsoverflowed="0" regionsstable="0" regionsrebuilding="6"/>
  </mem-info>
</gc-start>
<gc-op id="656" type="mark increment" timems="1.813" contextid="632" timestamp="2019-07-03T01:29:04.737">
  <trace-info objectcount="23020" scancount="21420" scanbytes="849236" />
  <cardclean-info objects="8967" bytes="366468" />
  <finalization candidates="18" enqueued="0" />
  <references type="soft" candidates="45" cleared="0" enqueued="0" dynamicThreshold="18" maxThreshold="32" />
  <references type="weak" candidates="165" cleared="0" enqueued="0" />
  <references type="phantom" candidates="57" cleared="0" enqueued="0" />
  <stringconstants candidates="3825" cleared="0"  />
</gc-op>
<gc-op id="657" type="classunload" timems="0.002" contextid="632" timestamp="2019-07-03T01:29:04.737">
  <classunload-info classloadercandidates="6" classloadersunloaded="0" classesunloaded="0" anonymousclassesunloaded="0" quiescems="0.000" setupms="0.002" scanms="0.000" postms="0.000" />
</gc-op>
<gc-end id="658" type="global mark phase" contextid="632" durationms="2.058" usertimems="0.000" systemtimems="4.000" timestamp="2019-07-03T01:29:04.737" activeThreads="4">
  <mem-info id="659" free="6291456" total="22020096" percent="28">
    <remembered-set count="11936" freebytes="831232" totalbytes="878976" percent="94" regionsoverflowed="0" regionsstable="0" regionsrebuilding="0"/>
  </mem-info>
</gc-end>
<cycle-end id="660" type="global mark phase" contextid="632" timestamp="2019-07-03T01:29:04.737">
  <attribute name="GC Util" value="152" />
  <attribute name="CPU Util" value="30695460655345" />
  <attribute name="Time Running"value="160493"/>
  <attribute name="Number of cores"value="4"/>
</cycle-end>
<exclusive-end id="661" timestamp="2019-07-03T01:29:04.737" durationms="2.469" />

<exclusive-start id="662" timestamp="2019-07-03T01:29:09.289" intervalms="4554.591">
  <response-info timems="0.059" idlems="0.041" threads="1" lastid="0000000001260900" lastname="node-23" />
</exclusive-start>
<allocation-taxation id="663" taxation-threshold="6291456" timestamp="2019-07-03T01:29:09.290" intervalms="4554.594" />
<cycle-start id="664" type="partial gc" contextid="0" timestamp="2019-07-03T01:29:09.290" intervalms="9432.190" />
  <attribute name="GC Util" value="152" />
  <attribute name="CPU Util" value="30695460655345" />
  <attribute name="Time Running"value="160493"/>
  <attribute name="Number of cores"value="4"/>
<gc-start id="665" type="partial gc" contextid="664" timestamp="2019-07-03T01:29:09.290">
  <mem-info id="666" free="0" total="22020096" percent="0">
    <mem type="eden" free="0" total="12582912" percent="0" />
    <remembered-set count="1376" freebytes="873472" totalbytes="878976" percent="99" regionsoverflowed="0" regionsstable="6" regionsrebuilding="0"/>
  </mem-info>
</gc-start>
<allocation-stats totalBytes="12577544" >
  <allocated-bytes non-tlh="0" tlh="12577544" arrayletleaf="0"/>
  <largest-consumer threadName="node-15" threadId="00000000012AB700" bytes="303088" />
</allocation-stats>
<gc-op id="667" type="sweep" timems="0.391" contextid="664" timestamp="2019-07-03T01:29:09.290" />
<gc-op id="668" type="copy forward" timems="1.378" contextid="664" timestamp="2019-07-03T01:29:09.292">
  <memory-copied type="eden" objects="3603" bytes="89344" bytesdiscarded="7023" />
  <memory-copied type="other" objects="31" bytes="744" bytesdiscarded="1" />
  <memory-cardclean objects="1417" bytes="160256" />
  <remembered-set-cleared processed="560" cleared="128" durationms="0.065" />
  <stringconstants candidates="3825" cleared="0"  />
</gc-op>
<gc-op id="669" type="classunload" timems="0.001" contextid="664" timestamp="2019-07-03T01:29:09.292">
  <classunload-info classloadercandidates="6" classloadersunloaded="0" classesunloaded="0" anonymousclassesunloaded="0" quiescems="0.000" setupms="0.001" scanms="0.000" postms="0.000" />
</gc-op>
<gc-end id="670" type="partial gc" contextid="664" durationms="2.822" usertimems="4.000" systemtimems="0.000" timestamp="2019-07-03T01:29:09.293" activeThreads="4">
  <mem-info id="671" free="13631488" total="22020096" percent="61">
    <mem type="eden" free="951464" total="1048576" percent="90" />
    <remembered-set count="2048" freebytes="870784" totalbytes="878976" percent="99" regionsoverflowed="0" regionsstable="6" regionsrebuilding="0"/>
  </mem-info>
</gc-end>
<cycle-end id="672" type="partial gc" contextid="664" timestamp="2019-07-03T01:29:09.293">
  <attribute name="GC Util" value="52" />
  <attribute name="CPU Util" value="95996294956731" />
  <attribute name="Time Running"value="165047"/>
  <attribute name="Number of cores"value="4"/>
</cycle-end>
<exclusive-end id="673" timestamp="2019-07-03T01:29:09.293" durationms="3.605" />

<exclusive-start id="674" timestamp="2019-07-03T01:29:13.918" intervalms="4628.478">
  <response-info timems="0.070" idlems="0.070" threads="0" lastid="00000000012AF300" lastname="node-25" />
</exclusive-start>
<allocation-taxation id="675" taxation-threshold="6291456" timestamp="2019-07-03T01:29:13.918" intervalms="4628.577" />
<cycle-start id="676" type="global mark phase" contextid="0" timestamp="2019-07-03T01:29:13.918" intervalms="18393.231" />
  <attribute name="GC Util" value="52" />
  <attribute name="CPU Util" value="95996294956731" />
  <attribute name="Time Running"value="165047"/>
  <attribute name="Number of cores"value="4"/>
<gc-start id="677" type="global mark phase" contextid="676" timestamp="2019-07-03T01:29:13.918">
  <mem-info id="678" free="7340032" total="22020096" percent="33">
    <remembered-set count="1600" freebytes="872576" totalbytes="878976" percent="99" regionsoverflowed="0" regionsstable="6" regionsrebuilding="0"/>
  </mem-info>
</gc-start>
<gc-op id="679" type="mark increment" timems="2.269" contextid="676" timestamp="2019-07-03T01:29:13.921">
  <trace-info objectcount="59091" scancount="33228" scanbytes="1473952" />
</gc-op>
<gc-end id="680" type="global mark phase" contextid="676" durationms="2.436" usertimems="4.000" systemtimems="4.000" timestamp="2019-07-03T01:29:13.921" activeThreads="4">
  <mem-info id="681" free="7340032" total="22020096" percent="33">
    <remembered-set count="3648" freebytes="864384" totalbytes="878976" percent="98" regionsoverflowed="0" regionsstable="0" regionsrebuilding="6"/>
  </mem-info>
</gc-end>
<concurrent-start id="682" type="GMP work packet processing" contextid="676" timestamp="2019-07-03T01:29:13.921">
  <concurrent-mark-start scanTarget="3653726" />
</concurrent-start>
<exclusive-end id="683" timestamp="2019-07-03T01:29:13.921" durationms="3.141" />

<concurrent-end id="684" type="GMP work packet processing" contextid="676" timestamp="2019-07-03T01:29:13.924">
  <concurrent-mark-end bytesScanned="3718244" reasonForTermination="Work target met" />
</concurrent-end>

<exclusive-start id="685" timestamp="2019-07-03T01:29:18.208" intervalms="4290.434">
  <response-info timems="0.077" idlems="0.077" threads="0" lastid="0000000001273500" lastname="node-1" />
</exclusive-start>
<allocation-taxation id="686" taxation-threshold="6291456" timestamp="2019-07-03T01:29:18.209" intervalms="4290.377" />
<cycle-start id="687" type="partial gc" contextid="0" timestamp="2019-07-03T01:29:18.209" intervalms="8918.994" />
  <attribute name="GC Util" value="249" />
  <attribute name="CPU Util" value="9989442373916" />
  <attribute name="Time Running"value="169677"/>
  <attribute name="Number of cores"value="4"/>
<gc-start id="688" type="partial gc" contextid="687" timestamp="2019-07-03T01:29:18.209">
  <mem-info id="689" free="1048576" total="22020096" percent="4">
    <mem type="eden" free="0" total="12582912" percent="0" />
    <remembered-set count="8096" freebytes="846592" totalbytes="878976" percent="96" regionsoverflowed="0" regionsstable="0" regionsrebuilding="6"/>
  </mem-info>
</gc-start>
<allocation-stats totalBytes="12574528" >
  <allocated-bytes non-tlh="0" tlh="12574528" arrayletleaf="0"/>
  <largest-consumer threadName="node-7" threadId="000000000127AC00" bytes="298856" />
</allocation-stats>
<gc-op id="690" type="copy forward" timems="2.469" contextid="687" timestamp="2019-07-03T01:29:18.212">
  <memory-copied type="eden" objects="9358" bytes="229064" bytesdiscarded="16568" />
  <memory-copied type="other" objects="3487" bytes="83688" bytesdiscarded="1656" />
  <memory-cardclean objects="1523" bytes="162176" />
  <remembered-set-cleared processed="7103" cleared="687" durationms="0.088" />
  <stringconstants candidates="3825" cleared="0"  />
  <heap-resize type="expand" space="default" amount="1048576" count="1" timems="0.069" reason="continue current collection" />
</gc-op>
<gc-op id="691" type="classunload" timems="0.002" contextid="687" timestamp="2019-07-03T01:29:18.212">
  <classunload-info classloadercandidates="6" classloadersunloaded="0" classesunloaded="0" anonymousclassesunloaded="0" quiescems="0.000" setupms="0.002" scanms="0.000" postms="0.000" />
</gc-op>
<gc-op id="692" type="compact" timems="0.775" contextid="687" timestamp="2019-07-03T01:29:18.213">
  <compact-info movecount="0" movebytes="0" />
  <remembered-set-cleared processed="14106" cleared="687" durationms="0.088" />
</gc-op>
<gc-end id="693" type="partial gc" contextid="687" durationms="4.411" usertimems="4.000" systemtimems="0.000" timestamp="2019-07-03T01:29:18.213" activeThreads="4">
  <mem-info id="694" free="13631488" total="23068672" percent="59">
    <mem type="eden" free="802944" total="1048576" percent="76" />
    <remembered-set count="8000" freebytes="888832" totalbytes="920832" percent="96" regionsoverflowed="0" regionsstable="0" regionsrebuilding="6"/>
  </mem-info>
</gc-end>
<cycle-end id="695" type="partial gc" contextid="687" timestamp="2019-07-03T01:29:18.213">
  <attribute name="GC Util" value="103" />
  <attribute name="CPU Util" value="6554540214113" />
  <attribute name="Time Running"value="173969"/>
  <attribute name="Number of cores"value="4"/>
</cycle-end>
<exclusive-end id="696" timestamp="2019-07-03T01:29:18.214" durationms="5.279" />

</verbosegc>

