<?xml version="1.0" ?>

<verbosegc xmlns="http://www.ibm.com/j9/verbosegc" version="25b0271_CMPRSS">

<initialized id="1" timestamp="2019-07-03T01:06:07.681">
  <attribute name="gcPolicy" value="-Xgcpolicy:balanced" />
  <attribute name="GC Util" value="0" />
  <attribute name="CPU Util" value="0" />
  <attribute name="Time Running"value="0"/>
  <attribute name="Number of cores"value="0"/>
  <attribute name="maxHeapSize" value="0x7cb00000" />
  <attribute name="initialHeapSize" value="0x800000" />
  <attribute name="compressedRefs" value="true" />
  <attribute name="compressedRefsDisplacement" value="0x0" />
  <attribute name="compressedRefsShift" value="0x0" />
  <attribute name="pageSize" value="0x1000" />
  <attribute name="pageType" value="not used" />
  <attribute name="requestedPageSize" value="0x1000" />
  <attribute name="requestedPageType" value="not used" />
  <attribute name="gcthreads" value="4" />
  <attribute name="packetListSplit" value="4" />
  <attribute name="cacheListSplit" value="4" />
  <attribute name="splitFreeListSplitAmount" value="1" />
  <attribute name="numaNodes" value="0" />
  <region>
    <attribute name="regionSize" value="1048576" />
    <attribute name="regionCount" value="1995" />
    <attribute name="arrayletLeafSize" value="1048576" />
  </region>
  <system>
    <attribute name="physicalMemory" value="8370962432" />
    <attribute name="numCPUs" value="4" />
    <attribute name="architecture" value="amd64" />
    <attribute name="os" value="Linux" />
    <attribute name="osVersion" value="4.4.0-148-generic" />
  </system>
  <vmargs>
    <vmarg name="-Xoptionsfile=/vagrant/jdk/lib/options.default" />
    <vmarg name="-Xlockword:mode=default,noLockword=java/lang/String,noLockword=java/util/MapEntry,noLockword=java/util/HashMap$Entry,noLockword..." />
    <vmarg name="-Xjcl:jclse11_29" />
    <vmarg name="-Dcom.ibm.oti.vm.bootstrap.library.path=/vagrant/jdk/lib/compressedrefs:/vagrant/jdk/lib" />
    <vmarg name="-Dsun.boot.library.path=/vagrant/jdk/lib/compressedrefs:/vagrant/jdk/lib" />
    <vmarg name="-Djava.library.path=/vagrant/jdk/lib/compressedrefs:/vagrant/jdk/lib:/usr/lib64:/usr/lib" />
    <vmarg name="-Djava.home=/vagrant/jdk" />
    <vmarg name="-Duser.dir=/vagrant" />
    <vmarg name="-Xgcpolicy:balanced" />
    <vmarg name="-verbose:gc" />
    <vmarg name="-Xloggc:large-Balanced-jdkF-verbose5avrora.txt" />
    <vmarg name="-Djava.class.path=dacapo-9.12-MR1-bach.jar" />
    <vmarg name="-Dsun.java.command=dacapo-9.12-MR1-bach.jar avrora --size=large" />
    <vmarg name="-Dsun.java.launcher=SUN_STANDARD" />
    <vmarg name="-Dsun.java.launcher.pid=31270" />
  </vmargs>
</initialized>

<exclusive-start id="2" timestamp="2019-07-03T01:06:08.322" intervalms="640.801">
  <response-info timems="0.034" idlems="0.034" threads="0" lastid="00000000017F2700" lastname="main" />
</exclusive-start>
<sys-start reason="explicit" id="3" timestamp="2019-07-03T01:06:08.322" intervalms="641.098" />
<cycle-start id="4" type="global garbage collect" contextid="0" timestamp="2019-07-03T01:06:08.322" intervalms="641.395" />
  <attribute name="GC Util" value="0" />
  <attribute name="CPU Util" value="101" />
  <attribute name="Time Running"value="0"/>
  <attribute name="Number of cores"value="4"/>
<gc-start id="5" type="global garbage collect" contextid="4" timestamp="2019-07-03T01:06:08.323">
  <mem-info id="6" free="1662824" total="8388608" percent="19">
    <mem type="eden" free="614248" total="7340032" percent="8" />
    <remembered-set count="0" freebytes="334848" totalbytes="334848" percent="100" regionsoverflowed="0" regionsstable="0" regionsrebuilding="0"/>
  </mem-info>
</gc-start>
<allocation-stats totalBytes="6683168" >
  <allocated-bytes non-tlh="486640" tlh="6196528" arrayletleaf="0"/>
  <largest-consumer threadName="main" threadId="00000000017F2700" bytes="6607480" />
</allocation-stats>
<gc-op id="7" type="global mark" timems="3.162" contextid="4" timestamp="2019-07-03T01:06:08.326">
  <trace-info objectcount="17800" scancount="14070" scanbytes="462192" />
  <finalization candidates="19" enqueued="1" />
  <references type="soft" candidates="66" cleared="0" enqueued="0" dynamicThreshold="32" maxThreshold="32" />
  <references type="weak" candidates="576" cleared="412" enqueued="372" />
  <references type="phantom" candidates="99" cleared="41" enqueued="41" />
  <stringconstants candidates="2443" cleared="0"  />
</gc-op>
<gc-op id="8" type="classunload" timems="0.175" contextid="4" timestamp="2019-07-03T01:06:08.327">
  <classunload-info classloadercandidates="6" classloadersunloaded="0" classesunloaded="0" anonymousclassesunloaded="0" quiescems="0.000" setupms="0.174" scanms="0.000" postms="0.000" />
</gc-op>
<gc-op id="9" type="sweep" timems="0.901" contextid="4" timestamp="2019-07-03T01:06:08.328" />
<gc-op id="10" type="compact" timems="4.829" contextid="4" timestamp="2019-07-03T01:06:08.334">
  <compact-info movecount="17792" movebytes="1018824" />
  <remembered-set-cleared processed="1117" cleared="1117" durationms="0.282" />
</gc-op>
<gc-end id="11" type="global garbage collect" contextid="4" durationms="11.693" usertimems="4.000" systemtimems="8.000" timestamp="2019-07-03T01:06:08.334" activeThreads="4">
  <mem-info id="12" free="7340032" total="8388608" percent="87">
    <pending-finalizers system="1" default="0" reference="413" classloader="0" />
    <remembered-set count="0" freebytes="334848" totalbytes="334848" percent="100" regionsoverflowed="0" regionsstable="0" regionsrebuilding="0"/>
  </mem-info>
</gc-end>
<cycle-end id="13" type="global garbage collect" contextid="4" timestamp="2019-07-03T01:06:08.334">
  <attribute name="GC Util" value="20" />
  <attribute name="CPU Util" value="12480713436474" />
  <attribute name="Time Running"value="549"/>
  <attribute name="Number of cores"value="4"/>
</cycle-end>
<sys-end id="14" timestamp="2019-07-03T01:06:08.334" />
<exclusive-end id="15" timestamp="2019-07-03T01:06:08.335" durationms="13.024" />

<exclusive-start id="16" timestamp="2019-07-03T01:06:10.069" intervalms="1747.510">
  <response-info timems="0.013" idlems="0.013" threads="0" lastid="00000000017F2700" lastname="main" />
</exclusive-start>
<allocation-taxation id="17" taxation-threshold="7340032" timestamp="2019-07-03T01:06:10.069" intervalms="2388.450" />
<cycle-start id="18" type="partial gc" contextid="0" timestamp="2019-07-03T01:06:10.069" intervalms="2388.717" />
  <attribute name="GC Util" value="20" />
  <attribute name="CPU Util" value="12480713436474" />
  <attribute name="Time Running"value="549"/>
  <attribute name="Number of cores"value="4"/>
<gc-start id="19" type="partial gc" contextid="18" timestamp="2019-07-03T01:06:10.070">
  <mem-info id="20" free="0" total="8388608" percent="0">
    <mem type="eden" free="0" total="7340032" percent="0" />
    <remembered-set count="0" freebytes="334848" totalbytes="334848" percent="100" regionsoverflowed="0" regionsstable="0" regionsrebuilding="0"/>
  </mem-info>
</gc-start>
<allocation-stats totalBytes="7332848" >
  <allocated-bytes non-tlh="147880" tlh="7184968" arrayletleaf="0"/>
  <largest-consumer threadName="main" threadId="00000000017F2700" bytes="7316776" />
</allocation-stats>
<gc-op id="21" type="mark" timems="3.446" contextid="18" timestamp="2019-07-03T01:06:10.074">
  <trace-info objectcount="78977" scancount="75251" scanbytes="2274452" />
  <cardclean-info objects="1097" bytes="38320" />
  <remembered-set-cleared processed="0" cleared="0" durationms="0.046" />
  <references type="weak" candidates="43" cleared="42" enqueued="42" />
  <references type="phantom" candidates="13" cleared="11" enqueued="11" />
  <stringconstants candidates="3629" cleared="0"  />
  <warning details="Mark invoked due to insufficient free space for Copy-Forward" />
</gc-op>
<gc-op id="22" type="classunload" timems="0.002" contextid="18" timestamp="2019-07-03T01:06:10.074">
  <classunload-info classloadercandidates="6" classloadersunloaded="0" classesunloaded="0" anonymousclassesunloaded="0" quiescems="0.000" setupms="0.001" scanms="0.000" postms="0.000" />
</gc-op>
<gc-op id="23" type="sweep" timems="0.351" contextid="18" timestamp="2019-07-03T01:06:10.074" />
<gc-op id="24" type="compact" timems="7.559" contextid="18" timestamp="2019-07-03T01:06:10.082">
  <compact-info movecount="78658" movebytes="2664856" />
  <remembered-set-cleared processed="712" cleared="712" durationms="0.046" />
</gc-op>
<gc-end id="25" type="partial gc" contextid="18" durationms="12.768" usertimems="16.000" systemtimems="0.000" timestamp="2019-07-03T01:06:10.082" activeThreads="4">
  <mem-info id="26" free="4194304" total="8388608" percent="50">
    <mem type="eden" free="423112" total="3145728" percent="13" />
    <pending-finalizers system="0" default="0" reference="53" classloader="0" />
    <remembered-set count="3072" freebytes="322560" totalbytes="334848" percent="96" regionsoverflowed="0" regionsstable="0" regionsrebuilding="0"/>
  </mem-info>
</gc-end>
<cycle-end id="27" type="partial gc" contextid="18" timestamp="2019-07-03T01:06:10.083">
  <attribute name="GC Util" value="23" />
  <attribute name="CPU Util" value="29962112876601" />
  <attribute name="Time Running"value="2294"/>
  <attribute name="Number of cores"value="4"/>
</cycle-end>
<exclusive-end id="28" timestamp="2019-07-03T01:06:10.083" durationms="13.740" />

<exclusive-start id="29" timestamp="2019-07-03T01:06:10.160" intervalms="90.913">
  <response-info timems="0.034" idlems="0.034" threads="0" lastid="00000000017F2700" lastname="main" />
</exclusive-start>
<allocation-taxation id="30" taxation-threshold="2097152" timestamp="2019-07-03T01:06:10.160" intervalms="90.922" />
<cycle-start id="31" type="global mark phase" contextid="0" timestamp="2019-07-03T01:06:10.160" intervalms="2479.478" />
  <attribute name="GC Util" value="23" />
  <attribute name="CPU Util" value="29962112876601" />
  <attribute name="Time Running"value="2294"/>
  <attribute name="Number of cores"value="4"/>
<gc-start id="32" type="global mark phase" contextid="31" timestamp="2019-07-03T01:06:10.160">
  <mem-info id="33" free="2097152" total="8388608" percent="25">
    <remembered-set count="2944" freebytes="323072" totalbytes="334848" percent="96" regionsoverflowed="0" regionsstable="0" regionsrebuilding="0"/>
  </mem-info>
</gc-start>
<gc-op id="34" type="mark increment" timems="0.627" contextid="31" timestamp="2019-07-03T01:06:10.161">
  <trace-info objectcount="107" scancount="0" scanbytes="0" />
</gc-op>
<gc-end id="35" type="global mark phase" contextid="31" durationms="0.816" usertimems="0.000" systemtimems="0.000" timestamp="2019-07-03T01:06:10.161" activeThreads="4">
  <mem-info id="36" free="2097152" total="8388608" percent="25">
    <remembered-set count="2944" freebytes="323072" totalbytes="334848" percent="96" regionsoverflowed="0" regionsstable="0" regionsrebuilding="0"/>
  </mem-info>
</gc-end>
<concurrent-start id="37" type="GMP work packet processing" contextid="31" timestamp="2019-07-03T01:06:10.161">
  <concurrent-mark-start scanTarget="18446744073709551615" />
</concurrent-start>
<concurrent-end id="38" type="GMP work packet processing" contextid="31" timestamp="2019-07-03T01:06:10.163">
  <concurrent-mark-end bytesScanned="3464212" reasonForTermination="Completed all work in GC phase" />
</concurrent-end>

<exclusive-end id="39" timestamp="2019-07-03T01:06:10.164" durationms="3.571" />

<exclusive-start id="40" timestamp="2019-07-03T01:06:10.191" intervalms="30.808">
  <response-info timems="0.080" idlems="0.080" threads="0" lastid="00000000017F2700" lastname="main" />
</exclusive-start>
<allocation-taxation id="41" taxation-threshold="2097152" timestamp="2019-07-03T01:06:10.191" intervalms="30.768" />
<cycle-start id="42" type="partial gc" contextid="0" timestamp="2019-07-03T01:06:10.191" intervalms="121.522" />
  <attribute name="GC Util" value="129" />
  <attribute name="CPU Util" value="27520870426075" />
  <attribute name="Time Running"value="2382"/>
  <attribute name="Number of cores"value="4"/>
<gc-start id="43" type="partial gc" contextid="42" timestamp="2019-07-03T01:06:10.191">
  <mem-info id="44" free="0" total="8388608" percent="0">
    <mem type="eden" free="0" total="5242880" percent="0" />
    <remembered-set count="2944" freebytes="323072" totalbytes="334848" percent="96" regionsoverflowed="0" regionsstable="0" regionsrebuilding="0"/>
  </mem-info>
</gc-start>
<allocation-stats totalBytes="4191744" >
  <allocated-bytes non-tlh="90480" tlh="4101264" arrayletleaf="0"/>
  <largest-consumer threadName="main" threadId="00000000017F2700" bytes="2095688" />
</allocation-stats>
<gc-op id="45" type="mark" timems="3.512" contextid="42" timestamp="2019-07-03T01:06:10.195">
  <trace-info objectcount="119704" scancount="113261" scanbytes="4445196" />
  <cardclean-info objects="106" bytes="5788" />
  <remembered-set-cleared processed="291" cleared="291" durationms="0.078" />
  <references type="weak" candidates="1" cleared="0" enqueued="0" />
  <references type="phantom" candidates="2" cleared="0" enqueued="0" />
  <stringconstants candidates="3811" cleared="0"  />
  <warning details="Mark invoked due to insufficient free space for Copy-Forward" />
</gc-op>
<gc-op id="46" type="classunload" timems="0.002" contextid="42" timestamp="2019-07-03T01:06:10.195">
  <classunload-info classloadercandidates="6" classloadersunloaded="0" classesunloaded="0" anonymousclassesunloaded="0" quiescems="0.000" setupms="0.002" scanms="0.000" postms="0.000" />
</gc-op>
<gc-op id="47" type="sweep" timems="0.453" contextid="42" timestamp="2019-07-03T01:06:10.196" />
<gc-op id="48" type="compact" timems="9.187" contextid="42" timestamp="2019-07-03T01:06:10.205">
  <compact-info movecount="108917" movebytes="5046408" />
  <remembered-set-cleared processed="1198" cleared="1198" durationms="0.078" />
</gc-op>
<heap-resize id="49" type="expand" space="default" amount="5242880" count="1" timems="0.081" reason="satisfy allocation request" timestamp="2019-07-03T01:06:10.205" />
<gc-end id="50" type="partial gc" contextid="42" durationms="14.469" usertimems="32.000" systemtimems="0.000" timestamp="2019-07-03T01:06:10.206" activeThreads="4">
  <mem-info id="51" free="6291456" total="13631488" percent="46">
    <mem type="eden" free="380256" total="4194304" percent="9" />
    <remembered-set count="5632" freebytes="521600" totalbytes="544128" percent="95" regionsoverflowed="0" regionsstable="0" regionsrebuilding="0"/>
  </mem-info>
</gc-end>
<cycle-end id="52" type="partial gc" contextid="42" timestamp="2019-07-03T01:06:10.206">
  <attribute name="GC Util" value="38" />
  <attribute name="CPU Util" value="27636813744333" />
  <attribute name="Time Running"value="2416"/>
  <attribute name="Number of cores"value="4"/>
</cycle-end>
<exclusive-end id="53" timestamp="2019-07-03T01:06:10.206" durationms="15.085" />

<exclusive-start id="54" timestamp="2019-07-03T01:06:12.210" intervalms="2018.975">
  <response-info timems="0.103" idlems="0.060" threads="1" lastid="0000000001AB0500" lastname="node-6" />
</exclusive-start>
<allocation-taxation id="55" taxation-threshold="3145728" timestamp="2019-07-03T01:06:12.210" intervalms="2019.000" />
<gc-start id="56" type="global mark phase" contextid="31" timestamp="2019-07-03T01:06:12.210">
  <mem-info id="57" free="3145728" total="13631488" percent="23">
    <remembered-set count="5536" freebytes="521984" totalbytes="544128" percent="95" regionsoverflowed="0" regionsstable="0" regionsrebuilding="0"/>
  </mem-info>
</gc-start>
<gc-op id="58" type="mark increment" timems="3.755" contextid="31" timestamp="2019-07-03T01:06:12.214">
  <trace-info objectcount="128937" scancount="122001" scanbytes="4884312" />
  <cardclean-info objects="323" bytes="12280" />
  <finalization candidates="18" enqueued="0" />
  <references type="soft" candidates="66" cleared="0" enqueued="0" dynamicThreshold="14" maxThreshold="32" />
  <references type="weak" candidates="167" cleared="2" enqueued="2" />
  <references type="phantom" candidates="59" cleared="2" enqueued="2" />
  <stringconstants candidates="3825" cleared="0"  />
</gc-op>
<gc-op id="59" type="classunload" timems="0.003" contextid="31" timestamp="2019-07-03T01:06:12.214">
  <classunload-info classloadercandidates="6" classloadersunloaded="0" classesunloaded="0" anonymousclassesunloaded="0" quiescems="0.000" setupms="0.002" scanms="0.000" postms="0.000" />
</gc-op>
<gc-end id="60" type="global mark phase" contextid="31" durationms="4.042" usertimems="12.000" systemtimems="0.000" timestamp="2019-07-03T01:06:12.214" activeThreads="4">
  <mem-info id="61" free="3145728" total="13631488" percent="23">
    <pending-finalizers system="0" default="0" reference="4" classloader="0" />
    <remembered-set count="5536" freebytes="521984" totalbytes="544128" percent="95" regionsoverflowed="0" regionsstable="0" regionsrebuilding="0"/>
  </mem-info>
</gc-end>
<cycle-end id="62" type="global mark phase" contextid="31" timestamp="2019-07-03T01:06:12.214">
  <attribute name="GC Util" value="182" />
  <attribute name="CPU Util" value="7102616097932" />
  <attribute name="Time Running"value="4433"/>
  <attribute name="Number of cores"value="4"/>
</cycle-end>
<exclusive-end id="63" timestamp="2019-07-03T01:06:12.215" durationms="4.868" />

<exclusive-start id="64" timestamp="2019-07-03T01:06:14.773" intervalms="2563.261">
  <response-info timems="0.029" idlems="0.029" threads="0" lastid="0000000001AE1000" lastname="node-10" />
</exclusive-start>
<allocation-taxation id="65" taxation-threshold="3145728" timestamp="2019-07-03T01:06:14.773" intervalms="2563.271" />
<cycle-start id="66" type="partial gc" contextid="0" timestamp="2019-07-03T01:06:14.773" intervalms="4582.328" />
  <attribute name="GC Util" value="182" />
  <attribute name="CPU Util" value="7102616097932" />
  <attribute name="Time Running"value="4433"/>
  <attribute name="Number of cores"value="4"/>
<gc-start id="67" type="partial gc" contextid="66" timestamp="2019-07-03T01:06:14.773">
  <mem-info id="68" free="0" total="13631488" percent="0">
    <mem type="eden" free="0" total="7340032" percent="0" />
    <remembered-set count="5536" freebytes="521984" totalbytes="544128" percent="95" regionsoverflowed="0" regionsstable="0" regionsrebuilding="0"/>
  </mem-info>
</gc-start>
<allocation-stats totalBytes="6283304" >
  <allocated-bytes non-tlh="132248" tlh="6151056" arrayletleaf="0"/>
  <largest-consumer threadName="node-7" threadId="0000000001AFB300" bytes="286680" />
</allocation-stats>
<gc-op id="69" type="sweep" timems="0.497" contextid="66" timestamp="2019-07-03T01:06:14.774" />
<gc-op id="70" type="mark" timems="2.650" contextid="66" timestamp="2019-07-03T01:06:14.777">
  <trace-info objectcount="50110" scancount="46853" scanbytes="2611764" />
  <cardclean-info objects="398" bytes="18068" />
  <remembered-set-cleared processed="3448" cleared="985" durationms="0.070" />
  <stringconstants candidates="3825" cleared="0"  />
  <warning details="Mark invoked due to insufficient free space for Copy-Forward" />
</gc-op>
<gc-op id="71" type="classunload" timems="0.002" contextid="66" timestamp="2019-07-03T01:06:14.778">
  <classunload-info classloadercandidates="6" classloadersunloaded="0" classesunloaded="0" anonymousclassesunloaded="0" quiescems="0.000" setupms="0.002" scanms="0.000" postms="0.000" />
</gc-op>
<gc-op id="72" type="sweep" timems="0.443" contextid="66" timestamp="2019-07-03T01:06:14.778" />
<gc-op id="73" type="compact" timems="7.122" contextid="66" timestamp="2019-07-03T01:06:14.786">
  <compact-info movecount="47566" movebytes="3017640" />
  <remembered-set-cleared processed="7458" cleared="2527" durationms="0.070" />
</gc-op>
<gc-end id="74" type="partial gc" contextid="66" durationms="12.403" usertimems="16.000" systemtimems="0.000" timestamp="2019-07-03T01:06:14.786" activeThreads="4">
  <mem-info id="75" free="5242880" total="13631488" percent="38">
    <mem type="eden" free="940360" total="2097152" percent="44" />
    <remembered-set count="6688" freebytes="517376" totalbytes="544128" percent="95" regionsoverflowed="0" regionsstable="0" regionsrebuilding="0"/>
  </mem-info>
</gc-end>
<cycle-end id="76" type="partial gc" contextid="66" timestamp="2019-07-03T01:06:14.786">
  <attribute name="GC Util" value="27" />
  <attribute name="CPU Util" value="26610499321113" />
  <attribute name="Time Running"value="6999"/>
  <attribute name="Number of cores"value="4"/>
</cycle-end>
<exclusive-end id="77" timestamp="2019-07-03T01:06:14.786" durationms="13.362" />

<exclusive-start id="78" timestamp="2019-07-03T01:06:16.184" intervalms="1411.026">
  <response-info timems="0.040" idlems="0.040" threads="0" lastid="0000000001ACA800" lastname="node-2" />
</exclusive-start>
<allocation-taxation id="79" taxation-threshold="2097152" timestamp="2019-07-03T01:06:16.184" intervalms="1410.986" />
<cycle-start id="80" type="global mark phase" contextid="0" timestamp="2019-07-03T01:06:16.184" intervalms="6024.012" />
  <attribute name="GC Util" value="27" />
  <attribute name="CPU Util" value="26610499321113" />
  <attribute name="Time Running"value="6999"/>
  <attribute name="Number of cores"value="4"/>
<gc-start id="81" type="global mark phase" contextid="80" timestamp="2019-07-03T01:06:16.184">
  <mem-info id="82" free="3145728" total="13631488" percent="23">
    <remembered-set count="6368" freebytes="518656" totalbytes="544128" percent="95" regionsoverflowed="0" regionsstable="0" regionsrebuilding="0"/>
  </mem-info>
</gc-start>
<gc-op id="83" type="mark increment" timems="0.505" contextid="80" timestamp="2019-07-03T01:06:16.185">
  <trace-info objectcount="386" scancount="0" scanbytes="0" />
</gc-op>
<gc-end id="84" type="global mark phase" contextid="80" durationms="0.600" usertimems="0.000" systemtimems="0.000" timestamp="2019-07-03T01:06:16.185" activeThreads="4">
  <mem-info id="85" free="3145728" total="13631488" percent="23">
    <remembered-set count="6368" freebytes="518656" totalbytes="544128" percent="95" regionsoverflowed="0" regionsstable="0" regionsrebuilding="0"/>
  </mem-info>
</gc-end>
<concurrent-start id="86" type="GMP work packet processing" contextid="80" timestamp="2019-07-03T01:06:16.185">
  <concurrent-mark-start scanTarget="18446744073709551615" />
</concurrent-start>
<exclusive-end id="87" timestamp="2019-07-03T01:06:16.185" durationms="1.170" />

<concurrent-end id="88" type="GMP work packet processing" contextid="80" timestamp="2019-07-03T01:06:16.189">
  <concurrent-mark-end bytesScanned="5322044" reasonForTermination="Completed all work in GC phase" />
</concurrent-end>

<exclusive-start id="89" timestamp="2019-07-03T01:06:17.425" intervalms="1241.223">
  <response-info timems="0.031" idlems="0.031" threads="0" lastid="0000000001AC6C00" lastname="node-3" />
</exclusive-start>
<allocation-taxation id="90" taxation-threshold="2097152" timestamp="2019-07-03T01:06:17.425" intervalms="1241.355" />
<cycle-start id="91" type="partial gc" contextid="0" timestamp="2019-07-03T01:06:17.426" intervalms="2652.407" />
  <attribute name="GC Util" value="165" />
  <attribute name="CPU Util" value="33809333141030" />
  <attribute name="Time Running"value="8405"/>
  <attribute name="Number of cores"value="4"/>
<gc-start id="92" type="partial gc" contextid="91" timestamp="2019-07-03T01:06:17.426">
  <mem-info id="93" free="1048576" total="13631488" percent="7">
    <mem type="eden" free="0" total="4194304" percent="0" />
    <remembered-set count="6368" freebytes="518656" totalbytes="544128" percent="95" regionsoverflowed="0" regionsstable="0" regionsrebuilding="0"/>
  </mem-info>
</gc-start>
<allocation-stats totalBytes="4189400" >
  <allocated-bytes non-tlh="0" tlh="4189400" arrayletleaf="0"/>
  <largest-consumer threadName="node-5" threadId="0000000001ABB900" bytes="159728" />
</allocation-stats>
<gc-op id="94" type="copy forward" timems="3.585" contextid="91" timestamp="2019-07-03T01:06:17.430">
  <memory-copied type="eden" objects="138" bytes="12008" bytesdiscarded="163712" />
  <memory-copied type="other" objects="9139" bytes="531296" bytesdiscarded="86800" />
  <memory-cardclean objects="925" bytes="37072" />
  <remembered-set-cleared processed="4897" cleared="643" durationms="0.145" />
  <stringconstants candidates="3825" cleared="0"  />
  <heap-resize type="expand" space="default" amount="1048576" count="1" timems="0.134" reason="continue current collection" />
</gc-op>
<gc-op id="95" type="classunload" timems="0.002" contextid="91" timestamp="2019-07-03T01:06:17.430">
  <classunload-info classloadercandidates="6" classloadersunloaded="0" classesunloaded="0" anonymousclassesunloaded="0" quiescems="0.000" setupms="0.001" scanms="0.000" postms="0.000" />
</gc-op>
<gc-op id="96" type="compact" timems="0.844" contextid="91" timestamp="2019-07-03T01:06:17.432">
  <compact-info movecount="0" movebytes="0" />
  <remembered-set-cleared processed="9892" cleared="643" durationms="0.145" />
</gc-op>
<heap-resize id="97" type="expand" space="default" amount="2097152" count="1" timems="0.066" reason="insufficient free space following gc" timestamp="2019-07-03T01:06:17.432" />
<gc-end id="98" type="partial gc" contextid="91" durationms="6.000" usertimems="12.000" systemtimems="0.000" timestamp="2019-07-03T01:06:17.432" activeThreads="4">
  <mem-info id="99" free="7340032" total="16777216" percent="43">
    <mem type="eden" free="872856" total="1048576" percent="83" />
    <remembered-set count="5696" freebytes="646912" totalbytes="669696" percent="96" regionsoverflowed="0" regionsstable="0" regionsrebuilding="0"/>
  </mem-info>
</gc-end>
<cycle-end id="100" type="partial gc" contextid="91" timestamp="2019-07-03T01:06:17.432">
  <attribute name="GC Util" value="114" />
  <attribute name="CPU Util" value="4760695794421" />
  <attribute name="Time Running"value="9651"/>
  <attribute name="Number of cores"value="4"/>
</cycle-end>
<exclusive-end id="101" timestamp="2019-07-03T01:06:17.432" durationms="7.139" />

<exclusive-start id="102" timestamp="2019-07-03T01:06:19.422" intervalms="1996.432">
  <response-info timems="0.070" idlems="0.070" threads="0" lastid="0000000001AD5C00" lastname="node-11" />
</exclusive-start>
<allocation-taxation id="103" taxation-threshold="3145728" timestamp="2019-07-03T01:06:19.422" intervalms="1996.301" />
<gc-start id="104" type="global mark phase" contextid="80" timestamp="2019-07-03T01:06:19.422">
  <mem-info id="105" free="4194304" total="16777216" percent="25">
    <remembered-set count="5152" freebytes="649088" totalbytes="669696" percent="96" regionsoverflowed="0" regionsstable="1" regionsrebuilding="0"/>
  </mem-info>
</gc-start>
<gc-op id="106" type="mark increment" timems="1.515" contextid="80" timestamp="2019-07-03T01:06:19.423">
  <trace-info objectcount="2702" scancount="2667" scanbytes="87328" />
  <cardclean-info objects="2013" bytes="85768" />
  <finalization candidates="18" enqueued="0" />
  <references type="soft" candidates="66" cleared="0" enqueued="0" dynamicThreshold="14" maxThreshold="32" />
  <references type="weak" candidates="165" cleared="0" enqueued="0" />
  <references type="phantom" candidates="57" cleared="0" enqueued="0" />
  <stringconstants candidates="3825" cleared="0"  />
</gc-op>
<gc-op id="107" type="classunload" timems="0.003" contextid="80" timestamp="2019-07-03T01:06:19.424">
  <classunload-info classloadercandidates="6" classloadersunloaded="0" classesunloaded="0" anonymousclassesunloaded="0" quiescems="0.000" setupms="0.002" scanms="0.000" postms="0.000" />
</gc-op>
<gc-end id="108" type="global mark phase" contextid="80" durationms="1.891" usertimems="4.000" systemtimems="0.000" timestamp="2019-07-03T01:06:19.424" activeThreads="4">
  <mem-info id="109" free="4194304" total="16777216" percent="25">
    <remembered-set count="5152" freebytes="649088" totalbytes="669696" percent="96" regionsoverflowed="0" regionsstable="1" regionsrebuilding="0"/>
  </mem-info>
</gc-end>
<cycle-end id="110" type="global mark phase" contextid="80" timestamp="2019-07-03T01:06:19.424">
  <attribute name="GC Util" value="71" />
  <attribute name="CPU Util" value="55490611745657" />
  <attribute name="Time Running"value="11643"/>
  <attribute name="Number of cores"value="4"/>
</cycle-end>
<exclusive-end id="111" timestamp="2019-07-03T01:06:19.424" durationms="2.319" />

<exclusive-start id="112" timestamp="2019-07-03T01:06:21.763" intervalms="2341.360">
  <response-info timems="0.072" idlems="0.072" threads="0" lastid="0000000001ABB900" lastname="node-5" />
</exclusive-start>
<allocation-taxation id="113" taxation-threshold="3145728" timestamp="2019-07-03T01:06:21.763" intervalms="2341.355" />
<cycle-start id="114" type="partial gc" contextid="0" timestamp="2019-07-03T01:06:21.763" intervalms="4337.574" />
  <attribute name="GC Util" value="71" />
  <attribute name="CPU Util" value="55490611745657" />
  <attribute name="Time Running"value="11643"/>
  <attribute name="Number of cores"value="4"/>
<gc-start id="115" type="partial gc" contextid="114" timestamp="2019-07-03T01:06:21.764">
  <mem-info id="116" free="1048576" total="16777216" percent="6">
    <mem type="eden" free="0" total="6291456" percent="0" />
    <remembered-set count="5152" freebytes="649088" totalbytes="669696" percent="96" regionsoverflowed="0" regionsstable="1" regionsrebuilding="0"/>
  </mem-info>
</gc-start>
<allocation-stats totalBytes="6281528" >
  <allocated-bytes non-tlh="0" tlh="6281528" arrayletleaf="0"/>
  <largest-consumer threadName="node-9" threadId="0000000001ABF500" bytes="204736" />
</allocation-stats>
<gc-op id="117" type="sweep" timems="0.575" contextid="114" timestamp="2019-07-03T01:06:21.764" />
<gc-op id="118" type="copy forward" timems="2.285" contextid="114" timestamp="2019-07-03T01:06:21.767">
  <memory-copied type="eden" objects="2977" bytes="71224" bytesdiscarded="12095" />
  <memory-copied type="other" objects="2558" bytes="61392" bytesdiscarded="1377" />
  <memory-cardclean objects="1434" bytes="48952" />
  <remembered-set-cleared processed="4467" cleared="306" durationms="0.094" />
  <stringconstants candidates="3825" cleared="0"  />
</gc-op>
<gc-op id="119" type="classunload" timems="0.002" contextid="114" timestamp="2019-07-03T01:06:21.767">
  <classunload-info classloadercandidates="6" classloadersunloaded="0" classesunloaded="0" anonymousclassesunloaded="0" quiescems="0.000" setupms="0.002" scanms="0.000" postms="0.000" />
</gc-op>
<gc-op id="120" type="compact" timems="1.007" contextid="114" timestamp="2019-07-03T01:06:21.769">
  <compact-info movecount="0" movebytes="0" />
  <remembered-set-cleared processed="9065" cleared="306" durationms="0.094" />
</gc-op>
<gc-end id="121" type="partial gc" contextid="114" durationms="5.333" usertimems="8.000" systemtimems="0.000" timestamp="2019-07-03T01:06:21.769" activeThreads="4">
  <mem-info id="122" free="7340032" total="16777216" percent="43">
    <mem type="eden" free="902488" total="1048576" percent="86" />
    <remembered-set count="5184" freebytes="648960" totalbytes="669696" percent="96" regionsoverflowed="0" regionsstable="1" regionsrebuilding="0"/>
  </mem-info>
</gc-end>
<cycle-end id="123" type="partial gc" contextid="114" timestamp="2019-07-03T01:06:21.772">
  <attribute name="GC Util" value="90" />
  <attribute name="CPU Util" value="6967982442545" />
  <attribute name="Time Running"value="13988"/>
  <attribute name="Number of cores"value="4"/>
</cycle-end>
<exclusive-end id="124" timestamp="2019-07-03T01:06:21.772" durationms="8.916" />

<exclusive-start id="125" timestamp="2019-07-03T01:06:24.252" intervalms="2489.022">
  <response-info timems="0.060" idlems="0.032" threads="1" lastid="0000000001ACA800" lastname="node-2" />
</exclusive-start>
<allocation-taxation id="126" taxation-threshold="3145728" timestamp="2019-07-03T01:06:24.252" intervalms="2489.092" />
<cycle-start id="127" type="global mark phase" contextid="0" timestamp="2019-07-03T01:06:24.252" intervalms="8068.234" />
  <attribute name="GC Util" value="90" />
  <attribute name="CPU Util" value="6967982442545" />
  <attribute name="Time Running"value="13988"/>
  <attribute name="Number of cores"value="4"/>
<gc-start id="128" type="global mark phase" contextid="127" timestamp="2019-07-03T01:06:24.253">
  <mem-info id="129" free="4194304" total="16777216" percent="25">
    <remembered-set count="5184" freebytes="648960" totalbytes="669696" percent="96" regionsoverflowed="0" regionsstable="1" regionsrebuilding="0"/>
  </mem-info>
</gc-start>
<gc-op id="130" type="mark increment" timems="0.723" contextid="127" timestamp="2019-07-03T01:06:24.253">
  <trace-info objectcount="339" scancount="0" scanbytes="0" />
</gc-op>
<gc-end id="131" type="global mark phase" contextid="127" durationms="1.008" usertimems="0.000" systemtimems="0.000" timestamp="2019-07-03T01:06:24.254" activeThreads="4">
  <mem-info id="132" free="4194304" total="16777216" percent="25">
    <remembered-set count="5184" freebytes="648960" totalbytes="669696" percent="96" regionsoverflowed="0" regionsstable="0" regionsrebuilding="1"/>
  </mem-info>
</gc-end>
<concurrent-start id="133" type="GMP work packet processing" contextid="127" timestamp="2019-07-03T01:06:24.254">
  <concurrent-mark-start scanTarget="18446744073709551615" />
</concurrent-start>
<exclusive-end id="134" timestamp="2019-07-03T01:06:24.257" durationms="5.006" />

<concurrent-end id="135" type="GMP work packet processing" contextid="127" timestamp="2019-07-03T01:06:24.257">
  <concurrent-mark-end bytesScanned="5317740" reasonForTermination="Completed all work in GC phase" />
</concurrent-end>

<exclusive-start id="136" timestamp="2019-07-03T01:06:26.323" intervalms="2071.267">
  <response-info timems="0.046" idlems="0.046" threads="0" lastid="0000000001ABF500" lastname="node-9" />
</exclusive-start>
<allocation-taxation id="137" taxation-threshold="3145728" timestamp="2019-07-03T01:06:26.323" intervalms="2071.200" />
<cycle-start id="138" type="partial gc" contextid="0" timestamp="2019-07-03T01:06:26.324" intervalms="4560.236" />
  <attribute name="GC Util" value="119" />
  <attribute name="CPU Util" value="14485348810085" />
  <attribute name="Time Running"value="16474"/>
  <attribute name="Number of cores"value="4"/>
<gc-start id="139" type="partial gc" contextid="138" timestamp="2019-07-03T01:06:26.324">
  <mem-info id="140" free="1048576" total="16777216" percent="6">
    <mem type="eden" free="0" total="6291456" percent="0" />
    <remembered-set count="6912" freebytes="642048" totalbytes="669696" percent="95" regionsoverflowed="0" regionsstable="0" regionsrebuilding="1"/>
  </mem-info>
</gc-start>
<allocation-stats totalBytes="6282808" >
  <allocated-bytes non-tlh="0" tlh="6282808" arrayletleaf="0"/>
  <largest-consumer threadName="node-8" threadId="0000000001AE4C00" bytes="176120" />
</allocation-stats>
<gc-op id="141" type="copy forward" timems="1.985" contextid="138" timestamp="2019-07-03T01:06:26.326">
  <memory-copied type="eden" objects="4814" bytes="120392" bytesdiscarded="30008" />
  <memory-copied type="other" objects="5424" bytes="130168" bytesdiscarded="8624" />
  <memory-cardclean objects="1586" bytes="55272" />
  <remembered-set-cleared processed="5453" cleared="449" durationms="0.069" />
  <stringconstants candidates="3825" cleared="0"  />
  <heap-resize type="expand" space="default" amount="1048576" count="1" timems="0.079" reason="continue current collection" />
</gc-op>
<gc-op id="142" type="classunload" timems="0.002" contextid="138" timestamp="2019-07-03T01:06:26.326">
  <classunload-info classloadercandidates="6" classloadersunloaded="0" classesunloaded="0" anonymousclassesunloaded="0" quiescems="0.000" setupms="0.002" scanms="0.000" postms="0.000" />
</gc-op>
<gc-op id="143" type="compact" timems="0.587" contextid="138" timestamp="2019-07-03T01:06:26.327">
  <compact-info movecount="0" movebytes="0" />
  <remembered-set-cleared processed="11048" cleared="449" durationms="0.070" />
</gc-op>
<heap-resize id="144" type="expand" space="default" amount="1048576" count="1" timems="0.055" reason="insufficient free space following gc" timestamp="2019-07-03T01:06:26.327" />
<gc-end id="145" type="partial gc" contextid="138" durationms="3.499" usertimems="8.000" systemtimems="0.000" timestamp="2019-07-03T01:06:26.327" activeThreads="4">
  <mem-info id="146" free="8388608" total="18874368" percent="44">
    <mem type="eden" free="898176" total="1048576" percent="85" />
    <remembered-set count="6304" freebytes="728192" totalbytes="753408" percent="96" regionsoverflowed="0" regionsstable="0" regionsrebuilding="1"/>
  </mem-info>
</gc-end>
<cycle-end id="147" type="partial gc" contextid="138" timestamp="2019-07-03T01:06:26.328">
  <attribute name="GC Util" value="124" />
  <attribute name="CPU Util" value="8267314930240" />
  <attribute name="Time Running"value="18546"/>
  <attribute name="Number of cores"value="4"/>
</cycle-end>
<exclusive-end id="148" timestamp="2019-07-03T01:06:26.328" durationms="4.371" />

<exclusive-start id="149" timestamp="2019-07-03T01:06:29.298" intervalms="2974.225">
  <response-info timems="0.037" idlems="0.037" threads="0" lastid="0000000001AB4100" lastname="node-4" />
</exclusive-start>
<allocation-taxation id="150" taxation-threshold="4194304" timestamp="2019-07-03T01:06:29.298" intervalms="2974.216" />
<gc-start id="151" type="global mark phase" contextid="127" timestamp="2019-07-03T01:06:29.298">
  <mem-info id="152" free="4194304" total="18874368" percent="22">
    <remembered-set count="6304" freebytes="728192" totalbytes="753408" percent="96" regionsoverflowed="0" regionsstable="0" regionsrebuilding="1"/>
  </mem-info>
</gc-start>
<gc-op id="153" type="mark increment" timems="1.156" contextid="127" timestamp="2019-07-03T01:06:29.299">
  <trace-info objectcount="4243" scancount="4206" scanbytes="124064" />
  <cardclean-info objects="1671" bytes="73576" />
  <finalization candidates="18" enqueued="0" />
  <references type="soft" candidates="66" cleared="0" enqueued="0" dynamicThreshold="14" maxThreshold="32" />
  <references type="weak" candidates="165" cleared="0" enqueued="0" />
  <references type="phantom" candidates="57" cleared="0" enqueued="0" />
  <stringconstants candidates="3825" cleared="0"  />
</gc-op>
<gc-op id="154" type="classunload" timems="0.002" contextid="127" timestamp="2019-07-03T01:06:29.299">
  <classunload-info classloadercandidates="6" classloadersunloaded="0" classesunloaded="0" anonymousclassesunloaded="0" quiescems="0.000" setupms="0.002" scanms="0.000" postms="0.000" />
</gc-op>
<gc-end id="155" type="global mark phase" contextid="127" durationms="1.360" usertimems="4.000" systemtimems="0.000" timestamp="2019-07-03T01:06:29.299" activeThreads="4">
  <mem-info id="156" free="4194304" total="18874368" percent="22">
    <remembered-set count="6816" freebytes="726144" totalbytes="753408" percent="96" regionsoverflowed="0" regionsstable="0" regionsrebuilding="0"/>
  </mem-info>
</gc-end>
<cycle-end id="157" type="global mark phase" contextid="127" timestamp="2019-07-03T01:06:29.299">
  <attribute name="GC Util" value="105" />
  <attribute name="CPU Util" value="71398828233212" />
  <attribute name="Time Running"value="21518"/>
  <attribute name="Number of cores"value="4"/>
</cycle-end>
<exclusive-end id="158" timestamp="2019-07-03T01:06:29.299" durationms="1.955" />

<exclusive-start id="159" timestamp="2019-07-03T01:06:32.317" intervalms="3019.013">
  <response-info timems="0.052" idlems="0.034" threads="1" lastid="0000000001AAC900" lastname="node-15" />
</exclusive-start>
<allocation-taxation id="160" taxation-threshold="4194304" timestamp="2019-07-03T01:06:32.317" intervalms="3019.013" />
<cycle-start id="161" type="partial gc" contextid="0" timestamp="2019-07-03T01:06:32.317" intervalms="5993.218" />
  <attribute name="GC Util" value="105" />
  <attribute name="CPU Util" value="71398828233212" />
  <attribute name="Time Running"value="21518"/>
  <attribute name="Number of cores"value="4"/>
<gc-start id="162" type="partial gc" contextid="161" timestamp="2019-07-03T01:06:32.317">
  <mem-info id="163" free="0" total="18874368" percent="0">
    <mem type="eden" free="0" total="8388608" percent="0" />
    <remembered-set count="5344" freebytes="732032" totalbytes="753408" percent="97" regionsoverflowed="0" regionsstable="1" regionsrebuilding="0"/>
  </mem-info>
</gc-start>
<allocation-stats totalBytes="8377936" >
  <allocated-bytes non-tlh="0" tlh="8377936" arrayletleaf="0"/>
  <largest-consumer threadName="node-7" threadId="0000000001AFB300" bytes="212968" />
</allocation-stats>
<gc-op id="164" type="sweep" timems="0.528" contextid="161" timestamp="2019-07-03T01:06:32.318" />
<gc-op id="165" type="copy forward" timems="2.189" contextid="161" timestamp="2019-07-03T01:06:32.320">
  <memory-copied type="eden" objects="2612" bytes="72904" bytesdiscarded="6332" />
  <memory-copied type="other" objects="4077" bytes="97848" bytesdiscarded="1068" />
  <memory-cardclean objects="1570" bytes="95136" />
  <remembered-set-cleared processed="4587" cleared="425" durationms="0.093" />
  <stringconstants candidates="3825" cleared="0"  />
  <heap-resize type="expand" space="default" amount="1048576" count="1" timems="0.097" reason="continue current collection" />
</gc-op>
<gc-op id="166" type="classunload" timems="0.002" contextid="161" timestamp="2019-07-03T01:06:32.320">
  <classunload-info classloadercandidates="6" classloadersunloaded="0" classesunloaded="0" anonymousclassesunloaded="0" quiescems="0.000" setupms="0.002" scanms="0.000" postms="0.000" />
</gc-op>
<gc-op id="167" type="compact" timems="0.949" contextid="161" timestamp="2019-07-03T01:06:32.322">
  <compact-info movecount="0" movebytes="0" />
  <remembered-set-cleared processed="9254" cleared="425" durationms="0.093" />
</gc-op>
<gc-end id="168" type="partial gc" contextid="161" durationms="4.991" usertimems="0.000" systemtimems="8.000" timestamp="2019-07-03T01:06:32.322" activeThreads="4">
  <mem-info id="169" free="9437184" total="19922944" percent="47">
    <mem type="eden" free="916432" total="1048576" percent="87" />
    <remembered-set count="5632" freebytes="772736" totalbytes="795264" percent="97" regionsoverflowed="0" regionsstable="1" regionsrebuilding="0"/>
  </mem-info>
</gc-end>
<cycle-end id="170" type="partial gc" contextid="161" timestamp="2019-07-03T01:06:32.322">
  <attribute name="GC Util" value="107" />
  <attribute name="CPU Util" value="7207828833455" />
  <attribute name="Time Running"value="24541"/>
  <attribute name="Number of cores"value="4"/>
</cycle-end>
<exclusive-end id="171" timestamp="2019-07-03T01:06:32.322" durationms="5.721" />

<exclusive-start id="172" timestamp="2019-07-03T01:06:35.176" intervalms="2858.994">
  <response-info timems="0.071" idlems="0.071" threads="0" lastid="0000000001AD9800" lastname="node-13" />
</exclusive-start>
<allocation-taxation id="173" taxation-threshold="4194304" timestamp="2019-07-03T01:06:35.176" intervalms="2859.074" />
<cycle-start id="174" type="global mark phase" contextid="0" timestamp="2019-07-03T01:06:35.176" intervalms="10923.456" />
  <attribute name="GC Util" value="107" />
  <attribute name="CPU Util" value="7207828833455" />
  <attribute name="Time Running"value="24541"/>
  <attribute name="Number of cores"value="4"/>
<gc-start id="175" type="global mark phase" contextid="174" timestamp="2019-07-03T01:06:35.176">
  <mem-info id="176" free="5242880" total="19922944" percent="26">
    <remembered-set count="5632" freebytes="772736" totalbytes="795264" percent="97" regionsoverflowed="0" regionsstable="1" regionsrebuilding="0"/>
  </mem-info>
</gc-start>
<gc-op id="177" type="mark increment" timems="0.449" contextid="174" timestamp="2019-07-03T01:06:35.176">
  <trace-info objectcount="463" scancount="0" scanbytes="0" />
</gc-op>
<gc-end id="178" type="global mark phase" contextid="174" durationms="0.545" usertimems="0.000" systemtimems="0.000" timestamp="2019-07-03T01:06:35.177" activeThreads="4">
  <mem-info id="179" free="5242880" total="19922944" percent="26">
    <remembered-set count="5632" freebytes="772736" totalbytes="795264" percent="97" regionsoverflowed="0" regionsstable="0" regionsrebuilding="1"/>
  </mem-info>
</gc-end>
<concurrent-start id="180" type="GMP work packet processing" contextid="174" timestamp="2019-07-03T01:06:35.177">
  <concurrent-mark-start scanTarget="18446744073709551615" />
</concurrent-start>
<exclusive-end id="181" timestamp="2019-07-03T01:06:35.177" durationms="1.131" />

<concurrent-end id="182" type="GMP work packet processing" contextid="174" timestamp="2019-07-03T01:06:35.179">
  <concurrent-mark-end bytesScanned="5314924" reasonForTermination="Completed all work in GC phase" />
</concurrent-end>

<exclusive-start id="183" timestamp="2019-07-03T01:06:38.143" intervalms="2967.382">
  <response-info timems="0.034" idlems="0.034" threads="0" lastid="0000000001AF3B00" lastname="node-14" />
</exclusive-start>
<allocation-taxation id="184" taxation-threshold="4194304" timestamp="2019-07-03T01:06:38.143" intervalms="2967.308" />
<cycle-start id="185" type="partial gc" contextid="0" timestamp="2019-07-03T01:06:38.143" intervalms="5826.410" />
  <attribute name="GC Util" value="220" />
  <attribute name="CPU Util" value="48102030965188" />
  <attribute name="Time Running"value="27397"/>
  <attribute name="Number of cores"value="4"/>
<gc-start id="186" type="partial gc" contextid="185" timestamp="2019-07-03T01:06:38.143">
  <mem-info id="187" free="1048576" total="19922944" percent="5">
    <mem type="eden" free="0" total="8388608" percent="0" />
    <remembered-set count="6784" freebytes="768128" totalbytes="795264" percent="96" regionsoverflowed="0" regionsstable="0" regionsrebuilding="1"/>
  </mem-info>
</gc-start>
<allocation-stats totalBytes="8376280" >
  <allocated-bytes non-tlh="0" tlh="8376280" arrayletleaf="0"/>
  <largest-consumer threadName="node-7" threadId="0000000001AFB300" bytes="204776" />
</allocation-stats>
<gc-op id="188" type="copy forward" timems="1.937" contextid="185" timestamp="2019-07-03T01:06:38.146">
  <memory-copied type="eden" objects="5427" bytes="132248" bytesdiscarded="19280" />
  <memory-copied type="other" objects="4595" bytes="110280" bytesdiscarded="1920" />
  <memory-cardclean objects="1518" bytes="94168" />
  <remembered-set-cleared processed="5483" cleared="455" durationms="0.079" />
  <stringconstants candidates="3825" cleared="0"  />
  <heap-resize type="expand" space="default" amount="1048576" count="1" timems="0.072" reason="continue current collection" />
</gc-op>
<gc-op id="189" type="classunload" timems="0.001" contextid="185" timestamp="2019-07-03T01:06:38.146">
  <classunload-info classloadercandidates="6" classloadersunloaded="0" classesunloaded="0" anonymousclassesunloaded="0" quiescems="0.000" setupms="0.001" scanms="0.000" postms="0.000" />
</gc-op>
<gc-end id="190" type="partial gc" contextid="185" durationms="2.825" usertimems="4.000" systemtimems="0.000" timestamp="2019-07-03T01:06:38.146" activeThreads="4">
  <mem-info id="191" free="9437184" total="20971520" percent="45">
    <mem type="eden" free="897048" total="1048576" percent="85" />
    <remembered-set count="7648" freebytes="806528" totalbytes="837120" percent="96" regionsoverflowed="0" regionsstable="0" regionsrebuilding="1"/>
  </mem-info>
</gc-end>
<cycle-end id="192" type="partial gc" contextid="185" timestamp="2019-07-03T01:06:38.146">
  <attribute name="GC Util" value="70" />
  <attribute name="CPU Util" value="89630840678024" />
  <attribute name="Time Running"value="30364"/>
  <attribute name="Number of cores"value="4"/>
</cycle-end>
<exclusive-end id="193" timestamp="2019-07-03T01:06:38.146" durationms="3.519" />

<exclusive-start id="194" timestamp="2019-07-03T01:06:41.112" intervalms="2969.099">
  <response-info timems="0.043" idlems="0.043" threads="0" lastid="0000000001ADD400" lastname="node-23" />
</exclusive-start>
<allocation-taxation id="195" taxation-threshold="4194304" timestamp="2019-07-03T01:06:41.112" intervalms="2969.092" />
<gc-start id="196" type="global mark phase" contextid="174" timestamp="2019-07-03T01:06:41.112">
  <mem-info id="197" free="5242880" total="20971520" percent="25">
    <remembered-set count="7328" freebytes="807808" totalbytes="837120" percent="96" regionsoverflowed="0" regionsstable="0" regionsrebuilding="1"/>
  </mem-info>
</gc-start>
<gc-op id="198" type="mark increment" timems="1.171" contextid="174" timestamp="2019-07-03T01:06:41.113">
  <trace-info objectcount="5237" scancount="5194" scanbytes="147768" />
  <cardclean-info objects="1624" bytes="73068" />
  <finalization candidates="18" enqueued="0" />
  <references type="soft" candidates="66" cleared="0" enqueued="0" dynamicThreshold="14" maxThreshold="32" />
  <references type="weak" candidates="165" cleared="0" enqueued="0" />
  <references type="phantom" candidates="57" cleared="0" enqueued="0" />
  <stringconstants candidates="3825" cleared="0"  />
</gc-op>
<gc-op id="199" type="classunload" timems="0.003" contextid="174" timestamp="2019-07-03T01:06:41.114">
  <classunload-info classloadercandidates="6" classloadersunloaded="0" classesunloaded="0" anonymousclassesunloaded="0" quiescems="0.000" setupms="0.003" scanms="0.000" postms="0.000" />
</gc-op>
<gc-end id="200" type="global mark phase" contextid="174" durationms="1.452" usertimems="0.000" systemtimems="0.000" timestamp="2019-07-03T01:06:41.114" activeThreads="4">
  <mem-info id="201" free="5242880" total="20971520" percent="25">
    <remembered-set count="7840" freebytes="805760" totalbytes="837120" percent="96" regionsoverflowed="0" regionsstable="0" regionsrebuilding="0"/>
  </mem-info>
</gc-end>
<cycle-end id="202" type="global mark phase" contextid="174" timestamp="2019-07-03T01:06:41.114">
  <attribute name="GC Util" value="34" />
  <attribute name="CPU Util" value="57534960787439" />
  <attribute name="Time Running"value="33333"/>
  <attribute name="Number of cores"value="4"/>
</cycle-end>
<exclusive-end id="203" timestamp="2019-07-03T01:06:41.114" durationms="1.938" />

<exclusive-start id="204" timestamp="2019-07-03T01:06:44.553" intervalms="3440.527">
  <response-info timems="0.035" idlems="0.035" threads="0" lastid="0000000001AE1000" lastname="node-10" />
</exclusive-start>
<allocation-taxation id="205" taxation-threshold="4194304" timestamp="2019-07-03T01:06:44.553" intervalms="3440.534" />
<cycle-start id="206" type="partial gc" contextid="0" timestamp="2019-07-03T01:06:44.553" intervalms="6409.612" />
  <attribute name="GC Util" value="34" />
  <attribute name="CPU Util" value="57534960787439" />
  <attribute name="Time Running"value="33333"/>
  <attribute name="Number of cores"value="4"/>
<gc-start id="207" type="partial gc" contextid="206" timestamp="2019-07-03T01:06:44.553">
  <mem-info id="208" free="1048576" total="20971520" percent="5">
    <mem type="eden" free="0" total="8388608" percent="0" />
    <remembered-set count="6368" freebytes="811648" totalbytes="837120" percent="96" regionsoverflowed="0" regionsstable="1" regionsrebuilding="0"/>
  </mem-info>
</gc-start>
<allocation-stats totalBytes="8382512" >
  <allocated-bytes non-tlh="0" tlh="8382512" arrayletleaf="0"/>
  <largest-consumer threadName="node-7" threadId="0000000001AFB300" bytes="237544" />
</allocation-stats>
<gc-op id="209" type="sweep" timems="0.439" contextid="206" timestamp="2019-07-03T01:06:44.554" />
<gc-op id="210" type="copy forward" timems="1.649" contextid="206" timestamp="2019-07-03T01:06:44.556">
  <memory-copied type="eden" objects="3635" bytes="90104" bytesdiscarded="6119" />
  <memory-copied type="other" objects="5030" bytes="120720" bytesdiscarded="1769" />
  <memory-cardclean objects="1437" bytes="91648" />
  <remembered-set-cleared processed="4598" cleared="417" durationms="0.100" />
  <stringconstants candidates="3825" cleared="0"  />
</gc-op>
<gc-op id="211" type="classunload" timems="0.002" contextid="206" timestamp="2019-07-03T01:06:44.556">
  <classunload-info classloadercandidates="6" classloadersunloaded="0" classesunloaded="0" anonymousclassesunloaded="0" quiescems="0.000" setupms="0.002" scanms="0.000" postms="0.000" />
</gc-op>
<gc-end id="212" type="partial gc" contextid="206" durationms="3.052" usertimems="4.000" systemtimems="0.000" timestamp="2019-07-03T01:06:44.556" activeThreads="4">
  <mem-info id="213" free="10485760" total="20971520" percent="50">
    <mem type="eden" free="890680" total="1048576" percent="84" />
    <remembered-set count="6720" freebytes="810240" totalbytes="837120" percent="96" regionsoverflowed="0" regionsstable="1" regionsrebuilding="0"/>
  </mem-info>
</gc-end>
<cycle-end id="214" type="partial gc" contextid="206" timestamp="2019-07-03T01:06:44.556">
  <attribute name="GC Util" value="67" />
  <attribute name="CPU Util" value="111255656086990" />
  <attribute name="Time Running"value="36774"/>
  <attribute name="Number of cores"value="4"/>
</cycle-end>
<exclusive-end id="215" timestamp="2019-07-03T01:06:44.556" durationms="3.838" />

<exclusive-start id="216" timestamp="2019-07-03T01:06:48.471" intervalms="3918.858">
  <response-info timems="0.033" idlems="0.033" threads="0" lastid="0000000001AE1000" lastname="node-10" />
</exclusive-start>
<allocation-taxation id="217" taxation-threshold="5242880" timestamp="2019-07-03T01:06:48.472" intervalms="3918.858" />
<cycle-start id="218" type="global mark phase" contextid="0" timestamp="2019-07-03T01:06:48.472" intervalms="13295.696" />
  <attribute name="GC Util" value="67" />
  <attribute name="CPU Util" value="111255656086990" />
  <attribute name="Time Running"value="36774"/>
  <attribute name="Number of cores"value="4"/>
<gc-start id="219" type="global mark phase" contextid="218" timestamp="2019-07-03T01:06:48.472">
  <mem-info id="220" free="5242880" total="20971520" percent="25">
    <remembered-set count="6336" freebytes="811776" totalbytes="837120" percent="96" regionsoverflowed="0" regionsstable="1" regionsrebuilding="0"/>
  </mem-info>
</gc-start>
<gc-op id="221" type="mark increment" timems="0.361" contextid="218" timestamp="2019-07-03T01:06:48.472">
  <trace-info objectcount="311" scancount="0" scanbytes="0" />
</gc-op>
<gc-end id="222" type="global mark phase" contextid="218" durationms="0.456" usertimems="0.000" systemtimems="0.000" timestamp="2019-07-03T01:06:48.472" activeThreads="4">
  <mem-info id="223" free="5242880" total="20971520" percent="25">
    <remembered-set count="6336" freebytes="811776" totalbytes="837120" percent="96" regionsoverflowed="0" regionsstable="0" regionsrebuilding="1"/>
  </mem-info>
</gc-end>
<concurrent-start id="224" type="GMP work packet processing" contextid="218" timestamp="2019-07-03T01:06:48.472">
  <concurrent-mark-start scanTarget="18446744073709551615" />
</concurrent-start>
<exclusive-end id="225" timestamp="2019-07-03T01:06:48.474" durationms="3.024" />

<concurrent-end id="226" type="GMP work packet processing" contextid="218" timestamp="2019-07-03T01:06:48.475">
  <concurrent-mark-end bytesScanned="5310812" reasonForTermination="Completed all work in GC phase" />
</concurrent-end>

<exclusive-start id="227" timestamp="2019-07-03T01:06:51.795" intervalms="3324.059">
  <response-info timems="0.044" idlems="0.044" threads="0" lastid="0000000001AAC900" lastname="node-15" />
</exclusive-start>
<allocation-taxation id="228" taxation-threshold="5242880" timestamp="2019-07-03T01:06:51.796" intervalms="3324.064" />
<cycle-start id="229" type="partial gc" contextid="0" timestamp="2019-07-03T01:06:51.796" intervalms="7242.926" />
  <attribute name="GC Util" value="216" />
  <attribute name="CPU Util" value="50208474228397" />
  <attribute name="Time Running"value="40692"/>
  <attribute name="Number of cores"value="4"/>
<gc-start id="230" type="partial gc" contextid="229" timestamp="2019-07-03T01:06:51.796">
  <mem-info id="231" free="0" total="20971520" percent="0">
    <mem type="eden" free="0" total="10485760" percent="0" />
    <remembered-set count="6976" freebytes="809216" totalbytes="837120" percent="96" regionsoverflowed="0" regionsstable="0" regionsrebuilding="1"/>
  </mem-info>
</gc-start>
<allocation-stats totalBytes="10477808" >
  <allocated-bytes non-tlh="0" tlh="10477808" arrayletleaf="0"/>
  <largest-consumer threadName="node-7" threadId="0000000001AFB300" bytes="253936" />
</allocation-stats>
<gc-op id="232" type="mark" timems="2.060" contextid="229" timestamp="2019-07-03T01:06:51.798">
  <trace-info objectcount="12741" scancount="12715" scanbytes="328288" />
  <cardclean-info objects="1584" bytes="72356" />
  <remembered-set-cleared processed="5519" cleared="466" durationms="0.076" />
  <stringconstants candidates="3825" cleared="0"  />
  <warning details="Mark invoked due to insufficient free space for Copy-Forward" />
</gc-op>
<gc-op id="233" type="classunload" timems="0.001" contextid="229" timestamp="2019-07-03T01:06:51.798">
  <classunload-info classloadercandidates="6" classloadersunloaded="0" classesunloaded="0" anonymousclassesunloaded="0" quiescems="0.000" setupms="0.001" scanms="0.000" postms="0.000" />
</gc-op>
<gc-op id="234" type="sweep" timems="0.360" contextid="229" timestamp="2019-07-03T01:06:51.799" />
<gc-op id="235" type="compact" timems="1.496" contextid="229" timestamp="2019-07-03T01:06:51.801">
  <compact-info movecount="12741" movebytes="308656" />
  <remembered-set-cleared processed="11172" cleared="1020" durationms="0.076" />
</gc-op>
<gc-end id="236" type="partial gc" contextid="229" durationms="5.100" usertimems="8.000" systemtimems="0.000" timestamp="2019-07-03T01:06:51.801" activeThreads="4">
  <mem-info id="237" free="9437184" total="20971520" percent="45">
    <mem type="eden" free="883584" total="1048576" percent="84" />
    <remembered-set count="7744" freebytes="806144" totalbytes="837120" percent="96" regionsoverflowed="0" regionsstable="0" regionsrebuilding="1"/>
  </mem-info>
</gc-end>
<cycle-end id="238" type="partial gc" contextid="229" timestamp="2019-07-03T01:06:51.801">
  <attribute name="GC Util" value="36" />
  <attribute name="CPU Util" value="29546322324852" />
  <attribute name="Time Running"value="44019"/>
  <attribute name="Number of cores"value="4"/>
</cycle-end>
<exclusive-end id="239" timestamp="2019-07-03T01:06:51.801" durationms="5.967" />

<exclusive-start id="240" timestamp="2019-07-03T01:06:55.151" intervalms="3355.737">
  <response-info timems="0.065" idlems="0.065" threads="0" lastid="0000000001AF3B00" lastname="node-14" />
</exclusive-start>
<allocation-taxation id="241" taxation-threshold="4194304" timestamp="2019-07-03T01:06:55.151" intervalms="3355.759" />
<gc-start id="242" type="global mark phase" contextid="218" timestamp="2019-07-03T01:06:55.151">
  <mem-info id="243" free="5242880" total="20971520" percent="25">
    <remembered-set count="7360" freebytes="807680" totalbytes="837120" percent="96" regionsoverflowed="0" regionsstable="0" regionsrebuilding="1"/>
  </mem-info>
</gc-start>
<gc-op id="244" type="mark increment" timems="1.361" contextid="218" timestamp="2019-07-03T01:06:55.153">
  <trace-info objectcount="5906" scancount="5883" scanbytes="164320" />
  <cardclean-info objects="1504" bytes="69424" />
  <finalization candidates="18" enqueued="0" />
  <references type="soft" candidates="66" cleared="0" enqueued="0" dynamicThreshold="14" maxThreshold="32" />
  <references type="weak" candidates="165" cleared="0" enqueued="0" />
  <references type="phantom" candidates="57" cleared="0" enqueued="0" />
  <stringconstants candidates="3825" cleared="0"  />
</gc-op>
<gc-op id="245" type="classunload" timems="0.003" contextid="218" timestamp="2019-07-03T01:06:55.153">
  <classunload-info classloadercandidates="6" classloadersunloaded="0" classesunloaded="0" anonymousclassesunloaded="0" quiescems="0.000" setupms="0.003" scanms="0.000" postms="0.000" />
</gc-op>
<gc-end id="246" type="global mark phase" contextid="218" durationms="1.651" usertimems="4.000" systemtimems="0.000" timestamp="2019-07-03T01:06:55.153" activeThreads="4">
  <mem-info id="247" free="5242880" total="20971520" percent="25">
    <remembered-set count="7872" freebytes="805632" totalbytes="837120" percent="96" regionsoverflowed="0" regionsstable="0" regionsrebuilding="0"/>
  </mem-info>
</gc-end>
<cycle-end id="248" type="global mark phase" contextid="218" timestamp="2019-07-03T01:06:55.153">
  <attribute name="GC Util" value="32" />
  <attribute name="CPU Util" value="48930225796179" />
  <attribute name="Time Running"value="47372"/>
  <attribute name="Number of cores"value="4"/>
</cycle-end>
<exclusive-end id="249" timestamp="2019-07-03T01:06:55.153" durationms="2.156" />

<exclusive-start id="250" timestamp="2019-07-03T01:06:58.408" intervalms="3256.606">
  <response-info timems="0.031" idlems="0.031" threads="0" lastid="0000000001AD5C00" lastname="node-11" />
</exclusive-start>
<allocation-taxation id="251" taxation-threshold="4194304" timestamp="2019-07-03T01:06:58.408" intervalms="3256.575" />
<cycle-start id="252" type="partial gc" contextid="0" timestamp="2019-07-03T01:06:58.408" intervalms="6612.326" />
  <attribute name="GC Util" value="32" />
  <attribute name="CPU Util" value="48930225796179" />
  <attribute name="Time Running"value="47372"/>
  <attribute name="Number of cores"value="4"/>
<gc-start id="253" type="partial gc" contextid="252" timestamp="2019-07-03T01:06:58.408">
  <mem-info id="254" free="1048576" total="20971520" percent="5">
    <mem type="eden" free="883584" total="9437184" percent="9" />
    <remembered-set count="6400" freebytes="811520" totalbytes="837120" percent="96" regionsoverflowed="0" regionsstable="1" regionsrebuilding="0"/>
  </mem-info>
</gc-start>
<allocation-stats totalBytes="8382072" >
  <allocated-bytes non-tlh="0" tlh="8382072" arrayletleaf="0"/>
  <largest-consumer threadName="node-15" threadId="0000000001AAC900" bytes="237536" />
</allocation-stats>
<gc-op id="255" type="sweep" timems="0.433" contextid="252" timestamp="2019-07-03T01:06:58.409" />
<gc-op id="256" type="copy forward" timems="2.020" contextid="252" timestamp="2019-07-03T01:06:58.411">
  <memory-copied type="eden" objects="2910" bytes="71552" bytesdiscarded="18121" />
  <memory-copied type="other" objects="5766" bytes="138384" bytesdiscarded="1911" />
  <memory-cardclean objects="1437" bytes="91040" />
  <remembered-set-cleared processed="4686" cleared="490" durationms="0.084" />
  <stringconstants candidates="3825" cleared="0"  />
</gc-op>
<gc-op id="257" type="classunload" timems="0.002" contextid="252" timestamp="2019-07-03T01:06:58.411">
  <classunload-info classloadercandidates="6" classloadersunloaded="0" classesunloaded="0" anonymousclassesunloaded="0" quiescems="0.000" setupms="0.002" scanms="0.000" postms="0.000" />
</gc-op>
<gc-end id="258" type="partial gc" contextid="252" durationms="3.531" usertimems="4.000" systemtimems="0.000" timestamp="2019-07-03T01:06:58.412" activeThreads="4">
  <mem-info id="259" free="10485760" total="20971520" percent="50">
    <mem type="eden" free="1867184" total="2097152" percent="89" />
    <remembered-set count="6752" freebytes="810112" totalbytes="837120" percent="96" regionsoverflowed="0" regionsstable="1" regionsrebuilding="0"/>
  </mem-info>
</gc-end>
<cycle-end id="260" type="partial gc" contextid="252" timestamp="2019-07-03T01:06:58.412">
  <attribute name="GC Util" value="61" />
  <attribute name="CPU Util" value="79653625009682" />
  <attribute name="Time Running"value="50629"/>
  <attribute name="Number of cores"value="4"/>
</cycle-end>
<exclusive-end id="261" timestamp="2019-07-03T01:06:58.412" durationms="4.202" />

<exclusive-start id="262" timestamp="2019-07-03T01:07:02.275" intervalms="3867.651">
  <response-info timems="0.038" idlems="0.038" threads="0" lastid="0000000001AEC300" lastname="node-24" />
</exclusive-start>
<allocation-taxation id="263" taxation-threshold="5242880" timestamp="2019-07-03T01:07:02.276" intervalms="3867.660" />
<cycle-start id="264" type="global mark phase" contextid="0" timestamp="2019-07-03T01:07:02.276" intervalms="13804.120" />
  <attribute name="GC Util" value="61" />
  <attribute name="CPU Util" value="79653625009682" />
  <attribute name="Time Running"value="50629"/>
  <attribute name="Number of cores"value="4"/>
<gc-start id="265" type="global mark phase" contextid="264" timestamp="2019-07-03T01:07:02.276">
  <mem-info id="266" free="5242880" total="20971520" percent="25">
    <remembered-set count="6304" freebytes="811904" totalbytes="837120" percent="96" regionsoverflowed="0" regionsstable="1" regionsrebuilding="0"/>
  </mem-info>
</gc-start>
<gc-op id="267" type="mark increment" timems="0.530" contextid="264" timestamp="2019-07-03T01:07:02.276">
  <trace-info objectcount="410" scancount="0" scanbytes="0" />
</gc-op>
<gc-end id="268" type="global mark phase" contextid="264" durationms="0.739" usertimems="4.000" systemtimems="0.000" timestamp="2019-07-03T01:07:02.277" activeThreads="4">
  <mem-info id="269" free="5242880" total="20971520" percent="25">
    <remembered-set count="6304" freebytes="811904" totalbytes="837120" percent="96" regionsoverflowed="0" regionsstable="0" regionsrebuilding="1"/>
  </mem-info>
</gc-end>
<concurrent-start id="270" type="GMP work packet processing" contextid="264" timestamp="2019-07-03T01:07:02.277">
  <concurrent-mark-start scanTarget="18446744073709551615" />
</concurrent-start>
<exclusive-end id="271" timestamp="2019-07-03T01:07:02.277" durationms="1.336" />

<concurrent-end id="272" type="GMP work packet processing" contextid="264" timestamp="2019-07-03T01:07:02.280">
  <concurrent-mark-end bytesScanned="5306660" reasonForTermination="Completed all work in GC phase" />
</concurrent-end>

<exclusive-start id="273" timestamp="2019-07-03T01:07:05.555" intervalms="3279.047">
  <response-info timems="0.032" idlems="0.032" threads="0" lastid="0000000001B02B00" lastname="node-19" />
</exclusive-start>
<allocation-taxation id="274" taxation-threshold="5242880" timestamp="2019-07-03T01:07:05.555" intervalms="3279.052" />
<cycle-start id="275" type="partial gc" contextid="0" timestamp="2019-07-03T01:07:05.555" intervalms="7146.713" />
  <attribute name="GC Util" value="186" />
  <attribute name="CPU Util" value="32368387532070" />
  <attribute name="Time Running"value="54497"/>
  <attribute name="Number of cores"value="4"/>
<gc-start id="276" type="partial gc" contextid="275" timestamp="2019-07-03T01:07:05.555">
  <mem-info id="277" free="0" total="20971520" percent="0">
    <mem type="eden" free="0" total="10485760" percent="0" />
    <remembered-set count="6944" freebytes="809344" totalbytes="837120" percent="96" regionsoverflowed="0" regionsstable="0" regionsrebuilding="1"/>
  </mem-info>
</gc-start>
<allocation-stats totalBytes="10481760" >
  <allocated-bytes non-tlh="0" tlh="10481760" arrayletleaf="0"/>
  <largest-consumer threadName="node-7" threadId="0000000001AFB300" bytes="270288" />
</allocation-stats>
<gc-op id="278" type="mark" timems="1.648" contextid="275" timestamp="2019-07-03T01:07:05.557">
  <trace-info objectcount="12524" scancount="12501" scanbytes="323152" />
  <cardclean-info objects="1568" bytes="72396" />
  <remembered-set-cleared processed="5509" cleared="458" durationms="0.071" />
  <stringconstants candidates="3825" cleared="0"  />
  <warning details="Mark invoked due to insufficient free space for Copy-Forward" />
</gc-op>
<gc-op id="279" type="classunload" timems="0.002" contextid="275" timestamp="2019-07-03T01:07:05.557">
  <classunload-info classloadercandidates="6" classloadersunloaded="0" classesunloaded="0" anonymousclassesunloaded="0" quiescems="0.000" setupms="0.002" scanms="0.000" postms="0.000" />
</gc-op>
<gc-op id="280" type="sweep" timems="0.576" contextid="275" timestamp="2019-07-03T01:07:05.558" />
<gc-op id="281" type="compact" timems="1.349" contextid="275" timestamp="2019-07-03T01:07:05.559">
  <compact-info movecount="12523" movebytes="302264" />
  <remembered-set-cleared processed="11148" cleared="997" durationms="0.071" />
</gc-op>
<gc-end id="282" type="partial gc" contextid="275" durationms="4.660" usertimems="8.000" systemtimems="0.000" timestamp="2019-07-03T01:07:05.560" activeThreads="4">
  <mem-info id="283" free="9437184" total="20971520" percent="45">
    <mem type="eden" free="880568" total="1048576" percent="83" />
    <remembered-set count="7712" freebytes="806272" totalbytes="837120" percent="96" regionsoverflowed="0" regionsstable="0" regionsrebuilding="1"/>
  </mem-info>
</gc-end>
<cycle-end id="284" type="partial gc" contextid="275" timestamp="2019-07-03T01:07:05.560">
  <attribute name="GC Util" value="39" />
  <attribute name="CPU Util" value="22968107982202" />
  <attribute name="Time Running"value="57778"/>
  <attribute name="Number of cores"value="4"/>
</cycle-end>
<exclusive-end id="285" timestamp="2019-07-03T01:07:05.560" durationms="5.238" />

<exclusive-start id="286" timestamp="2019-07-03T01:07:09.022" intervalms="3467.261">
  <response-info timems="0.031" idlems="0.031" threads="0" lastid="0000000001AD5C00" lastname="node-11" />
</exclusive-start>
<allocation-taxation id="287" taxation-threshold="4194304" timestamp="2019-07-03T01:07:09.022" intervalms="3467.246" />
<gc-start id="288" type="global mark phase" contextid="264" timestamp="2019-07-03T01:07:09.022">
  <mem-info id="289" free="5242880" total="20971520" percent="25">
    <remembered-set count="7648" freebytes="806528" totalbytes="837120" percent="96" regionsoverflowed="0" regionsstable="0" regionsrebuilding="1"/>
  </mem-info>
</gc-start>
<gc-op id="290" type="mark increment" timems="1.267" contextid="264" timestamp="2019-07-03T01:07:09.023">
  <trace-info objectcount="6238" scancount="6195" scanbytes="171800" />
  <cardclean-info objects="1486" bytes="68424" />
  <finalization candidates="18" enqueued="0" />
  <references type="soft" candidates="66" cleared="0" enqueued="0" dynamicThreshold="14" maxThreshold="32" />
  <references type="weak" candidates="165" cleared="0" enqueued="0" />
  <references type="phantom" candidates="57" cleared="0" enqueued="0" />
  <stringconstants candidates="3825" cleared="0"  />
</gc-op>
<gc-op id="291" type="classunload" timems="0.003" contextid="264" timestamp="2019-07-03T01:07:09.023">
  <classunload-info classloadercandidates="6" classloadersunloaded="0" classesunloaded="0" anonymousclassesunloaded="0" quiescems="0.000" setupms="0.003" scanms="0.000" postms="0.000" />
</gc-op>
<gc-end id="292" type="global mark phase" contextid="264" durationms="1.517" usertimems="0.000" systemtimems="0.000" timestamp="2019-07-03T01:07:09.023" activeThreads="4">
  <mem-info id="293" free="5242880" total="20971520" percent="25">
    <remembered-set count="8160" freebytes="804480" totalbytes="837120" percent="96" regionsoverflowed="0" regionsstable="0" regionsrebuilding="0"/>
  </mem-info>
</gc-end>
<cycle-end id="294" type="global mark phase" contextid="264" timestamp="2019-07-03T01:07:09.024">
  <attribute name="GC Util" value="26" />
  <attribute name="CPU Util" value="49598287959731" />
  <attribute name="Time Running"value="61243"/>
  <attribute name="Number of cores"value="4"/>
</cycle-end>
<exclusive-end id="295" timestamp="2019-07-03T01:07:09.024" durationms="1.969" />

<exclusive-start id="296" timestamp="2019-07-03T01:07:12.281" intervalms="3259.257">
  <response-info timems="0.030" idlems="0.030" threads="0" lastid="0000000001AB7D00" lastname="node-16" />
</exclusive-start>
<allocation-taxation id="297" taxation-threshold="4194304" timestamp="2019-07-03T01:07:12.281" intervalms="3259.236" />
<cycle-start id="298" type="partial gc" contextid="0" timestamp="2019-07-03T01:07:12.281" intervalms="6726.593" />
  <attribute name="GC Util" value="26" />
  <attribute name="CPU Util" value="49598287959731" />
  <attribute name="Time Running"value="61243"/>
  <attribute name="Number of cores"value="4"/>
<gc-start id="299" type="partial gc" contextid="298" timestamp="2019-07-03T01:07:12.282">
  <mem-info id="300" free="1048576" total="20971520" percent="5">
    <mem type="eden" free="880568" total="9437184" percent="9" />
    <remembered-set count="6656" freebytes="810496" totalbytes="837120" percent="96" regionsoverflowed="0" regionsstable="1" regionsrebuilding="0"/>
  </mem-info>
</gc-start>
<allocation-stats totalBytes="8383536" >
  <allocated-bytes non-tlh="0" tlh="8383536" arrayletleaf="0"/>
  <largest-consumer threadName="node-15" threadId="0000000001AAC900" bytes="237336" />
</allocation-stats>
<gc-op id="301" type="sweep" timems="0.481" contextid="298" timestamp="2019-07-03T01:07:12.282" />
<gc-op id="302" type="copy forward" timems="1.681" contextid="298" timestamp="2019-07-03T01:07:12.284">
  <memory-copied type="eden" objects="3103" bytes="76192" bytesdiscarded="17121" />
  <memory-copied type="other" objects="6056" bytes="145344" bytesdiscarded="1839" />
  <memory-cardclean objects="1455" bytes="91696" />
  <remembered-set-cleared processed="4695" cleared="495" durationms="0.073" />
  <stringconstants candidates="3825" cleared="0"  />
</gc-op>
<gc-op id="303" type="classunload" timems="0.001" contextid="298" timestamp="2019-07-03T01:07:12.285">
  <classunload-info classloadercandidates="6" classloadersunloaded="0" classesunloaded="0" anonymousclassesunloaded="0" quiescems="0.000" setupms="0.001" scanms="0.000" postms="0.000" />
</gc-op>
<gc-end id="304" type="partial gc" contextid="298" durationms="3.271" usertimems="0.000" systemtimems="4.000" timestamp="2019-07-03T01:07:12.285" activeThreads="4">
  <mem-info id="305" free="10485760" total="20971520" percent="50">
    <mem type="eden" free="1856656" total="2097152" percent="88" />
    <remembered-set count="6720" freebytes="810240" totalbytes="837120" percent="96" regionsoverflowed="0" regionsstable="1" regionsrebuilding="0"/>
  </mem-info>
</gc-end>
<cycle-end id="306" type="partial gc" contextid="298" timestamp="2019-07-03T01:07:12.285">
  <attribute name="GC Util" value="54" />
  <attribute name="CPU Util" value="92599488241581" />
  <attribute name="Time Running"value="64503"/>
  <attribute name="Number of cores"value="4"/>
</cycle-end>
<exclusive-end id="307" timestamp="2019-07-03T01:07:12.285" durationms="4.067" />

<exclusive-start id="308" timestamp="2019-07-03T01:07:16.213" intervalms="3932.274">
  <response-info timems="0.076" idlems="0.076" threads="0" lastid="0000000001AE8800" lastname="node-20" />
</exclusive-start>
<allocation-taxation id="309" taxation-threshold="5242880" timestamp="2019-07-03T01:07:16.213" intervalms="3932.289" />
<cycle-start id="310" type="global mark phase" contextid="0" timestamp="2019-07-03T01:07:16.214" intervalms="13937.786" />
  <attribute name="GC Util" value="54" />
  <attribute name="CPU Util" value="92599488241581" />
  <attribute name="Time Running"value="64503"/>
  <attribute name="Number of cores"value="4"/>
<gc-start id="311" type="global mark phase" contextid="310" timestamp="2019-07-03T01:07:16.214">
  <mem-info id="312" free="5242880" total="20971520" percent="25">
    <remembered-set count="6272" freebytes="812032" totalbytes="837120" percent="97" regionsoverflowed="0" regionsstable="1" regionsrebuilding="0"/>
  </mem-info>
</gc-start>
<gc-op id="313" type="mark increment" timems="0.436" contextid="310" timestamp="2019-07-03T01:07:16.214">
  <trace-info objectcount="467" scancount="0" scanbytes="0" />
</gc-op>
<gc-end id="314" type="global mark phase" contextid="310" durationms="0.643" usertimems="0.000" systemtimems="0.000" timestamp="2019-07-03T01:07:16.214" activeThreads="4">
  <mem-info id="315" free="5242880" total="20971520" percent="25">
    <remembered-set count="6272" freebytes="812032" totalbytes="837120" percent="97" regionsoverflowed="0" regionsstable="0" regionsrebuilding="1"/>
  </mem-info>
</gc-end>
<concurrent-start id="316" type="GMP work packet processing" contextid="310" timestamp="2019-07-03T01:07:16.214">
  <concurrent-mark-start scanTarget="18446744073709551615" />
</concurrent-start>
<exclusive-end id="317" timestamp="2019-07-03T01:07:16.217" durationms="3.850" />

<concurrent-end id="318" type="GMP work packet processing" contextid="310" timestamp="2019-07-03T01:07:16.217">
  <concurrent-mark-end bytesScanned="5302804" reasonForTermination="Completed all work in GC phase" />
</concurrent-end>

<exclusive-start id="319" timestamp="2019-07-03T01:07:20.148" intervalms="3934.323">
  <response-info timems="0.033" idlems="0.033" threads="0" lastid="0000000001ABB900" lastname="node-5" />
</exclusive-start>
<allocation-taxation id="320" taxation-threshold="5242880" timestamp="2019-07-03T01:07:20.148" intervalms="3934.327" />
<cycle-start id="321" type="partial gc" contextid="0" timestamp="2019-07-03T01:07:20.148" intervalms="7866.506" />
  <attribute name="GC Util" value="139" />
  <attribute name="CPU Util" value="29942416093016" />
  <attribute name="Time Running"value="68435"/>
  <attribute name="Number of cores"value="4"/>
<gc-start id="322" type="partial gc" contextid="321" timestamp="2019-07-03T01:07:20.148">
  <mem-info id="323" free="0" total="20971520" percent="0">
    <mem type="eden" free="0" total="10485760" percent="0" />
    <remembered-set count="6432" freebytes="811392" totalbytes="837120" percent="96" regionsoverflowed="0" regionsstable="0" regionsrebuilding="1"/>
  </mem-info>
</gc-start>
<allocation-stats totalBytes="10476576" >
  <allocated-bytes non-tlh="0" tlh="10476576" arrayletleaf="0"/>
  <largest-consumer threadName="node-9" threadId="0000000001ABF500" bytes="270328" />
</allocation-stats>
<gc-op id="324" type="mark" timems="1.646" contextid="321" timestamp="2019-07-03T01:07:20.150">
  <trace-info objectcount="13025" scancount="13002" scanbytes="335176" />
  <cardclean-info objects="1548" bytes="71004" />
  <remembered-set-cleared processed="5518" cleared="455" durationms="0.076" />
  <stringconstants candidates="3825" cleared="0"  />
  <warning details="Mark invoked due to insufficient free space for Copy-Forward" />
</gc-op>
<gc-op id="325" type="classunload" timems="0.002" contextid="321" timestamp="2019-07-03T01:07:20.150">
  <classunload-info classloadercandidates="6" classloadersunloaded="0" classesunloaded="0" anonymousclassesunloaded="0" quiescems="0.000" setupms="0.002" scanms="0.000" postms="0.000" />
</gc-op>
<gc-op id="326" type="sweep" timems="0.345" contextid="321" timestamp="2019-07-03T01:07:20.151" />
<gc-op id="327" type="compact" timems="1.382" contextid="321" timestamp="2019-07-03T01:07:20.152">
  <compact-info movecount="13024" movebytes="314288" />
  <remembered-set-cleared processed="11171" cleared="952" durationms="0.076" />
</gc-op>
<gc-end id="328" type="partial gc" contextid="321" durationms="4.469" usertimems="8.000" systemtimems="0.000" timestamp="2019-07-03T01:07:20.152" activeThreads="4">
  <mem-info id="329" free="9437184" total="20971520" percent="45">
    <mem type="eden" free="880640" total="1048576" percent="83" />
    <remembered-set count="7840" freebytes="805760" totalbytes="837120" percent="96" regionsoverflowed="0" regionsstable="0" regionsrebuilding="1"/>
  </mem-info>
</gc-end>
<cycle-end id="330" type="partial gc" contextid="321" timestamp="2019-07-03T01:07:20.153">
  <attribute name="GC Util" value="46" />
  <attribute name="CPU Util" value="32609050212707" />
  <attribute name="Time Running"value="72371"/>
  <attribute name="Number of cores"value="4"/>
</cycle-end>
<exclusive-end id="331" timestamp="2019-07-03T01:07:20.153" durationms="5.114" />

<exclusive-start id="332" timestamp="2019-07-03T01:07:23.448" intervalms="3300.596">
  <response-info timems="0.030" idlems="0.030" threads="0" lastid="0000000001ADD400" lastname="node-23" />
</exclusive-start>
<allocation-taxation id="333" taxation-threshold="4194304" timestamp="2019-07-03T01:07:23.448" intervalms="3300.632" />
<gc-start id="334" type="global mark phase" contextid="310" timestamp="2019-07-03T01:07:23.448">
  <mem-info id="335" free="5242880" total="20971520" percent="25">
    <remembered-set count="7456" freebytes="807296" totalbytes="837120" percent="96" regionsoverflowed="0" regionsstable="0" regionsrebuilding="1"/>
  </mem-info>
</gc-start>
<gc-op id="336" type="mark increment" timems="1.527" contextid="310" timestamp="2019-07-03T01:07:23.450">
  <trace-info objectcount="7274" scancount="7251" scanbytes="197160" />
  <cardclean-info objects="1493" bytes="68132" />
  <finalization candidates="18" enqueued="0" />
  <references type="soft" candidates="66" cleared="0" enqueued="0" dynamicThreshold="14" maxThreshold="32" />
  <references type="weak" candidates="165" cleared="0" enqueued="0" />
  <references type="phantom" candidates="57" cleared="0" enqueued="0" />
  <stringconstants candidates="3825" cleared="0"  />
</gc-op>
<gc-op id="337" type="classunload" timems="0.003" contextid="310" timestamp="2019-07-03T01:07:23.450">
  <classunload-info classloadercandidates="6" classloadersunloaded="0" classesunloaded="0" anonymousclassesunloaded="0" quiescems="0.000" setupms="0.002" scanms="0.000" postms="0.000" />
</gc-op>
<gc-end id="338" type="global mark phase" contextid="310" durationms="1.814" usertimems="4.000" systemtimems="0.000" timestamp="2019-07-03T01:07:23.450" activeThreads="4">
  <mem-info id="339" free="5242880" total="20971520" percent="25">
    <remembered-set count="7968" freebytes="805248" totalbytes="837120" percent="96" regionsoverflowed="0" regionsstable="0" regionsrebuilding="0"/>
  </mem-info>
</gc-end>
<cycle-end id="340" type="global mark phase" contextid="310" timestamp="2019-07-03T01:07:23.450">
  <attribute name="GC Util" value="86" />
  <attribute name="CPU Util" value="33226001999998" />
  <attribute name="Time Running"value="75669"/>
  <attribute name="Number of cores"value="4"/>
</cycle-end>
<exclusive-end id="341" timestamp="2019-07-03T01:07:23.451" durationms="2.297" />

<exclusive-start id="342" timestamp="2019-07-03T01:07:26.576" intervalms="3127.558">
  <response-info timems="0.033" idlems="0.033" threads="0" lastid="0000000001AE1000" lastname="node-10" />
</exclusive-start>
<allocation-taxation id="343" taxation-threshold="4194304" timestamp="2019-07-03T01:07:26.576" intervalms="3127.526" />
<cycle-start id="344" type="partial gc" contextid="0" timestamp="2019-07-03T01:07:26.576" intervalms="6428.153" />
  <attribute name="GC Util" value="86" />
  <attribute name="CPU Util" value="33226001999998" />
  <attribute name="Time Running"value="75669"/>
  <attribute name="Number of cores"value="4"/>
<gc-start id="345" type="partial gc" contextid="344" timestamp="2019-07-03T01:07:26.576">
  <mem-info id="346" free="1048576" total="20971520" percent="5">
    <mem type="eden" free="880640" total="9437184" percent="9" />
    <remembered-set count="6496" freebytes="811136" totalbytes="837120" percent="96" regionsoverflowed="0" regionsstable="1" regionsrebuilding="0"/>
  </mem-info>
</gc-start>
<allocation-stats totalBytes="8382576" >
  <allocated-bytes non-tlh="0" tlh="8382576" arrayletleaf="0"/>
  <largest-consumer threadName="node-23" threadId="0000000001ADD400" bytes="237544" />
</allocation-stats>
<gc-op id="347" type="sweep" timems="0.466" contextid="344" timestamp="2019-07-03T01:07:26.577" />
<gc-op id="348" type="copy forward" timems="2.215" contextid="344" timestamp="2019-07-03T01:07:26.580">
  <memory-copied type="eden" objects="3112" bytes="78104" bytesdiscarded="11874" />
  <memory-copied type="other" objects="7132" bytes="171168" bytesdiscarded="1982" />
  <memory-cardclean objects="1499" bytes="94024" />
  <remembered-set-cleared processed="4701" cleared="500" durationms="0.074" />
  <stringconstants candidates="3825" cleared="0"  />
</gc-op>
<gc-op id="349" type="classunload" timems="0.002" contextid="344" timestamp="2019-07-03T01:07:26.580">
  <classunload-info classloadercandidates="6" classloadersunloaded="0" classesunloaded="0" anonymousclassesunloaded="0" quiescems="0.000" setupms="0.002" scanms="0.000" postms="0.000" />
</gc-op>
<gc-end id="350" type="partial gc" contextid="344" durationms="3.705" usertimems="0.000" systemtimems="4.000" timestamp="2019-07-03T01:07:26.580" activeThreads="4">
  <mem-info id="351" free="10485760" total="20971520" percent="50">
    <mem type="eden" free="1834024" total="2097152" percent="87" />
    <remembered-set count="6720" freebytes="810240" totalbytes="837120" percent="96" regionsoverflowed="0" regionsstable="1" regionsrebuilding="0"/>
  </mem-info>
</gc-end>
<cycle-end id="352" type="partial gc" contextid="344" timestamp="2019-07-03T01:07:26.580">
  <attribute name="GC Util" value="60" />
  <attribute name="CPU Util" value="82228926734888" />
  <attribute name="Time Running"value="78797"/>
  <attribute name="Number of cores"value="4"/>
</cycle-end>
<exclusive-end id="353" timestamp="2019-07-03T01:07:26.580" durationms="4.432" />

<exclusive-start id="354" timestamp="2019-07-03T01:07:30.268" intervalms="3692.200">
  <response-info timems="0.045" idlems="0.045" threads="0" lastid="0000000001AA8D00" lastname="node-25" />
</exclusive-start>
<allocation-taxation id="355" taxation-threshold="5242880" timestamp="2019-07-03T01:07:30.268" intervalms="3692.195" />
<cycle-start id="356" type="global mark phase" contextid="0" timestamp="2019-07-03T01:07:30.268" intervalms="14054.671" />
  <attribute name="GC Util" value="60" />
  <attribute name="CPU Util" value="82228926734888" />
  <attribute name="Time Running"value="78797"/>
  <attribute name="Number of cores"value="4"/>
<gc-start id="357" type="global mark phase" contextid="356" timestamp="2019-07-03T01:07:30.268">
  <mem-info id="358" free="5242880" total="20971520" percent="25">
    <remembered-set count="6272" freebytes="812032" totalbytes="837120" percent="97" regionsoverflowed="0" regionsstable="1" regionsrebuilding="0"/>
  </mem-info>
</gc-start>
<gc-op id="359" type="mark increment" timems="0.450" contextid="356" timestamp="2019-07-03T01:07:30.269">
  <trace-info objectcount="454" scancount="0" scanbytes="0" />
</gc-op>
<gc-end id="360" type="global mark phase" contextid="356" durationms="0.557" usertimems="0.000" systemtimems="0.000" timestamp="2019-07-03T01:07:30.269" activeThreads="4">
  <mem-info id="361" free="5242880" total="20971520" percent="25">
    <remembered-set count="6272" freebytes="812032" totalbytes="837120" percent="97" regionsoverflowed="0" regionsstable="0" regionsrebuilding="1"/>
  </mem-info>
</gc-end>
<concurrent-start id="362" type="GMP work packet processing" contextid="356" timestamp="2019-07-03T01:07:30.269">
  <concurrent-mark-start scanTarget="18446744073709551615" />
</concurrent-start>
<exclusive-end id="363" timestamp="2019-07-03T01:07:30.269" durationms="0.952" />

<concurrent-end id="364" type="GMP work packet processing" contextid="356" timestamp="2019-07-03T01:07:30.271">
  <concurrent-mark-end bytesScanned="5296408" reasonForTermination="Completed all work in GC phase" />
</concurrent-end>

<exclusive-start id="365" timestamp="2019-07-03T01:07:34.111" intervalms="3842.952">
  <response-info timems="0.038" idlems="0.038" threads="0" lastid="0000000001AEC300" lastname="node-24" />
</exclusive-start>
<allocation-taxation id="366" taxation-threshold="5242880" timestamp="2019-07-03T01:07:34.111" intervalms="3842.998" />
<cycle-start id="367" type="partial gc" contextid="0" timestamp="2019-07-03T01:07:34.111" intervalms="7535.185" />
  <attribute name="GC Util" value="218" />
  <attribute name="CPU Util" value="48243430542193" />
  <attribute name="Time Running"value="82489"/>
  <attribute name="Number of cores"value="4"/>
<gc-start id="368" type="partial gc" contextid="367" timestamp="2019-07-03T01:07:34.111">
  <mem-info id="369" free="0" total="20971520" percent="0">
    <mem type="eden" free="0" total="10485760" percent="0" />
    <remembered-set count="6624" freebytes="810624" totalbytes="837120" percent="96" regionsoverflowed="0" regionsstable="0" regionsrebuilding="1"/>
  </mem-info>
</gc-start>
<allocation-stats totalBytes="10480584" >
  <allocated-bytes non-tlh="0" tlh="10480584" arrayletleaf="0"/>
  <largest-consumer threadName="node-8" threadId="0000000001AE4C00" bytes="270312" />
</allocation-stats>
<gc-op id="370" type="mark" timems="1.600" contextid="367" timestamp="2019-07-03T01:07:34.113">
  <trace-info objectcount="13994" scancount="13971" scanbytes="358432" />
  <cardclean-info objects="1540" bytes="69748" />
  <remembered-set-cleared processed="5533" cleared="452" durationms="0.075" />
  <stringconstants candidates="3825" cleared="0"  />
  <warning details="Mark invoked due to insufficient free space for Copy-Forward" />
</gc-op>
<gc-op id="371" type="classunload" timems="0.001" contextid="367" timestamp="2019-07-03T01:07:34.113">
  <classunload-info classloadercandidates="6" classloadersunloaded="0" classesunloaded="0" anonymousclassesunloaded="0" quiescems="0.000" setupms="0.001" scanms="0.000" postms="0.000" />
</gc-op>
<gc-op id="372" type="sweep" timems="0.328" contextid="367" timestamp="2019-07-03T01:07:34.114" />
<gc-op id="373" type="compact" timems="1.252" contextid="367" timestamp="2019-07-03T01:07:34.115">
  <compact-info movecount="13993" movebytes="337544" />
  <remembered-set-cleared processed="11202" cleared="1000" durationms="0.075" />
</gc-op>
<gc-end id="374" type="partial gc" contextid="367" durationms="4.149" usertimems="8.000" systemtimems="0.000" timestamp="2019-07-03T01:07:34.115" activeThreads="4">
  <mem-info id="375" free="9437184" total="20971520" percent="45">
    <mem type="eden" free="869456" total="1048576" percent="82" />
    <remembered-set count="7744" freebytes="806144" totalbytes="837120" percent="96" regionsoverflowed="0" regionsstable="0" regionsrebuilding="1"/>
  </mem-info>
</gc-end>
<cycle-end id="376" type="partial gc" contextid="367" timestamp="2019-07-03T01:07:34.116">
  <attribute name="GC Util" value="48" />
  <attribute name="CPU Util" value="36581013083698" />
  <attribute name="Time Running"value="86334"/>
  <attribute name="Number of cores"value="4"/>
</cycle-end>
<exclusive-end id="377" timestamp="2019-07-03T01:07:34.116" durationms="4.735" />

<exclusive-start id="378" timestamp="2019-07-03T01:07:37.537" intervalms="3425.888">
  <response-info timems="0.041" idlems="0.037" threads="1" lastid="0000000001AB7D00" lastname="node-16" />
</exclusive-start>
<allocation-taxation id="379" taxation-threshold="4194304" timestamp="2019-07-03T01:07:37.537" intervalms="3425.865" />
<gc-start id="380" type="global mark phase" contextid="356" timestamp="2019-07-03T01:07:37.537">
  <mem-info id="381" free="5242880" total="20971520" percent="25">
    <remembered-set count="7680" freebytes="806400" totalbytes="837120" percent="96" regionsoverflowed="0" regionsstable="0" regionsrebuilding="1"/>
  </mem-info>
</gc-start>
<gc-op id="382" type="mark increment" timems="1.735" contextid="356" timestamp="2019-07-03T01:07:37.539">
  <trace-info objectcount="6214" scancount="6180" scanbytes="171432" />
  <cardclean-info objects="1483" bytes="68012" />
  <finalization candidates="18" enqueued="0" />
  <references type="soft" candidates="66" cleared="20" enqueued="16" dynamicThreshold="14" maxThreshold="32" />
  <references type="weak" candidates="165" cleared="0" enqueued="0" />
  <references type="phantom" candidates="57" cleared="0" enqueued="0" />
  <stringconstants candidates="3825" cleared="0"  />
</gc-op>
<gc-op id="383" type="classunload" timems="0.003" contextid="356" timestamp="2019-07-03T01:07:37.539">
  <classunload-info classloadercandidates="6" classloadersunloaded="0" classesunloaded="0" anonymousclassesunloaded="0" quiescems="0.000" setupms="0.002" scanms="0.000" postms="0.000" />
</gc-op>
<gc-end id="384" type="global mark phase" contextid="356" durationms="1.952" usertimems="0.000" systemtimems="0.000" timestamp="2019-07-03T01:07:37.539" activeThreads="4">
  <mem-info id="385" free="5242880" total="20971520" percent="25">
    <pending-finalizers system="0" default="0" reference="16" classloader="0" />
    <remembered-set count="7680" freebytes="806400" totalbytes="837120" percent="96" regionsoverflowed="0" regionsstable="0" regionsrebuilding="0"/>
  </mem-info>
</gc-end>
<cycle-end id="386" type="global mark phase" contextid="356" timestamp="2019-07-03T01:07:37.539">
  <attribute name="GC Util" value="22" />
  <attribute name="CPU Util" value="34095918022431" />
  <attribute name="Time Running"value="89758"/>
  <attribute name="Number of cores"value="4"/>
</cycle-end>
<exclusive-end id="387" timestamp="2019-07-03T01:07:37.539" durationms="2.364" />

<exclusive-start id="388" timestamp="2019-07-03T01:07:40.578" intervalms="3040.960">
  <response-info timems="0.039" idlems="0.039" threads="0" lastid="0000000001AAC900" lastname="node-15" />
</exclusive-start>
<allocation-taxation id="389" taxation-threshold="4194304" timestamp="2019-07-03T01:07:40.578" intervalms="3041.022" />
<cycle-start id="390" type="partial gc" contextid="0" timestamp="2019-07-03T01:07:40.578" intervalms="6466.979" />
  <attribute name="GC Util" value="22" />
  <attribute name="CPU Util" value="34095918022431" />
  <attribute name="Time Running"value="89758"/>
  <attribute name="Number of cores"value="4"/>
<gc-start id="391" type="partial gc" contextid="390" timestamp="2019-07-03T01:07:40.578">
  <mem-info id="392" free="1048576" total="20971520" percent="5">
    <mem type="eden" free="869456" total="9437184" percent="9" />
    <remembered-set count="6720" freebytes="810240" totalbytes="837120" percent="96" regionsoverflowed="0" regionsstable="1" regionsrebuilding="0"/>
  </mem-info>
</gc-start>
<allocation-stats totalBytes="8383952" >
  <allocated-bytes non-tlh="0" tlh="8383952" arrayletleaf="0"/>
  <largest-consumer threadName="node-25" threadId="0000000001AA8D00" bytes="237552" />
</allocation-stats>
<gc-op id="393" type="sweep" timems="0.678" contextid="390" timestamp="2019-07-03T01:07:40.579" />
<gc-op id="394" type="copy forward" timems="2.501" contextid="390" timestamp="2019-07-03T01:07:40.583">
  <memory-copied type="eden" objects="2704" bytes="73560" bytesdiscarded="9711" />
  <memory-copied type="other" objects="6053" bytes="145272" bytesdiscarded="137" />
  <memory-cardclean objects="1583" bytes="96472" />
  <remembered-set-cleared processed="4710" cleared="500" durationms="0.070" />
  <stringconstants candidates="3825" cleared="0"  />
</gc-op>
<gc-op id="395" type="classunload" timems="0.001" contextid="390" timestamp="2019-07-03T01:07:40.583">
  <classunload-info classloadercandidates="6" classloadersunloaded="0" classesunloaded="0" anonymousclassesunloaded="0" quiescems="0.000" setupms="0.001" scanms="0.000" postms="0.000" />
</gc-op>
<gc-end id="396" type="partial gc" contextid="390" durationms="4.487" usertimems="4.000" systemtimems="0.000" timestamp="2019-07-03T01:07:40.583" activeThreads="4">
  <mem-info id="397" free="10485760" total="20971520" percent="50">
    <mem type="eden" free="1868472" total="2097152" percent="89" />
    <remembered-set count="6208" freebytes="812288" totalbytes="837120" percent="97" regionsoverflowed="0" regionsstable="1" regionsrebuilding="0"/>
  </mem-info>
</gc-end>
<cycle-end id="398" type="partial gc" contextid="390" timestamp="2019-07-03T01:07:40.583">
  <attribute name="GC Util" value="63" />
  <attribute name="CPU Util" value="77578387126855" />
  <attribute name="Time Running"value="92800"/>
  <attribute name="Number of cores"value="4"/>
</cycle-end>
<exclusive-end id="399" timestamp="2019-07-03T01:07:40.583" durationms="5.608" />

<exclusive-start id="400" timestamp="2019-07-03T01:07:44.615" intervalms="4036.772">
  <response-info timems="0.039" idlems="0.039" threads="0" lastid="0000000001AB7D00" lastname="node-16" />
</exclusive-start>
<allocation-taxation id="401" taxation-threshold="5242880" timestamp="2019-07-03T01:07:44.615" intervalms="4036.770" />
<cycle-start id="402" type="global mark phase" contextid="0" timestamp="2019-07-03T01:07:44.615" intervalms="14346.728" />
  <attribute name="GC Util" value="63" />
  <attribute name="CPU Util" value="77578387126855" />
  <attribute name="Time Running"value="92800"/>
  <attribute name="Number of cores"value="4"/>
<gc-start id="403" type="global mark phase" contextid="402" timestamp="2019-07-03T01:07:44.615">
  <mem-info id="404" free="5242880" total="20971520" percent="25">
    <remembered-set count="5856" freebytes="813696" totalbytes="837120" percent="97" regionsoverflowed="0" regionsstable="1" regionsrebuilding="0"/>
  </mem-info>
</gc-start>
<gc-op id="405" type="mark increment" timems="0.487" contextid="402" timestamp="2019-07-03T01:07:44.616">
  <trace-info objectcount="342" scancount="0" scanbytes="0" />
</gc-op>
<gc-end id="406" type="global mark phase" contextid="402" durationms="0.595" usertimems="4.000" systemtimems="0.000" timestamp="2019-07-03T01:07:44.616" activeThreads="4">
  <mem-info id="407" free="5242880" total="20971520" percent="25">
    <remembered-set count="5856" freebytes="813696" totalbytes="837120" percent="97" regionsoverflowed="0" regionsstable="0" regionsrebuilding="1"/>
  </mem-info>
</gc-end>
<concurrent-start id="408" type="GMP work packet processing" contextid="402" timestamp="2019-07-03T01:07:44.616">
  <concurrent-mark-start scanTarget="18446744073709551615" />
</concurrent-start>
<exclusive-end id="409" timestamp="2019-07-03T01:07:44.616" durationms="1.336" />

<concurrent-end id="410" type="GMP work packet processing" contextid="402" timestamp="2019-07-03T01:07:44.619">
  <concurrent-mark-end bytesScanned="5288732" reasonForTermination="Completed all work in GC phase" />
</concurrent-end>

<exclusive-start id="411" timestamp="2019-07-03T01:07:48.321" intervalms="3706.582">
  <response-info timems="0.037" idlems="0.037" threads="0" lastid="0000000001AE8800" lastname="node-20" />
</exclusive-start>
<allocation-taxation id="412" taxation-threshold="5242880" timestamp="2019-07-03T01:07:48.321" intervalms="3706.504" />
<cycle-start id="413" type="partial gc" contextid="0" timestamp="2019-07-03T01:07:48.321" intervalms="7743.203" />
  <attribute name="GC Util" value="164" />
  <attribute name="CPU Util" value="34725047761725" />
  <attribute name="Time Running"value="96836"/>
  <attribute name="Number of cores"value="4"/>
<gc-start id="414" type="partial gc" contextid="413" timestamp="2019-07-03T01:07:48.322">
  <mem-info id="415" free="0" total="20971520" percent="0">
    <mem type="eden" free="0" total="10485760" percent="0" />
    <remembered-set count="6976" freebytes="809216" totalbytes="837120" percent="96" regionsoverflowed="0" regionsstable="0" regionsrebuilding="1"/>
  </mem-info>
</gc-start>
<allocation-stats totalBytes="10479256" >
  <allocated-bytes non-tlh="0" tlh="10479256" arrayletleaf="0"/>
  <largest-consumer threadName="node-8" threadId="0000000001AE4C00" bytes="270296" />
</allocation-stats>
<gc-op id="416" type="mark" timems="1.626" contextid="413" timestamp="2019-07-03T01:07:48.324">
  <trace-info objectcount="11931" scancount="11889" scanbytes="308456" />
  <cardclean-info objects="1525" bytes="70308" />
  <remembered-set-cleared processed="5535" cleared="451" durationms="0.077" />
  <stringconstants candidates="3825" cleared="0"  />
  <warning details="Mark invoked due to insufficient free space for Copy-Forward" />
</gc-op>
<gc-op id="417" type="classunload" timems="0.002" contextid="413" timestamp="2019-07-03T01:07:48.324">
  <classunload-info classloadercandidates="6" classloadersunloaded="0" classesunloaded="0" anonymousclassesunloaded="0" quiescems="0.000" setupms="0.002" scanms="0.000" postms="0.000" />
</gc-op>
<gc-op id="418" type="sweep" timems="0.358" contextid="413" timestamp="2019-07-03T01:07:48.324" />
<gc-op id="419" type="compact" timems="1.427" contextid="413" timestamp="2019-07-03T01:07:48.326">
  <compact-info movecount="11931" movebytes="299536" />
  <remembered-set-cleared processed="11203" cleared="910" durationms="0.077" />
</gc-op>
<gc-end id="420" type="partial gc" contextid="413" durationms="4.544" usertimems="8.000" systemtimems="0.000" timestamp="2019-07-03T01:07:48.326" activeThreads="4">
  <mem-info id="421" free="9437184" total="20971520" percent="45">
    <mem type="eden" free="869616" total="1048576" percent="82" />
    <remembered-set count="7808" freebytes="805888" totalbytes="837120" percent="96" regionsoverflowed="0" regionsstable="0" regionsrebuilding="1"/>
  </mem-info>
</gc-end>
<cycle-end id="422" type="partial gc" contextid="413" timestamp="2019-07-03T01:07:48.326">
  <attribute name="GC Util" value="39" />
  <attribute name="CPU Util" value="31657414970860" />
  <attribute name="Time Running"value="100545"/>
  <attribute name="Number of cores"value="4"/>
</cycle-end>
<exclusive-end id="423" timestamp="2019-07-03T01:07:48.326" durationms="5.199" />

<exclusive-start id="424" timestamp="2019-07-03T01:07:51.793" intervalms="3472.190">
  <response-info timems="0.029" idlems="0.029" threads="0" lastid="0000000001AE8800" lastname="node-20" />
</exclusive-start>
<allocation-taxation id="425" taxation-threshold="4194304" timestamp="2019-07-03T01:07:51.793" intervalms="3472.217" />
<gc-start id="426" type="global mark phase" contextid="402" timestamp="2019-07-03T01:07:51.794">
  <mem-info id="427" free="5242880" total="20971520" percent="25">
    <remembered-set count="7680" freebytes="806400" totalbytes="837120" percent="96" regionsoverflowed="0" regionsstable="0" regionsrebuilding="1"/>
  </mem-info>
</gc-start>
<gc-op id="428" type="mark increment" timems="1.414" contextid="402" timestamp="2019-07-03T01:07:51.795">
  <trace-info objectcount="6130" scancount="6104" scanbytes="169616" />
  <cardclean-info objects="1541" bytes="70804" />
  <finalization candidates="18" enqueued="0" />
  <references type="soft" candidates="46" cleared="1" enqueued="0" dynamicThreshold="14" maxThreshold="32" />
  <references type="weak" candidates="165" cleared="0" enqueued="0" />
  <references type="phantom" candidates="57" cleared="0" enqueued="0" />
  <stringconstants candidates="3825" cleared="0"  />
</gc-op>
<gc-op id="429" type="classunload" timems="0.016" contextid="402" timestamp="2019-07-03T01:07:51.795">
  <classunload-info classloadercandidates="6" classloadersunloaded="0" classesunloaded="0" anonymousclassesunloaded="0" quiescems="0.000" setupms="0.015" scanms="0.000" postms="0.000" />
</gc-op>
<gc-end id="430" type="global mark phase" contextid="402" durationms="1.775" usertimems="4.000" systemtimems="0.000" timestamp="2019-07-03T01:07:51.795" activeThreads="4">
  <mem-info id="431" free="5242880" total="20971520" percent="25">
    <remembered-set count="8192" freebytes="804352" totalbytes="837120" percent="96" regionsoverflowed="0" regionsstable="0" regionsrebuilding="0"/>
  </mem-info>
</gc-end>
<cycle-end id="432" type="global mark phase" contextid="402" timestamp="2019-07-03T01:07:51.795">
  <attribute name="GC Util" value="27" />
  <attribute name="CPU Util" value="43656799463924" />
  <attribute name="Time Running"value="104015"/>
  <attribute name="Number of cores"value="4"/>
</cycle-end>
<exclusive-end id="433" timestamp="2019-07-03T01:07:51.796" durationms="2.286" />

<exclusive-start id="434" timestamp="2019-07-03T01:07:55.353" intervalms="3559.472">
  <response-info timems="0.032" idlems="0.032" threads="0" lastid="0000000001AA8D00" lastname="node-25" />
</exclusive-start>
<allocation-taxation id="435" taxation-threshold="4194304" timestamp="2019-07-03T01:07:55.353" intervalms="3559.440" />
<cycle-start id="436" type="partial gc" contextid="0" timestamp="2019-07-03T01:07:55.353" intervalms="7031.650" />
  <attribute name="GC Util" value="27" />
  <attribute name="CPU Util" value="43656799463924" />
  <attribute name="Time Running"value="104015"/>
  <attribute name="Number of cores"value="4"/>
<gc-start id="437" type="partial gc" contextid="436" timestamp="2019-07-03T01:07:55.353">
  <mem-info id="438" free="1048576" total="20971520" percent="5">
    <mem type="eden" free="869616" total="9437184" percent="9" />
    <remembered-set count="6688" freebytes="810368" totalbytes="837120" percent="96" regionsoverflowed="0" regionsstable="1" regionsrebuilding="0"/>
  </mem-info>
</gc-start>
<allocation-stats totalBytes="8382944" >
  <allocated-bytes non-tlh="0" tlh="8382944" arrayletleaf="0"/>
  <largest-consumer threadName="node-21" threadId="0000000001ACE400" bytes="237528" />
</allocation-stats>
<gc-op id="439" type="sweep" timems="0.478" contextid="436" timestamp="2019-07-03T01:07:55.354" />
<gc-op id="440" type="copy forward" timems="2.070" contextid="436" timestamp="2019-07-03T01:07:55.357">
  <memory-copied type="eden" objects="3025" bytes="74312" bytesdiscarded="16000" />
  <memory-copied type="other" objects="5983" bytes="143592" bytesdiscarded="1704" />
  <memory-cardclean objects="1489" bytes="93768" />
  <remembered-set-cleared processed="4717" cleared="498" durationms="0.097" />
  <stringconstants candidates="3825" cleared="0"  />
</gc-op>
<gc-op id="441" type="classunload" timems="0.001" contextid="436" timestamp="2019-07-03T01:07:55.357">
  <classunload-info classloadercandidates="6" classloadersunloaded="0" classesunloaded="0" anonymousclassesunloaded="0" quiescems="0.000" setupms="0.001" scanms="0.000" postms="0.000" />
</gc-op>
<gc-end id="442" type="partial gc" contextid="436" durationms="3.756" usertimems="0.000" systemtimems="4.000" timestamp="2019-07-03T01:07:55.357" activeThreads="4">
  <mem-info id="443" free="10485760" total="20971520" percent="50">
    <mem type="eden" free="1861544" total="2097152" percent="88" />
    <remembered-set count="6720" freebytes="810240" totalbytes="837120" percent="96" regionsoverflowed="0" regionsstable="1" regionsrebuilding="0"/>
  </mem-info>
</gc-end>
<cycle-end id="444" type="partial gc" contextid="436" timestamp="2019-07-03T01:07:55.357">
  <attribute name="GC Util" value="57" />
  <attribute name="CPU Util" value="84355352115294" />
  <attribute name="Time Running"value="107575"/>
  <attribute name="Number of cores"value="4"/>
</cycle-end>
<exclusive-end id="445" timestamp="2019-07-03T01:07:55.357" durationms="4.469" />

<exclusive-start id="446" timestamp="2019-07-03T01:07:59.475" intervalms="4122.683">
  <response-info timems="0.051" idlems="0.029" threads="1" lastid="0000000001ACA800" lastname="node-2" />
</exclusive-start>
<allocation-taxation id="447" taxation-threshold="5242880" timestamp="2019-07-03T01:07:59.476" intervalms="4122.688" />
<cycle-start id="448" type="global mark phase" contextid="0" timestamp="2019-07-03T01:07:59.476" intervalms="14860.773" />
  <attribute name="GC Util" value="57" />
  <attribute name="CPU Util" value="84355352115294" />
  <attribute name="Time Running"value="107575"/>
  <attribute name="Number of cores"value="4"/>
<gc-start id="449" type="global mark phase" contextid="448" timestamp="2019-07-03T01:07:59.476">
  <mem-info id="450" free="5242880" total="20971520" percent="25">
    <remembered-set count="6272" freebytes="812032" totalbytes="837120" percent="97" regionsoverflowed="0" regionsstable="1" regionsrebuilding="0"/>
  </mem-info>
</gc-start>
<gc-op id="451" type="mark increment" timems="0.477" contextid="448" timestamp="2019-07-03T01:07:59.476">
  <trace-info objectcount="347" scancount="0" scanbytes="0" />
</gc-op>
<gc-end id="452" type="global mark phase" contextid="448" durationms="0.622" usertimems="0.000" systemtimems="4.000" timestamp="2019-07-03T01:07:59.476" activeThreads="4">
  <mem-info id="453" free="5242880" total="20971520" percent="25">
    <remembered-set count="6272" freebytes="812032" totalbytes="837120" percent="97" regionsoverflowed="0" regionsstable="0" regionsrebuilding="1"/>
  </mem-info>
</gc-end>
<concurrent-start id="454" type="GMP work packet processing" contextid="448" timestamp="2019-07-03T01:07:59.476">
  <concurrent-mark-start scanTarget="18446744073709551615" />
</concurrent-start>
<exclusive-end id="455" timestamp="2019-07-03T01:07:59.477" durationms="1.061" />

<concurrent-end id="456" type="GMP work packet processing" contextid="448" timestamp="2019-07-03T01:07:59.479">
  <concurrent-mark-end bytesScanned="5284780" reasonForTermination="Completed all work in GC phase" />
</concurrent-end>

<exclusive-start id="457" timestamp="2019-07-03T01:08:02.430" intervalms="2954.274">
  <response-info timems="0.048" idlems="0.026" threads="1" lastid="0000000001AEC300" lastname="node-24" />
</exclusive-start>
<allocation-taxation id="458" taxation-threshold="5242880" timestamp="2019-07-03T01:08:02.430" intervalms="2954.284" />
<cycle-start id="459" type="partial gc" contextid="0" timestamp="2019-07-03T01:08:02.430" intervalms="7076.970" />
  <attribute name="GC Util" value="215" />
  <attribute name="CPU Util" value="43744279739264" />
  <attribute name="Time Running"value="111697"/>
  <attribute name="Number of cores"value="4"/>
<gc-start id="460" type="partial gc" contextid="459" timestamp="2019-07-03T01:08:02.430">
  <mem-info id="461" free="0" total="20971520" percent="0">
    <mem type="eden" free="0" total="10485760" percent="0" />
    <remembered-set count="6496" freebytes="811136" totalbytes="837120" percent="96" regionsoverflowed="0" regionsstable="0" regionsrebuilding="1"/>
  </mem-info>
</gc-start>
<allocation-stats totalBytes="10478560" >
  <allocated-bytes non-tlh="0" tlh="10478560" arrayletleaf="0"/>
  <largest-consumer threadName="node-15" threadId="0000000001AAC900" bytes="253944" />
</allocation-stats>
<gc-op id="462" type="mark" timems="1.447" contextid="459" timestamp="2019-07-03T01:08:02.432">
  <trace-info objectcount="13448" scancount="13425" scanbytes="345328" />
  <cardclean-info objects="1544" bytes="70528" />
  <remembered-set-cleared processed="5545" cleared="454" durationms="0.077" />
  <stringconstants candidates="3825" cleared="0"  />
  <warning details="Mark invoked due to insufficient free space for Copy-Forward" />
</gc-op>
<gc-op id="463" type="classunload" timems="0.002" contextid="459" timestamp="2019-07-03T01:08:02.432">
  <classunload-info classloadercandidates="6" classloadersunloaded="0" classesunloaded="0" anonymousclassesunloaded="0" quiescems="0.000" setupms="0.001" scanms="0.000" postms="0.000" />
</gc-op>
<gc-op id="464" type="sweep" timems="0.338" contextid="459" timestamp="2019-07-03T01:08:02.433" />
<gc-op id="465" type="compact" timems="1.268" contextid="459" timestamp="2019-07-03T01:08:02.434">
  <compact-info movecount="13384" movebytes="322928" />
  <remembered-set-cleared processed="11207" cleared="986" durationms="0.077" />
</gc-op>
<gc-end id="466" type="partial gc" contextid="459" durationms="4.253" usertimems="0.000" systemtimems="8.000" timestamp="2019-07-03T01:08:02.434" activeThreads="4">
  <mem-info id="467" free="9437184" total="20971520" percent="45">
    <mem type="eden" free="862328" total="1048576" percent="82" />
    <remembered-set count="7712" freebytes="806272" totalbytes="837120" percent="96" regionsoverflowed="0" regionsstable="0" regionsrebuilding="1"/>
  </mem-info>
</gc-end>
<cycle-end id="468" type="partial gc" contextid="459" timestamp="2019-07-03T01:08:02.435">
  <attribute name="GC Util" value="39" />
  <attribute name="CPU Util" value="32307898781827" />
  <attribute name="Time Running"value="114653"/>
  <attribute name="Number of cores"value="4"/>
</cycle-end>
<exclusive-end id="469" timestamp="2019-07-03T01:08:02.435" durationms="5.009" />

<exclusive-start id="470" timestamp="2019-07-03T01:08:05.294" intervalms="2864.210">
  <response-info timems="0.315" idlems="0.209" threads="2" lastid="0000000001ABF500" lastname="node-9" />
</exclusive-start>
<allocation-taxation id="471" taxation-threshold="4194304" timestamp="2019-07-03T01:08:05.294" intervalms="2864.192" />
<gc-start id="472" type="global mark phase" contextid="448" timestamp="2019-07-03T01:08:05.294">
  <mem-info id="473" free="5242880" total="20971520" percent="25">
    <remembered-set count="7328" freebytes="807808" totalbytes="837120" percent="96" regionsoverflowed="0" regionsstable="0" regionsrebuilding="1"/>
  </mem-info>
</gc-start>
<gc-op id="474" type="mark increment" timems="1.398" contextid="448" timestamp="2019-07-03T01:08:05.296">
  <trace-info objectcount="6784" scancount="6747" scanbytes="185016" />
  <cardclean-info objects="1509" bytes="70076" />
  <finalization candidates="18" enqueued="0" />
  <references type="soft" candidates="45" cleared="0" enqueued="0" dynamicThreshold="14" maxThreshold="32" />
  <references type="weak" candidates="165" cleared="0" enqueued="0" />
  <references type="phantom" candidates="57" cleared="0" enqueued="0" />
  <stringconstants candidates="3825" cleared="0"  />
</gc-op>
<gc-op id="475" type="classunload" timems="0.003" contextid="448" timestamp="2019-07-03T01:08:05.296">
  <classunload-info classloadercandidates="6" classloadersunloaded="0" classesunloaded="0" anonymousclassesunloaded="0" quiescems="0.000" setupms="0.002" scanms="0.000" postms="0.000" />
</gc-op>
<gc-end id="476" type="global mark phase" contextid="448" durationms="1.579" usertimems="0.000" systemtimems="4.000" timestamp="2019-07-03T01:08:05.296" activeThreads="4">
  <mem-info id="477" free="5242880" total="20971520" percent="25">
    <remembered-set count="7840" freebytes="805760" totalbytes="837120" percent="96" regionsoverflowed="0" regionsstable="0" regionsrebuilding="0"/>
  </mem-info>
</gc-end>
<cycle-end id="478" type="global mark phase" contextid="448" timestamp="2019-07-03T01:08:05.296">
  <attribute name="GC Util" value="24" />
  <attribute name="CPU Util" value="43643165487987" />
  <attribute name="Time Running"value="117515"/>
  <attribute name="Number of cores"value="4"/>
</cycle-end>
<exclusive-end id="479" timestamp="2019-07-03T01:08:05.296" durationms="1.954" />

<exclusive-start id="480" timestamp="2019-07-03T01:08:08.521" intervalms="3227.046">
  <response-info timems="0.034" idlems="0.034" threads="0" lastid="0000000001AD5C00" lastname="node-11" />
</exclusive-start>
<allocation-taxation id="481" taxation-threshold="4194304" timestamp="2019-07-03T01:08:08.521" intervalms="3227.068" />
<cycle-start id="482" type="partial gc" contextid="0" timestamp="2019-07-03T01:08:08.521" intervalms="6091.284" />
  <attribute name="GC Util" value="24" />
  <attribute name="CPU Util" value="43643165487987" />
  <attribute name="Time Running"value="117515"/>
  <attribute name="Number of cores"value="4"/>
<gc-start id="483" type="partial gc" contextid="482" timestamp="2019-07-03T01:08:08.521">
  <mem-info id="484" free="1048576" total="20971520" percent="5">
    <mem type="eden" free="862328" total="9437184" percent="9" />
    <remembered-set count="7360" freebytes="807680" totalbytes="837120" percent="96" regionsoverflowed="0" regionsstable="0" regionsrebuilding="0"/>
  </mem-info>
</gc-start>
<allocation-stats totalBytes="8383064" >
  <allocated-bytes non-tlh="0" tlh="8383064" arrayletleaf="0"/>
  <largest-consumer threadName="node-12" threadId="0000000001AC3100" bytes="237544" />
</allocation-stats>
<gc-op id="485" type="sweep" timems="0.476" contextid="482" timestamp="2019-07-03T01:08:08.522" />
<gc-op id="486" type="copy forward" timems="1.721" contextid="482" timestamp="2019-07-03T01:08:08.524">
  <memory-copied type="eden" objects="2872" bytes="79344" bytesdiscarded="14395" />
  <memory-copied type="other" objects="6617" bytes="158808" bytesdiscarded="1613" />
  <memory-cardclean objects="1446" bytes="92328" />
  <remembered-set-cleared processed="5645" cleared="578" durationms="0.072" />
  <stringconstants candidates="3825" cleared="0"  />
</gc-op>
<gc-op id="487" type="classunload" timems="0.001" contextid="482" timestamp="2019-07-03T01:08:08.524">
  <classunload-info classloadercandidates="6" classloadersunloaded="0" classesunloaded="0" anonymousclassesunloaded="0" quiescems="0.000" setupms="0.001" scanms="0.000" postms="0.000" />
</gc-op>
<gc-end id="488" type="partial gc" contextid="482" durationms="3.188" usertimems="0.000" systemtimems="4.000" timestamp="2019-07-03T01:08:08.525" activeThreads="4">
  <mem-info id="489" free="10485760" total="20971520" percent="50">
    <mem type="eden" free="1842992" total="2097152" percent="87" />
    <remembered-set count="7616" freebytes="806656" totalbytes="837120" percent="96" regionsoverflowed="0" regionsstable="0" regionsrebuilding="0"/>
  </mem-info>
</gc-end>
<cycle-end id="490" type="partial gc" contextid="482" timestamp="2019-07-03T01:08:08.525">
  <attribute name="GC Util" value="68" />
  <attribute name="CPU Util" value="111255655998882" />
  <attribute name="Time Running"value="120743"/>
  <attribute name="Number of cores"value="4"/>
</cycle-end>
<exclusive-end id="491" timestamp="2019-07-03T01:08:08.525" durationms="3.853" />

<exclusive-start id="492" timestamp="2019-07-03T01:08:12.023" intervalms="3501.637">
  <response-info timems="0.034" idlems="0.034" threads="0" lastid="0000000001AEFF00" lastname="node-1" />
</exclusive-start>
<allocation-taxation id="493" taxation-threshold="5242880" timestamp="2019-07-03T01:08:12.023" intervalms="3501.642" />
<cycle-start id="494" type="global mark phase" contextid="0" timestamp="2019-07-03T01:08:12.023" intervalms="12547.174" />
  <attribute name="GC Util" value="68" />
  <attribute name="CPU Util" value="111255655998882" />
  <attribute name="Time Running"value="120743"/>
  <attribute name="Number of cores"value="4"/>
<gc-start id="495" type="global mark phase" contextid="494" timestamp="2019-07-03T01:08:12.023">
  <mem-info id="496" free="5242880" total="20971520" percent="25">
    <remembered-set count="7232" freebytes="808192" totalbytes="837120" percent="96" regionsoverflowed="0" regionsstable="0" regionsrebuilding="0"/>
  </mem-info>
</gc-start>
<gc-op id="497" type="mark increment" timems="0.401" contextid="494" timestamp="2019-07-03T01:08:12.023">
  <trace-info objectcount="340" scancount="0" scanbytes="0" />
</gc-op>
<gc-end id="498" type="global mark phase" contextid="494" durationms="0.488" usertimems="0.000" systemtimems="0.000" timestamp="2019-07-03T01:08:12.023" activeThreads="4">
  <mem-info id="499" free="5242880" total="20971520" percent="25">
    <remembered-set count="7232" freebytes="808192" totalbytes="837120" percent="96" regionsoverflowed="0" regionsstable="0" regionsrebuilding="0"/>
  </mem-info>
</gc-end>
<concurrent-start id="500" type="GMP work packet processing" contextid="494" timestamp="2019-07-03T01:08:12.023">
  <concurrent-mark-start scanTarget="18446744073709551615" />
</concurrent-start>
<exclusive-end id="501" timestamp="2019-07-03T01:08:12.026" durationms="2.981" />

<concurrent-end id="502" type="GMP work packet processing" contextid="494" timestamp="2019-07-03T01:08:12.026">
  <concurrent-mark-end bytesScanned="5280540" reasonForTermination="Completed all work in GC phase" />
</concurrent-end>

<exclusive-start id="503" timestamp="2019-07-03T01:08:15.443" intervalms="3419.883">
  <response-info timems="0.128" idlems="0.128" threads="0" lastid="0000000001AE8800" lastname="node-20" />
</exclusive-start>
<allocation-taxation id="504" taxation-threshold="5242880" timestamp="2019-07-03T01:08:15.443" intervalms="3419.961" />
<cycle-start id="505" type="partial gc" contextid="0" timestamp="2019-07-03T01:08:15.443" intervalms="6921.660" />
  <attribute name="GC Util" value="194" />
  <attribute name="CPU Util" value="47421423465474" />
  <attribute name="Time Running"value="124244"/>
  <attribute name="Number of cores"value="4"/>
<gc-start id="506" type="partial gc" contextid="505" timestamp="2019-07-03T01:08:15.443">
  <mem-info id="507" free="0" total="20971520" percent="0">
    <mem type="eden" free="0" total="10485760" percent="0" />
    <remembered-set count="7232" freebytes="808192" totalbytes="837120" percent="96" regionsoverflowed="0" regionsstable="0" regionsrebuilding="0"/>
  </mem-info>
</gc-start>
<allocation-stats totalBytes="10476672" >
  <allocated-bytes non-tlh="0" tlh="10476672" arrayletleaf="0"/>
  <largest-consumer threadName="node-7" threadId="0000000001AFB300" bytes="269440" />
</allocation-stats>
<gc-op id="508" type="mark" timems="1.804" contextid="505" timestamp="2019-07-03T01:08:15.446">
  <trace-info objectcount="11482" scancount="11438" scanbytes="297624" />
  <cardclean-info objects="1556" bytes="71912" />
  <remembered-set-cleared processed="5519" cleared="427" durationms="0.099" />
  <stringconstants candidates="3825" cleared="0"  />
  <warning details="Mark invoked due to insufficient free space for Copy-Forward" />
</gc-op>
<gc-op id="509" type="classunload" timems="0.001" contextid="505" timestamp="2019-07-03T01:08:15.446">
  <classunload-info classloadercandidates="6" classloadersunloaded="0" classesunloaded="0" anonymousclassesunloaded="0" quiescems="0.000" setupms="0.001" scanms="0.000" postms="0.000" />
</gc-op>
<gc-op id="510" type="sweep" timems="0.421" contextid="505" timestamp="2019-07-03T01:08:15.446" />
<gc-op id="511" type="compact" timems="1.552" contextid="505" timestamp="2019-07-03T01:08:15.448">
  <compact-info movecount="11482" movebytes="292600" />
  <remembered-set-cleared processed="11197" cleared="891" durationms="0.099" />
</gc-op>
<gc-end id="512" type="partial gc" contextid="505" durationms="5.171" usertimems="4.000" systemtimems="4.000" timestamp="2019-07-03T01:08:15.448" activeThreads="4">
  <mem-info id="513" free="9437184" total="20971520" percent="45">
    <mem type="eden" free="899616" total="1048576" percent="85" />
    <remembered-set count="7808" freebytes="805888" totalbytes="837120" percent="96" regionsoverflowed="0" regionsstable="0" regionsrebuilding="0"/>
  </mem-info>
</gc-end>
<cycle-end id="514" type="partial gc" contextid="505" timestamp="2019-07-03T01:08:15.449">
  <attribute name="GC Util" value="40" />
  <attribute name="CPU Util" value="27463876084831" />
  <attribute name="Time Running"value="127667"/>
  <attribute name="Number of cores"value="4"/>
</cycle-end>
<exclusive-end id="515" timestamp="2019-07-03T01:08:15.449" durationms="6.126" />

<exclusive-start id="516" timestamp="2019-07-03T01:08:18.794" intervalms="3351.511">
  <response-info timems="0.036" idlems="0.036" threads="0" lastid="0000000001AAC900" lastname="node-15" />
</exclusive-start>
<allocation-taxation id="517" taxation-threshold="4194304" timestamp="2019-07-03T01:08:18.794" intervalms="3351.416" />
<gc-start id="518" type="global mark phase" contextid="494" timestamp="2019-07-03T01:08:18.794">
  <mem-info id="519" free="5242880" total="20971520" percent="25">
    <remembered-set count="7424" freebytes="807424" totalbytes="837120" percent="96" regionsoverflowed="0" regionsstable="0" regionsrebuilding="0"/>
  </mem-info>
</gc-start>
<gc-op id="520" type="mark increment" timems="1.185" contextid="494" timestamp="2019-07-03T01:08:18.795">
  <trace-info objectcount="5228" scancount="5202" scanbytes="147968" />
  <cardclean-info objects="1529" bytes="70484" />
  <finalization candidates="18" enqueued="0" />
  <references type="soft" candidates="45" cleared="0" enqueued="0" dynamicThreshold="14" maxThreshold="32" />
  <references type="weak" candidates="165" cleared="0" enqueued="0" />
  <references type="phantom" candidates="57" cleared="0" enqueued="0" />
  <stringconstants candidates="3825" cleared="0"  />
</gc-op>
<gc-op id="521" type="classunload" timems="0.002" contextid="494" timestamp="2019-07-03T01:08:18.796">
  <classunload-info classloadercandidates="6" classloadersunloaded="0" classesunloaded="0" anonymousclassesunloaded="0" quiescems="0.000" setupms="0.002" scanms="0.000" postms="0.000" />
</gc-op>
<gc-end id="522" type="global mark phase" contextid="494" durationms="1.397" usertimems="0.000" systemtimems="0.000" timestamp="2019-07-03T01:08:18.796" activeThreads="4">
  <mem-info id="523" free="5242880" total="20971520" percent="25">
    <remembered-set count="7424" freebytes="807424" totalbytes="837120" percent="96" regionsoverflowed="0" regionsstable="0" regionsrebuilding="0"/>
  </mem-info>
</gc-end>
<cycle-end id="524" type="global mark phase" contextid="494" timestamp="2019-07-03T01:08:18.796">
  <attribute name="GC Util" value="88" />
  <attribute name="CPU Util" value="51218903085520" />
  <attribute name="Time Running"value="131015"/>
  <attribute name="Number of cores"value="4"/>
</cycle-end>
<exclusive-end id="525" timestamp="2019-07-03T01:08:18.796" durationms="1.853" />

<exclusive-start id="526" timestamp="2019-07-03T01:08:21.871" intervalms="3076.690">
  <response-info timems="0.076" idlems="0.076" threads="0" lastid="0000000001ABF500" lastname="node-9" />
</exclusive-start>
<allocation-taxation id="527" taxation-threshold="4194304" timestamp="2019-07-03T01:08:21.871" intervalms="3076.677" />
<cycle-start id="528" type="partial gc" contextid="0" timestamp="2019-07-03T01:08:21.871" intervalms="6428.007" />
  <attribute name="GC Util" value="88" />
  <attribute name="CPU Util" value="51218903085520" />
  <attribute name="Time Running"value="131015"/>
  <attribute name="Number of cores"value="4"/>
<gc-start id="529" type="partial gc" contextid="528" timestamp="2019-07-03T01:08:21.871">
  <mem-info id="530" free="1048576" total="20971520" percent="5">
    <mem type="eden" free="899616" total="9437184" percent="9" />
    <remembered-set count="7424" freebytes="807424" totalbytes="837120" percent="96" regionsoverflowed="0" regionsstable="0" regionsrebuilding="0"/>
  </mem-info>
</gc-start>
<allocation-stats totalBytes="8381760" >
  <allocated-bytes non-tlh="0" tlh="8381760" arrayletleaf="0"/>
  <largest-consumer threadName="node-8" threadId="0000000001AE4C00" bytes="253608" />
</allocation-stats>
<gc-op id="531" type="sweep" timems="0.544" contextid="528" timestamp="2019-07-03T01:08:21.872" />
<gc-op id="532" type="copy forward" timems="2.077" contextid="528" timestamp="2019-07-03T01:08:21.875">
  <memory-copied type="eden" objects="3686" bytes="90432" bytesdiscarded="14706" />
  <memory-copied type="other" objects="5083" bytes="121992" bytesdiscarded="1038" />
  <memory-cardclean objects="1455" bytes="91824" />
  <remembered-set-cleared processed="5603" cleared="524" durationms="0.074" />
  <stringconstants candidates="3825" cleared="0"  />
</gc-op>
<gc-op id="533" type="classunload" timems="0.002" contextid="528" timestamp="2019-07-03T01:08:21.875">
  <classunload-info classloadercandidates="6" classloadersunloaded="0" classesunloaded="0" anonymousclassesunloaded="0" quiescems="0.000" setupms="0.001" scanms="0.000" postms="0.000" />
</gc-op>
<gc-end id="534" type="partial gc" contextid="528" durationms="3.660" usertimems="8.000" systemtimems="0.000" timestamp="2019-07-03T01:08:21.875" activeThreads="4">
  <mem-info id="535" free="10485760" total="20971520" percent="50">
    <mem type="eden" free="1868984" total="2097152" percent="89" />
    <remembered-set count="7648" freebytes="806528" totalbytes="837120" percent="96" regionsoverflowed="0" regionsstable="0" regionsrebuilding="0"/>
  </mem-info>
</gc-end>
<cycle-end id="536" type="partial gc" contextid="528" timestamp="2019-07-03T01:08:21.875">
  <attribute name="GC Util" value="52" />
  <attribute name="CPU Util" value="81044690264756" />
  <attribute name="Time Running"value="134093"/>
  <attribute name="Number of cores"value="4"/>
</cycle-end>
<exclusive-end id="537" timestamp="2019-07-03T01:08:21.875" durationms="4.262" />

<exclusive-start id="538" timestamp="2019-07-03T01:08:25.007" intervalms="3136.545">
  <response-info timems="0.029" idlems="0.029" threads="0" lastid="0000000001AB0500" lastname="node-6" />
</exclusive-start>
<allocation-taxation id="539" taxation-threshold="5242880" timestamp="2019-07-03T01:08:25.007" intervalms="3136.555" />
<cycle-start id="540" type="global mark phase" contextid="0" timestamp="2019-07-03T01:08:25.007" intervalms="12984.614" />
  <attribute name="GC Util" value="52" />
  <attribute name="CPU Util" value="81044690264756" />
  <attribute name="Time Running"value="134093"/>
  <attribute name="Number of cores"value="4"/>
<gc-start id="541" type="global mark phase" contextid="540" timestamp="2019-07-03T01:08:25.008">
  <mem-info id="542" free="5242880" total="20971520" percent="25">
    <remembered-set count="7232" freebytes="808192" totalbytes="837120" percent="96" regionsoverflowed="0" regionsstable="0" regionsrebuilding="0"/>
  </mem-info>
</gc-start>
<gc-op id="543" type="mark increment" timems="0.390" contextid="540" timestamp="2019-07-03T01:08:25.008">
  <trace-info objectcount="342" scancount="0" scanbytes="0" />
</gc-op>
<gc-end id="544" type="global mark phase" contextid="540" durationms="0.480" usertimems="0.000" systemtimems="4.000" timestamp="2019-07-03T01:08:25.008" activeThreads="4">
  <mem-info id="545" free="5242880" total="20971520" percent="25">
    <remembered-set count="7232" freebytes="808192" totalbytes="837120" percent="96" regionsoverflowed="0" regionsstable="0" regionsrebuilding="0"/>
  </mem-info>
</gc-end>
<concurrent-start id="546" type="GMP work packet processing" contextid="540" timestamp="2019-07-03T01:08:25.008">
  <concurrent-mark-start scanTarget="18446744073709551615" />
</concurrent-start>
<exclusive-end id="547" timestamp="2019-07-03T01:08:25.008" durationms="0.859" />

<concurrent-end id="548" type="GMP work packet processing" contextid="540" timestamp="2019-07-03T01:08:25.010">
  <concurrent-mark-end bytesScanned="5276932" reasonForTermination="Completed all work in GC phase" />
</concurrent-end>

<exclusive-start id="549" timestamp="2019-07-03T01:08:28.356" intervalms="3348.469">
  <response-info timems="0.042" idlems="0.042" threads="0" lastid="0000000001AD5C00" lastname="node-11" />
</exclusive-start>
<allocation-taxation id="550" taxation-threshold="5242880" timestamp="2019-07-03T01:08:28.356" intervalms="3348.472" />
<cycle-start id="551" type="partial gc" contextid="0" timestamp="2019-07-03T01:08:28.356" intervalms="6485.041" />
  <attribute name="GC Util" value="242" />
  <attribute name="CPU Util" value="58407008938281" />
  <attribute name="Time Running"value="137228"/>
  <attribute name="Number of cores"value="4"/>
<gc-start id="552" type="partial gc" contextid="551" timestamp="2019-07-03T01:08:28.356">
  <mem-info id="553" free="0" total="20971520" percent="0">
    <mem type="eden" free="0" total="10485760" percent="0" />
    <remembered-set count="7232" freebytes="808192" totalbytes="837120" percent="96" regionsoverflowed="0" regionsstable="0" regionsrebuilding="0"/>
  </mem-info>
</gc-start>
<allocation-stats totalBytes="10480056" >
  <allocated-bytes non-tlh="0" tlh="10480056" arrayletleaf="0"/>
  <largest-consumer threadName="node-7" threadId="0000000001AFB300" bytes="270200" />
</allocation-stats>
<gc-op id="554" type="mark" timems="2.004" contextid="551" timestamp="2019-07-03T01:08:28.359">
  <trace-info objectcount="11340" scancount="11314" scanbytes="294656" />
  <cardclean-info objects="1537" bytes="71204" />
  <remembered-set-cleared processed="5512" cleared="416" durationms="0.072" />
  <stringconstants candidates="3825" cleared="0"  />
  <warning details="Mark invoked due to insufficient free space for Copy-Forward" />
</gc-op>
<gc-op id="555" type="classunload" timems="0.001" contextid="551" timestamp="2019-07-03T01:08:28.359">
  <classunload-info classloadercandidates="6" classloadersunloaded="0" classesunloaded="0" anonymousclassesunloaded="0" quiescems="0.000" setupms="0.001" scanms="0.000" postms="0.000" />
</gc-op>
<gc-op id="556" type="sweep" timems="0.310" contextid="551" timestamp="2019-07-03T01:08:28.359" />
<gc-op id="557" type="compact" timems="1.426" contextid="551" timestamp="2019-07-03T01:08:28.361">
  <compact-info movecount="11339" movebytes="275000" />
  <remembered-set-cleared processed="11177" cleared="946" durationms="0.083" />
</gc-op>
<gc-end id="558" type="partial gc" contextid="551" durationms="4.795" usertimems="8.000" systemtimems="0.000" timestamp="2019-07-03T01:08:28.361" activeThreads="4">
  <mem-info id="559" free="9437184" total="20971520" percent="45">
    <mem type="eden" free="927368" total="1048576" percent="88" />
    <remembered-set count="7712" freebytes="806272" totalbytes="837120" percent="96" regionsoverflowed="0" regionsstable="0" regionsrebuilding="0"/>
  </mem-info>
</gc-end>
<cycle-end id="560" type="partial gc" contextid="551" timestamp="2019-07-03T01:08:28.361">
  <attribute name="GC Util" value="46" />
  <attribute name="CPU Util" value="37916162821968" />
  <attribute name="Time Running"value="140579"/>
  <attribute name="Number of cores"value="4"/>
</cycle-end>
<exclusive-end id="561" timestamp="2019-07-03T01:08:28.361" durationms="5.439" />

<exclusive-start id="562" timestamp="2019-07-03T01:08:30.952" intervalms="2596.094">
  <response-info timems="0.056" idlems="0.056" threads="0" lastid="0000000001AAC900" lastname="node-15" />
</exclusive-start>
<allocation-taxation id="563" taxation-threshold="4194304" timestamp="2019-07-03T01:08:30.952" intervalms="2596.165" />
<gc-start id="564" type="global mark phase" contextid="540" timestamp="2019-07-03T01:08:30.952">
  <mem-info id="565" free="5242880" total="20971520" percent="25">
    <remembered-set count="4416" freebytes="819456" totalbytes="837120" percent="97" regionsoverflowed="0" regionsstable="2" regionsrebuilding="0"/>
  </mem-info>
</gc-start>
<gc-op id="566" type="mark increment" timems="1.384" contextid="540" timestamp="2019-07-03T01:08:30.954">
  <trace-info objectcount="4771" scancount="4748" scanbytes="137080" />
  <cardclean-info objects="1490" bytes="69304" />
  <finalization candidates="18" enqueued="0" />
  <references type="soft" candidates="45" cleared="0" enqueued="0" dynamicThreshold="14" maxThreshold="32" />
  <references type="weak" candidates="165" cleared="0" enqueued="0" />
  <references type="phantom" candidates="57" cleared="0" enqueued="0" />
  <stringconstants candidates="3825" cleared="0"  />
</gc-op>
<gc-op id="567" type="classunload" timems="0.002" contextid="540" timestamp="2019-07-03T01:08:30.954">
  <classunload-info classloadercandidates="6" classloadersunloaded="0" classesunloaded="0" anonymousclassesunloaded="0" quiescems="0.000" setupms="0.002" scanms="0.000" postms="0.000" />
</gc-op>
<gc-end id="568" type="global mark phase" contextid="540" durationms="1.631" usertimems="4.000" systemtimems="0.000" timestamp="2019-07-03T01:08:30.954" activeThreads="4">
  <mem-info id="569" free="5242880" total="20971520" percent="25">
    <remembered-set count="4416" freebytes="819456" totalbytes="837120" percent="97" regionsoverflowed="0" regionsstable="2" regionsrebuilding="0"/>
  </mem-info>
</gc-end>
<cycle-end id="570" type="global mark phase" contextid="540" timestamp="2019-07-03T01:08:30.954">
  <attribute name="GC Util" value="25" />
  <attribute name="CPU Util" value="43653390156279" />
  <attribute name="Time Running"value="143173"/>
  <attribute name="Number of cores"value="4"/>
</cycle-end>
<exclusive-end id="571" timestamp="2019-07-03T01:08:30.954" durationms="2.169" />

<exclusive-start id="572" timestamp="2019-07-03T01:08:33.907" intervalms="2954.779">
  <response-info timems="0.044" idlems="0.017" threads="2" lastid="0000000001B02B00" lastname="node-19" />
</exclusive-start>
<allocation-taxation id="573" taxation-threshold="4194304" timestamp="2019-07-03T01:08:33.907" intervalms="2954.756" />
<cycle-start id="574" type="partial gc" contextid="0" timestamp="2019-07-03T01:08:33.907" intervalms="5550.920" />
  <attribute name="GC Util" value="25" />
  <attribute name="CPU Util" value="43653390156279" />
  <attribute name="Time Running"value="143173"/>
  <attribute name="Number of cores"value="4"/>
<gc-start id="575" type="partial gc" contextid="574" timestamp="2019-07-03T01:08:33.907">
  <mem-info id="576" free="1048576" total="20971520" percent="5">
    <mem type="eden" free="927368" total="9437184" percent="9" />
    <remembered-set count="4416" freebytes="819456" totalbytes="837120" percent="97" regionsoverflowed="0" regionsstable="2" regionsrebuilding="0"/>
  </mem-info>
</gc-start>
<allocation-stats totalBytes="8383024" >
  <allocated-bytes non-tlh="0" tlh="8383024" arrayletleaf="0"/>
  <largest-consumer threadName="node-15" threadId="0000000001AAC900" bytes="237552" />
</allocation-stats>
<gc-op id="577" type="sweep" timems="0.438" contextid="574" timestamp="2019-07-03T01:08:33.908" />
<gc-op id="578" type="copy forward" timems="2.194" contextid="574" timestamp="2019-07-03T01:08:33.910">
  <memory-copied type="eden" objects="3603" bytes="87536" bytesdiscarded="15015" />
  <memory-copied type="other" objects="4629" bytes="111096" bytesdiscarded="697" />
  <memory-cardclean objects="1426" bytes="90728" />
  <remembered-set-cleared processed="2534" cleared="400" durationms="0.070" />
  <stringconstants candidates="3825" cleared="0"  />
</gc-op>
<gc-op id="579" type="classunload" timems="0.001" contextid="574" timestamp="2019-07-03T01:08:33.911">
  <classunload-info classloadercandidates="6" classloadersunloaded="0" classesunloaded="0" anonymousclassesunloaded="0" quiescems="0.000" setupms="0.001" scanms="0.000" postms="0.000" />
</gc-op>
<gc-end id="580" type="partial gc" contextid="574" durationms="3.699" usertimems="4.000" systemtimems="0.000" timestamp="2019-07-03T01:08:33.911" activeThreads="4">
  <mem-info id="581" free="10485760" total="20971520" percent="50">
    <mem type="eden" free="1882808" total="2097152" percent="89" />
    <remembered-set count="4608" freebytes="818688" totalbytes="837120" percent="97" regionsoverflowed="0" regionsstable="2" regionsrebuilding="0"/>
  </mem-info>
</gc-end>
<cycle-end id="582" type="partial gc" contextid="574" timestamp="2019-07-03T01:08:33.911">
  <attribute name="GC Util" value="64" />
  <attribute name="CPU Util" value="94168890899267" />
  <attribute name="Time Running"value="146128"/>
  <attribute name="Number of cores"value="4"/>
</cycle-end>
<exclusive-end id="583" timestamp="2019-07-03T01:08:33.911" durationms="4.531" />

<exclusive-start id="584" timestamp="2019-07-03T01:08:37.129" intervalms="3222.361">
  <response-info timems="0.036" idlems="0.036" threads="0" lastid="0000000001AD5C00" lastname="node-11" />
</exclusive-start>
<allocation-taxation id="585" taxation-threshold="5242880" timestamp="2019-07-03T01:08:37.129" intervalms="3222.307" />
<cycle-start id="586" type="global mark phase" contextid="0" timestamp="2019-07-03T01:08:37.129" intervalms="12121.692" />
  <attribute name="GC Util" value="64" />
  <attribute name="CPU Util" value="94168890899267" />
  <attribute name="Time Running"value="146128"/>
  <attribute name="Number of cores"value="4"/>
<gc-start id="587" type="global mark phase" contextid="586" timestamp="2019-07-03T01:08:37.129">
  <mem-info id="588" free="5242880" total="20971520" percent="25">
    <remembered-set count="3712" freebytes="822272" totalbytes="837120" percent="98" regionsoverflowed="0" regionsstable="4" regionsrebuilding="0"/>
  </mem-info>
</gc-start>
<gc-op id="589" type="mark increment" timems="0.409" contextid="586" timestamp="2019-07-03T01:08:37.130">
  <trace-info objectcount="344" scancount="0" scanbytes="0" />
</gc-op>
<gc-end id="590" type="global mark phase" contextid="586" durationms="0.503" usertimems="0.000" systemtimems="4.000" timestamp="2019-07-03T01:08:37.130" activeThreads="4">
  <mem-info id="591" free="5242880" total="20971520" percent="25">
    <remembered-set count="3712" freebytes="822272" totalbytes="837120" percent="98" regionsoverflowed="0" regionsstable="0" regionsrebuilding="4"/>
  </mem-info>
</gc-end>
<concurrent-start id="592" type="GMP work packet processing" contextid="586" timestamp="2019-07-03T01:08:37.130">
  <concurrent-mark-start scanTarget="18446744073709551615" />
</concurrent-start>
<exclusive-end id="593" timestamp="2019-07-03T01:08:37.130" durationms="0.889" />

<concurrent-end id="594" type="GMP work packet processing" contextid="586" timestamp="2019-07-03T01:08:37.133">
  <concurrent-mark-end bytesScanned="5273324" reasonForTermination="Completed all work in GC phase" />
</concurrent-end>

<exclusive-start id="595" timestamp="2019-07-03T01:08:40.107" intervalms="2977.807">
  <response-info timems="0.047" idlems="0.025" threads="1" lastid="0000000001AB7D00" lastname="node-16" />
</exclusive-start>
<allocation-taxation id="596" taxation-threshold="5242880" timestamp="2019-07-03T01:08:40.107" intervalms="2977.814" />
<cycle-start id="597" type="partial gc" contextid="0" timestamp="2019-07-03T01:08:40.107" intervalms="6200.119" />
  <attribute name="GC Util" value="231" />
  <attribute name="CPU Util" value="53771972534041" />
  <attribute name="Time Running"value="149350"/>
  <attribute name="Number of cores"value="4"/>
<gc-start id="598" type="partial gc" contextid="597" timestamp="2019-07-03T01:08:40.107">
  <mem-info id="599" free="0" total="20971520" percent="0">
    <mem type="eden" free="0" total="10485760" percent="0" />
    <remembered-set count="8576" freebytes="802816" totalbytes="837120" percent="95" regionsoverflowed="0" regionsstable="0" regionsrebuilding="4"/>
  </mem-info>
</gc-start>
<allocation-stats totalBytes="10476808" >
  <allocated-bytes non-tlh="0" tlh="10476808" arrayletleaf="0"/>
  <largest-consumer threadName="node-8" threadId="0000000001AE4C00" bytes="270296" />
</allocation-stats>
<gc-op id="600" type="mark" timems="1.544" contextid="597" timestamp="2019-07-03T01:08:40.109">
  <trace-info objectcount="10994" scancount="10969" scanbytes="286376" />
  <cardclean-info objects="1532" bytes="71336" />
  <remembered-set-cleared processed="6834" cleared="627" durationms="0.085" />
  <stringconstants candidates="3825" cleared="0"  />
  <warning details="Mark invoked due to insufficient free space for Copy-Forward" />
</gc-op>
<gc-op id="601" type="classunload" timems="0.002" contextid="597" timestamp="2019-07-03T01:08:40.109">
  <classunload-info classloadercandidates="6" classloadersunloaded="0" classesunloaded="0" anonymousclassesunloaded="0" quiescems="0.000" setupms="0.002" scanms="0.000" postms="0.000" />
</gc-op>
<gc-op id="602" type="sweep" timems="0.327" contextid="597" timestamp="2019-07-03T01:08:40.110" />
<gc-op id="603" type="compact" timems="1.316" contextid="597" timestamp="2019-07-03T01:08:40.111">
  <compact-info movecount="10994" movebytes="266776" />
  <remembered-set-cleared processed="13601" cleared="1131" durationms="0.085" />
</gc-op>
<gc-end id="604" type="partial gc" contextid="597" durationms="4.158" usertimems="4.000" systemtimems="0.000" timestamp="2019-07-03T01:08:40.111" activeThreads="4">
  <mem-info id="605" free="9437184" total="20971520" percent="45">
    <mem type="eden" free="917760" total="1048576" percent="87" />
    <remembered-set count="8800" freebytes="801920" totalbytes="837120" percent="95" regionsoverflowed="0" regionsstable="0" regionsrebuilding="4"/>
  </mem-info>
</gc-end>
<cycle-end id="606" type="partial gc" contextid="597" timestamp="2019-07-03T01:08:40.111">
  <attribute name="GC Util" value="44" />
  <attribute name="CPU Util" value="33389524584318" />
  <attribute name="Time Running"value="152330"/>
  <attribute name="Number of cores"value="4"/>
</cycle-end>
<exclusive-end id="607" timestamp="2019-07-03T01:08:40.112" durationms="4.809" />

<exclusive-start id="608" timestamp="2019-07-03T01:08:43.043" intervalms="2936.566">
  <response-info timems="0.053" idlems="0.053" threads="0" lastid="0000000001AC3100" lastname="node-12" />
</exclusive-start>
<allocation-taxation id="609" taxation-threshold="4194304" timestamp="2019-07-03T01:08:43.043" intervalms="2936.560" />
<gc-start id="610" type="global mark phase" contextid="586" timestamp="2019-07-03T01:08:43.044">
  <mem-info id="611" free="5242880" total="20971520" percent="25">
    <remembered-set count="8608" freebytes="802688" totalbytes="837120" percent="95" regionsoverflowed="0" regionsstable="0" regionsrebuilding="4"/>
  </mem-info>
</gc-start>
<gc-op id="612" type="mark increment" timems="1.477" contextid="586" timestamp="2019-07-03T01:08:43.045">
  <trace-info objectcount="5728" scancount="5700" scanbytes="159976" />
  <cardclean-info objects="1512" bytes="69204" />
  <finalization candidates="18" enqueued="0" />
  <references type="soft" candidates="45" cleared="0" enqueued="0" dynamicThreshold="14" maxThreshold="32" />
  <references type="weak" candidates="165" cleared="0" enqueued="0" />
  <references type="phantom" candidates="57" cleared="0" enqueued="0" />
  <stringconstants candidates="3825" cleared="0"  />
</gc-op>
<gc-op id="613" type="classunload" timems="0.002" contextid="586" timestamp="2019-07-03T01:08:43.045">
  <classunload-info classloadercandidates="6" classloadersunloaded="0" classesunloaded="0" anonymousclassesunloaded="0" quiescems="0.000" setupms="0.002" scanms="0.000" postms="0.000" />
</gc-op>
<gc-end id="614" type="global mark phase" contextid="586" durationms="1.677" usertimems="0.000" systemtimems="0.000" timestamp="2019-07-03T01:08:43.045" activeThreads="4">
  <mem-info id="615" free="5242880" total="20971520" percent="25">
    <remembered-set count="9120" freebytes="800640" totalbytes="837120" percent="95" regionsoverflowed="0" regionsstable="0" regionsrebuilding="0"/>
  </mem-info>
</gc-end>
<cycle-end id="616" type="global mark phase" contextid="586" timestamp="2019-07-03T01:08:43.045">
  <attribute name="GC Util" value="27" />
  <attribute name="CPU Util" value="41321222329579" />
  <attribute name="Time Running"value="155264"/>
  <attribute name="Number of cores"value="4"/>
</cycle-end>
<exclusive-end id="617" timestamp="2019-07-03T01:08:43.045" durationms="1.986" />

<exclusive-start id="618" timestamp="2019-07-03T01:08:45.756" intervalms="2712.672">
  <response-info timems="0.035" idlems="0.035" threads="0" lastid="0000000001ACE400" lastname="node-21" />
</exclusive-start>
<allocation-taxation id="619" taxation-threshold="4194304" timestamp="2019-07-03T01:08:45.756" intervalms="2712.659" />
<cycle-start id="620" type="partial gc" contextid="0" timestamp="2019-07-03T01:08:45.756" intervalms="5649.205" />
  <attribute name="GC Util" value="27" />
  <attribute name="CPU Util" value="41321222329579" />
  <attribute name="Time Running"value="155264"/>
  <attribute name="Number of cores"value="4"/>
<gc-start id="621" type="partial gc" contextid="620" timestamp="2019-07-03T01:08:45.756">
  <mem-info id="622" free="1048576" total="20971520" percent="5">
    <mem type="eden" free="917760" total="9437184" percent="9" />
    <remembered-set count="3680" freebytes="822400" totalbytes="837120" percent="98" regionsoverflowed="0" regionsstable="4" regionsrebuilding="0"/>
  </mem-info>
</gc-start>
<allocation-stats totalBytes="8382808" >
  <allocated-bytes non-tlh="0" tlh="8382808" arrayletleaf="0"/>
  <largest-consumer threadName="node-24" threadId="0000000001AEC300" bytes="237424" />
</allocation-stats>
<gc-op id="623" type="sweep" timems="0.365" contextid="620" timestamp="2019-07-03T01:08:45.757" />
<gc-op id="624" type="copy forward" timems="2.604" contextid="620" timestamp="2019-07-03T01:08:45.760">
  <memory-copied type="eden" objects="149" bytes="6440" bytesdiscarded="7320" />
  <memory-copied type="other" objects="36425" bytes="1726992" bytesdiscarded="475824" />
  <memory-cardclean objects="6856" bytes="197640" />
  <remembered-set-cleared processed="881" cleared="261" durationms="0.059" />
  <stringconstants candidates="3825" cleared="0"  />
  <heap-resize type="expand" space="default" amount="1048576" count="1" timems="0.075" reason="continue current collection" />
</gc-op>
<gc-op id="625" type="classunload" timems="0.002" contextid="620" timestamp="2019-07-03T01:08:45.760">
  <classunload-info classloadercandidates="6" classloadersunloaded="0" classesunloaded="0" anonymousclassesunloaded="0" quiescems="0.000" setupms="0.001" scanms="0.000" postms="0.000" />
</gc-op>
<gc-end id="626" type="partial gc" contextid="620" durationms="4.067" usertimems="8.000" systemtimems="0.000" timestamp="2019-07-03T01:08:45.760" activeThreads="4">
  <mem-info id="627" free="12582912" total="22020096" percent="57">
    <mem type="eden" free="1034816" total="1048576" percent="98" />
    <remembered-set count="3744" freebytes="864000" totalbytes="878976" percent="98" regionsoverflowed="0" regionsstable="4" regionsrebuilding="0"/>
  </mem-info>
</gc-end>
<cycle-end id="628" type="partial gc" contextid="620" timestamp="2019-07-03T01:08:45.761">
  <attribute name="GC Util" value="67" />
  <attribute name="CPU Util" value="83019023648978" />
  <attribute name="Time Running"value="157978"/>
  <attribute name="Number of cores"value="4"/>
</cycle-end>
<exclusive-end id="629" timestamp="2019-07-03T01:08:45.761" durationms="4.700" />

<exclusive-start id="630" timestamp="2019-07-03T01:08:49.908" intervalms="4151.968">
  <response-info timems="0.054" idlems="0.054" threads="0" lastid="0000000001AD9800" lastname="node-13" />
</exclusive-start>
<allocation-taxation id="631" taxation-threshold="6291456" timestamp="2019-07-03T01:08:49.908" intervalms="4151.971" />
<cycle-start id="632" type="global mark phase" contextid="0" timestamp="2019-07-03T01:08:49.908" intervalms="12778.998" />
  <attribute name="GC Util" value="67" />
  <attribute name="CPU Util" value="83019023648978" />
  <attribute name="Time Running"value="157978"/>
  <attribute name="Number of cores"value="4"/>
<gc-start id="633" type="global mark phase" contextid="632" timestamp="2019-07-03T01:08:49.908">
  <mem-info id="634" free="6291456" total="22020096" percent="28">
    <remembered-set count="1504" freebytes="872960" totalbytes="878976" percent="99" regionsoverflowed="0" regionsstable="6" regionsrebuilding="0"/>
  </mem-info>
</gc-start>
<gc-op id="635" type="mark increment" timems="2.787" contextid="632" timestamp="2019-07-03T01:08:49.911">
  <trace-info objectcount="143630" scancount="133091" scanbytes="5269900" />
</gc-op>
<gc-end id="636" type="global mark phase" contextid="632" durationms="2.903" usertimems="8.000" systemtimems="0.000" timestamp="2019-07-03T01:08:49.911" activeThreads="4">
  <mem-info id="637" free="6291456" total="22020096" percent="28">
    <remembered-set count="11232" freebytes="834048" totalbytes="878976" percent="94" regionsoverflowed="0" regionsstable="0" regionsrebuilding="6"/>
  </mem-info>
</gc-end>
<exclusive-end id="638" timestamp="2019-07-03T01:08:49.911" durationms="3.224" />

<exclusive-start id="639" timestamp="2019-07-03T01:08:54.110" intervalms="4201.704">
  <response-info timems="0.037" idlems="0.037" threads="0" lastid="0000000001ADD400" lastname="node-23" />
</exclusive-start>
<allocation-taxation id="640" taxation-threshold="6291456" timestamp="2019-07-03T01:08:54.110" intervalms="4201.707" />
<cycle-start id="641" type="partial gc" contextid="0" timestamp="2019-07-03T01:08:54.110" intervalms="8353.708" />
  <attribute name="GC Util" value="164" />
  <attribute name="CPU Util" value="91352624114449" />
  <attribute name="Time Running"value="162129"/>
  <attribute name="Number of cores"value="4"/>
<gc-start id="642" type="partial gc" contextid="641" timestamp="2019-07-03T01:08:54.110">
  <mem-info id="643" free="0" total="22020096" percent="0">
    <mem type="eden" free="0" total="12582912" percent="0" />
    <remembered-set count="10880" freebytes="835456" totalbytes="878976" percent="95" regionsoverflowed="0" regionsstable="0" regionsrebuilding="6"/>
  </mem-info>
</gc-start>
<allocation-stats totalBytes="12575184" >
  <allocated-bytes non-tlh="0" tlh="12575184" arrayletleaf="0"/>
  <largest-consumer threadName="node-9" threadId="0000000001ABF500" bytes="339544" />
</allocation-stats>
<gc-op id="644" type="mark" timems="1.545" contextid="641" timestamp="2019-07-03T01:08:54.112">
  <trace-info objectcount="7909" scancount="7868" scanbytes="404688" />
  <cardclean-info objects="1634" bytes="167424" />
  <remembered-set-cleared processed="9170" cleared="743" durationms="0.103" />
  <stringconstants candidates="3825" cleared="0"  />
  <warning details="Mark invoked due to insufficient free space for Copy-Forward" />
</gc-op>
<gc-op id="645" type="classunload" timems="0.002" contextid="641" timestamp="2019-07-03T01:08:54.112">
  <classunload-info classloadercandidates="6" classloadersunloaded="0" classesunloaded="0" anonymousclassesunloaded="0" quiescems="0.000" setupms="0.002" scanms="0.000" postms="0.000" />
</gc-op>
<gc-op id="646" type="sweep" timems="0.433" contextid="641" timestamp="2019-07-03T01:08:54.113" />
<gc-op id="647" type="compact" timems="3.241" contextid="641" timestamp="2019-07-03T01:08:54.116">
  <compact-info movecount="28314" movebytes="927136" />
  <remembered-set-cleared processed="17725" cleared="4207" durationms="0.103" />
</gc-op>
<gc-end id="648" type="partial gc" contextid="641" durationms="6.524" usertimems="12.000" systemtimems="0.000" timestamp="2019-07-03T01:08:54.117" activeThreads="4">
  <mem-info id="649" free="13631488" total="22020096" percent="61">
    <mem type="eden" free="847976" total="1048576" percent="80" />
    <remembered-set count="9056" freebytes="842752" totalbytes="878976" percent="95" regionsoverflowed="0" regionsstable="0" regionsrebuilding="6"/>
  </mem-info>
</gc-end>
<cycle-end id="650" type="partial gc" contextid="641" timestamp="2019-07-03T01:08:54.117">
  <attribute name="GC Util" value="43" />
  <attribute name="CPU Util" value="27617739008358" />
  <attribute name="Time Running"value="166333"/>
  <attribute name="Number of cores"value="4"/>
</cycle-end>
<exclusive-end id="651" timestamp="2019-07-03T01:08:54.117" durationms="7.367" />

<exclusive-start id="652" timestamp="2019-07-03T01:08:58.579" intervalms="4468.903">
  <response-info timems="0.444" idlems="0.225" threads="1" lastid="0000000001AA8D00" lastname="node-25" />
</exclusive-start>
<allocation-taxation id="653" taxation-threshold="6291456" timestamp="2019-07-03T01:08:58.579" intervalms="4468.915" />
<gc-start id="654" type="global mark phase" contextid="632" timestamp="2019-07-03T01:08:58.579">
  <mem-info id="655" free="7340032" total="22020096" percent="33">
    <remembered-set count="8608" freebytes="844544" totalbytes="878976" percent="96" regionsoverflowed="0" regionsstable="0" regionsrebuilding="6"/>
  </mem-info>
</gc-start>
<gc-op id="656" type="mark increment" timems="2.111" contextid="632" timestamp="2019-07-03T01:08:58.581">
  <trace-info objectcount="22217" scancount="21173" scanbytes="965780" />
  <cardclean-info objects="5652" bytes="297192" />
  <finalization candidates="18" enqueued="0" />
  <references type="soft" candidates="45" cleared="0" enqueued="0" dynamicThreshold="19" maxThreshold="32" />
  <references type="weak" candidates="165" cleared="0" enqueued="0" />
  <references type="phantom" candidates="57" cleared="0" enqueued="0" />
  <stringconstants candidates="3825" cleared="0"  />
</gc-op>
<gc-op id="657" type="classunload" timems="0.003" contextid="632" timestamp="2019-07-03T01:08:58.581">
  <classunload-info classloadercandidates="6" classloadersunloaded="0" classesunloaded="0" anonymousclassesunloaded="0" quiescems="0.000" setupms="0.003" scanms="0.000" postms="0.000" />
</gc-op>
<gc-end id="658" type="global mark phase" contextid="632" durationms="2.424" usertimems="0.000" systemtimems="4.000" timestamp="2019-07-03T01:08:58.581" activeThreads="4">
  <mem-info id="659" free="7340032" total="22020096" percent="33">
    <remembered-set count="12704" freebytes="828160" totalbytes="878976" percent="94" regionsoverflowed="0" regionsstable="0" regionsrebuilding="0"/>
  </mem-info>
</gc-end>
<cycle-end id="660" type="global mark phase" contextid="632" timestamp="2019-07-03T01:08:58.581">
  <attribute name="GC Util" value="227" />
  <attribute name="CPU Util" value="21837030340982" />
  <attribute name="Time Running"value="170801"/>
  <attribute name="Number of cores"value="4"/>
</cycle-end>
<exclusive-end id="661" timestamp="2019-07-03T01:08:58.582" durationms="2.993" />

</verbosegc>

