<?xml version="1.0" ?>

<verbosegc xmlns="http://www.ibm.com/j9/verbosegc" version="10b4217_CMPRSS">

<initialized id="1" timestamp="2019-06-16T17:31:53.341">
  <attribute name="gcPolicy" value="-Xgcpolicy:gencon" />
  <attribute name="elasticGC enabled" value="1" />
  <attribute name= "numThreadsSpecified" value="0" />
  <attribute name="heapSize specified" value="0" />
  <attribute name="Current GC Util" value="0" />
  <attribute name= "Current Time Running" value="0" />
  <attribute name ="GC Interval" value="0" />
  <attribute name="ProportionalT" value="0.000000" />
  <attribute name="ProportionalI" value="0.000000" />
  <attribute name="ProportionalH" value="0.000000" />
  <attribute name="IntegralT" value="0.000000" />
  <attribute name="IntegralI" value="0.000000" />
  <attribute name="IntegralH" value="0.000000" />
  <attribute name="DerivativeT" value="0.000000" />
  <attribute name="DerivativeI" value="0.000000" />
  <attribute name="DerivativeH" value="0.000000" />
  <attribute name="Target GC Util Change" value ="0.000000" />
  <attribute name="Current GC Util Change" value="0.000000"/>
  <attribute name="Current Error" value="0.000000" />
  <attribute name="Loop Time for DT" value="0.000000" />
  <attribute name="Output H" value="0"/>
  <attribute name="Output I" value="0"/>
  <attribute name="Output T" value="0"/>
  <attribute name="GC Util currently" value="0" />
  <attribute name="CPU Util currently" value="0" />
  <attribute name="maxHeapSize" value="0x7cbc0000" />
  <attribute name="initialHeapSize" value="0x800000" />
  <attribute name="compressedRefs" value="true" />
  <attribute name="compressedRefsDisplacement" value="0x0" />
  <attribute name="compressedRefsShift" value="0x0" />
  <attribute name="pageSize" value="0x1000" />
  <attribute name="pageType" value="not used" />
  <attribute name="requestedPageSize" value="0x1000" />
  <attribute name="requestedPageType" value="not used" />
  <attribute name="gcthreads" value="4" />
  <attribute name="gcthreads Concurrent Mark" value="1" />
  <attribute name="packetListSplit" value="4" />
  <attribute name="cacheListSplit" value="4" />
  <attribute name="splitFreeListSplitAmount" value="1" />
  <attribute name="numaNodes" value="0" />
  <system>
    <attribute name="physicalMemory" value="8370962432" />
    <attribute name="numCPUs" value="4" />
    <attribute name="architecture" value="amd64" />
    <attribute name="os" value="Linux" />
    <attribute name="osVersion" value="4.4.0-148-generic" />
  </system>
  <vmargs>
    <vmarg name="-Xoptionsfile=/vagrant/jdk/lib/options.default" />
    <vmarg name="-Xlockword:mode=default,noLockword=java/lang/String,noLockword=java/util/MapEntry,noLockword=java/util/HashMap$Entry,noLockword..." />
    <vmarg name="-Xjcl:jclse29" />
    <vmarg name="-Dcom.ibm.oti.vm.bootstrap.library.path=/vagrant/jdk/lib/compressedrefs:/vagrant/jdk/lib" />
    <vmarg name="-Dsun.boot.library.path=/vagrant/jdk/lib/compressedrefs:/vagrant/jdk/lib" />
    <vmarg name="-Djava.library.path=/vagrant/jdk/lib/compressedrefs:/vagrant/jdk/lib:/usr/lib64:/usr/lib" />
    <vmarg name="-Djava.home=/vagrant/jdk" />
    <vmarg name="-Duser.dir=/vagrant" />
    <vmarg name="-verbose:gc" />
    <vmarg name="-Xgcelastic" />
    <vmarg name="-Xcheck:gc:::elasticGC" />
    <vmarg name="-Xloggc:small-jdk-1-1-0.5-verbose4pmd.txt" />
    <vmarg name="-Djava.class.path=dacapo-9.12-MR1-bach.jar" />
    <vmarg name="-Dsun.java.command=dacapo-9.12-MR1-bach.jar pmd --size=small" />
    <vmarg name="-Dsun.java.launcher=SUN_STANDARD" />
    <vmarg name="-Dsun.java.launcher.pid=7854" />
  </vmargs>
</initialized>

<exclusive-start id="2" timestamp="2019-06-16T17:31:53.521" intervalms="179.195">
  <response-info timems="0.021" idlems="0.021" threads="0" lastid="0000000002169700" lastname="main" />
</exclusive-start>
<af-start id="3" threadId="000000000216A088" totalBytesRequested="7176" timestamp="2019-06-16T17:31:53.521" intervalms="179.395" type="nursery" />
<cycle-start id="4" type="scavenge" contextid="0" timestamp="2019-06-16T17:31:53.521" intervalms="179.784" />
<gc-start id="5" type="scavenge" contextid="4" timestamp="2019-06-16T17:31:53.526">
  <mem-info id="6" free="6062624" total="8388608" percent="72">
    <mem type="nursery" free="0" total="2097152" percent="0">
      <mem type="allocate" free="0" total="1048576" percent="0" />
      <mem type="survivor" free="0" total="1048576" percent="0" />
    </mem>
    <mem type="tenure" free="6062624" total="6291456" percent="96">
      <mem type="soa" free="5748256" total="5977088" percent="96" />
      <mem type="loa" free="314368" total="314368" percent="100" />
    </mem>
    <remembered-set count="3161" />
  </mem-info>
</gc-start>
<allocation-stats totalBytes="1275304" >
  <allocated-bytes non-tlh="344784" tlh="930520" />
  <largest-consumer threadName="main" threadId="0000000002169700" bytes="1198776" />
</allocation-stats>
<gc-op id="7" type="scavenge" timems="2.304" contextid="4" timestamp="2019-06-16T17:31:53.529">
  <scavenger-info tenureage="2" tenuremask="fffc" tiltratio="50" />
  <memory-copied type="nursery" objects="10578" bytes="479576" bytesdiscarded="50176" />
  <finalization candidates="11" enqueued="0" />
  <references type="soft" candidates="62" cleared="0" enqueued="0" dynamicThreshold="32" maxThreshold="32" />
  <references type="weak" candidates="309" cleared="177" enqueued="141" />
  <references type="phantom" candidates="25" cleared="6" enqueued="6" />
</gc-op>
<gc-end id="8" type="scavenge" contextid="4" durationms="6.564" usertimems="4.000" systemtimems="4.000" timestamp="2019-06-16T17:31:53.533" activeThreads="4">
  <mem-info id="9" free="6579352" total="8388608" percent="78">
    <mem type="nursery" free="516728" total="2097152" percent="24">
      <mem type="allocate" free="516728" total="1048576" percent="49" />
      <mem type="survivor" free="0" total="1048576" percent="0" />
    </mem>
    <mem type="tenure" free="6062624" total="6291456" percent="96">
      <mem type="soa" free="5748256" total="5977088" percent="96" />
      <mem type="loa" free="314368" total="314368" percent="100" />
    </mem>
    <pending-finalizers system="0" default="0" reference="147" classloader="0" />
    <remembered-set count="3161" />
  </mem-info>
</gc-end>
<cycle-end id="10" type="scavenge" contextid="4" timestamp="2019-06-16T17:31:53.533" />
  <attribute name="elasticGC enabled" value="1" />
  <attribute name= "numThreadsSpecified" value="0" />
  <attribute name="heapSize specified" value="0" />
  <attribute name="Current GC Util" value="0" />
  <attribute name= "Current Time Running" value="69" />
  <attribute name ="GC Interval" value="1" />
  <attribute name="ProportionalT" value="0.000000" />
  <attribute name="ProportionalI" value="0.000000" />
  <attribute name="ProportionalH" value="0.000000" />
  <attribute name="Current Error" value="0.000000" />
  <attribute name="IntegralT" value="0.000000" />
  <attribute name="IntegralI" value="0.000000" />
  <attribute name="IntegralH" value="0.000000" />
  <attribute name="DerivativeT" value="0.000000" />
  <attribute name="DerivativeI" value="0.000000" />
  <attribute name="DerivativeH" value="0.000000" />
  <attribute name="Loop Time for DT" value="0.000000" />
  <attribute name="Output H" value="0"/>
  <attribute name="Output I" value="0"/>
  <attribute name="Output T" value="0"/>
  <attribute name="Target GC Util Change" value ="20.000000" />
  <attribute name="Current GC Util Change" value="0.000000"/>
  <attribute name="GC Util currently" value="0" />
  <attribute name="CPU Util currently" value="25" />
<allocation-satisfied id="11" threadId="0000000002169700" bytesRequested="7176" />
<af-end id="12" timestamp="2019-06-16T17:31:53.533" threadId="000000000216A088" success="true" from="nursery"/>
<exclusive-end id="13" timestamp="2019-06-16T17:31:53.533" durationms="12.867" />

<exclusive-start id="14" timestamp="2019-06-16T17:31:53.560" intervalms="39.188">
  <response-info timems="0.034" idlems="0.034" threads="0" lastid="0000000002169700" lastname="main" />
</exclusive-start>
<af-start id="15" threadId="000000000216A088" totalBytesRequested="32" timestamp="2019-06-16T17:31:53.560" intervalms="39.087" type="nursery" />
<cycle-start id="16" type="scavenge" contextid="0" timestamp="2019-06-16T17:31:53.560" intervalms="38.782" />
<gc-start id="17" type="scavenge" contextid="16" timestamp="2019-06-16T17:31:53.564">
  <mem-info id="18" free="6053832" total="8388608" percent="72">
    <mem type="nursery" free="0" total="2097152" percent="0">
      <mem type="allocate" free="0" total="1048576" percent="0" />
      <mem type="survivor" free="0" total="1048576" percent="0" />
    </mem>
    <mem type="tenure" free="6053832" total="6291456" percent="96">
      <mem type="soa" free="5739464" total="5977088" percent="96" />
      <mem type="loa" free="314368" total="314368" percent="100" />
    </mem>
    <remembered-set count="3274" />
  </mem-info>
</gc-start>
<allocation-stats totalBytes="524336" >
  <allocated-bytes non-tlh="15968" tlh="508368" />
  <largest-consumer threadName="main" threadId="0000000002169700" bytes="512360" />
</allocation-stats>
<gc-op id="19" type="scavenge" timems="0.887" contextid="16" timestamp="2019-06-16T17:31:53.565">
  <scavenger-info tenureage="5" tenuremask="7fe0" tiltratio="50" />
  <memory-copied type="nursery" objects="11021" bytes="489368" bytesdiscarded="72512" />
  <finalization candidates="11" enqueued="0" />
  <references type="soft" candidates="62" cleared="0" enqueued="0" dynamicThreshold="32" maxThreshold="32" />
  <references type="weak" candidates="280" cleared="135" enqueued="132" />
  <references type="phantom" candidates="43" cleared="15" enqueued="15" />
</gc-op>
<gc-end id="20" type="scavenge" contextid="16" durationms="1.080" usertimems="0.000" systemtimems="4.000" timestamp="2019-06-16T17:31:53.565" activeThreads="4">
  <mem-info id="21" free="6539064" total="8388608" percent="77">
    <mem type="nursery" free="485232" total="2097152" percent="23">
      <mem type="allocate" free="485232" total="1048576" percent="46" />
      <mem type="survivor" free="0" total="1048576" percent="0" />
    </mem>
    <mem type="tenure" free="6053832" total="6291456" percent="96">
      <mem type="soa" free="5739464" total="5977088" percent="96" />
      <mem type="loa" free="314368" total="314368" percent="100" />
    </mem>
    <pending-finalizers system="0" default="0" reference="147" classloader="0" />
    <remembered-set count="3274" />
  </mem-info>
</gc-end>
<cycle-end id="22" type="scavenge" contextid="16" timestamp="2019-06-16T17:31:53.565" />
  <attribute name="elasticGC enabled" value="1" />
  <attribute name= "numThreadsSpecified" value="4" />
  <attribute name="heapSize specified" value="0" />
  <attribute name="Current GC Util" value="32" />
  <attribute name= "Current Time Running" value="107" />
  <attribute name ="GC Interval" value="472" />
  <attribute name="ProportionalT" value="12.000000" />
  <attribute name="ProportionalI" value="12.000000" />
  <attribute name="ProportionalH" value="12.000000" />
  <attribute name="Current Error" value="12.000000" />
  <attribute name="IntegralT" value="456.000000" />
  <attribute name="IntegralI" value="456.000000" />
  <attribute name="IntegralH" value="456.000000" />
  <attribute name="DerivativeT" value="0.157895" />
  <attribute name="DerivativeI" value="0.157895" />
  <attribute name="DerivativeH" value="0.157895" />
  <attribute name="Loop Time for DT" value="38.000000" />
  <attribute name="Output H" value="8388608"/>
  <attribute name="Output I" value="472"/>
  <attribute name="Output T" value="4"/>
  <attribute name="Target GC Util Change" value ="20.000000" />
  <attribute name="Current GC Util Change" value="32.000000"/>
  <attribute name="GC Util currently" value="32" />
  <attribute name="CPU Util currently" value="18" />
<allocation-satisfied id="23" threadId="0000000002169700" bytesRequested="32" />
<af-end id="24" timestamp="2019-06-16T17:31:53.566" threadId="000000000216A088" success="true" from="nursery"/>
<exclusive-end id="25" timestamp="2019-06-16T17:31:53.566" durationms="5.838" />

<exclusive-start id="26" timestamp="2019-06-16T17:31:53.581" intervalms="20.869">
  <response-info timems="0.078" idlems="0.078" threads="0" lastid="0000000002169700" lastname="main" />
</exclusive-start>
<af-start id="27" threadId="000000000216A088" totalBytesRequested="48" timestamp="2019-06-16T17:31:53.581" intervalms="20.876" type="nursery" />
<cycle-start id="28" type="scavenge" contextid="0" timestamp="2019-06-16T17:31:53.581" intervalms="20.853" />
<gc-start id="29" type="scavenge" contextid="28" timestamp="2019-06-16T17:31:53.581">
  <mem-info id="30" free="6049072" total="8388608" percent="72">
    <mem type="nursery" free="0" total="2097152" percent="0">
      <mem type="allocate" free="0" total="1048576" percent="0" />
      <mem type="survivor" free="0" total="1048576" percent="0" />
    </mem>
    <mem type="tenure" free="6049072" total="6291456" percent="96">
      <mem type="soa" free="5734704" total="5977088" percent="95" />
      <mem type="loa" free="314368" total="314368" percent="100" />
    </mem>
    <remembered-set count="3352" />
  </mem-info>
</gc-start>
<allocation-stats totalBytes="489304" >
  <allocated-bytes non-tlh="4792" tlh="484512" />
  <largest-consumer threadName="main" threadId="0000000002169700" bytes="481112" />
</allocation-stats>
<gc-op id="31" type="scavenge" timems="0.903" contextid="28" timestamp="2019-06-16T17:31:53.582">
  <scavenger-info tenureage="4" tenuremask="7ff0" tiltratio="50" />
  <memory-copied type="nursery" objects="11168" bytes="550072" bytesdiscarded="130208" />
  <finalization candidates="11" enqueued="0" />
  <references type="soft" candidates="62" cleared="0" enqueued="0" dynamicThreshold="32" maxThreshold="32" />
  <references type="weak" candidates="210" cleared="64" enqueued="64" />
  <references type="phantom" candidates="42" cleared="12" enqueued="12" />
</gc-op>
<gc-end id="32" type="scavenge" contextid="28" durationms="1.059" usertimems="4.000" systemtimems="0.000" timestamp="2019-06-16T17:31:53.582" activeThreads="4">
  <mem-info id="33" free="6415912" total="8388608" percent="76">
    <mem type="nursery" free="366840" total="2097152" percent="17">
      <mem type="allocate" free="366840" total="1048576" percent="34" />
      <mem type="survivor" free="0" total="1048576" percent="0" />
    </mem>
    <mem type="tenure" free="6049072" total="6291456" percent="96">
      <mem type="soa" free="5734704" total="5977088" percent="95" />
      <mem type="loa" free="314368" total="314368" percent="100" />
    </mem>
    <pending-finalizers system="0" default="0" reference="76" classloader="0" />
    <remembered-set count="1082" />
  </mem-info>
</gc-end>
<cycle-end id="34" type="scavenge" contextid="28" timestamp="2019-06-16T17:31:53.582" />
  <attribute name="elasticGC enabled" value="1" />
  <attribute name= "numThreadsSpecified" value="4" />
  <attribute name="heapSize specified" value="0" />
  <attribute name="Current GC Util" value="36" />
  <attribute name= "Current Time Running" value="124" />
  <attribute name ="GC Interval" value="744" />
  <attribute name="ProportionalT" value="16.000000" />
  <attribute name="ProportionalI" value="16.000000" />
  <attribute name="ProportionalH" value="16.000000" />
  <attribute name="Current Error" value="16.000000" />
  <attribute name="IntegralT" value="728.000000" />
  <attribute name="IntegralI" value="728.000000" />
  <attribute name="IntegralH" value="728.000000" />
  <attribute name="DerivativeT" value="0.117647" />
  <attribute name="DerivativeI" value="0.117647" />
  <attribute name="DerivativeH" value="0.117647" />
  <attribute name="Loop Time for DT" value="17.000000" />
  <attribute name="Output H" value="8388608"/>
  <attribute name="Output I" value="744"/>
  <attribute name="Output T" value="4"/>
  <attribute name="Target GC Util Change" value ="20.000000" />
  <attribute name="Current GC Util Change" value="36.000000"/>
  <attribute name="GC Util currently" value="36" />
  <attribute name="CPU Util currently" value="2" />
<allocation-satisfied id="35" threadId="0000000002169700" bytesRequested="48" />
<af-end id="36" timestamp="2019-06-16T17:31:53.582" threadId="000000000216A088" success="true" from="nursery"/>
<exclusive-end id="37" timestamp="2019-06-16T17:31:53.582" durationms="1.496" />

<exclusive-start id="38" timestamp="2019-06-16T17:31:53.661" intervalms="80.716">
  <response-info timems="0.035" idlems="0.035" threads="0" lastid="0000000002169700" lastname="main" />
</exclusive-start>
<af-start id="39" threadId="000000000216A088" totalBytesRequested="2056" timestamp="2019-06-16T17:31:53.661" intervalms="80.695" type="nursery" />
<cycle-start id="40" type="scavenge" contextid="0" timestamp="2019-06-16T17:31:53.661" intervalms="80.688" />
<gc-start id="41" type="scavenge" contextid="40" timestamp="2019-06-16T17:31:53.662">
  <mem-info id="42" free="6048488" total="8388608" percent="72">
    <mem type="nursery" free="0" total="2097152" percent="0">
      <mem type="allocate" free="0" total="1048576" percent="0" />
      <mem type="survivor" free="0" total="1048576" percent="0" />
    </mem>
    <mem type="tenure" free="6048488" total="6291456" percent="96">
      <mem type="soa" free="5734120" total="5977088" percent="95" />
      <mem type="loa" free="314368" total="314368" percent="100" />
    </mem>
    <remembered-set count="1091" />
  </mem-info>
</gc-start>
<allocation-stats totalBytes="360656" >
  <allocated-bytes non-tlh="632" tlh="360024" />
  <largest-consumer threadName="main" threadId="0000000002169700" bytes="360656" />
</allocation-stats>
<gc-op id="43" type="scavenge" timems="1.051" contextid="40" timestamp="2019-06-16T17:31:53.663">
  <scavenger-info tenureage="3" tenuremask="fff8" tiltratio="50" />
  <memory-copied type="nursery" objects="774" bytes="175488" bytesdiscarded="40560" />
  <memory-copied type="tenure" objects="10288" bytes="459744" bytesdiscarded="128" />
  <finalization candidates="13" enqueued="0" />
  <references type="soft" candidates="1" cleared="0" enqueued="0" dynamicThreshold="32" maxThreshold="32" />
  <references type="weak" candidates="37" cleared="21" enqueued="21" />
  <references type="phantom" candidates="21" cleared="7" enqueued="7" />
</gc-op>
<gc-end id="44" type="scavenge" contextid="40" durationms="1.199" usertimems="0.000" systemtimems="0.000" timestamp="2019-06-16T17:31:53.663" activeThreads="4">
  <mem-info id="45" free="6323480" total="8388608" percent="75">
    <mem type="nursery" free="832456" total="2097152" percent="39">
      <mem type="allocate" free="832456" total="1048576" percent="79" />
      <mem type="survivor" free="0" total="1048576" percent="0" />
    </mem>
    <mem type="tenure" free="5491024" total="6291456" percent="87">
      <mem type="soa" free="5176656" total="5977088" percent="86" />
      <mem type="loa" free="314368" total="314368" percent="100" />
    </mem>
    <pending-finalizers system="0" default="0" reference="28" classloader="0" />
    <remembered-set count="201" />
  </mem-info>
</gc-end>
<cycle-end id="46" type="scavenge" contextid="40" timestamp="2019-06-16T17:31:53.663" />
  <attribute name="elasticGC enabled" value="1" />
  <attribute name= "numThreadsSpecified" value="4" />
  <attribute name="heapSize specified" value="0" />
  <attribute name="Current GC Util" value="2" />
  <attribute name= "Current Time Running" value="204" />
  <attribute name ="GC Interval" value="200" />
  <attribute name="ProportionalT" value="-18.000000" />
  <attribute name="ProportionalI" value="-18.000000" />
  <attribute name="ProportionalH" value="-18.000000" />
  <attribute name="Current Error" value="-18.000000" />
  <attribute name="IntegralT" value="-712.000000" />
  <attribute name="IntegralI" value="-712.000000" />
  <attribute name="IntegralH" value="-712.000000" />
  <attribute name="DerivativeT" value="-0.212500" />
  <attribute name="DerivativeI" value="-0.212500" />
  <attribute name="DerivativeH" value="-0.212500" />
  <attribute name="Loop Time for DT" value="80.000000" />
  <attribute name="Output H" value="2092630016"/>
  <attribute name="Output I" value="200"/>
  <attribute name="Output T" value="4"/>
  <attribute name="Target GC Util Change" value ="20.000000" />
  <attribute name="Current GC Util Change" value="2.000000"/>
  <attribute name="GC Util currently" value="2" />
  <attribute name="CPU Util currently" value="3" />
<allocation-satisfied id="47" threadId="0000000002169700" bytesRequested="2056" />
<af-end id="48" timestamp="2019-06-16T17:31:53.663" threadId="000000000216A088" success="true" from="nursery"/>
<exclusive-end id="49" timestamp="2019-06-16T17:31:53.663" durationms="1.590" />

<exclusive-start id="50" timestamp="2019-06-16T17:31:53.763" intervalms="101.274">
  <response-info timems="0.033" idlems="0.033" threads="0" lastid="0000000002169700" lastname="main" />
</exclusive-start>
<af-start id="51" threadId="000000000216A088" totalBytesRequested="2056" timestamp="2019-06-16T17:31:53.763" intervalms="101.265" type="nursery" />
<cycle-start id="52" type="scavenge" contextid="0" timestamp="2019-06-16T17:31:53.763" intervalms="101.265" />
<gc-start id="53" type="scavenge" contextid="52" timestamp="2019-06-16T17:31:53.763">
  <mem-info id="54" free="5490104" total="8388608" percent="65">
    <mem type="nursery" free="0" total="2097152" percent="0">
      <mem type="allocate" free="0" total="1048576" percent="0" />
      <mem type="survivor" free="0" total="1048576" percent="0" />
    </mem>
    <mem type="tenure" free="5490104" total="6291456" percent="87">
      <mem type="soa" free="5175736" total="5977088" percent="86" />
      <mem type="loa" free="314368" total="314368" percent="100" />
    </mem>
    <remembered-set count="216" />
  </mem-info>
</gc-start>
<allocation-stats totalBytes="821992" >
  <allocated-bytes non-tlh="2976" tlh="819016" />
  <largest-consumer threadName="main" threadId="0000000002169700" bytes="821992" />
</allocation-stats>
<gc-op id="55" type="scavenge" timems="0.494" contextid="52" timestamp="2019-06-16T17:31:53.763">
  <scavenger-info tenureage="3" tenuremask="fff8" tiltratio="50" />
  <memory-copied type="nursery" objects="472" bytes="97576" bytesdiscarded="44440" />
  <memory-copied type="tenure" objects="315" bytes="15968" bytesdiscarded="0" />
  <finalization candidates="3" enqueued="1" />
  <references type="soft" candidates="1" cleared="0" enqueued="0" dynamicThreshold="32" maxThreshold="32" />
  <references type="weak" candidates="5" cleared="3" enqueued="3" />
  <references type="phantom" candidates="6" cleared="1" enqueued="1" />
</gc-op>
<gc-end id="56" type="scavenge" contextid="52" durationms="0.657" usertimems="0.000" systemtimems="0.000" timestamp="2019-06-16T17:31:53.763" activeThreads="4">
  <mem-info id="57" free="6357416" total="8388608" percent="75">
    <mem type="nursery" free="906480" total="2097152" percent="43">
      <mem type="allocate" free="906480" total="1048576" percent="86" />
      <mem type="survivor" free="0" total="1048576" percent="0" />
    </mem>
    <mem type="tenure" free="5450936" total="6291456" percent="86">
      <mem type="soa" free="5136568" total="5977088" percent="85" />
      <mem type="loa" free="314368" total="314368" percent="100" />
    </mem>
    <pending-finalizers system="1" default="0" reference="4" classloader="0" />
    <remembered-set count="115" />
  </mem-info>
</gc-end>
<cycle-end id="58" type="scavenge" contextid="52" timestamp="2019-06-16T17:31:53.764" />
  <attribute name="elasticGC enabled" value="1" />
  <attribute name= "numThreadsSpecified" value="4" />
  <attribute name="heapSize specified" value="0" />
  <attribute name="Current GC Util" value="1" />
  <attribute name= "Current Time Running" value="306" />
  <attribute name ="GC Interval" value="200" />
  <attribute name="ProportionalT" value="-19.000000" />
  <attribute name="ProportionalI" value="-19.000000" />
  <attribute name="ProportionalH" value="-19.000000" />
  <attribute name="Current Error" value="-19.000000" />
  <attribute name="IntegralT" value="-2650.000000" />
  <attribute name="IntegralI" value="-2650.000000" />
  <attribute name="IntegralH" value="-2650.000000" />
  <attribute name="DerivativeT" value="-0.093137" />
  <attribute name="DerivativeI" value="-0.093137" />
  <attribute name="DerivativeH" value="-0.093137" />
  <attribute name="Loop Time for DT" value="102.000000" />
  <attribute name="Output H" value="2092630016"/>
  <attribute name="Output I" value="200"/>
  <attribute name="Output T" value="4"/>
  <attribute name="Target GC Util Change" value ="20.000000" />
  <attribute name="Current GC Util Change" value="1.000000"/>
  <attribute name="GC Util currently" value="1" />
  <attribute name="CPU Util currently" value="4" />
<allocation-satisfied id="59" threadId="0000000002169700" bytesRequested="2056" />
<af-end id="60" timestamp="2019-06-16T17:31:53.764" threadId="000000000216A088" success="true" from="nursery"/>
<exclusive-end id="61" timestamp="2019-06-16T17:31:53.764" durationms="1.050" />

<exclusive-start id="62" timestamp="2019-06-16T17:31:53.853" intervalms="90.599">
  <response-info timems="0.034" idlems="0.034" threads="0" lastid="0000000002169700" lastname="main" />
</exclusive-start>
<af-start id="63" threadId="000000000216A088" totalBytesRequested="2056" timestamp="2019-06-16T17:31:53.853" intervalms="90.589" type="nursery" />
<cycle-start id="64" type="scavenge" contextid="0" timestamp="2019-06-16T17:31:53.853" intervalms="90.583" />
<gc-start id="65" type="scavenge" contextid="64" timestamp="2019-06-16T17:31:53.853">
  <mem-info id="66" free="5450936" total="8388608" percent="64">
    <mem type="nursery" free="0" total="2097152" percent="0">
      <mem type="allocate" free="0" total="1048576" percent="0" />
      <mem type="survivor" free="0" total="1048576" percent="0" />
    </mem>
    <mem type="tenure" free="5450936" total="6291456" percent="86">
      <mem type="soa" free="5136568" total="5977088" percent="85" />
      <mem type="loa" free="314368" total="314368" percent="100" />
    </mem>
    <remembered-set count="117" />
  </mem-info>
</gc-start>
<allocation-stats totalBytes="893216" >
  <allocated-bytes non-tlh="2056" tlh="891160" />
  <largest-consumer threadName="main" threadId="0000000002169700" bytes="893216" />
</allocation-stats>
<gc-op id="67" type="scavenge" timems="0.303" contextid="64" timestamp="2019-06-16T17:31:53.854">
  <scavenger-info tenureage="3" tenuremask="fff8" tiltratio="50" />
  <memory-copied type="nursery" objects="218" bytes="76776" bytesdiscarded="26072" />
  <memory-copied type="tenure" objects="234" bytes="9832" bytesdiscarded="0" />
  <finalization candidates="2" enqueued="0" />
  <references type="soft" candidates="1" cleared="0" enqueued="0" dynamicThreshold="32" maxThreshold="32" />
  <references type="weak" candidates="1" cleared="0" enqueued="0" />
  <references type="phantom" candidates="5" cleared="0" enqueued="0" />
</gc-op>
<gc-end id="68" type="scavenge" contextid="64" durationms="0.481" usertimems="0.000" systemtimems="0.000" timestamp="2019-06-16T17:31:53.854" activeThreads="4">
  <mem-info id="69" free="6527656" total="8388608" percent="77">
    <mem type="nursery" free="1076720" total="2097152" percent="51">
      <mem type="allocate" free="1076720" total="1179648" percent="91" />
      <mem type="survivor" free="0" total="917504" percent="0" />
    </mem>
    <mem type="tenure" free="5450936" total="6291456" percent="86">
      <mem type="soa" free="5136568" total="5977088" percent="85" />
      <mem type="loa" free="314368" total="314368" percent="100" />
    </mem>
    <remembered-set count="93" />
  </mem-info>
</gc-end>
<cycle-end id="70" type="scavenge" contextid="64" timestamp="2019-06-16T17:31:53.854" />
  <attribute name="elasticGC enabled" value="1" />
  <attribute name= "numThreadsSpecified" value="4" />
  <attribute name="heapSize specified" value="0" />
  <attribute name="Current GC Util" value="0" />
  <attribute name= "Current Time Running" value="396" />
  <attribute name ="GC Interval" value="200" />
  <attribute name="ProportionalT" value="-20.000000" />
  <attribute name="ProportionalI" value="-20.000000" />
  <attribute name="ProportionalH" value="-20.000000" />
  <attribute name="Current Error" value="-20.000000" />
  <attribute name="IntegralT" value="-4450.000000" />
  <attribute name="IntegralI" value="-4450.000000" />
  <attribute name="IntegralH" value="-4450.000000" />
  <attribute name="DerivativeT" value="-0.111111" />
  <attribute name="DerivativeI" value="-0.111111" />
  <attribute name="DerivativeH" value="-0.111111" />
  <attribute name="Loop Time for DT" value="90.000000" />
  <attribute name="Output H" value="2092630016"/>
  <attribute name="Output I" value="200"/>
  <attribute name="Output T" value="4"/>
  <attribute name="Target GC Util Change" value ="20.000000" />
  <attribute name="Current GC Util Change" value="0.000000"/>
  <attribute name="GC Util currently" value="0" />
  <attribute name="CPU Util currently" value="4" />
<allocation-satisfied id="71" threadId="0000000002169700" bytesRequested="2056" />
<af-end id="72" timestamp="2019-06-16T17:31:53.854" threadId="000000000216A088" success="true" from="nursery"/>
<exclusive-end id="73" timestamp="2019-06-16T17:31:53.854" durationms="0.821" />

<exclusive-start id="74" timestamp="2019-06-16T17:31:54.168" intervalms="314.784">
  <response-info timems="0.031" idlems="0.031" threads="0" lastid="0000000002169700" lastname="main" />
</exclusive-start>
<af-start id="75" threadId="000000000216A088" totalBytesRequested="2056" timestamp="2019-06-16T17:31:54.168" intervalms="314.814" type="nursery" />
<cycle-start id="76" type="scavenge" contextid="0" timestamp="2019-06-16T17:31:54.168" intervalms="314.826" />
<gc-start id="77" type="scavenge" contextid="76" timestamp="2019-06-16T17:31:54.168">
  <mem-info id="78" free="5450936" total="8388608" percent="64">
    <mem type="nursery" free="0" total="2097152" percent="0">
      <mem type="allocate" free="0" total="1179648" percent="0" />
      <mem type="survivor" free="0" total="917504" percent="0" />
    </mem>
    <mem type="tenure" free="5450936" total="6291456" percent="86">
      <mem type="soa" free="5136568" total="5977088" percent="85" />
      <mem type="loa" free="314368" total="314368" percent="100" />
    </mem>
    <remembered-set count="93" />
  </mem-info>
</gc-start>
<allocation-stats totalBytes="1069432" >
  <allocated-bytes non-tlh="2056" tlh="1067376" />
  <largest-consumer threadName="main" threadId="0000000002169700" bytes="1069432" />
</allocation-stats>
<gc-op id="79" type="scavenge" timems="0.319" contextid="76" timestamp="2019-06-16T17:31:54.169">
  <scavenger-info tenureage="5" tenuremask="ffe0" tiltratio="56" />
  <memory-copied type="nursery" objects="219" bytes="78816" bytesdiscarded="1264" />
  <finalization candidates="2" enqueued="0" />
  <references type="soft" candidates="1" cleared="0" enqueued="0" dynamicThreshold="32" maxThreshold="32" />
  <references type="weak" candidates="1" cleared="0" enqueued="0" />
  <references type="phantom" candidates="5" cleared="0" enqueued="0" />
</gc-op>
<gc-end id="80" type="scavenge" contextid="76" durationms="0.499" usertimems="0.000" systemtimems="0.000" timestamp="2019-06-16T17:31:54.169" activeThreads="4">
  <mem-info id="81" free="6681496" total="8388608" percent="79">
    <mem type="nursery" free="1230560" total="2097152" percent="58">
      <mem type="allocate" free="1230560" total="1310720" percent="93" />
      <mem type="survivor" free="0" total="786432" percent="0" />
    </mem>
    <mem type="tenure" free="5450936" total="6291456" percent="86">
      <mem type="soa" free="5136568" total="5977088" percent="85" />
      <mem type="loa" free="314368" total="314368" percent="100" />
    </mem>
    <remembered-set count="81" />
  </mem-info>
</gc-end>
<cycle-end id="82" type="scavenge" contextid="76" timestamp="2019-06-16T17:31:54.169" />
  <attribute name="elasticGC enabled" value="1" />
  <attribute name= "numThreadsSpecified" value="4" />
  <attribute name="heapSize specified" value="0" />
  <attribute name="Current GC Util" value="0" />
  <attribute name= "Current Time Running" value="711" />
  <attribute name ="GC Interval" value="200" />
  <attribute name="ProportionalT" value="-20.000000" />
  <attribute name="ProportionalI" value="-20.000000" />
  <attribute name="ProportionalH" value="-20.000000" />
  <attribute name="Current Error" value="-20.000000" />
  <attribute name="IntegralT" value="-6300.000000" />
  <attribute name="IntegralI" value="-6300.000000" />
  <attribute name="IntegralH" value="-6300.000000" />
  <attribute name="DerivativeT" value="-0.031746" />
  <attribute name="DerivativeI" value="-0.031746" />
  <attribute name="DerivativeH" value="-0.031746" />
  <attribute name="Loop Time for DT" value="315.000000" />
  <attribute name="Output H" value="2092630016"/>
  <attribute name="Output I" value="200"/>
  <attribute name="Output T" value="4"/>
  <attribute name="Target GC Util Change" value ="20.000000" />
  <attribute name="Current GC Util Change" value="0.000000"/>
  <attribute name="GC Util currently" value="0" />
  <attribute name="CPU Util currently" value="2" />
<allocation-satisfied id="83" threadId="0000000002169700" bytesRequested="2056" />
<af-end id="84" timestamp="2019-06-16T17:31:54.169" threadId="000000000216A088" success="true" from="nursery"/>
<exclusive-end id="85" timestamp="2019-06-16T17:31:54.169" durationms="0.942" />

<exclusive-start id="86" timestamp="2019-06-16T17:31:54.249" intervalms="81.422">
  <response-info timems="0.031" idlems="0.031" threads="0" lastid="0000000002169700" lastname="main" />
</exclusive-start>
<af-start id="87" threadId="000000000216A088" totalBytesRequested="136" timestamp="2019-06-16T17:31:54.250" intervalms="81.406" type="nursery" />
<cycle-start id="88" type="scavenge" contextid="0" timestamp="2019-06-16T17:31:54.250" intervalms="81.440" />
<gc-start id="89" type="scavenge" contextid="88" timestamp="2019-06-16T17:31:54.250">
  <mem-info id="90" free="5445328" total="8388608" percent="64">
    <mem type="nursery" free="0" total="2097152" percent="0">
      <mem type="allocate" free="0" total="1310720" percent="0" />
      <mem type="survivor" free="0" total="786432" percent="0" />
    </mem>
    <mem type="tenure" free="5445328" total="6291456" percent="86">
      <mem type="soa" free="5130960" total="5977088" percent="85" />
      <mem type="loa" free="314368" total="314368" percent="100" />
    </mem>
    <remembered-set count="178" />
  </mem-info>
</gc-start>
<allocation-stats totalBytes="1233704" >
  <allocated-bytes non-tlh="175800" tlh="1057904" />
  <largest-consumer threadName="main" threadId="0000000002169700" bytes="1233704" />
</allocation-stats>
<gc-op id="91" type="scavenge" timems="0.350" contextid="88" timestamp="2019-06-16T17:31:54.250">
  <scavenger-info tenureage="3" tenuremask="fff8" tiltratio="62" />
  <memory-copied type="nursery" objects="1087" bytes="346992" bytesdiscarded="119688" />
  <memory-copied type="tenure" objects="164" bytes="55384" bytesdiscarded="384" />
  <finalization candidates="6" enqueued="0" />
  <references type="soft" candidates="1" cleared="0" enqueued="0" dynamicThreshold="32" maxThreshold="32" />
  <references type="weak" candidates="328" cleared="217" enqueued="155" />
  <references type="phantom" candidates="24" cleared="0" enqueued="0" />
</gc-op>
<gc-end id="92" type="scavenge" contextid="88" durationms="0.615" usertimems="0.000" systemtimems="0.000" timestamp="2019-06-16T17:31:54.250" activeThreads="4">
  <mem-info id="93" free="6264744" total="8388608" percent="74">
    <mem type="nursery" free="844008" total="2097152" percent="40">
      <mem type="allocate" free="844008" total="1310720" percent="64" />
      <mem type="survivor" free="0" total="786432" percent="0" />
    </mem>
    <mem type="tenure" free="5420736" total="6291456" percent="86">
      <mem type="soa" free="5106368" total="5977088" percent="85" />
      <mem type="loa" free="314368" total="314368" percent="100" />
    </mem>
    <pending-finalizers system="0" default="0" reference="155" classloader="0" />
    <remembered-set count="164" />
  </mem-info>
</gc-end>
<cycle-end id="94" type="scavenge" contextid="88" timestamp="2019-06-16T17:31:54.250" />
  <attribute name="elasticGC enabled" value="1" />
  <attribute name= "numThreadsSpecified" value="4" />
  <attribute name="heapSize specified" value="0" />
  <attribute name="Current GC Util" value="0" />
  <attribute name= "Current Time Running" value="793" />
  <attribute name ="GC Interval" value="200" />
  <attribute name="ProportionalT" value="-20.000000" />
  <attribute name="ProportionalI" value="-20.000000" />
  <attribute name="ProportionalH" value="-20.000000" />
  <attribute name="Current Error" value="-20.000000" />
  <attribute name="IntegralT" value="-1640.000000" />
  <attribute name="IntegralI" value="-1640.000000" />
  <attribute name="IntegralH" value="-1640.000000" />
  <attribute name="DerivativeT" value="-0.121951" />
  <attribute name="DerivativeI" value="-0.121951" />
  <attribute name="DerivativeH" value="-0.121951" />
  <attribute name="Loop Time for DT" value="82.000000" />
  <attribute name="Output H" value="2092630016"/>
  <attribute name="Output I" value="200"/>
  <attribute name="Output T" value="4"/>
  <attribute name="Target GC Util Change" value ="20.000000" />
  <attribute name="Current GC Util Change" value="0.000000"/>
  <attribute name="GC Util currently" value="0" />
  <attribute name="CPU Util currently" value="14" />
<allocation-satisfied id="95" threadId="0000000002169700" bytesRequested="136" />
<af-end id="96" timestamp="2019-06-16T17:31:54.251" threadId="000000000216A088" success="true" from="nursery"/>
<exclusive-end id="97" timestamp="2019-06-16T17:31:54.251" durationms="1.143" />

<exclusive-start id="98" timestamp="2019-06-16T17:31:54.266" intervalms="16.990">
  <response-info timems="0.031" idlems="0.031" threads="0" lastid="0000000002169700" lastname="main" />
</exclusive-start>
<sys-start reason="explicit" id="99" timestamp="2019-06-16T17:31:54.266" intervalms="925.106" />
<cycle-start id="100" type="global" contextid="0" timestamp="2019-06-16T17:31:54.267" intervalms="925.276" />
<gc-start id="101" type="global" contextid="100" timestamp="2019-06-16T17:31:54.267">
  <mem-info id="102" free="6041416" total="8388608" percent="72">
    <mem type="nursery" free="630880" total="2097152" percent="30">
      <mem type="allocate" free="630880" total="1310720" percent="48" />
      <mem type="survivor" free="0" total="786432" percent="0" />
    </mem>
    <mem type="tenure" free="5410536" total="6291456" percent="85">
      <mem type="soa" free="5096168" total="5977088" percent="85" />
      <mem type="loa" free="314368" total="314368" percent="100" />
    </mem>
    <remembered-set count="339" />
  </mem-info>
</gc-start>
<allocation-stats totalBytes="223192" >
  <allocated-bytes non-tlh="10336" tlh="212856" />
  <largest-consumer threadName="main" threadId="0000000002169700" bytes="219096" />
</allocation-stats>
<gc-op id="103" type="mark" timems="1.398" contextid="100" timestamp="2019-06-16T17:31:54.268">
  <trace-info objectcount="19024" scancount="15733" scanbytes="515252" />
  <finalization candidates="45" enqueued="0" />
  <ownableSynchronizers candidates="4" cleared="3" />
  <references type="soft" candidates="66" cleared="0" enqueued="0" dynamicThreshold="32" maxThreshold="32" />
  <references type="weak" candidates="508" cleared="140" enqueued="93" />
  <references type="phantom" candidates="57" cleared="3" enqueued="3" />
  <stringconstants candidates="2485" cleared="0"  />
</gc-op>
<gc-op id="104" type="classunload" timems="0.031" contextid="100" timestamp="2019-06-16T17:31:54.268">
  <classunload-info classloadercandidates="6" classloadersunloaded="0" classesunloaded="0" anonymousclassesunloaded="0" quiescems="0.000" setupms="0.031" scanms="0.000" postms="0.000" />
</gc-op>
<gc-op id="105" type="sweep" timems="0.561" contextid="100" timestamp="2019-06-16T17:31:54.269" />
<mem-info id="106" free="6362288" total="8388608" percent="75">
  <mem type="nursery" free="871408" total="2097152" percent="41">
    <mem type="allocate" free="871408" total="1310720" percent="66" />
    <mem type="survivor" free="0" total="786432" percent="0" />
  </mem>
  <mem type="tenure" free="5490880" total="6291456" percent="87" micro-fragmented="520" macro-fragmented="0">
    <mem type="soa" free="5176512" total="5977088" percent="86" />
    <mem type="loa" free="314368" total="314368" percent="100" />
  </mem>
  <pending-finalizers system="0" default="0" reference="96" classloader="0" />
  <remembered-set count="329" />
</mem-info>
<gc-op id="107" type="compact" timems="3.491" contextid="100" timestamp="2019-06-16T17:31:54.273">
  <compact-info movecount="14601" movebytes="996576" reason="compact to aid heap contraction" />
</gc-op>
<gc-end id="108" type="global" contextid="100" durationms="6.326" usertimems="4.000" systemtimems="4.000" timestamp="2019-06-16T17:31:54.273" activeThreads="4">
  <mem-info id="109" free="6421792" total="8388608" percent="76">
    <mem type="nursery" free="926680" total="2097152" percent="44">
      <mem type="allocate" free="926680" total="1310720" percent="70" />
      <mem type="survivor" free="0" total="786432" percent="0" />
    </mem>
    <mem type="tenure" free="5495112" total="6291456" percent="87">
      <mem type="soa" free="5180744" total="5977088" percent="86" />
      <mem type="loa" free="314368" total="314368" percent="100" />
    </mem>
    <pending-finalizers system="0" default="0" reference="96" classloader="0" />
    <remembered-set count="329" />
  </mem-info>
</gc-end>
<cycle-end id="110" type="global" contextid="100" timestamp="2019-06-16T17:31:54.273" />
  <attribute name="elasticGC enabled" value="1" />
  <attribute name= "numThreadsSpecified" value="4" />
  <attribute name="heapSize specified" value="8388608" />
  <attribute name="Current GC Util" value="37" />
  <attribute name= "Current Time Running" value="816" />
  <attribute name ="GC Interval" value="200" />
  <attribute name="ProportionalT" value="17.000000" />
  <attribute name="ProportionalI" value="17.000000" />
  <attribute name="ProportionalH" value="17.000000" />
  <attribute name="Current Error" value="17.000000" />
  <attribute name="IntegralT" value="68.000000" />
  <attribute name="IntegralI" value="68.000000" />
  <attribute name="IntegralH" value="68.000000" />
  <attribute name="DerivativeT" value="2.125000" />
  <attribute name="DerivativeI" value="2.125000" />
  <attribute name="DerivativeH" value="2.125000" />
  <attribute name="Loop Time for DT" value="4.000000" />
  <attribute name="Output H" value="8388608"/>
  <attribute name="Output I" value="200"/>
  <attribute name="Output T" value="4"/>
  <attribute name="Target GC Util Change" value ="20.000000" />
  <attribute name="Current GC Util Change" value="37.000000"/>
  <attribute name="GC Util currently" value="37" />
  <attribute name="CPU Util currently" value="1287417351432" />
<sys-end id="111" timestamp="2019-06-16T17:31:54.273" />
<exclusive-end id="112" timestamp="2019-06-16T17:31:54.273" durationms="6.786" />

<exclusive-start id="113" timestamp="2019-06-16T17:31:54.298" intervalms="31.592">
  <response-info timems="0.047" idlems="0.047" threads="0" lastid="0000000002169700" lastname="main" />
</exclusive-start>
<af-start id="114" threadId="000000000216A088" totalBytesRequested="40632" timestamp="2019-06-16T17:31:54.298" intervalms="48.601" type="nursery" />
<cycle-start id="115" type="scavenge" contextid="0" timestamp="2019-06-16T17:31:54.298" intervalms="48.565" />
<gc-start id="116" type="scavenge" contextid="115" timestamp="2019-06-16T17:31:54.298">
  <mem-info id="117" free="5477176" total="8388608" percent="65">
    <mem type="nursery" free="0" total="2097152" percent="0">
      <mem type="allocate" free="0" total="1310720" percent="0" />
      <mem type="survivor" free="0" total="786432" percent="0" />
    </mem>
    <mem type="tenure" free="5477176" total="6291456" percent="87">
      <mem type="soa" free="5162808" total="5977088" percent="86" />
      <mem type="loa" free="314368" total="314368" percent="100" />
    </mem>
    <remembered-set count="594" />
  </mem-info>
</gc-start>
<allocation-stats totalBytes="896960" >
  <allocated-bytes non-tlh="17936" tlh="879024" />
  <largest-consumer threadName="main" threadId="0000000002169700" bytes="892864" />
</allocation-stats>
<gc-op id="118" type="scavenge" timems="0.509" contextid="115" timestamp="2019-06-16T17:31:54.299">
  <scavenger-info tenureage="3" tenuremask="ffc8" tiltratio="62" />
  <memory-copied type="nursery" objects="3138" bytes="509176" bytesdiscarded="96120" />
  <finalization candidates="32" enqueued="0" />
  <ownableSynchronizers candidates="1" cleared="0" />
  <references type="soft" candidates="5" cleared="0" enqueued="0" dynamicThreshold="27" maxThreshold="32" />
  <references type="weak" candidates="286" cleared="43" enqueued="43" />
  <references type="phantom" candidates="32" cleared="2" enqueued="2" />
</gc-op>
<gc-end id="119" type="scavenge" contextid="115" durationms="0.689" usertimems="0.000" systemtimems="0.000" timestamp="2019-06-16T17:31:54.299" activeThreads="4">
  <mem-info id="120" free="6182408" total="8388608" percent="73">
    <mem type="nursery" free="705232" total="2097152" percent="33">
      <mem type="allocate" free="705232" total="1310720" percent="53" />
      <mem type="survivor" free="0" total="786432" percent="0" />
    </mem>
    <mem type="tenure" free="5477176" total="6291456" percent="87">
      <mem type="soa" free="5162808" total="5977088" percent="86" />
      <mem type="loa" free="314368" total="314368" percent="100" />
    </mem>
    <pending-finalizers system="0" default="0" reference="45" classloader="0" />
    <remembered-set count="590" />
  </mem-info>
</gc-end>
<cycle-end id="121" type="scavenge" contextid="115" timestamp="2019-06-16T17:31:54.299" />
  <attribute name="elasticGC enabled" value="1" />
  <attribute name= "numThreadsSpecified" value="4" />
  <attribute name="heapSize specified" value="8388608" />
  <attribute name="Current GC Util" value="19" />
  <attribute name= "Current Time Running" value="841" />
  <attribute name ="GC Interval" value="200" />
  <attribute name="ProportionalT" value="-1.000000" />
  <attribute name="ProportionalI" value="-1.000000" />
  <attribute name="ProportionalH" value="-1.000000" />
  <attribute name="Current Error" value="-1.000000" />
  <attribute name="IntegralT" value="-25.000000" />
  <attribute name="IntegralI" value="-25.000000" />
  <attribute name="IntegralH" value="-25.000000" />
  <attribute name="DerivativeT" value="-0.360000" />
  <attribute name="DerivativeI" value="-0.360000" />
  <attribute name="DerivativeH" value="-0.360000" />
  <attribute name="Loop Time for DT" value="25.000000" />
  <attribute name="Output H" value="2092630016"/>
  <attribute name="Output I" value="200"/>
  <attribute name="Output T" value="4"/>
  <attribute name="Target GC Util Change" value ="20.000000" />
  <attribute name="Current GC Util Change" value="19.000000"/>
  <attribute name="GC Util currently" value="19" />
  <attribute name="CPU Util currently" value="7" />
<allocation-satisfied id="122" threadId="0000000002169700" bytesRequested="40632" />
<af-end id="123" timestamp="2019-06-16T17:31:54.299" threadId="000000000216A088" success="true" from="nursery"/>
<exclusive-end id="124" timestamp="2019-06-16T17:31:54.299" durationms="1.087" />

<exclusive-start id="125" timestamp="2019-06-16T17:31:54.315" intervalms="17.250">
  <response-info timems="0.062" idlems="0.062" threads="0" lastid="0000000002169700" lastname="main" />
</exclusive-start>
<af-start id="126" threadId="000000000216A088" totalBytesRequested="520" timestamp="2019-06-16T17:31:54.315" intervalms="17.251" type="nursery" />
<cycle-start id="127" type="scavenge" contextid="0" timestamp="2019-06-16T17:31:54.315" intervalms="17.273" />
<gc-start id="128" type="scavenge" contextid="127" timestamp="2019-06-16T17:31:54.316">
  <mem-info id="129" free="5465064" total="8388608" percent="65">
    <mem type="nursery" free="0" total="2097152" percent="0">
      <mem type="allocate" free="0" total="1310720" percent="0" />
      <mem type="survivor" free="0" total="786432" percent="0" />
    </mem>
    <mem type="tenure" free="5465064" total="6291456" percent="86">
      <mem type="soa" free="5150696" total="5977088" percent="86" />
      <mem type="loa" free="314368" total="314368" percent="100" />
    </mem>
    <remembered-set count="714" />
  </mem-info>
</gc-start>
<allocation-stats totalBytes="716168" >
  <allocated-bytes non-tlh="52744" tlh="663424" />
  <largest-consumer threadName="main" threadId="0000000002169700" bytes="712072" />
</allocation-stats>
<gc-op id="130" type="scavenge" timems="0.521" contextid="127" timestamp="2019-06-16T17:31:54.316">
  <scavenger-info tenureage="3" tenuremask="fff8" tiltratio="62" />
  <memory-copied type="nursery" objects="3095" bytes="427984" bytesdiscarded="130088" />
  <finalization candidates="32" enqueued="0" />
  <ownableSynchronizers candidates="1" cleared="0" />
  <references type="soft" candidates="5" cleared="0" enqueued="0" dynamicThreshold="27" maxThreshold="32" />
  <references type="weak" candidates="244" cleared="2" enqueued="2" />
  <references type="phantom" candidates="29" cleared="0" enqueued="0" />
</gc-op>
<gc-end id="131" type="scavenge" contextid="127" durationms="0.718" usertimems="0.000" systemtimems="0.000" timestamp="2019-06-16T17:31:54.316" activeThreads="4">
  <mem-info id="132" free="6283064" total="8388608" percent="74">
    <mem type="nursery" free="818000" total="2097152" percent="39">
      <mem type="allocate" free="818000" total="1376256" percent="59" />
      <mem type="survivor" free="0" total="720896" percent="0" />
    </mem>
    <mem type="tenure" free="5465064" total="6291456" percent="86">
      <mem type="soa" free="5150696" total="5977088" percent="86" />
      <mem type="loa" free="314368" total="314368" percent="100" />
    </mem>
    <pending-finalizers system="0" default="0" reference="2" classloader="0" />
    <remembered-set count="666" />
  </mem-info>
</gc-end>
<cycle-end id="133" type="scavenge" contextid="127" timestamp="2019-06-16T17:31:54.316" />
  <attribute name="elasticGC enabled" value="1" />
  <attribute name= "numThreadsSpecified" value="4" />
  <attribute name="heapSize specified" value="8388608" />
  <attribute name="Current GC Util" value="5" />
  <attribute name= "Current Time Running" value="858" />
  <attribute name ="GC Interval" value="200" />
  <attribute name="ProportionalT" value="-15.000000" />
  <attribute name="ProportionalI" value="-15.000000" />
  <attribute name="ProportionalH" value="-15.000000" />
  <attribute name="Current Error" value="-15.000000" />
  <attribute name="IntegralT" value="-255.000000" />
  <attribute name="IntegralI" value="-255.000000" />
  <attribute name="IntegralH" value="-255.000000" />
  <attribute name="DerivativeT" value="-0.441176" />
  <attribute name="DerivativeI" value="-0.441176" />
  <attribute name="DerivativeH" value="-0.441176" />
  <attribute name="Loop Time for DT" value="17.000000" />
  <attribute name="Output H" value="2092630016"/>
  <attribute name="Output I" value="200"/>
  <attribute name="Output T" value="4"/>
  <attribute name="Target GC Util Change" value ="20.000000" />
  <attribute name="Current GC Util Change" value="5.000000"/>
  <attribute name="GC Util currently" value="5" />
  <attribute name="CPU Util currently" value="9" />
<allocation-satisfied id="134" threadId="0000000002169700" bytesRequested="520" />
<af-end id="135" timestamp="2019-06-16T17:31:54.316" threadId="000000000216A088" success="true" from="nursery"/>
<exclusive-end id="136" timestamp="2019-06-16T17:31:54.316" durationms="1.171" />

<exclusive-start id="137" timestamp="2019-06-16T17:31:54.330" intervalms="15.223">
  <response-info timems="0.052" idlems="0.052" threads="0" lastid="0000000002169700" lastname="main" />
</exclusive-start>
<af-start id="138" threadId="000000000216A088" totalBytesRequested="8208" timestamp="2019-06-16T17:31:54.331" intervalms="15.208" type="nursery" />
<cycle-start id="139" type="scavenge" contextid="0" timestamp="2019-06-16T17:31:54.331" intervalms="15.179" />
<gc-start id="140" type="scavenge" contextid="139" timestamp="2019-06-16T17:31:54.331">
  <mem-info id="141" free="5456560" total="8388608" percent="65">
    <mem type="nursery" free="0" total="2097152" percent="0">
      <mem type="allocate" free="0" total="1376256" percent="0" />
      <mem type="survivor" free="0" total="720896" percent="0" />
    </mem>
    <mem type="tenure" free="5456560" total="6291456" percent="86">
      <mem type="soa" free="5142192" total="5977088" percent="86" />
      <mem type="loa" free="314368" total="314368" percent="100" />
    </mem>
    <remembered-set count="759" />
  </mem-info>
</gc-start>
<allocation-stats totalBytes="823376" >
  <allocated-bytes non-tlh="9024" tlh="814352" />
  <largest-consumer threadName="main" threadId="0000000002169700" bytes="823376" />
</allocation-stats>
<gc-op id="142" type="scavenge" timems="0.541" contextid="139" timestamp="2019-06-16T17:31:54.331">
  <scavenger-info tenureage="3" tenuremask="fff8" tiltratio="65" />
  <memory-copied type="nursery" objects="2316" bytes="91672" bytesdiscarded="25672" />
  <memory-copied type="tenure" objects="840" bytes="338600" bytesdiscarded="616" />
  <finalization candidates="32" enqueued="0" />
  <ownableSynchronizers candidates="1" cleared="0" />
  <references type="soft" candidates="4" cleared="0" enqueued="0" dynamicThreshold="27" maxThreshold="32" />
  <references type="weak" candidates="142" cleared="1" enqueued="1" />
  <references type="phantom" candidates="5" cleared="0" enqueued="0" />
</gc-op>
<gc-end id="143" type="scavenge" contextid="139" durationms="0.710" usertimems="0.000" systemtimems="0.000" timestamp="2019-06-16T17:31:54.331" activeThreads="4">
  <mem-info id="144" free="6391768" total="8388608" percent="76">
    <mem type="nursery" free="1324288" total="2097152" percent="63">
      <mem type="allocate" free="1324288" total="1441792" percent="91" />
      <mem type="survivor" free="0" total="655360" percent="0" />
    </mem>
    <mem type="tenure" free="5067480" total="6291456" percent="80">
      <mem type="soa" free="4753112" total="5977088" percent="79" />
      <mem type="loa" free="314368" total="314368" percent="100" />
    </mem>
    <pending-finalizers system="0" default="0" reference="1" classloader="0" />
    <remembered-set count="444" />
  </mem-info>
</gc-end>
<cycle-end id="145" type="scavenge" contextid="139" timestamp="2019-06-16T17:31:54.331" />
  <attribute name="elasticGC enabled" value="1" />
  <attribute name= "numThreadsSpecified" value="4" />
  <attribute name="heapSize specified" value="8388608" />
  <attribute name="Current GC Util" value="6" />
  <attribute name= "Current Time Running" value="874" />
  <attribute name ="GC Interval" value="200" />
  <attribute name="ProportionalT" value="-14.000000" />
  <attribute name="ProportionalI" value="-14.000000" />
  <attribute name="ProportionalH" value="-14.000000" />
  <attribute name="Current Error" value="-14.000000" />
  <attribute name="IntegralT" value="-224.000000" />
  <attribute name="IntegralI" value="-224.000000" />
  <attribute name="IntegralH" value="-224.000000" />
  <attribute name="DerivativeT" value="-0.437500" />
  <attribute name="DerivativeI" value="-0.437500" />
  <attribute name="DerivativeH" value="-0.437500" />
  <attribute name="Loop Time for DT" value="16.000000" />
  <attribute name="Output H" value="2092630016"/>
  <attribute name="Output I" value="200"/>
  <attribute name="Output T" value="4"/>
  <attribute name="Target GC Util Change" value ="20.000000" />
  <attribute name="Current GC Util Change" value="6.000000"/>
  <attribute name="GC Util currently" value="6" />
  <attribute name="CPU Util currently" value="304757126517" />
<allocation-satisfied id="146" threadId="0000000002169700" bytesRequested="8208" />
<af-end id="147" timestamp="2019-06-16T17:31:54.332" threadId="000000000216A088" success="true" from="nursery"/>
<exclusive-end id="148" timestamp="2019-06-16T17:31:54.332" durationms="1.094" />

<exclusive-start id="149" timestamp="2019-06-16T17:31:54.369" intervalms="38.474">
  <response-info timems="0.056" idlems="0.056" threads="0" lastid="0000000002169700" lastname="main" />
</exclusive-start>
<af-start id="150" threadId="000000000216A088" totalBytesRequested="5088" timestamp="2019-06-16T17:31:54.369" intervalms="38.472" type="nursery" />
<cycle-start id="151" type="scavenge" contextid="0" timestamp="2019-06-16T17:31:54.369" intervalms="38.472" />
<gc-start id="152" type="scavenge" contextid="151" timestamp="2019-06-16T17:31:54.369">
  <mem-info id="153" free="5035640" total="8388608" percent="60">
    <mem type="nursery" free="0" total="2097152" percent="0">
      <mem type="allocate" free="0" total="1441792" percent="0" />
      <mem type="survivor" free="0" total="655360" percent="0" />
    </mem>
    <mem type="tenure" free="5035640" total="6291456" percent="80">
      <mem type="soa" free="4721272" total="5977088" percent="78" />
      <mem type="loa" free="314368" total="314368" percent="100" />
    </mem>
    <remembered-set count="766" />
  </mem-info>
</gc-start>
<allocation-stats totalBytes="1352616" >
  <allocated-bytes non-tlh="40048" tlh="1312568" />
  <largest-consumer threadName="main" threadId="0000000002169700" bytes="1352616" />
</allocation-stats>
<gc-op id="154" type="scavenge" timems="0.497" contextid="151" timestamp="2019-06-16T17:31:54.370">
  <scavenger-info tenureage="3" tenuremask="ffe8" tiltratio="68" />
  <memory-copied type="nursery" objects="732" bytes="98896" bytesdiscarded="44896" />
  <memory-copied type="tenure" objects="2103" bytes="83520" bytesdiscarded="128" />
  <finalization candidates="28" enqueued="0" />
  <ownableSynchronizers candidates="1" cleared="0" />
  <references type="weak" candidates="14" cleared="14" enqueued="14" />
</gc-op>
<gc-end id="155" type="scavenge" contextid="151" durationms="0.661" usertimems="0.000" systemtimems="0.000" timestamp="2019-06-16T17:31:54.370" activeThreads="4">
  <mem-info id="156" free="6281584" total="8388608" percent="74">
    <mem type="nursery" free="1363448" total="2097152" percent="65">
      <mem type="allocate" free="1363448" total="1507328" percent="90" />
      <mem type="survivor" free="0" total="589824" percent="0" />
    </mem>
    <mem type="tenure" free="4918136" total="6291456" percent="78">
      <mem type="soa" free="4603768" total="5977088" percent="77" />
      <mem type="loa" free="314368" total="314368" percent="100" />
    </mem>
    <pending-finalizers system="0" default="0" reference="14" classloader="0" />
    <remembered-set count="544" />
  </mem-info>
</gc-end>
<cycle-end id="157" type="scavenge" contextid="151" timestamp="2019-06-16T17:31:54.370" />
  <attribute name="elasticGC enabled" value="1" />
  <attribute name= "numThreadsSpecified" value="4" />
  <attribute name="heapSize specified" value="8388608" />
  <attribute name="Current GC Util" value="2" />
  <attribute name= "Current Time Running" value="912" />
  <attribute name ="GC Interval" value="200" />
  <attribute name="ProportionalT" value="-18.000000" />
  <attribute name="ProportionalI" value="-18.000000" />
  <attribute name="ProportionalH" value="-18.000000" />
  <attribute name="Current Error" value="-18.000000" />
  <attribute name="IntegralT" value="-684.000000" />
  <attribute name="IntegralI" value="-684.000000" />
  <attribute name="IntegralH" value="-684.000000" />
  <attribute name="DerivativeT" value="-0.236842" />
  <attribute name="DerivativeI" value="-0.236842" />
  <attribute name="DerivativeH" value="-0.236842" />
  <attribute name="Loop Time for DT" value="38.000000" />
  <attribute name="Output H" value="2092630016"/>
  <attribute name="Output I" value="200"/>
  <attribute name="Output T" value="4"/>
  <attribute name="Target GC Util Change" value ="20.000000" />
  <attribute name="Current GC Util Change" value="2.000000"/>
  <attribute name="GC Util currently" value="2" />
  <attribute name="CPU Util currently" value="3" />
<allocation-satisfied id="158" threadId="0000000002169700" bytesRequested="5088" />
<af-end id="159" timestamp="2019-06-16T17:31:54.370" threadId="000000000216A088" success="true" from="nursery"/>
<exclusive-end id="160" timestamp="2019-06-16T17:31:54.370" durationms="1.028" />

<exclusive-start id="161" timestamp="2019-06-16T17:31:54.419" intervalms="50.029">
  <response-info timems="0.050" idlems="0.050" threads="0" lastid="0000000002169700" lastname="main" />
</exclusive-start>
<af-start id="162" threadId="000000000216A088" totalBytesRequested="208" timestamp="2019-06-16T17:31:54.552" intervalms="182.525" type="nursery" />
<cycle-start id="163" type="scavenge" contextid="0" timestamp="2019-06-16T17:31:54.552" intervalms="183.153" />
<gc-start id="164" type="scavenge" contextid="163" timestamp="2019-06-16T17:31:54.553">
  <mem-info id="165" free="4885752" total="8388608" percent="58">
    <mem type="nursery" free="0" total="2097152" percent="0">
      <mem type="allocate" free="0" total="1507328" percent="0" />
      <mem type="survivor" free="0" total="589824" percent="0" />
    </mem>
    <mem type="tenure" free="4885752" total="6291456" percent="77">
      <mem type="soa" free="4571384" total="5977088" percent="76" />
      <mem type="loa" free="314368" total="314368" percent="100" />
    </mem>
    <remembered-set count="922" />
  </mem-info>
</gc-start>
<allocation-stats totalBytes="1394376" >
  <allocated-bytes non-tlh="37472" tlh="1356904" />
  <largest-consumer threadName="main" threadId="0000000002169700" bytes="1394376" />
</allocation-stats>
<gc-op id="166" type="scavenge" timems="1.803" contextid="163" timestamp="2019-06-16T17:31:54.555">
  <scavenger-info tenureage="5" tenuremask="ffe0" tiltratio="71" />
  <memory-copied type="nursery" objects="3157" bytes="249200" bytesdiscarded="126528" />
  <references type="weak" candidates="2" cleared="2" enqueued="2" />
</gc-op>
<gc-end id="167" type="scavenge" contextid="163" durationms="3.114" usertimems="0.000" systemtimems="0.000" timestamp="2019-06-16T17:31:54.556" activeThreads="4">
  <mem-info id="168" free="6082800" total="8388608" percent="72">
    <mem type="nursery" free="1197048" total="2097152" percent="57">
      <mem type="allocate" free="1197048" total="1572864" percent="76" />
      <mem type="survivor" free="0" total="524288" percent="0" />
    </mem>
    <mem type="tenure" free="4885752" total="6291456" percent="77">
      <mem type="soa" free="4571384" total="5977088" percent="76" />
      <mem type="loa" free="314368" total="314368" percent="100" />
    </mem>
    <pending-finalizers system="0" default="0" reference="2" classloader="0" />
    <remembered-set count="851" />
  </mem-info>
</gc-end>
<cycle-end id="169" type="scavenge" contextid="163" timestamp="2019-06-16T17:31:54.556" />
  <attribute name="elasticGC enabled" value="1" />
  <attribute name= "numThreadsSpecified" value="4" />
  <attribute name="heapSize specified" value="8388608" />
  <attribute name="Current GC Util" value="0" />
  <attribute name= "Current Time Running" value="1096" />
  <attribute name ="GC Interval" value="200" />
  <attribute name="ProportionalT" value="-20.000000" />
  <attribute name="ProportionalI" value="-20.000000" />
  <attribute name="ProportionalH" value="-20.000000" />
  <attribute name="Current Error" value="-20.000000" />
  <attribute name="IntegralT" value="-3680.000000" />
  <attribute name="IntegralI" value="-3680.000000" />
  <attribute name="IntegralH" value="-3680.000000" />
  <attribute name="DerivativeT" value="-0.054348" />
  <attribute name="DerivativeI" value="-0.054348" />
  <attribute name="DerivativeH" value="-0.054348" />
  <attribute name="Loop Time for DT" value="184.000000" />
  <attribute name="Output H" value="2092630016"/>
  <attribute name="Output I" value="200"/>
  <attribute name="Output T" value="4"/>
  <attribute name="Target GC Util Change" value ="20.000000" />
  <attribute name="Current GC Util Change" value="0.000000"/>
  <attribute name="GC Util currently" value="0" />
  <attribute name="CPU Util currently" value="5" />
<allocation-satisfied id="170" threadId="0000000002169700" bytesRequested="208" />
<af-end id="171" timestamp="2019-06-16T17:31:54.557" threadId="000000000216A088" success="true" from="nursery"/>
<exclusive-end id="172" timestamp="2019-06-16T17:31:54.557" durationms="138.227" />

<exclusive-start id="173" timestamp="2019-06-16T17:31:54.642" intervalms="223.461">
  <response-info timems="0.023" idlems="0.023" threads="0" lastid="0000000002169700" lastname="main" />
</exclusive-start>
<af-start id="174" threadId="000000000216A088" totalBytesRequested="1112" timestamp="2019-06-16T17:31:54.643" intervalms="90.975" type="nursery" />
<cycle-start id="175" type="scavenge" contextid="0" timestamp="2019-06-16T17:31:54.643" intervalms="90.361" />
<gc-start id="176" type="scavenge" contextid="175" timestamp="2019-06-16T17:31:54.643">
  <mem-info id="177" free="4862144" total="8388608" percent="57">
    <mem type="nursery" free="0" total="2097152" percent="0">
      <mem type="allocate" free="0" total="1572864" percent="0" />
      <mem type="survivor" free="0" total="524288" percent="0" />
    </mem>
    <mem type="tenure" free="4862144" total="6291456" percent="77">
      <mem type="soa" free="4547776" total="5977088" percent="76" />
      <mem type="loa" free="314368" total="314368" percent="100" />
    </mem>
    <remembered-set count="1183" />
  </mem-info>
</gc-start>
<allocation-stats totalBytes="1218488" >
  <allocated-bytes non-tlh="23816" tlh="1194672" />
  <largest-consumer threadName="main" threadId="0000000002169700" bytes="1218488" />
</allocation-stats>
<gc-op id="178" type="scavenge" timems="0.509" contextid="175" timestamp="2019-06-16T17:31:54.643">
  <scavenger-info tenureage="5" tenuremask="ffe0" tiltratio="75" />
  <memory-copied type="nursery" objects="4819" bytes="348192" bytesdiscarded="105632" />
  <finalization candidates="5" enqueued="0" />
  <references type="soft" candidates="1" cleared="0" enqueued="0" dynamicThreshold="27" maxThreshold="32" />
  <references type="weak" candidates="105" cleared="35" enqueued="24" />
  <references type="phantom" candidates="2" cleared="1" enqueued="1" />
</gc-op>
<gc-end id="179" type="scavenge" contextid="175" durationms="0.693" usertimems="0.000" systemtimems="4.000" timestamp="2019-06-16T17:31:54.643" activeThreads="4">
  <mem-info id="180" free="5981096" total="8388608" percent="71">
    <mem type="nursery" free="1118952" total="2097152" percent="53">
      <mem type="allocate" free="1118952" total="1572864" percent="71" />
      <mem type="survivor" free="0" total="524288" percent="0" />
    </mem>
    <mem type="tenure" free="4862144" total="6291456" percent="77">
      <mem type="soa" free="4547776" total="5977088" percent="76" />
      <mem type="loa" free="314368" total="314368" percent="100" />
    </mem>
    <pending-finalizers system="0" default="0" reference="25" classloader="0" />
    <remembered-set count="909" />
  </mem-info>
</gc-end>
<cycle-end id="181" type="scavenge" contextid="175" timestamp="2019-06-16T17:31:54.643" />
  <attribute name="elasticGC enabled" value="1" />
  <attribute name= "numThreadsSpecified" value="4" />
  <attribute name="heapSize specified" value="8388608" />
  <attribute name="Current GC Util" value="4" />
  <attribute name= "Current Time Running" value="1186" />
  <attribute name ="GC Interval" value="200" />
  <attribute name="ProportionalT" value="-16.000000" />
  <attribute name="ProportionalI" value="-16.000000" />
  <attribute name="ProportionalH" value="-16.000000" />
  <attribute name="Current Error" value="-16.000000" />
  <attribute name="IntegralT" value="-1440.000000" />
  <attribute name="IntegralI" value="-1440.000000" />
  <attribute name="IntegralH" value="-1440.000000" />
  <attribute name="DerivativeT" value="-0.088889" />
  <attribute name="DerivativeI" value="-0.088889" />
  <attribute name="DerivativeH" value="-0.088889" />
  <attribute name="Loop Time for DT" value="90.000000" />
  <attribute name="Output H" value="2092630016"/>
  <attribute name="Output I" value="200"/>
  <attribute name="Output T" value="4"/>
  <attribute name="Target GC Util Change" value ="20.000000" />
  <attribute name="Current GC Util Change" value="4.000000"/>
  <attribute name="GC Util currently" value="4" />
  <attribute name="CPU Util currently" value="28" />
<allocation-satisfied id="182" threadId="0000000002169700" bytesRequested="1112" />
<af-end id="183" timestamp="2019-06-16T17:31:54.644" threadId="000000000216A088" success="true" from="nursery"/>
<exclusive-end id="184" timestamp="2019-06-16T17:31:54.644" durationms="1.123" />

<exclusive-start id="185" timestamp="2019-06-16T17:31:54.686" intervalms="43.635">
  <response-info timems="0.037" idlems="0.037" threads="0" lastid="0000000002479C00" lastname="PmdThread 1" />
</exclusive-start>
<af-start id="186" threadId="000000000247A588" totalBytesRequested="216" timestamp="2019-06-16T17:31:54.686" intervalms="43.651" type="nursery" />
<cycle-start id="187" type="scavenge" contextid="0" timestamp="2019-06-16T17:31:54.686" intervalms="43.655" />
<gc-start id="188" type="scavenge" contextid="187" timestamp="2019-06-16T17:31:54.686">
  <mem-info id="189" free="4855920" total="8388608" percent="57">
    <mem type="nursery" free="0" total="2097152" percent="0">
      <mem type="allocate" free="0" total="1572864" percent="0" />
      <mem type="survivor" free="0" total="524288" percent="0" />
    </mem>
    <mem type="tenure" free="4855920" total="6291456" percent="77">
      <mem type="soa" free="4541552" total="5977088" percent="75" />
      <mem type="loa" free="314368" total="314368" percent="100" />
    </mem>
    <remembered-set count="1014" />
  </mem-info>
</gc-start>
<allocation-stats totalBytes="1122872" >
  <allocated-bytes non-tlh="7336" tlh="1115536" />
  <largest-consumer threadName="PmdThread 1" threadId="0000000002479C00" bytes="644376" />
</allocation-stats>
<gc-op id="190" type="scavenge" timems="4.873" contextid="187" timestamp="2019-06-16T17:31:54.691">
  <scavenger-info tenureage="3" tenuremask="fff8" tiltratio="75" />
  <memory-copied type="nursery" objects="4014" bytes="292872" bytesdiscarded="18424" />
  <memory-copied type="tenure" objects="296" bytes="74120" bytesdiscarded="0" />
  <finalization candidates="6" enqueued="0" />
  <ownableSynchronizers candidates="4" cleared="0" />
  <references type="soft" candidates="1" cleared="0" enqueued="0" dynamicThreshold="27" maxThreshold="32" />
  <references type="weak" candidates="409" cleared="189" enqueued="127" />
  <references type="phantom" candidates="2" cleared="0" enqueued="0" />
</gc-op>
<heap-resize id="191" type="expand" space="nursery" amount="131072" count="1" timems="0.100" reason="excessive time being spent scavenging" timestamp="2019-06-16T17:31:54.692" />
<gc-end id="192" type="scavenge" contextid="187" durationms="5.443" usertimems="4.000" systemtimems="0.000" timestamp="2019-06-16T17:31:54.692" activeThreads="4">
  <mem-info id="193" free="6117440" total="8519680" percent="71">
    <mem type="nursery" free="1327064" total="2228224" percent="59">
      <mem type="allocate" free="1327064" total="1638400" percent="80" />
      <mem type="survivor" free="0" total="589824" percent="0" />
    </mem>
    <mem type="tenure" free="4790376" total="6291456" percent="76">
      <mem type="soa" free="4476008" total="5977088" percent="74" />
      <mem type="loa" free="314368" total="314368" percent="100" />
    </mem>
    <pending-finalizers system="0" default="0" reference="127" classloader="0" />
    <remembered-set count="621" />
  </mem-info>
</gc-end>
<cycle-end id="194" type="scavenge" contextid="187" timestamp="2019-06-16T17:31:54.692" />
  <attribute name="elasticGC enabled" value="1" />
  <attribute name= "numThreadsSpecified" value="4" />
  <attribute name="heapSize specified" value="8388608" />
  <attribute name="Current GC Util" value="2" />
  <attribute name= "Current Time Running" value="1229" />
  <attribute name ="GC Interval" value="200" />
  <attribute name="ProportionalT" value="-18.000000" />
  <attribute name="ProportionalI" value="-18.000000" />
  <attribute name="ProportionalH" value="-18.000000" />
  <attribute name="Current Error" value="-18.000000" />
  <attribute name="IntegralT" value="-774.000000" />
  <attribute name="IntegralI" value="-774.000000" />
  <attribute name="IntegralH" value="-774.000000" />
  <attribute name="DerivativeT" value="-0.209302" />
  <attribute name="DerivativeI" value="-0.209302" />
  <attribute name="DerivativeH" value="-0.209302" />
  <attribute name="Loop Time for DT" value="43.000000" />
  <attribute name="Output H" value="2092630016"/>
  <attribute name="Output I" value="200"/>
  <attribute name="Output T" value="4"/>
  <attribute name="Target GC Util Change" value ="20.000000" />
  <attribute name="Current GC Util Change" value="2.000000"/>
  <attribute name="GC Util currently" value="2" />
  <attribute name="CPU Util currently" value="22" />
<allocation-satisfied id="195" threadId="0000000002479C00" bytesRequested="216" />
<af-end id="196" timestamp="2019-06-16T17:31:54.692" threadId="000000000247A588" success="true" from="nursery"/>
<exclusive-end id="197" timestamp="2019-06-16T17:31:54.692" durationms="6.082" />

<exclusive-start id="198" timestamp="2019-06-16T17:31:54.722" intervalms="35.474">
  <response-info timems="0.024" idlems="0.024" threads="0" lastid="0000000002479C00" lastname="PmdThread 1" />
</exclusive-start>
<af-start id="199" threadId="000000000247A588" totalBytesRequested="22640" timestamp="2019-06-16T17:31:54.722" intervalms="35.487" type="nursery" />
<cycle-start id="200" type="scavenge" contextid="0" timestamp="2019-06-16T17:31:54.722" intervalms="35.517" />
<gc-start id="201" type="scavenge" contextid="200" timestamp="2019-06-16T17:31:54.722">
  <mem-info id="202" free="4776736" total="8519680" percent="56">
    <mem type="nursery" free="0" total="2228224" percent="0">
      <mem type="allocate" free="0" total="1638400" percent="0" />
      <mem type="survivor" free="0" total="589824" percent="0" />
    </mem>
    <mem type="tenure" free="4776736" total="6291456" percent="75">
      <mem type="soa" free="4462368" total="5977088" percent="74" />
      <mem type="loa" free="314368" total="314368" percent="100" />
    </mem>
    <remembered-set count="816" />
  </mem-info>
</gc-start>
<allocation-stats totalBytes="1337816" >
  <allocated-bytes non-tlh="387584" tlh="950232" />
  <largest-consumer threadName="PmdThread 1" threadId="0000000002479C00" bytes="1337816" />
</allocation-stats>
<gc-op id="203" type="scavenge" timems="4.857" contextid="200" timestamp="2019-06-16T17:31:54.727">
  <scavenger-info tenureage="3" tenuremask="ffc8" tiltratio="73" />
  <memory-copied type="nursery" objects="4660" bytes="397064" bytesdiscarded="1584" />
  <memory-copied type="tenure" objects="435" bytes="25616" bytesdiscarded="8" />
  <finalization candidates="6" enqueued="0" />
  <ownableSynchronizers candidates="4" cleared="0" />
  <references type="soft" candidates="1" cleared="0" enqueued="0" dynamicThreshold="27" maxThreshold="32" />
  <references type="weak" candidates="223" cleared="1" enqueued="1" />
  <references type="phantom" candidates="2" cleared="0" enqueued="0" />
</gc-op>
<heap-resize id="204" type="expand" space="nursery" amount="262144" count="1" timems="0.013" reason="excessive time being spent scavenging" timestamp="2019-06-16T17:31:54.727" />
<gc-end id="205" type="scavenge" contextid="200" durationms="5.372" usertimems="4.000" systemtimems="0.000" timestamp="2019-06-16T17:31:54.727" activeThreads="4">
  <mem-info id="206" free="6108328" total="8781824" percent="69">
    <mem type="nursery" free="1370760" total="2490368" percent="55">
      <mem type="allocate" free="1370760" total="1769472" percent="77" />
      <mem type="survivor" free="0" total="720896" percent="0" />
    </mem>
    <mem type="tenure" free="4737568" total="6291456" percent="75">
      <mem type="soa" free="4423200" total="5977088" percent="74" />
      <mem type="loa" free="314368" total="314368" percent="100" />
    </mem>
    <pending-finalizers system="0" default="0" reference="1" classloader="0" />
    <remembered-set count="481" />
  </mem-info>
</gc-end>
<cycle-end id="207" type="scavenge" contextid="200" timestamp="2019-06-16T17:31:54.727" />
  <attribute name="elasticGC enabled" value="1" />
  <attribute name= "numThreadsSpecified" value="4" />
  <attribute name="heapSize specified" value="8388608" />
  <attribute name="Current GC Util" value="14" />
  <attribute name= "Current Time Running" value="1265" />
  <attribute name ="GC Interval" value="200" />
  <attribute name="ProportionalT" value="-6.000000" />
  <attribute name="ProportionalI" value="-6.000000" />
  <attribute name="ProportionalH" value="-6.000000" />
  <attribute name="Current Error" value="-6.000000" />
  <attribute name="IntegralT" value="-216.000000" />
  <attribute name="IntegralI" value="-216.000000" />
  <attribute name="IntegralH" value="-216.000000" />
  <attribute name="DerivativeT" value="-0.083333" />
  <attribute name="DerivativeI" value="-0.083333" />
  <attribute name="DerivativeH" value="-0.083333" />
  <attribute name="Loop Time for DT" value="36.000000" />
  <attribute name="Output H" value="2092630016"/>
  <attribute name="Output I" value="200"/>
  <attribute name="Output T" value="4"/>
  <attribute name="Target GC Util Change" value ="20.000000" />
  <attribute name="Current GC Util Change" value="14.000000"/>
  <attribute name="GC Util currently" value="14" />
  <attribute name="CPU Util currently" value="2" />
<allocation-satisfied id="208" threadId="0000000002479C00" bytesRequested="22640" />
<af-end id="209" timestamp="2019-06-16T17:31:54.728" threadId="000000000247A588" success="true" from="nursery"/>
<exclusive-end id="210" timestamp="2019-06-16T17:31:54.728" durationms="6.004" />

<exclusive-start id="211" timestamp="2019-06-16T17:31:54.776" intervalms="54.653">
  <response-info timems="0.026" idlems="0.026" threads="0" lastid="0000000002479C00" lastname="PmdThread 1" />
</exclusive-start>
<af-start id="212" threadId="000000000247A588" totalBytesRequested="40" timestamp="2019-06-16T17:31:54.776" intervalms="54.631" type="nursery" />
<cycle-start id="213" type="scavenge" contextid="0" timestamp="2019-06-16T17:31:54.776" intervalms="54.609" />
<gc-start id="214" type="scavenge" contextid="213" timestamp="2019-06-16T17:31:54.776">
  <mem-info id="215" free="4661256" total="8781824" percent="53">
    <mem type="nursery" free="0" total="2490368" percent="0">
      <mem type="allocate" free="0" total="1769472" percent="0" />
      <mem type="survivor" free="0" total="720896" percent="0" />
    </mem>
    <mem type="tenure" free="4661256" total="6291456" percent="74">
      <mem type="soa" free="4346888" total="5977088" percent="72" />
      <mem type="loa" free="314368" total="314368" percent="100" />
    </mem>
    <remembered-set count="1669" />
  </mem-info>
</gc-start>
<allocation-stats totalBytes="1446112" >
  <allocated-bytes non-tlh="98952" tlh="1347160" />
  <largest-consumer threadName="PmdThread 1" threadId="0000000002479C00" bytes="1446112" />
</allocation-stats>
<gc-op id="216" type="scavenge" timems="5.255" contextid="213" timestamp="2019-06-16T17:31:54.782">
  <scavenger-info tenureage="3" tenuremask="7fc8" tiltratio="71" />
  <memory-copied type="nursery" objects="6822" bytes="368768" bytesdiscarded="16744" />
  <memory-copied type="tenure" objects="1566" bytes="94208" bytesdiscarded="888" />
  <finalization candidates="7" enqueued="0" />
  <ownableSynchronizers candidates="4" cleared="0" />
  <references type="soft" candidates="28" cleared="0" enqueued="0" dynamicThreshold="27" maxThreshold="32" />
  <references type="weak" candidates="256" cleared="43" enqueued="34" />
  <references type="phantom" candidates="8" cleared="3" enqueued="3" />
</gc-op>
<heap-resize id="217" type="expand" space="nursery" amount="131072" count="1" timems="0.014" reason="excessive time being spent scavenging" timestamp="2019-06-16T17:31:54.782" />
<gc-end id="218" type="scavenge" contextid="213" durationms="5.816" usertimems="4.000" systemtimems="4.000" timestamp="2019-06-16T17:31:54.782" activeThreads="4">
  <mem-info id="219" free="6132008" total="8912896" percent="68">
    <mem type="nursery" free="1645680" total="2621440" percent="62">
      <mem type="allocate" free="1645680" total="2031616" percent="81" />
      <mem type="survivor" free="0" total="589824" percent="0" />
    </mem>
    <mem type="tenure" free="4486328" total="6291456" percent="71">
      <mem type="soa" free="4171960" total="5977088" percent="69" />
      <mem type="loa" free="314368" total="314368" percent="100" />
    </mem>
    <pending-finalizers system="0" default="0" reference="37" classloader="0" />
    <remembered-set count="1529" />
  </mem-info>
</gc-end>
<cycle-end id="220" type="scavenge" contextid="213" timestamp="2019-06-16T17:31:54.782" />
  <attribute name="elasticGC enabled" value="1" />
  <attribute name= "numThreadsSpecified" value="4" />
  <attribute name="heapSize specified" value="8388608" />
  <attribute name="Current GC Util" value="9" />
  <attribute name= "Current Time Running" value="1319" />
  <attribute name ="GC Interval" value="200" />
  <attribute name="ProportionalT" value="-11.000000" />
  <attribute name="ProportionalI" value="-11.000000" />
  <attribute name="ProportionalH" value="-11.000000" />
  <attribute name="Current Error" value="-11.000000" />
  <attribute name="IntegralT" value="-594.000000" />
  <attribute name="IntegralI" value="-594.000000" />
  <attribute name="IntegralH" value="-594.000000" />
  <attribute name="DerivativeT" value="-0.101852" />
  <attribute name="DerivativeI" value="-0.101852" />
  <attribute name="DerivativeH" value="-0.101852" />
  <attribute name="Loop Time for DT" value="54.000000" />
  <attribute name="Output H" value="2092630016"/>
  <attribute name="Output I" value="200"/>
  <attribute name="Output T" value="4"/>
  <attribute name="Target GC Util Change" value ="20.000000" />
  <attribute name="Current GC Util Change" value="9.000000"/>
  <attribute name="GC Util currently" value="9" />
  <attribute name="CPU Util currently" value="13" />
<allocation-satisfied id="221" threadId="0000000002479C00" bytesRequested="40" />
<af-end id="222" timestamp="2019-06-16T17:31:54.783" threadId="000000000247A588" success="true" from="nursery"/>
<exclusive-end id="223" timestamp="2019-06-16T17:31:54.783" durationms="6.525" />

<exclusive-start id="224" timestamp="2019-06-16T17:31:54.833" intervalms="56.995">
  <response-info timems="0.022" idlems="0.022" threads="0" lastid="0000000002479C00" lastname="PmdThread 1" />
</exclusive-start>
<af-start id="225" threadId="000000000247A588" totalBytesRequested="1032" timestamp="2019-06-16T17:31:54.833" intervalms="56.993" type="nursery" />
<cycle-start id="226" type="scavenge" contextid="0" timestamp="2019-06-16T17:31:54.833" intervalms="56.990" />
<gc-start id="227" type="scavenge" contextid="226" timestamp="2019-06-16T17:31:54.833">
  <mem-info id="228" free="4458840" total="8912896" percent="50">
    <mem type="nursery" free="0" total="2621440" percent="0">
      <mem type="allocate" free="0" total="2031616" percent="0" />
      <mem type="survivor" free="0" total="589824" percent="0" />
    </mem>
    <mem type="tenure" free="4458840" total="6291456" percent="70">
      <mem type="soa" free="4144472" total="5977088" percent="69" />
      <mem type="loa" free="314368" total="314368" percent="100" />
    </mem>
    <remembered-set count="1928" />
  </mem-info>
</gc-start>
<allocation-stats totalBytes="1670000" >
  <allocated-bytes non-tlh="27528" tlh="1642472" />
  <largest-consumer threadName="PmdThread 1" threadId="0000000002479C00" bytes="1658168" />
</allocation-stats>
<gc-op id="229" type="scavenge" timems="5.543" contextid="226" timestamp="2019-06-16T17:31:54.839">
  <scavenger-info tenureage="3" tenuremask="7fc8" tiltratio="77" />
  <memory-copied type="nursery" objects="11728" bytes="408480" bytesdiscarded="40776" />
  <memory-copied type="tenure" objects="1889" bytes="161464" bytesdiscarded="8" />
  <finalization candidates="2" enqueued="0" />
  <ownableSynchronizers candidates="4" cleared="0" />
  <references type="soft" candidates="115" cleared="0" enqueued="0" dynamicThreshold="27" maxThreshold="32" />
  <references type="weak" candidates="68" cleared="3" enqueued="3" />
  <references type="phantom" candidates="5" cleared="0" enqueued="0" />
</gc-op>
<heap-resize id="230" type="expand" space="nursery" amount="131072" count="1" timems="0.013" reason="excessive time being spent scavenging" timestamp="2019-06-16T17:31:54.839" />
<gc-end id="231" type="scavenge" contextid="226" durationms="6.083" usertimems="4.000" systemtimems="0.000" timestamp="2019-06-16T17:31:54.840" activeThreads="4">
  <mem-info id="232" free="6070872" total="9043968" percent="67">
    <mem type="nursery" free="1712640" total="2752512" percent="62">
      <mem type="allocate" free="1712640" total="2162688" percent="79" />
      <mem type="survivor" free="0" total="589824" percent="0" />
    </mem>
    <mem type="tenure" free="4358232" total="6291456" percent="69">
      <mem type="soa" free="4043864" total="5977088" percent="67" />
      <mem type="loa" free="314368" total="314368" percent="100" />
    </mem>
    <pending-finalizers system="0" default="0" reference="3" classloader="0" />
    <remembered-set count="1743" />
  </mem-info>
</gc-end>
<cycle-end id="233" type="scavenge" contextid="226" timestamp="2019-06-16T17:31:54.840" />
  <attribute name="elasticGC enabled" value="1" />
  <attribute name= "numThreadsSpecified" value="4" />
  <attribute name="heapSize specified" value="8388608" />
  <attribute name="Current GC Util" value="9" />
  <attribute name= "Current Time Running" value="1376" />
  <attribute name ="GC Interval" value="200" />
  <attribute name="ProportionalT" value="-11.000000" />
  <attribute name="ProportionalI" value="-11.000000" />
  <attribute name="ProportionalH" value="-11.000000" />
  <attribute name="Current Error" value="-11.000000" />
  <attribute name="IntegralT" value="-627.000000" />
  <attribute name="IntegralI" value="-627.000000" />
  <attribute name="IntegralH" value="-627.000000" />
  <attribute name="DerivativeT" value="-0.096491" />
  <attribute name="DerivativeI" value="-0.096491" />
  <attribute name="DerivativeH" value="-0.096491" />
  <attribute name="Loop Time for DT" value="57.000000" />
  <attribute name="Output H" value="2092630016"/>
  <attribute name="Output I" value="200"/>
  <attribute name="Output T" value="4"/>
  <attribute name="Target GC Util Change" value ="20.000000" />
  <attribute name="Current GC Util Change" value="9.000000"/>
  <attribute name="GC Util currently" value="9" />
  <attribute name="CPU Util currently" value="5" />
<allocation-satisfied id="234" threadId="0000000002479C00" bytesRequested="1032" />
<af-end id="235" timestamp="2019-06-16T17:31:54.840" threadId="000000000247A588" success="true" from="nursery"/>
<exclusive-end id="236" timestamp="2019-06-16T17:31:54.840" durationms="6.681" />

</verbosegc>

