<?xml version="1.0" ?>

<verbosegc xmlns="http://www.ibm.com/j9/verbosegc" version="10b4217_CMPRSS">

<initialized id="1" timestamp="2019-06-16T23:12:28.447">
  <attribute name="gcPolicy" value="-Xgcpolicy:optthruput" />
  <attribute name="elasticGC enabled" value="1" />
  <attribute name= "numThreadsSpecified" value="0" />
  <attribute name="heapSize specified" value="0" />
  <attribute name="Current GC Util" value="0" />
  <attribute name= "Current Time Running" value="0" />
  <attribute name ="GC Interval" value="0" />
  <attribute name="ProportionalT" value="0.000000" />
  <attribute name="ProportionalI" value="0.000000" />
  <attribute name="ProportionalH" value="0.000000" />
  <attribute name="IntegralT" value="0.000000" />
  <attribute name="IntegralI" value="0.000000" />
  <attribute name="IntegralH" value="0.000000" />
  <attribute name="DerivativeT" value="0.000000" />
  <attribute name="DerivativeI" value="0.000000" />
  <attribute name="DerivativeH" value="0.000000" />
  <attribute name="Target GC Util Change" value ="0.000000" />
  <attribute name="Current GC Util Change" value="0.000000"/>
  <attribute name="Current Error" value="0.000000" />
  <attribute name="Loop Time for DT" value="0.000000" />
  <attribute name="Output H" value="0"/>
  <attribute name="Output I" value="0"/>
  <attribute name="Output T" value="0"/>
  <attribute name="GC Util currently" value="0" />
  <attribute name="CPU Util currently" value="0" />
  <attribute name="maxHeapSize" value="0x7cbc0000" />
  <attribute name="initialHeapSize" value="0x800000" />
  <attribute name="compressedRefs" value="true" />
  <attribute name="compressedRefsDisplacement" value="0x0" />
  <attribute name="compressedRefsShift" value="0x0" />
  <attribute name="pageSize" value="0x1000" />
  <attribute name="pageType" value="not used" />
  <attribute name="requestedPageSize" value="0x1000" />
  <attribute name="requestedPageType" value="not used" />
  <attribute name="gcthreads" value="4" />
  <attribute name="packetListSplit" value="4" />
  <attribute name="cacheListSplit" value="4" />
  <attribute name="splitFreeListSplitAmount" value="1" />
  <attribute name="numaNodes" value="0" />
  <system>
    <attribute name="physicalMemory" value="8370958336" />
    <attribute name="numCPUs" value="4" />
    <attribute name="architecture" value="amd64" />
    <attribute name="os" value="Linux" />
    <attribute name="osVersion" value="4.4.0-150-generic" />
  </system>
  <vmargs>
    <vmarg name="-Xoptionsfile=/vagrant/jdk/lib/options.default" />
    <vmarg name="-Xlockword:mode=default,noLockword=java/lang/String,noLockword=java/util/MapEntry,noLockword=java/util/HashMap$Entry,noLockword..." />
    <vmarg name="-Xjcl:jclse29" />
    <vmarg name="-Dcom.ibm.oti.vm.bootstrap.library.path=/vagrant/jdk/lib/compressedrefs:/vagrant/jdk/lib" />
    <vmarg name="-Dsun.boot.library.path=/vagrant/jdk/lib/compressedrefs:/vagrant/jdk/lib" />
    <vmarg name="-Djava.library.path=/vagrant/jdk/lib/compressedrefs:/vagrant/jdk/lib:/usr/lib64:/usr/lib" />
    <vmarg name="-Djava.home=/vagrant/jdk" />
    <vmarg name="-Duser.dir=/vagrant" />
    <vmarg name="-Xgcpolicy:optthruput" />
    <vmarg name="-Xgcelastic" />
    <vmarg name="-Xcheck:gc:::elasticGC" />
    <vmarg name="-verbose:gc" />
    <vmarg name="-Xloggc:jdk0.5-0.5-1-default-OTT-4CORE-elasticverbose9sunflow.txt" />
    <vmarg name="-Djava.class.path=dacapo-9.12-MR1-bach.jar" />
    <vmarg name="-Dsun.java.command=dacapo-9.12-MR1-bach.jar sunflow --size=default" />
    <vmarg name="-Dsun.java.launcher=SUN_STANDARD" />
    <vmarg name="-Dsun.java.launcher.pid=17070" />
  </vmargs>
</initialized>

<exclusive-start id="2" timestamp="2019-06-16T23:12:29.429" intervalms="981.853">
  <response-info timems="0.072" idlems="0.072" threads="0" lastid="0000000001A4C700" lastname="main" />
</exclusive-start>
<sys-start reason="explicit" id="3" timestamp="2019-06-16T23:12:29.429" intervalms="982.157" />
<cycle-start id="4" type="global" contextid="0" timestamp="2019-06-16T23:12:29.429" intervalms="982.441" />
<gc-start id="5" type="global" contextid="4" timestamp="2019-06-16T23:12:29.429">
  <mem-info id="6" free="2307744" total="8388608" percent="27">
    <mem type="tenure" free="2307744" total="8388608" percent="27">
      <mem type="soa" free="1888928" total="7969792" percent="23" />
      <mem type="loa" free="418816" total="418816" percent="100" />
    </mem>
  </mem-info>
</gc-start>
<allocation-stats totalBytes="6075792" >
  <allocated-bytes non-tlh="1223008" tlh="4852784" />
  <largest-consumer threadName="main" threadId="0000000001A4C700" bytes="6002048" />
</allocation-stats>
<gc-op id="7" type="mark" timems="13.700" contextid="4" timestamp="2019-06-16T23:12:29.443">
  <trace-info objectcount="30251" scancount="24296" scanbytes="765640" />
  <finalization candidates="125" enqueued="1" />
  <ownableSynchronizers candidates="3" cleared="0" />
  <references type="soft" candidates="132" cleared="0" enqueued="0" dynamicThreshold="32" maxThreshold="32" />
  <references type="weak" candidates="1326" cleared="569" enqueued="479" />
  <references type="phantom" candidates="107" cleared="42" enqueued="42" />
  <stringconstants candidates="3958" cleared="0"  />
</gc-op>
<gc-op id="8" type="classunload" timems="0.046" contextid="4" timestamp="2019-06-16T23:12:29.443">
  <classunload-info classloadercandidates="7" classloadersunloaded="0" classesunloaded="0" anonymousclassesunloaded="0" quiescems="0.000" setupms="0.045" scanms="0.000" postms="0.001" />
</gc-op>
<gc-op id="9" type="sweep" timems="2.198" contextid="4" timestamp="2019-06-16T23:12:29.446" />
<mem-info id="10" free="6022784" total="8388608" percent="71">
  <mem type="tenure" free="6022784" total="8388608" percent="71" micro-fragmented="365568" macro-fragmented="0">
    <mem type="soa" free="5603968" total="7969792" percent="70" />
    <mem type="loa" free="418816" total="418816" percent="100" />
  </mem>
  <pending-finalizers system="1" default="0" reference="521" classloader="0" />
</mem-info>
<gc-op id="11" type="compact" timems="9.366" contextid="4" timestamp="2019-06-16T23:12:29.456">
  <compact-info movecount="30250" movebytes="1859496" reason="compact to aid heap contraction" />
</gc-op>
<heap-resize id="12" type="expand" space="tenure" amount="2084241408" count="1" timems="0.143" reason="satisfy allocation request" timestamp="2019-06-16T23:12:29.456" />
<gc-end id="13" type="global" contextid="4" durationms="27.015" usertimems="16.000" systemtimems="12.000" timestamp="2019-06-16T23:12:29.456" activeThreads="4">
  <mem-info id="14" free="2090770432" total="2092630016" percent="99">
    <mem type="tenure" free="2090770432" total="2092630016" percent="99">
      <mem type="soa" free="1986139136" total="1987998720" percent="99" />
      <mem type="loa" free="104631296" total="104631296" percent="100" />
    </mem>
    <pending-finalizers system="1" default="0" reference="521" classloader="0" />
  </mem-info>
</gc-end>
<cycle-end id="15" type="global" contextid="4" timestamp="2019-06-16T23:12:29.457" />
  <attribute name="elasticGC enabled" value="1" />
  <attribute name= "numThreadsSpecified" value="4" />
  <attribute name="heapSize specified" value="8388608" />
  <attribute name="Current GC Util" value="99" />
  <attribute name= "Current Time Running" value="848" />
  <attribute name ="GC Interval" value="0" />
  <attribute name="ProportionalT" value="39.500000" />
  <attribute name="ProportionalI" value="39.500000" />
  <attribute name="ProportionalH" value="39.500000" />
  <attribute name="Current Error" value="79.000000" />
  <attribute name="IntegralT" value="-7216.500000" />
  <attribute name="IntegralI" value="-7216.500000" />
  <attribute name="IntegralH" value="-7216.500000" />
  <attribute name="DerivativeT" value="3.000000" />
  <attribute name="DerivativeI" value="3.000000" />
  <attribute name="DerivativeH" value="3.000000" />
  <attribute name="Loop Time for DT" value="10.000000" />
  <attribute name="Output H" value="2092630016"/>
  <attribute name="Output I" value="200"/>
  <attribute name="Output T" value="4"/>
  <attribute name="Target GC Util Change" value ="20.000000" />
  <attribute name="Current GC Util Change" value="99.000000"/>
  <attribute name="GC Util currently" value="99" />
  <attribute name="CPU Util currently" value="484632827052" />
<sys-end id="16" timestamp="2019-06-16T23:12:29.457" />
<exclusive-end id="17" timestamp="2019-06-16T23:12:29.457" durationms="28.141" />

<exclusive-start id="18" timestamp="2019-06-16T23:12:31.613" intervalms="2184.679">
  <response-info timems="0.253" idlems="0.223" threads="2" lastid="0000000001D9A100" lastname="Thread-10" />
</exclusive-start>
<af-start id="19" threadId="0000000001DA2288" totalBytesRequested="40" timestamp="2019-06-16T23:12:31.613" intervalms="3166.723" />
<cycle-start id="20" type="global" contextid="0" timestamp="2019-06-16T23:12:31.614" intervalms="2184.413" />
<gc-start id="21" type="global" contextid="20" timestamp="2019-06-16T23:12:31.614">
  <mem-info id="22" free="104631296" total="2092630016" percent="4">
    <mem type="tenure" free="104631296" total="2092630016" percent="4">
      <mem type="soa" free="0" total="1987998720" percent="0" />
      <mem type="loa" free="104631296" total="104631296" percent="100" />
    </mem>
  </mem-info>
</gc-start>
<allocation-stats totalBytes="1985826512" >
  <allocated-bytes non-tlh="1725792" tlh="1984100720" />
  <largest-consumer threadName="Thread-10" threadId="0000000001D9A100" bytes="547017240" />
</allocation-stats>
<gc-op id="23" type="mark" timems="6.256" contextid="20" timestamp="2019-06-16T23:12:31.620">
  <trace-info objectcount="70715" scancount="62310" scanbytes="2382676" />
  <finalization candidates="124" enqueued="0" />
  <ownableSynchronizers candidates="3" cleared="0" />
  <references type="soft" candidates="149" cleared="0" enqueued="0" dynamicThreshold="31" maxThreshold="32" />
  <references type="weak" candidates="802" cleared="29" enqueued="28" />
  <references type="phantom" candidates="66" cleared="2" enqueued="2" />
  <stringconstants candidates="4598" cleared="1"  />
</gc-op>
<gc-op id="24" type="sweep" timems="2.151" contextid="20" timestamp="2019-06-16T23:12:31.623" />
<mem-info id="25" free="2087257352" total="2092630016" percent="99">
  <mem type="tenure" free="2087257352" total="2092630016" percent="99" micro-fragmented="987277" macro-fragmented="0">
    <mem type="soa" free="1982626056" total="1987998720" percent="99" />
    <mem type="loa" free="104631296" total="104631296" percent="100" />
  </mem>
  <pending-finalizers system="0" default="0" reference="30" classloader="0" />
</mem-info>
<gc-op id="26" type="compact" timems="15.461" contextid="20" timestamp="2019-06-16T23:12:31.638">
  <compact-info movecount="70092" movebytes="4285776" reason="compact to aid heap contraction" />
</gc-op>
<gc-end id="27" type="global" contextid="20" durationms="24.708" usertimems="68.000" systemtimems="8.000" timestamp="2019-06-16T23:12:31.638" activeThreads="4">
  <mem-info id="28" free="2088212848" total="2092630016" percent="99">
    <mem type="tenure" free="2088212848" total="2092630016" percent="99">
      <mem type="soa" free="1983581552" total="1987998720" percent="99" />
      <mem type="loa" free="104631296" total="104631296" percent="100" />
    </mem>
    <pending-finalizers system="0" default="0" reference="30" classloader="0" />
  </mem-info>
</gc-end>
<cycle-end id="29" type="global" contextid="20" timestamp="2019-06-16T23:12:31.639" />
  <attribute name="elasticGC enabled" value="1" />
  <attribute name= "numThreadsSpecified" value="4" />
  <attribute name="heapSize specified" value="2092630016" />
  <attribute name="Current GC Util" value="155" />
  <attribute name= "Current Time Running" value="3030" />
  <attribute name ="GC Interval" value="0" />
  <attribute name="ProportionalT" value="67.500000" />
  <attribute name="ProportionalI" value="67.500000" />
  <attribute name="ProportionalH" value="67.500000" />
  <attribute name="Current Error" value="135.000000" />
  <attribute name="IntegralT" value="1080.000000" />
  <attribute name="IntegralI" value="1080.000000" />
  <attribute name="IntegralH" value="1080.000000" />
  <attribute name="DerivativeT" value="0.062500" />
  <attribute name="DerivativeI" value="0.062500" />
  <attribute name="DerivativeH" value="0.062500" />
  <attribute name="Loop Time for DT" value="16.000000" />
  <attribute name="Output H" value="8388608"/>
  <attribute name="Output I" value="1152"/>
  <attribute name="Output T" value="4"/>
  <attribute name="Target GC Util Change" value ="20.000000" />
  <attribute name="Current GC Util Change" value="155.000000"/>
  <attribute name="GC Util currently" value="155" />
  <attribute name="CPU Util currently" value="296199836344" />
<allocation-satisfied id="30" threadId="0000000001DA1900" bytesRequested="40" />
<af-end id="31" timestamp="2019-06-16T23:12:31.639" threadId="0000000001DA2288" success="true" />
<exclusive-end id="32" timestamp="2019-06-16T23:12:31.639" durationms="25.811" />

</verbosegc>

