<?xml version="1.0" ?>

<verbosegc xmlns="http://www.ibm.com/j9/verbosegc" version="10b4217_CMPRSS">

<initialized id="1" timestamp="2019-06-15T20:41:45.994">
  <attribute name="gcPolicy" value="-Xgcpolicy:balanced" />
  <attribute name="elasticGC enabled" value="1" />
  <attribute name= "numThreadsSpecified" value="0" />
  <attribute name="heapSize specified" value="0" />
  <attribute name="Current GC Util" value="0" />
  <attribute name= "Current Time Running" value="0" />
  <attribute name ="GC Interval" value="0" />
  <attribute name="ProportionalT" value="0.000000" />
  <attribute name="ProportionalI" value="0.000000" />
  <attribute name="ProportionalH" value="0.000000" />
  <attribute name="IntegralT" value="0.000000" />
  <attribute name="IntegralI" value="0.000000" />
  <attribute name="IntegralH" value="0.000000" />
  <attribute name="DerivativeT" value="0.000000" />
  <attribute name="DerivativeI" value="0.000000" />
  <attribute name="DerivativeH" value="0.000000" />
  <attribute name="Target GC Util Change" value ="0.000000" />
  <attribute name="Current GC Util Change" value="0.000000"/>
  <attribute name="Current Error" value="0.000000" />
  <attribute name="Loop Time for DT" value="0.000000" />
  <attribute name="Output H" value="0"/>
  <attribute name="Output I" value="0"/>
  <attribute name="Output T" value="0"/>
  <attribute name="GC Util currently" value="0" />
  <attribute name="CPU Util currently" value="0" />
  <attribute name="maxHeapSize" value="0x7cb00000" />
  <attribute name="initialHeapSize" value="0x800000" />
  <attribute name="compressedRefs" value="true" />
  <attribute name="compressedRefsDisplacement" value="0x0" />
  <attribute name="compressedRefsShift" value="0x0" />
  <attribute name="pageSize" value="0x1000" />
  <attribute name="pageType" value="not used" />
  <attribute name="requestedPageSize" value="0x1000" />
  <attribute name="requestedPageType" value="not used" />
  <attribute name="gcthreads" value="4" />
  <attribute name="packetListSplit" value="4" />
  <attribute name="cacheListSplit" value="4" />
  <attribute name="splitFreeListSplitAmount" value="1" />
  <attribute name="numaNodes" value="0" />
  <region>
    <attribute name="regionSize" value="1048576" />
    <attribute name="regionCount" value="1995" />
    <attribute name="arrayletLeafSize" value="1048576" />
  </region>
  <system>
    <attribute name="physicalMemory" value="8370962432" />
    <attribute name="numCPUs" value="4" />
    <attribute name="architecture" value="amd64" />
    <attribute name="os" value="Linux" />
    <attribute name="osVersion" value="4.4.0-148-generic" />
  </system>
  <vmargs>
    <vmarg name="-Xoptionsfile=/vagrant/jdk/lib/options.default" />
    <vmarg name="-Xlockword:mode=default,noLockword=java/lang/String,noLockword=java/util/MapEntry,noLockword=java/util/HashMap$Entry,noLockword..." />
    <vmarg name="-Xjcl:jclse29" />
    <vmarg name="-Dcom.ibm.oti.vm.bootstrap.library.path=/vagrant/jdk/lib/compressedrefs:/vagrant/jdk/lib" />
    <vmarg name="-Dsun.boot.library.path=/vagrant/jdk/lib/compressedrefs:/vagrant/jdk/lib" />
    <vmarg name="-Djava.library.path=/vagrant/jdk/lib/compressedrefs:/vagrant/jdk/lib:/usr/lib64:/usr/lib" />
    <vmarg name="-Djava.home=/vagrant/jdk" />
    <vmarg name="-Duser.dir=/vagrant" />
    <vmarg name="-Xgcpolicy:balanced" />
    <vmarg name="-Xgcelastic" />
    <vmarg name="-Xcheck:gc:::elasticGC" />
    <vmarg name="-verbose:gc" />
    <vmarg name="-Xloggc:default-Balanced-jdk-1.5-1-0.5-verbose9avrora.txt" />
    <vmarg name="-Djava.class.path=dacapo-9.12-MR1-bach.jar" />
    <vmarg name="-Dsun.java.command=dacapo-9.12-MR1-bach.jar avrora --size=default" />
    <vmarg name="-Dsun.java.launcher=SUN_STANDARD" />
    <vmarg name="-Dsun.java.launcher.pid=18628" />
  </vmargs>
</initialized>

<exclusive-start id="2" timestamp="2019-06-15T20:41:46.732" intervalms="737.751">
  <response-info timems="0.102" idlems="0.102" threads="0" lastid="0000000001DBE700" lastname="main" />
</exclusive-start>
<sys-start reason="explicit" id="3" timestamp="2019-06-15T20:41:46.733" intervalms="738.254" />
<cycle-start id="4" type="global garbage collect" contextid="0" timestamp="2019-06-15T20:41:46.733" intervalms="738.533" />
<gc-start id="5" type="global garbage collect" contextid="4" timestamp="2019-06-15T20:41:46.733">
  <mem-info id="6" free="1662824" total="8388608" percent="19">
    <mem type="eden" free="614328" total="7340032" percent="8" />
    <remembered-set count="0" freebytes="334848" totalbytes="334848" percent="100" regionsoverflowed="0" regionsstable="0" regionsrebuilding="0"/>
  </mem-info>
</gc-start>
<allocation-stats totalBytes="6655832" >
  <allocated-bytes non-tlh="529728" tlh="6126104" arrayletleaf="0"/>
  <largest-consumer threadName="main" threadId="0000000001DBE700" bytes="6579264" />
</allocation-stats>
<gc-op id="7" type="global mark" timems="2.816" contextid="4" timestamp="2019-06-15T20:41:46.737">
  <trace-info objectcount="17849" scancount="14128" scanbytes="463976" />
  <finalization candidates="14" enqueued="1" />
  <references type="soft" candidates="66" cleared="0" enqueued="0" dynamicThreshold="32" maxThreshold="32" />
  <references type="weak" candidates="553" cleared="411" enqueued="372" />
  <references type="phantom" candidates="99" cleared="41" enqueued="41" />
  <stringconstants candidates="2456" cleared="0"  />
</gc-op>
<gc-op id="8" type="classunload" timems="0.104" contextid="4" timestamp="2019-06-15T20:41:46.737">
  <classunload-info classloadercandidates="6" classloadersunloaded="0" classesunloaded="0" anonymousclassesunloaded="0" quiescems="0.000" setupms="0.104" scanms="0.000" postms="0.000" />
</gc-op>
<gc-op id="9" type="sweep" timems="0.484" contextid="4" timestamp="2019-06-15T20:41:46.738" />
<gc-op id="10" type="compact" timems="4.344" contextid="4" timestamp="2019-06-15T20:41:46.743">
  <compact-info movecount="17842" movebytes="855384" />
  <remembered-set-cleared processed="1065" cleared="1065" durationms="0.108" />
</gc-op>
<gc-end id="11" type="global garbage collect" contextid="4" durationms="9.789" usertimems="0.000" systemtimems="12.000" timestamp="2019-06-15T20:41:46.743" activeThreads="4">
  <mem-info id="12" free="7340032" total="8388608" percent="87">
    <pending-finalizers system="1" default="0" reference="413" classloader="0" />
    <remembered-set count="0" freebytes="334848" totalbytes="334848" percent="100" regionsoverflowed="0" regionsstable="0" regionsrebuilding="0"/>
  </mem-info>
</gc-end>
<cycle-end id="13" type="global garbage collect" contextid="4" timestamp="2019-06-15T20:41:46.743" />
  <attribute name="elasticGC enabled" value="1" />
  <attribute name= "numThreadsSpecified" value="4" />
  <attribute name="heapSize specified" value="0" />
  <attribute name="Current GC Util" value="35" />
  <attribute name= "Current Time Running" value="629" />
  <attribute name ="GC Interval" value="0" />
  <attribute name="ProportionalT" value="22.500000" />
  <attribute name="ProportionalI" value="22.500000" />
  <attribute name="ProportionalH" value="22.500000" />
  <attribute name="Current Error" value="15.000000" />
  <attribute name="IntegralT" value="-12356.000000" />
  <attribute name="IntegralI" value="-12356.000000" />
  <attribute name="IntegralH" value="-12356.000000" />
  <attribute name="DerivativeT" value="-14.000000" />
  <attribute name="DerivativeI" value="-14.000000" />
  <attribute name="DerivativeH" value="-14.000000" />
  <attribute name="Loop Time for DT" value="1.000000" />
  <attribute name="Output H" value="2091843584"/>
  <attribute name="Output I" value="200"/>
  <attribute name="Output T" value="4"/>
  <attribute name="Target GC Util Change" value ="20.000000" />
  <attribute name="Current GC Util Change" value="35.000000"/>
  <attribute name="GC Util currently" value="35" />
  <attribute name="CPU Util currently" value="6394009877783" />
<sys-end id="14" timestamp="2019-06-15T20:41:46.743" />
<exclusive-end id="15" timestamp="2019-06-15T20:41:46.744" durationms="11.344" />

<exclusive-start id="16" timestamp="2019-06-15T20:41:47.840" intervalms="1108.067">
  <response-info timems="0.032" idlems="0.032" threads="0" lastid="0000000002074500" lastname="node-0" />
</exclusive-start>
<allocation-taxation id="17" taxation-threshold="7340032" timestamp="2019-06-15T20:41:47.840" intervalms="1845.956" />
<cycle-start id="18" type="partial gc" contextid="0" timestamp="2019-06-15T20:41:47.841" intervalms="1846.086" />
<gc-start id="19" type="partial gc" contextid="18" timestamp="2019-06-15T20:41:47.841">
  <mem-info id="20" free="0" total="8388608" percent="0">
    <mem type="eden" free="0" total="7340032" percent="0" />
    <remembered-set count="0" freebytes="334848" totalbytes="334848" percent="100" regionsoverflowed="0" regionsstable="0" regionsrebuilding="0"/>
  </mem-info>
</gc-start>
<allocation-stats totalBytes="7328360" >
  <allocated-bytes non-tlh="172800" tlh="7155560" arrayletleaf="0"/>
  <largest-consumer threadName="main" threadId="0000000001DBE700" bytes="6528080" />
</allocation-stats>
<gc-op id="21" type="mark" timems="3.024" contextid="18" timestamp="2019-06-15T20:41:47.844">
  <trace-info objectcount="29327" scancount="25912" scanbytes="1015140" />
  <cardclean-info objects="1194" bytes="40996" />
  <remembered-set-cleared processed="0" cleared="0" durationms="0.049" />
  <references type="weak" candidates="45" cleared="44" enqueued="44" />
  <references type="phantom" candidates="4" cleared="2" enqueued="2" />
  <stringconstants candidates="3831" cleared="0"  />
  <warning details="Mark invoked due to insufficient free space for Copy-Forward" />
</gc-op>
<gc-op id="22" type="classunload" timems="0.001" contextid="18" timestamp="2019-06-15T20:41:47.844">
  <classunload-info classloadercandidates="6" classloadersunloaded="0" classesunloaded="0" anonymousclassesunloaded="0" quiescems="0.000" setupms="0.001" scanms="0.000" postms="0.000" />
</gc-op>
<gc-op id="23" type="sweep" timems="1.373" contextid="18" timestamp="2019-06-15T20:41:47.846" />
<gc-op id="24" type="compact" timems="8.582" contextid="18" timestamp="2019-06-15T20:41:47.855">
  <compact-info movecount="29279" movebytes="1366496" />
  <remembered-set-cleared processed="838" cleared="838" durationms="0.049" />
</gc-op>
<gc-end id="25" type="partial gc" contextid="18" durationms="14.995" usertimems="12.000" systemtimems="0.000" timestamp="2019-06-15T20:41:47.856" activeThreads="4">
  <mem-info id="26" free="5242880" total="8388608" percent="62">
    <mem type="eden" free="727768" total="2097152" percent="34" />
    <pending-finalizers system="0" default="0" reference="46" classloader="0" />
    <remembered-set count="1536" freebytes="328704" totalbytes="334848" percent="98" regionsoverflowed="0" regionsstable="0" regionsrebuilding="0"/>
  </mem-info>
</gc-end>
<cycle-end id="27" type="partial gc" contextid="18" timestamp="2019-06-15T20:41:47.856" />
  <attribute name="elasticGC enabled" value="1" />
  <attribute name= "numThreadsSpecified" value="4" />
  <attribute name="heapSize specified" value="0" />
  <attribute name="Current GC Util" value="63" />
  <attribute name= "Current Time Running" value="1737" />
  <attribute name ="GC Interval" value="0" />
  <attribute name="ProportionalT" value="64.500000" />
  <attribute name="ProportionalI" value="64.500000" />
  <attribute name="ProportionalH" value="64.500000" />
  <attribute name="Current Error" value="43.000000" />
  <attribute name="IntegralT" value="43.000000" />
  <attribute name="IntegralI" value="43.000000" />
  <attribute name="IntegralH" value="43.000000" />
  <attribute name="DerivativeT" value="21.500000" />
  <attribute name="DerivativeI" value="21.500000" />
  <attribute name="DerivativeH" value="21.500000" />
  <attribute name="Loop Time for DT" value="1.000000" />
  <attribute name="Output H" value="8388608"/>
  <attribute name="Output I" value="200"/>
  <attribute name="Output T" value="4"/>
  <attribute name="Target GC Util Change" value ="20.000000" />
  <attribute name="Current GC Util Change" value="63.000000"/>
  <attribute name="GC Util currently" value="63" />
  <attribute name="CPU Util currently" value="2599346972888" />
<exclusive-end id="28" timestamp="2019-06-15T20:41:47.856" durationms="15.946" />

<exclusive-start id="29" timestamp="2019-06-15T20:41:48.872" intervalms="1032.060">
  <response-info timems="0.032" idlems="0.032" threads="0" lastid="000000000207BD00" lastname="node-4" />
</exclusive-start>
<allocation-taxation id="30" taxation-threshold="2097152" timestamp="2019-06-15T20:41:48.872" intervalms="1031.996" />
<cycle-start id="31" type="global mark phase" contextid="0" timestamp="2019-06-15T20:41:48.872" intervalms="2878.034" />
<gc-start id="32" type="global mark phase" contextid="31" timestamp="2019-06-15T20:41:48.873">
  <mem-info id="33" free="3145728" total="8388608" percent="37">
    <remembered-set count="1312" freebytes="329600" totalbytes="334848" percent="98" regionsoverflowed="0" regionsstable="0" regionsrebuilding="0"/>
  </mem-info>
</gc-start>
<gc-op id="34" type="mark increment" timems="2.593" contextid="31" timestamp="2019-06-15T20:41:48.875">
  <trace-info objectcount="161" scancount="0" scanbytes="0" />
</gc-op>
<gc-end id="35" type="global mark phase" contextid="31" durationms="2.763" usertimems="0.000" systemtimems="4.000" timestamp="2019-06-15T20:41:48.875" activeThreads="4">
  <mem-info id="36" free="3145728" total="8388608" percent="37">
    <remembered-set count="1312" freebytes="329600" totalbytes="334848" percent="98" regionsoverflowed="0" regionsstable="0" regionsrebuilding="0"/>
  </mem-info>
</gc-end>
<concurrent-start id="37" type="GMP work packet processing" contextid="31" timestamp="2019-06-15T20:41:48.875">
  <concurrent-mark-start scanTarget="18446744073709551615" />
</concurrent-start>
<exclusive-end id="38" timestamp="2019-06-15T20:41:48.876" durationms="3.241" />

<concurrent-end id="39" type="GMP work packet processing" contextid="31" timestamp="2019-06-15T20:41:48.880">
  <concurrent-mark-end bytesScanned="1462280" reasonForTermination="Completed all work in GC phase" />
</concurrent-end>

<exclusive-start id="40" timestamp="2019-06-15T20:41:49.796" intervalms="923.774">
  <response-info timems="0.026" idlems="0.026" threads="0" lastid="0000000002078100" lastname="node-2" />
</exclusive-start>
<allocation-taxation id="41" taxation-threshold="2097152" timestamp="2019-06-15T20:41:49.796" intervalms="923.775" />
<cycle-start id="42" type="partial gc" contextid="0" timestamp="2019-06-15T20:41:49.796" intervalms="1955.720" />
<gc-start id="43" type="partial gc" contextid="42" timestamp="2019-06-15T20:41:49.796">
  <mem-info id="44" free="1048576" total="8388608" percent="12">
    <mem type="eden" free="0" total="4194304" percent="0" />
    <remembered-set count="1312" freebytes="329600" totalbytes="334848" percent="98" regionsoverflowed="0" regionsstable="0" regionsrebuilding="0"/>
  </mem-info>
</gc-start>
<allocation-stats totalBytes="4190360" >
  <allocated-bytes non-tlh="0" tlh="4190360" arrayletleaf="0"/>
  <largest-consumer threadName="node-4" threadId="000000000207BD00" bytes="404760" />
</allocation-stats>
<gc-op id="45" type="copy forward" timems="8.647" contextid="42" timestamp="2019-06-15T20:41:49.806">
  <memory-copied type="eden" objects="50" bytes="2904" bytesdiscarded="58808" />
  <memory-copied type="other" objects="29118" bytes="1362728" bytesdiscarded="173520" />
  <memory-cardclean objects="62" bytes="4448" />
  <regions eden="4" other="2" />
  <remembered-set-cleared processed="368" cleared="368" durationms="0.071" />
  <references type="weak" candidates="1" cleared="0" enqueued="0" />
  <references type="phantom" candidates="2" cleared="0" enqueued="0" />
  <stringconstants candidates="3831" cleared="0"  />
  <heap-resize type="expand" space="default" amount="2097152" count="2" timems="0.533" reason="continue current collection" />
</gc-op>
<gc-op id="46" type="classunload" timems="0.002" contextid="42" timestamp="2019-06-15T20:41:49.806">
  <classunload-info classloadercandidates="6" classloadersunloaded="0" classesunloaded="0" anonymousclassesunloaded="0" quiescems="0.000" setupms="0.002" scanms="0.000" postms="0.000" />
</gc-op>
<gc-op id="47" type="compact" timems="1.257" contextid="42" timestamp="2019-06-15T20:41:49.808">
  <compact-info movecount="0" movebytes="0" />
  <remembered-set-cleared processed="1023" cleared="368" durationms="0.071" />
</gc-op>
<gc-end id="48" type="partial gc" contextid="42" durationms="11.815" usertimems="16.000" systemtimems="0.000" timestamp="2019-06-15T20:41:49.808" activeThreads="4">
  <mem-info id="49" free="6291456" total="10485760" percent="60">
    <mem type="eden" free="986864" total="1048576" percent="94" />
    <remembered-set count="960" freebytes="414720" totalbytes="418560" percent="99" regionsoverflowed="0" regionsstable="0" regionsrebuilding="0"/>
  </mem-info>
</gc-end>
<cycle-end id="50" type="partial gc" contextid="42" timestamp="2019-06-15T20:41:49.808" />
  <attribute name="elasticGC enabled" value="1" />
  <attribute name= "numThreadsSpecified" value="4" />
  <attribute name="heapSize specified" value="0" />
  <attribute name="Current GC Util" value="91" />
  <attribute name= "Current Time Running" value="3698" />
  <attribute name ="GC Interval" value="0" />
  <attribute name="ProportionalT" value="106.500000" />
  <attribute name="ProportionalI" value="106.500000" />
  <attribute name="ProportionalH" value="106.500000" />
  <attribute name="Current Error" value="71.000000" />
  <attribute name="IntegralT" value="639.000000" />
  <attribute name="IntegralI" value="639.000000" />
  <attribute name="IntegralH" value="639.000000" />
  <attribute name="DerivativeT" value="1.944444" />
  <attribute name="DerivativeI" value="1.944444" />
  <attribute name="DerivativeH" value="1.944444" />
  <attribute name="Loop Time for DT" value="9.000000" />
  <attribute name="Output H" value="8388608"/>
  <attribute name="Output I" value="752"/>
  <attribute name="Output T" value="4"/>
  <attribute name="Target GC Util Change" value ="20.000000" />
  <attribute name="Current GC Util Change" value="91.000000"/>
  <attribute name="GC Util currently" value="91" />
  <attribute name="CPU Util currently" value="518676786777" />
<exclusive-end id="51" timestamp="2019-06-15T20:41:49.809" durationms="12.704" />

<exclusive-start id="52" timestamp="2019-06-15T20:41:51.219" intervalms="1422.498">
  <response-info timems="0.048" idlems="0.048" threads="0" lastid="000000000207BD00" lastname="node-4" />
</exclusive-start>
<allocation-taxation id="53" taxation-threshold="3145728" timestamp="2019-06-15T20:41:51.219" intervalms="1422.499" />
<gc-start id="54" type="global mark phase" contextid="31" timestamp="2019-06-15T20:41:51.219">
  <mem-info id="55" free="3145728" total="10485760" percent="30">
    <remembered-set count="608" freebytes="416128" totalbytes="418560" percent="99" regionsoverflowed="0" regionsstable="1" regionsrebuilding="0"/>
  </mem-info>
</gc-start>
<gc-op id="56" type="mark increment" timems="2.018" contextid="31" timestamp="2019-06-15T20:41:51.221">
  <trace-info objectcount="77" scancount="69" scanbytes="42600" />
  <cardclean-info objects="2490" bytes="139772" />
  <finalization candidates="13" enqueued="0" />
  <references type="soft" candidates="66" cleared="0" enqueued="0" dynamicThreshold="19" maxThreshold="32" />
  <references type="weak" candidates="143" cleared="0" enqueued="0" />
  <references type="phantom" candidates="59" cleared="2" enqueued="2" />
  <stringconstants candidates="3831" cleared="0"  />
</gc-op>
<gc-op id="57" type="classunload" timems="0.002" contextid="31" timestamp="2019-06-15T20:41:51.221">
  <classunload-info classloadercandidates="6" classloadersunloaded="0" classesunloaded="0" anonymousclassesunloaded="0" quiescems="0.000" setupms="0.002" scanms="0.000" postms="0.000" />
</gc-op>
<gc-end id="58" type="global mark phase" contextid="31" durationms="2.276" usertimems="4.000" systemtimems="0.000" timestamp="2019-06-15T20:41:51.221" activeThreads="4">
  <mem-info id="59" free="3145728" total="10485760" percent="30">
    <pending-finalizers system="0" default="0" reference="2" classloader="0" />
    <remembered-set count="608" freebytes="416128" totalbytes="418560" percent="99" regionsoverflowed="0" regionsstable="1" regionsrebuilding="0"/>
  </mem-info>
</gc-end>
<cycle-end id="60" type="global mark phase" contextid="31" timestamp="2019-06-15T20:41:51.221" />
  <attribute name="elasticGC enabled" value="1" />
  <attribute name= "numThreadsSpecified" value="4" />
  <attribute name="heapSize specified" value="0" />
  <attribute name="Current GC Util" value="0" />
  <attribute name= "Current Time Running" value="5111" />
  <attribute name ="GC Interval" value="0" />
  <attribute name="ProportionalT" value="-30.000000" />
  <attribute name="ProportionalI" value="-30.000000" />
  <attribute name="ProportionalH" value="-30.000000" />
  <attribute name="Current Error" value="-20.000000" />
  <attribute name="IntegralT" value="-20.000000" />
  <attribute name="IntegralI" value="-20.000000" />
  <attribute name="IntegralH" value="-20.000000" />
  <attribute name="DerivativeT" value="-56.500000" />
  <attribute name="DerivativeI" value="-56.500000" />
  <attribute name="DerivativeH" value="-56.500000" />
  <attribute name="Loop Time for DT" value="1.000000" />
  <attribute name="Output H" value="2091843584"/>
  <attribute name="Output I" value="200"/>
  <attribute name="Output T" value="4"/>
  <attribute name="Target GC Util Change" value ="20.000000" />
  <attribute name="Current GC Util Change" value="0.000000"/>
  <attribute name="GC Util currently" value="0" />
  <attribute name="CPU Util currently" value="16148717040814" />
<exclusive-end id="61" timestamp="2019-06-15T20:41:51.221" durationms="2.630" />

<exclusive-start id="62" timestamp="2019-06-15T20:41:52.603" intervalms="1384.775">
  <response-info timems="0.046" idlems="0.046" threads="0" lastid="000000000207F900" lastname="node-1" />
</exclusive-start>
<allocation-taxation id="63" taxation-threshold="3145728" timestamp="2019-06-15T20:41:52.603" intervalms="1384.794" />
<cycle-start id="64" type="partial gc" contextid="0" timestamp="2019-06-15T20:41:52.604" intervalms="2807.326" />
<gc-start id="65" type="partial gc" contextid="64" timestamp="2019-06-15T20:41:52.604">
  <mem-info id="66" free="0" total="10485760" percent="0">
    <mem type="eden" free="986864" total="7340032" percent="13" />
    <remembered-set count="608" freebytes="416128" totalbytes="418560" percent="99" regionsoverflowed="0" regionsstable="1" regionsrebuilding="0"/>
  </mem-info>
</gc-start>
<allocation-stats totalBytes="6287800" >
  <allocated-bytes non-tlh="0" tlh="6287800" arrayletleaf="0"/>
  <largest-consumer threadName="node-4" threadId="000000000207BD00" bytes="573360" />
</allocation-stats>
<gc-op id="67" type="sweep" timems="0.977" contextid="64" timestamp="2019-06-15T20:41:52.605" />
<gc-op id="68" type="copy forward" timems="0.817" contextid="64" timestamp="2019-06-15T20:41:52.607">
  <memory-copied type="eden" objects="47" bytes="1504" bytesdiscarded="0" />
  <memory-copied type="other" objects="0" bytes="0" bytesdiscarded="0" />
  <memory-cardclean objects="413" bytes="53240" />
  <regions eden="3" other="1" />
  <remembered-set-cleared processed="331" cleared="23" durationms="0.053" />
  <stringconstants candidates="3831" cleared="0"  />
</gc-op>
<gc-op id="69" type="classunload" timems="0.002" contextid="64" timestamp="2019-06-15T20:41:52.607">
  <classunload-info classloadercandidates="6" classloadersunloaded="0" classesunloaded="0" anonymousclassesunloaded="0" quiescems="0.000" setupms="0.002" scanms="0.000" postms="0.000" />
</gc-op>
<gc-end id="70" type="partial gc" contextid="64" durationms="3.440" usertimems="0.000" systemtimems="0.000" timestamp="2019-06-15T20:41:52.607" activeThreads="1">
  <mem-info id="71" free="6291456" total="10485760" percent="60">
    <mem type="eden" free="1047072" total="1048576" percent="99" />
    <remembered-set count="960" freebytes="414720" totalbytes="418560" percent="99" regionsoverflowed="0" regionsstable="1" regionsrebuilding="0"/>
  </mem-info>
</gc-end>
<cycle-end id="72" type="partial gc" contextid="64" timestamp="2019-06-15T20:41:52.608" />
  <attribute name="elasticGC enabled" value="1" />
  <attribute name= "numThreadsSpecified" value="1" />
  <attribute name="heapSize specified" value="0" />
  <attribute name="Current GC Util" value="108" />
  <attribute name= "Current Time Running" value="6497" />
  <attribute name ="GC Interval" value="0" />
  <attribute name="ProportionalT" value="132.000000" />
  <attribute name="ProportionalI" value="132.000000" />
  <attribute name="ProportionalH" value="132.000000" />
  <attribute name="Current Error" value="88.000000" />
  <attribute name="IntegralT" value="0.000000" />
  <attribute name="IntegralI" value="0.000000" />
  <attribute name="IntegralH" value="0.000000" />
  <attribute name="DerivativeT" value="inf" />
  <attribute name="DerivativeI" value="inf" />
  <attribute name="DerivativeH" value="inf" />
  <attribute name="Loop Time for DT" value="0.000000" />
  <attribute name="Output H" value="8388608"/>
  <attribute name="Output I" value="200"/>
  <attribute name="Output T" value="1"/>
  <attribute name="Target GC Util Change" value ="20.000000" />
  <attribute name="Current GC Util Change" value="108.000000"/>
  <attribute name="GC Util currently" value="108" />
  <attribute name="CPU Util currently" value="11977720798510" />
<exclusive-end id="73" timestamp="2019-06-15T20:41:52.608" durationms="4.481" />

<exclusive-start id="74" timestamp="2019-06-15T20:41:54.096" intervalms="1492.872">
  <response-info timems="0.022" idlems="0.022" threads="0" lastid="0000000002087000" lastname="node-5" />
</exclusive-start>
<allocation-taxation id="75" taxation-threshold="3145728" timestamp="2019-06-15T20:41:54.096" intervalms="1492.863" />
<cycle-start id="76" type="global mark phase" contextid="0" timestamp="2019-06-15T20:41:54.096" intervalms="5223.937" />
<gc-start id="77" type="global mark phase" contextid="76" timestamp="2019-06-15T20:41:54.096">
  <mem-info id="78" free="3145728" total="10485760" percent="30">
    <remembered-set count="480" freebytes="416640" totalbytes="418560" percent="99" regionsoverflowed="0" regionsstable="1" regionsrebuilding="0"/>
  </mem-info>
</gc-start>
<gc-op id="79" type="mark increment" timems="0.861" contextid="76" timestamp="2019-06-15T20:41:54.097">
  <trace-info objectcount="195" scancount="0" scanbytes="0" />
</gc-op>
<gc-end id="80" type="global mark phase" contextid="76" durationms="1.015" usertimems="0.000" systemtimems="0.000" timestamp="2019-06-15T20:41:54.097" activeThreads="4">
  <mem-info id="81" free="3145728" total="10485760" percent="30">
    <remembered-set count="480" freebytes="416640" totalbytes="418560" percent="99" regionsoverflowed="0" regionsstable="0" regionsrebuilding="1"/>
  </mem-info>
</gc-end>
<concurrent-start id="82" type="GMP work packet processing" contextid="76" timestamp="2019-06-15T20:41:54.098">
  <concurrent-mark-start scanTarget="18446744073709551615" />
</concurrent-start>
<exclusive-end id="83" timestamp="2019-06-15T20:41:54.098" durationms="1.497" />

<concurrent-end id="84" type="GMP work packet processing" contextid="76" timestamp="2019-06-15T20:41:54.099">
  <concurrent-mark-end bytesScanned="1455560" reasonForTermination="Completed all work in GC phase" />
</concurrent-end>

<exclusive-start id="85" timestamp="2019-06-15T20:41:55.408" intervalms="1311.492">
  <response-info timems="0.022" idlems="0.022" threads="0" lastid="0000000002074500" lastname="node-0" />
</exclusive-start>
<allocation-taxation id="86" taxation-threshold="3145728" timestamp="2019-06-15T20:41:55.408" intervalms="1311.489" />
<cycle-start id="87" type="partial gc" contextid="0" timestamp="2019-06-15T20:41:55.408" intervalms="2804.364" />
<gc-start id="88" type="partial gc" contextid="87" timestamp="2019-06-15T20:41:55.408">
  <mem-info id="89" free="0" total="10485760" percent="0">
    <mem type="eden" free="1047072" total="7340032" percent="14" />
    <remembered-set count="1088" freebytes="414208" totalbytes="418560" percent="98" regionsoverflowed="0" regionsstable="0" regionsrebuilding="1"/>
  </mem-info>
</gc-start>
<allocation-stats totalBytes="6289192" >
  <allocated-bytes non-tlh="0" tlh="6289192" arrayletleaf="0"/>
  <largest-consumer threadName="node-4" threadId="000000000207BD00" bytes="577448" />
</allocation-stats>
<gc-op id="90" type="mark" timems="2.498" contextid="87" timestamp="2019-06-15T20:41:55.411">
  <trace-info objectcount="36" scancount="36" scanbytes="21136" />
  <cardclean-info objects="372" bytes="30812" />
  <remembered-set-cleared processed="790" cleared="59" durationms="0.062" />
  <stringconstants candidates="3831" cleared="0"  />
  <warning details="Mark invoked due to insufficient free space for Copy-Forward" />
</gc-op>
<gc-op id="91" type="classunload" timems="0.001" contextid="87" timestamp="2019-06-15T20:41:55.411">
  <classunload-info classloadercandidates="6" classloadersunloaded="0" classesunloaded="0" anonymousclassesunloaded="0" quiescems="0.000" setupms="0.001" scanms="0.000" postms="0.000" />
</gc-op>
<gc-op id="92" type="sweep" timems="0.765" contextid="87" timestamp="2019-06-15T20:41:55.412" />
<gc-op id="93" type="compact" timems="1.684" contextid="87" timestamp="2019-06-15T20:41:55.414">
  <compact-info movecount="36" movebytes="624" />
  <remembered-set-cleared processed="1587" cleared="113" durationms="0.063" />
</gc-op>
<gc-end id="94" type="partial gc" contextid="87" durationms="6.449" usertimems="8.000" systemtimems="0.000" timestamp="2019-06-15T20:41:55.415" activeThreads="4">
  <mem-info id="95" free="6291456" total="10485760" percent="60">
    <mem type="eden" free="1047952" total="1048576" percent="99" />
    <remembered-set count="1952" freebytes="410752" totalbytes="418560" percent="98" regionsoverflowed="0" regionsstable="0" regionsrebuilding="1"/>
  </mem-info>
</gc-end>
<cycle-end id="96" type="partial gc" contextid="87" timestamp="2019-06-15T20:41:55.415" />
  <attribute name="elasticGC enabled" value="1" />
  <attribute name= "numThreadsSpecified" value="4" />
  <attribute name="heapSize specified" value="0" />
  <attribute name="Current GC Util" value="102" />
  <attribute name= "Current Time Running" value="9304" />
  <attribute name ="GC Interval" value="0" />
  <attribute name="ProportionalT" value="123.000000" />
  <attribute name="ProportionalI" value="123.000000" />
  <attribute name="ProportionalH" value="123.000000" />
  <attribute name="Current Error" value="82.000000" />
  <attribute name="IntegralT" value="82.000000" />
  <attribute name="IntegralI" value="82.000000" />
  <attribute name="IntegralH" value="82.000000" />
  <attribute name="DerivativeT" value="-8.000000" />
  <attribute name="DerivativeI" value="-8.000000" />
  <attribute name="DerivativeH" value="-8.000000" />
  <attribute name="Loop Time for DT" value="1.000000" />
  <attribute name="Output H" value="8388608"/>
  <attribute name="Output I" value="200"/>
  <attribute name="Output T" value="4"/>
  <attribute name="Target GC Util Change" value ="20.000000" />
  <attribute name="Current GC Util Change" value="102.000000"/>
  <attribute name="GC Util currently" value="102" />
  <attribute name="CPU Util currently" value="4515165327807" />
<exclusive-end id="97" timestamp="2019-06-15T20:41:55.415" durationms="7.225" />

<exclusive-start id="98" timestamp="2019-06-15T20:41:56.894" intervalms="1486.300">
  <response-info timems="0.027" idlems="0.027" threads="0" lastid="0000000002078100" lastname="node-2" />
</exclusive-start>
<allocation-taxation id="99" taxation-threshold="3145728" timestamp="2019-06-15T20:41:56.894" intervalms="1486.296" />
<gc-start id="100" type="global mark phase" contextid="76" timestamp="2019-06-15T20:41:56.894">
  <mem-info id="101" free="3145728" total="10485760" percent="30">
    <remembered-set count="1472" freebytes="412672" totalbytes="418560" percent="98" regionsoverflowed="0" regionsstable="0" regionsrebuilding="1"/>
  </mem-info>
</gc-start>
<gc-op id="102" type="mark increment" timems="1.643" contextid="76" timestamp="2019-06-15T20:41:56.896">
  <trace-info objectcount="35" scancount="34" scanbytes="21144" />
  <cardclean-info objects="375" bytes="30876" />
  <finalization candidates="13" enqueued="0" />
  <references type="soft" candidates="66" cleared="0" enqueued="0" dynamicThreshold="19" maxThreshold="32" />
  <references type="weak" candidates="143" cleared="0" enqueued="0" />
  <references type="phantom" candidates="57" cleared="0" enqueued="0" />
  <stringconstants candidates="3831" cleared="0"  />
</gc-op>
<gc-op id="103" type="classunload" timems="0.002" contextid="76" timestamp="2019-06-15T20:41:56.896">
  <classunload-info classloadercandidates="6" classloadersunloaded="0" classesunloaded="0" anonymousclassesunloaded="0" quiescems="0.000" setupms="0.002" scanms="0.000" postms="0.000" />
</gc-op>
<gc-end id="104" type="global mark phase" contextid="76" durationms="2.128" usertimems="0.000" systemtimems="0.000" timestamp="2019-06-15T20:41:56.896" activeThreads="1">
  <mem-info id="105" free="3145728" total="10485760" percent="30">
    <remembered-set count="1472" freebytes="412672" totalbytes="418560" percent="98" regionsoverflowed="0" regionsstable="0" regionsrebuilding="0"/>
  </mem-info>
</gc-end>
<cycle-end id="106" type="global mark phase" contextid="76" timestamp="2019-06-15T20:41:56.896" />
  <attribute name="elasticGC enabled" value="1" />
  <attribute name= "numThreadsSpecified" value="1" />
  <attribute name="heapSize specified" value="0" />
  <attribute name="Current GC Util" value="150" />
  <attribute name= "Current Time Running" value="10786" />
  <attribute name ="GC Interval" value="0" />
  <attribute name="ProportionalT" value="195.000000" />
  <attribute name="ProportionalI" value="195.000000" />
  <attribute name="ProportionalH" value="195.000000" />
  <attribute name="Current Error" value="130.000000" />
  <attribute name="IntegralT" value="0.000000" />
  <attribute name="IntegralI" value="0.000000" />
  <attribute name="IntegralH" value="0.000000" />
  <attribute name="DerivativeT" value="inf" />
  <attribute name="DerivativeI" value="inf" />
  <attribute name="DerivativeH" value="inf" />
  <attribute name="Loop Time for DT" value="0.000000" />
  <attribute name="Output H" value="8388608"/>
  <attribute name="Output I" value="200"/>
  <attribute name="Output T" value="1"/>
  <attribute name="Target GC Util Change" value ="20.000000" />
  <attribute name="Current GC Util Change" value="150.000000"/>
  <attribute name="GC Util currently" value="150" />
  <attribute name="CPU Util currently" value="10189026865927" />
<exclusive-end id="107" timestamp="2019-06-15T20:41:56.897" durationms="2.713" />

<exclusive-start id="108" timestamp="2019-06-15T20:41:58.930" intervalms="2036.176">
  <response-info timems="0.028" idlems="0.028" threads="0" lastid="0000000002083500" lastname="node-3" />
</exclusive-start>
<allocation-taxation id="109" taxation-threshold="3145728" timestamp="2019-06-15T20:41:58.930" intervalms="2036.190" />
<cycle-start id="110" type="partial gc" contextid="0" timestamp="2019-06-15T20:41:58.930" intervalms="3522.455" />
<gc-start id="111" type="partial gc" contextid="110" timestamp="2019-06-15T20:41:58.931">
  <mem-info id="112" free="0" total="10485760" percent="0">
    <mem type="eden" free="1047952" total="7340032" percent="14" />
    <remembered-set count="992" freebytes="414592" totalbytes="418560" percent="99" regionsoverflowed="0" regionsstable="1" regionsrebuilding="0"/>
  </mem-info>
</gc-start>
<allocation-stats totalBytes="6288872" >
  <allocated-bytes non-tlh="0" tlh="6288872" arrayletleaf="0"/>
  <largest-consumer threadName="node-4" threadId="000000000207BD00" bytes="601848" />
</allocation-stats>
<gc-op id="113" type="sweep" timems="0.883" contextid="110" timestamp="2019-06-15T20:41:58.932" />
<gc-op id="114" type="copy forward" timems="2.594" contextid="110" timestamp="2019-06-15T20:41:58.935">
  <memory-copied type="eden" objects="53" bytes="2616" bytesdiscarded="1192" />
  <memory-copied type="other" objects="0" bytes="0" bytesdiscarded="0" />
  <memory-cardclean objects="372" bytes="51376" />
  <regions eden="3" other="1" />
  <remembered-set-cleared processed="330" cleared="16" durationms="0.052" />
  <stringconstants candidates="3831" cleared="0"  />
</gc-op>
<gc-op id="115" type="classunload" timems="0.001" contextid="110" timestamp="2019-06-15T20:41:58.935">
  <classunload-info classloadercandidates="6" classloadersunloaded="0" classesunloaded="0" anonymousclassesunloaded="0" quiescems="0.000" setupms="0.001" scanms="0.000" postms="0.000" />
</gc-op>
<gc-op id="116" type="compact" timems="1.494" contextid="110" timestamp="2019-06-15T20:41:58.937">
  <compact-info movecount="0" movebytes="0" />
  <remembered-set-cleared processed="696" cleared="16" durationms="0.052" />
</gc-op>
<gc-end id="117" type="partial gc" contextid="110" durationms="6.535" usertimems="8.000" systemtimems="0.000" timestamp="2019-06-15T20:41:58.937" activeThreads="4">
  <mem-info id="118" free="6291456" total="10485760" percent="60">
    <mem type="eden" free="1044768" total="1048576" percent="99" />
    <remembered-set count="512" freebytes="416512" totalbytes="418560" percent="99" regionsoverflowed="0" regionsstable="1" regionsrebuilding="0"/>
  </mem-info>
</gc-end>
<cycle-end id="119" type="partial gc" contextid="110" timestamp="2019-06-15T20:41:58.937" />
  <attribute name="elasticGC enabled" value="1" />
  <attribute name= "numThreadsSpecified" value="4" />
  <attribute name="heapSize specified" value="0" />
  <attribute name="Current GC Util" value="129" />
  <attribute name= "Current Time Running" value="12826" />
  <attribute name ="GC Interval" value="0" />
  <attribute name="ProportionalT" value="163.500000" />
  <attribute name="ProportionalI" value="163.500000" />
  <attribute name="ProportionalH" value="163.500000" />
  <attribute name="Current Error" value="109.000000" />
  <attribute name="IntegralT" value="327.000000" />
  <attribute name="IntegralI" value="327.000000" />
  <attribute name="IntegralH" value="327.000000" />
  <attribute name="DerivativeT" value="1.333333" />
  <attribute name="DerivativeI" value="1.333333" />
  <attribute name="DerivativeH" value="1.333333" />
  <attribute name="Loop Time for DT" value="3.000000" />
  <attribute name="Output H" value="8388608"/>
  <attribute name="Output I" value="496"/>
  <attribute name="Output T" value="4"/>
  <attribute name="Target GC Util Change" value ="20.000000" />
  <attribute name="Current GC Util Change" value="129.000000"/>
  <attribute name="GC Util currently" value="129" />
  <attribute name="CPU Util currently" value="1580747710536" />
<exclusive-end id="120" timestamp="2019-06-15T20:41:58.938" durationms="7.474" />

<exclusive-start id="121" timestamp="2019-06-15T20:42:01.124" intervalms="2193.479">
  <response-info timems="0.040" idlems="0.021" threads="1" lastid="0000000002074500" lastname="node-0" />
</exclusive-start>
<allocation-taxation id="122" taxation-threshold="3145728" timestamp="2019-06-15T20:42:01.124" intervalms="2193.462" />
<cycle-start id="123" type="global mark phase" contextid="0" timestamp="2019-06-15T20:42:01.124" intervalms="7027.445" />
<gc-start id="124" type="global mark phase" contextid="123" timestamp="2019-06-15T20:42:01.124">
  <mem-info id="125" free="3145728" total="10485760" percent="30">
    <remembered-set count="512" freebytes="416512" totalbytes="418560" percent="99" regionsoverflowed="0" regionsstable="1" regionsrebuilding="0"/>
  </mem-info>
</gc-start>
<gc-op id="126" type="mark increment" timems="0.782" contextid="123" timestamp="2019-06-15T20:42:01.125">
  <trace-info objectcount="199" scancount="0" scanbytes="0" />
</gc-op>
<gc-end id="127" type="global mark phase" contextid="123" durationms="0.967" usertimems="0.000" systemtimems="4.000" timestamp="2019-06-15T20:42:01.125" activeThreads="1">
  <mem-info id="128" free="3145728" total="10485760" percent="30">
    <remembered-set count="512" freebytes="416512" totalbytes="418560" percent="99" regionsoverflowed="0" regionsstable="0" regionsrebuilding="1"/>
  </mem-info>
</gc-end>
<concurrent-start id="129" type="GMP work packet processing" contextid="123" timestamp="2019-06-15T20:42:01.125">
  <concurrent-mark-start scanTarget="18446744073709551615" />
</concurrent-start>
<exclusive-end id="130" timestamp="2019-06-15T20:42:01.125" durationms="1.774" />

<concurrent-end id="131" type="GMP work packet processing" contextid="123" timestamp="2019-06-15T20:42:01.127">
  <concurrent-mark-end bytesScanned="1455168" reasonForTermination="Completed all work in GC phase" />
</concurrent-end>

<exclusive-start id="132" timestamp="2019-06-15T20:42:03.362" intervalms="2238.324">
  <response-info timems="0.031" idlems="0.031" threads="0" lastid="0000000002078100" lastname="node-2" />
</exclusive-start>
<allocation-taxation id="133" taxation-threshold="3145728" timestamp="2019-06-15T20:42:03.362" intervalms="2238.329" />
<cycle-start id="134" type="partial gc" contextid="0" timestamp="2019-06-15T20:42:03.362" intervalms="4431.780" />
<gc-start id="135" type="partial gc" contextid="134" timestamp="2019-06-15T20:42:03.362">
  <mem-info id="136" free="0" total="10485760" percent="0">
    <mem type="eden" free="1044768" total="7340032" percent="14" />
    <remembered-set count="2112" freebytes="410112" totalbytes="418560" percent="97" regionsoverflowed="0" regionsstable="0" regionsrebuilding="1"/>
  </mem-info>
</gc-start>
<allocation-stats totalBytes="6289384" >
  <allocated-bytes non-tlh="0" tlh="6289384" arrayletleaf="0"/>
  <largest-consumer threadName="node-5" threadId="0000000002087000" bytes="602080" />
</allocation-stats>
<gc-op id="137" type="mark" timems="1.370" contextid="134" timestamp="2019-06-15T20:42:03.364">
  <trace-info objectcount="45" scancount="39" scanbytes="21264" />
  <cardclean-info objects="372" bytes="30812" />
  <remembered-set-cleared processed="891" cleared="63" durationms="0.054" />
  <stringconstants candidates="3831" cleared="0"  />
  <warning details="Mark invoked due to insufficient free space for Copy-Forward" />
</gc-op>
<gc-op id="138" type="classunload" timems="0.002" contextid="134" timestamp="2019-06-15T20:42:03.364">
  <classunload-info classloadercandidates="6" classloadersunloaded="0" classesunloaded="0" anonymousclassesunloaded="0" quiescems="0.000" setupms="0.002" scanms="0.000" postms="0.000" />
</gc-op>
<gc-op id="139" type="sweep" timems="0.546" contextid="134" timestamp="2019-06-15T20:42:03.365" />
<gc-op id="140" type="compact" timems="1.049" contextid="134" timestamp="2019-06-15T20:42:03.366">
  <compact-info movecount="45" movebytes="1568" />
  <remembered-set-cleared processed="1787" cleared="125" durationms="0.054" />
</gc-op>
<gc-end id="141" type="partial gc" contextid="134" durationms="4.347" usertimems="4.000" systemtimems="4.000" timestamp="2019-06-15T20:42:03.367" activeThreads="4">
  <mem-info id="142" free="6291456" total="10485760" percent="60">
    <mem type="eden" free="1047008" total="1048576" percent="99" />
    <remembered-set count="2048" freebytes="410368" totalbytes="418560" percent="98" regionsoverflowed="0" regionsstable="0" regionsrebuilding="1"/>
  </mem-info>
</gc-end>
<cycle-end id="143" type="partial gc" contextid="134" timestamp="2019-06-15T20:42:03.367" />
  <attribute name="elasticGC enabled" value="1" />
  <attribute name= "numThreadsSpecified" value="4" />
  <attribute name="heapSize specified" value="0" />
  <attribute name="Current GC Util" value="79" />
  <attribute name= "Current Time Running" value="17256" />
  <attribute name ="GC Interval" value="0" />
  <attribute name="ProportionalT" value="88.500000" />
  <attribute name="ProportionalI" value="88.500000" />
  <attribute name="ProportionalH" value="88.500000" />
  <attribute name="Current Error" value="59.000000" />
  <attribute name="IntegralT" value="0.000000" />
  <attribute name="IntegralI" value="0.000000" />
  <attribute name="IntegralH" value="0.000000" />
  <attribute name="DerivativeT" value="-inf" />
  <attribute name="DerivativeI" value="-inf" />
  <attribute name="DerivativeH" value="-inf" />
  <attribute name="Loop Time for DT" value="0.000000" />
  <attribute name="Output H" value="2091843584"/>
  <attribute name="Output I" value="200"/>
  <attribute name="Output T" value="4"/>
  <attribute name="Target GC Util Change" value ="20.000000" />
  <attribute name="Current GC Util Change" value="79.000000"/>
  <attribute name="GC Util currently" value="79" />
  <attribute name="CPU Util currently" value="5724507346522" />
<exclusive-end id="144" timestamp="2019-06-15T20:42:03.367" durationms="5.144" />

<exclusive-start id="145" timestamp="2019-06-15T20:42:05.467" intervalms="2105.096">
  <response-info timems="0.024" idlems="0.024" threads="0" lastid="000000000207BD00" lastname="node-4" />
</exclusive-start>
<allocation-taxation id="146" taxation-threshold="3145728" timestamp="2019-06-15T20:42:05.467" intervalms="2105.102" />
<gc-start id="147" type="global mark phase" contextid="123" timestamp="2019-06-15T20:42:05.467">
  <mem-info id="148" free="3145728" total="10485760" percent="30">
    <remembered-set count="1600" freebytes="412160" totalbytes="418560" percent="98" regionsoverflowed="0" regionsstable="0" regionsrebuilding="1"/>
  </mem-info>
</gc-start>
<gc-op id="149" type="mark increment" timems="1.460" contextid="123" timestamp="2019-06-15T20:42:05.469">
  <trace-info objectcount="58" scancount="51" scanbytes="21624" />
  <cardclean-info objects="370" bytes="30708" />
  <finalization candidates="13" enqueued="0" />
  <references type="soft" candidates="66" cleared="0" enqueued="0" dynamicThreshold="19" maxThreshold="32" />
  <references type="weak" candidates="143" cleared="0" enqueued="0" />
  <references type="phantom" candidates="57" cleared="0" enqueued="0" />
  <stringconstants candidates="3831" cleared="0"  />
</gc-op>
<gc-op id="150" type="classunload" timems="0.002" contextid="123" timestamp="2019-06-15T20:42:05.469">
  <classunload-info classloadercandidates="6" classloadersunloaded="0" classesunloaded="0" anonymousclassesunloaded="0" quiescems="0.000" setupms="0.002" scanms="0.000" postms="0.000" />
</gc-op>
<gc-end id="151" type="global mark phase" contextid="123" durationms="1.704" usertimems="4.000" systemtimems="0.000" timestamp="2019-06-15T20:42:05.469" activeThreads="1">
  <mem-info id="152" free="3145728" total="10485760" percent="30">
    <remembered-set count="1600" freebytes="412160" totalbytes="418560" percent="98" regionsoverflowed="0" regionsstable="0" regionsrebuilding="0"/>
  </mem-info>
</gc-end>
<cycle-end id="153" type="global mark phase" contextid="123" timestamp="2019-06-15T20:42:05.469" />
  <attribute name="elasticGC enabled" value="1" />
  <attribute name= "numThreadsSpecified" value="1" />
  <attribute name="heapSize specified" value="0" />
  <attribute name="Current GC Util" value="131" />
  <attribute name= "Current Time Running" value="19359" />
  <attribute name ="GC Interval" value="0" />
  <attribute name="ProportionalT" value="166.500000" />
  <attribute name="ProportionalI" value="166.500000" />
  <attribute name="ProportionalH" value="166.500000" />
  <attribute name="Current Error" value="111.000000" />
  <attribute name="IntegralT" value="0.000000" />
  <attribute name="IntegralI" value="0.000000" />
  <attribute name="IntegralH" value="0.000000" />
  <attribute name="DerivativeT" value="inf" />
  <attribute name="DerivativeI" value="inf" />
  <attribute name="DerivativeH" value="inf" />
  <attribute name="Loop Time for DT" value="0.000000" />
  <attribute name="Output H" value="8388608"/>
  <attribute name="Output I" value="200"/>
  <attribute name="Output T" value="1"/>
  <attribute name="Target GC Util Change" value ="20.000000" />
  <attribute name="Current GC Util Change" value="131.000000"/>
  <attribute name="GC Util currently" value="131" />
  <attribute name="CPU Util currently" value="9506612031416" />
<exclusive-end id="154" timestamp="2019-06-15T20:42:05.469" durationms="2.098" />

<exclusive-start id="155" timestamp="2019-06-15T20:42:07.606" intervalms="2138.697">
  <response-info timems="0.031" idlems="0.031" threads="0" lastid="0000000002074500" lastname="node-0" />
</exclusive-start>
<allocation-taxation id="156" taxation-threshold="3145728" timestamp="2019-06-15T20:42:07.606" intervalms="2138.738" />
<cycle-start id="157" type="partial gc" contextid="0" timestamp="2019-06-15T20:42:07.606" intervalms="4243.889" />
<gc-start id="158" type="partial gc" contextid="157" timestamp="2019-06-15T20:42:07.606">
  <mem-info id="159" free="0" total="10485760" percent="0">
    <mem type="eden" free="1047008" total="7340032" percent="14" />
    <remembered-set count="992" freebytes="414592" totalbytes="418560" percent="99" regionsoverflowed="0" regionsstable="1" regionsrebuilding="0"/>
  </mem-info>
</gc-start>
<allocation-stats totalBytes="6289888" >
  <allocated-bytes non-tlh="0" tlh="6289888" arrayletleaf="0"/>
  <largest-consumer threadName="node-4" threadId="000000000207BD00" bytes="609800" />
</allocation-stats>
<gc-op id="160" type="sweep" timems="1.002" contextid="157" timestamp="2019-06-15T20:42:07.608" />
<gc-op id="161" type="copy forward" timems="0.763" contextid="157" timestamp="2019-06-15T20:42:07.609">
  <memory-copied type="eden" objects="48" bytes="2096" bytesdiscarded="0" />
  <memory-copied type="other" objects="0" bytes="0" bytesdiscarded="0" />
  <memory-cardclean objects="372" bytes="51376" />
  <regions eden="3" other="1" />
  <remembered-set-cleared processed="337" cleared="18" durationms="0.051" />
  <stringconstants candidates="3831" cleared="0"  />
</gc-op>
<gc-op id="162" type="classunload" timems="0.002" contextid="157" timestamp="2019-06-15T20:42:07.609">
  <classunload-info classloadercandidates="6" classloadersunloaded="0" classesunloaded="0" anonymousclassesunloaded="0" quiescems="0.000" setupms="0.001" scanms="0.000" postms="0.000" />
</gc-op>
<gc-op id="163" type="compact" timems="1.294" contextid="157" timestamp="2019-06-15T20:42:07.611">
  <compact-info movecount="0" movebytes="0" />
  <remembered-set-cleared processed="709" cleared="18" durationms="0.052" />
</gc-op>
<gc-end id="164" type="partial gc" contextid="157" durationms="4.801" usertimems="4.000" systemtimems="4.000" timestamp="2019-06-15T20:42:07.611" activeThreads="4">
  <mem-info id="165" free="6291456" total="10485760" percent="60">
    <mem type="eden" free="1046480" total="1048576" percent="99" />
    <remembered-set count="480" freebytes="416640" totalbytes="418560" percent="99" regionsoverflowed="0" regionsstable="1" regionsrebuilding="0"/>
  </mem-info>
</gc-end>
<cycle-end id="166" type="partial gc" contextid="157" timestamp="2019-06-15T20:42:07.611" />
  <attribute name="elasticGC enabled" value="1" />
  <attribute name= "numThreadsSpecified" value="4" />
  <attribute name="heapSize specified" value="0" />
  <attribute name="Current GC Util" value="0" />
  <attribute name= "Current Time Running" value="21501" />
  <attribute name ="GC Interval" value="0" />
  <attribute name="ProportionalT" value="-30.000000" />
  <attribute name="ProportionalI" value="-30.000000" />
  <attribute name="ProportionalH" value="-30.000000" />
  <attribute name="Current Error" value="-20.000000" />
  <attribute name="IntegralT" value="-40.000000" />
  <attribute name="IntegralI" value="-40.000000" />
  <attribute name="IntegralH" value="-40.000000" />
  <attribute name="DerivativeT" value="-30.000000" />
  <attribute name="DerivativeI" value="-30.000000" />
  <attribute name="DerivativeH" value="-30.000000" />
  <attribute name="Loop Time for DT" value="2.000000" />
  <attribute name="Output H" value="2091843584"/>
  <attribute name="Output I" value="200"/>
  <attribute name="Output T" value="4"/>
  <attribute name="Target GC Util Change" value ="20.000000" />
  <attribute name="Current GC Util Change" value="0.000000"/>
  <attribute name="GC Util currently" value="0" />
  <attribute name="CPU Util currently" value="3949683512378" />
<exclusive-end id="167" timestamp="2019-06-15T20:42:07.612" durationms="5.967" />

<exclusive-start id="168" timestamp="2019-06-15T20:42:09.818" intervalms="2212.098">
  <response-info timems="0.027" idlems="0.027" threads="0" lastid="000000000207BD00" lastname="node-4" />
</exclusive-start>
<allocation-taxation id="169" taxation-threshold="3145728" timestamp="2019-06-15T20:42:09.818" intervalms="2212.072" />
<cycle-start id="170" type="global mark phase" contextid="0" timestamp="2019-06-15T20:42:09.818" intervalms="8694.228" />
<gc-start id="171" type="global mark phase" contextid="170" timestamp="2019-06-15T20:42:09.818">
  <mem-info id="172" free="3145728" total="10485760" percent="30">
    <remembered-set count="480" freebytes="416640" totalbytes="418560" percent="99" regionsoverflowed="0" regionsstable="1" regionsrebuilding="0"/>
  </mem-info>
</gc-start>
<gc-op id="173" type="mark increment" timems="0.843" contextid="170" timestamp="2019-06-15T20:42:09.819">
  <trace-info objectcount="186" scancount="0" scanbytes="0" />
</gc-op>
<gc-end id="174" type="global mark phase" contextid="170" durationms="1.047" usertimems="4.000" systemtimems="0.000" timestamp="2019-06-15T20:42:09.819" activeThreads="4">
  <mem-info id="175" free="3145728" total="10485760" percent="30">
    <remembered-set count="480" freebytes="416640" totalbytes="418560" percent="99" regionsoverflowed="0" regionsstable="0" regionsrebuilding="1"/>
  </mem-info>
</gc-end>
<concurrent-start id="176" type="GMP work packet processing" contextid="170" timestamp="2019-06-15T20:42:09.819">
  <concurrent-mark-start scanTarget="18446744073709551615" />
</concurrent-start>
<exclusive-end id="177" timestamp="2019-06-15T20:42:09.819" durationms="1.552" />

<concurrent-end id="178" type="GMP work packet processing" contextid="170" timestamp="2019-06-15T20:42:09.823">
  <concurrent-mark-end bytesScanned="1455480" reasonForTermination="Completed all work in GC phase" />
</concurrent-end>

<exclusive-start id="179" timestamp="2019-06-15T20:42:11.848" intervalms="2030.262">
  <response-info timems="0.042" idlems="0.042" threads="0" lastid="0000000002087000" lastname="node-5" />
</exclusive-start>
<allocation-taxation id="180" taxation-threshold="3145728" timestamp="2019-06-15T20:42:11.848" intervalms="2030.235" />
<cycle-start id="181" type="partial gc" contextid="0" timestamp="2019-06-15T20:42:11.848" intervalms="4242.266" />
<gc-start id="182" type="partial gc" contextid="181" timestamp="2019-06-15T20:42:11.849">
  <mem-info id="183" free="0" total="10485760" percent="0">
    <mem type="eden" free="1046480" total="7340032" percent="14" />
    <remembered-set count="1088" freebytes="414208" totalbytes="418560" percent="98" regionsoverflowed="0" regionsstable="0" regionsrebuilding="1"/>
  </mem-info>
</gc-start>
<allocation-stats totalBytes="6286280" >
  <allocated-bytes non-tlh="0" tlh="6286280" arrayletleaf="0"/>
  <largest-consumer threadName="node-4" threadId="000000000207BD00" bytes="585080" />
</allocation-stats>
<gc-op id="184" type="mark" timems="0.758" contextid="181" timestamp="2019-06-15T20:42:11.850">
  <trace-info objectcount="48" scancount="38" scanbytes="21232" />
  <cardclean-info objects="372" bytes="30812" />
  <remembered-set-cleared processed="941" cleared="61" durationms="0.063" />
  <stringconstants candidates="3831" cleared="0"  />
  <warning details="Mark invoked due to insufficient free space for Copy-Forward" />
</gc-op>
<gc-op id="185" type="classunload" timems="0.002" contextid="181" timestamp="2019-06-15T20:42:11.850">
  <classunload-info classloadercandidates="6" classloadersunloaded="0" classesunloaded="0" anonymousclassesunloaded="0" quiescems="0.000" setupms="0.002" scanms="0.000" postms="0.000" />
</gc-op>
<gc-op id="186" type="sweep" timems="0.853" contextid="181" timestamp="2019-06-15T20:42:11.851" />
<gc-op id="187" type="compact" timems="1.538" contextid="181" timestamp="2019-06-15T20:42:11.853">
  <compact-info movecount="48" movebytes="3016" />
  <remembered-set-cleared processed="1888" cleared="119" durationms="0.063" />
</gc-op>
<gc-end id="188" type="partial gc" contextid="181" durationms="4.516" usertimems="0.000" systemtimems="4.000" timestamp="2019-06-15T20:42:11.853" activeThreads="4">
  <mem-info id="189" free="6291456" total="10485760" percent="60">
    <mem type="eden" free="1045560" total="1048576" percent="99" />
    <remembered-set count="2048" freebytes="410368" totalbytes="418560" percent="98" regionsoverflowed="0" regionsstable="0" regionsrebuilding="1"/>
  </mem-info>
</gc-end>
<cycle-end id="190" type="partial gc" contextid="181" timestamp="2019-06-15T20:42:11.853" />
  <attribute name="elasticGC enabled" value="1" />
  <attribute name= "numThreadsSpecified" value="4" />
  <attribute name="heapSize specified" value="0" />
  <attribute name="Current GC Util" value="126" />
  <attribute name= "Current Time Running" value="25742" />
  <attribute name ="GC Interval" value="0" />
  <attribute name="ProportionalT" value="159.000000" />
  <attribute name="ProportionalI" value="159.000000" />
  <attribute name="ProportionalH" value="159.000000" />
  <attribute name="Current Error" value="106.000000" />
  <attribute name="IntegralT" value="106.000000" />
  <attribute name="IntegralI" value="106.000000" />
  <attribute name="IntegralH" value="106.000000" />
  <attribute name="DerivativeT" value="53.000000" />
  <attribute name="DerivativeI" value="53.000000" />
  <attribute name="DerivativeH" value="53.000000" />
  <attribute name="Loop Time for DT" value="1.000000" />
  <attribute name="Output H" value="8388608"/>
  <attribute name="Output I" value="320"/>
  <attribute name="Output T" value="4"/>
  <attribute name="Target GC Util Change" value ="20.000000" />
  <attribute name="Current GC Util Change" value="126.000000"/>
  <attribute name="GC Util currently" value="126" />
  <attribute name="CPU Util currently" value="4047195350139" />
<exclusive-end id="191" timestamp="2019-06-15T20:42:11.854" durationms="5.364" />

</verbosegc>

