<?xml version="1.0" ?>

<verbosegc xmlns="http://www.ibm.com/j9/verbosegc" version="10b4217_CMPRSS">

<initialized id="1" timestamp="2019-06-15T20:38:37.052">
  <attribute name="gcPolicy" value="-Xgcpolicy:balanced" />
  <attribute name="elasticGC enabled" value="1" />
  <attribute name= "numThreadsSpecified" value="0" />
  <attribute name="heapSize specified" value="0" />
  <attribute name="Current GC Util" value="0" />
  <attribute name= "Current Time Running" value="0" />
  <attribute name ="GC Interval" value="0" />
  <attribute name="ProportionalT" value="0.000000" />
  <attribute name="ProportionalI" value="0.000000" />
  <attribute name="ProportionalH" value="0.000000" />
  <attribute name="IntegralT" value="0.000000" />
  <attribute name="IntegralI" value="0.000000" />
  <attribute name="IntegralH" value="0.000000" />
  <attribute name="DerivativeT" value="0.000000" />
  <attribute name="DerivativeI" value="0.000000" />
  <attribute name="DerivativeH" value="0.000000" />
  <attribute name="Target GC Util Change" value ="0.000000" />
  <attribute name="Current GC Util Change" value="0.000000"/>
  <attribute name="Current Error" value="0.000000" />
  <attribute name="Loop Time for DT" value="0.000000" />
  <attribute name="Output H" value="0"/>
  <attribute name="Output I" value="0"/>
  <attribute name="Output T" value="0"/>
  <attribute name="GC Util currently" value="0" />
  <attribute name="CPU Util currently" value="0" />
  <attribute name="maxHeapSize" value="0x7cb00000" />
  <attribute name="initialHeapSize" value="0x800000" />
  <attribute name="compressedRefs" value="true" />
  <attribute name="compressedRefsDisplacement" value="0x0" />
  <attribute name="compressedRefsShift" value="0x0" />
  <attribute name="pageSize" value="0x1000" />
  <attribute name="pageType" value="not used" />
  <attribute name="requestedPageSize" value="0x1000" />
  <attribute name="requestedPageType" value="not used" />
  <attribute name="gcthreads" value="4" />
  <attribute name="packetListSplit" value="4" />
  <attribute name="cacheListSplit" value="4" />
  <attribute name="splitFreeListSplitAmount" value="1" />
  <attribute name="numaNodes" value="0" />
  <region>
    <attribute name="regionSize" value="1048576" />
    <attribute name="regionCount" value="1995" />
    <attribute name="arrayletLeafSize" value="1048576" />
  </region>
  <system>
    <attribute name="physicalMemory" value="8370962432" />
    <attribute name="numCPUs" value="4" />
    <attribute name="architecture" value="amd64" />
    <attribute name="os" value="Linux" />
    <attribute name="osVersion" value="4.4.0-148-generic" />
  </system>
  <vmargs>
    <vmarg name="-Xoptionsfile=/vagrant/jdk/lib/options.default" />
    <vmarg name="-Xlockword:mode=default,noLockword=java/lang/String,noLockword=java/util/MapEntry,noLockword=java/util/HashMap$Entry,noLockword..." />
    <vmarg name="-Xjcl:jclse29" />
    <vmarg name="-Dcom.ibm.oti.vm.bootstrap.library.path=/vagrant/jdk/lib/compressedrefs:/vagrant/jdk/lib" />
    <vmarg name="-Dsun.boot.library.path=/vagrant/jdk/lib/compressedrefs:/vagrant/jdk/lib" />
    <vmarg name="-Djava.library.path=/vagrant/jdk/lib/compressedrefs:/vagrant/jdk/lib:/usr/lib64:/usr/lib" />
    <vmarg name="-Djava.home=/vagrant/jdk" />
    <vmarg name="-Duser.dir=/vagrant" />
    <vmarg name="-Xgcpolicy:balanced" />
    <vmarg name="-Xgcelastic" />
    <vmarg name="-Xcheck:gc:::elasticGC" />
    <vmarg name="-verbose:gc" />
    <vmarg name="-Xloggc:default-Balanced-jdk-1.5-1-0.5-verbose2avrora.txt" />
    <vmarg name="-Djava.class.path=dacapo-9.12-MR1-bach.jar" />
    <vmarg name="-Dsun.java.command=dacapo-9.12-MR1-bach.jar avrora --size=default" />
    <vmarg name="-Dsun.java.launcher=SUN_STANDARD" />
    <vmarg name="-Dsun.java.launcher.pid=18422" />
  </vmargs>
</initialized>

<exclusive-start id="2" timestamp="2019-06-15T20:38:37.919" intervalms="866.737">
  <response-info timems="0.021" idlems="0.021" threads="0" lastid="0000000000DAA700" lastname="main" />
</exclusive-start>
<sys-start reason="explicit" id="3" timestamp="2019-06-15T20:38:37.919" intervalms="867.080" />
<cycle-start id="4" type="global garbage collect" contextid="0" timestamp="2019-06-15T20:38:37.920" intervalms="867.591" />
<gc-start id="5" type="global garbage collect" contextid="4" timestamp="2019-06-15T20:38:37.920">
  <mem-info id="6" free="1662824" total="8388608" percent="19">
    <mem type="eden" free="614328" total="7340032" percent="8" />
    <remembered-set count="0" freebytes="334848" totalbytes="334848" percent="100" regionsoverflowed="0" regionsstable="0" regionsrebuilding="0"/>
  </mem-info>
</gc-start>
<allocation-stats totalBytes="6661552" >
  <allocated-bytes non-tlh="529728" tlh="6131824" arrayletleaf="0"/>
  <largest-consumer threadName="main" threadId="0000000000DAA700" bytes="6584984" />
</allocation-stats>
<gc-op id="7" type="global mark" timems="2.608" contextid="4" timestamp="2019-06-15T20:38:37.923">
  <trace-info objectcount="17849" scancount="14128" scanbytes="463976" />
  <finalization candidates="14" enqueued="1" />
  <references type="soft" candidates="66" cleared="0" enqueued="0" dynamicThreshold="32" maxThreshold="32" />
  <references type="weak" candidates="553" cleared="411" enqueued="372" />
  <references type="phantom" candidates="99" cleared="41" enqueued="41" />
  <stringconstants candidates="2456" cleared="0"  />
</gc-op>
<gc-op id="8" type="classunload" timems="0.084" contextid="4" timestamp="2019-06-15T20:38:37.923">
  <classunload-info classloadercandidates="6" classloadersunloaded="0" classesunloaded="0" anonymousclassesunloaded="0" quiescems="0.000" setupms="0.084" scanms="0.000" postms="0.000" />
</gc-op>
<gc-op id="9" type="sweep" timems="0.558" contextid="4" timestamp="2019-06-15T20:38:37.925" />
<gc-op id="10" type="compact" timems="3.818" contextid="4" timestamp="2019-06-15T20:38:37.929">
  <compact-info movecount="17844" movebytes="855560" />
  <remembered-set-cleared processed="1040" cleared="1040" durationms="0.076" />
</gc-op>
<gc-end id="11" type="global garbage collect" contextid="4" durationms="9.189" usertimems="0.000" systemtimems="8.000" timestamp="2019-06-15T20:38:37.929" activeThreads="4">
  <mem-info id="12" free="7340032" total="8388608" percent="87">
    <pending-finalizers system="1" default="0" reference="413" classloader="0" />
    <remembered-set count="0" freebytes="334848" totalbytes="334848" percent="100" regionsoverflowed="0" regionsstable="0" regionsrebuilding="0"/>
  </mem-info>
</gc-end>
<cycle-end id="13" type="global garbage collect" contextid="4" timestamp="2019-06-15T20:38:37.930" />
  <attribute name="elasticGC enabled" value="1" />
  <attribute name= "numThreadsSpecified" value="4" />
  <attribute name="heapSize specified" value="0" />
  <attribute name="Current GC Util" value="30" />
  <attribute name= "Current Time Running" value="756" />
  <attribute name ="GC Interval" value="0" />
  <attribute name="ProportionalT" value="15.000000" />
  <attribute name="ProportionalI" value="15.000000" />
  <attribute name="ProportionalH" value="15.000000" />
  <attribute name="Current Error" value="10.000000" />
  <attribute name="IntegralT" value="-14847.000000" />
  <attribute name="IntegralI" value="-14847.000000" />
  <attribute name="IntegralH" value="-14847.000000" />
  <attribute name="DerivativeT" value="-25.500000" />
  <attribute name="DerivativeI" value="-25.500000" />
  <attribute name="DerivativeH" value="-25.500000" />
  <attribute name="Loop Time for DT" value="1.000000" />
  <attribute name="Output H" value="2091843584"/>
  <attribute name="Output I" value="200"/>
  <attribute name="Output T" value="4"/>
  <attribute name="Target GC Util Change" value ="20.000000" />
  <attribute name="Current GC Util Change" value="30.000000"/>
  <attribute name="GC Util currently" value="30" />
  <attribute name="CPU Util currently" value="5641592596378" />
<sys-end id="14" timestamp="2019-06-15T20:38:37.930" />
<exclusive-end id="15" timestamp="2019-06-15T20:38:37.930" durationms="10.927" />

<exclusive-start id="16" timestamp="2019-06-15T20:38:39.050" intervalms="1131.520">
  <response-info timems="0.199" idlems="0.109" threads="1" lastid="0000000001060500" lastname="node-3" />
</exclusive-start>
<allocation-taxation id="17" taxation-threshold="7340032" timestamp="2019-06-15T20:38:39.051" intervalms="1998.656" />
<cycle-start id="18" type="partial gc" contextid="0" timestamp="2019-06-15T20:38:39.051" intervalms="1999.076" />
<gc-start id="19" type="partial gc" contextid="18" timestamp="2019-06-15T20:38:39.052">
  <mem-info id="20" free="0" total="8388608" percent="0">
    <mem type="eden" free="0" total="7340032" percent="0" />
    <remembered-set count="0" freebytes="334848" totalbytes="334848" percent="100" regionsoverflowed="0" regionsstable="0" regionsrebuilding="0"/>
  </mem-info>
</gc-start>
<allocation-stats totalBytes="7329528" >
  <allocated-bytes non-tlh="172800" tlh="7156728" arrayletleaf="0"/>
  <largest-consumer threadName="main" threadId="0000000000DAA700" bytes="6528120" />
</allocation-stats>
<gc-op id="21" type="mark" timems="2.588" contextid="18" timestamp="2019-06-15T20:38:39.055">
  <trace-info objectcount="29324" scancount="25909" scanbytes="1015100" />
  <cardclean-info objects="1080" bytes="38188" />
  <remembered-set-cleared processed="0" cleared="0" durationms="0.079" />
  <references type="weak" candidates="45" cleared="44" enqueued="44" />
  <references type="phantom" candidates="4" cleared="2" enqueued="2" />
  <stringconstants candidates="3831" cleared="0"  />
  <warning details="Mark invoked due to insufficient free space for Copy-Forward" />
</gc-op>
<gc-op id="22" type="classunload" timems="0.002" contextid="18" timestamp="2019-06-15T20:38:39.055">
  <classunload-info classloadercandidates="6" classloadersunloaded="0" classesunloaded="0" anonymousclassesunloaded="0" quiescems="0.000" setupms="0.001" scanms="0.000" postms="0.000" />
</gc-op>
<gc-op id="23" type="sweep" timems="0.372" contextid="18" timestamp="2019-06-15T20:38:39.056" />
<gc-op id="24" type="compact" timems="3.184" contextid="18" timestamp="2019-06-15T20:38:39.059">
  <compact-info movecount="29324" movebytes="1360336" />
  <remembered-set-cleared processed="826" cleared="826" durationms="0.079" />
</gc-op>
<gc-end id="25" type="partial gc" contextid="18" durationms="8.338" usertimems="4.000" systemtimems="8.000" timestamp="2019-06-15T20:38:39.060" activeThreads="4">
  <mem-info id="26" free="5242880" total="8388608" percent="62">
    <mem type="eden" free="733896" total="2097152" percent="34" />
    <pending-finalizers system="0" default="0" reference="46" classloader="0" />
    <remembered-set count="1536" freebytes="328704" totalbytes="334848" percent="98" regionsoverflowed="0" regionsstable="0" regionsrebuilding="0"/>
  </mem-info>
</gc-end>
<cycle-end id="27" type="partial gc" contextid="18" timestamp="2019-06-15T20:38:39.060" />
  <attribute name="elasticGC enabled" value="1" />
  <attribute name= "numThreadsSpecified" value="4" />
  <attribute name="heapSize specified" value="0" />
  <attribute name="Current GC Util" value="26" />
  <attribute name= "Current Time Running" value="1887" />
  <attribute name ="GC Interval" value="0" />
  <attribute name="ProportionalT" value="9.000000" />
  <attribute name="ProportionalI" value="9.000000" />
  <attribute name="ProportionalH" value="9.000000" />
  <attribute name="Current Error" value="6.000000" />
  <attribute name="IntegralT" value="6.000000" />
  <attribute name="IntegralI" value="6.000000" />
  <attribute name="IntegralH" value="6.000000" />
  <attribute name="DerivativeT" value="-45.000000" />
  <attribute name="DerivativeI" value="-45.000000" />
  <attribute name="DerivativeH" value="-45.000000" />
  <attribute name="Loop Time for DT" value="1.000000" />
  <attribute name="Output H" value="2091843584"/>
  <attribute name="Output I" value="200"/>
  <attribute name="Output T" value="4"/>
  <attribute name="Target GC Util Change" value ="20.000000" />
  <attribute name="Current GC Util Change" value="26.000000"/>
  <attribute name="GC Util currently" value="26" />
  <attribute name="CPU Util currently" value="60" />
<exclusive-end id="28" timestamp="2019-06-15T20:38:39.060" durationms="9.866" />

<exclusive-start id="29" timestamp="2019-06-15T20:38:40.203" intervalms="1152.054">
  <response-info timems="0.050" idlems="0.050" threads="0" lastid="000000000106B900" lastname="node-2" />
</exclusive-start>
<allocation-taxation id="30" taxation-threshold="2097152" timestamp="2019-06-15T20:38:40.203" intervalms="1151.735" />
<cycle-start id="31" type="global mark phase" contextid="0" timestamp="2019-06-15T20:38:40.203" intervalms="3150.477" />
<gc-start id="32" type="global mark phase" contextid="31" timestamp="2019-06-15T20:38:40.203">
  <mem-info id="33" free="3145728" total="8388608" percent="37">
    <remembered-set count="1152" freebytes="330240" totalbytes="334848" percent="98" regionsoverflowed="0" regionsstable="0" regionsrebuilding="0"/>
  </mem-info>
</gc-start>
<gc-op id="34" type="mark increment" timems="0.644" contextid="31" timestamp="2019-06-15T20:38:40.204">
  <trace-info objectcount="203" scancount="0" scanbytes="0" />
</gc-op>
<gc-end id="35" type="global mark phase" contextid="31" durationms="0.863" usertimems="0.000" systemtimems="4.000" timestamp="2019-06-15T20:38:40.204" activeThreads="1">
  <mem-info id="36" free="3145728" total="8388608" percent="37">
    <remembered-set count="1152" freebytes="330240" totalbytes="334848" percent="98" regionsoverflowed="0" regionsstable="0" regionsrebuilding="0"/>
  </mem-info>
</gc-end>
<concurrent-start id="37" type="GMP work packet processing" contextid="31" timestamp="2019-06-15T20:38:40.204">
  <concurrent-mark-start scanTarget="18446744073709551615" />
</concurrent-start>
<exclusive-end id="38" timestamp="2019-06-15T20:38:40.204" durationms="1.305" />

<concurrent-end id="39" type="GMP work packet processing" contextid="31" timestamp="2019-06-15T20:38:40.205">
  <concurrent-mark-end bytesScanned="1455544" reasonForTermination="Completed all work in GC phase" />
</concurrent-end>

<exclusive-start id="40" timestamp="2019-06-15T20:38:41.370" intervalms="1167.215">
  <response-info timems="0.032" idlems="0.032" threads="0" lastid="000000000106F500" lastname="node-5" />
</exclusive-start>
<allocation-taxation id="41" taxation-threshold="2097152" timestamp="2019-06-15T20:38:41.370" intervalms="1167.222" />
<cycle-start id="42" type="partial gc" contextid="0" timestamp="2019-06-15T20:38:41.370" intervalms="2318.610" />
<gc-start id="43" type="partial gc" contextid="42" timestamp="2019-06-15T20:38:41.370">
  <mem-info id="44" free="1048576" total="8388608" percent="12">
    <mem type="eden" free="0" total="5242880" percent="0" />
    <remembered-set count="1152" freebytes="330240" totalbytes="334848" percent="98" regionsoverflowed="0" regionsstable="0" regionsrebuilding="0"/>
  </mem-info>
</gc-start>
<allocation-stats totalBytes="4190960" >
  <allocated-bytes non-tlh="0" tlh="4190960" arrayletleaf="0"/>
  <largest-consumer threadName="node-2" threadId="000000000106B900" bytes="405192" />
</allocation-stats>
<gc-op id="45" type="copy forward" timems="4.673" contextid="42" timestamp="2019-06-15T20:38:41.376">
  <memory-copied type="eden" objects="40" bytes="1000" bytesdiscarded="59056" />
  <memory-copied type="other" objects="29124" bytes="1354424" bytesdiscarded="249048" />
  <memory-cardclean objects="56" bytes="4112" />
  <regions eden="4" other="2" />
  <remembered-set-cleared processed="365" cleared="365" durationms="0.064" />
  <references type="weak" candidates="1" cleared="0" enqueued="0" />
  <references type="phantom" candidates="2" cleared="0" enqueued="0" />
  <stringconstants candidates="3831" cleared="0"  />
  <heap-resize type="expand" space="default" amount="2097152" count="2" timems="0.270" reason="continue current collection" />
</gc-op>
<gc-op id="46" type="classunload" timems="0.016" contextid="42" timestamp="2019-06-15T20:38:41.376">
  <classunload-info classloadercandidates="6" classloadersunloaded="0" classesunloaded="0" anonymousclassesunloaded="0" quiescems="0.000" setupms="0.002" scanms="0.000" postms="0.000" />
</gc-op>
<gc-op id="47" type="compact" timems="0.744" contextid="42" timestamp="2019-06-15T20:38:41.377">
  <compact-info movecount="0" movebytes="0" />
  <remembered-set-cleared processed="1083" cleared="365" durationms="0.064" />
</gc-op>
<gc-end id="48" type="partial gc" contextid="42" durationms="6.674" usertimems="0.000" systemtimems="12.000" timestamp="2019-06-15T20:38:41.377" activeThreads="4">
  <mem-info id="49" free="6291456" total="10485760" percent="60">
    <mem type="eden" free="988520" total="1048576" percent="94" />
    <remembered-set count="1056" freebytes="414336" totalbytes="418560" percent="98" regionsoverflowed="0" regionsstable="0" regionsrebuilding="0"/>
  </mem-info>
</gc-end>
<cycle-end id="50" type="partial gc" contextid="42" timestamp="2019-06-15T20:38:41.377" />
  <attribute name="elasticGC enabled" value="1" />
  <attribute name= "numThreadsSpecified" value="4" />
  <attribute name="heapSize specified" value="0" />
  <attribute name="Current GC Util" value="118" />
  <attribute name= "Current Time Running" value="4207" />
  <attribute name ="GC Interval" value="0" />
  <attribute name="ProportionalT" value="147.000000" />
  <attribute name="ProportionalI" value="147.000000" />
  <attribute name="ProportionalH" value="147.000000" />
  <attribute name="Current Error" value="98.000000" />
  <attribute name="IntegralT" value="490.000000" />
  <attribute name="IntegralI" value="490.000000" />
  <attribute name="IntegralH" value="490.000000" />
  <attribute name="DerivativeT" value="7.800000" />
  <attribute name="DerivativeI" value="7.800000" />
  <attribute name="DerivativeH" value="7.800000" />
  <attribute name="Loop Time for DT" value="5.000000" />
  <attribute name="Output H" value="8388608"/>
  <attribute name="Output I" value="648"/>
  <attribute name="Output T" value="4"/>
  <attribute name="Target GC Util Change" value ="20.000000" />
  <attribute name="Current GC Util Change" value="118.000000"/>
  <attribute name="GC Util currently" value="118" />
  <attribute name="CPU Util currently" value="930257978184" />
<exclusive-end id="51" timestamp="2019-06-15T20:38:41.377" durationms="7.397" />

<exclusive-start id="52" timestamp="2019-06-15T20:38:43.104" intervalms="1734.414">
  <response-info timems="0.070" idlems="0.070" threads="0" lastid="0000000001073000" lastname="node-4" />
</exclusive-start>
<allocation-taxation id="53" taxation-threshold="3145728" timestamp="2019-06-15T20:38:43.104" intervalms="1734.421" />
<gc-start id="54" type="global mark phase" contextid="31" timestamp="2019-06-15T20:38:43.104">
  <mem-info id="55" free="3145728" total="10485760" percent="30">
    <remembered-set count="704" freebytes="415744" totalbytes="418560" percent="99" regionsoverflowed="0" regionsstable="1" regionsrebuilding="0"/>
  </mem-info>
</gc-start>
<gc-op id="56" type="mark increment" timems="0.983" contextid="31" timestamp="2019-06-15T20:38:43.106">
  <trace-info objectcount="42" scancount="42" scanbytes="19584" />
  <cardclean-info objects="2549" bytes="133232" />
  <finalization candidates="13" enqueued="0" />
  <references type="soft" candidates="66" cleared="0" enqueued="0" dynamicThreshold="19" maxThreshold="32" />
  <references type="weak" candidates="143" cleared="0" enqueued="0" />
  <references type="phantom" candidates="59" cleared="2" enqueued="2" />
  <stringconstants candidates="3831" cleared="0"  />
</gc-op>
<gc-op id="57" type="classunload" timems="0.002" contextid="31" timestamp="2019-06-15T20:38:43.106">
  <classunload-info classloadercandidates="6" classloadersunloaded="0" classesunloaded="0" anonymousclassesunloaded="0" quiescems="0.000" setupms="0.002" scanms="0.000" postms="0.000" />
</gc-op>
<gc-end id="58" type="global mark phase" contextid="31" durationms="1.413" usertimems="0.000" systemtimems="0.000" timestamp="2019-06-15T20:38:43.106" activeThreads="4">
  <mem-info id="59" free="3145728" total="10485760" percent="30">
    <pending-finalizers system="0" default="0" reference="2" classloader="0" />
    <remembered-set count="704" freebytes="415744" totalbytes="418560" percent="99" regionsoverflowed="0" regionsstable="1" regionsrebuilding="0"/>
  </mem-info>
</gc-end>
<cycle-end id="60" type="global mark phase" contextid="31" timestamp="2019-06-15T20:38:43.106" />
  <attribute name="elasticGC enabled" value="1" />
  <attribute name= "numThreadsSpecified" value="4" />
  <attribute name="heapSize specified" value="0" />
  <attribute name="Current GC Util" value="0" />
  <attribute name= "Current Time Running" value="5936" />
  <attribute name ="GC Interval" value="0" />
  <attribute name="ProportionalT" value="-30.000000" />
  <attribute name="ProportionalI" value="-30.000000" />
  <attribute name="ProportionalH" value="-30.000000" />
  <attribute name="Current Error" value="-20.000000" />
  <attribute name="IntegralT" value="0.000000" />
  <attribute name="IntegralI" value="0.000000" />
  <attribute name="IntegralH" value="0.000000" />
  <attribute name="DerivativeT" value="-inf" />
  <attribute name="DerivativeI" value="-inf" />
  <attribute name="DerivativeH" value="-inf" />
  <attribute name="Loop Time for DT" value="0.000000" />
  <attribute name="Output H" value="2091843584"/>
  <attribute name="Output I" value="200"/>
  <attribute name="Output T" value="4"/>
  <attribute name="Target GC Util Change" value ="20.000000" />
  <attribute name="Current GC Util Change" value="0.000000"/>
  <attribute name="GC Util currently" value="0" />
  <attribute name="CPU Util currently" value="55851835020312" />
<exclusive-end id="61" timestamp="2019-06-15T20:38:43.106" durationms="2.073" />

<exclusive-start id="62" timestamp="2019-06-15T20:38:44.737" intervalms="1632.639">
  <response-info timems="0.056" idlems="0.056" threads="0" lastid="0000000001067D00" lastname="node-1" />
</exclusive-start>
<allocation-taxation id="63" taxation-threshold="3145728" timestamp="2019-06-15T20:38:44.737" intervalms="1632.662" />
<cycle-start id="64" type="partial gc" contextid="0" timestamp="2019-06-15T20:38:44.737" intervalms="3367.108" />
<gc-start id="65" type="partial gc" contextid="64" timestamp="2019-06-15T20:38:44.737">
  <mem-info id="66" free="0" total="10485760" percent="0">
    <mem type="eden" free="988520" total="7340032" percent="13" />
    <remembered-set count="704" freebytes="415744" totalbytes="418560" percent="99" regionsoverflowed="0" regionsstable="1" regionsrebuilding="0"/>
  </mem-info>
</gc-start>
<allocation-stats totalBytes="6286296" >
  <allocated-bytes non-tlh="0" tlh="6286296" arrayletleaf="0"/>
  <largest-consumer threadName="node-4" threadId="0000000001073000" bytes="573368" />
</allocation-stats>
<gc-op id="67" type="sweep" timems="0.480" contextid="64" timestamp="2019-06-15T20:38:44.738" />
<gc-op id="68" type="copy forward" timems="0.967" contextid="64" timestamp="2019-06-15T20:38:44.739">
  <memory-copied type="eden" objects="36" bytes="624" bytesdiscarded="592" />
  <memory-copied type="other" objects="0" bytes="0" bytesdiscarded="0" />
  <memory-cardclean objects="426" bytes="52456" />
  <regions eden="3" other="1" />
  <remembered-set-cleared processed="405" cleared="20" durationms="0.045" />
  <stringconstants candidates="3831" cleared="0"  />
</gc-op>
<gc-op id="69" type="classunload" timems="0.002" contextid="64" timestamp="2019-06-15T20:38:44.740">
  <classunload-info classloadercandidates="6" classloadersunloaded="0" classesunloaded="0" anonymousclassesunloaded="0" quiescems="0.000" setupms="0.002" scanms="0.000" postms="0.000" />
</gc-op>
<gc-end id="70" type="partial gc" contextid="64" durationms="2.576" usertimems="0.000" systemtimems="4.000" timestamp="2019-06-15T20:38:44.740" activeThreads="4">
  <mem-info id="71" free="5242880" total="10485760" percent="50">
    <mem type="eden" free="2095936" total="2097152" percent="99" />
    <remembered-set count="1568" freebytes="412288" totalbytes="418560" percent="98" regionsoverflowed="0" regionsstable="1" regionsrebuilding="0"/>
  </mem-info>
</gc-end>
<cycle-end id="72" type="partial gc" contextid="64" timestamp="2019-06-15T20:38:44.740" />
  <attribute name="elasticGC enabled" value="1" />
  <attribute name= "numThreadsSpecified" value="4" />
  <attribute name="heapSize specified" value="0" />
  <attribute name="Current GC Util" value="0" />
  <attribute name= "Current Time Running" value="7570" />
  <attribute name ="GC Interval" value="0" />
  <attribute name="ProportionalT" value="-30.000000" />
  <attribute name="ProportionalI" value="-30.000000" />
  <attribute name="ProportionalH" value="-30.000000" />
  <attribute name="Current Error" value="-20.000000" />
  <attribute name="IntegralT" value="-20.000000" />
  <attribute name="IntegralI" value="-20.000000" />
  <attribute name="IntegralH" value="-20.000000" />
  <attribute name="DerivativeT" value="-17.500000" />
  <attribute name="DerivativeI" value="-17.500000" />
  <attribute name="DerivativeH" value="-17.500000" />
  <attribute name="Loop Time for DT" value="1.000000" />
  <attribute name="Output H" value="2091843584"/>
  <attribute name="Output I" value="200"/>
  <attribute name="Output T" value="4"/>
  <attribute name="Target GC Util Change" value ="20.000000" />
  <attribute name="Current GC Util Change" value="0.000000"/>
  <attribute name="GC Util currently" value="0" />
  <attribute name="CPU Util currently" value="38047389365319" />
<exclusive-end id="73" timestamp="2019-06-15T20:38:44.740" durationms="3.540" />

<exclusive-start id="74" timestamp="2019-06-15T20:38:45.770" intervalms="1033.466">
  <response-info timems="0.035" idlems="0.035" threads="0" lastid="0000000001060500" lastname="node-3" />
</exclusive-start>
<allocation-taxation id="75" taxation-threshold="2097152" timestamp="2019-06-15T20:38:45.770" intervalms="1033.443" />
<cycle-start id="76" type="global mark phase" contextid="0" timestamp="2019-06-15T20:38:45.770" intervalms="5567.752" />
<gc-start id="77" type="global mark phase" contextid="76" timestamp="2019-06-15T20:38:45.771">
  <mem-info id="78" free="3145728" total="10485760" percent="30">
    <remembered-set count="1120" freebytes="414080" totalbytes="418560" percent="98" regionsoverflowed="0" regionsstable="1" regionsrebuilding="0"/>
  </mem-info>
</gc-start>
<gc-op id="79" type="mark increment" timems="0.453" contextid="76" timestamp="2019-06-15T20:38:45.771">
  <trace-info objectcount="165" scancount="0" scanbytes="0" />
</gc-op>
<gc-end id="80" type="global mark phase" contextid="76" durationms="0.632" usertimems="0.000" systemtimems="0.000" timestamp="2019-06-15T20:38:45.771" activeThreads="1">
  <mem-info id="81" free="3145728" total="10485760" percent="30">
    <remembered-set count="1120" freebytes="414080" totalbytes="418560" percent="98" regionsoverflowed="0" regionsstable="0" regionsrebuilding="1"/>
  </mem-info>
</gc-end>
<concurrent-start id="82" type="GMP work packet processing" contextid="76" timestamp="2019-06-15T20:38:45.771">
  <concurrent-mark-start scanTarget="18446744073709551615" />
</concurrent-start>
<exclusive-end id="83" timestamp="2019-06-15T20:38:45.772" durationms="1.242" />

<concurrent-end id="84" type="GMP work packet processing" contextid="76" timestamp="2019-06-15T20:38:45.773">
  <concurrent-mark-end bytesScanned="1455440" reasonForTermination="Completed all work in GC phase" />
</concurrent-end>

<exclusive-start id="85" timestamp="2019-06-15T20:38:46.743" intervalms="973.161">
  <response-info timems="0.038" idlems="0.038" threads="0" lastid="000000000106F500" lastname="node-5" />
</exclusive-start>
<allocation-taxation id="86" taxation-threshold="2097152" timestamp="2019-06-15T20:38:46.744" intervalms="973.184" />
<cycle-start id="87" type="partial gc" contextid="0" timestamp="2019-06-15T20:38:46.744" intervalms="2006.653" />
<gc-start id="88" type="partial gc" contextid="87" timestamp="2019-06-15T20:38:46.744">
  <mem-info id="89" free="1048576" total="10485760" percent="10">
    <mem type="eden" free="2095936" total="6291456" percent="33" />
    <remembered-set count="2752" freebytes="407552" totalbytes="418560" percent="97" regionsoverflowed="0" regionsstable="0" regionsrebuilding="1"/>
  </mem-info>
</gc-start>
<allocation-stats totalBytes="4191344" >
  <allocated-bytes non-tlh="0" tlh="4191344" arrayletleaf="0"/>
  <largest-consumer threadName="node-4" threadId="0000000001073000" bytes="409328" />
</allocation-stats>
<gc-op id="90" type="copy forward" timems="1.577" contextid="87" timestamp="2019-06-15T20:38:46.746">
  <memory-copied type="eden" objects="44" bytes="2472" bytesdiscarded="2864" />
  <memory-copied type="other" objects="0" bytes="0" bytesdiscarded="0" />
  <memory-cardclean objects="393" bytes="50816" />
  <regions eden="4" other="2" />
  <remembered-set-cleared processed="1020" cleared="51" durationms="0.074" />
  <stringconstants candidates="3831" cleared="0"  />
</gc-op>
<gc-op id="91" type="classunload" timems="0.001" contextid="87" timestamp="2019-06-15T20:38:46.746">
  <classunload-info classloadercandidates="6" classloadersunloaded="0" classesunloaded="0" anonymousclassesunloaded="0" quiescems="0.000" setupms="0.001" scanms="0.000" postms="0.000" />
</gc-op>
<gc-op id="92" type="compact" timems="1.326" contextid="87" timestamp="2019-06-15T20:38:46.748">
  <compact-info movecount="0" movebytes="0" />
  <remembered-set-cleared processed="2061" cleared="51" durationms="0.074" />
</gc-op>
<gc-end id="93" type="partial gc" contextid="87" durationms="4.271" usertimems="8.000" systemtimems="0.000" timestamp="2019-06-15T20:38:46.748" activeThreads="4">
  <mem-info id="94" free="6291456" total="10485760" percent="60">
    <mem type="eden" free="1043240" total="1048576" percent="99" />
    <remembered-set count="1280" freebytes="413440" totalbytes="418560" percent="98" regionsoverflowed="0" regionsstable="0" regionsrebuilding="1"/>
  </mem-info>
</gc-end>
<cycle-end id="95" type="partial gc" contextid="87" timestamp="2019-06-15T20:38:46.748" />
  <attribute name="elasticGC enabled" value="1" />
  <attribute name= "numThreadsSpecified" value="4" />
  <attribute name="heapSize specified" value="0" />
  <attribute name="Current GC Util" value="92" />
  <attribute name= "Current Time Running" value="9578" />
  <attribute name ="GC Interval" value="0" />
  <attribute name="ProportionalT" value="108.000000" />
  <attribute name="ProportionalI" value="108.000000" />
  <attribute name="ProportionalH" value="108.000000" />
  <attribute name="Current Error" value="72.000000" />
  <attribute name="IntegralT" value="144.000000" />
  <attribute name="IntegralI" value="144.000000" />
  <attribute name="IntegralH" value="144.000000" />
  <attribute name="DerivativeT" value="8.750000" />
  <attribute name="DerivativeI" value="8.750000" />
  <attribute name="DerivativeH" value="8.750000" />
  <attribute name="Loop Time for DT" value="2.000000" />
  <attribute name="Output H" value="8388608"/>
  <attribute name="Output I" value="264"/>
  <attribute name="Output T" value="4"/>
  <attribute name="Target GC Util Change" value ="20.000000" />
  <attribute name="Current GC Util Change" value="92.000000"/>
  <attribute name="GC Util currently" value="92" />
  <attribute name="CPU Util currently" value="2337247433836" />
<exclusive-end id="96" timestamp="2019-06-15T20:38:46.749" durationms="5.276" />

<exclusive-start id="97" timestamp="2019-06-15T20:38:48.374" intervalms="1630.801">
  <response-info timems="0.245" idlems="0.245" threads="0" lastid="0000000001067D00" lastname="node-1" />
</exclusive-start>
<allocation-taxation id="98" taxation-threshold="3145728" timestamp="2019-06-15T20:38:48.374" intervalms="1630.770" />
<gc-start id="99" type="global mark phase" contextid="76" timestamp="2019-06-15T20:38:48.374">
  <mem-info id="100" free="3145728" total="10485760" percent="30">
    <remembered-set count="1280" freebytes="413440" totalbytes="418560" percent="98" regionsoverflowed="0" regionsstable="0" regionsrebuilding="1"/>
  </mem-info>
</gc-start>
<gc-op id="101" type="mark increment" timems="1.420" contextid="76" timestamp="2019-06-15T20:38:48.376">
  <trace-info objectcount="42" scancount="36" scanbytes="19472" />
  <cardclean-info objects="413" bytes="32316" />
  <finalization candidates="13" enqueued="0" />
  <references type="soft" candidates="66" cleared="0" enqueued="0" dynamicThreshold="19" maxThreshold="32" />
  <references type="weak" candidates="143" cleared="0" enqueued="0" />
  <references type="phantom" candidates="57" cleared="0" enqueued="0" />
  <stringconstants candidates="3831" cleared="0"  />
</gc-op>
<gc-op id="102" type="classunload" timems="0.003" contextid="76" timestamp="2019-06-15T20:38:48.376">
  <classunload-info classloadercandidates="6" classloadersunloaded="0" classesunloaded="0" anonymousclassesunloaded="0" quiescems="0.000" setupms="0.002" scanms="0.000" postms="0.000" />
</gc-op>
<gc-end id="103" type="global mark phase" contextid="76" durationms="1.817" usertimems="0.000" systemtimems="0.000" timestamp="2019-06-15T20:38:48.376" activeThreads="4">
  <mem-info id="104" free="3145728" total="10485760" percent="30">
    <remembered-set count="1280" freebytes="413440" totalbytes="418560" percent="98" regionsoverflowed="0" regionsstable="0" regionsrebuilding="0"/>
  </mem-info>
</gc-end>
<cycle-end id="105" type="global mark phase" contextid="76" timestamp="2019-06-15T20:38:48.376" />
  <attribute name="elasticGC enabled" value="1" />
  <attribute name= "numThreadsSpecified" value="4" />
  <attribute name="heapSize specified" value="0" />
  <attribute name="Current GC Util" value="0" />
  <attribute name= "Current Time Running" value="11206" />
  <attribute name ="GC Interval" value="0" />
  <attribute name="ProportionalT" value="-30.000000" />
  <attribute name="ProportionalI" value="-30.000000" />
  <attribute name="ProportionalH" value="-30.000000" />
  <attribute name="Current Error" value="-20.000000" />
  <attribute name="IntegralT" value="0.000000" />
  <attribute name="IntegralI" value="0.000000" />
  <attribute name="IntegralH" value="0.000000" />
  <attribute name="DerivativeT" value="-inf" />
  <attribute name="DerivativeI" value="-inf" />
  <attribute name="DerivativeH" value="-inf" />
  <attribute name="Loop Time for DT" value="0.000000" />
  <attribute name="Output H" value="2091843584"/>
  <attribute name="Output I" value="200"/>
  <attribute name="Output T" value="4"/>
  <attribute name="Target GC Util Change" value ="20.000000" />
  <attribute name="Current GC Util Change" value="0.000000"/>
  <attribute name="GC Util currently" value="0" />
  <attribute name="CPU Util currently" value="21811571596079" />
<exclusive-end id="106" timestamp="2019-06-15T20:38:48.377" durationms="2.382" />

<exclusive-start id="107" timestamp="2019-06-15T20:38:49.885" intervalms="1510.328">
  <response-info timems="0.039" idlems="0.039" threads="0" lastid="000000000106B900" lastname="node-2" />
</exclusive-start>
<allocation-taxation id="108" taxation-threshold="3145728" timestamp="2019-06-15T20:38:49.885" intervalms="1510.332" />
<cycle-start id="109" type="partial gc" contextid="0" timestamp="2019-06-15T20:38:49.885" intervalms="3141.057" />
<gc-start id="110" type="partial gc" contextid="109" timestamp="2019-06-15T20:38:49.885">
  <mem-info id="111" free="0" total="10485760" percent="0">
    <mem type="eden" free="1043240" total="7340032" percent="14" />
    <remembered-set count="640" freebytes="416000" totalbytes="418560" percent="99" regionsoverflowed="0" regionsstable="1" regionsrebuilding="0"/>
  </mem-info>
</gc-start>
<allocation-stats totalBytes="6287200" >
  <allocated-bytes non-tlh="0" tlh="6287200" arrayletleaf="0"/>
  <largest-consumer threadName="node-5" threadId="000000000106F500" bytes="597368" />
</allocation-stats>
<gc-op id="112" type="sweep" timems="0.373" contextid="109" timestamp="2019-06-15T20:38:49.886" />
<gc-op id="113" type="copy forward" timems="0.583" contextid="109" timestamp="2019-06-15T20:38:49.887">
  <memory-copied type="eden" objects="35" bytes="600" bytesdiscarded="0" />
  <memory-copied type="other" objects="0" bytes="0" bytesdiscarded="0" />
  <memory-cardclean objects="393" bytes="50816" />
  <regions eden="3" other="1" />
  <remembered-set-cleared processed="411" cleared="20" durationms="0.051" />
  <stringconstants candidates="3831" cleared="0"  />
</gc-op>
<gc-op id="114" type="classunload" timems="0.001" contextid="109" timestamp="2019-06-15T20:38:49.887">
  <classunload-info classloadercandidates="6" classloadersunloaded="0" classesunloaded="0" anonymousclassesunloaded="0" quiescems="0.000" setupms="0.001" scanms="0.000" postms="0.000" />
</gc-op>
<gc-op id="115" type="compact" timems="0.919" contextid="109" timestamp="2019-06-15T20:38:49.888">
  <compact-info movecount="0" movebytes="0" />
  <remembered-set-cleared processed="842" cleared="20" durationms="0.051" />
</gc-op>
<gc-end id="116" type="partial gc" contextid="109" durationms="3.021" usertimems="4.000" systemtimems="0.000" timestamp="2019-06-15T20:38:49.888" activeThreads="4">
  <mem-info id="117" free="6291456" total="10485760" percent="60">
    <mem type="eden" free="1047976" total="1048576" percent="99" />
    <remembered-set count="576" freebytes="416256" totalbytes="418560" percent="99" regionsoverflowed="0" regionsstable="1" regionsrebuilding="0"/>
  </mem-info>
</gc-end>
<cycle-end id="118" type="partial gc" contextid="109" timestamp="2019-06-15T20:38:49.888" />
  <attribute name="elasticGC enabled" value="1" />
  <attribute name= "numThreadsSpecified" value="4" />
  <attribute name="heapSize specified" value="0" />
  <attribute name="Current GC Util" value="0" />
  <attribute name= "Current Time Running" value="12718" />
  <attribute name ="GC Interval" value="0" />
  <attribute name="ProportionalT" value="-30.000000" />
  <attribute name="ProportionalI" value="-30.000000" />
  <attribute name="ProportionalH" value="-30.000000" />
  <attribute name="Current Error" value="-20.000000" />
  <attribute name="IntegralT" value="-20.000000" />
  <attribute name="IntegralI" value="-20.000000" />
  <attribute name="IntegralH" value="-20.000000" />
  <attribute name="DerivativeT" value="-27.000000" />
  <attribute name="DerivativeI" value="-27.000000" />
  <attribute name="DerivativeH" value="-27.000000" />
  <attribute name="Loop Time for DT" value="1.000000" />
  <attribute name="Output H" value="2091843584"/>
  <attribute name="Output I" value="200"/>
  <attribute name="Output T" value="4"/>
  <attribute name="Target GC Util Change" value ="20.000000" />
  <attribute name="Current GC Util Change" value="0.000000"/>
  <attribute name="GC Util currently" value="0" />
  <attribute name="CPU Util currently" value="5595646961518" />
<exclusive-end id="119" timestamp="2019-06-15T20:38:49.888" durationms="3.812" />

<exclusive-start id="120" timestamp="2019-06-15T20:38:51.547" intervalms="1662.413">
  <response-info timems="0.039" idlems="0.039" threads="0" lastid="000000000106B900" lastname="node-2" />
</exclusive-start>
<allocation-taxation id="121" taxation-threshold="3145728" timestamp="2019-06-15T20:38:51.547" intervalms="1662.419" />
<cycle-start id="122" type="global mark phase" contextid="0" timestamp="2019-06-15T20:38:51.547" intervalms="5776.707" />
<gc-start id="123" type="global mark phase" contextid="122" timestamp="2019-06-15T20:38:51.547">
  <mem-info id="124" free="3145728" total="10485760" percent="30">
    <remembered-set count="576" freebytes="416256" totalbytes="418560" percent="99" regionsoverflowed="0" regionsstable="1" regionsrebuilding="0"/>
  </mem-info>
</gc-start>
<gc-op id="125" type="mark increment" timems="0.558" contextid="122" timestamp="2019-06-15T20:38:51.548">
  <trace-info objectcount="241" scancount="0" scanbytes="0" />
</gc-op>
<gc-end id="126" type="global mark phase" contextid="122" durationms="0.669" usertimems="0.000" systemtimems="0.000" timestamp="2019-06-15T20:38:51.548" activeThreads="4">
  <mem-info id="127" free="3145728" total="10485760" percent="30">
    <remembered-set count="576" freebytes="416256" totalbytes="418560" percent="99" regionsoverflowed="0" regionsstable="0" regionsrebuilding="1"/>
  </mem-info>
</gc-end>
<concurrent-start id="128" type="GMP work packet processing" contextid="122" timestamp="2019-06-15T20:38:51.548">
  <concurrent-mark-start scanTarget="18446744073709551615" />
</concurrent-start>
<exclusive-end id="129" timestamp="2019-06-15T20:38:51.548" durationms="1.223" />

<concurrent-end id="130" type="GMP work packet processing" contextid="122" timestamp="2019-06-15T20:38:51.551">
  <concurrent-mark-end bytesScanned="1455720" reasonForTermination="Completed all work in GC phase" />
</concurrent-end>

<exclusive-start id="131" timestamp="2019-06-15T20:38:53.112" intervalms="1564.591">
  <response-info timems="0.024" idlems="0.024" threads="0" lastid="0000000001064100" lastname="node-0" />
</exclusive-start>
<allocation-taxation id="132" taxation-threshold="3145728" timestamp="2019-06-15T20:38:53.112" intervalms="1564.578" />
<cycle-start id="133" type="partial gc" contextid="0" timestamp="2019-06-15T20:38:53.112" intervalms="3226.996" />
<gc-start id="134" type="partial gc" contextid="133" timestamp="2019-06-15T20:38:53.112">
  <mem-info id="135" free="0" total="10485760" percent="0">
    <mem type="eden" free="1047976" total="7340032" percent="14" />
    <remembered-set count="1216" freebytes="413696" totalbytes="418560" percent="98" regionsoverflowed="0" regionsstable="0" regionsrebuilding="1"/>
  </mem-info>
</gc-start>
<allocation-stats totalBytes="6288864" >
  <allocated-bytes non-tlh="0" tlh="6288864" arrayletleaf="0"/>
  <largest-consumer threadName="node-4" threadId="0000000001073000" bytes="585368" />
</allocation-stats>
<gc-op id="136" type="mark" timems="1.851" contextid="133" timestamp="2019-06-15T20:38:53.114">
  <trace-info objectcount="36" scancount="36" scanbytes="19416" />
  <cardclean-info objects="393" bytes="31980" />
  <remembered-set-cleared processed="1021" cleared="47" durationms="0.188" />
  <stringconstants candidates="3831" cleared="0"  />
  <warning details="Mark invoked due to insufficient free space for Copy-Forward" />
</gc-op>
<gc-op id="137" type="classunload" timems="0.001" contextid="133" timestamp="2019-06-15T20:38:53.114">
  <classunload-info classloadercandidates="6" classloadersunloaded="0" classesunloaded="0" anonymousclassesunloaded="0" quiescems="0.000" setupms="0.001" scanms="0.000" postms="0.000" />
</gc-op>
<gc-op id="138" type="sweep" timems="0.739" contextid="133" timestamp="2019-06-15T20:38:53.115" />
<gc-op id="139" type="compact" timems="1.339" contextid="133" timestamp="2019-06-15T20:38:53.117">
  <compact-info movecount="36" movebytes="624" />
  <remembered-set-cleared processed="2052" cleared="97" durationms="0.188" />
</gc-op>
<gc-end id="140" type="partial gc" contextid="133" durationms="5.504" usertimems="8.000" systemtimems="0.000" timestamp="2019-06-15T20:38:53.117" activeThreads="4">
  <mem-info id="141" free="6291456" total="10485760" percent="60">
    <mem type="eden" free="1047952" total="1048576" percent="99" />
    <remembered-set count="2720" freebytes="407680" totalbytes="418560" percent="97" regionsoverflowed="0" regionsstable="0" regionsrebuilding="1"/>
  </mem-info>
</gc-end>
<cycle-end id="142" type="partial gc" contextid="133" timestamp="2019-06-15T20:38:53.118" />
  <attribute name="elasticGC enabled" value="1" />
  <attribute name= "numThreadsSpecified" value="4" />
  <attribute name="heapSize specified" value="0" />
  <attribute name="Current GC Util" value="90" />
  <attribute name= "Current Time Running" value="15947" />
  <attribute name ="GC Interval" value="0" />
  <attribute name="ProportionalT" value="105.000000" />
  <attribute name="ProportionalI" value="105.000000" />
  <attribute name="ProportionalH" value="105.000000" />
  <attribute name="Current Error" value="70.000000" />
  <attribute name="IntegralT" value="70.000000" />
  <attribute name="IntegralI" value="70.000000" />
  <attribute name="IntegralH" value="70.000000" />
  <attribute name="DerivativeT" value="-37.000000" />
  <attribute name="DerivativeI" value="-37.000000" />
  <attribute name="DerivativeH" value="-37.000000" />
  <attribute name="Loop Time for DT" value="1.000000" />
  <attribute name="Output H" value="8388608"/>
  <attribute name="Output I" value="200"/>
  <attribute name="Output T" value="4"/>
  <attribute name="Target GC Util Change" value ="20.000000" />
  <attribute name="Current GC Util Change" value="90.000000"/>
  <attribute name="GC Util currently" value="90" />
  <attribute name="CPU Util currently" value="4351361465917" />
<exclusive-end id="143" timestamp="2019-06-15T20:38:53.118" durationms="6.283" />

<exclusive-start id="144" timestamp="2019-06-15T20:38:54.723" intervalms="1611.632">
  <response-info timems="0.081" idlems="0.081" threads="0" lastid="000000000106B900" lastname="node-2" />
</exclusive-start>
<allocation-taxation id="145" taxation-threshold="3145728" timestamp="2019-06-15T20:38:54.723" intervalms="1611.810" />
<gc-start id="146" type="global mark phase" contextid="122" timestamp="2019-06-15T20:38:54.724">
  <mem-info id="147" free="3145728" total="10485760" percent="30">
    <remembered-set count="2720" freebytes="407680" totalbytes="418560" percent="97" regionsoverflowed="0" regionsstable="0" regionsrebuilding="1"/>
  </mem-info>
</gc-start>
<gc-op id="148" type="mark increment" timems="1.558" contextid="122" timestamp="2019-06-15T20:38:54.726">
  <trace-info objectcount="48" scancount="41" scanbytes="19584" />
  <cardclean-info objects="419" bytes="32484" />
  <finalization candidates="13" enqueued="0" />
  <references type="soft" candidates="66" cleared="0" enqueued="0" dynamicThreshold="19" maxThreshold="32" />
  <references type="weak" candidates="143" cleared="0" enqueued="0" />
  <references type="phantom" candidates="57" cleared="0" enqueued="0" />
  <stringconstants candidates="3831" cleared="0"  />
</gc-op>
<gc-op id="149" type="classunload" timems="0.003" contextid="122" timestamp="2019-06-15T20:38:54.726">
  <classunload-info classloadercandidates="6" classloadersunloaded="0" classesunloaded="0" anonymousclassesunloaded="0" quiescems="0.000" setupms="0.002" scanms="0.000" postms="0.000" />
</gc-op>
<gc-end id="150" type="global mark phase" contextid="122" durationms="2.131" usertimems="4.000" systemtimems="0.000" timestamp="2019-06-15T20:38:54.726" activeThreads="4">
  <mem-info id="151" free="3145728" total="10485760" percent="30">
    <remembered-set count="2720" freebytes="407680" totalbytes="418560" percent="97" regionsoverflowed="0" regionsstable="0" regionsrebuilding="0"/>
  </mem-info>
</gc-end>
<cycle-end id="152" type="global mark phase" contextid="122" timestamp="2019-06-15T20:38:54.726" />
  <attribute name="elasticGC enabled" value="1" />
  <attribute name= "numThreadsSpecified" value="4" />
  <attribute name="heapSize specified" value="0" />
  <attribute name="Current GC Util" value="53" />
  <attribute name= "Current Time Running" value="17556" />
  <attribute name ="GC Interval" value="0" />
  <attribute name="ProportionalT" value="49.500000" />
  <attribute name="ProportionalI" value="49.500000" />
  <attribute name="ProportionalH" value="49.500000" />
  <attribute name="Current Error" value="33.000000" />
  <attribute name="IntegralT" value="0.000000" />
  <attribute name="IntegralI" value="0.000000" />
  <attribute name="IntegralH" value="0.000000" />
  <attribute name="DerivativeT" value="-inf" />
  <attribute name="DerivativeI" value="-inf" />
  <attribute name="DerivativeH" value="-inf" />
  <attribute name="Loop Time for DT" value="0.000000" />
  <attribute name="Output H" value="2091843584"/>
  <attribute name="Output I" value="200"/>
  <attribute name="Output T" value="4"/>
  <attribute name="Target GC Util Change" value ="20.000000" />
  <attribute name="Current GC Util Change" value="53.000000"/>
  <attribute name="GC Util currently" value="53" />
  <attribute name="CPU Util currently" value="28581700868592" />
<exclusive-end id="153" timestamp="2019-06-15T20:38:54.727" durationms="3.370" />

<exclusive-start id="154" timestamp="2019-06-15T20:38:56.243" intervalms="1519.427">
  <response-info timems="0.035" idlems="0.035" threads="0" lastid="0000000001060500" lastname="node-3" />
</exclusive-start>
<allocation-taxation id="155" taxation-threshold="3145728" timestamp="2019-06-15T20:38:56.243" intervalms="1519.262" />
<cycle-start id="156" type="partial gc" contextid="0" timestamp="2019-06-15T20:38:56.243" intervalms="3131.085" />
<gc-start id="157" type="partial gc" contextid="156" timestamp="2019-06-15T20:38:56.243">
  <mem-info id="158" free="0" total="10485760" percent="0">
    <mem type="eden" free="1047952" total="7340032" percent="14" />
    <remembered-set count="2016" freebytes="410496" totalbytes="418560" percent="98" regionsoverflowed="0" regionsstable="1" regionsrebuilding="0"/>
  </mem-info>
</gc-start>
<allocation-stats totalBytes="6287808" >
  <allocated-bytes non-tlh="0" tlh="6287808" arrayletleaf="0"/>
  <largest-consumer threadName="node-4" threadId="0000000001073000" bytes="577464" />
</allocation-stats>
<gc-op id="159" type="sweep" timems="0.464" contextid="156" timestamp="2019-06-15T20:38:56.244" />
<gc-op id="160" type="copy forward" timems="0.611" contextid="156" timestamp="2019-06-15T20:38:56.245">
  <memory-copied type="eden" objects="52" bytes="3832" bytesdiscarded="0" />
  <memory-copied type="other" objects="0" bytes="0" bytesdiscarded="0" />
  <memory-cardclean objects="393" bytes="50816" />
  <regions eden="3" other="1" />
  <remembered-set-cleared processed="407" cleared="12" durationms="0.061" />
  <stringconstants candidates="3831" cleared="0"  />
</gc-op>
<gc-op id="161" type="classunload" timems="0.002" contextid="156" timestamp="2019-06-15T20:38:56.245">
  <classunload-info classloadercandidates="6" classloadersunloaded="0" classesunloaded="0" anonymousclassesunloaded="0" quiescems="0.000" setupms="0.001" scanms="0.000" postms="0.000" />
</gc-op>
<gc-op id="162" type="compact" timems="1.001" contextid="156" timestamp="2019-06-15T20:38:56.246">
  <compact-info movecount="0" movebytes="0" />
  <remembered-set-cleared processed="855" cleared="12" durationms="0.061" />
</gc-op>
<gc-end id="163" type="partial gc" contextid="156" durationms="3.444" usertimems="0.000" systemtimems="4.000" timestamp="2019-06-15T20:38:56.246" activeThreads="4">
  <mem-info id="164" free="6291456" total="10485760" percent="60">
    <mem type="eden" free="1044744" total="1048576" percent="99" />
    <remembered-set count="1152" freebytes="413952" totalbytes="418560" percent="98" regionsoverflowed="0" regionsstable="1" regionsrebuilding="0"/>
  </mem-info>
</gc-end>
<cycle-end id="165" type="partial gc" contextid="156" timestamp="2019-06-15T20:38:56.247" />
  <attribute name="elasticGC enabled" value="1" />
  <attribute name= "numThreadsSpecified" value="4" />
  <attribute name="heapSize specified" value="0" />
  <attribute name="Current GC Util" value="0" />
  <attribute name= "Current Time Running" value="19076" />
  <attribute name ="GC Interval" value="0" />
  <attribute name="ProportionalT" value="-30.000000" />
  <attribute name="ProportionalI" value="-30.000000" />
  <attribute name="ProportionalH" value="-30.000000" />
  <attribute name="Current Error" value="-20.000000" />
  <attribute name="IntegralT" value="-20.000000" />
  <attribute name="IntegralI" value="-20.000000" />
  <attribute name="IntegralH" value="-20.000000" />
  <attribute name="DerivativeT" value="-25.500000" />
  <attribute name="DerivativeI" value="-25.500000" />
  <attribute name="DerivativeH" value="-25.500000" />
  <attribute name="Loop Time for DT" value="1.000000" />
  <attribute name="Output H" value="2091843584"/>
  <attribute name="Output I" value="200"/>
  <attribute name="Output T" value="4"/>
  <attribute name="Target GC Util Change" value ="20.000000" />
  <attribute name="Current GC Util Change" value="0.000000"/>
  <attribute name="GC Util currently" value="0" />
  <attribute name="CPU Util currently" value="4921420539881" />
<exclusive-end id="166" timestamp="2019-06-15T20:38:56.247" durationms="4.367" />

<exclusive-start id="167" timestamp="2019-06-15T20:38:57.813" intervalms="1569.895">
  <response-info timems="0.019" idlems="0.019" threads="0" lastid="0000000001064100" lastname="node-0" />
</exclusive-start>
<allocation-taxation id="168" taxation-threshold="3145728" timestamp="2019-06-15T20:38:57.813" intervalms="1570.190" />
<cycle-start id="169" type="global mark phase" contextid="0" timestamp="2019-06-15T20:38:57.813" intervalms="6265.873" />
<gc-start id="170" type="global mark phase" contextid="169" timestamp="2019-06-15T20:38:57.813">
  <mem-info id="171" free="3145728" total="10485760" percent="30">
    <remembered-set count="1152" freebytes="413952" totalbytes="418560" percent="98" regionsoverflowed="0" regionsstable="1" regionsrebuilding="0"/>
  </mem-info>
</gc-start>
<gc-op id="172" type="mark increment" timems="0.593" contextid="169" timestamp="2019-06-15T20:38:57.814">
  <trace-info objectcount="171" scancount="0" scanbytes="0" />
</gc-op>
<gc-end id="173" type="global mark phase" contextid="169" durationms="0.921" usertimems="4.000" systemtimems="0.000" timestamp="2019-06-15T20:38:57.814" activeThreads="4">
  <mem-info id="174" free="3145728" total="10485760" percent="30">
    <remembered-set count="1152" freebytes="413952" totalbytes="418560" percent="98" regionsoverflowed="0" regionsstable="0" regionsrebuilding="1"/>
  </mem-info>
</gc-end>
<concurrent-start id="175" type="GMP work packet processing" contextid="169" timestamp="2019-06-15T20:38:57.814">
  <concurrent-mark-start scanTarget="18446744073709551615" />
</concurrent-start>
<exclusive-end id="176" timestamp="2019-06-15T20:38:57.815" durationms="2.021" />

<concurrent-end id="177" type="GMP work packet processing" contextid="169" timestamp="2019-06-15T20:38:57.817">
  <concurrent-mark-end bytesScanned="1462920" reasonForTermination="Completed all work in GC phase" />
</concurrent-end>

<exclusive-start id="178" timestamp="2019-06-15T20:38:59.317" intervalms="1504.214">
  <response-info timems="0.043" idlems="0.043" threads="0" lastid="0000000001064100" lastname="node-0" />
</exclusive-start>
<allocation-taxation id="179" taxation-threshold="3145728" timestamp="2019-06-15T20:38:59.317" intervalms="1503.894" />
<cycle-start id="180" type="partial gc" contextid="0" timestamp="2019-06-15T20:38:59.317" intervalms="3074.088" />
<gc-start id="181" type="partial gc" contextid="180" timestamp="2019-06-15T20:38:59.317">
  <mem-info id="182" free="0" total="10485760" percent="0">
    <mem type="eden" free="1044744" total="7340032" percent="14" />
    <remembered-set count="1792" freebytes="411392" totalbytes="418560" percent="98" regionsoverflowed="0" regionsstable="0" regionsrebuilding="1"/>
  </mem-info>
</gc-start>
<allocation-stats totalBytes="6286264" >
  <allocated-bytes non-tlh="0" tlh="6286264" arrayletleaf="0"/>
  <largest-consumer threadName="node-2" threadId="000000000106B900" bytes="588920" />
</allocation-stats>
<gc-op id="183" type="mark" timems="0.834" contextid="180" timestamp="2019-06-15T20:38:59.319">
  <trace-info objectcount="74" scancount="64" scanbytes="20136" />
  <cardclean-info objects="393" bytes="31980" />
  <remembered-set-cleared processed="1037" cleared="52" durationms="0.071" />
  <stringconstants candidates="3831" cleared="0"  />
  <warning details="Mark invoked due to insufficient free space for Copy-Forward" />
</gc-op>
<gc-op id="184" type="classunload" timems="0.002" contextid="180" timestamp="2019-06-15T20:38:59.319">
  <classunload-info classloadercandidates="6" classloadersunloaded="0" classesunloaded="0" anonymousclassesunloaded="0" quiescems="0.000" setupms="0.001" scanms="0.000" postms="0.000" />
</gc-op>
<gc-op id="185" type="sweep" timems="0.931" contextid="180" timestamp="2019-06-15T20:38:59.320" />
<gc-op id="186" type="compact" timems="1.772" contextid="180" timestamp="2019-06-15T20:38:59.322">
  <compact-info movecount="74" movebytes="3040" />
  <remembered-set-cleared processed="2079" cleared="107" durationms="0.071" />
</gc-op>
<gc-end id="187" type="partial gc" contextid="180" durationms="5.136" usertimems="8.000" systemtimems="0.000" timestamp="2019-06-15T20:38:59.322" activeThreads="4">
  <mem-info id="188" free="6291456" total="10485760" percent="60">
    <mem type="eden" free="1045536" total="1048576" percent="99" />
    <remembered-set count="2208" freebytes="409728" totalbytes="418560" percent="97" regionsoverflowed="0" regionsstable="0" regionsrebuilding="1"/>
  </mem-info>
</gc-end>
<cycle-end id="189" type="partial gc" contextid="180" timestamp="2019-06-15T20:38:59.322" />
  <attribute name="elasticGC enabled" value="1" />
  <attribute name= "numThreadsSpecified" value="4" />
  <attribute name="heapSize specified" value="0" />
  <attribute name="Current GC Util" value="160" />
  <attribute name= "Current Time Running" value="22151" />
  <attribute name ="GC Interval" value="0" />
  <attribute name="ProportionalT" value="210.000000" />
  <attribute name="ProportionalI" value="210.000000" />
  <attribute name="ProportionalH" value="210.000000" />
  <attribute name="Current Error" value="140.000000" />
  <attribute name="IntegralT" value="140.000000" />
  <attribute name="IntegralI" value="140.000000" />
  <attribute name="IntegralH" value="140.000000" />
  <attribute name="DerivativeT" value="70.000000" />
  <attribute name="DerivativeI" value="70.000000" />
  <attribute name="DerivativeH" value="70.000000" />
  <attribute name="Loop Time for DT" value="1.000000" />
  <attribute name="Output H" value="8388608"/>
  <attribute name="Output I" value="424"/>
  <attribute name="Output T" value="4"/>
  <attribute name="Target GC Util Change" value ="20.000000" />
  <attribute name="Current GC Util Change" value="160.000000"/>
  <attribute name="GC Util currently" value="160" />
  <attribute name="CPU Util currently" value="3695465548053" />
<exclusive-end id="190" timestamp="2019-06-15T20:38:59.323" durationms="5.874" />

<exclusive-start id="191" timestamp="2019-06-15T20:39:00.850" intervalms="1533.279">
  <response-info timems="0.029" idlems="0.029" threads="0" lastid="0000000001060500" lastname="node-3" />
</exclusive-start>
<allocation-taxation id="192" taxation-threshold="3145728" timestamp="2019-06-15T20:39:00.850" intervalms="1533.309" />
<gc-start id="193" type="global mark phase" contextid="169" timestamp="2019-06-15T20:39:00.850">
  <mem-info id="194" free="3145728" total="10485760" percent="30">
    <remembered-set count="2208" freebytes="409728" totalbytes="418560" percent="97" regionsoverflowed="0" regionsstable="0" regionsrebuilding="1"/>
  </mem-info>
</gc-start>
<gc-op id="195" type="mark increment" timems="1.446" contextid="169" timestamp="2019-06-15T20:39:00.852">
  <trace-info objectcount="52" scancount="52" scanbytes="19856" />
  <cardclean-info objects="404" bytes="32124" />
  <finalization candidates="13" enqueued="0" />
  <references type="soft" candidates="66" cleared="0" enqueued="0" dynamicThreshold="19" maxThreshold="32" />
  <references type="weak" candidates="143" cleared="0" enqueued="0" />
  <references type="phantom" candidates="57" cleared="0" enqueued="0" />
  <stringconstants candidates="3831" cleared="0"  />
</gc-op>
<gc-op id="196" type="classunload" timems="0.002" contextid="169" timestamp="2019-06-15T20:39:00.852">
  <classunload-info classloadercandidates="6" classloadersunloaded="0" classesunloaded="0" anonymousclassesunloaded="0" quiescems="0.000" setupms="0.002" scanms="0.000" postms="0.000" />
</gc-op>
<gc-end id="197" type="global mark phase" contextid="169" durationms="1.872" usertimems="4.000" systemtimems="0.000" timestamp="2019-06-15T20:39:00.852" activeThreads="4">
  <mem-info id="198" free="3145728" total="10485760" percent="30">
    <remembered-set count="2208" freebytes="409728" totalbytes="418560" percent="97" regionsoverflowed="0" regionsstable="0" regionsrebuilding="0"/>
  </mem-info>
</gc-end>
<cycle-end id="199" type="global mark phase" contextid="169" timestamp="2019-06-15T20:39:00.852" />
  <attribute name="elasticGC enabled" value="1" />
  <attribute name= "numThreadsSpecified" value="4" />
  <attribute name="heapSize specified" value="0" />
  <attribute name="Current GC Util" value="48" />
  <attribute name= "Current Time Running" value="23682" />
  <attribute name ="GC Interval" value="0" />
  <attribute name="ProportionalT" value="42.000000" />
  <attribute name="ProportionalI" value="42.000000" />
  <attribute name="ProportionalH" value="42.000000" />
  <attribute name="Current Error" value="28.000000" />
  <attribute name="IntegralT" value="0.000000" />
  <attribute name="IntegralI" value="0.000000" />
  <attribute name="IntegralH" value="0.000000" />
  <attribute name="DerivativeT" value="-inf" />
  <attribute name="DerivativeI" value="-inf" />
  <attribute name="DerivativeH" value="-inf" />
  <attribute name="Loop Time for DT" value="0.000000" />
  <attribute name="Output H" value="2091843584"/>
  <attribute name="Output I" value="200"/>
  <attribute name="Output T" value="4"/>
  <attribute name="Target GC Util Change" value ="20.000000" />
  <attribute name="Current GC Util Change" value="48.000000"/>
  <attribute name="GC Util currently" value="48" />
  <attribute name="CPU Util currently" value="12954610875727" />
<exclusive-end id="200" timestamp="2019-06-15T20:39:00.853" durationms="2.531" />

<exclusive-start id="201" timestamp="2019-06-15T20:39:02.338" intervalms="1488.241">
  <response-info timems="0.025" idlems="0.025" threads="0" lastid="0000000001073000" lastname="node-4" />
</exclusive-start>
<allocation-taxation id="202" taxation-threshold="3145728" timestamp="2019-06-15T20:39:02.338" intervalms="1488.230" />
<cycle-start id="203" type="partial gc" contextid="0" timestamp="2019-06-15T20:39:02.338" intervalms="3021.521" />
<gc-start id="204" type="partial gc" contextid="203" timestamp="2019-06-15T20:39:02.339">
  <mem-info id="205" free="0" total="10485760" percent="0">
    <mem type="eden" free="1045536" total="7340032" percent="14" />
    <remembered-set count="1536" freebytes="412416" totalbytes="418560" percent="98" regionsoverflowed="0" regionsstable="1" regionsrebuilding="0"/>
  </mem-info>
</gc-start>
<allocation-stats totalBytes="6288224" >
  <allocated-bytes non-tlh="0" tlh="6288224" arrayletleaf="0"/>
  <largest-consumer threadName="node-5" threadId="000000000106F500" bytes="577128" />
</allocation-stats>
<gc-op id="206" type="sweep" timems="0.563" contextid="203" timestamp="2019-06-15T20:39:02.339" />
<gc-op id="207" type="copy forward" timems="0.611" contextid="203" timestamp="2019-06-15T20:39:02.341">
  <memory-copied type="eden" objects="59" bytes="1904" bytesdiscarded="0" />
  <memory-copied type="other" objects="0" bytes="0" bytesdiscarded="0" />
  <memory-cardclean objects="393" bytes="50816" />
  <regions eden="3" other="1" />
  <remembered-set-cleared processed="417" cleared="16" durationms="0.074" />
  <stringconstants candidates="3831" cleared="0"  />
</gc-op>
<gc-op id="208" type="classunload" timems="0.002" contextid="203" timestamp="2019-06-15T20:39:02.341">
  <classunload-info classloadercandidates="6" classloadersunloaded="0" classesunloaded="0" anonymousclassesunloaded="0" quiescems="0.000" setupms="0.001" scanms="0.000" postms="0.000" />
</gc-op>
<gc-end id="209" type="partial gc" contextid="203" durationms="2.542" usertimems="0.000" systemtimems="0.000" timestamp="2019-06-15T20:39:02.341" activeThreads="1">
  <mem-info id="210" free="6291456" total="10485760" percent="60">
    <mem type="eden" free="1046672" total="1048576" percent="99" />
    <remembered-set count="1984" freebytes="410624" totalbytes="418560" percent="98" regionsoverflowed="0" regionsstable="1" regionsrebuilding="0"/>
  </mem-info>
</gc-end>
<cycle-end id="211" type="partial gc" contextid="203" timestamp="2019-06-15T20:39:02.341" />
  <attribute name="elasticGC enabled" value="1" />
  <attribute name= "numThreadsSpecified" value="1" />
  <attribute name="heapSize specified" value="0" />
  <attribute name="Current GC Util" value="64" />
  <attribute name= "Current Time Running" value="25171" />
  <attribute name ="GC Interval" value="0" />
  <attribute name="ProportionalT" value="66.000000" />
  <attribute name="ProportionalI" value="66.000000" />
  <attribute name="ProportionalH" value="66.000000" />
  <attribute name="Current Error" value="44.000000" />
  <attribute name="IntegralT" value="0.000000" />
  <attribute name="IntegralI" value="0.000000" />
  <attribute name="IntegralH" value="0.000000" />
  <attribute name="DerivativeT" value="inf" />
  <attribute name="DerivativeI" value="inf" />
  <attribute name="DerivativeH" value="inf" />
  <attribute name="Loop Time for DT" value="0.000000" />
  <attribute name="Output H" value="8388608"/>
  <attribute name="Output I" value="200"/>
  <attribute name="Output T" value="1"/>
  <attribute name="Target GC Util Change" value ="20.000000" />
  <attribute name="Current GC Util Change" value="64.000000"/>
  <attribute name="GC Util currently" value="64" />
  <attribute name="CPU Util currently" value="17897713797041" />
<exclusive-end id="212" timestamp="2019-06-15T20:39:02.342" durationms="3.314" />

</verbosegc>

