<?xml version="1.0" ?>

<verbosegc xmlns="http://www.ibm.com/j9/verbosegc" version="10b4217_CMPRSS">

<initialized id="1" timestamp="2019-06-15T19:23:47.300">
  <attribute name="gcPolicy" value="-Xgcpolicy:optavgpause" />
  <attribute name="elasticGC enabled" value="1" />
  <attribute name= "numThreadsSpecified" value="0" />
  <attribute name="heapSize specified" value="0" />
  <attribute name="Current GC Util" value="0" />
  <attribute name= "Current Time Running" value="0" />
  <attribute name ="GC Interval" value="0" />
  <attribute name="ProportionalT" value="0.000000" />
  <attribute name="ProportionalI" value="0.000000" />
  <attribute name="ProportionalH" value="0.000000" />
  <attribute name="IntegralT" value="0.000000" />
  <attribute name="IntegralI" value="0.000000" />
  <attribute name="IntegralH" value="0.000000" />
  <attribute name="DerivativeT" value="0.000000" />
  <attribute name="DerivativeI" value="0.000000" />
  <attribute name="DerivativeH" value="0.000000" />
  <attribute name="Target GC Util Change" value ="0.000000" />
  <attribute name="Current GC Util Change" value="0.000000"/>
  <attribute name="Current Error" value="0.000000" />
  <attribute name="Loop Time for DT" value="0.000000" />
  <attribute name="Output H" value="0"/>
  <attribute name="Output I" value="0"/>
  <attribute name="Output T" value="0"/>
  <attribute name="GC Util currently" value="0" />
  <attribute name="CPU Util currently" value="0" />
  <attribute name="maxHeapSize" value="0x7cbc0000" />
  <attribute name="initialHeapSize" value="0x800000" />
  <attribute name="compressedRefs" value="true" />
  <attribute name="compressedRefsDisplacement" value="0x0" />
  <attribute name="compressedRefsShift" value="0x0" />
  <attribute name="pageSize" value="0x1000" />
  <attribute name="pageType" value="not used" />
  <attribute name="requestedPageSize" value="0x1000" />
  <attribute name="requestedPageType" value="not used" />
  <attribute name="gcthreads" value="4" />
  <attribute name="packetListSplit" value="4" />
  <attribute name="cacheListSplit" value="4" />
  <attribute name="splitFreeListSplitAmount" value="1" />
  <attribute name="numaNodes" value="0" />
  <system>
    <attribute name="physicalMemory" value="8370962432" />
    <attribute name="numCPUs" value="4" />
    <attribute name="architecture" value="amd64" />
    <attribute name="os" value="Linux" />
    <attribute name="osVersion" value="4.4.0-148-generic" />
  </system>
  <vmargs>
    <vmarg name="-Xoptionsfile=/vagrant/jdk/lib/options.default" />
    <vmarg name="-Xlockword:mode=default,noLockword=java/lang/String,noLockword=java/util/MapEntry,noLockword=java/util/HashMap$Entry,noLockword..." />
    <vmarg name="-Xjcl:jclse29" />
    <vmarg name="-Dcom.ibm.oti.vm.bootstrap.library.path=/vagrant/jdk/lib/compressedrefs:/vagrant/jdk/lib" />
    <vmarg name="-Dsun.boot.library.path=/vagrant/jdk/lib/compressedrefs:/vagrant/jdk/lib" />
    <vmarg name="-Djava.library.path=/vagrant/jdk/lib/compressedrefs:/vagrant/jdk/lib:/usr/lib64:/usr/lib" />
    <vmarg name="-Djava.home=/vagrant/jdk" />
    <vmarg name="-Duser.dir=/vagrant" />
    <vmarg name="-Xgcpolicy:optavgpause" />
    <vmarg name="-Xgcelastic" />
    <vmarg name="-Xcheck:gc:::elasticGC" />
    <vmarg name="-verbose:gc" />
    <vmarg name="-Xloggc:default-OPTAVGPAUSE-jdk-1.5-1-0.5-verbose12jython.txt" />
    <vmarg name="-Djava.class.path=dacapo-9.12-MR1-bach.jar" />
    <vmarg name="-Dsun.java.command=dacapo-9.12-MR1-bach.jar jython --size=default" />
    <vmarg name="-Dsun.java.launcher=SUN_STANDARD" />
    <vmarg name="-Dsun.java.launcher.pid=11357" />
  </vmargs>
</initialized>

<exclusive-start id="2" timestamp="2019-06-15T19:23:48.604" intervalms="1303.639">
  <response-info timems="0.066" idlems="0.066" threads="0" lastid="00000000021F5700" lastname="main" />
</exclusive-start>
<af-start id="3" threadId="00000000021F6088" totalBytesRequested="2056" timestamp="2019-06-15T19:23:48.604" intervalms="1303.827" />
<cycle-start id="4" type="global" contextid="0" timestamp="2019-06-15T19:23:48.604" intervalms="1304.044" />
<gc-start id="5" type="global" contextid="4" timestamp="2019-06-15T19:23:48.604">
  <mem-info id="6" free="418816" total="8388608" percent="4">
    <mem type="tenure" free="418816" total="8388608" percent="4">
      <mem type="soa" free="0" total="7969792" percent="0" />
      <mem type="loa" free="418816" total="418816" percent="100" />
    </mem>
  </mem-info>
</gc-start>
<allocation-stats totalBytes="7880496" >
  <allocated-bytes non-tlh="357688" tlh="7522808" />
  <largest-consumer threadName="main" threadId="00000000021F5700" bytes="7804256" />
</allocation-stats>
<gc-op id="7" type="mark" timems="1.662" contextid="4" timestamp="2019-06-15T19:23:48.606">
  <trace-info objectcount="17675" scancount="14613" scanbytes="461016" />
  <finalization candidates="14" enqueued="1" />
  <references type="soft" candidates="63" cleared="0" enqueued="0" dynamicThreshold="32" maxThreshold="32" />
  <references type="weak" candidates="544" cleared="401" enqueued="362" />
  <references type="phantom" candidates="105" cleared="44" enqueued="44" />
  <stringconstants candidates="2406" cleared="0"  />
</gc-op>
<gc-op id="8" type="classunload" timems="0.060" contextid="4" timestamp="2019-06-15T19:23:48.606">
  <classunload-info classloadercandidates="5" classloadersunloaded="0" classesunloaded="0" anonymousclassesunloaded="0" quiescems="0.000" setupms="0.059" scanms="0.001" postms="0.000" />
</gc-op>
<gc-op id="9" type="sweep" timems="0.600" contextid="4" timestamp="2019-06-15T19:23:48.607" />
<mem-info id="10" free="7187456" total="8388608" percent="85">
  <mem type="tenure" free="7187456" total="8388608" percent="85" micro-fragmented="197389">
    <mem type="soa" free="6768640" total="7969792" percent="84" />
    <mem type="loa" free="418816" total="418816" percent="100" />
  </mem>
  <pending-finalizers system="1" default="0" reference="406" classloader="0" />
</mem-info>
<gc-op id="11" type="compact" timems="4.074" contextid="4" timestamp="2019-06-15T19:23:48.611">
  <compact-info movecount="17674" movebytes="963816" reason="compact to aid heap contraction" />
</gc-op>
<heap-resize id="12" type="expand" space="tenure" amount="2084241408" count="1" timems="0.278" reason="satisfy allocation request" timestamp="2019-06-15T19:23:48.612" />
<gc-end id="13" type="global" contextid="4" durationms="7.619" usertimems="12.000" systemtimems="0.000" timestamp="2019-06-15T19:23:48.612" activeThreads="4">
  <mem-info id="14" free="2091600576" total="2092630016" percent="99">
    <mem type="tenure" free="2091600576" total="2092630016" percent="99">
      <mem type="soa" free="1986969280" total="1987998720" percent="99" />
      <mem type="loa" free="104631296" total="104631296" percent="100" />
    </mem>
    <pending-finalizers system="1" default="0" reference="406" classloader="0" />
  </mem-info>
</gc-end>
<cycle-end id="15" type="global" contextid="4" timestamp="2019-06-15T19:23:48.612" />
  <attribute name="elasticGC enabled" value="1" />
  <attribute name= "numThreadsSpecified" value="4" />
  <attribute name="heapSize specified" value="8388608" />
  <attribute name="Current GC Util" value="44" />
  <attribute name= "Current Time Running" value="1200" />
  <attribute name ="GC Interval" value="0" />
  <attribute name="ProportionalT" value="36.000000" />
  <attribute name="ProportionalI" value="36.000000" />
  <attribute name="ProportionalH" value="36.000000" />
  <attribute name="Current Error" value="24.000000" />
  <attribute name="IntegralT" value="-23668.000000" />
  <attribute name="IntegralI" value="-23668.000000" />
  <attribute name="IntegralH" value="-23668.000000" />
  <attribute name="DerivativeT" value="3.000000" />
  <attribute name="DerivativeI" value="3.000000" />
  <attribute name="DerivativeH" value="3.000000" />
  <attribute name="Loop Time for DT" value="4.000000" />
  <attribute name="Output H" value="2092630016"/>
  <attribute name="Output I" value="200"/>
  <attribute name="Output T" value="4"/>
  <attribute name="Target GC Util Change" value ="20.000000" />
  <attribute name="Current GC Util Change" value="44.000000"/>
  <attribute name="GC Util currently" value="44" />
  <attribute name="CPU Util currently" value="1114224218905" />
<allocation-satisfied id="16" threadId="00000000021F5700" bytesRequested="2056" />
<af-end id="17" timestamp="2019-06-15T19:23:48.612" threadId="00000000021F6088" success="true" />
<exclusive-end id="18" timestamp="2019-06-15T19:23:48.612" durationms="8.657" />

<exclusive-start id="19" timestamp="2019-06-15T19:23:52.612" intervalms="4008.829">
  <response-info timems="0.021" idlems="0.021" threads="0" lastid="00000000021F5700" lastname="main" />
</exclusive-start>
<sys-start reason="explicit" id="20" timestamp="2019-06-15T19:23:52.613" intervalms="5312.560" />
<cycle-start id="21" type="global" contextid="0" timestamp="2019-06-15T19:23:52.613" intervalms="4008.560" />
<gc-start id="22" type="global" contextid="21" timestamp="2019-06-15T19:23:52.613">
  <mem-info id="23" free="2020876256" total="2092630016" percent="96">
    <mem type="tenure" free="2020876256" total="2092630016" percent="96">
      <mem type="soa" free="1916244960" total="1987998720" percent="96" />
      <mem type="loa" free="104631296" total="104631296" percent="100" />
    </mem>
  </mem-info>
</gc-start>
<allocation-stats totalBytes="70745880" >
  <allocated-bytes non-tlh="3398368" tlh="67347512" />
  <largest-consumer threadName="main" threadId="00000000021F5700" bytes="70672696" />
</allocation-stats>
<gc-op id="24" type="mark" timems="6.931" contextid="21" timestamp="2019-06-15T19:23:52.620">
  <trace-info objectcount="75501" scancount="63034" scanbytes="2111572" />
  <finalization candidates="81" enqueued="1" />
  <ownableSynchronizers candidates="22" cleared="0" />
  <references type="soft" candidates="1640" cleared="0" enqueued="0" dynamicThreshold="31" maxThreshold="32" />
  <references type="weak" candidates="5231" cleared="734" enqueued="570" />
  <references type="phantom" candidates="115" cleared="15" enqueued="15" />
  <stringconstants candidates="8680" cleared="15"  />
</gc-op>
<gc-op id="25" type="classunload" timems="0.378" contextid="21" timestamp="2019-06-15T19:23:52.620">
  <classunload-info classloadercandidates="17" classloadersunloaded="1" classesunloaded="1" anonymousclassesunloaded="0" quiescems="0.000" setupms="0.367" scanms="0.008" postms="0.003" />
</gc-op>
<gc-op id="26" type="sweep" timems="2.338" contextid="21" timestamp="2019-06-15T19:23:52.623" />
<mem-info id="27" free="2087398608" total="2092630016" percent="99">
  <mem type="tenure" free="2087398608" total="2092630016" percent="99" micro-fragmented="729363">
    <mem type="soa" free="1982767312" total="1987998720" percent="99" />
    <mem type="loa" free="104631296" total="104631296" percent="100" />
  </mem>
  <pending-finalizers system="1" default="0" reference="585" classloader="0" />
</mem-info>
<gc-op id="28" type="compact" timems="14.792" contextid="21" timestamp="2019-06-15T19:23:52.637">
  <compact-info movecount="74801" movebytes="4257208" reason="compact to aid heap contraction" />
</gc-op>
<gc-end id="29" type="global" contextid="21" durationms="25.125" usertimems="56.000" systemtimems="0.000" timestamp="2019-06-15T19:23:52.638" activeThreads="4">
  <mem-info id="30" free="2088352592" total="2092630016" percent="99">
    <mem type="tenure" free="2088352592" total="2092630016" percent="99">
      <mem type="soa" free="1983721296" total="1987998720" percent="99" />
      <mem type="loa" free="104631296" total="104631296" percent="100" />
    </mem>
    <pending-finalizers system="1" default="0" reference="585" classloader="0" />
  </mem-info>
</gc-end>
<cycle-end id="31" type="global" contextid="21" timestamp="2019-06-15T19:23:52.638" />
  <attribute name="elasticGC enabled" value="1" />
  <attribute name= "numThreadsSpecified" value="4" />
  <attribute name="heapSize specified" value="2092630016" />
  <attribute name="Current GC Util" value="156" />
  <attribute name= "Current Time Running" value="5226" />
  <attribute name ="GC Interval" value="0" />
  <attribute name="ProportionalT" value="204.000000" />
  <attribute name="ProportionalI" value="204.000000" />
  <attribute name="ProportionalH" value="204.000000" />
  <attribute name="Current Error" value="136.000000" />
  <attribute name="IntegralT" value="2040.000000" />
  <attribute name="IntegralI" value="2040.000000" />
  <attribute name="IntegralH" value="2040.000000" />
  <attribute name="DerivativeT" value="2.733333" />
  <attribute name="DerivativeI" value="2.733333" />
  <attribute name="DerivativeH" value="2.733333" />
  <attribute name="Loop Time for DT" value="15.000000" />
  <attribute name="Output H" value="8388608"/>
  <attribute name="Output I" value="2248"/>
  <attribute name="Output T" value="4"/>
  <attribute name="Target GC Util Change" value ="20.000000" />
  <attribute name="Current GC Util Change" value="156.000000"/>
  <attribute name="GC Util currently" value="156" />
  <attribute name="CPU Util currently" value="308517194197" />
<sys-end id="32" timestamp="2019-06-15T19:23:52.638" />
<exclusive-end id="33" timestamp="2019-06-15T19:23:52.638" durationms="25.503" />

<exclusive-start id="34" timestamp="2019-06-15T19:24:01.409" intervalms="8796.909">
  <response-info timems="0.216" idlems="0.216" threads="0" lastid="00000000021F5700" lastname="main" />
</exclusive-start>
<af-start id="35" threadId="00000000021F6088" totalBytesRequested="40" timestamp="2019-06-15T19:24:01.410" intervalms="12805.833" />
<cycle-start id="36" type="global" contextid="0" timestamp="2019-06-15T19:24:01.410" intervalms="8797.233" />
<gc-start id="37" type="global" contextid="36" timestamp="2019-06-15T19:24:01.410">
  <mem-info id="38" free="104631296" total="2092630016" percent="4">
    <mem type="tenure" free="104631296" total="2092630016" percent="4">
      <mem type="soa" free="0" total="1987998720" percent="0" />
      <mem type="loa" free="104631296" total="104631296" percent="100" />
    </mem>
  </mem-info>
</gc-start>
<allocation-stats totalBytes="1981940480" >
  <allocated-bytes non-tlh="14478376" tlh="1967462104" />
  <largest-consumer threadName="main" threadId="00000000021F5700" bytes="1981912600" />
</allocation-stats>
<gc-op id="39" type="mark" timems="14.020" contextid="36" timestamp="2019-06-15T19:24:01.424">
  <trace-info objectcount="609884" scancount="530217" scanbytes="13682208" />
  <finalization candidates="85" enqueued="5" />
  <ownableSynchronizers candidates="22" cleared="0" />
  <references type="soft" candidates="4868" cleared="0" enqueued="0" dynamicThreshold="31" maxThreshold="32" />
  <references type="weak" candidates="5812" cleared="85" enqueued="76" />
  <references type="phantom" candidates="107" cleared="5" enqueued="5" />
  <stringconstants candidates="13839" cleared="18"  />
</gc-op>
<gc-op id="40" type="sweep" timems="153.753" contextid="36" timestamp="2019-06-15T19:24:01.578" />
<mem-info id="41" free="2063048200" total="2092630016" percent="98">
  <mem type="tenure" free="2063048200" total="2092630016" percent="98" micro-fragmented="1809571">
    <mem type="soa" free="1958416904" total="1987998720" percent="98" />
    <mem type="loa" free="104631296" total="104631296" percent="100" />
  </mem>
  <pending-finalizers system="0" default="5" reference="81" classloader="0" />
</mem-info>
<gc-op id="42" type="compact" timems="44.154" contextid="36" timestamp="2019-06-15T19:24:01.623">
  <compact-info movecount="607974" movebytes="18224592" reason="compact to aid heap contraction" />
</gc-op>
<gc-end id="43" type="global" contextid="36" durationms="213.203" usertimems="296.000" systemtimems="16.000" timestamp="2019-06-15T19:24:01.623" activeThreads="4">
  <mem-info id="44" free="2074284632" total="2092630016" percent="99">
    <mem type="tenure" free="2074284632" total="2092630016" percent="99">
      <mem type="soa" free="1969653336" total="1987998720" percent="99" />
      <mem type="loa" free="104631296" total="104631296" percent="100" />
    </mem>
    <pending-finalizers system="0" default="5" reference="81" classloader="0" />
  </mem-info>
</gc-end>
<cycle-end id="45" type="global" contextid="36" timestamp="2019-06-15T19:24:01.624" />
  <attribute name="elasticGC enabled" value="1" />
  <attribute name= "numThreadsSpecified" value="4" />
  <attribute name="heapSize specified" value="2092630016" />
  <attribute name="Current GC Util" value="167" />
  <attribute name= "Current Time Running" value="14212" />
  <attribute name ="GC Interval" value="0" />
  <attribute name="ProportionalT" value="220.500000" />
  <attribute name="ProportionalI" value="220.500000" />
  <attribute name="ProportionalH" value="220.500000" />
  <attribute name="Current Error" value="147.000000" />
  <attribute name="IntegralT" value="6615.000000" />
  <attribute name="IntegralI" value="6615.000000" />
  <attribute name="IntegralH" value="6615.000000" />
  <attribute name="DerivativeT" value="1.633333" />
  <attribute name="DerivativeI" value="1.633333" />
  <attribute name="DerivativeH" value="1.633333" />
  <attribute name="Loop Time for DT" value="45.000000" />
  <attribute name="Output H" value="8388608"/>
  <attribute name="Output I" value="4000"/>
  <attribute name="Output T" value="4"/>
  <attribute name="Target GC Util Change" value ="20.000000" />
  <attribute name="Current GC Util Change" value="167.000000"/>
  <attribute name="GC Util currently" value="167" />
  <attribute name="CPU Util currently" value="103867024405" />
<allocation-satisfied id="46" threadId="00000000021F5700" bytesRequested="40" />
<af-end id="47" timestamp="2019-06-15T19:24:01.624" threadId="00000000021F6088" success="true" />
<exclusive-end id="48" timestamp="2019-06-15T19:24:01.624" durationms="214.888" />

</verbosegc>

