<?xml version="1.0" ?>

<verbosegc xmlns="http://www.ibm.com/j9/verbosegc" version="10b4217_CMPRSS">

<initialized id="1" timestamp="2019-06-15T19:22:59.477">
  <attribute name="gcPolicy" value="-Xgcpolicy:optavgpause" />
  <attribute name="elasticGC enabled" value="1" />
  <attribute name= "numThreadsSpecified" value="0" />
  <attribute name="heapSize specified" value="0" />
  <attribute name="Current GC Util" value="0" />
  <attribute name= "Current Time Running" value="0" />
  <attribute name ="GC Interval" value="0" />
  <attribute name="ProportionalT" value="0.000000" />
  <attribute name="ProportionalI" value="0.000000" />
  <attribute name="ProportionalH" value="0.000000" />
  <attribute name="IntegralT" value="0.000000" />
  <attribute name="IntegralI" value="0.000000" />
  <attribute name="IntegralH" value="0.000000" />
  <attribute name="DerivativeT" value="0.000000" />
  <attribute name="DerivativeI" value="0.000000" />
  <attribute name="DerivativeH" value="0.000000" />
  <attribute name="Target GC Util Change" value ="0.000000" />
  <attribute name="Current GC Util Change" value="0.000000"/>
  <attribute name="Current Error" value="0.000000" />
  <attribute name="Loop Time for DT" value="0.000000" />
  <attribute name="Output H" value="0"/>
  <attribute name="Output I" value="0"/>
  <attribute name="Output T" value="0"/>
  <attribute name="GC Util currently" value="0" />
  <attribute name="CPU Util currently" value="0" />
  <attribute name="maxHeapSize" value="0x7cbc0000" />
  <attribute name="initialHeapSize" value="0x800000" />
  <attribute name="compressedRefs" value="true" />
  <attribute name="compressedRefsDisplacement" value="0x0" />
  <attribute name="compressedRefsShift" value="0x0" />
  <attribute name="pageSize" value="0x1000" />
  <attribute name="pageType" value="not used" />
  <attribute name="requestedPageSize" value="0x1000" />
  <attribute name="requestedPageType" value="not used" />
  <attribute name="gcthreads" value="4" />
  <attribute name="packetListSplit" value="4" />
  <attribute name="cacheListSplit" value="4" />
  <attribute name="splitFreeListSplitAmount" value="1" />
  <attribute name="numaNodes" value="0" />
  <system>
    <attribute name="physicalMemory" value="8370962432" />
    <attribute name="numCPUs" value="4" />
    <attribute name="architecture" value="amd64" />
    <attribute name="os" value="Linux" />
    <attribute name="osVersion" value="4.4.0-148-generic" />
  </system>
  <vmargs>
    <vmarg name="-Xoptionsfile=/vagrant/jdk/lib/options.default" />
    <vmarg name="-Xlockword:mode=default,noLockword=java/lang/String,noLockword=java/util/MapEntry,noLockword=java/util/HashMap$Entry,noLockword..." />
    <vmarg name="-Xjcl:jclse29" />
    <vmarg name="-Dcom.ibm.oti.vm.bootstrap.library.path=/vagrant/jdk/lib/compressedrefs:/vagrant/jdk/lib" />
    <vmarg name="-Dsun.boot.library.path=/vagrant/jdk/lib/compressedrefs:/vagrant/jdk/lib" />
    <vmarg name="-Djava.library.path=/vagrant/jdk/lib/compressedrefs:/vagrant/jdk/lib:/usr/lib64:/usr/lib" />
    <vmarg name="-Djava.home=/vagrant/jdk" />
    <vmarg name="-Duser.dir=/vagrant" />
    <vmarg name="-Xgcpolicy:optavgpause" />
    <vmarg name="-Xgcelastic" />
    <vmarg name="-Xcheck:gc:::elasticGC" />
    <vmarg name="-verbose:gc" />
    <vmarg name="-Xloggc:default-OPTAVGPAUSE-jdk-1.5-1-0.5-verbose9jython.txt" />
    <vmarg name="-Djava.class.path=dacapo-9.12-MR1-bach.jar" />
    <vmarg name="-Dsun.java.command=dacapo-9.12-MR1-bach.jar jython --size=default" />
    <vmarg name="-Dsun.java.launcher=SUN_STANDARD" />
    <vmarg name="-Dsun.java.launcher.pid=11254" />
  </vmargs>
</initialized>

<exclusive-start id="2" timestamp="2019-06-15T19:23:00.760" intervalms="1282.271">
  <response-info timems="0.022" idlems="0.022" threads="0" lastid="0000000000734700" lastname="main" />
</exclusive-start>
<af-start id="3" threadId="0000000000735088" totalBytesRequested="2056" timestamp="2019-06-15T19:23:00.760" intervalms="1282.457" />
<cycle-start id="4" type="global" contextid="0" timestamp="2019-06-15T19:23:00.760" intervalms="1282.667" />
<gc-start id="5" type="global" contextid="4" timestamp="2019-06-15T19:23:00.760">
  <mem-info id="6" free="418816" total="8388608" percent="4">
    <mem type="tenure" free="418816" total="8388608" percent="4">
      <mem type="soa" free="0" total="7969792" percent="0" />
      <mem type="loa" free="418816" total="418816" percent="100" />
    </mem>
  </mem-info>
</gc-start>
<allocation-stats totalBytes="7879864" >
  <allocated-bytes non-tlh="357688" tlh="7522176" />
  <largest-consumer threadName="main" threadId="0000000000734700" bytes="7803296" />
</allocation-stats>
<gc-op id="7" type="mark" timems="1.970" contextid="4" timestamp="2019-06-15T19:23:00.762">
  <trace-info objectcount="17675" scancount="14639" scanbytes="461016" />
  <finalization candidates="14" enqueued="1" />
  <references type="soft" candidates="63" cleared="0" enqueued="0" dynamicThreshold="32" maxThreshold="32" />
  <references type="weak" candidates="544" cleared="401" enqueued="362" />
  <references type="phantom" candidates="105" cleared="44" enqueued="44" />
  <stringconstants candidates="2406" cleared="0"  />
</gc-op>
<gc-op id="8" type="classunload" timems="0.043" contextid="4" timestamp="2019-06-15T19:23:00.762">
  <classunload-info classloadercandidates="5" classloadersunloaded="0" classesunloaded="0" anonymousclassesunloaded="0" quiescems="0.000" setupms="0.030" scanms="0.001" postms="0.012" />
</gc-op>
<gc-op id="9" type="sweep" timems="0.643" contextid="4" timestamp="2019-06-15T19:23:00.763" />
<mem-info id="10" free="7187136" total="8388608" percent="85">
  <mem type="tenure" free="7187136" total="8388608" percent="85" micro-fragmented="202096">
    <mem type="soa" free="6768320" total="7969792" percent="84" />
    <mem type="loa" free="418816" total="418816" percent="100" />
  </mem>
  <pending-finalizers system="1" default="0" reference="406" classloader="0" />
</mem-info>
<gc-op id="11" type="compact" timems="3.863" contextid="4" timestamp="2019-06-15T19:23:00.767">
  <compact-info movecount="17674" movebytes="963816" reason="compact to aid heap contraction" />
</gc-op>
<heap-resize id="12" type="expand" space="tenure" amount="2084241408" count="1" timems="0.293" reason="satisfy allocation request" timestamp="2019-06-15T19:23:00.768" />
<gc-end id="13" type="global" contextid="4" durationms="7.842" usertimems="8.000" systemtimems="0.000" timestamp="2019-06-15T19:23:00.768" activeThreads="4">
  <mem-info id="14" free="2091600576" total="2092630016" percent="99">
    <mem type="tenure" free="2091600576" total="2092630016" percent="99">
      <mem type="soa" free="1986969280" total="1987998720" percent="99" />
      <mem type="loa" free="104631296" total="104631296" percent="100" />
    </mem>
    <pending-finalizers system="1" default="0" reference="406" classloader="0" />
  </mem-info>
</gc-end>
<cycle-end id="15" type="global" contextid="4" timestamp="2019-06-15T19:23:00.768" />
  <attribute name="elasticGC enabled" value="1" />
  <attribute name= "numThreadsSpecified" value="4" />
  <attribute name="heapSize specified" value="8388608" />
  <attribute name="Current GC Util" value="32" />
  <attribute name= "Current Time Running" value="1173" />
  <attribute name ="GC Interval" value="0" />
  <attribute name="ProportionalT" value="18.000000" />
  <attribute name="ProportionalI" value="18.000000" />
  <attribute name="ProportionalH" value="18.000000" />
  <attribute name="Current Error" value="12.000000" />
  <attribute name="IntegralT" value="-23113.000000" />
  <attribute name="IntegralI" value="-23113.000000" />
  <attribute name="IntegralH" value="-23113.000000" />
  <attribute name="DerivativeT" value="1.500000" />
  <attribute name="DerivativeI" value="1.500000" />
  <attribute name="DerivativeH" value="1.500000" />
  <attribute name="Loop Time for DT" value="4.000000" />
  <attribute name="Output H" value="2092630016"/>
  <attribute name="Output I" value="200"/>
  <attribute name="Output T" value="4"/>
  <attribute name="Target GC Util Change" value ="20.000000" />
  <attribute name="Current GC Util Change" value="32.000000"/>
  <attribute name="GC Util currently" value="32" />
  <attribute name="CPU Util currently" value="42" />
<allocation-satisfied id="16" threadId="0000000000734700" bytesRequested="2056" />
<af-end id="17" timestamp="2019-06-15T19:23:00.768" threadId="0000000000735088" success="true" />
<exclusive-end id="18" timestamp="2019-06-15T19:23:00.768" durationms="8.798" />

<exclusive-start id="19" timestamp="2019-06-15T19:23:04.694" intervalms="3934.922">
  <response-info timems="0.019" idlems="0.019" threads="0" lastid="0000000000734700" lastname="main" />
</exclusive-start>
<sys-start reason="explicit" id="20" timestamp="2019-06-15T19:23:04.695" intervalms="5217.282" />
<cycle-start id="21" type="global" contextid="0" timestamp="2019-06-15T19:23:04.695" intervalms="3934.660" />
<gc-start id="22" type="global" contextid="21" timestamp="2019-06-15T19:23:04.695">
  <mem-info id="23" free="2021601256" total="2092630016" percent="96">
    <mem type="tenure" free="2021601256" total="2092630016" percent="96">
      <mem type="soa" free="1916969960" total="1987998720" percent="96" />
      <mem type="loa" free="104631296" total="104631296" percent="100" />
    </mem>
  </mem-info>
</gc-start>
<allocation-stats totalBytes="70017448" >
  <allocated-bytes non-tlh="3332824" tlh="66684624" />
  <largest-consumer threadName="main" threadId="0000000000734700" bytes="69948360" />
</allocation-stats>
<gc-op id="24" type="mark" timems="9.725" contextid="21" timestamp="2019-06-15T19:23:04.705">
  <trace-info objectcount="75498" scancount="63024" scanbytes="2110932" />
  <finalization candidates="81" enqueued="1" />
  <ownableSynchronizers candidates="21" cleared="0" />
  <references type="soft" candidates="1640" cleared="0" enqueued="0" dynamicThreshold="31" maxThreshold="32" />
  <references type="weak" candidates="5237" cleared="734" enqueued="570" />
  <references type="phantom" candidates="115" cleared="15" enqueued="15" />
  <stringconstants candidates="8680" cleared="15"  />
</gc-op>
<gc-op id="25" type="classunload" timems="0.420" contextid="21" timestamp="2019-06-15T19:23:04.705">
  <classunload-info classloadercandidates="17" classloadersunloaded="1" classesunloaded="1" anonymousclassesunloaded="0" quiescems="0.000" setupms="0.409" scanms="0.008" postms="0.003" />
</gc-op>
<gc-op id="26" type="sweep" timems="2.191" contextid="21" timestamp="2019-06-15T19:23:04.707" />
<mem-info id="27" free="2087403072" total="2092630016" percent="99">
  <mem type="tenure" free="2087403072" total="2092630016" percent="99" micro-fragmented="698799">
    <mem type="soa" free="1982771776" total="1987998720" percent="99" />
    <mem type="loa" free="104631296" total="104631296" percent="100" />
  </mem>
  <pending-finalizers system="1" default="0" reference="585" classloader="0" />
</mem-info>
<gc-op id="28" type="compact" timems="19.749" contextid="21" timestamp="2019-06-15T19:23:04.727">
  <compact-info movecount="74832" movebytes="4258040" reason="compact to aid heap contraction" />
</gc-op>
<gc-end id="29" type="global" contextid="21" durationms="33.016" usertimems="44.000" systemtimems="12.000" timestamp="2019-06-15T19:23:04.728" activeThreads="4">
  <mem-info id="30" free="2088353528" total="2092630016" percent="99">
    <mem type="tenure" free="2088353528" total="2092630016" percent="99">
      <mem type="soa" free="1983722232" total="1987998720" percent="99" />
      <mem type="loa" free="104631296" total="104631296" percent="100" />
    </mem>
    <pending-finalizers system="1" default="0" reference="585" classloader="0" />
  </mem-info>
</gc-end>
<cycle-end id="31" type="global" contextid="21" timestamp="2019-06-15T19:23:04.728" />
  <attribute name="elasticGC enabled" value="1" />
  <attribute name= "numThreadsSpecified" value="4" />
  <attribute name="heapSize specified" value="2092630016" />
  <attribute name="Current GC Util" value="97" />
  <attribute name= "Current Time Running" value="5133" />
  <attribute name ="GC Interval" value="0" />
  <attribute name="ProportionalT" value="115.500000" />
  <attribute name="ProportionalI" value="115.500000" />
  <attribute name="ProportionalH" value="115.500000" />
  <attribute name="Current Error" value="77.000000" />
  <attribute name="IntegralT" value="1463.000000" />
  <attribute name="IntegralI" value="1463.000000" />
  <attribute name="IntegralH" value="1463.000000" />
  <attribute name="DerivativeT" value="1.394737" />
  <attribute name="DerivativeI" value="1.394737" />
  <attribute name="DerivativeH" value="1.394737" />
  <attribute name="Loop Time for DT" value="19.000000" />
  <attribute name="Output H" value="8388608"/>
  <attribute name="Output I" value="1584"/>
  <attribute name="Output T" value="4"/>
  <attribute name="Target GC Util Change" value ="20.000000" />
  <attribute name="Current GC Util Change" value="97.000000"/>
  <attribute name="GC Util currently" value="97" />
  <attribute name="CPU Util currently" value="231978748351" />
<sys-end id="32" timestamp="2019-06-15T19:23:04.728" />
<exclusive-end id="33" timestamp="2019-06-15T19:23:04.728" durationms="33.492" />

<exclusive-start id="34" timestamp="2019-06-15T19:23:13.942" intervalms="9247.615">
  <response-info timems="0.081" idlems="0.081" threads="0" lastid="0000000000734700" lastname="main" />
</exclusive-start>
<af-start id="35" threadId="0000000000735088" totalBytesRequested="80" timestamp="2019-06-15T19:23:13.942" intervalms="13182.692" />
<cycle-start id="36" type="global" contextid="0" timestamp="2019-06-15T19:23:13.943" intervalms="9247.960" />
<gc-start id="37" type="global" contextid="36" timestamp="2019-06-15T19:23:13.943">
  <mem-info id="38" free="104631296" total="2092630016" percent="4">
    <mem type="tenure" free="104631296" total="2092630016" percent="4">
      <mem type="soa" free="0" total="1987998720" percent="0" />
      <mem type="loa" free="104631296" total="104631296" percent="100" />
    </mem>
  </mem-info>
</gc-start>
<allocation-stats totalBytes="1981918928" >
  <allocated-bytes non-tlh="14412832" tlh="1967506096" />
  <largest-consumer threadName="main" threadId="0000000000734700" bytes="1981891048" />
</allocation-stats>
<gc-op id="39" type="mark" timems="14.503" contextid="36" timestamp="2019-06-15T19:23:13.957">
  <trace-info objectcount="609846" scancount="530166" scanbytes="13681268" />
  <finalization candidates="85" enqueued="5" />
  <ownableSynchronizers candidates="21" cleared="0" />
  <references type="soft" candidates="4868" cleared="0" enqueued="0" dynamicThreshold="31" maxThreshold="32" />
  <references type="weak" candidates="5780" cleared="83" enqueued="76" />
  <references type="phantom" candidates="107" cleared="5" enqueued="5" />
  <stringconstants candidates="13839" cleared="18"  />
</gc-op>
<gc-op id="40" type="sweep" timems="147.621" contextid="36" timestamp="2019-06-15T19:23:14.105" />
<mem-info id="41" free="2063118920" total="2092630016" percent="98">
  <mem type="tenure" free="2063118920" total="2092630016" percent="98" micro-fragmented="1656214">
    <mem type="soa" free="1958487624" total="1987998720" percent="98" />
    <mem type="loa" free="104631296" total="104631296" percent="100" />
  </mem>
  <pending-finalizers system="0" default="5" reference="81" classloader="0" />
</mem-info>
<gc-op id="42" type="compact" timems="29.135" contextid="36" timestamp="2019-06-15T19:23:14.135">
  <compact-info movecount="607971" movebytes="18215312" reason="compact to aid heap contraction" />
</gc-op>
<gc-end id="43" type="global" contextid="36" durationms="192.476" usertimems="300.000" systemtimems="8.000" timestamp="2019-06-15T19:23:14.135" activeThreads="4">
  <mem-info id="44" free="2074285512" total="2092630016" percent="99">
    <mem type="tenure" free="2074285512" total="2092630016" percent="99">
      <mem type="soa" free="1969654216" total="1987998720" percent="99" />
      <mem type="loa" free="104631296" total="104631296" percent="100" />
    </mem>
    <pending-finalizers system="0" default="5" reference="81" classloader="0" />
  </mem-info>
</gc-end>
<cycle-end id="45" type="global" contextid="36" timestamp="2019-06-15T19:23:14.136" />
  <attribute name="elasticGC enabled" value="1" />
  <attribute name= "numThreadsSpecified" value="4" />
  <attribute name="heapSize specified" value="2092630016" />
  <attribute name="Current GC Util" value="289" />
  <attribute name= "Current Time Running" value="14541" />
  <attribute name ="GC Interval" value="0" />
  <attribute name="ProportionalT" value="403.500000" />
  <attribute name="ProportionalI" value="403.500000" />
  <attribute name="ProportionalH" value="403.500000" />
  <attribute name="Current Error" value="269.000000" />
  <attribute name="IntegralT" value="7801.000000" />
  <attribute name="IntegralI" value="7801.000000" />
  <attribute name="IntegralH" value="7801.000000" />
  <attribute name="DerivativeT" value="4.637931" />
  <attribute name="DerivativeI" value="4.637931" />
  <attribute name="DerivativeH" value="4.637931" />
  <attribute name="Loop Time for DT" value="29.000000" />
  <attribute name="Output H" value="8388608"/>
  <attribute name="Output I" value="4000"/>
  <attribute name="Output T" value="4"/>
  <attribute name="Target GC Util Change" value ="20.000000" />
  <attribute name="Current GC Util Change" value="289.000000"/>
  <attribute name="GC Util currently" value="289" />
  <attribute name="CPU Util currently" value="157437328075" />
<allocation-satisfied id="46" threadId="0000000000734700" bytesRequested="80" />
<af-end id="47" timestamp="2019-06-15T19:23:14.136" threadId="0000000000735088" success="true" />
<exclusive-end id="48" timestamp="2019-06-15T19:23:14.136" durationms="194.357" />

</verbosegc>

