<?xml version="1.0" ?>

<verbosegc xmlns="http://www.ibm.com/j9/verbosegc" version="08cc62e_CMPRSS">

<initialized id="1" timestamp="2019-08-02T22:36:29.578">
  <attribute name="gcPolicy" value="-Xgcpolicy:optavgpause" />
  <attribute name="elasticGC enabled" value="1" />
  <attribute name= "numThreadsSpecified" value="0" />
  <attribute name="heapSize specified" value="0" />
  <attribute name= "numCores" value="0" />
  <attribute name ="GC Interval" value="0" />
  <attribute name="GC Util Range Max" value="0" />
  <attribute name="Current GC Util" value="0" />
  <attribute name= "Current Time Running" value="0" />
  <attribute name="maxHeapSize" value="0x7cba0000" />
  <attribute name="initialHeapSize" value="0x800000" />
  <attribute name="compressedRefs" value="true" />
  <attribute name="compressedRefsDisplacement" value="0x0" />
  <attribute name="compressedRefsShift" value="0x0" />
  <attribute name="pageSize" value="0x1000" />
  <attribute name="pageType" value="not used" />
  <attribute name="requestedPageSize" value="0x1000" />
  <attribute name="requestedPageType" value="not used" />
  <attribute name="gcthreads" value="8" />
  <attribute name="packetListSplit" value="8" />
  <attribute name="cacheListSplit" value="8" />
  <attribute name="splitFreeListSplitAmount" value="1" />
  <attribute name="numaNodes" value="0" />
  <system>
    <attribute name="physicalMemory" value="8370401280" />
    <attribute name="numCPUs" value="8" />
    <attribute name="architecture" value="amd64" />
    <attribute name="os" value="Linux" />
    <attribute name="osVersion" value="4.4.0-154-generic" />
  </system>
  <vmargs>
    <vmarg name="-Xoptionsfile=/vagrant/jdk/lib/options.default" />
    <vmarg name="-Xlockword:mode=default,noLockword=java/lang/String,noLockword=java/util/MapEntry,noLockword=java/util/HashMap$Entry,noLockword..." />
    <vmarg name="-Xjcl:jclse29" />
    <vmarg name="-Dcom.ibm.oti.vm.bootstrap.library.path=/vagrant/jdk/lib/compressedrefs:/vagrant/jdk/lib" />
    <vmarg name="-Dsun.boot.library.path=/vagrant/jdk/lib/compressedrefs:/vagrant/jdk/lib" />
    <vmarg name="-Djava.library.path=/vagrant/jdk/lib/compressedrefs:/vagrant/jdk/lib:/usr/lib64:/usr/lib" />
    <vmarg name="-Djava.home=/vagrant/jdk" />
    <vmarg name="-Duser.dir=/vagrant" />
    <vmarg name="-Xgcpolicy:optavgpause" />
    <vmarg name="-Xgcelastic" />
    <vmarg name="-Xcheck:gc:::elasticGC" />
    <vmarg name="-verbose:gc" />
    <vmarg name="-Xloggc:jdkG-small-OAP-8core-verbose1jython.txt" />
    <vmarg name="-Djava.class.path=dacapo-9.12-MR1-bach.jar" />
    <vmarg name="-Dsun.java.command=dacapo-9.12-MR1-bach.jar jython --size=small" />
    <vmarg name="-Dsun.java.launcher=SUN_STANDARD" />
    <vmarg name="-Dsun.java.launcher.pid=6995" />
  </vmargs>
</initialized>

<exclusive-start id="2" timestamp="2019-08-02T22:36:30.889" intervalms="1310.746">
  <response-info timems="0.023" idlems="0.023" threads="0" lastid="0000000000C9AA00" lastname="main" />
</exclusive-start>
<af-start id="3" threadId="0000000000C9B388" totalBytesRequested="2056" timestamp="2019-08-02T22:36:30.889" intervalms="1310.968" />
<cycle-start id="4" type="global" contextid="0" timestamp="2019-08-02T22:36:30.889" intervalms="1311.169" />
<gc-start id="5" type="global" contextid="4" timestamp="2019-08-02T22:36:30.889">
  <mem-info id="6" free="418816" total="8388608" percent="4">
    <mem type="tenure" free="418816" total="8388608" percent="4">
      <mem type="soa" free="0" total="7969792" percent="0" />
      <mem type="loa" free="418816" total="418816" percent="100" />
    </mem>
  </mem-info>
</gc-start>
<allocation-stats totalBytes="7924168" >
  <allocated-bytes non-tlh="357688" tlh="7566480" />
  <largest-consumer threadName="main" threadId="0000000000C9AA00" bytes="7831264" />
</allocation-stats>
<gc-op id="7" type="mark" timems="2.474" contextid="4" timestamp="2019-08-02T22:36:30.892">
  <trace-info objectcount="17702" scancount="14640" scanbytes="461912" />
  <finalization candidates="14" enqueued="1" />
  <references type="soft" candidates="63" cleared="0" enqueued="0" dynamicThreshold="32" maxThreshold="32" />
  <references type="weak" candidates="544" cleared="401" enqueued="362" />
  <references type="phantom" candidates="105" cleared="44" enqueued="44" />
  <stringconstants candidates="2406" cleared="0"  />
</gc-op>
<gc-op id="8" type="classunload" timems="0.074" contextid="4" timestamp="2019-08-02T22:36:30.892">
  <classunload-info classloadercandidates="5" classloadersunloaded="0" classesunloaded="0" anonymousclassesunloaded="0" quiescems="0.000" setupms="0.073" scanms="0.000" postms="0.001" />
</gc-op>
<gc-op id="9" type="sweep" timems="0.505" contextid="4" timestamp="2019-08-02T22:36:30.893" />
<gc-end id="10" type="global" contextid="4" durationms="4.158" usertimems="0.000" systemtimems="4.000" timestamp="2019-08-02T22:36:30.894" activeThreads="8">
  <mem-info id="11" free="6894192" total="8388608" percent="82">
    <mem type="tenure" free="6894192" total="8388608" percent="82" micro-fragmented="220642">
      <mem type="soa" free="6768544" total="7969792" percent="84" />
      <mem type="loa" free="125648" total="418816" percent="30" />
    </mem>
    <pending-finalizers system="1" default="0" reference="406" classloader="0" />
  </mem-info>
</gc-end>
<cycle-end id="12" type="global" contextid="4" timestamp="2019-08-02T22:36:30.894" />
  <attribute name="elasticGC enabled" value="1" />
  <attribute name= "numThreadsSpecified" value="0" />
  <attribute name="heapSize specified" value="0" />
  <attribute name= "numCores" value="8" />
  <attribute name ="GC Interval" value="0" />
  <attribute name ="Control flow" value="2" />
  <attribute name="GC Util Range Max" value="92" />
  <attribute name="Current GC Util" value="66" />
  <attribute name= "Current Time Running" value="3" />
<allocation-satisfied id="13" threadId="0000000000C9AA00" bytesRequested="2056" />
<af-end id="14" timestamp="2019-08-02T22:36:30.894" threadId="0000000000C9B388" success="true" />
<exclusive-end id="15" timestamp="2019-08-02T22:36:30.894" durationms="5.035" />

<concurrent-kickoff id="16" timestamp="2019-08-02T22:36:31.440">
  <kickoff reason="threshold reached" targetBytes="2489738" thresholdFreeBytes="343258" remainingFree="214264" tenureFreeBytes="214264" />
</concurrent-kickoff>
<exclusive-start id="17" timestamp="2019-08-02T22:36:31.440" intervalms="551.514">
  <response-info timems="0.058" idlems="0.058" threads="0" lastid="0000000000C9AA00" lastname="main" />
</exclusive-start>
<cycle-start id="18" type="global" contextid="0" timestamp="2019-08-02T22:36:31.440" intervalms="551.168" />
<exclusive-end id="19" timestamp="2019-08-02T22:36:31.441" durationms="0.162" />

<exclusive-start id="20" timestamp="2019-08-02T22:36:31.447" intervalms="6.848">
  <response-info timems="0.018" idlems="0.018" threads="0" lastid="0000000000C9AA00" lastname="main" />
</exclusive-start>
<concurrent-collection-start id="21" timestamp="2019-08-02T22:36:31.447" intervalms="1869.213" >
  <concurrent-trace-info reason="card cleaning threshold reached" tracedByMutators="101840" tracedByHelpers="299520" cardsCleaned="2" workStackOverflowCount="0" />
</concurrent-collection-start>
<gc-start id="22" type="global" contextid="18" timestamp="2019-08-02T22:36:31.448">
  <mem-info id="23" free="420080" total="8388608" percent="5">
    <mem type="tenure" free="420080" total="8388608" percent="5">
      <mem type="soa" free="1264" total="7969792" percent="0" />
      <mem type="loa" free="418816" total="418816" percent="100" />
    </mem>
  </mem-info>
</gc-start>
<allocation-stats totalBytes="6574648" >
  <allocated-bytes non-tlh="702304" tlh="5872344" />
  <largest-consumer threadName="main" threadId="0000000000C9AA00" bytes="6567176" />
</allocation-stats>
<gc-op id="24" type="card-cleaning" timems="0.219" contextid="18" timestamp="2019-08-02T22:36:31.448">
  <card-cleaning cardsCleaned="136" bytesTraced="9724" workStackOverflowCount="0" />
</gc-op>
<gc-op id="25" type="mark" timems="0.527" contextid="18" timestamp="2019-08-02T22:36:31.448">
  <trace-info objectcount="1848" scancount="1944" scanbytes="64220" />
  <finalization candidates="13" enqueued="0" />
  <references type="soft" candidates="66" cleared="0" enqueued="0" dynamicThreshold="26" maxThreshold="32" />
  <references type="weak" candidates="173" cleared="31" enqueued="31" />
  <references type="phantom" candidates="86" cleared="1" enqueued="1" />
  <stringconstants candidates="2504" cleared="0"  />
</gc-op>
<gc-op id="26" type="sweep" timems="0.146" contextid="18" timestamp="2019-08-02T22:36:31.449" />
<gc-end id="27" type="global" contextid="18" durationms="1.568" usertimems="0.000" systemtimems="0.000" timestamp="2019-08-02T22:36:31.449" activeThreads="8">
  <mem-info id="28" free="4852384" total="8388608" percent="57">
    <mem type="tenure" free="4852384" total="8388608" percent="57" micro-fragmented="0">
      <mem type="soa" free="4580152" total="7969792" percent="57" />
      <mem type="loa" free="272232" total="418816" percent="65" />
    </mem>
    <pending-finalizers system="0" default="0" reference="32" classloader="0" />
  </mem-info>
</gc-end>
<cycle-end id="29" type="global" contextid="18" timestamp="2019-08-02T22:36:31.449" />
  <attribute name="elasticGC enabled" value="1" />
  <attribute name= "numThreadsSpecified" value="0" />
  <attribute name="heapSize specified" value="0" />
  <attribute name= "numCores" value="8" />
  <attribute name ="GC Interval" value="0" />
  <attribute name ="Control flow" value="2" />
  <attribute name="GC Util Range Max" value="92" />
  <attribute name="Current GC Util" value="23" />
  <attribute name= "Current Time Running" value="558" />
<concurrent-collection-end id="30" timestamp="2019-08-02T22:36:31.449" />
<exclusive-end id="31" timestamp="2019-08-02T22:36:31.449" durationms="1.965" />

<concurrent-kickoff id="32" timestamp="2019-08-02T22:36:31.657">
  <kickoff reason="threshold reached" targetBytes="2057981" thresholdFreeBytes="284375" remainingFree="273496" tenureFreeBytes="273496" />
</concurrent-kickoff>
<exclusive-start id="33" timestamp="2019-08-02T22:36:31.657" intervalms="209.867">
  <response-info timems="0.101" idlems="0.101" threads="0" lastid="0000000000C9AA00" lastname="main" />
</exclusive-start>
<cycle-start id="34" type="global" contextid="0" timestamp="2019-08-02T22:36:31.657" intervalms="216.727" />
<exclusive-end id="35" timestamp="2019-08-02T22:36:31.657" durationms="0.173" />

<exclusive-start id="36" timestamp="2019-08-02T22:36:31.659" intervalms="2.003">
  <response-info timems="0.021" idlems="0.021" threads="0" lastid="0000000000C9AA00" lastname="main" />
</exclusive-start>
<af-start id="37" threadId="0000000000C9B388" totalBytesRequested="88" timestamp="2019-08-02T22:36:31.659" intervalms="770.083" />
<concurrent-aborted id="38" timestamp="2019-08-02T22:36:31.659">
  <reason value="insufficient progress made" />
</concurrent-aborted>
<cycle-end id="39" type="global" contextid="34" timestamp="2019-08-02T22:36:31.659" />
  <attribute name="elasticGC enabled" value="1" />
  <attribute name= "numThreadsSpecified" value="0" />
  <attribute name="heapSize specified" value="0" />
  <attribute name= "numCores" value="8" />
  <attribute name ="GC Interval" value="0" />
  <attribute name ="Control flow" value="3" />
  <attribute name="GC Util Range Max" value="92" />
  <attribute name="Current GC Util" value="0" />
  <attribute name= "Current Time Running" value="769" />
<cycle-start id="40" type="global" contextid="0" timestamp="2019-08-02T22:36:31.660" intervalms="2.323" />
<gc-start id="41" type="global" contextid="40" timestamp="2019-08-02T22:36:31.660">
  <mem-info id="42" free="418816" total="8388608" percent="4">
    <mem type="tenure" free="418816" total="8388608" percent="4">
      <mem type="soa" free="0" total="7969792" percent="0" />
      <mem type="loa" free="418816" total="418816" percent="100" />
    </mem>
  </mem-info>
</gc-start>
<allocation-stats totalBytes="6205768" >
  <allocated-bytes non-tlh="1213688" tlh="4992080" />
  <largest-consumer threadName="main" threadId="0000000000C9AA00" bytes="6203496" />
</allocation-stats>
<gc-op id="43" type="mark" timems="1.926" contextid="40" timestamp="2019-08-02T22:36:31.662">
  <trace-info objectcount="34865" scancount="28077" scanbytes="921100" />
  <finalization candidates="63" enqueued="1" />
  <ownableSynchronizers candidates="17" cleared="0" />
  <references type="soft" candidates="352" cleared="0" enqueued="0" dynamicThreshold="18" maxThreshold="32" />
  <references type="weak" candidates="1597" cleared="474" enqueued="352" />
  <references type="phantom" candidates="99" cleared="5" enqueued="5" />
  <stringconstants candidates="4437" cleared="0"  />
</gc-op>
<gc-op id="44" type="classunload" timems="0.002" contextid="40" timestamp="2019-08-02T22:36:31.662">
  <classunload-info classloadercandidates="8" classloadersunloaded="0" classesunloaded="0" anonymousclassesunloaded="0" quiescems="0.000" setupms="0.001" scanms="0.001" postms="0.000" />
</gc-op>
<gc-op id="45" type="sweep" timems="0.204" contextid="40" timestamp="2019-08-02T22:36:31.662" />
<gc-end id="46" type="global" contextid="40" durationms="3.054" usertimems="0.000" systemtimems="4.000" timestamp="2019-08-02T22:36:31.663" activeThreads="8">
  <mem-info id="47" free="5733760" total="8388608" percent="68">
    <mem type="tenure" free="5733760" total="8388608" percent="68" micro-fragmented="416809">
      <mem type="soa" free="5388232" total="7969792" percent="67" />
      <mem type="loa" free="345528" total="418816" percent="82" />
    </mem>
    <pending-finalizers system="1" default="0" reference="357" classloader="0" />
  </mem-info>
</gc-end>
<cycle-end id="48" type="global" contextid="40" timestamp="2019-08-02T22:36:31.663" />
  <attribute name="elasticGC enabled" value="1" />
  <attribute name= "numThreadsSpecified" value="0" />
  <attribute name="heapSize specified" value="0" />
  <attribute name= "numCores" value="8" />
  <attribute name ="GC Interval" value="0" />
  <attribute name ="Control flow" value="2" />
  <attribute name="GC Util Range Max" value="92" />
  <attribute name="Current GC Util" value="18" />
  <attribute name= "Current Time Running" value="772" />
<allocation-satisfied id="49" threadId="0000000000C9AA00" bytesRequested="88" />
<af-end id="50" timestamp="2019-08-02T22:36:31.663" threadId="0000000000C9B388" success="true" />
<exclusive-end id="51" timestamp="2019-08-02T22:36:31.663" durationms="3.701" />

<exclusive-start id="52" timestamp="2019-08-02T22:36:33.955" intervalms="2295.889">
  <response-info timems="0.030" idlems="0.030" threads="0" lastid="0000000000C9AA00" lastname="main" />
</exclusive-start>
<af-start id="53" threadId="0000000000C9B388" totalBytesRequested="88" timestamp="2019-08-02T22:36:33.955" intervalms="2295.915" />
<cycle-start id="54" type="global" contextid="0" timestamp="2019-08-02T22:36:33.955" intervalms="2295.749" />
<gc-start id="55" type="global" contextid="54" timestamp="2019-08-02T22:36:33.955">
  <mem-info id="56" free="418816" total="8388608" percent="4">
    <mem type="tenure" free="418816" total="8388608" percent="4">
      <mem type="soa" free="0" total="7969792" percent="0" />
      <mem type="loa" free="418816" total="418816" percent="100" />
    </mem>
  </mem-info>
</gc-start>
<allocation-stats totalBytes="5255336" >
  <allocated-bytes non-tlh="1482784" tlh="3772552" />
  <largest-consumer threadName="main" threadId="0000000000C9AA00" bytes="5245752" />
</allocation-stats>
<gc-op id="57" type="mark" timems="1.739" contextid="54" timestamp="2019-08-02T22:36:33.957">
  <trace-info objectcount="41038" scancount="33297" scanbytes="1103496" />
  <finalization candidates="65" enqueued="0" />
  <ownableSynchronizers candidates="17" cleared="0" />
  <references type="soft" candidates="629" cleared="0" enqueued="0" dynamicThreshold="21" maxThreshold="32" />
  <references type="weak" candidates="1607" cleared="41" enqueued="41" />
  <references type="phantom" candidates="98" cleared="3" enqueued="3" />
  <stringconstants candidates="5108" cleared="0"  />
</gc-op>
<gc-op id="58" type="sweep" timems="0.328" contextid="54" timestamp="2019-08-02T22:36:33.958" />
<mem-info id="59" free="5336560" total="8388608" percent="63">
  <mem type="tenure" free="5336560" total="8388608" percent="63" micro-fragmented="483757">
    <mem type="soa" free="4917744" total="7969792" percent="61" />
    <mem type="loa" free="418816" total="418816" percent="100" />
  </mem>
  <pending-finalizers system="0" default="0" reference="44" classloader="0" />
</mem-info>
<gc-op id="60" type="compact" timems="7.917" contextid="54" timestamp="2019-08-02T22:36:33.966">
  <compact-info movecount="41037" movebytes="2363104" reason="no compaction" />
</gc-op>
<gc-end id="61" type="global" contextid="54" durationms="10.535" usertimems="12.000" systemtimems="0.000" timestamp="2019-08-02T22:36:33.966" activeThreads="8">
  <mem-info id="62" free="6025328" total="8388608" percent="71">
    <mem type="tenure" free="6025328" total="8388608" percent="71">
      <mem type="soa" free="5606512" total="7969792" percent="70" />
      <mem type="loa" free="418816" total="418816" percent="100" />
    </mem>
    <pending-finalizers system="0" default="0" reference="44" classloader="0" />
  </mem-info>
</gc-end>
<cycle-end id="63" type="global" contextid="54" timestamp="2019-08-02T22:36:33.966" />
  <attribute name="elasticGC enabled" value="1" />
  <attribute name= "numThreadsSpecified" value="0" />
  <attribute name="heapSize specified" value="8388608" />
  <attribute name= "numCores" value="8" />
  <attribute name ="GC Interval" value="0" />
  <attribute name ="Control flow" value="2" />
  <attribute name="GC Util Range Max" value="92" />
  <attribute name="Current GC Util" value="30" />
  <attribute name= "Current Time Running" value="3076" />
<allocation-satisfied id="64" threadId="0000000000C9AA00" bytesRequested="88" />
<af-end id="65" timestamp="2019-08-02T22:36:33.966" threadId="0000000000C9B388" success="true" />
<exclusive-end id="66" timestamp="2019-08-02T22:36:33.966" durationms="11.195" />

<exclusive-start id="67" timestamp="2019-08-02T22:36:34.123" intervalms="167.574">
  <response-info timems="0.083" idlems="0.083" threads="0" lastid="0000000000C9AA00" lastname="main" />
</exclusive-start>
<af-start id="68" threadId="0000000000C9B388" totalBytesRequested="16392" timestamp="2019-08-02T22:36:34.123" intervalms="167.612" />
<cycle-start id="69" type="global" contextid="0" timestamp="2019-08-02T22:36:34.123" intervalms="167.534" />
<gc-start id="70" type="global" contextid="69" timestamp="2019-08-02T22:36:34.123">
  <mem-info id="71" free="418816" total="8388608" percent="4">
    <mem type="tenure" free="418816" total="8388608" percent="4">
      <mem type="soa" free="0" total="7969792" percent="0" />
      <mem type="loa" free="418816" total="418816" percent="100" />
    </mem>
  </mem-info>
</gc-start>
<allocation-stats totalBytes="5520320" >
  <allocated-bytes non-tlh="598360" tlh="4921960" />
  <largest-consumer threadName="main" threadId="0000000000C9AA00" bytes="5443128" />
</allocation-stats>
<gc-op id="72" type="mark" timems="2.032" contextid="69" timestamp="2019-08-02T22:36:34.125">
  <trace-info objectcount="52752" scancount="43564" scanbytes="1477464" />
  <finalization candidates="80" enqueued="0" />
  <ownableSynchronizers candidates="21" cleared="0" />
  <references type="soft" candidates="967" cleared="0" enqueued="0" dynamicThreshold="22" maxThreshold="32" />
  <references type="weak" candidates="3410" cleared="455" enqueued="307" />
  <references type="phantom" candidates="103" cleared="3" enqueued="3" />
  <stringconstants candidates="6202" cleared="0"  />
</gc-op>
<gc-op id="73" type="sweep" timems="0.261" contextid="69" timestamp="2019-08-02T22:36:34.125" />
<mem-info id="74" free="4706688" total="8388608" percent="56">
  <mem type="tenure" free="4706688" total="8388608" percent="56" micro-fragmented="216611">
    <mem type="soa" free="4287872" total="7969792" percent="53" />
    <mem type="loa" free="418816" total="418816" percent="100" />
  </mem>
  <pending-finalizers system="0" default="0" reference="310" classloader="0" />
</mem-info>
<gc-op id="75" type="compact" timems="11.927" contextid="69" timestamp="2019-08-02T22:36:34.137">
  <compact-info movecount="51998" movebytes="3380520" reason="no compaction" />
</gc-op>
<gc-end id="76" type="global" contextid="69" durationms="14.927" usertimems="24.000" systemtimems="0.000" timestamp="2019-08-02T22:36:34.138" activeThreads="8">
  <mem-info id="77" free="4921472" total="8388608" percent="58">
    <mem type="tenure" free="4921472" total="8388608" percent="58">
      <mem type="soa" free="4502656" total="7969792" percent="56" />
      <mem type="loa" free="418816" total="418816" percent="100" />
    </mem>
    <pending-finalizers system="0" default="0" reference="310" classloader="0" />
  </mem-info>
</gc-end>
<cycle-end id="78" type="global" contextid="69" timestamp="2019-08-02T22:36:34.138" />
  <attribute name="elasticGC enabled" value="1" />
  <attribute name= "numThreadsSpecified" value="0" />
  <attribute name="heapSize specified" value="8388608" />
  <attribute name= "numCores" value="8" />
  <attribute name ="GC Interval" value="0" />
  <attribute name ="Control flow" value="3" />
  <attribute name="GC Util Range Max" value="92" />
  <attribute name="Current GC Util" value="27" />
  <attribute name= "Current Time Running" value="3247" />
<allocation-satisfied id="79" threadId="0000000000C9AA00" bytesRequested="16392" />
<af-end id="80" timestamp="2019-08-02T22:36:34.138" threadId="0000000000C9B388" success="true" />
<exclusive-end id="81" timestamp="2019-08-02T22:36:34.138" durationms="15.523" />

<exclusive-start id="82" timestamp="2019-08-02T22:36:34.239" intervalms="116.208">
  <response-info timems="0.027" idlems="0.027" threads="0" lastid="0000000000C9AA00" lastname="main" />
</exclusive-start>
<af-start id="83" threadId="0000000000C9B388" totalBytesRequested="88" timestamp="2019-08-02T22:36:34.239" intervalms="116.161" />
<cycle-start id="84" type="global" contextid="0" timestamp="2019-08-02T22:36:34.239" intervalms="116.121" />
<gc-start id="85" type="global" contextid="84" timestamp="2019-08-02T22:36:34.239">
  <mem-info id="86" free="418816" total="8388608" percent="4">
    <mem type="tenure" free="418816" total="8388608" percent="4">
      <mem type="soa" free="0" total="7969792" percent="0" />
      <mem type="loa" free="418816" total="418816" percent="100" />
    </mem>
  </mem-info>
</gc-start>
<allocation-stats totalBytes="4563320" >
  <allocated-bytes non-tlh="1089256" tlh="3474064" />
  <largest-consumer threadName="main" threadId="0000000000C9AA00" bytes="4551032" />
</allocation-stats>
<gc-op id="87" type="mark" timems="2.213" contextid="84" timestamp="2019-08-02T22:36:34.241">
  <trace-info objectcount="60542" scancount="49794" scanbytes="1733300" />
  <finalization candidates="80" enqueued="0" />
  <ownableSynchronizers candidates="21" cleared="0" />
  <references type="soft" candidates="1021" cleared="0" enqueued="0" dynamicThreshold="18" maxThreshold="32" />
  <references type="weak" candidates="3058" cleared="3" enqueued="3" />
  <references type="phantom" candidates="100" cleared="0" enqueued="0" />
  <stringconstants candidates="6897" cleared="0"  />
</gc-op>
<gc-op id="88" type="classunload" timems="0.002" contextid="84" timestamp="2019-08-02T22:36:34.241">
  <classunload-info classloadercandidates="11" classloadersunloaded="0" classesunloaded="0" anonymousclassesunloaded="0" quiescems="0.000" setupms="0.002" scanms="0.000" postms="0.000" />
</gc-op>
<gc-op id="89" type="sweep" timems="0.265" contextid="84" timestamp="2019-08-02T22:36:34.242" />
<mem-info id="90" free="4270784" total="8388608" percent="50">
  <mem type="tenure" free="4270784" total="8388608" percent="50" micro-fragmented="71000">
    <mem type="soa" free="3851968" total="7969792" percent="48" />
    <mem type="loa" free="418816" total="418816" percent="100" />
  </mem>
  <pending-finalizers system="0" default="0" reference="3" classloader="0" />
</mem-info>
<gc-op id="91" type="compact" timems="10.281" contextid="84" timestamp="2019-08-02T22:36:34.252">
  <compact-info movecount="43662" movebytes="3259816" reason="no compaction" />
</gc-op>
<gc-end id="92" type="global" contextid="84" durationms="13.292" usertimems="20.000" systemtimems="0.000" timestamp="2019-08-02T22:36:34.252" activeThreads="8">
  <mem-info id="93" free="4370624" total="8388608" percent="52">
    <mem type="tenure" free="4370624" total="8388608" percent="52">
      <mem type="soa" free="3951808" total="7969792" percent="49" />
      <mem type="loa" free="418816" total="418816" percent="100" />
    </mem>
    <pending-finalizers system="0" default="0" reference="3" classloader="0" />
  </mem-info>
</gc-end>
<cycle-end id="94" type="global" contextid="84" timestamp="2019-08-02T22:36:34.252" />
  <attribute name="elasticGC enabled" value="1" />
  <attribute name= "numThreadsSpecified" value="0" />
  <attribute name="heapSize specified" value="8388608" />
  <attribute name= "numCores" value="8" />
  <attribute name ="GC Interval" value="0" />
  <attribute name ="Control flow" value="2" />
  <attribute name="GC Util Range Max" value="92" />
  <attribute name="Current GC Util" value="28" />
  <attribute name= "Current Time Running" value="3362" />
<allocation-satisfied id="95" threadId="0000000000C9AA00" bytesRequested="88" />
<af-end id="96" timestamp="2019-08-02T22:36:34.253" threadId="0000000000C9B388" success="true" />
<exclusive-end id="97" timestamp="2019-08-02T22:36:34.253" durationms="13.845" />

<exclusive-start id="98" timestamp="2019-08-02T22:36:34.331" intervalms="92.593">
  <response-info timems="0.038" idlems="0.038" threads="0" lastid="0000000000C9AA00" lastname="main" />
</exclusive-start>
<af-start id="99" threadId="0000000000C9B388" totalBytesRequested="88" timestamp="2019-08-02T22:36:34.331" intervalms="92.596" />
<cycle-start id="100" type="global" contextid="0" timestamp="2019-08-02T22:36:34.332" intervalms="92.598" />
<gc-start id="101" type="global" contextid="100" timestamp="2019-08-02T22:36:34.332">
  <mem-info id="102" free="418816" total="8388608" percent="4">
    <mem type="tenure" free="418816" total="8388608" percent="4">
      <mem type="soa" free="0" total="7969792" percent="0" />
      <mem type="loa" free="418816" total="418816" percent="100" />
    </mem>
  </mem-info>
</gc-start>
<allocation-stats totalBytes="3927832" >
  <allocated-bytes non-tlh="58352" tlh="3869480" />
  <largest-consumer threadName="main" threadId="0000000000C9AA00" bytes="3927832" />
</allocation-stats>
<gc-op id="103" type="mark" timems="1.419" contextid="100" timestamp="2019-08-02T22:36:34.333">
  <trace-info objectcount="63864" scancount="52787" scanbytes="1840776" />
  <finalization candidates="80" enqueued="0" />
  <ownableSynchronizers candidates="21" cleared="0" />
  <references type="soft" candidates="1021" cleared="0" enqueued="0" dynamicThreshold="16" maxThreshold="32" />
  <references type="weak" candidates="3419" cleared="0" enqueued="0" />
  <references type="phantom" candidates="100" cleared="0" enqueued="0" />
  <stringconstants candidates="7245" cleared="0"  />
</gc-op>
<gc-op id="104" type="sweep" timems="0.259" contextid="100" timestamp="2019-08-02T22:36:34.333" />
<mem-info id="105" free="4125448" total="8388608" percent="49">
  <mem type="tenure" free="4125448" total="8388608" percent="49" micro-fragmented="43273">
    <mem type="soa" free="3706632" total="7969792" percent="46" />
    <mem type="loa" free="418816" total="418816" percent="100" />
  </mem>
</mem-info>
<gc-op id="106" type="compact" timems="9.684" contextid="100" timestamp="2019-08-02T22:36:34.343">
  <compact-info movecount="40579" movebytes="3155328" reason="no compaction" />
</gc-op>
<gc-end id="107" type="global" contextid="100" durationms="11.884" usertimems="16.000" systemtimems="0.000" timestamp="2019-08-02T22:36:34.343" activeThreads="8">
  <mem-info id="108" free="4186144" total="8388608" percent="49">
    <mem type="tenure" free="4186144" total="8388608" percent="49">
      <mem type="soa" free="3767328" total="7969792" percent="47" />
      <mem type="loa" free="418816" total="418816" percent="100" />
    </mem>
  </mem-info>
</gc-end>
<cycle-end id="109" type="global" contextid="100" timestamp="2019-08-02T22:36:34.344" />
  <attribute name="elasticGC enabled" value="1" />
  <attribute name= "numThreadsSpecified" value="0" />
  <attribute name="heapSize specified" value="8388608" />
  <attribute name= "numCores" value="8" />
  <attribute name ="GC Interval" value="0" />
  <attribute name ="Control flow" value="3" />
  <attribute name="GC Util Range Max" value="92" />
  <attribute name="Current GC Util" value="31" />
  <attribute name= "Current Time Running" value="3453" />
<allocation-satisfied id="110" threadId="0000000000C9AA00" bytesRequested="88" />
<af-end id="111" timestamp="2019-08-02T22:36:34.344" threadId="0000000000C9B388" success="true" />
<exclusive-end id="112" timestamp="2019-08-02T22:36:34.344" durationms="12.455" />

<exclusive-start id="113" timestamp="2019-08-02T22:36:34.397" intervalms="66.006">
  <response-info timems="0.033" idlems="0.033" threads="0" lastid="0000000000C9AA00" lastname="main" />
</exclusive-start>
<af-start id="114" threadId="0000000000C9B388" totalBytesRequested="88" timestamp="2019-08-02T22:36:34.397" intervalms="66.029" />
<cycle-start id="115" type="global" contextid="0" timestamp="2019-08-02T22:36:34.398" intervalms="66.059" />
<gc-start id="116" type="global" contextid="115" timestamp="2019-08-02T22:36:34.398">
  <mem-info id="117" free="418816" total="8388608" percent="4">
    <mem type="tenure" free="418816" total="8388608" percent="4">
      <mem type="soa" free="0" total="7969792" percent="0" />
      <mem type="loa" free="418816" total="418816" percent="100" />
    </mem>
  </mem-info>
</gc-start>
<allocation-stats totalBytes="3760848" >
  <allocated-bytes non-tlh="23176" tlh="3737672" />
  <largest-consumer threadName="main" threadId="0000000000C9AA00" bytes="3760848" />
</allocation-stats>
<gc-op id="118" type="mark" timems="1.592" contextid="115" timestamp="2019-08-02T22:36:34.399">
  <trace-info objectcount="68685" scancount="57022" scanbytes="1997696" />
  <finalization candidates="80" enqueued="0" />
  <ownableSynchronizers candidates="21" cleared="0" />
  <references type="soft" candidates="1021" cleared="0" enqueued="0" dynamicThreshold="15" maxThreshold="32" />
  <references type="weak" candidates="3581" cleared="0" enqueued="0" />
  <references type="phantom" candidates="100" cleared="0" enqueued="0" />
  <stringconstants candidates="7382" cleared="0"  />
</gc-op>
<gc-op id="119" type="sweep" timems="0.279" contextid="115" timestamp="2019-08-02T22:36:34.400" />
<mem-info id="120" free="3875800" total="8388608" percent="46">
  <mem type="tenure" free="3875800" total="8388608" percent="46" micro-fragmented="53219">
    <mem type="soa" free="3456984" total="7969792" percent="43" />
    <mem type="loa" free="418816" total="418816" percent="100" />
  </mem>
</mem-info>
<gc-op id="121" type="compact" timems="5.014" contextid="115" timestamp="2019-08-02T22:36:34.405">
  <compact-info movecount="15375" movebytes="690816" reason="no compaction" />
</gc-op>
<gc-end id="122" type="global" contextid="115" durationms="7.492" usertimems="12.000" systemtimems="0.000" timestamp="2019-08-02T22:36:34.405" activeThreads="8">
  <mem-info id="123" free="4004568" total="8388608" percent="47">
    <mem type="tenure" free="4004568" total="8388608" percent="47">
      <mem type="soa" free="3585752" total="7969792" percent="44" />
      <mem type="loa" free="418816" total="418816" percent="100" />
    </mem>
  </mem-info>
</gc-end>
<cycle-end id="124" type="global" contextid="115" timestamp="2019-08-02T22:36:34.405" />
  <attribute name="elasticGC enabled" value="1" />
  <attribute name= "numThreadsSpecified" value="0" />
  <attribute name="heapSize specified" value="8388608" />
  <attribute name= "numCores" value="8" />
  <attribute name ="GC Interval" value="0" />
  <attribute name ="Control flow" value="3" />
  <attribute name="GC Util Range Max" value="92" />
  <attribute name="Current GC Util" value="40" />
  <attribute name= "Current Time Running" value="3515" />
<allocation-satisfied id="125" threadId="0000000000C9AA00" bytesRequested="88" />
<af-end id="126" timestamp="2019-08-02T22:36:34.405" threadId="0000000000C9B388" success="true" />
<exclusive-end id="127" timestamp="2019-08-02T22:36:34.405" durationms="8.098" />

<exclusive-start id="128" timestamp="2019-08-02T22:36:34.450" intervalms="52.540">
  <response-info timems="0.036" idlems="0.036" threads="0" lastid="0000000000C9AA00" lastname="main" />
</exclusive-start>
<af-start id="129" threadId="0000000000C9B388" totalBytesRequested="88" timestamp="2019-08-02T22:36:34.450" intervalms="52.514" />
<cycle-start id="130" type="global" contextid="0" timestamp="2019-08-02T22:36:34.450" intervalms="52.483" />
<gc-start id="131" type="global" contextid="130" timestamp="2019-08-02T22:36:34.450">
  <mem-info id="132" free="418816" total="8388608" percent="4">
    <mem type="tenure" free="418816" total="8388608" percent="4">
      <mem type="soa" free="0" total="7969792" percent="0" />
      <mem type="loa" free="418816" total="418816" percent="100" />
    </mem>
  </mem-info>
</gc-start>
<allocation-stats totalBytes="3584168" >
  <allocated-bytes non-tlh="19536" tlh="3564632" />
  <largest-consumer threadName="main" threadId="0000000000C9AA00" bytes="3584168" />
</allocation-stats>
<gc-op id="133" type="mark" timems="2.104" contextid="130" timestamp="2019-08-02T22:36:34.452">
  <trace-info objectcount="73270" scancount="61033" scanbytes="2147740" />
  <finalization candidates="80" enqueued="0" />
  <ownableSynchronizers candidates="21" cleared="0" />
  <references type="soft" candidates="1021" cleared="0" enqueued="0" dynamicThreshold="15" maxThreshold="32" />
  <references type="weak" candidates="3731" cleared="0" enqueued="0" />
  <references type="phantom" candidates="100" cleared="0" enqueued="0" />
  <stringconstants candidates="7493" cleared="0"  />
</gc-op>
<gc-op id="134" type="sweep" timems="0.214" contextid="130" timestamp="2019-08-02T22:36:34.453" />
<gc-end id="135" type="global" contextid="130" durationms="3.106" usertimems="8.000" systemtimems="0.000" timestamp="2019-08-02T22:36:34.453" activeThreads="8">
  <mem-info id="136" free="3735408" total="8388608" percent="44">
    <mem type="tenure" free="3735408" total="8388608" percent="44" micro-fragmented="39855">
      <mem type="soa" free="3328600" total="7969792" percent="41" />
      <mem type="loa" free="406808" total="418816" percent="97" />
    </mem>
  </mem-info>
</gc-end>
<cycle-end id="137" type="global" contextid="130" timestamp="2019-08-02T22:36:34.453" />
  <attribute name="elasticGC enabled" value="1" />
  <attribute name= "numThreadsSpecified" value="0" />
  <attribute name="heapSize specified" value="8388608" />
  <attribute name= "numCores" value="8" />
  <attribute name ="GC Interval" value="0" />
  <attribute name ="Control flow" value="3" />
  <attribute name="GC Util Range Max" value="92" />
  <attribute name="Current GC Util" value="29" />
  <attribute name= "Current Time Running" value="3563" />
<allocation-satisfied id="138" threadId="0000000000C9AA00" bytesRequested="88" />
<af-end id="139" timestamp="2019-08-02T22:36:34.453" threadId="0000000000C9B388" success="true" />
<exclusive-end id="140" timestamp="2019-08-02T22:36:34.453" durationms="3.515" />

<exclusive-start id="141" timestamp="2019-08-02T22:36:34.496" intervalms="46.302">
  <response-info timems="0.086" idlems="0.086" threads="0" lastid="0000000000C9AA00" lastname="main" />
</exclusive-start>
<af-start id="142" threadId="0000000000C9B388" totalBytesRequested="16" timestamp="2019-08-02T22:36:34.496" intervalms="46.341" />
<cycle-start id="143" type="global" contextid="0" timestamp="2019-08-02T22:36:34.497" intervalms="46.518" />
<gc-start id="144" type="global" contextid="143" timestamp="2019-08-02T22:36:34.497">
  <mem-info id="145" free="418816" total="8388608" percent="4">
    <mem type="tenure" free="418816" total="8388608" percent="4">
      <mem type="soa" free="0" total="7969792" percent="0" />
      <mem type="loa" free="418816" total="418816" percent="100" />
    </mem>
  </mem-info>
</gc-start>
<allocation-stats totalBytes="3285464" >
  <allocated-bytes non-tlh="829872" tlh="2455592" />
  <largest-consumer threadName="main" threadId="0000000000C9AA00" bytes="3285464" />
</allocation-stats>
<gc-op id="146" type="mark" timems="2.571" contextid="143" timestamp="2019-08-02T22:36:34.499">
  <trace-info objectcount="75201" scancount="62755" scanbytes="2191784" />
  <finalization candidates="80" enqueued="0" />
  <ownableSynchronizers candidates="21" cleared="0" />
  <references type="soft" candidates="1023" cleared="0" enqueued="0" dynamicThreshold="14" maxThreshold="32" />
  <references type="weak" candidates="3770" cleared="5" enqueued="5" />
  <references type="phantom" candidates="99" cleared="0" enqueued="0" />
  <stringconstants candidates="7623" cleared="0"  />
</gc-op>
<gc-op id="147" type="sweep" timems="0.394" contextid="143" timestamp="2019-08-02T22:36:34.500" />
<mem-info id="148" free="3537000" total="8388608" percent="42">
  <mem type="tenure" free="3537000" total="8388608" percent="42" micro-fragmented="211987">
    <mem type="soa" free="3118184" total="7969792" percent="39" />
    <mem type="loa" free="418816" total="418816" percent="100" />
  </mem>
  <pending-finalizers system="0" default="0" reference="5" classloader="0" />
</mem-info>
<gc-op id="149" type="compact" timems="10.829" contextid="143" timestamp="2019-08-02T22:36:34.511">
  <compact-info movecount="40748" movebytes="2294920" reason="no compaction" />
</gc-op>
<gc-end id="150" type="global" contextid="143" durationms="14.469" usertimems="24.000" systemtimems="0.000" timestamp="2019-08-02T22:36:34.511" activeThreads="8">
  <mem-info id="151" free="4008216" total="8388608" percent="47">
    <mem type="tenure" free="4008216" total="8388608" percent="47">
      <mem type="soa" free="3589400" total="7969792" percent="45" />
      <mem type="loa" free="418816" total="418816" percent="100" />
    </mem>
    <pending-finalizers system="0" default="0" reference="5" classloader="0" />
  </mem-info>
</gc-end>
<cycle-end id="152" type="global" contextid="143" timestamp="2019-08-02T22:36:34.511" />
  <attribute name="elasticGC enabled" value="1" />
  <attribute name= "numThreadsSpecified" value="0" />
  <attribute name="heapSize specified" value="8388608" />
  <attribute name= "numCores" value="8" />
  <attribute name ="GC Interval" value="0" />
  <attribute name ="Control flow" value="3" />
  <attribute name="GC Util Range Max" value="92" />
  <attribute name="Current GC Util" value="45" />
  <attribute name= "Current Time Running" value="3621" />
<allocation-satisfied id="153" threadId="0000000000C9AA00" bytesRequested="16" />
<af-end id="154" timestamp="2019-08-02T22:36:34.511" threadId="0000000000C9B388" success="true" />
<exclusive-end id="155" timestamp="2019-08-02T22:36:34.511" durationms="15.256" />

<exclusive-start id="156" timestamp="2019-08-02T22:36:34.569" intervalms="72.789">
  <response-info timems="0.029" idlems="0.029" threads="0" lastid="0000000000C9AA00" lastname="main" />
</exclusive-start>
<af-start id="157" threadId="0000000000C9B388" totalBytesRequested="32" timestamp="2019-08-02T22:36:34.569" intervalms="72.793" />
<cycle-start id="158" type="global" contextid="0" timestamp="2019-08-02T22:36:34.569" intervalms="72.662" />
<gc-start id="159" type="global" contextid="158" timestamp="2019-08-02T22:36:34.569">
  <mem-info id="160" free="418816" total="8388608" percent="4">
    <mem type="tenure" free="418816" total="8388608" percent="4">
      <mem type="soa" free="0" total="7969792" percent="0" />
      <mem type="loa" free="418816" total="418816" percent="100" />
    </mem>
  </mem-info>
</gc-start>
<allocation-stats totalBytes="3588392" >
  <allocated-bytes non-tlh="354968" tlh="3233424" />
  <largest-consumer threadName="main" threadId="0000000000C9AA00" bytes="3588392" />
</allocation-stats>
<gc-op id="161" type="mark" timems="1.673" contextid="158" timestamp="2019-08-02T22:36:34.571">
  <trace-info objectcount="69491" scancount="57692" scanbytes="2043316" />
  <finalization candidates="80" enqueued="0" />
  <ownableSynchronizers candidates="21" cleared="0" />
  <references type="soft" candidates="1095" cleared="0" enqueued="0" dynamicThreshold="15" maxThreshold="32" />
  <references type="weak" candidates="3813" cleared="2" enqueued="2" />
  <references type="phantom" candidates="102" cleared="1" enqueued="1" />
  <stringconstants candidates="7820" cleared="0"  />
</gc-op>
<gc-op id="162" type="sweep" timems="0.335" contextid="158" timestamp="2019-08-02T22:36:34.572" />
<mem-info id="163" free="3747680" total="8388608" percent="44">
  <mem type="tenure" free="3747680" total="8388608" percent="44" micro-fragmented="163350">
    <mem type="soa" free="3328864" total="7969792" percent="41" />
    <mem type="loa" free="418816" total="418816" percent="100" />
  </mem>
  <pending-finalizers system="0" default="0" reference="3" classloader="0" />
</mem-info>
<gc-op id="164" type="compact" timems="11.446" contextid="158" timestamp="2019-08-02T22:36:34.583">
  <compact-info movecount="48565" movebytes="3486344" reason="no compaction" />
</gc-op>
<gc-end id="165" type="global" contextid="158" durationms="14.113" usertimems="20.000" systemtimems="0.000" timestamp="2019-08-02T22:36:34.583" activeThreads="8">
  <mem-info id="166" free="3869528" total="8388608" percent="46">
    <mem type="tenure" free="3869528" total="8388608" percent="46">
      <mem type="soa" free="3450712" total="7969792" percent="43" />
      <mem type="loa" free="418816" total="418816" percent="100" />
    </mem>
    <pending-finalizers system="0" default="0" reference="3" classloader="0" />
  </mem-info>
</gc-end>
<cycle-end id="167" type="global" contextid="158" timestamp="2019-08-02T22:36:34.584" />
  <attribute name="elasticGC enabled" value="1" />
  <attribute name= "numThreadsSpecified" value="0" />
  <attribute name="heapSize specified" value="8388608" />
  <attribute name= "numCores" value="8" />
  <attribute name ="GC Interval" value="0" />
  <attribute name ="Control flow" value="3" />
  <attribute name="GC Util Range Max" value="92" />
  <attribute name="Current GC Util" value="30" />
  <attribute name= "Current Time Running" value="3693" />
<allocation-satisfied id="168" threadId="0000000000C9AA00" bytesRequested="32" />
<af-end id="169" timestamp="2019-08-02T22:36:34.584" threadId="0000000000C9B388" success="true" />
<exclusive-end id="170" timestamp="2019-08-02T22:36:34.584" durationms="14.797" />

<exclusive-start id="171" timestamp="2019-08-02T22:36:34.612" intervalms="42.879">
  <response-info timems="0.069" idlems="0.069" threads="0" lastid="0000000000C9AA00" lastname="main" />
</exclusive-start>
<af-start id="172" threadId="0000000000C9B388" totalBytesRequested="32" timestamp="2019-08-02T22:36:34.612" intervalms="42.869" />
<cycle-start id="173" type="global" contextid="0" timestamp="2019-08-02T22:36:34.612" intervalms="42.824" />
<gc-start id="174" type="global" contextid="173" timestamp="2019-08-02T22:36:34.612">
  <mem-info id="175" free="418816" total="8388608" percent="4">
    <mem type="tenure" free="418816" total="8388608" percent="4">
      <mem type="soa" free="0" total="7969792" percent="0" />
      <mem type="loa" free="418816" total="418816" percent="100" />
    </mem>
  </mem-info>
</gc-start>
<allocation-stats totalBytes="3515968" >
  <allocated-bytes non-tlh="4760" tlh="3511208" />
  <largest-consumer threadName="main" threadId="0000000000C9AA00" bytes="3511872" />
</allocation-stats>
<gc-op id="176" type="mark" timems="3.823" contextid="173" timestamp="2019-08-02T22:36:34.616">
  <trace-info objectcount="73970" scancount="61663" scanbytes="2192588" />
  <finalization candidates="80" enqueued="0" />
  <ownableSynchronizers candidates="21" cleared="0" />
  <references type="soft" candidates="1095" cleared="0" enqueued="0" dynamicThreshold="14" maxThreshold="32" />
  <references type="weak" candidates="3849" cleared="0" enqueued="0" />
  <references type="phantom" candidates="101" cleared="0" enqueued="0" />
  <stringconstants candidates="7846" cleared="0"  />
</gc-op>
<gc-op id="177" type="sweep" timems="0.243" contextid="173" timestamp="2019-08-02T22:36:34.616" />
<gc-end id="178" type="global" contextid="173" durationms="4.952" usertimems="12.000" systemtimems="0.000" timestamp="2019-08-02T22:36:34.617" activeThreads="8">
  <mem-info id="179" free="3631472" total="8388608" percent="43">
    <mem type="tenure" free="3631472" total="8388608" percent="43" micro-fragmented="90432">
      <mem type="soa" free="3218800" total="7969792" percent="40" />
      <mem type="loa" free="412672" total="418816" percent="98" />
    </mem>
  </mem-info>
</gc-end>
<cycle-end id="180" type="global" contextid="173" timestamp="2019-08-02T22:36:34.617" />
  <attribute name="elasticGC enabled" value="1" />
  <attribute name= "numThreadsSpecified" value="0" />
  <attribute name="heapSize specified" value="8388608" />
  <attribute name= "numCores" value="8" />
  <attribute name ="GC Interval" value="0" />
  <attribute name ="Control flow" value="2" />
  <attribute name="GC Util Range Max" value="92" />
  <attribute name="Current GC Util" value="27" />
  <attribute name= "Current Time Running" value="3726" />
<allocation-satisfied id="181" threadId="0000000000C9AA00" bytesRequested="32" />
<af-end id="182" timestamp="2019-08-02T22:36:34.617" threadId="0000000000C9B388" success="true" />
<exclusive-end id="183" timestamp="2019-08-02T22:36:34.617" durationms="5.403" />

<exclusive-start id="184" timestamp="2019-08-02T22:36:34.638" intervalms="26.483">
  <response-info timems="0.055" idlems="0.055" threads="0" lastid="0000000000C9AA00" lastname="main" />
</exclusive-start>
<af-start id="185" threadId="0000000000C9B388" totalBytesRequested="23280" timestamp="2019-08-02T22:36:34.638" intervalms="26.444" />
<cycle-start id="186" type="global" contextid="0" timestamp="2019-08-02T22:36:34.639" intervalms="26.548" />
<gc-start id="187" type="global" contextid="186" timestamp="2019-08-02T22:36:34.639">
  <mem-info id="188" free="778664" total="8388608" percent="9">
    <mem type="tenure" free="778664" total="8388608" percent="9">
      <mem type="soa" free="359848" total="7969792" percent="4" />
      <mem type="loa" free="418816" total="418816" percent="100" />
    </mem>
  </mem-info>
</gc-start>
<allocation-stats totalBytes="2831160" >
  <allocated-bytes non-tlh="50608" tlh="2780552" />
  <largest-consumer threadName="main" threadId="0000000000C9AA00" bytes="2831160" />
</allocation-stats>
<gc-op id="189" type="mark" timems="4.468" contextid="186" timestamp="2019-08-02T22:36:34.643">
  <trace-info objectcount="78537" scancount="65761" scanbytes="2346168" />
  <finalization candidates="80" enqueued="0" />
  <ownableSynchronizers candidates="21" cleared="0" />
  <references type="soft" candidates="1095" cleared="0" enqueued="0" dynamicThreshold="13" maxThreshold="32" />
  <references type="weak" candidates="3862" cleared="0" enqueued="0" />
  <references type="phantom" candidates="102" cleared="0" enqueued="0" />
  <stringconstants candidates="7855" cleared="0"  />
</gc-op>
<gc-op id="190" type="sweep" timems="0.391" contextid="186" timestamp="2019-08-02T22:36:34.644" />
<mem-info id="191" free="3246872" total="8388608" percent="38">
  <mem type="tenure" free="3246872" total="8388608" percent="38" micro-fragmented="153670">
    <mem type="soa" free="2828056" total="7969792" percent="35" />
    <mem type="loa" free="418816" total="418816" percent="100" />
  </mem>
</mem-info>
<gc-op id="192" type="compact" timems="6.819" contextid="186" timestamp="2019-08-02T22:36:34.651">
  <compact-info movecount="21167" movebytes="1280416" reason="no compaction" />
</gc-op>
<gc-end id="193" type="global" contextid="186" durationms="12.259" usertimems="20.000" systemtimems="0.000" timestamp="2019-08-02T22:36:34.651" activeThreads="8">
  <mem-info id="194" free="3514496" total="8388608" percent="41">
    <mem type="tenure" free="3514496" total="8388608" percent="41">
      <mem type="soa" free="3095680" total="7969792" percent="38" />
      <mem type="loa" free="418816" total="418816" percent="100" />
    </mem>
  </mem-info>
</gc-end>
<cycle-end id="195" type="global" contextid="186" timestamp="2019-08-02T22:36:34.651" />
  <attribute name="elasticGC enabled" value="1" />
  <attribute name= "numThreadsSpecified" value="0" />
  <attribute name="heapSize specified" value="8388608" />
  <attribute name= "numCores" value="8" />
  <attribute name ="GC Interval" value="0" />
  <attribute name ="Control flow" value="3" />
  <attribute name="GC Util Range Max" value="92" />
  <attribute name="Current GC Util" value="45" />
  <attribute name= "Current Time Running" value="3761" />
<allocation-satisfied id="196" threadId="0000000000C9AA00" bytesRequested="23280" />
<af-end id="197" timestamp="2019-08-02T22:36:34.651" threadId="0000000000C9B388" success="true" />
<exclusive-end id="198" timestamp="2019-08-02T22:36:34.651" durationms="12.920" />

<exclusive-start id="199" timestamp="2019-08-02T22:36:34.681" intervalms="42.155">
  <response-info timems="0.118" idlems="0.118" threads="0" lastid="0000000000C9AA00" lastname="main" />
</exclusive-start>
<af-start id="200" threadId="0000000000C9B388" totalBytesRequested="48" timestamp="2019-08-02T22:36:34.681" intervalms="42.213" />
<cycle-start id="201" type="global" contextid="0" timestamp="2019-08-02T22:36:34.681" intervalms="42.152" />
<gc-start id="202" type="global" contextid="201" timestamp="2019-08-02T22:36:34.681">
  <mem-info id="203" free="418816" total="8388608" percent="4">
    <mem type="tenure" free="418816" total="8388608" percent="4">
      <mem type="soa" free="0" total="7969792" percent="0" />
      <mem type="loa" free="418816" total="418816" percent="100" />
    </mem>
  </mem-info>
</gc-start>
<allocation-stats totalBytes="3117928" >
  <allocated-bytes non-tlh="23752" tlh="3094176" />
  <largest-consumer threadName="main" threadId="0000000000C9AA00" bytes="3117928" />
</allocation-stats>
<gc-op id="204" type="mark" timems="3.511" contextid="201" timestamp="2019-08-02T22:36:34.685">
  <trace-info objectcount="82609" scancount="69198" scanbytes="2429844" />
  <finalization candidates="80" enqueued="0" />
  <ownableSynchronizers candidates="21" cleared="0" />
  <references type="soft" candidates="1095" cleared="10" enqueued="10" dynamicThreshold="13" maxThreshold="32" />
  <references type="weak" candidates="3865" cleared="0" enqueued="0" />
  <references type="phantom" candidates="100" cleared="0" enqueued="0" />
  <stringconstants candidates="7862" cleared="0"  />
</gc-op>
<gc-op id="205" type="sweep" timems="0.404" contextid="201" timestamp="2019-08-02T22:36:34.685" />
<mem-info id="206" free="3290624" total="8388608" percent="39">
  <mem type="tenure" free="3290624" total="8388608" percent="39" micro-fragmented="274820">
    <mem type="soa" free="2871808" total="7969792" percent="36" />
    <mem type="loa" free="418816" total="418816" percent="100" />
  </mem>
  <pending-finalizers system="0" default="0" reference="10" classloader="0" />
</mem-info>
<gc-op id="207" type="compact" timems="17.952" contextid="201" timestamp="2019-08-02T22:36:34.703">
  <compact-info movecount="71679" movebytes="4229088" reason="no compaction" />
</gc-op>
<gc-end id="208" type="global" contextid="201" durationms="22.664" usertimems="32.000" systemtimems="0.000" timestamp="2019-08-02T22:36:34.704" activeThreads="8">
  <mem-info id="209" free="3612584" total="8388608" percent="43">
    <mem type="tenure" free="3612584" total="8388608" percent="43">
      <mem type="soa" free="3193768" total="7969792" percent="40" />
      <mem type="loa" free="418816" total="418816" percent="100" />
    </mem>
    <pending-finalizers system="0" default="0" reference="10" classloader="0" />
  </mem-info>
</gc-end>
<cycle-end id="210" type="global" contextid="201" timestamp="2019-08-02T22:36:34.704" />
  <attribute name="elasticGC enabled" value="1" />
  <attribute name= "numThreadsSpecified" value="0" />
  <attribute name="heapSize specified" value="8388608" />
  <attribute name= "numCores" value="8" />
  <attribute name ="GC Interval" value="0" />
  <attribute name ="Control flow" value="3" />
  <attribute name="GC Util Range Max" value="92" />
  <attribute name="Current GC Util" value="38" />
  <attribute name= "Current Time Running" value="3813" />
<allocation-satisfied id="211" threadId="0000000000C9AA00" bytesRequested="48" />
<af-end id="212" timestamp="2019-08-02T22:36:34.704" threadId="0000000000C9B388" success="true" />
<exclusive-end id="213" timestamp="2019-08-02T22:36:34.704" durationms="23.582" />

<exclusive-start id="214" timestamp="2019-08-02T22:36:34.763" intervalms="82.464">
  <response-info timems="0.030" idlems="0.030" threads="0" lastid="0000000000C9AA00" lastname="main" />
</exclusive-start>
<af-start id="215" threadId="0000000000C9B388" totalBytesRequested="32" timestamp="2019-08-02T22:36:34.763" intervalms="82.452" />
<cycle-start id="216" type="global" contextid="0" timestamp="2019-08-02T22:36:34.763" intervalms="82.450" />
<gc-start id="217" type="global" contextid="216" timestamp="2019-08-02T22:36:34.763">
  <mem-info id="218" free="418816" total="8388608" percent="4">
    <mem type="tenure" free="418816" total="8388608" percent="4">
      <mem type="soa" free="0" total="7969792" percent="0" />
      <mem type="loa" free="418816" total="418816" percent="100" />
    </mem>
  </mem-info>
</gc-start>
<allocation-stats totalBytes="3258736" >
  <allocated-bytes non-tlh="256744" tlh="3001992" />
  <largest-consumer threadName="main" threadId="0000000000C9AA00" bytes="3258736" />
</allocation-stats>
<heap-resize id="219" type="loa contract" space="tenure" amount="83968" count="1" timems="0.000" reason="contract underutilized loa" timestamp="2019-08-02T22:36:34.764" />
<gc-op id="220" type="mark" timems="5.661" contextid="216" timestamp="2019-08-02T22:36:34.769">
  <trace-info objectcount="72697" scancount="60477" scanbytes="2109840" />
  <finalization candidates="80" enqueued="0" />
  <ownableSynchronizers candidates="21" cleared="0" />
  <references type="soft" candidates="1309" cleared="0" enqueued="0" dynamicThreshold="13" maxThreshold="32" />
  <references type="weak" candidates="4245" cleared="8" enqueued="7" />
  <references type="phantom" candidates="101" cleared="0" enqueued="0" />
  <stringconstants candidates="8296" cleared="0"  />
</gc-op>
<gc-op id="221" type="classunload" timems="0.003" contextid="216" timestamp="2019-08-02T22:36:34.769">
  <classunload-info classloadercandidates="14" classloadersunloaded="0" classesunloaded="0" anonymousclassesunloaded="0" quiescems="0.000" setupms="0.002" scanms="0.000" postms="0.001" />
</gc-op>
<gc-op id="222" type="sweep" timems="0.358" contextid="216" timestamp="2019-08-02T22:36:34.770" />
<mem-info id="223" free="3654968" total="8388608" percent="43">
  <mem type="tenure" free="3654968" total="8388608" percent="43" micro-fragmented="146588">
    <mem type="soa" free="3320120" total="8053760" percent="41" />
    <mem type="loa" free="334848" total="334848" percent="100" />
  </mem>
  <pending-finalizers system="0" default="0" reference="7" classloader="0" />
</mem-info>
<gc-op id="224" type="compact" timems="15.788" contextid="216" timestamp="2019-08-02T22:36:34.786">
  <compact-info movecount="61877" movebytes="4068768" reason="no compaction" />
</gc-op>
<gc-end id="225" type="global" contextid="216" durationms="22.700" usertimems="36.000" systemtimems="0.000" timestamp="2019-08-02T22:36:34.786" activeThreads="8">
  <mem-info id="226" free="3780248" total="8388608" percent="45">
    <mem type="tenure" free="3780248" total="8388608" percent="45">
      <mem type="soa" free="3445400" total="8053760" percent="42" />
      <mem type="loa" free="334848" total="334848" percent="100" />
    </mem>
    <pending-finalizers system="0" default="0" reference="7" classloader="0" />
  </mem-info>
</gc-end>
<cycle-end id="227" type="global" contextid="216" timestamp="2019-08-02T22:36:34.788" />
  <attribute name="elasticGC enabled" value="1" />
  <attribute name= "numThreadsSpecified" value="0" />
  <attribute name="heapSize specified" value="8388608" />
  <attribute name= "numCores" value="8" />
  <attribute name ="GC Interval" value="0" />
  <attribute name ="Control flow" value="2" />
  <attribute name="GC Util Range Max" value="92" />
  <attribute name="Current GC Util" value="36" />
  <attribute name= "Current Time Running" value="3896" />
<allocation-satisfied id="228" threadId="0000000000C9AA00" bytesRequested="32" />
<af-end id="229" timestamp="2019-08-02T22:36:34.789" threadId="0000000000C9B388" success="true" />
<exclusive-end id="230" timestamp="2019-08-02T22:36:34.789" durationms="25.793" />

<exclusive-start id="231" timestamp="2019-08-02T22:36:34.800" intervalms="37.064">
  <response-info timems="0.035" idlems="0.035" threads="0" lastid="0000000000C9AA00" lastname="main" />
</exclusive-start>
<af-start id="232" threadId="0000000000C9B388" totalBytesRequested="40" timestamp="2019-08-02T22:36:34.800" intervalms="37.013" />
<cycle-start id="233" type="global" contextid="0" timestamp="2019-08-02T22:36:34.800" intervalms="36.967" />
<gc-start id="234" type="global" contextid="233" timestamp="2019-08-02T22:36:34.800">
  <mem-info id="235" free="334848" total="8388608" percent="3">
    <mem type="tenure" free="334848" total="8388608" percent="3">
      <mem type="soa" free="0" total="8053760" percent="0" />
      <mem type="loa" free="334848" total="334848" percent="100" />
    </mem>
  </mem-info>
</gc-start>
<allocation-stats totalBytes="3510376" >
  <allocated-bytes non-tlh="448" tlh="3509928" />
  <largest-consumer threadName="main" threadId="0000000000C9AA00" bytes="3510376" />
</allocation-stats>
<heap-resize id="236" type="loa contract" space="tenure" amount="83968" count="1" timems="0.000" reason="contract underutilized loa" timestamp="2019-08-02T22:36:34.800" />
<gc-op id="237" type="mark" timems="4.221" contextid="233" timestamp="2019-08-02T22:36:34.805">
  <trace-info objectcount="78701" scancount="65917" scanbytes="2309260" />
  <finalization candidates="80" enqueued="0" />
  <ownableSynchronizers candidates="21" cleared="0" />
  <references type="soft" candidates="1309" cleared="0" enqueued="0" dynamicThreshold="14" maxThreshold="32" />
  <references type="weak" candidates="4237" cleared="0" enqueued="0" />
  <references type="phantom" candidates="101" cleared="0" enqueued="0" />
  <stringconstants candidates="8299" cleared="0"  />
</gc-op>
<gc-op id="238" type="sweep" timems="0.265" contextid="233" timestamp="2019-08-02T22:36:34.805" />
<gc-end id="239" type="global" contextid="233" durationms="5.470" usertimems="12.000" systemtimems="0.000" timestamp="2019-08-02T22:36:34.806" activeThreads="8">
  <mem-info id="240" free="3415904" total="8388608" percent="40">
    <mem type="tenure" free="3415904" total="8388608" percent="40" micro-fragmented="79001">
      <mem type="soa" free="3166528" total="8137728" percent="38" />
      <mem type="loa" free="249376" total="250880" percent="99" />
    </mem>
  </mem-info>
</gc-end>
<cycle-end id="241" type="global" contextid="233" timestamp="2019-08-02T22:36:34.806" />
  <attribute name="elasticGC enabled" value="1" />
  <attribute name= "numThreadsSpecified" value="0" />
  <attribute name="heapSize specified" value="8388608" />
  <attribute name= "numCores" value="8" />
  <attribute name ="GC Interval" value="0" />
  <attribute name ="Control flow" value="3" />
  <attribute name="GC Util Range Max" value="92" />
  <attribute name="Current GC Util" value="28" />
  <attribute name= "Current Time Running" value="3915" />
<allocation-satisfied id="242" threadId="0000000000C9AA00" bytesRequested="40" />
<af-end id="243" timestamp="2019-08-02T22:36:34.806" threadId="0000000000C9B388" success="true" />
<exclusive-end id="244" timestamp="2019-08-02T22:36:34.806" durationms="6.007" />

<concurrent-kickoff id="245" timestamp="2019-08-02T22:36:34.823">
  <kickoff reason="threshold reached" targetBytes="1930185" thresholdFreeBytes="267042" remainingFree="249376" tenureFreeBytes="249376" />
</concurrent-kickoff>
<exclusive-start id="246" timestamp="2019-08-02T22:36:34.823" intervalms="23.352">
  <response-info timems="0.070" idlems="0.070" threads="0" lastid="0000000000C9AA00" lastname="main" />
</exclusive-start>
<cycle-start id="247" type="global" contextid="0" timestamp="2019-08-02T22:36:34.823" intervalms="23.310" />
<exclusive-end id="248" timestamp="2019-08-02T22:36:34.824" durationms="0.168" />

<exclusive-start id="249" timestamp="2019-08-02T22:36:34.824" intervalms="1.047">
  <response-info timems="0.017" idlems="0.017" threads="0" lastid="0000000000C9AA00" lastname="main" />
</exclusive-start>
<af-start id="250" threadId="0000000000C9B388" totalBytesRequested="56" timestamp="2019-08-02T22:36:34.825" intervalms="24.432" />
<concurrent-aborted id="251" timestamp="2019-08-02T22:36:34.825">
  <reason value="insufficient progress made" />
</concurrent-aborted>
<cycle-end id="252" type="global" contextid="247" timestamp="2019-08-02T22:36:34.825" />
  <attribute name="elasticGC enabled" value="1" />
  <attribute name= "numThreadsSpecified" value="0" />
  <attribute name="heapSize specified" value="8388608" />
  <attribute name= "numCores" value="8" />
  <attribute name ="GC Interval" value="0" />
  <attribute name ="Control flow" value="3" />
  <attribute name="GC Util Range Max" value="92" />
  <attribute name="Current GC Util" value="26" />
  <attribute name= "Current Time Running" value="3935" />
<cycle-start id="253" type="global" contextid="0" timestamp="2019-08-02T22:36:34.825" intervalms="1.471" />
<gc-start id="254" type="global" contextid="253" timestamp="2019-08-02T22:36:34.825">
  <mem-info id="255" free="250880" total="8388608" percent="2">
    <mem type="tenure" free="250880" total="8388608" percent="2">
      <mem type="soa" free="0" total="8137728" percent="0" />
      <mem type="loa" free="250880" total="250880" percent="100" />
    </mem>
  </mem-info>
</gc-start>
<allocation-stats totalBytes="3180880" >
  <allocated-bytes non-tlh="79408" tlh="3101472" />
  <largest-consumer threadName="main" threadId="0000000000C9AA00" bytes="3180880" />
</allocation-stats>
<heap-resize id="256" type="loa contract" space="tenure" amount="83968" count="1" timems="0.000" reason="contract underutilized loa" timestamp="2019-08-02T22:36:34.825" />
<gc-op id="257" type="mark" timems="6.214" contextid="253" timestamp="2019-08-02T22:36:34.832">
  <trace-info objectcount="81417" scancount="68665" scanbytes="2381596" />
  <finalization candidates="80" enqueued="0" />
  <ownableSynchronizers candidates="21" cleared="0" />
  <references type="soft" candidates="1309" cleared="86" enqueued="81" dynamicThreshold="13" maxThreshold="32" />
  <references type="weak" candidates="4255" cleared="0" enqueued="0" />
  <references type="phantom" candidates="100" cleared="0" enqueued="0" />
  <stringconstants candidates="8310" cleared="0"  />
</gc-op>
<gc-op id="258" type="sweep" timems="0.409" contextid="253" timestamp="2019-08-02T22:36:34.832" />
<mem-info id="259" free="3167672" total="8388608" percent="37">
  <mem type="tenure" free="3167672" total="8388608" percent="37" micro-fragmented="345138">
    <mem type="soa" free="3000760" total="8221696" percent="36" />
    <mem type="loa" free="166912" total="166912" percent="100" />
  </mem>
  <pending-finalizers system="0" default="0" reference="81" classloader="0" />
</mem-info>
<gc-op id="260" type="compact" timems="17.429" contextid="253" timestamp="2019-08-02T22:36:34.850">
  <compact-info movecount="71567" movebytes="4195848" reason="no compaction" />
</gc-op>
<gc-end id="261" type="global" contextid="253" durationms="25.205" usertimems="36.000" systemtimems="0.000" timestamp="2019-08-02T22:36:34.850" activeThreads="8">
  <mem-info id="262" free="3696448" total="8388608" percent="44">
    <mem type="tenure" free="3696448" total="8388608" percent="44">
      <mem type="soa" free="3529536" total="8221696" percent="42" />
      <mem type="loa" free="166912" total="166912" percent="100" />
    </mem>
    <pending-finalizers system="0" default="0" reference="81" classloader="0" />
  </mem-info>
</gc-end>
<cycle-end id="263" type="global" contextid="253" timestamp="2019-08-02T22:36:34.850" />
  <attribute name="elasticGC enabled" value="1" />
  <attribute name= "numThreadsSpecified" value="0" />
  <attribute name="heapSize specified" value="8388608" />
  <attribute name= "numCores" value="8" />
  <attribute name ="GC Interval" value="0" />
  <attribute name ="Control flow" value="2" />
  <attribute name="GC Util Range Max" value="92" />
  <attribute name="Current GC Util" value="43" />
  <attribute name= "Current Time Running" value="3960" />
<allocation-satisfied id="264" threadId="0000000000C9AA00" bytesRequested="56" />
<af-end id="265" timestamp="2019-08-02T22:36:34.851" threadId="0000000000C9B388" success="true" />
<exclusive-end id="266" timestamp="2019-08-02T22:36:34.851" durationms="26.480" />

<concurrent-kickoff id="267" timestamp="2019-08-02T22:36:34.886">
  <kickoff reason="threshold reached" targetBytes="1930185" thresholdFreeBytes="267042" remainingFree="166912" tenureFreeBytes="166912" />
</concurrent-kickoff>
<exclusive-start id="268" timestamp="2019-08-02T22:36:34.886" intervalms="61.792">
  <response-info timems="0.054" idlems="0.054" threads="0" lastid="0000000000C9AA00" lastname="main" />
</exclusive-start>
<cycle-start id="269" type="global" contextid="0" timestamp="2019-08-02T22:36:34.886" intervalms="61.363" />
<exclusive-end id="270" timestamp="2019-08-02T22:36:34.886" durationms="0.158" />

<exclusive-start id="271" timestamp="2019-08-02T22:36:34.887" intervalms="0.538">
  <response-info timems="0.016" idlems="0.016" threads="0" lastid="0000000000C9AA00" lastname="main" />
</exclusive-start>
<af-start id="272" threadId="0000000000C9B388" totalBytesRequested="16" timestamp="2019-08-02T22:36:34.887" intervalms="62.311" />
<concurrent-aborted id="273" timestamp="2019-08-02T22:36:34.887">
  <reason value="insufficient progress made" />
</concurrent-aborted>
<cycle-end id="274" type="global" contextid="269" timestamp="2019-08-02T22:36:34.887" />
  <attribute name="elasticGC enabled" value="1" />
  <attribute name= "numThreadsSpecified" value="0" />
  <attribute name="heapSize specified" value="8388608" />
  <attribute name= "numCores" value="8" />
  <attribute name ="GC Interval" value="0" />
  <attribute name ="Control flow" value="2" />
  <attribute name="GC Util Range Max" value="92" />
  <attribute name="Current GC Util" value="43" />
  <attribute name= "Current Time Running" value="3960" />
<cycle-start id="275" type="global" contextid="0" timestamp="2019-08-02T22:36:34.887" intervalms="0.677" />
<gc-start id="276" type="global" contextid="275" timestamp="2019-08-02T22:36:34.887">
  <mem-info id="277" free="166912" total="8388608" percent="1">
    <mem type="tenure" free="166912" total="8388608" percent="1">
      <mem type="soa" free="0" total="8221696" percent="0" />
      <mem type="loa" free="166912" total="166912" percent="100" />
    </mem>
  </mem-info>
</gc-start>
<allocation-stats totalBytes="3593664" >
  <allocated-bytes non-tlh="223936" tlh="3369728" />
  <largest-consumer threadName="main" threadId="0000000000C9AA00" bytes="3589568" />
</allocation-stats>
<heap-resize id="278" type="loa contract" space="tenure" amount="83968" count="1" timems="0.000" reason="contract underutilized loa" timestamp="2019-08-02T22:36:34.887" />
<gc-op id="279" type="mark" timems="2.327" contextid="275" timestamp="2019-08-02T22:36:34.890">
  <trace-info objectcount="71932" scancount="60095" scanbytes="2026796" />
  <finalization candidates="80" enqueued="0" />
  <ownableSynchronizers candidates="21" cleared="0" />
  <references type="soft" candidates="1538" cleared="0" enqueued="0" dynamicThreshold="14" maxThreshold="32" />
  <references type="weak" candidates="4352" cleared="7" enqueued="7" />
  <references type="phantom" candidates="100" cleared="0" enqueued="0" />
  <stringconstants candidates="8625" cleared="26"  />
</gc-op>
<gc-op id="280" type="sweep" timems="0.724" contextid="275" timestamp="2019-08-02T22:36:34.890" />
<mem-info id="281" free="4156832" total="8388608" percent="49">
  <mem type="tenure" free="4156832" total="8388608" percent="49" micro-fragmented="42607">
    <mem type="soa" free="4073888" total="8305664" percent="49" />
    <mem type="loa" free="82944" total="82944" percent="100" />
  </mem>
  <pending-finalizers system="0" default="0" reference="7" classloader="0" />
</mem-info>
<gc-op id="282" type="compact" timems="17.774" contextid="275" timestamp="2019-08-02T22:36:34.908">
  <compact-info movecount="62078" movebytes="3725336" reason="no compaction" />
</gc-op>
<gc-end id="283" type="global" contextid="275" durationms="21.744" usertimems="32.000" systemtimems="0.000" timestamp="2019-08-02T22:36:34.909" activeThreads="8">
  <mem-info id="284" free="4232328" total="8388608" percent="50">
    <mem type="tenure" free="4232328" total="8388608" percent="50">
      <mem type="soa" free="4149384" total="8305664" percent="49" />
      <mem type="loa" free="82944" total="82944" percent="100" />
    </mem>
    <pending-finalizers system="0" default="0" reference="7" classloader="0" />
  </mem-info>
</gc-end>
<cycle-end id="285" type="global" contextid="275" timestamp="2019-08-02T22:36:34.909" />
  <attribute name="elasticGC enabled" value="1" />
  <attribute name= "numThreadsSpecified" value="0" />
  <attribute name="heapSize specified" value="8388608" />
  <attribute name= "numCores" value="8" />
  <attribute name ="GC Interval" value="0" />
  <attribute name ="Control flow" value="2" />
  <attribute name="GC Util Range Max" value="92" />
  <attribute name="Current GC Util" value="46" />
  <attribute name= "Current Time Running" value="4018" />
<allocation-satisfied id="286" threadId="0000000000C9AA00" bytesRequested="16" />
<af-end id="287" timestamp="2019-08-02T22:36:34.909" threadId="0000000000C9B388" success="true" />
<exclusive-end id="288" timestamp="2019-08-02T22:36:34.909" durationms="22.625" />

<exclusive-start id="289" timestamp="2019-08-02T22:36:34.943" intervalms="56.125">
  <response-info timems="0.019" idlems="0.019" threads="0" lastid="0000000000C9AA00" lastname="main" />
</exclusive-start>
<sys-start reason="explicit" id="290" timestamp="2019-08-02T22:36:34.943" intervalms="5364.865" />
<cycle-start id="291" type="global" contextid="0" timestamp="2019-08-02T22:36:34.943" intervalms="56.039" />
<gc-start id="292" type="global" contextid="291" timestamp="2019-08-02T22:36:34.943">
  <mem-info id="293" free="3015792" total="8388608" percent="35">
    <mem type="tenure" free="3015792" total="8388608" percent="35">
      <mem type="soa" free="2932848" total="8305664" percent="35" />
      <mem type="loa" free="82944" total="82944" percent="100" />
    </mem>
  </mem-info>
</gc-start>
<allocation-stats totalBytes="1216280" >
  <allocated-bytes non-tlh="208936" tlh="1007344" />
  <largest-consumer threadName="main" threadId="0000000000C9AA00" bytes="1208032" />
</allocation-stats>
<gc-op id="294" type="mark" timems="4.065" contextid="291" timestamp="2019-08-02T22:36:34.947">
  <trace-info objectcount="72986" scancount="61037" scanbytes="2058424" />
  <finalization candidates="80" enqueued="0" />
  <ownableSynchronizers candidates="21" cleared="0" />
  <references type="soft" candidates="1547" cleared="1" enqueued="1" dynamicThreshold="16" maxThreshold="32" />
  <references type="weak" candidates="4530" cleared="31" enqueued="29" />
  <references type="phantom" candidates="103" cleared="3" enqueued="3" />
  <stringconstants candidates="8667" cleared="15"  />
</gc-op>
<gc-op id="295" type="classunload" timems="0.303" contextid="291" timestamp="2019-08-02T22:36:34.948">
  <classunload-info classloadercandidates="17" classloadersunloaded="1" classesunloaded="1" anonymousclassesunloaded="0" quiescems="0.000" setupms="0.296" scanms="0.006" postms="0.001" />
</gc-op>
<gc-op id="296" type="sweep" timems="0.880" contextid="291" timestamp="2019-08-02T22:36:34.949" />
<gc-end id="297" type="global" contextid="291" durationms="7.799" usertimems="20.000" systemtimems="0.000" timestamp="2019-08-02T22:36:34.951" activeThreads="8">
  <mem-info id="298" free="4137216" total="8388608" percent="49">
    <mem type="tenure" free="4137216" total="8388608" percent="49" micro-fragmented="43665">
      <mem type="soa" free="4054272" total="8305664" percent="48" />
      <mem type="loa" free="82944" total="82944" percent="100" />
    </mem>
    <pending-finalizers system="0" default="0" reference="33" classloader="0" />
  </mem-info>
</gc-end>
<cycle-end id="299" type="global" contextid="291" timestamp="2019-08-02T22:36:34.951" />
  <attribute name="elasticGC enabled" value="1" />
  <attribute name= "numThreadsSpecified" value="0" />
  <attribute name="heapSize specified" value="8388608" />
  <attribute name= "numCores" value="8" />
  <attribute name ="GC Interval" value="0" />
  <attribute name ="Control flow" value="2" />
  <attribute name="GC Util Range Max" value="92" />
  <attribute name="Current GC Util" value="200" />
  <attribute name= "Current Time Running" value="4060" />
<sys-end id="300" timestamp="2019-08-02T22:36:34.951" />
<exclusive-end id="301" timestamp="2019-08-02T22:36:34.951" durationms="8.150" />

<concurrent-kickoff id="302" timestamp="2019-08-02T22:36:35.059">
  <kickoff reason="threshold reached" targetBytes="1930185" thresholdFreeBytes="267042" remainingFree="194168" tenureFreeBytes="194168" />
</concurrent-kickoff>
<exclusive-start id="303" timestamp="2019-08-02T22:36:35.060" intervalms="116.677">
  <response-info timems="0.028" idlems="0.028" threads="0" lastid="0000000000C9AA00" lastname="main" />
</exclusive-start>
<cycle-start id="304" type="global" contextid="0" timestamp="2019-08-02T22:36:35.060" intervalms="116.628" />
<exclusive-end id="305" timestamp="2019-08-02T22:36:35.060" durationms="0.183" />

<exclusive-start id="306" timestamp="2019-08-02T22:36:35.066" intervalms="6.182">
  <response-info timems="0.052" idlems="0.052" threads="0" lastid="0000000000C9AA00" lastname="main" />
</exclusive-start>
<af-start id="307" threadId="0000000000C9B388" totalBytesRequested="24" timestamp="2019-08-02T22:36:35.066" intervalms="179.004" />
<concurrent-aborted id="308" timestamp="2019-08-02T22:36:35.066">
  <reason value="insufficient progress made" />
</concurrent-aborted>
<cycle-end id="309" type="global" contextid="304" timestamp="2019-08-02T22:36:35.066" />
  <attribute name="elasticGC enabled" value="1" />
  <attribute name= "numThreadsSpecified" value="0" />
  <attribute name="heapSize specified" value="8388608" />
  <attribute name= "numCores" value="8" />
  <attribute name ="GC Interval" value="0" />
  <attribute name ="Control flow" value="2" />
  <attribute name="GC Util Range Max" value="92" />
  <attribute name="Current GC Util" value="200" />
  <attribute name= "Current Time Running" value="4060" />
<cycle-start id="310" type="global" contextid="0" timestamp="2019-08-02T22:36:35.066" intervalms="6.465" />
<gc-start id="311" type="global" contextid="310" timestamp="2019-08-02T22:36:35.066">
  <mem-info id="312" free="82944" total="8388608" percent="0">
    <mem type="tenure" free="82944" total="8388608" percent="0">
      <mem type="soa" free="0" total="8305664" percent="0" />
      <mem type="loa" free="82944" total="82944" percent="100" />
    </mem>
  </mem-info>
</gc-start>
<allocation-stats totalBytes="4050608" >
  <allocated-bytes non-tlh="610880" tlh="3439728" />
  <largest-consumer threadName="main" threadId="0000000000C9AA00" bytes="4048352" />
</allocation-stats>
<gc-op id="313" type="mark" timems="2.195" contextid="310" timestamp="2019-08-02T22:36:35.068">
  <trace-info objectcount="73180" scancount="61227" scanbytes="2097124" />
  <finalization candidates="80" enqueued="0" />
  <ownableSynchronizers candidates="21" cleared="0" />
  <references type="soft" candidates="1578" cleared="116" enqueued="115" dynamicThreshold="15" maxThreshold="32" />
  <references type="weak" candidates="4516" cleared="7" enqueued="7" />
  <references type="phantom" candidates="105" cleared="5" enqueued="5" />
  <stringconstants candidates="8684" cleared="12"  />
</gc-op>
<gc-op id="314" type="sweep" timems="0.574" contextid="310" timestamp="2019-08-02T22:36:35.069" />
<gc-end id="315" type="global" contextid="310" durationms="4.078" usertimems="12.000" systemtimems="0.000" timestamp="2019-08-02T22:36:35.070" activeThreads="8">
  <mem-info id="316" free="4070424" total="8388608" percent="48">
    <mem type="tenure" free="4070424" total="8388608" percent="48" micro-fragmented="61466">
      <mem type="soa" free="3987680" total="8305664" percent="48" />
      <mem type="loa" free="82744" total="82944" percent="99" />
    </mem>
    <pending-finalizers system="0" default="0" reference="127" classloader="0" />
  </mem-info>
</gc-end>
<cycle-end id="317" type="global" contextid="310" timestamp="2019-08-02T22:36:35.070" />
  <attribute name="elasticGC enabled" value="1" />
  <attribute name= "numThreadsSpecified" value="0" />
  <attribute name="heapSize specified" value="8388608" />
  <attribute name= "numCores" value="8" />
  <attribute name ="GC Interval" value="0" />
  <attribute name ="Control flow" value="3" />
  <attribute name="GC Util Range Max" value="92" />
  <attribute name="Current GC Util" value="180" />
  <attribute name= "Current Time Running" value="4179" />
<allocation-satisfied id="318" threadId="0000000000C9AA00" bytesRequested="24" />
<af-end id="319" timestamp="2019-08-02T22:36:35.071" threadId="0000000000C9B388" success="true" />
<exclusive-end id="320" timestamp="2019-08-02T22:36:35.071" durationms="4.792" />

<concurrent-kickoff id="321" timestamp="2019-08-02T22:36:35.099">
  <kickoff reason="threshold reached" targetBytes="1930185" thresholdFreeBytes="267042" remainingFree="160880" tenureFreeBytes="160880" />
</concurrent-kickoff>
<exclusive-start id="322" timestamp="2019-08-02T22:36:35.100" intervalms="33.844">
  <response-info timems="0.071" idlems="0.071" threads="0" lastid="0000000000C9AA00" lastname="main" />
</exclusive-start>
<cycle-start id="323" type="global" contextid="0" timestamp="2019-08-02T22:36:35.100" intervalms="33.558" />
<exclusive-end id="324" timestamp="2019-08-02T22:36:35.100" durationms="0.155" />

<exclusive-start id="325" timestamp="2019-08-02T22:36:35.101" intervalms="1.192">
  <response-info timems="0.007" idlems="0.007" threads="0" lastid="0000000000C9AA00" lastname="main" />
</exclusive-start>
<af-start id="326" threadId="0000000000C9B388" totalBytesRequested="24" timestamp="2019-08-02T22:36:35.101" intervalms="35.021" />
<concurrent-aborted id="327" timestamp="2019-08-02T22:36:35.101">
  <reason value="insufficient progress made" />
</concurrent-aborted>
<cycle-end id="328" type="global" contextid="323" timestamp="2019-08-02T22:36:35.101" />
  <attribute name="elasticGC enabled" value="1" />
  <attribute name= "numThreadsSpecified" value="0" />
  <attribute name="heapSize specified" value="8388608" />
  <attribute name= "numCores" value="8" />
  <attribute name ="GC Interval" value="0" />
  <attribute name ="Control flow" value="3" />
  <attribute name="GC Util Range Max" value="92" />
  <attribute name="Current GC Util" value="11" />
  <attribute name= "Current Time Running" value="4211" />
<cycle-start id="329" type="global" contextid="0" timestamp="2019-08-02T22:36:35.102" intervalms="1.813" />
<gc-start id="330" type="global" contextid="329" timestamp="2019-08-02T22:36:35.102">
  <mem-info id="331" free="82944" total="8388608" percent="0">
    <mem type="tenure" free="82944" total="8388608" percent="0">
      <mem type="soa" free="0" total="8305664" percent="0" />
      <mem type="loa" free="82944" total="82944" percent="100" />
    </mem>
  </mem-info>
</gc-start>
<allocation-stats totalBytes="3987720" >
  <allocated-bytes non-tlh="32784" tlh="3954936" />
  <largest-consumer threadName="main" threadId="0000000000C9AA00" bytes="3979320" />
</allocation-stats>
<gc-op id="332" type="mark" timems="2.614" contextid="329" timestamp="2019-08-02T22:36:35.104">
  <trace-info objectcount="72749" scancount="60807" scanbytes="2084160" />
  <finalization candidates="80" enqueued="0" />
  <ownableSynchronizers candidates="21" cleared="0" />
  <references type="soft" candidates="1462" cleared="1" enqueued="0" dynamicThreshold="15" maxThreshold="32" />
  <references type="weak" candidates="4508" cleared="0" enqueued="0" />
  <references type="phantom" candidates="100" cleared="0" enqueued="0" />
  <stringconstants candidates="8672" cleared="8"  />
</gc-op>
<gc-op id="333" type="sweep" timems="0.481" contextid="329" timestamp="2019-08-02T22:36:35.105" />
<gc-end id="334" type="global" contextid="329" durationms="4.467" usertimems="12.000" systemtimems="0.000" timestamp="2019-08-02T22:36:35.106" activeThreads="8">
  <mem-info id="335" free="4070720" total="8388608" percent="48">
    <mem type="tenure" free="4070720" total="8388608" percent="48" micro-fragmented="69619">
      <mem type="soa" free="3987936" total="8305664" percent="48" />
      <mem type="loa" free="82784" total="82944" percent="99" />
    </mem>
  </mem-info>
</gc-end>
<cycle-end id="336" type="global" contextid="329" timestamp="2019-08-02T22:36:35.106" />
  <attribute name="elasticGC enabled" value="1" />
  <attribute name= "numThreadsSpecified" value="0" />
  <attribute name="heapSize specified" value="8388608" />
  <attribute name= "numCores" value="8" />
  <attribute name ="GC Interval" value="0" />
  <attribute name ="Control flow" value="3" />
  <attribute name="GC Util Range Max" value="92" />
  <attribute name="Current GC Util" value="166" />
  <attribute name= "Current Time Running" value="4215" />
<allocation-satisfied id="337" threadId="0000000000C9AA00" bytesRequested="24" />
<af-end id="338" timestamp="2019-08-02T22:36:35.106" threadId="0000000000C9B388" success="true" />
<exclusive-end id="339" timestamp="2019-08-02T22:36:35.106" durationms="5.581" />

<concurrent-kickoff id="340" timestamp="2019-08-02T22:36:35.122">
  <kickoff reason="threshold reached" targetBytes="1930185" thresholdFreeBytes="267042" remainingFree="225904" tenureFreeBytes="225904" />
</concurrent-kickoff>
<exclusive-start id="341" timestamp="2019-08-02T22:36:35.122" intervalms="21.112">
  <response-info timems="0.074" idlems="0.074" threads="0" lastid="0000000000C9AA00" lastname="main" />
</exclusive-start>
<cycle-start id="342" type="global" contextid="0" timestamp="2019-08-02T22:36:35.122" intervalms="20.495" />
<exclusive-end id="343" timestamp="2019-08-02T22:36:35.122" durationms="0.163" />

<exclusive-start id="344" timestamp="2019-08-02T22:36:35.123" intervalms="1.506">
  <response-info timems="0.015" idlems="0.015" threads="0" lastid="0000000000C9AA00" lastname="main" />
</exclusive-start>
<af-start id="345" threadId="0000000000C9B388" totalBytesRequested="24" timestamp="2019-08-02T22:36:35.124" intervalms="22.614" />
<concurrent-aborted id="346" timestamp="2019-08-02T22:36:35.124">
  <reason value="insufficient progress made" />
</concurrent-aborted>
<cycle-end id="347" type="global" contextid="342" timestamp="2019-08-02T22:36:35.124" />
  <attribute name="elasticGC enabled" value="1" />
  <attribute name= "numThreadsSpecified" value="0" />
  <attribute name="heapSize specified" value="8388608" />
  <attribute name= "numCores" value="8" />
  <attribute name ="GC Interval" value="0" />
  <attribute name ="Control flow" value="3" />
  <attribute name="GC Util Range Max" value="92" />
  <attribute name="Current GC Util" value="20" />
  <attribute name= "Current Time Running" value="4233" />
<cycle-start id="348" type="global" contextid="0" timestamp="2019-08-02T22:36:35.124" intervalms="2.028" />
<gc-start id="349" type="global" contextid="348" timestamp="2019-08-02T22:36:35.124">
  <mem-info id="350" free="82944" total="8388608" percent="0">
    <mem type="tenure" free="82944" total="8388608" percent="0">
      <mem type="soa" free="0" total="8305664" percent="0" />
      <mem type="loa" free="82944" total="82944" percent="100" />
    </mem>
  </mem-info>
</gc-start>
<allocation-stats totalBytes="3987528" >
  <allocated-bytes non-tlh="65568" tlh="3921960" />
  <largest-consumer threadName="main" threadId="0000000000C9AA00" bytes="3987528" />
</allocation-stats>
<gc-op id="351" type="mark" timems="2.304" contextid="348" timestamp="2019-08-02T22:36:35.126">
  <trace-info objectcount="72748" scancount="60806" scanbytes="2084136" />
  <finalization candidates="80" enqueued="0" />
  <ownableSynchronizers candidates="21" cleared="0" />
  <references type="soft" candidates="1461" cleared="0" enqueued="0" dynamicThreshold="15" maxThreshold="32" />
  <references type="weak" candidates="4508" cleared="0" enqueued="0" />
  <references type="phantom" candidates="100" cleared="0" enqueued="0" />
  <stringconstants candidates="8664" cleared="0"  />
</gc-op>
<gc-op id="352" type="sweep" timems="0.813" contextid="348" timestamp="2019-08-02T22:36:35.127" />
<gc-end id="353" type="global" contextid="348" durationms="5.080" usertimems="12.000" systemtimems="0.000" timestamp="2019-08-02T22:36:35.129" activeThreads="8">
  <mem-info id="354" free="4070728" total="8388608" percent="48">
    <mem type="tenure" free="4070728" total="8388608" percent="48" micro-fragmented="69619">
      <mem type="soa" free="3987912" total="8305664" percent="48" />
      <mem type="loa" free="82816" total="82944" percent="99" />
    </mem>
  </mem-info>
</gc-end>
<cycle-end id="355" type="global" contextid="348" timestamp="2019-08-02T22:36:35.129" />
  <attribute name="elasticGC enabled" value="1" />
  <attribute name= "numThreadsSpecified" value="0" />
  <attribute name="heapSize specified" value="8388608" />
  <attribute name= "numCores" value="8" />
  <attribute name ="GC Interval" value="0" />
  <attribute name ="Control flow" value="3" />
  <attribute name="GC Util Range Max" value="92" />
  <attribute name="Current GC Util" value="176" />
  <attribute name= "Current Time Running" value="4237" />
<allocation-satisfied id="356" threadId="0000000000C9AA00" bytesRequested="24" />
<af-end id="357" timestamp="2019-08-02T22:36:35.129" threadId="0000000000C9B388" success="true" />
<exclusive-end id="358" timestamp="2019-08-02T22:36:35.129" durationms="6.030" />

<concurrent-kickoff id="359" timestamp="2019-08-02T22:36:35.145">
  <kickoff reason="threshold reached" targetBytes="1930185" thresholdFreeBytes="267042" remainingFree="160032" tenureFreeBytes="160032" />
</concurrent-kickoff>
<exclusive-start id="360" timestamp="2019-08-02T22:36:35.145" intervalms="21.800">
  <response-info timems="0.064" idlems="0.064" threads="0" lastid="0000000000C9AA00" lastname="main" />
</exclusive-start>
<cycle-start id="361" type="global" contextid="0" timestamp="2019-08-02T22:36:35.145" intervalms="21.240" />
<exclusive-end id="362" timestamp="2019-08-02T22:36:35.145" durationms="0.093" />

<exclusive-start id="363" timestamp="2019-08-02T22:36:35.146" intervalms="1.088">
  <response-info timems="0.007" idlems="0.007" threads="0" lastid="0000000000C9AA00" lastname="main" />
</exclusive-start>
<af-start id="364" threadId="0000000000C9B388" totalBytesRequested="24" timestamp="2019-08-02T22:36:35.146" intervalms="22.851" />
<concurrent-aborted id="365" timestamp="2019-08-02T22:36:35.147">
  <reason value="insufficient progress made" />
</concurrent-aborted>
<cycle-end id="366" type="global" contextid="361" timestamp="2019-08-02T22:36:35.147" />
  <attribute name="elasticGC enabled" value="1" />
  <attribute name= "numThreadsSpecified" value="0" />
  <attribute name="heapSize specified" value="8388608" />
  <attribute name= "numCores" value="8" />
  <attribute name ="GC Interval" value="0" />
  <attribute name ="Control flow" value="2" />
  <attribute name="GC Util Range Max" value="92" />
  <attribute name="Current GC Util" value="20" />
  <attribute name= "Current Time Running" value="4256" />
<cycle-start id="367" type="global" contextid="0" timestamp="2019-08-02T22:36:35.147" intervalms="1.676" />
<gc-start id="368" type="global" contextid="367" timestamp="2019-08-02T22:36:35.147">
  <mem-info id="369" free="82944" total="8388608" percent="0">
    <mem type="tenure" free="82944" total="8388608" percent="0">
      <mem type="soa" free="0" total="8305664" percent="0" />
      <mem type="loa" free="82944" total="82944" percent="100" />
    </mem>
  </mem-info>
</gc-start>
<allocation-stats totalBytes="3987648" >
  <allocated-bytes non-tlh="98352" tlh="3889296" />
  <largest-consumer threadName="main" threadId="0000000000C9AA00" bytes="3987648" />
</allocation-stats>
<gc-op id="370" type="mark" timems="2.251" contextid="367" timestamp="2019-08-02T22:36:35.149">
  <trace-info objectcount="72748" scancount="60807" scanbytes="2084136" />
  <finalization candidates="80" enqueued="0" />
  <ownableSynchronizers candidates="21" cleared="0" />
  <references type="soft" candidates="1461" cleared="0" enqueued="0" dynamicThreshold="15" maxThreshold="32" />
  <references type="weak" candidates="4508" cleared="0" enqueued="0" />
  <references type="phantom" candidates="100" cleared="0" enqueued="0" />
  <stringconstants candidates="8664" cleared="0"  />
</gc-op>
<gc-op id="371" type="sweep" timems="1.092" contextid="367" timestamp="2019-08-02T22:36:35.150" />
<mem-info id="372" free="4072272" total="8388608" percent="48">
  <mem type="tenure" free="4072272" total="8388608" percent="48" micro-fragmented="69619">
    <mem type="soa" free="3989328" total="8305664" percent="48" />
    <mem type="loa" free="82944" total="82944" percent="100" />
  </mem>
</mem-info>
<gc-op id="373" type="compact" timems="19.203" contextid="367" timestamp="2019-08-02T22:36:35.170">
  <compact-info movecount="70974" movebytes="4106456" reason="no compaction" />
</gc-op>
<gc-end id="374" type="global" contextid="367" durationms="23.382" usertimems="32.000" systemtimems="0.000" timestamp="2019-08-02T22:36:35.170" activeThreads="8">
  <mem-info id="375" free="4103288" total="8388608" percent="48">
    <mem type="tenure" free="4103288" total="8388608" percent="48">
      <mem type="soa" free="4020344" total="8305664" percent="48" />
      <mem type="loa" free="82944" total="82944" percent="100" />
    </mem>
  </mem-info>
</gc-end>
<cycle-end id="376" type="global" contextid="367" timestamp="2019-08-02T22:36:35.171" />
  <attribute name="elasticGC enabled" value="1" />
  <attribute name= "numThreadsSpecified" value="0" />
  <attribute name="heapSize specified" value="8388608" />
  <attribute name= "numCores" value="8" />
  <attribute name ="GC Interval" value="0" />
  <attribute name ="Control flow" value="2" />
  <attribute name="GC Util Range Max" value="92" />
  <attribute name="Current GC Util" value="37" />
  <attribute name= "Current Time Running" value="4280" />
<allocation-satisfied id="377" threadId="0000000000C9AA00" bytesRequested="24" />
<af-end id="378" timestamp="2019-08-02T22:36:35.171" threadId="0000000000C9B388" success="true" />
<exclusive-end id="379" timestamp="2019-08-02T22:36:35.171" durationms="24.440" />

<concurrent-kickoff id="380" timestamp="2019-08-02T22:36:35.187">
  <kickoff reason="threshold reached" targetBytes="1930185" thresholdFreeBytes="267042" remainingFree="228472" tenureFreeBytes="228472" />
</concurrent-kickoff>
<exclusive-start id="381" timestamp="2019-08-02T22:36:35.187" intervalms="40.593">
  <response-info timems="0.068" idlems="0.068" threads="0" lastid="0000000000C9AA00" lastname="main" />
</exclusive-start>
<cycle-start id="382" type="global" contextid="0" timestamp="2019-08-02T22:36:35.187" intervalms="40.043" />
<exclusive-end id="383" timestamp="2019-08-02T22:36:35.187" durationms="0.172" />

<exclusive-start id="384" timestamp="2019-08-02T22:36:35.188" intervalms="1.510">
  <response-info timems="0.015" idlems="0.015" threads="0" lastid="0000000000C9AA00" lastname="main" />
</exclusive-start>
<af-start id="385" threadId="0000000000C9B388" totalBytesRequested="24" timestamp="2019-08-02T22:36:35.188" intervalms="42.105" />
<concurrent-aborted id="386" timestamp="2019-08-02T22:36:35.189">
  <reason value="insufficient progress made" />
</concurrent-aborted>
<cycle-end id="387" type="global" contextid="382" timestamp="2019-08-02T22:36:35.189" />
  <attribute name="elasticGC enabled" value="1" />
  <attribute name= "numThreadsSpecified" value="0" />
  <attribute name="heapSize specified" value="8388608" />
  <attribute name= "numCores" value="8" />
  <attribute name ="GC Interval" value="0" />
  <attribute name ="Control flow" value="2" />
  <attribute name="GC Util Range Max" value="92" />
  <attribute name="Current GC Util" value="37" />
  <attribute name= "Current Time Running" value="4280" />
<cycle-start id="388" type="global" contextid="0" timestamp="2019-08-02T22:36:35.189" intervalms="1.721" />
<gc-start id="389" type="global" contextid="388" timestamp="2019-08-02T22:36:35.189">
  <mem-info id="390" free="82944" total="8388608" percent="0">
    <mem type="tenure" free="82944" total="8388608" percent="0">
      <mem type="soa" free="0" total="8305664" percent="0" />
      <mem type="loa" free="82944" total="82944" percent="100" />
    </mem>
  </mem-info>
</gc-start>
<allocation-stats totalBytes="4085568" >
  <allocated-bytes non-tlh="0" tlh="4085568" />
  <largest-consumer threadName="main" threadId="0000000000C9AA00" bytes="4085568" />
</allocation-stats>
<gc-op id="391" type="mark" timems="2.388" contextid="388" timestamp="2019-08-02T22:36:35.191">
  <trace-info objectcount="72748" scancount="60806" scanbytes="2084136" />
  <finalization candidates="80" enqueued="0" />
  <ownableSynchronizers candidates="21" cleared="0" />
  <references type="soft" candidates="1461" cleared="0" enqueued="0" dynamicThreshold="15" maxThreshold="32" />
  <references type="weak" candidates="4508" cleared="0" enqueued="0" />
  <references type="phantom" candidates="100" cleared="0" enqueued="0" />
  <stringconstants candidates="8664" cleared="0"  />
</gc-op>
<gc-op id="392" type="sweep" timems="0.704" contextid="388" timestamp="2019-08-02T22:36:35.192" />
<mem-info id="393" free="4168656" total="8388608" percent="49">
  <mem type="tenure" free="4168656" total="8388608" percent="49" micro-fragmented="0">
    <mem type="soa" free="4085712" total="8305664" percent="49" />
    <mem type="loa" free="82944" total="82944" percent="100" />
  </mem>
</mem-info>
<gc-op id="394" type="compact" timems="4.858" contextid="388" timestamp="2019-08-02T22:36:35.197">
  <compact-info movecount="8" movebytes="32960" reason="no compaction" />
</gc-op>
<gc-end id="395" type="global" contextid="388" durationms="8.737" usertimems="16.000" systemtimems="0.000" timestamp="2019-08-02T22:36:35.197" activeThreads="8">
  <mem-info id="396" free="4103288" total="8388608" percent="48">
    <mem type="tenure" free="4103288" total="8388608" percent="48">
      <mem type="soa" free="4020344" total="8305664" percent="48" />
      <mem type="loa" free="82944" total="82944" percent="100" />
    </mem>
  </mem-info>
</gc-end>
<cycle-end id="397" type="global" contextid="388" timestamp="2019-08-02T22:36:35.198" />
  <attribute name="elasticGC enabled" value="1" />
  <attribute name= "numThreadsSpecified" value="0" />
  <attribute name="heapSize specified" value="8388608" />
  <attribute name= "numCores" value="8" />
  <attribute name ="GC Interval" value="0" />
  <attribute name ="Control flow" value="3" />
  <attribute name="GC Util Range Max" value="92" />
  <attribute name="Current GC Util" value="94" />
  <attribute name= "Current Time Running" value="4307" />
<allocation-satisfied id="398" threadId="0000000000C9AA00" bytesRequested="24" />
<af-end id="399" timestamp="2019-08-02T22:36:35.198" threadId="0000000000C9B388" success="true" />
<exclusive-end id="400" timestamp="2019-08-02T22:36:35.198" durationms="9.392" />

<concurrent-kickoff id="401" timestamp="2019-08-02T22:36:35.214">
  <kickoff reason="threshold reached" targetBytes="1930185" thresholdFreeBytes="267042" remainingFree="228472" tenureFreeBytes="228472" />
</concurrent-kickoff>
<exclusive-start id="402" timestamp="2019-08-02T22:36:35.214" intervalms="25.328">
  <response-info timems="0.069" idlems="0.069" threads="0" lastid="0000000000C9AA00" lastname="main" />
</exclusive-start>
<cycle-start id="403" type="global" contextid="0" timestamp="2019-08-02T22:36:35.214" intervalms="25.118" />
<exclusive-end id="404" timestamp="2019-08-02T22:36:35.214" durationms="0.171" />

<exclusive-start id="405" timestamp="2019-08-02T22:36:35.215" intervalms="1.494">
  <response-info timems="0.014" idlems="0.014" threads="0" lastid="0000000000C9AA00" lastname="main" />
</exclusive-start>
<af-start id="406" threadId="0000000000C9B388" totalBytesRequested="24" timestamp="2019-08-02T22:36:35.215" intervalms="26.821" />
<concurrent-aborted id="407" timestamp="2019-08-02T22:36:35.215">
  <reason value="insufficient progress made" />
</concurrent-aborted>
<cycle-end id="408" type="global" contextid="403" timestamp="2019-08-02T22:36:35.215" />
  <attribute name="elasticGC enabled" value="1" />
  <attribute name= "numThreadsSpecified" value="0" />
  <attribute name="heapSize specified" value="8388608" />
  <attribute name= "numCores" value="8" />
  <attribute name ="GC Interval" value="0" />
  <attribute name ="Control flow" value="3" />
  <attribute name="GC Util Range Max" value="92" />
  <attribute name="Current GC Util" value="94" />
  <attribute name= "Current Time Running" value="4307" />
<cycle-start id="409" type="global" contextid="0" timestamp="2019-08-02T22:36:35.216" intervalms="1.718" />
<gc-start id="410" type="global" contextid="409" timestamp="2019-08-02T22:36:35.216">
  <mem-info id="411" free="82944" total="8388608" percent="0">
    <mem type="tenure" free="82944" total="8388608" percent="0">
      <mem type="soa" free="0" total="8305664" percent="0" />
      <mem type="loa" free="82944" total="82944" percent="100" />
    </mem>
  </mem-info>
</gc-start>
<allocation-stats totalBytes="4085616" >
  <allocated-bytes non-tlh="0" tlh="4085616" />
  <largest-consumer threadName="main" threadId="0000000000C9AA00" bytes="4085616" />
</allocation-stats>
<gc-op id="412" type="mark" timems="1.912" contextid="409" timestamp="2019-08-02T22:36:35.218">
  <trace-info objectcount="72744" scancount="60800" scanbytes="2083992" />
  <finalization candidates="80" enqueued="0" />
  <ownableSynchronizers candidates="21" cleared="0" />
  <references type="soft" candidates="1461" cleared="2" enqueued="2" dynamicThreshold="15" maxThreshold="32" />
  <references type="weak" candidates="4508" cleared="0" enqueued="0" />
  <references type="phantom" candidates="100" cleared="0" enqueued="0" />
  <stringconstants candidates="8664" cleared="0"  />
</gc-op>
<gc-op id="413" type="sweep" timems="0.568" contextid="409" timestamp="2019-08-02T22:36:35.218" />
<gc-end id="414" type="global" contextid="409" durationms="3.726" usertimems="8.000" systemtimems="0.000" timestamp="2019-08-02T22:36:35.219" activeThreads="8">
  <mem-info id="415" free="4103056" total="8388608" percent="48">
    <mem type="tenure" free="4103056" total="8388608" percent="48" micro-fragmented="0">
      <mem type="soa" free="4020176" total="8305664" percent="48" />
      <mem type="loa" free="82880" total="82944" percent="99" />
    </mem>
    <pending-finalizers system="0" default="0" reference="2" classloader="0" />
  </mem-info>
</gc-end>
<cycle-end id="416" type="global" contextid="409" timestamp="2019-08-02T22:36:35.219" />
  <attribute name="elasticGC enabled" value="1" />
  <attribute name= "numThreadsSpecified" value="0" />
  <attribute name="heapSize specified" value="8388608" />
  <attribute name= "numCores" value="8" />
  <attribute name ="GC Interval" value="0" />
  <attribute name ="Control flow" value="2" />
  <attribute name="GC Util Range Max" value="92" />
  <attribute name="Current GC Util" value="219" />
  <attribute name= "Current Time Running" value="4328" />
<allocation-satisfied id="417" threadId="0000000000C9AA00" bytesRequested="24" />
<af-end id="418" timestamp="2019-08-02T22:36:35.220" threadId="0000000000C9B388" success="true" />
<exclusive-end id="419" timestamp="2019-08-02T22:36:35.220" durationms="4.438" />

<concurrent-kickoff id="420" timestamp="2019-08-02T22:36:35.236">
  <kickoff reason="threshold reached" targetBytes="1930185" thresholdFreeBytes="267042" remainingFree="158280" tenureFreeBytes="158280" />
</concurrent-kickoff>
<exclusive-start id="421" timestamp="2019-08-02T22:36:35.236" intervalms="20.664">
  <response-info timems="0.060" idlems="0.060" threads="0" lastid="0000000000C9AA00" lastname="main" />
</exclusive-start>
<cycle-start id="422" type="global" contextid="0" timestamp="2019-08-02T22:36:35.236" intervalms="20.428" />
<exclusive-end id="423" timestamp="2019-08-02T22:36:35.236" durationms="0.121" />

<exclusive-start id="424" timestamp="2019-08-02T22:36:35.237" intervalms="1.139">
  <response-info timems="0.007" idlems="0.007" threads="0" lastid="0000000000C9AA00" lastname="main" />
</exclusive-start>
<af-start id="425" threadId="0000000000C9B388" totalBytesRequested="24" timestamp="2019-08-02T22:36:35.237" intervalms="21.839" />
<concurrent-aborted id="426" timestamp="2019-08-02T22:36:35.238">
  <reason value="insufficient progress made" />
</concurrent-aborted>
<cycle-end id="427" type="global" contextid="422" timestamp="2019-08-02T22:36:35.238" />
  <attribute name="elasticGC enabled" value="1" />
  <attribute name= "numThreadsSpecified" value="0" />
  <attribute name="heapSize specified" value="8388608" />
  <attribute name= "numCores" value="8" />
  <attribute name ="GC Interval" value="0" />
  <attribute name ="Control flow" value="3" />
  <attribute name="GC Util Range Max" value="92" />
  <attribute name="Current GC Util" value="18" />
  <attribute name= "Current Time Running" value="4347" />
<cycle-start id="428" type="global" contextid="0" timestamp="2019-08-02T22:36:35.238" intervalms="1.772" />
<gc-start id="429" type="global" contextid="428" timestamp="2019-08-02T22:36:35.238">
  <mem-info id="430" free="82944" total="8388608" percent="0">
    <mem type="tenure" free="82944" total="8388608" percent="0">
      <mem type="soa" free="0" total="8305664" percent="0" />
      <mem type="loa" free="82944" total="82944" percent="100" />
    </mem>
  </mem-info>
</gc-start>
<allocation-stats totalBytes="4085424" >
  <allocated-bytes non-tlh="0" tlh="4085424" />
  <largest-consumer threadName="main" threadId="0000000000C9AA00" bytes="4085424" />
</allocation-stats>
<gc-op id="431" type="mark" timems="2.749" contextid="428" timestamp="2019-08-02T22:36:35.241">
  <trace-info objectcount="72687" scancount="60751" scanbytes="2079660" />
  <finalization candidates="80" enqueued="0" />
  <ownableSynchronizers candidates="21" cleared="0" />
  <references type="soft" candidates="1459" cleared="12" enqueued="10" dynamicThreshold="15" maxThreshold="32" />
  <references type="weak" candidates="4508" cleared="0" enqueued="0" />
  <references type="phantom" candidates="100" cleared="0" enqueued="0" />
  <stringconstants candidates="8664" cleared="0"  />
</gc-op>
<gc-op id="432" type="sweep" timems="0.537" contextid="428" timestamp="2019-08-02T22:36:35.241" />
<mem-info id="433" free="4171408" total="8388608" percent="49">
  <mem type="tenure" free="4171408" total="8388608" percent="49" micro-fragmented="4355">
    <mem type="soa" free="4088464" total="8305664" percent="49" />
    <mem type="loa" free="82944" total="82944" percent="100" />
  </mem>
  <pending-finalizers system="0" default="0" reference="10" classloader="0" />
</mem-info>
<gc-op id="434" type="compact" timems="13.411" contextid="428" timestamp="2019-08-02T22:36:35.255">
  <compact-info movecount="38976" movebytes="2160104" reason="no compaction" />
</gc-op>
<gc-end id="435" type="global" contextid="428" durationms="17.692" usertimems="28.000" systemtimems="0.000" timestamp="2019-08-02T22:36:35.255" activeThreads="8">
  <mem-info id="436" free="4108064" total="8388608" percent="48">
    <mem type="tenure" free="4108064" total="8388608" percent="48">
      <mem type="soa" free="4025120" total="8305664" percent="48" />
      <mem type="loa" free="82944" total="82944" percent="100" />
    </mem>
    <pending-finalizers system="0" default="0" reference="10" classloader="0" />
  </mem-info>
</gc-end>
<cycle-end id="437" type="global" contextid="428" timestamp="2019-08-02T22:36:35.256" />
  <attribute name="elasticGC enabled" value="1" />
  <attribute name= "numThreadsSpecified" value="0" />
  <attribute name="heapSize specified" value="8388608" />
  <attribute name= "numCores" value="8" />
  <attribute name ="GC Interval" value="0" />
  <attribute name ="Control flow" value="3" />
  <attribute name="GC Util Range Max" value="92" />
  <attribute name="Current GC Util" value="56" />
  <attribute name= "Current Time Running" value="4365" />
<allocation-satisfied id="438" threadId="0000000000C9AA00" bytesRequested="24" />
<af-end id="439" timestamp="2019-08-02T22:36:35.256" threadId="0000000000C9B388" success="true" />
<exclusive-end id="440" timestamp="2019-08-02T22:36:35.256" durationms="18.934" />

<concurrent-kickoff id="441" timestamp="2019-08-02T22:36:35.272">
  <kickoff reason="threshold reached" targetBytes="1930185" thresholdFreeBytes="267042" remainingFree="216864" tenureFreeBytes="216864" />
</concurrent-kickoff>
<exclusive-start id="442" timestamp="2019-08-02T22:36:35.272" intervalms="34.847">
  <response-info timems="0.062" idlems="0.062" threads="0" lastid="0000000000C9AA00" lastname="main" />
</exclusive-start>
<cycle-start id="443" type="global" contextid="0" timestamp="2019-08-02T22:36:35.272" intervalms="34.231" />
<exclusive-end id="444" timestamp="2019-08-02T22:36:35.272" durationms="0.138" />

<exclusive-start id="445" timestamp="2019-08-02T22:36:35.273" intervalms="1.430">
  <response-info timems="0.006" idlems="0.006" threads="0" lastid="0000000000C9AA00" lastname="main" />
</exclusive-start>
<af-start id="446" threadId="0000000000C9B388" totalBytesRequested="24" timestamp="2019-08-02T22:36:35.273" intervalms="36.279" />
<concurrent-aborted id="447" timestamp="2019-08-02T22:36:35.273">
  <reason value="insufficient progress made" />
</concurrent-aborted>
<cycle-end id="448" type="global" contextid="443" timestamp="2019-08-02T22:36:35.274" />
  <attribute name="elasticGC enabled" value="1" />
  <attribute name= "numThreadsSpecified" value="0" />
  <attribute name="heapSize specified" value="8388608" />
  <attribute name= "numCores" value="8" />
  <attribute name ="GC Interval" value="0" />
  <attribute name ="Control flow" value="3" />
  <attribute name="GC Util Range Max" value="92" />
  <attribute name="Current GC Util" value="56" />
  <attribute name= "Current Time Running" value="4365" />
<cycle-start id="449" type="global" contextid="0" timestamp="2019-08-02T22:36:35.274" intervalms="1.634" />
<gc-start id="450" type="global" contextid="449" timestamp="2019-08-02T22:36:35.274">
  <mem-info id="451" free="82944" total="8388608" percent="0">
    <mem type="tenure" free="82944" total="8388608" percent="0">
      <mem type="soa" free="0" total="8305664" percent="0" />
      <mem type="loa" free="82944" total="82944" percent="100" />
    </mem>
  </mem-info>
</gc-start>
<allocation-stats totalBytes="4090320" >
  <allocated-bytes non-tlh="0" tlh="4090320" />
  <largest-consumer threadName="main" threadId="0000000000C9AA00" bytes="4090320" />
</allocation-stats>
<gc-op id="452" type="mark" timems="3.001" contextid="449" timestamp="2019-08-02T22:36:35.277">
  <trace-info objectcount="72663" scancount="60730" scanbytes="2078848" />
  <finalization candidates="80" enqueued="0" />
  <ownableSynchronizers candidates="21" cleared="0" />
  <references type="soft" candidates="1447" cleared="0" enqueued="0" dynamicThreshold="15" maxThreshold="32" />
  <references type="weak" candidates="4508" cleared="0" enqueued="0" />
  <references type="phantom" candidates="100" cleared="0" enqueued="0" />
  <stringconstants candidates="8664" cleared="0"  />
</gc-op>
<gc-op id="453" type="sweep" timems="0.247" contextid="449" timestamp="2019-08-02T22:36:35.277" />
<mem-info id="454" free="4173280" total="8388608" percent="49">
  <mem type="tenure" free="4173280" total="8388608" percent="49" micro-fragmented="2052">
    <mem type="soa" free="4090336" total="8305664" percent="49" />
    <mem type="loa" free="82944" total="82944" percent="100" />
  </mem>
</mem-info>
<gc-op id="455" type="compact" timems="6.428" contextid="449" timestamp="2019-08-02T22:36:35.284">
  <compact-info movecount="13781" movebytes="840120" reason="no compaction" />
</gc-op>
<gc-end id="456" type="global" contextid="449" durationms="10.393" usertimems="16.000" systemtimems="0.000" timestamp="2019-08-02T22:36:35.284" activeThreads="8">
  <mem-info id="457" free="4108880" total="8388608" percent="48">
    <mem type="tenure" free="4108880" total="8388608" percent="48">
      <mem type="soa" free="4025936" total="8305664" percent="48" />
      <mem type="loa" free="82944" total="82944" percent="100" />
    </mem>
  </mem-info>
</gc-end>
<cycle-end id="458" type="global" contextid="449" timestamp="2019-08-02T22:36:35.284" />
  <attribute name="elasticGC enabled" value="1" />
  <attribute name= "numThreadsSpecified" value="0" />
  <attribute name="heapSize specified" value="8388608" />
  <attribute name= "numCores" value="8" />
  <attribute name ="GC Interval" value="0" />
  <attribute name ="Control flow" value="2" />
  <attribute name="GC Util Range Max" value="92" />
  <attribute name="Current GC Util" value="45" />
  <attribute name= "Current Time Running" value="4394" />
<allocation-satisfied id="459" threadId="0000000000C9AA00" bytesRequested="24" />
<af-end id="460" timestamp="2019-08-02T22:36:35.284" threadId="0000000000C9B388" success="true" />
<exclusive-end id="461" timestamp="2019-08-02T22:36:35.285" durationms="11.299" />

<concurrent-kickoff id="462" timestamp="2019-08-02T22:36:35.780">
  <kickoff reason="threshold reached" targetBytes="1930185" thresholdFreeBytes="267042" remainingFree="190328" tenureFreeBytes="190328" />
</concurrent-kickoff>
<exclusive-start id="463" timestamp="2019-08-02T22:36:35.780" intervalms="507.160">
  <response-info timems="0.033" idlems="0.033" threads="0" lastid="0000000000C9AA00" lastname="main" />
</exclusive-start>
<cycle-start id="464" type="global" contextid="0" timestamp="2019-08-02T22:36:35.781" intervalms="506.921" />
<exclusive-end id="465" timestamp="2019-08-02T22:36:35.781" durationms="0.109" />

<exclusive-start id="466" timestamp="2019-08-02T22:36:35.918" intervalms="137.286">
  <response-info timems="0.026" idlems="0.026" threads="0" lastid="0000000000C9AA00" lastname="main" />
</exclusive-start>
<af-start id="467" threadId="0000000000C9B388" totalBytesRequested="160" timestamp="2019-08-02T22:36:35.918" intervalms="644.446" />
<concurrent-aborted id="468" timestamp="2019-08-02T22:36:35.918">
  <reason value="insufficient progress made" />
</concurrent-aborted>
<cycle-end id="469" type="global" contextid="464" timestamp="2019-08-02T22:36:35.918" />
  <attribute name="elasticGC enabled" value="1" />
  <attribute name= "numThreadsSpecified" value="0" />
  <attribute name="heapSize specified" value="8388608" />
  <attribute name= "numCores" value="8" />
  <attribute name ="GC Interval" value="0" />
  <attribute name ="Control flow" value="2" />
  <attribute name="GC Util Range Max" value="92" />
  <attribute name="Current GC Util" value="45" />
  <attribute name= "Current Time Running" value="4394" />
<cycle-start id="470" type="global" contextid="0" timestamp="2019-08-02T22:36:35.918" intervalms="137.488" />
<gc-start id="471" type="global" contextid="470" timestamp="2019-08-02T22:36:35.918">
  <mem-info id="472" free="82944" total="8388608" percent="0">
    <mem type="tenure" free="82944" total="8388608" percent="0">
      <mem type="soa" free="0" total="8305664" percent="0" />
      <mem type="loa" free="82944" total="82944" percent="100" />
    </mem>
  </mem-info>
</gc-start>
<allocation-stats totalBytes="4090864" >
  <allocated-bytes non-tlh="35544" tlh="4055320" />
  <largest-consumer threadName="main" threadId="0000000000C9AA00" bytes="4090864" />
</allocation-stats>
<gc-op id="473" type="mark" timems="2.231" contextid="470" timestamp="2019-08-02T22:36:35.920">
  <trace-info objectcount="77379" scancount="63982" scanbytes="2124924" />
  <finalization candidates="80" enqueued="0" />
  <ownableSynchronizers candidates="21" cleared="0" />
  <references type="soft" candidates="1450" cleared="0" enqueued="0" dynamicThreshold="15" maxThreshold="32" />
  <references type="weak" candidates="4535" cleared="19" enqueued="19" />
  <references type="phantom" candidates="102" cleared="2" enqueued="2" />
  <stringconstants candidates="9070" cleared="0"  />
</gc-op>
<gc-op id="474" type="sweep" timems="0.194" contextid="470" timestamp="2019-08-02T22:36:35.921" />
<gc-end id="475" type="global" contextid="470" durationms="3.351" usertimems="8.000" systemtimems="4.000" timestamp="2019-08-02T22:36:35.921" activeThreads="8">
  <mem-info id="476" free="3816408" total="8388608" percent="45">
    <mem type="tenure" free="3816408" total="8388608" percent="45" micro-fragmented="165394">
      <mem type="soa" free="3733496" total="8305664" percent="44" />
      <mem type="loa" free="82912" total="82944" percent="99" />
    </mem>
    <pending-finalizers system="0" default="0" reference="21" classloader="0" />
  </mem-info>
</gc-end>
<cycle-end id="477" type="global" contextid="470" timestamp="2019-08-02T22:36:35.922" />
  <attribute name="elasticGC enabled" value="1" />
  <attribute name= "numThreadsSpecified" value="0" />
  <attribute name="heapSize specified" value="8388608" />
  <attribute name= "numCores" value="8" />
  <attribute name ="GC Interval" value="0" />
  <attribute name ="Control flow" value="3" />
  <attribute name="GC Util Range Max" value="92" />
  <attribute name="Current GC Util" value="41" />
  <attribute name= "Current Time Running" value="5031" />
<allocation-satisfied id="478" threadId="0000000000C9AA00" bytesRequested="160" />
<af-end id="479" timestamp="2019-08-02T22:36:35.922" threadId="0000000000C9B388" success="true" />
<exclusive-end id="480" timestamp="2019-08-02T22:36:35.922" durationms="4.201" />

</verbosegc>

