
<?xml version="1.0" ?>

<verbosegc xmlns="http://www.ibm.com/j9/verbosegc" version="10b4217_CMPRSS">

<gc check installed>
<initialized id="1" timestamp="2019-08-11T04:20:02.839">
  <attribute name="gcPolicy" value="-Xgcpolicy:optthruput" />
  <attribute name="elasticGC enabled" value="1" />
  <attribute name= "numThreadsSpecified" value="0" />
  <attribute name="heapSize specified" value="0" />
  <attribute name="Current GC Util" value="0" />
  <attribute name= "Current Time Running" value="0" />
  <attribute name ="GC Interval" value="0" />
  <attribute name="ProportionalT" value="0.000000" />
  <attribute name="ProportionalI" value="0.000000" />
  <attribute name="ProportionalH" value="0.000000" />
  <attribute name="IntegralT" value="0.000000" />
  <attribute name="IntegralI" value="0.000000" />
  <attribute name="IntegralH" value="0.000000" />
  <attribute name="DerivativeT" value="0.000000" />
  <attribute name="DerivativeI" value="0.000000" />
  <attribute name="DerivativeH" value="0.000000" />
  <attribute name="Target GC Util Change" value ="0.000000" />
  <attribute name="Current GC Util Change" value="0.000000"/>
  <attribute name="Current Error" value="0.000000" />
  <attribute name="Loop Time for DT" value="0.000000" />
  <attribute name="Output H" value="0"/>
  <attribute name="Output I" value="0"/>
  <attribute name="Output T" value="0"/>
  <attribute name="GC Util currently" value="0" />
  <attribute name="CPU Util currently" value="0" />
  <attribute name="maxHeapSize" value="0xfa900000" />
  <attribute name="initialHeapSize" value="0x800000" />
  <attribute name="compressedRefs" value="true" />
  <attribute name="compressedRefsDisplacement" value="0x0" />
  <attribute name="compressedRefsShift" value="0x3" />
  <attribute name="pageSize" value="0x1000" />
  <attribute name="pageType" value="not used" />
  <attribute name="requestedPageSize" value="0x1000" />
  <attribute name="requestedPageType" value="not used" />
  <attribute name="gcthreads" value="16" />
  <attribute name="packetListSplit" value="16" />
  <attribute name="cacheListSplit" value="16" />
  <attribute name="splitFreeListSplitAmount" value="2" />
  <attribute name="numaNodes" value="0" />
  <system>
    <attribute name="physicalMemory" value="16815001600" />
    <attribute name="numCPUs" value="16" />
    <attribute name="architecture" value="amd64" />
    <attribute name="os" value="Linux" />
    <attribute name="osVersion" value="4.15.0" />
  </system>
  <vmargs>
    <vmarg name="-Xoptionsfile=/jdk/lib/options.default" />
    <vmarg name="-Xlockword:mode=default,noLockword=java/lang/String,noLockword=java/util/MapEntry,noLockword=java/util/HashMap$Entry,noLockword..." />
    <vmarg name="-Xjcl:jclse29" />
    <vmarg name="-Dcom.ibm.oti.vm.bootstrap.library.path=/jdk/lib/compressedrefs:/jdk/lib" />
    <vmarg name="-Dsun.boot.library.path=/jdk/lib/compressedrefs:/jdk/lib" />
    <vmarg name="-Djava.library.path=/jdk/lib/compressedrefs:/jdk/lib:/usr/lib64:/usr/lib" />
    <vmarg name="-Djava.home=/jdk" />
    <vmarg name="-Duser.dir=/" />
    <vmarg name="-Xgcelastic" />
    <vmarg name="-Xcheck:gc:::elasticGC" />
    <vmarg name="-Xgcpolicy:optthruput" />
    <vmarg name="-verbose:gc" />
    <vmarg name="-Djava.class.path=dacapo-9.12-MR1-bach.jar" />
    <vmarg name="-Dsun.java.command=dacapo-9.12-MR1-bach.jar avrora jython pmd sunflow xalan --size=large" />
    <vmarg name="-Dsun.java.launcher=SUN_STANDARD" />
    <vmarg name="-Dsun.java.launcher.pid=1" />
  </vmargs>
</initialized>

<exclusive-start id="2" timestamp="2019-08-11T04:20:03.129" intervalms="290.923">
  <response-info timems="0.038" idlems="0.038" threads="0" lastid="0000000002149F00" lastname="main" />
</exclusive-start>
<sys-start reason="explicit" id="3" timestamp="2019-08-11T04:20:03.130" intervalms="290.972" />
<cycle-start id="4" type="global" contextid="0" timestamp="2019-08-11T04:20:03.130" intervalms="290.989" />
<gc-start id="5" type="global" contextid="4" timestamp="2019-08-11T04:20:03.130">
  <mem-info id="6" free="2321544" total="8388608" percent="27">
    <mem type="tenure" free="2321544" total="8388608" percent="27">
      <mem type="soa" free="1902728" total="7969792" percent="23" />
      <mem type="loa" free="418816" total="418816" percent="100" />
    </mem>
  </mem-info>
</gc-start>
<allocation-stats totalBytes="6057104" >
  <allocated-bytes non-tlh="455544" tlh="5601560" />
  <largest-consumer threadName="main" threadId="0000000002149F00" bytes="5976680" />
</allocation-stats>
<gc-op id="7" type="mark" timems="3.842" contextid="4" timestamp="2019-08-11T04:20:03.133">
  <trace-info objectcount="17930" scancount="14853" scanbytes="467556" />
  <finalization candidates="14" enqueued="1" />
  <references type="soft" candidates="66" cleared="0" enqueued="0" dynamicThreshold="32" maxThreshold="32" />
  <references type="weak" candidates="553" cleared="411" enqueued="372" />
  <references type="phantom" candidates="99" cleared="41" enqueued="41" />
  <stringconstants candidates="2455" cleared="0"  />
</gc-op>
<gc-op id="8" type="classunload" timems="0.002" contextid="4" timestamp="2019-08-11T04:20:03.133">
  <classunload-info classloadercandidates="6" classloadersunloaded="0" classesunloaded="0" anonymousclassesunloaded="0" quiescems="0.000" setupms="0.002" scanms="0.000" postms="0.000" />
</gc-op>
<gc-op id="9" type="sweep" timems="1.074" contextid="4" timestamp="2019-08-11T04:20:03.135" />
<mem-info id="10" free="7122312" total="8388608" percent="84">
  <mem type="tenure" free="7122312" total="8388608" percent="84" micro-fragmented="186794" macro-fragmented="0">
    <mem type="soa" free="6703496" total="7969792" percent="84" />
    <mem type="loa" free="418816" total="418816" percent="100" />
  </mem>
  <pending-finalizers system="1" default="0" reference="413" classloader="0" />
</mem-info>
<gc-op id="11" type="compact" timems="4.901" contextid="4" timestamp="2019-08-11T04:20:03.139">
  <compact-info movecount="17929" movebytes="1026600" reason="compact to aid heap contraction" />
</gc-op>
<heap-resize id="12" type="expand" space="tenure" amount="4195287040" count="1" timems="0.016" reason="satisfy allocation request" timestamp="2019-08-11T04:20:03.140" />
<gc-end id="13" type="global" contextid="4" durationms="10.291" usertimems="6.685" systemtimems="10.061" timestamp="2019-08-11T04:20:03.140" activeThreads="16">
  <mem-info id="14" free="4202648960" total="4203675648" percent="99">
    <mem type="tenure" free="4202648960" total="4203675648" percent="99">
      <mem type="soa" free="3992465792" total="3993492480" percent="99" />
      <mem type="loa" free="210183168" total="210183168" percent="100" />
    </mem>
    <pending-finalizers system="1" default="0" reference="413" classloader="0" />
  </mem-info>
</gc-end>
<cycle-end id="15" type="global" contextid="4" timestamp="2019-08-11T04:20:03.140" />
  <attribute name="elasticGC enabled" value="1" />
  <attribute name= "numThreadsSpecified" value="16" />
  <attribute name="heapSize specified" value="8388608" />
  <attribute name="Current GC Util" value="67" />
  <attribute name= "Current Time Running" value="198" />
  <attribute name ="GC Interval" value="0" />
  <attribute name="ProportionalT" value="-6.500000" />
  <attribute name="ProportionalI" value="-6.500000" />
  <attribute name="ProportionalH" value="-6.500000" />
  <attribute name="Current Error" value="-13.000000" />
  <attribute name="IntegralT" value="-7443.500000" />
  <attribute name="IntegralI" value="-7443.500000" />
  <attribute name="IntegralH" value="-7443.500000" />
  <attribute name="DerivativeT" value="-2.600000" />
  <attribute name="DerivativeI" value="-2.600000" />
  <attribute name="DerivativeH" value="-2.600000" />
  <attribute name="Loop Time for DT" value="5.000000" />
  <attribute name="Output H" value="4203675648"/>
  <attribute name="Output I" value="200"/>
  <attribute name="Output T" value="16"/>
  <attribute name="Target GC Util Change" value ="80.000000" />
  <attribute name="Current GC Util Change" value="67.000000"/>
  <attribute name="GC Util currently" value="67" />
  <attribute name="CPU Util currently" value="11" />
<sys-end id="16" timestamp="2019-08-11T04:20:03.140" />
<exclusive-end id="17" timestamp="2019-08-11T04:20:03.140" durationms="10.419" />

===== DaCapo 9.12-MR1 avrora starting =====
===== DaCapo 9.12-MR1 avrora PASSED in 129862 msec =====
WARNING: An illegal reflective access operation has occurred
WARNING: Illegal reflective access by com.google.common.base.internal.Finalizer (file:/./scratch/jar/guava-r07.jar) to field java.lang.Thread.inheritableThreadLocals
WARNING: Please consider reporting this to the maintainers of com.google.common.base.internal.Finalizer
WARNING: Use --illegal-access=warn to enable warnings of further illegal reflective access operations
WARNING: All illegal access operations will be denied in a future release
<exclusive-start id="18" timestamp="2019-08-11T04:22:15.307" intervalms="132177.583">
  <response-info timems="0.035" idlems="0.035" threads="0" lastid="0000000002149F00" lastname="main" />
</exclusive-start>
<sys-start reason="explicit" id="19" timestamp="2019-08-11T04:22:15.307" intervalms="132177.578" />
<cycle-start id="20" type="global" contextid="0" timestamp="2019-08-11T04:22:15.307" intervalms="132177.587" />
<gc-start id="21" type="global" contextid="20" timestamp="2019-08-11T04:22:15.307">
  <mem-info id="22" free="3965829456" total="4203675648" percent="94">
    <mem type="tenure" free="3965829456" total="4203675648" percent="94">
      <mem type="soa" free="3755646288" total="3993492480" percent="94" />
      <mem type="loa" free="210183168" total="210183168" percent="100" />
    </mem>
  </mem-info>
</gc-start>
<allocation-stats totalBytes="236652736" >
  <allocated-bytes non-tlh="3769392" tlh="232883344" />
  <largest-consumer threadName="main" threadId="0000000002149F00" bytes="87530408" />
</allocation-stats>
<gc-op id="23" type="mark" timems="14.105" contextid="20" timestamp="2019-08-11T04:22:15.322">
  <trace-info objectcount="76687" scancount="63850" scanbytes="2130464" />
  <finalization candidates="82" enqueued="2" />
  <ownableSynchronizers candidates="21" cleared="0" />
  <references type="soft" candidates="1641" cleared="0" enqueued="0" dynamicThreshold="31" maxThreshold="32" />
  <references type="weak" candidates="5248" cleared="744" enqueued="580" />
  <references type="phantom" candidates="135" cleared="37" enqueued="37" />
  <stringconstants candidates="10077" cleared="1394"  />
</gc-op>
<gc-op id="24" type="classunload" timems="4.513" contextid="20" timestamp="2019-08-11T04:22:15.326">
  <classunload-info classloadercandidates="18" classloadersunloaded="2" classesunloaded="509" anonymousclassesunloaded="0" quiescems="0.288" setupms="1.570" scanms="2.939" postms="0.004" />
</gc-op>
<gc-op id="25" type="sweep" timems="4.095" contextid="20" timestamp="2019-08-11T04:22:15.330" />
<mem-info id="26" free="4198001056" total="4203675648" percent="99">
  <mem type="tenure" free="4198001056" total="4203675648" percent="99" micro-fragmented="620896" macro-fragmented="0">
    <mem type="soa" free="3987817888" total="3993492480" percent="99" />
    <mem type="loa" free="210183168" total="210183168" percent="100" />
  </mem>
  <pending-finalizers system="2" default="0" reference="617" classloader="0" />
</mem-info>
<gc-op id="27" type="compact" timems="24.832" contextid="20" timestamp="2019-08-11T04:22:15.355">
  <compact-info movecount="76015" movebytes="4668784" reason="compact to aid heap contraction" />
</gc-op>
<gc-end id="28" type="global" contextid="20" durationms="48.767" usertimems="128.408" systemtimems="0.000" timestamp="2019-08-11T04:22:15.356" activeThreads="16">
  <mem-info id="29" free="4198988032" total="4203675648" percent="99">
    <mem type="tenure" free="4198988032" total="4203675648" percent="99">
      <mem type="soa" free="3988804864" total="3993492480" percent="99" />
      <mem type="loa" free="210183168" total="210183168" percent="100" />
    </mem>
    <pending-finalizers system="2" default="0" reference="617" classloader="0" />
  </mem-info>
</gc-end>
<cycle-end id="30" type="global" contextid="20" timestamp="2019-08-11T04:22:15.357" />
  <attribute name="elasticGC enabled" value="1" />
  <attribute name= "numThreadsSpecified" value="16" />
  <attribute name="heapSize specified" value="-91291648" />
  <attribute name="Current GC Util" value="153" />
  <attribute name= "Current Time Running" value="132414" />
  <attribute name ="GC Interval" value="0" />
  <attribute name="ProportionalT" value="36.500000" />
  <attribute name="ProportionalI" value="36.500000" />
  <attribute name="ProportionalH" value="36.500000" />
  <attribute name="Current Error" value="73.000000" />
  <attribute name="IntegralT" value="912.500000" />
  <attribute name="IntegralI" value="912.500000" />
  <attribute name="IntegralH" value="912.500000" />
  <attribute name="DerivativeT" value="-9.280000" />
  <attribute name="DerivativeI" value="-9.280000" />
  <attribute name="DerivativeH" value="-9.280000" />
  <attribute name="Loop Time for DT" value="25.000000" />
  <attribute name="Output H" value="8388608"/>
  <attribute name="Output I" value="944"/>
  <attribute name="Output T" value="16"/>
  <attribute name="Target GC Util Change" value ="80.000000" />
  <attribute name="Current GC Util Change" value="153.000000"/>
  <attribute name="GC Util currently" value="153" />
  <attribute name="CPU Util currently" value="46365119427" />
<sys-end id="31" timestamp="2019-08-11T04:22:15.357" />
<exclusive-end id="32" timestamp="2019-08-11T04:22:15.357" durationms="50.002" />

===== DaCapo 9.12-MR1 jython starting =====
-------------------------------------------------------------------------------
PYBENCH 2.0
-------------------------------------------------------------------------------
* using Python 2.5.2
* system check interval set to maximum: 2147483647
* using timer: time.time

Calibrating tests. Please wait...

Running 4 round(s) of the suite at warp factor 10:

* Round 1 done in 35.531 seconds.
<exclusive-start id="33" timestamp="2019-08-11T04:22:53.830" intervalms="38523.346">
  <response-info timems="0.016" idlems="0.016" threads="0" lastid="0000000002149F00" lastname="main" />
</exclusive-start>
<af-start id="34" threadId="000000000214A888" totalBytesRequested="1168" timestamp="2019-08-11T04:22:53.830" intervalms="170991.900" />
<cycle-start id="35" type="global" contextid="0" timestamp="2019-08-11T04:22:53.830" intervalms="38523.361" />
<gc-start id="36" type="global" contextid="35" timestamp="2019-08-11T04:22:53.831">
  <mem-info id="37" free="210183168" total="4203675648" percent="4">
    <mem type="tenure" free="210183168" total="4203675648" percent="4">
      <mem type="soa" free="0" total="3993492480" percent="0" />
      <mem type="loa" free="210183168" total="210183168" percent="100" />
    </mem>
  </mem-info>
</gc-start>
<allocation-stats totalBytes="3984071240" >
  <allocated-bytes non-tlh="14457152" tlh="3969614088" />
  <largest-consumer threadName="main" threadId="0000000002149F00" bytes="3984042904" />
</allocation-stats>
<gc-op id="38" type="mark" timems="17.833" contextid="35" timestamp="2019-08-11T04:22:53.848">
  <trace-info objectcount="610593" scancount="530552" scanbytes="13693396" />
  <finalization candidates="85" enqueued="5" />
  <ownableSynchronizers candidates="21" cleared="0" />
  <references type="soft" candidates="4868" cleared="0" enqueued="0" dynamicThreshold="31" maxThreshold="32" />
  <references type="weak" candidates="5781" cleared="81" enqueued="72" />
  <references type="phantom" candidates="100" cleared="2" enqueued="2" />
  <stringconstants candidates="13868" cleared="24"  />
</gc-op>
<gc-op id="39" type="classunload" timems="0.432" contextid="35" timestamp="2019-08-11T04:22:53.849">
  <classunload-info classloadercandidates="59" classloadersunloaded="3" classesunloaded="3" anonymousclassesunloaded="0" quiescems="0.000" setupms="0.414" scanms="0.014" postms="0.004" />
</gc-op>
<gc-op id="40" type="sweep" timems="5.338" contextid="35" timestamp="2019-08-11T04:22:53.854" />
<mem-info id="41" free="4173963352" total="4203675648" percent="99">
  <mem type="tenure" free="4173963352" total="4203675648" percent="99" micro-fragmented="1620370" macro-fragmented="0">
    <mem type="soa" free="3963780184" total="3993492480" percent="99" />
    <mem type="loa" free="210183168" total="210183168" percent="100" />
  </mem>
  <pending-finalizers system="0" default="5" reference="74" classloader="0" />
</mem-info>
<gc-op id="42" type="compact" timems="30.128" contextid="35" timestamp="2019-08-11T04:22:53.885">
  <compact-info movecount="606985" movebytes="18194800" reason="compact to aid heap contraction" />
</gc-op>
<gc-end id="43" type="global" contextid="35" durationms="54.535" usertimems="279.145" systemtimems="0.000" timestamp="2019-08-11T04:22:53.885" activeThreads="16">
  <mem-info id="44" free="4185234720" total="4203675648" percent="99">
    <mem type="tenure" free="4185234720" total="4203675648" percent="99">
      <mem type="soa" free="3975051552" total="3993492480" percent="99" />
      <mem type="loa" free="210183168" total="210183168" percent="100" />
    </mem>
    <pending-finalizers system="0" default="5" reference="74" classloader="0" />
  </mem-info>
</gc-end>
<cycle-end id="45" type="global" contextid="35" timestamp="2019-08-11T04:22:53.885" />
  <attribute name="elasticGC enabled" value="1" />
  <attribute name= "numThreadsSpecified" value="16" />
  <attribute name="heapSize specified" value="-91291648" />
  <attribute name="Current GC Util" value="550" />
  <attribute name= "Current Time Running" value="170943" />
  <attribute name ="GC Interval" value="0" />
  <attribute name="ProportionalT" value="235.000000" />
  <attribute name="ProportionalI" value="235.000000" />
  <attribute name="ProportionalH" value="235.000000" />
  <attribute name="Current Error" value="470.000000" />
  <attribute name="IntegralT" value="7050.000000" />
  <attribute name="IntegralI" value="7050.000000" />
  <attribute name="IntegralH" value="7050.000000" />
  <attribute name="DerivativeT" value="1.933333" />
  <attribute name="DerivativeI" value="1.933333" />
  <attribute name="DerivativeH" value="1.933333" />
  <attribute name="Loop Time for DT" value="30.000000" />
  <attribute name="Output H" value="8388608"/>
  <attribute name="Output I" value="4000"/>
  <attribute name="Output T" value="16"/>
  <attribute name="Target GC Util Change" value ="80.000000" />
  <attribute name="Current GC Util Change" value="550.000000"/>
  <attribute name="GC Util currently" value="550" />
  <attribute name="CPU Util currently" value="38230825626" />
<allocation-satisfied id="46" threadId="0000000002149F00" bytesRequested="1168" />
<af-end id="47" timestamp="2019-08-11T04:22:53.885" threadId="000000000214A888" success="true" />
<exclusive-end id="48" timestamp="2019-08-11T04:22:53.885" durationms="54.907" />

* Round 2 done in 2.163 seconds.
<exclusive-start id="49" timestamp="2019-08-11T04:22:56.110" intervalms="2279.684">
  <response-info timems="0.019" idlems="0.019" threads="0" lastid="0000000002149F00" lastname="main" />
</exclusive-start>
<af-start id="50" threadId="000000000214A888" totalBytesRequested="120" timestamp="2019-08-11T04:22:56.110" intervalms="2279.687" />
<cycle-start id="51" type="global" contextid="0" timestamp="2019-08-11T04:22:56.110" intervalms="2279.676" />
<gc-start id="52" type="global" contextid="51" timestamp="2019-08-11T04:22:56.110">
  <mem-info id="53" free="210183168" total="4203675648" percent="4">
    <mem type="tenure" free="210183168" total="4203675648" percent="4">
      <mem type="soa" free="0" total="3993492480" percent="0" />
      <mem type="loa" free="210183168" total="210183168" percent="100" />
    </mem>
  </mem-info>
</gc-start>
<allocation-stats totalBytes="3970673712" >
  <allocated-bytes non-tlh="120" tlh="3970673592" />
  <largest-consumer threadName="main" threadId="0000000002149F00" bytes="3970661304" />
</allocation-stats>
<gc-op id="54" type="mark" timems="11.565" contextid="51" timestamp="2019-08-11T04:22:56.122">
  <trace-info objectcount="610379" scancount="530425" scanbytes="13689472" />
  <finalization candidates="80" enqueued="0" />
  <ownableSynchronizers candidates="21" cleared="0" />
  <references type="soft" candidates="4868" cleared="0" enqueued="0" dynamicThreshold="31" maxThreshold="32" />
  <references type="weak" candidates="5754" cleared="14" enqueued="6" />
  <references type="phantom" candidates="98" cleared="1" enqueued="1" />
  <stringconstants candidates="13846" cleared="0"  />
</gc-op>
<gc-op id="55" type="sweep" timems="3.799" contextid="51" timestamp="2019-08-11T04:22:56.126" />
<mem-info id="56" free="4185312712" total="4203675648" percent="99">
  <mem type="tenure" free="4185312712" total="4203675648" percent="99" micro-fragmented="48023" macro-fragmented="0">
    <mem type="soa" free="3975129544" total="3993492480" percent="99" />
    <mem type="loa" free="210183168" total="210183168" percent="100" />
  </mem>
  <pending-finalizers system="0" default="0" reference="7" classloader="0" />
</mem-info>
<gc-op id="57" type="compact" timems="39.941" contextid="51" timestamp="2019-08-11T04:22:56.166">
  <compact-info movecount="522265" movebytes="14901832" reason="compact to aid heap contraction" />
</gc-op>
<gc-end id="58" type="global" contextid="51" durationms="56.194" usertimems="325.502" systemtimems="0.000" timestamp="2019-08-11T04:22:56.166" activeThreads="16">
  <mem-info id="59" free="4185271664" total="4203675648" percent="99">
    <mem type="tenure" free="4185271664" total="4203675648" percent="99">
      <mem type="soa" free="3975088496" total="3993492480" percent="99" />
      <mem type="loa" free="210183168" total="210183168" percent="100" />
    </mem>
    <pending-finalizers system="0" default="0" reference="7" classloader="0" />
  </mem-info>
</gc-end>
<cycle-end id="60" type="global" contextid="51" timestamp="2019-08-11T04:22:56.166" />
  <attribute name="elasticGC enabled" value="1" />
  <attribute name= "numThreadsSpecified" value="16" />
  <attribute name="heapSize specified" value="-91291648" />
  <attribute name="Current GC Util" value="500" />
  <attribute name= "Current Time Running" value="173225" />
  <attribute name ="GC Interval" value="0" />
  <attribute name="ProportionalT" value="210.000000" />
  <attribute name="ProportionalI" value="210.000000" />
  <attribute name="ProportionalH" value="210.000000" />
  <attribute name="Current Error" value="420.000000" />
  <attribute name="IntegralT" value="8400.000000" />
  <attribute name="IntegralI" value="8400.000000" />
  <attribute name="IntegralH" value="8400.000000" />
  <attribute name="DerivativeT" value="-3.675000" />
  <attribute name="DerivativeI" value="-3.675000" />
  <attribute name="DerivativeH" value="-3.675000" />
  <attribute name="Loop Time for DT" value="40.000000" />
  <attribute name="Output H" value="8388608"/>
  <attribute name="Output I" value="4000"/>
  <attribute name="Output T" value="16"/>
  <attribute name="Target GC Util Change" value ="80.000000" />
  <attribute name="Current GC Util Change" value="500.000000"/>
  <attribute name="GC Util currently" value="500" />
  <attribute name="CPU Util currently" value="28838710654" />
<allocation-satisfied id="61" threadId="0000000002149F00" bytesRequested="120" />
<af-end id="62" timestamp="2019-08-11T04:22:56.166" threadId="000000000214A888" success="true" />
<exclusive-end id="63" timestamp="2019-08-11T04:22:56.166" durationms="56.399" />

* Round 3 done in 2.168 seconds.
<exclusive-start id="64" timestamp="2019-08-11T04:22:59.300" intervalms="3189.485">
  <response-info timems="0.021" idlems="0.021" threads="0" lastid="0000000002149F00" lastname="main" />
</exclusive-start>
<af-start id="65" threadId="000000000214A888" totalBytesRequested="16" timestamp="2019-08-11T04:22:59.300" intervalms="3189.485" />
<cycle-start id="66" type="global" contextid="0" timestamp="2019-08-11T04:22:59.300" intervalms="3189.483" />
<gc-start id="67" type="global" contextid="66" timestamp="2019-08-11T04:22:59.300">
  <mem-info id="68" free="210183168" total="4203675648" percent="4">
    <mem type="tenure" free="210183168" total="4203675648" percent="4">
      <mem type="soa" free="0" total="3993492480" percent="0" />
      <mem type="loa" free="210183168" total="210183168" percent="100" />
    </mem>
  </mem-info>
</gc-start>
<allocation-stats totalBytes="3971497176" >
  <allocated-bytes non-tlh="0" tlh="3971497176" />
  <largest-consumer threadName="main" threadId="0000000002149F00" bytes="3971497176" />
</allocation-stats>
<gc-op id="69" type="mark" timems="14.689" contextid="66" timestamp="2019-08-11T04:22:59.314">
  <trace-info objectcount="610481" scancount="530500" scanbytes="13692360" />
  <finalization candidates="80" enqueued="0" />
  <ownableSynchronizers candidates="21" cleared="0" />
  <references type="soft" candidates="4868" cleared="0" enqueued="0" dynamicThreshold="31" maxThreshold="32" />
  <references type="weak" candidates="5765" cleared="7" enqueued="3" />
  <references type="phantom" candidates="97" cleared="0" enqueued="0" />
  <stringconstants candidates="13846" cleared="0"  />
</gc-op>
<gc-op id="70" type="sweep" timems="4.157" contextid="66" timestamp="2019-08-11T04:22:59.319" />
<mem-info id="71" free="4185319872" total="4203675648" percent="99">
  <mem type="tenure" free="4185319872" total="4203675648" percent="99" micro-fragmented="0" macro-fragmented="0">
    <mem type="soa" free="3975136704" total="3993492480" percent="99" />
    <mem type="loa" free="210183168" total="210183168" percent="100" />
  </mem>
  <pending-finalizers system="0" default="0" reference="3" classloader="0" />
</mem-info>
<gc-op id="72" type="compact" timems="39.956" contextid="66" timestamp="2019-08-11T04:22:59.359">
  <compact-info movecount="307530" movebytes="8322360" reason="compact to aid heap contraction" />
</gc-op>
<gc-end id="73" type="global" contextid="66" durationms="59.509" usertimems="344.327" systemtimems="0.000" timestamp="2019-08-11T04:22:59.359" activeThreads="16">
  <mem-info id="74" free="4185268728" total="4203675648" percent="99">
    <mem type="tenure" free="4185268728" total="4203675648" percent="99">
      <mem type="soa" free="3975085560" total="3993492480" percent="99" />
      <mem type="loa" free="210183168" total="210183168" percent="100" />
    </mem>
    <pending-finalizers system="0" default="0" reference="3" classloader="0" />
  </mem-info>
</gc-end>
<cycle-end id="75" type="global" contextid="66" timestamp="2019-08-11T04:22:59.359" />
  <attribute name="elasticGC enabled" value="1" />
  <attribute name= "numThreadsSpecified" value="16" />
  <attribute name="heapSize specified" value="-91291648" />
  <attribute name="Current GC Util" value="522" />
  <attribute name= "Current Time Running" value="176418" />
  <attribute name ="GC Interval" value="0" />
  <attribute name="ProportionalT" value="221.000000" />
  <attribute name="ProportionalI" value="221.000000" />
  <attribute name="ProportionalH" value="221.000000" />
  <attribute name="Current Error" value="442.000000" />
  <attribute name="IntegralT" value="8840.000000" />
  <attribute name="IntegralI" value="8840.000000" />
  <attribute name="IntegralH" value="8840.000000" />
  <attribute name="DerivativeT" value="1.675000" />
  <attribute name="DerivativeI" value="1.675000" />
  <attribute name="DerivativeH" value="1.675000" />
  <attribute name="Loop Time for DT" value="40.000000" />
  <attribute name="Output H" value="8388608"/>
  <attribute name="Output I" value="4000"/>
  <attribute name="Output T" value="16"/>
  <attribute name="Target GC Util Change" value ="80.000000" />
  <attribute name="Current GC Util Change" value="522.000000"/>
  <attribute name="GC Util currently" value="522" />
  <attribute name="CPU Util currently" value="28836667850" />
<allocation-satisfied id="76" threadId="0000000002149F00" bytesRequested="16" />
<af-end id="77" timestamp="2019-08-11T04:22:59.359" threadId="000000000214A888" success="true" />
<exclusive-end id="78" timestamp="2019-08-11T04:22:59.359" durationms="59.818" />

* Round 4 done in 2.099 seconds.

-------------------------------------------------------------------------------
Benchmark: 2019-08-11 04:22:17
-------------------------------------------------------------------------------

    Rounds: 4
    Warp:   10
    Timer:  time.time

Test                             minimum  average  operation  overhead
-------------------------------------------------------------------------------
          BuiltinFunctionCalls:     14ms     50ms    0.10us    0.000ms
           BuiltinMethodLookup:     44ms     91ms    0.09us    0.000ms
                 CompareFloats:     15ms    116ms    0.10us    0.000ms
         CompareFloatsIntegers:     20ms     88ms    0.10us    0.000ms
               CompareIntegers:     22ms     82ms    0.05us    0.000ms
        CompareInternedStrings:     34ms    137ms    0.09us    0.000ms
                  CompareLongs:     17ms     63ms    0.06us    0.000ms
                CompareStrings:     25ms     73ms    0.07us    0.000ms
                CompareUnicode:     20ms     59ms    0.08us    0.000ms
                 ConcatStrings:     61ms    163ms    0.33us    0.000ms
                 ConcatUnicode:     38ms    139ms    0.46us    0.000ms
               CreateInstances:     35ms    181ms    1.62us    0.000ms
            CreateNewInstances:     50ms    212ms    2.53us    0.000ms
       CreateStringsWithConcat:     37ms    249ms    0.25us    0.000ms
       CreateUnicodeWithConcat:     17ms     77ms    0.19us    0.000ms
                  DictCreation:     27ms    144ms    0.36us    0.000ms
             DictWithFloatKeys:     15ms    140ms    0.16us    0.000ms
           DictWithIntegerKeys:     18ms     60ms    0.05us    0.000ms
            DictWithStringKeys:     19ms     60ms    0.05us    0.000ms
                      ForLoops:     96ms    165ms    6.58us    0.000ms
                    IfThenElse:     20ms    293ms    0.22us    0.000ms
                   ListSlicing:      7ms     81ms    5.82us    0.000ms
                NestedForLoops:     82ms    388ms    0.26us    0.000ms
          NormalClassAttribute:     23ms    317ms    0.26us    0.000ms
       NormalInstanceAttribute:     24ms    296ms    0.25us    0.000ms
           PythonFunctionCalls:     23ms    414ms    1.25us    0.000ms
             PythonMethodCalls:     30ms    268ms    1.19us    0.000ms
                     Recursion:     37ms    694ms   13.87us    0.000ms
                  SecondImport:     31ms    281ms    2.81us    0.000ms
           SecondPackageImport:     34ms     47ms    0.47us    0.000ms
         SecondSubmoduleImport:     52ms     78ms    0.78us    0.000ms
       SimpleComplexArithmetic:     14ms    135ms    0.15us    0.000ms
        SimpleDictManipulation:     24ms    420ms    0.35us    0.000ms
         SimpleFloatArithmetic:     18ms    650ms    0.49us    0.000ms
      SimpleIntFloatArithmetic:     18ms    373ms    0.28us    0.000ms
       SimpleIntegerArithmetic:     20ms    230ms    0.17us    0.000ms
        SimpleListManipulation:     38ms    323ms    0.28us    0.000ms
          SimpleLongArithmetic:     20ms    211ms    0.32us    0.000ms
                    SmallLists:     42ms    184ms    0.27us    0.000ms
                   SmallTuples:     41ms    426ms    0.79us    0.000ms
         SpecialClassAttribute:     23ms    183ms    0.15us    0.000ms
      SpecialInstanceAttribute:     23ms    145ms    0.12us    0.000ms
                StringMappings:     63ms    528ms    2.09us    0.000ms
              StringPredicates:     44ms    193ms    0.28us    0.000ms
                 StringSlicing:     26ms     69ms    0.12us    0.000ms
                     TryExcept:      2ms     23ms    0.01us    0.000ms
                TryRaiseExcept:     79ms    100ms    1.57us    0.000ms
                  TupleSlicing:     17ms     32ms    0.12us    0.000ms
               UnicodeMappings:     80ms    186ms    5.17us    0.000ms
             UnicodePredicates:     44ms     81ms    0.15us    0.000ms
             UnicodeProperties:    318ms    437ms    1.09us    0.000ms
                UnicodeSlicing:     28ms     54ms    0.11us    0.000ms
-------------------------------------------------------------------------------
Totals:                           1969ms  10490ms

===== DaCapo 9.12-MR1 jython PASSED in 44606 msec =====
<exclusive-start id="79" timestamp="2019-08-11T04:23:00.138" intervalms="838.413">
  <response-info timems="0.180" idlems="0.180" threads="0" lastid="0000000002149F00" lastname="main" />
</exclusive-start>
<sys-start reason="explicit" id="80" timestamp="2019-08-11T04:23:00.138" intervalms="44830.939" />
<cycle-start id="81" type="global" contextid="0" timestamp="2019-08-11T04:23:00.138" intervalms="838.421" />
<gc-start id="82" type="global" contextid="81" timestamp="2019-08-11T04:23:00.138">
  <mem-info id="83" free="3260200184" total="4203675648" percent="77">
    <mem type="tenure" free="3260200184" total="4203675648" percent="77">
      <mem type="soa" free="3050017016" total="3993492480" percent="76" />
      <mem type="loa" free="210183168" total="210183168" percent="100" />
    </mem>
  </mem-info>
</gc-start>
<allocation-stats totalBytes="909690768" >
  <allocated-bytes non-tlh="73809336" tlh="835881432" />
  <largest-consumer threadName="main" threadId="0000000002149F00" bytes="909690768" />
</allocation-stats>
<gc-op id="84" type="mark" timems="28.833" contextid="81" timestamp="2019-08-11T04:23:00.167">
  <trace-info objectcount="611063" scancount="530356" scanbytes="13694644" />
  <finalization candidates="81" enqueued="1" />
  <ownableSynchronizers candidates="24" cleared="3" />
  <references type="soft" candidates="4875" cleared="0" enqueued="0" dynamicThreshold="31" maxThreshold="32" />
  <references type="weak" candidates="5829" cleared="60" enqueued="60" />
  <references type="phantom" candidates="133" cleared="11" enqueued="11" />
  <stringconstants candidates="14264" cleared="8"  />
</gc-op>
<gc-op id="85" type="classunload" timems="0.449" contextid="81" timestamp="2019-08-11T04:23:00.167">
  <classunload-info classloadercandidates="57" classloadersunloaded="2" classesunloaded="2" anonymousclassesunloaded="0" quiescems="0.000" setupms="0.433" scanms="0.013" postms="0.003" />
</gc-op>
<gc-op id="86" type="sweep" timems="5.186" contextid="81" timestamp="2019-08-11T04:23:00.173" />
<mem-info id="87" free="4184681280" total="4203675648" percent="99">
  <mem type="tenure" free="4184681280" total="4203675648" percent="99" micro-fragmented="139556" macro-fragmented="0">
    <mem type="soa" free="3974498112" total="3993492480" percent="99" />
    <mem type="loa" free="210183168" total="210183168" percent="100" />
  </mem>
  <pending-finalizers system="1" default="0" reference="71" classloader="0" />
</mem-info>
<gc-op id="88" type="compact" timems="62.620" contextid="81" timestamp="2019-08-11T04:23:00.236">
  <compact-info movecount="515788" movebytes="15396528" reason="compact to aid heap contraction" />
</gc-op>
<gc-end id="89" type="global" contextid="81" durationms="98.398" usertimems="451.089" systemtimems="0.000" timestamp="2019-08-11T04:23:00.237" activeThreads="16">
  <mem-info id="90" free="4184830680" total="4203675648" percent="99">
    <mem type="tenure" free="4184830680" total="4203675648" percent="99">
      <mem type="soa" free="3974647512" total="3993492480" percent="99" />
      <mem type="loa" free="210183168" total="210183168" percent="100" />
    </mem>
    <pending-finalizers system="1" default="0" reference="71" classloader="0" />
  </mem-info>
</gc-end>
<cycle-end id="91" type="global" contextid="81" timestamp="2019-08-11T04:23:00.237" />
  <attribute name="elasticGC enabled" value="1" />
  <attribute name= "numThreadsSpecified" value="16" />
  <attribute name="heapSize specified" value="-91291648" />
  <attribute name="Current GC Util" value="353" />
  <attribute name= "Current Time Running" value="177295" />
  <attribute name ="GC Interval" value="0" />
  <attribute name="ProportionalT" value="136.500000" />
  <attribute name="ProportionalI" value="136.500000" />
  <attribute name="ProportionalH" value="136.500000" />
  <attribute name="Current Error" value="273.000000" />
  <attribute name="IntegralT" value="8599.500000" />
  <attribute name="IntegralI" value="8599.500000" />
  <attribute name="IntegralH" value="8599.500000" />
  <attribute name="DerivativeT" value="-1.269841" />
  <attribute name="DerivativeI" value="-1.269841" />
  <attribute name="DerivativeH" value="-1.269841" />
  <attribute name="Loop Time for DT" value="63.000000" />
  <attribute name="Output H" value="8388608"/>
  <attribute name="Output I" value="4000"/>
  <attribute name="Output T" value="16"/>
  <attribute name="Target GC Util Change" value ="80.000000" />
  <attribute name="Current GC Util Change" value="353.000000"/>
  <attribute name="GC Util currently" value="353" />
  <attribute name="CPU Util currently" value="18404682915" />
<sys-end id="92" timestamp="2019-08-11T04:23:00.237" />
<exclusive-end id="93" timestamp="2019-08-11T04:23:00.237" durationms="98.715" />

===== DaCapo 9.12-MR1 pmd starting =====
===== DaCapo 9.12-MR1 pmd PASSED in 2132 msec =====
Using scaled threading model. 16 processors detected, 16 threads used to drive the workload, in a possible range of [1,512]
<exclusive-start id="94" timestamp="2019-08-11T04:23:02.506" intervalms="2368.395">
  <response-info timems="0.056" idlems="0.056" threads="0" lastid="0000000002149F00" lastname="main" />
</exclusive-start>
<sys-start reason="explicit" id="95" timestamp="2019-08-11T04:23:02.506" intervalms="2368.391" />
<cycle-start id="96" type="global" contextid="0" timestamp="2019-08-11T04:23:02.506" intervalms="2368.388" />
<gc-start id="97" type="global" contextid="96" timestamp="2019-08-11T04:23:02.507">
  <mem-info id="98" free="3565973056" total="4203675648" percent="84">
    <mem type="tenure" free="3565973056" total="4203675648" percent="84">
      <mem type="soa" free="3355789888" total="3993492480" percent="84" />
      <mem type="loa" free="210183168" total="210183168" percent="100" />
    </mem>
  </mem-info>
</gc-start>
<allocation-stats totalBytes="618579168" >
  <allocated-bytes non-tlh="4046688" tlh="614532480" />
  <largest-consumer threadName="main" threadId="0000000002149F00" bytes="18358712" />
</allocation-stats>
<gc-op id="99" type="mark" timems="18.506" contextid="96" timestamp="2019-08-11T04:23:02.525">
  <trace-info objectcount="639058" scancount="553668" scanbytes="14438392" />
  <finalization candidates="153" enqueued="2" />
  <ownableSynchronizers candidates="42" cleared="19" />
  <references type="soft" candidates="4909" cleared="0" enqueued="0" dynamicThreshold="31" maxThreshold="32" />
  <references type="weak" candidates="12187" cleared="5938" enqueued="5863" />
  <references type="phantom" candidates="1600" cleared="747" enqueued="747" />
  <stringconstants candidates="16396" cleared="1775"  />
</gc-op>
<gc-op id="100" type="classunload" timems="13.311" contextid="96" timestamp="2019-08-11T04:23:02.538">
  <classunload-info classloadercandidates="64" classloadersunloaded="9" classesunloaded="1011" anonymousclassesunloaded="0" quiescems="0.000" setupms="5.859" scanms="7.442" postms="0.010" />
</gc-op>
<gc-op id="101" type="sweep" timems="6.948" contextid="96" timestamp="2019-08-11T04:23:02.545" />
<mem-info id="102" free="4179183472" total="4203675648" percent="99">
  <mem type="tenure" free="4179183472" total="4203675648" percent="99" micro-fragmented="114948" macro-fragmented="0">
    <mem type="soa" free="3969000304" total="3993492480" percent="99" />
    <mem type="loa" free="210183168" total="210183168" percent="100" />
  </mem>
  <pending-finalizers system="2" default="0" reference="6610" classloader="0" />
</mem-info>
<gc-op id="103" type="compact" timems="56.040" contextid="96" timestamp="2019-08-11T04:23:02.602">
  <compact-info movecount="626546" movebytes="23375808" reason="compact to aid heap contraction" />
</gc-op>
<gc-end id="104" type="global" contextid="96" durationms="95.950" usertimems="432.188" systemtimems="0.000" timestamp="2019-08-11T04:23:02.602" activeThreads="16">
  <mem-info id="105" free="4179881672" total="4203675648" percent="99">
    <mem type="tenure" free="4179881672" total="4203675648" percent="99">
      <mem type="soa" free="3969698504" total="3993492480" percent="99" />
      <mem type="loa" free="210183168" total="210183168" percent="100" />
    </mem>
    <pending-finalizers system="2" default="0" reference="6610" classloader="0" />
  </mem-info>
</gc-end>
<cycle-end id="106" type="global" contextid="96" timestamp="2019-08-11T04:23:02.604" />
  <attribute name="elasticGC enabled" value="1" />
  <attribute name= "numThreadsSpecified" value="16" />
  <attribute name="heapSize specified" value="-91291648" />
  <attribute name="Current GC Util" value="483" />
  <attribute name= "Current Time Running" value="179661" />
  <attribute name ="GC Interval" value="0" />
  <attribute name="ProportionalT" value="201.500000" />
  <attribute name="ProportionalI" value="201.500000" />
  <attribute name="ProportionalH" value="201.500000" />
  <attribute name="Current Error" value="403.000000" />
  <attribute name="IntegralT" value="11284.000000" />
  <attribute name="IntegralI" value="11284.000000" />
  <attribute name="IntegralH" value="11284.000000" />
  <attribute name="DerivativeT" value="0.107143" />
  <attribute name="DerivativeI" value="0.107143" />
  <attribute name="DerivativeH" value="0.107143" />
  <attribute name="Loop Time for DT" value="56.000000" />
  <attribute name="Output H" value="8388608"/>
  <attribute name="Output I" value="4000"/>
  <attribute name="Output T" value="16"/>
  <attribute name="Target GC Util Change" value ="80.000000" />
  <attribute name="Current GC Util Change" value="483.000000"/>
  <attribute name="GC Util currently" value="483" />
  <attribute name="CPU Util currently" value="20563648825" />
<sys-end id="107" timestamp="2019-08-11T04:23:02.604" />
<exclusive-end id="108" timestamp="2019-08-11T04:23:02.604" durationms="97.615" />

===== DaCapo 9.12-MR1 sunflow starting =====
<exclusive-start id="109" timestamp="2019-08-11T04:23:07.164" intervalms="4657.687">
  <response-info timems="4.915" idlems="4.915" threads="0" lastid="0000000002470200" lastname="Thread-26" />
</exclusive-start>
<af-start id="110" threadId="0000000002470B88" totalBytesRequested="40" timestamp="2019-08-11T04:23:07.164" intervalms="7864.623" />
<cycle-start id="111" type="global" contextid="0" timestamp="2019-08-11T04:23:07.164" intervalms="4657.907" />
<gc-start id="112" type="global" contextid="111" timestamp="2019-08-11T04:23:07.165">
  <mem-info id="113" free="210183168" total="4203675648" percent="4">
    <mem type="tenure" free="210183168" total="4203675648" percent="4">
      <mem type="soa" free="0" total="3993492480" percent="0" />
      <mem type="loa" free="210183168" total="210183168" percent="100" />
    </mem>
  </mem-info>
</gc-start>
<allocation-stats totalBytes="3969136720" >
  <allocated-bytes non-tlh="3153296" tlh="3965983424" />
  <largest-consumer threadName="Thread-21" threadId="0000000002459A00" bytes="347539984" />
</allocation-stats>
<gc-op id="114" type="mark" timems="16.069" contextid="111" timestamp="2019-08-11T04:23:07.181">
  <trace-info objectcount="753046" scancount="669036" scanbytes="19547592" />
  <finalization candidates="151" enqueued="0" />
  <ownableSynchronizers candidates="23" cleared="0" />
  <references type="soft" candidates="4924" cleared="0" enqueued="0" dynamicThreshold="31" maxThreshold="32" />
  <references type="weak" candidates="6287" cleared="25" enqueued="25" />
  <references type="phantom" candidates="835" cleared="0" enqueued="0" />
  <stringconstants candidates="15175" cleared="2"  />
</gc-op>
<gc-op id="115" type="sweep" timems="4.631" contextid="111" timestamp="2019-08-11T04:23:07.186" />
<mem-info id="116" free="4173752112" total="4203675648" percent="99">
  <mem type="tenure" free="4173752112" total="4203675648" percent="99" micro-fragmented="870551" macro-fragmented="2592282">
    <mem type="soa" free="3963568944" total="3993492480" percent="99" />
    <mem type="loa" free="210183168" total="210183168" percent="100" />
  </mem>
  <pending-finalizers system="0" default="0" reference="25" classloader="0" />
</mem-info>
<gc-op id="117" type="compact" timems="53.544" contextid="111" timestamp="2019-08-11T04:23:07.239">
  <compact-info movecount="685069" movebytes="25626680" reason="compact to aid heap contraction" />
</gc-op>
<gc-end id="118" type="global" contextid="111" durationms="75.947" usertimems="451.353" systemtimems="26.957" timestamp="2019-08-11T04:23:07.240" activeThreads="16">
  <mem-info id="119" free="4175470440" total="4203675648" percent="99">
    <mem type="tenure" free="4175470440" total="4203675648" percent="99">
      <mem type="soa" free="3965287272" total="3993492480" percent="99" />
      <mem type="loa" free="210183168" total="210183168" percent="100" />
    </mem>
    <pending-finalizers system="0" default="0" reference="25" classloader="0" />
  </mem-info>
</gc-end>
<cycle-end id="120" type="global" contextid="111" timestamp="2019-08-11T04:23:07.242" />
  <attribute name="elasticGC enabled" value="1" />
  <attribute name= "numThreadsSpecified" value="16" />
  <attribute name="heapSize specified" value="-91291648" />
  <attribute name="Current GC Util" value="519" />
  <attribute name= "Current Time Running" value="184299" />
  <attribute name ="GC Interval" value="0" />
  <attribute name="ProportionalT" value="219.500000" />
  <attribute name="ProportionalI" value="219.500000" />
  <attribute name="ProportionalH" value="219.500000" />
  <attribute name="Current Error" value="439.000000" />
  <attribute name="IntegralT" value="11853.000000" />
  <attribute name="IntegralI" value="11853.000000" />
  <attribute name="IntegralH" value="11853.000000" />
  <attribute name="DerivativeT" value="-1.425926" />
  <attribute name="DerivativeI" value="-1.425926" />
  <attribute name="DerivativeH" value="-1.425926" />
  <attribute name="Loop Time for DT" value="54.000000" />
  <attribute name="Output H" value="8388608"/>
  <attribute name="Output I" value="4000"/>
  <attribute name="Output T" value="16"/>
  <attribute name="Target GC Util Change" value ="80.000000" />
  <attribute name="Current GC Util Change" value="519.000000"/>
  <attribute name="GC Util currently" value="519" />
  <attribute name="CPU Util currently" value="21455266561" />
<allocation-satisfied id="121" threadId="0000000002470200" bytesRequested="40" />
<af-end id="122" timestamp="2019-08-11T04:23:07.242" threadId="0000000002470B88" success="true" />
<exclusive-end id="123" timestamp="2019-08-11T04:23:07.242" durationms="78.268" />

===== DaCapo 9.12-MR1 sunflow PASSED in 7887 msec =====
Using scaled threading model. 16 processors detected, 16 threads used to drive the workload, in a possible range of [1,1000]
<exclusive-start id="124" timestamp="2019-08-11T04:23:10.759" intervalms="3594.920">
  <response-info timems="0.059" idlems="0.059" threads="0" lastid="0000000002149F00" lastname="main" />
</exclusive-start>
<sys-start reason="explicit" id="125" timestamp="2019-08-11T04:23:10.759" intervalms="8252.603" />
<cycle-start id="126" type="global" contextid="0" timestamp="2019-08-11T04:23:10.759" intervalms="3594.699" />
<gc-start id="127" type="global" contextid="126" timestamp="2019-08-11T04:23:10.759">
  <mem-info id="128" free="252105208" total="4203675648" percent="5">
    <mem type="tenure" free="252105208" total="4203675648" percent="5">
      <mem type="soa" free="41922040" total="3993492480" percent="1" />
      <mem type="loa" free="210183168" total="210183168" percent="100" />
    </mem>
  </mem-info>
</gc-start>
<allocation-stats totalBytes="3923102520" >
  <allocated-bytes non-tlh="371056" tlh="3922731464" />
  <largest-consumer threadName="main" threadId="0000000002149F00" bytes="11344216" />
</allocation-stats>
<gc-op id="129" type="mark" timems="23.831" contextid="126" timestamp="2019-08-11T04:23:10.783">
  <trace-info objectcount="642662" scancount="556029" scanbytes="14693288" />
  <finalization candidates="154" enqueued="1" />
  <ownableSynchronizers candidates="23" cleared="0" />
  <references type="soft" candidates="4995" cleared="0" enqueued="0" dynamicThreshold="31" maxThreshold="32" />
  <references type="weak" candidates="6373" cleared="93" enqueued="93" />
  <references type="phantom" candidates="887" cleared="10" enqueued="10" />
  <stringconstants candidates="16166" cleared="22"  />
</gc-op>
<gc-op id="130" type="classunload" timems="0.010" contextid="126" timestamp="2019-08-11T04:23:10.783">
  <classunload-info classloadercandidates="68" classloadersunloaded="0" classesunloaded="0" anonymousclassesunloaded="0" quiescems="0.000" setupms="0.009" scanms="0.001" postms="0.000" />
</gc-op>
<gc-op id="131" type="sweep" timems="4.565" contextid="126" timestamp="2019-08-11T04:23:10.788" />
<mem-info id="132" free="4180267384" total="4203675648" percent="99">
  <mem type="tenure" free="4180267384" total="4203675648" percent="99" micro-fragmented="313759" macro-fragmented="0">
    <mem type="soa" free="3970084216" total="3993492480" percent="99" />
    <mem type="loa" free="210183168" total="210183168" percent="100" />
  </mem>
  <pending-finalizers system="1" default="0" reference="103" classloader="0" />
</mem-info>
<gc-op id="133" type="compact" timems="46.153" contextid="126" timestamp="2019-08-11T04:23:10.834">
  <compact-info movecount="405193" movebytes="14399176" reason="compact to aid heap contraction" />
</gc-op>
<gc-end id="134" type="global" contextid="126" durationms="75.897" usertimems="314.993" systemtimems="0.000" timestamp="2019-08-11T04:23:10.835" activeThreads="16">
  <mem-info id="135" free="4180709464" total="4203675648" percent="99">
    <mem type="tenure" free="4180709464" total="4203675648" percent="99">
      <mem type="soa" free="3970526296" total="3993492480" percent="99" />
      <mem type="loa" free="210183168" total="210183168" percent="100" />
    </mem>
    <pending-finalizers system="1" default="0" reference="103" classloader="0" />
  </mem-info>
</gc-end>
<cycle-end id="136" type="global" contextid="126" timestamp="2019-08-11T04:23:10.835" />
  <attribute name="elasticGC enabled" value="1" />
  <attribute name= "numThreadsSpecified" value="16" />
  <attribute name="heapSize specified" value="-91291648" />
  <attribute name="Current GC Util" value="326" />
  <attribute name= "Current Time Running" value="187893" />
  <attribute name ="GC Interval" value="0" />
  <attribute name="ProportionalT" value="123.000000" />
  <attribute name="ProportionalI" value="123.000000" />
  <attribute name="ProportionalH" value="123.000000" />
  <attribute name="Current Error" value="246.000000" />
  <attribute name="IntegralT" value="5658.000000" />
  <attribute name="IntegralI" value="5658.000000" />
  <attribute name="IntegralH" value="5658.000000" />
  <attribute name="DerivativeT" value="-6.282609" />
  <attribute name="DerivativeI" value="-6.282609" />
  <attribute name="DerivativeH" value="-6.282609" />
  <attribute name="Loop Time for DT" value="46.000000" />
  <attribute name="Output H" value="8388608"/>
  <attribute name="Output I" value="4000"/>
  <attribute name="Output T" value="16"/>
  <attribute name="Target GC Util Change" value ="80.000000" />
  <attribute name="Current GC Util Change" value="326.000000"/>
  <attribute name="GC Util currently" value="326" />
  <attribute name="CPU Util currently" value="24968228073" />
<sys-end id="137" timestamp="2019-08-11T04:23:10.835" />
<exclusive-end id="138" timestamp="2019-08-11T04:23:10.835" durationms="76.254" />

===== DaCapo 9.12-MR1 xalan starting =====
<exclusive-start id="139" timestamp="2019-08-11T04:23:16.115" intervalms="5355.540">
  <response-info timems="0.431" idlems="0.218" threads="1" lastid="0000000002473D00" lastname="Thread-44" />
</exclusive-start>
<af-start id="140" threadId="0000000002461B88" totalBytesRequested="16392" timestamp="2019-08-11T04:23:16.115" intervalms="8950.483" />
<cycle-start id="141" type="global" contextid="0" timestamp="2019-08-11T04:23:16.115" intervalms="5355.712" />
<gc-start id="142" type="global" contextid="141" timestamp="2019-08-11T04:23:16.115">
  <mem-info id="143" free="210183168" total="4203675648" percent="4">
    <mem type="tenure" free="210183168" total="4203675648" percent="4">
      <mem type="soa" free="0" total="3993492480" percent="0" />
      <mem type="loa" free="210183168" total="210183168" percent="100" />
    </mem>
  </mem-info>
</gc-start>
<allocation-stats totalBytes="3968985328" >
  <allocated-bytes non-tlh="1395368" tlh="3967589960" />
  <largest-consumer threadName="Thread-43" threadId="0000000002461200" bytes="321990304" />
</allocation-stats>
<gc-op id="144" type="mark" timems="24.077" contextid="141" timestamp="2019-08-11T04:23:16.139">
  <trace-info objectcount="673190" scancount="582363" scanbytes="16885204" />
  <finalization candidates="157" enqueued="3" />
  <ownableSynchronizers candidates="23" cleared="1" />
  <references type="soft" candidates="5020" cleared="0" enqueued="0" dynamicThreshold="31" maxThreshold="32" />
  <references type="weak" candidates="6369" cleared="23" enqueued="21" />
  <references type="phantom" candidates="902" cleared="0" enqueued="0" />
  <stringconstants candidates="16515" cleared="0"  />
</gc-op>
<gc-op id="145" type="sweep" timems="4.466" contextid="141" timestamp="2019-08-11T04:23:16.144" />
<mem-info id="146" free="4175827968" total="4203675648" percent="99">
  <mem type="tenure" free="4175827968" total="4203675648" percent="99" micro-fragmented="288119" macro-fragmented="0">
    <mem type="soa" free="3965644800" total="3993492480" percent="99" />
    <mem type="loa" free="210183168" total="210183168" percent="100" />
  </mem>
  <pending-finalizers system="3" default="0" reference="21" classloader="0" />
</mem-info>
<gc-op id="147" type="compact" timems="28.595" contextid="141" timestamp="2019-08-11T04:23:16.172">
  <compact-info movecount="129285" movebytes="9998240" reason="compact to aid heap contraction" />
</gc-op>
<gc-end id="148" type="global" contextid="141" durationms="58.170" usertimems="353.025" systemtimems="33.492" timestamp="2019-08-11T04:23:16.173" activeThreads="16">
  <mem-info id="149" free="4176284504" total="4203675648" percent="99">
    <mem type="tenure" free="4176284504" total="4203675648" percent="99">
      <mem type="soa" free="3966101336" total="3993492480" percent="99" />
      <mem type="loa" free="210183168" total="210183168" percent="100" />
    </mem>
    <pending-finalizers system="3" default="0" reference="21" classloader="0" />
  </mem-info>
</gc-end>
<cycle-end id="150" type="global" contextid="141" timestamp="2019-08-11T04:23:16.177" />
  <attribute name="elasticGC enabled" value="1" />
  <attribute name= "numThreadsSpecified" value="16" />
  <attribute name="heapSize specified" value="-91291648" />
  <attribute name="Current GC Util" value="446" />
  <attribute name= "Current Time Running" value="193231" />
  <attribute name ="GC Interval" value="0" />
  <attribute name="ProportionalT" value="183.000000" />
  <attribute name="ProportionalI" value="183.000000" />
  <attribute name="ProportionalH" value="183.000000" />
  <attribute name="Current Error" value="366.000000" />
  <attribute name="IntegralT" value="5124.000000" />
  <attribute name="IntegralI" value="5124.000000" />
  <attribute name="IntegralH" value="5124.000000" />
  <attribute name="DerivativeT" value="-4.107143" />
  <attribute name="DerivativeI" value="-4.107143" />
  <attribute name="DerivativeH" value="-4.107143" />
  <attribute name="Loop Time for DT" value="28.000000" />
  <attribute name="Output H" value="8388608"/>
  <attribute name="Output I" value="4000"/>
  <attribute name="Output T" value="16"/>
  <attribute name="Target GC Util Change" value ="80.000000" />
  <attribute name="Current GC Util Change" value="446.000000"/>
  <attribute name="GC Util currently" value="446" />
  <attribute name="CPU Util currently" value="40260155119" />
<allocation-satisfied id="151" threadId="0000000002461200" bytesRequested="16392" />
<af-end id="152" timestamp="2019-08-11T04:23:16.177" threadId="0000000002461B88" success="true" />
<exclusive-end id="153" timestamp="2019-08-11T04:23:16.177" durationms="62.052" />

<exclusive-start id="154" timestamp="2019-08-11T04:23:18.504" intervalms="2389.709">
  <response-info timems="0.949" idlems="0.949" threads="0" lastid="0000000002483100" lastname="Thread-38" />
</exclusive-start>
<af-start id="155" threadId="0000000002483A88" totalBytesRequested="16392" timestamp="2019-08-11T04:23:18.504" intervalms="2389.565" />
<cycle-start id="156" type="global" contextid="0" timestamp="2019-08-11T04:23:18.504" intervalms="2389.559" />
<gc-start id="157" type="global" contextid="156" timestamp="2019-08-11T04:23:18.504">
  <mem-info id="158" free="210183168" total="4203675648" percent="4">
    <mem type="tenure" free="210183168" total="4203675648" percent="4">
      <mem type="soa" free="0" total="3993492480" percent="0" />
      <mem type="loa" free="210183168" total="210183168" percent="100" />
    </mem>
  </mem-info>
</gc-start>
<allocation-stats totalBytes="3964800680" >
  <allocated-bytes non-tlh="65560" tlh="3964735120" />
  <largest-consumer threadName="Thread-38" threadId="0000000002483100" bytes="327095688" />
</allocation-stats>
<gc-op id="159" type="mark" timems="25.999" contextid="156" timestamp="2019-08-11T04:23:18.530">
  <trace-info objectcount="666706" scancount="575763" scanbytes="16839456" />
  <finalization candidates="154" enqueued="0" />
  <ownableSynchronizers candidates="22" cleared="0" />
  <references type="soft" candidates="5020" cleared="0" enqueued="0" dynamicThreshold="31" maxThreshold="32" />
  <references type="weak" candidates="6346" cleared="0" enqueued="0" />
  <references type="phantom" candidates="900" cleared="0" enqueued="0" />
  <stringconstants candidates="16515" cleared="0"  />
</gc-op>
<gc-op id="160" type="sweep" timems="4.722" contextid="156" timestamp="2019-08-11T04:23:18.535" />
<mem-info id="161" free="4176137480" total="4203675648" percent="99">
  <mem type="tenure" free="4176137480" total="4203675648" percent="99" micro-fragmented="51969" macro-fragmented="0">
    <mem type="soa" free="3965954312" total="3993492480" percent="99" />
    <mem type="loa" free="210183168" total="210183168" percent="100" />
  </mem>
</mem-info>
<gc-op id="162" type="compact" timems="36.880" contextid="156" timestamp="2019-08-11T04:23:18.572">
  <compact-info movecount="128853" movebytes="8320968" reason="compact to aid heap contraction" />
</gc-op>
<gc-end id="163" type="global" contextid="156" durationms="68.424" usertimems="380.581" systemtimems="0.000" timestamp="2019-08-11T04:23:18.573" activeThreads="16">
  <mem-info id="164" free="4176161600" total="4203675648" percent="99">
    <mem type="tenure" free="4176161600" total="4203675648" percent="99">
      <mem type="soa" free="3965978432" total="3993492480" percent="99" />
      <mem type="loa" free="210183168" total="210183168" percent="100" />
    </mem>
  </mem-info>
</gc-end>
<cycle-end id="165" type="global" contextid="156" timestamp="2019-08-11T04:23:18.573" />
  <attribute name="elasticGC enabled" value="1" />
  <attribute name= "numThreadsSpecified" value="16" />
  <attribute name="heapSize specified" value="-91291648" />
  <attribute name="Current GC Util" value="272" />
  <attribute name= "Current Time Running" value="195631" />
  <attribute name ="GC Interval" value="0" />
  <attribute name="ProportionalT" value="96.000000" />
  <attribute name="ProportionalI" value="96.000000" />
  <attribute name="ProportionalH" value="96.000000" />
  <attribute name="Current Error" value="192.000000" />
  <attribute name="IntegralT" value="3552.000000" />
  <attribute name="IntegralI" value="3552.000000" />
  <attribute name="IntegralH" value="3552.000000" />
  <attribute name="DerivativeT" value="-5.729730" />
  <attribute name="DerivativeI" value="-5.729730" />
  <attribute name="DerivativeH" value="-5.729730" />
  <attribute name="Loop Time for DT" value="37.000000" />
  <attribute name="Output H" value="8388608"/>
  <attribute name="Output I" value="3648"/>
  <attribute name="Output T" value="16"/>
  <attribute name="Target GC Util Change" value ="80.000000" />
  <attribute name="Current GC Util Change" value="272.000000"/>
  <attribute name="GC Util currently" value="272" />
  <attribute name="CPU Util currently" value="31223155633" />
<allocation-satisfied id="166" threadId="0000000002483100" bytesRequested="16392" />
<af-end id="167" timestamp="2019-08-11T04:23:18.573" threadId="0000000002483A88" success="true" />
<exclusive-end id="168" timestamp="2019-08-11T04:23:18.573" durationms="68.723" />

===== DaCapo 9.12-MR1 xalan PASSED in 8558 msec =====
</verbosegc>

