
<?xml version="1.0" ?>

<verbosegc xmlns="http://www.ibm.com/j9/verbosegc" version="10b4217_CMPRSS">

<gc check installed>
<initialized id="1" timestamp="2019-08-11T03:57:00.636">
  <attribute name="gcPolicy" value="-Xgcpolicy:optthruput" />
  <attribute name="elasticGC enabled" value="1" />
  <attribute name= "numThreadsSpecified" value="0" />
  <attribute name="heapSize specified" value="0" />
  <attribute name="Current GC Util" value="0" />
  <attribute name= "Current Time Running" value="0" />
  <attribute name ="GC Interval" value="0" />
  <attribute name="ProportionalT" value="0.000000" />
  <attribute name="ProportionalI" value="0.000000" />
  <attribute name="ProportionalH" value="0.000000" />
  <attribute name="IntegralT" value="0.000000" />
  <attribute name="IntegralI" value="0.000000" />
  <attribute name="IntegralH" value="0.000000" />
  <attribute name="DerivativeT" value="0.000000" />
  <attribute name="DerivativeI" value="0.000000" />
  <attribute name="DerivativeH" value="0.000000" />
  <attribute name="Target GC Util Change" value ="0.000000" />
  <attribute name="Current GC Util Change" value="0.000000"/>
  <attribute name="Current Error" value="0.000000" />
  <attribute name="Loop Time for DT" value="0.000000" />
  <attribute name="Output H" value="0"/>
  <attribute name="Output I" value="0"/>
  <attribute name="Output T" value="0"/>
  <attribute name="GC Util currently" value="0" />
  <attribute name="CPU Util currently" value="0" />
  <attribute name="maxHeapSize" value="0xfa900000" />
  <attribute name="initialHeapSize" value="0x800000" />
  <attribute name="compressedRefs" value="true" />
  <attribute name="compressedRefsDisplacement" value="0x0" />
  <attribute name="compressedRefsShift" value="0x3" />
  <attribute name="pageSize" value="0x1000" />
  <attribute name="pageType" value="not used" />
  <attribute name="requestedPageSize" value="0x1000" />
  <attribute name="requestedPageType" value="not used" />
  <attribute name="gcthreads" value="16" />
  <attribute name="packetListSplit" value="16" />
  <attribute name="cacheListSplit" value="16" />
  <attribute name="splitFreeListSplitAmount" value="2" />
  <attribute name="numaNodes" value="0" />
  <system>
    <attribute name="physicalMemory" value="16815001600" />
    <attribute name="numCPUs" value="16" />
    <attribute name="architecture" value="amd64" />
    <attribute name="os" value="Linux" />
    <attribute name="osVersion" value="4.15.0" />
  </system>
  <vmargs>
    <vmarg name="-Xoptionsfile=/jdk/lib/options.default" />
    <vmarg name="-Xlockword:mode=default,noLockword=java/lang/String,noLockword=java/util/MapEntry,noLockword=java/util/HashMap$Entry,noLockword..." />
    <vmarg name="-Xjcl:jclse29" />
    <vmarg name="-Dcom.ibm.oti.vm.bootstrap.library.path=/jdk/lib/compressedrefs:/jdk/lib" />
    <vmarg name="-Dsun.boot.library.path=/jdk/lib/compressedrefs:/jdk/lib" />
    <vmarg name="-Djava.library.path=/jdk/lib/compressedrefs:/jdk/lib:/usr/lib64:/usr/lib" />
    <vmarg name="-Djava.home=/jdk" />
    <vmarg name="-Duser.dir=/" />
    <vmarg name="-Xgcelastic" />
    <vmarg name="-Xcheck:gc:::elasticGC" />
    <vmarg name="-Xgcpolicy:optthruput" />
    <vmarg name="-verbose:gc" />
    <vmarg name="-Djava.class.path=dacapo-9.12-MR1-bach.jar" />
    <vmarg name="-Dsun.java.command=dacapo-9.12-MR1-bach.jar avrora jython pmd sunflow xalan --size=large" />
    <vmarg name="-Dsun.java.launcher=SUN_STANDARD" />
    <vmarg name="-Dsun.java.launcher.pid=1" />
  </vmargs>
</initialized>

<exclusive-start id="2" timestamp="2019-08-11T03:57:00.894" intervalms="257.551">
  <response-info timems="0.035" idlems="0.035" threads="0" lastid="00000000013E7F00" lastname="main" />
</exclusive-start>
<sys-start reason="explicit" id="3" timestamp="2019-08-11T03:57:00.894" intervalms="257.595" />
<cycle-start id="4" type="global" contextid="0" timestamp="2019-08-11T03:57:00.894" intervalms="257.620" />
<gc-start id="5" type="global" contextid="4" timestamp="2019-08-11T03:57:00.894">
  <mem-info id="6" free="2321544" total="8388608" percent="27">
    <mem type="tenure" free="2321544" total="8388608" percent="27">
      <mem type="soa" free="1902728" total="7969792" percent="23" />
      <mem type="loa" free="418816" total="418816" percent="100" />
    </mem>
  </mem-info>
</gc-start>
<allocation-stats totalBytes="6057320" >
  <allocated-bytes non-tlh="455544" tlh="5601776" />
  <largest-consumer threadName="main" threadId="00000000013E7F00" bytes="5976896" />
</allocation-stats>
<gc-op id="7" type="mark" timems="2.704" contextid="4" timestamp="2019-08-11T03:57:00.897">
  <trace-info objectcount="17930" scancount="14818" scanbytes="467556" />
  <finalization candidates="14" enqueued="1" />
  <references type="soft" candidates="66" cleared="0" enqueued="0" dynamicThreshold="32" maxThreshold="32" />
  <references type="weak" candidates="553" cleared="411" enqueued="372" />
  <references type="phantom" candidates="99" cleared="41" enqueued="41" />
  <stringconstants candidates="2455" cleared="0"  />
</gc-op>
<gc-op id="8" type="classunload" timems="0.001" contextid="4" timestamp="2019-08-11T03:57:00.897">
  <classunload-info classloadercandidates="6" classloadersunloaded="0" classesunloaded="0" anonymousclassesunloaded="0" quiescems="0.080" setupms="0.001" scanms="0.000" postms="0.000" />
</gc-op>
<gc-op id="9" type="sweep" timems="0.704" contextid="4" timestamp="2019-08-11T03:57:00.898" />
<mem-info id="10" free="7121328" total="8388608" percent="84">
  <mem type="tenure" free="7121328" total="8388608" percent="84" micro-fragmented="179770" macro-fragmented="0">
    <mem type="soa" free="6702512" total="7969792" percent="84" />
    <mem type="loa" free="418816" total="418816" percent="100" />
  </mem>
  <pending-finalizers system="1" default="0" reference="413" classloader="0" />
</mem-info>
<gc-op id="11" type="compact" timems="5.660" contextid="4" timestamp="2019-08-11T03:57:00.903">
  <compact-info movecount="17929" movebytes="1026600" reason="compact to aid heap contraction" />
</gc-op>
<heap-resize id="12" type="expand" space="tenure" amount="4195287040" count="1" timems="0.017" reason="satisfy allocation request" timestamp="2019-08-11T03:57:00.904" />
<gc-end id="13" type="global" contextid="4" durationms="9.594" usertimems="7.143" systemtimems="7.998" timestamp="2019-08-11T03:57:00.904" activeThreads="16">
  <mem-info id="14" free="4202648960" total="4203675648" percent="99">
    <mem type="tenure" free="4202648960" total="4203675648" percent="99">
      <mem type="soa" free="3992465792" total="3993492480" percent="99" />
      <mem type="loa" free="210183168" total="210183168" percent="100" />
    </mem>
    <pending-finalizers system="1" default="0" reference="413" classloader="0" />
  </mem-info>
</gc-end>
<cycle-end id="15" type="global" contextid="4" timestamp="2019-08-11T03:57:00.904" />
  <attribute name="elasticGC enabled" value="1" />
  <attribute name= "numThreadsSpecified" value="16" />
  <attribute name="heapSize specified" value="8388608" />
  <attribute name="Current GC Util" value="62" />
  <attribute name= "Current Time Running" value="189" />
  <attribute name ="GC Interval" value="0" />
  <attribute name="ProportionalT" value="-9.000000" />
  <attribute name="ProportionalI" value="-9.000000" />
  <attribute name="ProportionalH" value="-9.000000" />
  <attribute name="Current Error" value="-18.000000" />
  <attribute name="IntegralT" value="-7132.500000" />
  <attribute name="IntegralI" value="-7132.500000" />
  <attribute name="IntegralH" value="-7132.500000" />
  <attribute name="DerivativeT" value="-3.000000" />
  <attribute name="DerivativeI" value="-3.000000" />
  <attribute name="DerivativeH" value="-3.000000" />
  <attribute name="Loop Time for DT" value="6.000000" />
  <attribute name="Output H" value="4203675648"/>
  <attribute name="Output I" value="200"/>
  <attribute name="Output T" value="16"/>
  <attribute name="Target GC Util Change" value ="80.000000" />
  <attribute name="Current GC Util Change" value="62.000000"/>
  <attribute name="GC Util currently" value="62" />
  <attribute name="CPU Util currently" value="203328053359" />
<sys-end id="16" timestamp="2019-08-11T03:57:00.904" />
<exclusive-end id="17" timestamp="2019-08-11T03:57:00.904" durationms="9.726" />

===== DaCapo 9.12-MR1 avrora starting =====
===== DaCapo 9.12-MR1 avrora PASSED in 103186 msec =====
WARNING: An illegal reflective access operation has occurred
WARNING: Illegal reflective access by com.google.common.base.internal.Finalizer (file:/./scratch/jar/guava-r07.jar) to field java.lang.Thread.inheritableThreadLocals
WARNING: Please consider reporting this to the maintainers of com.google.common.base.internal.Finalizer
WARNING: Use --illegal-access=warn to enable warnings of further illegal reflective access operations
WARNING: All illegal access operations will be denied in a future release
<exclusive-start id="18" timestamp="2019-08-11T03:58:46.644" intervalms="105750.085">
  <response-info timems="0.012" idlems="0.012" threads="0" lastid="00000000013E7F00" lastname="main" />
</exclusive-start>
<sys-start reason="explicit" id="19" timestamp="2019-08-11T03:58:46.644" intervalms="105750.090" />
<cycle-start id="20" type="global" contextid="0" timestamp="2019-08-11T03:58:46.644" intervalms="105750.100" />
<gc-start id="21" type="global" contextid="20" timestamp="2019-08-11T03:58:46.644">
  <mem-info id="22" free="3940805032" total="4203675648" percent="93">
    <mem type="tenure" free="3940805032" total="4203675648" percent="93">
      <mem type="soa" free="3730621864" total="3993492480" percent="93" />
      <mem type="loa" free="210183168" total="210183168" percent="100" />
    </mem>
  </mem-info>
</gc-start>
<allocation-stats totalBytes="261695712" >
  <allocated-bytes non-tlh="4053976" tlh="257641736" />
  <largest-consumer threadName="main" threadId="00000000013E7F00" bytes="86105112" />
</allocation-stats>
<gc-op id="23" type="mark" timems="20.412" contextid="20" timestamp="2019-08-11T03:58:46.665">
  <trace-info objectcount="76672" scancount="63835" scanbytes="2130520" />
  <finalization candidates="82" enqueued="2" />
  <ownableSynchronizers candidates="21" cleared="0" />
  <references type="soft" candidates="1641" cleared="0" enqueued="0" dynamicThreshold="31" maxThreshold="32" />
  <references type="weak" candidates="5234" cleared="744" enqueued="580" />
  <references type="phantom" candidates="135" cleared="37" enqueued="37" />
  <stringconstants candidates="10077" cleared="1394"  />
</gc-op>
<gc-op id="24" type="classunload" timems="7.586" contextid="20" timestamp="2019-08-11T03:58:46.672">
  <classunload-info classloadercandidates="18" classloadersunloaded="2" classesunloaded="509" anonymousclassesunloaded="0" quiescems="0.000" setupms="2.226" scanms="5.355" postms="0.005" />
</gc-op>
<gc-op id="25" type="sweep" timems="3.923" contextid="20" timestamp="2019-08-11T03:58:46.676" />
<mem-info id="26" free="4198002656" total="4203675648" percent="99">
  <mem type="tenure" free="4198002656" total="4203675648" percent="99" micro-fragmented="641569" macro-fragmented="0">
    <mem type="soa" free="3987819488" total="3993492480" percent="99" />
    <mem type="loa" free="210183168" total="210183168" percent="100" />
  </mem>
  <pending-finalizers system="2" default="0" reference="617" classloader="0" />
</mem-info>
<gc-op id="27" type="compact" timems="34.390" contextid="20" timestamp="2019-08-11T03:58:46.711">
  <compact-info movecount="75992" movebytes="4668752" reason="compact to aid heap contraction" />
</gc-op>
<gc-end id="28" type="global" contextid="20" durationms="67.323" usertimems="170.208" systemtimems="0.000" timestamp="2019-08-11T03:58:46.711" activeThreads="16">
  <mem-info id="29" free="4198987648" total="4203675648" percent="99">
    <mem type="tenure" free="4198987648" total="4203675648" percent="99">
      <mem type="soa" free="3988804480" total="3993492480" percent="99" />
      <mem type="loa" free="210183168" total="210183168" percent="100" />
    </mem>
    <pending-finalizers system="2" default="0" reference="617" classloader="0" />
  </mem-info>
</gc-end>
<cycle-end id="30" type="global" contextid="20" timestamp="2019-08-11T03:58:46.713" />
  <attribute name="elasticGC enabled" value="1" />
  <attribute name= "numThreadsSpecified" value="16" />
  <attribute name="heapSize specified" value="-91291648" />
  <attribute name="Current GC Util" value="227" />
  <attribute name= "Current Time Running" value="105996" />
  <attribute name ="GC Interval" value="0" />
  <attribute name="ProportionalT" value="73.500000" />
  <attribute name="ProportionalI" value="73.500000" />
  <attribute name="ProportionalH" value="73.500000" />
  <attribute name="Current Error" value="147.000000" />
  <attribute name="IntegralT" value="2499.000000" />
  <attribute name="IntegralI" value="2499.000000" />
  <attribute name="IntegralH" value="2499.000000" />
  <attribute name="DerivativeT" value="-1.588235" />
  <attribute name="DerivativeI" value="-1.588235" />
  <attribute name="DerivativeH" value="-1.588235" />
  <attribute name="Loop Time for DT" value="34.000000" />
  <attribute name="Output H" value="8388608"/>
  <attribute name="Output I" value="2576"/>
  <attribute name="Output T" value="16"/>
  <attribute name="Target GC Util Change" value ="80.000000" />
  <attribute name="Current GC Util Change" value="227.000000"/>
  <attribute name="GC Util currently" value="227" />
  <attribute name="CPU Util currently" value="5" />
<sys-end id="31" timestamp="2019-08-11T03:58:46.713" />
<exclusive-end id="32" timestamp="2019-08-11T03:58:46.713" durationms="69.040" />

===== DaCapo 9.12-MR1 jython starting =====
-------------------------------------------------------------------------------
PYBENCH 2.0
-------------------------------------------------------------------------------
* using Python 2.5.2
* system check interval set to maximum: 2147483647
* using timer: time.time

Calibrating tests. Please wait...

Running 4 round(s) of the suite at warp factor 10:

* Round 1 done in 16.352 seconds.
<exclusive-start id="33" timestamp="2019-08-11T03:59:06.368" intervalms="19724.063">
  <response-info timems="0.017" idlems="0.017" threads="0" lastid="00000000013E7F00" lastname="main" />
</exclusive-start>
<af-start id="34" threadId="00000000013E8888" totalBytesRequested="1168" timestamp="2019-08-11T03:59:06.368" intervalms="125731.759" />
<cycle-start id="35" type="global" contextid="0" timestamp="2019-08-11T03:59:06.368" intervalms="19724.073" />
<gc-start id="36" type="global" contextid="35" timestamp="2019-08-11T03:59:06.368">
  <mem-info id="37" free="210183168" total="4203675648" percent="4">
    <mem type="tenure" free="210183168" total="4203675648" percent="4">
      <mem type="soa" free="0" total="3993492480" percent="0" />
      <mem type="loa" free="210183168" total="210183168" percent="100" />
    </mem>
  </mem-info>
</gc-start>
<allocation-stats totalBytes="3984120816" >
  <allocated-bytes non-tlh="14522696" tlh="3969598120" />
  <largest-consumer threadName="main" threadId="00000000013E7F00" bytes="3984092480" />
</allocation-stats>
<gc-op id="38" type="mark" timems="19.316" contextid="35" timestamp="2019-08-11T03:59:06.388">
  <trace-info objectcount="610580" scancount="530535" scanbytes="13692428" />
  <finalization candidates="85" enqueued="5" />
  <ownableSynchronizers candidates="21" cleared="0" />
  <references type="soft" candidates="4868" cleared="0" enqueued="0" dynamicThreshold="31" maxThreshold="32" />
  <references type="weak" candidates="5767" cleared="81" enqueued="72" />
  <references type="phantom" candidates="100" cleared="2" enqueued="2" />
  <stringconstants candidates="13868" cleared="24"  />
</gc-op>
<gc-op id="39" type="classunload" timems="0.531" contextid="35" timestamp="2019-08-11T03:59:06.388">
  <classunload-info classloadercandidates="59" classloadersunloaded="3" classesunloaded="3" anonymousclassesunloaded="0" quiescems="0.000" setupms="0.511" scanms="0.016" postms="0.004" />
</gc-op>
<gc-op id="40" type="sweep" timems="5.481" contextid="35" timestamp="2019-08-11T03:59:06.394" />
<mem-info id="41" free="4174340080" total="4203675648" percent="99">
  <mem type="tenure" free="4174340080" total="4203675648" percent="99" micro-fragmented="1831933" macro-fragmented="0">
    <mem type="soa" free="3964156912" total="3993492480" percent="99" />
    <mem type="loa" free="210183168" total="210183168" percent="100" />
  </mem>
  <pending-finalizers system="0" default="5" reference="74" classloader="0" />
</mem-info>
<gc-op id="42" type="compact" timems="32.107" contextid="35" timestamp="2019-08-11T03:59:06.426">
  <compact-info movecount="607041" movebytes="18195048" reason="compact to aid heap contraction" />
</gc-op>
<gc-end id="43" type="global" contextid="35" durationms="58.285" usertimems="305.271" systemtimems="0.000" timestamp="2019-08-11T03:59:06.426" activeThreads="16">
  <mem-info id="44" free="4185235648" total="4203675648" percent="99">
    <mem type="tenure" free="4185235648" total="4203675648" percent="99">
      <mem type="soa" free="3975052480" total="3993492480" percent="99" />
      <mem type="loa" free="210183168" total="210183168" percent="100" />
    </mem>
    <pending-finalizers system="0" default="5" reference="74" classloader="0" />
  </mem-info>
</gc-end>
<cycle-end id="45" type="global" contextid="35" timestamp="2019-08-11T03:59:06.427" />
  <attribute name="elasticGC enabled" value="1" />
  <attribute name= "numThreadsSpecified" value="16" />
  <attribute name="heapSize specified" value="-91291648" />
  <attribute name="Current GC Util" value="493" />
  <attribute name= "Current Time Running" value="125711" />
  <attribute name ="GC Interval" value="0" />
  <attribute name="ProportionalT" value="206.500000" />
  <attribute name="ProportionalI" value="206.500000" />
  <attribute name="ProportionalH" value="206.500000" />
  <attribute name="Current Error" value="413.000000" />
  <attribute name="IntegralT" value="6608.000000" />
  <attribute name="IntegralI" value="6608.000000" />
  <attribute name="IntegralH" value="6608.000000" />
  <attribute name="DerivativeT" value="-0.843750" />
  <attribute name="DerivativeI" value="-0.843750" />
  <attribute name="DerivativeH" value="-0.843750" />
  <attribute name="Loop Time for DT" value="32.000000" />
  <attribute name="Output H" value="8388608"/>
  <attribute name="Output I" value="4000"/>
  <attribute name="Output T" value="16"/>
  <attribute name="Target GC Util Change" value ="80.000000" />
  <attribute name="Current GC Util Change" value="493.000000"/>
  <attribute name="GC Util currently" value="493" />
  <attribute name="CPU Util currently" value="35873421333" />
<allocation-satisfied id="46" threadId="00000000013E7F00" bytesRequested="1168" />
<af-end id="47" timestamp="2019-08-11T03:59:06.427" threadId="00000000013E8888" success="true" />
<exclusive-end id="48" timestamp="2019-08-11T03:59:06.427" durationms="58.780" />

* Round 2 done in 2.338 seconds.
<exclusive-start id="49" timestamp="2019-08-11T03:59:08.796" intervalms="2428.040">
  <response-info timems="0.022" idlems="0.022" threads="0" lastid="00000000013E7F00" lastname="main" />
</exclusive-start>
<af-start id="50" threadId="00000000013E8888" totalBytesRequested="160" timestamp="2019-08-11T03:59:08.796" intervalms="2428.031" />
<cycle-start id="51" type="global" contextid="0" timestamp="2019-08-11T03:59:08.796" intervalms="2428.023" />
<gc-start id="52" type="global" contextid="51" timestamp="2019-08-11T03:59:08.796">
  <mem-info id="53" free="210183168" total="4203675648" percent="4">
    <mem type="tenure" free="210183168" total="4203675648" percent="4">
      <mem type="soa" free="0" total="3993492480" percent="0" />
      <mem type="loa" free="210183168" total="210183168" percent="100" />
    </mem>
  </mem-info>
</gc-start>
<allocation-stats totalBytes="3970632840" >
  <allocated-bytes non-tlh="120" tlh="3970632720" />
  <largest-consumer threadName="main" threadId="00000000013E7F00" bytes="3970620432" />
</allocation-stats>
<gc-op id="54" type="mark" timems="13.472" contextid="51" timestamp="2019-08-11T03:59:08.810">
  <trace-info objectcount="610368" scancount="530384" scanbytes="13688568" />
  <finalization candidates="80" enqueued="0" />
  <ownableSynchronizers candidates="21" cleared="0" />
  <references type="soft" candidates="4868" cleared="0" enqueued="0" dynamicThreshold="31" maxThreshold="32" />
  <references type="weak" candidates="5742" cleared="14" enqueued="6" />
  <references type="phantom" candidates="98" cleared="1" enqueued="1" />
  <stringconstants candidates="13846" cleared="0"  />
</gc-op>
<gc-op id="55" type="sweep" timems="6.572" contextid="51" timestamp="2019-08-11T03:59:08.816" />
<mem-info id="56" free="4185313880" total="4203675648" percent="99">
  <mem type="tenure" free="4185313880" total="4203675648" percent="99" micro-fragmented="18481" macro-fragmented="0">
    <mem type="soa" free="3975130712" total="3993492480" percent="99" />
    <mem type="loa" free="210183168" total="210183168" percent="100" />
  </mem>
  <pending-finalizers system="0" default="0" reference="7" classloader="0" />
</mem-info>
<gc-op id="57" type="compact" timems="52.575" contextid="51" timestamp="2019-08-11T03:59:08.869">
  <compact-info movecount="510002" movebytes="14829616" reason="compact to aid heap contraction" />
</gc-op>
<gc-end id="58" type="global" contextid="51" durationms="73.576" usertimems="351.680" systemtimems="0.000" timestamp="2019-08-11T03:59:08.870" activeThreads="16">
  <mem-info id="59" free="4185272912" total="4203675648" percent="99">
    <mem type="tenure" free="4185272912" total="4203675648" percent="99">
      <mem type="soa" free="3975089744" total="3993492480" percent="99" />
      <mem type="loa" free="210183168" total="210183168" percent="100" />
    </mem>
    <pending-finalizers system="0" default="0" reference="7" classloader="0" />
  </mem-info>
</gc-end>
<cycle-end id="60" type="global" contextid="51" timestamp="2019-08-11T03:59:08.870" />
  <attribute name="elasticGC enabled" value="1" />
  <attribute name= "numThreadsSpecified" value="16" />
  <attribute name="heapSize specified" value="-91291648" />
  <attribute name="Current GC Util" value="419" />
  <attribute name= "Current Time Running" value="128155" />
  <attribute name ="GC Interval" value="0" />
  <attribute name="ProportionalT" value="169.500000" />
  <attribute name="ProportionalI" value="169.500000" />
  <attribute name="ProportionalH" value="169.500000" />
  <attribute name="Current Error" value="339.000000" />
  <attribute name="IntegralT" value="8983.500000" />
  <attribute name="IntegralI" value="8983.500000" />
  <attribute name="IntegralH" value="8983.500000" />
  <attribute name="DerivativeT" value="1.584906" />
  <attribute name="DerivativeI" value="1.584906" />
  <attribute name="DerivativeH" value="1.584906" />
  <attribute name="Loop Time for DT" value="53.000000" />
  <attribute name="Output H" value="8388608"/>
  <attribute name="Output I" value="4000"/>
  <attribute name="Output T" value="16"/>
  <attribute name="Target GC Util Change" value ="80.000000" />
  <attribute name="Current GC Util Change" value="419.000000"/>
  <attribute name="GC Util currently" value="419" />
  <attribute name="CPU Util currently" value="21919033096" />
<allocation-satisfied id="61" threadId="00000000013E7F00" bytesRequested="160" />
<af-end id="62" timestamp="2019-08-11T03:59:08.870" threadId="00000000013E8888" success="true" />
<exclusive-end id="63" timestamp="2019-08-11T03:59:08.870" durationms="73.802" />

* Round 3 done in 2.184 seconds.
<exclusive-start id="64" timestamp="2019-08-11T03:59:11.990" intervalms="3193.840">
  <response-info timems="0.024" idlems="0.024" threads="0" lastid="00000000013E7F00" lastname="main" />
</exclusive-start>
<af-start id="65" threadId="00000000013E8888" totalBytesRequested="544" timestamp="2019-08-11T03:59:11.990" intervalms="3193.844" />
<cycle-start id="66" type="global" contextid="0" timestamp="2019-08-11T03:59:11.990" intervalms="3193.845" />
<gc-start id="67" type="global" contextid="66" timestamp="2019-08-11T03:59:11.990">
  <mem-info id="68" free="210183168" total="4203675648" percent="4">
    <mem type="tenure" free="210183168" total="4203675648" percent="4">
      <mem type="soa" free="0" total="3993492480" percent="0" />
      <mem type="loa" free="210183168" total="210183168" percent="100" />
    </mem>
  </mem-info>
</gc-start>
<allocation-stats totalBytes="3971519864" >
  <allocated-bytes non-tlh="0" tlh="3971519864" />
  <largest-consumer threadName="main" threadId="00000000013E7F00" bytes="3971519864" />
</allocation-stats>
<gc-op id="69" type="mark" timems="12.855" contextid="66" timestamp="2019-08-11T03:59:12.003">
  <trace-info objectcount="610475" scancount="530493" scanbytes="13691600" />
  <finalization candidates="80" enqueued="0" />
  <ownableSynchronizers candidates="21" cleared="0" />
  <references type="soft" candidates="4868" cleared="0" enqueued="0" dynamicThreshold="31" maxThreshold="32" />
  <references type="weak" candidates="5757" cleared="7" enqueued="3" />
  <references type="phantom" candidates="97" cleared="0" enqueued="0" />
  <stringconstants candidates="13846" cleared="0"  />
</gc-op>
<gc-op id="70" type="sweep" timems="5.092" contextid="66" timestamp="2019-08-11T03:59:12.008" />
<mem-info id="71" free="4185321680" total="4203675648" percent="99">
  <mem type="tenure" free="4185321680" total="4203675648" percent="99" micro-fragmented="0" macro-fragmented="0">
    <mem type="soa" free="3975138512" total="3993492480" percent="99" />
    <mem type="loa" free="210183168" total="210183168" percent="100" />
  </mem>
  <pending-finalizers system="0" default="0" reference="3" classloader="0" />
</mem-info>
<gc-op id="72" type="compact" timems="40.889" contextid="66" timestamp="2019-08-11T03:59:12.049">
  <compact-info movecount="276857" movebytes="7668736" reason="compact to aid heap contraction" />
</gc-op>
<gc-end id="73" type="global" contextid="66" durationms="59.641" usertimems="248.849" systemtimems="0.000" timestamp="2019-08-11T03:59:12.050" activeThreads="16">
  <mem-info id="74" free="4185269456" total="4203675648" percent="99">
    <mem type="tenure" free="4185269456" total="4203675648" percent="99">
      <mem type="soa" free="3975086288" total="3993492480" percent="99" />
      <mem type="loa" free="210183168" total="210183168" percent="100" />
    </mem>
    <pending-finalizers system="0" default="0" reference="3" classloader="0" />
  </mem-info>
</gc-end>
<cycle-end id="75" type="global" contextid="66" timestamp="2019-08-11T03:59:12.050" />
  <attribute name="elasticGC enabled" value="1" />
  <attribute name= "numThreadsSpecified" value="16" />
  <attribute name="heapSize specified" value="-91291648" />
  <attribute name="Current GC Util" value="270" />
  <attribute name= "Current Time Running" value="131335" />
  <attribute name ="GC Interval" value="0" />
  <attribute name="ProportionalT" value="95.000000" />
  <attribute name="ProportionalI" value="95.000000" />
  <attribute name="ProportionalH" value="95.000000" />
  <attribute name="Current Error" value="190.000000" />
  <attribute name="IntegralT" value="3895.000000" />
  <attribute name="IntegralI" value="3895.000000" />
  <attribute name="IntegralH" value="3895.000000" />
  <attribute name="DerivativeT" value="-6.804878" />
  <attribute name="DerivativeI" value="-6.804878" />
  <attribute name="DerivativeH" value="-6.804878" />
  <attribute name="Loop Time for DT" value="41.000000" />
  <attribute name="Output H" value="8388608"/>
  <attribute name="Output I" value="3984"/>
  <attribute name="Output T" value="16"/>
  <attribute name="Target GC Util Change" value ="80.000000" />
  <attribute name="Current GC Util Change" value="270.000000"/>
  <attribute name="GC Util currently" value="270" />
  <attribute name="CPU Util currently" value="28174017294" />
<allocation-satisfied id="76" threadId="00000000013E7F00" bytesRequested="544" />
<af-end id="77" timestamp="2019-08-11T03:59:12.050" threadId="00000000013E8888" success="true" />
<exclusive-end id="78" timestamp="2019-08-11T03:59:12.050" durationms="60.003" />

* Round 4 done in 2.124 seconds.

-------------------------------------------------------------------------------
Benchmark: 2019-08-11 03:58:49
-------------------------------------------------------------------------------

    Rounds: 4
    Warp:   10
    Timer:  time.time

Test                             minimum  average  operation  overhead
-------------------------------------------------------------------------------
          BuiltinFunctionCalls:     14ms     54ms    0.11us    0.000ms
           BuiltinMethodLookup:     38ms     93ms    0.09us    0.000ms
                 CompareFloats:     16ms    122ms    0.10us    0.000ms
         CompareFloatsIntegers:     20ms     98ms    0.11us    0.000ms
               CompareIntegers:     23ms     78ms    0.04us    0.000ms
        CompareInternedStrings:     36ms    149ms    0.10us    0.000ms
                  CompareLongs:     16ms     65ms    0.06us    0.000ms
                CompareStrings:     26ms     66ms    0.07us    0.000ms
                CompareUnicode:     21ms     55ms    0.07us    0.000ms
                 ConcatStrings:     66ms    175ms    0.35us    0.000ms
                 ConcatUnicode:     44ms    113ms    0.38us    0.000ms
               CreateInstances:     36ms     71ms    0.64us    0.000ms
            CreateNewInstances:     49ms    102ms    1.21us    0.000ms
       CreateStringsWithConcat:     40ms    159ms    0.16us    0.000ms
       CreateUnicodeWithConcat:     18ms     42ms    0.10us    0.000ms
                  DictCreation:     27ms     87ms    0.22us    0.000ms
             DictWithFloatKeys:     16ms    170ms    0.19us    0.000ms
           DictWithIntegerKeys:     18ms     74ms    0.06us    0.000ms
            DictWithStringKeys:     18ms     72ms    0.06us    0.000ms
                      ForLoops:     99ms    183ms    7.32us    0.000ms
                    IfThenElse:     20ms     96ms    0.07us    0.000ms
                   ListSlicing:     10ms     36ms    2.55us    0.000ms
                NestedForLoops:     85ms    102ms    0.07us    0.000ms
          NormalClassAttribute:     23ms     87ms    0.07us    0.000ms
       NormalInstanceAttribute:     24ms     68ms    0.06us    0.000ms
           PythonFunctionCalls:     22ms     95ms    0.29us    0.000ms
             PythonMethodCalls:     28ms    102ms    0.45us    0.000ms
                     Recursion:     36ms    170ms    3.40us    0.000ms
                  SecondImport:     32ms    109ms    1.09us    0.000ms
           SecondPackageImport:     33ms     46ms    0.46us    0.000ms
         SecondSubmoduleImport:     50ms     83ms    0.83us    0.000ms
       SimpleComplexArithmetic:     13ms     79ms    0.09us    0.000ms
        SimpleDictManipulation:     24ms    126ms    0.10us    0.000ms
         SimpleFloatArithmetic:     18ms    188ms    0.14us    0.000ms
      SimpleIntFloatArithmetic:     18ms    141ms    0.11us    0.000ms
       SimpleIntegerArithmetic:     19ms     87ms    0.07us    0.000ms
        SimpleListManipulation:     42ms    145ms    0.12us    0.000ms
          SimpleLongArithmetic:     21ms    116ms    0.18us    0.000ms
                    SmallLists:     46ms     98ms    0.14us    0.000ms
                   SmallTuples:     41ms    159ms    0.29us    0.000ms
         SpecialClassAttribute:     23ms    102ms    0.08us    0.000ms
      SpecialInstanceAttribute:     22ms     85ms    0.07us    0.000ms
                StringMappings:     64ms    196ms    0.78us    0.000ms
              StringPredicates:     40ms    118ms    0.17us    0.000ms
                 StringSlicing:     27ms     80ms    0.14us    0.000ms
                     TryExcept:      2ms     34ms    0.02us    0.000ms
                TryRaiseExcept:     82ms    129ms    2.02us    0.000ms
                  TupleSlicing:     17ms     40ms    0.15us    0.000ms
               UnicodeMappings:     89ms    169ms    4.71us    0.000ms
             UnicodePredicates:     40ms    114ms    0.21us    0.000ms
             UnicodeProperties:    314ms    465ms    1.16us    0.000ms
                UnicodeSlicing:     28ms     57ms    0.12us    0.000ms
-------------------------------------------------------------------------------
Totals:                           1994ms   5749ms

===== DaCapo 9.12-MR1 jython PASSED in 25976 msec =====
<exclusive-start id="79" timestamp="2019-08-11T03:59:12.888" intervalms="898.190">
  <response-info timems="0.055" idlems="0.055" threads="0" lastid="00000000013E7F00" lastname="main" />
</exclusive-start>
<sys-start reason="explicit" id="80" timestamp="2019-08-11T03:59:12.888" intervalms="26244.199" />
<cycle-start id="81" type="global" contextid="0" timestamp="2019-08-11T03:59:12.888" intervalms="898.274" />
<gc-start id="82" type="global" contextid="81" timestamp="2019-08-11T03:59:12.888">
  <mem-info id="83" free="3245721280" total="4203675648" percent="77">
    <mem type="tenure" free="3245721280" total="4203675648" percent="77">
      <mem type="soa" free="3035538112" total="3993492480" percent="76" />
      <mem type="loa" free="210183168" total="210183168" percent="100" />
    </mem>
  </mem-info>
</gc-start>
<allocation-stats totalBytes="924033064" >
  <allocated-bytes non-tlh="73730608" tlh="850302456" />
  <largest-consumer threadName="main" threadId="00000000013E7F00" bytes="924033064" />
</allocation-stats>
<gc-op id="84" type="mark" timems="21.457" contextid="81" timestamp="2019-08-11T03:59:12.910">
  <trace-info objectcount="611058" scancount="530362" scanbytes="13693932" />
  <finalization candidates="81" enqueued="1" />
  <ownableSynchronizers candidates="24" cleared="3" />
  <references type="soft" candidates="4875" cleared="0" enqueued="0" dynamicThreshold="31" maxThreshold="32" />
  <references type="weak" candidates="5823" cleared="60" enqueued="60" />
  <references type="phantom" candidates="133" cleared="11" enqueued="11" />
  <stringconstants candidates="14264" cleared="8"  />
</gc-op>
<gc-op id="85" type="classunload" timems="0.497" contextid="81" timestamp="2019-08-11T03:59:12.910">
  <classunload-info classloadercandidates="57" classloadersunloaded="2" classesunloaded="2" anonymousclassesunloaded="0" quiescems="0.000" setupms="0.481" scanms="0.013" postms="0.003" />
</gc-op>
<gc-op id="86" type="sweep" timems="6.280" contextid="81" timestamp="2019-08-11T03:59:12.917" />
<mem-info id="87" free="4184682256" total="4203675648" percent="99">
  <mem type="tenure" free="4184682256" total="4203675648" percent="99" micro-fragmented="99197" macro-fragmented="0">
    <mem type="soa" free="3974499088" total="3993492480" percent="99" />
    <mem type="loa" free="210183168" total="210183168" percent="100" />
  </mem>
  <pending-finalizers system="1" default="0" reference="71" classloader="0" />
</mem-info>
<gc-op id="88" type="compact" timems="65.466" contextid="81" timestamp="2019-08-11T03:59:12.983">
  <compact-info movecount="514132" movebytes="15830872" reason="compact to aid heap contraction" />
</gc-op>
<gc-end id="89" type="global" contextid="81" durationms="95.759" usertimems="459.157" systemtimems="0.000" timestamp="2019-08-11T03:59:12.984" activeThreads="16">
  <mem-info id="90" free="4184831360" total="4203675648" percent="99">
    <mem type="tenure" free="4184831360" total="4203675648" percent="99">
      <mem type="soa" free="3974648192" total="3993492480" percent="99" />
      <mem type="loa" free="210183168" total="210183168" percent="100" />
    </mem>
    <pending-finalizers system="1" default="0" reference="71" classloader="0" />
  </mem-info>
</gc-end>
<cycle-end id="91" type="global" contextid="81" timestamp="2019-08-11T03:59:12.984" />
  <attribute name="elasticGC enabled" value="1" />
  <attribute name= "numThreadsSpecified" value="16" />
  <attribute name="heapSize specified" value="-91291648" />
  <attribute name="Current GC Util" value="448" />
  <attribute name= "Current Time Running" value="132268" />
  <attribute name ="GC Interval" value="0" />
  <attribute name="ProportionalT" value="184.000000" />
  <attribute name="ProportionalI" value="184.000000" />
  <attribute name="ProportionalH" value="184.000000" />
  <attribute name="Current Error" value="368.000000" />
  <attribute name="IntegralT" value="11960.000000" />
  <attribute name="IntegralI" value="11960.000000" />
  <attribute name="IntegralH" value="11960.000000" />
  <attribute name="DerivativeT" value="1.276923" />
  <attribute name="DerivativeI" value="1.276923" />
  <attribute name="DerivativeH" value="1.276923" />
  <attribute name="Loop Time for DT" value="65.000000" />
  <attribute name="Output H" value="8388608"/>
  <attribute name="Output I" value="4000"/>
  <attribute name="Output T" value="16"/>
  <attribute name="Target GC Util Change" value ="80.000000" />
  <attribute name="Current GC Util Change" value="448.000000"/>
  <attribute name="GC Util currently" value="448" />
  <attribute name="CPU Util currently" value="17590772472" />
<sys-end id="92" timestamp="2019-08-11T03:59:12.984" />
<exclusive-end id="93" timestamp="2019-08-11T03:59:12.984" durationms="96.256" />

===== DaCapo 9.12-MR1 pmd starting =====
===== DaCapo 9.12-MR1 pmd PASSED in 6352 msec =====
Using scaled threading model. 16 processors detected, 16 threads used to drive the workload, in a possible range of [1,512]
<exclusive-start id="94" timestamp="2019-08-11T03:59:19.493" intervalms="6604.538">
  <response-info timems="0.020" idlems="0.020" threads="0" lastid="00000000013E7F00" lastname="main" />
</exclusive-start>
<sys-start reason="explicit" id="95" timestamp="2019-08-11T03:59:19.493" intervalms="6604.474" />
<cycle-start id="96" type="global" contextid="0" timestamp="2019-08-11T03:59:19.493" intervalms="6604.453" />
<gc-start id="97" type="global" contextid="96" timestamp="2019-08-11T03:59:19.493">
  <mem-info id="98" free="3567628104" total="4203675648" percent="84">
    <mem type="tenure" free="3567628104" total="4203675648" percent="84">
      <mem type="soa" free="3357444936" total="3993492480" percent="84" />
      <mem type="loa" free="210183168" total="210183168" percent="100" />
    </mem>
  </mem-info>
</gc-start>
<allocation-stats totalBytes="616920408" >
  <allocated-bytes non-tlh="4045896" tlh="612874512" />
  <largest-consumer threadName="main" threadId="00000000013E7F00" bytes="18011104" />
</allocation-stats>
<gc-op id="99" type="mark" timems="32.902" contextid="96" timestamp="2019-08-11T03:59:19.526">
  <trace-info objectcount="639051" scancount="553653" scanbytes="14437648" />
  <finalization candidates="153" enqueued="2" />
  <ownableSynchronizers candidates="42" cleared="19" />
  <references type="soft" candidates="4909" cleared="0" enqueued="0" dynamicThreshold="31" maxThreshold="32" />
  <references type="weak" candidates="12181" cleared="5938" enqueued="5863" />
  <references type="phantom" candidates="1600" cleared="747" enqueued="747" />
  <stringconstants candidates="16393" cleared="1772"  />
</gc-op>
<gc-op id="100" type="classunload" timems="13.561" contextid="96" timestamp="2019-08-11T03:59:19.539">
  <classunload-info classloadercandidates="61" classloadersunloaded="6" classesunloaded="1008" anonymousclassesunloaded="0" quiescems="0.000" setupms="6.079" scanms="7.475" postms="0.007" />
</gc-op>
<gc-op id="101" type="sweep" timems="4.853" contextid="96" timestamp="2019-08-11T03:59:19.544" />
<mem-info id="102" free="4179190256" total="4203675648" percent="99">
  <mem type="tenure" free="4179190256" total="4203675648" percent="99" micro-fragmented="131497" macro-fragmented="0">
    <mem type="soa" free="3969007088" total="3993492480" percent="99" />
    <mem type="loa" free="210183168" total="210183168" percent="100" />
  </mem>
  <pending-finalizers system="2" default="0" reference="6610" classloader="0" />
</mem-info>
<gc-op id="103" type="compact" timems="81.292" contextid="96" timestamp="2019-08-11T03:59:19.626">
  <compact-info movecount="635243" movebytes="23604768" reason="compact to aid heap contraction" />
</gc-op>
<gc-end id="104" type="global" contextid="96" durationms="133.669" usertimems="445.502" systemtimems="39.150" timestamp="2019-08-11T03:59:19.627" activeThreads="16">
  <mem-info id="105" free="4179882376" total="4203675648" percent="99">
    <mem type="tenure" free="4179882376" total="4203675648" percent="99">
      <mem type="soa" free="3969699208" total="3993492480" percent="99" />
      <mem type="loa" free="210183168" total="210183168" percent="100" />
    </mem>
    <pending-finalizers system="2" default="0" reference="6610" classloader="0" />
  </mem-info>
</gc-end>
<cycle-end id="106" type="global" contextid="96" timestamp="2019-08-11T03:59:19.629" />
  <attribute name="elasticGC enabled" value="1" />
  <attribute name= "numThreadsSpecified" value="16" />
  <attribute name="heapSize specified" value="-91291648" />
  <attribute name="Current GC Util" value="386" />
  <attribute name= "Current Time Running" value="138911" />
  <attribute name ="GC Interval" value="0" />
  <attribute name="ProportionalT" value="153.000000" />
  <attribute name="ProportionalI" value="153.000000" />
  <attribute name="ProportionalH" value="153.000000" />
  <attribute name="Current Error" value="306.000000" />
  <attribute name="IntegralT" value="12393.000000" />
  <attribute name="IntegralI" value="12393.000000" />
  <attribute name="IntegralH" value="12393.000000" />
  <attribute name="DerivativeT" value="-1.370370" />
  <attribute name="DerivativeI" value="-1.370370" />
  <attribute name="DerivativeH" value="-1.370370" />
  <attribute name="Loop Time for DT" value="81.000000" />
  <attribute name="Output H" value="8388608"/>
  <attribute name="Output I" value="4000"/>
  <attribute name="Output T" value="16"/>
  <attribute name="Target GC Util Change" value ="80.000000" />
  <attribute name="Current GC Util Change" value="386.000000"/>
  <attribute name="GC Util currently" value="386" />
  <attribute name="CPU Util currently" value="14171579671" />
<sys-end id="107" timestamp="2019-08-11T03:59:19.629" />
<exclusive-end id="108" timestamp="2019-08-11T03:59:19.629" durationms="136.266" />

===== DaCapo 9.12-MR1 sunflow starting =====
<exclusive-start id="109" timestamp="2019-08-11T03:59:29.668" intervalms="10175.623">
  <response-info timems="16.582" idlems="5.451" threads="3" lastid="0000000001728900" lastname="Thread-28" />
</exclusive-start>
<af-start id="110" threadId="00000000016FBF88" totalBytesRequested="48" timestamp="2019-08-11T03:59:29.668" intervalms="17678.374" />
<cycle-start id="111" type="global" contextid="0" timestamp="2019-08-11T03:59:29.668" intervalms="10175.672" />
<gc-start id="112" type="global" contextid="111" timestamp="2019-08-11T03:59:29.668">
  <mem-info id="113" free="210183168" total="4203675648" percent="4">
    <mem type="tenure" free="210183168" total="4203675648" percent="4">
      <mem type="soa" free="0" total="3993492480" percent="0" />
      <mem type="loa" free="210183168" total="210183168" percent="100" />
    </mem>
  </mem-info>
</gc-start>
<allocation-stats totalBytes="3969304384" >
  <allocated-bytes non-tlh="3206560" tlh="3966097824" />
  <largest-consumer threadName="Thread-34" threadId="00000000016D9B00" bytes="307609096" />
</allocation-stats>
<gc-op id="114" type="mark" timems="415.035" contextid="111" timestamp="2019-08-11T03:59:30.084">
  <trace-info objectcount="750669" scancount="666655" scanbytes="19449620" />
  <finalization candidates="151" enqueued="0" />
  <ownableSynchronizers candidates="23" cleared="0" />
  <references type="soft" candidates="4924" cleared="0" enqueued="0" dynamicThreshold="31" maxThreshold="32" />
  <references type="weak" candidates="6281" cleared="25" enqueued="25" />
  <references type="phantom" candidates="835" cleared="0" enqueued="0" />
  <stringconstants candidates="15175" cleared="2"  />
</gc-op>
<gc-op id="115" type="sweep" timems="183.293" contextid="111" timestamp="2019-08-11T03:59:30.267" />
<mem-info id="116" free="4174169048" total="4203675648" percent="99">
  <mem type="tenure" free="4174169048" total="4203675648" percent="99" micro-fragmented="907467" macro-fragmented="0">
    <mem type="soa" free="3963985880" total="3993492480" percent="99" />
    <mem type="loa" free="210183168" total="210183168" percent="100" />
  </mem>
  <pending-finalizers system="0" default="0" reference="25" classloader="0" />
</mem-info>
<gc-op id="117" type="compact" timems="668.160" contextid="111" timestamp="2019-08-11T03:59:30.942">
  <compact-info movecount="539002" movebytes="21383336" reason="compact to aid heap contraction" />
</gc-op>
<gc-end id="118" type="global" contextid="111" durationms="1299.290" usertimems="625.315" systemtimems="459.112" timestamp="2019-08-11T03:59:30.968" activeThreads="16">
  <mem-info id="119" free="4175568760" total="4203675648" percent="99">
    <mem type="tenure" free="4175568760" total="4203675648" percent="99">
      <mem type="soa" free="3965385592" total="3993492480" percent="99" />
      <mem type="loa" free="210183168" total="210183168" percent="100" />
    </mem>
    <pending-finalizers system="0" default="0" reference="25" classloader="0" />
  </mem-info>
</gc-end>
<cycle-end id="120" type="global" contextid="111" timestamp="2019-08-11T03:59:30.995" />
  <attribute name="elasticGC enabled" value="1" />
  <attribute name= "numThreadsSpecified" value="16" />
  <attribute name="heapSize specified" value="-91291648" />
  <attribute name="Current GC Util" value="66" />
  <attribute name= "Current Time Running" value="150233" />
  <attribute name ="GC Interval" value="0" />
  <attribute name="ProportionalT" value="-7.000000" />
  <attribute name="ProportionalI" value="-7.000000" />
  <attribute name="ProportionalH" value="-7.000000" />
  <attribute name="Current Error" value="-14.000000" />
  <attribute name="IntegralT" value="-4718.000000" />
  <attribute name="IntegralI" value="-4718.000000" />
  <attribute name="IntegralH" value="-4718.000000" />
  <attribute name="DerivativeT" value="-0.020772" />
  <attribute name="DerivativeI" value="-0.020772" />
  <attribute name="DerivativeH" value="-0.020772" />
  <attribute name="Loop Time for DT" value="674.000000" />
  <attribute name="Output H" value="4203675648"/>
  <attribute name="Output I" value="200"/>
  <attribute name="Output T" value="16"/>
  <attribute name="Target GC Util Change" value ="80.000000" />
  <attribute name="Current GC Util Change" value="66.000000"/>
  <attribute name="GC Util currently" value="66" />
  <attribute name="CPU Util currently" value="10" />
<allocation-satisfied id="121" threadId="00000000016FB600" bytesRequested="48" />
<af-end id="122" timestamp="2019-08-11T03:59:31.016" threadId="00000000016FBF88" success="true" />
<exclusive-end id="123" timestamp="2019-08-11T03:59:31.021" durationms="1352.316" />

===== DaCapo 9.12-MR1 sunflow PASSED in 18875 msec =====
Using scaled threading model. 16 processors detected, 16 threads used to drive the workload, in a possible range of [1,1000]
<exclusive-start id="124" timestamp="2019-08-11T03:59:39.036" intervalms="9367.272">
  <response-info timems="3.275" idlems="3.275" threads="0" lastid="00000000013E7F00" lastname="main" />
</exclusive-start>
<sys-start reason="explicit" id="125" timestamp="2019-08-11T03:59:39.036" intervalms="19542.984" />
<cycle-start id="126" type="global" contextid="0" timestamp="2019-08-11T03:59:39.036" intervalms="9367.336" />
<gc-start id="127" type="global" contextid="126" timestamp="2019-08-11T03:59:39.036">
  <mem-info id="128" free="295918320" total="4203675648" percent="7">
    <mem type="tenure" free="295918320" total="4203675648" percent="7">
      <mem type="soa" free="85735152" total="3993492480" percent="2" />
      <mem type="loa" free="210183168" total="210183168" percent="100" />
    </mem>
  </mem-info>
</gc-start>
<allocation-stats totalBytes="3879333480" >
  <allocated-bytes non-tlh="502200" tlh="3878831280" />
  <largest-consumer threadName="main" threadId="00000000013E7F00" bytes="11157840" />
</allocation-stats>
<gc-op id="129" type="mark" timems="284.264" contextid="126" timestamp="2019-08-11T03:59:39.320">
  <trace-info objectcount="642543" scancount="555918" scanbytes="14688852" />
  <finalization candidates="154" enqueued="1" />
  <ownableSynchronizers candidates="23" cleared="0" />
  <references type="soft" candidates="4995" cleared="0" enqueued="0" dynamicThreshold="31" maxThreshold="32" />
  <references type="weak" candidates="6355" cleared="93" enqueued="93" />
  <references type="phantom" candidates="877" cleared="10" enqueued="10" />
  <stringconstants candidates="16167" cleared="22"  />
</gc-op>
<gc-op id="130" type="classunload" timems="0.013" contextid="126" timestamp="2019-08-11T03:59:39.320">
  <classunload-info classloadercandidates="68" classloadersunloaded="0" classesunloaded="0" anonymousclassesunloaded="0" quiescems="0.000" setupms="0.012" scanms="0.001" postms="0.000" />
</gc-op>
<gc-op id="131" type="sweep" timems="14.862" contextid="126" timestamp="2019-08-11T03:59:39.335" />
<mem-info id="132" free="4180276200" total="4203675648" percent="99">
  <mem type="tenure" free="4180276200" total="4203675648" percent="99" micro-fragmented="232195" macro-fragmented="0">
    <mem type="soa" free="3970093032" total="3993492480" percent="99" />
    <mem type="loa" free="210183168" total="210183168" percent="100" />
  </mem>
  <pending-finalizers system="1" default="0" reference="103" classloader="0" />
</mem-info>
<gc-op id="133" type="compact" timems="317.362" contextid="126" timestamp="2019-08-11T03:59:39.653">
  <compact-info movecount="272223" movebytes="10688304" reason="compact to aid heap contraction" />
</gc-op>
<gc-end id="134" type="global" contextid="126" durationms="635.290" usertimems="694.389" systemtimems="332.247" timestamp="2019-08-11T03:59:39.671" activeThreads="16">
  <mem-info id="135" free="4180714544" total="4203675648" percent="99">
    <mem type="tenure" free="4180714544" total="4203675648" percent="99">
      <mem type="soa" free="3970531376" total="3993492480" percent="99" />
      <mem type="loa" free="210183168" total="210183168" percent="100" />
    </mem>
    <pending-finalizers system="1" default="0" reference="103" classloader="0" />
  </mem-info>
</gc-end>
<cycle-end id="136" type="global" contextid="126" timestamp="2019-08-11T03:59:39.673" />
  <attribute name="elasticGC enabled" value="1" />
  <attribute name= "numThreadsSpecified" value="16" />
  <attribute name="heapSize specified" value="-91291648" />
  <attribute name="Current GC Util" value="166" />
  <attribute name= "Current Time Running" value="158938" />
  <attribute name ="GC Interval" value="0" />
  <attribute name="ProportionalT" value="43.000000" />
  <attribute name="ProportionalI" value="43.000000" />
  <attribute name="ProportionalH" value="43.000000" />
  <attribute name="Current Error" value="86.000000" />
  <attribute name="IntegralT" value="13631.000000" />
  <attribute name="IntegralI" value="13631.000000" />
  <attribute name="IntegralH" value="13631.000000" />
  <attribute name="DerivativeT" value="0.047319" />
  <attribute name="DerivativeI" value="0.047319" />
  <attribute name="DerivativeH" value="0.047319" />
  <attribute name="Loop Time for DT" value="317.000000" />
  <attribute name="Output H" value="8388608"/>
  <attribute name="Output I" value="4000"/>
  <attribute name="Output T" value="16"/>
  <attribute name="Target GC Util Change" value ="80.000000" />
  <attribute name="Current GC Util Change" value="166.000000"/>
  <attribute name="GC Util currently" value="166" />
  <attribute name="CPU Util currently" value="3632372563" />
<sys-end id="137" timestamp="2019-08-11T03:59:39.673" />
<exclusive-end id="138" timestamp="2019-08-11T03:59:39.673" durationms="637.952" />

===== DaCapo 9.12-MR1 xalan starting =====
<exclusive-start id="139" timestamp="2019-08-11T03:59:52.783" intervalms="13747.894">
  <response-info timems="4.355" idlems="2.211" threads="1" lastid="00000000016D9B00" lastname="Thread-51" />
</exclusive-start>
<af-start id="140" threadId="00000000016FFB88" totalBytesRequested="2056" timestamp="2019-08-11T03:59:52.784" intervalms="23115.165" />
<cycle-start id="141" type="global" contextid="0" timestamp="2019-08-11T03:59:52.784" intervalms="13747.822" />
<gc-start id="142" type="global" contextid="141" timestamp="2019-08-11T03:59:52.784">
  <mem-info id="143" free="210183168" total="4203675648" percent="4">
    <mem type="tenure" free="210183168" total="4203675648" percent="4">
      <mem type="soa" free="0" total="3993492480" percent="0" />
      <mem type="loa" free="210183168" total="210183168" percent="100" />
    </mem>
  </mem-info>
</gc-start>
<allocation-stats totalBytes="3968774848" >
  <allocated-bytes non-tlh="1705400" tlh="3967069448" />
  <largest-consumer threadName="Thread-42" threadId="0000000001719A00" bytes="290831888" />
</allocation-stats>
<gc-op id="144" type="mark" timems="55.695" contextid="141" timestamp="2019-08-11T03:59:52.839">
  <trace-info objectcount="673083" scancount="582271" scanbytes="16945100" />
  <finalization candidates="154" enqueued="0" />
  <ownableSynchronizers candidates="23" cleared="1" />
  <references type="soft" candidates="5020" cleared="0" enqueued="0" dynamicThreshold="31" maxThreshold="32" />
  <references type="weak" candidates="6352" cleared="20" enqueued="19" />
  <references type="phantom" candidates="898" cleared="0" enqueued="0" />
  <stringconstants candidates="16516" cleared="0"  />
</gc-op>
<gc-op id="145" type="sweep" timems="15.886" contextid="141" timestamp="2019-08-11T03:59:52.856" />
<mem-info id="146" free="4175821040" total="4203675648" percent="99">
  <mem type="tenure" free="4175821040" total="4203675648" percent="99" micro-fragmented="216278" macro-fragmented="7740515">
    <mem type="soa" free="3965637872" total="3993492480" percent="99" />
    <mem type="loa" free="210183168" total="210183168" percent="100" />
  </mem>
  <pending-finalizers system="0" default="0" reference="19" classloader="0" />
</mem-info>
<gc-op id="147" type="compact" timems="208.120" contextid="141" timestamp="2019-08-11T03:59:53.067">
  <compact-info movecount="460312" movebytes="20443152" reason="compact to aid heap contraction" />
</gc-op>
<gc-end id="148" type="global" contextid="141" durationms="285.472" usertimems="663.650" systemtimems="109.539" timestamp="2019-08-11T03:59:53.069" activeThreads="16">
  <mem-info id="149" free="4176271936" total="4203675648" percent="99">
    <mem type="tenure" free="4176271936" total="4203675648" percent="99">
      <mem type="soa" free="3966088768" total="3993492480" percent="99" />
      <mem type="loa" free="210183168" total="210183168" percent="100" />
    </mem>
    <pending-finalizers system="0" default="0" reference="19" classloader="0" />
  </mem-info>
</gc-end>
<cycle-end id="150" type="global" contextid="141" timestamp="2019-08-11T03:59:53.070" />
  <attribute name="elasticGC enabled" value="1" />
  <attribute name= "numThreadsSpecified" value="16" />
  <attribute name="heapSize specified" value="-91291648" />
  <attribute name="Current GC Util" value="189" />
  <attribute name= "Current Time Running" value="172353" />
  <attribute name ="GC Interval" value="0" />
  <attribute name="ProportionalT" value="54.500000" />
  <attribute name="ProportionalI" value="54.500000" />
  <attribute name="ProportionalH" value="54.500000" />
  <attribute name="Current Error" value="109.000000" />
  <attribute name="IntegralT" value="11390.500000" />
  <attribute name="IntegralI" value="11390.500000" />
  <attribute name="IntegralH" value="11390.500000" />
  <attribute name="DerivativeT" value="0.325359" />
  <attribute name="DerivativeI" value="0.325359" />
  <attribute name="DerivativeH" value="0.325359" />
  <attribute name="Loop Time for DT" value="209.000000" />
  <attribute name="Output H" value="8388608"/>
  <attribute name="Output I" value="4000"/>
  <attribute name="Output T" value="16"/>
  <attribute name="Target GC Util Change" value ="80.000000" />
  <attribute name="Current GC Util Change" value="189.000000"/>
  <attribute name="GC Util currently" value="189" />
  <attribute name="CPU Util currently" value="5539015233" />
<allocation-satisfied id="151" threadId="00000000016FF200" bytesRequested="2056" />
<af-end id="152" timestamp="2019-08-11T03:59:53.070" threadId="00000000016FFB88" success="true" />
<exclusive-end id="153" timestamp="2019-08-11T03:59:53.070" durationms="286.229" />

<exclusive-start id="154" timestamp="2019-08-11T03:59:59.942" intervalms="7158.833">
  <response-info timems="19.661" idlems="19.661" threads="0" lastid="0000000001728900" lastname="Thread-49" />
</exclusive-start>
<af-start id="155" threadId="0000000001729288" totalBytesRequested="2056" timestamp="2019-08-11T03:59:59.942" intervalms="7158.824" />
<cycle-start id="156" type="global" contextid="0" timestamp="2019-08-11T03:59:59.942" intervalms="7158.820" />
<gc-start id="157" type="global" contextid="156" timestamp="2019-08-11T03:59:59.942">
  <mem-info id="158" free="210183168" total="4203675648" percent="4">
    <mem type="tenure" free="210183168" total="4203675648" percent="4">
      <mem type="soa" free="0" total="3993492480" percent="0" />
      <mem type="loa" free="210183168" total="210183168" percent="100" />
    </mem>
  </mem-info>
</gc-start>
<allocation-stats totalBytes="3964363208" >
  <allocated-bytes non-tlh="32776" tlh="3964330432" />
  <largest-consumer threadName="Thread-49" threadId="0000000001728900" bytes="287151280" />
</allocation-stats>
<gc-op id="159" type="mark" timems="55.533" contextid="156" timestamp="2019-08-11T03:59:59.998">
  <trace-info objectcount="664893" scancount="574135" scanbytes="16542372" />
  <finalization candidates="154" enqueued="0" />
  <ownableSynchronizers candidates="22" cleared="0" />
  <references type="soft" candidates="5020" cleared="0" enqueued="0" dynamicThreshold="31" maxThreshold="32" />
  <references type="weak" candidates="6332" cleared="0" enqueued="0" />
  <references type="phantom" candidates="897" cleared="0" enqueued="0" />
  <stringconstants candidates="16516" cleared="0"  />
</gc-op>
<gc-op id="160" type="sweep" timems="14.144" contextid="156" timestamp="2019-08-11T04:00:00.012" />
<mem-info id="161" free="4176824928" total="4203675648" percent="99">
  <mem type="tenure" free="4176824928" total="4203675648" percent="99" micro-fragmented="12704" macro-fragmented="0">
    <mem type="soa" free="3966641760" total="3993492480" percent="99" />
    <mem type="loa" free="210183168" total="210183168" percent="100" />
  </mem>
</mem-info>
<gc-op id="162" type="compact" timems="133.966" contextid="156" timestamp="2019-08-11T04:00:00.146">
  <compact-info movecount="112152" movebytes="7565296" reason="compact to aid heap contraction" />
</gc-op>
<gc-end id="163" type="global" contextid="156" durationms="216.724" usertimems="340.188" systemtimems="89.828" timestamp="2019-08-11T04:00:00.159" activeThreads="16">
  <mem-info id="164" free="4176841008" total="4203675648" percent="99">
    <mem type="tenure" free="4176841008" total="4203675648" percent="99">
      <mem type="soa" free="3966657840" total="3993492480" percent="99" />
      <mem type="loa" free="210183168" total="210183168" percent="100" />
    </mem>
  </mem-info>
</gc-end>
<cycle-end id="165" type="global" contextid="156" timestamp="2019-08-11T04:00:00.160" />
  <attribute name="elasticGC enabled" value="1" />
  <attribute name= "numThreadsSpecified" value="16" />
  <attribute name="heapSize specified" value="-91291648" />
  <attribute name="Current GC Util" value="129" />
  <attribute name= "Current Time Running" value="179436" />
  <attribute name ="GC Interval" value="0" />
  <attribute name="ProportionalT" value="24.500000" />
  <attribute name="ProportionalI" value="24.500000" />
  <attribute name="ProportionalH" value="24.500000" />
  <attribute name="Current Error" value="49.000000" />
  <attribute name="IntegralT" value="3381.000000" />
  <attribute name="IntegralI" value="3381.000000" />
  <attribute name="IntegralH" value="3381.000000" />
  <attribute name="DerivativeT" value="-0.072464" />
  <attribute name="DerivativeI" value="-0.072464" />
  <attribute name="DerivativeH" value="-0.072464" />
  <attribute name="Loop Time for DT" value="138.000000" />
  <attribute name="Output H" value="8388608"/>
  <attribute name="Output I" value="3408"/>
  <attribute name="Output T" value="16"/>
  <attribute name="Target GC Util Change" value ="80.000000" />
  <attribute name="Current GC Util Change" value="129.000000"/>
  <attribute name="GC Util currently" value="129" />
  <attribute name="CPU Util currently" value="8367790784" />
<allocation-satisfied id="166" threadId="0000000001728900" bytesRequested="2056" />
<af-end id="167" timestamp="2019-08-11T04:00:00.160" threadId="0000000001729288" success="true" />
<exclusive-end id="168" timestamp="2019-08-11T04:00:00.160" durationms="217.719" />

===== DaCapo 9.12-MR1 xalan PASSED in 22929 msec =====
</verbosegc>

