<?xml version="1.0" ?>

<verbosegc xmlns="http://www.ibm.com/j9/verbosegc" version="10b4217_CMPRSS">

<initialized id="1" timestamp="2019-06-16T18:46:53.211">
  <attribute name="gcPolicy" value="-Xgcpolicy:balanced" />
  <attribute name="elasticGC enabled" value="1" />
  <attribute name= "numThreadsSpecified" value="0" />
  <attribute name="heapSize specified" value="0" />
  <attribute name="Current GC Util" value="0" />
  <attribute name= "Current Time Running" value="0" />
  <attribute name ="GC Interval" value="0" />
  <attribute name="ProportionalT" value="0.000000" />
  <attribute name="ProportionalI" value="0.000000" />
  <attribute name="ProportionalH" value="0.000000" />
  <attribute name="IntegralT" value="0.000000" />
  <attribute name="IntegralI" value="0.000000" />
  <attribute name="IntegralH" value="0.000000" />
  <attribute name="DerivativeT" value="0.000000" />
  <attribute name="DerivativeI" value="0.000000" />
  <attribute name="DerivativeH" value="0.000000" />
  <attribute name="Target GC Util Change" value ="0.000000" />
  <attribute name="Current GC Util Change" value="0.000000"/>
  <attribute name="Current Error" value="0.000000" />
  <attribute name="Loop Time for DT" value="0.000000" />
  <attribute name="Output H" value="0"/>
  <attribute name="Output I" value="0"/>
  <attribute name="Output T" value="0"/>
  <attribute name="GC Util currently" value="0" />
  <attribute name="CPU Util currently" value="0" />
  <attribute name="maxHeapSize" value="0x7cb00000" />
  <attribute name="initialHeapSize" value="0x800000" />
  <attribute name="compressedRefs" value="true" />
  <attribute name="compressedRefsDisplacement" value="0x0" />
  <attribute name="compressedRefsShift" value="0x0" />
  <attribute name="pageSize" value="0x1000" />
  <attribute name="pageType" value="not used" />
  <attribute name="requestedPageSize" value="0x1000" />
  <attribute name="requestedPageType" value="not used" />
  <attribute name="gcthreads" value="4" />
  <attribute name="packetListSplit" value="4" />
  <attribute name="cacheListSplit" value="4" />
  <attribute name="splitFreeListSplitAmount" value="1" />
  <attribute name="numaNodes" value="0" />
  <region>
    <attribute name="regionSize" value="1048576" />
    <attribute name="regionCount" value="1995" />
    <attribute name="arrayletLeafSize" value="1048576" />
  </region>
  <system>
    <attribute name="physicalMemory" value="8370962432" />
    <attribute name="numCPUs" value="4" />
    <attribute name="architecture" value="amd64" />
    <attribute name="os" value="Linux" />
    <attribute name="osVersion" value="4.4.0-148-generic" />
  </system>
  <vmargs>
    <vmarg name="-Xoptionsfile=/vagrant/jdk/lib/options.default" />
    <vmarg name="-Xlockword:mode=default,noLockword=java/lang/String,noLockword=java/util/MapEntry,noLockword=java/util/HashMap$Entry,noLockword..." />
    <vmarg name="-Xjcl:jclse29" />
    <vmarg name="-Dcom.ibm.oti.vm.bootstrap.library.path=/vagrant/jdk/lib/compressedrefs:/vagrant/jdk/lib" />
    <vmarg name="-Dsun.boot.library.path=/vagrant/jdk/lib/compressedrefs:/vagrant/jdk/lib" />
    <vmarg name="-Djava.library.path=/vagrant/jdk/lib/compressedrefs:/vagrant/jdk/lib:/usr/lib64:/usr/lib" />
    <vmarg name="-Djava.home=/vagrant/jdk" />
    <vmarg name="-Duser.dir=/vagrant" />
    <vmarg name="-Xgcpolicy:balanced" />
    <vmarg name="-Xgcelastic" />
    <vmarg name="-Xcheck:gc:::elasticGC" />
    <vmarg name="-verbose:gc" />
    <vmarg name="-Xloggc:default-Balanced-jdk-1-1-0.5-verbose14pmd.txt" />
    <vmarg name="-Djava.class.path=dacapo-9.12-MR1-bach.jar" />
    <vmarg name="-Dsun.java.command=dacapo-9.12-MR1-bach.jar pmd --size=default" />
    <vmarg name="-Dsun.java.launcher=SUN_STANDARD" />
    <vmarg name="-Dsun.java.launcher.pid=24873" />
  </vmargs>
</initialized>

<exclusive-start id="2" timestamp="2019-06-16T18:46:53.881" intervalms="669.698">
  <response-info timems="0.022" idlems="0.022" threads="0" lastid="0000000000E7C700" lastname="main" />
</exclusive-start>
<allocation-taxation id="3" taxation-threshold="8388608" timestamp="2019-06-16T18:46:53.882" intervalms="670.129" />
<cycle-start id="4" type="partial gc" contextid="0" timestamp="2019-06-16T18:46:53.882" intervalms="670.658" />
<gc-start id="5" type="partial gc" contextid="4" timestamp="2019-06-16T18:46:53.883">
  <mem-info id="6" free="0" total="8388608" percent="0">
    <mem type="eden" free="80" total="8388608" percent="0" />
    <remembered-set count="0" freebytes="334848" totalbytes="334848" percent="100" regionsoverflowed="0" regionsstable="0" regionsrebuilding="0"/>
  </mem-info>
</gc-start>
<allocation-stats totalBytes="8347592" >
  <allocated-bytes non-tlh="449560" tlh="7898032" arrayletleaf="0"/>
  <largest-consumer threadName="main" threadId="0000000000E7C700" bytes="8271680" />
</allocation-stats>
<gc-op id="7" type="mark" timems="2.671" contextid="4" timestamp="2019-06-16T18:46:53.886">
  <trace-info objectcount="20648" scancount="16383" scanbytes="542428" />
  <remembered-set-cleared processed="0" cleared="0" durationms="0.090" />
  <finalization candidates="46" enqueued="1" />
  <ownableSynchronizers candidates="4" cleared="3" />
  <references type="soft" candidates="66" cleared="0" enqueued="0" dynamicThreshold="32" maxThreshold="32" />
  <references type="weak" candidates="911" cleared="529" enqueued="452" />
  <references type="phantom" candidates="125" cleared="44" enqueued="44" />
  <stringconstants candidates="2485" cleared="0"  />
  <warning details="Mark for calibration purposes" />
</gc-op>
<gc-op id="8" type="classunload" timems="0.045" contextid="4" timestamp="2019-06-16T18:46:53.886">
  <classunload-info classloadercandidates="6" classloadersunloaded="0" classesunloaded="0" anonymousclassesunloaded="0" quiescems="0.000" setupms="0.045" scanms="0.000" postms="0.000" />
</gc-op>
<gc-op id="9" type="sweep" timems="2.014" contextid="4" timestamp="2019-06-16T18:46:53.889" />
<gc-op id="10" type="compact" timems="7.041" contextid="4" timestamp="2019-06-16T18:46:53.897">
  <compact-info movecount="20648" movebytes="1334432" />
  <remembered-set-cleared processed="0" cleared="0" durationms="0.090" />
</gc-op>
<gc-end id="11" type="partial gc" contextid="4" durationms="15.187" usertimems="8.000" systemtimems="4.000" timestamp="2019-06-16T18:46:53.898" activeThreads="4">
  <mem-info id="12" free="6291456" total="8388608" percent="75">
    <mem type="eden" free="746808" total="2097152" percent="35" />
    <pending-finalizers system="1" default="0" reference="496" classloader="0" />
    <remembered-set count="2048" freebytes="326656" totalbytes="334848" percent="97" regionsoverflowed="0" regionsstable="0" regionsrebuilding="0"/>
  </mem-info>
</gc-end>
<cycle-end id="13" type="partial gc" contextid="4" timestamp="2019-06-16T18:46:53.898" />
  <attribute name="elasticGC enabled" value="1" />
  <attribute name= "numThreadsSpecified" value="4" />
  <attribute name="heapSize specified" value="0" />
  <attribute name="Current GC Util" value="50" />
  <attribute name= "Current Time Running" value="563" />
  <attribute name ="GC Interval" value="0" />
  <attribute name="ProportionalT" value="30.000000" />
  <attribute name="ProportionalI" value="30.000000" />
  <attribute name="ProportionalH" value="30.000000" />
  <attribute name="Current Error" value="30.000000" />
  <attribute name="IntegralT" value="-11110.000000" />
  <attribute name="IntegralI" value="-11110.000000" />
  <attribute name="IntegralH" value="-11110.000000" />
  <attribute name="DerivativeT" value="5.000000" />
  <attribute name="DerivativeI" value="5.000000" />
  <attribute name="DerivativeH" value="5.000000" />
  <attribute name="Loop Time for DT" value="3.000000" />
  <attribute name="Output H" value="2091843584"/>
  <attribute name="Output I" value="200"/>
  <attribute name="Output T" value="4"/>
  <attribute name="Target GC Util Change" value ="20.000000" />
  <attribute name="Current GC Util Change" value="50.000000"/>
  <attribute name="GC Util currently" value="50" />
  <attribute name="CPU Util currently" value="70" />
<exclusive-end id="14" timestamp="2019-06-16T18:46:53.898" durationms="16.790" />

<exclusive-start id="15" timestamp="2019-06-16T18:46:53.899" intervalms="17.886">
  <response-info timems="0.053" idlems="0.036" threads="1" lastid="0000000000FC8800" lastname="Finalizer thread" />
</exclusive-start>
<allocation-taxation id="16" taxation-threshold="6291456" timestamp="2019-06-16T18:46:53.899" intervalms="17.530" />
<cycle-start id="17" type="partial gc" contextid="0" timestamp="2019-06-16T18:46:53.899" intervalms="17.281" />
<gc-start id="18" type="partial gc" contextid="17" timestamp="2019-06-16T18:46:53.900">
  <mem-info id="19" free="0" total="8388608" percent="0">
    <mem type="eden" free="0" total="7340032" percent="0" />
    <pending-finalizers system="1" default="0" reference="43" classloader="0" />
    <remembered-set count="1568" freebytes="328576" totalbytes="334848" percent="98" regionsoverflowed="0" regionsstable="0" regionsrebuilding="0"/>
  </mem-info>
</gc-start>
<allocation-stats totalBytes="5785088" >
  <allocated-bytes non-tlh="88" tlh="5785000" arrayletleaf="0"/>
  <largest-consumer threadName="main" threadId="0000000000E7C700" bytes="5773112" />
</allocation-stats>
<gc-op id="20" type="mark" timems="1.624" contextid="17" timestamp="2019-06-16T18:46:53.902">
  <trace-info objectcount="19851" scancount="15722" scanbytes="530628" />
  <remembered-set-cleared processed="0" cleared="0" durationms="0.043" />
  <finalization candidates="45" enqueued="0" />
  <ownableSynchronizers candidates="1" cleared="0" />
  <references type="soft" candidates="66" cleared="0" enqueued="0" dynamicThreshold="24" maxThreshold="32" />
  <references type="weak" candidates="382" cleared="0" enqueued="0" />
  <references type="phantom" candidates="81" cleared="0" enqueued="0" />
  <stringconstants candidates="2485" cleared="0"  />
  <warning details="Mark invoked due to insufficient free space for Copy-Forward" />
</gc-op>
<gc-op id="21" type="classunload" timems="0.002" contextid="17" timestamp="2019-06-16T18:46:53.902">
  <classunload-info classloadercandidates="6" classloadersunloaded="0" classesunloaded="0" anonymousclassesunloaded="0" quiescems="0.000" setupms="0.002" scanms="0.000" postms="0.000" />
</gc-op>
<gc-op id="22" type="sweep" timems="0.933" contextid="17" timestamp="2019-06-16T18:46:53.903" />
<gc-op id="23" type="compact" timems="3.710" contextid="17" timestamp="2019-06-16T18:46:53.907">
  <compact-info movecount="19815" movebytes="1288656" />
  <remembered-set-cleared processed="0" cleared="0" durationms="0.074" />
</gc-op>
<gc-end id="24" type="partial gc" contextid="17" durationms="7.858" usertimems="8.000" systemtimems="0.000" timestamp="2019-06-16T18:46:53.907" activeThreads="4">
  <mem-info id="25" free="5242880" total="8388608" percent="62">
    <mem type="eden" free="1811840" total="2097152" percent="86" />
    <pending-finalizers system="1" default="0" reference="43" classloader="0" />
    <remembered-set count="1536" freebytes="328704" totalbytes="334848" percent="98" regionsoverflowed="0" regionsstable="0" regionsrebuilding="0"/>
  </mem-info>
</gc-end>
<cycle-end id="26" type="partial gc" contextid="17" timestamp="2019-06-16T18:46:53.908" />
  <attribute name="elasticGC enabled" value="1" />
  <attribute name= "numThreadsSpecified" value="4" />
  <attribute name="heapSize specified" value="0" />
  <attribute name="Current GC Util" value="110" />
  <attribute name= "Current Time Running" value="577" />
  <attribute name ="GC Interval" value="0" />
  <attribute name="ProportionalT" value="90.000000" />
  <attribute name="ProportionalI" value="90.000000" />
  <attribute name="ProportionalH" value="90.000000" />
  <attribute name="Current Error" value="90.000000" />
  <attribute name="IntegralT" value="90.000000" />
  <attribute name="IntegralI" value="90.000000" />
  <attribute name="IntegralH" value="90.000000" />
  <attribute name="DerivativeT" value="45.000000" />
  <attribute name="DerivativeI" value="45.000000" />
  <attribute name="DerivativeH" value="45.000000" />
  <attribute name="Loop Time for DT" value="1.000000" />
  <attribute name="Output H" value="8388608"/>
  <attribute name="Output I" value="232"/>
  <attribute name="Output T" value="4"/>
  <attribute name="Target GC Util Change" value ="20.000000" />
  <attribute name="Current GC Util Change" value="110.000000"/>
  <attribute name="GC Util currently" value="110" />
  <attribute name="CPU Util currently" value="3642370970605" />
<exclusive-end id="27" timestamp="2019-06-16T18:46:53.908" durationms="8.729" />

<exclusive-start id="28" timestamp="2019-06-16T18:46:53.908" intervalms="9.278">
  <response-info timems="0.053" idlems="0.053" threads="0" lastid="0000000000E7C700" lastname="main" />
</exclusive-start>
<allocation-taxation id="29" taxation-threshold="2097152" timestamp="2019-06-16T18:46:53.908" intervalms="9.348" />
<cycle-start id="30" type="global mark phase" contextid="0" timestamp="2019-06-16T18:46:53.909" intervalms="697.275" />
<gc-start id="31" type="global mark phase" contextid="30" timestamp="2019-06-16T18:46:53.909">
  <mem-info id="32" free="3145728" total="8388608" percent="37">
    <remembered-set count="1088" freebytes="330496" totalbytes="334848" percent="98" regionsoverflowed="0" regionsstable="0" regionsrebuilding="0"/>
  </mem-info>
</gc-start>
<gc-op id="33" type="mark increment" timems="1.128" contextid="30" timestamp="2019-06-16T18:46:53.910">
  <trace-info objectcount="88" scancount="0" scanbytes="0" />
</gc-op>
<gc-end id="34" type="global mark phase" contextid="30" durationms="1.207" usertimems="0.000" systemtimems="0.000" timestamp="2019-06-16T18:46:53.910" activeThreads="4">
  <mem-info id="35" free="3145728" total="8388608" percent="37">
    <remembered-set count="1088" freebytes="330496" totalbytes="334848" percent="98" regionsoverflowed="0" regionsstable="0" regionsrebuilding="0"/>
  </mem-info>
</gc-end>
<concurrent-start id="36" type="GMP work packet processing" contextid="30" timestamp="2019-06-16T18:46:53.910">
  <concurrent-mark-start scanTarget="18446744073709551615" />
</concurrent-start>
<exclusive-end id="37" timestamp="2019-06-16T18:46:53.911" durationms="2.648" />

<concurrent-end id="38" type="GMP work packet processing" contextid="30" timestamp="2019-06-16T18:46:53.911">
  <concurrent-mark-end bytesScanned="527556" reasonForTermination="Completed all work in GC phase" />
</concurrent-end>

<exclusive-start id="39" timestamp="2019-06-16T18:46:53.912" intervalms="3.425">
  <response-info timems="0.017" idlems="0.017" threads="0" lastid="0000000000E7C700" lastname="main" />
</exclusive-start>
<allocation-taxation id="40" taxation-threshold="2097152" timestamp="2019-06-16T18:46:53.912" intervalms="3.382" />
<cycle-start id="41" type="partial gc" contextid="0" timestamp="2019-06-16T18:46:53.912" intervalms="12.576" />
<gc-start id="42" type="partial gc" contextid="41" timestamp="2019-06-16T18:46:53.912">
  <mem-info id="43" free="1048576" total="8388608" percent="12">
    <mem type="eden" free="1027752" total="5242880" percent="19" />
    <remembered-set count="1088" freebytes="330496" totalbytes="334848" percent="98" regionsoverflowed="0" regionsstable="0" regionsrebuilding="0"/>
  </mem-info>
</gc-start>
<allocation-stats totalBytes="3652568" >
  <allocated-bytes non-tlh="0" tlh="3652568" arrayletleaf="0"/>
  <largest-consumer threadName="main" threadId="0000000000E7C700" bytes="1848568" />
</allocation-stats>
<gc-op id="44" type="copy forward" timems="3.010" contextid="41" timestamp="2019-06-16T18:46:53.916">
  <memory-copied type="eden" objects="3" bytes="18464" bytesdiscarded="0" />
  <memory-copied type="other" objects="19" bytes="5832" bytesdiscarded="912" />
  <memory-cardclean objects="592" bytes="21952" />
  <regions eden="4" other="1" />
  <remembered-set-cleared processed="95" cleared="36" durationms="0.207" />
  <stringconstants candidates="2485" cleared="0"  />
  <heap-resize type="expand" space="default" amount="1048576" count="1" timems="0.284" reason="continue current collection" />
</gc-op>
<gc-op id="45" type="classunload" timems="0.001" contextid="41" timestamp="2019-06-16T18:46:53.916">
  <classunload-info classloadercandidates="6" classloadersunloaded="0" classesunloaded="0" anonymousclassesunloaded="0" quiescems="0.000" setupms="0.001" scanms="0.000" postms="0.000" />
</gc-op>
<heap-resize id="46" type="expand" space="default" amount="1048576" count="1" timems="0.050" reason="excessive time being spent in gc" timestamp="2019-06-16T18:46:53.916" />
<gc-end id="47" type="partial gc" contextid="41" durationms="4.202" usertimems="8.000" systemtimems="0.000" timestamp="2019-06-16T18:46:53.916" activeThreads="4">
  <mem-info id="48" free="6291456" total="10485760" percent="60">
    <mem type="eden" free="2071936" total="2097152" percent="98" />
    <remembered-set count="1184" freebytes="413824" totalbytes="418560" percent="98" regionsoverflowed="0" regionsstable="0" regionsrebuilding="0"/>
  </mem-info>
</gc-end>
<cycle-end id="49" type="partial gc" contextid="41" timestamp="2019-06-16T18:46:53.916" />
  <attribute name="elasticGC enabled" value="1" />
  <attribute name= "numThreadsSpecified" value="4" />
  <attribute name="heapSize specified" value="0" />
  <attribute name="Current GC Util" value="80" />
  <attribute name= "Current Time Running" value="587" />
  <attribute name ="GC Interval" value="0" />
  <attribute name="ProportionalT" value="60.000000" />
  <attribute name="ProportionalI" value="60.000000" />
  <attribute name="ProportionalH" value="60.000000" />
  <attribute name="Current Error" value="60.000000" />
  <attribute name="IntegralT" value="60.000000" />
  <attribute name="IntegralI" value="60.000000" />
  <attribute name="IntegralH" value="60.000000" />
  <attribute name="DerivativeT" value="3.500000" />
  <attribute name="DerivativeI" value="3.500000" />
  <attribute name="DerivativeH" value="3.500000" />
  <attribute name="Loop Time for DT" value="1.000000" />
  <attribute name="Output H" value="8388608"/>
  <attribute name="Output I" value="200"/>
  <attribute name="Output T" value="4"/>
  <attribute name="Target GC Util Change" value ="20.000000" />
  <attribute name="Current GC Util Change" value="80.000000"/>
  <attribute name="GC Util currently" value="80" />
  <attribute name="CPU Util currently" value="8068919453598" />
<exclusive-end id="50" timestamp="2019-06-16T18:46:53.916" durationms="4.758" />

<exclusive-start id="51" timestamp="2019-06-16T18:46:53.917" intervalms="5.266">
  <response-info timems="0.018" idlems="0.018" threads="0" lastid="0000000000E7C700" lastname="main" />
</exclusive-start>
<allocation-taxation id="52" taxation-threshold="3145728" timestamp="2019-06-16T18:46:53.917" intervalms="5.211" />
<gc-start id="53" type="global mark phase" contextid="30" timestamp="2019-06-16T18:46:53.917">
  <mem-info id="54" free="3145728" total="10485760" percent="30">
    <remembered-set count="800" freebytes="415360" totalbytes="418560" percent="99" regionsoverflowed="0" regionsstable="0" regionsrebuilding="0"/>
  </mem-info>
</gc-start>
<gc-op id="55" type="mark increment" timems="1.160" contextid="30" timestamp="2019-06-16T18:46:53.918">
  <trace-info objectcount="2" scancount="1" scanbytes="16" />
  <cardclean-info objects="148" bytes="4960" />
  <finalization candidates="45" enqueued="0" />
  <ownableSynchronizers candidates="1" cleared="0" />
  <references type="soft" candidates="66" cleared="0" enqueued="0" dynamicThreshold="19" maxThreshold="32" />
  <references type="weak" candidates="382" cleared="0" enqueued="0" />
  <references type="phantom" candidates="80" cleared="0" enqueued="0" />
  <stringconstants candidates="2485" cleared="0"  />
</gc-op>
<gc-op id="56" type="classunload" timems="0.001" contextid="30" timestamp="2019-06-16T18:46:53.918">
  <classunload-info classloadercandidates="6" classloadersunloaded="0" classesunloaded="0" anonymousclassesunloaded="0" quiescems="0.000" setupms="0.001" scanms="0.000" postms="0.000" />
</gc-op>
<gc-end id="57" type="global mark phase" contextid="30" durationms="1.453" usertimems="0.000" systemtimems="0.000" timestamp="2019-06-16T18:46:53.919" activeThreads="1">
  <mem-info id="58" free="3145728" total="10485760" percent="30">
    <remembered-set count="800" freebytes="415360" totalbytes="418560" percent="99" regionsoverflowed="0" regionsstable="0" regionsrebuilding="0"/>
  </mem-info>
</gc-end>
<cycle-end id="59" type="global mark phase" contextid="30" timestamp="2019-06-16T18:46:53.919" />
  <attribute name="elasticGC enabled" value="1" />
  <attribute name= "numThreadsSpecified" value="1" />
  <attribute name="heapSize specified" value="0" />
  <attribute name="Current GC Util" value="136" />
  <attribute name= "Current Time Running" value="591" />
  <attribute name ="GC Interval" value="0" />
  <attribute name="ProportionalT" value="116.000000" />
  <attribute name="ProportionalI" value="116.000000" />
  <attribute name="ProportionalH" value="116.000000" />
  <attribute name="Current Error" value="116.000000" />
  <attribute name="IntegralT" value="0.000000" />
  <attribute name="IntegralI" value="0.000000" />
  <attribute name="IntegralH" value="0.000000" />
  <attribute name="DerivativeT" value="inf" />
  <attribute name="DerivativeI" value="inf" />
  <attribute name="DerivativeH" value="inf" />
  <attribute name="Loop Time for DT" value="0.000000" />
  <attribute name="Output H" value="8388608"/>
  <attribute name="Output I" value="200"/>
  <attribute name="Output T" value="1"/>
  <attribute name="Target GC Util Change" value ="20.000000" />
  <attribute name="Current GC Util Change" value="136.000000"/>
  <attribute name="GC Util currently" value="136" />
  <attribute name="CPU Util currently" value="17926377193206" />
<exclusive-end id="60" timestamp="2019-06-16T18:46:53.919" durationms="1.834" />

<exclusive-start id="61" timestamp="2019-06-16T18:46:53.920" intervalms="2.717">
  <response-info timems="0.014" idlems="0.014" threads="0" lastid="0000000000E7C700" lastname="main" />
</exclusive-start>
<allocation-taxation id="62" taxation-threshold="3145728" timestamp="2019-06-16T18:46:53.920" intervalms="2.804" />
<cycle-start id="63" type="partial gc" contextid="0" timestamp="2019-06-16T18:46:53.920" intervalms="7.991" />
<gc-start id="64" type="partial gc" contextid="63" timestamp="2019-06-16T18:46:53.920">
  <mem-info id="65" free="0" total="10485760" percent="0">
    <mem type="eden" free="0" total="6291456" percent="0" />
    <remembered-set count="800" freebytes="415360" totalbytes="418560" percent="99" regionsoverflowed="0" regionsstable="0" regionsrebuilding="0"/>
  </mem-info>
</gc-start>
<allocation-stats totalBytes="5662760" >
  <allocated-bytes non-tlh="0" tlh="5662760" arrayletleaf="0"/>
  <largest-consumer threadName="main" threadId="0000000000E7C700" bytes="2850280" />
</allocation-stats>
<gc-op id="66" type="sweep" timems="0.826" contextid="63" timestamp="2019-06-16T18:46:53.921" />
<gc-op id="67" type="copy forward" timems="1.882" contextid="63" timestamp="2019-06-16T18:46:53.924">
  <memory-copied type="eden" objects="2" bytes="22168" bytesdiscarded="0" />
  <memory-copied type="other" objects="1" bytes="288" bytesdiscarded="0" />
  <memory-cardclean objects="2" bytes="48" />
  <regions eden="3" other="2" />
  <remembered-set-cleared processed="107" cleared="3" durationms="0.046" />
  <stringconstants candidates="2485" cleared="0"  />
</gc-op>
<gc-op id="68" type="classunload" timems="0.023" contextid="63" timestamp="2019-06-16T18:46:53.924">
  <classunload-info classloadercandidates="6" classloadersunloaded="0" classesunloaded="0" anonymousclassesunloaded="0" quiescems="0.000" setupms="0.022" scanms="0.000" postms="0.000" />
</gc-op>
<heap-resize id="69" type="expand" space="default" amount="2097152" count="1" timems="0.058" reason="excessive time being spent in gc" timestamp="2019-06-16T18:46:53.924" />
<gc-end id="70" type="partial gc" contextid="63" durationms="4.046" usertimems="4.000" systemtimems="0.000" timestamp="2019-06-16T18:46:53.924" activeThreads="4">
  <mem-info id="71" free="7340032" total="12582912" percent="58">
    <mem type="eden" free="1026408" total="1048576" percent="97" />
    <remembered-set count="800" freebytes="499072" totalbytes="502272" percent="99" regionsoverflowed="0" regionsstable="0" regionsrebuilding="0"/>
  </mem-info>
</gc-end>
<cycle-end id="72" type="partial gc" contextid="63" timestamp="2019-06-16T18:46:53.924" />
  <attribute name="elasticGC enabled" value="1" />
  <attribute name= "numThreadsSpecified" value="4" />
  <attribute name="heapSize specified" value="0" />
  <attribute name="Current GC Util" value="119" />
  <attribute name= "Current Time Running" value="595" />
  <attribute name ="GC Interval" value="0" />
  <attribute name="ProportionalT" value="99.000000" />
  <attribute name="ProportionalI" value="99.000000" />
  <attribute name="ProportionalH" value="99.000000" />
  <attribute name="Current Error" value="99.000000" />
  <attribute name="IntegralT" value="0.000000" />
  <attribute name="IntegralI" value="0.000000" />
  <attribute name="IntegralH" value="0.000000" />
  <attribute name="DerivativeT" value="-inf" />
  <attribute name="DerivativeI" value="-inf" />
  <attribute name="DerivativeH" value="-inf" />
  <attribute name="Loop Time for DT" value="0.000000" />
  <attribute name="Output H" value="2091843584"/>
  <attribute name="Output I" value="200"/>
  <attribute name="Output T" value="4"/>
  <attribute name="Target GC Util Change" value ="20.000000" />
  <attribute name="Current GC Util Change" value="119.000000"/>
  <attribute name="GC Util currently" value="119" />
  <attribute name="CPU Util currently" value="13808890205636" />
<exclusive-end id="73" timestamp="2019-06-16T18:46:53.924" durationms="4.744" />

<exclusive-start id="74" timestamp="2019-06-16T18:46:53.925" intervalms="5.301">
  <response-info timems="0.015" idlems="0.015" threads="0" lastid="0000000000E7C700" lastname="main" />
</exclusive-start>
<allocation-taxation id="75" taxation-threshold="3145728" timestamp="2019-06-16T18:46:53.925" intervalms="5.284" />
<cycle-start id="76" type="global mark phase" contextid="0" timestamp="2019-06-16T18:46:53.925" intervalms="16.526" />
<gc-start id="77" type="global mark phase" contextid="76" timestamp="2019-06-16T18:46:53.925">
  <mem-info id="78" free="4194304" total="12582912" percent="33">
    <remembered-set count="800" freebytes="499072" totalbytes="502272" percent="99" regionsoverflowed="0" regionsstable="0" regionsrebuilding="0"/>
  </mem-info>
</gc-start>
<gc-op id="79" type="mark increment" timems="0.675" contextid="76" timestamp="2019-06-16T18:46:53.926">
  <trace-info objectcount="89" scancount="0" scanbytes="0" />
</gc-op>
<gc-end id="80" type="global mark phase" contextid="76" durationms="0.763" usertimems="0.000" systemtimems="0.000" timestamp="2019-06-16T18:46:53.926" activeThreads="1">
  <mem-info id="81" free="4194304" total="12582912" percent="33">
    <remembered-set count="800" freebytes="499072" totalbytes="502272" percent="99" regionsoverflowed="0" regionsstable="0" regionsrebuilding="0"/>
  </mem-info>
</gc-end>
<concurrent-start id="82" type="GMP work packet processing" contextid="76" timestamp="2019-06-16T18:46:53.926">
  <concurrent-mark-start scanTarget="18446744073709551615" />
</concurrent-start>
<exclusive-end id="83" timestamp="2019-06-16T18:46:53.926" durationms="1.334" />

<exclusive-start id="84" timestamp="2019-06-16T18:46:53.927" intervalms="2.014">
  <response-info timems="0.020" idlems="0.020" threads="0" lastid="0000000000E7C700" lastname="main" />
</exclusive-start>
<allocation-taxation id="85" taxation-threshold="3145728" timestamp="2019-06-16T18:46:53.927" intervalms="1.960" />
<concurrent-end id="86" type="GMP work packet processing" contextid="76" timestamp="2019-06-16T18:46:53.927">
  <concurrent-mark-end bytesScanned="0" reasonForTermination="Termination requested" />
</concurrent-end>

<cycle-start id="87" type="partial gc" contextid="0" timestamp="2019-06-16T18:46:53.928" intervalms="7.642" />
<gc-start id="88" type="partial gc" contextid="87" timestamp="2019-06-16T18:46:53.928">
  <mem-info id="89" free="1048576" total="12582912" percent="8">
    <mem type="eden" free="1026408" total="7340032" percent="13" />
    <remembered-set count="800" freebytes="499072" totalbytes="502272" percent="99" regionsoverflowed="0" regionsstable="0" regionsrebuilding="0"/>
  </mem-info>
</gc-start>
<allocation-stats totalBytes="4826728" >
  <allocated-bytes non-tlh="135600" tlh="4691128" arrayletleaf="0"/>
  <largest-consumer threadName="main" threadId="0000000000E7C700" bytes="2370568" />
</allocation-stats>
<gc-op id="90" type="copy forward" timems="0.716" contextid="87" timestamp="2019-06-16T18:46:53.929">
  <memory-copied type="eden" objects="2" bytes="25240" bytesdiscarded="0" />
  <memory-copied type="other" objects="0" bytes="0" bytesdiscarded="0" />
  <memory-cardclean objects="0" bytes="0" />
  <regions eden="6" other="1" />
  <remembered-set-cleared processed="108" cleared="0" durationms="0.045" />
  <stringconstants candidates="2485" cleared="0"  />
</gc-op>
<gc-op id="91" type="classunload" timems="0.001" contextid="87" timestamp="2019-06-16T18:46:53.929">
  <classunload-info classloadercandidates="6" classloadersunloaded="0" classesunloaded="0" anonymousclassesunloaded="0" quiescems="0.000" setupms="0.001" scanms="0.000" postms="0.000" />
</gc-op>
<heap-resize id="92" type="expand" space="default" amount="1048576" count="1" timems="0.051" reason="excessive time being spent in gc" timestamp="2019-06-16T18:46:53.930" />
<gc-end id="93" type="partial gc" contextid="87" durationms="2.051" usertimems="0.000" systemtimems="4.000" timestamp="2019-06-16T18:46:53.930" activeThreads="1">
  <mem-info id="94" free="8388608" total="13631488" percent="61">
    <mem type="eden" free="1023336" total="1048576" percent="97" />
    <remembered-set count="800" freebytes="540928" totalbytes="544128" percent="99" regionsoverflowed="0" regionsstable="0" regionsrebuilding="0"/>
  </mem-info>
</gc-end>
<cycle-end id="95" type="partial gc" contextid="87" timestamp="2019-06-16T18:46:53.930" />
  <attribute name="elasticGC enabled" value="1" />
  <attribute name= "numThreadsSpecified" value="1" />
  <attribute name="heapSize specified" value="0" />
  <attribute name="Current GC Util" value="113" />
  <attribute name= "Current Time Running" value="602" />
  <attribute name ="GC Interval" value="0" />
  <attribute name="ProportionalT" value="93.000000" />
  <attribute name="ProportionalI" value="93.000000" />
  <attribute name="ProportionalH" value="93.000000" />
  <attribute name="Current Error" value="93.000000" />
  <attribute name="IntegralT" value="0.000000" />
  <attribute name="IntegralI" value="0.000000" />
  <attribute name="IntegralH" value="0.000000" />
  <attribute name="DerivativeT" value="inf" />
  <attribute name="DerivativeI" value="inf" />
  <attribute name="DerivativeH" value="inf" />
  <attribute name="Loop Time for DT" value="0.000000" />
  <attribute name="Output H" value="8388608"/>
  <attribute name="Output I" value="200"/>
  <attribute name="Output T" value="1"/>
  <attribute name="Target GC Util Change" value ="20.000000" />
  <attribute name="Current GC Util Change" value="113.000000"/>
  <attribute name="GC Util currently" value="113" />
  <attribute name="CPU Util currently" value="11979961078990" />
<concurrent-start id="96" type="GMP work packet processing" contextid="76" timestamp="2019-06-16T18:46:53.930">
  <concurrent-mark-start scanTarget="18446744073709551615" />
</concurrent-start>
<exclusive-end id="97" timestamp="2019-06-16T18:46:53.930" durationms="3.300" />

<exclusive-start id="98" timestamp="2019-06-16T18:46:53.931" intervalms="4.044">
  <response-info timems="0.014" idlems="0.014" threads="0" lastid="0000000000E7C700" lastname="main" />
</exclusive-start>
<sys-start reason="explicit" id="99" timestamp="2019-06-16T18:46:53.931" intervalms="719.753" />
<concurrent-end id="100" type="GMP work packet processing" contextid="76" timestamp="2019-06-16T18:46:53.932">
  <concurrent-mark-end bytesScanned="0" reasonForTermination="Termination requested" />
</concurrent-end>

<cycle-continue id="101" oldtype="global mark phase" newtype="global garbage collect" contextid="76" timestamp="2019-06-16T18:46:53.932" />
  <attribute name="elasticGC enabled" value="1" />
  <attribute name= "numThreadsSpecified" value="4" />
  <attribute name="heapSize specified" value="0" />
  <attribute name="Current GC Util" value="101" />
  <attribute name= "Current Time Running" value="604" />
  <attribute name ="GC Interval" value="0" />
  <attribute name="ProportionalT" value="81.000000" />
  <attribute name="ProportionalI" value="81.000000" />
  <attribute name="ProportionalH" value="81.000000" />
  <attribute name="IntegralT" value="162.000000" />
  <attribute name="IntegralI" value="162.000000" />
  <attribute name="IntegralH" value="162.000000" />
  <attribute name="DerivativeT" value="-3.000000" />
  <attribute name="DerivativeI" value="-3.000000" />
  <attribute name="DerivativeH" value="-3.000000" />
  <attribute name="Current Error" value="81.000000" />
  <attribute name="Target GC Util Change" value ="20.000000" />
  <attribute name="Current GC Util Change" value="101.000000"/>
  <attribute name="Loop Time for DT" value="2.000000" />
  <attribute name="Output H" value="8388608"/>
  <attribute name="Output I" value="240"/>
  <attribute name="Output T" value="4"/>
  <attribute name="GC Util currently" value="101" />
  <attribute name="CPU Util currently" value="2818908275523" />
<gc-start id="102" type="global garbage collect" contextid="76" timestamp="2019-06-16T18:46:53.932">
  <mem-info id="103" free="5321600" total="13631488" percent="39">
    <mem type="eden" free="1102056" total="4194304" percent="26" />
    <remembered-set count="800" freebytes="540928" totalbytes="544128" percent="99" regionsoverflowed="0" regionsstable="0" regionsrebuilding="0"/>
  </mem-info>
</gc-start>
<allocation-stats totalBytes="2567088" >
  <allocated-bytes non-tlh="204416" tlh="2362672" arrayletleaf="0"/>
  <largest-consumer threadName="main" threadId="0000000000E7C700" bytes="2567088" />
</allocation-stats>
<gc-op id="104" type="global mark" timems="3.108" contextid="76" timestamp="2019-06-16T18:46:53.935">
  <trace-info objectcount="19688" scancount="15634" scanbytes="527844" />
  <cardclean-info objects="9" bytes="216" />
  <finalization candidates="45" enqueued="0" />
  <ownableSynchronizers candidates="1" cleared="0" />
  <references type="soft" candidates="66" cleared="0" enqueued="0" dynamicThreshold="19" maxThreshold="32" />
  <references type="weak" candidates="382" cleared="0" enqueued="0" />
  <references type="phantom" candidates="80" cleared="0" enqueued="0" />
  <stringconstants candidates="2485" cleared="0"  />
</gc-op>
<gc-op id="105" type="classunload" timems="0.001" contextid="76" timestamp="2019-06-16T18:46:53.935">
  <classunload-info classloadercandidates="6" classloadersunloaded="0" classesunloaded="0" anonymousclassesunloaded="0" quiescems="0.000" setupms="0.001" scanms="0.000" postms="0.000" />
</gc-op>
<gc-op id="106" type="sweep" timems="0.824" contextid="76" timestamp="2019-06-16T18:46:53.936" />
<gc-op id="107" type="compact" timems="3.927" contextid="76" timestamp="2019-06-16T18:46:53.941">
  <compact-info movecount="19698" movebytes="1202816" />
  <remembered-set-cleared processed="292" cleared="292" durationms="0.048" />
</gc-op>
<gc-end id="108" type="global garbage collect" contextid="76" durationms="8.883" usertimems="12.000" systemtimems="0.000" timestamp="2019-06-16T18:46:53.941" activeThreads="4">
  <mem-info id="109" free="8388608" total="13631488" percent="61">
    <remembered-set count="1024" freebytes="540032" totalbytes="544128" percent="99" regionsoverflowed="0" regionsstable="0" regionsrebuilding="0"/>
  </mem-info>
</gc-end>
<cycle-end id="110" type="global garbage collect" contextid="76" timestamp="2019-06-16T18:46:53.941" />
  <attribute name="elasticGC enabled" value="1" />
  <attribute name= "numThreadsSpecified" value="4" />
  <attribute name="heapSize specified" value="0" />
  <attribute name="Current GC Util" value="109" />
  <attribute name= "Current Time Running" value="610" />
  <attribute name ="GC Interval" value="0" />
  <attribute name="ProportionalT" value="89.000000" />
  <attribute name="ProportionalI" value="89.000000" />
  <attribute name="ProportionalH" value="89.000000" />
  <attribute name="Current Error" value="89.000000" />
  <attribute name="IntegralT" value="89.000000" />
  <attribute name="IntegralI" value="89.000000" />
  <attribute name="IntegralH" value="89.000000" />
  <attribute name="DerivativeT" value="-19.000000" />
  <attribute name="DerivativeI" value="-19.000000" />
  <attribute name="DerivativeH" value="-19.000000" />
  <attribute name="Loop Time for DT" value="1.000000" />
  <attribute name="Output H" value="8388608"/>
  <attribute name="Output I" value="200"/>
  <attribute name="Output T" value="4"/>
  <attribute name="Target GC Util Change" value ="20.000000" />
  <attribute name="Current GC Util Change" value="109.000000"/>
  <attribute name="GC Util currently" value="109" />
  <attribute name="CPU Util currently" value="4565157927841" />
<sys-end id="111" timestamp="2019-06-16T18:46:53.941" />
<exclusive-end id="112" timestamp="2019-06-16T18:46:53.941" durationms="9.979" />

<exclusive-start id="113" timestamp="2019-06-16T18:46:54.557" intervalms="625.489">
  <response-info timems="0.036" idlems="0.036" threads="0" lastid="000000000119C000" lastname="PmdThread 4" />
</exclusive-start>
<allocation-taxation id="114" taxation-threshold="8388608" timestamp="2019-06-16T18:46:54.557" intervalms="629.614" />
<cycle-start id="115" type="partial gc" contextid="0" timestamp="2019-06-16T18:46:54.557" intervalms="629.190" />
<gc-start id="116" type="partial gc" contextid="115" timestamp="2019-06-16T18:46:54.557">
  <mem-info id="117" free="0" total="13631488" percent="0">
    <mem type="eden" free="0" total="8388608" percent="0" />
    <remembered-set count="960" freebytes="540288" totalbytes="544128" percent="99" regionsoverflowed="0" regionsstable="0" regionsrebuilding="0"/>
  </mem-info>
</gc-start>
<allocation-stats totalBytes="8316096" >
  <allocated-bytes non-tlh="192024" tlh="8124072" arrayletleaf="0"/>
  <largest-consumer threadName="main" threadId="0000000000E7C700" bytes="7858784" />
</allocation-stats>
<gc-op id="118" type="mark" timems="1.678" contextid="115" timestamp="2019-06-16T18:46:54.559">
  <trace-info objectcount="11362" scancount="8251" scanbytes="349700" />
  <cardclean-info objects="995" bytes="39768" />
  <remembered-set-cleared processed="364" cleared="59" durationms="0.066" />
  <finalization candidates="6" enqueued="0" />
  <ownableSynchronizers candidates="7" cleared="0" />
  <references type="soft" candidates="3" cleared="0" enqueued="0" dynamicThreshold="19" maxThreshold="32" />
  <references type="weak" candidates="510" cleared="293" enqueued="216" />
  <references type="phantom" candidates="12" cleared="3" enqueued="3" />
  <stringconstants candidates="3409" cleared="0"  />
  <warning details="Mark invoked due to insufficient free space for Copy-Forward" />
</gc-op>
<gc-op id="119" type="classunload" timems="0.001" contextid="115" timestamp="2019-06-16T18:46:54.559">
  <classunload-info classloadercandidates="6" classloadersunloaded="0" classesunloaded="0" anonymousclassesunloaded="0" quiescems="0.000" setupms="0.001" scanms="0.000" postms="0.000" />
</gc-op>
<gc-op id="120" type="sweep" timems="0.533" contextid="115" timestamp="2019-06-16T18:46:54.560" />
<gc-op id="121" type="compact" timems="1.838" contextid="115" timestamp="2019-06-16T18:46:54.562">
  <compact-info movecount="11347" movebytes="877960" />
  <remembered-set-cleared processed="2512" cleared="1893" durationms="0.067" />
</gc-op>
<gc-end id="122" type="partial gc" contextid="115" durationms="5.347" usertimems="0.000" systemtimems="8.000" timestamp="2019-06-16T18:46:54.562" activeThreads="4">
  <mem-info id="123" free="7340032" total="13631488" percent="53">
    <mem type="eden" free="169608" total="1048576" percent="16" />
    <pending-finalizers system="0" default="0" reference="219" classloader="0" />
    <remembered-set count="2496" freebytes="534144" totalbytes="544128" percent="98" regionsoverflowed="0" regionsstable="0" regionsrebuilding="0"/>
  </mem-info>
</gc-end>
<cycle-end id="124" type="partial gc" contextid="115" timestamp="2019-06-16T18:46:54.563" />
  <attribute name="elasticGC enabled" value="1" />
  <attribute name= "numThreadsSpecified" value="4" />
  <attribute name="heapSize specified" value="0" />
  <attribute name="Current GC Util" value="24" />
  <attribute name= "Current Time Running" value="1234" />
  <attribute name ="GC Interval" value="0" />
  <attribute name="ProportionalT" value="4.000000" />
  <attribute name="ProportionalI" value="4.000000" />
  <attribute name="ProportionalH" value="4.000000" />
  <attribute name="Current Error" value="4.000000" />
  <attribute name="IntegralT" value="4.000000" />
  <attribute name="IntegralI" value="4.000000" />
  <attribute name="IntegralH" value="4.000000" />
  <attribute name="DerivativeT" value="2.000000" />
  <attribute name="DerivativeI" value="2.000000" />
  <attribute name="DerivativeH" value="2.000000" />
  <attribute name="Loop Time for DT" value="1.000000" />
  <attribute name="Output H" value="8388608"/>
  <attribute name="Output I" value="200"/>
  <attribute name="Output T" value="4"/>
  <attribute name="Target GC Util Change" value ="20.000000" />
  <attribute name="Current GC Util Change" value="24.000000"/>
  <attribute name="GC Util currently" value="24" />
  <attribute name="CPU Util currently" value="5909152784963" />
<exclusive-end id="125" timestamp="2019-06-16T18:46:54.563" durationms="6.242" />

<exclusive-start id="126" timestamp="2019-06-16T18:46:54.680" intervalms="123.095">
  <response-info timems="0.033" idlems="0.033" threads="0" lastid="0000000001198400" lastname="PmdThread 3" />
</exclusive-start>
<allocation-taxation id="127" taxation-threshold="7340032" timestamp="2019-06-16T18:46:54.680" intervalms="123.059" />
<cycle-start id="128" type="partial gc" contextid="0" timestamp="2019-06-16T18:46:54.680" intervalms="123.124" />
<gc-start id="129" type="partial gc" contextid="128" timestamp="2019-06-16T18:46:54.680">
  <mem-info id="130" free="0" total="13631488" percent="0">
    <mem type="eden" free="0" total="7340032" percent="0" />
    <remembered-set count="1728" freebytes="537216" totalbytes="544128" percent="98" regionsoverflowed="0" regionsstable="1" regionsrebuilding="0"/>
  </mem-info>
</gc-start>
<allocation-stats totalBytes="7331224" >
  <allocated-bytes non-tlh="426008" tlh="6905216" arrayletleaf="0"/>
  <largest-consumer threadName="PmdThread 1" threadId="000000000118CC00" bytes="2108456" />
</allocation-stats>
<gc-op id="131" type="mark" timems="2.780" contextid="128" timestamp="2019-06-16T18:46:54.683">
  <trace-info objectcount="37981" scancount="30886" scanbytes="1027268" />
  <cardclean-info objects="645" bytes="32448" />
  <remembered-set-cleared processed="324" cleared="166" durationms="0.055" />
  <finalization candidates="13" enqueued="1" />
  <ownableSynchronizers candidates="7" cleared="0" />
  <references type="soft" candidates="35" cleared="0" enqueued="0" dynamicThreshold="17" maxThreshold="32" />
  <references type="weak" candidates="366" cleared="38" enqueued="32" />
  <references type="phantom" candidates="16" cleared="4" enqueued="4" />
  <stringconstants candidates="4448" cleared="4"  />
  <warning details="Mark invoked due to insufficient free space for Copy-Forward" />
</gc-op>
<gc-op id="132" type="classunload" timems="0.001" contextid="128" timestamp="2019-06-16T18:46:54.683">
  <classunload-info classloadercandidates="6" classloadersunloaded="0" classesunloaded="0" anonymousclassesunloaded="0" quiescems="0.000" setupms="0.001" scanms="0.000" postms="0.000" />
</gc-op>
<gc-op id="133" type="sweep" timems="0.742" contextid="128" timestamp="2019-06-16T18:46:54.684" />
<gc-op id="134" type="compact" timems="4.563" contextid="128" timestamp="2019-06-16T18:46:54.689">
  <compact-info movecount="37921" movebytes="1938160" />
  <remembered-set-cleared processed="845" cleared="525" durationms="0.055" />
</gc-op>
<gc-end id="135" type="partial gc" contextid="128" durationms="9.060" usertimems="12.000" systemtimems="0.000" timestamp="2019-06-16T18:46:54.689" activeThreads="4">
  <mem-info id="136" free="5242880" total="13631488" percent="38">
    <mem type="eden" free="607416" total="2097152" percent="28" />
    <pending-finalizers system="1" default="0" reference="36" classloader="0" />
    <remembered-set count="2816" freebytes="532864" totalbytes="544128" percent="97" regionsoverflowed="0" regionsstable="1" regionsrebuilding="0"/>
  </mem-info>
</gc-end>
<cycle-end id="137" type="partial gc" contextid="128" timestamp="2019-06-16T18:46:54.689" />
  <attribute name="elasticGC enabled" value="1" />
  <attribute name= "numThreadsSpecified" value="4" />
  <attribute name="heapSize specified" value="0" />
  <attribute name="Current GC Util" value="93" />
  <attribute name= "Current Time Running" value="1358" />
  <attribute name ="GC Interval" value="0" />
  <attribute name="ProportionalT" value="73.000000" />
  <attribute name="ProportionalI" value="73.000000" />
  <attribute name="ProportionalH" value="73.000000" />
  <attribute name="Current Error" value="73.000000" />
  <attribute name="IntegralT" value="73.000000" />
  <attribute name="IntegralI" value="73.000000" />
  <attribute name="IntegralH" value="73.000000" />
  <attribute name="DerivativeT" value="36.500000" />
  <attribute name="DerivativeI" value="36.500000" />
  <attribute name="DerivativeH" value="36.500000" />
  <attribute name="Loop Time for DT" value="1.000000" />
  <attribute name="Output H" value="8388608"/>
  <attribute name="Output I" value="200"/>
  <attribute name="Output T" value="4"/>
  <attribute name="Target GC Util Change" value ="20.000000" />
  <attribute name="Current GC Util Change" value="93.000000"/>
  <attribute name="GC Util currently" value="93" />
  <attribute name="CPU Util currently" value="5052911283088" />
<exclusive-end id="138" timestamp="2019-06-16T18:46:54.689" durationms="9.773" />

<exclusive-start id="139" timestamp="2019-06-16T18:46:54.755" intervalms="75.644">
  <response-info timems="0.042" idlems="0.023" threads="1" lastid="0000000001190800" lastname="PmdThread 2" />
</exclusive-start>
<allocation-taxation id="140" taxation-threshold="5242880" timestamp="2019-06-16T18:46:54.755" intervalms="75.655" />
<cycle-start id="141" type="partial gc" contextid="0" timestamp="2019-06-16T18:46:54.756" intervalms="75.608" />
<gc-start id="142" type="partial gc" contextid="141" timestamp="2019-06-16T18:46:54.756">
  <mem-info id="143" free="0" total="13631488" percent="0">
    <mem type="eden" free="0" total="6291456" percent="0" />
    <remembered-set count="2720" freebytes="533248" totalbytes="544128" percent="98" regionsoverflowed="0" regionsstable="1" regionsrebuilding="0"/>
  </mem-info>
</gc-start>
<allocation-stats totalBytes="5238664" >
  <allocated-bytes non-tlh="25472" tlh="5213192" arrayletleaf="0"/>
  <largest-consumer threadName="PmdThread 4" threadId="000000000119C000" bytes="1859840" />
</allocation-stats>
<gc-op id="144" type="mark" timems="2.795" contextid="141" timestamp="2019-06-16T18:46:54.759">
  <trace-info objectcount="43173" scancount="36578" scanbytes="1154084" />
  <cardclean-info objects="432" bytes="23596" />
  <remembered-set-cleared processed="857" cleared="533" durationms="0.063" />
  <finalization candidates="6" enqueued="0" />
  <references type="soft" candidates="33" cleared="0" enqueued="0" dynamicThreshold="12" maxThreshold="32" />
  <references type="weak" candidates="173" cleared="59" enqueued="59" />
  <references type="phantom" candidates="8" cleared="2" enqueued="2" />
  <stringconstants candidates="4616" cleared="0"  />
  <warning details="Mark invoked due to insufficient free space for Copy-Forward" />
</gc-op>
<gc-op id="145" type="classunload" timems="0.002" contextid="141" timestamp="2019-06-16T18:46:54.759">
  <classunload-info classloadercandidates="6" classloadersunloaded="0" classesunloaded="0" anonymousclassesunloaded="0" quiescems="0.000" setupms="0.002" scanms="0.000" postms="0.000" />
</gc-op>
<gc-op id="146" type="sweep" timems="1.267" contextid="141" timestamp="2019-06-16T18:46:54.761" />
<gc-op id="147" type="compact" timems="4.209" contextid="141" timestamp="2019-06-16T18:46:54.765">
  <compact-info movecount="40503" movebytes="1723992" />
  <remembered-set-cleared processed="2385" cleared="1735" durationms="0.063" />
</gc-op>
<heap-resize id="148" type="expand" space="default" amount="3145728" count="1" timems="0.071" reason="insufficient free space following gc" timestamp="2019-06-16T18:46:54.765" />
<gc-end id="149" type="partial gc" contextid="141" durationms="9.620" usertimems="16.000" systemtimems="0.000" timestamp="2019-06-16T18:46:54.765" activeThreads="4">
  <mem-info id="150" free="7340032" total="16777216" percent="43">
    <mem type="eden" free="1235720" total="2097152" percent="58" />
    <pending-finalizers system="0" default="0" reference="61" classloader="0" />
    <remembered-set count="4608" freebytes="651264" totalbytes="669696" percent="97" regionsoverflowed="0" regionsstable="1" regionsrebuilding="0"/>
  </mem-info>
</gc-end>
<cycle-end id="151" type="partial gc" contextid="141" timestamp="2019-06-16T18:46:54.765" />
  <attribute name="elasticGC enabled" value="1" />
  <attribute name= "numThreadsSpecified" value="4" />
  <attribute name="heapSize specified" value="0" />
  <attribute name="Current GC Util" value="91" />
  <attribute name= "Current Time Running" value="1434" />
  <attribute name ="GC Interval" value="0" />
  <attribute name="ProportionalT" value="71.000000" />
  <attribute name="ProportionalI" value="71.000000" />
  <attribute name="ProportionalH" value="71.000000" />
  <attribute name="Current Error" value="71.000000" />
  <attribute name="IntegralT" value="71.000000" />
  <attribute name="IntegralI" value="71.000000" />
  <attribute name="IntegralH" value="71.000000" />
  <attribute name="DerivativeT" value="35.500000" />
  <attribute name="DerivativeI" value="35.500000" />
  <attribute name="DerivativeH" value="35.500000" />
  <attribute name="Loop Time for DT" value="1.000000" />
  <attribute name="Output H" value="8388608"/>
  <attribute name="Output I" value="200"/>
  <attribute name="Output T" value="4"/>
  <attribute name="Target GC Util Change" value ="20.000000" />
  <attribute name="Current GC Util Change" value="91.000000"/>
  <attribute name="GC Util currently" value="91" />
  <attribute name="CPU Util currently" value="3262118312091" />
<exclusive-end id="152" timestamp="2019-06-16T18:46:54.766" durationms="10.349" />

<exclusive-start id="153" timestamp="2019-06-16T18:46:54.783" intervalms="27.490">
  <response-info timems="0.121" idlems="0.121" threads="0" lastid="0000000001198400" lastname="PmdThread 3" />
</exclusive-start>
<allocation-taxation id="154" taxation-threshold="3145728" timestamp="2019-06-16T18:46:54.783" intervalms="27.479" />
<cycle-start id="155" type="global mark phase" contextid="0" timestamp="2019-06-16T18:46:54.783" intervalms="857.748" />
<gc-start id="156" type="global mark phase" contextid="155" timestamp="2019-06-16T18:46:54.783">
  <mem-info id="157" free="4194304" total="16777216" percent="25">
    <remembered-set count="4608" freebytes="651264" totalbytes="669696" percent="97" regionsoverflowed="0" regionsstable="1" regionsrebuilding="0"/>
  </mem-info>
</gc-start>
<gc-op id="158" type="mark increment" timems="0.615" contextid="155" timestamp="2019-06-16T18:46:54.784">
  <trace-info objectcount="263" scancount="0" scanbytes="0" />
</gc-op>
<gc-end id="159" type="global mark phase" contextid="155" durationms="0.753" usertimems="0.000" systemtimems="0.000" timestamp="2019-06-16T18:46:54.784" activeThreads="1">
  <mem-info id="160" free="4194304" total="16777216" percent="25">
    <remembered-set count="4608" freebytes="651264" totalbytes="669696" percent="97" regionsoverflowed="0" regionsstable="0" regionsrebuilding="1"/>
  </mem-info>
</gc-end>
<concurrent-start id="161" type="GMP work packet processing" contextid="155" timestamp="2019-06-16T18:46:54.784">
  <concurrent-mark-start scanTarget="18446744073709551615" />
</concurrent-start>
<exclusive-end id="162" timestamp="2019-06-16T18:46:54.784" durationms="1.259" />

<concurrent-end id="163" type="GMP work packet processing" contextid="155" timestamp="2019-06-16T18:46:54.786">
  <concurrent-mark-end bytesScanned="1961536" reasonForTermination="Completed all work in GC phase" />
</concurrent-end>

<exclusive-start id="164" timestamp="2019-06-16T18:46:54.818" intervalms="34.967">
  <response-info timems="0.033" idlems="0.033" threads="0" lastid="000000000118CC00" lastname="PmdThread 1" />
</exclusive-start>
<allocation-taxation id="165" taxation-threshold="3145728" timestamp="2019-06-16T18:46:54.818" intervalms="34.942" />
<cycle-start id="166" type="partial gc" contextid="0" timestamp="2019-06-16T18:46:54.818" intervalms="62.415" />
<gc-start id="167" type="partial gc" contextid="166" timestamp="2019-06-16T18:46:54.818">
  <mem-info id="168" free="1048576" total="16777216" percent="6">
    <mem type="eden" free="0" total="6291456" percent="0" />
    <remembered-set count="11904" freebytes="622080" totalbytes="669696" percent="92" regionsoverflowed="0" regionsstable="0" regionsrebuilding="1"/>
  </mem-info>
</gc-start>
<allocation-stats totalBytes="6276024" >
  <allocated-bytes non-tlh="20120" tlh="6255904" arrayletleaf="0"/>
  <largest-consumer threadName="PmdThread 2" threadId="0000000001190800" bytes="1047904" />
</allocation-stats>
<gc-op id="169" type="copy forward" timems="5.166" contextid="166" timestamp="2019-06-16T18:46:54.824">
  <memory-copied type="eden" objects="17336" bytes="685712" bytesdiscarded="0" />
  <memory-copied type="other" objects="12760" bytes="399080" bytesdiscarded="0" />
  <memory-cardclean objects="7327" bytes="292032" />
  <regions eden="6" other="1" />
  <remembered-set-cleared processed="10204" cleared="5555" durationms="0.156" />
  <references type="soft" candidates="110" cleared="0" enqueued="0" dynamicThreshold="8" maxThreshold="32" />
  <references type="weak" candidates="249" cleared="0" enqueued="0" />
  <references type="phantom" candidates="3" cleared="0" enqueued="0" />
  <stringconstants candidates="4875" cleared="1"  />
  <heap-resize type="expand" space="default" amount="1048576" count="1" timems="0.063" reason="continue current collection" />
</gc-op>
<gc-op id="170" type="classunload" timems="0.212" contextid="166" timestamp="2019-06-16T18:46:54.824">
  <classunload-info classloadercandidates="10" classloadersunloaded="1" classesunloaded="1" anonymousclassesunloaded="0" quiescems="0.000" setupms="0.202" scanms="0.007" postms="0.003" />
</gc-op>
<gc-op id="171" type="compact" timems="1.594" contextid="166" timestamp="2019-06-16T18:46:54.826">
  <compact-info movecount="0" movebytes="0" />
  <remembered-set-cleared processed="18674" cleared="5555" durationms="0.156" />
</gc-op>
<heap-resize id="172" type="expand" space="default" amount="1048576" count="1" timems="0.061" reason="insufficient free space following gc" timestamp="2019-06-16T18:46:54.826" />
<gc-end id="173" type="partial gc" contextid="166" durationms="8.136" usertimems="8.000" systemtimems="0.000" timestamp="2019-06-16T18:46:54.826" activeThreads="4">
  <mem-info id="174" free="8388608" total="18874368" percent="44">
    <mem type="eden" free="360216" total="1048576" percent="34" />
    <remembered-set count="9920" freebytes="713728" totalbytes="753408" percent="94" regionsoverflowed="0" regionsstable="0" regionsrebuilding="1"/>
  </mem-info>
</gc-end>
<cycle-end id="175" type="partial gc" contextid="166" timestamp="2019-06-16T18:46:54.826" />
  <attribute name="elasticGC enabled" value="1" />
  <attribute name= "numThreadsSpecified" value="4" />
  <attribute name="heapSize specified" value="0" />
  <attribute name="Current GC Util" value="0" />
  <attribute name= "Current Time Running" value="1498" />
  <attribute name ="GC Interval" value="0" />
  <attribute name="ProportionalT" value="-20.000000" />
  <attribute name="ProportionalI" value="-20.000000" />
  <attribute name="ProportionalH" value="-20.000000" />
  <attribute name="Current Error" value="-20.000000" />
  <attribute name="IntegralT" value="-120.000000" />
  <attribute name="IntegralI" value="-120.000000" />
  <attribute name="IntegralH" value="-120.000000" />
  <attribute name="DerivativeT" value="-3.750000" />
  <attribute name="DerivativeI" value="-3.750000" />
  <attribute name="DerivativeH" value="-3.750000" />
  <attribute name="Loop Time for DT" value="6.000000" />
  <attribute name="Output H" value="2091843584"/>
  <attribute name="Output I" value="200"/>
  <attribute name="Output T" value="4"/>
  <attribute name="Target GC Util Change" value ="20.000000" />
  <attribute name="Current GC Util Change" value="0.000000"/>
  <attribute name="GC Util currently" value="0" />
  <attribute name="CPU Util currently" value="822195442765" />
<exclusive-end id="176" timestamp="2019-06-16T18:46:54.827" durationms="8.784" />

<exclusive-start id="177" timestamp="2019-06-16T18:46:54.859" intervalms="41.070">
  <response-info timems="0.047" idlems="0.047" threads="0" lastid="0000000001198400" lastname="PmdThread 3" />
</exclusive-start>
<allocation-taxation id="178" taxation-threshold="4194304" timestamp="2019-06-16T18:46:54.859" intervalms="41.077" />
<gc-start id="179" type="global mark phase" contextid="155" timestamp="2019-06-16T18:46:54.859">
  <mem-info id="180" free="4194304" total="18874368" percent="22">
    <remembered-set count="9920" freebytes="713728" totalbytes="753408" percent="94" regionsoverflowed="0" regionsstable="0" regionsrebuilding="1"/>
  </mem-info>
</gc-start>
<gc-op id="181" type="mark increment" timems="2.639" contextid="155" timestamp="2019-06-16T18:46:54.862">
  <trace-info objectcount="19561" scancount="17340" scanbytes="574432" />
  <cardclean-info objects="13499" bytes="441092" />
  <finalization candidates="57" enqueued="0" />
  <ownableSynchronizers candidates="8" cleared="0" />
  <references type="soft" candidates="213" cleared="0" enqueued="0" dynamicThreshold="14" maxThreshold="32" />
  <references type="weak" candidates="1120" cleared="407" enqueued="407" />
  <references type="phantom" candidates="98" cleared="7" enqueued="7" />
  <stringconstants candidates="4889" cleared="0"  />
</gc-op>
<gc-op id="182" type="classunload" timems="0.004" contextid="155" timestamp="2019-06-16T18:46:54.862">
  <classunload-info classloadercandidates="9" classloadersunloaded="0" classesunloaded="0" anonymousclassesunloaded="0" quiescems="0.000" setupms="0.003" scanms="0.000" postms="0.000" />
</gc-op>
<gc-end id="183" type="global mark phase" contextid="155" durationms="2.874" usertimems="4.000" systemtimems="0.000" timestamp="2019-06-16T18:46:54.862" activeThreads="4">
  <mem-info id="184" free="4194304" total="18874368" percent="22">
    <pending-finalizers system="0" default="0" reference="414" classloader="0" />
    <remembered-set count="12992" freebytes="701440" totalbytes="753408" percent="93" regionsoverflowed="0" regionsstable="0" regionsrebuilding="0"/>
  </mem-info>
</gc-end>
<cycle-end id="185" type="global mark phase" contextid="155" timestamp="2019-06-16T18:46:54.862" />
  <attribute name="elasticGC enabled" value="1" />
  <attribute name= "numThreadsSpecified" value="4" />
  <attribute name="heapSize specified" value="0" />
  <attribute name="Current GC Util" value="0" />
  <attribute name= "Current Time Running" value="1534" />
  <attribute name ="GC Interval" value="0" />
  <attribute name="ProportionalT" value="-20.000000" />
  <attribute name="ProportionalI" value="-20.000000" />
  <attribute name="ProportionalH" value="-20.000000" />
  <attribute name="Current Error" value="-20.000000" />
  <attribute name="IntegralT" value="-20.000000" />
  <attribute name="IntegralI" value="-20.000000" />
  <attribute name="IntegralH" value="-20.000000" />
  <attribute name="DerivativeT" value="-44.000000" />
  <attribute name="DerivativeI" value="-44.000000" />
  <attribute name="DerivativeH" value="-44.000000" />
  <attribute name="Loop Time for DT" value="1.000000" />
  <attribute name="Output H" value="2091843584"/>
  <attribute name="Output I" value="200"/>
  <attribute name="Output T" value="4"/>
  <attribute name="Target GC Util Change" value ="20.000000" />
  <attribute name="Current GC Util Change" value="0.000000"/>
  <attribute name="GC Util currently" value="0" />
  <attribute name="CPU Util currently" value="4200969801443" />
<exclusive-end id="186" timestamp="2019-06-16T18:46:54.862" durationms="3.201" />

<exclusive-start id="187" timestamp="2019-06-16T18:46:54.888" intervalms="28.969">
  <response-info timems="0.032" idlems="0.032" threads="0" lastid="000000000118CC00" lastname="PmdThread 1" />
</exclusive-start>
<allocation-taxation id="188" taxation-threshold="4194304" timestamp="2019-06-16T18:46:54.888" intervalms="29.047" />
<cycle-start id="189" type="partial gc" contextid="0" timestamp="2019-06-16T18:46:54.888" intervalms="70.227" />
<gc-start id="190" type="partial gc" contextid="189" timestamp="2019-06-16T18:46:54.888">
  <mem-info id="191" free="0" total="18874368" percent="0">
    <mem type="eden" free="0" total="8388608" percent="0" />
    <remembered-set count="5632" freebytes="730880" totalbytes="753408" percent="97" regionsoverflowed="0" regionsstable="1" regionsrebuilding="0"/>
  </mem-info>
</gc-start>
<allocation-stats totalBytes="8380816" >
  <allocated-bytes non-tlh="2704" tlh="8378112" arrayletleaf="0"/>
  <largest-consumer threadName="PmdThread 2" threadId="0000000001190800" bytes="1882528" />
</allocation-stats>
<gc-op id="192" type="sweep" timems="0.594" contextid="189" timestamp="2019-06-16T18:46:54.889" />
<gc-op id="193" type="mark" timems="3.221" contextid="189" timestamp="2019-06-16T18:46:54.893">
  <trace-info objectcount="38431" scancount="34201" scanbytes="1034464" />
  <cardclean-info objects="5626" bytes="211756" />
  <remembered-set-cleared processed="3697" cleared="1002" durationms="0.103" />
  <references type="soft" candidates="111" cleared="0" enqueued="0" dynamicThreshold="7" maxThreshold="32" />
  <references type="weak" candidates="130" cleared="127" enqueued="127" />
  <references type="phantom" candidates="16" cleared="9" enqueued="9" />
  <stringconstants candidates="4897" cleared="0"  />
  <warning details="Mark invoked due to insufficient free space for Copy-Forward" />
</gc-op>
<gc-op id="194" type="classunload" timems="0.002" contextid="189" timestamp="2019-06-16T18:46:54.893">
  <classunload-info classloadercandidates="9" classloadersunloaded="0" classesunloaded="0" anonymousclassesunloaded="0" quiescems="0.000" setupms="0.002" scanms="0.000" postms="0.000" />
</gc-op>
<gc-op id="195" type="sweep" timems="0.913" contextid="189" timestamp="2019-06-16T18:46:54.894" />
<gc-op id="196" type="compact" timems="4.448" contextid="189" timestamp="2019-06-16T18:46:54.899">
  <compact-info movecount="38430" movebytes="1508544" />
  <remembered-set-cleared processed="8528" cleared="2543" durationms="0.103" />
</gc-op>
<heap-resize id="197" type="expand" space="default" amount="1048576" count="1" timems="0.065" reason="insufficient free space following gc" timestamp="2019-06-16T18:46:54.899" />
<gc-end id="198" type="partial gc" contextid="189" durationms="10.918" usertimems="20.000" systemtimems="0.000" timestamp="2019-06-16T18:46:54.899" activeThreads="4">
  <mem-info id="199" free="8388608" total="19922944" percent="42">
    <mem type="eden" free="187640" total="1048576" percent="17" />
    <pending-finalizers system="0" default="0" reference="136" classloader="0" />
    <remembered-set count="7328" freebytes="765952" totalbytes="795264" percent="96" regionsoverflowed="0" regionsstable="1" regionsrebuilding="0"/>
  </mem-info>
</gc-end>
<cycle-end id="200" type="partial gc" contextid="189" timestamp="2019-06-16T18:46:54.900" />
  <attribute name="elasticGC enabled" value="1" />
  <attribute name= "numThreadsSpecified" value="4" />
  <attribute name="heapSize specified" value="0" />
  <attribute name="Current GC Util" value="95" />
  <attribute name= "Current Time Running" value="1568" />
  <attribute name ="GC Interval" value="0" />
  <attribute name="ProportionalT" value="75.000000" />
  <attribute name="ProportionalI" value="75.000000" />
  <attribute name="ProportionalH" value="75.000000" />
  <attribute name="Current Error" value="75.000000" />
  <attribute name="IntegralT" value="75.000000" />
  <attribute name="IntegralI" value="75.000000" />
  <attribute name="IntegralH" value="75.000000" />
  <attribute name="DerivativeT" value="37.500000" />
  <attribute name="DerivativeI" value="37.500000" />
  <attribute name="DerivativeH" value="37.500000" />
  <attribute name="Loop Time for DT" value="1.000000" />
  <attribute name="Output H" value="8388608"/>
  <attribute name="Output I" value="200"/>
  <attribute name="Output T" value="4"/>
  <attribute name="Target GC Util Change" value ="20.000000" />
  <attribute name="Current GC Util Change" value="95.000000"/>
  <attribute name="GC Util currently" value="95" />
  <attribute name="CPU Util currently" value="4024833144741" />
<exclusive-end id="201" timestamp="2019-06-16T18:46:54.900" durationms="11.944" />

<exclusive-start id="202" timestamp="2019-06-16T18:46:54.960" intervalms="72.668">
  <response-info timems="0.205" idlems="0.186" threads="1" lastid="000000000119C000" lastname="PmdThread 4" />
</exclusive-start>
<allocation-taxation id="203" taxation-threshold="8388608" timestamp="2019-06-16T18:46:54.961" intervalms="72.634" />
<cycle-start id="204" type="partial gc" contextid="0" timestamp="2019-06-16T18:46:54.961" intervalms="72.522" />
<gc-start id="205" type="partial gc" contextid="204" timestamp="2019-06-16T18:46:54.961">
  <mem-info id="206" free="0" total="19922944" percent="0">
    <mem type="eden" free="0" total="8388608" percent="0" />
    <remembered-set count="6976" freebytes="767360" totalbytes="795264" percent="96" regionsoverflowed="0" regionsstable="1" regionsrebuilding="0"/>
  </mem-info>
</gc-start>
<allocation-stats totalBytes="8383832" >
  <allocated-bytes non-tlh="5496" tlh="8378336" arrayletleaf="0"/>
  <largest-consumer threadName="PmdThread 4" threadId="000000000119C000" bytes="3610232" />
</allocation-stats>
<gc-op id="207" type="mark" timems="2.238" contextid="204" timestamp="2019-06-16T18:46:54.964">
  <trace-info objectcount="27425" scancount="24524" scanbytes="791912" />
  <cardclean-info objects="1807" bytes="97360" />
  <remembered-set-cleared processed="5003" cleared="1293" durationms="0.117" />
  <references type="soft" candidates="18" cleared="0" enqueued="0" dynamicThreshold="13" maxThreshold="32" />
  <references type="weak" candidates="140" cleared="139" enqueued="139" />
  <references type="phantom" candidates="13" cleared="7" enqueued="7" />
  <stringconstants candidates="4983" cleared="0"  />
  <warning details="Mark invoked due to insufficient free space for Copy-Forward" />
</gc-op>
<gc-op id="208" type="classunload" timems="0.002" contextid="204" timestamp="2019-06-16T18:46:54.964">
  <classunload-info classloadercandidates="9" classloadersunloaded="0" classesunloaded="0" anonymousclassesunloaded="0" quiescems="0.000" setupms="0.002" scanms="0.000" postms="0.000" />
</gc-op>
<gc-op id="209" type="sweep" timems="0.365" contextid="204" timestamp="2019-06-16T18:46:54.964" />
<gc-op id="210" type="compact" timems="3.449" contextid="204" timestamp="2019-06-16T18:46:54.968">
  <compact-info movecount="27205" movebytes="1217424" />
  <remembered-set-cleared processed="12712" cleared="5280" durationms="0.117" />
</gc-op>
<heap-resize id="211" type="expand" space="default" amount="4194304" count="1" timems="0.085" reason="excessive time being spent in gc" timestamp="2019-06-16T18:46:54.968" />
<gc-end id="212" type="partial gc" contextid="204" durationms="7.333" usertimems="8.000" systemtimems="0.000" timestamp="2019-06-16T18:46:54.968" activeThreads="4">
  <mem-info id="213" free="11534336" total="24117248" percent="47">
    <mem type="eden" free="643168" total="1048576" percent="61" />
    <pending-finalizers system="0" default="0" reference="146" classloader="0" />
    <remembered-set count="7776" freebytes="931584" totalbytes="962688" percent="96" regionsoverflowed="0" regionsstable="1" regionsrebuilding="0"/>
  </mem-info>
</gc-end>
<cycle-end id="214" type="partial gc" contextid="204" timestamp="2019-06-16T18:46:54.968" />
  <attribute name="elasticGC enabled" value="1" />
  <attribute name= "numThreadsSpecified" value="4" />
  <attribute name="heapSize specified" value="0" />
  <attribute name="Current GC Util" value="26" />
  <attribute name= "Current Time Running" value="1638" />
  <attribute name ="GC Interval" value="0" />
  <attribute name="ProportionalT" value="6.000000" />
  <attribute name="ProportionalI" value="6.000000" />
  <attribute name="ProportionalH" value="6.000000" />
  <attribute name="Current Error" value="6.000000" />
  <attribute name="IntegralT" value="6.000000" />
  <attribute name="IntegralI" value="6.000000" />
  <attribute name="IntegralH" value="6.000000" />
  <attribute name="DerivativeT" value="-43.500000" />
  <attribute name="DerivativeI" value="-43.500000" />
  <attribute name="DerivativeH" value="-43.500000" />
  <attribute name="Loop Time for DT" value="1.000000" />
  <attribute name="Output H" value="2091843584"/>
  <attribute name="Output I" value="200"/>
  <attribute name="Output T" value="4"/>
  <attribute name="Target GC Util Change" value ="20.000000" />
  <attribute name="Current GC Util Change" value="26.000000"/>
  <attribute name="GC Util currently" value="26" />
  <attribute name="CPU Util currently" value="7679385499925" />
<exclusive-end id="215" timestamp="2019-06-16T18:46:54.969" durationms="8.141" />

<exclusive-start id="216" timestamp="2019-06-16T18:46:55.025" intervalms="64.150">
  <response-info timems="0.055" idlems="0.055" threads="0" lastid="000000000119C000" lastname="PmdThread 4" />
</exclusive-start>
<allocation-taxation id="217" taxation-threshold="11534336" timestamp="2019-06-16T18:46:55.025" intervalms="64.105" />
<cycle-start id="218" type="partial gc" contextid="0" timestamp="2019-06-16T18:46:55.025" intervalms="64.117" />
<gc-start id="219" type="partial gc" contextid="218" timestamp="2019-06-16T18:46:55.025">
  <mem-info id="220" free="0" total="24117248" percent="0">
    <mem type="eden" free="0" total="11534336" percent="0" />
    <remembered-set count="7776" freebytes="931584" totalbytes="962688" percent="96" regionsoverflowed="0" regionsstable="1" regionsrebuilding="0"/>
  </mem-info>
</gc-start>
<allocation-stats totalBytes="11529840" >
  <allocated-bytes non-tlh="208" tlh="11529632" arrayletleaf="0"/>
  <largest-consumer threadName="PmdThread 2" threadId="0000000001190800" bytes="3676976" />
</allocation-stats>
<gc-op id="221" type="mark" timems="1.774" contextid="218" timestamp="2019-06-16T18:46:55.027">
  <trace-info objectcount="12179" scancount="10830" scanbytes="361856" />
  <cardclean-info objects="2647" bytes="129832" />
  <remembered-set-cleared processed="5697" cleared="799" durationms="0.126" />
  <finalization candidates="1" enqueued="0" />
  <references type="soft" candidates="16" cleared="0" enqueued="0" dynamicThreshold="15" maxThreshold="32" />
  <references type="weak" candidates="213" cleared="207" enqueued="207" />
  <references type="phantom" candidates="79" cleared="44" enqueued="44" />
  <stringconstants candidates="4984" cleared="0"  />
  <warning details="Mark invoked due to insufficient free space for Copy-Forward" />
</gc-op>
<gc-op id="222" type="classunload" timems="0.002" contextid="218" timestamp="2019-06-16T18:46:55.027">
  <classunload-info classloadercandidates="10" classloadersunloaded="0" classesunloaded="0" anonymousclassesunloaded="0" quiescems="0.000" setupms="0.001" scanms="0.000" postms="0.000" />
</gc-op>
<gc-op id="223" type="sweep" timems="0.516" contextid="218" timestamp="2019-06-16T18:46:55.028" />
<gc-op id="224" type="compact" timems="2.130" contextid="218" timestamp="2019-06-16T18:46:55.031">
  <compact-info movecount="12179" movebytes="767080" />
  <remembered-set-cleared processed="12181" cleared="2387" durationms="0.126" />
</gc-op>
<heap-resize id="225" type="expand" space="default" amount="4194304" count="1" timems="0.088" reason="excessive time being spent in gc" timestamp="2019-06-16T18:46:55.031" />
<gc-end id="226" type="partial gc" contextid="218" durationms="5.781" usertimems="8.000" systemtimems="0.000" timestamp="2019-06-16T18:46:55.031" activeThreads="4">
  <mem-info id="227" free="14680064" total="28311552" percent="51">
    <mem type="eden" free="499984" total="1048576" percent="47" />
    <pending-finalizers system="0" default="0" reference="251" classloader="0" />
    <remembered-set count="7968" freebytes="1098240" totalbytes="1130112" percent="97" regionsoverflowed="0" regionsstable="1" regionsrebuilding="0"/>
  </mem-info>
</gc-end>
<cycle-end id="228" type="partial gc" contextid="218" timestamp="2019-06-16T18:46:55.031" />
  <attribute name="elasticGC enabled" value="1" />
  <attribute name= "numThreadsSpecified" value="4" />
  <attribute name="heapSize specified" value="0" />
  <attribute name="Current GC Util" value="26" />
  <attribute name= "Current Time Running" value="1702" />
  <attribute name ="GC Interval" value="0" />
  <attribute name="ProportionalT" value="6.000000" />
  <attribute name="ProportionalI" value="6.000000" />
  <attribute name="ProportionalH" value="6.000000" />
  <attribute name="Current Error" value="6.000000" />
  <attribute name="IntegralT" value="6.000000" />
  <attribute name="IntegralI" value="6.000000" />
  <attribute name="IntegralH" value="6.000000" />
  <attribute name="DerivativeT" value="3.000000" />
  <attribute name="DerivativeI" value="3.000000" />
  <attribute name="DerivativeH" value="3.000000" />
  <attribute name="Loop Time for DT" value="1.000000" />
  <attribute name="Output H" value="8388608"/>
  <attribute name="Output I" value="200"/>
  <attribute name="Output T" value="4"/>
  <attribute name="Target GC Util Change" value ="20.000000" />
  <attribute name="Current GC Util Change" value="26.000000"/>
  <attribute name="GC Util currently" value="26" />
  <attribute name="CPU Util currently" value="6123815209800" />
<exclusive-end id="229" timestamp="2019-06-16T18:46:55.031" durationms="6.693" />

<exclusive-start id="230" timestamp="2019-06-16T18:46:55.094" intervalms="69.372">
  <response-info timems="0.025" idlems="0.025" threads="0" lastid="000000000119C000" lastname="PmdThread 4" />
</exclusive-start>
<allocation-taxation id="231" taxation-threshold="13631488" timestamp="2019-06-16T18:46:55.094" intervalms="69.401" />
<cycle-start id="232" type="partial gc" contextid="0" timestamp="2019-06-16T18:46:55.094" intervalms="69.416" />
<gc-start id="233" type="partial gc" contextid="232" timestamp="2019-06-16T18:46:55.094">
  <mem-info id="234" free="1048576" total="28311552" percent="3">
    <mem type="eden" free="0" total="13631488" percent="0" />
    <remembered-set count="7968" freebytes="1098240" totalbytes="1130112" percent="97" regionsoverflowed="0" regionsstable="1" regionsrebuilding="0"/>
  </mem-info>
</gc-start>
<allocation-stats totalBytes="13615248" >
  <allocated-bytes non-tlh="592" tlh="13614656" arrayletleaf="0"/>
  <largest-consumer threadName="PmdThread 2" threadId="0000000001190800" bytes="4810936" />
</allocation-stats>
<gc-op id="235" type="copy forward" timems="2.474" contextid="232" timestamp="2019-06-16T18:46:55.098">
  <memory-copied type="eden" objects="10545" bytes="1113656" bytesdiscarded="36432" />
  <memory-copied type="other" objects="1037" bytes="62768" bytesdiscarded="7144" />
  <memory-cardclean objects="1604" bytes="77712" />
  <regions eden="13" other="2" />
  <remembered-set-cleared processed="6302" cleared="640" durationms="0.103" />
  <finalization candidates="1" enqueued="0" />
  <references type="weak" candidates="230" cleared="0" enqueued="0" />
  <references type="phantom" candidates="94" cleared="0" enqueued="0" />
  <stringconstants candidates="4993" cleared="0"  />
  <heap-resize type="expand" space="default" amount="2097152" count="2" timems="0.248" reason="continue current collection" />
</gc-op>
<gc-op id="236" type="classunload" timems="0.003" contextid="232" timestamp="2019-06-16T18:46:55.098">
  <classunload-info classloadercandidates="10" classloadersunloaded="0" classesunloaded="0" anonymousclassesunloaded="0" quiescems="0.000" setupms="0.001" scanms="0.000" postms="0.000" />
</gc-op>
<gc-end id="237" type="partial gc" contextid="232" durationms="3.337" usertimems="4.000" systemtimems="0.000" timestamp="2019-06-16T18:46:55.098" activeThreads="4">
  <mem-info id="238" free="15728640" total="30408704" percent="51">
    <mem type="eden" free="942992" total="2097152" percent="44" />
    <remembered-set count="9376" freebytes="1176320" totalbytes="1213824" percent="96" regionsoverflowed="0" regionsstable="1" regionsrebuilding="0"/>
  </mem-info>
</gc-end>
<cycle-end id="239" type="partial gc" contextid="232" timestamp="2019-06-16T18:46:55.098" />
  <attribute name="elasticGC enabled" value="1" />
  <attribute name= "numThreadsSpecified" value="4" />
  <attribute name="heapSize specified" value="0" />
  <attribute name="Current GC Util" value="39" />
  <attribute name= "Current Time Running" value="1769" />
  <attribute name ="GC Interval" value="0" />
  <attribute name="ProportionalT" value="19.000000" />
  <attribute name="ProportionalI" value="19.000000" />
  <attribute name="ProportionalH" value="19.000000" />
  <attribute name="Current Error" value="19.000000" />
  <attribute name="IntegralT" value="19.000000" />
  <attribute name="IntegralI" value="19.000000" />
  <attribute name="IntegralH" value="19.000000" />
  <attribute name="DerivativeT" value="9.500000" />
  <attribute name="DerivativeI" value="9.500000" />
  <attribute name="DerivativeH" value="9.500000" />
  <attribute name="Loop Time for DT" value="1.000000" />
  <attribute name="Output H" value="8388608"/>
  <attribute name="Output I" value="200"/>
  <attribute name="Output T" value="4"/>
  <attribute name="Target GC Util Change" value ="20.000000" />
  <attribute name="Current GC Util Change" value="39.000000"/>
  <attribute name="GC Util currently" value="39" />
  <attribute name="CPU Util currently" value="16933125810527" />
<exclusive-end id="240" timestamp="2019-06-16T18:46:55.098" durationms="4.213" />

<exclusive-start id="241" timestamp="2019-06-16T18:46:55.152" intervalms="58.402">
  <response-info timems="0.044" idlems="0.024" threads="1" lastid="000000000119C000" lastname="PmdThread 4" />
</exclusive-start>
<allocation-taxation id="242" taxation-threshold="14680064" timestamp="2019-06-16T18:46:55.153" intervalms="58.421" />
<cycle-start id="243" type="partial gc" contextid="0" timestamp="2019-06-16T18:46:55.153" intervalms="58.429" />
<gc-start id="244" type="partial gc" contextid="243" timestamp="2019-06-16T18:46:55.153">
  <mem-info id="245" free="1048576" total="30408704" percent="3">
    <mem type="eden" free="0" total="14680064" percent="0" />
    <remembered-set count="9088" freebytes="1177472" totalbytes="1213824" percent="97" regionsoverflowed="0" regionsstable="1" regionsrebuilding="0"/>
  </mem-info>
</gc-start>
<allocation-stats totalBytes="14676176" >
  <allocated-bytes non-tlh="0" tlh="14676176" arrayletleaf="0"/>
  <largest-consumer threadName="PmdThread 2" threadId="0000000001190800" bytes="4974624" />
</allocation-stats>
<gc-op id="246" type="copy forward" timems="10.140" contextid="243" timestamp="2019-06-16T18:46:55.164">
  <memory-copied type="eden" objects="59484" bytes="2801648" bytesdiscarded="0" />
  <memory-copied type="other" objects="17833" bytes="777360" bytesdiscarded="0" />
  <memory-cardclean objects="3012" bytes="148648" />
  <regions eden="14" other="3" />
  <remembered-set-cleared processed="6258" cleared="1615" durationms="0.131" />
  <references type="soft" candidates="1" cleared="0" enqueued="0" dynamicThreshold="16" maxThreshold="32" />
  <references type="weak" candidates="315" cleared="0" enqueued="0" />
  <references type="phantom" candidates="102" cleared="0" enqueued="0" />
  <stringconstants candidates="4993" cleared="0"  />
  <heap-resize type="expand" space="default" amount="4194304" count="4" timems="0.257" reason="continue current collection" />
</gc-op>
<gc-op id="247" type="classunload" timems="0.002" contextid="243" timestamp="2019-06-16T18:46:55.164">
  <classunload-info classloadercandidates="10" classloadersunloaded="0" classesunloaded="0" anonymousclassesunloaded="0" quiescems="0.000" setupms="0.002" scanms="0.000" postms="0.000" />
</gc-op>
<gc-op id="248" type="compact" timems="1.130" contextid="243" timestamp="2019-06-16T18:46:55.165">
  <compact-info movecount="0" movebytes="0" />
  <remembered-set-cleared processed="15513" cleared="1615" durationms="0.131" />
</gc-op>
<gc-end id="249" type="partial gc" contextid="243" durationms="12.507" usertimems="8.000" systemtimems="4.000" timestamp="2019-06-16T18:46:55.165" activeThreads="4">
  <mem-info id="250" free="17825792" total="34603008" percent="51">
    <mem type="eden" free="339984" total="3145728" percent="10" />
    <remembered-set count="10848" freebytes="1337856" totalbytes="1381248" percent="96" regionsoverflowed="0" regionsstable="1" regionsrebuilding="0"/>
  </mem-info>
</gc-end>
<cycle-end id="251" type="partial gc" contextid="243" timestamp="2019-06-16T18:46:55.166" />
  <attribute name="elasticGC enabled" value="1" />
  <attribute name= "numThreadsSpecified" value="4" />
  <attribute name="heapSize specified" value="0" />
  <attribute name="Current GC Util" value="0" />
  <attribute name= "Current Time Running" value="1838" />
  <attribute name ="GC Interval" value="0" />
  <attribute name="ProportionalT" value="-20.000000" />
  <attribute name="ProportionalI" value="-20.000000" />
  <attribute name="ProportionalH" value="-20.000000" />
  <attribute name="Current Error" value="-20.000000" />
  <attribute name="IntegralT" value="-220.000000" />
  <attribute name="IntegralI" value="-220.000000" />
  <attribute name="IntegralH" value="-220.000000" />
  <attribute name="DerivativeT" value="-2.000000" />
  <attribute name="DerivativeI" value="-2.000000" />
  <attribute name="DerivativeH" value="-2.000000" />
  <attribute name="Loop Time for DT" value="11.000000" />
  <attribute name="Output H" value="2091843584"/>
  <attribute name="Output I" value="200"/>
  <attribute name="Output T" value="4"/>
  <attribute name="Target GC Util Change" value ="20.000000" />
  <attribute name="Current GC Util Change" value="0.000000"/>
  <attribute name="GC Util currently" value="0" />
  <attribute name="CPU Util currently" value="440078961475" />
<exclusive-end id="252" timestamp="2019-06-16T18:46:55.166" durationms="13.406" />

<exclusive-start id="253" timestamp="2019-06-16T18:46:55.201" intervalms="48.265">
  <response-info timems="0.052" idlems="0.052" threads="0" lastid="0000000001198400" lastname="PmdThread 3" />
</exclusive-start>
<allocation-taxation id="254" taxation-threshold="15728640" timestamp="2019-06-16T18:46:55.201" intervalms="48.286" />
<cycle-start id="255" type="partial gc" contextid="0" timestamp="2019-06-16T18:46:55.201" intervalms="48.313" />
<gc-start id="256" type="partial gc" contextid="255" timestamp="2019-06-16T18:46:55.201">
  <mem-info id="257" free="2097152" total="34603008" percent="6">
    <mem type="eden" free="0" total="15728640" percent="0" />
    <remembered-set count="10400" freebytes="1339648" totalbytes="1381248" percent="96" regionsoverflowed="0" regionsstable="1" regionsrebuilding="0"/>
  </mem-info>
</gc-start>
<allocation-stats totalBytes="15721936" >
  <allocated-bytes non-tlh="0" tlh="15721936" arrayletleaf="0"/>
  <largest-consumer threadName="PmdThread 2" threadId="0000000001190800" bytes="6053768" />
</allocation-stats>
<gc-op id="258" type="copy forward" timems="14.746" contextid="255" timestamp="2019-06-16T18:46:55.217">
  <memory-copied type="eden" objects="68696" bytes="2691776" bytesdiscarded="40" />
  <memory-copied type="other" objects="55297" bytes="2617240" bytesdiscarded="40" />
  <memory-cardclean objects="8049" bytes="446744" />
  <regions eden="15" other="4" />
  <remembered-set-cleared processed="5450" cleared="2168" durationms="0.119" />
  <references type="soft" candidates="2" cleared="0" enqueued="0" dynamicThreshold="16" maxThreshold="32" />
  <references type="weak" candidates="191" cleared="0" enqueued="0" />
  <references type="phantom" candidates="53" cleared="0" enqueued="0" />
  <stringconstants candidates="4993" cleared="0"  />
  <heap-resize type="expand" space="default" amount="5242880" count="5" timems="0.274" reason="continue current collection" />
</gc-op>
<gc-op id="259" type="classunload" timems="0.003" contextid="255" timestamp="2019-06-16T18:46:55.217">
  <classunload-info classloadercandidates="10" classloadersunloaded="0" classesunloaded="0" anonymousclassesunloaded="0" quiescems="0.000" setupms="0.003" scanms="0.000" postms="0.000" />
</gc-op>
<gc-op id="260" type="compact" timems="1.131" contextid="255" timestamp="2019-06-16T18:46:55.218">
  <compact-info movecount="0" movebytes="0" />
  <remembered-set-cleared processed="17938" cleared="2168" durationms="0.119" />
</gc-op>
<heap-resize id="261" type="expand" space="default" amount="7340032" count="1" timems="0.087" reason="excessive time being spent in gc" timestamp="2019-06-16T18:46:55.218" />
<gc-end id="262" type="partial gc" contextid="255" durationms="17.256" usertimems="12.000" systemtimems="4.000" timestamp="2019-06-16T18:46:55.218" activeThreads="4">
  <mem-info id="263" free="27262976" total="47185920" percent="57">
    <mem type="eden" free="449584" total="3145728" percent="14" />
    <remembered-set count="14176" freebytes="1826816" totalbytes="1883520" percent="96" regionsoverflowed="0" regionsstable="1" regionsrebuilding="0"/>
  </mem-info>
</gc-end>
<cycle-end id="264" type="partial gc" contextid="255" timestamp="2019-06-16T18:46:55.219" />
  <attribute name="elasticGC enabled" value="1" />
  <attribute name= "numThreadsSpecified" value="4" />
  <attribute name="heapSize specified" value="0" />
  <attribute name="Current GC Util" value="0" />
  <attribute name= "Current Time Running" value="1890" />
  <attribute name ="GC Interval" value="0" />
  <attribute name="ProportionalT" value="-20.000000" />
  <attribute name="ProportionalI" value="-20.000000" />
  <attribute name="ProportionalH" value="-20.000000" />
  <attribute name="Current Error" value="-20.000000" />
  <attribute name="IntegralT" value="-300.000000" />
  <attribute name="IntegralI" value="-300.000000" />
  <attribute name="IntegralH" value="-300.000000" />
  <attribute name="DerivativeT" value="-1.366667" />
  <attribute name="DerivativeI" value="-1.366667" />
  <attribute name="DerivativeH" value="-1.366667" />
  <attribute name="Loop Time for DT" value="15.000000" />
  <attribute name="Output H" value="2091843584"/>
  <attribute name="Output I" value="200"/>
  <attribute name="Output T" value="4"/>
  <attribute name="Target GC Util Change" value ="20.000000" />
  <attribute name="Current GC Util Change" value="0.000000"/>
  <attribute name="GC Util currently" value="0" />
  <attribute name="CPU Util currently" value="305558786630" />
<exclusive-end id="265" timestamp="2019-06-16T18:46:55.219" durationms="18.102" />

<exclusive-start id="266" timestamp="2019-06-16T18:46:55.273" intervalms="72.506">
  <response-info timems="0.038" idlems="0.038" threads="0" lastid="0000000001198400" lastname="PmdThread 3" />
</exclusive-start>
<allocation-taxation id="267" taxation-threshold="18874368" timestamp="2019-06-16T18:46:55.273" intervalms="72.488" />
<cycle-start id="268" type="partial gc" contextid="0" timestamp="2019-06-16T18:46:55.273" intervalms="72.469" />
<gc-start id="269" type="partial gc" contextid="268" timestamp="2019-06-16T18:46:55.274">
  <mem-info id="270" free="8388608" total="47185920" percent="17">
    <mem type="eden" free="0" total="18874368" percent="0" />
    <remembered-set count="13728" freebytes="1828608" totalbytes="1883520" percent="97" regionsoverflowed="0" regionsstable="1" regionsrebuilding="0"/>
  </mem-info>
</gc-start>
<allocation-stats totalBytes="18868784" >
  <allocated-bytes non-tlh="38000" tlh="18830784" arrayletleaf="0"/>
  <largest-consumer threadName="PmdThread 2" threadId="0000000001190800" bytes="6204624" />
</allocation-stats>
<gc-op id="271" type="copy forward" timems="16.044" contextid="268" timestamp="2019-06-16T18:46:55.290">
  <memory-copied type="eden" objects="63676" bytes="2658800" bytesdiscarded="8" />
  <memory-copied type="other" objects="61614" bytes="2560808" bytesdiscarded="48" />
  <memory-cardclean objects="17958" bytes="976640" />
  <regions eden="18" other="4" />
  <remembered-set-cleared processed="10088" cleared="5927" durationms="0.161" />
  <finalization candidates="6" enqueued="0" />
  <ownableSynchronizers candidates="7" cleared="0" />
  <references type="soft" candidates="3" cleared="0" enqueued="0" dynamicThreshold="18" maxThreshold="32" />
  <references type="weak" candidates="488" cleared="0" enqueued="0" />
  <references type="phantom" candidates="45" cleared="0" enqueued="0" />
  <stringconstants candidates="5010" cleared="0"  />
</gc-op>
<gc-op id="272" type="classunload" timems="0.004" contextid="268" timestamp="2019-06-16T18:46:55.291">
  <classunload-info classloadercandidates="10" classloadersunloaded="0" classesunloaded="0" anonymousclassesunloaded="0" quiescems="0.000" setupms="0.004" scanms="0.000" postms="0.000" />
</gc-op>
<heap-resize id="273" type="expand" space="default" amount="8388608" count="1" timems="0.102" reason="excessive time being spent in gc" timestamp="2019-06-16T18:46:55.291" />
<gc-end id="274" type="partial gc" contextid="268" durationms="17.199" usertimems="16.000" systemtimems="0.000" timestamp="2019-06-16T18:46:55.291" activeThreads="1">
  <mem-info id="275" free="32505856" total="55574528" percent="58">
    <mem type="eden" free="482360" total="3145728" percent="15" />
    <remembered-set count="18496" freebytes="2144384" totalbytes="2218368" percent="96" regionsoverflowed="0" regionsstable="1" regionsrebuilding="0"/>
  </mem-info>
</gc-end>
<cycle-end id="276" type="partial gc" contextid="268" timestamp="2019-06-16T18:46:55.291" />
  <attribute name="elasticGC enabled" value="1" />
  <attribute name= "numThreadsSpecified" value="1" />
  <attribute name="heapSize specified" value="0" />
  <attribute name="Current GC Util" value="41" />
  <attribute name= "Current Time Running" value="1948" />
  <attribute name ="GC Interval" value="0" />
  <attribute name="ProportionalT" value="21.000000" />
  <attribute name="ProportionalI" value="21.000000" />
  <attribute name="ProportionalH" value="21.000000" />
  <attribute name="Current Error" value="21.000000" />
  <attribute name="IntegralT" value="0.000000" />
  <attribute name="IntegralI" value="0.000000" />
  <attribute name="IntegralH" value="0.000000" />
  <attribute name="DerivativeT" value="inf" />
  <attribute name="DerivativeI" value="inf" />
  <attribute name="DerivativeH" value="inf" />
  <attribute name="Loop Time for DT" value="0.000000" />
  <attribute name="Output H" value="8388608"/>
  <attribute name="Output I" value="200"/>
  <attribute name="Output T" value="1"/>
  <attribute name="Target GC Util Change" value ="20.000000" />
  <attribute name="Current GC Util Change" value="41.000000"/>
  <attribute name="GC Util currently" value="41" />
  <attribute name="CPU Util currently" value="15187005250036" />
<exclusive-end id="277" timestamp="2019-06-16T18:46:55.291" durationms="17.970" />

<exclusive-start id="278" timestamp="2019-06-16T18:46:55.362" intervalms="88.410">
  <response-info timems="0.038" idlems="0.038" threads="0" lastid="0000000001190800" lastname="PmdThread 2" />
</exclusive-start>
<allocation-taxation id="279" taxation-threshold="20971520" timestamp="2019-06-16T18:46:55.362" intervalms="88.359" />
<cycle-start id="280" type="partial gc" contextid="0" timestamp="2019-06-16T18:46:55.362" intervalms="88.301" />
<gc-start id="281" type="partial gc" contextid="280" timestamp="2019-06-16T18:46:55.362">
  <mem-info id="282" free="11534336" total="55574528" percent="20">
    <mem type="eden" free="0" total="20971520" percent="0" />
    <remembered-set count="18272" freebytes="2145280" totalbytes="2218368" percent="96" regionsoverflowed="0" regionsstable="1" regionsrebuilding="0"/>
  </mem-info>
</gc-start>
<allocation-stats totalBytes="20967368" >
  <allocated-bytes non-tlh="4440" tlh="20962928" arrayletleaf="0"/>
  <largest-consumer threadName="PmdThread 3" threadId="0000000001198400" bytes="8265392" />
</allocation-stats>
<gc-op id="283" type="copy forward" timems="15.688" contextid="280" timestamp="2019-06-16T18:46:55.378">
  <memory-copied type="eden" objects="68406" bytes="2825824" bytesdiscarded="56" />
  <memory-copied type="other" objects="71997" bytes="2788576" bytesdiscarded="136" />
  <memory-cardclean objects="7742" bytes="424576" />
  <regions eden="20" other="4" />
  <remembered-set-cleared processed="15600" cleared="6391" durationms="0.190" />
  <references type="weak" candidates="333" cleared="0" enqueued="0" />
  <references type="phantom" candidates="60" cleared="0" enqueued="0" />
  <stringconstants candidates="5037" cleared="0"  />
</gc-op>
<gc-op id="284" type="classunload" timems="0.003" contextid="280" timestamp="2019-06-16T18:46:55.378">
  <classunload-info classloadercandidates="10" classloadersunloaded="0" classesunloaded="0" anonymousclassesunloaded="0" quiescems="0.000" setupms="0.003" scanms="0.000" postms="0.000" />
</gc-op>
<heap-resize id="285" type="expand" space="default" amount="5242880" count="1" timems="0.082" reason="excessive time being spent in gc" timestamp="2019-06-16T18:46:55.379" />
<gc-end id="286" type="partial gc" contextid="280" durationms="16.750" usertimems="16.000" systemtimems="0.000" timestamp="2019-06-16T18:46:55.379" activeThreads="1">
  <mem-info id="287" free="36700160" total="60817408" percent="60">
    <mem type="eden" free="318448" total="3145728" percent="10" />
    <remembered-set count="23072" freebytes="2335360" totalbytes="2427648" percent="96" regionsoverflowed="0" regionsstable="1" regionsrebuilding="0"/>
  </mem-info>
</gc-end>
<cycle-end id="288" type="partial gc" contextid="280" timestamp="2019-06-16T18:46:55.379" />
  <attribute name="elasticGC enabled" value="1" />
  <attribute name= "numThreadsSpecified" value="1" />
  <attribute name="heapSize specified" value="0" />
  <attribute name="Current GC Util" value="50" />
  <attribute name= "Current Time Running" value="2036" />
  <attribute name ="GC Interval" value="0" />
  <attribute name="ProportionalT" value="30.000000" />
  <attribute name="ProportionalI" value="30.000000" />
  <attribute name="ProportionalH" value="30.000000" />
  <attribute name="Current Error" value="30.000000" />
  <attribute name="IntegralT" value="0.000000" />
  <attribute name="IntegralI" value="0.000000" />
  <attribute name="IntegralH" value="0.000000" />
  <attribute name="DerivativeT" value="inf" />
  <attribute name="DerivativeI" value="inf" />
  <attribute name="DerivativeH" value="inf" />
  <attribute name="Loop Time for DT" value="0.000000" />
  <attribute name="Output H" value="8388608"/>
  <attribute name="Output I" value="200"/>
  <attribute name="Output T" value="1"/>
  <attribute name="Target GC Util Change" value ="20.000000" />
  <attribute name="Current GC Util Change" value="50.000000"/>
  <attribute name="GC Util currently" value="50" />
  <attribute name="CPU Util currently" value="16524602314005" />
<exclusive-end id="289" timestamp="2019-06-16T18:46:55.379" durationms="17.304" />

<exclusive-start id="290" timestamp="2019-06-16T18:46:55.499" intervalms="137.308">
  <response-info timems="0.049" idlems="0.049" threads="0" lastid="000000000118CC00" lastname="PmdThread 1" />
</exclusive-start>
<allocation-taxation id="291" taxation-threshold="22020096" timestamp="2019-06-16T18:46:55.499" intervalms="137.322" />
<cycle-start id="292" type="partial gc" contextid="0" timestamp="2019-06-16T18:46:55.499" intervalms="137.340" />
<gc-start id="293" type="partial gc" contextid="292" timestamp="2019-06-16T18:46:55.499">
  <mem-info id="294" free="14680064" total="60817408" percent="24">
    <mem type="eden" free="0" total="22020096" percent="0" />
    <remembered-set count="22784" freebytes="2336512" totalbytes="2427648" percent="96" regionsoverflowed="0" regionsstable="1" regionsrebuilding="0"/>
  </mem-info>
</gc-start>
<allocation-stats totalBytes="22012808" >
  <allocated-bytes non-tlh="10056" tlh="22002752" arrayletleaf="0"/>
  <largest-consumer threadName="PmdThread 3" threadId="0000000001198400" bytes="7075608" />
</allocation-stats>
<gc-op id="295" type="copy forward" timems="10.513" contextid="292" timestamp="2019-06-16T18:46:55.511">
  <memory-copied type="eden" objects="83243" bytes="3384296" bytesdiscarded="195792" />
  <memory-copied type="other" objects="86396" bytes="3357680" bytesdiscarded="350840" />
  <memory-cardclean objects="18993" bytes="999280" />
  <regions eden="21" other="4" />
  <remembered-set-cleared processed="19849" cleared="8415" durationms="0.176" />
  <references type="weak" candidates="485" cleared="0" enqueued="0" />
  <references type="phantom" candidates="158" cleared="0" enqueued="0" />
  <stringconstants candidates="5083" cleared="0"  />
</gc-op>
<gc-op id="296" type="classunload" timems="0.004" contextid="292" timestamp="2019-06-16T18:46:55.511">
  <classunload-info classloadercandidates="10" classloadersunloaded="0" classesunloaded="0" anonymousclassesunloaded="0" quiescems="0.000" setupms="0.002" scanms="0.000" postms="0.000" />
</gc-op>
<heap-resize id="297" type="expand" space="default" amount="10485760" count="1" timems="0.124" reason="excessive time being spent in gc" timestamp="2019-06-16T18:46:55.511" />
<gc-end id="298" type="partial gc" contextid="292" durationms="11.836" usertimems="28.000" systemtimems="0.000" timestamp="2019-06-16T18:46:55.511" activeThreads="4">
  <mem-info id="299" free="42991616" total="71303168" percent="60">
    <mem type="eden" free="610472" total="4194304" percent="14" />
    <remembered-set count="32576" freebytes="2715904" totalbytes="2846208" percent="95" regionsoverflowed="0" regionsstable="1" regionsrebuilding="0"/>
  </mem-info>
</gc-end>
<cycle-end id="300" type="partial gc" contextid="292" timestamp="2019-06-16T18:46:55.511" />
  <attribute name="elasticGC enabled" value="1" />
  <attribute name= "numThreadsSpecified" value="4" />
  <attribute name="heapSize specified" value="0" />
  <attribute name="Current GC Util" value="41" />
  <attribute name= "Current Time Running" value="2174" />
  <attribute name ="GC Interval" value="0" />
  <attribute name="ProportionalT" value="21.000000" />
  <attribute name="ProportionalI" value="21.000000" />
  <attribute name="ProportionalH" value="21.000000" />
  <attribute name="Current Error" value="21.000000" />
  <attribute name="IntegralT" value="21.000000" />
  <attribute name="IntegralI" value="21.000000" />
  <attribute name="IntegralH" value="21.000000" />
  <attribute name="DerivativeT" value="10.500000" />
  <attribute name="DerivativeI" value="10.500000" />
  <attribute name="DerivativeH" value="10.500000" />
  <attribute name="Loop Time for DT" value="1.000000" />
  <attribute name="Output H" value="8388608"/>
  <attribute name="Output I" value="200"/>
  <attribute name="Output T" value="4"/>
  <attribute name="Target GC Util Change" value ="20.000000" />
  <attribute name="Current GC Util Change" value="41.000000"/>
  <attribute name="GC Util currently" value="41" />
  <attribute name="CPU Util currently" value="13999836111901" />
<exclusive-end id="301" timestamp="2019-06-16T18:46:55.512" durationms="12.649" />

<exclusive-start id="302" timestamp="2019-06-16T18:46:55.576" intervalms="77.511">
  <response-info timems="0.050" idlems="0.050" threads="0" lastid="000000000118CC00" lastname="PmdThread 1" />
</exclusive-start>
<allocation-taxation id="303" taxation-threshold="24117248" timestamp="2019-06-16T18:46:55.577" intervalms="77.541" />
<cycle-start id="304" type="partial gc" contextid="0" timestamp="2019-06-16T18:46:55.577" intervalms="77.575" />
<gc-start id="305" type="partial gc" contextid="304" timestamp="2019-06-16T18:46:55.577">
  <mem-info id="306" free="18874368" total="71303168" percent="26">
    <mem type="eden" free="0" total="24117248" percent="0" />
    <remembered-set count="32320" freebytes="2716928" totalbytes="2846208" percent="95" regionsoverflowed="0" regionsstable="1" regionsrebuilding="0"/>
  </mem-info>
</gc-start>
<allocation-stats totalBytes="24103608" >
  <allocated-bytes non-tlh="4136" tlh="24099472" arrayletleaf="0"/>
  <largest-consumer threadName="PmdThread 3" threadId="0000000001198400" bytes="8692216" />
</allocation-stats>
<gc-op id="307" type="copy forward" timems="15.780" contextid="304" timestamp="2019-06-16T18:46:55.593">
  <memory-copied type="eden" objects="40418" bytes="1728320" bytesdiscarded="0" />
  <memory-copied type="other" objects="78238" bytes="2922632" bytesdiscarded="8" />
  <memory-cardclean objects="34367" bytes="1938960" />
  <regions eden="23" other="5" />
  <remembered-set-cleared processed="25146" cleared="9445" durationms="0.313" />
  <references type="weak" candidates="503" cleared="0" enqueued="0" />
  <references type="phantom" candidates="136" cleared="0" enqueued="0" />
  <stringconstants candidates="5091" cleared="0"  />
</gc-op>
<gc-op id="308" type="classunload" timems="0.004" contextid="304" timestamp="2019-06-16T18:46:55.594">
  <classunload-info classloadercandidates="10" classloadersunloaded="0" classesunloaded="0" anonymousclassesunloaded="0" quiescems="0.000" setupms="0.003" scanms="0.000" postms="0.000" />
</gc-op>
<heap-resize id="309" type="expand" space="default" amount="2097152" count="1" timems="0.075" reason="excessive time being spent in gc" timestamp="2019-06-16T18:46:55.594" />
<gc-end id="310" type="partial gc" contextid="304" durationms="17.007" usertimems="20.000" systemtimems="0.000" timestamp="2019-06-16T18:46:55.594" activeThreads="1">
  <mem-info id="311" free="44040192" total="73400320" percent="60">
    <mem type="eden" free="363424" total="2097152" percent="17" />
    <remembered-set count="39264" freebytes="2772864" totalbytes="2929920" percent="94" regionsoverflowed="0" regionsstable="1" regionsrebuilding="0"/>
  </mem-info>
</gc-end>
<cycle-end id="312" type="partial gc" contextid="304" timestamp="2019-06-16T18:46:55.594" />
  <attribute name="elasticGC enabled" value="1" />
  <attribute name= "numThreadsSpecified" value="1" />
  <attribute name="heapSize specified" value="0" />
  <attribute name="Current GC Util" value="58" />
  <attribute name= "Current Time Running" value="2251" />
  <attribute name ="GC Interval" value="0" />
  <attribute name="ProportionalT" value="38.000000" />
  <attribute name="ProportionalI" value="38.000000" />
  <attribute name="ProportionalH" value="38.000000" />
  <attribute name="Current Error" value="38.000000" />
  <attribute name="IntegralT" value="0.000000" />
  <attribute name="IntegralI" value="0.000000" />
  <attribute name="IntegralH" value="0.000000" />
  <attribute name="DerivativeT" value="inf" />
  <attribute name="DerivativeI" value="inf" />
  <attribute name="DerivativeH" value="inf" />
  <attribute name="Loop Time for DT" value="0.000000" />
  <attribute name="Output H" value="8388608"/>
  <attribute name="Output I" value="200"/>
  <attribute name="Output T" value="1"/>
  <attribute name="Target GC Util Change" value ="20.000000" />
  <attribute name="Current GC Util Change" value="58.000000"/>
  <attribute name="GC Util currently" value="58" />
  <attribute name="CPU Util currently" value="16812930697448" />
<exclusive-end id="313" timestamp="2019-06-16T18:46:55.594" durationms="17.924" />

<exclusive-start id="314" timestamp="2019-06-16T18:46:55.683" intervalms="106.915">
  <response-info timems="0.032" idlems="0.032" threads="0" lastid="0000000001190800" lastname="PmdThread 2" />
</exclusive-start>
<allocation-taxation id="315" taxation-threshold="25165824" timestamp="2019-06-16T18:46:55.684" intervalms="107.358" />
<cycle-start id="316" type="partial gc" contextid="0" timestamp="2019-06-16T18:46:55.684" intervalms="107.350" />
<gc-start id="317" type="partial gc" contextid="316" timestamp="2019-06-16T18:46:55.684">
  <mem-info id="318" free="18874368" total="73400320" percent="25">
    <mem type="eden" free="0" total="25165824" percent="0" />
    <remembered-set count="38816" freebytes="2774656" totalbytes="2929920" percent="94" regionsoverflowed="0" regionsstable="1" regionsrebuilding="0"/>
  </mem-info>
</gc-start>
<allocation-stats totalBytes="25154968" >
  <allocated-bytes non-tlh="446192" tlh="24708776" arrayletleaf="0"/>
  <largest-consumer threadName="PmdThread 1" threadId="000000000118CC00" bytes="9222576" />
</allocation-stats>
<gc-op id="319" type="copy forward" timems="12.155" contextid="316" timestamp="2019-06-16T18:46:55.697">
  <memory-copied type="eden" objects="38498" bytes="1736096" bytesdiscarded="24" />
  <memory-copied type="other" objects="59031" bytes="2206832" bytesdiscarded="48" />
  <memory-cardclean objects="17929" bytes="892144" />
  <regions eden="24" other="3" />
  <remembered-set-cleared processed="31662" cleared="6548" durationms="0.332" />
  <references type="weak" candidates="408" cleared="0" enqueued="0" />
  <references type="phantom" candidates="81" cleared="0" enqueued="0" />
  <stringconstants candidates="5108" cleared="0"  />
</gc-op>
<gc-op id="320" type="classunload" timems="0.003" contextid="316" timestamp="2019-06-16T18:46:55.697">
  <classunload-info classloadercandidates="10" classloadersunloaded="0" classesunloaded="0" anonymousclassesunloaded="0" quiescems="0.000" setupms="0.003" scanms="0.000" postms="0.000" />
</gc-op>
<heap-resize id="321" type="expand" space="default" amount="5242880" count="1" timems="0.091" reason="excessive time being spent in gc" timestamp="2019-06-16T18:46:55.698" />
<gc-end id="322" type="partial gc" contextid="316" durationms="13.360" usertimems="16.000" systemtimems="0.000" timestamp="2019-06-16T18:46:55.698" activeThreads="1">
  <mem-info id="323" free="47185920" total="78643200" percent="60">
    <mem type="eden" free="354808" total="2097152" percent="16" />
    <remembered-set count="42016" freebytes="2971136" totalbytes="3139200" percent="94" regionsoverflowed="0" regionsstable="1" regionsrebuilding="0"/>
  </mem-info>
</gc-end>
<cycle-end id="324" type="partial gc" contextid="316" timestamp="2019-06-16T18:46:55.698" />
  <attribute name="elasticGC enabled" value="1" />
  <attribute name= "numThreadsSpecified" value="1" />
  <attribute name="heapSize specified" value="0" />
  <attribute name="Current GC Util" value="52" />
  <attribute name= "Current Time Running" value="2358" />
  <attribute name ="GC Interval" value="0" />
  <attribute name="ProportionalT" value="32.000000" />
  <attribute name="ProportionalI" value="32.000000" />
  <attribute name="ProportionalH" value="32.000000" />
  <attribute name="Current Error" value="32.000000" />
  <attribute name="IntegralT" value="0.000000" />
  <attribute name="IntegralI" value="0.000000" />
  <attribute name="IntegralH" value="0.000000" />
  <attribute name="DerivativeT" value="inf" />
  <attribute name="DerivativeI" value="inf" />
  <attribute name="DerivativeH" value="inf" />
  <attribute name="Loop Time for DT" value="0.000000" />
  <attribute name="Output H" value="8388608"/>
  <attribute name="Output I" value="200"/>
  <attribute name="Output T" value="1"/>
  <attribute name="Target GC Util Change" value ="20.000000" />
  <attribute name="Current GC Util Change" value="52.000000"/>
  <attribute name="GC Util currently" value="52" />
  <attribute name="CPU Util currently" value="16900980383328" />
<exclusive-end id="325" timestamp="2019-06-16T18:46:55.698" durationms="14.627" />

<exclusive-start id="326" timestamp="2019-06-16T18:46:55.791" intervalms="108.087">
  <response-info timems="0.054" idlems="0.054" threads="0" lastid="000000000119C000" lastname="PmdThread 4" />
</exclusive-start>
<allocation-taxation id="327" taxation-threshold="26214400" timestamp="2019-06-16T18:46:55.792" intervalms="107.638" />
<cycle-start id="328" type="partial gc" contextid="0" timestamp="2019-06-16T18:46:55.792" intervalms="107.631" />
<gc-start id="329" type="partial gc" contextid="328" timestamp="2019-06-16T18:46:55.792">
  <mem-info id="330" free="20971520" total="78643200" percent="26">
    <mem type="eden" free="0" total="26214400" percent="0" />
    <remembered-set count="41792" freebytes="2972032" totalbytes="3139200" percent="94" regionsoverflowed="0" regionsstable="1" regionsrebuilding="0"/>
  </mem-info>
</gc-start>
<allocation-stats totalBytes="26191192" >
  <allocated-bytes non-tlh="3424" tlh="26187768" arrayletleaf="0"/>
  <largest-consumer threadName="PmdThread 3" threadId="0000000001198400" bytes="9501568" />
</allocation-stats>
<gc-op id="331" type="copy forward" timems="10.283" contextid="328" timestamp="2019-06-16T18:46:55.803">
  <memory-copied type="eden" objects="23462" bytes="1339936" bytesdiscarded="0" />
  <memory-copied type="other" objects="55123" bytes="2157880" bytesdiscarded="320" />
  <memory-cardclean objects="25631" bytes="1185080" />
  <regions eden="25" other="3" />
  <remembered-set-cleared processed="32877" cleared="4914" durationms="0.320" />
  <references type="soft" candidates="12" cleared="0" enqueued="0" dynamicThreshold="19" maxThreshold="32" />
  <references type="weak" candidates="835" cleared="0" enqueued="0" />
  <references type="phantom" candidates="105" cleared="0" enqueued="0" />
  <stringconstants candidates="5134" cleared="0"  />
</gc-op>
<gc-op id="332" type="classunload" timems="0.003" contextid="328" timestamp="2019-06-16T18:46:55.803">
  <classunload-info classloadercandidates="10" classloadersunloaded="0" classesunloaded="0" anonymousclassesunloaded="0" quiescems="0.000" setupms="0.003" scanms="0.000" postms="0.000" />
</gc-op>
<heap-resize id="333" type="expand" space="default" amount="5242880" count="1" timems="0.081" reason="excessive time being spent in gc" timestamp="2019-06-16T18:46:55.803" />
<gc-end id="334" type="partial gc" contextid="328" durationms="11.319" usertimems="16.000" systemtimems="0.000" timestamp="2019-06-16T18:46:55.803" activeThreads="1">
  <mem-info id="335" free="50331648" total="83886080" percent="60">
    <mem type="eden" free="751968" total="2097152" percent="35" />
    <remembered-set count="46496" freebytes="3162496" totalbytes="3348480" percent="94" regionsoverflowed="0" regionsstable="1" regionsrebuilding="0"/>
  </mem-info>
</gc-end>
<cycle-end id="336" type="partial gc" contextid="328" timestamp="2019-06-16T18:46:55.803" />
  <attribute name="elasticGC enabled" value="1" />
  <attribute name= "numThreadsSpecified" value="1" />
  <attribute name="heapSize specified" value="0" />
  <attribute name="Current GC Util" value="61" />
  <attribute name= "Current Time Running" value="2466" />
  <attribute name ="GC Interval" value="0" />
  <attribute name="ProportionalT" value="41.000000" />
  <attribute name="ProportionalI" value="41.000000" />
  <attribute name="ProportionalH" value="41.000000" />
  <attribute name="Current Error" value="41.000000" />
  <attribute name="IntegralT" value="0.000000" />
  <attribute name="IntegralI" value="0.000000" />
  <attribute name="IntegralH" value="0.000000" />
  <attribute name="DerivativeT" value="inf" />
  <attribute name="DerivativeI" value="inf" />
  <attribute name="DerivativeH" value="inf" />
  <attribute name="Loop Time for DT" value="0.000000" />
  <attribute name="Output H" value="8388608"/>
  <attribute name="Output I" value="200"/>
  <attribute name="Output T" value="1"/>
  <attribute name="Target GC Util Change" value ="20.000000" />
  <attribute name="Current GC Util Change" value="61.000000"/>
  <attribute name="GC Util currently" value="61" />
  <attribute name="CPU Util currently" value="17937463581819" />
<exclusive-end id="337" timestamp="2019-06-16T18:46:55.804" durationms="12.232" />

<exclusive-start id="338" timestamp="2019-06-16T18:46:55.859" intervalms="67.347">
  <response-info timems="0.070" idlems="0.070" threads="0" lastid="0000000001198400" lastname="PmdThread 3" />
</exclusive-start>
<allocation-taxation id="339" taxation-threshold="27262976" timestamp="2019-06-16T18:46:55.859" intervalms="67.411" />
<cycle-start id="340" type="partial gc" contextid="0" timestamp="2019-06-16T18:46:55.859" intervalms="67.525" />
<gc-start id="341" type="partial gc" contextid="340" timestamp="2019-06-16T18:46:55.859">
  <mem-info id="342" free="23068672" total="83886080" percent="27">
    <mem type="eden" free="0" total="27262976" percent="0" />
    <remembered-set count="46400" freebytes="3162880" totalbytes="3348480" percent="94" regionsoverflowed="0" regionsstable="1" regionsrebuilding="0"/>
  </mem-info>
</gc-start>
<allocation-stats totalBytes="27233632" >
  <allocated-bytes non-tlh="2088" tlh="27231544" arrayletleaf="0"/>
  <largest-consumer threadName="PmdThread 3" threadId="0000000001198400" bytes="17655464" />
</allocation-stats>
<gc-op id="343" type="copy forward" timems="8.187" contextid="340" timestamp="2019-06-16T18:46:55.869">
  <memory-copied type="eden" objects="14125" bytes="630712" bytesdiscarded="0" />
  <memory-copied type="other" objects="39227" bytes="1721032" bytesdiscarded="32" />
  <memory-cardclean objects="24231" bytes="1332256" />
  <regions eden="26" other="3" />
  <remembered-set-cleared processed="37323" cleared="7578" durationms="0.378" />
  <references type="soft" candidates="12" cleared="0" enqueued="0" dynamicThreshold="19" maxThreshold="32" />
  <references type="weak" candidates="1134" cleared="0" enqueued="0" />
  <references type="phantom" candidates="82" cleared="0" enqueued="0" />
  <stringconstants candidates="5145" cleared="0"  />
</gc-op>
<gc-op id="344" type="classunload" timems="0.002" contextid="340" timestamp="2019-06-16T18:46:55.869">
  <classunload-info classloadercandidates="10" classloadersunloaded="0" classesunloaded="0" anonymousclassesunloaded="0" quiescems="0.000" setupms="0.002" scanms="0.000" postms="0.000" />
</gc-op>
<gc-end id="345" type="partial gc" contextid="340" durationms="9.399" usertimems="12.000" systemtimems="0.000" timestamp="2019-06-16T18:46:55.869" activeThreads="1">
  <mem-info id="346" free="50331648" total="83886080" percent="60">
    <mem type="eden" free="408320" total="1048576" percent="38" />
    <remembered-set count="48288" freebytes="3155328" totalbytes="3348480" percent="94" regionsoverflowed="0" regionsstable="1" regionsrebuilding="0"/>
  </mem-info>
</gc-end>
<cycle-end id="347" type="partial gc" contextid="340" timestamp="2019-06-16T18:46:55.869" />
  <attribute name="elasticGC enabled" value="1" />
  <attribute name= "numThreadsSpecified" value="1" />
  <attribute name="heapSize specified" value="0" />
  <attribute name="Current GC Util" value="44" />
  <attribute name= "Current Time Running" value="2534" />
  <attribute name ="GC Interval" value="0" />
  <attribute name="ProportionalT" value="24.000000" />
  <attribute name="ProportionalI" value="24.000000" />
  <attribute name="ProportionalH" value="24.000000" />
  <attribute name="Current Error" value="24.000000" />
  <attribute name="IntegralT" value="0.000000" />
  <attribute name="IntegralI" value="0.000000" />
  <attribute name="IntegralH" value="0.000000" />
  <attribute name="DerivativeT" value="inf" />
  <attribute name="DerivativeI" value="inf" />
  <attribute name="DerivativeH" value="inf" />
  <attribute name="Loop Time for DT" value="0.000000" />
  <attribute name="Output H" value="8388608"/>
  <attribute name="Output I" value="200"/>
  <attribute name="Output T" value="1"/>
  <attribute name="Target GC Util Change" value ="20.000000" />
  <attribute name="Current GC Util Change" value="44.000000"/>
  <attribute name="GC Util currently" value="44" />
  <attribute name="CPU Util currently" value="13395900237517" />
<exclusive-end id="348" timestamp="2019-06-16T18:46:55.869" durationms="10.453" />

<exclusive-start id="349" timestamp="2019-06-16T18:46:55.970" intervalms="111.653">
  <response-info timems="0.074" idlems="0.074" threads="0" lastid="0000000001198400" lastname="PmdThread 3" />
</exclusive-start>
<allocation-taxation id="350" taxation-threshold="27262976" timestamp="2019-06-16T18:46:55.971" intervalms="111.713" />
<cycle-start id="351" type="partial gc" contextid="0" timestamp="2019-06-16T18:46:55.971" intervalms="111.718" />
<gc-start id="352" type="partial gc" contextid="351" timestamp="2019-06-16T18:46:55.971">
  <mem-info id="353" free="23068672" total="83886080" percent="27">
    <mem type="eden" free="0" total="27262976" percent="0" />
    <remembered-set count="48288" freebytes="3155328" totalbytes="3348480" percent="94" regionsoverflowed="0" regionsstable="1" regionsrebuilding="0"/>
  </mem-info>
</gc-start>
<allocation-stats totalBytes="27238368" >
  <allocated-bytes non-tlh="0" tlh="27238368" arrayletleaf="0"/>
  <largest-consumer threadName="PmdThread 3" threadId="0000000001198400" bytes="27238368" />
</allocation-stats>
<gc-op id="354" type="copy forward" timems="8.890" contextid="351" timestamp="2019-06-16T18:46:55.981">
  <memory-copied type="eden" objects="3107" bytes="211392" bytesdiscarded="0" />
  <memory-copied type="other" objects="43747" bytes="1683256" bytesdiscarded="312" />
  <memory-cardclean objects="56467" bytes="2685152" />
  <regions eden="26" other="2" />
  <remembered-set-cleared processed="39035" cleared="12957" durationms="0.398" />
  <references type="weak" candidates="894" cleared="0" enqueued="0" />
  <references type="phantom" candidates="10" cleared="0" enqueued="0" />
  <stringconstants candidates="5145" cleared="0"  />
</gc-op>
<gc-op id="355" type="classunload" timems="0.003" contextid="351" timestamp="2019-06-16T18:46:55.981">
  <classunload-info classloadercandidates="10" classloadersunloaded="0" classesunloaded="0" anonymousclassesunloaded="0" quiescems="0.000" setupms="0.003" scanms="0.000" postms="0.000" />
</gc-op>
<gc-end id="356" type="partial gc" contextid="351" durationms="9.968" usertimems="8.000" systemtimems="4.000" timestamp="2019-06-16T18:46:55.981" activeThreads="1">
  <mem-info id="357" free="49283072" total="83886080" percent="58">
    <mem type="eden" free="835904" total="1048576" percent="79" />
    <remembered-set count="52224" freebytes="3139584" totalbytes="3348480" percent="93" regionsoverflowed="0" regionsstable="1" regionsrebuilding="0"/>
  </mem-info>
</gc-end>
<cycle-end id="358" type="partial gc" contextid="351" timestamp="2019-06-16T18:46:55.981" />
  <attribute name="elasticGC enabled" value="1" />
  <attribute name= "numThreadsSpecified" value="1" />
  <attribute name="heapSize specified" value="0" />
  <attribute name="Current GC Util" value="59" />
  <attribute name= "Current Time Running" value="2645" />
  <attribute name ="GC Interval" value="0" />
  <attribute name="ProportionalT" value="39.000000" />
  <attribute name="ProportionalI" value="39.000000" />
  <attribute name="ProportionalH" value="39.000000" />
  <attribute name="Current Error" value="39.000000" />
  <attribute name="IntegralT" value="0.000000" />
  <attribute name="IntegralI" value="0.000000" />
  <attribute name="IntegralH" value="0.000000" />
  <attribute name="DerivativeT" value="inf" />
  <attribute name="DerivativeI" value="inf" />
  <attribute name="DerivativeH" value="inf" />
  <attribute name="Loop Time for DT" value="0.000000" />
  <attribute name="Output H" value="8388608"/>
  <attribute name="Output I" value="200"/>
  <attribute name="Output T" value="1"/>
  <attribute name="Target GC Util Change" value ="20.000000" />
  <attribute name="Current GC Util Change" value="59.000000"/>
  <attribute name="GC Util currently" value="59" />
  <attribute name="CPU Util currently" value="15663364223252" />
<exclusive-end id="359" timestamp="2019-06-16T18:46:55.982" durationms="11.123" />

</verbosegc>

