<?xml version="1.0" ?>

<verbosegc xmlns="http://www.ibm.com/j9/verbosegc" version="10b4217_CMPRSS">

<initialized id="1" timestamp="2019-06-16T18:46:26.270">
  <attribute name="gcPolicy" value="-Xgcpolicy:balanced" />
  <attribute name="elasticGC enabled" value="1" />
  <attribute name= "numThreadsSpecified" value="0" />
  <attribute name="heapSize specified" value="0" />
  <attribute name="Current GC Util" value="0" />
  <attribute name= "Current Time Running" value="0" />
  <attribute name ="GC Interval" value="0" />
  <attribute name="ProportionalT" value="0.000000" />
  <attribute name="ProportionalI" value="0.000000" />
  <attribute name="ProportionalH" value="0.000000" />
  <attribute name="IntegralT" value="0.000000" />
  <attribute name="IntegralI" value="0.000000" />
  <attribute name="IntegralH" value="0.000000" />
  <attribute name="DerivativeT" value="0.000000" />
  <attribute name="DerivativeI" value="0.000000" />
  <attribute name="DerivativeH" value="0.000000" />
  <attribute name="Target GC Util Change" value ="0.000000" />
  <attribute name="Current GC Util Change" value="0.000000"/>
  <attribute name="Current Error" value="0.000000" />
  <attribute name="Loop Time for DT" value="0.000000" />
  <attribute name="Output H" value="0"/>
  <attribute name="Output I" value="0"/>
  <attribute name="Output T" value="0"/>
  <attribute name="GC Util currently" value="0" />
  <attribute name="CPU Util currently" value="0" />
  <attribute name="maxHeapSize" value="0x7cb00000" />
  <attribute name="initialHeapSize" value="0x800000" />
  <attribute name="compressedRefs" value="true" />
  <attribute name="compressedRefsDisplacement" value="0x0" />
  <attribute name="compressedRefsShift" value="0x0" />
  <attribute name="pageSize" value="0x1000" />
  <attribute name="pageType" value="not used" />
  <attribute name="requestedPageSize" value="0x1000" />
  <attribute name="requestedPageType" value="not used" />
  <attribute name="gcthreads" value="4" />
  <attribute name="packetListSplit" value="4" />
  <attribute name="cacheListSplit" value="4" />
  <attribute name="splitFreeListSplitAmount" value="1" />
  <attribute name="numaNodes" value="0" />
  <region>
    <attribute name="regionSize" value="1048576" />
    <attribute name="regionCount" value="1995" />
    <attribute name="arrayletLeafSize" value="1048576" />
  </region>
  <system>
    <attribute name="physicalMemory" value="8370962432" />
    <attribute name="numCPUs" value="4" />
    <attribute name="architecture" value="amd64" />
    <attribute name="os" value="Linux" />
    <attribute name="osVersion" value="4.4.0-148-generic" />
  </system>
  <vmargs>
    <vmarg name="-Xoptionsfile=/vagrant/jdk/lib/options.default" />
    <vmarg name="-Xlockword:mode=default,noLockword=java/lang/String,noLockword=java/util/MapEntry,noLockword=java/util/HashMap$Entry,noLockword..." />
    <vmarg name="-Xjcl:jclse29" />
    <vmarg name="-Dcom.ibm.oti.vm.bootstrap.library.path=/vagrant/jdk/lib/compressedrefs:/vagrant/jdk/lib" />
    <vmarg name="-Dsun.boot.library.path=/vagrant/jdk/lib/compressedrefs:/vagrant/jdk/lib" />
    <vmarg name="-Djava.library.path=/vagrant/jdk/lib/compressedrefs:/vagrant/jdk/lib:/usr/lib64:/usr/lib" />
    <vmarg name="-Djava.home=/vagrant/jdk" />
    <vmarg name="-Duser.dir=/vagrant" />
    <vmarg name="-Xgcpolicy:balanced" />
    <vmarg name="-Xgcelastic" />
    <vmarg name="-Xcheck:gc:::elasticGC" />
    <vmarg name="-verbose:gc" />
    <vmarg name="-Xloggc:default-Balanced-jdk-1-1-0.5-verbose9pmd.txt" />
    <vmarg name="-Djava.class.path=dacapo-9.12-MR1-bach.jar" />
    <vmarg name="-Dsun.java.command=dacapo-9.12-MR1-bach.jar pmd --size=default" />
    <vmarg name="-Dsun.java.launcher=SUN_STANDARD" />
    <vmarg name="-Dsun.java.launcher.pid=24733" />
  </vmargs>
</initialized>

<exclusive-start id="2" timestamp="2019-06-16T18:46:26.947" intervalms="677.074">
  <response-info timems="0.019" idlems="0.019" threads="0" lastid="0000000001AE8700" lastname="main" />
</exclusive-start>
<allocation-taxation id="3" taxation-threshold="8388608" timestamp="2019-06-16T18:46:26.948" intervalms="677.381" />
<cycle-start id="4" type="partial gc" contextid="0" timestamp="2019-06-16T18:46:26.948" intervalms="677.785" />
<gc-start id="5" type="partial gc" contextid="4" timestamp="2019-06-16T18:46:26.948">
  <mem-info id="6" free="0" total="8388608" percent="0">
    <mem type="eden" free="80" total="8388608" percent="0" />
    <remembered-set count="0" freebytes="334848" totalbytes="334848" percent="100" regionsoverflowed="0" regionsstable="0" regionsrebuilding="0"/>
  </mem-info>
</gc-start>
<allocation-stats totalBytes="8347392" >
  <allocated-bytes non-tlh="449560" tlh="7897832" arrayletleaf="0"/>
  <largest-consumer threadName="main" threadId="0000000001AE8700" bytes="8271152" />
</allocation-stats>
<gc-op id="7" type="mark" timems="3.411" contextid="4" timestamp="2019-06-16T18:46:26.953">
  <trace-info objectcount="20648" scancount="16383" scanbytes="542428" />
  <remembered-set-cleared processed="0" cleared="0" durationms="0.243" />
  <finalization candidates="46" enqueued="1" />
  <ownableSynchronizers candidates="4" cleared="3" />
  <references type="soft" candidates="66" cleared="0" enqueued="0" dynamicThreshold="32" maxThreshold="32" />
  <references type="weak" candidates="911" cleared="529" enqueued="452" />
  <references type="phantom" candidates="125" cleared="44" enqueued="44" />
  <stringconstants candidates="2485" cleared="0"  />
  <warning details="Mark for calibration purposes" />
</gc-op>
<gc-op id="8" type="classunload" timems="0.046" contextid="4" timestamp="2019-06-16T18:46:26.953">
  <classunload-info classloadercandidates="6" classloadersunloaded="0" classesunloaded="0" anonymousclassesunloaded="0" quiescems="0.000" setupms="0.046" scanms="0.000" postms="0.000" />
</gc-op>
<gc-op id="9" type="sweep" timems="0.840" contextid="4" timestamp="2019-06-16T18:46:26.954" />
<gc-op id="10" type="compact" timems="6.103" contextid="4" timestamp="2019-06-16T18:46:26.961">
  <compact-info movecount="20648" movebytes="1334432" />
  <remembered-set-cleared processed="0" cleared="0" durationms="0.243" />
</gc-op>
<gc-end id="11" type="partial gc" contextid="4" durationms="13.315" usertimems="4.000" systemtimems="8.000" timestamp="2019-06-16T18:46:26.962" activeThreads="4">
  <mem-info id="12" free="6291456" total="8388608" percent="75">
    <mem type="eden" free="746760" total="2097152" percent="35" />
    <pending-finalizers system="1" default="0" reference="496" classloader="0" />
    <remembered-set count="1024" freebytes="330752" totalbytes="334848" percent="98" regionsoverflowed="0" regionsstable="0" regionsrebuilding="0"/>
  </mem-info>
</gc-end>
<cycle-end id="13" type="partial gc" contextid="4" timestamp="2019-06-16T18:46:26.962" />
  <attribute name="elasticGC enabled" value="1" />
  <attribute name= "numThreadsSpecified" value="4" />
  <attribute name="heapSize specified" value="0" />
  <attribute name="Current GC Util" value="18" />
  <attribute name= "Current Time Running" value="569" />
  <attribute name ="GC Interval" value="0" />
  <attribute name="ProportionalT" value="-2.000000" />
  <attribute name="ProportionalI" value="-2.000000" />
  <attribute name="ProportionalH" value="-2.000000" />
  <attribute name="Current Error" value="-2.000000" />
  <attribute name="IntegralT" value="-11029.000000" />
  <attribute name="IntegralI" value="-11029.000000" />
  <attribute name="IntegralH" value="-11029.000000" />
  <attribute name="DerivativeT" value="-11.500000" />
  <attribute name="DerivativeI" value="-11.500000" />
  <attribute name="DerivativeH" value="-11.500000" />
  <attribute name="Loop Time for DT" value="2.000000" />
  <attribute name="Output H" value="2091843584"/>
  <attribute name="Output I" value="200"/>
  <attribute name="Output T" value="4"/>
  <attribute name="Target GC Util Change" value ="20.000000" />
  <attribute name="Current GC Util Change" value="18.000000"/>
  <attribute name="GC Util currently" value="18" />
  <attribute name="CPU Util currently" value="3169959780524" />
<exclusive-end id="14" timestamp="2019-06-16T18:46:26.962" durationms="14.807" />

<exclusive-start id="15" timestamp="2019-06-16T18:46:26.963" intervalms="15.946">
  <response-info timems="0.050" idlems="0.050" threads="0" lastid="0000000001AE8700" lastname="main" />
</exclusive-start>
<allocation-taxation id="16" taxation-threshold="6291456" timestamp="2019-06-16T18:46:26.963" intervalms="15.734" />
<cycle-start id="17" type="partial gc" contextid="0" timestamp="2019-06-16T18:46:26.963" intervalms="15.423" />
<gc-start id="18" type="partial gc" contextid="17" timestamp="2019-06-16T18:46:26.964">
  <mem-info id="19" free="0" total="8388608" percent="0">
    <mem type="eden" free="0" total="6291456" percent="0" />
    <remembered-set count="576" freebytes="332544" totalbytes="334848" percent="99" regionsoverflowed="0" regionsstable="0" regionsrebuilding="0"/>
  </mem-info>
</gc-start>
<allocation-stats totalBytes="5789184" >
  <allocated-bytes non-tlh="88" tlh="5789096" arrayletleaf="0"/>
  <largest-consumer threadName="main" threadId="0000000001AE8700" bytes="5773112" />
</allocation-stats>
<gc-op id="20" type="mark" timems="7.986" contextid="17" timestamp="2019-06-16T18:46:26.973">
  <trace-info objectcount="19738" scancount="15616" scanbytes="527564" />
  <remembered-set-cleared processed="0" cleared="0" durationms="0.046" />
  <finalization candidates="45" enqueued="0" />
  <ownableSynchronizers candidates="1" cleared="0" />
  <references type="soft" candidates="66" cleared="0" enqueued="0" dynamicThreshold="24" maxThreshold="32" />
  <references type="weak" candidates="382" cleared="0" enqueued="0" />
  <references type="phantom" candidates="80" cleared="0" enqueued="0" />
  <stringconstants candidates="2485" cleared="0"  />
  <warning details="Mark invoked due to insufficient free space for Copy-Forward" />
</gc-op>
<gc-op id="21" type="classunload" timems="0.002" contextid="17" timestamp="2019-06-16T18:46:26.973">
  <classunload-info classloadercandidates="6" classloadersunloaded="0" classesunloaded="0" anonymousclassesunloaded="0" quiescems="0.000" setupms="0.001" scanms="0.000" postms="0.000" />
</gc-op>
<gc-op id="22" type="sweep" timems="1.827" contextid="17" timestamp="2019-06-16T18:46:26.975" />
<gc-op id="23" type="compact" timems="5.758" contextid="17" timestamp="2019-06-16T18:46:26.981">
  <compact-info movecount="19738" movebytes="1235584" />
  <remembered-set-cleared processed="0" cleared="0" durationms="0.046" />
</gc-op>
<gc-end id="24" type="partial gc" contextid="17" durationms="17.761" usertimems="16.000" systemtimems="4.000" timestamp="2019-06-16T18:46:26.981" activeThreads="4">
  <mem-info id="25" free="5242880" total="8388608" percent="62">
    <mem type="eden" free="1027464" total="1048576" percent="97" />
    <remembered-set count="1024" freebytes="330752" totalbytes="334848" percent="98" regionsoverflowed="0" regionsstable="0" regionsrebuilding="0"/>
  </mem-info>
</gc-end>
<cycle-end id="26" type="partial gc" contextid="17" timestamp="2019-06-16T18:46:26.981" />
  <attribute name="elasticGC enabled" value="1" />
  <attribute name= "numThreadsSpecified" value="4" />
  <attribute name="heapSize specified" value="0" />
  <attribute name="Current GC Util" value="69" />
  <attribute name= "Current Time Running" value="589" />
  <attribute name ="GC Interval" value="0" />
  <attribute name="ProportionalT" value="49.000000" />
  <attribute name="ProportionalI" value="49.000000" />
  <attribute name="ProportionalH" value="49.000000" />
  <attribute name="Current Error" value="49.000000" />
  <attribute name="IntegralT" value="98.000000" />
  <attribute name="IntegralI" value="98.000000" />
  <attribute name="IntegralH" value="98.000000" />
  <attribute name="DerivativeT" value="-1.750000" />
  <attribute name="DerivativeI" value="-1.750000" />
  <attribute name="DerivativeH" value="-1.750000" />
  <attribute name="Loop Time for DT" value="2.000000" />
  <attribute name="Output H" value="8388608"/>
  <attribute name="Output I" value="200"/>
  <attribute name="Output T" value="4"/>
  <attribute name="Target GC Util Change" value ="20.000000" />
  <attribute name="Current GC Util Change" value="69.000000"/>
  <attribute name="GC Util currently" value="69" />
  <attribute name="CPU Util currently" value="2031503674055" />
<exclusive-end id="27" timestamp="2019-06-16T18:46:26.982" durationms="18.614" />

<exclusive-start id="28" timestamp="2019-06-16T18:46:26.982" intervalms="19.096">
  <response-info timems="0.025" idlems="0.025" threads="0" lastid="0000000001AE8700" lastname="main" />
</exclusive-start>
<allocation-taxation id="29" taxation-threshold="2097152" timestamp="2019-06-16T18:46:26.982" intervalms="19.152" />
<cycle-start id="30" type="global mark phase" contextid="0" timestamp="2019-06-16T18:46:26.983" intervalms="712.516" />
<gc-start id="31" type="global mark phase" contextid="30" timestamp="2019-06-16T18:46:26.983">
  <mem-info id="32" free="3145728" total="8388608" percent="37">
    <remembered-set count="576" freebytes="332544" totalbytes="334848" percent="99" regionsoverflowed="0" regionsstable="0" regionsrebuilding="0"/>
  </mem-info>
</gc-start>
<gc-op id="33" type="mark increment" timems="2.344" contextid="30" timestamp="2019-06-16T18:46:26.985">
  <trace-info objectcount="89" scancount="0" scanbytes="0" />
</gc-op>
<gc-end id="34" type="global mark phase" contextid="30" durationms="2.506" usertimems="0.000" systemtimems="4.000" timestamp="2019-06-16T18:46:26.985" activeThreads="4">
  <mem-info id="35" free="3145728" total="8388608" percent="37">
    <remembered-set count="576" freebytes="332544" totalbytes="334848" percent="99" regionsoverflowed="0" regionsstable="0" regionsrebuilding="0"/>
  </mem-info>
</gc-end>
<concurrent-start id="36" type="GMP work packet processing" contextid="30" timestamp="2019-06-16T18:46:26.985">
  <concurrent-mark-start scanTarget="18446744073709551615" />
</concurrent-start>
<exclusive-end id="37" timestamp="2019-06-16T18:46:26.985" durationms="3.146" />

<exclusive-start id="38" timestamp="2019-06-16T18:46:26.986" intervalms="3.697">
  <response-info timems="0.176" idlems="0.176" threads="0" lastid="0000000001AE8700" lastname="main" />
</exclusive-start>
<allocation-taxation id="39" taxation-threshold="2097152" timestamp="2019-06-16T18:46:26.986" intervalms="3.643" />
<concurrent-end id="40" type="GMP work packet processing" contextid="30" timestamp="2019-06-16T18:46:26.986">
  <concurrent-mark-end bytesScanned="54616" reasonForTermination="Termination requested" />
</concurrent-end>

<cycle-start id="41" type="partial gc" contextid="0" timestamp="2019-06-16T18:46:26.986" intervalms="22.963" />
<gc-start id="42" type="partial gc" contextid="41" timestamp="2019-06-16T18:46:26.986">
  <mem-info id="43" free="1048576" total="8388608" percent="12">
    <mem type="eden" free="0" total="4194304" percent="0" />
    <remembered-set count="576" freebytes="332544" totalbytes="334848" percent="99" regionsoverflowed="0" regionsstable="0" regionsrebuilding="0"/>
  </mem-info>
</gc-start>
<allocation-stats totalBytes="3648472" >
  <allocated-bytes non-tlh="0" tlh="3648472" arrayletleaf="0"/>
  <largest-consumer threadName="main" threadId="0000000001AE8700" bytes="1848568" />
</allocation-stats>
<gc-op id="44" type="copy forward" timems="3.352" contextid="41" timestamp="2019-06-16T18:46:26.991">
  <memory-copied type="eden" objects="2" bytes="18176" bytesdiscarded="0" />
  <memory-copied type="other" objects="20" bytes="6120" bytesdiscarded="1000" />
  <memory-cardclean objects="13" bytes="488" />
  <regions eden="4" other="1" />
  <remembered-set-cleared processed="59" cleared="12" durationms="0.044" />
  <stringconstants candidates="2485" cleared="0"  />
  <heap-resize type="expand" space="default" amount="1048576" count="1" timems="0.230" reason="continue current collection" />
</gc-op>
<gc-op id="45" type="classunload" timems="0.001" contextid="41" timestamp="2019-06-16T18:46:26.991">
  <classunload-info classloadercandidates="6" classloadersunloaded="0" classesunloaded="0" anonymousclassesunloaded="0" quiescems="0.000" setupms="0.001" scanms="0.000" postms="0.000" />
</gc-op>
<heap-resize id="46" type="expand" space="default" amount="1048576" count="1" timems="0.047" reason="excessive time being spent in gc" timestamp="2019-06-16T18:46:26.991" />
<gc-end id="47" type="partial gc" contextid="41" durationms="5.190" usertimems="4.000" systemtimems="0.000" timestamp="2019-06-16T18:46:26.992" activeThreads="4">
  <mem-info id="48" free="6291456" total="10485760" percent="60">
    <mem type="eden" free="1030400" total="1048576" percent="98" />
    <remembered-set count="1600" freebytes="412160" totalbytes="418560" percent="98" regionsoverflowed="0" regionsstable="0" regionsrebuilding="0"/>
  </mem-info>
</gc-end>
<cycle-end id="49" type="partial gc" contextid="41" timestamp="2019-06-16T18:46:26.992" />
  <attribute name="elasticGC enabled" value="1" />
  <attribute name= "numThreadsSpecified" value="4" />
  <attribute name="heapSize specified" value="0" />
  <attribute name="Current GC Util" value="42" />
  <attribute name= "Current Time Running" value="602" />
  <attribute name ="GC Interval" value="0" />
  <attribute name="ProportionalT" value="22.000000" />
  <attribute name="ProportionalI" value="22.000000" />
  <attribute name="ProportionalH" value="22.000000" />
  <attribute name="Current Error" value="22.000000" />
  <attribute name="IntegralT" value="22.000000" />
  <attribute name="IntegralI" value="22.000000" />
  <attribute name="IntegralH" value="22.000000" />
  <attribute name="DerivativeT" value="-4.000000" />
  <attribute name="DerivativeI" value="-4.000000" />
  <attribute name="DerivativeH" value="-4.000000" />
  <attribute name="Loop Time for DT" value="1.000000" />
  <attribute name="Output H" value="8388608"/>
  <attribute name="Output I" value="200"/>
  <attribute name="Output T" value="4"/>
  <attribute name="Target GC Util Change" value ="20.000000" />
  <attribute name="Current GC Util Change" value="42.000000"/>
  <attribute name="GC Util currently" value="42" />
  <attribute name="CPU Util currently" value="4642708596459" />
<concurrent-start id="50" type="GMP work packet processing" contextid="30" timestamp="2019-06-16T18:46:26.992">
  <concurrent-mark-start scanTarget="18446744073709496999" />
</concurrent-start>
<exclusive-end id="51" timestamp="2019-06-16T18:46:26.992" durationms="6.096" />

<exclusive-start id="52" timestamp="2019-06-16T18:46:26.993" intervalms="6.648">
  <response-info timems="0.023" idlems="0.023" threads="0" lastid="0000000001AE8700" lastname="main" />
</exclusive-start>
<allocation-taxation id="53" taxation-threshold="3145728" timestamp="2019-06-16T18:46:26.993" intervalms="6.932" />
<concurrent-end id="54" type="GMP work packet processing" contextid="30" timestamp="2019-06-16T18:46:26.993">
  <concurrent-mark-end bytesScanned="472940" reasonForTermination="Termination requested" />
</concurrent-end>

<gc-start id="55" type="global mark phase" contextid="30" timestamp="2019-06-16T18:46:26.993">
  <mem-info id="56" free="3145728" total="10485760" percent="30">
    <remembered-set count="1600" freebytes="412160" totalbytes="418560" percent="98" regionsoverflowed="0" regionsstable="0" regionsrebuilding="0"/>
  </mem-info>
</gc-start>
<gc-op id="57" type="mark increment" timems="3.431" contextid="30" timestamp="2019-06-16T18:46:26.997">
  <trace-info objectcount="2" scancount="1" scanbytes="16" />
  <cardclean-info objects="147" bytes="4884" />
  <finalization candidates="45" enqueued="0" />
  <ownableSynchronizers candidates="1" cleared="0" />
  <references type="soft" candidates="66" cleared="0" enqueued="0" dynamicThreshold="19" maxThreshold="32" />
  <references type="weak" candidates="382" cleared="0" enqueued="0" />
  <references type="phantom" candidates="80" cleared="0" enqueued="0" />
  <stringconstants candidates="2485" cleared="0"  />
</gc-op>
<gc-op id="58" type="classunload" timems="0.001" contextid="30" timestamp="2019-06-16T18:46:26.997">
  <classunload-info classloadercandidates="6" classloadersunloaded="0" classesunloaded="0" anonymousclassesunloaded="0" quiescems="0.000" setupms="0.001" scanms="0.000" postms="0.000" />
</gc-op>
<gc-end id="59" type="global mark phase" contextid="30" durationms="3.857" usertimems="4.000" systemtimems="0.000" timestamp="2019-06-16T18:46:26.997" activeThreads="4">
  <mem-info id="60" free="3145728" total="10485760" percent="30">
    <remembered-set count="1600" freebytes="412160" totalbytes="418560" percent="98" regionsoverflowed="0" regionsstable="0" regionsrebuilding="0"/>
  </mem-info>
</gc-end>
<cycle-end id="61" type="global mark phase" contextid="30" timestamp="2019-06-16T18:46:26.997" />
  <attribute name="elasticGC enabled" value="1" />
  <attribute name= "numThreadsSpecified" value="4" />
  <attribute name="heapSize specified" value="0" />
  <attribute name="Current GC Util" value="110" />
  <attribute name= "Current Time Running" value="609" />
  <attribute name ="GC Interval" value="0" />
  <attribute name="ProportionalT" value="90.000000" />
  <attribute name="ProportionalI" value="90.000000" />
  <attribute name="ProportionalH" value="90.000000" />
  <attribute name="Current Error" value="90.000000" />
  <attribute name="IntegralT" value="0.000000" />
  <attribute name="IntegralI" value="0.000000" />
  <attribute name="IntegralH" value="0.000000" />
  <attribute name="DerivativeT" value="-inf" />
  <attribute name="DerivativeI" value="-inf" />
  <attribute name="DerivativeH" value="-inf" />
  <attribute name="Loop Time for DT" value="0.000000" />
  <attribute name="Output H" value="2091843584"/>
  <attribute name="Output I" value="200"/>
  <attribute name="Output T" value="4"/>
  <attribute name="Target GC Util Change" value ="20.000000" />
  <attribute name="Current GC Util Change" value="110.000000"/>
  <attribute name="GC Util currently" value="110" />
  <attribute name="CPU Util currently" value="8961812573160" />
<exclusive-end id="62" timestamp="2019-06-16T18:46:26.998" durationms="4.915" />

<exclusive-start id="63" timestamp="2019-06-16T18:46:26.998" intervalms="5.794">
  <response-info timems="0.025" idlems="0.025" threads="0" lastid="0000000001AE8700" lastname="main" />
</exclusive-start>
<allocation-taxation id="64" taxation-threshold="3145728" timestamp="2019-06-16T18:46:26.999" intervalms="5.557" />
<cycle-start id="65" type="partial gc" contextid="0" timestamp="2019-06-16T18:46:26.999" intervalms="12.342" />
<gc-start id="66" type="partial gc" contextid="65" timestamp="2019-06-16T18:46:26.999">
  <mem-info id="67" free="0" total="10485760" percent="0">
    <mem type="eden" free="1030400" total="7340032" percent="14" />
    <remembered-set count="1600" freebytes="412160" totalbytes="418560" percent="98" regionsoverflowed="0" regionsstable="0" regionsrebuilding="0"/>
  </mem-info>
</gc-start>
<allocation-stats totalBytes="5662760" >
  <allocated-bytes non-tlh="0" tlh="5662760" arrayletleaf="0"/>
  <largest-consumer threadName="main" threadId="0000000001AE8700" bytes="2850280" />
</allocation-stats>
<gc-op id="68" type="sweep" timems="1.532" contextid="65" timestamp="2019-06-16T18:46:27.000" />
<gc-op id="69" type="copy forward" timems="1.542" contextid="65" timestamp="2019-06-16T18:46:27.003">
  <memory-copied type="eden" objects="2" bytes="22168" bytesdiscarded="0" />
  <memory-copied type="other" objects="0" bytes="0" bytesdiscarded="0" />
  <memory-cardclean objects="0" bytes="0" />
  <regions eden="3" other="1" />
  <remembered-set-cleared processed="72" cleared="0" durationms="0.079" />
  <stringconstants candidates="2485" cleared="0"  />
</gc-op>
<gc-op id="70" type="classunload" timems="0.001" contextid="65" timestamp="2019-06-16T18:46:27.003">
  <classunload-info classloadercandidates="6" classloadersunloaded="0" classesunloaded="0" anonymousclassesunloaded="0" quiescems="0.000" setupms="0.001" scanms="0.000" postms="0.000" />
</gc-op>
<gc-end id="71" type="partial gc" contextid="65" durationms="4.479" usertimems="0.000" systemtimems="8.000" timestamp="2019-06-16T18:46:27.003" activeThreads="4">
  <mem-info id="72" free="6291456" total="10485760" percent="60">
    <mem type="eden" free="1026408" total="1048576" percent="97" />
    <remembered-set count="224" freebytes="417664" totalbytes="418560" percent="99" regionsoverflowed="0" regionsstable="0" regionsrebuilding="0"/>
  </mem-info>
</gc-end>
<cycle-end id="73" type="partial gc" contextid="65" timestamp="2019-06-16T18:46:27.003" />
  <attribute name="elasticGC enabled" value="1" />
  <attribute name= "numThreadsSpecified" value="4" />
  <attribute name="heapSize specified" value="0" />
  <attribute name="Current GC Util" value="108" />
  <attribute name= "Current Time Running" value="616" />
  <attribute name ="GC Interval" value="0" />
  <attribute name="ProportionalT" value="88.000000" />
  <attribute name="ProportionalI" value="88.000000" />
  <attribute name="ProportionalH" value="88.000000" />
  <attribute name="Current Error" value="88.000000" />
  <attribute name="IntegralT" value="88.000000" />
  <attribute name="IntegralI" value="88.000000" />
  <attribute name="IntegralH" value="88.000000" />
  <attribute name="DerivativeT" value="7.000000" />
  <attribute name="DerivativeI" value="7.000000" />
  <attribute name="DerivativeH" value="7.000000" />
  <attribute name="Loop Time for DT" value="1.000000" />
  <attribute name="Output H" value="8388608"/>
  <attribute name="Output I" value="200"/>
  <attribute name="Output T" value="4"/>
  <attribute name="Target GC Util Change" value ="20.000000" />
  <attribute name="Current GC Util Change" value="108.000000"/>
  <attribute name="GC Util currently" value="108" />
  <attribute name="CPU Util currently" value="7795132303710" />
<exclusive-end id="74" timestamp="2019-06-16T18:46:27.004" durationms="5.260" />

<exclusive-start id="75" timestamp="2019-06-16T18:46:27.004" intervalms="5.879">
  <response-info timems="0.025" idlems="0.025" threads="0" lastid="0000000001AE8700" lastname="main" />
</exclusive-start>
<allocation-taxation id="76" taxation-threshold="3145728" timestamp="2019-06-16T18:46:27.004" intervalms="5.877" />
<cycle-start id="77" type="global mark phase" contextid="0" timestamp="2019-06-16T18:46:27.005" intervalms="21.949" />
<gc-start id="78" type="global mark phase" contextid="77" timestamp="2019-06-16T18:46:27.005">
  <mem-info id="79" free="3145728" total="10485760" percent="30">
    <remembered-set count="224" freebytes="417664" totalbytes="418560" percent="99" regionsoverflowed="0" regionsstable="0" regionsrebuilding="0"/>
  </mem-info>
</gc-start>
<gc-op id="80" type="mark increment" timems="1.522" contextid="77" timestamp="2019-06-16T18:46:27.006">
  <trace-info objectcount="90" scancount="0" scanbytes="0" />
</gc-op>
<gc-end id="81" type="global mark phase" contextid="77" durationms="1.757" usertimems="0.000" systemtimems="0.000" timestamp="2019-06-16T18:46:27.006" activeThreads="4">
  <mem-info id="82" free="3145728" total="10485760" percent="30">
    <remembered-set count="224" freebytes="417664" totalbytes="418560" percent="99" regionsoverflowed="0" regionsstable="0" regionsrebuilding="0"/>
  </mem-info>
</gc-end>
<concurrent-start id="83" type="GMP work packet processing" contextid="77" timestamp="2019-06-16T18:46:27.007">
  <concurrent-mark-start scanTarget="18446744073709551615" />
</concurrent-start>
<exclusive-end id="84" timestamp="2019-06-16T18:46:27.007" durationms="2.443" />

<exclusive-start id="85" timestamp="2019-06-16T18:46:27.007" intervalms="2.991">
  <response-info timems="0.022" idlems="0.022" threads="0" lastid="0000000001AE8700" lastname="main" />
</exclusive-start>
<allocation-taxation id="86" taxation-threshold="3145728" timestamp="2019-06-16T18:46:27.008" intervalms="3.273" />
<concurrent-end id="87" type="GMP work packet processing" contextid="77" timestamp="2019-06-16T18:46:27.008">
  <concurrent-mark-end bytesScanned="417052" reasonForTermination="Termination requested" />
</concurrent-end>

<cycle-start id="88" type="partial gc" contextid="0" timestamp="2019-06-16T18:46:27.008" intervalms="9.447" />
<gc-start id="89" type="partial gc" contextid="88" timestamp="2019-06-16T18:46:27.008">
  <mem-info id="90" free="0" total="10485760" percent="0">
    <mem type="eden" free="1026408" total="7340032" percent="13" />
    <remembered-set count="224" freebytes="417664" totalbytes="418560" percent="99" regionsoverflowed="0" regionsstable="0" regionsrebuilding="0"/>
  </mem-info>
</gc-start>
<allocation-stats totalBytes="4826728" >
  <allocated-bytes non-tlh="135600" tlh="4691128" arrayletleaf="0"/>
  <largest-consumer threadName="main" threadId="0000000001AE8700" bytes="2370568" />
</allocation-stats>
<gc-op id="91" type="mark" timems="0.750" contextid="88" timestamp="2019-06-16T18:46:27.010">
  <trace-info objectcount="2" scancount="1" scanbytes="24" />
  <remembered-set-cleared processed="72" cleared="0" durationms="0.045" />
  <stringconstants candidates="2485" cleared="0"  />
  <warning details="Mark invoked due to insufficient free space for Copy-Forward" />
</gc-op>
<gc-op id="92" type="classunload" timems="0.008" contextid="88" timestamp="2019-06-16T18:46:27.010">
  <classunload-info classloadercandidates="6" classloadersunloaded="0" classesunloaded="0" anonymousclassesunloaded="0" quiescems="0.000" setupms="0.008" scanms="0.000" postms="0.000" />
</gc-op>
<gc-op id="93" type="sweep" timems="1.483" contextid="88" timestamp="2019-06-16T18:46:27.012" />
<gc-op id="94" type="compact" timems="2.423" contextid="88" timestamp="2019-06-16T18:46:27.014">
  <compact-info movecount="2" movebytes="25240" />
  <remembered-set-cleared processed="144" cleared="0" durationms="0.049" />
</gc-op>
<gc-end id="95" type="partial gc" contextid="88" durationms="6.286" usertimems="4.000" systemtimems="4.000" timestamp="2019-06-16T18:46:27.015" activeThreads="4">
  <mem-info id="96" free="6291456" total="10485760" percent="60">
    <mem type="eden" free="1023336" total="1048576" percent="97" />
    <remembered-set count="736" freebytes="415616" totalbytes="418560" percent="99" regionsoverflowed="0" regionsstable="0" regionsrebuilding="0"/>
  </mem-info>
</gc-end>
<cycle-end id="97" type="partial gc" contextid="88" timestamp="2019-06-16T18:46:27.015" />
  <attribute name="elasticGC enabled" value="1" />
  <attribute name= "numThreadsSpecified" value="4" />
  <attribute name="heapSize specified" value="0" />
  <attribute name="Current GC Util" value="131" />
  <attribute name= "Current Time Running" value="626" />
  <attribute name ="GC Interval" value="0" />
  <attribute name="ProportionalT" value="111.000000" />
  <attribute name="ProportionalI" value="111.000000" />
  <attribute name="ProportionalH" value="111.000000" />
  <attribute name="Current Error" value="111.000000" />
  <attribute name="IntegralT" value="222.000000" />
  <attribute name="IntegralI" value="222.000000" />
  <attribute name="IntegralH" value="222.000000" />
  <attribute name="DerivativeT" value="27.750000" />
  <attribute name="DerivativeI" value="27.750000" />
  <attribute name="DerivativeH" value="27.750000" />
  <attribute name="Loop Time for DT" value="2.000000" />
  <attribute name="Output H" value="8388608"/>
  <attribute name="Output I" value="360"/>
  <attribute name="Output T" value="4"/>
  <attribute name="Target GC Util Change" value ="20.000000" />
  <attribute name="Current GC Util Change" value="131.000000"/>
  <attribute name="GC Util currently" value="131" />
  <attribute name="CPU Util currently" value="2650330289209" />
<concurrent-start id="98" type="GMP work packet processing" contextid="77" timestamp="2019-06-16T18:46:27.015">
  <concurrent-mark-start scanTarget="18446744073709134563" />
</concurrent-start>
<exclusive-end id="99" timestamp="2019-06-16T18:46:27.015" durationms="7.753" />

<exclusive-start id="100" timestamp="2019-06-16T18:46:27.016" intervalms="8.449">
  <response-info timems="0.025" idlems="0.025" threads="0" lastid="0000000001AE8700" lastname="main" />
</exclusive-start>
<sys-start reason="explicit" id="101" timestamp="2019-06-16T18:46:27.016" intervalms="745.671" />
<concurrent-end id="102" type="GMP work packet processing" contextid="77" timestamp="2019-06-16T18:46:27.016">
  <concurrent-mark-end bytesScanned="110528" reasonForTermination="Completed all work in GC phase" />
</concurrent-end>

<cycle-continue id="103" oldtype="global mark phase" newtype="global garbage collect" contextid="77" timestamp="2019-06-16T18:46:27.016" />
  <attribute name="elasticGC enabled" value="1" />
  <attribute name= "numThreadsSpecified" value="4" />
  <attribute name="heapSize specified" value="0" />
  <attribute name="Current GC Util" value="151" />
  <attribute name= "Current Time Running" value="629" />
  <attribute name ="GC Interval" value="0" />
  <attribute name="ProportionalT" value="131.000000" />
  <attribute name="ProportionalI" value="131.000000" />
  <attribute name="ProportionalH" value="131.000000" />
  <attribute name="IntegralT" value="393.000000" />
  <attribute name="IntegralI" value="393.000000" />
  <attribute name="IntegralH" value="393.000000" />
  <attribute name="DerivativeT" value="3.333333" />
  <attribute name="DerivativeI" value="3.333333" />
  <attribute name="DerivativeH" value="3.333333" />
  <attribute name="Current Error" value="131.000000" />
  <attribute name="Target GC Util Change" value ="20.000000" />
  <attribute name="Current GC Util Change" value="151.000000"/>
  <attribute name="Loop Time for DT" value="3.000000" />
  <attribute name="Output H" value="8388608"/>
  <attribute name="Output I" value="528"/>
  <attribute name="Output T" value="4"/>
  <attribute name="GC Util currently" value="151" />
  <attribute name="CPU Util currently" value="1486534381342" />
<gc-start id="104" type="global garbage collect" contextid="77" timestamp="2019-06-16T18:46:27.016">
  <mem-info id="105" free="3224448" total="10485760" percent="30">
    <mem type="eden" free="1102056" total="4194304" percent="26" />
    <remembered-set count="288" freebytes="417408" totalbytes="418560" percent="99" regionsoverflowed="0" regionsstable="0" regionsrebuilding="0"/>
  </mem-info>
</gc-start>
<allocation-stats totalBytes="2567088" >
  <allocated-bytes non-tlh="204416" tlh="2362672" arrayletleaf="0"/>
  <largest-consumer threadName="main" threadId="0000000001AE8700" bytes="2567088" />
</allocation-stats>
<gc-op id="106" type="global mark" timems="2.368" contextid="77" timestamp="2019-06-16T18:46:27.019">
  <trace-info objectcount="38" scancount="19" scanbytes="304" />
  <cardclean-info objects="19" bytes="1000" />
  <finalization candidates="45" enqueued="0" />
  <ownableSynchronizers candidates="1" cleared="0" />
  <references type="soft" candidates="66" cleared="0" enqueued="0" dynamicThreshold="19" maxThreshold="32" />
  <references type="weak" candidates="382" cleared="0" enqueued="0" />
  <references type="phantom" candidates="80" cleared="0" enqueued="0" />
  <stringconstants candidates="2485" cleared="0"  />
</gc-op>
<gc-op id="107" type="classunload" timems="0.001" contextid="77" timestamp="2019-06-16T18:46:27.019">
  <classunload-info classloadercandidates="6" classloadersunloaded="0" classesunloaded="0" anonymousclassesunloaded="0" quiescems="0.000" setupms="0.001" scanms="0.000" postms="0.000" />
</gc-op>
<gc-op id="108" type="sweep" timems="1.078" contextid="77" timestamp="2019-06-16T18:46:27.020" />
<gc-op id="109" type="compact" timems="3.746" contextid="77" timestamp="2019-06-16T18:46:27.024">
  <compact-info movecount="19239" movebytes="1079488" />
  <remembered-set-cleared processed="75" cleared="75" durationms="0.048" />
</gc-op>
<gc-end id="110" type="global garbage collect" contextid="77" durationms="8.127" usertimems="4.000" systemtimems="4.000" timestamp="2019-06-16T18:46:27.024" activeThreads="4">
  <mem-info id="111" free="6291456" total="10485760" percent="60">
    <remembered-set count="1024" freebytes="414464" totalbytes="418560" percent="99" regionsoverflowed="0" regionsstable="0" regionsrebuilding="0"/>
  </mem-info>
</gc-end>
<cycle-end id="112" type="global garbage collect" contextid="77" timestamp="2019-06-16T18:46:27.024" />
  <attribute name="elasticGC enabled" value="1" />
  <attribute name= "numThreadsSpecified" value="4" />
  <attribute name="heapSize specified" value="0" />
  <attribute name="Current GC Util" value="90" />
  <attribute name= "Current Time Running" value="634" />
  <attribute name ="GC Interval" value="0" />
  <attribute name="ProportionalT" value="70.000000" />
  <attribute name="ProportionalI" value="70.000000" />
  <attribute name="ProportionalH" value="70.000000" />
  <attribute name="Current Error" value="70.000000" />
  <attribute name="IntegralT" value="70.000000" />
  <attribute name="IntegralI" value="70.000000" />
  <attribute name="IntegralH" value="70.000000" />
  <attribute name="DerivativeT" value="-13.500000" />
  <attribute name="DerivativeI" value="-13.500000" />
  <attribute name="DerivativeH" value="-13.500000" />
  <attribute name="Loop Time for DT" value="1.000000" />
  <attribute name="Output H" value="8388608"/>
  <attribute name="Output I" value="200"/>
  <attribute name="Output T" value="4"/>
  <attribute name="Target GC Util Change" value ="20.000000" />
  <attribute name="Current GC Util Change" value="90.000000"/>
  <attribute name="GC Util currently" value="90" />
  <attribute name="CPU Util currently" value="3502250202288" />
<sys-end id="113" timestamp="2019-06-16T18:46:27.025" />
<exclusive-end id="114" timestamp="2019-06-16T18:46:27.025" durationms="9.053" />

<exclusive-start id="115" timestamp="2019-06-16T18:46:27.314" intervalms="298.618">
  <response-info timems="0.050" idlems="0.050" threads="0" lastid="0000000001AE8700" lastname="main" />
</exclusive-start>
<allocation-taxation id="116" taxation-threshold="6291456" timestamp="2019-06-16T18:46:27.314" intervalms="306.736" />
<cycle-start id="117" type="partial gc" contextid="0" timestamp="2019-06-16T18:46:27.315" intervalms="306.406" />
<gc-start id="118" type="partial gc" contextid="117" timestamp="2019-06-16T18:46:27.315">
  <mem-info id="119" free="0" total="10485760" percent="0">
    <mem type="eden" free="0" total="6291456" percent="0" />
    <remembered-set count="1024" freebytes="414464" totalbytes="418560" percent="99" regionsoverflowed="0" regionsstable="0" regionsrebuilding="0"/>
  </mem-info>
</gc-start>
<allocation-stats totalBytes="6284792" >
  <allocated-bytes non-tlh="184792" tlh="6100000" arrayletleaf="0"/>
  <largest-consumer threadName="main" threadId="0000000001AE8700" bytes="6284792" />
</allocation-stats>
<gc-op id="120" type="mark" timems="3.100" contextid="117" timestamp="2019-06-16T18:46:27.319">
  <trace-info objectcount="9117" scancount="6262" scanbytes="202084" />
  <cardclean-info objects="562" bytes="23312" />
  <remembered-set-cleared processed="199" cleared="27" durationms="0.193" />
  <references type="soft" candidates="3" cleared="0" enqueued="0" dynamicThreshold="19" maxThreshold="32" />
  <references type="weak" candidates="77" cleared="73" enqueued="73" />
  <references type="phantom" candidates="8" cleared="3" enqueued="3" />
  <stringconstants candidates="3372" cleared="0"  />
  <warning details="Mark invoked due to insufficient free space for Copy-Forward" />
</gc-op>
<gc-op id="121" type="classunload" timems="0.001" contextid="117" timestamp="2019-06-16T18:46:27.319">
  <classunload-info classloadercandidates="6" classloadersunloaded="0" classesunloaded="0" anonymousclassesunloaded="0" quiescems="0.000" setupms="0.001" scanms="0.000" postms="0.000" />
</gc-op>
<gc-op id="122" type="sweep" timems="1.222" contextid="117" timestamp="2019-06-16T18:46:27.320" />
<gc-op id="123" type="compact" timems="2.565" contextid="117" timestamp="2019-06-16T18:46:27.323">
  <compact-info movecount="9102" movebytes="574552" />
  <remembered-set-cleared processed="1639" cleared="1294" durationms="0.193" />
</gc-op>
<gc-end id="124" type="partial gc" contextid="117" durationms="8.573" usertimems="8.000" systemtimems="0.000" timestamp="2019-06-16T18:46:27.323" activeThreads="4">
  <mem-info id="125" free="5242880" total="10485760" percent="50">
    <mem type="eden" free="473016" total="1048576" percent="45" />
    <pending-finalizers system="0" default="0" reference="76" classloader="0" />
    <remembered-set count="1312" freebytes="413312" totalbytes="418560" percent="98" regionsoverflowed="0" regionsstable="0" regionsrebuilding="0"/>
  </mem-info>
</gc-end>
<cycle-end id="126" type="partial gc" contextid="117" timestamp="2019-06-16T18:46:27.323" />
  <attribute name="elasticGC enabled" value="1" />
  <attribute name= "numThreadsSpecified" value="4" />
  <attribute name="heapSize specified" value="0" />
  <attribute name="Current GC Util" value="82" />
  <attribute name= "Current Time Running" value="935" />
  <attribute name ="GC Interval" value="0" />
  <attribute name="ProportionalT" value="62.000000" />
  <attribute name="ProportionalI" value="62.000000" />
  <attribute name="ProportionalH" value="62.000000" />
  <attribute name="Current Error" value="62.000000" />
  <attribute name="IntegralT" value="124.000000" />
  <attribute name="IntegralI" value="124.000000" />
  <attribute name="IntegralH" value="124.000000" />
  <attribute name="DerivativeT" value="-5.250000" />
  <attribute name="DerivativeI" value="-5.250000" />
  <attribute name="DerivativeH" value="-5.250000" />
  <attribute name="Loop Time for DT" value="2.000000" />
  <attribute name="Output H" value="8388608"/>
  <attribute name="Output I" value="200"/>
  <attribute name="Output T" value="4"/>
  <attribute name="Target GC Util Change" value ="20.000000" />
  <attribute name="Current GC Util Change" value="82.000000"/>
  <attribute name="GC Util currently" value="82" />
  <attribute name="CPU Util currently" value="3102760727948" />
<exclusive-end id="127" timestamp="2019-06-16T18:46:27.324" durationms="9.455" />

<exclusive-start id="128" timestamp="2019-06-16T18:46:27.695" intervalms="380.871">
  <response-info timems="0.035" idlems="0.035" threads="0" lastid="0000000001E04400" lastname="PmdThread 3" />
</exclusive-start>
<allocation-taxation id="129" taxation-threshold="5242880" timestamp="2019-06-16T18:46:27.695" intervalms="380.875" />
<cycle-start id="130" type="partial gc" contextid="0" timestamp="2019-06-16T18:46:27.695" intervalms="380.879" />
<gc-start id="131" type="partial gc" contextid="130" timestamp="2019-06-16T18:46:27.696">
  <mem-info id="132" free="0" total="10485760" percent="0">
    <mem type="eden" free="0" total="5242880" percent="0" />
    <remembered-set count="608" freebytes="416128" totalbytes="418560" percent="99" regionsoverflowed="0" regionsstable="1" regionsrebuilding="0"/>
  </mem-info>
</gc-start>
<allocation-stats totalBytes="5193424" >
  <allocated-bytes non-tlh="359424" tlh="4834000" arrayletleaf="0"/>
  <largest-consumer threadName="main" threadId="0000000001AE8700" bytes="1687984" />
</allocation-stats>
<gc-op id="133" type="mark" timems="1.428" contextid="130" timestamp="2019-06-16T18:46:27.697">
  <trace-info objectcount="13200" scancount="9556" scanbytes="303808" />
  <cardclean-info objects="632" bytes="27592" />
  <remembered-set-cleared processed="71" cleared="36" durationms="0.051" />
  <finalization candidates="6" enqueued="0" />
  <ownableSynchronizers candidates="7" cleared="0" />
  <references type="soft" candidates="3" cleared="0" enqueued="0" dynamicThreshold="16" maxThreshold="32" />
  <references type="weak" candidates="437" cleared="220" enqueued="143" />
  <references type="phantom" candidates="9" cleared="0" enqueued="0" />
  <stringconstants candidates="3523" cleared="4"  />
  <warning details="Mark invoked due to insufficient free space for Copy-Forward" />
</gc-op>
<gc-op id="134" type="classunload" timems="0.002" contextid="130" timestamp="2019-06-16T18:46:27.697">
  <classunload-info classloadercandidates="6" classloadersunloaded="0" classesunloaded="0" anonymousclassesunloaded="0" quiescems="0.000" setupms="0.001" scanms="0.000" postms="0.000" />
</gc-op>
<gc-op id="135" type="sweep" timems="0.357" contextid="130" timestamp="2019-06-16T18:46:27.698" />
<gc-op id="136" type="compact" timems="2.367" contextid="130" timestamp="2019-06-16T18:46:27.700">
  <compact-info movecount="13179" movebytes="1097536" />
  <remembered-set-cleared processed="341" cleared="264" durationms="0.051" />
</gc-op>
<gc-end id="137" type="partial gc" contextid="130" durationms="5.174" usertimems="4.000" systemtimems="4.000" timestamp="2019-06-16T18:46:27.701" activeThreads="1">
  <mem-info id="138" free="4194304" total="10485760" percent="40">
    <mem type="eden" free="235664" total="1048576" percent="22" />
    <pending-finalizers system="0" default="0" reference="143" classloader="0" />
    <remembered-set count="1472" freebytes="412672" totalbytes="418560" percent="98" regionsoverflowed="0" regionsstable="1" regionsrebuilding="0"/>
  </mem-info>
</gc-end>
<cycle-end id="139" type="partial gc" contextid="130" timestamp="2019-06-16T18:46:27.701" />
  <attribute name="elasticGC enabled" value="1" />
  <attribute name= "numThreadsSpecified" value="1" />
  <attribute name="heapSize specified" value="0" />
  <attribute name="Current GC Util" value="39" />
  <attribute name= "Current Time Running" value="1312" />
  <attribute name ="GC Interval" value="0" />
  <attribute name="ProportionalT" value="19.000000" />
  <attribute name="ProportionalI" value="19.000000" />
  <attribute name="ProportionalH" value="19.000000" />
  <attribute name="Current Error" value="19.000000" />
  <attribute name="IntegralT" value="0.000000" />
  <attribute name="IntegralI" value="0.000000" />
  <attribute name="IntegralH" value="0.000000" />
  <attribute name="DerivativeT" value="inf" />
  <attribute name="DerivativeI" value="inf" />
  <attribute name="DerivativeH" value="inf" />
  <attribute name="Loop Time for DT" value="0.000000" />
  <attribute name="Output H" value="8388608"/>
  <attribute name="Output I" value="200"/>
  <attribute name="Output T" value="1"/>
  <attribute name="Target GC Util Change" value ="20.000000" />
  <attribute name="Current GC Util Change" value="39.000000"/>
  <attribute name="GC Util currently" value="39" />
  <attribute name="CPU Util currently" value="8569533747138" />
<exclusive-end id="140" timestamp="2019-06-16T18:46:27.701" durationms="6.087" />

<exclusive-start id="141" timestamp="2019-06-16T18:46:27.738" intervalms="42.933">
  <response-info timems="0.047" idlems="0.047" threads="0" lastid="0000000001E04400" lastname="PmdThread 3" />
</exclusive-start>
<allocation-taxation id="142" taxation-threshold="2097152" timestamp="2019-06-16T18:46:27.738" intervalms="42.922" />
<cycle-start id="143" type="global mark phase" contextid="0" timestamp="2019-06-16T18:46:27.738" intervalms="733.698" />
<gc-start id="144" type="global mark phase" contextid="143" timestamp="2019-06-16T18:46:27.738">
  <mem-info id="145" free="2097152" total="10485760" percent="20">
    <remembered-set count="992" freebytes="414592" totalbytes="418560" percent="99" regionsoverflowed="0" regionsstable="1" regionsrebuilding="0"/>
  </mem-info>
</gc-start>
<gc-op id="146" type="mark increment" timems="0.491" contextid="143" timestamp="2019-06-16T18:46:27.739">
  <trace-info objectcount="254" scancount="0" scanbytes="0" />
</gc-op>
<gc-end id="147" type="global mark phase" contextid="143" durationms="0.599" usertimems="0.000" systemtimems="0.000" timestamp="2019-06-16T18:46:27.739" activeThreads="1">
  <mem-info id="148" free="2097152" total="10485760" percent="20">
    <remembered-set count="992" freebytes="414592" totalbytes="418560" percent="99" regionsoverflowed="0" regionsstable="0" regionsrebuilding="1"/>
  </mem-info>
</gc-end>
<concurrent-start id="149" type="GMP work packet processing" contextid="143" timestamp="2019-06-16T18:46:27.739">
  <concurrent-mark-start scanTarget="18446744073709551615" />
</concurrent-start>
<exclusive-end id="150" timestamp="2019-06-16T18:46:27.739" durationms="0.968" />

<concurrent-end id="151" type="GMP work packet processing" contextid="143" timestamp="2019-06-16T18:46:27.741">
  <concurrent-mark-end bytesScanned="1091844" reasonForTermination="Completed all work in GC phase" />
</concurrent-end>

<exclusive-start id="152" timestamp="2019-06-16T18:46:27.774" intervalms="35.564">
  <response-info timems="0.214" idlems="0.183" threads="3" lastid="0000000001DFC800" lastname="PmdThread 2" />
</exclusive-start>
<allocation-taxation id="153" taxation-threshold="2097152" timestamp="2019-06-16T18:46:27.774" intervalms="35.546" />
<cycle-start id="154" type="partial gc" contextid="0" timestamp="2019-06-16T18:46:27.774" intervalms="78.460" />
<gc-start id="155" type="partial gc" contextid="154" timestamp="2019-06-16T18:46:27.774">
  <mem-info id="156" free="0" total="10485760" percent="0">
    <mem type="eden" free="235664" total="5242880" percent="4" />
    <remembered-set count="3040" freebytes="406400" totalbytes="418560" percent="97" regionsoverflowed="0" regionsstable="0" regionsrebuilding="1"/>
  </mem-info>
</gc-start>
<allocation-stats totalBytes="4171632" >
  <allocated-bytes non-tlh="74816" tlh="4096816" arrayletleaf="0"/>
  <largest-consumer threadName="PmdThread 2" threadId="0000000001DFC800" bytes="737144" />
</allocation-stats>
<gc-op id="157" type="mark" timems="2.194" contextid="154" timestamp="2019-06-16T18:46:27.777">
  <trace-info objectcount="27285" scancount="22028" scanbytes="734064" />
  <cardclean-info objects="631" bytes="30280" />
  <remembered-set-cleared processed="2497" cleared="1289" durationms="0.078" />
  <finalization candidates="12" enqueued="0" />
  <ownableSynchronizers candidates="7" cleared="0" />
  <references type="soft" candidates="32" cleared="0" enqueued="0" dynamicThreshold="6" maxThreshold="32" />
  <references type="weak" candidates="359" cleared="39" enqueued="33" />
  <references type="phantom" candidates="11" cleared="4" enqueued="4" />
  <stringconstants candidates="4456" cleared="0"  />
  <warning details="Mark invoked due to insufficient free space for Copy-Forward" />
</gc-op>
<gc-op id="158" type="classunload" timems="0.002" contextid="154" timestamp="2019-06-16T18:46:27.777">
  <classunload-info classloadercandidates="6" classloadersunloaded="0" classesunloaded="0" anonymousclassesunloaded="0" quiescems="0.000" setupms="0.002" scanms="0.000" postms="0.000" />
</gc-op>
<gc-op id="159" type="sweep" timems="0.305" contextid="154" timestamp="2019-06-16T18:46:27.777" />
<gc-op id="160" type="compact" timems="3.007" contextid="154" timestamp="2019-06-16T18:46:27.780">
  <compact-info movecount="27052" movebytes="1414848" />
  <remembered-set-cleared processed="6470" cleared="4050" durationms="0.078" />
</gc-op>
<heap-resize id="161" type="expand" space="default" amount="3145728" count="1" timems="0.069" reason="insufficient free space following gc" timestamp="2019-06-16T18:46:27.781" />
<gc-end id="162" type="partial gc" contextid="154" durationms="6.732" usertimems="8.000" systemtimems="0.000" timestamp="2019-06-16T18:46:27.781" activeThreads="4">
  <mem-info id="163" free="6291456" total="13631488" percent="46">
    <mem type="eden" free="649848" total="2097152" percent="30" />
    <pending-finalizers system="0" default="0" reference="37" classloader="0" />
    <remembered-set count="4512" freebytes="526080" totalbytes="544128" percent="96" regionsoverflowed="0" regionsstable="0" regionsrebuilding="1"/>
  </mem-info>
</gc-end>
<cycle-end id="164" type="partial gc" contextid="154" timestamp="2019-06-16T18:46:27.781" />
  <attribute name="elasticGC enabled" value="1" />
  <attribute name= "numThreadsSpecified" value="4" />
  <attribute name="heapSize specified" value="0" />
  <attribute name="Current GC Util" value="30" />
  <attribute name= "Current Time Running" value="1392" />
  <attribute name ="GC Interval" value="0" />
  <attribute name="ProportionalT" value="10.000000" />
  <attribute name="ProportionalI" value="10.000000" />
  <attribute name="ProportionalH" value="10.000000" />
  <attribute name="Current Error" value="10.000000" />
  <attribute name="IntegralT" value="10.000000" />
  <attribute name="IntegralI" value="10.000000" />
  <attribute name="IntegralH" value="10.000000" />
  <attribute name="DerivativeT" value="-44.500000" />
  <attribute name="DerivativeI" value="-44.500000" />
  <attribute name="DerivativeH" value="-44.500000" />
  <attribute name="Loop Time for DT" value="1.000000" />
  <attribute name="Output H" value="2091843584"/>
  <attribute name="Output I" value="200"/>
  <attribute name="Output T" value="4"/>
  <attribute name="Target GC Util Change" value ="20.000000" />
  <attribute name="Current GC Util Change" value="30.000000"/>
  <attribute name="GC Util currently" value="30" />
  <attribute name="CPU Util currently" value="8972326341496" />
<exclusive-end id="165" timestamp="2019-06-16T18:46:27.781" durationms="7.386" />

<exclusive-start id="166" timestamp="2019-06-16T18:46:27.832" intervalms="58.413">
  <response-info timems="0.037" idlems="0.022" threads="1" lastid="0000000001AEC300" lastname="JIT Compilation Thread-0" />
</exclusive-start>
<allocation-taxation id="167" taxation-threshold="3145728" timestamp="2019-06-16T18:46:27.832" intervalms="58.445" />
<gc-start id="168" type="global mark phase" contextid="143" timestamp="2019-06-16T18:46:27.832">
  <mem-info id="169" free="3145728" total="13631488" percent="23">
    <remembered-set count="4512" freebytes="526080" totalbytes="544128" percent="96" regionsoverflowed="0" regionsstable="0" regionsrebuilding="1"/>
  </mem-info>
</gc-start>
<gc-op id="170" type="mark increment" timems="3.232" contextid="143" timestamp="2019-06-16T18:46:27.836">
  <trace-info objectcount="40243" scancount="33542" scanbytes="1113272" />
  <cardclean-info objects="852" bytes="40168" />
  <finalization candidates="57" enqueued="0" />
  <ownableSynchronizers candidates="8" cleared="0" />
  <references type="soft" candidates="102" cleared="0" enqueued="0" dynamicThreshold="14" maxThreshold="32" />
  <references type="weak" candidates="712" cleared="4" enqueued="4" />
  <references type="phantom" candidates="91" cleared="3" enqueued="3" />
  <stringconstants candidates="4593" cleared="0"  />
</gc-op>
<gc-op id="171" type="classunload" timems="0.002" contextid="143" timestamp="2019-06-16T18:46:27.836">
  <classunload-info classloadercandidates="6" classloadersunloaded="0" classesunloaded="0" anonymousclassesunloaded="0" quiescems="0.000" setupms="0.002" scanms="0.000" postms="0.000" />
</gc-op>
<gc-end id="172" type="global mark phase" contextid="143" durationms="3.502" usertimems="4.000" systemtimems="0.000" timestamp="2019-06-16T18:46:27.836" activeThreads="4">
  <mem-info id="173" free="3145728" total="13631488" percent="23">
    <pending-finalizers system="0" default="0" reference="7" classloader="0" />
    <remembered-set count="7584" freebytes="513792" totalbytes="544128" percent="94" regionsoverflowed="0" regionsstable="0" regionsrebuilding="0"/>
  </mem-info>
</gc-end>
<cycle-end id="174" type="global mark phase" contextid="143" timestamp="2019-06-16T18:46:27.836" />
  <attribute name="elasticGC enabled" value="1" />
  <attribute name= "numThreadsSpecified" value="4" />
  <attribute name="heapSize specified" value="0" />
  <attribute name="Current GC Util" value="0" />
  <attribute name= "Current Time Running" value="1449" />
  <attribute name ="GC Interval" value="0" />
  <attribute name="ProportionalT" value="-20.000000" />
  <attribute name="ProportionalI" value="-20.000000" />
  <attribute name="ProportionalH" value="-20.000000" />
  <attribute name="Current Error" value="-20.000000" />
  <attribute name="IntegralT" value="-40.000000" />
  <attribute name="IntegralI" value="-40.000000" />
  <attribute name="IntegralH" value="-40.000000" />
  <attribute name="DerivativeT" value="-20.000000" />
  <attribute name="DerivativeI" value="-20.000000" />
  <attribute name="DerivativeH" value="-20.000000" />
  <attribute name="Loop Time for DT" value="2.000000" />
  <attribute name="Output H" value="2091843584"/>
  <attribute name="Output I" value="200"/>
  <attribute name="Output T" value="4"/>
  <attribute name="Target GC Util Change" value ="20.000000" />
  <attribute name="Current GC Util Change" value="0.000000"/>
  <attribute name="GC Util currently" value="0" />
  <attribute name="CPU Util currently" value="2385288623588" />
<exclusive-end id="175" timestamp="2019-06-16T18:46:27.836" durationms="3.917" />

<exclusive-start id="176" timestamp="2019-06-16T18:46:27.858" intervalms="26.173">
  <response-info timems="0.033" idlems="0.033" threads="0" lastid="0000000001DFC800" lastname="PmdThread 2" />
</exclusive-start>
<allocation-taxation id="177" taxation-threshold="3145728" timestamp="2019-06-16T18:46:27.858" intervalms="26.167" />
<cycle-start id="178" type="partial gc" contextid="0" timestamp="2019-06-16T18:46:27.858" intervalms="84.598" />
<gc-start id="179" type="partial gc" contextid="178" timestamp="2019-06-16T18:46:27.859">
  <mem-info id="180" free="0" total="13631488" percent="0">
    <mem type="eden" free="0" total="6291456" percent="0" />
    <remembered-set count="2976" freebytes="532224" totalbytes="544128" percent="97" regionsoverflowed="0" regionsstable="1" regionsrebuilding="0"/>
  </mem-info>
</gc-start>
<allocation-stats totalBytes="6288168" >
  <allocated-bytes non-tlh="22184" tlh="6265984" arrayletleaf="0"/>
  <largest-consumer threadName="PmdThread 2" threadId="0000000001DFC800" bytes="1968928" />
</allocation-stats>
<gc-op id="181" type="sweep" timems="0.437" contextid="178" timestamp="2019-06-16T18:46:27.859" />
<gc-op id="182" type="mark" timems="2.678" contextid="178" timestamp="2019-06-16T18:46:27.862">
  <trace-info objectcount="37351" scancount="32106" scanbytes="1024644" />
  <cardclean-info objects="937" bytes="42584" />
  <remembered-set-cleared processed="1686" cleared="1315" durationms="0.090" />
  <finalization candidates="6" enqueued="0" />
  <references type="soft" candidates="33" cleared="0" enqueued="0" dynamicThreshold="7" maxThreshold="32" />
  <references type="weak" candidates="251" cleared="140" enqueued="140" />
  <references type="phantom" candidates="6" cleared="1" enqueued="1" />
  <stringconstants candidates="4604" cleared="0"  />
  <warning details="Mark invoked due to insufficient free space for Copy-Forward" />
</gc-op>
<gc-op id="183" type="classunload" timems="0.002" contextid="178" timestamp="2019-06-16T18:46:27.862">
  <classunload-info classloadercandidates="6" classloadersunloaded="0" classesunloaded="0" anonymousclassesunloaded="0" quiescems="0.000" setupms="0.002" scanms="0.000" postms="0.000" />
</gc-op>
<gc-op id="184" type="sweep" timems="1.506" contextid="178" timestamp="2019-06-16T18:46:27.864" />
<gc-op id="185" type="compact" timems="6.675" contextid="178" timestamp="2019-06-16T18:46:27.871">
  <compact-info movecount="37169" movebytes="1343944" />
  <remembered-set-cleared processed="9237" cleared="8488" durationms="0.090" />
</gc-op>
<heap-resize id="186" type="expand" space="default" amount="2097152" count="1" timems="0.061" reason="insufficient free space following gc" timestamp="2019-06-16T18:46:27.871" />
<gc-end id="187" type="partial gc" contextid="178" durationms="12.928" usertimems="20.000" systemtimems="0.000" timestamp="2019-06-16T18:46:27.872" activeThreads="4">
  <mem-info id="188" free="7340032" total="15728640" percent="46">
    <mem type="eden" free="434256" total="1048576" percent="41" />
    <pending-finalizers system="0" default="0" reference="141" classloader="0" />
    <remembered-set count="4192" freebytes="611072" totalbytes="627840" percent="97" regionsoverflowed="0" regionsstable="1" regionsrebuilding="0"/>
  </mem-info>
</gc-end>
<cycle-end id="189" type="partial gc" contextid="178" timestamp="2019-06-16T18:46:27.872" />
  <attribute name="elasticGC enabled" value="1" />
  <attribute name= "numThreadsSpecified" value="4" />
  <attribute name="heapSize specified" value="0" />
  <attribute name="Current GC Util" value="101" />
  <attribute name= "Current Time Running" value="1479" />
  <attribute name ="GC Interval" value="0" />
  <attribute name="ProportionalT" value="81.000000" />
  <attribute name="ProportionalI" value="81.000000" />
  <attribute name="ProportionalH" value="81.000000" />
  <attribute name="Current Error" value="81.000000" />
  <attribute name="IntegralT" value="162.000000" />
  <attribute name="IntegralI" value="162.000000" />
  <attribute name="IntegralH" value="162.000000" />
  <attribute name="DerivativeT" value="20.250000" />
  <attribute name="DerivativeI" value="20.250000" />
  <attribute name="DerivativeH" value="20.250000" />
  <attribute name="Loop Time for DT" value="2.000000" />
  <attribute name="Output H" value="8388608"/>
  <attribute name="Output I" value="264"/>
  <attribute name="Output T" value="4"/>
  <attribute name="Target GC Util Change" value ="20.000000" />
  <attribute name="Current GC Util Change" value="101.000000"/>
  <attribute name="GC Util currently" value="101" />
  <attribute name="CPU Util currently" value="2678146944692" />
<exclusive-end id="190" timestamp="2019-06-16T18:46:27.872" durationms="13.750" />

<exclusive-start id="191" timestamp="2019-06-16T18:46:27.895" intervalms="36.535">
  <response-info timems="0.056" idlems="0.056" threads="0" lastid="0000000001DFC800" lastname="PmdThread 2" />
</exclusive-start>
<allocation-taxation id="192" taxation-threshold="3145728" timestamp="2019-06-16T18:46:27.895" intervalms="36.550" />
<cycle-start id="193" type="global mark phase" contextid="0" timestamp="2019-06-16T18:46:27.895" intervalms="156.682" />
<gc-start id="194" type="global mark phase" contextid="193" timestamp="2019-06-16T18:46:27.895">
  <mem-info id="195" free="4194304" total="15728640" percent="26">
    <remembered-set count="4192" freebytes="611072" totalbytes="627840" percent="97" regionsoverflowed="0" regionsstable="1" regionsrebuilding="0"/>
  </mem-info>
</gc-start>
<gc-op id="196" type="mark increment" timems="0.536" contextid="193" timestamp="2019-06-16T18:46:27.896">
  <trace-info objectcount="269" scancount="0" scanbytes="0" />
</gc-op>
<gc-end id="197" type="global mark phase" contextid="193" durationms="0.700" usertimems="0.000" systemtimems="0.000" timestamp="2019-06-16T18:46:27.896" activeThreads="4">
  <mem-info id="198" free="4194304" total="15728640" percent="26">
    <remembered-set count="4192" freebytes="611072" totalbytes="627840" percent="97" regionsoverflowed="0" regionsstable="0" regionsrebuilding="1"/>
  </mem-info>
</gc-end>
<concurrent-start id="199" type="GMP work packet processing" contextid="193" timestamp="2019-06-16T18:46:27.896">
  <concurrent-mark-start scanTarget="18446744073709551615" />
</concurrent-start>
<exclusive-end id="200" timestamp="2019-06-16T18:46:27.896" durationms="1.085" />

<concurrent-end id="201" type="GMP work packet processing" contextid="193" timestamp="2019-06-16T18:46:27.900">
  <concurrent-mark-end bytesScanned="1930968" reasonForTermination="Completed all work in GC phase" />
</concurrent-end>

<exclusive-start id="202" timestamp="2019-06-16T18:46:27.917" intervalms="22.515">
  <response-info timems="0.124" idlems="0.107" threads="1" lastid="0000000001E08000" lastname="PmdThread 4" />
</exclusive-start>
<allocation-taxation id="203" taxation-threshold="3145728" timestamp="2019-06-16T18:46:27.917" intervalms="22.497" />
<cycle-start id="204" type="partial gc" contextid="0" timestamp="2019-06-16T18:46:27.918" intervalms="59.062" />
<gc-start id="205" type="partial gc" contextid="204" timestamp="2019-06-16T18:46:27.918">
  <mem-info id="206" free="1048576" total="15728640" percent="6">
    <mem type="eden" free="0" total="6291456" percent="0" />
    <remembered-set count="11360" freebytes="582400" totalbytes="627840" percent="92" regionsoverflowed="0" regionsstable="0" regionsrebuilding="1"/>
  </mem-info>
</gc-start>
<allocation-stats totalBytes="6285720" >
  <allocated-bytes non-tlh="17848" tlh="6267872" arrayletleaf="0"/>
  <largest-consumer threadName="PmdThread 2" threadId="0000000001DFC800" bytes="1641104" />
</allocation-stats>
<gc-op id="207" type="copy forward" timems="5.256" contextid="204" timestamp="2019-06-16T18:46:27.923">
  <memory-copied type="eden" objects="15293" bytes="510464" bytesdiscarded="0" />
  <memory-copied type="other" objects="16788" bytes="573728" bytesdiscarded="0" />
  <memory-cardclean objects="7499" bytes="322352" />
  <regions eden="6" other="1" />
  <remembered-set-cleared processed="10188" cleared="6294" durationms="0.136" />
  <references type="soft" candidates="88" cleared="0" enqueued="0" dynamicThreshold="8" maxThreshold="32" />
  <references type="weak" candidates="277" cleared="0" enqueued="0" />
  <references type="phantom" candidates="1" cleared="0" enqueued="0" />
  <stringconstants candidates="4824" cleared="0"  />
  <heap-resize type="expand" space="default" amount="1048576" count="1" timems="0.051" reason="continue current collection" />
</gc-op>
<gc-op id="208" type="classunload" timems="0.002" contextid="204" timestamp="2019-06-16T18:46:27.924">
  <classunload-info classloadercandidates="7" classloadersunloaded="0" classesunloaded="0" anonymousclassesunloaded="0" quiescems="0.000" setupms="0.002" scanms="0.000" postms="0.000" />
</gc-op>
<gc-op id="209" type="compact" timems="3.579" contextid="204" timestamp="2019-06-16T18:46:27.927">
  <compact-info movecount="1811" movebytes="236104" />
  <remembered-set-cleared processed="18549" cleared="7501" durationms="0.136" />
</gc-op>
<heap-resize id="210" type="expand" space="default" amount="2097152" count="1" timems="0.057" reason="excessive time being spent in gc" timestamp="2019-06-16T18:46:27.928" />
<gc-end id="211" type="partial gc" contextid="204" durationms="10.184" usertimems="4.000" systemtimems="8.000" timestamp="2019-06-16T18:46:27.928" activeThreads="4">
  <mem-info id="212" free="11534336" total="18874368" percent="61">
    <mem type="eden" free="535304" total="1048576" percent="51" />
    <remembered-set count="9408" freebytes="715776" totalbytes="753408" percent="95" regionsoverflowed="0" regionsstable="0" regionsrebuilding="1"/>
  </mem-info>
</gc-end>
<cycle-end id="213" type="partial gc" contextid="204" timestamp="2019-06-16T18:46:27.928" />
  <attribute name="elasticGC enabled" value="1" />
  <attribute name= "numThreadsSpecified" value="4" />
  <attribute name="heapSize specified" value="0" />
  <attribute name="Current GC Util" value="0" />
  <attribute name= "Current Time Running" value="1538" />
  <attribute name ="GC Interval" value="0" />
  <attribute name="ProportionalT" value="-20.000000" />
  <attribute name="ProportionalI" value="-20.000000" />
  <attribute name="ProportionalH" value="-20.000000" />
  <attribute name="Current Error" value="-20.000000" />
  <attribute name="IntegralT" value="-120.000000" />
  <attribute name="IntegralI" value="-120.000000" />
  <attribute name="IntegralH" value="-120.000000" />
  <attribute name="DerivativeT" value="-4.666667" />
  <attribute name="DerivativeI" value="-4.666667" />
  <attribute name="DerivativeH" value="-4.666667" />
  <attribute name="Loop Time for DT" value="6.000000" />
  <attribute name="Output H" value="2091843584"/>
  <attribute name="Output I" value="200"/>
  <attribute name="Output T" value="4"/>
  <attribute name="Target GC Util Change" value ="20.000000" />
  <attribute name="Current GC Util Change" value="0.000000"/>
  <attribute name="GC Util currently" value="0" />
  <attribute name="CPU Util currently" value="812148185897" />
<exclusive-end id="214" timestamp="2019-06-16T18:46:27.928" durationms="11.018" />

<exclusive-start id="215" timestamp="2019-06-16T18:46:27.964" intervalms="46.540">
  <response-info timems="0.065" idlems="0.041" threads="1" lastid="0000000001DFC800" lastname="PmdThread 2" />
</exclusive-start>
<allocation-taxation id="216" taxation-threshold="5242880" timestamp="2019-06-16T18:46:27.964" intervalms="46.582" />
<gc-start id="217" type="global mark phase" contextid="193" timestamp="2019-06-16T18:46:27.964">
  <mem-info id="218" free="6291456" total="18874368" percent="33">
    <remembered-set count="9408" freebytes="715776" totalbytes="753408" percent="95" regionsoverflowed="0" regionsstable="0" regionsrebuilding="1"/>
  </mem-info>
</gc-start>
<gc-op id="219" type="mark increment" timems="2.764" contextid="193" timestamp="2019-06-16T18:46:27.967">
  <trace-info objectcount="28851" scancount="25471" scanbytes="786504" />
  <cardclean-info objects="19063" bytes="635960" />
  <finalization candidates="57" enqueued="0" />
  <ownableSynchronizers candidates="8" cleared="0" />
  <references type="soft" candidates="211" cleared="0" enqueued="0" dynamicThreshold="19" maxThreshold="32" />
  <references type="weak" candidates="1106" cleared="395" enqueued="395" />
  <references type="phantom" candidates="91" cleared="3" enqueued="3" />
  <stringconstants candidates="4890" cleared="0"  />
</gc-op>
<gc-op id="220" type="classunload" timems="0.002" contextid="193" timestamp="2019-06-16T18:46:27.967">
  <classunload-info classloadercandidates="9" classloadersunloaded="0" classesunloaded="0" anonymousclassesunloaded="0" quiescems="0.000" setupms="0.002" scanms="0.000" postms="0.000" />
</gc-op>
<gc-end id="221" type="global mark phase" contextid="193" durationms="3.139" usertimems="4.000" systemtimems="0.000" timestamp="2019-06-16T18:46:27.967" activeThreads="4">
  <mem-info id="222" free="6291456" total="18874368" percent="33">
    <pending-finalizers system="0" default="0" reference="398" classloader="0" />
    <remembered-set count="14016" freebytes="697344" totalbytes="753408" percent="92" regionsoverflowed="0" regionsstable="0" regionsrebuilding="0"/>
  </mem-info>
</gc-end>
<cycle-end id="223" type="global mark phase" contextid="193" timestamp="2019-06-16T18:46:27.967" />
  <attribute name="elasticGC enabled" value="1" />
  <attribute name= "numThreadsSpecified" value="4" />
  <attribute name="heapSize specified" value="0" />
  <attribute name="Current GC Util" value="89" />
  <attribute name= "Current Time Running" value="1581" />
  <attribute name ="GC Interval" value="0" />
  <attribute name="ProportionalT" value="69.000000" />
  <attribute name="ProportionalI" value="69.000000" />
  <attribute name="ProportionalH" value="69.000000" />
  <attribute name="Current Error" value="69.000000" />
  <attribute name="IntegralT" value="69.000000" />
  <attribute name="IntegralI" value="69.000000" />
  <attribute name="IntegralH" value="69.000000" />
  <attribute name="DerivativeT" value="2.000000" />
  <attribute name="DerivativeI" value="2.000000" />
  <attribute name="DerivativeH" value="2.000000" />
  <attribute name="Loop Time for DT" value="1.000000" />
  <attribute name="Output H" value="8388608"/>
  <attribute name="Output I" value="200"/>
  <attribute name="Output T" value="4"/>
  <attribute name="Target GC Util Change" value ="20.000000" />
  <attribute name="Current GC Util Change" value="89.000000"/>
  <attribute name="GC Util currently" value="89" />
  <attribute name="CPU Util currently" value="4231549038904" />
<exclusive-end id="224" timestamp="2019-06-16T18:46:27.968" durationms="3.797" />

<exclusive-start id="225" timestamp="2019-06-16T18:46:28.015" intervalms="50.862">
  <response-info timems="0.027" idlems="0.027" threads="0" lastid="0000000001E04400" lastname="PmdThread 3" />
</exclusive-start>
<allocation-taxation id="226" taxation-threshold="5242880" timestamp="2019-06-16T18:46:28.015" intervalms="50.867" />
<cycle-start id="227" type="partial gc" contextid="0" timestamp="2019-06-16T18:46:28.015" intervalms="97.458" />
<gc-start id="228" type="partial gc" contextid="227" timestamp="2019-06-16T18:46:28.015">
  <mem-info id="229" free="1048576" total="18874368" percent="5">
    <mem type="eden" free="0" total="10485760" percent="0" />
    <remembered-set count="13888" freebytes="697856" totalbytes="753408" percent="92" regionsoverflowed="0" regionsstable="0" regionsrebuilding="0"/>
  </mem-info>
</gc-start>
<allocation-stats totalBytes="10479408" >
  <allocated-bytes non-tlh="6192" tlh="10473216" arrayletleaf="0"/>
  <largest-consumer threadName="PmdThread 2" threadId="0000000001DFC800" bytes="1834888" />
</allocation-stats>
<gc-op id="230" type="sweep" timems="0.557" contextid="227" timestamp="2019-06-16T18:46:28.016" />
<gc-op id="231" type="copy forward" timems="5.300" contextid="227" timestamp="2019-06-16T18:46:28.022">
  <memory-copied type="eden" objects="2410" bytes="235256" bytesdiscarded="0" />
  <memory-copied type="other" objects="32299" bytes="1124272" bytesdiscarded="0" />
  <memory-cardclean objects="3338" bytes="138136" />
  <memory-traced type="eden" objects="519" bytes="18280" />
  <memory-traced type="other" objects="0" bytes="0" />
  <regions eden="5" other="6" evacuated="10" marked="1" />
  <remembered-set-cleared processed="12431" cleared="4662" durationms="0.157" />
  <references type="soft" candidates="116" cleared="0" enqueued="0" dynamicThreshold="10" maxThreshold="32" />
  <references type="weak" candidates="54" cleared="0" enqueued="0" />
  <references type="phantom" candidates="24" cleared="0" enqueued="0" />
  <stringconstants candidates="4898" cleared="0"  />
  <heap-resize type="expand" space="default" amount="1048576" count="1" timems="0.073" reason="continue current collection" />
</gc-op>
<gc-op id="232" type="classunload" timems="0.002" contextid="227" timestamp="2019-06-16T18:46:28.022">
  <classunload-info classloadercandidates="9" classloadersunloaded="0" classesunloaded="0" anonymousclassesunloaded="0" quiescems="0.000" setupms="0.002" scanms="0.000" postms="0.000" />
</gc-op>
<gc-op id="233" type="compact" timems="2.829" contextid="227" timestamp="2019-06-16T18:46:28.025">
  <compact-info movecount="718" movebytes="150416" />
  <remembered-set-cleared processed="24058" cleared="4851" durationms="0.157" />
</gc-op>
<gc-end id="234" type="partial gc" contextid="227" durationms="10.220" usertimems="8.000" systemtimems="0.000" timestamp="2019-06-16T18:46:28.025" activeThreads="4">
  <mem-info id="235" free="10485760" total="19922944" percent="52">
    <mem type="eden" free="1057856" total="2097152" percent="50" />
    <remembered-set count="12768" freebytes="744192" totalbytes="795264" percent="93" regionsoverflowed="0" regionsstable="0" regionsrebuilding="0"/>
  </mem-info>
</gc-end>
<cycle-end id="236" type="partial gc" contextid="227" timestamp="2019-06-16T18:46:28.026" />
  <attribute name="elasticGC enabled" value="1" />
  <attribute name= "numThreadsSpecified" value="4" />
  <attribute name="heapSize specified" value="0" />
  <attribute name="Current GC Util" value="0" />
  <attribute name= "Current Time Running" value="1637" />
  <attribute name ="GC Interval" value="0" />
  <attribute name="ProportionalT" value="-20.000000" />
  <attribute name="ProportionalI" value="-20.000000" />
  <attribute name="ProportionalH" value="-20.000000" />
  <attribute name="Current Error" value="-20.000000" />
  <attribute name="IntegralT" value="-120.000000" />
  <attribute name="IntegralI" value="-120.000000" />
  <attribute name="IntegralH" value="-120.000000" />
  <attribute name="DerivativeT" value="-3.500000" />
  <attribute name="DerivativeI" value="-3.500000" />
  <attribute name="DerivativeH" value="-3.500000" />
  <attribute name="Loop Time for DT" value="6.000000" />
  <attribute name="Output H" value="2091843584"/>
  <attribute name="Output I" value="200"/>
  <attribute name="Output T" value="4"/>
  <attribute name="Target GC Util Change" value ="20.000000" />
  <attribute name="Current GC Util Change" value="0.000000"/>
  <attribute name="GC Util currently" value="0" />
  <attribute name="CPU Util currently" value="820847751288" />
<exclusive-end id="237" timestamp="2019-06-16T18:46:28.026" durationms="11.029" />

<exclusive-start id="238" timestamp="2019-06-16T18:46:28.093" intervalms="78.745">
  <response-info timems="0.032" idlems="0.032" threads="0" lastid="0000000001E04400" lastname="PmdThread 3" />
</exclusive-start>
<allocation-taxation id="239" taxation-threshold="10485760" timestamp="2019-06-16T18:46:28.094" intervalms="78.734" />
<cycle-start id="240" type="partial gc" contextid="0" timestamp="2019-06-16T18:46:28.094" intervalms="78.796" />
<gc-start id="241" type="partial gc" contextid="240" timestamp="2019-06-16T18:46:28.094">
  <mem-info id="242" free="0" total="19922944" percent="0">
    <mem type="eden" free="0" total="10485760" percent="0" />
    <remembered-set count="12768" freebytes="744192" totalbytes="795264" percent="93" regionsoverflowed="0" regionsstable="0" regionsrebuilding="0"/>
  </mem-info>
</gc-start>
<allocation-stats totalBytes="10460016" >
  <allocated-bytes non-tlh="21688" tlh="10438328" arrayletleaf="0"/>
  <largest-consumer threadName="PmdThread 1" threadId="0000000001DF8C00" bytes="3290896" />
</allocation-stats>
<gc-op id="243" type="mark" timems="2.854" contextid="240" timestamp="2019-06-16T18:46:28.097">
  <trace-info objectcount="36276" scancount="32224" scanbytes="1053776" />
  <cardclean-info objects="1796" bytes="79692" />
  <remembered-set-cleared processed="11412" cleared="2317" durationms="0.110" />
  <finalization candidates="2" enqueued="0" />
  <references type="soft" candidates="29" cleared="0" enqueued="0" dynamicThreshold="16" maxThreshold="32" />
  <references type="weak" candidates="652" cleared="485" enqueued="413" />
  <references type="phantom" candidates="78" cleared="40" enqueued="40" />
  <stringconstants candidates="4982" cleared="0"  />
  <warning details="Mark invoked due to insufficient free space for Copy-Forward" />
</gc-op>
<gc-op id="244" type="classunload" timems="0.003" contextid="240" timestamp="2019-06-16T18:46:28.097">
  <classunload-info classloadercandidates="10" classloadersunloaded="0" classesunloaded="0" anonymousclassesunloaded="0" quiescems="0.000" setupms="0.003" scanms="0.000" postms="0.000" />
</gc-op>
<gc-op id="245" type="sweep" timems="0.450" contextid="240" timestamp="2019-06-16T18:46:28.098" />
<gc-op id="246" type="compact" timems="3.657" contextid="240" timestamp="2019-06-16T18:46:28.102">
  <compact-info movecount="36248" movebytes="1821176" />
  <remembered-set-cleared processed="26884" cleared="8658" durationms="0.110" />
</gc-op>
<heap-resize id="247" type="expand" space="default" amount="4194304" count="1" timems="0.085" reason="excessive time being spent in gc" timestamp="2019-06-16T18:46:28.102" />
<gc-end id="248" type="partial gc" contextid="240" durationms="8.497" usertimems="20.000" systemtimems="0.000" timestamp="2019-06-16T18:46:28.103" activeThreads="4">
  <mem-info id="249" free="14680064" total="24117248" percent="60">
    <mem type="eden" free="29728" total="1048576" percent="2" />
    <pending-finalizers system="0" default="0" reference="453" classloader="0" />
    <remembered-set count="14080" freebytes="906368" totalbytes="962688" percent="94" regionsoverflowed="0" regionsstable="0" regionsrebuilding="0"/>
  </mem-info>
</gc-end>
<cycle-end id="250" type="partial gc" contextid="240" timestamp="2019-06-16T18:46:28.103" />
  <attribute name="elasticGC enabled" value="1" />
  <attribute name= "numThreadsSpecified" value="4" />
  <attribute name="heapSize specified" value="0" />
  <attribute name="Current GC Util" value="29" />
  <attribute name= "Current Time Running" value="1713" />
  <attribute name ="GC Interval" value="0" />
  <attribute name="ProportionalT" value="9.000000" />
  <attribute name="ProportionalI" value="9.000000" />
  <attribute name="ProportionalH" value="9.000000" />
  <attribute name="Current Error" value="9.000000" />
  <attribute name="IntegralT" value="9.000000" />
  <attribute name="IntegralI" value="9.000000" />
  <attribute name="IntegralH" value="9.000000" />
  <attribute name="DerivativeT" value="-29.000000" />
  <attribute name="DerivativeI" value="-29.000000" />
  <attribute name="DerivativeH" value="-29.000000" />
  <attribute name="Loop Time for DT" value="1.000000" />
  <attribute name="Output H" value="2091843584"/>
  <attribute name="Output I" value="200"/>
  <attribute name="Output T" value="4"/>
  <attribute name="Target GC Util Change" value ="20.000000" />
  <attribute name="Current GC Util Change" value="29.000000"/>
  <attribute name="GC Util currently" value="29" />
  <attribute name="CPU Util currently" value="6603717084544" />
<exclusive-end id="251" timestamp="2019-06-16T18:46:28.103" durationms="9.423" />

<exclusive-start id="252" timestamp="2019-06-16T18:46:28.138" intervalms="44.660">
  <response-info timems="0.035" idlems="0.035" threads="0" lastid="0000000001DFC800" lastname="PmdThread 2" />
</exclusive-start>
<allocation-taxation id="253" taxation-threshold="6291456" timestamp="2019-06-16T18:46:28.138" intervalms="44.617" />
<cycle-start id="254" type="global mark phase" contextid="0" timestamp="2019-06-16T18:46:28.138" intervalms="243.314" />
<gc-start id="255" type="global mark phase" contextid="254" timestamp="2019-06-16T18:46:28.138">
  <mem-info id="256" free="8388608" total="24117248" percent="34">
    <remembered-set count="13984" freebytes="906752" totalbytes="962688" percent="94" regionsoverflowed="0" regionsstable="0" regionsrebuilding="0"/>
  </mem-info>
</gc-start>
<gc-op id="257" type="mark increment" timems="0.575" contextid="254" timestamp="2019-06-16T18:46:28.139">
  <trace-info objectcount="285" scancount="0" scanbytes="0" />
</gc-op>
<gc-end id="258" type="global mark phase" contextid="254" durationms="0.730" usertimems="0.000" systemtimems="0.000" timestamp="2019-06-16T18:46:28.139" activeThreads="1">
  <mem-info id="259" free="8388608" total="24117248" percent="34">
    <remembered-set count="13984" freebytes="906752" totalbytes="962688" percent="94" regionsoverflowed="0" regionsstable="0" regionsrebuilding="0"/>
  </mem-info>
</gc-end>
<concurrent-start id="260" type="GMP work packet processing" contextid="254" timestamp="2019-06-16T18:46:28.139">
  <concurrent-mark-start scanTarget="18446744073709551615" />
</concurrent-start>
<exclusive-end id="261" timestamp="2019-06-16T18:46:28.144" durationms="5.482" />

<concurrent-end id="262" type="GMP work packet processing" contextid="254" timestamp="2019-06-16T18:46:28.144">
  <concurrent-mark-end bytesScanned="2477732" reasonForTermination="Completed all work in GC phase" />
</concurrent-end>

<exclusive-start id="263" timestamp="2019-06-16T18:46:28.174" intervalms="35.386">
  <response-info timems="0.038" idlems="0.038" threads="0" lastid="0000000001DF8C00" lastname="PmdThread 1" />
</exclusive-start>
<allocation-taxation id="264" taxation-threshold="6291456" timestamp="2019-06-16T18:46:28.174" intervalms="35.359" />
<cycle-start id="265" type="partial gc" contextid="0" timestamp="2019-06-16T18:46:28.174" intervalms="79.903" />
<gc-start id="266" type="partial gc" contextid="265" timestamp="2019-06-16T18:46:28.174">
  <mem-info id="267" free="2097152" total="24117248" percent="8">
    <mem type="eden" free="0" total="12582912" percent="0" />
    <remembered-set count="13984" freebytes="906752" totalbytes="962688" percent="94" regionsoverflowed="0" regionsstable="0" regionsrebuilding="0"/>
  </mem-info>
</gc-start>
<allocation-stats totalBytes="12555936" >
  <allocated-bytes non-tlh="920" tlh="12555016" arrayletleaf="0"/>
  <largest-consumer threadName="PmdThread 1" threadId="0000000001DF8C00" bytes="2873192" />
</allocation-stats>
<gc-op id="268" type="copy forward" timems="2.711" contextid="265" timestamp="2019-06-16T18:46:28.177">
  <memory-copied type="eden" objects="10178" bytes="899176" bytesdiscarded="113168" />
  <memory-copied type="other" objects="8733" bytes="320208" bytesdiscarded="52496" />
  <memory-cardclean objects="1765" bytes="90152" />
  <regions eden="12" other="1" />
  <remembered-set-cleared processed="13109" cleared="2146" durationms="0.120" />
  <finalization candidates="2" enqueued="0" />
  <references type="soft" candidates="11" cleared="0" enqueued="0" dynamicThreshold="11" maxThreshold="32" />
  <references type="weak" candidates="364" cleared="0" enqueued="0" />
  <references type="phantom" candidates="69" cleared="0" enqueued="0" />
  <stringconstants candidates="4997" cleared="0"  />
  <heap-resize type="expand" space="default" amount="1048576" count="1" timems="0.124" reason="continue current collection" />
</gc-op>
<gc-op id="269" type="classunload" timems="0.003" contextid="265" timestamp="2019-06-16T18:46:28.177">
  <classunload-info classloadercandidates="10" classloadersunloaded="0" classesunloaded="0" anonymousclassesunloaded="0" quiescems="0.000" setupms="0.003" scanms="0.000" postms="0.000" />
</gc-op>
<gc-op id="270" type="compact" timems="0.757" contextid="265" timestamp="2019-06-16T18:46:28.178">
  <compact-info movecount="0" movebytes="0" />
  <remembered-set-cleared processed="27143" cleared="2146" durationms="0.120" />
</gc-op>
<heap-resize id="271" type="expand" space="default" amount="4194304" count="1" timems="0.071" reason="excessive time being spent in gc" timestamp="2019-06-16T18:46:28.178" />
<gc-end id="272" type="partial gc" contextid="265" durationms="4.635" usertimems="8.000" systemtimems="0.000" timestamp="2019-06-16T18:46:28.178" activeThreads="4">
  <mem-info id="273" free="17825792" total="29360128" percent="60">
    <mem type="eden" free="1080408" total="2097152" percent="51" />
    <remembered-set count="15776" freebytes="1108864" totalbytes="1171968" percent="94" regionsoverflowed="0" regionsstable="0" regionsrebuilding="0"/>
  </mem-info>
</gc-end>
<cycle-end id="274" type="partial gc" contextid="265" timestamp="2019-06-16T18:46:28.179" />
  <attribute name="elasticGC enabled" value="1" />
  <attribute name= "numThreadsSpecified" value="4" />
  <attribute name="heapSize specified" value="0" />
  <attribute name="Current GC Util" value="115" />
  <attribute name= "Current Time Running" value="1792" />
  <attribute name ="GC Interval" value="0" />
  <attribute name="ProportionalT" value="95.000000" />
  <attribute name="ProportionalI" value="95.000000" />
  <attribute name="ProportionalH" value="95.000000" />
  <attribute name="Current Error" value="95.000000" />
  <attribute name="IntegralT" value="285.000000" />
  <attribute name="IntegralI" value="285.000000" />
  <attribute name="IntegralH" value="285.000000" />
  <attribute name="DerivativeT" value="7.500000" />
  <attribute name="DerivativeI" value="7.500000" />
  <attribute name="DerivativeH" value="7.500000" />
  <attribute name="Loop Time for DT" value="3.000000" />
  <attribute name="Output H" value="8388608"/>
  <attribute name="Output I" value="392"/>
  <attribute name="Output T" value="4"/>
  <attribute name="Target GC Util Change" value ="20.000000" />
  <attribute name="Current GC Util Change" value="115.000000"/>
  <attribute name="GC Util currently" value="115" />
  <attribute name="CPU Util currently" value="1546098639388" />
<exclusive-end id="275" timestamp="2019-06-16T18:46:28.179" durationms="5.259" />

<exclusive-start id="276" timestamp="2019-06-16T18:46:28.204" intervalms="30.715">
  <response-info timems="0.032" idlems="0.032" threads="0" lastid="0000000001DFC800" lastname="PmdThread 2" />
</exclusive-start>
<allocation-taxation id="277" taxation-threshold="6291456" timestamp="2019-06-16T18:46:28.204" intervalms="30.749" />
<gc-start id="278" type="global mark phase" contextid="254" timestamp="2019-06-16T18:46:28.204">
  <mem-info id="279" free="11534336" total="29360128" percent="39">
    <remembered-set count="15296" freebytes="1110784" totalbytes="1171968" percent="94" regionsoverflowed="0" regionsstable="0" regionsrebuilding="0"/>
  </mem-info>
</gc-start>
<gc-op id="280" type="mark increment" timems="1.703" contextid="254" timestamp="2019-06-16T18:46:28.206">
  <trace-info objectcount="10332" scancount="8934" scanbytes="300720" />
  <cardclean-info objects="3279" bytes="133304" />
  <finalization candidates="59" enqueued="0" />
  <ownableSynchronizers candidates="8" cleared="0" />
  <references type="soft" candidates="229" cleared="0" enqueued="0" dynamicThreshold="19" maxThreshold="32" />
  <references type="weak" candidates="1157" cleared="279" enqueued="279" />
  <references type="phantom" candidates="218" cleared="65" enqueued="65" />
  <stringconstants candidates="4997" cleared="0"  />
</gc-op>
<gc-op id="281" type="classunload" timems="0.003" contextid="254" timestamp="2019-06-16T18:46:28.206">
  <classunload-info classloadercandidates="10" classloadersunloaded="0" classesunloaded="0" anonymousclassesunloaded="0" quiescems="0.000" setupms="0.002" scanms="0.000" postms="0.000" />
</gc-op>
<gc-end id="282" type="global mark phase" contextid="254" durationms="2.006" usertimems="4.000" systemtimems="0.000" timestamp="2019-06-16T18:46:28.206" activeThreads="4">
  <mem-info id="283" free="11534336" total="29360128" percent="39">
    <pending-finalizers system="0" default="0" reference="344" classloader="0" />
    <remembered-set count="15296" freebytes="1110784" totalbytes="1171968" percent="94" regionsoverflowed="0" regionsstable="0" regionsrebuilding="0"/>
  </mem-info>
</gc-end>
<cycle-end id="284" type="global mark phase" contextid="254" timestamp="2019-06-16T18:46:28.207" />
  <attribute name="elasticGC enabled" value="1" />
  <attribute name= "numThreadsSpecified" value="4" />
  <attribute name="heapSize specified" value="0" />
  <attribute name="Current GC Util" value="0" />
  <attribute name= "Current Time Running" value="1820" />
  <attribute name ="GC Interval" value="0" />
  <attribute name="ProportionalT" value="-20.000000" />
  <attribute name="ProportionalI" value="-20.000000" />
  <attribute name="ProportionalH" value="-20.000000" />
  <attribute name="Current Error" value="-20.000000" />
  <attribute name="IntegralT" value="-20.000000" />
  <attribute name="IntegralI" value="-20.000000" />
  <attribute name="IntegralH" value="-20.000000" />
  <attribute name="DerivativeT" value="-72.500000" />
  <attribute name="DerivativeI" value="-72.500000" />
  <attribute name="DerivativeH" value="-72.500000" />
  <attribute name="Loop Time for DT" value="1.000000" />
  <attribute name="Output H" value="2091843584"/>
  <attribute name="Output I" value="200"/>
  <attribute name="Output T" value="4"/>
  <attribute name="Target GC Util Change" value ="20.000000" />
  <attribute name="Current GC Util Change" value="0.000000"/>
  <attribute name="GC Util currently" value="0" />
  <attribute name="CPU Util currently" value="8394942329747" />
<exclusive-end id="285" timestamp="2019-06-16T18:46:28.207" durationms="2.437" />

<exclusive-start id="286" timestamp="2019-06-16T18:46:28.227" intervalms="22.851">
  <response-info timems="0.029" idlems="0.029" threads="0" lastid="0000000001E04400" lastname="PmdThread 3" />
</exclusive-start>
<allocation-taxation id="287" taxation-threshold="6291456" timestamp="2019-06-16T18:46:28.227" intervalms="22.842" />
<cycle-start id="288" type="partial gc" contextid="0" timestamp="2019-06-16T18:46:28.227" intervalms="53.583" />
<gc-start id="289" type="partial gc" contextid="288" timestamp="2019-06-16T18:46:28.227">
  <mem-info id="290" free="5242880" total="29360128" percent="17">
    <mem type="eden" free="0" total="12582912" percent="0" />
    <remembered-set count="15296" freebytes="1110784" totalbytes="1171968" percent="94" regionsoverflowed="0" regionsstable="0" regionsrebuilding="0"/>
  </mem-info>
</gc-start>
<allocation-stats totalBytes="12570040" >
  <allocated-bytes non-tlh="0" tlh="12570040" arrayletleaf="0"/>
  <largest-consumer threadName="PmdThread 2" threadId="0000000001DFC800" bytes="2362312" />
</allocation-stats>
<gc-op id="291" type="sweep" timems="0.454" contextid="288" timestamp="2019-06-16T18:46:28.228" />
<gc-op id="292" type="copy forward" timems="2.705" contextid="288" timestamp="2019-06-16T18:46:28.231">
  <memory-copied type="eden" objects="11128" bytes="916664" bytesdiscarded="26" />
  <memory-copied type="other" objects="5289" bytes="365112" bytesdiscarded="6" />
  <memory-cardclean objects="1387" bytes="69536" />
  <regions eden="6" other="8" />
  <remembered-set-cleared processed="13736" cleared="1567" durationms="0.161" />
  <references type="soft" candidates="11" cleared="0" enqueued="0" dynamicThreshold="12" maxThreshold="32" />
  <references type="weak" candidates="136" cleared="0" enqueued="0" />
  <references type="phantom" candidates="52" cleared="0" enqueued="0" />
  <stringconstants candidates="4997" cleared="0"  />
</gc-op>
<gc-op id="293" type="classunload" timems="0.002" contextid="288" timestamp="2019-06-16T18:46:28.231">
  <classunload-info classloadercandidates="10" classloadersunloaded="0" classesunloaded="0" anonymousclassesunloaded="0" quiescems="0.000" setupms="0.001" scanms="0.000" postms="0.000" />
</gc-op>
<heap-resize id="294" type="expand" space="default" amount="2097152" count="1" timems="0.061" reason="excessive time being spent in gc" timestamp="2019-06-16T18:46:28.232" />
<gc-end id="295" type="partial gc" contextid="288" durationms="4.501" usertimems="4.000" systemtimems="0.000" timestamp="2019-06-16T18:46:28.232" activeThreads="1">
  <mem-info id="296" free="18874368" total="31457280" percent="60">
    <mem type="eden" free="967800" total="2097152" percent="46" />
    <remembered-set count="15584" freebytes="1193344" totalbytes="1255680" percent="95" regionsoverflowed="0" regionsstable="0" regionsrebuilding="0"/>
  </mem-info>
</gc-end>
<cycle-end id="297" type="partial gc" contextid="288" timestamp="2019-06-16T18:46:28.232" />
  <attribute name="elasticGC enabled" value="1" />
  <attribute name= "numThreadsSpecified" value="1" />
  <attribute name="heapSize specified" value="0" />
  <attribute name="Current GC Util" value="54" />
  <attribute name= "Current Time Running" value="1843" />
  <attribute name ="GC Interval" value="0" />
  <attribute name="ProportionalT" value="34.000000" />
  <attribute name="ProportionalI" value="34.000000" />
  <attribute name="ProportionalH" value="34.000000" />
  <attribute name="Current Error" value="34.000000" />
  <attribute name="IntegralT" value="0.000000" />
  <attribute name="IntegralI" value="0.000000" />
  <attribute name="IntegralH" value="0.000000" />
  <attribute name="DerivativeT" value="inf" />
  <attribute name="DerivativeI" value="inf" />
  <attribute name="DerivativeH" value="inf" />
  <attribute name="Loop Time for DT" value="0.000000" />
  <attribute name="Output H" value="8388608"/>
  <attribute name="Output I" value="200"/>
  <attribute name="Output T" value="1"/>
  <attribute name="Target GC Util Change" value ="20.000000" />
  <attribute name="Current GC Util Change" value="54.000000"/>
  <attribute name="GC Util currently" value="54" />
  <attribute name="CPU Util currently" value="24507301751024" />
<exclusive-end id="298" timestamp="2019-06-16T18:46:28.232" durationms="5.293" />

<exclusive-start id="299" timestamp="2019-06-16T18:46:28.273" intervalms="46.276">
  <response-info timems="0.033" idlems="0.017" threads="1" lastid="0000000001E04400" lastname="PmdThread 3" />
</exclusive-start>
<allocation-taxation id="300" taxation-threshold="14680064" timestamp="2019-06-16T18:46:28.273" intervalms="46.282" />
<cycle-start id="301" type="partial gc" contextid="0" timestamp="2019-06-16T18:46:28.274" intervalms="46.295" />
<gc-start id="302" type="partial gc" contextid="301" timestamp="2019-06-16T18:46:28.274">
  <mem-info id="303" free="4194304" total="31457280" percent="13">
    <mem type="eden" free="0" total="14680064" percent="0" />
    <remembered-set count="15520" freebytes="1193600" totalbytes="1255680" percent="95" regionsoverflowed="0" regionsstable="0" regionsrebuilding="0"/>
  </mem-info>
</gc-start>
<allocation-stats totalBytes="14676872" >
  <allocated-bytes non-tlh="0" tlh="14676872" arrayletleaf="0"/>
  <largest-consumer threadName="PmdThread 2" threadId="0000000001DFC800" bytes="5786456" />
</allocation-stats>
<gc-op id="304" type="copy forward" timems="6.256" contextid="301" timestamp="2019-06-16T18:46:28.281">
  <memory-copied type="eden" objects="69614" bytes="2976296" bytesdiscarded="106848" />
  <memory-copied type="other" objects="15066" bytes="906856" bytesdiscarded="111024" />
  <memory-cardclean objects="3618" bytes="204272" />
  <regions eden="14" other="3" />
  <remembered-set-cleared processed="13127" cleared="6213" durationms="0.128" />
  <finalization candidates="6" enqueued="0" />
  <references type="soft" candidates="32" cleared="0" enqueued="0" dynamicThreshold="19" maxThreshold="32" />
  <references type="weak" candidates="426" cleared="0" enqueued="0" />
  <references type="phantom" candidates="63" cleared="0" enqueued="0" />
  <stringconstants candidates="4997" cleared="0"  />
  <heap-resize type="expand" space="default" amount="2097152" count="2" timems="0.146" reason="continue current collection" />
</gc-op>
<gc-op id="305" type="classunload" timems="0.003" contextid="301" timestamp="2019-06-16T18:46:28.281">
  <classunload-info classloadercandidates="10" classloadersunloaded="0" classesunloaded="0" anonymousclassesunloaded="0" quiescems="0.000" setupms="0.002" scanms="0.000" postms="0.000" />
</gc-op>
<gc-end id="306" type="partial gc" contextid="301" durationms="7.184" usertimems="12.000" systemtimems="4.000" timestamp="2019-06-16T18:46:28.281" activeThreads="4">
  <mem-info id="307" free="17825792" total="33554432" percent="53">
    <mem type="eden" free="1100408" total="4194304" percent="26" />
    <remembered-set count="17248" freebytes="1270400" totalbytes="1339392" percent="94" regionsoverflowed="0" regionsstable="0" regionsrebuilding="0"/>
  </mem-info>
</gc-end>
<cycle-end id="308" type="partial gc" contextid="301" timestamp="2019-06-16T18:46:28.281" />
  <attribute name="elasticGC enabled" value="1" />
  <attribute name= "numThreadsSpecified" value="4" />
  <attribute name="heapSize specified" value="0" />
  <attribute name="Current GC Util" value="63" />
  <attribute name= "Current Time Running" value="1889" />
  <attribute name ="GC Interval" value="0" />
  <attribute name="ProportionalT" value="43.000000" />
  <attribute name="ProportionalI" value="43.000000" />
  <attribute name="ProportionalH" value="43.000000" />
  <attribute name="Current Error" value="43.000000" />
  <attribute name="IntegralT" value="43.000000" />
  <attribute name="IntegralI" value="43.000000" />
  <attribute name="IntegralH" value="43.000000" />
  <attribute name="DerivativeT" value="21.500000" />
  <attribute name="DerivativeI" value="21.500000" />
  <attribute name="DerivativeH" value="21.500000" />
  <attribute name="Loop Time for DT" value="1.000000" />
  <attribute name="Output H" value="8388608"/>
  <attribute name="Output I" value="200"/>
  <attribute name="Output T" value="4"/>
  <attribute name="Target GC Util Change" value ="20.000000" />
  <attribute name="Current GC Util Change" value="63.000000"/>
  <attribute name="GC Util currently" value="63" />
  <attribute name="CPU Util currently" value="20819406950477" />
<exclusive-end id="309" timestamp="2019-06-16T18:46:28.281" durationms="7.945" />

<exclusive-start id="310" timestamp="2019-06-16T18:46:28.316" intervalms="42.537">
  <response-info timems="0.042" idlems="0.042" threads="0" lastid="0000000001E08000" lastname="PmdThread 4" />
</exclusive-start>
<allocation-taxation id="311" taxation-threshold="14680064" timestamp="2019-06-16T18:46:28.316" intervalms="42.537" />
<cycle-start id="312" type="partial gc" contextid="0" timestamp="2019-06-16T18:46:28.316" intervalms="42.607" />
<gc-start id="313" type="partial gc" contextid="312" timestamp="2019-06-16T18:46:28.316">
  <mem-info id="314" free="3145728" total="33554432" percent="9">
    <mem type="eden" free="0" total="14680064" percent="0" />
    <remembered-set count="16992" freebytes="1271424" totalbytes="1339392" percent="94" regionsoverflowed="0" regionsstable="0" regionsrebuilding="0"/>
  </mem-info>
</gc-start>
<allocation-stats totalBytes="14656600" >
  <allocated-bytes non-tlh="0" tlh="14656600" arrayletleaf="0"/>
  <largest-consumer threadName="PmdThread 4" threadId="0000000001E08000" bytes="5559144" />
</allocation-stats>
<gc-op id="315" type="copy forward" timems="13.798" contextid="312" timestamp="2019-06-16T18:46:28.331">
  <memory-copied type="eden" objects="51885" bytes="2032760" bytesdiscarded="48" />
  <memory-copied type="other" objects="67095" bytes="2947888" bytesdiscarded="0" />
  <memory-cardclean objects="5387" bytes="286312" />
  <regions eden="14" other="5" />
  <remembered-set-cleared processed="11534" cleared="6223" durationms="0.169" />
  <references type="soft" candidates="3" cleared="0" enqueued="0" dynamicThreshold="17" maxThreshold="32" />
  <references type="weak" candidates="205" cleared="0" enqueued="0" />
  <references type="phantom" candidates="17" cleared="0" enqueued="0" />
  <stringconstants candidates="4997" cleared="0"  />
  <heap-resize type="expand" space="default" amount="3145728" count="3" timems="0.182" reason="continue current collection" />
</gc-op>
<gc-op id="316" type="classunload" timems="0.002" contextid="312" timestamp="2019-06-16T18:46:28.331">
  <classunload-info classloadercandidates="10" classloadersunloaded="0" classesunloaded="0" anonymousclassesunloaded="0" quiescems="0.000" setupms="0.002" scanms="0.000" postms="0.000" />
</gc-op>
<gc-op id="317" type="compact" timems="1.149" contextid="312" timestamp="2019-06-16T18:46:28.332">
  <compact-info movecount="0" movebytes="0" />
  <remembered-set-cleared processed="28694" cleared="6223" durationms="0.169" />
</gc-op>
<heap-resize id="318" type="expand" space="default" amount="5242880" count="1" timems="0.085" reason="excessive time being spent in gc" timestamp="2019-06-16T18:46:28.333" />
<gc-end id="319" type="partial gc" contextid="312" durationms="16.384" usertimems="12.000" systemtimems="4.000" timestamp="2019-06-16T18:46:28.333" activeThreads="4">
  <mem-info id="320" free="25165824" total="41943040" percent="60">
    <mem type="eden" free="53896" total="2097152" percent="2" />
    <remembered-set count="18976" freebytes="1598336" totalbytes="1674240" percent="95" regionsoverflowed="0" regionsstable="0" regionsrebuilding="0"/>
  </mem-info>
</gc-end>
<cycle-end id="321" type="partial gc" contextid="312" timestamp="2019-06-16T18:46:28.333" />
  <attribute name="elasticGC enabled" value="1" />
  <attribute name= "numThreadsSpecified" value="4" />
  <attribute name="heapSize specified" value="0" />
  <attribute name="Current GC Util" value="0" />
  <attribute name= "Current Time Running" value="1945" />
  <attribute name ="GC Interval" value="0" />
  <attribute name="ProportionalT" value="-20.000000" />
  <attribute name="ProportionalI" value="-20.000000" />
  <attribute name="ProportionalH" value="-20.000000" />
  <attribute name="Current Error" value="-20.000000" />
  <attribute name="IntegralT" value="-280.000000" />
  <attribute name="IntegralI" value="-280.000000" />
  <attribute name="IntegralH" value="-280.000000" />
  <attribute name="DerivativeT" value="-2.178571" />
  <attribute name="DerivativeI" value="-2.178571" />
  <attribute name="DerivativeH" value="-2.178571" />
  <attribute name="Loop Time for DT" value="14.000000" />
  <attribute name="Output H" value="2091843584"/>
  <attribute name="Output I" value="200"/>
  <attribute name="Output T" value="4"/>
  <attribute name="Target GC Util Change" value ="20.000000" />
  <attribute name="Current GC Util Change" value="0.000000"/>
  <attribute name="GC Util currently" value="0" />
  <attribute name="CPU Util currently" value="324288933975" />
<exclusive-end id="322" timestamp="2019-06-16T18:46:28.333" durationms="17.215" />

<exclusive-start id="323" timestamp="2019-06-16T18:46:28.370" intervalms="53.990">
  <response-info timems="0.033" idlems="0.033" threads="0" lastid="0000000001E08000" lastname="PmdThread 4" />
</exclusive-start>
<allocation-taxation id="324" taxation-threshold="16777216" timestamp="2019-06-16T18:46:28.370" intervalms="54.024" />
<cycle-start id="325" type="partial gc" contextid="0" timestamp="2019-06-16T18:46:28.370" intervalms="53.973" />
<gc-start id="326" type="partial gc" contextid="325" timestamp="2019-06-16T18:46:28.370">
  <mem-info id="327" free="8388608" total="41943040" percent="20">
    <mem type="eden" free="0" total="16777216" percent="0" />
    <remembered-set count="18976" freebytes="1598336" totalbytes="1674240" percent="95" regionsoverflowed="0" regionsstable="0" regionsrebuilding="0"/>
  </mem-info>
</gc-start>
<allocation-stats totalBytes="16770296" >
  <allocated-bytes non-tlh="145352" tlh="16624944" arrayletleaf="0"/>
  <largest-consumer threadName="PmdThread 4" threadId="0000000001E08000" bytes="7002264" />
</allocation-stats>
<gc-op id="328" type="copy forward" timems="12.049" contextid="325" timestamp="2019-06-16T18:46:28.383">
  <memory-copied type="eden" objects="44273" bytes="1921840" bytesdiscarded="16" />
  <memory-copied type="other" objects="55825" bytes="2069616" bytesdiscarded="0" />
  <memory-cardclean objects="18551" bytes="863080" />
  <regions eden="16" other="3" />
  <remembered-set-cleared processed="16465" cleared="6605" durationms="0.185" />
  <finalization candidates="2" enqueued="0" />
  <references type="weak" candidates="342" cleared="0" enqueued="0" />
  <references type="phantom" candidates="45" cleared="0" enqueued="0" />
  <stringconstants candidates="4998" cleared="0"  />
</gc-op>
<gc-op id="329" type="classunload" timems="0.003" contextid="325" timestamp="2019-06-16T18:46:28.383">
  <classunload-info classloadercandidates="10" classloadersunloaded="0" classesunloaded="0" anonymousclassesunloaded="0" quiescems="0.000" setupms="0.003" scanms="0.000" postms="0.000" />
</gc-op>
<heap-resize id="330" type="expand" space="default" amount="5242880" count="1" timems="0.087" reason="excessive time being spent in gc" timestamp="2019-06-16T18:46:28.384" />
<gc-end id="331" type="partial gc" contextid="325" durationms="13.305" usertimems="16.000" systemtimems="0.000" timestamp="2019-06-16T18:46:28.384" activeThreads="1">
  <mem-info id="332" free="28311552" total="47185920" percent="60">
    <mem type="eden" free="172040" total="2097152" percent="8" />
    <remembered-set count="24832" freebytes="1784192" totalbytes="1883520" percent="94" regionsoverflowed="0" regionsstable="0" regionsrebuilding="0"/>
  </mem-info>
</gc-end>
<cycle-end id="333" type="partial gc" contextid="325" timestamp="2019-06-16T18:46:28.384" />
  <attribute name="elasticGC enabled" value="1" />
  <attribute name= "numThreadsSpecified" value="1" />
  <attribute name="heapSize specified" value="0" />
  <attribute name="Current GC Util" value="59" />
  <attribute name= "Current Time Running" value="1985" />
  <attribute name ="GC Interval" value="0" />
  <attribute name="ProportionalT" value="39.000000" />
  <attribute name="ProportionalI" value="39.000000" />
  <attribute name="ProportionalH" value="39.000000" />
  <attribute name="Current Error" value="39.000000" />
  <attribute name="IntegralT" value="0.000000" />
  <attribute name="IntegralI" value="0.000000" />
  <attribute name="IntegralH" value="0.000000" />
  <attribute name="DerivativeT" value="inf" />
  <attribute name="DerivativeI" value="inf" />
  <attribute name="DerivativeH" value="inf" />
  <attribute name="Loop Time for DT" value="0.000000" />
  <attribute name="Output H" value="8388608"/>
  <attribute name="Output I" value="200"/>
  <attribute name="Output T" value="1"/>
  <attribute name="Target GC Util Change" value ="20.000000" />
  <attribute name="Current GC Util Change" value="59.000000"/>
  <attribute name="GC Util currently" value="59" />
  <attribute name="CPU Util currently" value="20021125259585" />
<exclusive-end id="334" timestamp="2019-06-16T18:46:28.384" durationms="14.186" />

<exclusive-start id="335" timestamp="2019-06-16T18:46:28.429" intervalms="58.909">
  <response-info timems="0.037" idlems="0.034" threads="1" lastid="0000000001E08000" lastname="PmdThread 4" />
</exclusive-start>
<allocation-taxation id="336" taxation-threshold="18874368" timestamp="2019-06-16T18:46:28.429" intervalms="58.880" />
<cycle-start id="337" type="partial gc" contextid="0" timestamp="2019-06-16T18:46:28.429" intervalms="58.856" />
<gc-start id="338" type="partial gc" contextid="337" timestamp="2019-06-16T18:46:28.429">
  <mem-info id="339" free="9437184" total="47185920" percent="20">
    <mem type="eden" free="0" total="18874368" percent="0" />
    <remembered-set count="24640" freebytes="1784960" totalbytes="1883520" percent="94" regionsoverflowed="0" regionsstable="0" regionsrebuilding="0"/>
  </mem-info>
</gc-start>
<allocation-stats totalBytes="18864056" >
  <allocated-bytes non-tlh="25240" tlh="18838816" arrayletleaf="0"/>
  <largest-consumer threadName="PmdThread 2" threadId="0000000001DFC800" bytes="6550712" />
</allocation-stats>
<gc-op id="340" type="copy forward" timems="12.947" contextid="337" timestamp="2019-06-16T18:46:28.443">
  <memory-copied type="eden" objects="64410" bytes="2812616" bytesdiscarded="24" />
  <memory-copied type="other" objects="39474" bytes="1779056" bytesdiscarded="24" />
  <memory-cardclean objects="8808" bytes="456336" />
  <regions eden="18" other="3" />
  <remembered-set-cleared processed="21248" cleared="6032" durationms="0.235" />
  <finalization candidates="6" enqueued="0" />
  <ownableSynchronizers candidates="7" cleared="0" />
  <references type="weak" candidates="564" cleared="0" enqueued="0" />
  <references type="phantom" candidates="31" cleared="0" enqueued="0" />
  <stringconstants candidates="5053" cleared="0"  />
</gc-op>
<gc-op id="341" type="classunload" timems="0.003" contextid="337" timestamp="2019-06-16T18:46:28.443">
  <classunload-info classloadercandidates="10" classloadersunloaded="0" classesunloaded="0" anonymousclassesunloaded="0" quiescems="0.000" setupms="0.003" scanms="0.000" postms="0.000" />
</gc-op>
<heap-resize id="342" type="expand" space="default" amount="8388608" count="1" timems="0.097" reason="excessive time being spent in gc" timestamp="2019-06-16T18:46:28.443" />
<gc-end id="343" type="partial gc" contextid="337" durationms="14.188" usertimems="16.000" systemtimems="0.000" timestamp="2019-06-16T18:46:28.443" activeThreads="1">
  <mem-info id="344" free="33554432" total="55574528" percent="60">
    <mem type="eden" free="329440" total="3145728" percent="10" />
    <remembered-set count="27840" freebytes="2107008" totalbytes="2218368" percent="94" regionsoverflowed="0" regionsstable="0" regionsrebuilding="0"/>
  </mem-info>
</gc-end>
<cycle-end id="345" type="partial gc" contextid="337" timestamp="2019-06-16T18:46:28.443" />
  <attribute name="elasticGC enabled" value="1" />
  <attribute name= "numThreadsSpecified" value="1" />
  <attribute name="heapSize specified" value="0" />
  <attribute name="Current GC Util" value="66" />
  <attribute name= "Current Time Running" value="2044" />
  <attribute name ="GC Interval" value="0" />
  <attribute name="ProportionalT" value="46.000000" />
  <attribute name="ProportionalI" value="46.000000" />
  <attribute name="ProportionalH" value="46.000000" />
  <attribute name="Current Error" value="46.000000" />
  <attribute name="IntegralT" value="0.000000" />
  <attribute name="IntegralI" value="0.000000" />
  <attribute name="IntegralH" value="0.000000" />
  <attribute name="DerivativeT" value="inf" />
  <attribute name="DerivativeI" value="inf" />
  <attribute name="DerivativeH" value="inf" />
  <attribute name="Loop Time for DT" value="0.000000" />
  <attribute name="Output H" value="8388608"/>
  <attribute name="Output I" value="200"/>
  <attribute name="Output T" value="1"/>
  <attribute name="Target GC Util Change" value ="20.000000" />
  <attribute name="Current GC Util Change" value="66.000000"/>
  <attribute name="GC Util currently" value="66" />
  <attribute name="CPU Util currently" value="19891675349768" />
<exclusive-end id="346" timestamp="2019-06-16T18:46:28.444" durationms="14.942" />

<exclusive-start id="347" timestamp="2019-06-16T18:46:28.495" intervalms="66.060">
  <response-info timems="0.080" idlems="0.080" threads="0" lastid="0000000001E04400" lastname="PmdThread 3" />
</exclusive-start>
<allocation-taxation id="348" taxation-threshold="20971520" timestamp="2019-06-16T18:46:28.495" intervalms="66.119" />
<cycle-start id="349" type="partial gc" contextid="0" timestamp="2019-06-16T18:46:28.495" intervalms="66.158" />
<gc-start id="350" type="partial gc" contextid="349" timestamp="2019-06-16T18:46:28.495">
  <mem-info id="351" free="12582912" total="55574528" percent="22">
    <mem type="eden" free="0" total="20971520" percent="0" />
    <remembered-set count="27808" freebytes="2107136" totalbytes="2218368" percent="94" regionsoverflowed="0" regionsstable="0" regionsrebuilding="0"/>
  </mem-info>
</gc-start>
<allocation-stats totalBytes="20965856" >
  <allocated-bytes non-tlh="7320" tlh="20958536" arrayletleaf="0"/>
  <largest-consumer threadName="PmdThread 3" threadId="0000000001E04400" bytes="11306312" />
</allocation-stats>
<gc-op id="352" type="copy forward" timems="21.548" contextid="349" timestamp="2019-06-16T18:46:28.517">
  <memory-copied type="eden" objects="108635" bytes="4179896" bytesdiscarded="24" />
  <memory-copied type="other" objects="68801" bytes="2712904" bytesdiscarded="24" />
  <memory-cardclean objects="10755" bytes="609592" />
  <regions eden="20" other="4" />
  <remembered-set-cleared processed="25086" cleared="6579" durationms="0.259" />
  <references type="soft" candidates="1" cleared="0" enqueued="0" dynamicThreshold="19" maxThreshold="32" />
  <references type="weak" candidates="321" cleared="0" enqueued="0" />
  <references type="phantom" candidates="104" cleared="0" enqueued="0" />
  <stringconstants candidates="5085" cleared="0"  />
</gc-op>
<gc-op id="353" type="classunload" timems="0.004" contextid="349" timestamp="2019-06-16T18:46:28.518">
  <classunload-info classloadercandidates="10" classloadersunloaded="0" classesunloaded="0" anonymousclassesunloaded="0" quiescems="0.000" setupms="0.003" scanms="0.000" postms="0.000" />
</gc-op>
<heap-resize id="354" type="expand" space="default" amount="10485760" count="1" timems="0.112" reason="excessive time being spent in gc" timestamp="2019-06-16T18:46:28.518" />
<gc-end id="355" type="partial gc" contextid="349" durationms="22.798" usertimems="16.000" systemtimems="4.000" timestamp="2019-06-16T18:46:28.518" activeThreads="1">
  <mem-info id="356" free="39845888" total="66060288" percent="60">
    <mem type="eden" free="10888" total="4194304" percent="0" />
    <remembered-set count="40480" freebytes="2475008" totalbytes="2636928" percent="93" regionsoverflowed="0" regionsstable="0" regionsrebuilding="0"/>
  </mem-info>
</gc-end>
<cycle-end id="357" type="partial gc" contextid="349" timestamp="2019-06-16T18:46:28.518" />
  <attribute name="elasticGC enabled" value="1" />
  <attribute name= "numThreadsSpecified" value="1" />
  <attribute name="heapSize specified" value="0" />
  <attribute name="Current GC Util" value="63" />
  <attribute name= "Current Time Running" value="2110" />
  <attribute name ="GC Interval" value="0" />
  <attribute name="ProportionalT" value="43.000000" />
  <attribute name="ProportionalI" value="43.000000" />
  <attribute name="ProportionalH" value="43.000000" />
  <attribute name="Current Error" value="43.000000" />
  <attribute name="IntegralT" value="0.000000" />
  <attribute name="IntegralI" value="0.000000" />
  <attribute name="IntegralH" value="0.000000" />
  <attribute name="DerivativeT" value="inf" />
  <attribute name="DerivativeI" value="inf" />
  <attribute name="DerivativeH" value="inf" />
  <attribute name="Loop Time for DT" value="0.000000" />
  <attribute name="Output H" value="8388608"/>
  <attribute name="Output I" value="200"/>
  <attribute name="Output T" value="1"/>
  <attribute name="Target GC Util Change" value ="20.000000" />
  <attribute name="Current GC Util Change" value="63.000000"/>
  <attribute name="GC Util currently" value="63" />
  <attribute name="CPU Util currently" value="20242052139284" />
<exclusive-end id="358" timestamp="2019-06-16T18:46:28.519" durationms="23.856" />

<exclusive-start id="359" timestamp="2019-06-16T18:46:28.561" intervalms="66.207">
  <response-info timems="0.027" idlems="0.027" threads="0" lastid="0000000001DF8C00" lastname="PmdThread 1" />
</exclusive-start>
<allocation-taxation id="360" taxation-threshold="23068672" timestamp="2019-06-16T18:46:28.561" intervalms="66.146" />
<cycle-start id="361" type="partial gc" contextid="0" timestamp="2019-06-16T18:46:28.561" intervalms="66.104" />
<gc-start id="362" type="partial gc" contextid="361" timestamp="2019-06-16T18:46:28.561">
  <mem-info id="363" free="16777216" total="66060288" percent="25">
    <mem type="eden" free="0" total="23068672" percent="0" />
    <remembered-set count="40096" freebytes="2476544" totalbytes="2636928" percent="93" regionsoverflowed="0" regionsstable="0" regionsrebuilding="0"/>
  </mem-info>
</gc-start>
<allocation-stats totalBytes="23060216" >
  <allocated-bytes non-tlh="4536" tlh="23055680" arrayletleaf="0"/>
  <largest-consumer threadName="PmdThread 3" threadId="0000000001E04400" bytes="8524336" />
</allocation-stats>
<gc-op id="364" type="copy forward" timems="18.168" contextid="361" timestamp="2019-06-16T18:46:28.580">
  <memory-copied type="eden" objects="37668" bytes="1566616" bytesdiscarded="0" />
  <memory-copied type="other" objects="109932" bytes="4025248" bytesdiscarded="56" />
  <memory-cardclean objects="39050" bytes="2049960" />
  <regions eden="22" other="5" />
  <remembered-set-cleared processed="33603" cleared="14762" durationms="0.329" />
  <references type="soft" candidates="87" cleared="0" enqueued="0" dynamicThreshold="19" maxThreshold="32" />
  <references type="weak" candidates="333" cleared="0" enqueued="0" />
  <references type="phantom" candidates="126" cleared="0" enqueued="0" />
  <stringconstants candidates="5096" cleared="0"  />
</gc-op>
<gc-op id="365" type="classunload" timems="0.003" contextid="361" timestamp="2019-06-16T18:46:28.580">
  <classunload-info classloadercandidates="10" classloadersunloaded="0" classesunloaded="0" anonymousclassesunloaded="0" quiescems="0.000" setupms="0.003" scanms="0.000" postms="0.000" />
</gc-op>
<heap-resize id="366" type="expand" space="default" amount="5242880" count="1" timems="0.080" reason="excessive time being spent in gc" timestamp="2019-06-16T18:46:28.581" />
<gc-end id="367" type="partial gc" contextid="361" durationms="19.395" usertimems="20.000" systemtimems="0.000" timestamp="2019-06-16T18:46:28.581" activeThreads="1">
  <mem-info id="368" free="42991616" total="71303168" percent="60">
    <mem type="eden" free="527272" total="2097152" percent="25" />
    <remembered-set count="47264" freebytes="2657152" totalbytes="2846208" percent="93" regionsoverflowed="0" regionsstable="0" regionsrebuilding="0"/>
  </mem-info>
</gc-end>
<cycle-end id="369" type="partial gc" contextid="361" timestamp="2019-06-16T18:46:28.581" />
  <attribute name="elasticGC enabled" value="1" />
  <attribute name= "numThreadsSpecified" value="1" />
  <attribute name="heapSize specified" value="0" />
  <attribute name="Current GC Util" value="69" />
  <attribute name= "Current Time Running" value="2176" />
  <attribute name ="GC Interval" value="0" />
  <attribute name="ProportionalT" value="49.000000" />
  <attribute name="ProportionalI" value="49.000000" />
  <attribute name="ProportionalH" value="49.000000" />
  <attribute name="Current Error" value="49.000000" />
  <attribute name="IntegralT" value="0.000000" />
  <attribute name="IntegralI" value="0.000000" />
  <attribute name="IntegralH" value="0.000000" />
  <attribute name="DerivativeT" value="inf" />
  <attribute name="DerivativeI" value="inf" />
  <attribute name="DerivativeH" value="inf" />
  <attribute name="Loop Time for DT" value="0.000000" />
  <attribute name="Output H" value="8388608"/>
  <attribute name="Output I" value="200"/>
  <attribute name="Output T" value="1"/>
  <attribute name="Target GC Util Change" value ="20.000000" />
  <attribute name="Current GC Util Change" value="69.000000"/>
  <attribute name="GC Util currently" value="69" />
  <attribute name="CPU Util currently" value="19361537995890" />
<exclusive-end id="370" timestamp="2019-06-16T18:46:28.581" durationms="20.123" />

<exclusive-start id="371" timestamp="2019-06-16T18:46:28.629" intervalms="67.857">
  <response-info timems="0.293" idlems="0.173" threads="3" lastid="0000000001E08000" lastname="PmdThread 4" />
</exclusive-start>
<allocation-taxation id="372" taxation-threshold="24117248" timestamp="2019-06-16T18:46:28.629" intervalms="67.903" />
<cycle-start id="373" type="partial gc" contextid="0" timestamp="2019-06-16T18:46:28.629" intervalms="67.894" />
<gc-start id="374" type="partial gc" contextid="373" timestamp="2019-06-16T18:46:28.629">
  <mem-info id="375" free="18874368" total="71303168" percent="26">
    <mem type="eden" free="0" total="24117248" percent="0" />
    <remembered-set count="46784" freebytes="2659072" totalbytes="2846208" percent="93" regionsoverflowed="0" regionsstable="0" regionsrebuilding="0"/>
  </mem-info>
</gc-start>
<allocation-stats totalBytes="24103208" >
  <allocated-bytes non-tlh="446448" tlh="23656760" arrayletleaf="0"/>
  <largest-consumer threadName="PmdThread 3" threadId="0000000001E04400" bytes="9954000" />
</allocation-stats>
<gc-op id="376" type="copy forward" timems="12.893" contextid="373" timestamp="2019-06-16T18:46:28.643">
  <memory-copied type="eden" objects="50369" bytes="2185448" bytesdiscarded="40" />
  <memory-copied type="other" objects="48689" bytes="1890224" bytesdiscarded="56" />
  <memory-cardclean objects="37630" bytes="1734528" />
  <regions eden="23" other="3" />
  <remembered-set-cleared processed="39896" cleared="9241" durationms="0.405" />
  <references type="soft" candidates="29" cleared="0" enqueued="0" dynamicThreshold="19" maxThreshold="32" />
  <references type="weak" candidates="467" cleared="0" enqueued="0" />
  <references type="phantom" candidates="71" cleared="0" enqueued="0" />
  <stringconstants candidates="5115" cleared="0"  />
</gc-op>
<gc-op id="377" type="classunload" timems="0.003" contextid="373" timestamp="2019-06-16T18:46:28.643">
  <classunload-info classloadercandidates="10" classloadersunloaded="0" classesunloaded="0" anonymousclassesunloaded="0" quiescems="0.000" setupms="0.003" scanms="0.000" postms="0.000" />
</gc-op>
<heap-resize id="378" type="expand" space="default" amount="7340032" count="1" timems="0.089" reason="excessive time being spent in gc" timestamp="2019-06-16T18:46:28.643" />
<gc-end id="379" type="partial gc" contextid="373" durationms="14.072" usertimems="12.000" systemtimems="0.000" timestamp="2019-06-16T18:46:28.643" activeThreads="1">
  <mem-info id="380" free="47185920" total="78643200" percent="60">
    <mem type="eden" free="950904" total="3145728" percent="30" />
    <remembered-set count="54784" freebytes="2920064" totalbytes="3139200" percent="93" regionsoverflowed="0" regionsstable="0" regionsrebuilding="0"/>
  </mem-info>
</gc-end>
<cycle-end id="381" type="partial gc" contextid="373" timestamp="2019-06-16T18:46:28.644" />
  <attribute name="elasticGC enabled" value="1" />
  <attribute name= "numThreadsSpecified" value="1" />
  <attribute name="heapSize specified" value="0" />
  <attribute name="Current GC Util" value="71" />
  <attribute name= "Current Time Running" value="2244" />
  <attribute name ="GC Interval" value="0" />
  <attribute name="ProportionalT" value="51.000000" />
  <attribute name="ProportionalI" value="51.000000" />
  <attribute name="ProportionalH" value="51.000000" />
  <attribute name="Current Error" value="51.000000" />
  <attribute name="IntegralT" value="0.000000" />
  <attribute name="IntegralI" value="0.000000" />
  <attribute name="IntegralH" value="0.000000" />
  <attribute name="DerivativeT" value="inf" />
  <attribute name="DerivativeI" value="inf" />
  <attribute name="DerivativeH" value="inf" />
  <attribute name="Loop Time for DT" value="0.000000" />
  <attribute name="Output H" value="8388608"/>
  <attribute name="Output I" value="200"/>
  <attribute name="Output T" value="1"/>
  <attribute name="Target GC Util Change" value ="20.000000" />
  <attribute name="Current GC Util Change" value="71.000000"/>
  <attribute name="GC Util currently" value="71" />
  <attribute name="CPU Util currently" value="19030917077330" />
<exclusive-end id="382" timestamp="2019-06-16T18:46:28.644" durationms="14.841" />

<exclusive-start id="383" timestamp="2019-06-16T18:46:28.685" intervalms="55.830">
  <response-info timems="0.332" idlems="0.201" threads="1" lastid="0000000001DFC800" lastname="PmdThread 2" />
</exclusive-start>
<allocation-taxation id="384" taxation-threshold="26214400" timestamp="2019-06-16T18:46:28.685" intervalms="55.780" />
<cycle-start id="385" type="partial gc" contextid="0" timestamp="2019-06-16T18:46:28.685" intervalms="55.794" />
<gc-start id="386" type="partial gc" contextid="385" timestamp="2019-06-16T18:46:28.685">
  <mem-info id="387" free="20971520" total="78643200" percent="26">
    <mem type="eden" free="0" total="26214400" percent="0" />
    <remembered-set count="54304" freebytes="2921984" totalbytes="3139200" percent="93" regionsoverflowed="0" regionsstable="0" regionsrebuilding="0"/>
  </mem-info>
</gc-start>
<allocation-stats totalBytes="26197112" >
  <allocated-bytes non-tlh="9544" tlh="26187568" arrayletleaf="0"/>
  <largest-consumer threadName="PmdThread 3" threadId="0000000001E04400" bytes="11544968" />
</allocation-stats>
<gc-op id="388" type="copy forward" timems="13.726" contextid="385" timestamp="2019-06-16T18:46:28.700">
  <memory-copied type="eden" objects="9555" bytes="678544" bytesdiscarded="0" />
  <memory-copied type="other" objects="43510" bytes="1912696" bytesdiscarded="8" />
  <memory-cardclean objects="107493" bytes="5933136" />
  <memory-traced type="eden" objects="2453" bytes="109600" />
  <memory-traced type="other" objects="0" bytes="0" />
  <regions eden="25" other="4" evacuated="28" marked="1" />
  <remembered-set-cleared processed="34165" cleared="15571" durationms="0.322" />
  <references type="soft" candidates="12" cleared="0" enqueued="0" dynamicThreshold="19" maxThreshold="32" />
  <references type="weak" candidates="829" cleared="0" enqueued="0" />
  <references type="phantom" candidates="104" cleared="0" enqueued="0" />
  <stringconstants candidates="5129" cleared="0"  />
</gc-op>
<gc-op id="389" type="classunload" timems="0.004" contextid="385" timestamp="2019-06-16T18:46:28.700">
  <classunload-info classloadercandidates="10" classloadersunloaded="0" classesunloaded="0" anonymousclassesunloaded="0" quiescems="0.000" setupms="0.002" scanms="0.000" postms="0.000" />
</gc-op>
<gc-op id="390" type="sweep" timems="0.490" contextid="385" timestamp="2019-06-16T18:46:28.700" />
<gc-op id="391" type="compact" timems="1.006" contextid="385" timestamp="2019-06-16T18:46:28.702">
  <compact-info movecount="0" movebytes="0" />
  <remembered-set-cleared processed="89377" cleared="15571" durationms="0.322" />
</gc-op>
<heap-resize id="392" type="expand" space="default" amount="3145728" count="1" timems="0.066" reason="excessive time being spent in gc" timestamp="2019-06-16T18:46:28.702" />
<gc-end id="393" type="partial gc" contextid="385" durationms="16.714" usertimems="20.000" systemtimems="4.000" timestamp="2019-06-16T18:46:28.702" activeThreads="4">
  <mem-info id="394" free="49283072" total="81788928" percent="60">
    <mem type="eden" free="365824" total="2097152" percent="17" />
    <remembered-set count="56800" freebytes="3037568" totalbytes="3264768" percent="93" regionsoverflowed="0" regionsstable="0" regionsrebuilding="0"/>
  </mem-info>
</gc-end>
<cycle-end id="395" type="partial gc" contextid="385" timestamp="2019-06-16T18:46:28.702" />
  <attribute name="elasticGC enabled" value="1" />
  <attribute name= "numThreadsSpecified" value="4" />
  <attribute name="heapSize specified" value="0" />
  <attribute name="Current GC Util" value="32" />
  <attribute name= "Current Time Running" value="2315" />
  <attribute name ="GC Interval" value="0" />
  <attribute name="ProportionalT" value="12.000000" />
  <attribute name="ProportionalI" value="12.000000" />
  <attribute name="ProportionalH" value="12.000000" />
  <attribute name="Current Error" value="12.000000" />
  <attribute name="IntegralT" value="12.000000" />
  <attribute name="IntegralI" value="12.000000" />
  <attribute name="IntegralH" value="12.000000" />
  <attribute name="DerivativeT" value="6.000000" />
  <attribute name="DerivativeI" value="6.000000" />
  <attribute name="DerivativeH" value="6.000000" />
  <attribute name="Loop Time for DT" value="1.000000" />
  <attribute name="Output H" value="8388608"/>
  <attribute name="Output I" value="200"/>
  <attribute name="Output T" value="4"/>
  <attribute name="Target GC Util Change" value ="20.000000" />
  <attribute name="Current GC Util Change" value="32.000000"/>
  <attribute name="GC Util currently" value="32" />
  <attribute name="CPU Util currently" value="6805038330854" />
<exclusive-end id="396" timestamp="2019-06-16T18:46:28.702" durationms="17.347" />

<exclusive-start id="397" timestamp="2019-06-16T18:46:28.752" intervalms="66.952">
  <response-info timems="0.039" idlems="0.039" threads="0" lastid="0000000001E04400" lastname="PmdThread 3" />
</exclusive-start>
<allocation-taxation id="398" taxation-threshold="27262976" timestamp="2019-06-16T18:46:28.752" intervalms="67.052" />
<cycle-start id="399" type="partial gc" contextid="0" timestamp="2019-06-16T18:46:28.752" intervalms="67.165" />
<gc-start id="400" type="partial gc" contextid="399" timestamp="2019-06-16T18:46:28.752">
  <mem-info id="401" free="22020096" total="81788928" percent="26">
    <mem type="eden" free="0" total="28311552" percent="0" />
    <remembered-set count="56800" freebytes="3037568" totalbytes="3264768" percent="93" regionsoverflowed="0" regionsstable="0" regionsrebuilding="0"/>
  </mem-info>
</gc-start>
<allocation-stats totalBytes="27238136" >
  <allocated-bytes non-tlh="3704" tlh="27234432" arrayletleaf="0"/>
  <largest-consumer threadName="PmdThread 3" threadId="0000000001E04400" bytes="10968344" />
</allocation-stats>
<gc-op id="402" type="copy forward" timems="8.931" contextid="399" timestamp="2019-06-16T18:46:28.762">
  <memory-copied type="eden" objects="24832" bytes="1171232" bytesdiscarded="8" />
  <memory-copied type="other" objects="34516" bytes="1299200" bytesdiscarded="416" />
  <memory-cardclean objects="26055" bytes="1427864" />
  <regions eden="26" other="3" />
  <remembered-set-cleared processed="52857" cleared="10004" durationms="0.479" />
  <references type="soft" candidates="12" cleared="0" enqueued="0" dynamicThreshold="19" maxThreshold="32" />
  <references type="weak" candidates="827" cleared="0" enqueued="0" />
  <references type="phantom" candidates="56" cleared="0" enqueued="0" />
  <stringconstants candidates="5149" cleared="0"  />
</gc-op>
<gc-op id="403" type="classunload" timems="0.003" contextid="399" timestamp="2019-06-16T18:46:28.762">
  <classunload-info classloadercandidates="10" classloadersunloaded="0" classesunloaded="0" anonymousclassesunloaded="0" quiescems="0.000" setupms="0.003" scanms="0.000" postms="0.000" />
</gc-op>
<heap-resize id="404" type="expand" space="default" amount="2097152" count="1" timems="0.061" reason="excessive time being spent in gc" timestamp="2019-06-16T18:46:28.762" />
<gc-end id="405" type="partial gc" contextid="399" durationms="10.078" usertimems="12.000" systemtimems="0.000" timestamp="2019-06-16T18:46:28.763" activeThreads="1">
  <mem-info id="406" free="50331648" total="83886080" percent="60">
    <mem type="eden" free="913616" total="2097152" percent="43" />
    <remembered-set count="60384" freebytes="3106944" totalbytes="3348480" percent="92" regionsoverflowed="0" regionsstable="0" regionsrebuilding="0"/>
  </mem-info>
</gc-end>
<cycle-end id="407" type="partial gc" contextid="399" timestamp="2019-06-16T18:46:28.763" />
  <attribute name="elasticGC enabled" value="1" />
  <attribute name= "numThreadsSpecified" value="1" />
  <attribute name="heapSize specified" value="0" />
  <attribute name="Current GC Util" value="62" />
  <attribute name= "Current Time Running" value="2367" />
  <attribute name ="GC Interval" value="0" />
  <attribute name="ProportionalT" value="42.000000" />
  <attribute name="ProportionalI" value="42.000000" />
  <attribute name="ProportionalH" value="42.000000" />
  <attribute name="Current Error" value="42.000000" />
  <attribute name="IntegralT" value="0.000000" />
  <attribute name="IntegralI" value="0.000000" />
  <attribute name="IntegralH" value="0.000000" />
  <attribute name="DerivativeT" value="inf" />
  <attribute name="DerivativeI" value="inf" />
  <attribute name="DerivativeH" value="inf" />
  <attribute name="Loop Time for DT" value="0.000000" />
  <attribute name="Output H" value="8388608"/>
  <attribute name="Output I" value="200"/>
  <attribute name="Output T" value="1"/>
  <attribute name="Target GC Util Change" value ="20.000000" />
  <attribute name="Current GC Util Change" value="62.000000"/>
  <attribute name="GC Util currently" value="62" />
  <attribute name="CPU Util currently" value="20112720944876" />
<exclusive-end id="408" timestamp="2019-06-16T18:46:28.763" durationms="11.202" />

<exclusive-start id="409" timestamp="2019-06-16T18:46:28.837" intervalms="85.506">
  <response-info timems="0.100" idlems="0.100" threads="0" lastid="0000000001E04400" lastname="PmdThread 3" />
</exclusive-start>
<allocation-taxation id="410" taxation-threshold="27262976" timestamp="2019-06-16T18:46:28.837" intervalms="85.539" />
<cycle-start id="411" type="partial gc" contextid="0" timestamp="2019-06-16T18:46:28.838" intervalms="85.536" />
<gc-start id="412" type="partial gc" contextid="411" timestamp="2019-06-16T18:46:28.838">
  <mem-info id="413" free="23068672" total="83886080" percent="27">
    <mem type="eden" free="0" total="27262976" percent="0" />
    <remembered-set count="60064" freebytes="3108224" totalbytes="3348480" percent="92" regionsoverflowed="0" regionsstable="0" regionsrebuilding="0"/>
  </mem-info>
</gc-start>
<allocation-stats totalBytes="27233640" >
  <allocated-bytes non-tlh="0" tlh="27233640" arrayletleaf="0"/>
  <largest-consumer threadName="PmdThread 3" threadId="0000000001E04400" bytes="27233640" />
</allocation-stats>
<gc-op id="414" type="copy forward" timems="10.886" contextid="411" timestamp="2019-06-16T18:46:28.850">
  <memory-copied type="eden" objects="1043" bytes="108944" bytesdiscarded="0" />
  <memory-copied type="other" objects="53333" bytes="2228008" bytesdiscarded="200" />
  <memory-cardclean objects="88945" bytes="4205224" />
  <regions eden="26" other="3" />
  <remembered-set-cleared processed="54356" cleared="19226" durationms="0.493" />
  <references type="weak" candidates="806" cleared="0" enqueued="0" />
  <references type="phantom" candidates="30" cleared="0" enqueued="0" />
  <stringconstants candidates="5149" cleared="0"  />
</gc-op>
<gc-op id="415" type="classunload" timems="0.003" contextid="411" timestamp="2019-06-16T18:46:28.850">
  <classunload-info classloadercandidates="10" classloadersunloaded="0" classesunloaded="0" anonymousclassesunloaded="0" quiescems="0.000" setupms="0.003" scanms="0.000" postms="0.000" />
</gc-op>
<heap-resize id="416" type="expand" space="default" amount="3145728" count="1" timems="0.064" reason="excessive time being spent in gc" timestamp="2019-06-16T18:46:28.850" />
<gc-end id="417" type="partial gc" contextid="411" durationms="12.268" usertimems="12.000" systemtimems="0.000" timestamp="2019-06-16T18:46:28.850" activeThreads="1">
  <mem-info id="418" free="52428800" total="87031808" percent="60">
    <mem type="eden" free="937968" total="1048576" percent="89" />
    <remembered-set count="66496" freebytes="3208064" totalbytes="3474048" percent="92" regionsoverflowed="0" regionsstable="0" regionsrebuilding="0"/>
  </mem-info>
</gc-end>
<cycle-end id="419" type="partial gc" contextid="411" timestamp="2019-06-16T18:46:28.850" />
  <attribute name="elasticGC enabled" value="1" />
  <attribute name= "numThreadsSpecified" value="1" />
  <attribute name="heapSize specified" value="0" />
  <attribute name="Current GC Util" value="57" />
  <attribute name= "Current Time Running" value="2453" />
  <attribute name ="GC Interval" value="0" />
  <attribute name="ProportionalT" value="37.000000" />
  <attribute name="ProportionalI" value="37.000000" />
  <attribute name="ProportionalH" value="37.000000" />
  <attribute name="Current Error" value="37.000000" />
  <attribute name="IntegralT" value="0.000000" />
  <attribute name="IntegralI" value="0.000000" />
  <attribute name="IntegralH" value="0.000000" />
  <attribute name="DerivativeT" value="inf" />
  <attribute name="DerivativeI" value="inf" />
  <attribute name="DerivativeH" value="inf" />
  <attribute name="Loop Time for DT" value="0.000000" />
  <attribute name="Output H" value="8388608"/>
  <attribute name="Output I" value="200"/>
  <attribute name="Output T" value="1"/>
  <attribute name="Target GC Util Change" value ="20.000000" />
  <attribute name="Current GC Util Change" value="57.000000"/>
  <attribute name="GC Util currently" value="57" />
  <attribute name="CPU Util currently" value="16166662614108" />
<exclusive-end id="420" timestamp="2019-06-16T18:46:28.851" durationms="13.533" />

</verbosegc>

