<?xml version="1.0" ?>

<verbosegc xmlns="http://www.ibm.com/j9/verbosegc" version="10b4217_CMPRSS">

<initialized id="1" timestamp="2019-06-15T22:52:47.207">
  <attribute name="gcPolicy" value="-Xgcpolicy:optthruput" />
  <attribute name="elasticGC enabled" value="1" />
  <attribute name= "numThreadsSpecified" value="0" />
  <attribute name="heapSize specified" value="0" />
  <attribute name="Current GC Util" value="0" />
  <attribute name= "Current Time Running" value="0" />
  <attribute name ="GC Interval" value="0" />
  <attribute name="ProportionalT" value="0.000000" />
  <attribute name="ProportionalI" value="0.000000" />
  <attribute name="ProportionalH" value="0.000000" />
  <attribute name="IntegralT" value="0.000000" />
  <attribute name="IntegralI" value="0.000000" />
  <attribute name="IntegralH" value="0.000000" />
  <attribute name="DerivativeT" value="0.000000" />
  <attribute name="DerivativeI" value="0.000000" />
  <attribute name="DerivativeH" value="0.000000" />
  <attribute name="Target GC Util Change" value ="0.000000" />
  <attribute name="Current GC Util Change" value="0.000000"/>
  <attribute name="Current Error" value="0.000000" />
  <attribute name="Loop Time for DT" value="0.000000" />
  <attribute name="Output H" value="0"/>
  <attribute name="Output I" value="0"/>
  <attribute name="Output T" value="0"/>
  <attribute name="GC Util currently" value="0" />
  <attribute name="CPU Util currently" value="0" />
  <attribute name="maxHeapSize" value="0x7cbc0000" />
  <attribute name="initialHeapSize" value="0x800000" />
  <attribute name="compressedRefs" value="true" />
  <attribute name="compressedRefsDisplacement" value="0x0" />
  <attribute name="compressedRefsShift" value="0x0" />
  <attribute name="pageSize" value="0x1000" />
  <attribute name="pageType" value="not used" />
  <attribute name="requestedPageSize" value="0x1000" />
  <attribute name="requestedPageType" value="not used" />
  <attribute name="gcthreads" value="4" />
  <attribute name="packetListSplit" value="4" />
  <attribute name="cacheListSplit" value="4" />
  <attribute name="splitFreeListSplitAmount" value="1" />
  <attribute name="numaNodes" value="0" />
  <system>
    <attribute name="physicalMemory" value="8370962432" />
    <attribute name="numCPUs" value="4" />
    <attribute name="architecture" value="amd64" />
    <attribute name="os" value="Linux" />
    <attribute name="osVersion" value="4.4.0-148-generic" />
  </system>
  <vmargs>
    <vmarg name="-Xoptionsfile=/vagrant/jdk/lib/options.default" />
    <vmarg name="-Xlockword:mode=default,noLockword=java/lang/String,noLockword=java/util/MapEntry,noLockword=java/util/HashMap$Entry,noLockword..." />
    <vmarg name="-Xjcl:jclse29" />
    <vmarg name="-Dcom.ibm.oti.vm.bootstrap.library.path=/vagrant/jdk/lib/compressedrefs:/vagrant/jdk/lib" />
    <vmarg name="-Dsun.boot.library.path=/vagrant/jdk/lib/compressedrefs:/vagrant/jdk/lib" />
    <vmarg name="-Djava.library.path=/vagrant/jdk/lib/compressedrefs:/vagrant/jdk/lib:/usr/lib64:/usr/lib" />
    <vmarg name="-Djava.home=/vagrant/jdk" />
    <vmarg name="-Duser.dir=/vagrant" />
    <vmarg name="-Xgcpolicy:optthruput" />
    <vmarg name="-Xgcelastic" />
    <vmarg name="-Xcheck:gc:::elasticGC" />
    <vmarg name="-verbose:gc" />
    <vmarg name="-Xloggc:large-OPTTHRUPUT-jdk-1.5-1-0.5-verbose7sunflow.txt" />
    <vmarg name="-Djava.class.path=dacapo-9.12-MR1-bach.jar" />
    <vmarg name="-Dsun.java.command=dacapo-9.12-MR1-bach.jar sunflow --size=large" />
    <vmarg name="-Dsun.java.launcher=SUN_STANDARD" />
    <vmarg name="-Dsun.java.launcher.pid=23083" />
  </vmargs>
</initialized>

<exclusive-start id="2" timestamp="2019-06-15T22:52:47.889" intervalms="682.254">
  <response-info timems="0.059" idlems="0.059" threads="0" lastid="000000000173C700" lastname="main" />
</exclusive-start>
<af-start id="3" threadId="000000000173D088" totalBytesRequested="16" timestamp="2019-06-15T22:52:47.890" intervalms="682.634" />
<cycle-start id="4" type="global" contextid="0" timestamp="2019-06-15T22:52:47.890" intervalms="682.894" />
<gc-start id="5" type="global" contextid="4" timestamp="2019-06-15T22:52:47.890">
  <mem-info id="6" free="418816" total="8388608" percent="4">
    <mem type="tenure" free="418816" total="8388608" percent="4">
      <mem type="soa" free="0" total="7969792" percent="0" />
      <mem type="loa" free="418816" total="418816" percent="100" />
    </mem>
  </mem-info>
</gc-start>
<allocation-stats totalBytes="7964904" >
  <allocated-bytes non-tlh="2337024" tlh="5627880" />
  <largest-consumer threadName="main" threadId="000000000173C700" bytes="7891472" />
</allocation-stats>
<gc-op id="7" type="mark" timems="13.416" contextid="4" timestamp="2019-06-15T22:52:47.904">
  <trace-info objectcount="30237" scancount="24268" scanbytes="765172" />
  <finalization candidates="125" enqueued="1" />
  <ownableSynchronizers candidates="3" cleared="0" />
  <references type="soft" candidates="131" cleared="0" enqueued="0" dynamicThreshold="32" maxThreshold="32" />
  <references type="weak" candidates="1321" cleared="568" enqueued="478" />
  <references type="phantom" candidates="106" cleared="42" enqueued="42" />
  <stringconstants candidates="3958" cleared="0"  />
</gc-op>
<gc-op id="8" type="classunload" timems="0.089" contextid="4" timestamp="2019-06-15T22:52:47.904">
  <classunload-info classloadercandidates="7" classloadersunloaded="0" classesunloaded="0" anonymousclassesunloaded="0" quiescems="0.000" setupms="0.089" scanms="0.000" postms="0.000" />
</gc-op>
<gc-op id="9" type="sweep" timems="2.267" contextid="4" timestamp="2019-06-15T22:52:47.906" />
<mem-info id="10" free="4710304" total="8388608" percent="56">
  <mem type="tenure" free="4710304" total="8388608" percent="56" micro-fragmented="439497" macro-fragmented="0">
    <mem type="soa" free="4291488" total="7969792" percent="53" />
    <mem type="loa" free="418816" total="418816" percent="100" />
  </mem>
  <pending-finalizers system="1" default="0" reference="520" classloader="0" />
</mem-info>
<gc-op id="11" type="compact" timems="9.952" contextid="4" timestamp="2019-06-15T22:52:47.917">
  <compact-info movecount="30236" movebytes="3169776" reason="compact to aid heap contraction" />
</gc-op>
<heap-resize id="12" type="expand" space="tenure" amount="2084241408" count="1" timems="0.099" reason="satisfy allocation request" timestamp="2019-06-15T22:52:47.918" />
<gc-end id="13" type="global" contextid="4" durationms="28.001" usertimems="20.000" systemtimems="8.000" timestamp="2019-06-15T22:52:47.918" activeThreads="4">
  <mem-info id="14" free="2089394616" total="2092630016" percent="99">
    <mem type="tenure" free="2089394616" total="2092630016" percent="99">
      <mem type="soa" free="1984763320" total="1987998720" percent="99" />
      <mem type="loa" free="104631296" total="104631296" percent="100" />
    </mem>
    <pending-finalizers system="1" default="0" reference="520" classloader="0" />
  </mem-info>
</gc-end>
<cycle-end id="15" type="global" contextid="4" timestamp="2019-06-15T22:52:47.918" />
  <attribute name="elasticGC enabled" value="1" />
  <attribute name= "numThreadsSpecified" value="4" />
  <attribute name="heapSize specified" value="8388608" />
  <attribute name="Current GC Util" value="112" />
  <attribute name= "Current Time Running" value="548" />
  <attribute name ="GC Interval" value="0" />
  <attribute name="ProportionalT" value="138.000000" />
  <attribute name="ProportionalI" value="138.000000" />
  <attribute name="ProportionalH" value="138.000000" />
  <attribute name="Current Error" value="92.000000" />
  <attribute name="IntegralT" value="-8292.000000" />
  <attribute name="IntegralI" value="-8292.000000" />
  <attribute name="IntegralH" value="-8292.000000" />
  <attribute name="DerivativeT" value="2.045455" />
  <attribute name="DerivativeI" value="2.045455" />
  <attribute name="DerivativeH" value="2.045455" />
  <attribute name="Loop Time for DT" value="11.000000" />
  <attribute name="Output H" value="2092630016"/>
  <attribute name="Output I" value="200"/>
  <attribute name="Output T" value="4"/>
  <attribute name="Target GC Util Change" value ="20.000000" />
  <attribute name="Current GC Util Change" value="112.000000"/>
  <attribute name="GC Util currently" value="112" />
  <attribute name="CPU Util currently" value="454231577155" />
<allocation-satisfied id="16" threadId="000000000173C700" bytesRequested="16" />
<af-end id="17" timestamp="2019-06-15T22:52:47.918" threadId="000000000173D088" success="true" />
<exclusive-end id="18" timestamp="2019-06-15T22:52:47.918" durationms="29.278" />

<exclusive-start id="19" timestamp="2019-06-15T22:52:47.937" intervalms="48.031">
  <response-info timems="0.059" idlems="0.059" threads="0" lastid="000000000173C700" lastname="main" />
</exclusive-start>
<sys-start reason="explicit" id="20" timestamp="2019-06-15T22:52:47.937" intervalms="730.451" />
<cycle-start id="21" type="global" contextid="0" timestamp="2019-06-15T22:52:47.937" intervalms="47.703" />
<gc-start id="22" type="global" contextid="21" timestamp="2019-06-15T22:52:47.938">
  <mem-info id="23" free="2085413208" total="2092630016" percent="99">
    <mem type="tenure" free="2085413208" total="2092630016" percent="99">
      <mem type="soa" free="1980781912" total="1987998720" percent="99" />
      <mem type="loa" free="104631296" total="104631296" percent="100" />
    </mem>
  </mem-info>
</gc-start>
<allocation-stats totalBytes="4046544" >
  <allocated-bytes non-tlh="1048672" tlh="2997872" />
  <largest-consumer threadName="main" threadId="000000000173C700" bytes="4030472" />
</allocation-stats>
<gc-op id="24" type="mark" timems="8.360" contextid="21" timestamp="2019-06-15T22:52:47.946">
  <trace-info objectcount="29295" scancount="23478" scanbytes="750876" />
  <finalization candidates="124" enqueued="0" />
  <ownableSynchronizers candidates="3" cleared="0" />
  <references type="soft" candidates="131" cleared="0" enqueued="0" dynamicThreshold="31" maxThreshold="32" />
  <references type="weak" candidates="755" cleared="2" enqueued="2" />
  <references type="phantom" candidates="63" cleared="0" enqueued="0" />
  <stringconstants candidates="3958" cleared="0"  />
</gc-op>
<gc-op id="25" type="classunload" timems="0.003" contextid="21" timestamp="2019-06-15T22:52:47.946">
  <classunload-info classloadercandidates="7" classloadersunloaded="0" classesunloaded="0" anonymousclassesunloaded="0" quiescems="0.000" setupms="0.003" scanms="0.000" postms="0.000" />
</gc-op>
<gc-op id="26" type="sweep" timems="3.051" contextid="21" timestamp="2019-06-15T22:52:47.950" />
<mem-info id="27" free="2089207000" total="2092630016" percent="99">
  <mem type="tenure" free="2089207000" total="2092630016" percent="99" micro-fragmented="34115" macro-fragmented="0">
    <mem type="soa" free="1984575704" total="1987998720" percent="99" />
    <mem type="loa" free="104631296" total="104631296" percent="100" />
  </mem>
  <pending-finalizers system="0" default="0" reference="2" classloader="0" />
</mem-info>
<gc-op id="28" type="compact" timems="18.410" contextid="21" timestamp="2019-06-15T22:52:47.968">
  <compact-info movecount="18199" movebytes="2917032" reason="compact to aid heap contraction" />
</gc-op>
<gc-end id="29" type="global" contextid="21" durationms="31.072" usertimems="36.000" systemtimems="4.000" timestamp="2019-06-15T22:52:47.969" activeThreads="4">
  <mem-info id="30" free="2089237288" total="2092630016" percent="99">
    <mem type="tenure" free="2089237288" total="2092630016" percent="99">
      <mem type="soa" free="1984605992" total="1987998720" percent="99" />
      <mem type="loa" free="104631296" total="104631296" percent="100" />
    </mem>
    <pending-finalizers system="0" default="0" reference="2" classloader="0" />
  </mem-info>
</gc-end>
<cycle-end id="31" type="global" contextid="21" timestamp="2019-06-15T22:52:47.969" />
  <attribute name="elasticGC enabled" value="1" />
  <attribute name= "numThreadsSpecified" value="4" />
  <attribute name="heapSize specified" value="2092630016" />
  <attribute name="Current GC Util" value="86" />
  <attribute name= "Current Time Running" value="599" />
  <attribute name ="GC Interval" value="0" />
  <attribute name="ProportionalT" value="99.000000" />
  <attribute name="ProportionalI" value="99.000000" />
  <attribute name="ProportionalH" value="99.000000" />
  <attribute name="Current Error" value="66.000000" />
  <attribute name="IntegralT" value="1188.000000" />
  <attribute name="IntegralI" value="1188.000000" />
  <attribute name="IntegralH" value="1188.000000" />
  <attribute name="DerivativeT" value="1.361111" />
  <attribute name="DerivativeI" value="1.361111" />
  <attribute name="DerivativeH" value="1.361111" />
  <attribute name="Loop Time for DT" value="18.000000" />
  <attribute name="Output H" value="8388608"/>
  <attribute name="Output I" value="1288"/>
  <attribute name="Output T" value="4"/>
  <attribute name="Target GC Util Change" value ="20.000000" />
  <attribute name="Current GC Util Change" value="86.000000"/>
  <attribute name="GC Util currently" value="86" />
  <attribute name="CPU Util currently" value="247546270332" />
<sys-end id="32" timestamp="2019-06-15T22:52:47.969" />
<exclusive-end id="33" timestamp="2019-06-15T22:52:47.969" durationms="32.059" />

<exclusive-start id="34" timestamp="2019-06-15T22:52:49.699" intervalms="1761.806">
  <response-info timems="0.045" idlems="0.045" threads="0" lastid="0000000001A8DD00" lastname="Thread-9" />
</exclusive-start>
<af-start id="35" threadId="0000000001A8E688" totalBytesRequested="24" timestamp="2019-06-15T22:52:49.699" intervalms="1809.674" />
<cycle-start id="36" type="global" contextid="0" timestamp="2019-06-15T22:52:49.699" intervalms="1761.866" />
<gc-start id="37" type="global" contextid="36" timestamp="2019-06-15T22:52:49.699">
  <mem-info id="38" free="104631296" total="2092630016" percent="4">
    <mem type="tenure" free="104631296" total="2092630016" percent="4">
      <mem type="soa" free="0" total="1987998720" percent="0" />
      <mem type="loa" free="104631296" total="104631296" percent="100" />
    </mem>
  </mem-info>
</gc-start>
<allocation-stats totalBytes="1984237936" >
  <allocated-bytes non-tlh="1725528" tlh="1982512408" />
  <largest-consumer threadName="Thread-9" threadId="0000000001A8DD00" bytes="546069144" />
</allocation-stats>
<gc-op id="39" type="mark" timems="4.439" contextid="36" timestamp="2019-06-15T22:52:49.704">
  <trace-info objectcount="74830" scancount="66367" scanbytes="2481784" />
  <finalization candidates="124" enqueued="0" />
  <ownableSynchronizers candidates="3" cleared="0" />
  <references type="soft" candidates="148" cleared="0" enqueued="0" dynamicThreshold="31" maxThreshold="32" />
  <references type="weak" candidates="798" cleared="29" enqueued="28" />
  <references type="phantom" candidates="65" cleared="2" enqueued="2" />
  <stringconstants candidates="4598" cleared="1"  />
</gc-op>
<gc-op id="40" type="sweep" timems="2.411" contextid="36" timestamp="2019-06-15T22:52:49.707" />
<mem-info id="41" free="2085566320" total="2092630016" percent="99">
  <mem type="tenure" free="2085566320" total="2092630016" percent="99" micro-fragmented="925576" macro-fragmented="0">
    <mem type="soa" free="1980935024" total="1987998720" percent="99" />
    <mem type="loa" free="104631296" total="104631296" percent="100" />
  </mem>
  <pending-finalizers system="0" default="0" reference="30" classloader="0" />
</mem-info>
<gc-op id="42" type="compact" timems="14.619" contextid="36" timestamp="2019-06-15T22:52:49.722">
  <compact-info movecount="74202" movebytes="5909432" reason="compact to aid heap contraction" />
</gc-op>
<gc-end id="43" type="global" contextid="36" durationms="22.508" usertimems="36.000" systemtimems="8.000" timestamp="2019-06-15T22:52:49.722" activeThreads="4">
  <mem-info id="44" free="2086539424" total="2092630016" percent="99">
    <mem type="tenure" free="2086539424" total="2092630016" percent="99">
      <mem type="soa" free="1981908128" total="1987998720" percent="99" />
      <mem type="loa" free="104631296" total="104631296" percent="100" />
    </mem>
    <pending-finalizers system="0" default="0" reference="30" classloader="0" />
  </mem-info>
</gc-end>
<cycle-end id="45" type="global" contextid="36" timestamp="2019-06-15T22:52:49.722" />
  <attribute name="elasticGC enabled" value="1" />
  <attribute name= "numThreadsSpecified" value="4" />
  <attribute name="heapSize specified" value="2092630016" />
  <attribute name="Current GC Util" value="164" />
  <attribute name= "Current Time Running" value="2353" />
  <attribute name ="GC Interval" value="0" />
  <attribute name="ProportionalT" value="216.000000" />
  <attribute name="ProportionalI" value="216.000000" />
  <attribute name="ProportionalH" value="216.000000" />
  <attribute name="Current Error" value="144.000000" />
  <attribute name="IntegralT" value="2160.000000" />
  <attribute name="IntegralI" value="2160.000000" />
  <attribute name="IntegralH" value="2160.000000" />
  <attribute name="DerivativeT" value="2.133333" />
  <attribute name="DerivativeI" value="2.133333" />
  <attribute name="DerivativeH" value="2.133333" />
  <attribute name="Loop Time for DT" value="15.000000" />
  <attribute name="Output H" value="8388608"/>
  <attribute name="Output I" value="2384"/>
  <attribute name="Output T" value="4"/>
  <attribute name="Target GC Util Change" value ="20.000000" />
  <attribute name="Current GC Util Change" value="164.000000"/>
  <attribute name="GC Util currently" value="164" />
  <attribute name="CPU Util currently" value="310821001880" />
<allocation-satisfied id="46" threadId="0000000001A8DD00" bytesRequested="24" />
<af-end id="47" timestamp="2019-06-15T22:52:49.723" threadId="0000000001A8E688" success="true" />
<exclusive-end id="48" timestamp="2019-06-15T22:52:49.723" durationms="23.676" />

<exclusive-start id="49" timestamp="2019-06-15T22:52:50.847" intervalms="1148.476">
  <response-info timems="0.101" idlems="0.053" threads="1" lastid="0000000001A8DD00" lastname="Thread-9" />
</exclusive-start>
<af-start id="50" threadId="0000000001A92288" totalBytesRequested="40" timestamp="2019-06-15T22:52:50.848" intervalms="1148.424" />
<cycle-start id="51" type="global" contextid="0" timestamp="2019-06-15T22:52:50.848" intervalms="1148.349" />
<gc-start id="52" type="global" contextid="51" timestamp="2019-06-15T22:52:50.848">
  <mem-info id="53" free="104631296" total="2092630016" percent="4">
    <mem type="tenure" free="104631296" total="2092630016" percent="4">
      <mem type="soa" free="0" total="1987998720" percent="0" />
      <mem type="loa" free="104631296" total="104631296" percent="100" />
    </mem>
  </mem-info>
</gc-start>
<allocation-stats totalBytes="1981742776" >
  <allocated-bytes non-tlh="0" tlh="1981742776" />
  <largest-consumer threadName="Thread-10" threadId="0000000001A8A100" bytes="570470920" />
</allocation-stats>
<gc-op id="54" type="mark" timems="2.446" contextid="51" timestamp="2019-06-15T22:52:50.850">
  <trace-info objectcount="75111" scancount="66668" scanbytes="2489568" />
  <finalization candidates="124" enqueued="0" />
  <ownableSynchronizers candidates="3" cleared="0" />
  <references type="soft" candidates="148" cleared="0" enqueued="0" dynamicThreshold="31" maxThreshold="32" />
  <references type="weak" candidates="769" cleared="0" enqueued="0" />
  <references type="phantom" candidates="63" cleared="0" enqueued="0" />
  <stringconstants candidates="4597" cleared="0"  />
</gc-op>
<gc-op id="55" type="sweep" timems="1.525" contextid="51" timestamp="2019-06-15T22:52:50.852" />
<mem-info id="56" free="2086008376" total="2092630016" percent="99">
  <mem type="tenure" free="2086008376" total="2092630016" percent="99" micro-fragmented="188711" macro-fragmented="0">
    <mem type="soa" free="1981377080" total="1987998720" percent="99" />
    <mem type="loa" free="104631296" total="104631296" percent="100" />
  </mem>
</mem-info>
<gc-op id="57" type="compact" timems="7.994" contextid="51" timestamp="2019-06-15T22:52:50.860">
  <compact-info movecount="53333" movebytes="4723800" reason="compact to aid heap contraction" />
</gc-op>
<gc-end id="58" type="global" contextid="51" durationms="12.802" usertimems="40.000" systemtimems="0.000" timestamp="2019-06-15T22:52:50.861" activeThreads="4">
  <mem-info id="59" free="2086533032" total="2092630016" percent="99">
    <mem type="tenure" free="2086533032" total="2092630016" percent="99">
      <mem type="soa" free="1981901736" total="1987998720" percent="99" />
      <mem type="loa" free="104631296" total="104631296" percent="100" />
    </mem>
  </mem-info>
</gc-end>
<cycle-end id="60" type="global" contextid="51" timestamp="2019-06-15T22:52:50.861" />
  <attribute name="elasticGC enabled" value="1" />
  <attribute name= "numThreadsSpecified" value="4" />
  <attribute name="heapSize specified" value="2092630016" />
  <attribute name="Current GC Util" value="161" />
  <attribute name= "Current Time Running" value="3491" />
  <attribute name ="GC Interval" value="0" />
  <attribute name="ProportionalT" value="211.500000" />
  <attribute name="ProportionalI" value="211.500000" />
  <attribute name="ProportionalH" value="211.500000" />
  <attribute name="Current Error" value="141.000000" />
  <attribute name="IntegralT" value="1128.000000" />
  <attribute name="IntegralI" value="1128.000000" />
  <attribute name="IntegralH" value="1128.000000" />
  <attribute name="DerivativeT" value="-4.125000" />
  <attribute name="DerivativeI" value="-4.125000" />
  <attribute name="DerivativeH" value="-4.125000" />
  <attribute name="Loop Time for DT" value="8.000000" />
  <attribute name="Output H" value="8388608"/>
  <attribute name="Output I" value="1336"/>
  <attribute name="Output T" value="4"/>
  <attribute name="Target GC Util Change" value ="20.000000" />
  <attribute name="Current GC Util Change" value="161.000000"/>
  <attribute name="GC Util currently" value="161" />
  <attribute name="CPU Util currently" value="567385422119" />
<allocation-satisfied id="61" threadId="0000000001A91900" bytesRequested="40" />
<af-end id="62" timestamp="2019-06-15T22:52:50.861" threadId="0000000001A92288" success="true" />
<exclusive-end id="63" timestamp="2019-06-15T22:52:50.861" durationms="13.694" />

<exclusive-start id="64" timestamp="2019-06-15T22:52:51.700" intervalms="852.121">
  <response-info timems="0.046" idlems="0.046" threads="0" lastid="0000000001A8DD00" lastname="Thread-9" />
</exclusive-start>
<af-start id="65" threadId="0000000001A8E688" totalBytesRequested="40" timestamp="2019-06-15T22:52:51.700" intervalms="852.127" />
<cycle-start id="66" type="global" contextid="0" timestamp="2019-06-15T22:52:51.700" intervalms="852.507" />
<gc-start id="67" type="global" contextid="66" timestamp="2019-06-15T22:52:51.700">
  <mem-info id="68" free="104631296" total="2092630016" percent="4">
    <mem type="tenure" free="104631296" total="2092630016" percent="4">
      <mem type="soa" free="0" total="1987998720" percent="0" />
      <mem type="loa" free="104631296" total="104631296" percent="100" />
    </mem>
  </mem-info>
</gc-start>
<allocation-stats totalBytes="1981722744" >
  <allocated-bytes non-tlh="0" tlh="1981722744" />
  <largest-consumer threadName="Thread-9" threadId="0000000001A8DD00" bytes="554225040" />
</allocation-stats>
<gc-op id="69" type="mark" timems="2.881" contextid="66" timestamp="2019-06-15T22:52:51.703">
  <trace-info objectcount="74478" scancount="66052" scanbytes="2474320" />
  <finalization candidates="124" enqueued="0" />
  <ownableSynchronizers candidates="3" cleared="0" />
  <references type="soft" candidates="148" cleared="0" enqueued="0" dynamicThreshold="31" maxThreshold="32" />
  <references type="weak" candidates="769" cleared="0" enqueued="0" />
  <references type="phantom" candidates="63" cleared="0" enqueued="0" />
  <stringconstants candidates="4597" cleared="0"  />
</gc-op>
<gc-op id="70" type="sweep" timems="1.645" contextid="66" timestamp="2019-06-15T22:52:51.705" />
<mem-info id="71" free="2086349600" total="2092630016" percent="99">
  <mem type="tenure" free="2086349600" total="2092630016" percent="99" micro-fragmented="64775" macro-fragmented="0">
    <mem type="soa" free="1981718304" total="1987998720" percent="99" />
    <mem type="loa" free="104631296" total="104631296" percent="100" />
  </mem>
</mem-info>
<gc-op id="72" type="compact" timems="3.995" contextid="66" timestamp="2019-06-15T22:52:51.710">
  <compact-info movecount="30035" movebytes="1272224" reason="compact to aid heap contraction" />
</gc-op>
<gc-end id="73" type="global" contextid="66" durationms="9.584" usertimems="28.000" systemtimems="0.000" timestamp="2019-06-15T22:52:51.710" activeThreads="4">
  <mem-info id="74" free="2086548280" total="2092630016" percent="99">
    <mem type="tenure" free="2086548280" total="2092630016" percent="99">
      <mem type="soa" free="1981916984" total="1987998720" percent="99" />
      <mem type="loa" free="104631296" total="104631296" percent="100" />
    </mem>
  </mem-info>
</gc-end>
<cycle-end id="75" type="global" contextid="66" timestamp="2019-06-15T22:52:51.710" />
  <attribute name="elasticGC enabled" value="1" />
  <attribute name= "numThreadsSpecified" value="4" />
  <attribute name="heapSize specified" value="2092630016" />
  <attribute name="Current GC Util" value="233" />
  <attribute name= "Current Time Running" value="4340" />
  <attribute name ="GC Interval" value="0" />
  <attribute name="ProportionalT" value="319.500000" />
  <attribute name="ProportionalI" value="319.500000" />
  <attribute name="ProportionalH" value="319.500000" />
  <attribute name="Current Error" value="213.000000" />
  <attribute name="IntegralT" value="852.000000" />
  <attribute name="IntegralI" value="852.000000" />
  <attribute name="IntegralH" value="852.000000" />
  <attribute name="DerivativeT" value="2.375000" />
  <attribute name="DerivativeI" value="2.375000" />
  <attribute name="DerivativeH" value="2.375000" />
  <attribute name="Loop Time for DT" value="4.000000" />
  <attribute name="Output H" value="8388608"/>
  <attribute name="Output I" value="1176"/>
  <attribute name="Output T" value="4"/>
  <attribute name="Target GC Util Change" value ="20.000000" />
  <attribute name="Current GC Util Change" value="233.000000"/>
  <attribute name="GC Util currently" value="233" />
  <attribute name="CPU Util currently" value="1110040366830" />
<allocation-satisfied id="76" threadId="0000000001A8DD00" bytesRequested="40" />
<af-end id="77" timestamp="2019-06-15T22:52:51.710" threadId="0000000001A8E688" success="true" />
<exclusive-end id="78" timestamp="2019-06-15T22:52:51.710" durationms="10.810" />

<exclusive-start id="79" timestamp="2019-06-15T22:52:52.426" intervalms="726.432">
  <response-info timems="0.034" idlems="0.034" threads="0" lastid="0000000001A91900" lastname="Thread-8" />
</exclusive-start>
<af-start id="80" threadId="0000000001A92288" totalBytesRequested="40" timestamp="2019-06-15T22:52:52.426" intervalms="726.408" />
<cycle-start id="81" type="global" contextid="0" timestamp="2019-06-15T22:52:52.426" intervalms="726.012" />
<gc-start id="82" type="global" contextid="81" timestamp="2019-06-15T22:52:52.426">
  <mem-info id="83" free="104631296" total="2092630016" percent="4">
    <mem type="tenure" free="104631296" total="2092630016" percent="4">
      <mem type="soa" free="0" total="1987998720" percent="0" />
      <mem type="loa" free="104631296" total="104631296" percent="100" />
    </mem>
  </mem-info>
</gc-start>
<allocation-stats totalBytes="1981881328" >
  <allocated-bytes non-tlh="0" tlh="1981881328" />
  <largest-consumer threadName="Thread-8" threadId="0000000001A91900" bytes="512178056" />
</allocation-stats>
<gc-op id="84" type="mark" timems="3.824" contextid="81" timestamp="2019-06-15T22:52:52.430">
  <trace-info objectcount="72453" scancount="64052" scanbytes="2425136" />
  <finalization candidates="124" enqueued="0" />
  <ownableSynchronizers candidates="3" cleared="0" />
  <references type="soft" candidates="148" cleared="0" enqueued="0" dynamicThreshold="31" maxThreshold="32" />
  <references type="weak" candidates="769" cleared="0" enqueued="0" />
  <references type="phantom" candidates="63" cleared="0" enqueued="0" />
  <stringconstants candidates="4597" cleared="0"  />
</gc-op>
<gc-op id="85" type="sweep" timems="2.010" contextid="81" timestamp="2019-06-15T22:52:52.432" />
<mem-info id="86" free="2086638760" total="2092630016" percent="99">
  <mem type="tenure" free="2086638760" total="2092630016" percent="99" micro-fragmented="24452" macro-fragmented="0">
    <mem type="soa" free="1982007464" total="1987998720" percent="99" />
    <mem type="loa" free="104631296" total="104631296" percent="100" />
  </mem>
</mem-info>
<gc-op id="87" type="compact" timems="10.495" contextid="81" timestamp="2019-06-15T22:52:52.443">
  <compact-info movecount="29014" movebytes="1568312" reason="compact to aid heap contraction" />
</gc-op>
<gc-end id="88" type="global" contextid="81" durationms="17.197" usertimems="32.000" systemtimems="4.000" timestamp="2019-06-15T22:52:52.443" activeThreads="4">
  <mem-info id="89" free="2086597464" total="2092630016" percent="99">
    <mem type="tenure" free="2086597464" total="2092630016" percent="99">
      <mem type="soa" free="1981966168" total="1987998720" percent="99" />
      <mem type="loa" free="104631296" total="104631296" percent="100" />
    </mem>
  </mem-info>
</gc-end>
<cycle-end id="90" type="global" contextid="81" timestamp="2019-06-15T22:52:52.444" />
  <attribute name="elasticGC enabled" value="1" />
  <attribute name= "numThreadsSpecified" value="4" />
  <attribute name="heapSize specified" value="2092630016" />
  <attribute name="Current GC Util" value="168" />
  <attribute name= "Current Time Running" value="5074" />
  <attribute name ="GC Interval" value="0" />
  <attribute name="ProportionalT" value="222.000000" />
  <attribute name="ProportionalI" value="222.000000" />
  <attribute name="ProportionalH" value="222.000000" />
  <attribute name="Current Error" value="148.000000" />
  <attribute name="IntegralT" value="1628.000000" />
  <attribute name="IntegralI" value="1628.000000" />
  <attribute name="IntegralH" value="1628.000000" />
  <attribute name="DerivativeT" value="-3.181818" />
  <attribute name="DerivativeI" value="-3.181818" />
  <attribute name="DerivativeH" value="-3.181818" />
  <attribute name="Loop Time for DT" value="11.000000" />
  <attribute name="Output H" value="8388608"/>
  <attribute name="Output I" value="1848"/>
  <attribute name="Output T" value="4"/>
  <attribute name="Target GC Util Change" value ="20.000000" />
  <attribute name="Current GC Util Change" value="168.000000"/>
  <attribute name="GC Util currently" value="168" />
  <attribute name="CPU Util currently" value="431284630513" />
<allocation-satisfied id="91" threadId="0000000001A91900" bytesRequested="40" />
<af-end id="92" timestamp="2019-06-15T22:52:52.444" threadId="0000000001A92288" success="true" />
<exclusive-end id="93" timestamp="2019-06-15T22:52:52.444" durationms="18.043" />

</verbosegc>

