<?xml version="1.0" ?>

<verbosegc xmlns="http://www.ibm.com/j9/verbosegc" version="10b4217_CMPRSS">

<initialized id="1" timestamp="2019-06-15T22:52:14.408">
  <attribute name="gcPolicy" value="-Xgcpolicy:optthruput" />
  <attribute name="elasticGC enabled" value="1" />
  <attribute name= "numThreadsSpecified" value="0" />
  <attribute name="heapSize specified" value="0" />
  <attribute name="Current GC Util" value="0" />
  <attribute name= "Current Time Running" value="0" />
  <attribute name ="GC Interval" value="0" />
  <attribute name="ProportionalT" value="0.000000" />
  <attribute name="ProportionalI" value="0.000000" />
  <attribute name="ProportionalH" value="0.000000" />
  <attribute name="IntegralT" value="0.000000" />
  <attribute name="IntegralI" value="0.000000" />
  <attribute name="IntegralH" value="0.000000" />
  <attribute name="DerivativeT" value="0.000000" />
  <attribute name="DerivativeI" value="0.000000" />
  <attribute name="DerivativeH" value="0.000000" />
  <attribute name="Target GC Util Change" value ="0.000000" />
  <attribute name="Current GC Util Change" value="0.000000"/>
  <attribute name="Current Error" value="0.000000" />
  <attribute name="Loop Time for DT" value="0.000000" />
  <attribute name="Output H" value="0"/>
  <attribute name="Output I" value="0"/>
  <attribute name="Output T" value="0"/>
  <attribute name="GC Util currently" value="0" />
  <attribute name="CPU Util currently" value="0" />
  <attribute name="maxHeapSize" value="0x7cbc0000" />
  <attribute name="initialHeapSize" value="0x800000" />
  <attribute name="compressedRefs" value="true" />
  <attribute name="compressedRefsDisplacement" value="0x0" />
  <attribute name="compressedRefsShift" value="0x0" />
  <attribute name="pageSize" value="0x1000" />
  <attribute name="pageType" value="not used" />
  <attribute name="requestedPageSize" value="0x1000" />
  <attribute name="requestedPageType" value="not used" />
  <attribute name="gcthreads" value="4" />
  <attribute name="packetListSplit" value="4" />
  <attribute name="cacheListSplit" value="4" />
  <attribute name="splitFreeListSplitAmount" value="1" />
  <attribute name="numaNodes" value="0" />
  <system>
    <attribute name="physicalMemory" value="8370962432" />
    <attribute name="numCPUs" value="4" />
    <attribute name="architecture" value="amd64" />
    <attribute name="os" value="Linux" />
    <attribute name="osVersion" value="4.4.0-148-generic" />
  </system>
  <vmargs>
    <vmarg name="-Xoptionsfile=/vagrant/jdk/lib/options.default" />
    <vmarg name="-Xlockword:mode=default,noLockword=java/lang/String,noLockword=java/util/MapEntry,noLockword=java/util/HashMap$Entry,noLockword..." />
    <vmarg name="-Xjcl:jclse29" />
    <vmarg name="-Dcom.ibm.oti.vm.bootstrap.library.path=/vagrant/jdk/lib/compressedrefs:/vagrant/jdk/lib" />
    <vmarg name="-Dsun.boot.library.path=/vagrant/jdk/lib/compressedrefs:/vagrant/jdk/lib" />
    <vmarg name="-Djava.library.path=/vagrant/jdk/lib/compressedrefs:/vagrant/jdk/lib:/usr/lib64:/usr/lib" />
    <vmarg name="-Djava.home=/vagrant/jdk" />
    <vmarg name="-Duser.dir=/vagrant" />
    <vmarg name="-Xgcpolicy:optthruput" />
    <vmarg name="-Xgcelastic" />
    <vmarg name="-Xcheck:gc:::elasticGC" />
    <vmarg name="-verbose:gc" />
    <vmarg name="-Xloggc:large-OPTTHRUPUT-jdk-1.5-1-0.5-verbose1sunflow.txt" />
    <vmarg name="-Djava.class.path=dacapo-9.12-MR1-bach.jar" />
    <vmarg name="-Dsun.java.command=dacapo-9.12-MR1-bach.jar sunflow --size=large" />
    <vmarg name="-Dsun.java.launcher=SUN_STANDARD" />
    <vmarg name="-Dsun.java.launcher.pid=22885" />
  </vmargs>
</initialized>

<exclusive-start id="2" timestamp="2019-06-15T22:52:14.865" intervalms="456.440">
  <response-info timems="0.037" idlems="0.037" threads="0" lastid="0000000001154700" lastname="main" />
</exclusive-start>
<af-start id="3" threadId="0000000001155088" totalBytesRequested="16" timestamp="2019-06-15T22:52:14.865" intervalms="456.789" />
<cycle-start id="4" type="global" contextid="0" timestamp="2019-06-15T22:52:14.865" intervalms="457.030" />
<gc-start id="5" type="global" contextid="4" timestamp="2019-06-15T22:52:14.865">
  <mem-info id="6" free="418816" total="8388608" percent="4">
    <mem type="tenure" free="418816" total="8388608" percent="4">
      <mem type="soa" free="0" total="7969792" percent="0" />
      <mem type="loa" free="418816" total="418816" percent="100" />
    </mem>
  </mem-info>
</gc-start>
<allocation-stats totalBytes="7963264" >
  <allocated-bytes non-tlh="2337024" tlh="5626240" />
  <largest-consumer threadName="main" threadId="0000000001154700" bytes="7890792" />
</allocation-stats>
<gc-op id="7" type="mark" timems="2.180" contextid="4" timestamp="2019-06-15T22:52:14.868">
  <trace-info objectcount="30237" scancount="24260" scanbytes="765172" />
  <finalization candidates="125" enqueued="1" />
  <ownableSynchronizers candidates="3" cleared="0" />
  <references type="soft" candidates="131" cleared="0" enqueued="0" dynamicThreshold="32" maxThreshold="32" />
  <references type="weak" candidates="1321" cleared="568" enqueued="478" />
  <references type="phantom" candidates="106" cleared="42" enqueued="42" />
  <stringconstants candidates="3958" cleared="0"  />
</gc-op>
<gc-op id="8" type="classunload" timems="0.074" contextid="4" timestamp="2019-06-15T22:52:14.868">
  <classunload-info classloadercandidates="7" classloadersunloaded="0" classesunloaded="0" anonymousclassesunloaded="0" quiescems="0.000" setupms="0.074" scanms="0.000" postms="0.000" />
</gc-op>
<gc-op id="9" type="sweep" timems="0.688" contextid="4" timestamp="2019-06-15T22:52:14.869" />
<mem-info id="10" free="4709512" total="8388608" percent="56">
  <mem type="tenure" free="4709512" total="8388608" percent="56" micro-fragmented="380410" macro-fragmented="0">
    <mem type="soa" free="4290696" total="7969792" percent="53" />
    <mem type="loa" free="418816" total="418816" percent="100" />
  </mem>
  <pending-finalizers system="1" default="0" reference="520" classloader="0" />
</mem-info>
<gc-op id="11" type="compact" timems="6.300" contextid="4" timestamp="2019-06-15T22:52:14.875">
  <compact-info movecount="30236" movebytes="3169776" reason="compact to aid heap contraction" />
</gc-op>
<heap-resize id="12" type="expand" space="tenure" amount="2084241408" count="1" timems="0.106" reason="satisfy allocation request" timestamp="2019-06-15T22:52:14.876" />
<gc-end id="13" type="global" contextid="4" durationms="10.384" usertimems="12.000" systemtimems="0.000" timestamp="2019-06-15T22:52:14.876" activeThreads="4">
  <mem-info id="14" free="2089394616" total="2092630016" percent="99">
    <mem type="tenure" free="2089394616" total="2092630016" percent="99">
      <mem type="soa" free="1984763320" total="1987998720" percent="99" />
      <mem type="loa" free="104631296" total="104631296" percent="100" />
    </mem>
    <pending-finalizers system="1" default="0" reference="520" classloader="0" />
  </mem-info>
</gc-end>
<cycle-end id="15" type="global" contextid="4" timestamp="2019-06-15T22:52:14.876" />
  <attribute name="elasticGC enabled" value="1" />
  <attribute name= "numThreadsSpecified" value="4" />
  <attribute name="heapSize specified" value="8388608" />
  <attribute name="Current GC Util" value="32" />
  <attribute name= "Current Time Running" value="345" />
  <attribute name ="GC Interval" value="0" />
  <attribute name="ProportionalT" value="18.000000" />
  <attribute name="ProportionalI" value="18.000000" />
  <attribute name="ProportionalH" value="18.000000" />
  <attribute name="Current Error" value="12.000000" />
  <attribute name="IntegralT" value="-6449.000000" />
  <attribute name="IntegralI" value="-6449.000000" />
  <attribute name="IntegralH" value="-6449.000000" />
  <attribute name="DerivativeT" value="1.000000" />
  <attribute name="DerivativeI" value="1.000000" />
  <attribute name="DerivativeH" value="1.000000" />
  <attribute name="Loop Time for DT" value="6.000000" />
  <attribute name="Output H" value="2092630016"/>
  <attribute name="Output I" value="200"/>
  <attribute name="Output T" value="4"/>
  <attribute name="Target GC Util Change" value ="20.000000" />
  <attribute name="Current GC Util Change" value="32.000000"/>
  <attribute name="GC Util currently" value="32" />
  <attribute name="CPU Util currently" value="721858479859" />
<allocation-satisfied id="16" threadId="0000000001154700" bytesRequested="16" />
<af-end id="17" timestamp="2019-06-15T22:52:14.876" threadId="0000000001155088" success="true" />
<exclusive-end id="18" timestamp="2019-06-15T22:52:14.876" durationms="11.427" />

<exclusive-start id="19" timestamp="2019-06-15T22:52:14.894" intervalms="29.605">
  <response-info timems="0.063" idlems="0.063" threads="0" lastid="0000000001154700" lastname="main" />
</exclusive-start>
<sys-start reason="explicit" id="20" timestamp="2019-06-15T22:52:14.894" intervalms="486.164" />
<cycle-start id="21" type="global" contextid="0" timestamp="2019-06-15T22:52:14.894" intervalms="29.228" />
<gc-start id="22" type="global" contextid="21" timestamp="2019-06-15T22:52:14.894">
  <mem-info id="23" free="2085413208" total="2092630016" percent="99">
    <mem type="tenure" free="2085413208" total="2092630016" percent="99">
      <mem type="soa" free="1980781912" total="1987998720" percent="99" />
      <mem type="loa" free="104631296" total="104631296" percent="100" />
    </mem>
  </mem-info>
</gc-start>
<allocation-stats totalBytes="4046544" >
  <allocated-bytes non-tlh="1048672" tlh="2997872" />
  <largest-consumer threadName="main" threadId="0000000001154700" bytes="4030472" />
</allocation-stats>
<gc-op id="24" type="mark" timems="6.427" contextid="21" timestamp="2019-06-15T22:52:14.901">
  <trace-info objectcount="29295" scancount="23467" scanbytes="750876" />
  <finalization candidates="124" enqueued="0" />
  <ownableSynchronizers candidates="3" cleared="0" />
  <references type="soft" candidates="131" cleared="0" enqueued="0" dynamicThreshold="31" maxThreshold="32" />
  <references type="weak" candidates="755" cleared="2" enqueued="2" />
  <references type="phantom" candidates="63" cleared="0" enqueued="0" />
  <stringconstants candidates="3958" cleared="0"  />
</gc-op>
<gc-op id="25" type="classunload" timems="0.002" contextid="21" timestamp="2019-06-15T22:52:14.901">
  <classunload-info classloadercandidates="7" classloadersunloaded="0" classesunloaded="0" anonymousclassesunloaded="0" quiescems="0.000" setupms="0.002" scanms="0.000" postms="0.000" />
</gc-op>
<gc-op id="26" type="sweep" timems="1.642" contextid="21" timestamp="2019-06-15T22:52:14.903" />
<mem-info id="27" free="2089207000" total="2092630016" percent="99">
  <mem type="tenure" free="2089207000" total="2092630016" percent="99" micro-fragmented="34271" macro-fragmented="0">
    <mem type="soa" free="1984575704" total="1987998720" percent="99" />
    <mem type="loa" free="104631296" total="104631296" percent="100" />
  </mem>
  <pending-finalizers system="0" default="0" reference="2" classloader="0" />
</mem-info>
<gc-op id="28" type="compact" timems="13.663" contextid="21" timestamp="2019-06-15T22:52:14.917">
  <compact-info movecount="18199" movebytes="2917032" reason="compact to aid heap contraction" />
</gc-op>
<gc-end id="29" type="global" contextid="21" durationms="22.616" usertimems="32.000" systemtimems="4.000" timestamp="2019-06-15T22:52:14.917" activeThreads="4">
  <mem-info id="30" free="2089237288" total="2092630016" percent="99">
    <mem type="tenure" free="2089237288" total="2092630016" percent="99">
      <mem type="soa" free="1984605992" total="1987998720" percent="99" />
      <mem type="loa" free="104631296" total="104631296" percent="100" />
    </mem>
    <pending-finalizers system="0" default="0" reference="2" classloader="0" />
  </mem-info>
</gc-end>
<cycle-end id="31" type="global" contextid="21" timestamp="2019-06-15T22:52:14.917" />
  <attribute name="elasticGC enabled" value="1" />
  <attribute name= "numThreadsSpecified" value="4" />
  <attribute name="heapSize specified" value="2092630016" />
  <attribute name="Current GC Util" value="98" />
  <attribute name= "Current Time Running" value="387" />
  <attribute name ="GC Interval" value="0" />
  <attribute name="ProportionalT" value="117.000000" />
  <attribute name="ProportionalI" value="117.000000" />
  <attribute name="ProportionalH" value="117.000000" />
  <attribute name="Current Error" value="78.000000" />
  <attribute name="IntegralT" value="1092.000000" />
  <attribute name="IntegralI" value="1092.000000" />
  <attribute name="IntegralH" value="1092.000000" />
  <attribute name="DerivativeT" value="0.750000" />
  <attribute name="DerivativeI" value="0.750000" />
  <attribute name="DerivativeH" value="0.750000" />
  <attribute name="Loop Time for DT" value="14.000000" />
  <attribute name="Output H" value="8388608"/>
  <attribute name="Output I" value="1216"/>
  <attribute name="Output T" value="4"/>
  <attribute name="Target GC Util Change" value ="20.000000" />
  <attribute name="Current GC Util Change" value="98.000000"/>
  <attribute name="GC Util currently" value="98" />
  <attribute name="CPU Util currently" value="334015292748" />
<sys-end id="32" timestamp="2019-06-15T22:52:14.917" />
<exclusive-end id="33" timestamp="2019-06-15T22:52:14.918" durationms="23.404" />

<exclusive-start id="34" timestamp="2019-06-15T22:52:16.928" intervalms="2033.437">
  <response-info timems="0.047" idlems="0.047" threads="0" lastid="00000000014A2100" lastname="Thread-9" />
</exclusive-start>
<af-start id="35" threadId="00000000014A2A88" totalBytesRequested="24" timestamp="2019-06-15T22:52:16.928" intervalms="2062.887" />
<cycle-start id="36" type="global" contextid="0" timestamp="2019-06-15T22:52:16.928" intervalms="2033.545" />
<gc-start id="37" type="global" contextid="36" timestamp="2019-06-15T22:52:16.928">
  <mem-info id="38" free="104631296" total="2092630016" percent="4">
    <mem type="tenure" free="104631296" total="2092630016" percent="4">
      <mem type="soa" free="0" total="1987998720" percent="0" />
      <mem type="loa" free="104631296" total="104631296" percent="100" />
    </mem>
  </mem-info>
</gc-start>
<allocation-stats totalBytes="1984433184" >
  <allocated-bytes non-tlh="1731280" tlh="1982701904" />
  <largest-consumer threadName="Thread-8" threadId="00000000014AD500" bytes="565786720" />
</allocation-stats>
<gc-op id="39" type="mark" timems="4.176" contextid="36" timestamp="2019-06-15T22:52:16.932">
  <trace-info objectcount="75871" scancount="67408" scanbytes="2506992" />
  <finalization candidates="124" enqueued="0" />
  <ownableSynchronizers candidates="3" cleared="0" />
  <references type="soft" candidates="148" cleared="0" enqueued="0" dynamicThreshold="31" maxThreshold="32" />
  <references type="weak" candidates="798" cleared="29" enqueued="28" />
  <references type="phantom" candidates="65" cleared="2" enqueued="2" />
  <stringconstants candidates="4598" cleared="1"  />
</gc-op>
<gc-op id="40" type="sweep" timems="2.449" contextid="36" timestamp="2019-06-15T22:52:16.935" />
<mem-info id="41" free="2085634448" total="2092630016" percent="99">
  <mem type="tenure" free="2085634448" total="2092630016" percent="99" micro-fragmented="889452" macro-fragmented="0">
    <mem type="soa" free="1981003152" total="1987998720" percent="99" />
    <mem type="loa" free="104631296" total="104631296" percent="100" />
  </mem>
  <pending-finalizers system="0" default="0" reference="30" classloader="0" />
</mem-info>
<gc-op id="42" type="compact" timems="17.312" contextid="36" timestamp="2019-06-15T22:52:16.953">
  <compact-info movecount="75249" movebytes="6034664" reason="compact to aid heap contraction" />
</gc-op>
<gc-end id="43" type="global" contextid="36" durationms="25.090" usertimems="36.000" systemtimems="4.000" timestamp="2019-06-15T22:52:16.953" activeThreads="4">
  <mem-info id="44" free="2086514208" total="2092630016" percent="99">
    <mem type="tenure" free="2086514208" total="2092630016" percent="99">
      <mem type="soa" free="1981882912" total="1987998720" percent="99" />
      <mem type="loa" free="104631296" total="104631296" percent="100" />
    </mem>
    <pending-finalizers system="0" default="0" reference="30" classloader="0" />
  </mem-info>
</gc-end>
<cycle-end id="45" type="global" contextid="36" timestamp="2019-06-15T22:52:16.953" />
  <attribute name="elasticGC enabled" value="1" />
  <attribute name= "numThreadsSpecified" value="4" />
  <attribute name="heapSize specified" value="2092630016" />
  <attribute name="Current GC Util" value="138" />
  <attribute name= "Current Time Running" value="2423" />
  <attribute name ="GC Interval" value="0" />
  <attribute name="ProportionalT" value="177.000000" />
  <attribute name="ProportionalI" value="177.000000" />
  <attribute name="ProportionalH" value="177.000000" />
  <attribute name="Current Error" value="118.000000" />
  <attribute name="IntegralT" value="2124.000000" />
  <attribute name="IntegralI" value="2124.000000" />
  <attribute name="IntegralH" value="2124.000000" />
  <attribute name="DerivativeT" value="0.944444" />
  <attribute name="DerivativeI" value="0.944444" />
  <attribute name="DerivativeH" value="0.944444" />
  <attribute name="Loop Time for DT" value="18.000000" />
  <attribute name="Output H" value="8388608"/>
  <attribute name="Output I" value="2304"/>
  <attribute name="Output T" value="4"/>
  <attribute name="Target GC Util Change" value ="20.000000" />
  <attribute name="Current GC Util Change" value="138.000000"/>
  <attribute name="GC Util currently" value="138" />
  <attribute name="CPU Util currently" value="263959377304" />
<allocation-satisfied id="46" threadId="00000000014A2100" bytesRequested="24" />
<af-end id="47" timestamp="2019-06-15T22:52:16.954" threadId="00000000014A2A88" success="true" />
<exclusive-end id="48" timestamp="2019-06-15T22:52:16.954" durationms="26.244" />

<exclusive-start id="49" timestamp="2019-06-15T22:52:17.899" intervalms="971.467">
  <response-info timems="0.067" idlems="0.028" threads="2" lastid="00000000014A2100" lastname="Thread-9" />
</exclusive-start>
<af-start id="50" threadId="00000000014A6688" totalBytesRequested="40" timestamp="2019-06-15T22:52:17.899" intervalms="971.505" />
<cycle-start id="51" type="global" contextid="0" timestamp="2019-06-15T22:52:17.899" intervalms="971.496" />
<gc-start id="52" type="global" contextid="51" timestamp="2019-06-15T22:52:17.900">
  <mem-info id="53" free="104631296" total="2092630016" percent="4">
    <mem type="tenure" free="104631296" total="2092630016" percent="4">
      <mem type="soa" free="0" total="1987998720" percent="0" />
      <mem type="loa" free="104631296" total="104631296" percent="100" />
    </mem>
  </mem-info>
</gc-start>
<allocation-stats totalBytes="1981691888" >
  <allocated-bytes non-tlh="0" tlh="1981691888" />
  <largest-consumer threadName="Thread-9" threadId="00000000014A2100" bytes="587759776" />
</allocation-stats>
<gc-op id="54" type="mark" timems="3.698" contextid="51" timestamp="2019-06-15T22:52:17.903">
  <trace-info objectcount="73004" scancount="64585" scanbytes="2438120" />
  <finalization candidates="124" enqueued="0" />
  <ownableSynchronizers candidates="3" cleared="0" />
  <references type="soft" candidates="148" cleared="0" enqueued="0" dynamicThreshold="31" maxThreshold="32" />
  <references type="weak" candidates="769" cleared="0" enqueued="0" />
  <references type="phantom" candidates="63" cleared="0" enqueued="0" />
  <stringconstants candidates="4597" cleared="0"  />
</gc-op>
<gc-op id="55" type="sweep" timems="1.513" contextid="51" timestamp="2019-06-15T22:52:17.905" />
<mem-info id="56" free="2086298432" total="2092630016" percent="99">
  <mem type="tenure" free="2086298432" total="2092630016" percent="99" micro-fragmented="25429" macro-fragmented="0">
    <mem type="soa" free="1981667136" total="1987998720" percent="99" />
    <mem type="loa" free="104631296" total="104631296" percent="100" />
  </mem>
</mem-info>
<gc-op id="57" type="compact" timems="11.598" contextid="51" timestamp="2019-06-15T22:52:17.917">
  <compact-info movecount="55855" movebytes="5201656" reason="compact to aid heap contraction" />
</gc-op>
<gc-end id="58" type="global" contextid="51" durationms="17.743" usertimems="48.000" systemtimems="0.000" timestamp="2019-06-15T22:52:17.917" activeThreads="4">
  <mem-info id="59" free="2086584472" total="2092630016" percent="99">
    <mem type="tenure" free="2086584472" total="2092630016" percent="99">
      <mem type="soa" free="1981953176" total="1987998720" percent="99" />
      <mem type="loa" free="104631296" total="104631296" percent="100" />
    </mem>
  </mem-info>
</gc-end>
<cycle-end id="60" type="global" contextid="51" timestamp="2019-06-15T22:52:17.918" />
  <attribute name="elasticGC enabled" value="1" />
  <attribute name= "numThreadsSpecified" value="4" />
  <attribute name="heapSize specified" value="2092630016" />
  <attribute name="Current GC Util" value="161" />
  <attribute name= "Current Time Running" value="3387" />
  <attribute name ="GC Interval" value="0" />
  <attribute name="ProportionalT" value="211.500000" />
  <attribute name="ProportionalI" value="211.500000" />
  <attribute name="ProportionalH" value="211.500000" />
  <attribute name="Current Error" value="141.000000" />
  <attribute name="IntegralT" value="1692.000000" />
  <attribute name="IntegralI" value="1692.000000" />
  <attribute name="IntegralH" value="1692.000000" />
  <attribute name="DerivativeT" value="-2.666667" />
  <attribute name="DerivativeI" value="-2.666667" />
  <attribute name="DerivativeH" value="-2.666667" />
  <attribute name="Loop Time for DT" value="12.000000" />
  <attribute name="Output H" value="8388608"/>
  <attribute name="Output I" value="1904"/>
  <attribute name="Output T" value="4"/>
  <attribute name="Target GC Util Change" value ="20.000000" />
  <attribute name="Current GC Util Change" value="161.000000"/>
  <attribute name="GC Util currently" value="161" />
  <attribute name="CPU Util currently" value="392618943755" />
<allocation-satisfied id="61" threadId="00000000014A5D00" bytesRequested="40" />
<af-end id="62" timestamp="2019-06-15T22:52:17.918" threadId="00000000014A6688" success="true" />
<exclusive-end id="63" timestamp="2019-06-15T22:52:17.918" durationms="18.945" />

<exclusive-start id="64" timestamp="2019-06-15T22:52:18.788" intervalms="888.548">
  <response-info timems="0.046" idlems="0.042" threads="1" lastid="00000000014AD500" lastname="Thread-8" />
</exclusive-start>
<af-start id="65" threadId="00000000014A2A88" totalBytesRequested="40" timestamp="2019-06-15T22:52:18.788" intervalms="888.520" />
<cycle-start id="66" type="global" contextid="0" timestamp="2019-06-15T22:52:18.788" intervalms="888.552" />
<gc-start id="67" type="global" contextid="66" timestamp="2019-06-15T22:52:18.788">
  <mem-info id="68" free="104631296" total="2092630016" percent="4">
    <mem type="tenure" free="104631296" total="2092630016" percent="4">
      <mem type="soa" free="0" total="1987998720" percent="0" />
      <mem type="loa" free="104631296" total="104631296" percent="100" />
    </mem>
  </mem-info>
</gc-start>
<allocation-stats totalBytes="1981870296" >
  <allocated-bytes non-tlh="0" tlh="1981870296" />
  <largest-consumer threadName="Thread-9" threadId="00000000014A2100" bytes="520414288" />
</allocation-stats>
<gc-op id="69" type="mark" timems="3.762" contextid="66" timestamp="2019-06-15T22:52:18.792">
  <trace-info objectcount="74087" scancount="65673" scanbytes="2464600" />
  <finalization candidates="124" enqueued="0" />
  <ownableSynchronizers candidates="3" cleared="0" />
  <references type="soft" candidates="148" cleared="0" enqueued="0" dynamicThreshold="31" maxThreshold="32" />
  <references type="weak" candidates="769" cleared="0" enqueued="0" />
  <references type="phantom" candidates="63" cleared="0" enqueued="0" />
  <stringconstants candidates="4597" cleared="0"  />
</gc-op>
<gc-op id="70" type="sweep" timems="2.125" contextid="66" timestamp="2019-06-15T22:52:18.794" />
<mem-info id="71" free="2086241608" total="2092630016" percent="99">
  <mem type="tenure" free="2086241608" total="2092630016" percent="99" micro-fragmented="35357" macro-fragmented="0">
    <mem type="soa" free="1981610312" total="1987998720" percent="99" />
    <mem type="loa" free="104631296" total="104631296" percent="100" />
  </mem>
</mem-info>
<gc-op id="72" type="compact" timems="9.318" contextid="66" timestamp="2019-06-15T22:52:18.804">
  <compact-info movecount="28573" movebytes="1188032" reason="compact to aid heap contraction" />
</gc-op>
<gc-end id="73" type="global" contextid="66" durationms="16.053" usertimems="32.000" systemtimems="8.000" timestamp="2019-06-15T22:52:18.804" activeThreads="4">
  <mem-info id="74" free="2086557992" total="2092630016" percent="99">
    <mem type="tenure" free="2086557992" total="2092630016" percent="99">
      <mem type="soa" free="1981926696" total="1987998720" percent="99" />
      <mem type="loa" free="104631296" total="104631296" percent="100" />
    </mem>
  </mem-info>
</gc-end>
<cycle-end id="75" type="global" contextid="66" timestamp="2019-06-15T22:52:18.804" />
  <attribute name="elasticGC enabled" value="1" />
  <attribute name= "numThreadsSpecified" value="4" />
  <attribute name="heapSize specified" value="2092630016" />
  <attribute name="Current GC Util" value="129" />
  <attribute name= "Current Time Running" value="4274" />
  <attribute name ="GC Interval" value="0" />
  <attribute name="ProportionalT" value="163.500000" />
  <attribute name="ProportionalI" value="163.500000" />
  <attribute name="ProportionalH" value="163.500000" />
  <attribute name="Current Error" value="109.000000" />
  <attribute name="IntegralT" value="1090.000000" />
  <attribute name="IntegralI" value="1090.000000" />
  <attribute name="IntegralH" value="1090.000000" />
  <attribute name="DerivativeT" value="-5.850000" />
  <attribute name="DerivativeI" value="-5.850000" />
  <attribute name="DerivativeH" value="-5.850000" />
  <attribute name="Loop Time for DT" value="10.000000" />
  <attribute name="Output H" value="8388608"/>
  <attribute name="Output I" value="1248"/>
  <attribute name="Output T" value="4"/>
  <attribute name="Target GC Util Change" value ="20.000000" />
  <attribute name="Current GC Util Change" value="129.000000"/>
  <attribute name="GC Util currently" value="129" />
  <attribute name="CPU Util currently" value="487097328118" />
<allocation-satisfied id="76" threadId="00000000014A2100" bytesRequested="40" />
<af-end id="77" timestamp="2019-06-15T22:52:18.805" threadId="00000000014A2A88" success="true" />
<exclusive-end id="78" timestamp="2019-06-15T22:52:18.805" durationms="17.048" />

</verbosegc>

