<?xml version="1.0" ?>

<verbosegc xmlns="http://www.ibm.com/j9/verbosegc" version="10b4217_CMPRSS">

<initialized id="1" timestamp="2019-06-15T22:52:41.572">
  <attribute name="gcPolicy" value="-Xgcpolicy:optthruput" />
  <attribute name="elasticGC enabled" value="1" />
  <attribute name= "numThreadsSpecified" value="0" />
  <attribute name="heapSize specified" value="0" />
  <attribute name="Current GC Util" value="0" />
  <attribute name= "Current Time Running" value="0" />
  <attribute name ="GC Interval" value="0" />
  <attribute name="ProportionalT" value="0.000000" />
  <attribute name="ProportionalI" value="0.000000" />
  <attribute name="ProportionalH" value="0.000000" />
  <attribute name="IntegralT" value="0.000000" />
  <attribute name="IntegralI" value="0.000000" />
  <attribute name="IntegralH" value="0.000000" />
  <attribute name="DerivativeT" value="0.000000" />
  <attribute name="DerivativeI" value="0.000000" />
  <attribute name="DerivativeH" value="0.000000" />
  <attribute name="Target GC Util Change" value ="0.000000" />
  <attribute name="Current GC Util Change" value="0.000000"/>
  <attribute name="Current Error" value="0.000000" />
  <attribute name="Loop Time for DT" value="0.000000" />
  <attribute name="Output H" value="0"/>
  <attribute name="Output I" value="0"/>
  <attribute name="Output T" value="0"/>
  <attribute name="GC Util currently" value="0" />
  <attribute name="CPU Util currently" value="0" />
  <attribute name="maxHeapSize" value="0x7cbc0000" />
  <attribute name="initialHeapSize" value="0x800000" />
  <attribute name="compressedRefs" value="true" />
  <attribute name="compressedRefsDisplacement" value="0x0" />
  <attribute name="compressedRefsShift" value="0x0" />
  <attribute name="pageSize" value="0x1000" />
  <attribute name="pageType" value="not used" />
  <attribute name="requestedPageSize" value="0x1000" />
  <attribute name="requestedPageType" value="not used" />
  <attribute name="gcthreads" value="4" />
  <attribute name="packetListSplit" value="4" />
  <attribute name="cacheListSplit" value="4" />
  <attribute name="splitFreeListSplitAmount" value="1" />
  <attribute name="numaNodes" value="0" />
  <system>
    <attribute name="physicalMemory" value="8370962432" />
    <attribute name="numCPUs" value="4" />
    <attribute name="architecture" value="amd64" />
    <attribute name="os" value="Linux" />
    <attribute name="osVersion" value="4.4.0-148-generic" />
  </system>
  <vmargs>
    <vmarg name="-Xoptionsfile=/vagrant/jdk/lib/options.default" />
    <vmarg name="-Xlockword:mode=default,noLockword=java/lang/String,noLockword=java/util/MapEntry,noLockword=java/util/HashMap$Entry,noLockword..." />
    <vmarg name="-Xjcl:jclse29" />
    <vmarg name="-Dcom.ibm.oti.vm.bootstrap.library.path=/vagrant/jdk/lib/compressedrefs:/vagrant/jdk/lib" />
    <vmarg name="-Dsun.boot.library.path=/vagrant/jdk/lib/compressedrefs:/vagrant/jdk/lib" />
    <vmarg name="-Djava.library.path=/vagrant/jdk/lib/compressedrefs:/vagrant/jdk/lib:/usr/lib64:/usr/lib" />
    <vmarg name="-Djava.home=/vagrant/jdk" />
    <vmarg name="-Duser.dir=/vagrant" />
    <vmarg name="-Xgcpolicy:optthruput" />
    <vmarg name="-Xgcelastic" />
    <vmarg name="-Xcheck:gc:::elasticGC" />
    <vmarg name="-verbose:gc" />
    <vmarg name="-Xloggc:large-OPTTHRUPUT-jdk-1.5-1-0.5-verbose6sunflow.txt" />
    <vmarg name="-Djava.class.path=dacapo-9.12-MR1-bach.jar" />
    <vmarg name="-Dsun.java.command=dacapo-9.12-MR1-bach.jar sunflow --size=large" />
    <vmarg name="-Dsun.java.launcher=SUN_STANDARD" />
    <vmarg name="-Dsun.java.launcher.pid=23050" />
  </vmargs>
</initialized>

<exclusive-start id="2" timestamp="2019-06-15T22:52:42.299" intervalms="726.175">
  <response-info timems="0.061" idlems="0.061" threads="0" lastid="00000000019C4700" lastname="main" />
</exclusive-start>
<af-start id="3" threadId="00000000019C5088" totalBytesRequested="16" timestamp="2019-06-15T22:52:42.299" intervalms="726.438" />
<cycle-start id="4" type="global" contextid="0" timestamp="2019-06-15T22:52:42.299" intervalms="726.677" />
<gc-start id="5" type="global" contextid="4" timestamp="2019-06-15T22:52:42.299">
  <mem-info id="6" free="418816" total="8388608" percent="4">
    <mem type="tenure" free="418816" total="8388608" percent="4">
      <mem type="soa" free="0" total="7969792" percent="0" />
      <mem type="loa" free="418816" total="418816" percent="100" />
    </mem>
  </mem-info>
</gc-start>
<allocation-stats totalBytes="7964264" >
  <allocated-bytes non-tlh="2337024" tlh="5627240" />
  <largest-consumer threadName="main" threadId="00000000019C4700" bytes="7890832" />
</allocation-stats>
<gc-op id="7" type="mark" timems="2.120" contextid="4" timestamp="2019-06-15T22:52:42.301">
  <trace-info objectcount="30239" scancount="24288" scanbytes="765204" />
  <finalization candidates="125" enqueued="1" />
  <ownableSynchronizers candidates="3" cleared="0" />
  <references type="soft" candidates="131" cleared="0" enqueued="0" dynamicThreshold="32" maxThreshold="32" />
  <references type="weak" candidates="1321" cleared="568" enqueued="478" />
  <references type="phantom" candidates="106" cleared="42" enqueued="42" />
  <stringconstants candidates="3958" cleared="0"  />
</gc-op>
<gc-op id="8" type="classunload" timems="0.114" contextid="4" timestamp="2019-06-15T22:52:42.302">
  <classunload-info classloadercandidates="7" classloadersunloaded="0" classesunloaded="0" anonymousclassesunloaded="0" quiescems="0.000" setupms="0.114" scanms="0.000" postms="0.000" />
</gc-op>
<gc-op id="9" type="sweep" timems="0.798" contextid="4" timestamp="2019-06-15T22:52:42.303" />
<mem-info id="10" free="4708608" total="8388608" percent="56">
  <mem type="tenure" free="4708608" total="8388608" percent="56" micro-fragmented="379507" macro-fragmented="0">
    <mem type="soa" free="4289792" total="7969792" percent="53" />
    <mem type="loa" free="418816" total="418816" percent="100" />
  </mem>
  <pending-finalizers system="1" default="0" reference="520" classloader="0" />
</mem-info>
<gc-op id="11" type="compact" timems="6.569" contextid="4" timestamp="2019-06-15T22:52:42.310">
  <compact-info movecount="30238" movebytes="3169808" reason="compact to aid heap contraction" />
</gc-op>
<heap-resize id="12" type="expand" space="tenure" amount="2084241408" count="1" timems="0.122" reason="satisfy allocation request" timestamp="2019-06-15T22:52:42.310" />
<gc-end id="13" type="global" contextid="4" durationms="11.373" usertimems="4.000" systemtimems="8.000" timestamp="2019-06-15T22:52:42.310" activeThreads="4">
  <mem-info id="14" free="2089394584" total="2092630016" percent="99">
    <mem type="tenure" free="2089394584" total="2092630016" percent="99">
      <mem type="soa" free="1984763288" total="1987998720" percent="99" />
      <mem type="loa" free="104631296" total="104631296" percent="100" />
    </mem>
    <pending-finalizers system="1" default="0" reference="520" classloader="0" />
  </mem-info>
</gc-end>
<cycle-end id="15" type="global" contextid="4" timestamp="2019-06-15T22:52:42.311" />
  <attribute name="elasticGC enabled" value="1" />
  <attribute name= "numThreadsSpecified" value="4" />
  <attribute name="heapSize specified" value="8388608" />
  <attribute name="Current GC Util" value="31" />
  <attribute name= "Current Time Running" value="578" />
  <attribute name ="GC Interval" value="0" />
  <attribute name="ProportionalT" value="16.500000" />
  <attribute name="ProportionalI" value="16.500000" />
  <attribute name="ProportionalH" value="16.500000" />
  <attribute name="Current Error" value="11.000000" />
  <attribute name="IntegralT" value="-11190.000000" />
  <attribute name="IntegralI" value="-11190.000000" />
  <attribute name="IntegralH" value="-11190.000000" />
  <attribute name="DerivativeT" value="0.916667" />
  <attribute name="DerivativeI" value="0.916667" />
  <attribute name="DerivativeH" value="0.916667" />
  <attribute name="Loop Time for DT" value="6.000000" />
  <attribute name="Output H" value="2092630016"/>
  <attribute name="Output I" value="200"/>
  <attribute name="Output T" value="4"/>
  <attribute name="Target GC Util Change" value ="20.000000" />
  <attribute name="Current GC Util Change" value="31.000000"/>
  <attribute name="GC Util currently" value="31" />
  <attribute name="CPU Util currently" value="686742293625" />
<allocation-satisfied id="16" threadId="00000000019C4700" bytesRequested="16" />
<af-end id="17" timestamp="2019-06-15T22:52:42.311" threadId="00000000019C5088" success="true" />
<exclusive-end id="18" timestamp="2019-06-15T22:52:42.311" durationms="12.490" />

<exclusive-start id="19" timestamp="2019-06-15T22:52:42.337" intervalms="39.059">
  <response-info timems="0.148" idlems="0.148" threads="0" lastid="00000000019C4700" lastname="main" />
</exclusive-start>
<sys-start reason="explicit" id="20" timestamp="2019-06-15T22:52:42.338" intervalms="765.366" />
<cycle-start id="21" type="global" contextid="0" timestamp="2019-06-15T22:52:42.338" intervalms="38.793" />
<gc-start id="22" type="global" contextid="21" timestamp="2019-06-15T22:52:42.338">
  <mem-info id="23" free="2085413176" total="2092630016" percent="99">
    <mem type="tenure" free="2085413176" total="2092630016" percent="99">
      <mem type="soa" free="1980781880" total="1987998720" percent="99" />
      <mem type="loa" free="104631296" total="104631296" percent="100" />
    </mem>
  </mem-info>
</gc-start>
<allocation-stats totalBytes="4046544" >
  <allocated-bytes non-tlh="1048672" tlh="2997872" />
  <largest-consumer threadName="main" threadId="00000000019C4700" bytes="4030472" />
</allocation-stats>
<gc-op id="24" type="mark" timems="7.929" contextid="21" timestamp="2019-06-15T22:52:42.346">
  <trace-info objectcount="29297" scancount="23492" scanbytes="750908" />
  <finalization candidates="124" enqueued="0" />
  <ownableSynchronizers candidates="3" cleared="0" />
  <references type="soft" candidates="131" cleared="0" enqueued="0" dynamicThreshold="31" maxThreshold="32" />
  <references type="weak" candidates="755" cleared="2" enqueued="2" />
  <references type="phantom" candidates="63" cleared="0" enqueued="0" />
  <stringconstants candidates="3958" cleared="0"  />
</gc-op>
<gc-op id="25" type="classunload" timems="0.003" contextid="21" timestamp="2019-06-15T22:52:42.346">
  <classunload-info classloadercandidates="7" classloadersunloaded="0" classesunloaded="0" anonymousclassesunloaded="0" quiescems="0.074" setupms="0.002" scanms="0.001" postms="0.000" />
</gc-op>
<gc-op id="26" type="sweep" timems="1.695" contextid="21" timestamp="2019-06-15T22:52:42.348" />
<mem-info id="27" free="2089206968" total="2092630016" percent="99">
  <mem type="tenure" free="2089206968" total="2092630016" percent="99" micro-fragmented="29161" macro-fragmented="0">
    <mem type="soa" free="1984575672" total="1987998720" percent="99" />
    <mem type="loa" free="104631296" total="104631296" percent="100" />
  </mem>
  <pending-finalizers system="0" default="0" reference="2" classloader="0" />
</mem-info>
<gc-op id="28" type="compact" timems="13.929" contextid="21" timestamp="2019-06-15T22:52:42.362">
  <compact-info movecount="18201" movebytes="2917064" reason="compact to aid heap contraction" />
</gc-op>
<gc-end id="29" type="global" contextid="21" durationms="24.783" usertimems="24.000" systemtimems="12.000" timestamp="2019-06-15T22:52:42.363" activeThreads="4">
  <mem-info id="30" free="2089237256" total="2092630016" percent="99">
    <mem type="tenure" free="2089237256" total="2092630016" percent="99">
      <mem type="soa" free="1984605960" total="1987998720" percent="99" />
      <mem type="loa" free="104631296" total="104631296" percent="100" />
    </mem>
    <pending-finalizers system="0" default="0" reference="2" classloader="0" />
  </mem-info>
</gc-end>
<cycle-end id="31" type="global" contextid="21" timestamp="2019-06-15T22:52:42.363" />
  <attribute name="elasticGC enabled" value="1" />
  <attribute name= "numThreadsSpecified" value="4" />
  <attribute name="heapSize specified" value="2092630016" />
  <attribute name="Current GC Util" value="98" />
  <attribute name= "Current Time Running" value="631" />
  <attribute name ="GC Interval" value="0" />
  <attribute name="ProportionalT" value="117.000000" />
  <attribute name="ProportionalI" value="117.000000" />
  <attribute name="ProportionalH" value="117.000000" />
  <attribute name="Current Error" value="78.000000" />
  <attribute name="IntegralT" value="1092.000000" />
  <attribute name="IntegralI" value="1092.000000" />
  <attribute name="IntegralH" value="1092.000000" />
  <attribute name="DerivativeT" value="0.928571" />
  <attribute name="DerivativeI" value="0.928571" />
  <attribute name="DerivativeH" value="0.928571" />
  <attribute name="Loop Time for DT" value="14.000000" />
  <attribute name="Output H" value="8388608"/>
  <attribute name="Output I" value="1216"/>
  <attribute name="Output T" value="4"/>
  <attribute name="Target GC Util Change" value ="20.000000" />
  <attribute name="Current GC Util Change" value="98.000000"/>
  <attribute name="GC Util currently" value="98" />
  <attribute name="CPU Util currently" value="326484689185" />
<sys-end id="32" timestamp="2019-06-15T22:52:42.363" />
<exclusive-end id="33" timestamp="2019-06-15T22:52:42.363" durationms="25.613" />

<exclusive-start id="34" timestamp="2019-06-15T22:52:44.319" intervalms="1981.971">
  <response-info timems="0.090" idlems="0.052" threads="1" lastid="0000000001D19900" lastname="Thread-7" />
</exclusive-start>
<af-start id="35" threadId="0000000001D12A88" totalBytesRequested="40" timestamp="2019-06-15T22:52:44.320" intervalms="2021.010" />
<cycle-start id="36" type="global" contextid="0" timestamp="2019-06-15T22:52:44.320" intervalms="1982.208" />
<gc-start id="37" type="global" contextid="36" timestamp="2019-06-15T22:52:44.320">
  <mem-info id="38" free="104631296" total="2092630016" percent="4">
    <mem type="tenure" free="104631296" total="2092630016" percent="4">
      <mem type="soa" free="0" total="1987998720" percent="0" />
      <mem type="loa" free="104631296" total="104631296" percent="100" />
    </mem>
  </mem-info>
</gc-start>
<allocation-stats totalBytes="1984327104" >
  <allocated-bytes non-tlh="1608040" tlh="1982719064" />
  <largest-consumer threadName="Thread-8" threadId="0000000001D1D500" bytes="514114576" />
</allocation-stats>
<gc-op id="39" type="mark" timems="4.146" contextid="36" timestamp="2019-06-15T22:52:44.325">
  <trace-info objectcount="74851" scancount="66391" scanbytes="2482080" />
  <finalization candidates="124" enqueued="0" />
  <ownableSynchronizers candidates="3" cleared="0" />
  <references type="soft" candidates="148" cleared="0" enqueued="0" dynamicThreshold="31" maxThreshold="32" />
  <references type="weak" candidates="798" cleared="29" enqueued="28" />
  <references type="phantom" candidates="65" cleared="2" enqueued="2" />
  <stringconstants candidates="4598" cleared="1"  />
</gc-op>
<gc-op id="40" type="sweep" timems="2.391" contextid="36" timestamp="2019-06-15T22:52:44.327" />
<mem-info id="41" free="2085654744" total="2092630016" percent="99">
  <mem type="tenure" free="2085654744" total="2092630016" percent="99" micro-fragmented="820190" macro-fragmented="0">
    <mem type="soa" free="1981023448" total="1987998720" percent="99" />
    <mem type="loa" free="104631296" total="104631296" percent="100" />
  </mem>
  <pending-finalizers system="0" default="0" reference="30" classloader="0" />
</mem-info>
<gc-op id="42" type="compact" timems="15.271" contextid="36" timestamp="2019-06-15T22:52:44.343">
  <compact-info movecount="74229" movebytes="6009752" reason="compact to aid heap contraction" />
</gc-op>
<gc-end id="43" type="global" contextid="36" durationms="23.244" usertimems="32.000" systemtimems="8.000" timestamp="2019-06-15T22:52:44.343" activeThreads="4">
  <mem-info id="44" free="2086539120" total="2092630016" percent="99">
    <mem type="tenure" free="2086539120" total="2092630016" percent="99">
      <mem type="soa" free="1981907824" total="1987998720" percent="99" />
      <mem type="loa" free="104631296" total="104631296" percent="100" />
    </mem>
    <pending-finalizers system="0" default="0" reference="30" classloader="0" />
  </mem-info>
</gc-end>
<cycle-end id="45" type="global" contextid="36" timestamp="2019-06-15T22:52:44.344" />
  <attribute name="elasticGC enabled" value="1" />
  <attribute name= "numThreadsSpecified" value="4" />
  <attribute name="heapSize specified" value="2092630016" />
  <attribute name="Current GC Util" value="144" />
  <attribute name= "Current Time Running" value="2612" />
  <attribute name ="GC Interval" value="0" />
  <attribute name="ProportionalT" value="186.000000" />
  <attribute name="ProportionalI" value="186.000000" />
  <attribute name="ProportionalH" value="186.000000" />
  <attribute name="Current Error" value="124.000000" />
  <attribute name="IntegralT" value="1984.000000" />
  <attribute name="IntegralI" value="1984.000000" />
  <attribute name="IntegralH" value="1984.000000" />
  <attribute name="DerivativeT" value="-0.312500" />
  <attribute name="DerivativeI" value="-0.312500" />
  <attribute name="DerivativeH" value="-0.312500" />
  <attribute name="Loop Time for DT" value="16.000000" />
  <attribute name="Output H" value="8388608"/>
  <attribute name="Output I" value="2176"/>
  <attribute name="Output T" value="4"/>
  <attribute name="Target GC Util Change" value ="20.000000" />
  <attribute name="Current GC Util Change" value="144.000000"/>
  <attribute name="GC Util currently" value="144" />
  <attribute name="CPU Util currently" value="297930509298" />
<allocation-satisfied id="46" threadId="0000000001D12100" bytesRequested="40" />
<af-end id="47" timestamp="2019-06-15T22:52:44.344" threadId="0000000001D12A88" success="true" />
<exclusive-end id="48" timestamp="2019-06-15T22:52:44.344" durationms="24.819" />

<exclusive-start id="49" timestamp="2019-06-15T22:52:45.437" intervalms="1117.699">
  <response-info timems="0.038" idlems="0.038" threads="0" lastid="0000000001D1D500" lastname="Thread-8" />
</exclusive-start>
<af-start id="50" threadId="0000000001D1DE88" totalBytesRequested="24" timestamp="2019-06-15T22:52:45.437" intervalms="1117.758" />
<cycle-start id="51" type="global" contextid="0" timestamp="2019-06-15T22:52:45.438" intervalms="1117.737" />
<gc-start id="52" type="global" contextid="51" timestamp="2019-06-15T22:52:45.438">
  <mem-info id="53" free="104631296" total="2092630016" percent="4">
    <mem type="tenure" free="104631296" total="2092630016" percent="4">
      <mem type="soa" free="0" total="1987998720" percent="0" />
      <mem type="loa" free="104631296" total="104631296" percent="100" />
    </mem>
  </mem-info>
</gc-start>
<allocation-stats totalBytes="1981716728" >
  <allocated-bytes non-tlh="0" tlh="1981716728" />
  <largest-consumer threadName="Thread-9" threadId="0000000001D12100" bytes="601772952" />
</allocation-stats>
<gc-op id="54" type="mark" timems="3.836" contextid="51" timestamp="2019-06-15T22:52:45.442">
  <trace-info objectcount="77575" scancount="69159" scanbytes="2547328" />
  <finalization candidates="124" enqueued="0" />
  <ownableSynchronizers candidates="3" cleared="0" />
  <references type="soft" candidates="148" cleared="0" enqueued="0" dynamicThreshold="31" maxThreshold="32" />
  <references type="weak" candidates="769" cleared="0" enqueued="0" />
  <references type="phantom" candidates="63" cleared="0" enqueued="0" />
  <stringconstants candidates="4597" cleared="0"  />
</gc-op>
<gc-op id="55" type="sweep" timems="2.188" contextid="51" timestamp="2019-06-15T22:52:45.444" />
<mem-info id="56" free="2086287784" total="2092630016" percent="99">
  <mem type="tenure" free="2086287784" total="2092630016" percent="99" micro-fragmented="0" macro-fragmented="0">
    <mem type="soa" free="1981656488" total="1987998720" percent="99" />
    <mem type="loa" free="104631296" total="104631296" percent="100" />
  </mem>
</mem-info>
<gc-op id="57" type="compact" timems="12.640" contextid="51" timestamp="2019-06-15T22:52:45.457">
  <compact-info movecount="60740" movebytes="5348680" reason="compact to aid heap contraction" />
</gc-op>
<gc-end id="58" type="global" contextid="51" durationms="19.829" usertimems="40.000" systemtimems="0.000" timestamp="2019-06-15T22:52:45.458" activeThreads="4">
  <mem-info id="59" free="2086475264" total="2092630016" percent="99">
    <mem type="tenure" free="2086475264" total="2092630016" percent="99">
      <mem type="soa" free="1981843968" total="1987998720" percent="99" />
      <mem type="loa" free="104631296" total="104631296" percent="100" />
    </mem>
  </mem-info>
</gc-end>
<cycle-end id="60" type="global" contextid="51" timestamp="2019-06-15T22:52:45.458" />
  <attribute name="elasticGC enabled" value="1" />
  <attribute name= "numThreadsSpecified" value="4" />
  <attribute name="heapSize specified" value="2092630016" />
  <attribute name="Current GC Util" value="170" />
  <attribute name= "Current Time Running" value="3726" />
  <attribute name ="GC Interval" value="0" />
  <attribute name="ProportionalT" value="225.000000" />
  <attribute name="ProportionalI" value="225.000000" />
  <attribute name="ProportionalH" value="225.000000" />
  <attribute name="Current Error" value="150.000000" />
  <attribute name="IntegralT" value="1950.000000" />
  <attribute name="IntegralI" value="1950.000000" />
  <attribute name="IntegralH" value="1950.000000" />
  <attribute name="DerivativeT" value="-2.346154" />
  <attribute name="DerivativeI" value="-2.346154" />
  <attribute name="DerivativeH" value="-2.346154" />
  <attribute name="Loop Time for DT" value="13.000000" />
  <attribute name="Output H" value="8388608"/>
  <attribute name="Output I" value="2176"/>
  <attribute name="Output T" value="4"/>
  <attribute name="Target GC Util Change" value ="20.000000" />
  <attribute name="Current GC Util Change" value="170.000000"/>
  <attribute name="GC Util currently" value="170" />
  <attribute name="CPU Util currently" value="359444118749" />
<allocation-satisfied id="61" threadId="0000000001D1D500" bytesRequested="24" />
<af-end id="62" timestamp="2019-06-15T22:52:45.458" threadId="0000000001D1DE88" success="true" />
<exclusive-end id="63" timestamp="2019-06-15T22:52:45.458" durationms="21.143" />

<exclusive-start id="64" timestamp="2019-06-15T22:52:46.312" intervalms="874.945">
  <response-info timems="0.043" idlems="0.043" threads="0" lastid="0000000001D15D00" lastname="Thread-10" />
</exclusive-start>
<af-start id="65" threadId="0000000001D16688" totalBytesRequested="40" timestamp="2019-06-15T22:52:46.312" intervalms="874.848" />
<cycle-start id="66" type="global" contextid="0" timestamp="2019-06-15T22:52:46.312" intervalms="874.763" />
<gc-start id="67" type="global" contextid="66" timestamp="2019-06-15T22:52:46.313">
  <mem-info id="68" free="104631296" total="2092630016" percent="4">
    <mem type="tenure" free="104631296" total="2092630016" percent="4">
      <mem type="soa" free="0" total="1987998720" percent="0" />
      <mem type="loa" free="104631296" total="104631296" percent="100" />
    </mem>
  </mem-info>
</gc-start>
<allocation-stats totalBytes="1981787400" >
  <allocated-bytes non-tlh="0" tlh="1981787400" />
  <largest-consumer threadName="Thread-7" threadId="0000000001D19900" bytes="563804144" />
</allocation-stats>
<gc-op id="69" type="mark" timems="3.044" contextid="66" timestamp="2019-06-15T22:52:46.316">
  <trace-info objectcount="70771" scancount="62366" scanbytes="2385120" />
  <finalization candidates="124" enqueued="0" />
  <ownableSynchronizers candidates="3" cleared="0" />
  <references type="soft" candidates="148" cleared="0" enqueued="0" dynamicThreshold="31" maxThreshold="32" />
  <references type="weak" candidates="769" cleared="0" enqueued="0" />
  <references type="phantom" candidates="63" cleared="0" enqueued="0" />
  <stringconstants candidates="4597" cleared="0"  />
</gc-op>
<gc-op id="70" type="sweep" timems="1.381" contextid="66" timestamp="2019-06-15T22:52:46.317" />
<mem-info id="71" free="2086292584" total="2092630016" percent="99">
  <mem type="tenure" free="2086292584" total="2092630016" percent="99" micro-fragmented="141846" macro-fragmented="0">
    <mem type="soa" free="1981661288" total="1987998720" percent="99" />
    <mem type="loa" free="104631296" total="104631296" percent="100" />
  </mem>
</mem-info>
<gc-op id="72" type="compact" timems="4.324" contextid="66" timestamp="2019-06-15T22:52:46.322">
  <compact-info movecount="25369" movebytes="1114016" reason="compact to aid heap contraction" />
</gc-op>
<gc-end id="73" type="global" contextid="66" durationms="9.916" usertimems="28.000" systemtimems="0.000" timestamp="2019-06-15T22:52:46.322" activeThreads="4">
  <mem-info id="74" free="2086637472" total="2092630016" percent="99">
    <mem type="tenure" free="2086637472" total="2092630016" percent="99">
      <mem type="soa" free="1982006176" total="1987998720" percent="99" />
      <mem type="loa" free="104631296" total="104631296" percent="100" />
    </mem>
  </mem-info>
</gc-end>
<cycle-end id="75" type="global" contextid="66" timestamp="2019-06-15T22:52:46.323" />
  <attribute name="elasticGC enabled" value="1" />
  <attribute name= "numThreadsSpecified" value="4" />
  <attribute name="heapSize specified" value="2092630016" />
  <attribute name="Current GC Util" value="211" />
  <attribute name= "Current Time Running" value="4591" />
  <attribute name ="GC Interval" value="0" />
  <attribute name="ProportionalT" value="286.500000" />
  <attribute name="ProportionalI" value="286.500000" />
  <attribute name="ProportionalH" value="286.500000" />
  <attribute name="Current Error" value="191.000000" />
  <attribute name="IntegralT" value="955.000000" />
  <attribute name="IntegralI" value="955.000000" />
  <attribute name="IntegralH" value="955.000000" />
  <attribute name="DerivativeT" value="1.200000" />
  <attribute name="DerivativeI" value="1.200000" />
  <attribute name="DerivativeH" value="1.200000" />
  <attribute name="Loop Time for DT" value="5.000000" />
  <attribute name="Output H" value="8388608"/>
  <attribute name="Output I" value="1248"/>
  <attribute name="Output T" value="4"/>
  <attribute name="Target GC Util Change" value ="20.000000" />
  <attribute name="Current GC Util Change" value="211.000000"/>
  <attribute name="GC Util currently" value="211" />
  <attribute name="CPU Util currently" value="1029627014969" />
<allocation-satisfied id="76" threadId="0000000001D15D00" bytesRequested="40" />
<af-end id="77" timestamp="2019-06-15T22:52:46.323" threadId="0000000001D16688" success="true" />
<exclusive-end id="78" timestamp="2019-06-15T22:52:46.323" durationms="10.850" />

</verbosegc>

