<?xml version="1.0" ?>

<verbosegc xmlns="http://www.ibm.com/j9/verbosegc" version="10b4217_CMPRSS">

<initialized id="1" timestamp="2019-06-15T03:53:57.362">
  <attribute name="gcPolicy" value="-Xgcpolicy:optthruput" />
  <attribute name="elasticGC enabled" value="1" />
  <attribute name= "numThreadsSpecified" value="0" />
  <attribute name="heapSize specified" value="0" />
  <attribute name="Current GC Util" value="0" />
  <attribute name= "Current Time Running" value="0" />
  <attribute name ="GC Interval" value="0" />
  <attribute name="ProportionalT" value="0.000000" />
  <attribute name="ProportionalI" value="0.000000" />
  <attribute name="ProportionalH" value="0.000000" />
  <attribute name="IntegralT" value="0.000000" />
  <attribute name="IntegralI" value="0.000000" />
  <attribute name="IntegralH" value="0.000000" />
  <attribute name="DerivativeT" value="0.000000" />
  <attribute name="DerivativeI" value="0.000000" />
  <attribute name="DerivativeH" value="0.000000" />
  <attribute name="Target GC Util Change" value ="0.000000" />
  <attribute name="Current GC Util Change" value="0.000000"/>
  <attribute name="Current Error" value="0.000000" />
  <attribute name="Loop Time for DT" value="0.000000" />
  <attribute name="Output H" value="0"/>
  <attribute name="Output I" value="0"/>
  <attribute name="Output T" value="0"/>
  <attribute name="GC Util currently" value="0" />
  <attribute name="CPU Util currently" value="0" />
  <attribute name="maxHeapSize" value="0x7cbc0000" />
  <attribute name="initialHeapSize" value="0x800000" />
  <attribute name="compressedRefs" value="true" />
  <attribute name="compressedRefsDisplacement" value="0x0" />
  <attribute name="compressedRefsShift" value="0x0" />
  <attribute name="pageSize" value="0x1000" />
  <attribute name="pageType" value="not used" />
  <attribute name="requestedPageSize" value="0x1000" />
  <attribute name="requestedPageType" value="not used" />
  <attribute name="gcthreads" value="4" />
  <attribute name="packetListSplit" value="4" />
  <attribute name="cacheListSplit" value="4" />
  <attribute name="splitFreeListSplitAmount" value="1" />
  <attribute name="numaNodes" value="0" />
  <system>
    <attribute name="physicalMemory" value="8370962432" />
    <attribute name="numCPUs" value="4" />
    <attribute name="architecture" value="amd64" />
    <attribute name="os" value="Linux" />
    <attribute name="osVersion" value="4.4.0-148-generic" />
  </system>
  <vmargs>
    <vmarg name="-Xoptionsfile=/vagrant/jdk/lib/options.default" />
    <vmarg name="-Xlockword:mode=default,noLockword=java/lang/String,noLockword=java/util/MapEntry,noLockword=java/util/HashMap$Entry,noLockword..." />
    <vmarg name="-Xjcl:jclse29" />
    <vmarg name="-Dcom.ibm.oti.vm.bootstrap.library.path=/vagrant/jdk/lib/compressedrefs:/vagrant/jdk/lib" />
    <vmarg name="-Dsun.boot.library.path=/vagrant/jdk/lib/compressedrefs:/vagrant/jdk/lib" />
    <vmarg name="-Djava.library.path=/vagrant/jdk/lib/compressedrefs:/vagrant/jdk/lib:/usr/lib64:/usr/lib" />
    <vmarg name="-Djava.home=/vagrant/jdk" />
    <vmarg name="-Duser.dir=/vagrant" />
    <vmarg name="-Xgcpolicy:optthruput" />
    <vmarg name="-Xgcelastic" />
    <vmarg name="-Xcheck:gc:::elasticGC" />
    <vmarg name="-verbose:gc" />
    <vmarg name="-Xloggc:small-OPTTHRUPUT-jdk0.5-1-1.5-verbose16jython.txt" />
    <vmarg name="-Djava.class.path=dacapo-9.12-MR1-bach.jar" />
    <vmarg name="-Dsun.java.command=dacapo-9.12-MR1-bach.jar jython --size=small" />
    <vmarg name="-Dsun.java.launcher=SUN_STANDARD" />
    <vmarg name="-Dsun.java.launcher.pid=6117" />
  </vmargs>
</initialized>

<exclusive-start id="2" timestamp="2019-06-15T03:53:59.011" intervalms="1649.286">
  <response-info timems="0.023" idlems="0.023" threads="0" lastid="000000000228A700" lastname="main" />
</exclusive-start>
<af-start id="3" threadId="000000000228B088" totalBytesRequested="2056" timestamp="2019-06-15T03:53:59.012" intervalms="1649.515" />
<cycle-start id="4" type="global" contextid="0" timestamp="2019-06-15T03:53:59.012" intervalms="1649.768" />
<gc-start id="5" type="global" contextid="4" timestamp="2019-06-15T03:53:59.012">
  <mem-info id="6" free="418816" total="8388608" percent="4">
    <mem type="tenure" free="418816" total="8388608" percent="4">
      <mem type="soa" free="0" total="7969792" percent="0" />
      <mem type="loa" free="418816" total="418816" percent="100" />
    </mem>
  </mem-info>
</gc-start>
<allocation-stats totalBytes="7880984" >
  <allocated-bytes non-tlh="357688" tlh="7523296" />
  <largest-consumer threadName="main" threadId="000000000228A700" bytes="7808560" />
</allocation-stats>
<gc-op id="7" type="mark" timems="1.616" contextid="4" timestamp="2019-06-15T03:53:59.014">
  <trace-info objectcount="17668" scancount="14611" scanbytes="460792" />
  <finalization candidates="14" enqueued="1" />
  <references type="soft" candidates="63" cleared="0" enqueued="0" dynamicThreshold="32" maxThreshold="32" />
  <references type="weak" candidates="544" cleared="401" enqueued="362" />
  <references type="phantom" candidates="105" cleared="44" enqueued="44" />
  <stringconstants candidates="2406" cleared="0"  />
</gc-op>
<gc-op id="8" type="classunload" timems="0.046" contextid="4" timestamp="2019-06-15T03:53:59.014">
  <classunload-info classloadercandidates="5" classloadersunloaded="0" classesunloaded="0" anonymousclassesunloaded="0" quiescems="0.000" setupms="0.046" scanms="0.000" postms="0.000" />
</gc-op>
<gc-op id="9" type="sweep" timems="0.480" contextid="4" timestamp="2019-06-15T03:53:59.014" />
<mem-info id="10" free="7187104" total="8388608" percent="85">
  <mem type="tenure" free="7187104" total="8388608" percent="85" micro-fragmented="217509" macro-fragmented="0">
    <mem type="soa" free="6768288" total="7969792" percent="84" />
    <mem type="loa" free="418816" total="418816" percent="100" />
  </mem>
  <pending-finalizers system="1" default="0" reference="406" classloader="0" />
</mem-info>
<gc-op id="11" type="compact" timems="4.105" contextid="4" timestamp="2019-06-15T03:53:59.019">
  <compact-info movecount="17667" movebytes="963208" reason="compact to aid heap contraction" />
</gc-op>
<heap-resize id="12" type="expand" space="tenure" amount="2084241408" count="1" timems="0.060" reason="satisfy allocation request" timestamp="2019-06-15T03:53:59.019" />
<gc-end id="13" type="global" contextid="4" durationms="7.518" usertimems="8.000" systemtimems="0.000" timestamp="2019-06-15T03:53:59.019" activeThreads="4">
  <mem-info id="14" free="2091601184" total="2092630016" percent="99">
    <mem type="tenure" free="2091601184" total="2092630016" percent="99">
      <mem type="soa" free="1986969888" total="1987998720" percent="99" />
      <mem type="loa" free="104631296" total="104631296" percent="100" />
    </mem>
    <pending-finalizers system="1" default="0" reference="406" classloader="0" />
  </mem-info>
</gc-end>
<cycle-end id="15" type="global" contextid="4" timestamp="2019-06-15T03:53:59.020" />
  <attribute name="elasticGC enabled" value="1" />
  <attribute name= "numThreadsSpecified" value="4" />
  <attribute name="heapSize specified" value="8388608" />
  <attribute name="Current GC Util" value="32" />
  <attribute name= "Current Time Running" value="1536" />
  <attribute name ="GC Interval" value="0" />
  <attribute name="ProportionalT" value="6.000000" />
  <attribute name="ProportionalI" value="6.000000" />
  <attribute name="ProportionalH" value="6.000000" />
  <attribute name="Current Error" value="12.000000" />
  <attribute name="IntegralT" value="-30399.000000" />
  <attribute name="IntegralI" value="-30399.000000" />
  <attribute name="IntegralH" value="-30399.000000" />
  <attribute name="DerivativeT" value="4.500000" />
  <attribute name="DerivativeI" value="4.500000" />
  <attribute name="DerivativeH" value="4.500000" />
  <attribute name="Loop Time for DT" value="4.000000" />
  <attribute name="Output H" value="2092630016"/>
  <attribute name="Output I" value="200"/>
  <attribute name="Output T" value="4"/>
  <attribute name="Target GC Util Change" value ="20.000000" />
  <attribute name="Current GC Util Change" value="32.000000"/>
  <attribute name="GC Util currently" value="32" />
  <attribute name="CPU Util currently" value="1092555362557" />
<allocation-satisfied id="16" threadId="000000000228A700" bytesRequested="2056" />
<af-end id="17" timestamp="2019-06-15T03:53:59.020" threadId="000000000228B088" success="true" />
<exclusive-end id="18" timestamp="2019-06-15T03:53:59.020" durationms="8.576" />

<exclusive-start id="19" timestamp="2019-06-15T03:54:03.996" intervalms="4985.183">
  <response-info timems="0.024" idlems="0.024" threads="0" lastid="000000000228A700" lastname="main" />
</exclusive-start>
<sys-start reason="explicit" id="20" timestamp="2019-06-15T03:54:03.997" intervalms="6634.605" />
<cycle-start id="21" type="global" contextid="0" timestamp="2019-06-15T03:54:03.997" intervalms="4984.947" />
<gc-start id="22" type="global" contextid="21" timestamp="2019-06-15T03:54:03.997">
  <mem-info id="23" free="2021642624" total="2092630016" percent="96">
    <mem type="tenure" free="2021642624" total="2092630016" percent="96">
      <mem type="soa" free="1917011328" total="1987998720" percent="96" />
      <mem type="loa" free="104631296" total="104631296" percent="100" />
    </mem>
  </mem-info>
</gc-start>
<allocation-stats totalBytes="69988192" >
  <allocated-bytes non-tlh="3419040" tlh="66569152" />
  <largest-consumer threadName="main" threadId="000000000228A700" bytes="69914224" />
</allocation-stats>
<gc-op id="24" type="mark" timems="12.138" contextid="21" timestamp="2019-06-15T03:54:04.009">
  <trace-info objectcount="75490" scancount="63021" scanbytes="2111284" />
  <finalization candidates="81" enqueued="1" />
  <ownableSynchronizers candidates="22" cleared="0" />
  <references type="soft" candidates="1640" cleared="0" enqueued="0" dynamicThreshold="31" maxThreshold="32" />
  <references type="weak" candidates="5231" cleared="734" enqueued="570" />
  <references type="phantom" candidates="115" cleared="15" enqueued="15" />
  <stringconstants candidates="8680" cleared="15"  />
</gc-op>
<gc-op id="25" type="classunload" timems="0.401" contextid="21" timestamp="2019-06-15T03:54:04.010">
  <classunload-info classloadercandidates="17" classloadersunloaded="1" classesunloaded="1" anonymousclassesunloaded="0" quiescems="0.000" setupms="0.391" scanms="0.008" postms="0.002" />
</gc-op>
<gc-op id="26" type="sweep" timems="1.623" contextid="21" timestamp="2019-06-15T03:54:04.011" />
<mem-info id="27" free="2087390280" total="2092630016" percent="99">
  <mem type="tenure" free="2087390280" total="2092630016" percent="99" micro-fragmented="673513" macro-fragmented="0">
    <mem type="soa" free="1982758984" total="1987998720" percent="99" />
    <mem type="loa" free="104631296" total="104631296" percent="100" />
  </mem>
  <pending-finalizers system="1" default="0" reference="585" classloader="0" />
</mem-info>
<gc-op id="28" type="compact" timems="19.202" contextid="21" timestamp="2019-06-15T03:54:04.031">
  <compact-info movecount="74822" movebytes="4257632" reason="compact to aid heap contraction" />
</gc-op>
<gc-end id="29" type="global" contextid="21" durationms="34.380" usertimems="52.000" systemtimems="16.000" timestamp="2019-06-15T03:54:04.031" activeThreads="4">
  <mem-info id="30" free="2088353840" total="2092630016" percent="99">
    <mem type="tenure" free="2088353840" total="2092630016" percent="99">
      <mem type="soa" free="1983722544" total="1987998720" percent="99" />
      <mem type="loa" free="104631296" total="104631296" percent="100" />
    </mem>
    <pending-finalizers system="1" default="0" reference="585" classloader="0" />
  </mem-info>
</gc-end>
<cycle-end id="31" type="global" contextid="21" timestamp="2019-06-15T03:54:04.031" />
  <attribute name="elasticGC enabled" value="1" />
  <attribute name= "numThreadsSpecified" value="4" />
  <attribute name="heapSize specified" value="2092630016" />
  <attribute name="Current GC Util" value="146" />
  <attribute name= "Current Time Running" value="6548" />
  <attribute name ="GC Interval" value="0" />
  <attribute name="ProportionalT" value="63.000000" />
  <attribute name="ProportionalI" value="63.000000" />
  <attribute name="ProportionalH" value="63.000000" />
  <attribute name="Current Error" value="126.000000" />
  <attribute name="IntegralT" value="2394.000000" />
  <attribute name="IntegralI" value="2394.000000" />
  <attribute name="IntegralH" value="2394.000000" />
  <attribute name="DerivativeT" value="0.078947" />
  <attribute name="DerivativeI" value="0.078947" />
  <attribute name="DerivativeH" value="0.078947" />
  <attribute name="Loop Time for DT" value="19.000000" />
  <attribute name="Output H" value="8388608"/>
  <attribute name="Output I" value="2464"/>
  <attribute name="Output T" value="4"/>
  <attribute name="Target GC Util Change" value ="20.000000" />
  <attribute name="Current GC Util Change" value="146.000000"/>
  <attribute name="GC Util currently" value="146" />
  <attribute name="CPU Util currently" value="238594564646" />
<sys-end id="32" timestamp="2019-06-15T03:54:04.031" />
<exclusive-end id="33" timestamp="2019-06-15T03:54:04.032" durationms="35.071" />

</verbosegc>

