<?xml version="1.0" ?>

<verbosegc xmlns="http://www.ibm.com/j9/verbosegc" version="10b4217_CMPRSS">

<initialized id="1" timestamp="2019-06-17T04:31:10.408">
  <attribute name="gcPolicy" value="-Xgcpolicy:balanced" />
  <attribute name="elasticGC enabled" value="1" />
  <attribute name= "numThreadsSpecified" value="0" />
  <attribute name="heapSize specified" value="0" />
  <attribute name="Current GC Util" value="0" />
  <attribute name= "Current Time Running" value="0" />
  <attribute name ="GC Interval" value="0" />
  <attribute name="ProportionalT" value="0.000000" />
  <attribute name="ProportionalI" value="0.000000" />
  <attribute name="ProportionalH" value="0.000000" />
  <attribute name="IntegralT" value="0.000000" />
  <attribute name="IntegralI" value="0.000000" />
  <attribute name="IntegralH" value="0.000000" />
  <attribute name="DerivativeT" value="0.000000" />
  <attribute name="DerivativeI" value="0.000000" />
  <attribute name="DerivativeH" value="0.000000" />
  <attribute name="Target GC Util Change" value ="0.000000" />
  <attribute name="Current GC Util Change" value="0.000000"/>
  <attribute name="Current Error" value="0.000000" />
  <attribute name="Loop Time for DT" value="0.000000" />
  <attribute name="Output H" value="0"/>
  <attribute name="Output I" value="0"/>
  <attribute name="Output T" value="0"/>
  <attribute name="GC Util currently" value="0" />
  <attribute name="CPU Util currently" value="0" />
  <attribute name="maxHeapSize" value="0x7cb00000" />
  <attribute name="initialHeapSize" value="0x800000" />
  <attribute name="compressedRefs" value="true" />
  <attribute name="compressedRefsDisplacement" value="0x0" />
  <attribute name="compressedRefsShift" value="0x0" />
  <attribute name="pageSize" value="0x1000" />
  <attribute name="pageType" value="not used" />
  <attribute name="requestedPageSize" value="0x1000" />
  <attribute name="requestedPageType" value="not used" />
  <attribute name="gcthreads" value="4" />
  <attribute name="packetListSplit" value="4" />
  <attribute name="cacheListSplit" value="4" />
  <attribute name="splitFreeListSplitAmount" value="1" />
  <attribute name="numaNodes" value="0" />
  <region>
    <attribute name="regionSize" value="1048576" />
    <attribute name="regionCount" value="1995" />
    <attribute name="arrayletLeafSize" value="1048576" />
  </region>
  <system>
    <attribute name="physicalMemory" value="8370958336" />
    <attribute name="numCPUs" value="4" />
    <attribute name="architecture" value="amd64" />
    <attribute name="os" value="Linux" />
    <attribute name="osVersion" value="4.4.0-150-generic" />
  </system>
  <vmargs>
    <vmarg name="-Xoptionsfile=/vagrant/jdk/lib/options.default" />
    <vmarg name="-Xlockword:mode=default,noLockword=java/lang/String,noLockword=java/util/MapEntry,noLockword=java/util/HashMap$Entry,noLockword..." />
    <vmarg name="-Xjcl:jclse29" />
    <vmarg name="-Dcom.ibm.oti.vm.bootstrap.library.path=/vagrant/jdk/lib/compressedrefs:/vagrant/jdk/lib" />
    <vmarg name="-Dsun.boot.library.path=/vagrant/jdk/lib/compressedrefs:/vagrant/jdk/lib" />
    <vmarg name="-Djava.library.path=/vagrant/jdk/lib/compressedrefs:/vagrant/jdk/lib:/usr/lib64:/usr/lib" />
    <vmarg name="-Djava.home=/vagrant/jdk" />
    <vmarg name="-Duser.dir=/vagrant" />
    <vmarg name="-Xgcpolicy:balanced" />
    <vmarg name="-Xgcelastic" />
    <vmarg name="-Xcheck:gc:::elasticGC" />
    <vmarg name="-verbose:gc" />
    <vmarg name="-Xloggc:jdk1.5-1-1.5-large-BAL-4CORE-elasticverbose14jython.txt" />
    <vmarg name="-Djava.class.path=dacapo-9.12-MR1-bach.jar" />
    <vmarg name="-Dsun.java.command=dacapo-9.12-MR1-bach.jar jython --size=large" />
    <vmarg name="-Dsun.java.launcher=SUN_STANDARD" />
    <vmarg name="-Dsun.java.launcher.pid=8627" />
  </vmargs>
</initialized>

<exclusive-start id="2" timestamp="2019-06-17T04:31:36.130" intervalms="25721.686">
  <response-info timems="0.171" idlems="0.171" threads="0" lastid="0000000002320700" lastname="main" />
</exclusive-start>
<allocation-taxation id="3" taxation-threshold="8388608" timestamp="2019-06-17T04:31:36.132" intervalms="25723.580" />
<cycle-start id="4" type="partial gc" contextid="0" timestamp="2019-06-17T04:31:36.134" intervalms="25725.889" />
<gc-start id="5" type="partial gc" contextid="4" timestamp="2019-06-17T04:31:36.136">
  <mem-info id="6" free="0" total="8388608" percent="0">
    <mem type="eden" free="80" total="8388608" percent="0" />
    <remembered-set count="0" freebytes="334848" totalbytes="334848" percent="100" regionsoverflowed="0" regionsstable="0" regionsrebuilding="0"/>
  </mem-info>
</gc-start>
<allocation-stats totalBytes="8314296" >
  <allocated-bytes non-tlh="357600" tlh="7956696" arrayletleaf="0"/>
  <largest-consumer threadName="main" threadId="0000000002320700" bytes="8240720" />
</allocation-stats>
<gc-op id="7" type="mark" timems="12.484" contextid="4" timestamp="2019-06-17T04:31:36.156">
  <trace-info objectcount="17715" scancount="14028" scanbytes="460928" />
  <remembered-set-cleared processed="0" cleared="0" durationms="0.851" />
  <finalization candidates="14" enqueued="1" />
  <references type="soft" candidates="63" cleared="0" enqueued="0" dynamicThreshold="32" maxThreshold="32" />
  <references type="weak" candidates="544" cleared="401" enqueued="362" />
  <references type="phantom" candidates="105" cleared="44" enqueued="44" />
  <stringconstants candidates="2406" cleared="0"  />
  <warning details="Mark for calibration purposes" />
</gc-op>
<gc-op id="8" type="classunload" timems="0.230" contextid="4" timestamp="2019-06-17T04:31:36.156">
  <classunload-info classloadercandidates="5" classloadersunloaded="0" classesunloaded="0" anonymousclassesunloaded="0" quiescems="0.000" setupms="0.229" scanms="0.000" postms="0.000" />
</gc-op>
<gc-op id="9" type="sweep" timems="3.071" contextid="4" timestamp="2019-06-17T04:31:36.161" />
<gc-op id="10" type="compact" timems="15.957" contextid="4" timestamp="2019-06-17T04:31:36.179">
  <compact-info movecount="17715" movebytes="963328" />
  <remembered-set-cleared processed="0" cleared="0" durationms="0.851" />
</gc-op>
<gc-end id="11" type="partial gc" contextid="4" durationms="45.209" usertimems="28.000" systemtimems="32.000" timestamp="2019-06-17T04:31:36.181" activeThreads="4">
  <mem-info id="12" free="7340032" total="8388608" percent="87">
    <mem type="eden" free="85248" total="1048576" percent="8" />
    <pending-finalizers system="1" default="0" reference="406" classloader="0" />
    <remembered-set count="0" freebytes="334848" totalbytes="334848" percent="100" regionsoverflowed="0" regionsstable="0" regionsrebuilding="0"/>
  </mem-info>
</gc-end>
<cycle-end id="13" type="partial gc" contextid="4" timestamp="2019-06-17T04:31:36.181" />
  <attribute name="elasticGC enabled" value="1" />
  <attribute name= "numThreadsSpecified" value="4" />
  <attribute name="heapSize specified" value="0" />
  <attribute name="Current GC Util" value="40" />
  <attribute name= "Current Time Running" value="25600" />
  <attribute name ="GC Interval" value="0" />
  <attribute name="ProportionalT" value="30.000000" />
  <attribute name="ProportionalI" value="30.000000" />
  <attribute name="ProportionalH" value="30.000000" />
  <attribute name="Current Error" value="20.000000" />
  <attribute name="IntegralT" value="-509576.000000" />
  <attribute name="IntegralI" value="-509576.000000" />
  <attribute name="IntegralH" value="-509576.000000" />
  <attribute name="DerivativeT" value="-25.500000" />
  <attribute name="DerivativeI" value="-25.500000" />
  <attribute name="DerivativeH" value="-25.500000" />
  <attribute name="Loop Time for DT" value="5.000000" />
  <attribute name="Output H" value="2091843584"/>
  <attribute name="Output I" value="200"/>
  <attribute name="Output T" value="4"/>
  <attribute name="Target GC Util Change" value ="20.000000" />
  <attribute name="Current GC Util Change" value="40.000000"/>
  <attribute name="GC Util currently" value="40" />
  <attribute name="CPU Util currently" value="884808069304" />
<exclusive-end id="14" timestamp="2019-06-17T04:31:36.182" durationms="52.140" />

<exclusive-start id="15" timestamp="2019-06-17T04:31:48.916" intervalms="12786.325">
  <response-info timems="0.061" idlems="0.061" threads="0" lastid="0000000002320700" lastname="main" />
</exclusive-start>
<allocation-taxation id="16" taxation-threshold="7340032" timestamp="2019-06-17T04:31:48.916" intervalms="12784.612" />
<cycle-start id="17" type="partial gc" contextid="0" timestamp="2019-06-17T04:31:48.917" intervalms="12782.644" />
<gc-start id="18" type="partial gc" contextid="17" timestamp="2019-06-17T04:31:48.917">
  <mem-info id="19" free="0" total="8388608" percent="0">
    <mem type="eden" free="85248" total="8388608" percent="1" />
    <remembered-set count="0" freebytes="334848" totalbytes="334848" percent="100" regionsoverflowed="0" regionsstable="0" regionsrebuilding="0"/>
  </mem-info>
</gc-start>
<allocation-stats totalBytes="7330128" >
  <allocated-bytes non-tlh="569856" tlh="6760272" arrayletleaf="0"/>
  <largest-consumer threadName="main" threadId="0000000002320700" bytes="7321848" />
</allocation-stats>
<gc-op id="20" type="mark" timems="1.507" contextid="17" timestamp="2019-06-17T04:31:48.919">
  <trace-info objectcount="19024" scancount="15068" scanbytes="511304" />
  <remembered-set-cleared processed="0" cleared="0" durationms="0.061" />
  <finalization candidates="22" enqueued="0" />
  <ownableSynchronizers candidates="16" cleared="0" />
  <references type="soft" candidates="67" cleared="0" enqueued="0" dynamicThreshold="28" maxThreshold="32" />
  <references type="weak" candidates="682" cleared="364" enqueued="256" />
  <references type="phantom" candidates="88" cleared="2" enqueued="2" />
  <stringconstants candidates="2592" cleared="0"  />
  <warning details="Mark invoked due to insufficient free space for Copy-Forward" />
</gc-op>
<gc-op id="21" type="classunload" timems="0.001" contextid="17" timestamp="2019-06-17T04:31:48.919">
  <classunload-info classloadercandidates="6" classloadersunloaded="0" classesunloaded="0" anonymousclassesunloaded="0" quiescems="0.000" setupms="0.001" scanms="0.000" postms="0.000" />
</gc-op>
<gc-op id="22" type="sweep" timems="0.315" contextid="17" timestamp="2019-06-17T04:31:48.920" />
<gc-op id="23" type="compact" timems="2.880" contextid="17" timestamp="2019-06-17T04:31:48.923">
  <compact-info movecount="19020" movebytes="1506424" />
  <remembered-set-cleared processed="0" cleared="0" durationms="0.061" />
</gc-op>
<gc-end id="24" type="partial gc" contextid="17" durationms="6.057" usertimems="8.000" systemtimems="0.000" timestamp="2019-06-17T04:31:48.923" activeThreads="4">
  <mem-info id="25" free="6291456" total="8388608" percent="75">
    <mem type="eden" free="590464" total="2097152" percent="28" />
    <pending-finalizers system="0" default="0" reference="258" classloader="0" />
    <remembered-set count="1536" freebytes="328704" totalbytes="334848" percent="98" regionsoverflowed="0" regionsstable="0" regionsrebuilding="0"/>
  </mem-info>
</gc-end>
<cycle-end id="26" type="partial gc" contextid="17" timestamp="2019-06-17T04:31:48.923" />
  <attribute name="elasticGC enabled" value="1" />
  <attribute name= "numThreadsSpecified" value="4" />
  <attribute name="heapSize specified" value="0" />
  <attribute name="Current GC Util" value="21" />
  <attribute name= "Current Time Running" value="38357" />
  <attribute name ="GC Interval" value="0" />
  <attribute name="ProportionalT" value="1.500000" />
  <attribute name="ProportionalI" value="1.500000" />
  <attribute name="ProportionalH" value="1.500000" />
  <attribute name="Current Error" value="1.000000" />
  <attribute name="IntegralT" value="1.000000" />
  <attribute name="IntegralI" value="1.000000" />
  <attribute name="IntegralH" value="1.000000" />
  <attribute name="DerivativeT" value="-156.000000" />
  <attribute name="DerivativeI" value="-156.000000" />
  <attribute name="DerivativeH" value="-156.000000" />
  <attribute name="Loop Time for DT" value="1.000000" />
  <attribute name="Output H" value="2091843584"/>
  <attribute name="Output I" value="200"/>
  <attribute name="Output T" value="4"/>
  <attribute name="Target GC Util Change" value ="20.000000" />
  <attribute name="Current GC Util Change" value="21.000000"/>
  <attribute name="GC Util currently" value="21" />
  <attribute name="CPU Util currently" value="7481426591865" />
<exclusive-end id="27" timestamp="2019-06-17T04:31:48.923" durationms="7.168" />

<exclusive-start id="28" timestamp="2019-06-17T04:31:49.063" intervalms="146.819">
  <response-info timems="0.024" idlems="0.024" threads="0" lastid="0000000002320700" lastname="main" />
</exclusive-start>
<allocation-taxation id="29" taxation-threshold="3145728" timestamp="2019-06-17T04:31:49.063" intervalms="146.724" />
<cycle-start id="30" type="global mark phase" contextid="0" timestamp="2019-06-17T04:31:49.063" intervalms="38655.233" />
<gc-start id="31" type="global mark phase" contextid="30" timestamp="2019-06-17T04:31:49.063">
  <mem-info id="32" free="3145728" total="8388608" percent="37">
    <remembered-set count="1536" freebytes="328704" totalbytes="334848" percent="98" regionsoverflowed="0" regionsstable="0" regionsrebuilding="0"/>
  </mem-info>
</gc-start>
<gc-op id="33" type="mark increment" timems="0.774" contextid="30" timestamp="2019-06-17T04:31:49.064">
  <trace-info objectcount="130" scancount="0" scanbytes="0" />
</gc-op>
<gc-end id="34" type="global mark phase" contextid="30" durationms="0.877" usertimems="0.000" systemtimems="0.000" timestamp="2019-06-17T04:31:49.064" activeThreads="1">
  <mem-info id="35" free="3145728" total="8388608" percent="37">
    <remembered-set count="1536" freebytes="328704" totalbytes="334848" percent="98" regionsoverflowed="0" regionsstable="0" regionsrebuilding="0"/>
  </mem-info>
</gc-end>
<concurrent-start id="36" type="GMP work packet processing" contextid="30" timestamp="2019-06-17T04:31:49.064">
  <concurrent-mark-start scanTarget="18446744073709551615" />
</concurrent-start>
<exclusive-end id="37" timestamp="2019-06-17T04:31:49.066" durationms="2.666" />

<concurrent-end id="38" type="GMP work packet processing" contextid="30" timestamp="2019-06-17T04:31:49.066">
  <concurrent-mark-end bytesScanned="761840" reasonForTermination="Completed all work in GC phase" />
</concurrent-end>

<exclusive-start id="39" timestamp="2019-06-17T04:31:49.167" intervalms="104.008">
  <response-info timems="0.057" idlems="0.057" threads="0" lastid="0000000002320700" lastname="main" />
</exclusive-start>
<allocation-taxation id="40" taxation-threshold="3145728" timestamp="2019-06-17T04:31:49.167" intervalms="104.071" />
<cycle-start id="41" type="partial gc" contextid="0" timestamp="2019-06-17T04:31:49.167" intervalms="250.751" />
<gc-start id="42" type="partial gc" contextid="41" timestamp="2019-06-17T04:31:49.168">
  <mem-info id="43" free="0" total="8388608" percent="0">
    <mem type="eden" free="0" total="6291456" percent="0" />
    <remembered-set count="1536" freebytes="328704" totalbytes="334848" percent="98" regionsoverflowed="0" regionsstable="0" regionsrebuilding="0"/>
  </mem-info>
</gc-start>
<allocation-stats totalBytes="6286184" >
  <allocated-bytes non-tlh="317624" tlh="5968560" arrayletleaf="0"/>
  <largest-consumer threadName="main" threadId="0000000002320700" bytes="3143272" />
</allocation-stats>
<gc-op id="44" type="mark" timems="2.181" contextid="41" timestamp="2019-06-17T04:31:49.170">
  <trace-info objectcount="19610" scancount="15592" scanbytes="520016" />
  <cardclean-info objects="809" bytes="36228" />
  <remembered-set-cleared processed="207" cleared="207" durationms="0.045" />
  <finalization candidates="50" enqueued="1" />
  <ownableSynchronizers candidates="17" cleared="0" />
  <references type="soft" candidates="358" cleared="0" enqueued="0" dynamicThreshold="12" maxThreshold="32" />
  <references type="weak" candidates="1252" cleared="156" enqueued="142" />
  <references type="phantom" candidates="41" cleared="4" enqueued="4" />
  <stringconstants candidates="4540" cleared="0"  />
  <warning details="Mark invoked due to insufficient free space for Copy-Forward" />
</gc-op>
<gc-op id="45" type="classunload" timems="0.002" contextid="41" timestamp="2019-06-17T04:31:49.171">
  <classunload-info classloadercandidates="10" classloadersunloaded="0" classesunloaded="0" anonymousclassesunloaded="0" quiescems="0.000" setupms="0.002" scanms="0.000" postms="0.000" />
</gc-op>
<gc-op id="46" type="sweep" timems="0.438" contextid="41" timestamp="2019-06-17T04:31:49.171" />
<gc-op id="47" type="compact" timems="3.621" contextid="41" timestamp="2019-06-17T04:31:49.175">
  <compact-info movecount="19598" movebytes="1351120" />
  <remembered-set-cleared processed="3250" cleared="3250" durationms="0.053" />
</gc-op>
<gc-end id="48" type="partial gc" contextid="41" durationms="7.617" usertimems="8.000" systemtimems="0.000" timestamp="2019-06-17T04:31:49.175" activeThreads="1">
  <mem-info id="49" free="5242880" total="8388608" percent="62">
    <mem type="eden" free="401344" total="1048576" percent="38" />
    <pending-finalizers system="1" default="0" reference="146" classloader="0" />
    <remembered-set count="3264" freebytes="321792" totalbytes="334848" percent="96" regionsoverflowed="0" regionsstable="0" regionsrebuilding="0"/>
  </mem-info>
</gc-end>
<cycle-end id="50" type="partial gc" contextid="41" timestamp="2019-06-17T04:31:49.175" />
  <attribute name="elasticGC enabled" value="1" />
  <attribute name= "numThreadsSpecified" value="1" />
  <attribute name="heapSize specified" value="0" />
  <attribute name="Current GC Util" value="27" />
  <attribute name= "Current Time Running" value="38608" />
  <attribute name ="GC Interval" value="0" />
  <attribute name="ProportionalT" value="10.500000" />
  <attribute name="ProportionalI" value="10.500000" />
  <attribute name="ProportionalH" value="10.500000" />
  <attribute name="Current Error" value="7.000000" />
  <attribute name="IntegralT" value="0.000000" />
  <attribute name="IntegralI" value="0.000000" />
  <attribute name="IntegralH" value="0.000000" />
  <attribute name="DerivativeT" value="inf" />
  <attribute name="DerivativeI" value="inf" />
  <attribute name="DerivativeH" value="inf" />
  <attribute name="Loop Time for DT" value="0.000000" />
  <attribute name="Output H" value="8388608"/>
  <attribute name="Output I" value="200"/>
  <attribute name="Output T" value="1"/>
  <attribute name="Target GC Util Change" value ="20.000000" />
  <attribute name="Current GC Util Change" value="27.000000"/>
  <attribute name="GC Util currently" value="27" />
  <attribute name="CPU Util currently" value="7143731718025" />
<exclusive-end id="51" timestamp="2019-06-17T04:31:49.176" durationms="8.651" />

<exclusive-start id="52" timestamp="2019-06-17T04:31:52.119" intervalms="2951.629">
  <response-info timems="0.029" idlems="0.029" threads="0" lastid="0000000002320700" lastname="main" />
</exclusive-start>
<allocation-taxation id="53" taxation-threshold="2097152" timestamp="2019-06-17T04:31:52.119" intervalms="2951.581" />
<gc-start id="54" type="global mark phase" contextid="30" timestamp="2019-06-17T04:31:52.119">
  <mem-info id="55" free="3145728" total="8388608" percent="37">
    <remembered-set count="2912" freebytes="323200" totalbytes="334848" percent="96" regionsoverflowed="0" regionsstable="0" regionsrebuilding="0"/>
  </mem-info>
</gc-start>
<gc-op id="56" type="mark increment" timems="2.332" contextid="30" timestamp="2019-06-17T04:31:52.121">
  <trace-info objectcount="22557" scancount="18246" scanbytes="621160" />
  <cardclean-info objects="871" bytes="38780" />
  <finalization candidates="62" enqueued="0" />
  <ownableSynchronizers candidates="17" cleared="0" />
  <references type="soft" candidates="584" cleared="0" enqueued="0" dynamicThreshold="20" maxThreshold="32" />
  <references type="weak" candidates="1416" cleared="7" enqueued="7" />
  <references type="phantom" candidates="96" cleared="2" enqueued="2" />
  <stringconstants candidates="4893" cleared="0"  />
</gc-op>
<gc-op id="57" type="classunload" timems="0.004" contextid="30" timestamp="2019-06-17T04:31:52.121">
  <classunload-info classloadercandidates="10" classloadersunloaded="0" classesunloaded="0" anonymousclassesunloaded="0" quiescems="0.000" setupms="0.003" scanms="0.000" postms="0.000" />
</gc-op>
<gc-end id="58" type="global mark phase" contextid="30" durationms="2.652" usertimems="4.000" systemtimems="0.000" timestamp="2019-06-17T04:31:52.122" activeThreads="4">
  <mem-info id="59" free="3145728" total="8388608" percent="37">
    <pending-finalizers system="0" default="0" reference="9" classloader="0" />
    <remembered-set count="2912" freebytes="323200" totalbytes="334848" percent="96" regionsoverflowed="0" regionsstable="0" regionsrebuilding="0"/>
  </mem-info>
</gc-end>
<cycle-end id="60" type="global mark phase" contextid="30" timestamp="2019-06-17T04:31:52.122" />
  <attribute name="elasticGC enabled" value="1" />
  <attribute name= "numThreadsSpecified" value="4" />
  <attribute name="heapSize specified" value="0" />
  <attribute name="Current GC Util" value="85" />
  <attribute name= "Current Time Running" value="41558" />
  <attribute name ="GC Interval" value="0" />
  <attribute name="ProportionalT" value="97.500000" />
  <attribute name="ProportionalI" value="97.500000" />
  <attribute name="ProportionalH" value="97.500000" />
  <attribute name="Current Error" value="65.000000" />
  <attribute name="IntegralT" value="65.000000" />
  <attribute name="IntegralI" value="65.000000" />
  <attribute name="IntegralH" value="65.000000" />
  <attribute name="DerivativeT" value="-48.000000" />
  <attribute name="DerivativeI" value="-48.000000" />
  <attribute name="DerivativeH" value="-48.000000" />
  <attribute name="Loop Time for DT" value="1.000000" />
  <attribute name="Output H" value="8388608"/>
  <attribute name="Output I" value="200"/>
  <attribute name="Output T" value="4"/>
  <attribute name="Target GC Util Change" value ="20.000000" />
  <attribute name="Current GC Util Change" value="85.000000"/>
  <attribute name="GC Util currently" value="85" />
  <attribute name="CPU Util currently" value="5020003022313" />
<exclusive-end id="61" timestamp="2019-06-17T04:31:52.122" durationms="3.159" />

<exclusive-start id="62" timestamp="2019-06-17T04:31:52.171" intervalms="52.213">
  <response-info timems="0.032" idlems="0.032" threads="0" lastid="0000000002320700" lastname="main" />
</exclusive-start>
<allocation-taxation id="63" taxation-threshold="2097152" timestamp="2019-06-17T04:31:52.171" intervalms="52.197" />
<cycle-start id="64" type="partial gc" contextid="0" timestamp="2019-06-17T04:31:52.171" intervalms="3003.712" />
<gc-start id="65" type="partial gc" contextid="64" timestamp="2019-06-17T04:31:52.171">
  <mem-info id="66" free="1048576" total="8388608" percent="12">
    <mem type="eden" free="401344" total="5242880" percent="7" />
    <remembered-set count="2912" freebytes="323200" totalbytes="334848" percent="96" regionsoverflowed="0" regionsstable="0" regionsrebuilding="0"/>
  </mem-info>
</gc-start>
<allocation-stats totalBytes="4148624" >
  <allocated-bytes non-tlh="78504" tlh="4070120" arrayletleaf="0"/>
  <largest-consumer threadName="main" threadId="0000000002320700" bytes="2071496" />
</allocation-stats>
<gc-op id="67" type="sweep" timems="0.508" contextid="64" timestamp="2019-06-17T04:31:52.172" />
<gc-op id="68" type="copy forward" timems="4.326" contextid="64" timestamp="2019-06-17T04:31:52.177">
  <memory-copied type="eden" objects="1469" bytes="76960" bytesdiscarded="4992" />
  <memory-copied type="other" objects="20474" bytes="770976" bytesdiscarded="41032" />
  <memory-cardclean objects="671" bytes="35064" />
  <memory-traced type="eden" objects="542" bytes="20920" />
  <memory-traced type="other" objects="0" bytes="0" />
  <regions eden="2" other="3" evacuated="4" marked="1" />
  <remembered-set-cleared processed="1517" cleared="1403" durationms="0.056" />
  <finalization candidates="43" enqueued="0" />
  <ownableSynchronizers candidates="1" cleared="0" />
  <references type="soft" candidates="562" cleared="0" enqueued="0" dynamicThreshold="12" maxThreshold="32" />
  <references type="weak" candidates="1216" cleared="0" enqueued="0" />
  <references type="phantom" candidates="10" cleared="0" enqueued="0" />
  <stringconstants candidates="5080" cleared="0"  />
  <heap-resize type="expand" space="default" amount="1048576" count="1" timems="0.207" reason="continue current collection" />
</gc-op>
<gc-op id="69" type="classunload" timems="0.002" contextid="64" timestamp="2019-06-17T04:31:52.177">
  <classunload-info classloadercandidates="10" classloadersunloaded="0" classesunloaded="0" anonymousclassesunloaded="0" quiescems="0.000" setupms="0.002" scanms="0.000" postms="0.000" />
</gc-op>
<gc-op id="70" type="compact" timems="0.935" contextid="64" timestamp="2019-06-17T04:31:52.178">
  <compact-info movecount="644" movebytes="35208" />
  <remembered-set-cleared processed="4172" cleared="2034" durationms="0.068" />
</gc-op>
<gc-end id="71" type="partial gc" contextid="64" durationms="7.199" usertimems="8.000" systemtimems="0.000" timestamp="2019-06-17T04:31:52.179" activeThreads="4">
  <mem-info id="72" free="4194304" total="9437184" percent="44">
    <mem type="eden" free="2214528" total="3145728" percent="70" />
    <remembered-set count="3840" freebytes="361344" totalbytes="376704" percent="95" regionsoverflowed="0" regionsstable="0" regionsrebuilding="0"/>
  </mem-info>
</gc-end>
<cycle-end id="73" type="partial gc" contextid="64" timestamp="2019-06-17T04:31:52.179" />
  <attribute name="elasticGC enabled" value="1" />
  <attribute name= "numThreadsSpecified" value="4" />
  <attribute name="heapSize specified" value="0" />
  <attribute name="Current GC Util" value="120" />
  <attribute name= "Current Time Running" value="41614" />
  <attribute name ="GC Interval" value="0" />
  <attribute name="ProportionalT" value="150.000000" />
  <attribute name="ProportionalI" value="150.000000" />
  <attribute name="ProportionalH" value="150.000000" />
  <attribute name="Current Error" value="100.000000" />
  <attribute name="IntegralT" value="400.000000" />
  <attribute name="IntegralI" value="400.000000" />
  <attribute name="IntegralH" value="400.000000" />
  <attribute name="DerivativeT" value="37.500000" />
  <attribute name="DerivativeI" value="37.500000" />
  <attribute name="DerivativeH" value="37.500000" />
  <attribute name="Loop Time for DT" value="4.000000" />
  <attribute name="Output H" value="8388608"/>
  <attribute name="Output I" value="592"/>
  <attribute name="Output T" value="4"/>
  <attribute name="Target GC Util Change" value ="20.000000" />
  <attribute name="Current GC Util Change" value="120.000000"/>
  <attribute name="GC Util currently" value="120" />
  <attribute name="CPU Util currently" value="986957030477" />
<exclusive-end id="74" timestamp="2019-06-17T04:31:52.179" durationms="7.998" />

<exclusive-start id="75" timestamp="2019-06-17T04:31:52.253" intervalms="81.951">
  <response-info timems="0.036" idlems="0.036" threads="0" lastid="0000000002320700" lastname="main" />
</exclusive-start>
<allocation-taxation id="76" taxation-threshold="2097152" timestamp="2019-06-17T04:31:52.253" intervalms="81.991" />
<cycle-start id="77" type="global mark phase" contextid="0" timestamp="2019-06-17T04:31:52.253" intervalms="3189.778" />
<gc-start id="78" type="global mark phase" contextid="77" timestamp="2019-06-17T04:31:52.253">
  <mem-info id="79" free="2097152" total="9437184" percent="22">
    <remembered-set count="3840" freebytes="361344" totalbytes="376704" percent="95" regionsoverflowed="0" regionsstable="0" regionsrebuilding="0"/>
  </mem-info>
</gc-start>
<gc-op id="80" type="mark increment" timems="0.433" contextid="77" timestamp="2019-06-17T04:31:52.254">
  <trace-info objectcount="119" scancount="0" scanbytes="0" />
</gc-op>
<gc-end id="81" type="global mark phase" contextid="77" durationms="0.586" usertimems="0.000" systemtimems="0.000" timestamp="2019-06-17T04:31:52.254" activeThreads="4">
  <mem-info id="82" free="2097152" total="9437184" percent="22">
    <remembered-set count="3840" freebytes="361344" totalbytes="376704" percent="95" regionsoverflowed="0" regionsstable="0" regionsrebuilding="0"/>
  </mem-info>
</gc-end>
<concurrent-start id="83" type="GMP work packet processing" contextid="77" timestamp="2019-06-17T04:31:52.254">
  <concurrent-mark-start scanTarget="18446744073709551615" />
</concurrent-start>
<concurrent-end id="84" type="GMP work packet processing" contextid="77" timestamp="2019-06-17T04:31:52.257">
  <concurrent-mark-end bytesScanned="1174664" reasonForTermination="Completed all work in GC phase" />
</concurrent-end>

<exclusive-end id="85" timestamp="2019-06-17T04:31:52.257" durationms="4.009" />

<exclusive-start id="86" timestamp="2019-06-17T04:31:52.328" intervalms="75.509">
  <response-info timems="0.073" idlems="0.073" threads="0" lastid="0000000002A87900" lastname="process reaper" />
</exclusive-start>
<allocation-taxation id="87" taxation-threshold="2097152" timestamp="2019-06-17T04:31:52.328" intervalms="75.479" />
<cycle-start id="88" type="partial gc" contextid="0" timestamp="2019-06-17T04:31:52.328" intervalms="157.324" />
<gc-start id="89" type="partial gc" contextid="88" timestamp="2019-06-17T04:31:52.329">
  <mem-info id="90" free="0" total="9437184" percent="0">
    <mem type="eden" free="1012176" total="5242880" percent="19" />
    <remembered-set count="3840" freebytes="361344" totalbytes="376704" percent="95" regionsoverflowed="0" regionsstable="0" regionsrebuilding="0"/>
  </mem-info>
</gc-start>
<allocation-stats totalBytes="4184856" >
  <allocated-bytes non-tlh="151040" tlh="4033816" arrayletleaf="0"/>
  <largest-consumer threadName="main" threadId="0000000002320700" bytes="2026112" />
</allocation-stats>
<gc-op id="91" type="mark" timems="2.393" contextid="88" timestamp="2019-06-17T04:31:52.332">
  <trace-info objectcount="15966" scancount="13772" scanbytes="501824" />
  <cardclean-info objects="1631" bytes="76956" />
  <remembered-set-cleared processed="2178" cleared="1042" durationms="0.076" />
  <finalization candidates="13" enqueued="0" />
  <ownableSynchronizers candidates="6" cleared="0" />
  <references type="soft" candidates="441" cleared="0" enqueued="0" dynamicThreshold="7" maxThreshold="32" />
  <references type="weak" candidates="2210" cleared="461" enqueued="312" />
  <references type="phantom" candidates="4" cleared="2" enqueued="2" />
  <stringconstants candidates="6049" cleared="0"  />
  <warning details="Mark invoked due to insufficient free space for Copy-Forward" />
</gc-op>
<gc-op id="92" type="classunload" timems="0.002" contextid="88" timestamp="2019-06-17T04:31:52.332">
  <classunload-info classloadercandidates="11" classloadersunloaded="0" classesunloaded="0" anonymousclassesunloaded="0" quiescems="0.000" setupms="0.002" scanms="0.000" postms="0.000" />
</gc-op>
<gc-op id="93" type="sweep" timems="0.584" contextid="88" timestamp="2019-06-17T04:31:52.332" />
<gc-op id="94" type="compact" timems="2.453" contextid="88" timestamp="2019-06-17T04:31:52.335">
  <compact-info movecount="15906" movebytes="708400" />
  <remembered-set-cleared processed="11176" cleared="8867" durationms="0.076" />
</gc-op>
<gc-end id="95" type="partial gc" contextid="88" durationms="6.484" usertimems="8.000" systemtimems="0.000" timestamp="2019-06-17T04:31:52.335" activeThreads="4">
  <mem-info id="96" free="4194304" total="9437184" percent="44">
    <mem type="eden" free="1385944" total="2097152" percent="66" />
    <pending-finalizers system="0" default="0" reference="314" classloader="0" />
    <remembered-set count="5472" freebytes="354816" totalbytes="376704" percent="94" regionsoverflowed="0" regionsstable="0" regionsrebuilding="0"/>
  </mem-info>
</gc-end>
<cycle-end id="97" type="partial gc" contextid="88" timestamp="2019-06-17T04:31:52.335" />
  <attribute name="elasticGC enabled" value="1" />
  <attribute name= "numThreadsSpecified" value="4" />
  <attribute name="heapSize specified" value="0" />
  <attribute name="Current GC Util" value="82" />
  <attribute name= "Current Time Running" value="41770" />
  <attribute name ="GC Interval" value="0" />
  <attribute name="ProportionalT" value="93.000000" />
  <attribute name="ProportionalI" value="93.000000" />
  <attribute name="ProportionalH" value="93.000000" />
  <attribute name="Current Error" value="62.000000" />
  <attribute name="IntegralT" value="62.000000" />
  <attribute name="IntegralI" value="62.000000" />
  <attribute name="IntegralH" value="62.000000" />
  <attribute name="DerivativeT" value="93.000000" />
  <attribute name="DerivativeI" value="93.000000" />
  <attribute name="DerivativeH" value="93.000000" />
  <attribute name="Loop Time for DT" value="1.000000" />
  <attribute name="Output H" value="8388608"/>
  <attribute name="Output I" value="248"/>
  <attribute name="Output T" value="4"/>
  <attribute name="Target GC Util Change" value ="20.000000" />
  <attribute name="Current GC Util Change" value="82.000000"/>
  <attribute name="GC Util currently" value="82" />
  <attribute name="CPU Util currently" value="5847421628998" />
<exclusive-end id="98" timestamp="2019-06-17T04:31:52.335" durationms="7.191" />

<exclusive-start id="99" timestamp="2019-06-17T04:31:52.382" intervalms="53.708">
  <response-info timems="0.051" idlems="0.051" threads="0" lastid="0000000002320700" lastname="main" />
</exclusive-start>
<allocation-taxation id="100" taxation-threshold="2097152" timestamp="2019-06-17T04:31:52.382" intervalms="53.755" />
<gc-start id="101" type="global mark phase" contextid="77" timestamp="2019-06-17T04:31:52.382">
  <mem-info id="102" free="2097152" total="9437184" percent="22">
    <remembered-set count="5024" freebytes="356608" totalbytes="376704" percent="94" regionsoverflowed="0" regionsstable="0" regionsrebuilding="0"/>
  </mem-info>
</gc-start>
<gc-op id="103" type="mark increment" timems="2.336" contextid="77" timestamp="2019-06-17T04:31:52.385">
  <trace-info objectcount="17915" scancount="15484" scanbytes="565740" />
  <cardclean-info objects="2655" bytes="123488" />
  <finalization candidates="79" enqueued="0" />
  <ownableSynchronizers candidates="23" cleared="0" />
  <references type="soft" candidates="967" cleared="0" enqueued="0" dynamicThreshold="14" maxThreshold="32" />
  <references type="weak" candidates="2975" cleared="20" enqueued="20" />
  <references type="phantom" candidates="102" cleared="2" enqueued="2" />
  <stringconstants candidates="6211" cleared="0"  />
</gc-op>
<gc-op id="104" type="classunload" timems="0.005" contextid="77" timestamp="2019-06-17T04:31:52.385">
  <classunload-info classloadercandidates="11" classloadersunloaded="0" classesunloaded="0" anonymousclassesunloaded="0" quiescems="0.000" setupms="0.004" scanms="0.000" postms="0.000" />
</gc-op>
<gc-end id="105" type="global mark phase" contextid="77" durationms="2.701" usertimems="4.000" systemtimems="0.000" timestamp="2019-06-17T04:31:52.385" activeThreads="4">
  <mem-info id="106" free="2097152" total="9437184" percent="22">
    <pending-finalizers system="0" default="0" reference="22" classloader="0" />
    <remembered-set count="5024" freebytes="356608" totalbytes="376704" percent="94" regionsoverflowed="0" regionsstable="0" regionsrebuilding="0"/>
  </mem-info>
</gc-end>
<cycle-end id="107" type="global mark phase" contextid="77" timestamp="2019-06-17T04:31:52.385" />
  <attribute name="elasticGC enabled" value="1" />
  <attribute name= "numThreadsSpecified" value="4" />
  <attribute name="heapSize specified" value="0" />
  <attribute name="Current GC Util" value="0" />
  <attribute name= "Current Time Running" value="41821" />
  <attribute name ="GC Interval" value="0" />
  <attribute name="ProportionalT" value="-30.000000" />
  <attribute name="ProportionalI" value="-30.000000" />
  <attribute name="ProportionalH" value="-30.000000" />
  <attribute name="Current Error" value="-20.000000" />
  <attribute name="IntegralT" value="-20.000000" />
  <attribute name="IntegralI" value="-20.000000" />
  <attribute name="IntegralH" value="-20.000000" />
  <attribute name="DerivativeT" value="-127.500000" />
  <attribute name="DerivativeI" value="-127.500000" />
  <attribute name="DerivativeH" value="-127.500000" />
  <attribute name="Loop Time for DT" value="1.000000" />
  <attribute name="Output H" value="2091843584"/>
  <attribute name="Output I" value="200"/>
  <attribute name="Output T" value="4"/>
  <attribute name="Target GC Util Change" value ="20.000000" />
  <attribute name="Current GC Util Change" value="0.000000"/>
  <attribute name="GC Util currently" value="0" />
  <attribute name="CPU Util currently" value="4037928657167" />
<exclusive-end id="108" timestamp="2019-06-17T04:31:52.385" durationms="3.344" />

<exclusive-start id="109" timestamp="2019-06-17T04:31:52.421" intervalms="39.210">
  <response-info timems="0.073" idlems="0.073" threads="0" lastid="0000000002320700" lastname="main" />
</exclusive-start>
<allocation-taxation id="110" taxation-threshold="2097152" timestamp="2019-06-17T04:31:52.421" intervalms="39.227" />
<cycle-start id="111" type="partial gc" contextid="0" timestamp="2019-06-17T04:31:52.422" intervalms="93.176" />
<gc-start id="112" type="partial gc" contextid="111" timestamp="2019-06-17T04:31:52.422">
  <mem-info id="113" free="0" total="9437184" percent="0">
    <mem type="eden" free="0" total="4194304" percent="0" />
    <remembered-set count="5024" freebytes="356608" totalbytes="376704" percent="94" regionsoverflowed="0" regionsstable="0" regionsrebuilding="0"/>
  </mem-info>
</gc-start>
<allocation-stats totalBytes="4113600" >
  <allocated-bytes non-tlh="1414848" tlh="2698752" arrayletleaf="0"/>
  <largest-consumer threadName="main" threadId="0000000002320700" bytes="2061024" />
</allocation-stats>
<gc-op id="114" type="sweep" timems="0.438" contextid="111" timestamp="2019-06-17T04:31:52.423" />
<gc-op id="115" type="mark" timems="1.837" contextid="111" timestamp="2019-06-17T04:31:52.425">
  <trace-info objectcount="13451" scancount="11395" scanbytes="424712" />
  <cardclean-info objects="1197" bytes="69040" />
  <remembered-set-cleared processed="3827" cleared="1907" durationms="0.080" />
  <finalization candidates="14" enqueued="0" />
  <ownableSynchronizers candidates="6" cleared="0" />
  <references type="soft" candidates="338" cleared="0" enqueued="0" dynamicThreshold="7" maxThreshold="32" />
  <references type="weak" candidates="1562" cleared="1" enqueued="1" />
  <references type="phantom" candidates="5" cleared="0" enqueued="0" />
  <stringconstants candidates="6429" cleared="0"  />
  <warning details="Mark invoked due to insufficient free space for Copy-Forward" />
</gc-op>
<gc-op id="116" type="classunload" timems="0.002" contextid="111" timestamp="2019-06-17T04:31:52.425">
  <classunload-info classloadercandidates="11" classloadersunloaded="0" classesunloaded="0" anonymousclassesunloaded="0" quiescems="0.000" setupms="0.002" scanms="0.000" postms="0.000" />
</gc-op>
<gc-op id="117" type="sweep" timems="0.424" contextid="111" timestamp="2019-06-17T04:31:52.426" />
<gc-op id="118" type="compact" timems="2.418" contextid="111" timestamp="2019-06-17T04:31:52.428">
  <compact-info movecount="13133" movebytes="1389024" />
  <remembered-set-cleared processed="12126" cleared="8270" durationms="0.086" />
</gc-op>
<heap-resize id="119" type="expand" space="default" amount="2097152" count="1" timems="0.064" reason="insufficient free space following gc" timestamp="2019-06-17T04:31:52.429" />
<gc-end id="120" type="partial gc" contextid="111" durationms="6.743" usertimems="8.000" systemtimems="0.000" timestamp="2019-06-17T04:31:52.429" activeThreads="4">
  <mem-info id="121" free="5242880" total="11534336" percent="45">
    <mem type="eden" free="100888" total="1048576" percent="9" />
    <pending-finalizers system="0" default="0" reference="1" classloader="0" />
    <remembered-set count="6304" freebytes="435200" totalbytes="460416" percent="94" regionsoverflowed="0" regionsstable="0" regionsrebuilding="0"/>
  </mem-info>
</gc-end>
<cycle-end id="122" type="partial gc" contextid="111" timestamp="2019-06-17T04:31:52.429" />
  <attribute name="elasticGC enabled" value="1" />
  <attribute name= "numThreadsSpecified" value="4" />
  <attribute name="heapSize specified" value="0" />
  <attribute name="Current GC Util" value="59" />
  <attribute name= "Current Time Running" value="41863" />
  <attribute name ="GC Interval" value="0" />
  <attribute name="ProportionalT" value="58.500000" />
  <attribute name="ProportionalI" value="58.500000" />
  <attribute name="ProportionalH" value="58.500000" />
  <attribute name="Current Error" value="39.000000" />
  <attribute name="IntegralT" value="39.000000" />
  <attribute name="IntegralI" value="39.000000" />
  <attribute name="IntegralH" value="39.000000" />
  <attribute name="DerivativeT" value="58.500000" />
  <attribute name="DerivativeI" value="58.500000" />
  <attribute name="DerivativeH" value="58.500000" />
  <attribute name="Loop Time for DT" value="1.000000" />
  <attribute name="Output H" value="8388608"/>
  <attribute name="Output I" value="200"/>
  <attribute name="Output T" value="4"/>
  <attribute name="Target GC Util Change" value ="20.000000" />
  <attribute name="Current GC Util Change" value="59.000000"/>
  <attribute name="GC Util currently" value="59" />
  <attribute name="CPU Util currently" value="7411867213492" />
<exclusive-end id="123" timestamp="2019-06-17T04:31:52.429" durationms="7.716" />

<exclusive-start id="124" timestamp="2019-06-17T04:31:52.509" intervalms="87.988">
  <response-info timems="0.028" idlems="0.028" threads="0" lastid="0000000002320700" lastname="main" />
</exclusive-start>
<allocation-taxation id="125" taxation-threshold="2097152" timestamp="2019-06-17T04:31:52.509" intervalms="87.913" />
<cycle-start id="126" type="global mark phase" contextid="0" timestamp="2019-06-17T04:31:52.510" intervalms="256.347" />
<gc-start id="127" type="global mark phase" contextid="126" timestamp="2019-06-17T04:31:52.510">
  <mem-info id="128" free="3145728" total="11534336" percent="27">
    <remembered-set count="5856" freebytes="436992" totalbytes="460416" percent="94" regionsoverflowed="0" regionsstable="0" regionsrebuilding="0"/>
  </mem-info>
</gc-start>
<gc-op id="129" type="mark increment" timems="0.448" contextid="126" timestamp="2019-06-17T04:31:52.510">
  <trace-info objectcount="177" scancount="0" scanbytes="0" />
</gc-op>
<gc-end id="130" type="global mark phase" contextid="126" durationms="0.562" usertimems="0.000" systemtimems="0.000" timestamp="2019-06-17T04:31:52.510" activeThreads="1">
  <mem-info id="131" free="3145728" total="11534336" percent="27">
    <remembered-set count="5856" freebytes="436992" totalbytes="460416" percent="94" regionsoverflowed="0" regionsstable="0" regionsrebuilding="0"/>
  </mem-info>
</gc-end>
<concurrent-start id="132" type="GMP work packet processing" contextid="126" timestamp="2019-06-17T04:31:52.510">
  <concurrent-mark-start scanTarget="18446744073709551615" />
</concurrent-start>
<concurrent-end id="133" type="GMP work packet processing" contextid="126" timestamp="2019-06-17T04:31:52.514">
  <concurrent-mark-end bytesScanned="1726576" reasonForTermination="Completed all work in GC phase" />
</concurrent-end>

<exclusive-end id="134" timestamp="2019-06-17T04:31:52.514" durationms="4.848" />

<exclusive-start id="135" timestamp="2019-06-17T04:31:52.570" intervalms="61.106">
  <response-info timems="0.134" idlems="0.134" threads="0" lastid="0000000002320700" lastname="main" />
</exclusive-start>
<allocation-taxation id="136" taxation-threshold="2097152" timestamp="2019-06-17T04:31:52.570" intervalms="61.118" />
<cycle-start id="137" type="partial gc" contextid="0" timestamp="2019-06-17T04:31:52.571" intervalms="148.984" />
<gc-start id="138" type="partial gc" contextid="137" timestamp="2019-06-17T04:31:52.571">
  <mem-info id="139" free="1048576" total="11534336" percent="9">
    <mem type="eden" free="100888" total="5242880" percent="1" />
    <remembered-set count="5856" freebytes="436992" totalbytes="460416" percent="94" regionsoverflowed="0" regionsstable="0" regionsrebuilding="0"/>
  </mem-info>
</gc-start>
<allocation-stats totalBytes="4190272" >
  <allocated-bytes non-tlh="70728" tlh="4119544" arrayletleaf="0"/>
  <largest-consumer threadName="main" threadId="0000000002320700" bytes="2094632" />
</allocation-stats>
<gc-op id="140" type="copy forward" timems="2.887" contextid="137" timestamp="2019-06-17T04:31:52.574">
  <memory-copied type="eden" objects="8386" bytes="370608" bytesdiscarded="0" />
  <memory-copied type="other" objects="2995" bytes="923592" bytesdiscarded="0" />
  <memory-cardclean objects="672" bytes="47504" />
  <regions eden="4" other="1" />
  <remembered-set-cleared processed="4303" cleared="608" durationms="0.083" />
  <finalization candidates="4" enqueued="0" />
  <references type="soft" candidates="159" cleared="0" enqueued="0" dynamicThreshold="8" maxThreshold="32" />
  <references type="weak" candidates="373" cleared="0" enqueued="0" />
  <references type="phantom" candidates="4" cleared="0" enqueued="0" />
  <stringconstants candidates="7080" cleared="0"  />
  <heap-resize type="expand" space="default" amount="1048576" count="1" timems="0.051" reason="continue current collection" />
</gc-op>
<gc-op id="141" type="classunload" timems="0.002" contextid="137" timestamp="2019-06-17T04:31:52.574">
  <classunload-info classloadercandidates="11" classloadersunloaded="0" classesunloaded="0" anonymousclassesunloaded="0" quiescems="0.000" setupms="0.002" scanms="0.000" postms="0.000" />
</gc-op>
<gc-op id="142" type="compact" timems="1.354" contextid="137" timestamp="2019-06-17T04:31:52.576">
  <compact-info movecount="0" movebytes="0" />
  <remembered-set-cleared processed="9729" cleared="608" durationms="0.083" />
</gc-op>
<gc-end id="143" type="partial gc" contextid="137" durationms="5.298" usertimems="4.000" systemtimems="0.000" timestamp="2019-06-17T04:31:52.576" activeThreads="4">
  <mem-info id="144" free="5242880" total="12582912" percent="41">
    <mem type="eden" free="802472" total="2097152" percent="38" />
    <remembered-set count="6816" freebytes="475008" totalbytes="502272" percent="94" regionsoverflowed="0" regionsstable="0" regionsrebuilding="0"/>
  </mem-info>
</gc-end>
<cycle-end id="145" type="partial gc" contextid="137" timestamp="2019-06-17T04:31:52.576" />
  <attribute name="elasticGC enabled" value="1" />
  <attribute name= "numThreadsSpecified" value="4" />
  <attribute name="heapSize specified" value="0" />
  <attribute name="Current GC Util" value="0" />
  <attribute name= "Current Time Running" value="42012" />
  <attribute name ="GC Interval" value="0" />
  <attribute name="ProportionalT" value="-30.000000" />
  <attribute name="ProportionalI" value="-30.000000" />
  <attribute name="ProportionalH" value="-30.000000" />
  <attribute name="Current Error" value="-20.000000" />
  <attribute name="IntegralT" value="-80.000000" />
  <attribute name="IntegralI" value="-80.000000" />
  <attribute name="IntegralH" value="-80.000000" />
  <attribute name="DerivativeT" value="-18.375000" />
  <attribute name="DerivativeI" value="-18.375000" />
  <attribute name="DerivativeH" value="-18.375000" />
  <attribute name="Loop Time for DT" value="4.000000" />
  <attribute name="Output H" value="2091843584"/>
  <attribute name="Output I" value="200"/>
  <attribute name="Output T" value="4"/>
  <attribute name="Target GC Util Change" value ="20.000000" />
  <attribute name="Current GC Util Change" value="0.000000"/>
  <attribute name="GC Util currently" value="0" />
  <attribute name="CPU Util currently" value="1454567996893" />
<exclusive-end id="146" timestamp="2019-06-17T04:31:52.576" durationms="6.161" />

<exclusive-start id="147" timestamp="2019-06-17T04:31:52.627" intervalms="56.986">
  <response-info timems="0.029" idlems="0.029" threads="0" lastid="0000000002320700" lastname="main" />
</exclusive-start>
<allocation-taxation id="148" taxation-threshold="2097152" timestamp="2019-06-17T04:31:52.627" intervalms="56.979" />
<gc-start id="149" type="global mark phase" contextid="126" timestamp="2019-06-17T04:31:52.628">
  <mem-info id="150" free="3145728" total="12582912" percent="25">
    <remembered-set count="6816" freebytes="475008" totalbytes="502272" percent="94" regionsoverflowed="0" regionsstable="0" regionsrebuilding="0"/>
  </mem-info>
</gc-start>
<gc-op id="151" type="mark increment" timems="1.724" contextid="126" timestamp="2019-06-17T04:31:52.629">
  <trace-info objectcount="3496" scancount="3024" scanbytes="113988" />
  <cardclean-info objects="2452" bytes="119492" />
  <finalization candidates="79" enqueued="0" />
  <ownableSynchronizers candidates="23" cleared="0" />
  <references type="soft" candidates="1021" cleared="0" enqueued="0" dynamicThreshold="13" maxThreshold="32" />
  <references type="weak" candidates="3503" cleared="2" enqueued="2" />
  <references type="phantom" candidates="100" cleared="0" enqueued="0" />
  <stringconstants candidates="7223" cleared="0"  />
</gc-op>
<gc-op id="152" type="classunload" timems="0.004" contextid="126" timestamp="2019-06-17T04:31:52.629">
  <classunload-info classloadercandidates="11" classloadersunloaded="0" classesunloaded="0" anonymousclassesunloaded="0" quiescems="0.000" setupms="0.004" scanms="0.000" postms="0.000" />
</gc-op>
<gc-end id="153" type="global mark phase" contextid="126" durationms="1.957" usertimems="4.000" systemtimems="0.000" timestamp="2019-06-17T04:31:52.630" activeThreads="4">
  <mem-info id="154" free="3145728" total="12582912" percent="25">
    <pending-finalizers system="0" default="0" reference="2" classloader="0" />
    <remembered-set count="6816" freebytes="475008" totalbytes="502272" percent="94" regionsoverflowed="0" regionsstable="0" regionsrebuilding="0"/>
  </mem-info>
</gc-end>
<cycle-end id="155" type="global mark phase" contextid="126" timestamp="2019-06-17T04:31:52.630" />
  <attribute name="elasticGC enabled" value="1" />
  <attribute name= "numThreadsSpecified" value="4" />
  <attribute name="heapSize specified" value="0" />
  <attribute name="Current GC Util" value="0" />
  <attribute name= "Current Time Running" value="42066" />
  <attribute name ="GC Interval" value="0" />
  <attribute name="ProportionalT" value="-30.000000" />
  <attribute name="ProportionalI" value="-30.000000" />
  <attribute name="ProportionalH" value="-30.000000" />
  <attribute name="Current Error" value="-20.000000" />
  <attribute name="IntegralT" value="-20.000000" />
  <attribute name="IntegralI" value="-20.000000" />
  <attribute name="IntegralH" value="-20.000000" />
  <attribute name="DerivativeT" value="-126.000000" />
  <attribute name="DerivativeI" value="-126.000000" />
  <attribute name="DerivativeH" value="-126.000000" />
  <attribute name="Loop Time for DT" value="1.000000" />
  <attribute name="Output H" value="2091843584"/>
  <attribute name="Output I" value="200"/>
  <attribute name="Output T" value="4"/>
  <attribute name="Target GC Util Change" value ="20.000000" />
  <attribute name="Current GC Util Change" value="0.000000"/>
  <attribute name="GC Util currently" value="0" />
  <attribute name="CPU Util currently" value="14393886287621" />
<exclusive-end id="156" timestamp="2019-06-17T04:31:52.630" durationms="2.435" />

<exclusive-start id="157" timestamp="2019-06-17T04:31:52.676" intervalms="48.880">
  <response-info timems="0.052" idlems="0.052" threads="0" lastid="0000000002320700" lastname="main" />
</exclusive-start>
<allocation-taxation id="158" taxation-threshold="2097152" timestamp="2019-06-17T04:31:52.676" intervalms="48.943" />
<cycle-start id="159" type="partial gc" contextid="0" timestamp="2019-06-17T04:31:52.677" intervalms="105.991" />
<gc-start id="160" type="partial gc" contextid="159" timestamp="2019-06-17T04:31:52.677">
  <mem-info id="161" free="1048576" total="12582912" percent="8">
    <mem type="eden" free="0" total="4194304" percent="0" />
    <remembered-set count="6816" freebytes="475008" totalbytes="502272" percent="94" regionsoverflowed="0" regionsstable="0" regionsrebuilding="0"/>
  </mem-info>
</gc-start>
<allocation-stats totalBytes="4172512" >
  <allocated-bytes non-tlh="70640" tlh="4101872" arrayletleaf="0"/>
  <largest-consumer threadName="main" threadId="0000000002320700" bytes="2095432" />
</allocation-stats>
<gc-op id="162" type="sweep" timems="0.528" contextid="159" timestamp="2019-06-17T04:31:52.678" />
<gc-op id="163" type="copy forward" timems="2.502" contextid="159" timestamp="2019-06-17T04:31:52.681">
  <memory-copied type="eden" objects="1119" bytes="43344" bytesdiscarded="0" />
  <memory-copied type="other" objects="10173" bytes="444048" bytesdiscarded="0" />
  <memory-cardclean objects="541" bytes="27744" />
  <memory-traced type="eden" objects="940" bytes="35216" />
  <memory-traced type="other" objects="0" bytes="0" />
  <regions eden="2" other="3" evacuated="4" marked="1" />
  <remembered-set-cleared processed="5402" cleared="1207" durationms="0.090" />
  <references type="soft" candidates="54" cleared="0" enqueued="0" dynamicThreshold="8" maxThreshold="32" />
  <references type="weak" candidates="746" cleared="0" enqueued="0" />
  <stringconstants candidates="7354" cleared="0"  />
  <heap-resize type="expand" space="default" amount="1048576" count="1" timems="0.056" reason="continue current collection" />
</gc-op>
<gc-op id="164" type="classunload" timems="0.003" contextid="159" timestamp="2019-06-17T04:31:52.681">
  <classunload-info classloadercandidates="11" classloadersunloaded="0" classesunloaded="0" anonymousclassesunloaded="0" quiescems="0.000" setupms="0.003" scanms="0.000" postms="0.000" />
</gc-op>
<gc-op id="165" type="compact" timems="2.006" contextid="159" timestamp="2019-06-17T04:31:52.683">
  <compact-info movecount="1186" movebytes="49648" />
  <remembered-set-cleared processed="12212" cleared="2044" durationms="0.090" />
</gc-op>
<heap-resize id="166" type="expand" space="default" amount="2097152" count="1" timems="0.056" reason="insufficient free space following gc" timestamp="2019-06-17T04:31:52.683" />
<gc-end id="167" type="partial gc" contextid="159" durationms="6.636" usertimems="8.000" systemtimems="0.000" timestamp="2019-06-17T04:31:52.683" activeThreads="4">
  <mem-info id="168" free="6291456" total="15728640" percent="40">
    <mem type="eden" free="1922400" total="2097152" percent="91" />
    <remembered-set count="7904" freebytes="596224" totalbytes="627840" percent="94" regionsoverflowed="0" regionsstable="0" regionsrebuilding="0"/>
  </mem-info>
</gc-end>
<cycle-end id="169" type="partial gc" contextid="159" timestamp="2019-06-17T04:31:52.684" />
  <attribute name="elasticGC enabled" value="1" />
  <attribute name= "numThreadsSpecified" value="4" />
  <attribute name="heapSize specified" value="0" />
  <attribute name="Current GC Util" value="0" />
  <attribute name= "Current Time Running" value="42118" />
  <attribute name ="GC Interval" value="0" />
  <attribute name="ProportionalT" value="-30.000000" />
  <attribute name="ProportionalI" value="-30.000000" />
  <attribute name="ProportionalH" value="-30.000000" />
  <attribute name="Current Error" value="-20.000000" />
  <attribute name="IntegralT" value="-60.000000" />
  <attribute name="IntegralI" value="-60.000000" />
  <attribute name="IntegralH" value="-60.000000" />
  <attribute name="DerivativeT" value="-22.000000" />
  <attribute name="DerivativeI" value="-22.000000" />
  <attribute name="DerivativeH" value="-22.000000" />
  <attribute name="Loop Time for DT" value="3.000000" />
  <attribute name="Output H" value="2091843584"/>
  <attribute name="Output I" value="200"/>
  <attribute name="Output T" value="4"/>
  <attribute name="Target GC Util Change" value ="20.000000" />
  <attribute name="Current GC Util Change" value="0.000000"/>
  <attribute name="GC Util currently" value="0" />
  <attribute name="CPU Util currently" value="1608545128622" />
<exclusive-end id="170" timestamp="2019-06-17T04:31:52.684" durationms="7.616" />

<exclusive-start id="171" timestamp="2019-06-17T04:31:52.786" intervalms="109.443">
  <response-info timems="0.052" idlems="0.052" threads="0" lastid="0000000002320700" lastname="main" />
</exclusive-start>
<allocation-taxation id="172" taxation-threshold="6291456" timestamp="2019-06-17T04:31:52.786" intervalms="109.382" />
<cycle-start id="173" type="partial gc" contextid="0" timestamp="2019-06-17T04:31:52.786" intervalms="109.310" />
<gc-start id="174" type="partial gc" contextid="173" timestamp="2019-06-17T04:31:52.786">
  <mem-info id="175" free="0" total="15728640" percent="0">
    <mem type="eden" free="997568" total="7340032" percent="13" />
    <remembered-set count="7648" freebytes="597248" totalbytes="627840" percent="95" regionsoverflowed="0" regionsstable="0" regionsrebuilding="0"/>
  </mem-info>
</gc-start>
<allocation-stats totalBytes="6284128" >
  <allocated-bytes non-tlh="58472" tlh="6225656" arrayletleaf="0"/>
  <largest-consumer threadName="main" threadId="0000000002320700" bytes="6284128" />
</allocation-stats>
<gc-op id="176" type="mark" timems="1.546" contextid="173" timestamp="2019-06-17T04:31:52.788">
  <trace-info objectcount="12047" scancount="10534" scanbytes="395600" />
  <cardclean-info objects="3158" bytes="154152" />
  <remembered-set-cleared processed="6299" cleared="1467" durationms="0.082" />
  <references type="soft" candidates="2" cleared="0" enqueued="0" dynamicThreshold="12" maxThreshold="32" />
  <references type="weak" candidates="687" cleared="1" enqueued="1" />
  <stringconstants candidates="7569" cleared="0"  />
  <warning details="Mark invoked due to insufficient free space for Copy-Forward" />
</gc-op>
<gc-op id="177" type="classunload" timems="0.002" contextid="173" timestamp="2019-06-17T04:31:52.788">
  <classunload-info classloadercandidates="11" classloadersunloaded="0" classesunloaded="0" anonymousclassesunloaded="0" quiescems="0.000" setupms="0.002" scanms="0.000" postms="0.000" />
</gc-op>
<gc-op id="178" type="sweep" timems="0.351" contextid="173" timestamp="2019-06-17T04:31:52.789" />
<gc-op id="179" type="compact" timems="1.934" contextid="173" timestamp="2019-06-17T04:31:52.791">
  <compact-info movecount="12026" movebytes="484176" />
  <remembered-set-cleared processed="16460" cleared="6783" durationms="0.082" />
</gc-op>
<gc-end id="180" type="partial gc" contextid="173" durationms="4.823" usertimems="8.000" systemtimems="0.000" timestamp="2019-06-17T04:31:52.791" activeThreads="4">
  <mem-info id="181" free="6291456" total="15728640" percent="40">
    <mem type="eden" free="732112" total="1048576" percent="69" />
    <pending-finalizers system="0" default="0" reference="1" classloader="0" />
    <remembered-set count="9856" freebytes="588416" totalbytes="627840" percent="93" regionsoverflowed="0" regionsstable="0" regionsrebuilding="0"/>
  </mem-info>
</gc-end>
<cycle-end id="182" type="partial gc" contextid="173" timestamp="2019-06-17T04:31:52.791" />
  <attribute name="elasticGC enabled" value="1" />
  <attribute name= "numThreadsSpecified" value="4" />
  <attribute name="heapSize specified" value="0" />
  <attribute name="Current GC Util" value="29" />
  <attribute name= "Current Time Running" value="42226" />
  <attribute name ="GC Interval" value="0" />
  <attribute name="ProportionalT" value="13.500000" />
  <attribute name="ProportionalI" value="13.500000" />
  <attribute name="ProportionalH" value="13.500000" />
  <attribute name="Current Error" value="9.000000" />
  <attribute name="IntegralT" value="9.000000" />
  <attribute name="IntegralI" value="9.000000" />
  <attribute name="IntegralH" value="9.000000" />
  <attribute name="DerivativeT" value="-132.000000" />
  <attribute name="DerivativeI" value="-132.000000" />
  <attribute name="DerivativeH" value="-132.000000" />
  <attribute name="Loop Time for DT" value="1.000000" />
  <attribute name="Output H" value="2091843584"/>
  <attribute name="Output I" value="200"/>
  <attribute name="Output T" value="4"/>
  <attribute name="Target GC Util Change" value ="20.000000" />
  <attribute name="Current GC Util Change" value="29.000000"/>
  <attribute name="GC Util currently" value="29" />
  <attribute name="CPU Util currently" value="8829218076934" />
<exclusive-end id="183" timestamp="2019-06-17T04:31:52.791" durationms="5.623" />

<exclusive-start id="184" timestamp="2019-06-17T04:31:52.907" intervalms="121.616">
  <response-info timems="0.058" idlems="0.058" threads="0" lastid="0000000002320700" lastname="main" />
</exclusive-start>
<allocation-taxation id="185" taxation-threshold="6291456" timestamp="2019-06-17T04:31:52.907" intervalms="121.664" />
<cycle-start id="186" type="partial gc" contextid="0" timestamp="2019-06-17T04:31:52.908" intervalms="121.704" />
<gc-start id="187" type="partial gc" contextid="186" timestamp="2019-06-17T04:31:52.908">
  <mem-info id="188" free="0" total="15728640" percent="0">
    <mem type="eden" free="0" total="6291456" percent="0" />
    <remembered-set count="9440" freebytes="590080" totalbytes="627840" percent="93" regionsoverflowed="0" regionsstable="0" regionsrebuilding="0"/>
  </mem-info>
</gc-start>
<allocation-stats totalBytes="6289376" >
  <allocated-bytes non-tlh="408472" tlh="5880904" arrayletleaf="0"/>
  <largest-consumer threadName="main" threadId="0000000002320700" bytes="6289376" />
</allocation-stats>
<gc-op id="189" type="mark" timems="2.063" contextid="186" timestamp="2019-06-17T04:31:52.911">
  <trace-info objectcount="16631" scancount="14747" scanbytes="629248" />
  <cardclean-info objects="2486" bytes="136496" />
  <remembered-set-cleared processed="7676" cleared="1803" durationms="0.115" />
  <references type="soft" candidates="73" cleared="0" enqueued="0" dynamicThreshold="12" maxThreshold="32" />
  <references type="weak" candidates="266" cleared="4" enqueued="4" />
  <references type="phantom" candidates="1" cleared="0" enqueued="0" />
  <stringconstants candidates="7809" cleared="0"  />
  <warning details="Mark invoked due to insufficient free space for Copy-Forward" />
</gc-op>
<gc-op id="190" type="classunload" timems="0.003" contextid="186" timestamp="2019-06-17T04:31:52.911">
  <classunload-info classloadercandidates="12" classloadersunloaded="0" classesunloaded="0" anonymousclassesunloaded="0" quiescems="0.000" setupms="0.002" scanms="0.000" postms="0.000" />
</gc-op>
<gc-op id="191" type="sweep" timems="0.409" contextid="186" timestamp="2019-06-17T04:31:52.911" />
<gc-op id="192" type="compact" timems="3.085" contextid="186" timestamp="2019-06-17T04:31:52.915">
  <compact-info movecount="10762" movebytes="839912" />
  <remembered-set-cleared processed="18580" cleared="6803" durationms="0.115" />
</gc-op>
<heap-resize id="193" type="expand" space="default" amount="1048576" count="1" timems="0.052" reason="insufficient free space following gc" timestamp="2019-06-17T04:31:52.915" />
<gc-end id="194" type="partial gc" contextid="186" durationms="7.095" usertimems="4.000" systemtimems="0.000" timestamp="2019-06-17T04:31:52.915" activeThreads="1">
  <mem-info id="195" free="6291456" total="16777216" percent="37">
    <mem type="eden" free="283576" total="1048576" percent="27" />
    <pending-finalizers system="0" default="0" reference="4" classloader="0" />
    <remembered-set count="10368" freebytes="628224" totalbytes="669696" percent="93" regionsoverflowed="0" regionsstable="0" regionsrebuilding="0"/>
  </mem-info>
</gc-end>
<cycle-end id="196" type="partial gc" contextid="186" timestamp="2019-06-17T04:31:52.915" />
  <attribute name="elasticGC enabled" value="1" />
  <attribute name= "numThreadsSpecified" value="1" />
  <attribute name="heapSize specified" value="0" />
  <attribute name="Current GC Util" value="25" />
  <attribute name= "Current Time Running" value="42348" />
  <attribute name ="GC Interval" value="0" />
  <attribute name="ProportionalT" value="7.500000" />
  <attribute name="ProportionalI" value="7.500000" />
  <attribute name="ProportionalH" value="7.500000" />
  <attribute name="Current Error" value="5.000000" />
  <attribute name="IntegralT" value="0.000000" />
  <attribute name="IntegralI" value="0.000000" />
  <attribute name="IntegralH" value="0.000000" />
  <attribute name="DerivativeT" value="inf" />
  <attribute name="DerivativeI" value="inf" />
  <attribute name="DerivativeH" value="inf" />
  <attribute name="Loop Time for DT" value="0.000000" />
  <attribute name="Output H" value="8388608"/>
  <attribute name="Output I" value="200"/>
  <attribute name="Output T" value="1"/>
  <attribute name="Target GC Util Change" value ="20.000000" />
  <attribute name="Current GC Util Change" value="25.000000"/>
  <attribute name="GC Util currently" value="25" />
  <attribute name="CPU Util currently" value="7466177330580" />
<exclusive-end id="197" timestamp="2019-06-17T04:31:52.915" durationms="8.107" />

<exclusive-start id="198" timestamp="2019-06-17T04:31:52.943" intervalms="35.814">
  <response-info timems="0.033" idlems="0.033" threads="0" lastid="0000000002320700" lastname="main" />
</exclusive-start>
<allocation-taxation id="199" taxation-threshold="3145728" timestamp="2019-06-17T04:31:52.943" intervalms="35.814" />
<cycle-start id="200" type="global mark phase" contextid="0" timestamp="2019-06-17T04:31:52.943" intervalms="433.944" />
<gc-start id="201" type="global mark phase" contextid="200" timestamp="2019-06-17T04:31:52.944">
  <mem-info id="202" free="3145728" total="16777216" percent="18">
    <remembered-set count="10176" freebytes="628992" totalbytes="669696" percent="93" regionsoverflowed="0" regionsstable="0" regionsrebuilding="0"/>
  </mem-info>
</gc-start>
<gc-op id="203" type="mark increment" timems="0.577" contextid="200" timestamp="2019-06-17T04:31:52.944">
  <trace-info objectcount="323" scancount="0" scanbytes="0" />
</gc-op>
<gc-end id="204" type="global mark phase" contextid="200" durationms="0.819" usertimems="0.000" systemtimems="0.000" timestamp="2019-06-17T04:31:52.944" activeThreads="1">
  <mem-info id="205" free="3145728" total="16777216" percent="18">
    <remembered-set count="10176" freebytes="628992" totalbytes="669696" percent="93" regionsoverflowed="0" regionsstable="0" regionsrebuilding="0"/>
  </mem-info>
</gc-end>
<concurrent-start id="206" type="GMP work packet processing" contextid="200" timestamp="2019-06-17T04:31:52.944">
  <concurrent-mark-start scanTarget="18446744073709551615" />
</concurrent-start>
<exclusive-end id="207" timestamp="2019-06-17T04:31:52.947" durationms="3.828" />

<concurrent-end id="208" type="GMP work packet processing" contextid="200" timestamp="2019-06-17T04:31:52.947">
  <concurrent-mark-end bytesScanned="2189612" reasonForTermination="Completed all work in GC phase" />
</concurrent-end>

<exclusive-start id="209" timestamp="2019-06-17T04:31:52.970" intervalms="27.294">
  <response-info timems="0.031" idlems="0.031" threads="0" lastid="0000000002320700" lastname="main" />
</exclusive-start>
<allocation-taxation id="210" taxation-threshold="3145728" timestamp="2019-06-17T04:31:52.970" intervalms="27.277" />
<cycle-start id="211" type="partial gc" contextid="0" timestamp="2019-06-17T04:31:52.971" intervalms="63.083" />
<gc-start id="212" type="partial gc" contextid="211" timestamp="2019-06-17T04:31:52.971">
  <mem-info id="213" free="0" total="16777216" percent="0">
    <mem type="eden" free="283576" total="7340032" percent="3" />
    <remembered-set count="10176" freebytes="628992" totalbytes="669696" percent="93" regionsoverflowed="0" regionsstable="0" regionsrebuilding="0"/>
  </mem-info>
</gc-start>
<allocation-stats totalBytes="6290304" >
  <allocated-bytes non-tlh="6640" tlh="6283664" arrayletleaf="0"/>
  <largest-consumer threadName="main" threadId="0000000002320700" bytes="3145352" />
</allocation-stats>
<gc-op id="214" type="mark" timems="2.144" contextid="211" timestamp="2019-06-17T04:31:52.974">
  <trace-info objectcount="17642" scancount="15804" scanbytes="671164" />
  <cardclean-info objects="856" bytes="57088" />
  <remembered-set-cleared processed="8615" cleared="1164" durationms="0.131" />
  <references type="soft" candidates="71" cleared="0" enqueued="0" dynamicThreshold="6" maxThreshold="32" />
  <references type="weak" candidates="114" cleared="0" enqueued="0" />
  <references type="phantom" candidates="1" cleared="0" enqueued="0" />
  <stringconstants candidates="7845" cleared="0"  />
  <warning details="Mark invoked due to insufficient free space for Copy-Forward" />
</gc-op>
<gc-op id="215" type="classunload" timems="0.002" contextid="211" timestamp="2019-06-17T04:31:52.974">
  <classunload-info classloadercandidates="12" classloadersunloaded="0" classesunloaded="0" anonymousclassesunloaded="0" quiescems="0.000" setupms="0.002" scanms="0.000" postms="0.000" />
</gc-op>
<gc-op id="216" type="sweep" timems="0.510" contextid="211" timestamp="2019-06-17T04:31:52.974" />
<gc-op id="217" type="compact" timems="2.569" contextid="211" timestamp="2019-06-17T04:31:52.977">
  <compact-info movecount="17572" movebytes="1115216" />
  <remembered-set-cleared processed="20233" cleared="5311" durationms="0.131" />
</gc-op>
<heap-resize id="218" type="expand" space="default" amount="2097152" count="1" timems="0.061" reason="insufficient free space following gc" timestamp="2019-06-17T04:31:52.977" />
<gc-end id="219" type="partial gc" contextid="211" durationms="6.647" usertimems="8.000" systemtimems="0.000" timestamp="2019-06-17T04:31:52.978" activeThreads="4">
  <mem-info id="220" free="7340032" total="18874368" percent="38">
    <mem type="eden" free="979672" total="2097152" percent="46" />
    <remembered-set count="12064" freebytes="705152" totalbytes="753408" percent="93" regionsoverflowed="0" regionsstable="0" regionsrebuilding="0"/>
  </mem-info>
</gc-end>
<cycle-end id="221" type="partial gc" contextid="211" timestamp="2019-06-17T04:31:52.978" />
  <attribute name="elasticGC enabled" value="1" />
  <attribute name= "numThreadsSpecified" value="4" />
  <attribute name="heapSize specified" value="0" />
  <attribute name="Current GC Util" value="39" />
  <attribute name= "Current Time Running" value="42412" />
  <attribute name ="GC Interval" value="0" />
  <attribute name="ProportionalT" value="28.500000" />
  <attribute name="ProportionalI" value="28.500000" />
  <attribute name="ProportionalH" value="28.500000" />
  <attribute name="Current Error" value="19.000000" />
  <attribute name="IntegralT" value="19.000000" />
  <attribute name="IntegralI" value="19.000000" />
  <attribute name="IntegralH" value="19.000000" />
  <attribute name="DerivativeT" value="28.500000" />
  <attribute name="DerivativeI" value="28.500000" />
  <attribute name="DerivativeH" value="28.500000" />
  <attribute name="Loop Time for DT" value="1.000000" />
  <attribute name="Output H" value="8388608"/>
  <attribute name="Output I" value="200"/>
  <attribute name="Output T" value="4"/>
  <attribute name="Target GC Util Change" value ="20.000000" />
  <attribute name="Current GC Util Change" value="39.000000"/>
  <attribute name="GC Util currently" value="39" />
  <attribute name="CPU Util currently" value="6087994158095" />
<exclusive-end id="222" timestamp="2019-06-17T04:31:52.978" durationms="7.652" />

<exclusive-start id="223" timestamp="2019-06-17T04:31:53.008" intervalms="37.594">
  <response-info timems="0.030" idlems="0.030" threads="0" lastid="0000000002320700" lastname="main" />
</exclusive-start>
<allocation-taxation id="224" taxation-threshold="3145728" timestamp="2019-06-17T04:31:53.008" intervalms="37.607" />
<gc-start id="225" type="global mark phase" contextid="200" timestamp="2019-06-17T04:31:53.008">
  <mem-info id="226" free="4194304" total="18874368" percent="22">
    <remembered-set count="12064" freebytes="705152" totalbytes="753408" percent="93" regionsoverflowed="0" regionsstable="0" regionsrebuilding="0"/>
  </mem-info>
</gc-start>
<gc-op id="227" type="mark increment" timems="1.953" contextid="200" timestamp="2019-06-17T04:31:53.010">
  <trace-info objectcount="22715" scancount="19381" scanbytes="769444" />
  <cardclean-info objects="520" bytes="40060" />
  <finalization candidates="79" enqueued="0" />
  <ownableSynchronizers candidates="23" cleared="0" />
  <references type="soft" candidates="1094" cleared="0" enqueued="0" dynamicThreshold="12" maxThreshold="32" />
  <references type="weak" candidates="3853" cleared="0" enqueued="0" />
  <references type="phantom" candidates="99" cleared="0" enqueued="0" />
  <stringconstants candidates="7851" cleared="0"  />
</gc-op>
<gc-op id="228" type="classunload" timems="0.005" contextid="200" timestamp="2019-06-17T04:31:53.010">
  <classunload-info classloadercandidates="12" classloadersunloaded="0" classesunloaded="0" anonymousclassesunloaded="0" quiescems="0.000" setupms="0.005" scanms="0.000" postms="0.000" />
</gc-op>
<gc-end id="229" type="global mark phase" contextid="200" durationms="2.284" usertimems="4.000" systemtimems="0.000" timestamp="2019-06-17T04:31:53.011" activeThreads="4">
  <mem-info id="230" free="4194304" total="18874368" percent="22">
    <remembered-set count="12064" freebytes="705152" totalbytes="753408" percent="93" regionsoverflowed="0" regionsstable="0" regionsrebuilding="0"/>
  </mem-info>
</gc-end>
<cycle-end id="231" type="global mark phase" contextid="200" timestamp="2019-06-17T04:31:53.011" />
  <attribute name="elasticGC enabled" value="1" />
  <attribute name= "numThreadsSpecified" value="4" />
  <attribute name="heapSize specified" value="0" />
  <attribute name="Current GC Util" value="74" />
  <attribute name= "Current Time Running" value="42447" />
  <attribute name ="GC Interval" value="0" />
  <attribute name="ProportionalT" value="81.000000" />
  <attribute name="ProportionalI" value="81.000000" />
  <attribute name="ProportionalH" value="81.000000" />
  <attribute name="Current Error" value="54.000000" />
  <attribute name="IntegralT" value="54.000000" />
  <attribute name="IntegralI" value="54.000000" />
  <attribute name="IntegralH" value="54.000000" />
  <attribute name="DerivativeT" value="-13.500000" />
  <attribute name="DerivativeI" value="-13.500000" />
  <attribute name="DerivativeH" value="-13.500000" />
  <attribute name="Loop Time for DT" value="1.000000" />
  <attribute name="Output H" value="8388608"/>
  <attribute name="Output I" value="200"/>
  <attribute name="Output T" value="4"/>
  <attribute name="Target GC Util Change" value ="20.000000" />
  <attribute name="Current GC Util Change" value="74.000000"/>
  <attribute name="GC Util currently" value="74" />
  <attribute name="CPU Util currently" value="5900624283967" />
<exclusive-end id="232" timestamp="2019-06-17T04:31:53.011" durationms="2.909" />

<exclusive-start id="233" timestamp="2019-06-17T04:31:53.114" intervalms="106.174">
  <response-info timems="0.025" idlems="0.025" threads="0" lastid="0000000002320700" lastname="main" />
</exclusive-start>
<allocation-taxation id="234" taxation-threshold="3145728" timestamp="2019-06-17T04:31:53.114" intervalms="106.179" />
<cycle-start id="235" type="partial gc" contextid="0" timestamp="2019-06-17T04:31:53.115" intervalms="143.799" />
<gc-start id="236" type="partial gc" contextid="235" timestamp="2019-06-17T04:31:53.115">
  <mem-info id="237" free="1048576" total="18874368" percent="5">
    <mem type="eden" free="0" total="6291456" percent="0" />
    <remembered-set count="12064" freebytes="705152" totalbytes="753408" percent="93" regionsoverflowed="0" regionsstable="0" regionsrebuilding="0"/>
  </mem-info>
</gc-start>
<allocation-stats totalBytes="6282456" >
  <allocated-bytes non-tlh="257032" tlh="6025424" arrayletleaf="0"/>
  <largest-consumer threadName="main" threadId="0000000002320700" bytes="3145056" />
</allocation-stats>
<gc-op id="238" type="sweep" timems="0.494" contextid="235" timestamp="2019-06-17T04:31:53.116" />
<gc-op id="239" type="copy forward" timems="3.733" contextid="235" timestamp="2019-06-17T04:31:53.120">
  <memory-copied type="eden" objects="9685" bytes="770480" bytesdiscarded="0" />
  <memory-copied type="other" objects="11027" bytes="434608" bytesdiscarded="0" />
  <memory-cardclean objects="1360" bytes="80952" />
  <regions eden="3" other="4" />
  <remembered-set-cleared processed="10332" cleared="1948" durationms="0.136" />
  <references type="soft" candidates="224" cleared="0" enqueued="0" dynamicThreshold="7" maxThreshold="32" />
  <references type="weak" candidates="444" cleared="0" enqueued="0" />
  <references type="phantom" candidates="1" cleared="0" enqueued="0" />
  <stringconstants candidates="8285" cleared="0"  />
  <heap-resize type="expand" space="default" amount="1048576" count="1" timems="0.058" reason="continue current collection" />
</gc-op>
<gc-op id="240" type="classunload" timems="0.003" contextid="235" timestamp="2019-06-17T04:31:53.120">
  <classunload-info classloadercandidates="14" classloadersunloaded="0" classesunloaded="0" anonymousclassesunloaded="0" quiescems="0.000" setupms="0.003" scanms="0.000" postms="0.000" />
</gc-op>
<gc-end id="241" type="partial gc" contextid="235" durationms="5.403" usertimems="4.000" systemtimems="0.000" timestamp="2019-06-17T04:31:53.120" activeThreads="1">
  <mem-info id="242" free="7340032" total="19922944" percent="36">
    <mem type="eden" free="193280" total="1048576" percent="18" />
    <remembered-set count="13216" freebytes="742400" totalbytes="795264" percent="93" regionsoverflowed="0" regionsstable="0" regionsrebuilding="0"/>
  </mem-info>
</gc-end>
<cycle-end id="243" type="partial gc" contextid="235" timestamp="2019-06-17T04:31:53.120" />
  <attribute name="elasticGC enabled" value="1" />
  <attribute name= "numThreadsSpecified" value="1" />
  <attribute name="heapSize specified" value="0" />
  <attribute name="Current GC Util" value="46" />
  <attribute name= "Current Time Running" value="42553" />
  <attribute name ="GC Interval" value="0" />
  <attribute name="ProportionalT" value="39.000000" />
  <attribute name="ProportionalI" value="39.000000" />
  <attribute name="ProportionalH" value="39.000000" />
  <attribute name="Current Error" value="26.000000" />
  <attribute name="IntegralT" value="0.000000" />
  <attribute name="IntegralI" value="0.000000" />
  <attribute name="IntegralH" value="0.000000" />
  <attribute name="DerivativeT" value="inf" />
  <attribute name="DerivativeI" value="inf" />
  <attribute name="DerivativeH" value="inf" />
  <attribute name="Loop Time for DT" value="0.000000" />
  <attribute name="Output H" value="8388608"/>
  <attribute name="Output I" value="200"/>
  <attribute name="Output T" value="1"/>
  <attribute name="Target GC Util Change" value ="20.000000" />
  <attribute name="Current GC Util Change" value="46.000000"/>
  <attribute name="GC Util currently" value="46" />
  <attribute name="CPU Util currently" value="26545897334489" />
<exclusive-end id="244" timestamp="2019-06-17T04:31:53.121" durationms="6.429" />

<exclusive-start id="245" timestamp="2019-06-17T04:31:53.131" intervalms="16.861">
  <response-info timems="0.067" idlems="0.067" threads="0" lastid="0000000002320700" lastname="main" />
</exclusive-start>
<allocation-taxation id="246" taxation-threshold="3145728" timestamp="2019-06-17T04:31:53.131" intervalms="16.879" />
<cycle-start id="247" type="global mark phase" contextid="0" timestamp="2019-06-17T04:31:53.131" intervalms="187.976" />
<gc-start id="248" type="global mark phase" contextid="247" timestamp="2019-06-17T04:31:53.132">
  <mem-info id="249" free="4194304" total="19922944" percent="21">
    <remembered-set count="13024" freebytes="743168" totalbytes="795264" percent="93" regionsoverflowed="0" regionsstable="0" regionsrebuilding="0"/>
  </mem-info>
</gc-start>
<gc-op id="250" type="mark increment" timems="0.511" contextid="247" timestamp="2019-06-17T04:31:53.132">
  <trace-info objectcount="206" scancount="0" scanbytes="0" />
</gc-op>
<gc-end id="251" type="global mark phase" contextid="247" durationms="0.740" usertimems="0.000" systemtimems="0.000" timestamp="2019-06-17T04:31:53.132" activeThreads="1">
  <mem-info id="252" free="4194304" total="19922944" percent="21">
    <remembered-set count="13024" freebytes="743168" totalbytes="795264" percent="93" regionsoverflowed="0" regionsstable="0" regionsrebuilding="0"/>
  </mem-info>
</gc-end>
<concurrent-start id="253" type="GMP work packet processing" contextid="247" timestamp="2019-06-17T04:31:53.132">
  <concurrent-mark-start scanTarget="18446744073709551615" />
</concurrent-start>
<concurrent-end id="254" type="GMP work packet processing" contextid="247" timestamp="2019-06-17T04:31:53.135">
  <concurrent-mark-end bytesScanned="2276932" reasonForTermination="Completed all work in GC phase" />
</concurrent-end>

<exclusive-end id="255" timestamp="2019-06-17T04:31:53.135" durationms="4.477" />

<exclusive-start id="256" timestamp="2019-06-17T04:31:53.156" intervalms="25.139">
  <response-info timems="0.063" idlems="0.063" threads="0" lastid="0000000002320700" lastname="main" />
</exclusive-start>
<allocation-taxation id="257" taxation-threshold="3145728" timestamp="2019-06-17T04:31:53.156" intervalms="25.142" />
<cycle-start id="258" type="partial gc" contextid="0" timestamp="2019-06-17T04:31:53.157" intervalms="42.046" />
<gc-start id="259" type="partial gc" contextid="258" timestamp="2019-06-17T04:31:53.157">
  <mem-info id="260" free="1048576" total="19922944" percent="5">
    <mem type="eden" free="0" total="6291456" percent="0" />
    <remembered-set count="13024" freebytes="743168" totalbytes="795264" percent="93" regionsoverflowed="0" regionsstable="0" regionsrebuilding="0"/>
  </mem-info>
</gc-start>
<allocation-stats totalBytes="6290696" >
  <allocated-bytes non-tlh="2552" tlh="6288144" arrayletleaf="0"/>
  <largest-consumer threadName="main" threadId="0000000002320700" bytes="3145280" />
</allocation-stats>
<gc-op id="261" type="copy forward" timems="3.144" contextid="258" timestamp="2019-06-17T04:31:53.161">
  <memory-copied type="eden" objects="12750" bytes="517520" bytesdiscarded="29384" />
  <memory-copied type="other" objects="8926" bytes="460672" bytesdiscarded="10304" />
  <memory-cardclean objects="733" bytes="59272" />
  <regions eden="6" other="1" />
  <remembered-set-cleared processed="11523" cleared="1837" durationms="0.121" />
  <references type="soft" candidates="224" cleared="0" enqueued="0" dynamicThreshold="6" maxThreshold="32" />
  <references type="weak" candidates="408" cleared="0" enqueued="0" />
  <stringconstants candidates="8299" cleared="0"  />
  <heap-resize type="expand" space="default" amount="1048576" count="1" timems="0.061" reason="continue current collection" />
</gc-op>
<gc-op id="262" type="classunload" timems="0.003" contextid="258" timestamp="2019-06-17T04:31:53.161">
  <classunload-info classloadercandidates="14" classloadersunloaded="0" classesunloaded="0" anonymousclassesunloaded="0" quiescems="0.000" setupms="0.002" scanms="0.000" postms="0.000" />
</gc-op>
<gc-op id="263" type="compact" timems="1.083" contextid="258" timestamp="2019-06-17T04:31:53.162">
  <compact-info movecount="0" movebytes="0" />
  <remembered-set-cleared processed="24662" cleared="1837" durationms="0.121" />
</gc-op>
<heap-resize id="264" type="expand" space="default" amount="2097152" count="1" timems="0.058" reason="insufficient free space following gc" timestamp="2019-06-17T04:31:53.162" />
<gc-end id="265" type="partial gc" contextid="258" durationms="5.721" usertimems="8.000" systemtimems="0.000" timestamp="2019-06-17T04:31:53.163" activeThreads="4">
  <mem-info id="266" free="9437184" total="23068672" percent="40">
    <mem type="eden" free="501656" total="1048576" percent="47" />
    <remembered-set count="14400" freebytes="863232" totalbytes="920832" percent="93" regionsoverflowed="0" regionsstable="0" regionsrebuilding="0"/>
  </mem-info>
</gc-end>
<cycle-end id="267" type="partial gc" contextid="258" timestamp="2019-06-17T04:31:53.163" />
  <attribute name="elasticGC enabled" value="1" />
  <attribute name= "numThreadsSpecified" value="4" />
  <attribute name="heapSize specified" value="0" />
  <attribute name="Current GC Util" value="76" />
  <attribute name= "Current Time Running" value="42598" />
  <attribute name ="GC Interval" value="0" />
  <attribute name="ProportionalT" value="84.000000" />
  <attribute name="ProportionalI" value="84.000000" />
  <attribute name="ProportionalH" value="84.000000" />
  <attribute name="Current Error" value="56.000000" />
  <attribute name="IntegralT" value="168.000000" />
  <attribute name="IntegralI" value="168.000000" />
  <attribute name="IntegralH" value="168.000000" />
  <attribute name="DerivativeT" value="16.500000" />
  <attribute name="DerivativeI" value="16.500000" />
  <attribute name="DerivativeH" value="16.500000" />
  <attribute name="Loop Time for DT" value="3.000000" />
  <attribute name="Output H" value="8388608"/>
  <attribute name="Output I" value="272"/>
  <attribute name="Output T" value="4"/>
  <attribute name="Target GC Util Change" value ="20.000000" />
  <attribute name="Current GC Util Change" value="76.000000"/>
  <attribute name="GC Util currently" value="76" />
  <attribute name="CPU Util currently" value="1307540449927" />
<exclusive-end id="268" timestamp="2019-06-17T04:31:53.163" durationms="6.772" />

<exclusive-start id="269" timestamp="2019-06-17T04:31:53.326" intervalms="170.063">
  <response-info timems="0.058" idlems="0.058" threads="0" lastid="0000000002320700" lastname="main" />
</exclusive-start>
<allocation-taxation id="270" taxation-threshold="4194304" timestamp="2019-06-17T04:31:53.326" intervalms="170.049" />
<gc-start id="271" type="global mark phase" contextid="247" timestamp="2019-06-17T04:31:53.327">
  <mem-info id="272" free="5242880" total="23068672" percent="22">
    <remembered-set count="14400" freebytes="863232" totalbytes="920832" percent="93" regionsoverflowed="0" regionsstable="0" regionsrebuilding="0"/>
  </mem-info>
</gc-start>
<gc-op id="273" type="mark increment" timems="2.032" contextid="247" timestamp="2019-06-17T04:31:53.329">
  <trace-info objectcount="9396" scancount="8500" scanbytes="308008" />
  <cardclean-info objects="4821" bytes="213912" />
  <finalization candidates="79" enqueued="0" />
  <ownableSynchronizers candidates="23" cleared="0" />
  <references type="soft" candidates="1635" cleared="57" enqueued="56" dynamicThreshold="13" maxThreshold="32" />
  <references type="weak" candidates="4470" cleared="25" enqueued="24" />
  <references type="phantom" candidates="99" cleared="0" enqueued="0" />
  <stringconstants candidates="8641" cleared="0"  />
</gc-op>
<gc-op id="274" type="classunload" timems="0.005" contextid="247" timestamp="2019-06-17T04:31:53.329">
  <classunload-info classloadercandidates="16" classloadersunloaded="0" classesunloaded="0" anonymousclassesunloaded="0" quiescems="0.000" setupms="0.005" scanms="0.000" postms="0.000" />
</gc-op>
<gc-end id="275" type="global mark phase" contextid="247" durationms="2.401" usertimems="4.000" systemtimems="0.000" timestamp="2019-06-17T04:31:53.329" activeThreads="4">
  <mem-info id="276" free="5242880" total="23068672" percent="22">
    <pending-finalizers system="0" default="0" reference="80" classloader="0" />
    <remembered-set count="14400" freebytes="863232" totalbytes="920832" percent="93" regionsoverflowed="0" regionsstable="0" regionsrebuilding="0"/>
  </mem-info>
</gc-end>
<cycle-end id="277" type="global mark phase" contextid="247" timestamp="2019-06-17T04:31:53.329" />
  <attribute name="elasticGC enabled" value="1" />
  <attribute name= "numThreadsSpecified" value="4" />
  <attribute name="heapSize specified" value="0" />
  <attribute name="Current GC Util" value="0" />
  <attribute name= "Current Time Running" value="42765" />
  <attribute name ="GC Interval" value="0" />
  <attribute name="ProportionalT" value="-30.000000" />
  <attribute name="ProportionalI" value="-30.000000" />
  <attribute name="ProportionalH" value="-30.000000" />
  <attribute name="Current Error" value="-20.000000" />
  <attribute name="IntegralT" value="-20.000000" />
  <attribute name="IntegralI" value="-20.000000" />
  <attribute name="IntegralH" value="-20.000000" />
  <attribute name="DerivativeT" value="-130.500000" />
  <attribute name="DerivativeI" value="-130.500000" />
  <attribute name="DerivativeH" value="-130.500000" />
  <attribute name="Loop Time for DT" value="1.000000" />
  <attribute name="Output H" value="2091843584"/>
  <attribute name="Output I" value="200"/>
  <attribute name="Output T" value="4"/>
  <attribute name="Target GC Util Change" value ="20.000000" />
  <attribute name="Current GC Util Change" value="0.000000"/>
  <attribute name="GC Util currently" value="0" />
  <attribute name="CPU Util currently" value="8360167965193" />
<exclusive-end id="278" timestamp="2019-06-17T04:31:53.329" durationms="3.087" />

<exclusive-start id="279" timestamp="2019-06-17T04:31:53.350" intervalms="23.372">
  <response-info timems="0.019" idlems="0.019" threads="0" lastid="0000000002320700" lastname="main" />
</exclusive-start>
<sys-start reason="explicit" id="280" timestamp="2019-06-17T04:31:53.350" intervalms="42941.545" />
<cycle-start id="281" type="global garbage collect" contextid="0" timestamp="2019-06-17T04:31:53.350" intervalms="42941.833" />
<gc-start id="282" type="global garbage collect" contextid="281" timestamp="2019-06-17T04:31:53.350">
  <mem-info id="283" free="4509168" total="23068672" percent="19">
    <mem type="eden" free="314864" total="5242880" percent="6" />
    <remembered-set count="14400" freebytes="863232" totalbytes="920832" percent="93" regionsoverflowed="0" regionsstable="0" regionsrebuilding="0"/>
  </mem-info>
</gc-start>
<allocation-stats totalBytes="4924784" >
  <allocated-bytes non-tlh="432240" tlh="4492544" arrayletleaf="0"/>
  <largest-consumer threadName="main" threadId="0000000002320700" bytes="728624" />
</allocation-stats>
<gc-op id="284" type="global mark" timems="6.333" contextid="281" timestamp="2019-06-17T04:31:53.357">
  <trace-info objectcount="73736" scancount="60043" scanbytes="2067540" />
  <finalization candidates="79" enqueued="0" />
  <ownableSynchronizers candidates="23" cleared="0" />
  <references type="soft" candidates="1582" cleared="1" enqueued="1" dynamicThreshold="7" maxThreshold="32" />
  <references type="weak" candidates="4486" cleared="17" enqueued="15" />
  <references type="phantom" candidates="101" cleared="2" enqueued="2" />
  <stringconstants candidates="8669" cleared="16"  />
</gc-op>
<gc-op id="285" type="classunload" timems="0.447" contextid="281" timestamp="2019-06-17T04:31:53.357">
  <classunload-info classloadercandidates="17" classloadersunloaded="1" classesunloaded="1" anonymousclassesunloaded="0" quiescems="0.000" setupms="0.436" scanms="0.008" postms="0.003" />
</gc-op>
<gc-op id="286" type="sweep" timems="0.746" contextid="281" timestamp="2019-06-17T04:31:53.358" />
<gc-op id="287" type="compact" timems="8.237" contextid="281" timestamp="2019-06-17T04:31:53.367">
  <compact-info movecount="73132" movebytes="4196232" />
  <remembered-set-cleared processed="23616" cleared="23616" durationms="0.122" />
</gc-op>
<gc-end id="288" type="global garbage collect" contextid="281" durationms="16.996" usertimems="28.000" systemtimems="0.000" timestamp="2019-06-17T04:31:53.367" activeThreads="4">
  <mem-info id="289" free="8388608" total="23068672" percent="36">
    <pending-finalizers system="0" default="0" reference="18" classloader="0" />
    <remembered-set count="9728" freebytes="881920" totalbytes="920832" percent="95" regionsoverflowed="0" regionsstable="0" regionsrebuilding="0"/>
  </mem-info>
</gc-end>
<cycle-end id="290" type="global garbage collect" contextid="281" timestamp="2019-06-17T04:31:53.367" />
  <attribute name="elasticGC enabled" value="1" />
  <attribute name= "numThreadsSpecified" value="4" />
  <attribute name="heapSize specified" value="0" />
  <attribute name="Current GC Util" value="50" />
  <attribute name= "Current Time Running" value="42796" />
  <attribute name ="GC Interval" value="0" />
  <attribute name="ProportionalT" value="45.000000" />
  <attribute name="ProportionalI" value="45.000000" />
  <attribute name="ProportionalH" value="45.000000" />
  <attribute name="Current Error" value="30.000000" />
  <attribute name="IntegralT" value="30.000000" />
  <attribute name="IntegralI" value="30.000000" />
  <attribute name="IntegralH" value="30.000000" />
  <attribute name="DerivativeT" value="-54.000000" />
  <attribute name="DerivativeI" value="-54.000000" />
  <attribute name="DerivativeH" value="-54.000000" />
  <attribute name="Loop Time for DT" value="1.000000" />
  <attribute name="Output H" value="8388608"/>
  <attribute name="Output I" value="200"/>
  <attribute name="Output T" value="4"/>
  <attribute name="Target GC Util Change" value ="20.000000" />
  <attribute name="Current GC Util Change" value="50.000000"/>
  <attribute name="GC Util currently" value="50" />
  <attribute name="CPU Util currently" value="4811668583402" />
<sys-end id="291" timestamp="2019-06-17T04:31:53.368" />
<exclusive-end id="292" timestamp="2019-06-17T04:31:53.368" durationms="18.370" />

<exclusive-start id="293" timestamp="2019-06-17T04:31:53.487" intervalms="137.336">
  <response-info timems="0.073" idlems="0.073" threads="0" lastid="0000000002320700" lastname="main" />
</exclusive-start>
<allocation-taxation id="294" taxation-threshold="8388608" timestamp="2019-06-17T04:31:53.487" intervalms="160.750" />
<cycle-start id="295" type="partial gc" contextid="0" timestamp="2019-06-17T04:31:53.487" intervalms="330.810" />
<gc-start id="296" type="partial gc" contextid="295" timestamp="2019-06-17T04:31:53.488">
  <mem-info id="297" free="0" total="23068672" percent="0">
    <mem type="eden" free="0" total="8388608" percent="0" />
    <remembered-set count="9376" freebytes="883328" totalbytes="920832" percent="95" regionsoverflowed="0" regionsstable="0" regionsrebuilding="0"/>
  </mem-info>
</gc-start>
<allocation-stats totalBytes="8386624" >
  <allocated-bytes non-tlh="529840" tlh="7856784" arrayletleaf="0"/>
  <largest-consumer threadName="main" threadId="0000000002320700" bytes="8378376" />
</allocation-stats>
<gc-op id="298" type="mark" timems="1.982" contextid="295" timestamp="2019-06-17T04:31:53.490">
  <trace-info objectcount="17907" scancount="16124" scanbytes="701040" />
  <cardclean-info objects="550" bytes="31436" />
  <remembered-set-cleared processed="8661" cleared="126" durationms="0.140" />
  <references type="soft" candidates="2" cleared="0" enqueued="0" dynamicThreshold="11" maxThreshold="32" />
  <references type="weak" candidates="14" cleared="10" enqueued="10" />
  <references type="phantom" candidates="6" cleared="2" enqueued="2" />
  <stringconstants candidates="8676" cleared="0"  />
  <warning details="Mark invoked due to insufficient free space for Copy-Forward" />
</gc-op>
<gc-op id="299" type="classunload" timems="0.003" contextid="295" timestamp="2019-06-17T04:31:53.490">
  <classunload-info classloadercandidates="16" classloadersunloaded="0" classesunloaded="0" anonymousclassesunloaded="0" quiescems="0.000" setupms="0.003" scanms="0.000" postms="0.000" />
</gc-op>
<gc-op id="300" type="sweep" timems="0.807" contextid="295" timestamp="2019-06-17T04:31:53.491" />
<gc-op id="301" type="compact" timems="4.514" contextid="295" timestamp="2019-06-17T04:31:53.496">
  <compact-info movecount="17907" movebytes="1359880" />
  <remembered-set-cleared processed="20037" cleared="2948" durationms="0.145" />
</gc-op>
<heap-resize id="302" type="expand" space="default" amount="3145728" count="1" timems="0.076" reason="insufficient free space following gc" timestamp="2019-06-17T04:31:53.497" />
<gc-end id="303" type="partial gc" contextid="295" durationms="9.049" usertimems="8.000" systemtimems="0.000" timestamp="2019-06-17T04:31:53.497" activeThreads="4">
  <mem-info id="304" free="9437184" total="26214400" percent="36">
    <mem type="eden" free="736592" total="2097152" percent="35" />
    <pending-finalizers system="0" default="0" reference="12" classloader="0" />
    <remembered-set count="12544" freebytes="996224" totalbytes="1046400" percent="95" regionsoverflowed="0" regionsstable="0" regionsrebuilding="0"/>
  </mem-info>
</gc-end>
<cycle-end id="305" type="partial gc" contextid="295" timestamp="2019-06-17T04:31:53.497" />
  <attribute name="elasticGC enabled" value="1" />
  <attribute name= "numThreadsSpecified" value="4" />
  <attribute name="heapSize specified" value="0" />
  <attribute name="Current GC Util" value="50" />
  <attribute name= "Current Time Running" value="42929" />
  <attribute name ="GC Interval" value="0" />
  <attribute name="ProportionalT" value="45.000000" />
  <attribute name="ProportionalI" value="45.000000" />
  <attribute name="ProportionalH" value="45.000000" />
  <attribute name="Current Error" value="30.000000" />
  <attribute name="IntegralT" value="30.000000" />
  <attribute name="IntegralI" value="30.000000" />
  <attribute name="IntegralH" value="30.000000" />
  <attribute name="DerivativeT" value="45.000000" />
  <attribute name="DerivativeI" value="45.000000" />
  <attribute name="DerivativeH" value="45.000000" />
  <attribute name="Loop Time for DT" value="1.000000" />
  <attribute name="Output H" value="8388608"/>
  <attribute name="Output I" value="200"/>
  <attribute name="Output T" value="4"/>
  <attribute name="Target GC Util Change" value ="20.000000" />
  <attribute name="Current GC Util Change" value="50.000000"/>
  <attribute name="GC Util currently" value="50" />
  <attribute name="CPU Util currently" value="4334784325581" />
<exclusive-end id="306" timestamp="2019-06-17T04:31:53.497" durationms="10.278" />

<exclusive-start id="307" timestamp="2019-06-17T04:31:53.718" intervalms="231.072">
  <response-info timems="0.025" idlems="0.025" threads="0" lastid="0000000002320700" lastname="main" />
</exclusive-start>
<allocation-taxation id="308" taxation-threshold="9437184" timestamp="2019-06-17T04:31:53.718" intervalms="231.056" />
<cycle-start id="309" type="partial gc" contextid="0" timestamp="2019-06-17T04:31:53.718" intervalms="231.056" />
<gc-start id="310" type="partial gc" contextid="309" timestamp="2019-06-17T04:31:53.719">
  <mem-info id="311" free="0" total="26214400" percent="0">
    <mem type="eden" free="0" total="9437184" percent="0" />
    <remembered-set count="12384" freebytes="996864" totalbytes="1046400" percent="95" regionsoverflowed="0" regionsstable="0" regionsrebuilding="0"/>
  </mem-info>
</gc-start>
<allocation-stats totalBytes="9435536" >
  <allocated-bytes non-tlh="406192" tlh="9029344" arrayletleaf="0"/>
  <largest-consumer threadName="main" threadId="0000000002320700" bytes="9435536" />
</allocation-stats>
<gc-op id="312" type="mark" timems="2.011" contextid="309" timestamp="2019-06-17T04:31:53.721">
  <trace-info objectcount="16666" scancount="12397" scanbytes="413044" />
  <cardclean-info objects="761" bytes="51152" />
  <remembered-set-cleared processed="10219" cleared="1891" durationms="0.173" />
  <references type="soft" candidates="70" cleared="0" enqueued="0" dynamicThreshold="11" maxThreshold="32" />
  <references type="weak" candidates="206" cleared="20" enqueued="17" />
  <references type="phantom" candidates="4" cleared="0" enqueued="0" />
  <stringconstants candidates="10883" cleared="0"  />
  <warning details="Mark invoked due to insufficient free space for Copy-Forward" />
</gc-op>
<gc-op id="313" type="classunload" timems="0.003" contextid="309" timestamp="2019-06-17T04:31:53.722">
  <classunload-info classloadercandidates="17" classloadersunloaded="0" classesunloaded="0" anonymousclassesunloaded="0" quiescems="0.000" setupms="0.003" scanms="0.000" postms="0.000" />
</gc-op>
<gc-op id="314" type="sweep" timems="0.827" contextid="309" timestamp="2019-06-17T04:31:53.723" />
<gc-op id="315" type="compact" timems="4.728" contextid="309" timestamp="2019-06-17T04:31:53.728">
  <compact-info movecount="16665" movebytes="1062640" />
  <remembered-set-cleared processed="21614" cleared="4982" durationms="0.173" />
</gc-op>
<gc-end id="316" type="partial gc" contextid="309" durationms="9.082" usertimems="12.000" systemtimems="0.000" timestamp="2019-06-17T04:31:53.728" activeThreads="4">
  <mem-info id="317" free="9437184" total="26214400" percent="36">
    <mem type="eden" free="86208" total="1048576" percent="8" />
    <pending-finalizers system="0" default="0" reference="17" classloader="0" />
    <remembered-set count="11424" freebytes="1000704" totalbytes="1046400" percent="95" regionsoverflowed="0" regionsstable="0" regionsrebuilding="0"/>
  </mem-info>
</gc-end>
<cycle-end id="318" type="partial gc" contextid="309" timestamp="2019-06-17T04:31:53.728" />
  <attribute name="elasticGC enabled" value="1" />
  <attribute name= "numThreadsSpecified" value="4" />
  <attribute name="heapSize specified" value="0" />
  <attribute name="Current GC Util" value="47" />
  <attribute name= "Current Time Running" value="43160" />
  <attribute name ="GC Interval" value="0" />
  <attribute name="ProportionalT" value="40.500000" />
  <attribute name="ProportionalI" value="40.500000" />
  <attribute name="ProportionalH" value="40.500000" />
  <attribute name="Current Error" value="27.000000" />
  <attribute name="IntegralT" value="27.000000" />
  <attribute name="IntegralI" value="27.000000" />
  <attribute name="IntegralH" value="27.000000" />
  <attribute name="DerivativeT" value="40.500000" />
  <attribute name="DerivativeI" value="40.500000" />
  <attribute name="DerivativeH" value="40.500000" />
  <attribute name="Loop Time for DT" value="1.000000" />
  <attribute name="Output H" value="8388608"/>
  <attribute name="Output I" value="200"/>
  <attribute name="Output T" value="4"/>
  <attribute name="Target GC Util Change" value ="20.000000" />
  <attribute name="Current GC Util Change" value="47.000000"/>
  <attribute name="GC Util currently" value="47" />
  <attribute name="CPU Util currently" value="4426188864119" />
<exclusive-end id="319" timestamp="2019-06-17T04:31:53.728" durationms="10.270" />

<exclusive-start id="320" timestamp="2019-06-17T04:31:53.793" intervalms="74.781">
  <response-info timems="0.025" idlems="0.025" threads="0" lastid="0000000002320700" lastname="main" />
</exclusive-start>
<allocation-taxation id="321" taxation-threshold="9437184" timestamp="2019-06-17T04:31:53.793" intervalms="74.742" />
<cycle-start id="322" type="partial gc" contextid="0" timestamp="2019-06-17T04:31:53.793" intervalms="74.748" />
<gc-start id="323" type="partial gc" contextid="322" timestamp="2019-06-17T04:31:53.793">
  <mem-info id="324" free="0" total="26214400" percent="0">
    <mem type="eden" free="86208" total="10485760" percent="0" />
    <remembered-set count="11040" freebytes="1002240" totalbytes="1046400" percent="95" regionsoverflowed="0" regionsstable="0" regionsrebuilding="0"/>
  </mem-info>
</gc-start>
<allocation-stats totalBytes="9435896" >
  <allocated-bytes non-tlh="219656" tlh="9216240" arrayletleaf="0"/>
  <largest-consumer threadName="main" threadId="0000000002320700" bytes="9435896" />
</allocation-stats>
<gc-op id="325" type="mark" timems="2.008" contextid="322" timestamp="2019-06-17T04:31:53.796">
  <trace-info objectcount="20171" scancount="15422" scanbytes="514776" />
  <cardclean-info objects="443" bytes="39704" />
  <remembered-set-cleared processed="9619" cleared="1091" durationms="0.144" />
  <references type="soft" candidates="100" cleared="0" enqueued="0" dynamicThreshold="11" maxThreshold="32" />
  <references type="weak" candidates="190" cleared="2" enqueued="2" />
  <references type="phantom" candidates="1" cleared="0" enqueued="0" />
  <stringconstants candidates="10992" cleared="0"  />
  <warning details="Mark invoked due to insufficient free space for Copy-Forward" />
</gc-op>
<gc-op id="326" type="classunload" timems="0.003" contextid="322" timestamp="2019-06-17T04:31:53.796">
  <classunload-info classloadercandidates="18" classloadersunloaded="0" classesunloaded="0" anonymousclassesunloaded="0" quiescems="0.000" setupms="0.003" scanms="0.000" postms="0.000" />
</gc-op>
<gc-op id="327" type="sweep" timems="1.176" contextid="322" timestamp="2019-06-17T04:31:53.798" />
<gc-op id="328" type="compact" timems="4.631" contextid="322" timestamp="2019-06-17T04:31:53.802">
  <compact-info movecount="20171" movebytes="1083120" />
  <remembered-set-cleared processed="21958" cleared="5038" durationms="0.144" />
</gc-op>
<heap-resize id="329" type="expand" space="default" amount="1048576" count="1" timems="0.054" reason="insufficient free space following gc" timestamp="2019-06-17T04:31:53.803" />
<gc-end id="330" type="partial gc" contextid="322" durationms="9.521" usertimems="12.000" systemtimems="0.000" timestamp="2019-06-17T04:31:53.803" activeThreads="4">
  <mem-info id="331" free="9437184" total="27262976" percent="34">
    <mem type="eden" free="1014032" total="2097152" percent="48" />
    <pending-finalizers system="0" default="0" reference="2" classloader="0" />
    <remembered-set count="11584" freebytes="1041920" totalbytes="1088256" percent="95" regionsoverflowed="0" regionsstable="0" regionsrebuilding="0"/>
  </mem-info>
</gc-end>
<cycle-end id="332" type="partial gc" contextid="322" timestamp="2019-06-17T04:31:53.803" />
  <attribute name="elasticGC enabled" value="1" />
  <attribute name= "numThreadsSpecified" value="4" />
  <attribute name="heapSize specified" value="0" />
  <attribute name="Current GC Util" value="61" />
  <attribute name= "Current Time Running" value="43235" />
  <attribute name ="GC Interval" value="0" />
  <attribute name="ProportionalT" value="61.500000" />
  <attribute name="ProportionalI" value="61.500000" />
  <attribute name="ProportionalH" value="61.500000" />
  <attribute name="Current Error" value="41.000000" />
  <attribute name="IntegralT" value="82.000000" />
  <attribute name="IntegralI" value="82.000000" />
  <attribute name="IntegralH" value="82.000000" />
  <attribute name="DerivativeT" value="30.750000" />
  <attribute name="DerivativeI" value="30.750000" />
  <attribute name="DerivativeH" value="30.750000" />
  <attribute name="Loop Time for DT" value="2.000000" />
  <attribute name="Output H" value="8388608"/>
  <attribute name="Output I" value="200"/>
  <attribute name="Output T" value="4"/>
  <attribute name="Target GC Util Change" value ="20.000000" />
  <attribute name="Current GC Util Change" value="61.000000"/>
  <attribute name="GC Util currently" value="61" />
  <attribute name="CPU Util currently" value="3245584004172" />
<exclusive-end id="333" timestamp="2019-06-17T04:31:53.803" durationms="10.640" />

<exclusive-start id="334" timestamp="2019-06-17T04:31:53.912" intervalms="119.703">
  <response-info timems="0.063" idlems="0.063" threads="0" lastid="0000000002320700" lastname="main" />
</exclusive-start>
<allocation-taxation id="335" taxation-threshold="9437184" timestamp="2019-06-17T04:31:53.913" intervalms="119.754" />
<cycle-start id="336" type="partial gc" contextid="0" timestamp="2019-06-17T04:31:53.913" intervalms="119.760" />
<gc-start id="337" type="partial gc" contextid="336" timestamp="2019-06-17T04:31:53.913">
  <mem-info id="338" free="0" total="27262976" percent="0">
    <mem type="eden" free="0" total="9437184" percent="0" />
    <remembered-set count="11392" freebytes="1042688" totalbytes="1088256" percent="95" regionsoverflowed="0" regionsstable="0" regionsrebuilding="0"/>
  </mem-info>
</gc-start>
<allocation-stats totalBytes="9436040" >
  <allocated-bytes non-tlh="217744" tlh="9218296" arrayletleaf="0"/>
  <largest-consumer threadName="main" threadId="0000000002320700" bytes="9431944" />
</allocation-stats>
<gc-op id="339" type="mark" timems="1.772" contextid="336" timestamp="2019-06-17T04:31:53.916">
  <trace-info objectcount="12221" scancount="11143" scanbytes="506280" />
  <cardclean-info objects="519" bytes="33056" />
  <remembered-set-cleared processed="10436" cleared="1164" durationms="0.171" />
  <references type="soft" candidates="33" cleared="0" enqueued="0" dynamicThreshold="11" maxThreshold="32" />
  <references type="weak" candidates="24" cleared="0" enqueued="0" />
  <references type="phantom" candidates="1" cleared="0" enqueued="0" />
  <stringconstants candidates="11055" cleared="0"  />
  <warning details="Mark invoked due to insufficient free space for Copy-Forward" />
</gc-op>
<gc-op id="340" type="classunload" timems="0.004" contextid="336" timestamp="2019-06-17T04:31:53.916">
  <classunload-info classloadercandidates="19" classloadersunloaded="0" classesunloaded="0" anonymousclassesunloaded="0" quiescems="0.000" setupms="0.004" scanms="0.000" postms="0.000" />
</gc-op>
<gc-op id="341" type="sweep" timems="1.225" contextid="336" timestamp="2019-06-17T04:31:53.917" />
<gc-op id="342" type="compact" timems="4.973" contextid="336" timestamp="2019-06-17T04:31:53.922">
  <compact-info movecount="12217" movebytes="880496" />
  <remembered-set-cleared processed="21937" cleared="4265" durationms="0.171" />
</gc-op>
<heap-resize id="343" type="expand" space="default" amount="3145728" count="1" timems="0.077" reason="insufficient free space following gc" timestamp="2019-06-17T04:31:53.923" />
<gc-end id="344" type="partial gc" contextid="336" durationms="9.755" usertimems="8.000" systemtimems="0.000" timestamp="2019-06-17T04:31:53.923" activeThreads="4">
  <mem-info id="345" free="11534336" total="30408704" percent="37">
    <mem type="eden" free="207664" total="1048576" percent="19" />
    <remembered-set count="12832" freebytes="1162496" totalbytes="1213824" percent="95" regionsoverflowed="0" regionsstable="0" regionsrebuilding="0"/>
  </mem-info>
</gc-end>
<cycle-end id="346" type="partial gc" contextid="336" timestamp="2019-06-17T04:31:53.923" />
  <attribute name="elasticGC enabled" value="1" />
  <attribute name= "numThreadsSpecified" value="4" />
  <attribute name="heapSize specified" value="0" />
  <attribute name="Current GC Util" value="63" />
  <attribute name= "Current Time Running" value="43354" />
  <attribute name ="GC Interval" value="0" />
  <attribute name="ProportionalT" value="64.500000" />
  <attribute name="ProportionalI" value="64.500000" />
  <attribute name="ProportionalH" value="64.500000" />
  <attribute name="Current Error" value="43.000000" />
  <attribute name="IntegralT" value="43.000000" />
  <attribute name="IntegralI" value="43.000000" />
  <attribute name="IntegralH" value="43.000000" />
  <attribute name="DerivativeT" value="64.500000" />
  <attribute name="DerivativeI" value="64.500000" />
  <attribute name="DerivativeH" value="64.500000" />
  <attribute name="Loop Time for DT" value="1.000000" />
  <attribute name="Output H" value="8388608"/>
  <attribute name="Output I" value="200"/>
  <attribute name="Output T" value="4"/>
  <attribute name="Target GC Util Change" value ="20.000000" />
  <attribute name="Current GC Util Change" value="63.000000"/>
  <attribute name="GC Util currently" value="63" />
  <attribute name="CPU Util currently" value="3206119859940" />
<exclusive-end id="347" timestamp="2019-06-17T04:31:53.923" durationms="10.962" />

<exclusive-start id="348" timestamp="2019-06-17T04:31:53.985" intervalms="72.834">
  <response-info timems="0.054" idlems="0.054" threads="0" lastid="0000000002320700" lastname="main" />
</exclusive-start>
<allocation-taxation id="349" taxation-threshold="11534336" timestamp="2019-06-17T04:31:53.985" intervalms="72.811" />
<cycle-start id="350" type="partial gc" contextid="0" timestamp="2019-06-17T04:31:53.986" intervalms="72.791" />
<gc-start id="351" type="partial gc" contextid="350" timestamp="2019-06-17T04:31:53.986">
  <mem-info id="352" free="0" total="30408704" percent="0">
    <mem type="eden" free="0" total="11534336" percent="0" />
    <remembered-set count="12384" freebytes="1164288" totalbytes="1213824" percent="95" regionsoverflowed="0" regionsstable="0" regionsrebuilding="0"/>
  </mem-info>
</gc-start>
<allocation-stats totalBytes="11532768" >
  <allocated-bytes non-tlh="203784" tlh="11328984" arrayletleaf="0"/>
  <largest-consumer threadName="main" threadId="0000000002320700" bytes="11532768" />
</allocation-stats>
<gc-op id="353" type="mark" timems="3.446" contextid="350" timestamp="2019-06-17T04:31:53.990">
  <trace-info objectcount="3336" scancount="3033" scanbytes="138660" />
  <cardclean-info objects="364" bytes="21144" />
  <remembered-set-cleared processed="10620" cleared="1201" durationms="0.147" />
  <references type="soft" candidates="11" cleared="0" enqueued="0" dynamicThreshold="12" maxThreshold="32" />
  <references type="weak" candidates="22" cleared="0" enqueued="0" />
  <references type="phantom" candidates="1" cleared="0" enqueued="0" />
  <stringconstants candidates="11119" cleared="0"  />
  <warning details="Mark invoked due to insufficient free space for Copy-Forward" />
</gc-op>
<gc-op id="354" type="classunload" timems="0.004" contextid="350" timestamp="2019-06-17T04:31:53.990">
  <classunload-info classloadercandidates="20" classloadersunloaded="0" classesunloaded="0" anonymousclassesunloaded="0" quiescems="0.000" setupms="0.003" scanms="0.000" postms="0.000" />
</gc-op>
<gc-op id="355" type="sweep" timems="0.361" contextid="350" timestamp="2019-06-17T04:31:53.991" />
<gc-op id="356" type="compact" timems="2.324" contextid="350" timestamp="2019-06-17T04:31:53.993">
  <compact-info movecount="3333" movebytes="404768" />
  <remembered-set-cleared processed="20706" cleared="3093" durationms="0.147" />
</gc-op>
<gc-end id="357" type="partial gc" contextid="350" durationms="7.458" usertimems="12.000" systemtimems="0.000" timestamp="2019-06-17T04:31:53.993" activeThreads="4">
  <mem-info id="358" free="10485760" total="30408704" percent="34">
    <mem type="eden" free="672088" total="1048576" percent="64" />
    <remembered-set count="12160" freebytes="1165184" totalbytes="1213824" percent="95" regionsoverflowed="0" regionsstable="0" regionsrebuilding="0"/>
  </mem-info>
</gc-end>
<cycle-end id="359" type="partial gc" contextid="350" timestamp="2019-06-17T04:31:53.994" />
  <attribute name="elasticGC enabled" value="1" />
  <attribute name= "numThreadsSpecified" value="4" />
  <attribute name="heapSize specified" value="0" />
  <attribute name="Current GC Util" value="24" />
  <attribute name= "Current Time Running" value="43428" />
  <attribute name ="GC Interval" value="0" />
  <attribute name="ProportionalT" value="6.000000" />
  <attribute name="ProportionalI" value="6.000000" />
  <attribute name="ProportionalH" value="6.000000" />
  <attribute name="Current Error" value="4.000000" />
  <attribute name="IntegralT" value="4.000000" />
  <attribute name="IntegralI" value="4.000000" />
  <attribute name="IntegralH" value="4.000000" />
  <attribute name="DerivativeT" value="-90.000000" />
  <attribute name="DerivativeI" value="-90.000000" />
  <attribute name="DerivativeH" value="-90.000000" />
  <attribute name="Loop Time for DT" value="1.000000" />
  <attribute name="Output H" value="2091843584"/>
  <attribute name="Output I" value="200"/>
  <attribute name="Output T" value="4"/>
  <attribute name="Target GC Util Change" value ="20.000000" />
  <attribute name="Current GC Util Change" value="24.000000"/>
  <attribute name="GC Util currently" value="24" />
  <attribute name="CPU Util currently" value="8441302253484" />
<exclusive-end id="360" timestamp="2019-06-17T04:31:53.994" durationms="8.535" />

<exclusive-start id="361" timestamp="2019-06-17T04:31:54.054" intervalms="68.419">
  <response-info timems="0.058" idlems="0.058" threads="0" lastid="0000000002320700" lastname="main" />
</exclusive-start>
<allocation-taxation id="362" taxation-threshold="10485760" timestamp="2019-06-17T04:31:54.054" intervalms="68.455" />
<cycle-start id="363" type="partial gc" contextid="0" timestamp="2019-06-17T04:31:54.054" intervalms="68.467" />
<gc-start id="364" type="partial gc" contextid="363" timestamp="2019-06-17T04:31:54.055">
  <mem-info id="365" free="0" total="30408704" percent="0">
    <mem type="eden" free="0" total="10485760" percent="0" />
    <remembered-set count="11680" freebytes="1167104" totalbytes="1213824" percent="96" regionsoverflowed="0" regionsstable="0" regionsrebuilding="0"/>
  </mem-info>
</gc-start>
<allocation-stats totalBytes="10484632" >
  <allocated-bytes non-tlh="278864" tlh="10205768" arrayletleaf="0"/>
  <largest-consumer threadName="main" threadId="0000000002320700" bytes="10484632" />
</allocation-stats>
<gc-op id="366" type="mark" timems="2.064" contextid="363" timestamp="2019-06-17T04:31:54.057">
  <trace-info objectcount="17639" scancount="15986" scanbytes="727812" />
  <cardclean-info objects="395" bytes="27092" />
  <remembered-set-cleared processed="10103" cleared="566" durationms="0.160" />
  <references type="soft" candidates="11" cleared="0" enqueued="0" dynamicThreshold="11" maxThreshold="32" />
  <references type="weak" candidates="209" cleared="0" enqueued="0" />
  <references type="phantom" candidates="1" cleared="0" enqueued="0" />
  <stringconstants candidates="11305" cleared="0"  />
  <warning details="Mark invoked due to insufficient free space for Copy-Forward" />
</gc-op>
<gc-op id="367" type="classunload" timems="0.003" contextid="363" timestamp="2019-06-17T04:31:54.057">
  <classunload-info classloadercandidates="21" classloadersunloaded="0" classesunloaded="0" anonymousclassesunloaded="0" quiescems="0.000" setupms="0.003" scanms="0.000" postms="0.000" />
</gc-op>
<gc-op id="368" type="sweep" timems="0.475" contextid="363" timestamp="2019-06-17T04:31:54.058" />
<gc-op id="369" type="compact" timems="3.801" contextid="363" timestamp="2019-06-17T04:31:54.062">
  <compact-info movecount="17634" movebytes="1094456" />
  <remembered-set-cleared processed="22310" cleared="4455" durationms="0.160" />
</gc-op>
<heap-resize id="370" type="expand" space="default" amount="3145728" count="1" timems="0.065" reason="insufficient free space following gc" timestamp="2019-06-17T04:31:54.062" />
<gc-end id="371" type="partial gc" contextid="363" durationms="8.039" usertimems="8.000" systemtimems="0.000" timestamp="2019-06-17T04:31:54.063" activeThreads="1">
  <mem-info id="372" free="11534336" total="33554432" percent="34">
    <mem type="eden" free="1015840" total="2097152" percent="48" />
    <remembered-set count="13120" freebytes="1286912" totalbytes="1339392" percent="96" regionsoverflowed="0" regionsstable="0" regionsrebuilding="0"/>
  </mem-info>
</gc-end>
<cycle-end id="373" type="partial gc" contextid="363" timestamp="2019-06-17T04:31:54.063" />
  <attribute name="elasticGC enabled" value="1" />
  <attribute name= "numThreadsSpecified" value="1" />
  <attribute name="heapSize specified" value="0" />
  <attribute name="Current GC Util" value="27" />
  <attribute name= "Current Time Running" value="43495" />
  <attribute name ="GC Interval" value="0" />
  <attribute name="ProportionalT" value="10.500000" />
  <attribute name="ProportionalI" value="10.500000" />
  <attribute name="ProportionalH" value="10.500000" />
  <attribute name="Current Error" value="7.000000" />
  <attribute name="IntegralT" value="0.000000" />
  <attribute name="IntegralI" value="0.000000" />
  <attribute name="IntegralH" value="0.000000" />
  <attribute name="DerivativeT" value="inf" />
  <attribute name="DerivativeI" value="inf" />
  <attribute name="DerivativeH" value="inf" />
  <attribute name="Loop Time for DT" value="0.000000" />
  <attribute name="Output H" value="8388608"/>
  <attribute name="Output I" value="200"/>
  <attribute name="Output T" value="1"/>
  <attribute name="Target GC Util Change" value ="20.000000" />
  <attribute name="Current GC Util Change" value="27.000000"/>
  <attribute name="GC Util currently" value="27" />
  <attribute name="CPU Util currently" value="6385767039552" />
<exclusive-end id="374" timestamp="2019-06-17T04:31:54.063" durationms="9.221" />

<exclusive-start id="375" timestamp="2019-06-17T04:31:54.091" intervalms="37.780">
  <response-info timems="0.066" idlems="0.066" threads="0" lastid="0000000002320700" lastname="main" />
</exclusive-start>
<allocation-taxation id="376" taxation-threshold="11534336" timestamp="2019-06-17T04:31:54.092" intervalms="37.753" />
<cycle-start id="377" type="partial gc" contextid="0" timestamp="2019-06-17T04:31:54.092" intervalms="37.740" />
<gc-start id="378" type="partial gc" contextid="377" timestamp="2019-06-17T04:31:54.092">
  <mem-info id="379" free="0" total="33554432" percent="0">
    <mem type="eden" free="0" total="12582912" percent="0" />
    <remembered-set count="12736" freebytes="1288448" totalbytes="1339392" percent="96" regionsoverflowed="0" regionsstable="0" regionsrebuilding="0"/>
  </mem-info>
</gc-start>
<allocation-stats totalBytes="11532808" >
  <allocated-bytes non-tlh="0" tlh="11532808" arrayletleaf="0"/>
  <largest-consumer threadName="main" threadId="0000000002320700" bytes="11532808" />
</allocation-stats>
<gc-op id="380" type="mark" timems="2.542" contextid="377" timestamp="2019-06-17T04:31:54.095">
  <trace-info objectcount="27167" scancount="24131" scanbytes="932280" />
  <cardclean-info objects="133" bytes="18664" />
  <remembered-set-cleared processed="11360" cleared="1577" durationms="0.172" />
  <references type="soft" candidates="1" cleared="0" enqueued="0" dynamicThreshold="11" maxThreshold="32" />
  <references type="weak" candidates="207" cleared="0" enqueued="0" />
  <stringconstants candidates="11305" cleared="0"  />
  <warning details="Mark invoked due to insufficient free space for Copy-Forward" />
</gc-op>
<gc-op id="381" type="classunload" timems="0.004" contextid="377" timestamp="2019-06-17T04:31:54.096">
  <classunload-info classloadercandidates="21" classloadersunloaded="0" classesunloaded="0" anonymousclassesunloaded="0" quiescems="0.000" setupms="0.003" scanms="0.000" postms="0.000" />
</gc-op>
<gc-op id="382" type="sweep" timems="0.525" contextid="377" timestamp="2019-06-17T04:31:54.096" />
<gc-op id="383" type="compact" timems="5.491" contextid="377" timestamp="2019-06-17T04:31:54.102">
  <compact-info movecount="25592" movebytes="1048960" />
  <remembered-set-cleared processed="23759" cleared="6390" durationms="0.172" />
</gc-op>
<heap-resize id="384" type="expand" space="default" amount="1048576" count="1" timems="0.057" reason="insufficient free space following gc" timestamp="2019-06-17T04:31:54.102" />
<gc-end id="385" type="partial gc" contextid="377" durationms="10.211" usertimems="20.000" systemtimems="0.000" timestamp="2019-06-17T04:31:54.102" activeThreads="1">
  <mem-info id="386" free="12582912" total="34603008" percent="36">
    <mem type="eden" free="990880" total="2097152" percent="47" />
    <remembered-set count="15552" freebytes="1319040" totalbytes="1381248" percent="95" regionsoverflowed="0" regionsstable="0" regionsrebuilding="0"/>
  </mem-info>
</gc-end>
<cycle-end id="387" type="partial gc" contextid="377" timestamp="2019-06-17T04:31:54.103" />
  <attribute name="elasticGC enabled" value="1" />
  <attribute name= "numThreadsSpecified" value="1" />
  <attribute name="heapSize specified" value="0" />
  <attribute name="Current GC Util" value="28" />
  <attribute name= "Current Time Running" value="43533" />
  <attribute name ="GC Interval" value="0" />
  <attribute name="ProportionalT" value="12.000000" />
  <attribute name="ProportionalI" value="12.000000" />
  <attribute name="ProportionalH" value="12.000000" />
  <attribute name="Current Error" value="8.000000" />
  <attribute name="IntegralT" value="0.000000" />
  <attribute name="IntegralI" value="0.000000" />
  <attribute name="IntegralH" value="0.000000" />
  <attribute name="DerivativeT" value="inf" />
  <attribute name="DerivativeI" value="inf" />
  <attribute name="DerivativeH" value="inf" />
  <attribute name="Loop Time for DT" value="0.000000" />
  <attribute name="Output H" value="8388608"/>
  <attribute name="Output I" value="200"/>
  <attribute name="Output T" value="1"/>
  <attribute name="Target GC Util Change" value ="20.000000" />
  <attribute name="Current GC Util Change" value="28.000000"/>
  <attribute name="GC Util currently" value="28" />
  <attribute name="CPU Util currently" value="6259371729069" />
<exclusive-end id="388" timestamp="2019-06-17T04:31:54.103" durationms="11.346" />

<exclusive-start id="389" timestamp="2019-06-17T04:31:54.369" intervalms="277.437">
  <response-info timems="0.042" idlems="0.042" threads="0" lastid="0000000002320700" lastname="main" />
</exclusive-start>
<allocation-taxation id="390" taxation-threshold="12582912" timestamp="2019-06-17T04:31:54.369" intervalms="277.425" />
<cycle-start id="391" type="partial gc" contextid="0" timestamp="2019-06-17T04:31:54.369" intervalms="277.430" />
<gc-start id="392" type="partial gc" contextid="391" timestamp="2019-06-17T04:31:54.370">
  <mem-info id="393" free="0" total="34603008" percent="0">
    <mem type="eden" free="0" total="12582912" percent="0" />
    <remembered-set count="15520" freebytes="1319168" totalbytes="1381248" percent="95" regionsoverflowed="0" regionsstable="0" regionsrebuilding="0"/>
  </mem-info>
</gc-start>
<allocation-stats totalBytes="12579128" >
  <allocated-bytes non-tlh="704016" tlh="11875112" arrayletleaf="0"/>
  <largest-consumer threadName="main" threadId="0000000002320700" bytes="12579128" />
</allocation-stats>
<gc-op id="394" type="mark" timems="2.705" contextid="391" timestamp="2019-06-17T04:31:54.373">
  <trace-info objectcount="23996" scancount="21484" scanbytes="867052" />
  <cardclean-info objects="1843" bytes="93336" />
  <remembered-set-cleared processed="14180" cleared="3639" durationms="0.203" />
  <finalization candidates="1" enqueued="1" />
  <references type="soft" candidates="25" cleared="0" enqueued="0" dynamicThreshold="11" maxThreshold="32" />
  <references type="weak" candidates="421" cleared="13" enqueued="13" />
  <references type="phantom" candidates="1" cleared="0" enqueued="0" />
  <stringconstants candidates="11655" cleared="0"  />
  <warning details="Mark invoked due to insufficient free space for Copy-Forward" />
</gc-op>
<gc-op id="395" type="classunload" timems="0.006" contextid="391" timestamp="2019-06-17T04:31:54.373">
  <classunload-info classloadercandidates="26" classloadersunloaded="0" classesunloaded="0" anonymousclassesunloaded="0" quiescems="0.000" setupms="0.006" scanms="0.000" postms="0.000" />
</gc-op>
<gc-op id="396" type="sweep" timems="0.507" contextid="391" timestamp="2019-06-17T04:31:54.374" />
<gc-op id="397" type="compact" timems="3.858" contextid="391" timestamp="2019-06-17T04:31:54.378">
  <compact-info movecount="12222" movebytes="685680" />
  <remembered-set-cleared processed="32100" cleared="12416" durationms="0.203" />
</gc-op>
<gc-end id="398" type="partial gc" contextid="391" durationms="8.532" usertimems="12.000" systemtimems="0.000" timestamp="2019-06-17T04:31:54.378" activeThreads="4">
  <mem-info id="399" free="11534336" total="34603008" percent="33">
    <mem type="eden" free="258808" total="1048576" percent="24" />
    <pending-finalizers system="0" default="1" reference="13" classloader="0" />
    <remembered-set count="17696" freebytes="1310464" totalbytes="1381248" percent="94" regionsoverflowed="0" regionsstable="0" regionsrebuilding="0"/>
  </mem-info>
</gc-end>
<cycle-end id="400" type="partial gc" contextid="391" timestamp="2019-06-17T04:31:54.378" />
  <attribute name="elasticGC enabled" value="1" />
  <attribute name= "numThreadsSpecified" value="4" />
  <attribute name="heapSize specified" value="0" />
  <attribute name="Current GC Util" value="24" />
  <attribute name= "Current Time Running" value="43811" />
  <attribute name ="GC Interval" value="0" />
  <attribute name="ProportionalT" value="6.000000" />
  <attribute name="ProportionalI" value="6.000000" />
  <attribute name="ProportionalH" value="6.000000" />
  <attribute name="Current Error" value="4.000000" />
  <attribute name="IntegralT" value="4.000000" />
  <attribute name="IntegralI" value="4.000000" />
  <attribute name="IntegralH" value="4.000000" />
  <attribute name="DerivativeT" value="6.000000" />
  <attribute name="DerivativeI" value="6.000000" />
  <attribute name="DerivativeH" value="6.000000" />
  <attribute name="Loop Time for DT" value="1.000000" />
  <attribute name="Output H" value="8388608"/>
  <attribute name="Output I" value="200"/>
  <attribute name="Output T" value="4"/>
  <attribute name="Target GC Util Change" value ="20.000000" />
  <attribute name="Current GC Util Change" value="24.000000"/>
  <attribute name="GC Util currently" value="24" />
  <attribute name="CPU Util currently" value="6683709467429" />
<exclusive-end id="401" timestamp="2019-06-17T04:31:54.378" durationms="9.570" />

<exclusive-start id="402" timestamp="2019-06-17T04:31:54.479" intervalms="109.826">
  <response-info timems="0.033" idlems="0.033" threads="0" lastid="0000000002320700" lastname="main" />
</exclusive-start>
<allocation-taxation id="403" taxation-threshold="11534336" timestamp="2019-06-17T04:31:54.479" intervalms="109.761" />
<cycle-start id="404" type="partial gc" contextid="0" timestamp="2019-06-17T04:31:54.479" intervalms="109.728" />
<gc-start id="405" type="partial gc" contextid="404" timestamp="2019-06-17T04:31:54.479">
  <mem-info id="406" free="0" total="34603008" percent="0">
    <mem type="eden" free="0" total="11534336" percent="0" />
    <remembered-set count="17312" freebytes="1312000" totalbytes="1381248" percent="94" regionsoverflowed="0" regionsstable="0" regionsrebuilding="0"/>
  </mem-info>
</gc-start>
<allocation-stats totalBytes="11516536" >
  <allocated-bytes non-tlh="616584" tlh="10899952" arrayletleaf="0"/>
  <largest-consumer threadName="main" threadId="0000000002320700" bytes="11508224" />
</allocation-stats>
<gc-op id="407" type="mark" timems="1.766" contextid="404" timestamp="2019-06-17T04:31:54.482">
  <trace-info objectcount="6191" scancount="5565" scanbytes="223704" />
  <cardclean-info objects="812" bytes="57944" />
  <remembered-set-cleared processed="15226" cleared="1959" durationms="0.212" />
  <references type="soft" candidates="50" cleared="0" enqueued="0" dynamicThreshold="10" maxThreshold="32" />
  <references type="weak" candidates="419" cleared="2" enqueued="2" />
  <references type="phantom" candidates="2" cleared="0" enqueued="0" />
  <stringconstants candidates="11781" cleared="6"  />
  <warning details="Mark invoked due to insufficient free space for Copy-Forward" />
</gc-op>
<gc-op id="408" type="classunload" timems="0.376" contextid="404" timestamp="2019-06-17T04:31:54.482">
  <classunload-info classloadercandidates="28" classloadersunloaded="1" classesunloaded="1" anonymousclassesunloaded="0" quiescems="0.000" setupms="0.364" scanms="0.008" postms="0.004" />
</gc-op>
<gc-op id="409" type="sweep" timems="0.493" contextid="404" timestamp="2019-06-17T04:31:54.483" />
<gc-op id="410" type="compact" timems="4.558" contextid="404" timestamp="2019-06-17T04:31:54.488">
  <compact-info movecount="6191" movebytes="847120" />
  <remembered-set-cleared processed="31987" cleared="7097" durationms="0.212" />
</gc-op>
<heap-resize id="411" type="expand" space="default" amount="3145728" count="1" timems="0.078" reason="insufficient free space following gc" timestamp="2019-06-17T04:31:54.488" />
<gc-end id="412" type="partial gc" contextid="404" durationms="8.792" usertimems="8.000" systemtimems="0.000" timestamp="2019-06-17T04:31:54.488" activeThreads="4">
  <mem-info id="413" free="13631488" total="37748736" percent="36">
    <mem type="eden" free="382928" total="1048576" percent="36" />
    <pending-finalizers system="0" default="0" reference="2" classloader="0" />
    <remembered-set count="17216" freebytes="1437952" totalbytes="1506816" percent="95" regionsoverflowed="0" regionsstable="0" regionsrebuilding="0"/>
  </mem-info>
</gc-end>
<cycle-end id="414" type="partial gc" contextid="404" timestamp="2019-06-17T04:31:54.488" />
  <attribute name="elasticGC enabled" value="1" />
  <attribute name= "numThreadsSpecified" value="4" />
  <attribute name="heapSize specified" value="0" />
  <attribute name="Current GC Util" value="21" />
  <attribute name= "Current Time Running" value="43920" />
  <attribute name ="GC Interval" value="0" />
  <attribute name="ProportionalT" value="1.500000" />
  <attribute name="ProportionalI" value="1.500000" />
  <attribute name="ProportionalH" value="1.500000" />
  <attribute name="Current Error" value="1.000000" />
  <attribute name="IntegralT" value="1.000000" />
  <attribute name="IntegralI" value="1.000000" />
  <attribute name="IntegralH" value="1.000000" />
  <attribute name="DerivativeT" value="1.500000" />
  <attribute name="DerivativeI" value="1.500000" />
  <attribute name="DerivativeH" value="1.500000" />
  <attribute name="Loop Time for DT" value="1.000000" />
  <attribute name="Output H" value="8388608"/>
  <attribute name="Output I" value="200"/>
  <attribute name="Output T" value="4"/>
  <attribute name="Target GC Util Change" value ="20.000000" />
  <attribute name="Current GC Util Change" value="21.000000"/>
  <attribute name="GC Util currently" value="21" />
  <attribute name="CPU Util currently" value="6255652800454" />
<exclusive-end id="415" timestamp="2019-06-17T04:31:54.488" durationms="9.723" />

<exclusive-start id="416" timestamp="2019-06-17T04:31:54.571" intervalms="92.233">
  <response-info timems="0.027" idlems="0.027" threads="0" lastid="0000000002320700" lastname="main" />
</exclusive-start>
<allocation-taxation id="417" taxation-threshold="13631488" timestamp="2019-06-17T04:31:54.571" intervalms="92.240" />
<cycle-start id="418" type="partial gc" contextid="0" timestamp="2019-06-17T04:31:54.571" intervalms="92.222" />
<gc-start id="419" type="partial gc" contextid="418" timestamp="2019-06-17T04:31:54.572">
  <mem-info id="420" free="0" total="37748736" percent="0">
    <mem type="eden" free="382928" total="14680064" percent="2" />
    <remembered-set count="16832" freebytes="1439488" totalbytes="1506816" percent="95" regionsoverflowed="0" regionsstable="0" regionsrebuilding="0"/>
  </mem-info>
</gc-start>
<allocation-stats totalBytes="13628752" >
  <allocated-bytes non-tlh="300712" tlh="13328040" arrayletleaf="0"/>
  <largest-consumer threadName="main" threadId="0000000002320700" bytes="13628752" />
</allocation-stats>
<gc-op id="421" type="mark" timems="1.607" contextid="418" timestamp="2019-06-17T04:31:54.574">
  <trace-info objectcount="5382" scancount="4943" scanbytes="197920" />
  <cardclean-info objects="482" bytes="30896" />
  <remembered-set-cleared processed="15306" cleared="517" durationms="0.209" />
  <references type="soft" candidates="115" cleared="0" enqueued="0" dynamicThreshold="11" maxThreshold="32" />
  <references type="weak" candidates="203" cleared="7" enqueued="7" />
  <references type="phantom" candidates="1" cleared="0" enqueued="0" />
  <stringconstants candidates="11956" cleared="1"  />
  <warning details="Mark invoked due to insufficient free space for Copy-Forward" />
</gc-op>
<gc-op id="422" type="classunload" timems="0.003" contextid="418" timestamp="2019-06-17T04:31:54.574">
  <classunload-info classloadercandidates="28" classloadersunloaded="0" classesunloaded="0" anonymousclassesunloaded="0" quiescems="0.000" setupms="0.002" scanms="0.000" postms="0.000" />
</gc-op>
<gc-op id="423" type="sweep" timems="1.150" contextid="418" timestamp="2019-06-17T04:31:54.575" />
<gc-op id="424" type="compact" timems="2.930" contextid="418" timestamp="2019-06-17T04:31:54.578">
  <compact-info movecount="5296" movebytes="510728" />
  <remembered-set-cleared processed="31658" cleared="5018" durationms="0.209" />
</gc-op>
<gc-end id="425" type="partial gc" contextid="418" durationms="6.894" usertimems="8.000" systemtimems="0.000" timestamp="2019-06-17T04:31:54.578" activeThreads="4">
  <mem-info id="426" free="12582912" total="37748736" percent="33">
    <mem type="eden" free="1583528" total="2097152" percent="75" />
    <pending-finalizers system="0" default="0" reference="7" classloader="0" />
    <remembered-set count="18304" freebytes="1433600" totalbytes="1506816" percent="95" regionsoverflowed="0" regionsstable="0" regionsrebuilding="0"/>
  </mem-info>
</gc-end>
<cycle-end id="427" type="partial gc" contextid="418" timestamp="2019-06-17T04:31:54.579" />
  <attribute name="elasticGC enabled" value="1" />
  <attribute name= "numThreadsSpecified" value="4" />
  <attribute name="heapSize specified" value="0" />
  <attribute name="Current GC Util" value="62" />
  <attribute name= "Current Time Running" value="44012" />
  <attribute name ="GC Interval" value="0" />
  <attribute name="ProportionalT" value="63.000000" />
  <attribute name="ProportionalI" value="63.000000" />
  <attribute name="ProportionalH" value="63.000000" />
  <attribute name="Current Error" value="42.000000" />
  <attribute name="IntegralT" value="42.000000" />
  <attribute name="IntegralI" value="42.000000" />
  <attribute name="IntegralH" value="42.000000" />
  <attribute name="DerivativeT" value="63.000000" />
  <attribute name="DerivativeI" value="63.000000" />
  <attribute name="DerivativeH" value="63.000000" />
  <attribute name="Loop Time for DT" value="1.000000" />
  <attribute name="Output H" value="8388608"/>
  <attribute name="Output I" value="200"/>
  <attribute name="Output T" value="4"/>
  <attribute name="Target GC Util Change" value ="20.000000" />
  <attribute name="Current GC Util Change" value="62.000000"/>
  <attribute name="GC Util currently" value="62" />
  <attribute name="CPU Util currently" value="3353577861971" />
<exclusive-end id="428" timestamp="2019-06-17T04:31:54.579" durationms="7.763" />

<exclusive-start id="429" timestamp="2019-06-17T04:31:54.680" intervalms="109.437">
  <response-info timems="0.037" idlems="0.037" threads="0" lastid="0000000002320700" lastname="main" />
</exclusive-start>
<allocation-taxation id="430" taxation-threshold="12582912" timestamp="2019-06-17T04:31:54.681" intervalms="109.470" />
<cycle-start id="431" type="partial gc" contextid="0" timestamp="2019-06-17T04:31:54.681" intervalms="109.459" />
<gc-start id="432" type="partial gc" contextid="431" timestamp="2019-06-17T04:31:54.681">
  <mem-info id="433" free="0" total="37748736" percent="0">
    <mem type="eden" free="0" total="12582912" percent="0" />
    <remembered-set count="17856" freebytes="1435392" totalbytes="1506816" percent="95" regionsoverflowed="0" regionsstable="0" regionsrebuilding="0"/>
  </mem-info>
</gc-start>
<allocation-stats totalBytes="12580688" >
  <allocated-bytes non-tlh="621648" tlh="11959040" arrayletleaf="0"/>
  <largest-consumer threadName="main" threadId="0000000002320700" bytes="12580688" />
</allocation-stats>
<gc-op id="434" type="mark" timems="3.036" contextid="431" timestamp="2019-06-17T04:31:54.685">
  <trace-info objectcount="11391" scancount="10204" scanbytes="363200" />
  <cardclean-info objects="1910" bytes="102208" />
  <remembered-set-cleared processed="15758" cleared="802" durationms="0.165" />
  <references type="soft" candidates="92" cleared="0" enqueued="0" dynamicThreshold="10" maxThreshold="32" />
  <references type="weak" candidates="249" cleared="5" enqueued="5" />
  <references type="phantom" candidates="1" cleared="0" enqueued="0" />
  <stringconstants candidates="12275" cleared="2"  />
  <warning details="Mark invoked due to insufficient free space for Copy-Forward" />
</gc-op>
<gc-op id="435" type="classunload" timems="0.420" contextid="431" timestamp="2019-06-17T04:31:54.685">
  <classunload-info classloadercandidates="32" classloadersunloaded="1" classesunloaded="1" anonymousclassesunloaded="0" quiescems="0.000" setupms="0.407" scanms="0.009" postms="0.004" />
</gc-op>
<gc-op id="436" type="sweep" timems="0.891" contextid="431" timestamp="2019-06-17T04:31:54.686" />
<gc-op id="437" type="compact" timems="5.951" contextid="431" timestamp="2019-06-17T04:31:54.693">
  <compact-info movecount="11342" movebytes="692160" />
  <remembered-set-cleared processed="33489" cleared="9236" durationms="0.165" />
</gc-op>
<heap-resize id="438" type="expand" space="default" amount="2097152" count="1" timems="0.076" reason="insufficient free space following gc" timestamp="2019-06-17T04:31:54.693" />
<gc-end id="439" type="partial gc" contextid="431" durationms="11.911" usertimems="16.000" systemtimems="0.000" timestamp="2019-06-17T04:31:54.693" activeThreads="4">
  <mem-info id="440" free="13631488" total="39845888" percent="34">
    <mem type="eden" free="471016" total="1048576" percent="44" />
    <pending-finalizers system="0" default="0" reference="5" classloader="0" />
    <remembered-set count="19872" freebytes="1511040" totalbytes="1590528" percent="95" regionsoverflowed="0" regionsstable="0" regionsrebuilding="0"/>
  </mem-info>
</gc-end>
<cycle-end id="441" type="partial gc" contextid="431" timestamp="2019-06-17T04:31:54.693" />
  <attribute name="elasticGC enabled" value="1" />
  <attribute name= "numThreadsSpecified" value="4" />
  <attribute name="heapSize specified" value="0" />
  <attribute name="Current GC Util" value="47" />
  <attribute name= "Current Time Running" value="44124" />
  <attribute name ="GC Interval" value="0" />
  <attribute name="ProportionalT" value="40.500000" />
  <attribute name="ProportionalI" value="40.500000" />
  <attribute name="ProportionalH" value="40.500000" />
  <attribute name="Current Error" value="27.000000" />
  <attribute name="IntegralT" value="54.000000" />
  <attribute name="IntegralI" value="54.000000" />
  <attribute name="IntegralH" value="54.000000" />
  <attribute name="DerivativeT" value="-20.250000" />
  <attribute name="DerivativeI" value="-20.250000" />
  <attribute name="DerivativeH" value="-20.250000" />
  <attribute name="Loop Time for DT" value="2.000000" />
  <attribute name="Output H" value="8388608"/>
  <attribute name="Output I" value="200"/>
  <attribute name="Output T" value="4"/>
  <attribute name="Target GC Util Change" value ="20.000000" />
  <attribute name="Current GC Util Change" value="47.000000"/>
  <attribute name="GC Util currently" value="47" />
  <attribute name="CPU Util currently" value="4104954061720" />
<exclusive-end id="442" timestamp="2019-06-17T04:31:54.693" durationms="12.955" />

<exclusive-start id="443" timestamp="2019-06-17T04:31:54.828" intervalms="147.739">
  <response-info timems="0.027" idlems="0.027" threads="0" lastid="0000000002320700" lastname="main" />
</exclusive-start>
<allocation-taxation id="444" taxation-threshold="13631488" timestamp="2019-06-17T04:31:54.828" intervalms="147.698" />
<cycle-start id="445" type="partial gc" contextid="0" timestamp="2019-06-17T04:31:54.828" intervalms="147.691" />
<gc-start id="446" type="partial gc" contextid="445" timestamp="2019-06-17T04:31:54.829">
  <mem-info id="447" free="0" total="39845888" percent="0">
    <mem type="eden" free="0" total="13631488" percent="0" />
    <remembered-set count="19488" freebytes="1512576" totalbytes="1590528" percent="95" regionsoverflowed="0" regionsstable="0" regionsrebuilding="0"/>
  </mem-info>
</gc-start>
<allocation-stats totalBytes="13621272" >
  <allocated-bytes non-tlh="623464" tlh="12997808" arrayletleaf="0"/>
  <largest-consumer threadName="main" threadId="0000000002320700" bytes="13621272" />
</allocation-stats>
<gc-op id="448" type="mark" timems="1.655" contextid="445" timestamp="2019-06-17T04:31:54.831">
  <trace-info objectcount="8515" scancount="7536" scanbytes="254192" />
  <cardclean-info objects="1085" bytes="61224" />
  <remembered-set-cleared processed="17116" cleared="1762" durationms="0.227" />
  <references type="soft" candidates="39" cleared="0" enqueued="0" dynamicThreshold="10" maxThreshold="32" />
  <references type="weak" candidates="150" cleared="2" enqueued="2" />
  <references type="phantom" candidates="1" cleared="0" enqueued="0" />
  <stringconstants candidates="12453" cleared="0"  />
  <warning details="Mark invoked due to insufficient free space for Copy-Forward" />
</gc-op>
<gc-op id="449" type="classunload" timems="0.004" contextid="445" timestamp="2019-06-17T04:31:54.831">
  <classunload-info classloadercandidates="35" classloadersunloaded="0" classesunloaded="0" anonymousclassesunloaded="0" quiescems="0.000" setupms="0.004" scanms="0.000" postms="0.000" />
</gc-op>
<gc-op id="450" type="sweep" timems="1.188" contextid="445" timestamp="2019-06-17T04:31:54.832" />
<gc-op id="451" type="compact" timems="5.826" contextid="445" timestamp="2019-06-17T04:31:54.839">
  <compact-info movecount="8399" movebytes="360616" />
  <remembered-set-cleared processed="32396" cleared="11792" durationms="0.227" />
</gc-op>
<heap-resize id="452" type="expand" space="default" amount="3145728" count="1" timems="0.080" reason="insufficient free space following gc" timestamp="2019-06-17T04:31:54.839" />
<gc-end id="453" type="partial gc" contextid="445" durationms="10.453" usertimems="12.000" systemtimems="0.000" timestamp="2019-06-17T04:31:54.839" activeThreads="4">
  <mem-info id="454" free="15728640" total="42991616" percent="36">
    <mem type="eden" free="933536" total="1048576" percent="89" />
    <pending-finalizers system="0" default="0" reference="2" classloader="0" />
    <remembered-set count="20256" freebytes="1635072" totalbytes="1716096" percent="95" regionsoverflowed="0" regionsstable="0" regionsrebuilding="0"/>
  </mem-info>
</gc-end>
<cycle-end id="455" type="partial gc" contextid="445" timestamp="2019-06-17T04:31:54.839" />
  <attribute name="elasticGC enabled" value="1" />
  <attribute name= "numThreadsSpecified" value="4" />
  <attribute name="heapSize specified" value="0" />
  <attribute name="Current GC Util" value="58" />
  <attribute name= "Current Time Running" value="44270" />
  <attribute name ="GC Interval" value="0" />
  <attribute name="ProportionalT" value="57.000000" />
  <attribute name="ProportionalI" value="57.000000" />
  <attribute name="ProportionalH" value="57.000000" />
  <attribute name="Current Error" value="38.000000" />
  <attribute name="IntegralT" value="76.000000" />
  <attribute name="IntegralI" value="76.000000" />
  <attribute name="IntegralH" value="76.000000" />
  <attribute name="DerivativeT" value="28.500000" />
  <attribute name="DerivativeI" value="28.500000" />
  <attribute name="DerivativeH" value="28.500000" />
  <attribute name="Loop Time for DT" value="2.000000" />
  <attribute name="Output H" value="8388608"/>
  <attribute name="Output I" value="200"/>
  <attribute name="Output T" value="4"/>
  <attribute name="Target GC Util Change" value ="20.000000" />
  <attribute name="Current GC Util Change" value="58.000000"/>
  <attribute name="GC Util currently" value="58" />
  <attribute name="CPU Util currently" value="3030092742537" />
<exclusive-end id="456" timestamp="2019-06-17T04:31:54.840" durationms="11.418" />

<exclusive-start id="457" timestamp="2019-06-17T04:31:54.878" intervalms="49.840">
  <response-info timems="0.034" idlems="0.034" threads="0" lastid="0000000002320700" lastname="main" />
</exclusive-start>
<allocation-taxation id="458" taxation-threshold="15728640" timestamp="2019-06-17T04:31:54.878" intervalms="49.931" />
<cycle-start id="459" type="partial gc" contextid="0" timestamp="2019-06-17T04:31:54.878" intervalms="50.005" />
<gc-start id="460" type="partial gc" contextid="459" timestamp="2019-06-17T04:31:54.879">
  <mem-info id="461" free="0" total="42991616" percent="0">
    <mem type="eden" free="0" total="15728640" percent="0" />
    <remembered-set count="19872" freebytes="1636608" totalbytes="1716096" percent="95" regionsoverflowed="0" regionsstable="0" regionsrebuilding="0"/>
  </mem-info>
</gc-start>
<allocation-stats totalBytes="15727096" >
  <allocated-bytes non-tlh="400400" tlh="15326696" arrayletleaf="0"/>
  <largest-consumer threadName="main" threadId="0000000002320700" bytes="15723000" />
</allocation-stats>
<gc-op id="462" type="mark" timems="3.253" contextid="459" timestamp="2019-06-17T04:31:54.883">
  <trace-info objectcount="32569" scancount="29267" scanbytes="1238828" />
  <cardclean-info objects="2715" bytes="137864" />
  <remembered-set-cleared processed="17027" cleared="3490" durationms="0.249" />
  <references type="soft" candidates="39" cleared="0" enqueued="0" dynamicThreshold="11" maxThreshold="32" />
  <references type="weak" candidates="274" cleared="0" enqueued="0" />
  <references type="phantom" candidates="1" cleared="0" enqueued="0" />
  <stringconstants candidates="12458" cleared="0"  />
  <warning details="Mark invoked due to insufficient free space for Copy-Forward" />
</gc-op>
<gc-op id="463" type="classunload" timems="0.003" contextid="459" timestamp="2019-06-17T04:31:54.883">
  <classunload-info classloadercandidates="36" classloadersunloaded="0" classesunloaded="0" anonymousclassesunloaded="0" quiescems="0.000" setupms="0.003" scanms="0.000" postms="0.000" />
</gc-op>
<gc-op id="464" type="sweep" timems="1.257" contextid="459" timestamp="2019-06-17T04:31:54.884" />
<gc-op id="465" type="compact" timems="6.342" contextid="459" timestamp="2019-06-17T04:31:54.891">
  <compact-info movecount="23824" movebytes="1339184" />
  <remembered-set-cleared processed="38378" cleared="11298" durationms="0.249" />
</gc-op>
<heap-resize id="466" type="expand" space="default" amount="1048576" count="1" timems="0.065" reason="insufficient free space following gc" timestamp="2019-06-17T04:31:54.891" />
<gc-end id="467" type="partial gc" contextid="459" durationms="12.715" usertimems="16.000" systemtimems="0.000" timestamp="2019-06-17T04:31:54.891" activeThreads="4">
  <mem-info id="468" free="14680064" total="44040192" percent="33">
    <mem type="eden" free="880800" total="2097152" percent="41" />
    <remembered-set count="22176" freebytes="1669248" totalbytes="1757952" percent="94" regionsoverflowed="0" regionsstable="0" regionsrebuilding="0"/>
  </mem-info>
</gc-end>
<cycle-end id="469" type="partial gc" contextid="459" timestamp="2019-06-17T04:31:54.892" />
  <attribute name="elasticGC enabled" value="1" />
  <attribute name= "numThreadsSpecified" value="4" />
  <attribute name="heapSize specified" value="0" />
  <attribute name="Current GC Util" value="57" />
  <attribute name= "Current Time Running" value="44322" />
  <attribute name ="GC Interval" value="0" />
  <attribute name="ProportionalT" value="55.500000" />
  <attribute name="ProportionalI" value="55.500000" />
  <attribute name="ProportionalH" value="55.500000" />
  <attribute name="Current Error" value="37.000000" />
  <attribute name="IntegralT" value="74.000000" />
  <attribute name="IntegralI" value="74.000000" />
  <attribute name="IntegralH" value="74.000000" />
  <attribute name="DerivativeT" value="27.750000" />
  <attribute name="DerivativeI" value="27.750000" />
  <attribute name="DerivativeH" value="27.750000" />
  <attribute name="Loop Time for DT" value="2.000000" />
  <attribute name="Output H" value="8388608"/>
  <attribute name="Output I" value="200"/>
  <attribute name="Output T" value="4"/>
  <attribute name="Target GC Util Change" value ="20.000000" />
  <attribute name="Current GC Util Change" value="57.000000"/>
  <attribute name="GC Util currently" value="57" />
  <attribute name="CPU Util currently" value="2876340742527" />
<exclusive-end id="470" timestamp="2019-06-17T04:31:54.892" durationms="13.886" />

<exclusive-start id="471" timestamp="2019-06-17T04:31:54.942" intervalms="63.678">
  <response-info timems="0.059" idlems="0.059" threads="0" lastid="0000000002320700" lastname="main" />
</exclusive-start>
<allocation-taxation id="472" taxation-threshold="14680064" timestamp="2019-06-17T04:31:54.942" intervalms="63.679" />
<cycle-start id="473" type="partial gc" contextid="0" timestamp="2019-06-17T04:31:54.942" intervalms="63.674" />
<gc-start id="474" type="partial gc" contextid="473" timestamp="2019-06-17T04:31:54.942">
  <mem-info id="475" free="0" total="44040192" percent="0">
    <mem type="eden" free="0" total="14680064" percent="0" />
    <remembered-set count="22176" freebytes="1669248" totalbytes="1757952" percent="94" regionsoverflowed="0" regionsstable="0" regionsrebuilding="0"/>
  </mem-info>
</gc-start>
<allocation-stats totalBytes="14678184" >
  <allocated-bytes non-tlh="200784" tlh="14477400" arrayletleaf="0"/>
  <largest-consumer threadName="main" threadId="0000000002320700" bytes="14678184" />
</allocation-stats>
<gc-op id="476" type="mark" timems="2.738" contextid="473" timestamp="2019-06-17T04:31:54.946">
  <trace-info objectcount="35431" scancount="31657" scanbytes="1292928" />
  <cardclean-info objects="639" bytes="30056" />
  <remembered-set-cleared processed="19347" cleared="4630" durationms="0.236" />
  <references type="soft" candidates="2" cleared="0" enqueued="0" dynamicThreshold="10" maxThreshold="32" />
  <references type="phantom" candidates="1" cleared="0" enqueued="0" />
  <stringconstants candidates="12469" cleared="0"  />
  <warning details="Mark invoked due to insufficient free space for Copy-Forward" />
</gc-op>
<gc-op id="477" type="classunload" timems="0.004" contextid="473" timestamp="2019-06-17T04:31:54.946">
  <classunload-info classloadercandidates="37" classloadersunloaded="0" classesunloaded="0" anonymousclassesunloaded="0" quiescems="0.000" setupms="0.004" scanms="0.000" postms="0.000" />
</gc-op>
<gc-op id="478" type="sweep" timems="0.879" contextid="473" timestamp="2019-06-17T04:31:54.947" />
<gc-op id="479" type="compact" timems="4.283" contextid="473" timestamp="2019-06-17T04:31:54.952">
  <compact-info movecount="21035" movebytes="1196104" />
  <remembered-set-cleared processed="41446" cleared="12008" durationms="0.236" />
</gc-op>
<heap-resize id="480" type="expand" space="default" amount="1048576" count="1" timems="0.056" reason="insufficient free space following gc" timestamp="2019-06-17T04:31:54.952" />
<gc-end id="481" type="partial gc" contextid="473" durationms="9.542" usertimems="12.000" systemtimems="0.000" timestamp="2019-06-17T04:31:54.952" activeThreads="4">
  <mem-info id="482" free="14680064" total="45088768" percent="32">
    <mem type="eden" free="903720" total="2097152" percent="43" />
    <remembered-set count="23392" freebytes="1706240" totalbytes="1799808" percent="94" regionsoverflowed="0" regionsstable="0" regionsrebuilding="0"/>
  </mem-info>
</gc-end>
<cycle-end id="483" type="partial gc" contextid="473" timestamp="2019-06-17T04:31:54.952" />
  <attribute name="elasticGC enabled" value="1" />
  <attribute name= "numThreadsSpecified" value="4" />
  <attribute name="heapSize specified" value="0" />
  <attribute name="Current GC Util" value="99" />
  <attribute name= "Current Time Running" value="44384" />
  <attribute name ="GC Interval" value="0" />
  <attribute name="ProportionalT" value="118.500000" />
  <attribute name="ProportionalI" value="118.500000" />
  <attribute name="ProportionalH" value="118.500000" />
  <attribute name="Current Error" value="79.000000" />
  <attribute name="IntegralT" value="79.000000" />
  <attribute name="IntegralI" value="79.000000" />
  <attribute name="IntegralH" value="79.000000" />
  <attribute name="DerivativeT" value="118.500000" />
  <attribute name="DerivativeI" value="118.500000" />
  <attribute name="DerivativeH" value="118.500000" />
  <attribute name="Loop Time for DT" value="1.000000" />
  <attribute name="Output H" value="8388608"/>
  <attribute name="Output I" value="320"/>
  <attribute name="Output T" value="4"/>
  <attribute name="Target GC Util Change" value ="20.000000" />
  <attribute name="Current GC Util Change" value="99.000000"/>
  <attribute name="GC Util currently" value="99" />
  <attribute name="CPU Util currently" value="4061341716597" />
<exclusive-end id="484" timestamp="2019-06-17T04:31:54.952" durationms="10.703" />

<exclusive-start id="485" timestamp="2019-06-17T04:31:55.010" intervalms="68.028">
  <response-info timems="0.030" idlems="0.030" threads="0" lastid="0000000002320700" lastname="main" />
</exclusive-start>
<allocation-taxation id="486" taxation-threshold="14680064" timestamp="2019-06-17T04:31:55.010" intervalms="67.997" />
<cycle-start id="487" type="partial gc" contextid="0" timestamp="2019-06-17T04:31:55.010" intervalms="68.020" />
<gc-start id="488" type="partial gc" contextid="487" timestamp="2019-06-17T04:31:55.010">
  <mem-info id="489" free="0" total="45088768" percent="0">
    <mem type="eden" free="0" total="14680064" percent="0" />
    <remembered-set count="23392" freebytes="1706240" totalbytes="1799808" percent="94" regionsoverflowed="0" regionsstable="0" regionsrebuilding="0"/>
  </mem-info>
</gc-start>
<allocation-stats totalBytes="14678432" >
  <allocated-bytes non-tlh="200400" tlh="14478032" arrayletleaf="0"/>
  <largest-consumer threadName="main" threadId="0000000002320700" bytes="14678432" />
</allocation-stats>
<gc-op id="490" type="mark" timems="1.680" contextid="487" timestamp="2019-06-17T04:31:55.013">
  <trace-info objectcount="11677" scancount="10580" scanbytes="452092" />
  <cardclean-info objects="97" bytes="11788" />
  <remembered-set-cleared processed="20074" cleared="2241" durationms="0.255" />
  <references type="soft" candidates="2" cleared="0" enqueued="0" dynamicThreshold="10" maxThreshold="32" />
  <references type="weak" candidates="16" cleared="0" enqueued="0" />
  <references type="phantom" candidates="1" cleared="0" enqueued="0" />
  <stringconstants candidates="12474" cleared="0"  />
  <warning details="Mark invoked due to insufficient free space for Copy-Forward" />
</gc-op>
<gc-op id="491" type="classunload" timems="0.004" contextid="487" timestamp="2019-06-17T04:31:55.013">
  <classunload-info classloadercandidates="38" classloadersunloaded="0" classesunloaded="0" anonymousclassesunloaded="0" quiescems="0.000" setupms="0.003" scanms="0.000" postms="0.000" />
</gc-op>
<gc-op id="492" type="sweep" timems="0.693" contextid="487" timestamp="2019-06-17T04:31:55.014" />
<gc-op id="493" type="compact" timems="3.139" contextid="487" timestamp="2019-06-17T04:31:55.017">
  <compact-info movecount="11677" movebytes="735056" />
  <remembered-set-cleared processed="40546" cleared="4875" durationms="0.255" />
</gc-op>
<heap-resize id="494" type="expand" space="default" amount="2097152" count="1" timems="0.062" reason="insufficient free space following gc" timestamp="2019-06-17T04:31:55.018" />
<gc-end id="495" type="partial gc" contextid="487" durationms="7.231" usertimems="8.000" systemtimems="0.000" timestamp="2019-06-17T04:31:55.018" activeThreads="4">
  <mem-info id="496" free="16777216" total="47185920" percent="35">
    <mem type="eden" free="319240" total="1048576" percent="30" />
    <remembered-set count="22112" freebytes="1795072" totalbytes="1883520" percent="95" regionsoverflowed="0" regionsstable="0" regionsrebuilding="0"/>
  </mem-info>
</gc-end>
<cycle-end id="497" type="partial gc" contextid="487" timestamp="2019-06-17T04:31:55.018" />
  <attribute name="elasticGC enabled" value="1" />
  <attribute name= "numThreadsSpecified" value="4" />
  <attribute name="heapSize specified" value="0" />
  <attribute name="Current GC Util" value="51" />
  <attribute name= "Current Time Running" value="44451" />
  <attribute name ="GC Interval" value="0" />
  <attribute name="ProportionalT" value="46.500000" />
  <attribute name="ProportionalI" value="46.500000" />
  <attribute name="ProportionalH" value="46.500000" />
  <attribute name="Current Error" value="31.000000" />
  <attribute name="IntegralT" value="31.000000" />
  <attribute name="IntegralI" value="31.000000" />
  <attribute name="IntegralH" value="31.000000" />
  <attribute name="DerivativeT" value="46.500000" />
  <attribute name="DerivativeI" value="46.500000" />
  <attribute name="DerivativeH" value="46.500000" />
  <attribute name="Loop Time for DT" value="1.000000" />
  <attribute name="Output H" value="8388608"/>
  <attribute name="Output I" value="200"/>
  <attribute name="Output T" value="4"/>
  <attribute name="Target GC Util Change" value ="20.000000" />
  <attribute name="Current GC Util Change" value="51.000000"/>
  <attribute name="GC Util currently" value="51" />
  <attribute name="CPU Util currently" value="4948893730643" />
<exclusive-end id="498" timestamp="2019-06-17T04:31:55.018" durationms="8.411" />

<exclusive-start id="499" timestamp="2019-06-17T04:31:55.087" intervalms="76.846">
  <response-info timems="0.028" idlems="0.028" threads="0" lastid="0000000002320700" lastname="main" />
</exclusive-start>
<allocation-taxation id="500" taxation-threshold="16777216" timestamp="2019-06-17T04:31:55.087" intervalms="76.866" />
<cycle-start id="501" type="partial gc" contextid="0" timestamp="2019-06-17T04:31:55.087" intervalms="76.839" />
<gc-start id="502" type="partial gc" contextid="501" timestamp="2019-06-17T04:31:55.087">
  <mem-info id="503" free="0" total="47185920" percent="0">
    <mem type="eden" free="0" total="16777216" percent="0" />
    <remembered-set count="22112" freebytes="1795072" totalbytes="1883520" percent="95" regionsoverflowed="0" regionsstable="0" regionsrebuilding="0"/>
  </mem-info>
</gc-start>
<allocation-stats totalBytes="16774408" >
  <allocated-bytes non-tlh="402496" tlh="16371912" arrayletleaf="0"/>
  <largest-consumer threadName="main" threadId="0000000002320700" bytes="16774408" />
</allocation-stats>
<gc-op id="504" type="mark" timems="1.399" contextid="501" timestamp="2019-06-17T04:31:55.089">
  <trace-info objectcount="9025" scancount="8246" scanbytes="393012" />
  <cardclean-info objects="133" bytes="12956" />
  <remembered-set-cleared processed="19573" cleared="1496" durationms="0.245" />
  <references type="soft" candidates="3" cleared="0" enqueued="0" dynamicThreshold="11" maxThreshold="32" />
  <references type="weak" candidates="30" cleared="0" enqueued="0" />
  <references type="phantom" candidates="1" cleared="0" enqueued="0" />
  <stringconstants candidates="12493" cleared="0"  />
  <warning details="Mark invoked due to insufficient free space for Copy-Forward" />
</gc-op>
<gc-op id="505" type="classunload" timems="0.004" contextid="501" timestamp="2019-06-17T04:31:55.089">
  <classunload-info classloadercandidates="40" classloadersunloaded="0" classesunloaded="0" anonymousclassesunloaded="0" quiescems="0.000" setupms="0.004" scanms="0.000" postms="0.000" />
</gc-op>
<gc-op id="506" type="sweep" timems="0.506" contextid="501" timestamp="2019-06-17T04:31:55.090" />
<gc-op id="507" type="compact" timems="2.251" contextid="501" timestamp="2019-06-17T04:31:55.093">
  <compact-info movecount="9025" movebytes="686104" />
  <remembered-set-cleared processed="38895" cleared="2736" durationms="0.245" />
</gc-op>
<heap-resize id="508" type="expand" space="default" amount="1048576" count="1" timems="0.054" reason="insufficient free space following gc" timestamp="2019-06-17T04:31:55.093" />
<gc-end id="509" type="partial gc" contextid="501" durationms="5.834" usertimems="4.000" systemtimems="0.000" timestamp="2019-06-17T04:31:55.093" activeThreads="1">
  <mem-info id="510" free="16777216" total="48234496" percent="34">
    <mem type="eden" free="388448" total="1048576" percent="37" />
    <remembered-set count="22176" freebytes="1836672" totalbytes="1925376" percent="95" regionsoverflowed="0" regionsstable="0" regionsrebuilding="0"/>
  </mem-info>
</gc-end>
<cycle-end id="511" type="partial gc" contextid="501" timestamp="2019-06-17T04:31:55.093" />
  <attribute name="elasticGC enabled" value="1" />
  <attribute name= "numThreadsSpecified" value="1" />
  <attribute name="heapSize specified" value="0" />
  <attribute name="Current GC Util" value="26" />
  <attribute name= "Current Time Running" value="44527" />
  <attribute name ="GC Interval" value="0" />
  <attribute name="ProportionalT" value="9.000000" />
  <attribute name="ProportionalI" value="9.000000" />
  <attribute name="ProportionalH" value="9.000000" />
  <attribute name="Current Error" value="6.000000" />
  <attribute name="IntegralT" value="0.000000" />
  <attribute name="IntegralI" value="0.000000" />
  <attribute name="IntegralH" value="0.000000" />
  <attribute name="DerivativeT" value="inf" />
  <attribute name="DerivativeI" value="inf" />
  <attribute name="DerivativeH" value="inf" />
  <attribute name="Loop Time for DT" value="0.000000" />
  <attribute name="Output H" value="8388608"/>
  <attribute name="Output I" value="200"/>
  <attribute name="Output T" value="1"/>
  <attribute name="Target GC Util Change" value ="20.000000" />
  <attribute name="Current GC Util Change" value="26.000000"/>
  <attribute name="GC Util currently" value="26" />
  <attribute name="CPU Util currently" value="6037589577501" />
<exclusive-end id="512" timestamp="2019-06-17T04:31:55.093" durationms="6.939" />

<exclusive-start id="513" timestamp="2019-06-17T04:31:55.113" intervalms="25.990">
  <response-info timems="0.073" idlems="0.073" threads="0" lastid="0000000002320700" lastname="main" />
</exclusive-start>
<allocation-taxation id="514" taxation-threshold="16777216" timestamp="2019-06-17T04:31:55.113" intervalms="26.000" />
<cycle-start id="515" type="partial gc" contextid="0" timestamp="2019-06-17T04:31:55.113" intervalms="25.965" />
<gc-start id="516" type="partial gc" contextid="515" timestamp="2019-06-17T04:31:55.113">
  <mem-info id="517" free="0" total="48234496" percent="0">
    <mem type="eden" free="0" total="16777216" percent="0" />
    <remembered-set count="21696" freebytes="1838592" totalbytes="1925376" percent="95" regionsoverflowed="0" regionsstable="0" regionsrebuilding="0"/>
  </mem-info>
</gc-start>
<allocation-stats totalBytes="16775568" >
  <allocated-bytes non-tlh="0" tlh="16775568" arrayletleaf="0"/>
  <largest-consumer threadName="main" threadId="0000000002320700" bytes="16775568" />
</allocation-stats>
<gc-op id="518" type="mark" timems="2.228" contextid="515" timestamp="2019-06-17T04:31:55.116">
  <trace-info objectcount="25868" scancount="22614" scanbytes="955396" />
  <cardclean-info objects="64" bytes="10980" />
  <remembered-set-cleared processed="18992" cleared="421" durationms="0.241" />
  <references type="soft" candidates="2" cleared="0" enqueued="0" dynamicThreshold="11" maxThreshold="32" />
  <references type="weak" candidates="14" cleared="0" enqueued="0" />
  <references type="phantom" candidates="1" cleared="0" enqueued="0" />
  <stringconstants candidates="12493" cleared="0"  />
  <warning details="Mark invoked due to insufficient free space for Copy-Forward" />
</gc-op>
<gc-op id="519" type="classunload" timems="0.003" contextid="515" timestamp="2019-06-17T04:31:55.116">
  <classunload-info classloadercandidates="40" classloadersunloaded="0" classesunloaded="0" anonymousclassesunloaded="0" quiescems="0.000" setupms="0.003" scanms="0.000" postms="0.000" />
</gc-op>
<gc-op id="520" type="sweep" timems="0.612" contextid="515" timestamp="2019-06-17T04:31:55.117" />
<gc-op id="521" type="compact" timems="3.091" contextid="515" timestamp="2019-06-17T04:31:55.120">
  <compact-info movecount="18588" movebytes="882576" />
  <remembered-set-cleared processed="41772" cleared="4630" durationms="0.241" />
</gc-op>
<heap-resize id="522" type="expand" space="default" amount="8388608" count="1" timems="0.107" reason="excessive time being spent in gc" timestamp="2019-06-17T04:31:55.121" />
<gc-end id="523" type="partial gc" contextid="515" durationms="7.564" usertimems="8.000" systemtimems="0.000" timestamp="2019-06-17T04:31:55.121" activeThreads="4">
  <mem-info id="524" free="24117248" total="56623104" percent="42">
    <mem type="eden" free="411712" total="1048576" percent="39" />
    <remembered-set count="25408" freebytes="2158592" totalbytes="2260224" percent="95" regionsoverflowed="0" regionsstable="0" regionsrebuilding="0"/>
  </mem-info>
</gc-end>
<cycle-end id="525" type="partial gc" contextid="515" timestamp="2019-06-17T04:31:55.121" />
  <attribute name="elasticGC enabled" value="1" />
  <attribute name= "numThreadsSpecified" value="4" />
  <attribute name="heapSize specified" value="0" />
  <attribute name="Current GC Util" value="69" />
  <attribute name= "Current Time Running" value="44554" />
  <attribute name ="GC Interval" value="0" />
  <attribute name="ProportionalT" value="73.500000" />
  <attribute name="ProportionalI" value="73.500000" />
  <attribute name="ProportionalH" value="73.500000" />
  <attribute name="Current Error" value="49.000000" />
  <attribute name="IntegralT" value="49.000000" />
  <attribute name="IntegralI" value="49.000000" />
  <attribute name="IntegralH" value="49.000000" />
  <attribute name="DerivativeT" value="73.500000" />
  <attribute name="DerivativeI" value="73.500000" />
  <attribute name="DerivativeH" value="73.500000" />
  <attribute name="Loop Time for DT" value="1.000000" />
  <attribute name="Output H" value="8388608"/>
  <attribute name="Output I" value="200"/>
  <attribute name="Output T" value="4"/>
  <attribute name="Target GC Util Change" value ="20.000000" />
  <attribute name="Current GC Util Change" value="69.000000"/>
  <attribute name="GC Util currently" value="69" />
  <attribute name="CPU Util currently" value="5520808603623" />
<exclusive-end id="526" timestamp="2019-06-17T04:31:55.121" durationms="8.579" />

<exclusive-start id="527" timestamp="2019-06-17T04:31:55.214" intervalms="101.384">
  <response-info timems="0.061" idlems="0.061" threads="0" lastid="0000000002320700" lastname="main" />
</exclusive-start>
<allocation-taxation id="528" taxation-threshold="20971520" timestamp="2019-06-17T04:31:55.214" intervalms="101.394" />
<cycle-start id="529" type="partial gc" contextid="0" timestamp="2019-06-17T04:31:55.214" intervalms="101.437" />
<gc-start id="530" type="partial gc" contextid="529" timestamp="2019-06-17T04:31:55.215">
  <mem-info id="531" free="3145728" total="56623104" percent="5">
    <mem type="eden" free="0" total="20971520" percent="0" />
    <remembered-set count="25248" freebytes="2159232" totalbytes="2260224" percent="95" regionsoverflowed="0" regionsstable="0" regionsrebuilding="0"/>
  </mem-info>
</gc-start>
<allocation-stats totalBytes="20967856" >
  <allocated-bytes non-tlh="832064" tlh="20135792" arrayletleaf="0"/>
  <largest-consumer threadName="main" threadId="0000000002320700" bytes="20967856" />
</allocation-stats>
<gc-op id="532" type="copy forward" timems="3.805" contextid="529" timestamp="2019-06-17T04:31:55.219">
  <memory-copied type="eden" objects="8176" bytes="654216" bytesdiscarded="0" />
  <memory-copied type="other" objects="17717" bytes="632832" bytesdiscarded="0" />
  <memory-cardclean objects="2243" bytes="112400" />
  <regions eden="20" other="1" />
  <remembered-set-cleared processed="21879" cleared="2858" durationms="0.266" />
  <references type="soft" candidates="4" cleared="0" enqueued="0" dynamicThreshold="13" maxThreshold="32" />
  <references type="weak" candidates="23" cleared="0" enqueued="0" />
  <references type="phantom" candidates="1" cleared="0" enqueued="0" />
  <stringconstants candidates="12526" cleared="0"  />
</gc-op>
<gc-op id="533" type="classunload" timems="0.003" contextid="529" timestamp="2019-06-17T04:31:55.219">
  <classunload-info classloadercandidates="44" classloadersunloaded="0" classesunloaded="0" anonymousclassesunloaded="0" quiescems="0.000" setupms="0.003" scanms="0.000" postms="0.000" />
</gc-op>
<gc-end id="534" type="partial gc" contextid="529" durationms="4.952" usertimems="4.000" systemtimems="0.000" timestamp="2019-06-17T04:31:55.220" activeThreads="1">
  <mem-info id="535" free="23068672" total="56623104" percent="40">
    <mem type="eden" free="394216" total="1048576" percent="37" />
    <remembered-set count="25376" freebytes="2158720" totalbytes="2260224" percent="95" regionsoverflowed="0" regionsstable="0" regionsrebuilding="0"/>
  </mem-info>
</gc-end>
<cycle-end id="536" type="partial gc" contextid="529" timestamp="2019-06-17T04:31:55.220" />
  <attribute name="elasticGC enabled" value="1" />
  <attribute name= "numThreadsSpecified" value="1" />
  <attribute name="heapSize specified" value="0" />
  <attribute name="Current GC Util" value="43" />
  <attribute name= "Current Time Running" value="44652" />
  <attribute name ="GC Interval" value="0" />
  <attribute name="ProportionalT" value="34.500000" />
  <attribute name="ProportionalI" value="34.500000" />
  <attribute name="ProportionalH" value="34.500000" />
  <attribute name="Current Error" value="23.000000" />
  <attribute name="IntegralT" value="0.000000" />
  <attribute name="IntegralI" value="0.000000" />
  <attribute name="IntegralH" value="0.000000" />
  <attribute name="DerivativeT" value="inf" />
  <attribute name="DerivativeI" value="inf" />
  <attribute name="DerivativeH" value="inf" />
  <attribute name="Loop Time for DT" value="0.000000" />
  <attribute name="Output H" value="8388608"/>
  <attribute name="Output I" value="200"/>
  <attribute name="Output T" value="1"/>
  <attribute name="Target GC Util Change" value ="20.000000" />
  <attribute name="Current GC Util Change" value="43.000000"/>
  <attribute name="GC Util currently" value="43" />
  <attribute name="CPU Util currently" value="15144861361911" />
<exclusive-end id="537" timestamp="2019-06-17T04:31:55.220" durationms="6.129" />

<exclusive-start id="538" timestamp="2019-06-17T04:31:55.265" intervalms="50.732">
  <response-info timems="0.031" idlems="0.031" threads="0" lastid="0000000002320700" lastname="main" />
</exclusive-start>
<allocation-taxation id="539" taxation-threshold="20971520" timestamp="2019-06-17T04:31:55.265" intervalms="50.707" />
<cycle-start id="540" type="partial gc" contextid="0" timestamp="2019-06-17T04:31:55.265" intervalms="50.702" />
<gc-start id="541" type="partial gc" contextid="540" timestamp="2019-06-17T04:31:55.265">
  <mem-info id="542" free="2097152" total="56623104" percent="3">
    <mem type="eden" free="0" total="20971520" percent="0" />
    <remembered-set count="24896" freebytes="2160640" totalbytes="2260224" percent="95" regionsoverflowed="0" regionsstable="0" regionsrebuilding="0"/>
  </mem-info>
</gc-start>
<allocation-stats totalBytes="20968776" >
  <allocated-bytes non-tlh="200384" tlh="20768392" arrayletleaf="0"/>
  <largest-consumer threadName="main" threadId="0000000002320700" bytes="20968776" />
</allocation-stats>
<gc-op id="543" type="copy forward" timems="2.316" contextid="540" timestamp="2019-06-17T04:31:55.268">
  <memory-copied type="eden" objects="11667" bytes="754208" bytesdiscarded="0" />
  <memory-copied type="other" objects="979" bytes="65008" bytesdiscarded="0" />
  <memory-cardclean objects="295" bytes="22080" />
  <regions eden="20" other="1" />
  <remembered-set-cleared processed="21918" cleared="890" durationms="0.267" />
  <references type="soft" candidates="5" cleared="0" enqueued="0" dynamicThreshold="13" maxThreshold="32" />
  <references type="weak" candidates="27" cleared="0" enqueued="0" />
  <references type="phantom" candidates="1" cleared="0" enqueued="0" />
  <stringconstants candidates="12531" cleared="0"  />
</gc-op>
<gc-op id="544" type="classunload" timems="0.004" contextid="540" timestamp="2019-06-17T04:31:55.269">
  <classunload-info classloadercandidates="45" classloadersunloaded="0" classesunloaded="0" anonymousclassesunloaded="0" quiescems="0.000" setupms="0.004" scanms="0.000" postms="0.000" />
</gc-op>
<gc-end id="545" type="partial gc" contextid="540" durationms="3.459" usertimems="0.000" systemtimems="0.000" timestamp="2019-06-17T04:31:55.269" activeThreads="1">
  <mem-info id="546" free="22020096" total="56623104" percent="38">
    <mem type="eden" free="294312" total="1048576" percent="28" />
    <remembered-set count="25440" freebytes="2158464" totalbytes="2260224" percent="95" regionsoverflowed="0" regionsstable="0" regionsrebuilding="0"/>
  </mem-info>
</gc-end>
<cycle-end id="547" type="partial gc" contextid="540" timestamp="2019-06-17T04:31:55.269" />
  <attribute name="elasticGC enabled" value="1" />
  <attribute name= "numThreadsSpecified" value="1" />
  <attribute name="heapSize specified" value="0" />
  <attribute name="Current GC Util" value="54" />
  <attribute name= "Current Time Running" value="44703" />
  <attribute name ="GC Interval" value="0" />
  <attribute name="ProportionalT" value="51.000000" />
  <attribute name="ProportionalI" value="51.000000" />
  <attribute name="ProportionalH" value="51.000000" />
  <attribute name="Current Error" value="34.000000" />
  <attribute name="IntegralT" value="0.000000" />
  <attribute name="IntegralI" value="0.000000" />
  <attribute name="IntegralH" value="0.000000" />
  <attribute name="DerivativeT" value="inf" />
  <attribute name="DerivativeI" value="inf" />
  <attribute name="DerivativeH" value="inf" />
  <attribute name="Loop Time for DT" value="0.000000" />
  <attribute name="Output H" value="8388608"/>
  <attribute name="Output I" value="200"/>
  <attribute name="Output T" value="1"/>
  <attribute name="Target GC Util Change" value ="20.000000" />
  <attribute name="Current GC Util Change" value="54.000000"/>
  <attribute name="GC Util currently" value="54" />
  <attribute name="CPU Util currently" value="15968939506031" />
<exclusive-end id="548" timestamp="2019-06-17T04:31:55.269" durationms="4.570" />

<exclusive-start id="549" timestamp="2019-06-17T04:31:55.377" intervalms="112.072">
  <response-info timems="0.032" idlems="0.032" threads="0" lastid="0000000002320700" lastname="main" />
</exclusive-start>
<allocation-taxation id="550" taxation-threshold="20971520" timestamp="2019-06-17T04:31:55.377" intervalms="112.068" />
<cycle-start id="551" type="partial gc" contextid="0" timestamp="2019-06-17T04:31:55.377" intervalms="112.044" />
<gc-start id="552" type="partial gc" contextid="551" timestamp="2019-06-17T04:31:55.377">
  <mem-info id="553" free="1048576" total="56623104" percent="1">
    <mem type="eden" free="0" total="20971520" percent="0" />
    <remembered-set count="25184" freebytes="2159488" totalbytes="2260224" percent="95" regionsoverflowed="0" regionsstable="0" regionsrebuilding="0"/>
  </mem-info>
</gc-start>
<allocation-stats totalBytes="20968736" >
  <allocated-bytes non-tlh="1002488" tlh="19966248" arrayletleaf="0"/>
  <largest-consumer threadName="main" threadId="0000000002320700" bytes="20968736" />
</allocation-stats>
<gc-op id="554" type="copy forward" timems="2.633" contextid="551" timestamp="2019-06-17T04:31:55.381">
  <memory-copied type="eden" objects="10721" bytes="722536" bytesdiscarded="0" />
  <memory-copied type="other" objects="1896" bytes="113032" bytesdiscarded="0" />
  <memory-cardclean objects="1894" bytes="88664" />
  <regions eden="20" other="2" />
  <remembered-set-cleared processed="21885" cleared="2153" durationms="0.288" />
  <references type="soft" candidates="6" cleared="0" enqueued="0" dynamicThreshold="12" maxThreshold="32" />
  <references type="weak" candidates="42" cleared="0" enqueued="0" />
  <references type="phantom" candidates="1" cleared="0" enqueued="0" />
  <stringconstants candidates="12566" cleared="4"  />
  <heap-resize type="expand" space="default" amount="2097152" count="2" timems="0.124" reason="continue current collection" />
</gc-op>
<gc-op id="555" type="classunload" timems="0.464" contextid="551" timestamp="2019-06-17T04:31:55.381">
  <classunload-info classloadercandidates="50" classloadersunloaded="2" classesunloaded="2" anonymousclassesunloaded="0" quiescems="0.000" setupms="0.448" scanms="0.011" postms="0.005" />
</gc-op>
<gc-end id="556" type="partial gc" contextid="551" durationms="4.226" usertimems="4.000" systemtimems="0.000" timestamp="2019-06-17T04:31:55.382" activeThreads="1">
  <mem-info id="557" free="23068672" total="58720256" percent="39">
    <mem type="eden" free="325936" total="1048576" percent="31" />
    <remembered-set count="24640" freebytes="2245376" totalbytes="2343936" percent="95" regionsoverflowed="0" regionsstable="0" regionsrebuilding="0"/>
  </mem-info>
</gc-end>
<cycle-end id="558" type="partial gc" contextid="551" timestamp="2019-06-17T04:31:55.382" />
  <attribute name="elasticGC enabled" value="1" />
  <attribute name= "numThreadsSpecified" value="1" />
  <attribute name="heapSize specified" value="0" />
  <attribute name="Current GC Util" value="40" />
  <attribute name= "Current Time Running" value="44815" />
  <attribute name ="GC Interval" value="0" />
  <attribute name="ProportionalT" value="30.000000" />
  <attribute name="ProportionalI" value="30.000000" />
  <attribute name="ProportionalH" value="30.000000" />
  <attribute name="Current Error" value="20.000000" />
  <attribute name="IntegralT" value="0.000000" />
  <attribute name="IntegralI" value="0.000000" />
  <attribute name="IntegralH" value="0.000000" />
  <attribute name="DerivativeT" value="inf" />
  <attribute name="DerivativeI" value="inf" />
  <attribute name="DerivativeH" value="inf" />
  <attribute name="Loop Time for DT" value="0.000000" />
  <attribute name="Output H" value="8388608"/>
  <attribute name="Output I" value="200"/>
  <attribute name="Output T" value="1"/>
  <attribute name="Target GC Util Change" value ="20.000000" />
  <attribute name="Current GC Util Change" value="40.000000"/>
  <attribute name="GC Util currently" value="40" />
  <attribute name="CPU Util currently" value="14888893939436" />
<exclusive-end id="559" timestamp="2019-06-17T04:31:55.382" durationms="5.212" />

<exclusive-start id="560" timestamp="2019-06-17T04:31:55.431" intervalms="54.536">
  <response-info timems="0.049" idlems="0.049" threads="0" lastid="0000000002320700" lastname="main" />
</exclusive-start>
<allocation-taxation id="561" taxation-threshold="20971520" timestamp="2019-06-17T04:31:55.431" intervalms="54.550" />
<cycle-start id="562" type="partial gc" contextid="0" timestamp="2019-06-17T04:31:55.432" intervalms="54.559" />
<gc-start id="563" type="partial gc" contextid="562" timestamp="2019-06-17T04:31:55.432">
  <mem-info id="564" free="2097152" total="58720256" percent="3">
    <mem type="eden" free="0" total="20971520" percent="0" />
    <remembered-set count="24608" freebytes="2245504" totalbytes="2343936" percent="95" regionsoverflowed="0" regionsstable="0" regionsrebuilding="0"/>
  </mem-info>
</gc-start>
<allocation-stats totalBytes="20969568" >
  <allocated-bytes non-tlh="266728" tlh="20702840" arrayletleaf="0"/>
  <largest-consumer threadName="main" threadId="0000000002320700" bytes="20969568" />
</allocation-stats>
<gc-op id="565" type="copy forward" timems="3.155" contextid="562" timestamp="2019-06-17T04:31:55.436">
  <memory-copied type="eden" objects="15797" bytes="974392" bytesdiscarded="44016" />
  <memory-copied type="other" objects="18374" bytes="654920" bytesdiscarded="18632" />
  <memory-cardclean objects="1107" bytes="59168" />
  <regions eden="20" other="2" />
  <remembered-set-cleared processed="21519" cleared="2221" durationms="0.187" />
  <references type="soft" candidates="4" cleared="0" enqueued="0" dynamicThreshold="12" maxThreshold="32" />
  <references type="weak" candidates="40" cleared="0" enqueued="0" />
  <references type="phantom" candidates="1" cleared="0" enqueued="0" />
  <stringconstants candidates="12585" cleared="0"  />
  <heap-resize type="expand" space="default" amount="1048576" count="1" timems="0.066" reason="continue current collection" />
</gc-op>
<gc-op id="566" type="classunload" timems="0.004" contextid="562" timestamp="2019-06-17T04:31:55.436">
  <classunload-info classloadercandidates="49" classloadersunloaded="0" classesunloaded="0" anonymousclassesunloaded="0" quiescems="0.000" setupms="0.004" scanms="0.000" postms="0.000" />
</gc-op>
<gc-end id="567" type="partial gc" contextid="562" durationms="4.248" usertimems="8.000" systemtimems="0.000" timestamp="2019-06-17T04:31:55.436" activeThreads="4">
  <mem-info id="568" free="23068672" total="59768832" percent="38">
    <mem type="eden" free="30112" total="1048576" percent="2" />
    <remembered-set count="25984" freebytes="2281856" totalbytes="2385792" percent="95" regionsoverflowed="0" regionsstable="0" regionsrebuilding="0"/>
  </mem-info>
</gc-end>
<cycle-end id="569" type="partial gc" contextid="562" timestamp="2019-06-17T04:31:55.436" />
  <attribute name="elasticGC enabled" value="1" />
  <attribute name= "numThreadsSpecified" value="4" />
  <attribute name="heapSize specified" value="0" />
  <attribute name="Current GC Util" value="47" />
  <attribute name= "Current Time Running" value="44870" />
  <attribute name ="GC Interval" value="0" />
  <attribute name="ProportionalT" value="40.500000" />
  <attribute name="ProportionalI" value="40.500000" />
  <attribute name="ProportionalH" value="40.500000" />
  <attribute name="Current Error" value="27.000000" />
  <attribute name="IntegralT" value="27.000000" />
  <attribute name="IntegralI" value="27.000000" />
  <attribute name="IntegralH" value="27.000000" />
  <attribute name="DerivativeT" value="40.500000" />
  <attribute name="DerivativeI" value="40.500000" />
  <attribute name="DerivativeH" value="40.500000" />
  <attribute name="Loop Time for DT" value="1.000000" />
  <attribute name="Output H" value="8388608"/>
  <attribute name="Output I" value="200"/>
  <attribute name="Output T" value="4"/>
  <attribute name="Target GC Util Change" value ="20.000000" />
  <attribute name="Current GC Util Change" value="47.000000"/>
  <attribute name="GC Util currently" value="47" />
  <attribute name="CPU Util currently" value="14858480441968" />
<exclusive-end id="570" timestamp="2019-06-17T04:31:55.437" durationms="5.307" />

<exclusive-start id="571" timestamp="2019-06-17T04:31:55.484" intervalms="53.252">
  <response-info timems="0.076" idlems="0.076" threads="0" lastid="0000000002320700" lastname="main" />
</exclusive-start>
<allocation-taxation id="572" taxation-threshold="22020096" timestamp="2019-06-17T04:31:55.485" intervalms="53.246" />
<cycle-start id="573" type="partial gc" contextid="0" timestamp="2019-06-17T04:31:55.485" intervalms="53.236" />
<gc-start id="574" type="partial gc" contextid="573" timestamp="2019-06-17T04:31:55.485">
  <mem-info id="575" free="1048576" total="59768832" percent="1">
    <mem type="eden" free="0" total="22020096" percent="0" />
    <remembered-set count="25728" freebytes="2282880" totalbytes="2385792" percent="95" regionsoverflowed="0" regionsstable="0" regionsrebuilding="0"/>
  </mem-info>
</gc-start>
<allocation-stats totalBytes="22017512" >
  <allocated-bytes non-tlh="200688" tlh="21816824" arrayletleaf="0"/>
  <largest-consumer threadName="main" threadId="0000000002320700" bytes="22017512" />
</allocation-stats>
<gc-op id="576" type="copy forward" timems="2.860" contextid="573" timestamp="2019-06-17T04:31:55.489">
  <memory-copied type="eden" objects="16999" bytes="952440" bytesdiscarded="0" />
  <memory-copied type="other" objects="378" bytes="12912" bytesdiscarded="0" />
  <memory-cardclean objects="139" bytes="13768" />
  <regions eden="21" other="1" />
  <remembered-set-cleared processed="22368" cleared="1173" durationms="0.277" />
  <references type="soft" candidates="2" cleared="0" enqueued="0" dynamicThreshold="12" maxThreshold="32" />
  <references type="weak" candidates="24" cleared="0" enqueued="0" />
  <references type="phantom" candidates="1" cleared="0" enqueued="0" />
  <stringconstants candidates="12595" cleared="0"  />
  <heap-resize type="expand" space="default" amount="1048576" count="1" timems="0.075" reason="continue current collection" />
</gc-op>
<gc-op id="577" type="classunload" timems="0.005" contextid="573" timestamp="2019-06-17T04:31:55.489">
  <classunload-info classloadercandidates="50" classloadersunloaded="0" classesunloaded="0" anonymousclassesunloaded="0" quiescems="0.000" setupms="0.005" scanms="0.000" postms="0.000" />
</gc-op>
<gc-op id="578" type="compact" timems="1.610" contextid="573" timestamp="2019-06-17T04:31:55.491">
  <compact-info movecount="0" movebytes="0" />
  <remembered-set-cleared processed="45023" cleared="1173" durationms="0.277" />
</gc-op>
<gc-end id="579" type="partial gc" contextid="573" durationms="5.707" usertimems="8.000" systemtimems="0.000" timestamp="2019-06-17T04:31:55.491" activeThreads="4">
  <mem-info id="580" free="23068672" total="60817408" percent="37">
    <mem type="eden" free="96080" total="1048576" percent="9" />
    <remembered-set count="25984" freebytes="2323712" totalbytes="2427648" percent="95" regionsoverflowed="0" regionsstable="0" regionsrebuilding="0"/>
  </mem-info>
</gc-end>
<cycle-end id="581" type="partial gc" contextid="573" timestamp="2019-06-17T04:31:55.491" />
  <attribute name="elasticGC enabled" value="1" />
  <attribute name= "numThreadsSpecified" value="4" />
  <attribute name="heapSize specified" value="0" />
  <attribute name="Current GC Util" value="0" />
  <attribute name= "Current Time Running" value="44926" />
  <attribute name ="GC Interval" value="0" />
  <attribute name="ProportionalT" value="-30.000000" />
  <attribute name="ProportionalI" value="-30.000000" />
  <attribute name="ProportionalH" value="-30.000000" />
  <attribute name="Current Error" value="-20.000000" />
  <attribute name="IntegralT" value="-60.000000" />
  <attribute name="IntegralI" value="-60.000000" />
  <attribute name="IntegralH" value="-60.000000" />
  <attribute name="DerivativeT" value="-21.000000" />
  <attribute name="DerivativeI" value="-21.000000" />
  <attribute name="DerivativeH" value="-21.000000" />
  <attribute name="Loop Time for DT" value="3.000000" />
  <attribute name="Output H" value="2091843584"/>
  <attribute name="Output I" value="200"/>
  <attribute name="Output T" value="4"/>
  <attribute name="Target GC Util Change" value ="20.000000" />
  <attribute name="Current GC Util Change" value="0.000000"/>
  <attribute name="GC Util currently" value="0" />
  <attribute name="CPU Util currently" value="1445615214641" />
<exclusive-end id="582" timestamp="2019-06-17T04:31:55.491" durationms="6.780" />

<exclusive-start id="583" timestamp="2019-06-17T04:31:55.687" intervalms="202.484">
  <response-info timems="0.034" idlems="0.034" threads="0" lastid="0000000002320700" lastname="main" />
</exclusive-start>
<allocation-taxation id="584" taxation-threshold="22020096" timestamp="2019-06-17T04:31:55.687" intervalms="202.422" />
<cycle-start id="585" type="partial gc" contextid="0" timestamp="2019-06-17T04:31:55.687" intervalms="202.409" />
<gc-start id="586" type="partial gc" contextid="585" timestamp="2019-06-17T04:31:55.688">
  <mem-info id="587" free="1048576" total="60817408" percent="1">
    <mem type="eden" free="0" total="22020096" percent="0" />
    <remembered-set count="25984" freebytes="2323712" totalbytes="2427648" percent="95" regionsoverflowed="0" regionsstable="0" regionsrebuilding="0"/>
  </mem-info>
</gc-start>
<allocation-stats totalBytes="22014784" >
  <allocated-bytes non-tlh="918008" tlh="21096776" arrayletleaf="0"/>
  <largest-consumer threadName="main" threadId="0000000002320700" bytes="22014784" />
</allocation-stats>
<gc-op id="588" type="copy forward" timems="2.822" contextid="585" timestamp="2019-06-17T04:31:55.691">
  <memory-copied type="eden" objects="11517" bytes="732656" bytesdiscarded="0" />
  <memory-copied type="other" objects="227" bytes="7712" bytesdiscarded="0" />
  <memory-cardclean objects="482" bytes="36976" />
  <regions eden="21" other="1" />
  <remembered-set-cleared processed="22947" cleared="1826" durationms="0.302" />
  <references type="soft" candidates="779" cleared="0" enqueued="0" dynamicThreshold="12" maxThreshold="32" />
  <references type="weak" candidates="144" cleared="0" enqueued="0" />
  <references type="phantom" candidates="1" cleared="0" enqueued="0" />
  <stringconstants candidates="13245" cleared="0"  />
  <heap-resize type="expand" space="default" amount="1048576" count="1" timems="0.055" reason="continue current collection" />
</gc-op>
<gc-op id="589" type="classunload" timems="0.005" contextid="585" timestamp="2019-06-17T04:31:55.691">
  <classunload-info classloadercandidates="54" classloadersunloaded="0" classesunloaded="0" anonymousclassesunloaded="0" quiescems="0.000" setupms="0.005" scanms="0.000" postms="0.000" />
</gc-op>
<gc-end id="590" type="partial gc" contextid="585" durationms="3.746" usertimems="8.000" systemtimems="0.000" timestamp="2019-06-17T04:31:55.691" activeThreads="1">
  <mem-info id="591" free="23068672" total="61865984" percent="37">
    <mem type="eden" free="315352" total="1048576" percent="30" />
    <remembered-set count="25984" freebytes="2365568" totalbytes="2469504" percent="95" regionsoverflowed="0" regionsstable="0" regionsrebuilding="0"/>
  </mem-info>
</gc-end>
<cycle-end id="592" type="partial gc" contextid="585" timestamp="2019-06-17T04:31:55.692" />
  <attribute name="elasticGC enabled" value="1" />
  <attribute name= "numThreadsSpecified" value="1" />
  <attribute name="heapSize specified" value="0" />
  <attribute name="Current GC Util" value="47" />
  <attribute name= "Current Time Running" value="45125" />
  <attribute name ="GC Interval" value="0" />
  <attribute name="ProportionalT" value="40.500000" />
  <attribute name="ProportionalI" value="40.500000" />
  <attribute name="ProportionalH" value="40.500000" />
  <attribute name="Current Error" value="27.000000" />
  <attribute name="IntegralT" value="0.000000" />
  <attribute name="IntegralI" value="0.000000" />
  <attribute name="IntegralH" value="0.000000" />
  <attribute name="DerivativeT" value="inf" />
  <attribute name="DerivativeI" value="inf" />
  <attribute name="DerivativeH" value="inf" />
  <attribute name="Loop Time for DT" value="0.000000" />
  <attribute name="Output H" value="8388608"/>
  <attribute name="Output I" value="200"/>
  <attribute name="Output T" value="1"/>
  <attribute name="Target GC Util Change" value ="20.000000" />
  <attribute name="Current GC Util Change" value="47.000000"/>
  <attribute name="GC Util currently" value="47" />
  <attribute name="CPU Util currently" value="20373597379166" />
<exclusive-end id="593" timestamp="2019-06-17T04:31:55.692" durationms="4.734" />

<exclusive-start id="594" timestamp="2019-06-17T04:31:56.022" intervalms="335.473">
  <response-info timems="0.034" idlems="0.034" threads="0" lastid="0000000002320700" lastname="main" />
</exclusive-start>
<allocation-taxation id="595" taxation-threshold="22020096" timestamp="2019-06-17T04:31:56.023" intervalms="335.557" />
<cycle-start id="596" type="partial gc" contextid="0" timestamp="2019-06-17T04:31:56.023" intervalms="335.578" />
<gc-start id="597" type="partial gc" contextid="596" timestamp="2019-06-17T04:31:56.023">
  <mem-info id="598" free="1048576" total="61865984" percent="1">
    <mem type="eden" free="0" total="22020096" percent="0" />
    <arraylet-primitive objects="1" leaves="1" largest="1" />
    <remembered-set count="25664" freebytes="2366848" totalbytes="2469504" percent="95" regionsoverflowed="0" regionsstable="0" regionsrebuilding="0"/>
  </mem-info>
</gc-start>
<allocation-stats totalBytes="22003336" >
  <allocated-bytes non-tlh="1865600" tlh="19089160" arrayletleaf="1048576"/>
  <largest-consumer threadName="main" threadId="0000000002320700" bytes="22003336" />
</allocation-stats>
<gc-op id="599" type="copy forward" timems="5.118" contextid="596" timestamp="2019-06-17T04:31:56.029">
  <memory-copied type="eden" objects="24339" bytes="1544404" bytesdiscarded="0" />
  <memory-copied type="other" objects="9134" bytes="348960" bytesdiscarded="0" />
  <memory-cardclean objects="487" bytes="37632" />
  <regions eden="20" other="1" />
  <remembered-set-cleared processed="22929" cleared="1762" durationms="0.283" />
  <finalization candidates="3" enqueued="2" />
  <references type="soft" candidates="779" cleared="0" enqueued="0" dynamicThreshold="11" maxThreshold="32" />
  <references type="weak" candidates="180" cleared="0" enqueued="0" />
  <references type="phantom" candidates="2" cleared="0" enqueued="0" />
  <stringconstants candidates="13307" cleared="0"  />
  <heap-resize type="expand" space="default" amount="2097152" count="2" timems="0.147" reason="continue current collection" />
</gc-op>
<gc-op id="600" type="classunload" timems="0.005" contextid="596" timestamp="2019-06-17T04:31:56.029">
  <classunload-info classloadercandidates="55" classloadersunloaded="0" classesunloaded="0" anonymousclassesunloaded="0" quiescems="0.000" setupms="0.005" scanms="0.000" postms="0.000" />
</gc-op>
<gc-end id="601" type="partial gc" contextid="596" durationms="6.183" usertimems="4.000" systemtimems="4.000" timestamp="2019-06-17T04:31:56.029" activeThreads="1">
  <mem-info id="602" free="22020096" total="63963136" percent="34">
    <mem type="eden" free="552640" total="3145728" percent="17" />
    <arraylet-primitive objects="1" leaves="1" largest="1" />
    <pending-finalizers system="0" default="2" reference="0" classloader="0" />
    <remembered-set count="28096" freebytes="2440832" totalbytes="2553216" percent="95" regionsoverflowed="0" regionsstable="0" regionsrebuilding="0"/>
  </mem-info>
</gc-end>
<cycle-end id="603" type="partial gc" contextid="596" timestamp="2019-06-17T04:31:56.030" />
  <attribute name="elasticGC enabled" value="1" />
  <attribute name= "numThreadsSpecified" value="1" />
  <attribute name="heapSize specified" value="0" />
  <attribute name="Current GC Util" value="54" />
  <attribute name= "Current Time Running" value="45461" />
  <attribute name ="GC Interval" value="0" />
  <attribute name="ProportionalT" value="51.000000" />
  <attribute name="ProportionalI" value="51.000000" />
  <attribute name="ProportionalH" value="51.000000" />
  <attribute name="Current Error" value="34.000000" />
  <attribute name="IntegralT" value="0.000000" />
  <attribute name="IntegralI" value="0.000000" />
  <attribute name="IntegralH" value="0.000000" />
  <attribute name="DerivativeT" value="inf" />
  <attribute name="DerivativeI" value="inf" />
  <attribute name="DerivativeH" value="inf" />
  <attribute name="Loop Time for DT" value="0.000000" />
  <attribute name="Output H" value="8388608"/>
  <attribute name="Output I" value="200"/>
  <attribute name="Output T" value="1"/>
  <attribute name="Target GC Util Change" value ="20.000000" />
  <attribute name="Current GC Util Change" value="54.000000"/>
  <attribute name="GC Util currently" value="54" />
  <attribute name="CPU Util currently" value="21374939783918" />
<exclusive-end id="604" timestamp="2019-06-17T04:31:56.030" durationms="7.332" />

<exclusive-start id="605" timestamp="2019-06-17T04:31:56.207" intervalms="184.936">
  <response-info timems="0.033" idlems="0.033" threads="0" lastid="0000000002320700" lastname="main" />
</exclusive-start>
<allocation-taxation id="606" taxation-threshold="22020096" timestamp="2019-06-17T04:31:56.208" intervalms="184.949" />
<cycle-start id="607" type="partial gc" contextid="0" timestamp="2019-06-17T04:31:56.208" intervalms="184.970" />
<gc-start id="608" type="partial gc" contextid="607" timestamp="2019-06-17T04:31:56.208">
  <mem-info id="609" free="0" total="63963136" percent="0">
    <mem type="eden" free="0" total="22020096" percent="0" />
    <arraylet-primitive objects="1" leaves="1" largest="1" />
    <remembered-set count="27712" freebytes="2442368" totalbytes="2553216" percent="95" regionsoverflowed="0" regionsstable="0" regionsrebuilding="0"/>
  </mem-info>
</gc-start>
<allocation-stats totalBytes="21996560" >
  <allocated-bytes non-tlh="0" tlh="21996560" arrayletleaf="0"/>
  <largest-consumer threadName="main" threadId="0000000002320700" bytes="21992464" />
</allocation-stats>
<gc-op id="610" type="mark" timems="4.521" contextid="607" timestamp="2019-06-17T04:31:56.213">
  <trace-info objectcount="69860" scancount="59872" scanbytes="1442996" />
  <cardclean-info objects="193" bytes="18732" />
  <remembered-set-cleared processed="24586" cleared="1774" durationms="0.319" />
  <finalization candidates="1" enqueued="0" />
  <references type="soft" candidates="1" cleared="0" enqueued="0" dynamicThreshold="11" maxThreshold="32" />
  <references type="weak" candidates="46" cleared="3" enqueued="3" />
  <references type="phantom" candidates="2" cleared="0" enqueued="0" />
  <stringconstants candidates="13307" cleared="0"  />
  <warning details="Mark invoked due to insufficient free space for Copy-Forward" />
</gc-op>
<gc-op id="611" type="classunload" timems="0.004" contextid="607" timestamp="2019-06-17T04:31:56.213">
  <classunload-info classloadercandidates="55" classloadersunloaded="0" classesunloaded="0" anonymousclassesunloaded="0" quiescems="0.000" setupms="0.004" scanms="0.000" postms="0.000" />
</gc-op>
<gc-op id="612" type="sweep" timems="0.911" contextid="607" timestamp="2019-06-17T04:31:56.215" />
<gc-op id="613" type="compact" timems="5.407" contextid="607" timestamp="2019-06-17T04:31:56.220">
  <compact-info movecount="69859" movebytes="2657184" />
  <remembered-set-cleared processed="67175" cleared="21545" durationms="0.319" />
</gc-op>
<heap-resize id="614" type="expand" space="default" amount="1048576" count="1" timems="0.068" reason="insufficient free space following gc" timestamp="2019-06-17T04:31:56.221" />
<gc-end id="615" type="partial gc" contextid="607" durationms="12.547" usertimems="20.000" systemtimems="0.000" timestamp="2019-06-17T04:31:56.221" activeThreads="4">
  <mem-info id="616" free="20971520" total="65011712" percent="32">
    <mem type="eden" free="949016" total="2097152" percent="45" />
    <arraylet-primitive objects="1" leaves="1" largest="1" />
    <pending-finalizers system="0" default="0" reference="3" classloader="0" />
    <remembered-set count="37088" freebytes="2446720" totalbytes="2595072" percent="94" regionsoverflowed="0" regionsstable="0" regionsrebuilding="0"/>
  </mem-info>
</gc-end>
<cycle-end id="617" type="partial gc" contextid="607" timestamp="2019-06-17T04:31:56.221" />
  <attribute name="elasticGC enabled" value="1" />
  <attribute name= "numThreadsSpecified" value="4" />
  <attribute name="heapSize specified" value="0" />
  <attribute name="Current GC Util" value="96" />
  <attribute name= "Current Time Running" value="45652" />
  <attribute name ="GC Interval" value="0" />
  <attribute name="ProportionalT" value="114.000000" />
  <attribute name="ProportionalI" value="114.000000" />
  <attribute name="ProportionalH" value="114.000000" />
  <attribute name="Current Error" value="76.000000" />
  <attribute name="IntegralT" value="76.000000" />
  <attribute name="IntegralI" value="76.000000" />
  <attribute name="IntegralH" value="76.000000" />
  <attribute name="DerivativeT" value="114.000000" />
  <attribute name="DerivativeI" value="114.000000" />
  <attribute name="DerivativeH" value="114.000000" />
  <attribute name="Loop Time for DT" value="1.000000" />
  <attribute name="Output H" value="8388608"/>
  <attribute name="Output I" value="304"/>
  <attribute name="Output T" value="4"/>
  <attribute name="Target GC Util Change" value ="20.000000" />
  <attribute name="Current GC Util Change" value="96.000000"/>
  <attribute name="GC Util currently" value="96" />
  <attribute name="CPU Util currently" value="3901186345996" />
<exclusive-end id="618" timestamp="2019-06-17T04:31:56.221" durationms="13.851" />

<exclusive-start id="619" timestamp="2019-06-17T04:31:56.316" intervalms="108.877">
  <response-info timems="0.035" idlems="0.035" threads="0" lastid="0000000002320700" lastname="main" />
</exclusive-start>
<allocation-taxation id="620" taxation-threshold="20971520" timestamp="2019-06-17T04:31:56.316" intervalms="108.885" />
<cycle-start id="621" type="partial gc" contextid="0" timestamp="2019-06-17T04:31:56.317" intervalms="108.720" />
<gc-start id="622" type="partial gc" contextid="621" timestamp="2019-06-17T04:31:56.317">
  <mem-info id="623" free="0" total="65011712" percent="0">
    <mem type="eden" free="0" total="20971520" percent="0" />
    <arraylet-primitive objects="1" leaves="1" largest="1" />
    <remembered-set count="36992" freebytes="2447104" totalbytes="2595072" percent="94" regionsoverflowed="0" regionsstable="0" regionsrebuilding="0"/>
  </mem-info>
</gc-start>
<allocation-stats totalBytes="20947112" >
  <allocated-bytes non-tlh="0" tlh="20947112" arrayletleaf="0"/>
  <largest-consumer threadName="main" threadId="0000000002320700" bytes="20947112" />
</allocation-stats>
<gc-op id="624" type="mark" timems="2.791" contextid="621" timestamp="2019-06-17T04:31:56.320">
  <trace-info objectcount="93314" scancount="81558" scanbytes="1979152" />
  <cardclean-info objects="1472" bytes="54648" />
  <remembered-set-cleared processed="33179" cleared="9309" durationms="0.179" />
  <references type="soft" candidates="1" cleared="0" enqueued="0" dynamicThreshold="10" maxThreshold="32" />
  <stringconstants candidates="13307" cleared="0"  />
  <warning details="Mark invoked due to insufficient free space for Copy-Forward" />
</gc-op>
<gc-op id="625" type="classunload" timems="0.005" contextid="621" timestamp="2019-06-17T04:31:56.320">
  <classunload-info classloadercandidates="55" classloadersunloaded="0" classesunloaded="0" anonymousclassesunloaded="0" quiescems="0.000" setupms="0.005" scanms="0.000" postms="0.000" />
</gc-op>
<gc-op id="626" type="sweep" timems="0.422" contextid="621" timestamp="2019-06-17T04:31:56.321" />
<gc-op id="627" type="compact" timems="4.647" contextid="621" timestamp="2019-06-17T04:31:56.326">
  <compact-info movecount="92819" movebytes="2328928" />
  <remembered-set-cleared processed="89133" cleared="41392" durationms="0.195" />
</gc-op>
<heap-resize id="628" type="expand" space="default" amount="4194304" count="1" timems="0.084" reason="insufficient free space following gc" timestamp="2019-06-17T04:31:56.326" />
<gc-end id="629" type="partial gc" contextid="621" durationms="9.449" usertimems="24.000" systemtimems="0.000" timestamp="2019-06-17T04:31:56.326" activeThreads="4">
  <mem-info id="630" free="23068672" total="69206016" percent="33">
    <mem type="eden" free="1008992" total="2097152" percent="48" />
    <arraylet-primitive objects="1" leaves="1" largest="1" />
    <remembered-set count="45376" freebytes="2580992" totalbytes="2762496" percent="93" regionsoverflowed="0" regionsstable="0" regionsrebuilding="0"/>
  </mem-info>
</gc-end>
<cycle-end id="631" type="partial gc" contextid="621" timestamp="2019-06-17T04:31:56.327" />
  <attribute name="elasticGC enabled" value="1" />
  <attribute name= "numThreadsSpecified" value="4" />
  <attribute name="heapSize specified" value="0" />
  <attribute name="Current GC Util" value="43" />
  <attribute name= "Current Time Running" value="45758" />
  <attribute name ="GC Interval" value="0" />
  <attribute name="ProportionalT" value="34.500000" />
  <attribute name="ProportionalI" value="34.500000" />
  <attribute name="ProportionalH" value="34.500000" />
  <attribute name="Current Error" value="23.000000" />
  <attribute name="IntegralT" value="0.000000" />
  <attribute name="IntegralI" value="0.000000" />
  <attribute name="IntegralH" value="0.000000" />
  <attribute name="DerivativeT" value="-inf" />
  <attribute name="DerivativeI" value="-inf" />
  <attribute name="DerivativeH" value="-inf" />
  <attribute name="Loop Time for DT" value="0.000000" />
  <attribute name="Output H" value="2091843584"/>
  <attribute name="Output I" value="200"/>
  <attribute name="Output T" value="4"/>
  <attribute name="Target GC Util Change" value ="20.000000" />
  <attribute name="Current GC Util Change" value="43.000000"/>
  <attribute name="GC Util currently" value="43" />
  <attribute name="CPU Util currently" value="7360431964509" />
<exclusive-end id="632" timestamp="2019-06-17T04:31:56.327" durationms="10.557" />

<exclusive-start id="633" timestamp="2019-06-17T04:31:56.392" intervalms="75.749">
  <response-info timems="0.064" idlems="0.064" threads="0" lastid="0000000002320700" lastname="main" />
</exclusive-start>
<allocation-taxation id="634" taxation-threshold="23068672" timestamp="2019-06-17T04:31:56.392" intervalms="75.781" />
<cycle-start id="635" type="partial gc" contextid="0" timestamp="2019-06-17T04:31:56.392" intervalms="75.853" />
<gc-start id="636" type="partial gc" contextid="635" timestamp="2019-06-17T04:31:56.393">
  <mem-info id="637" free="0" total="69206016" percent="0">
    <mem type="eden" free="0" total="23068672" percent="0" />
    <arraylet-primitive objects="1" leaves="1" largest="1" />
    <remembered-set count="44928" freebytes="2582784" totalbytes="2762496" percent="93" regionsoverflowed="0" regionsstable="0" regionsrebuilding="0"/>
  </mem-info>
</gc-start>
<allocation-stats totalBytes="23047464" >
  <allocated-bytes non-tlh="65544" tlh="22981920" arrayletleaf="0"/>
  <largest-consumer threadName="main" threadId="0000000002320700" bytes="23047464" />
</allocation-stats>
<gc-op id="638" type="mark" timems="3.050" contextid="635" timestamp="2019-06-17T04:31:56.396">
  <trace-info objectcount="92665" scancount="79893" scanbytes="2003700" />
  <cardclean-info objects="7728" bytes="200400" />
  <remembered-set-cleared processed="41270" cleared="9887" durationms="0.242" />
  <stringconstants candidates="13307" cleared="0"  />
  <warning details="Mark invoked due to insufficient free space for Copy-Forward" />
</gc-op>
<gc-op id="639" type="classunload" timems="0.005" contextid="635" timestamp="2019-06-17T04:31:56.397">
  <classunload-info classloadercandidates="55" classloadersunloaded="0" classesunloaded="0" anonymousclassesunloaded="0" quiescems="0.000" setupms="0.005" scanms="0.000" postms="0.000" />
</gc-op>
<gc-op id="640" type="sweep" timems="0.420" contextid="635" timestamp="2019-06-17T04:31:56.397" />
<gc-op id="641" type="compact" timems="4.942" contextid="635" timestamp="2019-06-17T04:31:56.402">
  <compact-info movecount="92425" movebytes="2407992" />
  <remembered-set-cleared processed="104776" cleared="42005" durationms="0.242" />
</gc-op>
<gc-end id="642" type="partial gc" contextid="635" durationms="9.704" usertimems="12.000" systemtimems="8.000" timestamp="2019-06-17T04:31:56.403" activeThreads="4">
  <mem-info id="643" free="22020096" total="69206016" percent="31">
    <mem type="eden" free="750784" total="2097152" percent="35" />
    <arraylet-primitive objects="1" leaves="1" largest="1" />
    <remembered-set count="55040" freebytes="2542336" totalbytes="2762496" percent="92" regionsoverflowed="0" regionsstable="0" regionsrebuilding="0"/>
  </mem-info>
</gc-end>
<cycle-end id="644" type="partial gc" contextid="635" timestamp="2019-06-17T04:31:56.403" />
  <attribute name="elasticGC enabled" value="1" />
  <attribute name= "numThreadsSpecified" value="4" />
  <attribute name="heapSize specified" value="0" />
  <attribute name="Current GC Util" value="46" />
  <attribute name= "Current Time Running" value="45834" />
  <attribute name ="GC Interval" value="0" />
  <attribute name="ProportionalT" value="39.000000" />
  <attribute name="ProportionalI" value="39.000000" />
  <attribute name="ProportionalH" value="39.000000" />
  <attribute name="Current Error" value="26.000000" />
  <attribute name="IntegralT" value="0.000000" />
  <attribute name="IntegralI" value="0.000000" />
  <attribute name="IntegralH" value="0.000000" />
  <attribute name="DerivativeT" value="-inf" />
  <attribute name="DerivativeI" value="-inf" />
  <attribute name="DerivativeH" value="-inf" />
  <attribute name="Loop Time for DT" value="0.000000" />
  <attribute name="Output H" value="2091843584"/>
  <attribute name="Output I" value="200"/>
  <attribute name="Output T" value="4"/>
  <attribute name="Target GC Util Change" value ="20.000000" />
  <attribute name="Current GC Util Change" value="46.000000"/>
  <attribute name="GC Util currently" value="46" />
  <attribute name="CPU Util currently" value="7295228524587" />
<exclusive-end id="645" timestamp="2019-06-17T04:31:56.403" durationms="10.916" />

<exclusive-start id="646" timestamp="2019-06-17T04:31:56.450" intervalms="57.530">
  <response-info timems="0.070" idlems="0.070" threads="0" lastid="0000000002320700" lastname="main" />
</exclusive-start>
<allocation-taxation id="647" taxation-threshold="22020096" timestamp="2019-06-17T04:31:56.450" intervalms="57.458" />
<cycle-start id="648" type="partial gc" contextid="0" timestamp="2019-06-17T04:31:56.450" intervalms="57.374" />
<gc-start id="649" type="partial gc" contextid="648" timestamp="2019-06-17T04:31:56.450">
  <mem-info id="650" free="0" total="69206016" percent="0">
    <mem type="eden" free="0" total="22020096" percent="0" />
    <arraylet-primitive objects="1" leaves="1" largest="1" />
    <remembered-set count="54560" freebytes="2544256" totalbytes="2762496" percent="92" regionsoverflowed="0" regionsstable="0" regionsrebuilding="0"/>
  </mem-info>
</gc-start>
<allocation-stats totalBytes="21996808" >
  <allocated-bytes non-tlh="0" tlh="21996808" arrayletleaf="0"/>
  <largest-consumer threadName="main" threadId="0000000002320700" bytes="21996808" />
</allocation-stats>
<gc-op id="651" type="mark" timems="8.085" contextid="648" timestamp="2019-06-17T04:31:56.459">
  <trace-info objectcount="136572" scancount="116941" scanbytes="2871708" />
  <cardclean-info objects="7430" bytes="207280" />
  <remembered-set-cleared processed="49967" cleared="18193" durationms="0.485" />
  <stringconstants candidates="13307" cleared="0"  />
  <warning details="Mark invoked due to insufficient free space for Copy-Forward" />
</gc-op>
<gc-op id="652" type="classunload" timems="0.006" contextid="648" timestamp="2019-06-17T04:31:56.459">
  <classunload-info classloadercandidates="55" classloadersunloaded="0" classesunloaded="0" anonymousclassesunloaded="0" quiescems="0.000" setupms="0.006" scanms="0.000" postms="0.000" />
</gc-op>
<gc-op id="653" type="sweep" timems="0.888" contextid="648" timestamp="2019-06-17T04:31:56.460" />
<gc-op id="654" type="compact" timems="8.401" contextid="648" timestamp="2019-06-17T04:31:56.469">
  <compact-info movecount="93186" movebytes="2431528" />
  <remembered-set-cleared processed="126117" cleared="62564" durationms="0.485" />
</gc-op>
<heap-resize id="655" type="expand" space="default" amount="3145728" count="1" timems="0.070" reason="insufficient free space following gc" timestamp="2019-06-17T04:31:56.469" />
<gc-end id="656" type="partial gc" contextid="648" durationms="19.201" usertimems="32.000" systemtimems="0.000" timestamp="2019-06-17T04:31:56.469" activeThreads="4">
  <mem-info id="657" free="23068672" total="72351744" percent="31">
    <mem type="eden" free="960912" total="2097152" percent="45" />
    <arraylet-primitive objects="1" leaves="1" largest="1" />
    <remembered-set count="63616" freebytes="2633600" totalbytes="2888064" percent="91" regionsoverflowed="0" regionsstable="0" regionsrebuilding="0"/>
  </mem-info>
</gc-end>
<cycle-end id="658" type="partial gc" contextid="648" timestamp="2019-06-17T04:31:56.470" />
  <attribute name="elasticGC enabled" value="1" />
  <attribute name= "numThreadsSpecified" value="4" />
  <attribute name="heapSize specified" value="0" />
  <attribute name="Current GC Util" value="179" />
  <attribute name= "Current Time Running" value="45898" />
  <attribute name ="GC Interval" value="0" />
  <attribute name="ProportionalT" value="238.500000" />
  <attribute name="ProportionalI" value="238.500000" />
  <attribute name="ProportionalH" value="238.500000" />
  <attribute name="Current Error" value="159.000000" />
  <attribute name="IntegralT" value="318.000000" />
  <attribute name="IntegralI" value="318.000000" />
  <attribute name="IntegralH" value="318.000000" />
  <attribute name="DerivativeT" value="119.250000" />
  <attribute name="DerivativeI" value="119.250000" />
  <attribute name="DerivativeH" value="119.250000" />
  <attribute name="Loop Time for DT" value="2.000000" />
  <attribute name="Output H" value="8388608"/>
  <attribute name="Output I" value="680"/>
  <attribute name="Output T" value="4"/>
  <attribute name="Target GC Util Change" value ="20.000000" />
  <attribute name="Current GC Util Change" value="179.000000"/>
  <attribute name="GC Util currently" value="179" />
  <attribute name="CPU Util currently" value="3984752881508" />
<exclusive-end id="659" timestamp="2019-06-17T04:31:56.470" durationms="20.405" />

<exclusive-start id="660" timestamp="2019-06-17T04:31:56.517" intervalms="67.925">
  <response-info timems="0.069" idlems="0.069" threads="0" lastid="0000000002320700" lastname="main" />
</exclusive-start>
<allocation-taxation id="661" taxation-threshold="23068672" timestamp="2019-06-17T04:31:56.518" intervalms="67.954" />
<cycle-start id="662" type="partial gc" contextid="0" timestamp="2019-06-17T04:31:56.518" intervalms="68.071" />
<gc-start id="663" type="partial gc" contextid="662" timestamp="2019-06-17T04:31:56.518">
  <mem-info id="664" free="0" total="72351744" percent="0">
    <mem type="eden" free="0" total="24117248" percent="0" />
    <arraylet-primitive objects="1" leaves="1" largest="1" />
    <remembered-set count="63328" freebytes="2634752" totalbytes="2888064" percent="91" regionsoverflowed="0" regionsstable="0" regionsrebuilding="0"/>
  </mem-info>
</gc-start>
<allocation-stats totalBytes="23046672" >
  <allocated-bytes non-tlh="0" tlh="23046672" arrayletleaf="0"/>
  <largest-consumer threadName="main" threadId="0000000002320700" bytes="23046672" />
</allocation-stats>
<gc-op id="665" type="mark" timems="6.854" contextid="662" timestamp="2019-06-17T04:31:56.526">
  <trace-info objectcount="105904" scancount="89908" scanbytes="2204948" />
  <cardclean-info objects="14501" bytes="402240" />
  <remembered-set-cleared processed="59017" cleared="13969" durationms="0.604" />
  <stringconstants candidates="13307" cleared="0"  />
  <warning details="Mark invoked due to insufficient free space for Copy-Forward" />
</gc-op>
<gc-op id="666" type="classunload" timems="0.007" contextid="662" timestamp="2019-06-17T04:31:56.526">
  <classunload-info classloadercandidates="55" classloadersunloaded="0" classesunloaded="0" anonymousclassesunloaded="0" quiescems="0.000" setupms="0.007" scanms="0.000" postms="0.000" />
</gc-op>
<gc-op id="667" type="sweep" timems="0.899" contextid="662" timestamp="2019-06-17T04:31:56.527" />
<gc-op id="668" type="compact" timems="5.787" contextid="662" timestamp="2019-06-17T04:31:56.533">
  <compact-info movecount="91518" movebytes="2252776" />
  <remembered-set-cleared processed="140579" cleared="50464" durationms="0.604" />
</gc-op>
<heap-resize id="669" type="expand" space="default" amount="4194304" count="1" timems="0.082" reason="insufficient free space following gc" timestamp="2019-06-17T04:31:56.534" />
<gc-end id="670" type="partial gc" contextid="662" durationms="15.656" usertimems="28.000" systemtimems="0.000" timestamp="2019-06-17T04:31:56.534" activeThreads="4">
  <mem-info id="671" free="25165824" total="76546048" percent="32">
    <mem type="eden" free="926232" total="3145728" percent="29" />
    <arraylet-primitive objects="1" leaves="1" largest="1" />
    <remembered-set count="72448" freebytes="2765696" totalbytes="3055488" percent="90" regionsoverflowed="0" regionsstable="0" regionsrebuilding="0"/>
  </mem-info>
</gc-end>
<cycle-end id="672" type="partial gc" contextid="662" timestamp="2019-06-17T04:31:56.534" />
  <attribute name="elasticGC enabled" value="1" />
  <attribute name= "numThreadsSpecified" value="4" />
  <attribute name="heapSize specified" value="0" />
  <attribute name="Current GC Util" value="169" />
  <attribute name= "Current Time Running" value="45965" />
  <attribute name ="GC Interval" value="0" />
  <attribute name="ProportionalT" value="223.500000" />
  <attribute name="ProportionalI" value="223.500000" />
  <attribute name="ProportionalH" value="223.500000" />
  <attribute name="Current Error" value="149.000000" />
  <attribute name="IntegralT" value="298.000000" />
  <attribute name="IntegralI" value="298.000000" />
  <attribute name="IntegralH" value="298.000000" />
  <attribute name="DerivativeT" value="111.750000" />
  <attribute name="DerivativeI" value="111.750000" />
  <attribute name="DerivativeH" value="111.750000" />
  <attribute name="Loop Time for DT" value="2.000000" />
  <attribute name="Output H" value="8388608"/>
  <attribute name="Output I" value="640"/>
  <attribute name="Output T" value="4"/>
  <attribute name="Target GC Util Change" value ="20.000000" />
  <attribute name="Current GC Util Change" value="169.000000"/>
  <attribute name="GC Util currently" value="169" />
  <attribute name="CPU Util currently" value="3838529411788" />
<exclusive-end id="673" timestamp="2019-06-17T04:31:56.534" durationms="17.015" />

<exclusive-start id="674" timestamp="2019-06-17T04:31:56.586" intervalms="68.965">
  <response-info timems="0.076" idlems="0.076" threads="0" lastid="0000000002320700" lastname="main" />
</exclusive-start>
<allocation-taxation id="675" taxation-threshold="25165824" timestamp="2019-06-17T04:31:56.587" intervalms="69.024" />
<cycle-start id="676" type="partial gc" contextid="0" timestamp="2019-06-17T04:31:56.587" intervalms="69.030" />
<gc-start id="677" type="partial gc" contextid="676" timestamp="2019-06-17T04:31:56.587">
  <mem-info id="678" free="0" total="76546048" percent="0">
    <mem type="eden" free="0" total="25165824" percent="0" />
    <arraylet-primitive objects="1" leaves="1" largest="1" />
    <remembered-set count="72448" freebytes="2765696" totalbytes="3055488" percent="90" regionsoverflowed="0" regionsstable="0" regionsrebuilding="0"/>
  </mem-info>
</gc-start>
<allocation-stats totalBytes="25138520" >
  <allocated-bytes non-tlh="131080" tlh="25007440" arrayletleaf="0"/>
  <largest-consumer threadName="main" threadId="0000000002320700" bytes="25138520" />
</allocation-stats>
<gc-op id="679" type="mark" timems="8.454" contextid="676" timestamp="2019-06-17T04:31:56.597">
  <trace-info objectcount="140746" scancount="120157" scanbytes="3044308" />
  <cardclean-info objects="31221" bytes="794840" />
  <remembered-set-cleared processed="67947" cleared="23474" durationms="0.796" />
  <stringconstants candidates="13307" cleared="0"  />
  <warning details="Mark invoked due to insufficient free space for Copy-Forward" />
</gc-op>
<gc-op id="680" type="classunload" timems="0.005" contextid="676" timestamp="2019-06-17T04:31:56.597">
  <classunload-info classloadercandidates="55" classloadersunloaded="0" classesunloaded="0" anonymousclassesunloaded="0" quiescems="0.000" setupms="0.004" scanms="0.000" postms="0.000" />
</gc-op>
<gc-op id="681" type="sweep" timems="0.887" contextid="676" timestamp="2019-06-17T04:31:56.598" />
<gc-op id="682" type="compact" timems="7.510" contextid="676" timestamp="2019-06-17T04:31:56.606">
  <compact-info movecount="98549" movebytes="2531752" />
  <remembered-set-cleared processed="163006" cleared="74060" durationms="0.796" />
</gc-op>
<heap-resize id="683" type="expand" space="default" amount="3145728" count="1" timems="0.075" reason="insufficient free space following gc" timestamp="2019-06-17T04:31:56.606" />
<gc-end id="684" type="partial gc" contextid="676" durationms="19.076" usertimems="24.000" systemtimems="4.000" timestamp="2019-06-17T04:31:56.606" activeThreads="4">
  <mem-info id="685" free="26214400" total="79691776" percent="32">
    <mem type="eden" free="728896" total="2097152" percent="34" />
    <arraylet-primitive objects="1" leaves="1" largest="1" />
    <remembered-set count="83744" freebytes="2846080" totalbytes="3181056" percent="89" regionsoverflowed="0" regionsstable="0" regionsrebuilding="0"/>
  </mem-info>
</gc-end>
<cycle-end id="686" type="partial gc" contextid="676" timestamp="2019-06-17T04:31:56.607" />
  <attribute name="elasticGC enabled" value="1" />
  <attribute name= "numThreadsSpecified" value="4" />
  <attribute name="heapSize specified" value="0" />
  <attribute name="Current GC Util" value="169" />
  <attribute name= "Current Time Running" value="46035" />
  <attribute name ="GC Interval" value="0" />
  <attribute name="ProportionalT" value="223.500000" />
  <attribute name="ProportionalI" value="223.500000" />
  <attribute name="ProportionalH" value="223.500000" />
  <attribute name="Current Error" value="149.000000" />
  <attribute name="IntegralT" value="149.000000" />
  <attribute name="IntegralI" value="149.000000" />
  <attribute name="IntegralH" value="149.000000" />
  <attribute name="DerivativeT" value="223.500000" />
  <attribute name="DerivativeI" value="223.500000" />
  <attribute name="DerivativeH" value="223.500000" />
  <attribute name="Loop Time for DT" value="1.000000" />
  <attribute name="Output H" value="8388608"/>
  <attribute name="Output I" value="600"/>
  <attribute name="Output T" value="4"/>
  <attribute name="Target GC Util Change" value ="20.000000" />
  <attribute name="Current GC Util Change" value="169.000000"/>
  <attribute name="GC Util currently" value="169" />
  <attribute name="CPU Util currently" value="3950942272676" />
<exclusive-end id="687" timestamp="2019-06-17T04:31:56.607" durationms="20.587" />

<exclusive-start id="688" timestamp="2019-06-17T04:31:56.662" intervalms="75.267">
  <response-info timems="0.075" idlems="0.075" threads="0" lastid="0000000002320700" lastname="main" />
</exclusive-start>
<allocation-taxation id="689" taxation-threshold="26214400" timestamp="2019-06-17T04:31:56.662" intervalms="75.262" />
<cycle-start id="690" type="partial gc" contextid="0" timestamp="2019-06-17T04:31:56.662" intervalms="75.239" />
<gc-start id="691" type="partial gc" contextid="690" timestamp="2019-06-17T04:31:56.663">
  <mem-info id="692" free="0" total="79691776" percent="0">
    <mem type="eden" free="0" total="26214400" percent="0" />
    <arraylet-primitive objects="1" leaves="1" largest="1" />
    <remembered-set count="83456" freebytes="2847232" totalbytes="3181056" percent="89" regionsoverflowed="0" regionsstable="0" regionsrebuilding="0"/>
  </mem-info>
</gc-start>
<allocation-stats totalBytes="26183888" >
  <allocated-bytes non-tlh="131080" tlh="26052808" arrayletleaf="0"/>
  <largest-consumer threadName="main" threadId="0000000002320700" bytes="26183888" />
</allocation-stats>
<gc-op id="693" type="mark" timems="8.969" contextid="690" timestamp="2019-06-17T04:31:56.672">
  <trace-info objectcount="142969" scancount="121786" scanbytes="3117124" />
  <cardclean-info objects="22342" bytes="603812" />
  <remembered-set-cleared processed="77047" cleared="22098" durationms="0.719" />
  <stringconstants candidates="13307" cleared="0"  />
  <warning details="Mark invoked due to insufficient free space for Copy-Forward" />
</gc-op>
<gc-op id="694" type="classunload" timems="0.005" contextid="690" timestamp="2019-06-17T04:31:56.673">
  <classunload-info classloadercandidates="55" classloadersunloaded="0" classesunloaded="0" anonymousclassesunloaded="0" quiescems="0.000" setupms="0.005" scanms="0.000" postms="0.000" />
</gc-op>
<gc-op id="695" type="sweep" timems="0.923" contextid="690" timestamp="2019-06-17T04:31:56.674" />
<gc-op id="696" type="compact" timems="8.121" contextid="690" timestamp="2019-06-17T04:31:56.682">
  <compact-info movecount="138047" movebytes="3555144" />
  <remembered-set-cleared processed="184206" cleared="74308" durationms="0.719" />
</gc-op>
<heap-resize id="697" type="expand" space="default" amount="3145728" count="1" timems="0.076" reason="insufficient free space following gc" timestamp="2019-06-17T04:31:56.683" />
<gc-end id="698" type="partial gc" contextid="690" durationms="20.116" usertimems="32.000" systemtimems="0.000" timestamp="2019-06-17T04:31:56.683" activeThreads="4">
  <mem-info id="699" free="27262976" total="82837504" percent="32">
    <mem type="eden" free="556232" total="2097152" percent="26" />
    <arraylet-primitive objects="1" leaves="1" largest="1" />
    <remembered-set count="94976" freebytes="2926720" totalbytes="3306624" percent="88" regionsoverflowed="0" regionsstable="0" regionsrebuilding="0"/>
  </mem-info>
</gc-end>
<cycle-end id="700" type="partial gc" contextid="690" timestamp="2019-06-17T04:31:56.683" />
  <attribute name="elasticGC enabled" value="1" />
  <attribute name= "numThreadsSpecified" value="4" />
  <attribute name="heapSize specified" value="0" />
  <attribute name="Current GC Util" value="175" />
  <attribute name= "Current Time Running" value="46111" />
  <attribute name ="GC Interval" value="0" />
  <attribute name="ProportionalT" value="232.500000" />
  <attribute name="ProportionalI" value="232.500000" />
  <attribute name="ProportionalH" value="232.500000" />
  <attribute name="Current Error" value="155.000000" />
  <attribute name="IntegralT" value="155.000000" />
  <attribute name="IntegralI" value="155.000000" />
  <attribute name="IntegralH" value="155.000000" />
  <attribute name="DerivativeT" value="232.500000" />
  <attribute name="DerivativeI" value="232.500000" />
  <attribute name="DerivativeH" value="232.500000" />
  <attribute name="Loop Time for DT" value="1.000000" />
  <attribute name="Output H" value="8388608"/>
  <attribute name="Output I" value="624"/>
  <attribute name="Output T" value="4"/>
  <attribute name="Target GC Util Change" value ="20.000000" />
  <attribute name="Current GC Util Change" value="175.000000"/>
  <attribute name="GC Util currently" value="175" />
  <attribute name="CPU Util currently" value="3968690651501" />
<exclusive-end id="701" timestamp="2019-06-17T04:31:56.683" durationms="21.556" />

<exclusive-start id="702" timestamp="2019-06-17T04:31:56.748" intervalms="86.424">
  <response-info timems="0.052" idlems="0.052" threads="0" lastid="0000000002320700" lastname="main" />
</exclusive-start>
<allocation-taxation id="703" taxation-threshold="27262976" timestamp="2019-06-17T04:31:56.748" intervalms="86.342" />
<cycle-start id="704" type="partial gc" contextid="0" timestamp="2019-06-17T04:31:56.749" intervalms="86.321" />
<gc-start id="705" type="partial gc" contextid="704" timestamp="2019-06-17T04:31:56.749">
  <mem-info id="706" free="0" total="82837504" percent="0">
    <mem type="eden" free="0" total="27262976" percent="0" />
    <arraylet-primitive objects="2" leaves="2" largest="1" />
    <remembered-set count="94528" freebytes="2928512" totalbytes="3306624" percent="88" regionsoverflowed="0" regionsstable="0" regionsrebuilding="0"/>
  </mem-info>
</gc-start>
<allocation-stats totalBytes="27243280" >
  <allocated-bytes non-tlh="760960" tlh="25433744" arrayletleaf="1048576"/>
  <largest-consumer threadName="main" threadId="0000000002320700" bytes="27243280" />
</allocation-stats>
<gc-op id="707" type="mark" timems="9.010" contextid="704" timestamp="2019-06-17T04:31:56.759">
  <trace-info objectcount="151954" scancount="129622" scanbytes="3292012" />
  <cardclean-info objects="21471" bytes="589000" />
  <remembered-set-cleared processed="88602" cleared="23884" durationms="0.786" />
  <finalization candidates="1" enqueued="1" />
  <references type="weak" candidates="8" cleared="0" enqueued="0" />
  <stringconstants candidates="13307" cleared="0"  />
  <warning details="Mark invoked due to insufficient free space for Copy-Forward" />
</gc-op>
<gc-op id="708" type="classunload" timems="0.006" contextid="704" timestamp="2019-06-17T04:31:56.759">
  <classunload-info classloadercandidates="55" classloadersunloaded="0" classesunloaded="0" anonymousclassesunloaded="0" quiescems="0.000" setupms="0.006" scanms="0.000" postms="0.000" />
</gc-op>
<gc-op id="709" type="sweep" timems="0.901" contextid="704" timestamp="2019-06-17T04:31:56.760" />
<gc-op id="710" type="compact" timems="8.281" contextid="704" timestamp="2019-06-17T04:31:56.769">
  <compact-info movecount="103872" movebytes="2879592" />
  <remembered-set-cleared processed="209521" cleared="80044" durationms="0.786" />
</gc-op>
<heap-resize id="711" type="expand" space="default" amount="3145728" count="1" timems="0.068" reason="insufficient free space following gc" timestamp="2019-06-17T04:31:56.769" />
<gc-end id="712" type="partial gc" contextid="704" durationms="20.513" usertimems="32.000" systemtimems="0.000" timestamp="2019-06-17T04:31:56.769" activeThreads="4">
  <mem-info id="713" free="27262976" total="85983232" percent="31">
    <mem type="eden" free="591992" total="3145728" percent="18" />
    <arraylet-primitive objects="2" leaves="2" largest="1" />
    <pending-finalizers system="0" default="1" reference="0" classloader="0" />
    <remembered-set count="104064" freebytes="3015936" totalbytes="3432192" percent="87" regionsoverflowed="0" regionsstable="0" regionsrebuilding="0"/>
  </mem-info>
</gc-end>
<cycle-end id="714" type="partial gc" contextid="704" timestamp="2019-06-17T04:31:56.770" />
  <attribute name="elasticGC enabled" value="1" />
  <attribute name= "numThreadsSpecified" value="4" />
  <attribute name="heapSize specified" value="0" />
  <attribute name="Current GC Util" value="163" />
  <attribute name= "Current Time Running" value="46198" />
  <attribute name ="GC Interval" value="0" />
  <attribute name="ProportionalT" value="214.500000" />
  <attribute name="ProportionalI" value="214.500000" />
  <attribute name="ProportionalH" value="214.500000" />
  <attribute name="Current Error" value="143.000000" />
  <attribute name="IntegralT" value="286.000000" />
  <attribute name="IntegralI" value="286.000000" />
  <attribute name="IntegralH" value="286.000000" />
  <attribute name="DerivativeT" value="107.250000" />
  <attribute name="DerivativeI" value="107.250000" />
  <attribute name="DerivativeH" value="107.250000" />
  <attribute name="Loop Time for DT" value="2.000000" />
  <attribute name="Output H" value="8388608"/>
  <attribute name="Output I" value="608"/>
  <attribute name="Output T" value="4"/>
  <attribute name="Target GC Util Change" value ="20.000000" />
  <attribute name="Current GC Util Change" value="163.000000"/>
  <attribute name="GC Util currently" value="163" />
  <attribute name="CPU Util currently" value="3792196197627" />
<exclusive-end id="715" timestamp="2019-06-17T04:31:56.770" durationms="21.892" />

<exclusive-start id="716" timestamp="2019-06-17T04:31:56.850" intervalms="102.231">
  <response-info timems="0.078" idlems="0.078" threads="0" lastid="0000000002320700" lastname="main" />
</exclusive-start>
<allocation-taxation id="717" taxation-threshold="27262976" timestamp="2019-06-17T04:31:56.851" intervalms="102.264" />
<cycle-start id="718" type="partial gc" contextid="0" timestamp="2019-06-17T04:31:56.851" intervalms="102.321" />
<gc-start id="719" type="partial gc" contextid="718" timestamp="2019-06-17T04:31:56.851">
  <mem-info id="720" free="0" total="85983232" percent="0">
    <mem type="eden" free="0" total="27262976" percent="0" />
    <arraylet-primitive objects="2" leaves="2" largest="1" />
    <remembered-set count="103872" freebytes="3016704" totalbytes="3432192" percent="87" regionsoverflowed="0" regionsstable="0" regionsrebuilding="0"/>
  </mem-info>
</gc-start>
<allocation-stats totalBytes="27259864" >
  <allocated-bytes non-tlh="131080" tlh="27128784" arrayletleaf="0"/>
  <largest-consumer threadName="main" threadId="0000000002320700" bytes="27259864" />
</allocation-stats>
<gc-op id="721" type="mark" timems="10.383" contextid="718" timestamp="2019-06-17T04:31:56.862">
  <trace-info objectcount="163088" scancount="149074" scanbytes="3775512" />
  <cardclean-info objects="15358" bytes="482584" />
  <remembered-set-cleared processed="98060" cleared="22154" durationms="0.892" />
  <references type="weak" candidates="8" cleared="0" enqueued="0" />
  <stringconstants candidates="13307" cleared="0"  />
  <warning details="Mark invoked due to insufficient free space for Copy-Forward" />
</gc-op>
<gc-op id="722" type="classunload" timems="0.006" contextid="718" timestamp="2019-06-17T04:31:56.862">
  <classunload-info classloadercandidates="55" classloadersunloaded="0" classesunloaded="0" anonymousclassesunloaded="0" quiescems="0.000" setupms="0.006" scanms="0.000" postms="0.000" />
</gc-op>
<gc-op id="723" type="sweep" timems="0.647" contextid="718" timestamp="2019-06-17T04:31:56.863" />
<gc-op id="724" type="compact" timems="17.587" contextid="718" timestamp="2019-06-17T04:31:56.881">
  <compact-info movecount="162777" movebytes="4152736" />
  <remembered-set-cleared processed="240260" cleared="88448" durationms="0.892" />
</gc-op>
<heap-resize id="725" type="expand" space="default" amount="4194304" count="1" timems="0.076" reason="insufficient free space following gc" timestamp="2019-06-17T04:31:56.881" />
<gc-end id="726" type="partial gc" contextid="718" durationms="30.409" usertimems="32.000" systemtimems="0.000" timestamp="2019-06-17T04:31:56.882" activeThreads="1">
  <mem-info id="727" free="29360128" total="90177536" percent="32">
    <mem type="eden" free="453120" total="2097152" percent="21" />
    <arraylet-primitive objects="2" leaves="2" largest="1" />
    <remembered-set count="110496" freebytes="3157632" totalbytes="3599616" percent="87" regionsoverflowed="0" regionsstable="0" regionsrebuilding="0"/>
  </mem-info>
</gc-end>
<cycle-end id="728" type="partial gc" contextid="718" timestamp="2019-06-17T04:31:56.882" />
  <attribute name="elasticGC enabled" value="1" />
  <attribute name= "numThreadsSpecified" value="1" />
  <attribute name="heapSize specified" value="0" />
  <attribute name="Current GC Util" value="71" />
  <attribute name= "Current Time Running" value="46300" />
  <attribute name ="GC Interval" value="0" />
  <attribute name="ProportionalT" value="76.500000" />
  <attribute name="ProportionalI" value="76.500000" />
  <attribute name="ProportionalH" value="76.500000" />
  <attribute name="Current Error" value="51.000000" />
  <attribute name="IntegralT" value="0.000000" />
  <attribute name="IntegralI" value="0.000000" />
  <attribute name="IntegralH" value="0.000000" />
  <attribute name="DerivativeT" value="inf" />
  <attribute name="DerivativeI" value="inf" />
  <attribute name="DerivativeH" value="inf" />
  <attribute name="Loop Time for DT" value="0.000000" />
  <attribute name="Output H" value="8388608"/>
  <attribute name="Output I" value="200"/>
  <attribute name="Output T" value="1"/>
  <attribute name="Target GC Util Change" value ="20.000000" />
  <attribute name="Current GC Util Change" value="71.000000"/>
  <attribute name="GC Util currently" value="71" />
  <attribute name="CPU Util currently" value="5364764871885" />
<exclusive-end id="729" timestamp="2019-06-17T04:31:56.882" durationms="31.762" />

<exclusive-start id="730" timestamp="2019-06-17T04:31:57.097" intervalms="246.757">
  <response-info timems="0.086" idlems="0.086" threads="0" lastid="0000000002320700" lastname="main" />
</exclusive-start>
<allocation-taxation id="731" taxation-threshold="29360128" timestamp="2019-06-17T04:31:57.097" intervalms="246.727" />
<cycle-start id="732" type="partial gc" contextid="0" timestamp="2019-06-17T04:31:57.097" intervalms="246.551" />
<gc-start id="733" type="partial gc" contextid="732" timestamp="2019-06-17T04:31:57.098">
  <mem-info id="734" free="0" total="90177536" percent="0">
    <mem type="eden" free="0" total="29360128" percent="0" />
    <arraylet-primitive objects="2" leaves="2" largest="1" />
    <remembered-set count="110240" freebytes="3158656" totalbytes="3599616" percent="87" regionsoverflowed="0" regionsstable="0" regionsrebuilding="0"/>
  </mem-info>
</gc-start>
<allocation-stats totalBytes="29358376" >
  <allocated-bytes non-tlh="18296" tlh="29340080" arrayletleaf="0"/>
  <largest-consumer threadName="main" threadId="0000000002320700" bytes="29358376" />
</allocation-stats>
<gc-op id="735" type="mark" timems="9.200" contextid="732" timestamp="2019-06-17T04:31:57.107">
  <trace-info objectcount="169264" scancount="156778" scanbytes="4006216" />
  <cardclean-info objects="19782" bytes="617912" />
  <remembered-set-cleared processed="104168" cleared="29717" durationms="0.912" />
  <references type="soft" candidates="2139" cleared="0" enqueued="0" dynamicThreshold="10" maxThreshold="32" />
  <references type="weak" candidates="82" cleared="4" enqueued="3" />
  <stringconstants candidates="13766" cleared="5"  />
  <warning details="Mark invoked due to insufficient free space for Copy-Forward" />
</gc-op>
<gc-op id="736" type="classunload" timems="0.006" contextid="732" timestamp="2019-06-17T04:31:57.107">
  <classunload-info classloadercandidates="55" classloadersunloaded="0" classesunloaded="0" anonymousclassesunloaded="0" quiescems="0.000" setupms="0.006" scanms="0.000" postms="0.000" />
</gc-op>
<gc-op id="737" type="sweep" timems="0.552" contextid="732" timestamp="2019-06-17T04:31:57.108" />
<gc-op id="738" type="compact" timems="15.241" contextid="732" timestamp="2019-06-17T04:31:57.124">
  <compact-info movecount="128872" movebytes="3081384" />
  <remembered-set-cleared processed="229553" cleared="80565" durationms="0.912" />
</gc-op>
<heap-resize id="739" type="expand" space="default" amount="15728640" count="1" timems="0.130" reason="excessive time being spent in gc" timestamp="2019-06-17T04:31:57.124" />
<gc-end id="740" type="partial gc" contextid="732" durationms="26.352" usertimems="20.000" systemtimems="8.000" timestamp="2019-06-17T04:31:57.124" activeThreads="1">
  <mem-info id="741" free="44040192" total="105906176" percent="41">
    <mem type="eden" free="592928" total="1048576" percent="56" />
    <arraylet-primitive objects="2" leaves="2" largest="1" />
    <pending-finalizers system="0" default="0" reference="3" classloader="0" />
    <remembered-set count="113792" freebytes="3772288" totalbytes="4227456" percent="89" regionsoverflowed="0" regionsstable="0" regionsrebuilding="0"/>
  </mem-info>
</gc-end>
<cycle-end id="742" type="partial gc" contextid="732" timestamp="2019-06-17T04:31:57.124" />
  <attribute name="elasticGC enabled" value="1" />
  <attribute name= "numThreadsSpecified" value="1" />
  <attribute name="heapSize specified" value="0" />
  <attribute name="Current GC Util" value="43" />
  <attribute name= "Current Time Running" value="46545" />
  <attribute name ="GC Interval" value="0" />
  <attribute name="ProportionalT" value="34.500000" />
  <attribute name="ProportionalI" value="34.500000" />
  <attribute name="ProportionalH" value="34.500000" />
  <attribute name="Current Error" value="23.000000" />
  <attribute name="IntegralT" value="0.000000" />
  <attribute name="IntegralI" value="0.000000" />
  <attribute name="IntegralH" value="0.000000" />
  <attribute name="DerivativeT" value="inf" />
  <attribute name="DerivativeI" value="inf" />
  <attribute name="DerivativeH" value="inf" />
  <attribute name="Loop Time for DT" value="0.000000" />
  <attribute name="Output H" value="8388608"/>
  <attribute name="Output I" value="200"/>
  <attribute name="Output T" value="1"/>
  <attribute name="Target GC Util Change" value ="20.000000" />
  <attribute name="Current GC Util Change" value="43.000000"/>
  <attribute name="GC Util currently" value="43" />
  <attribute name="CPU Util currently" value="5852430538565" />
<exclusive-end id="743" timestamp="2019-06-17T04:31:57.124" durationms="27.332" />

<exclusive-start id="744" timestamp="2019-06-17T04:31:58.792" intervalms="1694.929">
  <response-info timems="0.153" idlems="0.153" threads="0" lastid="0000000002320700" lastname="main" />
</exclusive-start>
<allocation-taxation id="745" taxation-threshold="32505856" timestamp="2019-06-17T04:31:58.792" intervalms="1694.963" />
<cycle-start id="746" type="partial gc" contextid="0" timestamp="2019-06-17T04:31:58.792" intervalms="1695.067" />
<gc-start id="747" type="partial gc" contextid="746" timestamp="2019-06-17T04:31:58.793">
  <mem-info id="748" free="11534336" total="105906176" percent="10">
    <mem type="eden" free="0" total="32505856" percent="0" />
    <arraylet-primitive objects="2" leaves="2" largest="1" />
    <remembered-set count="113536" freebytes="3773312" totalbytes="4227456" percent="89" regionsoverflowed="0" regionsstable="0" regionsrebuilding="0"/>
  </mem-info>
</gc-start>
<allocation-stats totalBytes="32498104" >
  <allocated-bytes non-tlh="64" tlh="32498040" arrayletleaf="0"/>
  <largest-consumer threadName="main" threadId="0000000002320700" bytes="32498104" />
</allocation-stats>
<gc-op id="749" type="copy forward" timems="4.515" contextid="746" timestamp="2019-06-17T04:31:58.798">
  <memory-copied type="eden" objects="82" bytes="3208" bytesdiscarded="0" />
  <memory-copied type="other" objects="65414" bytes="1655224" bytesdiscarded="81616" />
  <memory-cardclean objects="13261" bytes="789248" />
  <regions eden="31" other="3" />
  <remembered-set-cleared processed="106778" cleared="14735" durationms="0.416" />
  <references type="soft" candidates="2140" cleared="0" enqueued="0" dynamicThreshold="13" maxThreshold="32" />
  <references type="weak" candidates="78" cleared="0" enqueued="0" />
  <stringconstants candidates="13762" cleared="0"  />
</gc-op>
<gc-op id="750" type="classunload" timems="0.006" contextid="746" timestamp="2019-06-17T04:31:58.798">
  <classunload-info classloadercandidates="55" classloadersunloaded="0" classesunloaded="0" anonymousclassesunloaded="0" quiescems="0.000" setupms="0.006" scanms="0.000" postms="0.000" />
</gc-op>
<gc-end id="751" type="partial gc" contextid="746" durationms="5.668" usertimems="16.000" systemtimems="0.000" timestamp="2019-06-17T04:31:58.799" activeThreads="4">
  <mem-info id="752" free="45088768" total="105906176" percent="42">
    <mem type="eden" free="1045368" total="1048576" percent="99" />
    <arraylet-primitive objects="1" leaves="1" largest="1" />
    <remembered-set count="106592" freebytes="3801088" totalbytes="4227456" percent="89" regionsoverflowed="0" regionsstable="0" regionsrebuilding="0"/>
  </mem-info>
</gc-end>
<cycle-end id="753" type="partial gc" contextid="746" timestamp="2019-06-17T04:31:58.799" />
  <attribute name="elasticGC enabled" value="1" />
  <attribute name= "numThreadsSpecified" value="4" />
  <attribute name="heapSize specified" value="0" />
  <attribute name="Current GC Util" value="60" />
  <attribute name= "Current Time Running" value="48231" />
  <attribute name ="GC Interval" value="0" />
  <attribute name="ProportionalT" value="60.000000" />
  <attribute name="ProportionalI" value="60.000000" />
  <attribute name="ProportionalH" value="60.000000" />
  <attribute name="Current Error" value="40.000000" />
  <attribute name="IntegralT" value="40.000000" />
  <attribute name="IntegralI" value="40.000000" />
  <attribute name="IntegralH" value="40.000000" />
  <attribute name="DerivativeT" value="60.000000" />
  <attribute name="DerivativeI" value="60.000000" />
  <attribute name="DerivativeH" value="60.000000" />
  <attribute name="Loop Time for DT" value="1.000000" />
  <attribute name="Output H" value="8388608"/>
  <attribute name="Output I" value="200"/>
  <attribute name="Output T" value="4"/>
  <attribute name="Target GC Util Change" value ="20.000000" />
  <attribute name="Current GC Util Change" value="60.000000"/>
  <attribute name="GC Util currently" value="60" />
  <attribute name="CPU Util currently" value="16756666611838" />
<exclusive-end id="754" timestamp="2019-06-17T04:31:58.799" durationms="6.805" />

<exclusive-start id="755" timestamp="2019-06-17T04:31:58.824" intervalms="32.322">
  <response-info timems="0.063" idlems="0.063" threads="0" lastid="0000000002320700" lastname="main" />
</exclusive-start>
<allocation-taxation id="756" taxation-threshold="32505856" timestamp="2019-06-17T04:31:58.825" intervalms="32.309" />
<cycle-start id="757" type="partial gc" contextid="0" timestamp="2019-06-17T04:31:58.825" intervalms="32.264" />
<gc-start id="758" type="partial gc" contextid="757" timestamp="2019-06-17T04:31:58.825">
  <mem-info id="759" free="12582912" total="105906176" percent="11">
    <mem type="eden" free="0" total="32505856" percent="0" />
    <arraylet-primitive objects="1" leaves="1" largest="1" />
    <remembered-set count="106240" freebytes="3802496" totalbytes="4227456" percent="89" regionsoverflowed="0" regionsstable="0" regionsrebuilding="0"/>
  </mem-info>
</gc-start>
<allocation-stats totalBytes="32384352" >
  <allocated-bytes non-tlh="0" tlh="32384352" arrayletleaf="0"/>
  <largest-consumer threadName="main" threadId="0000000002320700" bytes="32384352" />
</allocation-stats>
<gc-op id="760" type="copy forward" timems="3.972" contextid="757" timestamp="2019-06-17T04:31:58.830">
  <memory-copied type="eden" objects="1" bytes="32" bytesdiscarded="0" />
  <memory-copied type="other" objects="76847" bytes="1940088" bytesdiscarded="20704" />
  <memory-cardclean objects="7473" bytes="487280" />
  <regions eden="31" other="3" />
  <remembered-set-cleared processed="100516" cleared="12637" durationms="0.415" />
  <references type="weak" candidates="8" cleared="0" enqueued="0" />
  <stringconstants candidates="13762" cleared="0"  />
</gc-op>
<gc-op id="761" type="classunload" timems="0.005" contextid="757" timestamp="2019-06-17T04:31:58.830">
  <classunload-info classloadercandidates="55" classloadersunloaded="0" classesunloaded="0" anonymousclassesunloaded="0" quiescems="0.000" setupms="0.004" scanms="0.000" postms="0.000" />
</gc-op>
<gc-end id="762" type="partial gc" contextid="757" durationms="5.019" usertimems="12.000" systemtimems="0.000" timestamp="2019-06-17T04:31:58.830" activeThreads="4">
  <mem-info id="763" free="45088768" total="105906176" percent="42">
    <mem type="eden" free="1048544" total="1048576" percent="99" />
    <remembered-set count="100128" freebytes="3826944" totalbytes="4227456" percent="90" regionsoverflowed="0" regionsstable="0" regionsrebuilding="0"/>
  </mem-info>
</gc-end>
<cycle-end id="764" type="partial gc" contextid="757" timestamp="2019-06-17T04:31:58.830" />
  <attribute name="elasticGC enabled" value="1" />
  <attribute name= "numThreadsSpecified" value="4" />
  <attribute name="heapSize specified" value="0" />
  <attribute name="Current GC Util" value="57" />
  <attribute name= "Current Time Running" value="48263" />
  <attribute name ="GC Interval" value="0" />
  <attribute name="ProportionalT" value="55.500000" />
  <attribute name="ProportionalI" value="55.500000" />
  <attribute name="ProportionalH" value="55.500000" />
  <attribute name="Current Error" value="37.000000" />
  <attribute name="IntegralT" value="37.000000" />
  <attribute name="IntegralI" value="37.000000" />
  <attribute name="IntegralH" value="37.000000" />
  <attribute name="DerivativeT" value="33.000000" />
  <attribute name="DerivativeI" value="33.000000" />
  <attribute name="DerivativeH" value="33.000000" />
  <attribute name="Loop Time for DT" value="1.000000" />
  <attribute name="Output H" value="8388608"/>
  <attribute name="Output I" value="200"/>
  <attribute name="Output T" value="4"/>
  <attribute name="Target GC Util Change" value ="20.000000" />
  <attribute name="Current GC Util Change" value="57.000000"/>
  <attribute name="GC Util currently" value="57" />
  <attribute name="CPU Util currently" value="18651387023571" />
<exclusive-end id="765" timestamp="2019-06-17T04:31:58.830" durationms="6.010" />

<exclusive-start id="766" timestamp="2019-06-17T04:31:58.857" intervalms="32.209">
  <response-info timems="0.043" idlems="0.043" threads="0" lastid="0000000002320700" lastname="main" />
</exclusive-start>
<allocation-taxation id="767" taxation-threshold="32505856" timestamp="2019-06-17T04:31:58.857" intervalms="32.184" />
<cycle-start id="768" type="partial gc" contextid="0" timestamp="2019-06-17T04:31:58.857" intervalms="32.158" />
<gc-start id="769" type="partial gc" contextid="768" timestamp="2019-06-17T04:31:58.857">
  <mem-info id="770" free="12582912" total="105906176" percent="11">
    <mem type="eden" free="1048544" total="33554432" percent="3" />
    <remembered-set count="99872" freebytes="3827968" totalbytes="4227456" percent="90" regionsoverflowed="0" regionsstable="0" regionsrebuilding="0"/>
  </mem-info>
</gc-start>
<allocation-stats totalBytes="32388264" >
  <allocated-bytes non-tlh="0" tlh="32388264" arrayletleaf="0"/>
  <largest-consumer threadName="main" threadId="0000000002320700" bytes="32388264" />
</allocation-stats>
<gc-op id="771" type="copy forward" timems="3.600" contextid="768" timestamp="2019-06-17T04:31:58.861">
  <memory-copied type="eden" objects="2" bytes="56" bytesdiscarded="0" />
  <memory-copied type="other" objects="63892" bytes="1654392" bytesdiscarded="52120" />
  <memory-cardclean objects="6419" bytes="427568" />
  <regions eden="31" other="3" />
  <remembered-set-cleared processed="95115" cleared="6405" durationms="0.354" />
  <finalization candidates="1" enqueued="0" />
  <references type="soft" candidates="1" cleared="0" enqueued="0" dynamicThreshold="13" maxThreshold="32" />
  <references type="weak" candidates="41" cleared="0" enqueued="0" />
  <references type="phantom" candidates="2" cleared="0" enqueued="0" />
  <stringconstants candidates="13762" cleared="0"  />
</gc-op>
<gc-op id="772" type="classunload" timems="0.006" contextid="768" timestamp="2019-06-17T04:31:58.861">
  <classunload-info classloadercandidates="55" classloadersunloaded="0" classesunloaded="0" anonymousclassesunloaded="0" quiescems="0.000" setupms="0.006" scanms="0.000" postms="0.000" />
</gc-op>
<heap-resize id="773" type="contract" space="default" amount="6291456" count="1" timems="0.106" reason="insufficient time being spent in gc" timestamp="2019-06-17T04:31:58.862" />
<gc-end id="774" type="partial gc" contextid="768" durationms="4.659" usertimems="12.000" systemtimems="0.000" timestamp="2019-06-17T04:31:58.862" activeThreads="4">
  <mem-info id="775" free="38797312" total="99614720" percent="38">
    <mem type="eden" free="1048520" total="1048576" percent="99" />
    <remembered-set count="98432" freebytes="3833728" totalbytes="4227456" percent="90" regionsoverflowed="0" regionsstable="0" regionsrebuilding="0"/>
  </mem-info>
</gc-end>
<cycle-end id="776" type="partial gc" contextid="768" timestamp="2019-06-17T04:31:58.862" />
  <attribute name="elasticGC enabled" value="1" />
  <attribute name= "numThreadsSpecified" value="4" />
  <attribute name="heapSize specified" value="0" />
  <attribute name="Current GC Util" value="50" />
  <attribute name= "Current Time Running" value="48295" />
  <attribute name ="GC Interval" value="0" />
  <attribute name="ProportionalT" value="45.000000" />
  <attribute name="ProportionalI" value="45.000000" />
  <attribute name="ProportionalH" value="45.000000" />
  <attribute name="Current Error" value="30.000000" />
  <attribute name="IntegralT" value="30.000000" />
  <attribute name="IntegralI" value="30.000000" />
  <attribute name="IntegralH" value="30.000000" />
  <attribute name="DerivativeT" value="27.000000" />
  <attribute name="DerivativeI" value="27.000000" />
  <attribute name="DerivativeH" value="27.000000" />
  <attribute name="Loop Time for DT" value="1.000000" />
  <attribute name="Output H" value="8388608"/>
  <attribute name="Output I" value="200"/>
  <attribute name="Output T" value="4"/>
  <attribute name="Target GC Util Change" value ="20.000000" />
  <attribute name="Current GC Util Change" value="50.000000"/>
  <attribute name="GC Util currently" value="50" />
  <attribute name="CPU Util currently" value="18157673836625" />
<exclusive-end id="777" timestamp="2019-06-17T04:31:58.862" durationms="5.542" />

<exclusive-start id="778" timestamp="2019-06-17T04:31:58.887" intervalms="30.216">
  <response-info timems="0.031" idlems="0.031" threads="0" lastid="0000000002320700" lastname="main" />
</exclusive-start>
<allocation-taxation id="779" taxation-threshold="31457280" timestamp="2019-06-17T04:31:58.887" intervalms="30.208" />
<cycle-start id="780" type="partial gc" contextid="0" timestamp="2019-06-17T04:31:58.887" intervalms="30.205" />
<gc-start id="781" type="partial gc" contextid="780" timestamp="2019-06-17T04:31:58.887">
  <mem-info id="782" free="7340032" total="99614720" percent="7">
    <mem type="eden" free="1048520" total="32505856" percent="3" />
    <remembered-set count="98240" freebytes="3834496" totalbytes="4227456" percent="90" regionsoverflowed="0" regionsstable="0" regionsrebuilding="0"/>
  </mem-info>
</gc-start>
<allocation-stats totalBytes="31351808" >
  <allocated-bytes non-tlh="0" tlh="31351808" arrayletleaf="0"/>
  <largest-consumer threadName="main" threadId="0000000002320700" bytes="31351808" />
</allocation-stats>
<gc-op id="783" type="copy forward" timems="8.751" contextid="780" timestamp="2019-06-17T04:31:58.897">
  <memory-copied type="eden" objects="2" bytes="56" bytesdiscarded="0" />
  <memory-copied type="other" objects="53674" bytes="1502232" bytesdiscarded="240" />
  <memory-cardclean objects="38978" bytes="1555328" />
  <regions eden="30" other="3" />
  <remembered-set-cleared processed="88331" cleared="20796" durationms="0.820" />
  <references type="soft" candidates="2139" cleared="0" enqueued="0" dynamicThreshold="12" maxThreshold="32" />
  <references type="weak" candidates="78" cleared="0" enqueued="0" />
  <stringconstants candidates="13762" cleared="0"  />
</gc-op>
<gc-op id="784" type="classunload" timems="0.005" contextid="780" timestamp="2019-06-17T04:31:58.897">
  <classunload-info classloadercandidates="55" classloadersunloaded="0" classesunloaded="0" anonymousclassesunloaded="0" quiescems="0.000" setupms="0.004" scanms="0.000" postms="0.000" />
</gc-op>
<heap-resize id="785" type="expand" space="default" amount="17825792" count="1" timems="0.131" reason="excessive time being spent in gc" timestamp="2019-06-17T04:31:58.898" />
<gc-end id="786" type="partial gc" contextid="780" durationms="10.401" usertimems="8.000" systemtimems="0.000" timestamp="2019-06-17T04:31:58.898" activeThreads="1">
  <mem-info id="787" free="56623104" total="117440512" percent="48">
    <mem type="eden" free="1048520" total="1048576" percent="99" />
    <remembered-set count="92736" freebytes="4316928" totalbytes="4687872" percent="92" regionsoverflowed="0" regionsstable="0" regionsrebuilding="0"/>
  </mem-info>
</gc-end>
<cycle-end id="788" type="partial gc" contextid="780" timestamp="2019-06-17T04:31:58.898" />
  <attribute name="elasticGC enabled" value="1" />
  <attribute name= "numThreadsSpecified" value="1" />
  <attribute name="heapSize specified" value="0" />
  <attribute name="Current GC Util" value="39" />
  <attribute name= "Current Time Running" value="48325" />
  <attribute name ="GC Interval" value="0" />
  <attribute name="ProportionalT" value="28.500000" />
  <attribute name="ProportionalI" value="28.500000" />
  <attribute name="ProportionalH" value="28.500000" />
  <attribute name="Current Error" value="19.000000" />
  <attribute name="IntegralT" value="0.000000" />
  <attribute name="IntegralI" value="0.000000" />
  <attribute name="IntegralH" value="0.000000" />
  <attribute name="DerivativeT" value="inf" />
  <attribute name="DerivativeI" value="inf" />
  <attribute name="DerivativeH" value="inf" />
  <attribute name="Loop Time for DT" value="0.000000" />
  <attribute name="Output H" value="8388608"/>
  <attribute name="Output I" value="200"/>
  <attribute name="Output T" value="1"/>
  <attribute name="Target GC Util Change" value ="20.000000" />
  <attribute name="Current GC Util Change" value="39.000000"/>
  <attribute name="GC Util currently" value="39" />
  <attribute name="CPU Util currently" value="8987013545328" />
<exclusive-end id="789" timestamp="2019-06-17T04:31:58.898" durationms="11.404" />

<exclusive-start id="790" timestamp="2019-06-17T04:31:58.916" intervalms="28.964">
  <response-info timems="0.080" idlems="0.080" threads="0" lastid="0000000002320700" lastname="main" />
</exclusive-start>
<allocation-taxation id="791" taxation-threshold="35651584" timestamp="2019-06-17T04:31:58.916" intervalms="29.034" />
<cycle-start id="792" type="partial gc" contextid="0" timestamp="2019-06-17T04:31:58.916" intervalms="29.118" />
<gc-start id="793" type="partial gc" contextid="792" timestamp="2019-06-17T04:31:58.917">
  <mem-info id="794" free="20971520" total="117440512" percent="17">
    <mem type="eden" free="1048520" total="36700160" percent="2" />
    <remembered-set count="92288" freebytes="4318720" totalbytes="4687872" percent="92" regionsoverflowed="0" regionsstable="0" regionsrebuilding="0"/>
  </mem-info>
</gc-start>
<allocation-stats totalBytes="35532408" >
  <allocated-bytes non-tlh="0" tlh="35532408" arrayletleaf="0"/>
  <largest-consumer threadName="main" threadId="0000000002320700" bytes="35532408" />
</allocation-stats>
<gc-op id="795" type="copy forward" timems="11.454" contextid="792" timestamp="2019-06-17T04:31:58.929">
  <memory-copied type="eden" objects="2" bytes="56" bytesdiscarded="0" />
  <memory-copied type="other" objects="117742" bytes="2983776" bytesdiscarded="512" />
  <memory-cardclean objects="17905" bytes="747336" />
  <regions eden="34" other="4" />
  <remembered-set-cleared processed="87378" cleared="17396" durationms="0.802" />
  <references type="weak" candidates="8" cleared="0" enqueued="0" />
  <stringconstants candidates="13762" cleared="0"  />
</gc-op>
<gc-op id="796" type="classunload" timems="0.005" contextid="792" timestamp="2019-06-17T04:31:58.929">
  <classunload-info classloadercandidates="55" classloadersunloaded="0" classesunloaded="0" anonymousclassesunloaded="0" quiescems="0.000" setupms="0.005" scanms="0.000" postms="0.000" />
</gc-op>
<heap-resize id="797" type="expand" space="default" amount="20971520" count="1" timems="0.159" reason="excessive time being spent in gc" timestamp="2019-06-17T04:31:58.929" />
<gc-end id="798" type="partial gc" contextid="792" durationms="12.722" usertimems="12.000" systemtimems="0.000" timestamp="2019-06-17T04:31:58.929" activeThreads="1">
  <mem-info id="799" free="77594624" total="138412032" percent="56">
    <mem type="eden" free="1048520" total="1048576" percent="99" />
    <remembered-set count="85856" freebytes="5181568" totalbytes="5524992" percent="93" regionsoverflowed="0" regionsstable="0" regionsrebuilding="0"/>
  </mem-info>
</gc-end>
<cycle-end id="800" type="partial gc" contextid="792" timestamp="2019-06-17T04:31:58.929" />
  <attribute name="elasticGC enabled" value="1" />
  <attribute name= "numThreadsSpecified" value="1" />
  <attribute name="heapSize specified" value="0" />
  <attribute name="Current GC Util" value="54" />
  <attribute name= "Current Time Running" value="48354" />
  <attribute name ="GC Interval" value="0" />
  <attribute name="ProportionalT" value="51.000000" />
  <attribute name="ProportionalI" value="51.000000" />
  <attribute name="ProportionalH" value="51.000000" />
  <attribute name="Current Error" value="34.000000" />
  <attribute name="IntegralT" value="0.000000" />
  <attribute name="IntegralI" value="0.000000" />
  <attribute name="IntegralH" value="0.000000" />
  <attribute name="DerivativeT" value="inf" />
  <attribute name="DerivativeI" value="inf" />
  <attribute name="DerivativeH" value="inf" />
  <attribute name="Loop Time for DT" value="0.000000" />
  <attribute name="Output H" value="8388608"/>
  <attribute name="Output I" value="200"/>
  <attribute name="Output T" value="1"/>
  <attribute name="Target GC Util Change" value ="20.000000" />
  <attribute name="Current GC Util Change" value="54.000000"/>
  <attribute name="GC Util currently" value="54" />
  <attribute name="CPU Util currently" value="15652997082773" />
<exclusive-end id="801" timestamp="2019-06-17T04:31:58.930" durationms="13.870" />

<exclusive-start id="802" timestamp="2019-06-17T04:31:58.950" intervalms="33.880">
  <response-info timems="0.235" idlems="0.235" threads="0" lastid="0000000002320700" lastname="main" />
</exclusive-start>
<allocation-taxation id="803" taxation-threshold="40894464" timestamp="2019-06-17T04:31:58.950" intervalms="33.917" />
<cycle-start id="804" type="partial gc" contextid="0" timestamp="2019-06-17T04:31:58.950" intervalms="33.971" />
<gc-start id="805" type="partial gc" contextid="804" timestamp="2019-06-17T04:31:58.951">
  <mem-info id="806" free="36700160" total="138412032" percent="26">
    <mem type="eden" free="1048520" total="41943040" percent="2" />
    <remembered-set count="85536" freebytes="5182848" totalbytes="5524992" percent="93" regionsoverflowed="0" regionsstable="0" regionsrebuilding="0"/>
  </mem-info>
</gc-start>
<allocation-stats totalBytes="40758104" >
  <allocated-bytes non-tlh="0" tlh="40758104" arrayletleaf="0"/>
  <largest-consumer threadName="main" threadId="0000000002320700" bytes="40758104" />
</allocation-stats>
<gc-op id="807" type="copy forward" timems="11.561" contextid="804" timestamp="2019-06-17T04:31:58.963">
  <memory-copied type="eden" objects="2" bytes="56" bytesdiscarded="0" />
  <memory-copied type="other" objects="122578" bytes="3103944" bytesdiscarded="640" />
  <memory-cardclean objects="17271" bytes="654752" />
  <regions eden="39" other="4" />
  <remembered-set-cleared processed="81089" cleared="20686" durationms="0.752" />
  <stringconstants candidates="13762" cleared="0"  />
</gc-op>
<gc-op id="808" type="classunload" timems="0.028" contextid="804" timestamp="2019-06-17T04:31:58.963">
  <classunload-info classloadercandidates="55" classloadersunloaded="0" classesunloaded="0" anonymousclassesunloaded="0" quiescems="0.000" setupms="0.027" scanms="0.000" postms="0.000" />
</gc-op>
<heap-resize id="809" type="expand" space="default" amount="13631488" count="1" timems="0.122" reason="excessive time being spent in gc" timestamp="2019-06-17T04:31:58.963" />
<gc-end id="810" type="partial gc" contextid="804" durationms="12.920" usertimems="12.000" systemtimems="0.000" timestamp="2019-06-17T04:31:58.963" activeThreads="1">
  <mem-info id="811" free="91226112" total="152043520" percent="60">
    <mem type="eden" free="1048520" total="1048576" percent="99" />
    <remembered-set count="74592" freebytes="5770752" totalbytes="6069120" percent="95" regionsoverflowed="0" regionsstable="0" regionsrebuilding="0"/>
  </mem-info>
</gc-end>
<cycle-end id="812" type="partial gc" contextid="804" timestamp="2019-06-17T04:31:58.964" />
  <attribute name="elasticGC enabled" value="1" />
  <attribute name= "numThreadsSpecified" value="1" />
  <attribute name="heapSize specified" value="0" />
  <attribute name="Current GC Util" value="58" />
  <attribute name= "Current Time Running" value="48388" />
  <attribute name ="GC Interval" value="0" />
  <attribute name="ProportionalT" value="57.000000" />
  <attribute name="ProportionalI" value="57.000000" />
  <attribute name="ProportionalH" value="57.000000" />
  <attribute name="Current Error" value="38.000000" />
  <attribute name="IntegralT" value="0.000000" />
  <attribute name="IntegralI" value="0.000000" />
  <attribute name="IntegralH" value="0.000000" />
  <attribute name="DerivativeT" value="inf" />
  <attribute name="DerivativeI" value="inf" />
  <attribute name="DerivativeH" value="inf" />
  <attribute name="Loop Time for DT" value="0.000000" />
  <attribute name="Output H" value="8388608"/>
  <attribute name="Output I" value="200"/>
  <attribute name="Output T" value="1"/>
  <attribute name="Target GC Util Change" value ="20.000000" />
  <attribute name="Current GC Util Change" value="58.000000"/>
  <attribute name="GC Util currently" value="58" />
  <attribute name="CPU Util currently" value="16620904409625" />
<exclusive-end id="813" timestamp="2019-06-17T04:31:58.964" durationms="14.248" />

<exclusive-start id="814" timestamp="2019-06-17T04:31:58.985" intervalms="35.611">
  <response-info timems="0.149" idlems="0.149" threads="0" lastid="0000000002320700" lastname="main" />
</exclusive-start>
<allocation-taxation id="815" taxation-threshold="44040192" timestamp="2019-06-17T04:31:58.985" intervalms="35.581" />
<cycle-start id="816" type="partial gc" contextid="0" timestamp="2019-06-17T04:31:58.986" intervalms="35.527" />
<gc-start id="817" type="partial gc" contextid="816" timestamp="2019-06-17T04:31:58.986">
  <mem-info id="818" free="47185920" total="152043520" percent="31">
    <mem type="eden" free="1048520" total="45088768" percent="2" />
    <remembered-set count="74208" freebytes="5772288" totalbytes="6069120" percent="95" regionsoverflowed="0" regionsstable="0" regionsrebuilding="0"/>
  </mem-info>
</gc-start>
<allocation-stats totalBytes="43893560" >
  <allocated-bytes non-tlh="0" tlh="43893560" arrayletleaf="0"/>
  <largest-consumer threadName="main" threadId="0000000002320700" bytes="43893560" />
</allocation-stats>
<gc-op id="819" type="copy forward" timems="14.678" contextid="816" timestamp="2019-06-17T04:31:59.002">
  <memory-copied type="eden" objects="2" bytes="56" bytesdiscarded="0" />
  <memory-copied type="other" objects="160507" bytes="4123440" bytesdiscarded="728" />
  <memory-cardclean objects="17770" bytes="615152" />
  <regions eden="42" other="5" />
  <remembered-set-cleared processed="68979" cleared="23164" durationms="0.679" />
  <stringconstants candidates="13762" cleared="0"  />
</gc-op>
<gc-op id="820" type="classunload" timems="0.007" contextid="816" timestamp="2019-06-17T04:31:59.002">
  <classunload-info classloadercandidates="55" classloadersunloaded="0" classesunloaded="0" anonymousclassesunloaded="0" quiescems="0.000" setupms="0.006" scanms="0.000" postms="0.000" />
</gc-op>
<gc-end id="821" type="partial gc" contextid="816" durationms="16.036" usertimems="16.000" systemtimems="0.000" timestamp="2019-06-17T04:31:59.002" activeThreads="1">
  <mem-info id="822" free="91226112" total="152043520" percent="60">
    <mem type="eden" free="1048520" total="1048576" percent="99" />
    <remembered-set count="63968" freebytes="5813248" totalbytes="6069120" percent="95" regionsoverflowed="0" regionsstable="0" regionsrebuilding="0"/>
  </mem-info>
</gc-end>
<cycle-end id="823" type="partial gc" contextid="816" timestamp="2019-06-17T04:31:59.002" />
  <attribute name="elasticGC enabled" value="1" />
  <attribute name= "numThreadsSpecified" value="1" />
  <attribute name="heapSize specified" value="0" />
  <attribute name="Current GC Util" value="267" />
  <attribute name= "Current Time Running" value="48424" />
  <attribute name ="GC Interval" value="0" />
  <attribute name="ProportionalT" value="370.500000" />
  <attribute name="ProportionalI" value="370.500000" />
  <attribute name="ProportionalH" value="370.500000" />
  <attribute name="Current Error" value="247.000000" />
  <attribute name="IntegralT" value="0.000000" />
  <attribute name="IntegralI" value="0.000000" />
  <attribute name="IntegralH" value="0.000000" />
  <attribute name="DerivativeT" value="inf" />
  <attribute name="DerivativeI" value="inf" />
  <attribute name="DerivativeH" value="inf" />
  <attribute name="Loop Time for DT" value="0.000000" />
  <attribute name="Output H" value="8388608"/>
  <attribute name="Output I" value="200"/>
  <attribute name="Output T" value="1"/>
  <attribute name="Target GC Util Change" value ="20.000000" />
  <attribute name="Current GC Util Change" value="267.000000"/>
  <attribute name="GC Util currently" value="267" />
  <attribute name="CPU Util currently" value="12899532317787" />
<exclusive-end id="824" timestamp="2019-06-17T04:31:59.003" durationms="17.311" />

<exclusive-start id="825" timestamp="2019-06-17T04:31:59.024" intervalms="38.712">
  <response-info timems="0.094" idlems="0.094" threads="0" lastid="0000000002320700" lastname="main" />
</exclusive-start>
<allocation-taxation id="826" taxation-threshold="44040192" timestamp="2019-06-17T04:31:59.024" intervalms="38.757" />
<cycle-start id="827" type="partial gc" contextid="0" timestamp="2019-06-17T04:31:59.024" intervalms="38.762" />
<gc-start id="828" type="partial gc" contextid="827" timestamp="2019-06-17T04:31:59.025">
  <mem-info id="829" free="47185920" total="152043520" percent="31">
    <mem type="eden" free="1048520" total="45088768" percent="2" />
    <remembered-set count="63936" freebytes="5813376" totalbytes="6069120" percent="95" regionsoverflowed="0" regionsstable="0" regionsrebuilding="0"/>
  </mem-info>
</gc-start>
<allocation-stats totalBytes="43893536" >
  <allocated-bytes non-tlh="0" tlh="43893536" arrayletleaf="0"/>
  <largest-consumer threadName="main" threadId="0000000002320700" bytes="43893536" />
</allocation-stats>
<gc-op id="830" type="copy forward" timems="9.738" contextid="827" timestamp="2019-06-17T04:31:59.036">
  <memory-copied type="eden" objects="2" bytes="56" bytesdiscarded="0" />
  <memory-copied type="other" objects="86588" bytes="2444976" bytesdiscarded="536" />
  <memory-cardclean objects="11446" bytes="446224" />
  <regions eden="42" other="4" />
  <remembered-set-cleared processed="58123" cleared="8584" durationms="0.645" />
  <references type="soft" candidates="778" cleared="0" enqueued="0" dynamicThreshold="19" maxThreshold="32" />
  <references type="weak" candidates="130" cleared="0" enqueued="0" />
  <stringconstants candidates="13762" cleared="0"  />
</gc-op>
<gc-op id="831" type="classunload" timems="0.009" contextid="827" timestamp="2019-06-17T04:31:59.036">
  <classunload-info classloadercandidates="55" classloadersunloaded="0" classesunloaded="0" anonymousclassesunloaded="0" quiescems="0.000" setupms="0.009" scanms="0.000" postms="0.000" />
</gc-op>
<gc-end id="832" type="partial gc" contextid="827" durationms="11.335" usertimems="24.000" systemtimems="0.000" timestamp="2019-06-17T04:31:59.036" activeThreads="1">
  <mem-info id="833" free="91226112" total="152043520" percent="60">
    <mem type="eden" free="1048520" total="1048576" percent="99" />
    <remembered-set count="64000" freebytes="5813120" totalbytes="6069120" percent="95" regionsoverflowed="0" regionsstable="0" regionsrebuilding="0"/>
  </mem-info>
</gc-end>
<cycle-end id="834" type="partial gc" contextid="827" timestamp="2019-06-17T04:31:59.036" />
  <attribute name="elasticGC enabled" value="1" />
  <attribute name= "numThreadsSpecified" value="1" />
  <attribute name="heapSize specified" value="0" />
  <attribute name="Current GC Util" value="237" />
  <attribute name= "Current Time Running" value="48463" />
  <attribute name ="GC Interval" value="0" />
  <attribute name="ProportionalT" value="325.500000" />
  <attribute name="ProportionalI" value="325.500000" />
  <attribute name="ProportionalH" value="325.500000" />
  <attribute name="Current Error" value="217.000000" />
  <attribute name="IntegralT" value="0.000000" />
  <attribute name="IntegralI" value="0.000000" />
  <attribute name="IntegralH" value="0.000000" />
  <attribute name="DerivativeT" value="inf" />
  <attribute name="DerivativeI" value="inf" />
  <attribute name="DerivativeH" value="inf" />
  <attribute name="Loop Time for DT" value="0.000000" />
  <attribute name="Output H" value="8388608"/>
  <attribute name="Output I" value="200"/>
  <attribute name="Output T" value="1"/>
  <attribute name="Target GC Util Change" value ="20.000000" />
  <attribute name="Current GC Util Change" value="237.000000"/>
  <attribute name="GC Util currently" value="237" />
  <attribute name="CPU Util currently" value="11083971850051" />
<exclusive-end id="835" timestamp="2019-06-17T04:31:59.037" durationms="12.834" />

<exclusive-start id="836" timestamp="2019-06-17T04:31:59.059" intervalms="34.668">
  <response-info timems="0.143" idlems="0.143" threads="0" lastid="0000000002320700" lastname="main" />
</exclusive-start>
<allocation-taxation id="837" taxation-threshold="44040192" timestamp="2019-06-17T04:31:59.059" intervalms="34.617" />
<cycle-start id="838" type="partial gc" contextid="0" timestamp="2019-06-17T04:31:59.059" intervalms="34.614" />
<gc-start id="839" type="partial gc" contextid="838" timestamp="2019-06-17T04:31:59.059">
  <mem-info id="840" free="47185920" total="152043520" percent="31">
    <mem type="eden" free="1048520" total="45088768" percent="2" />
    <remembered-set count="64000" freebytes="5813120" totalbytes="6069120" percent="95" regionsoverflowed="0" regionsstable="0" regionsrebuilding="0"/>
  </mem-info>
</gc-start>
<allocation-stats totalBytes="43893536" >
  <allocated-bytes non-tlh="0" tlh="43893536" arrayletleaf="0"/>
  <largest-consumer threadName="main" threadId="0000000002320700" bytes="43893536" />
</allocation-stats>
<gc-op id="841" type="copy forward" timems="3.480" contextid="838" timestamp="2019-06-17T04:31:59.064">
  <memory-copied type="eden" objects="2" bytes="56" bytesdiscarded="0" />
  <memory-copied type="other" objects="26535" bytes="594864" bytesdiscarded="0" />
  <memory-cardclean objects="490" bytes="144352" />
  <regions eden="42" other="2" />
  <remembered-set-cleared processed="58216" cleared="1289" durationms="0.640" />
  <stringconstants candidates="13762" cleared="0"  />
</gc-op>
<gc-op id="842" type="classunload" timems="0.005" contextid="838" timestamp="2019-06-17T04:31:59.064">
  <classunload-info classloadercandidates="55" classloadersunloaded="0" classesunloaded="0" anonymousclassesunloaded="0" quiescems="0.000" setupms="0.004" scanms="0.000" postms="0.000" />
</gc-op>
<gc-end id="843" type="partial gc" contextid="838" durationms="4.887" usertimems="12.000" systemtimems="0.000" timestamp="2019-06-17T04:31:59.064" activeThreads="1">
  <mem-info id="844" free="91226112" total="152043520" percent="60">
    <mem type="eden" free="1048520" total="1048576" percent="99" />
    <remembered-set count="64224" freebytes="5812224" totalbytes="6069120" percent="95" regionsoverflowed="0" regionsstable="0" regionsrebuilding="0"/>
  </mem-info>
</gc-end>
<cycle-end id="845" type="partial gc" contextid="838" timestamp="2019-06-17T04:31:59.065" />
  <attribute name="elasticGC enabled" value="1" />
  <attribute name= "numThreadsSpecified" value="1" />
  <attribute name="heapSize specified" value="0" />
  <attribute name="Current GC Util" value="278" />
  <attribute name= "Current Time Running" value="48497" />
  <attribute name ="GC Interval" value="0" />
  <attribute name="ProportionalT" value="387.000000" />
  <attribute name="ProportionalI" value="387.000000" />
  <attribute name="ProportionalH" value="387.000000" />
  <attribute name="Current Error" value="258.000000" />
  <attribute name="IntegralT" value="0.000000" />
  <attribute name="IntegralI" value="0.000000" />
  <attribute name="IntegralH" value="0.000000" />
  <attribute name="DerivativeT" value="inf" />
  <attribute name="DerivativeI" value="inf" />
  <attribute name="DerivativeH" value="inf" />
  <attribute name="Loop Time for DT" value="0.000000" />
  <attribute name="Output H" value="8388608"/>
  <attribute name="Output I" value="200"/>
  <attribute name="Output T" value="1"/>
  <attribute name="Target GC Util Change" value ="20.000000" />
  <attribute name="Current GC Util Change" value="278.000000"/>
  <attribute name="GC Util currently" value="278" />
  <attribute name="CPU Util currently" value="11990707346914" />
<exclusive-end id="846" timestamp="2019-06-17T04:31:59.065" durationms="6.204" />

<exclusive-start id="847" timestamp="2019-06-17T04:31:59.086" intervalms="27.274">
  <response-info timems="0.070" idlems="0.070" threads="0" lastid="0000000002320700" lastname="main" />
</exclusive-start>
<allocation-taxation id="848" taxation-threshold="44040192" timestamp="2019-06-17T04:31:59.086" intervalms="27.271" />
<cycle-start id="849" type="partial gc" contextid="0" timestamp="2019-06-17T04:31:59.086" intervalms="27.252" />
<gc-start id="850" type="partial gc" contextid="849" timestamp="2019-06-17T04:31:59.087">
  <mem-info id="851" free="47185920" total="152043520" percent="31">
    <mem type="eden" free="1048520" total="45088768" percent="2" />
    <remembered-set count="64032" freebytes="5812992" totalbytes="6069120" percent="95" regionsoverflowed="0" regionsstable="0" regionsrebuilding="0"/>
  </mem-info>
</gc-start>
<allocation-stats totalBytes="43893536" >
  <allocated-bytes non-tlh="0" tlh="43893536" arrayletleaf="0"/>
  <largest-consumer threadName="main" threadId="0000000002320700" bytes="43893536" />
</allocation-stats>
<gc-op id="852" type="copy forward" timems="4.752" contextid="849" timestamp="2019-06-17T04:31:59.093">
  <memory-copied type="eden" objects="2" bytes="56" bytesdiscarded="0" />
  <memory-copied type="other" objects="68975" bytes="1642776" bytesdiscarded="80760" />
  <memory-cardclean objects="6619" bytes="588936" />
  <regions eden="42" other="3" />
  <remembered-set-cleared processed="57685" cleared="4666" durationms="0.414" />
  <references type="weak" candidates="8" cleared="0" enqueued="0" />
  <stringconstants candidates="13762" cleared="0"  />
</gc-op>
<gc-op id="853" type="classunload" timems="0.006" contextid="849" timestamp="2019-06-17T04:31:59.093">
  <classunload-info classloadercandidates="55" classloadersunloaded="0" classesunloaded="0" anonymousclassesunloaded="0" quiescems="0.000" setupms="0.005" scanms="0.000" postms="0.000" />
</gc-op>
<gc-end id="854" type="partial gc" contextid="849" durationms="6.119" usertimems="12.000" systemtimems="0.000" timestamp="2019-06-17T04:31:59.093" activeThreads="4">
  <mem-info id="855" free="91226112" total="152043520" percent="60">
    <mem type="eden" free="1048520" total="1048576" percent="99" />
    <remembered-set count="62048" freebytes="5820928" totalbytes="6069120" percent="95" regionsoverflowed="0" regionsstable="0" regionsrebuilding="0"/>
  </mem-info>
</gc-end>
<cycle-end id="856" type="partial gc" contextid="849" timestamp="2019-06-17T04:31:59.093" />
  <attribute name="elasticGC enabled" value="1" />
  <attribute name= "numThreadsSpecified" value="4" />
  <attribute name="heapSize specified" value="0" />
  <attribute name="Current GC Util" value="277" />
  <attribute name= "Current Time Running" value="48525" />
  <attribute name ="GC Interval" value="0" />
  <attribute name="ProportionalT" value="385.500000" />
  <attribute name="ProportionalI" value="385.500000" />
  <attribute name="ProportionalH" value="385.500000" />
  <attribute name="Current Error" value="257.000000" />
  <attribute name="IntegralT" value="257.000000" />
  <attribute name="IntegralI" value="257.000000" />
  <attribute name="IntegralH" value="257.000000" />
  <attribute name="DerivativeT" value="385.500000" />
  <attribute name="DerivativeI" value="385.500000" />
  <attribute name="DerivativeH" value="385.500000" />
  <attribute name="Loop Time for DT" value="1.000000" />
  <attribute name="Output H" value="8388608"/>
  <attribute name="Output I" value="1032"/>
  <attribute name="Output T" value="4"/>
  <attribute name="Target GC Util Change" value ="20.000000" />
  <attribute name="Current GC Util Change" value="277.000000"/>
  <attribute name="GC Util currently" value="277" />
  <attribute name="CPU Util currently" value="13077158215531" />
<exclusive-end id="857" timestamp="2019-06-17T04:31:59.093" durationms="7.393" />

<exclusive-start id="858" timestamp="2019-06-17T04:31:59.115" intervalms="28.631">
  <response-info timems="0.091" idlems="0.091" threads="0" lastid="0000000002320700" lastname="main" />
</exclusive-start>
<allocation-taxation id="859" taxation-threshold="44040192" timestamp="2019-06-17T04:31:59.115" intervalms="28.680" />
<cycle-start id="860" type="partial gc" contextid="0" timestamp="2019-06-17T04:31:59.115" intervalms="28.733" />
<gc-start id="861" type="partial gc" contextid="860" timestamp="2019-06-17T04:31:59.115">
  <mem-info id="862" free="47185920" total="152043520" percent="31">
    <mem type="eden" free="1048520" total="45088768" percent="2" />
    <remembered-set count="62048" freebytes="5820928" totalbytes="6069120" percent="95" regionsoverflowed="0" regionsstable="0" regionsrebuilding="0"/>
  </mem-info>
</gc-start>
<allocation-stats totalBytes="43893560" >
  <allocated-bytes non-tlh="0" tlh="43893560" arrayletleaf="0"/>
  <largest-consumer threadName="main" threadId="0000000002320700" bytes="43893560" />
</allocation-stats>
<gc-op id="863" type="copy forward" timems="3.411" contextid="860" timestamp="2019-06-17T04:31:59.120">
  <memory-copied type="eden" objects="2" bytes="56" bytesdiscarded="0" />
  <memory-copied type="other" objects="26535" bytes="594864" bytesdiscarded="0" />
  <memory-cardclean objects="490" bytes="144352" />
  <regions eden="42" other="2" />
  <remembered-set-cleared processed="58376" cleared="1351" durationms="0.607" />
  <stringconstants candidates="13762" cleared="0"  />
</gc-op>
<gc-op id="864" type="classunload" timems="0.004" contextid="860" timestamp="2019-06-17T04:31:59.120">
  <classunload-info classloadercandidates="55" classloadersunloaded="0" classesunloaded="0" anonymousclassesunloaded="0" quiescems="0.000" setupms="0.004" scanms="0.000" postms="0.000" />
</gc-op>
<gc-end id="865" type="partial gc" contextid="860" durationms="4.848" usertimems="8.000" systemtimems="0.000" timestamp="2019-06-17T04:31:59.120" activeThreads="1">
  <mem-info id="866" free="91226112" total="152043520" percent="60">
    <mem type="eden" free="1048520" total="1048576" percent="99" />
    <remembered-set count="62016" freebytes="5821056" totalbytes="6069120" percent="95" regionsoverflowed="0" regionsstable="0" regionsrebuilding="0"/>
  </mem-info>
</gc-end>
<cycle-end id="867" type="partial gc" contextid="860" timestamp="2019-06-17T04:31:59.121" />
  <attribute name="elasticGC enabled" value="1" />
  <attribute name= "numThreadsSpecified" value="1" />
  <attribute name="heapSize specified" value="0" />
  <attribute name="Current GC Util" value="153" />
  <attribute name= "Current Time Running" value="48553" />
  <attribute name ="GC Interval" value="0" />
  <attribute name="ProportionalT" value="199.500000" />
  <attribute name="ProportionalI" value="199.500000" />
  <attribute name="ProportionalH" value="199.500000" />
  <attribute name="Current Error" value="133.000000" />
  <attribute name="IntegralT" value="0.000000" />
  <attribute name="IntegralI" value="0.000000" />
  <attribute name="IntegralH" value="0.000000" />
  <attribute name="DerivativeT" value="inf" />
  <attribute name="DerivativeI" value="inf" />
  <attribute name="DerivativeH" value="inf" />
  <attribute name="Loop Time for DT" value="0.000000" />
  <attribute name="Output H" value="8388608"/>
  <attribute name="Output I" value="200"/>
  <attribute name="Output T" value="1"/>
  <attribute name="Target GC Util Change" value ="20.000000" />
  <attribute name="Current GC Util Change" value="153.000000"/>
  <attribute name="GC Util currently" value="153" />
  <attribute name="CPU Util currently" value="11608208857976" />
<exclusive-end id="868" timestamp="2019-06-17T04:31:59.121" durationms="6.352" />

<exclusive-start id="869" timestamp="2019-06-17T04:31:59.142" intervalms="27.935">
  <response-info timems="0.083" idlems="0.083" threads="0" lastid="0000000002320700" lastname="main" />
</exclusive-start>
<allocation-taxation id="870" taxation-threshold="44040192" timestamp="2019-06-17T04:31:59.143" intervalms="27.909" />
<cycle-start id="871" type="partial gc" contextid="0" timestamp="2019-06-17T04:31:59.143" intervalms="27.879" />
<gc-start id="872" type="partial gc" contextid="871" timestamp="2019-06-17T04:31:59.143">
  <mem-info id="873" free="47185920" total="152043520" percent="31">
    <mem type="eden" free="1048520" total="45088768" percent="2" />
    <remembered-set count="61824" freebytes="5821824" totalbytes="6069120" percent="95" regionsoverflowed="0" regionsstable="0" regionsrebuilding="0"/>
  </mem-info>
</gc-start>
<allocation-stats totalBytes="43893536" >
  <allocated-bytes non-tlh="0" tlh="43893536" arrayletleaf="0"/>
  <largest-consumer threadName="main" threadId="0000000002320700" bytes="43893536" />
</allocation-stats>
<gc-op id="874" type="copy forward" timems="3.619" contextid="871" timestamp="2019-06-17T04:31:59.148">
  <memory-copied type="eden" objects="2" bytes="56" bytesdiscarded="0" />
  <memory-copied type="other" objects="26535" bytes="594864" bytesdiscarded="0" />
  <memory-cardclean objects="490" bytes="144352" />
  <regions eden="42" other="2" />
  <remembered-set-cleared processed="58322" cleared="1297" durationms="0.777" />
  <stringconstants candidates="13762" cleared="0"  />
</gc-op>
<gc-op id="875" type="classunload" timems="0.005" contextid="871" timestamp="2019-06-17T04:31:59.148">
  <classunload-info classloadercandidates="55" classloadersunloaded="0" classesunloaded="0" anonymousclassesunloaded="0" quiescems="0.000" setupms="0.005" scanms="0.000" postms="0.000" />
</gc-op>
<gc-end id="876" type="partial gc" contextid="871" durationms="4.935" usertimems="8.000" systemtimems="0.000" timestamp="2019-06-17T04:31:59.148" activeThreads="1">
  <mem-info id="877" free="91226112" total="152043520" percent="60">
    <mem type="eden" free="1048520" total="1048576" percent="99" />
    <remembered-set count="62048" freebytes="5820928" totalbytes="6069120" percent="95" regionsoverflowed="0" regionsstable="0" regionsrebuilding="0"/>
  </mem-info>
</gc-end>
<cycle-end id="878" type="partial gc" contextid="871" timestamp="2019-06-17T04:31:59.149" />
  <attribute name="elasticGC enabled" value="1" />
  <attribute name= "numThreadsSpecified" value="1" />
  <attribute name="heapSize specified" value="0" />
  <attribute name="Current GC Util" value="275" />
  <attribute name= "Current Time Running" value="48581" />
  <attribute name ="GC Interval" value="0" />
  <attribute name="ProportionalT" value="382.500000" />
  <attribute name="ProportionalI" value="382.500000" />
  <attribute name="ProportionalH" value="382.500000" />
  <attribute name="Current Error" value="255.000000" />
  <attribute name="IntegralT" value="0.000000" />
  <attribute name="IntegralI" value="0.000000" />
  <attribute name="IntegralH" value="0.000000" />
  <attribute name="DerivativeT" value="inf" />
  <attribute name="DerivativeI" value="inf" />
  <attribute name="DerivativeH" value="inf" />
  <attribute name="Loop Time for DT" value="0.000000" />
  <attribute name="Output H" value="8388608"/>
  <attribute name="Output I" value="200"/>
  <attribute name="Output T" value="1"/>
  <attribute name="Target GC Util Change" value ="20.000000" />
  <attribute name="Current GC Util Change" value="275.000000"/>
  <attribute name="GC Util currently" value="275" />
  <attribute name="CPU Util currently" value="12760473039988" />
<exclusive-end id="879" timestamp="2019-06-17T04:31:59.149" durationms="6.303" />

<exclusive-start id="880" timestamp="2019-06-17T04:31:59.170" intervalms="27.831">
  <response-info timems="0.122" idlems="0.122" threads="0" lastid="0000000002320700" lastname="main" />
</exclusive-start>
<allocation-taxation id="881" taxation-threshold="44040192" timestamp="2019-06-17T04:31:59.170" intervalms="27.765" />
<cycle-start id="882" type="partial gc" contextid="0" timestamp="2019-06-17T04:31:59.171" intervalms="27.752" />
<gc-start id="883" type="partial gc" contextid="882" timestamp="2019-06-17T04:31:59.171">
  <mem-info id="884" free="47185920" total="152043520" percent="31">
    <mem type="eden" free="1048520" total="45088768" percent="2" />
    <remembered-set count="61856" freebytes="5821696" totalbytes="6069120" percent="95" regionsoverflowed="0" regionsstable="0" regionsrebuilding="0"/>
  </mem-info>
</gc-start>
<allocation-stats totalBytes="43893536" >
  <allocated-bytes non-tlh="0" tlh="43893536" arrayletleaf="0"/>
  <largest-consumer threadName="main" threadId="0000000002320700" bytes="43893536" />
</allocation-stats>
<gc-op id="885" type="copy forward" timems="3.458" contextid="882" timestamp="2019-06-17T04:31:59.176">
  <memory-copied type="eden" objects="2" bytes="56" bytesdiscarded="0" />
  <memory-copied type="other" objects="26535" bytes="594864" bytesdiscarded="0" />
  <memory-cardclean objects="490" bytes="144352" />
  <regions eden="42" other="2" />
  <remembered-set-cleared processed="58323" cleared="1298" durationms="0.602" />
  <stringconstants candidates="13762" cleared="0"  />
</gc-op>
<gc-op id="886" type="classunload" timems="0.004" contextid="882" timestamp="2019-06-17T04:31:59.176">
  <classunload-info classloadercandidates="55" classloadersunloaded="0" classesunloaded="0" anonymousclassesunloaded="0" quiescems="0.000" setupms="0.004" scanms="0.000" postms="0.000" />
</gc-op>
<gc-end id="887" type="partial gc" contextid="882" durationms="4.852" usertimems="4.000" systemtimems="0.000" timestamp="2019-06-17T04:31:59.176" activeThreads="1">
  <mem-info id="888" free="91226112" total="152043520" percent="60">
    <mem type="eden" free="1048520" total="1048576" percent="99" />
    <remembered-set count="62080" freebytes="5820800" totalbytes="6069120" percent="95" regionsoverflowed="0" regionsstable="0" regionsrebuilding="0"/>
  </mem-info>
</gc-end>
<cycle-end id="889" type="partial gc" contextid="882" timestamp="2019-06-17T04:31:59.176" />
  <attribute name="elasticGC enabled" value="1" />
  <attribute name= "numThreadsSpecified" value="1" />
  <attribute name="heapSize specified" value="0" />
  <attribute name="Current GC Util" value="260" />
  <attribute name= "Current Time Running" value="48609" />
  <attribute name ="GC Interval" value="0" />
  <attribute name="ProportionalT" value="360.000000" />
  <attribute name="ProportionalI" value="360.000000" />
  <attribute name="ProportionalH" value="360.000000" />
  <attribute name="Current Error" value="240.000000" />
  <attribute name="IntegralT" value="0.000000" />
  <attribute name="IntegralI" value="0.000000" />
  <attribute name="IntegralH" value="0.000000" />
  <attribute name="DerivativeT" value="inf" />
  <attribute name="DerivativeI" value="inf" />
  <attribute name="DerivativeH" value="inf" />
  <attribute name="Loop Time for DT" value="0.000000" />
  <attribute name="Output H" value="8388608"/>
  <attribute name="Output I" value="200"/>
  <attribute name="Output T" value="1"/>
  <attribute name="Target GC Util Change" value ="20.000000" />
  <attribute name="Current GC Util Change" value="260.000000"/>
  <attribute name="GC Util currently" value="260" />
  <attribute name="CPU Util currently" value="12492038893759" />
<exclusive-end id="890" timestamp="2019-06-17T04:31:59.176" durationms="6.193" />

<exclusive-start id="891" timestamp="2019-06-17T04:31:59.198" intervalms="27.740">
  <response-info timems="0.100" idlems="0.100" threads="0" lastid="0000000002320700" lastname="main" />
</exclusive-start>
<allocation-taxation id="892" taxation-threshold="44040192" timestamp="2019-06-17T04:31:59.198" intervalms="27.804" />
<cycle-start id="893" type="partial gc" contextid="0" timestamp="2019-06-17T04:31:59.198" intervalms="27.806" />
<gc-start id="894" type="partial gc" contextid="893" timestamp="2019-06-17T04:31:59.199">
  <mem-info id="895" free="47185920" total="152043520" percent="31">
    <mem type="eden" free="1048520" total="45088768" percent="2" />
    <remembered-set count="61888" freebytes="5821568" totalbytes="6069120" percent="95" regionsoverflowed="0" regionsstable="0" regionsrebuilding="0"/>
  </mem-info>
</gc-start>
<allocation-stats totalBytes="43893560" >
  <allocated-bytes non-tlh="0" tlh="43893560" arrayletleaf="0"/>
  <largest-consumer threadName="main" threadId="0000000002320700" bytes="43893560" />
</allocation-stats>
<gc-op id="896" type="copy forward" timems="3.744" contextid="893" timestamp="2019-06-17T04:31:59.204">
  <memory-copied type="eden" objects="2" bytes="56" bytesdiscarded="0" />
  <memory-copied type="other" objects="26535" bytes="594864" bytesdiscarded="6616" />
  <memory-cardclean objects="490" bytes="144352" />
  <regions eden="42" other="2" />
  <remembered-set-cleared processed="58322" cleared="1297" durationms="0.384" />
  <stringconstants candidates="13762" cleared="0"  />
</gc-op>
<gc-op id="897" type="classunload" timems="0.005" contextid="893" timestamp="2019-06-17T04:31:59.204">
  <classunload-info classloadercandidates="55" classloadersunloaded="0" classesunloaded="0" anonymousclassesunloaded="0" quiescems="0.000" setupms="0.005" scanms="0.000" postms="0.000" />
</gc-op>
<gc-end id="898" type="partial gc" contextid="893" durationms="4.992" usertimems="12.000" systemtimems="0.000" timestamp="2019-06-17T04:31:59.204" activeThreads="4">
  <mem-info id="899" free="91226112" total="152043520" percent="60">
    <mem type="eden" free="1048520" total="1048576" percent="99" />
    <remembered-set count="62112" freebytes="5820672" totalbytes="6069120" percent="95" regionsoverflowed="0" regionsstable="0" regionsrebuilding="0"/>
  </mem-info>
</gc-end>
<cycle-end id="900" type="partial gc" contextid="893" timestamp="2019-06-17T04:31:59.204" />
  <attribute name="elasticGC enabled" value="1" />
  <attribute name= "numThreadsSpecified" value="4" />
  <attribute name="heapSize specified" value="0" />
  <attribute name="Current GC Util" value="261" />
  <attribute name= "Current Time Running" value="48637" />
  <attribute name ="GC Interval" value="0" />
  <attribute name="ProportionalT" value="361.500000" />
  <attribute name="ProportionalI" value="361.500000" />
  <attribute name="ProportionalH" value="361.500000" />
  <attribute name="Current Error" value="241.000000" />
  <attribute name="IntegralT" value="241.000000" />
  <attribute name="IntegralI" value="241.000000" />
  <attribute name="IntegralH" value="241.000000" />
  <attribute name="DerivativeT" value="361.500000" />
  <attribute name="DerivativeI" value="361.500000" />
  <attribute name="DerivativeH" value="361.500000" />
  <attribute name="Loop Time for DT" value="1.000000" />
  <attribute name="Output H" value="8388608"/>
  <attribute name="Output I" value="968"/>
  <attribute name="Output T" value="4"/>
  <attribute name="Target GC Util Change" value ="20.000000" />
  <attribute name="Current GC Util Change" value="261.000000"/>
  <attribute name="GC Util currently" value="261" />
  <attribute name="CPU Util currently" value="12509659564014" />
<exclusive-end id="901" timestamp="2019-06-17T04:31:59.204" durationms="6.367" />

<exclusive-start id="902" timestamp="2019-06-17T04:31:59.226" intervalms="27.867">
  <response-info timems="0.082" idlems="0.082" threads="0" lastid="0000000002320700" lastname="main" />
</exclusive-start>
<allocation-taxation id="903" taxation-threshold="44040192" timestamp="2019-06-17T04:31:59.226" intervalms="27.833" />
<cycle-start id="904" type="partial gc" contextid="0" timestamp="2019-06-17T04:31:59.226" intervalms="27.854" />
<gc-start id="905" type="partial gc" contextid="904" timestamp="2019-06-17T04:31:59.227">
  <mem-info id="906" free="47185920" total="152043520" percent="31">
    <mem type="eden" free="1048520" total="45088768" percent="2" />
    <remembered-set count="61696" freebytes="5822336" totalbytes="6069120" percent="95" regionsoverflowed="0" regionsstable="1" regionsrebuilding="0"/>
  </mem-info>
</gc-start>
<allocation-stats totalBytes="43893536" >
  <allocated-bytes non-tlh="0" tlh="43893536" arrayletleaf="0"/>
  <largest-consumer threadName="main" threadId="0000000002320700" bytes="43893536" />
</allocation-stats>
<gc-op id="907" type="copy forward" timems="4.019" contextid="904" timestamp="2019-06-17T04:31:59.232">
  <memory-copied type="eden" objects="2" bytes="56" bytesdiscarded="0" />
  <memory-copied type="other" objects="26535" bytes="594864" bytesdiscarded="8648" />
  <memory-cardclean objects="490" bytes="144352" />
  <regions eden="42" other="2" />
  <remembered-set-cleared processed="58018" cleared="1345" durationms="0.266" />
  <stringconstants candidates="13762" cleared="0"  />
</gc-op>
<gc-op id="908" type="classunload" timems="0.007" contextid="904" timestamp="2019-06-17T04:31:59.232">
  <classunload-info classloadercandidates="55" classloadersunloaded="0" classesunloaded="0" anonymousclassesunloaded="0" quiescems="0.000" setupms="0.007" scanms="0.000" postms="0.000" />
</gc-op>
<gc-end id="909" type="partial gc" contextid="904" durationms="5.337" usertimems="16.000" systemtimems="0.000" timestamp="2019-06-17T04:31:59.232" activeThreads="4">
  <mem-info id="910" free="91226112" total="152043520" percent="60">
    <mem type="eden" free="1048520" total="1048576" percent="99" />
    <remembered-set count="61696" freebytes="5822336" totalbytes="6069120" percent="95" regionsoverflowed="0" regionsstable="1" regionsrebuilding="0"/>
  </mem-info>
</gc-end>
<cycle-end id="911" type="partial gc" contextid="904" timestamp="2019-06-17T04:31:59.232" />
  <attribute name="elasticGC enabled" value="1" />
  <attribute name= "numThreadsSpecified" value="4" />
  <attribute name="heapSize specified" value="0" />
  <attribute name="Current GC Util" value="151" />
  <attribute name= "Current Time Running" value="48665" />
  <attribute name ="GC Interval" value="0" />
  <attribute name="ProportionalT" value="196.500000" />
  <attribute name="ProportionalI" value="196.500000" />
  <attribute name="ProportionalH" value="196.500000" />
  <attribute name="Current Error" value="131.000000" />
  <attribute name="IntegralT" value="131.000000" />
  <attribute name="IntegralI" value="131.000000" />
  <attribute name="IntegralH" value="131.000000" />
  <attribute name="DerivativeT" value="174.000000" />
  <attribute name="DerivativeI" value="174.000000" />
  <attribute name="DerivativeH" value="174.000000" />
  <attribute name="Loop Time for DT" value="1.000000" />
  <attribute name="Output H" value="8388608"/>
  <attribute name="Output I" value="504"/>
  <attribute name="Output T" value="4"/>
  <attribute name="Target GC Util Change" value ="20.000000" />
  <attribute name="Current GC Util Change" value="151.000000"/>
  <attribute name="GC Util currently" value="151" />
  <attribute name="CPU Util currently" value="12395239382595" />
<exclusive-end id="912" timestamp="2019-06-17T04:31:59.233" durationms="6.696" />

<exclusive-start id="913" timestamp="2019-06-17T04:31:59.254" intervalms="28.237">
  <response-info timems="0.094" idlems="0.094" threads="0" lastid="0000000002320700" lastname="main" />
</exclusive-start>
<allocation-taxation id="914" taxation-threshold="44040192" timestamp="2019-06-17T04:31:59.254" intervalms="28.262" />
<cycle-start id="915" type="partial gc" contextid="0" timestamp="2019-06-17T04:31:59.255" intervalms="28.260" />
<gc-start id="916" type="partial gc" contextid="915" timestamp="2019-06-17T04:31:59.255">
  <mem-info id="917" free="47185920" total="152043520" percent="31">
    <mem type="eden" free="1048520" total="45088768" percent="2" />
    <remembered-set count="61696" freebytes="5822336" totalbytes="6069120" percent="95" regionsoverflowed="0" regionsstable="1" regionsrebuilding="0"/>
  </mem-info>
</gc-start>
<allocation-stats totalBytes="43893536" >
  <allocated-bytes non-tlh="0" tlh="43893536" arrayletleaf="0"/>
  <largest-consumer threadName="main" threadId="0000000002320700" bytes="43893536" />
</allocation-stats>
<gc-op id="918" type="copy forward" timems="3.492" contextid="915" timestamp="2019-06-17T04:31:59.260">
  <memory-copied type="eden" objects="2" bytes="56" bytesdiscarded="0" />
  <memory-copied type="other" objects="26535" bytes="594864" bytesdiscarded="0" />
  <memory-cardclean objects="490" bytes="144352" />
  <regions eden="42" other="2" />
  <remembered-set-cleared processed="58021" cleared="1348" durationms="0.614" />
  <stringconstants candidates="13762" cleared="0"  />
</gc-op>
<gc-op id="919" type="classunload" timems="0.006" contextid="915" timestamp="2019-06-17T04:31:59.260">
  <classunload-info classloadercandidates="55" classloadersunloaded="0" classesunloaded="0" anonymousclassesunloaded="0" quiescems="0.000" setupms="0.006" scanms="0.000" postms="0.000" />
</gc-op>
<gc-end id="920" type="partial gc" contextid="915" durationms="5.015" usertimems="8.000" systemtimems="0.000" timestamp="2019-06-17T04:31:59.260" activeThreads="1">
  <mem-info id="921" free="91226112" total="152043520" percent="60">
    <mem type="eden" free="1048520" total="1048576" percent="99" />
    <remembered-set count="61696" freebytes="5822336" totalbytes="6069120" percent="95" regionsoverflowed="0" regionsstable="1" regionsrebuilding="0"/>
  </mem-info>
</gc-end>
<cycle-end id="922" type="partial gc" contextid="915" timestamp="2019-06-17T04:31:59.260" />
  <attribute name="elasticGC enabled" value="1" />
  <attribute name= "numThreadsSpecified" value="1" />
  <attribute name="heapSize specified" value="0" />
  <attribute name="Current GC Util" value="196" />
  <attribute name= "Current Time Running" value="48693" />
  <attribute name ="GC Interval" value="0" />
  <attribute name="ProportionalT" value="264.000000" />
  <attribute name="ProportionalI" value="264.000000" />
  <attribute name="ProportionalH" value="264.000000" />
  <attribute name="Current Error" value="176.000000" />
  <attribute name="IntegralT" value="0.000000" />
  <attribute name="IntegralI" value="0.000000" />
  <attribute name="IntegralH" value="0.000000" />
  <attribute name="DerivativeT" value="inf" />
  <attribute name="DerivativeI" value="inf" />
  <attribute name="DerivativeH" value="inf" />
  <attribute name="Loop Time for DT" value="0.000000" />
  <attribute name="Output H" value="8388608"/>
  <attribute name="Output I" value="200"/>
  <attribute name="Output T" value="1"/>
  <attribute name="Target GC Util Change" value ="20.000000" />
  <attribute name="Current GC Util Change" value="196.000000"/>
  <attribute name="GC Util currently" value="196" />
  <attribute name="CPU Util currently" value="12492275763637" />
<exclusive-end id="923" timestamp="2019-06-17T04:31:59.260" durationms="6.309" />

<exclusive-start id="924" timestamp="2019-06-17T04:31:59.300" intervalms="45.790">
  <response-info timems="0.223" idlems="0.223" threads="0" lastid="0000000002320700" lastname="main" />
</exclusive-start>
<allocation-taxation id="925" taxation-threshold="44040192" timestamp="2019-06-17T04:31:59.300" intervalms="45.801" />
<cycle-start id="926" type="partial gc" contextid="0" timestamp="2019-06-17T04:31:59.300" intervalms="45.739" />
<gc-start id="927" type="partial gc" contextid="926" timestamp="2019-06-17T04:31:59.301">
  <mem-info id="928" free="47185920" total="152043520" percent="31">
    <mem type="eden" free="1048520" total="45088768" percent="2" />
    <remembered-set count="61120" freebytes="5824640" totalbytes="6069120" percent="95" regionsoverflowed="0" regionsstable="2" regionsrebuilding="0"/>
  </mem-info>
</gc-start>
<allocation-stats totalBytes="43759024" >
  <allocated-bytes non-tlh="0" tlh="43759024" arrayletleaf="0"/>
  <largest-consumer threadName="main" threadId="0000000002320700" bytes="43759024" />
</allocation-stats>
<gc-op id="929" type="copy forward" timems="3.200" contextid="926" timestamp="2019-06-17T04:31:59.305">
  <memory-copied type="eden" objects="28" bytes="1960" bytesdiscarded="0" />
  <memory-copied type="other" objects="26535" bytes="594864" bytesdiscarded="0" />
  <memory-cardclean objects="563" bytes="146608" />
  <regions eden="42" other="2" />
  <remembered-set-cleared processed="57628" cleared="1325" durationms="0.578" />
  <stringconstants candidates="13762" cleared="0"  />
</gc-op>
<gc-op id="930" type="classunload" timems="0.005" contextid="926" timestamp="2019-06-17T04:31:59.305">
  <classunload-info classloadercandidates="55" classloadersunloaded="0" classesunloaded="0" anonymousclassesunloaded="0" quiescems="0.000" setupms="0.005" scanms="0.000" postms="0.000" />
</gc-op>
<gc-end id="931" type="partial gc" contextid="926" durationms="4.374" usertimems="8.000" systemtimems="0.000" timestamp="2019-06-17T04:31:59.305" activeThreads="1">
  <mem-info id="932" free="91226112" total="152043520" percent="60">
    <mem type="eden" free="1046616" total="1048576" percent="99" />
    <remembered-set count="61216" freebytes="5824256" totalbytes="6069120" percent="95" regionsoverflowed="0" regionsstable="2" regionsrebuilding="0"/>
  </mem-info>
</gc-end>
<cycle-end id="933" type="partial gc" contextid="926" timestamp="2019-06-17T04:31:59.305" />
  <attribute name="elasticGC enabled" value="1" />
  <attribute name= "numThreadsSpecified" value="1" />
  <attribute name="heapSize specified" value="0" />
  <attribute name="Current GC Util" value="229" />
  <attribute name= "Current Time Running" value="48738" />
  <attribute name ="GC Interval" value="0" />
  <attribute name="ProportionalT" value="313.500000" />
  <attribute name="ProportionalI" value="313.500000" />
  <attribute name="ProportionalH" value="313.500000" />
  <attribute name="Current Error" value="209.000000" />
  <attribute name="IntegralT" value="0.000000" />
  <attribute name="IntegralI" value="0.000000" />
  <attribute name="IntegralH" value="0.000000" />
  <attribute name="DerivativeT" value="inf" />
  <attribute name="DerivativeI" value="inf" />
  <attribute name="DerivativeH" value="inf" />
  <attribute name="Loop Time for DT" value="0.000000" />
  <attribute name="Output H" value="8388608"/>
  <attribute name="Output I" value="200"/>
  <attribute name="Output T" value="1"/>
  <attribute name="Target GC Util Change" value ="20.000000" />
  <attribute name="Current GC Util Change" value="229.000000"/>
  <attribute name="GC Util currently" value="229" />
  <attribute name="CPU Util currently" value="19088736373126" />
<exclusive-end id="934" timestamp="2019-06-17T04:31:59.305" durationms="5.532" />

<exclusive-start id="935" timestamp="2019-06-17T04:31:59.337" intervalms="37.033">
  <response-info timems="0.311" idlems="0.311" threads="0" lastid="0000000002320700" lastname="main" />
</exclusive-start>
<allocation-taxation id="936" taxation-threshold="44040192" timestamp="2019-06-17T04:31:59.337" intervalms="36.916" />
<cycle-start id="937" type="partial gc" contextid="0" timestamp="2019-06-17T04:31:59.337" intervalms="36.823" />
<gc-start id="938" type="partial gc" contextid="937" timestamp="2019-06-17T04:31:59.337">
  <mem-info id="939" free="47185920" total="152043520" percent="31">
    <mem type="eden" free="0" total="44040192" percent="0" />
    <remembered-set count="60640" freebytes="5826560" totalbytes="6069120" percent="96" regionsoverflowed="0" regionsstable="3" regionsrebuilding="0"/>
  </mem-info>
</gc-start>
<allocation-stats totalBytes="43757832" >
  <allocated-bytes non-tlh="0" tlh="43757832" arrayletleaf="0"/>
  <largest-consumer threadName="main" threadId="0000000002320700" bytes="43757832" />
</allocation-stats>
<gc-op id="940" type="copy forward" timems="3.184" contextid="937" timestamp="2019-06-17T04:31:59.341">
  <memory-copied type="eden" objects="2" bytes="64" bytesdiscarded="0" />
  <memory-copied type="other" objects="26562" bytes="596784" bytesdiscarded="0" />
  <memory-cardclean objects="528" bytes="145968" />
  <regions eden="42" other="2" />
  <remembered-set-cleared processed="57225" cleared="1340" durationms="0.576" />
  <stringconstants candidates="13762" cleared="0"  />
</gc-op>
<gc-op id="941" type="classunload" timems="0.004" contextid="937" timestamp="2019-06-17T04:31:59.341">
  <classunload-info classloadercandidates="55" classloadersunloaded="0" classesunloaded="0" anonymousclassesunloaded="0" quiescems="0.000" setupms="0.003" scanms="0.000" postms="0.000" />
</gc-op>
<heap-resize id="942" type="expand" space="default" amount="3145728" count="1" timems="0.069" reason="excessive time being spent in gc" timestamp="2019-06-17T04:31:59.341" />
<gc-end id="943" type="partial gc" contextid="937" durationms="4.146" usertimems="4.000" systemtimems="0.000" timestamp="2019-06-17T04:31:59.342" activeThreads="1">
  <mem-info id="944" free="93323264" total="155189248" percent="60">
    <mem type="eden" free="1048512" total="1048576" percent="99" />
    <remembered-set count="60736" freebytes="5951744" totalbytes="6194688" percent="96" regionsoverflowed="0" regionsstable="3" regionsrebuilding="0"/>
  </mem-info>
</gc-end>
<cycle-end id="945" type="partial gc" contextid="937" timestamp="2019-06-17T04:31:59.342" />
  <attribute name="elasticGC enabled" value="1" />
  <attribute name= "numThreadsSpecified" value="1" />
  <attribute name="heapSize specified" value="0" />
  <attribute name="Current GC Util" value="83" />
  <attribute name= "Current Time Running" value="48775" />
  <attribute name ="GC Interval" value="0" />
  <attribute name="ProportionalT" value="94.500000" />
  <attribute name="ProportionalI" value="94.500000" />
  <attribute name="ProportionalH" value="94.500000" />
  <attribute name="Current Error" value="63.000000" />
  <attribute name="IntegralT" value="0.000000" />
  <attribute name="IntegralI" value="0.000000" />
  <attribute name="IntegralH" value="0.000000" />
  <attribute name="DerivativeT" value="inf" />
  <attribute name="DerivativeI" value="inf" />
  <attribute name="DerivativeH" value="inf" />
  <attribute name="Loop Time for DT" value="0.000000" />
  <attribute name="Output H" value="8388608"/>
  <attribute name="Output I" value="200"/>
  <attribute name="Output T" value="1"/>
  <attribute name="Target GC Util Change" value ="20.000000" />
  <attribute name="Current GC Util Change" value="83.000000"/>
  <attribute name="GC Util currently" value="83" />
  <attribute name="CPU Util currently" value="21954659482024" />
<exclusive-end id="946" timestamp="2019-06-17T04:31:59.342" durationms="5.131" />

<exclusive-start id="947" timestamp="2019-06-17T04:31:59.362" intervalms="25.162">
  <response-info timems="0.074" idlems="0.074" threads="0" lastid="0000000002320700" lastname="main" />
</exclusive-start>
<allocation-taxation id="948" taxation-threshold="45088768" timestamp="2019-06-17T04:31:59.362" intervalms="25.220" />
<cycle-start id="949" type="partial gc" contextid="0" timestamp="2019-06-17T04:31:59.363" intervalms="25.353" />
<gc-start id="950" type="partial gc" contextid="949" timestamp="2019-06-17T04:31:59.363">
  <mem-info id="951" free="48234496" total="155189248" percent="31">
    <mem type="eden" free="1048512" total="46137344" percent="2" />
    <remembered-set count="60032" freebytes="5954560" totalbytes="6194688" percent="96" regionsoverflowed="0" regionsstable="4" regionsrebuilding="0"/>
  </mem-info>
</gc-start>
<allocation-stats totalBytes="44806128" >
  <allocated-bytes non-tlh="0" tlh="44806128" arrayletleaf="0"/>
  <largest-consumer threadName="main" threadId="0000000002320700" bytes="44806128" />
</allocation-stats>
<gc-op id="952" type="copy forward" timems="3.371" contextid="949" timestamp="2019-06-17T04:31:59.367">
  <memory-copied type="eden" objects="2" bytes="64" bytesdiscarded="0" />
  <memory-copied type="other" objects="26535" bytes="594864" bytesdiscarded="5888" />
  <memory-cardclean objects="480" bytes="144336" />
  <regions eden="43" other="2" />
  <remembered-set-cleared processed="56659" cleared="1304" durationms="0.270" />
  <stringconstants candidates="13762" cleared="0"  />
</gc-op>
<gc-op id="953" type="classunload" timems="0.004" contextid="949" timestamp="2019-06-17T04:31:59.367">
  <classunload-info classloadercandidates="55" classloadersunloaded="0" classesunloaded="0" anonymousclassesunloaded="0" quiescems="0.000" setupms="0.004" scanms="0.000" postms="0.000" />
</gc-op>
<gc-end id="954" type="partial gc" contextid="949" durationms="4.529" usertimems="8.000" systemtimems="0.000" timestamp="2019-06-17T04:31:59.367" activeThreads="4">
  <mem-info id="955" free="93323264" total="155189248" percent="60">
    <mem type="eden" free="1048512" total="1048576" percent="99" />
    <remembered-set count="60224" freebytes="5953792" totalbytes="6194688" percent="96" regionsoverflowed="0" regionsstable="4" regionsrebuilding="0"/>
  </mem-info>
</gc-end>
<cycle-end id="956" type="partial gc" contextid="949" timestamp="2019-06-17T04:31:59.368" />
  <attribute name="elasticGC enabled" value="1" />
  <attribute name= "numThreadsSpecified" value="4" />
  <attribute name="heapSize specified" value="0" />
  <attribute name="Current GC Util" value="61" />
  <attribute name= "Current Time Running" value="48801" />
  <attribute name ="GC Interval" value="0" />
  <attribute name="ProportionalT" value="61.500000" />
  <attribute name="ProportionalI" value="61.500000" />
  <attribute name="ProportionalH" value="61.500000" />
  <attribute name="Current Error" value="41.000000" />
  <attribute name="IntegralT" value="41.000000" />
  <attribute name="IntegralI" value="41.000000" />
  <attribute name="IntegralH" value="41.000000" />
  <attribute name="DerivativeT" value="61.500000" />
  <attribute name="DerivativeI" value="61.500000" />
  <attribute name="DerivativeH" value="61.500000" />
  <attribute name="Loop Time for DT" value="1.000000" />
  <attribute name="Output H" value="8388608"/>
  <attribute name="Output I" value="200"/>
  <attribute name="Output T" value="4"/>
  <attribute name="Target GC Util Change" value ="20.000000" />
  <attribute name="Current GC Util Change" value="61.000000"/>
  <attribute name="GC Util currently" value="61" />
  <attribute name="CPU Util currently" value="16160317612462" />
<exclusive-end id="957" timestamp="2019-06-17T04:31:59.368" durationms="5.667" />

<exclusive-start id="958" timestamp="2019-06-17T04:31:59.386" intervalms="24.089">
  <response-info timems="0.087" idlems="0.087" threads="0" lastid="0000000002320700" lastname="main" />
</exclusive-start>
<allocation-taxation id="959" taxation-threshold="45088768" timestamp="2019-06-17T04:31:59.386" intervalms="24.133" />
<cycle-start id="960" type="partial gc" contextid="0" timestamp="2019-06-17T04:31:59.387" intervalms="24.176" />
<gc-start id="961" type="partial gc" contextid="960" timestamp="2019-06-17T04:31:59.387">
  <mem-info id="962" free="48234496" total="155189248" percent="31">
    <mem type="eden" free="1048512" total="46137344" percent="2" />
    <remembered-set count="59360" freebytes="5957248" totalbytes="6194688" percent="96" regionsoverflowed="0" regionsstable="5" regionsrebuilding="0"/>
  </mem-info>
</gc-start>
<allocation-stats totalBytes="44806152" >
  <allocated-bytes non-tlh="0" tlh="44806152" arrayletleaf="0"/>
  <largest-consumer threadName="main" threadId="0000000002320700" bytes="44806152" />
</allocation-stats>
<gc-op id="963" type="copy forward" timems="3.253" contextid="960" timestamp="2019-06-17T04:31:59.391">
  <memory-copied type="eden" objects="2" bytes="64" bytesdiscarded="0" />
  <memory-copied type="other" objects="26535" bytes="594864" bytesdiscarded="0" />
  <memory-cardclean objects="480" bytes="144336" />
  <regions eden="43" other="2" />
  <remembered-set-cleared processed="55979" cleared="1348" durationms="0.594" />
  <stringconstants candidates="13762" cleared="0"  />
</gc-op>
<gc-op id="964" type="classunload" timems="0.005" contextid="960" timestamp="2019-06-17T04:31:59.391">
  <classunload-info classloadercandidates="55" classloadersunloaded="0" classesunloaded="0" anonymousclassesunloaded="0" quiescems="0.000" setupms="0.004" scanms="0.000" postms="0.000" />
</gc-op>
<gc-end id="965" type="partial gc" contextid="960" durationms="4.561" usertimems="4.000" systemtimems="0.000" timestamp="2019-06-17T04:31:59.392" activeThreads="1">
  <mem-info id="966" free="93323264" total="155189248" percent="60">
    <mem type="eden" free="1048512" total="1048576" percent="99" />
    <remembered-set count="59456" freebytes="5956864" totalbytes="6194688" percent="96" regionsoverflowed="0" regionsstable="5" regionsrebuilding="0"/>
  </mem-info>
</gc-end>
<cycle-end id="967" type="partial gc" contextid="960" timestamp="2019-06-17T04:31:59.392" />
  <attribute name="elasticGC enabled" value="1" />
  <attribute name= "numThreadsSpecified" value="1" />
  <attribute name="heapSize specified" value="0" />
  <attribute name="Current GC Util" value="57" />
  <attribute name= "Current Time Running" value="48825" />
  <attribute name ="GC Interval" value="0" />
  <attribute name="ProportionalT" value="55.500000" />
  <attribute name="ProportionalI" value="55.500000" />
  <attribute name="ProportionalH" value="55.500000" />
  <attribute name="Current Error" value="37.000000" />
  <attribute name="IntegralT" value="0.000000" />
  <attribute name="IntegralI" value="0.000000" />
  <attribute name="IntegralH" value="0.000000" />
  <attribute name="DerivativeT" value="inf" />
  <attribute name="DerivativeI" value="inf" />
  <attribute name="DerivativeH" value="inf" />
  <attribute name="Loop Time for DT" value="0.000000" />
  <attribute name="Output H" value="8388608"/>
  <attribute name="Output I" value="200"/>
  <attribute name="Output T" value="1"/>
  <attribute name="Target GC Util Change" value ="20.000000" />
  <attribute name="Current GC Util Change" value="57.000000"/>
  <attribute name="GC Util currently" value="57" />
  <attribute name="CPU Util currently" value="16159241729448" />
<exclusive-end id="968" timestamp="2019-06-17T04:31:59.392" durationms="5.897" />

<exclusive-start id="969" timestamp="2019-06-17T04:31:59.411" intervalms="24.356">
  <response-info timems="0.078" idlems="0.078" threads="0" lastid="0000000002320700" lastname="main" />
</exclusive-start>
<allocation-taxation id="970" taxation-threshold="45088768" timestamp="2019-06-17T04:31:59.411" intervalms="24.370" />
<cycle-start id="971" type="partial gc" contextid="0" timestamp="2019-06-17T04:31:59.411" intervalms="24.334" />
<gc-start id="972" type="partial gc" contextid="971" timestamp="2019-06-17T04:31:59.411">
  <mem-info id="973" free="48234496" total="155189248" percent="31">
    <mem type="eden" free="1048512" total="46137344" percent="2" />
    <remembered-set count="58496" freebytes="5960704" totalbytes="6194688" percent="96" regionsoverflowed="0" regionsstable="6" regionsrebuilding="0"/>
  </mem-info>
</gc-start>
<allocation-stats totalBytes="44806128" >
  <allocated-bytes non-tlh="0" tlh="44806128" arrayletleaf="0"/>
  <largest-consumer threadName="main" threadId="0000000002320700" bytes="44806128" />
</allocation-stats>
<gc-op id="974" type="copy forward" timems="3.438" contextid="971" timestamp="2019-06-17T04:31:59.416">
  <memory-copied type="eden" objects="2" bytes="64" bytesdiscarded="0" />
  <memory-copied type="other" objects="26535" bytes="594864" bytesdiscarded="0" />
  <memory-cardclean objects="480" bytes="144336" />
  <regions eden="43" other="2" />
  <remembered-set-cleared processed="55212" cleared="1302" durationms="0.608" />
  <stringconstants candidates="13762" cleared="0"  />
</gc-op>
<gc-op id="975" type="classunload" timems="0.005" contextid="971" timestamp="2019-06-17T04:31:59.416">
  <classunload-info classloadercandidates="55" classloadersunloaded="0" classesunloaded="0" anonymousclassesunloaded="0" quiescems="0.000" setupms="0.004" scanms="0.000" postms="0.000" />
</gc-op>
<gc-end id="976" type="partial gc" contextid="971" durationms="4.738" usertimems="4.000" systemtimems="0.000" timestamp="2019-06-17T04:31:59.416" activeThreads="1">
  <mem-info id="977" free="93323264" total="155189248" percent="60">
    <mem type="eden" free="1048512" total="1048576" percent="99" />
    <remembered-set count="58688" freebytes="5959936" totalbytes="6194688" percent="96" regionsoverflowed="0" regionsstable="6" regionsrebuilding="0"/>
  </mem-info>
</gc-end>
<cycle-end id="978" type="partial gc" contextid="971" timestamp="2019-06-17T04:31:59.416" />
  <attribute name="elasticGC enabled" value="1" />
  <attribute name= "numThreadsSpecified" value="1" />
  <attribute name="heapSize specified" value="0" />
  <attribute name="Current GC Util" value="63" />
  <attribute name= "Current Time Running" value="48849" />
  <attribute name ="GC Interval" value="0" />
  <attribute name="ProportionalT" value="64.500000" />
  <attribute name="ProportionalI" value="64.500000" />
  <attribute name="ProportionalH" value="64.500000" />
  <attribute name="Current Error" value="43.000000" />
  <attribute name="IntegralT" value="0.000000" />
  <attribute name="IntegralI" value="0.000000" />
  <attribute name="IntegralH" value="0.000000" />
  <attribute name="DerivativeT" value="inf" />
  <attribute name="DerivativeI" value="inf" />
  <attribute name="DerivativeH" value="inf" />
  <attribute name="Loop Time for DT" value="0.000000" />
  <attribute name="Output H" value="8388608"/>
  <attribute name="Output I" value="200"/>
  <attribute name="Output T" value="1"/>
  <attribute name="Target GC Util Change" value ="20.000000" />
  <attribute name="Current GC Util Change" value="63.000000"/>
  <attribute name="GC Util currently" value="63" />
  <attribute name="CPU Util currently" value="16095006079856" />
<exclusive-end id="979" timestamp="2019-06-17T04:31:59.417" durationms="6.076" />

<exclusive-start id="980" timestamp="2019-06-17T04:31:59.435" intervalms="24.627">
  <response-info timems="0.220" idlems="0.220" threads="0" lastid="0000000002320700" lastname="main" />
</exclusive-start>
<allocation-taxation id="981" taxation-threshold="45088768" timestamp="2019-06-17T04:31:59.435" intervalms="24.593" />
<cycle-start id="982" type="partial gc" contextid="0" timestamp="2019-06-17T04:31:59.436" intervalms="24.593" />
<gc-start id="983" type="partial gc" contextid="982" timestamp="2019-06-17T04:31:59.436">
  <mem-info id="984" free="48234496" total="155189248" percent="31">
    <mem type="eden" free="1048512" total="46137344" percent="2" />
    <remembered-set count="57824" freebytes="5963392" totalbytes="6194688" percent="96" regionsoverflowed="0" regionsstable="7" regionsrebuilding="0"/>
  </mem-info>
</gc-start>
<allocation-stats totalBytes="44806152" >
  <allocated-bytes non-tlh="0" tlh="44806152" arrayletleaf="0"/>
  <largest-consumer threadName="main" threadId="0000000002320700" bytes="44806152" />
</allocation-stats>
<gc-op id="985" type="copy forward" timems="3.285" contextid="982" timestamp="2019-06-17T04:31:59.440">
  <memory-copied type="eden" objects="2" bytes="64" bytesdiscarded="0" />
  <memory-copied type="other" objects="26535" bytes="594864" bytesdiscarded="0" />
  <memory-cardclean objects="480" bytes="144336" />
  <regions eden="43" other="2" />
  <remembered-set-cleared processed="54635" cleared="1301" durationms="0.593" />
  <stringconstants candidates="13762" cleared="0"  />
</gc-op>
<gc-op id="986" type="classunload" timems="0.005" contextid="982" timestamp="2019-06-17T04:31:59.440">
  <classunload-info classloadercandidates="55" classloadersunloaded="0" classesunloaded="0" anonymousclassesunloaded="0" quiescems="0.000" setupms="0.004" scanms="0.000" postms="0.000" />
</gc-op>
<gc-end id="987" type="partial gc" contextid="982" durationms="4.770" usertimems="8.000" systemtimems="0.000" timestamp="2019-06-17T04:31:59.441" activeThreads="1">
  <mem-info id="988" free="93323264" total="155189248" percent="60">
    <mem type="eden" free="1048512" total="1048576" percent="99" />
    <remembered-set count="58016" freebytes="5962624" totalbytes="6194688" percent="96" regionsoverflowed="0" regionsstable="7" regionsrebuilding="0"/>
  </mem-info>
</gc-end>
<cycle-end id="989" type="partial gc" contextid="982" timestamp="2019-06-17T04:31:59.441" />
  <attribute name="elasticGC enabled" value="1" />
  <attribute name= "numThreadsSpecified" value="1" />
  <attribute name="heapSize specified" value="0" />
  <attribute name="Current GC Util" value="59" />
  <attribute name= "Current Time Running" value="48874" />
  <attribute name ="GC Interval" value="0" />
  <attribute name="ProportionalT" value="58.500000" />
  <attribute name="ProportionalI" value="58.500000" />
  <attribute name="ProportionalH" value="58.500000" />
  <attribute name="Current Error" value="39.000000" />
  <attribute name="IntegralT" value="0.000000" />
  <attribute name="IntegralI" value="0.000000" />
  <attribute name="IntegralH" value="0.000000" />
  <attribute name="DerivativeT" value="inf" />
  <attribute name="DerivativeI" value="inf" />
  <attribute name="DerivativeH" value="inf" />
  <attribute name="Loop Time for DT" value="0.000000" />
  <attribute name="Output H" value="8388608"/>
  <attribute name="Output I" value="200"/>
  <attribute name="Output T" value="1"/>
  <attribute name="Target GC Util Change" value ="20.000000" />
  <attribute name="Current GC Util Change" value="59.000000"/>
  <attribute name="GC Util currently" value="59" />
  <attribute name="CPU Util currently" value="16338722066720" />
<exclusive-end id="990" timestamp="2019-06-17T04:31:59.441" durationms="6.008" />

<exclusive-start id="991" timestamp="2019-06-17T04:31:59.460" intervalms="24.414">
  <response-info timems="0.114" idlems="0.114" threads="0" lastid="0000000002320700" lastname="main" />
</exclusive-start>
<allocation-taxation id="992" taxation-threshold="45088768" timestamp="2019-06-17T04:31:59.460" intervalms="24.385" />
<cycle-start id="993" type="partial gc" contextid="0" timestamp="2019-06-17T04:31:59.460" intervalms="24.379" />
<gc-start id="994" type="partial gc" contextid="993" timestamp="2019-06-17T04:31:59.460">
  <mem-info id="995" free="48234496" total="155189248" percent="31">
    <mem type="eden" free="1048512" total="46137344" percent="2" />
    <remembered-set count="57696" freebytes="5963904" totalbytes="6194688" percent="96" regionsoverflowed="0" regionsstable="8" regionsrebuilding="0"/>
  </mem-info>
</gc-start>
<allocation-stats totalBytes="44806128" >
  <allocated-bytes non-tlh="0" tlh="44806128" arrayletleaf="0"/>
  <largest-consumer threadName="main" threadId="0000000002320700" bytes="44806128" />
</allocation-stats>
<gc-op id="996" type="copy forward" timems="1.504" contextid="993" timestamp="2019-06-17T04:31:59.463">
  <memory-copied type="eden" objects="2" bytes="64" bytesdiscarded="0" />
  <memory-copied type="other" objects="27" bytes="1920" bytesdiscarded="0" />
  <memory-cardclean objects="58" bytes="2056" />
  <regions eden="43" other="2" />
  <remembered-set-cleared processed="54562" cleared="43" durationms="0.595" />
  <stringconstants candidates="13762" cleared="0"  />
</gc-op>
<gc-op id="997" type="classunload" timems="0.005" contextid="993" timestamp="2019-06-17T04:31:59.463">
  <classunload-info classloadercandidates="55" classloadersunloaded="0" classesunloaded="0" anonymousclassesunloaded="0" quiescems="0.000" setupms="0.004" scanms="0.000" postms="0.000" />
</gc-op>
<gc-end id="998" type="partial gc" contextid="993" durationms="2.756" usertimems="4.000" systemtimems="0.000" timestamp="2019-06-17T04:31:59.463" activeThreads="1">
  <mem-info id="999" free="93323264" total="155189248" percent="60">
    <mem type="eden" free="1048512" total="1048576" percent="99" />
    <remembered-set count="58048" freebytes="5962496" totalbytes="6194688" percent="96" regionsoverflowed="0" regionsstable="8" regionsrebuilding="0"/>
  </mem-info>
</gc-end>
<cycle-end id="1000" type="partial gc" contextid="993" timestamp="2019-06-17T04:31:59.463" />
  <attribute name="elasticGC enabled" value="1" />
  <attribute name= "numThreadsSpecified" value="1" />
  <attribute name="heapSize specified" value="0" />
  <attribute name="Current GC Util" value="57" />
  <attribute name= "Current Time Running" value="48898" />
  <attribute name ="GC Interval" value="0" />
  <attribute name="ProportionalT" value="55.500000" />
  <attribute name="ProportionalI" value="55.500000" />
  <attribute name="ProportionalH" value="55.500000" />
  <attribute name="Current Error" value="37.000000" />
  <attribute name="IntegralT" value="0.000000" />
  <attribute name="IntegralI" value="0.000000" />
  <attribute name="IntegralH" value="0.000000" />
  <attribute name="DerivativeT" value="inf" />
  <attribute name="DerivativeI" value="inf" />
  <attribute name="DerivativeH" value="inf" />
  <attribute name="Loop Time for DT" value="0.000000" />
  <attribute name="Output H" value="8388608"/>
  <attribute name="Output I" value="200"/>
  <attribute name="Output T" value="1"/>
  <attribute name="Target GC Util Change" value ="20.000000" />
  <attribute name="Current GC Util Change" value="57.000000"/>
  <attribute name="GC Util currently" value="57" />
  <attribute name="CPU Util currently" value="16099894557459" />
<exclusive-end id="1001" timestamp="2019-06-17T04:31:59.464" durationms="4.033" />

<exclusive-start id="1002" timestamp="2019-06-17T04:31:59.482" intervalms="22.639">
  <response-info timems="0.230" idlems="0.230" threads="0" lastid="0000000002320700" lastname="main" />
</exclusive-start>
<allocation-taxation id="1003" taxation-threshold="45088768" timestamp="2019-06-17T04:31:59.482" intervalms="22.653" />
<cycle-start id="1004" type="partial gc" contextid="0" timestamp="2019-06-17T04:31:59.483" intervalms="22.649" />
<gc-start id="1005" type="partial gc" contextid="1004" timestamp="2019-06-17T04:31:59.483">
  <mem-info id="1006" free="48234496" total="155189248" percent="31">
    <mem type="eden" free="1048512" total="46137344" percent="2" />
    <remembered-set count="57696" freebytes="5963904" totalbytes="6194688" percent="96" regionsoverflowed="0" regionsstable="8" regionsrebuilding="0"/>
  </mem-info>
</gc-start>
<allocation-stats totalBytes="44806128" >
  <allocated-bytes non-tlh="0" tlh="44806128" arrayletleaf="0"/>
  <largest-consumer threadName="main" threadId="0000000002320700" bytes="44806128" />
</allocation-stats>
<gc-op id="1007" type="copy forward" timems="1.503" contextid="1004" timestamp="2019-06-17T04:31:59.485">
  <memory-copied type="eden" objects="2" bytes="64" bytesdiscarded="0" />
  <memory-copied type="other" objects="27" bytes="1920" bytesdiscarded="0" />
  <memory-cardclean objects="58" bytes="2056" />
  <regions eden="43" other="2" />
  <remembered-set-cleared processed="54563" cleared="44" durationms="0.610" />
  <stringconstants candidates="13762" cleared="0"  />
</gc-op>
<gc-op id="1008" type="classunload" timems="0.004" contextid="1004" timestamp="2019-06-17T04:31:59.486">
  <classunload-info classloadercandidates="55" classloadersunloaded="0" classesunloaded="0" anonymousclassesunloaded="0" quiescems="0.000" setupms="0.004" scanms="0.000" postms="0.000" />
</gc-op>
<gc-end id="1009" type="partial gc" contextid="1004" durationms="2.785" usertimems="4.000" systemtimems="0.000" timestamp="2019-06-17T04:31:59.486" activeThreads="1">
  <mem-info id="1010" free="93323264" total="155189248" percent="60">
    <mem type="eden" free="1048512" total="1048576" percent="99" />
    <remembered-set count="58048" freebytes="5962496" totalbytes="6194688" percent="96" regionsoverflowed="0" regionsstable="8" regionsrebuilding="0"/>
  </mem-info>
</gc-end>
<cycle-end id="1011" type="partial gc" contextid="1004" timestamp="2019-06-17T04:31:59.486" />
  <attribute name="elasticGC enabled" value="1" />
  <attribute name= "numThreadsSpecified" value="1" />
  <attribute name="heapSize specified" value="0" />
  <attribute name="Current GC Util" value="62" />
  <attribute name= "Current Time Running" value="48921" />
  <attribute name ="GC Interval" value="0" />
  <attribute name="ProportionalT" value="63.000000" />
  <attribute name="ProportionalI" value="63.000000" />
  <attribute name="ProportionalH" value="63.000000" />
  <attribute name="Current Error" value="42.000000" />
  <attribute name="IntegralT" value="0.000000" />
  <attribute name="IntegralI" value="0.000000" />
  <attribute name="IntegralH" value="0.000000" />
  <attribute name="DerivativeT" value="inf" />
  <attribute name="DerivativeI" value="inf" />
  <attribute name="DerivativeH" value="inf" />
  <attribute name="Loop Time for DT" value="0.000000" />
  <attribute name="Output H" value="8388608"/>
  <attribute name="Output I" value="200"/>
  <attribute name="Output T" value="1"/>
  <attribute name="Target GC Util Change" value ="20.000000" />
  <attribute name="Current GC Util Change" value="62.000000"/>
  <attribute name="GC Util currently" value="62" />
  <attribute name="CPU Util currently" value="16969513865975" />
<exclusive-end id="1012" timestamp="2019-06-17T04:31:59.486" durationms="4.016" />

<exclusive-start id="1013" timestamp="2019-06-17T04:31:59.615" intervalms="132.279">
  <response-info timems="0.059" idlems="0.059" threads="0" lastid="0000000002320700" lastname="main" />
</exclusive-start>
<allocation-taxation id="1014" taxation-threshold="45088768" timestamp="2019-06-17T04:31:59.615" intervalms="132.240" />
<cycle-start id="1015" type="partial gc" contextid="0" timestamp="2019-06-17T04:31:59.615" intervalms="132.214" />
<gc-start id="1016" type="partial gc" contextid="1015" timestamp="2019-06-17T04:31:59.615">
  <mem-info id="1017" free="48234496" total="155189248" percent="31">
    <mem type="eden" free="1048512" total="46137344" percent="2" />
    <remembered-set count="57696" freebytes="5963904" totalbytes="6194688" percent="96" regionsoverflowed="0" regionsstable="8" regionsrebuilding="0"/>
  </mem-info>
</gc-start>
<allocation-stats totalBytes="45077312" >
  <allocated-bytes non-tlh="0" tlh="45077312" arrayletleaf="0"/>
  <largest-consumer threadName="main" threadId="0000000002320700" bytes="45077312" />
</allocation-stats>
<gc-op id="1018" type="copy forward" timems="1.449" contextid="1015" timestamp="2019-06-17T04:31:59.617">
  <memory-copied type="eden" objects="154" bytes="5080" bytesdiscarded="0" />
  <memory-copied type="other" objects="8" bytes="184" bytesdiscarded="0" />
  <memory-cardclean objects="102" bytes="3632" />
  <regions eden="43" other="2" />
  <remembered-set-cleared processed="54563" cleared="59" durationms="0.576" />
  <stringconstants candidates="13762" cleared="0"  />
</gc-op>
<gc-op id="1019" type="classunload" timems="0.004" contextid="1015" timestamp="2019-06-17T04:31:59.617">
  <classunload-info classloadercandidates="55" classloadersunloaded="0" classesunloaded="0" anonymousclassesunloaded="0" quiescems="0.000" setupms="0.004" scanms="0.000" postms="0.000" />
</gc-op>
<gc-end id="1020" type="partial gc" contextid="1015" durationms="2.591" usertimems="8.000" systemtimems="0.000" timestamp="2019-06-17T04:31:59.618" activeThreads="1">
  <mem-info id="1021" free="93323264" total="155189248" percent="60">
    <mem type="eden" free="1043496" total="1048576" percent="99" />
    <remembered-set count="58048" freebytes="5962496" totalbytes="6194688" percent="96" regionsoverflowed="0" regionsstable="8" regionsrebuilding="0"/>
  </mem-info>
</gc-end>
<cycle-end id="1022" type="partial gc" contextid="1015" timestamp="2019-06-17T04:31:59.618" />
  <attribute name="elasticGC enabled" value="1" />
  <attribute name= "numThreadsSpecified" value="1" />
  <attribute name="heapSize specified" value="0" />
  <attribute name="Current GC Util" value="62" />
  <attribute name= "Current Time Running" value="49053" />
  <attribute name ="GC Interval" value="0" />
  <attribute name="ProportionalT" value="63.000000" />
  <attribute name="ProportionalI" value="63.000000" />
  <attribute name="ProportionalH" value="63.000000" />
  <attribute name="Current Error" value="42.000000" />
  <attribute name="IntegralT" value="0.000000" />
  <attribute name="IntegralI" value="0.000000" />
  <attribute name="IntegralH" value="0.000000" />
  <attribute name="DerivativeT" value="inf" />
  <attribute name="DerivativeI" value="inf" />
  <attribute name="DerivativeH" value="inf" />
  <attribute name="Loop Time for DT" value="0.000000" />
  <attribute name="Output H" value="8388608"/>
  <attribute name="Output I" value="200"/>
  <attribute name="Output T" value="1"/>
  <attribute name="Target GC Util Change" value ="20.000000" />
  <attribute name="Current GC Util Change" value="62.000000"/>
  <attribute name="GC Util currently" value="62" />
  <attribute name="CPU Util currently" value="18366080162691" />
<exclusive-end id="1023" timestamp="2019-06-17T04:31:59.618" durationms="3.683" />

<exclusive-start id="1024" timestamp="2019-06-17T04:31:59.797" intervalms="182.699">
  <response-info timems="0.082" idlems="0.082" threads="0" lastid="0000000002320700" lastname="main" />
</exclusive-start>
<allocation-taxation id="1025" taxation-threshold="45088768" timestamp="2019-06-17T04:31:59.797" intervalms="182.806" />
<cycle-start id="1026" type="partial gc" contextid="0" timestamp="2019-06-17T04:31:59.798" intervalms="182.805" />
<gc-start id="1027" type="partial gc" contextid="1026" timestamp="2019-06-17T04:31:59.798">
  <mem-info id="1028" free="48234496" total="155189248" percent="31">
    <mem type="eden" free="0" total="45088768" percent="0" />
    <remembered-set count="57760" freebytes="5963648" totalbytes="6194688" percent="96" regionsoverflowed="0" regionsstable="8" regionsrebuilding="0"/>
  </mem-info>
</gc-start>
<allocation-stats totalBytes="45082560" >
  <allocated-bytes non-tlh="0" tlh="45082560" arrayletleaf="0"/>
  <largest-consumer threadName="main" threadId="0000000002320700" bytes="45082560" />
</allocation-stats>
<gc-op id="1029" type="copy forward" timems="1.610" contextid="1026" timestamp="2019-06-17T04:31:59.800">
  <memory-copied type="eden" objects="243" bytes="7912" bytesdiscarded="696" />
  <memory-copied type="other" objects="15" bytes="344" bytesdiscarded="696" />
  <memory-cardclean objects="141" bytes="12736" />
  <regions eden="43" other="2" />
  <remembered-set-cleared processed="54597" cleared="123" durationms="0.254" />
  <references type="weak" candidates="37" cleared="0" enqueued="0" />
  <stringconstants candidates="13762" cleared="0"  />
</gc-op>
<gc-op id="1030" type="classunload" timems="0.004" contextid="1026" timestamp="2019-06-17T04:31:59.800">
  <classunload-info classloadercandidates="55" classloadersunloaded="0" classesunloaded="0" anonymousclassesunloaded="0" quiescems="0.000" setupms="0.004" scanms="0.000" postms="0.000" />
</gc-op>
<heap-resize id="1031" type="contract" space="default" amount="8388608" count="1" timems="0.066" reason="insufficient time being spent in gc" timestamp="2019-06-17T04:31:59.801" />
<gc-end id="1032" type="partial gc" contextid="1026" durationms="2.831" usertimems="0.000" systemtimems="4.000" timestamp="2019-06-17T04:31:59.801" activeThreads="4">
  <mem-info id="1033" free="83886080" total="146800640" percent="57">
    <mem type="eden" free="1039920" total="1048576" percent="99" />
    <remembered-set count="58368" freebytes="5961216" totalbytes="6194688" percent="96" regionsoverflowed="0" regionsstable="8" regionsrebuilding="0"/>
  </mem-info>
</gc-end>
<cycle-end id="1034" type="partial gc" contextid="1026" timestamp="2019-06-17T04:31:59.801" />
  <attribute name="elasticGC enabled" value="1" />
  <attribute name= "numThreadsSpecified" value="4" />
  <attribute name="heapSize specified" value="0" />
  <attribute name="Current GC Util" value="66" />
  <attribute name= "Current Time Running" value="49236" />
  <attribute name ="GC Interval" value="0" />
  <attribute name="ProportionalT" value="69.000000" />
  <attribute name="ProportionalI" value="69.000000" />
  <attribute name="ProportionalH" value="69.000000" />
  <attribute name="Current Error" value="46.000000" />
  <attribute name="IntegralT" value="46.000000" />
  <attribute name="IntegralI" value="46.000000" />
  <attribute name="IntegralH" value="46.000000" />
  <attribute name="DerivativeT" value="69.000000" />
  <attribute name="DerivativeI" value="69.000000" />
  <attribute name="DerivativeH" value="69.000000" />
  <attribute name="Loop Time for DT" value="1.000000" />
  <attribute name="Output H" value="8388608"/>
  <attribute name="Output I" value="200"/>
  <attribute name="Output T" value="4"/>
  <attribute name="Target GC Util Change" value ="20.000000" />
  <attribute name="Current GC Util Change" value="66.000000"/>
  <attribute name="GC Util currently" value="66" />
  <attribute name="CPU Util currently" value="19706038682473" />
<exclusive-end id="1035" timestamp="2019-06-17T04:31:59.801" durationms="3.995" />

<exclusive-start id="1036" timestamp="2019-06-17T04:31:59.877" intervalms="80.228">
  <response-info timems="0.070" idlems="0.070" threads="0" lastid="0000000002320700" lastname="main" />
</exclusive-start>
<allocation-taxation id="1037" taxation-threshold="42991616" timestamp="2019-06-17T04:31:59.878" intervalms="80.151" />
<cycle-start id="1038" type="partial gc" contextid="0" timestamp="2019-06-17T04:31:59.878" intervalms="80.218" />
<gc-start id="1039" type="partial gc" contextid="1038" timestamp="2019-06-17T04:31:59.878">
  <mem-info id="1040" free="40894464" total="146800640" percent="27">
    <mem type="eden" free="0" total="42991616" percent="0" />
    <remembered-set count="57984" freebytes="5962752" totalbytes="6194688" percent="96" regionsoverflowed="0" regionsstable="8" regionsrebuilding="0"/>
  </mem-info>
</gc-start>
<allocation-stats totalBytes="42976040" >
  <allocated-bytes non-tlh="0" tlh="42976040" arrayletleaf="0"/>
  <largest-consumer threadName="main" threadId="0000000002320700" bytes="42976040" />
</allocation-stats>
<gc-op id="1041" type="copy forward" timems="1.357" contextid="1038" timestamp="2019-06-17T04:31:59.881">
  <memory-copied type="eden" objects="24" bytes="888" bytesdiscarded="0" />
  <memory-copied type="other" objects="110" bytes="3680" bytesdiscarded="0" />
  <memory-cardclean objects="83" bytes="10912" />
  <regions eden="41" other="2" />
  <remembered-set-cleared processed="54636" cleared="125" durationms="0.533" />
  <references type="weak" candidates="37" cleared="0" enqueued="0" />
  <stringconstants candidates="13762" cleared="0"  />
</gc-op>
<gc-op id="1042" type="classunload" timems="0.004" contextid="1038" timestamp="2019-06-17T04:31:59.881">
  <classunload-info classloadercandidates="55" classloadersunloaded="0" classesunloaded="0" anonymousclassesunloaded="0" quiescems="0.000" setupms="0.003" scanms="0.000" postms="0.000" />
</gc-op>
<heap-resize id="1043" type="contract" space="default" amount="7340032" count="1" timems="0.054" reason="insufficient time being spent in gc" timestamp="2019-06-17T04:31:59.881" />
<gc-end id="1044" type="partial gc" contextid="1038" durationms="3.098" usertimems="0.000" systemtimems="4.000" timestamp="2019-06-17T04:31:59.881" activeThreads="1">
  <mem-info id="1045" free="75497472" total="139460608" percent="54">
    <mem type="eden" free="1047688" total="1048576" percent="99" />
    <remembered-set count="57632" freebytes="5629312" totalbytes="5859840" percent="96" regionsoverflowed="0" regionsstable="8" regionsrebuilding="0"/>
  </mem-info>
</gc-end>
<cycle-end id="1046" type="partial gc" contextid="1038" timestamp="2019-06-17T04:31:59.881" />
  <attribute name="elasticGC enabled" value="1" />
  <attribute name= "numThreadsSpecified" value="1" />
  <attribute name="heapSize specified" value="0" />
  <attribute name="Current GC Util" value="30" />
  <attribute name= "Current Time Running" value="49316" />
  <attribute name ="GC Interval" value="0" />
  <attribute name="ProportionalT" value="15.000000" />
  <attribute name="ProportionalI" value="15.000000" />
  <attribute name="ProportionalH" value="15.000000" />
  <attribute name="Current Error" value="10.000000" />
  <attribute name="IntegralT" value="0.000000" />
  <attribute name="IntegralI" value="0.000000" />
  <attribute name="IntegralH" value="0.000000" />
  <attribute name="DerivativeT" value="inf" />
  <attribute name="DerivativeI" value="inf" />
  <attribute name="DerivativeH" value="inf" />
  <attribute name="Loop Time for DT" value="0.000000" />
  <attribute name="Output H" value="8388608"/>
  <attribute name="Output I" value="200"/>
  <attribute name="Output T" value="1"/>
  <attribute name="Target GC Util Change" value ="20.000000" />
  <attribute name="Current GC Util Change" value="30.000000"/>
  <attribute name="GC Util currently" value="30" />
  <attribute name="CPU Util currently" value="7255151077774" />
<exclusive-end id="1047" timestamp="2019-06-17T04:31:59.882" durationms="4.320" />

<exclusive-start id="1048" timestamp="2019-06-17T04:31:59.903" intervalms="25.964">
  <response-info timems="0.029" idlems="0.029" threads="0" lastid="0000000002320700" lastname="main" />
</exclusive-start>
<allocation-taxation id="1049" taxation-threshold="19922944" timestamp="2019-06-17T04:31:59.904" intervalms="25.896" />
<cycle-start id="1050" type="global mark phase" contextid="0" timestamp="2019-06-17T04:31:59.904" intervalms="6772.295" />
<gc-start id="1051" type="global mark phase" contextid="1050" timestamp="2019-06-17T04:31:59.904">
  <mem-info id="1052" free="55574528" total="139460608" percent="39">
    <remembered-set count="57344" freebytes="5630464" totalbytes="5859840" percent="96" regionsoverflowed="0" regionsstable="8" regionsrebuilding="0"/>
  </mem-info>
</gc-start>
<gc-op id="1053" type="mark increment" timems="0.660" contextid="1050" timestamp="2019-06-17T04:31:59.905">
  <trace-info objectcount="179" scancount="0" scanbytes="0" />
</gc-op>
<gc-end id="1054" type="global mark phase" contextid="1050" durationms="0.946" usertimems="4.000" systemtimems="0.000" timestamp="2019-06-17T04:31:59.905" activeThreads="1">
  <mem-info id="1055" free="55574528" total="139460608" percent="39">
    <remembered-set count="57344" freebytes="5630464" totalbytes="5859840" percent="96" regionsoverflowed="0" regionsstable="0" regionsrebuilding="8"/>
  </mem-info>
</gc-end>
<concurrent-start id="1056" type="GMP work packet processing" contextid="1050" timestamp="2019-06-17T04:31:59.905">
  <concurrent-mark-start scanTarget="1048576" />
</concurrent-start>
<exclusive-end id="1057" timestamp="2019-06-17T04:31:59.905" durationms="1.750" />

<concurrent-end id="1058" type="GMP work packet processing" contextid="1050" timestamp="2019-06-17T04:31:59.907">
  <concurrent-mark-end bytesScanned="1102536" reasonForTermination="Work target met" />
</concurrent-end>

<exclusive-start id="1059" timestamp="2019-06-17T04:31:59.923" intervalms="20.000">
  <response-info timems="0.074" idlems="0.074" threads="0" lastid="0000000002320700" lastname="main" />
</exclusive-start>
<allocation-taxation id="1060" taxation-threshold="19922944" timestamp="2019-06-17T04:31:59.924" intervalms="20.033" />
<cycle-start id="1061" type="partial gc" contextid="0" timestamp="2019-06-17T04:31:59.924" intervalms="45.814" />
<gc-start id="1062" type="partial gc" contextid="1061" timestamp="2019-06-17T04:31:59.924">
  <mem-info id="1063" free="35651584" total="139460608" percent="25">
    <mem type="eden" free="0" total="39845888" percent="0" />
    <remembered-set count="57344" freebytes="5630464" totalbytes="5859840" percent="96" regionsoverflowed="0" regionsstable="0" regionsrebuilding="8"/>
  </mem-info>
</gc-start>
<allocation-stats totalBytes="39825256" >
  <allocated-bytes non-tlh="0" tlh="39825256" arrayletleaf="0"/>
  <largest-consumer threadName="main" threadId="0000000002320700" bytes="19912984" />
</allocation-stats>
<gc-op id="1064" type="copy forward" timems="1.705" contextid="1061" timestamp="2019-06-17T04:31:59.927">
  <memory-copied type="eden" objects="7" bytes="304" bytesdiscarded="0" />
  <memory-copied type="other" objects="121" bytes="4088" bytesdiscarded="0" />
  <memory-cardclean objects="58" bytes="10120" />
  <regions eden="38" other="2" />
  <remembered-set-cleared processed="54619" cleared="101" durationms="0.533" />
  <references type="weak" candidates="37" cleared="0" enqueued="0" />
  <stringconstants candidates="13762" cleared="0"  />
</gc-op>
<gc-op id="1065" type="classunload" timems="0.004" contextid="1061" timestamp="2019-06-17T04:31:59.927">
  <classunload-info classloadercandidates="55" classloadersunloaded="0" classesunloaded="0" anonymousclassesunloaded="0" quiescems="0.000" setupms="0.004" scanms="0.000" postms="0.000" />
</gc-op>
<gc-end id="1066" type="partial gc" contextid="1061" durationms="3.243" usertimems="4.000" systemtimems="0.000" timestamp="2019-06-17T04:31:59.927" activeThreads="1">
  <mem-info id="1067" free="74448896" total="139460608" percent="53">
    <mem type="eden" free="1048272" total="1048576" percent="99" />
    <remembered-set count="57664" freebytes="5336192" totalbytes="5566848" percent="95" regionsoverflowed="0" regionsstable="0" regionsrebuilding="8"/>
  </mem-info>
</gc-end>
<cycle-end id="1068" type="partial gc" contextid="1061" timestamp="2019-06-17T04:31:59.927" />
  <attribute name="elasticGC enabled" value="1" />
  <attribute name= "numThreadsSpecified" value="1" />
  <attribute name="heapSize specified" value="0" />
  <attribute name="Current GC Util" value="25" />
  <attribute name= "Current Time Running" value="49362" />
  <attribute name ="GC Interval" value="0" />
  <attribute name="ProportionalT" value="7.500000" />
  <attribute name="ProportionalI" value="7.500000" />
  <attribute name="ProportionalH" value="7.500000" />
  <attribute name="Current Error" value="5.000000" />
  <attribute name="IntegralT" value="0.000000" />
  <attribute name="IntegralI" value="0.000000" />
  <attribute name="IntegralH" value="0.000000" />
  <attribute name="DerivativeT" value="inf" />
  <attribute name="DerivativeI" value="inf" />
  <attribute name="DerivativeH" value="inf" />
  <attribute name="Loop Time for DT" value="0.000000" />
  <attribute name="Output H" value="8388608"/>
  <attribute name="Output I" value="200"/>
  <attribute name="Output T" value="1"/>
  <attribute name="Target GC Util Change" value ="20.000000" />
  <attribute name="Current GC Util Change" value="25.000000"/>
  <attribute name="GC Util currently" value="25" />
  <attribute name="CPU Util currently" value="7842563251332" />
<exclusive-end id="1069" timestamp="2019-06-17T04:31:59.928" durationms="4.319" />

<exclusive-start id="1070" timestamp="2019-06-17T04:31:59.945" intervalms="21.766">
  <response-info timems="0.173" idlems="0.173" threads="0" lastid="0000000002320700" lastname="main" />
</exclusive-start>
<allocation-taxation id="1071" taxation-threshold="19922944" timestamp="2019-06-17T04:31:59.945" intervalms="21.810" />
<gc-start id="1072" type="global mark phase" contextid="1050" timestamp="2019-06-17T04:31:59.946">
  <mem-info id="1073" free="54525952" total="139460608" percent="39">
    <remembered-set count="57376" freebytes="5337344" totalbytes="5566848" percent="95" regionsoverflowed="0" regionsstable="0" regionsrebuilding="8"/>
  </mem-info>
</gc-start>
<gc-end id="1074" type="global mark phase" contextid="1050" durationms="0.133" usertimems="0.000" systemtimems="0.000" timestamp="2019-06-17T04:31:59.946" activeThreads="1">
  <mem-info id="1075" free="54525952" total="139460608" percent="39">
    <remembered-set count="57376" freebytes="5337344" totalbytes="5566848" percent="95" regionsoverflowed="0" regionsstable="0" regionsrebuilding="8"/>
  </mem-info>
</gc-end>
<concurrent-start id="1076" type="GMP work packet processing" contextid="1050" timestamp="2019-06-17T04:31:59.946">
  <concurrent-mark-start scanTarget="1281427" />
</concurrent-start>
<exclusive-end id="1077" timestamp="2019-06-17T04:31:59.947" durationms="2.315" />

<concurrent-end id="1078" type="GMP work packet processing" contextid="1050" timestamp="2019-06-17T04:31:59.948">
  <concurrent-mark-end bytesScanned="1321384" reasonForTermination="Work target met" />
</concurrent-end>

<exclusive-start id="1079" timestamp="2019-06-17T04:31:59.965" intervalms="19.711">
  <response-info timems="0.112" idlems="0.112" threads="0" lastid="0000000002320700" lastname="main" />
</exclusive-start>
<allocation-taxation id="1080" taxation-threshold="19922944" timestamp="2019-06-17T04:31:59.965" intervalms="19.660" />
<cycle-start id="1081" type="partial gc" contextid="0" timestamp="2019-06-17T04:31:59.965" intervalms="41.530" />
<gc-start id="1082" type="partial gc" contextid="1081" timestamp="2019-06-17T04:31:59.966">
  <mem-info id="1083" free="34603008" total="139460608" percent="24">
    <mem type="eden" free="1048272" total="40894464" percent="2" />
    <remembered-set count="57376" freebytes="5337344" totalbytes="5566848" percent="95" regionsoverflowed="0" regionsstable="0" regionsrebuilding="8"/>
  </mem-info>
</gc-start>
<allocation-stats totalBytes="39825144" >
  <allocated-bytes non-tlh="0" tlh="39825144" arrayletleaf="0"/>
  <largest-consumer threadName="main" threadId="0000000002320700" bytes="19913048" />
</allocation-stats>
<gc-op id="1084" type="copy forward" timems="1.717" contextid="1081" timestamp="2019-06-17T04:31:59.968">
  <memory-copied type="eden" objects="6" bytes="384" bytesdiscarded="0" />
  <memory-copied type="other" objects="18" bytes="568" bytesdiscarded="0" />
  <memory-cardclean objects="43" bytes="1480" />
  <regions eden="38" other="2" />
  <remembered-set-cleared processed="54621" cleared="31" durationms="0.611" />
  <stringconstants candidates="13762" cleared="0"  />
</gc-op>
<gc-op id="1085" type="classunload" timems="0.005" contextid="1081" timestamp="2019-06-17T04:31:59.968">
  <classunload-info classloadercandidates="55" classloadersunloaded="0" classesunloaded="0" anonymousclassesunloaded="0" quiescems="0.000" setupms="0.004" scanms="0.000" postms="0.000" />
</gc-op>
<gc-end id="1086" type="partial gc" contextid="1081" durationms="2.971" usertimems="4.000" systemtimems="0.000" timestamp="2019-06-17T04:31:59.969" activeThreads="1">
  <mem-info id="1087" free="74448896" total="139460608" percent="53">
    <mem type="eden" free="1048192" total="1048576" percent="99" />
    <remembered-set count="57792" freebytes="5335680" totalbytes="5566848" percent="95" regionsoverflowed="0" regionsstable="0" regionsrebuilding="8"/>
  </mem-info>
</gc-end>
<cycle-end id="1088" type="partial gc" contextid="1081" timestamp="2019-06-17T04:31:59.969" />
  <attribute name="elasticGC enabled" value="1" />
  <attribute name= "numThreadsSpecified" value="1" />
  <attribute name="heapSize specified" value="0" />
  <attribute name="Current GC Util" value="54" />
  <attribute name= "Current Time Running" value="49403" />
  <attribute name ="GC Interval" value="0" />
  <attribute name="ProportionalT" value="51.000000" />
  <attribute name="ProportionalI" value="51.000000" />
  <attribute name="ProportionalH" value="51.000000" />
  <attribute name="Current Error" value="34.000000" />
  <attribute name="IntegralT" value="0.000000" />
  <attribute name="IntegralI" value="0.000000" />
  <attribute name="IntegralH" value="0.000000" />
  <attribute name="DerivativeT" value="inf" />
  <attribute name="DerivativeI" value="inf" />
  <attribute name="DerivativeH" value="inf" />
  <attribute name="Loop Time for DT" value="0.000000" />
  <attribute name="Output H" value="8388608"/>
  <attribute name="Output I" value="200"/>
  <attribute name="Output T" value="1"/>
  <attribute name="Target GC Util Change" value ="20.000000" />
  <attribute name="Current GC Util Change" value="54.000000"/>
  <attribute name="GC Util currently" value="54" />
  <attribute name="CPU Util currently" value="17676609463775" />
<exclusive-end id="1089" timestamp="2019-06-17T04:31:59.969" durationms="4.142" />

<exclusive-start id="1090" timestamp="2019-06-17T04:31:59.987" intervalms="21.652">
  <response-info timems="0.215" idlems="0.215" threads="0" lastid="0000000002320700" lastname="main" />
</exclusive-start>
<allocation-taxation id="1091" taxation-threshold="19922944" timestamp="2019-06-17T04:31:59.987" intervalms="21.679" />
<gc-start id="1092" type="global mark phase" contextid="1050" timestamp="2019-06-17T04:31:59.987">
  <mem-info id="1093" free="54525952" total="139460608" percent="39">
    <remembered-set count="57376" freebytes="5337344" totalbytes="5566848" percent="95" regionsoverflowed="0" regionsstable="0" regionsrebuilding="8"/>
  </mem-info>
</gc-start>
<gc-end id="1094" type="global mark phase" contextid="1050" durationms="0.123" usertimems="0.000" systemtimems="0.000" timestamp="2019-06-17T04:31:59.987" activeThreads="1">
  <mem-info id="1095" free="54525952" total="139460608" percent="39">
    <remembered-set count="57376" freebytes="5337344" totalbytes="5566848" percent="95" regionsoverflowed="0" regionsstable="0" regionsrebuilding="8"/>
  </mem-info>
</gc-end>
<concurrent-start id="1096" type="GMP work packet processing" contextid="1050" timestamp="2019-06-17T04:31:59.987">
  <concurrent-mark-start scanTarget="1048576" />
</concurrent-start>
<concurrent-end id="1097" type="GMP work packet processing" contextid="1050" timestamp="2019-06-17T04:31:59.988">
  <concurrent-mark-end bytesScanned="1085412" reasonForTermination="Work target met" />
</concurrent-end>

<exclusive-end id="1098" timestamp="2019-06-17T04:31:59.988" durationms="1.683" />

<exclusive-start id="1099" timestamp="2019-06-17T04:32:00.006" intervalms="19.023">
  <response-info timems="0.069" idlems="0.069" threads="0" lastid="0000000002320700" lastname="main" />
</exclusive-start>
<allocation-taxation id="1100" taxation-threshold="19922944" timestamp="2019-06-17T04:32:00.006" intervalms="19.012" />
<cycle-start id="1101" type="partial gc" contextid="0" timestamp="2019-06-17T04:32:00.006" intervalms="40.698" />
<gc-start id="1102" type="partial gc" contextid="1101" timestamp="2019-06-17T04:32:00.006">
  <mem-info id="1103" free="34603008" total="139460608" percent="24">
    <mem type="eden" free="1048192" total="40894464" percent="2" />
    <remembered-set count="58144" freebytes="5334272" totalbytes="5566848" percent="95" regionsoverflowed="0" regionsstable="0" regionsrebuilding="8"/>
  </mem-info>
</gc-start>
<allocation-stats totalBytes="39825856" >
  <allocated-bytes non-tlh="0" tlh="39825856" arrayletleaf="0"/>
  <largest-consumer threadName="main" threadId="0000000002320700" bytes="19912872" />
</allocation-stats>
<gc-op id="1104" type="copy forward" timems="1.796" contextid="1101" timestamp="2019-06-17T04:32:00.009">
  <memory-copied type="eden" objects="6" bytes="320" bytesdiscarded="0" />
  <memory-copied type="other" objects="18" bytes="568" bytesdiscarded="0" />
  <memory-cardclean objects="43" bytes="1480" />
  <regions eden="38" other="2" />
  <remembered-set-cleared processed="54708" cleared="31" durationms="0.598" />
  <stringconstants candidates="13762" cleared="0"  />
</gc-op>
<gc-op id="1105" type="classunload" timems="0.005" contextid="1101" timestamp="2019-06-17T04:32:00.009">
  <classunload-info classloadercandidates="55" classloadersunloaded="0" classesunloaded="0" anonymousclassesunloaded="0" quiescems="0.000" setupms="0.005" scanms="0.000" postms="0.000" />
</gc-op>
<gc-end id="1106" type="partial gc" contextid="1101" durationms="2.860" usertimems="4.000" systemtimems="0.000" timestamp="2019-06-17T04:32:00.009" activeThreads="1">
  <mem-info id="1107" free="74448896" total="139460608" percent="53">
    <mem type="eden" free="1048256" total="1048576" percent="99" />
    <remembered-set count="58560" freebytes="5332608" totalbytes="5566848" percent="95" regionsoverflowed="0" regionsstable="0" regionsrebuilding="8"/>
  </mem-info>
</gc-end>
<cycle-end id="1108" type="partial gc" contextid="1101" timestamp="2019-06-17T04:32:00.009" />
  <attribute name="elasticGC enabled" value="1" />
  <attribute name= "numThreadsSpecified" value="1" />
  <attribute name="heapSize specified" value="0" />
  <attribute name="Current GC Util" value="65" />
  <attribute name= "Current Time Running" value="49444" />
  <attribute name ="GC Interval" value="0" />
  <attribute name="ProportionalT" value="67.500000" />
  <attribute name="ProportionalI" value="67.500000" />
  <attribute name="ProportionalH" value="67.500000" />
  <attribute name="Current Error" value="45.000000" />
  <attribute name="IntegralT" value="0.000000" />
  <attribute name="IntegralI" value="0.000000" />
  <attribute name="IntegralH" value="0.000000" />
  <attribute name="DerivativeT" value="inf" />
  <attribute name="DerivativeI" value="inf" />
  <attribute name="DerivativeH" value="inf" />
  <attribute name="Loop Time for DT" value="0.000000" />
  <attribute name="Output H" value="8388608"/>
  <attribute name="Output I" value="200"/>
  <attribute name="Output T" value="1"/>
  <attribute name="Target GC Util Change" value ="20.000000" />
  <attribute name="Current GC Util Change" value="65.000000"/>
  <attribute name="GC Util currently" value="65" />
  <attribute name="CPU Util currently" value="23151615231827" />
<exclusive-end id="1109" timestamp="2019-06-17T04:32:00.009" durationms="3.907" />

<exclusive-start id="1110" timestamp="2019-06-17T04:32:00.027" intervalms="21.301">
  <response-info timems="0.184" idlems="0.184" threads="0" lastid="0000000002320700" lastname="main" />
</exclusive-start>
<allocation-taxation id="1111" taxation-threshold="19922944" timestamp="2019-06-17T04:32:00.027" intervalms="21.302" />
<gc-start id="1112" type="global mark phase" contextid="1050" timestamp="2019-06-17T04:32:00.027">
  <mem-info id="1113" free="54525952" total="139460608" percent="39">
    <remembered-set count="58144" freebytes="5334272" totalbytes="5566848" percent="95" regionsoverflowed="0" regionsstable="0" regionsrebuilding="8"/>
  </mem-info>
</gc-start>
<gc-end id="1114" type="global mark phase" contextid="1050" durationms="0.119" usertimems="0.000" systemtimems="0.000" timestamp="2019-06-17T04:32:00.027" activeThreads="1">
  <mem-info id="1115" free="54525952" total="139460608" percent="39">
    <remembered-set count="58144" freebytes="5334272" totalbytes="5566848" percent="95" regionsoverflowed="0" regionsstable="0" regionsrebuilding="8"/>
  </mem-info>
</gc-end>
<concurrent-start id="1116" type="GMP work packet processing" contextid="1050" timestamp="2019-06-17T04:32:00.028">
  <concurrent-mark-start scanTarget="1048576" />
</concurrent-start>
<exclusive-end id="1117" timestamp="2019-06-17T04:32:00.029" durationms="1.655" />

<concurrent-end id="1118" type="GMP work packet processing" contextid="1050" timestamp="2019-06-17T04:32:00.029">
  <concurrent-mark-end bytesScanned="1087268" reasonForTermination="Work target met" />
</concurrent-end>

<exclusive-start id="1119" timestamp="2019-06-17T04:32:00.046" intervalms="18.965">
  <response-info timems="0.096" idlems="0.096" threads="0" lastid="0000000002320700" lastname="main" />
</exclusive-start>
<allocation-taxation id="1120" taxation-threshold="19922944" timestamp="2019-06-17T04:32:00.046" intervalms="18.956" />
<cycle-start id="1121" type="partial gc" contextid="0" timestamp="2019-06-17T04:32:00.046" intervalms="40.246" />
<gc-start id="1122" type="partial gc" contextid="1121" timestamp="2019-06-17T04:32:00.047">
  <mem-info id="1123" free="34603008" total="139460608" percent="24">
    <mem type="eden" free="1048256" total="40894464" percent="2" />
    <remembered-set count="59168" freebytes="5330176" totalbytes="5566848" percent="95" regionsoverflowed="0" regionsstable="0" regionsrebuilding="8"/>
  </mem-info>
</gc-start>
<allocation-stats totalBytes="39825256" >
  <allocated-bytes non-tlh="0" tlh="39825256" arrayletleaf="0"/>
  <largest-consumer threadName="main" threadId="0000000002320700" bytes="19912984" />
</allocation-stats>
<gc-op id="1124" type="copy forward" timems="1.927" contextid="1121" timestamp="2019-06-17T04:32:00.049">
  <memory-copied type="eden" objects="7" bytes="304" bytesdiscarded="0" />
  <memory-copied type="other" objects="18" bytes="568" bytesdiscarded="0" />
  <memory-cardclean objects="43" bytes="1480" />
  <regions eden="38" other="2" />
  <remembered-set-cleared processed="54927" cleared="31" durationms="0.588" />
  <stringconstants candidates="13762" cleared="0"  />
</gc-op>
<gc-op id="1125" type="classunload" timems="0.004" contextid="1121" timestamp="2019-06-17T04:32:00.049">
  <classunload-info classloadercandidates="55" classloadersunloaded="0" classesunloaded="0" anonymousclassesunloaded="0" quiescems="0.000" setupms="0.004" scanms="0.000" postms="0.000" />
</gc-op>
<gc-end id="1126" type="partial gc" contextid="1121" durationms="3.145" usertimems="4.000" systemtimems="0.000" timestamp="2019-06-17T04:32:00.050" activeThreads="1">
  <mem-info id="1127" free="74448896" total="139460608" percent="53">
    <mem type="eden" free="1048272" total="1048576" percent="99" />
    <remembered-set count="59616" freebytes="5328384" totalbytes="5566848" percent="95" regionsoverflowed="0" regionsstable="0" regionsrebuilding="8"/>
  </mem-info>
</gc-end>
<cycle-end id="1128" type="partial gc" contextid="1121" timestamp="2019-06-17T04:32:00.050" />
  <attribute name="elasticGC enabled" value="1" />
  <attribute name= "numThreadsSpecified" value="1" />
  <attribute name="heapSize specified" value="0" />
  <attribute name="Current GC Util" value="173" />
  <attribute name= "Current Time Running" value="49484" />
  <attribute name ="GC Interval" value="0" />
  <attribute name="ProportionalT" value="229.500000" />
  <attribute name="ProportionalI" value="229.500000" />
  <attribute name="ProportionalH" value="229.500000" />
  <attribute name="Current Error" value="153.000000" />
  <attribute name="IntegralT" value="0.000000" />
  <attribute name="IntegralI" value="0.000000" />
  <attribute name="IntegralH" value="0.000000" />
  <attribute name="DerivativeT" value="inf" />
  <attribute name="DerivativeI" value="inf" />
  <attribute name="DerivativeH" value="inf" />
  <attribute name="Loop Time for DT" value="0.000000" />
  <attribute name="Output H" value="8388608"/>
  <attribute name="Output I" value="200"/>
  <attribute name="Output T" value="1"/>
  <attribute name="Target GC Util Change" value ="20.000000" />
  <attribute name="Current GC Util Change" value="173.000000"/>
  <attribute name="GC Util currently" value="173" />
  <attribute name="CPU Util currently" value="13698958831834" />
<exclusive-end id="1129" timestamp="2019-06-17T04:32:00.050" durationms="4.269" />

<exclusive-start id="1130" timestamp="2019-06-17T04:32:00.067" intervalms="21.404">
  <response-info timems="0.113" idlems="0.113" threads="0" lastid="0000000002320700" lastname="main" />
</exclusive-start>
<allocation-taxation id="1131" taxation-threshold="19922944" timestamp="2019-06-17T04:32:00.067" intervalms="21.406" />
<gc-start id="1132" type="global mark phase" contextid="1050" timestamp="2019-06-17T04:32:00.068">
  <mem-info id="1133" free="54525952" total="139460608" percent="39">
    <remembered-set count="59200" freebytes="5330048" totalbytes="5566848" percent="95" regionsoverflowed="0" regionsstable="0" regionsrebuilding="8"/>
  </mem-info>
</gc-start>
<gc-end id="1134" type="global mark phase" contextid="1050" durationms="0.137" usertimems="0.000" systemtimems="0.000" timestamp="2019-06-17T04:32:00.068" activeThreads="1">
  <mem-info id="1135" free="54525952" total="139460608" percent="39">
    <remembered-set count="59200" freebytes="5330048" totalbytes="5566848" percent="95" regionsoverflowed="0" regionsstable="0" regionsrebuilding="8"/>
  </mem-info>
</gc-end>
<concurrent-start id="1136" type="GMP work packet processing" contextid="1050" timestamp="2019-06-17T04:32:00.068">
  <concurrent-mark-start scanTarget="1048576" />
</concurrent-start>
<concurrent-end id="1137" type="GMP work packet processing" contextid="1050" timestamp="2019-06-17T04:32:00.069">
  <concurrent-mark-end bytesScanned="1082100" reasonForTermination="Work target met" />
</concurrent-end>

<exclusive-end id="1138" timestamp="2019-06-17T04:32:00.069" durationms="1.986" />

<exclusive-start id="1139" timestamp="2019-06-17T04:32:00.086" intervalms="19.164">
  <response-info timems="0.067" idlems="0.067" threads="0" lastid="0000000002320700" lastname="main" />
</exclusive-start>
<allocation-taxation id="1140" taxation-threshold="19922944" timestamp="2019-06-17T04:32:00.087" intervalms="19.191" />
<cycle-start id="1141" type="partial gc" contextid="0" timestamp="2019-06-17T04:32:00.087" intervalms="40.606" />
<gc-start id="1142" type="partial gc" contextid="1141" timestamp="2019-06-17T04:32:00.087">
  <mem-info id="1143" free="34603008" total="139460608" percent="24">
    <mem type="eden" free="1048272" total="40894464" percent="2" />
    <remembered-set count="59200" freebytes="5330048" totalbytes="5566848" percent="95" regionsoverflowed="0" regionsstable="0" regionsrebuilding="8"/>
  </mem-info>
</gc-start>
<allocation-stats totalBytes="39825144" >
  <allocated-bytes non-tlh="0" tlh="39825144" arrayletleaf="0"/>
  <largest-consumer threadName="main" threadId="0000000002320700" bytes="19913048" />
</allocation-stats>
<gc-op id="1144" type="copy forward" timems="1.870" contextid="1141" timestamp="2019-06-17T04:32:00.090">
  <memory-copied type="eden" objects="6" bytes="384" bytesdiscarded="0" />
  <memory-copied type="other" objects="18" bytes="568" bytesdiscarded="0" />
  <memory-cardclean objects="43" bytes="1480" />
  <regions eden="38" other="2" />
  <remembered-set-cleared processed="55545" cleared="31" durationms="0.606" />
  <stringconstants candidates="13762" cleared="0"  />
</gc-op>
<gc-op id="1145" type="classunload" timems="0.006" contextid="1141" timestamp="2019-06-17T04:32:00.090">
  <classunload-info classloadercandidates="55" classloadersunloaded="0" classesunloaded="0" anonymousclassesunloaded="0" quiescems="0.000" setupms="0.006" scanms="0.000" postms="0.000" />
</gc-op>
<gc-end id="1146" type="partial gc" contextid="1141" durationms="3.155" usertimems="8.000" systemtimems="0.000" timestamp="2019-06-17T04:32:00.090" activeThreads="1">
  <mem-info id="1147" free="74448896" total="139460608" percent="53">
    <mem type="eden" free="1048192" total="1048576" percent="99" />
    <remembered-set count="59648" freebytes="5328256" totalbytes="5566848" percent="95" regionsoverflowed="0" regionsstable="0" regionsrebuilding="8"/>
  </mem-info>
</gc-end>
<cycle-end id="1148" type="partial gc" contextid="1141" timestamp="2019-06-17T04:32:00.091" />
  <attribute name="elasticGC enabled" value="1" />
  <attribute name= "numThreadsSpecified" value="1" />
  <attribute name="heapSize specified" value="0" />
  <attribute name="Current GC Util" value="165" />
  <attribute name= "Current Time Running" value="49525" />
  <attribute name ="GC Interval" value="0" />
  <attribute name="ProportionalT" value="217.500000" />
  <attribute name="ProportionalI" value="217.500000" />
  <attribute name="ProportionalH" value="217.500000" />
  <attribute name="Current Error" value="145.000000" />
  <attribute name="IntegralT" value="0.000000" />
  <attribute name="IntegralI" value="0.000000" />
  <attribute name="IntegralH" value="0.000000" />
  <attribute name="DerivativeT" value="inf" />
  <attribute name="DerivativeI" value="inf" />
  <attribute name="DerivativeH" value="inf" />
  <attribute name="Loop Time for DT" value="0.000000" />
  <attribute name="Output H" value="8388608"/>
  <attribute name="Output I" value="200"/>
  <attribute name="Output T" value="1"/>
  <attribute name="Target GC Util Change" value ="20.000000" />
  <attribute name="Current GC Util Change" value="165.000000"/>
  <attribute name="GC Util currently" value="165" />
  <attribute name="CPU Util currently" value="13297595761811" />
<exclusive-end id="1149" timestamp="2019-06-17T04:32:00.091" durationms="4.355" />

<exclusive-start id="1150" timestamp="2019-06-17T04:32:00.111" intervalms="24.331">
  <response-info timems="0.040" idlems="0.040" threads="0" lastid="0000000002320700" lastname="main" />
</exclusive-start>
<allocation-taxation id="1151" taxation-threshold="19922944" timestamp="2019-06-17T04:32:00.111" intervalms="24.309" />
<gc-start id="1152" type="global mark phase" contextid="1050" timestamp="2019-06-17T04:32:00.111">
  <mem-info id="1153" free="54525952" total="139460608" percent="39">
    <remembered-set count="59232" freebytes="5329920" totalbytes="5566848" percent="95" regionsoverflowed="0" regionsstable="0" regionsrebuilding="8"/>
  </mem-info>
</gc-start>
<gc-end id="1154" type="global mark phase" contextid="1050" durationms="0.152" usertimems="0.000" systemtimems="0.000" timestamp="2019-06-17T04:32:00.111" activeThreads="1">
  <mem-info id="1155" free="54525952" total="139460608" percent="39">
    <remembered-set count="59232" freebytes="5329920" totalbytes="5566848" percent="95" regionsoverflowed="0" regionsstable="0" regionsrebuilding="8"/>
  </mem-info>
</gc-end>
<concurrent-start id="1156" type="GMP work packet processing" contextid="1050" timestamp="2019-06-17T04:32:00.111">
  <concurrent-mark-start scanTarget="1048576" />
</concurrent-start>
<exclusive-end id="1157" timestamp="2019-06-17T04:32:00.113" durationms="1.816" />

<concurrent-end id="1158" type="GMP work packet processing" contextid="1050" timestamp="2019-06-17T04:32:00.113">
  <concurrent-mark-end bytesScanned="1097408" reasonForTermination="Work target met" />
</concurrent-end>

<exclusive-start id="1159" timestamp="2019-06-17T04:32:00.135" intervalms="24.362">
  <response-info timems="0.034" idlems="0.034" threads="0" lastid="0000000002320700" lastname="main" />
</exclusive-start>
<allocation-taxation id="1160" taxation-threshold="19922944" timestamp="2019-06-17T04:32:00.135" intervalms="24.353" />
<cycle-start id="1161" type="partial gc" contextid="0" timestamp="2019-06-17T04:32:00.135" intervalms="48.635" />
<gc-start id="1162" type="partial gc" contextid="1161" timestamp="2019-06-17T04:32:00.136">
  <mem-info id="1163" free="34603008" total="139460608" percent="24">
    <mem type="eden" free="1048192" total="40894464" percent="2" />
    <remembered-set count="59232" freebytes="5329920" totalbytes="5566848" percent="95" regionsoverflowed="0" regionsstable="0" regionsrebuilding="8"/>
  </mem-info>
</gc-start>
<allocation-stats totalBytes="39817032" >
  <allocated-bytes non-tlh="0" tlh="39817032" arrayletleaf="0"/>
  <largest-consumer threadName="main" threadId="0000000002320700" bytes="19905984" />
</allocation-stats>
<gc-op id="1164" type="copy forward" timems="1.763" contextid="1161" timestamp="2019-06-17T04:32:00.138">
  <memory-copied type="eden" objects="24" bytes="816" bytesdiscarded="0" />
  <memory-copied type="other" objects="7" bytes="160" bytesdiscarded="0" />
  <memory-cardclean objects="54" bytes="1880" />
  <regions eden="38" other="2" />
  <remembered-set-cleared processed="55687" cleared="31" durationms="0.256" />
  <stringconstants candidates="13762" cleared="0"  />
</gc-op>
<gc-op id="1165" type="classunload" timems="0.005" contextid="1161" timestamp="2019-06-17T04:32:00.138">
  <classunload-info classloadercandidates="55" classloadersunloaded="0" classesunloaded="0" anonymousclassesunloaded="0" quiescems="0.000" setupms="0.005" scanms="0.000" postms="0.000" />
</gc-op>
<gc-end id="1166" type="partial gc" contextid="1161" durationms="2.834" usertimems="8.000" systemtimems="0.000" timestamp="2019-06-17T04:32:00.139" activeThreads="4">
  <mem-info id="1167" free="74448896" total="139460608" percent="53">
    <mem type="eden" free="1047760" total="1048576" percent="99" />
    <remembered-set count="59936" freebytes="5327104" totalbytes="5566848" percent="95" regionsoverflowed="0" regionsstable="0" regionsrebuilding="8"/>
  </mem-info>
</gc-end>
<cycle-end id="1168" type="partial gc" contextid="1161" timestamp="2019-06-17T04:32:00.139" />
  <attribute name="elasticGC enabled" value="1" />
  <attribute name= "numThreadsSpecified" value="4" />
  <attribute name="heapSize specified" value="0" />
  <attribute name="Current GC Util" value="107" />
  <attribute name= "Current Time Running" value="49574" />
  <attribute name ="GC Interval" value="0" />
  <attribute name="ProportionalT" value="130.500000" />
  <attribute name="ProportionalI" value="130.500000" />
  <attribute name="ProportionalH" value="130.500000" />
  <attribute name="Current Error" value="87.000000" />
  <attribute name="IntegralT" value="87.000000" />
  <attribute name="IntegralI" value="87.000000" />
  <attribute name="IntegralH" value="87.000000" />
  <attribute name="DerivativeT" value="130.500000" />
  <attribute name="DerivativeI" value="130.500000" />
  <attribute name="DerivativeH" value="130.500000" />
  <attribute name="Loop Time for DT" value="1.000000" />
  <attribute name="Output H" value="8388608"/>
  <attribute name="Output I" value="352"/>
  <attribute name="Output T" value="4"/>
  <attribute name="Target GC Util Change" value ="20.000000" />
  <attribute name="Current GC Util Change" value="107.000000"/>
  <attribute name="GC Util currently" value="107" />
  <attribute name="CPU Util currently" value="16329754596541" />
<exclusive-end id="1169" timestamp="2019-06-17T04:32:00.139" durationms="3.860" />

<exclusive-start id="1170" timestamp="2019-06-17T04:32:00.156" intervalms="21.221">
  <response-info timems="0.067" idlems="0.067" threads="0" lastid="0000000002320700" lastname="main" />
</exclusive-start>
<allocation-taxation id="1171" taxation-threshold="19922944" timestamp="2019-06-17T04:32:00.157" intervalms="21.296" />
<gc-start id="1172" type="global mark phase" contextid="1050" timestamp="2019-06-17T04:32:00.157">
  <mem-info id="1173" free="54525952" total="139460608" percent="39">
    <remembered-set count="59488" freebytes="5328896" totalbytes="5566848" percent="95" regionsoverflowed="0" regionsstable="0" regionsrebuilding="8"/>
  </mem-info>
</gc-start>
<gc-end id="1174" type="global mark phase" contextid="1050" durationms="0.109" usertimems="0.000" systemtimems="0.000" timestamp="2019-06-17T04:32:00.157" activeThreads="4">
  <mem-info id="1175" free="54525952" total="139460608" percent="39">
    <remembered-set count="59488" freebytes="5328896" totalbytes="5566848" percent="95" regionsoverflowed="0" regionsstable="0" regionsrebuilding="8"/>
  </mem-info>
</gc-end>
<concurrent-start id="1176" type="GMP work packet processing" contextid="1050" timestamp="2019-06-17T04:32:00.157">
  <concurrent-mark-start scanTarget="1708569" />
</concurrent-start>
<concurrent-end id="1177" type="GMP work packet processing" contextid="1050" timestamp="2019-06-17T04:32:00.158">
  <concurrent-mark-end bytesScanned="1740180" reasonForTermination="Work target met" />
</concurrent-end>

<exclusive-end id="1178" timestamp="2019-06-17T04:32:00.158" durationms="1.855" />

<exclusive-start id="1179" timestamp="2019-06-17T04:32:00.175" intervalms="19.157">
  <response-info timems="0.067" idlems="0.067" threads="0" lastid="0000000002320700" lastname="main" />
</exclusive-start>
<allocation-taxation id="1180" taxation-threshold="19922944" timestamp="2019-06-17T04:32:00.176" intervalms="19.050" />
<cycle-start id="1181" type="partial gc" contextid="0" timestamp="2019-06-17T04:32:00.176" intervalms="40.315" />
<gc-start id="1182" type="partial gc" contextid="1181" timestamp="2019-06-17T04:32:00.176">
  <mem-info id="1183" free="34603008" total="139460608" percent="24">
    <mem type="eden" free="0" total="39845888" percent="0" />
    <remembered-set count="60032" freebytes="5326720" totalbytes="5566848" percent="95" regionsoverflowed="0" regionsstable="0" regionsrebuilding="8"/>
  </mem-info>
</gc-start>
<allocation-stats totalBytes="39809184" >
  <allocated-bytes non-tlh="0" tlh="39809184" arrayletleaf="0"/>
  <largest-consumer threadName="main" threadId="0000000002320700" bytes="19904400" />
</allocation-stats>
<gc-op id="1184" type="copy forward" timems="1.645" contextid="1181" timestamp="2019-06-17T04:32:00.179">
  <memory-copied type="eden" objects="6" bytes="256" bytesdiscarded="0" />
  <memory-copied type="other" objects="25" bytes="728" bytesdiscarded="0" />
  <memory-cardclean objects="44" bytes="1552" />
  <regions eden="38" other="2" />
  <remembered-set-cleared processed="55906" cleared="38" durationms="0.630" />
  <stringconstants candidates="13762" cleared="0"  />
</gc-op>
<gc-op id="1185" type="classunload" timems="0.004" contextid="1181" timestamp="2019-06-17T04:32:00.179">
  <classunload-info classloadercandidates="55" classloadersunloaded="0" classesunloaded="0" anonymousclassesunloaded="0" quiescems="0.000" setupms="0.004" scanms="0.000" postms="0.000" />
</gc-op>
<gc-end id="1186" type="partial gc" contextid="1181" durationms="2.696" usertimems="4.000" systemtimems="0.000" timestamp="2019-06-17T04:32:00.179" activeThreads="1">
  <mem-info id="1187" free="73400320" total="139460608" percent="52">
    <mem type="eden" free="1048320" total="1048576" percent="99" />
    <remembered-set count="60320" freebytes="5325568" totalbytes="5566848" percent="95" regionsoverflowed="0" regionsstable="0" regionsrebuilding="8"/>
  </mem-info>
</gc-end>
<cycle-end id="1188" type="partial gc" contextid="1181" timestamp="2019-06-17T04:32:00.179" />
  <attribute name="elasticGC enabled" value="1" />
  <attribute name= "numThreadsSpecified" value="1" />
  <attribute name="heapSize specified" value="0" />
  <attribute name="Current GC Util" value="47" />
  <attribute name= "Current Time Running" value="49614" />
  <attribute name ="GC Interval" value="0" />
  <attribute name="ProportionalT" value="40.500000" />
  <attribute name="ProportionalI" value="40.500000" />
  <attribute name="ProportionalH" value="40.500000" />
  <attribute name="Current Error" value="27.000000" />
  <attribute name="IntegralT" value="0.000000" />
  <attribute name="IntegralI" value="0.000000" />
  <attribute name="IntegralH" value="0.000000" />
  <attribute name="DerivativeT" value="inf" />
  <attribute name="DerivativeI" value="inf" />
  <attribute name="DerivativeH" value="inf" />
  <attribute name="Loop Time for DT" value="0.000000" />
  <attribute name="Output H" value="8388608"/>
  <attribute name="Output I" value="200"/>
  <attribute name="Output T" value="1"/>
  <attribute name="Target GC Util Change" value ="20.000000" />
  <attribute name="Current GC Util Change" value="47.000000"/>
  <attribute name="GC Util currently" value="47" />
  <attribute name="CPU Util currently" value="18049934227680" />
<exclusive-end id="1189" timestamp="2019-06-17T04:32:00.179" durationms="3.654" />

<exclusive-start id="1190" timestamp="2019-06-17T04:32:00.197" intervalms="21.044">
  <response-info timems="0.070" idlems="0.070" threads="0" lastid="0000000002320700" lastname="main" />
</exclusive-start>
<allocation-taxation id="1191" taxation-threshold="19922944" timestamp="2019-06-17T04:32:00.197" intervalms="21.136" />
<gc-start id="1192" type="global mark phase" contextid="1050" timestamp="2019-06-17T04:32:00.197">
  <mem-info id="1193" free="53477376" total="139460608" percent="38">
    <remembered-set count="59968" freebytes="5326976" totalbytes="5566848" percent="95" regionsoverflowed="0" regionsstable="0" regionsrebuilding="8"/>
  </mem-info>
</gc-start>
<gc-end id="1194" type="global mark phase" contextid="1050" durationms="0.120" usertimems="0.000" systemtimems="0.000" timestamp="2019-06-17T04:32:00.197" activeThreads="1">
  <mem-info id="1195" free="53477376" total="139460608" percent="38">
    <remembered-set count="59968" freebytes="5326976" totalbytes="5566848" percent="95" regionsoverflowed="0" regionsstable="0" regionsrebuilding="8"/>
  </mem-info>
</gc-end>
<concurrent-start id="1196" type="GMP work packet processing" contextid="1050" timestamp="2019-06-17T04:32:00.197">
  <concurrent-mark-start scanTarget="1048576" />
</concurrent-start>
<concurrent-end id="1197" type="GMP work packet processing" contextid="1050" timestamp="2019-06-17T04:32:00.198">
  <concurrent-mark-end bytesScanned="1094468" reasonForTermination="Work target met" />
</concurrent-end>

<exclusive-end id="1198" timestamp="2019-06-17T04:32:00.198" durationms="1.742" />

<exclusive-start id="1199" timestamp="2019-06-17T04:32:00.258" intervalms="61.242">
  <response-info timems="0.035" idlems="0.035" threads="0" lastid="0000000002320700" lastname="main" />
</exclusive-start>
<allocation-taxation id="1200" taxation-threshold="19922944" timestamp="2019-06-17T04:32:00.258" intervalms="61.207" />
<cycle-start id="1201" type="partial gc" contextid="0" timestamp="2019-06-17T04:32:00.258" intervalms="82.343" />
<gc-start id="1202" type="partial gc" contextid="1201" timestamp="2019-06-17T04:32:00.258">
  <mem-info id="1203" free="33554432" total="139460608" percent="24">
    <mem type="eden" free="1048320" total="40894464" percent="2" />
    <remembered-set count="60480" freebytes="5324928" totalbytes="5566848" percent="95" regionsoverflowed="0" regionsstable="0" regionsrebuilding="8"/>
  </mem-info>
</gc-start>
<allocation-stats totalBytes="39820464" >
  <allocated-bytes non-tlh="0" tlh="39820464" arrayletleaf="0"/>
  <largest-consumer threadName="main" threadId="0000000002320700" bytes="19915000" />
</allocation-stats>
<gc-op id="1204" type="copy forward" timems="1.704" contextid="1201" timestamp="2019-06-17T04:32:00.261">
  <memory-copied type="eden" objects="47" bytes="1936" bytesdiscarded="0" />
  <memory-copied type="other" objects="7" bytes="160" bytesdiscarded="0" />
  <memory-cardclean objects="70" bytes="2376" />
  <regions eden="38" other="2" />
  <remembered-set-cleared processed="55968" cleared="46" durationms="0.617" />
  <stringconstants candidates="13762" cleared="0"  />
</gc-op>
<gc-op id="1205" type="classunload" timems="0.005" contextid="1201" timestamp="2019-06-17T04:32:00.261">
  <classunload-info classloadercandidates="55" classloadersunloaded="0" classesunloaded="0" anonymousclassesunloaded="0" quiescems="0.000" setupms="0.004" scanms="0.000" postms="0.000" />
</gc-op>
<gc-end id="1206" type="partial gc" contextid="1201" durationms="2.785" usertimems="4.000" systemtimems="0.000" timestamp="2019-06-17T04:32:00.261" activeThreads="1">
  <mem-info id="1207" free="73400320" total="139460608" percent="52">
    <mem type="eden" free="1046640" total="1048576" percent="99" />
    <remembered-set count="60832" freebytes="5323520" totalbytes="5566848" percent="95" regionsoverflowed="0" regionsstable="0" regionsrebuilding="8"/>
  </mem-info>
</gc-end>
<cycle-end id="1208" type="partial gc" contextid="1201" timestamp="2019-06-17T04:32:00.261" />
  <attribute name="elasticGC enabled" value="1" />
  <attribute name= "numThreadsSpecified" value="1" />
  <attribute name="heapSize specified" value="0" />
  <attribute name="Current GC Util" value="46" />
  <attribute name= "Current Time Running" value="49696" />
  <attribute name ="GC Interval" value="0" />
  <attribute name="ProportionalT" value="39.000000" />
  <attribute name="ProportionalI" value="39.000000" />
  <attribute name="ProportionalH" value="39.000000" />
  <attribute name="Current Error" value="26.000000" />
  <attribute name="IntegralT" value="0.000000" />
  <attribute name="IntegralI" value="0.000000" />
  <attribute name="IntegralH" value="0.000000" />
  <attribute name="DerivativeT" value="inf" />
  <attribute name="DerivativeI" value="inf" />
  <attribute name="DerivativeH" value="inf" />
  <attribute name="Loop Time for DT" value="0.000000" />
  <attribute name="Output H" value="8388608"/>
  <attribute name="Output I" value="200"/>
  <attribute name="Output T" value="1"/>
  <attribute name="Target GC Util Change" value ="20.000000" />
  <attribute name="Current GC Util Change" value="46.000000"/>
  <attribute name="GC Util currently" value="46" />
  <attribute name="CPU Util currently" value="16645681267965" />
<exclusive-end id="1209" timestamp="2019-06-17T04:32:00.262" durationms="3.804" />

<exclusive-start id="1210" timestamp="2019-06-17T04:32:00.322" intervalms="63.820">
  <response-info timems="0.024" idlems="0.024" threads="0" lastid="0000000002320700" lastname="main" />
</exclusive-start>
<allocation-taxation id="1211" taxation-threshold="19922944" timestamp="2019-06-17T04:32:00.322" intervalms="63.821" />
<gc-start id="1212" type="global mark phase" contextid="1050" timestamp="2019-06-17T04:32:00.322">
  <mem-info id="1213" free="53477376" total="139460608" percent="38">
    <remembered-set count="60448" freebytes="5325056" totalbytes="5566848" percent="95" regionsoverflowed="0" regionsstable="0" regionsrebuilding="8"/>
  </mem-info>
</gc-start>
<gc-end id="1214" type="global mark phase" contextid="1050" durationms="0.129" usertimems="0.000" systemtimems="0.000" timestamp="2019-06-17T04:32:00.322" activeThreads="1">
  <mem-info id="1215" free="53477376" total="139460608" percent="38">
    <remembered-set count="60448" freebytes="5325056" totalbytes="5566848" percent="95" regionsoverflowed="0" regionsstable="0" regionsrebuilding="8"/>
  </mem-info>
</gc-end>
<concurrent-start id="1216" type="GMP work packet processing" contextid="1050" timestamp="2019-06-17T04:32:00.322">
  <concurrent-mark-start scanTarget="1048576" />
</concurrent-start>
<concurrent-end id="1217" type="GMP work packet processing" contextid="1050" timestamp="2019-06-17T04:32:00.323">
  <concurrent-mark-end bytesScanned="1072156" reasonForTermination="Work target met" />
</concurrent-end>

<exclusive-end id="1218" timestamp="2019-06-17T04:32:00.323" durationms="1.877" />

<exclusive-start id="1219" timestamp="2019-06-17T04:32:00.383" intervalms="61.379">
  <response-info timems="0.072" idlems="0.072" threads="0" lastid="0000000002320700" lastname="main" />
</exclusive-start>
<allocation-taxation id="1220" taxation-threshold="19922944" timestamp="2019-06-17T04:32:00.383" intervalms="61.373" />
<cycle-start id="1221" type="partial gc" contextid="0" timestamp="2019-06-17T04:32:00.383" intervalms="125.201" />
<gc-start id="1222" type="partial gc" contextid="1221" timestamp="2019-06-17T04:32:00.384">
  <mem-info id="1223" free="33554432" total="139460608" percent="24">
    <mem type="eden" free="0" total="39845888" percent="0" />
    <remembered-set count="60608" freebytes="5324416" totalbytes="5566848" percent="95" regionsoverflowed="0" regionsstable="0" regionsrebuilding="8"/>
  </mem-info>
</gc-start>
<allocation-stats totalBytes="39837200" >
  <allocated-bytes non-tlh="0" tlh="39837200" arrayletleaf="0"/>
  <largest-consumer threadName="main" threadId="0000000002320700" bytes="19918744" />
</allocation-stats>
<gc-op id="1224" type="copy forward" timems="1.830" contextid="1221" timestamp="2019-06-17T04:32:00.386">
  <memory-copied type="eden" objects="14" bytes="584" bytesdiscarded="0" />
  <memory-copied type="other" objects="25" bytes="744" bytesdiscarded="0" />
  <memory-cardclean objects="45" bytes="1624" />
  <regions eden="38" other="2" />
  <remembered-set-cleared processed="56368" cleared="38" durationms="0.647" />
  <stringconstants candidates="13762" cleared="0"  />
</gc-op>
<gc-op id="1225" type="classunload" timems="0.005" contextid="1221" timestamp="2019-06-17T04:32:00.386">
  <classunload-info classloadercandidates="55" classloadersunloaded="0" classesunloaded="0" anonymousclassesunloaded="0" quiescems="0.000" setupms="0.004" scanms="0.000" postms="0.000" />
</gc-op>
<heap-resize id="1226" type="contract" space="default" amount="7340032" count="1" timems="0.162" reason="insufficient time being spent in gc" timestamp="2019-06-17T04:32:00.387" />
<gc-end id="1227" type="partial gc" contextid="1221" durationms="3.325" usertimems="8.000" systemtimems="0.000" timestamp="2019-06-17T04:32:00.387" activeThreads="1">
  <mem-info id="1228" free="65011712" total="132120576" percent="49">
    <mem type="eden" free="1047992" total="1048576" percent="99" />
    <remembered-set count="60992" freebytes="5322880" totalbytes="5566848" percent="95" regionsoverflowed="0" regionsstable="0" regionsrebuilding="8"/>
  </mem-info>
</gc-end>
<cycle-end id="1229" type="partial gc" contextid="1221" timestamp="2019-06-17T04:32:00.387" />
  <attribute name="elasticGC enabled" value="1" />
  <attribute name= "numThreadsSpecified" value="1" />
  <attribute name="heapSize specified" value="0" />
  <attribute name="Current GC Util" value="215" />
  <attribute name= "Current Time Running" value="49821" />
  <attribute name ="GC Interval" value="0" />
  <attribute name="ProportionalT" value="292.500000" />
  <attribute name="ProportionalI" value="292.500000" />
  <attribute name="ProportionalH" value="292.500000" />
  <attribute name="Current Error" value="195.000000" />
  <attribute name="IntegralT" value="0.000000" />
  <attribute name="IntegralI" value="0.000000" />
  <attribute name="IntegralH" value="0.000000" />
  <attribute name="DerivativeT" value="inf" />
  <attribute name="DerivativeI" value="inf" />
  <attribute name="DerivativeH" value="inf" />
  <attribute name="Loop Time for DT" value="0.000000" />
  <attribute name="Output H" value="8388608"/>
  <attribute name="Output I" value="200"/>
  <attribute name="Output T" value="1"/>
  <attribute name="Target GC Util Change" value ="20.000000" />
  <attribute name="Current GC Util Change" value="215.000000"/>
  <attribute name="GC Util currently" value="215" />
  <attribute name="CPU Util currently" value="12800816052487" />
<exclusive-end id="1230" timestamp="2019-06-17T04:32:00.387" durationms="4.342" />

<exclusive-start id="1231" timestamp="2019-06-17T04:32:00.447" intervalms="64.071">
  <response-info timems="0.210" idlems="0.210" threads="0" lastid="0000000002320700" lastname="main" />
</exclusive-start>
<allocation-taxation id="1232" taxation-threshold="19922944" timestamp="2019-06-17T04:32:00.447" intervalms="64.143" />
<gc-start id="1233" type="global mark phase" contextid="1050" timestamp="2019-06-17T04:32:00.448">
  <mem-info id="1234" free="45088768" total="132120576" percent="34">
    <remembered-set count="60640" freebytes="5324288" totalbytes="5566848" percent="95" regionsoverflowed="0" regionsstable="0" regionsrebuilding="8"/>
  </mem-info>
</gc-start>
<gc-end id="1235" type="global mark phase" contextid="1050" durationms="0.145" usertimems="0.000" systemtimems="0.000" timestamp="2019-06-17T04:32:00.448" activeThreads="1">
  <mem-info id="1236" free="45088768" total="132120576" percent="34">
    <remembered-set count="60640" freebytes="5324288" totalbytes="5566848" percent="95" regionsoverflowed="0" regionsstable="0" regionsrebuilding="8"/>
  </mem-info>
</gc-end>
<concurrent-start id="1237" type="GMP work packet processing" contextid="1050" timestamp="2019-06-17T04:32:00.448">
  <concurrent-mark-start scanTarget="1048576" />
</concurrent-start>
<exclusive-end id="1238" timestamp="2019-06-17T04:32:00.449" durationms="1.991" />

<concurrent-end id="1239" type="GMP work packet processing" contextid="1050" timestamp="2019-06-17T04:32:00.449">
  <concurrent-mark-end bytesScanned="1090644" reasonForTermination="Work target met" />
</concurrent-end>

<exclusive-start id="1240" timestamp="2019-06-17T04:32:01.762" intervalms="1314.503">
  <response-info timems="0.083" idlems="0.083" threads="0" lastid="0000000002320700" lastname="main" />
</exclusive-start>
<allocation-taxation id="1241" taxation-threshold="19922944" timestamp="2019-06-17T04:32:01.762" intervalms="1314.519" />
<cycle-start id="1242" type="partial gc" contextid="0" timestamp="2019-06-17T04:32:01.762" intervalms="1378.743" />
<gc-start id="1243" type="partial gc" contextid="1242" timestamp="2019-06-17T04:32:01.762">
  <mem-info id="1244" free="25165824" total="132120576" percent="19">
    <mem type="eden" free="1047992" total="40894464" percent="2" />
    <remembered-set count="61152" freebytes="5322240" totalbytes="5566848" percent="95" regionsoverflowed="0" regionsstable="0" regionsrebuilding="8"/>
  </mem-info>
</gc-start>
<allocation-stats totalBytes="39251128" >
  <allocated-bytes non-tlh="0" tlh="39251128" arrayletleaf="0"/>
  <largest-consumer threadName="main" threadId="0000000002320700" bytes="19332616" />
</allocation-stats>
<gc-op id="1245" type="copy forward" timems="1.943" contextid="1242" timestamp="2019-06-17T04:32:01.765">
  <memory-copied type="eden" objects="73" bytes="13024" bytesdiscarded="0" />
  <memory-copied type="other" objects="7" bytes="160" bytesdiscarded="0" />
  <memory-cardclean objects="111" bytes="3944" />
  <regions eden="38" other="2" />
  <remembered-set-cleared processed="56881" cleared="64" durationms="0.260" />
  <stringconstants candidates="13762" cleared="0"  />
</gc-op>
<gc-op id="1246" type="classunload" timems="0.004" contextid="1242" timestamp="2019-06-17T04:32:01.766">
  <classunload-info classloadercandidates="55" classloadersunloaded="0" classesunloaded="0" anonymousclassesunloaded="0" quiescems="0.000" setupms="0.004" scanms="0.000" postms="0.000" />
</gc-op>
<gc-end id="1247" type="partial gc" contextid="1242" durationms="3.410" usertimems="4.000" systemtimems="0.000" timestamp="2019-06-17T04:32:01.766" activeThreads="4">
  <mem-info id="1248" free="65011712" total="132120576" percent="49">
    <mem type="eden" free="1035552" total="1048576" percent="98" />
    <remembered-set count="61184" freebytes="5029120" totalbytes="5273856" percent="95" regionsoverflowed="0" regionsstable="0" regionsrebuilding="8"/>
  </mem-info>
</gc-end>
<cycle-end id="1249" type="partial gc" contextid="1242" timestamp="2019-06-17T04:32:01.766" />
  <attribute name="elasticGC enabled" value="1" />
  <attribute name= "numThreadsSpecified" value="4" />
  <attribute name="heapSize specified" value="0" />
  <attribute name="Current GC Util" value="32" />
  <attribute name= "Current Time Running" value="51201" />
  <attribute name ="GC Interval" value="0" />
  <attribute name="ProportionalT" value="18.000000" />
  <attribute name="ProportionalI" value="18.000000" />
  <attribute name="ProportionalH" value="18.000000" />
  <attribute name="Current Error" value="12.000000" />
  <attribute name="IntegralT" value="12.000000" />
  <attribute name="IntegralI" value="12.000000" />
  <attribute name="IntegralH" value="12.000000" />
  <attribute name="DerivativeT" value="18.000000" />
  <attribute name="DerivativeI" value="18.000000" />
  <attribute name="DerivativeH" value="18.000000" />
  <attribute name="Loop Time for DT" value="1.000000" />
  <attribute name="Output H" value="8388608"/>
  <attribute name="Output I" value="200"/>
  <attribute name="Output T" value="4"/>
  <attribute name="Target GC Util Change" value ="20.000000" />
  <attribute name="Current GC Util Change" value="32.000000"/>
  <attribute name="GC Util currently" value="32" />
  <attribute name="CPU Util currently" value="7787116265891" />
<exclusive-end id="1250" timestamp="2019-06-17T04:32:01.766" durationms="4.727" />

<exclusive-start id="1251" timestamp="2019-06-17T04:32:01.778" intervalms="16.241">
  <response-info timems="0.065" idlems="0.065" threads="0" lastid="0000000002320700" lastname="main" />
</exclusive-start>
<allocation-taxation id="1252" taxation-threshold="19922944" timestamp="2019-06-17T04:32:01.778" intervalms="16.224" />
<gc-start id="1253" type="global mark phase" contextid="1050" timestamp="2019-06-17T04:32:01.778">
  <mem-info id="1254" free="45088768" total="132120576" percent="34">
    <remembered-set count="60704" freebytes="5031040" totalbytes="5273856" percent="95" regionsoverflowed="0" regionsstable="0" regionsrebuilding="8"/>
  </mem-info>
</gc-start>
<gc-end id="1255" type="global mark phase" contextid="1050" durationms="0.132" usertimems="0.000" systemtimems="0.000" timestamp="2019-06-17T04:32:01.778" activeThreads="4">
  <mem-info id="1256" free="45088768" total="132120576" percent="34">
    <remembered-set count="60704" freebytes="5031040" totalbytes="5273856" percent="95" regionsoverflowed="0" regionsstable="0" regionsrebuilding="8"/>
  </mem-info>
</gc-end>
<concurrent-start id="1257" type="GMP work packet processing" contextid="1050" timestamp="2019-06-17T04:32:01.778">
  <concurrent-mark-start scanTarget="1708569" />
</concurrent-start>
<concurrent-end id="1258" type="GMP work packet processing" contextid="1050" timestamp="2019-06-17T04:32:01.780">
  <concurrent-mark-end bytesScanned="1736896" reasonForTermination="Work target met" />
</concurrent-end>

<exclusive-end id="1259" timestamp="2019-06-17T04:32:01.780" durationms="2.347" />

<exclusive-start id="1260" timestamp="2019-06-17T04:32:01.791" intervalms="13.496">
  <response-info timems="0.032" idlems="0.032" threads="0" lastid="0000000002320700" lastname="main" />
</exclusive-start>
<allocation-taxation id="1261" taxation-threshold="19922944" timestamp="2019-06-17T04:32:01.791" intervalms="13.431" />
<cycle-start id="1262" type="partial gc" contextid="0" timestamp="2019-06-17T04:32:01.792" intervalms="29.590" />
<gc-start id="1263" type="partial gc" contextid="1262" timestamp="2019-06-17T04:32:01.792">
  <mem-info id="1264" free="25165824" total="132120576" percent="19">
    <mem type="eden" free="0" total="39845888" percent="0" />
    <remembered-set count="64352" freebytes="5016448" totalbytes="5273856" percent="95" regionsoverflowed="0" regionsstable="0" regionsrebuilding="8"/>
  </mem-info>
</gc-start>
<allocation-stats totalBytes="37414304" >
  <allocated-bytes non-tlh="0" tlh="37414304" arrayletleaf="0"/>
  <largest-consumer threadName="main" threadId="0000000002320700" bytes="18655144" />
</allocation-stats>
<gc-op id="1265" type="copy forward" timems="1.738" contextid="1262" timestamp="2019-06-17T04:32:01.794">
  <memory-copied type="eden" objects="12" bytes="36184" bytesdiscarded="0" />
  <memory-copied type="other" objects="68" bytes="2208" bytesdiscarded="0" />
  <memory-cardclean objects="65" bytes="2448" />
  <regions eden="38" other="2" />
  <remembered-set-cleared processed="60355" cleared="48" durationms="0.277" />
  <stringconstants candidates="13762" cleared="0"  />
</gc-op>
<gc-op id="1266" type="classunload" timems="0.004" contextid="1262" timestamp="2019-06-17T04:32:01.794">
  <classunload-info classloadercandidates="55" classloadersunloaded="0" classesunloaded="0" anonymousclassesunloaded="0" quiescems="0.000" setupms="0.003" scanms="0.000" postms="0.000" />
</gc-op>
<gc-end id="1267" type="partial gc" contextid="1262" durationms="2.767" usertimems="4.000" systemtimems="0.000" timestamp="2019-06-17T04:32:01.795" activeThreads="4">
  <mem-info id="1268" free="63963136" total="132120576" percent="48">
    <mem type="eden" free="1012392" total="1048576" percent="96" />
    <remembered-set count="65056" freebytes="5013632" totalbytes="5273856" percent="95" regionsoverflowed="0" regionsstable="0" regionsrebuilding="8"/>
  </mem-info>
</gc-end>
<cycle-end id="1269" type="partial gc" contextid="1262" timestamp="2019-06-17T04:32:01.795" />
  <attribute name="elasticGC enabled" value="1" />
  <attribute name= "numThreadsSpecified" value="4" />
  <attribute name="heapSize specified" value="0" />
  <attribute name="Current GC Util" value="77" />
  <attribute name= "Current Time Running" value="51230" />
  <attribute name ="GC Interval" value="0" />
  <attribute name="ProportionalT" value="85.500000" />
  <attribute name="ProportionalI" value="85.500000" />
  <attribute name="ProportionalH" value="85.500000" />
  <attribute name="Current Error" value="57.000000" />
  <attribute name="IntegralT" value="57.000000" />
  <attribute name="IntegralI" value="57.000000" />
  <attribute name="IntegralH" value="57.000000" />
  <attribute name="DerivativeT" value="85.500000" />
  <attribute name="DerivativeI" value="85.500000" />
  <attribute name="DerivativeH" value="85.500000" />
  <attribute name="Loop Time for DT" value="1.000000" />
  <attribute name="Output H" value="8388608"/>
  <attribute name="Output I" value="232"/>
  <attribute name="Output T" value="4"/>
  <attribute name="Target GC Util Change" value ="20.000000" />
  <attribute name="Current GC Util Change" value="77.000000"/>
  <attribute name="GC Util currently" value="77" />
  <attribute name="CPU Util currently" value="18803483671378" />
<exclusive-end id="1270" timestamp="2019-06-17T04:32:01.795" durationms="3.850" />

<exclusive-start id="1271" timestamp="2019-06-17T04:32:01.807" intervalms="15.503">
  <response-info timems="0.089" idlems="0.089" threads="0" lastid="0000000002320700" lastname="main" />
</exclusive-start>
<allocation-taxation id="1272" taxation-threshold="19922944" timestamp="2019-06-17T04:32:01.807" intervalms="15.568" />
<gc-start id="1273" type="global mark phase" contextid="1050" timestamp="2019-06-17T04:32:01.807">
  <mem-info id="1274" free="44040192" total="132120576" percent="33">
    <remembered-set count="64576" freebytes="5015552" totalbytes="5273856" percent="95" regionsoverflowed="0" regionsstable="0" regionsrebuilding="8"/>
  </mem-info>
</gc-start>
<gc-end id="1275" type="global mark phase" contextid="1050" durationms="0.119" usertimems="0.000" systemtimems="0.000" timestamp="2019-06-17T04:32:01.807" activeThreads="4">
  <mem-info id="1276" free="44040192" total="132120576" percent="33">
    <remembered-set count="64576" freebytes="5015552" totalbytes="5273856" percent="95" regionsoverflowed="0" regionsstable="0" regionsrebuilding="8"/>
  </mem-info>
</gc-end>
<concurrent-start id="1277" type="GMP work packet processing" contextid="1050" timestamp="2019-06-17T04:32:01.807">
  <concurrent-mark-start scanTarget="1708569" />
</concurrent-start>
<concurrent-end id="1278" type="GMP work packet processing" contextid="1050" timestamp="2019-06-17T04:32:01.808">
  <concurrent-mark-end bytesScanned="106360" reasonForTermination="Completed all work in GC phase" />
</concurrent-end>

<exclusive-end id="1279" timestamp="2019-06-17T04:32:01.808" durationms="1.130" />

<exclusive-start id="1280" timestamp="2019-06-17T04:32:02.498" intervalms="691.095">
  <response-info timems="0.233" idlems="0.233" threads="0" lastid="0000000002320700" lastname="main" />
</exclusive-start>
<allocation-taxation id="1281" taxation-threshold="19922944" timestamp="2019-06-17T04:32:02.498" intervalms="691.122" />
<cycle-start id="1282" type="partial gc" contextid="0" timestamp="2019-06-17T04:32:02.498" intervalms="706.750" />
<gc-start id="1283" type="partial gc" contextid="1282" timestamp="2019-06-17T04:32:02.499">
  <mem-info id="1284" free="24117248" total="132120576" percent="18">
    <mem type="eden" free="1012392" total="40894464" percent="2" />
    <remembered-set count="64768" freebytes="5014784" totalbytes="5273856" percent="95" regionsoverflowed="0" regionsstable="0" regionsrebuilding="8"/>
  </mem-info>
</gc-start>
<allocation-stats totalBytes="38563544" >
  <allocated-bytes non-tlh="0" tlh="38563544" arrayletleaf="0"/>
  <largest-consumer threadName="main" threadId="0000000002320700" bytes="19921672" />
</allocation-stats>
<gc-op id="1285" type="copy forward" timems="1.603" contextid="1282" timestamp="2019-06-17T04:32:02.501">
  <memory-copied type="eden" objects="50" bytes="1520" bytesdiscarded="424" />
  <memory-copied type="other" objects="42" bytes="960" bytesdiscarded="0" />
  <memory-cardclean objects="122" bytes="4656" />
  <regions eden="38" other="2" />
  <remembered-set-cleared processed="60572" cleared="56" durationms="0.263" />
  <stringconstants candidates="13762" cleared="0"  />
</gc-op>
<gc-op id="1286" type="classunload" timems="0.005" contextid="1282" timestamp="2019-06-17T04:32:02.501">
  <classunload-info classloadercandidates="55" classloadersunloaded="0" classesunloaded="0" anonymousclassesunloaded="0" quiescems="0.000" setupms="0.005" scanms="0.000" postms="0.000" />
</gc-op>
<gc-end id="1287" type="partial gc" contextid="1282" durationms="2.698" usertimems="0.000" systemtimems="4.000" timestamp="2019-06-17T04:32:02.501" activeThreads="4">
  <mem-info id="1288" free="63963136" total="132120576" percent="48">
    <mem type="eden" free="1046632" total="1048576" percent="99" />
    <remembered-set count="65184" freebytes="5013120" totalbytes="5273856" percent="95" regionsoverflowed="0" regionsstable="0" regionsrebuilding="8"/>
  </mem-info>
</gc-end>
<cycle-end id="1289" type="partial gc" contextid="1282" timestamp="2019-06-17T04:32:02.502" />
  <attribute name="elasticGC enabled" value="1" />
  <attribute name= "numThreadsSpecified" value="4" />
  <attribute name="heapSize specified" value="0" />
  <attribute name="Current GC Util" value="55" />
  <attribute name= "Current Time Running" value="51937" />
  <attribute name ="GC Interval" value="0" />
  <attribute name="ProportionalT" value="52.500000" />
  <attribute name="ProportionalI" value="52.500000" />
  <attribute name="ProportionalH" value="52.500000" />
  <attribute name="Current Error" value="35.000000" />
  <attribute name="IntegralT" value="35.000000" />
  <attribute name="IntegralI" value="35.000000" />
  <attribute name="IntegralH" value="35.000000" />
  <attribute name="DerivativeT" value="52.500000" />
  <attribute name="DerivativeI" value="52.500000" />
  <attribute name="DerivativeH" value="52.500000" />
  <attribute name="Loop Time for DT" value="1.000000" />
  <attribute name="Output H" value="8388608"/>
  <attribute name="Output I" value="200"/>
  <attribute name="Output T" value="4"/>
  <attribute name="Target GC Util Change" value ="20.000000" />
  <attribute name="Current GC Util Change" value="55.000000"/>
  <attribute name="GC Util currently" value="55" />
  <attribute name="CPU Util currently" value="20420870357938" />
<exclusive-end id="1290" timestamp="2019-06-17T04:32:02.502" durationms="4.026" />

<exclusive-start id="1291" timestamp="2019-06-17T04:32:02.598" intervalms="100.585">
  <response-info timems="0.070" idlems="0.070" threads="0" lastid="0000000002320700" lastname="main" />
</exclusive-start>
<allocation-taxation id="1292" taxation-threshold="19922944" timestamp="2019-06-17T04:32:02.599" intervalms="100.569" />
<gc-start id="1293" type="global mark phase" contextid="1050" timestamp="2019-06-17T04:32:02.599">
  <mem-info id="1294" free="44040192" total="132120576" percent="33">
    <remembered-set count="64768" freebytes="5014784" totalbytes="5273856" percent="95" regionsoverflowed="0" regionsstable="0" regionsrebuilding="8"/>
  </mem-info>
</gc-start>
<gc-op id="1295" type="mark increment" timems="1.351" contextid="1050" timestamp="2019-06-17T04:32:02.600">
  <trace-info objectcount="133" scancount="126" scanbytes="3324" />
  <cardclean-info objects="195" bytes="14956" />
  <finalization candidates="80" enqueued="1" />
  <ownableSynchronizers candidates="23" cleared="0" />
  <references type="soft" candidates="4806" cleared="0" enqueued="0" dynamicThreshold="15" maxThreshold="32" />
  <references type="weak" candidates="5636" cleared="28" enqueued="24" />
  <references type="phantom" candidates="104" cleared="3" enqueued="3" />
  <stringconstants candidates="13762" cleared="14"  />
</gc-op>
<gc-op id="1296" type="classunload" timems="1.145" contextid="1050" timestamp="2019-06-17T04:32:02.602">
  <classunload-info classloadercandidates="55" classloadersunloaded="1" classesunloaded="1" anonymousclassesunloaded="0" quiescems="0.611" setupms="0.516" scanms="0.625" postms="0.004" />
</gc-op>
<gc-end id="1297" type="global mark phase" contextid="1050" durationms="2.883" usertimems="8.000" systemtimems="0.000" timestamp="2019-06-17T04:32:02.602" activeThreads="4">
  <mem-info id="1298" free="44040192" total="132120576" percent="33">
    <pending-finalizers system="0" default="1" reference="27" classloader="0" />
    <remembered-set count="64768" freebytes="5014784" totalbytes="5273856" percent="95" regionsoverflowed="0" regionsstable="0" regionsrebuilding="0"/>
  </mem-info>
</gc-end>
<cycle-end id="1299" type="global mark phase" contextid="1050" timestamp="2019-06-17T04:32:02.602" />
  <attribute name="elasticGC enabled" value="1" />
  <attribute name= "numThreadsSpecified" value="4" />
  <attribute name="heapSize specified" value="0" />
  <attribute name="Current GC Util" value="0" />
  <attribute name= "Current Time Running" value="52037" />
  <attribute name ="GC Interval" value="0" />
  <attribute name="ProportionalT" value="-30.000000" />
  <attribute name="ProportionalI" value="-30.000000" />
  <attribute name="ProportionalH" value="-30.000000" />
  <attribute name="Current Error" value="-20.000000" />
  <attribute name="IntegralT" value="-20.000000" />
  <attribute name="IntegralI" value="-20.000000" />
  <attribute name="IntegralH" value="-20.000000" />
  <attribute name="DerivativeT" value="-220.500000" />
  <attribute name="DerivativeI" value="-220.500000" />
  <attribute name="DerivativeH" value="-220.500000" />
  <attribute name="Loop Time for DT" value="1.000000" />
  <attribute name="Output H" value="2091843584"/>
  <attribute name="Output I" value="200"/>
  <attribute name="Output T" value="4"/>
  <attribute name="Target GC Util Change" value ="20.000000" />
  <attribute name="Current GC Util Change" value="0.000000"/>
  <attribute name="GC Util currently" value="0" />
  <attribute name="CPU Util currently" value="70272239578187" />
<exclusive-end id="1300" timestamp="2019-06-17T04:32:02.602" durationms="3.775" />

<exclusive-start id="1301" timestamp="2019-06-17T04:32:02.685" intervalms="86.386">
  <response-info timems="0.179" idlems="0.179" threads="0" lastid="0000000002320700" lastname="main" />
</exclusive-start>
<allocation-taxation id="1302" taxation-threshold="19922944" timestamp="2019-06-17T04:32:02.685" intervalms="86.289" />
<cycle-start id="1303" type="partial gc" contextid="0" timestamp="2019-06-17T04:32:02.685" intervalms="186.834" />
<gc-start id="1304" type="partial gc" contextid="1303" timestamp="2019-06-17T04:32:02.686">
  <mem-info id="1305" free="24117248" total="132120576" percent="18">
    <mem type="eden" free="0" total="39845888" percent="0" />
    <remembered-set count="58272" freebytes="5040768" totalbytes="5273856" percent="95" regionsoverflowed="0" regionsstable="8" regionsrebuilding="0"/>
  </mem-info>
</gc-start>
<allocation-stats totalBytes="39840880" >
  <allocated-bytes non-tlh="0" tlh="39840880" arrayletleaf="0"/>
  <largest-consumer threadName="main" threadId="0000000002320700" bytes="19912464" />
</allocation-stats>
<gc-op id="1306" type="sweep" timems="0.770" contextid="1303" timestamp="2019-06-17T04:32:02.687" />
<gc-op id="1307" type="copy forward" timems="10.113" contextid="1303" timestamp="2019-06-17T04:32:02.698">
  <memory-copied type="eden" objects="3" bytes="576" bytesdiscarded="0" />
  <memory-copied type="other" objects="20707" bytes="1835304" bytesdiscarded="0" />
  <memory-cardclean objects="103857" bytes="3096864" />
  <regions eden="19" other="6" />
  <remembered-set-cleared processed="39704" cleared="20186" durationms="0.539" />
  <finalization candidates="26" enqueued="0" />
  <ownableSynchronizers candidates="16" cleared="0" />
  <references type="soft" candidates="161" cleared="0" enqueued="0" dynamicThreshold="10" maxThreshold="32" />
  <references type="weak" candidates="419" cleared="0" enqueued="0" />
  <references type="phantom" candidates="86" cleared="0" enqueued="0" />
  <stringconstants candidates="13748" cleared="0"  />
</gc-op>
<gc-op id="1308" type="classunload" timems="0.005" contextid="1303" timestamp="2019-06-17T04:32:02.698">
  <classunload-info classloadercandidates="54" classloadersunloaded="0" classesunloaded="0" anonymousclassesunloaded="0" quiescems="0.000" setupms="0.004" scanms="0.000" postms="0.000" />
</gc-op>
<gc-end id="1309" type="partial gc" contextid="1303" durationms="12.521" usertimems="12.000" systemtimems="0.000" timestamp="2019-06-17T04:32:02.698" activeThreads="1">
  <mem-info id="1310" free="66060288" total="132120576" percent="50">
    <mem type="eden" free="1048000" total="1048576" percent="99" />
    <remembered-set count="53568" freebytes="5059584" totalbytes="5273856" percent="95" regionsoverflowed="0" regionsstable="8" regionsrebuilding="0"/>
  </mem-info>
</gc-end>
<cycle-end id="1311" type="partial gc" contextid="1303" timestamp="2019-06-17T04:32:02.698" />
  <attribute name="elasticGC enabled" value="1" />
  <attribute name= "numThreadsSpecified" value="1" />
  <attribute name="heapSize specified" value="0" />
  <attribute name="Current GC Util" value="73" />
  <attribute name= "Current Time Running" value="52124" />
  <attribute name ="GC Interval" value="0" />
  <attribute name="ProportionalT" value="79.500000" />
  <attribute name="ProportionalI" value="79.500000" />
  <attribute name="ProportionalH" value="79.500000" />
  <attribute name="Current Error" value="53.000000" />
  <attribute name="IntegralT" value="0.000000" />
  <attribute name="IntegralI" value="0.000000" />
  <attribute name="IntegralH" value="0.000000" />
  <attribute name="DerivativeT" value="inf" />
  <attribute name="DerivativeI" value="inf" />
  <attribute name="DerivativeH" value="inf" />
  <attribute name="Loop Time for DT" value="0.000000" />
  <attribute name="Output H" value="8388608"/>
  <attribute name="Output I" value="200"/>
  <attribute name="Output T" value="1"/>
  <attribute name="Target GC Util Change" value ="20.000000" />
  <attribute name="Current GC Util Change" value="73.000000"/>
  <attribute name="GC Util currently" value="73" />
  <attribute name="CPU Util currently" value="16776355785061" />
<exclusive-end id="1312" timestamp="2019-06-17T04:32:02.699" durationms="13.801" />

<exclusive-start id="1313" timestamp="2019-06-17T04:32:02.812" intervalms="127.279">
  <response-info timems="0.257" idlems="0.257" threads="0" lastid="0000000002320700" lastname="main" />
</exclusive-start>
<allocation-taxation id="1314" taxation-threshold="19922944" timestamp="2019-06-17T04:32:02.812" intervalms="127.356" />
<cycle-start id="1315" type="global mark phase" contextid="0" timestamp="2019-06-17T04:32:02.813" intervalms="2908.820" />
<gc-start id="1316" type="global mark phase" contextid="1315" timestamp="2019-06-17T04:32:02.813">
  <mem-info id="1317" free="46137344" total="132120576" percent="34">
    <remembered-set count="53568" freebytes="5059584" totalbytes="5273856" percent="95" regionsoverflowed="0" regionsstable="8" regionsrebuilding="0"/>
  </mem-info>
</gc-start>
<gc-op id="1318" type="mark increment" timems="1.153" contextid="1315" timestamp="2019-06-17T04:32:02.814">
  <trace-info objectcount="3351" scancount="189" scanbytes="12452" />
</gc-op>
<gc-end id="1319" type="global mark phase" contextid="1315" durationms="1.365" usertimems="0.000" systemtimems="4.000" timestamp="2019-06-17T04:32:02.814" activeThreads="4">
  <mem-info id="1320" free="46137344" total="132120576" percent="34">
    <remembered-set count="53568" freebytes="5059584" totalbytes="5273856" percent="95" regionsoverflowed="0" regionsstable="0" regionsrebuilding="8"/>
  </mem-info>
</gc-end>
<concurrent-start id="1321" type="GMP work packet processing" contextid="1315" timestamp="2019-06-17T04:32:02.814">
  <concurrent-mark-start scanTarget="1307429" />
</concurrent-start>
<exclusive-end id="1322" timestamp="2019-06-17T04:32:02.815" durationms="3.196" />

<concurrent-end id="1323" type="GMP work packet processing" contextid="1315" timestamp="2019-06-17T04:32:02.815">
  <concurrent-mark-end bytesScanned="1356272" reasonForTermination="Work target met" />
</concurrent-end>

<exclusive-start id="1324" timestamp="2019-06-17T04:32:02.934" intervalms="122.127">
  <response-info timems="0.034" idlems="0.034" threads="0" lastid="0000000002320700" lastname="main" />
</exclusive-start>
<allocation-taxation id="1325" taxation-threshold="19922944" timestamp="2019-06-17T04:32:02.934" intervalms="122.043" />
<cycle-start id="1326" type="partial gc" contextid="0" timestamp="2019-06-17T04:32:02.934" intervalms="249.309" />
<gc-start id="1327" type="partial gc" contextid="1326" timestamp="2019-06-17T04:32:02.935">
  <mem-info id="1328" free="26214400" total="132120576" percent="19">
    <mem type="eden" free="0" total="39845888" percent="0" />
    <remembered-set count="53568" freebytes="5059584" totalbytes="5273856" percent="95" regionsoverflowed="0" regionsstable="0" regionsrebuilding="8"/>
  </mem-info>
</gc-start>
<allocation-stats totalBytes="39838568" >
  <allocated-bytes non-tlh="32" tlh="39838536" arrayletleaf="0"/>
  <largest-consumer threadName="main" threadId="0000000002320700" bytes="19919064" />
</allocation-stats>
<gc-op id="1329" type="copy forward" timems="3.149" contextid="1326" timestamp="2019-06-17T04:32:02.939">
  <memory-copied type="eden" objects="44" bytes="1568" bytesdiscarded="0" />
  <memory-copied type="other" objects="5739" bytes="226448" bytesdiscarded="792" />
  <memory-cardclean objects="2256" bytes="100280" />
  <regions eden="38" other="20" />
  <remembered-set-cleared processed="47124" cleared="2724" durationms="0.540" />
  <references type="soft" candidates="93" cleared="0" enqueued="0" dynamicThreshold="11" maxThreshold="32" />
  <references type="weak" candidates="401" cleared="0" enqueued="0" />
  <references type="phantom" candidates="12" cleared="0" enqueued="0" />
  <stringconstants candidates="13749" cleared="0"  />
</gc-op>
<gc-op id="1330" type="classunload" timems="0.005" contextid="1326" timestamp="2019-06-17T04:32:02.939">
  <classunload-info classloadercandidates="54" classloadersunloaded="0" classesunloaded="0" anonymousclassesunloaded="0" quiescems="0.000" setupms="0.005" scanms="0.000" postms="0.000" />
</gc-op>
<heap-resize id="1331" type="contract" space="default" amount="2097152" count="1" timems="0.135" reason="excess free space following gc" timestamp="2019-06-17T04:32:02.939" />
<gc-end id="1332" type="partial gc" contextid="1326" durationms="4.442" usertimems="8.000" systemtimems="0.000" timestamp="2019-06-17T04:32:02.939" activeThreads="1">
  <mem-info id="1333" free="79691776" total="130023424" percent="61">
    <mem type="eden" free="1047008" total="1048576" percent="99" />
    <remembered-set count="53504" freebytes="5059840" totalbytes="5273856" percent="95" regionsoverflowed="0" regionsstable="0" regionsrebuilding="8"/>
  </mem-info>
</gc-end>
<cycle-end id="1334" type="partial gc" contextid="1326" timestamp="2019-06-17T04:32:02.939" />
  <attribute name="elasticGC enabled" value="1" />
  <attribute name= "numThreadsSpecified" value="1" />
  <attribute name="heapSize specified" value="0" />
  <attribute name="Current GC Util" value="61" />
  <attribute name= "Current Time Running" value="52372" />
  <attribute name ="GC Interval" value="0" />
  <attribute name="ProportionalT" value="61.500000" />
  <attribute name="ProportionalI" value="61.500000" />
  <attribute name="ProportionalH" value="61.500000" />
  <attribute name="Current Error" value="41.000000" />
  <attribute name="IntegralT" value="0.000000" />
  <attribute name="IntegralI" value="0.000000" />
  <attribute name="IntegralH" value="0.000000" />
  <attribute name="DerivativeT" value="inf" />
  <attribute name="DerivativeI" value="inf" />
  <attribute name="DerivativeH" value="inf" />
  <attribute name="Loop Time for DT" value="0.000000" />
  <attribute name="Output H" value="8388608"/>
  <attribute name="Output I" value="200"/>
  <attribute name="Output T" value="1"/>
  <attribute name="Target GC Util Change" value ="20.000000" />
  <attribute name="Current GC Util Change" value="61.000000"/>
  <attribute name="GC Util currently" value="61" />
  <attribute name="CPU Util currently" value="18628934960154" />
<exclusive-end id="1335" timestamp="2019-06-17T04:32:02.940" durationms="5.371" />

<exclusive-start id="1336" timestamp="2019-06-17T04:32:03.089" intervalms="154.692">
  <response-info timems="0.062" idlems="0.062" threads="0" lastid="0000000002320700" lastname="main" />
</exclusive-start>
<allocation-taxation id="1337" taxation-threshold="18874368" timestamp="2019-06-17T04:32:03.089" intervalms="154.705" />
<gc-start id="1338" type="global mark phase" contextid="1315" timestamp="2019-06-17T04:32:03.089">
  <mem-info id="1339" free="60817408" total="130023424" percent="46">
    <remembered-set count="41024" freebytes="5109760" totalbytes="5273856" percent="96" regionsoverflowed="0" regionsstable="1" regionsrebuilding="8"/>
  </mem-info>
</gc-start>
<gc-end id="1340" type="global mark phase" contextid="1315" durationms="0.070" usertimems="0.000" systemtimems="0.000" timestamp="2019-06-17T04:32:03.089" activeThreads="1">
  <mem-info id="1341" free="60817408" total="130023424" percent="46">
    <remembered-set count="41024" freebytes="5109760" totalbytes="5273856" percent="96" regionsoverflowed="0" regionsstable="1" regionsrebuilding="8"/>
  </mem-info>
</gc-end>
<concurrent-start id="1342" type="GMP work packet processing" contextid="1315" timestamp="2019-06-17T04:32:03.089">
  <concurrent-mark-start scanTarget="1048576" />
</concurrent-start>
<concurrent-end id="1343" type="GMP work packet processing" contextid="1315" timestamp="2019-06-17T04:32:03.091">
  <concurrent-mark-end bytesScanned="1102084" reasonForTermination="Work target met" />
</concurrent-end>

<exclusive-end id="1344" timestamp="2019-06-17T04:32:03.091" durationms="1.615" />

<exclusive-start id="1345" timestamp="2019-06-17T04:32:03.232" intervalms="143.356">
  <response-info timems="0.075" idlems="0.075" threads="0" lastid="0000000002320700" lastname="main" />
</exclusive-start>
<allocation-taxation id="1346" taxation-threshold="18874368" timestamp="2019-06-17T04:32:03.232" intervalms="143.343" />
<cycle-start id="1347" type="partial gc" contextid="0" timestamp="2019-06-17T04:32:03.233" intervalms="298.115" />
<gc-start id="1348" type="partial gc" contextid="1347" timestamp="2019-06-17T04:32:03.233">
  <mem-info id="1349" free="41943040" total="130023424" percent="32">
    <mem type="eden" free="0" total="37748736" percent="0" />
    <remembered-set count="41024" freebytes="5109760" totalbytes="5273856" percent="96" regionsoverflowed="0" regionsstable="1" regionsrebuilding="8"/>
  </mem-info>
</gc-start>
<allocation-stats totalBytes="37734072" >
  <allocated-bytes non-tlh="0" tlh="37734072" arrayletleaf="0"/>
  <largest-consumer threadName="main" threadId="0000000002320700" bytes="18866880" />
</allocation-stats>
<gc-op id="1350" type="copy forward" timems="5.638" contextid="1347" timestamp="2019-06-17T04:32:03.240">
  <memory-copied type="eden" objects="3" bytes="120" bytesdiscarded="0" />
  <memory-copied type="other" objects="5420" bytes="181256" bytesdiscarded="264" />
  <memory-cardclean objects="50087" bytes="1827464" />
  <regions eden="36" other="8" />
  <remembered-set-cleared processed="29965" cleared="12431" durationms="0.409" />
  <references type="soft" candidates="117" cleared="0" enqueued="0" dynamicThreshold="14" maxThreshold="32" />
  <references type="weak" candidates="784" cleared="0" enqueued="0" />
  <references type="phantom" candidates="8" cleared="0" enqueued="0" />
  <stringconstants candidates="13749" cleared="0"  />
</gc-op>
<gc-op id="1351" type="classunload" timems="0.010" contextid="1347" timestamp="2019-06-17T04:32:03.240">
  <classunload-info classloadercandidates="54" classloadersunloaded="0" classesunloaded="0" anonymousclassesunloaded="0" quiescems="0.000" setupms="0.010" scanms="0.000" postms="0.000" />
</gc-op>
<heap-resize id="1352" type="contract" space="default" amount="7340032" count="1" timems="0.219" reason="insufficient time being spent in gc" timestamp="2019-06-17T04:32:03.240" />
<gc-end id="1353" type="partial gc" contextid="1347" durationms="7.581" usertimems="16.000" systemtimems="0.000" timestamp="2019-06-17T04:32:03.241" activeThreads="1">
  <mem-info id="1354" free="74448896" total="122683392" percent="60">
    <mem type="eden" free="1048456" total="1048576" percent="99" />
    <remembered-set count="37120" freebytes="5041664" totalbytes="5190144" percent="97" regionsoverflowed="0" regionsstable="1" regionsrebuilding="8"/>
  </mem-info>
</gc-end>
<cycle-end id="1355" type="partial gc" contextid="1347" timestamp="2019-06-17T04:32:03.241" />
  <attribute name="elasticGC enabled" value="1" />
  <attribute name= "numThreadsSpecified" value="1" />
  <attribute name="heapSize specified" value="0" />
  <attribute name="Current GC Util" value="31" />
  <attribute name= "Current Time Running" value="52671" />
  <attribute name ="GC Interval" value="0" />
  <attribute name="ProportionalT" value="16.500000" />
  <attribute name="ProportionalI" value="16.500000" />
  <attribute name="ProportionalH" value="16.500000" />
  <attribute name="Current Error" value="11.000000" />
  <attribute name="IntegralT" value="0.000000" />
  <attribute name="IntegralI" value="0.000000" />
  <attribute name="IntegralH" value="0.000000" />
  <attribute name="DerivativeT" value="inf" />
  <attribute name="DerivativeI" value="inf" />
  <attribute name="DerivativeH" value="inf" />
  <attribute name="Loop Time for DT" value="0.000000" />
  <attribute name="Output H" value="8388608"/>
  <attribute name="Output I" value="200"/>
  <attribute name="Output T" value="1"/>
  <attribute name="Target GC Util Change" value ="20.000000" />
  <attribute name="Current GC Util Change" value="31.000000"/>
  <attribute name="GC Util currently" value="31" />
  <attribute name="CPU Util currently" value="7507257879975" />
<exclusive-end id="1356" timestamp="2019-06-17T04:32:03.241" durationms="8.740" />

<exclusive-start id="1357" timestamp="2019-06-17T04:32:03.417" intervalms="184.793">
  <response-info timems="0.046" idlems="0.046" threads="0" lastid="0000000002320700" lastname="main" />
</exclusive-start>
<allocation-taxation id="1358" taxation-threshold="17825792" timestamp="2019-06-17T04:32:03.417" intervalms="184.790" />
<gc-start id="1359" type="global mark phase" contextid="1315" timestamp="2019-06-17T04:32:03.417">
  <mem-info id="1360" free="56623104" total="122683392" percent="46">
    <remembered-set count="31168" freebytes="5065472" totalbytes="5190144" percent="97" regionsoverflowed="0" regionsstable="2" regionsrebuilding="8"/>
  </mem-info>
</gc-start>
<gc-end id="1361" type="global mark phase" contextid="1315" durationms="0.063" usertimems="0.000" systemtimems="0.000" timestamp="2019-06-17T04:32:03.417" activeThreads="1">
  <mem-info id="1362" free="56623104" total="122683392" percent="46">
    <remembered-set count="31168" freebytes="5065472" totalbytes="5190144" percent="97" regionsoverflowed="0" regionsstable="2" regionsrebuilding="8"/>
  </mem-info>
</gc-end>
<concurrent-start id="1363" type="GMP work packet processing" contextid="1315" timestamp="2019-06-17T04:32:03.417">
  <concurrent-mark-start scanTarget="1048576" />
</concurrent-start>
<concurrent-end id="1364" type="GMP work packet processing" contextid="1315" timestamp="2019-06-17T04:32:03.418">
  <concurrent-mark-end bytesScanned="1075980" reasonForTermination="Work target met" />
</concurrent-end>

<exclusive-end id="1365" timestamp="2019-06-17T04:32:03.418" durationms="1.224" />

<exclusive-start id="1366" timestamp="2019-06-17T04:32:03.598" intervalms="181.073">
  <response-info timems="0.037" idlems="0.037" threads="0" lastid="0000000002320700" lastname="main" />
</exclusive-start>
<allocation-taxation id="1367" taxation-threshold="17825792" timestamp="2019-06-17T04:32:03.598" intervalms="181.070" />
<cycle-start id="1368" type="partial gc" contextid="0" timestamp="2019-06-17T04:32:03.598" intervalms="365.795" />
<gc-start id="1369" type="partial gc" contextid="1368" timestamp="2019-06-17T04:32:03.599">
  <mem-info id="1370" free="38797312" total="122683392" percent="31">
    <mem type="eden" free="1048456" total="36700160" percent="2" />
    <remembered-set count="32320" freebytes="5060864" totalbytes="5190144" percent="97" regionsoverflowed="0" regionsstable="2" regionsrebuilding="8"/>
  </mem-info>
</gc-start>
<allocation-stats totalBytes="35645776" >
  <allocated-bytes non-tlh="0" tlh="35645776" arrayletleaf="0"/>
  <largest-consumer threadName="main" threadId="0000000002320700" bytes="17825224" />
</allocation-stats>
<gc-op id="1371" type="copy forward" timems="2.422" contextid="1368" timestamp="2019-06-17T04:32:03.602">
  <memory-copied type="eden" objects="31" bytes="936" bytesdiscarded="0" />
  <memory-copied type="other" objects="9626" bytes="297784" bytesdiscarded="23128" />
  <memory-cardclean objects="5990" bytes="257056" />
  <regions eden="34" other="7" />
  <remembered-set-cleared processed="29100" cleared="2851" durationms="0.195" />
  <references type="soft" candidates="124" cleared="0" enqueued="0" dynamicThreshold="14" maxThreshold="32" />
  <references type="weak" candidates="411" cleared="0" enqueued="0" />
  <stringconstants candidates="13749" cleared="0"  />
</gc-op>
<gc-op id="1372" type="classunload" timems="0.006" contextid="1368" timestamp="2019-06-17T04:32:03.602">
  <classunload-info classloadercandidates="54" classloadersunloaded="0" classesunloaded="0" anonymousclassesunloaded="0" quiescems="0.000" setupms="0.006" scanms="0.000" postms="0.000" />
</gc-op>
<heap-resize id="1373" type="contract" space="default" amount="6291456" count="1" timems="0.287" reason="insufficient time being spent in gc" timestamp="2019-06-17T04:32:03.603" />
<gc-end id="1374" type="partial gc" contextid="1368" durationms="4.046" usertimems="12.000" systemtimems="0.000" timestamp="2019-06-17T04:32:03.603" activeThreads="4">
  <mem-info id="1375" free="72351744" total="116391936" percent="62">
    <mem type="eden" free="1047640" total="1048576" percent="99" />
    <remembered-set count="32096" freebytes="4768768" totalbytes="4897152" percent="97" regionsoverflowed="0" regionsstable="2" regionsrebuilding="8"/>
  </mem-info>
</gc-end>
<cycle-end id="1376" type="partial gc" contextid="1368" timestamp="2019-06-17T04:32:03.603" />
  <attribute name="elasticGC enabled" value="1" />
  <attribute name= "numThreadsSpecified" value="4" />
  <attribute name="heapSize specified" value="0" />
  <attribute name="Current GC Util" value="32" />
  <attribute name= "Current Time Running" value="53037" />
  <attribute name ="GC Interval" value="0" />
  <attribute name="ProportionalT" value="18.000000" />
  <attribute name="ProportionalI" value="18.000000" />
  <attribute name="ProportionalH" value="18.000000" />
  <attribute name="Current Error" value="12.000000" />
  <attribute name="IntegralT" value="12.000000" />
  <attribute name="IntegralI" value="12.000000" />
  <attribute name="IntegralH" value="12.000000" />
  <attribute name="DerivativeT" value="18.000000" />
  <attribute name="DerivativeI" value="18.000000" />
  <attribute name="DerivativeH" value="18.000000" />
  <attribute name="Loop Time for DT" value="1.000000" />
  <attribute name="Output H" value="8388608"/>
  <attribute name="Output I" value="200"/>
  <attribute name="Output T" value="4"/>
  <attribute name="Target GC Util Change" value ="20.000000" />
  <attribute name="Current GC Util Change" value="32.000000"/>
  <attribute name="GC Util currently" value="32" />
  <attribute name="CPU Util currently" value="8508818432978" />
<exclusive-end id="1377" timestamp="2019-06-17T04:32:03.603" durationms="4.934" />

<exclusive-start id="1378" timestamp="2019-06-17T04:32:03.664" intervalms="66.258">
  <response-info timems="0.114" idlems="0.114" threads="0" lastid="0000000002320700" lastname="main" />
</exclusive-start>
<allocation-taxation id="1379" taxation-threshold="17825792" timestamp="2019-06-17T04:32:03.665" intervalms="66.261" />
<gc-start id="1380" type="global mark phase" contextid="1315" timestamp="2019-06-17T04:32:03.665">
  <mem-info id="1381" free="54525952" total="116391936" percent="46">
    <remembered-set count="32000" freebytes="4769152" totalbytes="4897152" percent="97" regionsoverflowed="0" regionsstable="2" regionsrebuilding="8"/>
  </mem-info>
</gc-start>
<gc-end id="1382" type="global mark phase" contextid="1315" durationms="0.073" usertimems="0.000" systemtimems="0.000" timestamp="2019-06-17T04:32:03.665" activeThreads="4">
  <mem-info id="1383" free="54525952" total="116391936" percent="46">
    <remembered-set count="32000" freebytes="4769152" totalbytes="4897152" percent="97" regionsoverflowed="0" regionsstable="2" regionsrebuilding="8"/>
  </mem-info>
</gc-end>
<concurrent-start id="1384" type="GMP work packet processing" contextid="1315" timestamp="2019-06-17T04:32:03.665">
  <concurrent-mark-start scanTarget="1307429" />
</concurrent-start>
<concurrent-end id="1385" type="GMP work packet processing" contextid="1315" timestamp="2019-06-17T04:32:03.666">
  <concurrent-mark-end bytesScanned="1353372" reasonForTermination="Work target met" />
</concurrent-end>

<exclusive-end id="1386" timestamp="2019-06-17T04:32:03.666" durationms="1.523" />

<exclusive-start id="1387" timestamp="2019-06-17T04:32:03.703" intervalms="38.382">
  <response-info timems="0.034" idlems="0.034" threads="0" lastid="0000000002320700" lastname="main" />
</exclusive-start>
<allocation-taxation id="1388" taxation-threshold="17825792" timestamp="2019-06-17T04:32:03.703" intervalms="38.386" />
<cycle-start id="1389" type="partial gc" contextid="0" timestamp="2019-06-17T04:32:03.703" intervalms="104.634" />
<gc-start id="1390" type="partial gc" contextid="1389" timestamp="2019-06-17T04:32:03.703">
  <mem-info id="1391" free="36700160" total="116391936" percent="31">
    <mem type="eden" free="0" total="35651584" percent="0" />
    <remembered-set count="33024" freebytes="4765056" totalbytes="4897152" percent="97" regionsoverflowed="0" regionsstable="2" regionsrebuilding="8"/>
  </mem-info>
</gc-start>
<allocation-stats totalBytes="35647400" >
  <allocated-bytes non-tlh="0" tlh="35647400" arrayletleaf="0"/>
  <largest-consumer threadName="main" threadId="0000000002320700" bytes="17823888" />
</allocation-stats>
<gc-op id="1392" type="copy forward" timems="4.278" contextid="1389" timestamp="2019-06-17T04:32:03.708">
  <memory-copied type="eden" objects="38" bytes="1112" bytesdiscarded="0" />
  <memory-copied type="other" objects="14005" bytes="449920" bytesdiscarded="176" />
  <memory-cardclean objects="5998" bytes="359600" />
  <regions eden="34" other="6" />
  <remembered-set-cleared processed="29630" cleared="2559" durationms="0.380" />
  <references type="soft" candidates="239" cleared="0" enqueued="0" dynamicThreshold="14" maxThreshold="32" />
  <references type="weak" candidates="1339" cleared="0" enqueued="0" />
  <stringconstants candidates="13749" cleared="0"  />
</gc-op>
<gc-op id="1393" type="classunload" timems="0.008" contextid="1389" timestamp="2019-06-17T04:32:03.709">
  <classunload-info classloadercandidates="54" classloadersunloaded="0" classesunloaded="0" anonymousclassesunloaded="0" quiescems="0.000" setupms="0.008" scanms="0.000" postms="0.000" />
</gc-op>
<heap-resize id="1394" type="contract" space="default" amount="6291456" count="1" timems="0.260" reason="insufficient time being spent in gc" timestamp="2019-06-17T04:32:03.709" />
<gc-end id="1395" type="partial gc" contextid="1389" durationms="5.883" usertimems="12.000" systemtimems="0.000" timestamp="2019-06-17T04:32:03.709" activeThreads="1">
  <mem-info id="1396" free="69206016" total="110100480" percent="62">
    <mem type="eden" free="1047464" total="1048576" percent="99" />
    <remembered-set count="32416" freebytes="4516352" totalbytes="4646016" percent="97" regionsoverflowed="0" regionsstable="2" regionsrebuilding="8"/>
  </mem-info>
</gc-end>
<cycle-end id="1397" type="partial gc" contextid="1389" timestamp="2019-06-17T04:32:03.709" />
  <attribute name="elasticGC enabled" value="1" />
  <attribute name= "numThreadsSpecified" value="1" />
  <attribute name="heapSize specified" value="0" />
  <attribute name="Current GC Util" value="33" />
  <attribute name= "Current Time Running" value="53141" />
  <attribute name ="GC Interval" value="0" />
  <attribute name="ProportionalT" value="19.500000" />
  <attribute name="ProportionalI" value="19.500000" />
  <attribute name="ProportionalH" value="19.500000" />
  <attribute name="Current Error" value="13.000000" />
  <attribute name="IntegralT" value="0.000000" />
  <attribute name="IntegralI" value="0.000000" />
  <attribute name="IntegralH" value="0.000000" />
  <attribute name="DerivativeT" value="inf" />
  <attribute name="DerivativeI" value="inf" />
  <attribute name="DerivativeH" value="inf" />
  <attribute name="Loop Time for DT" value="0.000000" />
  <attribute name="Output H" value="8388608"/>
  <attribute name="Output I" value="200"/>
  <attribute name="Output T" value="1"/>
  <attribute name="Target GC Util Change" value ="20.000000" />
  <attribute name="Current GC Util Change" value="33.000000"/>
  <attribute name="GC Util currently" value="33" />
  <attribute name="CPU Util currently" value="8715354002081" />
<exclusive-end id="1398" timestamp="2019-06-17T04:32:03.710" durationms="6.749" />

<exclusive-start id="1399" timestamp="2019-06-17T04:32:03.750" intervalms="47.222">
  <response-info timems="0.037" idlems="0.037" threads="0" lastid="0000000002320700" lastname="main" />
</exclusive-start>
<allocation-taxation id="1400" taxation-threshold="16777216" timestamp="2019-06-17T04:32:03.750" intervalms="47.253" />
<gc-start id="1401" type="global mark phase" contextid="1315" timestamp="2019-06-17T04:32:03.750">
  <mem-info id="1402" free="52428800" total="110100480" percent="47">
    <remembered-set count="31968" freebytes="4518144" totalbytes="4646016" percent="97" regionsoverflowed="0" regionsstable="2" regionsrebuilding="8"/>
  </mem-info>
</gc-start>
<gc-end id="1403" type="global mark phase" contextid="1315" durationms="0.100" usertimems="0.000" systemtimems="0.000" timestamp="2019-06-17T04:32:03.750" activeThreads="1">
  <mem-info id="1404" free="52428800" total="110100480" percent="47">
    <remembered-set count="31968" freebytes="4518144" totalbytes="4646016" percent="97" regionsoverflowed="0" regionsstable="2" regionsrebuilding="8"/>
  </mem-info>
</gc-end>
<concurrent-start id="1405" type="GMP work packet processing" contextid="1315" timestamp="2019-06-17T04:32:03.751">
  <concurrent-mark-start scanTarget="1048576" />
</concurrent-start>
<exclusive-end id="1407" timestamp="2019-06-17T04:32:03.751" durationms="1.451" />

<concurrent-end id="1406" type="GMP work packet processing" contextid="1315" timestamp="2019-06-17T04:32:03.751">
  <concurrent-mark-end bytesScanned="1074140" reasonForTermination="Work target met" />
</concurrent-end>

<exclusive-start id="1408" timestamp="2019-06-17T04:32:03.782" intervalms="31.931">
  <response-info timems="0.029" idlems="0.029" threads="0" lastid="0000000002320700" lastname="main" />
</exclusive-start>
<allocation-taxation id="1409" taxation-threshold="16777216" timestamp="2019-06-17T04:32:03.782" intervalms="31.938" />
<cycle-start id="1410" type="partial gc" contextid="0" timestamp="2019-06-17T04:32:03.782" intervalms="79.261" />
<gc-start id="1411" type="partial gc" contextid="1410" timestamp="2019-06-17T04:32:03.783">
  <mem-info id="1412" free="35651584" total="110100480" percent="32">
    <mem type="eden" free="0" total="33554432" percent="0" />
    <remembered-set count="33088" freebytes="4513664" totalbytes="4646016" percent="97" regionsoverflowed="0" regionsstable="2" regionsrebuilding="8"/>
  </mem-info>
</gc-start>
<allocation-stats totalBytes="33549552" >
  <allocated-bytes non-tlh="0" tlh="33549552" arrayletleaf="0"/>
  <largest-consumer threadName="main" threadId="0000000002320700" bytes="16774912" />
</allocation-stats>
<gc-op id="1413" type="copy forward" timems="2.850" contextid="1410" timestamp="2019-06-17T04:32:03.786">
  <memory-copied type="eden" objects="2" bytes="48" bytesdiscarded="0" />
  <memory-copied type="other" objects="17040" bytes="519464" bytesdiscarded="23640" />
  <memory-cardclean objects="7565" bytes="336064" />
  <regions eden="32" other="4" />
  <remembered-set-cleared processed="29359" cleared="2681" durationms="0.222" />
  <references type="soft" candidates="495" cleared="0" enqueued="0" dynamicThreshold="15" maxThreshold="32" />
  <references type="weak" candidates="1863" cleared="0" enqueued="0" />
  <stringconstants candidates="13749" cleared="0"  />
</gc-op>
<gc-op id="1414" type="classunload" timems="0.005" contextid="1410" timestamp="2019-06-17T04:32:03.787">
  <classunload-info classloadercandidates="54" classloadersunloaded="0" classesunloaded="0" anonymousclassesunloaded="0" quiescems="0.000" setupms="0.004" scanms="0.000" postms="0.000" />
</gc-op>
<heap-resize id="1415" type="contract" space="default" amount="6291456" count="1" timems="0.290" reason="excess free space following gc" timestamp="2019-06-17T04:32:03.787" />
<gc-end id="1416" type="partial gc" contextid="1410" durationms="4.580" usertimems="8.000" systemtimems="0.000" timestamp="2019-06-17T04:32:03.787" activeThreads="4">
  <mem-info id="1417" free="63963136" total="103809024" percent="61">
    <mem type="eden" free="1048528" total="1048576" percent="99" />
    <remembered-set count="33376" freebytes="4261376" totalbytes="4394880" percent="96" regionsoverflowed="0" regionsstable="2" regionsrebuilding="8"/>
  </mem-info>
</gc-end>
<cycle-end id="1418" type="partial gc" contextid="1410" timestamp="2019-06-17T04:32:03.787" />
  <attribute name="elasticGC enabled" value="1" />
  <attribute name= "numThreadsSpecified" value="4" />
  <attribute name="heapSize specified" value="0" />
  <attribute name="Current GC Util" value="31" />
  <attribute name= "Current Time Running" value="53221" />
  <attribute name ="GC Interval" value="0" />
  <attribute name="ProportionalT" value="16.500000" />
  <attribute name="ProportionalI" value="16.500000" />
  <attribute name="ProportionalH" value="16.500000" />
  <attribute name="Current Error" value="11.000000" />
  <attribute name="IntegralT" value="11.000000" />
  <attribute name="IntegralI" value="11.000000" />
  <attribute name="IntegralH" value="11.000000" />
  <attribute name="DerivativeT" value="16.500000" />
  <attribute name="DerivativeI" value="16.500000" />
  <attribute name="DerivativeH" value="16.500000" />
  <attribute name="Loop Time for DT" value="1.000000" />
  <attribute name="Output H" value="8388608"/>
  <attribute name="Output I" value="200"/>
  <attribute name="Output T" value="4"/>
  <attribute name="Target GC Util Change" value ="20.000000" />
  <attribute name="Current GC Util Change" value="31.000000"/>
  <attribute name="GC Util currently" value="31" />
  <attribute name="CPU Util currently" value="8528755984118" />
<exclusive-end id="1419" timestamp="2019-06-17T04:32:03.788" durationms="5.637" />

<exclusive-start id="1420" timestamp="2019-06-17T04:32:03.834" intervalms="52.433">
  <response-info timems="0.030" idlems="0.030" threads="0" lastid="0000000002320700" lastname="main" />
</exclusive-start>
<allocation-taxation id="1421" taxation-threshold="15728640" timestamp="2019-06-17T04:32:03.835" intervalms="52.447" />
<gc-start id="1422" type="global mark phase" contextid="1315" timestamp="2019-06-17T04:32:03.835">
  <mem-info id="1423" free="48234496" total="103809024" percent="46">
    <remembered-set count="31360" freebytes="4269440" totalbytes="4394880" percent="97" regionsoverflowed="0" regionsstable="3" regionsrebuilding="8"/>
  </mem-info>
</gc-start>
<gc-end id="1424" type="global mark phase" contextid="1315" durationms="0.159" usertimems="0.000" systemtimems="0.000" timestamp="2019-06-17T04:32:03.835" activeThreads="4">
  <mem-info id="1425" free="48234496" total="103809024" percent="46">
    <remembered-set count="31360" freebytes="4269440" totalbytes="4394880" percent="97" regionsoverflowed="0" regionsstable="3" regionsrebuilding="8"/>
  </mem-info>
</gc-end>
<concurrent-start id="1426" type="GMP work packet processing" contextid="1315" timestamp="2019-06-17T04:32:03.835">
  <concurrent-mark-start scanTarget="1307429" />
</concurrent-start>
<concurrent-end id="1427" type="GMP work packet processing" contextid="1315" timestamp="2019-06-17T04:32:03.836">
  <concurrent-mark-end bytesScanned="1355276" reasonForTermination="Work target met" />
</concurrent-end>

<exclusive-end id="1428" timestamp="2019-06-17T04:32:03.836" durationms="1.680" />

<exclusive-start id="1429" timestamp="2019-06-17T04:32:03.923" intervalms="88.833">
  <response-info timems="0.073" idlems="0.073" threads="0" lastid="0000000002320700" lastname="main" />
</exclusive-start>
<allocation-taxation id="1430" taxation-threshold="15728640" timestamp="2019-06-17T04:32:03.923" intervalms="88.816" />
<cycle-start id="1431" type="partial gc" contextid="0" timestamp="2019-06-17T04:32:03.924" intervalms="141.260" />
<gc-start id="1432" type="partial gc" contextid="1431" timestamp="2019-06-17T04:32:03.924">
  <mem-info id="1433" free="32505856" total="103809024" percent="31">
    <mem type="eden" free="1048528" total="32505856" percent="3" />
    <remembered-set count="31584" freebytes="4268544" totalbytes="4394880" percent="97" regionsoverflowed="0" regionsstable="3" regionsrebuilding="8"/>
  </mem-info>
</gc-start>
<allocation-stats totalBytes="31455352" >
  <allocated-bytes non-tlh="0" tlh="31455352" arrayletleaf="0"/>
  <largest-consumer threadName="main" threadId="0000000002320700" bytes="15728152" />
</allocation-stats>
<gc-op id="1434" type="copy forward" timems="2.921" contextid="1431" timestamp="2019-06-17T04:32:03.928">
  <memory-copied type="eden" objects="23" bytes="720" bytesdiscarded="584" />
  <memory-copied type="other" objects="23020" bytes="713072" bytesdiscarded="25368" />
  <memory-cardclean objects="12514" bytes="608336" />
  <regions eden="30" other="4" />
  <remembered-set-cleared processed="27625" cleared="2904" durationms="0.250" />
  <finalization candidates="3" enqueued="0" />
  <references type="soft" candidates="774" cleared="0" enqueued="0" dynamicThreshold="14" maxThreshold="32" />
  <references type="weak" candidates="670" cleared="0" enqueued="0" />
  <references type="phantom" candidates="1" cleared="0" enqueued="0" />
  <stringconstants candidates="13749" cleared="0"  />
</gc-op>
<gc-op id="1435" type="classunload" timems="0.005" contextid="1431" timestamp="2019-06-17T04:32:03.928">
  <classunload-info classloadercandidates="54" classloadersunloaded="0" classesunloaded="0" anonymousclassesunloaded="0" quiescems="0.000" setupms="0.004" scanms="0.000" postms="0.000" />
</gc-op>
<heap-resize id="1436" type="contract" space="default" amount="5242880" count="1" timems="0.277" reason="insufficient time being spent in gc" timestamp="2019-06-17T04:32:03.928" />
<gc-end id="1437" type="partial gc" contextid="1431" durationms="4.647" usertimems="8.000" systemtimems="0.000" timestamp="2019-06-17T04:32:03.929" activeThreads="4">
  <mem-info id="1438" free="60817408" total="98566144" percent="61">
    <mem type="eden" free="1047272" total="1048576" percent="99" />
    <remembered-set count="31808" freebytes="4016512" totalbytes="4143744" percent="96" regionsoverflowed="0" regionsstable="3" regionsrebuilding="8"/>
  </mem-info>
</gc-end>
<cycle-end id="1439" type="partial gc" contextid="1431" timestamp="2019-06-17T04:32:03.929" />
  <attribute name="elasticGC enabled" value="1" />
  <attribute name= "numThreadsSpecified" value="4" />
  <attribute name="heapSize specified" value="0" />
  <attribute name="Current GC Util" value="35" />
  <attribute name= "Current Time Running" value="53362" />
  <attribute name ="GC Interval" value="0" />
  <attribute name="ProportionalT" value="22.500000" />
  <attribute name="ProportionalI" value="22.500000" />
  <attribute name="ProportionalH" value="22.500000" />
  <attribute name="Current Error" value="15.000000" />
  <attribute name="IntegralT" value="15.000000" />
  <attribute name="IntegralI" value="15.000000" />
  <attribute name="IntegralH" value="15.000000" />
  <attribute name="DerivativeT" value="22.500000" />
  <attribute name="DerivativeI" value="22.500000" />
  <attribute name="DerivativeH" value="22.500000" />
  <attribute name="Loop Time for DT" value="1.000000" />
  <attribute name="Output H" value="8388608"/>
  <attribute name="Output I" value="200"/>
  <attribute name="Output T" value="4"/>
  <attribute name="Target GC Util Change" value ="20.000000" />
  <attribute name="Current GC Util Change" value="35.000000"/>
  <attribute name="GC Util currently" value="35" />
  <attribute name="CPU Util currently" value="8878923045350" />
<exclusive-end id="1440" timestamp="2019-06-17T04:32:03.929" durationms="5.783" />

<exclusive-start id="1441" timestamp="2019-06-17T04:32:04.055" intervalms="131.737">
  <response-info timems="0.210" idlems="0.210" threads="0" lastid="0000000002320700" lastname="main" />
</exclusive-start>
<allocation-taxation id="1442" taxation-threshold="15728640" timestamp="2019-06-17T04:32:04.055" intervalms="131.816" />
<gc-start id="1443" type="global mark phase" contextid="1315" timestamp="2019-06-17T04:32:04.055">
  <mem-info id="1444" free="45088768" total="98566144" percent="45">
    <remembered-set count="30176" freebytes="4023040" totalbytes="4143744" percent="97" regionsoverflowed="0" regionsstable="4" regionsrebuilding="8"/>
  </mem-info>
</gc-start>
<gc-end id="1445" type="global mark phase" contextid="1315" durationms="0.147" usertimems="0.000" systemtimems="0.000" timestamp="2019-06-17T04:32:04.056" activeThreads="4">
  <mem-info id="1446" free="45088768" total="98566144" percent="45">
    <remembered-set count="30176" freebytes="4023040" totalbytes="4143744" percent="97" regionsoverflowed="0" regionsstable="4" regionsrebuilding="8"/>
  </mem-info>
</gc-end>
<concurrent-start id="1447" type="GMP work packet processing" contextid="1315" timestamp="2019-06-17T04:32:04.056">
  <concurrent-mark-start scanTarget="1307429" />
</concurrent-start>
<concurrent-end id="1448" type="GMP work packet processing" contextid="1315" timestamp="2019-06-17T04:32:04.057">
  <concurrent-mark-end bytesScanned="1365232" reasonForTermination="Work target met" />
</concurrent-end>

<exclusive-end id="1449" timestamp="2019-06-17T04:32:04.057" durationms="1.740" />

<exclusive-start id="1450" timestamp="2019-06-17T04:32:04.569" intervalms="514.322">
  <response-info timems="0.086" idlems="0.086" threads="0" lastid="0000000002320700" lastname="main" />
</exclusive-start>
<allocation-taxation id="1451" taxation-threshold="15728640" timestamp="2019-06-17T04:32:04.570" intervalms="514.283" />
<cycle-start id="1452" type="partial gc" contextid="0" timestamp="2019-06-17T04:32:04.570" intervalms="646.216" />
<gc-start id="1453" type="partial gc" contextid="1452" timestamp="2019-06-17T04:32:04.570">
  <mem-info id="1454" free="29360128" total="98566144" percent="29">
    <mem type="eden" free="0" total="31457280" percent="0" />
    <remembered-set count="30208" freebytes="4022912" totalbytes="4143744" percent="97" regionsoverflowed="0" regionsstable="4" regionsrebuilding="8"/>
  </mem-info>
</gc-start>
<allocation-stats totalBytes="31455592" >
  <allocated-bytes non-tlh="0" tlh="31455592" arrayletleaf="0"/>
  <largest-consumer threadName="main" threadId="0000000002320700" bytes="15727688" />
</allocation-stats>
<gc-op id="1455" type="copy forward" timems="4.458" contextid="1452" timestamp="2019-06-17T04:32:04.576">
  <memory-copied type="eden" objects="27" bytes="784" bytesdiscarded="0" />
  <memory-copied type="other" objects="23205" bytes="948136" bytesdiscarded="136" />
  <memory-cardclean objects="2390" bytes="229200" />
  <regions eden="30" other="4" />
  <remembered-set-cleared processed="27269" cleared="1205" durationms="0.349" />
  <references type="soft" candidates="1027" cleared="0" enqueued="0" dynamicThreshold="14" maxThreshold="32" />
  <references type="weak" candidates="113" cleared="0" enqueued="0" />
  <references type="phantom" candidates="3" cleared="0" enqueued="0" />
  <stringconstants candidates="13749" cleared="0"  />
</gc-op>
<gc-op id="1456" type="classunload" timems="0.005" contextid="1452" timestamp="2019-06-17T04:32:04.576">
  <classunload-info classloadercandidates="54" classloadersunloaded="0" classesunloaded="0" anonymousclassesunloaded="0" quiescems="0.000" setupms="0.005" scanms="0.000" postms="0.000" />
</gc-op>
<heap-resize id="1457" type="contract" space="default" amount="5242880" count="1" timems="0.384" reason="insufficient time being spent in gc" timestamp="2019-06-17T04:32:04.576" />
<gc-end id="1458" type="partial gc" contextid="1452" durationms="6.326" usertimems="12.000" systemtimems="4.000" timestamp="2019-06-17T04:32:04.576" activeThreads="1">
  <mem-info id="1459" free="57671680" total="93323264" percent="61">
    <mem type="eden" free="1047792" total="1048576" percent="99" />
    <remembered-set count="29376" freebytes="3816960" totalbytes="3934464" percent="97" regionsoverflowed="0" regionsstable="4" regionsrebuilding="8"/>
  </mem-info>
</gc-end>
<cycle-end id="1460" type="partial gc" contextid="1452" timestamp="2019-06-17T04:32:04.577" />
  <attribute name="elasticGC enabled" value="1" />
  <attribute name= "numThreadsSpecified" value="1" />
  <attribute name="heapSize specified" value="0" />
  <attribute name="Current GC Util" value="32" />
  <attribute name= "Current Time Running" value="54008" />
  <attribute name ="GC Interval" value="0" />
  <attribute name="ProportionalT" value="18.000000" />
  <attribute name="ProportionalI" value="18.000000" />
  <attribute name="ProportionalH" value="18.000000" />
  <attribute name="Current Error" value="12.000000" />
  <attribute name="IntegralT" value="0.000000" />
  <attribute name="IntegralI" value="0.000000" />
  <attribute name="IntegralH" value="0.000000" />
  <attribute name="DerivativeT" value="inf" />
  <attribute name="DerivativeI" value="inf" />
  <attribute name="DerivativeH" value="inf" />
  <attribute name="Loop Time for DT" value="0.000000" />
  <attribute name="Output H" value="8388608"/>
  <attribute name="Output I" value="200"/>
  <attribute name="Output T" value="1"/>
  <attribute name="Target GC Util Change" value ="20.000000" />
  <attribute name="Current GC Util Change" value="32.000000"/>
  <attribute name="GC Util currently" value="32" />
  <attribute name="CPU Util currently" value="8985437597814" />
<exclusive-end id="1461" timestamp="2019-06-17T04:32:04.577" durationms="7.568" />

<exclusive-start id="1462" timestamp="2019-06-17T04:32:04.691" intervalms="121.629">
  <response-info timems="0.226" idlems="0.226" threads="0" lastid="0000000002320700" lastname="main" />
</exclusive-start>
<allocation-taxation id="1463" taxation-threshold="14680064" timestamp="2019-06-17T04:32:04.691" intervalms="121.609" />
<gc-start id="1464" type="global mark phase" contextid="1315" timestamp="2019-06-17T04:32:04.691">
  <mem-info id="1465" free="42991616" total="93323264" percent="46">
    <remembered-set count="29056" freebytes="3818240" totalbytes="3934464" percent="97" regionsoverflowed="0" regionsstable="4" regionsrebuilding="8"/>
  </mem-info>
</gc-start>
<gc-end id="1466" type="global mark phase" contextid="1315" durationms="0.114" usertimems="0.000" systemtimems="0.000" timestamp="2019-06-17T04:32:04.691" activeThreads="1">
  <mem-info id="1467" free="42991616" total="93323264" percent="46">
    <remembered-set count="29056" freebytes="3818240" totalbytes="3934464" percent="97" regionsoverflowed="0" regionsstable="4" regionsrebuilding="8"/>
  </mem-info>
</gc-end>
<concurrent-start id="1468" type="GMP work packet processing" contextid="1315" timestamp="2019-06-17T04:32:04.691">
  <concurrent-mark-start scanTarget="1048576" />
</concurrent-start>
<concurrent-end id="1469" type="GMP work packet processing" contextid="1315" timestamp="2019-06-17T04:32:04.692">
  <concurrent-mark-end bytesScanned="1097880" reasonForTermination="Work target met" />
</concurrent-end>

<exclusive-end id="1470" timestamp="2019-06-17T04:32:04.692" durationms="1.400" />

<exclusive-start id="1471" timestamp="2019-06-17T04:32:05.756" intervalms="1064.834">
  <response-info timems="0.290" idlems="0.290" threads="0" lastid="0000000002320700" lastname="main" />
</exclusive-start>
<allocation-taxation id="1472" taxation-threshold="14680064" timestamp="2019-06-17T04:32:05.756" intervalms="1064.855" />
<cycle-start id="1473" type="partial gc" contextid="0" timestamp="2019-06-17T04:32:05.756" intervalms="1186.333" />
<gc-start id="1474" type="partial gc" contextid="1473" timestamp="2019-06-17T04:32:05.756">
  <mem-info id="1475" free="28311552" total="93323264" percent="30">
    <mem type="eden" free="0" total="29360128" percent="0" />
    <remembered-set count="31328" freebytes="3809152" totalbytes="3934464" percent="96" regionsoverflowed="0" regionsstable="4" regionsrebuilding="8"/>
  </mem-info>
</gc-start>
<allocation-stats totalBytes="29358320" >
  <allocated-bytes non-tlh="0" tlh="29358320" arrayletleaf="0"/>
  <largest-consumer threadName="main" threadId="0000000002320700" bytes="14679224" />
</allocation-stats>
<gc-op id="1476" type="copy forward" timems="9.827" contextid="1473" timestamp="2019-06-17T04:32:05.767">
  <memory-copied type="eden" objects="47" bytes="1264" bytesdiscarded="0" />
  <memory-copied type="other" objects="27740" bytes="881640" bytesdiscarded="32" />
  <memory-cardclean objects="93184" bytes="3475560" />
  <regions eden="28" other="3" />
  <remembered-set-cleared processed="17997" cleared="8125" durationms="0.302" />
  <finalization candidates="10" enqueued="0" />
  <ownableSynchronizers candidates="6" cleared="0" />
  <references type="soft" candidates="3399" cleared="0" enqueued="0" dynamicThreshold="14" maxThreshold="32" />
  <references type="weak" candidates="1467" cleared="0" enqueued="0" />
  <references type="phantom" candidates="4" cleared="0" enqueued="0" />
  <stringconstants candidates="13749" cleared="0"  />
</gc-op>
<gc-op id="1477" type="classunload" timems="0.006" contextid="1473" timestamp="2019-06-17T04:32:05.770">
  <classunload-info classloadercandidates="54" classloadersunloaded="0" classesunloaded="0" anonymousclassesunloaded="0" quiescems="0.000" setupms="0.005" scanms="0.000" postms="0.000" />
</gc-op>
<heap-resize id="1478" type="contract" space="default" amount="1048576" count="1" timems="0.157" reason="excess free space following gc" timestamp="2019-06-17T04:32:05.774" />
<gc-end id="1479" type="partial gc" contextid="1473" durationms="17.306" usertimems="12.000" systemtimems="4.000" timestamp="2019-06-17T04:32:05.774" activeThreads="1">
  <mem-info id="1480" free="56623104" total="92274688" percent="61">
    <mem type="eden" free="1047312" total="1048576" percent="99" />
    <remembered-set count="29248" freebytes="3608192" totalbytes="3725184" percent="96" regionsoverflowed="0" regionsstable="4" regionsrebuilding="8"/>
  </mem-info>
</gc-end>
<cycle-end id="1481" type="partial gc" contextid="1473" timestamp="2019-06-17T04:32:05.774" />
  <attribute name="elasticGC enabled" value="1" />
  <attribute name= "numThreadsSpecified" value="1" />
  <attribute name="heapSize specified" value="0" />
  <attribute name="Current GC Util" value="54" />
  <attribute name= "Current Time Running" value="55194" />
  <attribute name ="GC Interval" value="0" />
  <attribute name="ProportionalT" value="51.000000" />
  <attribute name="ProportionalI" value="51.000000" />
  <attribute name="ProportionalH" value="51.000000" />
  <attribute name="Current Error" value="34.000000" />
  <attribute name="IntegralT" value="0.000000" />
  <attribute name="IntegralI" value="0.000000" />
  <attribute name="IntegralH" value="0.000000" />
  <attribute name="DerivativeT" value="inf" />
  <attribute name="DerivativeI" value="inf" />
  <attribute name="DerivativeH" value="inf" />
  <attribute name="Loop Time for DT" value="0.000000" />
  <attribute name="Output H" value="8388608"/>
  <attribute name="Output I" value="200"/>
  <attribute name="Output T" value="1"/>
  <attribute name="Target GC Util Change" value ="20.000000" />
  <attribute name="Current GC Util Change" value="54.000000"/>
  <attribute name="GC Util currently" value="54" />
  <attribute name="CPU Util currently" value="8251893112624" />
<exclusive-end id="1482" timestamp="2019-06-17T04:32:05.774" durationms="18.479" />

<exclusive-start id="1483" timestamp="2019-06-17T04:32:05.818" intervalms="61.830">
  <response-info timems="0.034" idlems="0.034" threads="0" lastid="0000000002320700" lastname="main" />
</exclusive-start>
<allocation-taxation id="1484" taxation-threshold="14680064" timestamp="2019-06-17T04:32:05.818" intervalms="61.813" />
<gc-start id="1485" type="global mark phase" contextid="1315" timestamp="2019-06-17T04:32:05.818">
  <mem-info id="1486" free="41943040" total="92274688" percent="45">
    <remembered-set count="28960" freebytes="3609344" totalbytes="3725184" percent="96" regionsoverflowed="0" regionsstable="4" regionsrebuilding="8"/>
  </mem-info>
</gc-start>
<gc-end id="1487" type="global mark phase" contextid="1315" durationms="0.091" usertimems="0.000" systemtimems="0.000" timestamp="2019-06-17T04:32:05.818" activeThreads="1">
  <mem-info id="1488" free="41943040" total="92274688" percent="45">
    <remembered-set count="28960" freebytes="3609344" totalbytes="3725184" percent="96" regionsoverflowed="0" regionsstable="4" regionsrebuilding="8"/>
  </mem-info>
</gc-end>
<concurrent-start id="1489" type="GMP work packet processing" contextid="1315" timestamp="2019-06-17T04:32:05.818">
  <concurrent-mark-start scanTarget="1048576" />
</concurrent-start>
<concurrent-end id="1490" type="GMP work packet processing" contextid="1315" timestamp="2019-06-17T04:32:05.819">
  <concurrent-mark-end bytesScanned="1097936" reasonForTermination="Work target met" />
</concurrent-end>

<exclusive-end id="1491" timestamp="2019-06-17T04:32:05.819" durationms="1.466" />

<exclusive-start id="1492" timestamp="2019-06-17T04:32:05.855" intervalms="37.744">
  <response-info timems="0.116" idlems="0.116" threads="0" lastid="0000000002320700" lastname="main" />
</exclusive-start>
<allocation-taxation id="1493" taxation-threshold="14680064" timestamp="2019-06-17T04:32:05.856" intervalms="37.723" />
<cycle-start id="1494" type="partial gc" contextid="0" timestamp="2019-06-17T04:32:05.856" intervalms="99.548" />
<gc-start id="1495" type="partial gc" contextid="1494" timestamp="2019-06-17T04:32:05.856">
  <mem-info id="1496" free="27262976" total="92274688" percent="29">
    <mem type="eden" free="0" total="29360128" percent="0" />
    <remembered-set count="31488" freebytes="3599232" totalbytes="3725184" percent="96" regionsoverflowed="0" regionsstable="4" regionsrebuilding="8"/>
  </mem-info>
</gc-start>
<allocation-stats totalBytes="29357936" >
  <allocated-bytes non-tlh="0" tlh="29357936" arrayletleaf="0"/>
  <largest-consumer threadName="main" threadId="0000000002320700" bytes="14678912" />
</allocation-stats>
<gc-op id="1497" type="copy forward" timems="2.509" contextid="1494" timestamp="2019-06-17T04:32:05.859">
  <memory-copied type="eden" objects="5" bytes="112" bytesdiscarded="0" />
  <memory-copied type="other" objects="31707" bytes="963336" bytesdiscarded="71632" />
  <memory-cardclean objects="25180" bytes="1083344" />
  <regions eden="28" other="3" />
  <remembered-set-cleared processed="27260" cleared="3360" durationms="0.187" />
  <references type="soft" candidates="68" cleared="0" enqueued="0" dynamicThreshold="14" maxThreshold="32" />
  <references type="weak" candidates="178" cleared="0" enqueued="0" />
  <stringconstants candidates="13749" cleared="0"  />
</gc-op>
<gc-op id="1498" type="classunload" timems="0.006" contextid="1494" timestamp="2019-06-17T04:32:05.859">
  <classunload-info classloadercandidates="54" classloadersunloaded="0" classesunloaded="0" anonymousclassesunloaded="0" quiescems="0.000" setupms="0.005" scanms="0.000" postms="0.000" />
</gc-op>
<heap-resize id="1499" type="contract" space="default" amount="5242880" count="1" timems="0.314" reason="insufficient time being spent in gc" timestamp="2019-06-17T04:32:05.860" />
<gc-end id="1500" type="partial gc" contextid="1494" durationms="4.105" usertimems="12.000" systemtimems="4.000" timestamp="2019-06-17T04:32:05.860" activeThreads="4">
  <mem-info id="1501" free="52428800" total="87031808" percent="60">
    <mem type="eden" free="1048464" total="1048576" percent="99" />
    <remembered-set count="32128" freebytes="3554816" totalbytes="3683328" percent="96" regionsoverflowed="0" regionsstable="4" regionsrebuilding="8"/>
  </mem-info>
</gc-end>
<cycle-end id="1502" type="partial gc" contextid="1494" timestamp="2019-06-17T04:32:05.860" />
  <attribute name="elasticGC enabled" value="1" />
  <attribute name= "numThreadsSpecified" value="4" />
  <attribute name="heapSize specified" value="0" />
  <attribute name="Current GC Util" value="44" />
  <attribute name= "Current Time Running" value="55294" />
  <attribute name ="GC Interval" value="0" />
  <attribute name="ProportionalT" value="36.000000" />
  <attribute name="ProportionalI" value="36.000000" />
  <attribute name="ProportionalH" value="36.000000" />
  <attribute name="Current Error" value="24.000000" />
  <attribute name="IntegralT" value="24.000000" />
  <attribute name="IntegralI" value="24.000000" />
  <attribute name="IntegralH" value="24.000000" />
  <attribute name="DerivativeT" value="36.000000" />
  <attribute name="DerivativeI" value="36.000000" />
  <attribute name="DerivativeH" value="36.000000" />
  <attribute name="Loop Time for DT" value="1.000000" />
  <attribute name="Output H" value="8388608"/>
  <attribute name="Output I" value="200"/>
  <attribute name="Output T" value="4"/>
  <attribute name="Target GC Util Change" value ="20.000000" />
  <attribute name="Current GC Util Change" value="44.000000"/>
  <attribute name="GC Util currently" value="44" />
  <attribute name="CPU Util currently" value="10014518984042" />
<exclusive-end id="1503" timestamp="2019-06-17T04:32:05.860" durationms="5.054" />

<exclusive-start id="1504" timestamp="2019-06-17T04:32:05.897" intervalms="41.260">
  <response-info timems="0.037" idlems="0.037" threads="0" lastid="0000000002320700" lastname="main" />
</exclusive-start>
<allocation-taxation id="1505" taxation-threshold="13631488" timestamp="2019-06-17T04:32:05.897" intervalms="41.251" />
<gc-start id="1506" type="global mark phase" contextid="1315" timestamp="2019-06-17T04:32:05.897">
  <mem-info id="1507" free="38797312" total="87031808" percent="44">
    <remembered-set count="31200" freebytes="3558528" totalbytes="3683328" percent="96" regionsoverflowed="0" regionsstable="5" regionsrebuilding="8"/>
  </mem-info>
</gc-start>
<gc-end id="1508" type="global mark phase" contextid="1315" durationms="0.109" usertimems="0.000" systemtimems="0.000" timestamp="2019-06-17T04:32:05.897" activeThreads="4">
  <mem-info id="1509" free="38797312" total="87031808" percent="44">
    <remembered-set count="31200" freebytes="3558528" totalbytes="3683328" percent="96" regionsoverflowed="0" regionsstable="5" regionsrebuilding="8"/>
  </mem-info>
</gc-end>
<concurrent-start id="1510" type="GMP work packet processing" contextid="1315" timestamp="2019-06-17T04:32:05.897">
  <concurrent-mark-start scanTarget="1307429" />
</concurrent-start>
<concurrent-end id="1511" type="GMP work packet processing" contextid="1315" timestamp="2019-06-17T04:32:05.898">
  <concurrent-mark-end bytesScanned="1338744" reasonForTermination="Work target met" />
</concurrent-end>

<exclusive-end id="1512" timestamp="2019-06-17T04:32:05.898" durationms="1.449" />

<exclusive-start id="1513" timestamp="2019-06-17T04:32:05.958" intervalms="61.514">
  <response-info timems="0.038" idlems="0.038" threads="0" lastid="0000000002320700" lastname="main" />
</exclusive-start>
<allocation-taxation id="1514" taxation-threshold="13631488" timestamp="2019-06-17T04:32:05.958" intervalms="61.515" />
<cycle-start id="1515" type="partial gc" contextid="0" timestamp="2019-06-17T04:32:05.958" intervalms="102.747" />
<gc-start id="1516" type="partial gc" contextid="1515" timestamp="2019-06-17T04:32:05.959">
  <mem-info id="1517" free="25165824" total="87031808" percent="28">
    <mem type="eden" free="1048464" total="28311552" percent="3" />
    <remembered-set count="32192" freebytes="3554560" totalbytes="3683328" percent="96" regionsoverflowed="0" regionsstable="5" regionsrebuilding="8"/>
  </mem-info>
</gc-start>
<allocation-stats totalBytes="27260872" >
  <allocated-bytes non-tlh="0" tlh="27260872" arrayletleaf="0"/>
  <largest-consumer threadName="main" threadId="0000000002320700" bytes="13630488" />
</allocation-stats>
<gc-op id="1518" type="copy forward" timems="5.521" contextid="1515" timestamp="2019-06-17T04:32:05.965">
  <memory-copied type="eden" objects="31" bytes="920" bytesdiscarded="648" />
  <memory-copied type="other" objects="42814" bytes="1189280" bytesdiscarded="98720" />
  <memory-cardclean objects="195253" bytes="6806200" />
  <regions eden="26" other="3" />
  <remembered-set-cleared processed="9884" cleared="8162" durationms="0.113" />
  <finalization candidates="40" enqueued="0" />
  <ownableSynchronizers candidates="1" cleared="0" />
  <references type="soft" candidates="2755" cleared="0" enqueued="0" dynamicThreshold="14" maxThreshold="32" />
  <references type="weak" candidates="2236" cleared="0" enqueued="0" />
  <references type="phantom" candidates="9" cleared="0" enqueued="0" />
  <stringconstants candidates="13749" cleared="0"  />
</gc-op>
<gc-op id="1519" type="classunload" timems="0.006" contextid="1515" timestamp="2019-06-17T04:32:05.965">
  <classunload-info classloadercandidates="54" classloadersunloaded="0" classesunloaded="0" anonymousclassesunloaded="0" quiescems="0.000" setupms="0.006" scanms="0.000" postms="0.000" />
</gc-op>
<gc-end id="1520" type="partial gc" contextid="1515" durationms="6.824" usertimems="16.000" systemtimems="8.000" timestamp="2019-06-17T04:32:05.966" activeThreads="4">
  <mem-info id="1521" free="53477376" total="87031808" percent="61">
    <mem type="eden" free="1047008" total="1048576" percent="99" />
    <remembered-set count="30176" freebytes="3353344" totalbytes="3474048" percent="96" regionsoverflowed="0" regionsstable="5" regionsrebuilding="8"/>
  </mem-info>
</gc-end>
<cycle-end id="1522" type="partial gc" contextid="1515" timestamp="2019-06-17T04:32:05.966" />
  <attribute name="elasticGC enabled" value="1" />
  <attribute name= "numThreadsSpecified" value="4" />
  <attribute name="heapSize specified" value="0" />
  <attribute name="Current GC Util" value="40" />
  <attribute name= "Current Time Running" value="55397" />
  <attribute name ="GC Interval" value="0" />
  <attribute name="ProportionalT" value="30.000000" />
  <attribute name="ProportionalI" value="30.000000" />
  <attribute name="ProportionalH" value="30.000000" />
  <attribute name="Current Error" value="20.000000" />
  <attribute name="IntegralT" value="20.000000" />
  <attribute name="IntegralI" value="20.000000" />
  <attribute name="IntegralH" value="20.000000" />
  <attribute name="DerivativeT" value="30.000000" />
  <attribute name="DerivativeI" value="30.000000" />
  <attribute name="DerivativeH" value="30.000000" />
  <attribute name="Loop Time for DT" value="1.000000" />
  <attribute name="Output H" value="8388608"/>
  <attribute name="Output I" value="200"/>
  <attribute name="Output T" value="4"/>
  <attribute name="Target GC Util Change" value ="20.000000" />
  <attribute name="Current GC Util Change" value="40.000000"/>
  <attribute name="GC Util currently" value="40" />
  <attribute name="CPU Util currently" value="8587357907653" />
<exclusive-end id="1523" timestamp="2019-06-17T04:32:05.966" durationms="7.855" />

<exclusive-start id="1524" timestamp="2019-06-17T04:32:06.012" intervalms="54.316">
  <response-info timems="0.079" idlems="0.079" threads="0" lastid="0000000002320700" lastname="main" />
</exclusive-start>
<allocation-taxation id="1525" taxation-threshold="13631488" timestamp="2019-06-17T04:32:06.013" intervalms="54.382" />
<gc-start id="1526" type="global mark phase" contextid="1315" timestamp="2019-06-17T04:32:06.013">
  <mem-info id="1527" free="39845888" total="87031808" percent="45">
    <remembered-set count="6784" freebytes="3446912" totalbytes="3474048" percent="99" regionsoverflowed="0" regionsstable="8" regionsrebuilding="8"/>
  </mem-info>
</gc-start>
<gc-end id="1528" type="global mark phase" contextid="1315" durationms="0.095" usertimems="0.000" systemtimems="0.000" timestamp="2019-06-17T04:32:06.013" activeThreads="4">
  <mem-info id="1529" free="39845888" total="87031808" percent="45">
    <remembered-set count="6784" freebytes="3446912" totalbytes="3474048" percent="99" regionsoverflowed="0" regionsstable="8" regionsrebuilding="8"/>
  </mem-info>
</gc-end>
<concurrent-start id="1530" type="GMP work packet processing" contextid="1315" timestamp="2019-06-17T04:32:06.013">
  <concurrent-mark-start scanTarget="1307429" />
</concurrent-start>
<concurrent-end id="1531" type="GMP work packet processing" contextid="1315" timestamp="2019-06-17T04:32:06.014">
  <concurrent-mark-end bytesScanned="1334524" reasonForTermination="Work target met" />
</concurrent-end>

<exclusive-end id="1532" timestamp="2019-06-17T04:32:06.014" durationms="1.539" />

<exclusive-start id="1533" timestamp="2019-06-17T04:32:06.060" intervalms="47.657">
  <response-info timems="0.061" idlems="0.061" threads="0" lastid="0000000002320700" lastname="main" />
</exclusive-start>
<allocation-taxation id="1534" taxation-threshold="13631488" timestamp="2019-06-17T04:32:06.060" intervalms="47.587" />
<cycle-start id="1535" type="partial gc" contextid="0" timestamp="2019-06-17T04:32:06.060" intervalms="101.959" />
<gc-start id="1536" type="partial gc" contextid="1535" timestamp="2019-06-17T04:32:06.061">
  <mem-info id="1537" free="26214400" total="87031808" percent="30">
    <mem type="eden" free="0" total="27262976" percent="0" />
    <remembered-set count="6816" freebytes="3446784" totalbytes="3474048" percent="99" regionsoverflowed="0" regionsstable="8" regionsrebuilding="8"/>
  </mem-info>
</gc-start>
<allocation-stats totalBytes="27261208" >
  <allocated-bytes non-tlh="0" tlh="27261208" arrayletleaf="0"/>
  <largest-consumer threadName="main" threadId="0000000002320700" bytes="13630648" />
</allocation-stats>
<gc-op id="1538" type="copy forward" timems="1.144" contextid="1535" timestamp="2019-06-17T04:32:06.062">
  <memory-copied type="eden" objects="13" bytes="352" bytesdiscarded="0" />
  <memory-copied type="other" objects="20" bytes="624" bytesdiscarded="0" />
  <memory-cardclean objects="50" bytes="2048" />
  <regions eden="26" other="1" />
  <remembered-set-cleared processed="5063" cleared="4" durationms="0.160" />
  <stringconstants candidates="13749" cleared="0"  />
</gc-op>
<gc-op id="1539" type="classunload" timems="0.005" contextid="1535" timestamp="2019-06-17T04:32:06.063">
  <classunload-info classloadercandidates="54" classloadersunloaded="0" classesunloaded="0" anonymousclassesunloaded="0" quiescems="0.000" setupms="0.004" scanms="0.000" postms="0.000" />
</gc-op>
<gc-end id="1540" type="partial gc" contextid="1535" durationms="2.099" usertimems="4.000" systemtimems="0.000" timestamp="2019-06-17T04:32:06.063" activeThreads="1">
  <mem-info id="1541" free="52428800" total="87031808" percent="60">
    <mem type="eden" free="1048224" total="1048576" percent="99" />
    <remembered-set count="7264" freebytes="3444992" totalbytes="3474048" percent="99" regionsoverflowed="0" regionsstable="8" regionsrebuilding="8"/>
  </mem-info>
</gc-end>
<cycle-end id="1542" type="partial gc" contextid="1535" timestamp="2019-06-17T04:32:06.063" />
  <attribute name="elasticGC enabled" value="1" />
  <attribute name= "numThreadsSpecified" value="1" />
  <attribute name="heapSize specified" value="0" />
  <attribute name="Current GC Util" value="72" />
  <attribute name= "Current Time Running" value="55498" />
  <attribute name ="GC Interval" value="0" />
  <attribute name="ProportionalT" value="78.000000" />
  <attribute name="ProportionalI" value="78.000000" />
  <attribute name="ProportionalH" value="78.000000" />
  <attribute name="Current Error" value="52.000000" />
  <attribute name="IntegralT" value="0.000000" />
  <attribute name="IntegralI" value="0.000000" />
  <attribute name="IntegralH" value="0.000000" />
  <attribute name="DerivativeT" value="inf" />
  <attribute name="DerivativeI" value="inf" />
  <attribute name="DerivativeH" value="inf" />
  <attribute name="Loop Time for DT" value="0.000000" />
  <attribute name="Output H" value="8388608"/>
  <attribute name="Output I" value="200"/>
  <attribute name="Output T" value="1"/>
  <attribute name="Target GC Util Change" value ="20.000000" />
  <attribute name="Current GC Util Change" value="72.000000"/>
  <attribute name="GC Util currently" value="72" />
  <attribute name="CPU Util currently" value="21172684787379" />
<exclusive-end id="1543" timestamp="2019-06-17T04:32:06.063" durationms="3.142" />

<exclusive-start id="1544" timestamp="2019-06-17T04:32:06.143" intervalms="82.740">
  <response-info timems="0.039" idlems="0.039" threads="0" lastid="0000000002320700" lastname="main" />
</exclusive-start>
<allocation-taxation id="1545" taxation-threshold="13631488" timestamp="2019-06-17T04:32:06.143" intervalms="82.806" />
<gc-start id="1546" type="global mark phase" contextid="1315" timestamp="2019-06-17T04:32:06.143">
  <mem-info id="1547" free="38797312" total="87031808" percent="44">
    <remembered-set count="6816" freebytes="3446784" totalbytes="3474048" percent="99" regionsoverflowed="0" regionsstable="8" regionsrebuilding="8"/>
  </mem-info>
</gc-start>
<gc-end id="1548" type="global mark phase" contextid="1315" durationms="0.110" usertimems="0.000" systemtimems="0.000" timestamp="2019-06-17T04:32:06.143" activeThreads="1">
  <mem-info id="1549" free="38797312" total="87031808" percent="44">
    <remembered-set count="6816" freebytes="3446784" totalbytes="3474048" percent="99" regionsoverflowed="0" regionsstable="8" regionsrebuilding="8"/>
  </mem-info>
</gc-end>
<concurrent-start id="1550" type="GMP work packet processing" contextid="1315" timestamp="2019-06-17T04:32:06.143">
  <concurrent-mark-start scanTarget="1048576" />
</concurrent-start>
<concurrent-end id="1551" type="GMP work packet processing" contextid="1315" timestamp="2019-06-17T04:32:06.144">
  <concurrent-mark-end bytesScanned="55176" reasonForTermination="Completed all work in GC phase" />
</concurrent-end>

<exclusive-end id="1552" timestamp="2019-06-17T04:32:06.144" durationms="0.913" />

<exclusive-start id="1553" timestamp="2019-06-17T04:32:06.223" intervalms="80.248">
  <response-info timems="0.040" idlems="0.040" threads="0" lastid="0000000002320700" lastname="main" />
</exclusive-start>
<allocation-taxation id="1554" taxation-threshold="13631488" timestamp="2019-06-17T04:32:06.223" intervalms="80.221" />
<cycle-start id="1555" type="partial gc" contextid="0" timestamp="2019-06-17T04:32:06.223" intervalms="163.083" />
<gc-start id="1556" type="partial gc" contextid="1555" timestamp="2019-06-17T04:32:06.224">
  <mem-info id="1557" free="25165824" total="87031808" percent="28">
    <mem type="eden" free="1048224" total="28311552" percent="3" />
    <remembered-set count="6816" freebytes="3446784" totalbytes="3474048" percent="99" regionsoverflowed="0" regionsstable="8" regionsrebuilding="8"/>
  </mem-info>
</gc-start>
<allocation-stats totalBytes="27260912" >
  <allocated-bytes non-tlh="0" tlh="27260912" arrayletleaf="0"/>
  <largest-consumer threadName="main" threadId="0000000002320700" bytes="13630408" />
</allocation-stats>
<gc-op id="1558" type="copy forward" timems="1.129" contextid="1555" timestamp="2019-06-17T04:32:06.226">
  <memory-copied type="eden" objects="36" bytes="1096" bytesdiscarded="0" />
  <memory-copied type="other" objects="0" bytes="0" bytesdiscarded="0" />
  <memory-cardclean objects="74" bytes="2920" />
  <regions eden="26" other="1" />
  <remembered-set-cleared processed="5068" cleared="8" durationms="0.161" />
  <stringconstants candidates="13749" cleared="0"  />
</gc-op>
<gc-op id="1559" type="classunload" timems="0.004" contextid="1555" timestamp="2019-06-17T04:32:06.226">
  <classunload-info classloadercandidates="54" classloadersunloaded="0" classesunloaded="0" anonymousclassesunloaded="0" quiescems="0.000" setupms="0.004" scanms="0.000" postms="0.000" />
</gc-op>
<heap-resize id="1560" type="contract" space="default" amount="5242880" count="1" timems="0.370" reason="insufficient time being spent in gc" timestamp="2019-06-17T04:32:06.226" />
<gc-end id="1561" type="partial gc" contextid="1555" durationms="2.580" usertimems="4.000" systemtimems="0.000" timestamp="2019-06-17T04:32:06.226" activeThreads="1">
  <mem-info id="1562" free="47185920" total="81788928" percent="57">
    <mem type="eden" free="1047480" total="1048576" percent="99" />
    <remembered-set count="7296" freebytes="3444864" totalbytes="3474048" percent="99" regionsoverflowed="0" regionsstable="8" regionsrebuilding="8"/>
  </mem-info>
</gc-end>
<cycle-end id="1563" type="partial gc" contextid="1555" timestamp="2019-06-17T04:32:06.226" />
  <attribute name="elasticGC enabled" value="1" />
  <attribute name= "numThreadsSpecified" value="1" />
  <attribute name="heapSize specified" value="0" />
  <attribute name="Current GC Util" value="74" />
  <attribute name= "Current Time Running" value="55661" />
  <attribute name ="GC Interval" value="0" />
  <attribute name="ProportionalT" value="81.000000" />
  <attribute name="ProportionalI" value="81.000000" />
  <attribute name="ProportionalH" value="81.000000" />
  <attribute name="Current Error" value="54.000000" />
  <attribute name="IntegralT" value="0.000000" />
  <attribute name="IntegralI" value="0.000000" />
  <attribute name="IntegralH" value="0.000000" />
  <attribute name="DerivativeT" value="inf" />
  <attribute name="DerivativeI" value="inf" />
  <attribute name="DerivativeH" value="inf" />
  <attribute name="Loop Time for DT" value="0.000000" />
  <attribute name="Output H" value="8388608"/>
  <attribute name="Output I" value="200"/>
  <attribute name="Output T" value="1"/>
  <attribute name="Target GC Util Change" value ="20.000000" />
  <attribute name="Current GC Util Change" value="74.000000"/>
  <attribute name="GC Util currently" value="74" />
  <attribute name="CPU Util currently" value="19317014083614" />
<exclusive-end id="1564" timestamp="2019-06-17T04:32:06.227" durationms="3.665" />

<exclusive-start id="1565" timestamp="2019-06-17T04:32:06.288" intervalms="64.693">
  <response-info timems="0.041" idlems="0.041" threads="0" lastid="0000000002320700" lastname="main" />
</exclusive-start>
<allocation-taxation id="1566" taxation-threshold="13631488" timestamp="2019-06-17T04:32:06.288" intervalms="64.654" />
<gc-start id="1567" type="global mark phase" contextid="1315" timestamp="2019-06-17T04:32:06.288">
  <mem-info id="1568" free="33554432" total="81788928" percent="41">
    <remembered-set count="6880" freebytes="3446528" totalbytes="3474048" percent="99" regionsoverflowed="0" regionsstable="8" regionsrebuilding="8"/>
  </mem-info>
</gc-start>
<gc-op id="1569" type="mark increment" timems="4.530" contextid="1315" timestamp="2019-06-17T04:32:06.293">
  <trace-info objectcount="112" scancount="112" scanbytes="346804" />
  <cardclean-info objects="297037" bytes="8635300" />
  <finalization candidates="79" enqueued="0" />
  <ownableSynchronizers candidates="23" cleared="0" />
  <references type="soft" candidates="4806" cleared="0" enqueued="0" dynamicThreshold="18" maxThreshold="32" />
  <references type="weak" candidates="5609" cleared="0" enqueued="0" />
  <references type="phantom" candidates="101" cleared="1" enqueued="1" />
  <stringconstants candidates="13749" cleared="0"  />
</gc-op>
<gc-op id="1570" type="classunload" timems="0.008" contextid="1315" timestamp="2019-06-17T04:32:06.293">
  <classunload-info classloadercandidates="54" classloadersunloaded="0" classesunloaded="0" anonymousclassesunloaded="0" quiescems="0.000" setupms="0.008" scanms="0.000" postms="0.000" />
</gc-op>
<gc-end id="1571" type="global mark phase" contextid="1315" durationms="4.937" usertimems="16.000" systemtimems="0.000" timestamp="2019-06-17T04:32:06.293" activeThreads="4">
  <mem-info id="1572" free="33554432" total="81788928" percent="41">
    <pending-finalizers system="0" default="0" reference="1" classloader="0" />
    <remembered-set count="10976" freebytes="3430144" totalbytes="3474048" percent="98" regionsoverflowed="0" regionsstable="8" regionsrebuilding="0"/>
  </mem-info>
</gc-end>
<cycle-end id="1573" type="global mark phase" contextid="1315" timestamp="2019-06-17T04:32:06.293" />
  <attribute name="elasticGC enabled" value="1" />
  <attribute name= "numThreadsSpecified" value="4" />
  <attribute name="heapSize specified" value="0" />
  <attribute name="Current GC Util" value="153" />
  <attribute name= "Current Time Running" value="55729" />
  <attribute name ="GC Interval" value="0" />
  <attribute name="ProportionalT" value="199.500000" />
  <attribute name="ProportionalI" value="199.500000" />
  <attribute name="ProportionalH" value="199.500000" />
  <attribute name="Current Error" value="133.000000" />
  <attribute name="IntegralT" value="0.000000" />
  <attribute name="IntegralI" value="0.000000" />
  <attribute name="IntegralH" value="0.000000" />
  <attribute name="DerivativeT" value="-inf" />
  <attribute name="DerivativeI" value="-inf" />
  <attribute name="DerivativeH" value="-inf" />
  <attribute name="Loop Time for DT" value="0.000000" />
  <attribute name="Output H" value="2091843584"/>
  <attribute name="Output I" value="200"/>
  <attribute name="Output T" value="4"/>
  <attribute name="Target GC Util Change" value ="20.000000" />
  <attribute name="Current GC Util Change" value="153.000000"/>
  <attribute name="GC Util currently" value="153" />
  <attribute name="CPU Util currently" value="19567574639224" />
<exclusive-end id="1574" timestamp="2019-06-17T04:32:06.293" durationms="5.543" />

<exclusive-start id="1575" timestamp="2019-06-17T04:32:06.353" intervalms="65.529">
  <response-info timems="0.185" idlems="0.185" threads="0" lastid="0000000002320700" lastname="main" />
</exclusive-start>
<allocation-taxation id="1576" taxation-threshold="13631488" timestamp="2019-06-17T04:32:06.353" intervalms="65.563" />
<cycle-start id="1577" type="partial gc" contextid="0" timestamp="2019-06-17T04:32:06.354" intervalms="130.189" />
<gc-start id="1578" type="partial gc" contextid="1577" timestamp="2019-06-17T04:32:06.354">
  <mem-info id="1579" free="19922944" total="81788928" percent="24">
    <mem type="eden" free="0" total="27262976" percent="0" />
    <remembered-set count="2912" freebytes="3462400" totalbytes="3474048" percent="99" regionsoverflowed="0" regionsstable="16" regionsrebuilding="0"/>
  </mem-info>
</gc-start>
<allocation-stats totalBytes="27260768" >
  <allocated-bytes non-tlh="0" tlh="27260768" arrayletleaf="0"/>
  <largest-consumer threadName="main" threadId="0000000002320700" bytes="13630432" />
</allocation-stats>
<gc-op id="1580" type="sweep" timems="0.619" contextid="1577" timestamp="2019-06-17T04:32:06.355" />
<gc-op id="1581" type="copy forward" timems="1.954" contextid="1577" timestamp="2019-06-17T04:32:06.358">
  <memory-copied type="eden" objects="10" bytes="280" bytesdiscarded="0" />
  <memory-copied type="other" objects="25" bytes="752" bytesdiscarded="656" />
  <memory-cardclean objects="3084" bytes="374104" />
  <regions eden="13" other="3" />
  <remembered-set-cleared processed="736" cleared="32" durationms="0.103" />
  <stringconstants candidates="13749" cleared="0"  />
</gc-op>
<gc-op id="1582" type="classunload" timems="0.004" contextid="1577" timestamp="2019-06-17T04:32:06.358">
  <classunload-info classloadercandidates="54" classloadersunloaded="0" classesunloaded="0" anonymousclassesunloaded="0" quiescems="0.000" setupms="0.004" scanms="0.000" postms="0.000" />
</gc-op>
<heap-resize id="1583" type="contract" space="default" amount="4194304" count="1" timems="0.199" reason="insufficient time being spent in gc" timestamp="2019-06-17T04:32:06.358" />
<gc-end id="1584" type="partial gc" contextid="1577" durationms="4.298" usertimems="8.000" systemtimems="0.000" timestamp="2019-06-17T04:32:06.358" activeThreads="4">
  <mem-info id="1585" free="41943040" total="77594624" percent="54">
    <mem type="eden" free="1048296" total="1048576" percent="99" />
    <remembered-set count="3264" freebytes="3251712" totalbytes="3264768" percent="99" regionsoverflowed="0" regionsstable="16" regionsrebuilding="0"/>
  </mem-info>
</gc-end>
<cycle-end id="1586" type="partial gc" contextid="1577" timestamp="2019-06-17T04:32:06.358" />
  <attribute name="elasticGC enabled" value="1" />
  <attribute name= "numThreadsSpecified" value="4" />
  <attribute name="heapSize specified" value="0" />
  <attribute name="Current GC Util" value="35" />
  <attribute name= "Current Time Running" value="55793" />
  <attribute name ="GC Interval" value="0" />
  <attribute name="ProportionalT" value="22.500000" />
  <attribute name="ProportionalI" value="22.500000" />
  <attribute name="ProportionalH" value="22.500000" />
  <attribute name="Current Error" value="15.000000" />
  <attribute name="IntegralT" value="15.000000" />
  <attribute name="IntegralI" value="15.000000" />
  <attribute name="IntegralH" value="15.000000" />
  <attribute name="DerivativeT" value="-76.500000" />
  <attribute name="DerivativeI" value="-76.500000" />
  <attribute name="DerivativeH" value="-76.500000" />
  <attribute name="Loop Time for DT" value="1.000000" />
  <attribute name="Output H" value="2091843584"/>
  <attribute name="Output I" value="200"/>
  <attribute name="Output T" value="4"/>
  <attribute name="Target GC Util Change" value ="20.000000" />
  <attribute name="Current GC Util Change" value="35.000000"/>
  <attribute name="GC Util currently" value="35" />
  <attribute name="CPU Util currently" value="10303049103265" />
<exclusive-end id="1587" timestamp="2019-06-17T04:32:06.359" durationms="5.426" />

<exclusive-start id="1588" timestamp="2019-06-17T04:32:06.805" intervalms="452.169">
  <response-info timems="0.065" idlems="0.065" threads="0" lastid="0000000002320700" lastname="main" />
</exclusive-start>
<allocation-taxation id="1589" taxation-threshold="12582912" timestamp="2019-06-17T04:32:06.806" intervalms="452.145" />
<cycle-start id="1590" type="global mark phase" contextid="0" timestamp="2019-06-17T04:32:06.806" intervalms="3993.218" />
<gc-start id="1591" type="global mark phase" contextid="1590" timestamp="2019-06-17T04:32:06.806">
  <mem-info id="1592" free="29360128" total="77594624" percent="37">
    <remembered-set count="2912" freebytes="3253120" totalbytes="3264768" percent="99" regionsoverflowed="0" regionsstable="16" regionsrebuilding="0"/>
  </mem-info>
</gc-start>
<gc-op id="1593" type="mark increment" timems="0.524" contextid="1590" timestamp="2019-06-17T04:32:06.807">
  <trace-info objectcount="189" scancount="0" scanbytes="0" />
</gc-op>
<gc-end id="1594" type="global mark phase" contextid="1590" durationms="0.786" usertimems="0.000" systemtimems="0.000" timestamp="2019-06-17T04:32:06.807" activeThreads="1">
  <mem-info id="1595" free="29360128" total="77594624" percent="37">
    <remembered-set count="2912" freebytes="3253120" totalbytes="3264768" percent="99" regionsoverflowed="0" regionsstable="0" regionsrebuilding="16"/>
  </mem-info>
</gc-end>
<concurrent-start id="1596" type="GMP work packet processing" contextid="1590" timestamp="2019-06-17T04:32:06.807">
  <concurrent-mark-start scanTarget="1993370" />
</concurrent-start>
<exclusive-end id="1597" timestamp="2019-06-17T04:32:06.807" durationms="1.525" />

<concurrent-end id="1598" type="GMP work packet processing" contextid="1590" timestamp="2019-06-17T04:32:06.809">
  <concurrent-mark-end bytesScanned="2083304" reasonForTermination="Work target met" />
</concurrent-end>

<exclusive-start id="1599" timestamp="2019-06-17T04:32:07.093" intervalms="287.686">
  <response-info timems="0.093" idlems="0.093" threads="0" lastid="0000000002320700" lastname="main" />
</exclusive-start>
<allocation-taxation id="1600" taxation-threshold="12582912" timestamp="2019-06-17T04:32:07.093" intervalms="287.674" />
<cycle-start id="1601" type="partial gc" contextid="0" timestamp="2019-06-17T04:32:07.093" intervalms="739.802" />
<gc-start id="1602" type="partial gc" contextid="1601" timestamp="2019-06-17T04:32:07.094">
  <mem-info id="1603" free="16777216" total="77594624" percent="21">
    <mem type="eden" free="1048296" total="26214400" percent="3" />
    <remembered-set count="17824" freebytes="3193472" totalbytes="3264768" percent="97" regionsoverflowed="0" regionsstable="0" regionsrebuilding="16"/>
  </mem-info>
</gc-start>
<allocation-stats totalBytes="25150896" >
  <allocated-bytes non-tlh="360" tlh="25150536" arrayletleaf="0"/>
  <largest-consumer threadName="main" threadId="0000000002320700" bytes="12570304" />
</allocation-stats>
<gc-op id="1604" type="copy forward" timems="1.839" contextid="1601" timestamp="2019-06-17T04:32:07.096">
  <memory-copied type="eden" objects="76" bytes="3344" bytesdiscarded="1928" />
  <memory-copied type="other" objects="24643" bytes="620160" bytesdiscarded="36248" />
  <memory-cardclean objects="6512" bytes="453400" />
  <regions eden="24" other="5" />
  <remembered-set-cleared processed="15003" cleared="654" durationms="0.128" />
  <references type="soft" candidates="1" cleared="0" enqueued="0" dynamicThreshold="12" maxThreshold="32" />
  <references type="weak" candidates="45" cleared="0" enqueued="0" />
  <references type="phantom" candidates="1" cleared="0" enqueued="0" />
  <stringconstants candidates="13755" cleared="0"  />
</gc-op>
<gc-op id="1605" type="classunload" timems="0.006" contextid="1601" timestamp="2019-06-17T04:32:07.097">
  <classunload-info classloadercandidates="54" classloadersunloaded="0" classesunloaded="0" anonymousclassesunloaded="0" quiescems="0.000" setupms="0.006" scanms="0.000" postms="0.000" />
</gc-op>
<heap-resize id="1606" type="contract" space="default" amount="4194304" count="1" timems="0.257" reason="insufficient time being spent in gc" timestamp="2019-06-17T04:32:07.097" />
<gc-end id="1607" type="partial gc" contextid="1601" durationms="3.349" usertimems="8.000" systemtimems="4.000" timestamp="2019-06-17T04:32:07.097" activeThreads="4">
  <mem-info id="1608" free="39845888" total="73400320" percent="54">
    <mem type="eden" free="1043304" total="1048576" percent="99" />
    <remembered-set count="20864" freebytes="3013888" totalbytes="3097344" percent="97" regionsoverflowed="0" regionsstable="0" regionsrebuilding="16"/>
  </mem-info>
</gc-end>
<cycle-end id="1609" type="partial gc" contextid="1601" timestamp="2019-06-17T04:32:07.097" />
  <attribute name="elasticGC enabled" value="1" />
  <attribute name= "numThreadsSpecified" value="4" />
  <attribute name="heapSize specified" value="0" />
  <attribute name="Current GC Util" value="43" />
  <attribute name= "Current Time Running" value="56532" />
  <attribute name ="GC Interval" value="0" />
  <attribute name="ProportionalT" value="34.500000" />
  <attribute name="ProportionalI" value="34.500000" />
  <attribute name="ProportionalH" value="34.500000" />
  <attribute name="Current Error" value="23.000000" />
  <attribute name="IntegralT" value="23.000000" />
  <attribute name="IntegralI" value="23.000000" />
  <attribute name="IntegralH" value="23.000000" />
  <attribute name="DerivativeT" value="34.500000" />
  <attribute name="DerivativeI" value="34.500000" />
  <attribute name="DerivativeH" value="34.500000" />
  <attribute name="Loop Time for DT" value="1.000000" />
  <attribute name="Output H" value="8388608"/>
  <attribute name="Output I" value="200"/>
  <attribute name="Output T" value="4"/>
  <attribute name="Target GC Util Change" value ="20.000000" />
  <attribute name="Current GC Util Change" value="43.000000"/>
  <attribute name="GC Util currently" value="43" />
  <attribute name="CPU Util currently" value="10884293382685" />
<exclusive-end id="1610" timestamp="2019-06-17T04:32:07.097" durationms="4.286" />

<exclusive-start id="1611" timestamp="2019-06-17T04:32:07.120" intervalms="27.055">
  <response-info timems="0.039" idlems="0.039" threads="0" lastid="0000000002320700" lastname="main" />
</exclusive-start>
<allocation-taxation id="1612" taxation-threshold="12582912" timestamp="2019-06-17T04:32:07.120" intervalms="27.120" />
<gc-start id="1613" type="global mark phase" contextid="1590" timestamp="2019-06-17T04:32:07.121">
  <mem-info id="1614" free="27262976" total="73400320" percent="37">
    <remembered-set count="20576" freebytes="3015040" totalbytes="3097344" percent="97" regionsoverflowed="0" regionsstable="0" regionsrebuilding="16"/>
  </mem-info>
</gc-start>
<gc-end id="1615" type="global mark phase" contextid="1590" durationms="0.120" usertimems="0.000" systemtimems="0.000" timestamp="2019-06-17T04:32:07.121" activeThreads="4">
  <mem-info id="1616" free="27262976" total="73400320" percent="37">
    <remembered-set count="20576" freebytes="3015040" totalbytes="3097344" percent="97" regionsoverflowed="0" regionsstable="0" regionsrebuilding="16"/>
  </mem-info>
</gc-end>
<concurrent-start id="1617" type="GMP work packet processing" contextid="1590" timestamp="2019-06-17T04:32:07.121">
  <concurrent-mark-start scanTarget="2657827" />
</concurrent-start>
<concurrent-end id="1618" type="GMP work packet processing" contextid="1590" timestamp="2019-06-17T04:32:07.122">
  <concurrent-mark-end bytesScanned="2702952" reasonForTermination="Work target met" />
</concurrent-end>

<exclusive-end id="1619" timestamp="2019-06-17T04:32:07.123" durationms="2.515" />

<exclusive-start id="1620" timestamp="2019-06-17T04:32:07.143" intervalms="23.310">
  <response-info timems="0.159" idlems="0.159" threads="0" lastid="0000000002320700" lastname="main" />
</exclusive-start>
<allocation-taxation id="1621" taxation-threshold="12582912" timestamp="2019-06-17T04:32:07.144" intervalms="23.254" />
<cycle-start id="1622" type="partial gc" contextid="0" timestamp="2019-06-17T04:32:07.144" intervalms="50.436" />
<gc-start id="1623" type="partial gc" contextid="1622" timestamp="2019-06-17T04:32:07.144">
  <mem-info id="1624" free="14680064" total="73400320" percent="20">
    <mem type="eden" free="0" total="25165824" percent="0" />
    <remembered-set count="45856" freebytes="2913920" totalbytes="3097344" percent="94" regionsoverflowed="0" regionsstable="0" regionsrebuilding="16"/>
  </mem-info>
</gc-start>
<allocation-stats totalBytes="25147608" >
  <allocated-bytes non-tlh="0" tlh="25147608" arrayletleaf="0"/>
  <largest-consumer threadName="main" threadId="0000000002320700" bytes="12574072" />
</allocation-stats>
<gc-op id="1625" type="copy forward" timems="3.869" contextid="1622" timestamp="2019-06-17T04:32:07.149">
  <memory-copied type="eden" objects="1" bytes="24" bytesdiscarded="0" />
  <memory-copied type="other" objects="79" bytes="2912" bytesdiscarded="0" />
  <memory-cardclean objects="18152" bytes="953280" />
  <regions eden="24" other="2" />
  <remembered-set-cleared processed="40565" cleared="8569" durationms="0.531" />
  <references type="weak" candidates="4" cleared="0" enqueued="0" />
  <stringconstants candidates="13755" cleared="0"  />
</gc-op>
<gc-op id="1626" type="classunload" timems="0.005" contextid="1622" timestamp="2019-06-17T04:32:07.149">
  <classunload-info classloadercandidates="54" classloadersunloaded="0" classesunloaded="0" anonymousclassesunloaded="0" quiescems="0.000" setupms="0.004" scanms="0.000" postms="0.000" />
</gc-op>
<heap-resize id="1627" type="contract" space="default" amount="4194304" count="1" timems="0.347" reason="insufficient time being spent in gc" timestamp="2019-06-17T04:32:07.150" />
<gc-end id="1628" type="partial gc" contextid="1622" durationms="5.802" usertimems="0.000" systemtimems="12.000" timestamp="2019-06-17T04:32:07.150" activeThreads="1">
  <mem-info id="1629" free="34603008" total="69206016" percent="50">
    <mem type="eden" free="1048552" total="1048576" percent="99" />
    <remembered-set count="38912" freebytes="2774272" totalbytes="2929920" percent="94" regionsoverflowed="0" regionsstable="0" regionsrebuilding="16"/>
  </mem-info>
</gc-end>
<cycle-end id="1630" type="partial gc" contextid="1622" timestamp="2019-06-17T04:32:07.150" />
  <attribute name="elasticGC enabled" value="1" />
  <attribute name= "numThreadsSpecified" value="1" />
  <attribute name="heapSize specified" value="0" />
  <attribute name="Current GC Util" value="49" />
  <attribute name= "Current Time Running" value="56582" />
  <attribute name ="GC Interval" value="0" />
  <attribute name="ProportionalT" value="43.500000" />
  <attribute name="ProportionalI" value="43.500000" />
  <attribute name="ProportionalH" value="43.500000" />
  <attribute name="Current Error" value="29.000000" />
  <attribute name="IntegralT" value="0.000000" />
  <attribute name="IntegralI" value="0.000000" />
  <attribute name="IntegralH" value="0.000000" />
  <attribute name="DerivativeT" value="inf" />
  <attribute name="DerivativeI" value="inf" />
  <attribute name="DerivativeH" value="inf" />
  <attribute name="Loop Time for DT" value="0.000000" />
  <attribute name="Output H" value="8388608"/>
  <attribute name="Output I" value="200"/>
  <attribute name="Output T" value="1"/>
  <attribute name="Target GC Util Change" value ="20.000000" />
  <attribute name="Current GC Util Change" value="49.000000"/>
  <attribute name="GC Util currently" value="49" />
  <attribute name="CPU Util currently" value="10085765440228" />
<exclusive-end id="1631" timestamp="2019-06-17T04:32:07.151" durationms="7.068" />

<exclusive-start id="1632" timestamp="2019-06-17T04:32:07.169" intervalms="25.953">
  <response-info timems="0.249" idlems="0.249" threads="0" lastid="0000000002320700" lastname="main" />
</exclusive-start>
<allocation-taxation id="1633" taxation-threshold="11534336" timestamp="2019-06-17T04:32:07.170" intervalms="25.956" />
<gc-start id="1634" type="global mark phase" contextid="1590" timestamp="2019-06-17T04:32:07.170">
  <mem-info id="1635" free="23068672" total="69206016" percent="33">
    <remembered-set count="38912" freebytes="2774272" totalbytes="2929920" percent="94" regionsoverflowed="0" regionsstable="0" regionsrebuilding="16"/>
  </mem-info>
</gc-start>
<gc-end id="1636" type="global mark phase" contextid="1590" durationms="0.192" usertimems="0.000" systemtimems="0.000" timestamp="2019-06-17T04:32:07.170" activeThreads="1">
  <mem-info id="1637" free="23068672" total="69206016" percent="33">
    <remembered-set count="38912" freebytes="2774272" totalbytes="2929920" percent="94" regionsoverflowed="0" regionsstable="0" regionsrebuilding="16"/>
  </mem-info>
</gc-end>
<concurrent-start id="1638" type="GMP work packet processing" contextid="1590" timestamp="2019-06-17T04:32:07.170">
  <concurrent-mark-start scanTarget="2657827" />
</concurrent-start>
<concurrent-end id="1639" type="GMP work packet processing" contextid="1590" timestamp="2019-06-17T04:32:07.172">
  <concurrent-mark-end bytesScanned="2695596" reasonForTermination="Work target met" />
</concurrent-end>

<exclusive-end id="1640" timestamp="2019-06-17T04:32:07.172" durationms="2.415" />

<exclusive-start id="1641" timestamp="2019-06-17T04:32:07.191" intervalms="21.181">
  <response-info timems="0.109" idlems="0.109" threads="0" lastid="0000000002320700" lastname="main" />
</exclusive-start>
<allocation-taxation id="1642" taxation-threshold="11534336" timestamp="2019-06-17T04:32:07.191" intervalms="21.159" />
<cycle-start id="1643" type="partial gc" contextid="0" timestamp="2019-06-17T04:32:07.191" intervalms="47.109" />
<gc-start id="1644" type="partial gc" contextid="1643" timestamp="2019-06-17T04:32:07.191">
  <mem-info id="1645" free="11534336" total="69206016" percent="16">
    <mem type="eden" free="1048552" total="24117248" percent="4" />
    <remembered-set count="64992" freebytes="2669952" totalbytes="2929920" percent="91" regionsoverflowed="0" regionsstable="0" regionsrebuilding="16"/>
  </mem-info>
</gc-start>
<allocation-stats totalBytes="23052432" >
  <allocated-bytes non-tlh="0" tlh="23052432" arrayletleaf="0"/>
  <largest-consumer threadName="main" threadId="0000000002320700" bytes="11526400" />
</allocation-stats>
<gc-op id="1646" type="copy forward" timems="4.000" contextid="1643" timestamp="2019-06-17T04:32:07.196">
  <memory-copied type="eden" objects="1" bytes="24" bytesdiscarded="0" />
  <memory-copied type="other" objects="7" bytes="160" bytesdiscarded="0" />
  <memory-cardclean objects="21366" bytes="890992" />
  <regions eden="22" other="2" />
  <remembered-set-cleared processed="59504" cleared="8200" durationms="0.667" />
  <stringconstants candidates="13755" cleared="0"  />
</gc-op>
<gc-op id="1647" type="classunload" timems="0.006" contextid="1643" timestamp="2019-06-17T04:32:07.197">
  <classunload-info classloadercandidates="54" classloadersunloaded="0" classesunloaded="0" anonymousclassesunloaded="0" quiescems="0.000" setupms="0.005" scanms="0.000" postms="0.000" />
</gc-op>
<heap-resize id="1648" type="expand" space="default" amount="12582912" count="1" timems="0.085" reason="excessive time being spent in gc" timestamp="2019-06-17T04:32:07.197" />
<gc-end id="1649" type="partial gc" contextid="1643" durationms="5.669" usertimems="12.000" systemtimems="0.000" timestamp="2019-06-17T04:32:07.197" activeThreads="1">
  <mem-info id="1650" free="47185920" total="81788928" percent="57">
    <mem type="eden" free="1048552" total="1048576" percent="99" />
    <remembered-set count="59328" freebytes="3027456" totalbytes="3264768" percent="92" regionsoverflowed="0" regionsstable="0" regionsrebuilding="16"/>
  </mem-info>
</gc-end>
<cycle-end id="1651" type="partial gc" contextid="1643" timestamp="2019-06-17T04:32:07.197" />
  <attribute name="elasticGC enabled" value="1" />
  <attribute name= "numThreadsSpecified" value="1" />
  <attribute name="heapSize specified" value="0" />
  <attribute name="Current GC Util" value="43" />
  <attribute name= "Current Time Running" value="56629" />
  <attribute name ="GC Interval" value="0" />
  <attribute name="ProportionalT" value="34.500000" />
  <attribute name="ProportionalI" value="34.500000" />
  <attribute name="ProportionalH" value="34.500000" />
  <attribute name="Current Error" value="23.000000" />
  <attribute name="IntegralT" value="0.000000" />
  <attribute name="IntegralI" value="0.000000" />
  <attribute name="IntegralH" value="0.000000" />
  <attribute name="DerivativeT" value="inf" />
  <attribute name="DerivativeI" value="inf" />
  <attribute name="DerivativeH" value="inf" />
  <attribute name="Loop Time for DT" value="0.000000" />
  <attribute name="Output H" value="8388608"/>
  <attribute name="Output I" value="200"/>
  <attribute name="Output T" value="1"/>
  <attribute name="Target GC Util Change" value ="20.000000" />
  <attribute name="Current GC Util Change" value="43.000000"/>
  <attribute name="GC Util currently" value="43" />
  <attribute name="CPU Util currently" value="10380227583751" />
<exclusive-end id="1652" timestamp="2019-06-17T04:32:07.197" durationms="6.857" />

<exclusive-start id="1653" timestamp="2019-06-17T04:32:07.229" intervalms="38.656">
  <response-info timems="0.034" idlems="0.034" threads="0" lastid="0000000002320700" lastname="main" />
</exclusive-start>
<allocation-taxation id="1654" taxation-threshold="13631488" timestamp="2019-06-17T04:32:07.229" intervalms="38.699" />
<gc-start id="1655" type="global mark phase" contextid="1590" timestamp="2019-06-17T04:32:07.230">
  <mem-info id="1656" free="33554432" total="81788928" percent="41">
    <remembered-set count="59040" freebytes="3028608" totalbytes="3264768" percent="92" regionsoverflowed="0" regionsstable="0" regionsrebuilding="16"/>
  </mem-info>
</gc-start>
<gc-end id="1657" type="global mark phase" contextid="1590" durationms="0.144" usertimems="0.000" systemtimems="0.000" timestamp="2019-06-17T04:32:07.230" activeThreads="1">
  <mem-info id="1658" free="33554432" total="81788928" percent="41">
    <remembered-set count="59040" freebytes="3028608" totalbytes="3264768" percent="92" regionsoverflowed="0" regionsstable="0" regionsrebuilding="16"/>
  </mem-info>
</gc-end>
<concurrent-start id="1659" type="GMP work packet processing" contextid="1590" timestamp="2019-06-17T04:32:07.230">
  <concurrent-mark-start scanTarget="3986740" />
</concurrent-start>
<concurrent-end id="1660" type="GMP work packet processing" contextid="1590" timestamp="2019-06-17T04:32:07.232">
  <concurrent-mark-end bytesScanned="4031796" reasonForTermination="Work target met" />
</concurrent-end>

<exclusive-end id="1661" timestamp="2019-06-17T04:32:07.232" durationms="2.971" />

<exclusive-start id="1662" timestamp="2019-06-17T04:32:07.411" intervalms="181.788">
  <response-info timems="0.180" idlems="0.180" threads="0" lastid="0000000002320700" lastname="main" />
</exclusive-start>
<allocation-taxation id="1663" taxation-threshold="13631488" timestamp="2019-06-17T04:32:07.411" intervalms="181.810" />
<cycle-start id="1664" type="partial gc" contextid="0" timestamp="2019-06-17T04:32:07.411" intervalms="220.496" />
<gc-start id="1665" type="partial gc" contextid="1664" timestamp="2019-06-17T04:32:07.412">
  <mem-info id="1666" free="19922944" total="81788928" percent="24">
    <mem type="eden" free="1048552" total="28311552" percent="3" />
    <remembered-set count="100640" freebytes="2862208" totalbytes="3264768" percent="87" regionsoverflowed="0" regionsstable="0" regionsrebuilding="16"/>
  </mem-info>
</gc-start>
<allocation-stats totalBytes="27250064" >
  <allocated-bytes non-tlh="0" tlh="27250064" arrayletleaf="0"/>
  <largest-consumer threadName="main" threadId="0000000002320700" bytes="13630120" />
</allocation-stats>
<gc-op id="1667" type="copy forward" timems="3.137" contextid="1664" timestamp="2019-06-17T04:32:07.416">
  <memory-copied type="eden" objects="41" bytes="1248" bytesdiscarded="224" />
  <memory-copied type="other" objects="32392" bytes="978224" bytesdiscarded="43552" />
  <memory-cardclean objects="6946" bytes="498624" />
  <regions eden="26" other="4" />
  <remembered-set-cleared processed="97570" cleared="5765" durationms="0.442" />
  <references type="soft" candidates="69" cleared="0" enqueued="0" dynamicThreshold="13" maxThreshold="32" />
  <references type="weak" candidates="231" cleared="0" enqueued="0" />
  <references type="phantom" candidates="1" cleared="0" enqueued="0" />
  <stringconstants candidates="13755" cleared="0"  />
</gc-op>
<gc-op id="1668" type="classunload" timems="0.006" contextid="1664" timestamp="2019-06-17T04:32:07.416">
  <classunload-info classloadercandidates="54" classloadersunloaded="0" classesunloaded="0" anonymousclassesunloaded="0" quiescems="0.000" setupms="0.006" scanms="0.000" postms="0.000" />
</gc-op>
<gc-end id="1669" type="partial gc" contextid="1664" durationms="4.282" usertimems="12.000" systemtimems="0.000" timestamp="2019-06-17T04:32:07.416" activeThreads="4">
  <mem-info id="1670" free="48234496" total="81788928" percent="58">
    <mem type="eden" free="1047104" total="1048576" percent="99" />
    <remembered-set count="98208" freebytes="2871936" totalbytes="3264768" percent="87" regionsoverflowed="0" regionsstable="0" regionsrebuilding="16"/>
  </mem-info>
</gc-end>
<cycle-end id="1671" type="partial gc" contextid="1664" timestamp="2019-06-17T04:32:07.416" />
  <attribute name="elasticGC enabled" value="1" />
  <attribute name= "numThreadsSpecified" value="4" />
  <attribute name="heapSize specified" value="0" />
  <attribute name="Current GC Util" value="62" />
  <attribute name= "Current Time Running" value="56850" />
  <attribute name ="GC Interval" value="0" />
  <attribute name="ProportionalT" value="63.000000" />
  <attribute name="ProportionalI" value="63.000000" />
  <attribute name="ProportionalH" value="63.000000" />
  <attribute name="Current Error" value="42.000000" />
  <attribute name="IntegralT" value="42.000000" />
  <attribute name="IntegralI" value="42.000000" />
  <attribute name="IntegralH" value="42.000000" />
  <attribute name="DerivativeT" value="63.000000" />
  <attribute name="DerivativeI" value="63.000000" />
  <attribute name="DerivativeH" value="63.000000" />
  <attribute name="Loop Time for DT" value="1.000000" />
  <attribute name="Output H" value="8388608"/>
  <attribute name="Output I" value="200"/>
  <attribute name="Output T" value="4"/>
  <attribute name="Target GC Util Change" value ="20.000000" />
  <attribute name="Current GC Util Change" value="62.000000"/>
  <attribute name="GC Util currently" value="62" />
  <attribute name="CPU Util currently" value="18900739727076" />
<exclusive-end id="1672" timestamp="2019-06-17T04:32:07.417" durationms="5.477" />

<exclusive-start id="1673" timestamp="2019-06-17T04:32:07.471" intervalms="60.027">
  <response-info timems="0.040" idlems="0.040" threads="0" lastid="0000000002320700" lastname="main" />
</exclusive-start>
<allocation-taxation id="1674" taxation-threshold="13631488" timestamp="2019-06-17T04:32:07.471" intervalms="60.045" />
<gc-start id="1675" type="global mark phase" contextid="1590" timestamp="2019-06-17T04:32:07.471">
  <mem-info id="1676" free="34603008" total="81788928" percent="42">
    <remembered-set count="97856" freebytes="2873344" totalbytes="3264768" percent="88" regionsoverflowed="0" regionsstable="0" regionsrebuilding="16"/>
  </mem-info>
</gc-start>
<gc-end id="1677" type="global mark phase" contextid="1590" durationms="0.129" usertimems="0.000" systemtimems="0.000" timestamp="2019-06-17T04:32:07.472" activeThreads="4">
  <mem-info id="1678" free="34603008" total="81788928" percent="42">
    <remembered-set count="97856" freebytes="2873344" totalbytes="3264768" percent="88" regionsoverflowed="0" regionsstable="0" regionsrebuilding="16"/>
  </mem-info>
</gc-end>
<concurrent-start id="1679" type="GMP work packet processing" contextid="1590" timestamp="2019-06-17T04:32:07.472">
  <concurrent-mark-start scanTarget="2657827" />
</concurrent-start>
<concurrent-end id="1680" type="GMP work packet processing" contextid="1590" timestamp="2019-06-17T04:32:07.473">
  <concurrent-mark-end bytesScanned="2105888" reasonForTermination="Completed all work in GC phase" />
</concurrent-end>

<exclusive-end id="1681" timestamp="2019-06-17T04:32:07.473" durationms="1.988" />

<exclusive-start id="1682" timestamp="2019-06-17T04:32:07.483" intervalms="11.635">
  <response-info timems="0.036" idlems="0.036" threads="0" lastid="0000000002320700" lastname="main" />
</exclusive-start>
<allocation-taxation id="1683" taxation-threshold="13631488" timestamp="2019-06-17T04:32:07.483" intervalms="11.535" />
<cycle-start id="1684" type="partial gc" contextid="0" timestamp="2019-06-17T04:32:07.483" intervalms="71.522" />
<gc-start id="1685" type="partial gc" contextid="1684" timestamp="2019-06-17T04:32:07.483">
  <mem-info id="1686" free="20971520" total="81788928" percent="25">
    <mem type="eden" free="0" total="27262976" percent="0" />
    <remembered-set count="116288" freebytes="2799616" totalbytes="3264768" percent="85" regionsoverflowed="0" regionsstable="0" regionsrebuilding="16"/>
  </mem-info>
</gc-start>
<allocation-stats totalBytes="27244264" >
  <allocated-bytes non-tlh="0" tlh="27244264" arrayletleaf="0"/>
  <largest-consumer threadName="main" threadId="0000000002320700" bytes="13615960" />
</allocation-stats>
<gc-op id="1687" type="copy forward" timems="1.789" contextid="1684" timestamp="2019-06-17T04:32:07.486">
  <memory-copied type="eden" objects="25" bytes="1296" bytesdiscarded="0" />
  <memory-copied type="other" objects="39" bytes="1032" bytesdiscarded="0" />
  <memory-cardclean objects="108" bytes="12712" />
  <regions eden="26" other="2" />
  <remembered-set-cleared processed="114096" cleared="69" durationms="0.821" />
  <references type="weak" candidates="14" cleared="0" enqueued="0" />
  <stringconstants candidates="13755" cleared="0"  />
</gc-op>
<gc-op id="1688" type="classunload" timems="0.005" contextid="1684" timestamp="2019-06-17T04:32:07.486">
  <classunload-info classloadercandidates="54" classloadersunloaded="0" classesunloaded="0" anonymousclassesunloaded="0" quiescems="0.000" setupms="0.005" scanms="0.000" postms="0.000" />
</gc-op>
<heap-resize id="1689" type="contract" space="default" amount="4194304" count="1" timems="0.053" reason="insufficient time being spent in gc" timestamp="2019-06-17T04:32:07.486" />
<gc-end id="1690" type="partial gc" contextid="1684" durationms="2.822" usertimems="8.000" systemtimems="0.000" timestamp="2019-06-17T04:32:07.486" activeThreads="1">
  <mem-info id="1691" free="42991616" total="77594624" percent="55">
    <mem type="eden" free="1047280" total="1048576" percent="99" />
    <remembered-set count="116544" freebytes="2798592" totalbytes="3264768" percent="85" regionsoverflowed="0" regionsstable="0" regionsrebuilding="16"/>
  </mem-info>
</gc-end>
<cycle-end id="1692" type="partial gc" contextid="1684" timestamp="2019-06-17T04:32:07.486" />
  <attribute name="elasticGC enabled" value="1" />
  <attribute name= "numThreadsSpecified" value="1" />
  <attribute name="heapSize specified" value="0" />
  <attribute name="Current GC Util" value="79" />
  <attribute name= "Current Time Running" value="56921" />
  <attribute name ="GC Interval" value="0" />
  <attribute name="ProportionalT" value="88.500000" />
  <attribute name="ProportionalI" value="88.500000" />
  <attribute name="ProportionalH" value="88.500000" />
  <attribute name="Current Error" value="59.000000" />
  <attribute name="IntegralT" value="0.000000" />
  <attribute name="IntegralI" value="0.000000" />
  <attribute name="IntegralH" value="0.000000" />
  <attribute name="DerivativeT" value="inf" />
  <attribute name="DerivativeI" value="inf" />
  <attribute name="DerivativeH" value="inf" />
  <attribute name="Loop Time for DT" value="0.000000" />
  <attribute name="Output H" value="8388608"/>
  <attribute name="Output I" value="200"/>
  <attribute name="Output T" value="1"/>
  <attribute name="Target GC Util Change" value ="20.000000" />
  <attribute name="Current GC Util Change" value="79.000000"/>
  <attribute name="GC Util currently" value="79" />
  <attribute name="CPU Util currently" value="23805690574194" />
<exclusive-end id="1693" timestamp="2019-06-17T04:32:07.486" durationms="3.700" />

<exclusive-start id="1694" timestamp="2019-06-17T04:32:07.495" intervalms="12.767">
  <response-info timems="0.075" idlems="0.075" threads="0" lastid="0000000002320700" lastname="main" />
</exclusive-start>
<allocation-taxation id="1695" taxation-threshold="12582912" timestamp="2019-06-17T04:32:07.496" intervalms="12.763" />
<gc-start id="1696" type="global mark phase" contextid="1590" timestamp="2019-06-17T04:32:07.496">
  <mem-info id="1697" free="30408704" total="77594624" percent="39">
    <remembered-set count="116288" freebytes="2799616" totalbytes="3264768" percent="85" regionsoverflowed="0" regionsstable="0" regionsrebuilding="16"/>
  </mem-info>
</gc-start>
<gc-op id="1698" type="mark increment" timems="2.878" contextid="1590" timestamp="2019-06-17T04:32:07.499">
  <trace-info objectcount="64" scancount="63" scanbytes="231264" />
  <cardclean-info objects="60399" bytes="1905756" />
  <finalization candidates="79" enqueued="0" />
  <ownableSynchronizers candidates="23" cleared="0" />
  <references type="soft" candidates="4806" cleared="13" enqueued="13" dynamicThreshold="17" maxThreshold="32" />
  <references type="weak" candidates="5627" cleared="0" enqueued="0" />
  <references type="phantom" candidates="100" cleared="0" enqueued="0" />
  <stringconstants candidates="13755" cleared="0"  />
</gc-op>
<gc-op id="1699" type="classunload" timems="0.008" contextid="1590" timestamp="2019-06-17T04:32:07.499">
  <classunload-info classloadercandidates="54" classloadersunloaded="0" classesunloaded="0" anonymousclassesunloaded="0" quiescems="0.000" setupms="0.008" scanms="0.000" postms="0.000" />
</gc-op>
<gc-end id="1700" type="global mark phase" contextid="1590" durationms="3.218" usertimems="12.000" systemtimems="0.000" timestamp="2019-06-17T04:32:07.499" activeThreads="4">
  <mem-info id="1701" free="30408704" total="77594624" percent="39">
    <pending-finalizers system="0" default="0" reference="13" classloader="0" />
    <remembered-set count="128064" freebytes="2752512" totalbytes="3264768" percent="84" regionsoverflowed="0" regionsstable="0" regionsrebuilding="0"/>
  </mem-info>
</gc-end>
<cycle-end id="1702" type="global mark phase" contextid="1590" timestamp="2019-06-17T04:32:07.499" />
  <attribute name="elasticGC enabled" value="1" />
  <attribute name= "numThreadsSpecified" value="4" />
  <attribute name="heapSize specified" value="0" />
  <attribute name="Current GC Util" value="97" />
  <attribute name= "Current Time Running" value="56935" />
  <attribute name ="GC Interval" value="0" />
  <attribute name="ProportionalT" value="115.500000" />
  <attribute name="ProportionalI" value="115.500000" />
  <attribute name="ProportionalH" value="115.500000" />
  <attribute name="Current Error" value="77.000000" />
  <attribute name="IntegralT" value="0.000000" />
  <attribute name="IntegralI" value="0.000000" />
  <attribute name="IntegralH" value="0.000000" />
  <attribute name="DerivativeT" value="-inf" />
  <attribute name="DerivativeI" value="-inf" />
  <attribute name="DerivativeH" value="-inf" />
  <attribute name="Loop Time for DT" value="0.000000" />
  <attribute name="Output H" value="2091843584"/>
  <attribute name="Output I" value="200"/>
  <attribute name="Output T" value="4"/>
  <attribute name="Target GC Util Change" value ="20.000000" />
  <attribute name="Current GC Util Change" value="97.000000"/>
  <attribute name="GC Util currently" value="97" />
  <attribute name="CPU Util currently" value="16636493794224" />
<exclusive-end id="1703" timestamp="2019-06-17T04:32:07.499" durationms="3.803" />

<exclusive-start id="1704" timestamp="2019-06-17T04:32:07.508" intervalms="12.257">
  <response-info timems="0.130" idlems="0.130" threads="0" lastid="0000000002320700" lastname="main" />
</exclusive-start>
<allocation-taxation id="1705" taxation-threshold="12582912" timestamp="2019-06-17T04:32:07.508" intervalms="12.276" />
<cycle-start id="1706" type="partial gc" contextid="0" timestamp="2019-06-17T04:32:07.508" intervalms="25.042" />
<gc-start id="1707" type="partial gc" contextid="1706" timestamp="2019-06-17T04:32:07.508">
  <mem-info id="1708" free="17825792" total="77594624" percent="22">
    <mem type="eden" free="0" total="25165824" percent="0" />
    <remembered-set count="58624" freebytes="3030272" totalbytes="3264768" percent="92" regionsoverflowed="0" regionsstable="14" regionsrebuilding="0"/>
  </mem-info>
</gc-start>
<allocation-stats totalBytes="25120992" >
  <allocated-bytes non-tlh="0" tlh="25120992" arrayletleaf="0"/>
  <largest-consumer threadName="main" threadId="0000000002320700" bytes="12560496" />
</allocation-stats>
<gc-op id="1709" type="sweep" timems="0.519" contextid="1706" timestamp="2019-06-17T04:32:07.509" />
<gc-op id="1710" type="copy forward" timems="2.380" contextid="1706" timestamp="2019-06-17T04:32:07.512">
  <memory-copied type="eden" objects="3" bytes="72" bytesdiscarded="720" />
  <memory-copied type="other" objects="22" bytes="1224" bytesdiscarded="1224" />
  <memory-cardclean objects="77424" bytes="2784744" />
  <regions eden="12" other="2" />
  <remembered-set-cleared processed="36931" cleared="4272" durationms="0.374" />
  <stringconstants candidates="13755" cleared="0"  />
</gc-op>
<gc-op id="1711" type="classunload" timems="0.005" contextid="1706" timestamp="2019-06-17T04:32:07.512">
  <classunload-info classloadercandidates="54" classloadersunloaded="0" classesunloaded="0" anonymousclassesunloaded="0" quiescems="0.000" setupms="0.005" scanms="0.000" postms="0.000" />
</gc-op>
<heap-resize id="1712" type="expand" space="default" amount="11534336" count="1" timems="0.071" reason="excessive time being spent in gc" timestamp="2019-06-17T04:32:07.513" />
<gc-end id="1713" type="partial gc" contextid="1706" durationms="4.404" usertimems="8.000" systemtimems="4.000" timestamp="2019-06-17T04:32:07.513" activeThreads="4">
  <mem-info id="1714" free="53477376" total="89128960" percent="60">
    <mem type="eden" free="1047784" total="1048576" percent="99" />
    <remembered-set count="40544" freebytes="3395584" totalbytes="3557760" percent="95" regionsoverflowed="0" regionsstable="14" regionsrebuilding="0"/>
  </mem-info>
</gc-end>
<cycle-end id="1715" type="partial gc" contextid="1706" timestamp="2019-06-17T04:32:07.513" />
  <attribute name="elasticGC enabled" value="1" />
  <attribute name= "numThreadsSpecified" value="4" />
  <attribute name="heapSize specified" value="0" />
  <attribute name="Current GC Util" value="0" />
  <attribute name= "Current Time Running" value="56947" />
  <attribute name ="GC Interval" value="0" />
  <attribute name="ProportionalT" value="-30.000000" />
  <attribute name="ProportionalI" value="-30.000000" />
  <attribute name="ProportionalH" value="-30.000000" />
  <attribute name="Current Error" value="-20.000000" />
  <attribute name="IntegralT" value="-20.000000" />
  <attribute name="IntegralI" value="-20.000000" />
  <attribute name="IntegralH" value="-20.000000" />
  <attribute name="DerivativeT" value="-141.000000" />
  <attribute name="DerivativeI" value="-141.000000" />
  <attribute name="DerivativeH" value="-141.000000" />
  <attribute name="Loop Time for DT" value="1.000000" />
  <attribute name="Output H" value="2091843584"/>
  <attribute name="Output I" value="200"/>
  <attribute name="Output T" value="4"/>
  <attribute name="Target GC Util Change" value ="20.000000" />
  <attribute name="Current GC Util Change" value="0.000000"/>
  <attribute name="GC Util currently" value="0" />
  <attribute name="CPU Util currently" value="9058738465416" />
<exclusive-end id="1716" timestamp="2019-06-17T04:32:07.513" durationms="5.362" />

<exclusive-start id="1717" timestamp="2019-06-17T04:32:07.530" intervalms="21.879">
  <response-info timems="0.075" idlems="0.075" threads="0" lastid="0000000002320700" lastname="main" />
</exclusive-start>
<allocation-taxation id="1718" taxation-threshold="28311552" timestamp="2019-06-17T04:32:07.530" intervalms="21.956" />
<cycle-start id="1719" type="partial gc" contextid="0" timestamp="2019-06-17T04:32:07.530" intervalms="21.969" />
<gc-start id="1720" type="partial gc" contextid="1719" timestamp="2019-06-17T04:32:07.530">
  <mem-info id="1721" free="25165824" total="89128960" percent="28">
    <mem type="eden" free="1047784" total="29360128" percent="3" />
    <remembered-set count="3200" freebytes="3544960" totalbytes="3557760" percent="99" regionsoverflowed="0" regionsstable="15" regionsrebuilding="0"/>
  </mem-info>
</gc-start>
<allocation-stats totalBytes="28261080" >
  <allocated-bytes non-tlh="0" tlh="28261080" arrayletleaf="0"/>
  <largest-consumer threadName="main" threadId="0000000002320700" bytes="28261080" />
</allocation-stats>
<gc-op id="1722" type="copy forward" timems="2.627" contextid="1719" timestamp="2019-06-17T04:32:07.534">
  <memory-copied type="eden" objects="3" bytes="72" bytesdiscarded="0" />
  <memory-copied type="other" objects="19757" bytes="611840" bytesdiscarded="0" />
  <memory-cardclean objects="3799" bytes="229656" />
  <regions eden="27" other="4" />
  <remembered-set-cleared processed="1763" cleared="274" durationms="0.128" />
  <references type="soft" candidates="5" cleared="0" enqueued="0" dynamicThreshold="19" maxThreshold="32" />
  <references type="weak" candidates="10" cleared="0" enqueued="0" />
  <stringconstants candidates="13755" cleared="0"  />
</gc-op>
<gc-op id="1723" type="classunload" timems="0.006" contextid="1719" timestamp="2019-06-17T04:32:07.534">
  <classunload-info classloadercandidates="54" classloadersunloaded="0" classesunloaded="0" anonymousclassesunloaded="0" quiescems="0.000" setupms="0.005" scanms="0.000" postms="0.000" />
</gc-op>
<gc-end id="1724" type="partial gc" contextid="1719" durationms="3.595" usertimems="8.000" systemtimems="0.000" timestamp="2019-06-17T04:32:07.534" activeThreads="1">
  <mem-info id="1725" free="54525952" total="89128960" percent="61">
    <mem type="eden" free="1048504" total="1048576" percent="99" />
    <remembered-set count="3584" freebytes="3543424" totalbytes="3557760" percent="99" regionsoverflowed="0" regionsstable="15" regionsrebuilding="0"/>
  </mem-info>
</gc-end>
<cycle-end id="1726" type="partial gc" contextid="1719" timestamp="2019-06-17T04:32:07.534" />
  <attribute name="elasticGC enabled" value="1" />
  <attribute name= "numThreadsSpecified" value="1" />
  <attribute name="heapSize specified" value="0" />
  <attribute name="Current GC Util" value="75" />
  <attribute name= "Current Time Running" value="56968" />
  <attribute name ="GC Interval" value="0" />
  <attribute name="ProportionalT" value="82.500000" />
  <attribute name="ProportionalI" value="82.500000" />
  <attribute name="ProportionalH" value="82.500000" />
  <attribute name="Current Error" value="55.000000" />
  <attribute name="IntegralT" value="0.000000" />
  <attribute name="IntegralI" value="0.000000" />
  <attribute name="IntegralH" value="0.000000" />
  <attribute name="DerivativeT" value="inf" />
  <attribute name="DerivativeI" value="inf" />
  <attribute name="DerivativeH" value="inf" />
  <attribute name="Loop Time for DT" value="0.000000" />
  <attribute name="Output H" value="8388608"/>
  <attribute name="Output I" value="200"/>
  <attribute name="Output T" value="1"/>
  <attribute name="Target GC Util Change" value ="20.000000" />
  <attribute name="Current GC Util Change" value="75.000000"/>
  <attribute name="GC Util currently" value="75" />
  <attribute name="CPU Util currently" value="21452795467858" />
<exclusive-end id="1727" timestamp="2019-06-17T04:32:07.534" durationms="4.674" />

<exclusive-start id="1728" timestamp="2019-06-17T04:32:07.551" intervalms="21.220">
  <response-info timems="0.069" idlems="0.069" threads="0" lastid="0000000002320700" lastname="main" />
</exclusive-start>
<allocation-taxation id="1729" taxation-threshold="28311552" timestamp="2019-06-17T04:32:07.551" intervalms="21.222" />
<cycle-start id="1730" type="partial gc" contextid="0" timestamp="2019-06-17T04:32:07.551" intervalms="21.281" />
<gc-start id="1731" type="partial gc" contextid="1730" timestamp="2019-06-17T04:32:07.552">
  <mem-info id="1732" free="26214400" total="89128960" percent="29">
    <mem type="eden" free="1048504" total="29360128" percent="3" />
    <remembered-set count="3104" freebytes="3545344" totalbytes="3557760" percent="99" regionsoverflowed="0" regionsstable="15" regionsrebuilding="0"/>
  </mem-info>
</gc-start>
<allocation-stats totalBytes="28261104" >
  <allocated-bytes non-tlh="0" tlh="28261104" arrayletleaf="0"/>
  <largest-consumer threadName="main" threadId="0000000002320700" bytes="28261104" />
</allocation-stats>
<gc-op id="1733" type="copy forward" timems="0.917" contextid="1730" timestamp="2019-06-17T04:32:07.553">
  <memory-copied type="eden" objects="3" bytes="72" bytesdiscarded="0" />
  <memory-copied type="other" objects="49" bytes="1120" bytesdiscarded="160" />
  <memory-cardclean objects="73" bytes="2968" />
  <regions eden="27" other="3" />
  <remembered-set-cleared processed="1939" cleared="14" durationms="0.125" />
  <stringconstants candidates="13755" cleared="0"  />
</gc-op>
<gc-op id="1734" type="classunload" timems="0.004" contextid="1730" timestamp="2019-06-17T04:32:07.553">
  <classunload-info classloadercandidates="54" classloadersunloaded="0" classesunloaded="0" anonymousclassesunloaded="0" quiescems="0.000" setupms="0.004" scanms="0.000" postms="0.000" />
</gc-op>
<gc-end id="1735" type="partial gc" contextid="1730" durationms="1.972" usertimems="0.000" systemtimems="0.000" timestamp="2019-06-17T04:32:07.554" activeThreads="1">
  <mem-info id="1736" free="55574528" total="89128960" percent="62">
    <mem type="eden" free="1048504" total="1048576" percent="99" />
    <remembered-set count="3456" freebytes="3543936" totalbytes="3557760" percent="99" regionsoverflowed="0" regionsstable="15" regionsrebuilding="0"/>
  </mem-info>
</gc-end>
<cycle-end id="1737" type="partial gc" contextid="1730" timestamp="2019-06-17T04:32:07.554" />
  <attribute name="elasticGC enabled" value="1" />
  <attribute name= "numThreadsSpecified" value="1" />
  <attribute name="heapSize specified" value="0" />
  <attribute name="Current GC Util" value="77" />
  <attribute name= "Current Time Running" value="56989" />
  <attribute name ="GC Interval" value="0" />
  <attribute name="ProportionalT" value="85.500000" />
  <attribute name="ProportionalI" value="85.500000" />
  <attribute name="ProportionalH" value="85.500000" />
  <attribute name="Current Error" value="57.000000" />
  <attribute name="IntegralT" value="0.000000" />
  <attribute name="IntegralI" value="0.000000" />
  <attribute name="IntegralH" value="0.000000" />
  <attribute name="DerivativeT" value="inf" />
  <attribute name="DerivativeI" value="inf" />
  <attribute name="DerivativeH" value="inf" />
  <attribute name="Loop Time for DT" value="0.000000" />
  <attribute name="Output H" value="8388608"/>
  <attribute name="Output I" value="200"/>
  <attribute name="Output T" value="1"/>
  <attribute name="Target GC Util Change" value ="20.000000" />
  <attribute name="Current GC Util Change" value="77.000000"/>
  <attribute name="GC Util currently" value="77" />
  <attribute name="CPU Util currently" value="20605729912673" />
<exclusive-end id="1738" timestamp="2019-06-17T04:32:07.554" durationms="3.207" />

<exclusive-start id="1739" timestamp="2019-06-17T04:32:07.571" intervalms="19.922">
  <response-info timems="0.069" idlems="0.069" threads="0" lastid="0000000002320700" lastname="main" />
</exclusive-start>
<allocation-taxation id="1740" taxation-threshold="28311552" timestamp="2019-06-17T04:32:07.571" intervalms="19.875" />
<cycle-start id="1741" type="partial gc" contextid="0" timestamp="2019-06-17T04:32:07.571" intervalms="19.802" />
<gc-start id="1742" type="partial gc" contextid="1741" timestamp="2019-06-17T04:32:07.571">
  <mem-info id="1743" free="27262976" total="89128960" percent="30">
    <mem type="eden" free="1048504" total="29360128" percent="3" />
    <remembered-set count="3072" freebytes="3545472" totalbytes="3557760" percent="99" regionsoverflowed="0" regionsstable="15" regionsrebuilding="0"/>
  </mem-info>
</gc-start>
<allocation-stats totalBytes="28261080" >
  <allocated-bytes non-tlh="0" tlh="28261080" arrayletleaf="0"/>
  <largest-consumer threadName="main" threadId="0000000002320700" bytes="28261080" />
</allocation-stats>
<gc-op id="1744" type="copy forward" timems="0.901" contextid="1741" timestamp="2019-06-17T04:32:07.573">
  <memory-copied type="eden" objects="3" bytes="72" bytesdiscarded="0" />
  <memory-copied type="other" objects="14" bytes="320" bytesdiscarded="0" />
  <memory-cardclean objects="43" bytes="1472" />
  <regions eden="27" other="2" />
  <remembered-set-cleared processed="1939" cleared="9" durationms="0.125" />
  <stringconstants candidates="13755" cleared="0"  />
</gc-op>
<gc-op id="1745" type="classunload" timems="0.004" contextid="1741" timestamp="2019-06-17T04:32:07.573">
  <classunload-info classloadercandidates="54" classloadersunloaded="0" classesunloaded="0" anonymousclassesunloaded="0" quiescems="0.000" setupms="0.004" scanms="0.000" postms="0.000" />
</gc-op>
<heap-resize id="1746" type="contract" space="default" amount="2097152" count="1" timems="0.047" reason="excess free space following gc" timestamp="2019-06-17T04:32:07.573" />
<gc-end id="1747" type="partial gc" contextid="1741" durationms="2.055" usertimems="0.000" systemtimems="4.000" timestamp="2019-06-17T04:32:07.573" activeThreads="1">
  <mem-info id="1748" free="53477376" total="87031808" percent="61">
    <mem type="eden" free="1048504" total="1048576" percent="99" />
    <remembered-set count="3520" freebytes="3543680" totalbytes="3557760" percent="99" regionsoverflowed="0" regionsstable="15" regionsrebuilding="0"/>
  </mem-info>
</gc-end>
<cycle-end id="1749" type="partial gc" contextid="1741" timestamp="2019-06-17T04:32:07.574" />
  <attribute name="elasticGC enabled" value="1" />
  <attribute name= "numThreadsSpecified" value="1" />
  <attribute name="heapSize specified" value="0" />
  <attribute name="Current GC Util" value="81" />
  <attribute name= "Current Time Running" value="57009" />
  <attribute name ="GC Interval" value="0" />
  <attribute name="ProportionalT" value="91.500000" />
  <attribute name="ProportionalI" value="91.500000" />
  <attribute name="ProportionalH" value="91.500000" />
  <attribute name="Current Error" value="61.000000" />
  <attribute name="IntegralT" value="0.000000" />
  <attribute name="IntegralI" value="0.000000" />
  <attribute name="IntegralH" value="0.000000" />
  <attribute name="DerivativeT" value="inf" />
  <attribute name="DerivativeI" value="inf" />
  <attribute name="DerivativeH" value="inf" />
  <attribute name="Loop Time for DT" value="0.000000" />
  <attribute name="Output H" value="8388608"/>
  <attribute name="Output I" value="200"/>
  <attribute name="Output T" value="1"/>
  <attribute name="Target GC Util Change" value ="20.000000" />
  <attribute name="Current GC Util Change" value="81.000000"/>
  <attribute name="GC Util currently" value="81" />
  <attribute name="CPU Util currently" value="19962625916756" />
<exclusive-end id="1750" timestamp="2019-06-17T04:32:07.574" durationms="3.032" />

<exclusive-start id="1751" timestamp="2019-06-17T04:32:07.590" intervalms="19.488">
  <response-info timems="0.089" idlems="0.089" threads="0" lastid="0000000002320700" lastname="main" />
</exclusive-start>
<allocation-taxation id="1752" taxation-threshold="28311552" timestamp="2019-06-17T04:32:07.590" intervalms="19.451" />
<cycle-start id="1753" type="partial gc" contextid="0" timestamp="2019-06-17T04:32:07.591" intervalms="19.631" />
<gc-start id="1754" type="partial gc" contextid="1753" timestamp="2019-06-17T04:32:07.591">
  <mem-info id="1755" free="25165824" total="87031808" percent="28">
    <mem type="eden" free="1048504" total="29360128" percent="3" />
    <remembered-set count="3104" freebytes="3545344" totalbytes="3557760" percent="99" regionsoverflowed="0" regionsstable="15" regionsrebuilding="0"/>
  </mem-info>
</gc-start>
<allocation-stats totalBytes="28261104" >
  <allocated-bytes non-tlh="0" tlh="28261104" arrayletleaf="0"/>
  <largest-consumer threadName="main" threadId="0000000002320700" bytes="28261104" />
</allocation-stats>
<gc-op id="1756" type="copy forward" timems="1.146" contextid="1753" timestamp="2019-06-17T04:32:07.593">
  <memory-copied type="eden" objects="3" bytes="72" bytesdiscarded="0" />
  <memory-copied type="other" objects="54" bytes="1440" bytesdiscarded="640" />
  <memory-cardclean objects="65" bytes="2904" />
  <regions eden="27" other="3" />
  <remembered-set-cleared processed="1934" cleared="11" durationms="0.087" />
  <stringconstants candidates="13755" cleared="0"  />
</gc-op>
<gc-op id="1757" type="classunload" timems="0.004" contextid="1753" timestamp="2019-06-17T04:32:07.593">
  <classunload-info classloadercandidates="54" classloadersunloaded="0" classesunloaded="0" anonymousclassesunloaded="0" quiescems="0.000" setupms="0.004" scanms="0.000" postms="0.000" />
</gc-op>
<heap-resize id="1758" type="contract" space="default" amount="3145728" count="1" timems="0.049" reason="excess free space following gc" timestamp="2019-06-17T04:32:07.593" />
<gc-end id="1759" type="partial gc" contextid="1753" durationms="2.441" usertimems="0.000" systemtimems="4.000" timestamp="2019-06-17T04:32:07.593" activeThreads="4">
  <mem-info id="1760" free="51380224" total="83886080" percent="61">
    <mem type="eden" free="1048504" total="1048576" percent="99" />
    <remembered-set count="3392" freebytes="3460480" totalbytes="3474048" percent="99" regionsoverflowed="0" regionsstable="15" regionsrebuilding="0"/>
  </mem-info>
</gc-end>
<cycle-end id="1761" type="partial gc" contextid="1753" timestamp="2019-06-17T04:32:07.594" />
  <attribute name="elasticGC enabled" value="1" />
  <attribute name= "numThreadsSpecified" value="4" />
  <attribute name="heapSize specified" value="0" />
  <attribute name="Current GC Util" value="38" />
  <attribute name= "Current Time Running" value="57029" />
  <attribute name ="GC Interval" value="0" />
  <attribute name="ProportionalT" value="27.000000" />
  <attribute name="ProportionalI" value="27.000000" />
  <attribute name="ProportionalH" value="27.000000" />
  <attribute name="Current Error" value="18.000000" />
  <attribute name="IntegralT" value="18.000000" />
  <attribute name="IntegralI" value="18.000000" />
  <attribute name="IntegralH" value="18.000000" />
  <attribute name="DerivativeT" value="27.000000" />
  <attribute name="DerivativeI" value="27.000000" />
  <attribute name="DerivativeH" value="27.000000" />
  <attribute name="Loop Time for DT" value="1.000000" />
  <attribute name="Output H" value="8388608"/>
  <attribute name="Output I" value="200"/>
  <attribute name="Output T" value="4"/>
  <attribute name="Target GC Util Change" value ="20.000000" />
  <attribute name="Current GC Util Change" value="38.000000"/>
  <attribute name="GC Util currently" value="38" />
  <attribute name="CPU Util currently" value="9813684742071" />
<exclusive-end id="1762" timestamp="2019-06-17T04:32:07.594" durationms="3.534" />

<exclusive-start id="1763" timestamp="2019-06-17T04:32:07.610" intervalms="19.373">
  <response-info timems="0.065" idlems="0.065" threads="0" lastid="0000000002320700" lastname="main" />
</exclusive-start>
<allocation-taxation id="1764" taxation-threshold="27262976" timestamp="2019-06-17T04:32:07.610" intervalms="19.411" />
<cycle-start id="1765" type="partial gc" contextid="0" timestamp="2019-06-17T04:32:07.610" intervalms="19.242" />
<gc-start id="1766" type="partial gc" contextid="1765" timestamp="2019-06-17T04:32:07.610">
  <mem-info id="1767" free="24117248" total="83886080" percent="28">
    <mem type="eden" free="1048504" total="28311552" percent="3" />
    <remembered-set count="3392" freebytes="3460480" totalbytes="3474048" percent="99" regionsoverflowed="0" regionsstable="15" regionsrebuilding="0"/>
  </mem-info>
</gc-start>
<allocation-stats totalBytes="27214616" >
  <allocated-bytes non-tlh="0" tlh="27214616" arrayletleaf="0"/>
  <largest-consumer threadName="main" threadId="0000000002320700" bytes="27214616" />
</allocation-stats>
<gc-op id="1768" type="copy forward" timems="0.911" contextid="1765" timestamp="2019-06-17T04:32:07.612">
  <memory-copied type="eden" objects="4" bytes="104" bytesdiscarded="0" />
  <memory-copied type="other" objects="23" bytes="1152" bytesdiscarded="368" />
  <memory-cardclean objects="47" bytes="9920" />
  <regions eden="26" other="3" />
  <remembered-set-cleared processed="1935" cleared="9" durationms="0.118" />
  <references type="weak" candidates="14" cleared="0" enqueued="0" />
  <stringconstants candidates="13755" cleared="0"  />
</gc-op>
<gc-op id="1769" type="classunload" timems="0.004" contextid="1765" timestamp="2019-06-17T04:32:07.612">
  <classunload-info classloadercandidates="54" classloadersunloaded="0" classesunloaded="0" anonymousclassesunloaded="0" quiescems="0.000" setupms="0.004" scanms="0.000" postms="0.000" />
</gc-op>
<heap-resize id="1770" type="contract" space="default" amount="3145728" count="1" timems="0.051" reason="excess free space following gc" timestamp="2019-06-17T04:32:07.612" />
<gc-end id="1771" type="partial gc" contextid="1765" durationms="2.220" usertimems="4.000" systemtimems="0.000" timestamp="2019-06-17T04:32:07.612" activeThreads="1">
  <mem-info id="1772" free="49283072" total="80740352" percent="61">
    <mem type="eden" free="1048472" total="1048576" percent="99" />
    <remembered-set count="3072" freebytes="3336192" totalbytes="3348480" percent="99" regionsoverflowed="0" regionsstable="15" regionsrebuilding="0"/>
  </mem-info>
</gc-end>
<cycle-end id="1773" type="partial gc" contextid="1765" timestamp="2019-06-17T04:32:07.613" />
  <attribute name="elasticGC enabled" value="1" />
  <attribute name= "numThreadsSpecified" value="1" />
  <attribute name="heapSize specified" value="0" />
  <attribute name="Current GC Util" value="32" />
  <attribute name= "Current Time Running" value="57048" />
  <attribute name ="GC Interval" value="0" />
  <attribute name="ProportionalT" value="18.000000" />
  <attribute name="ProportionalI" value="18.000000" />
  <attribute name="ProportionalH" value="18.000000" />
  <attribute name="Current Error" value="12.000000" />
  <attribute name="IntegralT" value="0.000000" />
  <attribute name="IntegralI" value="0.000000" />
  <attribute name="IntegralH" value="0.000000" />
  <attribute name="DerivativeT" value="inf" />
  <attribute name="DerivativeI" value="inf" />
  <attribute name="DerivativeH" value="inf" />
  <attribute name="Loop Time for DT" value="0.000000" />
  <attribute name="Output H" value="8388608"/>
  <attribute name="Output I" value="200"/>
  <attribute name="Output T" value="1"/>
  <attribute name="Target GC Util Change" value ="20.000000" />
  <attribute name="Current GC Util Change" value="32.000000"/>
  <attribute name="GC Util currently" value="32" />
  <attribute name="CPU Util currently" value="10018892043312" />
<exclusive-end id="1774" timestamp="2019-06-17T04:32:07.613" durationms="3.199" />

<exclusive-start id="1775" timestamp="2019-06-17T04:32:07.710" intervalms="100.579">
  <response-info timems="0.037" idlems="0.037" threads="0" lastid="0000000002320700" lastname="main" />
</exclusive-start>
<allocation-taxation id="1776" taxation-threshold="27262976" timestamp="2019-06-17T04:32:07.710" intervalms="100.576" />
<cycle-start id="1777" type="partial gc" contextid="0" timestamp="2019-06-17T04:32:07.711" intervalms="100.609" />
<gc-start id="1778" type="partial gc" contextid="1777" timestamp="2019-06-17T04:32:07.711">
  <mem-info id="1779" free="22020096" total="80740352" percent="27">
    <mem type="eden" free="1048472" total="28311552" percent="3" />
    <remembered-set count="2656" freebytes="3337856" totalbytes="3348480" percent="99" regionsoverflowed="0" regionsstable="15" regionsrebuilding="0"/>
  </mem-info>
</gc-start>
<allocation-stats totalBytes="27223128" >
  <allocated-bytes non-tlh="0" tlh="27223128" arrayletleaf="0"/>
  <largest-consumer threadName="main" threadId="0000000002320700" bytes="27223128" />
</allocation-stats>
<gc-op id="1780" type="copy forward" timems="1.128" contextid="1777" timestamp="2019-06-17T04:32:07.713">
  <memory-copied type="eden" objects="41" bytes="1608" bytesdiscarded="576" />
  <memory-copied type="other" objects="7" bytes="160" bytesdiscarded="0" />
  <memory-cardclean objects="105" bytes="4056" />
  <regions eden="26" other="2" />
  <remembered-set-cleared processed="1938" cleared="13" durationms="0.100" />
  <stringconstants candidates="13755" cleared="0"  />
</gc-op>
<gc-op id="1781" type="classunload" timems="0.004" contextid="1777" timestamp="2019-06-17T04:32:07.713">
  <classunload-info classloadercandidates="54" classloadersunloaded="0" classesunloaded="0" anonymousclassesunloaded="0" quiescems="0.000" setupms="0.003" scanms="0.000" postms="0.000" />
</gc-op>
<gc-end id="1782" type="partial gc" contextid="1777" durationms="2.366" usertimems="4.000" systemtimems="0.000" timestamp="2019-06-17T04:32:07.713" activeThreads="4">
  <mem-info id="1783" free="49283072" total="80740352" percent="61">
    <mem type="eden" free="1046392" total="1048576" percent="99" />
    <remembered-set count="4064" freebytes="3206656" totalbytes="3222912" percent="99" regionsoverflowed="0" regionsstable="15" regionsrebuilding="0"/>
  </mem-info>
</gc-end>
<cycle-end id="1784" type="partial gc" contextid="1777" timestamp="2019-06-17T04:32:07.713" />
  <attribute name="elasticGC enabled" value="1" />
  <attribute name= "numThreadsSpecified" value="4" />
  <attribute name="heapSize specified" value="0" />
  <attribute name="Current GC Util" value="36" />
  <attribute name= "Current Time Running" value="57149" />
  <attribute name ="GC Interval" value="0" />
  <attribute name="ProportionalT" value="24.000000" />
  <attribute name="ProportionalI" value="24.000000" />
  <attribute name="ProportionalH" value="24.000000" />
  <attribute name="Current Error" value="16.000000" />
  <attribute name="IntegralT" value="16.000000" />
  <attribute name="IntegralI" value="16.000000" />
  <attribute name="IntegralH" value="16.000000" />
  <attribute name="DerivativeT" value="24.000000" />
  <attribute name="DerivativeI" value="24.000000" />
  <attribute name="DerivativeH" value="24.000000" />
  <attribute name="Loop Time for DT" value="1.000000" />
  <attribute name="Output H" value="8388608"/>
  <attribute name="Output I" value="200"/>
  <attribute name="Output T" value="4"/>
  <attribute name="Target GC Util Change" value ="20.000000" />
  <attribute name="Current GC Util Change" value="36.000000"/>
  <attribute name="GC Util currently" value="36" />
  <attribute name="CPU Util currently" value="10071250406384" />
<exclusive-end id="1785" timestamp="2019-06-17T04:32:07.714" durationms="3.385" />

<exclusive-start id="1786" timestamp="2019-06-17T04:32:07.788" intervalms="78.218">
  <response-info timems="0.034" idlems="0.034" threads="0" lastid="0000000002320700" lastname="main" />
</exclusive-start>
<allocation-taxation id="1787" taxation-threshold="27262976" timestamp="2019-06-17T04:32:07.789" intervalms="78.267" />
<cycle-start id="1788" type="partial gc" contextid="0" timestamp="2019-06-17T04:32:07.789" intervalms="78.284" />
<gc-start id="1789" type="partial gc" contextid="1788" timestamp="2019-06-17T04:32:07.789">
  <mem-info id="1790" free="22020096" total="80740352" percent="27">
    <mem type="eden" free="0" total="27262976" percent="0" />
    <remembered-set count="3584" freebytes="3208576" totalbytes="3222912" percent="99" regionsoverflowed="0" regionsstable="15" regionsrebuilding="0"/>
  </mem-info>
</gc-start>
<allocation-stats totalBytes="27233728" >
  <allocated-bytes non-tlh="0" tlh="27233728" arrayletleaf="0"/>
  <largest-consumer threadName="main" threadId="0000000002320700" bytes="27233728" />
</allocation-stats>
<gc-op id="1791" type="copy forward" timems="0.910" contextid="1788" timestamp="2019-06-17T04:32:07.791">
  <memory-copied type="eden" objects="15" bytes="1304" bytesdiscarded="0" />
  <memory-copied type="other" objects="40" bytes="1072" bytesdiscarded="0" />
  <memory-cardclean objects="78" bytes="3360" />
  <regions eden="26" other="2" />
  <remembered-set-cleared processed="1937" cleared="18" durationms="0.124" />
  <stringconstants candidates="13755" cleared="0"  />
</gc-op>
<gc-op id="1792" type="classunload" timems="0.004" contextid="1788" timestamp="2019-06-17T04:32:07.791">
  <classunload-info classloadercandidates="54" classloadersunloaded="0" classesunloaded="0" anonymousclassesunloaded="0" quiescems="0.000" setupms="0.003" scanms="0.000" postms="0.000" />
</gc-op>
<heap-resize id="1793" type="contract" space="default" amount="4194304" count="1" timems="0.054" reason="insufficient time being spent in gc" timestamp="2019-06-17T04:32:07.791" />
<gc-end id="1794" type="partial gc" contextid="1788" durationms="2.174" usertimems="0.000" systemtimems="0.000" timestamp="2019-06-17T04:32:07.791" activeThreads="1">
  <mem-info id="1795" free="44040192" total="76546048" percent="57">
    <mem type="eden" free="1047272" total="1048576" percent="99" />
    <remembered-set count="3744" freebytes="3207936" totalbytes="3222912" percent="99" regionsoverflowed="0" regionsstable="15" regionsrebuilding="0"/>
  </mem-info>
</gc-end>
<cycle-end id="1796" type="partial gc" contextid="1788" timestamp="2019-06-17T04:32:07.792" />
  <attribute name="elasticGC enabled" value="1" />
  <attribute name= "numThreadsSpecified" value="1" />
  <attribute name="heapSize specified" value="0" />
  <attribute name="Current GC Util" value="73" />
  <attribute name= "Current Time Running" value="57227" />
  <attribute name ="GC Interval" value="0" />
  <attribute name="ProportionalT" value="79.500000" />
  <attribute name="ProportionalI" value="79.500000" />
  <attribute name="ProportionalH" value="79.500000" />
  <attribute name="Current Error" value="53.000000" />
  <attribute name="IntegralT" value="0.000000" />
  <attribute name="IntegralI" value="0.000000" />
  <attribute name="IntegralH" value="0.000000" />
  <attribute name="DerivativeT" value="inf" />
  <attribute name="DerivativeI" value="inf" />
  <attribute name="DerivativeH" value="inf" />
  <attribute name="Loop Time for DT" value="0.000000" />
  <attribute name="Output H" value="8388608"/>
  <attribute name="Output I" value="200"/>
  <attribute name="Output T" value="1"/>
  <attribute name="Target GC Util Change" value ="20.000000" />
  <attribute name="Current GC Util Change" value="73.000000"/>
  <attribute name="GC Util currently" value="73" />
  <attribute name="CPU Util currently" value="19471900575484" />
<exclusive-end id="1797" timestamp="2019-06-17T04:32:07.792" durationms="3.385" />

<exclusive-start id="1798" timestamp="2019-06-17T04:32:07.845" intervalms="56.409">
  <response-info timems="0.220" idlems="0.220" threads="0" lastid="0000000002320700" lastname="main" />
</exclusive-start>
<allocation-taxation id="1799" taxation-threshold="26214400" timestamp="2019-06-17T04:32:07.845" intervalms="56.346" />
<cycle-start id="1800" type="partial gc" contextid="0" timestamp="2019-06-17T04:32:07.848" intervalms="59.454" />
<gc-start id="1801" type="partial gc" contextid="1800" timestamp="2019-06-17T04:32:07.849">
  <mem-info id="1802" free="17825792" total="76546048" percent="23">
    <mem type="eden" free="1047272" total="27262976" percent="3" />
    <remembered-set count="3424" freebytes="3209216" totalbytes="3222912" percent="99" regionsoverflowed="0" regionsstable="15" regionsrebuilding="0"/>
  </mem-info>
</gc-start>
<allocation-stats totalBytes="26193752" >
  <allocated-bytes non-tlh="0" tlh="26193752" arrayletleaf="0"/>
  <largest-consumer threadName="main" threadId="0000000002320700" bytes="26193752" />
</allocation-stats>
<gc-op id="1803" type="copy forward" timems="1.300" contextid="1800" timestamp="2019-06-17T04:32:07.851">
  <memory-copied type="eden" objects="30" bytes="1528" bytesdiscarded="672" />
  <memory-copied type="other" objects="7" bytes="160" bytesdiscarded="0" />
  <memory-cardclean objects="427" bytes="12120" />
  <regions eden="25" other="2" />
  <remembered-set-cleared processed="1912" cleared="74" durationms="0.102" />
  <stringconstants candidates="13755" cleared="0"  />
</gc-op>
<gc-op id="1804" type="classunload" timems="0.004" contextid="1800" timestamp="2019-06-17T04:32:07.851">
  <classunload-info classloadercandidates="54" classloadersunloaded="0" classesunloaded="0" anonymousclassesunloaded="0" quiescems="0.000" setupms="0.004" scanms="0.000" postms="0.000" />
</gc-op>
<heap-resize id="1805" type="contract" space="default" amount="4194304" count="1" timems="0.052" reason="insufficient time being spent in gc" timestamp="2019-06-17T04:32:07.851" />
<gc-end id="1806" type="partial gc" contextid="1800" durationms="2.873" usertimems="0.000" systemtimems="0.000" timestamp="2019-06-17T04:32:07.852" activeThreads="4">
  <mem-info id="1807" free="39845888" total="72351744" percent="55">
    <mem type="eden" free="1046376" total="1048576" percent="99" />
    <remembered-set count="3328" freebytes="3042176" totalbytes="3055488" percent="99" regionsoverflowed="0" regionsstable="15" regionsrebuilding="0"/>
  </mem-info>
</gc-end>
<cycle-end id="1808" type="partial gc" contextid="1800" timestamp="2019-06-17T04:32:07.852" />
  <attribute name="elasticGC enabled" value="1" />
  <attribute name= "numThreadsSpecified" value="4" />
  <attribute name="heapSize specified" value="0" />
  <attribute name="Current GC Util" value="36" />
  <attribute name= "Current Time Running" value="57287" />
  <attribute name ="GC Interval" value="0" />
  <attribute name="ProportionalT" value="24.000000" />
  <attribute name="ProportionalI" value="24.000000" />
  <attribute name="ProportionalH" value="24.000000" />
  <attribute name="Current Error" value="16.000000" />
  <attribute name="IntegralT" value="16.000000" />
  <attribute name="IntegralI" value="16.000000" />
  <attribute name="IntegralH" value="16.000000" />
  <attribute name="DerivativeT" value="24.000000" />
  <attribute name="DerivativeI" value="24.000000" />
  <attribute name="DerivativeH" value="24.000000" />
  <attribute name="Loop Time for DT" value="1.000000" />
  <attribute name="Output H" value="8388608"/>
  <attribute name="Output I" value="200"/>
  <attribute name="Output T" value="4"/>
  <attribute name="Target GC Util Change" value ="20.000000" />
  <attribute name="Current GC Util Change" value="36.000000"/>
  <attribute name="GC Util currently" value="36" />
  <attribute name="CPU Util currently" value="8645036336075" />
<exclusive-end id="1809" timestamp="2019-06-17T04:32:07.852" durationms="7.161" />

<exclusive-start id="1810" timestamp="2019-06-17T04:32:07.877" intervalms="32.620">
  <response-info timems="0.068" idlems="0.068" threads="0" lastid="0000000002320700" lastname="main" />
</exclusive-start>
<allocation-taxation id="1811" taxation-threshold="25165824" timestamp="2019-06-17T04:32:07.878" intervalms="32.617" />
<cycle-start id="1812" type="partial gc" contextid="0" timestamp="2019-06-17T04:32:07.878" intervalms="29.456" />
<gc-start id="1813" type="partial gc" contextid="1812" timestamp="2019-06-17T04:32:07.878">
  <mem-info id="1814" free="14680064" total="72351744" percent="20">
    <mem type="eden" free="0" total="25165824" percent="0" />
    <remembered-set count="2848" freebytes="3044096" totalbytes="3055488" percent="99" regionsoverflowed="0" regionsstable="15" regionsrebuilding="0"/>
  </mem-info>
</gc-start>
<allocation-stats totalBytes="25147552" >
  <allocated-bytes non-tlh="0" tlh="25147552" arrayletleaf="0"/>
  <largest-consumer threadName="main" threadId="0000000002320700" bytes="25147552" />
</allocation-stats>
<gc-op id="1815" type="copy forward" timems="1.290" contextid="1812" timestamp="2019-06-17T04:32:07.880">
  <memory-copied type="eden" objects="4" bytes="288" bytesdiscarded="0" />
  <memory-copied type="other" objects="56" bytes="1944" bytesdiscarded="1480" />
  <memory-cardclean objects="1888" bytes="56264" />
  <regions eden="24" other="2" />
  <remembered-set-cleared processed="1655" cleared="220" durationms="0.079" />
  <references type="weak" candidates="2" cleared="0" enqueued="0" />
  <stringconstants candidates="13755" cleared="0"  />
</gc-op>
<gc-op id="1816" type="classunload" timems="0.004" contextid="1812" timestamp="2019-06-17T04:32:07.880">
  <classunload-info classloadercandidates="54" classloadersunloaded="0" classesunloaded="0" anonymousclassesunloaded="0" quiescems="0.000" setupms="0.003" scanms="0.000" postms="0.000" />
</gc-op>
<gc-end id="1817" type="partial gc" contextid="1812" durationms="2.409" usertimems="4.000" systemtimems="0.000" timestamp="2019-06-17T04:32:07.880" activeThreads="4">
  <mem-info id="1818" free="38797312" total="72351744" percent="53">
    <mem type="eden" free="1048288" total="1048576" percent="99" />
    <remembered-set count="4000" freebytes="2872064" totalbytes="2888064" percent="99" regionsoverflowed="0" regionsstable="15" regionsrebuilding="0"/>
  </mem-info>
</gc-end>
<cycle-end id="1819" type="partial gc" contextid="1812" timestamp="2019-06-17T04:32:07.881" />
  <attribute name="elasticGC enabled" value="1" />
  <attribute name= "numThreadsSpecified" value="4" />
  <attribute name="heapSize specified" value="0" />
  <attribute name="Current GC Util" value="35" />
  <attribute name= "Current Time Running" value="57316" />
  <attribute name ="GC Interval" value="0" />
  <attribute name="ProportionalT" value="22.500000" />
  <attribute name="ProportionalI" value="22.500000" />
  <attribute name="ProportionalH" value="22.500000" />
  <attribute name="Current Error" value="15.000000" />
  <attribute name="IntegralT" value="15.000000" />
  <attribute name="IntegralI" value="15.000000" />
  <attribute name="IntegralH" value="15.000000" />
  <attribute name="DerivativeT" value="22.500000" />
  <attribute name="DerivativeI" value="22.500000" />
  <attribute name="DerivativeH" value="22.500000" />
  <attribute name="Loop Time for DT" value="1.000000" />
  <attribute name="Output H" value="8388608"/>
  <attribute name="Output I" value="200"/>
  <attribute name="Output T" value="4"/>
  <attribute name="Target GC Util Change" value ="20.000000" />
  <attribute name="Current GC Util Change" value="35.000000"/>
  <attribute name="GC Util currently" value="35" />
  <attribute name="CPU Util currently" value="10390681970637" />
<exclusive-end id="1820" timestamp="2019-06-17T04:32:07.881" durationms="3.370" />

<exclusive-start id="1821" timestamp="2019-06-17T04:32:07.894" intervalms="16.095">
  <response-info timems="0.067" idlems="0.067" threads="0" lastid="0000000002320700" lastname="main" />
</exclusive-start>
<allocation-taxation id="1822" taxation-threshold="12582912" timestamp="2019-06-17T04:32:07.894" intervalms="16.067" />
<cycle-start id="1823" type="global mark phase" contextid="0" timestamp="2019-06-17T04:32:07.894" intervalms="1088.096" />
<gc-start id="1824" type="global mark phase" contextid="1823" timestamp="2019-06-17T04:32:07.894">
  <mem-info id="1825" free="26214400" total="72351744" percent="36">
    <remembered-set count="3200" freebytes="2875264" totalbytes="2888064" percent="99" regionsoverflowed="0" regionsstable="16" regionsrebuilding="0"/>
  </mem-info>
</gc-start>
<gc-op id="1826" type="mark increment" timems="0.523" contextid="1823" timestamp="2019-06-17T04:32:07.895">
  <trace-info objectcount="181" scancount="0" scanbytes="0" />
</gc-op>
<gc-end id="1827" type="global mark phase" contextid="1823" durationms="0.711" usertimems="0.000" systemtimems="0.000" timestamp="2019-06-17T04:32:07.895" activeThreads="1">
  <mem-info id="1828" free="26214400" total="72351744" percent="36">
    <remembered-set count="3200" freebytes="2875264" totalbytes="2888064" percent="99" regionsoverflowed="0" regionsstable="0" regionsrebuilding="16"/>
  </mem-info>
</gc-end>
<concurrent-start id="1829" type="GMP work packet processing" contextid="1823" timestamp="2019-06-17T04:32:07.895">
  <concurrent-mark-start scanTarget="1691827" />
</concurrent-start>
<exclusive-end id="1830" timestamp="2019-06-17T04:32:07.895" durationms="1.378" />

<concurrent-end id="1831" type="GMP work packet processing" contextid="1823" timestamp="2019-06-17T04:32:07.897">
  <concurrent-mark-end bytesScanned="1773568" reasonForTermination="Work target met" />
</concurrent-end>

<exclusive-start id="1832" timestamp="2019-06-17T04:32:07.908" intervalms="14.646">
  <response-info timems="0.062" idlems="0.062" threads="0" lastid="0000000002320700" lastname="main" />
</exclusive-start>
<allocation-taxation id="1833" taxation-threshold="12582912" timestamp="2019-06-17T04:32:07.908" intervalms="14.735" />
<cycle-start id="1834" type="partial gc" contextid="0" timestamp="2019-06-17T04:32:07.909" intervalms="30.839" />
<gc-start id="1835" type="partial gc" contextid="1834" timestamp="2019-06-17T04:32:07.909">
  <mem-info id="1836" free="13631488" total="72351744" percent="18">
    <mem type="eden" free="1048288" total="26214400" percent="3" />
    <remembered-set count="19712" freebytes="2809216" totalbytes="2888064" percent="97" regionsoverflowed="0" regionsstable="0" regionsrebuilding="16"/>
  </mem-info>
</gc-start>
<allocation-stats totalBytes="25147520" >
  <allocated-bytes non-tlh="0" tlh="25147520" arrayletleaf="0"/>
  <largest-consumer threadName="main" threadId="0000000002320700" bytes="12573760" />
</allocation-stats>
<gc-op id="1837" type="copy forward" timems="1.665" contextid="1834" timestamp="2019-06-17T04:32:07.911">
  <memory-copied type="eden" objects="4" bytes="288" bytesdiscarded="0" />
  <memory-copied type="other" objects="37" bytes="968" bytesdiscarded="160" />
  <memory-cardclean objects="58" bytes="10360" />
  <regions eden="24" other="2" />
  <remembered-set-cleared processed="17292" cleared="40" durationms="0.156" />
  <references type="weak" candidates="4" cleared="0" enqueued="0" />
  <stringconstants candidates="13755" cleared="0"  />
</gc-op>
<gc-op id="1838" type="classunload" timems="0.004" contextid="1834" timestamp="2019-06-17T04:32:07.911">
  <classunload-info classloadercandidates="54" classloadersunloaded="0" classesunloaded="0" anonymousclassesunloaded="0" quiescems="0.000" setupms="0.004" scanms="0.000" postms="0.000" />
</gc-op>
<heap-resize id="1839" type="expand" space="default" amount="11534336" count="1" timems="0.081" reason="excessive time being spent in gc" timestamp="2019-06-17T04:32:07.912" />
<gc-end id="1840" type="partial gc" contextid="1834" durationms="2.955" usertimems="4.000" systemtimems="0.000" timestamp="2019-06-17T04:32:07.912" activeThreads="4">
  <mem-info id="1841" free="50331648" total="83886080" percent="60">
    <mem type="eden" free="1048288" total="1048576" percent="99" />
    <remembered-set count="19232" freebytes="3271552" totalbytes="3348480" percent="97" regionsoverflowed="0" regionsstable="0" regionsrebuilding="16"/>
  </mem-info>
</gc-end>
<cycle-end id="1842" type="partial gc" contextid="1834" timestamp="2019-06-17T04:32:07.912" />
  <attribute name="elasticGC enabled" value="1" />
  <attribute name= "numThreadsSpecified" value="4" />
  <attribute name="heapSize specified" value="0" />
  <attribute name="Current GC Util" value="62" />
  <attribute name= "Current Time Running" value="57347" />
  <attribute name ="GC Interval" value="0" />
  <attribute name="ProportionalT" value="63.000000" />
  <attribute name="ProportionalI" value="63.000000" />
  <attribute name="ProportionalH" value="63.000000" />
  <attribute name="Current Error" value="42.000000" />
  <attribute name="IntegralT" value="42.000000" />
  <attribute name="IntegralI" value="42.000000" />
  <attribute name="IntegralH" value="42.000000" />
  <attribute name="DerivativeT" value="49.500000" />
  <attribute name="DerivativeI" value="49.500000" />
  <attribute name="DerivativeH" value="49.500000" />
  <attribute name="Loop Time for DT" value="1.000000" />
  <attribute name="Output H" value="8388608"/>
  <attribute name="Output I" value="200"/>
  <attribute name="Output T" value="4"/>
  <attribute name="Target GC Util Change" value ="20.000000" />
  <attribute name="Current GC Util Change" value="62.000000"/>
  <attribute name="GC Util currently" value="62" />
  <attribute name="CPU Util currently" value="18962758537833" />
<exclusive-end id="1843" timestamp="2019-06-17T04:32:07.912" durationms="4.131" />

<exclusive-start id="1844" timestamp="2019-06-17T04:32:07.924" intervalms="15.704">
  <response-info timems="0.205" idlems="0.205" threads="0" lastid="0000000002320700" lastname="main" />
</exclusive-start>
<allocation-taxation id="1845" taxation-threshold="13631488" timestamp="2019-06-17T04:32:07.924" intervalms="15.652" />
<gc-start id="1846" type="global mark phase" contextid="1823" timestamp="2019-06-17T04:32:07.924">
  <mem-info id="1847" free="36700160" total="83886080" percent="43">
    <remembered-set count="18976" freebytes="3272576" totalbytes="3348480" percent="97" regionsoverflowed="0" regionsstable="0" regionsrebuilding="16"/>
  </mem-info>
</gc-start>
<gc-end id="1848" type="global mark phase" contextid="1823" durationms="0.195" usertimems="0.000" systemtimems="0.000" timestamp="2019-06-17T04:32:07.925" activeThreads="4">
  <mem-info id="1849" free="36700160" total="83886080" percent="43">
    <remembered-set count="18976" freebytes="3272576" totalbytes="3348480" percent="97" regionsoverflowed="0" regionsstable="0" regionsrebuilding="16"/>
  </mem-info>
</gc-end>
<concurrent-start id="1850" type="GMP work packet processing" contextid="1823" timestamp="2019-06-17T04:32:07.925">
  <concurrent-mark-start scanTarget="2255769" />
</concurrent-start>
<concurrent-end id="1851" type="GMP work packet processing" contextid="1823" timestamp="2019-06-17T04:32:07.926">
  <concurrent-mark-end bytesScanned="2297536" reasonForTermination="Work target met" />
</concurrent-end>

<exclusive-end id="1852" timestamp="2019-06-17T04:32:07.926" durationms="2.437" />

<exclusive-start id="1853" timestamp="2019-06-17T04:32:08.024" intervalms="100.286">
  <response-info timems="0.106" idlems="0.106" threads="0" lastid="0000000002320700" lastname="main" />
</exclusive-start>
<allocation-taxation id="1854" taxation-threshold="13631488" timestamp="2019-06-17T04:32:08.024" intervalms="100.280" />
<cycle-start id="1855" type="partial gc" contextid="0" timestamp="2019-06-17T04:32:08.024" intervalms="115.853" />
<gc-start id="1856" type="partial gc" contextid="1855" timestamp="2019-06-17T04:32:08.025">
  <mem-info id="1857" free="23068672" total="83886080" percent="27">
    <mem type="eden" free="0" total="27262976" percent="0" />
    <remembered-set count="37376" freebytes="3198976" totalbytes="3348480" percent="95" regionsoverflowed="0" regionsstable="0" regionsrebuilding="16"/>
  </mem-info>
</gc-start>
<allocation-stats totalBytes="27236192" >
  <allocated-bytes non-tlh="25864" tlh="27210328" arrayletleaf="0"/>
  <largest-consumer threadName="main" threadId="0000000002320700" bytes="13614624" />
</allocation-stats>
<gc-op id="1858" type="copy forward" timems="1.688" contextid="1855" timestamp="2019-06-17T04:32:08.027">
  <memory-copied type="eden" objects="1345" bytes="103192" bytesdiscarded="0" />
  <memory-copied type="other" objects="0" bytes="0" bytesdiscarded="0" />
  <memory-cardclean objects="320" bytes="23192" />
  <regions eden="26" other="1" />
  <remembered-set-cleared processed="34803" cleared="166" durationms="0.356" />
  <references type="soft" candidates="9" cleared="0" enqueued="0" dynamicThreshold="14" maxThreshold="32" />
  <references type="weak" candidates="62" cleared="0" enqueued="0" />
  <stringconstants candidates="13797" cleared="0"  />
</gc-op>
<gc-op id="1859" type="classunload" timems="0.004" contextid="1855" timestamp="2019-06-17T04:32:08.027">
  <classunload-info classloadercandidates="54" classloadersunloaded="0" classesunloaded="0" anonymousclassesunloaded="0" quiescems="0.000" setupms="0.004" scanms="0.000" postms="0.000" />
</gc-op>
<gc-end id="1860" type="partial gc" contextid="1855" durationms="2.762" usertimems="0.000" systemtimems="4.000" timestamp="2019-06-17T04:32:08.027" activeThreads="1">
  <mem-info id="1861" free="50331648" total="83886080" percent="60">
    <mem type="eden" free="945344" total="1048576" percent="90" />
    <remembered-set count="37536" freebytes="3198336" totalbytes="3348480" percent="95" regionsoverflowed="0" regionsstable="0" regionsrebuilding="16"/>
  </mem-info>
</gc-end>
<cycle-end id="1862" type="partial gc" contextid="1855" timestamp="2019-06-17T04:32:08.028" />
  <attribute name="elasticGC enabled" value="1" />
  <attribute name= "numThreadsSpecified" value="1" />
  <attribute name="heapSize specified" value="0" />
  <attribute name="Current GC Util" value="65" />
  <attribute name= "Current Time Running" value="57462" />
  <attribute name ="GC Interval" value="0" />
  <attribute name="ProportionalT" value="67.500000" />
  <attribute name="ProportionalI" value="67.500000" />
  <attribute name="ProportionalH" value="67.500000" />
  <attribute name="Current Error" value="45.000000" />
  <attribute name="IntegralT" value="0.000000" />
  <attribute name="IntegralI" value="0.000000" />
  <attribute name="IntegralH" value="0.000000" />
  <attribute name="DerivativeT" value="inf" />
  <attribute name="DerivativeI" value="inf" />
  <attribute name="DerivativeH" value="inf" />
  <attribute name="Loop Time for DT" value="0.000000" />
  <attribute name="Output H" value="8388608"/>
  <attribute name="Output I" value="200"/>
  <attribute name="Output T" value="1"/>
  <attribute name="Target GC Util Change" value ="20.000000" />
  <attribute name="Current GC Util Change" value="65.000000"/>
  <attribute name="GC Util currently" value="65" />
  <attribute name="CPU Util currently" value="20005318288928" />
<exclusive-end id="1863" timestamp="2019-06-17T04:32:08.028" durationms="3.765" />

<exclusive-start id="1864" timestamp="2019-06-17T04:32:08.058" intervalms="33.397">
  <response-info timems="0.033" idlems="0.033" threads="0" lastid="0000000002320700" lastname="main" />
</exclusive-start>
<allocation-taxation id="1865" taxation-threshold="13631488" timestamp="2019-06-17T04:32:08.058" intervalms="33.452" />
<gc-start id="1866" type="global mark phase" contextid="1823" timestamp="2019-06-17T04:32:08.058">
  <mem-info id="1867" free="36700160" total="83886080" percent="43">
    <remembered-set count="37248" freebytes="3199488" totalbytes="3348480" percent="95" regionsoverflowed="0" regionsstable="0" regionsrebuilding="16"/>
  </mem-info>
</gc-start>
<gc-end id="1868" type="global mark phase" contextid="1823" durationms="0.141" usertimems="0.000" systemtimems="0.000" timestamp="2019-06-17T04:32:08.058" activeThreads="1">
  <mem-info id="1869" free="36700160" total="83886080" percent="43">
    <remembered-set count="37248" freebytes="3199488" totalbytes="3348480" percent="95" regionsoverflowed="0" regionsstable="0" regionsrebuilding="16"/>
  </mem-info>
</gc-end>
<concurrent-start id="1870" type="GMP work packet processing" contextid="1823" timestamp="2019-06-17T04:32:08.058">
  <concurrent-mark-start scanTarget="1048576" />
</concurrent-start>
<concurrent-end id="1871" type="GMP work packet processing" contextid="1823" timestamp="2019-06-17T04:32:08.059">
  <concurrent-mark-end bytesScanned="1088584" reasonForTermination="Work target met" />
</concurrent-end>

<exclusive-end id="1872" timestamp="2019-06-17T04:32:08.059" durationms="1.399" />

<exclusive-start id="1873" timestamp="2019-06-17T04:32:08.085" intervalms="27.830">
  <response-info timems="0.034" idlems="0.034" threads="0" lastid="0000000002320700" lastname="main" />
</exclusive-start>
<allocation-taxation id="1874" taxation-threshold="13631488" timestamp="2019-06-17T04:32:08.086" intervalms="27.753" />
<cycle-start id="1875" type="partial gc" contextid="0" timestamp="2019-06-17T04:32:08.086" intervalms="61.279" />
<gc-start id="1876" type="partial gc" contextid="1875" timestamp="2019-06-17T04:32:08.086">
  <mem-info id="1877" free="23068672" total="83886080" percent="27">
    <mem type="eden" free="0" total="27262976" percent="0" />
    <remembered-set count="44928" freebytes="3168768" totalbytes="3348480" percent="94" regionsoverflowed="0" regionsstable="0" regionsrebuilding="16"/>
  </mem-info>
</gc-start>
<allocation-stats totalBytes="27213800" >
  <allocated-bytes non-tlh="0" tlh="27213800" arrayletleaf="0"/>
  <largest-consumer threadName="main" threadId="0000000002320700" bytes="13606352" />
</allocation-stats>
<gc-op id="1878" type="copy forward" timems="1.875" contextid="1875" timestamp="2019-06-17T04:32:08.089">
  <memory-copied type="eden" objects="2" bytes="72" bytesdiscarded="0" />
  <memory-copied type="other" objects="1341" bytes="101096" bytesdiscarded="0" />
  <memory-cardclean objects="148" bytes="17280" />
  <regions eden="26" other="1" />
  <remembered-set-cleared processed="42373" cleared="199" durationms="0.409" />
  <references type="soft" candidates="9" cleared="0" enqueued="0" dynamicThreshold="14" maxThreshold="32" />
  <references type="weak" candidates="62" cleared="0" enqueued="0" />
  <stringconstants candidates="13797" cleared="0"  />
</gc-op>
<gc-op id="1879" type="classunload" timems="0.004" contextid="1875" timestamp="2019-06-17T04:32:08.089">
  <classunload-info classloadercandidates="54" classloadersunloaded="0" classesunloaded="0" anonymousclassesunloaded="0" quiescems="0.000" setupms="0.003" scanms="0.000" postms="0.000" />
</gc-op>
<heap-resize id="1880" type="contract" space="default" amount="4194304" count="1" timems="0.062" reason="insufficient time being spent in gc" timestamp="2019-06-17T04:32:08.089" />
<gc-end id="1881" type="partial gc" contextid="1875" durationms="3.292" usertimems="4.000" systemtimems="0.000" timestamp="2019-06-17T04:32:08.089" activeThreads="1">
  <mem-info id="1882" free="45088768" total="79691776" percent="56">
    <mem type="eden" free="1048504" total="1048576" percent="99" />
    <remembered-set count="45184" freebytes="3167744" totalbytes="3348480" percent="94" regionsoverflowed="0" regionsstable="0" regionsrebuilding="16"/>
  </mem-info>
</gc-end>
<cycle-end id="1883" type="partial gc" contextid="1875" timestamp="2019-06-17T04:32:08.090" />
  <attribute name="elasticGC enabled" value="1" />
  <attribute name= "numThreadsSpecified" value="1" />
  <attribute name="heapSize specified" value="0" />
  <attribute name="Current GC Util" value="66" />
  <attribute name= "Current Time Running" value="57524" />
  <attribute name ="GC Interval" value="0" />
  <attribute name="ProportionalT" value="69.000000" />
  <attribute name="ProportionalI" value="69.000000" />
  <attribute name="ProportionalH" value="69.000000" />
  <attribute name="Current Error" value="46.000000" />
  <attribute name="IntegralT" value="0.000000" />
  <attribute name="IntegralI" value="0.000000" />
  <attribute name="IntegralH" value="0.000000" />
  <attribute name="DerivativeT" value="inf" />
  <attribute name="DerivativeI" value="inf" />
  <attribute name="DerivativeH" value="inf" />
  <attribute name="Loop Time for DT" value="0.000000" />
  <attribute name="Output H" value="8388608"/>
  <attribute name="Output I" value="200"/>
  <attribute name="Output T" value="1"/>
  <attribute name="Target GC Util Change" value ="20.000000" />
  <attribute name="Current GC Util Change" value="66.000000"/>
  <attribute name="GC Util currently" value="66" />
  <attribute name="CPU Util currently" value="17521137309448" />
<exclusive-end id="1884" timestamp="2019-06-17T04:32:08.090" durationms="4.419" />

<exclusive-start id="1885" timestamp="2019-06-17T04:32:08.112" intervalms="26.589">
  <response-info timems="0.063" idlems="0.063" threads="0" lastid="0000000002320700" lastname="main" />
</exclusive-start>
<allocation-taxation id="1886" taxation-threshold="12582912" timestamp="2019-06-17T04:32:08.112" intervalms="26.633" />
<gc-start id="1887" type="global mark phase" contextid="1823" timestamp="2019-06-17T04:32:08.112">
  <mem-info id="1888" free="32505856" total="79691776" percent="40">
    <remembered-set count="44928" freebytes="3168768" totalbytes="3348480" percent="94" regionsoverflowed="0" regionsstable="0" regionsrebuilding="16"/>
  </mem-info>
</gc-start>
<gc-end id="1889" type="global mark phase" contextid="1823" durationms="0.064" usertimems="0.000" systemtimems="0.000" timestamp="2019-06-17T04:32:08.112" activeThreads="1">
  <mem-info id="1890" free="32505856" total="79691776" percent="40">
    <remembered-set count="44928" freebytes="3168768" totalbytes="3348480" percent="94" regionsoverflowed="0" regionsstable="0" regionsrebuilding="16"/>
  </mem-info>
</gc-end>
<concurrent-start id="1891" type="GMP work packet processing" contextid="1823" timestamp="2019-06-17T04:32:08.113">
  <concurrent-mark-start scanTarget="1048576" />
</concurrent-start>
<concurrent-end id="1892" type="GMP work packet processing" contextid="1823" timestamp="2019-06-17T04:32:08.113">
  <concurrent-mark-end bytesScanned="1086220" reasonForTermination="Work target met" />
</concurrent-end>

<exclusive-end id="1893" timestamp="2019-06-17T04:32:08.113" durationms="1.313" />

<exclusive-start id="1894" timestamp="2019-06-17T04:32:08.135" intervalms="22.936">
  <response-info timems="0.069" idlems="0.069" threads="0" lastid="0000000002320700" lastname="main" />
</exclusive-start>
<allocation-taxation id="1895" taxation-threshold="12582912" timestamp="2019-06-17T04:32:08.135" intervalms="22.863" />
<cycle-start id="1896" type="partial gc" contextid="0" timestamp="2019-06-17T04:32:08.135" intervalms="49.454" />
<gc-start id="1897" type="partial gc" contextid="1896" timestamp="2019-06-17T04:32:08.135">
  <mem-info id="1898" free="19922944" total="79691776" percent="25">
    <mem type="eden" free="1048504" total="26214400" percent="3" />
    <remembered-set count="53216" freebytes="3135616" totalbytes="3348480" percent="93" regionsoverflowed="0" regionsstable="0" regionsrebuilding="16"/>
  </mem-info>
</gc-start>
<allocation-stats totalBytes="25123896" >
  <allocated-bytes non-tlh="0" tlh="25123896" arrayletleaf="0"/>
  <largest-consumer threadName="main" threadId="0000000002320700" bytes="12562200" />
</allocation-stats>
<gc-op id="1899" type="copy forward" timems="7.340" contextid="1896" timestamp="2019-06-17T04:32:08.144">
  <memory-copied type="eden" objects="3" bytes="1088" bytesdiscarded="0" />
  <memory-copied type="other" objects="0" bytes="0" bytesdiscarded="0" />
  <memory-cardclean objects="108320" bytes="3712448" />
  <regions eden="24" other="1" />
  <remembered-set-cleared processed="18468" cleared="6874" durationms="0.329" />
  <stringconstants candidates="13797" cleared="0"  />
</gc-op>
<gc-op id="1900" type="classunload" timems="0.004" contextid="1896" timestamp="2019-06-17T04:32:08.144">
  <classunload-info classloadercandidates="54" classloadersunloaded="0" classesunloaded="0" anonymousclassesunloaded="0" quiescems="0.000" setupms="0.004" scanms="0.000" postms="0.000" />
</gc-op>
<gc-end id="1901" type="partial gc" contextid="1896" durationms="8.708" usertimems="8.000" systemtimems="0.000" timestamp="2019-06-17T04:32:08.144" activeThreads="1">
  <mem-info id="1902" free="45088768" total="79691776" percent="56">
    <mem type="eden" free="1047488" total="1048576" percent="99" />
    <remembered-set count="31488" freebytes="3055104" totalbytes="3181056" percent="96" regionsoverflowed="0" regionsstable="0" regionsrebuilding="16"/>
  </mem-info>
</gc-end>
<cycle-end id="1903" type="partial gc" contextid="1896" timestamp="2019-06-17T04:32:08.144" />
  <attribute name="elasticGC enabled" value="1" />
  <attribute name= "numThreadsSpecified" value="1" />
  <attribute name="heapSize specified" value="0" />
  <attribute name="Current GC Util" value="54" />
  <attribute name= "Current Time Running" value="57573" />
  <attribute name ="GC Interval" value="0" />
  <attribute name="ProportionalT" value="51.000000" />
  <attribute name="ProportionalI" value="51.000000" />
  <attribute name="ProportionalH" value="51.000000" />
  <attribute name="Current Error" value="34.000000" />
  <attribute name="IntegralT" value="0.000000" />
  <attribute name="IntegralI" value="0.000000" />
  <attribute name="IntegralH" value="0.000000" />
  <attribute name="DerivativeT" value="inf" />
  <attribute name="DerivativeI" value="inf" />
  <attribute name="DerivativeH" value="inf" />
  <attribute name="Loop Time for DT" value="0.000000" />
  <attribute name="Output H" value="8388608"/>
  <attribute name="Output I" value="200"/>
  <attribute name="Output T" value="1"/>
  <attribute name="Target GC Util Change" value ="20.000000" />
  <attribute name="Current GC Util Change" value="54.000000"/>
  <attribute name="GC Util currently" value="54" />
  <attribute name="CPU Util currently" value="9411162308061" />
<exclusive-end id="1904" timestamp="2019-06-17T04:32:08.145" durationms="9.721" />

<exclusive-start id="1905" timestamp="2019-06-17T04:32:08.223" intervalms="87.631">
  <response-info timems="0.038" idlems="0.038" threads="0" lastid="0000000002320700" lastname="main" />
</exclusive-start>
<allocation-taxation id="1906" taxation-threshold="12582912" timestamp="2019-06-17T04:32:08.223" intervalms="87.768" />
<gc-start id="1907" type="global mark phase" contextid="1823" timestamp="2019-06-17T04:32:08.223">
  <mem-info id="1908" free="32505856" total="79691776" percent="40">
    <remembered-set count="31232" freebytes="3056128" totalbytes="3181056" percent="96" regionsoverflowed="0" regionsstable="0" regionsrebuilding="16"/>
  </mem-info>
</gc-start>
<gc-end id="1909" type="global mark phase" contextid="1823" durationms="0.140" usertimems="0.000" systemtimems="0.000" timestamp="2019-06-17T04:32:08.223" activeThreads="1">
  <mem-info id="1910" free="32505856" total="79691776" percent="40">
    <remembered-set count="31232" freebytes="3056128" totalbytes="3181056" percent="96" regionsoverflowed="0" regionsstable="0" regionsrebuilding="16"/>
  </mem-info>
</gc-end>
<concurrent-start id="1911" type="GMP work packet processing" contextid="1823" timestamp="2019-06-17T04:32:08.223">
  <concurrent-mark-start scanTarget="1048576" />
</concurrent-start>
<concurrent-end id="1912" type="GMP work packet processing" contextid="1823" timestamp="2019-06-17T04:32:08.224">
  <concurrent-mark-end bytesScanned="1104844" reasonForTermination="Work target met" />
</concurrent-end>

<exclusive-end id="1913" timestamp="2019-06-17T04:32:08.224" durationms="1.584" />

<exclusive-start id="1914" timestamp="2019-06-17T04:32:08.330" intervalms="107.469">
  <response-info timems="0.150" idlems="0.150" threads="0" lastid="0000000002320700" lastname="main" />
</exclusive-start>
<allocation-taxation id="1915" taxation-threshold="12582912" timestamp="2019-06-17T04:32:08.330" intervalms="107.483" />
<cycle-start id="1916" type="partial gc" contextid="0" timestamp="2019-06-17T04:32:08.331" intervalms="195.402" />
<gc-start id="1917" type="partial gc" contextid="1916" timestamp="2019-06-17T04:32:08.331">
  <mem-info id="1918" free="19922944" total="79691776" percent="25">
    <mem type="eden" free="1047488" total="26214400" percent="3" />
    <remembered-set count="41216" freebytes="3016192" totalbytes="3181056" percent="94" regionsoverflowed="0" regionsstable="0" regionsrebuilding="16"/>
  </mem-info>
</gc-start>
<allocation-stats totalBytes="25149080" >
  <allocated-bytes non-tlh="0" tlh="25149080" arrayletleaf="0"/>
  <largest-consumer threadName="main" threadId="0000000002320700" bytes="12581744" />
</allocation-stats>
<gc-op id="1919" type="copy forward" timems="1.762" contextid="1916" timestamp="2019-06-17T04:32:08.334">
  <memory-copied type="eden" objects="45" bytes="1384" bytesdiscarded="2096" />
  <memory-copied type="other" objects="0" bytes="0" bytesdiscarded="0" />
  <memory-cardclean objects="119" bytes="12480" />
  <regions eden="24" other="1" />
  <remembered-set-cleared processed="39711" cleared="57" durationms="0.187" />
  <references type="weak" candidates="18" cleared="0" enqueued="0" />
  <stringconstants candidates="13797" cleared="0"  />
</gc-op>
<gc-op id="1920" type="classunload" timems="0.005" contextid="1916" timestamp="2019-06-17T04:32:08.334">
  <classunload-info classloadercandidates="54" classloadersunloaded="0" classesunloaded="0" anonymousclassesunloaded="0" quiescems="0.000" setupms="0.005" scanms="0.000" postms="0.000" />
</gc-op>
<gc-end id="1921" type="partial gc" contextid="1916" durationms="2.896" usertimems="0.000" systemtimems="8.000" timestamp="2019-06-17T04:32:08.334" activeThreads="4">
  <mem-info id="1922" free="45088768" total="79691776" percent="56">
    <mem type="eden" free="1045096" total="1048576" percent="99" />
    <remembered-set count="43136" freebytes="3008512" totalbytes="3181056" percent="94" regionsoverflowed="0" regionsstable="0" regionsrebuilding="16"/>
  </mem-info>
</gc-end>
<cycle-end id="1923" type="partial gc" contextid="1916" timestamp="2019-06-17T04:32:08.334" />
  <attribute name="elasticGC enabled" value="1" />
  <attribute name= "numThreadsSpecified" value="4" />
  <attribute name="heapSize specified" value="0" />
  <attribute name="Current GC Util" value="63" />
  <attribute name= "Current Time Running" value="57769" />
  <attribute name ="GC Interval" value="0" />
  <attribute name="ProportionalT" value="64.500000" />
  <attribute name="ProportionalI" value="64.500000" />
  <attribute name="ProportionalH" value="64.500000" />
  <attribute name="Current Error" value="43.000000" />
  <attribute name="IntegralT" value="43.000000" />
  <attribute name="IntegralI" value="43.000000" />
  <attribute name="IntegralH" value="43.000000" />
  <attribute name="DerivativeT" value="64.500000" />
  <attribute name="DerivativeI" value="64.500000" />
  <attribute name="DerivativeH" value="64.500000" />
  <attribute name="Loop Time for DT" value="1.000000" />
  <attribute name="Output H" value="8388608"/>
  <attribute name="Output I" value="200"/>
  <attribute name="Output T" value="4"/>
  <attribute name="Target GC Util Change" value ="20.000000" />
  <attribute name="Current GC Util Change" value="63.000000"/>
  <attribute name="GC Util currently" value="63" />
  <attribute name="CPU Util currently" value="15379514996781" />
<exclusive-end id="1924" timestamp="2019-06-17T04:32:08.334" durationms="4.194" />

<exclusive-start id="1925" timestamp="2019-06-17T04:32:08.523" intervalms="193.113">
  <response-info timems="0.035" idlems="0.035" threads="0" lastid="0000000002320700" lastname="main" />
</exclusive-start>
<allocation-taxation id="1926" taxation-threshold="12582912" timestamp="2019-06-17T04:32:08.523" intervalms="193.009" />
<gc-start id="1927" type="global mark phase" contextid="1823" timestamp="2019-06-17T04:32:08.523">
  <mem-info id="1928" free="32505856" total="79691776" percent="40">
    <remembered-set count="42656" freebytes="3010432" totalbytes="3181056" percent="94" regionsoverflowed="0" regionsstable="0" regionsrebuilding="16"/>
  </mem-info>
</gc-start>
<gc-end id="1929" type="global mark phase" contextid="1823" durationms="0.099" usertimems="0.000" systemtimems="0.000" timestamp="2019-06-17T04:32:08.524" activeThreads="4">
  <mem-info id="1930" free="32505856" total="79691776" percent="40">
    <remembered-set count="42656" freebytes="3010432" totalbytes="3181056" percent="94" regionsoverflowed="0" regionsstable="0" regionsrebuilding="16"/>
  </mem-info>
</gc-end>
<concurrent-start id="1931" type="GMP work packet processing" contextid="1823" timestamp="2019-06-17T04:32:08.524">
  <concurrent-mark-start scanTarget="2255769" />
</concurrent-start>
<concurrent-end id="1932" type="GMP work packet processing" contextid="1823" timestamp="2019-06-17T04:32:08.525">
  <concurrent-mark-end bytesScanned="2310884" reasonForTermination="Work target met" />
</concurrent-end>

<exclusive-end id="1933" timestamp="2019-06-17T04:32:08.525" durationms="1.952" />

<exclusive-start id="1934" timestamp="2019-06-17T04:32:08.609" intervalms="85.399">
  <response-info timems="0.035" idlems="0.035" threads="0" lastid="0000000002320700" lastname="main" />
</exclusive-start>
<allocation-taxation id="1935" taxation-threshold="12582912" timestamp="2019-06-17T04:32:08.609" intervalms="85.389" />
<cycle-start id="1936" type="partial gc" contextid="0" timestamp="2019-06-17T04:32:08.609" intervalms="278.256" />
<gc-start id="1937" type="partial gc" contextid="1936" timestamp="2019-06-17T04:32:08.609">
  <mem-info id="1938" free="19922944" total="79691776" percent="25">
    <mem type="eden" free="0" total="25165824" percent="0" />
    <remembered-set count="63072" freebytes="2928768" totalbytes="3181056" percent="92" regionsoverflowed="0" regionsstable="0" regionsrebuilding="16"/>
  </mem-info>
</gc-start>
<allocation-stats totalBytes="25161496" >
  <allocated-bytes non-tlh="0" tlh="25161496" arrayletleaf="0"/>
  <largest-consumer threadName="main" threadId="0000000002320700" bytes="12580688" />
</allocation-stats>
<gc-op id="1939" type="copy forward" timems="1.539" contextid="1936" timestamp="2019-06-17T04:32:08.611">
  <memory-copied type="eden" objects="44" bytes="1544" bytesdiscarded="0" />
  <memory-copied type="other" objects="26" bytes="760" bytesdiscarded="0" />
  <memory-cardclean objects="124" bytes="12560" />
  <regions eden="24" other="1" />
  <remembered-set-cleared processed="60535" cleared="79" durationms="0.490" />
  <references type="weak" candidates="34" cleared="0" enqueued="0" />
  <stringconstants candidates="13797" cleared="0"  />
</gc-op>
<gc-op id="1940" type="classunload" timems="0.004" contextid="1936" timestamp="2019-06-17T04:32:08.612">
  <classunload-info classloadercandidates="54" classloadersunloaded="0" classesunloaded="0" anonymousclassesunloaded="0" quiescems="0.000" setupms="0.004" scanms="0.000" postms="0.000" />
</gc-op>
<heap-resize id="1941" type="contract" space="default" amount="4194304" count="1" timems="0.054" reason="insufficient time being spent in gc" timestamp="2019-06-17T04:32:08.612" />
<gc-end id="1942" type="partial gc" contextid="1936" durationms="2.749" usertimems="0.000" systemtimems="4.000" timestamp="2019-06-17T04:32:08.612" activeThreads="1">
  <mem-info id="1943" free="39845888" total="75497472" percent="52">
    <mem type="eden" free="1047032" total="1048576" percent="99" />
    <remembered-set count="63264" freebytes="2928000" totalbytes="3181056" percent="92" regionsoverflowed="0" regionsstable="0" regionsrebuilding="16"/>
  </mem-info>
</gc-end>
<cycle-end id="1944" type="partial gc" contextid="1936" timestamp="2019-06-17T04:32:08.612" />
  <attribute name="elasticGC enabled" value="1" />
  <attribute name= "numThreadsSpecified" value="1" />
  <attribute name="heapSize specified" value="0" />
  <attribute name="Current GC Util" value="53" />
  <attribute name= "Current Time Running" value="58047" />
  <attribute name ="GC Interval" value="0" />
  <attribute name="ProportionalT" value="49.500000" />
  <attribute name="ProportionalI" value="49.500000" />
  <attribute name="ProportionalH" value="49.500000" />
  <attribute name="Current Error" value="33.000000" />
  <attribute name="IntegralT" value="0.000000" />
  <attribute name="IntegralI" value="0.000000" />
  <attribute name="IntegralH" value="0.000000" />
  <attribute name="DerivativeT" value="inf" />
  <attribute name="DerivativeI" value="inf" />
  <attribute name="DerivativeH" value="inf" />
  <attribute name="Loop Time for DT" value="0.000000" />
  <attribute name="Output H" value="8388608"/>
  <attribute name="Output I" value="200"/>
  <attribute name="Output T" value="1"/>
  <attribute name="Target GC Util Change" value ="20.000000" />
  <attribute name="Current GC Util Change" value="53.000000"/>
  <attribute name="GC Util currently" value="53" />
  <attribute name="CPU Util currently" value="17699268443925" />
<exclusive-end id="1945" timestamp="2019-06-17T04:32:08.612" durationms="3.649" />

<exclusive-start id="1946" timestamp="2019-06-17T04:32:08.662" intervalms="53.723">
  <response-info timems="0.071" idlems="0.071" threads="0" lastid="0000000002320700" lastname="main" />
</exclusive-start>
<allocation-taxation id="1947" taxation-threshold="12582912" timestamp="2019-06-17T04:32:08.662" intervalms="53.735" />
<gc-start id="1948" type="global mark phase" contextid="1823" timestamp="2019-06-17T04:32:08.663">
  <mem-info id="1949" free="27262976" total="75497472" percent="36">
    <remembered-set count="62848" freebytes="2929664" totalbytes="3181056" percent="92" regionsoverflowed="0" regionsstable="0" regionsrebuilding="16"/>
  </mem-info>
</gc-start>
<gc-end id="1950" type="global mark phase" contextid="1823" durationms="0.102" usertimems="0.000" systemtimems="0.000" timestamp="2019-06-17T04:32:08.663" activeThreads="1">
  <mem-info id="1951" free="27262976" total="75497472" percent="36">
    <remembered-set count="62848" freebytes="2929664" totalbytes="3181056" percent="92" regionsoverflowed="0" regionsstable="0" regionsrebuilding="16"/>
  </mem-info>
</gc-end>
<concurrent-start id="1952" type="GMP work packet processing" contextid="1823" timestamp="2019-06-17T04:32:08.663">
  <concurrent-mark-start scanTarget="1048576" />
</concurrent-start>
<concurrent-end id="1953" type="GMP work packet processing" contextid="1823" timestamp="2019-06-17T04:32:08.664">
  <concurrent-mark-end bytesScanned="1094920" reasonForTermination="Work target met" />
</concurrent-end>

<exclusive-end id="1954" timestamp="2019-06-17T04:32:08.664" durationms="1.549" />

<exclusive-start id="1955" timestamp="2019-06-17T04:32:08.700" intervalms="37.327">
  <response-info timems="0.062" idlems="0.062" threads="0" lastid="0000000002320700" lastname="main" />
</exclusive-start>
<allocation-taxation id="1956" taxation-threshold="12582912" timestamp="2019-06-17T04:32:08.700" intervalms="37.318" />
<cycle-start id="1957" type="partial gc" contextid="0" timestamp="2019-06-17T04:32:08.700" intervalms="91.054" />
<gc-start id="1958" type="partial gc" contextid="1957" timestamp="2019-06-17T04:32:08.700">
  <mem-info id="1959" free="14680064" total="75497472" percent="19">
    <mem type="eden" free="0" total="25165824" percent="0" />
    <remembered-set count="71520" freebytes="2894976" totalbytes="3181056" percent="91" regionsoverflowed="0" regionsstable="0" regionsrebuilding="16"/>
  </mem-info>
</gc-start>
<allocation-stats totalBytes="25160960" >
  <allocated-bytes non-tlh="0" tlh="25160960" arrayletleaf="0"/>
  <largest-consumer threadName="main" threadId="0000000002320700" bytes="12580552" />
</allocation-stats>
<gc-op id="1960" type="copy forward" timems="9.554" contextid="1957" timestamp="2019-06-17T04:32:08.711">
  <memory-copied type="eden" objects="4" bytes="200" bytesdiscarded="0" />
  <memory-copied type="other" objects="37" bytes="1200" bytesdiscarded="0" />
  <memory-cardclean objects="163884" bytes="5316648" />
  <regions eden="24" other="1" />
  <remembered-set-cleared processed="27713" cleared="6812" durationms="0.383" />
  <references type="weak" candidates="16" cleared="0" enqueued="0" />
  <stringconstants candidates="13797" cleared="0"  />
</gc-op>
<gc-op id="1961" type="classunload" timems="0.004" contextid="1957" timestamp="2019-06-17T04:32:08.711">
  <classunload-info classloadercandidates="54" classloadersunloaded="0" classesunloaded="0" anonymousclassesunloaded="0" quiescems="0.000" setupms="0.004" scanms="0.000" postms="0.000" />
</gc-op>
<heap-resize id="1962" type="contract" space="default" amount="4194304" count="1" timems="0.126" reason="insufficient time being spent in gc" timestamp="2019-06-17T04:32:08.711" />
<gc-end id="1963" type="partial gc" contextid="1957" durationms="11.402" usertimems="12.000" systemtimems="0.000" timestamp="2019-06-17T04:32:08.712" activeThreads="1">
  <mem-info id="1964" free="34603008" total="71303168" percent="48">
    <mem type="eden" free="1048376" total="1048576" percent="99" />
    <remembered-set count="54048" freebytes="2797440" totalbytes="3013632" percent="92" regionsoverflowed="0" regionsstable="0" regionsrebuilding="16"/>
  </mem-info>
</gc-end>
<cycle-end id="1965" type="partial gc" contextid="1957" timestamp="2019-06-17T04:32:08.712" />
  <attribute name="elasticGC enabled" value="1" />
  <attribute name= "numThreadsSpecified" value="1" />
  <attribute name="heapSize specified" value="0" />
  <attribute name="Current GC Util" value="62" />
  <attribute name= "Current Time Running" value="58138" />
  <attribute name ="GC Interval" value="0" />
  <attribute name="ProportionalT" value="63.000000" />
  <attribute name="ProportionalI" value="63.000000" />
  <attribute name="ProportionalH" value="63.000000" />
  <attribute name="Current Error" value="42.000000" />
  <attribute name="IntegralT" value="0.000000" />
  <attribute name="IntegralI" value="0.000000" />
  <attribute name="IntegralH" value="0.000000" />
  <attribute name="DerivativeT" value="inf" />
  <attribute name="DerivativeI" value="inf" />
  <attribute name="DerivativeH" value="inf" />
  <attribute name="Loop Time for DT" value="0.000000" />
  <attribute name="Output H" value="8388608"/>
  <attribute name="Output I" value="200"/>
  <attribute name="Output T" value="1"/>
  <attribute name="Target GC Util Change" value ="20.000000" />
  <attribute name="Current GC Util Change" value="62.000000"/>
  <attribute name="GC Util currently" value="62" />
  <attribute name="CPU Util currently" value="7526751798323" />
<exclusive-end id="1966" timestamp="2019-06-17T04:32:08.712" durationms="12.559" />

<exclusive-start id="1967" timestamp="2019-06-17T04:32:08.741" intervalms="41.262">
  <response-info timems="0.056" idlems="0.056" threads="0" lastid="0000000002320700" lastname="main" />
</exclusive-start>
<allocation-taxation id="1968" taxation-threshold="11534336" timestamp="2019-06-17T04:32:08.741" intervalms="41.254" />
<gc-start id="1969" type="global mark phase" contextid="1823" timestamp="2019-06-17T04:32:08.741">
  <mem-info id="1970" free="23068672" total="71303168" percent="32">
    <remembered-set count="53568" freebytes="2799360" totalbytes="3013632" percent="92" regionsoverflowed="0" regionsstable="0" regionsrebuilding="16"/>
  </mem-info>
</gc-start>
<gc-end id="1971" type="global mark phase" contextid="1823" durationms="0.193" usertimems="0.000" systemtimems="0.000" timestamp="2019-06-17T04:32:08.741" activeThreads="1">
  <mem-info id="1972" free="23068672" total="71303168" percent="32">
    <remembered-set count="53568" freebytes="2799360" totalbytes="3013632" percent="92" regionsoverflowed="0" regionsstable="0" regionsrebuilding="16"/>
  </mem-info>
</gc-end>
<concurrent-start id="1973" type="GMP work packet processing" contextid="1823" timestamp="2019-06-17T04:32:08.742">
  <concurrent-mark-start scanTarget="1048576" />
</concurrent-start>
<exclusive-end id="1974" timestamp="2019-06-17T04:32:08.742" durationms="1.609" />

<concurrent-end id="1975" type="GMP work packet processing" contextid="1823" timestamp="2019-06-17T04:32:08.743">
  <concurrent-mark-end bytesScanned="1090184" reasonForTermination="Work target met" />
</concurrent-end>

<exclusive-start id="1976" timestamp="2019-06-17T04:32:08.771" intervalms="30.484">
  <response-info timems="0.058" idlems="0.058" threads="0" lastid="0000000002320700" lastname="main" />
</exclusive-start>
<allocation-taxation id="1977" taxation-threshold="11534336" timestamp="2019-06-17T04:32:08.771" intervalms="30.436" />
<cycle-start id="1978" type="partial gc" contextid="0" timestamp="2019-06-17T04:32:08.772" intervalms="71.742" />
<gc-start id="1979" type="partial gc" contextid="1978" timestamp="2019-06-17T04:32:08.772">
  <mem-info id="1980" free="11534336" total="71303168" percent="16">
    <mem type="eden" free="1048376" total="24117248" percent="4" />
    <remembered-set count="65120" freebytes="2753152" totalbytes="3013632" percent="91" regionsoverflowed="0" regionsstable="0" regionsrebuilding="16"/>
  </mem-info>
</gc-start>
<allocation-stats totalBytes="23064080" >
  <allocated-bytes non-tlh="0" tlh="23064080" arrayletleaf="0"/>
  <largest-consumer threadName="main" threadId="0000000002320700" bytes="11532072" />
</allocation-stats>
<gc-op id="1981" type="copy forward" timems="3.767" contextid="1978" timestamp="2019-06-17T04:32:08.777">
  <memory-copied type="eden" objects="5" bytes="240" bytesdiscarded="0" />
  <memory-copied type="other" objects="0" bytes="0" bytesdiscarded="0" />
  <memory-cardclean objects="155024" bytes="5239080" />
  <regions eden="22" other="1" />
  <remembered-set-cleared processed="31354" cleared="8783" durationms="0.196" />
  <stringconstants candidates="13797" cleared="0"  />
</gc-op>
<gc-op id="1982" type="classunload" timems="0.005" contextid="1978" timestamp="2019-06-17T04:32:08.777">
  <classunload-info classloadercandidates="54" classloadersunloaded="0" classesunloaded="0" anonymousclassesunloaded="0" quiescems="0.000" setupms="0.004" scanms="0.000" postms="0.000" />
</gc-op>
<heap-resize id="1983" type="expand" space="default" amount="12582912" count="1" timems="0.082" reason="excessive time being spent in gc" timestamp="2019-06-17T04:32:08.777" />
<gc-end id="1984" type="partial gc" contextid="1978" durationms="5.300" usertimems="8.000" systemtimems="4.000" timestamp="2019-06-17T04:32:08.777" activeThreads="4">
  <mem-info id="1985" free="47185920" total="83886080" percent="56">
    <mem type="eden" free="1048336" total="1048576" percent="99" />
    <remembered-set count="54432" freebytes="3130752" totalbytes="3348480" percent="93" regionsoverflowed="0" regionsstable="0" regionsrebuilding="16"/>
  </mem-info>
</gc-end>
<cycle-end id="1986" type="partial gc" contextid="1978" timestamp="2019-06-17T04:32:08.777" />
  <attribute name="elasticGC enabled" value="1" />
  <attribute name= "numThreadsSpecified" value="4" />
  <attribute name="heapSize specified" value="0" />
  <attribute name="Current GC Util" value="65" />
  <attribute name= "Current Time Running" value="58210" />
  <attribute name ="GC Interval" value="0" />
  <attribute name="ProportionalT" value="67.500000" />
  <attribute name="ProportionalI" value="67.500000" />
  <attribute name="ProportionalH" value="67.500000" />
  <attribute name="Current Error" value="45.000000" />
  <attribute name="IntegralT" value="45.000000" />
  <attribute name="IntegralI" value="45.000000" />
  <attribute name="IntegralH" value="45.000000" />
  <attribute name="DerivativeT" value="67.500000" />
  <attribute name="DerivativeI" value="67.500000" />
  <attribute name="DerivativeH" value="67.500000" />
  <attribute name="Loop Time for DT" value="1.000000" />
  <attribute name="Output H" value="8388608"/>
  <attribute name="Output I" value="200"/>
  <attribute name="Output T" value="4"/>
  <attribute name="Target GC Util Change" value ="20.000000" />
  <attribute name="Current GC Util Change" value="65.000000"/>
  <attribute name="GC Util currently" value="65" />
  <attribute name="CPU Util currently" value="9379388725587" />
<exclusive-end id="1987" timestamp="2019-06-17T04:32:08.778" durationms="6.384" />

<exclusive-start id="1988" timestamp="2019-06-17T04:32:08.811" intervalms="39.970">
  <response-info timems="0.079" idlems="0.079" threads="0" lastid="0000000002320700" lastname="main" />
</exclusive-start>
<allocation-taxation id="1989" taxation-threshold="13631488" timestamp="2019-06-17T04:32:08.812" intervalms="40.045" />
<gc-start id="1990" type="global mark phase" contextid="1823" timestamp="2019-06-17T04:32:08.812">
  <mem-info id="1991" free="33554432" total="83886080" percent="40">
    <remembered-set count="54080" freebytes="3132160" totalbytes="3348480" percent="93" regionsoverflowed="0" regionsstable="0" regionsrebuilding="16"/>
  </mem-info>
</gc-start>
<gc-end id="1992" type="global mark phase" contextid="1823" durationms="0.182" usertimems="0.000" systemtimems="0.000" timestamp="2019-06-17T04:32:08.812" activeThreads="4">
  <mem-info id="1993" free="33554432" total="83886080" percent="40">
    <remembered-set count="54080" freebytes="3132160" totalbytes="3348480" percent="93" regionsoverflowed="0" regionsstable="0" regionsrebuilding="16"/>
  </mem-info>
</gc-end>
<concurrent-start id="1994" type="GMP work packet processing" contextid="1823" timestamp="2019-06-17T04:32:08.812">
  <concurrent-mark-start scanTarget="2255769" />
</concurrent-start>
<exclusive-end id="1995" timestamp="2019-06-17T04:32:08.812" durationms="0.899" />

<concurrent-end id="1996" type="GMP work packet processing" contextid="1823" timestamp="2019-06-17T04:32:08.813">
  <concurrent-mark-end bytesScanned="1755396" reasonForTermination="Completed all work in GC phase" />
</concurrent-end>

<exclusive-start id="1997" timestamp="2019-06-17T04:32:08.856" intervalms="44.226">
  <response-info timems="0.079" idlems="0.079" threads="0" lastid="0000000002320700" lastname="main" />
</exclusive-start>
<allocation-taxation id="1998" taxation-threshold="13631488" timestamp="2019-06-17T04:32:08.856" intervalms="44.162" />
<cycle-start id="1999" type="partial gc" contextid="0" timestamp="2019-06-17T04:32:08.856" intervalms="84.156" />
<gc-start id="2000" type="partial gc" contextid="1999" timestamp="2019-06-17T04:32:08.856">
  <mem-info id="2001" free="19922944" total="83886080" percent="23">
    <mem type="eden" free="1048336" total="28311552" percent="3" />
    <remembered-set count="79424" freebytes="3030784" totalbytes="3348480" percent="90" regionsoverflowed="0" regionsstable="0" regionsrebuilding="16"/>
  </mem-info>
</gc-start>
<allocation-stats totalBytes="27258016" >
  <allocated-bytes non-tlh="0" tlh="27258016" arrayletleaf="0"/>
  <largest-consumer threadName="main" threadId="0000000002320700" bytes="13628848" />
</allocation-stats>
<gc-op id="2002" type="copy forward" timems="1.614" contextid="1999" timestamp="2019-06-17T04:32:08.859">
  <memory-copied type="eden" objects="10" bytes="336" bytesdiscarded="0" />
  <memory-copied type="other" objects="0" bytes="0" bytesdiscarded="0" />
  <memory-cardclean objects="25" bytes="1064" />
  <regions eden="26" other="1" />
  <remembered-set-cleared processed="76814" cleared="16" durationms="0.624" />
  <stringconstants candidates="13797" cleared="0"  />
</gc-op>
<gc-op id="2003" type="classunload" timems="0.004" contextid="1999" timestamp="2019-06-17T04:32:08.859">
  <classunload-info classloadercandidates="54" classloadersunloaded="0" classesunloaded="0" anonymousclassesunloaded="0" quiescems="0.000" setupms="0.004" scanms="0.000" postms="0.000" />
</gc-op>
<gc-end id="2004" type="partial gc" contextid="1999" durationms="2.835" usertimems="4.000" systemtimems="0.000" timestamp="2019-06-17T04:32:08.859" activeThreads="1">
  <mem-info id="2005" free="47185920" total="83886080" percent="56">
    <mem type="eden" free="1048240" total="1048576" percent="99" />
    <remembered-set count="79904" freebytes="3028864" totalbytes="3348480" percent="90" regionsoverflowed="0" regionsstable="0" regionsrebuilding="16"/>
  </mem-info>
</gc-end>
<cycle-end id="2006" type="partial gc" contextid="1999" timestamp="2019-06-17T04:32:08.859" />
  <attribute name="elasticGC enabled" value="1" />
  <attribute name= "numThreadsSpecified" value="1" />
  <attribute name="heapSize specified" value="0" />
  <attribute name="Current GC Util" value="49" />
  <attribute name= "Current Time Running" value="58294" />
  <attribute name ="GC Interval" value="0" />
  <attribute name="ProportionalT" value="43.500000" />
  <attribute name="ProportionalI" value="43.500000" />
  <attribute name="ProportionalH" value="43.500000" />
  <attribute name="Current Error" value="29.000000" />
  <attribute name="IntegralT" value="0.000000" />
  <attribute name="IntegralI" value="0.000000" />
  <attribute name="IntegralH" value="0.000000" />
  <attribute name="DerivativeT" value="inf" />
  <attribute name="DerivativeI" value="inf" />
  <attribute name="DerivativeH" value="inf" />
  <attribute name="Loop Time for DT" value="0.000000" />
  <attribute name="Output H" value="8388608"/>
  <attribute name="Output I" value="200"/>
  <attribute name="Output T" value="1"/>
  <attribute name="Target GC Util Change" value ="20.000000" />
  <attribute name="Current GC Util Change" value="49.000000"/>
  <attribute name="GC Util currently" value="49" />
  <attribute name="CPU Util currently" value="16749302620628" />
<exclusive-end id="2007" timestamp="2019-06-17T04:32:08.859" durationms="3.871" />

<exclusive-start id="2008" timestamp="2019-06-17T04:32:08.887" intervalms="31.181">
  <response-info timems="0.086" idlems="0.086" threads="0" lastid="0000000002320700" lastname="main" />
</exclusive-start>
<allocation-taxation id="2009" taxation-threshold="13631488" timestamp="2019-06-17T04:32:08.887" intervalms="31.279" />
<gc-start id="2010" type="global mark phase" contextid="1823" timestamp="2019-06-17T04:32:08.887">
  <mem-info id="2011" free="33554432" total="83886080" percent="40">
    <remembered-set count="79456" freebytes="3030656" totalbytes="3348480" percent="90" regionsoverflowed="0" regionsstable="0" regionsrebuilding="16"/>
  </mem-info>
</gc-start>
<gc-op id="2012" type="mark increment" timems="5.396" contextid="1823" timestamp="2019-06-17T04:32:08.893">
  <trace-info objectcount="1470" scancount="986" scanbytes="375796" />
  <cardclean-info objects="348199" bytes="9019320" />
  <finalization candidates="79" enqueued="0" />
  <ownableSynchronizers candidates="23" cleared="0" />
  <references type="soft" candidates="4802" cleared="49" enqueued="48" dynamicThreshold="18" maxThreshold="32" />
  <references type="weak" candidates="5723" cleared="10" enqueued="7" />
  <references type="phantom" candidates="100" cleared="0" enqueued="0" />
  <stringconstants candidates="13797" cleared="0"  />
</gc-op>
<gc-op id="2013" type="classunload" timems="0.009" contextid="1823" timestamp="2019-06-17T04:32:08.893">
  <classunload-info classloadercandidates="54" classloadersunloaded="0" classesunloaded="0" anonymousclassesunloaded="0" quiescems="0.000" setupms="0.009" scanms="0.000" postms="0.000" />
</gc-op>
<gc-end id="2014" type="global mark phase" contextid="1823" durationms="5.984" usertimems="20.000" systemtimems="0.000" timestamp="2019-06-17T04:32:08.893" activeThreads="4">
  <mem-info id="2015" free="33554432" total="83886080" percent="40">
    <pending-finalizers system="0" default="0" reference="55" classloader="0" />
    <remembered-set count="120928" freebytes="2864768" totalbytes="3348480" percent="85" regionsoverflowed="0" regionsstable="0" regionsrebuilding="0"/>
  </mem-info>
</gc-end>
<cycle-end id="2016" type="global mark phase" contextid="1823" timestamp="2019-06-17T04:32:08.893" />
  <attribute name="elasticGC enabled" value="1" />
  <attribute name= "numThreadsSpecified" value="4" />
  <attribute name="heapSize specified" value="0" />
  <attribute name="Current GC Util" value="111" />
  <attribute name= "Current Time Running" value="58329" />
  <attribute name ="GC Interval" value="0" />
  <attribute name="ProportionalT" value="136.500000" />
  <attribute name="ProportionalI" value="136.500000" />
  <attribute name="ProportionalH" value="136.500000" />
  <attribute name="Current Error" value="91.000000" />
  <attribute name="IntegralT" value="91.000000" />
  <attribute name="IntegralI" value="91.000000" />
  <attribute name="IntegralH" value="91.000000" />
  <attribute name="DerivativeT" value="-223.500000" />
  <attribute name="DerivativeI" value="-223.500000" />
  <attribute name="DerivativeH" value="-223.500000" />
  <attribute name="Loop Time for DT" value="1.000000" />
  <attribute name="Output H" value="8388608"/>
  <attribute name="Output I" value="200"/>
  <attribute name="Output T" value="4"/>
  <attribute name="Target GC Util Change" value ="20.000000" />
  <attribute name="Current GC Util Change" value="111.000000"/>
  <attribute name="GC Util currently" value="111" />
  <attribute name="CPU Util currently" value="13114383255025" />
<exclusive-end id="2017" timestamp="2019-06-17T04:32:08.893" durationms="6.664" />

<exclusive-start id="2018" timestamp="2019-06-17T04:32:08.921" intervalms="34.313">
  <response-info timems="0.251" idlems="0.251" threads="0" lastid="0000000002320700" lastname="main" />
</exclusive-start>
<allocation-taxation id="2019" taxation-threshold="13631488" timestamp="2019-06-17T04:32:08.921" intervalms="34.318" />
<cycle-start id="2020" type="partial gc" contextid="0" timestamp="2019-06-17T04:32:08.921" intervalms="65.670" />
<gc-start id="2021" type="partial gc" contextid="2020" timestamp="2019-06-17T04:32:08.922">
  <mem-info id="2022" free="19922944" total="83886080" percent="23">
    <mem type="eden" free="1048240" total="28311552" percent="3" />
    <remembered-set count="39296" freebytes="3191296" totalbytes="3348480" percent="95" regionsoverflowed="0" regionsstable="14" regionsrebuilding="0"/>
  </mem-info>
</gc-start>
<allocation-stats totalBytes="27257856" >
  <allocated-bytes non-tlh="0" tlh="27257856" arrayletleaf="0"/>
  <largest-consumer threadName="main" threadId="0000000002320700" bytes="13629288" />
</allocation-stats>
<gc-op id="2023" type="sweep" timems="0.772" contextid="2020" timestamp="2019-06-17T04:32:08.923" />
<gc-op id="2024" type="copy forward" timems="1.493" contextid="2020" timestamp="2019-06-17T04:32:08.925">
  <memory-copied type="eden" objects="6" bytes="264" bytesdiscarded="0" />
  <memory-copied type="other" objects="0" bytes="0" bytesdiscarded="0" />
  <memory-cardclean objects="198" bytes="8616" />
  <regions eden="13" other="1" />
  <remembered-set-cleared processed="37422" cleared="24" durationms="0.335" />
  <stringconstants candidates="13797" cleared="0"  />
</gc-op>
<gc-op id="2025" type="classunload" timems="0.005" contextid="2020" timestamp="2019-06-17T04:32:08.925">
  <classunload-info classloadercandidates="54" classloadersunloaded="0" classesunloaded="0" anonymousclassesunloaded="0" quiescems="0.000" setupms="0.004" scanms="0.000" postms="0.000" />
</gc-op>
<gc-end id="2026" type="partial gc" contextid="2020" durationms="3.593" usertimems="4.000" systemtimems="4.000" timestamp="2019-06-17T04:32:08.925" activeThreads="4">
  <mem-info id="2027" free="47185920" total="83886080" percent="56">
    <mem type="eden" free="1048312" total="1048576" percent="99" />
    <remembered-set count="40000" freebytes="3188480" totalbytes="3348480" percent="95" regionsoverflowed="0" regionsstable="14" regionsrebuilding="0"/>
  </mem-info>
</gc-end>
<cycle-end id="2028" type="partial gc" contextid="2020" timestamp="2019-06-17T04:32:08.926" />
  <attribute name="elasticGC enabled" value="1" />
  <attribute name= "numThreadsSpecified" value="4" />
  <attribute name="heapSize specified" value="0" />
  <attribute name="Current GC Util" value="55" />
  <attribute name= "Current Time Running" value="58361" />
  <attribute name ="GC Interval" value="0" />
  <attribute name="ProportionalT" value="52.500000" />
  <attribute name="ProportionalI" value="52.500000" />
  <attribute name="ProportionalH" value="52.500000" />
  <attribute name="Current Error" value="35.000000" />
  <attribute name="IntegralT" value="35.000000" />
  <attribute name="IntegralI" value="35.000000" />
  <attribute name="IntegralH" value="35.000000" />
  <attribute name="DerivativeT" value="-25.500000" />
  <attribute name="DerivativeI" value="-25.500000" />
  <attribute name="DerivativeH" value="-25.500000" />
  <attribute name="Loop Time for DT" value="1.000000" />
  <attribute name="Output H" value="8388608"/>
  <attribute name="Output I" value="200"/>
  <attribute name="Output T" value="4"/>
  <attribute name="Target GC Util Change" value ="20.000000" />
  <attribute name="Current GC Util Change" value="55.000000"/>
  <attribute name="GC Util currently" value="55" />
  <attribute name="CPU Util currently" value="19984252384860" />
<exclusive-end id="2029" timestamp="2019-06-17T04:32:08.926" durationms="4.715" />

<exclusive-start id="2030" timestamp="2019-06-17T04:32:08.980" intervalms="59.140">
  <response-info timems="0.062" idlems="0.062" threads="0" lastid="0000000002320700" lastname="main" />
</exclusive-start>
<allocation-taxation id="2031" taxation-threshold="27262976" timestamp="2019-06-17T04:32:08.980" intervalms="59.163" />
<cycle-start id="2032" type="partial gc" contextid="0" timestamp="2019-06-17T04:32:08.981" intervalms="59.187" />
<gc-start id="2033" type="partial gc" contextid="2032" timestamp="2019-06-17T04:32:08.981">
  <mem-info id="2034" free="19922944" total="83886080" percent="23">
    <mem type="eden" free="1048312" total="28311552" percent="3" />
    <remembered-set count="40000" freebytes="3188480" totalbytes="3348480" percent="95" regionsoverflowed="0" regionsstable="14" regionsrebuilding="0"/>
  </mem-info>
</gc-start>
<allocation-stats totalBytes="27257944" >
  <allocated-bytes non-tlh="0" tlh="27257944" arrayletleaf="0"/>
  <largest-consumer threadName="main" threadId="0000000002320700" bytes="27257944" />
</allocation-stats>
<gc-op id="2035" type="copy forward" timems="1.253" contextid="2032" timestamp="2019-06-17T04:32:08.983">
  <memory-copied type="eden" objects="7" bytes="280" bytesdiscarded="0" />
  <memory-copied type="other" objects="35" bytes="928" bytesdiscarded="0" />
  <memory-cardclean objects="82" bytes="11752" />
  <regions eden="26" other="4" />
  <remembered-set-cleared processed="37404" cleared="45" durationms="0.394" />
  <references type="weak" candidates="14" cleared="0" enqueued="0" />
  <stringconstants candidates="13797" cleared="0"  />
</gc-op>
<gc-op id="2036" type="classunload" timems="0.004" contextid="2032" timestamp="2019-06-17T04:32:08.983">
  <classunload-info classloadercandidates="54" classloadersunloaded="0" classesunloaded="0" anonymousclassesunloaded="0" quiescems="0.000" setupms="0.003" scanms="0.000" postms="0.000" />
</gc-op>
<gc-end id="2037" type="partial gc" contextid="2032" durationms="2.547" usertimems="0.000" systemtimems="0.000" timestamp="2019-06-17T04:32:08.984" activeThreads="1">
  <mem-info id="2038" free="48234496" total="83886080" percent="57">
    <mem type="eden" free="1048296" total="1048576" percent="99" />
    <remembered-set count="40032" freebytes="3188352" totalbytes="3348480" percent="95" regionsoverflowed="0" regionsstable="14" regionsrebuilding="0"/>
  </mem-info>
</gc-end>
<cycle-end id="2039" type="partial gc" contextid="2032" timestamp="2019-06-17T04:32:08.984" />
  <attribute name="elasticGC enabled" value="1" />
  <attribute name= "numThreadsSpecified" value="1" />
  <attribute name="heapSize specified" value="0" />
  <attribute name="Current GC Util" value="65" />
  <attribute name= "Current Time Running" value="58419" />
  <attribute name ="GC Interval" value="0" />
  <attribute name="ProportionalT" value="67.500000" />
  <attribute name="ProportionalI" value="67.500000" />
  <attribute name="ProportionalH" value="67.500000" />
  <attribute name="Current Error" value="45.000000" />
  <attribute name="IntegralT" value="0.000000" />
  <attribute name="IntegralI" value="0.000000" />
  <attribute name="IntegralH" value="0.000000" />
  <attribute name="DerivativeT" value="inf" />
  <attribute name="DerivativeI" value="inf" />
  <attribute name="DerivativeH" value="inf" />
  <attribute name="Loop Time for DT" value="0.000000" />
  <attribute name="Output H" value="8388608"/>
  <attribute name="Output I" value="200"/>
  <attribute name="Output T" value="1"/>
  <attribute name="Target GC Util Change" value ="20.000000" />
  <attribute name="Current GC Util Change" value="65.000000"/>
  <attribute name="GC Util currently" value="65" />
  <attribute name="CPU Util currently" value="17367264265263" />
<exclusive-end id="2040" timestamp="2019-06-17T04:32:08.984" durationms="3.964" />

<exclusive-start id="2041" timestamp="2019-06-17T04:32:09.038" intervalms="58.266">
  <response-info timems="0.117" idlems="0.117" threads="0" lastid="0000000002320700" lastname="main" />
</exclusive-start>
<allocation-taxation id="2042" taxation-threshold="27262976" timestamp="2019-06-17T04:32:09.039" intervalms="58.290" />
<cycle-start id="2043" type="partial gc" contextid="0" timestamp="2019-06-17T04:32:09.039" intervalms="58.270" />
<gc-start id="2044" type="partial gc" contextid="2043" timestamp="2019-06-17T04:32:09.039">
  <mem-info id="2045" free="20971520" total="83886080" percent="25">
    <mem type="eden" free="1048296" total="28311552" percent="3" />
    <remembered-set count="39808" freebytes="3189248" totalbytes="3348480" percent="95" regionsoverflowed="0" regionsstable="14" regionsrebuilding="0"/>
  </mem-info>
</gc-start>
<allocation-stats totalBytes="27257696" >
  <allocated-bytes non-tlh="0" tlh="27257696" arrayletleaf="0"/>
  <largest-consumer threadName="main" threadId="0000000002320700" bytes="27257696" />
</allocation-stats>
<gc-op id="2046" type="copy forward" timems="1.204" contextid="2043" timestamp="2019-06-17T04:32:09.041">
  <memory-copied type="eden" objects="1" bytes="24" bytesdiscarded="0" />
  <memory-copied type="other" objects="39" bytes="1056" bytesdiscarded="192" />
  <memory-cardclean objects="90" bytes="11736" />
  <regions eden="26" other="4" />
  <remembered-set-cleared processed="37394" cleared="47" durationms="0.387" />
  <references type="weak" candidates="18" cleared="0" enqueued="0" />
  <stringconstants candidates="13797" cleared="0"  />
</gc-op>
<gc-op id="2047" type="classunload" timems="0.004" contextid="2043" timestamp="2019-06-17T04:32:09.041">
  <classunload-info classloadercandidates="54" classloadersunloaded="0" classesunloaded="0" anonymousclassesunloaded="0" quiescems="0.000" setupms="0.004" scanms="0.000" postms="0.000" />
</gc-op>
<gc-end id="2048" type="partial gc" contextid="2043" durationms="2.265" usertimems="4.000" systemtimems="0.000" timestamp="2019-06-17T04:32:09.042" activeThreads="1">
  <mem-info id="2049" free="50331648" total="83886080" percent="60">
    <mem type="eden" free="1048552" total="1048576" percent="99" />
    <remembered-set count="39904" freebytes="3188864" totalbytes="3348480" percent="95" regionsoverflowed="0" regionsstable="14" regionsrebuilding="0"/>
  </mem-info>
</gc-end>
<cycle-end id="2050" type="partial gc" contextid="2043" timestamp="2019-06-17T04:32:09.042" />
  <attribute name="elasticGC enabled" value="1" />
  <attribute name= "numThreadsSpecified" value="1" />
  <attribute name="heapSize specified" value="0" />
  <attribute name="Current GC Util" value="75" />
  <attribute name= "Current Time Running" value="58477" />
  <attribute name ="GC Interval" value="0" />
  <attribute name="ProportionalT" value="82.500000" />
  <attribute name="ProportionalI" value="82.500000" />
  <attribute name="ProportionalH" value="82.500000" />
  <attribute name="Current Error" value="55.000000" />
  <attribute name="IntegralT" value="0.000000" />
  <attribute name="IntegralI" value="0.000000" />
  <attribute name="IntegralH" value="0.000000" />
  <attribute name="DerivativeT" value="inf" />
  <attribute name="DerivativeI" value="inf" />
  <attribute name="DerivativeH" value="inf" />
  <attribute name="Loop Time for DT" value="0.000000" />
  <attribute name="Output H" value="8388608"/>
  <attribute name="Output I" value="200"/>
  <attribute name="Output T" value="1"/>
  <attribute name="Target GC Util Change" value ="20.000000" />
  <attribute name="Current GC Util Change" value="75.000000"/>
  <attribute name="GC Util currently" value="75" />
  <attribute name="CPU Util currently" value="19942684599888" />
<exclusive-end id="2051" timestamp="2019-06-17T04:32:09.042" durationms="3.524" />

<exclusive-start id="2052" timestamp="2019-06-17T04:32:09.102" intervalms="63.713">
  <response-info timems="0.026" idlems="0.026" threads="0" lastid="0000000002320700" lastname="main" />
</exclusive-start>
<allocation-taxation id="2053" taxation-threshold="27262976" timestamp="2019-06-17T04:32:09.102" intervalms="63.659" />
<cycle-start id="2054" type="partial gc" contextid="0" timestamp="2019-06-17T04:32:09.103" intervalms="63.684" />
<gc-start id="2055" type="partial gc" contextid="2054" timestamp="2019-06-17T04:32:09.103">
  <mem-info id="2056" free="23068672" total="83886080" percent="27">
    <mem type="eden" free="1048552" total="28311552" percent="3" />
    <remembered-set count="39552" freebytes="3190272" totalbytes="3348480" percent="95" regionsoverflowed="0" regionsstable="14" regionsrebuilding="0"/>
  </mem-info>
</gc-start>
<allocation-stats totalBytes="27251752" >
  <allocated-bytes non-tlh="0" tlh="27251752" arrayletleaf="0"/>
  <largest-consumer threadName="main" threadId="0000000002320700" bytes="27251752" />
</allocation-stats>
<gc-op id="2057" type="copy forward" timems="1.260" contextid="2054" timestamp="2019-06-17T04:32:09.105">
  <memory-copied type="eden" objects="26" bytes="1344" bytesdiscarded="0" />
  <memory-copied type="other" objects="28" bytes="640" bytesdiscarded="416" />
  <memory-cardclean objects="109" bytes="4456" />
  <regions eden="26" other="3" />
  <remembered-set-cleared processed="37381" cleared="46" durationms="0.403" />
  <stringconstants candidates="13797" cleared="0"  />
</gc-op>
<gc-op id="2058" type="classunload" timems="0.004" contextid="2054" timestamp="2019-06-17T04:32:09.105">
  <classunload-info classloadercandidates="54" classloadersunloaded="0" classesunloaded="0" anonymousclassesunloaded="0" quiescems="0.000" setupms="0.004" scanms="0.000" postms="0.000" />
</gc-op>
<gc-end id="2059" type="partial gc" contextid="2054" durationms="2.629" usertimems="4.000" systemtimems="0.000" timestamp="2019-06-17T04:32:09.106" activeThreads="1">
  <mem-info id="2060" free="51380224" total="83886080" percent="61">
    <mem type="eden" free="1047232" total="1048576" percent="99" />
    <remembered-set count="39808" freebytes="3189248" totalbytes="3348480" percent="95" regionsoverflowed="0" regionsstable="14" regionsrebuilding="0"/>
  </mem-info>
</gc-end>
<cycle-end id="2061" type="partial gc" contextid="2054" timestamp="2019-06-17T04:32:09.106" />
  <attribute name="elasticGC enabled" value="1" />
  <attribute name= "numThreadsSpecified" value="1" />
  <attribute name="heapSize specified" value="0" />
  <attribute name="Current GC Util" value="75" />
  <attribute name= "Current Time Running" value="58541" />
  <attribute name ="GC Interval" value="0" />
  <attribute name="ProportionalT" value="82.500000" />
  <attribute name="ProportionalI" value="82.500000" />
  <attribute name="ProportionalH" value="82.500000" />
  <attribute name="Current Error" value="55.000000" />
  <attribute name="IntegralT" value="0.000000" />
  <attribute name="IntegralI" value="0.000000" />
  <attribute name="IntegralH" value="0.000000" />
  <attribute name="DerivativeT" value="inf" />
  <attribute name="DerivativeI" value="inf" />
  <attribute name="DerivativeH" value="inf" />
  <attribute name="Loop Time for DT" value="0.000000" />
  <attribute name="Output H" value="8388608"/>
  <attribute name="Output I" value="200"/>
  <attribute name="Output T" value="1"/>
  <attribute name="Target GC Util Change" value ="20.000000" />
  <attribute name="Current GC Util Change" value="75.000000"/>
  <attribute name="GC Util currently" value="75" />
  <attribute name="CPU Util currently" value="16017692856175" />
<exclusive-end id="2062" timestamp="2019-06-17T04:32:09.106" durationms="4.039" />

<exclusive-start id="2063" timestamp="2019-06-17T04:32:09.127" intervalms="25.067">
  <response-info timems="0.077" idlems="0.077" threads="0" lastid="0000000002320700" lastname="main" />
</exclusive-start>
<allocation-taxation id="2064" taxation-threshold="27262976" timestamp="2019-06-17T04:32:09.127" intervalms="25.034" />
<cycle-start id="2065" type="partial gc" contextid="0" timestamp="2019-06-17T04:32:09.128" intervalms="25.037" />
<gc-start id="2066" type="partial gc" contextid="2065" timestamp="2019-06-17T04:32:09.128">
  <mem-info id="2067" free="24117248" total="83886080" percent="28">
    <mem type="eden" free="0" total="27262976" percent="0" />
    <remembered-set count="2144" freebytes="3339904" totalbytes="3348480" percent="99" regionsoverflowed="0" regionsstable="17" regionsrebuilding="0"/>
  </mem-info>
</gc-start>
<allocation-stats totalBytes="27224216" >
  <allocated-bytes non-tlh="0" tlh="27224216" arrayletleaf="0"/>
  <largest-consumer threadName="main" threadId="0000000002320700" bytes="27224216" />
</allocation-stats>
<gc-op id="2068" type="copy forward" timems="1.565" contextid="2065" timestamp="2019-06-17T04:32:09.130">
  <memory-copied type="eden" objects="5" bytes="136" bytesdiscarded="0" />
  <memory-copied type="other" objects="59" bytes="2224" bytesdiscarded="848" />
  <memory-cardclean objects="85" bytes="11560" />
  <regions eden="26" other="3" />
  <remembered-set-cleared processed="253" cleared="19" durationms="0.100" />
  <references type="weak" candidates="16" cleared="0" enqueued="0" />
  <stringconstants candidates="13797" cleared="0"  />
</gc-op>
<gc-op id="2069" type="classunload" timems="0.003" contextid="2065" timestamp="2019-06-17T04:32:09.130">
  <classunload-info classloadercandidates="54" classloadersunloaded="0" classesunloaded="0" anonymousclassesunloaded="0" quiescems="0.000" setupms="0.003" scanms="0.000" postms="0.000" />
</gc-op>
<gc-end id="2070" type="partial gc" contextid="2065" durationms="2.620" usertimems="4.000" systemtimems="0.000" timestamp="2019-06-17T04:32:09.131" activeThreads="4">
  <mem-info id="2071" free="51380224" total="83886080" percent="61">
    <mem type="eden" free="1048440" total="1048576" percent="99" />
    <remembered-set count="2112" freebytes="3340032" totalbytes="3348480" percent="99" regionsoverflowed="0" regionsstable="17" regionsrebuilding="0"/>
  </mem-info>
</gc-end>
<cycle-end id="2072" type="partial gc" contextid="2065" timestamp="2019-06-17T04:32:09.131" />
  <attribute name="elasticGC enabled" value="1" />
  <attribute name= "numThreadsSpecified" value="4" />
  <attribute name="heapSize specified" value="0" />
  <attribute name="Current GC Util" value="84" />
  <attribute name= "Current Time Running" value="58566" />
  <attribute name ="GC Interval" value="0" />
  <attribute name="ProportionalT" value="96.000000" />
  <attribute name="ProportionalI" value="96.000000" />
  <attribute name="ProportionalH" value="96.000000" />
  <attribute name="Current Error" value="64.000000" />
  <attribute name="IntegralT" value="64.000000" />
  <attribute name="IntegralI" value="64.000000" />
  <attribute name="IntegralH" value="64.000000" />
  <attribute name="DerivativeT" value="96.000000" />
  <attribute name="DerivativeI" value="96.000000" />
  <attribute name="DerivativeH" value="96.000000" />
  <attribute name="Loop Time for DT" value="1.000000" />
  <attribute name="Output H" value="8388608"/>
  <attribute name="Output I" value="256"/>
  <attribute name="Output T" value="4"/>
  <attribute name="Target GC Util Change" value ="20.000000" />
  <attribute name="Current GC Util Change" value="84.000000"/>
  <attribute name="GC Util currently" value="84" />
  <attribute name="CPU Util currently" value="16709794249521" />
<exclusive-end id="2073" timestamp="2019-06-17T04:32:09.131" durationms="3.719" />

<exclusive-start id="2074" timestamp="2019-06-17T04:32:09.147" intervalms="19.941">
  <response-info timems="0.073" idlems="0.073" threads="0" lastid="0000000002320700" lastname="main" />
</exclusive-start>
<allocation-taxation id="2075" taxation-threshold="27262976" timestamp="2019-06-17T04:32:09.147" intervalms="19.955" />
<cycle-start id="2076" type="partial gc" contextid="0" timestamp="2019-06-17T04:32:09.148" intervalms="19.962" />
<gc-start id="2077" type="partial gc" contextid="2076" timestamp="2019-06-17T04:32:09.148">
  <mem-info id="2078" free="24117248" total="83886080" percent="28">
    <mem type="eden" free="1048440" total="28311552" percent="3" />
    <remembered-set count="1728" freebytes="3341568" totalbytes="3348480" percent="99" regionsoverflowed="0" regionsstable="17" regionsrebuilding="0"/>
  </mem-info>
</gc-start>
<allocation-stats totalBytes="27225744" >
  <allocated-bytes non-tlh="0" tlh="27225744" arrayletleaf="0"/>
  <largest-consumer threadName="main" threadId="0000000002320700" bytes="27225744" />
</allocation-stats>
<gc-op id="2079" type="copy forward" timems="0.982" contextid="2076" timestamp="2019-06-17T04:32:09.150">
  <memory-copied type="eden" objects="4" bytes="112" bytesdiscarded="0" />
  <memory-copied type="other" objects="14" bytes="320" bytesdiscarded="192" />
  <memory-cardclean objects="39" bytes="1760" />
  <regions eden="26" other="3" />
  <remembered-set-cleared processed="258" cleared="13" durationms="0.124" />
  <stringconstants candidates="13797" cleared="0"  />
</gc-op>
<gc-op id="2080" type="classunload" timems="0.004" contextid="2076" timestamp="2019-06-17T04:32:09.150">
  <classunload-info classloadercandidates="54" classloadersunloaded="0" classesunloaded="0" anonymousclassesunloaded="0" quiescems="0.000" setupms="0.004" scanms="0.000" postms="0.000" />
</gc-op>
<heap-resize id="2081" type="contract" space="default" amount="3145728" count="1" timems="0.049" reason="excess free space following gc" timestamp="2019-06-17T04:32:09.150" />
<gc-end id="2082" type="partial gc" contextid="2076" durationms="2.406" usertimems="4.000" systemtimems="0.000" timestamp="2019-06-17T04:32:09.150" activeThreads="1">
  <mem-info id="2083" free="49283072" total="80740352" percent="61">
    <mem type="eden" free="1048464" total="1048576" percent="99" />
    <remembered-set count="2112" freebytes="3340032" totalbytes="3348480" percent="99" regionsoverflowed="0" regionsstable="17" regionsrebuilding="0"/>
  </mem-info>
</gc-end>
<cycle-end id="2084" type="partial gc" contextid="2076" timestamp="2019-06-17T04:32:09.151" />
  <attribute name="elasticGC enabled" value="1" />
  <attribute name= "numThreadsSpecified" value="1" />
  <attribute name="heapSize specified" value="0" />
  <attribute name="Current GC Util" value="64" />
  <attribute name= "Current Time Running" value="58586" />
  <attribute name ="GC Interval" value="0" />
  <attribute name="ProportionalT" value="66.000000" />
  <attribute name="ProportionalI" value="66.000000" />
  <attribute name="ProportionalH" value="66.000000" />
  <attribute name="Current Error" value="44.000000" />
  <attribute name="IntegralT" value="0.000000" />
  <attribute name="IntegralI" value="0.000000" />
  <attribute name="IntegralH" value="0.000000" />
  <attribute name="DerivativeT" value="inf" />
  <attribute name="DerivativeI" value="inf" />
  <attribute name="DerivativeH" value="inf" />
  <attribute name="Loop Time for DT" value="0.000000" />
  <attribute name="Output H" value="8388608"/>
  <attribute name="Output I" value="200"/>
  <attribute name="Output T" value="1"/>
  <attribute name="Target GC Util Change" value ="20.000000" />
  <attribute name="Current GC Util Change" value="64.000000"/>
  <attribute name="GC Util currently" value="64" />
  <attribute name="CPU Util currently" value="17810207138666" />
<exclusive-end id="2085" timestamp="2019-06-17T04:32:09.151" durationms="3.725" />

<exclusive-start id="2086" timestamp="2019-06-17T04:32:09.167" intervalms="19.860">
  <response-info timems="0.086" idlems="0.086" threads="0" lastid="0000000002320700" lastname="main" />
</exclusive-start>
<allocation-taxation id="2087" taxation-threshold="27262976" timestamp="2019-06-17T04:32:09.167" intervalms="19.909" />
<cycle-start id="2088" type="partial gc" contextid="0" timestamp="2019-06-17T04:32:09.168" intervalms="19.898" />
<gc-start id="2089" type="partial gc" contextid="2088" timestamp="2019-06-17T04:32:09.168">
  <mem-info id="2090" free="22020096" total="80740352" percent="27">
    <mem type="eden" free="1048464" total="28311552" percent="3" />
    <remembered-set count="1696" freebytes="3341696" totalbytes="3348480" percent="99" regionsoverflowed="0" regionsstable="17" regionsrebuilding="0"/>
  </mem-info>
</gc-start>
<allocation-stats totalBytes="27225360" >
  <allocated-bytes non-tlh="0" tlh="27225360" arrayletleaf="0"/>
  <largest-consumer threadName="main" threadId="0000000002320700" bytes="27225360" />
</allocation-stats>
<gc-op id="2091" type="copy forward" timems="1.528" contextid="2088" timestamp="2019-06-17T04:32:09.170">
  <memory-copied type="eden" objects="4" bytes="112" bytesdiscarded="0" />
  <memory-copied type="other" objects="1315" bytes="96720" bytesdiscarded="7984" />
  <memory-cardclean objects="161" bytes="18200" />
  <regions eden="26" other="3" />
  <remembered-set-cleared processed="232" cleared="18" durationms="0.085" />
  <references type="soft" candidates="9" cleared="0" enqueued="0" dynamicThreshold="19" maxThreshold="32" />
  <references type="weak" candidates="54" cleared="0" enqueued="0" />
  <stringconstants candidates="13797" cleared="0"  />
</gc-op>
<gc-op id="2092" type="classunload" timems="0.005" contextid="2088" timestamp="2019-06-17T04:32:09.171">
  <classunload-info classloadercandidates="54" classloadersunloaded="0" classesunloaded="0" anonymousclassesunloaded="0" quiescems="0.000" setupms="0.005" scanms="0.000" postms="0.000" />
</gc-op>
<heap-resize id="2093" type="contract" space="default" amount="2097152" count="1" timems="0.046" reason="excess free space following gc" timestamp="2019-06-17T04:32:09.171" />
<gc-end id="2094" type="partial gc" contextid="2088" durationms="3.069" usertimems="8.000" systemtimems="0.000" timestamp="2019-06-17T04:32:09.171" activeThreads="4">
  <mem-info id="2095" free="48234496" total="78643200" percent="61">
    <mem type="eden" free="1048464" total="1048576" percent="99" />
    <remembered-set count="2080" freebytes="3214592" totalbytes="3222912" percent="99" regionsoverflowed="0" regionsstable="17" regionsrebuilding="0"/>
  </mem-info>
</gc-end>
<cycle-end id="2096" type="partial gc" contextid="2088" timestamp="2019-06-17T04:32:09.171" />
  <attribute name="elasticGC enabled" value="1" />
  <attribute name= "numThreadsSpecified" value="4" />
  <attribute name="heapSize specified" value="0" />
  <attribute name="Current GC Util" value="41" />
  <attribute name= "Current Time Running" value="58606" />
  <attribute name ="GC Interval" value="0" />
  <attribute name="ProportionalT" value="31.500000" />
  <attribute name="ProportionalI" value="31.500000" />
  <attribute name="ProportionalH" value="31.500000" />
  <attribute name="Current Error" value="21.000000" />
  <attribute name="IntegralT" value="21.000000" />
  <attribute name="IntegralI" value="21.000000" />
  <attribute name="IntegralH" value="21.000000" />
  <attribute name="DerivativeT" value="31.500000" />
  <attribute name="DerivativeI" value="31.500000" />
  <attribute name="DerivativeH" value="31.500000" />
  <attribute name="Loop Time for DT" value="1.000000" />
  <attribute name="Output H" value="8388608"/>
  <attribute name="Output I" value="200"/>
  <attribute name="Output T" value="4"/>
  <attribute name="Target GC Util Change" value ="20.000000" />
  <attribute name="Current GC Util Change" value="41.000000"/>
  <attribute name="GC Util currently" value="41" />
  <attribute name="CPU Util currently" value="8530270437224" />
<exclusive-end id="2097" timestamp="2019-06-17T04:32:09.171" durationms="4.297" />

<exclusive-start id="2098" timestamp="2019-06-17T04:32:09.187" intervalms="20.013">
  <response-info timems="0.224" idlems="0.224" threads="0" lastid="0000000002320700" lastname="main" />
</exclusive-start>
<allocation-taxation id="2099" taxation-threshold="26214400" timestamp="2019-06-17T04:32:09.187" intervalms="20.004" />
<cycle-start id="2100" type="partial gc" contextid="0" timestamp="2019-06-17T04:32:09.187" intervalms="19.966" />
<gc-start id="2101" type="partial gc" contextid="2100" timestamp="2019-06-17T04:32:09.188">
  <mem-info id="2102" free="22020096" total="78643200" percent="28">
    <mem type="eden" free="1048464" total="27262976" percent="3" />
    <remembered-set count="1632" freebytes="3216384" totalbytes="3222912" percent="99" regionsoverflowed="0" regionsstable="17" regionsrebuilding="0"/>
  </mem-info>
</gc-start>
<allocation-stats totalBytes="26178240" >
  <allocated-bytes non-tlh="0" tlh="26178240" arrayletleaf="0"/>
  <largest-consumer threadName="main" threadId="0000000002320700" bytes="26178240" />
</allocation-stats>
<gc-op id="2103" type="copy forward" timems="1.952" contextid="2100" timestamp="2019-06-17T04:32:09.191">
  <memory-copied type="eden" objects="4" bytes="112" bytesdiscarded="0" />
  <memory-copied type="other" objects="19884" bytes="615568" bytesdiscarded="29272" />
  <memory-cardclean objects="3922" bytes="243376" />
  <regions eden="25" other="4" />
  <remembered-set-cleared processed="44" cleared="15" durationms="0.077" />
  <references type="soft" candidates="5" cleared="0" enqueued="0" dynamicThreshold="19" maxThreshold="32" />
  <references type="weak" candidates="14" cleared="0" enqueued="0" />
  <stringconstants candidates="13797" cleared="0"  />
</gc-op>
<gc-op id="2104" type="classunload" timems="0.005" contextid="2100" timestamp="2019-06-17T04:32:09.191">
  <classunload-info classloadercandidates="54" classloadersunloaded="0" classesunloaded="0" anonymousclassesunloaded="0" quiescems="0.000" setupms="0.005" scanms="0.000" postms="0.000" />
</gc-op>
<heap-resize id="2105" type="contract" space="default" amount="4194304" count="1" timems="0.050" reason="excess free space following gc" timestamp="2019-06-17T04:32:09.191" />
<gc-end id="2106" type="partial gc" contextid="2100" durationms="3.490" usertimems="4.000" systemtimems="4.000" timestamp="2019-06-17T04:32:09.191" activeThreads="4">
  <mem-info id="2107" free="47185920" total="74448896" percent="63">
    <mem type="eden" free="1048464" total="1048576" percent="99" />
    <remembered-set count="1888" freebytes="3131648" totalbytes="3139200" percent="99" regionsoverflowed="0" regionsstable="17" regionsrebuilding="0"/>
  </mem-info>
</gc-end>
<cycle-end id="2108" type="partial gc" contextid="2100" timestamp="2019-06-17T04:32:09.191" />
  <attribute name="elasticGC enabled" value="1" />
  <attribute name= "numThreadsSpecified" value="4" />
  <attribute name="heapSize specified" value="0" />
  <attribute name="Current GC Util" value="42" />
  <attribute name= "Current Time Running" value="58626" />
  <attribute name ="GC Interval" value="0" />
  <attribute name="ProportionalT" value="33.000000" />
  <attribute name="ProportionalI" value="33.000000" />
  <attribute name="ProportionalH" value="33.000000" />
  <attribute name="Current Error" value="22.000000" />
  <attribute name="IntegralT" value="22.000000" />
  <attribute name="IntegralI" value="22.000000" />
  <attribute name="IntegralH" value="22.000000" />
  <attribute name="DerivativeT" value="30.000000" />
  <attribute name="DerivativeI" value="30.000000" />
  <attribute name="DerivativeH" value="30.000000" />
  <attribute name="Loop Time for DT" value="1.000000" />
  <attribute name="Output H" value="8388608"/>
  <attribute name="Output I" value="200"/>
  <attribute name="Output T" value="4"/>
  <attribute name="Target GC Util Change" value ="20.000000" />
  <attribute name="Current GC Util Change" value="42.000000"/>
  <attribute name="GC Util currently" value="42" />
  <attribute name="CPU Util currently" value="8196949903628" />
<exclusive-end id="2109" timestamp="2019-06-17T04:32:09.192" durationms="4.665" />

<exclusive-start id="2110" timestamp="2019-06-17T04:32:09.207" intervalms="19.687">
  <response-info timems="0.261" idlems="0.261" threads="0" lastid="0000000002320700" lastname="main" />
</exclusive-start>
<allocation-taxation id="2111" taxation-threshold="25165824" timestamp="2019-06-17T04:32:09.207" intervalms="19.669" />
<cycle-start id="2112" type="partial gc" contextid="0" timestamp="2019-06-17T04:32:09.207" intervalms="19.673" />
<gc-start id="2113" type="partial gc" contextid="2112" timestamp="2019-06-17T04:32:09.207">
  <mem-info id="2114" free="22020096" total="74448896" percent="29">
    <mem type="eden" free="1048464" total="26214400" percent="3" />
    <remembered-set count="1440" freebytes="3133440" totalbytes="3139200" percent="99" regionsoverflowed="0" regionsstable="17" regionsrebuilding="0"/>
  </mem-info>
</gc-start>
<allocation-stats totalBytes="25131120" >
  <allocated-bytes non-tlh="0" tlh="25131120" arrayletleaf="0"/>
  <largest-consumer threadName="main" threadId="0000000002320700" bytes="25131120" />
</allocation-stats>
<gc-op id="2115" type="copy forward" timems="1.487" contextid="2112" timestamp="2019-06-17T04:32:09.210">
  <memory-copied type="eden" objects="4" bytes="112" bytesdiscarded="0" />
  <memory-copied type="other" objects="0" bytes="0" bytesdiscarded="0" />
  <memory-cardclean objects="3571" bytes="234544" />
  <regions eden="24" other="1" />
  <remembered-set-cleared processed="48" cleared="13" durationms="0.145" />
  <stringconstants candidates="13797" cleared="0"  />
</gc-op>
<gc-op id="2116" type="classunload" timems="0.005" contextid="2112" timestamp="2019-06-17T04:32:09.210">
  <classunload-info classloadercandidates="54" classloadersunloaded="0" classesunloaded="0" anonymousclassesunloaded="0" quiescems="0.000" setupms="0.004" scanms="0.000" postms="0.000" />
</gc-op>
<heap-resize id="2117" type="contract" space="default" amount="4194304" count="1" timems="0.144" reason="excess free space following gc" timestamp="2019-06-17T04:32:09.211" />
<gc-end id="2118" type="partial gc" contextid="2112" durationms="3.221" usertimems="0.000" systemtimems="4.000" timestamp="2019-06-17T04:32:09.211" activeThreads="1">
  <mem-info id="2119" free="42991616" total="70254592" percent="61">
    <mem type="eden" free="1048464" total="1048576" percent="99" />
    <remembered-set count="640" freebytes="2969216" totalbytes="2971776" percent="99" regionsoverflowed="0" regionsstable="17" regionsrebuilding="0"/>
  </mem-info>
</gc-end>
<cycle-end id="2120" type="partial gc" contextid="2112" timestamp="2019-06-17T04:32:09.211" />
  <attribute name="elasticGC enabled" value="1" />
  <attribute name= "numThreadsSpecified" value="1" />
  <attribute name="heapSize specified" value="0" />
  <attribute name="Current GC Util" value="36" />
  <attribute name= "Current Time Running" value="58645" />
  <attribute name ="GC Interval" value="0" />
  <attribute name="ProportionalT" value="24.000000" />
  <attribute name="ProportionalI" value="24.000000" />
  <attribute name="ProportionalH" value="24.000000" />
  <attribute name="Current Error" value="16.000000" />
  <attribute name="IntegralT" value="0.000000" />
  <attribute name="IntegralI" value="0.000000" />
  <attribute name="IntegralH" value="0.000000" />
  <attribute name="DerivativeT" value="inf" />
  <attribute name="DerivativeI" value="inf" />
  <attribute name="DerivativeH" value="inf" />
  <attribute name="Loop Time for DT" value="0.000000" />
  <attribute name="Output H" value="8388608"/>
  <attribute name="Output I" value="200"/>
  <attribute name="Output T" value="1"/>
  <attribute name="Target GC Util Change" value ="20.000000" />
  <attribute name="Current GC Util Change" value="36.000000"/>
  <attribute name="GC Util currently" value="36" />
  <attribute name="CPU Util currently" value="8645652199012" />
<exclusive-end id="2121" timestamp="2019-06-17T04:32:09.211" durationms="4.348" />

<exclusive-start id="2122" timestamp="2019-06-17T04:32:09.218" intervalms="11.395">
  <response-info timems="0.020" idlems="0.020" threads="0" lastid="0000000002320700" lastname="main" />
</exclusive-start>
<allocation-taxation id="2123" taxation-threshold="11534336" timestamp="2019-06-17T04:32:09.218" intervalms="11.337" />
<cycle-start id="2124" type="global mark phase" contextid="0" timestamp="2019-06-17T04:32:09.218" intervalms="1324.620" />
<gc-start id="2125" type="global mark phase" contextid="2124" timestamp="2019-06-17T04:32:09.219">
  <mem-info id="2126" free="31457280" total="70254592" percent="44">
    <remembered-set count="544" freebytes="2969600" totalbytes="2971776" percent="99" regionsoverflowed="0" regionsstable="17" regionsrebuilding="0"/>
  </mem-info>
</gc-start>
<gc-op id="2127" type="mark increment" timems="1.303" contextid="2124" timestamp="2019-06-17T04:32:09.220">
  <trace-info objectcount="9501" scancount="1702" scanbytes="77420" />
</gc-op>
<gc-end id="2128" type="global mark phase" contextid="2124" durationms="1.522" usertimems="4.000" systemtimems="0.000" timestamp="2019-06-17T04:32:09.220" activeThreads="4">
  <mem-info id="2129" free="31457280" total="70254592" percent="44">
    <remembered-set count="2592" freebytes="2961408" totalbytes="2971776" percent="99" regionsoverflowed="0" regionsstable="0" regionsrebuilding="17"/>
  </mem-info>
</gc-end>
<concurrent-start id="2130" type="GMP work packet processing" contextid="2124" timestamp="2019-06-17T04:32:09.220">
  <concurrent-mark-start scanTarget="2186382" />
</concurrent-start>
<exclusive-end id="2131" timestamp="2019-06-17T04:32:09.220" durationms="2.169" />

<exclusive-start id="2132" timestamp="2019-06-17T04:32:09.229" intervalms="10.669">
  <response-info timems="0.069" idlems="0.069" threads="0" lastid="0000000002320700" lastname="main" />
</exclusive-start>
<allocation-taxation id="2133" taxation-threshold="11534336" timestamp="2019-06-17T04:32:09.229" intervalms="10.685" />
<concurrent-end id="2134" type="GMP work packet processing" contextid="2124" timestamp="2019-06-17T04:32:09.233">
  <concurrent-mark-end bytesScanned="2281484" reasonForTermination="Work target met and termination requested" />
</concurrent-end>

<cycle-start id="2135" type="partial gc" contextid="0" timestamp="2019-06-17T04:32:09.233" intervalms="25.727" />
<gc-start id="2136" type="partial gc" contextid="2135" timestamp="2019-06-17T04:32:09.233">
  <mem-info id="2137" free="19922944" total="70254592" percent="28">
    <mem type="eden" free="1048464" total="24117248" percent="4" />
    <remembered-set count="23904" freebytes="2876160" totalbytes="2971776" percent="96" regionsoverflowed="0" regionsstable="0" regionsrebuilding="17"/>
  </mem-info>
</gc-start>
<allocation-stats totalBytes="23036856" >
  <allocated-bytes non-tlh="0" tlh="23036856" arrayletleaf="0"/>
  <largest-consumer threadName="main" threadId="0000000002320700" bytes="11518440" />
</allocation-stats>
<gc-op id="2138" type="copy forward" timems="1.479" contextid="2135" timestamp="2019-06-17T04:32:09.236">
  <memory-copied type="eden" objects="4" bytes="112" bytesdiscarded="0" />
  <memory-copied type="other" objects="0" bytes="0" bytesdiscarded="0" />
  <memory-cardclean objects="11" bytes="416" />
  <regions eden="22" other="1" />
  <remembered-set-cleared processed="21860" cleared="20" durationms="0.258" />
  <stringconstants candidates="13797" cleared="0"  />
</gc-op>
<gc-op id="2139" type="classunload" timems="0.004" contextid="2135" timestamp="2019-06-17T04:32:09.236">
  <classunload-info classloadercandidates="54" classloadersunloaded="0" classesunloaded="0" anonymousclassesunloaded="0" quiescems="0.000" setupms="0.004" scanms="0.000" postms="0.000" />
</gc-op>
<gc-end id="2140" type="partial gc" contextid="2135" durationms="2.809" usertimems="0.000" systemtimems="4.000" timestamp="2019-06-17T04:32:09.236" activeThreads="1">
  <mem-info id="2141" free="42991616" total="70254592" percent="61">
    <mem type="eden" free="1048464" total="1048576" percent="99" />
    <remembered-set count="23392" freebytes="2710784" totalbytes="2804352" percent="96" regionsoverflowed="0" regionsstable="0" regionsrebuilding="17"/>
  </mem-info>
</gc-end>
<cycle-end id="2142" type="partial gc" contextid="2135" timestamp="2019-06-17T04:32:09.236" />
  <attribute name="elasticGC enabled" value="1" />
  <attribute name= "numThreadsSpecified" value="1" />
  <attribute name="heapSize specified" value="0" />
  <attribute name="Current GC Util" value="37" />
  <attribute name= "Current Time Running" value="58671" />
  <attribute name ="GC Interval" value="0" />
  <attribute name="ProportionalT" value="25.500000" />
  <attribute name="ProportionalI" value="25.500000" />
  <attribute name="ProportionalH" value="25.500000" />
  <attribute name="Current Error" value="17.000000" />
  <attribute name="IntegralT" value="0.000000" />
  <attribute name="IntegralI" value="0.000000" />
  <attribute name="IntegralH" value="0.000000" />
  <attribute name="DerivativeT" value="inf" />
  <attribute name="DerivativeI" value="inf" />
  <attribute name="DerivativeH" value="inf" />
  <attribute name="Loop Time for DT" value="0.000000" />
  <attribute name="Output H" value="8388608"/>
  <attribute name="Output I" value="200"/>
  <attribute name="Output T" value="1"/>
  <attribute name="Target GC Util Change" value ="20.000000" />
  <attribute name="Current GC Util Change" value="37.000000"/>
  <attribute name="GC Util currently" value="37" />
  <attribute name="CPU Util currently" value="10672283924486" />
<exclusive-end id="2143" timestamp="2019-06-17T04:32:09.236" durationms="7.680" />

<exclusive-start id="2144" timestamp="2019-06-17T04:32:09.244" intervalms="14.862">
  <response-info timems="0.080" idlems="0.080" threads="0" lastid="0000000002320700" lastname="main" />
</exclusive-start>
<allocation-taxation id="2145" taxation-threshold="11534336" timestamp="2019-06-17T04:32:09.244" intervalms="14.890" />
<gc-start id="2146" type="global mark phase" contextid="2124" timestamp="2019-06-17T04:32:09.244">
  <mem-info id="2147" free="31457280" total="70254592" percent="44">
    <remembered-set count="22912" freebytes="2712704" totalbytes="2804352" percent="96" regionsoverflowed="0" regionsstable="0" regionsrebuilding="17"/>
  </mem-info>
</gc-start>
<gc-end id="2148" type="global mark phase" contextid="2124" durationms="0.156" usertimems="0.000" systemtimems="0.000" timestamp="2019-06-17T04:32:09.244" activeThreads="1">
  <mem-info id="2149" free="31457280" total="70254592" percent="44">
    <remembered-set count="22912" freebytes="2712704" totalbytes="2804352" percent="96" regionsoverflowed="0" regionsstable="0" regionsrebuilding="17"/>
  </mem-info>
</gc-end>
<concurrent-start id="2150" type="GMP work packet processing" contextid="2124" timestamp="2019-06-17T04:32:09.244">
  <concurrent-mark-start scanTarget="1093191" />
</concurrent-start>
<exclusive-end id="2151" timestamp="2019-06-17T04:32:09.245" durationms="1.558" />

<concurrent-end id="2152" type="GMP work packet processing" contextid="2124" timestamp="2019-06-17T04:32:09.245">
  <concurrent-mark-end bytesScanned="1140328" reasonForTermination="Work target met" />
</concurrent-end>

<exclusive-start id="2153" timestamp="2019-06-17T04:32:09.269" intervalms="25.304">
  <response-info timems="0.062" idlems="0.062" threads="0" lastid="0000000002320700" lastname="main" />
</exclusive-start>
<allocation-taxation id="2154" taxation-threshold="11534336" timestamp="2019-06-17T04:32:09.269" intervalms="25.207" />
<cycle-start id="2155" type="partial gc" contextid="0" timestamp="2019-06-17T04:32:09.269" intervalms="36.468" />
<gc-start id="2156" type="partial gc" contextid="2155" timestamp="2019-06-17T04:32:09.270">
  <mem-info id="2157" free="19922944" total="70254592" percent="28">
    <mem type="eden" free="1048464" total="24117248" percent="4" />
    <remembered-set count="32416" freebytes="2674688" totalbytes="2804352" percent="95" regionsoverflowed="0" regionsstable="0" regionsrebuilding="17"/>
  </mem-info>
</gc-start>
<allocation-stats totalBytes="23037408" >
  <allocated-bytes non-tlh="3064" tlh="23034344" arrayletleaf="0"/>
  <largest-consumer threadName="main" threadId="0000000002320700" bytes="11518992" />
</allocation-stats>
<gc-op id="2158" type="copy forward" timems="1.869" contextid="2155" timestamp="2019-06-17T04:32:09.272">
  <memory-copied type="eden" objects="932" bytes="41080" bytesdiscarded="0" />
  <memory-copied type="other" objects="0" bytes="0" bytesdiscarded="0" />
  <memory-cardclean objects="311" bytes="14376" />
  <regions eden="22" other="1" />
  <remembered-set-cleared processed="29980" cleared="144" durationms="0.336" />
  <references type="soft" candidates="4" cleared="0" enqueued="0" dynamicThreshold="14" maxThreshold="32" />
  <references type="weak" candidates="17" cleared="0" enqueued="0" />
  <stringconstants candidates="13823" cleared="0"  />
</gc-op>
<gc-op id="2159" type="classunload" timems="0.004" contextid="2155" timestamp="2019-06-17T04:32:09.272">
  <classunload-info classloadercandidates="54" classloadersunloaded="0" classesunloaded="0" anonymousclassesunloaded="0" quiescems="0.000" setupms="0.004" scanms="0.000" postms="0.000" />
</gc-op>
<gc-end id="2160" type="partial gc" contextid="2155" durationms="2.929" usertimems="4.000" systemtimems="0.000" timestamp="2019-06-17T04:32:09.273" activeThreads="1">
  <mem-info id="2161" free="42991616" total="70254592" percent="61">
    <mem type="eden" free="1007480" total="1048576" percent="96" />
    <remembered-set count="32768" freebytes="2673280" totalbytes="2804352" percent="95" regionsoverflowed="0" regionsstable="0" regionsrebuilding="17"/>
  </mem-info>
</gc-end>
<cycle-end id="2162" type="partial gc" contextid="2155" timestamp="2019-06-17T04:32:09.273" />
  <attribute name="elasticGC enabled" value="1" />
  <attribute name= "numThreadsSpecified" value="1" />
  <attribute name="heapSize specified" value="0" />
  <attribute name="Current GC Util" value="65" />
  <attribute name= "Current Time Running" value="58707" />
  <attribute name ="GC Interval" value="0" />
  <attribute name="ProportionalT" value="67.500000" />
  <attribute name="ProportionalI" value="67.500000" />
  <attribute name="ProportionalH" value="67.500000" />
  <attribute name="Current Error" value="45.000000" />
  <attribute name="IntegralT" value="0.000000" />
  <attribute name="IntegralI" value="0.000000" />
  <attribute name="IntegralH" value="0.000000" />
  <attribute name="DerivativeT" value="inf" />
  <attribute name="DerivativeI" value="inf" />
  <attribute name="DerivativeH" value="inf" />
  <attribute name="Loop Time for DT" value="0.000000" />
  <attribute name="Output H" value="8388608"/>
  <attribute name="Output I" value="200"/>
  <attribute name="Output T" value="1"/>
  <attribute name="Target GC Util Change" value ="20.000000" />
  <attribute name="Current GC Util Change" value="65.000000"/>
  <attribute name="GC Util currently" value="65" />
  <attribute name="CPU Util currently" value="18818983431315" />
<exclusive-end id="2163" timestamp="2019-06-17T04:32:09.273" durationms="3.990" />

<exclusive-start id="2164" timestamp="2019-06-17T04:32:09.283" intervalms="14.406">
  <response-info timems="0.122" idlems="0.122" threads="0" lastid="0000000002320700" lastname="main" />
</exclusive-start>
<allocation-taxation id="2165" taxation-threshold="11534336" timestamp="2019-06-17T04:32:09.284" intervalms="14.455" />
<gc-start id="2166" type="global mark phase" contextid="2124" timestamp="2019-06-17T04:32:09.284">
  <mem-info id="2167" free="31457280" total="70254592" percent="44">
    <remembered-set count="32512" freebytes="2674304" totalbytes="2804352" percent="95" regionsoverflowed="0" regionsstable="0" regionsrebuilding="17"/>
  </mem-info>
</gc-start>
<gc-end id="2168" type="global mark phase" contextid="2124" durationms="0.090" usertimems="0.000" systemtimems="0.000" timestamp="2019-06-17T04:32:09.284" activeThreads="1">
  <mem-info id="2169" free="31457280" total="70254592" percent="44">
    <remembered-set count="32512" freebytes="2674304" totalbytes="2804352" percent="95" regionsoverflowed="0" regionsstable="0" regionsrebuilding="17"/>
  </mem-info>
</gc-end>
<concurrent-start id="2170" type="GMP work packet processing" contextid="2124" timestamp="2019-06-17T04:32:09.284">
  <concurrent-mark-start scanTarget="1048576" />
</concurrent-start>
<concurrent-end id="2171" type="GMP work packet processing" contextid="2124" timestamp="2019-06-17T04:32:09.286">
  <concurrent-mark-end bytesScanned="1062812" reasonForTermination="Work target met" />
</concurrent-end>

<exclusive-end id="2172" timestamp="2019-06-17T04:32:09.286" durationms="2.929" />

<exclusive-start id="2173" timestamp="2019-06-17T04:32:09.298" intervalms="14.688">
  <response-info timems="0.079" idlems="0.079" threads="0" lastid="0000000002320700" lastname="main" />
</exclusive-start>
<allocation-taxation id="2174" taxation-threshold="11534336" timestamp="2019-06-17T04:32:09.298" intervalms="14.710" />
<cycle-start id="2175" type="partial gc" contextid="0" timestamp="2019-06-17T04:32:09.299" intervalms="29.196" />
<gc-start id="2176" type="partial gc" contextid="2175" timestamp="2019-06-17T04:32:09.299">
  <mem-info id="2177" free="19922944" total="70254592" percent="28">
    <mem type="eden" free="1007480" total="24117248" percent="4" />
    <remembered-set count="43200" freebytes="2631552" totalbytes="2804352" percent="93" regionsoverflowed="0" regionsstable="0" regionsrebuilding="17"/>
  </mem-info>
</gc-start>
<allocation-stats totalBytes="23067800" >
  <allocated-bytes non-tlh="0" tlh="23067800" arrayletleaf="0"/>
  <largest-consumer threadName="main" threadId="0000000002320700" bytes="11534016" />
</allocation-stats>
<gc-op id="2178" type="copy forward" timems="2.047" contextid="2175" timestamp="2019-06-17T04:32:09.302">
  <memory-copied type="eden" objects="22" bytes="704" bytesdiscarded="960" />
  <memory-copied type="other" objects="918" bytes="40600" bytesdiscarded="2784" />
  <memory-cardclean objects="141" bytes="8960" />
  <regions eden="22" other="1" />
  <remembered-set-cleared processed="40622" cleared="170" durationms="0.206" />
  <references type="soft" candidates="4" cleared="0" enqueued="0" dynamicThreshold="14" maxThreshold="32" />
  <references type="weak" candidates="17" cleared="0" enqueued="0" />
  <stringconstants candidates="13823" cleared="0"  />
</gc-op>
<gc-op id="2179" type="classunload" timems="0.005" contextid="2175" timestamp="2019-06-17T04:32:09.302">
  <classunload-info classloadercandidates="54" classloadersunloaded="0" classesunloaded="0" anonymousclassesunloaded="0" quiescems="0.000" setupms="0.005" scanms="0.000" postms="0.000" />
</gc-op>
<heap-resize id="2180" type="expand" space="default" amount="1048576" count="1" timems="0.051" reason="excessive time being spent in gc" timestamp="2019-06-17T04:32:09.302" />
<gc-end id="2181" type="partial gc" contextid="2175" durationms="3.228" usertimems="4.000" systemtimems="0.000" timestamp="2019-06-17T04:32:09.302" activeThreads="4">
  <mem-info id="2182" free="42991616" total="71303168" percent="60">
    <mem type="eden" free="2052088" total="2097152" percent="97" />
    <remembered-set count="43776" freebytes="2671104" totalbytes="2846208" percent="93" regionsoverflowed="0" regionsstable="0" regionsrebuilding="17"/>
  </mem-info>
</gc-end>
<cycle-end id="2183" type="partial gc" contextid="2175" timestamp="2019-06-17T04:32:09.302" />
  <attribute name="elasticGC enabled" value="1" />
  <attribute name= "numThreadsSpecified" value="4" />
  <attribute name="heapSize specified" value="0" />
  <attribute name="Current GC Util" value="82" />
  <attribute name= "Current Time Running" value="58737" />
  <attribute name ="GC Interval" value="0" />
  <attribute name="ProportionalT" value="93.000000" />
  <attribute name="ProportionalI" value="93.000000" />
  <attribute name="ProportionalH" value="93.000000" />
  <attribute name="Current Error" value="62.000000" />
  <attribute name="IntegralT" value="62.000000" />
  <attribute name="IntegralI" value="62.000000" />
  <attribute name="IntegralH" value="62.000000" />
  <attribute name="DerivativeT" value="93.000000" />
  <attribute name="DerivativeI" value="93.000000" />
  <attribute name="DerivativeH" value="93.000000" />
  <attribute name="Loop Time for DT" value="1.000000" />
  <attribute name="Output H" value="8388608"/>
  <attribute name="Output I" value="248"/>
  <attribute name="Output T" value="4"/>
  <attribute name="Target GC Util Change" value ="20.000000" />
  <attribute name="Current GC Util Change" value="82.000000"/>
  <attribute name="GC Util currently" value="82" />
  <attribute name="CPU Util currently" value="19038773643969" />
<exclusive-end id="2184" timestamp="2019-06-17T04:32:09.302" durationms="4.396" />

<exclusive-start id="2185" timestamp="2019-06-17T04:32:09.317" intervalms="18.649">
  <response-info timems="0.078" idlems="0.078" threads="0" lastid="0000000002320700" lastname="main" />
</exclusive-start>
<allocation-taxation id="2186" taxation-threshold="11534336" timestamp="2019-06-17T04:32:09.317" intervalms="18.621" />
<gc-start id="2187" type="global mark phase" contextid="2124" timestamp="2019-06-17T04:32:09.317">
  <mem-info id="2188" free="31457280" total="71303168" percent="44">
    <remembered-set count="43392" freebytes="2672640" totalbytes="2846208" percent="93" regionsoverflowed="0" regionsstable="0" regionsrebuilding="17"/>
  </mem-info>
</gc-start>
<gc-end id="2189" type="global mark phase" contextid="2124" durationms="0.128" usertimems="0.000" systemtimems="0.000" timestamp="2019-06-17T04:32:09.317" activeThreads="4">
  <mem-info id="2190" free="31457280" total="71303168" percent="44">
    <remembered-set count="43392" freebytes="2672640" totalbytes="2846208" percent="93" regionsoverflowed="0" regionsstable="0" regionsrebuilding="17"/>
  </mem-info>
</gc-end>
<concurrent-start id="2191" type="GMP work packet processing" contextid="2124" timestamp="2019-06-17T04:32:09.317">
  <concurrent-mark-start scanTarget="2186382" />
</concurrent-start>
<concurrent-end id="2192" type="GMP work packet processing" contextid="2124" timestamp="2019-06-17T04:32:09.319">
  <concurrent-mark-end bytesScanned="2242688" reasonForTermination="Work target met" />
</concurrent-end>

<exclusive-end id="2193" timestamp="2019-06-17T04:32:09.319" durationms="2.261" />

<exclusive-start id="2194" timestamp="2019-06-17T04:32:09.333" intervalms="16.468">
  <response-info timems="0.068" idlems="0.068" threads="0" lastid="0000000002320700" lastname="main" />
</exclusive-start>
<allocation-taxation id="2195" taxation-threshold="11534336" timestamp="2019-06-17T04:32:09.333" intervalms="16.442" />
<cycle-start id="2196" type="partial gc" contextid="0" timestamp="2019-06-17T04:32:09.334" intervalms="35.023" />
<gc-start id="2197" type="partial gc" contextid="2196" timestamp="2019-06-17T04:32:09.334">
  <mem-info id="2198" free="19922944" total="71303168" percent="27">
    <mem type="eden" free="0" total="23068672" percent="0" />
    <remembered-set count="63328" freebytes="2592896" totalbytes="2846208" percent="91" regionsoverflowed="0" regionsstable="0" regionsrebuilding="17"/>
  </mem-info>
</gc-start>
<allocation-stats totalBytes="23065552" >
  <allocated-bytes non-tlh="0" tlh="23065552" arrayletleaf="0"/>
  <largest-consumer threadName="main" threadId="0000000002320700" bytes="11532584" />
</allocation-stats>
<gc-op id="2199" type="copy forward" timems="1.495" contextid="2196" timestamp="2019-06-17T04:32:09.336">
  <memory-copied type="eden" objects="1" bytes="24" bytesdiscarded="0" />
  <memory-copied type="other" objects="22" bytes="704" bytesdiscarded="680" />
  <memory-cardclean objects="41" bytes="1544" />
  <regions eden="22" other="1" />
  <remembered-set-cleared processed="60206" cleared="27" durationms="0.269" />
  <stringconstants candidates="13823" cleared="0"  />
</gc-op>
<gc-op id="2200" type="classunload" timems="0.005" contextid="2196" timestamp="2019-06-17T04:32:09.336">
  <classunload-info classloadercandidates="54" classloadersunloaded="0" classesunloaded="0" anonymousclassesunloaded="0" quiescems="0.000" setupms="0.005" scanms="0.000" postms="0.000" />
</gc-op>
<heap-resize id="2201" type="expand" space="default" amount="2097152" count="1" timems="0.054" reason="excessive time being spent in gc" timestamp="2019-06-17T04:32:09.336" />
<gc-end id="2202" type="partial gc" contextid="2196" durationms="2.673" usertimems="8.000" systemtimems="0.000" timestamp="2019-06-17T04:32:09.337" activeThreads="4">
  <mem-info id="2203" free="44040192" total="73400320" percent="60">
    <mem type="eden" free="1048552" total="1048576" percent="99" />
    <remembered-set count="62976" freebytes="2678016" totalbytes="2929920" percent="91" regionsoverflowed="0" regionsstable="0" regionsrebuilding="17"/>
  </mem-info>
</gc-end>
<cycle-end id="2204" type="partial gc" contextid="2196" timestamp="2019-06-17T04:32:09.337" />
  <attribute name="elasticGC enabled" value="1" />
  <attribute name= "numThreadsSpecified" value="4" />
  <attribute name="heapSize specified" value="0" />
  <attribute name="Current GC Util" value="58" />
  <attribute name= "Current Time Running" value="58772" />
  <attribute name ="GC Interval" value="0" />
  <attribute name="ProportionalT" value="57.000000" />
  <attribute name="ProportionalI" value="57.000000" />
  <attribute name="ProportionalH" value="57.000000" />
  <attribute name="Current Error" value="38.000000" />
  <attribute name="IntegralT" value="38.000000" />
  <attribute name="IntegralI" value="38.000000" />
  <attribute name="IntegralH" value="38.000000" />
  <attribute name="DerivativeT" value="55.500000" />
  <attribute name="DerivativeI" value="55.500000" />
  <attribute name="DerivativeH" value="55.500000" />
  <attribute name="Loop Time for DT" value="1.000000" />
  <attribute name="Output H" value="8388608"/>
  <attribute name="Output I" value="200"/>
  <attribute name="Output T" value="4"/>
  <attribute name="Target GC Util Change" value ="20.000000" />
  <attribute name="Current GC Util Change" value="58.000000"/>
  <attribute name="GC Util currently" value="58" />
  <attribute name="CPU Util currently" value="19425149887406" />
<exclusive-end id="2205" timestamp="2019-06-17T04:32:09.337" durationms="3.709" />

<exclusive-start id="2206" timestamp="2019-06-17T04:32:09.514" intervalms="181.237">
  <response-info timems="0.082" idlems="0.082" threads="0" lastid="0000000002320700" lastname="main" />
</exclusive-start>
<allocation-taxation id="2207" taxation-threshold="12582912" timestamp="2019-06-17T04:32:09.515" intervalms="181.368" />
<gc-start id="2208" type="global mark phase" contextid="2124" timestamp="2019-06-17T04:32:09.515">
  <mem-info id="2209" free="31457280" total="73400320" percent="42">
    <remembered-set count="62592" freebytes="2679552" totalbytes="2929920" percent="91" regionsoverflowed="0" regionsstable="0" regionsrebuilding="17"/>
  </mem-info>
</gc-start>
<gc-end id="2210" type="global mark phase" contextid="2124" durationms="0.229" usertimems="0.000" systemtimems="0.000" timestamp="2019-06-17T04:32:09.515" activeThreads="4">
  <mem-info id="2211" free="31457280" total="73400320" percent="42">
    <remembered-set count="62592" freebytes="2679552" totalbytes="2929920" percent="91" regionsoverflowed="0" regionsstable="0" regionsrebuilding="17"/>
  </mem-info>
</gc-end>
<concurrent-start id="2212" type="GMP work packet processing" contextid="2124" timestamp="2019-06-17T04:32:09.515">
  <concurrent-mark-start scanTarget="2186382" />
</concurrent-start>
<concurrent-end id="2213" type="GMP work packet processing" contextid="2124" timestamp="2019-06-17T04:32:09.517">
  <concurrent-mark-end bytesScanned="2229052" reasonForTermination="Work target met" />
</concurrent-end>

<exclusive-end id="2214" timestamp="2019-06-17T04:32:09.517" durationms="2.507" />

<exclusive-start id="2215" timestamp="2019-06-17T04:32:09.521" intervalms="6.697">
  <response-info timems="0.071" idlems="0.071" threads="0" lastid="0000000002320700" lastname="main" />
</exclusive-start>
<allocation-taxation id="2216" taxation-threshold="12582912" timestamp="2019-06-17T04:32:09.521" intervalms="6.658" />
<cycle-start id="2217" type="partial gc" contextid="0" timestamp="2019-06-17T04:32:09.522" intervalms="188.036" />
<gc-start id="2218" type="partial gc" contextid="2217" timestamp="2019-06-17T04:32:09.522">
  <mem-info id="2219" free="18874368" total="73400320" percent="25">
    <mem type="eden" free="1048552" total="26214400" percent="3" />
    <remembered-set count="87392" freebytes="2580352" totalbytes="2929920" percent="88" regionsoverflowed="0" regionsstable="0" regionsrebuilding="17"/>
  </mem-info>
</gc-start>
<allocation-stats totalBytes="25113256" >
  <allocated-bytes non-tlh="0" tlh="25113256" arrayletleaf="0"/>
  <largest-consumer threadName="main" threadId="0000000002320700" bytes="12536832" />
</allocation-stats>
<gc-op id="2220" type="copy forward" timems="1.755" contextid="2217" timestamp="2019-06-17T04:32:09.525">
  <memory-copied type="eden" objects="69" bytes="2864" bytesdiscarded="0" />
  <memory-copied type="other" objects="0" bytes="0" bytesdiscarded="0" />
  <memory-cardclean objects="111" bytes="3480" />
  <regions eden="24" other="1" />
  <remembered-set-cleared processed="85020" cleared="56" durationms="0.646" />
  <stringconstants candidates="13823" cleared="0"  />
</gc-op>
<gc-op id="2221" type="classunload" timems="0.005" contextid="2217" timestamp="2019-06-17T04:32:09.525">
  <classunload-info classloadercandidates="54" classloadersunloaded="0" classesunloaded="0" anonymousclassesunloaded="0" quiescems="0.000" setupms="0.003" scanms="0.000" postms="0.000" />
</gc-op>
<gc-end id="2222" type="partial gc" contextid="2217" durationms="2.989" usertimems="4.000" systemtimems="0.000" timestamp="2019-06-17T04:32:09.525" activeThreads="1">
  <mem-info id="2223" free="44040192" total="73400320" percent="60">
    <mem type="eden" free="1045712" total="1048576" percent="99" />
    <remembered-set count="87808" freebytes="2578688" totalbytes="2929920" percent="88" regionsoverflowed="0" regionsstable="0" regionsrebuilding="17"/>
  </mem-info>
</gc-end>
<cycle-end id="2224" type="partial gc" contextid="2217" timestamp="2019-06-17T04:32:09.525" />
  <attribute name="elasticGC enabled" value="1" />
  <attribute name= "numThreadsSpecified" value="1" />
  <attribute name="heapSize specified" value="0" />
  <attribute name="Current GC Util" value="64" />
  <attribute name= "Current Time Running" value="58960" />
  <attribute name ="GC Interval" value="0" />
  <attribute name="ProportionalT" value="66.000000" />
  <attribute name="ProportionalI" value="66.000000" />
  <attribute name="ProportionalH" value="66.000000" />
  <attribute name="Current Error" value="44.000000" />
  <attribute name="IntegralT" value="0.000000" />
  <attribute name="IntegralI" value="0.000000" />
  <attribute name="IntegralH" value="0.000000" />
  <attribute name="DerivativeT" value="inf" />
  <attribute name="DerivativeI" value="inf" />
  <attribute name="DerivativeH" value="inf" />
  <attribute name="Loop Time for DT" value="0.000000" />
  <attribute name="Output H" value="8388608"/>
  <attribute name="Output I" value="200"/>
  <attribute name="Output T" value="1"/>
  <attribute name="Target GC Util Change" value ="20.000000" />
  <attribute name="Current GC Util Change" value="64.000000"/>
  <attribute name="GC Util currently" value="64" />
  <attribute name="CPU Util currently" value="16600024420383" />
<exclusive-end id="2225" timestamp="2019-06-17T04:32:09.525" durationms="4.375" />

<exclusive-start id="2226" timestamp="2019-06-17T04:32:09.530" intervalms="8.462">
  <response-info timems="0.060" idlems="0.060" threads="0" lastid="0000000002320700" lastname="main" />
</exclusive-start>
<allocation-taxation id="2227" taxation-threshold="12582912" timestamp="2019-06-17T04:32:09.530" intervalms="8.374" />
<gc-start id="2228" type="global mark phase" contextid="2124" timestamp="2019-06-17T04:32:09.530">
  <mem-info id="2229" free="31457280" total="73400320" percent="42">
    <remembered-set count="87392" freebytes="2580352" totalbytes="2929920" percent="88" regionsoverflowed="0" regionsstable="0" regionsrebuilding="17"/>
  </mem-info>
</gc-start>
<gc-end id="2230" type="global mark phase" contextid="2124" durationms="0.146" usertimems="0.000" systemtimems="0.000" timestamp="2019-06-17T04:32:09.530" activeThreads="1">
  <mem-info id="2231" free="31457280" total="73400320" percent="42">
    <remembered-set count="87392" freebytes="2580352" totalbytes="2929920" percent="88" regionsoverflowed="0" regionsstable="0" regionsrebuilding="17"/>
  </mem-info>
</gc-end>
<concurrent-start id="2232" type="GMP work packet processing" contextid="2124" timestamp="2019-06-17T04:32:09.530">
  <concurrent-mark-start scanTarget="1048576" />
</concurrent-start>
<exclusive-end id="2233" timestamp="2019-06-17T04:32:09.530" durationms="0.826" />

<exclusive-start id="2234" timestamp="2019-06-17T04:32:09.535" intervalms="5.392">
  <response-info timems="0.055" idlems="0.055" threads="0" lastid="0000000002320700" lastname="main" />
</exclusive-start>
<allocation-taxation id="2236" taxation-threshold="12582912" timestamp="2019-06-17T04:32:09.535" intervalms="5.316" />
<concurrent-end id="2235" type="GMP work packet processing" contextid="2124" timestamp="2019-06-17T04:32:09.535">
  <concurrent-mark-end bytesScanned="1090268" reasonForTermination="Work target met" />
</concurrent-end>

<cycle-start id="2237" type="partial gc" contextid="0" timestamp="2019-06-17T04:32:09.535" intervalms="13.662" />
<gc-start id="2238" type="partial gc" contextid="2237" timestamp="2019-06-17T04:32:09.535">
  <mem-info id="2239" free="18874368" total="73400320" percent="25">
    <mem type="eden" free="0" total="25165824" percent="0" />
    <remembered-set count="95072" freebytes="2549632" totalbytes="2929920" percent="87" regionsoverflowed="0" regionsstable="0" regionsrebuilding="17"/>
  </mem-info>
</gc-start>
<allocation-stats totalBytes="25071200" >
  <allocated-bytes non-tlh="0" tlh="25071200" arrayletleaf="0"/>
  <largest-consumer threadName="main" threadId="0000000002320700" bytes="12536832" />
</allocation-stats>
<gc-op id="2240" type="copy forward" timems="1.658" contextid="2237" timestamp="2019-06-17T04:32:09.538">
  <memory-copied type="eden" objects="1" bytes="32" bytesdiscarded="0" />
  <memory-copied type="other" objects="68" bytes="2832" bytesdiscarded="0" />
  <memory-cardclean objects="79" bytes="2920" />
  <regions eden="24" other="1" />
  <remembered-set-cleared processed="92330" cleared="48" durationms="0.639" />
  <stringconstants candidates="13823" cleared="0"  />
</gc-op>
<gc-op id="2241" type="classunload" timems="0.004" contextid="2237" timestamp="2019-06-17T04:32:09.538">
  <classunload-info classloadercandidates="54" classloadersunloaded="0" classesunloaded="0" anonymousclassesunloaded="0" quiescems="0.000" setupms="0.004" scanms="0.000" postms="0.000" />
</gc-op>
<heap-resize id="2242" type="expand" space="default" amount="3145728" count="1" timems="0.064" reason="excessive time being spent in gc" timestamp="2019-06-17T04:32:09.538" />
<gc-end id="2243" type="partial gc" contextid="2237" durationms="2.803" usertimems="4.000" systemtimems="0.000" timestamp="2019-06-17T04:32:09.538" activeThreads="1">
  <mem-info id="2244" free="46137344" total="76546048" percent="60">
    <mem type="eden" free="1048544" total="1048576" percent="99" />
    <remembered-set count="95488" freebytes="2673536" totalbytes="3055488" percent="87" regionsoverflowed="0" regionsstable="0" regionsrebuilding="17"/>
  </mem-info>
</gc-end>
<cycle-end id="2245" type="partial gc" contextid="2237" timestamp="2019-06-17T04:32:09.538" />
  <attribute name="elasticGC enabled" value="1" />
  <attribute name= "numThreadsSpecified" value="1" />
  <attribute name="heapSize specified" value="0" />
  <attribute name="Current GC Util" value="71" />
  <attribute name= "Current Time Running" value="58973" />
  <attribute name ="GC Interval" value="0" />
  <attribute name="ProportionalT" value="76.500000" />
  <attribute name="ProportionalI" value="76.500000" />
  <attribute name="ProportionalH" value="76.500000" />
  <attribute name="Current Error" value="51.000000" />
  <attribute name="IntegralT" value="0.000000" />
  <attribute name="IntegralI" value="0.000000" />
  <attribute name="IntegralH" value="0.000000" />
  <attribute name="DerivativeT" value="inf" />
  <attribute name="DerivativeI" value="inf" />
  <attribute name="DerivativeH" value="inf" />
  <attribute name="Loop Time for DT" value="0.000000" />
  <attribute name="Output H" value="8388608"/>
  <attribute name="Output I" value="200"/>
  <attribute name="Output T" value="1"/>
  <attribute name="Target GC Util Change" value ="20.000000" />
  <attribute name="Current GC Util Change" value="71.000000"/>
  <attribute name="GC Util currently" value="71" />
  <attribute name="CPU Util currently" value="21187665036407" />
<exclusive-end id="2246" timestamp="2019-06-17T04:32:09.539" durationms="3.715" />

<exclusive-start id="2247" timestamp="2019-06-17T04:32:09.543" intervalms="7.871">
  <response-info timems="0.074" idlems="0.074" threads="0" lastid="0000000002320700" lastname="main" />
</exclusive-start>
<allocation-taxation id="2248" taxation-threshold="12582912" timestamp="2019-06-17T04:32:09.543" intervalms="7.964" />
<gc-start id="2249" type="global mark phase" contextid="2124" timestamp="2019-06-17T04:32:09.543">
  <mem-info id="2250" free="33554432" total="76546048" percent="43">
    <remembered-set count="95104" freebytes="2675072" totalbytes="3055488" percent="87" regionsoverflowed="0" regionsstable="0" regionsrebuilding="17"/>
  </mem-info>
</gc-start>
<gc-end id="2251" type="global mark phase" contextid="2124" durationms="0.118" usertimems="0.000" systemtimems="0.000" timestamp="2019-06-17T04:32:09.543" activeThreads="1">
  <mem-info id="2252" free="33554432" total="76546048" percent="43">
    <remembered-set count="95104" freebytes="2675072" totalbytes="3055488" percent="87" regionsoverflowed="0" regionsstable="0" regionsrebuilding="17"/>
  </mem-info>
</gc-end>
<concurrent-start id="2253" type="GMP work packet processing" contextid="2124" timestamp="2019-06-17T04:32:09.543">
  <concurrent-mark-start scanTarget="1048576" />
</concurrent-start>
<exclusive-end id="2254" timestamp="2019-06-17T04:32:09.544" durationms="0.730" />

<concurrent-end id="2255" type="GMP work packet processing" contextid="2124" timestamp="2019-06-17T04:32:09.544">
  <concurrent-mark-end bytesScanned="1088652" reasonForTermination="Work target met" />
</concurrent-end>

<exclusive-start id="2256" timestamp="2019-06-17T04:32:09.548" intervalms="5.240">
  <response-info timems="0.026" idlems="0.026" threads="0" lastid="0000000002320700" lastname="main" />
</exclusive-start>
<allocation-taxation id="2257" taxation-threshold="12582912" timestamp="2019-06-17T04:32:09.548" intervalms="5.136" />
<cycle-start id="2258" type="partial gc" contextid="0" timestamp="2019-06-17T04:32:09.548" intervalms="12.921" />
<gc-start id="2259" type="partial gc" contextid="2258" timestamp="2019-06-17T04:32:09.548">
  <mem-info id="2260" free="20971520" total="76546048" percent="27">
    <mem type="eden" free="1048544" total="26214400" percent="3" />
    <remembered-set count="102304" freebytes="2646272" totalbytes="3055488" percent="86" regionsoverflowed="0" regionsstable="0" regionsrebuilding="17"/>
  </mem-info>
</gc-start>
<allocation-stats totalBytes="25074488" >
  <allocated-bytes non-tlh="0" tlh="25074488" arrayletleaf="0"/>
  <largest-consumer threadName="main" threadId="0000000002320700" bytes="12540120" />
</allocation-stats>
<gc-op id="2261" type="copy forward" timems="1.519" contextid="2258" timestamp="2019-06-17T04:32:09.550">
  <memory-copied type="eden" objects="2" bytes="56" bytesdiscarded="0" />
  <memory-copied type="other" objects="0" bytes="0" bytesdiscarded="0" />
  <memory-cardclean objects="20" bytes="424" />
  <regions eden="24" other="1" />
  <remembered-set-cleared processed="99558" cleared="5" durationms="0.659" />
  <stringconstants candidates="13823" cleared="0"  />
</gc-op>
<gc-op id="2262" type="classunload" timems="0.004" contextid="2258" timestamp="2019-06-17T04:32:09.550">
  <classunload-info classloadercandidates="54" classloadersunloaded="0" classesunloaded="0" anonymousclassesunloaded="0" quiescems="0.000" setupms="0.004" scanms="0.000" postms="0.000" />
</gc-op>
<gc-end id="2263" type="partial gc" contextid="2258" durationms="2.347" usertimems="0.000" systemtimems="0.000" timestamp="2019-06-17T04:32:09.551" activeThreads="1">
  <mem-info id="2264" free="46137344" total="76546048" percent="60">
    <mem type="eden" free="1048520" total="1048576" percent="99" />
    <remembered-set count="102784" freebytes="2644352" totalbytes="3055488" percent="86" regionsoverflowed="0" regionsstable="0" regionsrebuilding="17"/>
  </mem-info>
</gc-end>
<cycle-end id="2265" type="partial gc" contextid="2258" timestamp="2019-06-17T04:32:09.551" />
  <attribute name="elasticGC enabled" value="1" />
  <attribute name= "numThreadsSpecified" value="1" />
  <attribute name="heapSize specified" value="0" />
  <attribute name="Current GC Util" value="74" />
  <attribute name= "Current Time Running" value="58986" />
  <attribute name ="GC Interval" value="0" />
  <attribute name="ProportionalT" value="81.000000" />
  <attribute name="ProportionalI" value="81.000000" />
  <attribute name="ProportionalH" value="81.000000" />
  <attribute name="Current Error" value="54.000000" />
  <attribute name="IntegralT" value="0.000000" />
  <attribute name="IntegralI" value="0.000000" />
  <attribute name="IntegralH" value="0.000000" />
  <attribute name="DerivativeT" value="inf" />
  <attribute name="DerivativeI" value="inf" />
  <attribute name="DerivativeH" value="inf" />
  <attribute name="Loop Time for DT" value="0.000000" />
  <attribute name="Output H" value="8388608"/>
  <attribute name="Output I" value="200"/>
  <attribute name="Output T" value="1"/>
  <attribute name="Target GC Util Change" value ="20.000000" />
  <attribute name="Current GC Util Change" value="74.000000"/>
  <attribute name="GC Util currently" value="74" />
  <attribute name="CPU Util currently" value="25821310101070" />
<exclusive-end id="2266" timestamp="2019-06-17T04:32:09.551" durationms="2.984" />

<exclusive-start id="2267" timestamp="2019-06-17T04:32:09.555" intervalms="7.025">
  <response-info timems="0.081" idlems="0.081" threads="0" lastid="0000000002320700" lastname="main" />
</exclusive-start>
<allocation-taxation id="2268" taxation-threshold="12582912" timestamp="2019-06-17T04:32:09.555" intervalms="7.124" />
<gc-start id="2269" type="global mark phase" contextid="2124" timestamp="2019-06-17T04:32:09.555">
  <mem-info id="2270" free="33554432" total="76546048" percent="43">
    <remembered-set count="102336" freebytes="2646144" totalbytes="3055488" percent="86" regionsoverflowed="0" regionsstable="0" regionsrebuilding="17"/>
  </mem-info>
</gc-start>
<gc-end id="2271" type="global mark phase" contextid="2124" durationms="0.073" usertimems="0.000" systemtimems="0.000" timestamp="2019-06-17T04:32:09.556" activeThreads="1">
  <mem-info id="2272" free="33554432" total="76546048" percent="43">
    <remembered-set count="102336" freebytes="2646144" totalbytes="3055488" percent="86" regionsoverflowed="0" regionsstable="0" regionsrebuilding="17"/>
  </mem-info>
</gc-end>
<concurrent-start id="2273" type="GMP work packet processing" contextid="2124" timestamp="2019-06-17T04:32:09.556">
  <concurrent-mark-start scanTarget="1048576" />
</concurrent-start>
<exclusive-end id="2274" timestamp="2019-06-17T04:32:09.556" durationms="0.705" />

<concurrent-end id="2275" type="GMP work packet processing" contextid="2124" timestamp="2019-06-17T04:32:09.557">
  <concurrent-mark-end bytesScanned="1089004" reasonForTermination="Work target met" />
</concurrent-end>

<exclusive-start id="2276" timestamp="2019-06-17T04:32:09.560" intervalms="5.302">
  <response-info timems="0.068" idlems="0.068" threads="0" lastid="0000000002320700" lastname="main" />
</exclusive-start>
<allocation-taxation id="2277" taxation-threshold="12582912" timestamp="2019-06-17T04:32:09.560" intervalms="5.205" />
<cycle-start id="2278" type="partial gc" contextid="0" timestamp="2019-06-17T04:32:09.561" intervalms="12.394" />
<gc-start id="2279" type="partial gc" contextid="2278" timestamp="2019-06-17T04:32:09.561">
  <mem-info id="2280" free="20971520" total="76546048" percent="27">
    <mem type="eden" free="1048520" total="26214400" percent="3" />
    <remembered-set count="113568" freebytes="2601216" totalbytes="3055488" percent="85" regionsoverflowed="0" regionsstable="0" regionsrebuilding="17"/>
  </mem-info>
</gc-start>
<allocation-stats totalBytes="25080968" >
  <allocated-bytes non-tlh="0" tlh="25080968" arrayletleaf="0"/>
  <largest-consumer threadName="main" threadId="0000000002320700" bytes="12541704" />
</allocation-stats>
<gc-op id="2281" type="copy forward" timems="1.521" contextid="2278" timestamp="2019-06-17T04:32:09.563">
  <memory-copied type="eden" objects="2" bytes="56" bytesdiscarded="0" />
  <memory-copied type="other" objects="0" bytes="0" bytesdiscarded="0" />
  <memory-cardclean objects="20" bytes="424" />
  <regions eden="24" other="1" />
  <remembered-set-cleared processed="110837" cleared="5" durationms="0.694" />
  <stringconstants candidates="13823" cleared="0"  />
</gc-op>
<gc-op id="2282" type="classunload" timems="0.003" contextid="2278" timestamp="2019-06-17T04:32:09.563">
  <classunload-info classloadercandidates="54" classloadersunloaded="0" classesunloaded="0" anonymousclassesunloaded="0" quiescems="0.000" setupms="0.003" scanms="0.000" postms="0.000" />
</gc-op>
<gc-end id="2283" type="partial gc" contextid="2278" durationms="2.440" usertimems="4.000" systemtimems="0.000" timestamp="2019-06-17T04:32:09.563" activeThreads="1">
  <mem-info id="2284" free="46137344" total="76546048" percent="60">
    <mem type="eden" free="1048520" total="1048576" percent="99" />
    <remembered-set count="114016" freebytes="2599424" totalbytes="3055488" percent="85" regionsoverflowed="0" regionsstable="0" regionsrebuilding="17"/>
  </mem-info>
</gc-end>
<cycle-end id="2285" type="partial gc" contextid="2278" timestamp="2019-06-17T04:32:09.563" />
  <attribute name="elasticGC enabled" value="1" />
  <attribute name= "numThreadsSpecified" value="1" />
  <attribute name="heapSize specified" value="0" />
  <attribute name="Current GC Util" value="62" />
  <attribute name= "Current Time Running" value="58998" />
  <attribute name ="GC Interval" value="0" />
  <attribute name="ProportionalT" value="63.000000" />
  <attribute name="ProportionalI" value="63.000000" />
  <attribute name="ProportionalH" value="63.000000" />
  <attribute name="Current Error" value="42.000000" />
  <attribute name="IntegralT" value="0.000000" />
  <attribute name="IntegralI" value="0.000000" />
  <attribute name="IntegralH" value="0.000000" />
  <attribute name="DerivativeT" value="inf" />
  <attribute name="DerivativeI" value="inf" />
  <attribute name="DerivativeH" value="inf" />
  <attribute name="Loop Time for DT" value="0.000000" />
  <attribute name="Output H" value="8388608"/>
  <attribute name="Output I" value="200"/>
  <attribute name="Output T" value="1"/>
  <attribute name="Target GC Util Change" value ="20.000000" />
  <attribute name="Current GC Util Change" value="62.000000"/>
  <attribute name="GC Util currently" value="62" />
  <attribute name="CPU Util currently" value="20707320724656" />
<exclusive-end id="2286" timestamp="2019-06-17T04:32:09.564" durationms="3.157" />

<exclusive-start id="2287" timestamp="2019-06-17T04:32:09.568" intervalms="7.277">
  <response-info timems="0.073" idlems="0.073" threads="0" lastid="0000000002320700" lastname="main" />
</exclusive-start>
<allocation-taxation id="2288" taxation-threshold="12582912" timestamp="2019-06-17T04:32:09.568" intervalms="7.373" />
<gc-start id="2289" type="global mark phase" contextid="2124" timestamp="2019-06-17T04:32:09.568">
  <mem-info id="2290" free="33554432" total="76546048" percent="43">
    <remembered-set count="113568" freebytes="2601216" totalbytes="3055488" percent="85" regionsoverflowed="0" regionsstable="0" regionsrebuilding="17"/>
  </mem-info>
</gc-start>
<gc-end id="2291" type="global mark phase" contextid="2124" durationms="0.118" usertimems="0.000" systemtimems="0.000" timestamp="2019-06-17T04:32:09.568" activeThreads="1">
  <mem-info id="2292" free="33554432" total="76546048" percent="43">
    <remembered-set count="113568" freebytes="2601216" totalbytes="3055488" percent="85" regionsoverflowed="0" regionsstable="0" regionsrebuilding="17"/>
  </mem-info>
</gc-end>
<concurrent-start id="2293" type="GMP work packet processing" contextid="2124" timestamp="2019-06-17T04:32:09.568">
  <concurrent-mark-start scanTarget="1048576" />
</concurrent-start>
<exclusive-end id="2294" timestamp="2019-06-17T04:32:09.568" durationms="0.590" />

<concurrent-end id="2295" type="GMP work packet processing" contextid="2124" timestamp="2019-06-17T04:32:09.569">
  <concurrent-mark-end bytesScanned="1090272" reasonForTermination="Work target met" />
</concurrent-end>

<exclusive-start id="2296" timestamp="2019-06-17T04:32:09.573" intervalms="5.063">
  <response-info timems="0.025" idlems="0.025" threads="0" lastid="0000000002320700" lastname="main" />
</exclusive-start>
<allocation-taxation id="2297" taxation-threshold="12582912" timestamp="2019-06-17T04:32:09.573" intervalms="4.966" />
<cycle-start id="2298" type="partial gc" contextid="0" timestamp="2019-06-17T04:32:09.573" intervalms="12.273" />
<gc-start id="2299" type="partial gc" contextid="2298" timestamp="2019-06-17T04:32:09.573">
  <mem-info id="2300" free="20971520" total="76546048" percent="27">
    <mem type="eden" free="1048520" total="26214400" percent="3" />
    <remembered-set count="125920" freebytes="2551808" totalbytes="3055488" percent="83" regionsoverflowed="0" regionsstable="0" regionsrebuilding="17"/>
  </mem-info>
</gc-start>
<allocation-stats totalBytes="25080968" >
  <allocated-bytes non-tlh="0" tlh="25080968" arrayletleaf="0"/>
  <largest-consumer threadName="main" threadId="0000000002320700" bytes="12541704" />
</allocation-stats>
<gc-op id="2301" type="copy forward" timems="1.616" contextid="2298" timestamp="2019-06-17T04:32:09.575">
  <memory-copied type="eden" objects="2" bytes="56" bytesdiscarded="0" />
  <memory-copied type="other" objects="0" bytes="0" bytesdiscarded="0" />
  <memory-cardclean objects="20" bytes="424" />
  <regions eden="24" other="1" />
  <remembered-set-cleared processed="123448" cleared="5" durationms="0.764" />
  <stringconstants candidates="13823" cleared="0"  />
</gc-op>
<gc-op id="2302" type="classunload" timems="0.004" contextid="2298" timestamp="2019-06-17T04:32:09.575">
  <classunload-info classloadercandidates="54" classloadersunloaded="0" classesunloaded="0" anonymousclassesunloaded="0" quiescems="0.000" setupms="0.004" scanms="0.000" postms="0.000" />
</gc-op>
<gc-end id="2303" type="partial gc" contextid="2298" durationms="2.445" usertimems="4.000" systemtimems="0.000" timestamp="2019-06-17T04:32:09.575" activeThreads="1">
  <mem-info id="2304" free="46137344" total="76546048" percent="60">
    <mem type="eden" free="1048520" total="1048576" percent="99" />
    <remembered-set count="126368" freebytes="2550016" totalbytes="3055488" percent="83" regionsoverflowed="0" regionsstable="0" regionsrebuilding="17"/>
  </mem-info>
</gc-end>
<cycle-end id="2305" type="partial gc" contextid="2298" timestamp="2019-06-17T04:32:09.576" />
  <attribute name="elasticGC enabled" value="1" />
  <attribute name= "numThreadsSpecified" value="1" />
  <attribute name="heapSize specified" value="0" />
  <attribute name="Current GC Util" value="69" />
  <attribute name= "Current Time Running" value="59010" />
  <attribute name ="GC Interval" value="0" />
  <attribute name="ProportionalT" value="73.500000" />
  <attribute name="ProportionalI" value="73.500000" />
  <attribute name="ProportionalH" value="73.500000" />
  <attribute name="Current Error" value="49.000000" />
  <attribute name="IntegralT" value="0.000000" />
  <attribute name="IntegralI" value="0.000000" />
  <attribute name="IntegralH" value="0.000000" />
  <attribute name="DerivativeT" value="inf" />
  <attribute name="DerivativeI" value="inf" />
  <attribute name="DerivativeH" value="inf" />
  <attribute name="Loop Time for DT" value="0.000000" />
  <attribute name="Output H" value="8388608"/>
  <attribute name="Output I" value="200"/>
  <attribute name="Output T" value="1"/>
  <attribute name="Target GC Util Change" value ="20.000000" />
  <attribute name="Current GC Util Change" value="69.000000"/>
  <attribute name="GC Util currently" value="69" />
  <attribute name="CPU Util currently" value="26366955494692" />
<exclusive-end id="2306" timestamp="2019-06-17T04:32:09.576" durationms="3.071" />

<exclusive-start id="2307" timestamp="2019-06-17T04:32:09.580" intervalms="7.213">
  <response-info timems="0.067" idlems="0.067" threads="0" lastid="0000000002320700" lastname="main" />
</exclusive-start>
<allocation-taxation id="2308" taxation-threshold="12582912" timestamp="2019-06-17T04:32:09.580" intervalms="7.312" />
<gc-start id="2309" type="global mark phase" contextid="2124" timestamp="2019-06-17T04:32:09.580">
  <mem-info id="2310" free="33554432" total="76546048" percent="43">
    <remembered-set count="125920" freebytes="2551808" totalbytes="3055488" percent="83" regionsoverflowed="0" regionsstable="0" regionsrebuilding="17"/>
  </mem-info>
</gc-start>
<gc-end id="2311" type="global mark phase" contextid="2124" durationms="0.112" usertimems="0.000" systemtimems="0.000" timestamp="2019-06-17T04:32:09.580" activeThreads="1">
  <mem-info id="2312" free="33554432" total="76546048" percent="43">
    <remembered-set count="125920" freebytes="2551808" totalbytes="3055488" percent="83" regionsoverflowed="0" regionsstable="0" regionsrebuilding="17"/>
  </mem-info>
</gc-end>
<concurrent-start id="2313" type="GMP work packet processing" contextid="2124" timestamp="2019-06-17T04:32:09.580">
  <concurrent-mark-start scanTarget="1048576" />
</concurrent-start>
<exclusive-end id="2314" timestamp="2019-06-17T04:32:09.581" durationms="0.632" />

<concurrent-end id="2315" type="GMP work packet processing" contextid="2124" timestamp="2019-06-17T04:32:09.581">
  <concurrent-mark-end bytesScanned="234676" reasonForTermination="Completed all work in GC phase" />
</concurrent-end>

<exclusive-start id="2316" timestamp="2019-06-17T04:32:09.585" intervalms="4.737">
  <response-info timems="0.055" idlems="0.055" threads="0" lastid="0000000002320700" lastname="main" />
</exclusive-start>
<allocation-taxation id="2317" taxation-threshold="12582912" timestamp="2019-06-17T04:32:09.585" intervalms="4.636" />
<cycle-start id="2318" type="partial gc" contextid="0" timestamp="2019-06-17T04:32:09.585" intervalms="11.946" />
<gc-start id="2319" type="partial gc" contextid="2318" timestamp="2019-06-17T04:32:09.585">
  <mem-info id="2320" free="20971520" total="76546048" percent="27">
    <mem type="eden" free="1048520" total="26214400" percent="3" />
    <remembered-set count="126880" freebytes="2547968" totalbytes="3055488" percent="83" regionsoverflowed="0" regionsstable="0" regionsrebuilding="17"/>
  </mem-info>
</gc-start>
<allocation-stats totalBytes="25080968" >
  <allocated-bytes non-tlh="0" tlh="25080968" arrayletleaf="0"/>
  <largest-consumer threadName="main" threadId="0000000002320700" bytes="12541704" />
</allocation-stats>
<gc-op id="2321" type="copy forward" timems="1.558" contextid="2318" timestamp="2019-06-17T04:32:09.587">
  <memory-copied type="eden" objects="2" bytes="56" bytesdiscarded="0" />
  <memory-copied type="other" objects="0" bytes="0" bytesdiscarded="0" />
  <memory-cardclean objects="20" bytes="424" />
  <regions eden="24" other="1" />
  <remembered-set-cleared processed="124776" cleared="5" durationms="0.753" />
  <stringconstants candidates="13823" cleared="0"  />
</gc-op>
<gc-op id="2322" type="classunload" timems="0.003" contextid="2318" timestamp="2019-06-17T04:32:09.587">
  <classunload-info classloadercandidates="54" classloadersunloaded="0" classesunloaded="0" anonymousclassesunloaded="0" quiescems="0.000" setupms="0.003" scanms="0.000" postms="0.000" />
</gc-op>
<gc-end id="2323" type="partial gc" contextid="2318" durationms="2.525" usertimems="0.000" systemtimems="4.000" timestamp="2019-06-17T04:32:09.587" activeThreads="1">
  <mem-info id="2324" free="46137344" total="76546048" percent="60">
    <mem type="eden" free="1048520" total="1048576" percent="99" />
    <remembered-set count="127360" freebytes="2546048" totalbytes="3055488" percent="83" regionsoverflowed="0" regionsstable="0" regionsrebuilding="17"/>
  </mem-info>
</gc-end>
<cycle-end id="2325" type="partial gc" contextid="2318" timestamp="2019-06-17T04:32:09.588" />
  <attribute name="elasticGC enabled" value="1" />
  <attribute name= "numThreadsSpecified" value="1" />
  <attribute name="heapSize specified" value="0" />
  <attribute name="Current GC Util" value="53" />
  <attribute name= "Current Time Running" value="59022" />
  <attribute name ="GC Interval" value="0" />
  <attribute name="ProportionalT" value="49.500000" />
  <attribute name="ProportionalI" value="49.500000" />
  <attribute name="ProportionalH" value="49.500000" />
  <attribute name="Current Error" value="33.000000" />
  <attribute name="IntegralT" value="0.000000" />
  <attribute name="IntegralI" value="0.000000" />
  <attribute name="IntegralH" value="0.000000" />
  <attribute name="DerivativeT" value="inf" />
  <attribute name="DerivativeI" value="inf" />
  <attribute name="DerivativeH" value="inf" />
  <attribute name="Loop Time for DT" value="0.000000" />
  <attribute name="Output H" value="8388608"/>
  <attribute name="Output I" value="200"/>
  <attribute name="Output T" value="1"/>
  <attribute name="Target GC Util Change" value ="20.000000" />
  <attribute name="Current GC Util Change" value="53.000000"/>
  <attribute name="GC Util currently" value="53" />
  <attribute name="CPU Util currently" value="18416982092015" />
<exclusive-end id="2326" timestamp="2019-06-17T04:32:09.588" durationms="3.212" />

<exclusive-start id="2327" timestamp="2019-06-17T04:32:09.592" intervalms="7.393">
  <response-info timems="0.080" idlems="0.080" threads="0" lastid="0000000002320700" lastname="main" />
</exclusive-start>
<allocation-taxation id="2328" taxation-threshold="12582912" timestamp="2019-06-17T04:32:09.592" intervalms="7.429" />
<gc-start id="2329" type="global mark phase" contextid="2124" timestamp="2019-06-17T04:32:09.592">
  <mem-info id="2330" free="33554432" total="76546048" percent="43">
    <remembered-set count="126880" freebytes="2547968" totalbytes="3055488" percent="83" regionsoverflowed="0" regionsstable="0" regionsrebuilding="17"/>
  </mem-info>
</gc-start>
<gc-op id="2331" type="mark increment" timems="1.846" contextid="2124" timestamp="2019-06-17T04:32:09.594">
  <trace-info objectcount="976" scancount="591" scanbytes="17368" />
  <cardclean-info objects="400" bytes="16548" />
  <finalization candidates="79" enqueued="0" />
  <ownableSynchronizers candidates="23" cleared="0" />
  <references type="soft" candidates="4757" cleared="0" enqueued="0" dynamicThreshold="19" maxThreshold="32" />
  <references type="weak" candidates="5718" cleared="4" enqueued="3" />
  <references type="phantom" candidates="100" cleared="0" enqueued="0" />
  <stringconstants candidates="13823" cleared="6"  />
</gc-op>
<gc-op id="2332" type="classunload" timems="0.004" contextid="2124" timestamp="2019-06-17T04:32:09.594">
  <classunload-info classloadercandidates="54" classloadersunloaded="0" classesunloaded="0" anonymousclassesunloaded="0" quiescems="0.000" setupms="0.004" scanms="0.000" postms="0.000" />
</gc-op>
<gc-end id="2333" type="global mark phase" contextid="2124" durationms="2.342" usertimems="4.000" systemtimems="0.000" timestamp="2019-06-17T04:32:09.595" activeThreads="4">
  <mem-info id="2334" free="33554432" total="76546048" percent="43">
    <pending-finalizers system="0" default="0" reference="3" classloader="0" />
    <remembered-set count="128928" freebytes="2539776" totalbytes="3055488" percent="83" regionsoverflowed="0" regionsstable="0" regionsrebuilding="0"/>
  </mem-info>
</gc-end>
<cycle-end id="2335" type="global mark phase" contextid="2124" timestamp="2019-06-17T04:32:09.595" />
  <attribute name="elasticGC enabled" value="1" />
  <attribute name= "numThreadsSpecified" value="4" />
  <attribute name="heapSize specified" value="0" />
  <attribute name="Current GC Util" value="41" />
  <attribute name= "Current Time Running" value="59030" />
  <attribute name ="GC Interval" value="0" />
  <attribute name="ProportionalT" value="31.500000" />
  <attribute name="ProportionalI" value="31.500000" />
  <attribute name="ProportionalH" value="31.500000" />
  <attribute name="Current Error" value="21.000000" />
  <attribute name="IntegralT" value="0.000000" />
  <attribute name="IntegralI" value="0.000000" />
  <attribute name="IntegralH" value="0.000000" />
  <attribute name="DerivativeT" value="-inf" />
  <attribute name="DerivativeI" value="-inf" />
  <attribute name="DerivativeH" value="-inf" />
  <attribute name="Loop Time for DT" value="0.000000" />
  <attribute name="Output H" value="2091843584"/>
  <attribute name="Output I" value="200"/>
  <attribute name="Output T" value="4"/>
  <attribute name="Target GC Util Change" value ="20.000000" />
  <attribute name="Current GC Util Change" value="41.000000"/>
  <attribute name="GC Util currently" value="41" />
  <attribute name="CPU Util currently" value="19369832681040" />
<exclusive-end id="2336" timestamp="2019-06-17T04:32:09.595" durationms="2.775" />

<exclusive-start id="2337" timestamp="2019-06-17T04:32:09.599" intervalms="6.788">
  <response-info timems="0.072" idlems="0.072" threads="0" lastid="0000000002320700" lastname="main" />
</exclusive-start>
<allocation-taxation id="2338" taxation-threshold="12582912" timestamp="2019-06-17T04:32:09.599" intervalms="6.830" />
<cycle-start id="2339" type="partial gc" contextid="0" timestamp="2019-06-17T04:32:09.599" intervalms="14.379" />
<gc-start id="2340" type="partial gc" contextid="2339" timestamp="2019-06-17T04:32:09.599">
  <mem-info id="2341" free="20971520" total="76546048" percent="27">
    <mem type="eden" free="1048520" total="26214400" percent="3" />
    <remembered-set count="4224" freebytes="3038592" totalbytes="3055488" percent="99" regionsoverflowed="0" regionsstable="16" regionsrebuilding="0"/>
  </mem-info>
</gc-start>
<allocation-stats totalBytes="25080968" >
  <allocated-bytes non-tlh="0" tlh="25080968" arrayletleaf="0"/>
  <largest-consumer threadName="main" threadId="0000000002320700" bytes="12541704" />
</allocation-stats>
<gc-op id="2342" type="sweep" timems="0.682" contextid="2339" timestamp="2019-06-17T04:32:09.600" />
<gc-op id="2343" type="copy forward" timems="1.170" contextid="2339" timestamp="2019-06-17T04:32:09.602">
  <memory-copied type="eden" objects="2" bytes="56" bytesdiscarded="0" />
  <memory-copied type="other" objects="0" bytes="0" bytesdiscarded="0" />
  <memory-cardclean objects="27" bytes="1184" />
  <regions eden="12" other="1" />
  <remembered-set-cleared processed="2722" cleared="1" durationms="0.087" />
  <stringconstants candidates="13817" cleared="0"  />
</gc-op>
<gc-op id="2344" type="classunload" timems="0.003" contextid="2339" timestamp="2019-06-17T04:32:09.602">
  <classunload-info classloadercandidates="54" classloadersunloaded="0" classesunloaded="0" anonymousclassesunloaded="0" quiescems="0.000" setupms="0.003" scanms="0.000" postms="0.000" />
</gc-op>
<gc-end id="2345" type="partial gc" contextid="2339" durationms="2.972" usertimems="4.000" systemtimems="0.000" timestamp="2019-06-17T04:32:09.602" activeThreads="4">
  <mem-info id="2346" free="46137344" total="76546048" percent="60">
    <mem type="eden" free="1048520" total="1048576" percent="99" />
    <remembered-set count="3904" freebytes="3039872" totalbytes="3055488" percent="99" regionsoverflowed="0" regionsstable="16" regionsrebuilding="0"/>
  </mem-info>
</gc-end>
<cycle-end id="2347" type="partial gc" contextid="2339" timestamp="2019-06-17T04:32:09.602" />
  <attribute name="elasticGC enabled" value="1" />
  <attribute name= "numThreadsSpecified" value="4" />
  <attribute name="heapSize specified" value="0" />
  <attribute name="Current GC Util" value="59" />
  <attribute name= "Current Time Running" value="59038" />
  <attribute name ="GC Interval" value="0" />
  <attribute name="ProportionalT" value="58.500000" />
  <attribute name="ProportionalI" value="58.500000" />
  <attribute name="ProportionalH" value="58.500000" />
  <attribute name="Current Error" value="39.000000" />
  <attribute name="IntegralT" value="0.000000" />
  <attribute name="IntegralI" value="0.000000" />
  <attribute name="IntegralH" value="0.000000" />
  <attribute name="DerivativeT" value="-inf" />
  <attribute name="DerivativeI" value="-inf" />
  <attribute name="DerivativeH" value="-inf" />
  <attribute name="Loop Time for DT" value="0.000000" />
  <attribute name="Output H" value="2091843584"/>
  <attribute name="Output I" value="200"/>
  <attribute name="Output T" value="4"/>
  <attribute name="Target GC Util Change" value ="20.000000" />
  <attribute name="Current GC Util Change" value="59.000000"/>
  <attribute name="GC Util currently" value="59" />
  <attribute name="CPU Util currently" value="21987317734604" />
<exclusive-end id="2348" timestamp="2019-06-17T04:32:09.603" durationms="3.847" />

<exclusive-start id="2349" timestamp="2019-06-17T04:32:09.612" intervalms="12.660">
  <response-info timems="0.057" idlems="0.057" threads="0" lastid="0000000002320700" lastname="main" />
</exclusive-start>
<allocation-taxation id="2350" taxation-threshold="26214400" timestamp="2019-06-17T04:32:09.612" intervalms="12.698" />
<cycle-start id="2351" type="partial gc" contextid="0" timestamp="2019-06-17T04:32:09.612" intervalms="12.726" />
<gc-start id="2352" type="partial gc" contextid="2351" timestamp="2019-06-17T04:32:09.612">
  <mem-info id="2353" free="19922944" total="76546048" percent="26">
    <mem type="eden" free="1048520" total="27262976" percent="3" />
    <remembered-set count="3424" freebytes="3041792" totalbytes="3055488" percent="99" regionsoverflowed="0" regionsstable="16" regionsrebuilding="0"/>
  </mem-info>
</gc-start>
<allocation-stats totalBytes="26126112" >
  <allocated-bytes non-tlh="0" tlh="26126112" arrayletleaf="0"/>
  <largest-consumer threadName="main" threadId="0000000002320700" bytes="26126112" />
</allocation-stats>
<gc-op id="2354" type="copy forward" timems="1.168" contextid="2351" timestamp="2019-06-17T04:32:09.614">
  <memory-copied type="eden" objects="2" bytes="56" bytesdiscarded="0" />
  <memory-copied type="other" objects="1382" bytes="98488" bytesdiscarded="0" />
  <memory-cardclean objects="238" bytes="20024" />
  <regions eden="25" other="8" />
  <remembered-set-cleared processed="2680" cleared="46" durationms="0.109" />
  <references type="soft" candidates="9" cleared="0" enqueued="0" dynamicThreshold="19" maxThreshold="32" />
  <references type="weak" candidates="86" cleared="0" enqueued="0" />
  <stringconstants candidates="13817" cleared="0"  />
</gc-op>
<gc-op id="2355" type="classunload" timems="0.003" contextid="2351" timestamp="2019-06-17T04:32:09.614">
  <classunload-info classloadercandidates="54" classloadersunloaded="0" classesunloaded="0" anonymousclassesunloaded="0" quiescems="0.000" setupms="0.003" scanms="0.000" postms="0.000" />
</gc-op>
<heap-resize id="2356" type="contract" space="default" amount="4194304" count="1" timems="0.053" reason="excess free space following gc" timestamp="2019-06-17T04:32:09.614" />
<gc-end id="2357" type="partial gc" contextid="2351" durationms="2.417" usertimems="4.000" systemtimems="0.000" timestamp="2019-06-17T04:32:09.615" activeThreads="1">
  <mem-info id="2358" free="47185920" total="72351744" percent="65">
    <mem type="eden" free="1048520" total="1048576" percent="99" />
    <remembered-set count="3392" freebytes="3041920" totalbytes="3055488" percent="99" regionsoverflowed="0" regionsstable="16" regionsrebuilding="0"/>
  </mem-info>
</gc-end>
<cycle-end id="2359" type="partial gc" contextid="2351" timestamp="2019-06-17T04:32:09.615" />
  <attribute name="elasticGC enabled" value="1" />
  <attribute name= "numThreadsSpecified" value="1" />
  <attribute name="heapSize specified" value="0" />
  <attribute name="Current GC Util" value="58" />
  <attribute name= "Current Time Running" value="59050" />
  <attribute name ="GC Interval" value="0" />
  <attribute name="ProportionalT" value="57.000000" />
  <attribute name="ProportionalI" value="57.000000" />
  <attribute name="ProportionalH" value="57.000000" />
  <attribute name="Current Error" value="38.000000" />
  <attribute name="IntegralT" value="0.000000" />
  <attribute name="IntegralI" value="0.000000" />
  <attribute name="IntegralH" value="0.000000" />
  <attribute name="DerivativeT" value="inf" />
  <attribute name="DerivativeI" value="inf" />
  <attribute name="DerivativeH" value="inf" />
  <attribute name="Loop Time for DT" value="0.000000" />
  <attribute name="Output H" value="8388608"/>
  <attribute name="Output I" value="200"/>
  <attribute name="Output T" value="1"/>
  <attribute name="Target GC Util Change" value ="20.000000" />
  <attribute name="Current GC Util Change" value="58.000000"/>
  <attribute name="GC Util currently" value="58" />
  <attribute name="CPU Util currently" value="21510130709127" />
<exclusive-end id="2360" timestamp="2019-06-17T04:32:09.615" durationms="3.425" />

<exclusive-start id="2361" timestamp="2019-06-17T04:32:09.623" intervalms="11.234">
  <response-info timems="0.081" idlems="0.081" threads="0" lastid="0000000002320700" lastname="main" />
</exclusive-start>
<allocation-taxation id="2362" taxation-threshold="25165824" timestamp="2019-06-17T04:32:09.623" intervalms="11.261" />
<cycle-start id="2363" type="partial gc" contextid="0" timestamp="2019-06-17T04:32:09.623" intervalms="11.281" />
<gc-start id="2364" type="partial gc" contextid="2363" timestamp="2019-06-17T04:32:09.623">
  <mem-info id="2365" free="22020096" total="72351744" percent="30">
    <mem type="eden" free="1048520" total="26214400" percent="3" />
    <remembered-set count="3040" freebytes="3043328" totalbytes="3055488" percent="99" regionsoverflowed="0" regionsstable="16" regionsrebuilding="0"/>
  </mem-info>
</gc-start>
<allocation-stats totalBytes="25080968" >
  <allocated-bytes non-tlh="0" tlh="25080968" arrayletleaf="0"/>
  <largest-consumer threadName="main" threadId="0000000002320700" bytes="25080968" />
</allocation-stats>
<gc-op id="2366" type="copy forward" timems="1.706" contextid="2363" timestamp="2019-06-17T04:32:09.626">
  <memory-copied type="eden" objects="2" bytes="56" bytesdiscarded="0" />
  <memory-copied type="other" objects="7" bytes="160" bytesdiscarded="0" />
  <memory-cardclean objects="7687" bytes="474456" />
  <regions eden="24" other="2" />
  <remembered-set-cleared processed="1643" cleared="414" durationms="0.121" />
  <stringconstants candidates="13817" cleared="0"  />
</gc-op>
<gc-op id="2367" type="classunload" timems="0.004" contextid="2363" timestamp="2019-06-17T04:32:09.626">
  <classunload-info classloadercandidates="54" classloadersunloaded="0" classesunloaded="0" anonymousclassesunloaded="0" quiescems="0.000" setupms="0.004" scanms="0.000" postms="0.000" />
</gc-op>
<heap-resize id="2368" type="contract" space="default" amount="4194304" count="1" timems="0.169" reason="excess free space following gc" timestamp="2019-06-17T04:32:09.627" />
<gc-end id="2369" type="partial gc" contextid="2363" durationms="3.316" usertimems="4.000" systemtimems="0.000" timestamp="2019-06-17T04:32:09.627" activeThreads="1">
  <mem-info id="2370" free="42991616" total="68157440" percent="63">
    <mem type="eden" free="1048520" total="1048576" percent="99" />
    <remembered-set count="2528" freebytes="2877952" totalbytes="2888064" percent="99" regionsoverflowed="0" regionsstable="16" regionsrebuilding="0"/>
  </mem-info>
</gc-end>
<cycle-end id="2371" type="partial gc" contextid="2363" timestamp="2019-06-17T04:32:09.627" />
  <attribute name="elasticGC enabled" value="1" />
  <attribute name= "numThreadsSpecified" value="1" />
  <attribute name="heapSize specified" value="0" />
  <attribute name="Current GC Util" value="34" />
  <attribute name= "Current Time Running" value="59061" />
  <attribute name ="GC Interval" value="0" />
  <attribute name="ProportionalT" value="21.000000" />
  <attribute name="ProportionalI" value="21.000000" />
  <attribute name="ProportionalH" value="21.000000" />
  <attribute name="Current Error" value="14.000000" />
  <attribute name="IntegralT" value="0.000000" />
  <attribute name="IntegralI" value="0.000000" />
  <attribute name="IntegralH" value="0.000000" />
  <attribute name="DerivativeT" value="inf" />
  <attribute name="DerivativeI" value="inf" />
  <attribute name="DerivativeH" value="inf" />
  <attribute name="Loop Time for DT" value="0.000000" />
  <attribute name="Output H" value="8388608"/>
  <attribute name="Output I" value="200"/>
  <attribute name="Output T" value="1"/>
  <attribute name="Target GC Util Change" value ="20.000000" />
  <attribute name="Current GC Util Change" value="34.000000"/>
  <attribute name="GC Util currently" value="34" />
  <attribute name="CPU Util currently" value="9440020435917" />
<exclusive-end id="2372" timestamp="2019-06-17T04:32:09.627" durationms="4.272" />

<exclusive-start id="2373" timestamp="2019-06-17T04:32:09.635" intervalms="11.834">
  <response-info timems="0.063" idlems="0.063" threads="0" lastid="0000000002320700" lastname="main" />
</exclusive-start>
<allocation-taxation id="2374" taxation-threshold="24117248" timestamp="2019-06-17T04:32:09.635" intervalms="11.746" />
<cycle-start id="2375" type="partial gc" contextid="0" timestamp="2019-06-17T04:32:09.635" intervalms="11.697" />
<gc-start id="2376" type="partial gc" contextid="2375" timestamp="2019-06-17T04:32:09.635">
  <mem-info id="2377" free="18874368" total="68157440" percent="27">
    <mem type="eden" free="1048520" total="25165824" percent="4" />
    <remembered-set count="2144" freebytes="2879488" totalbytes="2888064" percent="99" regionsoverflowed="0" regionsstable="16" regionsrebuilding="0"/>
  </mem-info>
</gc-start>
<allocation-stats totalBytes="24035824" >
  <allocated-bytes non-tlh="0" tlh="24035824" arrayletleaf="0"/>
  <largest-consumer threadName="main" threadId="0000000002320700" bytes="24035824" />
</allocation-stats>
<gc-op id="2378" type="copy forward" timems="1.421" contextid="2375" timestamp="2019-06-17T04:32:09.637">
  <memory-copied type="eden" objects="2" bytes="56" bytesdiscarded="736" />
  <memory-copied type="other" objects="67" bytes="2808" bytesdiscarded="1824" />
  <memory-cardclean objects="4508" bytes="131104" />
  <regions eden="23" other="2" />
  <remembered-set-cleared processed="1364" cleared="89" durationms="0.084" />
  <stringconstants candidates="13817" cleared="0"  />
</gc-op>
<gc-op id="2379" type="classunload" timems="0.004" contextid="2375" timestamp="2019-06-17T04:32:09.637">
  <classunload-info classloadercandidates="54" classloadersunloaded="0" classesunloaded="0" anonymousclassesunloaded="0" quiescems="0.000" setupms="0.004" scanms="0.000" postms="0.000" />
</gc-op>
<heap-resize id="2380" type="contract" space="default" amount="3145728" count="1" timems="0.191" reason="excess free space following gc" timestamp="2019-06-17T04:32:09.638" />
<gc-end id="2381" type="partial gc" contextid="2375" durationms="2.710" usertimems="4.000" systemtimems="0.000" timestamp="2019-06-17T04:32:09.638" activeThreads="4">
  <mem-info id="2382" free="39845888" total="65011712" percent="61">
    <mem type="eden" free="1047784" total="1048576" percent="99" />
    <remembered-set count="3616" freebytes="2706176" totalbytes="2720640" percent="99" regionsoverflowed="0" regionsstable="16" regionsrebuilding="0"/>
  </mem-info>
</gc-end>
<cycle-end id="2383" type="partial gc" contextid="2375" timestamp="2019-06-17T04:32:09.638" />
  <attribute name="elasticGC enabled" value="1" />
  <attribute name= "numThreadsSpecified" value="4" />
  <attribute name="heapSize specified" value="0" />
  <attribute name="Current GC Util" value="41" />
  <attribute name= "Current Time Running" value="59073" />
  <attribute name ="GC Interval" value="0" />
  <attribute name="ProportionalT" value="31.500000" />
  <attribute name="ProportionalI" value="31.500000" />
  <attribute name="ProportionalH" value="31.500000" />
  <attribute name="Current Error" value="21.000000" />
  <attribute name="IntegralT" value="21.000000" />
  <attribute name="IntegralI" value="21.000000" />
  <attribute name="IntegralH" value="21.000000" />
  <attribute name="DerivativeT" value="22.500000" />
  <attribute name="DerivativeI" value="22.500000" />
  <attribute name="DerivativeH" value="22.500000" />
  <attribute name="Loop Time for DT" value="1.000000" />
  <attribute name="Output H" value="8388608"/>
  <attribute name="Output I" value="200"/>
  <attribute name="Output T" value="4"/>
  <attribute name="Target GC Util Change" value ="20.000000" />
  <attribute name="Current GC Util Change" value="41.000000"/>
  <attribute name="GC Util currently" value="41" />
  <attribute name="CPU Util currently" value="10843014768800" />
<exclusive-end id="2384" timestamp="2019-06-17T04:32:09.638" durationms="3.559" />

<exclusive-start id="2385" timestamp="2019-06-17T04:32:09.645" intervalms="10.784">
  <response-info timems="0.063" idlems="0.063" threads="0" lastid="0000000002320700" lastname="main" />
</exclusive-start>
<allocation-taxation id="2386" taxation-threshold="23068672" timestamp="2019-06-17T04:32:09.646" intervalms="10.835" />
<cycle-start id="2387" type="partial gc" contextid="0" timestamp="2019-06-17T04:32:09.646" intervalms="10.865" />
<gc-start id="2388" type="partial gc" contextid="2387" timestamp="2019-06-17T04:32:09.646">
  <mem-info id="2389" free="16777216" total="65011712" percent="25">
    <mem type="eden" free="1047784" total="24117248" percent="4" />
    <remembered-set count="3200" freebytes="2707840" totalbytes="2720640" percent="99" regionsoverflowed="0" regionsstable="16" regionsrebuilding="0"/>
  </mem-info>
</gc-start>
<allocation-stats totalBytes="22990704" >
  <allocated-bytes non-tlh="0" tlh="22990704" arrayletleaf="0"/>
  <largest-consumer threadName="main" threadId="0000000002320700" bytes="22990704" />
</allocation-stats>
<gc-op id="2390" type="copy forward" timems="1.822" contextid="2387" timestamp="2019-06-17T04:32:09.649">
  <memory-copied type="eden" objects="2" bytes="56" bytesdiscarded="0" />
  <memory-copied type="other" objects="905" bytes="40200" bytesdiscarded="2680" />
  <memory-cardclean objects="2086" bytes="64408" />
  <regions eden="22" other="2" />
  <remembered-set-cleared processed="1452" cleared="43" durationms="0.090" />
  <references type="soft" candidates="4" cleared="0" enqueued="0" dynamicThreshold="19" maxThreshold="32" />
  <references type="weak" candidates="13" cleared="0" enqueued="0" />
  <stringconstants candidates="13817" cleared="0"  />
</gc-op>
<gc-op id="2391" type="classunload" timems="0.004" contextid="2387" timestamp="2019-06-17T04:32:09.649">
  <classunload-info classloadercandidates="54" classloadersunloaded="0" classesunloaded="0" anonymousclassesunloaded="0" quiescems="0.000" setupms="0.004" scanms="0.000" postms="0.000" />
</gc-op>
<gc-end id="2392" type="partial gc" contextid="2387" durationms="2.931" usertimems="4.000" systemtimems="0.000" timestamp="2019-06-17T04:32:09.649" activeThreads="4">
  <mem-info id="2393" free="39845888" total="65011712" percent="61">
    <mem type="eden" free="1048520" total="1048576" percent="99" />
    <remembered-set count="3712" freebytes="2580224" totalbytes="2595072" percent="99" regionsoverflowed="0" regionsstable="16" regionsrebuilding="0"/>
  </mem-info>
</gc-end>
<cycle-end id="2394" type="partial gc" contextid="2387" timestamp="2019-06-17T04:32:09.649" />
  <attribute name="elasticGC enabled" value="1" />
  <attribute name= "numThreadsSpecified" value="4" />
  <attribute name="heapSize specified" value="0" />
  <attribute name="Current GC Util" value="32" />
  <attribute name= "Current Time Running" value="59084" />
  <attribute name ="GC Interval" value="0" />
  <attribute name="ProportionalT" value="18.000000" />
  <attribute name="ProportionalI" value="18.000000" />
  <attribute name="ProportionalH" value="18.000000" />
  <attribute name="Current Error" value="12.000000" />
  <attribute name="IntegralT" value="12.000000" />
  <attribute name="IntegralI" value="12.000000" />
  <attribute name="IntegralH" value="12.000000" />
  <attribute name="DerivativeT" value="-4.500000" />
  <attribute name="DerivativeI" value="-4.500000" />
  <attribute name="DerivativeH" value="-4.500000" />
  <attribute name="Loop Time for DT" value="1.000000" />
  <attribute name="Output H" value="8388608"/>
  <attribute name="Output I" value="200"/>
  <attribute name="Output T" value="4"/>
  <attribute name="Target GC Util Change" value ="20.000000" />
  <attribute name="Current GC Util Change" value="32.000000"/>
  <attribute name="GC Util currently" value="32" />
  <attribute name="CPU Util currently" value="11143644846511" />
<exclusive-end id="2395" timestamp="2019-06-17T04:32:09.649" durationms="3.810" />

<exclusive-start id="2396" timestamp="2019-06-17T04:32:09.653" intervalms="7.502">
  <response-info timems="0.078" idlems="0.078" threads="0" lastid="0000000002320700" lastname="main" />
</exclusive-start>
<allocation-taxation id="2397" taxation-threshold="11534336" timestamp="2019-06-17T04:32:09.653" intervalms="7.487" />
<cycle-start id="2398" type="global mark phase" contextid="0" timestamp="2019-06-17T04:32:09.653" intervalms="434.656" />
<gc-start id="2399" type="global mark phase" contextid="2398" timestamp="2019-06-17T04:32:09.653">
  <mem-info id="2400" free="28311552" total="65011712" percent="43">
    <remembered-set count="3360" freebytes="2581632" totalbytes="2595072" percent="99" regionsoverflowed="0" regionsstable="16" regionsrebuilding="0"/>
  </mem-info>
</gc-start>
<gc-op id="2401" type="mark increment" timems="0.460" contextid="2398" timestamp="2019-06-17T04:32:09.654">
  <trace-info objectcount="181" scancount="0" scanbytes="0" />
</gc-op>
<gc-end id="2402" type="global mark phase" contextid="2398" durationms="0.567" usertimems="0.000" systemtimems="0.000" timestamp="2019-06-17T04:32:09.654" activeThreads="1">
  <mem-info id="2403" free="28311552" total="65011712" percent="43">
    <remembered-set count="3360" freebytes="2581632" totalbytes="2595072" percent="99" regionsoverflowed="0" regionsstable="0" regionsrebuilding="16"/>
  </mem-info>
</gc-end>
<concurrent-start id="2404" type="GMP work packet processing" contextid="2398" timestamp="2019-06-17T04:32:09.654">
  <concurrent-mark-start scanTarget="1475328" />
</concurrent-start>
<exclusive-end id="2405" timestamp="2019-06-17T04:32:09.654" durationms="1.101" />

<concurrent-end id="2406" type="GMP work packet processing" contextid="2398" timestamp="2019-06-17T04:32:09.655">
  <concurrent-mark-end bytesScanned="1545432" reasonForTermination="Work target met" />
</concurrent-end>

<exclusive-start id="2407" timestamp="2019-06-17T04:32:09.659" intervalms="5.895">
  <response-info timems="0.071" idlems="0.071" threads="0" lastid="0000000002320700" lastname="main" />
</exclusive-start>
<allocation-taxation id="2408" taxation-threshold="11534336" timestamp="2019-06-17T04:32:09.659" intervalms="5.808" />
<cycle-start id="2409" type="partial gc" contextid="0" timestamp="2019-06-17T04:32:09.659" intervalms="13.287" />
<gc-start id="2410" type="partial gc" contextid="2409" timestamp="2019-06-17T04:32:09.659">
  <mem-info id="2411" free="16777216" total="65011712" percent="25">
    <mem type="eden" free="1048520" total="24117248" percent="4" />
    <remembered-set count="13536" freebytes="2540928" totalbytes="2595072" percent="97" regionsoverflowed="0" regionsstable="0" regionsrebuilding="16"/>
  </mem-info>
</gc-start>
<allocation-stats totalBytes="22990680" >
  <allocated-bytes non-tlh="0" tlh="22990680" arrayletleaf="0"/>
  <largest-consumer threadName="main" threadId="0000000002320700" bytes="11496584" />
</allocation-stats>
<gc-op id="2412" type="copy forward" timems="1.092" contextid="2409" timestamp="2019-06-17T04:32:09.661">
  <memory-copied type="eden" objects="2" bytes="56" bytesdiscarded="0" />
  <memory-copied type="other" objects="0" bytes="0" bytesdiscarded="0" />
  <memory-cardclean objects="6" bytes="128" />
  <regions eden="22" other="1" />
  <remembered-set-cleared processed="12037" cleared="4" durationms="0.161" />
  <stringconstants candidates="13817" cleared="0"  />
</gc-op>
<gc-op id="2413" type="classunload" timems="0.004" contextid="2409" timestamp="2019-06-17T04:32:09.661">
  <classunload-info classloadercandidates="54" classloadersunloaded="0" classesunloaded="0" anonymousclassesunloaded="0" quiescems="0.000" setupms="0.004" scanms="0.000" postms="0.000" />
</gc-op>
<gc-end id="2414" type="partial gc" contextid="2409" durationms="2.049" usertimems="0.000" systemtimems="0.000" timestamp="2019-06-17T04:32:09.661" activeThreads="1">
  <mem-info id="2415" free="39845888" total="65011712" percent="61">
    <mem type="eden" free="1048520" total="1048576" percent="99" />
    <remembered-set count="14016" freebytes="2539008" totalbytes="2595072" percent="97" regionsoverflowed="0" regionsstable="0" regionsrebuilding="16"/>
  </mem-info>
</gc-end>
<cycle-end id="2416" type="partial gc" contextid="2409" timestamp="2019-06-17T04:32:09.661" />
  <attribute name="elasticGC enabled" value="1" />
  <attribute name= "numThreadsSpecified" value="1" />
  <attribute name="heapSize specified" value="0" />
  <attribute name="Current GC Util" value="61" />
  <attribute name= "Current Time Running" value="59097" />
  <attribute name ="GC Interval" value="0" />
  <attribute name="ProportionalT" value="61.500000" />
  <attribute name="ProportionalI" value="61.500000" />
  <attribute name="ProportionalH" value="61.500000" />
  <attribute name="Current Error" value="41.000000" />
  <attribute name="IntegralT" value="0.000000" />
  <attribute name="IntegralI" value="0.000000" />
  <attribute name="IntegralH" value="0.000000" />
  <attribute name="DerivativeT" value="inf" />
  <attribute name="DerivativeI" value="inf" />
  <attribute name="DerivativeH" value="inf" />
  <attribute name="Loop Time for DT" value="0.000000" />
  <attribute name="Output H" value="8388608"/>
  <attribute name="Output I" value="200"/>
  <attribute name="Output T" value="1"/>
  <attribute name="Target GC Util Change" value ="20.000000" />
  <attribute name="Current GC Util Change" value="61.000000"/>
  <attribute name="GC Util currently" value="61" />
  <attribute name="CPU Util currently" value="21769665705624" />
<exclusive-end id="2417" timestamp="2019-06-17T04:32:09.662" durationms="2.970" />

<exclusive-start id="2418" timestamp="2019-06-17T04:32:09.666" intervalms="6.798">
  <response-info timems="0.075" idlems="0.075" threads="0" lastid="0000000002320700" lastname="main" />
</exclusive-start>
<allocation-taxation id="2419" taxation-threshold="11534336" timestamp="2019-06-17T04:32:09.666" intervalms="6.887" />
<gc-start id="2420" type="global mark phase" contextid="2398" timestamp="2019-06-17T04:32:09.666">
  <mem-info id="2421" free="28311552" total="65011712" percent="43">
    <remembered-set count="13536" freebytes="2540928" totalbytes="2595072" percent="97" regionsoverflowed="0" regionsstable="0" regionsrebuilding="16"/>
  </mem-info>
</gc-start>
<gc-end id="2422" type="global mark phase" contextid="2398" durationms="0.114" usertimems="0.000" systemtimems="0.000" timestamp="2019-06-17T04:32:09.666" activeThreads="1">
  <mem-info id="2423" free="28311552" total="65011712" percent="43">
    <remembered-set count="13536" freebytes="2540928" totalbytes="2595072" percent="97" regionsoverflowed="0" regionsstable="0" regionsrebuilding="16"/>
  </mem-info>
</gc-end>
<concurrent-start id="2424" type="GMP work packet processing" contextid="2398" timestamp="2019-06-17T04:32:09.666">
  <concurrent-mark-start scanTarget="1048576" />
</concurrent-start>
<exclusive-end id="2425" timestamp="2019-06-17T04:32:09.666" durationms="0.588" />

<concurrent-end id="2426" type="GMP work packet processing" contextid="2398" timestamp="2019-06-17T04:32:09.667">
  <concurrent-mark-end bytesScanned="1106728" reasonForTermination="Work target met" />
</concurrent-end>

<exclusive-start id="2427" timestamp="2019-06-17T04:32:09.671" intervalms="5.053">
  <response-info timems="0.065" idlems="0.065" threads="0" lastid="0000000002320700" lastname="main" />
</exclusive-start>
<allocation-taxation id="2428" taxation-threshold="11534336" timestamp="2019-06-17T04:32:09.671" intervalms="4.964" />
<cycle-start id="2429" type="partial gc" contextid="0" timestamp="2019-06-17T04:32:09.671" intervalms="11.765" />
<gc-start id="2430" type="partial gc" contextid="2429" timestamp="2019-06-17T04:32:09.671">
  <mem-info id="2431" free="16777216" total="65011712" percent="25">
    <mem type="eden" free="1048520" total="24117248" percent="4" />
    <remembered-set count="24704" freebytes="2496256" totalbytes="2595072" percent="96" regionsoverflowed="0" regionsstable="0" regionsrebuilding="16"/>
  </mem-info>
</gc-start>
<allocation-stats totalBytes="22990680" >
  <allocated-bytes non-tlh="0" tlh="22990680" arrayletleaf="0"/>
  <largest-consumer threadName="main" threadId="0000000002320700" bytes="11496584" />
</allocation-stats>
<gc-op id="2432" type="copy forward" timems="1.706" contextid="2429" timestamp="2019-06-17T04:32:09.673">
  <memory-copied type="eden" objects="2" bytes="56" bytesdiscarded="0" />
  <memory-copied type="other" objects="0" bytes="0" bytesdiscarded="0" />
  <memory-cardclean objects="6" bytes="128" />
  <regions eden="22" other="1" />
  <remembered-set-cleared processed="22815" cleared="3" durationms="0.125" />
  <stringconstants candidates="13817" cleared="0"  />
</gc-op>
<gc-op id="2433" type="classunload" timems="0.004" contextid="2429" timestamp="2019-06-17T04:32:09.673">
  <classunload-info classloadercandidates="54" classloadersunloaded="0" classesunloaded="0" anonymousclassesunloaded="0" quiescems="0.000" setupms="0.004" scanms="0.000" postms="0.000" />
</gc-op>
<gc-end id="2434" type="partial gc" contextid="2429" durationms="2.623" usertimems="4.000" systemtimems="0.000" timestamp="2019-06-17T04:32:09.674" activeThreads="4">
  <mem-info id="2435" free="39845888" total="65011712" percent="61">
    <mem type="eden" free="1048520" total="1048576" percent="99" />
    <remembered-set count="24416" freebytes="2497408" totalbytes="2595072" percent="96" regionsoverflowed="0" regionsstable="0" regionsrebuilding="16"/>
  </mem-info>
</gc-end>
<cycle-end id="2436" type="partial gc" contextid="2429" timestamp="2019-06-17T04:32:09.674" />
  <attribute name="elasticGC enabled" value="1" />
  <attribute name= "numThreadsSpecified" value="4" />
  <attribute name="heapSize specified" value="0" />
  <attribute name="Current GC Util" value="58" />
  <attribute name= "Current Time Running" value="59109" />
  <attribute name ="GC Interval" value="0" />
  <attribute name="ProportionalT" value="57.000000" />
  <attribute name="ProportionalI" value="57.000000" />
  <attribute name="ProportionalH" value="57.000000" />
  <attribute name="Current Error" value="38.000000" />
  <attribute name="IntegralT" value="38.000000" />
  <attribute name="IntegralI" value="38.000000" />
  <attribute name="IntegralH" value="38.000000" />
  <attribute name="DerivativeT" value="21.000000" />
  <attribute name="DerivativeI" value="21.000000" />
  <attribute name="DerivativeH" value="21.000000" />
  <attribute name="Loop Time for DT" value="1.000000" />
  <attribute name="Output H" value="8388608"/>
  <attribute name="Output I" value="200"/>
  <attribute name="Output T" value="4"/>
  <attribute name="Target GC Util Change" value ="20.000000" />
  <attribute name="Current GC Util Change" value="58.000000"/>
  <attribute name="GC Util currently" value="58" />
  <attribute name="CPU Util currently" value="20463731126643" />
<exclusive-end id="2437" timestamp="2019-06-17T04:32:09.674" durationms="3.206" />

<exclusive-start id="2438" timestamp="2019-06-17T04:32:09.678" intervalms="6.908">
  <response-info timems="0.065" idlems="0.065" threads="0" lastid="0000000002320700" lastname="main" />
</exclusive-start>
<allocation-taxation id="2439" taxation-threshold="11534336" timestamp="2019-06-17T04:32:09.678" intervalms="7.000" />
<gc-start id="2440" type="global mark phase" contextid="2398" timestamp="2019-06-17T04:32:09.678">
  <mem-info id="2441" free="28311552" total="65011712" percent="43">
    <remembered-set count="23936" freebytes="2499328" totalbytes="2595072" percent="96" regionsoverflowed="0" regionsstable="0" regionsrebuilding="16"/>
  </mem-info>
</gc-start>
<gc-end id="2442" type="global mark phase" contextid="2398" durationms="0.118" usertimems="0.000" systemtimems="0.000" timestamp="2019-06-17T04:32:09.678" activeThreads="4">
  <mem-info id="2443" free="28311552" total="65011712" percent="43">
    <remembered-set count="23936" freebytes="2499328" totalbytes="2595072" percent="96" regionsoverflowed="0" regionsstable="0" regionsrebuilding="16"/>
  </mem-info>
</gc-end>
<concurrent-start id="2444" type="GMP work packet processing" contextid="2398" timestamp="2019-06-17T04:32:09.678">
  <concurrent-mark-start scanTarget="1967105" />
</concurrent-start>
<exclusive-end id="2445" timestamp="2019-06-17T04:32:09.678" durationms="0.638" />

<concurrent-end id="2446" type="GMP work packet processing" contextid="2398" timestamp="2019-06-17T04:32:09.679">
  <concurrent-mark-end bytesScanned="2008928" reasonForTermination="Work target met" />
</concurrent-end>

<exclusive-start id="2447" timestamp="2019-06-17T04:32:09.683" intervalms="5.356">
  <response-info timems="0.066" idlems="0.066" threads="0" lastid="0000000002320700" lastname="main" />
</exclusive-start>
<allocation-taxation id="2448" taxation-threshold="11534336" timestamp="2019-06-17T04:32:09.683" intervalms="5.265" />
<cycle-start id="2449" type="partial gc" contextid="0" timestamp="2019-06-17T04:32:09.683" intervalms="12.214" />
<gc-start id="2450" type="partial gc" contextid="2449" timestamp="2019-06-17T04:32:09.683">
  <mem-info id="2451" free="16777216" total="65011712" percent="25">
    <mem type="eden" free="1048520" total="24117248" percent="4" />
    <remembered-set count="43360" freebytes="2421632" totalbytes="2595072" percent="93" regionsoverflowed="0" regionsstable="0" regionsrebuilding="16"/>
  </mem-info>
</gc-start>
<allocation-stats totalBytes="22990680" >
  <allocated-bytes non-tlh="0" tlh="22990680" arrayletleaf="0"/>
  <largest-consumer threadName="main" threadId="0000000002320700" bytes="11496584" />
</allocation-stats>
<gc-op id="2452" type="copy forward" timems="1.476" contextid="2449" timestamp="2019-06-17T04:32:09.685">
  <memory-copied type="eden" objects="2" bytes="56" bytesdiscarded="0" />
  <memory-copied type="other" objects="0" bytes="0" bytesdiscarded="0" />
  <memory-cardclean objects="6" bytes="128" />
  <regions eden="22" other="1" />
  <remembered-set-cleared processed="41114" cleared="3" durationms="0.192" />
  <stringconstants candidates="13817" cleared="0"  />
</gc-op>
<gc-op id="2453" type="classunload" timems="0.004" contextid="2449" timestamp="2019-06-17T04:32:09.685">
  <classunload-info classloadercandidates="54" classloadersunloaded="0" classesunloaded="0" anonymousclassesunloaded="0" quiescems="0.000" setupms="0.004" scanms="0.000" postms="0.000" />
</gc-op>
<gc-end id="2454" type="partial gc" contextid="2449" durationms="2.169" usertimems="0.000" systemtimems="4.000" timestamp="2019-06-17T04:32:09.685" activeThreads="4">
  <mem-info id="2455" free="39845888" total="65011712" percent="61">
    <mem type="eden" free="1048520" total="1048576" percent="99" />
    <remembered-set count="42912" freebytes="2423424" totalbytes="2595072" percent="93" regionsoverflowed="0" regionsstable="0" regionsrebuilding="16"/>
  </mem-info>
</gc-end>
<cycle-end id="2456" type="partial gc" contextid="2449" timestamp="2019-06-17T04:32:09.685" />
  <attribute name="elasticGC enabled" value="1" />
  <attribute name= "numThreadsSpecified" value="4" />
  <attribute name="heapSize specified" value="0" />
  <attribute name="Current GC Util" value="70" />
  <attribute name= "Current Time Running" value="59121" />
  <attribute name ="GC Interval" value="0" />
  <attribute name="ProportionalT" value="75.000000" />
  <attribute name="ProportionalI" value="75.000000" />
  <attribute name="ProportionalH" value="75.000000" />
  <attribute name="Current Error" value="50.000000" />
  <attribute name="IntegralT" value="50.000000" />
  <attribute name="IntegralI" value="50.000000" />
  <attribute name="IntegralH" value="50.000000" />
  <attribute name="DerivativeT" value="21.000000" />
  <attribute name="DerivativeI" value="21.000000" />
  <attribute name="DerivativeH" value="21.000000" />
  <attribute name="Loop Time for DT" value="1.000000" />
  <attribute name="Output H" value="8388608"/>
  <attribute name="Output I" value="200"/>
  <attribute name="Output T" value="4"/>
  <attribute name="Target GC Util Change" value ="20.000000" />
  <attribute name="Current GC Util Change" value="70.000000"/>
  <attribute name="GC Util currently" value="70" />
  <attribute name="CPU Util currently" value="26436180725236" />
<exclusive-end id="2457" timestamp="2019-06-17T04:32:09.686" durationms="2.763" />

<exclusive-start id="2458" timestamp="2019-06-17T04:32:09.689" intervalms="6.485">
  <response-info timems="0.072" idlems="0.072" threads="0" lastid="0000000002320700" lastname="main" />
</exclusive-start>
<allocation-taxation id="2459" taxation-threshold="11534336" timestamp="2019-06-17T04:32:09.690" intervalms="6.574" />
<gc-start id="2460" type="global mark phase" contextid="2398" timestamp="2019-06-17T04:32:09.690">
  <mem-info id="2461" free="28311552" total="65011712" percent="43">
    <remembered-set count="42432" freebytes="2425344" totalbytes="2595072" percent="93" regionsoverflowed="0" regionsstable="0" regionsrebuilding="16"/>
  </mem-info>
</gc-start>
<gc-end id="2462" type="global mark phase" contextid="2398" durationms="0.111" usertimems="0.000" systemtimems="0.000" timestamp="2019-06-17T04:32:09.690" activeThreads="4">
  <mem-info id="2463" free="28311552" total="65011712" percent="43">
    <remembered-set count="42432" freebytes="2425344" totalbytes="2595072" percent="93" regionsoverflowed="0" regionsstable="0" regionsrebuilding="16"/>
  </mem-info>
</gc-end>
<concurrent-start id="2464" type="GMP work packet processing" contextid="2398" timestamp="2019-06-17T04:32:09.690">
  <concurrent-mark-start scanTarget="1967105" />
</concurrent-start>
<exclusive-end id="2465" timestamp="2019-06-17T04:32:09.690" durationms="0.646" />

<concurrent-end id="2466" type="GMP work packet processing" contextid="2398" timestamp="2019-06-17T04:32:09.691">
  <concurrent-mark-end bytesScanned="2011924" reasonForTermination="Work target met" />
</concurrent-end>

<exclusive-start id="2467" timestamp="2019-06-17T04:32:09.695" intervalms="5.336">
  <response-info timems="0.055" idlems="0.055" threads="0" lastid="0000000002320700" lastname="main" />
</exclusive-start>
<allocation-taxation id="2468" taxation-threshold="11534336" timestamp="2019-06-17T04:32:09.695" intervalms="5.246" />
<cycle-start id="2469" type="partial gc" contextid="0" timestamp="2019-06-17T04:32:09.695" intervalms="11.855" />
<gc-start id="2470" type="partial gc" contextid="2469" timestamp="2019-06-17T04:32:09.695">
  <mem-info id="2471" free="16777216" total="65011712" percent="25">
    <mem type="eden" free="1048520" total="24117248" percent="4" />
    <remembered-set count="61408" freebytes="2349440" totalbytes="2595072" percent="90" regionsoverflowed="0" regionsstable="0" regionsrebuilding="16"/>
  </mem-info>
</gc-start>
<allocation-stats totalBytes="22990680" >
  <allocated-bytes non-tlh="0" tlh="22990680" arrayletleaf="0"/>
  <largest-consumer threadName="main" threadId="0000000002320700" bytes="11496584" />
</allocation-stats>
<gc-op id="2472" type="copy forward" timems="1.585" contextid="2469" timestamp="2019-06-17T04:32:09.697">
  <memory-copied type="eden" objects="2" bytes="56" bytesdiscarded="0" />
  <memory-copied type="other" objects="0" bytes="0" bytesdiscarded="0" />
  <memory-cardclean objects="6" bytes="128" />
  <regions eden="22" other="1" />
  <remembered-set-cleared processed="59008" cleared="3" durationms="0.255" />
  <stringconstants candidates="13817" cleared="0"  />
</gc-op>
<gc-op id="2473" type="classunload" timems="0.004" contextid="2469" timestamp="2019-06-17T04:32:09.697">
  <classunload-info classloadercandidates="54" classloadersunloaded="0" classesunloaded="0" anonymousclassesunloaded="0" quiescems="0.000" setupms="0.004" scanms="0.000" postms="0.000" />
</gc-op>
<gc-end id="2474" type="partial gc" contextid="2469" durationms="2.390" usertimems="4.000" systemtimems="0.000" timestamp="2019-06-17T04:32:09.697" activeThreads="4">
  <mem-info id="2475" free="39845888" total="65011712" percent="61">
    <mem type="eden" free="1048520" total="1048576" percent="99" />
    <remembered-set count="60992" freebytes="2351104" totalbytes="2595072" percent="90" regionsoverflowed="0" regionsstable="0" regionsrebuilding="16"/>
  </mem-info>
</gc-end>
<cycle-end id="2476" type="partial gc" contextid="2469" timestamp="2019-06-17T04:32:09.698" />
  <attribute name="elasticGC enabled" value="1" />
  <attribute name= "numThreadsSpecified" value="4" />
  <attribute name="heapSize specified" value="0" />
  <attribute name="Current GC Util" value="60" />
  <attribute name= "Current Time Running" value="59133" />
  <attribute name ="GC Interval" value="0" />
  <attribute name="ProportionalT" value="60.000000" />
  <attribute name="ProportionalI" value="60.000000" />
  <attribute name="ProportionalH" value="60.000000" />
  <attribute name="Current Error" value="40.000000" />
  <attribute name="IntegralT" value="40.000000" />
  <attribute name="IntegralI" value="40.000000" />
  <attribute name="IntegralH" value="40.000000" />
  <attribute name="DerivativeT" value="7.500000" />
  <attribute name="DerivativeI" value="7.500000" />
  <attribute name="DerivativeH" value="7.500000" />
  <attribute name="Loop Time for DT" value="1.000000" />
  <attribute name="Output H" value="8388608"/>
  <attribute name="Output I" value="200"/>
  <attribute name="Output T" value="4"/>
  <attribute name="Target GC Util Change" value ="20.000000" />
  <attribute name="Current GC Util Change" value="60.000000"/>
  <attribute name="GC Util currently" value="60" />
  <attribute name="CPU Util currently" value="20720439160449" />
<exclusive-end id="2477" timestamp="2019-06-17T04:32:09.698" durationms="2.981" />

<exclusive-start id="2478" timestamp="2019-06-17T04:32:09.701" intervalms="6.702">
  <response-info timems="0.076" idlems="0.076" threads="0" lastid="0000000002320700" lastname="main" />
</exclusive-start>
<allocation-taxation id="2479" taxation-threshold="11534336" timestamp="2019-06-17T04:32:09.702" intervalms="6.799" />
<gc-start id="2480" type="global mark phase" contextid="2398" timestamp="2019-06-17T04:32:09.702">
  <mem-info id="2481" free="28311552" total="65011712" percent="43">
    <remembered-set count="60512" freebytes="2353024" totalbytes="2595072" percent="90" regionsoverflowed="0" regionsstable="0" regionsrebuilding="16"/>
  </mem-info>
</gc-start>
<gc-end id="2482" type="global mark phase" contextid="2398" durationms="0.114" usertimems="0.000" systemtimems="0.000" timestamp="2019-06-17T04:32:09.702" activeThreads="4">
  <mem-info id="2483" free="28311552" total="65011712" percent="43">
    <remembered-set count="60512" freebytes="2353024" totalbytes="2595072" percent="90" regionsoverflowed="0" regionsstable="0" regionsrebuilding="16"/>
  </mem-info>
</gc-end>
<concurrent-start id="2484" type="GMP work packet processing" contextid="2398" timestamp="2019-06-17T04:32:09.702">
  <concurrent-mark-start scanTarget="1967105" />
</concurrent-start>
<exclusive-end id="2485" timestamp="2019-06-17T04:32:09.702" durationms="0.643" />

<concurrent-end id="2486" type="GMP work packet processing" contextid="2398" timestamp="2019-06-17T04:32:09.703">
  <concurrent-mark-end bytesScanned="2029576" reasonForTermination="Work target met" />
</concurrent-end>

<exclusive-start id="2487" timestamp="2019-06-17T04:32:09.707" intervalms="5.358">
  <response-info timems="0.058" idlems="0.058" threads="0" lastid="0000000002320700" lastname="main" />
</exclusive-start>
<allocation-taxation id="2488" taxation-threshold="11534336" timestamp="2019-06-17T04:32:09.707" intervalms="5.262" />
<cycle-start id="2489" type="partial gc" contextid="0" timestamp="2019-06-17T04:32:09.707" intervalms="12.027" />
<gc-start id="2490" type="partial gc" contextid="2489" timestamp="2019-06-17T04:32:09.707">
  <mem-info id="2491" free="16777216" total="65011712" percent="25">
    <mem type="eden" free="1048520" total="24117248" percent="4" />
    <remembered-set count="80704" freebytes="2272256" totalbytes="2595072" percent="87" regionsoverflowed="0" regionsstable="0" regionsrebuilding="16"/>
  </mem-info>
</gc-start>
<allocation-stats totalBytes="22990680" >
  <allocated-bytes non-tlh="0" tlh="22990680" arrayletleaf="0"/>
  <largest-consumer threadName="main" threadId="0000000002320700" bytes="11496584" />
</allocation-stats>
<gc-op id="2492" type="copy forward" timems="1.433" contextid="2489" timestamp="2019-06-17T04:32:09.709">
  <memory-copied type="eden" objects="2" bytes="56" bytesdiscarded="0" />
  <memory-copied type="other" objects="0" bytes="0" bytesdiscarded="0" />
  <memory-cardclean objects="6" bytes="128" />
  <regions eden="22" other="1" />
  <remembered-set-cleared processed="78390" cleared="3" durationms="0.518" />
  <stringconstants candidates="13817" cleared="0"  />
</gc-op>
<gc-op id="2493" type="classunload" timems="0.004" contextid="2489" timestamp="2019-06-17T04:32:09.709">
  <classunload-info classloadercandidates="54" classloadersunloaded="0" classesunloaded="0" anonymousclassesunloaded="0" quiescems="0.000" setupms="0.004" scanms="0.000" postms="0.000" />
</gc-op>
<gc-end id="2494" type="partial gc" contextid="2489" durationms="2.256" usertimems="4.000" systemtimems="0.000" timestamp="2019-06-17T04:32:09.709" activeThreads="1">
  <mem-info id="2495" free="39845888" total="65011712" percent="61">
    <mem type="eden" free="1048520" total="1048576" percent="99" />
    <remembered-set count="81184" freebytes="2270336" totalbytes="2595072" percent="87" regionsoverflowed="0" regionsstable="0" regionsrebuilding="16"/>
  </mem-info>
</gc-end>
<cycle-end id="2496" type="partial gc" contextid="2489" timestamp="2019-06-17T04:32:09.709" />
  <attribute name="elasticGC enabled" value="1" />
  <attribute name= "numThreadsSpecified" value="1" />
  <attribute name="heapSize specified" value="0" />
  <attribute name="Current GC Util" value="75" />
  <attribute name= "Current Time Running" value="59144" />
  <attribute name ="GC Interval" value="0" />
  <attribute name="ProportionalT" value="82.500000" />
  <attribute name="ProportionalI" value="82.500000" />
  <attribute name="ProportionalH" value="82.500000" />
  <attribute name="Current Error" value="55.000000" />
  <attribute name="IntegralT" value="0.000000" />
  <attribute name="IntegralI" value="0.000000" />
  <attribute name="IntegralH" value="0.000000" />
  <attribute name="DerivativeT" value="inf" />
  <attribute name="DerivativeI" value="inf" />
  <attribute name="DerivativeH" value="inf" />
  <attribute name="Loop Time for DT" value="0.000000" />
  <attribute name="Output H" value="8388608"/>
  <attribute name="Output I" value="200"/>
  <attribute name="Output T" value="1"/>
  <attribute name="Target GC Util Change" value ="20.000000" />
  <attribute name="Current GC Util Change" value="75.000000"/>
  <attribute name="GC Util currently" value="75" />
  <attribute name="CPU Util currently" value="26209462546944" />
<exclusive-end id="2497" timestamp="2019-06-17T04:32:09.710" durationms="2.858" />

<exclusive-start id="2498" timestamp="2019-06-17T04:32:09.713" intervalms="6.680">
  <response-info timems="0.075" idlems="0.075" threads="0" lastid="0000000002320700" lastname="main" />
</exclusive-start>
<allocation-taxation id="2499" taxation-threshold="11534336" timestamp="2019-06-17T04:32:09.714" intervalms="6.778" />
<gc-start id="2500" type="global mark phase" contextid="2398" timestamp="2019-06-17T04:32:09.714">
  <mem-info id="2501" free="28311552" total="65011712" percent="43">
    <remembered-set count="80704" freebytes="2272256" totalbytes="2595072" percent="87" regionsoverflowed="0" regionsstable="0" regionsrebuilding="16"/>
  </mem-info>
</gc-start>
<gc-end id="2502" type="global mark phase" contextid="2398" durationms="0.067" usertimems="0.000" systemtimems="0.000" timestamp="2019-06-17T04:32:09.714" activeThreads="1">
  <mem-info id="2503" free="28311552" total="65011712" percent="43">
    <remembered-set count="80704" freebytes="2272256" totalbytes="2595072" percent="87" regionsoverflowed="0" regionsstable="0" regionsrebuilding="16"/>
  </mem-info>
</gc-end>
<concurrent-start id="2504" type="GMP work packet processing" contextid="2398" timestamp="2019-06-17T04:32:09.714">
  <concurrent-mark-start scanTarget="1048576" />
</concurrent-start>
<exclusive-end id="2505" timestamp="2019-06-17T04:32:09.714" durationms="0.569" />

<concurrent-end id="2506" type="GMP work packet processing" contextid="2398" timestamp="2019-06-17T04:32:09.715">
  <concurrent-mark-end bytesScanned="1103944" reasonForTermination="Work target met" />
</concurrent-end>

<exclusive-start id="2507" timestamp="2019-06-17T04:32:09.718" intervalms="4.865">
  <response-info timems="0.024" idlems="0.024" threads="0" lastid="0000000002320700" lastname="main" />
</exclusive-start>
<allocation-taxation id="2508" taxation-threshold="11534336" timestamp="2019-06-17T04:32:09.718" intervalms="4.766" />
<cycle-start id="2509" type="partial gc" contextid="0" timestamp="2019-06-17T04:32:09.718" intervalms="11.542" />
<gc-start id="2510" type="partial gc" contextid="2509" timestamp="2019-06-17T04:32:09.719">
  <mem-info id="2511" free="16777216" total="65011712" percent="25">
    <mem type="eden" free="1048520" total="24117248" percent="4" />
    <remembered-set count="93312" freebytes="2221824" totalbytes="2595072" percent="85" regionsoverflowed="0" regionsstable="0" regionsrebuilding="16"/>
  </mem-info>
</gc-start>
<allocation-stats totalBytes="22990680" >
  <allocated-bytes non-tlh="0" tlh="22990680" arrayletleaf="0"/>
  <largest-consumer threadName="main" threadId="0000000002320700" bytes="11496584" />
</allocation-stats>
<gc-op id="2512" type="copy forward" timems="1.475" contextid="2509" timestamp="2019-06-17T04:32:09.721">
  <memory-copied type="eden" objects="2" bytes="56" bytesdiscarded="0" />
  <memory-copied type="other" objects="0" bytes="0" bytesdiscarded="0" />
  <memory-cardclean objects="6" bytes="128" />
  <regions eden="22" other="1" />
  <remembered-set-cleared processed="91472" cleared="3" durationms="0.560" />
  <stringconstants candidates="13817" cleared="0"  />
</gc-op>
<gc-op id="2513" type="classunload" timems="0.004" contextid="2509" timestamp="2019-06-17T04:32:09.721">
  <classunload-info classloadercandidates="54" classloadersunloaded="0" classesunloaded="0" anonymousclassesunloaded="0" quiescems="0.000" setupms="0.004" scanms="0.000" postms="0.000" />
</gc-op>
<gc-end id="2514" type="partial gc" contextid="2509" durationms="2.304" usertimems="0.000" systemtimems="4.000" timestamp="2019-06-17T04:32:09.721" activeThreads="1">
  <mem-info id="2515" free="39845888" total="65011712" percent="61">
    <mem type="eden" free="1048520" total="1048576" percent="99" />
    <remembered-set count="93792" freebytes="2219904" totalbytes="2595072" percent="85" regionsoverflowed="0" regionsstable="0" regionsrebuilding="16"/>
  </mem-info>
</gc-end>
<cycle-end id="2516" type="partial gc" contextid="2509" timestamp="2019-06-17T04:32:09.721" />
  <attribute name="elasticGC enabled" value="1" />
  <attribute name= "numThreadsSpecified" value="1" />
  <attribute name="heapSize specified" value="0" />
  <attribute name="Current GC Util" value="72" />
  <attribute name= "Current Time Running" value="59156" />
  <attribute name ="GC Interval" value="0" />
  <attribute name="ProportionalT" value="78.000000" />
  <attribute name="ProportionalI" value="78.000000" />
  <attribute name="ProportionalH" value="78.000000" />
  <attribute name="Current Error" value="52.000000" />
  <attribute name="IntegralT" value="0.000000" />
  <attribute name="IntegralI" value="0.000000" />
  <attribute name="IntegralH" value="0.000000" />
  <attribute name="DerivativeT" value="inf" />
  <attribute name="DerivativeI" value="inf" />
  <attribute name="DerivativeH" value="inf" />
  <attribute name="Loop Time for DT" value="0.000000" />
  <attribute name="Output H" value="8388608"/>
  <attribute name="Output I" value="200"/>
  <attribute name="Output T" value="1"/>
  <attribute name="Target GC Util Change" value ="20.000000" />
  <attribute name="Current GC Util Change" value="72.000000"/>
  <attribute name="GC Util currently" value="72" />
  <attribute name="CPU Util currently" value="25803395080360" />
<exclusive-end id="2517" timestamp="2019-06-17T04:32:09.721" durationms="2.963" />

<exclusive-start id="2518" timestamp="2019-06-17T04:32:09.725" intervalms="6.756">
  <response-info timems="0.077" idlems="0.077" threads="0" lastid="0000000002320700" lastname="main" />
</exclusive-start>
<allocation-taxation id="2519" taxation-threshold="11534336" timestamp="2019-06-17T04:32:09.725" intervalms="6.774" />
<gc-start id="2520" type="global mark phase" contextid="2398" timestamp="2019-06-17T04:32:09.725">
  <mem-info id="2521" free="28311552" total="65011712" percent="43">
    <remembered-set count="93312" freebytes="2221824" totalbytes="2595072" percent="85" regionsoverflowed="0" regionsstable="0" regionsrebuilding="16"/>
  </mem-info>
</gc-start>
<gc-end id="2522" type="global mark phase" contextid="2398" durationms="0.067" usertimems="0.000" systemtimems="0.000" timestamp="2019-06-17T04:32:09.725" activeThreads="1">
  <mem-info id="2523" free="28311552" total="65011712" percent="43">
    <remembered-set count="93312" freebytes="2221824" totalbytes="2595072" percent="85" regionsoverflowed="0" regionsstable="0" regionsrebuilding="16"/>
  </mem-info>
</gc-end>
<concurrent-start id="2524" type="GMP work packet processing" contextid="2398" timestamp="2019-06-17T04:32:09.726">
  <concurrent-mark-start scanTarget="1048576" />
</concurrent-start>
<exclusive-end id="2525" timestamp="2019-06-17T04:32:09.726" durationms="0.547" />

<concurrent-end id="2526" type="GMP work packet processing" contextid="2398" timestamp="2019-06-17T04:32:09.726">
  <concurrent-mark-end bytesScanned="1097992" reasonForTermination="Work target met" />
</concurrent-end>

<exclusive-start id="2527" timestamp="2019-06-17T04:32:09.730" intervalms="4.859">
  <response-info timems="0.057" idlems="0.057" threads="0" lastid="0000000002320700" lastname="main" />
</exclusive-start>
<allocation-taxation id="2528" taxation-threshold="11534336" timestamp="2019-06-17T04:32:09.730" intervalms="4.880" />
<cycle-start id="2529" type="partial gc" contextid="0" timestamp="2019-06-17T04:32:09.730" intervalms="11.662" />
<gc-start id="2530" type="partial gc" contextid="2529" timestamp="2019-06-17T04:32:09.730">
  <mem-info id="2531" free="16777216" total="65011712" percent="25">
    <mem type="eden" free="1048520" total="24117248" percent="4" />
    <remembered-set count="109440" freebytes="2157312" totalbytes="2595072" percent="83" regionsoverflowed="0" regionsstable="0" regionsrebuilding="16"/>
  </mem-info>
</gc-start>
<allocation-stats totalBytes="22990680" >
  <allocated-bytes non-tlh="0" tlh="22990680" arrayletleaf="0"/>
  <largest-consumer threadName="main" threadId="0000000002320700" bytes="11496560" />
</allocation-stats>
<gc-op id="2532" type="copy forward" timems="1.519" contextid="2529" timestamp="2019-06-17T04:32:09.732">
  <memory-copied type="eden" objects="2" bytes="56" bytesdiscarded="0" />
  <memory-copied type="other" objects="0" bytes="0" bytesdiscarded="0" />
  <memory-cardclean objects="6" bytes="128" />
  <regions eden="22" other="1" />
  <remembered-set-cleared processed="107386" cleared="3" durationms="0.647" />
  <stringconstants candidates="13817" cleared="0"  />
</gc-op>
<gc-op id="2533" type="classunload" timems="0.003" contextid="2529" timestamp="2019-06-17T04:32:09.732">
  <classunload-info classloadercandidates="54" classloadersunloaded="0" classesunloaded="0" anonymousclassesunloaded="0" quiescems="0.000" setupms="0.003" scanms="0.000" postms="0.000" />
</gc-op>
<gc-end id="2534" type="partial gc" contextid="2529" durationms="2.382" usertimems="0.000" systemtimems="0.000" timestamp="2019-06-17T04:32:09.733" activeThreads="1">
  <mem-info id="2535" free="39845888" total="65011712" percent="61">
    <mem type="eden" free="1048520" total="1048576" percent="99" />
    <remembered-set count="109888" freebytes="2155520" totalbytes="2595072" percent="83" regionsoverflowed="0" regionsstable="0" regionsrebuilding="16"/>
  </mem-info>
</gc-end>
<cycle-end id="2536" type="partial gc" contextid="2529" timestamp="2019-06-17T04:32:09.733" />
  <attribute name="elasticGC enabled" value="1" />
  <attribute name= "numThreadsSpecified" value="1" />
  <attribute name="heapSize specified" value="0" />
  <attribute name="Current GC Util" value="54" />
  <attribute name= "Current Time Running" value="59168" />
  <attribute name ="GC Interval" value="0" />
  <attribute name="ProportionalT" value="51.000000" />
  <attribute name="ProportionalI" value="51.000000" />
  <attribute name="ProportionalH" value="51.000000" />
  <attribute name="Current Error" value="34.000000" />
  <attribute name="IntegralT" value="0.000000" />
  <attribute name="IntegralI" value="0.000000" />
  <attribute name="IntegralH" value="0.000000" />
  <attribute name="DerivativeT" value="inf" />
  <attribute name="DerivativeI" value="inf" />
  <attribute name="DerivativeH" value="inf" />
  <attribute name="Loop Time for DT" value="0.000000" />
  <attribute name="Output H" value="8388608"/>
  <attribute name="Output I" value="200"/>
  <attribute name="Output T" value="1"/>
  <attribute name="Target GC Util Change" value ="20.000000" />
  <attribute name="Current GC Util Change" value="54.000000"/>
  <attribute name="GC Util currently" value="54" />
  <attribute name="CPU Util currently" value="21065525839157" />
<exclusive-end id="2537" timestamp="2019-06-17T04:32:09.733" durationms="3.072" />

<exclusive-start id="2538" timestamp="2019-06-17T04:32:09.737" intervalms="6.792">
  <response-info timems="0.082" idlems="0.082" threads="0" lastid="0000000002320700" lastname="main" />
</exclusive-start>
<allocation-taxation id="2539" taxation-threshold="11534336" timestamp="2019-06-17T04:32:09.737" intervalms="6.752" />
<gc-start id="2540" type="global mark phase" contextid="2398" timestamp="2019-06-17T04:32:09.737">
  <mem-info id="2541" free="28311552" total="65011712" percent="43">
    <remembered-set count="109440" freebytes="2157312" totalbytes="2595072" percent="83" regionsoverflowed="0" regionsstable="0" regionsrebuilding="16"/>
  </mem-info>
</gc-start>
<gc-end id="2542" type="global mark phase" contextid="2398" durationms="0.128" usertimems="0.000" systemtimems="0.000" timestamp="2019-06-17T04:32:09.737" activeThreads="1">
  <mem-info id="2543" free="28311552" total="65011712" percent="43">
    <remembered-set count="109440" freebytes="2157312" totalbytes="2595072" percent="83" regionsoverflowed="0" regionsstable="0" regionsrebuilding="16"/>
  </mem-info>
</gc-end>
<concurrent-start id="2544" type="GMP work packet processing" contextid="2398" timestamp="2019-06-17T04:32:09.737">
  <concurrent-mark-start scanTarget="1048576" />
</concurrent-start>
<exclusive-end id="2545" timestamp="2019-06-17T04:32:09.738" durationms="0.978" />

<concurrent-end id="2546" type="GMP work packet processing" contextid="2398" timestamp="2019-06-17T04:32:09.738">
  <concurrent-mark-end bytesScanned="1088284" reasonForTermination="Work target met" />
</concurrent-end>

<exclusive-start id="2547" timestamp="2019-06-17T04:32:09.741" intervalms="4.660">
  <response-info timems="0.027" idlems="0.027" threads="0" lastid="0000000002320700" lastname="main" />
</exclusive-start>
<allocation-taxation id="2548" taxation-threshold="11534336" timestamp="2019-06-17T04:32:09.741" intervalms="4.699" />
<cycle-start id="2549" type="partial gc" contextid="0" timestamp="2019-06-17T04:32:09.742" intervalms="11.486" />
<gc-start id="2550" type="partial gc" contextid="2549" timestamp="2019-06-17T04:32:09.742">
  <mem-info id="2551" free="16777216" total="65011712" percent="25">
    <mem type="eden" free="1048520" total="24117248" percent="4" />
    <remembered-set count="119008" freebytes="2119040" totalbytes="2595072" percent="81" regionsoverflowed="0" regionsstable="0" regionsrebuilding="16"/>
  </mem-info>
</gc-start>
<allocation-stats totalBytes="22990680" >
  <allocated-bytes non-tlh="0" tlh="22990680" arrayletleaf="0"/>
  <largest-consumer threadName="main" threadId="0000000002320700" bytes="11496560" />
</allocation-stats>
<gc-op id="2552" type="copy forward" timems="1.532" contextid="2549" timestamp="2019-06-17T04:32:09.744">
  <memory-copied type="eden" objects="2" bytes="56" bytesdiscarded="0" />
  <memory-copied type="other" objects="0" bytes="0" bytesdiscarded="0" />
  <memory-cardclean objects="6" bytes="128" />
  <regions eden="22" other="1" />
  <remembered-set-cleared processed="116516" cleared="3" durationms="0.684" />
  <stringconstants candidates="13817" cleared="0"  />
</gc-op>
<gc-op id="2553" type="classunload" timems="0.004" contextid="2549" timestamp="2019-06-17T04:32:09.744">
  <classunload-info classloadercandidates="54" classloadersunloaded="0" classesunloaded="0" anonymousclassesunloaded="0" quiescems="0.000" setupms="0.004" scanms="0.000" postms="0.000" />
</gc-op>
<gc-end id="2554" type="partial gc" contextid="2549" durationms="2.350" usertimems="0.000" systemtimems="0.000" timestamp="2019-06-17T04:32:09.744" activeThreads="1">
  <mem-info id="2555" free="39845888" total="65011712" percent="61">
    <mem type="eden" free="1048520" total="1048576" percent="99" />
    <remembered-set count="119488" freebytes="2117120" totalbytes="2595072" percent="81" regionsoverflowed="0" regionsstable="0" regionsrebuilding="16"/>
  </mem-info>
</gc-end>
<cycle-end id="2556" type="partial gc" contextid="2549" timestamp="2019-06-17T04:32:09.744" />
  <attribute name="elasticGC enabled" value="1" />
  <attribute name= "numThreadsSpecified" value="1" />
  <attribute name="heapSize specified" value="0" />
  <attribute name="Current GC Util" value="70" />
  <attribute name= "Current Time Running" value="59179" />
  <attribute name ="GC Interval" value="0" />
  <attribute name="ProportionalT" value="75.000000" />
  <attribute name="ProportionalI" value="75.000000" />
  <attribute name="ProportionalH" value="75.000000" />
  <attribute name="Current Error" value="50.000000" />
  <attribute name="IntegralT" value="0.000000" />
  <attribute name="IntegralI" value="0.000000" />
  <attribute name="IntegralH" value="0.000000" />
  <attribute name="DerivativeT" value="inf" />
  <attribute name="DerivativeI" value="inf" />
  <attribute name="DerivativeH" value="inf" />
  <attribute name="Loop Time for DT" value="0.000000" />
  <attribute name="Output H" value="8388608"/>
  <attribute name="Output I" value="200"/>
  <attribute name="Output T" value="1"/>
  <attribute name="Target GC Util Change" value ="20.000000" />
  <attribute name="Current GC Util Change" value="70.000000"/>
  <attribute name="GC Util currently" value="70" />
  <attribute name="CPU Util currently" value="25479209616316" />
<exclusive-end id="2557" timestamp="2019-06-17T04:32:09.744" durationms="3.077" />

<exclusive-start id="2558" timestamp="2019-06-17T04:32:09.748" intervalms="6.797">
  <response-info timems="0.075" idlems="0.075" threads="0" lastid="0000000002320700" lastname="main" />
</exclusive-start>
<allocation-taxation id="2559" taxation-threshold="11534336" timestamp="2019-06-17T04:32:09.748" intervalms="6.852" />
<gc-start id="2560" type="global mark phase" contextid="2398" timestamp="2019-06-17T04:32:09.749">
  <mem-info id="2561" free="28311552" total="65011712" percent="43">
    <remembered-set count="119008" freebytes="2119040" totalbytes="2595072" percent="81" regionsoverflowed="0" regionsstable="0" regionsrebuilding="16"/>
  </mem-info>
</gc-start>
<gc-end id="2562" type="global mark phase" contextid="2398" durationms="0.120" usertimems="0.000" systemtimems="0.000" timestamp="2019-06-17T04:32:09.749" activeThreads="1">
  <mem-info id="2563" free="28311552" total="65011712" percent="43">
    <remembered-set count="119008" freebytes="2119040" totalbytes="2595072" percent="81" regionsoverflowed="0" regionsstable="0" regionsrebuilding="16"/>
  </mem-info>
</gc-end>
<concurrent-start id="2564" type="GMP work packet processing" contextid="2398" timestamp="2019-06-17T04:32:09.749">
  <concurrent-mark-start scanTarget="1048576" />
</concurrent-start>
<exclusive-end id="2565" timestamp="2019-06-17T04:32:09.749" durationms="0.622" />

<concurrent-end id="2566" type="GMP work packet processing" contextid="2398" timestamp="2019-06-17T04:32:09.749">
  <concurrent-mark-end bytesScanned="1117036" reasonForTermination="Work target met" />
</concurrent-end>

<exclusive-start id="2567" timestamp="2019-06-17T04:32:09.753" intervalms="4.800">
  <response-info timems="0.056" idlems="0.056" threads="0" lastid="0000000002320700" lastname="main" />
</exclusive-start>
<allocation-taxation id="2568" taxation-threshold="11534336" timestamp="2019-06-17T04:32:09.753" intervalms="4.708" />
<cycle-start id="2569" type="partial gc" contextid="0" timestamp="2019-06-17T04:32:09.753" intervalms="11.521" />
<gc-start id="2570" type="partial gc" contextid="2569" timestamp="2019-06-17T04:32:09.753">
  <mem-info id="2571" free="16777216" total="65011712" percent="25">
    <mem type="eden" free="1048520" total="24117248" percent="4" />
    <remembered-set count="125696" freebytes="2092288" totalbytes="2595072" percent="80" regionsoverflowed="0" regionsstable="0" regionsrebuilding="16"/>
  </mem-info>
</gc-start>
<allocation-stats totalBytes="22990680" >
  <allocated-bytes non-tlh="0" tlh="22990680" arrayletleaf="0"/>
  <largest-consumer threadName="main" threadId="0000000002320700" bytes="11496560" />
</allocation-stats>
<gc-op id="2572" type="copy forward" timems="1.544" contextid="2569" timestamp="2019-06-17T04:32:09.755">
  <memory-copied type="eden" objects="2" bytes="56" bytesdiscarded="0" />
  <memory-copied type="other" objects="0" bytes="0" bytesdiscarded="0" />
  <memory-cardclean objects="6" bytes="128" />
  <regions eden="22" other="1" />
  <remembered-set-cleared processed="123507" cleared="3" durationms="0.731" />
  <stringconstants candidates="13817" cleared="0"  />
</gc-op>
<gc-op id="2573" type="classunload" timems="0.004" contextid="2569" timestamp="2019-06-17T04:32:09.756">
  <classunload-info classloadercandidates="54" classloadersunloaded="0" classesunloaded="0" anonymousclassesunloaded="0" quiescems="0.000" setupms="0.004" scanms="0.000" postms="0.000" />
</gc-op>
<gc-end id="2574" type="partial gc" contextid="2569" durationms="2.496" usertimems="0.000" systemtimems="0.000" timestamp="2019-06-17T04:32:09.756" activeThreads="1">
  <mem-info id="2575" free="39845888" total="65011712" percent="61">
    <mem type="eden" free="1048520" total="1048576" percent="99" />
    <remembered-set count="126176" freebytes="2090368" totalbytes="2595072" percent="80" regionsoverflowed="0" regionsstable="0" regionsrebuilding="16"/>
  </mem-info>
</gc-end>
<cycle-end id="2576" type="partial gc" contextid="2569" timestamp="2019-06-17T04:32:09.756" />
  <attribute name="elasticGC enabled" value="1" />
  <attribute name= "numThreadsSpecified" value="1" />
  <attribute name="heapSize specified" value="0" />
  <attribute name="Current GC Util" value="54" />
  <attribute name= "Current Time Running" value="59191" />
  <attribute name ="GC Interval" value="0" />
  <attribute name="ProportionalT" value="51.000000" />
  <attribute name="ProportionalI" value="51.000000" />
  <attribute name="ProportionalH" value="51.000000" />
  <attribute name="Current Error" value="34.000000" />
  <attribute name="IntegralT" value="0.000000" />
  <attribute name="IntegralI" value="0.000000" />
  <attribute name="IntegralH" value="0.000000" />
  <attribute name="DerivativeT" value="inf" />
  <attribute name="DerivativeI" value="inf" />
  <attribute name="DerivativeH" value="inf" />
  <attribute name="Loop Time for DT" value="0.000000" />
  <attribute name="Output H" value="8388608"/>
  <attribute name="Output I" value="200"/>
  <attribute name="Output T" value="1"/>
  <attribute name="Target GC Util Change" value ="20.000000" />
  <attribute name="Current GC Util Change" value="54.000000"/>
  <attribute name="GC Util currently" value="54" />
  <attribute name="CPU Util currently" value="21233808726309" />
<exclusive-end id="2577" timestamp="2019-06-17T04:32:09.756" durationms="3.244" />

<exclusive-start id="2578" timestamp="2019-06-17T04:32:09.760" intervalms="6.950">
  <response-info timems="0.055" idlems="0.055" threads="0" lastid="0000000002320700" lastname="main" />
</exclusive-start>
<allocation-taxation id="2579" taxation-threshold="11534336" timestamp="2019-06-17T04:32:09.760" intervalms="7.037" />
<gc-start id="2580" type="global mark phase" contextid="2398" timestamp="2019-06-17T04:32:09.760">
  <mem-info id="2581" free="28311552" total="65011712" percent="43">
    <remembered-set count="125696" freebytes="2092288" totalbytes="2595072" percent="80" regionsoverflowed="0" regionsstable="0" regionsrebuilding="16"/>
  </mem-info>
</gc-start>
<gc-end id="2582" type="global mark phase" contextid="2398" durationms="0.148" usertimems="0.000" systemtimems="0.000" timestamp="2019-06-17T04:32:09.760" activeThreads="1">
  <mem-info id="2583" free="28311552" total="65011712" percent="43">
    <remembered-set count="125696" freebytes="2092288" totalbytes="2595072" percent="80" regionsoverflowed="0" regionsstable="0" regionsrebuilding="16"/>
  </mem-info>
</gc-end>
<concurrent-start id="2584" type="GMP work packet processing" contextid="2398" timestamp="2019-06-17T04:32:09.760">
  <concurrent-mark-start scanTarget="1048576" />
</concurrent-start>
<exclusive-end id="2585" timestamp="2019-06-17T04:32:09.761" durationms="0.711" />

<concurrent-end id="2586" type="GMP work packet processing" contextid="2398" timestamp="2019-06-17T04:32:09.761">
  <concurrent-mark-end bytesScanned="523112" reasonForTermination="Completed all work in GC phase" />
</concurrent-end>

<exclusive-start id="2587" timestamp="2019-06-17T04:32:09.765" intervalms="4.574">
  <response-info timems="0.057" idlems="0.057" threads="0" lastid="0000000002320700" lastname="main" />
</exclusive-start>
<allocation-taxation id="2588" taxation-threshold="11534336" timestamp="2019-06-17T04:32:09.765" intervalms="4.488" />
<cycle-start id="2589" type="partial gc" contextid="0" timestamp="2019-06-17T04:32:09.765" intervalms="11.522" />
<gc-start id="2590" type="partial gc" contextid="2589" timestamp="2019-06-17T04:32:09.765">
  <mem-info id="2591" free="16777216" total="65011712" percent="25">
    <mem type="eden" free="1048520" total="24117248" percent="4" />
    <remembered-set count="127232" freebytes="2086144" totalbytes="2595072" percent="80" regionsoverflowed="0" regionsstable="0" regionsrebuilding="16"/>
  </mem-info>
</gc-start>
<allocation-stats totalBytes="22990680" >
  <allocated-bytes non-tlh="0" tlh="22990680" arrayletleaf="0"/>
  <largest-consumer threadName="main" threadId="0000000002320700" bytes="11496560" />
</allocation-stats>
<gc-op id="2592" type="copy forward" timems="1.527" contextid="2589" timestamp="2019-06-17T04:32:09.767">
  <memory-copied type="eden" objects="2" bytes="56" bytesdiscarded="0" />
  <memory-copied type="other" objects="0" bytes="0" bytesdiscarded="0" />
  <memory-cardclean objects="6" bytes="128" />
  <regions eden="22" other="1" />
  <remembered-set-cleared processed="125009" cleared="3" durationms="0.729" />
  <stringconstants candidates="13817" cleared="0"  />
</gc-op>
<gc-op id="2593" type="classunload" timems="0.004" contextid="2589" timestamp="2019-06-17T04:32:09.767">
  <classunload-info classloadercandidates="54" classloadersunloaded="0" classesunloaded="0" anonymousclassesunloaded="0" quiescems="0.000" setupms="0.004" scanms="0.000" postms="0.000" />
</gc-op>
<gc-end id="2594" type="partial gc" contextid="2589" durationms="2.327" usertimems="0.000" systemtimems="0.000" timestamp="2019-06-17T04:32:09.767" activeThreads="1">
  <mem-info id="2595" free="39845888" total="65011712" percent="61">
    <mem type="eden" free="1048520" total="1048576" percent="99" />
    <remembered-set count="127712" freebytes="2084224" totalbytes="2595072" percent="80" regionsoverflowed="0" regionsstable="0" regionsrebuilding="16"/>
  </mem-info>
</gc-end>
<cycle-end id="2596" type="partial gc" contextid="2589" timestamp="2019-06-17T04:32:09.767" />
  <attribute name="elasticGC enabled" value="1" />
  <attribute name= "numThreadsSpecified" value="1" />
  <attribute name="heapSize specified" value="0" />
  <attribute name="Current GC Util" value="76" />
  <attribute name= "Current Time Running" value="59202" />
  <attribute name ="GC Interval" value="0" />
  <attribute name="ProportionalT" value="84.000000" />
  <attribute name="ProportionalI" value="84.000000" />
  <attribute name="ProportionalH" value="84.000000" />
  <attribute name="Current Error" value="56.000000" />
  <attribute name="IntegralT" value="0.000000" />
  <attribute name="IntegralI" value="0.000000" />
  <attribute name="IntegralH" value="0.000000" />
  <attribute name="DerivativeT" value="inf" />
  <attribute name="DerivativeI" value="inf" />
  <attribute name="DerivativeH" value="inf" />
  <attribute name="Loop Time for DT" value="0.000000" />
  <attribute name="Output H" value="8388608"/>
  <attribute name="Output I" value="200"/>
  <attribute name="Output T" value="1"/>
  <attribute name="Target GC Util Change" value ="20.000000" />
  <attribute name="Current GC Util Change" value="76.000000"/>
  <attribute name="GC Util currently" value="76" />
  <attribute name="CPU Util currently" value="26144085614398" />
<exclusive-end id="2597" timestamp="2019-06-17T04:32:09.767" durationms="2.967" />

<exclusive-start id="2598" timestamp="2019-06-17T04:32:09.771" intervalms="6.679">
  <response-info timems="0.074" idlems="0.074" threads="0" lastid="0000000002320700" lastname="main" />
</exclusive-start>
<allocation-taxation id="2599" taxation-threshold="11534336" timestamp="2019-06-17T04:32:09.771" intervalms="6.772" />
<gc-start id="2600" type="global mark phase" contextid="2398" timestamp="2019-06-17T04:32:09.772">
  <mem-info id="2601" free="28311552" total="65011712" percent="43">
    <remembered-set count="127232" freebytes="2086144" totalbytes="2595072" percent="80" regionsoverflowed="0" regionsstable="0" regionsrebuilding="16"/>
  </mem-info>
</gc-start>
<gc-op id="2602" type="mark increment" timems="1.160" contextid="2398" timestamp="2019-06-17T04:32:09.773">
  <trace-info objectcount="2" scancount="2" scanbytes="56" />
  <cardclean-info objects="7" bytes="152" />
  <finalization candidates="79" enqueued="0" />
  <ownableSynchronizers candidates="23" cleared="0" />
  <references type="soft" candidates="4757" cleared="97" enqueued="95" dynamicThreshold="19" maxThreshold="32" />
  <references type="weak" candidates="5714" cleared="0" enqueued="0" />
  <references type="phantom" candidates="100" cleared="0" enqueued="0" />
  <stringconstants candidates="13817" cleared="0"  />
</gc-op>
<gc-op id="2603" type="classunload" timems="0.004" contextid="2398" timestamp="2019-06-17T04:32:09.773">
  <classunload-info classloadercandidates="54" classloadersunloaded="0" classesunloaded="0" anonymousclassesunloaded="0" quiescems="0.000" setupms="0.004" scanms="0.000" postms="0.000" />
</gc-op>
<gc-end id="2604" type="global mark phase" contextid="2398" durationms="1.642" usertimems="4.000" systemtimems="0.000" timestamp="2019-06-17T04:32:09.773" activeThreads="4">
  <mem-info id="2605" free="28311552" total="65011712" percent="43">
    <pending-finalizers system="0" default="0" reference="95" classloader="0" />
    <remembered-set count="129280" freebytes="2077952" totalbytes="2595072" percent="80" regionsoverflowed="0" regionsstable="0" regionsrebuilding="0"/>
  </mem-info>
</gc-end>
<cycle-end id="2606" type="global mark phase" contextid="2398" timestamp="2019-06-17T04:32:09.773" />
  <attribute name="elasticGC enabled" value="1" />
  <attribute name= "numThreadsSpecified" value="4" />
  <attribute name="heapSize specified" value="0" />
  <attribute name="Current GC Util" value="0" />
  <attribute name= "Current Time Running" value="59209" />
  <attribute name ="GC Interval" value="0" />
  <attribute name="ProportionalT" value="-30.000000" />
  <attribute name="ProportionalI" value="-30.000000" />
  <attribute name="ProportionalH" value="-30.000000" />
  <attribute name="Current Error" value="-20.000000" />
  <attribute name="IntegralT" value="0.000000" />
  <attribute name="IntegralI" value="0.000000" />
  <attribute name="IntegralH" value="0.000000" />
  <attribute name="DerivativeT" value="-inf" />
  <attribute name="DerivativeI" value="-inf" />
  <attribute name="DerivativeH" value="-inf" />
  <attribute name="Loop Time for DT" value="0.000000" />
  <attribute name="Output H" value="2091843584"/>
  <attribute name="Output I" value="200"/>
  <attribute name="Output T" value="4"/>
  <attribute name="Target GC Util Change" value ="20.000000" />
  <attribute name="Current GC Util Change" value="0.000000"/>
  <attribute name="GC Util currently" value="0" />
  <attribute name="CPU Util currently" value="84945403976562" />
<exclusive-end id="2607" timestamp="2019-06-17T04:32:09.773" durationms="2.226" />

<exclusive-start id="2608" timestamp="2019-06-17T04:32:09.777" intervalms="5.897">
  <response-info timems="0.062" idlems="0.062" threads="0" lastid="0000000002320700" lastname="main" />
</exclusive-start>
<allocation-taxation id="2609" taxation-threshold="11534336" timestamp="2019-06-17T04:32:09.777" intervalms="5.807" />
<cycle-start id="2610" type="partial gc" contextid="0" timestamp="2019-06-17T04:32:09.777" intervalms="12.579" />
<gc-start id="2611" type="partial gc" contextid="2610" timestamp="2019-06-17T04:32:09.777">
  <mem-info id="2612" free="16777216" total="65011712" percent="25">
    <mem type="eden" free="1048520" total="24117248" percent="4" />
    <remembered-set count="3232" freebytes="2582144" totalbytes="2595072" percent="99" regionsoverflowed="0" regionsstable="16" regionsrebuilding="0"/>
  </mem-info>
</gc-start>
<allocation-stats totalBytes="22990680" >
  <allocated-bytes non-tlh="0" tlh="22990680" arrayletleaf="0"/>
  <largest-consumer threadName="main" threadId="0000000002320700" bytes="11496560" />
</allocation-stats>
<gc-op id="2613" type="sweep" timems="0.751" contextid="2610" timestamp="2019-06-17T04:32:09.778" />
<gc-op id="2614" type="copy forward" timems="1.216" contextid="2610" timestamp="2019-06-17T04:32:09.780">
  <memory-copied type="eden" objects="2" bytes="56" bytesdiscarded="0" />
  <memory-copied type="other" objects="0" bytes="0" bytesdiscarded="0" />
  <memory-cardclean objects="300" bytes="12000" />
  <regions eden="11" other="1" />
  <remembered-set-cleared processed="1597" cleared="1" durationms="0.089" />
  <stringconstants candidates="13817" cleared="0"  />
</gc-op>
<gc-op id="2615" type="classunload" timems="0.004" contextid="2610" timestamp="2019-06-17T04:32:09.780">
  <classunload-info classloadercandidates="54" classloadersunloaded="0" classesunloaded="0" anonymousclassesunloaded="0" quiescems="0.000" setupms="0.003" scanms="0.000" postms="0.000" />
</gc-op>
<gc-end id="2616" type="partial gc" contextid="2610" durationms="2.977" usertimems="4.000" systemtimems="0.000" timestamp="2019-06-17T04:32:09.780" activeThreads="4">
  <mem-info id="2617" free="39845888" total="65011712" percent="61">
    <mem type="eden" free="1048520" total="1048576" percent="99" />
    <remembered-set count="2560" freebytes="2584832" totalbytes="2595072" percent="99" regionsoverflowed="0" regionsstable="16" regionsrebuilding="0"/>
  </mem-info>
</gc-end>
<cycle-end id="2618" type="partial gc" contextid="2610" timestamp="2019-06-17T04:32:09.780" />
  <attribute name="elasticGC enabled" value="1" />
  <attribute name= "numThreadsSpecified" value="4" />
  <attribute name="heapSize specified" value="0" />
  <attribute name="Current GC Util" value="63" />
  <attribute name= "Current Time Running" value="59216" />
  <attribute name ="GC Interval" value="0" />
  <attribute name="ProportionalT" value="64.500000" />
  <attribute name="ProportionalI" value="64.500000" />
  <attribute name="ProportionalH" value="64.500000" />
  <attribute name="Current Error" value="43.000000" />
  <attribute name="IntegralT" value="0.000000" />
  <attribute name="IntegralI" value="0.000000" />
  <attribute name="IntegralH" value="0.000000" />
  <attribute name="DerivativeT" value="-inf" />
  <attribute name="DerivativeI" value="-inf" />
  <attribute name="DerivativeH" value="-inf" />
  <attribute name="Loop Time for DT" value="0.000000" />
  <attribute name="Output H" value="2091843584"/>
  <attribute name="Output I" value="200"/>
  <attribute name="Output T" value="4"/>
  <attribute name="Target GC Util Change" value ="20.000000" />
  <attribute name="Current GC Util Change" value="63.000000"/>
  <attribute name="GC Util currently" value="63" />
  <attribute name="CPU Util currently" value="21730889848232" />
<exclusive-end id="2619" timestamp="2019-06-17T04:32:09.781" durationms="3.492" />

<exclusive-start id="2620" timestamp="2019-06-17T04:32:09.788" intervalms="10.769">
  <response-info timems="0.076" idlems="0.076" threads="0" lastid="0000000002320700" lastname="main" />
</exclusive-start>
<allocation-taxation id="2621" taxation-threshold="23068672" timestamp="2019-06-17T04:32:09.788" intervalms="10.856" />
<cycle-start id="2622" type="partial gc" contextid="0" timestamp="2019-06-17T04:32:09.788" intervalms="11.003" />
<gc-start id="2623" type="partial gc" contextid="2622" timestamp="2019-06-17T04:32:09.788">
  <mem-info id="2624" free="16777216" total="65011712" percent="25">
    <mem type="eden" free="1048520" total="24117248" percent="4" />
    <remembered-set count="2080" freebytes="2586752" totalbytes="2595072" percent="99" regionsoverflowed="0" regionsstable="16" regionsrebuilding="0"/>
  </mem-info>
</gc-start>
<allocation-stats totalBytes="22990680" >
  <allocated-bytes non-tlh="0" tlh="22990680" arrayletleaf="0"/>
  <largest-consumer threadName="main" threadId="0000000002320700" bytes="22990680" />
</allocation-stats>
<gc-op id="2625" type="copy forward" timems="1.299" contextid="2622" timestamp="2019-06-17T04:32:09.790">
  <memory-copied type="eden" objects="2" bytes="56" bytesdiscarded="0" />
  <memory-copied type="other" objects="985" bytes="43304" bytesdiscarded="0" />
  <memory-cardclean objects="167" bytes="9856" />
  <regions eden="22" other="5" />
  <remembered-set-cleared processed="1564" cleared="34" durationms="0.093" />
  <references type="soft" candidates="4" cleared="0" enqueued="0" dynamicThreshold="19" maxThreshold="32" />
  <references type="weak" candidates="13" cleared="0" enqueued="0" />
  <stringconstants candidates="13817" cleared="0"  />
</gc-op>
<gc-op id="2626" type="classunload" timems="0.004" contextid="2622" timestamp="2019-06-17T04:32:09.790">
  <classunload-info classloadercandidates="54" classloadersunloaded="0" classesunloaded="0" anonymousclassesunloaded="0" quiescems="0.000" setupms="0.004" scanms="0.000" postms="0.000" />
</gc-op>
<heap-resize id="2627" type="contract" space="default" amount="4194304" count="1" timems="0.301" reason="excess free space following gc" timestamp="2019-06-17T04:32:09.791" />
<gc-end id="2628" type="partial gc" contextid="2622" durationms="2.584" usertimems="4.000" systemtimems="0.000" timestamp="2019-06-17T04:32:09.791" activeThreads="1">
  <mem-info id="2629" free="37748736" total="60817408" percent="62">
    <mem type="eden" free="1048520" total="1048576" percent="99" />
    <remembered-set count="2176" freebytes="2586368" totalbytes="2595072" percent="99" regionsoverflowed="0" regionsstable="16" regionsrebuilding="0"/>
  </mem-info>
</gc-end>
<cycle-end id="2630" type="partial gc" contextid="2622" timestamp="2019-06-17T04:32:09.791" />
  <attribute name="elasticGC enabled" value="1" />
  <attribute name= "numThreadsSpecified" value="1" />
  <attribute name="heapSize specified" value="0" />
  <attribute name="Current GC Util" value="86" />
  <attribute name= "Current Time Running" value="59226" />
  <attribute name ="GC Interval" value="0" />
  <attribute name="ProportionalT" value="99.000000" />
  <attribute name="ProportionalI" value="99.000000" />
  <attribute name="ProportionalH" value="99.000000" />
  <attribute name="Current Error" value="66.000000" />
  <attribute name="IntegralT" value="0.000000" />
  <attribute name="IntegralI" value="0.000000" />
  <attribute name="IntegralH" value="0.000000" />
  <attribute name="DerivativeT" value="inf" />
  <attribute name="DerivativeI" value="inf" />
  <attribute name="DerivativeH" value="inf" />
  <attribute name="Loop Time for DT" value="0.000000" />
  <attribute name="Output H" value="8388608"/>
  <attribute name="Output I" value="200"/>
  <attribute name="Output T" value="1"/>
  <attribute name="Target GC Util Change" value ="20.000000" />
  <attribute name="Current GC Util Change" value="86.000000"/>
  <attribute name="GC Util currently" value="86" />
  <attribute name="CPU Util currently" value="18457966370429" />
<exclusive-end id="2631" timestamp="2019-06-17T04:32:09.791" durationms="3.596" />

<exclusive-start id="2632" timestamp="2019-06-17T04:32:09.798" intervalms="10.563">
  <response-info timems="0.067" idlems="0.067" threads="0" lastid="0000000002320700" lastname="main" />
</exclusive-start>
<allocation-taxation id="2633" taxation-threshold="22020096" timestamp="2019-06-17T04:32:09.799" intervalms="10.570" />
<cycle-start id="2634" type="partial gc" contextid="0" timestamp="2019-06-17T04:32:09.799" intervalms="10.503" />
<gc-start id="2635" type="partial gc" contextid="2634" timestamp="2019-06-17T04:32:09.799">
  <mem-info id="2636" free="15728640" total="60817408" percent="25">
    <mem type="eden" free="1048520" total="23068672" percent="4" />
    <remembered-set count="1760" freebytes="2588032" totalbytes="2595072" percent="99" regionsoverflowed="0" regionsstable="16" regionsrebuilding="0"/>
  </mem-info>
</gc-start>
<allocation-stats totalBytes="21945560" >
  <allocated-bytes non-tlh="0" tlh="21945560" arrayletleaf="0"/>
  <largest-consumer threadName="main" threadId="0000000002320700" bytes="21945560" />
</allocation-stats>
<gc-op id="2637" type="copy forward" timems="1.391" contextid="2634" timestamp="2019-06-17T04:32:09.801">
  <memory-copied type="eden" objects="2" bytes="56" bytesdiscarded="0" />
  <memory-copied type="other" objects="1376" bytes="98352" bytesdiscarded="3952" />
  <memory-cardclean objects="764" bytes="35416" />
  <regions eden="21" other="2" />
  <remembered-set-cleared processed="1531" cleared="34" durationms="0.071" />
  <references type="soft" candidates="9" cleared="0" enqueued="0" dynamicThreshold="19" maxThreshold="32" />
  <references type="weak" candidates="86" cleared="0" enqueued="0" />
  <stringconstants candidates="13817" cleared="0"  />
</gc-op>
<gc-op id="2638" type="classunload" timems="0.004" contextid="2634" timestamp="2019-06-17T04:32:09.801">
  <classunload-info classloadercandidates="54" classloadersunloaded="0" classesunloaded="0" anonymousclassesunloaded="0" quiescems="0.000" setupms="0.004" scanms="0.000" postms="0.000" />
</gc-op>
<heap-resize id="2639" type="contract" space="default" amount="3145728" count="1" timems="0.219" reason="excess free space following gc" timestamp="2019-06-17T04:32:09.802" />
<gc-end id="2640" type="partial gc" contextid="2634" durationms="2.735" usertimems="0.000" systemtimems="4.000" timestamp="2019-06-17T04:32:09.802" activeThreads="4">
  <mem-info id="2641" free="35651584" total="57671680" percent="61">
    <mem type="eden" free="1048520" total="1048576" percent="99" />
    <remembered-set count="3200" freebytes="2414848" totalbytes="2427648" percent="99" regionsoverflowed="0" regionsstable="16" regionsrebuilding="0"/>
  </mem-info>
</gc-end>
<cycle-end id="2642" type="partial gc" contextid="2634" timestamp="2019-06-17T04:32:09.802" />
  <attribute name="elasticGC enabled" value="1" />
  <attribute name= "numThreadsSpecified" value="4" />
  <attribute name="heapSize specified" value="0" />
  <attribute name="Current GC Util" value="41" />
  <attribute name= "Current Time Running" value="59237" />
  <attribute name ="GC Interval" value="0" />
  <attribute name="ProportionalT" value="31.500000" />
  <attribute name="ProportionalI" value="31.500000" />
  <attribute name="ProportionalH" value="31.500000" />
  <attribute name="Current Error" value="21.000000" />
  <attribute name="IntegralT" value="21.000000" />
  <attribute name="IntegralI" value="21.000000" />
  <attribute name="IntegralH" value="21.000000" />
  <attribute name="DerivativeT" value="27.000000" />
  <attribute name="DerivativeI" value="27.000000" />
  <attribute name="DerivativeH" value="27.000000" />
  <attribute name="Loop Time for DT" value="1.000000" />
  <attribute name="Output H" value="8388608"/>
  <attribute name="Output I" value="200"/>
  <attribute name="Output T" value="4"/>
  <attribute name="Target GC Util Change" value ="20.000000" />
  <attribute name="Current GC Util Change" value="41.000000"/>
  <attribute name="GC Util currently" value="41" />
  <attribute name="CPU Util currently" value="11241406835627" />
<exclusive-end id="2643" timestamp="2019-06-17T04:32:09.802" durationms="3.685" />

<exclusive-start id="2644" timestamp="2019-06-17T04:32:09.809" intervalms="10.339">
  <response-info timems="0.069" idlems="0.069" threads="0" lastid="0000000002320700" lastname="main" />
</exclusive-start>
<allocation-taxation id="2645" taxation-threshold="20971520" timestamp="2019-06-17T04:32:09.809" intervalms="10.244" />
<cycle-start id="2646" type="partial gc" contextid="0" timestamp="2019-06-17T04:32:09.809" intervalms="10.168" />
<gc-start id="2647" type="partial gc" contextid="2646" timestamp="2019-06-17T04:32:09.809">
  <mem-info id="2648" free="14680064" total="57671680" percent="25">
    <mem type="eden" free="1048520" total="22020096" percent="4" />
    <remembered-set count="3200" freebytes="2414848" totalbytes="2427648" percent="99" regionsoverflowed="0" regionsstable="16" regionsrebuilding="0"/>
  </mem-info>
</gc-start>
<allocation-stats totalBytes="20900392" >
  <allocated-bytes non-tlh="0" tlh="20900392" arrayletleaf="0"/>
  <largest-consumer threadName="main" threadId="0000000002320700" bytes="20900392" />
</allocation-stats>
<gc-op id="2649" type="copy forward" timems="1.314" contextid="2646" timestamp="2019-06-17T04:32:09.811">
  <memory-copied type="eden" objects="2" bytes="56" bytesdiscarded="0" />
  <memory-copied type="other" objects="0" bytes="0" bytesdiscarded="0" />
  <memory-cardclean objects="19" bytes="416" />
  <regions eden="20" other="1" />
  <remembered-set-cleared processed="1583" cleared="0" durationms="0.074" />
  <stringconstants candidates="13817" cleared="0"  />
</gc-op>
<gc-op id="2650" type="classunload" timems="0.004" contextid="2646" timestamp="2019-06-17T04:32:09.811">
  <classunload-info classloadercandidates="54" classloadersunloaded="0" classesunloaded="0" anonymousclassesunloaded="0" quiescems="0.000" setupms="0.004" scanms="0.000" postms="0.000" />
</gc-op>
<heap-resize id="2651" type="contract" space="default" amount="1048576" count="1" timems="0.109" reason="excess free space following gc" timestamp="2019-06-17T04:32:09.812" />
<gc-end id="2652" type="partial gc" contextid="2646" durationms="2.602" usertimems="4.000" systemtimems="0.000" timestamp="2019-06-17T04:32:09.812" activeThreads="4">
  <mem-info id="2653" free="34603008" total="56623104" percent="61">
    <mem type="eden" free="1048520" total="1048576" percent="99" />
    <remembered-set count="2304" freebytes="2292864" totalbytes="2302080" percent="99" regionsoverflowed="0" regionsstable="16" regionsrebuilding="0"/>
  </mem-info>
</gc-end>
<cycle-end id="2654" type="partial gc" contextid="2646" timestamp="2019-06-17T04:32:09.812" />
  <attribute name="elasticGC enabled" value="1" />
  <attribute name= "numThreadsSpecified" value="4" />
  <attribute name="heapSize specified" value="0" />
  <attribute name="Current GC Util" value="31" />
  <attribute name= "Current Time Running" value="59247" />
  <attribute name ="GC Interval" value="0" />
  <attribute name="ProportionalT" value="16.500000" />
  <attribute name="ProportionalI" value="16.500000" />
  <attribute name="ProportionalH" value="16.500000" />
  <attribute name="Current Error" value="11.000000" />
  <attribute name="IntegralT" value="11.000000" />
  <attribute name="IntegralI" value="11.000000" />
  <attribute name="IntegralH" value="11.000000" />
  <attribute name="DerivativeT" value="-12.000000" />
  <attribute name="DerivativeI" value="-12.000000" />
  <attribute name="DerivativeH" value="-12.000000" />
  <attribute name="Loop Time for DT" value="1.000000" />
  <attribute name="Output H" value="8388608"/>
  <attribute name="Output I" value="200"/>
  <attribute name="Output T" value="4"/>
  <attribute name="Target GC Util Change" value ="20.000000" />
  <attribute name="Current GC Util Change" value="31.000000"/>
  <attribute name="GC Util currently" value="31" />
  <attribute name="CPU Util currently" value="10353753337482" />
<exclusive-end id="2655" timestamp="2019-06-17T04:32:09.812" durationms="3.341" />

<exclusive-start id="2656" timestamp="2019-06-17T04:32:09.819" intervalms="9.953">
  <response-info timems="0.069" idlems="0.069" threads="0" lastid="0000000002320700" lastname="main" />
</exclusive-start>
<allocation-taxation id="2657" taxation-threshold="20971520" timestamp="2019-06-17T04:32:09.819" intervalms="10.047" />
<cycle-start id="2658" type="partial gc" contextid="0" timestamp="2019-06-17T04:32:09.819" intervalms="10.193" />
<gc-start id="2659" type="partial gc" contextid="2658" timestamp="2019-06-17T04:32:09.819">
  <mem-info id="2660" free="13631488" total="56623104" percent="24">
    <mem type="eden" free="1048520" total="22020096" percent="4" />
    <remembered-set count="2304" freebytes="2292864" totalbytes="2302080" percent="99" regionsoverflowed="0" regionsstable="16" regionsrebuilding="0"/>
  </mem-info>
</gc-start>
<allocation-stats totalBytes="20900392" >
  <allocated-bytes non-tlh="0" tlh="20900392" arrayletleaf="0"/>
  <largest-consumer threadName="main" threadId="0000000002320700" bytes="20900392" />
</allocation-stats>
<gc-op id="2661" type="copy forward" timems="1.335" contextid="2658" timestamp="2019-06-17T04:32:09.821">
  <memory-copied type="eden" objects="2" bytes="56" bytesdiscarded="0" />
  <memory-copied type="other" objects="0" bytes="0" bytesdiscarded="0" />
  <memory-cardclean objects="19" bytes="416" />
  <regions eden="20" other="1" />
  <remembered-set-cleared processed="1583" cleared="0" durationms="0.092" />
  <stringconstants candidates="13817" cleared="0"  />
</gc-op>
<gc-op id="2662" type="classunload" timems="0.003" contextid="2658" timestamp="2019-06-17T04:32:09.821">
  <classunload-info classloadercandidates="54" classloadersunloaded="0" classesunloaded="0" anonymousclassesunloaded="0" quiescems="0.000" setupms="0.003" scanms="0.000" postms="0.000" />
</gc-op>
<gc-end id="2663" type="partial gc" contextid="2658" durationms="2.364" usertimems="0.000" systemtimems="0.000" timestamp="2019-06-17T04:32:09.822" activeThreads="4">
  <mem-info id="2664" free="34603008" total="56623104" percent="61">
    <mem type="eden" free="1048520" total="1048576" percent="99" />
    <remembered-set count="2304" freebytes="2251008" totalbytes="2260224" percent="99" regionsoverflowed="0" regionsstable="16" regionsrebuilding="0"/>
  </mem-info>
</gc-end>
<cycle-end id="2665" type="partial gc" contextid="2658" timestamp="2019-06-17T04:32:09.822" />
  <attribute name="elasticGC enabled" value="1" />
  <attribute name= "numThreadsSpecified" value="4" />
  <attribute name="heapSize specified" value="0" />
  <attribute name="Current GC Util" value="33" />
  <attribute name= "Current Time Running" value="59257" />
  <attribute name ="GC Interval" value="0" />
  <attribute name="ProportionalT" value="19.500000" />
  <attribute name="ProportionalI" value="19.500000" />
  <attribute name="ProportionalH" value="19.500000" />
  <attribute name="Current Error" value="13.000000" />
  <attribute name="IntegralT" value="0.000000" />
  <attribute name="IntegralI" value="0.000000" />
  <attribute name="IntegralH" value="0.000000" />
  <attribute name="DerivativeT" value="-nan" />
  <attribute name="DerivativeI" value="-nan" />
  <attribute name="DerivativeH" value="-nan" />
  <attribute name="Loop Time for DT" value="0.000000" />
  <attribute name="Output H" value="2091843584"/>
  <attribute name="Output I" value="200"/>
  <attribute name="Output T" value="4"/>
  <attribute name="Target GC Util Change" value ="20.000000" />
  <attribute name="Current GC Util Change" value="33.000000"/>
  <attribute name="GC Util currently" value="33" />
  <attribute name="CPU Util currently" value="12292453384304" />
<exclusive-end id="2666" timestamp="2019-06-17T04:32:09.822" durationms="3.176" />

<exclusive-start id="2667" timestamp="2019-06-17T04:32:09.829" intervalms="10.357">
  <response-info timems="0.078" idlems="0.078" threads="0" lastid="0000000002320700" lastname="main" />
</exclusive-start>
<allocation-taxation id="2668" taxation-threshold="20971520" timestamp="2019-06-17T04:32:09.829" intervalms="10.269" />
<cycle-start id="2669" type="partial gc" contextid="0" timestamp="2019-06-17T04:32:09.829" intervalms="10.259" />
<gc-start id="2670" type="partial gc" contextid="2669" timestamp="2019-06-17T04:32:09.830">
  <mem-info id="2671" free="13631488" total="56623104" percent="24">
    <mem type="eden" free="1048520" total="22020096" percent="4" />
    <remembered-set count="2304" freebytes="2251008" totalbytes="2260224" percent="99" regionsoverflowed="0" regionsstable="16" regionsrebuilding="0"/>
  </mem-info>
</gc-start>
<allocation-stats totalBytes="20877408" >
  <allocated-bytes non-tlh="0" tlh="20877408" arrayletleaf="0"/>
  <largest-consumer threadName="main" threadId="0000000002320700" bytes="20877408" />
</allocation-stats>
<gc-op id="2672" type="copy forward" timems="0.795" contextid="2669" timestamp="2019-06-17T04:32:09.831">
  <memory-copied type="eden" objects="27" bytes="1936" bytesdiscarded="0" />
  <memory-copied type="other" objects="0" bytes="0" bytesdiscarded="0" />
  <memory-cardclean objects="84" bytes="2728" />
  <regions eden="20" other="1" />
  <remembered-set-cleared processed="1583" cleared="8" durationms="0.093" />
  <stringconstants candidates="13817" cleared="0"  />
</gc-op>
<gc-op id="2673" type="classunload" timems="0.003" contextid="2669" timestamp="2019-06-17T04:32:09.831">
  <classunload-info classloadercandidates="54" classloadersunloaded="0" classesunloaded="0" anonymousclassesunloaded="0" quiescems="0.000" setupms="0.003" scanms="0.000" postms="0.000" />
</gc-op>
<gc-end id="2674" type="partial gc" contextid="2669" durationms="1.879" usertimems="4.000" systemtimems="0.000" timestamp="2019-06-17T04:32:09.831" activeThreads="1">
  <mem-info id="2675" free="34603008" total="56623104" percent="61">
    <mem type="eden" free="1046640" total="1048576" percent="99" />
    <remembered-set count="2784" freebytes="2249088" totalbytes="2260224" percent="99" regionsoverflowed="0" regionsstable="16" regionsrebuilding="0"/>
  </mem-info>
</gc-end>
<cycle-end id="2676" type="partial gc" contextid="2669" timestamp="2019-06-17T04:32:09.832" />
  <attribute name="elasticGC enabled" value="1" />
  <attribute name= "numThreadsSpecified" value="1" />
  <attribute name="heapSize specified" value="0" />
  <attribute name="Current GC Util" value="85" />
  <attribute name= "Current Time Running" value="59267" />
  <attribute name ="GC Interval" value="0" />
  <attribute name="ProportionalT" value="97.500000" />
  <attribute name="ProportionalI" value="97.500000" />
  <attribute name="ProportionalH" value="97.500000" />
  <attribute name="Current Error" value="65.000000" />
  <attribute name="IntegralT" value="0.000000" />
  <attribute name="IntegralI" value="0.000000" />
  <attribute name="IntegralH" value="0.000000" />
  <attribute name="DerivativeT" value="inf" />
  <attribute name="DerivativeI" value="inf" />
  <attribute name="DerivativeH" value="inf" />
  <attribute name="Loop Time for DT" value="0.000000" />
  <attribute name="Output H" value="8388608"/>
  <attribute name="Output I" value="200"/>
  <attribute name="Output T" value="1"/>
  <attribute name="Target GC Util Change" value ="20.000000" />
  <attribute name="Current GC Util Change" value="85.000000"/>
  <attribute name="GC Util currently" value="85" />
  <attribute name="CPU Util currently" value="17482877901091" />
<exclusive-end id="2677" timestamp="2019-06-17T04:32:09.832" durationms="2.808" />

<exclusive-start id="2678" timestamp="2019-06-17T04:32:09.835" intervalms="6.216">
  <response-info timems="0.079" idlems="0.079" threads="0" lastid="0000000002320700" lastname="main" />
</exclusive-start>
<allocation-taxation id="2679" taxation-threshold="10485760" timestamp="2019-06-17T04:32:09.835" intervalms="6.304" />
<cycle-start id="2680" type="global mark phase" contextid="0" timestamp="2019-06-17T04:32:09.836" intervalms="182.520" />
<gc-start id="2681" type="global mark phase" contextid="2680" timestamp="2019-06-17T04:32:09.836">
  <mem-info id="2682" free="24117248" total="56623104" percent="42">
    <remembered-set count="2304" freebytes="2251008" totalbytes="2260224" percent="99" regionsoverflowed="0" regionsstable="16" regionsrebuilding="0"/>
  </mem-info>
</gc-start>
<gc-op id="2683" type="mark increment" timems="1.744" contextid="2680" timestamp="2019-06-17T04:32:09.838">
  <trace-info objectcount="60134" scancount="36907" scanbytes="1229848" />
</gc-op>
<gc-end id="2684" type="global mark phase" contextid="2680" durationms="1.955" usertimems="4.000" systemtimems="0.000" timestamp="2019-06-17T04:32:09.838" activeThreads="4">
  <mem-info id="2685" free="24117248" total="56623104" percent="42">
    <remembered-set count="11520" freebytes="2214144" totalbytes="2260224" percent="97" regionsoverflowed="0" regionsstable="0" regionsrebuilding="16"/>
  </mem-info>
</gc-end>
<concurrent-start id="2686" type="GMP work packet processing" contextid="2680" timestamp="2019-06-17T04:32:09.838">
  <concurrent-mark-start scanTarget="1336803" />
</concurrent-start>
<exclusive-end id="2687" timestamp="2019-06-17T04:32:09.838" durationms="2.599" />

<concurrent-end id="2688" type="GMP work packet processing" contextid="2680" timestamp="2019-06-17T04:32:09.839">
  <concurrent-mark-end bytesScanned="1379600" reasonForTermination="Work target met" />
</concurrent-end>

<exclusive-start id="2689" timestamp="2019-06-17T04:32:09.842" intervalms="6.858">
  <response-info timems="0.025" idlems="0.025" threads="0" lastid="0000000002320700" lastname="main" />
</exclusive-start>
<allocation-taxation id="2690" taxation-threshold="10485760" timestamp="2019-06-17T04:32:09.842" intervalms="6.762" />
<cycle-start id="2691" type="partial gc" contextid="0" timestamp="2019-06-17T04:32:09.842" intervalms="12.930" />
<gc-start id="2692" type="partial gc" contextid="2691" timestamp="2019-06-17T04:32:09.842">
  <mem-info id="2693" free="13631488" total="56623104" percent="24">
    <mem type="eden" free="0" total="20971520" percent="0" />
    <remembered-set count="23424" freebytes="2166528" totalbytes="2260224" percent="95" regionsoverflowed="0" regionsstable="0" regionsrebuilding="16"/>
  </mem-info>
</gc-start>
<allocation-stats totalBytes="20832000" >
  <allocated-bytes non-tlh="0" tlh="20832000" arrayletleaf="0"/>
  <largest-consumer threadName="main" threadId="0000000002320700" bytes="10416000" />
</allocation-stats>
<gc-op id="2694" type="copy forward" timems="1.247" contextid="2691" timestamp="2019-06-17T04:32:09.844">
  <memory-copied type="eden" objects="1" bytes="40" bytesdiscarded="0" />
  <memory-copied type="other" objects="26" bytes="1896" bytesdiscarded="0" />
  <memory-cardclean objects="68" bytes="2472" />
  <regions eden="20" other="1" />
  <remembered-set-cleared processed="21825" cleared="47" durationms="0.219" />
  <stringconstants candidates="13817" cleared="0"  />
</gc-op>
<gc-op id="2695" type="classunload" timems="0.004" contextid="2691" timestamp="2019-06-17T04:32:09.844">
  <classunload-info classloadercandidates="54" classloadersunloaded="0" classesunloaded="0" anonymousclassesunloaded="0" quiescems="0.000" setupms="0.004" scanms="0.000" postms="0.000" />
</gc-op>
<heap-resize id="2696" type="expand" space="default" amount="1048576" count="1" timems="0.056" reason="excessive time being spent in gc" timestamp="2019-06-17T04:32:09.844" />
<gc-end id="2697" type="partial gc" contextid="2691" durationms="2.241" usertimems="0.000" systemtimems="0.000" timestamp="2019-06-17T04:32:09.845" activeThreads="1">
  <mem-info id="2698" free="34603008" total="57671680" percent="60">
    <mem type="eden" free="1048536" total="1048576" percent="99" />
    <remembered-set count="23872" freebytes="2206592" totalbytes="2302080" percent="95" regionsoverflowed="0" regionsstable="0" regionsrebuilding="16"/>
  </mem-info>
</gc-end>
<cycle-end id="2699" type="partial gc" contextid="2691" timestamp="2019-06-17T04:32:09.845" />
  <attribute name="elasticGC enabled" value="1" />
  <attribute name= "numThreadsSpecified" value="1" />
  <attribute name="heapSize specified" value="0" />
  <attribute name="Current GC Util" value="68" />
  <attribute name= "Current Time Running" value="59280" />
  <attribute name ="GC Interval" value="0" />
  <attribute name="ProportionalT" value="72.000000" />
  <attribute name="ProportionalI" value="72.000000" />
  <attribute name="ProportionalH" value="72.000000" />
  <attribute name="Current Error" value="48.000000" />
  <attribute name="IntegralT" value="0.000000" />
  <attribute name="IntegralI" value="0.000000" />
  <attribute name="IntegralH" value="0.000000" />
  <attribute name="DerivativeT" value="inf" />
  <attribute name="DerivativeI" value="inf" />
  <attribute name="DerivativeH" value="inf" />
  <attribute name="Loop Time for DT" value="0.000000" />
  <attribute name="Output H" value="8388608"/>
  <attribute name="Output I" value="200"/>
  <attribute name="Output T" value="1"/>
  <attribute name="Target GC Util Change" value ="20.000000" />
  <attribute name="Current GC Util Change" value="68.000000"/>
  <attribute name="GC Util currently" value="68" />
  <attribute name="CPU Util currently" value="27077391780830" />
<exclusive-end id="2700" timestamp="2019-06-17T04:32:09.845" durationms="2.927" />

<exclusive-start id="2701" timestamp="2019-06-17T04:32:09.848" intervalms="6.364">
  <response-info timems="0.080" idlems="0.080" threads="0" lastid="0000000002320700" lastname="main" />
</exclusive-start>
<allocation-taxation id="2702" taxation-threshold="10485760" timestamp="2019-06-17T04:32:09.849" intervalms="6.449" />
<gc-start id="2703" type="global mark phase" contextid="2680" timestamp="2019-06-17T04:32:09.849">
  <mem-info id="2704" free="24117248" total="57671680" percent="41">
    <remembered-set count="23392" freebytes="2208512" totalbytes="2302080" percent="95" regionsoverflowed="0" regionsstable="0" regionsrebuilding="16"/>
  </mem-info>
</gc-start>
<gc-end id="2705" type="global mark phase" contextid="2680" durationms="0.126" usertimems="0.000" systemtimems="0.000" timestamp="2019-06-17T04:32:09.849" activeThreads="1">
  <mem-info id="2706" free="24117248" total="57671680" percent="41">
    <remembered-set count="23392" freebytes="2208512" totalbytes="2302080" percent="95" regionsoverflowed="0" regionsstable="0" regionsrebuilding="16"/>
  </mem-info>
</gc-end>
<concurrent-start id="2707" type="GMP work packet processing" contextid="2680" timestamp="2019-06-17T04:32:09.849">
  <concurrent-mark-start scanTarget="1048576" />
</concurrent-start>
<exclusive-end id="2708" timestamp="2019-06-17T04:32:09.849" durationms="0.513" />

<concurrent-end id="2709" type="GMP work packet processing" contextid="2680" timestamp="2019-06-17T04:32:09.850">
  <concurrent-mark-end bytesScanned="1106280" reasonForTermination="Work target met" />
</concurrent-end>

<exclusive-start id="2710" timestamp="2019-06-17T04:32:09.853" intervalms="4.422">
  <response-info timems="0.026" idlems="0.026" threads="0" lastid="0000000002320700" lastname="main" />
</exclusive-start>
<allocation-taxation id="2711" taxation-threshold="10485760" timestamp="2019-06-17T04:32:09.853" intervalms="4.334" />
<cycle-start id="2712" type="partial gc" contextid="0" timestamp="2019-06-17T04:32:09.853" intervalms="10.785" />
<gc-start id="2713" type="partial gc" contextid="2712" timestamp="2019-06-17T04:32:09.853">
  <mem-info id="2714" free="13631488" total="57671680" percent="23">
    <mem type="eden" free="1048536" total="22020096" percent="4" />
    <remembered-set count="31392" freebytes="2176512" totalbytes="2302080" percent="94" regionsoverflowed="0" regionsstable="0" regionsrebuilding="16"/>
  </mem-info>
</gc-start>
<allocation-stats totalBytes="20832000" >
  <allocated-bytes non-tlh="0" tlh="20832000" arrayletleaf="0"/>
  <largest-consumer threadName="main" threadId="0000000002320700" bytes="10416000" />
</allocation-stats>
<gc-op id="2715" type="copy forward" timems="1.517" contextid="2712" timestamp="2019-06-17T04:32:09.855">
  <memory-copied type="eden" objects="1" bytes="40" bytesdiscarded="0" />
  <memory-copied type="other" objects="0" bytes="0" bytesdiscarded="0" />
  <memory-cardclean objects="10" bytes="424" />
  <regions eden="20" other="1" />
  <remembered-set-cleared processed="29833" cleared="7" durationms="0.151" />
  <stringconstants candidates="13817" cleared="0"  />
</gc-op>
<gc-op id="2716" type="classunload" timems="0.004" contextid="2712" timestamp="2019-06-17T04:32:09.855">
  <classunload-info classloadercandidates="54" classloadersunloaded="0" classesunloaded="0" anonymousclassesunloaded="0" quiescems="0.000" setupms="0.004" scanms="0.000" postms="0.000" />
</gc-op>
<gc-end id="2717" type="partial gc" contextid="2712" durationms="2.223" usertimems="4.000" systemtimems="0.000" timestamp="2019-06-17T04:32:09.855" activeThreads="4">
  <mem-info id="2718" free="34603008" total="57671680" percent="60">
    <mem type="eden" free="1048536" total="1048576" percent="99" />
    <remembered-set count="31296" freebytes="2176896" totalbytes="2302080" percent="94" regionsoverflowed="0" regionsstable="0" regionsrebuilding="16"/>
  </mem-info>
</gc-end>
<cycle-end id="2719" type="partial gc" contextid="2712" timestamp="2019-06-17T04:32:09.855" />
  <attribute name="elasticGC enabled" value="1" />
  <attribute name= "numThreadsSpecified" value="4" />
  <attribute name="heapSize specified" value="0" />
  <attribute name="Current GC Util" value="71" />
  <attribute name= "Current Time Running" value="59291" />
  <attribute name ="GC Interval" value="0" />
  <attribute name="ProportionalT" value="76.500000" />
  <attribute name="ProportionalI" value="76.500000" />
  <attribute name="ProportionalH" value="76.500000" />
  <attribute name="Current Error" value="51.000000" />
  <attribute name="IntegralT" value="51.000000" />
  <attribute name="IntegralI" value="51.000000" />
  <attribute name="IntegralH" value="51.000000" />
  <attribute name="DerivativeT" value="51.000000" />
  <attribute name="DerivativeI" value="51.000000" />
  <attribute name="DerivativeH" value="51.000000" />
  <attribute name="Loop Time for DT" value="1.000000" />
  <attribute name="Output H" value="8388608"/>
  <attribute name="Output I" value="200"/>
  <attribute name="Output T" value="4"/>
  <attribute name="Target GC Util Change" value ="20.000000" />
  <attribute name="Current GC Util Change" value="71.000000"/>
  <attribute name="GC Util currently" value="71" />
  <attribute name="CPU Util currently" value="25881158451812" />
<exclusive-end id="2720" timestamp="2019-06-17T04:32:09.856" durationms="2.740" />

<exclusive-start id="2721" timestamp="2019-06-17T04:32:09.859" intervalms="6.185">
  <response-info timems="0.068" idlems="0.068" threads="0" lastid="0000000002320700" lastname="main" />
</exclusive-start>
<allocation-taxation id="2722" taxation-threshold="10485760" timestamp="2019-06-17T04:32:09.859" intervalms="6.284" />
<gc-start id="2723" type="global mark phase" contextid="2680" timestamp="2019-06-17T04:32:09.859">
  <mem-info id="2724" free="24117248" total="57671680" percent="41">
    <remembered-set count="30816" freebytes="2178816" totalbytes="2302080" percent="94" regionsoverflowed="0" regionsstable="0" regionsrebuilding="16"/>
  </mem-info>
</gc-start>
<gc-end id="2725" type="global mark phase" contextid="2680" durationms="0.136" usertimems="0.000" systemtimems="0.000" timestamp="2019-06-17T04:32:09.860" activeThreads="4">
  <mem-info id="2726" free="24117248" total="57671680" percent="41">
    <remembered-set count="30816" freebytes="2178816" totalbytes="2302080" percent="94" regionsoverflowed="0" regionsstable="0" regionsrebuilding="16"/>
  </mem-info>
</gc-end>
<concurrent-start id="2727" type="GMP work packet processing" contextid="2680" timestamp="2019-06-17T04:32:09.860">
  <concurrent-mark-start scanTarget="1336803" />
</concurrent-start>
<exclusive-end id="2728" timestamp="2019-06-17T04:32:09.860" durationms="0.765" />

<concurrent-end id="2729" type="GMP work packet processing" contextid="2680" timestamp="2019-06-17T04:32:09.861">
  <concurrent-mark-end bytesScanned="1405020" reasonForTermination="Work target met" />
</concurrent-end>

<exclusive-start id="2730" timestamp="2019-06-17T04:32:09.864" intervalms="4.819">
  <response-info timems="0.059" idlems="0.059" threads="0" lastid="0000000002320700" lastname="main" />
</exclusive-start>
<allocation-taxation id="2731" taxation-threshold="10485760" timestamp="2019-06-17T04:32:09.864" intervalms="4.721" />
<cycle-start id="2732" type="partial gc" contextid="0" timestamp="2019-06-17T04:32:09.864" intervalms="11.001" />
<gc-start id="2733" type="partial gc" contextid="2732" timestamp="2019-06-17T04:32:09.864">
  <mem-info id="2734" free="13631488" total="57671680" percent="23">
    <mem type="eden" free="1048536" total="22020096" percent="4" />
    <remembered-set count="42592" freebytes="2131712" totalbytes="2302080" percent="92" regionsoverflowed="0" regionsstable="0" regionsrebuilding="16"/>
  </mem-info>
</gc-start>
<allocation-stats totalBytes="20837184" >
  <allocated-bytes non-tlh="0" tlh="20837184" arrayletleaf="0"/>
  <largest-consumer threadName="main" threadId="0000000002320700" bytes="10420032" />
</allocation-stats>
<gc-op id="2735" type="copy forward" timems="1.576" contextid="2732" timestamp="2019-06-17T04:32:09.866">
  <memory-copied type="eden" objects="2" bytes="64" bytesdiscarded="0" />
  <memory-copied type="other" objects="0" bytes="0" bytesdiscarded="0" />
  <memory-cardclean objects="10" bytes="424" />
  <regions eden="20" other="1" />
  <remembered-set-cleared processed="40436" cleared="7" durationms="0.181" />
  <stringconstants candidates="13817" cleared="0"  />
</gc-op>
<gc-op id="2736" type="classunload" timems="0.004" contextid="2732" timestamp="2019-06-17T04:32:09.866">
  <classunload-info classloadercandidates="54" classloadersunloaded="0" classesunloaded="0" anonymousclassesunloaded="0" quiescems="0.000" setupms="0.003" scanms="0.000" postms="0.000" />
</gc-op>
<gc-end id="2737" type="partial gc" contextid="2732" durationms="2.332" usertimems="4.000" systemtimems="0.000" timestamp="2019-06-17T04:32:09.867" activeThreads="4">
  <mem-info id="2738" free="34603008" total="57671680" percent="60">
    <mem type="eden" free="1048512" total="1048576" percent="99" />
    <remembered-set count="42336" freebytes="2132736" totalbytes="2302080" percent="92" regionsoverflowed="0" regionsstable="0" regionsrebuilding="16"/>
  </mem-info>
</gc-end>
<cycle-end id="2739" type="partial gc" contextid="2732" timestamp="2019-06-17T04:32:09.867" />
  <attribute name="elasticGC enabled" value="1" />
  <attribute name= "numThreadsSpecified" value="4" />
  <attribute name="heapSize specified" value="0" />
  <attribute name="Current GC Util" value="66" />
  <attribute name= "Current Time Running" value="59302" />
  <attribute name ="GC Interval" value="0" />
  <attribute name="ProportionalT" value="69.000000" />
  <attribute name="ProportionalI" value="69.000000" />
  <attribute name="ProportionalH" value="69.000000" />
  <attribute name="Current Error" value="46.000000" />
  <attribute name="IntegralT" value="46.000000" />
  <attribute name="IntegralI" value="46.000000" />
  <attribute name="IntegralH" value="46.000000" />
  <attribute name="DerivativeT" value="31.500000" />
  <attribute name="DerivativeI" value="31.500000" />
  <attribute name="DerivativeH" value="31.500000" />
  <attribute name="Loop Time for DT" value="1.000000" />
  <attribute name="Output H" value="8388608"/>
  <attribute name="Output I" value="200"/>
  <attribute name="Output T" value="4"/>
  <attribute name="Target GC Util Change" value ="20.000000" />
  <attribute name="Current GC Util Change" value="66.000000"/>
  <attribute name="GC Util currently" value="66" />
  <attribute name="CPU Util currently" value="25211491257949" />
<exclusive-end id="2740" timestamp="2019-06-17T04:32:09.867" durationms="2.844" />

<exclusive-start id="2741" timestamp="2019-06-17T04:32:09.870" intervalms="6.267">
  <response-info timems="0.064" idlems="0.064" threads="0" lastid="0000000002320700" lastname="main" />
</exclusive-start>
<allocation-taxation id="2742" taxation-threshold="10485760" timestamp="2019-06-17T04:32:09.870" intervalms="6.367" />
<gc-start id="2743" type="global mark phase" contextid="2680" timestamp="2019-06-17T04:32:09.871">
  <mem-info id="2744" free="24117248" total="57671680" percent="41">
    <remembered-set count="41856" freebytes="2134656" totalbytes="2302080" percent="92" regionsoverflowed="0" regionsstable="0" regionsrebuilding="16"/>
  </mem-info>
</gc-start>
<gc-end id="2745" type="global mark phase" contextid="2680" durationms="0.113" usertimems="0.000" systemtimems="0.000" timestamp="2019-06-17T04:32:09.871" activeThreads="4">
  <mem-info id="2746" free="24117248" total="57671680" percent="41">
    <remembered-set count="41856" freebytes="2134656" totalbytes="2302080" percent="92" regionsoverflowed="0" regionsstable="0" regionsrebuilding="16"/>
  </mem-info>
</gc-end>
<concurrent-start id="2747" type="GMP work packet processing" contextid="2680" timestamp="2019-06-17T04:32:09.871">
  <concurrent-mark-start scanTarget="1336803" />
</concurrent-start>
<exclusive-end id="2748" timestamp="2019-06-17T04:32:09.871" durationms="0.782" />

<concurrent-end id="2749" type="GMP work packet processing" contextid="2680" timestamp="2019-06-17T04:32:09.872">
  <concurrent-mark-end bytesScanned="1374544" reasonForTermination="Work target met" />
</concurrent-end>

<exclusive-start id="2750" timestamp="2019-06-17T04:32:09.875" intervalms="4.852">
  <response-info timems="0.027" idlems="0.027" threads="0" lastid="0000000002320700" lastname="main" />
</exclusive-start>
<allocation-taxation id="2751" taxation-threshold="10485760" timestamp="2019-06-17T04:32:09.875" intervalms="4.753" />
<cycle-start id="2752" type="partial gc" contextid="0" timestamp="2019-06-17T04:32:09.875" intervalms="11.118" />
<gc-start id="2753" type="partial gc" contextid="2752" timestamp="2019-06-17T04:32:09.875">
  <mem-info id="2754" free="13631488" total="57671680" percent="23">
    <mem type="eden" free="1048512" total="22020096" percent="4" />
    <remembered-set count="53024" freebytes="2089984" totalbytes="2302080" percent="90" regionsoverflowed="0" regionsstable="0" regionsrebuilding="16"/>
  </mem-info>
</gc-start>
<allocation-stats totalBytes="20840064" >
  <allocated-bytes non-tlh="0" tlh="20840064" arrayletleaf="0"/>
  <largest-consumer threadName="main" threadId="0000000002320700" bytes="10420032" />
</allocation-stats>
<gc-op id="2755" type="copy forward" timems="1.229" contextid="2752" timestamp="2019-06-17T04:32:09.877">
  <memory-copied type="eden" objects="2" bytes="64" bytesdiscarded="0" />
  <memory-copied type="other" objects="0" bytes="0" bytesdiscarded="0" />
  <memory-cardclean objects="10" bytes="424" />
  <regions eden="20" other="1" />
  <remembered-set-cleared processed="50672" cleared="8" durationms="0.372" />
  <stringconstants candidates="13817" cleared="0"  />
</gc-op>
<gc-op id="2756" type="classunload" timems="0.004" contextid="2752" timestamp="2019-06-17T04:32:09.877">
  <classunload-info classloadercandidates="54" classloadersunloaded="0" classesunloaded="0" anonymousclassesunloaded="0" quiescems="0.000" setupms="0.004" scanms="0.000" postms="0.000" />
</gc-op>
<gc-end id="2757" type="partial gc" contextid="2752" durationms="1.956" usertimems="0.000" systemtimems="0.000" timestamp="2019-06-17T04:32:09.877" activeThreads="1">
  <mem-info id="2758" free="34603008" total="57671680" percent="60">
    <mem type="eden" free="1048512" total="1048576" percent="99" />
    <remembered-set count="53504" freebytes="2088064" totalbytes="2302080" percent="90" regionsoverflowed="0" regionsstable="0" regionsrebuilding="16"/>
  </mem-info>
</gc-end>
<cycle-end id="2759" type="partial gc" contextid="2752" timestamp="2019-06-17T04:32:09.877" />
  <attribute name="elasticGC enabled" value="1" />
  <attribute name= "numThreadsSpecified" value="1" />
  <attribute name="heapSize specified" value="0" />
  <attribute name="Current GC Util" value="65" />
  <attribute name= "Current Time Running" value="59313" />
  <attribute name ="GC Interval" value="0" />
  <attribute name="ProportionalT" value="67.500000" />
  <attribute name="ProportionalI" value="67.500000" />
  <attribute name="ProportionalH" value="67.500000" />
  <attribute name="Current Error" value="45.000000" />
  <attribute name="IntegralT" value="0.000000" />
  <attribute name="IntegralI" value="0.000000" />
  <attribute name="IntegralH" value="0.000000" />
  <attribute name="DerivativeT" value="inf" />
  <attribute name="DerivativeI" value="inf" />
  <attribute name="DerivativeH" value="inf" />
  <attribute name="Loop Time for DT" value="0.000000" />
  <attribute name="Output H" value="8388608"/>
  <attribute name="Output I" value="200"/>
  <attribute name="Output T" value="1"/>
  <attribute name="Target GC Util Change" value ="20.000000" />
  <attribute name="Current GC Util Change" value="65.000000"/>
  <attribute name="GC Util currently" value="65" />
  <attribute name="CPU Util currently" value="22818832166057" />
<exclusive-end id="2760" timestamp="2019-06-17T04:32:09.878" durationms="2.640" />

<exclusive-start id="2761" timestamp="2019-06-17T04:32:09.881" intervalms="6.145">
  <response-info timems="0.075" idlems="0.075" threads="0" lastid="0000000002320700" lastname="main" />
</exclusive-start>
<allocation-taxation id="2762" taxation-threshold="10485760" timestamp="2019-06-17T04:32:09.881" intervalms="6.243" />
<gc-start id="2763" type="global mark phase" contextid="2680" timestamp="2019-06-17T04:32:09.882">
  <mem-info id="2764" free="24117248" total="57671680" percent="41">
    <remembered-set count="53024" freebytes="2089984" totalbytes="2302080" percent="90" regionsoverflowed="0" regionsstable="0" regionsrebuilding="16"/>
  </mem-info>
</gc-start>
<gc-end id="2765" type="global mark phase" contextid="2680" durationms="0.121" usertimems="0.000" systemtimems="0.000" timestamp="2019-06-17T04:32:09.882" activeThreads="1">
  <mem-info id="2766" free="24117248" total="57671680" percent="41">
    <remembered-set count="53024" freebytes="2089984" totalbytes="2302080" percent="90" regionsoverflowed="0" regionsstable="0" regionsrebuilding="16"/>
  </mem-info>
</gc-end>
<concurrent-start id="2767" type="GMP work packet processing" contextid="2680" timestamp="2019-06-17T04:32:09.882">
  <concurrent-mark-start scanTarget="1048576" />
</concurrent-start>
<exclusive-end id="2768" timestamp="2019-06-17T04:32:09.882" durationms="0.721" />

<concurrent-end id="2769" type="GMP work packet processing" contextid="2680" timestamp="2019-06-17T04:32:09.883">
  <concurrent-mark-end bytesScanned="1092872" reasonForTermination="Work target met" />
</concurrent-end>

<exclusive-start id="2770" timestamp="2019-06-17T04:32:09.886" intervalms="4.717">
  <response-info timems="0.069" idlems="0.069" threads="0" lastid="0000000002320700" lastname="main" />
</exclusive-start>
<allocation-taxation id="2771" taxation-threshold="10485760" timestamp="2019-06-17T04:32:09.886" intervalms="4.617" />
<cycle-start id="2772" type="partial gc" contextid="0" timestamp="2019-06-17T04:32:09.886" intervalms="10.895" />
<gc-start id="2773" type="partial gc" contextid="2772" timestamp="2019-06-17T04:32:09.886">
  <mem-info id="2774" free="13631488" total="57671680" percent="23">
    <mem type="eden" free="1048512" total="22020096" percent="4" />
    <remembered-set count="63168" freebytes="2049408" totalbytes="2302080" percent="89" regionsoverflowed="0" regionsstable="0" regionsrebuilding="16"/>
  </mem-info>
</gc-start>
<allocation-stats totalBytes="20840064" >
  <allocated-bytes non-tlh="0" tlh="20840064" arrayletleaf="0"/>
  <largest-consumer threadName="main" threadId="0000000002320700" bytes="10420032" />
</allocation-stats>
<gc-op id="2775" type="copy forward" timems="1.357" contextid="2772" timestamp="2019-06-17T04:32:09.888">
  <memory-copied type="eden" objects="2" bytes="64" bytesdiscarded="0" />
  <memory-copied type="other" objects="0" bytes="0" bytesdiscarded="0" />
  <memory-cardclean objects="10" bytes="424" />
  <regions eden="20" other="1" />
  <remembered-set-cleared processed="60713" cleared="8" durationms="0.420" />
  <stringconstants candidates="13817" cleared="0"  />
</gc-op>
<gc-op id="2776" type="classunload" timems="0.004" contextid="2772" timestamp="2019-06-17T04:32:09.888">
  <classunload-info classloadercandidates="54" classloadersunloaded="0" classesunloaded="0" anonymousclassesunloaded="0" quiescems="0.000" setupms="0.003" scanms="0.000" postms="0.000" />
</gc-op>
<gc-end id="2777" type="partial gc" contextid="2772" durationms="2.377" usertimems="0.000" systemtimems="0.000" timestamp="2019-06-17T04:32:09.889" activeThreads="1">
  <mem-info id="2778" free="34603008" total="57671680" percent="60">
    <mem type="eden" free="1048512" total="1048576" percent="99" />
    <remembered-set count="63616" freebytes="2047616" totalbytes="2302080" percent="88" regionsoverflowed="0" regionsstable="0" regionsrebuilding="16"/>
  </mem-info>
</gc-end>
<cycle-end id="2779" type="partial gc" contextid="2772" timestamp="2019-06-17T04:32:09.889" />
  <attribute name="elasticGC enabled" value="1" />
  <attribute name= "numThreadsSpecified" value="1" />
  <attribute name="heapSize specified" value="0" />
  <attribute name="Current GC Util" value="53" />
  <attribute name= "Current Time Running" value="59324" />
  <attribute name ="GC Interval" value="0" />
  <attribute name="ProportionalT" value="49.500000" />
  <attribute name="ProportionalI" value="49.500000" />
  <attribute name="ProportionalH" value="49.500000" />
  <attribute name="Current Error" value="33.000000" />
  <attribute name="IntegralT" value="0.000000" />
  <attribute name="IntegralI" value="0.000000" />
  <attribute name="IntegralH" value="0.000000" />
  <attribute name="DerivativeT" value="inf" />
  <attribute name="DerivativeI" value="inf" />
  <attribute name="DerivativeH" value="inf" />
  <attribute name="Loop Time for DT" value="0.000000" />
  <attribute name="Output H" value="8388608"/>
  <attribute name="Output I" value="200"/>
  <attribute name="Output T" value="1"/>
  <attribute name="Target GC Util Change" value ="20.000000" />
  <attribute name="Current GC Util Change" value="53.000000"/>
  <attribute name="GC Util currently" value="53" />
  <attribute name="CPU Util currently" value="18626301468809" />
<exclusive-end id="2780" timestamp="2019-06-17T04:32:09.889" durationms="3.109" />

<exclusive-start id="2781" timestamp="2019-06-17T04:32:09.892" intervalms="6.514">
  <response-info timems="0.076" idlems="0.076" threads="0" lastid="0000000002320700" lastname="main" />
</exclusive-start>
<allocation-taxation id="2782" taxation-threshold="10485760" timestamp="2019-06-17T04:32:09.893" intervalms="6.602" />
<gc-start id="2783" type="global mark phase" contextid="2680" timestamp="2019-06-17T04:32:09.893">
  <mem-info id="2784" free="24117248" total="57671680" percent="41">
    <remembered-set count="63168" freebytes="2049408" totalbytes="2302080" percent="89" regionsoverflowed="0" regionsstable="0" regionsrebuilding="16"/>
  </mem-info>
</gc-start>
<gc-end id="2785" type="global mark phase" contextid="2680" durationms="0.118" usertimems="0.000" systemtimems="0.000" timestamp="2019-06-17T04:32:09.893" activeThreads="1">
  <mem-info id="2786" free="24117248" total="57671680" percent="41">
    <remembered-set count="63168" freebytes="2049408" totalbytes="2302080" percent="89" regionsoverflowed="0" regionsstable="0" regionsrebuilding="16"/>
  </mem-info>
</gc-end>
<concurrent-start id="2787" type="GMP work packet processing" contextid="2680" timestamp="2019-06-17T04:32:09.893">
  <concurrent-mark-start scanTarget="1048576" />
</concurrent-start>
<exclusive-end id="2788" timestamp="2019-06-17T04:32:09.893" durationms="0.585" />

<concurrent-end id="2789" type="GMP work packet processing" contextid="2680" timestamp="2019-06-17T04:32:09.894">
  <concurrent-mark-end bytesScanned="1087292" reasonForTermination="Work target met" />
</concurrent-end>

<exclusive-start id="2790" timestamp="2019-06-17T04:32:09.897" intervalms="4.613">
  <response-info timems="0.070" idlems="0.070" threads="0" lastid="0000000002320700" lastname="main" />
</exclusive-start>
<allocation-taxation id="2791" taxation-threshold="10485760" timestamp="2019-06-17T04:32:09.897" intervalms="4.534" />
<cycle-start id="2792" type="partial gc" contextid="0" timestamp="2019-06-17T04:32:09.897" intervalms="11.148" />
<gc-start id="2793" type="partial gc" contextid="2792" timestamp="2019-06-17T04:32:09.897">
  <mem-info id="2794" free="13631488" total="57671680" percent="23">
    <mem type="eden" free="1048512" total="22020096" percent="4" />
    <remembered-set count="77024" freebytes="1993984" totalbytes="2302080" percent="86" regionsoverflowed="0" regionsstable="0" regionsrebuilding="16"/>
  </mem-info>
</gc-start>
<allocation-stats totalBytes="20840064" >
  <allocated-bytes non-tlh="0" tlh="20840064" arrayletleaf="0"/>
  <largest-consumer threadName="main" threadId="0000000002320700" bytes="10420032" />
</allocation-stats>
<gc-op id="2795" type="copy forward" timems="1.384" contextid="2792" timestamp="2019-06-17T04:32:09.899">
  <memory-copied type="eden" objects="2" bytes="64" bytesdiscarded="0" />
  <memory-copied type="other" objects="0" bytes="0" bytesdiscarded="0" />
  <memory-cardclean objects="10" bytes="424" />
  <regions eden="20" other="1" />
  <remembered-set-cleared processed="74667" cleared="9" durationms="0.493" />
  <stringconstants candidates="13817" cleared="0"  />
</gc-op>
<gc-op id="2796" type="classunload" timems="0.004" contextid="2792" timestamp="2019-06-17T04:32:09.899">
  <classunload-info classloadercandidates="54" classloadersunloaded="0" classesunloaded="0" anonymousclassesunloaded="0" quiescems="0.000" setupms="0.003" scanms="0.000" postms="0.000" />
</gc-op>
<gc-end id="2797" type="partial gc" contextid="2792" durationms="2.190" usertimems="0.000" systemtimems="0.000" timestamp="2019-06-17T04:32:09.900" activeThreads="1">
  <mem-info id="2798" free="34603008" total="57671680" percent="60">
    <mem type="eden" free="1048512" total="1048576" percent="99" />
    <remembered-set count="77504" freebytes="1992064" totalbytes="2302080" percent="86" regionsoverflowed="0" regionsstable="0" regionsrebuilding="16"/>
  </mem-info>
</gc-end>
<cycle-end id="2799" type="partial gc" contextid="2792" timestamp="2019-06-17T04:32:09.900" />
  <attribute name="elasticGC enabled" value="1" />
  <attribute name= "numThreadsSpecified" value="1" />
  <attribute name="heapSize specified" value="0" />
  <attribute name="Current GC Util" value="63" />
  <attribute name= "Current Time Running" value="59335" />
  <attribute name ="GC Interval" value="0" />
  <attribute name="ProportionalT" value="64.500000" />
  <attribute name="ProportionalI" value="64.500000" />
  <attribute name="ProportionalH" value="64.500000" />
  <attribute name="Current Error" value="43.000000" />
  <attribute name="IntegralT" value="0.000000" />
  <attribute name="IntegralI" value="0.000000" />
  <attribute name="IntegralH" value="0.000000" />
  <attribute name="DerivativeT" value="inf" />
  <attribute name="DerivativeI" value="inf" />
  <attribute name="DerivativeH" value="inf" />
  <attribute name="Loop Time for DT" value="0.000000" />
  <attribute name="Output H" value="8388608"/>
  <attribute name="Output I" value="200"/>
  <attribute name="Output T" value="1"/>
  <attribute name="Target GC Util Change" value ="20.000000" />
  <attribute name="Current GC Util Change" value="63.000000"/>
  <attribute name="GC Util currently" value="63" />
  <attribute name="CPU Util currently" value="22564382742647" />
<exclusive-end id="2800" timestamp="2019-06-17T04:32:09.900" durationms="2.897" />

<exclusive-start id="2801" timestamp="2019-06-17T04:32:09.903" intervalms="6.328">
  <response-info timems="0.074" idlems="0.074" threads="0" lastid="0000000002320700" lastname="main" />
</exclusive-start>
<allocation-taxation id="2802" taxation-threshold="10485760" timestamp="2019-06-17T04:32:09.904" intervalms="6.421" />
<gc-start id="2803" type="global mark phase" contextid="2680" timestamp="2019-06-17T04:32:09.904">
  <mem-info id="2804" free="24117248" total="57671680" percent="41">
    <remembered-set count="77024" freebytes="1993984" totalbytes="2302080" percent="86" regionsoverflowed="0" regionsstable="0" regionsrebuilding="16"/>
  </mem-info>
</gc-start>
<gc-end id="2805" type="global mark phase" contextid="2680" durationms="0.163" usertimems="0.000" systemtimems="0.000" timestamp="2019-06-17T04:32:09.904" activeThreads="1">
  <mem-info id="2806" free="24117248" total="57671680" percent="41">
    <remembered-set count="77024" freebytes="1993984" totalbytes="2302080" percent="86" regionsoverflowed="0" regionsstable="0" regionsrebuilding="16"/>
  </mem-info>
</gc-end>
<concurrent-start id="2807" type="GMP work packet processing" contextid="2680" timestamp="2019-06-17T04:32:09.904">
  <concurrent-mark-start scanTarget="1048576" />
</concurrent-start>
<exclusive-end id="2808" timestamp="2019-06-17T04:32:09.904" durationms="0.713" />

<concurrent-end id="2809" type="GMP work packet processing" contextid="2680" timestamp="2019-06-17T04:32:09.905">
  <concurrent-mark-end bytesScanned="1089684" reasonForTermination="Work target met" />
</concurrent-end>

<exclusive-start id="2810" timestamp="2019-06-17T04:32:09.908" intervalms="4.678">
  <response-info timems="0.061" idlems="0.061" threads="0" lastid="0000000002320700" lastname="main" />
</exclusive-start>
<allocation-taxation id="2811" taxation-threshold="10485760" timestamp="2019-06-17T04:32:09.908" intervalms="4.576" />
<cycle-start id="2812" type="partial gc" contextid="0" timestamp="2019-06-17T04:32:09.908" intervalms="10.987" />
<gc-start id="2813" type="partial gc" contextid="2812" timestamp="2019-06-17T04:32:09.908">
  <mem-info id="2814" free="13631488" total="57671680" percent="23">
    <mem type="eden" free="1048512" total="22020096" percent="4" />
    <remembered-set count="84288" freebytes="1964928" totalbytes="2302080" percent="85" regionsoverflowed="0" regionsstable="0" regionsrebuilding="16"/>
  </mem-info>
</gc-start>
<allocation-stats totalBytes="20840064" >
  <allocated-bytes non-tlh="0" tlh="20840064" arrayletleaf="0"/>
  <largest-consumer threadName="main" threadId="0000000002320700" bytes="10420032" />
</allocation-stats>
<gc-op id="2815" type="copy forward" timems="1.412" contextid="2812" timestamp="2019-06-17T04:32:09.910">
  <memory-copied type="eden" objects="2" bytes="64" bytesdiscarded="0" />
  <memory-copied type="other" objects="0" bytes="0" bytesdiscarded="0" />
  <memory-cardclean objects="10" bytes="424" />
  <regions eden="20" other="1" />
  <remembered-set-cleared processed="82680" cleared="8" durationms="0.553" />
  <stringconstants candidates="13817" cleared="0"  />
</gc-op>
<gc-op id="2816" type="classunload" timems="0.003" contextid="2812" timestamp="2019-06-17T04:32:09.910">
  <classunload-info classloadercandidates="54" classloadersunloaded="0" classesunloaded="0" anonymousclassesunloaded="0" quiescems="0.000" setupms="0.003" scanms="0.000" postms="0.000" />
</gc-op>
<gc-end id="2817" type="partial gc" contextid="2812" durationms="2.322" usertimems="0.000" systemtimems="0.000" timestamp="2019-06-17T04:32:09.911" activeThreads="1">
  <mem-info id="2818" free="34603008" total="57671680" percent="60">
    <mem type="eden" free="1048512" total="1048576" percent="99" />
    <remembered-set count="84768" freebytes="1963008" totalbytes="2302080" percent="85" regionsoverflowed="0" regionsstable="0" regionsrebuilding="16"/>
  </mem-info>
</gc-end>
<cycle-end id="2819" type="partial gc" contextid="2812" timestamp="2019-06-17T04:32:09.911" />
  <attribute name="elasticGC enabled" value="1" />
  <attribute name= "numThreadsSpecified" value="1" />
  <attribute name="heapSize specified" value="0" />
  <attribute name="Current GC Util" value="65" />
  <attribute name= "Current Time Running" value="59346" />
  <attribute name ="GC Interval" value="0" />
  <attribute name="ProportionalT" value="67.500000" />
  <attribute name="ProportionalI" value="67.500000" />
  <attribute name="ProportionalH" value="67.500000" />
  <attribute name="Current Error" value="45.000000" />
  <attribute name="IntegralT" value="0.000000" />
  <attribute name="IntegralI" value="0.000000" />
  <attribute name="IntegralH" value="0.000000" />
  <attribute name="DerivativeT" value="inf" />
  <attribute name="DerivativeI" value="inf" />
  <attribute name="DerivativeH" value="inf" />
  <attribute name="Loop Time for DT" value="0.000000" />
  <attribute name="Output H" value="8388608"/>
  <attribute name="Output I" value="200"/>
  <attribute name="Output T" value="1"/>
  <attribute name="Target GC Util Change" value ="20.000000" />
  <attribute name="Current GC Util Change" value="65.000000"/>
  <attribute name="GC Util currently" value="65" />
  <attribute name="CPU Util currently" value="22626712232899" />
<exclusive-end id="2820" timestamp="2019-06-17T04:32:09.911" durationms="3.025" />

<exclusive-start id="2821" timestamp="2019-06-17T04:32:09.915" intervalms="6.534">
  <response-info timems="0.069" idlems="0.069" threads="0" lastid="0000000002320700" lastname="main" />
</exclusive-start>
<allocation-taxation id="2822" taxation-threshold="10485760" timestamp="2019-06-17T04:32:09.915" intervalms="6.637" />
<gc-start id="2823" type="global mark phase" contextid="2680" timestamp="2019-06-17T04:32:09.915">
  <mem-info id="2824" free="24117248" total="57671680" percent="41">
    <remembered-set count="84288" freebytes="1964928" totalbytes="2302080" percent="85" regionsoverflowed="0" regionsstable="0" regionsrebuilding="16"/>
  </mem-info>
</gc-start>
<gc-end id="2825" type="global mark phase" contextid="2680" durationms="0.122" usertimems="0.000" systemtimems="0.000" timestamp="2019-06-17T04:32:09.915" activeThreads="1">
  <mem-info id="2826" free="24117248" total="57671680" percent="41">
    <remembered-set count="84288" freebytes="1964928" totalbytes="2302080" percent="85" regionsoverflowed="0" regionsstable="0" regionsrebuilding="16"/>
  </mem-info>
</gc-end>
<concurrent-start id="2827" type="GMP work packet processing" contextid="2680" timestamp="2019-06-17T04:32:09.915">
  <concurrent-mark-start scanTarget="1048576" />
</concurrent-start>
<exclusive-end id="2828" timestamp="2019-06-17T04:32:09.915" durationms="0.726" />

<concurrent-end id="2829" type="GMP work packet processing" contextid="2680" timestamp="2019-06-17T04:32:09.916">
  <concurrent-mark-end bytesScanned="1098700" reasonForTermination="Work target met" />
</concurrent-end>

<exclusive-start id="2830" timestamp="2019-06-17T04:32:09.919" intervalms="4.782">
  <response-info timems="0.055" idlems="0.055" threads="0" lastid="0000000002320700" lastname="main" />
</exclusive-start>
<allocation-taxation id="2831" taxation-threshold="10485760" timestamp="2019-06-17T04:32:09.919" intervalms="4.680" />
<cycle-start id="2832" type="partial gc" contextid="0" timestamp="2019-06-17T04:32:09.920" intervalms="11.327" />
<gc-start id="2833" type="partial gc" contextid="2832" timestamp="2019-06-17T04:32:09.920">
  <mem-info id="2834" free="13631488" total="57671680" percent="23">
    <mem type="eden" free="1048512" total="22020096" percent="4" />
    <remembered-set count="97216" freebytes="1913216" totalbytes="2302080" percent="83" regionsoverflowed="0" regionsstable="0" regionsrebuilding="16"/>
  </mem-info>
</gc-start>
<allocation-stats totalBytes="20840064" >
  <allocated-bytes non-tlh="0" tlh="20840064" arrayletleaf="0"/>
  <largest-consumer threadName="main" threadId="0000000002320700" bytes="10420032" />
</allocation-stats>
<gc-op id="2835" type="copy forward" timems="1.611" contextid="2832" timestamp="2019-06-17T04:32:09.922">
  <memory-copied type="eden" objects="2" bytes="64" bytesdiscarded="0" />
  <memory-copied type="other" objects="0" bytes="0" bytesdiscarded="0" />
  <memory-cardclean objects="10" bytes="424" />
  <regions eden="20" other="1" />
  <remembered-set-cleared processed="95469" cleared="8" durationms="0.618" />
  <stringconstants candidates="13817" cleared="0"  />
</gc-op>
<gc-op id="2836" type="classunload" timems="0.004" contextid="2832" timestamp="2019-06-17T04:32:09.922">
  <classunload-info classloadercandidates="54" classloadersunloaded="0" classesunloaded="0" anonymousclassesunloaded="0" quiescems="0.000" setupms="0.004" scanms="0.000" postms="0.000" />
</gc-op>
<gc-end id="2837" type="partial gc" contextid="2832" durationms="2.638" usertimems="4.000" systemtimems="0.000" timestamp="2019-06-17T04:32:09.922" activeThreads="1">
  <mem-info id="2838" free="34603008" total="57671680" percent="60">
    <mem type="eden" free="1048512" total="1048576" percent="99" />
    <remembered-set count="97696" freebytes="1911296" totalbytes="2302080" percent="83" regionsoverflowed="0" regionsstable="0" regionsrebuilding="16"/>
  </mem-info>
</gc-end>
<cycle-end id="2839" type="partial gc" contextid="2832" timestamp="2019-06-17T04:32:09.922" />
  <attribute name="elasticGC enabled" value="1" />
  <attribute name= "numThreadsSpecified" value="1" />
  <attribute name="heapSize specified" value="0" />
  <attribute name="Current GC Util" value="48" />
  <attribute name= "Current Time Running" value="59357" />
  <attribute name ="GC Interval" value="0" />
  <attribute name="ProportionalT" value="42.000000" />
  <attribute name="ProportionalI" value="42.000000" />
  <attribute name="ProportionalH" value="42.000000" />
  <attribute name="Current Error" value="28.000000" />
  <attribute name="IntegralT" value="0.000000" />
  <attribute name="IntegralI" value="0.000000" />
  <attribute name="IntegralH" value="0.000000" />
  <attribute name="DerivativeT" value="inf" />
  <attribute name="DerivativeI" value="inf" />
  <attribute name="DerivativeH" value="inf" />
  <attribute name="Loop Time for DT" value="0.000000" />
  <attribute name="Output H" value="8388608"/>
  <attribute name="Output I" value="200"/>
  <attribute name="Output T" value="1"/>
  <attribute name="Target GC Util Change" value ="20.000000" />
  <attribute name="Current GC Util Change" value="48.000000"/>
  <attribute name="GC Util currently" value="48" />
  <attribute name="CPU Util currently" value="17408698072735" />
<exclusive-end id="2840" timestamp="2019-06-17T04:32:09.923" durationms="3.375" />

<exclusive-start id="2841" timestamp="2019-06-17T04:32:09.926" intervalms="6.822">
  <response-info timems="0.075" idlems="0.075" threads="0" lastid="0000000002320700" lastname="main" />
</exclusive-start>
<allocation-taxation id="2842" taxation-threshold="10485760" timestamp="2019-06-17T04:32:09.926" intervalms="6.911" />
<gc-start id="2843" type="global mark phase" contextid="2680" timestamp="2019-06-17T04:32:09.927">
  <mem-info id="2844" free="24117248" total="57671680" percent="41">
    <remembered-set count="97216" freebytes="1913216" totalbytes="2302080" percent="83" regionsoverflowed="0" regionsstable="0" regionsrebuilding="16"/>
  </mem-info>
</gc-start>
<gc-end id="2845" type="global mark phase" contextid="2680" durationms="0.164" usertimems="0.000" systemtimems="0.000" timestamp="2019-06-17T04:32:09.927" activeThreads="1">
  <mem-info id="2846" free="24117248" total="57671680" percent="41">
    <remembered-set count="97216" freebytes="1913216" totalbytes="2302080" percent="83" regionsoverflowed="0" regionsstable="0" regionsrebuilding="16"/>
  </mem-info>
</gc-end>
<concurrent-start id="2847" type="GMP work packet processing" contextid="2680" timestamp="2019-06-17T04:32:09.927">
  <concurrent-mark-start scanTarget="1048576" />
</concurrent-start>
<exclusive-end id="2848" timestamp="2019-06-17T04:32:09.927" durationms="0.796" />

<concurrent-end id="2849" type="GMP work packet processing" contextid="2680" timestamp="2019-06-17T04:32:09.928">
  <concurrent-mark-end bytesScanned="1085232" reasonForTermination="Work target met" />
</concurrent-end>

<exclusive-start id="2850" timestamp="2019-06-17T04:32:09.931" intervalms="4.728">
  <response-info timems="0.071" idlems="0.071" threads="0" lastid="0000000002320700" lastname="main" />
</exclusive-start>
<allocation-taxation id="2851" taxation-threshold="10485760" timestamp="2019-06-17T04:32:09.931" intervalms="4.638" />
<cycle-start id="2852" type="partial gc" contextid="0" timestamp="2019-06-17T04:32:09.931" intervalms="11.553" />
<gc-start id="2853" type="partial gc" contextid="2852" timestamp="2019-06-17T04:32:09.931">
  <mem-info id="2854" free="13631488" total="57671680" percent="23">
    <mem type="eden" free="1048512" total="22020096" percent="4" />
    <remembered-set count="104032" freebytes="1885952" totalbytes="2302080" percent="81" regionsoverflowed="0" regionsstable="0" regionsrebuilding="16"/>
  </mem-info>
</gc-start>
<allocation-stats totalBytes="20840064" >
  <allocated-bytes non-tlh="0" tlh="20840064" arrayletleaf="0"/>
  <largest-consumer threadName="main" threadId="0000000002320700" bytes="10420032" />
</allocation-stats>
<gc-op id="2855" type="copy forward" timems="1.472" contextid="2852" timestamp="2019-06-17T04:32:09.933">
  <memory-copied type="eden" objects="2" bytes="64" bytesdiscarded="0" />
  <memory-copied type="other" objects="0" bytes="0" bytesdiscarded="0" />
  <memory-cardclean objects="10" bytes="424" />
  <regions eden="20" other="1" />
  <remembered-set-cleared processed="102741" cleared="8" durationms="0.643" />
  <stringconstants candidates="13817" cleared="0"  />
</gc-op>
<gc-op id="2856" type="classunload" timems="0.004" contextid="2852" timestamp="2019-06-17T04:32:09.933">
  <classunload-info classloadercandidates="54" classloadersunloaded="0" classesunloaded="0" anonymousclassesunloaded="0" quiescems="0.000" setupms="0.003" scanms="0.000" postms="0.000" />
</gc-op>
<gc-end id="2857" type="partial gc" contextid="2852" durationms="2.476" usertimems="4.000" systemtimems="0.000" timestamp="2019-06-17T04:32:09.934" activeThreads="1">
  <mem-info id="2858" free="34603008" total="57671680" percent="60">
    <mem type="eden" free="1048512" total="1048576" percent="99" />
    <remembered-set count="104512" freebytes="1884032" totalbytes="2302080" percent="81" regionsoverflowed="0" regionsstable="0" regionsrebuilding="16"/>
  </mem-info>
</gc-end>
<cycle-end id="2859" type="partial gc" contextid="2852" timestamp="2019-06-17T04:32:09.934" />
  <attribute name="elasticGC enabled" value="1" />
  <attribute name= "numThreadsSpecified" value="1" />
  <attribute name="heapSize specified" value="0" />
  <attribute name="Current GC Util" value="53" />
  <attribute name= "Current Time Running" value="59369" />
  <attribute name ="GC Interval" value="0" />
  <attribute name="ProportionalT" value="49.500000" />
  <attribute name="ProportionalI" value="49.500000" />
  <attribute name="ProportionalH" value="49.500000" />
  <attribute name="Current Error" value="33.000000" />
  <attribute name="IntegralT" value="0.000000" />
  <attribute name="IntegralI" value="0.000000" />
  <attribute name="IntegralH" value="0.000000" />
  <attribute name="DerivativeT" value="inf" />
  <attribute name="DerivativeI" value="inf" />
  <attribute name="DerivativeH" value="inf" />
  <attribute name="Loop Time for DT" value="0.000000" />
  <attribute name="Output H" value="8388608"/>
  <attribute name="Output I" value="200"/>
  <attribute name="Output T" value="1"/>
  <attribute name="Target GC Util Change" value ="20.000000" />
  <attribute name="Current GC Util Change" value="53.000000"/>
  <attribute name="GC Util currently" value="53" />
  <attribute name="CPU Util currently" value="18733516593011" />
<exclusive-end id="2860" timestamp="2019-06-17T04:32:09.934" durationms="3.228" />

<exclusive-start id="2861" timestamp="2019-06-17T04:32:09.938" intervalms="6.674">
  <response-info timems="0.075" idlems="0.075" threads="0" lastid="0000000002320700" lastname="main" />
</exclusive-start>
<allocation-taxation id="2862" taxation-threshold="10485760" timestamp="2019-06-17T04:32:09.938" intervalms="6.785" />
<gc-start id="2863" type="global mark phase" contextid="2680" timestamp="2019-06-17T04:32:09.938">
  <mem-info id="2864" free="24117248" total="57671680" percent="41">
    <remembered-set count="104032" freebytes="1885952" totalbytes="2302080" percent="81" regionsoverflowed="0" regionsstable="0" regionsrebuilding="16"/>
  </mem-info>
</gc-start>
<gc-end id="2865" type="global mark phase" contextid="2680" durationms="0.161" usertimems="0.000" systemtimems="0.000" timestamp="2019-06-17T04:32:09.938" activeThreads="1">
  <mem-info id="2866" free="24117248" total="57671680" percent="41">
    <remembered-set count="104032" freebytes="1885952" totalbytes="2302080" percent="81" regionsoverflowed="0" regionsstable="0" regionsrebuilding="16"/>
  </mem-info>
</gc-end>
<concurrent-start id="2867" type="GMP work packet processing" contextid="2680" timestamp="2019-06-17T04:32:09.938">
  <concurrent-mark-start scanTarget="1048576" />
</concurrent-start>
<exclusive-end id="2868" timestamp="2019-06-17T04:32:09.938" durationms="0.769" />

<concurrent-end id="2869" type="GMP work packet processing" contextid="2680" timestamp="2019-06-17T04:32:09.939">
  <concurrent-mark-end bytesScanned="1099204" reasonForTermination="Work target met" />
</concurrent-end>

<exclusive-start id="2870" timestamp="2019-06-17T04:32:09.942" intervalms="4.770">
  <response-info timems="0.069" idlems="0.069" threads="0" lastid="0000000002320700" lastname="main" />
</exclusive-start>
<allocation-taxation id="2871" taxation-threshold="10485760" timestamp="2019-06-17T04:32:09.942" intervalms="4.660" />
<cycle-start id="2872" type="partial gc" contextid="0" timestamp="2019-06-17T04:32:09.943" intervalms="11.442" />
<gc-start id="2873" type="partial gc" contextid="2872" timestamp="2019-06-17T04:32:09.943">
  <mem-info id="2874" free="13631488" total="57671680" percent="23">
    <mem type="eden" free="1048512" total="22020096" percent="4" />
    <remembered-set count="116928" freebytes="1834368" totalbytes="2302080" percent="79" regionsoverflowed="0" regionsstable="0" regionsrebuilding="16"/>
  </mem-info>
</gc-start>
<allocation-stats totalBytes="20840064" >
  <allocated-bytes non-tlh="0" tlh="20840064" arrayletleaf="0"/>
  <largest-consumer threadName="main" threadId="0000000002320700" bytes="10420032" />
</allocation-stats>
<gc-op id="2875" type="copy forward" timems="1.534" contextid="2872" timestamp="2019-06-17T04:32:09.945">
  <memory-copied type="eden" objects="2" bytes="64" bytesdiscarded="0" />
  <memory-copied type="other" objects="0" bytes="0" bytesdiscarded="0" />
  <memory-cardclean objects="10" bytes="424" />
  <regions eden="20" other="1" />
  <remembered-set-cleared processed="115377" cleared="8" durationms="0.700" />
  <stringconstants candidates="13817" cleared="0"  />
</gc-op>
<gc-op id="2876" type="classunload" timems="0.004" contextid="2872" timestamp="2019-06-17T04:32:09.945">
  <classunload-info classloadercandidates="54" classloadersunloaded="0" classesunloaded="0" anonymousclassesunloaded="0" quiescems="0.000" setupms="0.004" scanms="0.000" postms="0.000" />
</gc-op>
<gc-end id="2877" type="partial gc" contextid="2872" durationms="2.488" usertimems="4.000" systemtimems="0.000" timestamp="2019-06-17T04:32:09.945" activeThreads="1">
  <mem-info id="2878" free="34603008" total="57671680" percent="60">
    <mem type="eden" free="1048512" total="1048576" percent="99" />
    <remembered-set count="117408" freebytes="1832448" totalbytes="2302080" percent="79" regionsoverflowed="0" regionsstable="0" regionsrebuilding="16"/>
  </mem-info>
</gc-end>
<cycle-end id="2879" type="partial gc" contextid="2872" timestamp="2019-06-17T04:32:09.945" />
  <attribute name="elasticGC enabled" value="1" />
  <attribute name= "numThreadsSpecified" value="1" />
  <attribute name="heapSize specified" value="0" />
  <attribute name="Current GC Util" value="64" />
  <attribute name= "Current Time Running" value="59380" />
  <attribute name ="GC Interval" value="0" />
  <attribute name="ProportionalT" value="66.000000" />
  <attribute name="ProportionalI" value="66.000000" />
  <attribute name="ProportionalH" value="66.000000" />
  <attribute name="Current Error" value="44.000000" />
  <attribute name="IntegralT" value="0.000000" />
  <attribute name="IntegralI" value="0.000000" />
  <attribute name="IntegralH" value="0.000000" />
  <attribute name="DerivativeT" value="inf" />
  <attribute name="DerivativeI" value="inf" />
  <attribute name="DerivativeH" value="inf" />
  <attribute name="Loop Time for DT" value="0.000000" />
  <attribute name="Output H" value="8388608"/>
  <attribute name="Output I" value="200"/>
  <attribute name="Output T" value="1"/>
  <attribute name="Target GC Util Change" value ="20.000000" />
  <attribute name="Current GC Util Change" value="64.000000"/>
  <attribute name="GC Util currently" value="64" />
  <attribute name="CPU Util currently" value="22143993681649" />
<exclusive-end id="2880" timestamp="2019-06-17T04:32:09.945" durationms="3.145" />

<exclusive-start id="2881" timestamp="2019-06-17T04:32:09.949" intervalms="6.576">
  <response-info timems="0.078" idlems="0.078" threads="0" lastid="0000000002320700" lastname="main" />
</exclusive-start>
<allocation-taxation id="2882" taxation-threshold="10485760" timestamp="2019-06-17T04:32:09.949" intervalms="6.576" />
<gc-start id="2883" type="global mark phase" contextid="2680" timestamp="2019-06-17T04:32:09.949">
  <mem-info id="2884" free="24117248" total="57671680" percent="41">
    <remembered-set count="116928" freebytes="1834368" totalbytes="2302080" percent="79" regionsoverflowed="0" regionsstable="0" regionsrebuilding="16"/>
  </mem-info>
</gc-start>
<gc-end id="2885" type="global mark phase" contextid="2680" durationms="0.164" usertimems="0.000" systemtimems="0.000" timestamp="2019-06-17T04:32:09.949" activeThreads="1">
  <mem-info id="2886" free="24117248" total="57671680" percent="41">
    <remembered-set count="116928" freebytes="1834368" totalbytes="2302080" percent="79" regionsoverflowed="0" regionsstable="0" regionsrebuilding="16"/>
  </mem-info>
</gc-end>
<concurrent-start id="2887" type="GMP work packet processing" contextid="2680" timestamp="2019-06-17T04:32:09.949">
  <concurrent-mark-start scanTarget="1048576" />
</concurrent-start>
<exclusive-end id="2888" timestamp="2019-06-17T04:32:09.950" durationms="0.590" />

<concurrent-end id="2889" type="GMP work packet processing" contextid="2680" timestamp="2019-06-17T04:32:09.950">
  <concurrent-mark-end bytesScanned="573328" reasonForTermination="Completed all work in GC phase" />
</concurrent-end>

<exclusive-start id="2890" timestamp="2019-06-17T04:32:09.953" intervalms="4.292">
  <response-info timems="0.024" idlems="0.024" threads="0" lastid="0000000002320700" lastname="main" />
</exclusive-start>
<allocation-taxation id="2891" taxation-threshold="10485760" timestamp="2019-06-17T04:32:09.953" intervalms="4.293" />
<cycle-start id="2892" type="partial gc" contextid="0" timestamp="2019-06-17T04:32:09.953" intervalms="10.821" />
<gc-start id="2893" type="partial gc" contextid="2892" timestamp="2019-06-17T04:32:09.953">
  <mem-info id="2894" free="13631488" total="57671680" percent="23">
    <mem type="eden" free="1048512" total="22020096" percent="4" />
    <remembered-set count="126656" freebytes="1795456" totalbytes="2302080" percent="77" regionsoverflowed="0" regionsstable="0" regionsrebuilding="16"/>
  </mem-info>
</gc-start>
<allocation-stats totalBytes="20840064" >
  <allocated-bytes non-tlh="0" tlh="20840064" arrayletleaf="0"/>
  <largest-consumer threadName="main" threadId="0000000002320700" bytes="10420032" />
</allocation-stats>
<gc-op id="2895" type="copy forward" timems="1.513" contextid="2892" timestamp="2019-06-17T04:32:09.955">
  <memory-copied type="eden" objects="2" bytes="64" bytesdiscarded="0" />
  <memory-copied type="other" objects="0" bytes="0" bytesdiscarded="0" />
  <memory-cardclean objects="10" bytes="424" />
  <regions eden="20" other="1" />
  <remembered-set-cleared processed="124694" cleared="8" durationms="0.750" />
  <stringconstants candidates="13817" cleared="0"  />
</gc-op>
<gc-op id="2896" type="classunload" timems="0.004" contextid="2892" timestamp="2019-06-17T04:32:09.956">
  <classunload-info classloadercandidates="54" classloadersunloaded="0" classesunloaded="0" anonymousclassesunloaded="0" quiescems="0.000" setupms="0.004" scanms="0.000" postms="0.000" />
</gc-op>
<gc-end id="2897" type="partial gc" contextid="2892" durationms="2.324" usertimems="4.000" systemtimems="0.000" timestamp="2019-06-17T04:32:09.956" activeThreads="1">
  <mem-info id="2898" free="34603008" total="57671680" percent="60">
    <mem type="eden" free="1048512" total="1048576" percent="99" />
    <remembered-set count="127136" freebytes="1793536" totalbytes="2302080" percent="77" regionsoverflowed="0" regionsstable="0" regionsrebuilding="16"/>
  </mem-info>
</gc-end>
<cycle-end id="2899" type="partial gc" contextid="2892" timestamp="2019-06-17T04:32:09.956" />
  <attribute name="elasticGC enabled" value="1" />
  <attribute name= "numThreadsSpecified" value="1" />
  <attribute name="heapSize specified" value="0" />
  <attribute name="Current GC Util" value="71" />
  <attribute name= "Current Time Running" value="59391" />
  <attribute name ="GC Interval" value="0" />
  <attribute name="ProportionalT" value="76.500000" />
  <attribute name="ProportionalI" value="76.500000" />
  <attribute name="ProportionalH" value="76.500000" />
  <attribute name="Current Error" value="51.000000" />
  <attribute name="IntegralT" value="0.000000" />
  <attribute name="IntegralI" value="0.000000" />
  <attribute name="IntegralH" value="0.000000" />
  <attribute name="DerivativeT" value="inf" />
  <attribute name="DerivativeI" value="inf" />
  <attribute name="DerivativeH" value="inf" />
  <attribute name="Loop Time for DT" value="0.000000" />
  <attribute name="Output H" value="8388608"/>
  <attribute name="Output I" value="200"/>
  <attribute name="Output T" value="1"/>
  <attribute name="Target GC Util Change" value ="20.000000" />
  <attribute name="Current GC Util Change" value="71.000000"/>
  <attribute name="GC Util currently" value="71" />
  <attribute name="CPU Util currently" value="26991179745028" />
<exclusive-end id="2900" timestamp="2019-06-17T04:32:09.956" durationms="2.951" />

<exclusive-start id="2901" timestamp="2019-06-17T04:32:09.960" intervalms="6.483">
  <response-info timems="0.075" idlems="0.075" threads="0" lastid="0000000002320700" lastname="main" />
</exclusive-start>
<allocation-taxation id="2902" taxation-threshold="10485760" timestamp="2019-06-17T04:32:09.960" intervalms="6.566" />
<gc-start id="2903" type="global mark phase" contextid="2680" timestamp="2019-06-17T04:32:09.960">
  <mem-info id="2904" free="24117248" total="57671680" percent="41">
    <remembered-set count="126656" freebytes="1795456" totalbytes="2302080" percent="77" regionsoverflowed="0" regionsstable="0" regionsrebuilding="16"/>
  </mem-info>
</gc-start>
<gc-op id="2905" type="mark increment" timems="1.177" contextid="2680" timestamp="2019-06-17T04:32:09.961">
  <trace-info objectcount="2" scancount="2" scanbytes="64" />
  <cardclean-info objects="80" bytes="2664" />
  <finalization candidates="79" enqueued="0" />
  <ownableSynchronizers candidates="23" cleared="0" />
  <references type="soft" candidates="4660" cleared="6" enqueued="5" dynamicThreshold="19" maxThreshold="32" />
  <references type="weak" candidates="5714" cleared="0" enqueued="0" />
  <references type="phantom" candidates="100" cleared="0" enqueued="0" />
  <stringconstants candidates="13817" cleared="15"  />
</gc-op>
<gc-op id="2906" type="classunload" timems="0.004" contextid="2680" timestamp="2019-06-17T04:32:09.961">
  <classunload-info classloadercandidates="54" classloadersunloaded="0" classesunloaded="0" anonymousclassesunloaded="0" quiescems="0.000" setupms="0.004" scanms="0.000" postms="0.000" />
</gc-op>
<gc-end id="2907" type="global mark phase" contextid="2680" durationms="1.683" usertimems="0.000" systemtimems="4.000" timestamp="2019-06-17T04:32:09.962" activeThreads="4">
  <mem-info id="2908" free="24117248" total="57671680" percent="41">
    <pending-finalizers system="0" default="0" reference="5" classloader="0" />
    <remembered-set count="128704" freebytes="1787264" totalbytes="2302080" percent="77" regionsoverflowed="0" regionsstable="0" regionsrebuilding="0"/>
  </mem-info>
</gc-end>
<cycle-end id="2909" type="global mark phase" contextid="2680" timestamp="2019-06-17T04:32:09.962" />
  <attribute name="elasticGC enabled" value="1" />
  <attribute name= "numThreadsSpecified" value="4" />
  <attribute name="heapSize specified" value="0" />
  <attribute name="Current GC Util" value="0" />
  <attribute name= "Current Time Running" value="59397" />
  <attribute name ="GC Interval" value="0" />
  <attribute name="ProportionalT" value="-30.000000" />
  <attribute name="ProportionalI" value="-30.000000" />
  <attribute name="ProportionalH" value="-30.000000" />
  <attribute name="Current Error" value="-20.000000" />
  <attribute name="IntegralT" value="0.000000" />
  <attribute name="IntegralI" value="0.000000" />
  <attribute name="IntegralH" value="0.000000" />
  <attribute name="DerivativeT" value="-inf" />
  <attribute name="DerivativeI" value="-inf" />
  <attribute name="DerivativeH" value="-inf" />
  <attribute name="Loop Time for DT" value="0.000000" />
  <attribute name="Output H" value="2091843584"/>
  <attribute name="Output I" value="200"/>
  <attribute name="Output T" value="4"/>
  <attribute name="Target GC Util Change" value ="20.000000" />
  <attribute name="Current GC Util Change" value="0.000000"/>
  <attribute name="GC Util currently" value="0" />
  <attribute name="CPU Util currently" value="69033081551895" />
<exclusive-end id="2910" timestamp="2019-06-17T04:32:09.962" durationms="2.146" />

<exclusive-start id="2911" timestamp="2019-06-17T04:32:09.965" intervalms="5.566">
  <response-info timems="0.060" idlems="0.060" threads="0" lastid="0000000002320700" lastname="main" />
</exclusive-start>
<allocation-taxation id="2912" taxation-threshold="10485760" timestamp="2019-06-17T04:32:09.965" intervalms="5.517" />
<cycle-start id="2913" type="partial gc" contextid="0" timestamp="2019-06-17T04:32:09.965" intervalms="12.153" />
<gc-start id="2914" type="partial gc" contextid="2913" timestamp="2019-06-17T04:32:09.966">
  <mem-info id="2915" free="13631488" total="57671680" percent="23">
    <mem type="eden" free="1048512" total="22020096" percent="4" />
    <remembered-set count="82048" freebytes="1973888" totalbytes="2302080" percent="85" regionsoverflowed="0" regionsstable="11" regionsrebuilding="0"/>
  </mem-info>
</gc-start>
<allocation-stats totalBytes="20840064" >
  <allocated-bytes non-tlh="0" tlh="20840064" arrayletleaf="0"/>
  <largest-consumer threadName="main" threadId="0000000002320700" bytes="10420032" />
</allocation-stats>
<gc-op id="2916" type="sweep" timems="0.712" contextid="2913" timestamp="2019-06-17T04:32:09.967" />
<gc-op id="2917" type="copy forward" timems="1.175" contextid="2913" timestamp="2019-06-17T04:32:09.968">
  <memory-copied type="eden" objects="2" bytes="64" bytesdiscarded="0" />
  <memory-copied type="other" objects="0" bytes="0" bytesdiscarded="0" />
  <memory-cardclean objects="63" bytes="1864" />
  <regions eden="10" other="1" />
  <remembered-set-cleared processed="80531" cleared="11" durationms="0.528" />
  <stringconstants candidates="13802" cleared="0"  />
</gc-op>
<gc-op id="2918" type="classunload" timems="0.004" contextid="2913" timestamp="2019-06-17T04:32:09.969">
  <classunload-info classloadercandidates="54" classloadersunloaded="0" classesunloaded="0" anonymousclassesunloaded="0" quiescems="0.000" setupms="0.004" scanms="0.000" postms="0.000" />
</gc-op>
<gc-end id="2919" type="partial gc" contextid="2913" durationms="3.163" usertimems="4.000" systemtimems="0.000" timestamp="2019-06-17T04:32:09.969" activeThreads="1">
  <mem-info id="2920" free="34603008" total="57671680" percent="60">
    <mem type="eden" free="1048512" total="1048576" percent="99" />
    <remembered-set count="82528" freebytes="1971968" totalbytes="2302080" percent="85" regionsoverflowed="0" regionsstable="11" regionsrebuilding="0"/>
  </mem-info>
</gc-end>
<cycle-end id="2921" type="partial gc" contextid="2913" timestamp="2019-06-17T04:32:09.969" />
  <attribute name="elasticGC enabled" value="1" />
  <attribute name= "numThreadsSpecified" value="1" />
  <attribute name="heapSize specified" value="0" />
  <attribute name="Current GC Util" value="86" />
  <attribute name= "Current Time Running" value="59404" />
  <attribute name ="GC Interval" value="0" />
  <attribute name="ProportionalT" value="99.000000" />
  <attribute name="ProportionalI" value="99.000000" />
  <attribute name="ProportionalH" value="99.000000" />
  <attribute name="Current Error" value="66.000000" />
  <attribute name="IntegralT" value="0.000000" />
  <attribute name="IntegralI" value="0.000000" />
  <attribute name="IntegralH" value="0.000000" />
  <attribute name="DerivativeT" value="inf" />
  <attribute name="DerivativeI" value="inf" />
  <attribute name="DerivativeH" value="inf" />
  <attribute name="Loop Time for DT" value="0.000000" />
  <attribute name="Output H" value="8388608"/>
  <attribute name="Output I" value="200"/>
  <attribute name="Output T" value="1"/>
  <attribute name="Target GC Util Change" value ="20.000000" />
  <attribute name="Current GC Util Change" value="86.000000"/>
  <attribute name="GC Util currently" value="86" />
  <attribute name="CPU Util currently" value="19799101766732" />
<exclusive-end id="2922" timestamp="2019-06-17T04:32:09.969" durationms="4.015" />

<exclusive-start id="2923" timestamp="2019-06-17T04:32:09.976" intervalms="10.661">
  <response-info timems="0.077" idlems="0.077" threads="0" lastid="0000000002320700" lastname="main" />
</exclusive-start>
<allocation-taxation id="2924" taxation-threshold="20971520" timestamp="2019-06-17T04:32:09.976" intervalms="10.727" />
<cycle-start id="2925" type="partial gc" contextid="0" timestamp="2019-06-17T04:32:09.976" intervalms="10.799" />
<gc-start id="2926" type="partial gc" contextid="2925" timestamp="2019-06-17T04:32:09.976">
  <mem-info id="2927" free="13631488" total="57671680" percent="23">
    <mem type="eden" free="1048512" total="22020096" percent="4" />
    <remembered-set count="82048" freebytes="1973888" totalbytes="2302080" percent="85" regionsoverflowed="0" regionsstable="11" regionsrebuilding="0"/>
  </mem-info>
</gc-start>
<allocation-stats totalBytes="20840064" >
  <allocated-bytes non-tlh="0" tlh="20840064" arrayletleaf="0"/>
  <largest-consumer threadName="main" threadId="0000000002320700" bytes="20840064" />
</allocation-stats>
<gc-op id="2928" type="copy forward" timems="1.851" contextid="2925" timestamp="2019-06-17T04:32:09.979">
  <memory-copied type="eden" objects="2" bytes="64" bytesdiscarded="0" />
  <memory-copied type="other" objects="2367" bytes="141808" bytesdiscarded="0" />
  <memory-cardclean objects="319" bytes="24712" />
  <regions eden="20" other="4" />
  <remembered-set-cleared processed="80472" cleared="340" durationms="0.552" />
  <references type="soft" candidates="13" cleared="0" enqueued="0" dynamicThreshold="19" maxThreshold="32" />
  <references type="weak" candidates="99" cleared="0" enqueued="0" />
  <stringconstants candidates="13802" cleared="0"  />
</gc-op>
<gc-op id="2929" type="classunload" timems="0.004" contextid="2925" timestamp="2019-06-17T04:32:09.979">
  <classunload-info classloadercandidates="54" classloadersunloaded="0" classesunloaded="0" anonymousclassesunloaded="0" quiescems="0.000" setupms="0.003" scanms="0.000" postms="0.000" />
</gc-op>
<heap-resize id="2930" type="contract" space="default" amount="1048576" count="1" timems="0.050" reason="excess free space following gc" timestamp="2019-06-17T04:32:09.979" />
<gc-end id="2931" type="partial gc" contextid="2925" durationms="2.888" usertimems="0.000" systemtimems="0.000" timestamp="2019-06-17T04:32:09.979" activeThreads="1">
  <mem-info id="2932" free="34603008" total="56623104" percent="61">
    <mem type="eden" free="1048512" total="1048576" percent="99" />
    <remembered-set count="82080" freebytes="1973760" totalbytes="2302080" percent="85" regionsoverflowed="0" regionsstable="11" regionsrebuilding="0"/>
  </mem-info>
</gc-end>
<cycle-end id="2933" type="partial gc" contextid="2925" timestamp="2019-06-17T04:32:09.980" />
  <attribute name="elasticGC enabled" value="1" />
  <attribute name= "numThreadsSpecified" value="1" />
  <attribute name="heapSize specified" value="0" />
  <attribute name="Current GC Util" value="71" />
  <attribute name= "Current Time Running" value="59414" />
  <attribute name ="GC Interval" value="0" />
  <attribute name="ProportionalT" value="76.500000" />
  <attribute name="ProportionalI" value="76.500000" />
  <attribute name="ProportionalH" value="76.500000" />
  <attribute name="Current Error" value="51.000000" />
  <attribute name="IntegralT" value="0.000000" />
  <attribute name="IntegralI" value="0.000000" />
  <attribute name="IntegralH" value="0.000000" />
  <attribute name="DerivativeT" value="inf" />
  <attribute name="DerivativeI" value="inf" />
  <attribute name="DerivativeH" value="inf" />
  <attribute name="Loop Time for DT" value="0.000000" />
  <attribute name="Output H" value="8388608"/>
  <attribute name="Output I" value="200"/>
  <attribute name="Output T" value="1"/>
  <attribute name="Target GC Util Change" value ="20.000000" />
  <attribute name="Current GC Util Change" value="71.000000"/>
  <attribute name="GC Util currently" value="71" />
  <attribute name="CPU Util currently" value="21082282179169" />
<exclusive-end id="2934" timestamp="2019-06-17T04:32:09.980" durationms="3.823" />

<exclusive-start id="2935" timestamp="2019-06-17T04:32:09.986" intervalms="10.438">
  <response-info timems="0.072" idlems="0.072" threads="0" lastid="0000000002320700" lastname="main" />
</exclusive-start>
<allocation-taxation id="2936" taxation-threshold="20971520" timestamp="2019-06-17T04:32:09.986" intervalms="10.378" />
<cycle-start id="2937" type="partial gc" contextid="0" timestamp="2019-06-17T04:32:09.987" intervalms="10.334" />
<gc-start id="2938" type="partial gc" contextid="2937" timestamp="2019-06-17T04:32:09.987">
  <mem-info id="2939" free="13631488" total="56623104" percent="24">
    <mem type="eden" free="1048512" total="22020096" percent="4" />
    <remembered-set count="81824" freebytes="1974784" totalbytes="2302080" percent="85" regionsoverflowed="0" regionsstable="11" regionsrebuilding="0"/>
  </mem-info>
</gc-start>
<allocation-stats totalBytes="20840064" >
  <allocated-bytes non-tlh="0" tlh="20840064" arrayletleaf="0"/>
  <largest-consumer threadName="main" threadId="0000000002320700" bytes="20840064" />
</allocation-stats>
<gc-op id="2940" type="copy forward" timems="2.536" contextid="2937" timestamp="2019-06-17T04:32:09.990">
  <memory-copied type="eden" objects="2" bytes="64" bytesdiscarded="0" />
  <memory-copied type="other" objects="0" bytes="0" bytesdiscarded="0" />
  <memory-cardclean objects="28800" bytes="1125480" />
  <regions eden="20" other="1" />
  <remembered-set-cleared processed="74076" cleared="7103" durationms="0.514" />
  <stringconstants candidates="13802" cleared="0"  />
</gc-op>
<gc-op id="2941" type="classunload" timems="0.004" contextid="2937" timestamp="2019-06-17T04:32:09.990">
  <classunload-info classloadercandidates="54" classloadersunloaded="0" classesunloaded="0" anonymousclassesunloaded="0" quiescems="0.000" setupms="0.004" scanms="0.000" postms="0.000" />
</gc-op>
<gc-end id="2942" type="partial gc" contextid="2937" durationms="3.518" usertimems="4.000" systemtimems="4.000" timestamp="2019-06-17T04:32:09.990" activeThreads="4">
  <mem-info id="2943" free="34603008" total="56623104" percent="61">
    <mem type="eden" free="1048512" total="1048576" percent="99" />
    <remembered-set count="72064" freebytes="1971968" totalbytes="2260224" percent="87" regionsoverflowed="0" regionsstable="11" regionsrebuilding="0"/>
  </mem-info>
</gc-end>
<cycle-end id="2944" type="partial gc" contextid="2937" timestamp="2019-06-17T04:32:09.990" />
  <attribute name="elasticGC enabled" value="1" />
  <attribute name= "numThreadsSpecified" value="4" />
  <attribute name="heapSize specified" value="0" />
  <attribute name="Current GC Util" value="59" />
  <attribute name= "Current Time Running" value="59425" />
  <attribute name ="GC Interval" value="0" />
  <attribute name="ProportionalT" value="58.500000" />
  <attribute name="ProportionalI" value="58.500000" />
  <attribute name="ProportionalH" value="58.500000" />
  <attribute name="Current Error" value="39.000000" />
  <attribute name="IntegralT" value="39.000000" />
  <attribute name="IntegralI" value="39.000000" />
  <attribute name="IntegralH" value="39.000000" />
  <attribute name="DerivativeT" value="49.500000" />
  <attribute name="DerivativeI" value="49.500000" />
  <attribute name="DerivativeH" value="49.500000" />
  <attribute name="Loop Time for DT" value="1.000000" />
  <attribute name="Output H" value="8388608"/>
  <attribute name="Output I" value="200"/>
  <attribute name="Output T" value="4"/>
  <attribute name="Target GC Util Change" value ="20.000000" />
  <attribute name="Current GC Util Change" value="59.000000"/>
  <attribute name="GC Util currently" value="59" />
  <attribute name="CPU Util currently" value="12210208820896" />
<exclusive-end id="2945" timestamp="2019-06-17T04:32:09.991" durationms="4.261" />

<exclusive-start id="2946" timestamp="2019-06-17T04:32:09.997" intervalms="10.965">
  <response-info timems="0.071" idlems="0.071" threads="0" lastid="0000000002320700" lastname="main" />
</exclusive-start>
<allocation-taxation id="2947" taxation-threshold="20971520" timestamp="2019-06-17T04:32:09.997" intervalms="11.021" />
<cycle-start id="2948" type="partial gc" contextid="0" timestamp="2019-06-17T04:32:09.998" intervalms="11.068" />
<gc-start id="2949" type="partial gc" contextid="2948" timestamp="2019-06-17T04:32:09.998">
  <mem-info id="2950" free="13631488" total="56623104" percent="24">
    <mem type="eden" free="1048512" total="22020096" percent="4" />
    <remembered-set count="72000" freebytes="1972224" totalbytes="2260224" percent="87" regionsoverflowed="0" regionsstable="11" regionsrebuilding="0"/>
  </mem-info>
</gc-start>
<allocation-stats totalBytes="20840064" >
  <allocated-bytes non-tlh="0" tlh="20840064" arrayletleaf="0"/>
  <largest-consumer threadName="main" threadId="0000000002320700" bytes="20840064" />
</allocation-stats>
<gc-op id="2951" type="copy forward" timems="1.128" contextid="2948" timestamp="2019-06-17T04:32:10.000">
  <memory-copied type="eden" objects="2" bytes="64" bytesdiscarded="0" />
  <memory-copied type="other" objects="0" bytes="0" bytesdiscarded="0" />
  <memory-cardclean objects="10" bytes="424" />
  <regions eden="20" other="1" />
  <remembered-set-cleared processed="71132" cleared="6" durationms="0.466" />
  <stringconstants candidates="13802" cleared="0"  />
</gc-op>
<gc-op id="2952" type="classunload" timems="0.004" contextid="2948" timestamp="2019-06-17T04:32:10.000">
  <classunload-info classloadercandidates="54" classloadersunloaded="0" classesunloaded="0" anonymousclassesunloaded="0" quiescems="0.000" setupms="0.004" scanms="0.000" postms="0.000" />
</gc-op>
<gc-end id="2953" type="partial gc" contextid="2948" durationms="1.898" usertimems="4.000" systemtimems="0.000" timestamp="2019-06-17T04:32:10.000" activeThreads="1">
  <mem-info id="2954" free="34603008" total="56623104" percent="61">
    <mem type="eden" free="1048512" total="1048576" percent="99" />
    <remembered-set count="72448" freebytes="1970432" totalbytes="2260224" percent="87" regionsoverflowed="0" regionsstable="11" regionsrebuilding="0"/>
  </mem-info>
</gc-end>
<cycle-end id="2955" type="partial gc" contextid="2948" timestamp="2019-06-17T04:32:10.000" />
  <attribute name="elasticGC enabled" value="1" />
  <attribute name= "numThreadsSpecified" value="1" />
  <attribute name="heapSize specified" value="0" />
  <attribute name="Current GC Util" value="73" />
  <attribute name= "Current Time Running" value="59435" />
  <attribute name ="GC Interval" value="0" />
  <attribute name="ProportionalT" value="79.500000" />
  <attribute name="ProportionalI" value="79.500000" />
  <attribute name="ProportionalH" value="79.500000" />
  <attribute name="Current Error" value="53.000000" />
  <attribute name="IntegralT" value="0.000000" />
  <attribute name="IntegralI" value="0.000000" />
  <attribute name="IntegralH" value="0.000000" />
  <attribute name="DerivativeT" value="inf" />
  <attribute name="DerivativeI" value="inf" />
  <attribute name="DerivativeH" value="inf" />
  <attribute name="Loop Time for DT" value="0.000000" />
  <attribute name="Output H" value="8388608"/>
  <attribute name="Output I" value="200"/>
  <attribute name="Output T" value="1"/>
  <attribute name="Target GC Util Change" value ="20.000000" />
  <attribute name="Current GC Util Change" value="73.000000"/>
  <attribute name="GC Util currently" value="73" />
  <attribute name="CPU Util currently" value="25065417910143" />
<exclusive-end id="2956" timestamp="2019-06-17T04:32:10.000" durationms="2.865" />

<exclusive-start id="2957" timestamp="2019-06-17T04:32:10.007" intervalms="9.587">
  <response-info timems="0.077" idlems="0.077" threads="0" lastid="0000000002320700" lastname="main" />
</exclusive-start>
<allocation-taxation id="2958" taxation-threshold="20971520" timestamp="2019-06-17T04:32:10.007" intervalms="9.588" />
<cycle-start id="2959" type="partial gc" contextid="0" timestamp="2019-06-17T04:32:10.007" intervalms="9.584" />
<gc-start id="2960" type="partial gc" contextid="2959" timestamp="2019-06-17T04:32:10.008">
  <mem-info id="2961" free="13631488" total="56623104" percent="24">
    <mem type="eden" free="1048512" total="22020096" percent="4" />
    <remembered-set count="72000" freebytes="1972224" totalbytes="2260224" percent="87" regionsoverflowed="0" regionsstable="11" regionsrebuilding="0"/>
  </mem-info>
</gc-start>
<allocation-stats totalBytes="20840064" >
  <allocated-bytes non-tlh="0" tlh="20840064" arrayletleaf="0"/>
  <largest-consumer threadName="main" threadId="0000000002320700" bytes="20840064" />
</allocation-stats>
<gc-op id="2962" type="copy forward" timems="1.149" contextid="2959" timestamp="2019-06-17T04:32:10.009">
  <memory-copied type="eden" objects="2" bytes="64" bytesdiscarded="0" />
  <memory-copied type="other" objects="0" bytes="0" bytesdiscarded="0" />
  <memory-cardclean objects="10" bytes="424" />
  <regions eden="20" other="1" />
  <remembered-set-cleared processed="71132" cleared="6" durationms="0.472" />
  <stringconstants candidates="13802" cleared="0"  />
</gc-op>
<gc-op id="2963" type="classunload" timems="0.004" contextid="2959" timestamp="2019-06-17T04:32:10.009">
  <classunload-info classloadercandidates="54" classloadersunloaded="0" classesunloaded="0" anonymousclassesunloaded="0" quiescems="0.000" setupms="0.004" scanms="0.000" postms="0.000" />
</gc-op>
<gc-end id="2964" type="partial gc" contextid="2959" durationms="2.131" usertimems="0.000" systemtimems="0.000" timestamp="2019-06-17T04:32:10.010" activeThreads="1">
  <mem-info id="2965" free="34603008" total="56623104" percent="61">
    <mem type="eden" free="1048512" total="1048576" percent="99" />
    <remembered-set count="72448" freebytes="1970432" totalbytes="2260224" percent="87" regionsoverflowed="0" regionsstable="11" regionsrebuilding="0"/>
  </mem-info>
</gc-end>
<cycle-end id="2966" type="partial gc" contextid="2959" timestamp="2019-06-17T04:32:10.010" />
  <attribute name="elasticGC enabled" value="1" />
  <attribute name= "numThreadsSpecified" value="1" />
  <attribute name="heapSize specified" value="0" />
  <attribute name="Current GC Util" value="66" />
  <attribute name= "Current Time Running" value="59445" />
  <attribute name ="GC Interval" value="0" />
  <attribute name="ProportionalT" value="69.000000" />
  <attribute name="ProportionalI" value="69.000000" />
  <attribute name="ProportionalH" value="69.000000" />
  <attribute name="Current Error" value="46.000000" />
  <attribute name="IntegralT" value="0.000000" />
  <attribute name="IntegralI" value="0.000000" />
  <attribute name="IntegralH" value="0.000000" />
  <attribute name="DerivativeT" value="inf" />
  <attribute name="DerivativeI" value="inf" />
  <attribute name="DerivativeH" value="inf" />
  <attribute name="Loop Time for DT" value="0.000000" />
  <attribute name="Output H" value="8388608"/>
  <attribute name="Output I" value="200"/>
  <attribute name="Output T" value="1"/>
  <attribute name="Target GC Util Change" value ="20.000000" />
  <attribute name="Current GC Util Change" value="66.000000"/>
  <attribute name="GC Util currently" value="66" />
  <attribute name="CPU Util currently" value="20368468151408" />
<exclusive-end id="2967" timestamp="2019-06-17T04:32:10.010" durationms="3.140" />

<exclusive-start id="2968" timestamp="2019-06-17T04:32:10.017" intervalms="9.856">
  <response-info timems="0.083" idlems="0.083" threads="0" lastid="0000000002320700" lastname="main" />
</exclusive-start>
<allocation-taxation id="2969" taxation-threshold="20971520" timestamp="2019-06-17T04:32:10.017" intervalms="9.818" />
<cycle-start id="2970" type="partial gc" contextid="0" timestamp="2019-06-17T04:32:10.017" intervalms="9.684" />
<gc-start id="2971" type="partial gc" contextid="2970" timestamp="2019-06-17T04:32:10.017">
  <mem-info id="2972" free="13631488" total="56623104" percent="24">
    <mem type="eden" free="1048512" total="22020096" percent="4" />
    <remembered-set count="72000" freebytes="1972224" totalbytes="2260224" percent="87" regionsoverflowed="0" regionsstable="11" regionsrebuilding="0"/>
  </mem-info>
</gc-start>
<allocation-stats totalBytes="20840064" >
  <allocated-bytes non-tlh="0" tlh="20840064" arrayletleaf="0"/>
  <largest-consumer threadName="main" threadId="0000000002320700" bytes="20840064" />
</allocation-stats>
<gc-op id="2973" type="copy forward" timems="1.626" contextid="2970" timestamp="2019-06-17T04:32:10.019">
  <memory-copied type="eden" objects="2" bytes="64" bytesdiscarded="0" />
  <memory-copied type="other" objects="0" bytes="0" bytesdiscarded="0" />
  <memory-cardclean objects="10" bytes="424" />
  <regions eden="20" other="1" />
  <remembered-set-cleared processed="71132" cleared="6" durationms="0.370" />
  <stringconstants candidates="13802" cleared="0"  />
</gc-op>
<gc-op id="2974" type="classunload" timems="0.004" contextid="2970" timestamp="2019-06-17T04:32:10.019">
  <classunload-info classloadercandidates="54" classloadersunloaded="0" classesunloaded="0" anonymousclassesunloaded="0" quiescems="0.000" setupms="0.003" scanms="0.000" postms="0.000" />
</gc-op>
<gc-end id="2975" type="partial gc" contextid="2970" durationms="2.375" usertimems="0.000" systemtimems="4.000" timestamp="2019-06-17T04:32:10.019" activeThreads="4">
  <mem-info id="2976" free="34603008" total="56623104" percent="61">
    <mem type="eden" free="1048512" total="1048576" percent="99" />
    <remembered-set count="72096" freebytes="1971840" totalbytes="2260224" percent="87" regionsoverflowed="0" regionsstable="11" regionsrebuilding="0"/>
  </mem-info>
</gc-end>
<cycle-end id="2977" type="partial gc" contextid="2970" timestamp="2019-06-17T04:32:10.020" />
  <attribute name="elasticGC enabled" value="1" />
  <attribute name= "numThreadsSpecified" value="4" />
  <attribute name="heapSize specified" value="0" />
  <attribute name="Current GC Util" value="0" />
  <attribute name= "Current Time Running" value="59455" />
  <attribute name ="GC Interval" value="0" />
  <attribute name="ProportionalT" value="-30.000000" />
  <attribute name="ProportionalI" value="-30.000000" />
  <attribute name="ProportionalH" value="-30.000000" />
  <attribute name="Current Error" value="-20.000000" />
  <attribute name="IntegralT" value="-20.000000" />
  <attribute name="IntegralI" value="-20.000000" />
  <attribute name="IntegralH" value="-20.000000" />
  <attribute name="DerivativeT" value="-30.000000" />
  <attribute name="DerivativeI" value="-30.000000" />
  <attribute name="DerivativeH" value="-30.000000" />
  <attribute name="Loop Time for DT" value="1.000000" />
  <attribute name="Output H" value="2091843584"/>
  <attribute name="Output I" value="200"/>
  <attribute name="Output T" value="4"/>
  <attribute name="Target GC Util Change" value ="20.000000" />
  <attribute name="Current GC Util Change" value="0.000000"/>
  <attribute name="GC Util currently" value="0" />
  <attribute name="CPU Util currently" value="33206981570142" />
<exclusive-end id="2978" timestamp="2019-06-17T04:32:10.020" durationms="2.919" />

<exclusive-start id="2979" timestamp="2019-06-17T04:32:10.041" intervalms="24.434">
  <response-info timems="0.069" idlems="0.069" threads="0" lastid="0000000002320700" lastname="main" />
</exclusive-start>
<allocation-taxation id="2980" taxation-threshold="20971520" timestamp="2019-06-17T04:32:10.041" intervalms="24.380" />
<cycle-start id="2981" type="partial gc" contextid="0" timestamp="2019-06-17T04:32:10.041" intervalms="24.416" />
<gc-start id="2982" type="partial gc" contextid="2981" timestamp="2019-06-17T04:32:10.042">
  <mem-info id="2983" free="13631488" total="56623104" percent="24">
    <mem type="eden" free="1048512" total="22020096" percent="4" />
    <remembered-set count="72096" freebytes="1971840" totalbytes="2260224" percent="87" regionsoverflowed="0" regionsstable="11" regionsrebuilding="0"/>
  </mem-info>
</gc-start>
<allocation-stats totalBytes="20964888" >
  <allocated-bytes non-tlh="0" tlh="20964888" arrayletleaf="0"/>
  <largest-consumer threadName="main" threadId="0000000002320700" bytes="20964888" />
</allocation-stats>
<gc-op id="2984" type="copy forward" timems="1.177" contextid="2981" timestamp="2019-06-17T04:32:10.044">
  <memory-copied type="eden" objects="158" bytes="5248" bytesdiscarded="0" />
  <memory-copied type="other" objects="0" bytes="0" bytesdiscarded="0" />
  <memory-cardclean objects="64" bytes="2360" />
  <regions eden="20" other="1" />
  <remembered-set-cleared processed="71132" cleared="23" durationms="0.474" />
  <stringconstants candidates="13802" cleared="0"  />
</gc-op>
<gc-op id="2985" type="classunload" timems="0.004" contextid="2981" timestamp="2019-06-17T04:32:10.044">
  <classunload-info classloadercandidates="54" classloadersunloaded="0" classesunloaded="0" anonymousclassesunloaded="0" quiescems="0.000" setupms="0.004" scanms="0.000" postms="0.000" />
</gc-op>
<gc-end id="2986" type="partial gc" contextid="2981" durationms="2.253" usertimems="4.000" systemtimems="0.000" timestamp="2019-06-17T04:32:10.044" activeThreads="1">
  <mem-info id="2987" free="34603008" total="56623104" percent="61">
    <mem type="eden" free="1043328" total="1048576" percent="99" />
    <remembered-set count="72576" freebytes="1969920" totalbytes="2260224" percent="87" regionsoverflowed="0" regionsstable="11" regionsrebuilding="0"/>
  </mem-info>
</gc-end>
<cycle-end id="2988" type="partial gc" contextid="2981" timestamp="2019-06-17T04:32:10.044" />
  <attribute name="elasticGC enabled" value="1" />
  <attribute name= "numThreadsSpecified" value="1" />
  <attribute name="heapSize specified" value="0" />
  <attribute name="Current GC Util" value="78" />
  <attribute name= "Current Time Running" value="59479" />
  <attribute name ="GC Interval" value="0" />
  <attribute name="ProportionalT" value="87.000000" />
  <attribute name="ProportionalI" value="87.000000" />
  <attribute name="ProportionalH" value="87.000000" />
  <attribute name="Current Error" value="58.000000" />
  <attribute name="IntegralT" value="0.000000" />
  <attribute name="IntegralI" value="0.000000" />
  <attribute name="IntegralH" value="0.000000" />
  <attribute name="DerivativeT" value="inf" />
  <attribute name="DerivativeI" value="inf" />
  <attribute name="DerivativeH" value="inf" />
  <attribute name="Loop Time for DT" value="0.000000" />
  <attribute name="Output H" value="8388608"/>
  <attribute name="Output I" value="200"/>
  <attribute name="Output T" value="1"/>
  <attribute name="Target GC Util Change" value ="20.000000" />
  <attribute name="Current GC Util Change" value="78.000000"/>
  <attribute name="GC Util currently" value="78" />
  <attribute name="CPU Util currently" value="19013106329027" />
<exclusive-end id="2989" timestamp="2019-06-17T04:32:10.044" durationms="3.050" />

<exclusive-start id="2990" timestamp="2019-06-17T04:32:10.083" intervalms="41.471">
  <response-info timems="0.077" idlems="0.077" threads="0" lastid="0000000002320700" lastname="main" />
</exclusive-start>
<allocation-taxation id="2991" taxation-threshold="20971520" timestamp="2019-06-17T04:32:10.083" intervalms="41.565" />
<cycle-start id="2992" type="partial gc" contextid="0" timestamp="2019-06-17T04:32:10.083" intervalms="41.611" />
<gc-start id="2993" type="partial gc" contextid="2992" timestamp="2019-06-17T04:32:10.083">
  <mem-info id="2994" free="13631488" total="56623104" percent="24">
    <mem type="eden" free="0" total="20971520" percent="0" />
    <remembered-set count="72160" freebytes="1971584" totalbytes="2260224" percent="87" regionsoverflowed="0" regionsstable="11" regionsrebuilding="0"/>
  </mem-info>
</gc-start>
<allocation-stats totalBytes="20968392" >
  <allocated-bytes non-tlh="0" tlh="20968392" arrayletleaf="0"/>
  <largest-consumer threadName="main" threadId="0000000002320700" bytes="20968392" />
</allocation-stats>
<gc-op id="2995" type="copy forward" timems="1.289" contextid="2992" timestamp="2019-06-17T04:32:10.085">
  <memory-copied type="eden" objects="102" bytes="3312" bytesdiscarded="0" />
  <memory-copied type="other" objects="50" bytes="1680" bytesdiscarded="0" />
  <memory-cardclean objects="50" bytes="2128" />
  <regions eden="20" other="1" />
  <remembered-set-cleared processed="71152" cleared="43" durationms="0.511" />
  <stringconstants candidates="13802" cleared="0"  />
</gc-op>
<gc-op id="2996" type="classunload" timems="0.004" contextid="2992" timestamp="2019-06-17T04:32:10.085">
  <classunload-info classloadercandidates="54" classloadersunloaded="0" classesunloaded="0" anonymousclassesunloaded="0" quiescems="0.000" setupms="0.003" scanms="0.000" postms="0.000" />
</gc-op>
<gc-end id="2997" type="partial gc" contextid="2992" durationms="2.312" usertimems="4.000" systemtimems="0.000" timestamp="2019-06-17T04:32:10.086" activeThreads="1">
  <mem-info id="2998" free="33554432" total="56623104" percent="59">
    <mem type="eden" free="1045264" total="1048576" percent="99" />
    <remembered-set count="72576" freebytes="1969920" totalbytes="2260224" percent="87" regionsoverflowed="0" regionsstable="11" regionsrebuilding="0"/>
  </mem-info>
</gc-end>
<cycle-end id="2999" type="partial gc" contextid="2992" timestamp="2019-06-17T04:32:10.086" />
  <attribute name="elasticGC enabled" value="1" />
  <attribute name= "numThreadsSpecified" value="1" />
  <attribute name="heapSize specified" value="0" />
  <attribute name="Current GC Util" value="68" />
  <attribute name= "Current Time Running" value="59521" />
  <attribute name ="GC Interval" value="0" />
  <attribute name="ProportionalT" value="72.000000" />
  <attribute name="ProportionalI" value="72.000000" />
  <attribute name="ProportionalH" value="72.000000" />
  <attribute name="Current Error" value="48.000000" />
  <attribute name="IntegralT" value="0.000000" />
  <attribute name="IntegralI" value="0.000000" />
  <attribute name="IntegralH" value="0.000000" />
  <attribute name="DerivativeT" value="inf" />
  <attribute name="DerivativeI" value="inf" />
  <attribute name="DerivativeH" value="inf" />
  <attribute name="Loop Time for DT" value="0.000000" />
  <attribute name="Output H" value="8388608"/>
  <attribute name="Output I" value="200"/>
  <attribute name="Output T" value="1"/>
  <attribute name="Target GC Util Change" value ="20.000000" />
  <attribute name="Current GC Util Change" value="68.000000"/>
  <attribute name="GC Util currently" value="68" />
  <attribute name="CPU Util currently" value="19587271566245" />
<exclusive-end id="3000" timestamp="2019-06-17T04:32:10.086" durationms="3.272" />

<exclusive-start id="3001" timestamp="2019-06-17T04:32:10.105" intervalms="22.526">
  <response-info timems="0.087" idlems="0.087" threads="0" lastid="0000000002320700" lastname="main" />
</exclusive-start>
<allocation-taxation id="3002" taxation-threshold="10485760" timestamp="2019-06-17T04:32:10.105" intervalms="22.526" />
<cycle-start id="3003" type="global mark phase" contextid="0" timestamp="2019-06-17T04:32:10.106" intervalms="269.918" />
<gc-start id="3004" type="global mark phase" contextid="3003" timestamp="2019-06-17T04:32:10.106">
  <mem-info id="3005" free="23068672" total="56623104" percent="40">
    <remembered-set count="72192" freebytes="1971456" totalbytes="2260224" percent="87" regionsoverflowed="0" regionsstable="11" regionsrebuilding="0"/>
  </mem-info>
</gc-start>
<gc-op id="3006" type="mark increment" timems="1.178" contextid="3003" timestamp="2019-06-17T04:32:10.107">
  <trace-info objectcount="9325" scancount="1698" scanbytes="68344" />
</gc-op>
<gc-end id="3007" type="global mark phase" contextid="3003" durationms="1.371" usertimems="0.000" systemtimems="0.000" timestamp="2019-06-17T04:32:10.107" activeThreads="4">
  <mem-info id="3008" free="23068672" total="56623104" percent="40">
    <remembered-set count="73728" freebytes="1965312" totalbytes="2260224" percent="86" regionsoverflowed="0" regionsstable="0" regionsrebuilding="11"/>
  </mem-info>
</gc-end>
<concurrent-start id="3009" type="GMP work packet processing" contextid="3003" timestamp="2019-06-17T04:32:10.107">
  <concurrent-mark-start scanTarget="1048576" />
</concurrent-start>
<exclusive-end id="3010" timestamp="2019-06-17T04:32:10.107" durationms="2.068" />

<concurrent-end id="3011" type="GMP work packet processing" contextid="3003" timestamp="2019-06-17T04:32:10.113">
  <concurrent-mark-end bytesScanned="1109856" reasonForTermination="Work target met" />
</concurrent-end>

<exclusive-start id="3012" timestamp="2019-06-17T04:32:10.131" intervalms="26.297">
  <response-info timems="0.078" idlems="0.078" threads="0" lastid="0000000002320700" lastname="main" />
</exclusive-start>
<allocation-taxation id="3013" taxation-threshold="10485760" timestamp="2019-06-17T04:32:10.132" intervalms="26.293" />
<cycle-start id="3014" type="partial gc" contextid="0" timestamp="2019-06-17T04:32:10.132" intervalms="48.808" />
<gc-start id="3015" type="partial gc" contextid="3014" timestamp="2019-06-17T04:32:10.132">
  <mem-info id="3016" free="12582912" total="56623104" percent="22">
    <mem type="eden" free="1045264" total="22020096" percent="4" />
    <remembered-set count="77664" freebytes="1949568" totalbytes="2260224" percent="86" regionsoverflowed="0" regionsstable="0" regionsrebuilding="11"/>
  </mem-info>
</gc-start>
<allocation-stats totalBytes="20968048" >
  <allocated-bytes non-tlh="0" tlh="20968048" arrayletleaf="0"/>
  <largest-consumer threadName="main" threadId="0000000002320700" bytes="10484200" />
</allocation-stats>
<gc-op id="3017" type="copy forward" timems="1.969" contextid="3014" timestamp="2019-06-17T04:32:10.135">
  <memory-copied type="eden" objects="337" bytes="11024" bytesdiscarded="2416" />
  <memory-copied type="other" objects="0" bytes="0" bytesdiscarded="0" />
  <memory-cardclean objects="120" bytes="12536" />
  <regions eden="20" other="1" />
  <remembered-set-cleared processed="76231" cleared="72" durationms="0.434" />
  <references type="weak" candidates="37" cleared="0" enqueued="0" />
  <stringconstants candidates="13802" cleared="0"  />
</gc-op>
<gc-op id="3018" type="classunload" timems="0.004" contextid="3014" timestamp="2019-06-17T04:32:10.135">
  <classunload-info classloadercandidates="54" classloadersunloaded="0" classesunloaded="0" anonymousclassesunloaded="0" quiescems="0.000" setupms="0.004" scanms="0.000" postms="0.000" />
</gc-op>
<gc-end id="3019" type="partial gc" contextid="3014" durationms="2.894" usertimems="4.000" systemtimems="0.000" timestamp="2019-06-17T04:32:10.135" activeThreads="4">
  <mem-info id="3020" free="33554432" total="56623104" percent="59">
    <mem type="eden" free="1035088" total="1048576" percent="98" />
    <remembered-set count="78912" freebytes="1944576" totalbytes="2260224" percent="86" regionsoverflowed="0" regionsstable="0" regionsrebuilding="11"/>
  </mem-info>
</gc-end>
<cycle-end id="3021" type="partial gc" contextid="3014" timestamp="2019-06-17T04:32:10.135" />
  <attribute name="elasticGC enabled" value="1" />
  <attribute name= "numThreadsSpecified" value="4" />
  <attribute name="heapSize specified" value="0" />
  <attribute name="Current GC Util" value="76" />
  <attribute name= "Current Time Running" value="59570" />
  <attribute name ="GC Interval" value="0" />
  <attribute name="ProportionalT" value="84.000000" />
  <attribute name="ProportionalI" value="84.000000" />
  <attribute name="ProportionalH" value="84.000000" />
  <attribute name="Current Error" value="56.000000" />
  <attribute name="IntegralT" value="56.000000" />
  <attribute name="IntegralI" value="56.000000" />
  <attribute name="IntegralH" value="56.000000" />
  <attribute name="DerivativeT" value="84.000000" />
  <attribute name="DerivativeI" value="84.000000" />
  <attribute name="DerivativeH" value="84.000000" />
  <attribute name="Loop Time for DT" value="1.000000" />
  <attribute name="Output H" value="8388608"/>
  <attribute name="Output I" value="224"/>
  <attribute name="Output T" value="4"/>
  <attribute name="Target GC Util Change" value ="20.000000" />
  <attribute name="Current GC Util Change" value="76.000000"/>
  <attribute name="GC Util currently" value="76" />
  <attribute name="CPU Util currently" value="19385710174806" />
<exclusive-end id="3022" timestamp="2019-06-17T04:32:10.135" durationms="3.720" />

<exclusive-start id="3023" timestamp="2019-06-17T04:32:10.157" intervalms="25.723">
  <response-info timems="0.080" idlems="0.080" threads="0" lastid="0000000002320700" lastname="main" />
</exclusive-start>
<allocation-taxation id="3024" taxation-threshold="10485760" timestamp="2019-06-17T04:32:10.157" intervalms="25.763" />
<gc-start id="3025" type="global mark phase" contextid="3003" timestamp="2019-06-17T04:32:10.158">
  <mem-info id="3026" free="23068672" total="56623104" percent="40">
    <remembered-set count="7200" freebytes="2231424" totalbytes="2260224" percent="98" regionsoverflowed="0" regionsstable="6" regionsrebuilding="11"/>
  </mem-info>
</gc-start>
<gc-end id="3027" type="global mark phase" contextid="3003" durationms="0.132" usertimems="0.000" systemtimems="0.000" timestamp="2019-06-17T04:32:10.158" activeThreads="4">
  <mem-info id="3028" free="23068672" total="56623104" percent="40">
    <remembered-set count="7200" freebytes="2231424" totalbytes="2260224" percent="98" regionsoverflowed="0" regionsstable="6" regionsrebuilding="11"/>
  </mem-info>
</gc-end>
<concurrent-start id="3029" type="GMP work packet processing" contextid="3003" timestamp="2019-06-17T04:32:10.158">
  <concurrent-mark-start scanTarget="1048576" />
</concurrent-start>
<exclusive-end id="3030" timestamp="2019-06-17T04:32:10.158" durationms="0.779" />

<concurrent-end id="3031" type="GMP work packet processing" contextid="3003" timestamp="2019-06-17T04:32:10.159">
  <concurrent-mark-end bytesScanned="1109840" reasonForTermination="Work target met" />
</concurrent-end>

<exclusive-start id="3032" timestamp="2019-06-17T04:32:10.181" intervalms="23.959">
  <response-info timems="0.048" idlems="0.048" threads="0" lastid="0000000002320700" lastname="main" />
</exclusive-start>
<allocation-taxation id="3033" taxation-threshold="10485760" timestamp="2019-06-17T04:32:10.181" intervalms="23.872" />
<cycle-start id="3034" type="partial gc" contextid="0" timestamp="2019-06-17T04:32:10.181" intervalms="49.592" />
<gc-start id="3035" type="partial gc" contextid="3034" timestamp="2019-06-17T04:32:10.182">
  <mem-info id="3036" free="12582912" total="56623104" percent="22">
    <mem type="eden" free="0" total="20971520" percent="0" />
    <remembered-set count="12448" freebytes="2210432" totalbytes="2260224" percent="97" regionsoverflowed="0" regionsstable="6" regionsrebuilding="11"/>
  </mem-info>
</gc-start>
<allocation-stats totalBytes="20968904" >
  <allocated-bytes non-tlh="0" tlh="20968904" arrayletleaf="0"/>
  <largest-consumer threadName="main" threadId="0000000002320700" bytes="10484504" />
</allocation-stats>
<gc-op id="3037" type="copy forward" timems="1.147" contextid="3034" timestamp="2019-06-17T04:32:10.183">
  <memory-copied type="eden" objects="121" bytes="3696" bytesdiscarded="0" />
  <memory-copied type="other" objects="212" bytes="7208" bytesdiscarded="0" />
  <memory-cardclean objects="91" bytes="12000" />
  <regions eden="20" other="1" />
  <remembered-set-cleared processed="10884" cleared="67" durationms="0.167" />
  <references type="weak" candidates="37" cleared="0" enqueued="0" />
  <stringconstants candidates="13802" cleared="0"  />
</gc-op>
<gc-op id="3038" type="classunload" timems="0.004" contextid="3034" timestamp="2019-06-17T04:32:10.183">
  <classunload-info classloadercandidates="54" classloadersunloaded="0" classesunloaded="0" anonymousclassesunloaded="0" quiescems="0.000" setupms="0.003" scanms="0.000" postms="0.000" />
</gc-op>
<gc-end id="3039" type="partial gc" contextid="3034" durationms="2.081" usertimems="0.000" systemtimems="4.000" timestamp="2019-06-17T04:32:10.184" activeThreads="1">
  <mem-info id="3040" free="32505856" total="56623104" percent="57">
    <mem type="eden" free="1044880" total="1048576" percent="99" />
    <remembered-set count="12672" freebytes="2209536" totalbytes="2260224" percent="97" regionsoverflowed="0" regionsstable="6" regionsrebuilding="11"/>
  </mem-info>
</gc-end>
<cycle-end id="3041" type="partial gc" contextid="3034" timestamp="2019-06-17T04:32:10.184" />
  <attribute name="elasticGC enabled" value="1" />
  <attribute name= "numThreadsSpecified" value="1" />
  <attribute name="heapSize specified" value="0" />
  <attribute name="Current GC Util" value="62" />
  <attribute name= "Current Time Running" value="59619" />
  <attribute name ="GC Interval" value="0" />
  <attribute name="ProportionalT" value="63.000000" />
  <attribute name="ProportionalI" value="63.000000" />
  <attribute name="ProportionalH" value="63.000000" />
  <attribute name="Current Error" value="42.000000" />
  <attribute name="IntegralT" value="0.000000" />
  <attribute name="IntegralI" value="0.000000" />
  <attribute name="IntegralH" value="0.000000" />
  <attribute name="DerivativeT" value="inf" />
  <attribute name="DerivativeI" value="inf" />
  <attribute name="DerivativeH" value="inf" />
  <attribute name="Loop Time for DT" value="0.000000" />
  <attribute name="Output H" value="8388608"/>
  <attribute name="Output I" value="200"/>
  <attribute name="Output T" value="1"/>
  <attribute name="Target GC Util Change" value ="20.000000" />
  <attribute name="Current GC Util Change" value="62.000000"/>
  <attribute name="GC Util currently" value="62" />
  <attribute name="CPU Util currently" value="20286127685626" />
<exclusive-end id="3042" timestamp="2019-06-17T04:32:10.184" durationms="2.893" />

<exclusive-start id="3043" timestamp="2019-06-17T04:32:10.206" intervalms="25.072">
  <response-info timems="0.076" idlems="0.076" threads="0" lastid="0000000002320700" lastname="main" />
</exclusive-start>
<allocation-taxation id="3044" taxation-threshold="10485760" timestamp="2019-06-17T04:32:10.206" intervalms="25.120" />
<gc-start id="3045" type="global mark phase" contextid="3003" timestamp="2019-06-17T04:32:10.207">
  <mem-info id="3046" free="22020096" total="56623104" percent="38">
    <remembered-set count="12288" freebytes="2211072" totalbytes="2260224" percent="97" regionsoverflowed="0" regionsstable="6" regionsrebuilding="11"/>
  </mem-info>
</gc-start>
<gc-end id="3047" type="global mark phase" contextid="3003" durationms="0.128" usertimems="0.000" systemtimems="0.000" timestamp="2019-06-17T04:32:10.207" activeThreads="1">
  <mem-info id="3048" free="22020096" total="56623104" percent="38">
    <remembered-set count="12288" freebytes="2211072" totalbytes="2260224" percent="97" regionsoverflowed="0" regionsstable="6" regionsrebuilding="11"/>
  </mem-info>
</gc-end>
<concurrent-start id="3049" type="GMP work packet processing" contextid="3003" timestamp="2019-06-17T04:32:10.207">
  <concurrent-mark-start scanTarget="1048576" />
</concurrent-start>
<exclusive-end id="3050" timestamp="2019-06-17T04:32:10.207" durationms="0.639" />

<concurrent-end id="3051" type="GMP work packet processing" contextid="3003" timestamp="2019-06-17T04:32:10.208">
  <concurrent-mark-end bytesScanned="1096412" reasonForTermination="Work target met" />
</concurrent-end>

<exclusive-start id="3052" timestamp="2019-06-17T04:32:10.230" intervalms="23.452">
  <response-info timems="0.048" idlems="0.048" threads="0" lastid="0000000002320700" lastname="main" />
</exclusive-start>
<allocation-taxation id="3053" taxation-threshold="10485760" timestamp="2019-06-17T04:32:10.230" intervalms="23.408" />
<cycle-start id="3054" type="partial gc" contextid="0" timestamp="2019-06-17T04:32:10.230" intervalms="48.534" />
<gc-start id="3055" type="partial gc" contextid="3054" timestamp="2019-06-17T04:32:10.230">
  <mem-info id="3056" free="11534336" total="56623104" percent="20">
    <mem type="eden" free="1044880" total="22020096" percent="4" />
    <remembered-set count="17280" freebytes="2191104" totalbytes="2260224" percent="96" regionsoverflowed="0" regionsstable="6" regionsrebuilding="11"/>
  </mem-info>
</gc-start>
<allocation-stats totalBytes="20968944" >
  <allocated-bytes non-tlh="0" tlh="20968944" arrayletleaf="0"/>
  <largest-consumer threadName="main" threadId="0000000002320700" bytes="10484440" />
</allocation-stats>
<gc-op id="3057" type="copy forward" timems="1.481" contextid="3054" timestamp="2019-06-17T04:32:10.232">
  <memory-copied type="eden" objects="117" bytes="3552" bytesdiscarded="0" />
  <memory-copied type="other" objects="0" bytes="0" bytesdiscarded="0" />
  <memory-cardclean objects="18" bytes="968" />
  <regions eden="20" other="1" />
  <remembered-set-cleared processed="15691" cleared="10" durationms="0.140" />
  <stringconstants candidates="13802" cleared="0"  />
</gc-op>
<gc-op id="3058" type="classunload" timems="0.004" contextid="3054" timestamp="2019-06-17T04:32:10.232">
  <classunload-info classloadercandidates="54" classloadersunloaded="0" classesunloaded="0" anonymousclassesunloaded="0" quiescems="0.000" setupms="0.004" scanms="0.000" postms="0.000" />
</gc-op>
<gc-end id="3059" type="partial gc" contextid="3054" durationms="2.352" usertimems="4.000" systemtimems="0.000" timestamp="2019-06-17T04:32:10.232" activeThreads="4">
  <mem-info id="3060" free="32505856" total="56623104" percent="57">
    <mem type="eden" free="1045024" total="1048576" percent="99" />
    <remembered-set count="17632" freebytes="2189696" totalbytes="2260224" percent="96" regionsoverflowed="0" regionsstable="6" regionsrebuilding="11"/>
  </mem-info>
</gc-end>
<cycle-end id="3061" type="partial gc" contextid="3054" timestamp="2019-06-17T04:32:10.233" />
  <attribute name="elasticGC enabled" value="1" />
  <attribute name= "numThreadsSpecified" value="4" />
  <attribute name="heapSize specified" value="0" />
  <attribute name="Current GC Util" value="61" />
  <attribute name= "Current Time Running" value="59668" />
  <attribute name ="GC Interval" value="0" />
  <attribute name="ProportionalT" value="61.500000" />
  <attribute name="ProportionalI" value="61.500000" />
  <attribute name="ProportionalH" value="61.500000" />
  <attribute name="Current Error" value="41.000000" />
  <attribute name="IntegralT" value="41.000000" />
  <attribute name="IntegralI" value="41.000000" />
  <attribute name="IntegralH" value="41.000000" />
  <attribute name="DerivativeT" value="61.500000" />
  <attribute name="DerivativeI" value="61.500000" />
  <attribute name="DerivativeH" value="61.500000" />
  <attribute name="Loop Time for DT" value="1.000000" />
  <attribute name="Output H" value="8388608"/>
  <attribute name="Output I" value="200"/>
  <attribute name="Output T" value="4"/>
  <attribute name="Target GC Util Change" value ="20.000000" />
  <attribute name="Current GC Util Change" value="61.000000"/>
  <attribute name="GC Util currently" value="61" />
  <attribute name="CPU Util currently" value="18949356651529" />
<exclusive-end id="3062" timestamp="2019-06-17T04:32:10.233" durationms="2.981" />

<exclusive-start id="3063" timestamp="2019-06-17T04:32:10.244" intervalms="14.699">
  <response-info timems="0.077" idlems="0.077" threads="0" lastid="0000000002320700" lastname="main" />
</exclusive-start>
<allocation-taxation id="3064" taxation-threshold="10485760" timestamp="2019-06-17T04:32:10.245" intervalms="14.764" />
<gc-start id="3065" type="global mark phase" contextid="3003" timestamp="2019-06-17T04:32:10.245">
  <mem-info id="3066" free="22020096" total="56623104" percent="38">
    <remembered-set count="17632" freebytes="2189696" totalbytes="2260224" percent="96" regionsoverflowed="0" regionsstable="6" regionsrebuilding="11"/>
  </mem-info>
</gc-start>
<gc-end id="3067" type="global mark phase" contextid="3003" durationms="0.122" usertimems="0.000" systemtimems="0.000" timestamp="2019-06-17T04:32:10.245" activeThreads="4">
  <mem-info id="3068" free="22020096" total="56623104" percent="38">
    <remembered-set count="17632" freebytes="2189696" totalbytes="2260224" percent="96" regionsoverflowed="0" regionsstable="6" regionsrebuilding="11"/>
  </mem-info>
</gc-end>
<concurrent-start id="3069" type="GMP work packet processing" contextid="3003" timestamp="2019-06-17T04:32:10.245">
  <concurrent-mark-start scanTarget="1048576" />
</concurrent-start>
<exclusive-end id="3070" timestamp="2019-06-17T04:32:10.245" durationms="0.703" />

<concurrent-end id="3071" type="GMP work packet processing" contextid="3003" timestamp="2019-06-17T04:32:10.246">
  <concurrent-mark-end bytesScanned="1102636" reasonForTermination="Work target met" />
</concurrent-end>

<exclusive-start id="3072" timestamp="2019-06-17T04:32:10.249" intervalms="4.546">
  <response-info timems="0.072" idlems="0.072" threads="0" lastid="0000000002320700" lastname="main" />
</exclusive-start>
<allocation-taxation id="3073" taxation-threshold="10485760" timestamp="2019-06-17T04:32:10.249" intervalms="4.467" />
<cycle-start id="3074" type="partial gc" contextid="0" timestamp="2019-06-17T04:32:10.249" intervalms="19.258" />
<gc-start id="3075" type="partial gc" contextid="3074" timestamp="2019-06-17T04:32:10.249">
  <mem-info id="3076" free="11534336" total="56623104" percent="20">
    <mem type="eden" free="1045024" total="22020096" percent="4" />
    <remembered-set count="18688" freebytes="2185472" totalbytes="2260224" percent="96" regionsoverflowed="0" regionsstable="6" regionsrebuilding="11"/>
  </mem-info>
</gc-start>
<allocation-stats totalBytes="20958296" >
  <allocated-bytes non-tlh="0" tlh="20958296" arrayletleaf="0"/>
  <largest-consumer threadName="main" threadId="0000000002320700" bytes="10478808" />
</allocation-stats>
<gc-op id="3077" type="copy forward" timems="1.180" contextid="3074" timestamp="2019-06-17T04:32:10.251">
  <memory-copied type="eden" objects="136" bytes="4408" bytesdiscarded="0" />
  <memory-copied type="other" objects="0" bytes="0" bytesdiscarded="0" />
  <memory-cardclean objects="80" bytes="2432" />
  <regions eden="20" other="1" />
  <remembered-set-cleared processed="17428" cleared="18" durationms="0.213" />
  <stringconstants candidates="13802" cleared="0"  />
</gc-op>
<gc-op id="3078" type="classunload" timems="0.017" contextid="3074" timestamp="2019-06-17T04:32:10.251">
  <classunload-info classloadercandidates="54" classloadersunloaded="0" classesunloaded="0" anonymousclassesunloaded="0" quiescems="0.000" setupms="0.016" scanms="0.000" postms="0.000" />
</gc-op>
<gc-end id="3079" type="partial gc" contextid="3074" durationms="2.170" usertimems="4.000" systemtimems="0.000" timestamp="2019-06-17T04:32:10.252" activeThreads="1">
  <mem-info id="3080" free="32505856" total="56623104" percent="57">
    <mem type="eden" free="1044168" total="1048576" percent="99" />
    <remembered-set count="19104" freebytes="2183808" totalbytes="2260224" percent="96" regionsoverflowed="0" regionsstable="6" regionsrebuilding="11"/>
  </mem-info>
</gc-end>
<cycle-end id="3081" type="partial gc" contextid="3074" timestamp="2019-06-17T04:32:10.252" />
  <attribute name="elasticGC enabled" value="1" />
  <attribute name= "numThreadsSpecified" value="1" />
  <attribute name="heapSize specified" value="0" />
  <attribute name="Current GC Util" value="62" />
  <attribute name= "Current Time Running" value="59687" />
  <attribute name ="GC Interval" value="0" />
  <attribute name="ProportionalT" value="63.000000" />
  <attribute name="ProportionalI" value="63.000000" />
  <attribute name="ProportionalH" value="63.000000" />
  <attribute name="Current Error" value="42.000000" />
  <attribute name="IntegralT" value="0.000000" />
  <attribute name="IntegralI" value="0.000000" />
  <attribute name="IntegralH" value="0.000000" />
  <attribute name="DerivativeT" value="inf" />
  <attribute name="DerivativeI" value="inf" />
  <attribute name="DerivativeH" value="inf" />
  <attribute name="Loop Time for DT" value="0.000000" />
  <attribute name="Output H" value="8388608"/>
  <attribute name="Output I" value="200"/>
  <attribute name="Output T" value="1"/>
  <attribute name="Target GC Util Change" value ="20.000000" />
  <attribute name="Current GC Util Change" value="62.000000"/>
  <attribute name="GC Util currently" value="62" />
  <attribute name="CPU Util currently" value="19074919152684" />
<exclusive-end id="3082" timestamp="2019-06-17T04:32:10.252" durationms="2.985" />

<exclusive-start id="3083" timestamp="2019-06-17T04:32:10.255" intervalms="6.359">
  <response-info timems="0.082" idlems="0.082" threads="0" lastid="0000000002320700" lastname="main" />
</exclusive-start>
<allocation-taxation id="3084" taxation-threshold="10485760" timestamp="2019-06-17T04:32:10.255" intervalms="6.436" />
<gc-start id="3085" type="global mark phase" contextid="3003" timestamp="2019-06-17T04:32:10.256">
  <mem-info id="3086" free="22020096" total="56623104" percent="38">
    <remembered-set count="18656" freebytes="2185600" totalbytes="2260224" percent="96" regionsoverflowed="0" regionsstable="6" regionsrebuilding="11"/>
  </mem-info>
</gc-start>
<gc-end id="3087" type="global mark phase" contextid="3003" durationms="0.127" usertimems="0.000" systemtimems="0.000" timestamp="2019-06-17T04:32:10.256" activeThreads="1">
  <mem-info id="3088" free="22020096" total="56623104" percent="38">
    <remembered-set count="18656" freebytes="2185600" totalbytes="2260224" percent="96" regionsoverflowed="0" regionsstable="6" regionsrebuilding="11"/>
  </mem-info>
</gc-end>
<concurrent-start id="3089" type="GMP work packet processing" contextid="3003" timestamp="2019-06-17T04:32:10.256">
  <concurrent-mark-start scanTarget="1048576" />
</concurrent-start>
<exclusive-end id="3090" timestamp="2019-06-17T04:32:10.256" durationms="0.743" />

<concurrent-end id="3091" type="GMP work packet processing" contextid="3003" timestamp="2019-06-17T04:32:10.257">
  <concurrent-mark-end bytesScanned="1093944" reasonForTermination="Work target met" />
</concurrent-end>

<exclusive-start id="3092" timestamp="2019-06-17T04:32:10.260" intervalms="4.505">
  <response-info timems="0.056" idlems="0.056" threads="0" lastid="0000000002320700" lastname="main" />
</exclusive-start>
<allocation-taxation id="3093" taxation-threshold="10485760" timestamp="2019-06-17T04:32:10.260" intervalms="4.440" />
<cycle-start id="3094" type="partial gc" contextid="0" timestamp="2019-06-17T04:32:10.260" intervalms="10.831" />
<gc-start id="3095" type="partial gc" contextid="3094" timestamp="2019-06-17T04:32:10.260">
  <mem-info id="3096" free="11534336" total="56623104" percent="20">
    <mem type="eden" free="0" total="20971520" percent="0" />
    <remembered-set count="21280" freebytes="2175104" totalbytes="2260224" percent="96" regionsoverflowed="0" regionsstable="6" regionsrebuilding="11"/>
  </mem-info>
</gc-start>
<allocation-stats totalBytes="20960328" >
  <allocated-bytes non-tlh="0" tlh="20960328" arrayletleaf="0"/>
  <largest-consumer threadName="main" threadId="0000000002320700" bytes="10480400" />
</allocation-stats>
<gc-op id="3097" type="copy forward" timems="1.667" contextid="3094" timestamp="2019-06-17T04:32:10.262">
  <memory-copied type="eden" objects="6" bytes="272" bytesdiscarded="0" />
  <memory-copied type="other" objects="130" bytes="4008" bytesdiscarded="1248" />
  <memory-cardclean objects="66" bytes="2136" />
  <regions eden="20" other="1" />
  <remembered-set-cleared processed="19794" cleared="21" durationms="0.195" />
  <stringconstants candidates="13802" cleared="0"  />
</gc-op>
<gc-op id="3098" type="classunload" timems="0.004" contextid="3094" timestamp="2019-06-17T04:32:10.262">
  <classunload-info classloadercandidates="54" classloadersunloaded="0" classesunloaded="0" anonymousclassesunloaded="0" quiescems="0.000" setupms="0.003" scanms="0.000" postms="0.000" />
</gc-op>
<heap-resize id="3099" type="expand" space="default" amount="6291456" count="1" timems="0.063" reason="excessive time being spent in gc" timestamp="2019-06-17T04:32:10.263" />
<gc-end id="3100" type="partial gc" contextid="3094" durationms="2.558" usertimems="4.000" systemtimems="0.000" timestamp="2019-06-17T04:32:10.263" activeThreads="4">
  <mem-info id="3101" free="37748736" total="62914560" percent="60">
    <mem type="eden" free="1048304" total="1048576" percent="99" />
    <remembered-set count="22112" freebytes="2422912" totalbytes="2511360" percent="96" regionsoverflowed="0" regionsstable="6" regionsrebuilding="11"/>
  </mem-info>
</gc-end>
<cycle-end id="3102" type="partial gc" contextid="3094" timestamp="2019-06-17T04:32:10.263" />
  <attribute name="elasticGC enabled" value="1" />
  <attribute name= "numThreadsSpecified" value="4" />
  <attribute name="heapSize specified" value="0" />
  <attribute name="Current GC Util" value="64" />
  <attribute name= "Current Time Running" value="59698" />
  <attribute name ="GC Interval" value="0" />
  <attribute name="ProportionalT" value="66.000000" />
  <attribute name="ProportionalI" value="66.000000" />
  <attribute name="ProportionalH" value="66.000000" />
  <attribute name="Current Error" value="44.000000" />
  <attribute name="IntegralT" value="44.000000" />
  <attribute name="IntegralI" value="44.000000" />
  <attribute name="IntegralH" value="44.000000" />
  <attribute name="DerivativeT" value="42.000000" />
  <attribute name="DerivativeI" value="42.000000" />
  <attribute name="DerivativeH" value="42.000000" />
  <attribute name="Loop Time for DT" value="1.000000" />
  <attribute name="Output H" value="8388608"/>
  <attribute name="Output I" value="200"/>
  <attribute name="Output T" value="4"/>
  <attribute name="Target GC Util Change" value ="20.000000" />
  <attribute name="Current GC Util Change" value="64.000000"/>
  <attribute name="GC Util currently" value="64" />
  <attribute name="CPU Util currently" value="23342508218477" />
<exclusive-end id="3103" timestamp="2019-06-17T04:32:10.263" durationms="3.202" />

<exclusive-start id="3104" timestamp="2019-06-17T04:32:10.268" intervalms="8.412">
  <response-info timems="0.058" idlems="0.058" threads="0" lastid="0000000002320700" lastname="main" />
</exclusive-start>
<allocation-taxation id="3105" taxation-threshold="10485760" timestamp="2019-06-17T04:32:10.268" intervalms="8.418" />
<gc-start id="3106" type="global mark phase" contextid="3003" timestamp="2019-06-17T04:32:10.269">
  <mem-info id="3107" free="27262976" total="62914560" percent="43">
    <remembered-set count="21696" freebytes="2424576" totalbytes="2511360" percent="96" regionsoverflowed="0" regionsstable="6" regionsrebuilding="11"/>
  </mem-info>
</gc-start>
<gc-end id="3108" type="global mark phase" contextid="3003" durationms="0.136" usertimems="0.000" systemtimems="0.000" timestamp="2019-06-17T04:32:10.269" activeThreads="4">
  <mem-info id="3109" free="27262976" total="62914560" percent="43">
    <remembered-set count="21696" freebytes="2424576" totalbytes="2511360" percent="96" regionsoverflowed="0" regionsstable="6" regionsrebuilding="11"/>
  </mem-info>
</gc-end>
<concurrent-start id="3110" type="GMP work packet processing" contextid="3003" timestamp="2019-06-17T04:32:10.269">
  <concurrent-mark-start scanTarget="1048576" />
</concurrent-start>
<exclusive-end id="3111" timestamp="2019-06-17T04:32:10.270" durationms="1.588" />

<concurrent-end id="3112" type="GMP work packet processing" contextid="3003" timestamp="2019-06-17T04:32:10.270">
  <concurrent-mark-end bytesScanned="1091644" reasonForTermination="Work target met" />
</concurrent-end>

<exclusive-start id="3113" timestamp="2019-06-17T04:32:10.280" intervalms="11.762">
  <response-info timems="0.124" idlems="0.124" threads="0" lastid="0000000002320700" lastname="main" />
</exclusive-start>
<allocation-taxation id="3114" taxation-threshold="10485760" timestamp="2019-06-17T04:32:10.280" intervalms="11.829" />
<cycle-start id="3115" type="partial gc" contextid="0" timestamp="2019-06-17T04:32:10.280" intervalms="20.438" />
<gc-start id="3116" type="partial gc" contextid="3115" timestamp="2019-06-17T04:32:10.281">
  <mem-info id="3117" free="16777216" total="62914560" percent="26">
    <mem type="eden" free="1048304" total="22020096" percent="4" />
    <remembered-set count="25408" freebytes="2409728" totalbytes="2511360" percent="95" regionsoverflowed="0" regionsstable="6" regionsrebuilding="11"/>
  </mem-info>
</gc-start>
<allocation-stats totalBytes="20960968" >
  <allocated-bytes non-tlh="0" tlh="20960968" arrayletleaf="0"/>
  <largest-consumer threadName="main" threadId="0000000002320700" bytes="10480584" />
</allocation-stats>
<gc-op id="3118" type="copy forward" timems="1.357" contextid="3115" timestamp="2019-06-17T04:32:10.283">
  <memory-copied type="eden" objects="6" bytes="400" bytesdiscarded="0" />
  <memory-copied type="other" objects="0" bytes="0" bytesdiscarded="0" />
  <memory-cardclean objects="16" bytes="528" />
  <regions eden="20" other="1" />
  <remembered-set-cleared processed="23793" cleared="2" durationms="0.279" />
  <stringconstants candidates="13802" cleared="0"  />
</gc-op>
<gc-op id="3119" type="classunload" timems="0.004" contextid="3115" timestamp="2019-06-17T04:32:10.283">
  <classunload-info classloadercandidates="54" classloadersunloaded="0" classesunloaded="0" anonymousclassesunloaded="0" quiescems="0.000" setupms="0.004" scanms="0.000" postms="0.000" />
</gc-op>
<gc-end id="3120" type="partial gc" contextid="3115" durationms="2.485" usertimems="4.000" systemtimems="0.000" timestamp="2019-06-17T04:32:10.283" activeThreads="1">
  <mem-info id="3121" free="37748736" total="62914560" percent="60">
    <mem type="eden" free="1048176" total="1048576" percent="99" />
    <remembered-set count="25888" freebytes="2407808" totalbytes="2511360" percent="95" regionsoverflowed="0" regionsstable="6" regionsrebuilding="11"/>
  </mem-info>
</gc-end>
<cycle-end id="3122" type="partial gc" contextid="3115" timestamp="2019-06-17T04:32:10.283" />
  <attribute name="elasticGC enabled" value="1" />
  <attribute name= "numThreadsSpecified" value="1" />
  <attribute name="heapSize specified" value="0" />
  <attribute name="Current GC Util" value="71" />
  <attribute name= "Current Time Running" value="59718" />
  <attribute name ="GC Interval" value="0" />
  <attribute name="ProportionalT" value="76.500000" />
  <attribute name="ProportionalI" value="76.500000" />
  <attribute name="ProportionalH" value="76.500000" />
  <attribute name="Current Error" value="51.000000" />
  <attribute name="IntegralT" value="0.000000" />
  <attribute name="IntegralI" value="0.000000" />
  <attribute name="IntegralH" value="0.000000" />
  <attribute name="DerivativeT" value="inf" />
  <attribute name="DerivativeI" value="inf" />
  <attribute name="DerivativeH" value="inf" />
  <attribute name="Loop Time for DT" value="0.000000" />
  <attribute name="Output H" value="8388608"/>
  <attribute name="Output I" value="200"/>
  <attribute name="Output T" value="1"/>
  <attribute name="Target GC Util Change" value ="20.000000" />
  <attribute name="Current GC Util Change" value="71.000000"/>
  <attribute name="GC Util currently" value="71" />
  <attribute name="CPU Util currently" value="14226309910768" />
<exclusive-end id="3123" timestamp="2019-06-17T04:32:10.284" durationms="3.556" />

<exclusive-start id="3124" timestamp="2019-06-17T04:32:10.287" intervalms="7.465">
  <response-info timems="0.105" idlems="0.105" threads="0" lastid="0000000002320700" lastname="main" />
</exclusive-start>
<allocation-taxation id="3125" taxation-threshold="10485760" timestamp="2019-06-17T04:32:10.288" intervalms="7.447" />
<gc-start id="3126" type="global mark phase" contextid="3003" timestamp="2019-06-17T04:32:10.288">
  <mem-info id="3127" free="27262976" total="62914560" percent="43">
    <remembered-set count="25408" freebytes="2409728" totalbytes="2511360" percent="95" regionsoverflowed="0" regionsstable="6" regionsrebuilding="11"/>
  </mem-info>
</gc-start>
<gc-end id="3128" type="global mark phase" contextid="3003" durationms="0.086" usertimems="0.000" systemtimems="0.000" timestamp="2019-06-17T04:32:10.288" activeThreads="1">
  <mem-info id="3129" free="27262976" total="62914560" percent="43">
    <remembered-set count="25408" freebytes="2409728" totalbytes="2511360" percent="95" regionsoverflowed="0" regionsstable="6" regionsrebuilding="11"/>
  </mem-info>
</gc-end>
<concurrent-start id="3130" type="GMP work packet processing" contextid="3003" timestamp="2019-06-17T04:32:10.288">
  <concurrent-mark-start scanTarget="1048576" />
</concurrent-start>
<exclusive-end id="3131" timestamp="2019-06-17T04:32:10.289" durationms="1.618" />

<concurrent-end id="3132" type="GMP work packet processing" contextid="3003" timestamp="2019-06-17T04:32:10.289">
  <concurrent-mark-end bytesScanned="1096128" reasonForTermination="Work target met" />
</concurrent-end>

<exclusive-start id="3133" timestamp="2019-06-17T04:32:10.292" intervalms="4.950">
  <response-info timems="0.076" idlems="0.076" threads="0" lastid="0000000002320700" lastname="main" />
</exclusive-start>
<allocation-taxation id="3134" taxation-threshold="10485760" timestamp="2019-06-17T04:32:10.293" intervalms="4.942" />
<cycle-start id="3135" type="partial gc" contextid="0" timestamp="2019-06-17T04:32:10.293" intervalms="12.381" />
<gc-start id="3136" type="partial gc" contextid="3135" timestamp="2019-06-17T04:32:10.293">
  <mem-info id="3137" free="16777216" total="62914560" percent="26">
    <mem type="eden" free="1048176" total="22020096" percent="4" />
    <remembered-set count="29632" freebytes="2392832" totalbytes="2511360" percent="95" regionsoverflowed="0" regionsstable="6" regionsrebuilding="11"/>
  </mem-info>
</gc-start>
<allocation-stats totalBytes="20960328" >
  <allocated-bytes non-tlh="0" tlh="20960328" arrayletleaf="0"/>
  <largest-consumer threadName="main" threadId="0000000002320700" bytes="10480400" />
</allocation-stats>
<gc-op id="3138" type="copy forward" timems="1.963" contextid="3135" timestamp="2019-06-17T04:32:10.296">
  <memory-copied type="eden" objects="6" bytes="272" bytesdiscarded="0" />
  <memory-copied type="other" objects="0" bytes="0" bytesdiscarded="0" />
  <memory-cardclean objects="16" bytes="528" />
  <regions eden="20" other="1" />
  <remembered-set-cleared processed="28215" cleared="2" durationms="0.235" />
  <stringconstants candidates="13802" cleared="0"  />
</gc-op>
<gc-op id="3139" type="classunload" timems="0.003" contextid="3135" timestamp="2019-06-17T04:32:10.296">
  <classunload-info classloadercandidates="54" classloadersunloaded="0" classesunloaded="0" anonymousclassesunloaded="0" quiescems="0.000" setupms="0.003" scanms="0.000" postms="0.000" />
</gc-op>
<gc-end id="3140" type="partial gc" contextid="3135" durationms="2.932" usertimems="4.000" systemtimems="0.000" timestamp="2019-06-17T04:32:10.296" activeThreads="4">
  <mem-info id="3141" free="37748736" total="62914560" percent="60">
    <mem type="eden" free="1048304" total="1048576" percent="99" />
    <remembered-set count="29600" freebytes="2392960" totalbytes="2511360" percent="95" regionsoverflowed="0" regionsstable="6" regionsrebuilding="11"/>
  </mem-info>
</gc-end>
<cycle-end id="3142" type="partial gc" contextid="3135" timestamp="2019-06-17T04:32:10.296" />
  <attribute name="elasticGC enabled" value="1" />
  <attribute name= "numThreadsSpecified" value="4" />
  <attribute name="heapSize specified" value="0" />
  <attribute name="Current GC Util" value="85" />
  <attribute name= "Current Time Running" value="59731" />
  <attribute name ="GC Interval" value="0" />
  <attribute name="ProportionalT" value="97.500000" />
  <attribute name="ProportionalI" value="97.500000" />
  <attribute name="ProportionalH" value="97.500000" />
  <attribute name="Current Error" value="65.000000" />
  <attribute name="IntegralT" value="65.000000" />
  <attribute name="IntegralI" value="65.000000" />
  <attribute name="IntegralH" value="65.000000" />
  <attribute name="DerivativeT" value="70.500000" />
  <attribute name="DerivativeI" value="70.500000" />
  <attribute name="DerivativeH" value="70.500000" />
  <attribute name="Loop Time for DT" value="1.000000" />
  <attribute name="Output H" value="8388608"/>
  <attribute name="Output I" value="240"/>
  <attribute name="Output T" value="4"/>
  <attribute name="Target GC Util Change" value ="20.000000" />
  <attribute name="Current GC Util Change" value="85.000000"/>
  <attribute name="GC Util currently" value="85" />
  <attribute name="CPU Util currently" value="19066244324263" />
<exclusive-end id="3143" timestamp="2019-06-17T04:32:10.296" durationms="3.822" />

<exclusive-start id="3144" timestamp="2019-06-17T04:32:10.300" intervalms="7.144">
  <response-info timems="0.079" idlems="0.079" threads="0" lastid="0000000002320700" lastname="main" />
</exclusive-start>
<allocation-taxation id="3145" taxation-threshold="10485760" timestamp="2019-06-17T04:32:10.300" intervalms="7.092" />
<gc-start id="3146" type="global mark phase" contextid="3003" timestamp="2019-06-17T04:32:10.300">
  <mem-info id="3147" free="27262976" total="62914560" percent="43">
    <remembered-set count="29120" freebytes="2394880" totalbytes="2511360" percent="95" regionsoverflowed="0" regionsstable="6" regionsrebuilding="11"/>
  </mem-info>
</gc-start>
<gc-end id="3148" type="global mark phase" contextid="3003" durationms="0.108" usertimems="0.000" systemtimems="0.000" timestamp="2019-06-17T04:32:10.300" activeThreads="4">
  <mem-info id="3149" free="27262976" total="62914560" percent="43">
    <remembered-set count="29120" freebytes="2394880" totalbytes="2511360" percent="95" regionsoverflowed="0" regionsstable="6" regionsrebuilding="11"/>
  </mem-info>
</gc-end>
<concurrent-start id="3150" type="GMP work packet processing" contextid="3003" timestamp="2019-06-17T04:32:10.300">
  <concurrent-mark-start scanTarget="1048576" />
</concurrent-start>
<concurrent-end id="3151" type="GMP work packet processing" contextid="3003" timestamp="2019-06-17T04:32:10.301">
  <concurrent-mark-end bytesScanned="1086732" reasonForTermination="Work target met" />
</concurrent-end>

<exclusive-end id="3152" timestamp="2019-06-17T04:32:10.301" durationms="1.461" />

<exclusive-start id="3153" timestamp="2019-06-17T04:32:10.304" intervalms="4.696">
  <response-info timems="0.028" idlems="0.028" threads="0" lastid="0000000002320700" lastname="main" />
</exclusive-start>
<allocation-taxation id="3154" taxation-threshold="10485760" timestamp="2019-06-17T04:32:10.304" intervalms="4.686" />
<cycle-start id="3155" type="partial gc" contextid="0" timestamp="2019-06-17T04:32:10.305" intervalms="11.765" />
<gc-start id="3156" type="partial gc" contextid="3155" timestamp="2019-06-17T04:32:10.305">
  <mem-info id="3157" free="16777216" total="62914560" percent="26">
    <mem type="eden" free="1048304" total="22020096" percent="4" />
    <remembered-set count="30944" freebytes="2387584" totalbytes="2511360" percent="95" regionsoverflowed="0" regionsstable="6" regionsrebuilding="11"/>
  </mem-info>
</gc-start>
<allocation-stats totalBytes="20960968" >
  <allocated-bytes non-tlh="0" tlh="20960968" arrayletleaf="0"/>
  <largest-consumer threadName="main" threadId="0000000002320700" bytes="10480584" />
</allocation-stats>
<gc-op id="3158" type="copy forward" timems="1.149" contextid="3155" timestamp="2019-06-17T04:32:10.307">
  <memory-copied type="eden" objects="6" bytes="400" bytesdiscarded="0" />
  <memory-copied type="other" objects="0" bytes="0" bytesdiscarded="0" />
  <memory-cardclean objects="16" bytes="528" />
  <regions eden="20" other="1" />
  <remembered-set-cleared processed="29458" cleared="2" durationms="0.276" />
  <stringconstants candidates="13802" cleared="0"  />
</gc-op>
<gc-op id="3159" type="classunload" timems="0.004" contextid="3155" timestamp="2019-06-17T04:32:10.307">
  <classunload-info classloadercandidates="54" classloadersunloaded="0" classesunloaded="0" anonymousclassesunloaded="0" quiescems="0.000" setupms="0.004" scanms="0.000" postms="0.000" />
</gc-op>
<gc-end id="3160" type="partial gc" contextid="3155" durationms="2.172" usertimems="4.000" systemtimems="0.000" timestamp="2019-06-17T04:32:10.307" activeThreads="1">
  <mem-info id="3161" free="37748736" total="62914560" percent="60">
    <mem type="eden" free="1048176" total="1048576" percent="99" />
    <remembered-set count="31424" freebytes="2385664" totalbytes="2511360" percent="94" regionsoverflowed="0" regionsstable="6" regionsrebuilding="11"/>
  </mem-info>
</gc-end>
<cycle-end id="3162" type="partial gc" contextid="3155" timestamp="2019-06-17T04:32:10.307" />
  <attribute name="elasticGC enabled" value="1" />
  <attribute name= "numThreadsSpecified" value="1" />
  <attribute name="heapSize specified" value="0" />
  <attribute name="Current GC Util" value="65" />
  <attribute name= "Current Time Running" value="59742" />
  <attribute name ="GC Interval" value="0" />
  <attribute name="ProportionalT" value="67.500000" />
  <attribute name="ProportionalI" value="67.500000" />
  <attribute name="ProportionalH" value="67.500000" />
  <attribute name="Current Error" value="45.000000" />
  <attribute name="IntegralT" value="0.000000" />
  <attribute name="IntegralI" value="0.000000" />
  <attribute name="IntegralH" value="0.000000" />
  <attribute name="DerivativeT" value="inf" />
  <attribute name="DerivativeI" value="inf" />
  <attribute name="DerivativeH" value="inf" />
  <attribute name="Loop Time for DT" value="0.000000" />
  <attribute name="Output H" value="8388608"/>
  <attribute name="Output I" value="200"/>
  <attribute name="Output T" value="1"/>
  <attribute name="Target GC Util Change" value ="20.000000" />
  <attribute name="Current GC Util Change" value="65.000000"/>
  <attribute name="GC Util currently" value="65" />
  <attribute name="CPU Util currently" value="19438168246324" />
<exclusive-end id="3163" timestamp="2019-06-17T04:32:10.307" durationms="3.022" />

<exclusive-start id="3164" timestamp="2019-06-17T04:32:10.311" intervalms="6.317">
  <response-info timems="0.079" idlems="0.079" threads="0" lastid="0000000002320700" lastname="main" />
</exclusive-start>
<allocation-taxation id="3165" taxation-threshold="10485760" timestamp="2019-06-17T04:32:10.311" intervalms="6.379" />
<gc-start id="3166" type="global mark phase" contextid="3003" timestamp="2019-06-17T04:32:10.311">
  <mem-info id="3167" free="27262976" total="62914560" percent="43">
    <remembered-set count="30944" freebytes="2387584" totalbytes="2511360" percent="95" regionsoverflowed="0" regionsstable="6" regionsrebuilding="11"/>
  </mem-info>
</gc-start>
<gc-end id="3168" type="global mark phase" contextid="3003" durationms="0.137" usertimems="0.000" systemtimems="0.000" timestamp="2019-06-17T04:32:10.311" activeThreads="1">
  <mem-info id="3169" free="27262976" total="62914560" percent="43">
    <remembered-set count="30944" freebytes="2387584" totalbytes="2511360" percent="95" regionsoverflowed="0" regionsstable="6" regionsrebuilding="11"/>
  </mem-info>
</gc-end>
<concurrent-start id="3170" type="GMP work packet processing" contextid="3003" timestamp="2019-06-17T04:32:10.311">
  <concurrent-mark-start scanTarget="1048576" />
</concurrent-start>
<concurrent-end id="3171" type="GMP work packet processing" contextid="3003" timestamp="2019-06-17T04:32:10.312">
  <concurrent-mark-end bytesScanned="1096316" reasonForTermination="Work target met" />
</concurrent-end>

<exclusive-end id="3172" timestamp="2019-06-17T04:32:10.312" durationms="1.503" />

<exclusive-start id="3173" timestamp="2019-06-17T04:32:10.315" intervalms="4.790">
  <response-info timems="0.076" idlems="0.076" threads="0" lastid="0000000002320700" lastname="main" />
</exclusive-start>
<allocation-taxation id="3174" taxation-threshold="10485760" timestamp="2019-06-17T04:32:10.315" intervalms="4.746" />
<cycle-start id="3175" type="partial gc" contextid="0" timestamp="2019-06-17T04:32:10.316" intervalms="11.147" />
<gc-start id="3176" type="partial gc" contextid="3175" timestamp="2019-06-17T04:32:10.316">
  <mem-info id="3177" free="16777216" total="62914560" percent="26">
    <mem type="eden" free="1048176" total="22020096" percent="4" />
    <remembered-set count="34624" freebytes="2372864" totalbytes="2511360" percent="94" regionsoverflowed="0" regionsstable="6" regionsrebuilding="11"/>
  </mem-info>
</gc-start>
<allocation-stats totalBytes="20960328" >
  <allocated-bytes non-tlh="0" tlh="20960328" arrayletleaf="0"/>
  <largest-consumer threadName="main" threadId="0000000002320700" bytes="10480400" />
</allocation-stats>
<gc-op id="3178" type="copy forward" timems="2.087" contextid="3175" timestamp="2019-06-17T04:32:10.319">
  <memory-copied type="eden" objects="6" bytes="272" bytesdiscarded="0" />
  <memory-copied type="other" objects="0" bytes="0" bytesdiscarded="0" />
  <memory-cardclean objects="16" bytes="528" />
  <regions eden="20" other="1" />
  <remembered-set-cleared processed="32712" cleared="2" durationms="0.235" />
  <stringconstants candidates="13802" cleared="0"  />
</gc-op>
<gc-op id="3179" type="classunload" timems="0.018" contextid="3175" timestamp="2019-06-17T04:32:10.319">
  <classunload-info classloadercandidates="54" classloadersunloaded="0" classesunloaded="0" anonymousclassesunloaded="0" quiescems="0.000" setupms="0.017" scanms="0.000" postms="0.000" />
</gc-op>
<gc-end id="3180" type="partial gc" contextid="3175" durationms="3.074" usertimems="4.000" systemtimems="0.000" timestamp="2019-06-17T04:32:10.319" activeThreads="4">
  <mem-info id="3181" free="37748736" total="62914560" percent="60">
    <mem type="eden" free="1048304" total="1048576" percent="99" />
    <remembered-set count="34112" freebytes="2374912" totalbytes="2511360" percent="94" regionsoverflowed="0" regionsstable="6" regionsrebuilding="11"/>
  </mem-info>
</gc-end>
<cycle-end id="3182" type="partial gc" contextid="3175" timestamp="2019-06-17T04:32:10.319" />
  <attribute name="elasticGC enabled" value="1" />
  <attribute name= "numThreadsSpecified" value="4" />
  <attribute name="heapSize specified" value="0" />
  <attribute name="Current GC Util" value="85" />
  <attribute name= "Current Time Running" value="59754" />
  <attribute name ="GC Interval" value="0" />
  <attribute name="ProportionalT" value="97.500000" />
  <attribute name="ProportionalI" value="97.500000" />
  <attribute name="ProportionalH" value="97.500000" />
  <attribute name="Current Error" value="65.000000" />
  <attribute name="IntegralT" value="65.000000" />
  <attribute name="IntegralI" value="65.000000" />
  <attribute name="IntegralH" value="65.000000" />
  <attribute name="DerivativeT" value="79.500000" />
  <attribute name="DerivativeI" value="79.500000" />
  <attribute name="DerivativeH" value="79.500000" />
  <attribute name="Loop Time for DT" value="1.000000" />
  <attribute name="Output H" value="8388608"/>
  <attribute name="Output I" value="248"/>
  <attribute name="Output T" value="4"/>
  <attribute name="Target GC Util Change" value ="20.000000" />
  <attribute name="Current GC Util Change" value="85.000000"/>
  <attribute name="GC Util currently" value="85" />
  <attribute name="CPU Util currently" value="18572442201529" />
<exclusive-end id="3183" timestamp="2019-06-17T04:32:10.319" durationms="3.918" />

<exclusive-start id="3184" timestamp="2019-06-17T04:32:10.323" intervalms="7.164">
  <response-info timems="0.080" idlems="0.080" threads="0" lastid="0000000002320700" lastname="main" />
</exclusive-start>
<allocation-taxation id="3185" taxation-threshold="10485760" timestamp="2019-06-17T04:32:10.323" intervalms="7.209" />
<gc-start id="3186" type="global mark phase" contextid="3003" timestamp="2019-06-17T04:32:10.323">
  <mem-info id="3187" free="27262976" total="62914560" percent="43">
    <remembered-set count="33632" freebytes="2376832" totalbytes="2511360" percent="94" regionsoverflowed="0" regionsstable="6" regionsrebuilding="11"/>
  </mem-info>
</gc-start>
<gc-end id="3188" type="global mark phase" contextid="3003" durationms="0.072" usertimems="0.000" systemtimems="0.000" timestamp="2019-06-17T04:32:10.323" activeThreads="4">
  <mem-info id="3189" free="27262976" total="62914560" percent="43">
    <remembered-set count="33632" freebytes="2376832" totalbytes="2511360" percent="94" regionsoverflowed="0" regionsstable="6" regionsrebuilding="11"/>
  </mem-info>
</gc-end>
<concurrent-start id="3190" type="GMP work packet processing" contextid="3003" timestamp="2019-06-17T04:32:10.323">
  <concurrent-mark-start scanTarget="1048576" />
</concurrent-start>
<concurrent-end id="3191" type="GMP work packet processing" contextid="3003" timestamp="2019-06-17T04:32:10.324">
  <concurrent-mark-end bytesScanned="1084808" reasonForTermination="Work target met" />
</concurrent-end>

<exclusive-end id="3192" timestamp="2019-06-17T04:32:10.324" durationms="1.366" />

<exclusive-start id="3193" timestamp="2019-06-17T04:32:10.327" intervalms="4.698">
  <response-info timems="0.026" idlems="0.026" threads="0" lastid="0000000002320700" lastname="main" />
</exclusive-start>
<allocation-taxation id="3194" taxation-threshold="10485760" timestamp="2019-06-17T04:32:10.327" intervalms="4.611" />
<cycle-start id="3195" type="partial gc" contextid="0" timestamp="2019-06-17T04:32:10.328" intervalms="11.769" />
<gc-start id="3196" type="partial gc" contextid="3195" timestamp="2019-06-17T04:32:10.328">
  <mem-info id="3197" free="16777216" total="62914560" percent="26">
    <mem type="eden" free="1048304" total="22020096" percent="4" />
    <remembered-set count="35328" freebytes="2370048" totalbytes="2511360" percent="94" regionsoverflowed="0" regionsstable="6" regionsrebuilding="11"/>
  </mem-info>
</gc-start>
<allocation-stats totalBytes="20960968" >
  <allocated-bytes non-tlh="0" tlh="20960968" arrayletleaf="0"/>
  <largest-consumer threadName="main" threadId="0000000002320700" bytes="10480584" />
</allocation-stats>
<gc-op id="3198" type="copy forward" timems="1.131" contextid="3195" timestamp="2019-06-17T04:32:10.329">
  <memory-copied type="eden" objects="6" bytes="400" bytesdiscarded="0" />
  <memory-copied type="other" objects="0" bytes="0" bytesdiscarded="0" />
  <memory-cardclean objects="16" bytes="528" />
  <regions eden="20" other="1" />
  <remembered-set-cleared processed="33891" cleared="2" durationms="0.287" />
  <stringconstants candidates="13802" cleared="0"  />
</gc-op>
<gc-op id="3199" type="classunload" timems="0.004" contextid="3195" timestamp="2019-06-17T04:32:10.329">
  <classunload-info classloadercandidates="54" classloadersunloaded="0" classesunloaded="0" anonymousclassesunloaded="0" quiescems="0.000" setupms="0.004" scanms="0.000" postms="0.000" />
</gc-op>
<gc-end id="3200" type="partial gc" contextid="3195" durationms="2.055" usertimems="4.000" systemtimems="0.000" timestamp="2019-06-17T04:32:10.330" activeThreads="1">
  <mem-info id="3201" free="37748736" total="62914560" percent="60">
    <mem type="eden" free="1048176" total="1048576" percent="99" />
    <remembered-set count="35808" freebytes="2368128" totalbytes="2511360" percent="94" regionsoverflowed="0" regionsstable="6" regionsrebuilding="11"/>
  </mem-info>
</gc-end>
<cycle-end id="3202" type="partial gc" contextid="3195" timestamp="2019-06-17T04:32:10.330" />
  <attribute name="elasticGC enabled" value="1" />
  <attribute name= "numThreadsSpecified" value="1" />
  <attribute name="heapSize specified" value="0" />
  <attribute name="Current GC Util" value="82" />
  <attribute name= "Current Time Running" value="59765" />
  <attribute name ="GC Interval" value="0" />
  <attribute name="ProportionalT" value="93.000000" />
  <attribute name="ProportionalI" value="93.000000" />
  <attribute name="ProportionalH" value="93.000000" />
  <attribute name="Current Error" value="62.000000" />
  <attribute name="IntegralT" value="0.000000" />
  <attribute name="IntegralI" value="0.000000" />
  <attribute name="IntegralH" value="0.000000" />
  <attribute name="DerivativeT" value="inf" />
  <attribute name="DerivativeI" value="inf" />
  <attribute name="DerivativeH" value="inf" />
  <attribute name="Loop Time for DT" value="0.000000" />
  <attribute name="Output H" value="8388608"/>
  <attribute name="Output I" value="200"/>
  <attribute name="Output T" value="1"/>
  <attribute name="Target GC Util Change" value ="20.000000" />
  <attribute name="Current GC Util Change" value="82.000000"/>
  <attribute name="GC Util currently" value="82" />
  <attribute name="CPU Util currently" value="19360074800936" />
<exclusive-end id="3203" timestamp="2019-06-17T04:32:10.330" durationms="2.803" />

<exclusive-start id="3204" timestamp="2019-06-17T04:32:10.333" intervalms="6.058">
  <response-info timems="0.071" idlems="0.071" threads="0" lastid="0000000002320700" lastname="main" />
</exclusive-start>
<allocation-taxation id="3205" taxation-threshold="10485760" timestamp="2019-06-17T04:32:10.333" intervalms="6.052" />
<gc-start id="3206" type="global mark phase" contextid="3003" timestamp="2019-06-17T04:32:10.334">
  <mem-info id="3207" free="27262976" total="62914560" percent="43">
    <remembered-set count="35328" freebytes="2370048" totalbytes="2511360" percent="94" regionsoverflowed="0" regionsstable="6" regionsrebuilding="11"/>
  </mem-info>
</gc-start>
<gc-end id="3208" type="global mark phase" contextid="3003" durationms="0.058" usertimems="0.000" systemtimems="0.000" timestamp="2019-06-17T04:32:10.334" activeThreads="1">
  <mem-info id="3209" free="27262976" total="62914560" percent="43">
    <remembered-set count="35328" freebytes="2370048" totalbytes="2511360" percent="94" regionsoverflowed="0" regionsstable="6" regionsrebuilding="11"/>
  </mem-info>
</gc-end>
<concurrent-start id="3210" type="GMP work packet processing" contextid="3003" timestamp="2019-06-17T04:32:10.334">
  <concurrent-mark-start scanTarget="1048576" />
</concurrent-start>
<concurrent-end id="3212" type="GMP work packet processing" contextid="3003" timestamp="2019-06-17T04:32:10.334">
  <concurrent-mark-end bytesScanned="1085516" reasonForTermination="Work target met" />
</concurrent-end>

<exclusive-end id="3211" timestamp="2019-06-17T04:32:10.334" durationms="1.158" />

<exclusive-start id="3213" timestamp="2019-06-17T04:32:10.338" intervalms="4.453">
  <response-info timems="0.028" idlems="0.028" threads="0" lastid="0000000002320700" lastname="main" />
</exclusive-start>
<allocation-taxation id="3214" taxation-threshold="10485760" timestamp="2019-06-17T04:32:10.338" intervalms="4.454" />
<cycle-start id="3215" type="partial gc" contextid="0" timestamp="2019-06-17T04:32:10.338" intervalms="10.503" />
<gc-start id="3216" type="partial gc" contextid="3215" timestamp="2019-06-17T04:32:10.338">
  <mem-info id="3217" free="16777216" total="62914560" percent="26">
    <mem type="eden" free="1048176" total="22020096" percent="4" />
    <remembered-set count="43744" freebytes="2336384" totalbytes="2511360" percent="93" regionsoverflowed="0" regionsstable="6" regionsrebuilding="11"/>
  </mem-info>
</gc-start>
<allocation-stats totalBytes="20960328" >
  <allocated-bytes non-tlh="0" tlh="20960328" arrayletleaf="0"/>
  <largest-consumer threadName="main" threadId="0000000002320700" bytes="10480400" />
</allocation-stats>
<gc-op id="3218" type="copy forward" timems="1.726" contextid="3215" timestamp="2019-06-17T04:32:10.340">
  <memory-copied type="eden" objects="6" bytes="272" bytesdiscarded="0" />
  <memory-copied type="other" objects="0" bytes="0" bytesdiscarded="0" />
  <memory-cardclean objects="16" bytes="528" />
  <regions eden="20" other="1" />
  <remembered-set-cleared processed="41682" cleared="2" durationms="0.226" />
  <stringconstants candidates="13802" cleared="0"  />
</gc-op>
<gc-op id="3219" type="classunload" timems="0.004" contextid="3215" timestamp="2019-06-17T04:32:10.341">
  <classunload-info classloadercandidates="54" classloadersunloaded="0" classesunloaded="0" anonymousclassesunloaded="0" quiescems="0.000" setupms="0.004" scanms="0.000" postms="0.000" />
</gc-op>
<gc-end id="3220" type="partial gc" contextid="3215" durationms="2.565" usertimems="4.000" systemtimems="0.000" timestamp="2019-06-17T04:32:10.341" activeThreads="4">
  <mem-info id="3221" free="37748736" total="62914560" percent="60">
    <mem type="eden" free="1048304" total="1048576" percent="99" />
    <remembered-set count="43200" freebytes="2338560" totalbytes="2511360" percent="93" regionsoverflowed="0" regionsstable="6" regionsrebuilding="11"/>
  </mem-info>
</gc-end>
<cycle-end id="3222" type="partial gc" contextid="3215" timestamp="2019-06-17T04:32:10.341" />
  <attribute name="elasticGC enabled" value="1" />
  <attribute name= "numThreadsSpecified" value="4" />
  <attribute name="heapSize specified" value="0" />
  <attribute name="Current GC Util" value="82" />
  <attribute name= "Current Time Running" value="59776" />
  <attribute name ="GC Interval" value="0" />
  <attribute name="ProportionalT" value="93.000000" />
  <attribute name="ProportionalI" value="93.000000" />
  <attribute name="ProportionalH" value="93.000000" />
  <attribute name="Current Error" value="62.000000" />
  <attribute name="IntegralT" value="62.000000" />
  <attribute name="IntegralI" value="62.000000" />
  <attribute name="IntegralH" value="62.000000" />
  <attribute name="DerivativeT" value="69.000000" />
  <attribute name="DerivativeI" value="69.000000" />
  <attribute name="DerivativeH" value="69.000000" />
  <attribute name="Loop Time for DT" value="1.000000" />
  <attribute name="Output H" value="8388608"/>
  <attribute name="Output I" value="224"/>
  <attribute name="Output T" value="4"/>
  <attribute name="Target GC Util Change" value ="20.000000" />
  <attribute name="Current GC Util Change" value="82.000000"/>
  <attribute name="GC Util currently" value="82" />
  <attribute name="CPU Util currently" value="19376343360818" />
<exclusive-end id="3223" timestamp="2019-06-17T04:32:10.341" durationms="3.186" />

<exclusive-start id="3224" timestamp="2019-06-17T04:32:10.344" intervalms="6.443">
  <response-info timems="0.068" idlems="0.068" threads="0" lastid="0000000002320700" lastname="main" />
</exclusive-start>
<allocation-taxation id="3225" taxation-threshold="10485760" timestamp="2019-06-17T04:32:10.344" intervalms="6.509" />
<gc-start id="3226" type="global mark phase" contextid="3003" timestamp="2019-06-17T04:32:10.345">
  <mem-info id="3227" free="27262976" total="62914560" percent="43">
    <remembered-set count="42720" freebytes="2340480" totalbytes="2511360" percent="93" regionsoverflowed="0" regionsstable="6" regionsrebuilding="11"/>
  </mem-info>
</gc-start>
<gc-end id="3228" type="global mark phase" contextid="3003" durationms="0.099" usertimems="0.000" systemtimems="0.000" timestamp="2019-06-17T04:32:10.345" activeThreads="4">
  <mem-info id="3229" free="27262976" total="62914560" percent="43">
    <remembered-set count="42720" freebytes="2340480" totalbytes="2511360" percent="93" regionsoverflowed="0" regionsstable="6" regionsrebuilding="11"/>
  </mem-info>
</gc-end>
<concurrent-start id="3230" type="GMP work packet processing" contextid="3003" timestamp="2019-06-17T04:32:10.345">
  <concurrent-mark-start scanTarget="1048576" />
</concurrent-start>
<exclusive-end id="3231" timestamp="2019-06-17T04:32:10.345" durationms="1.277" />

<concurrent-end id="3232" type="GMP work packet processing" contextid="3003" timestamp="2019-06-17T04:32:10.345">
  <concurrent-mark-end bytesScanned="1090260" reasonForTermination="Work target met" />
</concurrent-end>

<exclusive-start id="3233" timestamp="2019-06-17T04:32:10.349" intervalms="4.625">
  <response-info timems="0.071" idlems="0.071" threads="0" lastid="0000000002320700" lastname="main" />
</exclusive-start>
<allocation-taxation id="3234" taxation-threshold="10485760" timestamp="2019-06-17T04:32:10.349" intervalms="4.616" />
<cycle-start id="3235" type="partial gc" contextid="0" timestamp="2019-06-17T04:32:10.349" intervalms="11.190" />
<gc-start id="3236" type="partial gc" contextid="3235" timestamp="2019-06-17T04:32:10.349">
  <mem-info id="3237" free="16777216" total="62914560" percent="26">
    <mem type="eden" free="1048304" total="22020096" percent="4" />
    <remembered-set count="45952" freebytes="2327552" totalbytes="2511360" percent="92" regionsoverflowed="0" regionsstable="6" regionsrebuilding="11"/>
  </mem-info>
</gc-start>
<allocation-stats totalBytes="20960968" >
  <allocated-bytes non-tlh="0" tlh="20960968" arrayletleaf="0"/>
  <largest-consumer threadName="main" threadId="0000000002320700" bytes="10480584" />
</allocation-stats>
<gc-op id="3238" type="copy forward" timems="1.131" contextid="3235" timestamp="2019-06-17T04:32:10.351">
  <memory-copied type="eden" objects="6" bytes="400" bytesdiscarded="0" />
  <memory-copied type="other" objects="0" bytes="0" bytesdiscarded="0" />
  <memory-cardclean objects="16" bytes="528" />
  <regions eden="20" other="1" />
  <remembered-set-cleared processed="44063" cleared="2" durationms="0.328" />
  <stringconstants candidates="13802" cleared="0"  />
</gc-op>
<gc-op id="3239" type="classunload" timems="0.004" contextid="3235" timestamp="2019-06-17T04:32:10.351">
  <classunload-info classloadercandidates="54" classloadersunloaded="0" classesunloaded="0" anonymousclassesunloaded="0" quiescems="0.000" setupms="0.004" scanms="0.000" postms="0.000" />
</gc-op>
<gc-end id="3240" type="partial gc" contextid="3235" durationms="2.073" usertimems="0.000" systemtimems="0.000" timestamp="2019-06-17T04:32:10.351" activeThreads="1">
  <mem-info id="3241" free="37748736" total="62914560" percent="60">
    <mem type="eden" free="1048176" total="1048576" percent="99" />
    <remembered-set count="46432" freebytes="2325632" totalbytes="2511360" percent="92" regionsoverflowed="0" regionsstable="6" regionsrebuilding="11"/>
  </mem-info>
</gc-end>
<cycle-end id="3242" type="partial gc" contextid="3235" timestamp="2019-06-17T04:32:10.352" />
  <attribute name="elasticGC enabled" value="1" />
  <attribute name= "numThreadsSpecified" value="1" />
  <attribute name="heapSize specified" value="0" />
  <attribute name="Current GC Util" value="73" />
  <attribute name= "Current Time Running" value="59787" />
  <attribute name ="GC Interval" value="0" />
  <attribute name="ProportionalT" value="79.500000" />
  <attribute name="ProportionalI" value="79.500000" />
  <attribute name="ProportionalH" value="79.500000" />
  <attribute name="Current Error" value="53.000000" />
  <attribute name="IntegralT" value="0.000000" />
  <attribute name="IntegralI" value="0.000000" />
  <attribute name="IntegralH" value="0.000000" />
  <attribute name="DerivativeT" value="inf" />
  <attribute name="DerivativeI" value="inf" />
  <attribute name="DerivativeH" value="inf" />
  <attribute name="Loop Time for DT" value="0.000000" />
  <attribute name="Output H" value="8388608"/>
  <attribute name="Output I" value="200"/>
  <attribute name="Output T" value="1"/>
  <attribute name="Target GC Util Change" value ="20.000000" />
  <attribute name="Current GC Util Change" value="73.000000"/>
  <attribute name="GC Util currently" value="73" />
  <attribute name="CPU Util currently" value="22286858836121" />
<exclusive-end id="3243" timestamp="2019-06-17T04:32:10.352" durationms="2.926" />

<exclusive-start id="3244" timestamp="2019-06-17T04:32:10.355" intervalms="6.248">
  <response-info timems="0.061" idlems="0.061" threads="0" lastid="0000000002320700" lastname="main" />
</exclusive-start>
<allocation-taxation id="3245" taxation-threshold="10485760" timestamp="2019-06-17T04:32:10.355" intervalms="6.248" />
<gc-start id="3246" type="global mark phase" contextid="3003" timestamp="2019-06-17T04:32:10.355">
  <mem-info id="3247" free="27262976" total="62914560" percent="43">
    <remembered-set count="45952" freebytes="2327552" totalbytes="2511360" percent="92" regionsoverflowed="0" regionsstable="6" regionsrebuilding="11"/>
  </mem-info>
</gc-start>
<gc-end id="3248" type="global mark phase" contextid="3003" durationms="0.060" usertimems="0.000" systemtimems="0.000" timestamp="2019-06-17T04:32:10.356" activeThreads="1">
  <mem-info id="3249" free="27262976" total="62914560" percent="43">
    <remembered-set count="45952" freebytes="2327552" totalbytes="2511360" percent="92" regionsoverflowed="0" regionsstable="6" regionsrebuilding="11"/>
  </mem-info>
</gc-end>
<concurrent-start id="3250" type="GMP work packet processing" contextid="3003" timestamp="2019-06-17T04:32:10.356">
  <concurrent-mark-start scanTarget="1048576" />
</concurrent-start>
<exclusive-end id="3251" timestamp="2019-06-17T04:32:10.356" durationms="0.996" />

<concurrent-end id="3252" type="GMP work packet processing" contextid="3003" timestamp="2019-06-17T04:32:10.356">
  <concurrent-mark-end bytesScanned="395036" reasonForTermination="Completed all work in GC phase" />
</concurrent-end>

<exclusive-start id="3253" timestamp="2019-06-17T04:32:10.359" intervalms="4.262">
  <response-info timems="0.044" idlems="0.044" threads="0" lastid="0000000002320700" lastname="main" />
</exclusive-start>
<allocation-taxation id="3254" taxation-threshold="10485760" timestamp="2019-06-17T04:32:10.359" intervalms="4.204" />
<cycle-start id="3255" type="partial gc" contextid="0" timestamp="2019-06-17T04:32:10.360" intervalms="10.435" />
<gc-start id="3256" type="partial gc" contextid="3255" timestamp="2019-06-17T04:32:10.360">
  <mem-info id="3257" free="16777216" total="62914560" percent="26">
    <mem type="eden" free="1048176" total="22020096" percent="4" />
    <remembered-set count="47296" freebytes="2322176" totalbytes="2511360" percent="92" regionsoverflowed="0" regionsstable="6" regionsrebuilding="11"/>
  </mem-info>
</gc-start>
<allocation-stats totalBytes="20960328" >
  <allocated-bytes non-tlh="0" tlh="20960328" arrayletleaf="0"/>
  <largest-consumer threadName="main" threadId="0000000002320700" bytes="10480400" />
</allocation-stats>
<gc-op id="3258" type="copy forward" timems="1.106" contextid="3255" timestamp="2019-06-17T04:32:10.361">
  <memory-copied type="eden" objects="6" bytes="272" bytesdiscarded="0" />
  <memory-copied type="other" objects="0" bytes="0" bytesdiscarded="0" />
  <memory-cardclean objects="16" bytes="528" />
  <regions eden="20" other="1" />
  <remembered-set-cleared processed="45614" cleared="2" durationms="0.338" />
  <stringconstants candidates="13802" cleared="0"  />
</gc-op>
<gc-op id="3259" type="classunload" timems="0.004" contextid="3255" timestamp="2019-06-17T04:32:10.362">
  <classunload-info classloadercandidates="54" classloadersunloaded="0" classesunloaded="0" anonymousclassesunloaded="0" quiescems="0.000" setupms="0.004" scanms="0.000" postms="0.000" />
</gc-op>
<gc-end id="3260" type="partial gc" contextid="3255" durationms="2.034" usertimems="4.000" systemtimems="0.000" timestamp="2019-06-17T04:32:10.362" activeThreads="1">
  <mem-info id="3261" free="37748736" total="62914560" percent="60">
    <mem type="eden" free="1048304" total="1048576" percent="99" />
    <remembered-set count="47776" freebytes="2320256" totalbytes="2511360" percent="92" regionsoverflowed="0" regionsstable="6" regionsrebuilding="11"/>
  </mem-info>
</gc-end>
<cycle-end id="3262" type="partial gc" contextid="3255" timestamp="2019-06-17T04:32:10.362" />
  <attribute name="elasticGC enabled" value="1" />
  <attribute name= "numThreadsSpecified" value="1" />
  <attribute name="heapSize specified" value="0" />
  <attribute name="Current GC Util" value="83" />
  <attribute name= "Current Time Running" value="59797" />
  <attribute name ="GC Interval" value="0" />
  <attribute name="ProportionalT" value="94.500000" />
  <attribute name="ProportionalI" value="94.500000" />
  <attribute name="ProportionalH" value="94.500000" />
  <attribute name="Current Error" value="63.000000" />
  <attribute name="IntegralT" value="0.000000" />
  <attribute name="IntegralI" value="0.000000" />
  <attribute name="IntegralH" value="0.000000" />
  <attribute name="DerivativeT" value="inf" />
  <attribute name="DerivativeI" value="inf" />
  <attribute name="DerivativeH" value="inf" />
  <attribute name="Loop Time for DT" value="0.000000" />
  <attribute name="Output H" value="8388608"/>
  <attribute name="Output I" value="200"/>
  <attribute name="Output T" value="1"/>
  <attribute name="Target GC Util Change" value ="20.000000" />
  <attribute name="Current GC Util Change" value="83.000000"/>
  <attribute name="GC Util currently" value="83" />
  <attribute name="CPU Util currently" value="19467708410846" />
<exclusive-end id="3263" timestamp="2019-06-17T04:32:10.362" durationms="2.821" />

<exclusive-start id="3264" timestamp="2019-06-17T04:32:10.365" intervalms="6.135">
  <response-info timems="0.080" idlems="0.080" threads="0" lastid="0000000002320700" lastname="main" />
</exclusive-start>
<allocation-taxation id="3265" taxation-threshold="10485760" timestamp="2019-06-17T04:32:10.366" intervalms="6.194" />
<gc-start id="3266" type="global mark phase" contextid="3003" timestamp="2019-06-17T04:32:10.366">
  <mem-info id="3267" free="27262976" total="62914560" percent="43">
    <remembered-set count="47296" freebytes="2322176" totalbytes="2511360" percent="92" regionsoverflowed="0" regionsstable="6" regionsrebuilding="11"/>
  </mem-info>
</gc-start>
<gc-op id="3268" type="mark increment" timems="1.076" contextid="3003" timestamp="2019-06-17T04:32:10.367">
  <trace-info objectcount="116" scancount="115" scanbytes="3764" />
  <cardclean-info objects="144" bytes="12824" />
  <finalization candidates="79" enqueued="0" />
  <ownableSynchronizers candidates="23" cleared="0" />
  <references type="soft" candidates="4654" cleared="125" enqueued="123" dynamicThreshold="19" maxThreshold="32" />
  <references type="weak" candidates="5733" cleared="7" enqueued="3" />
  <references type="phantom" candidates="100" cleared="0" enqueued="0" />
  <stringconstants candidates="13802" cleared="0"  />
</gc-op>
<gc-op id="3269" type="classunload" timems="0.004" contextid="3003" timestamp="2019-06-17T04:32:10.367">
  <classunload-info classloadercandidates="54" classloadersunloaded="0" classesunloaded="0" anonymousclassesunloaded="0" quiescems="0.000" setupms="0.004" scanms="0.000" postms="0.000" />
</gc-op>
<gc-end id="3270" type="global mark phase" contextid="3003" durationms="1.368" usertimems="0.000" systemtimems="0.000" timestamp="2019-06-17T04:32:10.367" activeThreads="4">
  <mem-info id="3271" free="27262976" total="62914560" percent="43">
    <pending-finalizers system="0" default="0" reference="126" classloader="0" />
    <remembered-set count="47808" freebytes="2320128" totalbytes="2511360" percent="92" regionsoverflowed="0" regionsstable="6" regionsrebuilding="0"/>
  </mem-info>
</gc-end>
<cycle-end id="3272" type="global mark phase" contextid="3003" timestamp="2019-06-17T04:32:10.367" />
  <attribute name="elasticGC enabled" value="1" />
  <attribute name= "numThreadsSpecified" value="4" />
  <attribute name="heapSize specified" value="0" />
  <attribute name="Current GC Util" value="0" />
  <attribute name= "Current Time Running" value="59803" />
  <attribute name ="GC Interval" value="0" />
  <attribute name="ProportionalT" value="-30.000000" />
  <attribute name="ProportionalI" value="-30.000000" />
  <attribute name="ProportionalH" value="-30.000000" />
  <attribute name="Current Error" value="-20.000000" />
  <attribute name="IntegralT" value="0.000000" />
  <attribute name="IntegralI" value="0.000000" />
  <attribute name="IntegralH" value="0.000000" />
  <attribute name="DerivativeT" value="-inf" />
  <attribute name="DerivativeI" value="-inf" />
  <attribute name="DerivativeH" value="-inf" />
  <attribute name="Loop Time for DT" value="0.000000" />
  <attribute name="Output H" value="2091843584"/>
  <attribute name="Output I" value="200"/>
  <attribute name="Output T" value="4"/>
  <attribute name="Target GC Util Change" value ="20.000000" />
  <attribute name="Current GC Util Change" value="0.000000"/>
  <attribute name="GC Util currently" value="0" />
  <attribute name="CPU Util currently" value="72792341094184" />
<exclusive-end id="3273" timestamp="2019-06-17T04:32:10.367" durationms="1.910" />

<exclusive-start id="3274" timestamp="2019-06-17T04:32:10.372" intervalms="6.403">
  <response-info timems="0.071" idlems="0.071" threads="0" lastid="0000000002320700" lastname="main" />
</exclusive-start>
<allocation-taxation id="3275" taxation-threshold="10485760" timestamp="2019-06-17T04:32:10.372" intervalms="6.407" />
<cycle-start id="3276" type="partial gc" contextid="0" timestamp="2019-06-17T04:32:10.372" intervalms="12.594" />
<gc-start id="3277" type="partial gc" contextid="3276" timestamp="2019-06-17T04:32:10.372">
  <mem-info id="3278" free="16777216" total="62914560" percent="26">
    <mem type="eden" free="1048304" total="22020096" percent="4" />
    <remembered-set count="992" freebytes="2507392" totalbytes="2511360" percent="99" regionsoverflowed="0" regionsstable="17" regionsrebuilding="0"/>
  </mem-info>
</gc-start>
<allocation-stats totalBytes="20960992" >
  <allocated-bytes non-tlh="0" tlh="20960992" arrayletleaf="0"/>
  <largest-consumer threadName="main" threadId="0000000002320700" bytes="10480608" />
</allocation-stats>
<gc-op id="3279" type="sweep" timems="0.631" contextid="3276" timestamp="2019-06-17T04:32:10.373" />
<gc-op id="3280" type="copy forward" timems="1.228" contextid="3276" timestamp="2019-06-17T04:32:10.375">
  <memory-copied type="eden" objects="27" bytes="1360" bytesdiscarded="232" />
  <memory-copied type="other" objects="0" bytes="0" bytesdiscarded="0" />
  <memory-cardclean objects="640" bytes="22296" />
  <regions eden="10" other="1" />
  <remembered-set-cleared processed="271" cleared="8" durationms="0.101" />
  <stringconstants candidates="13802" cleared="0"  />
</gc-op>
<gc-op id="3281" type="classunload" timems="0.003" contextid="3276" timestamp="2019-06-17T04:32:10.375">
  <classunload-info classloadercandidates="54" classloadersunloaded="0" classesunloaded="0" anonymousclassesunloaded="0" quiescems="0.000" setupms="0.003" scanms="0.000" postms="0.000" />
</gc-op>
<gc-end id="3282" type="partial gc" contextid="3276" durationms="2.944" usertimems="8.000" systemtimems="0.000" timestamp="2019-06-17T04:32:10.375" activeThreads="4">
  <mem-info id="3283" free="37748736" total="62914560" percent="60">
    <mem type="eden" free="1046984" total="1048576" percent="99" />
    <remembered-set count="1504" freebytes="2505344" totalbytes="2511360" percent="99" regionsoverflowed="0" regionsstable="17" regionsrebuilding="0"/>
  </mem-info>
</gc-end>
<cycle-end id="3284" type="partial gc" contextid="3276" timestamp="2019-06-17T04:32:10.375" />
  <attribute name="elasticGC enabled" value="1" />
  <attribute name= "numThreadsSpecified" value="4" />
  <attribute name="heapSize specified" value="0" />
  <attribute name="Current GC Util" value="63" />
  <attribute name= "Current Time Running" value="59811" />
  <attribute name ="GC Interval" value="0" />
  <attribute name="ProportionalT" value="64.500000" />
  <attribute name="ProportionalI" value="64.500000" />
  <attribute name="ProportionalH" value="64.500000" />
  <attribute name="Current Error" value="43.000000" />
  <attribute name="IntegralT" value="0.000000" />
  <attribute name="IntegralI" value="0.000000" />
  <attribute name="IntegralH" value="0.000000" />
  <attribute name="DerivativeT" value="-inf" />
  <attribute name="DerivativeI" value="-inf" />
  <attribute name="DerivativeH" value="-inf" />
  <attribute name="Loop Time for DT" value="0.000000" />
  <attribute name="Output H" value="2091843584"/>
  <attribute name="Output I" value="200"/>
  <attribute name="Output T" value="4"/>
  <attribute name="Target GC Util Change" value ="20.000000" />
  <attribute name="Current GC Util Change" value="63.000000"/>
  <attribute name="GC Util currently" value="63" />
  <attribute name="CPU Util currently" value="21515449432011" />
<exclusive-end id="3285" timestamp="2019-06-17T04:32:10.376" durationms="3.712" />

<exclusive-start id="3286" timestamp="2019-06-17T04:32:10.383" intervalms="10.914">
  <response-info timems="0.069" idlems="0.069" threads="0" lastid="0000000002320700" lastname="main" />
</exclusive-start>
<allocation-taxation id="3287" taxation-threshold="22020096" timestamp="2019-06-17T04:32:10.383" intervalms="10.915" />
<cycle-start id="3288" type="partial gc" contextid="0" timestamp="2019-06-17T04:32:10.383" intervalms="10.935" />
<gc-start id="3289" type="partial gc" contextid="3288" timestamp="2019-06-17T04:32:10.383">
  <mem-info id="3290" free="15728640" total="62914560" percent="25">
    <mem type="eden" free="1046984" total="23068672" percent="4" />
    <remembered-set count="1024" freebytes="2507264" totalbytes="2511360" percent="99" regionsoverflowed="0" regionsstable="17" regionsrebuilding="0"/>
  </mem-info>
</gc-start>
<allocation-stats totalBytes="22002944" >
  <allocated-bytes non-tlh="0" tlh="22002944" arrayletleaf="0"/>
  <largest-consumer threadName="main" threadId="0000000002320700" bytes="22002944" />
</allocation-stats>
<gc-op id="3291" type="copy forward" timems="0.786" contextid="3288" timestamp="2019-06-17T04:32:10.385">
  <memory-copied type="eden" objects="6" bytes="432" bytesdiscarded="0" />
  <memory-copied type="other" objects="66" bytes="2264" bytesdiscarded="0" />
  <memory-cardclean objects="94" bytes="3400" />
  <regions eden="21" other="3" />
  <remembered-set-cleared processed="262" cleared="6" durationms="0.089" />
  <stringconstants candidates="13802" cleared="0"  />
</gc-op>
<gc-op id="3292" type="classunload" timems="0.003" contextid="3288" timestamp="2019-06-17T04:32:10.385">
  <classunload-info classloadercandidates="54" classloadersunloaded="0" classesunloaded="0" anonymousclassesunloaded="0" quiescems="0.000" setupms="0.003" scanms="0.000" postms="0.000" />
</gc-op>
<heap-resize id="3293" type="expand" space="default" amount="3145728" count="1" timems="0.056" reason="excessive time being spent in gc" timestamp="2019-06-17T04:32:10.385" />
<gc-end id="3294" type="partial gc" contextid="3288" durationms="1.864" usertimems="0.000" systemtimems="4.000" timestamp="2019-06-17T04:32:10.385" activeThreads="1">
  <mem-info id="3295" free="39845888" total="66060288" percent="60">
    <mem type="eden" free="2095776" total="2097152" percent="99" />
    <remembered-set count="1408" freebytes="2631296" totalbytes="2636928" percent="99" regionsoverflowed="0" regionsstable="17" regionsrebuilding="0"/>
  </mem-info>
</gc-end>
<cycle-end id="3296" type="partial gc" contextid="3288" timestamp="2019-06-17T04:32:10.385" />
  <attribute name="elasticGC enabled" value="1" />
  <attribute name= "numThreadsSpecified" value="1" />
  <attribute name="heapSize specified" value="0" />
  <attribute name="Current GC Util" value="93" />
  <attribute name= "Current Time Running" value="59821" />
  <attribute name ="GC Interval" value="0" />
  <attribute name="ProportionalT" value="109.500000" />
  <attribute name="ProportionalI" value="109.500000" />
  <attribute name="ProportionalH" value="109.500000" />
  <attribute name="Current Error" value="73.000000" />
  <attribute name="IntegralT" value="0.000000" />
  <attribute name="IntegralI" value="0.000000" />
  <attribute name="IntegralH" value="0.000000" />
  <attribute name="DerivativeT" value="inf" />
  <attribute name="DerivativeI" value="inf" />
  <attribute name="DerivativeH" value="inf" />
  <attribute name="Loop Time for DT" value="0.000000" />
  <attribute name="Output H" value="8388608"/>
  <attribute name="Output I" value="200"/>
  <attribute name="Output T" value="1"/>
  <attribute name="Target GC Util Change" value ="20.000000" />
  <attribute name="Current GC Util Change" value="93.000000"/>
  <attribute name="GC Util currently" value="93" />
  <attribute name="CPU Util currently" value="21911369684567" />
<exclusive-end id="3297" timestamp="2019-06-17T04:32:10.385" durationms="2.700" />

<exclusive-start id="3298" timestamp="2019-06-17T04:32:10.393" intervalms="10.303">
  <response-info timems="0.098" idlems="0.098" threads="0" lastid="0000000002320700" lastname="main" />
</exclusive-start>
<allocation-taxation id="3299" taxation-threshold="23068672" timestamp="2019-06-17T04:32:10.393" intervalms="10.227" />
<cycle-start id="3300" type="partial gc" contextid="0" timestamp="2019-06-17T04:32:10.393" intervalms="10.181" />
<gc-start id="3301" type="partial gc" contextid="3300" timestamp="2019-06-17T04:32:10.394">
  <mem-info id="3302" free="16777216" total="66060288" percent="25">
    <mem type="eden" free="1048144" total="24117248" percent="4" />
    <remembered-set count="1024" freebytes="2632832" totalbytes="2636928" percent="99" regionsoverflowed="0" regionsstable="17" regionsrebuilding="0"/>
  </mem-info>
</gc-start>
<allocation-stats totalBytes="23048760" >
  <allocated-bytes non-tlh="0" tlh="23048760" arrayletleaf="0"/>
  <largest-consumer threadName="main" threadId="0000000002320700" bytes="23048760" />
</allocation-stats>
<gc-op id="3303" type="copy forward" timems="1.384" contextid="3300" timestamp="2019-06-17T04:32:10.396">
  <memory-copied type="eden" objects="6" bytes="192" bytesdiscarded="0" />
  <memory-copied type="other" objects="2348" bytes="140072" bytesdiscarded="376" />
  <memory-cardclean objects="358" bytes="25184" />
  <regions eden="22" other="3" />
  <remembered-set-cleared processed="220" cleared="20" durationms="0.090" />
  <references type="soft" candidates="13" cleared="0" enqueued="0" dynamicThreshold="19" maxThreshold="32" />
  <references type="weak" candidates="99" cleared="0" enqueued="0" />
  <stringconstants candidates="13802" cleared="0"  />
</gc-op>
<gc-op id="3304" type="classunload" timems="0.003" contextid="3300" timestamp="2019-06-17T04:32:10.396">
  <classunload-info classloadercandidates="54" classloadersunloaded="0" classesunloaded="0" anonymousclassesunloaded="0" quiescems="0.000" setupms="0.003" scanms="0.000" postms="0.000" />
</gc-op>
<gc-end id="3305" type="partial gc" contextid="3300" durationms="2.383" usertimems="0.000" systemtimems="0.000" timestamp="2019-06-17T04:32:10.396" activeThreads="1">
  <mem-info id="3306" free="40894464" total="66060288" percent="61">
    <mem type="eden" free="1048384" total="1048576" percent="99" />
    <remembered-set count="1312" freebytes="2631680" totalbytes="2636928" percent="99" regionsoverflowed="0" regionsstable="17" regionsrebuilding="0"/>
  </mem-info>
</gc-end>
<cycle-end id="3307" type="partial gc" contextid="3300" timestamp="2019-06-17T04:32:10.396" />
  <attribute name="elasticGC enabled" value="1" />
  <attribute name= "numThreadsSpecified" value="1" />
  <attribute name="heapSize specified" value="0" />
  <attribute name="Current GC Util" value="91" />
  <attribute name= "Current Time Running" value="59831" />
  <attribute name ="GC Interval" value="0" />
  <attribute name="ProportionalT" value="106.500000" />
  <attribute name="ProportionalI" value="106.500000" />
  <attribute name="ProportionalH" value="106.500000" />
  <attribute name="Current Error" value="71.000000" />
  <attribute name="IntegralT" value="0.000000" />
  <attribute name="IntegralI" value="0.000000" />
  <attribute name="IntegralH" value="0.000000" />
  <attribute name="DerivativeT" value="inf" />
  <attribute name="DerivativeI" value="inf" />
  <attribute name="DerivativeH" value="inf" />
  <attribute name="Loop Time for DT" value="0.000000" />
  <attribute name="Output H" value="8388608"/>
  <attribute name="Output I" value="200"/>
  <attribute name="Output T" value="1"/>
  <attribute name="Target GC Util Change" value ="20.000000" />
  <attribute name="Current GC Util Change" value="91.000000"/>
  <attribute name="GC Util currently" value="91" />
  <attribute name="CPU Util currently" value="19097510683925" />
<exclusive-end id="3308" timestamp="2019-06-17T04:32:10.396" durationms="3.168" />

<exclusive-start id="3309" timestamp="2019-06-17T04:32:10.404" intervalms="10.716">
  <response-info timems="0.077" idlems="0.077" threads="0" lastid="0000000002320700" lastname="main" />
</exclusive-start>
<allocation-taxation id="3310" taxation-threshold="23068672" timestamp="2019-06-17T04:32:10.404" intervalms="10.791" />
<cycle-start id="3311" type="partial gc" contextid="0" timestamp="2019-06-17T04:32:10.404" intervalms="10.781" />
<gc-start id="3312" type="partial gc" contextid="3311" timestamp="2019-06-17T04:32:10.404">
  <mem-info id="3313" free="17825792" total="66060288" percent="26">
    <mem type="eden" free="1048384" total="24117248" percent="4" />
    <remembered-set count="960" freebytes="2633088" totalbytes="2636928" percent="99" regionsoverflowed="0" regionsstable="17" regionsrebuilding="0"/>
  </mem-info>
</gc-start>
<allocation-stats totalBytes="23048632" >
  <allocated-bytes non-tlh="0" tlh="23048632" arrayletleaf="0"/>
  <largest-consumer threadName="main" threadId="0000000002320700" bytes="23048632" />
</allocation-stats>
<gc-op id="3314" type="copy forward" timems="0.809" contextid="3311" timestamp="2019-06-17T04:32:10.406">
  <memory-copied type="eden" objects="6" bytes="248" bytesdiscarded="0" />
  <memory-copied type="other" objects="49" bytes="1440" bytesdiscarded="0" />
  <memory-cardclean objects="72" bytes="11464" />
  <regions eden="22" other="2" />
  <remembered-set-cleared processed="260" cleared="8" durationms="0.090" />
  <references type="weak" candidates="30" cleared="0" enqueued="0" />
  <stringconstants candidates="13802" cleared="0"  />
</gc-op>
<gc-op id="3315" type="classunload" timems="0.004" contextid="3311" timestamp="2019-06-17T04:32:10.406">
  <classunload-info classloadercandidates="54" classloadersunloaded="0" classesunloaded="0" anonymousclassesunloaded="0" quiescems="0.000" setupms="0.004" scanms="0.000" postms="0.000" />
</gc-op>
<gc-end id="3316" type="partial gc" contextid="3311" durationms="1.775" usertimems="4.000" systemtimems="0.000" timestamp="2019-06-17T04:32:10.406" activeThreads="1">
  <mem-info id="3317" free="40894464" total="66060288" percent="61">
    <mem type="eden" free="1048328" total="1048576" percent="99" />
    <remembered-set count="1408" freebytes="2631296" totalbytes="2636928" percent="99" regionsoverflowed="0" regionsstable="17" regionsrebuilding="0"/>
  </mem-info>
</gc-end>
<cycle-end id="3318" type="partial gc" contextid="3311" timestamp="2019-06-17T04:32:10.406" />
  <attribute name="elasticGC enabled" value="1" />
  <attribute name= "numThreadsSpecified" value="1" />
  <attribute name="heapSize specified" value="0" />
  <attribute name="Current GC Util" value="87" />
  <attribute name= "Current Time Running" value="59842" />
  <attribute name ="GC Interval" value="0" />
  <attribute name="ProportionalT" value="100.500000" />
  <attribute name="ProportionalI" value="100.500000" />
  <attribute name="ProportionalH" value="100.500000" />
  <attribute name="Current Error" value="67.000000" />
  <attribute name="IntegralT" value="0.000000" />
  <attribute name="IntegralI" value="0.000000" />
  <attribute name="IntegralH" value="0.000000" />
  <attribute name="DerivativeT" value="inf" />
  <attribute name="DerivativeI" value="inf" />
  <attribute name="DerivativeH" value="inf" />
  <attribute name="Loop Time for DT" value="0.000000" />
  <attribute name="Output H" value="8388608"/>
  <attribute name="Output I" value="200"/>
  <attribute name="Output T" value="1"/>
  <attribute name="Target GC Util Change" value ="20.000000" />
  <attribute name="Current GC Util Change" value="87.000000"/>
  <attribute name="GC Util currently" value="87" />
  <attribute name="CPU Util currently" value="20823825204353" />
<exclusive-end id="3319" timestamp="2019-06-17T04:32:10.406" durationms="2.617" />

<exclusive-start id="3320" timestamp="2019-06-17T04:32:10.414" intervalms="10.172">
  <response-info timems="0.078" idlems="0.078" threads="0" lastid="0000000002320700" lastname="main" />
</exclusive-start>
<allocation-taxation id="3321" taxation-threshold="23068672" timestamp="2019-06-17T04:32:10.414" intervalms="10.175" />
<cycle-start id="3322" type="partial gc" contextid="0" timestamp="2019-06-17T04:32:10.414" intervalms="10.233" />
<gc-start id="3323" type="partial gc" contextid="3322" timestamp="2019-06-17T04:32:10.414">
  <mem-info id="3324" free="17825792" total="66060288" percent="26">
    <mem type="eden" free="1048328" total="24117248" percent="4" />
    <remembered-set count="960" freebytes="2633088" totalbytes="2636928" percent="99" regionsoverflowed="0" regionsstable="17" regionsrebuilding="0"/>
  </mem-info>
</gc-start>
<allocation-stats totalBytes="23047584" >
  <allocated-bytes non-tlh="0" tlh="23047584" arrayletleaf="0"/>
  <largest-consumer threadName="main" threadId="0000000002320700" bytes="23047584" />
</allocation-stats>
<gc-op id="3325" type="copy forward" timems="0.754" contextid="3322" timestamp="2019-06-17T04:32:10.416">
  <memory-copied type="eden" objects="6" bytes="256" bytesdiscarded="0" />
  <memory-copied type="other" objects="0" bytes="0" bytesdiscarded="0" />
  <memory-cardclean objects="15" bytes="512" />
  <regions eden="22" other="1" />
  <remembered-set-cleared processed="265" cleared="0" durationms="0.090" />
  <stringconstants candidates="13802" cleared="0"  />
</gc-op>
<gc-op id="3326" type="classunload" timems="0.003" contextid="3322" timestamp="2019-06-17T04:32:10.416">
  <classunload-info classloadercandidates="54" classloadersunloaded="0" classesunloaded="0" anonymousclassesunloaded="0" quiescems="0.000" setupms="0.003" scanms="0.000" postms="0.000" />
</gc-op>
<heap-resize id="3327" type="contract" space="default" amount="1048576" count="1" timems="0.048" reason="excess free space following gc" timestamp="2019-06-17T04:32:10.416" />
<gc-end id="3328" type="partial gc" contextid="3322" durationms="1.918" usertimems="0.000" systemtimems="0.000" timestamp="2019-06-17T04:32:10.416" activeThreads="1">
  <mem-info id="3329" free="39845888" total="65011712" percent="61">
    <mem type="eden" free="1048320" total="1048576" percent="99" />
    <remembered-set count="1440" freebytes="2631168" totalbytes="2636928" percent="99" regionsoverflowed="0" regionsstable="17" regionsrebuilding="0"/>
  </mem-info>
</gc-end>
<cycle-end id="3330" type="partial gc" contextid="3322" timestamp="2019-06-17T04:32:10.417" />
  <attribute name="elasticGC enabled" value="1" />
  <attribute name= "numThreadsSpecified" value="1" />
  <attribute name="heapSize specified" value="0" />
  <attribute name="Current GC Util" value="86" />
  <attribute name= "Current Time Running" value="59852" />
  <attribute name ="GC Interval" value="0" />
  <attribute name="ProportionalT" value="99.000000" />
  <attribute name="ProportionalI" value="99.000000" />
  <attribute name="ProportionalH" value="99.000000" />
  <attribute name="Current Error" value="66.000000" />
  <attribute name="IntegralT" value="0.000000" />
  <attribute name="IntegralI" value="0.000000" />
  <attribute name="IntegralH" value="0.000000" />
  <attribute name="DerivativeT" value="inf" />
  <attribute name="DerivativeI" value="inf" />
  <attribute name="DerivativeH" value="inf" />
  <attribute name="Loop Time for DT" value="0.000000" />
  <attribute name="Output H" value="8388608"/>
  <attribute name="Output I" value="200"/>
  <attribute name="Output T" value="1"/>
  <attribute name="Target GC Util Change" value ="20.000000" />
  <attribute name="Current GC Util Change" value="86.000000"/>
  <attribute name="GC Util currently" value="86" />
  <attribute name="CPU Util currently" value="20607479332414" />
<exclusive-end id="3331" timestamp="2019-06-17T04:32:10.417" durationms="2.800" />

<exclusive-start id="3332" timestamp="2019-06-17T04:32:10.440" intervalms="26.056">
  <response-info timems="0.093" idlems="0.093" threads="0" lastid="0000000002320700" lastname="main" />
</exclusive-start>
<allocation-taxation id="3333" taxation-threshold="23068672" timestamp="2019-06-17T04:32:10.440" intervalms="26.054" />
<cycle-start id="3334" type="partial gc" contextid="0" timestamp="2019-06-17T04:32:10.440" intervalms="26.055" />
<gc-start id="3335" type="partial gc" contextid="3334" timestamp="2019-06-17T04:32:10.441">
  <mem-info id="3336" free="16777216" total="65011712" percent="25">
    <mem type="eden" free="1048320" total="24117248" percent="4" />
    <remembered-set count="960" freebytes="2633088" totalbytes="2636928" percent="99" regionsoverflowed="0" regionsstable="17" regionsrebuilding="0"/>
  </mem-info>
</gc-start>
<allocation-stats totalBytes="23062664" >
  <allocated-bytes non-tlh="0" tlh="23062664" arrayletleaf="0"/>
  <largest-consumer threadName="main" threadId="0000000002320700" bytes="23062664" />
</allocation-stats>
<gc-op id="3337" type="copy forward" timems="0.779" contextid="3334" timestamp="2019-06-17T04:32:10.442">
  <memory-copied type="eden" objects="53" bytes="2472" bytesdiscarded="0" />
  <memory-copied type="other" objects="0" bytes="0" bytesdiscarded="0" />
  <memory-cardclean objects="79" bytes="2448" />
  <regions eden="22" other="1" />
  <remembered-set-cleared processed="265" cleared="7" durationms="0.091" />
  <stringconstants candidates="13802" cleared="0"  />
</gc-op>
<gc-op id="3338" type="classunload" timems="0.004" contextid="3334" timestamp="2019-06-17T04:32:10.442">
  <classunload-info classloadercandidates="54" classloadersunloaded="0" classesunloaded="0" anonymousclassesunloaded="0" quiescems="0.000" setupms="0.004" scanms="0.000" postms="0.000" />
</gc-op>
<gc-end id="3339" type="partial gc" contextid="3334" durationms="1.955" usertimems="4.000" systemtimems="0.000" timestamp="2019-06-17T04:32:10.443" activeThreads="1">
  <mem-info id="3340" free="39845888" total="65011712" percent="61">
    <mem type="eden" free="1046104" total="1048576" percent="99" />
    <remembered-set count="960" freebytes="2591232" totalbytes="2595072" percent="99" regionsoverflowed="0" regionsstable="17" regionsrebuilding="0"/>
  </mem-info>
</gc-end>
<cycle-end id="3341" type="partial gc" contextid="3334" timestamp="2019-06-17T04:32:10.443" />
  <attribute name="elasticGC enabled" value="1" />
  <attribute name= "numThreadsSpecified" value="1" />
  <attribute name="heapSize specified" value="0" />
  <attribute name="Current GC Util" value="49" />
  <attribute name= "Current Time Running" value="59878" />
  <attribute name ="GC Interval" value="0" />
  <attribute name="ProportionalT" value="43.500000" />
  <attribute name="ProportionalI" value="43.500000" />
  <attribute name="ProportionalH" value="43.500000" />
  <attribute name="Current Error" value="29.000000" />
  <attribute name="IntegralT" value="0.000000" />
  <attribute name="IntegralI" value="0.000000" />
  <attribute name="IntegralH" value="0.000000" />
  <attribute name="DerivativeT" value="inf" />
  <attribute name="DerivativeI" value="inf" />
  <attribute name="DerivativeH" value="inf" />
  <attribute name="Loop Time for DT" value="0.000000" />
  <attribute name="Output H" value="8388608"/>
  <attribute name="Output I" value="200"/>
  <attribute name="Output T" value="1"/>
  <attribute name="Target GC Util Change" value ="20.000000" />
  <attribute name="Current GC Util Change" value="49.000000"/>
  <attribute name="GC Util currently" value="49" />
  <attribute name="CPU Util currently" value="10601479474483" />
<exclusive-end id="3342" timestamp="2019-06-17T04:32:10.443" durationms="2.830" />

<exclusive-start id="3343" timestamp="2019-06-17T04:32:10.466" intervalms="25.970">
  <response-info timems="0.074" idlems="0.074" threads="0" lastid="0000000002320700" lastname="main" />
</exclusive-start>
<allocation-taxation id="3344" taxation-threshold="23068672" timestamp="2019-06-17T04:32:10.466" intervalms="25.975" />
<cycle-start id="3345" type="partial gc" contextid="0" timestamp="2019-06-17T04:32:10.466" intervalms="25.981" />
<gc-start id="3346" type="partial gc" contextid="3345" timestamp="2019-06-17T04:32:10.467">
  <mem-info id="3347" free="16777216" total="65011712" percent="25">
    <mem type="eden" free="0" total="23068672" percent="0" />
    <remembered-set count="480" freebytes="2593152" totalbytes="2595072" percent="99" regionsoverflowed="0" regionsstable="17" regionsrebuilding="0"/>
  </mem-info>
</gc-start>
<allocation-stats totalBytes="23063856" >
  <allocated-bytes non-tlh="0" tlh="23063856" arrayletleaf="0"/>
  <largest-consumer threadName="main" threadId="0000000002320700" bytes="23063856" />
</allocation-stats>
<gc-op id="3348" type="copy forward" timems="0.755" contextid="3345" timestamp="2019-06-17T04:32:10.468">
  <memory-copied type="eden" objects="28" bytes="1328" bytesdiscarded="0" />
  <memory-copied type="other" objects="22" bytes="968" bytesdiscarded="0" />
  <memory-cardclean objects="63" bytes="2192" />
  <regions eden="22" other="1" />
  <remembered-set-cleared processed="264" cleared="6" durationms="0.091" />
  <stringconstants candidates="13802" cleared="0"  />
</gc-op>
<gc-op id="3349" type="classunload" timems="0.003" contextid="3345" timestamp="2019-06-17T04:32:10.468">
  <classunload-info classloadercandidates="54" classloadersunloaded="0" classesunloaded="0" anonymousclassesunloaded="0" quiescems="0.000" setupms="0.003" scanms="0.000" postms="0.000" />
</gc-op>
<gc-end id="3350" type="partial gc" contextid="3345" durationms="1.711" usertimems="4.000" systemtimems="0.000" timestamp="2019-06-17T04:32:10.468" activeThreads="1">
  <mem-info id="3351" free="38797312" total="65011712" percent="59">
    <mem type="eden" free="1047248" total="1048576" percent="99" />
    <remembered-set count="960" freebytes="2591232" totalbytes="2595072" percent="99" regionsoverflowed="0" regionsstable="17" regionsrebuilding="0"/>
  </mem-info>
</gc-end>
<cycle-end id="3352" type="partial gc" contextid="3345" timestamp="2019-06-17T04:32:10.468" />
  <attribute name="elasticGC enabled" value="1" />
  <attribute name= "numThreadsSpecified" value="1" />
  <attribute name="heapSize specified" value="0" />
  <attribute name="Current GC Util" value="122" />
  <attribute name= "Current Time Running" value="59904" />
  <attribute name ="GC Interval" value="0" />
  <attribute name="ProportionalT" value="153.000000" />
  <attribute name="ProportionalI" value="153.000000" />
  <attribute name="ProportionalH" value="153.000000" />
  <attribute name="Current Error" value="102.000000" />
  <attribute name="IntegralT" value="0.000000" />
  <attribute name="IntegralI" value="0.000000" />
  <attribute name="IntegralH" value="0.000000" />
  <attribute name="DerivativeT" value="inf" />
  <attribute name="DerivativeI" value="inf" />
  <attribute name="DerivativeH" value="inf" />
  <attribute name="Loop Time for DT" value="0.000000" />
  <attribute name="Output H" value="8388608"/>
  <attribute name="Output I" value="200"/>
  <attribute name="Output T" value="1"/>
  <attribute name="Target GC Util Change" value ="20.000000" />
  <attribute name="Current GC Util Change" value="122.000000"/>
  <attribute name="GC Util currently" value="122" />
  <attribute name="CPU Util currently" value="22784559481379" />
<exclusive-end id="3353" timestamp="2019-06-17T04:32:10.469" durationms="2.650" />

<exclusive-start id="3354" timestamp="2019-06-17T04:32:10.491" intervalms="25.384">
  <response-info timems="0.079" idlems="0.079" threads="0" lastid="0000000002320700" lastname="main" />
</exclusive-start>
<allocation-taxation id="3355" taxation-threshold="23068672" timestamp="2019-06-17T04:32:10.491" intervalms="25.376" />
<cycle-start id="3356" type="partial gc" contextid="0" timestamp="2019-06-17T04:32:10.492" intervalms="25.310" />
<gc-start id="3357" type="partial gc" contextid="3356" timestamp="2019-06-17T04:32:10.492">
  <mem-info id="3358" free="15728640" total="65011712" percent="24">
    <mem type="eden" free="1047248" total="24117248" percent="4" />
    <remembered-set count="512" freebytes="2593024" totalbytes="2595072" percent="99" regionsoverflowed="0" regionsstable="17" regionsrebuilding="0"/>
  </mem-info>
</gc-start>
<allocation-stats totalBytes="23063848" >
  <allocated-bytes non-tlh="0" tlh="23063848" arrayletleaf="0"/>
  <largest-consumer threadName="main" threadId="0000000002320700" bytes="23063848" />
</allocation-stats>
<gc-op id="3359" type="copy forward" timems="0.752" contextid="3356" timestamp="2019-06-17T04:32:10.493">
  <memory-copied type="eden" objects="25" bytes="1144" bytesdiscarded="0" />
  <memory-copied type="other" objects="0" bytes="0" bytesdiscarded="0" />
  <memory-cardclean objects="14" bytes="512" />
  <regions eden="22" other="1" />
  <remembered-set-cleared processed="269" cleared="0" durationms="0.101" />
  <stringconstants candidates="13802" cleared="0"  />
</gc-op>
<gc-op id="3360" type="classunload" timems="0.004" contextid="3356" timestamp="2019-06-17T04:32:10.493">
  <classunload-info classloadercandidates="54" classloadersunloaded="0" classesunloaded="0" anonymousclassesunloaded="0" quiescems="0.000" setupms="0.004" scanms="0.000" postms="0.000" />
</gc-op>
<gc-end id="3361" type="partial gc" contextid="3356" durationms="1.555" usertimems="0.000" systemtimems="0.000" timestamp="2019-06-17T04:32:10.493" activeThreads="1">
  <mem-info id="3362" free="38797312" total="65011712" percent="59">
    <mem type="eden" free="1047432" total="1048576" percent="99" />
    <remembered-set count="992" freebytes="2591104" totalbytes="2595072" percent="99" regionsoverflowed="0" regionsstable="17" regionsrebuilding="0"/>
  </mem-info>
</gc-end>
<cycle-end id="3363" type="partial gc" contextid="3356" timestamp="2019-06-17T04:32:10.494" />
  <attribute name="elasticGC enabled" value="1" />
  <attribute name= "numThreadsSpecified" value="1" />
  <attribute name="heapSize specified" value="0" />
  <attribute name="Current GC Util" value="87" />
  <attribute name= "Current Time Running" value="59929" />
  <attribute name ="GC Interval" value="0" />
  <attribute name="ProportionalT" value="100.500000" />
  <attribute name="ProportionalI" value="100.500000" />
  <attribute name="ProportionalH" value="100.500000" />
  <attribute name="Current Error" value="67.000000" />
  <attribute name="IntegralT" value="0.000000" />
  <attribute name="IntegralI" value="0.000000" />
  <attribute name="IntegralH" value="0.000000" />
  <attribute name="DerivativeT" value="inf" />
  <attribute name="DerivativeI" value="inf" />
  <attribute name="DerivativeH" value="inf" />
  <attribute name="Loop Time for DT" value="0.000000" />
  <attribute name="Output H" value="8388608"/>
  <attribute name="Output I" value="200"/>
  <attribute name="Output T" value="1"/>
  <attribute name="Target GC Util Change" value ="20.000000" />
  <attribute name="Current GC Util Change" value="87.000000"/>
  <attribute name="GC Util currently" value="87" />
  <attribute name="CPU Util currently" value="21414045344157" />
<exclusive-end id="3364" timestamp="2019-06-17T04:32:10.494" durationms="2.358" />

<exclusive-start id="3365" timestamp="2019-06-17T04:32:10.685" intervalms="193.151">
  <response-info timems="0.110" idlems="0.110" threads="0" lastid="0000000002320700" lastname="main" />
</exclusive-start>
<allocation-taxation id="3366" taxation-threshold="23068672" timestamp="2019-06-17T04:32:10.685" intervalms="193.251" />
<cycle-start id="3367" type="partial gc" contextid="0" timestamp="2019-06-17T04:32:10.685" intervalms="193.355" />
<gc-start id="3368" type="partial gc" contextid="3367" timestamp="2019-06-17T04:32:10.685">
  <mem-info id="3369" free="15728640" total="65011712" percent="24">
    <mem type="eden" free="1047432" total="24117248" percent="4" />
    <remembered-set count="512" freebytes="2593024" totalbytes="2595072" percent="99" regionsoverflowed="0" regionsstable="17" regionsrebuilding="0"/>
  </mem-info>
</gc-start>
<allocation-stats totalBytes="22771152" >
  <allocated-bytes non-tlh="0" tlh="22771152" arrayletleaf="0"/>
  <largest-consumer threadName="main" threadId="0000000002320700" bytes="22771152" />
</allocation-stats>
<gc-op id="3370" type="copy forward" timems="0.869" contextid="3367" timestamp="2019-06-17T04:32:10.687">
  <memory-copied type="eden" objects="98" bytes="14384" bytesdiscarded="0" />
  <memory-copied type="other" objects="0" bytes="0" bytesdiscarded="0" />
  <memory-cardclean objects="99" bytes="2952" />
  <regions eden="22" other="1" />
  <remembered-set-cleared processed="269" cleared="10" durationms="0.105" />
  <stringconstants candidates="13802" cleared="0"  />
</gc-op>
<gc-op id="3371" type="classunload" timems="0.005" contextid="3367" timestamp="2019-06-17T04:32:10.687">
  <classunload-info classloadercandidates="54" classloadersunloaded="0" classesunloaded="0" anonymousclassesunloaded="0" quiescems="0.000" setupms="0.004" scanms="0.000" postms="0.000" />
</gc-op>
<heap-resize id="3372" type="contract" space="default" amount="4194304" count="1" timems="0.051" reason="insufficient time being spent in gc" timestamp="2019-06-17T04:32:10.688" />
<gc-end id="3373" type="partial gc" contextid="3367" durationms="2.344" usertimems="0.000" systemtimems="0.000" timestamp="2019-06-17T04:32:10.688" activeThreads="1">
  <mem-info id="3374" free="34603008" total="60817408" percent="56">
    <mem type="eden" free="1034192" total="1048576" percent="98" />
    <remembered-set count="992" freebytes="2591104" totalbytes="2595072" percent="99" regionsoverflowed="0" regionsstable="17" regionsrebuilding="0"/>
  </mem-info>
</gc-end>
<cycle-end id="3375" type="partial gc" contextid="3367" timestamp="2019-06-17T04:32:10.688" />
  <attribute name="elasticGC enabled" value="1" />
  <attribute name= "numThreadsSpecified" value="1" />
  <attribute name="heapSize specified" value="0" />
  <attribute name="Current GC Util" value="83" />
  <attribute name= "Current Time Running" value="60123" />
  <attribute name ="GC Interval" value="0" />
  <attribute name="ProportionalT" value="94.500000" />
  <attribute name="ProportionalI" value="94.500000" />
  <attribute name="ProportionalH" value="94.500000" />
  <attribute name="Current Error" value="63.000000" />
  <attribute name="IntegralT" value="0.000000" />
  <attribute name="IntegralI" value="0.000000" />
  <attribute name="IntegralH" value="0.000000" />
  <attribute name="DerivativeT" value="inf" />
  <attribute name="DerivativeI" value="inf" />
  <attribute name="DerivativeH" value="inf" />
  <attribute name="Loop Time for DT" value="0.000000" />
  <attribute name="Output H" value="8388608"/>
  <attribute name="Output I" value="200"/>
  <attribute name="Output T" value="1"/>
  <attribute name="Target GC Util Change" value ="20.000000" />
  <attribute name="Current GC Util Change" value="83.000000"/>
  <attribute name="GC Util currently" value="83" />
  <attribute name="CPU Util currently" value="15188755791463" />
<exclusive-end id="3376" timestamp="2019-06-17T04:32:10.688" durationms="3.605" />

<exclusive-start id="3377" timestamp="2019-06-17T04:32:10.692" intervalms="7.912">
  <response-info timems="0.059" idlems="0.059" threads="0" lastid="0000000002320700" lastname="main" />
</exclusive-start>
<allocation-taxation id="3378" taxation-threshold="22020096" timestamp="2019-06-17T04:32:10.693" intervalms="7.966" />
<cycle-start id="3379" type="partial gc" contextid="0" timestamp="2019-06-17T04:32:10.693" intervalms="7.953" />
<gc-start id="3380" type="partial gc" contextid="3379" timestamp="2019-06-17T04:32:10.693">
  <mem-info id="3381" free="12582912" total="60817408" percent="20">
    <mem type="eden" free="0" total="22020096" percent="0" />
    <remembered-set count="512" freebytes="2593024" totalbytes="2595072" percent="99" regionsoverflowed="0" regionsstable="17" regionsrebuilding="0"/>
  </mem-info>
</gc-start>
<allocation-stats totalBytes="20732800" >
  <allocated-bytes non-tlh="0" tlh="20732800" arrayletleaf="0"/>
  <largest-consumer threadName="main" threadId="0000000002320700" bytes="20732800" />
</allocation-stats>
<gc-op id="3382" type="copy forward" timems="0.954" contextid="3379" timestamp="2019-06-17T04:32:10.695">
  <memory-copied type="eden" objects="10" bytes="18216" bytesdiscarded="0" />
  <memory-copied type="other" objects="86" bytes="3408" bytesdiscarded="0" />
  <memory-cardclean objects="76" bytes="2584" />
  <regions eden="21" other="1" />
  <remembered-set-cleared processed="267" cleared="8" durationms="0.131" />
  <stringconstants candidates="13802" cleared="0"  />
</gc-op>
<gc-op id="3383" type="classunload" timems="0.004" contextid="3379" timestamp="2019-06-17T04:32:10.696">
  <classunload-info classloadercandidates="54" classloadersunloaded="0" classesunloaded="0" anonymousclassesunloaded="0" quiescems="0.000" setupms="0.004" scanms="0.000" postms="0.000" />
</gc-op>
<heap-resize id="3384" type="contract" space="default" amount="3145728" count="1" timems="0.048" reason="insufficient time being spent in gc" timestamp="2019-06-17T04:32:10.696" />
<gc-end id="3385" type="partial gc" contextid="3379" durationms="2.687" usertimems="4.000" systemtimems="0.000" timestamp="2019-06-17T04:32:10.696" activeThreads="1">
  <mem-info id="3386" free="30408704" total="57671680" percent="52">
    <mem type="eden" free="1030360" total="1048576" percent="98" />
    <remembered-set count="992" freebytes="2423680" totalbytes="2427648" percent="99" regionsoverflowed="0" regionsstable="17" regionsrebuilding="0"/>
  </mem-info>
</gc-end>
<cycle-end id="3387" type="partial gc" contextid="3379" timestamp="2019-06-17T04:32:10.696" />
  <attribute name="elasticGC enabled" value="1" />
  <attribute name= "numThreadsSpecified" value="1" />
  <attribute name="heapSize specified" value="0" />
  <attribute name="Current GC Util" value="51" />
  <attribute name= "Current Time Running" value="60131" />
  <attribute name ="GC Interval" value="0" />
  <attribute name="ProportionalT" value="46.500000" />
  <attribute name="ProportionalI" value="46.500000" />
  <attribute name="ProportionalH" value="46.500000" />
  <attribute name="Current Error" value="31.000000" />
  <attribute name="IntegralT" value="0.000000" />
  <attribute name="IntegralI" value="0.000000" />
  <attribute name="IntegralH" value="0.000000" />
  <attribute name="DerivativeT" value="inf" />
  <attribute name="DerivativeI" value="inf" />
  <attribute name="DerivativeH" value="inf" />
  <attribute name="Loop Time for DT" value="0.000000" />
  <attribute name="Output H" value="8388608"/>
  <attribute name="Output I" value="200"/>
  <attribute name="Output T" value="1"/>
  <attribute name="Target GC Util Change" value ="20.000000" />
  <attribute name="Current GC Util Change" value="51.000000"/>
  <attribute name="GC Util currently" value="51" />
  <attribute name="CPU Util currently" value="9392416669472" />
<exclusive-end id="3388" timestamp="2019-06-17T04:32:10.696" durationms="4.037" />

<exclusive-start id="3389" timestamp="2019-06-17T04:32:10.698" intervalms="6.023">
  <response-info timems="0.102" idlems="0.102" threads="0" lastid="0000000002320700" lastname="main" />
</exclusive-start>
<allocation-taxation id="3390" taxation-threshold="10485760" timestamp="2019-06-17T04:32:10.699" intervalms="5.954" />
<cycle-start id="3391" type="global mark phase" contextid="0" timestamp="2019-06-17T04:32:10.699" intervalms="593.382" />
<gc-start id="3392" type="global mark phase" contextid="3391" timestamp="2019-06-17T04:32:10.699">
  <mem-info id="3393" free="19922944" total="57671680" percent="34">
    <remembered-set count="544" freebytes="2425472" totalbytes="2427648" percent="99" regionsoverflowed="0" regionsstable="17" regionsrebuilding="0"/>
  </mem-info>
</gc-start>
<gc-op id="3394" type="mark increment" timems="6.483" contextid="3391" timestamp="2019-06-17T04:32:10.706">
  <trace-info objectcount="455609" scancount="385423" scanbytes="10182264" />
</gc-op>
<gc-end id="3395" type="global mark phase" contextid="3391" durationms="6.822" usertimems="24.000" systemtimems="0.000" timestamp="2019-06-17T04:32:10.706" activeThreads="4">
  <mem-info id="3396" free="19922944" total="57671680" percent="34">
    <remembered-set count="107552" freebytes="1997440" totalbytes="2427648" percent="82" regionsoverflowed="0" regionsstable="0" regionsrebuilding="17"/>
  </mem-info>
</gc-end>
<concurrent-start id="3397" type="GMP work packet processing" contextid="3391" timestamp="2019-06-17T04:32:10.706">
  <concurrent-mark-start scanTarget="1775353" />
</concurrent-start>
<exclusive-end id="3398" timestamp="2019-06-17T04:32:10.707" durationms="8.644" />

<exclusive-start id="3399" timestamp="2019-06-17T04:32:10.709" intervalms="10.606">
  <response-info timems="0.074" idlems="0.074" threads="0" lastid="0000000002320700" lastname="main" />
</exclusive-start>
<concurrent-end id="3400" type="GMP work packet processing" contextid="3391" timestamp="2019-06-17T04:32:10.709">
  <concurrent-mark-end bytesScanned="1828116" reasonForTermination="Work target met" />
</concurrent-end>

<allocation-taxation id="3401" taxation-threshold="10485760" timestamp="2019-06-17T04:32:10.709" intervalms="10.698" />
<cycle-start id="3402" type="partial gc" contextid="0" timestamp="2019-06-17T04:32:10.710" intervalms="16.686" />
<gc-start id="3403" type="partial gc" contextid="3402" timestamp="2019-06-17T04:32:10.710">
  <mem-info id="3404" free="9437184" total="57671680" percent="16">
    <mem type="eden" free="1030360" total="22020096" percent="4" />
    <remembered-set count="118432" freebytes="1953920" totalbytes="2427648" percent="80" regionsoverflowed="0" regionsstable="0" regionsrebuilding="17"/>
  </mem-info>
</gc-start>
<allocation-stats totalBytes="19747248" >
  <allocated-bytes non-tlh="0" tlh="19747248" arrayletleaf="0"/>
  <largest-consumer threadName="main" threadId="0000000002320700" bytes="9814120" />
</allocation-stats>
<gc-op id="3405" type="copy forward" timems="3.871" contextid="3402" timestamp="2019-06-17T04:32:10.715">
  <memory-copied type="eden" objects="10" bytes="18216" bytesdiscarded="0" />
  <memory-copied type="other" objects="0" bytes="0" bytesdiscarded="0" />
  <memory-cardclean objects="89862" bytes="3201184" />
  <regions eden="20" other="1" />
  <remembered-set-cleared processed="85335" cleared="23271" durationms="0.449" />
  <stringconstants candidates="13802" cleared="0"  />
</gc-op>
<gc-op id="3406" type="classunload" timems="0.004" contextid="3402" timestamp="2019-06-17T04:32:10.715">
  <classunload-info classloadercandidates="54" classloadersunloaded="0" classesunloaded="0" anonymousclassesunloaded="0" quiescems="0.000" setupms="0.004" scanms="0.000" postms="0.000" />
</gc-op>
<heap-resize id="3407" type="expand" space="default" amount="10485760" count="1" timems="0.072" reason="excessive time being spent in gc" timestamp="2019-06-17T04:32:10.715" />
<gc-end id="3408" type="partial gc" contextid="3402" durationms="5.273" usertimems="12.000" systemtimems="0.000" timestamp="2019-06-17T04:32:10.715" activeThreads="4">
  <mem-info id="3409" free="40894464" total="68157440" percent="60">
    <mem type="eden" free="1030360" total="1048576" percent="98" />
    <remembered-set count="85120" freebytes="2380160" totalbytes="2720640" percent="87" regionsoverflowed="0" regionsstable="0" regionsrebuilding="17"/>
  </mem-info>
</gc-end>
<cycle-end id="3410" type="partial gc" contextid="3402" timestamp="2019-06-17T04:32:10.715" />
  <attribute name="elasticGC enabled" value="1" />
  <attribute name= "numThreadsSpecified" value="4" />
  <attribute name="heapSize specified" value="0" />
  <attribute name="Current GC Util" value="84" />
  <attribute name= "Current Time Running" value="60148" />
  <attribute name ="GC Interval" value="0" />
  <attribute name="ProportionalT" value="96.000000" />
  <attribute name="ProportionalI" value="96.000000" />
  <attribute name="ProportionalH" value="96.000000" />
  <attribute name="Current Error" value="64.000000" />
  <attribute name="IntegralT" value="64.000000" />
  <attribute name="IntegralI" value="64.000000" />
  <attribute name="IntegralH" value="64.000000" />
  <attribute name="DerivativeT" value="48.000000" />
  <attribute name="DerivativeI" value="48.000000" />
  <attribute name="DerivativeH" value="48.000000" />
  <attribute name="Loop Time for DT" value="1.000000" />
  <attribute name="Output H" value="8388608"/>
  <attribute name="Output I" value="208"/>
  <attribute name="Output T" value="4"/>
  <attribute name="Target GC Util Change" value ="20.000000" />
  <attribute name="Current GC Util Change" value="84.000000"/>
  <attribute name="GC Util currently" value="84" />
  <attribute name="CPU Util currently" value="9313997145062" />
<exclusive-end id="3411" timestamp="2019-06-17T04:32:10.716" durationms="6.547" />

<exclusive-start id="3412" timestamp="2019-06-17T04:32:10.718" intervalms="8.733">
  <response-info timems="0.057" idlems="0.057" threads="0" lastid="0000000002320700" lastname="main" />
</exclusive-start>
<allocation-taxation id="3413" taxation-threshold="11534336" timestamp="2019-06-17T04:32:10.718" intervalms="8.650" />
<gc-start id="3414" type="global mark phase" contextid="3391" timestamp="2019-06-17T04:32:10.718">
  <mem-info id="3415" free="29360128" total="68157440" percent="43">
    <remembered-set count="84640" freebytes="2382080" totalbytes="2720640" percent="87" regionsoverflowed="0" regionsstable="0" regionsrebuilding="17"/>
  </mem-info>
</gc-start>
<gc-end id="3416" type="global mark phase" contextid="3391" durationms="0.139" usertimems="0.000" systemtimems="0.000" timestamp="2019-06-17T04:32:10.718" activeThreads="4">
  <mem-info id="3417" free="29360128" total="68157440" percent="43">
    <remembered-set count="84640" freebytes="2382080" totalbytes="2720640" percent="87" regionsoverflowed="0" regionsstable="0" regionsrebuilding="17"/>
  </mem-info>
</gc-end>
<concurrent-start id="3418" type="GMP work packet processing" contextid="3391" timestamp="2019-06-17T04:32:10.718">
  <concurrent-mark-start scanTarget="1775353" />
</concurrent-start>
<exclusive-end id="3419" timestamp="2019-06-17T04:32:10.719" durationms="1.554" />

<concurrent-end id="3420" type="GMP work packet processing" contextid="3391" timestamp="2019-06-17T04:32:10.721">
  <concurrent-mark-end bytesScanned="1620164" reasonForTermination="Completed all work in GC phase" />
</concurrent-end>

<exclusive-start id="3421" timestamp="2019-06-17T04:32:10.722" intervalms="3.783">
  <response-info timems="0.060" idlems="0.060" threads="0" lastid="0000000002320700" lastname="main" />
</exclusive-start>
<allocation-taxation id="3422" taxation-threshold="11534336" timestamp="2019-06-17T04:32:10.722" intervalms="3.773" />
<cycle-start id="3423" type="partial gc" contextid="0" timestamp="2019-06-17T04:32:10.722" intervalms="12.253" />
<gc-start id="3424" type="partial gc" contextid="3423" timestamp="2019-06-17T04:32:10.722">
  <mem-info id="3425" free="17825792" total="68157440" percent="26">
    <mem type="eden" free="1030360" total="24117248" percent="4" />
    <remembered-set count="91968" freebytes="2352768" totalbytes="2720640" percent="86" regionsoverflowed="0" regionsstable="0" regionsrebuilding="17"/>
  </mem-info>
</gc-start>
<allocation-stats totalBytes="21711112" >
  <allocated-bytes non-tlh="0" tlh="21711112" arrayletleaf="0"/>
  <largest-consumer threadName="main" threadId="0000000002320700" bytes="10806112" />
</allocation-stats>
<gc-op id="3426" type="copy forward" timems="1.810" contextid="3423" timestamp="2019-06-17T04:32:10.725">
  <memory-copied type="eden" objects="12" bytes="33832" bytesdiscarded="0" />
  <memory-copied type="other" objects="0" bytes="0" bytesdiscarded="0" />
  <memory-cardclean objects="9" bytes="312" />
  <regions eden="22" other="1" />
  <remembered-set-cleared processed="89242" cleared="12" durationms="0.802" />
  <stringconstants candidates="13802" cleared="0"  />
</gc-op>
<gc-op id="3427" type="classunload" timems="0.017" contextid="3423" timestamp="2019-06-17T04:32:10.725">
  <classunload-info classloadercandidates="54" classloadersunloaded="0" classesunloaded="0" anonymousclassesunloaded="0" quiescems="0.000" setupms="0.017" scanms="0.000" postms="0.000" />
</gc-op>
<gc-end id="3428" type="partial gc" contextid="3423" durationms="2.970" usertimems="4.000" systemtimems="0.000" timestamp="2019-06-17T04:32:10.725" activeThreads="1">
  <mem-info id="3429" free="40894464" total="68157440" percent="60">
    <mem type="eden" free="1014744" total="1048576" percent="96" />
    <remembered-set count="92416" freebytes="2350976" totalbytes="2720640" percent="86" regionsoverflowed="0" regionsstable="0" regionsrebuilding="17"/>
  </mem-info>
</gc-end>
<cycle-end id="3430" type="partial gc" contextid="3423" timestamp="2019-06-17T04:32:10.726" />
  <attribute name="elasticGC enabled" value="1" />
  <attribute name= "numThreadsSpecified" value="1" />
  <attribute name="heapSize specified" value="0" />
  <attribute name="Current GC Util" value="63" />
  <attribute name= "Current Time Running" value="60160" />
  <attribute name ="GC Interval" value="0" />
  <attribute name="ProportionalT" value="64.500000" />
  <attribute name="ProportionalI" value="64.500000" />
  <attribute name="ProportionalH" value="64.500000" />
  <attribute name="Current Error" value="43.000000" />
  <attribute name="IntegralT" value="0.000000" />
  <attribute name="IntegralI" value="0.000000" />
  <attribute name="IntegralH" value="0.000000" />
  <attribute name="DerivativeT" value="inf" />
  <attribute name="DerivativeI" value="inf" />
  <attribute name="DerivativeH" value="inf" />
  <attribute name="Loop Time for DT" value="0.000000" />
  <attribute name="Output H" value="8388608"/>
  <attribute name="Output I" value="200"/>
  <attribute name="Output T" value="1"/>
  <attribute name="Target GC Util Change" value ="20.000000" />
  <attribute name="Current GC Util Change" value="63.000000"/>
  <attribute name="GC Util currently" value="63" />
  <attribute name="CPU Util currently" value="17284531974339" />
<exclusive-end id="3431" timestamp="2019-06-17T04:32:10.726" durationms="4.309" />

<exclusive-start id="3432" timestamp="2019-06-17T04:32:10.804" intervalms="82.265">
  <response-info timems="0.116" idlems="0.116" threads="0" lastid="0000000002320700" lastname="main" />
</exclusive-start>
<allocation-taxation id="3433" taxation-threshold="11534336" timestamp="2019-06-17T04:32:10.804" intervalms="82.272" />
<gc-start id="3434" type="global mark phase" contextid="3391" timestamp="2019-06-17T04:32:10.804">
  <mem-info id="3435" free="29360128" total="68157440" percent="43">
    <remembered-set count="91936" freebytes="2352896" totalbytes="2720640" percent="86" regionsoverflowed="0" regionsstable="0" regionsrebuilding="17"/>
  </mem-info>
</gc-start>
<gc-op id="3436" type="mark increment" timems="5.032" contextid="3391" timestamp="2019-06-17T04:32:10.810">
  <trace-info objectcount="143" scancount="143" scanbytes="276800" />
  <cardclean-info objects="147573" bytes="4027776" />
  <finalization candidates="79" enqueued="0" />
  <ownableSynchronizers candidates="23" cleared="0" />
  <references type="soft" candidates="4529" cleared="0" enqueued="0" dynamicThreshold="19" maxThreshold="32" />
  <references type="weak" candidates="5726" cleared="0" enqueued="0" />
  <references type="phantom" candidates="100" cleared="0" enqueued="0" />
  <stringconstants candidates="13802" cleared="55"  />
</gc-op>
<gc-op id="3437" type="classunload" timems="0.008" contextid="3391" timestamp="2019-06-17T04:32:10.810">
  <classunload-info classloadercandidates="54" classloadersunloaded="0" classesunloaded="0" anonymousclassesunloaded="0" quiescems="0.000" setupms="0.008" scanms="0.000" postms="0.000" />
</gc-op>
<gc-end id="3438" type="global mark phase" contextid="3391" durationms="5.493" usertimems="12.000" systemtimems="0.000" timestamp="2019-06-17T04:32:10.810" activeThreads="4">
  <mem-info id="3439" free="29360128" total="68157440" percent="43">
    <remembered-set count="113440" freebytes="2266880" totalbytes="2720640" percent="83" regionsoverflowed="0" regionsstable="0" regionsrebuilding="0"/>
  </mem-info>
</gc-end>
<cycle-end id="3440" type="global mark phase" contextid="3391" timestamp="2019-06-17T04:32:10.810" />
  <attribute name="elasticGC enabled" value="1" />
  <attribute name= "numThreadsSpecified" value="4" />
  <attribute name="heapSize specified" value="0" />
  <attribute name="Current GC Util" value="208" />
  <attribute name= "Current Time Running" value="60245" />
  <attribute name ="GC Interval" value="0" />
  <attribute name="ProportionalT" value="282.000000" />
  <attribute name="ProportionalI" value="282.000000" />
  <attribute name="ProportionalH" value="282.000000" />
  <attribute name="Current Error" value="188.000000" />
  <attribute name="IntegralT" value="188.000000" />
  <attribute name="IntegralI" value="188.000000" />
  <attribute name="IntegralH" value="188.000000" />
  <attribute name="DerivativeT" value="24.000000" />
  <attribute name="DerivativeI" value="24.000000" />
  <attribute name="DerivativeH" value="24.000000" />
  <attribute name="Loop Time for DT" value="1.000000" />
  <attribute name="Output H" value="8388608"/>
  <attribute name="Output I" value="496"/>
  <attribute name="Output T" value="4"/>
  <attribute name="Target GC Util Change" value ="20.000000" />
  <attribute name="Current GC Util Change" value="208.000000"/>
  <attribute name="GC Util currently" value="208" />
  <attribute name="CPU Util currently" value="7970091070945" />
<exclusive-end id="3441" timestamp="2019-06-17T04:32:10.810" durationms="6.289" />

<exclusive-start id="3442" timestamp="2019-06-17T04:32:10.863" intervalms="59.125">
  <response-info timems="0.114" idlems="0.114" threads="0" lastid="0000000002320700" lastname="main" />
</exclusive-start>
<allocation-taxation id="3443" taxation-threshold="11534336" timestamp="2019-06-17T04:32:10.863" intervalms="59.112" />
<cycle-start id="3444" type="partial gc" contextid="0" timestamp="2019-06-17T04:32:10.863" intervalms="141.421" />
<gc-start id="3445" type="partial gc" contextid="3444" timestamp="2019-06-17T04:32:10.864">
  <mem-info id="3446" free="17825792" total="68157440" percent="26">
    <mem type="eden" free="1014744" total="24117248" percent="4" />
    <remembered-set count="110816" freebytes="2277376" totalbytes="2720640" percent="83" regionsoverflowed="0" regionsstable="3" regionsrebuilding="0"/>
  </mem-info>
</gc-start>
<allocation-stats totalBytes="23066528" >
  <allocated-bytes non-tlh="0" tlh="23066528" arrayletleaf="0"/>
  <largest-consumer threadName="main" threadId="0000000002320700" bytes="11532440" />
</allocation-stats>
<gc-op id="3447" type="sweep" timems="1.126" contextid="3444" timestamp="2019-06-17T04:32:10.865" />
<gc-op id="3448" type="copy forward" timems="1.701" contextid="3444" timestamp="2019-06-17T04:32:10.868">
  <memory-copied type="eden" objects="35" bytes="1048" bytesdiscarded="0" />
  <memory-copied type="other" objects="14" bytes="40120" bytesdiscarded="0" />
  <memory-cardclean objects="79" bytes="2464" />
  <regions eden="11" other="3" />
  <remembered-set-cleared processed="108541" cleared="110" durationms="0.738" />
  <stringconstants candidates="13747" cleared="0"  />
</gc-op>
<gc-op id="3449" type="classunload" timems="0.004" contextid="3444" timestamp="2019-06-17T04:32:10.868">
  <classunload-info classloadercandidates="54" classloadersunloaded="0" classesunloaded="0" anonymousclassesunloaded="0" quiescems="0.000" setupms="0.004" scanms="0.000" postms="0.000" />
</gc-op>
<gc-end id="3450" type="partial gc" contextid="3444" durationms="4.524" usertimems="8.000" systemtimems="0.000" timestamp="2019-06-17T04:32:10.868" activeThreads="1">
  <mem-info id="3451" free="40894464" total="68157440" percent="60">
    <mem type="eden" free="1007408" total="1048576" percent="96" />
    <remembered-set count="111168" freebytes="2275968" totalbytes="2720640" percent="83" regionsoverflowed="0" regionsstable="3" regionsrebuilding="0"/>
  </mem-info>
</gc-end>
<cycle-end id="3452" type="partial gc" contextid="3444" timestamp="2019-06-17T04:32:10.868" />
  <attribute name="elasticGC enabled" value="1" />
  <attribute name= "numThreadsSpecified" value="1" />
  <attribute name="heapSize specified" value="0" />
  <attribute name="Current GC Util" value="155" />
  <attribute name= "Current Time Running" value="60303" />
  <attribute name ="GC Interval" value="0" />
  <attribute name="ProportionalT" value="202.500000" />
  <attribute name="ProportionalI" value="202.500000" />
  <attribute name="ProportionalH" value="202.500000" />
  <attribute name="Current Error" value="135.000000" />
  <attribute name="IntegralT" value="0.000000" />
  <attribute name="IntegralI" value="0.000000" />
  <attribute name="IntegralH" value="0.000000" />
  <attribute name="DerivativeT" value="inf" />
  <attribute name="DerivativeI" value="inf" />
  <attribute name="DerivativeH" value="inf" />
  <attribute name="Loop Time for DT" value="0.000000" />
  <attribute name="Output H" value="8388608"/>
  <attribute name="Output I" value="200"/>
  <attribute name="Output T" value="1"/>
  <attribute name="Target GC Util Change" value ="20.000000" />
  <attribute name="Current GC Util Change" value="155.000000"/>
  <attribute name="GC Util currently" value="155" />
  <attribute name="CPU Util currently" value="12300617408232" />
<exclusive-end id="3453" timestamp="2019-06-17T04:32:10.869" durationms="5.705" />

<exclusive-start id="3454" timestamp="2019-06-17T04:32:10.884" intervalms="20.831">
  <response-info timems="0.114" idlems="0.114" threads="0" lastid="0000000002320700" lastname="main" />
</exclusive-start>
<allocation-taxation id="3455" taxation-threshold="24117248" timestamp="2019-06-17T04:32:10.884" intervalms="20.788" />
<cycle-start id="3456" type="partial gc" contextid="0" timestamp="2019-06-17T04:32:10.884" intervalms="20.710" />
<gc-start id="3457" type="partial gc" contextid="3456" timestamp="2019-06-17T04:32:10.884">
  <mem-info id="3458" free="16777216" total="68157440" percent="24">
    <mem type="eden" free="0" total="24117248" percent="0" />
    <remembered-set count="110720" freebytes="2277760" totalbytes="2720640" percent="83" regionsoverflowed="0" regionsstable="3" regionsrebuilding="0"/>
  </mem-info>
</gc-start>
<allocation-stats totalBytes="24114488" >
  <allocated-bytes non-tlh="0" tlh="24114488" arrayletleaf="0"/>
  <largest-consumer threadName="main" threadId="0000000002320700" bytes="24114488" />
</allocation-stats>
<gc-op id="3459" type="copy forward" timems="1.738" contextid="3456" timestamp="2019-06-17T04:32:10.887">
  <memory-copied type="eden" objects="3" bytes="128" bytesdiscarded="0" />
  <memory-copied type="other" objects="60" bytes="41416" bytesdiscarded="0" />
  <memory-cardclean objects="109" bytes="3400" />
  <regions eden="23" other="3" />
  <remembered-set-cleared processed="108472" cleared="91" durationms="0.680" />
  <stringconstants candidates="13747" cleared="0"  />
</gc-op>
<gc-op id="3460" type="classunload" timems="0.004" contextid="3456" timestamp="2019-06-17T04:32:10.887">
  <classunload-info classloadercandidates="54" classloadersunloaded="0" classesunloaded="0" anonymousclassesunloaded="0" quiescems="0.000" setupms="0.003" scanms="0.000" postms="0.000" />
</gc-op>
<gc-end id="3461" type="partial gc" contextid="3456" durationms="3.208" usertimems="4.000" systemtimems="0.000" timestamp="2019-06-17T04:32:10.888" activeThreads="1">
  <mem-info id="3462" free="39845888" total="68157440" percent="58">
    <mem type="eden" free="1048448" total="1048576" percent="99" />
    <remembered-set count="111008" freebytes="2276608" totalbytes="2720640" percent="83" regionsoverflowed="0" regionsstable="3" regionsrebuilding="0"/>
  </mem-info>
</gc-end>
<cycle-end id="3463" type="partial gc" contextid="3456" timestamp="2019-06-17T04:32:10.888" />
  <attribute name="elasticGC enabled" value="1" />
  <attribute name= "numThreadsSpecified" value="1" />
  <attribute name="heapSize specified" value="0" />
  <attribute name="Current GC Util" value="268" />
  <attribute name= "Current Time Running" value="60322" />
  <attribute name ="GC Interval" value="0" />
  <attribute name="ProportionalT" value="372.000000" />
  <attribute name="ProportionalI" value="372.000000" />
  <attribute name="ProportionalH" value="372.000000" />
  <attribute name="Current Error" value="248.000000" />
  <attribute name="IntegralT" value="0.000000" />
  <attribute name="IntegralI" value="0.000000" />
  <attribute name="IntegralH" value="0.000000" />
  <attribute name="DerivativeT" value="inf" />
  <attribute name="DerivativeI" value="inf" />
  <attribute name="DerivativeH" value="inf" />
  <attribute name="Loop Time for DT" value="0.000000" />
  <attribute name="Output H" value="8388608"/>
  <attribute name="Output I" value="200"/>
  <attribute name="Output T" value="1"/>
  <attribute name="Target GC Util Change" value ="20.000000" />
  <attribute name="Current GC Util Change" value="268.000000"/>
  <attribute name="GC Util currently" value="268" />
  <attribute name="CPU Util currently" value="11397967344793" />
<exclusive-end id="3464" timestamp="2019-06-17T04:32:10.888" durationms="4.282" />

<exclusive-start id="3465" timestamp="2019-06-17T04:32:10.906" intervalms="21.931">
  <response-info timems="0.072" idlems="0.072" threads="0" lastid="0000000002320700" lastname="main" />
</exclusive-start>
<allocation-taxation id="3466" taxation-threshold="24117248" timestamp="2019-06-17T04:32:10.906" intervalms="21.991" />
<cycle-start id="3467" type="partial gc" contextid="0" timestamp="2019-06-17T04:32:10.906" intervalms="22.082" />
<gc-start id="3468" type="partial gc" contextid="3467" timestamp="2019-06-17T04:32:10.906">
  <mem-info id="3469" free="15728640" total="68157440" percent="23">
    <mem type="eden" free="1048448" total="25165824" percent="4" />
    <remembered-set count="110656" freebytes="2278016" totalbytes="2720640" percent="83" regionsoverflowed="0" regionsstable="3" regionsrebuilding="0"/>
  </mem-info>
</gc-start>
<allocation-stats totalBytes="24113904" >
  <allocated-bytes non-tlh="0" tlh="24113904" arrayletleaf="0"/>
  <largest-consumer threadName="main" threadId="0000000002320700" bytes="24113904" />
</allocation-stats>
<gc-op id="3470" type="copy forward" timems="1.753" contextid="3467" timestamp="2019-06-17T04:32:10.909">
  <memory-copied type="eden" objects="44" bytes="1432" bytesdiscarded="0" />
  <memory-copied type="other" objects="55" bytes="1576" bytesdiscarded="376" />
  <memory-cardclean objects="142" bytes="13792" />
  <regions eden="23" other="3" />
  <remembered-set-cleared processed="108451" cleared="112" durationms="0.699" />
  <references type="weak" candidates="30" cleared="0" enqueued="0" />
  <stringconstants candidates="13747" cleared="0"  />
</gc-op>
<gc-op id="3471" type="classunload" timems="0.004" contextid="3467" timestamp="2019-06-17T04:32:10.909">
  <classunload-info classloadercandidates="54" classloadersunloaded="0" classesunloaded="0" anonymousclassesunloaded="0" quiescems="0.000" setupms="0.004" scanms="0.000" postms="0.000" />
</gc-op>
<gc-end id="3472" type="partial gc" contextid="3467" durationms="3.172" usertimems="4.000" systemtimems="0.000" timestamp="2019-06-17T04:32:10.910" activeThreads="1">
  <mem-info id="3473" free="40894464" total="68157440" percent="60">
    <mem type="eden" free="1047144" total="1048576" percent="99" />
    <remembered-set count="110912" freebytes="2276992" totalbytes="2720640" percent="83" regionsoverflowed="0" regionsstable="3" regionsrebuilding="0"/>
  </mem-info>
</gc-end>
<cycle-end id="3474" type="partial gc" contextid="3467" timestamp="2019-06-17T04:32:10.910" />
  <attribute name="elasticGC enabled" value="1" />
  <attribute name= "numThreadsSpecified" value="1" />
  <attribute name="heapSize specified" value="0" />
  <attribute name="Current GC Util" value="288" />
  <attribute name= "Current Time Running" value="60344" />
  <attribute name ="GC Interval" value="0" />
  <attribute name="ProportionalT" value="402.000000" />
  <attribute name="ProportionalI" value="402.000000" />
  <attribute name="ProportionalH" value="402.000000" />
  <attribute name="Current Error" value="268.000000" />
  <attribute name="IntegralT" value="0.000000" />
  <attribute name="IntegralI" value="0.000000" />
  <attribute name="IntegralH" value="0.000000" />
  <attribute name="DerivativeT" value="inf" />
  <attribute name="DerivativeI" value="inf" />
  <attribute name="DerivativeH" value="inf" />
  <attribute name="Loop Time for DT" value="0.000000" />
  <attribute name="Output H" value="8388608"/>
  <attribute name="Output I" value="200"/>
  <attribute name="Output T" value="1"/>
  <attribute name="Target GC Util Change" value ="20.000000" />
  <attribute name="Current GC Util Change" value="288.000000"/>
  <attribute name="GC Util currently" value="288" />
  <attribute name="CPU Util currently" value="12426166717644" />
<exclusive-end id="3475" timestamp="2019-06-17T04:32:10.910" durationms="4.462" />

<exclusive-start id="3476" timestamp="2019-06-17T04:32:10.933" intervalms="26.903">
  <response-info timems="0.095" idlems="0.095" threads="0" lastid="0000000002320700" lastname="main" />
</exclusive-start>
<allocation-taxation id="3477" taxation-threshold="24117248" timestamp="2019-06-17T04:32:10.933" intervalms="26.857" />
<cycle-start id="3478" type="partial gc" contextid="0" timestamp="2019-06-17T04:32:10.933" intervalms="26.820" />
<gc-start id="3479" type="partial gc" contextid="3478" timestamp="2019-06-17T04:32:10.933">
  <mem-info id="3480" free="16777216" total="68157440" percent="24">
    <mem type="eden" free="0" total="24117248" percent="0" />
    <remembered-set count="85312" freebytes="2379392" totalbytes="2720640" percent="87" regionsoverflowed="0" regionsstable="9" regionsrebuilding="0"/>
  </mem-info>
</gc-start>
<allocation-stats totalBytes="24112368" >
  <allocated-bytes non-tlh="0" tlh="24112368" arrayletleaf="0"/>
  <largest-consumer threadName="main" threadId="0000000002320700" bytes="24112368" />
</allocation-stats>
<gc-op id="3481" type="copy forward" timems="2.110" contextid="3478" timestamp="2019-06-17T04:32:10.936">
  <memory-copied type="eden" objects="4" bytes="96" bytesdiscarded="0" />
  <memory-copied type="other" objects="2397" bytes="141608" bytesdiscarded="96" />
  <memory-cardclean objects="363" bytes="26016" />
  <regions eden="23" other="3" />
  <remembered-set-cleared processed="83422" cleared="379" durationms="0.586" />
  <references type="soft" candidates="13" cleared="0" enqueued="0" dynamicThreshold="19" maxThreshold="32" />
  <references type="weak" candidates="99" cleared="0" enqueued="0" />
  <stringconstants candidates="13747" cleared="0"  />
</gc-op>
<gc-op id="3482" type="classunload" timems="0.004" contextid="3478" timestamp="2019-06-17T04:32:10.936">
  <classunload-info classloadercandidates="54" classloadersunloaded="0" classesunloaded="0" anonymousclassesunloaded="0" quiescems="0.000" setupms="0.003" scanms="0.000" postms="0.000" />
</gc-op>
<gc-end id="3483" type="partial gc" contextid="3478" durationms="3.426" usertimems="4.000" systemtimems="0.000" timestamp="2019-06-17T04:32:10.937" activeThreads="1">
  <mem-info id="3484" free="40894464" total="68157440" percent="60">
    <mem type="eden" free="1048480" total="1048576" percent="99" />
    <remembered-set count="85152" freebytes="2380032" totalbytes="2720640" percent="87" regionsoverflowed="0" regionsstable="9" regionsrebuilding="0"/>
  </mem-info>
</gc-end>
<cycle-end id="3485" type="partial gc" contextid="3478" timestamp="2019-06-17T04:32:10.937" />
  <attribute name="elasticGC enabled" value="1" />
  <attribute name= "numThreadsSpecified" value="1" />
  <attribute name="heapSize specified" value="0" />
  <attribute name="Current GC Util" value="272" />
  <attribute name= "Current Time Running" value="60371" />
  <attribute name ="GC Interval" value="0" />
  <attribute name="ProportionalT" value="378.000000" />
  <attribute name="ProportionalI" value="378.000000" />
  <attribute name="ProportionalH" value="378.000000" />
  <attribute name="Current Error" value="252.000000" />
  <attribute name="IntegralT" value="0.000000" />
  <attribute name="IntegralI" value="0.000000" />
  <attribute name="IntegralH" value="0.000000" />
  <attribute name="DerivativeT" value="inf" />
  <attribute name="DerivativeI" value="inf" />
  <attribute name="DerivativeH" value="inf" />
  <attribute name="Loop Time for DT" value="0.000000" />
  <attribute name="Output H" value="8388608"/>
  <attribute name="Output I" value="200"/>
  <attribute name="Output T" value="1"/>
  <attribute name="Target GC Util Change" value ="20.000000" />
  <attribute name="Current GC Util Change" value="272.000000"/>
  <attribute name="GC Util currently" value="272" />
  <attribute name="CPU Util currently" value="12421748631906" />
<exclusive-end id="3486" timestamp="2019-06-17T04:32:10.937" durationms="4.485" />

<exclusive-start id="3487" timestamp="2019-06-17T04:32:10.956" intervalms="23.077">
  <response-info timems="0.082" idlems="0.082" threads="0" lastid="0000000002320700" lastname="main" />
</exclusive-start>
<allocation-taxation id="3488" taxation-threshold="24117248" timestamp="2019-06-17T04:32:10.956" intervalms="23.092" />
<cycle-start id="3489" type="partial gc" contextid="0" timestamp="2019-06-17T04:32:10.956" intervalms="23.116" />
<gc-start id="3490" type="partial gc" contextid="3489" timestamp="2019-06-17T04:32:10.956">
  <mem-info id="3491" free="16777216" total="68157440" percent="24">
    <mem type="eden" free="1048480" total="25165824" percent="4" />
    <remembered-set count="84960" freebytes="2380800" totalbytes="2720640" percent="87" regionsoverflowed="0" regionsstable="9" regionsrebuilding="0"/>
  </mem-info>
</gc-start>
<allocation-stats totalBytes="24108264" >
  <allocated-bytes non-tlh="0" tlh="24108264" arrayletleaf="0"/>
  <largest-consumer threadName="main" threadId="0000000002320700" bytes="24108264" />
</allocation-stats>
<gc-op id="3492" type="copy forward" timems="1.532" contextid="3489" timestamp="2019-06-17T04:32:10.959">
  <memory-copied type="eden" objects="30" bytes="1112" bytesdiscarded="0" />
  <memory-copied type="other" objects="36" bytes="816" bytesdiscarded="0" />
  <memory-cardclean objects="129" bytes="4000" />
  <regions eden="23" other="2" />
  <remembered-set-cleared processed="83321" cleared="71" durationms="0.574" />
  <stringconstants candidates="13747" cleared="0"  />
</gc-op>
<gc-op id="3493" type="classunload" timems="0.004" contextid="3489" timestamp="2019-06-17T04:32:10.959">
  <classunload-info classloadercandidates="54" classloadersunloaded="0" classesunloaded="0" anonymousclassesunloaded="0" quiescems="0.000" setupms="0.004" scanms="0.000" postms="0.000" />
</gc-op>
<gc-end id="3494" type="partial gc" contextid="3489" durationms="2.888" usertimems="0.000" systemtimems="4.000" timestamp="2019-06-17T04:32:10.959" activeThreads="1">
  <mem-info id="3495" free="40894464" total="68157440" percent="60">
    <mem type="eden" free="1047464" total="1048576" percent="99" />
    <remembered-set count="85280" freebytes="2379520" totalbytes="2720640" percent="87" regionsoverflowed="0" regionsstable="9" regionsrebuilding="0"/>
  </mem-info>
</gc-end>
<cycle-end id="3496" type="partial gc" contextid="3489" timestamp="2019-06-17T04:32:10.959" />
  <attribute name="elasticGC enabled" value="1" />
  <attribute name= "numThreadsSpecified" value="1" />
  <attribute name="heapSize specified" value="0" />
  <attribute name="Current GC Util" value="275" />
  <attribute name= "Current Time Running" value="60394" />
  <attribute name ="GC Interval" value="0" />
  <attribute name="ProportionalT" value="382.500000" />
  <attribute name="ProportionalI" value="382.500000" />
  <attribute name="ProportionalH" value="382.500000" />
  <attribute name="Current Error" value="255.000000" />
  <attribute name="IntegralT" value="0.000000" />
  <attribute name="IntegralI" value="0.000000" />
  <attribute name="IntegralH" value="0.000000" />
  <attribute name="DerivativeT" value="inf" />
  <attribute name="DerivativeI" value="inf" />
  <attribute name="DerivativeH" value="inf" />
  <attribute name="Loop Time for DT" value="0.000000" />
  <attribute name="Output H" value="8388608"/>
  <attribute name="Output I" value="200"/>
  <attribute name="Output T" value="1"/>
  <attribute name="Target GC Util Change" value ="20.000000" />
  <attribute name="Current GC Util Change" value="275.000000"/>
  <attribute name="GC Util currently" value="275" />
  <attribute name="CPU Util currently" value="11775018448831" />
<exclusive-end id="3497" timestamp="2019-06-17T04:32:10.960" durationms="3.997" />

<exclusive-start id="3498" timestamp="2019-06-17T04:32:10.978" intervalms="22.355">
  <response-info timems="0.080" idlems="0.080" threads="0" lastid="0000000002320700" lastname="main" />
</exclusive-start>
<allocation-taxation id="3499" taxation-threshold="24117248" timestamp="2019-06-17T04:32:10.978" intervalms="22.332" />
<cycle-start id="3500" type="partial gc" contextid="0" timestamp="2019-06-17T04:32:10.978" intervalms="22.330" />
<gc-start id="3501" type="partial gc" contextid="3500" timestamp="2019-06-17T04:32:10.979">
  <mem-info id="3502" free="16777216" total="68157440" percent="24">
    <mem type="eden" free="0" total="24117248" percent="0" />
    <remembered-set count="84960" freebytes="2380800" totalbytes="2720640" percent="87" regionsoverflowed="0" regionsstable="9" regionsrebuilding="0"/>
  </mem-info>
</gc-start>
<allocation-stats totalBytes="24107952" >
  <allocated-bytes non-tlh="0" tlh="24107952" arrayletleaf="0"/>
  <largest-consumer threadName="main" threadId="0000000002320700" bytes="24107952" />
</allocation-stats>
<gc-op id="3503" type="copy forward" timems="1.512" contextid="3500" timestamp="2019-06-17T04:32:10.981">
  <memory-copied type="eden" objects="1" bytes="24" bytesdiscarded="0" />
  <memory-copied type="other" objects="19" bytes="608" bytesdiscarded="0" />
  <memory-cardclean objects="77" bytes="2648" />
  <regions eden="23" other="1" />
  <remembered-set-cleared processed="83308" cleared="46" durationms="0.579" />
  <stringconstants candidates="13747" cleared="0"  />
</gc-op>
<gc-op id="3504" type="classunload" timems="0.004" contextid="3500" timestamp="2019-06-17T04:32:10.981">
  <classunload-info classloadercandidates="54" classloadersunloaded="0" classesunloaded="0" anonymousclassesunloaded="0" quiescems="0.000" setupms="0.004" scanms="0.000" postms="0.000" />
</gc-op>
<heap-resize id="3505" type="expand" space="default" amount="3145728" count="1" timems="0.064" reason="excessive time being spent in gc" timestamp="2019-06-17T04:32:10.981" />
<gc-end id="3506" type="partial gc" contextid="3500" durationms="2.951" usertimems="4.000" systemtimems="0.000" timestamp="2019-06-17T04:32:10.982" activeThreads="1">
  <mem-info id="3507" free="42991616" total="71303168" percent="60">
    <mem type="eden" free="1048552" total="1048576" percent="99" />
    <remembered-set count="85376" freebytes="2504704" totalbytes="2846208" percent="88" regionsoverflowed="0" regionsstable="9" regionsrebuilding="0"/>
  </mem-info>
</gc-end>
<cycle-end id="3508" type="partial gc" contextid="3500" timestamp="2019-06-17T04:32:10.982" />
  <attribute name="elasticGC enabled" value="1" />
  <attribute name= "numThreadsSpecified" value="1" />
  <attribute name="heapSize specified" value="0" />
  <attribute name="Current GC Util" value="294" />
  <attribute name= "Current Time Running" value="60416" />
  <attribute name ="GC Interval" value="0" />
  <attribute name="ProportionalT" value="411.000000" />
  <attribute name="ProportionalI" value="411.000000" />
  <attribute name="ProportionalH" value="411.000000" />
  <attribute name="Current Error" value="274.000000" />
  <attribute name="IntegralT" value="0.000000" />
  <attribute name="IntegralI" value="0.000000" />
  <attribute name="IntegralH" value="0.000000" />
  <attribute name="DerivativeT" value="inf" />
  <attribute name="DerivativeI" value="inf" />
  <attribute name="DerivativeH" value="inf" />
  <attribute name="Loop Time for DT" value="0.000000" />
  <attribute name="Output H" value="8388608"/>
  <attribute name="Output I" value="200"/>
  <attribute name="Output T" value="1"/>
  <attribute name="Target GC Util Change" value ="20.000000" />
  <attribute name="Current GC Util Change" value="294.000000"/>
  <attribute name="GC Util currently" value="294" />
  <attribute name="CPU Util currently" value="13830715080929" />
<exclusive-end id="3509" timestamp="2019-06-17T04:32:10.982" durationms="4.012" />

<exclusive-start id="3510" timestamp="2019-06-17T04:32:11.012" intervalms="33.537">
  <response-info timems="0.062" idlems="0.062" threads="0" lastid="0000000002320700" lastname="main" />
</exclusive-start>
<allocation-taxation id="3511" taxation-threshold="24117248" timestamp="2019-06-17T04:32:11.012" intervalms="33.555" />
<cycle-start id="3512" type="partial gc" contextid="0" timestamp="2019-06-17T04:32:11.012" intervalms="33.539" />
<gc-start id="3513" type="partial gc" contextid="3512" timestamp="2019-06-17T04:32:11.012">
  <mem-info id="3514" free="18874368" total="71303168" percent="26">
    <mem type="eden" free="1048552" total="25165824" percent="4" />
    <remembered-set count="84992" freebytes="2506240" totalbytes="2846208" percent="88" regionsoverflowed="0" regionsstable="9" regionsrebuilding="0"/>
  </mem-info>
</gc-start>
<allocation-stats totalBytes="24114992" >
  <allocated-bytes non-tlh="0" tlh="24114992" arrayletleaf="0"/>
  <largest-consumer threadName="main" threadId="0000000002320700" bytes="24114992" />
</allocation-stats>
<gc-op id="3515" type="copy forward" timems="1.499" contextid="3512" timestamp="2019-06-17T04:32:11.015">
  <memory-copied type="eden" objects="30" bytes="920" bytesdiscarded="0" />
  <memory-copied type="other" objects="0" bytes="0" bytesdiscarded="0" />
  <memory-cardclean objects="95" bytes="2848" />
  <regions eden="23" other="1" />
  <remembered-set-cleared processed="83313" cleared="31" durationms="0.588" />
  <stringconstants candidates="13747" cleared="0"  />
</gc-op>
<gc-op id="3516" type="classunload" timems="0.004" contextid="3512" timestamp="2019-06-17T04:32:11.015">
  <classunload-info classloadercandidates="54" classloadersunloaded="0" classesunloaded="0" anonymousclassesunloaded="0" quiescems="0.000" setupms="0.004" scanms="0.000" postms="0.000" />
</gc-op>
<gc-end id="3517" type="partial gc" contextid="3512" durationms="2.874" usertimems="4.000" systemtimems="0.000" timestamp="2019-06-17T04:32:11.015" activeThreads="1">
  <mem-info id="3518" free="42991616" total="71303168" percent="60">
    <mem type="eden" free="1047656" total="1048576" percent="99" />
    <remembered-set count="85408" freebytes="2504576" totalbytes="2846208" percent="87" regionsoverflowed="0" regionsstable="9" regionsrebuilding="0"/>
  </mem-info>
</gc-end>
<cycle-end id="3519" type="partial gc" contextid="3512" timestamp="2019-06-17T04:32:11.015" />
  <attribute name="elasticGC enabled" value="1" />
  <attribute name= "numThreadsSpecified" value="1" />
  <attribute name="heapSize specified" value="0" />
  <attribute name="Current GC Util" value="269" />
  <attribute name= "Current Time Running" value="60450" />
  <attribute name ="GC Interval" value="0" />
  <attribute name="ProportionalT" value="373.500000" />
  <attribute name="ProportionalI" value="373.500000" />
  <attribute name="ProportionalH" value="373.500000" />
  <attribute name="Current Error" value="249.000000" />
  <attribute name="IntegralT" value="0.000000" />
  <attribute name="IntegralI" value="0.000000" />
  <attribute name="IntegralH" value="0.000000" />
  <attribute name="DerivativeT" value="inf" />
  <attribute name="DerivativeI" value="inf" />
  <attribute name="DerivativeH" value="inf" />
  <attribute name="Loop Time for DT" value="0.000000" />
  <attribute name="Output H" value="8388608"/>
  <attribute name="Output I" value="200"/>
  <attribute name="Output T" value="1"/>
  <attribute name="Target GC Util Change" value ="20.000000" />
  <attribute name="Current GC Util Change" value="269.000000"/>
  <attribute name="GC Util currently" value="269" />
  <attribute name="CPU Util currently" value="12242135710798" />
<exclusive-end id="3520" timestamp="2019-06-17T04:32:11.015" durationms="3.861" />

<exclusive-start id="3521" timestamp="2019-06-17T04:32:11.047" intervalms="34.963">
  <response-info timems="0.085" idlems="0.085" threads="0" lastid="0000000002320700" lastname="main" />
</exclusive-start>
<allocation-taxation id="3522" taxation-threshold="24117248" timestamp="2019-06-17T04:32:11.047" intervalms="34.965" />
<cycle-start id="3523" type="partial gc" contextid="0" timestamp="2019-06-17T04:32:11.047" intervalms="34.983" />
<gc-start id="3524" type="partial gc" contextid="3523" timestamp="2019-06-17T04:32:11.047">
  <mem-info id="3525" free="18874368" total="71303168" percent="26">
    <mem type="eden" free="0" total="24117248" percent="0" />
    <remembered-set count="84992" freebytes="2506240" totalbytes="2846208" percent="88" regionsoverflowed="0" regionsstable="9" regionsrebuilding="0"/>
  </mem-info>
</gc-start>
<allocation-stats totalBytes="24114608" >
  <allocated-bytes non-tlh="0" tlh="24114608" arrayletleaf="0"/>
  <largest-consumer threadName="main" threadId="0000000002320700" bytes="24114608" />
</allocation-stats>
<gc-op id="3526" type="copy forward" timems="1.559" contextid="3523" timestamp="2019-06-17T04:32:11.050">
  <memory-copied type="eden" objects="29" bytes="904" bytesdiscarded="0" />
  <memory-copied type="other" objects="7" bytes="160" bytesdiscarded="0" />
  <memory-cardclean objects="96" bytes="2952" />
  <regions eden="23" other="1" />
  <remembered-set-cleared processed="83322" cleared="47" durationms="0.578" />
  <stringconstants candidates="13747" cleared="0"  />
</gc-op>
<gc-op id="3527" type="classunload" timems="0.003" contextid="3523" timestamp="2019-06-17T04:32:11.050">
  <classunload-info classloadercandidates="54" classloadersunloaded="0" classesunloaded="0" anonymousclassesunloaded="0" quiescems="0.000" setupms="0.003" scanms="0.000" postms="0.000" />
</gc-op>
<gc-end id="3528" type="partial gc" contextid="3523" durationms="2.782" usertimems="4.000" systemtimems="0.000" timestamp="2019-06-17T04:32:11.050" activeThreads="1">
  <mem-info id="3529" free="41943040" total="71303168" percent="58">
    <mem type="eden" free="1047672" total="1048576" percent="99" />
    <remembered-set count="85408" freebytes="2504576" totalbytes="2846208" percent="87" regionsoverflowed="0" regionsstable="9" regionsrebuilding="0"/>
  </mem-info>
</gc-end>
<cycle-end id="3530" type="partial gc" contextid="3523" timestamp="2019-06-17T04:32:11.050" />
  <attribute name="elasticGC enabled" value="1" />
  <attribute name= "numThreadsSpecified" value="1" />
  <attribute name="heapSize specified" value="0" />
  <attribute name="Current GC Util" value="306" />
  <attribute name= "Current Time Running" value="60485" />
  <attribute name ="GC Interval" value="0" />
  <attribute name="ProportionalT" value="429.000000" />
  <attribute name="ProportionalI" value="429.000000" />
  <attribute name="ProportionalH" value="429.000000" />
  <attribute name="Current Error" value="286.000000" />
  <attribute name="IntegralT" value="0.000000" />
  <attribute name="IntegralI" value="0.000000" />
  <attribute name="IntegralH" value="0.000000" />
  <attribute name="DerivativeT" value="inf" />
  <attribute name="DerivativeI" value="inf" />
  <attribute name="DerivativeH" value="inf" />
  <attribute name="Loop Time for DT" value="0.000000" />
  <attribute name="Output H" value="8388608"/>
  <attribute name="Output I" value="200"/>
  <attribute name="Output T" value="1"/>
  <attribute name="Target GC Util Change" value ="20.000000" />
  <attribute name="Current GC Util Change" value="306.000000"/>
  <attribute name="GC Util currently" value="306" />
  <attribute name="CPU Util currently" value="13052581753983" />
<exclusive-end id="3531" timestamp="2019-06-17T04:32:11.050" durationms="3.858" />

<exclusive-start id="3532" timestamp="2019-06-17T04:32:11.087" intervalms="40.615">
  <response-info timems="0.054" idlems="0.054" threads="0" lastid="0000000002320700" lastname="main" />
</exclusive-start>
<allocation-taxation id="3533" taxation-threshold="24117248" timestamp="2019-06-17T04:32:11.087" intervalms="40.573" />
<cycle-start id="3534" type="partial gc" contextid="0" timestamp="2019-06-17T04:32:11.087" intervalms="40.483" />
<gc-start id="3535" type="partial gc" contextid="3534" timestamp="2019-06-17T04:32:11.088">
  <mem-info id="3536" free="17825792" total="71303168" percent="25">
    <mem type="eden" free="0" total="24117248" percent="0" />
    <remembered-set count="85024" freebytes="2506112" totalbytes="2846208" percent="88" regionsoverflowed="0" regionsstable="9" regionsrebuilding="0"/>
  </mem-info>
</gc-start>
<allocation-stats totalBytes="24113496" >
  <allocated-bytes non-tlh="0" tlh="24113496" arrayletleaf="0"/>
  <largest-consumer threadName="main" threadId="0000000002320700" bytes="24113496" />
</allocation-stats>
<gc-op id="3537" type="copy forward" timems="2.737" contextid="3534" timestamp="2019-06-17T04:32:11.091">
  <memory-copied type="eden" objects="30" bytes="912" bytesdiscarded="624" />
  <memory-copied type="other" objects="6" bytes="136" bytesdiscarded="672" />
  <memory-cardclean objects="66" bytes="2128" />
  <regions eden="23" other="1" />
  <remembered-set-cleared processed="83322" cleared="31" durationms="0.359" />
  <stringconstants candidates="13747" cleared="0"  />
</gc-op>
<gc-op id="3538" type="classunload" timems="0.004" contextid="3534" timestamp="2019-06-17T04:32:11.091">
  <classunload-info classloadercandidates="54" classloadersunloaded="0" classesunloaded="0" anonymousclassesunloaded="0" quiescems="0.000" setupms="0.003" scanms="0.000" postms="0.000" />
</gc-op>
<gc-end id="3539" type="partial gc" contextid="3534" durationms="4.142" usertimems="8.000" systemtimems="0.000" timestamp="2019-06-17T04:32:11.092" activeThreads="4">
  <mem-info id="3540" free="40894464" total="71303168" percent="57">
    <mem type="eden" free="1047040" total="1048576" percent="99" />
    <remembered-set count="84960" freebytes="2506368" totalbytes="2846208" percent="88" regionsoverflowed="0" regionsstable="9" regionsrebuilding="0"/>
  </mem-info>
</gc-end>
<cycle-end id="3541" type="partial gc" contextid="3534" timestamp="2019-06-17T04:32:11.092" />
  <attribute name="elasticGC enabled" value="1" />
  <attribute name= "numThreadsSpecified" value="4" />
  <attribute name="heapSize specified" value="0" />
  <attribute name="Current GC Util" value="287" />
  <attribute name= "Current Time Running" value="60526" />
  <attribute name ="GC Interval" value="0" />
  <attribute name="ProportionalT" value="400.500000" />
  <attribute name="ProportionalI" value="400.500000" />
  <attribute name="ProportionalH" value="400.500000" />
  <attribute name="Current Error" value="267.000000" />
  <attribute name="IntegralT" value="267.000000" />
  <attribute name="IntegralI" value="267.000000" />
  <attribute name="IntegralH" value="267.000000" />
  <attribute name="DerivativeT" value="400.500000" />
  <attribute name="DerivativeI" value="400.500000" />
  <attribute name="DerivativeH" value="400.500000" />
  <attribute name="Loop Time for DT" value="1.000000" />
  <attribute name="Output H" value="8388608"/>
  <attribute name="Output I" value="1072"/>
  <attribute name="Output T" value="4"/>
  <attribute name="Target GC Util Change" value ="20.000000" />
  <attribute name="Current GC Util Change" value="287.000000"/>
  <attribute name="GC Util currently" value="287" />
  <attribute name="CPU Util currently" value="12350028721144" />
<exclusive-end id="3542" timestamp="2019-06-17T04:32:11.092" durationms="5.002" />

<exclusive-start id="3543" timestamp="2019-06-17T04:32:11.130" intervalms="43.076">
  <response-info timems="0.235" idlems="0.235" threads="0" lastid="0000000002320700" lastname="main" />
</exclusive-start>
<allocation-taxation id="3544" taxation-threshold="24117248" timestamp="2019-06-17T04:32:11.130" intervalms="43.094" />
<cycle-start id="3545" type="partial gc" contextid="0" timestamp="2019-06-17T04:32:11.131" intervalms="43.092" />
<gc-start id="3546" type="partial gc" contextid="3545" timestamp="2019-06-17T04:32:11.131">
  <mem-info id="3547" free="16777216" total="71303168" percent="23">
    <mem type="eden" free="0" total="24117248" percent="0" />
    <remembered-set count="67232" freebytes="2577280" totalbytes="2846208" percent="90" regionsoverflowed="0" regionsstable="12" regionsrebuilding="0"/>
  </mem-info>
</gc-start>
<allocation-stats totalBytes="24114064" >
  <allocated-bytes non-tlh="0" tlh="24114064" arrayletleaf="0"/>
  <largest-consumer threadName="main" threadId="0000000002320700" bytes="24114064" />
</allocation-stats>
<gc-op id="3548" type="copy forward" timems="3.373" contextid="3545" timestamp="2019-06-17T04:32:11.135">
  <memory-copied type="eden" objects="2" bytes="48" bytesdiscarded="0" />
  <memory-copied type="other" objects="23" bytes="744" bytesdiscarded="680" />
  <memory-cardclean objects="54" bytes="1936" />
  <regions eden="23" other="1" />
  <remembered-set-cleared processed="65767" cleared="29" durationms="0.375" />
  <stringconstants candidates="13747" cleared="0"  />
</gc-op>
<gc-op id="3549" type="classunload" timems="0.004" contextid="3545" timestamp="2019-06-17T04:32:11.135">
  <classunload-info classloadercandidates="54" classloadersunloaded="0" classesunloaded="0" anonymousclassesunloaded="0" quiescems="0.000" setupms="0.004" scanms="0.000" postms="0.000" />
</gc-op>
<gc-end id="3550" type="partial gc" contextid="3545" durationms="4.611" usertimems="8.000" systemtimems="0.000" timestamp="2019-06-17T04:32:11.136" activeThreads="4">
  <mem-info id="3551" free="39845888" total="71303168" percent="55">
    <mem type="eden" free="1048528" total="1048576" percent="99" />
    <remembered-set count="67744" freebytes="2575232" totalbytes="2846208" percent="90" regionsoverflowed="0" regionsstable="12" regionsrebuilding="0"/>
  </mem-info>
</gc-end>
<cycle-end id="3552" type="partial gc" contextid="3545" timestamp="2019-06-17T04:32:11.136" />
  <attribute name="elasticGC enabled" value="1" />
  <attribute name= "numThreadsSpecified" value="4" />
  <attribute name="heapSize specified" value="0" />
  <attribute name="Current GC Util" value="164" />
  <attribute name= "Current Time Running" value="60569" />
  <attribute name ="GC Interval" value="0" />
  <attribute name="ProportionalT" value="216.000000" />
  <attribute name="ProportionalI" value="216.000000" />
  <attribute name="ProportionalH" value="216.000000" />
  <attribute name="Current Error" value="144.000000" />
  <attribute name="IntegralT" value="144.000000" />
  <attribute name="IntegralI" value="144.000000" />
  <attribute name="IntegralH" value="144.000000" />
  <attribute name="DerivativeT" value="216.000000" />
  <attribute name="DerivativeI" value="216.000000" />
  <attribute name="DerivativeH" value="216.000000" />
  <attribute name="Loop Time for DT" value="1.000000" />
  <attribute name="Output H" value="8388608"/>
  <attribute name="Output I" value="576"/>
  <attribute name="Output T" value="4"/>
  <attribute name="Target GC Util Change" value ="20.000000" />
  <attribute name="Current GC Util Change" value="164.000000"/>
  <attribute name="GC Util currently" value="164" />
  <attribute name="CPU Util currently" value="12061835435022" />
<exclusive-end id="3553" timestamp="2019-06-17T04:32:11.136" durationms="5.670" />

<exclusive-start id="3554" timestamp="2019-06-17T04:32:11.160" intervalms="29.631">
  <response-info timems="0.114" idlems="0.114" threads="0" lastid="0000000002320700" lastname="main" />
</exclusive-start>
<allocation-taxation id="3555" taxation-threshold="24117248" timestamp="2019-06-17T04:32:11.160" intervalms="29.652" />
<cycle-start id="3556" type="partial gc" contextid="0" timestamp="2019-06-17T04:32:11.160" intervalms="29.723" />
<gc-start id="3557" type="partial gc" contextid="3556" timestamp="2019-06-17T04:32:11.161">
  <mem-info id="3558" free="15728640" total="71303168" percent="22">
    <mem type="eden" free="1048528" total="25165824" percent="4" />
    <remembered-set count="4256" freebytes="2829184" totalbytes="2846208" percent="99" regionsoverflowed="0" regionsstable="16" regionsrebuilding="0"/>
  </mem-info>
</gc-start>
<allocation-stats totalBytes="24115584" >
  <allocated-bytes non-tlh="0" tlh="24115584" arrayletleaf="0"/>
  <largest-consumer threadName="main" threadId="0000000002320700" bytes="24115584" />
</allocation-stats>
<gc-op id="3559" type="copy forward" timems="2.464" contextid="3556" timestamp="2019-06-17T04:32:11.164">
  <memory-copied type="eden" objects="23" bytes="728" bytesdiscarded="1376" />
  <memory-copied type="other" objects="0" bytes="0" bytesdiscarded="0" />
  <memory-cardclean objects="100" bytes="2992" />
  <regions eden="23" other="1" />
  <remembered-set-cleared processed="2896" cleared="15" durationms="0.108" />
  <stringconstants candidates="13747" cleared="0"  />
</gc-op>
<gc-op id="3560" type="classunload" timems="0.004" contextid="3556" timestamp="2019-06-17T04:32:11.164">
  <classunload-info classloadercandidates="54" classloadersunloaded="0" classesunloaded="0" anonymousclassesunloaded="0" quiescems="0.000" setupms="0.004" scanms="0.000" postms="0.000" />
</gc-op>
<gc-end id="3561" type="partial gc" contextid="3556" durationms="3.707" usertimems="8.000" systemtimems="0.000" timestamp="2019-06-17T04:32:11.164" activeThreads="4">
  <mem-info id="3562" free="39845888" total="71303168" percent="55">
    <mem type="eden" free="1046472" total="1048576" percent="99" />
    <remembered-set count="4800" freebytes="2827008" totalbytes="2846208" percent="99" regionsoverflowed="0" regionsstable="16" regionsrebuilding="0"/>
  </mem-info>
</gc-end>
<cycle-end id="3563" type="partial gc" contextid="3556" timestamp="2019-06-17T04:32:11.164" />
  <attribute name="elasticGC enabled" value="1" />
  <attribute name= "numThreadsSpecified" value="4" />
  <attribute name="heapSize specified" value="0" />
  <attribute name="Current GC Util" value="168" />
  <attribute name= "Current Time Running" value="60599" />
  <attribute name ="GC Interval" value="0" />
  <attribute name="ProportionalT" value="222.000000" />
  <attribute name="ProportionalI" value="222.000000" />
  <attribute name="ProportionalH" value="222.000000" />
  <attribute name="Current Error" value="148.000000" />
  <attribute name="IntegralT" value="148.000000" />
  <attribute name="IntegralI" value="148.000000" />
  <attribute name="IntegralH" value="148.000000" />
  <attribute name="DerivativeT" value="211.500000" />
  <attribute name="DerivativeI" value="211.500000" />
  <attribute name="DerivativeH" value="211.500000" />
  <attribute name="Loop Time for DT" value="1.000000" />
  <attribute name="Output H" value="8388608"/>
  <attribute name="Output I" value="584"/>
  <attribute name="Output T" value="4"/>
  <attribute name="Target GC Util Change" value ="20.000000" />
  <attribute name="Current GC Util Change" value="168.000000"/>
  <attribute name="GC Util currently" value="168" />
  <attribute name="CPU Util currently" value="13195284551998" />
<exclusive-end id="3564" timestamp="2019-06-17T04:32:11.165" durationms="4.738" />

<exclusive-start id="3565" timestamp="2019-06-17T04:32:11.195" intervalms="35.624">
  <response-info timems="0.087" idlems="0.087" threads="0" lastid="0000000002320700" lastname="main" />
</exclusive-start>
<allocation-taxation id="3566" taxation-threshold="24117248" timestamp="2019-06-17T04:32:11.196" intervalms="35.671" />
<cycle-start id="3567" type="partial gc" contextid="0" timestamp="2019-06-17T04:32:11.196" intervalms="35.688" />
<gc-start id="3568" type="partial gc" contextid="3567" timestamp="2019-06-17T04:32:11.196">
  <mem-info id="3569" free="15728640" total="71303168" percent="22">
    <mem type="eden" free="0" total="24117248" percent="0" />
    <remembered-set count="2144" freebytes="2837632" totalbytes="2846208" percent="99" regionsoverflowed="0" regionsstable="17" regionsrebuilding="0"/>
  </mem-info>
</gc-start>
<allocation-stats totalBytes="24116200" >
  <allocated-bytes non-tlh="0" tlh="24116200" arrayletleaf="0"/>
  <largest-consumer threadName="main" threadId="0000000002320700" bytes="24116200" />
</allocation-stats>
<gc-op id="3570" type="copy forward" timems="1.131" contextid="3567" timestamp="2019-06-17T04:32:11.198">
  <memory-copied type="eden" objects="27" bytes="952" bytesdiscarded="0" />
  <memory-copied type="other" objects="7" bytes="160" bytesdiscarded="0" />
  <memory-cardclean objects="86" bytes="2584" />
  <regions eden="23" other="1" />
  <remembered-set-cleared processed="291" cleared="9" durationms="0.115" />
  <stringconstants candidates="13747" cleared="0"  />
</gc-op>
<gc-op id="3571" type="classunload" timems="0.004" contextid="3567" timestamp="2019-06-17T04:32:11.199">
  <classunload-info classloadercandidates="54" classloadersunloaded="0" classesunloaded="0" anonymousclassesunloaded="0" quiescems="0.000" setupms="0.004" scanms="0.000" postms="0.000" />
</gc-op>
<heap-resize id="3572" type="expand" space="default" amount="10485760" count="1" timems="0.083" reason="excessive time being spent in gc" timestamp="2019-06-17T04:32:11.199" />
<gc-end id="3573" type="partial gc" contextid="3567" durationms="2.770" usertimems="0.000" systemtimems="0.000" timestamp="2019-06-17T04:32:11.199" activeThreads="1">
  <mem-info id="3574" free="49283072" total="81788928" percent="60">
    <mem type="eden" free="1047624" total="1048576" percent="99" />
    <remembered-set count="2432" freebytes="3255040" totalbytes="3264768" percent="99" regionsoverflowed="0" regionsstable="17" regionsrebuilding="0"/>
  </mem-info>
</gc-end>
<cycle-end id="3575" type="partial gc" contextid="3567" timestamp="2019-06-17T04:32:11.199" />
  <attribute name="elasticGC enabled" value="1" />
  <attribute name= "numThreadsSpecified" value="1" />
  <attribute name="heapSize specified" value="0" />
  <attribute name="Current GC Util" value="146" />
  <attribute name= "Current Time Running" value="60634" />
  <attribute name ="GC Interval" value="0" />
  <attribute name="ProportionalT" value="189.000000" />
  <attribute name="ProportionalI" value="189.000000" />
  <attribute name="ProportionalH" value="189.000000" />
  <attribute name="Current Error" value="126.000000" />
  <attribute name="IntegralT" value="0.000000" />
  <attribute name="IntegralI" value="0.000000" />
  <attribute name="IntegralH" value="0.000000" />
  <attribute name="DerivativeT" value="inf" />
  <attribute name="DerivativeI" value="inf" />
  <attribute name="DerivativeH" value="inf" />
  <attribute name="Loop Time for DT" value="0.000000" />
  <attribute name="Output H" value="8388608"/>
  <attribute name="Output I" value="200"/>
  <attribute name="Output T" value="1"/>
  <attribute name="Target GC Util Change" value ="20.000000" />
  <attribute name="Current GC Util Change" value="146.000000"/>
  <attribute name="GC Util currently" value="146" />
  <attribute name="CPU Util currently" value="11603827546918" />
<exclusive-end id="3576" timestamp="2019-06-17T04:32:11.200" durationms="4.013" />

<exclusive-start id="3577" timestamp="2019-06-17T04:32:11.255" intervalms="59.098">
  <response-info timems="0.098" idlems="0.098" threads="0" lastid="0000000002320700" lastname="main" />
</exclusive-start>
<allocation-taxation id="3578" taxation-threshold="27262976" timestamp="2019-06-17T04:32:11.255" intervalms="59.060" />
<cycle-start id="3579" type="partial gc" contextid="0" timestamp="2019-06-17T04:32:11.255" intervalms="59.052" />
<gc-start id="3580" type="partial gc" contextid="3579" timestamp="2019-06-17T04:32:11.255">
  <mem-info id="3581" free="22020096" total="81788928" percent="26">
    <mem type="eden" free="0" total="27262976" percent="0" />
    <remembered-set count="2048" freebytes="3256576" totalbytes="3264768" percent="99" regionsoverflowed="0" regionsstable="17" regionsrebuilding="0"/>
  </mem-info>
</gc-start>
<allocation-stats totalBytes="27261248" >
  <allocated-bytes non-tlh="0" tlh="27261248" arrayletleaf="0"/>
  <largest-consumer threadName="main" threadId="0000000002320700" bytes="27261248" />
</allocation-stats>
<gc-op id="3582" type="copy forward" timems="1.138" contextid="3579" timestamp="2019-06-17T04:32:11.257">
  <memory-copied type="eden" objects="19" bytes="600" bytesdiscarded="0" />
  <memory-copied type="other" objects="6" bytes="136" bytesdiscarded="0" />
  <memory-cardclean objects="67" bytes="2112" />
  <regions eden="26" other="1" />
  <remembered-set-cleared processed="295" cleared="9" durationms="0.122" />
  <stringconstants candidates="13747" cleared="0"  />
</gc-op>
<gc-op id="3583" type="classunload" timems="0.004" contextid="3579" timestamp="2019-06-17T04:32:11.257">
  <classunload-info classloadercandidates="54" classloadersunloaded="0" classesunloaded="0" anonymousclassesunloaded="0" quiescems="0.000" setupms="0.004" scanms="0.000" postms="0.000" />
</gc-op>
<gc-end id="3584" type="partial gc" contextid="3579" durationms="2.444" usertimems="4.000" systemtimems="0.000" timestamp="2019-06-17T04:32:11.258" activeThreads="1">
  <mem-info id="3585" free="48234496" total="81788928" percent="58">
    <mem type="eden" free="1047976" total="1048576" percent="99" />
    <remembered-set count="2464" freebytes="3254912" totalbytes="3264768" percent="99" regionsoverflowed="0" regionsstable="17" regionsrebuilding="0"/>
  </mem-info>
</gc-end>
<cycle-end id="3586" type="partial gc" contextid="3579" timestamp="2019-06-17T04:32:11.258" />
  <attribute name="elasticGC enabled" value="1" />
  <attribute name= "numThreadsSpecified" value="1" />
  <attribute name="heapSize specified" value="0" />
  <attribute name="Current GC Util" value="251" />
  <attribute name= "Current Time Running" value="60693" />
  <attribute name ="GC Interval" value="0" />
  <attribute name="ProportionalT" value="346.500000" />
  <attribute name="ProportionalI" value="346.500000" />
  <attribute name="ProportionalH" value="346.500000" />
  <attribute name="Current Error" value="231.000000" />
  <attribute name="IntegralT" value="0.000000" />
  <attribute name="IntegralI" value="0.000000" />
  <attribute name="IntegralH" value="0.000000" />
  <attribute name="DerivativeT" value="inf" />
  <attribute name="DerivativeI" value="inf" />
  <attribute name="DerivativeH" value="inf" />
  <attribute name="Loop Time for DT" value="0.000000" />
  <attribute name="Output H" value="8388608"/>
  <attribute name="Output I" value="200"/>
  <attribute name="Output T" value="1"/>
  <attribute name="Target GC Util Change" value ="20.000000" />
  <attribute name="Current GC Util Change" value="251.000000"/>
  <attribute name="GC Util currently" value="251" />
  <attribute name="CPU Util currently" value="12287245850213" />
<exclusive-end id="3587" timestamp="2019-06-17T04:32:11.258" durationms="3.552" />

<exclusive-start id="3588" timestamp="2019-06-17T04:32:11.343" intervalms="88.530">
  <response-info timems="0.088" idlems="0.088" threads="0" lastid="0000000002320700" lastname="main" />
</exclusive-start>
<allocation-taxation id="3589" taxation-threshold="27262976" timestamp="2019-06-17T04:32:11.343" intervalms="88.585" />
<cycle-start id="3590" type="partial gc" contextid="0" timestamp="2019-06-17T04:32:11.344" intervalms="88.590" />
<gc-start id="3591" type="partial gc" contextid="3590" timestamp="2019-06-17T04:32:11.344">
  <mem-info id="3592" free="20971520" total="81788928" percent="25">
    <mem type="eden" free="0" total="27262976" percent="0" />
    <remembered-set count="2080" freebytes="3256448" totalbytes="3264768" percent="99" regionsoverflowed="0" regionsstable="17" regionsrebuilding="0"/>
  </mem-info>
</gc-start>
<allocation-stats totalBytes="27261184" >
  <allocated-bytes non-tlh="0" tlh="27261184" arrayletleaf="0"/>
  <largest-consumer threadName="main" threadId="0000000002320700" bytes="27261184" />
</allocation-stats>
<gc-op id="3593" type="copy forward" timems="3.105" contextid="3590" timestamp="2019-06-17T04:32:11.348">
  <memory-copied type="eden" objects="40" bytes="1072" bytesdiscarded="1040" />
  <memory-copied type="other" objects="6" bytes="136" bytesdiscarded="672" />
  <memory-cardclean objects="72" bytes="2176" />
  <regions eden="26" other="1" />
  <remembered-set-cleared processed="298" cleared="4" durationms="0.090" />
  <stringconstants candidates="13747" cleared="0"  />
</gc-op>
<gc-op id="3594" type="classunload" timems="0.005" contextid="3590" timestamp="2019-06-17T04:32:11.348">
  <classunload-info classloadercandidates="54" classloadersunloaded="0" classesunloaded="0" anonymousclassesunloaded="0" quiescems="0.000" setupms="0.005" scanms="0.000" postms="0.000" />
</gc-op>
<gc-end id="3595" type="partial gc" contextid="3590" durationms="4.217" usertimems="4.000" systemtimems="4.000" timestamp="2019-06-17T04:32:11.348" activeThreads="4">
  <mem-info id="3596" free="47185920" total="81788928" percent="57">
    <mem type="eden" free="1046464" total="1048576" percent="99" />
    <remembered-set count="2304" freebytes="3255552" totalbytes="3264768" percent="99" regionsoverflowed="0" regionsstable="17" regionsrebuilding="0"/>
  </mem-info>
</gc-end>
<cycle-end id="3597" type="partial gc" contextid="3590" timestamp="2019-06-17T04:32:11.348" />
  <attribute name="elasticGC enabled" value="1" />
  <attribute name= "numThreadsSpecified" value="4" />
  <attribute name="heapSize specified" value="0" />
  <attribute name="Current GC Util" value="275" />
  <attribute name= "Current Time Running" value="60782" />
  <attribute name ="GC Interval" value="0" />
  <attribute name="ProportionalT" value="382.500000" />
  <attribute name="ProportionalI" value="382.500000" />
  <attribute name="ProportionalH" value="382.500000" />
  <attribute name="Current Error" value="255.000000" />
  <attribute name="IntegralT" value="255.000000" />
  <attribute name="IntegralI" value="255.000000" />
  <attribute name="IntegralH" value="255.000000" />
  <attribute name="DerivativeT" value="382.500000" />
  <attribute name="DerivativeI" value="382.500000" />
  <attribute name="DerivativeH" value="382.500000" />
  <attribute name="Loop Time for DT" value="1.000000" />
  <attribute name="Output H" value="8388608"/>
  <attribute name="Output I" value="1024"/>
  <attribute name="Output T" value="4"/>
  <attribute name="Target GC Util Change" value ="20.000000" />
  <attribute name="Current GC Util Change" value="275.000000"/>
  <attribute name="GC Util currently" value="275" />
  <attribute name="CPU Util currently" value="12098478599731" />
<exclusive-end id="3598" timestamp="2019-06-17T04:32:11.349" durationms="5.523" />

<exclusive-start id="3599" timestamp="2019-06-17T04:32:11.360" intervalms="16.769">
  <response-info timems="0.067" idlems="0.067" threads="0" lastid="0000000002320700" lastname="main" />
</exclusive-start>
<allocation-taxation id="3600" taxation-threshold="27262976" timestamp="2019-06-17T04:32:11.360" intervalms="16.747" />
<cycle-start id="3601" type="partial gc" contextid="0" timestamp="2019-06-17T04:32:11.360" intervalms="16.704" />
<gc-start id="3602" type="partial gc" contextid="3601" timestamp="2019-06-17T04:32:11.361">
  <mem-info id="3603" free="19922944" total="81788928" percent="24">
    <mem type="eden" free="0" total="27262976" percent="0" />
    <remembered-set count="2304" freebytes="3255552" totalbytes="3264768" percent="99" regionsoverflowed="0" regionsstable="17" regionsrebuilding="0"/>
  </mem-info>
</gc-start>
<allocation-stats totalBytes="27260824" >
  <allocated-bytes non-tlh="0" tlh="27260824" arrayletleaf="0"/>
  <largest-consumer threadName="main" threadId="0000000002320700" bytes="27260824" />
</allocation-stats>
<gc-op id="3604" type="copy forward" timems="1.091" contextid="3601" timestamp="2019-06-17T04:32:11.363">
  <memory-copied type="eden" objects="4" bytes="96" bytesdiscarded="0" />
  <memory-copied type="other" objects="35" bytes="960" bytesdiscarded="0" />
  <memory-cardclean objects="47" bytes="1680" />
  <regions eden="26" other="1" />
  <remembered-set-cleared processed="302" cleared="5" durationms="0.117" />
  <stringconstants candidates="13747" cleared="0"  />
</gc-op>
<gc-op id="3605" type="classunload" timems="0.004" contextid="3601" timestamp="2019-06-17T04:32:11.363">
  <classunload-info classloadercandidates="54" classloadersunloaded="0" classesunloaded="0" anonymousclassesunloaded="0" quiescems="0.000" setupms="0.004" scanms="0.000" postms="0.000" />
</gc-op>
<gc-end id="3606" type="partial gc" contextid="3601" durationms="2.474" usertimems="4.000" systemtimems="0.000" timestamp="2019-06-17T04:32:11.363" activeThreads="1">
  <mem-info id="3607" free="46137344" total="81788928" percent="56">
    <mem type="eden" free="1048480" total="1048576" percent="99" />
    <remembered-set count="2656" freebytes="3254144" totalbytes="3264768" percent="99" regionsoverflowed="0" regionsstable="17" regionsrebuilding="0"/>
  </mem-info>
</gc-end>
<cycle-end id="3608" type="partial gc" contextid="3601" timestamp="2019-06-17T04:32:11.363" />
  <attribute name="elasticGC enabled" value="1" />
  <attribute name= "numThreadsSpecified" value="1" />
  <attribute name="heapSize specified" value="0" />
  <attribute name="Current GC Util" value="160" />
  <attribute name= "Current Time Running" value="60798" />
  <attribute name ="GC Interval" value="0" />
  <attribute name="ProportionalT" value="210.000000" />
  <attribute name="ProportionalI" value="210.000000" />
  <attribute name="ProportionalH" value="210.000000" />
  <attribute name="Current Error" value="140.000000" />
  <attribute name="IntegralT" value="0.000000" />
  <attribute name="IntegralI" value="0.000000" />
  <attribute name="IntegralH" value="0.000000" />
  <attribute name="DerivativeT" value="inf" />
  <attribute name="DerivativeI" value="inf" />
  <attribute name="DerivativeH" value="inf" />
  <attribute name="Loop Time for DT" value="0.000000" />
  <attribute name="Output H" value="8388608"/>
  <attribute name="Output I" value="200"/>
  <attribute name="Output T" value="1"/>
  <attribute name="Target GC Util Change" value ="20.000000" />
  <attribute name="Current GC Util Change" value="160.000000"/>
  <attribute name="GC Util currently" value="160" />
  <attribute name="CPU Util currently" value="12497319814300" />
<exclusive-end id="3609" timestamp="2019-06-17T04:32:11.363" durationms="3.530" />

<exclusive-start id="3610" timestamp="2019-06-17T04:32:11.396" intervalms="36.023">
  <response-info timems="0.084" idlems="0.084" threads="0" lastid="0000000002320700" lastname="main" />
</exclusive-start>
<allocation-taxation id="3611" taxation-threshold="27262976" timestamp="2019-06-17T04:32:11.396" intervalms="36.036" />
<cycle-start id="3612" type="partial gc" contextid="0" timestamp="2019-06-17T04:32:11.396" intervalms="36.079" />
<gc-start id="3613" type="partial gc" contextid="3612" timestamp="2019-06-17T04:32:11.397">
  <mem-info id="3614" free="18874368" total="81788928" percent="23">
    <mem type="eden" free="1048480" total="28311552" percent="3" />
    <remembered-set count="2240" freebytes="3255808" totalbytes="3264768" percent="99" regionsoverflowed="0" regionsstable="17" regionsrebuilding="0"/>
  </mem-info>
</gc-start>
<allocation-stats totalBytes="27261064" >
  <allocated-bytes non-tlh="0" tlh="27261064" arrayletleaf="0"/>
  <largest-consumer threadName="main" threadId="0000000002320700" bytes="27261064" />
</allocation-stats>
<gc-op id="3615" type="copy forward" timems="2.997" contextid="3612" timestamp="2019-06-17T04:32:11.401">
  <memory-copied type="eden" objects="34" bytes="984" bytesdiscarded="584" />
  <memory-copied type="other" objects="0" bytes="0" bytesdiscarded="0" />
  <memory-cardclean objects="59" bytes="2376" />
  <regions eden="26" other="1" />
  <remembered-set-cleared processed="305" cleared="3" durationms="0.094" />
  <stringconstants candidates="13747" cleared="0"  />
</gc-op>
<gc-op id="3616" type="classunload" timems="0.004" contextid="3612" timestamp="2019-06-17T04:32:11.401">
  <classunload-info classloadercandidates="54" classloadersunloaded="0" classesunloaded="0" anonymousclassesunloaded="0" quiescems="0.000" setupms="0.004" scanms="0.000" postms="0.000" />
</gc-op>
<gc-end id="3617" type="partial gc" contextid="3612" durationms="4.362" usertimems="8.000" systemtimems="0.000" timestamp="2019-06-17T04:32:11.401" activeThreads="4">
  <mem-info id="3618" free="46137344" total="81788928" percent="56">
    <mem type="eden" free="1047008" total="1048576" percent="99" />
    <remembered-set count="1920" freebytes="3257088" totalbytes="3264768" percent="99" regionsoverflowed="0" regionsstable="17" regionsrebuilding="0"/>
  </mem-info>
</gc-end>
<cycle-end id="3619" type="partial gc" contextid="3612" timestamp="2019-06-17T04:32:11.401" />
  <attribute name="elasticGC enabled" value="1" />
  <attribute name= "numThreadsSpecified" value="4" />
  <attribute name="heapSize specified" value="0" />
  <attribute name="Current GC Util" value="277" />
  <attribute name= "Current Time Running" value="60835" />
  <attribute name ="GC Interval" value="0" />
  <attribute name="ProportionalT" value="385.500000" />
  <attribute name="ProportionalI" value="385.500000" />
  <attribute name="ProportionalH" value="385.500000" />
  <attribute name="Current Error" value="257.000000" />
  <attribute name="IntegralT" value="257.000000" />
  <attribute name="IntegralI" value="257.000000" />
  <attribute name="IntegralH" value="257.000000" />
  <attribute name="DerivativeT" value="385.500000" />
  <attribute name="DerivativeI" value="385.500000" />
  <attribute name="DerivativeH" value="385.500000" />
  <attribute name="Loop Time for DT" value="1.000000" />
  <attribute name="Output H" value="8388608"/>
  <attribute name="Output I" value="1032"/>
  <attribute name="Output T" value="4"/>
  <attribute name="Target GC Util Change" value ="20.000000" />
  <attribute name="Current GC Util Change" value="277.000000"/>
  <attribute name="GC Util currently" value="277" />
  <attribute name="CPU Util currently" value="10868748273960" />
<exclusive-end id="3620" timestamp="2019-06-17T04:32:11.401" durationms="5.532" />

<exclusive-start id="3621" timestamp="2019-06-17T04:32:11.436" intervalms="39.972">
  <response-info timems="0.055" idlems="0.055" threads="0" lastid="0000000002320700" lastname="main" />
</exclusive-start>
<allocation-taxation id="3622" taxation-threshold="27262976" timestamp="2019-06-17T04:32:11.436" intervalms="39.925" />
<cycle-start id="3623" type="partial gc" contextid="0" timestamp="2019-06-17T04:32:11.436" intervalms="39.911" />
<gc-start id="3624" type="partial gc" contextid="3623" timestamp="2019-06-17T04:32:11.437">
  <mem-info id="3625" free="18874368" total="81788928" percent="23">
    <mem type="eden" free="0" total="27262976" percent="0" />
    <remembered-set count="1920" freebytes="3257088" totalbytes="3264768" percent="99" regionsoverflowed="0" regionsstable="17" regionsrebuilding="0"/>
  </mem-info>
</gc-start>
<allocation-stats totalBytes="27261208" >
  <allocated-bytes non-tlh="0" tlh="27261208" arrayletleaf="0"/>
  <largest-consumer threadName="main" threadId="0000000002320700" bytes="27261208" />
</allocation-stats>
<gc-op id="3626" type="copy forward" timems="2.729" contextid="3623" timestamp="2019-06-17T04:32:11.441">
  <memory-copied type="eden" objects="30" bytes="944" bytesdiscarded="560" />
  <memory-copied type="other" objects="8" bytes="184" bytesdiscarded="696" />
  <memory-cardclean objects="114" bytes="11776" />
  <regions eden="26" other="1" />
  <remembered-set-cleared processed="303" cleared="9" durationms="0.091" />
  <references type="weak" candidates="2" cleared="0" enqueued="0" />
  <stringconstants candidates="13747" cleared="0"  />
</gc-op>
<gc-op id="3627" type="classunload" timems="0.004" contextid="3623" timestamp="2019-06-17T04:32:11.441">
  <classunload-info classloadercandidates="54" classloadersunloaded="0" classesunloaded="0" anonymousclassesunloaded="0" quiescems="0.000" setupms="0.004" scanms="0.000" postms="0.000" />
</gc-op>
<heap-resize id="3628" type="expand" space="default" amount="10485760" count="1" timems="0.081" reason="excessive time being spent in gc" timestamp="2019-06-17T04:32:11.441" />
<gc-end id="3629" type="partial gc" contextid="3623" durationms="4.473" usertimems="8.000" systemtimems="0.000" timestamp="2019-06-17T04:32:11.441" activeThreads="4">
  <mem-info id="3630" free="55574528" total="92274688" percent="60">
    <mem type="eden" free="1047072" total="1048576" percent="99" />
    <remembered-set count="1888" freebytes="3675776" totalbytes="3683328" percent="99" regionsoverflowed="0" regionsstable="17" regionsrebuilding="0"/>
  </mem-info>
</gc-end>
<cycle-end id="3631" type="partial gc" contextid="3623" timestamp="2019-06-17T04:32:11.441" />
  <attribute name="elasticGC enabled" value="1" />
  <attribute name= "numThreadsSpecified" value="4" />
  <attribute name="heapSize specified" value="0" />
  <attribute name="Current GC Util" value="106" />
  <attribute name= "Current Time Running" value="60875" />
  <attribute name ="GC Interval" value="0" />
  <attribute name="ProportionalT" value="129.000000" />
  <attribute name="ProportionalI" value="129.000000" />
  <attribute name="ProportionalH" value="129.000000" />
  <attribute name="Current Error" value="86.000000" />
  <attribute name="IntegralT" value="86.000000" />
  <attribute name="IntegralI" value="86.000000" />
  <attribute name="IntegralH" value="86.000000" />
  <attribute name="DerivativeT" value="129.000000" />
  <attribute name="DerivativeI" value="129.000000" />
  <attribute name="DerivativeH" value="129.000000" />
  <attribute name="Loop Time for DT" value="1.000000" />
  <attribute name="Output H" value="8388608"/>
  <attribute name="Output I" value="344"/>
  <attribute name="Output T" value="4"/>
  <attribute name="Target GC Util Change" value ="20.000000" />
  <attribute name="Current GC Util Change" value="106.000000"/>
  <attribute name="GC Util currently" value="106" />
  <attribute name="CPU Util currently" value="7048274451951" />
<exclusive-end id="3632" timestamp="2019-06-17T04:32:11.442" durationms="5.659" />

<exclusive-start id="3633" timestamp="2019-06-17T04:32:11.470" intervalms="33.920">
  <response-info timems="0.131" idlems="0.131" threads="0" lastid="0000000002320700" lastname="main" />
</exclusive-start>
<allocation-taxation id="3634" taxation-threshold="29360128" timestamp="2019-06-17T04:32:11.470" intervalms="33.936" />
<cycle-start id="3635" type="partial gc" contextid="0" timestamp="2019-06-17T04:32:11.470" intervalms="33.935" />
<gc-start id="3636" type="partial gc" contextid="3635" timestamp="2019-06-17T04:32:11.471">
  <mem-info id="3637" free="26214400" total="92274688" percent="28">
    <mem type="eden" free="0" total="29360128" percent="0" />
    <remembered-set count="1888" freebytes="3675776" totalbytes="3683328" percent="99" regionsoverflowed="0" regionsstable="17" regionsrebuilding="0"/>
  </mem-info>
</gc-start>
<allocation-stats totalBytes="29357864" >
  <allocated-bytes non-tlh="0" tlh="29357864" arrayletleaf="0"/>
  <largest-consumer threadName="main" threadId="0000000002320700" bytes="29357864" />
</allocation-stats>
<gc-op id="3638" type="copy forward" timems="1.197" contextid="3635" timestamp="2019-06-17T04:32:11.473">
  <memory-copied type="eden" objects="9" bytes="256" bytesdiscarded="0" />
  <memory-copied type="other" objects="19" bytes="632" bytesdiscarded="0" />
  <memory-cardclean objects="56" bytes="9992" />
  <regions eden="28" other="1" />
  <remembered-set-cleared processed="306" cleared="8" durationms="0.127" />
  <references type="weak" candidates="2" cleared="0" enqueued="0" />
  <stringconstants candidates="13747" cleared="0"  />
</gc-op>
<gc-op id="3639" type="classunload" timems="0.004" contextid="3635" timestamp="2019-06-17T04:32:11.473">
  <classunload-info classloadercandidates="54" classloadersunloaded="0" classesunloaded="0" anonymousclassesunloaded="0" quiescems="0.000" setupms="0.004" scanms="0.000" postms="0.000" />
</gc-op>
<gc-end id="3640" type="partial gc" contextid="3635" durationms="2.438" usertimems="4.000" systemtimems="0.000" timestamp="2019-06-17T04:32:11.473" activeThreads="1">
  <mem-info id="3641" free="54525952" total="92274688" percent="59">
    <mem type="eden" free="1048320" total="1048576" percent="99" />
    <remembered-set count="2240" freebytes="3674368" totalbytes="3683328" percent="99" regionsoverflowed="0" regionsstable="17" regionsrebuilding="0"/>
  </mem-info>
</gc-end>
<cycle-end id="3642" type="partial gc" contextid="3635" timestamp="2019-06-17T04:32:11.473" />
  <attribute name="elasticGC enabled" value="1" />
  <attribute name= "numThreadsSpecified" value="1" />
  <attribute name="heapSize specified" value="0" />
  <attribute name="Current GC Util" value="158" />
  <attribute name= "Current Time Running" value="60908" />
  <attribute name ="GC Interval" value="0" />
  <attribute name="ProportionalT" value="207.000000" />
  <attribute name="ProportionalI" value="207.000000" />
  <attribute name="ProportionalH" value="207.000000" />
  <attribute name="Current Error" value="138.000000" />
  <attribute name="IntegralT" value="0.000000" />
  <attribute name="IntegralI" value="0.000000" />
  <attribute name="IntegralH" value="0.000000" />
  <attribute name="DerivativeT" value="inf" />
  <attribute name="DerivativeI" value="inf" />
  <attribute name="DerivativeH" value="inf" />
  <attribute name="Loop Time for DT" value="0.000000" />
  <attribute name="Output H" value="8388608"/>
  <attribute name="Output I" value="200"/>
  <attribute name="Output T" value="1"/>
  <attribute name="Target GC Util Change" value ="20.000000" />
  <attribute name="Current GC Util Change" value="158.000000"/>
  <attribute name="GC Util currently" value="158" />
  <attribute name="CPU Util currently" value="12281715651626" />
<exclusive-end id="3643" timestamp="2019-06-17T04:32:11.473" durationms="3.639" />

<exclusive-start id="3644" timestamp="2019-06-17T04:32:11.547" intervalms="77.583">
  <response-info timems="0.078" idlems="0.078" threads="0" lastid="0000000002320700" lastname="main" />
</exclusive-start>
<allocation-taxation id="3645" taxation-threshold="29360128" timestamp="2019-06-17T04:32:11.548" intervalms="77.558" />
<cycle-start id="3646" type="partial gc" contextid="0" timestamp="2019-06-17T04:32:11.548" intervalms="77.559" />
<gc-start id="3647" type="partial gc" contextid="3646" timestamp="2019-06-17T04:32:11.548">
  <mem-info id="3648" free="25165824" total="92274688" percent="27">
    <mem type="eden" free="1048320" total="30408704" percent="3" />
    <remembered-set count="1824" freebytes="3676032" totalbytes="3683328" percent="99" regionsoverflowed="0" regionsstable="17" regionsrebuilding="0"/>
  </mem-info>
</gc-start>
<allocation-stats totalBytes="29356632" >
  <allocated-bytes non-tlh="0" tlh="29356632" arrayletleaf="0"/>
  <largest-consumer threadName="main" threadId="0000000002320700" bytes="29356632" />
</allocation-stats>
<gc-op id="3649" type="copy forward" timems="1.301" contextid="3646" timestamp="2019-06-17T04:32:11.550">
  <memory-copied type="eden" objects="54" bytes="2224" bytesdiscarded="0" />
  <memory-copied type="other" objects="0" bytes="0" bytesdiscarded="0" />
  <memory-cardclean objects="98" bytes="2928" />
  <regions eden="28" other="1" />
  <remembered-set-cleared processed="311" cleared="13" durationms="0.132" />
  <stringconstants candidates="13747" cleared="0"  />
</gc-op>
<gc-op id="3650" type="classunload" timems="0.003" contextid="3646" timestamp="2019-06-17T04:32:11.550">
  <classunload-info classloadercandidates="54" classloadersunloaded="0" classesunloaded="0" anonymousclassesunloaded="0" quiescems="0.000" setupms="0.003" scanms="0.000" postms="0.000" />
</gc-op>
<gc-end id="3651" type="partial gc" contextid="3646" durationms="2.595" usertimems="0.000" systemtimems="4.000" timestamp="2019-06-17T04:32:11.551" activeThreads="1">
  <mem-info id="3652" free="54525952" total="92274688" percent="59">
    <mem type="eden" free="1046352" total="1048576" percent="99" />
    <remembered-set count="2304" freebytes="3674112" totalbytes="3683328" percent="99" regionsoverflowed="0" regionsstable="17" regionsrebuilding="0"/>
  </mem-info>
</gc-end>
<cycle-end id="3653" type="partial gc" contextid="3646" timestamp="2019-06-17T04:32:11.551" />
  <attribute name="elasticGC enabled" value="1" />
  <attribute name= "numThreadsSpecified" value="1" />
  <attribute name="heapSize specified" value="0" />
  <attribute name="Current GC Util" value="275" />
  <attribute name= "Current Time Running" value="60986" />
  <attribute name ="GC Interval" value="0" />
  <attribute name="ProportionalT" value="382.500000" />
  <attribute name="ProportionalI" value="382.500000" />
  <attribute name="ProportionalH" value="382.500000" />
  <attribute name="Current Error" value="255.000000" />
  <attribute name="IntegralT" value="0.000000" />
  <attribute name="IntegralI" value="0.000000" />
  <attribute name="IntegralH" value="0.000000" />
  <attribute name="DerivativeT" value="inf" />
  <attribute name="DerivativeI" value="inf" />
  <attribute name="DerivativeH" value="inf" />
  <attribute name="Loop Time for DT" value="0.000000" />
  <attribute name="Output H" value="8388608"/>
  <attribute name="Output I" value="200"/>
  <attribute name="Output T" value="1"/>
  <attribute name="Target GC Util Change" value ="20.000000" />
  <attribute name="Current GC Util Change" value="275.000000"/>
  <attribute name="GC Util currently" value="275" />
  <attribute name="CPU Util currently" value="13412614222602" />
<exclusive-end id="3654" timestamp="2019-06-17T04:32:11.551" durationms="3.666" />

<exclusive-start id="3655" timestamp="2019-06-17T04:32:11.616" intervalms="68.764">
  <response-info timems="0.090" idlems="0.090" threads="0" lastid="0000000002320700" lastname="main" />
</exclusive-start>
<allocation-taxation id="3656" taxation-threshold="29360128" timestamp="2019-06-17T04:32:11.616" intervalms="68.746" />
<cycle-start id="3657" type="partial gc" contextid="0" timestamp="2019-06-17T04:32:11.617" intervalms="68.739" />
<gc-start id="3658" type="partial gc" contextid="3657" timestamp="2019-06-17T04:32:11.617">
  <mem-info id="3659" free="25165824" total="92274688" percent="27">
    <mem type="eden" free="0" total="29360128" percent="0" />
    <remembered-set count="1856" freebytes="3675904" totalbytes="3683328" percent="99" regionsoverflowed="0" regionsstable="17" regionsrebuilding="0"/>
  </mem-info>
</gc-start>
<allocation-stats totalBytes="29334576" >
  <allocated-bytes non-tlh="0" tlh="29334576" arrayletleaf="0"/>
  <largest-consumer threadName="main" threadId="0000000002320700" bytes="29334576" />
</allocation-stats>
<gc-op id="3660" type="copy forward" timems="3.032" contextid="3657" timestamp="2019-06-17T04:32:11.621">
  <memory-copied type="eden" objects="4" bytes="184" bytesdiscarded="0" />
  <memory-copied type="other" objects="53" bytes="2192" bytesdiscarded="456" />
  <memory-cardclean objects="75" bytes="2560" />
  <regions eden="28" other="1" />
  <remembered-set-cleared processed="309" cleared="11" durationms="0.099" />
  <stringconstants candidates="13747" cleared="0"  />
</gc-op>
<gc-op id="3661" type="classunload" timems="0.004" contextid="3657" timestamp="2019-06-17T04:32:11.621">
  <classunload-info classloadercandidates="54" classloadersunloaded="0" classesunloaded="0" anonymousclassesunloaded="0" quiescems="0.000" setupms="0.004" scanms="0.000" postms="0.000" />
</gc-op>
<gc-end id="3662" type="partial gc" contextid="3657" durationms="4.269" usertimems="8.000" systemtimems="0.000" timestamp="2019-06-17T04:32:11.621" activeThreads="4">
  <mem-info id="3663" free="53477376" total="92274688" percent="57">
    <mem type="eden" free="1048392" total="1048576" percent="99" />
    <remembered-set count="2016" freebytes="3675264" totalbytes="3683328" percent="99" regionsoverflowed="0" regionsstable="17" regionsrebuilding="0"/>
  </mem-info>
</gc-end>
<cycle-end id="3664" type="partial gc" contextid="3657" timestamp="2019-06-17T04:32:11.621" />
  <attribute name="elasticGC enabled" value="1" />
  <attribute name= "numThreadsSpecified" value="4" />
  <attribute name="heapSize specified" value="0" />
  <attribute name="Current GC Util" value="269" />
  <attribute name= "Current Time Running" value="61055" />
  <attribute name ="GC Interval" value="0" />
  <attribute name="ProportionalT" value="373.500000" />
  <attribute name="ProportionalI" value="373.500000" />
  <attribute name="ProportionalH" value="373.500000" />
  <attribute name="Current Error" value="249.000000" />
  <attribute name="IntegralT" value="249.000000" />
  <attribute name="IntegralI" value="249.000000" />
  <attribute name="IntegralH" value="249.000000" />
  <attribute name="DerivativeT" value="373.500000" />
  <attribute name="DerivativeI" value="373.500000" />
  <attribute name="DerivativeH" value="373.500000" />
  <attribute name="Loop Time for DT" value="1.000000" />
  <attribute name="Output H" value="8388608"/>
  <attribute name="Output I" value="1000"/>
  <attribute name="Output T" value="4"/>
  <attribute name="Target GC Util Change" value ="20.000000" />
  <attribute name="Current GC Util Change" value="269.000000"/>
  <attribute name="GC Util currently" value="269" />
  <attribute name="CPU Util currently" value="12441856190092" />
<exclusive-end id="3665" timestamp="2019-06-17T04:32:11.621" durationms="5.250" />

<exclusive-start id="3666" timestamp="2019-06-17T04:32:11.685" intervalms="68.839">
  <response-info timems="0.182" idlems="0.182" threads="0" lastid="0000000002320700" lastname="main" />
</exclusive-start>
<allocation-taxation id="3667" taxation-threshold="29360128" timestamp="2019-06-17T04:32:11.685" intervalms="68.849" />
<cycle-start id="3668" type="partial gc" contextid="0" timestamp="2019-06-17T04:32:11.685" intervalms="68.886" />
<gc-start id="3669" type="partial gc" contextid="3668" timestamp="2019-06-17T04:32:11.686">
  <mem-info id="3670" free="24117248" total="92274688" percent="26">
    <mem type="eden" free="1048392" total="30408704" percent="3" />
    <remembered-set count="2016" freebytes="3675264" totalbytes="3683328" percent="99" regionsoverflowed="0" regionsstable="17" regionsrebuilding="0"/>
  </mem-info>
</gc-start>
<allocation-stats totalBytes="29337112" >
  <allocated-bytes non-tlh="0" tlh="29337112" arrayletleaf="0"/>
  <largest-consumer threadName="main" threadId="0000000002320700" bytes="29337112" />
</allocation-stats>
<gc-op id="3671" type="copy forward" timems="1.062" contextid="3668" timestamp="2019-06-17T04:32:11.688">
  <memory-copied type="eden" objects="5" bytes="632" bytesdiscarded="0" />
  <memory-copied type="other" objects="0" bytes="0" bytesdiscarded="0" />
  <memory-cardclean objects="11" bytes="416" />
  <regions eden="28" other="1" />
  <remembered-set-cleared processed="316" cleared="1" durationms="0.127" />
  <stringconstants candidates="13747" cleared="0"  />
</gc-op>
<gc-op id="3672" type="classunload" timems="0.004" contextid="3668" timestamp="2019-06-17T04:32:11.688">
  <classunload-info classloadercandidates="54" classloadersunloaded="0" classesunloaded="0" anonymousclassesunloaded="0" quiescems="0.000" setupms="0.004" scanms="0.000" postms="0.000" />
</gc-op>
<gc-end id="3673" type="partial gc" contextid="3668" durationms="2.313" usertimems="4.000" systemtimems="0.000" timestamp="2019-06-17T04:32:11.688" activeThreads="1">
  <mem-info id="3674" free="53477376" total="92274688" percent="57">
    <mem type="eden" free="1047944" total="1048576" percent="99" />
    <remembered-set count="2496" freebytes="3673344" totalbytes="3683328" percent="99" regionsoverflowed="0" regionsstable="17" regionsrebuilding="0"/>
  </mem-info>
</gc-end>
<cycle-end id="3675" type="partial gc" contextid="3668" timestamp="2019-06-17T04:32:11.688" />
  <attribute name="elasticGC enabled" value="1" />
  <attribute name= "numThreadsSpecified" value="1" />
  <attribute name="heapSize specified" value="0" />
  <attribute name="Current GC Util" value="217" />
  <attribute name= "Current Time Running" value="61123" />
  <attribute name ="GC Interval" value="0" />
  <attribute name="ProportionalT" value="295.500000" />
  <attribute name="ProportionalI" value="295.500000" />
  <attribute name="ProportionalH" value="295.500000" />
  <attribute name="Current Error" value="197.000000" />
  <attribute name="IntegralT" value="0.000000" />
  <attribute name="IntegralI" value="0.000000" />
  <attribute name="IntegralH" value="0.000000" />
  <attribute name="DerivativeT" value="inf" />
  <attribute name="DerivativeI" value="inf" />
  <attribute name="DerivativeH" value="inf" />
  <attribute name="Loop Time for DT" value="0.000000" />
  <attribute name="Output H" value="8388608"/>
  <attribute name="Output I" value="200"/>
  <attribute name="Output T" value="1"/>
  <attribute name="Target GC Util Change" value ="20.000000" />
  <attribute name="Current GC Util Change" value="217.000000"/>
  <attribute name="GC Util currently" value="217" />
  <attribute name="CPU Util currently" value="13931617963436" />
<exclusive-end id="3676" timestamp="2019-06-17T04:32:11.688" durationms="3.381" />

<exclusive-start id="3677" timestamp="2019-06-17T04:32:11.749" intervalms="63.617">
  <response-info timems="0.086" idlems="0.086" threads="0" lastid="0000000002320700" lastname="main" />
</exclusive-start>
<allocation-taxation id="3678" taxation-threshold="29360128" timestamp="2019-06-17T04:32:11.749" intervalms="63.638" />
<cycle-start id="3679" type="partial gc" contextid="0" timestamp="2019-06-17T04:32:11.749" intervalms="63.664" />
<gc-start id="3680" type="partial gc" contextid="3679" timestamp="2019-06-17T04:32:11.749">
  <mem-info id="3681" free="24117248" total="92274688" percent="26">
    <mem type="eden" free="1047944" total="30408704" percent="3" />
    <remembered-set count="2048" freebytes="3675136" totalbytes="3683328" percent="99" regionsoverflowed="0" regionsstable="17" regionsrebuilding="0"/>
  </mem-info>
</gc-start>
<allocation-stats totalBytes="29347912" >
  <allocated-bytes non-tlh="0" tlh="29347912" arrayletleaf="0"/>
  <largest-consumer threadName="main" threadId="0000000002320700" bytes="29347912" />
</allocation-stats>
<gc-op id="3682" type="copy forward" timems="1.077" contextid="3679" timestamp="2019-06-17T04:32:11.751">
  <memory-copied type="eden" objects="26" bytes="776" bytesdiscarded="0" />
  <memory-copied type="other" objects="0" bytes="0" bytesdiscarded="0" />
  <memory-cardclean objects="67" bytes="2336" />
  <regions eden="28" other="1" />
  <remembered-set-cleared processed="316" cleared="6" durationms="0.125" />
  <stringconstants candidates="13747" cleared="0"  />
</gc-op>
<gc-op id="3683" type="classunload" timems="0.004" contextid="3679" timestamp="2019-06-17T04:32:11.752">
  <classunload-info classloadercandidates="54" classloadersunloaded="0" classesunloaded="0" anonymousclassesunloaded="0" quiescems="0.000" setupms="0.003" scanms="0.000" postms="0.000" />
</gc-op>
<gc-end id="3684" type="partial gc" contextid="3679" durationms="2.432" usertimems="4.000" systemtimems="0.000" timestamp="2019-06-17T04:32:11.752" activeThreads="1">
  <mem-info id="3685" free="53477376" total="92274688" percent="57">
    <mem type="eden" free="1047800" total="1048576" percent="99" />
    <remembered-set count="2496" freebytes="3673344" totalbytes="3683328" percent="99" regionsoverflowed="0" regionsstable="17" regionsrebuilding="0"/>
  </mem-info>
</gc-end>
<cycle-end id="3686" type="partial gc" contextid="3679" timestamp="2019-06-17T04:32:11.752" />
  <attribute name="elasticGC enabled" value="1" />
  <attribute name= "numThreadsSpecified" value="1" />
  <attribute name="heapSize specified" value="0" />
  <attribute name="Current GC Util" value="246" />
  <attribute name= "Current Time Running" value="61187" />
  <attribute name ="GC Interval" value="0" />
  <attribute name="ProportionalT" value="339.000000" />
  <attribute name="ProportionalI" value="339.000000" />
  <attribute name="ProportionalH" value="339.000000" />
  <attribute name="Current Error" value="226.000000" />
  <attribute name="IntegralT" value="0.000000" />
  <attribute name="IntegralI" value="0.000000" />
  <attribute name="IntegralH" value="0.000000" />
  <attribute name="DerivativeT" value="inf" />
  <attribute name="DerivativeI" value="inf" />
  <attribute name="DerivativeH" value="inf" />
  <attribute name="Loop Time for DT" value="0.000000" />
  <attribute name="Output H" value="8388608"/>
  <attribute name="Output I" value="200"/>
  <attribute name="Output T" value="1"/>
  <attribute name="Target GC Util Change" value ="20.000000" />
  <attribute name="Current GC Util Change" value="246.000000"/>
  <attribute name="GC Util currently" value="246" />
  <attribute name="CPU Util currently" value="11879512044003" />
<exclusive-end id="3687" timestamp="2019-06-17T04:32:11.752" durationms="3.705" />

<exclusive-start id="3688" timestamp="2019-06-17T04:32:11.775" intervalms="26.257">
  <response-info timems="0.110" idlems="0.110" threads="0" lastid="0000000002320700" lastname="main" />
</exclusive-start>
<allocation-taxation id="3689" taxation-threshold="29360128" timestamp="2019-06-17T04:32:11.775" intervalms="26.248" />
<cycle-start id="3690" type="partial gc" contextid="0" timestamp="2019-06-17T04:32:11.775" intervalms="26.206" />
<gc-start id="3691" type="partial gc" contextid="3690" timestamp="2019-06-17T04:32:11.776">
  <mem-info id="3692" free="24117248" total="92274688" percent="26">
    <mem type="eden" free="0" total="29360128" percent="0" />
    <remembered-set count="2048" freebytes="3675136" totalbytes="3683328" percent="99" regionsoverflowed="0" regionsstable="17" regionsrebuilding="0"/>
  </mem-info>
</gc-start>
<allocation-stats totalBytes="29336624" >
  <allocated-bytes non-tlh="0" tlh="29336624" arrayletleaf="0"/>
  <largest-consumer threadName="main" threadId="0000000002320700" bytes="29336624" />
</allocation-stats>
<gc-op id="3693" type="copy forward" timems="3.519" contextid="3690" timestamp="2019-06-17T04:32:11.780">
  <memory-copied type="eden" objects="24" bytes="1272" bytesdiscarded="1448" />
  <memory-copied type="other" objects="7" bytes="160" bytesdiscarded="696" />
  <memory-cardclean objects="71" bytes="2448" />
  <regions eden="28" other="1" />
  <remembered-set-cleared processed="314" cleared="4" durationms="0.092" />
  <stringconstants candidates="13747" cleared="0"  />
</gc-op>
<gc-op id="3694" type="classunload" timems="0.004" contextid="3690" timestamp="2019-06-17T04:32:11.780">
  <classunload-info classloadercandidates="54" classloadersunloaded="0" classesunloaded="0" anonymousclassesunloaded="0" quiescems="0.000" setupms="0.004" scanms="0.000" postms="0.000" />
</gc-op>
<gc-end id="3695" type="partial gc" contextid="3690" durationms="4.756" usertimems="0.000" systemtimems="8.000" timestamp="2019-06-17T04:32:11.780" activeThreads="4">
  <mem-info id="3696" free="52428800" total="92274688" percent="56">
    <mem type="eden" free="1045856" total="1048576" percent="99" />
    <remembered-set count="2848" freebytes="3671936" totalbytes="3683328" percent="99" regionsoverflowed="0" regionsstable="17" regionsrebuilding="0"/>
  </mem-info>
</gc-end>
<cycle-end id="3697" type="partial gc" contextid="3690" timestamp="2019-06-17T04:32:11.780" />
  <attribute name="elasticGC enabled" value="1" />
  <attribute name= "numThreadsSpecified" value="4" />
  <attribute name="heapSize specified" value="0" />
  <attribute name="Current GC Util" value="242" />
  <attribute name= "Current Time Running" value="61214" />
  <attribute name ="GC Interval" value="0" />
  <attribute name="ProportionalT" value="333.000000" />
  <attribute name="ProportionalI" value="333.000000" />
  <attribute name="ProportionalH" value="333.000000" />
  <attribute name="Current Error" value="222.000000" />
  <attribute name="IntegralT" value="222.000000" />
  <attribute name="IntegralI" value="222.000000" />
  <attribute name="IntegralH" value="222.000000" />
  <attribute name="DerivativeT" value="333.000000" />
  <attribute name="DerivativeI" value="333.000000" />
  <attribute name="DerivativeH" value="333.000000" />
  <attribute name="Loop Time for DT" value="1.000000" />
  <attribute name="Output H" value="8388608"/>
  <attribute name="Output I" value="888"/>
  <attribute name="Output T" value="4"/>
  <attribute name="Target GC Util Change" value ="20.000000" />
  <attribute name="Current GC Util Change" value="242.000000"/>
  <attribute name="GC Util currently" value="242" />
  <attribute name="CPU Util currently" value="11002025381223" />
<exclusive-end id="3698" timestamp="2019-06-17T04:32:11.781" durationms="5.852" />

<exclusive-start id="3699" timestamp="2019-06-17T04:32:11.790" intervalms="14.857">
  <response-info timems="0.102" idlems="0.102" threads="0" lastid="0000000002320700" lastname="main" />
</exclusive-start>
<allocation-taxation id="3700" taxation-threshold="29360128" timestamp="2019-06-17T04:32:11.790" intervalms="14.882" />
<cycle-start id="3701" type="partial gc" contextid="0" timestamp="2019-06-17T04:32:11.790" intervalms="14.886" />
<gc-start id="3702" type="partial gc" contextid="3701" timestamp="2019-06-17T04:32:11.790">
  <mem-info id="3703" free="23068672" total="92274688" percent="25">
    <mem type="eden" free="0" total="29360128" percent="0" />
    <remembered-set count="2848" freebytes="3671936" totalbytes="3683328" percent="99" regionsoverflowed="0" regionsstable="17" regionsrebuilding="0"/>
  </mem-info>
</gc-start>
<allocation-stats totalBytes="29309456" >
  <allocated-bytes non-tlh="0" tlh="29309456" arrayletleaf="0"/>
  <largest-consumer threadName="main" threadId="0000000002320700" bytes="29309456" />
</allocation-stats>
<gc-op id="3704" type="copy forward" timems="3.087" contextid="3701" timestamp="2019-06-17T04:32:11.795">
  <memory-copied type="eden" objects="3" bytes="72" bytesdiscarded="720" />
  <memory-copied type="other" objects="21" bytes="1200" bytesdiscarded="1192" />
  <memory-cardclean objects="37" bytes="1416" />
  <regions eden="28" other="1" />
  <remembered-set-cleared processed="317" cleared="4" durationms="0.094" />
  <stringconstants candidates="13747" cleared="0"  />
</gc-op>
<gc-op id="3705" type="classunload" timems="0.004" contextid="3701" timestamp="2019-06-17T04:32:11.795">
  <classunload-info classloadercandidates="54" classloadersunloaded="0" classesunloaded="0" anonymousclassesunloaded="0" quiescems="0.000" setupms="0.004" scanms="0.000" postms="0.000" />
</gc-op>
<gc-end id="3706" type="partial gc" contextid="3701" durationms="4.556" usertimems="8.000" systemtimems="0.000" timestamp="2019-06-17T04:32:11.795" activeThreads="4">
  <mem-info id="3707" free="51380224" total="92274688" percent="55">
    <mem type="eden" free="1047784" total="1048576" percent="99" />
    <remembered-set count="2400" freebytes="3673728" totalbytes="3683328" percent="99" regionsoverflowed="0" regionsstable="17" regionsrebuilding="0"/>
  </mem-info>
</gc-end>
<cycle-end id="3708" type="partial gc" contextid="3701" timestamp="2019-06-17T04:32:11.795" />
  <attribute name="elasticGC enabled" value="1" />
  <attribute name= "numThreadsSpecified" value="4" />
  <attribute name="heapSize specified" value="0" />
  <attribute name="Current GC Util" value="209" />
  <attribute name= "Current Time Running" value="61229" />
  <attribute name ="GC Interval" value="0" />
  <attribute name="ProportionalT" value="283.500000" />
  <attribute name="ProportionalI" value="283.500000" />
  <attribute name="ProportionalH" value="283.500000" />
  <attribute name="Current Error" value="189.000000" />
  <attribute name="IntegralT" value="189.000000" />
  <attribute name="IntegralI" value="189.000000" />
  <attribute name="IntegralH" value="189.000000" />
  <attribute name="DerivativeT" value="232.500000" />
  <attribute name="DerivativeI" value="232.500000" />
  <attribute name="DerivativeH" value="232.500000" />
  <attribute name="Loop Time for DT" value="1.000000" />
  <attribute name="Output H" value="8388608"/>
  <attribute name="Output I" value="712"/>
  <attribute name="Output T" value="4"/>
  <attribute name="Target GC Util Change" value ="20.000000" />
  <attribute name="Current GC Util Change" value="209.000000"/>
  <attribute name="GC Util currently" value="209" />
  <attribute name="CPU Util currently" value="12831089333372" />
<exclusive-end id="3709" timestamp="2019-06-17T04:32:11.795" durationms="5.767" />

<exclusive-start id="3710" timestamp="2019-06-17T04:32:11.805" intervalms="14.967">
  <response-info timems="0.078" idlems="0.078" threads="0" lastid="0000000002320700" lastname="main" />
</exclusive-start>
<allocation-taxation id="3711" taxation-threshold="29360128" timestamp="2019-06-17T04:32:11.805" intervalms="14.959" />
<cycle-start id="3712" type="partial gc" contextid="0" timestamp="2019-06-17T04:32:11.805" intervalms="14.955" />
<gc-start id="3713" type="partial gc" contextid="3712" timestamp="2019-06-17T04:32:11.805">
  <mem-info id="3714" free="22020096" total="92274688" percent="23">
    <mem type="eden" free="1047784" total="30408704" percent="3" />
    <remembered-set count="1664" freebytes="3676672" totalbytes="3683328" percent="99" regionsoverflowed="0" regionsstable="18" regionsrebuilding="0"/>
  </mem-info>
</gc-start>
<allocation-stats totalBytes="29308656" >
  <allocated-bytes non-tlh="0" tlh="29308656" arrayletleaf="0"/>
  <largest-consumer threadName="main" threadId="0000000002320700" bytes="29308656" />
</allocation-stats>
<gc-op id="3715" type="copy forward" timems="1.058" contextid="3712" timestamp="2019-06-17T04:32:11.808">
  <memory-copied type="eden" objects="3" bytes="72" bytesdiscarded="0" />
  <memory-copied type="other" objects="0" bytes="0" bytesdiscarded="0" />
  <memory-cardclean objects="9" bytes="216" />
  <regions eden="28" other="1" />
  <remembered-set-cleared processed="110" cleared="0" durationms="0.125" />
  <stringconstants candidates="13747" cleared="0"  />
</gc-op>
<gc-op id="3716" type="classunload" timems="0.004" contextid="3712" timestamp="2019-06-17T04:32:11.808">
  <classunload-info classloadercandidates="54" classloadersunloaded="0" classesunloaded="0" anonymousclassesunloaded="0" quiescems="0.000" setupms="0.004" scanms="0.000" postms="0.000" />
</gc-op>
<heap-resize id="3717" type="expand" space="default" amount="10485760" count="1" timems="0.075" reason="excessive time being spent in gc" timestamp="2019-06-17T04:32:11.808" />
<gc-end id="3718" type="partial gc" contextid="3712" durationms="2.797" usertimems="0.000" systemtimems="4.000" timestamp="2019-06-17T04:32:11.808" activeThreads="1">
  <mem-info id="3719" free="61865984" total="102760448" percent="60">
    <mem type="eden" free="1048504" total="1048576" percent="99" />
    <remembered-set count="2144" freebytes="4093312" totalbytes="4101888" percent="99" regionsoverflowed="0" regionsstable="18" regionsrebuilding="0"/>
  </mem-info>
</gc-end>
<cycle-end id="3720" type="partial gc" contextid="3712" timestamp="2019-06-17T04:32:11.808" />
  <attribute name="elasticGC enabled" value="1" />
  <attribute name= "numThreadsSpecified" value="1" />
  <attribute name="heapSize specified" value="0" />
  <attribute name="Current GC Util" value="153" />
  <attribute name= "Current Time Running" value="61243" />
  <attribute name ="GC Interval" value="0" />
  <attribute name="ProportionalT" value="199.500000" />
  <attribute name="ProportionalI" value="199.500000" />
  <attribute name="ProportionalH" value="199.500000" />
  <attribute name="Current Error" value="133.000000" />
  <attribute name="IntegralT" value="0.000000" />
  <attribute name="IntegralI" value="0.000000" />
  <attribute name="IntegralH" value="0.000000" />
  <attribute name="DerivativeT" value="inf" />
  <attribute name="DerivativeI" value="inf" />
  <attribute name="DerivativeH" value="inf" />
  <attribute name="Loop Time for DT" value="0.000000" />
  <attribute name="Output H" value="8388608"/>
  <attribute name="Output I" value="200"/>
  <attribute name="Output T" value="1"/>
  <attribute name="Target GC Util Change" value ="20.000000" />
  <attribute name="Current GC Util Change" value="153.000000"/>
  <attribute name="GC Util currently" value="153" />
  <attribute name="CPU Util currently" value="12401105668118" />
<exclusive-end id="3721" timestamp="2019-06-17T04:32:11.809" durationms="3.998" />

<exclusive-start id="3722" timestamp="2019-06-17T04:32:11.819" intervalms="14.714">
  <response-info timems="0.124" idlems="0.124" threads="0" lastid="0000000002320700" lastname="main" />
</exclusive-start>
<allocation-taxation id="3723" taxation-threshold="32505856" timestamp="2019-06-17T04:32:11.820" intervalms="14.703" />
<cycle-start id="3724" type="partial gc" contextid="0" timestamp="2019-06-17T04:32:11.820" intervalms="14.639" />
<gc-start id="3725" type="partial gc" contextid="3724" timestamp="2019-06-17T04:32:11.820">
  <mem-info id="3726" free="29360128" total="102760448" percent="28">
    <mem type="eden" free="1048504" total="33554432" percent="3" />
    <remembered-set count="1664" freebytes="4095232" totalbytes="4101888" percent="99" regionsoverflowed="0" regionsstable="18" regionsrebuilding="0"/>
  </mem-info>
</gc-start>
<allocation-stats totalBytes="32448768" >
  <allocated-bytes non-tlh="0" tlh="32448768" arrayletleaf="0"/>
  <largest-consumer threadName="main" threadId="0000000002320700" bytes="32448768" />
</allocation-stats>
<gc-op id="3727" type="copy forward" timems="1.090" contextid="3724" timestamp="2019-06-17T04:32:11.822">
  <memory-copied type="eden" objects="3" bytes="72" bytesdiscarded="0" />
  <memory-copied type="other" objects="0" bytes="0" bytesdiscarded="0" />
  <memory-cardclean objects="9" bytes="216" />
  <regions eden="31" other="1" />
  <remembered-set-cleared processed="110" cleared="0" durationms="0.124" />
  <stringconstants candidates="13747" cleared="0"  />
</gc-op>
<gc-op id="3728" type="classunload" timems="0.003" contextid="3724" timestamp="2019-06-17T04:32:11.822">
  <classunload-info classloadercandidates="54" classloadersunloaded="0" classesunloaded="0" anonymousclassesunloaded="0" quiescems="0.000" setupms="0.003" scanms="0.000" postms="0.000" />
</gc-op>
<gc-end id="3729" type="partial gc" contextid="3724" durationms="2.649" usertimems="0.000" systemtimems="0.000" timestamp="2019-06-17T04:32:11.823" activeThreads="1">
  <mem-info id="3730" free="61865984" total="102760448" percent="60">
    <mem type="eden" free="1048504" total="1048576" percent="99" />
    <remembered-set count="2144" freebytes="4093312" totalbytes="4101888" percent="99" regionsoverflowed="0" regionsstable="18" regionsrebuilding="0"/>
  </mem-info>
</gc-end>
<cycle-end id="3731" type="partial gc" contextid="3724" timestamp="2019-06-17T04:32:11.823" />
  <attribute name="elasticGC enabled" value="1" />
  <attribute name= "numThreadsSpecified" value="1" />
  <attribute name="heapSize specified" value="0" />
  <attribute name="Current GC Util" value="245" />
  <attribute name= "Current Time Running" value="61258" />
  <attribute name ="GC Interval" value="0" />
  <attribute name="ProportionalT" value="337.500000" />
  <attribute name="ProportionalI" value="337.500000" />
  <attribute name="ProportionalH" value="337.500000" />
  <attribute name="Current Error" value="225.000000" />
  <attribute name="IntegralT" value="0.000000" />
  <attribute name="IntegralI" value="0.000000" />
  <attribute name="IntegralH" value="0.000000" />
  <attribute name="DerivativeT" value="inf" />
  <attribute name="DerivativeI" value="inf" />
  <attribute name="DerivativeH" value="inf" />
  <attribute name="Loop Time for DT" value="0.000000" />
  <attribute name="Output H" value="8388608"/>
  <attribute name="Output I" value="200"/>
  <attribute name="Output T" value="1"/>
  <attribute name="Target GC Util Change" value ="20.000000" />
  <attribute name="Current GC Util Change" value="245.000000"/>
  <attribute name="GC Util currently" value="245" />
  <attribute name="CPU Util currently" value="10730241173405" />
<exclusive-end id="3732" timestamp="2019-06-17T04:32:11.823" durationms="3.802" />

<exclusive-start id="3733" timestamp="2019-06-17T04:32:11.833" intervalms="13.987">
  <response-info timems="0.111" idlems="0.111" threads="0" lastid="0000000002320700" lastname="main" />
</exclusive-start>
<allocation-taxation id="3734" taxation-threshold="32505856" timestamp="2019-06-17T04:32:11.834" intervalms="13.962" />
<cycle-start id="3735" type="partial gc" contextid="0" timestamp="2019-06-17T04:32:11.834" intervalms="14.034" />
<gc-start id="3736" type="partial gc" contextid="3735" timestamp="2019-06-17T04:32:11.834">
  <mem-info id="3737" free="29360128" total="102760448" percent="28">
    <mem type="eden" free="1048504" total="33554432" percent="3" />
    <remembered-set count="1664" freebytes="4095232" totalbytes="4101888" percent="99" regionsoverflowed="0" regionsstable="18" regionsrebuilding="0"/>
  </mem-info>
</gc-start>
<allocation-stats totalBytes="32448792" >
  <allocated-bytes non-tlh="0" tlh="32448792" arrayletleaf="0"/>
  <largest-consumer threadName="main" threadId="0000000002320700" bytes="32448792" />
</allocation-stats>
<gc-op id="3738" type="copy forward" timems="1.064" contextid="3735" timestamp="2019-06-17T04:32:11.836">
  <memory-copied type="eden" objects="3" bytes="72" bytesdiscarded="0" />
  <memory-copied type="other" objects="0" bytes="0" bytesdiscarded="0" />
  <memory-cardclean objects="9" bytes="216" />
  <regions eden="31" other="1" />
  <remembered-set-cleared processed="110" cleared="0" durationms="0.127" />
  <stringconstants candidates="13747" cleared="0"  />
</gc-op>
<gc-op id="3739" type="classunload" timems="0.004" contextid="3735" timestamp="2019-06-17T04:32:11.836">
  <classunload-info classloadercandidates="54" classloadersunloaded="0" classesunloaded="0" anonymousclassesunloaded="0" quiescems="0.000" setupms="0.004" scanms="0.000" postms="0.000" />
</gc-op>
<gc-end id="3740" type="partial gc" contextid="3735" durationms="2.325" usertimems="4.000" systemtimems="0.000" timestamp="2019-06-17T04:32:11.836" activeThreads="1">
  <mem-info id="3741" free="61865984" total="102760448" percent="60">
    <mem type="eden" free="1048504" total="1048576" percent="99" />
    <remembered-set count="2144" freebytes="4093312" totalbytes="4101888" percent="99" regionsoverflowed="0" regionsstable="18" regionsrebuilding="0"/>
  </mem-info>
</gc-end>
<cycle-end id="3742" type="partial gc" contextid="3735" timestamp="2019-06-17T04:32:11.837" />
  <attribute name="elasticGC enabled" value="1" />
  <attribute name= "numThreadsSpecified" value="1" />
  <attribute name="heapSize specified" value="0" />
  <attribute name="Current GC Util" value="267" />
  <attribute name= "Current Time Running" value="61272" />
  <attribute name ="GC Interval" value="0" />
  <attribute name="ProportionalT" value="370.500000" />
  <attribute name="ProportionalI" value="370.500000" />
  <attribute name="ProportionalH" value="370.500000" />
  <attribute name="Current Error" value="247.000000" />
  <attribute name="IntegralT" value="0.000000" />
  <attribute name="IntegralI" value="0.000000" />
  <attribute name="IntegralH" value="0.000000" />
  <attribute name="DerivativeT" value="inf" />
  <attribute name="DerivativeI" value="inf" />
  <attribute name="DerivativeH" value="inf" />
  <attribute name="Loop Time for DT" value="0.000000" />
  <attribute name="Output H" value="8388608"/>
  <attribute name="Output I" value="200"/>
  <attribute name="Output T" value="1"/>
  <attribute name="Target GC Util Change" value ="20.000000" />
  <attribute name="Current GC Util Change" value="267.000000"/>
  <attribute name="GC Util currently" value="267" />
  <attribute name="CPU Util currently" value="12475952593564" />
<exclusive-end id="3743" timestamp="2019-06-17T04:32:11.837" durationms="3.465" />

<exclusive-start id="3744" timestamp="2019-06-17T04:32:11.847" intervalms="13.877">
  <response-info timems="0.107" idlems="0.107" threads="0" lastid="0000000002320700" lastname="main" />
</exclusive-start>
<allocation-taxation id="3745" taxation-threshold="32505856" timestamp="2019-06-17T04:32:11.847" intervalms="13.871" />
<cycle-start id="3746" type="partial gc" contextid="0" timestamp="2019-06-17T04:32:11.848" intervalms="13.871" />
<gc-start id="3747" type="partial gc" contextid="3746" timestamp="2019-06-17T04:32:11.848">
  <mem-info id="3748" free="29360128" total="102760448" percent="28">
    <mem type="eden" free="1048504" total="33554432" percent="3" />
    <remembered-set count="1664" freebytes="4095232" totalbytes="4101888" percent="99" regionsoverflowed="0" regionsstable="18" regionsrebuilding="0"/>
  </mem-info>
</gc-start>
<allocation-stats totalBytes="32448768" >
  <allocated-bytes non-tlh="0" tlh="32448768" arrayletleaf="0"/>
  <largest-consumer threadName="main" threadId="0000000002320700" bytes="32448768" />
</allocation-stats>
<gc-op id="3749" type="copy forward" timems="2.800" contextid="3746" timestamp="2019-06-17T04:32:11.852">
  <memory-copied type="eden" objects="3" bytes="72" bytesdiscarded="0" />
  <memory-copied type="other" objects="0" bytes="0" bytesdiscarded="0" />
  <memory-cardclean objects="9" bytes="216" />
  <regions eden="31" other="1" />
  <remembered-set-cleared processed="110" cleared="0" durationms="0.095" />
  <stringconstants candidates="13747" cleared="0"  />
</gc-op>
<gc-op id="3750" type="classunload" timems="0.003" contextid="3746" timestamp="2019-06-17T04:32:11.852">
  <classunload-info classloadercandidates="54" classloadersunloaded="0" classesunloaded="0" anonymousclassesunloaded="0" quiescems="0.000" setupms="0.003" scanms="0.000" postms="0.000" />
</gc-op>
<gc-end id="3751" type="partial gc" contextid="3746" durationms="4.015" usertimems="8.000" systemtimems="0.000" timestamp="2019-06-17T04:32:11.852" activeThreads="4">
  <mem-info id="3752" free="61865984" total="102760448" percent="60">
    <mem type="eden" free="1048504" total="1048576" percent="99" />
    <remembered-set count="1760" freebytes="4094848" totalbytes="4101888" percent="99" regionsoverflowed="0" regionsstable="18" regionsrebuilding="0"/>
  </mem-info>
</gc-end>
<cycle-end id="3753" type="partial gc" contextid="3746" timestamp="2019-06-17T04:32:11.852" />
  <attribute name="elasticGC enabled" value="1" />
  <attribute name= "numThreadsSpecified" value="4" />
  <attribute name="heapSize specified" value="0" />
  <attribute name="Current GC Util" value="269" />
  <attribute name= "Current Time Running" value="61286" />
  <attribute name ="GC Interval" value="0" />
  <attribute name="ProportionalT" value="373.500000" />
  <attribute name="ProportionalI" value="373.500000" />
  <attribute name="ProportionalH" value="373.500000" />
  <attribute name="Current Error" value="249.000000" />
  <attribute name="IntegralT" value="249.000000" />
  <attribute name="IntegralI" value="249.000000" />
  <attribute name="IntegralH" value="249.000000" />
  <attribute name="DerivativeT" value="373.500000" />
  <attribute name="DerivativeI" value="373.500000" />
  <attribute name="DerivativeH" value="373.500000" />
  <attribute name="Loop Time for DT" value="1.000000" />
  <attribute name="Output H" value="8388608"/>
  <attribute name="Output I" value="1000"/>
  <attribute name="Output T" value="4"/>
  <attribute name="Target GC Util Change" value ="20.000000" />
  <attribute name="Current GC Util Change" value="269.000000"/>
  <attribute name="GC Util currently" value="269" />
  <attribute name="CPU Util currently" value="11817775463200" />
<exclusive-end id="3754" timestamp="2019-06-17T04:32:11.852" durationms="5.078" />

<exclusive-start id="3755" timestamp="2019-06-17T04:32:11.871" intervalms="23.331">
  <response-info timems="0.090" idlems="0.090" threads="0" lastid="0000000002320700" lastname="main" />
</exclusive-start>
<allocation-taxation id="3756" taxation-threshold="32505856" timestamp="2019-06-17T04:32:11.871" intervalms="23.339" />
<cycle-start id="3757" type="partial gc" contextid="0" timestamp="2019-06-17T04:32:11.871" intervalms="23.332" />
<gc-start id="3758" type="partial gc" contextid="3757" timestamp="2019-06-17T04:32:11.871">
  <mem-info id="3759" free="29360128" total="102760448" percent="28">
    <mem type="eden" free="1048504" total="33554432" percent="3" />
    <remembered-set count="1760" freebytes="4094848" totalbytes="4101888" percent="99" regionsoverflowed="0" regionsstable="18" regionsrebuilding="0"/>
  </mem-info>
</gc-start>
<allocation-stats totalBytes="32453520" >
  <allocated-bytes non-tlh="0" tlh="32453520" arrayletleaf="0"/>
  <largest-consumer threadName="main" threadId="0000000002320700" bytes="32453520" />
</allocation-stats>
<gc-op id="3760" type="copy forward" timems="1.287" contextid="3757" timestamp="2019-06-17T04:32:11.873">
  <memory-copied type="eden" objects="32" bytes="1344" bytesdiscarded="0" />
  <memory-copied type="other" objects="0" bytes="0" bytesdiscarded="0" />
  <memory-cardclean objects="85" bytes="2488" />
  <regions eden="31" other="1" />
  <remembered-set-cleared processed="110" cleared="9" durationms="0.151" />
  <stringconstants candidates="13747" cleared="0"  />
</gc-op>
<gc-op id="3761" type="classunload" timems="0.003" contextid="3757" timestamp="2019-06-17T04:32:11.873">
  <classunload-info classloadercandidates="54" classloadersunloaded="0" classesunloaded="0" anonymousclassesunloaded="0" quiescems="0.000" setupms="0.003" scanms="0.000" postms="0.000" />
</gc-op>
<gc-end id="3762" type="partial gc" contextid="3757" durationms="2.459" usertimems="0.000" systemtimems="4.000" timestamp="2019-06-17T04:32:11.874" activeThreads="1">
  <mem-info id="3763" free="61865984" total="102760448" percent="60">
    <mem type="eden" free="1047232" total="1048576" percent="99" />
    <remembered-set count="2144" freebytes="4093312" totalbytes="4101888" percent="99" regionsoverflowed="0" regionsstable="18" regionsrebuilding="0"/>
  </mem-info>
</gc-end>
<cycle-end id="3764" type="partial gc" contextid="3757" timestamp="2019-06-17T04:32:11.874" />
  <attribute name="elasticGC enabled" value="1" />
  <attribute name= "numThreadsSpecified" value="1" />
  <attribute name="heapSize specified" value="0" />
  <attribute name="Current GC Util" value="195" />
  <attribute name= "Current Time Running" value="61309" />
  <attribute name ="GC Interval" value="0" />
  <attribute name="ProportionalT" value="262.500000" />
  <attribute name="ProportionalI" value="262.500000" />
  <attribute name="ProportionalH" value="262.500000" />
  <attribute name="Current Error" value="175.000000" />
  <attribute name="IntegralT" value="0.000000" />
  <attribute name="IntegralI" value="0.000000" />
  <attribute name="IntegralH" value="0.000000" />
  <attribute name="DerivativeT" value="inf" />
  <attribute name="DerivativeI" value="inf" />
  <attribute name="DerivativeH" value="inf" />
  <attribute name="Loop Time for DT" value="0.000000" />
  <attribute name="Output H" value="8388608"/>
  <attribute name="Output I" value="200"/>
  <attribute name="Output T" value="1"/>
  <attribute name="Target GC Util Change" value ="20.000000" />
  <attribute name="Current GC Util Change" value="195.000000"/>
  <attribute name="GC Util currently" value="195" />
  <attribute name="CPU Util currently" value="12545596424708" />
<exclusive-end id="3765" timestamp="2019-06-17T04:32:11.874" durationms="3.529" />

<exclusive-start id="3766" timestamp="2019-06-17T04:32:11.922" intervalms="51.386">
  <response-info timems="0.116" idlems="0.116" threads="0" lastid="0000000002320700" lastname="main" />
</exclusive-start>
<allocation-taxation id="3767" taxation-threshold="32505856" timestamp="2019-06-17T04:32:11.922" intervalms="51.382" />
<cycle-start id="3768" type="partial gc" contextid="0" timestamp="2019-06-17T04:32:11.922" intervalms="51.387" />
<gc-start id="3769" type="partial gc" contextid="3768" timestamp="2019-06-17T04:32:11.923">
  <mem-info id="3770" free="29360128" total="102760448" percent="28">
    <mem type="eden" free="0" total="32505856" percent="0" />
    <remembered-set count="1728" freebytes="4094976" totalbytes="4101888" percent="99" regionsoverflowed="0" regionsstable="18" regionsrebuilding="0"/>
  </mem-info>
</gc-start>
<allocation-stats totalBytes="32476896" >
  <allocated-bytes non-tlh="0" tlh="32476896" arrayletleaf="0"/>
  <largest-consumer threadName="main" threadId="0000000002320700" bytes="32476896" />
</allocation-stats>
<gc-op id="3771" type="copy forward" timems="2.880" contextid="3768" timestamp="2019-06-17T04:32:11.927">
  <memory-copied type="eden" objects="19" bytes="1344" bytesdiscarded="0" />
  <memory-copied type="other" objects="24" bytes="704" bytesdiscarded="1288" />
  <memory-cardclean objects="63" bytes="2128" />
  <regions eden="31" other="1" />
  <remembered-set-cleared processed="109" cleared="8" durationms="0.097" />
  <stringconstants candidates="13747" cleared="0"  />
</gc-op>
<gc-op id="3772" type="classunload" timems="0.003" contextid="3768" timestamp="2019-06-17T04:32:11.927">
  <classunload-info classloadercandidates="54" classloadersunloaded="0" classesunloaded="0" anonymousclassesunloaded="0" quiescems="0.000" setupms="0.003" scanms="0.000" postms="0.000" />
</gc-op>
<heap-resize id="3773" type="expand" space="default" amount="2097152" count="1" timems="0.058" reason="excessive time being spent in gc" timestamp="2019-06-17T04:32:11.927" />
<gc-end id="3774" type="partial gc" contextid="3768" durationms="4.326" usertimems="8.000" systemtimems="0.000" timestamp="2019-06-17T04:32:11.927" activeThreads="4">
  <mem-info id="3775" free="62914560" total="104857600" percent="60">
    <mem type="eden" free="1047232" total="1048576" percent="99" />
    <remembered-set count="2688" freebytes="4174848" totalbytes="4185600" percent="99" regionsoverflowed="0" regionsstable="18" regionsrebuilding="0"/>
  </mem-info>
</gc-end>
<cycle-end id="3776" type="partial gc" contextid="3768" timestamp="2019-06-17T04:32:11.927" />
  <attribute name="elasticGC enabled" value="1" />
  <attribute name= "numThreadsSpecified" value="4" />
  <attribute name="heapSize specified" value="0" />
  <attribute name="Current GC Util" value="271" />
  <attribute name= "Current Time Running" value="61361" />
  <attribute name ="GC Interval" value="0" />
  <attribute name="ProportionalT" value="376.500000" />
  <attribute name="ProportionalI" value="376.500000" />
  <attribute name="ProportionalH" value="376.500000" />
  <attribute name="Current Error" value="251.000000" />
  <attribute name="IntegralT" value="251.000000" />
  <attribute name="IntegralI" value="251.000000" />
  <attribute name="IntegralH" value="251.000000" />
  <attribute name="DerivativeT" value="376.500000" />
  <attribute name="DerivativeI" value="376.500000" />
  <attribute name="DerivativeH" value="376.500000" />
  <attribute name="Loop Time for DT" value="1.000000" />
  <attribute name="Output H" value="8388608"/>
  <attribute name="Output I" value="1008"/>
  <attribute name="Output T" value="4"/>
  <attribute name="Target GC Util Change" value ="20.000000" />
  <attribute name="Current GC Util Change" value="271.000000"/>
  <attribute name="GC Util currently" value="271" />
  <attribute name="CPU Util currently" value="12382658726242" />
<exclusive-end id="3777" timestamp="2019-06-17T04:32:11.927" durationms="5.467" />

<exclusive-start id="3778" timestamp="2019-06-17T04:32:11.956" intervalms="34.109">
  <response-info timems="0.094" idlems="0.094" threads="0" lastid="0000000002320700" lastname="main" />
</exclusive-start>
<allocation-taxation id="3779" taxation-threshold="32505856" timestamp="2019-06-17T04:32:11.956" intervalms="34.115" />
<cycle-start id="3780" type="partial gc" contextid="0" timestamp="2019-06-17T04:32:11.956" intervalms="34.105" />
<gc-start id="3781" type="partial gc" contextid="3780" timestamp="2019-06-17T04:32:11.957">
  <mem-info id="3782" free="30408704" total="104857600" percent="29">
    <mem type="eden" free="1047232" total="33554432" percent="3" />
    <remembered-set count="2688" freebytes="4174848" totalbytes="4185600" percent="99" regionsoverflowed="0" regionsstable="18" regionsrebuilding="0"/>
  </mem-info>
</gc-start>
<allocation-stats totalBytes="32479768" >
  <allocated-bytes non-tlh="0" tlh="32479768" arrayletleaf="0"/>
  <largest-consumer threadName="main" threadId="0000000002320700" bytes="32479768" />
</allocation-stats>
<gc-op id="3783" type="copy forward" timems="3.119" contextid="3780" timestamp="2019-06-17T04:32:11.961">
  <memory-copied type="eden" objects="30" bytes="1360" bytesdiscarded="1424" />
  <memory-copied type="other" objects="0" bytes="0" bytesdiscarded="0" />
  <memory-cardclean objects="67" bytes="2376" />
  <regions eden="31" other="1" />
  <remembered-set-cleared processed="116" cleared="10" durationms="0.113" />
  <stringconstants candidates="13747" cleared="0"  />
</gc-op>
<gc-op id="3784" type="classunload" timems="0.004" contextid="3780" timestamp="2019-06-17T04:32:11.961">
  <classunload-info classloadercandidates="54" classloadersunloaded="0" classesunloaded="0" anonymousclassesunloaded="0" quiescems="0.000" setupms="0.003" scanms="0.000" postms="0.000" />
</gc-op>
<gc-end id="3785" type="partial gc" contextid="3780" durationms="4.326" usertimems="8.000" systemtimems="0.000" timestamp="2019-06-17T04:32:11.961" activeThreads="4">
  <mem-info id="3786" free="62914560" total="104857600" percent="60">
    <mem type="eden" free="1045792" total="1048576" percent="99" />
    <remembered-set count="2784" freebytes="4174464" totalbytes="4185600" percent="99" regionsoverflowed="0" regionsstable="18" regionsrebuilding="0"/>
  </mem-info>
</gc-end>
<cycle-end id="3787" type="partial gc" contextid="3780" timestamp="2019-06-17T04:32:11.961" />
  <attribute name="elasticGC enabled" value="1" />
  <attribute name= "numThreadsSpecified" value="4" />
  <attribute name="heapSize specified" value="0" />
  <attribute name="Current GC Util" value="214" />
  <attribute name= "Current Time Running" value="61395" />
  <attribute name ="GC Interval" value="0" />
  <attribute name="ProportionalT" value="291.000000" />
  <attribute name="ProportionalI" value="291.000000" />
  <attribute name="ProportionalH" value="291.000000" />
  <attribute name="Current Error" value="194.000000" />
  <attribute name="IntegralT" value="194.000000" />
  <attribute name="IntegralI" value="194.000000" />
  <attribute name="IntegralH" value="194.000000" />
  <attribute name="DerivativeT" value="289.500000" />
  <attribute name="DerivativeI" value="289.500000" />
  <attribute name="DerivativeH" value="289.500000" />
  <attribute name="Loop Time for DT" value="1.000000" />
  <attribute name="Output H" value="8388608"/>
  <attribute name="Output I" value="776"/>
  <attribute name="Output T" value="4"/>
  <attribute name="Target GC Util Change" value ="20.000000" />
  <attribute name="Current GC Util Change" value="214.000000"/>
  <attribute name="GC Util currently" value="214" />
  <attribute name="CPU Util currently" value="12047372418004" />
<exclusive-end id="3788" timestamp="2019-06-17T04:32:11.961" durationms="5.337" />

<exclusive-start id="3789" timestamp="2019-06-17T04:32:11.974" intervalms="17.711">
  <response-info timems="0.166" idlems="0.166" threads="0" lastid="0000000002320700" lastname="main" />
</exclusive-start>
<allocation-taxation id="3790" taxation-threshold="32505856" timestamp="2019-06-17T04:32:11.974" intervalms="17.699" />
<cycle-start id="3791" type="partial gc" contextid="0" timestamp="2019-06-17T04:32:11.974" intervalms="17.701" />
<gc-start id="3792" type="partial gc" contextid="3791" timestamp="2019-06-17T04:32:11.974">
  <mem-info id="3793" free="30408704" total="104857600" percent="29">
    <mem type="eden" free="0" total="32505856" percent="0" />
    <remembered-set count="2336" freebytes="4176256" totalbytes="4185600" percent="99" regionsoverflowed="0" regionsstable="18" regionsrebuilding="0"/>
  </mem-info>
</gc-start>
<allocation-stats totalBytes="32481848" >
  <allocated-bytes non-tlh="0" tlh="32481848" arrayletleaf="0"/>
  <largest-consumer threadName="main" threadId="0000000002320700" bytes="32481848" />
</allocation-stats>
<gc-op id="3794" type="copy forward" timems="1.102" contextid="3791" timestamp="2019-06-17T04:32:11.976">
  <memory-copied type="eden" objects="4" bytes="288" bytesdiscarded="0" />
  <memory-copied type="other" objects="25" bytes="1216" bytesdiscarded="0" />
  <memory-cardclean objects="54" bytes="2160" />
  <regions eden="31" other="1" />
  <remembered-set-cleared processed="113" cleared="7" durationms="0.134" />
  <stringconstants candidates="13747" cleared="0"  />
</gc-op>
<gc-op id="3795" type="classunload" timems="0.003" contextid="3791" timestamp="2019-06-17T04:32:11.977">
  <classunload-info classloadercandidates="54" classloadersunloaded="0" classesunloaded="0" anonymousclassesunloaded="0" quiescems="0.000" setupms="0.003" scanms="0.000" postms="0.000" />
</gc-op>
<heap-resize id="3796" type="expand" space="default" amount="3145728" count="1" timems="0.061" reason="excessive time being spent in gc" timestamp="2019-06-17T04:32:11.977" />
<gc-end id="3797" type="partial gc" contextid="3791" durationms="2.664" usertimems="4.000" systemtimems="0.000" timestamp="2019-06-17T04:32:11.977" activeThreads="1">
  <mem-info id="3798" free="65011712" total="108003328" percent="60">
    <mem type="eden" free="1048288" total="1048576" percent="99" />
    <remembered-set count="2656" freebytes="4300544" totalbytes="4311168" percent="99" regionsoverflowed="0" regionsstable="18" regionsrebuilding="0"/>
  </mem-info>
</gc-end>
<cycle-end id="3799" type="partial gc" contextid="3791" timestamp="2019-06-17T04:32:11.977" />
  <attribute name="elasticGC enabled" value="1" />
  <attribute name= "numThreadsSpecified" value="1" />
  <attribute name="heapSize specified" value="0" />
  <attribute name="Current GC Util" value="147" />
  <attribute name= "Current Time Running" value="61412" />
  <attribute name ="GC Interval" value="0" />
  <attribute name="ProportionalT" value="190.500000" />
  <attribute name="ProportionalI" value="190.500000" />
  <attribute name="ProportionalH" value="190.500000" />
  <attribute name="Current Error" value="127.000000" />
  <attribute name="IntegralT" value="0.000000" />
  <attribute name="IntegralI" value="0.000000" />
  <attribute name="IntegralH" value="0.000000" />
  <attribute name="DerivativeT" value="inf" />
  <attribute name="DerivativeI" value="inf" />
  <attribute name="DerivativeH" value="inf" />
  <attribute name="Loop Time for DT" value="0.000000" />
  <attribute name="Output H" value="8388608"/>
  <attribute name="Output I" value="200"/>
  <attribute name="Output T" value="1"/>
  <attribute name="Target GC Util Change" value ="20.000000" />
  <attribute name="Current GC Util Change" value="147.000000"/>
  <attribute name="GC Util currently" value="147" />
  <attribute name="CPU Util currently" value="12353105286209" />
<exclusive-end id="3800" timestamp="2019-06-17T04:32:11.978" durationms="3.765" />

<exclusive-start id="3801" timestamp="2019-06-17T04:32:12.003" intervalms="29.046">
  <response-info timems="0.079" idlems="0.079" threads="0" lastid="0000000002320700" lastname="main" />
</exclusive-start>
<allocation-taxation id="3802" taxation-threshold="33554432" timestamp="2019-06-17T04:32:12.003" intervalms="29.054" />
<cycle-start id="3803" type="partial gc" contextid="0" timestamp="2019-06-17T04:32:12.003" intervalms="28.973" />
<gc-start id="3804" type="partial gc" contextid="3803" timestamp="2019-06-17T04:32:12.003">
  <mem-info id="3805" free="31457280" total="108003328" percent="29">
    <mem type="eden" free="1048288" total="34603008" percent="3" />
    <remembered-set count="2336" freebytes="4301824" totalbytes="4311168" percent="99" regionsoverflowed="0" regionsstable="18" regionsrebuilding="0"/>
  </mem-info>
</gc-start>
<allocation-stats totalBytes="33521288" >
  <allocated-bytes non-tlh="0" tlh="33521288" arrayletleaf="0"/>
  <largest-consumer threadName="main" threadId="0000000002320700" bytes="33521288" />
</allocation-stats>
<gc-op id="3806" type="copy forward" timems="1.206" contextid="3803" timestamp="2019-06-17T04:32:12.006">
  <memory-copied type="eden" objects="41" bytes="5352" bytesdiscarded="0" />
  <memory-copied type="other" objects="0" bytes="0" bytesdiscarded="0" />
  <memory-cardclean objects="69" bytes="10640" />
  <regions eden="32" other="1" />
  <remembered-set-cleared processed="119" cleared="8" durationms="0.139" />
  <references type="weak" candidates="2" cleared="0" enqueued="0" />
  <stringconstants candidates="13747" cleared="0"  />
</gc-op>
<gc-op id="3807" type="classunload" timems="0.004" contextid="3803" timestamp="2019-06-17T04:32:12.006">
  <classunload-info classloadercandidates="54" classloadersunloaded="0" classesunloaded="0" anonymousclassesunloaded="0" quiescems="0.000" setupms="0.004" scanms="0.000" postms="0.000" />
</gc-op>
<gc-end id="3808" type="partial gc" contextid="3803" durationms="2.542" usertimems="0.000" systemtimems="4.000" timestamp="2019-06-17T04:32:12.006" activeThreads="1">
  <mem-info id="3809" free="65011712" total="108003328" percent="60">
    <mem type="eden" free="1043224" total="1048576" percent="99" />
    <remembered-set count="2784" freebytes="4300032" totalbytes="4311168" percent="99" regionsoverflowed="0" regionsstable="18" regionsrebuilding="0"/>
  </mem-info>
</gc-end>
<cycle-end id="3810" type="partial gc" contextid="3803" timestamp="2019-06-17T04:32:12.006" />
  <attribute name="elasticGC enabled" value="1" />
  <attribute name= "numThreadsSpecified" value="1" />
  <attribute name="heapSize specified" value="0" />
  <attribute name="Current GC Util" value="282" />
  <attribute name= "Current Time Running" value="61441" />
  <attribute name ="GC Interval" value="0" />
  <attribute name="ProportionalT" value="393.000000" />
  <attribute name="ProportionalI" value="393.000000" />
  <attribute name="ProportionalH" value="393.000000" />
  <attribute name="Current Error" value="262.000000" />
  <attribute name="IntegralT" value="0.000000" />
  <attribute name="IntegralI" value="0.000000" />
  <attribute name="IntegralH" value="0.000000" />
  <attribute name="DerivativeT" value="inf" />
  <attribute name="DerivativeI" value="inf" />
  <attribute name="DerivativeH" value="inf" />
  <attribute name="Loop Time for DT" value="0.000000" />
  <attribute name="Output H" value="8388608"/>
  <attribute name="Output I" value="200"/>
  <attribute name="Output T" value="1"/>
  <attribute name="Target GC Util Change" value ="20.000000" />
  <attribute name="Current GC Util Change" value="282.000000"/>
  <attribute name="GC Util currently" value="282" />
  <attribute name="CPU Util currently" value="12964771685802" />
<exclusive-end id="3811" timestamp="2019-06-17T04:32:12.006" durationms="3.578" />

<exclusive-start id="3812" timestamp="2019-06-17T04:32:12.060" intervalms="56.703">
  <response-info timems="0.061" idlems="0.061" threads="0" lastid="0000000002320700" lastname="main" />
</exclusive-start>
<allocation-taxation id="3813" taxation-threshold="33554432" timestamp="2019-06-17T04:32:12.060" intervalms="56.755" />
<cycle-start id="3814" type="partial gc" contextid="0" timestamp="2019-06-17T04:32:12.060" intervalms="56.824" />
<gc-start id="3815" type="partial gc" contextid="3814" timestamp="2019-06-17T04:32:12.060">
  <mem-info id="3816" free="31457280" total="108003328" percent="29">
    <mem type="eden" free="0" total="33554432" percent="0" />
    <remembered-set count="2336" freebytes="4301824" totalbytes="4311168" percent="99" regionsoverflowed="0" regionsstable="18" regionsrebuilding="0"/>
  </mem-info>
</gc-start>
<allocation-stats totalBytes="33493952" >
  <allocated-bytes non-tlh="0" tlh="33493952" arrayletleaf="0"/>
  <largest-consumer threadName="main" threadId="0000000002320700" bytes="33493952" />
</allocation-stats>
<gc-op id="3817" type="copy forward" timems="1.248" contextid="3814" timestamp="2019-06-17T04:32:12.063">
  <memory-copied type="eden" objects="2" bytes="72" bytesdiscarded="0" />
  <memory-copied type="other" objects="38" bytes="4272" bytesdiscarded="0" />
  <memory-cardclean objects="53" bytes="10336" />
  <regions eden="32" other="1" />
  <remembered-set-cleared processed="116" cleared="5" durationms="0.140" />
  <references type="weak" candidates="2" cleared="0" enqueued="0" />
  <stringconstants candidates="13747" cleared="0"  />
</gc-op>
<gc-op id="3818" type="classunload" timems="0.003" contextid="3814" timestamp="2019-06-17T04:32:12.063">
  <classunload-info classloadercandidates="54" classloadersunloaded="0" classesunloaded="0" anonymousclassesunloaded="0" quiescems="0.000" setupms="0.003" scanms="0.000" postms="0.000" />
</gc-op>
<gc-end id="3819" type="partial gc" contextid="3814" durationms="2.637" usertimems="4.000" systemtimems="0.000" timestamp="2019-06-17T04:32:12.063" activeThreads="1">
  <mem-info id="3820" free="63963136" total="108003328" percent="59">
    <mem type="eden" free="1048504" total="1048576" percent="99" />
    <remembered-set count="2784" freebytes="4300032" totalbytes="4311168" percent="99" regionsoverflowed="0" regionsstable="18" regionsrebuilding="0"/>
  </mem-info>
</gc-end>
<cycle-end id="3821" type="partial gc" contextid="3814" timestamp="2019-06-17T04:32:12.063" />
  <attribute name="elasticGC enabled" value="1" />
  <attribute name= "numThreadsSpecified" value="1" />
  <attribute name="heapSize specified" value="0" />
  <attribute name="Current GC Util" value="287" />
  <attribute name= "Current Time Running" value="61498" />
  <attribute name ="GC Interval" value="0" />
  <attribute name="ProportionalT" value="400.500000" />
  <attribute name="ProportionalI" value="400.500000" />
  <attribute name="ProportionalH" value="400.500000" />
  <attribute name="Current Error" value="267.000000" />
  <attribute name="IntegralT" value="0.000000" />
  <attribute name="IntegralI" value="0.000000" />
  <attribute name="IntegralH" value="0.000000" />
  <attribute name="DerivativeT" value="inf" />
  <attribute name="DerivativeI" value="inf" />
  <attribute name="DerivativeH" value="inf" />
  <attribute name="Loop Time for DT" value="0.000000" />
  <attribute name="Output H" value="8388608"/>
  <attribute name="Output I" value="200"/>
  <attribute name="Output T" value="1"/>
  <attribute name="Target GC Util Change" value ="20.000000" />
  <attribute name="Current GC Util Change" value="287.000000"/>
  <attribute name="GC Util currently" value="287" />
  <attribute name="CPU Util currently" value="11626030700043" />
<exclusive-end id="3822" timestamp="2019-06-17T04:32:12.063" durationms="3.877" />

<exclusive-start id="3823" timestamp="2019-06-17T04:32:12.121" intervalms="61.297">
  <response-info timems="0.188" idlems="0.188" threads="0" lastid="0000000002320700" lastname="main" />
</exclusive-start>
<allocation-taxation id="3824" taxation-threshold="33554432" timestamp="2019-06-17T04:32:12.121" intervalms="61.309" />
<cycle-start id="3825" type="partial gc" contextid="0" timestamp="2019-06-17T04:32:12.121" intervalms="61.229" />
<gc-start id="3826" type="partial gc" contextid="3825" timestamp="2019-06-17T04:32:12.122">
  <mem-info id="3827" free="30408704" total="108003328" percent="28">
    <mem type="eden" free="1048504" total="34603008" percent="3" />
    <remembered-set count="2336" freebytes="4301824" totalbytes="4311168" percent="99" regionsoverflowed="0" regionsstable="18" regionsrebuilding="0"/>
  </mem-info>
</gc-start>
<allocation-stats totalBytes="33503656" >
  <allocated-bytes non-tlh="0" tlh="33503656" arrayletleaf="0"/>
  <largest-consumer threadName="main" threadId="0000000002320700" bytes="33503656" />
</allocation-stats>
<gc-op id="3828" type="copy forward" timems="3.059" contextid="3825" timestamp="2019-06-17T04:32:12.126">
  <memory-copied type="eden" objects="26" bytes="784" bytesdiscarded="1376" />
  <memory-copied type="other" objects="0" bytes="0" bytesdiscarded="0" />
  <memory-cardclean objects="62" bytes="2368" />
  <regions eden="32" other="1" />
  <remembered-set-cleared processed="123" cleared="8" durationms="0.103" />
  <stringconstants candidates="13747" cleared="0"  />
</gc-op>
<gc-op id="3829" type="classunload" timems="0.004" contextid="3825" timestamp="2019-06-17T04:32:12.126">
  <classunload-info classloadercandidates="54" classloadersunloaded="0" classesunloaded="0" anonymousclassesunloaded="0" quiescems="0.000" setupms="0.004" scanms="0.000" postms="0.000" />
</gc-op>
<gc-end id="3830" type="partial gc" contextid="3825" durationms="4.335" usertimems="4.000" systemtimems="4.000" timestamp="2019-06-17T04:32:12.126" activeThreads="4">
  <mem-info id="3831" free="63963136" total="108003328" percent="59">
    <mem type="eden" free="1046416" total="1048576" percent="99" />
    <remembered-set count="2912" freebytes="4299520" totalbytes="4311168" percent="99" regionsoverflowed="0" regionsstable="18" regionsrebuilding="0"/>
  </mem-info>
</gc-end>
<cycle-end id="3832" type="partial gc" contextid="3825" timestamp="2019-06-17T04:32:12.126" />
  <attribute name="elasticGC enabled" value="1" />
  <attribute name= "numThreadsSpecified" value="4" />
  <attribute name="heapSize specified" value="0" />
  <attribute name="Current GC Util" value="270" />
  <attribute name= "Current Time Running" value="61560" />
  <attribute name ="GC Interval" value="0" />
  <attribute name="ProportionalT" value="375.000000" />
  <attribute name="ProportionalI" value="375.000000" />
  <attribute name="ProportionalH" value="375.000000" />
  <attribute name="Current Error" value="250.000000" />
  <attribute name="IntegralT" value="250.000000" />
  <attribute name="IntegralI" value="250.000000" />
  <attribute name="IntegralH" value="250.000000" />
  <attribute name="DerivativeT" value="375.000000" />
  <attribute name="DerivativeI" value="375.000000" />
  <attribute name="DerivativeH" value="375.000000" />
  <attribute name="Loop Time for DT" value="1.000000" />
  <attribute name="Output H" value="8388608"/>
  <attribute name="Output I" value="1000"/>
  <attribute name="Output T" value="4"/>
  <attribute name="Target GC Util Change" value ="20.000000" />
  <attribute name="Current GC Util Change" value="270.000000"/>
  <attribute name="GC Util currently" value="270" />
  <attribute name="CPU Util currently" value="12722488975829" />
<exclusive-end id="3833" timestamp="2019-06-17T04:32:12.126" durationms="5.567" />

<exclusive-start id="3834" timestamp="2019-06-17T04:32:12.194" intervalms="73.239">
  <response-info timems="0.096" idlems="0.096" threads="0" lastid="0000000002320700" lastname="main" />
</exclusive-start>
<allocation-taxation id="3835" taxation-threshold="33554432" timestamp="2019-06-17T04:32:12.194" intervalms="73.233" />
<cycle-start id="3836" type="partial gc" contextid="0" timestamp="2019-06-17T04:32:12.195" intervalms="73.307" />
<gc-start id="3837" type="partial gc" contextid="3836" timestamp="2019-06-17T04:32:12.195">
  <mem-info id="3838" free="30408704" total="108003328" percent="28">
    <mem type="eden" free="0" total="33554432" percent="0" />
    <remembered-set count="2432" freebytes="4301440" totalbytes="4311168" percent="99" regionsoverflowed="0" regionsstable="18" regionsrebuilding="0"/>
  </mem-info>
</gc-start>
<allocation-stats totalBytes="33549440" >
  <allocated-bytes non-tlh="0" tlh="33549440" arrayletleaf="0"/>
  <largest-consumer threadName="main" threadId="0000000002320700" bytes="33549440" />
</allocation-stats>
<gc-op id="3839" type="copy forward" timems="1.258" contextid="3836" timestamp="2019-06-17T04:32:12.197">
  <memory-copied type="eden" objects="22" bytes="768" bytesdiscarded="0" />
  <memory-copied type="other" objects="7" bytes="160" bytesdiscarded="0" />
  <memory-cardclean objects="60" bytes="2336" />
  <regions eden="32" other="1" />
  <remembered-set-cleared processed="121" cleared="6" durationms="0.142" />
  <stringconstants candidates="13747" cleared="0"  />
</gc-op>
<gc-op id="3840" type="classunload" timems="0.004" contextid="3836" timestamp="2019-06-17T04:32:12.197">
  <classunload-info classloadercandidates="54" classloadersunloaded="0" classesunloaded="0" anonymousclassesunloaded="0" quiescems="0.000" setupms="0.004" scanms="0.000" postms="0.000" />
</gc-op>
<gc-end id="3841" type="partial gc" contextid="3836" durationms="2.562" usertimems="4.000" systemtimems="0.000" timestamp="2019-06-17T04:32:12.198" activeThreads="1">
  <mem-info id="3842" free="62914560" total="108003328" percent="58">
    <mem type="eden" free="1047808" total="1048576" percent="99" />
    <remembered-set count="2720" freebytes="4300288" totalbytes="4311168" percent="99" regionsoverflowed="0" regionsstable="18" regionsrebuilding="0"/>
  </mem-info>
</gc-end>
<cycle-end id="3843" type="partial gc" contextid="3836" timestamp="2019-06-17T04:32:12.198" />
  <attribute name="elasticGC enabled" value="1" />
  <attribute name= "numThreadsSpecified" value="1" />
  <attribute name="heapSize specified" value="0" />
  <attribute name="Current GC Util" value="160" />
  <attribute name= "Current Time Running" value="61633" />
  <attribute name ="GC Interval" value="0" />
  <attribute name="ProportionalT" value="210.000000" />
  <attribute name="ProportionalI" value="210.000000" />
  <attribute name="ProportionalH" value="210.000000" />
  <attribute name="Current Error" value="140.000000" />
  <attribute name="IntegralT" value="0.000000" />
  <attribute name="IntegralI" value="0.000000" />
  <attribute name="IntegralH" value="0.000000" />
  <attribute name="DerivativeT" value="inf" />
  <attribute name="DerivativeI" value="inf" />
  <attribute name="DerivativeH" value="inf" />
  <attribute name="Loop Time for DT" value="0.000000" />
  <attribute name="Output H" value="8388608"/>
  <attribute name="Output I" value="200"/>
  <attribute name="Output T" value="1"/>
  <attribute name="Target GC Util Change" value ="20.000000" />
  <attribute name="Current GC Util Change" value="160.000000"/>
  <attribute name="GC Util currently" value="160" />
  <attribute name="CPU Util currently" value="12041930211610" />
<exclusive-end id="3844" timestamp="2019-06-17T04:32:12.198" durationms="3.965" />

<exclusive-start id="3845" timestamp="2019-06-17T04:32:12.251" intervalms="56.870">
  <response-info timems="0.070" idlems="0.070" threads="0" lastid="0000000002320700" lastname="main" />
</exclusive-start>
<allocation-taxation id="3846" taxation-threshold="33554432" timestamp="2019-06-17T04:32:12.251" intervalms="56.882" />
<cycle-start id="3847" type="partial gc" contextid="0" timestamp="2019-06-17T04:32:12.251" intervalms="56.889" />
<gc-start id="3848" type="partial gc" contextid="3847" timestamp="2019-06-17T04:32:12.252">
  <mem-info id="3849" free="29360128" total="108003328" percent="27">
    <mem type="eden" free="0" total="33554432" percent="0" />
    <remembered-set count="2304" freebytes="4301952" totalbytes="4311168" percent="99" regionsoverflowed="0" regionsstable="18" regionsrebuilding="0"/>
  </mem-info>
</gc-start>
<allocation-stats totalBytes="33548448" >
  <allocated-bytes non-tlh="0" tlh="33548448" arrayletleaf="0"/>
  <largest-consumer threadName="main" threadId="0000000002320700" bytes="33548448" />
</allocation-stats>
<gc-op id="3850" type="copy forward" timems="2.431" contextid="3847" timestamp="2019-06-17T04:32:12.255">
  <memory-copied type="eden" objects="1" bytes="24" bytesdiscarded="0" />
  <memory-copied type="other" objects="20" bytes="664" bytesdiscarded="680" />
  <memory-cardclean objects="40" bytes="1712" />
  <regions eden="32" other="1" />
  <remembered-set-cleared processed="125" cleared="8" durationms="0.104" />
  <stringconstants candidates="13747" cleared="0"  />
</gc-op>
<gc-op id="3851" type="classunload" timems="0.004" contextid="3847" timestamp="2019-06-17T04:32:12.255">
  <classunload-info classloadercandidates="54" classloadersunloaded="0" classesunloaded="0" anonymousclassesunloaded="0" quiescems="0.000" setupms="0.004" scanms="0.000" postms="0.000" />
</gc-op>
<gc-end id="3852" type="partial gc" contextid="3847" durationms="3.845" usertimems="4.000" systemtimems="0.000" timestamp="2019-06-17T04:32:12.256" activeThreads="4">
  <mem-info id="3853" free="61865984" total="108003328" percent="57">
    <mem type="eden" free="1048552" total="1048576" percent="99" />
    <remembered-set count="2944" freebytes="4299392" totalbytes="4311168" percent="99" regionsoverflowed="0" regionsstable="18" regionsrebuilding="0"/>
  </mem-info>
</gc-end>
<cycle-end id="3854" type="partial gc" contextid="3847" timestamp="2019-06-17T04:32:12.256" />
  <attribute name="elasticGC enabled" value="1" />
  <attribute name= "numThreadsSpecified" value="4" />
  <attribute name="heapSize specified" value="0" />
  <attribute name="Current GC Util" value="306" />
  <attribute name= "Current Time Running" value="61690" />
  <attribute name ="GC Interval" value="0" />
  <attribute name="ProportionalT" value="429.000000" />
  <attribute name="ProportionalI" value="429.000000" />
  <attribute name="ProportionalH" value="429.000000" />
  <attribute name="Current Error" value="286.000000" />
  <attribute name="IntegralT" value="286.000000" />
  <attribute name="IntegralI" value="286.000000" />
  <attribute name="IntegralH" value="286.000000" />
  <attribute name="DerivativeT" value="429.000000" />
  <attribute name="DerivativeI" value="429.000000" />
  <attribute name="DerivativeH" value="429.000000" />
  <attribute name="Loop Time for DT" value="1.000000" />
  <attribute name="Output H" value="8388608"/>
  <attribute name="Output I" value="1144"/>
  <attribute name="Output T" value="4"/>
  <attribute name="Target GC Util Change" value ="20.000000" />
  <attribute name="Current GC Util Change" value="306.000000"/>
  <attribute name="GC Util currently" value="306" />
  <attribute name="CPU Util currently" value="12901192213796" />
<exclusive-end id="3855" timestamp="2019-06-17T04:32:12.256" durationms="5.023" />

<exclusive-start id="3856" timestamp="2019-06-17T04:32:12.308" intervalms="57.077">
  <response-info timems="0.123" idlems="0.123" threads="0" lastid="0000000002320700" lastname="main" />
</exclusive-start>
<allocation-taxation id="3857" taxation-threshold="33554432" timestamp="2019-06-17T04:32:12.308" intervalms="57.033" />
<cycle-start id="3858" type="partial gc" contextid="0" timestamp="2019-06-17T04:32:12.308" intervalms="57.038" />
<gc-start id="3859" type="partial gc" contextid="3858" timestamp="2019-06-17T04:32:12.309">
  <mem-info id="3860" free="28311552" total="108003328" percent="26">
    <mem type="eden" free="1048552" total="34603008" percent="3" />
    <remembered-set count="2944" freebytes="4299392" totalbytes="4311168" percent="99" regionsoverflowed="0" regionsstable="18" regionsrebuilding="0"/>
  </mem-info>
</gc-start>
<allocation-stats totalBytes="33547792" >
  <allocated-bytes non-tlh="0" tlh="33547792" arrayletleaf="0"/>
  <largest-consumer threadName="main" threadId="0000000002320700" bytes="33547792" />
</allocation-stats>
<gc-op id="3861" type="copy forward" timems="2.874" contextid="3858" timestamp="2019-06-17T04:32:12.313">
  <memory-copied type="eden" objects="4" bytes="200" bytesdiscarded="0" />
  <memory-copied type="other" objects="0" bytes="0" bytesdiscarded="0" />
  <memory-cardclean objects="23" bytes="1000" />
  <regions eden="32" other="1" />
  <remembered-set-cleared processed="129" cleared="1" durationms="0.104" />
  <stringconstants candidates="13747" cleared="0"  />
</gc-op>
<gc-op id="3862" type="classunload" timems="0.004" contextid="3858" timestamp="2019-06-17T04:32:12.313">
  <classunload-info classloadercandidates="54" classloadersunloaded="0" classesunloaded="0" anonymousclassesunloaded="0" quiescems="0.000" setupms="0.004" scanms="0.000" postms="0.000" />
</gc-op>
<gc-end id="3863" type="partial gc" contextid="3858" durationms="4.139" usertimems="8.000" systemtimems="0.000" timestamp="2019-06-17T04:32:12.313" activeThreads="4">
  <mem-info id="3864" free="61865984" total="108003328" percent="57">
    <mem type="eden" free="1048376" total="1048576" percent="99" />
    <remembered-set count="2656" freebytes="4300544" totalbytes="4311168" percent="99" regionsoverflowed="0" regionsstable="18" regionsrebuilding="0"/>
  </mem-info>
</gc-end>
<cycle-end id="3865" type="partial gc" contextid="3858" timestamp="2019-06-17T04:32:12.313" />
  <attribute name="elasticGC enabled" value="1" />
  <attribute name= "numThreadsSpecified" value="4" />
  <attribute name="heapSize specified" value="0" />
  <attribute name="Current GC Util" value="152" />
  <attribute name= "Current Time Running" value="61747" />
  <attribute name ="GC Interval" value="0" />
  <attribute name="ProportionalT" value="198.000000" />
  <attribute name="ProportionalI" value="198.000000" />
  <attribute name="ProportionalH" value="198.000000" />
  <attribute name="Current Error" value="132.000000" />
  <attribute name="IntegralT" value="132.000000" />
  <attribute name="IntegralI" value="132.000000" />
  <attribute name="IntegralH" value="132.000000" />
  <attribute name="DerivativeT" value="198.000000" />
  <attribute name="DerivativeI" value="198.000000" />
  <attribute name="DerivativeH" value="198.000000" />
  <attribute name="Loop Time for DT" value="1.000000" />
  <attribute name="Output H" value="8388608"/>
  <attribute name="Output I" value="528"/>
  <attribute name="Output T" value="4"/>
  <attribute name="Target GC Util Change" value ="20.000000" />
  <attribute name="Current GC Util Change" value="152.000000"/>
  <attribute name="GC Util currently" value="152" />
  <attribute name="CPU Util currently" value="13370848784760" />
<exclusive-end id="3866" timestamp="2019-06-17T04:32:12.313" durationms="5.339" />

<exclusive-start id="3867" timestamp="2019-06-17T04:32:12.365" intervalms="57.451">
  <response-info timems="0.117" idlems="0.117" threads="0" lastid="0000000002320700" lastname="main" />
</exclusive-start>
<allocation-taxation id="3868" taxation-threshold="33554432" timestamp="2019-06-17T04:32:12.366" intervalms="57.430" />
<cycle-start id="3869" type="partial gc" contextid="0" timestamp="2019-06-17T04:32:12.366" intervalms="57.428" />
<gc-start id="3870" type="partial gc" contextid="3869" timestamp="2019-06-17T04:32:12.366">
  <mem-info id="3871" free="28311552" total="108003328" percent="26">
    <mem type="eden" free="1048376" total="34603008" percent="3" />
    <remembered-set count="2656" freebytes="4300544" totalbytes="4311168" percent="99" regionsoverflowed="0" regionsstable="18" regionsrebuilding="0"/>
  </mem-info>
</gc-start>
<allocation-stats totalBytes="33548000" >
  <allocated-bytes non-tlh="0" tlh="33548000" arrayletleaf="0"/>
  <largest-consumer threadName="main" threadId="0000000002320700" bytes="33548000" />
</allocation-stats>
<gc-op id="3872" type="copy forward" timems="1.134" contextid="3869" timestamp="2019-06-17T04:32:12.368">
  <memory-copied type="eden" objects="2" bytes="104" bytesdiscarded="0" />
  <memory-copied type="other" objects="0" bytes="0" bytesdiscarded="0" />
  <memory-cardclean objects="23" bytes="1000" />
  <regions eden="32" other="1" />
  <remembered-set-cleared processed="129" cleared="1" durationms="0.143" />
  <stringconstants candidates="13747" cleared="0"  />
</gc-op>
<gc-op id="3873" type="classunload" timems="0.004" contextid="3869" timestamp="2019-06-17T04:32:12.368">
  <classunload-info classloadercandidates="54" classloadersunloaded="0" classesunloaded="0" anonymousclassesunloaded="0" quiescems="0.000" setupms="0.004" scanms="0.000" postms="0.000" />
</gc-op>
<gc-end id="3874" type="partial gc" contextid="3869" durationms="2.496" usertimems="4.000" systemtimems="0.000" timestamp="2019-06-17T04:32:12.369" activeThreads="1">
  <mem-info id="3875" free="61865984" total="108003328" percent="57">
    <mem type="eden" free="1048472" total="1048576" percent="99" />
    <remembered-set count="3072" freebytes="4298880" totalbytes="4311168" percent="99" regionsoverflowed="0" regionsstable="18" regionsrebuilding="0"/>
  </mem-info>
</gc-end>
<cycle-end id="3876" type="partial gc" contextid="3869" timestamp="2019-06-17T04:32:12.369" />
  <attribute name="elasticGC enabled" value="1" />
  <attribute name= "numThreadsSpecified" value="1" />
  <attribute name="heapSize specified" value="0" />
  <attribute name="Current GC Util" value="202" />
  <attribute name= "Current Time Running" value="61804" />
  <attribute name ="GC Interval" value="0" />
  <attribute name="ProportionalT" value="273.000000" />
  <attribute name="ProportionalI" value="273.000000" />
  <attribute name="ProportionalH" value="273.000000" />
  <attribute name="Current Error" value="182.000000" />
  <attribute name="IntegralT" value="0.000000" />
  <attribute name="IntegralI" value="0.000000" />
  <attribute name="IntegralH" value="0.000000" />
  <attribute name="DerivativeT" value="inf" />
  <attribute name="DerivativeI" value="inf" />
  <attribute name="DerivativeH" value="inf" />
  <attribute name="Loop Time for DT" value="0.000000" />
  <attribute name="Output H" value="8388608"/>
  <attribute name="Output I" value="200"/>
  <attribute name="Output T" value="1"/>
  <attribute name="Target GC Util Change" value ="20.000000" />
  <attribute name="Current GC Util Change" value="202.000000"/>
  <attribute name="GC Util currently" value="202" />
  <attribute name="CPU Util currently" value="12056537746563" />
<exclusive-end id="3877" timestamp="2019-06-17T04:32:12.369" durationms="3.580" />

<exclusive-start id="3878" timestamp="2019-06-17T04:32:12.421" intervalms="55.897">
  <response-info timems="0.081" idlems="0.081" threads="0" lastid="0000000002320700" lastname="main" />
</exclusive-start>
<allocation-taxation id="3879" taxation-threshold="33554432" timestamp="2019-06-17T04:32:12.422" intervalms="55.912" />
<cycle-start id="3880" type="partial gc" contextid="0" timestamp="2019-06-17T04:32:12.422" intervalms="55.900" />
<gc-start id="3881" type="partial gc" contextid="3880" timestamp="2019-06-17T04:32:12.422">
  <mem-info id="3882" free="28311552" total="108003328" percent="26">
    <mem type="eden" free="1048472" total="34603008" percent="3" />
    <remembered-set count="2624" freebytes="4300672" totalbytes="4311168" percent="99" regionsoverflowed="0" regionsstable="18" regionsrebuilding="0"/>
  </mem-info>
</gc-start>
<allocation-stats totalBytes="33548304" >
  <allocated-bytes non-tlh="0" tlh="33548304" arrayletleaf="0"/>
  <largest-consumer threadName="main" threadId="0000000002320700" bytes="33548304" />
</allocation-stats>
<gc-op id="3883" type="copy forward" timems="3.060" contextid="3880" timestamp="2019-06-17T04:32:12.426">
  <memory-copied type="eden" objects="5" bytes="240" bytesdiscarded="0" />
  <memory-copied type="other" objects="0" bytes="0" bytesdiscarded="0" />
  <memory-cardclean objects="23" bytes="1000" />
  <regions eden="32" other="1" />
  <remembered-set-cleared processed="129" cleared="1" durationms="0.104" />
  <stringconstants candidates="13747" cleared="0"  />
</gc-op>
<gc-op id="3884" type="classunload" timems="0.003" contextid="3880" timestamp="2019-06-17T04:32:12.426">
  <classunload-info classloadercandidates="54" classloadersunloaded="0" classesunloaded="0" anonymousclassesunloaded="0" quiescems="0.000" setupms="0.003" scanms="0.000" postms="0.000" />
</gc-op>
<gc-end id="3885" type="partial gc" contextid="3880" durationms="4.270" usertimems="8.000" systemtimems="0.000" timestamp="2019-06-17T04:32:12.426" activeThreads="4">
  <mem-info id="3886" free="61865984" total="108003328" percent="57">
    <mem type="eden" free="1048336" total="1048576" percent="99" />
    <remembered-set count="2144" freebytes="4302592" totalbytes="4311168" percent="99" regionsoverflowed="0" regionsstable="18" regionsrebuilding="0"/>
  </mem-info>
</gc-end>
<cycle-end id="3887" type="partial gc" contextid="3880" timestamp="2019-06-17T04:32:12.426" />
  <attribute name="elasticGC enabled" value="1" />
  <attribute name= "numThreadsSpecified" value="4" />
  <attribute name="heapSize specified" value="0" />
  <attribute name="Current GC Util" value="279" />
  <attribute name= "Current Time Running" value="61860" />
  <attribute name ="GC Interval" value="0" />
  <attribute name="ProportionalT" value="388.500000" />
  <attribute name="ProportionalI" value="388.500000" />
  <attribute name="ProportionalH" value="388.500000" />
  <attribute name="Current Error" value="259.000000" />
  <attribute name="IntegralT" value="259.000000" />
  <attribute name="IntegralI" value="259.000000" />
  <attribute name="IntegralH" value="259.000000" />
  <attribute name="DerivativeT" value="388.500000" />
  <attribute name="DerivativeI" value="388.500000" />
  <attribute name="DerivativeH" value="388.500000" />
  <attribute name="Loop Time for DT" value="1.000000" />
  <attribute name="Output H" value="8388608"/>
  <attribute name="Output I" value="1040"/>
  <attribute name="Output T" value="4"/>
  <attribute name="Target GC Util Change" value ="20.000000" />
  <attribute name="Current GC Util Change" value="279.000000"/>
  <attribute name="GC Util currently" value="279" />
  <attribute name="CPU Util currently" value="13138182439095" />
<exclusive-end id="3888" timestamp="2019-06-17T04:32:12.427" durationms="5.329" />

<exclusive-start id="3889" timestamp="2019-06-17T04:32:12.479" intervalms="57.520">
  <response-info timems="0.112" idlems="0.112" threads="0" lastid="0000000002320700" lastname="main" />
</exclusive-start>
<allocation-taxation id="3890" taxation-threshold="33554432" timestamp="2019-06-17T04:32:12.479" intervalms="57.509" />
<cycle-start id="3891" type="partial gc" contextid="0" timestamp="2019-06-17T04:32:12.479" intervalms="57.524" />
<gc-start id="3892" type="partial gc" contextid="3891" timestamp="2019-06-17T04:32:12.480">
  <mem-info id="3893" free="28311552" total="108003328" percent="26">
    <mem type="eden" free="1048336" total="34603008" percent="3" />
    <remembered-set count="2144" freebytes="4302592" totalbytes="4311168" percent="99" regionsoverflowed="0" regionsstable="18" regionsrebuilding="0"/>
  </mem-info>
</gc-start>
<allocation-stats totalBytes="33548072" >
  <allocated-bytes non-tlh="0" tlh="33548072" arrayletleaf="0"/>
  <largest-consumer threadName="main" threadId="0000000002320700" bytes="33548072" />
</allocation-stats>
<gc-op id="3894" type="copy forward" timems="1.152" contextid="3891" timestamp="2019-06-17T04:32:12.482">
  <memory-copied type="eden" objects="5" bytes="240" bytesdiscarded="0" />
  <memory-copied type="other" objects="0" bytes="0" bytesdiscarded="0" />
  <memory-cardclean objects="23" bytes="1000" />
  <regions eden="32" other="1" />
  <remembered-set-cleared processed="129" cleared="1" durationms="0.141" />
  <stringconstants candidates="13747" cleared="0"  />
</gc-op>
<gc-op id="3895" type="classunload" timems="0.004" contextid="3891" timestamp="2019-06-17T04:32:12.482">
  <classunload-info classloadercandidates="54" classloadersunloaded="0" classesunloaded="0" anonymousclassesunloaded="0" quiescems="0.000" setupms="0.004" scanms="0.000" postms="0.000" />
</gc-op>
<gc-end id="3896" type="partial gc" contextid="3891" durationms="2.433" usertimems="4.000" systemtimems="0.000" timestamp="2019-06-17T04:32:12.482" activeThreads="1">
  <mem-info id="3897" free="61865984" total="108003328" percent="57">
    <mem type="eden" free="1048336" total="1048576" percent="99" />
    <remembered-set count="2592" freebytes="4300800" totalbytes="4311168" percent="99" regionsoverflowed="0" regionsstable="18" regionsrebuilding="0"/>
  </mem-info>
</gc-end>
<cycle-end id="3898" type="partial gc" contextid="3891" timestamp="2019-06-17T04:32:12.482" />
  <attribute name="elasticGC enabled" value="1" />
  <attribute name= "numThreadsSpecified" value="1" />
  <attribute name="heapSize specified" value="0" />
  <attribute name="Current GC Util" value="209" />
  <attribute name= "Current Time Running" value="61917" />
  <attribute name ="GC Interval" value="0" />
  <attribute name="ProportionalT" value="283.500000" />
  <attribute name="ProportionalI" value="283.500000" />
  <attribute name="ProportionalH" value="283.500000" />
  <attribute name="Current Error" value="189.000000" />
  <attribute name="IntegralT" value="0.000000" />
  <attribute name="IntegralI" value="0.000000" />
  <attribute name="IntegralH" value="0.000000" />
  <attribute name="DerivativeT" value="inf" />
  <attribute name="DerivativeI" value="inf" />
  <attribute name="DerivativeH" value="inf" />
  <attribute name="Loop Time for DT" value="0.000000" />
  <attribute name="Output H" value="8388608"/>
  <attribute name="Output I" value="200"/>
  <attribute name="Output T" value="1"/>
  <attribute name="Target GC Util Change" value ="20.000000" />
  <attribute name="Current GC Util Change" value="209.000000"/>
  <attribute name="GC Util currently" value="209" />
  <attribute name="CPU Util currently" value="12440849257622" />
<exclusive-end id="3899" timestamp="2019-06-17T04:32:12.482" durationms="3.559" />

<exclusive-start id="3900" timestamp="2019-06-17T04:32:12.513" intervalms="34.038">
  <response-info timems="0.149" idlems="0.149" threads="0" lastid="0000000002320700" lastname="main" />
</exclusive-start>
<allocation-taxation id="3901" taxation-threshold="33554432" timestamp="2019-06-17T04:32:12.513" intervalms="34.054" />
<cycle-start id="3902" type="partial gc" contextid="0" timestamp="2019-06-17T04:32:12.513" intervalms="34.069" />
<gc-start id="3903" type="partial gc" contextid="3902" timestamp="2019-06-17T04:32:12.514">
  <mem-info id="3904" free="28311552" total="108003328" percent="26">
    <mem type="eden" free="1048336" total="34603008" percent="3" />
    <remembered-set count="2144" freebytes="4302592" totalbytes="4311168" percent="99" regionsoverflowed="0" regionsstable="18" regionsrebuilding="0"/>
  </mem-info>
</gc-start>
<allocation-stats totalBytes="33524336" >
  <allocated-bytes non-tlh="0" tlh="33524336" arrayletleaf="0"/>
  <largest-consumer threadName="main" threadId="0000000002320700" bytes="33524336" />
</allocation-stats>
<gc-op id="3905" type="copy forward" timems="3.408" contextid="3902" timestamp="2019-06-17T04:32:12.518">
  <memory-copied type="eden" objects="26" bytes="1344" bytesdiscarded="600" />
  <memory-copied type="other" objects="0" bytes="0" bytesdiscarded="0" />
  <memory-cardclean objects="63" bytes="2400" />
  <regions eden="32" other="1" />
  <remembered-set-cleared processed="129" cleared="11" durationms="0.101" />
  <stringconstants candidates="13747" cleared="0"  />
</gc-op>
<gc-op id="3906" type="classunload" timems="0.004" contextid="3902" timestamp="2019-06-17T04:32:12.518">
  <classunload-info classloadercandidates="54" classloadersunloaded="0" classesunloaded="0" anonymousclassesunloaded="0" quiescems="0.000" setupms="0.004" scanms="0.000" postms="0.000" />
</gc-op>
<gc-end id="3907" type="partial gc" contextid="3902" durationms="4.707" usertimems="8.000" systemtimems="4.000" timestamp="2019-06-17T04:32:12.518" activeThreads="4">
  <mem-info id="3908" free="61865984" total="108003328" percent="57">
    <mem type="eden" free="1046632" total="1048576" percent="99" />
    <remembered-set count="2464" freebytes="4301312" totalbytes="4311168" percent="99" regionsoverflowed="0" regionsstable="18" regionsrebuilding="0"/>
  </mem-info>
</gc-end>
<cycle-end id="3909" type="partial gc" contextid="3902" timestamp="2019-06-17T04:32:12.519" />
  <attribute name="elasticGC enabled" value="1" />
  <attribute name= "numThreadsSpecified" value="4" />
  <attribute name="heapSize specified" value="0" />
  <attribute name="Current GC Util" value="276" />
  <attribute name= "Current Time Running" value="61952" />
  <attribute name ="GC Interval" value="0" />
  <attribute name="ProportionalT" value="384.000000" />
  <attribute name="ProportionalI" value="384.000000" />
  <attribute name="ProportionalH" value="384.000000" />
  <attribute name="Current Error" value="256.000000" />
  <attribute name="IntegralT" value="256.000000" />
  <attribute name="IntegralI" value="256.000000" />
  <attribute name="IntegralH" value="256.000000" />
  <attribute name="DerivativeT" value="384.000000" />
  <attribute name="DerivativeI" value="384.000000" />
  <attribute name="DerivativeH" value="384.000000" />
  <attribute name="Loop Time for DT" value="1.000000" />
  <attribute name="Output H" value="8388608"/>
  <attribute name="Output I" value="1024"/>
  <attribute name="Output T" value="4"/>
  <attribute name="Target GC Util Change" value ="20.000000" />
  <attribute name="Current GC Util Change" value="276.000000"/>
  <attribute name="GC Util currently" value="276" />
  <attribute name="CPU Util currently" value="12275406179073" />
<exclusive-end id="3910" timestamp="2019-06-17T04:32:12.519" durationms="5.898" />

<exclusive-start id="3911" timestamp="2019-06-17T04:32:12.530" intervalms="17.079">
  <response-info timems="0.083" idlems="0.083" threads="0" lastid="0000000002320700" lastname="main" />
</exclusive-start>
<allocation-taxation id="3912" taxation-threshold="33554432" timestamp="2019-06-17T04:32:12.530" intervalms="17.079" />
<cycle-start id="3913" type="partial gc" contextid="0" timestamp="2019-06-17T04:32:12.530" intervalms="17.088" />
<gc-start id="3914" type="partial gc" contextid="3913" timestamp="2019-06-17T04:32:12.531">
  <mem-info id="3915" free="28311552" total="108003328" percent="26">
    <mem type="eden" free="0" total="33554432" percent="0" />
    <remembered-set count="2464" freebytes="4301312" totalbytes="4311168" percent="99" regionsoverflowed="0" regionsstable="18" regionsrebuilding="0"/>
  </mem-info>
</gc-start>
<allocation-stats totalBytes="33508152" >
  <allocated-bytes non-tlh="0" tlh="33508152" arrayletleaf="0"/>
  <largest-consumer threadName="main" threadId="0000000002320700" bytes="33508152" />
</allocation-stats>
<gc-op id="3916" type="copy forward" timems="3.428" contextid="3913" timestamp="2019-06-17T04:32:12.535">
  <memory-copied type="eden" objects="4" bytes="112" bytesdiscarded="680" />
  <memory-copied type="other" objects="22" bytes="1232" bytesdiscarded="1856" />
  <memory-cardclean objects="52" bytes="2216" />
  <regions eden="32" other="1" />
  <remembered-set-cleared processed="128" cleared="10" durationms="0.105" />
  <stringconstants candidates="13747" cleared="0"  />
</gc-op>
<gc-op id="3917" type="classunload" timems="0.004" contextid="3913" timestamp="2019-06-17T04:32:12.535">
  <classunload-info classloadercandidates="54" classloadersunloaded="0" classesunloaded="0" anonymousclassesunloaded="0" quiescems="0.000" setupms="0.004" scanms="0.000" postms="0.000" />
</gc-op>
<heap-resize id="3918" type="expand" space="default" amount="10485760" count="1" timems="0.093" reason="excessive time being spent in gc" timestamp="2019-06-17T04:32:12.535" />
<gc-end id="3919" type="partial gc" contextid="3913" durationms="4.876" usertimems="12.000" systemtimems="0.000" timestamp="2019-06-17T04:32:12.536" activeThreads="4">
  <mem-info id="3920" free="71303168" total="118489088" percent="60">
    <mem type="eden" free="1047784" total="1048576" percent="99" />
    <remembered-set count="2976" freebytes="4717824" totalbytes="4729728" percent="99" regionsoverflowed="0" regionsstable="18" regionsrebuilding="0"/>
  </mem-info>
</gc-end>
<cycle-end id="3921" type="partial gc" contextid="3913" timestamp="2019-06-17T04:32:12.536" />
  <attribute name="elasticGC enabled" value="1" />
  <attribute name= "numThreadsSpecified" value="4" />
  <attribute name="heapSize specified" value="0" />
  <attribute name="Current GC Util" value="154" />
  <attribute name= "Current Time Running" value="61969" />
  <attribute name ="GC Interval" value="0" />
  <attribute name="ProportionalT" value="201.000000" />
  <attribute name="ProportionalI" value="201.000000" />
  <attribute name="ProportionalH" value="201.000000" />
  <attribute name="Current Error" value="134.000000" />
  <attribute name="IntegralT" value="134.000000" />
  <attribute name="IntegralI" value="134.000000" />
  <attribute name="IntegralH" value="134.000000" />
  <attribute name="DerivativeT" value="159.000000" />
  <attribute name="DerivativeI" value="159.000000" />
  <attribute name="DerivativeH" value="159.000000" />
  <attribute name="Loop Time for DT" value="1.000000" />
  <attribute name="Output H" value="8388608"/>
  <attribute name="Output I" value="496"/>
  <attribute name="Output T" value="4"/>
  <attribute name="Target GC Util Change" value ="20.000000" />
  <attribute name="Current GC Util Change" value="154.000000"/>
  <attribute name="GC Util currently" value="154" />
  <attribute name="CPU Util currently" value="12950318079925" />
<exclusive-end id="3922" timestamp="2019-06-17T04:32:12.536" durationms="6.025" />

<exclusive-start id="3923" timestamp="2019-06-17T04:32:12.548" intervalms="17.967">
  <response-info timems="0.112" idlems="0.112" threads="0" lastid="0000000002320700" lastname="main" />
</exclusive-start>
<allocation-taxation id="3924" taxation-threshold="35651584" timestamp="2019-06-17T04:32:12.548" intervalms="17.933" />
<cycle-start id="3925" type="partial gc" contextid="0" timestamp="2019-06-17T04:32:12.548" intervalms="17.915" />
<gc-start id="3926" type="partial gc" contextid="3925" timestamp="2019-06-17T04:32:12.549">
  <mem-info id="3927" free="35651584" total="118489088" percent="30">
    <mem type="eden" free="1047784" total="36700160" percent="2" />
    <remembered-set count="2976" freebytes="4717824" totalbytes="4729728" percent="99" regionsoverflowed="0" regionsstable="18" regionsrebuilding="0"/>
  </mem-info>
</gc-start>
<allocation-stats totalBytes="35601008" >
  <allocated-bytes non-tlh="0" tlh="35601008" arrayletleaf="0"/>
  <largest-consumer threadName="main" threadId="0000000002320700" bytes="35601008" />
</allocation-stats>
<gc-op id="3928" type="copy forward" timems="1.295" contextid="3925" timestamp="2019-06-17T04:32:12.551">
  <memory-copied type="eden" objects="4" bytes="112" bytesdiscarded="0" />
  <memory-copied type="other" objects="22" bytes="1232" bytesdiscarded="0" />
  <memory-cardclean objects="52" bytes="2216" />
  <regions eden="34" other="2" />
  <remembered-set-cleared processed="128" cleared="10" durationms="0.140" />
  <stringconstants candidates="13747" cleared="0"  />
</gc-op>
<gc-op id="3929" type="classunload" timems="0.004" contextid="3925" timestamp="2019-06-17T04:32:12.551">
  <classunload-info classloadercandidates="54" classloadersunloaded="0" classesunloaded="0" anonymousclassesunloaded="0" quiescems="0.000" setupms="0.003" scanms="0.000" postms="0.000" />
</gc-op>
<gc-end id="3930" type="partial gc" contextid="3925" durationms="2.556" usertimems="0.000" systemtimems="0.000" timestamp="2019-06-17T04:32:12.551" activeThreads="1">
  <mem-info id="3931" free="71303168" total="118489088" percent="60">
    <mem type="eden" free="1048464" total="1048576" percent="99" />
    <remembered-set count="3136" freebytes="4717184" totalbytes="4729728" percent="99" regionsoverflowed="0" regionsstable="18" regionsrebuilding="0"/>
  </mem-info>
</gc-end>
<cycle-end id="3932" type="partial gc" contextid="3925" timestamp="2019-06-17T04:32:12.551" />
  <attribute name="elasticGC enabled" value="1" />
  <attribute name= "numThreadsSpecified" value="1" />
  <attribute name="heapSize specified" value="0" />
  <attribute name="Current GC Util" value="209" />
  <attribute name= "Current Time Running" value="61986" />
  <attribute name ="GC Interval" value="0" />
  <attribute name="ProportionalT" value="283.500000" />
  <attribute name="ProportionalI" value="283.500000" />
  <attribute name="ProportionalH" value="283.500000" />
  <attribute name="Current Error" value="189.000000" />
  <attribute name="IntegralT" value="0.000000" />
  <attribute name="IntegralI" value="0.000000" />
  <attribute name="IntegralH" value="0.000000" />
  <attribute name="DerivativeT" value="inf" />
  <attribute name="DerivativeI" value="inf" />
  <attribute name="DerivativeH" value="inf" />
  <attribute name="Loop Time for DT" value="0.000000" />
  <attribute name="Output H" value="8388608"/>
  <attribute name="Output I" value="200"/>
  <attribute name="Output T" value="1"/>
  <attribute name="Target GC Util Change" value ="20.000000" />
  <attribute name="Current GC Util Change" value="209.000000"/>
  <attribute name="GC Util currently" value="209" />
  <attribute name="CPU Util currently" value="12141703140348" />
<exclusive-end id="3933" timestamp="2019-06-17T04:32:12.552" durationms="3.513" />

<exclusive-start id="3934" timestamp="2019-06-17T04:32:12.564" intervalms="15.624">
  <response-info timems="0.118" idlems="0.118" threads="0" lastid="0000000002320700" lastname="main" />
</exclusive-start>
<allocation-taxation id="3935" taxation-threshold="35651584" timestamp="2019-06-17T04:32:12.564" intervalms="15.624" />
<cycle-start id="3936" type="partial gc" contextid="0" timestamp="2019-06-17T04:32:12.564" intervalms="15.643" />
<gc-start id="3937" type="partial gc" contextid="3936" timestamp="2019-06-17T04:32:12.564">
  <mem-info id="3938" free="35651584" total="118489088" percent="30">
    <mem type="eden" free="1048464" total="36700160" percent="2" />
    <remembered-set count="2752" freebytes="4718720" totalbytes="4729728" percent="99" regionsoverflowed="0" regionsstable="18" regionsrebuilding="0"/>
  </mem-info>
</gc-start>
<allocation-stats totalBytes="35602416" >
  <allocated-bytes non-tlh="0" tlh="35602416" arrayletleaf="0"/>
  <largest-consumer threadName="main" threadId="0000000002320700" bytes="35602416" />
</allocation-stats>
<gc-op id="3939" type="copy forward" timems="1.125" contextid="3936" timestamp="2019-06-17T04:32:12.566">
  <memory-copied type="eden" objects="4" bytes="112" bytesdiscarded="0" />
  <memory-copied type="other" objects="22" bytes="1232" bytesdiscarded="0" />
  <memory-cardclean objects="52" bytes="2216" />
  <regions eden="34" other="2" />
  <remembered-set-cleared processed="128" cleared="10" durationms="0.141" />
  <stringconstants candidates="13747" cleared="0"  />
</gc-op>
<gc-op id="3940" type="classunload" timems="0.004" contextid="3936" timestamp="2019-06-17T04:32:12.566">
  <classunload-info classloadercandidates="54" classloadersunloaded="0" classesunloaded="0" anonymousclassesunloaded="0" quiescems="0.000" setupms="0.004" scanms="0.000" postms="0.000" />
</gc-op>
<gc-end id="3941" type="partial gc" contextid="3936" durationms="2.472" usertimems="4.000" systemtimems="0.000" timestamp="2019-06-17T04:32:12.567" activeThreads="1">
  <mem-info id="3942" free="71303168" total="118489088" percent="60">
    <mem type="eden" free="1048464" total="1048576" percent="99" />
    <remembered-set count="3168" freebytes="4717056" totalbytes="4729728" percent="99" regionsoverflowed="0" regionsstable="18" regionsrebuilding="0"/>
  </mem-info>
</gc-end>
<cycle-end id="3943" type="partial gc" contextid="3936" timestamp="2019-06-17T04:32:12.567" />
  <attribute name="elasticGC enabled" value="1" />
  <attribute name= "numThreadsSpecified" value="1" />
  <attribute name="heapSize specified" value="0" />
  <attribute name="Current GC Util" value="247" />
  <attribute name= "Current Time Running" value="62002" />
  <attribute name ="GC Interval" value="0" />
  <attribute name="ProportionalT" value="340.500000" />
  <attribute name="ProportionalI" value="340.500000" />
  <attribute name="ProportionalH" value="340.500000" />
  <attribute name="Current Error" value="227.000000" />
  <attribute name="IntegralT" value="0.000000" />
  <attribute name="IntegralI" value="0.000000" />
  <attribute name="IntegralH" value="0.000000" />
  <attribute name="DerivativeT" value="inf" />
  <attribute name="DerivativeI" value="inf" />
  <attribute name="DerivativeH" value="inf" />
  <attribute name="Loop Time for DT" value="0.000000" />
  <attribute name="Output H" value="8388608"/>
  <attribute name="Output I" value="200"/>
  <attribute name="Output T" value="1"/>
  <attribute name="Target GC Util Change" value ="20.000000" />
  <attribute name="Current GC Util Change" value="247.000000"/>
  <attribute name="GC Util currently" value="247" />
  <attribute name="CPU Util currently" value="12110297263057" />
<exclusive-end id="3944" timestamp="2019-06-17T04:32:12.567" durationms="3.575" />

<exclusive-start id="3945" timestamp="2019-06-17T04:32:12.579" intervalms="15.677">
  <response-info timems="0.116" idlems="0.116" threads="0" lastid="0000000002320700" lastname="main" />
</exclusive-start>
<allocation-taxation id="3946" taxation-threshold="35651584" timestamp="2019-06-17T04:32:12.579" intervalms="15.671" />
<cycle-start id="3947" type="partial gc" contextid="0" timestamp="2019-06-17T04:32:12.580" intervalms="15.660" />
<gc-start id="3948" type="partial gc" contextid="3947" timestamp="2019-06-17T04:32:12.580">
  <mem-info id="3949" free="35651584" total="118489088" percent="30">
    <mem type="eden" free="1048464" total="36700160" percent="2" />
    <remembered-set count="2784" freebytes="4718592" totalbytes="4729728" percent="99" regionsoverflowed="0" regionsstable="18" regionsrebuilding="0"/>
  </mem-info>
</gc-start>
<allocation-stats totalBytes="35602392" >
  <allocated-bytes non-tlh="0" tlh="35602392" arrayletleaf="0"/>
  <largest-consumer threadName="main" threadId="0000000002320700" bytes="35602392" />
</allocation-stats>
<gc-op id="3950" type="copy forward" timems="2.599" contextid="3947" timestamp="2019-06-17T04:32:12.583">
  <memory-copied type="eden" objects="4" bytes="112" bytesdiscarded="680" />
  <memory-copied type="other" objects="22" bytes="1232" bytesdiscarded="2032" />
  <memory-cardclean objects="52" bytes="2216" />
  <regions eden="34" other="2" />
  <remembered-set-cleared processed="128" cleared="10" durationms="0.110" />
  <stringconstants candidates="13747" cleared="0"  />
</gc-op>
<gc-op id="3951" type="classunload" timems="0.003" contextid="3947" timestamp="2019-06-17T04:32:12.584">
  <classunload-info classloadercandidates="54" classloadersunloaded="0" classesunloaded="0" anonymousclassesunloaded="0" quiescems="0.000" setupms="0.003" scanms="0.000" postms="0.000" />
</gc-op>
<gc-end id="3952" type="partial gc" contextid="3947" durationms="3.821" usertimems="8.000" systemtimems="0.000" timestamp="2019-06-17T04:32:12.584" activeThreads="4">
  <mem-info id="3953" free="71303168" total="118489088" percent="60">
    <mem type="eden" free="1047784" total="1048576" percent="99" />
    <remembered-set count="2976" freebytes="4717824" totalbytes="4729728" percent="99" regionsoverflowed="0" regionsstable="18" regionsrebuilding="0"/>
  </mem-info>
</gc-end>
<cycle-end id="3954" type="partial gc" contextid="3947" timestamp="2019-06-17T04:32:12.584" />
  <attribute name="elasticGC enabled" value="1" />
  <attribute name= "numThreadsSpecified" value="4" />
  <attribute name="heapSize specified" value="0" />
  <attribute name="Current GC Util" value="266" />
  <attribute name= "Current Time Running" value="62018" />
  <attribute name ="GC Interval" value="0" />
  <attribute name="ProportionalT" value="369.000000" />
  <attribute name="ProportionalI" value="369.000000" />
  <attribute name="ProportionalH" value="369.000000" />
  <attribute name="Current Error" value="246.000000" />
  <attribute name="IntegralT" value="246.000000" />
  <attribute name="IntegralI" value="246.000000" />
  <attribute name="IntegralH" value="246.000000" />
  <attribute name="DerivativeT" value="369.000000" />
  <attribute name="DerivativeI" value="369.000000" />
  <attribute name="DerivativeH" value="369.000000" />
  <attribute name="Loop Time for DT" value="1.000000" />
  <attribute name="Output H" value="8388608"/>
  <attribute name="Output I" value="984"/>
  <attribute name="Output T" value="4"/>
  <attribute name="Target GC Util Change" value ="20.000000" />
  <attribute name="Current GC Util Change" value="266.000000"/>
  <attribute name="GC Util currently" value="266" />
  <attribute name="CPU Util currently" value="12195258994435" />
<exclusive-end id="3955" timestamp="2019-06-17T04:32:12.584" durationms="4.790" />

<exclusive-start id="3956" timestamp="2019-06-17T04:32:12.602" intervalms="23.067">
  <response-info timems="0.114" idlems="0.114" threads="0" lastid="0000000002320700" lastname="main" />
</exclusive-start>
<allocation-taxation id="3957" taxation-threshold="35651584" timestamp="2019-06-17T04:32:12.603" intervalms="23.093" />
<cycle-start id="3958" type="partial gc" contextid="0" timestamp="2019-06-17T04:32:12.603" intervalms="23.078" />
<gc-start id="3959" type="partial gc" contextid="3958" timestamp="2019-06-17T04:32:12.603">
  <mem-info id="3960" free="35651584" total="118489088" percent="30">
    <mem type="eden" free="1047784" total="36700160" percent="2" />
    <remembered-set count="2976" freebytes="4717824" totalbytes="4729728" percent="99" regionsoverflowed="0" regionsstable="18" regionsrebuilding="0"/>
  </mem-info>
</gc-start>
<allocation-stats totalBytes="35618304" >
  <allocated-bytes non-tlh="0" tlh="35618304" arrayletleaf="0"/>
  <largest-consumer threadName="main" threadId="0000000002320700" bytes="35618304" />
</allocation-stats>
<gc-op id="3961" type="copy forward" timems="2.610" contextid="3958" timestamp="2019-06-17T04:32:12.607">
  <memory-copied type="eden" objects="28" bytes="1000" bytesdiscarded="640" />
  <memory-copied type="other" objects="7" bytes="160" bytesdiscarded="680" />
  <memory-cardclean objects="82" bytes="3472" />
  <regions eden="34" other="2" />
  <remembered-set-cleared processed="128" cleared="11" durationms="0.100" />
  <stringconstants candidates="13747" cleared="0"  />
</gc-op>
<gc-op id="3962" type="classunload" timems="0.004" contextid="3958" timestamp="2019-06-17T04:32:12.607">
  <classunload-info classloadercandidates="54" classloadersunloaded="0" classesunloaded="0" anonymousclassesunloaded="0" quiescems="0.000" setupms="0.004" scanms="0.000" postms="0.000" />
</gc-op>
<gc-end id="3963" type="partial gc" contextid="3958" durationms="3.842" usertimems="8.000" systemtimems="0.000" timestamp="2019-06-17T04:32:12.607" activeThreads="4">
  <mem-info id="3964" free="71303168" total="118489088" percent="60">
    <mem type="eden" free="1046936" total="1048576" percent="99" />
    <remembered-set count="2464" freebytes="4719872" totalbytes="4729728" percent="99" regionsoverflowed="0" regionsstable="18" regionsrebuilding="0"/>
  </mem-info>
</gc-end>
<cycle-end id="3965" type="partial gc" contextid="3958" timestamp="2019-06-17T04:32:12.607" />
  <attribute name="elasticGC enabled" value="1" />
  <attribute name= "numThreadsSpecified" value="4" />
  <attribute name="heapSize specified" value="0" />
  <attribute name="Current GC Util" value="158" />
  <attribute name= "Current Time Running" value="62041" />
  <attribute name ="GC Interval" value="0" />
  <attribute name="ProportionalT" value="207.000000" />
  <attribute name="ProportionalI" value="207.000000" />
  <attribute name="ProportionalH" value="207.000000" />
  <attribute name="Current Error" value="138.000000" />
  <attribute name="IntegralT" value="138.000000" />
  <attribute name="IntegralI" value="138.000000" />
  <attribute name="IntegralH" value="138.000000" />
  <attribute name="DerivativeT" value="193.500000" />
  <attribute name="DerivativeI" value="193.500000" />
  <attribute name="DerivativeH" value="193.500000" />
  <attribute name="Loop Time for DT" value="1.000000" />
  <attribute name="Output H" value="8388608"/>
  <attribute name="Output I" value="544"/>
  <attribute name="Output T" value="4"/>
  <attribute name="Target GC Util Change" value ="20.000000" />
  <attribute name="Current GC Util Change" value="158.000000"/>
  <attribute name="GC Util currently" value="158" />
  <attribute name="CPU Util currently" value="12615538986092" />
<exclusive-end id="3966" timestamp="2019-06-17T04:32:12.607" durationms="4.826" />

<exclusive-start id="3967" timestamp="2019-06-17T04:32:12.646" intervalms="44.109">
  <response-info timems="0.100" idlems="0.100" threads="0" lastid="0000000002320700" lastname="main" />
</exclusive-start>
<allocation-taxation id="3968" taxation-threshold="35651584" timestamp="2019-06-17T04:32:12.647" intervalms="44.107" />
<cycle-start id="3969" type="partial gc" contextid="0" timestamp="2019-06-17T04:32:12.647" intervalms="44.130" />
<gc-start id="3970" type="partial gc" contextid="3969" timestamp="2019-06-17T04:32:12.647">
  <mem-info id="3971" free="35651584" total="118489088" percent="30">
    <mem type="eden" free="0" total="35651584" percent="0" />
    <remembered-set count="2464" freebytes="4719872" totalbytes="4729728" percent="99" regionsoverflowed="0" regionsstable="18" regionsrebuilding="0"/>
  </mem-info>
</gc-start>
<allocation-stats totalBytes="35647928" >
  <allocated-bytes non-tlh="0" tlh="35647928" arrayletleaf="0"/>
  <largest-consumer threadName="main" threadId="0000000002320700" bytes="35647928" />
</allocation-stats>
<gc-op id="3972" type="copy forward" timems="1.145" contextid="3969" timestamp="2019-06-17T04:32:12.649">
  <memory-copied type="eden" objects="23" bytes="736" bytesdiscarded="0" />
  <memory-copied type="other" objects="20" bytes="656" bytesdiscarded="0" />
  <memory-cardclean objects="89" bytes="3160" />
  <regions eden="34" other="2" />
  <remembered-set-cleared processed="127" cleared="12" durationms="0.140" />
  <stringconstants candidates="13747" cleared="0"  />
</gc-op>
<gc-op id="3973" type="classunload" timems="0.004" contextid="3969" timestamp="2019-06-17T04:32:12.649">
  <classunload-info classloadercandidates="54" classloadersunloaded="0" classesunloaded="0" anonymousclassesunloaded="0" quiescems="0.000" setupms="0.004" scanms="0.000" postms="0.000" />
</gc-op>
<heap-resize id="3974" type="expand" space="default" amount="2097152" count="1" timems="0.058" reason="excessive time being spent in gc" timestamp="2019-06-17T04:32:12.649" />
<gc-end id="3975" type="partial gc" contextid="3969" durationms="2.531" usertimems="4.000" systemtimems="0.000" timestamp="2019-06-17T04:32:12.650" activeThreads="1">
  <mem-info id="3976" free="72351744" total="120586240" percent="60">
    <mem type="eden" free="1047840" total="1048576" percent="99" />
    <remembered-set count="2720" freebytes="4802560" totalbytes="4813440" percent="99" regionsoverflowed="0" regionsstable="18" regionsrebuilding="0"/>
  </mem-info>
</gc-end>
<cycle-end id="3977" type="partial gc" contextid="3969" timestamp="2019-06-17T04:32:12.650" />
  <attribute name="elasticGC enabled" value="1" />
  <attribute name= "numThreadsSpecified" value="1" />
  <attribute name="heapSize specified" value="0" />
  <attribute name="Current GC Util" value="163" />
  <attribute name= "Current Time Running" value="62085" />
  <attribute name ="GC Interval" value="0" />
  <attribute name="ProportionalT" value="214.500000" />
  <attribute name="ProportionalI" value="214.500000" />
  <attribute name="ProportionalH" value="214.500000" />
  <attribute name="Current Error" value="143.000000" />
  <attribute name="IntegralT" value="0.000000" />
  <attribute name="IntegralI" value="0.000000" />
  <attribute name="IntegralH" value="0.000000" />
  <attribute name="DerivativeT" value="inf" />
  <attribute name="DerivativeI" value="inf" />
  <attribute name="DerivativeH" value="inf" />
  <attribute name="Loop Time for DT" value="0.000000" />
  <attribute name="Output H" value="8388608"/>
  <attribute name="Output I" value="200"/>
  <attribute name="Output T" value="1"/>
  <attribute name="Target GC Util Change" value ="20.000000" />
  <attribute name="Current GC Util Change" value="163.000000"/>
  <attribute name="GC Util currently" value="163" />
  <attribute name="CPU Util currently" value="12677303194041" />
<exclusive-end id="3978" timestamp="2019-06-17T04:32:12.650" durationms="3.613" />

<exclusive-start id="3979" timestamp="2019-06-17T04:32:12.822" intervalms="175.529">
  <response-info timems="0.117" idlems="0.117" threads="0" lastid="0000000002320700" lastname="main" />
</exclusive-start>
<allocation-taxation id="3980" taxation-threshold="36700160" timestamp="2019-06-17T04:32:12.822" intervalms="175.568" />
<cycle-start id="3981" type="partial gc" contextid="0" timestamp="2019-06-17T04:32:12.822" intervalms="175.562" />
<gc-start id="3982" type="partial gc" contextid="3981" timestamp="2019-06-17T04:32:12.823">
  <mem-info id="3983" free="35651584" total="120586240" percent="29">
    <mem type="eden" free="0" total="36700160" percent="0" />
    <remembered-set count="2368" freebytes="4803968" totalbytes="4813440" percent="99" regionsoverflowed="0" regionsstable="18" regionsrebuilding="0"/>
  </mem-info>
</gc-start>
<allocation-stats totalBytes="36602864" >
  <allocated-bytes non-tlh="0" tlh="36602864" arrayletleaf="0"/>
  <largest-consumer threadName="main" threadId="0000000002320700" bytes="36602864" />
</allocation-stats>
<gc-op id="3984" type="copy forward" timems="3.042" contextid="3981" timestamp="2019-06-17T04:32:12.827">
  <memory-copied type="eden" objects="68" bytes="2904" bytesdiscarded="888" />
  <memory-copied type="other" objects="19" bytes="640" bytesdiscarded="0" />
  <memory-cardclean objects="119" bytes="3912" />
  <regions eden="35" other="2" />
  <remembered-set-cleared processed="130" cleared="16" durationms="0.105" />
  <stringconstants candidates="13747" cleared="0"  />
</gc-op>
<gc-op id="3985" type="classunload" timems="0.004" contextid="3981" timestamp="2019-06-17T04:32:12.827">
  <classunload-info classloadercandidates="54" classloadersunloaded="0" classesunloaded="0" anonymousclassesunloaded="0" quiescems="0.000" setupms="0.004" scanms="0.000" postms="0.000" />
</gc-op>
<gc-end id="3986" type="partial gc" contextid="3981" durationms="4.379" usertimems="8.000" systemtimems="0.000" timestamp="2019-06-17T04:32:12.827" activeThreads="4">
  <mem-info id="3987" free="71303168" total="120586240" percent="59">
    <mem type="eden" free="1044784" total="1048576" percent="99" />
    <remembered-set count="2496" freebytes="4803456" totalbytes="4813440" percent="99" regionsoverflowed="0" regionsstable="18" regionsrebuilding="0"/>
  </mem-info>
</gc-end>
<cycle-end id="3988" type="partial gc" contextid="3981" timestamp="2019-06-17T04:32:12.827" />
  <attribute name="elasticGC enabled" value="1" />
  <attribute name= "numThreadsSpecified" value="4" />
  <attribute name="heapSize specified" value="0" />
  <attribute name="Current GC Util" value="268" />
  <attribute name= "Current Time Running" value="62261" />
  <attribute name ="GC Interval" value="0" />
  <attribute name="ProportionalT" value="372.000000" />
  <attribute name="ProportionalI" value="372.000000" />
  <attribute name="ProportionalH" value="372.000000" />
  <attribute name="Current Error" value="248.000000" />
  <attribute name="IntegralT" value="248.000000" />
  <attribute name="IntegralI" value="248.000000" />
  <attribute name="IntegralH" value="248.000000" />
  <attribute name="DerivativeT" value="372.000000" />
  <attribute name="DerivativeI" value="372.000000" />
  <attribute name="DerivativeH" value="372.000000" />
  <attribute name="Loop Time for DT" value="1.000000" />
  <attribute name="Output H" value="8388608"/>
  <attribute name="Output I" value="992"/>
  <attribute name="Output T" value="4"/>
  <attribute name="Target GC Util Change" value ="20.000000" />
  <attribute name="Current GC Util Change" value="268.000000"/>
  <attribute name="GC Util currently" value="268" />
  <attribute name="CPU Util currently" value="12166367594256" />
<exclusive-end id="3989" timestamp="2019-06-17T04:32:12.828" durationms="5.518" />

<exclusive-start id="3990" timestamp="2019-06-17T04:32:12.840" intervalms="17.678">
  <response-info timems="0.117" idlems="0.117" threads="0" lastid="0000000002320700" lastname="main" />
</exclusive-start>
<allocation-taxation id="3991" taxation-threshold="36700160" timestamp="2019-06-17T04:32:12.840" intervalms="17.655" />
<cycle-start id="3992" type="partial gc" contextid="0" timestamp="2019-06-17T04:32:12.840" intervalms="17.658" />
<gc-start id="3993" type="partial gc" contextid="3992" timestamp="2019-06-17T04:32:12.840">
  <mem-info id="3994" free="34603008" total="120586240" percent="28">
    <mem type="eden" free="0" total="36700160" percent="0" />
    <remembered-set count="2144" freebytes="4804864" totalbytes="4813440" percent="99" regionsoverflowed="0" regionsstable="18" regionsrebuilding="0"/>
  </mem-info>
</gc-start>
<allocation-stats totalBytes="36566128" >
  <allocated-bytes non-tlh="0" tlh="36566128" arrayletleaf="0"/>
  <largest-consumer threadName="main" threadId="0000000002320700" bytes="36566128" />
</allocation-stats>
<gc-op id="3995" type="copy forward" timems="1.140" contextid="3992" timestamp="2019-06-17T04:32:12.843">
  <memory-copied type="eden" objects="2" bytes="56" bytesdiscarded="0" />
  <memory-copied type="other" objects="73" bytes="3016" bytesdiscarded="0" />
  <memory-cardclean objects="70" bytes="2552" />
  <regions eden="35" other="2" />
  <remembered-set-cleared processed="132" cleared="4" durationms="0.140" />
  <stringconstants candidates="13747" cleared="0"  />
</gc-op>
<gc-op id="3996" type="classunload" timems="0.003" contextid="3992" timestamp="2019-06-17T04:32:12.843">
  <classunload-info classloadercandidates="54" classloadersunloaded="0" classesunloaded="0" anonymousclassesunloaded="0" quiescems="0.000" setupms="0.003" scanms="0.000" postms="0.000" />
</gc-op>
<gc-end id="3997" type="partial gc" contextid="3992" durationms="2.587" usertimems="0.000" systemtimems="0.000" timestamp="2019-06-17T04:32:12.843" activeThreads="1">
  <mem-info id="3998" free="70254592" total="120586240" percent="58">
    <mem type="eden" free="1048520" total="1048576" percent="99" />
    <remembered-set count="2592" freebytes="4803072" totalbytes="4813440" percent="99" regionsoverflowed="0" regionsstable="18" regionsrebuilding="0"/>
  </mem-info>
</gc-end>
<cycle-end id="3999" type="partial gc" contextid="3992" timestamp="2019-06-17T04:32:12.843" />
  <attribute name="elasticGC enabled" value="1" />
  <attribute name= "numThreadsSpecified" value="1" />
  <attribute name="heapSize specified" value="0" />
  <attribute name="Current GC Util" value="147" />
  <attribute name= "Current Time Running" value="62278" />
  <attribute name ="GC Interval" value="0" />
  <attribute name="ProportionalT" value="190.500000" />
  <attribute name="ProportionalI" value="190.500000" />
  <attribute name="ProportionalH" value="190.500000" />
  <attribute name="Current Error" value="127.000000" />
  <attribute name="IntegralT" value="0.000000" />
  <attribute name="IntegralI" value="0.000000" />
  <attribute name="IntegralH" value="0.000000" />
  <attribute name="DerivativeT" value="inf" />
  <attribute name="DerivativeI" value="inf" />
  <attribute name="DerivativeH" value="inf" />
  <attribute name="Loop Time for DT" value="0.000000" />
  <attribute name="Output H" value="8388608"/>
  <attribute name="Output I" value="200"/>
  <attribute name="Output T" value="1"/>
  <attribute name="Target GC Util Change" value ="20.000000" />
  <attribute name="Current GC Util Change" value="147.000000"/>
  <attribute name="GC Util currently" value="147" />
  <attribute name="CPU Util currently" value="11549889224571" />
<exclusive-end id="4000" timestamp="2019-06-17T04:32:12.843" durationms="3.754" />

<exclusive-start id="4001" timestamp="2019-06-17T04:32:12.856" intervalms="16.157">
  <response-info timems="0.116" idlems="0.116" threads="0" lastid="0000000002320700" lastname="main" />
</exclusive-start>
<allocation-taxation id="4002" taxation-threshold="36700160" timestamp="2019-06-17T04:32:12.856" intervalms="16.171" />
<cycle-start id="4003" type="partial gc" contextid="0" timestamp="2019-06-17T04:32:12.856" intervalms="16.183" />
<gc-start id="4004" type="partial gc" contextid="4003" timestamp="2019-06-17T04:32:12.857">
  <mem-info id="4005" free="33554432" total="120586240" percent="27">
    <mem type="eden" free="1048520" total="37748736" percent="2" />
    <remembered-set count="2176" freebytes="4804736" totalbytes="4813440" percent="99" regionsoverflowed="0" regionsstable="18" regionsrebuilding="0"/>
  </mem-info>
</gc-start>
<allocation-stats totalBytes="36577528" >
  <allocated-bytes non-tlh="0" tlh="36577528" arrayletleaf="0"/>
  <largest-consumer threadName="main" threadId="0000000002320700" bytes="36577528" />
</allocation-stats>
<gc-op id="4006" type="copy forward" timems="2.993" contextid="4003" timestamp="2019-06-17T04:32:12.861">
  <memory-copied type="eden" objects="2" bytes="56" bytesdiscarded="736" />
  <memory-copied type="other" objects="67" bytes="2872" bytesdiscarded="1760" />
  <memory-cardclean objects="63" bytes="2344" />
  <regions eden="35" other="2" />
  <remembered-set-cleared processed="134" cleared="4" durationms="0.107" />
  <stringconstants candidates="13747" cleared="0"  />
</gc-op>
<gc-op id="4007" type="classunload" timems="0.004" contextid="4003" timestamp="2019-06-17T04:32:12.861">
  <classunload-info classloadercandidates="54" classloadersunloaded="0" classesunloaded="0" anonymousclassesunloaded="0" quiescems="0.000" setupms="0.004" scanms="0.000" postms="0.000" />
</gc-op>
<gc-end id="4008" type="partial gc" contextid="4003" durationms="4.367" usertimems="8.000" systemtimems="0.000" timestamp="2019-06-17T04:32:12.861" activeThreads="4">
  <mem-info id="4009" free="70254592" total="120586240" percent="58">
    <mem type="eden" free="1047784" total="1048576" percent="99" />
    <remembered-set count="3136" freebytes="4800896" totalbytes="4813440" percent="99" regionsoverflowed="0" regionsstable="18" regionsrebuilding="0"/>
  </mem-info>
</gc-end>
<cycle-end id="4010" type="partial gc" contextid="4003" timestamp="2019-06-17T04:32:12.861" />
  <attribute name="elasticGC enabled" value="1" />
  <attribute name= "numThreadsSpecified" value="4" />
  <attribute name="heapSize specified" value="0" />
  <attribute name="Current GC Util" value="288" />
  <attribute name= "Current Time Running" value="62295" />
  <attribute name ="GC Interval" value="0" />
  <attribute name="ProportionalT" value="402.000000" />
  <attribute name="ProportionalI" value="402.000000" />
  <attribute name="ProportionalH" value="402.000000" />
  <attribute name="Current Error" value="268.000000" />
  <attribute name="IntegralT" value="268.000000" />
  <attribute name="IntegralI" value="268.000000" />
  <attribute name="IntegralH" value="268.000000" />
  <attribute name="DerivativeT" value="402.000000" />
  <attribute name="DerivativeI" value="402.000000" />
  <attribute name="DerivativeH" value="402.000000" />
  <attribute name="Loop Time for DT" value="1.000000" />
  <attribute name="Output H" value="8388608"/>
  <attribute name="Output I" value="1072"/>
  <attribute name="Output T" value="4"/>
  <attribute name="Target GC Util Change" value ="20.000000" />
  <attribute name="Current GC Util Change" value="288.000000"/>
  <attribute name="GC Util currently" value="288" />
  <attribute name="CPU Util currently" value="12012351708388" />
<exclusive-end id="4011" timestamp="2019-06-17T04:32:12.861" durationms="5.461" />

<exclusive-start id="4012" timestamp="2019-06-17T04:32:12.873" intervalms="17.549">
  <response-info timems="0.084" idlems="0.084" threads="0" lastid="0000000002320700" lastname="main" />
</exclusive-start>
<allocation-taxation id="4013" taxation-threshold="36700160" timestamp="2019-06-17T04:32:12.874" intervalms="17.528" />
<cycle-start id="4014" type="partial gc" contextid="0" timestamp="2019-06-17T04:32:12.874" intervalms="17.531" />
<gc-start id="4015" type="partial gc" contextid="4014" timestamp="2019-06-17T04:32:12.874">
  <mem-info id="4016" free="33554432" total="120586240" percent="27">
    <mem type="eden" free="1047784" total="37748736" percent="2" />
    <remembered-set count="3136" freebytes="4800896" totalbytes="4813440" percent="99" regionsoverflowed="0" regionsstable="18" regionsrebuilding="0"/>
  </mem-info>
</gc-start>
<allocation-stats totalBytes="36577552" >
  <allocated-bytes non-tlh="0" tlh="36577552" arrayletleaf="0"/>
  <largest-consumer threadName="main" threadId="0000000002320700" bytes="36577552" />
</allocation-stats>
<gc-op id="4017" type="copy forward" timems="1.143" contextid="4014" timestamp="2019-06-17T04:32:12.876">
  <memory-copied type="eden" objects="2" bytes="56" bytesdiscarded="0" />
  <memory-copied type="other" objects="67" bytes="2872" bytesdiscarded="0" />
  <memory-cardclean objects="63" bytes="2344" />
  <regions eden="35" other="2" />
  <remembered-set-cleared processed="134" cleared="4" durationms="0.146" />
  <stringconstants candidates="13747" cleared="0"  />
</gc-op>
<gc-op id="4018" type="classunload" timems="0.004" contextid="4014" timestamp="2019-06-17T04:32:12.876">
  <classunload-info classloadercandidates="54" classloadersunloaded="0" classesunloaded="0" anonymousclassesunloaded="0" quiescems="0.000" setupms="0.004" scanms="0.000" postms="0.000" />
</gc-op>
<heap-resize id="4019" type="expand" space="default" amount="5242880" count="1" timems="0.067" reason="excessive time being spent in gc" timestamp="2019-06-17T04:32:12.877" />
<gc-end id="4020" type="partial gc" contextid="4014" durationms="2.782" usertimems="4.000" systemtimems="0.000" timestamp="2019-06-17T04:32:12.877" activeThreads="1">
  <mem-info id="4021" free="75497472" total="125829120" percent="60">
    <mem type="eden" free="1048520" total="1048576" percent="99" />
    <remembered-set count="3552" freebytes="5008512" totalbytes="5022720" percent="99" regionsoverflowed="0" regionsstable="18" regionsrebuilding="0"/>
  </mem-info>
</gc-end>
<cycle-end id="4022" type="partial gc" contextid="4014" timestamp="2019-06-17T04:32:12.877" />
  <attribute name="elasticGC enabled" value="1" />
  <attribute name= "numThreadsSpecified" value="1" />
  <attribute name="heapSize specified" value="0" />
  <attribute name="Current GC Util" value="198" />
  <attribute name= "Current Time Running" value="62312" />
  <attribute name ="GC Interval" value="0" />
  <attribute name="ProportionalT" value="267.000000" />
  <attribute name="ProportionalI" value="267.000000" />
  <attribute name="ProportionalH" value="267.000000" />
  <attribute name="Current Error" value="178.000000" />
  <attribute name="IntegralT" value="0.000000" />
  <attribute name="IntegralI" value="0.000000" />
  <attribute name="IntegralH" value="0.000000" />
  <attribute name="DerivativeT" value="inf" />
  <attribute name="DerivativeI" value="inf" />
  <attribute name="DerivativeH" value="inf" />
  <attribute name="Loop Time for DT" value="0.000000" />
  <attribute name="Output H" value="8388608"/>
  <attribute name="Output I" value="200"/>
  <attribute name="Output T" value="1"/>
  <attribute name="Target GC Util Change" value ="20.000000" />
  <attribute name="Current GC Util Change" value="198.000000"/>
  <attribute name="GC Util currently" value="198" />
  <attribute name="CPU Util currently" value="11937476622639" />
<exclusive-end id="4023" timestamp="2019-06-17T04:32:12.877" durationms="3.942" />

<exclusive-start id="4024" timestamp="2019-06-17T04:32:12.890" intervalms="16.336">
  <response-info timems="0.099" idlems="0.099" threads="0" lastid="0000000002320700" lastname="main" />
</exclusive-start>
<allocation-taxation id="4025" taxation-threshold="37748736" timestamp="2019-06-17T04:32:12.890" intervalms="16.387" />
<cycle-start id="4026" type="partial gc" contextid="0" timestamp="2019-06-17T04:32:12.890" intervalms="16.385" />
<gc-start id="4027" type="partial gc" contextid="4026" timestamp="2019-06-17T04:32:12.890">
  <mem-info id="4028" free="37748736" total="125829120" percent="30">
    <mem type="eden" free="1048520" total="38797312" percent="2" />
    <remembered-set count="3104" freebytes="5010304" totalbytes="5022720" percent="99" regionsoverflowed="0" regionsstable="18" regionsrebuilding="0"/>
  </mem-info>
</gc-start>
<allocation-stats totalBytes="37622672" >
  <allocated-bytes non-tlh="0" tlh="37622672" arrayletleaf="0"/>
  <largest-consumer threadName="main" threadId="0000000002320700" bytes="37622672" />
</allocation-stats>
<gc-op id="4029" type="copy forward" timems="1.117" contextid="4026" timestamp="2019-06-17T04:32:12.892">
  <memory-copied type="eden" objects="2" bytes="56" bytesdiscarded="0" />
  <memory-copied type="other" objects="67" bytes="2872" bytesdiscarded="0" />
  <memory-cardclean objects="63" bytes="2344" />
  <regions eden="36" other="2" />
  <remembered-set-cleared processed="134" cleared="4" durationms="0.142" />
  <stringconstants candidates="13747" cleared="0"  />
</gc-op>
<gc-op id="4030" type="classunload" timems="0.004" contextid="4026" timestamp="2019-06-17T04:32:12.893">
  <classunload-info classloadercandidates="54" classloadersunloaded="0" classesunloaded="0" anonymousclassesunloaded="0" quiescems="0.000" setupms="0.004" scanms="0.000" postms="0.000" />
</gc-op>
<gc-end id="4031" type="partial gc" contextid="4026" durationms="2.497" usertimems="0.000" systemtimems="0.000" timestamp="2019-06-17T04:32:12.893" activeThreads="1">
  <mem-info id="4032" free="75497472" total="125829120" percent="60">
    <mem type="eden" free="1048520" total="1048576" percent="99" />
    <remembered-set count="3552" freebytes="5008512" totalbytes="5022720" percent="99" regionsoverflowed="0" regionsstable="18" regionsrebuilding="0"/>
  </mem-info>
</gc-end>
<cycle-end id="4033" type="partial gc" contextid="4026" timestamp="2019-06-17T04:32:12.893" />
  <attribute name="elasticGC enabled" value="1" />
  <attribute name= "numThreadsSpecified" value="1" />
  <attribute name="heapSize specified" value="0" />
  <attribute name="Current GC Util" value="278" />
  <attribute name= "Current Time Running" value="62328" />
  <attribute name ="GC Interval" value="0" />
  <attribute name="ProportionalT" value="387.000000" />
  <attribute name="ProportionalI" value="387.000000" />
  <attribute name="ProportionalH" value="387.000000" />
  <attribute name="Current Error" value="258.000000" />
  <attribute name="IntegralT" value="0.000000" />
  <attribute name="IntegralI" value="0.000000" />
  <attribute name="IntegralH" value="0.000000" />
  <attribute name="DerivativeT" value="inf" />
  <attribute name="DerivativeI" value="inf" />
  <attribute name="DerivativeH" value="inf" />
  <attribute name="Loop Time for DT" value="0.000000" />
  <attribute name="Output H" value="8388608"/>
  <attribute name="Output I" value="200"/>
  <attribute name="Output T" value="1"/>
  <attribute name="Target GC Util Change" value ="20.000000" />
  <attribute name="Current GC Util Change" value="278.000000"/>
  <attribute name="GC Util currently" value="278" />
  <attribute name="CPU Util currently" value="12792294056346" />
<exclusive-end id="4034" timestamp="2019-06-17T04:32:12.893" durationms="3.780" />

<exclusive-start id="4035" timestamp="2019-06-17T04:32:12.906" intervalms="16.289">
  <response-info timems="0.108" idlems="0.108" threads="0" lastid="0000000002320700" lastname="main" />
</exclusive-start>
<allocation-taxation id="4036" taxation-threshold="37748736" timestamp="2019-06-17T04:32:12.906" intervalms="16.279" />
<cycle-start id="4037" type="partial gc" contextid="0" timestamp="2019-06-17T04:32:12.906" intervalms="16.246" />
<gc-start id="4038" type="partial gc" contextid="4037" timestamp="2019-06-17T04:32:12.907">
  <mem-info id="4039" free="37748736" total="125829120" percent="30">
    <mem type="eden" free="1048520" total="38797312" percent="2" />
    <remembered-set count="3104" freebytes="5010304" totalbytes="5022720" percent="99" regionsoverflowed="0" regionsstable="18" regionsrebuilding="0"/>
  </mem-info>
</gc-start>
<allocation-stats totalBytes="37622696" >
  <allocated-bytes non-tlh="0" tlh="37622696" arrayletleaf="0"/>
  <largest-consumer threadName="main" threadId="0000000002320700" bytes="37622696" />
</allocation-stats>
<gc-op id="4040" type="copy forward" timems="2.797" contextid="4037" timestamp="2019-06-17T04:32:12.911">
  <memory-copied type="eden" objects="2" bytes="56" bytesdiscarded="736" />
  <memory-copied type="other" objects="67" bytes="2872" bytesdiscarded="1032" />
  <memory-cardclean objects="63" bytes="2344" />
  <regions eden="36" other="2" />
  <remembered-set-cleared processed="134" cleared="4" durationms="0.102" />
  <stringconstants candidates="13747" cleared="0"  />
</gc-op>
<gc-op id="4041" type="classunload" timems="0.003" contextid="4037" timestamp="2019-06-17T04:32:12.911">
  <classunload-info classloadercandidates="54" classloadersunloaded="0" classesunloaded="0" anonymousclassesunloaded="0" quiescems="0.000" setupms="0.003" scanms="0.000" postms="0.000" />
</gc-op>
<gc-end id="4042" type="partial gc" contextid="4037" durationms="4.136" usertimems="8.000" systemtimems="0.000" timestamp="2019-06-17T04:32:12.911" activeThreads="4">
  <mem-info id="4043" free="75497472" total="125829120" percent="60">
    <mem type="eden" free="1047784" total="1048576" percent="99" />
    <remembered-set count="2624" freebytes="5012224" totalbytes="5022720" percent="99" regionsoverflowed="0" regionsstable="18" regionsrebuilding="0"/>
  </mem-info>
</gc-end>
<cycle-end id="4044" type="partial gc" contextid="4037" timestamp="2019-06-17T04:32:12.911" />
  <attribute name="elasticGC enabled" value="1" />
  <attribute name= "numThreadsSpecified" value="4" />
  <attribute name="heapSize specified" value="0" />
  <attribute name="Current GC Util" value="260" />
  <attribute name= "Current Time Running" value="62345" />
  <attribute name ="GC Interval" value="0" />
  <attribute name="ProportionalT" value="360.000000" />
  <attribute name="ProportionalI" value="360.000000" />
  <attribute name="ProportionalH" value="360.000000" />
  <attribute name="Current Error" value="240.000000" />
  <attribute name="IntegralT" value="240.000000" />
  <attribute name="IntegralI" value="240.000000" />
  <attribute name="IntegralH" value="240.000000" />
  <attribute name="DerivativeT" value="360.000000" />
  <attribute name="DerivativeI" value="360.000000" />
  <attribute name="DerivativeH" value="360.000000" />
  <attribute name="Loop Time for DT" value="1.000000" />
  <attribute name="Output H" value="8388608"/>
  <attribute name="Output I" value="960"/>
  <attribute name="Output T" value="4"/>
  <attribute name="Target GC Util Change" value ="20.000000" />
  <attribute name="Current GC Util Change" value="260.000000"/>
  <attribute name="GC Util currently" value="260" />
  <attribute name="CPU Util currently" value="11896182408629" />
<exclusive-end id="4045" timestamp="2019-06-17T04:32:12.911" durationms="5.324" />

<exclusive-start id="4046" timestamp="2019-06-17T04:32:12.924" intervalms="18.106">
  <response-info timems="0.113" idlems="0.113" threads="0" lastid="0000000002320700" lastname="main" />
</exclusive-start>
<allocation-taxation id="4047" taxation-threshold="37748736" timestamp="2019-06-17T04:32:12.924" intervalms="18.099" />
<cycle-start id="4048" type="partial gc" contextid="0" timestamp="2019-06-17T04:32:12.925" intervalms="18.106" />
<gc-start id="4049" type="partial gc" contextid="4048" timestamp="2019-06-17T04:32:12.925">
  <mem-info id="4050" free="37748736" total="125829120" percent="30">
    <mem type="eden" free="1047784" total="38797312" percent="2" />
    <remembered-set count="2624" freebytes="5012224" totalbytes="5022720" percent="99" regionsoverflowed="0" regionsstable="18" regionsrebuilding="0"/>
  </mem-info>
</gc-start>
<allocation-stats totalBytes="37622672" >
  <allocated-bytes non-tlh="0" tlh="37622672" arrayletleaf="0"/>
  <largest-consumer threadName="main" threadId="0000000002320700" bytes="37622672" />
</allocation-stats>
<gc-op id="4051" type="copy forward" timems="2.945" contextid="4048" timestamp="2019-06-17T04:32:12.929">
  <memory-copied type="eden" objects="2" bytes="56" bytesdiscarded="736" />
  <memory-copied type="other" objects="67" bytes="2872" bytesdiscarded="1336" />
  <memory-cardclean objects="63" bytes="2344" />
  <regions eden="36" other="2" />
  <remembered-set-cleared processed="134" cleared="4" durationms="0.102" />
  <stringconstants candidates="13747" cleared="0"  />
</gc-op>
<gc-op id="4052" type="classunload" timems="0.004" contextid="4048" timestamp="2019-06-17T04:32:12.929">
  <classunload-info classloadercandidates="54" classloadersunloaded="0" classesunloaded="0" anonymousclassesunloaded="0" quiescems="0.000" setupms="0.004" scanms="0.000" postms="0.000" />
</gc-op>
<gc-end id="4053" type="partial gc" contextid="4048" durationms="4.207" usertimems="8.000" systemtimems="0.000" timestamp="2019-06-17T04:32:12.929" activeThreads="4">
  <mem-info id="4054" free="75497472" total="125829120" percent="60">
    <mem type="eden" free="1047784" total="1048576" percent="99" />
    <remembered-set count="2624" freebytes="5012224" totalbytes="5022720" percent="99" regionsoverflowed="0" regionsstable="18" regionsrebuilding="0"/>
  </mem-info>
</gc-end>
<cycle-end id="4055" type="partial gc" contextid="4048" timestamp="2019-06-17T04:32:12.929" />
  <attribute name="elasticGC enabled" value="1" />
  <attribute name= "numThreadsSpecified" value="4" />
  <attribute name="heapSize specified" value="0" />
  <attribute name="Current GC Util" value="151" />
  <attribute name= "Current Time Running" value="62363" />
  <attribute name ="GC Interval" value="0" />
  <attribute name="ProportionalT" value="196.500000" />
  <attribute name="ProportionalI" value="196.500000" />
  <attribute name="ProportionalH" value="196.500000" />
  <attribute name="Current Error" value="131.000000" />
  <attribute name="IntegralT" value="131.000000" />
  <attribute name="IntegralI" value="131.000000" />
  <attribute name="IntegralH" value="131.000000" />
  <attribute name="DerivativeT" value="168.000000" />
  <attribute name="DerivativeI" value="168.000000" />
  <attribute name="DerivativeH" value="168.000000" />
  <attribute name="Loop Time for DT" value="1.000000" />
  <attribute name="Output H" value="8388608"/>
  <attribute name="Output I" value="496"/>
  <attribute name="Output T" value="4"/>
  <attribute name="Target GC Util Change" value ="20.000000" />
  <attribute name="Current GC Util Change" value="151.000000"/>
  <attribute name="GC Util currently" value="151" />
  <attribute name="CPU Util currently" value="12085447649370" />
<exclusive-end id="4056" timestamp="2019-06-17T04:32:12.929" durationms="5.235" />

<exclusive-start id="4057" timestamp="2019-06-17T04:32:12.942" intervalms="17.840">
  <response-info timems="0.114" idlems="0.114" threads="0" lastid="0000000002320700" lastname="main" />
</exclusive-start>
<allocation-taxation id="4058" taxation-threshold="37748736" timestamp="2019-06-17T04:32:12.942" intervalms="17.787" />
<cycle-start id="4059" type="partial gc" contextid="0" timestamp="2019-06-17T04:32:12.942" intervalms="17.792" />
<gc-start id="4060" type="partial gc" contextid="4059" timestamp="2019-06-17T04:32:12.943">
  <mem-info id="4061" free="37748736" total="125829120" percent="30">
    <mem type="eden" free="1047784" total="38797312" percent="2" />
    <remembered-set count="2624" freebytes="5012224" totalbytes="5022720" percent="99" regionsoverflowed="0" regionsstable="18" regionsrebuilding="0"/>
  </mem-info>
</gc-start>
<allocation-stats totalBytes="37622696" >
  <allocated-bytes non-tlh="0" tlh="37622696" arrayletleaf="0"/>
  <largest-consumer threadName="main" threadId="0000000002320700" bytes="37622696" />
</allocation-stats>
<gc-op id="4062" type="copy forward" timems="1.141" contextid="4059" timestamp="2019-06-17T04:32:12.945">
  <memory-copied type="eden" objects="2" bytes="56" bytesdiscarded="0" />
  <memory-copied type="other" objects="67" bytes="2872" bytesdiscarded="0" />
  <memory-cardclean objects="63" bytes="2344" />
  <regions eden="36" other="2" />
  <remembered-set-cleared processed="134" cleared="4" durationms="0.147" />
  <stringconstants candidates="13747" cleared="0"  />
</gc-op>
<gc-op id="4063" type="classunload" timems="0.004" contextid="4059" timestamp="2019-06-17T04:32:12.945">
  <classunload-info classloadercandidates="54" classloadersunloaded="0" classesunloaded="0" anonymousclassesunloaded="0" quiescems="0.000" setupms="0.004" scanms="0.000" postms="0.000" />
</gc-op>
<gc-end id="4064" type="partial gc" contextid="4059" durationms="2.409" usertimems="4.000" systemtimems="0.000" timestamp="2019-06-17T04:32:12.945" activeThreads="1">
  <mem-info id="4065" free="75497472" total="125829120" percent="60">
    <mem type="eden" free="1048520" total="1048576" percent="99" />
    <remembered-set count="3072" freebytes="5010432" totalbytes="5022720" percent="99" regionsoverflowed="0" regionsstable="18" regionsrebuilding="0"/>
  </mem-info>
</gc-end>
<cycle-end id="4066" type="partial gc" contextid="4059" timestamp="2019-06-17T04:32:12.945" />
  <attribute name="elasticGC enabled" value="1" />
  <attribute name= "numThreadsSpecified" value="1" />
  <attribute name="heapSize specified" value="0" />
  <attribute name="Current GC Util" value="150" />
  <attribute name= "Current Time Running" value="62380" />
  <attribute name ="GC Interval" value="0" />
  <attribute name="ProportionalT" value="195.000000" />
  <attribute name="ProportionalI" value="195.000000" />
  <attribute name="ProportionalH" value="195.000000" />
  <attribute name="Current Error" value="130.000000" />
  <attribute name="IntegralT" value="0.000000" />
  <attribute name="IntegralI" value="0.000000" />
  <attribute name="IntegralH" value="0.000000" />
  <attribute name="DerivativeT" value="inf" />
  <attribute name="DerivativeI" value="inf" />
  <attribute name="DerivativeH" value="inf" />
  <attribute name="Loop Time for DT" value="0.000000" />
  <attribute name="Output H" value="8388608"/>
  <attribute name="Output I" value="200"/>
  <attribute name="Output T" value="1"/>
  <attribute name="Target GC Util Change" value ="20.000000" />
  <attribute name="Current GC Util Change" value="150.000000"/>
  <attribute name="GC Util currently" value="150" />
  <attribute name="CPU Util currently" value="12497184333348" />
<exclusive-end id="4067" timestamp="2019-06-17T04:32:12.945" durationms="3.469" />

<exclusive-start id="4068" timestamp="2019-06-17T04:32:12.958" intervalms="16.064">
  <response-info timems="0.101" idlems="0.101" threads="0" lastid="0000000002320700" lastname="main" />
</exclusive-start>
<allocation-taxation id="4069" taxation-threshold="37748736" timestamp="2019-06-17T04:32:12.958" intervalms="16.066" />
<cycle-start id="4070" type="partial gc" contextid="0" timestamp="2019-06-17T04:32:12.958" intervalms="16.055" />
<gc-start id="4071" type="partial gc" contextid="4070" timestamp="2019-06-17T04:32:12.959">
  <mem-info id="4072" free="37748736" total="125829120" percent="30">
    <mem type="eden" free="1048520" total="38797312" percent="2" />
    <remembered-set count="2624" freebytes="5012224" totalbytes="5022720" percent="99" regionsoverflowed="0" regionsstable="18" regionsrebuilding="0"/>
  </mem-info>
</gc-start>
<allocation-stats totalBytes="37622672" >
  <allocated-bytes non-tlh="0" tlh="37622672" arrayletleaf="0"/>
  <largest-consumer threadName="main" threadId="0000000002320700" bytes="37622672" />
</allocation-stats>
<gc-op id="4073" type="copy forward" timems="1.163" contextid="4070" timestamp="2019-06-17T04:32:12.961">
  <memory-copied type="eden" objects="2" bytes="56" bytesdiscarded="0" />
  <memory-copied type="other" objects="67" bytes="2872" bytesdiscarded="0" />
  <memory-cardclean objects="63" bytes="2344" />
  <regions eden="36" other="2" />
  <remembered-set-cleared processed="134" cleared="4" durationms="0.146" />
  <stringconstants candidates="13747" cleared="0"  />
</gc-op>
<gc-op id="4074" type="classunload" timems="0.004" contextid="4070" timestamp="2019-06-17T04:32:12.961">
  <classunload-info classloadercandidates="54" classloadersunloaded="0" classesunloaded="0" anonymousclassesunloaded="0" quiescems="0.000" setupms="0.004" scanms="0.000" postms="0.000" />
</gc-op>
<gc-end id="4075" type="partial gc" contextid="4070" durationms="2.359" usertimems="4.000" systemtimems="0.000" timestamp="2019-06-17T04:32:12.961" activeThreads="1">
  <mem-info id="4076" free="75497472" total="125829120" percent="60">
    <mem type="eden" free="1048520" total="1048576" percent="99" />
    <remembered-set count="3104" freebytes="5010304" totalbytes="5022720" percent="99" regionsoverflowed="0" regionsstable="18" regionsrebuilding="0"/>
  </mem-info>
</gc-end>
<cycle-end id="4077" type="partial gc" contextid="4070" timestamp="2019-06-17T04:32:12.961" />
  <attribute name="elasticGC enabled" value="1" />
  <attribute name= "numThreadsSpecified" value="1" />
  <attribute name="heapSize specified" value="0" />
  <attribute name="Current GC Util" value="291" />
  <attribute name= "Current Time Running" value="62396" />
  <attribute name ="GC Interval" value="0" />
  <attribute name="ProportionalT" value="406.500000" />
  <attribute name="ProportionalI" value="406.500000" />
  <attribute name="ProportionalH" value="406.500000" />
  <attribute name="Current Error" value="271.000000" />
  <attribute name="IntegralT" value="0.000000" />
  <attribute name="IntegralI" value="0.000000" />
  <attribute name="IntegralH" value="0.000000" />
  <attribute name="DerivativeT" value="inf" />
  <attribute name="DerivativeI" value="inf" />
  <attribute name="DerivativeH" value="inf" />
  <attribute name="Loop Time for DT" value="0.000000" />
  <attribute name="Output H" value="8388608"/>
  <attribute name="Output I" value="200"/>
  <attribute name="Output T" value="1"/>
  <attribute name="Target GC Util Change" value ="20.000000" />
  <attribute name="Current GC Util Change" value="291.000000"/>
  <attribute name="GC Util currently" value="291" />
  <attribute name="CPU Util currently" value="12761108532848" />
<exclusive-end id="4078" timestamp="2019-06-17T04:32:12.961" durationms="3.415" />

<exclusive-start id="4079" timestamp="2019-06-17T04:32:12.974" intervalms="16.070">
  <response-info timems="0.112" idlems="0.112" threads="0" lastid="0000000002320700" lastname="main" />
</exclusive-start>
<allocation-taxation id="4080" taxation-threshold="37748736" timestamp="2019-06-17T04:32:12.974" intervalms="16.074" />
<cycle-start id="4081" type="partial gc" contextid="0" timestamp="2019-06-17T04:32:12.974" intervalms="16.099" />
<gc-start id="4082" type="partial gc" contextid="4081" timestamp="2019-06-17T04:32:12.975">
  <mem-info id="4083" free="37748736" total="125829120" percent="30">
    <mem type="eden" free="1048520" total="38797312" percent="2" />
    <remembered-set count="2656" freebytes="5012096" totalbytes="5022720" percent="99" regionsoverflowed="0" regionsstable="18" regionsrebuilding="0"/>
  </mem-info>
</gc-start>
<allocation-stats totalBytes="37622696" >
  <allocated-bytes non-tlh="0" tlh="37622696" arrayletleaf="0"/>
  <largest-consumer threadName="main" threadId="0000000002320700" bytes="37622696" />
</allocation-stats>
<gc-op id="4084" type="copy forward" timems="3.147" contextid="4081" timestamp="2019-06-17T04:32:12.979">
  <memory-copied type="eden" objects="2" bytes="56" bytesdiscarded="736" />
  <memory-copied type="other" objects="67" bytes="2872" bytesdiscarded="1200" />
  <memory-cardclean objects="63" bytes="2344" />
  <regions eden="36" other="2" />
  <remembered-set-cleared processed="134" cleared="4" durationms="0.102" />
  <stringconstants candidates="13747" cleared="0"  />
</gc-op>
<gc-op id="4085" type="classunload" timems="0.004" contextid="4081" timestamp="2019-06-17T04:32:12.979">
  <classunload-info classloadercandidates="54" classloadersunloaded="0" classesunloaded="0" anonymousclassesunloaded="0" quiescems="0.000" setupms="0.004" scanms="0.000" postms="0.000" />
</gc-op>
<gc-end id="4086" type="partial gc" contextid="4081" durationms="4.363" usertimems="8.000" systemtimems="0.000" timestamp="2019-06-17T04:32:12.979" activeThreads="4">
  <mem-info id="4087" free="75497472" total="125829120" percent="60">
    <mem type="eden" free="1047784" total="1048576" percent="99" />
    <remembered-set count="2624" freebytes="5012224" totalbytes="5022720" percent="99" regionsoverflowed="0" regionsstable="18" regionsrebuilding="0"/>
  </mem-info>
</gc-end>
<cycle-end id="4088" type="partial gc" contextid="4081" timestamp="2019-06-17T04:32:12.979" />
  <attribute name="elasticGC enabled" value="1" />
  <attribute name= "numThreadsSpecified" value="4" />
  <attribute name="heapSize specified" value="0" />
  <attribute name="Current GC Util" value="286" />
  <attribute name= "Current Time Running" value="62413" />
  <attribute name ="GC Interval" value="0" />
  <attribute name="ProportionalT" value="399.000000" />
  <attribute name="ProportionalI" value="399.000000" />
  <attribute name="ProportionalH" value="399.000000" />
  <attribute name="Current Error" value="266.000000" />
  <attribute name="IntegralT" value="266.000000" />
  <attribute name="IntegralI" value="266.000000" />
  <attribute name="IntegralH" value="266.000000" />
  <attribute name="DerivativeT" value="399.000000" />
  <attribute name="DerivativeI" value="399.000000" />
  <attribute name="DerivativeH" value="399.000000" />
  <attribute name="Loop Time for DT" value="1.000000" />
  <attribute name="Output H" value="8388608"/>
  <attribute name="Output I" value="1064"/>
  <attribute name="Output T" value="4"/>
  <attribute name="Target GC Util Change" value ="20.000000" />
  <attribute name="Current GC Util Change" value="286.000000"/>
  <attribute name="GC Util currently" value="286" />
  <attribute name="CPU Util currently" value="12747809942364" />
<exclusive-end id="4089" timestamp="2019-06-17T04:32:12.979" durationms="5.378" />

<exclusive-start id="4090" timestamp="2019-06-17T04:32:12.992" intervalms="17.903">
  <response-info timems="0.085" idlems="0.085" threads="0" lastid="0000000002320700" lastname="main" />
</exclusive-start>
<allocation-taxation id="4091" taxation-threshold="37748736" timestamp="2019-06-17T04:32:12.992" intervalms="17.895" />
<cycle-start id="4092" type="partial gc" contextid="0" timestamp="2019-06-17T04:32:12.992" intervalms="17.867" />
<gc-start id="4093" type="partial gc" contextid="4092" timestamp="2019-06-17T04:32:12.993">
  <mem-info id="4094" free="37748736" total="125829120" percent="30">
    <mem type="eden" free="1047784" total="38797312" percent="2" />
    <remembered-set count="2624" freebytes="5012224" totalbytes="5022720" percent="99" regionsoverflowed="0" regionsstable="18" regionsrebuilding="0"/>
  </mem-info>
</gc-start>
<allocation-stats totalBytes="37622672" >
  <allocated-bytes non-tlh="0" tlh="37622672" arrayletleaf="0"/>
  <largest-consumer threadName="main" threadId="0000000002320700" bytes="37622672" />
</allocation-stats>
<gc-op id="4095" type="copy forward" timems="3.208" contextid="4092" timestamp="2019-06-17T04:32:12.997">
  <memory-copied type="eden" objects="2" bytes="56" bytesdiscarded="736" />
  <memory-copied type="other" objects="67" bytes="2872" bytesdiscarded="896" />
  <memory-cardclean objects="63" bytes="2344" />
  <regions eden="36" other="2" />
  <remembered-set-cleared processed="134" cleared="4" durationms="0.097" />
  <stringconstants candidates="13747" cleared="0"  />
</gc-op>
<gc-op id="4096" type="classunload" timems="0.004" contextid="4092" timestamp="2019-06-17T04:32:12.997">
  <classunload-info classloadercandidates="54" classloadersunloaded="0" classesunloaded="0" anonymousclassesunloaded="0" quiescems="0.000" setupms="0.004" scanms="0.000" postms="0.000" />
</gc-op>
<gc-end id="4097" type="partial gc" contextid="4092" durationms="4.482" usertimems="8.000" systemtimems="0.000" timestamp="2019-06-17T04:32:12.997" activeThreads="4">
  <mem-info id="4098" free="75497472" total="125829120" percent="60">
    <mem type="eden" free="1047784" total="1048576" percent="99" />
    <remembered-set count="3136" freebytes="5010176" totalbytes="5022720" percent="99" regionsoverflowed="0" regionsstable="18" regionsrebuilding="0"/>
  </mem-info>
</gc-end>
<cycle-end id="4099" type="partial gc" contextid="4092" timestamp="2019-06-17T04:32:12.997" />
  <attribute name="elasticGC enabled" value="1" />
  <attribute name= "numThreadsSpecified" value="4" />
  <attribute name="heapSize specified" value="0" />
  <attribute name="Current GC Util" value="159" />
  <attribute name= "Current Time Running" value="62431" />
  <attribute name ="GC Interval" value="0" />
  <attribute name="ProportionalT" value="208.500000" />
  <attribute name="ProportionalI" value="208.500000" />
  <attribute name="ProportionalH" value="208.500000" />
  <attribute name="Current Error" value="139.000000" />
  <attribute name="IntegralT" value="139.000000" />
  <attribute name="IntegralI" value="139.000000" />
  <attribute name="IntegralH" value="139.000000" />
  <attribute name="DerivativeT" value="169.500000" />
  <attribute name="DerivativeI" value="169.500000" />
  <attribute name="DerivativeH" value="169.500000" />
  <attribute name="Loop Time for DT" value="1.000000" />
  <attribute name="Output H" value="8388608"/>
  <attribute name="Output I" value="520"/>
  <attribute name="Output T" value="4"/>
  <attribute name="Target GC Util Change" value ="20.000000" />
  <attribute name="Current GC Util Change" value="159.000000"/>
  <attribute name="GC Util currently" value="159" />
  <attribute name="CPU Util currently" value="11851060084779" />
<exclusive-end id="4100" timestamp="2019-06-17T04:32:12.997" durationms="5.473" />

<exclusive-start id="4101" timestamp="2019-06-17T04:32:13.010" intervalms="18.168">
  <response-info timems="0.080" idlems="0.080" threads="0" lastid="0000000002320700" lastname="main" />
</exclusive-start>
<allocation-taxation id="4102" taxation-threshold="37748736" timestamp="2019-06-17T04:32:13.010" intervalms="18.167" />
<cycle-start id="4103" type="partial gc" contextid="0" timestamp="2019-06-17T04:32:13.011" intervalms="18.154" />
<gc-start id="4104" type="partial gc" contextid="4103" timestamp="2019-06-17T04:32:13.011">
  <mem-info id="4105" free="37748736" total="125829120" percent="30">
    <mem type="eden" free="1047784" total="38797312" percent="2" />
    <remembered-set count="3136" freebytes="5010176" totalbytes="5022720" percent="99" regionsoverflowed="0" regionsstable="18" regionsrebuilding="0"/>
  </mem-info>
</gc-start>
<allocation-stats totalBytes="37622696" >
  <allocated-bytes non-tlh="0" tlh="37622696" arrayletleaf="0"/>
  <largest-consumer threadName="main" threadId="0000000002320700" bytes="37622696" />
</allocation-stats>
<gc-op id="4106" type="copy forward" timems="3.015" contextid="4103" timestamp="2019-06-17T04:32:13.015">
  <memory-copied type="eden" objects="2" bytes="56" bytesdiscarded="736" />
  <memory-copied type="other" objects="67" bytes="2872" bytesdiscarded="1896" />
  <memory-cardclean objects="63" bytes="2344" />
  <regions eden="36" other="2" />
  <remembered-set-cleared processed="134" cleared="4" durationms="0.097" />
  <stringconstants candidates="13747" cleared="0"  />
</gc-op>
<gc-op id="4107" type="classunload" timems="0.004" contextid="4103" timestamp="2019-06-17T04:32:13.015">
  <classunload-info classloadercandidates="54" classloadersunloaded="0" classesunloaded="0" anonymousclassesunloaded="0" quiescems="0.000" setupms="0.004" scanms="0.000" postms="0.000" />
</gc-op>
<gc-end id="4108" type="partial gc" contextid="4103" durationms="4.160" usertimems="8.000" systemtimems="0.000" timestamp="2019-06-17T04:32:13.015" activeThreads="4">
  <mem-info id="4109" free="75497472" total="125829120" percent="60">
    <mem type="eden" free="1047784" total="1048576" percent="99" />
    <remembered-set count="3136" freebytes="5010176" totalbytes="5022720" percent="99" regionsoverflowed="0" regionsstable="18" regionsrebuilding="0"/>
  </mem-info>
</gc-end>
<cycle-end id="4110" type="partial gc" contextid="4103" timestamp="2019-06-17T04:32:13.015" />
  <attribute name="elasticGC enabled" value="1" />
  <attribute name= "numThreadsSpecified" value="4" />
  <attribute name="heapSize specified" value="0" />
  <attribute name="Current GC Util" value="165" />
  <attribute name= "Current Time Running" value="62449" />
  <attribute name ="GC Interval" value="0" />
  <attribute name="ProportionalT" value="217.500000" />
  <attribute name="ProportionalI" value="217.500000" />
  <attribute name="ProportionalH" value="217.500000" />
  <attribute name="Current Error" value="145.000000" />
  <attribute name="IntegralT" value="145.000000" />
  <attribute name="IntegralI" value="145.000000" />
  <attribute name="IntegralH" value="145.000000" />
  <attribute name="DerivativeT" value="177.000000" />
  <attribute name="DerivativeI" value="177.000000" />
  <attribute name="DerivativeH" value="177.000000" />
  <attribute name="Loop Time for DT" value="1.000000" />
  <attribute name="Output H" value="8388608"/>
  <attribute name="Output I" value="544"/>
  <attribute name="Output T" value="4"/>
  <attribute name="Target GC Util Change" value ="20.000000" />
  <attribute name="Current GC Util Change" value="165.000000"/>
  <attribute name="GC Util currently" value="165" />
  <attribute name="CPU Util currently" value="13157712044851" />
<exclusive-end id="4111" timestamp="2019-06-17T04:32:13.015" durationms="5.102" />

<exclusive-start id="4112" timestamp="2019-06-17T04:32:13.028" intervalms="17.777">
  <response-info timems="0.079" idlems="0.079" threads="0" lastid="0000000002320700" lastname="main" />
</exclusive-start>
<allocation-taxation id="4113" taxation-threshold="37748736" timestamp="2019-06-17T04:32:13.028" intervalms="17.786" />
<cycle-start id="4114" type="partial gc" contextid="0" timestamp="2019-06-17T04:32:13.028" intervalms="17.810" />
<gc-start id="4115" type="partial gc" contextid="4114" timestamp="2019-06-17T04:32:13.029">
  <mem-info id="4116" free="37748736" total="125829120" percent="30">
    <mem type="eden" free="1047784" total="38797312" percent="2" />
    <remembered-set count="3136" freebytes="5010176" totalbytes="5022720" percent="99" regionsoverflowed="0" regionsstable="18" regionsrebuilding="0"/>
  </mem-info>
</gc-start>
<allocation-stats totalBytes="37622696" >
  <allocated-bytes non-tlh="0" tlh="37622696" arrayletleaf="0"/>
  <largest-consumer threadName="main" threadId="0000000002320700" bytes="37622696" />
</allocation-stats>
<gc-op id="4117" type="copy forward" timems="1.117" contextid="4114" timestamp="2019-06-17T04:32:13.031">
  <memory-copied type="eden" objects="2" bytes="56" bytesdiscarded="0" />
  <memory-copied type="other" objects="67" bytes="2872" bytesdiscarded="0" />
  <memory-cardclean objects="63" bytes="2344" />
  <regions eden="36" other="2" />
  <remembered-set-cleared processed="134" cleared="4" durationms="0.148" />
  <stringconstants candidates="13747" cleared="0"  />
</gc-op>
<gc-op id="4118" type="classunload" timems="0.004" contextid="4114" timestamp="2019-06-17T04:32:13.031">
  <classunload-info classloadercandidates="54" classloadersunloaded="0" classesunloaded="0" anonymousclassesunloaded="0" quiescems="0.000" setupms="0.004" scanms="0.000" postms="0.000" />
</gc-op>
<gc-end id="4119" type="partial gc" contextid="4114" durationms="2.450" usertimems="4.000" systemtimems="0.000" timestamp="2019-06-17T04:32:13.031" activeThreads="1">
  <mem-info id="4120" free="75497472" total="125829120" percent="60">
    <mem type="eden" free="1048520" total="1048576" percent="99" />
    <remembered-set count="3488" freebytes="5008768" totalbytes="5022720" percent="99" regionsoverflowed="0" regionsstable="18" regionsrebuilding="0"/>
  </mem-info>
</gc-end>
<cycle-end id="4121" type="partial gc" contextid="4114" timestamp="2019-06-17T04:32:13.031" />
  <attribute name="elasticGC enabled" value="1" />
  <attribute name= "numThreadsSpecified" value="1" />
  <attribute name="heapSize specified" value="0" />
  <attribute name="Current GC Util" value="147" />
  <attribute name= "Current Time Running" value="62466" />
  <attribute name ="GC Interval" value="0" />
  <attribute name="ProportionalT" value="190.500000" />
  <attribute name="ProportionalI" value="190.500000" />
  <attribute name="ProportionalH" value="190.500000" />
  <attribute name="Current Error" value="127.000000" />
  <attribute name="IntegralT" value="0.000000" />
  <attribute name="IntegralI" value="0.000000" />
  <attribute name="IntegralH" value="0.000000" />
  <attribute name="DerivativeT" value="inf" />
  <attribute name="DerivativeI" value="inf" />
  <attribute name="DerivativeH" value="inf" />
  <attribute name="Loop Time for DT" value="0.000000" />
  <attribute name="Output H" value="8388608"/>
  <attribute name="Output I" value="200"/>
  <attribute name="Output T" value="1"/>
  <attribute name="Target GC Util Change" value ="20.000000" />
  <attribute name="Current GC Util Change" value="147.000000"/>
  <attribute name="GC Util currently" value="147" />
  <attribute name="CPU Util currently" value="13464422737843" />
<exclusive-end id="4122" timestamp="2019-06-17T04:32:13.031" durationms="3.472" />

<exclusive-start id="4123" timestamp="2019-06-17T04:32:13.044" intervalms="16.294">
  <response-info timems="0.076" idlems="0.076" threads="0" lastid="0000000002320700" lastname="main" />
</exclusive-start>
<allocation-taxation id="4124" taxation-threshold="37748736" timestamp="2019-06-17T04:32:13.044" intervalms="16.287" />
<cycle-start id="4125" type="partial gc" contextid="0" timestamp="2019-06-17T04:32:13.045" intervalms="16.275" />
<gc-start id="4126" type="partial gc" contextid="4125" timestamp="2019-06-17T04:32:13.045">
  <mem-info id="4127" free="37748736" total="125829120" percent="30">
    <mem type="eden" free="1048520" total="38797312" percent="2" />
    <remembered-set count="3040" freebytes="5010560" totalbytes="5022720" percent="99" regionsoverflowed="0" regionsstable="18" regionsrebuilding="0"/>
  </mem-info>
</gc-start>
<allocation-stats totalBytes="37622672" >
  <allocated-bytes non-tlh="0" tlh="37622672" arrayletleaf="0"/>
  <largest-consumer threadName="main" threadId="0000000002320700" bytes="37622672" />
</allocation-stats>
<gc-op id="4128" type="copy forward" timems="3.178" contextid="4125" timestamp="2019-06-17T04:32:13.049">
  <memory-copied type="eden" objects="2" bytes="56" bytesdiscarded="736" />
  <memory-copied type="other" objects="67" bytes="2872" bytesdiscarded="896" />
  <memory-cardclean objects="63" bytes="2344" />
  <regions eden="36" other="2" />
  <remembered-set-cleared processed="134" cleared="4" durationms="0.100" />
  <stringconstants candidates="13747" cleared="0"  />
</gc-op>
<gc-op id="4129" type="classunload" timems="0.003" contextid="4125" timestamp="2019-06-17T04:32:13.049">
  <classunload-info classloadercandidates="54" classloadersunloaded="0" classesunloaded="0" anonymousclassesunloaded="0" quiescems="0.000" setupms="0.003" scanms="0.000" postms="0.000" />
</gc-op>
<gc-end id="4130" type="partial gc" contextid="4125" durationms="4.308" usertimems="8.000" systemtimems="0.000" timestamp="2019-06-17T04:32:13.049" activeThreads="4">
  <mem-info id="4131" free="75497472" total="125829120" percent="60">
    <mem type="eden" free="1047784" total="1048576" percent="99" />
    <remembered-set count="2624" freebytes="5012224" totalbytes="5022720" percent="99" regionsoverflowed="0" regionsstable="18" regionsrebuilding="0"/>
  </mem-info>
</gc-end>
<cycle-end id="4132" type="partial gc" contextid="4125" timestamp="2019-06-17T04:32:13.049" />
  <attribute name="elasticGC enabled" value="1" />
  <attribute name= "numThreadsSpecified" value="4" />
  <attribute name="heapSize specified" value="0" />
  <attribute name="Current GC Util" value="284" />
  <attribute name= "Current Time Running" value="62483" />
  <attribute name ="GC Interval" value="0" />
  <attribute name="ProportionalT" value="396.000000" />
  <attribute name="ProportionalI" value="396.000000" />
  <attribute name="ProportionalH" value="396.000000" />
  <attribute name="Current Error" value="264.000000" />
  <attribute name="IntegralT" value="264.000000" />
  <attribute name="IntegralI" value="264.000000" />
  <attribute name="IntegralH" value="264.000000" />
  <attribute name="DerivativeT" value="396.000000" />
  <attribute name="DerivativeI" value="396.000000" />
  <attribute name="DerivativeH" value="396.000000" />
  <attribute name="Loop Time for DT" value="1.000000" />
  <attribute name="Output H" value="8388608"/>
  <attribute name="Output I" value="1056"/>
  <attribute name="Output T" value="4"/>
  <attribute name="Target GC Util Change" value ="20.000000" />
  <attribute name="Current GC Util Change" value="284.000000"/>
  <attribute name="GC Util currently" value="284" />
  <attribute name="CPU Util currently" value="13660814217000" />
<exclusive-end id="4133" timestamp="2019-06-17T04:32:13.049" durationms="5.250" />

<exclusive-start id="4134" timestamp="2019-06-17T04:32:13.062" intervalms="18.040">
  <response-info timems="0.080" idlems="0.080" threads="0" lastid="0000000002320700" lastname="main" />
</exclusive-start>
<allocation-taxation id="4135" taxation-threshold="37748736" timestamp="2019-06-17T04:32:13.062" intervalms="18.037" />
<cycle-start id="4136" type="partial gc" contextid="0" timestamp="2019-06-17T04:32:13.063" intervalms="18.017" />
<gc-start id="4137" type="partial gc" contextid="4136" timestamp="2019-06-17T04:32:13.063">
  <mem-info id="4138" free="37748736" total="125829120" percent="30">
    <mem type="eden" free="1047784" total="38797312" percent="2" />
    <remembered-set count="2624" freebytes="5012224" totalbytes="5022720" percent="99" regionsoverflowed="0" regionsstable="18" regionsrebuilding="0"/>
  </mem-info>
</gc-start>
<allocation-stats totalBytes="37622696" >
  <allocated-bytes non-tlh="0" tlh="37622696" arrayletleaf="0"/>
  <largest-consumer threadName="main" threadId="0000000002320700" bytes="37622696" />
</allocation-stats>
<gc-op id="4139" type="copy forward" timems="2.673" contextid="4136" timestamp="2019-06-17T04:32:13.066">
  <memory-copied type="eden" objects="2" bytes="56" bytesdiscarded="736" />
  <memory-copied type="other" objects="67" bytes="2872" bytesdiscarded="1728" />
  <memory-cardclean objects="63" bytes="2344" />
  <regions eden="36" other="2" />
  <remembered-set-cleared processed="134" cleared="4" durationms="0.101" />
  <stringconstants candidates="13747" cleared="0"  />
</gc-op>
<gc-op id="4140" type="classunload" timems="0.004" contextid="4136" timestamp="2019-06-17T04:32:13.066">
  <classunload-info classloadercandidates="54" classloadersunloaded="0" classesunloaded="0" anonymousclassesunloaded="0" quiescems="0.000" setupms="0.004" scanms="0.000" postms="0.000" />
</gc-op>
<gc-end id="4141" type="partial gc" contextid="4136" durationms="3.816" usertimems="4.000" systemtimems="0.000" timestamp="2019-06-17T04:32:13.067" activeThreads="4">
  <mem-info id="4142" free="75497472" total="125829120" percent="60">
    <mem type="eden" free="1047784" total="1048576" percent="99" />
    <remembered-set count="3136" freebytes="5010176" totalbytes="5022720" percent="99" regionsoverflowed="0" regionsstable="18" regionsrebuilding="0"/>
  </mem-info>
</gc-end>
<cycle-end id="4143" type="partial gc" contextid="4136" timestamp="2019-06-17T04:32:13.067" />
  <attribute name="elasticGC enabled" value="1" />
  <attribute name= "numThreadsSpecified" value="4" />
  <attribute name="heapSize specified" value="0" />
  <attribute name="Current GC Util" value="201" />
  <attribute name= "Current Time Running" value="62501" />
  <attribute name ="GC Interval" value="0" />
  <attribute name="ProportionalT" value="271.500000" />
  <attribute name="ProportionalI" value="271.500000" />
  <attribute name="ProportionalH" value="271.500000" />
  <attribute name="Current Error" value="181.000000" />
  <attribute name="IntegralT" value="181.000000" />
  <attribute name="IntegralI" value="181.000000" />
  <attribute name="IntegralH" value="181.000000" />
  <attribute name="DerivativeT" value="231.000000" />
  <attribute name="DerivativeI" value="231.000000" />
  <attribute name="DerivativeH" value="231.000000" />
  <attribute name="Loop Time for DT" value="1.000000" />
  <attribute name="Output H" value="8388608"/>
  <attribute name="Output I" value="688"/>
  <attribute name="Output T" value="4"/>
  <attribute name="Target GC Util Change" value ="20.000000" />
  <attribute name="Current GC Util Change" value="201.000000"/>
  <attribute name="GC Util currently" value="201" />
  <attribute name="CPU Util currently" value="13740550396037" />
<exclusive-end id="4144" timestamp="2019-06-17T04:32:13.067" durationms="4.824" />

<exclusive-start id="4145" timestamp="2019-06-17T04:32:13.080" intervalms="17.564">
  <response-info timems="0.097" idlems="0.097" threads="0" lastid="0000000002320700" lastname="main" />
</exclusive-start>
<allocation-taxation id="4146" taxation-threshold="37748736" timestamp="2019-06-17T04:32:13.080" intervalms="17.562" />
<cycle-start id="4147" type="partial gc" contextid="0" timestamp="2019-06-17T04:32:13.080" intervalms="17.604" />
<gc-start id="4148" type="partial gc" contextid="4147" timestamp="2019-06-17T04:32:13.080">
  <mem-info id="4149" free="37748736" total="125829120" percent="30">
    <mem type="eden" free="1047784" total="38797312" percent="2" />
    <remembered-set count="3136" freebytes="5010176" totalbytes="5022720" percent="99" regionsoverflowed="0" regionsstable="18" regionsrebuilding="0"/>
  </mem-info>
</gc-start>
<allocation-stats totalBytes="37622672" >
  <allocated-bytes non-tlh="0" tlh="37622672" arrayletleaf="0"/>
  <largest-consumer threadName="main" threadId="0000000002320700" bytes="37622672" />
</allocation-stats>
<gc-op id="4150" type="copy forward" timems="1.102" contextid="4147" timestamp="2019-06-17T04:32:13.082">
  <memory-copied type="eden" objects="2" bytes="56" bytesdiscarded="0" />
  <memory-copied type="other" objects="67" bytes="2872" bytesdiscarded="0" />
  <memory-cardclean objects="63" bytes="2344" />
  <regions eden="36" other="2" />
  <remembered-set-cleared processed="134" cleared="4" durationms="0.148" />
  <stringconstants candidates="13747" cleared="0"  />
</gc-op>
<gc-op id="4151" type="classunload" timems="0.003" contextid="4147" timestamp="2019-06-17T04:32:13.083">
  <classunload-info classloadercandidates="54" classloadersunloaded="0" classesunloaded="0" anonymousclassesunloaded="0" quiescems="0.000" setupms="0.003" scanms="0.000" postms="0.000" />
</gc-op>
<gc-end id="4152" type="partial gc" contextid="4147" durationms="2.409" usertimems="0.000" systemtimems="0.000" timestamp="2019-06-17T04:32:13.083" activeThreads="1">
  <mem-info id="4153" free="75497472" total="125829120" percent="60">
    <mem type="eden" free="1048520" total="1048576" percent="99" />
    <remembered-set count="3488" freebytes="5008768" totalbytes="5022720" percent="99" regionsoverflowed="0" regionsstable="18" regionsrebuilding="0"/>
  </mem-info>
</gc-end>
<cycle-end id="4154" type="partial gc" contextid="4147" timestamp="2019-06-17T04:32:13.083" />
  <attribute name="elasticGC enabled" value="1" />
  <attribute name= "numThreadsSpecified" value="1" />
  <attribute name="heapSize specified" value="0" />
  <attribute name="Current GC Util" value="155" />
  <attribute name= "Current Time Running" value="62518" />
  <attribute name ="GC Interval" value="0" />
  <attribute name="ProportionalT" value="202.500000" />
  <attribute name="ProportionalI" value="202.500000" />
  <attribute name="ProportionalH" value="202.500000" />
  <attribute name="Current Error" value="135.000000" />
  <attribute name="IntegralT" value="0.000000" />
  <attribute name="IntegralI" value="0.000000" />
  <attribute name="IntegralH" value="0.000000" />
  <attribute name="DerivativeT" value="inf" />
  <attribute name="DerivativeI" value="inf" />
  <attribute name="DerivativeH" value="inf" />
  <attribute name="Loop Time for DT" value="0.000000" />
  <attribute name="Output H" value="8388608"/>
  <attribute name="Output I" value="200"/>
  <attribute name="Output T" value="1"/>
  <attribute name="Target GC Util Change" value ="20.000000" />
  <attribute name="Current GC Util Change" value="155.000000"/>
  <attribute name="GC Util currently" value="155" />
  <attribute name="CPU Util currently" value="12482030734302" />
<exclusive-end id="4155" timestamp="2019-06-17T04:32:13.083" durationms="3.464" />

<exclusive-start id="4156" timestamp="2019-06-17T04:32:13.097" intervalms="16.816">
  <response-info timems="0.071" idlems="0.071" threads="0" lastid="0000000002320700" lastname="main" />
</exclusive-start>
<allocation-taxation id="4157" taxation-threshold="37748736" timestamp="2019-06-17T04:32:13.097" intervalms="16.796" />
<cycle-start id="4158" type="partial gc" contextid="0" timestamp="2019-06-17T04:32:13.097" intervalms="16.744" />
<gc-start id="4159" type="partial gc" contextid="4158" timestamp="2019-06-17T04:32:13.097">
  <mem-info id="4160" free="37748736" total="125829120" percent="30">
    <mem type="eden" free="1048520" total="38797312" percent="2" />
    <remembered-set count="3040" freebytes="5010560" totalbytes="5022720" percent="99" regionsoverflowed="0" regionsstable="18" regionsrebuilding="0"/>
  </mem-info>
</gc-start>
<allocation-stats totalBytes="37593944" >
  <allocated-bytes non-tlh="0" tlh="37593944" arrayletleaf="0"/>
  <largest-consumer threadName="main" threadId="0000000002320700" bytes="37593944" />
</allocation-stats>
<gc-op id="4161" type="copy forward" timems="1.116" contextid="4158" timestamp="2019-06-17T04:32:13.099">
  <memory-copied type="eden" objects="26" bytes="1920" bytesdiscarded="0" />
  <memory-copied type="other" objects="48" bytes="1152" bytesdiscarded="0" />
  <memory-cardclean objects="75" bytes="2536" />
  <regions eden="36" other="2" />
  <remembered-set-cleared processed="134" cleared="4" durationms="0.149" />
  <stringconstants candidates="13747" cleared="0"  />
</gc-op>
<gc-op id="4162" type="classunload" timems="0.004" contextid="4158" timestamp="2019-06-17T04:32:13.099">
  <classunload-info classloadercandidates="54" classloadersunloaded="0" classesunloaded="0" anonymousclassesunloaded="0" quiescems="0.000" setupms="0.004" scanms="0.000" postms="0.000" />
</gc-op>
<gc-end id="4163" type="partial gc" contextid="4158" durationms="2.274" usertimems="0.000" systemtimems="0.000" timestamp="2019-06-17T04:32:13.099" activeThreads="1">
  <mem-info id="4164" free="75497472" total="125829120" percent="60">
    <mem type="eden" free="1046656" total="1048576" percent="99" />
    <remembered-set count="3520" freebytes="5008640" totalbytes="5022720" percent="99" regionsoverflowed="0" regionsstable="18" regionsrebuilding="0"/>
  </mem-info>
</gc-end>
<cycle-end id="4165" type="partial gc" contextid="4158" timestamp="2019-06-17T04:32:13.100" />
  <attribute name="elasticGC enabled" value="1" />
  <attribute name= "numThreadsSpecified" value="1" />
  <attribute name="heapSize specified" value="0" />
  <attribute name="Current GC Util" value="288" />
  <attribute name= "Current Time Running" value="62535" />
  <attribute name ="GC Interval" value="0" />
  <attribute name="ProportionalT" value="402.000000" />
  <attribute name="ProportionalI" value="402.000000" />
  <attribute name="ProportionalH" value="402.000000" />
  <attribute name="Current Error" value="268.000000" />
  <attribute name="IntegralT" value="0.000000" />
  <attribute name="IntegralI" value="0.000000" />
  <attribute name="IntegralH" value="0.000000" />
  <attribute name="DerivativeT" value="inf" />
  <attribute name="DerivativeI" value="inf" />
  <attribute name="DerivativeH" value="inf" />
  <attribute name="Loop Time for DT" value="0.000000" />
  <attribute name="Output H" value="8388608"/>
  <attribute name="Output I" value="200"/>
  <attribute name="Output T" value="1"/>
  <attribute name="Target GC Util Change" value ="20.000000" />
  <attribute name="Current GC Util Change" value="288.000000"/>
  <attribute name="GC Util currently" value="288" />
  <attribute name="CPU Util currently" value="13636859780826" />
<exclusive-end id="4166" timestamp="2019-06-17T04:32:13.100" durationms="3.271" />

<exclusive-start id="4167" timestamp="2019-06-17T04:32:13.113" intervalms="16.193">
  <response-info timems="0.114" idlems="0.114" threads="0" lastid="0000000002320700" lastname="main" />
</exclusive-start>
<allocation-taxation id="4168" taxation-threshold="37748736" timestamp="2019-06-17T04:32:13.113" intervalms="16.180" />
<cycle-start id="4169" type="partial gc" contextid="0" timestamp="2019-06-17T04:32:13.113" intervalms="16.176" />
<gc-start id="4170" type="partial gc" contextid="4169" timestamp="2019-06-17T04:32:13.113">
  <mem-info id="4171" free="37748736" total="125829120" percent="30">
    <mem type="eden" free="0" total="37748736" percent="0" />
    <remembered-set count="3072" freebytes="5010432" totalbytes="5022720" percent="99" regionsoverflowed="0" regionsstable="18" regionsrebuilding="0"/>
  </mem-info>
</gc-start>
<allocation-stats totalBytes="37497600" >
  <allocated-bytes non-tlh="0" tlh="37497600" arrayletleaf="0"/>
  <largest-consumer threadName="main" threadId="0000000002320700" bytes="37497600" />
</allocation-stats>
<gc-op id="4172" type="copy forward" timems="1.125" contextid="4169" timestamp="2019-06-17T04:32:13.115">
  <memory-copied type="eden" objects="1" bytes="40" bytesdiscarded="0" />
  <memory-copied type="other" objects="73" bytes="3032" bytesdiscarded="0" />
  <memory-cardclean objects="63" bytes="2344" />
  <regions eden="36" other="2" />
  <remembered-set-cleared processed="133" cleared="3" durationms="0.148" />
  <stringconstants candidates="13747" cleared="0"  />
</gc-op>
<gc-op id="4173" type="classunload" timems="0.004" contextid="4169" timestamp="2019-06-17T04:32:13.115">
  <classunload-info classloadercandidates="54" classloadersunloaded="0" classesunloaded="0" anonymousclassesunloaded="0" quiescems="0.000" setupms="0.004" scanms="0.000" postms="0.000" />
</gc-op>
<heap-resize id="4174" type="expand" space="default" amount="3145728" count="1" timems="0.062" reason="excessive time being spent in gc" timestamp="2019-06-17T04:32:13.116" />
<gc-end id="4175" type="partial gc" contextid="4169" durationms="2.496" usertimems="0.000" systemtimems="0.000" timestamp="2019-06-17T04:32:13.116" activeThreads="1">
  <mem-info id="4176" free="77594624" total="128974848" percent="60">
    <mem type="eden" free="1048536" total="1048576" percent="99" />
    <remembered-set count="3520" freebytes="5134208" totalbytes="5148288" percent="99" regionsoverflowed="0" regionsstable="18" regionsrebuilding="0"/>
  </mem-info>
</gc-end>
<cycle-end id="4177" type="partial gc" contextid="4169" timestamp="2019-06-17T04:32:13.116" />
  <attribute name="elasticGC enabled" value="1" />
  <attribute name= "numThreadsSpecified" value="1" />
  <attribute name="heapSize specified" value="0" />
  <attribute name="Current GC Util" value="297" />
  <attribute name= "Current Time Running" value="62551" />
  <attribute name ="GC Interval" value="0" />
  <attribute name="ProportionalT" value="415.500000" />
  <attribute name="ProportionalI" value="415.500000" />
  <attribute name="ProportionalH" value="415.500000" />
  <attribute name="Current Error" value="277.000000" />
  <attribute name="IntegralT" value="0.000000" />
  <attribute name="IntegralI" value="0.000000" />
  <attribute name="IntegralH" value="0.000000" />
  <attribute name="DerivativeT" value="inf" />
  <attribute name="DerivativeI" value="inf" />
  <attribute name="DerivativeH" value="inf" />
  <attribute name="Loop Time for DT" value="0.000000" />
  <attribute name="Output H" value="8388608"/>
  <attribute name="Output I" value="200"/>
  <attribute name="Output T" value="1"/>
  <attribute name="Target GC Util Change" value ="20.000000" />
  <attribute name="Current GC Util Change" value="297.000000"/>
  <attribute name="GC Util currently" value="297" />
  <attribute name="CPU Util currently" value="13670573559601" />
<exclusive-end id="4178" timestamp="2019-06-17T04:32:13.116" durationms="3.530" />

<exclusive-start id="4179" timestamp="2019-06-17T04:32:13.130" intervalms="16.875">
  <response-info timems="0.070" idlems="0.070" threads="0" lastid="0000000002320700" lastname="main" />
</exclusive-start>
<allocation-taxation id="4180" taxation-threshold="38797312" timestamp="2019-06-17T04:32:13.130" intervalms="16.902" />
<cycle-start id="4181" type="partial gc" contextid="0" timestamp="2019-06-17T04:32:13.130" intervalms="16.813" />
<gc-start id="4182" type="partial gc" contextid="4181" timestamp="2019-06-17T04:32:13.130">
  <mem-info id="4183" free="38797312" total="128974848" percent="30">
    <mem type="eden" free="1048536" total="39845888" percent="2" />
    <remembered-set count="3072" freebytes="5136000" totalbytes="5148288" percent="99" regionsoverflowed="0" regionsstable="18" regionsrebuilding="0"/>
  </mem-info>
</gc-start>
<allocation-stats totalBytes="38550384" >
  <allocated-bytes non-tlh="0" tlh="38550384" arrayletleaf="0"/>
  <largest-consumer threadName="main" threadId="0000000002320700" bytes="38550384" />
</allocation-stats>
<gc-op id="4184" type="copy forward" timems="1.132" contextid="4181" timestamp="2019-06-17T04:32:13.132">
  <memory-copied type="eden" objects="2" bytes="64" bytesdiscarded="0" />
  <memory-copied type="other" objects="25" bytes="1880" bytesdiscarded="0" />
  <memory-cardclean objects="42" bytes="1704" />
  <regions eden="37" other="2" />
  <remembered-set-cleared processed="137" cleared="3" durationms="0.155" />
  <stringconstants candidates="13747" cleared="0"  />
</gc-op>
<gc-op id="4185" type="classunload" timems="0.004" contextid="4181" timestamp="2019-06-17T04:32:13.132">
  <classunload-info classloadercandidates="54" classloadersunloaded="0" classesunloaded="0" anonymousclassesunloaded="0" quiescems="0.000" setupms="0.003" scanms="0.000" postms="0.000" />
</gc-op>
<gc-end id="4186" type="partial gc" contextid="4181" durationms="2.484" usertimems="4.000" systemtimems="0.000" timestamp="2019-06-17T04:32:13.133" activeThreads="1">
  <mem-info id="4187" free="77594624" total="128974848" percent="60">
    <mem type="eden" free="1048512" total="1048576" percent="99" />
    <remembered-set count="3552" freebytes="5134080" totalbytes="5148288" percent="99" regionsoverflowed="0" regionsstable="18" regionsrebuilding="0"/>
  </mem-info>
</gc-end>
<cycle-end id="4188" type="partial gc" contextid="4181" timestamp="2019-06-17T04:32:13.133" />
  <attribute name="elasticGC enabled" value="1" />
  <attribute name= "numThreadsSpecified" value="1" />
  <attribute name="heapSize specified" value="0" />
  <attribute name="Current GC Util" value="285" />
  <attribute name= "Current Time Running" value="62568" />
  <attribute name ="GC Interval" value="0" />
  <attribute name="ProportionalT" value="397.500000" />
  <attribute name="ProportionalI" value="397.500000" />
  <attribute name="ProportionalH" value="397.500000" />
  <attribute name="Current Error" value="265.000000" />
  <attribute name="IntegralT" value="0.000000" />
  <attribute name="IntegralI" value="0.000000" />
  <attribute name="IntegralH" value="0.000000" />
  <attribute name="DerivativeT" value="inf" />
  <attribute name="DerivativeI" value="inf" />
  <attribute name="DerivativeH" value="inf" />
  <attribute name="Loop Time for DT" value="0.000000" />
  <attribute name="Output H" value="8388608"/>
  <attribute name="Output I" value="200"/>
  <attribute name="Output T" value="1"/>
  <attribute name="Target GC Util Change" value ="20.000000" />
  <attribute name="Current GC Util Change" value="285.000000"/>
  <attribute name="GC Util currently" value="285" />
  <attribute name="CPU Util currently" value="13080941616274" />
<exclusive-end id="4189" timestamp="2019-06-17T04:32:13.133" durationms="3.416" />

<exclusive-start id="4190" timestamp="2019-06-17T04:32:13.146" intervalms="16.627">
  <response-info timems="0.078" idlems="0.078" threads="0" lastid="0000000002320700" lastname="main" />
</exclusive-start>
<allocation-taxation id="4191" taxation-threshold="38797312" timestamp="2019-06-17T04:32:13.147" intervalms="16.637" />
<cycle-start id="4192" type="partial gc" contextid="0" timestamp="2019-06-17T04:32:13.147" intervalms="16.779" />
<gc-start id="4193" type="partial gc" contextid="4192" timestamp="2019-06-17T04:32:13.147">
  <mem-info id="4194" free="38797312" total="128974848" percent="30">
    <mem type="eden" free="1048512" total="39845888" percent="2" />
    <remembered-set count="3104" freebytes="5135872" totalbytes="5148288" percent="99" regionsoverflowed="0" regionsstable="18" regionsrebuilding="0"/>
  </mem-info>
</gc-start>
<allocation-stats totalBytes="38554104" >
  <allocated-bytes non-tlh="0" tlh="38554104" arrayletleaf="0"/>
  <largest-consumer threadName="main" threadId="0000000002320700" bytes="38554104" />
</allocation-stats>
<gc-op id="4195" type="copy forward" timems="3.317" contextid="4192" timestamp="2019-06-17T04:32:13.151">
  <memory-copied type="eden" objects="2" bytes="64" bytesdiscarded="0" />
  <memory-copied type="other" objects="25" bytes="1880" bytesdiscarded="1824" />
  <memory-cardclean objects="42" bytes="1704" />
  <regions eden="37" other="2" />
  <remembered-set-cleared processed="137" cleared="3" durationms="0.104" />
  <stringconstants candidates="13747" cleared="0"  />
</gc-op>
<gc-op id="4196" type="classunload" timems="0.004" contextid="4192" timestamp="2019-06-17T04:32:13.151">
  <classunload-info classloadercandidates="54" classloadersunloaded="0" classesunloaded="0" anonymousclassesunloaded="0" quiescems="0.000" setupms="0.004" scanms="0.000" postms="0.000" />
</gc-op>
<gc-end id="4197" type="partial gc" contextid="4192" durationms="4.462" usertimems="8.000" systemtimems="0.000" timestamp="2019-06-17T04:32:13.151" activeThreads="4">
  <mem-info id="4198" free="77594624" total="128974848" percent="60">
    <mem type="eden" free="1048512" total="1048576" percent="99" />
    <remembered-set count="3168" freebytes="5135616" totalbytes="5148288" percent="99" regionsoverflowed="0" regionsstable="18" regionsrebuilding="0"/>
  </mem-info>
</gc-end>
<cycle-end id="4199" type="partial gc" contextid="4192" timestamp="2019-06-17T04:32:13.152" />
  <attribute name="elasticGC enabled" value="1" />
  <attribute name= "numThreadsSpecified" value="4" />
  <attribute name="heapSize specified" value="0" />
  <attribute name="Current GC Util" value="270" />
  <attribute name= "Current Time Running" value="62585" />
  <attribute name ="GC Interval" value="0" />
  <attribute name="ProportionalT" value="375.000000" />
  <attribute name="ProportionalI" value="375.000000" />
  <attribute name="ProportionalH" value="375.000000" />
  <attribute name="Current Error" value="250.000000" />
  <attribute name="IntegralT" value="250.000000" />
  <attribute name="IntegralI" value="250.000000" />
  <attribute name="IntegralH" value="250.000000" />
  <attribute name="DerivativeT" value="375.000000" />
  <attribute name="DerivativeI" value="375.000000" />
  <attribute name="DerivativeH" value="375.000000" />
  <attribute name="Loop Time for DT" value="1.000000" />
  <attribute name="Output H" value="8388608"/>
  <attribute name="Output I" value="1000"/>
  <attribute name="Output T" value="4"/>
  <attribute name="Target GC Util Change" value ="20.000000" />
  <attribute name="Current GC Util Change" value="270.000000"/>
  <attribute name="GC Util currently" value="270" />
  <attribute name="CPU Util currently" value="13723172871822" />
<exclusive-end id="4200" timestamp="2019-06-17T04:32:13.152" durationms="5.545" />

<exclusive-start id="4201" timestamp="2019-06-17T04:32:13.165" intervalms="18.998">
  <response-info timems="0.083" idlems="0.083" threads="0" lastid="0000000002320700" lastname="main" />
</exclusive-start>
<allocation-taxation id="4202" taxation-threshold="38797312" timestamp="2019-06-17T04:32:13.165" intervalms="18.992" />
<cycle-start id="4203" type="partial gc" contextid="0" timestamp="2019-06-17T04:32:13.166" intervalms="18.991" />
<gc-start id="4204" type="partial gc" contextid="4203" timestamp="2019-06-17T04:32:13.166">
  <mem-info id="4205" free="38797312" total="128974848" percent="30">
    <mem type="eden" free="1048512" total="39845888" percent="2" />
    <remembered-set count="3168" freebytes="5135616" totalbytes="5148288" percent="99" regionsoverflowed="0" regionsstable="18" regionsrebuilding="0"/>
  </mem-info>
</gc-start>
<allocation-stats totalBytes="38554128" >
  <allocated-bytes non-tlh="0" tlh="38554128" arrayletleaf="0"/>
  <largest-consumer threadName="main" threadId="0000000002320700" bytes="38554128" />
</allocation-stats>
<gc-op id="4206" type="copy forward" timems="3.172" contextid="4203" timestamp="2019-06-17T04:32:13.170">
  <memory-copied type="eden" objects="2" bytes="64" bytesdiscarded="0" />
  <memory-copied type="other" objects="25" bytes="1880" bytesdiscarded="1824" />
  <memory-cardclean objects="42" bytes="1704" />
  <regions eden="37" other="2" />
  <remembered-set-cleared processed="137" cleared="3" durationms="0.101" />
  <stringconstants candidates="13747" cleared="0"  />
</gc-op>
<gc-op id="4207" type="classunload" timems="0.004" contextid="4203" timestamp="2019-06-17T04:32:13.170">
  <classunload-info classloadercandidates="54" classloadersunloaded="0" classesunloaded="0" anonymousclassesunloaded="0" quiescems="0.000" setupms="0.003" scanms="0.000" postms="0.000" />
</gc-op>
<gc-end id="4208" type="partial gc" contextid="4203" durationms="4.331" usertimems="8.000" systemtimems="0.000" timestamp="2019-06-17T04:32:13.170" activeThreads="4">
  <mem-info id="4209" free="77594624" total="128974848" percent="60">
    <mem type="eden" free="1048512" total="1048576" percent="99" />
    <remembered-set count="3168" freebytes="5135616" totalbytes="5148288" percent="99" regionsoverflowed="0" regionsstable="18" regionsrebuilding="0"/>
  </mem-info>
</gc-end>
<cycle-end id="4210" type="partial gc" contextid="4203" timestamp="2019-06-17T04:32:13.170" />
  <attribute name="elasticGC enabled" value="1" />
  <attribute name= "numThreadsSpecified" value="4" />
  <attribute name="heapSize specified" value="0" />
  <attribute name="Current GC Util" value="196" />
  <attribute name= "Current Time Running" value="62604" />
  <attribute name ="GC Interval" value="0" />
  <attribute name="ProportionalT" value="264.000000" />
  <attribute name="ProportionalI" value="264.000000" />
  <attribute name="ProportionalH" value="264.000000" />
  <attribute name="Current Error" value="176.000000" />
  <attribute name="IntegralT" value="176.000000" />
  <attribute name="IntegralI" value="176.000000" />
  <attribute name="IntegralH" value="176.000000" />
  <attribute name="DerivativeT" value="225.000000" />
  <attribute name="DerivativeI" value="225.000000" />
  <attribute name="DerivativeH" value="225.000000" />
  <attribute name="Loop Time for DT" value="1.000000" />
  <attribute name="Output H" value="8388608"/>
  <attribute name="Output I" value="672"/>
  <attribute name="Output T" value="4"/>
  <attribute name="Target GC Util Change" value ="20.000000" />
  <attribute name="Current GC Util Change" value="196.000000"/>
  <attribute name="GC Util currently" value="196" />
  <attribute name="CPU Util currently" value="13693101516127" />
<exclusive-end id="4211" timestamp="2019-06-17T04:32:13.171" durationms="5.356" />

<exclusive-start id="4212" timestamp="2019-06-17T04:32:13.184" intervalms="18.698">
  <response-info timems="0.076" idlems="0.076" threads="0" lastid="0000000002320700" lastname="main" />
</exclusive-start>
<allocation-taxation id="4213" taxation-threshold="38797312" timestamp="2019-06-17T04:32:13.184" intervalms="18.701" />
<cycle-start id="4214" type="partial gc" contextid="0" timestamp="2019-06-17T04:32:13.184" intervalms="18.644" />
<gc-start id="4215" type="partial gc" contextid="4214" timestamp="2019-06-17T04:32:13.185">
  <mem-info id="4216" free="38797312" total="128974848" percent="30">
    <mem type="eden" free="1048512" total="39845888" percent="2" />
    <remembered-set count="3168" freebytes="5135616" totalbytes="5148288" percent="99" regionsoverflowed="0" regionsstable="18" regionsrebuilding="0"/>
  </mem-info>
</gc-start>
<allocation-stats totalBytes="38554128" >
  <allocated-bytes non-tlh="0" tlh="38554128" arrayletleaf="0"/>
  <largest-consumer threadName="main" threadId="0000000002320700" bytes="38554128" />
</allocation-stats>
<gc-op id="4217" type="copy forward" timems="1.105" contextid="4214" timestamp="2019-06-17T04:32:13.187">
  <memory-copied type="eden" objects="2" bytes="64" bytesdiscarded="0" />
  <memory-copied type="other" objects="25" bytes="1880" bytesdiscarded="0" />
  <memory-cardclean objects="42" bytes="1704" />
  <regions eden="37" other="2" />
  <remembered-set-cleared processed="137" cleared="3" durationms="0.150" />
  <stringconstants candidates="13747" cleared="0"  />
</gc-op>
<gc-op id="4218" type="classunload" timems="0.003" contextid="4214" timestamp="2019-06-17T04:32:13.187">
  <classunload-info classloadercandidates="54" classloadersunloaded="0" classesunloaded="0" anonymousclassesunloaded="0" quiescems="0.000" setupms="0.003" scanms="0.000" postms="0.000" />
</gc-op>
<gc-end id="4219" type="partial gc" contextid="4214" durationms="2.255" usertimems="4.000" systemtimems="0.000" timestamp="2019-06-17T04:32:13.187" activeThreads="1">
  <mem-info id="4220" free="77594624" total="128974848" percent="60">
    <mem type="eden" free="1048512" total="1048576" percent="99" />
    <remembered-set count="3456" freebytes="5134464" totalbytes="5148288" percent="99" regionsoverflowed="0" regionsstable="18" regionsrebuilding="0"/>
  </mem-info>
</gc-end>
<cycle-end id="4221" type="partial gc" contextid="4214" timestamp="2019-06-17T04:32:13.187" />
  <attribute name="elasticGC enabled" value="1" />
  <attribute name= "numThreadsSpecified" value="1" />
  <attribute name="heapSize specified" value="0" />
  <attribute name="Current GC Util" value="149" />
  <attribute name= "Current Time Running" value="62622" />
  <attribute name ="GC Interval" value="0" />
  <attribute name="ProportionalT" value="193.500000" />
  <attribute name="ProportionalI" value="193.500000" />
  <attribute name="ProportionalH" value="193.500000" />
  <attribute name="Current Error" value="129.000000" />
  <attribute name="IntegralT" value="0.000000" />
  <attribute name="IntegralI" value="0.000000" />
  <attribute name="IntegralH" value="0.000000" />
  <attribute name="DerivativeT" value="inf" />
  <attribute name="DerivativeI" value="inf" />
  <attribute name="DerivativeH" value="inf" />
  <attribute name="Loop Time for DT" value="0.000000" />
  <attribute name="Output H" value="8388608"/>
  <attribute name="Output I" value="200"/>
  <attribute name="Output T" value="1"/>
  <attribute name="Target GC Util Change" value ="20.000000" />
  <attribute name="Current GC Util Change" value="149.000000"/>
  <attribute name="GC Util currently" value="149" />
  <attribute name="CPU Util currently" value="13695419402655" />
<exclusive-end id="4222" timestamp="2019-06-17T04:32:13.187" durationms="3.233" />

<exclusive-start id="4223" timestamp="2019-06-17T04:32:13.201" intervalms="16.532">
  <response-info timems="0.116" idlems="0.116" threads="0" lastid="0000000002320700" lastname="main" />
</exclusive-start>
<allocation-taxation id="4224" taxation-threshold="38797312" timestamp="2019-06-17T04:32:13.201" intervalms="16.559" />
<cycle-start id="4225" type="partial gc" contextid="0" timestamp="2019-06-17T04:32:13.201" intervalms="16.545" />
<gc-start id="4226" type="partial gc" contextid="4225" timestamp="2019-06-17T04:32:13.201">
  <mem-info id="4227" free="38797312" total="128974848" percent="30">
    <mem type="eden" free="1048512" total="39845888" percent="2" />
    <remembered-set count="3008" freebytes="5136256" totalbytes="5148288" percent="99" regionsoverflowed="0" regionsstable="18" regionsrebuilding="0"/>
  </mem-info>
</gc-start>
<allocation-stats totalBytes="38554104" >
  <allocated-bytes non-tlh="0" tlh="38554104" arrayletleaf="0"/>
  <largest-consumer threadName="main" threadId="0000000002320700" bytes="38554104" />
</allocation-stats>
<gc-op id="4228" type="copy forward" timems="1.107" contextid="4225" timestamp="2019-06-17T04:32:13.203">
  <memory-copied type="eden" objects="2" bytes="64" bytesdiscarded="0" />
  <memory-copied type="other" objects="25" bytes="1880" bytesdiscarded="0" />
  <memory-cardclean objects="42" bytes="1704" />
  <regions eden="37" other="2" />
  <remembered-set-cleared processed="137" cleared="3" durationms="0.151" />
  <stringconstants candidates="13747" cleared="0"  />
</gc-op>
<gc-op id="4229" type="classunload" timems="0.004" contextid="4225" timestamp="2019-06-17T04:32:13.203">
  <classunload-info classloadercandidates="54" classloadersunloaded="0" classesunloaded="0" anonymousclassesunloaded="0" quiescems="0.000" setupms="0.004" scanms="0.000" postms="0.000" />
</gc-op>
<gc-end id="4230" type="partial gc" contextid="4225" durationms="2.280" usertimems="4.000" systemtimems="0.000" timestamp="2019-06-17T04:32:13.203" activeThreads="1">
  <mem-info id="4231" free="77594624" total="128974848" percent="60">
    <mem type="eden" free="1048512" total="1048576" percent="99" />
    <remembered-set count="3488" freebytes="5134336" totalbytes="5148288" percent="99" regionsoverflowed="0" regionsstable="18" regionsrebuilding="0"/>
  </mem-info>
</gc-end>
<cycle-end id="4232" type="partial gc" contextid="4225" timestamp="2019-06-17T04:32:13.204" />
  <attribute name="elasticGC enabled" value="1" />
  <attribute name= "numThreadsSpecified" value="1" />
  <attribute name="heapSize specified" value="0" />
  <attribute name="Current GC Util" value="291" />
  <attribute name= "Current Time Running" value="62639" />
  <attribute name ="GC Interval" value="0" />
  <attribute name="ProportionalT" value="406.500000" />
  <attribute name="ProportionalI" value="406.500000" />
  <attribute name="ProportionalH" value="406.500000" />
  <attribute name="Current Error" value="271.000000" />
  <attribute name="IntegralT" value="0.000000" />
  <attribute name="IntegralI" value="0.000000" />
  <attribute name="IntegralH" value="0.000000" />
  <attribute name="DerivativeT" value="inf" />
  <attribute name="DerivativeI" value="inf" />
  <attribute name="DerivativeH" value="inf" />
  <attribute name="Loop Time for DT" value="0.000000" />
  <attribute name="Output H" value="8388608"/>
  <attribute name="Output I" value="200"/>
  <attribute name="Output T" value="1"/>
  <attribute name="Target GC Util Change" value ="20.000000" />
  <attribute name="Current GC Util Change" value="291.000000"/>
  <attribute name="GC Util currently" value="291" />
  <attribute name="CPU Util currently" value="13698592519990" />
<exclusive-end id="4233" timestamp="2019-06-17T04:32:13.204" durationms="3.311" />

<exclusive-start id="4234" timestamp="2019-06-17T04:32:13.217" intervalms="16.533">
  <response-info timems="0.084" idlems="0.084" threads="0" lastid="0000000002320700" lastname="main" />
</exclusive-start>
<allocation-taxation id="4235" taxation-threshold="38797312" timestamp="2019-06-17T04:32:13.217" intervalms="16.509" />
<cycle-start id="4236" type="partial gc" contextid="0" timestamp="2019-06-17T04:32:13.217" intervalms="16.561" />
<gc-start id="4237" type="partial gc" contextid="4236" timestamp="2019-06-17T04:32:13.218">
  <mem-info id="4238" free="38797312" total="128974848" percent="30">
    <mem type="eden" free="1048512" total="39845888" percent="2" />
    <remembered-set count="3040" freebytes="5136128" totalbytes="5148288" percent="99" regionsoverflowed="0" regionsstable="18" regionsrebuilding="0"/>
  </mem-info>
</gc-start>
<allocation-stats totalBytes="38554128" >
  <allocated-bytes non-tlh="0" tlh="38554128" arrayletleaf="0"/>
  <largest-consumer threadName="main" threadId="0000000002320700" bytes="38554128" />
</allocation-stats>
<gc-op id="4239" type="copy forward" timems="2.366" contextid="4236" timestamp="2019-06-17T04:32:13.221">
  <memory-copied type="eden" objects="2" bytes="64" bytesdiscarded="0" />
  <memory-copied type="other" objects="25" bytes="1880" bytesdiscarded="1056" />
  <memory-cardclean objects="42" bytes="1704" />
  <regions eden="37" other="2" />
  <remembered-set-cleared processed="137" cleared="3" durationms="0.100" />
  <stringconstants candidates="13747" cleared="0"  />
</gc-op>
<gc-op id="4240" type="classunload" timems="0.004" contextid="4236" timestamp="2019-06-17T04:32:13.221">
  <classunload-info classloadercandidates="54" classloadersunloaded="0" classesunloaded="0" anonymousclassesunloaded="0" quiescems="0.000" setupms="0.004" scanms="0.000" postms="0.000" />
</gc-op>
<gc-end id="4241" type="partial gc" contextid="4236" durationms="3.515" usertimems="8.000" systemtimems="0.000" timestamp="2019-06-17T04:32:13.221" activeThreads="4">
  <mem-info id="4242" free="77594624" total="128974848" percent="60">
    <mem type="eden" free="1048512" total="1048576" percent="99" />
    <remembered-set count="3168" freebytes="5135616" totalbytes="5148288" percent="99" regionsoverflowed="0" regionsstable="18" regionsrebuilding="0"/>
  </mem-info>
</gc-end>
<cycle-end id="4243" type="partial gc" contextid="4236" timestamp="2019-06-17T04:32:13.221" />
  <attribute name="elasticGC enabled" value="1" />
  <attribute name= "numThreadsSpecified" value="4" />
  <attribute name="heapSize specified" value="0" />
  <attribute name="Current GC Util" value="281" />
  <attribute name= "Current Time Running" value="62656" />
  <attribute name ="GC Interval" value="0" />
  <attribute name="ProportionalT" value="391.500000" />
  <attribute name="ProportionalI" value="391.500000" />
  <attribute name="ProportionalH" value="391.500000" />
  <attribute name="Current Error" value="261.000000" />
  <attribute name="IntegralT" value="261.000000" />
  <attribute name="IntegralI" value="261.000000" />
  <attribute name="IntegralH" value="261.000000" />
  <attribute name="DerivativeT" value="391.500000" />
  <attribute name="DerivativeI" value="391.500000" />
  <attribute name="DerivativeH" value="391.500000" />
  <attribute name="Loop Time for DT" value="1.000000" />
  <attribute name="Output H" value="8388608"/>
  <attribute name="Output I" value="1048"/>
  <attribute name="Output T" value="4"/>
  <attribute name="Target GC Util Change" value ="20.000000" />
  <attribute name="Current GC Util Change" value="281.000000"/>
  <attribute name="GC Util currently" value="281" />
  <attribute name="CPU Util currently" value="13515088185670" />
<exclusive-end id="4244" timestamp="2019-06-17T04:32:13.222" durationms="4.512" />

<exclusive-start id="4245" timestamp="2019-06-17T04:32:13.235" intervalms="17.892">
  <response-info timems="0.084" idlems="0.084" threads="0" lastid="0000000002320700" lastname="main" />
</exclusive-start>
<allocation-taxation id="4246" taxation-threshold="38797312" timestamp="2019-06-17T04:32:13.235" intervalms="17.909" />
<cycle-start id="4247" type="partial gc" contextid="0" timestamp="2019-06-17T04:32:13.235" intervalms="17.907" />
<gc-start id="4248" type="partial gc" contextid="4247" timestamp="2019-06-17T04:32:13.236">
  <mem-info id="4249" free="38797312" total="128974848" percent="30">
    <mem type="eden" free="1048512" total="39845888" percent="2" />
    <remembered-set count="3168" freebytes="5135616" totalbytes="5148288" percent="99" regionsoverflowed="0" regionsstable="18" regionsrebuilding="0"/>
  </mem-info>
</gc-start>
<allocation-stats totalBytes="38554104" >
  <allocated-bytes non-tlh="0" tlh="38554104" arrayletleaf="0"/>
  <largest-consumer threadName="main" threadId="0000000002320700" bytes="38554104" />
</allocation-stats>
<gc-op id="4250" type="copy forward" timems="1.222" contextid="4247" timestamp="2019-06-17T04:32:13.238">
  <memory-copied type="eden" objects="2" bytes="64" bytesdiscarded="0" />
  <memory-copied type="other" objects="25" bytes="1880" bytesdiscarded="0" />
  <memory-cardclean objects="42" bytes="1704" />
  <regions eden="37" other="2" />
  <remembered-set-cleared processed="137" cleared="3" durationms="0.155" />
  <stringconstants candidates="13747" cleared="0"  />
</gc-op>
<gc-op id="4251" type="classunload" timems="0.004" contextid="4247" timestamp="2019-06-17T04:32:13.238">
  <classunload-info classloadercandidates="54" classloadersunloaded="0" classesunloaded="0" anonymousclassesunloaded="0" quiescems="0.000" setupms="0.004" scanms="0.000" postms="0.000" />
</gc-op>
<gc-end id="4252" type="partial gc" contextid="4247" durationms="2.468" usertimems="4.000" systemtimems="0.000" timestamp="2019-06-17T04:32:13.238" activeThreads="1">
  <mem-info id="4253" free="77594624" total="128974848" percent="60">
    <mem type="eden" free="1048512" total="1048576" percent="99" />
    <remembered-set count="3552" freebytes="5134080" totalbytes="5148288" percent="99" regionsoverflowed="0" regionsstable="18" regionsrebuilding="0"/>
  </mem-info>
</gc-end>
<cycle-end id="4254" type="partial gc" contextid="4247" timestamp="2019-06-17T04:32:13.238" />
  <attribute name="elasticGC enabled" value="1" />
  <attribute name= "numThreadsSpecified" value="1" />
  <attribute name="heapSize specified" value="0" />
  <attribute name="Current GC Util" value="65" />
  <attribute name= "Current Time Running" value="62673" />
  <attribute name ="GC Interval" value="0" />
  <attribute name="ProportionalT" value="67.500000" />
  <attribute name="ProportionalI" value="67.500000" />
  <attribute name="ProportionalH" value="67.500000" />
  <attribute name="Current Error" value="45.000000" />
  <attribute name="IntegralT" value="0.000000" />
  <attribute name="IntegralI" value="0.000000" />
  <attribute name="IntegralH" value="0.000000" />
  <attribute name="DerivativeT" value="inf" />
  <attribute name="DerivativeI" value="inf" />
  <attribute name="DerivativeH" value="inf" />
  <attribute name="Loop Time for DT" value="0.000000" />
  <attribute name="Output H" value="8388608"/>
  <attribute name="Output I" value="200"/>
  <attribute name="Output T" value="1"/>
  <attribute name="Target GC Util Change" value ="20.000000" />
  <attribute name="Current GC Util Change" value="65.000000"/>
  <attribute name="GC Util currently" value="65" />
  <attribute name="CPU Util currently" value="19348946543423" />
<exclusive-end id="4255" timestamp="2019-06-17T04:32:13.239" durationms="3.589" />

<exclusive-start id="4256" timestamp="2019-06-17T04:32:13.252" intervalms="16.908">
  <response-info timems="0.081" idlems="0.081" threads="0" lastid="0000000002320700" lastname="main" />
</exclusive-start>
<allocation-taxation id="4257" taxation-threshold="38797312" timestamp="2019-06-17T04:32:13.252" intervalms="16.917" />
<cycle-start id="4258" type="partial gc" contextid="0" timestamp="2019-06-17T04:32:13.252" intervalms="16.948" />
<gc-start id="4259" type="partial gc" contextid="4258" timestamp="2019-06-17T04:32:13.253">
  <mem-info id="4260" free="38797312" total="128974848" percent="30">
    <mem type="eden" free="1048512" total="39845888" percent="2" />
    <remembered-set count="3104" freebytes="5135872" totalbytes="5148288" percent="99" regionsoverflowed="0" regionsstable="18" regionsrebuilding="0"/>
  </mem-info>
</gc-start>
<allocation-stats totalBytes="38554128" >
  <allocated-bytes non-tlh="0" tlh="38554128" arrayletleaf="0"/>
  <largest-consumer threadName="main" threadId="0000000002320700" bytes="38554128" />
</allocation-stats>
<gc-op id="4261" type="copy forward" timems="3.109" contextid="4258" timestamp="2019-06-17T04:32:13.257">
  <memory-copied type="eden" objects="2" bytes="64" bytesdiscarded="0" />
  <memory-copied type="other" objects="25" bytes="1880" bytesdiscarded="1056" />
  <memory-cardclean objects="42" bytes="1704" />
  <regions eden="37" other="2" />
  <remembered-set-cleared processed="137" cleared="3" durationms="0.103" />
  <stringconstants candidates="13747" cleared="0"  />
</gc-op>
<gc-op id="4262" type="classunload" timems="0.003" contextid="4258" timestamp="2019-06-17T04:32:13.257">
  <classunload-info classloadercandidates="54" classloadersunloaded="0" classesunloaded="0" anonymousclassesunloaded="0" quiescems="0.000" setupms="0.003" scanms="0.000" postms="0.000" />
</gc-op>
<gc-end id="4263" type="partial gc" contextid="4258" durationms="4.306" usertimems="12.000" systemtimems="0.000" timestamp="2019-06-17T04:32:13.257" activeThreads="4">
  <mem-info id="4264" free="77594624" total="128974848" percent="60">
    <mem type="eden" free="1048512" total="1048576" percent="99" />
    <remembered-set count="3168" freebytes="5135616" totalbytes="5148288" percent="99" regionsoverflowed="0" regionsstable="18" regionsrebuilding="0"/>
  </mem-info>
</gc-end>
<cycle-end id="4265" type="partial gc" contextid="4258" timestamp="2019-06-17T04:32:13.257" />
  <attribute name="elasticGC enabled" value="1" />
  <attribute name= "numThreadsSpecified" value="4" />
  <attribute name="heapSize specified" value="0" />
  <attribute name="Current GC Util" value="263" />
  <attribute name= "Current Time Running" value="62691" />
  <attribute name ="GC Interval" value="0" />
  <attribute name="ProportionalT" value="364.500000" />
  <attribute name="ProportionalI" value="364.500000" />
  <attribute name="ProportionalH" value="364.500000" />
  <attribute name="Current Error" value="243.000000" />
  <attribute name="IntegralT" value="243.000000" />
  <attribute name="IntegralI" value="243.000000" />
  <attribute name="IntegralH" value="243.000000" />
  <attribute name="DerivativeT" value="364.500000" />
  <attribute name="DerivativeI" value="364.500000" />
  <attribute name="DerivativeH" value="364.500000" />
  <attribute name="Loop Time for DT" value="1.000000" />
  <attribute name="Output H" value="8388608"/>
  <attribute name="Output I" value="976"/>
  <attribute name="Output T" value="4"/>
  <attribute name="Target GC Util Change" value ="20.000000" />
  <attribute name="Current GC Util Change" value="263.000000"/>
  <attribute name="GC Util currently" value="263" />
  <attribute name="CPU Util currently" value="13348363226182" />
<exclusive-end id="4266" timestamp="2019-06-17T04:32:13.257" durationms="5.421" />

<exclusive-start id="4267" timestamp="2019-06-17T04:32:13.303" intervalms="50.648">
  <response-info timems="0.083" idlems="0.083" threads="0" lastid="0000000002320700" lastname="main" />
</exclusive-start>
<allocation-taxation id="4268" taxation-threshold="38797312" timestamp="2019-06-17T04:32:13.303" intervalms="50.651" />
<cycle-start id="4269" type="partial gc" contextid="0" timestamp="2019-06-17T04:32:13.303" intervalms="50.613" />
<gc-start id="4270" type="partial gc" contextid="4269" timestamp="2019-06-17T04:32:13.303">
  <mem-info id="4271" free="38797312" total="128974848" percent="30">
    <mem type="eden" free="1048512" total="39845888" percent="2" />
    <remembered-set count="3168" freebytes="5135616" totalbytes="5148288" percent="99" regionsoverflowed="0" regionsstable="18" regionsrebuilding="0"/>
  </mem-info>
</gc-start>
<allocation-stats totalBytes="38787512" >
  <allocated-bytes non-tlh="0" tlh="38787512" arrayletleaf="0"/>
  <largest-consumer threadName="main" threadId="0000000002320700" bytes="38787512" />
</allocation-stats>
<gc-op id="4272" type="copy forward" timems="1.233" contextid="4269" timestamp="2019-06-17T04:32:13.305">
  <memory-copied type="eden" objects="163" bytes="5376" bytesdiscarded="0" />
  <memory-copied type="other" objects="6" bytes="144" bytesdiscarded="0" />
  <memory-cardclean objects="76" bytes="2712" />
  <regions eden="37" other="2" />
  <remembered-set-cleared processed="137" cleared="10" durationms="0.162" />
  <stringconstants candidates="13747" cleared="0"  />
</gc-op>
<gc-op id="4273" type="classunload" timems="0.004" contextid="4269" timestamp="2019-06-17T04:32:13.306">
  <classunload-info classloadercandidates="54" classloadersunloaded="0" classesunloaded="0" anonymousclassesunloaded="0" quiescems="0.000" setupms="0.004" scanms="0.000" postms="0.000" />
</gc-op>
<gc-end id="4274" type="partial gc" contextid="4269" durationms="2.536" usertimems="4.000" systemtimems="0.000" timestamp="2019-06-17T04:32:13.306" activeThreads="1">
  <mem-info id="4275" free="77594624" total="128974848" percent="60">
    <mem type="eden" free="1043200" total="1048576" percent="99" />
    <remembered-set count="3488" freebytes="5134336" totalbytes="5148288" percent="99" regionsoverflowed="0" regionsstable="18" regionsrebuilding="0"/>
  </mem-info>
</gc-end>
<cycle-end id="4276" type="partial gc" contextid="4269" timestamp="2019-06-17T04:32:13.306" />
  <attribute name="elasticGC enabled" value="1" />
  <attribute name= "numThreadsSpecified" value="1" />
  <attribute name="heapSize specified" value="0" />
  <attribute name="Current GC Util" value="158" />
  <attribute name= "Current Time Running" value="62741" />
  <attribute name ="GC Interval" value="0" />
  <attribute name="ProportionalT" value="207.000000" />
  <attribute name="ProportionalI" value="207.000000" />
  <attribute name="ProportionalH" value="207.000000" />
  <attribute name="Current Error" value="138.000000" />
  <attribute name="IntegralT" value="0.000000" />
  <attribute name="IntegralI" value="0.000000" />
  <attribute name="IntegralH" value="0.000000" />
  <attribute name="DerivativeT" value="inf" />
  <attribute name="DerivativeI" value="inf" />
  <attribute name="DerivativeH" value="inf" />
  <attribute name="Loop Time for DT" value="0.000000" />
  <attribute name="Output H" value="8388608"/>
  <attribute name="Output I" value="200"/>
  <attribute name="Output T" value="1"/>
  <attribute name="Target GC Util Change" value ="20.000000" />
  <attribute name="Current GC Util Change" value="158.000000"/>
  <attribute name="GC Util currently" value="158" />
  <attribute name="CPU Util currently" value="13029238578752" />
<exclusive-end id="4277" timestamp="2019-06-17T04:32:13.306" durationms="3.749" />

<exclusive-start id="4278" timestamp="2019-06-17T04:32:13.377" intervalms="74.028">
  <response-info timems="0.192" idlems="0.192" threads="0" lastid="0000000002320700" lastname="main" />
</exclusive-start>
<allocation-taxation id="4279" taxation-threshold="38797312" timestamp="2019-06-17T04:32:13.377" intervalms="74.073" />
<cycle-start id="4280" type="partial gc" contextid="0" timestamp="2019-06-17T04:32:13.377" intervalms="74.101" />
<gc-start id="4281" type="partial gc" contextid="4280" timestamp="2019-06-17T04:32:13.377">
  <mem-info id="4282" free="38797312" total="128974848" percent="30">
    <mem type="eden" free="0" total="38797312" percent="0" />
    <remembered-set count="3136" freebytes="5135744" totalbytes="5148288" percent="99" regionsoverflowed="0" regionsstable="18" regionsrebuilding="0"/>
  </mem-info>
</gc-start>
<allocation-stats totalBytes="38791896" >
  <allocated-bytes non-tlh="0" tlh="38791896" arrayletleaf="0"/>
  <largest-consumer threadName="main" threadId="0000000002320700" bytes="38791896" />
</allocation-stats>
<gc-op id="4283" type="copy forward" timems="1.313" contextid="4280" timestamp="2019-06-17T04:32:13.380">
  <memory-copied type="eden" objects="234" bytes="7624" bytesdiscarded="0" />
  <memory-copied type="other" objects="12" bytes="288" bytesdiscarded="0" />
  <memory-cardclean objects="108" bytes="12520" />
  <regions eden="37" other="2" />
  <remembered-set-cleared processed="136" cleared="13" durationms="0.155" />
  <references type="weak" candidates="37" cleared="0" enqueued="0" />
  <stringconstants candidates="13747" cleared="0"  />
</gc-op>
<gc-op id="4284" type="classunload" timems="0.004" contextid="4280" timestamp="2019-06-17T04:32:13.380">
  <classunload-info classloadercandidates="54" classloadersunloaded="0" classesunloaded="0" anonymousclassesunloaded="0" quiescems="0.000" setupms="0.004" scanms="0.000" postms="0.000" />
</gc-op>
<gc-end id="4285" type="partial gc" contextid="4280" durationms="2.656" usertimems="0.000" systemtimems="0.000" timestamp="2019-06-17T04:32:13.380" activeThreads="1">
  <mem-info id="4286" free="76546048" total="128974848" percent="59">
    <mem type="eden" free="1040904" total="1048576" percent="99" />
    <remembered-set count="3520" freebytes="5134208" totalbytes="5148288" percent="99" regionsoverflowed="0" regionsstable="18" regionsrebuilding="0"/>
  </mem-info>
</gc-end>
<cycle-end id="4287" type="partial gc" contextid="4280" timestamp="2019-06-17T04:32:13.380" />
  <attribute name="elasticGC enabled" value="1" />
  <attribute name= "numThreadsSpecified" value="1" />
  <attribute name="heapSize specified" value="0" />
  <attribute name="Current GC Util" value="255" />
  <attribute name= "Current Time Running" value="62815" />
  <attribute name ="GC Interval" value="0" />
  <attribute name="ProportionalT" value="352.500000" />
  <attribute name="ProportionalI" value="352.500000" />
  <attribute name="ProportionalH" value="352.500000" />
  <attribute name="Current Error" value="235.000000" />
  <attribute name="IntegralT" value="0.000000" />
  <attribute name="IntegralI" value="0.000000" />
  <attribute name="IntegralH" value="0.000000" />
  <attribute name="DerivativeT" value="inf" />
  <attribute name="DerivativeI" value="inf" />
  <attribute name="DerivativeH" value="inf" />
  <attribute name="Loop Time for DT" value="0.000000" />
  <attribute name="Output H" value="8388608"/>
  <attribute name="Output I" value="200"/>
  <attribute name="Output T" value="1"/>
  <attribute name="Target GC Util Change" value ="20.000000" />
  <attribute name="Current GC Util Change" value="255.000000"/>
  <attribute name="GC Util currently" value="255" />
  <attribute name="CPU Util currently" value="11528062107869" />
<exclusive-end id="4288" timestamp="2019-06-17T04:32:13.381" durationms="3.981" />

<exclusive-start id="4289" timestamp="2019-06-17T04:32:13.447" intervalms="70.487">
  <response-info timems="0.115" idlems="0.115" threads="0" lastid="0000000002320700" lastname="main" />
</exclusive-start>
<allocation-taxation id="4290" taxation-threshold="38797312" timestamp="2019-06-17T04:32:13.447" intervalms="70.454" />
<cycle-start id="4291" type="partial gc" contextid="0" timestamp="2019-06-17T04:32:13.447" intervalms="70.458" />
<gc-start id="4292" type="partial gc" contextid="4291" timestamp="2019-06-17T04:32:13.448">
  <mem-info id="4293" free="37748736" total="128974848" percent="29">
    <mem type="eden" free="0" total="38797312" percent="0" />
    <remembered-set count="3200" freebytes="5135488" totalbytes="5148288" percent="99" regionsoverflowed="0" regionsstable="18" regionsrebuilding="0"/>
  </mem-info>
</gc-start>
<allocation-stats totalBytes="38792136" >
  <allocated-bytes non-tlh="0" tlh="38792136" arrayletleaf="0"/>
  <largest-consumer threadName="main" threadId="0000000002320700" bytes="38792136" />
</allocation-stats>
<gc-op id="4294" type="copy forward" timems="3.158" contextid="4291" timestamp="2019-06-17T04:32:13.452">
  <memory-copied type="eden" objects="22" bytes="744" bytesdiscarded="1440" />
  <memory-copied type="other" objects="108" bytes="3648" bytesdiscarded="1408" />
  <memory-cardclean objects="100" bytes="11672" />
  <regions eden="37" other="2" />
  <remembered-set-cleared processed="137" cleared="10" durationms="0.112" />
  <references type="weak" candidates="37" cleared="0" enqueued="0" />
  <stringconstants candidates="13747" cleared="0"  />
</gc-op>
<gc-op id="4295" type="classunload" timems="0.004" contextid="4291" timestamp="2019-06-17T04:32:13.452">
  <classunload-info classloadercandidates="54" classloadersunloaded="0" classesunloaded="0" anonymousclassesunloaded="0" quiescems="0.000" setupms="0.004" scanms="0.000" postms="0.000" />
</gc-op>
<gc-end id="4296" type="partial gc" contextid="4291" durationms="4.434" usertimems="8.000" systemtimems="0.000" timestamp="2019-06-17T04:32:13.452" activeThreads="4">
  <mem-info id="4297" free="75497472" total="128974848" percent="58">
    <mem type="eden" free="1046392" total="1048576" percent="99" />
    <remembered-set count="3104" freebytes="5135872" totalbytes="5148288" percent="99" regionsoverflowed="0" regionsstable="18" regionsrebuilding="0"/>
  </mem-info>
</gc-end>
<cycle-end id="4298" type="partial gc" contextid="4291" timestamp="2019-06-17T04:32:13.453" />
  <attribute name="elasticGC enabled" value="1" />
  <attribute name= "numThreadsSpecified" value="4" />
  <attribute name="heapSize specified" value="0" />
  <attribute name="Current GC Util" value="282" />
  <attribute name= "Current Time Running" value="62886" />
  <attribute name ="GC Interval" value="0" />
  <attribute name="ProportionalT" value="393.000000" />
  <attribute name="ProportionalI" value="393.000000" />
  <attribute name="ProportionalH" value="393.000000" />
  <attribute name="Current Error" value="262.000000" />
  <attribute name="IntegralT" value="262.000000" />
  <attribute name="IntegralI" value="262.000000" />
  <attribute name="IntegralH" value="262.000000" />
  <attribute name="DerivativeT" value="393.000000" />
  <attribute name="DerivativeI" value="393.000000" />
  <attribute name="DerivativeH" value="393.000000" />
  <attribute name="Loop Time for DT" value="1.000000" />
  <attribute name="Output H" value="8388608"/>
  <attribute name="Output I" value="1048"/>
  <attribute name="Output T" value="4"/>
  <attribute name="Target GC Util Change" value ="20.000000" />
  <attribute name="Current GC Util Change" value="282.000000"/>
  <attribute name="GC Util currently" value="282" />
  <attribute name="CPU Util currently" value="12985287685242" />
<exclusive-end id="4299" timestamp="2019-06-17T04:32:13.453" durationms="5.711" />

<exclusive-start id="4300" timestamp="2019-06-17T04:32:13.464" intervalms="17.279">
  <response-info timems="0.110" idlems="0.110" threads="0" lastid="0000000002320700" lastname="main" />
</exclusive-start>
<allocation-taxation id="4301" taxation-threshold="38797312" timestamp="2019-06-17T04:32:13.465" intervalms="17.261" />
<cycle-start id="4302" type="partial gc" contextid="0" timestamp="2019-06-17T04:32:13.465" intervalms="17.202" />
<gc-start id="4303" type="partial gc" contextid="4302" timestamp="2019-06-17T04:32:13.465">
  <mem-info id="4304" free="36700160" total="128974848" percent="28">
    <mem type="eden" free="1046392" total="39845888" percent="2" />
    <remembered-set count="3104" freebytes="5135872" totalbytes="5148288" percent="99" regionsoverflowed="0" regionsstable="18" regionsrebuilding="0"/>
  </mem-info>
</gc-start>
<allocation-stats totalBytes="38772816" >
  <allocated-bytes non-tlh="0" tlh="38772816" arrayletleaf="0"/>
  <largest-consumer threadName="main" threadId="0000000002320700" bytes="38772816" />
</allocation-stats>
<gc-op id="4305" type="copy forward" timems="2.431" contextid="4302" timestamp="2019-06-17T04:32:13.468">
  <memory-copied type="eden" objects="6" bytes="176" bytesdiscarded="0" />
  <memory-copied type="other" objects="119" bytes="4056" bytesdiscarded="1800" />
  <memory-cardclean objects="83" bytes="11120" />
  <regions eden="37" other="2" />
  <remembered-set-cleared processed="138" cleared="8" durationms="0.107" />
  <references type="weak" candidates="37" cleared="0" enqueued="0" />
  <stringconstants candidates="13747" cleared="0"  />
</gc-op>
<gc-op id="4306" type="classunload" timems="0.004" contextid="4302" timestamp="2019-06-17T04:32:13.468">
  <classunload-info classloadercandidates="54" classloadersunloaded="0" classesunloaded="0" anonymousclassesunloaded="0" quiescems="0.000" setupms="0.004" scanms="0.000" postms="0.000" />
</gc-op>
<gc-end id="4307" type="partial gc" contextid="4302" durationms="3.632" usertimems="4.000" systemtimems="0.000" timestamp="2019-06-17T04:32:13.469" activeThreads="4">
  <mem-info id="4308" free="74448896" total="128974848" percent="57">
    <mem type="eden" free="2095680" total="2097152" percent="99" />
    <remembered-set count="3200" freebytes="5135488" totalbytes="5148288" percent="99" regionsoverflowed="0" regionsstable="18" regionsrebuilding="0"/>
  </mem-info>
</gc-end>
<cycle-end id="4309" type="partial gc" contextid="4302" timestamp="2019-06-17T04:32:13.469" />
  <attribute name="elasticGC enabled" value="1" />
  <attribute name= "numThreadsSpecified" value="4" />
  <attribute name="heapSize specified" value="0" />
  <attribute name="Current GC Util" value="209" />
  <attribute name= "Current Time Running" value="62903" />
  <attribute name ="GC Interval" value="0" />
  <attribute name="ProportionalT" value="283.500000" />
  <attribute name="ProportionalI" value="283.500000" />
  <attribute name="ProportionalH" value="283.500000" />
  <attribute name="Current Error" value="189.000000" />
  <attribute name="IntegralT" value="189.000000" />
  <attribute name="IntegralI" value="189.000000" />
  <attribute name="IntegralH" value="189.000000" />
  <attribute name="DerivativeT" value="241.500000" />
  <attribute name="DerivativeI" value="241.500000" />
  <attribute name="DerivativeH" value="241.500000" />
  <attribute name="Loop Time for DT" value="1.000000" />
  <attribute name="Output H" value="8388608"/>
  <attribute name="Output I" value="720"/>
  <attribute name="Output T" value="4"/>
  <attribute name="Target GC Util Change" value ="20.000000" />
  <attribute name="Current GC Util Change" value="209.000000"/>
  <attribute name="GC Util currently" value="209" />
  <attribute name="CPU Util currently" value="13688102428328" />
<exclusive-end id="4310" timestamp="2019-06-17T04:32:13.469" durationms="4.615" />

<exclusive-start id="4311" timestamp="2019-06-17T04:32:13.481" intervalms="16.199">
  <response-info timems="0.086" idlems="0.086" threads="0" lastid="0000000002320700" lastname="main" />
</exclusive-start>
<allocation-taxation id="4312" taxation-threshold="38797312" timestamp="2019-06-17T04:32:13.481" intervalms="16.228" />
<cycle-start id="4313" type="partial gc" contextid="0" timestamp="2019-06-17T04:32:13.481" intervalms="16.240" />
<gc-start id="4314" type="partial gc" contextid="4313" timestamp="2019-06-17T04:32:13.481">
  <mem-info id="4315" free="35651584" total="128974848" percent="27">
    <mem type="eden" free="1048400" total="39845888" percent="2" />
    <remembered-set count="3200" freebytes="5135488" totalbytes="5148288" percent="99" regionsoverflowed="0" regionsstable="18" regionsrebuilding="0"/>
  </mem-info>
</gc-start>
<allocation-stats totalBytes="38777344" >
  <allocated-bytes non-tlh="0" tlh="38777344" arrayletleaf="0"/>
  <largest-consumer threadName="main" threadId="0000000002320700" bytes="38777344" />
</allocation-stats>
<gc-op id="4316" type="copy forward" timems="1.148" contextid="4313" timestamp="2019-06-17T04:32:13.483">
  <memory-copied type="eden" objects="8" bytes="568" bytesdiscarded="0" />
  <memory-copied type="other" objects="17" bytes="552" bytesdiscarded="0" />
  <memory-cardclean objects="60" bytes="1752" />
  <regions eden="37" other="2" />
  <remembered-set-cleared processed="143" cleared="6" durationms="0.155" />
  <stringconstants candidates="13747" cleared="0"  />
</gc-op>
<gc-op id="4317" type="classunload" timems="0.004" contextid="4313" timestamp="2019-06-17T04:32:13.483">
  <classunload-info classloadercandidates="54" classloadersunloaded="0" classesunloaded="0" anonymousclassesunloaded="0" quiescems="0.000" setupms="0.004" scanms="0.000" postms="0.000" />
</gc-op>
<heap-resize id="4318" type="expand" space="default" amount="7340032" count="1" timems="0.072" reason="excessive time being spent in gc" timestamp="2019-06-17T04:32:13.484" />
<gc-end id="4319" type="partial gc" contextid="4313" durationms="2.588" usertimems="0.000" systemtimems="4.000" timestamp="2019-06-17T04:32:13.484" activeThreads="1">
  <mem-info id="4320" free="81788928" total="136314880" percent="60">
    <mem type="eden" free="1048008" total="1048576" percent="99" />
    <remembered-set count="3488" freebytes="5427328" totalbytes="5441280" percent="99" regionsoverflowed="0" regionsstable="18" regionsrebuilding="0"/>
  </mem-info>
</gc-end>
<cycle-end id="4321" type="partial gc" contextid="4313" timestamp="2019-06-17T04:32:13.484" />
  <attribute name="elasticGC enabled" value="1" />
  <attribute name= "numThreadsSpecified" value="1" />
  <attribute name="heapSize specified" value="0" />
  <attribute name="Current GC Util" value="162" />
  <attribute name= "Current Time Running" value="62919" />
  <attribute name ="GC Interval" value="0" />
  <attribute name="ProportionalT" value="213.000000" />
  <attribute name="ProportionalI" value="213.000000" />
  <attribute name="ProportionalH" value="213.000000" />
  <attribute name="Current Error" value="142.000000" />
  <attribute name="IntegralT" value="0.000000" />
  <attribute name="IntegralI" value="0.000000" />
  <attribute name="IntegralH" value="0.000000" />
  <attribute name="DerivativeT" value="inf" />
  <attribute name="DerivativeI" value="inf" />
  <attribute name="DerivativeH" value="inf" />
  <attribute name="Loop Time for DT" value="0.000000" />
  <attribute name="Output H" value="8388608"/>
  <attribute name="Output I" value="200"/>
  <attribute name="Output T" value="1"/>
  <attribute name="Target GC Util Change" value ="20.000000" />
  <attribute name="Current GC Util Change" value="162.000000"/>
  <attribute name="GC Util currently" value="162" />
  <attribute name="CPU Util currently" value="12333250335379" />
<exclusive-end id="4322" timestamp="2019-06-17T04:32:13.484" durationms="3.632" />

<exclusive-start id="4323" timestamp="2019-06-17T04:32:13.496" intervalms="15.944">
  <response-info timems="0.114" idlems="0.114" threads="0" lastid="0000000002320700" lastname="main" />
</exclusive-start>
<allocation-taxation id="4324" taxation-threshold="40894464" timestamp="2019-06-17T04:32:13.497" intervalms="15.923" />
<cycle-start id="4325" type="partial gc" contextid="0" timestamp="2019-06-17T04:32:13.497" intervalms="15.890" />
<gc-start id="4326" type="partial gc" contextid="4325" timestamp="2019-06-17T04:32:13.497">
  <mem-info id="4327" free="40894464" total="136314880" percent="30">
    <mem type="eden" free="1048008" total="41943040" percent="2" />
    <remembered-set count="3168" freebytes="5428608" totalbytes="5441280" percent="99" regionsoverflowed="0" regionsstable="18" regionsrebuilding="0"/>
  </mem-info>
</gc-start>
<allocation-stats totalBytes="40873152" >
  <allocated-bytes non-tlh="0" tlh="40873152" arrayletleaf="0"/>
  <largest-consumer threadName="main" threadId="0000000002320700" bytes="40873152" />
</allocation-stats>
<gc-op id="4328" type="copy forward" timems="1.108" contextid="4325" timestamp="2019-06-17T04:32:13.499">
  <memory-copied type="eden" objects="5" bytes="256" bytesdiscarded="0" />
  <memory-copied type="other" objects="17" bytes="552" bytesdiscarded="0" />
  <memory-cardclean objects="60" bytes="1752" />
  <regions eden="39" other="2" />
  <remembered-set-cleared processed="143" cleared="6" durationms="0.157" />
  <stringconstants candidates="13747" cleared="0"  />
</gc-op>
<gc-op id="4329" type="classunload" timems="0.004" contextid="4325" timestamp="2019-06-17T04:32:13.499">
  <classunload-info classloadercandidates="54" classloadersunloaded="0" classesunloaded="0" anonymousclassesunloaded="0" quiescems="0.000" setupms="0.004" scanms="0.000" postms="0.000" />
</gc-op>
<gc-end id="4330" type="partial gc" contextid="4325" durationms="2.385" usertimems="4.000" systemtimems="0.000" timestamp="2019-06-17T04:32:13.499" activeThreads="1">
  <mem-info id="4331" free="81788928" total="136314880" percent="60">
    <mem type="eden" free="1048320" total="1048576" percent="99" />
    <remembered-set count="3488" freebytes="5427328" totalbytes="5441280" percent="99" regionsoverflowed="0" regionsstable="18" regionsrebuilding="0"/>
  </mem-info>
</gc-end>
<cycle-end id="4332" type="partial gc" contextid="4325" timestamp="2019-06-17T04:32:13.500" />
  <attribute name="elasticGC enabled" value="1" />
  <attribute name= "numThreadsSpecified" value="1" />
  <attribute name="heapSize specified" value="0" />
  <attribute name="Current GC Util" value="303" />
  <attribute name= "Current Time Running" value="62935" />
  <attribute name ="GC Interval" value="0" />
  <attribute name="ProportionalT" value="424.500000" />
  <attribute name="ProportionalI" value="424.500000" />
  <attribute name="ProportionalH" value="424.500000" />
  <attribute name="Current Error" value="283.000000" />
  <attribute name="IntegralT" value="0.000000" />
  <attribute name="IntegralI" value="0.000000" />
  <attribute name="IntegralH" value="0.000000" />
  <attribute name="DerivativeT" value="inf" />
  <attribute name="DerivativeI" value="inf" />
  <attribute name="DerivativeH" value="inf" />
  <attribute name="Loop Time for DT" value="0.000000" />
  <attribute name="Output H" value="8388608"/>
  <attribute name="Output I" value="200"/>
  <attribute name="Output T" value="1"/>
  <attribute name="Target GC Util Change" value ="20.000000" />
  <attribute name="Current GC Util Change" value="303.000000"/>
  <attribute name="GC Util currently" value="303" />
  <attribute name="CPU Util currently" value="13838226849195" />
<exclusive-end id="4333" timestamp="2019-06-17T04:32:13.500" durationms="3.358" />

<exclusive-start id="4334" timestamp="2019-06-17T04:32:13.512" intervalms="15.565">
  <response-info timems="0.090" idlems="0.090" threads="0" lastid="0000000002320700" lastname="main" />
</exclusive-start>
<allocation-taxation id="4335" taxation-threshold="40894464" timestamp="2019-06-17T04:32:13.512" intervalms="15.511" />
<cycle-start id="4336" type="partial gc" contextid="0" timestamp="2019-06-17T04:32:13.512" intervalms="15.547" />
<gc-start id="4337" type="partial gc" contextid="4336" timestamp="2019-06-17T04:32:13.513">
  <mem-info id="4338" free="40894464" total="136314880" percent="30">
    <mem type="eden" free="1048320" total="41943040" percent="2" />
    <remembered-set count="3168" freebytes="5428608" totalbytes="5441280" percent="99" regionsoverflowed="0" regionsstable="18" regionsrebuilding="0"/>
  </mem-info>
</gc-start>
<allocation-stats totalBytes="40873368" >
  <allocated-bytes non-tlh="0" tlh="40873368" arrayletleaf="0"/>
  <largest-consumer threadName="main" threadId="0000000002320700" bytes="40873368" />
</allocation-stats>
<gc-op id="4339" type="copy forward" timems="1.134" contextid="4336" timestamp="2019-06-17T04:32:13.515">
  <memory-copied type="eden" objects="6" bytes="240" bytesdiscarded="0" />
  <memory-copied type="other" objects="17" bytes="552" bytesdiscarded="0" />
  <memory-cardclean objects="60" bytes="1752" />
  <regions eden="39" other="2" />
  <remembered-set-cleared processed="143" cleared="6" durationms="0.157" />
  <stringconstants candidates="13747" cleared="0"  />
</gc-op>
<gc-op id="4340" type="classunload" timems="0.004" contextid="4336" timestamp="2019-06-17T04:32:13.515">
  <classunload-info classloadercandidates="54" classloadersunloaded="0" classesunloaded="0" anonymousclassesunloaded="0" quiescems="0.000" setupms="0.004" scanms="0.000" postms="0.000" />
</gc-op>
<gc-end id="4341" type="partial gc" contextid="4336" durationms="2.417" usertimems="0.000" systemtimems="4.000" timestamp="2019-06-17T04:32:13.515" activeThreads="1">
  <mem-info id="4342" free="81788928" total="136314880" percent="60">
    <mem type="eden" free="1048336" total="1048576" percent="99" />
    <remembered-set count="3552" freebytes="5427072" totalbytes="5441280" percent="99" regionsoverflowed="0" regionsstable="18" regionsrebuilding="0"/>
  </mem-info>
</gc-end>
<cycle-end id="4343" type="partial gc" contextid="4336" timestamp="2019-06-17T04:32:13.515" />
  <attribute name="elasticGC enabled" value="1" />
  <attribute name= "numThreadsSpecified" value="1" />
  <attribute name="heapSize specified" value="0" />
  <attribute name="Current GC Util" value="271" />
  <attribute name= "Current Time Running" value="62950" />
  <attribute name ="GC Interval" value="0" />
  <attribute name="ProportionalT" value="376.500000" />
  <attribute name="ProportionalI" value="376.500000" />
  <attribute name="ProportionalH" value="376.500000" />
  <attribute name="Current Error" value="251.000000" />
  <attribute name="IntegralT" value="0.000000" />
  <attribute name="IntegralI" value="0.000000" />
  <attribute name="IntegralH" value="0.000000" />
  <attribute name="DerivativeT" value="inf" />
  <attribute name="DerivativeI" value="inf" />
  <attribute name="DerivativeH" value="inf" />
  <attribute name="Loop Time for DT" value="0.000000" />
  <attribute name="Output H" value="8388608"/>
  <attribute name="Output I" value="200"/>
  <attribute name="Output T" value="1"/>
  <attribute name="Target GC Util Change" value ="20.000000" />
  <attribute name="Current GC Util Change" value="271.000000"/>
  <attribute name="GC Util currently" value="271" />
  <attribute name="CPU Util currently" value="12271976276672" />
<exclusive-end id="4344" timestamp="2019-06-17T04:32:13.516" durationms="3.451" />

<exclusive-start id="4345" timestamp="2019-06-17T04:32:13.528" intervalms="16.024">
  <response-info timems="0.093" idlems="0.093" threads="0" lastid="0000000002320700" lastname="main" />
</exclusive-start>
<allocation-taxation id="4346" taxation-threshold="40894464" timestamp="2019-06-17T04:32:13.528" intervalms="16.087" />
<cycle-start id="4347" type="partial gc" contextid="0" timestamp="2019-06-17T04:32:13.528" intervalms="16.070" />
<gc-start id="4348" type="partial gc" contextid="4347" timestamp="2019-06-17T04:32:13.529">
  <mem-info id="4349" free="40894464" total="136314880" percent="30">
    <mem type="eden" free="1048336" total="41943040" percent="2" />
    <remembered-set count="3232" freebytes="5428352" totalbytes="5441280" percent="99" regionsoverflowed="0" regionsstable="18" regionsrebuilding="0"/>
  </mem-info>
</gc-start>
<allocation-stats totalBytes="40873192" >
  <allocated-bytes non-tlh="0" tlh="40873192" arrayletleaf="0"/>
  <largest-consumer threadName="main" threadId="0000000002320700" bytes="40873192" />
</allocation-stats>
<gc-op id="4350" type="copy forward" timems="2.838" contextid="4347" timestamp="2019-06-17T04:32:13.533">
  <memory-copied type="eden" objects="8" bytes="192" bytesdiscarded="0" />
  <memory-copied type="other" objects="17" bytes="552" bytesdiscarded="1440" />
  <memory-cardclean objects="60" bytes="1752" />
  <regions eden="39" other="2" />
  <remembered-set-cleared processed="143" cleared="6" durationms="0.106" />
  <stringconstants candidates="13747" cleared="0"  />
</gc-op>
<gc-op id="4351" type="classunload" timems="0.004" contextid="4347" timestamp="2019-06-17T04:32:13.533">
  <classunload-info classloadercandidates="54" classloadersunloaded="0" classesunloaded="0" anonymousclassesunloaded="0" quiescems="0.000" setupms="0.004" scanms="0.000" postms="0.000" />
</gc-op>
<gc-end id="4352" type="partial gc" contextid="4347" durationms="4.148" usertimems="8.000" systemtimems="0.000" timestamp="2019-06-17T04:32:13.533" activeThreads="4">
  <mem-info id="4353" free="81788928" total="136314880" percent="60">
    <mem type="eden" free="1048384" total="1048576" percent="99" />
    <remembered-set count="3296" freebytes="5428096" totalbytes="5441280" percent="99" regionsoverflowed="0" regionsstable="18" regionsrebuilding="0"/>
  </mem-info>
</gc-end>
<cycle-end id="4354" type="partial gc" contextid="4347" timestamp="2019-06-17T04:32:13.533" />
  <attribute name="elasticGC enabled" value="1" />
  <attribute name= "numThreadsSpecified" value="4" />
  <attribute name="heapSize specified" value="0" />
  <attribute name="Current GC Util" value="296" />
  <attribute name= "Current Time Running" value="62967" />
  <attribute name ="GC Interval" value="0" />
  <attribute name="ProportionalT" value="414.000000" />
  <attribute name="ProportionalI" value="414.000000" />
  <attribute name="ProportionalH" value="414.000000" />
  <attribute name="Current Error" value="276.000000" />
  <attribute name="IntegralT" value="276.000000" />
  <attribute name="IntegralI" value="276.000000" />
  <attribute name="IntegralH" value="276.000000" />
  <attribute name="DerivativeT" value="414.000000" />
  <attribute name="DerivativeI" value="414.000000" />
  <attribute name="DerivativeH" value="414.000000" />
  <attribute name="Loop Time for DT" value="1.000000" />
  <attribute name="Output H" value="8388608"/>
  <attribute name="Output I" value="1104"/>
  <attribute name="Output T" value="4"/>
  <attribute name="Target GC Util Change" value ="20.000000" />
  <attribute name="Current GC Util Change" value="296.000000"/>
  <attribute name="GC Util currently" value="296" />
  <attribute name="CPU Util currently" value="12525798777579" />
<exclusive-end id="4355" timestamp="2019-06-17T04:32:13.533" durationms="5.260" />

<exclusive-start id="4356" timestamp="2019-06-17T04:32:13.546" intervalms="17.919">
  <response-info timems="0.080" idlems="0.080" threads="0" lastid="0000000002320700" lastname="main" />
</exclusive-start>
<allocation-taxation id="4357" taxation-threshold="40894464" timestamp="2019-06-17T04:32:13.546" intervalms="17.902" />
<cycle-start id="4358" type="partial gc" contextid="0" timestamp="2019-06-17T04:32:13.546" intervalms="17.947" />
<gc-start id="4359" type="partial gc" contextid="4358" timestamp="2019-06-17T04:32:13.547">
  <mem-info id="4360" free="40894464" total="136314880" percent="30">
    <mem type="eden" free="1048384" total="41943040" percent="2" />
    <remembered-set count="3296" freebytes="5428096" totalbytes="5441280" percent="99" regionsoverflowed="0" regionsstable="18" regionsrebuilding="0"/>
  </mem-info>
</gc-start>
<allocation-stats totalBytes="40869240" >
  <allocated-bytes non-tlh="0" tlh="40869240" arrayletleaf="0"/>
  <largest-consumer threadName="main" threadId="0000000002320700" bytes="40869240" />
</allocation-stats>
<gc-op id="4361" type="copy forward" timems="1.098" contextid="4358" timestamp="2019-06-17T04:32:13.549">
  <memory-copied type="eden" objects="23" bytes="904" bytesdiscarded="0" />
  <memory-copied type="other" objects="6" bytes="144" bytesdiscarded="0" />
  <memory-cardclean objects="79" bytes="2344" />
  <regions eden="39" other="2" />
  <remembered-set-cleared processed="143" cleared="8" durationms="0.156" />
  <stringconstants candidates="13747" cleared="0"  />
</gc-op>
<gc-op id="4362" type="classunload" timems="0.004" contextid="4358" timestamp="2019-06-17T04:32:13.549">
  <classunload-info classloadercandidates="54" classloadersunloaded="0" classesunloaded="0" anonymousclassesunloaded="0" quiescems="0.000" setupms="0.004" scanms="0.000" postms="0.000" />
</gc-op>
<gc-end id="4363" type="partial gc" contextid="4358" durationms="2.396" usertimems="4.000" systemtimems="0.000" timestamp="2019-06-17T04:32:13.549" activeThreads="1">
  <mem-info id="4364" free="81788928" total="136314880" percent="60">
    <mem type="eden" free="1047672" total="1048576" percent="99" />
    <remembered-set count="3488" freebytes="5427328" totalbytes="5441280" percent="99" regionsoverflowed="0" regionsstable="18" regionsrebuilding="0"/>
  </mem-info>
</gc-end>
<cycle-end id="4365" type="partial gc" contextid="4358" timestamp="2019-06-17T04:32:13.549" />
  <attribute name="elasticGC enabled" value="1" />
  <attribute name= "numThreadsSpecified" value="1" />
  <attribute name="heapSize specified" value="0" />
  <attribute name="Current GC Util" value="212" />
  <attribute name= "Current Time Running" value="62984" />
  <attribute name ="GC Interval" value="0" />
  <attribute name="ProportionalT" value="288.000000" />
  <attribute name="ProportionalI" value="288.000000" />
  <attribute name="ProportionalH" value="288.000000" />
  <attribute name="Current Error" value="192.000000" />
  <attribute name="IntegralT" value="0.000000" />
  <attribute name="IntegralI" value="0.000000" />
  <attribute name="IntegralH" value="0.000000" />
  <attribute name="DerivativeT" value="inf" />
  <attribute name="DerivativeI" value="inf" />
  <attribute name="DerivativeH" value="inf" />
  <attribute name="Loop Time for DT" value="0.000000" />
  <attribute name="Output H" value="8388608"/>
  <attribute name="Output I" value="200"/>
  <attribute name="Output T" value="1"/>
  <attribute name="Target GC Util Change" value ="20.000000" />
  <attribute name="Current GC Util Change" value="212.000000"/>
  <attribute name="GC Util currently" value="212" />
  <attribute name="CPU Util currently" value="13666481840708" />
<exclusive-end id="4366" timestamp="2019-06-17T04:32:13.549" durationms="3.453" />

<exclusive-start id="4367" timestamp="2019-06-17T04:32:13.563" intervalms="16.670">
  <response-info timems="0.083" idlems="0.083" threads="0" lastid="0000000002320700" lastname="main" />
</exclusive-start>
<allocation-taxation id="4368" taxation-threshold="40894464" timestamp="2019-06-17T04:32:13.563" intervalms="16.667" />
<cycle-start id="4369" type="partial gc" contextid="0" timestamp="2019-06-17T04:32:13.563" intervalms="16.668" />
<gc-start id="4370" type="partial gc" contextid="4369" timestamp="2019-06-17T04:32:13.563">
  <mem-info id="4371" free="40894464" total="136314880" percent="30">
    <mem type="eden" free="0" total="40894464" percent="0" />
    <remembered-set count="3168" freebytes="5428608" totalbytes="5441280" percent="99" regionsoverflowed="0" regionsstable="18" regionsrebuilding="0"/>
  </mem-info>
</gc-start>
<allocation-stats totalBytes="40857944" >
  <allocated-bytes non-tlh="0" tlh="40857944" arrayletleaf="0"/>
  <largest-consumer threadName="main" threadId="0000000002320700" bytes="40857944" />
</allocation-stats>
<gc-op id="4372" type="copy forward" timems="1.121" contextid="4369" timestamp="2019-06-17T04:32:13.565">
  <memory-copied type="eden" objects="6" bytes="384" bytesdiscarded="0" />
  <memory-copied type="other" objects="23" bytes="696" bytesdiscarded="0" />
  <memory-cardclean objects="67" bytes="2144" />
  <regions eden="39" other="2" />
  <remembered-set-cleared processed="142" cleared="7" durationms="0.161" />
  <stringconstants candidates="13747" cleared="0"  />
</gc-op>
<gc-op id="4373" type="classunload" timems="0.004" contextid="4369" timestamp="2019-06-17T04:32:13.565">
  <classunload-info classloadercandidates="54" classloadersunloaded="0" classesunloaded="0" anonymousclassesunloaded="0" quiescems="0.000" setupms="0.004" scanms="0.000" postms="0.000" />
</gc-op>
<heap-resize id="4374" type="expand" space="default" amount="3145728" count="1" timems="0.061" reason="excessive time being spent in gc" timestamp="2019-06-17T04:32:13.566" />
<gc-end id="4375" type="partial gc" contextid="4369" durationms="2.608" usertimems="4.000" systemtimems="0.000" timestamp="2019-06-17T04:32:13.566" activeThreads="1">
  <mem-info id="4376" free="83886080" total="139460608" percent="60">
    <mem type="eden" free="1048192" total="1048576" percent="99" />
    <remembered-set count="3488" freebytes="5552896" totalbytes="5566848" percent="99" regionsoverflowed="0" regionsstable="18" regionsrebuilding="0"/>
  </mem-info>
</gc-end>
<cycle-end id="4377" type="partial gc" contextid="4369" timestamp="2019-06-17T04:32:13.566" />
  <attribute name="elasticGC enabled" value="1" />
  <attribute name= "numThreadsSpecified" value="1" />
  <attribute name="heapSize specified" value="0" />
  <attribute name="Current GC Util" value="276" />
  <attribute name= "Current Time Running" value="63001" />
  <attribute name ="GC Interval" value="0" />
  <attribute name="ProportionalT" value="384.000000" />
  <attribute name="ProportionalI" value="384.000000" />
  <attribute name="ProportionalH" value="384.000000" />
  <attribute name="Current Error" value="256.000000" />
  <attribute name="IntegralT" value="0.000000" />
  <attribute name="IntegralI" value="0.000000" />
  <attribute name="IntegralH" value="0.000000" />
  <attribute name="DerivativeT" value="inf" />
  <attribute name="DerivativeI" value="inf" />
  <attribute name="DerivativeH" value="inf" />
  <attribute name="Loop Time for DT" value="0.000000" />
  <attribute name="Output H" value="8388608"/>
  <attribute name="Output I" value="200"/>
  <attribute name="Output T" value="1"/>
  <attribute name="Target GC Util Change" value ="20.000000" />
  <attribute name="Current GC Util Change" value="276.000000"/>
  <attribute name="GC Util currently" value="276" />
  <attribute name="CPU Util currently" value="13690377979520" />
<exclusive-end id="4378" timestamp="2019-06-17T04:32:13.566" durationms="3.670" />

<exclusive-start id="4379" timestamp="2019-06-17T04:32:13.583" intervalms="20.135">
  <response-info timems="0.116" idlems="0.116" threads="0" lastid="0000000002320700" lastname="main" />
</exclusive-start>
<allocation-taxation id="4380" taxation-threshold="40894464" timestamp="2019-06-17T04:32:13.583" intervalms="20.118" />
<cycle-start id="4381" type="partial gc" contextid="0" timestamp="2019-06-17T04:32:13.583" intervalms="20.139" />
<gc-start id="4382" type="partial gc" contextid="4381" timestamp="2019-06-17T04:32:13.583">
  <mem-info id="4383" free="42991616" total="139460608" percent="30">
    <mem type="eden" free="1048192" total="41943040" percent="2" />
    <remembered-set count="3200" freebytes="5554048" totalbytes="5566848" percent="99" regionsoverflowed="0" regionsstable="18" regionsrebuilding="0"/>
  </mem-info>
</gc-start>
<allocation-stats totalBytes="40859960" >
  <allocated-bytes non-tlh="0" tlh="40859960" arrayletleaf="0"/>
  <largest-consumer threadName="main" threadId="0000000002320700" bytes="40859960" />
</allocation-stats>
<gc-op id="4384" type="copy forward" timems="1.154" contextid="4381" timestamp="2019-06-17T04:32:13.585">
  <memory-copied type="eden" objects="38" bytes="1544" bytesdiscarded="0" />
  <memory-copied type="other" objects="6" bytes="144" bytesdiscarded="0" />
  <memory-cardclean objects="71" bytes="2328" />
  <regions eden="39" other="2" />
  <remembered-set-cleared processed="144" cleared="13" durationms="0.160" />
  <stringconstants candidates="13747" cleared="0"  />
</gc-op>
<gc-op id="4385" type="classunload" timems="0.004" contextid="4381" timestamp="2019-06-17T04:32:13.586">
  <classunload-info classloadercandidates="54" classloadersunloaded="0" classesunloaded="0" anonymousclassesunloaded="0" quiescems="0.000" setupms="0.004" scanms="0.000" postms="0.000" />
</gc-op>
<gc-end id="4386" type="partial gc" contextid="4381" durationms="2.468" usertimems="4.000" systemtimems="0.000" timestamp="2019-06-17T04:32:13.586" activeThreads="1">
  <mem-info id="4387" free="83886080" total="139460608" percent="60">
    <mem type="eden" free="1047032" total="1048576" percent="99" />
    <remembered-set count="3360" freebytes="5553408" totalbytes="5566848" percent="99" regionsoverflowed="0" regionsstable="18" regionsrebuilding="0"/>
  </mem-info>
</gc-end>
<cycle-end id="4388" type="partial gc" contextid="4381" timestamp="2019-06-17T04:32:13.586" />
  <attribute name="elasticGC enabled" value="1" />
  <attribute name= "numThreadsSpecified" value="1" />
  <attribute name="heapSize specified" value="0" />
  <attribute name="Current GC Util" value="261" />
  <attribute name= "Current Time Running" value="63021" />
  <attribute name ="GC Interval" value="0" />
  <attribute name="ProportionalT" value="361.500000" />
  <attribute name="ProportionalI" value="361.500000" />
  <attribute name="ProportionalH" value="361.500000" />
  <attribute name="Current Error" value="241.000000" />
  <attribute name="IntegralT" value="0.000000" />
  <attribute name="IntegralI" value="0.000000" />
  <attribute name="IntegralH" value="0.000000" />
  <attribute name="DerivativeT" value="inf" />
  <attribute name="DerivativeI" value="inf" />
  <attribute name="DerivativeH" value="inf" />
  <attribute name="Loop Time for DT" value="0.000000" />
  <attribute name="Output H" value="8388608"/>
  <attribute name="Output I" value="200"/>
  <attribute name="Output T" value="1"/>
  <attribute name="Target GC Util Change" value ="20.000000" />
  <attribute name="Current GC Util Change" value="261.000000"/>
  <attribute name="GC Util currently" value="261" />
  <attribute name="CPU Util currently" value="12342360475520" />
<exclusive-end id="4389" timestamp="2019-06-17T04:32:13.586" durationms="3.547" />

<exclusive-start id="4390" timestamp="2019-06-17T04:32:13.627" intervalms="44.088">
  <response-info timems="0.109" idlems="0.109" threads="0" lastid="0000000002320700" lastname="main" />
</exclusive-start>
<allocation-taxation id="4391" taxation-threshold="40894464" timestamp="2019-06-17T04:32:13.627" intervalms="44.088" />
<cycle-start id="4392" type="partial gc" contextid="0" timestamp="2019-06-17T04:32:13.627" intervalms="44.080" />
<gc-start id="4393" type="partial gc" contextid="4392" timestamp="2019-06-17T04:32:13.628">
  <mem-info id="4394" free="42991616" total="139460608" percent="30">
    <mem type="eden" free="0" total="40894464" percent="0" />
    <remembered-set count="3040" freebytes="5554688" totalbytes="5566848" percent="99" regionsoverflowed="0" regionsstable="18" regionsrebuilding="0"/>
  </mem-info>
</gc-start>
<allocation-stats totalBytes="40885224" >
  <allocated-bytes non-tlh="0" tlh="40885224" arrayletleaf="0"/>
  <largest-consumer threadName="main" threadId="0000000002320700" bytes="40885224" />
</allocation-stats>
<gc-op id="4395" type="copy forward" timems="1.169" contextid="4392" timestamp="2019-06-17T04:32:13.630">
  <memory-copied type="eden" objects="14" bytes="584" bytesdiscarded="0" />
  <memory-copied type="other" objects="23" bytes="712" bytesdiscarded="0" />
  <memory-cardclean objects="56" bytes="2088" />
  <regions eden="39" other="2" />
  <remembered-set-cleared processed="143" cleared="12" durationms="0.158" />
  <stringconstants candidates="13747" cleared="0"  />
</gc-op>
<gc-op id="4396" type="classunload" timems="0.004" contextid="4392" timestamp="2019-06-17T04:32:13.630">
  <classunload-info classloadercandidates="54" classloadersunloaded="0" classesunloaded="0" anonymousclassesunloaded="0" quiescems="0.000" setupms="0.004" scanms="0.000" postms="0.000" />
</gc-op>
<gc-end id="4397" type="partial gc" contextid="4392" durationms="2.423" usertimems="4.000" systemtimems="0.000" timestamp="2019-06-17T04:32:13.630" activeThreads="1">
  <mem-info id="4398" free="82837504" total="139460608" percent="59">
    <mem type="eden" free="1047992" total="1048576" percent="99" />
    <remembered-set count="3392" freebytes="5553280" totalbytes="5566848" percent="99" regionsoverflowed="0" regionsstable="18" regionsrebuilding="0"/>
  </mem-info>
</gc-end>
<cycle-end id="4399" type="partial gc" contextid="4392" timestamp="2019-06-17T04:32:13.630" />
  <attribute name="elasticGC enabled" value="1" />
  <attribute name= "numThreadsSpecified" value="1" />
  <attribute name="heapSize specified" value="0" />
  <attribute name="Current GC Util" value="284" />
  <attribute name= "Current Time Running" value="63065" />
  <attribute name ="GC Interval" value="0" />
  <attribute name="ProportionalT" value="396.000000" />
  <attribute name="ProportionalI" value="396.000000" />
  <attribute name="ProportionalH" value="396.000000" />
  <attribute name="Current Error" value="264.000000" />
  <attribute name="IntegralT" value="0.000000" />
  <attribute name="IntegralI" value="0.000000" />
  <attribute name="IntegralH" value="0.000000" />
  <attribute name="DerivativeT" value="inf" />
  <attribute name="DerivativeI" value="inf" />
  <attribute name="DerivativeH" value="inf" />
  <attribute name="Loop Time for DT" value="0.000000" />
  <attribute name="Output H" value="8388608"/>
  <attribute name="Output I" value="200"/>
  <attribute name="Output T" value="1"/>
  <attribute name="Target GC Util Change" value ="20.000000" />
  <attribute name="Current GC Util Change" value="284.000000"/>
  <attribute name="GC Util currently" value="284" />
  <attribute name="CPU Util currently" value="12440815680284" />
<exclusive-end id="4400" timestamp="2019-06-17T04:32:13.630" durationms="3.565" />

<exclusive-start id="4401" timestamp="2019-06-17T04:32:13.832" intervalms="204.622">
  <response-info timems="0.081" idlems="0.081" threads="0" lastid="0000000002320700" lastname="main" />
</exclusive-start>
<allocation-taxation id="4402" taxation-threshold="40894464" timestamp="2019-06-17T04:32:13.832" intervalms="204.662" />
<cycle-start id="4403" type="partial gc" contextid="0" timestamp="2019-06-17T04:32:13.832" intervalms="204.671" />
<gc-start id="4404" type="partial gc" contextid="4403" timestamp="2019-06-17T04:32:13.832">
  <mem-info id="4405" free="41943040" total="139460608" percent="30">
    <mem type="eden" free="1047992" total="41943040" percent="2" />
    <remembered-set count="3104" freebytes="5554432" totalbytes="5566848" percent="99" regionsoverflowed="0" regionsstable="18" regionsrebuilding="0"/>
  </mem-info>
</gc-start>
<allocation-stats totalBytes="40841664" >
  <allocated-bytes non-tlh="0" tlh="40841664" arrayletleaf="0"/>
  <largest-consumer threadName="main" threadId="0000000002320700" bytes="40841664" />
</allocation-stats>
<gc-op id="4406" type="copy forward" timems="1.212" contextid="4403" timestamp="2019-06-17T04:32:13.835">
  <memory-copied type="eden" objects="67" bytes="26688" bytesdiscarded="0" />
  <memory-copied type="other" objects="6" bytes="144" bytesdiscarded="0" />
  <memory-cardclean objects="85" bytes="2440" />
  <regions eden="39" other="2" />
  <remembered-set-cleared processed="145" cleared="13" durationms="0.161" />
  <stringconstants candidates="13747" cleared="0"  />
</gc-op>
<gc-op id="4407" type="classunload" timems="0.003" contextid="4403" timestamp="2019-06-17T04:32:13.835">
  <classunload-info classloadercandidates="54" classloadersunloaded="0" classesunloaded="0" anonymousclassesunloaded="0" quiescems="0.000" setupms="0.003" scanms="0.000" postms="0.000" />
</gc-op>
<heap-resize id="4408" type="contract" space="default" amount="7340032" count="1" timems="0.063" reason="insufficient time being spent in gc" timestamp="2019-06-17T04:32:13.835" />
<gc-end id="4409" type="partial gc" contextid="4403" durationms="2.819" usertimems="4.000" systemtimems="0.000" timestamp="2019-06-17T04:32:13.835" activeThreads="1">
  <mem-info id="4410" free="75497472" total="132120576" percent="57">
    <mem type="eden" free="1021888" total="1048576" percent="97" />
    <remembered-set count="3488" freebytes="5552896" totalbytes="5566848" percent="99" regionsoverflowed="0" regionsstable="18" regionsrebuilding="0"/>
  </mem-info>
</gc-end>
<cycle-end id="4411" type="partial gc" contextid="4403" timestamp="2019-06-17T04:32:13.835" />
  <attribute name="elasticGC enabled" value="1" />
  <attribute name= "numThreadsSpecified" value="1" />
  <attribute name="heapSize specified" value="0" />
  <attribute name="Current GC Util" value="253" />
  <attribute name= "Current Time Running" value="63270" />
  <attribute name ="GC Interval" value="0" />
  <attribute name="ProportionalT" value="349.500000" />
  <attribute name="ProportionalI" value="349.500000" />
  <attribute name="ProportionalH" value="349.500000" />
  <attribute name="Current Error" value="233.000000" />
  <attribute name="IntegralT" value="0.000000" />
  <attribute name="IntegralI" value="0.000000" />
  <attribute name="IntegralH" value="0.000000" />
  <attribute name="DerivativeT" value="inf" />
  <attribute name="DerivativeI" value="inf" />
  <attribute name="DerivativeH" value="inf" />
  <attribute name="Loop Time for DT" value="0.000000" />
  <attribute name="Output H" value="8388608"/>
  <attribute name="Output I" value="200"/>
  <attribute name="Output T" value="1"/>
  <attribute name="Target GC Util Change" value ="20.000000" />
  <attribute name="Current GC Util Change" value="253.000000"/>
  <attribute name="GC Util currently" value="253" />
  <attribute name="CPU Util currently" value="11311940808059" />
<exclusive-end id="4412" timestamp="2019-06-17T04:32:13.836" durationms="4.130" />

<exclusive-start id="4413" timestamp="2019-06-17T04:32:13.841" intervalms="9.713">
  <response-info timems="0.140" idlems="0.140" threads="0" lastid="0000000002320700" lastname="main" />
</exclusive-start>
<allocation-taxation id="4414" taxation-threshold="39845888" timestamp="2019-06-17T04:32:13.841" intervalms="9.775" />
<cycle-start id="4415" type="partial gc" contextid="0" timestamp="2019-06-17T04:32:13.842" intervalms="9.765" />
<gc-start id="4416" type="partial gc" contextid="4415" timestamp="2019-06-17T04:32:13.842">
  <mem-info id="4417" free="35651584" total="132120576" percent="26">
    <mem type="eden" free="0" total="39845888" percent="0" />
    <remembered-set count="3136" freebytes="5554304" totalbytes="5566848" percent="99" regionsoverflowed="0" regionsstable="18" regionsrebuilding="0"/>
  </mem-info>
</gc-start>
<allocation-stats totalBytes="37298104" >
  <allocated-bytes non-tlh="0" tlh="37298104" arrayletleaf="0"/>
  <largest-consumer threadName="main" threadId="0000000002320700" bytes="37298104" />
</allocation-stats>
<gc-op id="4418" type="copy forward" timems="1.406" contextid="4415" timestamp="2019-06-17T04:32:13.845">
  <memory-copied type="eden" objects="12" bytes="37752" bytesdiscarded="0" />
  <memory-copied type="other" objects="61" bytes="2096" bytesdiscarded="0" />
  <memory-cardclean objects="63" bytes="2088" />
  <regions eden="38" other="2" />
  <remembered-set-cleared processed="144" cleared="12" durationms="0.160" />
  <stringconstants candidates="13747" cleared="0"  />
</gc-op>
<gc-op id="4419" type="classunload" timems="0.004" contextid="4415" timestamp="2019-06-17T04:32:13.845">
  <classunload-info classloadercandidates="54" classloadersunloaded="0" classesunloaded="0" anonymousclassesunloaded="0" quiescems="0.000" setupms="0.003" scanms="0.000" postms="0.000" />
</gc-op>
<heap-resize id="4420" type="contract" space="default" amount="7340032" count="1" timems="0.064" reason="insufficient time being spent in gc" timestamp="2019-06-17T04:32:13.845" />
<gc-end id="4421" type="partial gc" contextid="4415" durationms="3.332" usertimems="4.000" systemtimems="0.000" timestamp="2019-06-17T04:32:13.846" activeThreads="1">
  <mem-info id="4422" free="67108864" total="124780544" percent="53">
    <mem type="eden" free="1010824" total="1048576" percent="96" />
    <remembered-set count="2112" freebytes="5265408" totalbytes="5273856" percent="99" regionsoverflowed="0" regionsstable="18" regionsrebuilding="0"/>
  </mem-info>
</gc-end>
<cycle-end id="4423" type="partial gc" contextid="4415" timestamp="2019-06-17T04:32:13.846" />
  <attribute name="elasticGC enabled" value="1" />
  <attribute name= "numThreadsSpecified" value="1" />
  <attribute name="heapSize specified" value="0" />
  <attribute name="Current GC Util" value="139" />
  <attribute name= "Current Time Running" value="63280" />
  <attribute name ="GC Interval" value="0" />
  <attribute name="ProportionalT" value="178.500000" />
  <attribute name="ProportionalI" value="178.500000" />
  <attribute name="ProportionalH" value="178.500000" />
  <attribute name="Current Error" value="119.000000" />
  <attribute name="IntegralT" value="0.000000" />
  <attribute name="IntegralI" value="0.000000" />
  <attribute name="IntegralH" value="0.000000" />
  <attribute name="DerivativeT" value="inf" />
  <attribute name="DerivativeI" value="inf" />
  <attribute name="DerivativeH" value="inf" />
  <attribute name="Loop Time for DT" value="0.000000" />
  <attribute name="Output H" value="8388608"/>
  <attribute name="Output I" value="200"/>
  <attribute name="Output T" value="1"/>
  <attribute name="Target GC Util Change" value ="20.000000" />
  <attribute name="Current GC Util Change" value="139.000000"/>
  <attribute name="GC Util currently" value="139" />
  <attribute name="CPU Util currently" value="5902361187632" />
<exclusive-end id="4424" timestamp="2019-06-17T04:32:13.846" durationms="4.845" />

<exclusive-start id="4425" timestamp="2019-06-17T04:32:13.849" intervalms="7.748">
  <response-info timems="0.102" idlems="0.102" threads="0" lastid="0000000002320700" lastname="main" />
</exclusive-start>
<allocation-taxation id="4426" taxation-threshold="18874368" timestamp="2019-06-17T04:32:13.849" intervalms="7.774" />
<cycle-start id="4427" type="global mark phase" contextid="0" timestamp="2019-06-17T04:32:13.849" intervalms="3150.524" />
<gc-start id="4428" type="global mark phase" contextid="4427" timestamp="2019-06-17T04:32:13.850">
  <mem-info id="4429" free="48234496" total="124780544" percent="38">
    <remembered-set count="1792" freebytes="5266688" totalbytes="5273856" percent="99" regionsoverflowed="0" regionsstable="18" regionsrebuilding="0"/>
  </mem-info>
</gc-start>
<gc-op id="4430" type="mark increment" timems="1.325" contextid="4427" timestamp="2019-06-17T04:32:13.851">
  <trace-info objectcount="192" scancount="0" scanbytes="0" />
</gc-op>
<gc-end id="4431" type="global mark phase" contextid="4427" durationms="1.631" usertimems="4.000" systemtimems="0.000" timestamp="2019-06-17T04:32:13.851" activeThreads="4">
  <mem-info id="4432" free="48234496" total="124780544" percent="38">
    <remembered-set count="1792" freebytes="5266688" totalbytes="5273856" percent="99" regionsoverflowed="0" regionsstable="0" regionsrebuilding="18"/>
  </mem-info>
</gc-end>
<concurrent-start id="4433" type="GMP work packet processing" contextid="4427" timestamp="2019-06-17T04:32:13.852">
  <concurrent-mark-start scanTarget="1905195" />
</concurrent-start>
<exclusive-end id="4434" timestamp="2019-06-17T04:32:13.852" durationms="2.704" />

<concurrent-end id="4435" type="GMP work packet processing" contextid="4427" timestamp="2019-06-17T04:32:13.855">
  <concurrent-mark-end bytesScanned="1940376" reasonForTermination="Work target met" />
</concurrent-end>

<exclusive-start id="4436" timestamp="2019-06-17T04:32:13.900" intervalms="51.035">
  <response-info timems="0.112" idlems="0.112" threads="0" lastid="0000000002320700" lastname="main" />
</exclusive-start>
<allocation-taxation id="4437" taxation-threshold="18874368" timestamp="2019-06-17T04:32:13.900" intervalms="50.953" />
<cycle-start id="4438" type="partial gc" contextid="0" timestamp="2019-06-17T04:32:13.900" intervalms="58.714" />
<gc-start id="4439" type="partial gc" contextid="4438" timestamp="2019-06-17T04:32:13.901">
  <mem-info id="4440" free="29360128" total="124780544" percent="23">
    <mem type="eden" free="1010824" total="38797312" percent="2" />
    <remembered-set count="21984" freebytes="5185920" totalbytes="5273856" percent="98" regionsoverflowed="0" regionsstable="0" regionsrebuilding="18"/>
  </mem-info>
</gc-start>
<allocation-stats totalBytes="36548656" >
  <allocated-bytes non-tlh="0" tlh="36548656" arrayletleaf="0"/>
  <largest-consumer threadName="main" threadId="0000000002320700" bytes="18873664" />
</allocation-stats>
<gc-op id="4441" type="copy forward" timems="3.801" contextid="4438" timestamp="2019-06-17T04:32:13.906">
  <memory-copied type="eden" objects="131" bytes="7336" bytesdiscarded="1696" />
  <memory-copied type="other" objects="36" bytes="864" bytesdiscarded="192" />
  <memory-cardclean objects="78" bytes="2328" />
  <regions eden="36" other="2" />
  <remembered-set-cleared processed="18791" cleared="84" durationms="0.157" />
  <stringconstants candidates="13747" cleared="0"  />
</gc-op>
<gc-op id="4442" type="classunload" timems="0.004" contextid="4438" timestamp="2019-06-17T04:32:13.906">
  <classunload-info classloadercandidates="54" classloadersunloaded="0" classesunloaded="0" anonymousclassesunloaded="0" quiescems="0.000" setupms="0.004" scanms="0.000" postms="0.000" />
</gc-op>
<heap-resize id="4443" type="expand" space="default" amount="19922944" count="1" timems="0.103" reason="excessive time being spent in gc" timestamp="2019-06-17T04:32:13.906" />
<gc-end id="4444" type="partial gc" contextid="4438" durationms="5.795" usertimems="12.000" systemtimems="0.000" timestamp="2019-06-17T04:32:13.907" activeThreads="4">
  <mem-info id="4445" free="87031808" total="144703488" percent="60">
    <mem type="eden" free="1039544" total="1048576" percent="99" />
    <remembered-set count="22720" freebytes="5685248" totalbytes="5776128" percent="98" regionsoverflowed="0" regionsstable="0" regionsrebuilding="18"/>
  </mem-info>
</gc-end>
<cycle-end id="4446" type="partial gc" contextid="4438" timestamp="2019-06-17T04:32:13.907" />
  <attribute name="elasticGC enabled" value="1" />
  <attribute name= "numThreadsSpecified" value="4" />
  <attribute name="heapSize specified" value="0" />
  <attribute name="Current GC Util" value="83" />
  <attribute name= "Current Time Running" value="63339" />
  <attribute name ="GC Interval" value="0" />
  <attribute name="ProportionalT" value="94.500000" />
  <attribute name="ProportionalI" value="94.500000" />
  <attribute name="ProportionalH" value="94.500000" />
  <attribute name="Current Error" value="63.000000" />
  <attribute name="IntegralT" value="63.000000" />
  <attribute name="IntegralI" value="63.000000" />
  <attribute name="IntegralH" value="63.000000" />
  <attribute name="DerivativeT" value="94.500000" />
  <attribute name="DerivativeI" value="94.500000" />
  <attribute name="DerivativeH" value="94.500000" />
  <attribute name="Loop Time for DT" value="1.000000" />
  <attribute name="Output H" value="8388608"/>
  <attribute name="Output I" value="256"/>
  <attribute name="Output T" value="4"/>
  <attribute name="Target GC Util Change" value ="20.000000" />
  <attribute name="Current GC Util Change" value="83.000000"/>
  <attribute name="GC Util currently" value="83" />
  <attribute name="CPU Util currently" value="6322852063719" />
<exclusive-end id="4447" timestamp="2019-06-17T04:32:13.907" durationms="7.155" />

<exclusive-start id="4448" timestamp="2019-06-17T04:32:13.992" intervalms="92.463">
  <response-info timems="0.095" idlems="0.095" threads="0" lastid="0000000002320700" lastname="main" />
</exclusive-start>
<allocation-taxation id="4449" taxation-threshold="20971520" timestamp="2019-06-17T04:32:13.993" intervalms="92.448" />
<gc-start id="4450" type="global mark phase" contextid="4427" timestamp="2019-06-17T04:32:13.993">
  <mem-info id="4451" free="66060288" total="144703488" percent="45">
    <remembered-set count="22720" freebytes="5685248" totalbytes="5776128" percent="98" regionsoverflowed="0" regionsstable="0" regionsrebuilding="18"/>
  </mem-info>
</gc-start>
<gc-end id="4452" type="global mark phase" contextid="4427" durationms="0.185" usertimems="0.000" systemtimems="0.000" timestamp="2019-06-17T04:32:13.993" activeThreads="4">
  <mem-info id="4453" free="66060288" total="144703488" percent="45">
    <remembered-set count="22720" freebytes="5685248" totalbytes="5776128" percent="98" regionsoverflowed="0" regionsstable="0" regionsrebuilding="18"/>
  </mem-info>
</gc-end>
<concurrent-start id="4454" type="GMP work packet processing" contextid="4427" timestamp="2019-06-17T04:32:13.993">
  <concurrent-mark-start scanTarget="1905195" />
</concurrent-start>
<exclusive-end id="4455" timestamp="2019-06-17T04:32:13.993" durationms="1.025" />

<concurrent-end id="4456" type="GMP work packet processing" contextid="4427" timestamp="2019-06-17T04:32:13.995">
  <concurrent-mark-end bytesScanned="1994008" reasonForTermination="Work target met" />
</concurrent-end>

<exclusive-start id="4457" timestamp="2019-06-17T04:32:14.007" intervalms="14.407">
  <response-info timems="0.071" idlems="0.071" threads="0" lastid="0000000002320700" lastname="main" />
</exclusive-start>
<allocation-taxation id="4458" taxation-threshold="20971520" timestamp="2019-06-17T04:32:14.007" intervalms="14.354" />
<cycle-start id="4459" type="partial gc" contextid="0" timestamp="2019-06-17T04:32:14.007" intervalms="106.785" />
<gc-start id="4460" type="partial gc" contextid="4459" timestamp="2019-06-17T04:32:14.007">
  <mem-info id="4461" free="45088768" total="144703488" percent="31">
    <mem type="eden" free="0" total="41943040" percent="0" />
    <remembered-set count="39776" freebytes="5617024" totalbytes="5776128" percent="97" regionsoverflowed="0" regionsstable="0" regionsrebuilding="18"/>
  </mem-info>
</gc-start>
<allocation-stats totalBytes="41938080" >
  <allocated-bytes non-tlh="0" tlh="41938080" arrayletleaf="0"/>
  <largest-consumer threadName="main" threadId="0000000002320700" bytes="20969152" />
</allocation-stats>
<gc-op id="4462" type="copy forward" timems="1.734" contextid="4459" timestamp="2019-06-17T04:32:14.010">
  <memory-copied type="eden" objects="35" bytes="1072" bytesdiscarded="0" />
  <memory-copied type="other" objects="42" bytes="1008" bytesdiscarded="0" />
  <memory-cardclean objects="85" bytes="2568" />
  <regions eden="40" other="2" />
  <remembered-set-cleared processed="36193" cleared="57" durationms="0.358" />
  <stringconstants candidates="13747" cleared="0"  />
</gc-op>
<gc-op id="4463" type="classunload" timems="0.004" contextid="4459" timestamp="2019-06-17T04:32:14.010">
  <classunload-info classloadercandidates="54" classloadersunloaded="0" classesunloaded="0" anonymousclassesunloaded="0" quiescems="0.000" setupms="0.003" scanms="0.000" postms="0.000" />
</gc-op>
<gc-end id="4464" type="partial gc" contextid="4459" durationms="3.054" usertimems="4.000" systemtimems="0.000" timestamp="2019-06-17T04:32:14.011" activeThreads="1">
  <mem-info id="4465" free="85983232" total="144703488" percent="59">
    <mem type="eden" free="1047504" total="1048576" percent="99" />
    <remembered-set count="39808" freebytes="5616896" totalbytes="5776128" percent="97" regionsoverflowed="0" regionsstable="0" regionsrebuilding="18"/>
  </mem-info>
</gc-end>
<cycle-end id="4466" type="partial gc" contextid="4459" timestamp="2019-06-17T04:32:14.011" />
  <attribute name="elasticGC enabled" value="1" />
  <attribute name= "numThreadsSpecified" value="1" />
  <attribute name="heapSize specified" value="0" />
  <attribute name="Current GC Util" value="173" />
  <attribute name= "Current Time Running" value="63445" />
  <attribute name ="GC Interval" value="0" />
  <attribute name="ProportionalT" value="229.500000" />
  <attribute name="ProportionalI" value="229.500000" />
  <attribute name="ProportionalH" value="229.500000" />
  <attribute name="Current Error" value="153.000000" />
  <attribute name="IntegralT" value="0.000000" />
  <attribute name="IntegralI" value="0.000000" />
  <attribute name="IntegralH" value="0.000000" />
  <attribute name="DerivativeT" value="inf" />
  <attribute name="DerivativeI" value="inf" />
  <attribute name="DerivativeH" value="inf" />
  <attribute name="Loop Time for DT" value="0.000000" />
  <attribute name="Output H" value="8388608"/>
  <attribute name="Output I" value="200"/>
  <attribute name="Output T" value="1"/>
  <attribute name="Target GC Util Change" value ="20.000000" />
  <attribute name="Current GC Util Change" value="173.000000"/>
  <attribute name="GC Util currently" value="173" />
  <attribute name="CPU Util currently" value="13753417604023" />
<exclusive-end id="4467" timestamp="2019-06-17T04:32:14.011" durationms="4.113" />

<exclusive-start id="4468" timestamp="2019-06-17T04:32:14.026" intervalms="19.467">
  <response-info timems="0.084" idlems="0.084" threads="0" lastid="0000000002320700" lastname="main" />
</exclusive-start>
<allocation-taxation id="4469" taxation-threshold="20971520" timestamp="2019-06-17T04:32:14.027" intervalms="19.526" />
<gc-start id="4470" type="global mark phase" contextid="4427" timestamp="2019-06-17T04:32:14.027">
  <mem-info id="4471" free="65011712" total="144703488" percent="44">
    <remembered-set count="39584" freebytes="5617792" totalbytes="5776128" percent="97" regionsoverflowed="0" regionsstable="0" regionsrebuilding="18"/>
  </mem-info>
</gc-start>
<gc-end id="4472" type="global mark phase" contextid="4427" durationms="0.135" usertimems="0.000" systemtimems="0.000" timestamp="2019-06-17T04:32:14.027" activeThreads="1">
  <mem-info id="4473" free="65011712" total="144703488" percent="44">
    <remembered-set count="39584" freebytes="5617792" totalbytes="5776128" percent="97" regionsoverflowed="0" regionsstable="0" regionsrebuilding="18"/>
  </mem-info>
</gc-end>
<concurrent-start id="4474" type="GMP work packet processing" contextid="4427" timestamp="2019-06-17T04:32:14.027">
  <concurrent-mark-start scanTarget="1048576" />
</concurrent-start>
<exclusive-end id="4475" timestamp="2019-06-17T04:32:14.027" durationms="0.924" />

<concurrent-end id="4476" type="GMP work packet processing" contextid="4427" timestamp="2019-06-17T04:32:14.028">
  <concurrent-mark-end bytesScanned="1114428" reasonForTermination="Work target met" />
</concurrent-end>

<exclusive-start id="4477" timestamp="2019-06-17T04:32:14.048" intervalms="21.370">
  <response-info timems="0.081" idlems="0.081" threads="0" lastid="0000000002320700" lastname="main" />
</exclusive-start>
<allocation-taxation id="4478" taxation-threshold="20971520" timestamp="2019-06-17T04:32:14.048" intervalms="21.350" />
<cycle-start id="4479" type="partial gc" contextid="0" timestamp="2019-06-17T04:32:14.048" intervalms="40.882" />
<gc-start id="4480" type="partial gc" contextid="4479" timestamp="2019-06-17T04:32:14.048">
  <mem-info id="4481" free="44040192" total="144703488" percent="30">
    <mem type="eden" free="0" total="41943040" percent="0" />
    <remembered-set count="49312" freebytes="5578880" totalbytes="5776128" percent="96" regionsoverflowed="0" regionsstable="0" regionsrebuilding="18"/>
  </mem-info>
</gc-start>
<allocation-stats totalBytes="41936008" >
  <allocated-bytes non-tlh="0" tlh="41936008" arrayletleaf="0"/>
  <largest-consumer threadName="main" threadId="0000000002320700" bytes="20967584" />
</allocation-stats>
<gc-op id="4482" type="copy forward" timems="1.691" contextid="4479" timestamp="2019-06-17T04:32:14.051">
  <memory-copied type="eden" objects="45" bytes="1464" bytesdiscarded="0" />
  <memory-copied type="other" objects="29" bytes="792" bytesdiscarded="0" />
  <memory-cardclean objects="85" bytes="2560" />
  <regions eden="40" other="2" />
  <remembered-set-cleared processed="46041" cleared="78" durationms="0.413" />
  <stringconstants candidates="13747" cleared="0"  />
</gc-op>
<gc-op id="4483" type="classunload" timems="0.004" contextid="4479" timestamp="2019-06-17T04:32:14.051">
  <classunload-info classloadercandidates="54" classloadersunloaded="0" classesunloaded="0" anonymousclassesunloaded="0" quiescems="0.000" setupms="0.004" scanms="0.000" postms="0.000" />
</gc-op>
<gc-end id="4484" type="partial gc" contextid="4479" durationms="2.995" usertimems="4.000" systemtimems="0.000" timestamp="2019-06-17T04:32:14.051" activeThreads="1">
  <mem-info id="4485" free="84934656" total="144703488" percent="58">
    <mem type="eden" free="1047112" total="1048576" percent="99" />
    <remembered-set count="49664" freebytes="5577472" totalbytes="5776128" percent="96" regionsoverflowed="0" regionsstable="0" regionsrebuilding="18"/>
  </mem-info>
</gc-end>
<cycle-end id="4486" type="partial gc" contextid="4479" timestamp="2019-06-17T04:32:14.052" />
  <attribute name="elasticGC enabled" value="1" />
  <attribute name= "numThreadsSpecified" value="1" />
  <attribute name="heapSize specified" value="0" />
  <attribute name="Current GC Util" value="154" />
  <attribute name= "Current Time Running" value="63486" />
  <attribute name ="GC Interval" value="0" />
  <attribute name="ProportionalT" value="201.000000" />
  <attribute name="ProportionalI" value="201.000000" />
  <attribute name="ProportionalH" value="201.000000" />
  <attribute name="Current Error" value="134.000000" />
  <attribute name="IntegralT" value="0.000000" />
  <attribute name="IntegralI" value="0.000000" />
  <attribute name="IntegralH" value="0.000000" />
  <attribute name="DerivativeT" value="inf" />
  <attribute name="DerivativeI" value="inf" />
  <attribute name="DerivativeH" value="inf" />
  <attribute name="Loop Time for DT" value="0.000000" />
  <attribute name="Output H" value="8388608"/>
  <attribute name="Output I" value="200"/>
  <attribute name="Output T" value="1"/>
  <attribute name="Target GC Util Change" value ="20.000000" />
  <attribute name="Current GC Util Change" value="154.000000"/>
  <attribute name="GC Util currently" value="154" />
  <attribute name="CPU Util currently" value="11818290289131" />
<exclusive-end id="4487" timestamp="2019-06-17T04:32:14.052" durationms="4.231" />

<exclusive-start id="4488" timestamp="2019-06-17T04:32:14.070" intervalms="21.948">
  <response-info timems="0.084" idlems="0.084" threads="0" lastid="0000000002320700" lastname="main" />
</exclusive-start>
<allocation-taxation id="4489" taxation-threshold="20971520" timestamp="2019-06-17T04:32:14.070" intervalms="21.974" />
<gc-start id="4490" type="global mark phase" contextid="4427" timestamp="2019-06-17T04:32:14.070">
  <mem-info id="4491" free="63963136" total="144703488" percent="44">
    <remembered-set count="49440" freebytes="5578368" totalbytes="5776128" percent="96" regionsoverflowed="0" regionsstable="0" regionsrebuilding="18"/>
  </mem-info>
</gc-start>
<gc-end id="4492" type="global mark phase" contextid="4427" durationms="0.159" usertimems="0.000" systemtimems="0.000" timestamp="2019-06-17T04:32:14.070" activeThreads="1">
  <mem-info id="4493" free="63963136" total="144703488" percent="44">
    <remembered-set count="49440" freebytes="5578368" totalbytes="5776128" percent="96" regionsoverflowed="0" regionsstable="0" regionsrebuilding="18"/>
  </mem-info>
</gc-end>
<concurrent-start id="4494" type="GMP work packet processing" contextid="4427" timestamp="2019-06-17T04:32:14.070">
  <concurrent-mark-start scanTarget="1048576" />
</concurrent-start>
<exclusive-end id="4495" timestamp="2019-06-17T04:32:14.071" durationms="0.982" />

<concurrent-end id="4496" type="GMP work packet processing" contextid="4427" timestamp="2019-06-17T04:32:14.072">
  <concurrent-mark-end bytesScanned="1114356" reasonForTermination="Work target met" />
</concurrent-end>

<exclusive-start id="4497" timestamp="2019-06-17T04:32:14.087" intervalms="17.120">
  <response-info timems="0.123" idlems="0.123" threads="0" lastid="0000000002320700" lastname="main" />
</exclusive-start>
<allocation-taxation id="4498" taxation-threshold="20971520" timestamp="2019-06-17T04:32:14.087" intervalms="17.115" />
<cycle-start id="4499" type="partial gc" contextid="0" timestamp="2019-06-17T04:32:14.087" intervalms="39.087" />
<gc-start id="4500" type="partial gc" contextid="4499" timestamp="2019-06-17T04:32:14.087">
  <mem-info id="4501" free="42991616" total="144703488" percent="29">
    <mem type="eden" free="0" total="41943040" percent="0" />
    <remembered-set count="60704" freebytes="5533312" totalbytes="5776128" percent="95" regionsoverflowed="0" regionsstable="0" regionsrebuilding="18"/>
  </mem-info>
</gc-start>
<allocation-stats totalBytes="41927680" >
  <allocated-bytes non-tlh="0" tlh="41927680" arrayletleaf="0"/>
  <largest-consumer threadName="main" threadId="0000000002320700" bytes="20963184" />
</allocation-stats>
<gc-op id="4502" type="copy forward" timems="1.768" contextid="4499" timestamp="2019-06-17T04:32:14.090">
  <memory-copied type="eden" objects="27" bytes="1000" bytesdiscarded="0" />
  <memory-copied type="other" objects="28" bytes="744" bytesdiscarded="0" />
  <memory-cardclean objects="85" bytes="2560" />
  <regions eden="40" other="2" />
  <remembered-set-cleared processed="57570" cleared="64" durationms="0.488" />
  <stringconstants candidates="13747" cleared="0"  />
</gc-op>
<gc-op id="4503" type="classunload" timems="0.004" contextid="4499" timestamp="2019-06-17T04:32:14.090">
  <classunload-info classloadercandidates="54" classloadersunloaded="0" classesunloaded="0" anonymousclassesunloaded="0" quiescems="0.000" setupms="0.003" scanms="0.000" postms="0.000" />
</gc-op>
<gc-end id="4504" type="partial gc" contextid="4499" durationms="3.220" usertimems="4.000" systemtimems="0.000" timestamp="2019-06-17T04:32:14.091" activeThreads="1">
  <mem-info id="4505" free="83886080" total="144703488" percent="57">
    <mem type="eden" free="1047576" total="1048576" percent="99" />
    <remembered-set count="60992" freebytes="5532160" totalbytes="5776128" percent="95" regionsoverflowed="0" regionsstable="0" regionsrebuilding="18"/>
  </mem-info>
</gc-end>
<cycle-end id="4506" type="partial gc" contextid="4499" timestamp="2019-06-17T04:32:14.091" />
  <attribute name="elasticGC enabled" value="1" />
  <attribute name= "numThreadsSpecified" value="1" />
  <attribute name="heapSize specified" value="0" />
  <attribute name="Current GC Util" value="162" />
  <attribute name= "Current Time Running" value="63525" />
  <attribute name ="GC Interval" value="0" />
  <attribute name="ProportionalT" value="213.000000" />
  <attribute name="ProportionalI" value="213.000000" />
  <attribute name="ProportionalH" value="213.000000" />
  <attribute name="Current Error" value="142.000000" />
  <attribute name="IntegralT" value="0.000000" />
  <attribute name="IntegralI" value="0.000000" />
  <attribute name="IntegralH" value="0.000000" />
  <attribute name="DerivativeT" value="inf" />
  <attribute name="DerivativeI" value="inf" />
  <attribute name="DerivativeH" value="inf" />
  <attribute name="Loop Time for DT" value="0.000000" />
  <attribute name="Output H" value="8388608"/>
  <attribute name="Output I" value="200"/>
  <attribute name="Output T" value="1"/>
  <attribute name="Target GC Util Change" value ="20.000000" />
  <attribute name="Current GC Util Change" value="162.000000"/>
  <attribute name="GC Util currently" value="162" />
  <attribute name="CPU Util currently" value="11905487851814" />
<exclusive-end id="4507" timestamp="2019-06-17T04:32:14.091" durationms="4.341" />

<exclusive-start id="4508" timestamp="2019-06-17T04:32:14.112" intervalms="25.096">
  <response-info timems="0.089" idlems="0.089" threads="0" lastid="0000000002320700" lastname="main" />
</exclusive-start>
<allocation-taxation id="4509" taxation-threshold="20971520" timestamp="2019-06-17T04:32:14.112" intervalms="25.101" />
<gc-start id="4510" type="global mark phase" contextid="4427" timestamp="2019-06-17T04:32:14.112">
  <mem-info id="4511" free="62914560" total="144703488" percent="43">
    <remembered-set count="60768" freebytes="5533056" totalbytes="5776128" percent="95" regionsoverflowed="0" regionsstable="0" regionsrebuilding="18"/>
  </mem-info>
</gc-start>
<gc-end id="4512" type="global mark phase" contextid="4427" durationms="0.153" usertimems="0.000" systemtimems="0.000" timestamp="2019-06-17T04:32:14.112" activeThreads="1">
  <mem-info id="4513" free="62914560" total="144703488" percent="43">
    <remembered-set count="60768" freebytes="5533056" totalbytes="5776128" percent="95" regionsoverflowed="0" regionsstable="0" regionsrebuilding="18"/>
  </mem-info>
</gc-end>
<concurrent-start id="4514" type="GMP work packet processing" contextid="4427" timestamp="2019-06-17T04:32:14.113">
  <concurrent-mark-start scanTarget="1048576" />
</concurrent-start>
<exclusive-end id="4515" timestamp="2019-06-17T04:32:14.113" durationms="0.970" />

<concurrent-end id="4516" type="GMP work packet processing" contextid="4427" timestamp="2019-06-17T04:32:14.114">
  <concurrent-mark-end bytesScanned="1102076" reasonForTermination="Work target met" />
</concurrent-end>

<exclusive-start id="4517" timestamp="2019-06-17T04:32:14.139" intervalms="27.457">
  <response-info timems="0.075" idlems="0.075" threads="0" lastid="0000000002320700" lastname="main" />
</exclusive-start>
<allocation-taxation id="4518" taxation-threshold="20971520" timestamp="2019-06-17T04:32:14.139" intervalms="27.402" />
<cycle-start id="4519" type="partial gc" contextid="0" timestamp="2019-06-17T04:32:14.140" intervalms="52.551" />
<gc-start id="4520" type="partial gc" contextid="4519" timestamp="2019-06-17T04:32:14.140">
  <mem-info id="4521" free="41943040" total="144703488" percent="28">
    <mem type="eden" free="0" total="41943040" percent="0" />
    <remembered-set count="74624" freebytes="5477632" totalbytes="5776128" percent="94" regionsoverflowed="0" regionsstable="0" regionsrebuilding="18"/>
  </mem-info>
</gc-start>
<allocation-stats totalBytes="41935944" >
  <allocated-bytes non-tlh="0" tlh="41935944" arrayletleaf="0"/>
  <largest-consumer threadName="main" threadId="0000000002320700" bytes="20970456" />
</allocation-stats>
<gc-op id="4522" type="copy forward" timems="1.887" contextid="4519" timestamp="2019-06-17T04:32:14.143">
  <memory-copied type="eden" objects="35" bytes="1040" bytesdiscarded="0" />
  <memory-copied type="other" objects="13" bytes="336" bytesdiscarded="0" />
  <memory-cardclean objects="117" bytes="3264" />
  <regions eden="40" other="2" />
  <remembered-set-cleared processed="71450" cleared="69" durationms="0.583" />
  <stringconstants candidates="13747" cleared="0"  />
</gc-op>
<gc-op id="4523" type="classunload" timems="0.004" contextid="4519" timestamp="2019-06-17T04:32:14.143">
  <classunload-info classloadercandidates="54" classloadersunloaded="0" classesunloaded="0" anonymousclassesunloaded="0" quiescems="0.000" setupms="0.004" scanms="0.000" postms="0.000" />
</gc-op>
<gc-end id="4524" type="partial gc" contextid="4519" durationms="3.300" usertimems="4.000" systemtimems="0.000" timestamp="2019-06-17T04:32:14.143" activeThreads="1">
  <mem-info id="4525" free="82837504" total="144703488" percent="57">
    <mem type="eden" free="1047536" total="1048576" percent="99" />
    <remembered-set count="74784" freebytes="5476992" totalbytes="5776128" percent="94" regionsoverflowed="0" regionsstable="0" regionsrebuilding="18"/>
  </mem-info>
</gc-end>
<cycle-end id="4526" type="partial gc" contextid="4519" timestamp="2019-06-17T04:32:14.143" />
  <attribute name="elasticGC enabled" value="1" />
  <attribute name= "numThreadsSpecified" value="1" />
  <attribute name="heapSize specified" value="0" />
  <attribute name="Current GC Util" value="155" />
  <attribute name= "Current Time Running" value="63578" />
  <attribute name ="GC Interval" value="0" />
  <attribute name="ProportionalT" value="202.500000" />
  <attribute name="ProportionalI" value="202.500000" />
  <attribute name="ProportionalH" value="202.500000" />
  <attribute name="Current Error" value="135.000000" />
  <attribute name="IntegralT" value="0.000000" />
  <attribute name="IntegralI" value="0.000000" />
  <attribute name="IntegralH" value="0.000000" />
  <attribute name="DerivativeT" value="inf" />
  <attribute name="DerivativeI" value="inf" />
  <attribute name="DerivativeH" value="inf" />
  <attribute name="Loop Time for DT" value="0.000000" />
  <attribute name="Output H" value="8388608"/>
  <attribute name="Output I" value="200"/>
  <attribute name="Output T" value="1"/>
  <attribute name="Target GC Util Change" value ="20.000000" />
  <attribute name="Current GC Util Change" value="155.000000"/>
  <attribute name="GC Util currently" value="155" />
  <attribute name="CPU Util currently" value="12794742931140" />
<exclusive-end id="4527" timestamp="2019-06-17T04:32:14.144" durationms="4.381" />

<exclusive-start id="4528" timestamp="2019-06-17T04:32:14.171" intervalms="31.959">
  <response-info timems="0.071" idlems="0.071" threads="0" lastid="0000000002320700" lastname="main" />
</exclusive-start>
<allocation-taxation id="4529" taxation-threshold="20971520" timestamp="2019-06-17T04:32:14.171" intervalms="31.922" />
<gc-start id="4530" type="global mark phase" contextid="4427" timestamp="2019-06-17T04:32:14.172">
  <mem-info id="4531" free="61865984" total="144703488" percent="42">
    <remembered-set count="74528" freebytes="5478016" totalbytes="5776128" percent="94" regionsoverflowed="0" regionsstable="0" regionsrebuilding="18"/>
  </mem-info>
</gc-start>
<gc-end id="4532" type="global mark phase" contextid="4427" durationms="0.170" usertimems="0.000" systemtimems="0.000" timestamp="2019-06-17T04:32:14.172" activeThreads="1">
  <mem-info id="4533" free="61865984" total="144703488" percent="42">
    <remembered-set count="74528" freebytes="5478016" totalbytes="5776128" percent="94" regionsoverflowed="0" regionsstable="0" regionsrebuilding="18"/>
  </mem-info>
</gc-end>
<concurrent-start id="4534" type="GMP work packet processing" contextid="4427" timestamp="2019-06-17T04:32:14.172">
  <concurrent-mark-start scanTarget="1048576" />
</concurrent-start>
<exclusive-end id="4535" timestamp="2019-06-17T04:32:14.172" durationms="0.822" />

<concurrent-end id="4536" type="GMP work packet processing" contextid="4427" timestamp="2019-06-17T04:32:14.173">
  <concurrent-mark-end bytesScanned="1087436" reasonForTermination="Work target met" />
</concurrent-end>

<exclusive-start id="4537" timestamp="2019-06-17T04:32:14.198" intervalms="26.852">
  <response-info timems="0.076" idlems="0.076" threads="0" lastid="0000000002320700" lastname="main" />
</exclusive-start>
<allocation-taxation id="4538" taxation-threshold="20971520" timestamp="2019-06-17T04:32:14.198" intervalms="26.863" />
<cycle-start id="4539" type="partial gc" contextid="0" timestamp="2019-06-17T04:32:14.198" intervalms="58.714" />
<gc-start id="4540" type="partial gc" contextid="4539" timestamp="2019-06-17T04:32:14.199">
  <mem-info id="4541" free="40894464" total="144703488" percent="28">
    <mem type="eden" free="0" total="41943040" percent="0" />
    <remembered-set count="83776" freebytes="5441024" totalbytes="5776128" percent="94" regionsoverflowed="0" regionsstable="0" regionsrebuilding="18"/>
  </mem-info>
</gc-start>
<allocation-stats totalBytes="41937888" >
  <allocated-bytes non-tlh="0" tlh="41937888" arrayletleaf="0"/>
  <largest-consumer threadName="main" threadId="0000000002320700" bytes="20967976" />
</allocation-stats>
<gc-op id="4542" type="copy forward" timems="3.868" contextid="4539" timestamp="2019-06-17T04:32:14.204">
  <memory-copied type="eden" objects="28" bytes="880" bytesdiscarded="1440" />
  <memory-copied type="other" objects="19" bytes="480" bytesdiscarded="1296" />
  <memory-cardclean objects="105" bytes="3064" />
  <regions eden="40" other="2" />
  <remembered-set-cleared processed="80238" cleared="68" durationms="0.316" />
  <stringconstants candidates="13747" cleared="0"  />
</gc-op>
<gc-op id="4543" type="classunload" timems="0.004" contextid="4539" timestamp="2019-06-17T04:32:14.204">
  <classunload-info classloadercandidates="54" classloadersunloaded="0" classesunloaded="0" anonymousclassesunloaded="0" quiescems="0.000" setupms="0.004" scanms="0.000" postms="0.000" />
</gc-op>
<gc-end id="4544" type="partial gc" contextid="4539" durationms="5.089" usertimems="12.000" systemtimems="0.000" timestamp="2019-06-17T04:32:14.204" activeThreads="4">
  <mem-info id="4545" free="81788928" total="144703488" percent="56">
    <mem type="eden" free="1046256" total="1048576" percent="99" />
    <remembered-set count="84256" freebytes="5439104" totalbytes="5776128" percent="94" regionsoverflowed="0" regionsstable="0" regionsrebuilding="18"/>
  </mem-info>
</gc-end>
<cycle-end id="4546" type="partial gc" contextid="4539" timestamp="2019-06-17T04:32:14.204" />
  <attribute name="elasticGC enabled" value="1" />
  <attribute name= "numThreadsSpecified" value="4" />
  <attribute name="heapSize specified" value="0" />
  <attribute name="Current GC Util" value="157" />
  <attribute name= "Current Time Running" value="63637" />
  <attribute name ="GC Interval" value="0" />
  <attribute name="ProportionalT" value="205.500000" />
  <attribute name="ProportionalI" value="205.500000" />
  <attribute name="ProportionalH" value="205.500000" />
  <attribute name="Current Error" value="137.000000" />
  <attribute name="IntegralT" value="137.000000" />
  <attribute name="IntegralI" value="137.000000" />
  <attribute name="IntegralH" value="137.000000" />
  <attribute name="DerivativeT" value="205.500000" />
  <attribute name="DerivativeI" value="205.500000" />
  <attribute name="DerivativeH" value="205.500000" />
  <attribute name="Loop Time for DT" value="1.000000" />
  <attribute name="Output H" value="8388608"/>
  <attribute name="Output I" value="552"/>
  <attribute name="Output T" value="4"/>
  <attribute name="Target GC Util Change" value ="20.000000" />
  <attribute name="Current GC Util Change" value="157.000000"/>
  <attribute name="GC Util currently" value="157" />
  <attribute name="CPU Util currently" value="12722699544987" />
<exclusive-end id="4547" timestamp="2019-06-17T04:32:14.204" durationms="6.027" />

<exclusive-start id="4548" timestamp="2019-06-17T04:32:14.230" intervalms="31.574">
  <response-info timems="0.084" idlems="0.084" threads="0" lastid="0000000002320700" lastname="main" />
</exclusive-start>
<allocation-taxation id="4549" taxation-threshold="20971520" timestamp="2019-06-17T04:32:14.230" intervalms="31.676" />
<gc-start id="4550" type="global mark phase" contextid="4427" timestamp="2019-06-17T04:32:14.230">
  <mem-info id="4551" free="60817408" total="144703488" percent="42">
    <remembered-set count="83904" freebytes="5440512" totalbytes="5776128" percent="94" regionsoverflowed="0" regionsstable="0" regionsrebuilding="18"/>
  </mem-info>
</gc-start>
<gc-end id="4552" type="global mark phase" contextid="4427" durationms="0.155" usertimems="0.000" systemtimems="0.000" timestamp="2019-06-17T04:32:14.230" activeThreads="4">
  <mem-info id="4553" free="60817408" total="144703488" percent="42">
    <remembered-set count="83904" freebytes="5440512" totalbytes="5776128" percent="94" regionsoverflowed="0" regionsstable="0" regionsrebuilding="18"/>
  </mem-info>
</gc-end>
<concurrent-start id="4554" type="GMP work packet processing" contextid="4427" timestamp="2019-06-17T04:32:14.230">
  <concurrent-mark-start scanTarget="1905195" />
</concurrent-start>
<exclusive-end id="4555" timestamp="2019-06-17T04:32:14.231" durationms="0.960" />

<concurrent-end id="4556" type="GMP work packet processing" contextid="4427" timestamp="2019-06-17T04:32:14.233">
  <concurrent-mark-end bytesScanned="1957084" reasonForTermination="Work target met" />
</concurrent-end>

<exclusive-start id="4557" timestamp="2019-06-17T04:32:14.252" intervalms="21.812">
  <response-info timems="0.082" idlems="0.082" threads="0" lastid="0000000002320700" lastname="main" />
</exclusive-start>
<allocation-taxation id="4558" taxation-threshold="20971520" timestamp="2019-06-17T04:32:14.252" intervalms="21.755" />
<cycle-start id="4559" type="partial gc" contextid="0" timestamp="2019-06-17T04:32:14.252" intervalms="53.422" />
<gc-start id="4560" type="partial gc" contextid="4559" timestamp="2019-06-17T04:32:14.252">
  <mem-info id="4561" free="39845888" total="144703488" percent="27">
    <mem type="eden" free="0" total="41943040" percent="0" />
    <remembered-set count="108832" freebytes="5340800" totalbytes="5776128" percent="92" regionsoverflowed="0" regionsstable="0" regionsrebuilding="18"/>
  </mem-info>
</gc-start>
<allocation-stats totalBytes="41938072" >
  <allocated-bytes non-tlh="0" tlh="41938072" arrayletleaf="0"/>
  <largest-consumer threadName="main" threadId="0000000002320700" bytes="20969288" />
</allocation-stats>
<gc-op id="4562" type="copy forward" timems="2.067" contextid="4559" timestamp="2019-06-17T04:32:14.255">
  <memory-copied type="eden" objects="21" bytes="680" bytesdiscarded="0" />
  <memory-copied type="other" objects="18" bytes="432" bytesdiscarded="0" />
  <memory-cardclean objects="90" bytes="2576" />
  <regions eden="40" other="2" />
  <remembered-set-cleared processed="105261" cleared="56" durationms="0.773" />
  <stringconstants candidates="13747" cleared="0"  />
</gc-op>
<gc-op id="4563" type="classunload" timems="0.004" contextid="4559" timestamp="2019-06-17T04:32:14.255">
  <classunload-info classloadercandidates="54" classloadersunloaded="0" classesunloaded="0" anonymousclassesunloaded="0" quiescems="0.000" setupms="0.004" scanms="0.000" postms="0.000" />
</gc-op>
<gc-end id="4564" type="partial gc" contextid="4559" durationms="3.434" usertimems="0.000" systemtimems="4.000" timestamp="2019-06-17T04:32:14.256" activeThreads="1">
  <mem-info id="4565" free="80740352" total="144703488" percent="55">
    <mem type="eden" free="1047896" total="1048576" percent="99" />
    <remembered-set count="108896" freebytes="5340544" totalbytes="5776128" percent="92" regionsoverflowed="0" regionsstable="0" regionsrebuilding="18"/>
  </mem-info>
</gc-end>
<cycle-end id="4566" type="partial gc" contextid="4559" timestamp="2019-06-17T04:32:14.256" />
  <attribute name="elasticGC enabled" value="1" />
  <attribute name= "numThreadsSpecified" value="1" />
  <attribute name="heapSize specified" value="0" />
  <attribute name="Current GC Util" value="153" />
  <attribute name= "Current Time Running" value="63690" />
  <attribute name ="GC Interval" value="0" />
  <attribute name="ProportionalT" value="199.500000" />
  <attribute name="ProportionalI" value="199.500000" />
  <attribute name="ProportionalH" value="199.500000" />
  <attribute name="Current Error" value="133.000000" />
  <attribute name="IntegralT" value="0.000000" />
  <attribute name="IntegralI" value="0.000000" />
  <attribute name="IntegralH" value="0.000000" />
  <attribute name="DerivativeT" value="inf" />
  <attribute name="DerivativeI" value="inf" />
  <attribute name="DerivativeH" value="inf" />
  <attribute name="Loop Time for DT" value="0.000000" />
  <attribute name="Output H" value="8388608"/>
  <attribute name="Output I" value="200"/>
  <attribute name="Output T" value="1"/>
  <attribute name="Target GC Util Change" value ="20.000000" />
  <attribute name="Current GC Util Change" value="153.000000"/>
  <attribute name="GC Util currently" value="153" />
  <attribute name="CPU Util currently" value="12828483739574" />
<exclusive-end id="4567" timestamp="2019-06-17T04:32:14.256" durationms="4.508" />

<exclusive-start id="4568" timestamp="2019-06-17T04:32:14.265" intervalms="13.745">
  <response-info timems="0.115" idlems="0.115" threads="0" lastid="0000000002320700" lastname="main" />
</exclusive-start>
<allocation-taxation id="4569" taxation-threshold="20971520" timestamp="2019-06-17T04:32:14.265" intervalms="13.757" />
<gc-start id="4570" type="global mark phase" contextid="4427" timestamp="2019-06-17T04:32:14.266">
  <mem-info id="4571" free="59768832" total="144703488" percent="41">
    <remembered-set count="108640" freebytes="5341568" totalbytes="5776128" percent="92" regionsoverflowed="0" regionsstable="0" regionsrebuilding="18"/>
  </mem-info>
</gc-start>
<gc-end id="4572" type="global mark phase" contextid="4427" durationms="0.172" usertimems="0.000" systemtimems="0.000" timestamp="2019-06-17T04:32:14.266" activeThreads="1">
  <mem-info id="4573" free="59768832" total="144703488" percent="41">
    <remembered-set count="108640" freebytes="5341568" totalbytes="5776128" percent="92" regionsoverflowed="0" regionsstable="0" regionsrebuilding="18"/>
  </mem-info>
</gc-end>
<concurrent-start id="4574" type="GMP work packet processing" contextid="4427" timestamp="2019-06-17T04:32:14.266">
  <concurrent-mark-start scanTarget="1048576" />
</concurrent-start>
<exclusive-end id="4575" timestamp="2019-06-17T04:32:14.266" durationms="0.845" />

<concurrent-end id="4576" type="GMP work packet processing" contextid="4427" timestamp="2019-06-17T04:32:14.267">
  <concurrent-mark-end bytesScanned="1090724" reasonForTermination="Work target met" />
</concurrent-end>

<exclusive-start id="4577" timestamp="2019-06-17T04:32:14.336" intervalms="70.661">
  <response-info timems="0.121" idlems="0.121" threads="0" lastid="0000000002320700" lastname="main" />
</exclusive-start>
<allocation-taxation id="4578" taxation-threshold="20971520" timestamp="2019-06-17T04:32:14.336" intervalms="70.639" />
<cycle-start id="4579" type="partial gc" contextid="0" timestamp="2019-06-17T04:32:14.336" intervalms="84.438" />
<gc-start id="4580" type="partial gc" contextid="4579" timestamp="2019-06-17T04:32:14.337">
  <mem-info id="4581" free="38797312" total="144703488" percent="26">
    <mem type="eden" free="0" total="41943040" percent="0" />
    <remembered-set count="121536" freebytes="5289984" totalbytes="5776128" percent="91" regionsoverflowed="0" regionsstable="0" regionsrebuilding="18"/>
  </mem-info>
</gc-start>
<allocation-stats totalBytes="41941048" >
  <allocated-bytes non-tlh="0" tlh="41941048" arrayletleaf="0"/>
  <largest-consumer threadName="main" threadId="0000000002320700" bytes="20970384" />
</allocation-stats>
<gc-op id="4582" type="copy forward" timems="2.046" contextid="4579" timestamp="2019-06-17T04:32:14.340">
  <memory-copied type="eden" objects="25" bytes="752" bytesdiscarded="0" />
  <memory-copied type="other" objects="12" bytes="288" bytesdiscarded="0" />
  <memory-cardclean objects="101" bytes="2808" />
  <regions eden="40" other="2" />
  <remembered-set-cleared processed="118034" cleared="61" durationms="0.825" />
  <stringconstants candidates="13747" cleared="0"  />
</gc-op>
<gc-op id="4583" type="classunload" timems="0.004" contextid="4579" timestamp="2019-06-17T04:32:14.340">
  <classunload-info classloadercandidates="54" classloadersunloaded="0" classesunloaded="0" anonymousclassesunloaded="0" quiescems="0.000" setupms="0.004" scanms="0.000" postms="0.000" />
</gc-op>
<gc-end id="4584" type="partial gc" contextid="4579" durationms="3.344" usertimems="4.000" systemtimems="0.000" timestamp="2019-06-17T04:32:14.340" activeThreads="1">
  <mem-info id="4585" free="79691776" total="144703488" percent="55">
    <mem type="eden" free="1047824" total="1048576" percent="99" />
    <remembered-set count="121664" freebytes="5289472" totalbytes="5776128" percent="91" regionsoverflowed="0" regionsstable="0" regionsrebuilding="18"/>
  </mem-info>
</gc-end>
<cycle-end id="4586" type="partial gc" contextid="4579" timestamp="2019-06-17T04:32:14.340" />
  <attribute name="elasticGC enabled" value="1" />
  <attribute name= "numThreadsSpecified" value="1" />
  <attribute name="heapSize specified" value="0" />
  <attribute name="Current GC Util" value="157" />
  <attribute name= "Current Time Running" value="63774" />
  <attribute name ="GC Interval" value="0" />
  <attribute name="ProportionalT" value="205.500000" />
  <attribute name="ProportionalI" value="205.500000" />
  <attribute name="ProportionalH" value="205.500000" />
  <attribute name="Current Error" value="137.000000" />
  <attribute name="IntegralT" value="0.000000" />
  <attribute name="IntegralI" value="0.000000" />
  <attribute name="IntegralH" value="0.000000" />
  <attribute name="DerivativeT" value="inf" />
  <attribute name="DerivativeI" value="inf" />
  <attribute name="DerivativeH" value="inf" />
  <attribute name="Loop Time for DT" value="0.000000" />
  <attribute name="Output H" value="8388608"/>
  <attribute name="Output I" value="200"/>
  <attribute name="Output T" value="1"/>
  <attribute name="Target GC Util Change" value ="20.000000" />
  <attribute name="Current GC Util Change" value="157.000000"/>
  <attribute name="GC Util currently" value="157" />
  <attribute name="CPU Util currently" value="12687452439846" />
<exclusive-end id="4587" timestamp="2019-06-17T04:32:14.340" durationms="4.423" />

<exclusive-start id="4588" timestamp="2019-06-17T04:32:14.426" intervalms="90.553">
  <response-info timems="0.077" idlems="0.077" threads="0" lastid="0000000002320700" lastname="main" />
</exclusive-start>
<allocation-taxation id="4589" taxation-threshold="20971520" timestamp="2019-06-17T04:32:14.427" intervalms="90.600" />
<gc-start id="4590" type="global mark phase" contextid="4427" timestamp="2019-06-17T04:32:14.427">
  <mem-info id="4591" free="58720256" total="144703488" percent="40">
    <remembered-set count="121472" freebytes="5290240" totalbytes="5776128" percent="91" regionsoverflowed="0" regionsstable="0" regionsrebuilding="18"/>
  </mem-info>
</gc-start>
<gc-end id="4592" type="global mark phase" contextid="4427" durationms="0.187" usertimems="0.000" systemtimems="0.000" timestamp="2019-06-17T04:32:14.427" activeThreads="1">
  <mem-info id="4593" free="58720256" total="144703488" percent="40">
    <remembered-set count="121472" freebytes="5290240" totalbytes="5776128" percent="91" regionsoverflowed="0" regionsstable="0" regionsrebuilding="18"/>
  </mem-info>
</gc-end>
<concurrent-start id="4594" type="GMP work packet processing" contextid="4427" timestamp="2019-06-17T04:32:14.427">
  <concurrent-mark-start scanTarget="1048576" />
</concurrent-start>
<exclusive-end id="4595" timestamp="2019-06-17T04:32:14.427" durationms="0.981" />

<concurrent-end id="4596" type="GMP work packet processing" contextid="4427" timestamp="2019-06-17T04:32:14.428">
  <concurrent-mark-end bytesScanned="1087124" reasonForTermination="Work target met" />
</concurrent-end>

<exclusive-start id="4597" timestamp="2019-06-17T04:32:14.436" intervalms="9.753">
  <response-info timems="0.091" idlems="0.091" threads="0" lastid="0000000002320700" lastname="main" />
</exclusive-start>
<allocation-taxation id="4598" taxation-threshold="20971520" timestamp="2019-06-17T04:32:14.436" intervalms="9.688" />
<cycle-start id="4599" type="partial gc" contextid="0" timestamp="2019-06-17T04:32:14.437" intervalms="100.268" />
<gc-start id="4600" type="partial gc" contextid="4599" timestamp="2019-06-17T04:32:14.437">
  <mem-info id="4601" free="37748736" total="144703488" percent="26">
    <mem type="eden" free="0" total="41943040" percent="0" />
    <remembered-set count="126112" freebytes="5271680" totalbytes="5776128" percent="91" regionsoverflowed="0" regionsstable="0" regionsrebuilding="18"/>
  </mem-info>
</gc-start>
<allocation-stats totalBytes="41940264" >
  <allocated-bytes non-tlh="0" tlh="41940264" arrayletleaf="0"/>
  <largest-consumer threadName="main" threadId="0000000002320700" bytes="20970088" />
</allocation-stats>
<gc-op id="4602" type="copy forward" timems="3.364" contextid="4599" timestamp="2019-06-17T04:32:14.441">
  <memory-copied type="eden" objects="37" bytes="1040" bytesdiscarded="1368" />
  <memory-copied type="other" objects="18" bytes="432" bytesdiscarded="528" />
  <memory-cardclean objects="102" bytes="2880" />
  <regions eden="40" other="2" />
  <remembered-set-cleared processed="121982" cleared="59" durationms="0.376" />
  <stringconstants candidates="13747" cleared="0"  />
</gc-op>
<gc-op id="4603" type="classunload" timems="0.018" contextid="4599" timestamp="2019-06-17T04:32:14.441">
  <classunload-info classloadercandidates="54" classloadersunloaded="0" classesunloaded="0" anonymousclassesunloaded="0" quiescems="0.000" setupms="0.018" scanms="0.000" postms="0.000" />
</gc-op>
<heap-resize id="4604" type="contract" space="default" amount="7340032" count="1" timems="0.057" reason="insufficient time being spent in gc" timestamp="2019-06-17T04:32:14.441" />
<gc-end id="4605" type="partial gc" contextid="4599" durationms="4.686" usertimems="12.000" systemtimems="0.000" timestamp="2019-06-17T04:32:14.442" activeThreads="4">
  <mem-info id="4606" free="71303168" total="137363456" percent="51">
    <mem type="eden" free="1046168" total="1048576" percent="99" />
    <remembered-set count="126080" freebytes="5271808" totalbytes="5776128" percent="91" regionsoverflowed="0" regionsstable="0" regionsrebuilding="18"/>
  </mem-info>
</gc-end>
<cycle-end id="4607" type="partial gc" contextid="4599" timestamp="2019-06-17T04:32:14.442" />
  <attribute name="elasticGC enabled" value="1" />
  <attribute name= "numThreadsSpecified" value="4" />
  <attribute name="heapSize specified" value="0" />
  <attribute name="Current GC Util" value="153" />
  <attribute name= "Current Time Running" value="63875" />
  <attribute name ="GC Interval" value="0" />
  <attribute name="ProportionalT" value="199.500000" />
  <attribute name="ProportionalI" value="199.500000" />
  <attribute name="ProportionalH" value="199.500000" />
  <attribute name="Current Error" value="133.000000" />
  <attribute name="IntegralT" value="133.000000" />
  <attribute name="IntegralI" value="133.000000" />
  <attribute name="IntegralH" value="133.000000" />
  <attribute name="DerivativeT" value="184.500000" />
  <attribute name="DerivativeI" value="184.500000" />
  <attribute name="DerivativeH" value="184.500000" />
  <attribute name="Loop Time for DT" value="1.000000" />
  <attribute name="Output H" value="8388608"/>
  <attribute name="Output I" value="520"/>
  <attribute name="Output T" value="4"/>
  <attribute name="Target GC Util Change" value ="20.000000" />
  <attribute name="Current GC Util Change" value="153.000000"/>
  <attribute name="GC Util currently" value="153" />
  <attribute name="CPU Util currently" value="12982655663782" />
<exclusive-end id="4608" timestamp="2019-06-17T04:32:14.442" durationms="5.602" />

<exclusive-start id="4609" timestamp="2019-06-17T04:32:14.451" intervalms="14.822">
  <response-info timems="0.942" idlems="0.942" threads="0" lastid="0000000002320700" lastname="main" />
</exclusive-start>
<allocation-taxation id="4610" taxation-threshold="19922944" timestamp="2019-06-17T04:32:14.451" intervalms="14.861" />
<gc-start id="4611" type="global mark phase" contextid="4427" timestamp="2019-06-17T04:32:14.451">
  <mem-info id="4612" free="51380224" total="137363456" percent="37">
    <remembered-set count="126080" freebytes="5271808" totalbytes="5776128" percent="91" regionsoverflowed="0" regionsstable="0" regionsrebuilding="18"/>
  </mem-info>
</gc-start>
<gc-end id="4613" type="global mark phase" contextid="4427" durationms="0.151" usertimems="0.000" systemtimems="0.000" timestamp="2019-06-17T04:32:14.452" activeThreads="4">
  <mem-info id="4614" free="51380224" total="137363456" percent="37">
    <remembered-set count="126080" freebytes="5271808" totalbytes="5776128" percent="91" regionsoverflowed="0" regionsstable="0" regionsrebuilding="18"/>
  </mem-info>
</gc-end>
<concurrent-start id="4615" type="GMP work packet processing" contextid="4427" timestamp="2019-06-17T04:32:14.452">
  <concurrent-mark-start scanTarget="1905195" />
</concurrent-start>
<exclusive-end id="4616" timestamp="2019-06-17T04:32:14.452" durationms="0.870" />

<concurrent-end id="4617" type="GMP work packet processing" contextid="4427" timestamp="2019-06-17T04:32:14.453">
  <concurrent-mark-end bytesScanned="1076120" reasonForTermination="Completed all work in GC phase" />
</concurrent-end>

<exclusive-start id="4618" timestamp="2019-06-17T04:32:14.469" intervalms="18.352">
  <response-info timems="0.085" idlems="0.085" threads="0" lastid="0000000002320700" lastname="main" />
</exclusive-start>
<allocation-taxation id="4619" taxation-threshold="19922944" timestamp="2019-06-17T04:32:14.470" intervalms="18.305" />
<cycle-start id="4620" type="partial gc" contextid="0" timestamp="2019-06-17T04:32:14.470" intervalms="33.351" />
<gc-start id="4621" type="partial gc" contextid="4620" timestamp="2019-06-17T04:32:14.470">
  <mem-info id="4622" free="31457280" total="137363456" percent="22">
    <mem type="eden" free="0" total="39845888" percent="0" />
    <remembered-set count="129760" freebytes="5257088" totalbytes="5776128" percent="91" regionsoverflowed="0" regionsstable="0" regionsrebuilding="18"/>
  </mem-info>
</gc-start>
<allocation-stats totalBytes="39842736" >
  <allocated-bytes non-tlh="0" tlh="39842736" arrayletleaf="0"/>
  <largest-consumer threadName="main" threadId="0000000002320700" bytes="19921368" />
</allocation-stats>
<gc-op id="4623" type="copy forward" timems="2.717" contextid="4620" timestamp="2019-06-17T04:32:14.474">
  <memory-copied type="eden" objects="31" bytes="920" bytesdiscarded="0" />
  <memory-copied type="other" objects="36" bytes="864" bytesdiscarded="0" />
  <memory-cardclean objects="10215" bytes="295640" />
  <regions eden="38" other="2" />
  <remembered-set-cleared processed="124005" cleared="1306" durationms="0.972" />
  <stringconstants candidates="13747" cleared="0"  />
</gc-op>
<gc-op id="4624" type="classunload" timems="0.004" contextid="4620" timestamp="2019-06-17T04:32:14.474">
  <classunload-info classloadercandidates="54" classloadersunloaded="0" classesunloaded="0" anonymousclassesunloaded="0" quiescems="0.000" setupms="0.004" scanms="0.000" postms="0.000" />
</gc-op>
<heap-resize id="4625" type="expand" space="default" amount="24117248" count="1" timems="0.147" reason="excessive time being spent in gc" timestamp="2019-06-17T04:32:14.475" />
<gc-end id="4626" type="partial gc" contextid="4620" durationms="4.718" usertimems="4.000" systemtimems="0.000" timestamp="2019-06-17T04:32:14.475" activeThreads="1">
  <mem-info id="4627" free="94371840" total="161480704" percent="58">
    <mem type="eden" free="1047656" total="1048576" percent="99" />
    <remembered-set count="126976" freebytes="5937920" totalbytes="6445824" percent="92" regionsoverflowed="0" regionsstable="0" regionsrebuilding="18"/>
  </mem-info>
</gc-end>
<cycle-end id="4628" type="partial gc" contextid="4620" timestamp="2019-06-17T04:32:14.475" />
  <attribute name="elasticGC enabled" value="1" />
  <attribute name= "numThreadsSpecified" value="1" />
  <attribute name="heapSize specified" value="0" />
  <attribute name="Current GC Util" value="84" />
  <attribute name= "Current Time Running" value="63908" />
  <attribute name ="GC Interval" value="0" />
  <attribute name="ProportionalT" value="96.000000" />
  <attribute name="ProportionalI" value="96.000000" />
  <attribute name="ProportionalH" value="96.000000" />
  <attribute name="Current Error" value="64.000000" />
  <attribute name="IntegralT" value="0.000000" />
  <attribute name="IntegralI" value="0.000000" />
  <attribute name="IntegralH" value="0.000000" />
  <attribute name="DerivativeT" value="inf" />
  <attribute name="DerivativeI" value="inf" />
  <attribute name="DerivativeH" value="inf" />
  <attribute name="Loop Time for DT" value="0.000000" />
  <attribute name="Output H" value="8388608"/>
  <attribute name="Output I" value="200"/>
  <attribute name="Output T" value="1"/>
  <attribute name="Target GC Util Change" value ="20.000000" />
  <attribute name="Current GC Util Change" value="84.000000"/>
  <attribute name="GC Util currently" value="84" />
  <attribute name="CPU Util currently" value="6497446298599" />
<exclusive-end id="4629" timestamp="2019-06-17T04:32:14.475" durationms="5.929" />

<exclusive-start id="4630" timestamp="2019-06-17T04:32:14.506" intervalms="36.771">
  <response-info timems="0.090" idlems="0.090" threads="0" lastid="0000000002320700" lastname="main" />
</exclusive-start>
<allocation-taxation id="4631" taxation-threshold="23068672" timestamp="2019-06-17T04:32:14.506" intervalms="36.803" />
<gc-start id="4632" type="global mark phase" contextid="4427" timestamp="2019-06-17T04:32:14.507">
  <mem-info id="4633" free="71303168" total="161480704" percent="44">
    <remembered-set count="126912" freebytes="5938176" totalbytes="6445824" percent="92" regionsoverflowed="0" regionsstable="0" regionsrebuilding="18"/>
  </mem-info>
</gc-start>
<gc-op id="4634" type="mark increment" timems="3.032" contextid="4427" timestamp="2019-06-17T04:32:14.510">
  <trace-info objectcount="1279" scancount="1278" scanbytes="46708" />
  <cardclean-info objects="14856" bytes="402872" />
  <finalization candidates="79" enqueued="0" />
  <ownableSynchronizers candidates="23" cleared="0" />
  <references type="soft" candidates="4529" cleared="832" enqueued="830" dynamicThreshold="18" maxThreshold="32" />
  <references type="weak" candidates="5751" cleared="7" enqueued="3" />
  <references type="phantom" candidates="100" cleared="0" enqueued="0" />
  <stringconstants candidates="13747" cleared="0"  />
</gc-op>
<gc-op id="4635" type="classunload" timems="0.006" contextid="4427" timestamp="2019-06-17T04:32:14.510">
  <classunload-info classloadercandidates="54" classloadersunloaded="0" classesunloaded="0" anonymousclassesunloaded="0" quiescems="0.000" setupms="0.006" scanms="0.000" postms="0.000" />
</gc-op>
<gc-end id="4636" type="global mark phase" contextid="4427" durationms="3.366" usertimems="4.000" systemtimems="0.000" timestamp="2019-06-17T04:32:14.510" activeThreads="4">
  <mem-info id="4637" free="71303168" total="161480704" percent="44">
    <pending-finalizers system="0" default="0" reference="833" classloader="0" />
    <remembered-set count="130496" freebytes="5923840" totalbytes="6445824" percent="91" regionsoverflowed="0" regionsstable="0" regionsrebuilding="0"/>
  </mem-info>
</gc-end>
<cycle-end id="4638" type="global mark phase" contextid="4427" timestamp="2019-06-17T04:32:14.510" />
  <attribute name="elasticGC enabled" value="1" />
  <attribute name= "numThreadsSpecified" value="4" />
  <attribute name="heapSize specified" value="0" />
  <attribute name="Current GC Util" value="164" />
  <attribute name= "Current Time Running" value="63945" />
  <attribute name ="GC Interval" value="0" />
  <attribute name="ProportionalT" value="216.000000" />
  <attribute name="ProportionalI" value="216.000000" />
  <attribute name="ProportionalH" value="216.000000" />
  <attribute name="Current Error" value="144.000000" />
  <attribute name="IntegralT" value="0.000000" />
  <attribute name="IntegralI" value="0.000000" />
  <attribute name="IntegralH" value="0.000000" />
  <attribute name="DerivativeT" value="-inf" />
  <attribute name="DerivativeI" value="-inf" />
  <attribute name="DerivativeH" value="-inf" />
  <attribute name="Loop Time for DT" value="0.000000" />
  <attribute name="Output H" value="2091843584"/>
  <attribute name="Output I" value="200"/>
  <attribute name="Output T" value="4"/>
  <attribute name="Target GC Util Change" value ="20.000000" />
  <attribute name="Current GC Util Change" value="164.000000"/>
  <attribute name="GC Util currently" value="164" />
  <attribute name="CPU Util currently" value="8153891240547" />
<exclusive-end id="4639" timestamp="2019-06-17T04:32:14.510" durationms="4.040" />

<exclusive-start id="4640" timestamp="2019-06-17T04:32:14.539" intervalms="32.734">
  <response-info timems="0.094" idlems="0.094" threads="0" lastid="0000000002320700" lastname="main" />
</exclusive-start>
<allocation-taxation id="4641" taxation-threshold="23068672" timestamp="2019-06-17T04:32:14.539" intervalms="32.740" />
<cycle-start id="4642" type="partial gc" contextid="0" timestamp="2019-06-17T04:32:14.539" intervalms="69.381" />
<gc-start id="4643" type="partial gc" contextid="4642" timestamp="2019-06-17T04:32:14.540">
  <mem-info id="4644" free="48234496" total="161480704" percent="29">
    <mem type="eden" free="0" total="46137344" percent="0" />
    <remembered-set count="2976" freebytes="6433920" totalbytes="6445824" percent="99" regionsoverflowed="0" regionsstable="17" regionsrebuilding="0"/>
  </mem-info>
</gc-start>
<allocation-stats totalBytes="46132808" >
  <allocated-bytes non-tlh="0" tlh="46132808" arrayletleaf="0"/>
  <largest-consumer threadName="main" threadId="0000000002320700" bytes="23026256" />
</allocation-stats>
<gc-op id="4645" type="sweep" timems="1.094" contextid="4642" timestamp="2019-06-17T04:32:14.541" />
<gc-op id="4646" type="copy forward" timems="1.177" contextid="4642" timestamp="2019-06-17T04:32:14.543">
  <memory-copied type="eden" objects="33" bytes="4000" bytesdiscarded="0" />
  <memory-copied type="other" objects="12" bytes="288" bytesdiscarded="0" />
  <memory-cardclean objects="713" bytes="37352" />
  <regions eden="22" other="3" />
  <remembered-set-cleared processed="691" cleared="27" durationms="0.183" />
  <references type="weak" candidates="2" cleared="0" enqueued="0" />
  <stringconstants candidates="13747" cleared="0"  />
</gc-op>
<gc-op id="4647" type="classunload" timems="0.004" contextid="4642" timestamp="2019-06-17T04:32:14.543">
  <classunload-info classloadercandidates="54" classloadersunloaded="0" classesunloaded="0" anonymousclassesunloaded="0" quiescems="0.000" setupms="0.004" scanms="0.000" postms="0.000" />
</gc-op>
<gc-end id="4648" type="partial gc" contextid="4642" durationms="3.905" usertimems="4.000" systemtimems="0.000" timestamp="2019-06-17T04:32:14.543" activeThreads="1">
  <mem-info id="4649" free="93323264" total="161480704" percent="57">
    <mem type="eden" free="1044576" total="1048576" percent="99" />
    <remembered-set count="3232" freebytes="6432896" totalbytes="6445824" percent="99" regionsoverflowed="0" regionsstable="17" regionsrebuilding="0"/>
  </mem-info>
</gc-end>
<cycle-end id="4650" type="partial gc" contextid="4642" timestamp="2019-06-17T04:32:14.544" />
  <attribute name="elasticGC enabled" value="1" />
  <attribute name= "numThreadsSpecified" value="1" />
  <attribute name="heapSize specified" value="0" />
  <attribute name="Current GC Util" value="176" />
  <attribute name= "Current Time Running" value="63979" />
  <attribute name ="GC Interval" value="0" />
  <attribute name="ProportionalT" value="234.000000" />
  <attribute name="ProportionalI" value="234.000000" />
  <attribute name="ProportionalH" value="234.000000" />
  <attribute name="Current Error" value="156.000000" />
  <attribute name="IntegralT" value="0.000000" />
  <attribute name="IntegralI" value="0.000000" />
  <attribute name="IntegralH" value="0.000000" />
  <attribute name="DerivativeT" value="inf" />
  <attribute name="DerivativeI" value="inf" />
  <attribute name="DerivativeH" value="inf" />
  <attribute name="Loop Time for DT" value="0.000000" />
  <attribute name="Output H" value="8388608"/>
  <attribute name="Output I" value="200"/>
  <attribute name="Output T" value="1"/>
  <attribute name="Target GC Util Change" value ="20.000000" />
  <attribute name="Current GC Util Change" value="176.000000"/>
  <attribute name="GC Util currently" value="176" />
  <attribute name="CPU Util currently" value="15074662452807" />
<exclusive-end id="4651" timestamp="2019-06-17T04:32:14.544" durationms="5.028" />

<exclusive-start id="4652" timestamp="2019-06-17T04:32:14.566" intervalms="27.065">
  <response-info timems="0.080" idlems="0.080" threads="0" lastid="0000000002320700" lastname="main" />
</exclusive-start>
<allocation-taxation id="4653" taxation-threshold="23068672" timestamp="2019-06-17T04:32:14.566" intervalms="27.088" />
<cycle-start id="4654" type="global mark phase" contextid="0" timestamp="2019-06-17T04:32:14.566" intervalms="716.924" />
<gc-start id="4655" type="global mark phase" contextid="4654" timestamp="2019-06-17T04:32:14.567">
  <mem-info id="4656" free="70254592" total="161480704" percent="43">
    <remembered-set count="2880" freebytes="6434304" totalbytes="6445824" percent="99" regionsoverflowed="0" regionsstable="17" regionsrebuilding="0"/>
  </mem-info>
</gc-start>
<gc-op id="4657" type="mark increment" timems="1.167" contextid="4654" timestamp="2019-06-17T04:32:14.568">
  <trace-info objectcount="192" scancount="0" scanbytes="0" />
</gc-op>
<gc-end id="4658" type="global mark phase" contextid="4654" durationms="1.398" usertimems="0.000" systemtimems="0.000" timestamp="2019-06-17T04:32:14.568" activeThreads="1">
  <mem-info id="4659" free="70254592" total="161480704" percent="43">
    <remembered-set count="2880" freebytes="6434304" totalbytes="6445824" percent="99" regionsoverflowed="0" regionsstable="0" regionsrebuilding="17"/>
  </mem-info>
</gc-end>
<concurrent-start id="4660" type="GMP work packet processing" contextid="4654" timestamp="2019-06-17T04:32:14.568">
  <concurrent-mark-start scanTarget="1048576" />
</concurrent-start>
<exclusive-end id="4661" timestamp="2019-06-17T04:32:14.568" durationms="2.258" />

<concurrent-end id="4662" type="GMP work packet processing" contextid="4654" timestamp="2019-06-17T04:32:14.570">
  <concurrent-mark-end bytesScanned="1124920" reasonForTermination="Work target met" />
</concurrent-end>

<exclusive-start id="4663" timestamp="2019-06-17T04:32:14.591" intervalms="24.516">
  <response-info timems="0.081" idlems="0.081" threads="0" lastid="0000000002320700" lastname="main" />
</exclusive-start>
<allocation-taxation id="4664" taxation-threshold="23068672" timestamp="2019-06-17T04:32:14.591" intervalms="24.537" />
<cycle-start id="4665" type="partial gc" contextid="0" timestamp="2019-06-17T04:32:14.591" intervalms="51.670" />
<gc-start id="4666" type="partial gc" contextid="4665" timestamp="2019-06-17T04:32:14.591">
  <mem-info id="4667" free="47185920" total="161480704" percent="29">
    <mem type="eden" free="0" total="46137344" percent="0" />
    <remembered-set count="13920" freebytes="6390144" totalbytes="6445824" percent="99" regionsoverflowed="0" regionsstable="0" regionsrebuilding="17"/>
  </mem-info>
</gc-start>
<allocation-stats totalBytes="46133904" >
  <allocated-bytes non-tlh="0" tlh="46133904" arrayletleaf="0"/>
  <largest-consumer threadName="main" threadId="0000000002320700" bytes="23066968" />
</allocation-stats>
<gc-op id="4668" type="copy forward" timems="1.892" contextid="4665" timestamp="2019-06-17T04:32:14.594">
  <memory-copied type="eden" objects="13" bytes="312" bytesdiscarded="0" />
  <memory-copied type="other" objects="222" bytes="8624" bytesdiscarded="0" />
  <memory-cardclean objects="341" bytes="18128" />
  <regions eden="44" other="35" />
  <remembered-set-cleared processed="10718" cleared="124" durationms="0.239" />
  <references type="weak" candidates="2" cleared="0" enqueued="0" />
  <stringconstants candidates="13747" cleared="0"  />
</gc-op>
<gc-op id="4669" type="classunload" timems="0.005" contextid="4665" timestamp="2019-06-17T04:32:14.594">
  <classunload-info classloadercandidates="54" classloadersunloaded="0" classesunloaded="0" anonymousclassesunloaded="0" quiescems="0.000" setupms="0.004" scanms="0.000" postms="0.000" />
</gc-op>
<heap-resize id="4670" type="contract" space="default" amount="8388608" count="1" timems="0.163" reason="excess free space following gc" timestamp="2019-06-17T04:32:14.595" />
<gc-end id="4671" type="partial gc" contextid="4665" durationms="3.596" usertimems="4.000" systemtimems="0.000" timestamp="2019-06-17T04:32:14.595" activeThreads="1">
  <mem-info id="4672" free="114294784" total="153092096" percent="74">
    <mem type="eden" free="1048264" total="1048576" percent="99" />
    <remembered-set count="14016" freebytes="6389760" totalbytes="6445824" percent="99" regionsoverflowed="0" regionsstable="0" regionsrebuilding="17"/>
  </mem-info>
</gc-end>
<cycle-end id="4673" type="partial gc" contextid="4665" timestamp="2019-06-17T04:32:14.595" />
  <attribute name="elasticGC enabled" value="1" />
  <attribute name= "numThreadsSpecified" value="1" />
  <attribute name="heapSize specified" value="0" />
  <attribute name="Current GC Util" value="161" />
  <attribute name= "Current Time Running" value="64029" />
  <attribute name ="GC Interval" value="0" />
  <attribute name="ProportionalT" value="211.500000" />
  <attribute name="ProportionalI" value="211.500000" />
  <attribute name="ProportionalH" value="211.500000" />
  <attribute name="Current Error" value="141.000000" />
  <attribute name="IntegralT" value="0.000000" />
  <attribute name="IntegralI" value="0.000000" />
  <attribute name="IntegralH" value="0.000000" />
  <attribute name="DerivativeT" value="inf" />
  <attribute name="DerivativeI" value="inf" />
  <attribute name="DerivativeH" value="inf" />
  <attribute name="Loop Time for DT" value="0.000000" />
  <attribute name="Output H" value="8388608"/>
  <attribute name="Output I" value="200"/>
  <attribute name="Output T" value="1"/>
  <attribute name="Target GC Util Change" value ="20.000000" />
  <attribute name="Current GC Util Change" value="161.000000"/>
  <attribute name="GC Util currently" value="161" />
  <attribute name="CPU Util currently" value="13282543905064" />
<exclusive-end id="4674" timestamp="2019-06-17T04:32:14.595" durationms="4.772" />

<exclusive-start id="4675" timestamp="2019-06-17T04:32:14.683" intervalms="92.676">
  <response-info timems="0.076" idlems="0.076" threads="0" lastid="0000000002320700" lastname="main" />
</exclusive-start>
<allocation-taxation id="4676" taxation-threshold="22020096" timestamp="2019-06-17T04:32:14.683" intervalms="92.639" />
<gc-start id="4677" type="global mark phase" contextid="4654" timestamp="2019-06-17T04:32:14.684">
  <mem-info id="4678" free="92274688" total="153092096" percent="60">
    <remembered-set count="13984" freebytes="6389888" totalbytes="6445824" percent="99" regionsoverflowed="0" regionsstable="0" regionsrebuilding="17"/>
  </mem-info>
</gc-start>
<gc-end id="4679" type="global mark phase" contextid="4654" durationms="0.160" usertimems="0.000" systemtimems="0.000" timestamp="2019-06-17T04:32:14.684" activeThreads="1">
  <mem-info id="4680" free="92274688" total="153092096" percent="60">
    <remembered-set count="13984" freebytes="6389888" totalbytes="6445824" percent="99" regionsoverflowed="0" regionsstable="0" regionsrebuilding="17"/>
  </mem-info>
</gc-end>
<concurrent-start id="4681" type="GMP work packet processing" contextid="4654" timestamp="2019-06-17T04:32:14.684">
  <concurrent-mark-start scanTarget="1048576" />
</concurrent-start>
<exclusive-end id="4682" timestamp="2019-06-17T04:32:14.684" durationms="1.117" />

<concurrent-end id="4683" type="GMP work packet processing" contextid="4654" timestamp="2019-06-17T04:32:14.686">
  <concurrent-mark-end bytesScanned="1128992" reasonForTermination="Work target met" />
</concurrent-end>

<exclusive-start id="4684" timestamp="2019-06-17T04:32:14.735" intervalms="51.707">
  <response-info timems="0.086" idlems="0.086" threads="0" lastid="0000000002320700" lastname="main" />
</exclusive-start>
<allocation-taxation id="4685" taxation-threshold="22020096" timestamp="2019-06-17T04:32:14.735" intervalms="51.766" />
<cycle-start id="4686" type="partial gc" contextid="0" timestamp="2019-06-17T04:32:14.735" intervalms="144.381" />
<gc-start id="4687" type="partial gc" contextid="4686" timestamp="2019-06-17T04:32:14.736">
  <mem-info id="4688" free="70254592" total="153092096" percent="45">
    <mem type="eden" free="1048264" total="45088768" percent="2" />
    <remembered-set count="22880" freebytes="6354304" totalbytes="6445824" percent="98" regionsoverflowed="0" regionsstable="0" regionsrebuilding="17"/>
  </mem-info>
</gc-start>
<allocation-stats totalBytes="44009040" >
  <allocated-bytes non-tlh="0" tlh="44009040" arrayletleaf="0"/>
  <largest-consumer threadName="main" threadId="0000000002320700" bytes="22004592" />
</allocation-stats>
<gc-op id="4689" type="copy forward" timems="3.424" contextid="4686" timestamp="2019-06-17T04:32:14.741">
  <memory-copied type="eden" objects="47" bytes="2048" bytesdiscarded="1200" />
  <memory-copied type="other" objects="2341" bytes="143024" bytesdiscarded="11688" />
  <memory-cardclean objects="377" bytes="26632" />
  <regions eden="42" other="7" />
  <remembered-set-cleared processed="20928" cleared="189" durationms="0.175" />
  <references type="soft" candidates="13" cleared="0" enqueued="0" dynamicThreshold="19" maxThreshold="32" />
  <references type="weak" candidates="159" cleared="0" enqueued="0" />
  <stringconstants candidates="13747" cleared="0"  />
</gc-op>
<gc-op id="4690" type="classunload" timems="0.004" contextid="4686" timestamp="2019-06-17T04:32:14.741">
  <classunload-info classloadercandidates="54" classloadersunloaded="0" classesunloaded="0" anonymousclassesunloaded="0" quiescems="0.000" setupms="0.004" scanms="0.000" postms="0.000" />
</gc-op>
<heap-resize id="4691" type="contract" space="default" amount="8388608" count="1" timems="0.119" reason="insufficient time being spent in gc" timestamp="2019-06-17T04:32:14.741" />
<gc-end id="4692" type="partial gc" contextid="4686" durationms="5.581" usertimems="4.000" systemtimems="4.000" timestamp="2019-06-17T04:32:14.741" activeThreads="4">
  <mem-info id="4693" free="108003328" total="144703488" percent="74">
    <mem type="eden" free="1045328" total="1048576" percent="99" />
    <remembered-set count="23968" freebytes="6015104" totalbytes="6110976" percent="98" regionsoverflowed="0" regionsstable="0" regionsrebuilding="17"/>
  </mem-info>
</gc-end>
<cycle-end id="4694" type="partial gc" contextid="4686" timestamp="2019-06-17T04:32:14.741" />
  <attribute name="elasticGC enabled" value="1" />
  <attribute name= "numThreadsSpecified" value="4" />
  <attribute name="heapSize specified" value="0" />
  <attribute name="Current GC Util" value="68" />
  <attribute name= "Current Time Running" value="64174" />
  <attribute name ="GC Interval" value="0" />
  <attribute name="ProportionalT" value="72.000000" />
  <attribute name="ProportionalI" value="72.000000" />
  <attribute name="ProportionalH" value="72.000000" />
  <attribute name="Current Error" value="48.000000" />
  <attribute name="IntegralT" value="48.000000" />
  <attribute name="IntegralI" value="48.000000" />
  <attribute name="IntegralH" value="48.000000" />
  <attribute name="DerivativeT" value="72.000000" />
  <attribute name="DerivativeI" value="72.000000" />
  <attribute name="DerivativeH" value="72.000000" />
  <attribute name="Loop Time for DT" value="1.000000" />
  <attribute name="Output H" value="8388608"/>
  <attribute name="Output I" value="200"/>
  <attribute name="Output T" value="4"/>
  <attribute name="Target GC Util Change" value ="20.000000" />
  <attribute name="Current GC Util Change" value="68.000000"/>
  <attribute name="GC Util currently" value="68" />
  <attribute name="CPU Util currently" value="4316029320589" />
<exclusive-end id="4695" timestamp="2019-06-17T04:32:14.742" durationms="6.769" />

<exclusive-start id="4696" timestamp="2019-06-17T04:32:14.789" intervalms="54.221">
  <response-info timems="0.088" idlems="0.088" threads="0" lastid="0000000002320700" lastname="main" />
</exclusive-start>
<allocation-taxation id="4697" taxation-threshold="20971520" timestamp="2019-06-17T04:32:14.789" intervalms="54.193" />
<gc-start id="4698" type="global mark phase" contextid="4654" timestamp="2019-06-17T04:32:14.790">
  <mem-info id="4699" free="87031808" total="144703488" percent="60">
    <remembered-set count="23488" freebytes="6017024" totalbytes="6110976" percent="98" regionsoverflowed="0" regionsstable="0" regionsrebuilding="17"/>
  </mem-info>
</gc-start>
<gc-end id="4700" type="global mark phase" contextid="4654" durationms="0.133" usertimems="0.000" systemtimems="0.000" timestamp="2019-06-17T04:32:14.790" activeThreads="4">
  <mem-info id="4701" free="87031808" total="144703488" percent="60">
    <remembered-set count="23488" freebytes="6017024" totalbytes="6110976" percent="98" regionsoverflowed="0" regionsstable="0" regionsrebuilding="17"/>
  </mem-info>
</gc-end>
<concurrent-start id="4702" type="GMP work packet processing" contextid="4654" timestamp="2019-06-17T04:32:14.790">
  <concurrent-mark-start scanTarget="1763909" />
</concurrent-start>
<exclusive-end id="4703" timestamp="2019-06-17T04:32:14.790" durationms="1.008" />

<concurrent-end id="4704" type="GMP work packet processing" contextid="4654" timestamp="2019-06-17T04:32:14.792">
  <concurrent-mark-end bytesScanned="1817356" reasonForTermination="Work target met" />
</concurrent-end>

<exclusive-start id="4705" timestamp="2019-06-17T04:32:14.836" intervalms="46.409">
  <response-info timems="0.093" idlems="0.093" threads="0" lastid="0000000002320700" lastname="main" />
</exclusive-start>
<allocation-taxation id="4706" taxation-threshold="20971520" timestamp="2019-06-17T04:32:14.836" intervalms="46.362" />
<cycle-start id="4707" type="partial gc" contextid="0" timestamp="2019-06-17T04:32:14.836" intervalms="100.494" />
<gc-start id="4708" type="partial gc" contextid="4707" timestamp="2019-06-17T04:32:14.836">
  <mem-info id="4709" free="66060288" total="144703488" percent="45">
    <mem type="eden" free="0" total="41943040" percent="0" />
    <remembered-set count="37824" freebytes="5959680" totalbytes="6110976" percent="97" regionsoverflowed="0" regionsstable="0" regionsrebuilding="17"/>
  </mem-info>
</gc-start>
<allocation-stats totalBytes="41913800" >
  <allocated-bytes non-tlh="0" tlh="41913800" arrayletleaf="0"/>
  <largest-consumer threadName="main" threadId="0000000002320700" bytes="20959192" />
</allocation-stats>
<gc-op id="4710" type="copy forward" timems="3.223" contextid="4707" timestamp="2019-06-17T04:32:14.841">
  <memory-copied type="eden" objects="27" bytes="824" bytesdiscarded="1440" />
  <memory-copied type="other" objects="51" bytes="4264" bytesdiscarded="3272" />
  <memory-cardclean objects="133" bytes="12112" />
  <regions eden="40" other="4" />
  <remembered-set-cleared processed="35069" cleared="90" durationms="0.181" />
  <references type="weak" candidates="4" cleared="0" enqueued="0" />
  <stringconstants candidates="13747" cleared="0"  />
</gc-op>
<gc-op id="4711" type="classunload" timems="0.004" contextid="4707" timestamp="2019-06-17T04:32:14.841">
  <classunload-info classloadercandidates="54" classloadersunloaded="0" classesunloaded="0" anonymousclassesunloaded="0" quiescems="0.000" setupms="0.004" scanms="0.000" postms="0.000" />
</gc-op>
<heap-resize id="4712" type="contract" space="default" amount="7340032" count="1" timems="0.120" reason="excess free space following gc" timestamp="2019-06-17T04:32:14.841" />
<gc-end id="4713" type="partial gc" contextid="4707" durationms="5.110" usertimems="8.000" systemtimems="4.000" timestamp="2019-06-17T04:32:14.841" activeThreads="4">
  <mem-info id="4714" free="99614720" total="137363456" percent="72">
    <mem type="eden" free="1046312" total="1048576" percent="99" />
    <remembered-set count="37728" freebytes="5625216" totalbytes="5776128" percent="97" regionsoverflowed="0" regionsstable="0" regionsrebuilding="17"/>
  </mem-info>
</gc-end>
<cycle-end id="4715" type="partial gc" contextid="4707" timestamp="2019-06-17T04:32:14.842" />
  <attribute name="elasticGC enabled" value="1" />
  <attribute name= "numThreadsSpecified" value="4" />
  <attribute name="heapSize specified" value="0" />
  <attribute name="Current GC Util" value="76" />
  <attribute name= "Current Time Running" value="64275" />
  <attribute name ="GC Interval" value="0" />
  <attribute name="ProportionalT" value="84.000000" />
  <attribute name="ProportionalI" value="84.000000" />
  <attribute name="ProportionalH" value="84.000000" />
  <attribute name="Current Error" value="56.000000" />
  <attribute name="IntegralT" value="56.000000" />
  <attribute name="IntegralI" value="56.000000" />
  <attribute name="IntegralH" value="56.000000" />
  <attribute name="DerivativeT" value="84.000000" />
  <attribute name="DerivativeI" value="84.000000" />
  <attribute name="DerivativeH" value="84.000000" />
  <attribute name="Loop Time for DT" value="1.000000" />
  <attribute name="Output H" value="8388608"/>
  <attribute name="Output I" value="224"/>
  <attribute name="Output T" value="4"/>
  <attribute name="Target GC Util Change" value ="20.000000" />
  <attribute name="Current GC Util Change" value="76.000000"/>
  <attribute name="GC Util currently" value="76" />
  <attribute name="CPU Util currently" value="5774698736977" />
<exclusive-end id="4716" timestamp="2019-06-17T04:32:14.842" durationms="6.228" />

<exclusive-start id="4717" timestamp="2019-06-17T04:32:14.879" intervalms="43.832">
  <response-info timems="0.068" idlems="0.068" threads="0" lastid="0000000002320700" lastname="main" />
</exclusive-start>
<allocation-taxation id="4718" taxation-threshold="19922944" timestamp="2019-06-17T04:32:14.879" intervalms="43.804" />
<gc-start id="4719" type="global mark phase" contextid="4654" timestamp="2019-06-17T04:32:14.880">
  <mem-info id="4720" free="79691776" total="137363456" percent="58">
    <remembered-set count="37728" freebytes="5625216" totalbytes="5776128" percent="97" regionsoverflowed="0" regionsstable="0" regionsrebuilding="17"/>
  </mem-info>
</gc-start>
<gc-end id="4721" type="global mark phase" contextid="4654" durationms="0.158" usertimems="0.000" systemtimems="0.000" timestamp="2019-06-17T04:32:14.880" activeThreads="4">
  <mem-info id="4722" free="79691776" total="137363456" percent="58">
    <remembered-set count="37728" freebytes="5625216" totalbytes="5776128" percent="97" regionsoverflowed="0" regionsstable="0" regionsrebuilding="17"/>
  </mem-info>
</gc-end>
<concurrent-start id="4723" type="GMP work packet processing" contextid="4654" timestamp="2019-06-17T04:32:14.880">
  <concurrent-mark-start scanTarget="1763909" />
</concurrent-start>
<exclusive-end id="4724" timestamp="2019-06-17T04:32:14.880" durationms="0.768" />

<concurrent-end id="4725" type="GMP work packet processing" contextid="4654" timestamp="2019-06-17T04:32:14.882">
  <concurrent-mark-end bytesScanned="1808416" reasonForTermination="Work target met" />
</concurrent-end>

<exclusive-start id="4726" timestamp="2019-06-17T04:32:14.887" intervalms="7.333">
  <response-info timems="0.068" idlems="0.068" threads="0" lastid="0000000002320700" lastname="main" />
</exclusive-start>
<allocation-taxation id="4727" taxation-threshold="19922944" timestamp="2019-06-17T04:32:14.887" intervalms="7.314" />
<cycle-start id="4728" type="partial gc" contextid="0" timestamp="2019-06-17T04:32:14.887" intervalms="51.033" />
<gc-start id="4729" type="partial gc" contextid="4728" timestamp="2019-06-17T04:32:14.887">
  <mem-info id="4730" free="59768832" total="137363456" percent="43">
    <mem type="eden" free="0" total="39845888" percent="0" />
    <remembered-set count="51552" freebytes="5569920" totalbytes="5776128" percent="96" regionsoverflowed="0" regionsstable="0" regionsrebuilding="17"/>
  </mem-info>
</gc-start>
<allocation-stats totalBytes="39820512" >
  <allocated-bytes non-tlh="0" tlh="39820512" arrayletleaf="0"/>
  <largest-consumer threadName="main" threadId="0000000002320700" bytes="19900512" />
</allocation-stats>
<gc-op id="4731" type="copy forward" timems="3.243" contextid="4728" timestamp="2019-06-17T04:32:14.891">
  <memory-copied type="eden" objects="25" bytes="1312" bytesdiscarded="1440" />
  <memory-copied type="other" objects="72" bytes="1816" bytesdiscarded="2712" />
  <memory-cardclean objects="118" bytes="11704" />
  <regions eden="38" other="4" />
  <remembered-set-cleared processed="48436" cleared="161" durationms="0.221" />
  <references type="weak" candidates="2" cleared="0" enqueued="0" />
  <stringconstants candidates="13747" cleared="0"  />
</gc-op>
<gc-op id="4732" type="classunload" timems="0.005" contextid="4728" timestamp="2019-06-17T04:32:14.892">
  <classunload-info classloadercandidates="54" classloadersunloaded="0" classesunloaded="0" anonymousclassesunloaded="0" quiescems="0.000" setupms="0.005" scanms="0.000" postms="0.000" />
</gc-op>
<heap-resize id="4733" type="contract" space="default" amount="7340032" count="1" timems="0.142" reason="excess free space following gc" timestamp="2019-06-17T04:32:14.892" />
<gc-end id="4734" type="partial gc" contextid="4728" durationms="4.893" usertimems="8.000" systemtimems="0.000" timestamp="2019-06-17T04:32:14.892" activeThreads="4">
  <mem-info id="4735" free="91226112" total="130023424" percent="70">
    <mem type="eden" free="1045824" total="1048576" percent="99" />
    <remembered-set count="51328" freebytes="5277824" totalbytes="5483136" percent="96" regionsoverflowed="0" regionsstable="0" regionsrebuilding="17"/>
  </mem-info>
</gc-end>
<cycle-end id="4736" type="partial gc" contextid="4728" timestamp="2019-06-17T04:32:14.892" />
  <attribute name="elasticGC enabled" value="1" />
  <attribute name= "numThreadsSpecified" value="4" />
  <attribute name="heapSize specified" value="0" />
  <attribute name="Current GC Util" value="81" />
  <attribute name= "Current Time Running" value="64325" />
  <attribute name ="GC Interval" value="0" />
  <attribute name="ProportionalT" value="91.500000" />
  <attribute name="ProportionalI" value="91.500000" />
  <attribute name="ProportionalH" value="91.500000" />
  <attribute name="Current Error" value="61.000000" />
  <attribute name="IntegralT" value="61.000000" />
  <attribute name="IntegralI" value="61.000000" />
  <attribute name="IntegralH" value="61.000000" />
  <attribute name="DerivativeT" value="42.000000" />
  <attribute name="DerivativeI" value="42.000000" />
  <attribute name="DerivativeH" value="42.000000" />
  <attribute name="Loop Time for DT" value="1.000000" />
  <attribute name="Output H" value="8388608"/>
  <attribute name="Output I" value="200"/>
  <attribute name="Output T" value="4"/>
  <attribute name="Target GC Util Change" value ="20.000000" />
  <attribute name="Current GC Util Change" value="81.000000"/>
  <attribute name="GC Util currently" value="81" />
  <attribute name="CPU Util currently" value="5900035387786" />
<exclusive-end id="4737" timestamp="2019-06-17T04:32:14.892" durationms="5.519" />

<exclusive-start id="4738" timestamp="2019-06-17T04:32:14.899" intervalms="11.885">
  <response-info timems="0.059" idlems="0.059" threads="0" lastid="0000000002320700" lastname="main" />
</exclusive-start>
<allocation-taxation id="4739" taxation-threshold="18874368" timestamp="2019-06-17T04:32:14.899" intervalms="11.912" />
<gc-start id="4740" type="global mark phase" contextid="4654" timestamp="2019-06-17T04:32:14.899">
  <mem-info id="4741" free="72351744" total="130023424" percent="55">
    <remembered-set count="51328" freebytes="5277824" totalbytes="5483136" percent="96" regionsoverflowed="0" regionsstable="0" regionsrebuilding="17"/>
  </mem-info>
</gc-start>
<gc-end id="4742" type="global mark phase" contextid="4654" durationms="0.161" usertimems="0.000" systemtimems="0.000" timestamp="2019-06-17T04:32:14.899" activeThreads="4">
  <mem-info id="4743" free="72351744" total="130023424" percent="55">
    <remembered-set count="51328" freebytes="5277824" totalbytes="5483136" percent="96" regionsoverflowed="0" regionsstable="0" regionsrebuilding="17"/>
  </mem-info>
</gc-end>
<concurrent-start id="4744" type="GMP work packet processing" contextid="4654" timestamp="2019-06-17T04:32:14.899">
  <concurrent-mark-start scanTarget="1763909" />
</concurrent-start>
<exclusive-end id="4745" timestamp="2019-06-17T04:32:14.899" durationms="0.760" />

<concurrent-end id="4746" type="GMP work packet processing" contextid="4654" timestamp="2019-06-17T04:32:14.901">
  <concurrent-mark-end bytesScanned="1812464" reasonForTermination="Work target met" />
</concurrent-end>

<exclusive-start id="4747" timestamp="2019-06-17T04:32:14.906" intervalms="6.953">
  <response-info timems="0.069" idlems="0.069" threads="0" lastid="0000000002320700" lastname="main" />
</exclusive-start>
<allocation-taxation id="4748" taxation-threshold="18874368" timestamp="2019-06-17T04:32:14.906" intervalms="6.910" />
<cycle-start id="4749" type="partial gc" contextid="0" timestamp="2019-06-17T04:32:14.906" intervalms="18.851" />
<gc-start id="4750" type="partial gc" contextid="4749" timestamp="2019-06-17T04:32:14.906">
  <mem-info id="4751" free="53477376" total="130023424" percent="41">
    <mem type="eden" free="0" total="37748736" percent="0" />
    <remembered-set count="64224" freebytes="5226240" totalbytes="5483136" percent="95" regionsoverflowed="0" regionsstable="0" regionsrebuilding="17"/>
  </mem-info>
</gc-start>
<allocation-stats totalBytes="37682256" >
  <allocated-bytes non-tlh="0" tlh="37682256" arrayletleaf="0"/>
  <largest-consumer threadName="main" threadId="0000000002320700" bytes="18840744" />
</allocation-stats>
<gc-op id="4752" type="copy forward" timems="2.778" contextid="4749" timestamp="2019-06-17T04:32:14.910">
  <memory-copied type="eden" objects="3" bytes="72" bytesdiscarded="720" />
  <memory-copied type="other" objects="72" bytes="2472" bytesdiscarded="1824" />
  <memory-cardclean objects="4524" bytes="160968" />
  <regions eden="36" other="4" />
  <remembered-set-cleared processed="61279" cleared="2210" durationms="0.335" />
  <references type="weak" candidates="2" cleared="0" enqueued="0" />
  <stringconstants candidates="13747" cleared="0"  />
</gc-op>
<gc-op id="4753" type="classunload" timems="0.004" contextid="4749" timestamp="2019-06-17T04:32:14.910">
  <classunload-info classloadercandidates="54" classloadersunloaded="0" classesunloaded="0" anonymousclassesunloaded="0" quiescems="0.000" setupms="0.004" scanms="0.000" postms="0.000" />
</gc-op>
<heap-resize id="4754" type="contract" space="default" amount="7340032" count="1" timems="0.138" reason="excess free space following gc" timestamp="2019-06-17T04:32:14.910" />
<gc-end id="4755" type="partial gc" contextid="4749" durationms="4.525" usertimems="4.000" systemtimems="0.000" timestamp="2019-06-17T04:32:14.910" activeThreads="4">
  <mem-info id="4756" free="82837504" total="122683392" percent="67">
    <mem type="eden" free="1047784" total="1048576" percent="99" />
    <remembered-set count="62912" freebytes="4938496" totalbytes="5190144" percent="95" regionsoverflowed="0" regionsstable="0" regionsrebuilding="17"/>
  </mem-info>
</gc-end>
<cycle-end id="4757" type="partial gc" contextid="4749" timestamp="2019-06-17T04:32:14.911" />
  <attribute name="elasticGC enabled" value="1" />
  <attribute name= "numThreadsSpecified" value="4" />
  <attribute name="heapSize specified" value="0" />
  <attribute name="Current GC Util" value="85" />
  <attribute name= "Current Time Running" value="64344" />
  <attribute name ="GC Interval" value="0" />
  <attribute name="ProportionalT" value="97.500000" />
  <attribute name="ProportionalI" value="97.500000" />
  <attribute name="ProportionalH" value="97.500000" />
  <attribute name="Current Error" value="65.000000" />
  <attribute name="IntegralT" value="65.000000" />
  <attribute name="IntegralI" value="65.000000" />
  <attribute name="IntegralH" value="65.000000" />
  <attribute name="DerivativeT" value="42.000000" />
  <attribute name="DerivativeI" value="42.000000" />
  <attribute name="DerivativeH" value="42.000000" />
  <attribute name="Loop Time for DT" value="1.000000" />
  <attribute name="Output H" value="8388608"/>
  <attribute name="Output I" value="208"/>
  <attribute name="Output T" value="4"/>
  <attribute name="Target GC Util Change" value ="20.000000" />
  <attribute name="Current GC Util Change" value="85.000000"/>
  <attribute name="GC Util currently" value="85" />
  <attribute name="CPU Util currently" value="6524176549650" />
<exclusive-end id="4758" timestamp="2019-06-17T04:32:14.911" durationms="5.337" />

<exclusive-start id="4759" timestamp="2019-06-17T04:32:14.917" intervalms="11.627">
  <response-info timems="0.075" idlems="0.075" threads="0" lastid="0000000002320700" lastname="main" />
</exclusive-start>
<allocation-taxation id="4760" taxation-threshold="17825792" timestamp="2019-06-17T04:32:14.917" intervalms="11.673" />
<gc-start id="4761" type="global mark phase" contextid="4654" timestamp="2019-06-17T04:32:14.917">
  <mem-info id="4762" free="65011712" total="122683392" percent="52">
    <remembered-set count="62432" freebytes="4940416" totalbytes="5190144" percent="95" regionsoverflowed="0" regionsstable="0" regionsrebuilding="17"/>
  </mem-info>
</gc-start>
<gc-end id="4763" type="global mark phase" contextid="4654" durationms="0.106" usertimems="0.000" systemtimems="0.000" timestamp="2019-06-17T04:32:14.918" activeThreads="4">
  <mem-info id="4764" free="65011712" total="122683392" percent="52">
    <remembered-set count="62432" freebytes="4940416" totalbytes="5190144" percent="95" regionsoverflowed="0" regionsstable="0" regionsrebuilding="17"/>
  </mem-info>
</gc-end>
<concurrent-start id="4765" type="GMP work packet processing" contextid="4654" timestamp="2019-06-17T04:32:14.918">
  <concurrent-mark-start scanTarget="1763909" />
</concurrent-start>
<exclusive-end id="4766" timestamp="2019-06-17T04:32:14.918" durationms="0.661" />

<concurrent-end id="4767" type="GMP work packet processing" contextid="4654" timestamp="2019-06-17T04:32:14.919">
  <concurrent-mark-end bytesScanned="1800788" reasonForTermination="Work target met" />
</concurrent-end>

<exclusive-start id="4768" timestamp="2019-06-17T04:32:14.924" intervalms="6.469">
  <response-info timems="0.056" idlems="0.056" threads="0" lastid="0000000002320700" lastname="main" />
</exclusive-start>
<allocation-taxation id="4769" taxation-threshold="17825792" timestamp="2019-06-17T04:32:14.924" intervalms="6.384" />
<cycle-start id="4770" type="partial gc" contextid="0" timestamp="2019-06-17T04:32:14.924" intervalms="18.014" />
<gc-start id="4771" type="partial gc" contextid="4770" timestamp="2019-06-17T04:32:14.924">
  <mem-info id="4772" free="47185920" total="122683392" percent="38">
    <mem type="eden" free="1047784" total="36700160" percent="2" />
    <remembered-set count="83456" freebytes="4856320" totalbytes="5190144" percent="93" regionsoverflowed="0" regionsstable="0" regionsrebuilding="17"/>
  </mem-info>
</gc-start>
<allocation-stats totalBytes="35588880" >
  <allocated-bytes non-tlh="0" tlh="35588880" arrayletleaf="0"/>
  <largest-consumer threadName="main" threadId="0000000002320700" bytes="17793960" />
</allocation-stats>
<gc-op id="4773" type="copy forward" timems="1.936" contextid="4770" timestamp="2019-06-17T04:32:14.927">
  <memory-copied type="eden" objects="3" bytes="72" bytesdiscarded="720" />
  <memory-copied type="other" objects="21" bytes="1208" bytesdiscarded="568" />
  <memory-cardclean objects="34" bytes="1336" />
  <regions eden="34" other="2" />
  <remembered-set-cleared processed="81124" cleared="34" durationms="0.347" />
  <stringconstants candidates="13747" cleared="0"  />
</gc-op>
<gc-op id="4774" type="classunload" timems="0.005" contextid="4770" timestamp="2019-06-17T04:32:14.927">
  <classunload-info classloadercandidates="54" classloadersunloaded="0" classesunloaded="0" anonymousclassesunloaded="0" quiescems="0.000" setupms="0.004" scanms="0.000" postms="0.000" />
</gc-op>
<heap-resize id="4775" type="contract" space="default" amount="6291456" count="1" timems="0.355" reason="excess free space following gc" timestamp="2019-06-17T04:32:14.927" />
<gc-end id="4776" type="partial gc" contextid="4770" durationms="3.465" usertimems="4.000" systemtimems="0.000" timestamp="2019-06-17T04:32:14.927" activeThreads="4">
  <mem-info id="4777" free="76546048" total="116391936" percent="65">
    <mem type="eden" free="1047784" total="1048576" percent="99" />
    <remembered-set count="84000" freebytes="4561152" totalbytes="4897152" percent="93" regionsoverflowed="0" regionsstable="0" regionsrebuilding="17"/>
  </mem-info>
</gc-end>
<cycle-end id="4778" type="partial gc" contextid="4770" timestamp="2019-06-17T04:32:14.928" />
  <attribute name="elasticGC enabled" value="1" />
  <attribute name= "numThreadsSpecified" value="4" />
  <attribute name="heapSize specified" value="0" />
  <attribute name="Current GC Util" value="24" />
  <attribute name= "Current Time Running" value="64362" />
  <attribute name ="GC Interval" value="0" />
  <attribute name="ProportionalT" value="6.000000" />
  <attribute name="ProportionalI" value="6.000000" />
  <attribute name="ProportionalH" value="6.000000" />
  <attribute name="Current Error" value="4.000000" />
  <attribute name="IntegralT" value="4.000000" />
  <attribute name="IntegralI" value="4.000000" />
  <attribute name="IntegralH" value="4.000000" />
  <attribute name="DerivativeT" value="-55.500000" />
  <attribute name="DerivativeI" value="-55.500000" />
  <attribute name="DerivativeH" value="-55.500000" />
  <attribute name="Loop Time for DT" value="1.000000" />
  <attribute name="Output H" value="2091843584"/>
  <attribute name="Output I" value="200"/>
  <attribute name="Output T" value="4"/>
  <attribute name="Target GC Util Change" value ="20.000000" />
  <attribute name="Current GC Util Change" value="24.000000"/>
  <attribute name="GC Util currently" value="24" />
  <attribute name="CPU Util currently" value="8990166987899" />
<exclusive-end id="4779" timestamp="2019-06-17T04:32:14.928" durationms="4.179" />

<exclusive-start id="4780" timestamp="2019-06-17T04:32:14.934" intervalms="10.009">
  <response-info timems="0.077" idlems="0.077" threads="0" lastid="0000000002320700" lastname="main" />
</exclusive-start>
<allocation-taxation id="4781" taxation-threshold="17825792" timestamp="2019-06-17T04:32:14.934" intervalms="10.020" />
<gc-start id="4782" type="global mark phase" contextid="4654" timestamp="2019-06-17T04:32:14.934">
  <mem-info id="4783" free="58720256" total="116391936" percent="50">
    <remembered-set count="83520" freebytes="4563072" totalbytes="4897152" percent="93" regionsoverflowed="0" regionsstable="0" regionsrebuilding="17"/>
  </mem-info>
</gc-start>
<gc-end id="4784" type="global mark phase" contextid="4654" durationms="0.150" usertimems="0.000" systemtimems="0.000" timestamp="2019-06-17T04:32:14.934" activeThreads="4">
  <mem-info id="4785" free="58720256" total="116391936" percent="50">
    <remembered-set count="83520" freebytes="4563072" totalbytes="4897152" percent="93" regionsoverflowed="0" regionsstable="0" regionsrebuilding="17"/>
  </mem-info>
</gc-end>
<concurrent-start id="4786" type="GMP work packet processing" contextid="4654" timestamp="2019-06-17T04:32:14.934">
  <concurrent-mark-start scanTarget="1763909" />
</concurrent-start>
<exclusive-end id="4787" timestamp="2019-06-17T04:32:14.934" durationms="0.729" />

<concurrent-end id="4788" type="GMP work packet processing" contextid="4654" timestamp="2019-06-17T04:32:14.936">
  <concurrent-mark-end bytesScanned="1812808" reasonForTermination="Work target met" />
</concurrent-end>

<exclusive-start id="4789" timestamp="2019-06-17T04:32:14.940" intervalms="6.569">
  <response-info timems="0.070" idlems="0.070" threads="0" lastid="0000000002320700" lastname="main" />
</exclusive-start>
<allocation-taxation id="4790" taxation-threshold="17825792" timestamp="2019-06-17T04:32:14.940" intervalms="6.656" />
<cycle-start id="4791" type="partial gc" contextid="0" timestamp="2019-06-17T04:32:14.941" intervalms="16.772" />
<gc-start id="4792" type="partial gc" contextid="4791" timestamp="2019-06-17T04:32:14.941">
  <mem-info id="4793" free="40894464" total="116391936" percent="35">
    <mem type="eden" free="1047784" total="36700160" percent="2" />
    <remembered-set count="99040" freebytes="4500992" totalbytes="4897152" percent="91" regionsoverflowed="0" regionsstable="0" regionsrebuilding="17"/>
  </mem-info>
</gc-start>
<allocation-stats totalBytes="35588904" >
  <allocated-bytes non-tlh="0" tlh="35588904" arrayletleaf="0"/>
  <largest-consumer threadName="main" threadId="0000000002320700" bytes="17793992" />
</allocation-stats>
<gc-op id="4794" type="copy forward" timems="3.893" contextid="4791" timestamp="2019-06-17T04:32:14.946">
  <memory-copied type="eden" objects="3" bytes="72" bytesdiscarded="0" />
  <memory-copied type="other" objects="21" bytes="1208" bytesdiscarded="672" />
  <memory-cardclean objects="19025" bytes="777176" />
  <regions eden="34" other="2" />
  <remembered-set-cleared processed="93843" cleared="8821" durationms="0.424" />
  <stringconstants candidates="13747" cleared="0"  />
</gc-op>
<gc-op id="4795" type="classunload" timems="0.004" contextid="4791" timestamp="2019-06-17T04:32:14.946">
  <classunload-info classloadercandidates="54" classloadersunloaded="0" classesunloaded="0" anonymousclassesunloaded="0" quiescems="0.000" setupms="0.004" scanms="0.000" postms="0.000" />
</gc-op>
<heap-resize id="4796" type="contract" space="default" amount="6291456" count="1" timems="0.359" reason="excess free space following gc" timestamp="2019-06-17T04:32:14.946" />
<gc-end id="4797" type="partial gc" contextid="4791" durationms="5.763" usertimems="12.000" systemtimems="0.000" timestamp="2019-06-17T04:32:14.946" activeThreads="4">
  <mem-info id="4798" free="70254592" total="110100480" percent="63">
    <mem type="eden" free="1048504" total="1048576" percent="99" />
    <remembered-set count="93696" freebytes="4271232" totalbytes="4646016" percent="91" regionsoverflowed="0" regionsstable="0" regionsrebuilding="17"/>
  </mem-info>
</gc-end>
<cycle-end id="4799" type="partial gc" contextid="4791" timestamp="2019-06-17T04:32:14.947" />
  <attribute name="elasticGC enabled" value="1" />
  <attribute name= "numThreadsSpecified" value="4" />
  <attribute name="heapSize specified" value="0" />
  <attribute name="Current GC Util" value="96" />
  <attribute name= "Current Time Running" value="64379" />
  <attribute name ="GC Interval" value="0" />
  <attribute name="ProportionalT" value="114.000000" />
  <attribute name="ProportionalI" value="114.000000" />
  <attribute name="ProportionalH" value="114.000000" />
  <attribute name="Current Error" value="76.000000" />
  <attribute name="IntegralT" value="76.000000" />
  <attribute name="IntegralI" value="76.000000" />
  <attribute name="IntegralH" value="76.000000" />
  <attribute name="DerivativeT" value="61.500000" />
  <attribute name="DerivativeI" value="61.500000" />
  <attribute name="DerivativeH" value="61.500000" />
  <attribute name="Loop Time for DT" value="1.000000" />
  <attribute name="Output H" value="8388608"/>
  <attribute name="Output I" value="256"/>
  <attribute name="Output T" value="4"/>
  <attribute name="Target GC Util Change" value ="20.000000" />
  <attribute name="Current GC Util Change" value="96.000000"/>
  <attribute name="GC Util currently" value="96" />
  <attribute name="CPU Util currently" value="6984080239919" />
<exclusive-end id="4800" timestamp="2019-06-17T04:32:14.947" durationms="6.707" />

<exclusive-start id="4801" timestamp="2019-06-17T04:32:14.952" intervalms="12.164">
  <response-info timems="0.061" idlems="0.061" threads="0" lastid="0000000002320700" lastname="main" />
</exclusive-start>
<allocation-taxation id="4802" taxation-threshold="16777216" timestamp="2019-06-17T04:32:14.953" intervalms="12.213" />
<gc-start id="4803" type="global mark phase" contextid="4654" timestamp="2019-06-17T04:32:14.953">
  <mem-info id="4804" free="53477376" total="110100480" percent="48">
    <remembered-set count="93664" freebytes="4271360" totalbytes="4646016" percent="91" regionsoverflowed="0" regionsstable="0" regionsrebuilding="17"/>
  </mem-info>
</gc-start>
<gc-end id="4805" type="global mark phase" contextid="4654" durationms="0.154" usertimems="0.000" systemtimems="0.000" timestamp="2019-06-17T04:32:14.953" activeThreads="4">
  <mem-info id="4806" free="53477376" total="110100480" percent="48">
    <remembered-set count="93664" freebytes="4271360" totalbytes="4646016" percent="91" regionsoverflowed="0" regionsstable="0" regionsrebuilding="17"/>
  </mem-info>
</gc-end>
<concurrent-start id="4807" type="GMP work packet processing" contextid="4654" timestamp="2019-06-17T04:32:14.953">
  <concurrent-mark-start scanTarget="1763909" />
</concurrent-start>
<exclusive-end id="4808" timestamp="2019-06-17T04:32:14.953" durationms="0.977" />

<concurrent-end id="4809" type="GMP work packet processing" contextid="4654" timestamp="2019-06-17T04:32:14.955">
  <concurrent-mark-end bytesScanned="1812816" reasonForTermination="Work target met" />
</concurrent-end>

<exclusive-start id="4810" timestamp="2019-06-17T04:32:14.959" intervalms="6.477">
  <response-info timems="0.054" idlems="0.054" threads="0" lastid="0000000002320700" lastname="main" />
</exclusive-start>
<allocation-taxation id="4811" taxation-threshold="16777216" timestamp="2019-06-17T04:32:14.959" intervalms="6.329" />
<cycle-start id="4812" type="partial gc" contextid="0" timestamp="2019-06-17T04:32:14.959" intervalms="18.451" />
<gc-start id="4813" type="partial gc" contextid="4812" timestamp="2019-06-17T04:32:14.959">
  <mem-info id="4814" free="36700160" total="110100480" percent="33">
    <mem type="eden" free="1048504" total="34603008" percent="3" />
    <remembered-set count="111232" freebytes="4201088" totalbytes="4646016" percent="90" regionsoverflowed="0" regionsstable="0" regionsrebuilding="17"/>
  </mem-info>
</gc-start>
<allocation-stats totalBytes="33495528" >
  <allocated-bytes non-tlh="0" tlh="33495528" arrayletleaf="0"/>
  <largest-consumer threadName="main" threadId="0000000002320700" bytes="16747368" />
</allocation-stats>
<gc-op id="4815" type="copy forward" timems="7.464" contextid="4812" timestamp="2019-06-17T04:32:14.968">
  <memory-copied type="eden" objects="4" bytes="104" bytesdiscarded="0" />
  <memory-copied type="other" objects="0" bytes="0" bytesdiscarded="0" />
  <memory-cardclean objects="88737" bytes="3167088" />
  <regions eden="32" other="1" />
  <remembered-set-cleared processed="87893" cleared="30699" durationms="0.965" />
  <stringconstants candidates="13747" cleared="0"  />
</gc-op>
<gc-op id="4816" type="classunload" timems="0.004" contextid="4812" timestamp="2019-06-17T04:32:14.968">
  <classunload-info classloadercandidates="54" classloadersunloaded="0" classesunloaded="0" anonymousclassesunloaded="0" quiescems="0.000" setupms="0.004" scanms="0.000" postms="0.000" />
</gc-op>
<heap-resize id="4817" type="contract" space="default" amount="6291456" count="1" timems="0.344" reason="excess free space following gc" timestamp="2019-06-17T04:32:14.968" />
<gc-end id="4818" type="partial gc" contextid="4812" durationms="9.424" usertimems="12.000" systemtimems="0.000" timestamp="2019-06-17T04:32:14.969" activeThreads="1">
  <mem-info id="4819" free="63963136" total="103809024" percent="61">
    <mem type="eden" free="1048472" total="1048576" percent="99" />
    <remembered-set count="80608" freebytes="4072448" totalbytes="4394880" percent="92" regionsoverflowed="0" regionsstable="0" regionsrebuilding="17"/>
  </mem-info>
</gc-end>
<cycle-end id="4820" type="partial gc" contextid="4812" timestamp="2019-06-17T04:32:14.969" />
  <attribute name="elasticGC enabled" value="1" />
  <attribute name= "numThreadsSpecified" value="1" />
  <attribute name="heapSize specified" value="0" />
  <attribute name="Current GC Util" value="104" />
  <attribute name= "Current Time Running" value="64397" />
  <attribute name ="GC Interval" value="0" />
  <attribute name="ProportionalT" value="126.000000" />
  <attribute name="ProportionalI" value="126.000000" />
  <attribute name="ProportionalH" value="126.000000" />
  <attribute name="Current Error" value="84.000000" />
  <attribute name="IntegralT" value="0.000000" />
  <attribute name="IntegralI" value="0.000000" />
  <attribute name="IntegralH" value="0.000000" />
  <attribute name="DerivativeT" value="inf" />
  <attribute name="DerivativeI" value="inf" />
  <attribute name="DerivativeH" value="inf" />
  <attribute name="Loop Time for DT" value="0.000000" />
  <attribute name="Output H" value="8388608"/>
  <attribute name="Output I" value="200"/>
  <attribute name="Output T" value="1"/>
  <attribute name="Target GC Util Change" value ="20.000000" />
  <attribute name="Current GC Util Change" value="104.000000"/>
  <attribute name="GC Util currently" value="104" />
  <attribute name="CPU Util currently" value="6693886200799" />
<exclusive-end id="4821" timestamp="2019-06-17T04:32:14.969" durationms="10.144" />

<exclusive-start id="4822" timestamp="2019-06-17T04:32:14.974" intervalms="15.348">
  <response-info timems="0.020" idlems="0.020" threads="0" lastid="0000000002320700" lastname="main" />
</exclusive-start>
<allocation-taxation id="4823" taxation-threshold="15728640" timestamp="2019-06-17T04:32:14.974" intervalms="15.442" />
<gc-start id="4824" type="global mark phase" contextid="4654" timestamp="2019-06-17T04:32:14.975">
  <mem-info id="4825" free="48234496" total="103809024" percent="46">
    <remembered-set count="80192" freebytes="4074112" totalbytes="4394880" percent="92" regionsoverflowed="0" regionsstable="0" regionsrebuilding="17"/>
  </mem-info>
</gc-start>
<gc-end id="4826" type="global mark phase" contextid="4654" durationms="0.127" usertimems="0.000" systemtimems="0.000" timestamp="2019-06-17T04:32:14.975" activeThreads="1">
  <mem-info id="4827" free="48234496" total="103809024" percent="46">
    <remembered-set count="80192" freebytes="4074112" totalbytes="4394880" percent="92" regionsoverflowed="0" regionsstable="0" regionsrebuilding="17"/>
  </mem-info>
</gc-end>
<concurrent-start id="4828" type="GMP work packet processing" contextid="4654" timestamp="2019-06-17T04:32:14.975">
  <concurrent-mark-start scanTarget="1048576" />
</concurrent-start>
<exclusive-end id="4829" timestamp="2019-06-17T04:32:14.975" durationms="0.765" />

<concurrent-end id="4830" type="GMP work packet processing" contextid="4654" timestamp="2019-06-17T04:32:14.976">
  <concurrent-mark-end bytesScanned="439160" reasonForTermination="Completed all work in GC phase" />
</concurrent-end>

<exclusive-start id="4831" timestamp="2019-06-17T04:32:14.980" intervalms="5.954">
  <response-info timems="0.074" idlems="0.074" threads="0" lastid="0000000002320700" lastname="main" />
</exclusive-start>
<allocation-taxation id="4832" taxation-threshold="15728640" timestamp="2019-06-17T04:32:14.980" intervalms="5.930" />
<cycle-start id="4833" type="partial gc" contextid="0" timestamp="2019-06-17T04:32:14.980" intervalms="21.483" />
<gc-start id="4834" type="partial gc" contextid="4833" timestamp="2019-06-17T04:32:14.981">
  <mem-info id="4835" free="32505856" total="103809024" percent="31">
    <mem type="eden" free="1048472" total="32505856" percent="3" />
    <remembered-set count="89920" freebytes="4035200" totalbytes="4394880" percent="91" regionsoverflowed="0" regionsstable="0" regionsrebuilding="17"/>
  </mem-info>
</gc-start>
<allocation-stats totalBytes="31402008" >
  <allocated-bytes non-tlh="0" tlh="31402008" arrayletleaf="0"/>
  <largest-consumer threadName="main" threadId="0000000002320700" bytes="15700608" />
</allocation-stats>
<gc-op id="4836" type="copy forward" timems="5.797" contextid="4833" timestamp="2019-06-17T04:32:14.988">
  <memory-copied type="eden" objects="3" bytes="72" bytesdiscarded="0" />
  <memory-copied type="other" objects="0" bytes="0" bytesdiscarded="0" />
  <memory-cardclean objects="202063" bytes="6644496" />
  <regions eden="30" other="1" />
  <remembered-set-cleared processed="35490" cleared="20974" durationms="0.241" />
  <stringconstants candidates="13747" cleared="0"  />
</gc-op>
<gc-op id="4837" type="classunload" timems="0.004" contextid="4833" timestamp="2019-06-17T04:32:14.988">
  <classunload-info classloadercandidates="54" classloadersunloaded="0" classesunloaded="0" anonymousclassesunloaded="0" quiescems="0.000" setupms="0.004" scanms="0.000" postms="0.000" />
</gc-op>
<heap-resize id="4838" type="contract" space="default" amount="1048576" count="1" timems="0.145" reason="excess free space following gc" timestamp="2019-06-17T04:32:14.988" />
<gc-end id="4839" type="partial gc" contextid="4833" durationms="7.526" usertimems="16.000" systemtimems="0.000" timestamp="2019-06-17T04:32:14.988" activeThreads="4">
  <mem-info id="4840" free="62914560" total="102760448" percent="61">
    <mem type="eden" free="1048504" total="1048576" percent="99" />
    <remembered-set count="56608" freebytes="3917312" totalbytes="4143744" percent="94" regionsoverflowed="0" regionsstable="0" regionsrebuilding="17"/>
  </mem-info>
</gc-end>
<cycle-end id="4841" type="partial gc" contextid="4833" timestamp="2019-06-17T04:32:14.988" />
  <attribute name="elasticGC enabled" value="1" />
  <attribute name= "numThreadsSpecified" value="4" />
  <attribute name="heapSize specified" value="0" />
  <attribute name="Current GC Util" value="115" />
  <attribute name= "Current Time Running" value="64419" />
  <attribute name ="GC Interval" value="0" />
  <attribute name="ProportionalT" value="142.500000" />
  <attribute name="ProportionalI" value="142.500000" />
  <attribute name="ProportionalH" value="142.500000" />
  <attribute name="Current Error" value="95.000000" />
  <attribute name="IntegralT" value="95.000000" />
  <attribute name="IntegralI" value="95.000000" />
  <attribute name="IntegralH" value="95.000000" />
  <attribute name="DerivativeT" value="114.000000" />
  <attribute name="DerivativeI" value="114.000000" />
  <attribute name="DerivativeH" value="114.000000" />
  <attribute name="Loop Time for DT" value="1.000000" />
  <attribute name="Output H" value="8388608"/>
  <attribute name="Output I" value="352"/>
  <attribute name="Output T" value="4"/>
  <attribute name="Target GC Util Change" value ="20.000000" />
  <attribute name="Current GC Util Change" value="115.000000"/>
  <attribute name="GC Util currently" value="115" />
  <attribute name="CPU Util currently" value="6121157204298" />
<exclusive-end id="4842" timestamp="2019-06-17T04:32:14.989" durationms="8.434" />

<exclusive-start id="4843" timestamp="2019-06-17T04:32:15.004" intervalms="23.411">
  <response-info timems="0.077" idlems="0.077" threads="0" lastid="0000000002320700" lastname="main" />
</exclusive-start>
<allocation-taxation id="4844" taxation-threshold="15728640" timestamp="2019-06-17T04:32:15.004" intervalms="23.436" />
<gc-start id="4845" type="global mark phase" contextid="4654" timestamp="2019-06-17T04:32:15.004">
  <mem-info id="4846" free="47185920" total="102760448" percent="45">
    <remembered-set count="56608" freebytes="3917312" totalbytes="4143744" percent="94" regionsoverflowed="0" regionsstable="0" regionsrebuilding="17"/>
  </mem-info>
</gc-start>
<gc-op id="4847" type="mark increment" timems="6.462" contextid="4654" timestamp="2019-06-17T04:32:15.011">
  <trace-info objectcount="47" scancount="44" scanbytes="345312" />
  <cardclean-info objects="363137" bytes="9554056" />
  <finalization candidates="79" enqueued="0" />
  <ownableSynchronizers candidates="23" cleared="0" />
  <references type="soft" candidates="3697" cleared="0" enqueued="0" dynamicThreshold="19" maxThreshold="32" />
  <references type="weak" candidates="5744" cleared="0" enqueued="0" />
  <references type="phantom" candidates="100" cleared="0" enqueued="0" />
  <stringconstants candidates="13747" cleared="0"  />
</gc-op>
<gc-op id="4848" type="classunload" timems="0.006" contextid="4654" timestamp="2019-06-17T04:32:15.011">
  <classunload-info classloadercandidates="54" classloadersunloaded="0" classesunloaded="0" anonymousclassesunloaded="0" quiescems="0.000" setupms="0.006" scanms="0.000" postms="0.000" />
</gc-op>
<gc-end id="4849" type="global mark phase" contextid="4654" durationms="6.779" usertimems="20.000" systemtimems="0.000" timestamp="2019-06-17T04:32:15.011" activeThreads="4">
  <mem-info id="4850" free="47185920" total="102760448" percent="45">
    <remembered-set count="102176" freebytes="3735040" totalbytes="4143744" percent="90" regionsoverflowed="0" regionsstable="0" regionsrebuilding="0"/>
  </mem-info>
</gc-end>
<cycle-end id="4851" type="global mark phase" contextid="4654" timestamp="2019-06-17T04:32:15.011" />
  <attribute name="elasticGC enabled" value="1" />
  <attribute name= "numThreadsSpecified" value="4" />
  <attribute name="heapSize specified" value="0" />
  <attribute name="Current GC Util" value="120" />
  <attribute name= "Current Time Running" value="64447" />
  <attribute name ="GC Interval" value="0" />
  <attribute name="ProportionalT" value="150.000000" />
  <attribute name="ProportionalI" value="150.000000" />
  <attribute name="ProportionalH" value="150.000000" />
  <attribute name="Current Error" value="100.000000" />
  <attribute name="IntegralT" value="100.000000" />
  <attribute name="IntegralI" value="100.000000" />
  <attribute name="IntegralH" value="100.000000" />
  <attribute name="DerivativeT" value="-211.500000" />
  <attribute name="DerivativeI" value="-211.500000" />
  <attribute name="DerivativeH" value="-211.500000" />
  <attribute name="Loop Time for DT" value="1.000000" />
  <attribute name="Output H" value="8388608"/>
  <attribute name="Output I" value="200"/>
  <attribute name="Output T" value="4"/>
  <attribute name="Target GC Util Change" value ="20.000000" />
  <attribute name="Current GC Util Change" value="120.000000"/>
  <attribute name="GC Util currently" value="120" />
  <attribute name="CPU Util currently" value="17413759612283" />
<exclusive-end id="4852" timestamp="2019-06-17T04:32:15.011" durationms="7.336" />

<exclusive-start id="4853" timestamp="2019-06-17T04:32:15.035" intervalms="31.105">
  <response-info timems="0.076" idlems="0.076" threads="0" lastid="0000000002320700" lastname="main" />
</exclusive-start>
<allocation-taxation id="4854" taxation-threshold="15728640" timestamp="2019-06-17T04:32:15.035" intervalms="31.156" />
<cycle-start id="4855" type="partial gc" contextid="0" timestamp="2019-06-17T04:32:15.035" intervalms="54.625" />
<gc-start id="4856" type="partial gc" contextid="4855" timestamp="2019-06-17T04:32:15.035">
  <mem-info id="4857" free="31457280" total="102760448" percent="30">
    <mem type="eden" free="1048504" total="32505856" percent="3" />
    <remembered-set count="2464" freebytes="4133888" totalbytes="4143744" percent="99" regionsoverflowed="0" regionsstable="17" regionsrebuilding="0"/>
  </mem-info>
</gc-start>
<allocation-stats totalBytes="31422560" >
  <allocated-bytes non-tlh="0" tlh="31422560" arrayletleaf="0"/>
  <largest-consumer threadName="main" threadId="0000000002320700" bytes="15714920" />
</allocation-stats>
<gc-op id="4858" type="sweep" timems="0.733" contextid="4855" timestamp="2019-06-17T04:32:15.036" />
<gc-op id="4859" type="copy forward" timems="1.454" contextid="4855" timestamp="2019-06-17T04:32:15.039">
  <memory-copied type="eden" objects="15" bytes="800" bytesdiscarded="613" />
  <memory-copied type="other" objects="29" bytes="840" bytesdiscarded="859" />
  <memory-cardclean objects="73" bytes="2312" />
  <regions eden="15" other="3" />
  <remembered-set-cleared processed="353" cleared="15" durationms="0.112" />
  <stringconstants candidates="13747" cleared="0"  />
</gc-op>
<gc-op id="4860" type="classunload" timems="0.003" contextid="4855" timestamp="2019-06-17T04:32:15.039">
  <classunload-info classloadercandidates="54" classloadersunloaded="0" classesunloaded="0" anonymousclassesunloaded="0" quiescems="0.000" setupms="0.003" scanms="0.000" postms="0.000" />
</gc-op>
<gc-end id="4861" type="partial gc" contextid="4855" durationms="3.721" usertimems="4.000" systemtimems="0.000" timestamp="2019-06-17T04:32:15.039" activeThreads="4">
  <mem-info id="4862" free="62914560" total="102760448" percent="61">
    <mem type="eden" free="1046328" total="1048576" percent="99" />
    <remembered-set count="2368" freebytes="4092416" totalbytes="4101888" percent="99" regionsoverflowed="0" regionsstable="17" regionsrebuilding="0"/>
  </mem-info>
</gc-end>
<cycle-end id="4863" type="partial gc" contextid="4855" timestamp="2019-06-17T04:32:15.039" />
  <attribute name="elasticGC enabled" value="1" />
  <attribute name= "numThreadsSpecified" value="4" />
  <attribute name="heapSize specified" value="0" />
  <attribute name="Current GC Util" value="29" />
  <attribute name= "Current Time Running" value="64474" />
  <attribute name ="GC Interval" value="0" />
  <attribute name="ProportionalT" value="13.500000" />
  <attribute name="ProportionalI" value="13.500000" />
  <attribute name="ProportionalH" value="13.500000" />
  <attribute name="Current Error" value="9.000000" />
  <attribute name="IntegralT" value="0.000000" />
  <attribute name="IntegralI" value="0.000000" />
  <attribute name="IntegralH" value="0.000000" />
  <attribute name="DerivativeT" value="-inf" />
  <attribute name="DerivativeI" value="-inf" />
  <attribute name="DerivativeH" value="-inf" />
  <attribute name="Loop Time for DT" value="0.000000" />
  <attribute name="Output H" value="2091843584"/>
  <attribute name="Output I" value="200"/>
  <attribute name="Output T" value="4"/>
  <attribute name="Target GC Util Change" value ="20.000000" />
  <attribute name="Current GC Util Change" value="29.000000"/>
  <attribute name="GC Util currently" value="29" />
  <attribute name="CPU Util currently" value="8819795704686" />
<exclusive-end id="4864" timestamp="2019-06-17T04:32:15.039" durationms="4.641" />

<exclusive-start id="4865" timestamp="2019-06-17T04:32:15.063" intervalms="28.422">
  <response-info timems="0.075" idlems="0.075" threads="0" lastid="0000000002320700" lastname="main" />
</exclusive-start>
<allocation-taxation id="4866" taxation-threshold="15728640" timestamp="2019-06-17T04:32:15.063" intervalms="28.420" />
<cycle-start id="4867" type="global mark phase" contextid="0" timestamp="2019-06-17T04:32:15.064" intervalms="497.114" />
<gc-start id="4868" type="global mark phase" contextid="4867" timestamp="2019-06-17T04:32:15.064">
  <mem-info id="4869" free="47185920" total="102760448" percent="45">
    <remembered-set count="2176" freebytes="4093184" totalbytes="4101888" percent="99" regionsoverflowed="0" regionsstable="17" regionsrebuilding="0"/>
  </mem-info>
</gc-start>
<gc-op id="4870" type="mark increment" timems="1.261" contextid="4867" timestamp="2019-06-17T04:32:15.065">
  <trace-info objectcount="6165" scancount="676" scanbytes="29944" />
</gc-op>
<gc-end id="4871" type="global mark phase" contextid="4867" durationms="1.494" usertimems="0.000" systemtimems="0.000" timestamp="2019-06-17T04:32:15.065" activeThreads="4">
  <mem-info id="4872" free="47185920" total="102760448" percent="45">
    <remembered-set count="2688" freebytes="4091136" totalbytes="4101888" percent="99" regionsoverflowed="0" regionsstable="0" regionsrebuilding="17"/>
  </mem-info>
</gc-end>
<concurrent-start id="4873" type="GMP work packet processing" contextid="4867" timestamp="2019-06-17T04:32:15.065">
  <concurrent-mark-start scanTarget="1883300" />
</concurrent-start>
<exclusive-end id="4874" timestamp="2019-06-17T04:32:15.065" durationms="2.279" />

<concurrent-end id="4875" type="GMP work packet processing" contextid="4867" timestamp="2019-06-17T04:32:15.067">
  <concurrent-mark-end bytesScanned="1965348" reasonForTermination="Work target met" />
</concurrent-end>

<exclusive-start id="4876" timestamp="2019-06-17T04:32:15.088" intervalms="25.188">
  <response-info timems="0.074" idlems="0.074" threads="0" lastid="0000000002320700" lastname="main" />
</exclusive-start>
<allocation-taxation id="4877" taxation-threshold="15728640" timestamp="2019-06-17T04:32:15.088" intervalms="25.125" />
<cycle-start id="4878" type="partial gc" contextid="0" timestamp="2019-06-17T04:32:15.089" intervalms="53.593" />
<gc-start id="4879" type="partial gc" contextid="4878" timestamp="2019-06-17T04:32:15.089">
  <mem-info id="4880" free="31457280" total="102760448" percent="30">
    <mem type="eden" free="0" total="31457280" percent="0" />
    <remembered-set count="17440" freebytes="4032128" totalbytes="4101888" percent="98" regionsoverflowed="0" regionsstable="0" regionsrebuilding="17"/>
  </mem-info>
</gc-start>
<allocation-stats totalBytes="31429896" >
  <allocated-bytes non-tlh="0" tlh="31429896" arrayletleaf="0"/>
  <largest-consumer threadName="main" threadId="0000000002320700" bytes="15715224" />
</allocation-stats>
<gc-op id="4881" type="copy forward" timems="2.784" contextid="4878" timestamp="2019-06-17T04:32:15.093">
  <memory-copied type="eden" objects="29" bytes="1720" bytesdiscarded="696" />
  <memory-copied type="other" objects="2492" bytes="143744" bytesdiscarded="5128" />
  <memory-cardclean objects="464" bytes="29376" />
  <regions eden="30" other="7" />
  <remembered-set-cleared processed="14976" cleared="356" durationms="0.131" />
  <references type="soft" candidates="13" cleared="0" enqueued="0" dynamicThreshold="14" maxThreshold="32" />
  <references type="weak" candidates="155" cleared="0" enqueued="0" />
  <stringconstants candidates="13747" cleared="0"  />
</gc-op>
<gc-op id="4882" type="classunload" timems="0.005" contextid="4878" timestamp="2019-06-17T04:32:15.093">
  <classunload-info classloadercandidates="54" classloadersunloaded="0" classesunloaded="0" anonymousclassesunloaded="0" quiescems="0.000" setupms="0.005" scanms="0.000" postms="0.000" />
</gc-op>
<heap-resize id="4883" type="contract" space="default" amount="5242880" count="1" timems="0.158" reason="excess free space following gc" timestamp="2019-06-17T04:32:15.093" />
<gc-end id="4884" type="partial gc" contextid="4878" durationms="4.171" usertimems="8.000" systemtimems="0.000" timestamp="2019-06-17T04:32:15.093" activeThreads="4">
  <mem-info id="4885" free="59768832" total="97517568" percent="61">
    <mem type="eden" free="1046160" total="1048576" percent="99" />
    <remembered-set count="18464" freebytes="4028032" totalbytes="4101888" percent="98" regionsoverflowed="0" regionsstable="0" regionsrebuilding="17"/>
  </mem-info>
</gc-end>
<cycle-end id="4886" type="partial gc" contextid="4878" timestamp="2019-06-17T04:32:15.093" />
  <attribute name="elasticGC enabled" value="1" />
  <attribute name= "numThreadsSpecified" value="4" />
  <attribute name="heapSize specified" value="0" />
  <attribute name="Current GC Util" value="155" />
  <attribute name= "Current Time Running" value="64527" />
  <attribute name ="GC Interval" value="0" />
  <attribute name="ProportionalT" value="202.500000" />
  <attribute name="ProportionalI" value="202.500000" />
  <attribute name="ProportionalH" value="202.500000" />
  <attribute name="Current Error" value="135.000000" />
  <attribute name="IntegralT" value="135.000000" />
  <attribute name="IntegralI" value="135.000000" />
  <attribute name="IntegralH" value="135.000000" />
  <attribute name="DerivativeT" value="202.500000" />
  <attribute name="DerivativeI" value="202.500000" />
  <attribute name="DerivativeH" value="202.500000" />
  <attribute name="Loop Time for DT" value="1.000000" />
  <attribute name="Output H" value="8388608"/>
  <attribute name="Output I" value="544"/>
  <attribute name="Output T" value="4"/>
  <attribute name="Target GC Util Change" value ="20.000000" />
  <attribute name="Current GC Util Change" value="155.000000"/>
  <attribute name="GC Util currently" value="155" />
  <attribute name="CPU Util currently" value="13042540917042" />
<exclusive-end id="4887" timestamp="2019-06-17T04:32:15.093" durationms="5.207" />

<exclusive-start id="4888" timestamp="2019-06-17T04:32:15.099" intervalms="11.002">
  <response-info timems="0.069" idlems="0.069" threads="0" lastid="0000000002320700" lastname="main" />
</exclusive-start>
<allocation-taxation id="4889" taxation-threshold="14680064" timestamp="2019-06-17T04:32:15.099" intervalms="11.057" />
<gc-start id="4890" type="global mark phase" contextid="4867" timestamp="2019-06-17T04:32:15.100">
  <mem-info id="4891" free="45088768" total="97517568" percent="46">
    <remembered-set count="17984" freebytes="4029952" totalbytes="4101888" percent="98" regionsoverflowed="0" regionsstable="0" regionsrebuilding="17"/>
  </mem-info>
</gc-start>
<gc-end id="4892" type="global mark phase" contextid="4867" durationms="0.151" usertimems="0.000" systemtimems="0.000" timestamp="2019-06-17T04:32:15.100" activeThreads="4">
  <mem-info id="4893" free="45088768" total="97517568" percent="46">
    <remembered-set count="17984" freebytes="4029952" totalbytes="4101888" percent="98" regionsoverflowed="0" regionsstable="0" regionsrebuilding="17"/>
  </mem-info>
</gc-end>
<concurrent-start id="4894" type="GMP work packet processing" contextid="4867" timestamp="2019-06-17T04:32:15.100">
  <concurrent-mark-start scanTarget="1883300" />
</concurrent-start>
<exclusive-end id="4895" timestamp="2019-06-17T04:32:15.100" durationms="0.922" />

<concurrent-end id="4896" type="GMP work packet processing" contextid="4867" timestamp="2019-06-17T04:32:15.102">
  <concurrent-mark-end bytesScanned="1934260" reasonForTermination="Work target met" />
</concurrent-end>

<exclusive-start id="4897" timestamp="2019-06-17T04:32:15.106" intervalms="6.710">
  <response-info timems="0.068" idlems="0.068" threads="0" lastid="0000000002320700" lastname="main" />
</exclusive-start>
<allocation-taxation id="4898" taxation-threshold="14680064" timestamp="2019-06-17T04:32:15.106" intervalms="6.611" />
<cycle-start id="4899" type="partial gc" contextid="0" timestamp="2019-06-17T04:32:15.106" intervalms="17.549" />
<gc-start id="4900" type="partial gc" contextid="4899" timestamp="2019-06-17T04:32:15.106">
  <mem-info id="4901" free="30408704" total="97517568" percent="31">
    <mem type="eden" free="1046160" total="30408704" percent="3" />
    <remembered-set count="36992" freebytes="3953920" totalbytes="4101888" percent="96" regionsoverflowed="0" regionsstable="0" regionsrebuilding="17"/>
  </mem-info>
</gc-start>
<allocation-stats totalBytes="29337896" >
  <allocated-bytes non-tlh="0" tlh="29337896" arrayletleaf="0"/>
  <largest-consumer threadName="main" threadId="0000000002320700" bytes="14669408" />
</allocation-stats>
<gc-op id="4902" type="copy forward" timems="4.523" contextid="4899" timestamp="2019-06-17T04:32:15.112">
  <memory-copied type="eden" objects="4" bytes="288" bytesdiscarded="0" />
  <memory-copied type="other" objects="19884" bytes="616136" bytesdiscarded="45952" />
  <memory-cardclean objects="59332" bytes="2495400" />
  <regions eden="28" other="5" />
  <remembered-set-cleared processed="15105" cleared="8514" durationms="0.158" />
  <references type="soft" candidates="15" cleared="0" enqueued="0" dynamicThreshold="14" maxThreshold="32" />
  <references type="weak" candidates="173" cleared="0" enqueued="0" />
  <stringconstants candidates="13747" cleared="0"  />
</gc-op>
<gc-op id="4903" type="classunload" timems="0.006" contextid="4899" timestamp="2019-06-17T04:32:15.112">
  <classunload-info classloadercandidates="54" classloadersunloaded="0" classesunloaded="0" anonymousclassesunloaded="0" quiescems="0.000" setupms="0.005" scanms="0.000" postms="0.000" />
</gc-op>
<heap-resize id="4904" type="contract" space="default" amount="3145728" count="1" timems="0.249" reason="excess free space following gc" timestamp="2019-06-17T04:32:15.112" />
<gc-end id="4905" type="partial gc" contextid="4899" durationms="6.059" usertimems="12.000" systemtimems="0.000" timestamp="2019-06-17T04:32:15.112" activeThreads="4">
  <mem-info id="4906" free="57671680" total="94371840" percent="61">
    <mem type="eden" free="2094992" total="2097152" percent="99" />
    <remembered-set count="23840" freebytes="3797248" totalbytes="3892608" percent="97" regionsoverflowed="0" regionsstable="0" regionsrebuilding="17"/>
  </mem-info>
</gc-end>
<cycle-end id="4907" type="partial gc" contextid="4899" timestamp="2019-06-17T04:32:15.113" />
  <attribute name="elasticGC enabled" value="1" />
  <attribute name= "numThreadsSpecified" value="4" />
  <attribute name="heapSize specified" value="0" />
  <attribute name="Current GC Util" value="42" />
  <attribute name= "Current Time Running" value="64544" />
  <attribute name ="GC Interval" value="0" />
  <attribute name="ProportionalT" value="33.000000" />
  <attribute name="ProportionalI" value="33.000000" />
  <attribute name="ProportionalH" value="33.000000" />
  <attribute name="Current Error" value="22.000000" />
  <attribute name="IntegralT" value="0.000000" />
  <attribute name="IntegralI" value="0.000000" />
  <attribute name="IntegralH" value="0.000000" />
  <attribute name="DerivativeT" value="-inf" />
  <attribute name="DerivativeI" value="-inf" />
  <attribute name="DerivativeH" value="-inf" />
  <attribute name="Loop Time for DT" value="0.000000" />
  <attribute name="Output H" value="2091843584"/>
  <attribute name="Output I" value="200"/>
  <attribute name="Output T" value="4"/>
  <attribute name="Target GC Util Change" value ="20.000000" />
  <attribute name="Current GC Util Change" value="42.000000"/>
  <attribute name="GC Util currently" value="42" />
  <attribute name="CPU Util currently" value="7978861079257" />
<exclusive-end id="4908" timestamp="2019-06-17T04:32:15.113" durationms="6.798" />

<exclusive-start id="4909" timestamp="2019-06-17T04:32:15.119" intervalms="12.589">
  <response-info timems="0.058" idlems="0.058" threads="0" lastid="0000000002320700" lastname="main" />
</exclusive-start>
<allocation-taxation id="4910" taxation-threshold="14680064" timestamp="2019-06-17T04:32:15.119" intervalms="12.659" />
<gc-start id="4911" type="global mark phase" contextid="4867" timestamp="2019-06-17T04:32:15.119">
  <mem-info id="4912" free="42991616" total="94371840" percent="45">
    <remembered-set count="23552" freebytes="3798400" totalbytes="3892608" percent="97" regionsoverflowed="0" regionsstable="0" regionsrebuilding="17"/>
  </mem-info>
</gc-start>
<gc-end id="4913" type="global mark phase" contextid="4867" durationms="0.149" usertimems="0.000" systemtimems="0.000" timestamp="2019-06-17T04:32:15.119" activeThreads="4">
  <mem-info id="4914" free="42991616" total="94371840" percent="45">
    <remembered-set count="23552" freebytes="3798400" totalbytes="3892608" percent="97" regionsoverflowed="0" regionsstable="0" regionsrebuilding="17"/>
  </mem-info>
</gc-end>
<concurrent-start id="4915" type="GMP work packet processing" contextid="4867" timestamp="2019-06-17T04:32:15.119">
  <concurrent-mark-start scanTarget="1883300" />
</concurrent-start>
<exclusive-end id="4916" timestamp="2019-06-17T04:32:15.119" durationms="0.761" />

<concurrent-end id="4917" type="GMP work packet processing" contextid="4867" timestamp="2019-06-17T04:32:15.121">
  <concurrent-mark-end bytesScanned="1915396" reasonForTermination="Work target met" />
</concurrent-end>

<exclusive-start id="4918" timestamp="2019-06-17T04:32:15.125" intervalms="6.795">
  <response-info timems="0.057" idlems="0.057" threads="0" lastid="0000000002320700" lastname="main" />
</exclusive-start>
<allocation-taxation id="4919" taxation-threshold="14680064" timestamp="2019-06-17T04:32:15.125" intervalms="6.691" />
<cycle-start id="4920" type="partial gc" contextid="0" timestamp="2019-06-17T04:32:15.126" intervalms="19.280" />
<gc-start id="4921" type="partial gc" contextid="4920" timestamp="2019-06-17T04:32:15.126">
  <mem-info id="4922" free="28311552" total="94371840" percent="30">
    <mem type="eden" free="1048288" total="30408704" percent="3" />
    <remembered-set count="37024" freebytes="3744512" totalbytes="3892608" percent="96" regionsoverflowed="0" regionsstable="0" regionsrebuilding="17"/>
  </mem-info>
</gc-start>
<allocation-stats totalBytes="29338784" >
  <allocated-bytes non-tlh="0" tlh="29338784" arrayletleaf="0"/>
  <largest-consumer threadName="main" threadId="0000000002320700" bytes="14669424" />
</allocation-stats>
<gc-op id="4923" type="copy forward" timems="4.310" contextid="4920" timestamp="2019-06-17T04:32:15.131">
  <memory-copied type="eden" objects="4" bytes="288" bytesdiscarded="0" />
  <memory-copied type="other" objects="12" bytes="288" bytesdiscarded="1440" />
  <memory-cardclean objects="54738" bytes="2155000" />
  <regions eden="28" other="3" />
  <remembered-set-cleared processed="25978" cleared="9873" durationms="0.211" />
  <stringconstants candidates="13747" cleared="0"  />
</gc-op>
<gc-op id="4924" type="classunload" timems="0.004" contextid="4920" timestamp="2019-06-17T04:32:15.131">
  <classunload-info classloadercandidates="54" classloadersunloaded="0" classesunloaded="0" anonymousclassesunloaded="0" quiescems="0.000" setupms="0.004" scanms="0.000" postms="0.000" />
</gc-op>
<gc-end id="4925" type="partial gc" contextid="4920" durationms="5.537" usertimems="8.000" systemtimems="4.000" timestamp="2019-06-17T04:32:15.131" activeThreads="4">
  <mem-info id="4926" free="57671680" total="94371840" percent="61">
    <mem type="eden" free="1048288" total="1048576" percent="99" />
    <remembered-set count="30208" freebytes="3646208" totalbytes="3767040" percent="96" regionsoverflowed="0" regionsstable="0" regionsrebuilding="17"/>
  </mem-info>
</gc-end>
<cycle-end id="4927" type="partial gc" contextid="4920" timestamp="2019-06-17T04:32:15.131" />
  <attribute name="elasticGC enabled" value="1" />
  <attribute name= "numThreadsSpecified" value="4" />
  <attribute name="heapSize specified" value="0" />
  <attribute name="Current GC Util" value="109" />
  <attribute name= "Current Time Running" value="64564" />
  <attribute name ="GC Interval" value="0" />
  <attribute name="ProportionalT" value="133.500000" />
  <attribute name="ProportionalI" value="133.500000" />
  <attribute name="ProportionalH" value="133.500000" />
  <attribute name="Current Error" value="89.000000" />
  <attribute name="IntegralT" value="89.000000" />
  <attribute name="IntegralI" value="89.000000" />
  <attribute name="IntegralH" value="89.000000" />
  <attribute name="DerivativeT" value="90.000000" />
  <attribute name="DerivativeI" value="90.000000" />
  <attribute name="DerivativeH" value="90.000000" />
  <attribute name="Loop Time for DT" value="1.000000" />
  <attribute name="Output H" value="8388608"/>
  <attribute name="Output I" value="312"/>
  <attribute name="Output T" value="4"/>
  <attribute name="Target GC Util Change" value ="20.000000" />
  <attribute name="Current GC Util Change" value="109.000000"/>
  <attribute name="GC Util currently" value="109" />
  <attribute name="CPU Util currently" value="7489846858708" />
<exclusive-end id="4928" timestamp="2019-06-17T04:32:15.131" durationms="6.031" />

<exclusive-start id="4929" timestamp="2019-06-17T04:32:15.137" intervalms="11.859">
  <response-info timems="0.062" idlems="0.062" threads="0" lastid="0000000002320700" lastname="main" />
</exclusive-start>
<allocation-taxation id="4930" taxation-threshold="14680064" timestamp="2019-06-17T04:32:15.137" intervalms="11.950" />
<gc-start id="4931" type="global mark phase" contextid="4867" timestamp="2019-06-17T04:32:15.138">
  <mem-info id="4932" free="42991616" total="94371840" percent="45">
    <remembered-set count="30080" freebytes="3646720" totalbytes="3767040" percent="96" regionsoverflowed="0" regionsstable="0" regionsrebuilding="17"/>
  </mem-info>
</gc-start>
<gc-end id="4933" type="global mark phase" contextid="4867" durationms="0.139" usertimems="0.000" systemtimems="0.000" timestamp="2019-06-17T04:32:15.138" activeThreads="4">
  <mem-info id="4934" free="42991616" total="94371840" percent="45">
    <remembered-set count="30080" freebytes="3646720" totalbytes="3767040" percent="96" regionsoverflowed="0" regionsstable="0" regionsrebuilding="17"/>
  </mem-info>
</gc-end>
<concurrent-start id="4935" type="GMP work packet processing" contextid="4867" timestamp="2019-06-17T04:32:15.138">
  <concurrent-mark-start scanTarget="1883300" />
</concurrent-start>
<exclusive-end id="4936" timestamp="2019-06-17T04:32:15.138" durationms="0.747" />

<concurrent-end id="4937" type="GMP work packet processing" contextid="4867" timestamp="2019-06-17T04:32:15.140">
  <concurrent-mark-end bytesScanned="1931384" reasonForTermination="Work target met" />
</concurrent-end>

<exclusive-start id="4938" timestamp="2019-06-17T04:32:15.160" intervalms="22.541">
  <response-info timems="0.074" idlems="0.074" threads="0" lastid="0000000002320700" lastname="main" />
</exclusive-start>
<allocation-taxation id="4939" taxation-threshold="14680064" timestamp="2019-06-17T04:32:15.160" intervalms="22.493" />
<cycle-start id="4940" type="partial gc" contextid="0" timestamp="2019-06-17T04:32:15.160" intervalms="34.472" />
<gc-start id="4941" type="partial gc" contextid="4940" timestamp="2019-06-17T04:32:15.160">
  <mem-info id="4942" free="28311552" total="94371840" percent="30">
    <mem type="eden" free="0" total="29360128" percent="0" />
    <remembered-set count="48000" freebytes="3575040" totalbytes="3767040" percent="94" regionsoverflowed="0" regionsstable="0" regionsrebuilding="17"/>
  </mem-info>
</gc-start>
<allocation-stats totalBytes="29322008" >
  <allocated-bytes non-tlh="0" tlh="29322008" arrayletleaf="0"/>
  <largest-consumer threadName="main" threadId="0000000002320700" bytes="14652600" />
</allocation-stats>
<gc-op id="4943" type="copy forward" timems="1.744" contextid="4940" timestamp="2019-06-17T04:32:15.163">
  <memory-copied type="eden" objects="43" bytes="6392" bytesdiscarded="0" />
  <memory-copied type="other" objects="20" bytes="496" bytesdiscarded="0" />
  <memory-cardclean objects="144" bytes="12408" />
  <regions eden="28" other="3" />
  <remembered-set-cleared processed="44951" cleared="82" durationms="0.377" />
  <references type="weak" candidates="4" cleared="0" enqueued="0" />
  <stringconstants candidates="13747" cleared="0"  />
</gc-op>
<gc-op id="4944" type="classunload" timems="0.005" contextid="4940" timestamp="2019-06-17T04:32:15.163">
  <classunload-info classloadercandidates="54" classloadersunloaded="0" classesunloaded="0" anonymousclassesunloaded="0" quiescems="0.000" setupms="0.005" scanms="0.000" postms="0.000" />
</gc-op>
<gc-end id="4945" type="partial gc" contextid="4940" durationms="2.900" usertimems="0.000" systemtimems="4.000" timestamp="2019-06-17T04:32:15.163" activeThreads="1">
  <mem-info id="4946" free="57671680" total="94371840" percent="61">
    <mem type="eden" free="1042184" total="1048576" percent="99" />
    <remembered-set count="47648" freebytes="3576448" totalbytes="3767040" percent="94" regionsoverflowed="0" regionsstable="0" regionsrebuilding="17"/>
  </mem-info>
</gc-end>
<cycle-end id="4947" type="partial gc" contextid="4940" timestamp="2019-06-17T04:32:15.163" />
  <attribute name="elasticGC enabled" value="1" />
  <attribute name= "numThreadsSpecified" value="1" />
  <attribute name="heapSize specified" value="0" />
  <attribute name="Current GC Util" value="150" />
  <attribute name= "Current Time Running" value="64598" />
  <attribute name ="GC Interval" value="0" />
  <attribute name="ProportionalT" value="195.000000" />
  <attribute name="ProportionalI" value="195.000000" />
  <attribute name="ProportionalH" value="195.000000" />
  <attribute name="Current Error" value="130.000000" />
  <attribute name="IntegralT" value="0.000000" />
  <attribute name="IntegralI" value="0.000000" />
  <attribute name="IntegralH" value="0.000000" />
  <attribute name="DerivativeT" value="inf" />
  <attribute name="DerivativeI" value="inf" />
  <attribute name="DerivativeH" value="inf" />
  <attribute name="Loop Time for DT" value="0.000000" />
  <attribute name="Output H" value="8388608"/>
  <attribute name="Output I" value="200"/>
  <attribute name="Output T" value="1"/>
  <attribute name="Target GC Util Change" value ="20.000000" />
  <attribute name="Current GC Util Change" value="150.000000"/>
  <attribute name="GC Util currently" value="150" />
  <attribute name="CPU Util currently" value="13564021590556" />
<exclusive-end id="4948" timestamp="2019-06-17T04:32:15.163" durationms="3.709" />

<exclusive-start id="4949" timestamp="2019-06-17T04:32:15.185" intervalms="25.434">
  <response-info timems="0.059" idlems="0.059" threads="0" lastid="0000000002320700" lastname="main" />
</exclusive-start>
<allocation-taxation id="4950" taxation-threshold="14680064" timestamp="2019-06-17T04:32:15.185" intervalms="25.435" />
<gc-start id="4951" type="global mark phase" contextid="4867" timestamp="2019-06-17T04:32:15.185">
  <mem-info id="4952" free="42991616" total="94371840" percent="45">
    <remembered-set count="47584" freebytes="3576704" totalbytes="3767040" percent="94" regionsoverflowed="0" regionsstable="0" regionsrebuilding="17"/>
  </mem-info>
</gc-start>
<gc-end id="4953" type="global mark phase" contextid="4867" durationms="0.141" usertimems="0.000" systemtimems="0.000" timestamp="2019-06-17T04:32:15.186" activeThreads="1">
  <mem-info id="4954" free="42991616" total="94371840" percent="45">
    <remembered-set count="47584" freebytes="3576704" totalbytes="3767040" percent="94" regionsoverflowed="0" regionsstable="0" regionsrebuilding="17"/>
  </mem-info>
</gc-end>
<concurrent-start id="4955" type="GMP work packet processing" contextid="4867" timestamp="2019-06-17T04:32:15.186">
  <concurrent-mark-start scanTarget="1048576" />
</concurrent-start>
<exclusive-end id="4956" timestamp="2019-06-17T04:32:15.186" durationms="0.704" />

<concurrent-end id="4957" type="GMP work packet processing" contextid="4867" timestamp="2019-06-17T04:32:15.187">
  <concurrent-mark-end bytesScanned="1090704" reasonForTermination="Work target met" />
</concurrent-end>

<exclusive-start id="4958" timestamp="2019-06-17T04:32:15.207" intervalms="22.241">
  <response-info timems="0.057" idlems="0.057" threads="0" lastid="0000000002320700" lastname="main" />
</exclusive-start>
<allocation-taxation id="4959" taxation-threshold="14680064" timestamp="2019-06-17T04:32:15.208" intervalms="22.240" />
<cycle-start id="4960" type="partial gc" contextid="0" timestamp="2019-06-17T04:32:15.208" intervalms="47.727" />
<gc-start id="4961" type="partial gc" contextid="4960" timestamp="2019-06-17T04:32:15.208">
  <mem-info id="4962" free="28311552" total="94371840" percent="30">
    <mem type="eden" free="0" total="29360128" percent="0" />
    <remembered-set count="56832" freebytes="3539712" totalbytes="3767040" percent="93" regionsoverflowed="0" regionsstable="0" regionsrebuilding="17"/>
  </mem-info>
</gc-start>
<allocation-stats totalBytes="29310528" >
  <allocated-bytes non-tlh="0" tlh="29310528" arrayletleaf="0"/>
  <largest-consumer threadName="main" threadId="0000000002320700" bytes="14655808" />
</allocation-stats>
<gc-op id="4963" type="copy forward" timems="3.325" contextid="4960" timestamp="2019-06-17T04:32:15.212">
  <memory-copied type="eden" objects="3" bytes="1080" bytesdiscarded="0" />
  <memory-copied type="other" objects="74" bytes="5144" bytesdiscarded="2544" />
  <memory-cardclean objects="118" bytes="11784" />
  <regions eden="28" other="3" />
  <remembered-set-cleared processed="54625" cleared="87" durationms="0.300" />
  <references type="weak" candidates="2" cleared="0" enqueued="0" />
  <stringconstants candidates="13747" cleared="0"  />
</gc-op>
<gc-op id="4964" type="classunload" timems="0.005" contextid="4960" timestamp="2019-06-17T04:32:15.212">
  <classunload-info classloadercandidates="54" classloadersunloaded="0" classesunloaded="0" anonymousclassesunloaded="0" quiescems="0.000" setupms="0.005" scanms="0.000" postms="0.000" />
</gc-op>
<gc-end id="4965" type="partial gc" contextid="4960" durationms="4.399" usertimems="8.000" systemtimems="0.000" timestamp="2019-06-17T04:32:15.212" activeThreads="4">
  <mem-info id="4966" free="56623104" total="94371840" percent="60">
    <mem type="eden" free="1047496" total="1048576" percent="99" />
    <remembered-set count="57568" freebytes="3536768" totalbytes="3767040" percent="93" regionsoverflowed="0" regionsstable="0" regionsrebuilding="17"/>
  </mem-info>
</gc-end>
<cycle-end id="4967" type="partial gc" contextid="4960" timestamp="2019-06-17T04:32:15.212" />
  <attribute name="elasticGC enabled" value="1" />
  <attribute name= "numThreadsSpecified" value="4" />
  <attribute name="heapSize specified" value="0" />
  <attribute name="Current GC Util" value="107" />
  <attribute name= "Current Time Running" value="64646" />
  <attribute name ="GC Interval" value="0" />
  <attribute name="ProportionalT" value="130.500000" />
  <attribute name="ProportionalI" value="130.500000" />
  <attribute name="ProportionalH" value="130.500000" />
  <attribute name="Current Error" value="87.000000" />
  <attribute name="IntegralT" value="87.000000" />
  <attribute name="IntegralI" value="87.000000" />
  <attribute name="IntegralH" value="87.000000" />
  <attribute name="DerivativeT" value="130.500000" />
  <attribute name="DerivativeI" value="130.500000" />
  <attribute name="DerivativeH" value="130.500000" />
  <attribute name="Loop Time for DT" value="1.000000" />
  <attribute name="Output H" value="8388608"/>
  <attribute name="Output I" value="352"/>
  <attribute name="Output T" value="4"/>
  <attribute name="Target GC Util Change" value ="20.000000" />
  <attribute name="Current GC Util Change" value="107.000000"/>
  <attribute name="GC Util currently" value="107" />
  <attribute name="CPU Util currently" value="12141095765065" />
<exclusive-end id="4968" timestamp="2019-06-17T04:32:15.213" durationms="5.199" />

<exclusive-start id="4969" timestamp="2019-06-17T04:32:15.234" intervalms="26.931">
  <response-info timems="0.071" idlems="0.071" threads="0" lastid="0000000002320700" lastname="main" />
</exclusive-start>
<allocation-taxation id="4970" taxation-threshold="14680064" timestamp="2019-06-17T04:32:15.235" intervalms="26.958" />
<gc-start id="4971" type="global mark phase" contextid="4867" timestamp="2019-06-17T04:32:15.235">
  <mem-info id="4972" free="41943040" total="94371840" percent="44">
    <remembered-set count="57568" freebytes="3536768" totalbytes="3767040" percent="93" regionsoverflowed="0" regionsstable="0" regionsrebuilding="17"/>
  </mem-info>
</gc-start>
<gc-end id="4973" type="global mark phase" contextid="4867" durationms="0.092" usertimems="0.000" systemtimems="0.000" timestamp="2019-06-17T04:32:15.235" activeThreads="4">
  <mem-info id="4974" free="41943040" total="94371840" percent="44">
    <remembered-set count="57568" freebytes="3536768" totalbytes="3767040" percent="93" regionsoverflowed="0" regionsstable="0" regionsrebuilding="17"/>
  </mem-info>
</gc-end>
<concurrent-start id="4975" type="GMP work packet processing" contextid="4867" timestamp="2019-06-17T04:32:15.235">
  <concurrent-mark-start scanTarget="1883300" />
</concurrent-start>
<exclusive-end id="4976" timestamp="2019-06-17T04:32:15.235" durationms="0.728" />

<concurrent-end id="4977" type="GMP work packet processing" contextid="4867" timestamp="2019-06-17T04:32:15.237">
  <concurrent-mark-end bytesScanned="1922068" reasonForTermination="Work target met" />
</concurrent-end>

<exclusive-start id="4978" timestamp="2019-06-17T04:32:15.258" intervalms="23.865">
  <response-info timems="0.074" idlems="0.074" threads="0" lastid="0000000002320700" lastname="main" />
</exclusive-start>
<allocation-taxation id="4979" taxation-threshold="14680064" timestamp="2019-06-17T04:32:15.258" intervalms="23.848" />
<cycle-start id="4980" type="partial gc" contextid="0" timestamp="2019-06-17T04:32:15.259" intervalms="50.855" />
<gc-start id="4981" type="partial gc" contextid="4980" timestamp="2019-06-17T04:32:15.259">
  <mem-info id="4982" free="27262976" total="94371840" percent="28">
    <mem type="eden" free="1047496" total="30408704" percent="3" />
    <remembered-set count="69856" freebytes="3487616" totalbytes="3767040" percent="92" regionsoverflowed="0" regionsstable="0" regionsrebuilding="17"/>
  </mem-info>
</gc-start>
<allocation-stats totalBytes="29313032" >
  <allocated-bytes non-tlh="0" tlh="29313032" arrayletleaf="0"/>
  <largest-consumer threadName="main" threadId="0000000002320700" bytes="14656896" />
</allocation-stats>
<gc-op id="4983" type="copy forward" timems="2.296" contextid="4980" timestamp="2019-06-17T04:32:15.262">
  <memory-copied type="eden" objects="25" bytes="768" bytesdiscarded="720" />
  <memory-copied type="other" objects="25" bytes="3624" bytesdiscarded="2040" />
  <memory-cardclean objects="124" bytes="3792" />
  <regions eden="28" other="3" />
  <remembered-set-cleared processed="66662" cleared="69" durationms="0.318" />
  <stringconstants candidates="13747" cleared="0"  />
</gc-op>
<gc-op id="4984" type="classunload" timems="0.005" contextid="4980" timestamp="2019-06-17T04:32:15.262">
  <classunload-info classloadercandidates="54" classloadersunloaded="0" classesunloaded="0" anonymousclassesunloaded="0" quiescems="0.000" setupms="0.004" scanms="0.000" postms="0.000" />
</gc-op>
<gc-end id="4985" type="partial gc" contextid="4980" durationms="3.269" usertimems="4.000" systemtimems="0.000" timestamp="2019-06-17T04:32:15.262" activeThreads="4">
  <mem-info id="4986" free="56623104" total="94371840" percent="60">
    <mem type="eden" free="1047088" total="1048576" percent="99" />
    <remembered-set count="69248" freebytes="3490048" totalbytes="3767040" percent="92" regionsoverflowed="0" regionsstable="0" regionsrebuilding="17"/>
  </mem-info>
</gc-end>
<cycle-end id="4987" type="partial gc" contextid="4980" timestamp="2019-06-17T04:32:15.262" />
  <attribute name="elasticGC enabled" value="1" />
  <attribute name= "numThreadsSpecified" value="4" />
  <attribute name="heapSize specified" value="0" />
  <attribute name="Current GC Util" value="63" />
  <attribute name= "Current Time Running" value="64697" />
  <attribute name ="GC Interval" value="0" />
  <attribute name="ProportionalT" value="64.500000" />
  <attribute name="ProportionalI" value="64.500000" />
  <attribute name="ProportionalH" value="64.500000" />
  <attribute name="Current Error" value="43.000000" />
  <attribute name="IntegralT" value="43.000000" />
  <attribute name="IntegralI" value="43.000000" />
  <attribute name="IntegralH" value="43.000000" />
  <attribute name="DerivativeT" value="64.500000" />
  <attribute name="DerivativeI" value="64.500000" />
  <attribute name="DerivativeH" value="64.500000" />
  <attribute name="Loop Time for DT" value="1.000000" />
  <attribute name="Output H" value="8388608"/>
  <attribute name="Output I" value="200"/>
  <attribute name="Output T" value="4"/>
  <attribute name="Target GC Util Change" value ="20.000000" />
  <attribute name="Current GC Util Change" value="63.000000"/>
  <attribute name="GC Util currently" value="63" />
  <attribute name="CPU Util currently" value="18315531358116" />
<exclusive-end id="4988" timestamp="2019-06-17T04:32:15.262" durationms="4.130" />

<exclusive-start id="4989" timestamp="2019-06-17T04:32:15.302" intervalms="44.109">
  <response-info timems="0.077" idlems="0.077" threads="0" lastid="0000000002320700" lastname="main" />
</exclusive-start>
<allocation-taxation id="4990" taxation-threshold="14680064" timestamp="2019-06-17T04:32:15.302" intervalms="44.133" />
<gc-start id="4991" type="global mark phase" contextid="4867" timestamp="2019-06-17T04:32:15.303">
  <mem-info id="4992" free="41943040" total="94371840" percent="44">
    <remembered-set count="69248" freebytes="3490048" totalbytes="3767040" percent="92" regionsoverflowed="0" regionsstable="0" regionsrebuilding="17"/>
  </mem-info>
</gc-start>
<gc-end id="4993" type="global mark phase" contextid="4867" durationms="0.155" usertimems="0.000" systemtimems="0.000" timestamp="2019-06-17T04:32:15.303" activeThreads="4">
  <mem-info id="4994" free="41943040" total="94371840" percent="44">
    <remembered-set count="69248" freebytes="3490048" totalbytes="3767040" percent="92" regionsoverflowed="0" regionsstable="0" regionsrebuilding="17"/>
  </mem-info>
</gc-end>
<concurrent-start id="4995" type="GMP work packet processing" contextid="4867" timestamp="2019-06-17T04:32:15.303">
  <concurrent-mark-start scanTarget="1883300" />
</concurrent-start>
<exclusive-end id="4996" timestamp="2019-06-17T04:32:15.303" durationms="0.855" />

<concurrent-end id="4997" type="GMP work packet processing" contextid="4867" timestamp="2019-06-17T04:32:15.305">
  <concurrent-mark-end bytesScanned="1937340" reasonForTermination="Work target met" />
</concurrent-end>

<exclusive-start id="4998" timestamp="2019-06-17T04:32:15.329" intervalms="26.172">
  <response-info timems="0.095" idlems="0.095" threads="0" lastid="0000000002320700" lastname="main" />
</exclusive-start>
<allocation-taxation id="4999" taxation-threshold="14680064" timestamp="2019-06-17T04:32:15.329" intervalms="26.175" />
<cycle-start id="5000" type="partial gc" contextid="0" timestamp="2019-06-17T04:32:15.329" intervalms="70.355" />
<gc-start id="5001" type="partial gc" contextid="5000" timestamp="2019-06-17T04:32:15.329">
  <mem-info id="5002" free="27262976" total="94371840" percent="28">
    <mem type="eden" free="0" total="29360128" percent="0" />
    <remembered-set count="93056" freebytes="3394816" totalbytes="3767040" percent="90" regionsoverflowed="0" regionsstable="0" regionsrebuilding="17"/>
  </mem-info>
</gc-start>
<allocation-stats totalBytes="29356208" >
  <allocated-bytes non-tlh="0" tlh="29356208" arrayletleaf="0"/>
  <largest-consumer threadName="main" threadId="0000000002320700" bytes="14677536" />
</allocation-stats>
<gc-op id="5003" type="copy forward" timems="1.682" contextid="5000" timestamp="2019-06-17T04:32:15.332">
  <memory-copied type="eden" objects="22" bytes="768" bytesdiscarded="0" />
  <memory-copied type="other" objects="7" bytes="168" bytesdiscarded="0" />
  <memory-cardclean objects="72" bytes="2440" />
  <regions eden="28" other="1" />
  <remembered-set-cleared processed="90479" cleared="64" durationms="0.640" />
  <stringconstants candidates="13747" cleared="0"  />
</gc-op>
<gc-op id="5004" type="classunload" timems="0.004" contextid="5000" timestamp="2019-06-17T04:32:15.332">
  <classunload-info classloadercandidates="54" classloadersunloaded="0" classesunloaded="0" anonymousclassesunloaded="0" quiescems="0.000" setupms="0.004" scanms="0.000" postms="0.000" />
</gc-op>
<gc-end id="5005" type="partial gc" contextid="5000" durationms="2.792" usertimems="4.000" systemtimems="0.000" timestamp="2019-06-17T04:32:15.332" activeThreads="1">
  <mem-info id="5006" free="55574528" total="94371840" percent="58">
    <mem type="eden" free="1047808" total="1048576" percent="99" />
    <remembered-set count="93312" freebytes="3393792" totalbytes="3767040" percent="90" regionsoverflowed="0" regionsstable="0" regionsrebuilding="17"/>
  </mem-info>
</gc-end>
<cycle-end id="5007" type="partial gc" contextid="5000" timestamp="2019-06-17T04:32:15.332" />
  <attribute name="elasticGC enabled" value="1" />
  <attribute name= "numThreadsSpecified" value="1" />
  <attribute name="heapSize specified" value="0" />
  <attribute name="Current GC Util" value="60" />
  <attribute name= "Current Time Running" value="64767" />
  <attribute name ="GC Interval" value="0" />
  <attribute name="ProportionalT" value="60.000000" />
  <attribute name="ProportionalI" value="60.000000" />
  <attribute name="ProportionalH" value="60.000000" />
  <attribute name="Current Error" value="40.000000" />
  <attribute name="IntegralT" value="0.000000" />
  <attribute name="IntegralI" value="0.000000" />
  <attribute name="IntegralH" value="0.000000" />
  <attribute name="DerivativeT" value="inf" />
  <attribute name="DerivativeI" value="inf" />
  <attribute name="DerivativeH" value="inf" />
  <attribute name="Loop Time for DT" value="0.000000" />
  <attribute name="Output H" value="8388608"/>
  <attribute name="Output I" value="200"/>
  <attribute name="Output T" value="1"/>
  <attribute name="Target GC Util Change" value ="20.000000" />
  <attribute name="Current GC Util Change" value="60.000000"/>
  <attribute name="GC Util currently" value="60" />
  <attribute name="CPU Util currently" value="16892684427183" />
<exclusive-end id="5008" timestamp="2019-06-17T04:32:15.332" durationms="3.810" />

<exclusive-start id="5009" timestamp="2019-06-17T04:32:15.355" intervalms="26.744">
  <response-info timems="0.065" idlems="0.065" threads="0" lastid="0000000002320700" lastname="main" />
</exclusive-start>
<allocation-taxation id="5010" taxation-threshold="14680064" timestamp="2019-06-17T04:32:15.355" intervalms="26.808" />
<gc-start id="5011" type="global mark phase" contextid="4867" timestamp="2019-06-17T04:32:15.356">
  <mem-info id="5012" free="40894464" total="94371840" percent="43">
    <remembered-set count="93088" freebytes="3394688" totalbytes="3767040" percent="90" regionsoverflowed="0" regionsstable="0" regionsrebuilding="17"/>
  </mem-info>
</gc-start>
<gc-end id="5013" type="global mark phase" contextid="4867" durationms="0.074" usertimems="0.000" systemtimems="0.000" timestamp="2019-06-17T04:32:15.356" activeThreads="1">
  <mem-info id="5014" free="40894464" total="94371840" percent="43">
    <remembered-set count="93088" freebytes="3394688" totalbytes="3767040" percent="90" regionsoverflowed="0" regionsstable="0" regionsrebuilding="17"/>
  </mem-info>
</gc-end>
<concurrent-start id="5015" type="GMP work packet processing" contextid="4867" timestamp="2019-06-17T04:32:15.356">
  <concurrent-mark-start scanTarget="1048576" />
</concurrent-start>
<exclusive-end id="5016" timestamp="2019-06-17T04:32:15.356" durationms="0.807" />

<concurrent-end id="5017" type="GMP work packet processing" contextid="4867" timestamp="2019-06-17T04:32:15.357">
  <concurrent-mark-end bytesScanned="780764" reasonForTermination="Completed all work in GC phase" />
</concurrent-end>

<exclusive-start id="5018" timestamp="2019-06-17T04:32:15.379" intervalms="23.762">
  <response-info timems="0.092" idlems="0.092" threads="0" lastid="0000000002320700" lastname="main" />
</exclusive-start>
<allocation-taxation id="5019" taxation-threshold="14680064" timestamp="2019-06-17T04:32:15.379" intervalms="23.731" />
<cycle-start id="5020" type="partial gc" contextid="0" timestamp="2019-06-17T04:32:15.379" intervalms="50.496" />
<gc-start id="5021" type="partial gc" contextid="5020" timestamp="2019-06-17T04:32:15.380">
  <mem-info id="5022" free="26214400" total="94371840" percent="27">
    <mem type="eden" free="0" total="29360128" percent="0" />
    <remembered-set count="108992" freebytes="3331072" totalbytes="3767040" percent="88" regionsoverflowed="0" regionsstable="0" regionsrebuilding="17"/>
  </mem-info>
</gc-start>
<allocation-stats totalBytes="29354536" >
  <allocated-bytes non-tlh="0" tlh="29354536" arrayletleaf="0"/>
  <largest-consumer threadName="main" threadId="0000000002320700" bytes="14677256" />
</allocation-stats>
<gc-op id="5023" type="copy forward" timems="3.006" contextid="5020" timestamp="2019-06-17T04:32:15.384">
  <memory-copied type="eden" objects="1" bytes="24" bytesdiscarded="0" />
  <memory-copied type="other" objects="20" bytes="672" bytesdiscarded="672" />
  <memory-cardclean objects="55" bytes="1848" />
  <regions eden="28" other="1" />
  <remembered-set-cleared processed="106091" cleared="42" durationms="0.426" />
  <stringconstants candidates="13747" cleared="0"  />
</gc-op>
<gc-op id="5024" type="classunload" timems="0.017" contextid="5020" timestamp="2019-06-17T04:32:15.384">
  <classunload-info classloadercandidates="54" classloadersunloaded="0" classesunloaded="0" anonymousclassesunloaded="0" quiescems="0.000" setupms="0.017" scanms="0.000" postms="0.000" />
</gc-op>
<gc-end id="5025" type="partial gc" contextid="5020" durationms="4.134" usertimems="8.000" systemtimems="0.000" timestamp="2019-06-17T04:32:15.384" activeThreads="4">
  <mem-info id="5026" free="54525952" total="94371840" percent="57">
    <mem type="eden" free="1048552" total="1048576" percent="99" />
    <remembered-set count="109088" freebytes="3330688" totalbytes="3767040" percent="88" regionsoverflowed="0" regionsstable="0" regionsrebuilding="17"/>
  </mem-info>
</gc-end>
<cycle-end id="5027" type="partial gc" contextid="5020" timestamp="2019-06-17T04:32:15.384" />
  <attribute name="elasticGC enabled" value="1" />
  <attribute name= "numThreadsSpecified" value="4" />
  <attribute name="heapSize specified" value="0" />
  <attribute name="Current GC Util" value="154" />
  <attribute name= "Current Time Running" value="64818" />
  <attribute name ="GC Interval" value="0" />
  <attribute name="ProportionalT" value="201.000000" />
  <attribute name="ProportionalI" value="201.000000" />
  <attribute name="ProportionalH" value="201.000000" />
  <attribute name="Current Error" value="134.000000" />
  <attribute name="IntegralT" value="134.000000" />
  <attribute name="IntegralI" value="134.000000" />
  <attribute name="IntegralH" value="134.000000" />
  <attribute name="DerivativeT" value="201.000000" />
  <attribute name="DerivativeI" value="201.000000" />
  <attribute name="DerivativeH" value="201.000000" />
  <attribute name="Loop Time for DT" value="1.000000" />
  <attribute name="Output H" value="8388608"/>
  <attribute name="Output I" value="536"/>
  <attribute name="Output T" value="4"/>
  <attribute name="Target GC Util Change" value ="20.000000" />
  <attribute name="Current GC Util Change" value="154.000000"/>
  <attribute name="GC Util currently" value="154" />
  <attribute name="CPU Util currently" value="13129990507094" />
<exclusive-end id="5028" timestamp="2019-06-17T04:32:15.384" durationms="5.044" />

<exclusive-start id="5029" timestamp="2019-06-17T04:32:15.407" intervalms="27.771">
  <response-info timems="0.115" idlems="0.115" threads="0" lastid="0000000002320700" lastname="main" />
</exclusive-start>
<allocation-taxation id="5030" taxation-threshold="14680064" timestamp="2019-06-17T04:32:15.407" intervalms="27.785" />
<gc-start id="5031" type="global mark phase" contextid="4867" timestamp="2019-06-17T04:32:15.407">
  <mem-info id="5032" free="39845888" total="94371840" percent="42">
    <remembered-set count="109088" freebytes="3330688" totalbytes="3767040" percent="88" regionsoverflowed="0" regionsstable="0" regionsrebuilding="17"/>
  </mem-info>
</gc-start>
<gc-op id="5033" type="mark increment" timems="4.538" contextid="4867" timestamp="2019-06-17T04:32:15.412">
  <trace-info objectcount="1313" scancount="1304" scanbytes="394056" />
  <cardclean-info objects="137766" bytes="3980852" />
  <finalization candidates="79" enqueued="0" />
  <ownableSynchronizers candidates="23" cleared="0" />
  <references type="soft" candidates="3697" cleared="18" enqueued="17" dynamicThreshold="18" maxThreshold="32" />
  <references type="weak" candidates="5744" cleared="0" enqueued="0" />
  <references type="phantom" candidates="100" cleared="0" enqueued="0" />
  <stringconstants candidates="13747" cleared="0"  />
</gc-op>
<gc-op id="5034" type="classunload" timems="0.005" contextid="4867" timestamp="2019-06-17T04:32:15.412">
  <classunload-info classloadercandidates="54" classloadersunloaded="0" classesunloaded="0" anonymousclassesunloaded="0" quiescems="0.000" setupms="0.005" scanms="0.000" postms="0.000" />
</gc-op>
<gc-end id="5035" type="global mark phase" contextid="4867" durationms="4.867" usertimems="12.000" systemtimems="0.000" timestamp="2019-06-17T04:32:15.412" activeThreads="4">
  <mem-info id="5036" free="39845888" total="94371840" percent="42">
    <pending-finalizers system="0" default="0" reference="17" classloader="0" />
    <remembered-set count="128544" freebytes="3252864" totalbytes="3767040" percent="86" regionsoverflowed="0" regionsstable="0" regionsrebuilding="0"/>
  </mem-info>
</gc-end>
<cycle-end id="5037" type="global mark phase" contextid="4867" timestamp="2019-06-17T04:32:15.412" />
  <attribute name="elasticGC enabled" value="1" />
  <attribute name= "numThreadsSpecified" value="4" />
  <attribute name="heapSize specified" value="0" />
  <attribute name="Current GC Util" value="91" />
  <attribute name= "Current Time Running" value="64848" />
  <attribute name ="GC Interval" value="0" />
  <attribute name="ProportionalT" value="106.500000" />
  <attribute name="ProportionalI" value="106.500000" />
  <attribute name="ProportionalH" value="106.500000" />
  <attribute name="Current Error" value="71.000000" />
  <attribute name="IntegralT" value="0.000000" />
  <attribute name="IntegralI" value="0.000000" />
  <attribute name="IntegralH" value="0.000000" />
  <attribute name="DerivativeT" value="-inf" />
  <attribute name="DerivativeI" value="-inf" />
  <attribute name="DerivativeH" value="-inf" />
  <attribute name="Loop Time for DT" value="0.000000" />
  <attribute name="Output H" value="2091843584"/>
  <attribute name="Output I" value="200"/>
  <attribute name="Output T" value="4"/>
  <attribute name="Target GC Util Change" value ="20.000000" />
  <attribute name="Current GC Util Change" value="91.000000"/>
  <attribute name="GC Util currently" value="91" />
  <attribute name="CPU Util currently" value="11492954616640" />
<exclusive-end id="5038" timestamp="2019-06-17T04:32:15.412" durationms="5.599" />

<exclusive-start id="5039" timestamp="2019-06-17T04:32:15.436" intervalms="28.732">
  <response-info timems="0.082" idlems="0.082" threads="0" lastid="0000000002320700" lastname="main" />
</exclusive-start>
<allocation-taxation id="5040" taxation-threshold="14680064" timestamp="2019-06-17T04:32:15.436" intervalms="28.699" />
<cycle-start id="5041" type="partial gc" contextid="0" timestamp="2019-06-17T04:32:15.436" intervalms="56.441" />
<gc-start id="5042" type="partial gc" contextid="5041" timestamp="2019-06-17T04:32:15.436">
  <mem-info id="5043" free="25165824" total="94371840" percent="26">
    <mem type="eden" free="1048552" total="30408704" percent="3" />
    <remembered-set count="2560" freebytes="3756800" totalbytes="3767040" percent="99" regionsoverflowed="0" regionsstable="17" regionsrebuilding="0"/>
  </mem-info>
</gc-start>
<allocation-stats totalBytes="29354368" >
  <allocated-bytes non-tlh="0" tlh="29354368" arrayletleaf="0"/>
  <largest-consumer threadName="main" threadId="0000000002320700" bytes="14673280" />
</allocation-stats>
<gc-op id="5044" type="sweep" timems="0.693" contextid="5041" timestamp="2019-06-17T04:32:15.437" />
<gc-op id="5045" type="copy forward" timems="0.883" contextid="5041" timestamp="2019-06-17T04:32:15.439">
  <memory-copied type="eden" objects="6" bytes="760" bytesdiscarded="0" />
  <memory-copied type="other" objects="6" bytes="144" bytesdiscarded="0" />
  <memory-cardclean objects="223" bytes="10776" />
  <regions eden="14" other="2" />
  <remembered-set-cleared processed="310" cleared="3" durationms="0.127" />
  <stringconstants candidates="13747" cleared="0"  />
</gc-op>
<gc-op id="5046" type="classunload" timems="0.003" contextid="5041" timestamp="2019-06-17T04:32:15.439">
  <classunload-info classloadercandidates="54" classloadersunloaded="0" classesunloaded="0" anonymousclassesunloaded="0" quiescems="0.000" setupms="0.003" scanms="0.000" postms="0.000" />
</gc-op>
<heap-resize id="5047" type="expand" space="default" amount="5242880" count="1" timems="0.066" reason="excessive time being spent in gc" timestamp="2019-06-17T04:32:15.439" />
<gc-end id="5048" type="partial gc" contextid="5041" durationms="3.214" usertimems="0.000" systemtimems="0.000" timestamp="2019-06-17T04:32:15.439" activeThreads="1">
  <mem-info id="5049" free="59768832" total="99614720" percent="60">
    <mem type="eden" free="1047816" total="1048576" percent="99" />
    <remembered-set count="2976" freebytes="3964416" totalbytes="3976320" percent="99" regionsoverflowed="0" regionsstable="17" regionsrebuilding="0"/>
  </mem-info>
</gc-end>
<cycle-end id="5050" type="partial gc" contextid="5041" timestamp="2019-06-17T04:32:15.440" />
  <attribute name="elasticGC enabled" value="1" />
  <attribute name= "numThreadsSpecified" value="1" />
  <attribute name="heapSize specified" value="0" />
  <attribute name="Current GC Util" value="65" />
  <attribute name= "Current Time Running" value="64875" />
  <attribute name ="GC Interval" value="0" />
  <attribute name="ProportionalT" value="67.500000" />
  <attribute name="ProportionalI" value="67.500000" />
  <attribute name="ProportionalH" value="67.500000" />
  <attribute name="Current Error" value="45.000000" />
  <attribute name="IntegralT" value="0.000000" />
  <attribute name="IntegralI" value="0.000000" />
  <attribute name="IntegralH" value="0.000000" />
  <attribute name="DerivativeT" value="inf" />
  <attribute name="DerivativeI" value="inf" />
  <attribute name="DerivativeH" value="inf" />
  <attribute name="Loop Time for DT" value="0.000000" />
  <attribute name="Output H" value="8388608"/>
  <attribute name="Output I" value="200"/>
  <attribute name="Output T" value="1"/>
  <attribute name="Target GC Util Change" value ="20.000000" />
  <attribute name="Current GC Util Change" value="65.000000"/>
  <attribute name="GC Util currently" value="65" />
  <attribute name="CPU Util currently" value="20253519817075" />
<exclusive-end id="5051" timestamp="2019-06-17T04:32:15.440" durationms="4.286" />

<exclusive-start id="5052" timestamp="2019-06-17T04:32:15.464" intervalms="28.763">
  <response-info timems="0.080" idlems="0.080" threads="0" lastid="0000000002320700" lastname="main" />
</exclusive-start>
<allocation-taxation id="5053" taxation-threshold="15728640" timestamp="2019-06-17T04:32:15.464" intervalms="28.764" />
<cycle-start id="5054" type="global mark phase" contextid="0" timestamp="2019-06-17T04:32:15.465" intervalms="401.117" />
<gc-start id="5055" type="global mark phase" contextid="5054" timestamp="2019-06-17T04:32:15.465">
  <mem-info id="5056" free="44040192" total="99614720" percent="44">
    <remembered-set count="2560" freebytes="3966080" totalbytes="3976320" percent="99" regionsoverflowed="0" regionsstable="17" regionsrebuilding="0"/>
  </mem-info>
</gc-start>
<gc-op id="5057" type="mark increment" timems="0.780" contextid="5054" timestamp="2019-06-17T04:32:15.466">
  <trace-info objectcount="204" scancount="0" scanbytes="0" />
</gc-op>
<gc-end id="5058" type="global mark phase" contextid="5054" durationms="1.067" usertimems="0.000" systemtimems="0.000" timestamp="2019-06-17T04:32:15.466" activeThreads="1">
  <mem-info id="5059" free="44040192" total="99614720" percent="44">
    <remembered-set count="2560" freebytes="3966080" totalbytes="3976320" percent="99" regionsoverflowed="0" regionsstable="0" regionsrebuilding="17"/>
  </mem-info>
</gc-end>
<concurrent-start id="5060" type="GMP work packet processing" contextid="5054" timestamp="2019-06-17T04:32:15.466">
  <concurrent-mark-start scanTarget="1048576" />
</concurrent-start>
<exclusive-end id="5061" timestamp="2019-06-17T04:32:15.466" durationms="1.908" />

<concurrent-end id="5062" type="GMP work packet processing" contextid="5054" timestamp="2019-06-17T04:32:15.468">
  <concurrent-mark-end bytesScanned="1124452" reasonForTermination="Work target met" />
</concurrent-end>

<exclusive-start id="5063" timestamp="2019-06-17T04:32:15.491" intervalms="26.621">
  <response-info timems="0.078" idlems="0.078" threads="0" lastid="0000000002320700" lastname="main" />
</exclusive-start>
<allocation-taxation id="5064" taxation-threshold="15728640" timestamp="2019-06-17T04:32:15.491" intervalms="26.577" />
<cycle-start id="5065" type="partial gc" contextid="0" timestamp="2019-06-17T04:32:15.491" intervalms="55.394" />
<gc-start id="5066" type="partial gc" contextid="5065" timestamp="2019-06-17T04:32:15.492">
  <mem-info id="5067" free="28311552" total="99614720" percent="28">
    <mem type="eden" free="0" total="31457280" percent="0" />
    <remembered-set count="10560" freebytes="3934080" totalbytes="3976320" percent="98" regionsoverflowed="0" regionsstable="0" regionsrebuilding="17"/>
  </mem-info>
</gc-start>
<allocation-stats totalBytes="31451128" >
  <allocated-bytes non-tlh="0" tlh="31451128" arrayletleaf="0"/>
  <largest-consumer threadName="main" threadId="0000000002320700" bytes="15725880" />
</allocation-stats>
<gc-op id="5068" type="copy forward" timems="3.511" contextid="5065" timestamp="2019-06-17T04:32:15.496">
  <memory-copied type="eden" objects="9" bytes="312" bytesdiscarded="0" />
  <memory-copied type="other" objects="22348" bytes="758872" bytesdiscarded="0" />
  <memory-cardclean objects="4195" bytes="257712" />
  <regions eden="30" other="11" />
  <remembered-set-cleared processed="8006" cleared="119" durationms="0.172" />
  <references type="soft" candidates="10" cleared="0" enqueued="0" dynamicThreshold="14" maxThreshold="32" />
  <references type="weak" candidates="185" cleared="0" enqueued="0" />
  <stringconstants candidates="13747" cleared="0"  />
</gc-op>
<gc-op id="5069" type="classunload" timems="0.004" contextid="5065" timestamp="2019-06-17T04:32:15.496">
  <classunload-info classloadercandidates="54" classloadersunloaded="0" classesunloaded="0" anonymousclassesunloaded="0" quiescems="0.000" setupms="0.003" scanms="0.000" postms="0.000" />
</gc-op>
<gc-end id="5070" type="partial gc" contextid="5065" durationms="4.678" usertimems="4.000" systemtimems="0.000" timestamp="2019-06-17T04:32:15.496" activeThreads="1">
  <mem-info id="5071" free="66060288" total="99614720" percent="66">
    <mem type="eden" free="1048264" total="1048576" percent="99" />
    <remembered-set count="11712" freebytes="3929472" totalbytes="3976320" percent="98" regionsoverflowed="0" regionsstable="0" regionsrebuilding="17"/>
  </mem-info>
</gc-end>
<cycle-end id="5072" type="partial gc" contextid="5065" timestamp="2019-06-17T04:32:15.496" />
  <attribute name="elasticGC enabled" value="1" />
  <attribute name= "numThreadsSpecified" value="1" />
  <attribute name="heapSize specified" value="0" />
  <attribute name="Current GC Util" value="50" />
  <attribute name= "Current Time Running" value="64929" />
  <attribute name ="GC Interval" value="0" />
  <attribute name="ProportionalT" value="45.000000" />
  <attribute name="ProportionalI" value="45.000000" />
  <attribute name="ProportionalH" value="45.000000" />
  <attribute name="Current Error" value="30.000000" />
  <attribute name="IntegralT" value="0.000000" />
  <attribute name="IntegralI" value="0.000000" />
  <attribute name="IntegralH" value="0.000000" />
  <attribute name="DerivativeT" value="inf" />
  <attribute name="DerivativeI" value="inf" />
  <attribute name="DerivativeH" value="inf" />
  <attribute name="Loop Time for DT" value="0.000000" />
  <attribute name="Output H" value="8388608"/>
  <attribute name="Output I" value="200"/>
  <attribute name="Output T" value="1"/>
  <attribute name="Target GC Util Change" value ="20.000000" />
  <attribute name="Current GC Util Change" value="50.000000"/>
  <attribute name="GC Util currently" value="50" />
  <attribute name="CPU Util currently" value="17958278641379" />
<exclusive-end id="5073" timestamp="2019-06-17T04:32:15.497" durationms="5.792" />

<exclusive-start id="5074" timestamp="2019-06-17T04:32:15.521" intervalms="30.250">
  <response-info timems="0.081" idlems="0.081" threads="0" lastid="0000000002320700" lastname="main" />
</exclusive-start>
<allocation-taxation id="5075" taxation-threshold="15728640" timestamp="2019-06-17T04:32:15.521" intervalms="30.333" />
<gc-start id="5076" type="global mark phase" contextid="5054" timestamp="2019-06-17T04:32:15.522">
  <mem-info id="5077" free="50331648" total="99614720" percent="50">
    <remembered-set count="11680" freebytes="3929600" totalbytes="3976320" percent="98" regionsoverflowed="0" regionsstable="0" regionsrebuilding="17"/>
  </mem-info>
</gc-start>
<gc-end id="5078" type="global mark phase" contextid="5054" durationms="0.209" usertimems="0.000" systemtimems="0.000" timestamp="2019-06-17T04:32:15.522" activeThreads="1">
  <mem-info id="5079" free="50331648" total="99614720" percent="50">
    <remembered-set count="11680" freebytes="3929600" totalbytes="3976320" percent="98" regionsoverflowed="0" regionsstable="0" regionsrebuilding="17"/>
  </mem-info>
</gc-end>
<concurrent-start id="5080" type="GMP work packet processing" contextid="5054" timestamp="2019-06-17T04:32:15.522">
  <concurrent-mark-start scanTarget="1048576" />
</concurrent-start>
<exclusive-end id="5081" timestamp="2019-06-17T04:32:15.522" durationms="1.038" />

<concurrent-end id="5082" type="GMP work packet processing" contextid="5054" timestamp="2019-06-17T04:32:15.523">
  <concurrent-mark-end bytesScanned="1100220" reasonForTermination="Work target met" />
</concurrent-end>

<exclusive-start id="5083" timestamp="2019-06-17T04:32:15.547" intervalms="25.604">
  <response-info timems="0.094" idlems="0.094" threads="0" lastid="0000000002320700" lastname="main" />
</exclusive-start>
<allocation-taxation id="5084" taxation-threshold="15728640" timestamp="2019-06-17T04:32:15.547" intervalms="25.620" />
<cycle-start id="5085" type="partial gc" contextid="0" timestamp="2019-06-17T04:32:15.547" intervalms="55.923" />
<gc-start id="5086" type="partial gc" contextid="5085" timestamp="2019-06-17T04:32:15.547">
  <mem-info id="5087" free="34603008" total="99614720" percent="34">
    <mem type="eden" free="1048264" total="32505856" percent="3" />
    <remembered-set count="20288" freebytes="3895168" totalbytes="3976320" percent="97" regionsoverflowed="0" regionsstable="0" regionsrebuilding="17"/>
  </mem-info>
</gc-start>
<allocation-stats totalBytes="31451032" >
  <allocated-bytes non-tlh="0" tlh="31451032" arrayletleaf="0"/>
  <largest-consumer threadName="main" threadId="0000000002320700" bytes="15725512" />
</allocation-stats>
<gc-op id="5088" type="copy forward" timems="1.344" contextid="5085" timestamp="2019-06-17T04:32:15.550">
  <memory-copied type="eden" objects="5" bytes="240" bytesdiscarded="0" />
  <memory-copied type="other" objects="18" bytes="432" bytesdiscarded="0" />
  <memory-cardclean objects="59" bytes="1904" />
  <regions eden="30" other="3" />
  <remembered-set-cleared processed="18772" cleared="43" durationms="0.243" />
  <stringconstants candidates="13747" cleared="0"  />
</gc-op>
<gc-op id="5089" type="classunload" timems="0.004" contextid="5085" timestamp="2019-06-17T04:32:15.550">
  <classunload-info classloadercandidates="54" classloadersunloaded="0" classesunloaded="0" anonymousclassesunloaded="0" quiescems="0.000" setupms="0.004" scanms="0.000" postms="0.000" />
</gc-op>
<heap-resize id="5090" type="contract" space="default" amount="5242880" count="1" timems="0.159" reason="excess free space following gc" timestamp="2019-06-17T04:32:15.550" />
<gc-end id="5091" type="partial gc" contextid="5085" durationms="2.925" usertimems="0.000" systemtimems="0.000" timestamp="2019-06-17T04:32:15.550" activeThreads="1">
  <mem-info id="5092" free="60817408" total="94371840" percent="64">
    <mem type="eden" free="1048336" total="1048576" percent="99" />
    <remembered-set count="20512" freebytes="3894272" totalbytes="3976320" percent="97" regionsoverflowed="0" regionsstable="0" regionsrebuilding="17"/>
  </mem-info>
</gc-end>
<cycle-end id="5093" type="partial gc" contextid="5085" timestamp="2019-06-17T04:32:15.551" />
  <attribute name="elasticGC enabled" value="1" />
  <attribute name= "numThreadsSpecified" value="1" />
  <attribute name="heapSize specified" value="0" />
  <attribute name="Current GC Util" value="46" />
  <attribute name= "Current Time Running" value="64985" />
  <attribute name ="GC Interval" value="0" />
  <attribute name="ProportionalT" value="39.000000" />
  <attribute name="ProportionalI" value="39.000000" />
  <attribute name="ProportionalH" value="39.000000" />
  <attribute name="Current Error" value="26.000000" />
  <attribute name="IntegralT" value="0.000000" />
  <attribute name="IntegralI" value="0.000000" />
  <attribute name="IntegralH" value="0.000000" />
  <attribute name="DerivativeT" value="inf" />
  <attribute name="DerivativeI" value="inf" />
  <attribute name="DerivativeH" value="inf" />
  <attribute name="Loop Time for DT" value="0.000000" />
  <attribute name="Output H" value="8388608"/>
  <attribute name="Output I" value="200"/>
  <attribute name="Output T" value="1"/>
  <attribute name="Target GC Util Change" value ="20.000000" />
  <attribute name="Current GC Util Change" value="46.000000"/>
  <attribute name="GC Util currently" value="46" />
  <attribute name="CPU Util currently" value="16492689918222" />
<exclusive-end id="5094" timestamp="2019-06-17T04:32:15.551" durationms="3.987" />

<exclusive-start id="5095" timestamp="2019-06-17T04:32:15.574" intervalms="26.812">
  <response-info timems="0.066" idlems="0.066" threads="0" lastid="0000000002320700" lastname="main" />
</exclusive-start>
<allocation-taxation id="5096" taxation-threshold="14680064" timestamp="2019-06-17T04:32:15.574" intervalms="26.794" />
<gc-start id="5097" type="global mark phase" contextid="5054" timestamp="2019-06-17T04:32:15.574">
  <mem-info id="5098" free="46137344" total="94371840" percent="48">
    <remembered-set count="20256" freebytes="3895296" totalbytes="3976320" percent="97" regionsoverflowed="0" regionsstable="0" regionsrebuilding="17"/>
  </mem-info>
</gc-start>
<gc-end id="5099" type="global mark phase" contextid="5054" durationms="0.192" usertimems="0.000" systemtimems="0.000" timestamp="2019-06-17T04:32:15.574" activeThreads="1">
  <mem-info id="5100" free="46137344" total="94371840" percent="48">
    <remembered-set count="20256" freebytes="3895296" totalbytes="3976320" percent="97" regionsoverflowed="0" regionsstable="0" regionsrebuilding="17"/>
  </mem-info>
</gc-end>
<concurrent-start id="5101" type="GMP work packet processing" contextid="5054" timestamp="2019-06-17T04:32:15.574">
  <concurrent-mark-start scanTarget="1048576" />
</concurrent-start>
<exclusive-end id="5102" timestamp="2019-06-17T04:32:15.575" durationms="0.975" />

<concurrent-end id="5103" type="GMP work packet processing" contextid="5054" timestamp="2019-06-17T04:32:15.575">
  <concurrent-mark-end bytesScanned="1077924" reasonForTermination="Work target met" />
</concurrent-end>

<exclusive-start id="5104" timestamp="2019-06-17T04:32:15.598" intervalms="23.984">
  <response-info timems="0.113" idlems="0.113" threads="0" lastid="0000000002320700" lastname="main" />
</exclusive-start>
<allocation-taxation id="5105" taxation-threshold="14680064" timestamp="2019-06-17T04:32:15.598" intervalms="23.963" />
<cycle-start id="5106" type="partial gc" contextid="0" timestamp="2019-06-17T04:32:15.598" intervalms="50.774" />
<gc-start id="5107" type="partial gc" contextid="5106" timestamp="2019-06-17T04:32:15.598">
  <mem-info id="5108" free="31457280" total="94371840" percent="33">
    <mem type="eden" free="1048336" total="30408704" percent="3" />
    <remembered-set count="30528" freebytes="3854208" totalbytes="3976320" percent="96" regionsoverflowed="0" regionsstable="0" regionsrebuilding="17"/>
  </mem-info>
</gc-start>
<allocation-stats totalBytes="29354432" >
  <allocated-bytes non-tlh="0" tlh="29354432" arrayletleaf="0"/>
  <largest-consumer threadName="main" threadId="0000000002320700" bytes="14677272" />
</allocation-stats>
<gc-op id="5109" type="copy forward" timems="6.392" contextid="5106" timestamp="2019-06-17T04:32:15.606">
  <memory-copied type="eden" objects="8" bytes="296" bytesdiscarded="0" />
  <memory-copied type="other" objects="60" bytes="1440" bytesdiscarded="264" />
  <memory-cardclean objects="64512" bytes="2483896" />
  <regions eden="28" other="5" />
  <remembered-set-cleared processed="2130" cleared="1310" durationms="0.157" />
  <references type="soft" candidates="1" cleared="0" enqueued="0" dynamicThreshold="15" maxThreshold="32" />
  <references type="weak" candidates="25" cleared="0" enqueued="0" />
  <stringconstants candidates="13747" cleared="0"  />
</gc-op>
<gc-op id="5110" type="classunload" timems="0.004" contextid="5106" timestamp="2019-06-17T04:32:15.606">
  <classunload-info classloadercandidates="54" classloadersunloaded="0" classesunloaded="0" anonymousclassesunloaded="0" quiescems="0.000" setupms="0.004" scanms="0.000" postms="0.000" />
</gc-op>
<heap-resize id="5111" type="contract" space="default" amount="5242880" count="1" timems="0.367" reason="excess free space following gc" timestamp="2019-06-17T04:32:15.606" />
<gc-end id="5112" type="partial gc" contextid="5106" durationms="8.383" usertimems="8.000" systemtimems="0.000" timestamp="2019-06-17T04:32:15.607" activeThreads="1">
  <mem-info id="5113" free="57671680" total="89128960" percent="64">
    <mem type="eden" free="1048280" total="1048576" percent="99" />
    <remembered-set count="16576" freebytes="3700736" totalbytes="3767040" percent="98" regionsoverflowed="0" regionsstable="0" regionsrebuilding="17"/>
  </mem-info>
</gc-end>
<cycle-end id="5114" type="partial gc" contextid="5106" timestamp="2019-06-17T04:32:15.607" />
  <attribute name="elasticGC enabled" value="1" />
  <attribute name= "numThreadsSpecified" value="1" />
  <attribute name="heapSize specified" value="0" />
  <attribute name="Current GC Util" value="34" />
  <attribute name= "Current Time Running" value="65036" />
  <attribute name ="GC Interval" value="0" />
  <attribute name="ProportionalT" value="21.000000" />
  <attribute name="ProportionalI" value="21.000000" />
  <attribute name="ProportionalH" value="21.000000" />
  <attribute name="Current Error" value="14.000000" />
  <attribute name="IntegralT" value="0.000000" />
  <attribute name="IntegralI" value="0.000000" />
  <attribute name="IntegralH" value="0.000000" />
  <attribute name="DerivativeT" value="inf" />
  <attribute name="DerivativeI" value="inf" />
  <attribute name="DerivativeH" value="inf" />
  <attribute name="Loop Time for DT" value="0.000000" />
  <attribute name="Output H" value="8388608"/>
  <attribute name="Output I" value="200"/>
  <attribute name="Output T" value="1"/>
  <attribute name="Target GC Util Change" value ="20.000000" />
  <attribute name="Current GC Util Change" value="34.000000"/>
  <attribute name="GC Util currently" value="34" />
  <attribute name="CPU Util currently" value="7901173700293" />
<exclusive-end id="5115" timestamp="2019-06-17T04:32:15.607" durationms="9.500" />

<exclusive-start id="5116" timestamp="2019-06-17T04:32:15.628" intervalms="30.710">
  <response-info timems="0.085" idlems="0.085" threads="0" lastid="0000000002320700" lastname="main" />
</exclusive-start>
<allocation-taxation id="5117" taxation-threshold="13631488" timestamp="2019-06-17T04:32:15.628" intervalms="30.722" />
<gc-start id="5118" type="global mark phase" contextid="5054" timestamp="2019-06-17T04:32:15.629">
  <mem-info id="5119" free="44040192" total="89128960" percent="49">
    <remembered-set count="16320" freebytes="3701760" totalbytes="3767040" percent="98" regionsoverflowed="0" regionsstable="0" regionsrebuilding="17"/>
  </mem-info>
</gc-start>
<gc-end id="5120" type="global mark phase" contextid="5054" durationms="0.173" usertimems="0.000" systemtimems="0.000" timestamp="2019-06-17T04:32:15.629" activeThreads="1">
  <mem-info id="5121" free="44040192" total="89128960" percent="49">
    <remembered-set count="16320" freebytes="3701760" totalbytes="3767040" percent="98" regionsoverflowed="0" regionsstable="0" regionsrebuilding="17"/>
  </mem-info>
</gc-end>
<concurrent-start id="5122" type="GMP work packet processing" contextid="5054" timestamp="2019-06-17T04:32:15.629">
  <concurrent-mark-start scanTarget="1048576" />
</concurrent-start>
<exclusive-end id="5123" timestamp="2019-06-17T04:32:15.629" durationms="0.967" />

<concurrent-end id="5124" type="GMP work packet processing" contextid="5054" timestamp="2019-06-17T04:32:15.630">
  <concurrent-mark-end bytesScanned="1113192" reasonForTermination="Work target met" />
</concurrent-end>

<exclusive-start id="5125" timestamp="2019-06-17T04:32:15.651" intervalms="22.615">
  <response-info timems="0.080" idlems="0.080" threads="0" lastid="0000000002320700" lastname="main" />
</exclusive-start>
<allocation-taxation id="5126" taxation-threshold="13631488" timestamp="2019-06-17T04:32:15.651" intervalms="22.590" />
<cycle-start id="5127" type="partial gc" contextid="0" timestamp="2019-06-17T04:32:15.651" intervalms="53.314" />
<gc-start id="5128" type="partial gc" contextid="5127" timestamp="2019-06-17T04:32:15.652">
  <mem-info id="5129" free="30408704" total="89128960" percent="34">
    <mem type="eden" free="1048280" total="28311552" percent="3" />
    <remembered-set count="24032" freebytes="3670912" totalbytes="3767040" percent="97" regionsoverflowed="0" regionsstable="0" regionsrebuilding="17"/>
  </mem-info>
</gc-start>
<allocation-stats totalBytes="27257560" >
  <allocated-bytes non-tlh="0" tlh="27257560" arrayletleaf="0"/>
  <largest-consumer threadName="main" threadId="0000000002320700" bytes="13629048" />
</allocation-stats>
<gc-op id="5130" type="copy forward" timems="3.022" contextid="5127" timestamp="2019-06-17T04:32:15.656">
  <memory-copied type="eden" objects="3" bytes="120" bytesdiscarded="0" />
  <memory-copied type="other" objects="20" bytes="672" bytesdiscarded="1440" />
  <memory-cardclean objects="41976" bytes="1665344" />
  <regions eden="26" other="2" />
  <remembered-set-cleared processed="13462" cleared="3608" durationms="0.150" />
  <stringconstants candidates="13747" cleared="0"  />
</gc-op>
<gc-op id="5131" type="classunload" timems="0.005" contextid="5127" timestamp="2019-06-17T04:32:15.656">
  <classunload-info classloadercandidates="54" classloadersunloaded="0" classesunloaded="0" anonymousclassesunloaded="0" quiescems="0.000" setupms="0.004" scanms="0.000" postms="0.000" />
</gc-op>
<heap-resize id="5132" type="contract" space="default" amount="5242880" count="1" timems="0.329" reason="excess free space following gc" timestamp="2019-06-17T04:32:15.656" />
<gc-end id="5133" type="partial gc" contextid="5127" durationms="4.761" usertimems="8.000" systemtimems="0.000" timestamp="2019-06-17T04:32:15.656" activeThreads="4">
  <mem-info id="5134" free="52428800" total="83886080" percent="62">
    <mem type="eden" free="1048456" total="1048576" percent="99" />
    <remembered-set count="22464" freebytes="3467904" totalbytes="3557760" percent="97" regionsoverflowed="0" regionsstable="0" regionsrebuilding="17"/>
  </mem-info>
</gc-end>
<cycle-end id="5135" type="partial gc" contextid="5127" timestamp="2019-06-17T04:32:15.656" />
  <attribute name="elasticGC enabled" value="1" />
  <attribute name= "numThreadsSpecified" value="4" />
  <attribute name="heapSize specified" value="0" />
  <attribute name="Current GC Util" value="33" />
  <attribute name= "Current Time Running" value="65090" />
  <attribute name ="GC Interval" value="0" />
  <attribute name="ProportionalT" value="19.500000" />
  <attribute name="ProportionalI" value="19.500000" />
  <attribute name="ProportionalH" value="19.500000" />
  <attribute name="Current Error" value="13.000000" />
  <attribute name="IntegralT" value="13.000000" />
  <attribute name="IntegralI" value="13.000000" />
  <attribute name="IntegralH" value="13.000000" />
  <attribute name="DerivativeT" value="19.500000" />
  <attribute name="DerivativeI" value="19.500000" />
  <attribute name="DerivativeH" value="19.500000" />
  <attribute name="Loop Time for DT" value="1.000000" />
  <attribute name="Output H" value="8388608"/>
  <attribute name="Output I" value="200"/>
  <attribute name="Output T" value="4"/>
  <attribute name="Target GC Util Change" value ="20.000000" />
  <attribute name="Current GC Util Change" value="33.000000"/>
  <attribute name="GC Util currently" value="33" />
  <attribute name="CPU Util currently" value="8898676983386" />
<exclusive-end id="5136" timestamp="2019-06-17T04:32:15.657" durationms="5.855" />

<exclusive-start id="5137" timestamp="2019-06-17T04:32:15.676" intervalms="25.586">
  <response-info timems="0.098" idlems="0.098" threads="0" lastid="0000000002320700" lastname="main" />
</exclusive-start>
<allocation-taxation id="5138" taxation-threshold="13631488" timestamp="2019-06-17T04:32:15.677" intervalms="25.616" />
<gc-start id="5139" type="global mark phase" contextid="5054" timestamp="2019-06-17T04:32:15.677">
  <mem-info id="5140" free="38797312" total="83886080" percent="46">
    <remembered-set count="22176" freebytes="3469056" totalbytes="3557760" percent="97" regionsoverflowed="0" regionsstable="0" regionsrebuilding="17"/>
  </mem-info>
</gc-start>
<gc-end id="5141" type="global mark phase" contextid="5054" durationms="0.195" usertimems="0.000" systemtimems="0.000" timestamp="2019-06-17T04:32:15.677" activeThreads="4">
  <mem-info id="5142" free="38797312" total="83886080" percent="46">
    <remembered-set count="22176" freebytes="3469056" totalbytes="3557760" percent="97" regionsoverflowed="0" regionsstable="0" regionsrebuilding="17"/>
  </mem-info>
</gc-end>
<concurrent-start id="5143" type="GMP work packet processing" contextid="5054" timestamp="2019-06-17T04:32:15.677">
  <concurrent-mark-start scanTarget="1710795" />
</concurrent-start>
<exclusive-end id="5144" timestamp="2019-06-17T04:32:15.677" durationms="1.006" />

<concurrent-end id="5145" type="GMP work packet processing" contextid="5054" timestamp="2019-06-17T04:32:15.679">
  <concurrent-mark-end bytesScanned="1745000" reasonForTermination="Work target met" />
</concurrent-end>

<exclusive-start id="5146" timestamp="2019-06-17T04:32:15.683" intervalms="6.047">
  <response-info timems="0.066" idlems="0.066" threads="0" lastid="0000000002320700" lastname="main" />
</exclusive-start>
<allocation-taxation id="5147" taxation-threshold="13631488" timestamp="2019-06-17T04:32:15.683" intervalms="6.051" />
<cycle-start id="5148" type="partial gc" contextid="0" timestamp="2019-06-17T04:32:15.683" intervalms="31.636" />
<gc-start id="5149" type="partial gc" contextid="5148" timestamp="2019-06-17T04:32:15.683">
  <mem-info id="5150" free="25165824" total="83886080" percent="30">
    <mem type="eden" free="1048456" total="28311552" percent="3" />
    <remembered-set count="42496" freebytes="3387776" totalbytes="3557760" percent="95" regionsoverflowed="0" regionsstable="0" regionsrebuilding="17"/>
  </mem-info>
</gc-start>
<allocation-stats totalBytes="27237304" >
  <allocated-bytes non-tlh="0" tlh="27237304" arrayletleaf="0"/>
  <largest-consumer threadName="main" threadId="0000000002320700" bytes="13610920" />
</allocation-stats>
<gc-op id="5151" type="copy forward" timems="6.543" contextid="5148" timestamp="2019-06-17T04:32:15.691">
  <memory-copied type="eden" objects="26" bytes="1352" bytesdiscarded="0" />
  <memory-copied type="other" objects="21" bytes="3544" bytesdiscarded="160" />
  <memory-cardclean objects="70558" bytes="2650328" />
  <regions eden="26" other="4" />
  <remembered-set-cleared processed="21096" cleared="9336" durationms="0.302" />
  <references type="soft" candidates="7" cleared="0" enqueued="0" dynamicThreshold="14" maxThreshold="32" />
  <references type="weak" candidates="175" cleared="0" enqueued="0" />
  <stringconstants candidates="13747" cleared="0"  />
</gc-op>
<gc-op id="5152" type="classunload" timems="0.004" contextid="5148" timestamp="2019-06-17T04:32:15.691">
  <classunload-info classloadercandidates="54" classloadersunloaded="0" classesunloaded="0" anonymousclassesunloaded="0" quiescems="0.000" setupms="0.003" scanms="0.000" postms="0.000" />
</gc-op>
<heap-resize id="5153" type="contract" space="default" amount="4194304" count="1" timems="0.398" reason="excess free space following gc" timestamp="2019-06-17T04:32:15.692" />
<gc-end id="5154" type="partial gc" contextid="5148" durationms="8.643" usertimems="8.000" systemtimems="0.000" timestamp="2019-06-17T04:32:15.692" activeThreads="1">
  <mem-info id="5155" free="50331648" total="79691776" percent="63">
    <mem type="eden" free="1047224" total="1048576" percent="99" />
    <remembered-set count="31264" freebytes="3223424" totalbytes="3348480" percent="96" regionsoverflowed="0" regionsstable="0" regionsrebuilding="17"/>
  </mem-info>
</gc-end>
<cycle-end id="5156" type="partial gc" contextid="5148" timestamp="2019-06-17T04:32:15.692" />
  <attribute name="elasticGC enabled" value="1" />
  <attribute name= "numThreadsSpecified" value="1" />
  <attribute name="heapSize specified" value="0" />
  <attribute name="Current GC Util" value="107" />
  <attribute name= "Current Time Running" value="65121" />
  <attribute name ="GC Interval" value="0" />
  <attribute name="ProportionalT" value="130.500000" />
  <attribute name="ProportionalI" value="130.500000" />
  <attribute name="ProportionalH" value="130.500000" />
  <attribute name="Current Error" value="87.000000" />
  <attribute name="IntegralT" value="0.000000" />
  <attribute name="IntegralI" value="0.000000" />
  <attribute name="IntegralH" value="0.000000" />
  <attribute name="DerivativeT" value="inf" />
  <attribute name="DerivativeI" value="inf" />
  <attribute name="DerivativeH" value="inf" />
  <attribute name="Loop Time for DT" value="0.000000" />
  <attribute name="Output H" value="8388608"/>
  <attribute name="Output I" value="200"/>
  <attribute name="Output T" value="1"/>
  <attribute name="Target GC Util Change" value ="20.000000" />
  <attribute name="Current GC Util Change" value="107.000000"/>
  <attribute name="GC Util currently" value="107" />
  <attribute name="CPU Util currently" value="7225075090276" />
<exclusive-end id="5157" timestamp="2019-06-17T04:32:15.692" durationms="9.781" />

<exclusive-start id="5158" timestamp="2019-06-17T04:32:15.697" intervalms="14.158">
  <response-info timems="0.069" idlems="0.069" threads="0" lastid="0000000002320700" lastname="main" />
</exclusive-start>
<allocation-taxation id="5159" taxation-threshold="12582912" timestamp="2019-06-17T04:32:15.697" intervalms="14.145" />
<gc-start id="5160" type="global mark phase" contextid="5054" timestamp="2019-06-17T04:32:15.697">
  <mem-info id="5161" free="37748736" total="79691776" percent="47">
    <remembered-set count="31264" freebytes="3223424" totalbytes="3348480" percent="96" regionsoverflowed="0" regionsstable="0" regionsrebuilding="17"/>
  </mem-info>
</gc-start>
<gc-end id="5162" type="global mark phase" contextid="5054" durationms="0.165" usertimems="0.000" systemtimems="0.000" timestamp="2019-06-17T04:32:15.697" activeThreads="1">
  <mem-info id="5163" free="37748736" total="79691776" percent="47">
    <remembered-set count="31264" freebytes="3223424" totalbytes="3348480" percent="96" regionsoverflowed="0" regionsstable="0" regionsrebuilding="17"/>
  </mem-info>
</gc-end>
<concurrent-start id="5164" type="GMP work packet processing" contextid="5054" timestamp="2019-06-17T04:32:15.697">
  <concurrent-mark-start scanTarget="1048576" />
</concurrent-start>
<exclusive-end id="5165" timestamp="2019-06-17T04:32:15.698" durationms="0.880" />

<concurrent-end id="5166" type="GMP work packet processing" contextid="5054" timestamp="2019-06-17T04:32:15.699">
  <concurrent-mark-end bytesScanned="1088448" reasonForTermination="Work target met" />
</concurrent-end>

<exclusive-start id="5167" timestamp="2019-06-17T04:32:15.702" intervalms="5.299">
  <response-info timems="0.028" idlems="0.028" threads="0" lastid="0000000002320700" lastname="main" />
</exclusive-start>
<allocation-taxation id="5168" taxation-threshold="12582912" timestamp="2019-06-17T04:32:15.702" intervalms="5.255" />
<cycle-start id="5169" type="partial gc" contextid="0" timestamp="2019-06-17T04:32:15.702" intervalms="19.385" />
<gc-start id="5170" type="partial gc" contextid="5169" timestamp="2019-06-17T04:32:15.702">
  <mem-info id="5171" free="25165824" total="79691776" percent="31">
    <mem type="eden" free="0" total="25165824" percent="0" />
    <remembered-set count="47424" freebytes="3158784" totalbytes="3348480" percent="94" regionsoverflowed="0" regionsstable="0" regionsrebuilding="17"/>
  </mem-info>
</gc-start>
<allocation-stats totalBytes="25131120" >
  <allocated-bytes non-tlh="0" tlh="25131120" arrayletleaf="0"/>
  <largest-consumer threadName="main" threadId="0000000002320700" bytes="12565560" />
</allocation-stats>
<gc-op id="5172" type="copy forward" timems="5.663" contextid="5169" timestamp="2019-06-17T04:32:15.709">
  <memory-copied type="eden" objects="4" bytes="112" bytesdiscarded="0" />
  <memory-copied type="other" objects="22" bytes="1240" bytesdiscarded="0" />
  <memory-cardclean objects="68413" bytes="2410832" />
  <regions eden="24" other="1" />
  <remembered-set-cleared processed="34712" cleared="10816" durationms="0.396" />
  <stringconstants candidates="13747" cleared="0"  />
</gc-op>
<gc-op id="5173" type="classunload" timems="0.004" contextid="5169" timestamp="2019-06-17T04:32:15.709">
  <classunload-info classloadercandidates="54" classloadersunloaded="0" classesunloaded="0" anonymousclassesunloaded="0" quiescems="0.000" setupms="0.004" scanms="0.000" postms="0.000" />
</gc-op>
<heap-resize id="5174" type="contract" space="default" amount="1048576" count="1" timems="0.195" reason="excess free space following gc" timestamp="2019-06-17T04:32:15.710" />
<gc-end id="5175" type="partial gc" contextid="5169" durationms="7.374" usertimems="0.000" systemtimems="8.000" timestamp="2019-06-17T04:32:15.710" activeThreads="1">
  <mem-info id="5176" free="48234496" total="78643200" percent="61">
    <mem type="eden" free="1048464" total="1048576" percent="99" />
    <remembered-set count="41280" freebytes="3015936" totalbytes="3181056" percent="94" regionsoverflowed="0" regionsstable="0" regionsrebuilding="17"/>
  </mem-info>
</gc-end>
<cycle-end id="5177" type="partial gc" contextid="5169" timestamp="2019-06-17T04:32:15.710" />
  <attribute name="elasticGC enabled" value="1" />
  <attribute name= "numThreadsSpecified" value="1" />
  <attribute name="heapSize specified" value="0" />
  <attribute name="Current GC Util" value="103" />
  <attribute name= "Current Time Running" value="65140" />
  <attribute name ="GC Interval" value="0" />
  <attribute name="ProportionalT" value="124.500000" />
  <attribute name="ProportionalI" value="124.500000" />
  <attribute name="ProportionalH" value="124.500000" />
  <attribute name="Current Error" value="83.000000" />
  <attribute name="IntegralT" value="0.000000" />
  <attribute name="IntegralI" value="0.000000" />
  <attribute name="IntegralH" value="0.000000" />
  <attribute name="DerivativeT" value="inf" />
  <attribute name="DerivativeI" value="inf" />
  <attribute name="DerivativeH" value="inf" />
  <attribute name="Loop Time for DT" value="0.000000" />
  <attribute name="Output H" value="8388608"/>
  <attribute name="Output I" value="200"/>
  <attribute name="Output T" value="1"/>
  <attribute name="Target GC Util Change" value ="20.000000" />
  <attribute name="Current GC Util Change" value="103.000000"/>
  <attribute name="GC Util currently" value="103" />
  <attribute name="CPU Util currently" value="7358893272802" />
<exclusive-end id="5178" timestamp="2019-06-17T04:32:15.710" durationms="8.258" />

<exclusive-start id="5179" timestamp="2019-06-17T04:32:15.715" intervalms="12.595">
  <response-info timems="0.057" idlems="0.057" threads="0" lastid="0000000002320700" lastname="main" />
</exclusive-start>
<allocation-taxation id="5180" taxation-threshold="12582912" timestamp="2019-06-17T04:32:15.715" intervalms="12.619" />
<gc-start id="5181" type="global mark phase" contextid="5054" timestamp="2019-06-17T04:32:15.715">
  <mem-info id="5182" free="35651584" total="78643200" percent="45">
    <remembered-set count="41056" freebytes="3016832" totalbytes="3181056" percent="94" regionsoverflowed="0" regionsstable="0" regionsrebuilding="17"/>
  </mem-info>
</gc-start>
<gc-end id="5183" type="global mark phase" contextid="5054" durationms="0.142" usertimems="0.000" systemtimems="0.000" timestamp="2019-06-17T04:32:15.715" activeThreads="1">
  <mem-info id="5184" free="35651584" total="78643200" percent="45">
    <remembered-set count="41056" freebytes="3016832" totalbytes="3181056" percent="94" regionsoverflowed="0" regionsstable="0" regionsrebuilding="17"/>
  </mem-info>
</gc-end>
<concurrent-start id="5185" type="GMP work packet processing" contextid="5054" timestamp="2019-06-17T04:32:15.715">
  <concurrent-mark-start scanTarget="1048576" />
</concurrent-start>
<exclusive-end id="5186" timestamp="2019-06-17T04:32:15.715" durationms="0.796" />

<concurrent-end id="5187" type="GMP work packet processing" contextid="5054" timestamp="2019-06-17T04:32:15.717">
  <concurrent-mark-end bytesScanned="1090976" reasonForTermination="Work target met" />
</concurrent-end>

<exclusive-start id="5188" timestamp="2019-06-17T04:32:15.720" intervalms="5.216">
  <response-info timems="0.069" idlems="0.069" threads="0" lastid="0000000002320700" lastname="main" />
</exclusive-start>
<allocation-taxation id="5189" taxation-threshold="12582912" timestamp="2019-06-17T04:32:15.720" intervalms="5.180" />
<cycle-start id="5190" type="partial gc" contextid="0" timestamp="2019-06-17T04:32:15.720" intervalms="17.811" />
<gc-start id="5191" type="partial gc" contextid="5190" timestamp="2019-06-17T04:32:15.720">
  <mem-info id="5192" free="23068672" total="78643200" percent="29">
    <mem type="eden" free="1048464" total="26214400" percent="3" />
    <remembered-set count="51552" freebytes="2974848" totalbytes="3181056" percent="93" regionsoverflowed="0" regionsstable="0" regionsrebuilding="17"/>
  </mem-info>
</gc-start>
<allocation-stats totalBytes="25131096" >
  <allocated-bytes non-tlh="0" tlh="25131096" arrayletleaf="0"/>
  <largest-consumer threadName="main" threadId="0000000002320700" bytes="12565536" />
</allocation-stats>
<gc-op id="5193" type="copy forward" timems="1.459" contextid="5190" timestamp="2019-06-17T04:32:15.723">
  <memory-copied type="eden" objects="4" bytes="112" bytesdiscarded="0" />
  <memory-copied type="other" objects="0" bytes="0" bytesdiscarded="0" />
  <memory-cardclean objects="9" bytes="216" />
  <regions eden="24" other="1" />
  <remembered-set-cleared processed="49590" cleared="8" durationms="0.348" />
  <stringconstants candidates="13747" cleared="0"  />
</gc-op>
<gc-op id="5194" type="classunload" timems="0.004" contextid="5190" timestamp="2019-06-17T04:32:15.723">
  <classunload-info classloadercandidates="54" classloadersunloaded="0" classesunloaded="0" anonymousclassesunloaded="0" quiescems="0.000" setupms="0.003" scanms="0.000" postms="0.000" />
</gc-op>
<gc-end id="5195" type="partial gc" contextid="5190" durationms="2.928" usertimems="4.000" systemtimems="0.000" timestamp="2019-06-17T04:32:15.723" activeThreads="1">
  <mem-info id="5196" free="48234496" total="78643200" percent="61">
    <mem type="eden" free="1048464" total="1048576" percent="99" />
    <remembered-set count="51552" freebytes="2932992" totalbytes="3139200" percent="93" regionsoverflowed="0" regionsstable="0" regionsrebuilding="17"/>
  </mem-info>
</gc-end>
<cycle-end id="5197" type="partial gc" contextid="5190" timestamp="2019-06-17T04:32:15.723" />
  <attribute name="elasticGC enabled" value="1" />
  <attribute name= "numThreadsSpecified" value="1" />
  <attribute name="heapSize specified" value="0" />
  <attribute name="Current GC Util" value="104" />
  <attribute name= "Current Time Running" value="65158" />
  <attribute name ="GC Interval" value="0" />
  <attribute name="ProportionalT" value="126.000000" />
  <attribute name="ProportionalI" value="126.000000" />
  <attribute name="ProportionalH" value="126.000000" />
  <attribute name="Current Error" value="84.000000" />
  <attribute name="IntegralT" value="0.000000" />
  <attribute name="IntegralI" value="0.000000" />
  <attribute name="IntegralH" value="0.000000" />
  <attribute name="DerivativeT" value="inf" />
  <attribute name="DerivativeI" value="inf" />
  <attribute name="DerivativeH" value="inf" />
  <attribute name="Loop Time for DT" value="0.000000" />
  <attribute name="Output H" value="8388608"/>
  <attribute name="Output I" value="200"/>
  <attribute name="Output T" value="1"/>
  <attribute name="Target GC Util Change" value ="20.000000" />
  <attribute name="Current GC Util Change" value="104.000000"/>
  <attribute name="GC Util currently" value="104" />
  <attribute name="CPU Util currently" value="7870832336972" />
<exclusive-end id="5198" timestamp="2019-06-17T04:32:15.724" durationms="3.880" />

<exclusive-start id="5199" timestamp="2019-06-17T04:32:15.728" intervalms="8.268">
  <response-info timems="0.070" idlems="0.070" threads="0" lastid="0000000002320700" lastname="main" />
</exclusive-start>
<allocation-taxation id="5200" taxation-threshold="12582912" timestamp="2019-06-17T04:32:15.728" intervalms="8.263" />
<gc-start id="5201" type="global mark phase" contextid="5054" timestamp="2019-06-17T04:32:15.728">
  <mem-info id="5202" free="35651584" total="78643200" percent="45">
    <remembered-set count="51104" freebytes="2934784" totalbytes="3139200" percent="93" regionsoverflowed="0" regionsstable="0" regionsrebuilding="17"/>
  </mem-info>
</gc-start>
<gc-end id="5203" type="global mark phase" contextid="5054" durationms="0.155" usertimems="0.000" systemtimems="0.000" timestamp="2019-06-17T04:32:15.729" activeThreads="1">
  <mem-info id="5204" free="35651584" total="78643200" percent="45">
    <remembered-set count="51104" freebytes="2934784" totalbytes="3139200" percent="93" regionsoverflowed="0" regionsstable="0" regionsrebuilding="17"/>
  </mem-info>
</gc-end>
<concurrent-start id="5205" type="GMP work packet processing" contextid="5054" timestamp="2019-06-17T04:32:15.729">
  <concurrent-mark-start scanTarget="1048576" />
</concurrent-start>
<exclusive-end id="5206" timestamp="2019-06-17T04:32:15.729" durationms="0.778" />

<concurrent-end id="5207" type="GMP work packet processing" contextid="5054" timestamp="2019-06-17T04:32:15.730">
  <concurrent-mark-end bytesScanned="1095560" reasonForTermination="Work target met" />
</concurrent-end>

<exclusive-start id="5208" timestamp="2019-06-17T04:32:15.733" intervalms="5.055">
  <response-info timems="0.058" idlems="0.058" threads="0" lastid="0000000002320700" lastname="main" />
</exclusive-start>
<allocation-taxation id="5209" taxation-threshold="12582912" timestamp="2019-06-17T04:32:15.733" intervalms="5.063" />
<cycle-start id="5210" type="partial gc" contextid="0" timestamp="2019-06-17T04:32:15.733" intervalms="13.230" />
<gc-start id="5211" type="partial gc" contextid="5210" timestamp="2019-06-17T04:32:15.733">
  <mem-info id="5212" free="23068672" total="78643200" percent="29">
    <mem type="eden" free="1048464" total="26214400" percent="3" />
    <remembered-set count="65152" freebytes="2878592" totalbytes="3139200" percent="91" regionsoverflowed="0" regionsstable="0" regionsrebuilding="17"/>
  </mem-info>
</gc-start>
<allocation-stats totalBytes="25129736" >
  <allocated-bytes non-tlh="0" tlh="25129736" arrayletleaf="0"/>
  <largest-consumer threadName="main" threadId="0000000002320700" bytes="12565560" />
</allocation-stats>
<gc-op id="5213" type="copy forward" timems="1.643" contextid="5210" timestamp="2019-06-17T04:32:15.736">
  <memory-copied type="eden" objects="4" bytes="112" bytesdiscarded="0" />
  <memory-copied type="other" objects="0" bytes="0" bytesdiscarded="0" />
  <memory-cardclean objects="9" bytes="216" />
  <regions eden="24" other="1" />
  <remembered-set-cleared processed="63181" cleared="8" durationms="0.432" />
  <stringconstants candidates="13747" cleared="0"  />
</gc-op>
<gc-op id="5214" type="classunload" timems="0.004" contextid="5210" timestamp="2019-06-17T04:32:15.736">
  <classunload-info classloadercandidates="54" classloadersunloaded="0" classesunloaded="0" anonymousclassesunloaded="0" quiescems="0.000" setupms="0.004" scanms="0.000" postms="0.000" />
</gc-op>
<gc-end id="5215" type="partial gc" contextid="5210" durationms="2.792" usertimems="4.000" systemtimems="0.000" timestamp="2019-06-17T04:32:15.736" activeThreads="1">
  <mem-info id="5216" free="48234496" total="78643200" percent="61">
    <mem type="eden" free="1048464" total="1048576" percent="99" />
    <remembered-set count="65600" freebytes="2876800" totalbytes="3139200" percent="91" regionsoverflowed="0" regionsstable="0" regionsrebuilding="17"/>
  </mem-info>
</gc-end>
<cycle-end id="5217" type="partial gc" contextid="5210" timestamp="2019-06-17T04:32:15.736" />
  <attribute name="elasticGC enabled" value="1" />
  <attribute name= "numThreadsSpecified" value="1" />
  <attribute name="heapSize specified" value="0" />
  <attribute name="Current GC Util" value="112" />
  <attribute name= "Current Time Running" value="65171" />
  <attribute name ="GC Interval" value="0" />
  <attribute name="ProportionalT" value="138.000000" />
  <attribute name="ProportionalI" value="138.000000" />
  <attribute name="ProportionalH" value="138.000000" />
  <attribute name="Current Error" value="92.000000" />
  <attribute name="IntegralT" value="0.000000" />
  <attribute name="IntegralI" value="0.000000" />
  <attribute name="IntegralH" value="0.000000" />
  <attribute name="DerivativeT" value="inf" />
  <attribute name="DerivativeI" value="inf" />
  <attribute name="DerivativeH" value="inf" />
  <attribute name="Loop Time for DT" value="0.000000" />
  <attribute name="Output H" value="8388608"/>
  <attribute name="Output I" value="200"/>
  <attribute name="Output T" value="1"/>
  <attribute name="Target GC Util Change" value ="20.000000" />
  <attribute name="Current GC Util Change" value="112.000000"/>
  <attribute name="GC Util currently" value="112" />
  <attribute name="CPU Util currently" value="12068527192801" />
<exclusive-end id="5218" timestamp="2019-06-17T04:32:15.737" durationms="3.552" />

<exclusive-start id="5219" timestamp="2019-06-17T04:32:15.741" intervalms="7.883">
  <response-info timems="0.066" idlems="0.066" threads="0" lastid="0000000002320700" lastname="main" />
</exclusive-start>
<allocation-taxation id="5220" taxation-threshold="12582912" timestamp="2019-06-17T04:32:15.741" intervalms="7.905" />
<gc-start id="5221" type="global mark phase" contextid="5054" timestamp="2019-06-17T04:32:15.741">
  <mem-info id="5222" free="35651584" total="78643200" percent="45">
    <remembered-set count="65152" freebytes="2878592" totalbytes="3139200" percent="91" regionsoverflowed="0" regionsstable="0" regionsrebuilding="17"/>
  </mem-info>
</gc-start>
<gc-end id="5223" type="global mark phase" contextid="5054" durationms="0.197" usertimems="0.000" systemtimems="0.000" timestamp="2019-06-17T04:32:15.742" activeThreads="1">
  <mem-info id="5224" free="35651584" total="78643200" percent="45">
    <remembered-set count="65152" freebytes="2878592" totalbytes="3139200" percent="91" regionsoverflowed="0" regionsstable="0" regionsrebuilding="17"/>
  </mem-info>
</gc-end>
<concurrent-start id="5225" type="GMP work packet processing" contextid="5054" timestamp="2019-06-17T04:32:15.742">
  <concurrent-mark-start scanTarget="1048576" />
</concurrent-start>
<exclusive-end id="5226" timestamp="2019-06-17T04:32:15.742" durationms="0.832" />

<concurrent-end id="5227" type="GMP work packet processing" contextid="5054" timestamp="2019-06-17T04:32:15.743">
  <concurrent-mark-end bytesScanned="1091228" reasonForTermination="Work target met" />
</concurrent-end>

<exclusive-start id="5228" timestamp="2019-06-17T04:32:15.746" intervalms="5.194">
  <response-info timems="0.072" idlems="0.072" threads="0" lastid="0000000002320700" lastname="main" />
</exclusive-start>
<allocation-taxation id="5229" taxation-threshold="12582912" timestamp="2019-06-17T04:32:15.746" intervalms="5.142" />
<cycle-start id="5230" type="partial gc" contextid="0" timestamp="2019-06-17T04:32:15.746" intervalms="13.139" />
<gc-start id="5231" type="partial gc" contextid="5230" timestamp="2019-06-17T04:32:15.747">
  <mem-info id="5232" free="23068672" total="78643200" percent="29">
    <mem type="eden" free="1048464" total="26214400" percent="3" />
    <remembered-set count="72896" freebytes="2847616" totalbytes="3139200" percent="90" regionsoverflowed="0" regionsstable="0" regionsrebuilding="17"/>
  </mem-info>
</gc-start>
<allocation-stats totalBytes="25131096" >
  <allocated-bytes non-tlh="0" tlh="25131096" arrayletleaf="0"/>
  <largest-consumer threadName="main" threadId="0000000002320700" bytes="12565536" />
</allocation-stats>
<gc-op id="5233" type="copy forward" timems="1.602" contextid="5230" timestamp="2019-06-17T04:32:15.749">
  <memory-copied type="eden" objects="4" bytes="112" bytesdiscarded="0" />
  <memory-copied type="other" objects="0" bytes="0" bytesdiscarded="0" />
  <memory-cardclean objects="9" bytes="216" />
  <regions eden="24" other="1" />
  <remembered-set-cleared processed="70793" cleared="8" durationms="0.468" />
  <stringconstants candidates="13747" cleared="0"  />
</gc-op>
<gc-op id="5234" type="classunload" timems="0.004" contextid="5230" timestamp="2019-06-17T04:32:15.749">
  <classunload-info classloadercandidates="54" classloadersunloaded="0" classesunloaded="0" anonymousclassesunloaded="0" quiescems="0.000" setupms="0.004" scanms="0.000" postms="0.000" />
</gc-op>
<gc-end id="5235" type="partial gc" contextid="5230" durationms="2.799" usertimems="0.000" systemtimems="4.000" timestamp="2019-06-17T04:32:15.749" activeThreads="1">
  <mem-info id="5236" free="48234496" total="78643200" percent="61">
    <mem type="eden" free="1048464" total="1048576" percent="99" />
    <remembered-set count="73344" freebytes="2845824" totalbytes="3139200" percent="90" regionsoverflowed="0" regionsstable="0" regionsrebuilding="17"/>
  </mem-info>
</gc-end>
<cycle-end id="5237" type="partial gc" contextid="5230" timestamp="2019-06-17T04:32:15.750" />
  <attribute name="elasticGC enabled" value="1" />
  <attribute name= "numThreadsSpecified" value="1" />
  <attribute name="heapSize specified" value="0" />
  <attribute name="Current GC Util" value="164" />
  <attribute name= "Current Time Running" value="65184" />
  <attribute name ="GC Interval" value="0" />
  <attribute name="ProportionalT" value="216.000000" />
  <attribute name="ProportionalI" value="216.000000" />
  <attribute name="ProportionalH" value="216.000000" />
  <attribute name="Current Error" value="144.000000" />
  <attribute name="IntegralT" value="0.000000" />
  <attribute name="IntegralI" value="0.000000" />
  <attribute name="IntegralH" value="0.000000" />
  <attribute name="DerivativeT" value="inf" />
  <attribute name="DerivativeI" value="inf" />
  <attribute name="DerivativeH" value="inf" />
  <attribute name="Loop Time for DT" value="0.000000" />
  <attribute name="Output H" value="8388608"/>
  <attribute name="Output I" value="200"/>
  <attribute name="Output T" value="1"/>
  <attribute name="Target GC Util Change" value ="20.000000" />
  <attribute name="Current GC Util Change" value="164.000000"/>
  <attribute name="GC Util currently" value="164" />
  <attribute name="CPU Util currently" value="14100514139409" />
<exclusive-end id="5238" timestamp="2019-06-17T04:32:15.750" durationms="3.725" />

<exclusive-start id="5239" timestamp="2019-06-17T04:32:15.754" intervalms="8.087">
  <response-info timems="0.074" idlems="0.074" threads="0" lastid="0000000002320700" lastname="main" />
</exclusive-start>
<allocation-taxation id="5240" taxation-threshold="12582912" timestamp="2019-06-17T04:32:15.754" intervalms="8.113" />
<gc-start id="5241" type="global mark phase" contextid="5054" timestamp="2019-06-17T04:32:15.755">
  <mem-info id="5242" free="35651584" total="78643200" percent="45">
    <remembered-set count="72896" freebytes="2847616" totalbytes="3139200" percent="90" regionsoverflowed="0" regionsstable="0" regionsrebuilding="17"/>
  </mem-info>
</gc-start>
<gc-end id="5243" type="global mark phase" contextid="5054" durationms="0.140" usertimems="0.000" systemtimems="0.000" timestamp="2019-06-17T04:32:15.755" activeThreads="1">
  <mem-info id="5244" free="35651584" total="78643200" percent="45">
    <remembered-set count="72896" freebytes="2847616" totalbytes="3139200" percent="90" regionsoverflowed="0" regionsstable="0" regionsrebuilding="17"/>
  </mem-info>
</gc-end>
<concurrent-start id="5245" type="GMP work packet processing" contextid="5054" timestamp="2019-06-17T04:32:15.755">
  <concurrent-mark-start scanTarget="1048576" />
</concurrent-start>
<exclusive-end id="5246" timestamp="2019-06-17T04:32:15.755" durationms="0.737" />

<concurrent-end id="5247" type="GMP work packet processing" contextid="5054" timestamp="2019-06-17T04:32:15.756">
  <concurrent-mark-end bytesScanned="1092508" reasonForTermination="Work target met" />
</concurrent-end>

<exclusive-start id="5248" timestamp="2019-06-17T04:32:15.759" intervalms="5.056">
  <response-info timems="0.073" idlems="0.073" threads="0" lastid="0000000002320700" lastname="main" />
</exclusive-start>
<allocation-taxation id="5249" taxation-threshold="12582912" timestamp="2019-06-17T04:32:15.759" intervalms="5.047" />
<cycle-start id="5250" type="partial gc" contextid="0" timestamp="2019-06-17T04:32:15.760" intervalms="13.158" />
<gc-start id="5251" type="partial gc" contextid="5250" timestamp="2019-06-17T04:32:15.760">
  <mem-info id="5252" free="23068672" total="78643200" percent="29">
    <mem type="eden" free="1048464" total="26214400" percent="3" />
    <remembered-set count="85792" freebytes="2796032" totalbytes="3139200" percent="89" regionsoverflowed="0" regionsstable="0" regionsrebuilding="17"/>
  </mem-info>
</gc-start>
<allocation-stats totalBytes="25131120" >
  <allocated-bytes non-tlh="0" tlh="25131120" arrayletleaf="0"/>
  <largest-consumer threadName="main" threadId="0000000002320700" bytes="12565560" />
</allocation-stats>
<gc-op id="5253" type="copy forward" timems="3.624" contextid="5250" timestamp="2019-06-17T04:32:15.764">
  <memory-copied type="eden" objects="4" bytes="112" bytesdiscarded="0" />
  <memory-copied type="other" objects="0" bytes="0" bytesdiscarded="0" />
  <memory-cardclean objects="9" bytes="216" />
  <regions eden="24" other="1" />
  <remembered-set-cleared processed="83579" cleared="8" durationms="0.248" />
  <stringconstants candidates="13747" cleared="0"  />
</gc-op>
<gc-op id="5254" type="classunload" timems="0.003" contextid="5250" timestamp="2019-06-17T04:32:15.764">
  <classunload-info classloadercandidates="54" classloadersunloaded="0" classesunloaded="0" anonymousclassesunloaded="0" quiescems="0.000" setupms="0.003" scanms="0.000" postms="0.000" />
</gc-op>
<gc-end id="5255" type="partial gc" contextid="5250" durationms="4.760" usertimems="8.000" systemtimems="0.000" timestamp="2019-06-17T04:32:15.765" activeThreads="4">
  <mem-info id="5256" free="48234496" total="78643200" percent="61">
    <mem type="eden" free="1048464" total="1048576" percent="99" />
    <remembered-set count="85440" freebytes="2797440" totalbytes="3139200" percent="89" regionsoverflowed="0" regionsstable="0" regionsrebuilding="17"/>
  </mem-info>
</gc-end>
<cycle-end id="5257" type="partial gc" contextid="5250" timestamp="2019-06-17T04:32:15.765" />
  <attribute name="elasticGC enabled" value="1" />
  <attribute name= "numThreadsSpecified" value="4" />
  <attribute name="heapSize specified" value="0" />
  <attribute name="Current GC Util" value="164" />
  <attribute name= "Current Time Running" value="65198" />
  <attribute name ="GC Interval" value="0" />
  <attribute name="ProportionalT" value="216.000000" />
  <attribute name="ProportionalI" value="216.000000" />
  <attribute name="ProportionalH" value="216.000000" />
  <attribute name="Current Error" value="144.000000" />
  <attribute name="IntegralT" value="144.000000" />
  <attribute name="IntegralI" value="144.000000" />
  <attribute name="IntegralH" value="144.000000" />
  <attribute name="DerivativeT" value="148.500000" />
  <attribute name="DerivativeI" value="148.500000" />
  <attribute name="DerivativeH" value="148.500000" />
  <attribute name="Loop Time for DT" value="1.000000" />
  <attribute name="Output H" value="8388608"/>
  <attribute name="Output I" value="512"/>
  <attribute name="Output T" value="4"/>
  <attribute name="Target GC Util Change" value ="20.000000" />
  <attribute name="Current GC Util Change" value="164.000000"/>
  <attribute name="GC Util currently" value="164" />
  <attribute name="CPU Util currently" value="13756289346941" />
<exclusive-end id="5258" timestamp="2019-06-17T04:32:15.765" durationms="5.613" />

<exclusive-start id="5259" timestamp="2019-06-17T04:32:15.769" intervalms="9.888">
  <response-info timems="0.056" idlems="0.056" threads="0" lastid="0000000002320700" lastname="main" />
</exclusive-start>
<allocation-taxation id="5260" taxation-threshold="12582912" timestamp="2019-06-17T04:32:15.769" intervalms="9.922" />
<gc-start id="5261" type="global mark phase" contextid="5054" timestamp="2019-06-17T04:32:15.770">
  <mem-info id="5262" free="35651584" total="78643200" percent="45">
    <remembered-set count="85440" freebytes="2797440" totalbytes="3139200" percent="89" regionsoverflowed="0" regionsstable="0" regionsrebuilding="17"/>
  </mem-info>
</gc-start>
<gc-end id="5263" type="global mark phase" contextid="5054" durationms="0.090" usertimems="0.000" systemtimems="0.000" timestamp="2019-06-17T04:32:15.770" activeThreads="4">
  <mem-info id="5264" free="35651584" total="78643200" percent="45">
    <remembered-set count="85440" freebytes="2797440" totalbytes="3139200" percent="89" regionsoverflowed="0" regionsstable="0" regionsrebuilding="17"/>
  </mem-info>
</gc-end>
<concurrent-start id="5265" type="GMP work packet processing" contextid="5054" timestamp="2019-06-17T04:32:15.770">
  <concurrent-mark-start scanTarget="1710795" />
</concurrent-start>
<exclusive-end id="5266" timestamp="2019-06-17T04:32:15.770" durationms="0.630" />

<concurrent-end id="5267" type="GMP work packet processing" contextid="5054" timestamp="2019-06-17T04:32:15.771">
  <concurrent-mark-end bytesScanned="1746380" reasonForTermination="Work target met" />
</concurrent-end>

<exclusive-start id="5268" timestamp="2019-06-17T04:32:15.774" intervalms="4.939">
  <response-info timems="0.054" idlems="0.054" threads="0" lastid="0000000002320700" lastname="main" />
</exclusive-start>
<allocation-taxation id="5269" taxation-threshold="12582912" timestamp="2019-06-17T04:32:15.774" intervalms="4.891" />
<cycle-start id="5270" type="partial gc" contextid="0" timestamp="2019-06-17T04:32:15.774" intervalms="14.758" />
<gc-start id="5271" type="partial gc" contextid="5270" timestamp="2019-06-17T04:32:15.775">
  <mem-info id="5272" free="23068672" total="78643200" percent="29">
    <mem type="eden" free="1048464" total="26214400" percent="3" />
    <remembered-set count="94144" freebytes="2762624" totalbytes="3139200" percent="88" regionsoverflowed="0" regionsstable="0" regionsrebuilding="17"/>
  </mem-info>
</gc-start>
<allocation-stats totalBytes="25131120" >
  <allocated-bytes non-tlh="0" tlh="25131120" arrayletleaf="0"/>
  <largest-consumer threadName="main" threadId="0000000002320700" bytes="12565560" />
</allocation-stats>
<gc-op id="5273" type="copy forward" timems="1.626" contextid="5270" timestamp="2019-06-17T04:32:15.777">
  <memory-copied type="eden" objects="4" bytes="112" bytesdiscarded="0" />
  <memory-copied type="other" objects="0" bytes="0" bytesdiscarded="0" />
  <memory-cardclean objects="9" bytes="216" />
  <regions eden="24" other="1" />
  <remembered-set-cleared processed="92215" cleared="8" durationms="0.574" />
  <stringconstants candidates="13747" cleared="0"  />
</gc-op>
<gc-op id="5274" type="classunload" timems="0.004" contextid="5270" timestamp="2019-06-17T04:32:15.777">
  <classunload-info classloadercandidates="54" classloadersunloaded="0" classesunloaded="0" anonymousclassesunloaded="0" quiescems="0.000" setupms="0.004" scanms="0.000" postms="0.000" />
</gc-op>
<gc-end id="5275" type="partial gc" contextid="5270" durationms="2.600" usertimems="4.000" systemtimems="0.000" timestamp="2019-06-17T04:32:15.777" activeThreads="1">
  <mem-info id="5276" free="48234496" total="78643200" percent="61">
    <mem type="eden" free="1048464" total="1048576" percent="99" />
    <remembered-set count="94624" freebytes="2760704" totalbytes="3139200" percent="87" regionsoverflowed="0" regionsstable="0" regionsrebuilding="17"/>
  </mem-info>
</gc-end>
<cycle-end id="5277" type="partial gc" contextid="5270" timestamp="2019-06-17T04:32:15.777" />
  <attribute name="elasticGC enabled" value="1" />
  <attribute name= "numThreadsSpecified" value="1" />
  <attribute name="heapSize specified" value="0" />
  <attribute name="Current GC Util" value="163" />
  <attribute name= "Current Time Running" value="65212" />
  <attribute name ="GC Interval" value="0" />
  <attribute name="ProportionalT" value="214.500000" />
  <attribute name="ProportionalI" value="214.500000" />
  <attribute name="ProportionalH" value="214.500000" />
  <attribute name="Current Error" value="143.000000" />
  <attribute name="IntegralT" value="0.000000" />
  <attribute name="IntegralI" value="0.000000" />
  <attribute name="IntegralH" value="0.000000" />
  <attribute name="DerivativeT" value="inf" />
  <attribute name="DerivativeI" value="inf" />
  <attribute name="DerivativeH" value="inf" />
  <attribute name="Loop Time for DT" value="0.000000" />
  <attribute name="Output H" value="8388608"/>
  <attribute name="Output I" value="200"/>
  <attribute name="Output T" value="1"/>
  <attribute name="Target GC Util Change" value ="20.000000" />
  <attribute name="Current GC Util Change" value="163.000000"/>
  <attribute name="GC Util currently" value="163" />
  <attribute name="CPU Util currently" value="15059992465890" />
<exclusive-end id="5278" timestamp="2019-06-17T04:32:15.777" durationms="3.334" />

<exclusive-start id="5279" timestamp="2019-06-17T04:32:15.782" intervalms="7.763">
  <response-info timems="0.070" idlems="0.070" threads="0" lastid="0000000002320700" lastname="main" />
</exclusive-start>
<allocation-taxation id="5280" taxation-threshold="12582912" timestamp="2019-06-17T04:32:15.782" intervalms="7.768" />
<gc-start id="5281" type="global mark phase" contextid="5054" timestamp="2019-06-17T04:32:15.782">
  <mem-info id="5282" free="35651584" total="78643200" percent="45">
    <remembered-set count="94208" freebytes="2762368" totalbytes="3139200" percent="87" regionsoverflowed="0" regionsstable="0" regionsrebuilding="17"/>
  </mem-info>
</gc-start>
<gc-end id="5283" type="global mark phase" contextid="5054" durationms="0.095" usertimems="0.000" systemtimems="0.000" timestamp="2019-06-17T04:32:15.782" activeThreads="1">
  <mem-info id="5284" free="35651584" total="78643200" percent="45">
    <remembered-set count="94208" freebytes="2762368" totalbytes="3139200" percent="87" regionsoverflowed="0" regionsstable="0" regionsrebuilding="17"/>
  </mem-info>
</gc-end>
<concurrent-start id="5285" type="GMP work packet processing" contextid="5054" timestamp="2019-06-17T04:32:15.782">
  <concurrent-mark-start scanTarget="1048576" />
</concurrent-start>
<exclusive-end id="5286" timestamp="2019-06-17T04:32:15.782" durationms="0.509" />

<concurrent-end id="5287" type="GMP work packet processing" contextid="5054" timestamp="2019-06-17T04:32:15.783">
  <concurrent-mark-end bytesScanned="140168" reasonForTermination="Completed all work in GC phase" />
</concurrent-end>

<exclusive-start id="5288" timestamp="2019-06-17T04:32:15.792" intervalms="9.695">
  <response-info timems="0.061" idlems="0.061" threads="0" lastid="0000000002320700" lastname="main" />
</exclusive-start>
<allocation-taxation id="5289" taxation-threshold="12582912" timestamp="2019-06-17T04:32:15.792" intervalms="9.688" />
<cycle-start id="5290" type="partial gc" contextid="0" timestamp="2019-06-17T04:32:15.792" intervalms="17.460" />
<gc-start id="5291" type="partial gc" contextid="5290" timestamp="2019-06-17T04:32:15.792">
  <mem-info id="5292" free="23068672" total="78643200" percent="29">
    <mem type="eden" free="1048464" total="26214400" percent="3" />
    <remembered-set count="95392" freebytes="2757632" totalbytes="3139200" percent="87" regionsoverflowed="0" regionsstable="0" regionsrebuilding="17"/>
  </mem-info>
</gc-start>
<allocation-stats totalBytes="25142800" >
  <allocated-bytes non-tlh="0" tlh="25142800" arrayletleaf="0"/>
  <largest-consumer threadName="main" threadId="0000000002320700" bytes="12577264" />
</allocation-stats>
<gc-op id="5293" type="copy forward" timems="3.569" contextid="5290" timestamp="2019-06-17T04:32:15.796">
  <memory-copied type="eden" objects="29" bytes="1040" bytesdiscarded="624" />
  <memory-copied type="other" objects="0" bytes="0" bytesdiscarded="0" />
  <memory-cardclean objects="100" bytes="3664" />
  <regions eden="24" other="1" />
  <remembered-set-cleared processed="92820" cleared="60" durationms="0.319" />
  <stringconstants candidates="13747" cleared="0"  />
</gc-op>
<gc-op id="5294" type="classunload" timems="0.004" contextid="5290" timestamp="2019-06-17T04:32:15.796">
  <classunload-info classloadercandidates="54" classloadersunloaded="0" classesunloaded="0" anonymousclassesunloaded="0" quiescems="0.000" setupms="0.004" scanms="0.000" postms="0.000" />
</gc-op>
<gc-end id="5295" type="partial gc" contextid="5290" durationms="4.540" usertimems="12.000" systemtimems="0.000" timestamp="2019-06-17T04:32:15.797" activeThreads="4">
  <mem-info id="5296" free="48234496" total="78643200" percent="61">
    <mem type="eden" free="1046912" total="1048576" percent="99" />
    <remembered-set count="96160" freebytes="2754560" totalbytes="3139200" percent="87" regionsoverflowed="0" regionsstable="0" regionsrebuilding="17"/>
  </mem-info>
</gc-end>
<cycle-end id="5297" type="partial gc" contextid="5290" timestamp="2019-06-17T04:32:15.797" />
  <attribute name="elasticGC enabled" value="1" />
  <attribute name= "numThreadsSpecified" value="4" />
  <attribute name="heapSize specified" value="0" />
  <attribute name="Current GC Util" value="163" />
  <attribute name= "Current Time Running" value="65230" />
  <attribute name ="GC Interval" value="0" />
  <attribute name="ProportionalT" value="214.500000" />
  <attribute name="ProportionalI" value="214.500000" />
  <attribute name="ProportionalH" value="214.500000" />
  <attribute name="Current Error" value="143.000000" />
  <attribute name="IntegralT" value="143.000000" />
  <attribute name="IntegralI" value="143.000000" />
  <attribute name="IntegralH" value="143.000000" />
  <attribute name="DerivativeT" value="214.500000" />
  <attribute name="DerivativeI" value="214.500000" />
  <attribute name="DerivativeH" value="214.500000" />
  <attribute name="Loop Time for DT" value="1.000000" />
  <attribute name="Output H" value="8388608"/>
  <attribute name="Output I" value="576"/>
  <attribute name="Output T" value="4"/>
  <attribute name="Target GC Util Change" value ="20.000000" />
  <attribute name="Current GC Util Change" value="163.000000"/>
  <attribute name="GC Util currently" value="163" />
  <attribute name="CPU Util currently" value="14841409298690" />
<exclusive-end id="5298" timestamp="2019-06-17T04:32:15.797" durationms="5.225" />

<exclusive-start id="5299" timestamp="2019-06-17T04:32:15.808" intervalms="16.184">
  <response-info timems="0.076" idlems="0.076" threads="0" lastid="0000000002320700" lastname="main" />
</exclusive-start>
<allocation-taxation id="5300" taxation-threshold="12582912" timestamp="2019-06-17T04:32:15.808" intervalms="16.123" />
<gc-start id="5301" type="global mark phase" contextid="5054" timestamp="2019-06-17T04:32:15.808">
  <mem-info id="5302" free="35651584" total="78643200" percent="45">
    <remembered-set count="95680" freebytes="2756480" totalbytes="3139200" percent="87" regionsoverflowed="0" regionsstable="0" regionsrebuilding="17"/>
  </mem-info>
</gc-start>
<gc-op id="5303" type="mark increment" timems="5.420" contextid="5054" timestamp="2019-06-17T04:32:15.814">
  <trace-info objectcount="1280" scancount="1272" scanbytes="278960" />
  <cardclean-info objects="216966" bytes="6046360" />
  <finalization candidates="79" enqueued="0" />
  <ownableSynchronizers candidates="23" cleared="0" />
  <references type="soft" candidates="3679" cleared="3" enqueued="3" dynamicThreshold="19" maxThreshold="32" />
  <references type="weak" candidates="5744" cleared="0" enqueued="0" />
  <references type="phantom" candidates="100" cleared="0" enqueued="0" />
  <stringconstants candidates="13747" cleared="0"  />
</gc-op>
<gc-op id="5304" type="classunload" timems="0.005" contextid="5054" timestamp="2019-06-17T04:32:15.814">
  <classunload-info classloadercandidates="54" classloadersunloaded="0" classesunloaded="0" anonymousclassesunloaded="0" quiescems="0.000" setupms="0.005" scanms="0.000" postms="0.000" />
</gc-op>
<gc-end id="5305" type="global mark phase" contextid="5054" durationms="5.809" usertimems="8.000" systemtimems="8.000" timestamp="2019-06-17T04:32:15.814" activeThreads="4">
  <mem-info id="5306" free="35651584" total="78643200" percent="45">
    <pending-finalizers system="0" default="0" reference="3" classloader="0" />
    <remembered-set count="126400" freebytes="2633600" totalbytes="3139200" percent="83" regionsoverflowed="0" regionsstable="0" regionsrebuilding="0"/>
  </mem-info>
</gc-end>
<cycle-end id="5307" type="global mark phase" contextid="5054" timestamp="2019-06-17T04:32:15.814" />
  <attribute name="elasticGC enabled" value="1" />
  <attribute name= "numThreadsSpecified" value="4" />
  <attribute name="heapSize specified" value="0" />
  <attribute name="Current GC Util" value="105" />
  <attribute name= "Current Time Running" value="65249" />
  <attribute name ="GC Interval" value="0" />
  <attribute name="ProportionalT" value="127.500000" />
  <attribute name="ProportionalI" value="127.500000" />
  <attribute name="ProportionalH" value="127.500000" />
  <attribute name="Current Error" value="85.000000" />
  <attribute name="IntegralT" value="0.000000" />
  <attribute name="IntegralI" value="0.000000" />
  <attribute name="IntegralH" value="0.000000" />
  <attribute name="DerivativeT" value="-inf" />
  <attribute name="DerivativeI" value="-inf" />
  <attribute name="DerivativeH" value="-inf" />
  <attribute name="Loop Time for DT" value="0.000000" />
  <attribute name="Output H" value="2091843584"/>
  <attribute name="Output I" value="200"/>
  <attribute name="Output T" value="4"/>
  <attribute name="Target GC Util Change" value ="20.000000" />
  <attribute name="Current GC Util Change" value="105.000000"/>
  <attribute name="GC Util currently" value="105" />
  <attribute name="CPU Util currently" value="16409182766576" />
<exclusive-end id="5308" timestamp="2019-06-17T04:32:15.814" durationms="6.274" />

<exclusive-start id="5309" timestamp="2019-06-17T04:32:15.830" intervalms="21.764">
  <response-info timems="0.080" idlems="0.080" threads="0" lastid="0000000002320700" lastname="main" />
</exclusive-start>
<allocation-taxation id="5310" taxation-threshold="12582912" timestamp="2019-06-17T04:32:15.830" intervalms="21.848" />
<cycle-start id="5311" type="partial gc" contextid="0" timestamp="2019-06-17T04:32:15.830" intervalms="38.029" />
<gc-start id="5312" type="partial gc" contextid="5311" timestamp="2019-06-17T04:32:15.830">
  <mem-info id="5313" free="23068672" total="78643200" percent="29">
    <mem type="eden" free="0" total="25165824" percent="0" />
    <remembered-set count="73760" freebytes="2844160" totalbytes="3139200" percent="90" regionsoverflowed="0" regionsstable="12" regionsrebuilding="0"/>
  </mem-info>
</gc-start>
<allocation-stats totalBytes="25164088" >
  <allocated-bytes non-tlh="0" tlh="25164088" arrayletleaf="0"/>
  <largest-consumer threadName="main" threadId="0000000002320700" bytes="12581680" />
</allocation-stats>
<gc-op id="5314" type="sweep" timems="0.811" contextid="5311" timestamp="2019-06-17T04:32:15.831" />
<gc-op id="5315" type="copy forward" timems="1.270" contextid="5311" timestamp="2019-06-17T04:32:15.833">
  <memory-copied type="eden" objects="23" bytes="736" bytesdiscarded="0" />
  <memory-copied type="other" objects="13" bytes="512" bytesdiscarded="0" />
  <memory-cardclean objects="137" bytes="4408" />
  <regions eden="12" other="2" />
  <remembered-set-cleared processed="72207" cleared="84" durationms="0.543" />
  <stringconstants candidates="13747" cleared="0"  />
</gc-op>
<gc-op id="5316" type="classunload" timems="0.003" contextid="5311" timestamp="2019-06-17T04:32:15.833">
  <classunload-info classloadercandidates="54" classloadersunloaded="0" classesunloaded="0" anonymousclassesunloaded="0" quiescems="0.000" setupms="0.003" scanms="0.000" postms="0.000" />
</gc-op>
<gc-end id="5317" type="partial gc" contextid="5311" durationms="3.128" usertimems="4.000" systemtimems="0.000" timestamp="2019-06-17T04:32:15.833" activeThreads="1">
  <mem-info id="5318" free="47185920" total="78643200" percent="60">
    <mem type="eden" free="1047840" total="1048576" percent="99" />
    <remembered-set count="73632" freebytes="2844672" totalbytes="3139200" percent="90" regionsoverflowed="0" regionsstable="12" regionsrebuilding="0"/>
  </mem-info>
</gc-end>
<cycle-end id="5319" type="partial gc" contextid="5311" timestamp="2019-06-17T04:32:15.833" />
  <attribute name="elasticGC enabled" value="1" />
  <attribute name= "numThreadsSpecified" value="1" />
  <attribute name="heapSize specified" value="0" />
  <attribute name="Current GC Util" value="56" />
  <attribute name= "Current Time Running" value="65268" />
  <attribute name ="GC Interval" value="0" />
  <attribute name="ProportionalT" value="54.000000" />
  <attribute name="ProportionalI" value="54.000000" />
  <attribute name="ProportionalH" value="54.000000" />
  <attribute name="Current Error" value="36.000000" />
  <attribute name="IntegralT" value="0.000000" />
  <attribute name="IntegralI" value="0.000000" />
  <attribute name="IntegralH" value="0.000000" />
  <attribute name="DerivativeT" value="inf" />
  <attribute name="DerivativeI" value="inf" />
  <attribute name="DerivativeH" value="inf" />
  <attribute name="Loop Time for DT" value="0.000000" />
  <attribute name="Output H" value="8388608"/>
  <attribute name="Output I" value="200"/>
  <attribute name="Output T" value="1"/>
  <attribute name="Target GC Util Change" value ="20.000000" />
  <attribute name="Current GC Util Change" value="56.000000"/>
  <attribute name="GC Util currently" value="56" />
  <attribute name="CPU Util currently" value="22228634823036" />
<exclusive-end id="5320" timestamp="2019-06-17T04:32:15.833" durationms="3.912" />

<exclusive-start id="5321" timestamp="2019-06-17T04:32:16.015" intervalms="185.263">
  <response-info timems="0.082" idlems="0.082" threads="0" lastid="0000000002320700" lastname="main" />
</exclusive-start>
<allocation-taxation id="5322" taxation-threshold="26214400" timestamp="2019-06-17T04:32:16.015" intervalms="185.366" />
<cycle-start id="5323" type="partial gc" contextid="0" timestamp="2019-06-17T04:32:16.015" intervalms="185.418" />
<gc-start id="5324" type="partial gc" contextid="5323" timestamp="2019-06-17T04:32:16.016">
  <mem-info id="5325" free="20971520" total="78643200" percent="26">
    <mem type="eden" free="0" total="26214400" percent="0" />
    <remembered-set count="73280" freebytes="2846080" totalbytes="3139200" percent="90" regionsoverflowed="0" regionsstable="12" regionsrebuilding="0"/>
  </mem-info>
</gc-start>
<allocation-stats totalBytes="26202776" >
  <allocated-bytes non-tlh="0" tlh="26202776" arrayletleaf="0"/>
  <largest-consumer threadName="main" threadId="0000000002320700" bytes="26202776" />
</allocation-stats>
<gc-op id="5326" type="copy forward" timems="3.759" contextid="5323" timestamp="2019-06-17T04:32:16.020">
  <memory-copied type="eden" objects="68" bytes="2904" bytesdiscarded="0" />
  <memory-copied type="other" objects="22361" bytes="761536" bytesdiscarded="0" />
  <memory-cardclean objects="4225" bytes="259680" />
  <regions eden="25" other="6" />
  <remembered-set-cleared processed="71905" cleared="3381" durationms="0.522" />
  <references type="soft" candidates="9" cleared="0" enqueued="0" dynamicThreshold="19" maxThreshold="32" />
  <references type="weak" candidates="185" cleared="0" enqueued="0" />
  <stringconstants candidates="13747" cleared="0"  />
</gc-op>
<gc-op id="5327" type="classunload" timems="0.005" contextid="5323" timestamp="2019-06-17T04:32:16.020">
  <classunload-info classloadercandidates="54" classloadersunloaded="0" classesunloaded="0" anonymousclassesunloaded="0" quiescems="0.000" setupms="0.004" scanms="0.000" postms="0.000" />
</gc-op>
<heap-resize id="5328" type="contract" space="default" amount="3145728" count="1" timems="0.298" reason="excess free space following gc" timestamp="2019-06-17T04:32:16.021" />
<gc-end id="5329" type="partial gc" contextid="5323" durationms="5.501" usertimems="8.000" systemtimems="0.000" timestamp="2019-06-17T04:32:16.021" activeThreads="1">
  <mem-info id="5330" free="46137344" total="75497472" percent="61">
    <mem type="eden" free="1045672" total="1048576" percent="99" />
    <remembered-set count="70976" freebytes="2855296" totalbytes="3139200" percent="90" regionsoverflowed="0" regionsstable="12" regionsrebuilding="0"/>
  </mem-info>
</gc-end>
<cycle-end id="5331" type="partial gc" contextid="5323" timestamp="2019-06-17T04:32:16.021" />
  <attribute name="elasticGC enabled" value="1" />
  <attribute name= "numThreadsSpecified" value="1" />
  <attribute name="heapSize specified" value="0" />
  <attribute name="Current GC Util" value="161" />
  <attribute name= "Current Time Running" value="65453" />
  <attribute name ="GC Interval" value="0" />
  <attribute name="ProportionalT" value="211.500000" />
  <attribute name="ProportionalI" value="211.500000" />
  <attribute name="ProportionalH" value="211.500000" />
  <attribute name="Current Error" value="141.000000" />
  <attribute name="IntegralT" value="0.000000" />
  <attribute name="IntegralI" value="0.000000" />
  <attribute name="IntegralH" value="0.000000" />
  <attribute name="DerivativeT" value="inf" />
  <attribute name="DerivativeI" value="inf" />
  <attribute name="DerivativeH" value="inf" />
  <attribute name="Loop Time for DT" value="0.000000" />
  <attribute name="Output H" value="8388608"/>
  <attribute name="Output I" value="200"/>
  <attribute name="Output T" value="1"/>
  <attribute name="Target GC Util Change" value ="20.000000" />
  <attribute name="Current GC Util Change" value="161.000000"/>
  <attribute name="GC Util currently" value="161" />
  <attribute name="CPU Util currently" value="12269364280494" />
<exclusive-end id="5332" timestamp="2019-06-17T04:32:16.021" durationms="6.648" />

<exclusive-start id="5333" timestamp="2019-06-17T04:32:16.026" intervalms="11.155">
  <response-info timems="0.056" idlems="0.056" threads="0" lastid="0000000002320700" lastname="main" />
</exclusive-start>
<allocation-taxation id="5334" taxation-threshold="12582912" timestamp="2019-06-17T04:32:16.026" intervalms="11.075" />
<cycle-start id="5335" type="global mark phase" contextid="0" timestamp="2019-06-17T04:32:16.026" intervalms="561.701" />
<gc-start id="5336" type="global mark phase" contextid="5335" timestamp="2019-06-17T04:32:16.026">
  <mem-info id="5337" free="33554432" total="75497472" percent="44">
    <remembered-set count="70944" freebytes="2855424" totalbytes="3139200" percent="90" regionsoverflowed="0" regionsstable="12" regionsrebuilding="0"/>
  </mem-info>
</gc-start>
<gc-op id="5338" type="mark increment" timems="0.980" contextid="5335" timestamp="2019-06-17T04:32:16.028">
  <trace-info objectcount="180" scancount="0" scanbytes="0" />
</gc-op>
<gc-end id="5339" type="global mark phase" contextid="5335" durationms="1.124" usertimems="0.000" systemtimems="0.000" timestamp="2019-06-17T04:32:16.028" activeThreads="1">
  <mem-info id="5340" free="33554432" total="75497472" percent="44">
    <remembered-set count="70944" freebytes="2855424" totalbytes="3139200" percent="90" regionsoverflowed="0" regionsstable="0" regionsrebuilding="12"/>
  </mem-info>
</gc-end>
<concurrent-start id="5341" type="GMP work packet processing" contextid="5335" timestamp="2019-06-17T04:32:16.028">
  <concurrent-mark-start scanTarget="1048576" />
</concurrent-start>
<exclusive-end id="5342" timestamp="2019-06-17T04:32:16.028" durationms="1.810" />

<concurrent-end id="5343" type="GMP work packet processing" contextid="5335" timestamp="2019-06-17T04:32:16.030">
  <concurrent-mark-end bytesScanned="1120772" reasonForTermination="Work target met" />
</concurrent-end>

<exclusive-start id="5344" timestamp="2019-06-17T04:32:16.032" intervalms="6.259">
  <response-info timems="0.062" idlems="0.062" threads="0" lastid="0000000002320700" lastname="main" />
</exclusive-start>
<allocation-taxation id="5345" taxation-threshold="12582912" timestamp="2019-06-17T04:32:16.032" intervalms="6.204" />
<cycle-start id="5346" type="partial gc" contextid="0" timestamp="2019-06-17T04:32:16.032" intervalms="17.137" />
<gc-start id="5347" type="partial gc" contextid="5346" timestamp="2019-06-17T04:32:16.033">
  <mem-info id="5348" free="20971520" total="75497472" percent="27">
    <mem type="eden" free="0" total="25165824" percent="0" />
    <remembered-set count="76192" freebytes="2834432" totalbytes="3139200" percent="90" regionsoverflowed="0" regionsstable="0" regionsrebuilding="12"/>
  </mem-info>
</gc-start>
<allocation-stats totalBytes="25071200" >
  <allocated-bytes non-tlh="0" tlh="25071200" arrayletleaf="0"/>
  <largest-consumer threadName="main" threadId="0000000002320700" bytes="12536832" />
</allocation-stats>
<gc-op id="5349" type="copy forward" timems="5.873" contextid="5346" timestamp="2019-06-17T04:32:16.039">
  <memory-copied type="eden" objects="1" bytes="32" bytesdiscarded="0" />
  <memory-copied type="other" objects="32387" bytes="974048" bytesdiscarded="30504" />
  <memory-cardclean objects="94729" bytes="3577648" />
  <regions eden="24" other="4" />
  <remembered-set-cleared processed="56175" cleared="26836" durationms="0.393" />
  <finalization candidates="3" enqueued="0" />
  <references type="soft" candidates="396" cleared="0" enqueued="0" dynamicThreshold="14" maxThreshold="32" />
  <references type="weak" candidates="767" cleared="0" enqueued="0" />
  <references type="phantom" candidates="1" cleared="0" enqueued="0" />
  <stringconstants candidates="13747" cleared="0"  />
</gc-op>
<gc-op id="5350" type="classunload" timems="0.005" contextid="5346" timestamp="2019-06-17T04:32:16.040">
  <classunload-info classloadercandidates="54" classloadersunloaded="0" classesunloaded="0" anonymousclassesunloaded="0" quiescems="0.000" setupms="0.005" scanms="0.000" postms="0.000" />
</gc-op>
<gc-end id="5351" type="partial gc" contextid="5346" durationms="7.195" usertimems="16.000" systemtimems="0.000" timestamp="2019-06-17T04:32:16.040" activeThreads="4">
  <mem-info id="5352" free="46137344" total="75497472" percent="61">
    <mem type="eden" free="1048544" total="1048576" percent="99" />
    <remembered-set count="60128" freebytes="2773120" totalbytes="3013632" percent="92" regionsoverflowed="0" regionsstable="0" regionsrebuilding="12"/>
  </mem-info>
</gc-end>
<cycle-end id="5353" type="partial gc" contextid="5346" timestamp="2019-06-17T04:32:16.040" />
  <attribute name="elasticGC enabled" value="1" />
  <attribute name= "numThreadsSpecified" value="4" />
  <attribute name="heapSize specified" value="0" />
  <attribute name="Current GC Util" value="145" />
  <attribute name= "Current Time Running" value="65471" />
  <attribute name ="GC Interval" value="0" />
  <attribute name="ProportionalT" value="187.500000" />
  <attribute name="ProportionalI" value="187.500000" />
  <attribute name="ProportionalH" value="187.500000" />
  <attribute name="Current Error" value="125.000000" />
  <attribute name="IntegralT" value="125.000000" />
  <attribute name="IntegralI" value="125.000000" />
  <attribute name="IntegralH" value="125.000000" />
  <attribute name="DerivativeT" value="52.500000" />
  <attribute name="DerivativeI" value="52.500000" />
  <attribute name="DerivativeH" value="52.500000" />
  <attribute name="Loop Time for DT" value="1.000000" />
  <attribute name="Output H" value="8388608"/>
  <attribute name="Output I" value="368"/>
  <attribute name="Output T" value="4"/>
  <attribute name="Target GC Util Change" value ="20.000000" />
  <attribute name="Current GC Util Change" value="145.000000"/>
  <attribute name="GC Util currently" value="145" />
  <attribute name="CPU Util currently" value="6961529273797" />
<exclusive-end id="5354" timestamp="2019-06-17T04:32:16.040" durationms="7.935" />

<exclusive-start id="5355" timestamp="2019-06-17T04:32:16.045" intervalms="12.298">
  <response-info timems="0.084" idlems="0.084" threads="0" lastid="0000000002320700" lastname="main" />
</exclusive-start>
<allocation-taxation id="5356" taxation-threshold="12582912" timestamp="2019-06-17T04:32:16.045" intervalms="12.373" />
<gc-start id="5357" type="global mark phase" contextid="5335" timestamp="2019-06-17T04:32:16.045">
  <mem-info id="5358" free="33554432" total="75497472" percent="44">
    <remembered-set count="57568" freebytes="2783360" totalbytes="3013632" percent="92" regionsoverflowed="0" regionsstable="1" regionsrebuilding="12"/>
  </mem-info>
</gc-start>
<gc-end id="5359" type="global mark phase" contextid="5335" durationms="0.129" usertimems="0.000" systemtimems="0.000" timestamp="2019-06-17T04:32:16.045" activeThreads="4">
  <mem-info id="5360" free="33554432" total="75497472" percent="44">
    <remembered-set count="57568" freebytes="2783360" totalbytes="3013632" percent="92" regionsoverflowed="0" regionsstable="1" regionsrebuilding="12"/>
  </mem-info>
</gc-end>
<concurrent-start id="5361" type="GMP work packet processing" contextid="5335" timestamp="2019-06-17T04:32:16.045">
  <concurrent-mark-start scanTarget="1726039" />
</concurrent-start>
<exclusive-end id="5362" timestamp="2019-06-17T04:32:16.045" durationms="0.802" />

<concurrent-end id="5363" type="GMP work packet processing" contextid="5335" timestamp="2019-06-17T04:32:16.047">
  <concurrent-mark-end bytesScanned="1757556" reasonForTermination="Work target met" />
</concurrent-end>

<exclusive-start id="5364" timestamp="2019-06-17T04:32:16.050" intervalms="5.277">
  <response-info timems="0.058" idlems="0.058" threads="0" lastid="0000000002320700" lastname="main" />
</exclusive-start>
<allocation-taxation id="5365" taxation-threshold="12582912" timestamp="2019-06-17T04:32:16.050" intervalms="5.235" />
<cycle-start id="5366" type="partial gc" contextid="0" timestamp="2019-06-17T04:32:16.050" intervalms="17.636" />
<gc-start id="5367" type="partial gc" contextid="5366" timestamp="2019-06-17T04:32:16.050">
  <mem-info id="5368" free="20971520" total="75497472" percent="27">
    <mem type="eden" free="1048544" total="26214400" percent="3" />
    <remembered-set count="65728" freebytes="2750720" totalbytes="3013632" percent="91" regionsoverflowed="0" regionsstable="1" regionsrebuilding="12"/>
  </mem-info>
</gc-start>
<allocation-stats totalBytes="25071200" >
  <allocated-bytes non-tlh="0" tlh="25071200" arrayletleaf="0"/>
  <largest-consumer threadName="main" threadId="0000000002320700" bytes="12536832" />
</allocation-stats>
<gc-op id="5369" type="copy forward" timems="2.341" contextid="5366" timestamp="2019-06-17T04:32:16.054">
  <memory-copied type="eden" objects="1" bytes="32" bytesdiscarded="0" />
  <memory-copied type="other" objects="7" bytes="168" bytesdiscarded="696" />
  <memory-cardclean objects="64" bytes="1832" />
  <regions eden="24" other="2" />
  <remembered-set-cleared processed="63169" cleared="25" durationms="0.307" />
  <stringconstants candidates="13747" cleared="0"  />
</gc-op>
<gc-op id="5370" type="classunload" timems="0.004" contextid="5366" timestamp="2019-06-17T04:32:16.054">
  <classunload-info classloadercandidates="54" classloadersunloaded="0" classesunloaded="0" anonymousclassesunloaded="0" quiescems="0.000" setupms="0.004" scanms="0.000" postms="0.000" />
</gc-op>
<gc-end id="5371" type="partial gc" contextid="5366" durationms="3.546" usertimems="4.000" systemtimems="0.000" timestamp="2019-06-17T04:32:16.054" activeThreads="4">
  <mem-info id="5372" free="46137344" total="75497472" percent="61">
    <mem type="eden" free="1048544" total="1048576" percent="99" />
    <remembered-set count="65536" freebytes="2751488" totalbytes="3013632" percent="91" regionsoverflowed="0" regionsstable="1" regionsrebuilding="12"/>
  </mem-info>
</gc-end>
<cycle-end id="5373" type="partial gc" contextid="5366" timestamp="2019-06-17T04:32:16.054" />
  <attribute name="elasticGC enabled" value="1" />
  <attribute name= "numThreadsSpecified" value="4" />
  <attribute name="heapSize specified" value="0" />
  <attribute name="Current GC Util" value="39" />
  <attribute name= "Current Time Running" value="65488" />
  <attribute name ="GC Interval" value="0" />
  <attribute name="ProportionalT" value="28.500000" />
  <attribute name="ProportionalI" value="28.500000" />
  <attribute name="ProportionalH" value="28.500000" />
  <attribute name="Current Error" value="19.000000" />
  <attribute name="IntegralT" value="0.000000" />
  <attribute name="IntegralI" value="0.000000" />
  <attribute name="IntegralH" value="0.000000" />
  <attribute name="DerivativeT" value="-inf" />
  <attribute name="DerivativeI" value="-inf" />
  <attribute name="DerivativeH" value="-inf" />
  <attribute name="Loop Time for DT" value="0.000000" />
  <attribute name="Output H" value="2091843584"/>
  <attribute name="Output I" value="200"/>
  <attribute name="Output T" value="4"/>
  <attribute name="Target GC Util Change" value ="20.000000" />
  <attribute name="Current GC Util Change" value="39.000000"/>
  <attribute name="GC Util currently" value="39" />
  <attribute name="CPU Util currently" value="15317907931174" />
<exclusive-end id="5374" timestamp="2019-06-17T04:32:16.054" durationms="4.450" />

<exclusive-start id="5375" timestamp="2019-06-17T04:32:16.059" intervalms="8.881">
  <response-info timems="0.077" idlems="0.077" threads="0" lastid="0000000002320700" lastname="main" />
</exclusive-start>
<allocation-taxation id="5376" taxation-threshold="12582912" timestamp="2019-06-17T04:32:16.059" intervalms="8.932" />
<gc-start id="5377" type="global mark phase" contextid="5335" timestamp="2019-06-17T04:32:16.059">
  <mem-info id="5378" free="33554432" total="75497472" percent="44">
    <remembered-set count="65536" freebytes="2751488" totalbytes="3013632" percent="91" regionsoverflowed="0" regionsstable="1" regionsrebuilding="12"/>
  </mem-info>
</gc-start>
<gc-end id="5379" type="global mark phase" contextid="5335" durationms="0.148" usertimems="0.000" systemtimems="0.000" timestamp="2019-06-17T04:32:16.059" activeThreads="4">
  <mem-info id="5380" free="33554432" total="75497472" percent="44">
    <remembered-set count="65536" freebytes="2751488" totalbytes="3013632" percent="91" regionsoverflowed="0" regionsstable="1" regionsrebuilding="12"/>
  </mem-info>
</gc-end>
<concurrent-start id="5381" type="GMP work packet processing" contextid="5335" timestamp="2019-06-17T04:32:16.059">
  <concurrent-mark-start scanTarget="1726039" />
</concurrent-start>
<exclusive-end id="5382" timestamp="2019-06-17T04:32:16.060" durationms="0.865" />

<concurrent-end id="5383" type="GMP work packet processing" contextid="5335" timestamp="2019-06-17T04:32:16.061">
  <concurrent-mark-end bytesScanned="1767712" reasonForTermination="Work target met" />
</concurrent-end>

<exclusive-start id="5384" timestamp="2019-06-17T04:32:16.064" intervalms="5.257">
  <response-info timems="0.025" idlems="0.025" threads="0" lastid="0000000002320700" lastname="main" />
</exclusive-start>
<allocation-taxation id="5385" taxation-threshold="12582912" timestamp="2019-06-17T04:32:16.064" intervalms="5.186" />
<cycle-start id="5386" type="partial gc" contextid="0" timestamp="2019-06-17T04:32:16.064" intervalms="14.137" />
<gc-start id="5387" type="partial gc" contextid="5386" timestamp="2019-06-17T04:32:16.064">
  <mem-info id="5388" free="20971520" total="75497472" percent="27">
    <mem type="eden" free="1048544" total="26214400" percent="3" />
    <remembered-set count="69632" freebytes="2735104" totalbytes="3013632" percent="90" regionsoverflowed="0" regionsstable="1" regionsrebuilding="12"/>
  </mem-info>
</gc-start>
<allocation-stats totalBytes="25079816" >
  <allocated-bytes non-tlh="0" tlh="25079816" arrayletleaf="0"/>
  <largest-consumer threadName="main" threadId="0000000002320700" bytes="12541728" />
</allocation-stats>
<gc-op id="5389" type="copy forward" timems="1.946" contextid="5386" timestamp="2019-06-17T04:32:16.067">
  <memory-copied type="eden" objects="2" bytes="56" bytesdiscarded="0" />
  <memory-copied type="other" objects="8" bytes="208" bytesdiscarded="1392" />
  <memory-cardclean objects="60" bytes="9720" />
  <regions eden="24" other="2" />
  <remembered-set-cleared processed="67349" cleared="28" durationms="0.229" />
  <references type="weak" candidates="2" cleared="0" enqueued="0" />
  <stringconstants candidates="13747" cleared="0"  />
</gc-op>
<gc-op id="5390" type="classunload" timems="0.003" contextid="5386" timestamp="2019-06-17T04:32:16.067">
  <classunload-info classloadercandidates="54" classloadersunloaded="0" classesunloaded="0" anonymousclassesunloaded="0" quiescems="0.000" setupms="0.003" scanms="0.000" postms="0.000" />
</gc-op>
<gc-end id="5391" type="partial gc" contextid="5386" durationms="3.148" usertimems="4.000" systemtimems="0.000" timestamp="2019-06-17T04:32:16.067" activeThreads="4">
  <mem-info id="5392" free="46137344" total="75497472" percent="61">
    <mem type="eden" free="1048520" total="1048576" percent="99" />
    <remembered-set count="70208" freebytes="2732800" totalbytes="3013632" percent="90" regionsoverflowed="0" regionsstable="1" regionsrebuilding="12"/>
  </mem-info>
</gc-end>
<cycle-end id="5393" type="partial gc" contextid="5386" timestamp="2019-06-17T04:32:16.068" />
  <attribute name="elasticGC enabled" value="1" />
  <attribute name= "numThreadsSpecified" value="4" />
  <attribute name="heapSize specified" value="0" />
  <attribute name="Current GC Util" value="50" />
  <attribute name= "Current Time Running" value="65502" />
  <attribute name ="GC Interval" value="0" />
  <attribute name="ProportionalT" value="45.000000" />
  <attribute name="ProportionalI" value="45.000000" />
  <attribute name="ProportionalH" value="45.000000" />
  <attribute name="Current Error" value="30.000000" />
  <attribute name="IntegralT" value="0.000000" />
  <attribute name="IntegralI" value="0.000000" />
  <attribute name="IntegralH" value="0.000000" />
  <attribute name="DerivativeT" value="-inf" />
  <attribute name="DerivativeI" value="-inf" />
  <attribute name="DerivativeH" value="-inf" />
  <attribute name="Loop Time for DT" value="0.000000" />
  <attribute name="Output H" value="2091843584"/>
  <attribute name="Output I" value="200"/>
  <attribute name="Output T" value="4"/>
  <attribute name="Target GC Util Change" value ="20.000000" />
  <attribute name="Current GC Util Change" value="50.000000"/>
  <attribute name="GC Util currently" value="50" />
  <attribute name="CPU Util currently" value="15831777457990" />
<exclusive-end id="5394" timestamp="2019-06-17T04:32:16.068" durationms="3.805" />

<exclusive-start id="5395" timestamp="2019-06-17T04:32:16.072" intervalms="8.189">
  <response-info timems="0.092" idlems="0.092" threads="0" lastid="0000000002320700" lastname="main" />
</exclusive-start>
<allocation-taxation id="5396" taxation-threshold="12582912" timestamp="2019-06-17T04:32:16.072" intervalms="8.240" />
<gc-start id="5397" type="global mark phase" contextid="5335" timestamp="2019-06-17T04:32:16.073">
  <mem-info id="5398" free="33554432" total="75497472" percent="44">
    <remembered-set count="69792" freebytes="2734464" totalbytes="3013632" percent="90" regionsoverflowed="0" regionsstable="1" regionsrebuilding="12"/>
  </mem-info>
</gc-start>
<gc-end id="5399" type="global mark phase" contextid="5335" durationms="0.215" usertimems="0.000" systemtimems="0.000" timestamp="2019-06-17T04:32:16.073" activeThreads="4">
  <mem-info id="5400" free="33554432" total="75497472" percent="44">
    <remembered-set count="69792" freebytes="2734464" totalbytes="3013632" percent="90" regionsoverflowed="0" regionsstable="1" regionsrebuilding="12"/>
  </mem-info>
</gc-end>
<concurrent-start id="5401" type="GMP work packet processing" contextid="5335" timestamp="2019-06-17T04:32:16.073">
  <concurrent-mark-start scanTarget="1726039" />
</concurrent-start>
<exclusive-end id="5402" timestamp="2019-06-17T04:32:16.073" durationms="0.949" />

<concurrent-end id="5403" type="GMP work packet processing" contextid="5335" timestamp="2019-06-17T04:32:16.074">
  <concurrent-mark-end bytesScanned="1783396" reasonForTermination="Work target met" />
</concurrent-end>

<exclusive-start id="5404" timestamp="2019-06-17T04:32:16.077" intervalms="5.346">
  <response-info timems="0.063" idlems="0.063" threads="0" lastid="0000000002320700" lastname="main" />
</exclusive-start>
<allocation-taxation id="5405" taxation-threshold="12582912" timestamp="2019-06-17T04:32:16.078" intervalms="5.340" />
<cycle-start id="5406" type="partial gc" contextid="0" timestamp="2019-06-17T04:32:16.078" intervalms="13.589" />
<gc-start id="5407" type="partial gc" contextid="5406" timestamp="2019-06-17T04:32:16.078">
  <mem-info id="5408" free="20971520" total="75497472" percent="27">
    <mem type="eden" free="1048520" total="26214400" percent="3" />
    <remembered-set count="74944" freebytes="2713856" totalbytes="3013632" percent="90" regionsoverflowed="0" regionsstable="1" regionsrebuilding="12"/>
  </mem-info>
</gc-start>
<allocation-stats totalBytes="25080968" >
  <allocated-bytes non-tlh="0" tlh="25080968" arrayletleaf="0"/>
  <largest-consumer threadName="main" threadId="0000000002320700" bytes="12541728" />
</allocation-stats>
<gc-op id="5409" type="copy forward" timems="1.499" contextid="5406" timestamp="2019-06-17T04:32:16.080">
  <memory-copied type="eden" objects="2" bytes="56" bytesdiscarded="0" />
  <memory-copied type="other" objects="1" bytes="520" bytesdiscarded="0" />
  <memory-cardclean objects="21" bytes="488" />
  <regions eden="24" other="2" />
  <remembered-set-cleared processed="72550" cleared="4" durationms="0.479" />
  <stringconstants candidates="13747" cleared="0"  />
</gc-op>
<gc-op id="5410" type="classunload" timems="0.004" contextid="5406" timestamp="2019-06-17T04:32:16.081">
  <classunload-info classloadercandidates="54" classloadersunloaded="0" classesunloaded="0" anonymousclassesunloaded="0" quiescems="0.000" setupms="0.004" scanms="0.000" postms="0.000" />
</gc-op>
<gc-end id="5411" type="partial gc" contextid="5406" durationms="2.691" usertimems="0.000" systemtimems="0.000" timestamp="2019-06-17T04:32:16.081" activeThreads="1">
  <mem-info id="5412" free="46137344" total="75497472" percent="61">
    <mem type="eden" free="1048520" total="1048576" percent="99" />
    <remembered-set count="75392" freebytes="2712064" totalbytes="3013632" percent="89" regionsoverflowed="0" regionsstable="1" regionsrebuilding="12"/>
  </mem-info>
</gc-end>
<cycle-end id="5413" type="partial gc" contextid="5406" timestamp="2019-06-17T04:32:16.081" />
  <attribute name="elasticGC enabled" value="1" />
  <attribute name= "numThreadsSpecified" value="1" />
  <attribute name="heapSize specified" value="0" />
  <attribute name="Current GC Util" value="66" />
  <attribute name= "Current Time Running" value="65516" />
  <attribute name ="GC Interval" value="0" />
  <attribute name="ProportionalT" value="69.000000" />
  <attribute name="ProportionalI" value="69.000000" />
  <attribute name="ProportionalH" value="69.000000" />
  <attribute name="Current Error" value="46.000000" />
  <attribute name="IntegralT" value="0.000000" />
  <attribute name="IntegralI" value="0.000000" />
  <attribute name="IntegralH" value="0.000000" />
  <attribute name="DerivativeT" value="inf" />
  <attribute name="DerivativeI" value="inf" />
  <attribute name="DerivativeH" value="inf" />
  <attribute name="Loop Time for DT" value="0.000000" />
  <attribute name="Output H" value="8388608"/>
  <attribute name="Output I" value="200"/>
  <attribute name="Output T" value="1"/>
  <attribute name="Target GC Util Change" value ="20.000000" />
  <attribute name="Current GC Util Change" value="66.000000"/>
  <attribute name="GC Util currently" value="66" />
  <attribute name="CPU Util currently" value="18643017491576" />
<exclusive-end id="5414" timestamp="2019-06-17T04:32:16.081" durationms="3.852" />

<exclusive-start id="5415" timestamp="2019-06-17T04:32:16.086" intervalms="8.162">
  <response-info timems="0.081" idlems="0.081" threads="0" lastid="0000000002320700" lastname="main" />
</exclusive-start>
<allocation-taxation id="5416" taxation-threshold="12582912" timestamp="2019-06-17T04:32:16.086" intervalms="8.182" />
<gc-start id="5417" type="global mark phase" contextid="5335" timestamp="2019-06-17T04:32:16.086">
  <mem-info id="5418" free="33554432" total="75497472" percent="44">
    <remembered-set count="74944" freebytes="2713856" totalbytes="3013632" percent="90" regionsoverflowed="0" regionsstable="1" regionsrebuilding="12"/>
  </mem-info>
</gc-start>
<gc-end id="5419" type="global mark phase" contextid="5335" durationms="0.150" usertimems="0.000" systemtimems="0.000" timestamp="2019-06-17T04:32:16.086" activeThreads="1">
  <mem-info id="5420" free="33554432" total="75497472" percent="44">
    <remembered-set count="74944" freebytes="2713856" totalbytes="3013632" percent="90" regionsoverflowed="0" regionsstable="1" regionsrebuilding="12"/>
  </mem-info>
</gc-end>
<concurrent-start id="5421" type="GMP work packet processing" contextid="5335" timestamp="2019-06-17T04:32:16.086">
  <concurrent-mark-start scanTarget="1048576" />
</concurrent-start>
<exclusive-end id="5422" timestamp="2019-06-17T04:32:16.087" durationms="0.873" />

<concurrent-end id="5423" type="GMP work packet processing" contextid="5335" timestamp="2019-06-17T04:32:16.088">
  <concurrent-mark-end bytesScanned="1102052" reasonForTermination="Work target met" />
</concurrent-end>

<exclusive-start id="5424" timestamp="2019-06-17T04:32:16.091" intervalms="5.353">
  <response-info timems="0.048" idlems="0.048" threads="0" lastid="0000000002320700" lastname="main" />
</exclusive-start>
<allocation-taxation id="5425" taxation-threshold="12582912" timestamp="2019-06-17T04:32:16.091" intervalms="5.292" />
<cycle-start id="5426" type="partial gc" contextid="0" timestamp="2019-06-17T04:32:16.091" intervalms="13.532" />
<gc-start id="5427" type="partial gc" contextid="5426" timestamp="2019-06-17T04:32:16.092">
  <mem-info id="5428" free="20971520" total="75497472" percent="27">
    <mem type="eden" free="1048520" total="26214400" percent="3" />
    <remembered-set count="76544" freebytes="2707456" totalbytes="3013632" percent="89" regionsoverflowed="0" regionsstable="1" regionsrebuilding="12"/>
  </mem-info>
</gc-start>
<allocation-stats totalBytes="25080968" >
  <allocated-bytes non-tlh="0" tlh="25080968" arrayletleaf="0"/>
  <largest-consumer threadName="main" threadId="0000000002320700" bytes="12541728" />
</allocation-stats>
<gc-op id="5429" type="copy forward" timems="1.667" contextid="5426" timestamp="2019-06-17T04:32:16.094">
  <memory-copied type="eden" objects="2" bytes="56" bytesdiscarded="0" />
  <memory-copied type="other" objects="6" bytes="144" bytesdiscarded="0" />
  <memory-cardclean objects="52" bytes="1328" />
  <regions eden="24" other="2" />
  <remembered-set-cleared processed="74129" cleared="44" durationms="0.494" />
  <stringconstants candidates="13747" cleared="0"  />
</gc-op>
<gc-op id="5430" type="classunload" timems="0.005" contextid="5426" timestamp="2019-06-17T04:32:16.094">
  <classunload-info classloadercandidates="54" classloadersunloaded="0" classesunloaded="0" anonymousclassesunloaded="0" quiescems="0.000" setupms="0.004" scanms="0.000" postms="0.000" />
</gc-op>
<gc-end id="5431" type="partial gc" contextid="5426" durationms="3.041" usertimems="0.000" systemtimems="0.000" timestamp="2019-06-17T04:32:16.095" activeThreads="1">
  <mem-info id="5432" free="46137344" total="75497472" percent="61">
    <mem type="eden" free="1048520" total="1048576" percent="99" />
    <remembered-set count="76704" freebytes="2706816" totalbytes="3013632" percent="89" regionsoverflowed="0" regionsstable="1" regionsrebuilding="12"/>
  </mem-info>
</gc-end>
<cycle-end id="5433" type="partial gc" contextid="5426" timestamp="2019-06-17T04:32:16.095" />
  <attribute name="elasticGC enabled" value="1" />
  <attribute name= "numThreadsSpecified" value="1" />
  <attribute name="heapSize specified" value="0" />
  <attribute name="Current GC Util" value="148" />
  <attribute name= "Current Time Running" value="65529" />
  <attribute name ="GC Interval" value="0" />
  <attribute name="ProportionalT" value="192.000000" />
  <attribute name="ProportionalI" value="192.000000" />
  <attribute name="ProportionalH" value="192.000000" />
  <attribute name="Current Error" value="128.000000" />
  <attribute name="IntegralT" value="0.000000" />
  <attribute name="IntegralI" value="0.000000" />
  <attribute name="IntegralH" value="0.000000" />
  <attribute name="DerivativeT" value="inf" />
  <attribute name="DerivativeI" value="inf" />
  <attribute name="DerivativeH" value="inf" />
  <attribute name="Loop Time for DT" value="0.000000" />
  <attribute name="Output H" value="8388608"/>
  <attribute name="Output I" value="200"/>
  <attribute name="Output T" value="1"/>
  <attribute name="Target GC Util Change" value ="20.000000" />
  <attribute name="Current GC Util Change" value="148.000000"/>
  <attribute name="GC Util currently" value="148" />
  <attribute name="CPU Util currently" value="12404908370950" />
<exclusive-end id="5434" timestamp="2019-06-17T04:32:16.095" durationms="4.050" />

<exclusive-start id="5435" timestamp="2019-06-17T04:32:16.099" intervalms="8.407">
  <response-info timems="0.075" idlems="0.075" threads="0" lastid="0000000002320700" lastname="main" />
</exclusive-start>
<allocation-taxation id="5436" taxation-threshold="12582912" timestamp="2019-06-17T04:32:16.100" intervalms="8.459" />
<gc-start id="5437" type="global mark phase" contextid="5335" timestamp="2019-06-17T04:32:16.100">
  <mem-info id="5438" free="33554432" total="75497472" percent="44">
    <remembered-set count="76384" freebytes="2708096" totalbytes="3013632" percent="89" regionsoverflowed="0" regionsstable="1" regionsrebuilding="12"/>
  </mem-info>
</gc-start>
<gc-end id="5439" type="global mark phase" contextid="5335" durationms="0.205" usertimems="0.000" systemtimems="0.000" timestamp="2019-06-17T04:32:16.100" activeThreads="1">
  <mem-info id="5440" free="33554432" total="75497472" percent="44">
    <remembered-set count="76384" freebytes="2708096" totalbytes="3013632" percent="89" regionsoverflowed="0" regionsstable="1" regionsrebuilding="12"/>
  </mem-info>
</gc-end>
<concurrent-start id="5441" type="GMP work packet processing" contextid="5335" timestamp="2019-06-17T04:32:16.100">
  <concurrent-mark-start scanTarget="1048576" />
</concurrent-start>
<exclusive-end id="5442" timestamp="2019-06-17T04:32:16.100" durationms="0.881" />

<concurrent-end id="5443" type="GMP work packet processing" contextid="5335" timestamp="2019-06-17T04:32:16.101">
  <concurrent-mark-end bytesScanned="1099408" reasonForTermination="Work target met" />
</concurrent-end>

<exclusive-start id="5444" timestamp="2019-06-17T04:32:16.105" intervalms="5.338">
  <response-info timems="0.025" idlems="0.025" threads="0" lastid="0000000002320700" lastname="main" />
</exclusive-start>
<allocation-taxation id="5445" taxation-threshold="12582912" timestamp="2019-06-17T04:32:16.105" intervalms="5.254" />
<cycle-start id="5446" type="partial gc" contextid="0" timestamp="2019-06-17T04:32:16.105" intervalms="13.613" />
<gc-start id="5447" type="partial gc" contextid="5446" timestamp="2019-06-17T04:32:16.105">
  <mem-info id="5448" free="20971520" total="75497472" percent="27">
    <mem type="eden" free="1048520" total="26214400" percent="3" />
    <remembered-set count="78432" freebytes="2699904" totalbytes="3013632" percent="89" regionsoverflowed="0" regionsstable="1" regionsrebuilding="12"/>
  </mem-info>
</gc-start>
<allocation-stats totalBytes="25080968" >
  <allocated-bytes non-tlh="0" tlh="25080968" arrayletleaf="0"/>
  <largest-consumer threadName="main" threadId="0000000002320700" bytes="12541728" />
</allocation-stats>
<gc-op id="5449" type="copy forward" timems="3.486" contextid="5446" timestamp="2019-06-17T04:32:16.109">
  <memory-copied type="eden" objects="2" bytes="56" bytesdiscarded="0" />
  <memory-copied type="other" objects="0" bytes="0" bytesdiscarded="0" />
  <memory-cardclean objects="18" bytes="416" />
  <regions eden="24" other="1" />
  <remembered-set-cleared processed="75708" cleared="4" durationms="0.267" />
  <stringconstants candidates="13747" cleared="0"  />
</gc-op>
<gc-op id="5450" type="classunload" timems="0.004" contextid="5446" timestamp="2019-06-17T04:32:16.109">
  <classunload-info classloadercandidates="54" classloadersunloaded="0" classesunloaded="0" anonymousclassesunloaded="0" quiescems="0.000" setupms="0.004" scanms="0.000" postms="0.000" />
</gc-op>
<gc-end id="5451" type="partial gc" contextid="5446" durationms="4.536" usertimems="12.000" systemtimems="0.000" timestamp="2019-06-17T04:32:16.110" activeThreads="4">
  <mem-info id="5452" free="46137344" total="75497472" percent="61">
    <mem type="eden" free="1048520" total="1048576" percent="99" />
    <remembered-set count="77664" freebytes="2702976" totalbytes="3013632" percent="89" regionsoverflowed="0" regionsstable="1" regionsrebuilding="12"/>
  </mem-info>
</gc-end>
<cycle-end id="5453" type="partial gc" contextid="5446" timestamp="2019-06-17T04:32:16.110" />
  <attribute name="elasticGC enabled" value="1" />
  <attribute name= "numThreadsSpecified" value="4" />
  <attribute name="heapSize specified" value="0" />
  <attribute name="Current GC Util" value="164" />
  <attribute name= "Current Time Running" value="65543" />
  <attribute name ="GC Interval" value="0" />
  <attribute name="ProportionalT" value="216.000000" />
  <attribute name="ProportionalI" value="216.000000" />
  <attribute name="ProportionalH" value="216.000000" />
  <attribute name="Current Error" value="144.000000" />
  <attribute name="IntegralT" value="144.000000" />
  <attribute name="IntegralI" value="144.000000" />
  <attribute name="IntegralH" value="144.000000" />
  <attribute name="DerivativeT" value="145.500000" />
  <attribute name="DerivativeI" value="145.500000" />
  <attribute name="DerivativeH" value="145.500000" />
  <attribute name="Loop Time for DT" value="1.000000" />
  <attribute name="Output H" value="8388608"/>
  <attribute name="Output I" value="512"/>
  <attribute name="Output T" value="4"/>
  <attribute name="Target GC Util Change" value ="20.000000" />
  <attribute name="Current GC Util Change" value="164.000000"/>
  <attribute name="GC Util currently" value="164" />
  <attribute name="CPU Util currently" value="12358302495003" />
<exclusive-end id="5454" timestamp="2019-06-17T04:32:16.110" durationms="5.135" />

<exclusive-start id="5455" timestamp="2019-06-17T04:32:16.114" intervalms="9.489">
  <response-info timems="0.090" idlems="0.090" threads="0" lastid="0000000002320700" lastname="main" />
</exclusive-start>
<allocation-taxation id="5456" taxation-threshold="12582912" timestamp="2019-06-17T04:32:16.114" intervalms="9.572" />
<gc-start id="5457" type="global mark phase" contextid="5335" timestamp="2019-06-17T04:32:16.115">
  <mem-info id="5458" free="33554432" total="75497472" percent="44">
    <remembered-set count="77664" freebytes="2702976" totalbytes="3013632" percent="89" regionsoverflowed="0" regionsstable="1" regionsrebuilding="12"/>
  </mem-info>
</gc-start>
<gc-end id="5459" type="global mark phase" contextid="5335" durationms="0.151" usertimems="0.000" systemtimems="0.000" timestamp="2019-06-17T04:32:16.115" activeThreads="4">
  <mem-info id="5460" free="33554432" total="75497472" percent="44">
    <remembered-set count="77664" freebytes="2702976" totalbytes="3013632" percent="89" regionsoverflowed="0" regionsstable="1" regionsrebuilding="12"/>
  </mem-info>
</gc-end>
<concurrent-start id="5461" type="GMP work packet processing" contextid="5335" timestamp="2019-06-17T04:32:16.115">
  <concurrent-mark-start scanTarget="1726039" />
</concurrent-start>
<exclusive-end id="5462" timestamp="2019-06-17T04:32:16.115" durationms="0.842" />

<concurrent-end id="5463" type="GMP work packet processing" contextid="5335" timestamp="2019-06-17T04:32:16.116">
  <concurrent-mark-end bytesScanned="1771892" reasonForTermination="Work target met" />
</concurrent-end>

<exclusive-start id="5464" timestamp="2019-06-17T04:32:16.119" intervalms="5.206">
  <response-info timems="0.067" idlems="0.067" threads="0" lastid="0000000002320700" lastname="main" />
</exclusive-start>
<allocation-taxation id="5465" taxation-threshold="12582912" timestamp="2019-06-17T04:32:16.120" intervalms="5.211" />
<cycle-start id="5466" type="partial gc" contextid="0" timestamp="2019-06-17T04:32:16.120" intervalms="14.910" />
<gc-start id="5467" type="partial gc" contextid="5466" timestamp="2019-06-17T04:32:16.120">
  <mem-info id="5468" free="20971520" total="75497472" percent="27">
    <mem type="eden" free="1048520" total="26214400" percent="3" />
    <remembered-set count="82272" freebytes="2684544" totalbytes="3013632" percent="89" regionsoverflowed="0" regionsstable="1" regionsrebuilding="12"/>
  </mem-info>
</gc-start>
<allocation-stats totalBytes="25080968" >
  <allocated-bytes non-tlh="0" tlh="25080968" arrayletleaf="0"/>
  <largest-consumer threadName="main" threadId="0000000002320700" bytes="12541728" />
</allocation-stats>
<gc-op id="5469" type="copy forward" timems="2.282" contextid="5466" timestamp="2019-06-17T04:32:16.123">
  <memory-copied type="eden" objects="2" bytes="56" bytesdiscarded="0" />
  <memory-copied type="other" objects="0" bytes="0" bytesdiscarded="0" />
  <memory-cardclean objects="18" bytes="416" />
  <regions eden="24" other="1" />
  <remembered-set-cleared processed="79926" cleared="3" durationms="0.307" />
  <stringconstants candidates="13747" cleared="0"  />
</gc-op>
<gc-op id="5470" type="classunload" timems="0.004" contextid="5466" timestamp="2019-06-17T04:32:16.123">
  <classunload-info classloadercandidates="54" classloadersunloaded="0" classesunloaded="0" anonymousclassesunloaded="0" quiescems="0.000" setupms="0.004" scanms="0.000" postms="0.000" />
</gc-op>
<gc-end id="5471" type="partial gc" contextid="5466" durationms="3.366" usertimems="8.000" systemtimems="0.000" timestamp="2019-06-17T04:32:16.123" activeThreads="4">
  <mem-info id="5472" free="46137344" total="75497472" percent="61">
    <mem type="eden" free="1048520" total="1048576" percent="99" />
    <remembered-set count="81824" freebytes="2686336" totalbytes="3013632" percent="89" regionsoverflowed="0" regionsstable="1" regionsrebuilding="12"/>
  </mem-info>
</gc-end>
<cycle-end id="5473" type="partial gc" contextid="5466" timestamp="2019-06-17T04:32:16.124" />
  <attribute name="elasticGC enabled" value="1" />
  <attribute name= "numThreadsSpecified" value="4" />
  <attribute name="heapSize specified" value="0" />
  <attribute name="Current GC Util" value="136" />
  <attribute name= "Current Time Running" value="65558" />
  <attribute name ="GC Interval" value="0" />
  <attribute name="ProportionalT" value="174.000000" />
  <attribute name="ProportionalI" value="174.000000" />
  <attribute name="ProportionalH" value="174.000000" />
  <attribute name="Current Error" value="116.000000" />
  <attribute name="IntegralT" value="116.000000" />
  <attribute name="IntegralI" value="116.000000" />
  <attribute name="IntegralH" value="116.000000" />
  <attribute name="DerivativeT" value="106.500000" />
  <attribute name="DerivativeI" value="106.500000" />
  <attribute name="DerivativeH" value="106.500000" />
  <attribute name="Loop Time for DT" value="1.000000" />
  <attribute name="Output H" value="8388608"/>
  <attribute name="Output I" value="400"/>
  <attribute name="Output T" value="4"/>
  <attribute name="Target GC Util Change" value ="20.000000" />
  <attribute name="Current GC Util Change" value="136.000000"/>
  <attribute name="GC Util currently" value="136" />
  <attribute name="CPU Util currently" value="13492115264820" />
<exclusive-end id="5474" timestamp="2019-06-17T04:32:16.124" durationms="4.392" />

<exclusive-start id="5475" timestamp="2019-06-17T04:32:16.128" intervalms="8.788">
  <response-info timems="0.075" idlems="0.075" threads="0" lastid="0000000002320700" lastname="main" />
</exclusive-start>
<allocation-taxation id="5476" taxation-threshold="12582912" timestamp="2019-06-17T04:32:16.128" intervalms="8.786" />
<gc-start id="5477" type="global mark phase" contextid="5335" timestamp="2019-06-17T04:32:16.129">
  <mem-info id="5478" free="33554432" total="75497472" percent="44">
    <remembered-set count="81824" freebytes="2686336" totalbytes="3013632" percent="89" regionsoverflowed="0" regionsstable="1" regionsrebuilding="12"/>
  </mem-info>
</gc-start>
<gc-end id="5479" type="global mark phase" contextid="5335" durationms="0.151" usertimems="0.000" systemtimems="0.000" timestamp="2019-06-17T04:32:16.129" activeThreads="4">
  <mem-info id="5480" free="33554432" total="75497472" percent="44">
    <remembered-set count="81824" freebytes="2686336" totalbytes="3013632" percent="89" regionsoverflowed="0" regionsstable="1" regionsrebuilding="12"/>
  </mem-info>
</gc-end>
<concurrent-start id="5481" type="GMP work packet processing" contextid="5335" timestamp="2019-06-17T04:32:16.129">
  <concurrent-mark-start scanTarget="1726039" />
</concurrent-start>
<exclusive-end id="5482" timestamp="2019-06-17T04:32:16.129" durationms="0.837" />

<concurrent-end id="5483" type="GMP work packet processing" contextid="5335" timestamp="2019-06-17T04:32:16.130">
  <concurrent-mark-end bytesScanned="1777120" reasonForTermination="Work target met" />
</concurrent-end>

<exclusive-start id="5484" timestamp="2019-06-17T04:32:16.133" intervalms="5.132">
  <response-info timems="0.056" idlems="0.056" threads="0" lastid="0000000002320700" lastname="main" />
</exclusive-start>
<allocation-taxation id="5485" taxation-threshold="12582912" timestamp="2019-06-17T04:32:16.133" intervalms="5.089" />
<cycle-start id="5486" type="partial gc" contextid="0" timestamp="2019-06-17T04:32:16.134" intervalms="13.764" />
<gc-start id="5487" type="partial gc" contextid="5486" timestamp="2019-06-17T04:32:16.134">
  <mem-info id="5488" free="20971520" total="75497472" percent="27">
    <mem type="eden" free="1048520" total="26214400" percent="3" />
    <remembered-set count="90016" freebytes="2653568" totalbytes="3013632" percent="88" regionsoverflowed="0" regionsstable="1" regionsrebuilding="12"/>
  </mem-info>
</gc-start>
<allocation-stats totalBytes="25080968" >
  <allocated-bytes non-tlh="0" tlh="25080968" arrayletleaf="0"/>
  <largest-consumer threadName="main" threadId="0000000002320700" bytes="12541728" />
</allocation-stats>
<gc-op id="5489" type="copy forward" timems="2.270" contextid="5486" timestamp="2019-06-17T04:32:16.137">
  <memory-copied type="eden" objects="2" bytes="56" bytesdiscarded="0" />
  <memory-copied type="other" objects="0" bytes="0" bytesdiscarded="0" />
  <memory-cardclean objects="18" bytes="416" />
  <regions eden="24" other="1" />
  <remembered-set-cleared processed="87137" cleared="3" durationms="0.267" />
  <stringconstants candidates="13747" cleared="0"  />
</gc-op>
<gc-op id="5490" type="classunload" timems="0.004" contextid="5486" timestamp="2019-06-17T04:32:16.137">
  <classunload-info classloadercandidates="54" classloadersunloaded="0" classesunloaded="0" anonymousclassesunloaded="0" quiescems="0.000" setupms="0.003" scanms="0.000" postms="0.000" />
</gc-op>
<gc-end id="5491" type="partial gc" contextid="5486" durationms="3.237" usertimems="0.000" systemtimems="4.000" timestamp="2019-06-17T04:32:16.137" activeThreads="4">
  <mem-info id="5492" free="46137344" total="75497472" percent="61">
    <mem type="eden" free="1048520" total="1048576" percent="99" />
    <remembered-set count="89120" freebytes="2657152" totalbytes="3013632" percent="88" regionsoverflowed="0" regionsstable="1" regionsrebuilding="12"/>
  </mem-info>
</gc-end>
<cycle-end id="5493" type="partial gc" contextid="5486" timestamp="2019-06-17T04:32:16.137" />
  <attribute name="elasticGC enabled" value="1" />
  <attribute name= "numThreadsSpecified" value="4" />
  <attribute name="heapSize specified" value="0" />
  <attribute name="Current GC Util" value="50" />
  <attribute name= "Current Time Running" value="65571" />
  <attribute name ="GC Interval" value="0" />
  <attribute name="ProportionalT" value="45.000000" />
  <attribute name="ProportionalI" value="45.000000" />
  <attribute name="ProportionalH" value="45.000000" />
  <attribute name="Current Error" value="30.000000" />
  <attribute name="IntegralT" value="0.000000" />
  <attribute name="IntegralI" value="0.000000" />
  <attribute name="IntegralH" value="0.000000" />
  <attribute name="DerivativeT" value="-inf" />
  <attribute name="DerivativeI" value="-inf" />
  <attribute name="DerivativeH" value="-inf" />
  <attribute name="Loop Time for DT" value="0.000000" />
  <attribute name="Output H" value="2091843584"/>
  <attribute name="Output I" value="200"/>
  <attribute name="Output T" value="4"/>
  <attribute name="Target GC Util Change" value ="20.000000" />
  <attribute name="Current GC Util Change" value="50.000000"/>
  <attribute name="GC Util currently" value="50" />
  <attribute name="CPU Util currently" value="16519570683960" />
<exclusive-end id="5494" timestamp="2019-06-17T04:32:16.137" durationms="3.879" />

<exclusive-start id="5495" timestamp="2019-06-17T04:32:16.142" intervalms="8.311">
  <response-info timems="0.074" idlems="0.074" threads="0" lastid="0000000002320700" lastname="main" />
</exclusive-start>
<allocation-taxation id="5496" taxation-threshold="12582912" timestamp="2019-06-17T04:32:16.142" intervalms="8.357" />
<gc-start id="5497" type="global mark phase" contextid="5335" timestamp="2019-06-17T04:32:16.142">
  <mem-info id="5498" free="33554432" total="75497472" percent="44">
    <remembered-set count="89120" freebytes="2657152" totalbytes="3013632" percent="88" regionsoverflowed="0" regionsstable="1" regionsrebuilding="12"/>
  </mem-info>
</gc-start>
<gc-end id="5499" type="global mark phase" contextid="5335" durationms="0.123" usertimems="0.000" systemtimems="0.000" timestamp="2019-06-17T04:32:16.142" activeThreads="4">
  <mem-info id="5500" free="33554432" total="75497472" percent="44">
    <remembered-set count="89120" freebytes="2657152" totalbytes="3013632" percent="88" regionsoverflowed="0" regionsstable="1" regionsrebuilding="12"/>
  </mem-info>
</gc-end>
<concurrent-start id="5501" type="GMP work packet processing" contextid="5335" timestamp="2019-06-17T04:32:16.142">
  <concurrent-mark-start scanTarget="1726039" />
</concurrent-start>
<exclusive-end id="5502" timestamp="2019-06-17T04:32:16.143" durationms="0.854" />

<concurrent-end id="5503" type="GMP work packet processing" contextid="5335" timestamp="2019-06-17T04:32:16.144">
  <concurrent-mark-end bytesScanned="1293284" reasonForTermination="Completed all work in GC phase" />
</concurrent-end>

<exclusive-start id="5504" timestamp="2019-06-17T04:32:16.147" intervalms="5.230">
  <response-info timems="0.055" idlems="0.055" threads="0" lastid="0000000002320700" lastname="main" />
</exclusive-start>
<allocation-taxation id="5505" taxation-threshold="12582912" timestamp="2019-06-17T04:32:16.147" intervalms="5.179" />
<cycle-start id="5506" type="partial gc" contextid="0" timestamp="2019-06-17T04:32:16.147" intervalms="13.530" />
<gc-start id="5507" type="partial gc" contextid="5506" timestamp="2019-06-17T04:32:16.147">
  <mem-info id="5508" free="20971520" total="75497472" percent="27">
    <mem type="eden" free="1048520" total="26214400" percent="3" />
    <remembered-set count="98912" freebytes="2617984" totalbytes="3013632" percent="86" regionsoverflowed="0" regionsstable="1" regionsrebuilding="12"/>
  </mem-info>
</gc-start>
<allocation-stats totalBytes="25080968" >
  <allocated-bytes non-tlh="0" tlh="25080968" arrayletleaf="0"/>
  <largest-consumer threadName="main" threadId="0000000002320700" bytes="12541728" />
</allocation-stats>
<gc-op id="5509" type="copy forward" timems="1.665" contextid="5506" timestamp="2019-06-17T04:32:16.150">
  <memory-copied type="eden" objects="2" bytes="56" bytesdiscarded="0" />
  <memory-copied type="other" objects="0" bytes="0" bytesdiscarded="0" />
  <memory-cardclean objects="18" bytes="416" />
  <regions eden="24" other="1" />
  <remembered-set-cleared processed="96253" cleared="3" durationms="0.603" />
  <stringconstants candidates="13747" cleared="0"  />
</gc-op>
<gc-op id="5510" type="classunload" timems="0.004" contextid="5506" timestamp="2019-06-17T04:32:16.150">
  <classunload-info classloadercandidates="54" classloadersunloaded="0" classesunloaded="0" anonymousclassesunloaded="0" quiescems="0.000" setupms="0.004" scanms="0.000" postms="0.000" />
</gc-op>
<gc-end id="5511" type="partial gc" contextid="5506" durationms="2.902" usertimems="4.000" systemtimems="0.000" timestamp="2019-06-17T04:32:16.150" activeThreads="1">
  <mem-info id="5512" free="46137344" total="75497472" percent="61">
    <mem type="eden" free="1048520" total="1048576" percent="99" />
    <remembered-set count="99360" freebytes="2616192" totalbytes="3013632" percent="86" regionsoverflowed="0" regionsstable="1" regionsrebuilding="12"/>
  </mem-info>
</gc-end>
<cycle-end id="5513" type="partial gc" contextid="5506" timestamp="2019-06-17T04:32:16.150" />
  <attribute name="elasticGC enabled" value="1" />
  <attribute name= "numThreadsSpecified" value="1" />
  <attribute name="heapSize specified" value="0" />
  <attribute name="Current GC Util" value="93" />
  <attribute name= "Current Time Running" value="65585" />
  <attribute name ="GC Interval" value="0" />
  <attribute name="ProportionalT" value="109.500000" />
  <attribute name="ProportionalI" value="109.500000" />
  <attribute name="ProportionalH" value="109.500000" />
  <attribute name="Current Error" value="73.000000" />
  <attribute name="IntegralT" value="0.000000" />
  <attribute name="IntegralI" value="0.000000" />
  <attribute name="IntegralH" value="0.000000" />
  <attribute name="DerivativeT" value="inf" />
  <attribute name="DerivativeI" value="inf" />
  <attribute name="DerivativeH" value="inf" />
  <attribute name="Loop Time for DT" value="0.000000" />
  <attribute name="Output H" value="8388608"/>
  <attribute name="Output I" value="200"/>
  <attribute name="Output T" value="1"/>
  <attribute name="Target GC Util Change" value ="20.000000" />
  <attribute name="Current GC Util Change" value="93.000000"/>
  <attribute name="GC Util currently" value="93" />
  <attribute name="CPU Util currently" value="17694921955069" />
<exclusive-end id="5514" timestamp="2019-06-17T04:32:16.151" durationms="3.751" />

<exclusive-start id="5515" timestamp="2019-06-17T04:32:16.155" intervalms="8.202">
  <response-info timems="0.076" idlems="0.076" threads="0" lastid="0000000002320700" lastname="main" />
</exclusive-start>
<allocation-taxation id="5516" taxation-threshold="12582912" timestamp="2019-06-17T04:32:16.155" intervalms="8.250" />
<gc-start id="5517" type="global mark phase" contextid="5335" timestamp="2019-06-17T04:32:16.155">
  <mem-info id="5518" free="33554432" total="75497472" percent="44">
    <remembered-set count="98880" freebytes="2618112" totalbytes="3013632" percent="86" regionsoverflowed="0" regionsstable="1" regionsrebuilding="12"/>
  </mem-info>
</gc-start>
<gc-op id="5519" type="mark increment" timems="4.195" contextid="5335" timestamp="2019-06-17T04:32:16.160">
  <trace-info objectcount="556" scancount="517" scanbytes="368128" />
  <cardclean-info objects="134724" bytes="3969440" />
  <finalization candidates="79" enqueued="0" />
  <ownableSynchronizers candidates="23" cleared="0" />
  <references type="soft" candidates="3676" cleared="110" enqueued="105" dynamicThreshold="19" maxThreshold="32" />
  <references type="weak" candidates="5744" cleared="0" enqueued="0" />
  <references type="phantom" candidates="100" cleared="0" enqueued="0" />
  <stringconstants candidates="13747" cleared="6"  />
</gc-op>
<gc-op id="5520" type="classunload" timems="0.277" contextid="5335" timestamp="2019-06-17T04:32:16.160">
  <classunload-info classloadercandidates="54" classloadersunloaded="1" classesunloaded="1" anonymousclassesunloaded="0" quiescems="0.000" setupms="0.262" scanms="0.011" postms="0.004" />
</gc-op>
<gc-end id="5521" type="global mark phase" contextid="5335" durationms="4.906" usertimems="8.000" systemtimems="0.000" timestamp="2019-06-17T04:32:16.160" activeThreads="4">
  <mem-info id="5522" free="33554432" total="75497472" percent="44">
    <pending-finalizers system="0" default="0" reference="105" classloader="0" />
    <remembered-set count="109120" freebytes="2577152" totalbytes="3013632" percent="85" regionsoverflowed="0" regionsstable="1" regionsrebuilding="0"/>
  </mem-info>
</gc-end>
<cycle-end id="5523" type="global mark phase" contextid="5335" timestamp="2019-06-17T04:32:16.161" />
  <attribute name="elasticGC enabled" value="1" />
  <attribute name= "numThreadsSpecified" value="4" />
  <attribute name="heapSize specified" value="0" />
  <attribute name="Current GC Util" value="88" />
  <attribute name= "Current Time Running" value="65596" />
  <attribute name ="GC Interval" value="0" />
  <attribute name="ProportionalT" value="102.000000" />
  <attribute name="ProportionalI" value="102.000000" />
  <attribute name="ProportionalH" value="102.000000" />
  <attribute name="Current Error" value="68.000000" />
  <attribute name="IntegralT" value="68.000000" />
  <attribute name="IntegralI" value="68.000000" />
  <attribute name="IntegralH" value="68.000000" />
  <attribute name="DerivativeT" value="-150.000000" />
  <attribute name="DerivativeI" value="-150.000000" />
  <attribute name="DerivativeH" value="-150.000000" />
  <attribute name="Loop Time for DT" value="1.000000" />
  <attribute name="Output H" value="8388608"/>
  <attribute name="Output I" value="200"/>
  <attribute name="Output T" value="4"/>
  <attribute name="Target GC Util Change" value ="20.000000" />
  <attribute name="Current GC Util Change" value="88.000000"/>
  <attribute name="GC Util currently" value="88" />
  <attribute name="CPU Util currently" value="13125020490253" />
<exclusive-end id="5524" timestamp="2019-06-17T04:32:16.161" durationms="5.641" />

<exclusive-start id="5525" timestamp="2019-06-17T04:32:16.166" intervalms="10.402">
  <response-info timems="0.076" idlems="0.076" threads="0" lastid="0000000002320700" lastname="main" />
</exclusive-start>
<allocation-taxation id="5526" taxation-threshold="12582912" timestamp="2019-06-17T04:32:16.166" intervalms="10.402" />
<cycle-start id="5527" type="partial gc" contextid="0" timestamp="2019-06-17T04:32:16.166" intervalms="18.728" />
<gc-start id="5528" type="partial gc" contextid="5527" timestamp="2019-06-17T04:32:16.166">
  <mem-info id="5529" free="20971520" total="75497472" percent="27">
    <mem type="eden" free="1048520" total="26214400" percent="3" />
    <remembered-set count="49440" freebytes="2815872" totalbytes="3013632" percent="93" regionsoverflowed="0" regionsstable="11" regionsrebuilding="0"/>
  </mem-info>
</gc-start>
<allocation-stats totalBytes="25081368" >
  <allocated-bytes non-tlh="0" tlh="25081368" arrayletleaf="0"/>
  <largest-consumer threadName="main" threadId="0000000002320700" bytes="12538032" />
</allocation-stats>
<gc-op id="5530" type="sweep" timems="0.700" contextid="5527" timestamp="2019-06-17T04:32:16.167" />
<gc-op id="5531" type="copy forward" timems="1.411" contextid="5527" timestamp="2019-06-17T04:32:16.169">
  <memory-copied type="eden" objects="3" bytes="576" bytesdiscarded="744" />
  <memory-copied type="other" objects="0" bytes="0" bytesdiscarded="0" />
  <memory-cardclean objects="353" bytes="20400" />
  <regions eden="12" other="1" />
  <remembered-set-cleared processed="47905" cleared="29" durationms="0.257" />
  <stringconstants candidates="13741" cleared="0"  />
</gc-op>
<gc-op id="5532" type="classunload" timems="0.004" contextid="5527" timestamp="2019-06-17T04:32:16.169">
  <classunload-info classloadercandidates="53" classloadersunloaded="0" classesunloaded="0" anonymousclassesunloaded="0" quiescems="0.000" setupms="0.004" scanms="0.000" postms="0.000" />
</gc-op>
<gc-end id="5533" type="partial gc" contextid="5527" durationms="3.357" usertimems="4.000" systemtimems="0.000" timestamp="2019-06-17T04:32:16.169" activeThreads="4">
  <mem-info id="5534" free="46137344" total="75497472" percent="61">
    <mem type="eden" free="1047256" total="1048576" percent="99" />
    <remembered-set count="49760" freebytes="2814592" totalbytes="3013632" percent="93" regionsoverflowed="0" regionsstable="11" regionsrebuilding="0"/>
  </mem-info>
</gc-end>
<cycle-end id="5535" type="partial gc" contextid="5527" timestamp="2019-06-17T04:32:16.170" />
  <attribute name="elasticGC enabled" value="1" />
  <attribute name= "numThreadsSpecified" value="4" />
  <attribute name="heapSize specified" value="0" />
  <attribute name="Current GC Util" value="54" />
  <attribute name= "Current Time Running" value="65605" />
  <attribute name ="GC Interval" value="0" />
  <attribute name="ProportionalT" value="51.000000" />
  <attribute name="ProportionalI" value="51.000000" />
  <attribute name="ProportionalH" value="51.000000" />
  <attribute name="Current Error" value="34.000000" />
  <attribute name="IntegralT" value="34.000000" />
  <attribute name="IntegralI" value="34.000000" />
  <attribute name="IntegralH" value="34.000000" />
  <attribute name="DerivativeT" value="1.500000" />
  <attribute name="DerivativeI" value="1.500000" />
  <attribute name="DerivativeH" value="1.500000" />
  <attribute name="Loop Time for DT" value="1.000000" />
  <attribute name="Output H" value="8388608"/>
  <attribute name="Output I" value="200"/>
  <attribute name="Output T" value="4"/>
  <attribute name="Target GC Util Change" value ="20.000000" />
  <attribute name="Current GC Util Change" value="54.000000"/>
  <attribute name="GC Util currently" value="54" />
  <attribute name="CPU Util currently" value="21587359157473" />
<exclusive-end id="5536" timestamp="2019-06-17T04:32:16.170" durationms="4.362" />

<exclusive-start id="5537" timestamp="2019-06-17T04:32:16.178" intervalms="12.943">
  <response-info timems="0.077" idlems="0.077" threads="0" lastid="0000000002320700" lastname="main" />
</exclusive-start>
<allocation-taxation id="5538" taxation-threshold="25165824" timestamp="2019-06-17T04:32:16.179" intervalms="12.948" />
<cycle-start id="5539" type="partial gc" contextid="0" timestamp="2019-06-17T04:32:16.179" intervalms="12.943" />
<gc-start id="5540" type="partial gc" contextid="5539" timestamp="2019-06-17T04:32:16.179">
  <mem-info id="5541" free="20971520" total="75497472" percent="27">
    <mem type="eden" free="0" total="25165824" percent="0" />
    <remembered-set count="44096" freebytes="2837248" totalbytes="3013632" percent="94" regionsoverflowed="0" regionsstable="13" regionsrebuilding="0"/>
  </mem-info>
</gc-start>
<allocation-stats totalBytes="25080968" >
  <allocated-bytes non-tlh="0" tlh="25080968" arrayletleaf="0"/>
  <largest-consumer threadName="main" threadId="0000000002320700" bytes="25080968" />
</allocation-stats>
<gc-op id="5542" type="copy forward" timems="1.131" contextid="5539" timestamp="2019-06-17T04:32:16.181">
  <memory-copied type="eden" objects="2" bytes="56" bytesdiscarded="0" />
  <memory-copied type="other" objects="19" bytes="952" bytesdiscarded="0" />
  <memory-cardclean objects="80" bytes="2384" />
  <regions eden="24" other="4" />
  <remembered-set-cleared processed="42846" cleared="20" durationms="0.340" />
  <stringconstants candidates="13741" cleared="0"  />
</gc-op>
<gc-op id="5543" type="classunload" timems="0.004" contextid="5539" timestamp="2019-06-17T04:32:16.181">
  <classunload-info classloadercandidates="53" classloadersunloaded="0" classesunloaded="0" anonymousclassesunloaded="0" quiescems="0.000" setupms="0.004" scanms="0.000" postms="0.000" />
</gc-op>
<gc-end id="5544" type="partial gc" contextid="5539" durationms="2.234" usertimems="0.000" systemtimems="0.000" timestamp="2019-06-17T04:32:16.181" activeThreads="1">
  <mem-info id="5545" free="46137344" total="75497472" percent="61">
    <mem type="eden" free="1048520" total="1048576" percent="99" />
    <remembered-set count="44352" freebytes="2836224" totalbytes="3013632" percent="94" regionsoverflowed="0" regionsstable="13" regionsrebuilding="0"/>
  </mem-info>
</gc-end>
<cycle-end id="5546" type="partial gc" contextid="5539" timestamp="2019-06-17T04:32:16.181" />
  <attribute name="elasticGC enabled" value="1" />
  <attribute name= "numThreadsSpecified" value="1" />
  <attribute name="heapSize specified" value="0" />
  <attribute name="Current GC Util" value="45" />
  <attribute name= "Current Time Running" value="65617" />
  <attribute name ="GC Interval" value="0" />
  <attribute name="ProportionalT" value="37.500000" />
  <attribute name="ProportionalI" value="37.500000" />
  <attribute name="ProportionalH" value="37.500000" />
  <attribute name="Current Error" value="25.000000" />
  <attribute name="IntegralT" value="0.000000" />
  <attribute name="IntegralI" value="0.000000" />
  <attribute name="IntegralH" value="0.000000" />
  <attribute name="DerivativeT" value="inf" />
  <attribute name="DerivativeI" value="inf" />
  <attribute name="DerivativeH" value="inf" />
  <attribute name="Loop Time for DT" value="0.000000" />
  <attribute name="Output H" value="8388608"/>
  <attribute name="Output I" value="200"/>
  <attribute name="Output T" value="1"/>
  <attribute name="Target GC Util Change" value ="20.000000" />
  <attribute name="Current GC Util Change" value="45.000000"/>
  <attribute name="GC Util currently" value="45" />
  <attribute name="CPU Util currently" value="18072923448794" />
<exclusive-end id="5547" timestamp="2019-06-17T04:32:16.182" durationms="3.264" />

<exclusive-start id="5548" timestamp="2019-06-17T04:32:16.190" intervalms="11.848">
  <response-info timems="0.076" idlems="0.076" threads="0" lastid="0000000002320700" lastname="main" />
</exclusive-start>
<allocation-taxation id="5549" taxation-threshold="25165824" timestamp="2019-06-17T04:32:16.190" intervalms="11.845" />
<cycle-start id="5550" type="partial gc" contextid="0" timestamp="2019-06-17T04:32:16.191" intervalms="11.871" />
<gc-start id="5551" type="partial gc" contextid="5550" timestamp="2019-06-17T04:32:16.191">
  <mem-info id="5552" free="20971520" total="75497472" percent="27">
    <mem type="eden" free="1048520" total="26214400" percent="3" />
    <remembered-set count="44096" freebytes="2837248" totalbytes="3013632" percent="94" regionsoverflowed="0" regionsstable="13" regionsrebuilding="0"/>
  </mem-info>
</gc-start>
<allocation-stats totalBytes="25080968" >
  <allocated-bytes non-tlh="0" tlh="25080968" arrayletleaf="0"/>
  <largest-consumer threadName="main" threadId="0000000002320700" bytes="25080968" />
</allocation-stats>
<gc-op id="5553" type="copy forward" timems="1.643" contextid="5550" timestamp="2019-06-17T04:32:16.193">
  <memory-copied type="eden" objects="2" bytes="56" bytesdiscarded="0" />
  <memory-copied type="other" objects="28" bytes="1384" bytesdiscarded="224" />
  <memory-cardclean objects="85" bytes="10424" />
  <regions eden="24" other="5" />
  <remembered-set-cleared processed="42841" cleared="20" durationms="0.260" />
  <references type="weak" candidates="2" cleared="0" enqueued="0" />
  <stringconstants candidates="13741" cleared="0"  />
</gc-op>
<gc-op id="5554" type="classunload" timems="0.004" contextid="5550" timestamp="2019-06-17T04:32:16.193">
  <classunload-info classloadercandidates="53" classloadersunloaded="0" classesunloaded="0" anonymousclassesunloaded="0" quiescems="0.000" setupms="0.004" scanms="0.000" postms="0.000" />
</gc-op>
<heap-resize id="5555" type="contract" space="default" amount="4194304" count="1" timems="0.288" reason="excess free space following gc" timestamp="2019-06-17T04:32:16.194" />
<gc-end id="5556" type="partial gc" contextid="5550" durationms="3.053" usertimems="0.000" systemtimems="4.000" timestamp="2019-06-17T04:32:16.194" activeThreads="4">
  <mem-info id="5557" free="45088768" total="71303168" percent="63">
    <mem type="eden" free="1048520" total="1048576" percent="99" />
    <remembered-set count="43808" freebytes="2838400" totalbytes="3013632" percent="94" regionsoverflowed="0" regionsstable="13" regionsrebuilding="0"/>
  </mem-info>
</gc-end>
<cycle-end id="5558" type="partial gc" contextid="5550" timestamp="2019-06-17T04:32:16.194" />
  <attribute name="elasticGC enabled" value="1" />
  <attribute name= "numThreadsSpecified" value="4" />
  <attribute name="heapSize specified" value="0" />
  <attribute name="Current GC Util" value="56" />
  <attribute name= "Current Time Running" value="65629" />
  <attribute name ="GC Interval" value="0" />
  <attribute name="ProportionalT" value="54.000000" />
  <attribute name="ProportionalI" value="54.000000" />
  <attribute name="ProportionalH" value="54.000000" />
  <attribute name="Current Error" value="36.000000" />
  <attribute name="IntegralT" value="36.000000" />
  <attribute name="IntegralI" value="36.000000" />
  <attribute name="IntegralH" value="36.000000" />
  <attribute name="DerivativeT" value="54.000000" />
  <attribute name="DerivativeI" value="54.000000" />
  <attribute name="DerivativeH" value="54.000000" />
  <attribute name="Loop Time for DT" value="1.000000" />
  <attribute name="Output H" value="8388608"/>
  <attribute name="Output I" value="200"/>
  <attribute name="Output T" value="4"/>
  <attribute name="Target GC Util Change" value ="20.000000" />
  <attribute name="Current GC Util Change" value="56.000000"/>
  <attribute name="GC Util currently" value="56" />
  <attribute name="CPU Util currently" value="18860775541891" />
<exclusive-end id="5559" timestamp="2019-06-17T04:32:16.194" durationms="4.165" />

<exclusive-start id="5560" timestamp="2019-06-17T04:32:16.203" intervalms="12.390">
  <response-info timems="0.055" idlems="0.055" threads="0" lastid="0000000002320700" lastname="main" />
</exclusive-start>
<allocation-taxation id="5561" taxation-threshold="24117248" timestamp="2019-06-17T04:32:16.203" intervalms="12.381" />
<cycle-start id="5562" type="partial gc" contextid="0" timestamp="2019-06-17T04:32:16.203" intervalms="12.355" />
<gc-start id="5563" type="partial gc" contextid="5562" timestamp="2019-06-17T04:32:16.203">
  <mem-info id="5564" free="20971520" total="71303168" percent="29">
    <mem type="eden" free="1048520" total="25165824" percent="4" />
    <remembered-set count="43456" freebytes="2839808" totalbytes="3013632" percent="94" regionsoverflowed="0" regionsstable="13" regionsrebuilding="0"/>
  </mem-info>
</gc-start>
<allocation-stats totalBytes="24035824" >
  <allocated-bytes non-tlh="0" tlh="24035824" arrayletleaf="0"/>
  <largest-consumer threadName="main" threadId="0000000002320700" bytes="24035824" />
</allocation-stats>
<gc-op id="5565" type="copy forward" timems="8.327" contextid="5562" timestamp="2019-06-17T04:32:16.213">
  <memory-copied type="eden" objects="2" bytes="56" bytesdiscarded="0" />
  <memory-copied type="other" objects="6" bytes="144" bytesdiscarded="0" />
  <memory-cardclean objects="121672" bytes="4421736" />
  <regions eden="23" other="2" />
  <remembered-set-cleared processed="25094" cleared="8333" durationms="0.313" />
  <stringconstants candidates="13741" cleared="0"  />
</gc-op>
<gc-op id="5566" type="classunload" timems="0.004" contextid="5562" timestamp="2019-06-17T04:32:16.213">
  <classunload-info classloadercandidates="53" classloadersunloaded="0" classesunloaded="0" anonymousclassesunloaded="0" quiescems="0.000" setupms="0.004" scanms="0.000" postms="0.000" />
</gc-op>
<heap-resize id="5567" type="contract" space="default" amount="3145728" count="1" timems="0.271" reason="excess free space following gc" timestamp="2019-06-17T04:32:16.213" />
<gc-end id="5568" type="partial gc" contextid="5562" durationms="10.054" usertimems="4.000" systemtimems="4.000" timestamp="2019-06-17T04:32:16.213" activeThreads="1">
  <mem-info id="5569" free="41943040" total="68157440" percent="61">
    <mem type="eden" free="1048520" total="1048576" percent="99" />
    <remembered-set count="33408" freebytes="2712576" totalbytes="2846208" percent="95" regionsoverflowed="0" regionsstable="13" regionsrebuilding="0"/>
  </mem-info>
</gc-end>
<cycle-end id="5570" type="partial gc" contextid="5562" timestamp="2019-06-17T04:32:16.213" />
  <attribute name="elasticGC enabled" value="1" />
  <attribute name= "numThreadsSpecified" value="1" />
  <attribute name="heapSize specified" value="0" />
  <attribute name="Current GC Util" value="42" />
  <attribute name= "Current Time Running" value="65641" />
  <attribute name ="GC Interval" value="0" />
  <attribute name="ProportionalT" value="33.000000" />
  <attribute name="ProportionalI" value="33.000000" />
  <attribute name="ProportionalH" value="33.000000" />
  <attribute name="Current Error" value="22.000000" />
  <attribute name="IntegralT" value="0.000000" />
  <attribute name="IntegralI" value="0.000000" />
  <attribute name="IntegralH" value="0.000000" />
  <attribute name="DerivativeT" value="inf" />
  <attribute name="DerivativeI" value="inf" />
  <attribute name="DerivativeH" value="inf" />
  <attribute name="Loop Time for DT" value="0.000000" />
  <attribute name="Output H" value="8388608"/>
  <attribute name="Output I" value="200"/>
  <attribute name="Output T" value="1"/>
  <attribute name="Target GC Util Change" value ="20.000000" />
  <attribute name="Current GC Util Change" value="42.000000"/>
  <attribute name="GC Util currently" value="42" />
  <attribute name="CPU Util currently" value="9194592822873" />
<exclusive-end id="5571" timestamp="2019-06-17T04:32:16.214" durationms="10.951" />

<exclusive-start id="5572" timestamp="2019-06-17T04:32:16.218" intervalms="14.982">
  <response-info timems="0.053" idlems="0.053" threads="0" lastid="0000000002320700" lastname="main" />
</exclusive-start>
<allocation-taxation id="5573" taxation-threshold="11534336" timestamp="2019-06-17T04:32:16.218" intervalms="14.975" />
<cycle-start id="5574" type="global mark phase" contextid="0" timestamp="2019-06-17T04:32:16.218" intervalms="191.676" />
<gc-start id="5575" type="global mark phase" contextid="5574" timestamp="2019-06-17T04:32:16.218">
  <mem-info id="5576" free="30408704" total="68157440" percent="44">
    <remembered-set count="33344" freebytes="2712832" totalbytes="2846208" percent="95" regionsoverflowed="0" regionsstable="13" regionsrebuilding="0"/>
  </mem-info>
</gc-start>
<gc-op id="5577" type="mark increment" timems="0.911" contextid="5574" timestamp="2019-06-17T04:32:16.219">
  <trace-info objectcount="180" scancount="0" scanbytes="0" />
</gc-op>
<gc-end id="5578" type="global mark phase" contextid="5574" durationms="1.194" usertimems="4.000" systemtimems="0.000" timestamp="2019-06-17T04:32:16.219" activeThreads="4">
  <mem-info id="5579" free="30408704" total="68157440" percent="44">
    <remembered-set count="33344" freebytes="2712832" totalbytes="2846208" percent="95" regionsoverflowed="0" regionsstable="0" regionsrebuilding="13"/>
  </mem-info>
</gc-end>
<concurrent-start id="5580" type="GMP work packet processing" contextid="5574" timestamp="2019-06-17T04:32:16.219">
  <concurrent-mark-start scanTarget="1940907" />
</concurrent-start>
<exclusive-end id="5581" timestamp="2019-06-17T04:32:16.220" durationms="1.975" />

<concurrent-end id="5582" type="GMP work packet processing" contextid="5574" timestamp="2019-06-17T04:32:16.222">
  <concurrent-mark-end bytesScanned="2014704" reasonForTermination="Work target met" />
</concurrent-end>

<exclusive-start id="5583" timestamp="2019-06-17T04:32:16.224" intervalms="6.010">
  <response-info timems="0.061" idlems="0.061" threads="0" lastid="0000000002320700" lastname="main" />
</exclusive-start>
<allocation-taxation id="5584" taxation-threshold="11534336" timestamp="2019-06-17T04:32:16.224" intervalms="5.929" />
<cycle-start id="5585" type="partial gc" contextid="0" timestamp="2019-06-17T04:32:16.224" intervalms="20.893" />
<gc-start id="5586" type="partial gc" contextid="5585" timestamp="2019-06-17T04:32:16.224">
  <mem-info id="5587" free="18874368" total="68157440" percent="27">
    <mem type="eden" free="1048520" total="24117248" percent="4" />
    <remembered-set count="46496" freebytes="2660224" totalbytes="2846208" percent="93" regionsoverflowed="0" regionsstable="0" regionsrebuilding="13"/>
  </mem-info>
</gc-start>
<allocation-stats totalBytes="22990680" >
  <allocated-bytes non-tlh="0" tlh="22990680" arrayletleaf="0"/>
  <largest-consumer threadName="main" threadId="0000000002320700" bytes="11496584" />
</allocation-stats>
<gc-op id="5588" type="copy forward" timems="5.737" contextid="5585" timestamp="2019-06-17T04:32:16.231">
  <memory-copied type="eden" objects="2" bytes="56" bytesdiscarded="736" />
  <memory-copied type="other" objects="67" bytes="2872" bytesdiscarded="992" />
  <memory-cardclean objects="143511" bytes="4906048" />
  <regions eden="22" other="2" />
  <remembered-set-cleared processed="21000" cleared="7994" durationms="0.160" />
  <stringconstants candidates="13741" cleared="0"  />
</gc-op>
<gc-op id="5589" type="classunload" timems="0.005" contextid="5585" timestamp="2019-06-17T04:32:16.231">
  <classunload-info classloadercandidates="53" classloadersunloaded="0" classesunloaded="0" anonymousclassesunloaded="0" quiescems="0.000" setupms="0.005" scanms="0.000" postms="0.000" />
</gc-op>
<gc-end id="5590" type="partial gc" contextid="5585" durationms="7.155" usertimems="16.000" systemtimems="0.000" timestamp="2019-06-17T04:32:16.231" activeThreads="4">
  <mem-info id="5591" free="41943040" total="68157440" percent="61">
    <mem type="eden" free="1047784" total="1048576" percent="99" />
    <remembered-set count="45280" freebytes="2539520" totalbytes="2720640" percent="93" regionsoverflowed="0" regionsstable="0" regionsrebuilding="13"/>
  </mem-info>
</gc-end>
<cycle-end id="5592" type="partial gc" contextid="5585" timestamp="2019-06-17T04:32:16.231" />
  <attribute name="elasticGC enabled" value="1" />
  <attribute name= "numThreadsSpecified" value="4" />
  <attribute name="heapSize specified" value="0" />
  <attribute name="Current GC Util" value="109" />
  <attribute name= "Current Time Running" value="65662" />
  <attribute name ="GC Interval" value="0" />
  <attribute name="ProportionalT" value="133.500000" />
  <attribute name="ProportionalI" value="133.500000" />
  <attribute name="ProportionalH" value="133.500000" />
  <attribute name="Current Error" value="89.000000" />
  <attribute name="IntegralT" value="0.000000" />
  <attribute name="IntegralI" value="0.000000" />
  <attribute name="IntegralH" value="0.000000" />
  <attribute name="DerivativeT" value="-inf" />
  <attribute name="DerivativeI" value="-inf" />
  <attribute name="DerivativeH" value="-inf" />
  <attribute name="Loop Time for DT" value="0.000000" />
  <attribute name="Output H" value="2091843584"/>
  <attribute name="Output I" value="200"/>
  <attribute name="Output T" value="4"/>
  <attribute name="Target GC Util Change" value ="20.000000" />
  <attribute name="Current GC Util Change" value="109.000000"/>
  <attribute name="GC Util currently" value="109" />
  <attribute name="CPU Util currently" value="7093330014151" />
<exclusive-end id="5593" timestamp="2019-06-17T04:32:16.232" durationms="7.963" />

<exclusive-start id="5594" timestamp="2019-06-17T04:32:16.236" intervalms="11.998">
  <response-info timems="0.057" idlems="0.057" threads="0" lastid="0000000002320700" lastname="main" />
</exclusive-start>
<allocation-taxation id="5595" taxation-threshold="11534336" timestamp="2019-06-17T04:32:16.236" intervalms="12.052" />
<gc-start id="5596" type="global mark phase" contextid="5574" timestamp="2019-06-17T04:32:16.236">
  <mem-info id="5597" free="30408704" total="68157440" percent="44">
    <remembered-set count="18368" freebytes="2647168" totalbytes="2720640" percent="97" regionsoverflowed="0" regionsstable="4" regionsrebuilding="13"/>
  </mem-info>
</gc-start>
<gc-end id="5598" type="global mark phase" contextid="5574" durationms="0.150" usertimems="0.000" systemtimems="0.000" timestamp="2019-06-17T04:32:16.236" activeThreads="4">
  <mem-info id="5599" free="30408704" total="68157440" percent="44">
    <remembered-set count="18368" freebytes="2647168" totalbytes="2720640" percent="97" regionsoverflowed="0" regionsstable="4" regionsrebuilding="13"/>
  </mem-info>
</gc-end>
<concurrent-start id="5600" type="GMP work packet processing" contextid="5574" timestamp="2019-06-17T04:32:16.236">
  <concurrent-mark-start scanTarget="1940907" />
</concurrent-start>
<exclusive-end id="5601" timestamp="2019-06-17T04:32:16.236" durationms="0.692" />

<concurrent-end id="5602" type="GMP work packet processing" contextid="5574" timestamp="2019-06-17T04:32:16.238">
  <concurrent-mark-end bytesScanned="2007800" reasonForTermination="Work target met" />
</concurrent-end>

<exclusive-start id="5603" timestamp="2019-06-17T04:32:16.240" intervalms="4.667">
  <response-info timems="0.050" idlems="0.050" threads="0" lastid="0000000002320700" lastname="main" />
</exclusive-start>
<allocation-taxation id="5604" taxation-threshold="11534336" timestamp="2019-06-17T04:32:16.240" intervalms="4.667" />
<cycle-start id="5605" type="partial gc" contextid="0" timestamp="2019-06-17T04:32:16.241" intervalms="16.727" />
<gc-start id="5606" type="partial gc" contextid="5605" timestamp="2019-06-17T04:32:16.241">
  <mem-info id="5607" free="18874368" total="68157440" percent="27">
    <mem type="eden" free="1047784" total="24117248" percent="4" />
    <remembered-set count="23680" freebytes="2625920" totalbytes="2720640" percent="96" regionsoverflowed="0" regionsstable="4" regionsrebuilding="13"/>
  </mem-info>
</gc-start>
<allocation-stats totalBytes="22990680" >
  <allocated-bytes non-tlh="0" tlh="22990680" arrayletleaf="0"/>
  <largest-consumer threadName="main" threadId="0000000002320700" bytes="11496584" />
</allocation-stats>
<gc-op id="5608" type="copy forward" timems="2.080" contextid="5605" timestamp="2019-06-17T04:32:16.244">
  <memory-copied type="eden" objects="2" bytes="56" bytesdiscarded="0" />
  <memory-copied type="other" objects="0" bytes="0" bytesdiscarded="0" />
  <memory-cardclean objects="14" bytes="320" />
  <regions eden="22" other="1" />
  <remembered-set-cleared processed="21588" cleared="2" durationms="0.117" />
  <stringconstants candidates="13741" cleared="0"  />
</gc-op>
<gc-op id="5609" type="classunload" timems="0.004" contextid="5605" timestamp="2019-06-17T04:32:16.244">
  <classunload-info classloadercandidates="53" classloadersunloaded="0" classesunloaded="0" anonymousclassesunloaded="0" quiescems="0.000" setupms="0.004" scanms="0.000" postms="0.000" />
</gc-op>
<gc-end id="5610" type="partial gc" contextid="5605" durationms="3.257" usertimems="4.000" systemtimems="0.000" timestamp="2019-06-17T04:32:16.244" activeThreads="4">
  <mem-info id="5611" free="41943040" total="68157440" percent="61">
    <mem type="eden" free="1048520" total="1048576" percent="99" />
    <remembered-set count="23296" freebytes="2627456" totalbytes="2720640" percent="96" regionsoverflowed="0" regionsstable="4" regionsrebuilding="13"/>
  </mem-info>
</gc-end>
<cycle-end id="5612" type="partial gc" contextid="5605" timestamp="2019-06-17T04:32:16.244" />
  <attribute name="elasticGC enabled" value="1" />
  <attribute name= "numThreadsSpecified" value="4" />
  <attribute name="heapSize specified" value="0" />
  <attribute name="Current GC Util" value="108" />
  <attribute name= "Current Time Running" value="65679" />
  <attribute name ="GC Interval" value="0" />
  <attribute name="ProportionalT" value="132.000000" />
  <attribute name="ProportionalI" value="132.000000" />
  <attribute name="ProportionalH" value="132.000000" />
  <attribute name="Current Error" value="88.000000" />
  <attribute name="IntegralT" value="88.000000" />
  <attribute name="IntegralI" value="88.000000" />
  <attribute name="IntegralH" value="88.000000" />
  <attribute name="DerivativeT" value="49.500000" />
  <attribute name="DerivativeI" value="49.500000" />
  <attribute name="DerivativeH" value="49.500000" />
  <attribute name="Loop Time for DT" value="1.000000" />
  <attribute name="Output H" value="8388608"/>
  <attribute name="Output I" value="272"/>
  <attribute name="Output T" value="4"/>
  <attribute name="Target GC Util Change" value ="20.000000" />
  <attribute name="Current GC Util Change" value="108.000000"/>
  <attribute name="GC Util currently" value="108" />
  <attribute name="CPU Util currently" value="16220967514389" />
<exclusive-end id="5613" timestamp="2019-06-17T04:32:16.245" durationms="4.251" />

<exclusive-start id="5614" timestamp="2019-06-17T04:32:16.249" intervalms="8.350">
  <response-info timems="0.091" idlems="0.091" threads="0" lastid="0000000002320700" lastname="main" />
</exclusive-start>
<allocation-taxation id="5615" taxation-threshold="11534336" timestamp="2019-06-17T04:32:16.249" intervalms="8.344" />
<gc-start id="5616" type="global mark phase" contextid="5574" timestamp="2019-06-17T04:32:16.249">
  <mem-info id="5617" free="30408704" total="68157440" percent="44">
    <remembered-set count="23296" freebytes="2627456" totalbytes="2720640" percent="96" regionsoverflowed="0" regionsstable="4" regionsrebuilding="13"/>
  </mem-info>
</gc-start>
<gc-end id="5618" type="global mark phase" contextid="5574" durationms="0.153" usertimems="0.000" systemtimems="0.000" timestamp="2019-06-17T04:32:16.249" activeThreads="4">
  <mem-info id="5619" free="30408704" total="68157440" percent="44">
    <remembered-set count="23296" freebytes="2627456" totalbytes="2720640" percent="96" regionsoverflowed="0" regionsstable="4" regionsrebuilding="13"/>
  </mem-info>
</gc-end>
<concurrent-start id="5620" type="GMP work packet processing" contextid="5574" timestamp="2019-06-17T04:32:16.249">
  <concurrent-mark-start scanTarget="1940907" />
</concurrent-start>
<exclusive-end id="5621" timestamp="2019-06-17T04:32:16.249" durationms="0.731" />

<concurrent-end id="5622" type="GMP work packet processing" contextid="5574" timestamp="2019-06-17T04:32:16.251">
  <concurrent-mark-end bytesScanned="1981428" reasonForTermination="Work target met" />
</concurrent-end>

<exclusive-start id="5623" timestamp="2019-06-17T04:32:16.253" intervalms="4.754">
  <response-info timems="0.059" idlems="0.059" threads="0" lastid="0000000002320700" lastname="main" />
</exclusive-start>
<allocation-taxation id="5624" taxation-threshold="11534336" timestamp="2019-06-17T04:32:16.254" intervalms="4.753" />
<cycle-start id="5625" type="partial gc" contextid="0" timestamp="2019-06-17T04:32:16.254" intervalms="13.046" />
<gc-start id="5626" type="partial gc" contextid="5625" timestamp="2019-06-17T04:32:16.254">
  <mem-info id="5627" free="18874368" total="68157440" percent="27">
    <mem type="eden" free="1048520" total="24117248" percent="4" />
    <remembered-set count="31520" freebytes="2594560" totalbytes="2720640" percent="95" regionsoverflowed="0" regionsstable="4" regionsrebuilding="13"/>
  </mem-info>
</gc-start>
<allocation-stats totalBytes="22990680" >
  <allocated-bytes non-tlh="0" tlh="22990680" arrayletleaf="0"/>
  <largest-consumer threadName="main" threadId="0000000002320700" bytes="11496584" />
</allocation-stats>
<gc-op id="5628" type="copy forward" timems="1.769" contextid="5625" timestamp="2019-06-17T04:32:16.256">
  <memory-copied type="eden" objects="2" bytes="56" bytesdiscarded="0" />
  <memory-copied type="other" objects="0" bytes="0" bytesdiscarded="0" />
  <memory-cardclean objects="14" bytes="320" />
  <regions eden="22" other="1" />
  <remembered-set-cleared processed="30003" cleared="12" durationms="0.166" />
  <stringconstants candidates="13741" cleared="0"  />
</gc-op>
<gc-op id="5629" type="classunload" timems="0.004" contextid="5625" timestamp="2019-06-17T04:32:16.256">
  <classunload-info classloadercandidates="53" classloadersunloaded="0" classesunloaded="0" anonymousclassesunloaded="0" quiescems="0.000" setupms="0.004" scanms="0.000" postms="0.000" />
</gc-op>
<gc-end id="5630" type="partial gc" contextid="5625" durationms="2.759" usertimems="4.000" systemtimems="0.000" timestamp="2019-06-17T04:32:16.257" activeThreads="4">
  <mem-info id="5631" free="41943040" total="68157440" percent="61">
    <mem type="eden" free="1048520" total="1048576" percent="99" />
    <remembered-set count="31520" freebytes="2594560" totalbytes="2720640" percent="95" regionsoverflowed="0" regionsstable="4" regionsrebuilding="13"/>
  </mem-info>
</gc-end>
<cycle-end id="5632" type="partial gc" contextid="5625" timestamp="2019-06-17T04:32:16.257" />
  <attribute name="elasticGC enabled" value="1" />
  <attribute name= "numThreadsSpecified" value="4" />
  <attribute name="heapSize specified" value="0" />
  <attribute name="Current GC Util" value="43" />
  <attribute name= "Current Time Running" value="65691" />
  <attribute name ="GC Interval" value="0" />
  <attribute name="ProportionalT" value="34.500000" />
  <attribute name="ProportionalI" value="34.500000" />
  <attribute name="ProportionalH" value="34.500000" />
  <attribute name="Current Error" value="23.000000" />
  <attribute name="IntegralT" value="0.000000" />
  <attribute name="IntegralI" value="0.000000" />
  <attribute name="IntegralH" value="0.000000" />
  <attribute name="DerivativeT" value="-inf" />
  <attribute name="DerivativeI" value="-inf" />
  <attribute name="DerivativeH" value="-inf" />
  <attribute name="Loop Time for DT" value="0.000000" />
  <attribute name="Output H" value="2091843584"/>
  <attribute name="Output I" value="200"/>
  <attribute name="Output T" value="4"/>
  <attribute name="Target GC Util Change" value ="20.000000" />
  <attribute name="Current GC Util Change" value="43.000000"/>
  <attribute name="GC Util currently" value="43" />
  <attribute name="CPU Util currently" value="17675254292564" />
<exclusive-end id="5633" timestamp="2019-06-17T04:32:16.257" durationms="3.474" />

<exclusive-start id="5634" timestamp="2019-06-17T04:32:16.261" intervalms="7.562">
  <response-info timems="0.074" idlems="0.074" threads="0" lastid="0000000002320700" lastname="main" />
</exclusive-start>
<allocation-taxation id="5635" taxation-threshold="11534336" timestamp="2019-06-17T04:32:16.261" intervalms="7.484" />
<gc-start id="5636" type="global mark phase" contextid="5574" timestamp="2019-06-17T04:32:16.261">
  <mem-info id="5637" free="30408704" total="68157440" percent="44">
    <remembered-set count="31040" freebytes="2596480" totalbytes="2720640" percent="95" regionsoverflowed="0" regionsstable="4" regionsrebuilding="13"/>
  </mem-info>
</gc-start>
<gc-end id="5638" type="global mark phase" contextid="5574" durationms="0.203" usertimems="0.000" systemtimems="0.000" timestamp="2019-06-17T04:32:16.261" activeThreads="4">
  <mem-info id="5639" free="30408704" total="68157440" percent="44">
    <remembered-set count="31040" freebytes="2596480" totalbytes="2720640" percent="95" regionsoverflowed="0" regionsstable="4" regionsrebuilding="13"/>
  </mem-info>
</gc-end>
<concurrent-start id="5640" type="GMP work packet processing" contextid="5574" timestamp="2019-06-17T04:32:16.262">
  <concurrent-mark-start scanTarget="1940907" />
</concurrent-start>
<exclusive-end id="5641" timestamp="2019-06-17T04:32:16.262" durationms="0.728" />

<concurrent-end id="5642" type="GMP work packet processing" contextid="5574" timestamp="2019-06-17T04:32:16.263">
  <concurrent-mark-end bytesScanned="1987828" reasonForTermination="Work target met" />
</concurrent-end>

<exclusive-start id="5643" timestamp="2019-06-17T04:32:16.266" intervalms="4.761">
  <response-info timems="0.024" idlems="0.024" threads="0" lastid="0000000002320700" lastname="main" />
</exclusive-start>
<allocation-taxation id="5644" taxation-threshold="11534336" timestamp="2019-06-17T04:32:16.266" intervalms="4.793" />
<cycle-start id="5645" type="partial gc" contextid="0" timestamp="2019-06-17T04:32:16.266" intervalms="12.225" />
<gc-start id="5646" type="partial gc" contextid="5645" timestamp="2019-06-17T04:32:16.266">
  <mem-info id="5647" free="18874368" total="68157440" percent="27">
    <mem type="eden" free="1048520" total="24117248" percent="4" />
    <remembered-set count="35712" freebytes="2577792" totalbytes="2720640" percent="94" regionsoverflowed="0" regionsstable="4" regionsrebuilding="13"/>
  </mem-info>
</gc-start>
<allocation-stats totalBytes="22990680" >
  <allocated-bytes non-tlh="0" tlh="22990680" arrayletleaf="0"/>
  <largest-consumer threadName="main" threadId="0000000002320700" bytes="11496584" />
</allocation-stats>
<gc-op id="5648" type="copy forward" timems="1.783" contextid="5645" timestamp="2019-06-17T04:32:16.268">
  <memory-copied type="eden" objects="2" bytes="56" bytesdiscarded="0" />
  <memory-copied type="other" objects="0" bytes="0" bytesdiscarded="0" />
  <memory-cardclean objects="14" bytes="320" />
  <regions eden="22" other="1" />
  <remembered-set-cleared processed="33783" cleared="2" durationms="0.178" />
  <stringconstants candidates="13741" cleared="0"  />
</gc-op>
<gc-op id="5649" type="classunload" timems="0.004" contextid="5645" timestamp="2019-06-17T04:32:16.269">
  <classunload-info classloadercandidates="53" classloadersunloaded="0" classesunloaded="0" anonymousclassesunloaded="0" quiescems="0.000" setupms="0.004" scanms="0.000" postms="0.000" />
</gc-op>
<gc-end id="5650" type="partial gc" contextid="5645" durationms="2.705" usertimems="0.000" systemtimems="4.000" timestamp="2019-06-17T04:32:16.269" activeThreads="4">
  <mem-info id="5651" free="41943040" total="68157440" percent="61">
    <mem type="eden" free="1048520" total="1048576" percent="99" />
    <remembered-set count="35264" freebytes="2579584" totalbytes="2720640" percent="94" regionsoverflowed="0" regionsstable="4" regionsrebuilding="13"/>
  </mem-info>
</gc-end>
<cycle-end id="5652" type="partial gc" contextid="5645" timestamp="2019-06-17T04:32:16.269" />
  <attribute name="elasticGC enabled" value="1" />
  <attribute name= "numThreadsSpecified" value="4" />
  <attribute name="heapSize specified" value="0" />
  <attribute name="Current GC Util" value="56" />
  <attribute name= "Current Time Running" value="65704" />
  <attribute name ="GC Interval" value="0" />
  <attribute name="ProportionalT" value="54.000000" />
  <attribute name="ProportionalI" value="54.000000" />
  <attribute name="ProportionalH" value="54.000000" />
  <attribute name="Current Error" value="36.000000" />
  <attribute name="IntegralT" value="36.000000" />
  <attribute name="IntegralI" value="36.000000" />
  <attribute name="IntegralH" value="36.000000" />
  <attribute name="DerivativeT" value="-39.000000" />
  <attribute name="DerivativeI" value="-39.000000" />
  <attribute name="DerivativeH" value="-39.000000" />
  <attribute name="Loop Time for DT" value="1.000000" />
  <attribute name="Output H" value="8388608"/>
  <attribute name="Output I" value="200"/>
  <attribute name="Output T" value="4"/>
  <attribute name="Target GC Util Change" value ="20.000000" />
  <attribute name="Current GC Util Change" value="56.000000"/>
  <attribute name="GC Util currently" value="56" />
  <attribute name="CPU Util currently" value="21802909211934" />
<exclusive-end id="5653" timestamp="2019-06-17T04:32:16.269" durationms="3.349" />

<exclusive-start id="5654" timestamp="2019-06-17T04:32:16.273" intervalms="7.416">
  <response-info timems="0.060" idlems="0.060" threads="0" lastid="0000000002320700" lastname="main" />
</exclusive-start>
<allocation-taxation id="5655" taxation-threshold="11534336" timestamp="2019-06-17T04:32:16.273" intervalms="7.477" />
<gc-start id="5656" type="global mark phase" contextid="5574" timestamp="2019-06-17T04:32:16.274">
  <mem-info id="5657" free="30408704" total="68157440" percent="44">
    <remembered-set count="35264" freebytes="2579584" totalbytes="2720640" percent="94" regionsoverflowed="0" regionsstable="4" regionsrebuilding="13"/>
  </mem-info>
</gc-start>
<gc-end id="5658" type="global mark phase" contextid="5574" durationms="0.137" usertimems="0.000" systemtimems="0.000" timestamp="2019-06-17T04:32:16.274" activeThreads="4">
  <mem-info id="5659" free="30408704" total="68157440" percent="44">
    <remembered-set count="35264" freebytes="2579584" totalbytes="2720640" percent="94" regionsoverflowed="0" regionsstable="4" regionsrebuilding="13"/>
  </mem-info>
</gc-end>
<concurrent-start id="5660" type="GMP work packet processing" contextid="5574" timestamp="2019-06-17T04:32:16.274">
  <concurrent-mark-start scanTarget="1940907" />
</concurrent-start>
<exclusive-end id="5661" timestamp="2019-06-17T04:32:16.274" durationms="0.766" />

<concurrent-end id="5662" type="GMP work packet processing" contextid="5574" timestamp="2019-06-17T04:32:16.275">
  <concurrent-mark-end bytesScanned="1999588" reasonForTermination="Work target met" />
</concurrent-end>

<exclusive-start id="5663" timestamp="2019-06-17T04:32:16.278" intervalms="4.731">
  <response-info timems="0.024" idlems="0.024" threads="0" lastid="0000000002320700" lastname="main" />
</exclusive-start>
<allocation-taxation id="5664" taxation-threshold="11534336" timestamp="2019-06-17T04:32:16.278" intervalms="4.697" />
<cycle-start id="5665" type="partial gc" contextid="0" timestamp="2019-06-17T04:32:16.278" intervalms="12.242" />
<gc-start id="5666" type="partial gc" contextid="5665" timestamp="2019-06-17T04:32:16.278">
  <mem-info id="5667" free="18874368" total="68157440" percent="27">
    <mem type="eden" free="1048520" total="24117248" percent="4" />
    <remembered-set count="43456" freebytes="2546816" totalbytes="2720640" percent="93" regionsoverflowed="0" regionsstable="4" regionsrebuilding="13"/>
  </mem-info>
</gc-start>
<allocation-stats totalBytes="22990680" >
  <allocated-bytes non-tlh="0" tlh="22990680" arrayletleaf="0"/>
  <largest-consumer threadName="main" threadId="0000000002320700" bytes="11496584" />
</allocation-stats>
<gc-op id="5668" type="copy forward" timems="1.754" contextid="5665" timestamp="2019-06-17T04:32:16.281">
  <memory-copied type="eden" objects="2" bytes="56" bytesdiscarded="0" />
  <memory-copied type="other" objects="0" bytes="0" bytesdiscarded="0" />
  <memory-cardclean objects="14" bytes="320" />
  <regions eden="22" other="1" />
  <remembered-set-cleared processed="41606" cleared="2" durationms="0.181" />
  <stringconstants candidates="13741" cleared="0"  />
</gc-op>
<gc-op id="5669" type="classunload" timems="0.004" contextid="5665" timestamp="2019-06-17T04:32:16.281">
  <classunload-info classloadercandidates="53" classloadersunloaded="0" classesunloaded="0" anonymousclassesunloaded="0" quiescems="0.000" setupms="0.004" scanms="0.000" postms="0.000" />
</gc-op>
<gc-end id="5670" type="partial gc" contextid="5665" durationms="2.723" usertimems="4.000" systemtimems="0.000" timestamp="2019-06-17T04:32:16.281" activeThreads="4">
  <mem-info id="5671" free="41943040" total="68157440" percent="61">
    <mem type="eden" free="1048520" total="1048576" percent="99" />
    <remembered-set count="43072" freebytes="2548352" totalbytes="2720640" percent="93" regionsoverflowed="0" regionsstable="4" regionsrebuilding="13"/>
  </mem-info>
</gc-end>
<cycle-end id="5672" type="partial gc" contextid="5665" timestamp="2019-06-17T04:32:16.281" />
  <attribute name="elasticGC enabled" value="1" />
  <attribute name= "numThreadsSpecified" value="4" />
  <attribute name="heapSize specified" value="0" />
  <attribute name="Current GC Util" value="50" />
  <attribute name= "Current Time Running" value="65716" />
  <attribute name ="GC Interval" value="0" />
  <attribute name="ProportionalT" value="45.000000" />
  <attribute name="ProportionalI" value="45.000000" />
  <attribute name="ProportionalH" value="45.000000" />
  <attribute name="Current Error" value="30.000000" />
  <attribute name="IntegralT" value="0.000000" />
  <attribute name="IntegralI" value="0.000000" />
  <attribute name="IntegralH" value="0.000000" />
  <attribute name="DerivativeT" value="-inf" />
  <attribute name="DerivativeI" value="-inf" />
  <attribute name="DerivativeH" value="-inf" />
  <attribute name="Loop Time for DT" value="0.000000" />
  <attribute name="Output H" value="2091843584"/>
  <attribute name="Output I" value="200"/>
  <attribute name="Output T" value="4"/>
  <attribute name="Target GC Util Change" value ="20.000000" />
  <attribute name="Current GC Util Change" value="50.000000"/>
  <attribute name="GC Util currently" value="50" />
  <attribute name="CPU Util currently" value="20907469296609" />
<exclusive-end id="5673" timestamp="2019-06-17T04:32:16.281" durationms="3.425" />

<exclusive-start id="5674" timestamp="2019-06-17T04:32:16.285" intervalms="7.534">
  <response-info timems="0.071" idlems="0.071" threads="0" lastid="0000000002320700" lastname="main" />
</exclusive-start>
<allocation-taxation id="5675" taxation-threshold="11534336" timestamp="2019-06-17T04:32:16.286" intervalms="7.549" />
<gc-start id="5676" type="global mark phase" contextid="5574" timestamp="2019-06-17T04:32:16.286">
  <mem-info id="5677" free="30408704" total="68157440" percent="44">
    <remembered-set count="42624" freebytes="2550144" totalbytes="2720640" percent="93" regionsoverflowed="0" regionsstable="4" regionsrebuilding="13"/>
  </mem-info>
</gc-start>
<gc-end id="5678" type="global mark phase" contextid="5574" durationms="0.137" usertimems="0.000" systemtimems="0.000" timestamp="2019-06-17T04:32:16.286" activeThreads="4">
  <mem-info id="5679" free="30408704" total="68157440" percent="44">
    <remembered-set count="42624" freebytes="2550144" totalbytes="2720640" percent="93" regionsoverflowed="0" regionsstable="4" regionsrebuilding="13"/>
  </mem-info>
</gc-end>
<concurrent-start id="5680" type="GMP work packet processing" contextid="5574" timestamp="2019-06-17T04:32:16.286">
  <concurrent-mark-start scanTarget="1940907" />
</concurrent-start>
<exclusive-end id="5681" timestamp="2019-06-17T04:32:16.286" durationms="0.738" />

<concurrent-end id="5682" type="GMP work packet processing" contextid="5574" timestamp="2019-06-17T04:32:16.288">
  <concurrent-mark-end bytesScanned="1993524" reasonForTermination="Work target met" />
</concurrent-end>

<exclusive-start id="5683" timestamp="2019-06-17T04:32:16.290" intervalms="4.735">
  <response-info timems="0.054" idlems="0.054" threads="0" lastid="0000000002320700" lastname="main" />
</exclusive-start>
<allocation-taxation id="5684" taxation-threshold="11534336" timestamp="2019-06-17T04:32:16.290" intervalms="4.722" />
<cycle-start id="5685" type="partial gc" contextid="0" timestamp="2019-06-17T04:32:16.290" intervalms="12.243" />
<gc-start id="5686" type="partial gc" contextid="5685" timestamp="2019-06-17T04:32:16.291">
  <mem-info id="5687" free="18874368" total="68157440" percent="27">
    <mem type="eden" free="1048520" total="24117248" percent="4" />
    <remembered-set count="54432" freebytes="2502912" totalbytes="2720640" percent="91" regionsoverflowed="0" regionsstable="4" regionsrebuilding="13"/>
  </mem-info>
</gc-start>
<allocation-stats totalBytes="22990680" >
  <allocated-bytes non-tlh="0" tlh="22990680" arrayletleaf="0"/>
  <largest-consumer threadName="main" threadId="0000000002320700" bytes="11496584" />
</allocation-stats>
<gc-op id="5688" type="copy forward" timems="1.685" contextid="5685" timestamp="2019-06-17T04:32:16.293">
  <memory-copied type="eden" objects="2" bytes="56" bytesdiscarded="0" />
  <memory-copied type="other" objects="0" bytes="0" bytesdiscarded="0" />
  <memory-cardclean objects="14" bytes="320" />
  <regions eden="22" other="1" />
  <remembered-set-cleared processed="52455" cleared="2" durationms="0.182" />
  <stringconstants candidates="13741" cleared="0"  />
</gc-op>
<gc-op id="5689" type="classunload" timems="0.004" contextid="5685" timestamp="2019-06-17T04:32:16.293">
  <classunload-info classloadercandidates="53" classloadersunloaded="0" classesunloaded="0" anonymousclassesunloaded="0" quiescems="0.000" setupms="0.004" scanms="0.000" postms="0.000" />
</gc-op>
<gc-end id="5690" type="partial gc" contextid="5685" durationms="2.656" usertimems="4.000" systemtimems="0.000" timestamp="2019-06-17T04:32:16.293" activeThreads="4">
  <mem-info id="5691" free="41943040" total="68157440" percent="61">
    <mem type="eden" free="1048520" total="1048576" percent="99" />
    <remembered-set count="54016" freebytes="2504576" totalbytes="2720640" percent="92" regionsoverflowed="0" regionsstable="4" regionsrebuilding="13"/>
  </mem-info>
</gc-end>
<cycle-end id="5692" type="partial gc" contextid="5685" timestamp="2019-06-17T04:32:16.293" />
  <attribute name="elasticGC enabled" value="1" />
  <attribute name= "numThreadsSpecified" value="4" />
  <attribute name="heapSize specified" value="0" />
  <attribute name="Current GC Util" value="48" />
  <attribute name= "Current Time Running" value="65728" />
  <attribute name ="GC Interval" value="0" />
  <attribute name="ProportionalT" value="42.000000" />
  <attribute name="ProportionalI" value="42.000000" />
  <attribute name="ProportionalH" value="42.000000" />
  <attribute name="Current Error" value="28.000000" />
  <attribute name="IntegralT" value="0.000000" />
  <attribute name="IntegralI" value="0.000000" />
  <attribute name="IntegralH" value="0.000000" />
  <attribute name="DerivativeT" value="-inf" />
  <attribute name="DerivativeI" value="-inf" />
  <attribute name="DerivativeH" value="-inf" />
  <attribute name="Loop Time for DT" value="0.000000" />
  <attribute name="Output H" value="2091843584"/>
  <attribute name="Output I" value="200"/>
  <attribute name="Output T" value="4"/>
  <attribute name="Target GC Util Change" value ="20.000000" />
  <attribute name="Current GC Util Change" value="48.000000"/>
  <attribute name="GC Util currently" value="48" />
  <attribute name="CPU Util currently" value="20579431427102" />
<exclusive-end id="5693" timestamp="2019-06-17T04:32:16.294" durationms="3.363" />

<exclusive-start id="5694" timestamp="2019-06-17T04:32:16.298" intervalms="7.442">
  <response-info timems="0.070" idlems="0.070" threads="0" lastid="0000000002320700" lastname="main" />
</exclusive-start>
<allocation-taxation id="5695" taxation-threshold="11534336" timestamp="2019-06-17T04:32:16.298" intervalms="7.480" />
<gc-start id="5696" type="global mark phase" contextid="5574" timestamp="2019-06-17T04:32:16.298">
  <mem-info id="5697" free="30408704" total="68157440" percent="44">
    <remembered-set count="53568" freebytes="2506368" totalbytes="2720640" percent="92" regionsoverflowed="0" regionsstable="4" regionsrebuilding="13"/>
  </mem-info>
</gc-start>
<gc-end id="5698" type="global mark phase" contextid="5574" durationms="0.157" usertimems="0.000" systemtimems="0.000" timestamp="2019-06-17T04:32:16.298" activeThreads="4">
  <mem-info id="5699" free="30408704" total="68157440" percent="44">
    <remembered-set count="53568" freebytes="2506368" totalbytes="2720640" percent="92" regionsoverflowed="0" regionsstable="4" regionsrebuilding="13"/>
  </mem-info>
</gc-end>
<concurrent-start id="5700" type="GMP work packet processing" contextid="5574" timestamp="2019-06-17T04:32:16.298">
  <concurrent-mark-start scanTarget="1940907" />
</concurrent-start>
<exclusive-end id="5701" timestamp="2019-06-17T04:32:16.298" durationms="0.764" />

<concurrent-end id="5702" type="GMP work packet processing" contextid="5574" timestamp="2019-06-17T04:32:16.299">
  <concurrent-mark-end bytesScanned="1476740" reasonForTermination="Completed all work in GC phase" />
</concurrent-end>

<exclusive-start id="5703" timestamp="2019-06-17T04:32:16.302" intervalms="4.798">
  <response-info timems="0.024" idlems="0.024" threads="0" lastid="0000000002320700" lastname="main" />
</exclusive-start>
<allocation-taxation id="5704" taxation-threshold="11534336" timestamp="2019-06-17T04:32:16.303" intervalms="4.761" />
<cycle-start id="5705" type="partial gc" contextid="0" timestamp="2019-06-17T04:32:16.303" intervalms="12.278" />
<gc-start id="5706" type="partial gc" contextid="5705" timestamp="2019-06-17T04:32:16.303">
  <mem-info id="5707" free="18874368" total="68157440" percent="27">
    <mem type="eden" free="1048520" total="24117248" percent="4" />
    <remembered-set count="56800" freebytes="2493440" totalbytes="2720640" percent="91" regionsoverflowed="0" regionsstable="4" regionsrebuilding="13"/>
  </mem-info>
</gc-start>
<allocation-stats totalBytes="22990680" >
  <allocated-bytes non-tlh="0" tlh="22990680" arrayletleaf="0"/>
  <largest-consumer threadName="main" threadId="0000000002320700" bytes="11496560" />
</allocation-stats>
<gc-op id="5708" type="copy forward" timems="1.961" contextid="5705" timestamp="2019-06-17T04:32:16.306">
  <memory-copied type="eden" objects="2" bytes="56" bytesdiscarded="0" />
  <memory-copied type="other" objects="0" bytes="0" bytesdiscarded="0" />
  <memory-cardclean objects="14" bytes="320" />
  <regions eden="22" other="1" />
  <remembered-set-cleared processed="54649" cleared="2" durationms="0.192" />
  <stringconstants candidates="13741" cleared="0"  />
</gc-op>
<gc-op id="5709" type="classunload" timems="0.004" contextid="5705" timestamp="2019-06-17T04:32:16.306">
  <classunload-info classloadercandidates="53" classloadersunloaded="0" classesunloaded="0" anonymousclassesunloaded="0" quiescems="0.000" setupms="0.004" scanms="0.000" postms="0.000" />
</gc-op>
<gc-end id="5710" type="partial gc" contextid="5705" durationms="3.034" usertimems="4.000" systemtimems="0.000" timestamp="2019-06-17T04:32:16.306" activeThreads="4">
  <mem-info id="5711" free="41943040" total="68157440" percent="61">
    <mem type="eden" free="1048520" total="1048576" percent="99" />
    <remembered-set count="56384" freebytes="2495104" totalbytes="2720640" percent="91" regionsoverflowed="0" regionsstable="4" regionsrebuilding="13"/>
  </mem-info>
</gc-end>
<cycle-end id="5712" type="partial gc" contextid="5705" timestamp="2019-06-17T04:32:16.306" />
  <attribute name="elasticGC enabled" value="1" />
  <attribute name= "numThreadsSpecified" value="4" />
  <attribute name="heapSize specified" value="0" />
  <attribute name="Current GC Util" value="162" />
  <attribute name= "Current Time Running" value="65741" />
  <attribute name ="GC Interval" value="0" />
  <attribute name="ProportionalT" value="213.000000" />
  <attribute name="ProportionalI" value="213.000000" />
  <attribute name="ProportionalH" value="213.000000" />
  <attribute name="Current Error" value="142.000000" />
  <attribute name="IntegralT" value="142.000000" />
  <attribute name="IntegralI" value="142.000000" />
  <attribute name="IntegralH" value="142.000000" />
  <attribute name="DerivativeT" value="159.000000" />
  <attribute name="DerivativeI" value="159.000000" />
  <attribute name="DerivativeH" value="159.000000" />
  <attribute name="Loop Time for DT" value="1.000000" />
  <attribute name="Output H" value="8388608"/>
  <attribute name="Output I" value="520"/>
  <attribute name="Output T" value="4"/>
  <attribute name="Target GC Util Change" value ="20.000000" />
  <attribute name="Current GC Util Change" value="162.000000"/>
  <attribute name="GC Util currently" value="162" />
  <attribute name="CPU Util currently" value="13791628004949" />
<exclusive-end id="5713" timestamp="2019-06-17T04:32:16.306" durationms="3.804" />

<exclusive-start id="5714" timestamp="2019-06-17T04:32:16.310" intervalms="7.888">
  <response-info timems="0.069" idlems="0.069" threads="0" lastid="0000000002320700" lastname="main" />
</exclusive-start>
<allocation-taxation id="5715" taxation-threshold="11534336" timestamp="2019-06-17T04:32:16.310" intervalms="7.921" />
<gc-start id="5716" type="global mark phase" contextid="5574" timestamp="2019-06-17T04:32:16.311">
  <mem-info id="5717" free="30408704" total="68157440" percent="44">
    <remembered-set count="55904" freebytes="2497024" totalbytes="2720640" percent="91" regionsoverflowed="0" regionsstable="4" regionsrebuilding="13"/>
  </mem-info>
</gc-start>
<gc-op id="5718" type="mark increment" timems="4.585" contextid="5574" timestamp="2019-06-17T04:32:16.315">
  <trace-info objectcount="410" scancount="406" scanbytes="250640" />
  <cardclean-info objects="194820" bytes="5606372" />
  <finalization candidates="79" enqueued="0" />
  <ownableSynchronizers candidates="23" cleared="0" />
  <references type="soft" candidates="3566" cleared="14" enqueued="13" dynamicThreshold="19" maxThreshold="32" />
  <references type="weak" candidates="5744" cleared="0" enqueued="0" />
  <references type="phantom" candidates="100" cleared="0" enqueued="0" />
  <stringconstants candidates="13741" cleared="44"  />
</gc-op>
<gc-op id="5719" type="classunload" timems="0.005" contextid="5574" timestamp="2019-06-17T04:32:16.315">
  <classunload-info classloadercandidates="53" classloadersunloaded="0" classesunloaded="0" anonymousclassesunloaded="0" quiescems="0.000" setupms="0.005" scanms="0.000" postms="0.000" />
</gc-op>
<gc-end id="5720" type="global mark phase" contextid="5574" durationms="4.952" usertimems="12.000" systemtimems="0.000" timestamp="2019-06-17T04:32:16.316" activeThreads="4">
  <mem-info id="5721" free="30408704" total="68157440" percent="44">
    <pending-finalizers system="0" default="0" reference="13" classloader="0" />
    <remembered-set count="71264" freebytes="2435584" totalbytes="2720640" percent="89" regionsoverflowed="0" regionsstable="4" regionsrebuilding="0"/>
  </mem-info>
</gc-end>
<cycle-end id="5722" type="global mark phase" contextid="5574" timestamp="2019-06-17T04:32:16.316" />
  <attribute name="elasticGC enabled" value="1" />
  <attribute name= "numThreadsSpecified" value="4" />
  <attribute name="heapSize specified" value="0" />
  <attribute name="Current GC Util" value="87" />
  <attribute name= "Current Time Running" value="65751" />
  <attribute name ="GC Interval" value="0" />
  <attribute name="ProportionalT" value="100.500000" />
  <attribute name="ProportionalI" value="100.500000" />
  <attribute name="ProportionalH" value="100.500000" />
  <attribute name="Current Error" value="67.000000" />
  <attribute name="IntegralT" value="0.000000" />
  <attribute name="IntegralI" value="0.000000" />
  <attribute name="IntegralH" value="0.000000" />
  <attribute name="DerivativeT" value="-inf" />
  <attribute name="DerivativeI" value="-inf" />
  <attribute name="DerivativeH" value="-inf" />
  <attribute name="Loop Time for DT" value="0.000000" />
  <attribute name="Output H" value="2091843584"/>
  <attribute name="Output I" value="200"/>
  <attribute name="Output T" value="4"/>
  <attribute name="Target GC Util Change" value ="20.000000" />
  <attribute name="Current GC Util Change" value="87.000000"/>
  <attribute name="GC Util currently" value="87" />
  <attribute name="CPU Util currently" value="14653484242479" />
<exclusive-end id="5723" timestamp="2019-06-17T04:32:16.316" durationms="5.552" />

<exclusive-start id="5724" timestamp="2019-06-17T04:32:16.320" intervalms="9.877">
  <response-info timems="0.059" idlems="0.059" threads="0" lastid="0000000002320700" lastname="main" />
</exclusive-start>
<allocation-taxation id="5725" taxation-threshold="11534336" timestamp="2019-06-17T04:32:16.320" intervalms="9.808" />
<cycle-start id="5726" type="partial gc" contextid="0" timestamp="2019-06-17T04:32:16.320" intervalms="17.659" />
<gc-start id="5727" type="partial gc" contextid="5726" timestamp="2019-06-17T04:32:16.321">
  <mem-info id="5728" free="18874368" total="68157440" percent="27">
    <mem type="eden" free="1048520" total="24117248" percent="4" />
    <remembered-set count="2080" freebytes="2712320" totalbytes="2720640" percent="99" regionsoverflowed="0" regionsstable="17" regionsrebuilding="0"/>
  </mem-info>
</gc-start>
<allocation-stats totalBytes="22990680" >
  <allocated-bytes non-tlh="0" tlh="22990680" arrayletleaf="0"/>
  <largest-consumer threadName="main" threadId="0000000002320700" bytes="11496560" />
</allocation-stats>
<gc-op id="5729" type="sweep" timems="0.640" contextid="5726" timestamp="2019-06-17T04:32:16.322" />
<gc-op id="5730" type="copy forward" timems="0.824" contextid="5726" timestamp="2019-06-17T04:32:16.323">
  <memory-copied type="eden" objects="2" bytes="56" bytesdiscarded="0" />
  <memory-copied type="other" objects="0" bytes="0" bytesdiscarded="0" />
  <memory-cardclean objects="52" bytes="2488" />
  <regions eden="11" other="1" />
  <remembered-set-cleared processed="546" cleared="1" durationms="0.105" />
  <stringconstants candidates="13697" cleared="0"  />
</gc-op>
<gc-op id="5731" type="classunload" timems="0.004" contextid="5726" timestamp="2019-06-17T04:32:16.323">
  <classunload-info classloadercandidates="53" classloadersunloaded="0" classesunloaded="0" anonymousclassesunloaded="0" quiescems="0.000" setupms="0.004" scanms="0.000" postms="0.000" />
</gc-op>
<gc-end id="5732" type="partial gc" contextid="5726" durationms="2.651" usertimems="4.000" systemtimems="0.000" timestamp="2019-06-17T04:32:16.323" activeThreads="1">
  <mem-info id="5733" free="41943040" total="68157440" percent="61">
    <mem type="eden" free="1048520" total="1048576" percent="99" />
    <remembered-set count="2560" freebytes="2710400" totalbytes="2720640" percent="99" regionsoverflowed="0" regionsstable="17" regionsrebuilding="0"/>
  </mem-info>
</gc-end>
<cycle-end id="5734" type="partial gc" contextid="5726" timestamp="2019-06-17T04:32:16.323" />
  <attribute name="elasticGC enabled" value="1" />
  <attribute name= "numThreadsSpecified" value="1" />
  <attribute name="heapSize specified" value="0" />
  <attribute name="Current GC Util" value="61" />
  <attribute name= "Current Time Running" value="65759" />
  <attribute name ="GC Interval" value="0" />
  <attribute name="ProportionalT" value="61.500000" />
  <attribute name="ProportionalI" value="61.500000" />
  <attribute name="ProportionalH" value="61.500000" />
  <attribute name="Current Error" value="41.000000" />
  <attribute name="IntegralT" value="0.000000" />
  <attribute name="IntegralI" value="0.000000" />
  <attribute name="IntegralH" value="0.000000" />
  <attribute name="DerivativeT" value="inf" />
  <attribute name="DerivativeI" value="inf" />
  <attribute name="DerivativeH" value="inf" />
  <attribute name="Loop Time for DT" value="0.000000" />
  <attribute name="Output H" value="8388608"/>
  <attribute name="Output I" value="200"/>
  <attribute name="Output T" value="1"/>
  <attribute name="Target GC Util Change" value ="20.000000" />
  <attribute name="Current GC Util Change" value="61.000000"/>
  <attribute name="GC Util currently" value="61" />
  <attribute name="CPU Util currently" value="27166396359353" />
<exclusive-end id="5735" timestamp="2019-06-17T04:32:16.324" durationms="3.316" />

<exclusive-start id="5736" timestamp="2019-06-17T04:32:16.332" intervalms="11.634">
  <response-info timems="0.070" idlems="0.070" threads="0" lastid="0000000002320700" lastname="main" />
</exclusive-start>
<allocation-taxation id="5737" taxation-threshold="24117248" timestamp="2019-06-17T04:32:16.332" intervalms="11.697" />
<cycle-start id="5738" type="partial gc" contextid="0" timestamp="2019-06-17T04:32:16.332" intervalms="11.732" />
<gc-start id="5739" type="partial gc" contextid="5738" timestamp="2019-06-17T04:32:16.332">
  <mem-info id="5740" free="17825792" total="68157440" percent="26">
    <mem type="eden" free="1048520" total="25165824" percent="4" />
    <remembered-set count="2080" freebytes="2712320" totalbytes="2720640" percent="99" regionsoverflowed="0" regionsstable="17" regionsrebuilding="0"/>
  </mem-info>
</gc-start>
<allocation-stats totalBytes="24035824" >
  <allocated-bytes non-tlh="0" tlh="24035824" arrayletleaf="0"/>
  <largest-consumer threadName="main" threadId="0000000002320700" bytes="24035824" />
</allocation-stats>
<gc-op id="5741" type="copy forward" timems="3.654" contextid="5738" timestamp="2019-06-17T04:32:16.337">
  <memory-copied type="eden" objects="2" bytes="56" bytesdiscarded="0" />
  <memory-copied type="other" objects="22122" bytes="675016" bytesdiscarded="0" />
  <memory-cardclean objects="8171" bytes="383520" />
  <regions eden="23" other="6" />
  <remembered-set-cleared processed="7" cleared="1" durationms="0.081" />
  <finalization candidates="3" enqueued="0" />
  <references type="soft" candidates="334" cleared="0" enqueued="0" dynamicThreshold="19" maxThreshold="32" />
  <references type="weak" candidates="269" cleared="0" enqueued="0" />
  <stringconstants candidates="13697" cleared="0"  />
</gc-op>
<gc-op id="5742" type="classunload" timems="0.005" contextid="5738" timestamp="2019-06-17T04:32:16.337">
  <classunload-info classloadercandidates="53" classloadersunloaded="0" classesunloaded="0" anonymousclassesunloaded="0" quiescems="0.000" setupms="0.004" scanms="0.000" postms="0.000" />
</gc-op>
<heap-resize id="5743" type="contract" space="default" amount="4194304" count="1" timems="0.298" reason="excess free space following gc" timestamp="2019-06-17T04:32:16.337" />
<gc-end id="5744" type="partial gc" contextid="5738" durationms="4.997" usertimems="0.000" systemtimems="4.000" timestamp="2019-06-17T04:32:16.337" activeThreads="1">
  <mem-info id="5745" free="40894464" total="63963136" percent="63">
    <mem type="eden" free="1048520" total="1048576" percent="99" />
    <remembered-set count="2432" freebytes="2710912" totalbytes="2720640" percent="99" regionsoverflowed="0" regionsstable="17" regionsrebuilding="0"/>
  </mem-info>
</gc-end>
<cycle-end id="5746" type="partial gc" contextid="5738" timestamp="2019-06-17T04:32:16.337" />
  <attribute name="elasticGC enabled" value="1" />
  <attribute name= "numThreadsSpecified" value="1" />
  <attribute name="heapSize specified" value="0" />
  <attribute name="Current GC Util" value="171" />
  <attribute name= "Current Time Running" value="65770" />
  <attribute name ="GC Interval" value="0" />
  <attribute name="ProportionalT" value="226.500000" />
  <attribute name="ProportionalI" value="226.500000" />
  <attribute name="ProportionalH" value="226.500000" />
  <attribute name="Current Error" value="151.000000" />
  <attribute name="IntegralT" value="0.000000" />
  <attribute name="IntegralI" value="0.000000" />
  <attribute name="IntegralH" value="0.000000" />
  <attribute name="DerivativeT" value="inf" />
  <attribute name="DerivativeI" value="inf" />
  <attribute name="DerivativeH" value="inf" />
  <attribute name="Loop Time for DT" value="0.000000" />
  <attribute name="Output H" value="8388608"/>
  <attribute name="Output I" value="200"/>
  <attribute name="Output T" value="1"/>
  <attribute name="Target GC Util Change" value ="20.000000" />
  <attribute name="Current GC Util Change" value="171.000000"/>
  <attribute name="GC Util currently" value="171" />
  <attribute name="CPU Util currently" value="14119163651087" />
<exclusive-end id="5747" timestamp="2019-06-17T04:32:16.338" durationms="5.709" />

<exclusive-start id="5748" timestamp="2019-06-17T04:32:16.345" intervalms="13.554">
  <response-info timems="0.046" idlems="0.046" threads="0" lastid="0000000002320700" lastname="main" />
</exclusive-start>
<allocation-taxation id="5749" taxation-threshold="23068672" timestamp="2019-06-17T04:32:16.346" intervalms="13.559" />
<cycle-start id="5750" type="partial gc" contextid="0" timestamp="2019-06-17T04:32:16.346" intervalms="13.561" />
<gc-start id="5751" type="partial gc" contextid="5750" timestamp="2019-06-17T04:32:16.346">
  <mem-info id="5752" free="17825792" total="63963136" percent="27">
    <mem type="eden" free="1048520" total="24117248" percent="4" />
    <remembered-set count="2048" freebytes="2712448" totalbytes="2720640" percent="99" regionsoverflowed="0" regionsstable="17" regionsrebuilding="0"/>
  </mem-info>
</gc-start>
<allocation-stats totalBytes="22990680" >
  <allocated-bytes non-tlh="0" tlh="22990680" arrayletleaf="0"/>
  <largest-consumer threadName="main" threadId="0000000002320700" bytes="22990680" />
</allocation-stats>
<gc-op id="5753" type="copy forward" timems="3.365" contextid="5750" timestamp="2019-06-17T04:32:16.350">
  <memory-copied type="eden" objects="2" bytes="56" bytesdiscarded="0" />
  <memory-copied type="other" objects="1" bytes="520" bytesdiscarded="0" />
  <memory-cardclean objects="7779" bytes="370768" />
  <regions eden="22" other="2" />
  <remembered-set-cleared processed="32" cleared="2" durationms="0.081" />
  <stringconstants candidates="13697" cleared="0"  />
</gc-op>
<gc-op id="5754" type="classunload" timems="0.003" contextid="5750" timestamp="2019-06-17T04:32:16.350">
  <classunload-info classloadercandidates="53" classloadersunloaded="0" classesunloaded="0" anonymousclassesunloaded="0" quiescems="0.000" setupms="0.003" scanms="0.000" postms="0.000" />
</gc-op>
<heap-resize id="5755" type="contract" space="default" amount="4194304" count="1" timems="0.291" reason="excess free space following gc" timestamp="2019-06-17T04:32:16.351" />
<gc-end id="5756" type="partial gc" contextid="5750" durationms="5.029" usertimems="12.000" systemtimems="0.000" timestamp="2019-06-17T04:32:16.351" activeThreads="4">
  <mem-info id="5757" free="36700160" total="59768832" percent="61">
    <mem type="eden" free="1048520" total="1048576" percent="99" />
    <remembered-set count="2080" freebytes="2544896" totalbytes="2553216" percent="99" regionsoverflowed="0" regionsstable="17" regionsrebuilding="0"/>
  </mem-info>
</gc-end>
<cycle-end id="5758" type="partial gc" contextid="5750" timestamp="2019-06-17T04:32:16.351" />
  <attribute name="elasticGC enabled" value="1" />
  <attribute name= "numThreadsSpecified" value="4" />
  <attribute name="heapSize specified" value="0" />
  <attribute name="Current GC Util" value="187" />
  <attribute name= "Current Time Running" value="65784" />
  <attribute name ="GC Interval" value="0" />
  <attribute name="ProportionalT" value="250.500000" />
  <attribute name="ProportionalI" value="250.500000" />
  <attribute name="ProportionalH" value="250.500000" />
  <attribute name="Current Error" value="167.000000" />
  <attribute name="IntegralT" value="167.000000" />
  <attribute name="IntegralI" value="167.000000" />
  <attribute name="IntegralH" value="167.000000" />
  <attribute name="DerivativeT" value="229.500000" />
  <attribute name="DerivativeI" value="229.500000" />
  <attribute name="DerivativeH" value="229.500000" />
  <attribute name="Loop Time for DT" value="1.000000" />
  <attribute name="Output H" value="8388608"/>
  <attribute name="Output I" value="648"/>
  <attribute name="Output T" value="4"/>
  <attribute name="Target GC Util Change" value ="20.000000" />
  <attribute name="Current GC Util Change" value="187.000000"/>
  <attribute name="GC Util currently" value="187" />
  <attribute name="CPU Util currently" value="8308056673306" />
<exclusive-end id="5759" timestamp="2019-06-17T04:32:16.351" durationms="5.751" />

<exclusive-start id="5760" timestamp="2019-06-17T04:32:16.359" intervalms="13.285">
  <response-info timems="0.050" idlems="0.050" threads="0" lastid="0000000002320700" lastname="main" />
</exclusive-start>
<allocation-taxation id="5761" taxation-threshold="22020096" timestamp="2019-06-17T04:32:16.359" intervalms="13.291" />
<cycle-start id="5762" type="partial gc" contextid="0" timestamp="2019-06-17T04:32:16.359" intervalms="13.292" />
<gc-start id="5763" type="partial gc" contextid="5762" timestamp="2019-06-17T04:32:16.359">
  <mem-info id="5764" free="14680064" total="59768832" percent="24">
    <mem type="eden" free="1048520" total="23068672" percent="4" />
    <remembered-set count="1600" freebytes="2546816" totalbytes="2553216" percent="99" regionsoverflowed="0" regionsstable="17" regionsrebuilding="0"/>
  </mem-info>
</gc-start>
<allocation-stats totalBytes="21945536" >
  <allocated-bytes non-tlh="0" tlh="21945536" arrayletleaf="0"/>
  <largest-consumer threadName="main" threadId="0000000002320700" bytes="21945536" />
</allocation-stats>
<gc-op id="5765" type="copy forward" timems="1.001" contextid="5762" timestamp="2019-06-17T04:32:16.361">
  <memory-copied type="eden" objects="2" bytes="56" bytesdiscarded="0" />
  <memory-copied type="other" objects="0" bytes="0" bytesdiscarded="0" />
  <memory-cardclean objects="14" bytes="320" />
  <regions eden="21" other="1" />
  <remembered-set-cleared processed="542" cleared="0" durationms="0.095" />
  <stringconstants candidates="13697" cleared="0"  />
</gc-op>
<gc-op id="5766" type="classunload" timems="0.004" contextid="5762" timestamp="2019-06-17T04:32:16.361">
  <classunload-info classloadercandidates="53" classloadersunloaded="0" classesunloaded="0" anonymousclassesunloaded="0" quiescems="0.000" setupms="0.004" scanms="0.000" postms="0.000" />
</gc-op>
<gc-end id="5767" type="partial gc" contextid="5762" durationms="2.258" usertimems="0.000" systemtimems="0.000" timestamp="2019-06-17T04:32:16.361" activeThreads="1">
  <mem-info id="5768" free="36700160" total="59768832" percent="61">
    <mem type="eden" free="1048520" total="1048576" percent="99" />
    <remembered-set count="1216" freebytes="2380928" totalbytes="2385792" percent="99" regionsoverflowed="0" regionsstable="17" regionsrebuilding="0"/>
  </mem-info>
</gc-end>
<cycle-end id="5769" type="partial gc" contextid="5762" timestamp="2019-06-17T04:32:16.362" />
  <attribute name="elasticGC enabled" value="1" />
  <attribute name= "numThreadsSpecified" value="1" />
  <attribute name="heapSize specified" value="0" />
  <attribute name="Current GC Util" value="138" />
  <attribute name= "Current Time Running" value="65797" />
  <attribute name ="GC Interval" value="0" />
  <attribute name="ProportionalT" value="177.000000" />
  <attribute name="ProportionalI" value="177.000000" />
  <attribute name="ProportionalH" value="177.000000" />
  <attribute name="Current Error" value="118.000000" />
  <attribute name="IntegralT" value="0.000000" />
  <attribute name="IntegralI" value="0.000000" />
  <attribute name="IntegralH" value="0.000000" />
  <attribute name="DerivativeT" value="inf" />
  <attribute name="DerivativeI" value="inf" />
  <attribute name="DerivativeH" value="inf" />
  <attribute name="Loop Time for DT" value="0.000000" />
  <attribute name="Output H" value="8388608"/>
  <attribute name="Output I" value="200"/>
  <attribute name="Output T" value="1"/>
  <attribute name="Target GC Util Change" value ="20.000000" />
  <attribute name="Current GC Util Change" value="138.000000"/>
  <attribute name="GC Util currently" value="138" />
  <attribute name="CPU Util currently" value="8638396929366" />
<exclusive-end id="5770" timestamp="2019-06-17T04:32:16.362" durationms="3.031" />

<exclusive-start id="5771" timestamp="2019-06-17T04:32:16.365" intervalms="6.719">
  <response-info timems="0.057" idlems="0.057" threads="0" lastid="0000000002320700" lastname="main" />
</exclusive-start>
<allocation-taxation id="5772" taxation-threshold="10485760" timestamp="2019-06-17T04:32:16.365" intervalms="6.680" />
<cycle-start id="5773" type="global mark phase" contextid="0" timestamp="2019-06-17T04:32:16.366" intervalms="147.593" />
<gc-start id="5774" type="global mark phase" contextid="5773" timestamp="2019-06-17T04:32:16.366">
  <mem-info id="5775" free="26214400" total="59768832" percent="43">
    <remembered-set count="736" freebytes="2382848" totalbytes="2385792" percent="99" regionsoverflowed="0" regionsstable="17" regionsrebuilding="0"/>
  </mem-info>
</gc-start>
<gc-op id="5776" type="mark increment" timems="2.339" contextid="5773" timestamp="2019-06-17T04:32:16.368">
  <trace-info objectcount="17322" scancount="6298" scanbytes="228348" />
</gc-op>
<gc-end id="5777" type="global mark phase" contextid="5773" durationms="2.563" usertimems="4.000" systemtimems="0.000" timestamp="2019-06-17T04:32:16.368" activeThreads="4">
  <mem-info id="5778" free="26214400" total="59768832" percent="43">
    <remembered-set count="2784" freebytes="2374656" totalbytes="2385792" percent="99" regionsoverflowed="0" regionsstable="0" regionsrebuilding="17"/>
  </mem-info>
</gc-end>
<concurrent-start id="5779" type="GMP work packet processing" contextid="5773" timestamp="2019-06-17T04:32:16.368">
  <concurrent-mark-start scanTarget="1670909" />
</concurrent-start>
<exclusive-end id="5780" timestamp="2019-06-17T04:32:16.369" durationms="3.150" />

<concurrent-end id="5781" type="GMP work packet processing" contextid="5773" timestamp="2019-06-17T04:32:16.371">
  <concurrent-mark-end bytesScanned="1757824" reasonForTermination="Work target met" />
</concurrent-end>

<exclusive-start id="5782" timestamp="2019-06-17T04:32:16.372" intervalms="6.858">
  <response-info timems="0.052" idlems="0.052" threads="0" lastid="0000000002320700" lastname="main" />
</exclusive-start>
<allocation-taxation id="5783" taxation-threshold="10485760" timestamp="2019-06-17T04:32:16.372" intervalms="6.871" />
<cycle-start id="5784" type="partial gc" contextid="0" timestamp="2019-06-17T04:32:16.372" intervalms="13.565" />
<gc-start id="5785" type="partial gc" contextid="5784" timestamp="2019-06-17T04:32:16.373">
  <mem-info id="5786" free="15728640" total="59768832" percent="26">
    <mem type="eden" free="1048520" total="22020096" percent="4" />
    <remembered-set count="23232" freebytes="2292864" totalbytes="2385792" percent="96" regionsoverflowed="0" regionsstable="0" regionsrebuilding="17"/>
  </mem-info>
</gc-start>
<allocation-stats totalBytes="20900416" >
  <allocated-bytes non-tlh="0" tlh="20900416" arrayletleaf="0"/>
  <largest-consumer threadName="main" threadId="0000000002320700" bytes="10451440" />
</allocation-stats>
<gc-op id="5787" type="copy forward" timems="1.374" contextid="5784" timestamp="2019-06-17T04:32:16.375">
  <memory-copied type="eden" objects="2" bytes="56" bytesdiscarded="0" />
  <memory-copied type="other" objects="0" bytes="0" bytesdiscarded="0" />
  <memory-cardclean objects="14" bytes="320" />
  <regions eden="20" other="1" />
  <remembered-set-cleared processed="21408" cleared="3" durationms="0.192" />
  <stringconstants candidates="13697" cleared="0"  />
</gc-op>
<gc-op id="5788" type="classunload" timems="0.004" contextid="5784" timestamp="2019-06-17T04:32:16.375">
  <classunload-info classloadercandidates="53" classloadersunloaded="0" classesunloaded="0" anonymousclassesunloaded="0" quiescems="0.000" setupms="0.004" scanms="0.000" postms="0.000" />
</gc-op>
<gc-end id="5789" type="partial gc" contextid="5784" durationms="2.278" usertimems="4.000" systemtimems="0.000" timestamp="2019-06-17T04:32:16.375" activeThreads="1">
  <mem-info id="5790" free="36700160" total="59768832" percent="61">
    <mem type="eden" free="1048520" total="1048576" percent="99" />
    <remembered-set count="23712" freebytes="2290944" totalbytes="2385792" percent="96" regionsoverflowed="0" regionsstable="0" regionsrebuilding="17"/>
  </mem-info>
</gc-end>
<cycle-end id="5791" type="partial gc" contextid="5784" timestamp="2019-06-17T04:32:16.375" />
  <attribute name="elasticGC enabled" value="1" />
  <attribute name= "numThreadsSpecified" value="1" />
  <attribute name="heapSize specified" value="0" />
  <attribute name="Current GC Util" value="224" />
  <attribute name= "Current Time Running" value="65810" />
  <attribute name ="GC Interval" value="0" />
  <attribute name="ProportionalT" value="306.000000" />
  <attribute name="ProportionalI" value="306.000000" />
  <attribute name="ProportionalH" value="306.000000" />
  <attribute name="Current Error" value="204.000000" />
  <attribute name="IntegralT" value="0.000000" />
  <attribute name="IntegralI" value="0.000000" />
  <attribute name="IntegralH" value="0.000000" />
  <attribute name="DerivativeT" value="inf" />
  <attribute name="DerivativeI" value="inf" />
  <attribute name="DerivativeH" value="inf" />
  <attribute name="Loop Time for DT" value="0.000000" />
  <attribute name="Output H" value="8388608"/>
  <attribute name="Output I" value="200"/>
  <attribute name="Output T" value="1"/>
  <attribute name="Target GC Util Change" value ="20.000000" />
  <attribute name="Current GC Util Change" value="224.000000"/>
  <attribute name="GC Util currently" value="224" />
  <attribute name="CPU Util currently" value="14680866605659" />
<exclusive-end id="5792" timestamp="2019-06-17T04:32:16.375" durationms="3.006" />

<exclusive-start id="5793" timestamp="2019-06-17T04:32:16.379" intervalms="6.685">
  <response-info timems="0.026" idlems="0.026" threads="0" lastid="0000000002320700" lastname="main" />
</exclusive-start>
<allocation-taxation id="5794" taxation-threshold="10485760" timestamp="2019-06-17T04:32:16.379" intervalms="6.694" />
<gc-start id="5795" type="global mark phase" contextid="5773" timestamp="2019-06-17T04:32:16.379">
  <mem-info id="5796" free="26214400" total="59768832" percent="43">
    <remembered-set count="23264" freebytes="2292736" totalbytes="2385792" percent="96" regionsoverflowed="0" regionsstable="0" regionsrebuilding="17"/>
  </mem-info>
</gc-start>
<gc-end id="5797" type="global mark phase" contextid="5773" durationms="0.117" usertimems="0.000" systemtimems="0.000" timestamp="2019-06-17T04:32:16.379" activeThreads="1">
  <mem-info id="5798" free="26214400" total="59768832" percent="43">
    <remembered-set count="23264" freebytes="2292736" totalbytes="2385792" percent="96" regionsoverflowed="0" regionsstable="0" regionsrebuilding="17"/>
  </mem-info>
</gc-end>
<concurrent-start id="5799" type="GMP work packet processing" contextid="5773" timestamp="2019-06-17T04:32:16.379">
  <concurrent-mark-start scanTarget="1048576" />
</concurrent-start>
<exclusive-end id="5800" timestamp="2019-06-17T04:32:16.380" durationms="0.687" />

<concurrent-end id="5801" type="GMP work packet processing" contextid="5773" timestamp="2019-06-17T04:32:16.381">
  <concurrent-mark-end bytesScanned="1093960" reasonForTermination="Work target met" />
</concurrent-end>

<exclusive-start id="5802" timestamp="2019-06-17T04:32:16.384" intervalms="4.802">
  <response-info timems="0.028" idlems="0.028" threads="0" lastid="0000000002320700" lastname="main" />
</exclusive-start>
<allocation-taxation id="5803" taxation-threshold="10485760" timestamp="2019-06-17T04:32:16.384" intervalms="4.779" />
<cycle-start id="5804" type="partial gc" contextid="0" timestamp="2019-06-17T04:32:16.384" intervalms="11.482" />
<gc-start id="5805" type="partial gc" contextid="5804" timestamp="2019-06-17T04:32:16.384">
  <mem-info id="5806" free="15728640" total="59768832" percent="26">
    <mem type="eden" free="1048520" total="22020096" percent="4" />
    <remembered-set count="32480" freebytes="2255872" totalbytes="2385792" percent="94" regionsoverflowed="0" regionsstable="0" regionsrebuilding="17"/>
  </mem-info>
</gc-start>
<allocation-stats totalBytes="20880936" >
  <allocated-bytes non-tlh="0" tlh="20880936" arrayletleaf="0"/>
  <largest-consumer threadName="main" threadId="0000000002320700" bytes="10431984" />
</allocation-stats>
<gc-op id="5807" type="copy forward" timems="1.547" contextid="5804" timestamp="2019-06-17T04:32:16.386">
  <memory-copied type="eden" objects="27" bytes="1944" bytesdiscarded="0" />
  <memory-copied type="other" objects="0" bytes="0" bytesdiscarded="0" />
  <memory-cardclean objects="78" bytes="2616" />
  <regions eden="20" other="1" />
  <remembered-set-cleared processed="31108" cleared="77" durationms="0.266" />
  <stringconstants candidates="13697" cleared="0"  />
</gc-op>
<gc-op id="5808" type="classunload" timems="0.003" contextid="5804" timestamp="2019-06-17T04:32:16.387">
  <classunload-info classloadercandidates="53" classloadersunloaded="0" classesunloaded="0" anonymousclassesunloaded="0" quiescems="0.000" setupms="0.003" scanms="0.000" postms="0.000" />
</gc-op>
<gc-end id="5809" type="partial gc" contextid="5804" durationms="2.645" usertimems="0.000" systemtimems="0.000" timestamp="2019-06-17T04:32:16.387" activeThreads="1">
  <mem-info id="5810" free="36700160" total="59768832" percent="61">
    <mem type="eden" free="1046632" total="1048576" percent="99" />
    <remembered-set count="32832" freebytes="2254464" totalbytes="2385792" percent="94" regionsoverflowed="0" regionsstable="0" regionsrebuilding="17"/>
  </mem-info>
</gc-end>
<cycle-end id="5811" type="partial gc" contextid="5804" timestamp="2019-06-17T04:32:16.387" />
  <attribute name="elasticGC enabled" value="1" />
  <attribute name= "numThreadsSpecified" value="1" />
  <attribute name="heapSize specified" value="0" />
  <attribute name="Current GC Util" value="161" />
  <attribute name= "Current Time Running" value="65822" />
  <attribute name ="GC Interval" value="0" />
  <attribute name="ProportionalT" value="211.500000" />
  <attribute name="ProportionalI" value="211.500000" />
  <attribute name="ProportionalH" value="211.500000" />
  <attribute name="Current Error" value="141.000000" />
  <attribute name="IntegralT" value="0.000000" />
  <attribute name="IntegralI" value="0.000000" />
  <attribute name="IntegralH" value="0.000000" />
  <attribute name="DerivativeT" value="inf" />
  <attribute name="DerivativeI" value="inf" />
  <attribute name="DerivativeH" value="inf" />
  <attribute name="Loop Time for DT" value="0.000000" />
  <attribute name="Output H" value="8388608"/>
  <attribute name="Output I" value="200"/>
  <attribute name="Output T" value="1"/>
  <attribute name="Target GC Util Change" value ="20.000000" />
  <attribute name="Current GC Util Change" value="161.000000"/>
  <attribute name="GC Util currently" value="161" />
  <attribute name="CPU Util currently" value="13769926087049" />
<exclusive-end id="5812" timestamp="2019-06-17T04:32:16.387" durationms="3.388" />

<exclusive-start id="5813" timestamp="2019-06-17T04:32:16.391" intervalms="7.145">
  <response-info timems="0.057" idlems="0.057" threads="0" lastid="0000000002320700" lastname="main" />
</exclusive-start>
<allocation-taxation id="5814" taxation-threshold="10485760" timestamp="2019-06-17T04:32:16.391" intervalms="7.171" />
<gc-start id="5815" type="global mark phase" contextid="5773" timestamp="2019-06-17T04:32:16.391">
  <mem-info id="5816" free="26214400" total="59768832" percent="43">
    <remembered-set count="32416" freebytes="2256128" totalbytes="2385792" percent="94" regionsoverflowed="0" regionsstable="0" regionsrebuilding="17"/>
  </mem-info>
</gc-start>
<gc-end id="5817" type="global mark phase" contextid="5773" durationms="0.124" usertimems="0.000" systemtimems="0.000" timestamp="2019-06-17T04:32:16.391" activeThreads="1">
  <mem-info id="5818" free="26214400" total="59768832" percent="43">
    <remembered-set count="32416" freebytes="2256128" totalbytes="2385792" percent="94" regionsoverflowed="0" regionsstable="0" regionsrebuilding="17"/>
  </mem-info>
</gc-end>
<concurrent-start id="5819" type="GMP work packet processing" contextid="5773" timestamp="2019-06-17T04:32:16.391">
  <concurrent-mark-start scanTarget="1048576" />
</concurrent-start>
<exclusive-end id="5820" timestamp="2019-06-17T04:32:16.392" durationms="0.681" />

<concurrent-end id="5821" type="GMP work packet processing" contextid="5773" timestamp="2019-06-17T04:32:16.393">
  <concurrent-mark-end bytesScanned="1112352" reasonForTermination="Work target met" />
</concurrent-end>

<exclusive-start id="5822" timestamp="2019-06-17T04:32:16.395" intervalms="4.367">
  <response-info timems="0.060" idlems="0.060" threads="0" lastid="0000000002320700" lastname="main" />
</exclusive-start>
<allocation-taxation id="5823" taxation-threshold="10485760" timestamp="2019-06-17T04:32:16.395" intervalms="4.334" />
<cycle-start id="5824" type="partial gc" contextid="0" timestamp="2019-06-17T04:32:16.395" intervalms="11.480" />
<gc-start id="5825" type="partial gc" contextid="5824" timestamp="2019-06-17T04:32:16.396">
  <mem-info id="5826" free="15728640" total="59768832" percent="26">
    <mem type="eden" free="0" total="20971520" percent="0" />
    <remembered-set count="42368" freebytes="2216320" totalbytes="2385792" percent="92" regionsoverflowed="0" regionsstable="0" regionsrebuilding="17"/>
  </mem-info>
</gc-start>
<allocation-stats totalBytes="20832000" >
  <allocated-bytes non-tlh="0" tlh="20832000" arrayletleaf="0"/>
  <largest-consumer threadName="main" threadId="0000000002320700" bytes="10416000" />
</allocation-stats>
<gc-op id="5827" type="copy forward" timems="1.493" contextid="5824" timestamp="2019-06-17T04:32:16.398">
  <memory-copied type="eden" objects="1" bytes="40" bytesdiscarded="0" />
  <memory-copied type="other" objects="26" bytes="1904" bytesdiscarded="0" />
  <memory-cardclean objects="63" bytes="2376" />
  <regions eden="20" other="1" />
  <remembered-set-cleared processed="40592" cleared="44" durationms="0.296" />
  <stringconstants candidates="13697" cleared="0"  />
</gc-op>
<gc-op id="5828" type="classunload" timems="0.003" contextid="5824" timestamp="2019-06-17T04:32:16.398">
  <classunload-info classloadercandidates="53" classloadersunloaded="0" classesunloaded="0" anonymousclassesunloaded="0" quiescems="0.000" setupms="0.003" scanms="0.000" postms="0.000" />
</gc-op>
<heap-resize id="5829" type="expand" space="default" amount="1048576" count="1" timems="0.056" reason="excessive time being spent in gc" timestamp="2019-06-17T04:32:16.398" />
<gc-end id="5830" type="partial gc" contextid="5824" durationms="2.769" usertimems="4.000" systemtimems="0.000" timestamp="2019-06-17T04:32:16.398" activeThreads="1">
  <mem-info id="5831" free="36700160" total="60817408" percent="60">
    <mem type="eden" free="1048536" total="1048576" percent="99" />
    <remembered-set count="42752" freebytes="2256640" totalbytes="2427648" percent="92" regionsoverflowed="0" regionsstable="0" regionsrebuilding="17"/>
  </mem-info>
</gc-end>
<cycle-end id="5832" type="partial gc" contextid="5824" timestamp="2019-06-17T04:32:16.399" />
  <attribute name="elasticGC enabled" value="1" />
  <attribute name= "numThreadsSpecified" value="1" />
  <attribute name="heapSize specified" value="0" />
  <attribute name="Current GC Util" value="171" />
  <attribute name= "Current Time Running" value="65833" />
  <attribute name ="GC Interval" value="0" />
  <attribute name="ProportionalT" value="226.500000" />
  <attribute name="ProportionalI" value="226.500000" />
  <attribute name="ProportionalH" value="226.500000" />
  <attribute name="Current Error" value="151.000000" />
  <attribute name="IntegralT" value="0.000000" />
  <attribute name="IntegralI" value="0.000000" />
  <attribute name="IntegralH" value="0.000000" />
  <attribute name="DerivativeT" value="inf" />
  <attribute name="DerivativeI" value="inf" />
  <attribute name="DerivativeH" value="inf" />
  <attribute name="Loop Time for DT" value="0.000000" />
  <attribute name="Output H" value="8388608"/>
  <attribute name="Output I" value="200"/>
  <attribute name="Output T" value="1"/>
  <attribute name="Target GC Util Change" value ="20.000000" />
  <attribute name="Current GC Util Change" value="171.000000"/>
  <attribute name="GC Util currently" value="171" />
  <attribute name="CPU Util currently" value="13757807746469" />
<exclusive-end id="5833" timestamp="2019-06-17T04:32:16.399" durationms="3.474" />

<exclusive-start id="5834" timestamp="2019-06-17T04:32:16.403" intervalms="7.272">
  <response-info timems="0.052" idlems="0.052" threads="0" lastid="0000000002320700" lastname="main" />
</exclusive-start>
<allocation-taxation id="5835" taxation-threshold="10485760" timestamp="2019-06-17T04:32:16.403" intervalms="7.297" />
<gc-start id="5836" type="global mark phase" contextid="5773" timestamp="2019-06-17T04:32:16.403">
  <mem-info id="5837" free="26214400" total="60817408" percent="43">
    <remembered-set count="42368" freebytes="2258176" totalbytes="2427648" percent="93" regionsoverflowed="0" regionsstable="0" regionsrebuilding="17"/>
  </mem-info>
</gc-start>
<gc-end id="5838" type="global mark phase" contextid="5773" durationms="0.115" usertimems="0.000" systemtimems="0.000" timestamp="2019-06-17T04:32:16.403" activeThreads="1">
  <mem-info id="5839" free="26214400" total="60817408" percent="43">
    <remembered-set count="42368" freebytes="2258176" totalbytes="2427648" percent="93" regionsoverflowed="0" regionsstable="0" regionsrebuilding="17"/>
  </mem-info>
</gc-end>
<concurrent-start id="5840" type="GMP work packet processing" contextid="5773" timestamp="2019-06-17T04:32:16.403">
  <concurrent-mark-start scanTarget="1048576" />
</concurrent-start>
<exclusive-end id="5841" timestamp="2019-06-17T04:32:16.403" durationms="0.701" />

<concurrent-end id="5842" type="GMP work packet processing" contextid="5773" timestamp="2019-06-17T04:32:16.404">
  <concurrent-mark-end bytesScanned="1101908" reasonForTermination="Work target met" />
</concurrent-end>

<exclusive-start id="5843" timestamp="2019-06-17T04:32:16.407" intervalms="4.360">
  <response-info timems="0.026" idlems="0.026" threads="0" lastid="0000000002320700" lastname="main" />
</exclusive-start>
<allocation-taxation id="5844" taxation-threshold="10485760" timestamp="2019-06-17T04:32:16.407" intervalms="4.338" />
<cycle-start id="5845" type="partial gc" contextid="0" timestamp="2019-06-17T04:32:16.407" intervalms="11.658" />
<gc-start id="5846" type="partial gc" contextid="5845" timestamp="2019-06-17T04:32:16.407">
  <mem-info id="5847" free="15728640" total="60817408" percent="25">
    <mem type="eden" free="1048536" total="22020096" percent="4" />
    <remembered-set count="52128" freebytes="2219136" totalbytes="2427648" percent="91" regionsoverflowed="0" regionsstable="0" regionsrebuilding="17"/>
  </mem-info>
</gc-start>
<allocation-stats totalBytes="20832000" >
  <allocated-bytes non-tlh="0" tlh="20832000" arrayletleaf="0"/>
  <largest-consumer threadName="main" threadId="0000000002320700" bytes="10416000" />
</allocation-stats>
<gc-op id="5848" type="copy forward" timems="1.624" contextid="5845" timestamp="2019-06-17T04:32:16.410">
  <memory-copied type="eden" objects="1" bytes="40" bytesdiscarded="0" />
  <memory-copied type="other" objects="0" bytes="0" bytesdiscarded="0" />
  <memory-cardclean objects="10" bytes="424" />
  <regions eden="20" other="1" />
  <remembered-set-cleared processed="50680" cleared="7" durationms="0.370" />
  <stringconstants candidates="13697" cleared="0"  />
</gc-op>
<gc-op id="5849" type="classunload" timems="0.004" contextid="5845" timestamp="2019-06-17T04:32:16.410">
  <classunload-info classloadercandidates="53" classloadersunloaded="0" classesunloaded="0" anonymousclassesunloaded="0" quiescems="0.000" setupms="0.003" scanms="0.000" postms="0.000" />
</gc-op>
<gc-end id="5850" type="partial gc" contextid="5845" durationms="2.727" usertimems="4.000" systemtimems="0.000" timestamp="2019-06-17T04:32:16.410" activeThreads="1">
  <mem-info id="5851" free="36700160" total="60817408" percent="60">
    <mem type="eden" free="1048536" total="1048576" percent="99" />
    <remembered-set count="52128" freebytes="2219136" totalbytes="2427648" percent="91" regionsoverflowed="0" regionsstable="0" regionsrebuilding="17"/>
  </mem-info>
</gc-end>
<cycle-end id="5852" type="partial gc" contextid="5845" timestamp="2019-06-17T04:32:16.410" />
  <attribute name="elasticGC enabled" value="1" />
  <attribute name= "numThreadsSpecified" value="1" />
  <attribute name="heapSize specified" value="0" />
  <attribute name="Current GC Util" value="163" />
  <attribute name= "Current Time Running" value="65845" />
  <attribute name ="GC Interval" value="0" />
  <attribute name="ProportionalT" value="214.500000" />
  <attribute name="ProportionalI" value="214.500000" />
  <attribute name="ProportionalH" value="214.500000" />
  <attribute name="Current Error" value="143.000000" />
  <attribute name="IntegralT" value="0.000000" />
  <attribute name="IntegralI" value="0.000000" />
  <attribute name="IntegralH" value="0.000000" />
  <attribute name="DerivativeT" value="inf" />
  <attribute name="DerivativeI" value="inf" />
  <attribute name="DerivativeH" value="inf" />
  <attribute name="Loop Time for DT" value="0.000000" />
  <attribute name="Output H" value="8388608"/>
  <attribute name="Output I" value="200"/>
  <attribute name="Output T" value="1"/>
  <attribute name="Target GC Util Change" value ="20.000000" />
  <attribute name="Current GC Util Change" value="163.000000"/>
  <attribute name="GC Util currently" value="163" />
  <attribute name="CPU Util currently" value="13811743613271" />
<exclusive-end id="5853" timestamp="2019-06-17T04:32:16.410" durationms="3.482" />

<exclusive-start id="5854" timestamp="2019-06-17T04:32:16.414" intervalms="7.242">
  <response-info timems="0.057" idlems="0.057" threads="0" lastid="0000000002320700" lastname="main" />
</exclusive-start>
<allocation-taxation id="5855" taxation-threshold="10485760" timestamp="2019-06-17T04:32:16.414" intervalms="7.285" />
<gc-start id="5856" type="global mark phase" contextid="5773" timestamp="2019-06-17T04:32:16.414">
  <mem-info id="5857" free="26214400" total="60817408" percent="43">
    <remembered-set count="52128" freebytes="2219136" totalbytes="2427648" percent="91" regionsoverflowed="0" regionsstable="0" regionsrebuilding="17"/>
  </mem-info>
</gc-start>
<gc-end id="5858" type="global mark phase" contextid="5773" durationms="0.131" usertimems="0.000" systemtimems="0.000" timestamp="2019-06-17T04:32:16.415" activeThreads="1">
  <mem-info id="5859" free="26214400" total="60817408" percent="43">
    <remembered-set count="52128" freebytes="2219136" totalbytes="2427648" percent="91" regionsoverflowed="0" regionsstable="0" regionsrebuilding="17"/>
  </mem-info>
</gc-end>
<concurrent-start id="5860" type="GMP work packet processing" contextid="5773" timestamp="2019-06-17T04:32:16.415">
  <concurrent-mark-start scanTarget="1048576" />
</concurrent-start>
<exclusive-end id="5861" timestamp="2019-06-17T04:32:16.415" durationms="0.739" />

<concurrent-end id="5862" type="GMP work packet processing" contextid="5773" timestamp="2019-06-17T04:32:16.416">
  <concurrent-mark-end bytesScanned="1098204" reasonForTermination="Work target met" />
</concurrent-end>

<exclusive-start id="5863" timestamp="2019-06-17T04:32:16.419" intervalms="4.417">
  <response-info timems="0.057" idlems="0.057" threads="0" lastid="0000000002320700" lastname="main" />
</exclusive-start>
<allocation-taxation id="5864" taxation-threshold="10485760" timestamp="2019-06-17T04:32:16.419" intervalms="4.386" />
<cycle-start id="5865" type="partial gc" contextid="0" timestamp="2019-06-17T04:32:16.419" intervalms="11.651" />
<gc-start id="5866" type="partial gc" contextid="5865" timestamp="2019-06-17T04:32:16.419">
  <mem-info id="5867" free="15728640" total="60817408" percent="25">
    <mem type="eden" free="1048536" total="22020096" percent="4" />
    <remembered-set count="65472" freebytes="2165760" totalbytes="2427648" percent="89" regionsoverflowed="0" regionsstable="0" regionsrebuilding="17"/>
  </mem-info>
</gc-start>
<allocation-stats totalBytes="20836800" >
  <allocated-bytes non-tlh="0" tlh="20836800" arrayletleaf="0"/>
  <largest-consumer threadName="main" threadId="0000000002320700" bytes="10420032" />
</allocation-stats>
<gc-op id="5868" type="copy forward" timems="3.536" contextid="5865" timestamp="2019-06-17T04:32:16.423">
  <memory-copied type="eden" objects="2" bytes="64" bytesdiscarded="0" />
  <memory-copied type="other" objects="0" bytes="0" bytesdiscarded="0" />
  <memory-cardclean objects="10" bytes="424" />
  <regions eden="20" other="1" />
  <remembered-set-cleared processed="63348" cleared="7" durationms="0.262" />
  <stringconstants candidates="13697" cleared="0"  />
</gc-op>
<gc-op id="5869" type="classunload" timems="0.004" contextid="5865" timestamp="2019-06-17T04:32:16.423">
  <classunload-info classloadercandidates="53" classloadersunloaded="0" classesunloaded="0" anonymousclassesunloaded="0" quiescems="0.000" setupms="0.004" scanms="0.000" postms="0.000" />
</gc-op>
<gc-end id="5870" type="partial gc" contextid="5865" durationms="4.592" usertimems="4.000" systemtimems="4.000" timestamp="2019-06-17T04:32:16.424" activeThreads="4">
  <mem-info id="5871" free="36700160" total="60817408" percent="60">
    <mem type="eden" free="1048512" total="1048576" percent="99" />
    <remembered-set count="64928" freebytes="2167936" totalbytes="2427648" percent="89" regionsoverflowed="0" regionsstable="0" regionsrebuilding="17"/>
  </mem-info>
</gc-end>
<cycle-end id="5872" type="partial gc" contextid="5865" timestamp="2019-06-17T04:32:16.424" />
  <attribute name="elasticGC enabled" value="1" />
  <attribute name= "numThreadsSpecified" value="4" />
  <attribute name="heapSize specified" value="0" />
  <attribute name="Current GC Util" value="213" />
  <attribute name= "Current Time Running" value="65857" />
  <attribute name ="GC Interval" value="0" />
  <attribute name="ProportionalT" value="289.500000" />
  <attribute name="ProportionalI" value="289.500000" />
  <attribute name="ProportionalH" value="289.500000" />
  <attribute name="Current Error" value="193.000000" />
  <attribute name="IntegralT" value="193.000000" />
  <attribute name="IntegralI" value="193.000000" />
  <attribute name="IntegralH" value="193.000000" />
  <attribute name="DerivativeT" value="195.000000" />
  <attribute name="DerivativeI" value="195.000000" />
  <attribute name="DerivativeH" value="195.000000" />
  <attribute name="Loop Time for DT" value="1.000000" />
  <attribute name="Output H" value="8388608"/>
  <attribute name="Output I" value="680"/>
  <attribute name="Output T" value="4"/>
  <attribute name="Target GC Util Change" value ="20.000000" />
  <attribute name="Current GC Util Change" value="213.000000"/>
  <attribute name="GC Util currently" value="213" />
  <attribute name="CPU Util currently" value="13751367016309" />
<exclusive-end id="5873" timestamp="2019-06-17T04:32:16.424" durationms="5.337" />

<exclusive-start id="5874" timestamp="2019-06-17T04:32:16.428" intervalms="9.050">
  <response-info timems="0.026" idlems="0.026" threads="0" lastid="0000000002320700" lastname="main" />
</exclusive-start>
<allocation-taxation id="5875" taxation-threshold="10485760" timestamp="2019-06-17T04:32:16.428" intervalms="9.063" />
<gc-start id="5876" type="global mark phase" contextid="5773" timestamp="2019-06-17T04:32:16.428">
  <mem-info id="5877" free="26214400" total="60817408" percent="43">
    <remembered-set count="64928" freebytes="2167936" totalbytes="2427648" percent="89" regionsoverflowed="0" regionsstable="0" regionsrebuilding="17"/>
  </mem-info>
</gc-start>
<gc-end id="5878" type="global mark phase" contextid="5773" durationms="0.116" usertimems="0.000" systemtimems="0.000" timestamp="2019-06-17T04:32:16.428" activeThreads="4">
  <mem-info id="5879" free="26214400" total="60817408" percent="43">
    <remembered-set count="64928" freebytes="2167936" totalbytes="2427648" percent="89" regionsoverflowed="0" regionsstable="0" regionsrebuilding="17"/>
  </mem-info>
</gc-end>
<concurrent-start id="5880" type="GMP work packet processing" contextid="5773" timestamp="2019-06-17T04:32:16.428">
  <concurrent-mark-start scanTarget="1670909" />
</concurrent-start>
<exclusive-end id="5881" timestamp="2019-06-17T04:32:16.428" durationms="0.666" />

<concurrent-end id="5882" type="GMP work packet processing" contextid="5773" timestamp="2019-06-17T04:32:16.430">
  <concurrent-mark-end bytesScanned="1716976" reasonForTermination="Work target met" />
</concurrent-end>

<exclusive-start id="5883" timestamp="2019-06-17T04:32:16.432" intervalms="4.260">
  <response-info timems="0.028" idlems="0.028" threads="0" lastid="0000000002320700" lastname="main" />
</exclusive-start>
<allocation-taxation id="5884" taxation-threshold="10485760" timestamp="2019-06-17T04:32:16.432" intervalms="4.233" />
<cycle-start id="5885" type="partial gc" contextid="0" timestamp="2019-06-17T04:32:16.432" intervalms="13.319" />
<gc-start id="5886" type="partial gc" contextid="5885" timestamp="2019-06-17T04:32:16.432">
  <mem-info id="5887" free="15728640" total="60817408" percent="25">
    <mem type="eden" free="1048512" total="22020096" percent="4" />
    <remembered-set count="87136" freebytes="2079104" totalbytes="2427648" percent="85" regionsoverflowed="0" regionsstable="0" regionsrebuilding="17"/>
  </mem-info>
</gc-start>
<allocation-stats totalBytes="20840064" >
  <allocated-bytes non-tlh="0" tlh="20840064" arrayletleaf="0"/>
  <largest-consumer threadName="main" threadId="0000000002320700" bytes="10420032" />
</allocation-stats>
<gc-op id="5888" type="copy forward" timems="1.707" contextid="5885" timestamp="2019-06-17T04:32:16.435">
  <memory-copied type="eden" objects="2" bytes="64" bytesdiscarded="0" />
  <memory-copied type="other" objects="0" bytes="0" bytesdiscarded="0" />
  <memory-cardclean objects="10" bytes="424" />
  <regions eden="20" other="1" />
  <remembered-set-cleared processed="85053" cleared="8" durationms="0.568" />
  <stringconstants candidates="13697" cleared="0"  />
</gc-op>
<gc-op id="5889" type="classunload" timems="0.004" contextid="5885" timestamp="2019-06-17T04:32:16.435">
  <classunload-info classloadercandidates="53" classloadersunloaded="0" classesunloaded="0" anonymousclassesunloaded="0" quiescems="0.000" setupms="0.004" scanms="0.000" postms="0.000" />
</gc-op>
<gc-end id="5890" type="partial gc" contextid="5885" durationms="2.800" usertimems="4.000" systemtimems="0.000" timestamp="2019-06-17T04:32:16.435" activeThreads="1">
  <mem-info id="5891" free="36700160" total="60817408" percent="60">
    <mem type="eden" free="1048512" total="1048576" percent="99" />
    <remembered-set count="87616" freebytes="2077184" totalbytes="2427648" percent="85" regionsoverflowed="0" regionsstable="0" regionsrebuilding="17"/>
  </mem-info>
</gc-end>
<cycle-end id="5892" type="partial gc" contextid="5885" timestamp="2019-06-17T04:32:16.435" />
  <attribute name="elasticGC enabled" value="1" />
  <attribute name= "numThreadsSpecified" value="1" />
  <attribute name="heapSize specified" value="0" />
  <attribute name="Current GC Util" value="162" />
  <attribute name= "Current Time Running" value="65870" />
  <attribute name ="GC Interval" value="0" />
  <attribute name="ProportionalT" value="213.000000" />
  <attribute name="ProportionalI" value="213.000000" />
  <attribute name="ProportionalH" value="213.000000" />
  <attribute name="Current Error" value="142.000000" />
  <attribute name="IntegralT" value="0.000000" />
  <attribute name="IntegralI" value="0.000000" />
  <attribute name="IntegralH" value="0.000000" />
  <attribute name="DerivativeT" value="inf" />
  <attribute name="DerivativeI" value="inf" />
  <attribute name="DerivativeH" value="inf" />
  <attribute name="Loop Time for DT" value="0.000000" />
  <attribute name="Output H" value="8388608"/>
  <attribute name="Output I" value="200"/>
  <attribute name="Output T" value="1"/>
  <attribute name="Target GC Util Change" value ="20.000000" />
  <attribute name="Current GC Util Change" value="162.000000"/>
  <attribute name="GC Util currently" value="162" />
  <attribute name="CPU Util currently" value="13756043123202" />
<exclusive-end id="5893" timestamp="2019-06-17T04:32:16.435" durationms="3.530" />

<exclusive-start id="5894" timestamp="2019-06-17T04:32:16.439" intervalms="7.218">
  <response-info timems="0.058" idlems="0.058" threads="0" lastid="0000000002320700" lastname="main" />
</exclusive-start>
<allocation-taxation id="5895" taxation-threshold="10485760" timestamp="2019-06-17T04:32:16.439" intervalms="7.224" />
<gc-start id="5896" type="global mark phase" contextid="5773" timestamp="2019-06-17T04:32:16.439">
  <mem-info id="5897" free="26214400" total="60817408" percent="43">
    <remembered-set count="87168" freebytes="2078976" totalbytes="2427648" percent="85" regionsoverflowed="0" regionsstable="0" regionsrebuilding="17"/>
  </mem-info>
</gc-start>
<gc-end id="5898" type="global mark phase" contextid="5773" durationms="0.120" usertimems="0.000" systemtimems="0.000" timestamp="2019-06-17T04:32:16.439" activeThreads="1">
  <mem-info id="5899" free="26214400" total="60817408" percent="43">
    <remembered-set count="87168" freebytes="2078976" totalbytes="2427648" percent="85" regionsoverflowed="0" regionsstable="0" regionsrebuilding="17"/>
  </mem-info>
</gc-end>
<concurrent-start id="5900" type="GMP work packet processing" contextid="5773" timestamp="2019-06-17T04:32:16.440">
  <concurrent-mark-start scanTarget="1048576" />
</concurrent-start>
<exclusive-end id="5901" timestamp="2019-06-17T04:32:16.440" durationms="0.609" />

<concurrent-end id="5902" type="GMP work packet processing" contextid="5773" timestamp="2019-06-17T04:32:16.441">
  <concurrent-mark-end bytesScanned="1085876" reasonForTermination="Work target met" />
</concurrent-end>

<exclusive-start id="5903" timestamp="2019-06-17T04:32:16.443" intervalms="4.193">
  <response-info timems="0.023" idlems="0.023" threads="0" lastid="0000000002320700" lastname="main" />
</exclusive-start>
<allocation-taxation id="5904" taxation-threshold="10485760" timestamp="2019-06-17T04:32:16.443" intervalms="4.195" />
<cycle-start id="5905" type="partial gc" contextid="0" timestamp="2019-06-17T04:32:16.443" intervalms="11.420" />
<gc-start id="5906" type="partial gc" contextid="5905" timestamp="2019-06-17T04:32:16.444">
  <mem-info id="5907" free="15728640" total="60817408" percent="25">
    <mem type="eden" free="1048512" total="22020096" percent="4" />
    <remembered-set count="101504" freebytes="2021632" totalbytes="2427648" percent="83" regionsoverflowed="0" regionsstable="0" regionsrebuilding="17"/>
  </mem-info>
</gc-start>
<allocation-stats totalBytes="20840064" >
  <allocated-bytes non-tlh="0" tlh="20840064" arrayletleaf="0"/>
  <largest-consumer threadName="main" threadId="0000000002320700" bytes="10420032" />
</allocation-stats>
<gc-op id="5908" type="copy forward" timems="1.829" contextid="5905" timestamp="2019-06-17T04:32:16.446">
  <memory-copied type="eden" objects="2" bytes="64" bytesdiscarded="0" />
  <memory-copied type="other" objects="0" bytes="0" bytesdiscarded="0" />
  <memory-cardclean objects="10" bytes="424" />
  <regions eden="20" other="1" />
  <remembered-set-cleared processed="99875" cleared="8" durationms="0.669" />
  <stringconstants candidates="13697" cleared="0"  />
</gc-op>
<gc-op id="5909" type="classunload" timems="0.004" contextid="5905" timestamp="2019-06-17T04:32:16.446">
  <classunload-info classloadercandidates="53" classloadersunloaded="0" classesunloaded="0" anonymousclassesunloaded="0" quiescems="0.000" setupms="0.004" scanms="0.000" postms="0.000" />
</gc-op>
<gc-end id="5910" type="partial gc" contextid="5905" durationms="2.957" usertimems="4.000" systemtimems="0.000" timestamp="2019-06-17T04:32:16.447" activeThreads="1">
  <mem-info id="5911" free="36700160" total="60817408" percent="60">
    <mem type="eden" free="1048512" total="1048576" percent="99" />
    <remembered-set count="101984" freebytes="2019712" totalbytes="2427648" percent="83" regionsoverflowed="0" regionsstable="0" regionsrebuilding="17"/>
  </mem-info>
</gc-end>
<cycle-end id="5912" type="partial gc" contextid="5905" timestamp="2019-06-17T04:32:16.447" />
  <attribute name="elasticGC enabled" value="1" />
  <attribute name= "numThreadsSpecified" value="1" />
  <attribute name="heapSize specified" value="0" />
  <attribute name="Current GC Util" value="160" />
  <attribute name= "Current Time Running" value="65881" />
  <attribute name ="GC Interval" value="0" />
  <attribute name="ProportionalT" value="210.000000" />
  <attribute name="ProportionalI" value="210.000000" />
  <attribute name="ProportionalH" value="210.000000" />
  <attribute name="Current Error" value="140.000000" />
  <attribute name="IntegralT" value="0.000000" />
  <attribute name="IntegralI" value="0.000000" />
  <attribute name="IntegralH" value="0.000000" />
  <attribute name="DerivativeT" value="inf" />
  <attribute name="DerivativeI" value="inf" />
  <attribute name="DerivativeH" value="inf" />
  <attribute name="Loop Time for DT" value="0.000000" />
  <attribute name="Output H" value="8388608"/>
  <attribute name="Output I" value="200"/>
  <attribute name="Output T" value="1"/>
  <attribute name="Target GC Util Change" value ="20.000000" />
  <attribute name="Current GC Util Change" value="160.000000"/>
  <attribute name="GC Util currently" value="160" />
  <attribute name="CPU Util currently" value="13636053272933" />
<exclusive-end id="5913" timestamp="2019-06-17T04:32:16.447" durationms="3.711" />

<exclusive-start id="5914" timestamp="2019-06-17T04:32:16.451" intervalms="7.433">
  <response-info timems="0.058" idlems="0.058" threads="0" lastid="0000000002320700" lastname="main" />
</exclusive-start>
<allocation-taxation id="5915" taxation-threshold="10485760" timestamp="2019-06-17T04:32:16.451" intervalms="7.468" />
<gc-start id="5916" type="global mark phase" contextid="5773" timestamp="2019-06-17T04:32:16.451">
  <mem-info id="5917" free="26214400" total="60817408" percent="43">
    <remembered-set count="101504" freebytes="2021632" totalbytes="2427648" percent="83" regionsoverflowed="0" regionsstable="0" regionsrebuilding="17"/>
  </mem-info>
</gc-start>
<gc-end id="5918" type="global mark phase" contextid="5773" durationms="0.130" usertimems="4.000" systemtimems="0.000" timestamp="2019-06-17T04:32:16.451" activeThreads="1">
  <mem-info id="5919" free="26214400" total="60817408" percent="43">
    <remembered-set count="101504" freebytes="2021632" totalbytes="2427648" percent="83" regionsoverflowed="0" regionsstable="0" regionsrebuilding="17"/>
  </mem-info>
</gc-end>
<concurrent-start id="5920" type="GMP work packet processing" contextid="5773" timestamp="2019-06-17T04:32:16.451">
  <concurrent-mark-start scanTarget="1048576" />
</concurrent-start>
<exclusive-end id="5921" timestamp="2019-06-17T04:32:16.451" durationms="0.742" />

<concurrent-end id="5922" type="GMP work packet processing" contextid="5773" timestamp="2019-06-17T04:32:16.452">
  <concurrent-mark-end bytesScanned="1102752" reasonForTermination="Work target met" />
</concurrent-end>

<exclusive-start id="5923" timestamp="2019-06-17T04:32:16.455" intervalms="4.422">
  <response-info timems="0.027" idlems="0.027" threads="0" lastid="0000000002320700" lastname="main" />
</exclusive-start>
<allocation-taxation id="5924" taxation-threshold="10485760" timestamp="2019-06-17T04:32:16.455" intervalms="4.386" />
<cycle-start id="5925" type="partial gc" contextid="0" timestamp="2019-06-17T04:32:16.455" intervalms="11.859" />
<gc-start id="5926" type="partial gc" contextid="5925" timestamp="2019-06-17T04:32:16.456">
  <mem-info id="5927" free="15728640" total="60817408" percent="25">
    <mem type="eden" free="1048512" total="22020096" percent="4" />
    <remembered-set count="109568" freebytes="1989376" totalbytes="2427648" percent="81" regionsoverflowed="0" regionsstable="0" regionsrebuilding="17"/>
  </mem-info>
</gc-start>
<allocation-stats totalBytes="20840064" >
  <allocated-bytes non-tlh="0" tlh="20840064" arrayletleaf="0"/>
  <largest-consumer threadName="main" threadId="0000000002320700" bytes="10420032" />
</allocation-stats>
<gc-op id="5928" type="copy forward" timems="1.717" contextid="5925" timestamp="2019-06-17T04:32:16.458">
  <memory-copied type="eden" objects="2" bytes="64" bytesdiscarded="0" />
  <memory-copied type="other" objects="0" bytes="0" bytesdiscarded="0" />
  <memory-cardclean objects="10" bytes="424" />
  <regions eden="20" other="1" />
  <remembered-set-cleared processed="107391" cleared="8" durationms="0.682" />
  <stringconstants candidates="13697" cleared="0"  />
</gc-op>
<gc-op id="5929" type="classunload" timems="0.003" contextid="5925" timestamp="2019-06-17T04:32:16.458">
  <classunload-info classloadercandidates="53" classloadersunloaded="0" classesunloaded="0" anonymousclassesunloaded="0" quiescems="0.000" setupms="0.003" scanms="0.000" postms="0.000" />
</gc-op>
<gc-end id="5930" type="partial gc" contextid="5925" durationms="2.820" usertimems="4.000" systemtimems="0.000" timestamp="2019-06-17T04:32:16.458" activeThreads="1">
  <mem-info id="5931" free="36700160" total="60817408" percent="60">
    <mem type="eden" free="1048512" total="1048576" percent="99" />
    <remembered-set count="110016" freebytes="1987584" totalbytes="2427648" percent="81" regionsoverflowed="0" regionsstable="0" regionsrebuilding="17"/>
  </mem-info>
</gc-end>
<cycle-end id="5932" type="partial gc" contextid="5925" timestamp="2019-06-17T04:32:16.459" />
  <attribute name="elasticGC enabled" value="1" />
  <attribute name= "numThreadsSpecified" value="1" />
  <attribute name="heapSize specified" value="0" />
  <attribute name="Current GC Util" value="162" />
  <attribute name= "Current Time Running" value="65893" />
  <attribute name ="GC Interval" value="0" />
  <attribute name="ProportionalT" value="213.000000" />
  <attribute name="ProportionalI" value="213.000000" />
  <attribute name="ProportionalH" value="213.000000" />
  <attribute name="Current Error" value="142.000000" />
  <attribute name="IntegralT" value="0.000000" />
  <attribute name="IntegralI" value="0.000000" />
  <attribute name="IntegralH" value="0.000000" />
  <attribute name="DerivativeT" value="inf" />
  <attribute name="DerivativeI" value="inf" />
  <attribute name="DerivativeH" value="inf" />
  <attribute name="Loop Time for DT" value="0.000000" />
  <attribute name="Output H" value="8388608"/>
  <attribute name="Output I" value="200"/>
  <attribute name="Output T" value="1"/>
  <attribute name="Target GC Util Change" value ="20.000000" />
  <attribute name="Current GC Util Change" value="162.000000"/>
  <attribute name="GC Util currently" value="162" />
  <attribute name="CPU Util currently" value="13806202869923" />
<exclusive-end id="5933" timestamp="2019-06-17T04:32:16.459" durationms="3.550" />

<exclusive-start id="5934" timestamp="2019-06-17T04:32:16.462" intervalms="7.353">
  <response-info timems="0.063" idlems="0.063" threads="0" lastid="0000000002320700" lastname="main" />
</exclusive-start>
<allocation-taxation id="5935" taxation-threshold="10485760" timestamp="2019-06-17T04:32:16.463" intervalms="7.376" />
<gc-start id="5936" type="global mark phase" contextid="5773" timestamp="2019-06-17T04:32:16.463">
  <mem-info id="5937" free="26214400" total="60817408" percent="43">
    <remembered-set count="109568" freebytes="1989376" totalbytes="2427648" percent="81" regionsoverflowed="0" regionsstable="0" regionsrebuilding="17"/>
  </mem-info>
</gc-start>
<gc-end id="5938" type="global mark phase" contextid="5773" durationms="0.130" usertimems="0.000" systemtimems="0.000" timestamp="2019-06-17T04:32:16.463" activeThreads="1">
  <mem-info id="5939" free="26214400" total="60817408" percent="43">
    <remembered-set count="109568" freebytes="1989376" totalbytes="2427648" percent="81" regionsoverflowed="0" regionsstable="0" regionsrebuilding="17"/>
  </mem-info>
</gc-end>
<concurrent-start id="5940" type="GMP work packet processing" contextid="5773" timestamp="2019-06-17T04:32:16.463">
  <concurrent-mark-start scanTarget="1048576" />
</concurrent-start>
<exclusive-end id="5941" timestamp="2019-06-17T04:32:16.463" durationms="0.710" />

<concurrent-end id="5942" type="GMP work packet processing" contextid="5773" timestamp="2019-06-17T04:32:16.464">
  <concurrent-mark-end bytesScanned="1080736" reasonForTermination="Work target met" />
</concurrent-end>

<exclusive-start id="5943" timestamp="2019-06-17T04:32:16.467" intervalms="4.395">
  <response-info timems="0.058" idlems="0.058" threads="0" lastid="0000000002320700" lastname="main" />
</exclusive-start>
<allocation-taxation id="5944" taxation-threshold="10485760" timestamp="2019-06-17T04:32:16.467" intervalms="4.368" />
<cycle-start id="5945" type="partial gc" contextid="0" timestamp="2019-06-17T04:32:16.467" intervalms="11.709" />
<gc-start id="5946" type="partial gc" contextid="5945" timestamp="2019-06-17T04:32:16.467">
  <mem-info id="5947" free="15728640" total="60817408" percent="25">
    <mem type="eden" free="1048512" total="22020096" percent="4" />
    <remembered-set count="115776" freebytes="1964544" totalbytes="2427648" percent="80" regionsoverflowed="0" regionsstable="0" regionsrebuilding="17"/>
  </mem-info>
</gc-start>
<allocation-stats totalBytes="20840064" >
  <allocated-bytes non-tlh="0" tlh="20840064" arrayletleaf="0"/>
  <largest-consumer threadName="main" threadId="0000000002320700" bytes="10420032" />
</allocation-stats>
<gc-op id="5948" type="copy forward" timems="1.779" contextid="5945" timestamp="2019-06-17T04:32:16.470">
  <memory-copied type="eden" objects="2" bytes="64" bytesdiscarded="0" />
  <memory-copied type="other" objects="0" bytes="0" bytesdiscarded="0" />
  <memory-cardclean objects="10" bytes="424" />
  <regions eden="20" other="1" />
  <remembered-set-cleared processed="114256" cleared="8" durationms="0.724" />
  <stringconstants candidates="13697" cleared="0"  />
</gc-op>
<gc-op id="5949" type="classunload" timems="0.004" contextid="5945" timestamp="2019-06-17T04:32:16.470">
  <classunload-info classloadercandidates="53" classloadersunloaded="0" classesunloaded="0" anonymousclassesunloaded="0" quiescems="0.000" setupms="0.004" scanms="0.000" postms="0.000" />
</gc-op>
<gc-end id="5950" type="partial gc" contextid="5945" durationms="2.886" usertimems="0.000" systemtimems="0.000" timestamp="2019-06-17T04:32:16.470" activeThreads="1">
  <mem-info id="5951" free="36700160" total="60817408" percent="60">
    <mem type="eden" free="1048512" total="1048576" percent="99" />
    <remembered-set count="116256" freebytes="1962624" totalbytes="2427648" percent="80" regionsoverflowed="0" regionsstable="0" regionsrebuilding="17"/>
  </mem-info>
</gc-end>
<cycle-end id="5952" type="partial gc" contextid="5945" timestamp="2019-06-17T04:32:16.470" />
  <attribute name="elasticGC enabled" value="1" />
  <attribute name= "numThreadsSpecified" value="1" />
  <attribute name="heapSize specified" value="0" />
  <attribute name="Current GC Util" value="164" />
  <attribute name= "Current Time Running" value="65905" />
  <attribute name ="GC Interval" value="0" />
  <attribute name="ProportionalT" value="216.000000" />
  <attribute name="ProportionalI" value="216.000000" />
  <attribute name="ProportionalH" value="216.000000" />
  <attribute name="Current Error" value="144.000000" />
  <attribute name="IntegralT" value="0.000000" />
  <attribute name="IntegralI" value="0.000000" />
  <attribute name="IntegralH" value="0.000000" />
  <attribute name="DerivativeT" value="inf" />
  <attribute name="DerivativeI" value="inf" />
  <attribute name="DerivativeH" value="inf" />
  <attribute name="Loop Time for DT" value="0.000000" />
  <attribute name="Output H" value="8388608"/>
  <attribute name="Output I" value="200"/>
  <attribute name="Output T" value="1"/>
  <attribute name="Target GC Util Change" value ="20.000000" />
  <attribute name="Current GC Util Change" value="164.000000"/>
  <attribute name="GC Util currently" value="164" />
  <attribute name="CPU Util currently" value="13785444020457" />
<exclusive-end id="5953" timestamp="2019-06-17T04:32:16.470" durationms="3.613" />

<exclusive-start id="5954" timestamp="2019-06-17T04:32:16.474" intervalms="7.372">
  <response-info timems="0.057" idlems="0.057" threads="0" lastid="0000000002320700" lastname="main" />
</exclusive-start>
<allocation-taxation id="5955" taxation-threshold="10485760" timestamp="2019-06-17T04:32:16.474" intervalms="7.389" />
<gc-start id="5956" type="global mark phase" contextid="5773" timestamp="2019-06-17T04:32:16.475">
  <mem-info id="5957" free="26214400" total="60817408" percent="43">
    <remembered-set count="115776" freebytes="1964544" totalbytes="2427648" percent="80" regionsoverflowed="0" regionsstable="0" regionsrebuilding="17"/>
  </mem-info>
</gc-start>
<gc-end id="5958" type="global mark phase" contextid="5773" durationms="0.124" usertimems="0.000" systemtimems="0.000" timestamp="2019-06-17T04:32:16.475" activeThreads="1">
  <mem-info id="5959" free="26214400" total="60817408" percent="43">
    <remembered-set count="115776" freebytes="1964544" totalbytes="2427648" percent="80" regionsoverflowed="0" regionsstable="0" regionsrebuilding="17"/>
  </mem-info>
</gc-end>
<concurrent-start id="5960" type="GMP work packet processing" contextid="5773" timestamp="2019-06-17T04:32:16.475">
  <concurrent-mark-start scanTarget="1048576" />
</concurrent-start>
<exclusive-end id="5961" timestamp="2019-06-17T04:32:16.475" durationms="0.694" />

<concurrent-end id="5962" type="GMP work packet processing" contextid="5773" timestamp="2019-06-17T04:32:16.476">
  <concurrent-mark-end bytesScanned="1093564" reasonForTermination="Work target met" />
</concurrent-end>

<exclusive-start id="5963" timestamp="2019-06-17T04:32:16.479" intervalms="4.384">
  <response-info timems="0.032" idlems="0.032" threads="0" lastid="0000000002320700" lastname="main" />
</exclusive-start>
<allocation-taxation id="5964" taxation-threshold="10485760" timestamp="2019-06-17T04:32:16.479" intervalms="4.368" />
<cycle-start id="5965" type="partial gc" contextid="0" timestamp="2019-06-17T04:32:16.479" intervalms="11.775" />
<gc-start id="5966" type="partial gc" contextid="5965" timestamp="2019-06-17T04:32:16.479">
  <mem-info id="5967" free="15728640" total="60817408" percent="25">
    <mem type="eden" free="1048512" total="22020096" percent="4" />
    <remembered-set count="121536" freebytes="1941504" totalbytes="2427648" percent="79" regionsoverflowed="0" regionsstable="0" regionsrebuilding="17"/>
  </mem-info>
</gc-start>
<allocation-stats totalBytes="20840064" >
  <allocated-bytes non-tlh="0" tlh="20840064" arrayletleaf="0"/>
  <largest-consumer threadName="main" threadId="0000000002320700" bytes="10420032" />
</allocation-stats>
<gc-op id="5968" type="copy forward" timems="3.627" contextid="5965" timestamp="2019-06-17T04:32:16.483">
  <memory-copied type="eden" objects="2" bytes="64" bytesdiscarded="0" />
  <memory-copied type="other" objects="0" bytes="0" bytesdiscarded="0" />
  <memory-cardclean objects="10" bytes="424" />
  <regions eden="20" other="1" />
  <remembered-set-cleared processed="119808" cleared="8" durationms="0.397" />
  <stringconstants candidates="13697" cleared="0"  />
</gc-op>
<gc-op id="5969" type="classunload" timems="0.003" contextid="5965" timestamp="2019-06-17T04:32:16.484">
  <classunload-info classloadercandidates="53" classloadersunloaded="0" classesunloaded="0" anonymousclassesunloaded="0" quiescems="0.000" setupms="0.003" scanms="0.000" postms="0.000" />
</gc-op>
<gc-end id="5970" type="partial gc" contextid="5965" durationms="4.715" usertimems="12.000" systemtimems="0.000" timestamp="2019-06-17T04:32:16.484" activeThreads="4">
  <mem-info id="5971" free="36700160" total="60817408" percent="60">
    <mem type="eden" free="1048512" total="1048576" percent="99" />
    <remembered-set count="121632" freebytes="1941120" totalbytes="2427648" percent="79" regionsoverflowed="0" regionsstable="0" regionsrebuilding="17"/>
  </mem-info>
</gc-end>
<cycle-end id="5972" type="partial gc" contextid="5965" timestamp="2019-06-17T04:32:16.484" />
  <attribute name="elasticGC enabled" value="1" />
  <attribute name= "numThreadsSpecified" value="4" />
  <attribute name="heapSize specified" value="0" />
  <attribute name="Current GC Util" value="161" />
  <attribute name= "Current Time Running" value="65917" />
  <attribute name ="GC Interval" value="0" />
  <attribute name="ProportionalT" value="211.500000" />
  <attribute name="ProportionalI" value="211.500000" />
  <attribute name="ProportionalH" value="211.500000" />
  <attribute name="Current Error" value="141.000000" />
  <attribute name="IntegralT" value="141.000000" />
  <attribute name="IntegralI" value="141.000000" />
  <attribute name="IntegralH" value="141.000000" />
  <attribute name="DerivativeT" value="141.000000" />
  <attribute name="DerivativeI" value="141.000000" />
  <attribute name="DerivativeH" value="141.000000" />
  <attribute name="Loop Time for DT" value="1.000000" />
  <attribute name="Output H" value="8388608"/>
  <attribute name="Output I" value="496"/>
  <attribute name="Output T" value="4"/>
  <attribute name="Target GC Util Change" value ="20.000000" />
  <attribute name="Current GC Util Change" value="161.000000"/>
  <attribute name="GC Util currently" value="161" />
  <attribute name="CPU Util currently" value="13855564067845" />
<exclusive-end id="5973" timestamp="2019-06-17T04:32:16.484" durationms="5.456" />

<exclusive-start id="5974" timestamp="2019-06-17T04:32:16.488" intervalms="9.182">
  <response-info timems="0.027" idlems="0.027" threads="0" lastid="0000000002320700" lastname="main" />
</exclusive-start>
<allocation-taxation id="5975" taxation-threshold="10485760" timestamp="2019-06-17T04:32:16.488" intervalms="9.200" />
<gc-start id="5976" type="global mark phase" contextid="5773" timestamp="2019-06-17T04:32:16.488">
  <mem-info id="5977" free="26214400" total="60817408" percent="43">
    <remembered-set count="121632" freebytes="1941120" totalbytes="2427648" percent="79" regionsoverflowed="0" regionsstable="0" regionsrebuilding="17"/>
  </mem-info>
</gc-start>
<gc-end id="5978" type="global mark phase" contextid="5773" durationms="0.128" usertimems="0.000" systemtimems="0.000" timestamp="2019-06-17T04:32:16.488" activeThreads="4">
  <mem-info id="5979" free="26214400" total="60817408" percent="43">
    <remembered-set count="121632" freebytes="1941120" totalbytes="2427648" percent="79" regionsoverflowed="0" regionsstable="0" regionsrebuilding="17"/>
  </mem-info>
</gc-end>
<concurrent-start id="5980" type="GMP work packet processing" contextid="5773" timestamp="2019-06-17T04:32:16.488">
  <concurrent-mark-start scanTarget="1670909" />
</concurrent-start>
<exclusive-end id="5981" timestamp="2019-06-17T04:32:16.488" durationms="0.695" />

<concurrent-end id="5982" type="GMP work packet processing" contextid="5773" timestamp="2019-06-17T04:32:16.489">
  <concurrent-mark-end bytesScanned="988344" reasonForTermination="Completed all work in GC phase" />
</concurrent-end>

<exclusive-start id="5983" timestamp="2019-06-17T04:32:16.492" intervalms="4.453">
  <response-info timems="0.075" idlems="0.075" threads="0" lastid="0000000002320700" lastname="main" />
</exclusive-start>
<allocation-taxation id="5984" taxation-threshold="10485760" timestamp="2019-06-17T04:32:16.492" intervalms="4.433" />
<cycle-start id="5985" type="partial gc" contextid="0" timestamp="2019-06-17T04:32:16.492" intervalms="13.649" />
<gc-start id="5986" type="partial gc" contextid="5985" timestamp="2019-06-17T04:32:16.493">
  <mem-info id="5987" free="15728640" total="60817408" percent="25">
    <mem type="eden" free="1048512" total="22020096" percent="4" />
    <remembered-set count="126784" freebytes="1920512" totalbytes="2427648" percent="79" regionsoverflowed="0" regionsstable="0" regionsrebuilding="17"/>
  </mem-info>
</gc-start>
<allocation-stats totalBytes="20840064" >
  <allocated-bytes non-tlh="0" tlh="20840064" arrayletleaf="0"/>
  <largest-consumer threadName="main" threadId="0000000002320700" bytes="10420032" />
</allocation-stats>
<gc-op id="5988" type="copy forward" timems="1.819" contextid="5985" timestamp="2019-06-17T04:32:16.495">
  <memory-copied type="eden" objects="2" bytes="64" bytesdiscarded="0" />
  <memory-copied type="other" objects="0" bytes="0" bytesdiscarded="0" />
  <memory-cardclean objects="10" bytes="424" />
  <regions eden="20" other="1" />
  <remembered-set-cleared processed="124547" cleared="8" durationms="0.779" />
  <stringconstants candidates="13697" cleared="0"  />
</gc-op>
<gc-op id="5989" type="classunload" timems="0.004" contextid="5985" timestamp="2019-06-17T04:32:16.495">
  <classunload-info classloadercandidates="53" classloadersunloaded="0" classesunloaded="0" anonymousclassesunloaded="0" quiescems="0.000" setupms="0.004" scanms="0.000" postms="0.000" />
</gc-op>
<gc-end id="5990" type="partial gc" contextid="5985" durationms="2.967" usertimems="4.000" systemtimems="0.000" timestamp="2019-06-17T04:32:16.496" activeThreads="1">
  <mem-info id="5991" free="36700160" total="60817408" percent="60">
    <mem type="eden" free="1048512" total="1048576" percent="99" />
    <remembered-set count="127264" freebytes="1918592" totalbytes="2427648" percent="79" regionsoverflowed="0" regionsstable="0" regionsrebuilding="17"/>
  </mem-info>
</gc-end>
<cycle-end id="5992" type="partial gc" contextid="5985" timestamp="2019-06-17T04:32:16.496" />
  <attribute name="elasticGC enabled" value="1" />
  <attribute name= "numThreadsSpecified" value="1" />
  <attribute name="heapSize specified" value="0" />
  <attribute name="Current GC Util" value="163" />
  <attribute name= "Current Time Running" value="65930" />
  <attribute name ="GC Interval" value="0" />
  <attribute name="ProportionalT" value="214.500000" />
  <attribute name="ProportionalI" value="214.500000" />
  <attribute name="ProportionalH" value="214.500000" />
  <attribute name="Current Error" value="143.000000" />
  <attribute name="IntegralT" value="0.000000" />
  <attribute name="IntegralI" value="0.000000" />
  <attribute name="IntegralH" value="0.000000" />
  <attribute name="DerivativeT" value="inf" />
  <attribute name="DerivativeI" value="inf" />
  <attribute name="DerivativeH" value="inf" />
  <attribute name="Loop Time for DT" value="0.000000" />
  <attribute name="Output H" value="8388608"/>
  <attribute name="Output I" value="200"/>
  <attribute name="Output T" value="1"/>
  <attribute name="Target GC Util Change" value ="20.000000" />
  <attribute name="Current GC Util Change" value="163.000000"/>
  <attribute name="GC Util currently" value="163" />
  <attribute name="CPU Util currently" value="13774367966849" />
<exclusive-end id="5993" timestamp="2019-06-17T04:32:16.496" durationms="3.736" />

<exclusive-start id="5994" timestamp="2019-06-17T04:32:16.500" intervalms="7.516">
  <response-info timems="0.086" idlems="0.086" threads="0" lastid="0000000002320700" lastname="main" />
</exclusive-start>
<allocation-taxation id="5995" taxation-threshold="10485760" timestamp="2019-06-17T04:32:16.500" intervalms="7.553" />
<gc-start id="5996" type="global mark phase" contextid="5773" timestamp="2019-06-17T04:32:16.500">
  <mem-info id="5997" free="26214400" total="60817408" percent="43">
    <remembered-set count="126784" freebytes="1920512" totalbytes="2427648" percent="79" regionsoverflowed="0" regionsstable="0" regionsrebuilding="17"/>
  </mem-info>
</gc-start>
<gc-op id="5998" type="mark increment" timems="2.608" contextid="5773" timestamp="2019-06-17T04:32:16.503">
  <trace-info objectcount="28" scancount="26" scanbytes="780" />
  <cardclean-info objects="78" bytes="2600" />
  <finalization candidates="79" enqueued="0" />
  <ownableSynchronizers candidates="23" cleared="0" />
  <references type="soft" candidates="3552" cleared="277" enqueued="277" dynamicThreshold="19" maxThreshold="32" />
  <references type="weak" candidates="5744" cleared="0" enqueued="0" />
  <references type="phantom" candidates="100" cleared="0" enqueued="0" />
  <stringconstants candidates="13697" cleared="0"  />
</gc-op>
<gc-op id="5999" type="classunload" timems="0.004" contextid="5773" timestamp="2019-06-17T04:32:16.503">
  <classunload-info classloadercandidates="53" classloadersunloaded="0" classesunloaded="0" anonymousclassesunloaded="0" quiescems="0.000" setupms="0.004" scanms="0.000" postms="0.000" />
</gc-op>
<gc-end id="6000" type="global mark phase" contextid="5773" durationms="2.999" usertimems="8.000" systemtimems="0.000" timestamp="2019-06-17T04:32:16.503" activeThreads="4">
  <mem-info id="6001" free="26214400" total="60817408" percent="43">
    <pending-finalizers system="0" default="0" reference="277" classloader="0" />
    <remembered-set count="127808" freebytes="1916416" totalbytes="2427648" percent="78" regionsoverflowed="0" regionsstable="0" regionsrebuilding="0"/>
  </mem-info>
</gc-end>
<cycle-end id="6002" type="global mark phase" contextid="5773" timestamp="2019-06-17T04:32:16.503" />
  <attribute name="elasticGC enabled" value="1" />
  <attribute name= "numThreadsSpecified" value="4" />
  <attribute name="heapSize specified" value="0" />
  <attribute name="Current GC Util" value="228" />
  <attribute name= "Current Time Running" value="65938" />
  <attribute name ="GC Interval" value="0" />
  <attribute name="ProportionalT" value="312.000000" />
  <attribute name="ProportionalI" value="312.000000" />
  <attribute name="ProportionalH" value="312.000000" />
  <attribute name="Current Error" value="208.000000" />
  <attribute name="IntegralT" value="0.000000" />
  <attribute name="IntegralI" value="0.000000" />
  <attribute name="IntegralH" value="0.000000" />
  <attribute name="DerivativeT" value="-inf" />
  <attribute name="DerivativeI" value="-inf" />
  <attribute name="DerivativeH" value="-inf" />
  <attribute name="Loop Time for DT" value="0.000000" />
  <attribute name="Output H" value="2091843584"/>
  <attribute name="Output I" value="200"/>
  <attribute name="Output T" value="4"/>
  <attribute name="Target GC Util Change" value ="20.000000" />
  <attribute name="Current GC Util Change" value="228.000000"/>
  <attribute name="GC Util currently" value="228" />
  <attribute name="CPU Util currently" value="10066369976089" />
<exclusive-end id="6003" timestamp="2019-06-17T04:32:16.503" durationms="3.479" />

<exclusive-start id="6004" timestamp="2019-06-17T04:32:16.508" intervalms="7.755">
  <response-info timems="0.058" idlems="0.058" threads="0" lastid="0000000002320700" lastname="main" />
</exclusive-start>
<allocation-taxation id="6005" taxation-threshold="10485760" timestamp="2019-06-17T04:32:16.508" intervalms="7.728" />
<cycle-start id="6006" type="partial gc" contextid="0" timestamp="2019-06-17T04:32:16.508" intervalms="15.255" />
<gc-start id="6007" type="partial gc" contextid="6006" timestamp="2019-06-17T04:32:16.508">
  <mem-info id="6008" free="15728640" total="60817408" percent="25">
    <mem type="eden" free="1048512" total="22020096" percent="4" />
    <remembered-set count="126912" freebytes="1920000" totalbytes="2427648" percent="79" regionsoverflowed="0" regionsstable="1" regionsrebuilding="0"/>
  </mem-info>
</gc-start>
<allocation-stats totalBytes="20840064" >
  <allocated-bytes non-tlh="0" tlh="20840064" arrayletleaf="0"/>
  <largest-consumer threadName="main" threadId="0000000002320700" bytes="10420032" />
</allocation-stats>
<gc-op id="6009" type="sweep" timems="1.040" contextid="6006" timestamp="2019-06-17T04:32:16.509" />
<gc-op id="6010" type="copy forward" timems="1.666" contextid="6006" timestamp="2019-06-17T04:32:16.512">
  <memory-copied type="eden" objects="2" bytes="64" bytesdiscarded="0" />
  <memory-copied type="other" objects="0" bytes="0" bytesdiscarded="0" />
  <memory-cardclean objects="549" bytes="21368" />
  <regions eden="10" other="1" />
  <remembered-set-cleared processed="125104" cleared="125" durationms="0.819" />
  <stringconstants candidates="13697" cleared="0"  />
</gc-op>
<gc-op id="6011" type="classunload" timems="0.003" contextid="6006" timestamp="2019-06-17T04:32:16.512">
  <classunload-info classloadercandidates="53" classloadersunloaded="0" classesunloaded="0" anonymousclassesunloaded="0" quiescems="0.000" setupms="0.003" scanms="0.000" postms="0.000" />
</gc-op>
<gc-end id="6012" type="partial gc" contextid="6006" durationms="4.012" usertimems="4.000" systemtimems="0.000" timestamp="2019-06-17T04:32:16.512" activeThreads="1">
  <mem-info id="6013" free="36700160" total="60817408" percent="60">
    <mem type="eden" free="1048512" total="1048576" percent="99" />
    <remembered-set count="127296" freebytes="1918464" totalbytes="2427648" percent="79" regionsoverflowed="0" regionsstable="1" regionsrebuilding="0"/>
  </mem-info>
</gc-end>
<cycle-end id="6014" type="partial gc" contextid="6006" timestamp="2019-06-17T04:32:16.512" />
  <attribute name="elasticGC enabled" value="1" />
  <attribute name= "numThreadsSpecified" value="1" />
  <attribute name="heapSize specified" value="0" />
  <attribute name="Current GC Util" value="180" />
  <attribute name= "Current Time Running" value="65947" />
  <attribute name ="GC Interval" value="0" />
  <attribute name="ProportionalT" value="240.000000" />
  <attribute name="ProportionalI" value="240.000000" />
  <attribute name="ProportionalH" value="240.000000" />
  <attribute name="Current Error" value="160.000000" />
  <attribute name="IntegralT" value="0.000000" />
  <attribute name="IntegralI" value="0.000000" />
  <attribute name="IntegralH" value="0.000000" />
  <attribute name="DerivativeT" value="inf" />
  <attribute name="DerivativeI" value="inf" />
  <attribute name="DerivativeH" value="inf" />
  <attribute name="Loop Time for DT" value="0.000000" />
  <attribute name="Output H" value="8388608"/>
  <attribute name="Output I" value="200"/>
  <attribute name="Output T" value="1"/>
  <attribute name="Target GC Util Change" value ="20.000000" />
  <attribute name="Current GC Util Change" value="180.000000"/>
  <attribute name="GC Util currently" value="180" />
  <attribute name="CPU Util currently" value="14899620840644" />
<exclusive-end id="6015" timestamp="2019-06-17T04:32:16.512" durationms="4.736" />

<exclusive-start id="6016" timestamp="2019-06-17T04:32:16.520" intervalms="12.449">
  <response-info timems="0.069" idlems="0.069" threads="0" lastid="0000000002320700" lastname="main" />
</exclusive-start>
<allocation-taxation id="6017" taxation-threshold="22020096" timestamp="2019-06-17T04:32:16.520" intervalms="12.466" />
<cycle-start id="6018" type="partial gc" contextid="0" timestamp="2019-06-17T04:32:16.520" intervalms="12.486" />
<gc-start id="6019" type="partial gc" contextid="6018" timestamp="2019-06-17T04:32:16.520">
  <mem-info id="6020" free="14680064" total="60817408" percent="24">
    <mem type="eden" free="1048512" total="23068672" percent="4" />
    <remembered-set count="126880" freebytes="1920128" totalbytes="2427648" percent="79" regionsoverflowed="0" regionsstable="1" regionsrebuilding="0"/>
  </mem-info>
</gc-start>
<allocation-stats totalBytes="21882072" >
  <allocated-bytes non-tlh="0" tlh="21882072" arrayletleaf="0"/>
  <largest-consumer threadName="main" threadId="0000000002320700" bytes="21882072" />
</allocation-stats>
<gc-op id="6021" type="copy forward" timems="1.702" contextid="6018" timestamp="2019-06-17T04:32:16.523">
  <memory-copied type="eden" objects="2" bytes="64" bytesdiscarded="0" />
  <memory-copied type="other" objects="32" bytes="2048" bytesdiscarded="0" />
  <memory-cardclean objects="82" bytes="2896" />
  <regions eden="21" other="3" />
  <remembered-set-cleared processed="125032" cleared="102" durationms="0.783" />
  <stringconstants candidates="13697" cleared="0"  />
</gc-op>
<gc-op id="6022" type="classunload" timems="0.003" contextid="6018" timestamp="2019-06-17T04:32:16.523">
  <classunload-info classloadercandidates="53" classloadersunloaded="0" classesunloaded="0" anonymousclassesunloaded="0" quiescems="0.000" setupms="0.003" scanms="0.000" postms="0.000" />
</gc-op>
<gc-end id="6023" type="partial gc" contextid="6018" durationms="2.805" usertimems="4.000" systemtimems="0.000" timestamp="2019-06-17T04:32:16.523" activeThreads="1">
  <mem-info id="6024" free="36700160" total="60817408" percent="60">
    <mem type="eden" free="1048512" total="1048576" percent="99" />
    <remembered-set count="127168" freebytes="1918976" totalbytes="2427648" percent="79" regionsoverflowed="0" regionsstable="1" regionsrebuilding="0"/>
  </mem-info>
</gc-end>
<cycle-end id="6025" type="partial gc" contextid="6018" timestamp="2019-06-17T04:32:16.523" />
  <attribute name="elasticGC enabled" value="1" />
  <attribute name= "numThreadsSpecified" value="1" />
  <attribute name="heapSize specified" value="0" />
  <attribute name="Current GC Util" value="303" />
  <attribute name= "Current Time Running" value="65958" />
  <attribute name ="GC Interval" value="0" />
  <attribute name="ProportionalT" value="424.500000" />
  <attribute name="ProportionalI" value="424.500000" />
  <attribute name="ProportionalH" value="424.500000" />
  <attribute name="Current Error" value="283.000000" />
  <attribute name="IntegralT" value="0.000000" />
  <attribute name="IntegralI" value="0.000000" />
  <attribute name="IntegralH" value="0.000000" />
  <attribute name="DerivativeT" value="inf" />
  <attribute name="DerivativeI" value="inf" />
  <attribute name="DerivativeH" value="inf" />
  <attribute name="Loop Time for DT" value="0.000000" />
  <attribute name="Output H" value="8388608"/>
  <attribute name="Output I" value="200"/>
  <attribute name="Output T" value="1"/>
  <attribute name="Target GC Util Change" value ="20.000000" />
  <attribute name="Current GC Util Change" value="303.000000"/>
  <attribute name="GC Util currently" value="303" />
  <attribute name="CPU Util currently" value="13232958232106" />
<exclusive-end id="6026" timestamp="2019-06-17T04:32:16.524" durationms="3.591" />

<exclusive-start id="6027" timestamp="2019-06-17T04:32:16.531" intervalms="11.241">
  <response-info timems="0.072" idlems="0.072" threads="0" lastid="0000000002320700" lastname="main" />
</exclusive-start>
<allocation-taxation id="6028" taxation-threshold="22020096" timestamp="2019-06-17T04:32:16.531" intervalms="11.230" />
<cycle-start id="6029" type="partial gc" contextid="0" timestamp="2019-06-17T04:32:16.532" intervalms="11.274" />
<gc-start id="6030" type="partial gc" contextid="6029" timestamp="2019-06-17T04:32:16.532">
  <mem-info id="6031" free="14680064" total="60817408" percent="24">
    <mem type="eden" free="1048512" total="23068672" percent="4" />
    <remembered-set count="126848" freebytes="1920256" totalbytes="2427648" percent="79" regionsoverflowed="0" regionsstable="1" regionsrebuilding="0"/>
  </mem-info>
</gc-start>
<allocation-stats totalBytes="21882072" >
  <allocated-bytes non-tlh="0" tlh="21882072" arrayletleaf="0"/>
  <largest-consumer threadName="main" threadId="0000000002320700" bytes="21882072" />
</allocation-stats>
<gc-op id="6032" type="copy forward" timems="1.708" contextid="6029" timestamp="2019-06-17T04:32:16.534">
  <memory-copied type="eden" objects="2" bytes="64" bytesdiscarded="0" />
  <memory-copied type="other" objects="1" bytes="520" bytesdiscarded="368" />
  <memory-cardclean objects="19" bytes="960" />
  <regions eden="21" other="2" />
  <remembered-set-cleared processed="124988" cleared="16" durationms="0.798" />
  <stringconstants candidates="13697" cleared="0"  />
</gc-op>
<gc-op id="6033" type="classunload" timems="0.003" contextid="6029" timestamp="2019-06-17T04:32:16.534">
  <classunload-info classloadercandidates="53" classloadersunloaded="0" classesunloaded="0" anonymousclassesunloaded="0" quiescems="0.000" setupms="0.003" scanms="0.000" postms="0.000" />
</gc-op>
<heap-resize id="6034" type="contract" space="default" amount="1048576" count="1" timems="0.060" reason="excess free space following gc" timestamp="2019-06-17T04:32:16.535" />
<gc-end id="6035" type="partial gc" contextid="6029" durationms="2.975" usertimems="4.000" systemtimems="0.000" timestamp="2019-06-17T04:32:16.535" activeThreads="1">
  <mem-info id="6036" free="36700160" total="59768832" percent="61">
    <mem type="eden" free="1048512" total="1048576" percent="99" />
    <remembered-set count="127296" freebytes="1918464" totalbytes="2427648" percent="79" regionsoverflowed="0" regionsstable="1" regionsrebuilding="0"/>
  </mem-info>
</gc-end>
<cycle-end id="6037" type="partial gc" contextid="6029" timestamp="2019-06-17T04:32:16.535" />
  <attribute name="elasticGC enabled" value="1" />
  <attribute name= "numThreadsSpecified" value="1" />
  <attribute name="heapSize specified" value="0" />
  <attribute name="Current GC Util" value="304" />
  <attribute name= "Current Time Running" value="65969" />
  <attribute name ="GC Interval" value="0" />
  <attribute name="ProportionalT" value="426.000000" />
  <attribute name="ProportionalI" value="426.000000" />
  <attribute name="ProportionalH" value="426.000000" />
  <attribute name="Current Error" value="284.000000" />
  <attribute name="IntegralT" value="0.000000" />
  <attribute name="IntegralI" value="0.000000" />
  <attribute name="IntegralH" value="0.000000" />
  <attribute name="DerivativeT" value="inf" />
  <attribute name="DerivativeI" value="inf" />
  <attribute name="DerivativeH" value="inf" />
  <attribute name="Loop Time for DT" value="0.000000" />
  <attribute name="Output H" value="8388608"/>
  <attribute name="Output I" value="200"/>
  <attribute name="Output T" value="1"/>
  <attribute name="Target GC Util Change" value ="20.000000" />
  <attribute name="Current GC Util Change" value="304.000000"/>
  <attribute name="GC Util currently" value="304" />
  <attribute name="CPU Util currently" value="13667818404661" />
<exclusive-end id="6038" timestamp="2019-06-17T04:32:16.535" durationms="3.805" />

<exclusive-start id="6039" timestamp="2019-06-17T04:32:16.543" intervalms="11.455">
  <response-info timems="0.071" idlems="0.071" threads="0" lastid="0000000002320700" lastname="main" />
</exclusive-start>
<allocation-taxation id="6040" taxation-threshold="22020096" timestamp="2019-06-17T04:32:16.543" intervalms="11.444" />
<cycle-start id="6041" type="partial gc" contextid="0" timestamp="2019-06-17T04:32:16.543" intervalms="11.432" />
<gc-start id="6042" type="partial gc" contextid="6041" timestamp="2019-06-17T04:32:16.543">
  <mem-info id="6043" free="14680064" total="59768832" percent="24">
    <mem type="eden" free="1048512" total="23068672" percent="4" />
    <remembered-set count="56928" freebytes="2199936" totalbytes="2427648" percent="90" regionsoverflowed="0" regionsstable="16" regionsrebuilding="0"/>
  </mem-info>
</gc-start>
<allocation-stats totalBytes="21882048" >
  <allocated-bytes non-tlh="0" tlh="21882048" arrayletleaf="0"/>
  <largest-consumer threadName="main" threadId="0000000002320700" bytes="21882048" />
</allocation-stats>
<gc-op id="6044" type="copy forward" timems="2.728" contextid="6041" timestamp="2019-06-17T04:32:16.547">
  <memory-copied type="eden" objects="2" bytes="64" bytesdiscarded="0" />
  <memory-copied type="other" objects="48" bytes="1152" bytesdiscarded="504" />
  <memory-cardclean objects="23016" bytes="856088" />
  <regions eden="21" other="2" />
  <remembered-set-cleared processed="51712" cleared="2926" durationms="0.497" />
  <stringconstants candidates="13697" cleared="0"  />
</gc-op>
<gc-op id="6045" type="classunload" timems="0.004" contextid="6041" timestamp="2019-06-17T04:32:16.547">
  <classunload-info classloadercandidates="53" classloadersunloaded="0" classesunloaded="0" anonymousclassesunloaded="0" quiescems="0.000" setupms="0.004" scanms="0.000" postms="0.000" />
</gc-op>
<heap-resize id="6046" type="contract" space="default" amount="3145728" count="1" timems="0.263" reason="excess free space following gc" timestamp="2019-06-17T04:32:16.547" />
<gc-end id="6047" type="partial gc" contextid="6041" durationms="4.328" usertimems="4.000" systemtimems="0.000" timestamp="2019-06-17T04:32:16.547" activeThreads="1">
  <mem-info id="6048" free="34603008" total="56623104" percent="61">
    <mem type="eden" free="1048512" total="1048576" percent="99" />
    <remembered-set count="51552" freebytes="2179584" totalbytes="2385792" percent="91" regionsoverflowed="0" regionsstable="16" regionsrebuilding="0"/>
  </mem-info>
</gc-end>
<cycle-end id="6049" type="partial gc" contextid="6041" timestamp="2019-06-17T04:32:16.548" />
  <attribute name="elasticGC enabled" value="1" />
  <attribute name= "numThreadsSpecified" value="1" />
  <attribute name="heapSize specified" value="0" />
  <attribute name="Current GC Util" value="195" />
  <attribute name= "Current Time Running" value="65981" />
  <attribute name ="GC Interval" value="0" />
  <attribute name="ProportionalT" value="262.500000" />
  <attribute name="ProportionalI" value="262.500000" />
  <attribute name="ProportionalH" value="262.500000" />
  <attribute name="Current Error" value="175.000000" />
  <attribute name="IntegralT" value="0.000000" />
  <attribute name="IntegralI" value="0.000000" />
  <attribute name="IntegralH" value="0.000000" />
  <attribute name="DerivativeT" value="inf" />
  <attribute name="DerivativeI" value="inf" />
  <attribute name="DerivativeH" value="inf" />
  <attribute name="Loop Time for DT" value="0.000000" />
  <attribute name="Output H" value="8388608"/>
  <attribute name="Output I" value="200"/>
  <attribute name="Output T" value="1"/>
  <attribute name="Target GC Util Change" value ="20.000000" />
  <attribute name="Current GC Util Change" value="195.000000"/>
  <attribute name="GC Util currently" value="195" />
  <attribute name="CPU Util currently" value="8592717946001" />
<exclusive-end id="6050" timestamp="2019-06-17T04:32:16.548" durationms="5.111" />

<exclusive-start id="6051" timestamp="2019-06-17T04:32:16.555" intervalms="12.391">
  <response-info timems="0.058" idlems="0.058" threads="0" lastid="0000000002320700" lastname="main" />
</exclusive-start>
<allocation-taxation id="6052" taxation-threshold="20971520" timestamp="2019-06-17T04:32:16.555" intervalms="12.418" />
<cycle-start id="6053" type="partial gc" contextid="0" timestamp="2019-06-17T04:32:16.555" intervalms="12.356" />
<gc-start id="6054" type="partial gc" contextid="6053" timestamp="2019-06-17T04:32:16.555">
  <mem-info id="6055" free="13631488" total="56623104" percent="24">
    <mem type="eden" free="1048512" total="22020096" percent="4" />
    <remembered-set count="704" freebytes="2382976" totalbytes="2385792" percent="99" regionsoverflowed="0" regionsstable="17" regionsrebuilding="0"/>
  </mem-info>
</gc-start>
<allocation-stats totalBytes="20840064" >
  <allocated-bytes non-tlh="0" tlh="20840064" arrayletleaf="0"/>
  <largest-consumer threadName="main" threadId="0000000002320700" bytes="20840064" />
</allocation-stats>
<gc-op id="6056" type="copy forward" timems="1.250" contextid="6053" timestamp="2019-06-17T04:32:16.558">
  <memory-copied type="eden" objects="2" bytes="64" bytesdiscarded="0" />
  <memory-copied type="other" objects="0" bytes="0" bytesdiscarded="0" />
  <memory-cardclean objects="923" bytes="169464" />
  <regions eden="20" other="1" />
  <remembered-set-cleared processed="467" cleared="0" durationms="0.084" />
  <stringconstants candidates="13697" cleared="0"  />
</gc-op>
<gc-op id="6057" type="classunload" timems="0.004" contextid="6053" timestamp="2019-06-17T04:32:16.558">
  <classunload-info classloadercandidates="53" classloadersunloaded="0" classesunloaded="0" anonymousclassesunloaded="0" quiescems="0.000" setupms="0.004" scanms="0.000" postms="0.000" />
</gc-op>
<gc-end id="6058" type="partial gc" contextid="6053" durationms="2.519" usertimems="4.000" systemtimems="0.000" timestamp="2019-06-17T04:32:16.558" activeThreads="1">
  <mem-info id="6059" free="34603008" total="56623104" percent="61">
    <mem type="eden" free="1048512" total="1048576" percent="99" />
    <remembered-set count="1088" freebytes="2255872" totalbytes="2260224" percent="99" regionsoverflowed="0" regionsstable="17" regionsrebuilding="0"/>
  </mem-info>
</gc-end>
<cycle-end id="6060" type="partial gc" contextid="6053" timestamp="2019-06-17T04:32:16.558" />
  <attribute name="elasticGC enabled" value="1" />
  <attribute name= "numThreadsSpecified" value="1" />
  <attribute name="heapSize specified" value="0" />
  <attribute name="Current GC Util" value="197" />
  <attribute name= "Current Time Running" value="65993" />
  <attribute name ="GC Interval" value="0" />
  <attribute name="ProportionalT" value="265.500000" />
  <attribute name="ProportionalI" value="265.500000" />
  <attribute name="ProportionalH" value="265.500000" />
  <attribute name="Current Error" value="177.000000" />
  <attribute name="IntegralT" value="0.000000" />
  <attribute name="IntegralI" value="0.000000" />
  <attribute name="IntegralH" value="0.000000" />
  <attribute name="DerivativeT" value="inf" />
  <attribute name="DerivativeI" value="inf" />
  <attribute name="DerivativeH" value="inf" />
  <attribute name="Loop Time for DT" value="0.000000" />
  <attribute name="Output H" value="8388608"/>
  <attribute name="Output I" value="200"/>
  <attribute name="Output T" value="1"/>
  <attribute name="Target GC Util Change" value ="20.000000" />
  <attribute name="Current GC Util Change" value="197.000000"/>
  <attribute name="GC Util currently" value="197" />
  <attribute name="CPU Util currently" value="9164735906357" />
<exclusive-end id="6061" timestamp="2019-06-17T04:32:16.558" durationms="3.258" />

<exclusive-start id="6062" timestamp="2019-06-17T04:32:16.562" intervalms="6.987">
  <response-info timems="0.058" idlems="0.058" threads="0" lastid="0000000002320700" lastname="main" />
</exclusive-start>
<allocation-taxation id="6063" taxation-threshold="10485760" timestamp="2019-06-17T04:32:16.562" intervalms="6.974" />
<cycle-start id="6064" type="global mark phase" contextid="0" timestamp="2019-06-17T04:32:16.562" intervalms="196.753" />
<gc-start id="6065" type="global mark phase" contextid="6064" timestamp="2019-06-17T04:32:16.562">
  <mem-info id="6066" free="24117248" total="56623104" percent="42">
    <remembered-set count="704" freebytes="2257408" totalbytes="2260224" percent="99" regionsoverflowed="0" regionsstable="17" regionsrebuilding="0"/>
  </mem-info>
</gc-start>
<gc-op id="6067" type="mark increment" timems="2.329" contextid="6064" timestamp="2019-06-17T04:32:16.565">
  <trace-info objectcount="22312" scancount="10382" scanbytes="373436" />
</gc-op>
<gc-end id="6068" type="global mark phase" contextid="6064" durationms="2.548" usertimems="4.000" systemtimems="0.000" timestamp="2019-06-17T04:32:16.565" activeThreads="4">
  <mem-info id="6069" free="24117248" total="56623104" percent="42">
    <remembered-set count="4288" freebytes="2243072" totalbytes="2260224" percent="99" regionsoverflowed="0" regionsstable="0" regionsrebuilding="17"/>
  </mem-info>
</gc-end>
<concurrent-start id="6070" type="GMP work packet processing" contextid="6064" timestamp="2019-06-17T04:32:16.565">
  <concurrent-mark-start scanTarget="1048576" />
</concurrent-start>
<exclusive-end id="6071" timestamp="2019-06-17T04:32:16.565" durationms="3.223" />

<concurrent-end id="6072" type="GMP work packet processing" contextid="6064" timestamp="2019-06-17T04:32:16.567">
  <concurrent-mark-end bytesScanned="1133904" reasonForTermination="Work target met" />
</concurrent-end>

<exclusive-start id="6073" timestamp="2019-06-17T04:32:16.569" intervalms="7.036">
  <response-info timems="0.043" idlems="0.043" threads="0" lastid="0000000002320700" lastname="main" />
</exclusive-start>
<allocation-taxation id="6074" taxation-threshold="10485760" timestamp="2019-06-17T04:32:16.569" intervalms="7.045" />
<cycle-start id="6075" type="partial gc" contextid="0" timestamp="2019-06-17T04:32:16.569" intervalms="14.046" />
<gc-start id="6076" type="partial gc" contextid="6075" timestamp="2019-06-17T04:32:16.570">
  <mem-info id="6077" free="13631488" total="56623104" percent="24">
    <mem type="eden" free="1048512" total="22020096" percent="4" />
    <remembered-set count="12992" freebytes="2208256" totalbytes="2260224" percent="97" regionsoverflowed="0" regionsstable="0" regionsrebuilding="17"/>
  </mem-info>
</gc-start>
<allocation-stats totalBytes="20840064" >
  <allocated-bytes non-tlh="0" tlh="20840064" arrayletleaf="0"/>
  <largest-consumer threadName="main" threadId="0000000002320700" bytes="10420032" />
</allocation-stats>
<gc-op id="6078" type="copy forward" timems="1.284" contextid="6075" timestamp="2019-06-17T04:32:16.572">
  <memory-copied type="eden" objects="2" bytes="64" bytesdiscarded="0" />
  <memory-copied type="other" objects="0" bytes="0" bytesdiscarded="0" />
  <memory-cardclean objects="10" bytes="424" />
  <regions eden="20" other="1" />
  <remembered-set-cleared processed="12079" cleared="18" durationms="0.169" />
  <stringconstants candidates="13697" cleared="0"  />
</gc-op>
<gc-op id="6079" type="classunload" timems="0.004" contextid="6075" timestamp="2019-06-17T04:32:16.572">
  <classunload-info classloadercandidates="53" classloadersunloaded="0" classesunloaded="0" anonymousclassesunloaded="0" quiescems="0.000" setupms="0.004" scanms="0.000" postms="0.000" />
</gc-op>
<gc-end id="6080" type="partial gc" contextid="6075" durationms="2.270" usertimems="4.000" systemtimems="0.000" timestamp="2019-06-17T04:32:16.572" activeThreads="1">
  <mem-info id="6081" free="34603008" total="56623104" percent="61">
    <mem type="eden" free="1048512" total="1048576" percent="99" />
    <remembered-set count="13440" freebytes="2206464" totalbytes="2260224" percent="97" regionsoverflowed="0" regionsstable="0" regionsrebuilding="17"/>
  </mem-info>
</gc-end>
<cycle-end id="6082" type="partial gc" contextid="6075" timestamp="2019-06-17T04:32:16.572" />
  <attribute name="elasticGC enabled" value="1" />
  <attribute name= "numThreadsSpecified" value="1" />
  <attribute name="heapSize specified" value="0" />
  <attribute name="Current GC Util" value="163" />
  <attribute name= "Current Time Running" value="66007" />
  <attribute name ="GC Interval" value="0" />
  <attribute name="ProportionalT" value="214.500000" />
  <attribute name="ProportionalI" value="214.500000" />
  <attribute name="ProportionalH" value="214.500000" />
  <attribute name="Current Error" value="143.000000" />
  <attribute name="IntegralT" value="0.000000" />
  <attribute name="IntegralI" value="0.000000" />
  <attribute name="IntegralH" value="0.000000" />
  <attribute name="DerivativeT" value="inf" />
  <attribute name="DerivativeI" value="inf" />
  <attribute name="DerivativeH" value="inf" />
  <attribute name="Loop Time for DT" value="0.000000" />
  <attribute name="Output H" value="8388608"/>
  <attribute name="Output I" value="200"/>
  <attribute name="Output T" value="1"/>
  <attribute name="Target GC Util Change" value ="20.000000" />
  <attribute name="Current GC Util Change" value="163.000000"/>
  <attribute name="GC Util currently" value="163" />
  <attribute name="CPU Util currently" value="13969810622355" />
<exclusive-end id="6083" timestamp="2019-06-17T04:32:16.572" durationms="3.034" />

<exclusive-start id="6084" timestamp="2019-06-17T04:32:16.576" intervalms="6.800">
  <response-info timems="0.060" idlems="0.060" threads="0" lastid="0000000002320700" lastname="main" />
</exclusive-start>
<allocation-taxation id="6085" taxation-threshold="10485760" timestamp="2019-06-17T04:32:16.576" intervalms="6.805" />
<gc-start id="6086" type="global mark phase" contextid="6064" timestamp="2019-06-17T04:32:16.576">
  <mem-info id="6087" free="24117248" total="56623104" percent="42">
    <remembered-set count="12960" freebytes="2208384" totalbytes="2260224" percent="97" regionsoverflowed="0" regionsstable="0" regionsrebuilding="17"/>
  </mem-info>
</gc-start>
<gc-end id="6088" type="global mark phase" contextid="6064" durationms="0.135" usertimems="0.000" systemtimems="0.000" timestamp="2019-06-17T04:32:16.576" activeThreads="1">
  <mem-info id="6089" free="24117248" total="56623104" percent="42">
    <remembered-set count="12960" freebytes="2208384" totalbytes="2260224" percent="97" regionsoverflowed="0" regionsstable="0" regionsrebuilding="17"/>
  </mem-info>
</gc-end>
<concurrent-start id="6090" type="GMP work packet processing" contextid="6064" timestamp="2019-06-17T04:32:16.576">
  <concurrent-mark-start scanTarget="1048576" />
</concurrent-start>
<exclusive-end id="6091" timestamp="2019-06-17T04:32:16.577" durationms="0.674" />

<concurrent-end id="6092" type="GMP work packet processing" contextid="6064" timestamp="2019-06-17T04:32:16.578">
  <concurrent-mark-end bytesScanned="1108132" reasonForTermination="Work target met" />
</concurrent-end>

<exclusive-start id="6093" timestamp="2019-06-17T04:32:16.580" intervalms="4.404">
  <response-info timems="0.058" idlems="0.058" threads="0" lastid="0000000002320700" lastname="main" />
</exclusive-start>
<allocation-taxation id="6094" taxation-threshold="10485760" timestamp="2019-06-17T04:32:16.580" intervalms="4.338" />
<cycle-start id="6095" type="partial gc" contextid="0" timestamp="2019-06-17T04:32:16.580" intervalms="11.111" />
<gc-start id="6096" type="partial gc" contextid="6095" timestamp="2019-06-17T04:32:16.581">
  <mem-info id="6097" free="13631488" total="56623104" percent="24">
    <mem type="eden" free="1048512" total="22020096" percent="4" />
    <remembered-set count="26336" freebytes="2154880" totalbytes="2260224" percent="95" regionsoverflowed="0" regionsstable="0" regionsrebuilding="17"/>
  </mem-info>
</gc-start>
<allocation-stats totalBytes="20840064" >
  <allocated-bytes non-tlh="0" tlh="20840064" arrayletleaf="0"/>
  <largest-consumer threadName="main" threadId="0000000002320700" bytes="10420032" />
</allocation-stats>
<gc-op id="6098" type="copy forward" timems="1.328" contextid="6095" timestamp="2019-06-17T04:32:16.583">
  <memory-copied type="eden" objects="2" bytes="64" bytesdiscarded="0" />
  <memory-copied type="other" objects="0" bytes="0" bytesdiscarded="0" />
  <memory-cardclean objects="10" bytes="424" />
  <regions eden="20" other="1" />
  <remembered-set-cleared processed="24243" cleared="8" durationms="0.230" />
  <stringconstants candidates="13697" cleared="0"  />
</gc-op>
<gc-op id="6099" type="classunload" timems="0.003" contextid="6095" timestamp="2019-06-17T04:32:16.583">
  <classunload-info classloadercandidates="53" classloadersunloaded="0" classesunloaded="0" anonymousclassesunloaded="0" quiescems="0.000" setupms="0.003" scanms="0.000" postms="0.000" />
</gc-op>
<gc-end id="6100" type="partial gc" contextid="6095" durationms="2.273" usertimems="0.000" systemtimems="0.000" timestamp="2019-06-17T04:32:16.583" activeThreads="1">
  <mem-info id="6101" free="34603008" total="56623104" percent="61">
    <mem type="eden" free="1048512" total="1048576" percent="99" />
    <remembered-set count="26784" freebytes="2153088" totalbytes="2260224" percent="95" regionsoverflowed="0" regionsstable="0" regionsrebuilding="17"/>
  </mem-info>
</gc-end>
<cycle-end id="6102" type="partial gc" contextid="6095" timestamp="2019-06-17T04:32:16.583" />
  <attribute name="elasticGC enabled" value="1" />
  <attribute name= "numThreadsSpecified" value="1" />
  <attribute name="heapSize specified" value="0" />
  <attribute name="Current GC Util" value="183" />
  <attribute name= "Current Time Running" value="66018" />
  <attribute name ="GC Interval" value="0" />
  <attribute name="ProportionalT" value="244.500000" />
  <attribute name="ProportionalI" value="244.500000" />
  <attribute name="ProportionalH" value="244.500000" />
  <attribute name="Current Error" value="163.000000" />
  <attribute name="IntegralT" value="0.000000" />
  <attribute name="IntegralI" value="0.000000" />
  <attribute name="IntegralH" value="0.000000" />
  <attribute name="DerivativeT" value="inf" />
  <attribute name="DerivativeI" value="inf" />
  <attribute name="DerivativeH" value="inf" />
  <attribute name="Loop Time for DT" value="0.000000" />
  <attribute name="Output H" value="8388608"/>
  <attribute name="Output I" value="200"/>
  <attribute name="Output T" value="1"/>
  <attribute name="Target GC Util Change" value ="20.000000" />
  <attribute name="Current GC Util Change" value="183.000000"/>
  <attribute name="GC Util currently" value="183" />
  <attribute name="CPU Util currently" value="14236234929670" />
<exclusive-end id="6103" timestamp="2019-06-17T04:32:16.583" durationms="2.874" />

<exclusive-start id="6104" timestamp="2019-06-17T04:32:16.587" intervalms="6.638">
  <response-info timems="0.059" idlems="0.059" threads="0" lastid="0000000002320700" lastname="main" />
</exclusive-start>
<allocation-taxation id="6105" taxation-threshold="10485760" timestamp="2019-06-17T04:32:16.587" intervalms="6.710" />
<gc-start id="6106" type="global mark phase" contextid="6064" timestamp="2019-06-17T04:32:16.587">
  <mem-info id="6107" free="24117248" total="56623104" percent="42">
    <remembered-set count="26336" freebytes="2154880" totalbytes="2260224" percent="95" regionsoverflowed="0" regionsstable="0" regionsrebuilding="17"/>
  </mem-info>
</gc-start>
<gc-end id="6108" type="global mark phase" contextid="6064" durationms="0.117" usertimems="0.000" systemtimems="0.000" timestamp="2019-06-17T04:32:16.587" activeThreads="1">
  <mem-info id="6109" free="24117248" total="56623104" percent="42">
    <remembered-set count="26336" freebytes="2154880" totalbytes="2260224" percent="95" regionsoverflowed="0" regionsstable="0" regionsrebuilding="17"/>
  </mem-info>
</gc-end>
<concurrent-start id="6110" type="GMP work packet processing" contextid="6064" timestamp="2019-06-17T04:32:16.588">
  <concurrent-mark-start scanTarget="1048576" />
</concurrent-start>
<exclusive-end id="6111" timestamp="2019-06-17T04:32:16.588" durationms="0.725" />

<concurrent-end id="6112" type="GMP work packet processing" contextid="6064" timestamp="2019-06-17T04:32:16.589">
  <concurrent-mark-end bytesScanned="1091952" reasonForTermination="Work target met" />
</concurrent-end>

<exclusive-start id="6113" timestamp="2019-06-17T04:32:16.591" intervalms="4.417">
  <response-info timems="0.028" idlems="0.028" threads="0" lastid="0000000002320700" lastname="main" />
</exclusive-start>
<allocation-taxation id="6114" taxation-threshold="10485760" timestamp="2019-06-17T04:32:16.591" intervalms="4.376" />
<cycle-start id="6115" type="partial gc" contextid="0" timestamp="2019-06-17T04:32:16.592" intervalms="11.125" />
<gc-start id="6116" type="partial gc" contextid="6115" timestamp="2019-06-17T04:32:16.592">
  <mem-info id="6117" free="13631488" total="56623104" percent="24">
    <mem type="eden" free="1048512" total="22020096" percent="4" />
    <remembered-set count="36096" freebytes="2115840" totalbytes="2260224" percent="93" regionsoverflowed="0" regionsstable="0" regionsrebuilding="17"/>
  </mem-info>
</gc-start>
<allocation-stats totalBytes="20840064" >
  <allocated-bytes non-tlh="0" tlh="20840064" arrayletleaf="0"/>
  <largest-consumer threadName="main" threadId="0000000002320700" bytes="10420032" />
</allocation-stats>
<gc-op id="6118" type="copy forward" timems="3.302" contextid="6115" timestamp="2019-06-17T04:32:16.596">
  <memory-copied type="eden" objects="2" bytes="64" bytesdiscarded="0" />
  <memory-copied type="other" objects="0" bytes="0" bytesdiscarded="0" />
  <memory-cardclean objects="10" bytes="424" />
  <regions eden="20" other="1" />
  <remembered-set-cleared processed="34539" cleared="9" durationms="0.182" />
  <stringconstants candidates="13697" cleared="0"  />
</gc-op>
<gc-op id="6119" type="classunload" timems="0.004" contextid="6115" timestamp="2019-06-17T04:32:16.596">
  <classunload-info classloadercandidates="53" classloadersunloaded="0" classesunloaded="0" anonymousclassesunloaded="0" quiescems="0.000" setupms="0.004" scanms="0.000" postms="0.000" />
</gc-op>
<gc-end id="6120" type="partial gc" contextid="6115" durationms="4.402" usertimems="0.000" systemtimems="8.000" timestamp="2019-06-17T04:32:16.596" activeThreads="4">
  <mem-info id="6121" free="34603008" total="56623104" percent="61">
    <mem type="eden" free="1048512" total="1048576" percent="99" />
    <remembered-set count="35904" freebytes="2116608" totalbytes="2260224" percent="93" regionsoverflowed="0" regionsstable="0" regionsrebuilding="17"/>
  </mem-info>
</gc-end>
<cycle-end id="6122" type="partial gc" contextid="6115" timestamp="2019-06-17T04:32:16.596" />
  <attribute name="elasticGC enabled" value="1" />
  <attribute name= "numThreadsSpecified" value="4" />
  <attribute name="heapSize specified" value="0" />
  <attribute name="Current GC Util" value="160" />
  <attribute name= "Current Time Running" value="66030" />
  <attribute name ="GC Interval" value="0" />
  <attribute name="ProportionalT" value="210.000000" />
  <attribute name="ProportionalI" value="210.000000" />
  <attribute name="ProportionalH" value="210.000000" />
  <attribute name="Current Error" value="140.000000" />
  <attribute name="IntegralT" value="140.000000" />
  <attribute name="IntegralI" value="140.000000" />
  <attribute name="IntegralH" value="140.000000" />
  <attribute name="DerivativeT" value="127.500000" />
  <attribute name="DerivativeI" value="127.500000" />
  <attribute name="DerivativeH" value="127.500000" />
  <attribute name="Loop Time for DT" value="1.000000" />
  <attribute name="Output H" value="8388608"/>
  <attribute name="Output I" value="480"/>
  <attribute name="Output T" value="4"/>
  <attribute name="Target GC Util Change" value ="20.000000" />
  <attribute name="Current GC Util Change" value="160.000000"/>
  <attribute name="GC Util currently" value="160" />
  <attribute name="CPU Util currently" value="13550072699147" />
<exclusive-end id="6123" timestamp="2019-06-17T04:32:16.596" durationms="5.163" />

<exclusive-start id="6124" timestamp="2019-06-17T04:32:16.602" intervalms="11.148">
  <response-info timems="0.062" idlems="0.062" threads="0" lastid="0000000002320700" lastname="main" />
</exclusive-start>
<allocation-taxation id="6125" taxation-threshold="10485760" timestamp="2019-06-17T04:32:16.603" intervalms="11.189" />
<gc-start id="6126" type="global mark phase" contextid="6064" timestamp="2019-06-17T04:32:16.603">
  <mem-info id="6127" free="24117248" total="56623104" percent="42">
    <remembered-set count="35904" freebytes="2116608" totalbytes="2260224" percent="93" regionsoverflowed="0" regionsstable="0" regionsrebuilding="17"/>
  </mem-info>
</gc-start>
<gc-end id="6128" type="global mark phase" contextid="6064" durationms="0.115" usertimems="0.000" systemtimems="0.000" timestamp="2019-06-17T04:32:16.603" activeThreads="4">
  <mem-info id="6129" free="24117248" total="56623104" percent="42">
    <remembered-set count="35904" freebytes="2116608" totalbytes="2260224" percent="93" regionsoverflowed="0" regionsstable="0" regionsrebuilding="17"/>
  </mem-info>
</gc-end>
<concurrent-start id="6130" type="GMP work packet processing" contextid="6064" timestamp="2019-06-17T04:32:16.603">
  <concurrent-mark-start scanTarget="1048576" />
</concurrent-start>
<exclusive-end id="6131" timestamp="2019-06-17T04:32:16.603" durationms="0.715" />

<concurrent-end id="6132" type="GMP work packet processing" contextid="6064" timestamp="2019-06-17T04:32:16.604">
  <concurrent-mark-end bytesScanned="1097068" reasonForTermination="Work target met" />
</concurrent-end>

<exclusive-start id="6133" timestamp="2019-06-17T04:32:16.623" intervalms="20.219">
  <response-info timems="0.071" idlems="0.071" threads="0" lastid="0000000002320700" lastname="main" />
</exclusive-start>
<allocation-taxation id="6134" taxation-threshold="10485760" timestamp="2019-06-17T04:32:16.623" intervalms="20.187" />
<cycle-start id="6135" type="partial gc" contextid="0" timestamp="2019-06-17T04:32:16.623" intervalms="31.346" />
<gc-start id="6136" type="partial gc" contextid="6135" timestamp="2019-06-17T04:32:16.623">
  <mem-info id="6137" free="13631488" total="56623104" percent="24">
    <mem type="eden" free="1048512" total="22020096" percent="4" />
    <remembered-set count="46464" freebytes="2074368" totalbytes="2260224" percent="91" regionsoverflowed="0" regionsstable="0" regionsrebuilding="17"/>
  </mem-info>
</gc-start>
<allocation-stats totalBytes="20964312" >
  <allocated-bytes non-tlh="0" tlh="20964312" arrayletleaf="0"/>
  <largest-consumer threadName="main" threadId="0000000002320700" bytes="10484080" />
</allocation-stats>
<gc-op id="6138" type="copy forward" timems="1.581" contextid="6135" timestamp="2019-06-17T04:32:16.626">
  <memory-copied type="eden" objects="157" bytes="5216" bytesdiscarded="0" />
  <memory-copied type="other" objects="0" bytes="0" bytesdiscarded="0" />
  <memory-cardclean objects="62" bytes="2328" />
  <regions eden="20" other="1" />
  <remembered-set-cleared processed="44763" cleared="51" durationms="0.383" />
  <stringconstants candidates="13697" cleared="0"  />
</gc-op>
<gc-op id="6139" type="classunload" timems="0.004" contextid="6135" timestamp="2019-06-17T04:32:16.626">
  <classunload-info classloadercandidates="53" classloadersunloaded="0" classesunloaded="0" anonymousclassesunloaded="0" quiescems="0.000" setupms="0.004" scanms="0.000" postms="0.000" />
</gc-op>
<gc-end id="6140" type="partial gc" contextid="6135" durationms="2.704" usertimems="0.000" systemtimems="0.000" timestamp="2019-06-17T04:32:16.626" activeThreads="1">
  <mem-info id="6141" free="34603008" total="56623104" percent="61">
    <mem type="eden" free="1043360" total="1048576" percent="99" />
    <remembered-set count="46880" freebytes="2072704" totalbytes="2260224" percent="91" regionsoverflowed="0" regionsstable="0" regionsrebuilding="17"/>
  </mem-info>
</gc-end>
<cycle-end id="6142" type="partial gc" contextid="6135" timestamp="2019-06-17T04:32:16.626" />
  <attribute name="elasticGC enabled" value="1" />
  <attribute name= "numThreadsSpecified" value="1" />
  <attribute name="heapSize specified" value="0" />
  <attribute name="Current GC Util" value="163" />
  <attribute name= "Current Time Running" value="66061" />
  <attribute name ="GC Interval" value="0" />
  <attribute name="ProportionalT" value="214.500000" />
  <attribute name="ProportionalI" value="214.500000" />
  <attribute name="ProportionalH" value="214.500000" />
  <attribute name="Current Error" value="143.000000" />
  <attribute name="IntegralT" value="0.000000" />
  <attribute name="IntegralI" value="0.000000" />
  <attribute name="IntegralH" value="0.000000" />
  <attribute name="DerivativeT" value="inf" />
  <attribute name="DerivativeI" value="inf" />
  <attribute name="DerivativeH" value="inf" />
  <attribute name="Loop Time for DT" value="0.000000" />
  <attribute name="Output H" value="8388608"/>
  <attribute name="Output I" value="200"/>
  <attribute name="Output T" value="1"/>
  <attribute name="Target GC Util Change" value ="20.000000" />
  <attribute name="Current GC Util Change" value="163.000000"/>
  <attribute name="GC Util currently" value="163" />
  <attribute name="CPU Util currently" value="13737807885228" />
<exclusive-end id="6143" timestamp="2019-06-17T04:32:16.626" durationms="3.444" />

<exclusive-start id="6144" timestamp="2019-06-17T04:32:16.645" intervalms="22.763">
  <response-info timems="0.068" idlems="0.068" threads="0" lastid="0000000002320700" lastname="main" />
</exclusive-start>
<allocation-taxation id="6145" taxation-threshold="10485760" timestamp="2019-06-17T04:32:16.646" intervalms="22.794" />
<gc-start id="6146" type="global mark phase" contextid="6064" timestamp="2019-06-17T04:32:16.646">
  <mem-info id="6147" free="24117248" total="56623104" percent="42">
    <remembered-set count="46464" freebytes="2074368" totalbytes="2260224" percent="91" regionsoverflowed="0" regionsstable="0" regionsrebuilding="17"/>
  </mem-info>
</gc-start>
<gc-end id="6148" type="global mark phase" contextid="6064" durationms="0.122" usertimems="0.000" systemtimems="0.000" timestamp="2019-06-17T04:32:16.646" activeThreads="1">
  <mem-info id="6149" free="24117248" total="56623104" percent="42">
    <remembered-set count="46464" freebytes="2074368" totalbytes="2260224" percent="91" regionsoverflowed="0" regionsstable="0" regionsrebuilding="17"/>
  </mem-info>
</gc-end>
<concurrent-start id="6150" type="GMP work packet processing" contextid="6064" timestamp="2019-06-17T04:32:16.646">
  <concurrent-mark-start scanTarget="1048576" />
</concurrent-start>
<exclusive-end id="6151" timestamp="2019-06-17T04:32:16.646" durationms="0.746" />

<concurrent-end id="6152" type="GMP work packet processing" contextid="6064" timestamp="2019-06-17T04:32:16.647">
  <concurrent-mark-end bytesScanned="1085560" reasonForTermination="Work target met" />
</concurrent-end>

<exclusive-start id="6153" timestamp="2019-06-17T04:32:16.666" intervalms="20.095">
  <response-info timems="0.068" idlems="0.068" threads="0" lastid="0000000002320700" lastname="main" />
</exclusive-start>
<allocation-taxation id="6154" taxation-threshold="10485760" timestamp="2019-06-17T04:32:16.666" intervalms="20.062" />
<cycle-start id="6155" type="partial gc" contextid="0" timestamp="2019-06-17T04:32:16.666" intervalms="42.858" />
<gc-start id="6156" type="partial gc" contextid="6155" timestamp="2019-06-17T04:32:16.666">
  <mem-info id="6157" free="13631488" total="56623104" percent="24">
    <mem type="eden" free="0" total="20971520" percent="0" />
    <remembered-set count="56832" freebytes="2032896" totalbytes="2260224" percent="89" regionsoverflowed="0" regionsstable="0" regionsrebuilding="17"/>
  </mem-info>
</gc-start>
<allocation-stats totalBytes="20968424" >
  <allocated-bytes non-tlh="0" tlh="20968424" arrayletleaf="0"/>
  <largest-consumer threadName="main" threadId="0000000002320700" bytes="10484232" />
</allocation-stats>
<gc-op id="6158" type="copy forward" timems="3.337" contextid="6155" timestamp="2019-06-17T04:32:16.670">
  <memory-copied type="eden" objects="106" bytes="3496" bytesdiscarded="0" />
  <memory-copied type="other" objects="50" bytes="1688" bytesdiscarded="672" />
  <memory-cardclean objects="50" bytes="2128" />
  <regions eden="20" other="1" />
  <remembered-set-cleared processed="54796" cleared="67" durationms="0.263" />
  <stringconstants candidates="13697" cleared="0"  />
</gc-op>
<gc-op id="6159" type="classunload" timems="0.004" contextid="6155" timestamp="2019-06-17T04:32:16.670">
  <classunload-info classloadercandidates="53" classloadersunloaded="0" classesunloaded="0" anonymousclassesunloaded="0" quiescems="0.000" setupms="0.004" scanms="0.000" postms="0.000" />
</gc-op>
<gc-end id="6160" type="partial gc" contextid="6155" durationms="4.419" usertimems="8.000" systemtimems="0.000" timestamp="2019-06-17T04:32:16.670" activeThreads="4">
  <mem-info id="6161" free="33554432" total="56623104" percent="59">
    <mem type="eden" free="1045080" total="1048576" percent="99" />
    <remembered-set count="56928" freebytes="2032512" totalbytes="2260224" percent="89" regionsoverflowed="0" regionsstable="0" regionsrebuilding="17"/>
  </mem-info>
</gc-end>
<cycle-end id="6162" type="partial gc" contextid="6155" timestamp="2019-06-17T04:32:16.671" />
  <attribute name="elasticGC enabled" value="1" />
  <attribute name= "numThreadsSpecified" value="4" />
  <attribute name="heapSize specified" value="0" />
  <attribute name="Current GC Util" value="163" />
  <attribute name= "Current Time Running" value="66104" />
  <attribute name ="GC Interval" value="0" />
  <attribute name="ProportionalT" value="214.500000" />
  <attribute name="ProportionalI" value="214.500000" />
  <attribute name="ProportionalH" value="214.500000" />
  <attribute name="Current Error" value="143.000000" />
  <attribute name="IntegralT" value="143.000000" />
  <attribute name="IntegralI" value="143.000000" />
  <attribute name="IntegralH" value="143.000000" />
  <attribute name="DerivativeT" value="214.500000" />
  <attribute name="DerivativeI" value="214.500000" />
  <attribute name="DerivativeH" value="214.500000" />
  <attribute name="Loop Time for DT" value="1.000000" />
  <attribute name="Output H" value="8388608"/>
  <attribute name="Output I" value="576"/>
  <attribute name="Output T" value="4"/>
  <attribute name="Target GC Util Change" value ="20.000000" />
  <attribute name="Current GC Util Change" value="163.000000"/>
  <attribute name="GC Util currently" value="163" />
  <attribute name="CPU Util currently" value="13856813023220" />
<exclusive-end id="6163" timestamp="2019-06-17T04:32:16.671" durationms="5.169" />

<exclusive-start id="6164" timestamp="2019-06-17T04:32:16.690" intervalms="24.121">
  <response-info timems="0.074" idlems="0.074" threads="0" lastid="0000000002320700" lastname="main" />
</exclusive-start>
<allocation-taxation id="6165" taxation-threshold="10485760" timestamp="2019-06-17T04:32:16.690" intervalms="24.158" />
<gc-start id="6166" type="global mark phase" contextid="6064" timestamp="2019-06-17T04:32:16.690">
  <mem-info id="6167" free="23068672" total="56623104" percent="40">
    <remembered-set count="56928" freebytes="2032512" totalbytes="2260224" percent="89" regionsoverflowed="0" regionsstable="0" regionsrebuilding="17"/>
  </mem-info>
</gc-start>
<gc-end id="6168" type="global mark phase" contextid="6064" durationms="0.123" usertimems="0.000" systemtimems="0.000" timestamp="2019-06-17T04:32:16.690" activeThreads="4">
  <mem-info id="6169" free="23068672" total="56623104" percent="40">
    <remembered-set count="56928" freebytes="2032512" totalbytes="2260224" percent="89" regionsoverflowed="0" regionsstable="0" regionsrebuilding="17"/>
  </mem-info>
</gc-end>
<concurrent-start id="6170" type="GMP work packet processing" contextid="6064" timestamp="2019-06-17T04:32:16.690">
  <concurrent-mark-start scanTarget="1048576" />
</concurrent-start>
<exclusive-end id="6171" timestamp="2019-06-17T04:32:16.690" durationms="0.753" />

<concurrent-end id="6172" type="GMP work packet processing" contextid="6064" timestamp="2019-06-17T04:32:16.692">
  <concurrent-mark-end bytesScanned="1090904" reasonForTermination="Work target met" />
</concurrent-end>

<exclusive-start id="6173" timestamp="2019-06-17T04:32:16.707" intervalms="16.852">
  <response-info timems="0.067" idlems="0.067" threads="0" lastid="0000000002320700" lastname="main" />
</exclusive-start>
<allocation-taxation id="6174" taxation-threshold="10485760" timestamp="2019-06-17T04:32:16.707" intervalms="16.819" />
<cycle-start id="6175" type="partial gc" contextid="0" timestamp="2019-06-17T04:32:16.707" intervalms="40.966" />
<gc-start id="6176" type="partial gc" contextid="6175" timestamp="2019-06-17T04:32:16.707">
  <mem-info id="6177" free="12582912" total="56623104" percent="22">
    <mem type="eden" free="1045080" total="22020096" percent="4" />
    <remembered-set count="67872" freebytes="1988736" totalbytes="2260224" percent="87" regionsoverflowed="0" regionsstable="0" regionsrebuilding="17"/>
  </mem-info>
</gc-start>
<allocation-stats totalBytes="20968560" >
  <allocated-bytes non-tlh="0" tlh="20968560" arrayletleaf="0"/>
  <largest-consumer threadName="main" threadId="0000000002320700" bytes="10484392" />
</allocation-stats>
<gc-op id="6178" type="copy forward" timems="2.786" contextid="6175" timestamp="2019-06-17T04:32:16.711">
  <memory-copied type="eden" objects="339" bytes="11088" bytesdiscarded="952" />
  <memory-copied type="other" objects="0" bytes="0" bytesdiscarded="0" />
  <memory-cardclean objects="97" bytes="11312" />
  <regions eden="20" other="1" />
  <remembered-set-cleared processed="65964" cleared="79" durationms="0.281" />
  <references type="weak" candidates="37" cleared="0" enqueued="0" />
  <stringconstants candidates="13697" cleared="0"  />
</gc-op>
<gc-op id="6179" type="classunload" timems="0.004" contextid="6175" timestamp="2019-06-17T04:32:16.711">
  <classunload-info classloadercandidates="53" classloadersunloaded="0" classesunloaded="0" anonymousclassesunloaded="0" quiescems="0.000" setupms="0.004" scanms="0.000" postms="0.000" />
</gc-op>
<gc-end id="6180" type="partial gc" contextid="6175" durationms="3.883" usertimems="8.000" systemtimems="0.000" timestamp="2019-06-17T04:32:16.711" activeThreads="4">
  <mem-info id="6181" free="33554432" total="56623104" percent="59">
    <mem type="eden" free="1036488" total="1048576" percent="98" />
    <remembered-set count="68640" freebytes="1985664" totalbytes="2260224" percent="87" regionsoverflowed="0" regionsstable="0" regionsrebuilding="17"/>
  </mem-info>
</gc-end>
<cycle-end id="6182" type="partial gc" contextid="6175" timestamp="2019-06-17T04:32:16.711" />
  <attribute name="elasticGC enabled" value="1" />
  <attribute name= "numThreadsSpecified" value="4" />
  <attribute name="heapSize specified" value="0" />
  <attribute name="Current GC Util" value="162" />
  <attribute name= "Current Time Running" value="66145" />
  <attribute name ="GC Interval" value="0" />
  <attribute name="ProportionalT" value="213.000000" />
  <attribute name="ProportionalI" value="213.000000" />
  <attribute name="ProportionalH" value="213.000000" />
  <attribute name="Current Error" value="142.000000" />
  <attribute name="IntegralT" value="142.000000" />
  <attribute name="IntegralI" value="142.000000" />
  <attribute name="IntegralH" value="142.000000" />
  <attribute name="DerivativeT" value="213.000000" />
  <attribute name="DerivativeI" value="213.000000" />
  <attribute name="DerivativeH" value="213.000000" />
  <attribute name="Loop Time for DT" value="1.000000" />
  <attribute name="Output H" value="8388608"/>
  <attribute name="Output I" value="568"/>
  <attribute name="Output T" value="4"/>
  <attribute name="Target GC Util Change" value ="20.000000" />
  <attribute name="Current GC Util Change" value="162.000000"/>
  <attribute name="GC Util currently" value="162" />
  <attribute name="CPU Util currently" value="13804756385575" />
<exclusive-end id="6183" timestamp="2019-06-17T04:32:16.711" durationms="4.627" />

<exclusive-start id="6184" timestamp="2019-06-17T04:32:16.726" intervalms="19.810">
  <response-info timems="0.070" idlems="0.070" threads="0" lastid="0000000002320700" lastname="main" />
</exclusive-start>
<allocation-taxation id="6185" taxation-threshold="10485760" timestamp="2019-06-17T04:32:16.726" intervalms="19.816" />
<gc-start id="6186" type="global mark phase" contextid="6064" timestamp="2019-06-17T04:32:16.727">
  <mem-info id="6187" free="23068672" total="56623104" percent="40">
    <remembered-set count="68640" freebytes="1985664" totalbytes="2260224" percent="87" regionsoverflowed="0" regionsstable="0" regionsrebuilding="17"/>
  </mem-info>
</gc-start>
<gc-end id="6188" type="global mark phase" contextid="6064" durationms="0.120" usertimems="0.000" systemtimems="0.000" timestamp="2019-06-17T04:32:16.727" activeThreads="4">
  <mem-info id="6189" free="23068672" total="56623104" percent="40">
    <remembered-set count="68640" freebytes="1985664" totalbytes="2260224" percent="87" regionsoverflowed="0" regionsstable="0" regionsrebuilding="17"/>
  </mem-info>
</gc-end>
<concurrent-start id="6190" type="GMP work packet processing" contextid="6064" timestamp="2019-06-17T04:32:16.727">
  <concurrent-mark-start scanTarget="1048576" />
</concurrent-start>
<exclusive-end id="6191" timestamp="2019-06-17T04:32:16.727" durationms="0.667" />

<concurrent-end id="6192" type="GMP work packet processing" contextid="6064" timestamp="2019-06-17T04:32:16.728">
  <concurrent-mark-end bytesScanned="1092936" reasonForTermination="Work target met" />
</concurrent-end>

<exclusive-start id="6193" timestamp="2019-06-17T04:32:16.742" intervalms="15.862">
  <response-info timems="0.060" idlems="0.060" threads="0" lastid="0000000002320700" lastname="main" />
</exclusive-start>
<allocation-taxation id="6194" taxation-threshold="10485760" timestamp="2019-06-17T04:32:16.742" intervalms="15.816" />
<cycle-start id="6195" type="partial gc" contextid="0" timestamp="2019-06-17T04:32:16.742" intervalms="35.639" />
<gc-start id="6196" type="partial gc" contextid="6195" timestamp="2019-06-17T04:32:16.743">
  <mem-info id="6197" free="12582912" total="56623104" percent="22">
    <mem type="eden" free="0" total="20971520" percent="0" />
    <remembered-set count="76384" freebytes="1954688" totalbytes="2260224" percent="86" regionsoverflowed="0" regionsstable="0" regionsrebuilding="17"/>
  </mem-info>
</gc-start>
<allocation-stats totalBytes="20968856" >
  <allocated-bytes non-tlh="0" tlh="20968856" arrayletleaf="0"/>
  <largest-consumer threadName="main" threadId="0000000002320700" bytes="10484416" />
</allocation-stats>
<gc-op id="6198" type="copy forward" timems="1.755" contextid="6195" timestamp="2019-06-17T04:32:16.745">
  <memory-copied type="eden" objects="129" bytes="3968" bytesdiscarded="0" />
  <memory-copied type="other" objects="212" bytes="7216" bytesdiscarded="0" />
  <memory-cardclean objects="74" bytes="10872" />
  <regions eden="20" other="1" />
  <remembered-set-cleared processed="74307" cleared="119" durationms="0.544" />
  <references type="weak" candidates="37" cleared="0" enqueued="0" />
  <stringconstants candidates="13697" cleared="0"  />
</gc-op>
<gc-op id="6199" type="classunload" timems="0.004" contextid="6195" timestamp="2019-06-17T04:32:16.745">
  <classunload-info classloadercandidates="53" classloadersunloaded="0" classesunloaded="0" anonymousclassesunloaded="0" quiescems="0.000" setupms="0.004" scanms="0.000" postms="0.000" />
</gc-op>
<gc-end id="6200" type="partial gc" contextid="6195" durationms="2.843" usertimems="0.000" systemtimems="4.000" timestamp="2019-06-17T04:32:16.745" activeThreads="1">
  <mem-info id="6201" free="32505856" total="56623104" percent="57">
    <mem type="eden" free="1044608" total="1048576" percent="99" />
    <remembered-set count="76608" freebytes="1953792" totalbytes="2260224" percent="86" regionsoverflowed="0" regionsstable="0" regionsrebuilding="17"/>
  </mem-info>
</gc-end>
<cycle-end id="6202" type="partial gc" contextid="6195" timestamp="2019-06-17T04:32:16.746" />
  <attribute name="elasticGC enabled" value="1" />
  <attribute name= "numThreadsSpecified" value="1" />
  <attribute name="heapSize specified" value="0" />
  <attribute name="Current GC Util" value="162" />
  <attribute name= "Current Time Running" value="66180" />
  <attribute name ="GC Interval" value="0" />
  <attribute name="ProportionalT" value="213.000000" />
  <attribute name="ProportionalI" value="213.000000" />
  <attribute name="ProportionalH" value="213.000000" />
  <attribute name="Current Error" value="142.000000" />
  <attribute name="IntegralT" value="0.000000" />
  <attribute name="IntegralI" value="0.000000" />
  <attribute name="IntegralH" value="0.000000" />
  <attribute name="DerivativeT" value="inf" />
  <attribute name="DerivativeI" value="inf" />
  <attribute name="DerivativeH" value="inf" />
  <attribute name="Loop Time for DT" value="0.000000" />
  <attribute name="Output H" value="8388608"/>
  <attribute name="Output I" value="200"/>
  <attribute name="Output T" value="1"/>
  <attribute name="Target GC Util Change" value ="20.000000" />
  <attribute name="Current GC Util Change" value="162.000000"/>
  <attribute name="GC Util currently" value="162" />
  <attribute name="CPU Util currently" value="13805872211166" />
<exclusive-end id="6203" timestamp="2019-06-17T04:32:16.746" durationms="3.522" />

<exclusive-start id="6204" timestamp="2019-06-17T04:32:16.761" intervalms="18.791">
  <response-info timems="0.071" idlems="0.071" threads="0" lastid="0000000002320700" lastname="main" />
</exclusive-start>
<allocation-taxation id="6205" taxation-threshold="10485760" timestamp="2019-06-17T04:32:16.761" intervalms="18.863" />
<gc-start id="6206" type="global mark phase" contextid="6064" timestamp="2019-06-17T04:32:16.761">
  <mem-info id="6207" free="22020096" total="56623104" percent="38">
    <remembered-set count="76288" freebytes="1955072" totalbytes="2260224" percent="86" regionsoverflowed="0" regionsstable="0" regionsrebuilding="17"/>
  </mem-info>
</gc-start>
<gc-end id="6208" type="global mark phase" contextid="6064" durationms="0.123" usertimems="0.000" systemtimems="0.000" timestamp="2019-06-17T04:32:16.761" activeThreads="1">
  <mem-info id="6209" free="22020096" total="56623104" percent="38">
    <remembered-set count="76288" freebytes="1955072" totalbytes="2260224" percent="86" regionsoverflowed="0" regionsstable="0" regionsrebuilding="17"/>
  </mem-info>
</gc-end>
<concurrent-start id="6210" type="GMP work packet processing" contextid="6064" timestamp="2019-06-17T04:32:16.762">
  <concurrent-mark-start scanTarget="1048576" />
</concurrent-start>
<exclusive-end id="6211" timestamp="2019-06-17T04:32:16.762" durationms="0.749" />

<concurrent-end id="6212" type="GMP work packet processing" contextid="6064" timestamp="2019-06-17T04:32:16.763">
  <concurrent-mark-end bytesScanned="1095376" reasonForTermination="Work target met" />
</concurrent-end>

<exclusive-start id="6213" timestamp="2019-06-17T04:32:16.777" intervalms="15.865">
  <response-info timems="0.118" idlems="0.118" threads="0" lastid="0000000002320700" lastname="main" />
</exclusive-start>
<allocation-taxation id="6214" taxation-threshold="10485760" timestamp="2019-06-17T04:32:16.777" intervalms="15.795" />
<cycle-start id="6215" type="partial gc" contextid="0" timestamp="2019-06-17T04:32:16.777" intervalms="34.661" />
<gc-start id="6216" type="partial gc" contextid="6215" timestamp="2019-06-17T04:32:16.777">
  <mem-info id="6217" free="11534336" total="56623104" percent="20">
    <mem type="eden" free="1044608" total="22020096" percent="4" />
    <remembered-set count="91296" freebytes="1895040" totalbytes="2260224" percent="83" regionsoverflowed="0" regionsstable="0" regionsrebuilding="17"/>
  </mem-info>
</gc-start>
<allocation-stats totalBytes="20968992" >
  <allocated-bytes non-tlh="0" tlh="20968992" arrayletleaf="0"/>
  <largest-consumer threadName="main" threadId="0000000002320700" bytes="10484552" />
</allocation-stats>
<gc-op id="6218" type="copy forward" timems="1.737" contextid="6215" timestamp="2019-06-17T04:32:16.780">
  <memory-copied type="eden" objects="129" bytes="3968" bytesdiscarded="0" />
  <memory-copied type="other" objects="0" bytes="0" bytesdiscarded="0" />
  <memory-cardclean objects="19" bytes="984" />
  <regions eden="20" other="1" />
  <remembered-set-cleared processed="89195" cleared="29" durationms="0.621" />
  <stringconstants candidates="13697" cleared="0"  />
</gc-op>
<gc-op id="6219" type="classunload" timems="0.004" contextid="6215" timestamp="2019-06-17T04:32:16.780">
  <classunload-info classloadercandidates="53" classloadersunloaded="0" classesunloaded="0" anonymousclassesunloaded="0" quiescems="0.000" setupms="0.004" scanms="0.000" postms="0.000" />
</gc-op>
<gc-end id="6220" type="partial gc" contextid="6215" durationms="2.870" usertimems="4.000" systemtimems="0.000" timestamp="2019-06-17T04:32:16.780" activeThreads="1">
  <mem-info id="6221" free="32505856" total="56623104" percent="57">
    <mem type="eden" free="1044608" total="1048576" percent="99" />
    <remembered-set count="91712" freebytes="1893376" totalbytes="2260224" percent="83" regionsoverflowed="0" regionsstable="0" regionsrebuilding="17"/>
  </mem-info>
</gc-end>
<cycle-end id="6222" type="partial gc" contextid="6215" timestamp="2019-06-17T04:32:16.780" />
  <attribute name="elasticGC enabled" value="1" />
  <attribute name= "numThreadsSpecified" value="1" />
  <attribute name="heapSize specified" value="0" />
  <attribute name="Current GC Util" value="162" />
  <attribute name= "Current Time Running" value="66215" />
  <attribute name ="GC Interval" value="0" />
  <attribute name="ProportionalT" value="213.000000" />
  <attribute name="ProportionalI" value="213.000000" />
  <attribute name="ProportionalH" value="213.000000" />
  <attribute name="Current Error" value="142.000000" />
  <attribute name="IntegralT" value="0.000000" />
  <attribute name="IntegralI" value="0.000000" />
  <attribute name="IntegralH" value="0.000000" />
  <attribute name="DerivativeT" value="inf" />
  <attribute name="DerivativeI" value="inf" />
  <attribute name="DerivativeH" value="inf" />
  <attribute name="Loop Time for DT" value="0.000000" />
  <attribute name="Output H" value="8388608"/>
  <attribute name="Output I" value="200"/>
  <attribute name="Output T" value="1"/>
  <attribute name="Target GC Util Change" value ="20.000000" />
  <attribute name="Current GC Util Change" value="162.000000"/>
  <attribute name="GC Util currently" value="162" />
  <attribute name="CPU Util currently" value="13782395292094" />
<exclusive-end id="6223" timestamp="2019-06-17T04:32:16.780" durationms="3.615" />

<exclusive-start id="6224" timestamp="2019-06-17T04:32:16.787" intervalms="9.887">
  <response-info timems="0.040" idlems="0.040" threads="0" lastid="0000000002320700" lastname="main" />
</exclusive-start>
<allocation-taxation id="6225" taxation-threshold="10485760" timestamp="2019-06-17T04:32:16.787" intervalms="9.933" />
<gc-start id="6226" type="global mark phase" contextid="6064" timestamp="2019-06-17T04:32:16.787">
  <mem-info id="6227" free="22020096" total="56623104" percent="38">
    <remembered-set count="91296" freebytes="1895040" totalbytes="2260224" percent="83" regionsoverflowed="0" regionsstable="0" regionsrebuilding="17"/>
  </mem-info>
</gc-start>
<gc-end id="6228" type="global mark phase" contextid="6064" durationms="0.128" usertimems="0.000" systemtimems="0.000" timestamp="2019-06-17T04:32:16.787" activeThreads="1">
  <mem-info id="6229" free="22020096" total="56623104" percent="38">
    <remembered-set count="91296" freebytes="1895040" totalbytes="2260224" percent="83" regionsoverflowed="0" regionsstable="0" regionsrebuilding="17"/>
  </mem-info>
</gc-end>
<concurrent-start id="6230" type="GMP work packet processing" contextid="6064" timestamp="2019-06-17T04:32:16.787">
  <concurrent-mark-start scanTarget="1048576" />
</concurrent-start>
<exclusive-end id="6231" timestamp="2019-06-17T04:32:16.787" durationms="0.703" />

<concurrent-end id="6232" type="GMP work packet processing" contextid="6064" timestamp="2019-06-17T04:32:16.789">
  <concurrent-mark-end bytesScanned="1087072" reasonForTermination="Work target met" />
</concurrent-end>

<exclusive-start id="6233" timestamp="2019-06-17T04:32:16.791" intervalms="3.990">
  <response-info timems="0.027" idlems="0.027" threads="0" lastid="0000000002320700" lastname="main" />
</exclusive-start>
<allocation-taxation id="6234" taxation-threshold="10485760" timestamp="2019-06-17T04:32:16.791" intervalms="3.975" />
<cycle-start id="6235" type="partial gc" contextid="0" timestamp="2019-06-17T04:32:16.791" intervalms="13.902" />
<gc-start id="6236" type="partial gc" contextid="6235" timestamp="2019-06-17T04:32:16.791">
  <mem-info id="6237" free="11534336" total="56623104" percent="20">
    <mem type="eden" free="1044608" total="22020096" percent="4" />
    <remembered-set count="99008" freebytes="1864192" totalbytes="2260224" percent="82" regionsoverflowed="0" regionsstable="0" regionsrebuilding="17"/>
  </mem-info>
</gc-start>
<allocation-stats totalBytes="20957320" >
  <allocated-bytes non-tlh="0" tlh="20957320" arrayletleaf="0"/>
  <largest-consumer threadName="main" threadId="0000000002320700" bytes="10479360" />
</allocation-stats>
<gc-op id="6238" type="copy forward" timems="1.811" contextid="6235" timestamp="2019-06-17T04:32:16.794">
  <memory-copied type="eden" objects="138" bytes="4584" bytesdiscarded="0" />
  <memory-copied type="other" objects="0" bytes="0" bytesdiscarded="0" />
  <memory-cardclean objects="80" bytes="2432" />
  <regions eden="20" other="1" />
  <remembered-set-cleared processed="96849" cleared="52" durationms="0.662" />
  <stringconstants candidates="13697" cleared="0"  />
</gc-op>
<gc-op id="6239" type="classunload" timems="0.003" contextid="6235" timestamp="2019-06-17T04:32:16.794">
  <classunload-info classloadercandidates="53" classloadersunloaded="0" classesunloaded="0" anonymousclassesunloaded="0" quiescems="0.000" setupms="0.003" scanms="0.000" postms="0.000" />
</gc-op>
<heap-resize id="6240" type="expand" space="default" amount="4194304" count="1" timems="0.067" reason="excessive time being spent in gc" timestamp="2019-06-17T04:32:16.794" />
<gc-end id="6241" type="partial gc" contextid="6235" durationms="3.087" usertimems="4.000" systemtimems="0.000" timestamp="2019-06-17T04:32:16.794" activeThreads="1">
  <mem-info id="6242" free="36700160" total="60817408" percent="60">
    <mem type="eden" free="1043992" total="1048576" percent="99" />
    <remembered-set count="99424" freebytes="2029952" totalbytes="2427648" percent="83" regionsoverflowed="0" regionsstable="0" regionsrebuilding="17"/>
  </mem-info>
</gc-end>
<cycle-end id="6243" type="partial gc" contextid="6235" timestamp="2019-06-17T04:32:16.794" />
  <attribute name="elasticGC enabled" value="1" />
  <attribute name= "numThreadsSpecified" value="1" />
  <attribute name="heapSize specified" value="0" />
  <attribute name="Current GC Util" value="162" />
  <attribute name= "Current Time Running" value="66229" />
  <attribute name ="GC Interval" value="0" />
  <attribute name="ProportionalT" value="213.000000" />
  <attribute name="ProportionalI" value="213.000000" />
  <attribute name="ProportionalH" value="213.000000" />
  <attribute name="Current Error" value="142.000000" />
  <attribute name="IntegralT" value="0.000000" />
  <attribute name="IntegralI" value="0.000000" />
  <attribute name="IntegralH" value="0.000000" />
  <attribute name="DerivativeT" value="inf" />
  <attribute name="DerivativeI" value="inf" />
  <attribute name="DerivativeH" value="inf" />
  <attribute name="Loop Time for DT" value="0.000000" />
  <attribute name="Output H" value="8388608"/>
  <attribute name="Output I" value="200"/>
  <attribute name="Output T" value="1"/>
  <attribute name="Target GC Util Change" value ="20.000000" />
  <attribute name="Current GC Util Change" value="162.000000"/>
  <attribute name="GC Util currently" value="162" />
  <attribute name="CPU Util currently" value="13808063060741" />
<exclusive-end id="6244" timestamp="2019-06-17T04:32:16.795" durationms="3.775" />

<exclusive-start id="6245" timestamp="2019-06-17T04:32:16.798" intervalms="7.171">
  <response-info timems="0.062" idlems="0.062" threads="0" lastid="0000000002320700" lastname="main" />
</exclusive-start>
<allocation-taxation id="6246" taxation-threshold="10485760" timestamp="2019-06-17T04:32:16.798" intervalms="7.215" />
<gc-start id="6247" type="global mark phase" contextid="6064" timestamp="2019-06-17T04:32:16.798">
  <mem-info id="6248" free="26214400" total="60817408" percent="43">
    <remembered-set count="99072" freebytes="2031360" totalbytes="2427648" percent="83" regionsoverflowed="0" regionsstable="0" regionsrebuilding="17"/>
  </mem-info>
</gc-start>
<gc-end id="6249" type="global mark phase" contextid="6064" durationms="0.128" usertimems="0.000" systemtimems="0.000" timestamp="2019-06-17T04:32:16.798" activeThreads="1">
  <mem-info id="6250" free="26214400" total="60817408" percent="43">
    <remembered-set count="99072" freebytes="2031360" totalbytes="2427648" percent="83" regionsoverflowed="0" regionsstable="0" regionsrebuilding="17"/>
  </mem-info>
</gc-end>
<concurrent-start id="6251" type="GMP work packet processing" contextid="6064" timestamp="2019-06-17T04:32:16.798">
  <concurrent-mark-start scanTarget="1048576" />
</concurrent-start>
<exclusive-end id="6252" timestamp="2019-06-17T04:32:16.799" durationms="0.732" />

<concurrent-end id="6253" type="GMP work packet processing" contextid="6064" timestamp="2019-06-17T04:32:16.800">
  <concurrent-mark-end bytesScanned="1090880" reasonForTermination="Work target met" />
</concurrent-end>

<exclusive-start id="6254" timestamp="2019-06-17T04:32:16.802" intervalms="4.044">
  <response-info timems="0.058" idlems="0.058" threads="0" lastid="0000000002320700" lastname="main" />
</exclusive-start>
<allocation-taxation id="6255" taxation-threshold="10485760" timestamp="2019-06-17T04:32:16.802" intervalms="4.036" />
<cycle-start id="6256" type="partial gc" contextid="0" timestamp="2019-06-17T04:32:16.802" intervalms="11.311" />
<gc-start id="6257" type="partial gc" contextid="6256" timestamp="2019-06-17T04:32:16.802">
  <mem-info id="6258" free="15728640" total="60817408" percent="25">
    <mem type="eden" free="0" total="20971520" percent="0" />
    <remembered-set count="107808" freebytes="1996416" totalbytes="2427648" percent="82" regionsoverflowed="0" regionsstable="0" regionsrebuilding="17"/>
  </mem-info>
</gc-start>
<allocation-stats totalBytes="20960288" >
  <allocated-bytes non-tlh="0" tlh="20960288" arrayletleaf="0"/>
  <largest-consumer threadName="main" threadId="0000000002320700" bytes="10480520" />
</allocation-stats>
<gc-op id="6259" type="copy forward" timems="1.804" contextid="6256" timestamp="2019-06-17T04:32:16.805">
  <memory-copied type="eden" objects="8" bytes="192" bytesdiscarded="0" />
  <memory-copied type="other" objects="130" bytes="4016" bytesdiscarded="0" />
  <memory-cardclean objects="66" bytes="2136" />
  <regions eden="20" other="1" />
  <remembered-set-cleared processed="105886" cleared="59" durationms="0.696" />
  <stringconstants candidates="13697" cleared="0"  />
</gc-op>
<gc-op id="6260" type="classunload" timems="0.004" contextid="6256" timestamp="2019-06-17T04:32:16.805">
  <classunload-info classloadercandidates="53" classloadersunloaded="0" classesunloaded="0" anonymousclassesunloaded="0" quiescems="0.000" setupms="0.004" scanms="0.000" postms="0.000" />
</gc-op>
<heap-resize id="6261" type="expand" space="default" amount="2097152" count="1" timems="0.059" reason="excessive time being spent in gc" timestamp="2019-06-17T04:32:16.805" />
<gc-end id="6262" type="partial gc" contextid="6256" durationms="3.100" usertimems="4.000" systemtimems="0.000" timestamp="2019-06-17T04:32:16.806" activeThreads="1">
  <mem-info id="6263" free="37748736" total="62914560" percent="60">
    <mem type="eden" free="1048384" total="1048576" percent="99" />
    <remembered-set count="108192" freebytes="2078592" totalbytes="2511360" percent="82" regionsoverflowed="0" regionsstable="0" regionsrebuilding="17"/>
  </mem-info>
</gc-end>
<cycle-end id="6264" type="partial gc" contextid="6256" timestamp="2019-06-17T04:32:16.806" />
  <attribute name="elasticGC enabled" value="1" />
  <attribute name= "numThreadsSpecified" value="1" />
  <attribute name="heapSize specified" value="0" />
  <attribute name="Current GC Util" value="163" />
  <attribute name= "Current Time Running" value="66240" />
  <attribute name ="GC Interval" value="0" />
  <attribute name="ProportionalT" value="214.500000" />
  <attribute name="ProportionalI" value="214.500000" />
  <attribute name="ProportionalH" value="214.500000" />
  <attribute name="Current Error" value="143.000000" />
  <attribute name="IntegralT" value="0.000000" />
  <attribute name="IntegralI" value="0.000000" />
  <attribute name="IntegralH" value="0.000000" />
  <attribute name="DerivativeT" value="inf" />
  <attribute name="DerivativeI" value="inf" />
  <attribute name="DerivativeH" value="inf" />
  <attribute name="Loop Time for DT" value="0.000000" />
  <attribute name="Output H" value="8388608"/>
  <attribute name="Output I" value="200"/>
  <attribute name="Output T" value="1"/>
  <attribute name="Target GC Util Change" value ="20.000000" />
  <attribute name="Current GC Util Change" value="163.000000"/>
  <attribute name="GC Util currently" value="163" />
  <attribute name="CPU Util currently" value="13773504034011" />
<exclusive-end id="6265" timestamp="2019-06-17T04:32:16.806" durationms="3.895" />

<exclusive-start id="6266" timestamp="2019-06-17T04:32:16.809" intervalms="7.271">
  <response-info timems="0.065" idlems="0.065" threads="0" lastid="0000000002320700" lastname="main" />
</exclusive-start>
<allocation-taxation id="6267" taxation-threshold="10485760" timestamp="2019-06-17T04:32:16.809" intervalms="7.262" />
<gc-start id="6268" type="global mark phase" contextid="6064" timestamp="2019-06-17T04:32:16.809">
  <mem-info id="6269" free="27262976" total="62914560" percent="43">
    <remembered-set count="107840" freebytes="2080000" totalbytes="2511360" percent="82" regionsoverflowed="0" regionsstable="0" regionsrebuilding="17"/>
  </mem-info>
</gc-start>
<gc-end id="6270" type="global mark phase" contextid="6064" durationms="0.124" usertimems="0.000" systemtimems="0.000" timestamp="2019-06-17T04:32:16.810" activeThreads="1">
  <mem-info id="6271" free="27262976" total="62914560" percent="43">
    <remembered-set count="107840" freebytes="2080000" totalbytes="2511360" percent="82" regionsoverflowed="0" regionsstable="0" regionsrebuilding="17"/>
  </mem-info>
</gc-end>
<concurrent-start id="6272" type="GMP work packet processing" contextid="6064" timestamp="2019-06-17T04:32:16.810">
  <concurrent-mark-start scanTarget="1048576" />
</concurrent-start>
<exclusive-end id="6273" timestamp="2019-06-17T04:32:16.810" durationms="0.652" />

<concurrent-end id="6274" type="GMP work packet processing" contextid="6064" timestamp="2019-06-17T04:32:16.811">
  <concurrent-mark-end bytesScanned="1102184" reasonForTermination="Work target met" />
</concurrent-end>

<exclusive-start id="6275" timestamp="2019-06-17T04:32:16.813" intervalms="3.955">
  <response-info timems="0.057" idlems="0.057" threads="0" lastid="0000000002320700" lastname="main" />
</exclusive-start>
<allocation-taxation id="6276" taxation-threshold="10485760" timestamp="2019-06-17T04:32:16.813" intervalms="3.927" />
<cycle-start id="6277" type="partial gc" contextid="0" timestamp="2019-06-17T04:32:16.813" intervalms="11.121" />
<gc-start id="6278" type="partial gc" contextid="6277" timestamp="2019-06-17T04:32:16.814">
  <mem-info id="6279" free="16777216" total="62914560" percent="26">
    <mem type="eden" free="1048384" total="22020096" percent="4" />
    <remembered-set count="119136" freebytes="2034816" totalbytes="2511360" percent="81" regionsoverflowed="0" regionsstable="0" regionsrebuilding="17"/>
  </mem-info>
</gc-start>
<allocation-stats totalBytes="20960224" >
  <allocated-bytes non-tlh="0" tlh="20960224" arrayletleaf="0"/>
  <largest-consumer threadName="main" threadId="0000000002320700" bytes="10480512" />
</allocation-stats>
<gc-op id="6280" type="copy forward" timems="1.818" contextid="6277" timestamp="2019-06-17T04:32:16.816">
  <memory-copied type="eden" objects="6" bytes="320" bytesdiscarded="0" />
  <memory-copied type="other" objects="0" bytes="0" bytesdiscarded="0" />
  <memory-cardclean objects="16" bytes="528" />
  <regions eden="20" other="1" />
  <remembered-set-cleared processed="116976" cleared="9" durationms="0.753" />
  <stringconstants candidates="13697" cleared="0"  />
</gc-op>
<gc-op id="6281" type="classunload" timems="0.004" contextid="6277" timestamp="2019-06-17T04:32:16.816">
  <classunload-info classloadercandidates="53" classloadersunloaded="0" classesunloaded="0" anonymousclassesunloaded="0" quiescems="0.000" setupms="0.004" scanms="0.000" postms="0.000" />
</gc-op>
<gc-end id="6282" type="partial gc" contextid="6277" durationms="2.846" usertimems="0.000" systemtimems="4.000" timestamp="2019-06-17T04:32:16.816" activeThreads="1">
  <mem-info id="6283" free="37748736" total="62914560" percent="60">
    <mem type="eden" free="1048256" total="1048576" percent="99" />
    <remembered-set count="119616" freebytes="2032896" totalbytes="2511360" percent="80" regionsoverflowed="0" regionsstable="0" regionsrebuilding="17"/>
  </mem-info>
</gc-end>
<cycle-end id="6284" type="partial gc" contextid="6277" timestamp="2019-06-17T04:32:16.817" />
  <attribute name="elasticGC enabled" value="1" />
  <attribute name= "numThreadsSpecified" value="1" />
  <attribute name="heapSize specified" value="0" />
  <attribute name="Current GC Util" value="161" />
  <attribute name= "Current Time Running" value="66251" />
  <attribute name ="GC Interval" value="0" />
  <attribute name="ProportionalT" value="211.500000" />
  <attribute name="ProportionalI" value="211.500000" />
  <attribute name="ProportionalH" value="211.500000" />
  <attribute name="Current Error" value="141.000000" />
  <attribute name="IntegralT" value="0.000000" />
  <attribute name="IntegralI" value="0.000000" />
  <attribute name="IntegralH" value="0.000000" />
  <attribute name="DerivativeT" value="inf" />
  <attribute name="DerivativeI" value="inf" />
  <attribute name="DerivativeH" value="inf" />
  <attribute name="Loop Time for DT" value="0.000000" />
  <attribute name="Output H" value="8388608"/>
  <attribute name="Output I" value="200"/>
  <attribute name="Output T" value="1"/>
  <attribute name="Target GC Util Change" value ="20.000000" />
  <attribute name="Current GC Util Change" value="161.000000"/>
  <attribute name="GC Util currently" value="161" />
  <attribute name="CPU Util currently" value="13801988259164" />
<exclusive-end id="6285" timestamp="2019-06-17T04:32:16.817" durationms="3.506" />

<exclusive-start id="6286" timestamp="2019-06-17T04:32:16.820" intervalms="6.882">
  <response-info timems="0.058" idlems="0.058" threads="0" lastid="0000000002320700" lastname="main" />
</exclusive-start>
<allocation-taxation id="6287" taxation-threshold="10485760" timestamp="2019-06-17T04:32:16.820" intervalms="6.920" />
<gc-start id="6288" type="global mark phase" contextid="6064" timestamp="2019-06-17T04:32:16.820">
  <mem-info id="6289" free="27262976" total="62914560" percent="43">
    <remembered-set count="119136" freebytes="2034816" totalbytes="2511360" percent="81" regionsoverflowed="0" regionsstable="0" regionsrebuilding="17"/>
  </mem-info>
</gc-start>
<gc-end id="6290" type="global mark phase" contextid="6064" durationms="0.123" usertimems="0.000" systemtimems="0.000" timestamp="2019-06-17T04:32:16.820" activeThreads="1">
  <mem-info id="6291" free="27262976" total="62914560" percent="43">
    <remembered-set count="119136" freebytes="2034816" totalbytes="2511360" percent="81" regionsoverflowed="0" regionsstable="0" regionsrebuilding="17"/>
  </mem-info>
</gc-end>
<concurrent-start id="6292" type="GMP work packet processing" contextid="6064" timestamp="2019-06-17T04:32:16.821">
  <concurrent-mark-start scanTarget="1048576" />
</concurrent-start>
<exclusive-end id="6293" timestamp="2019-06-17T04:32:16.821" durationms="0.624" />

<concurrent-end id="6294" type="GMP work packet processing" contextid="6064" timestamp="2019-06-17T04:32:16.822">
  <concurrent-mark-end bytesScanned="981392" reasonForTermination="Completed all work in GC phase" />
</concurrent-end>

<exclusive-start id="6295" timestamp="2019-06-17T04:32:16.824" intervalms="3.829">
  <response-info timems="0.028" idlems="0.028" threads="0" lastid="0000000002320700" lastname="main" />
</exclusive-start>
<allocation-taxation id="6296" taxation-threshold="10485760" timestamp="2019-06-17T04:32:16.824" intervalms="3.787" />
<cycle-start id="6297" type="partial gc" contextid="0" timestamp="2019-06-17T04:32:16.824" intervalms="10.709" />
<gc-start id="6298" type="partial gc" contextid="6297" timestamp="2019-06-17T04:32:16.824">
  <mem-info id="6299" free="16777216" total="62914560" percent="26">
    <mem type="eden" free="1048256" total="22020096" percent="4" />
    <remembered-set count="129440" freebytes="1993600" totalbytes="2511360" percent="79" regionsoverflowed="0" regionsstable="0" regionsrebuilding="17"/>
  </mem-info>
</gc-start>
<allocation-stats totalBytes="20960416" >
  <allocated-bytes non-tlh="0" tlh="20960416" arrayletleaf="0"/>
  <largest-consumer threadName="main" threadId="0000000002320700" bytes="10480440" />
</allocation-stats>
<gc-op id="6300" type="copy forward" timems="1.788" contextid="6297" timestamp="2019-06-17T04:32:16.827">
  <memory-copied type="eden" objects="5" bytes="392" bytesdiscarded="0" />
  <memory-copied type="other" objects="0" bytes="0" bytesdiscarded="0" />
  <memory-cardclean objects="16" bytes="528" />
  <regions eden="20" other="1" />
  <remembered-set-cleared processed="127373" cleared="9" durationms="0.792" />
  <stringconstants candidates="13697" cleared="0"  />
</gc-op>
<gc-op id="6301" type="classunload" timems="0.004" contextid="6297" timestamp="2019-06-17T04:32:16.827">
  <classunload-info classloadercandidates="53" classloadersunloaded="0" classesunloaded="0" anonymousclassesunloaded="0" quiescems="0.000" setupms="0.004" scanms="0.000" postms="0.000" />
</gc-op>
<gc-end id="6302" type="partial gc" contextid="6297" durationms="2.849" usertimems="4.000" systemtimems="0.000" timestamp="2019-06-17T04:32:16.827" activeThreads="1">
  <mem-info id="6303" free="37748736" total="62914560" percent="60">
    <mem type="eden" free="1048184" total="1048576" percent="99" />
    <remembered-set count="129888" freebytes="1991808" totalbytes="2511360" percent="79" regionsoverflowed="0" regionsstable="0" regionsrebuilding="17"/>
  </mem-info>
</gc-end>
<cycle-end id="6304" type="partial gc" contextid="6297" timestamp="2019-06-17T04:32:16.827" />
  <attribute name="elasticGC enabled" value="1" />
  <attribute name= "numThreadsSpecified" value="1" />
  <attribute name="heapSize specified" value="0" />
  <attribute name="Current GC Util" value="174" />
  <attribute name= "Current Time Running" value="66262" />
  <attribute name ="GC Interval" value="0" />
  <attribute name="ProportionalT" value="231.000000" />
  <attribute name="ProportionalI" value="231.000000" />
  <attribute name="ProportionalH" value="231.000000" />
  <attribute name="Current Error" value="154.000000" />
  <attribute name="IntegralT" value="0.000000" />
  <attribute name="IntegralI" value="0.000000" />
  <attribute name="IntegralH" value="0.000000" />
  <attribute name="DerivativeT" value="inf" />
  <attribute name="DerivativeI" value="inf" />
  <attribute name="DerivativeH" value="inf" />
  <attribute name="Loop Time for DT" value="0.000000" />
  <attribute name="Output H" value="8388608"/>
  <attribute name="Output I" value="200"/>
  <attribute name="Output T" value="1"/>
  <attribute name="Target GC Util Change" value ="20.000000" />
  <attribute name="Current GC Util Change" value="174.000000"/>
  <attribute name="GC Util currently" value="174" />
  <attribute name="CPU Util currently" value="14011320231058" />
<exclusive-end id="6305" timestamp="2019-06-17T04:32:16.827" durationms="3.527" />

<exclusive-start id="6306" timestamp="2019-06-17T04:32:16.831" intervalms="6.855">
  <response-info timems="0.058" idlems="0.058" threads="0" lastid="0000000002320700" lastname="main" />
</exclusive-start>
<allocation-taxation id="6307" taxation-threshold="10485760" timestamp="2019-06-17T04:32:16.831" intervalms="6.878" />
<gc-start id="6308" type="global mark phase" contextid="6064" timestamp="2019-06-17T04:32:16.831">
  <mem-info id="6309" free="27262976" total="62914560" percent="43">
    <remembered-set count="129440" freebytes="1993600" totalbytes="2511360" percent="79" regionsoverflowed="0" regionsstable="0" regionsrebuilding="17"/>
  </mem-info>
</gc-start>
<gc-op id="6310" type="mark increment" timems="2.607" contextid="6064" timestamp="2019-06-17T04:32:16.834">
  <trace-info objectcount="79" scancount="78" scanbytes="2224" />
  <cardclean-info objects="137" bytes="12132" />
  <finalization candidates="79" enqueued="0" />
  <ownableSynchronizers candidates="23" cleared="0" />
  <references type="soft" candidates="3275" cleared="5" enqueued="5" dynamicThreshold="19" maxThreshold="32" />
  <references type="weak" candidates="5781" cleared="7" enqueued="3" />
  <references type="phantom" candidates="100" cleared="0" enqueued="0" />
  <stringconstants candidates="13697" cleared="50"  />
</gc-op>
<gc-op id="6311" type="classunload" timems="0.004" contextid="6064" timestamp="2019-06-17T04:32:16.834">
  <classunload-info classloadercandidates="53" classloadersunloaded="0" classesunloaded="0" anonymousclassesunloaded="0" quiescems="0.000" setupms="0.004" scanms="0.000" postms="0.000" />
</gc-op>
<gc-end id="6312" type="global mark phase" contextid="6064" durationms="2.990" usertimems="4.000" systemtimems="0.000" timestamp="2019-06-17T04:32:16.834" activeThreads="4">
  <mem-info id="6313" free="27262976" total="62914560" percent="43">
    <pending-finalizers system="0" default="0" reference="8" classloader="0" />
    <remembered-set count="131488" freebytes="1985408" totalbytes="2511360" percent="79" regionsoverflowed="0" regionsstable="0" regionsrebuilding="0"/>
  </mem-info>
</gc-end>
<cycle-end id="6314" type="global mark phase" contextid="6064" timestamp="2019-06-17T04:32:16.834" />
  <attribute name="elasticGC enabled" value="1" />
  <attribute name= "numThreadsSpecified" value="4" />
  <attribute name="heapSize specified" value="0" />
  <attribute name="Current GC Util" value="226" />
  <attribute name= "Current Time Running" value="66269" />
  <attribute name ="GC Interval" value="0" />
  <attribute name="ProportionalT" value="309.000000" />
  <attribute name="ProportionalI" value="309.000000" />
  <attribute name="ProportionalH" value="309.000000" />
  <attribute name="Current Error" value="206.000000" />
  <attribute name="IntegralT" value="0.000000" />
  <attribute name="IntegralI" value="0.000000" />
  <attribute name="IntegralH" value="0.000000" />
  <attribute name="DerivativeT" value="-inf" />
  <attribute name="DerivativeI" value="-inf" />
  <attribute name="DerivativeH" value="-inf" />
  <attribute name="Loop Time for DT" value="0.000000" />
  <attribute name="Output H" value="2091843584"/>
  <attribute name="Output I" value="200"/>
  <attribute name="Output T" value="4"/>
  <attribute name="Target GC Util Change" value ="20.000000" />
  <attribute name="Current GC Util Change" value="226.000000"/>
  <attribute name="GC Util currently" value="226" />
  <attribute name="CPU Util currently" value="10507612250727" />
<exclusive-end id="6315" timestamp="2019-06-17T04:32:16.834" durationms="3.562" />

<exclusive-start id="6316" timestamp="2019-06-17T04:32:16.838" intervalms="7.157">
  <response-info timems="0.058" idlems="0.058" threads="0" lastid="0000000002320700" lastname="main" />
</exclusive-start>
<allocation-taxation id="6317" taxation-threshold="10485760" timestamp="2019-06-17T04:32:16.838" intervalms="7.184" />
<cycle-start id="6318" type="partial gc" contextid="0" timestamp="2019-06-17T04:32:16.838" intervalms="14.073" />
<gc-start id="6319" type="partial gc" contextid="6318" timestamp="2019-06-17T04:32:16.838">
  <mem-info id="6320" free="16777216" total="62914560" percent="26">
    <mem type="eden" free="1048184" total="22020096" percent="4" />
    <remembered-set count="104448" freebytes="2093568" totalbytes="2511360" percent="83" regionsoverflowed="0" regionsstable="9" regionsrebuilding="0"/>
  </mem-info>
</gc-start>
<allocation-stats totalBytes="20960104" >
  <allocated-bytes non-tlh="0" tlh="20960104" arrayletleaf="0"/>
  <largest-consumer threadName="main" threadId="0000000002320700" bytes="10480336" />
</allocation-stats>
<gc-op id="6321" type="sweep" timems="1.089" contextid="6318" timestamp="2019-06-17T04:32:16.840" />
<gc-op id="6322" type="copy forward" timems="1.492" contextid="6318" timestamp="2019-06-17T04:32:16.842">
  <memory-copied type="eden" objects="6" bytes="304" bytesdiscarded="0" />
  <memory-copied type="other" objects="0" bytes="0" bytesdiscarded="0" />
  <memory-cardclean objects="35" bytes="2232" />
  <regions eden="10" other="1" />
  <remembered-set-cleared processed="102862" cleared="23" durationms="0.669" />
  <stringconstants candidates="13647" cleared="0"  />
</gc-op>
<gc-op id="6323" type="classunload" timems="0.004" contextid="6318" timestamp="2019-06-17T04:32:16.842">
  <classunload-info classloadercandidates="53" classloadersunloaded="0" classesunloaded="0" anonymousclassesunloaded="0" quiescems="0.000" setupms="0.003" scanms="0.000" postms="0.000" />
</gc-op>
<gc-end id="6324" type="partial gc" contextid="6318" durationms="3.895" usertimems="8.000" systemtimems="0.000" timestamp="2019-06-17T04:32:16.842" activeThreads="1">
  <mem-info id="6325" free="37748736" total="62914560" percent="60">
    <mem type="eden" free="1048272" total="1048576" percent="99" />
    <remembered-set count="104832" freebytes="2092032" totalbytes="2511360" percent="83" regionsoverflowed="0" regionsstable="9" regionsrebuilding="0"/>
  </mem-info>
</gc-end>
<cycle-end id="6326" type="partial gc" contextid="6318" timestamp="2019-06-17T04:32:16.842" />
  <attribute name="elasticGC enabled" value="1" />
  <attribute name= "numThreadsSpecified" value="1" />
  <attribute name="heapSize specified" value="0" />
  <attribute name="Current GC Util" value="173" />
  <attribute name= "Current Time Running" value="66277" />
  <attribute name ="GC Interval" value="0" />
  <attribute name="ProportionalT" value="229.500000" />
  <attribute name="ProportionalI" value="229.500000" />
  <attribute name="ProportionalH" value="229.500000" />
  <attribute name="Current Error" value="153.000000" />
  <attribute name="IntegralT" value="0.000000" />
  <attribute name="IntegralI" value="0.000000" />
  <attribute name="IntegralH" value="0.000000" />
  <attribute name="DerivativeT" value="inf" />
  <attribute name="DerivativeI" value="inf" />
  <attribute name="DerivativeH" value="inf" />
  <attribute name="Loop Time for DT" value="0.000000" />
  <attribute name="Output H" value="8388608"/>
  <attribute name="Output I" value="200"/>
  <attribute name="Output T" value="1"/>
  <attribute name="Target GC Util Change" value ="20.000000" />
  <attribute name="Current GC Util Change" value="173.000000"/>
  <attribute name="GC Util currently" value="173" />
  <attribute name="CPU Util currently" value="13925517986490" />
<exclusive-end id="6327" timestamp="2019-06-17T04:32:16.843" durationms="4.660" />

<exclusive-start id="6328" timestamp="2019-06-17T04:32:16.849" intervalms="11.495">
  <response-info timems="0.059" idlems="0.059" threads="0" lastid="0000000002320700" lastname="main" />
</exclusive-start>
<allocation-taxation id="6329" taxation-threshold="22020096" timestamp="2019-06-17T04:32:16.850" intervalms="11.501" />
<cycle-start id="6330" type="partial gc" contextid="0" timestamp="2019-06-17T04:32:16.850" intervalms="11.577" />
<gc-start id="6331" type="partial gc" contextid="6330" timestamp="2019-06-17T04:32:16.850">
  <mem-info id="6332" free="15728640" total="62914560" percent="25">
    <mem type="eden" free="1048272" total="23068672" percent="4" />
    <remembered-set count="104384" freebytes="2093824" totalbytes="2511360" percent="83" regionsoverflowed="0" regionsstable="9" regionsrebuilding="0"/>
  </mem-info>
</gc-start>
<allocation-stats totalBytes="22007912" >
  <allocated-bytes non-tlh="0" tlh="22007912" arrayletleaf="0"/>
  <largest-consumer threadName="main" threadId="0000000002320700" bytes="22007912" />
</allocation-stats>
<gc-op id="6333" type="copy forward" timems="2.709" contextid="6330" timestamp="2019-06-17T04:32:16.853">
  <memory-copied type="eden" objects="8" bytes="192" bytesdiscarded="0" />
  <memory-copied type="other" objects="12" bytes="288" bytesdiscarded="1440" />
  <memory-cardclean objects="62" bytes="2152" />
  <regions eden="21" other="3" />
  <remembered-set-cleared processed="102845" cleared="94" durationms="0.437" />
  <stringconstants candidates="13647" cleared="0"  />
</gc-op>
<gc-op id="6334" type="classunload" timems="0.004" contextid="6330" timestamp="2019-06-17T04:32:16.853">
  <classunload-info classloadercandidates="53" classloadersunloaded="0" classesunloaded="0" anonymousclassesunloaded="0" quiescems="0.000" setupms="0.004" scanms="0.000" postms="0.000" />
</gc-op>
<gc-end id="6335" type="partial gc" contextid="6330" durationms="3.679" usertimems="4.000" systemtimems="0.000" timestamp="2019-06-17T04:32:16.854" activeThreads="4">
  <mem-info id="6336" free="37748736" total="62914560" percent="60">
    <mem type="eden" free="1048384" total="1048576" percent="99" />
    <remembered-set count="104928" freebytes="2091648" totalbytes="2511360" percent="83" regionsoverflowed="0" regionsstable="9" regionsrebuilding="0"/>
  </mem-info>
</gc-end>
<cycle-end id="6337" type="partial gc" contextid="6330" timestamp="2019-06-17T04:32:16.854" />
  <attribute name="elasticGC enabled" value="1" />
  <attribute name= "numThreadsSpecified" value="4" />
  <attribute name="heapSize specified" value="0" />
  <attribute name="Current GC Util" value="312" />
  <attribute name= "Current Time Running" value="66288" />
  <attribute name ="GC Interval" value="0" />
  <attribute name="ProportionalT" value="438.000000" />
  <attribute name="ProportionalI" value="438.000000" />
  <attribute name="ProportionalH" value="438.000000" />
  <attribute name="Current Error" value="292.000000" />
  <attribute name="IntegralT" value="292.000000" />
  <attribute name="IntegralI" value="292.000000" />
  <attribute name="IntegralH" value="292.000000" />
  <attribute name="DerivativeT" value="429.000000" />
  <attribute name="DerivativeI" value="429.000000" />
  <attribute name="DerivativeH" value="429.000000" />
  <attribute name="Loop Time for DT" value="1.000000" />
  <attribute name="Output H" value="8388608"/>
  <attribute name="Output I" value="1160"/>
  <attribute name="Output T" value="4"/>
  <attribute name="Target GC Util Change" value ="20.000000" />
  <attribute name="Current GC Util Change" value="312.000000"/>
  <attribute name="GC Util currently" value="312" />
  <attribute name="CPU Util currently" value="13680387361860" />
<exclusive-end id="6338" timestamp="2019-06-17T04:32:16.854" durationms="4.507" />

<exclusive-start id="6339" timestamp="2019-06-17T04:32:16.861" intervalms="11.307">
  <response-info timems="0.058" idlems="0.058" threads="0" lastid="0000000002320700" lastname="main" />
</exclusive-start>
<allocation-taxation id="6340" taxation-threshold="22020096" timestamp="2019-06-17T04:32:16.861" intervalms="11.294" />
<cycle-start id="6341" type="partial gc" contextid="0" timestamp="2019-06-17T04:32:16.861" intervalms="11.279" />
<gc-start id="6342" type="partial gc" contextid="6341" timestamp="2019-06-17T04:32:16.861">
  <mem-info id="6343" free="15728640" total="62914560" percent="25">
    <mem type="eden" free="1048384" total="23068672" percent="4" />
    <remembered-set count="1696" freebytes="2504576" totalbytes="2511360" percent="99" regionsoverflowed="0" regionsstable="17" regionsrebuilding="0"/>
  </mem-info>
</gc-start>
<allocation-stats totalBytes="22008312" >
  <allocated-bytes non-tlh="0" tlh="22008312" arrayletleaf="0"/>
  <largest-consumer threadName="main" threadId="0000000002320700" bytes="22008312" />
</allocation-stats>
<gc-op id="6344" type="copy forward" timems="1.010" contextid="6341" timestamp="2019-06-17T04:32:16.863">
  <memory-copied type="eden" objects="6" bytes="360" bytesdiscarded="0" />
  <memory-copied type="other" objects="72" bytes="2368" bytesdiscarded="160" />
  <memory-cardclean objects="121" bytes="3944" />
  <regions eden="21" other="3" />
  <remembered-set-cleared processed="544" cleared="5" durationms="0.097" />
  <stringconstants candidates="13647" cleared="0"  />
</gc-op>
<gc-op id="6345" type="classunload" timems="0.004" contextid="6341" timestamp="2019-06-17T04:32:16.863">
  <classunload-info classloadercandidates="53" classloadersunloaded="0" classesunloaded="0" anonymousclassesunloaded="0" quiescems="0.000" setupms="0.004" scanms="0.000" postms="0.000" />
</gc-op>
<heap-resize id="6346" type="contract" space="default" amount="1048576" count="1" timems="0.058" reason="excess free space following gc" timestamp="2019-06-17T04:32:16.863" />
<gc-end id="6347" type="partial gc" contextid="6341" durationms="2.300" usertimems="4.000" systemtimems="0.000" timestamp="2019-06-17T04:32:16.864" activeThreads="1">
  <mem-info id="6348" free="37748736" total="61865984" percent="61">
    <mem type="eden" free="1048216" total="1048576" percent="99" />
    <remembered-set count="1952" freebytes="2503552" totalbytes="2511360" percent="99" regionsoverflowed="0" regionsstable="17" regionsrebuilding="0"/>
  </mem-info>
</gc-end>
<cycle-end id="6349" type="partial gc" contextid="6341" timestamp="2019-06-17T04:32:16.864" />
  <attribute name="elasticGC enabled" value="1" />
  <attribute name= "numThreadsSpecified" value="1" />
  <attribute name="heapSize specified" value="0" />
  <attribute name="Current GC Util" value="162" />
  <attribute name= "Current Time Running" value="66299" />
  <attribute name ="GC Interval" value="0" />
  <attribute name="ProportionalT" value="213.000000" />
  <attribute name="ProportionalI" value="213.000000" />
  <attribute name="ProportionalH" value="213.000000" />
  <attribute name="Current Error" value="142.000000" />
  <attribute name="IntegralT" value="0.000000" />
  <attribute name="IntegralI" value="0.000000" />
  <attribute name="IntegralH" value="0.000000" />
  <attribute name="DerivativeT" value="inf" />
  <attribute name="DerivativeI" value="inf" />
  <attribute name="DerivativeH" value="inf" />
  <attribute name="Loop Time for DT" value="0.000000" />
  <attribute name="Output H" value="8388608"/>
  <attribute name="Output I" value="200"/>
  <attribute name="Output T" value="1"/>
  <attribute name="Target GC Util Change" value ="20.000000" />
  <attribute name="Current GC Util Change" value="162.000000"/>
  <attribute name="GC Util currently" value="162" />
  <attribute name="CPU Util currently" value="13663606881657" />
<exclusive-end id="6350" timestamp="2019-06-17T04:32:16.864" durationms="3.089" />

<exclusive-start id="6351" timestamp="2019-06-17T04:32:16.871" intervalms="9.918">
  <response-info timems="0.068" idlems="0.068" threads="0" lastid="0000000002320700" lastname="main" />
</exclusive-start>
<allocation-taxation id="6352" taxation-threshold="22020096" timestamp="2019-06-17T04:32:16.871" intervalms="9.894" />
<cycle-start id="6353" type="partial gc" contextid="0" timestamp="2019-06-17T04:32:16.871" intervalms="9.890" />
<gc-start id="6354" type="partial gc" contextid="6353" timestamp="2019-06-17T04:32:16.871">
  <mem-info id="6355" free="15728640" total="61865984" percent="25">
    <mem type="eden" free="1048216" total="23068672" percent="4" />
    <remembered-set count="1568" freebytes="2505088" totalbytes="2511360" percent="99" regionsoverflowed="0" regionsstable="17" regionsrebuilding="0"/>
  </mem-info>
</gc-start>
<allocation-stats totalBytes="22008360" >
  <allocated-bytes non-tlh="0" tlh="22008360" arrayletleaf="0"/>
  <largest-consumer threadName="main" threadId="0000000002320700" bytes="22008360" />
</allocation-stats>
<gc-op id="6356" type="copy forward" timems="1.026" contextid="6353" timestamp="2019-06-17T04:32:16.873">
  <memory-copied type="eden" objects="6" bytes="272" bytesdiscarded="0" />
  <memory-copied type="other" objects="49" bytes="1448" bytesdiscarded="0" />
  <memory-cardclean objects="75" bytes="10872" />
  <regions eden="21" other="2" />
  <remembered-set-cleared processed="545" cleared="3" durationms="0.097" />
  <references type="weak" candidates="30" cleared="0" enqueued="0" />
  <stringconstants candidates="13647" cleared="0"  />
</gc-op>
<gc-op id="6357" type="classunload" timems="0.004" contextid="6353" timestamp="2019-06-17T04:32:16.873">
  <classunload-info classloadercandidates="53" classloadersunloaded="0" classesunloaded="0" anonymousclassesunloaded="0" quiescems="0.000" setupms="0.003" scanms="0.000" postms="0.000" />
</gc-op>
<gc-end id="6358" type="partial gc" contextid="6353" durationms="2.259" usertimems="0.000" systemtimems="0.000" timestamp="2019-06-17T04:32:16.873" activeThreads="1">
  <mem-info id="6359" free="37748736" total="61865984" percent="61">
    <mem type="eden" free="1048304" total="1048576" percent="99" />
    <remembered-set count="1216" freebytes="2464640" totalbytes="2469504" percent="99" regionsoverflowed="0" regionsstable="17" regionsrebuilding="0"/>
  </mem-info>
</gc-end>
<cycle-end id="6360" type="partial gc" contextid="6353" timestamp="2019-06-17T04:32:16.874" />
  <attribute name="elasticGC enabled" value="1" />
  <attribute name= "numThreadsSpecified" value="1" />
  <attribute name="heapSize specified" value="0" />
  <attribute name="Current GC Util" value="193" />
  <attribute name= "Current Time Running" value="66309" />
  <attribute name ="GC Interval" value="0" />
  <attribute name="ProportionalT" value="259.500000" />
  <attribute name="ProportionalI" value="259.500000" />
  <attribute name="ProportionalH" value="259.500000" />
  <attribute name="Current Error" value="173.000000" />
  <attribute name="IntegralT" value="0.000000" />
  <attribute name="IntegralI" value="0.000000" />
  <attribute name="IntegralH" value="0.000000" />
  <attribute name="DerivativeT" value="inf" />
  <attribute name="DerivativeI" value="inf" />
  <attribute name="DerivativeH" value="inf" />
  <attribute name="Loop Time for DT" value="0.000000" />
  <attribute name="Output H" value="8388608"/>
  <attribute name="Output I" value="200"/>
  <attribute name="Output T" value="1"/>
  <attribute name="Target GC Util Change" value ="20.000000" />
  <attribute name="Current GC Util Change" value="193.000000"/>
  <attribute name="GC Util currently" value="193" />
  <attribute name="CPU Util currently" value="8893185682383" />
<exclusive-end id="6361" timestamp="2019-06-17T04:32:16.874" durationms="3.057" />

<exclusive-start id="6362" timestamp="2019-06-17T04:32:16.880" intervalms="9.824">
  <response-info timems="0.061" idlems="0.061" threads="0" lastid="0000000002320700" lastname="main" />
</exclusive-start>
<allocation-taxation id="6363" taxation-threshold="22020096" timestamp="2019-06-17T04:32:16.881" intervalms="9.814" />
<cycle-start id="6364" type="partial gc" contextid="0" timestamp="2019-06-17T04:32:16.881" intervalms="9.757" />
<gc-start id="6365" type="partial gc" contextid="6364" timestamp="2019-06-17T04:32:16.881">
  <mem-info id="6366" free="15728640" total="61865984" percent="25">
    <mem type="eden" free="1048304" total="23068672" percent="4" />
    <remembered-set count="800" freebytes="2466304" totalbytes="2469504" percent="99" regionsoverflowed="0" regionsstable="17" regionsrebuilding="0"/>
  </mem-info>
</gc-start>
<allocation-stats totalBytes="22009088" >
  <allocated-bytes non-tlh="0" tlh="22009088" arrayletleaf="0"/>
  <largest-consumer threadName="main" threadId="0000000002320700" bytes="22009088" />
</allocation-stats>
<gc-op id="6367" type="copy forward" timems="3.395" contextid="6364" timestamp="2019-06-17T04:32:16.885">
  <memory-copied type="eden" objects="8" bytes="192" bytesdiscarded="0" />
  <memory-copied type="other" objects="0" bytes="0" bytesdiscarded="0" />
  <memory-cardclean objects="15" bytes="512" />
  <regions eden="21" other="1" />
  <remembered-set-cleared processed="551" cleared="0" durationms="0.074" />
  <stringconstants candidates="13647" cleared="0"  />
</gc-op>
<gc-op id="6368" type="classunload" timems="0.004" contextid="6364" timestamp="2019-06-17T04:32:16.885">
  <classunload-info classloadercandidates="53" classloadersunloaded="0" classesunloaded="0" anonymousclassesunloaded="0" quiescems="0.000" setupms="0.004" scanms="0.000" postms="0.000" />
</gc-op>
<gc-end id="6369" type="partial gc" contextid="6364" durationms="4.492" usertimems="8.000" systemtimems="0.000" timestamp="2019-06-17T04:32:16.885" activeThreads="4">
  <mem-info id="6370" free="37748736" total="61865984" percent="61">
    <mem type="eden" free="1048384" total="1048576" percent="99" />
    <remembered-set count="1280" freebytes="2464384" totalbytes="2469504" percent="99" regionsoverflowed="0" regionsstable="17" regionsrebuilding="0"/>
  </mem-info>
</gc-end>
<cycle-end id="6371" type="partial gc" contextid="6364" timestamp="2019-06-17T04:32:16.885" />
  <attribute name="elasticGC enabled" value="1" />
  <attribute name= "numThreadsSpecified" value="4" />
  <attribute name="heapSize specified" value="0" />
  <attribute name="Current GC Util" value="303" />
  <attribute name= "Current Time Running" value="66319" />
  <attribute name ="GC Interval" value="0" />
  <attribute name="ProportionalT" value="424.500000" />
  <attribute name="ProportionalI" value="424.500000" />
  <attribute name="ProportionalH" value="424.500000" />
  <attribute name="Current Error" value="283.000000" />
  <attribute name="IntegralT" value="283.000000" />
  <attribute name="IntegralI" value="283.000000" />
  <attribute name="IntegralH" value="283.000000" />
  <attribute name="DerivativeT" value="424.500000" />
  <attribute name="DerivativeI" value="424.500000" />
  <attribute name="DerivativeH" value="424.500000" />
  <attribute name="Loop Time for DT" value="1.000000" />
  <attribute name="Output H" value="8388608"/>
  <attribute name="Output I" value="1136"/>
  <attribute name="Output T" value="4"/>
  <attribute name="Target GC Util Change" value ="20.000000" />
  <attribute name="Current GC Util Change" value="303.000000"/>
  <attribute name="GC Util currently" value="303" />
  <attribute name="CPU Util currently" value="13746243342146" />
<exclusive-end id="6372" timestamp="2019-06-17T04:32:16.886" durationms="5.225" />

<exclusive-start id="6373" timestamp="2019-06-17T04:32:16.892" intervalms="11.980">
  <response-info timems="0.065" idlems="0.065" threads="0" lastid="0000000002320700" lastname="main" />
</exclusive-start>
<allocation-taxation id="6374" taxation-threshold="22020096" timestamp="2019-06-17T04:32:16.893" intervalms="11.981" />
<cycle-start id="6375" type="partial gc" contextid="0" timestamp="2019-06-17T04:32:16.893" intervalms="12.044" />
<gc-start id="6376" type="partial gc" contextid="6375" timestamp="2019-06-17T04:32:16.893">
  <mem-info id="6377" free="15728640" total="61865984" percent="25">
    <mem type="eden" free="1048384" total="23068672" percent="4" />
    <remembered-set count="1280" freebytes="2464384" totalbytes="2469504" percent="99" regionsoverflowed="0" regionsstable="17" regionsrebuilding="0"/>
  </mem-info>
</gc-start>
<allocation-stats totalBytes="22008312" >
  <allocated-bytes non-tlh="0" tlh="22008312" arrayletleaf="0"/>
  <largest-consumer threadName="main" threadId="0000000002320700" bytes="22008312" />
</allocation-stats>
<gc-op id="6378" type="copy forward" timems="3.011" contextid="6375" timestamp="2019-06-17T04:32:16.897">
  <memory-copied type="eden" objects="6" bytes="360" bytesdiscarded="0" />
  <memory-copied type="other" objects="0" bytes="0" bytesdiscarded="0" />
  <memory-cardclean objects="15" bytes="512" />
  <regions eden="21" other="1" />
  <remembered-set-cleared processed="551" cleared="0" durationms="0.075" />
  <stringconstants candidates="13647" cleared="0"  />
</gc-op>
<gc-op id="6379" type="classunload" timems="0.004" contextid="6375" timestamp="2019-06-17T04:32:16.897">
  <classunload-info classloadercandidates="53" classloadersunloaded="0" classesunloaded="0" anonymousclassesunloaded="0" quiescems="0.000" setupms="0.004" scanms="0.000" postms="0.000" />
</gc-op>
<gc-end id="6380" type="partial gc" contextid="6375" durationms="3.977" usertimems="4.000" systemtimems="4.000" timestamp="2019-06-17T04:32:16.897" activeThreads="4">
  <mem-info id="6381" free="37748736" total="61865984" percent="61">
    <mem type="eden" free="1048216" total="1048576" percent="99" />
    <remembered-set count="1280" freebytes="2464384" totalbytes="2469504" percent="99" regionsoverflowed="0" regionsstable="17" regionsrebuilding="0"/>
  </mem-info>
</gc-end>
<cycle-end id="6382" type="partial gc" contextid="6375" timestamp="2019-06-17T04:32:16.897" />
  <attribute name="elasticGC enabled" value="1" />
  <attribute name= "numThreadsSpecified" value="4" />
  <attribute name="heapSize specified" value="0" />
  <attribute name="Current GC Util" value="212" />
  <attribute name= "Current Time Running" value="66331" />
  <attribute name ="GC Interval" value="0" />
  <attribute name="ProportionalT" value="288.000000" />
  <attribute name="ProportionalI" value="288.000000" />
  <attribute name="ProportionalH" value="288.000000" />
  <attribute name="Current Error" value="192.000000" />
  <attribute name="IntegralT" value="192.000000" />
  <attribute name="IntegralI" value="192.000000" />
  <attribute name="IntegralH" value="192.000000" />
  <attribute name="DerivativeT" value="201.000000" />
  <attribute name="DerivativeI" value="201.000000" />
  <attribute name="DerivativeH" value="201.000000" />
  <attribute name="Loop Time for DT" value="1.000000" />
  <attribute name="Output H" value="8388608"/>
  <attribute name="Output I" value="688"/>
  <attribute name="Output T" value="4"/>
  <attribute name="Target GC Util Change" value ="20.000000" />
  <attribute name="Current GC Util Change" value="212.000000"/>
  <attribute name="GC Util currently" value="212" />
  <attribute name="CPU Util currently" value="13724397998581" />
<exclusive-end id="6383" timestamp="2019-06-17T04:32:16.897" durationms="4.757" />

<exclusive-start id="6384" timestamp="2019-06-17T04:32:16.904" intervalms="11.856">
  <response-info timems="0.064" idlems="0.064" threads="0" lastid="0000000002320700" lastname="main" />
</exclusive-start>
<allocation-taxation id="6385" taxation-threshold="22020096" timestamp="2019-06-17T04:32:16.904" intervalms="11.867" />
<cycle-start id="6386" type="partial gc" contextid="0" timestamp="2019-06-17T04:32:16.905" intervalms="11.869" />
<gc-start id="6387" type="partial gc" contextid="6386" timestamp="2019-06-17T04:32:16.905">
  <mem-info id="6388" free="15728640" total="61865984" percent="25">
    <mem type="eden" free="1048216" total="23068672" percent="4" />
    <remembered-set count="800" freebytes="2466304" totalbytes="2469504" percent="99" regionsoverflowed="0" regionsstable="17" regionsrebuilding="0"/>
  </mem-info>
</gc-start>
<allocation-stats totalBytes="22006408" >
  <allocated-bytes non-tlh="0" tlh="22006408" arrayletleaf="0"/>
  <largest-consumer threadName="main" threadId="0000000002320700" bytes="22006408" />
</allocation-stats>
<gc-op id="6389" type="copy forward" timems="3.100" contextid="6386" timestamp="2019-06-17T04:32:16.909">
  <memory-copied type="eden" objects="27" bytes="1288" bytesdiscarded="992" />
  <memory-copied type="other" objects="0" bytes="0" bytesdiscarded="0" />
  <memory-cardclean objects="67" bytes="2416" />
  <regions eden="21" other="1" />
  <remembered-set-cleared processed="551" cleared="6" durationms="0.077" />
  <stringconstants candidates="13647" cleared="0"  />
</gc-op>
<gc-op id="6390" type="classunload" timems="0.004" contextid="6386" timestamp="2019-06-17T04:32:16.909">
  <classunload-info classloadercandidates="53" classloadersunloaded="0" classesunloaded="0" anonymousclassesunloaded="0" quiescems="0.000" setupms="0.004" scanms="0.000" postms="0.000" />
</gc-op>
<gc-end id="6391" type="partial gc" contextid="6386" durationms="4.152" usertimems="8.000" systemtimems="0.000" timestamp="2019-06-17T04:32:16.909" activeThreads="4">
  <mem-info id="6392" free="37748736" total="61865984" percent="61">
    <mem type="eden" free="1046296" total="1048576" percent="99" />
    <remembered-set count="2240" freebytes="2460544" totalbytes="2469504" percent="99" regionsoverflowed="0" regionsstable="17" regionsrebuilding="0"/>
  </mem-info>
</gc-end>
<cycle-end id="6393" type="partial gc" contextid="6386" timestamp="2019-06-17T04:32:16.909" />
  <attribute name="elasticGC enabled" value="1" />
  <attribute name= "numThreadsSpecified" value="4" />
  <attribute name="heapSize specified" value="0" />
  <attribute name="Current GC Util" value="170" />
  <attribute name= "Current Time Running" value="66343" />
  <attribute name ="GC Interval" value="0" />
  <attribute name="ProportionalT" value="225.000000" />
  <attribute name="ProportionalI" value="225.000000" />
  <attribute name="ProportionalH" value="225.000000" />
  <attribute name="Current Error" value="150.000000" />
  <attribute name="IntegralT" value="150.000000" />
  <attribute name="IntegralI" value="150.000000" />
  <attribute name="IntegralH" value="150.000000" />
  <attribute name="DerivativeT" value="150.000000" />
  <attribute name="DerivativeI" value="150.000000" />
  <attribute name="DerivativeH" value="150.000000" />
  <attribute name="Loop Time for DT" value="1.000000" />
  <attribute name="Output H" value="8388608"/>
  <attribute name="Output I" value="528"/>
  <attribute name="Output T" value="4"/>
  <attribute name="Target GC Util Change" value ="20.000000" />
  <attribute name="Current GC Util Change" value="170.000000"/>
  <attribute name="GC Util currently" value="170" />
  <attribute name="CPU Util currently" value="13661097404634" />
<exclusive-end id="6394" timestamp="2019-06-17T04:32:16.909" durationms="4.953" />

<exclusive-start id="6395" timestamp="2019-06-17T04:32:16.916" intervalms="12.185">
  <response-info timems="0.059" idlems="0.059" threads="0" lastid="0000000002320700" lastname="main" />
</exclusive-start>
<allocation-taxation id="6396" taxation-threshold="22020096" timestamp="2019-06-17T04:32:16.917" intervalms="12.209" />
<cycle-start id="6397" type="partial gc" contextid="0" timestamp="2019-06-17T04:32:16.917" intervalms="12.201" />
<gc-start id="6398" type="partial gc" contextid="6397" timestamp="2019-06-17T04:32:16.917">
  <mem-info id="6399" free="15728640" total="61865984" percent="25">
    <mem type="eden" free="0" total="22020096" percent="0" />
    <remembered-set count="2240" freebytes="2460544" totalbytes="2469504" percent="99" regionsoverflowed="0" regionsstable="17" regionsrebuilding="0"/>
  </mem-info>
</gc-start>
<allocation-stats totalBytes="22001448" >
  <allocated-bytes non-tlh="0" tlh="22001448" arrayletleaf="0"/>
  <largest-consumer threadName="main" threadId="0000000002320700" bytes="22001448" />
</allocation-stats>
<gc-op id="6400" type="copy forward" timems="2.601" contextid="6397" timestamp="2019-06-17T04:32:16.920">
  <memory-copied type="eden" objects="6" bytes="432" bytesdiscarded="0" />
  <memory-copied type="other" objects="22" bytes="952" bytesdiscarded="224" />
  <memory-cardclean objects="54" bytes="2200" />
  <regions eden="21" other="1" />
  <remembered-set-cleared processed="549" cleared="4" durationms="0.075" />
  <stringconstants candidates="13647" cleared="0"  />
</gc-op>
<gc-op id="6401" type="classunload" timems="0.004" contextid="6397" timestamp="2019-06-17T04:32:16.920">
  <classunload-info classloadercandidates="53" classloadersunloaded="0" classesunloaded="0" anonymousclassesunloaded="0" quiescems="0.000" setupms="0.004" scanms="0.000" postms="0.000" />
</gc-op>
<heap-resize id="6402" type="expand" space="default" amount="1048576" count="1" timems="0.049" reason="excessive time being spent in gc" timestamp="2019-06-17T04:32:16.921" />
<gc-end id="6403" type="partial gc" contextid="6397" durationms="3.771" usertimems="4.000" systemtimems="4.000" timestamp="2019-06-17T04:32:16.921" activeThreads="4">
  <mem-info id="6404" free="37748736" total="62914560" percent="60">
    <mem type="eden" free="1048144" total="1048576" percent="99" />
    <remembered-set count="1728" freebytes="2504448" totalbytes="2511360" percent="99" regionsoverflowed="0" regionsstable="17" regionsrebuilding="0"/>
  </mem-info>
</gc-end>
<cycle-end id="6405" type="partial gc" contextid="6397" timestamp="2019-06-17T04:32:16.921" />
  <attribute name="elasticGC enabled" value="1" />
  <attribute name= "numThreadsSpecified" value="4" />
  <attribute name="heapSize specified" value="0" />
  <attribute name="Current GC Util" value="164" />
  <attribute name= "Current Time Running" value="66355" />
  <attribute name ="GC Interval" value="0" />
  <attribute name="ProportionalT" value="216.000000" />
  <attribute name="ProportionalI" value="216.000000" />
  <attribute name="ProportionalH" value="216.000000" />
  <attribute name="Current Error" value="144.000000" />
  <attribute name="IntegralT" value="144.000000" />
  <attribute name="IntegralI" value="144.000000" />
  <attribute name="IntegralH" value="144.000000" />
  <attribute name="DerivativeT" value="141.000000" />
  <attribute name="DerivativeI" value="141.000000" />
  <attribute name="DerivativeH" value="141.000000" />
  <attribute name="Loop Time for DT" value="1.000000" />
  <attribute name="Output H" value="8388608"/>
  <attribute name="Output I" value="504"/>
  <attribute name="Output T" value="4"/>
  <attribute name="Target GC Util Change" value ="20.000000" />
  <attribute name="Current GC Util Change" value="164.000000"/>
  <attribute name="GC Util currently" value="164" />
  <attribute name="CPU Util currently" value="13668588084044" />
<exclusive-end id="6406" timestamp="2019-06-17T04:32:16.921" durationms="4.540" />

<exclusive-start id="6407" timestamp="2019-06-17T04:32:16.928" intervalms="11.728">
  <response-info timems="0.073" idlems="0.073" threads="0" lastid="0000000002320700" lastname="main" />
</exclusive-start>
<allocation-taxation id="6408" taxation-threshold="22020096" timestamp="2019-06-17T04:32:16.928" intervalms="11.692" />
<cycle-start id="6409" type="partial gc" contextid="0" timestamp="2019-06-17T04:32:16.928" intervalms="11.630" />
<gc-start id="6410" type="partial gc" contextid="6409" timestamp="2019-06-17T04:32:16.929">
  <mem-info id="6411" free="15728640" total="62914560" percent="25">
    <mem type="eden" free="1048144" total="23068672" percent="4" />
    <remembered-set count="1728" freebytes="2504448" totalbytes="2511360" percent="99" regionsoverflowed="0" regionsstable="17" regionsrebuilding="0"/>
  </mem-info>
</gc-start>
<allocation-stats totalBytes="22001160" >
  <allocated-bytes non-tlh="0" tlh="22001160" arrayletleaf="0"/>
  <largest-consumer threadName="main" threadId="0000000002320700" bytes="22001160" />
</allocation-stats>
<gc-op id="6412" type="copy forward" timems="0.983" contextid="6409" timestamp="2019-06-17T04:32:16.930">
  <memory-copied type="eden" objects="6" bytes="192" bytesdiscarded="0" />
  <memory-copied type="other" objects="0" bytes="0" bytesdiscarded="0" />
  <memory-cardclean objects="15" bytes="512" />
  <regions eden="21" other="1" />
  <remembered-set-cleared processed="554" cleared="0" durationms="0.102" />
  <stringconstants candidates="13647" cleared="0"  />
</gc-op>
<gc-op id="6413" type="classunload" timems="0.003" contextid="6409" timestamp="2019-06-17T04:32:16.931">
  <classunload-info classloadercandidates="53" classloadersunloaded="0" classesunloaded="0" anonymousclassesunloaded="0" quiescems="0.000" setupms="0.003" scanms="0.000" postms="0.000" />
</gc-op>
<gc-end id="6414" type="partial gc" contextid="6409" durationms="2.111" usertimems="0.000" systemtimems="4.000" timestamp="2019-06-17T04:32:16.931" activeThreads="1">
  <mem-info id="6415" free="37748736" total="62914560" percent="60">
    <mem type="eden" free="1048384" total="1048576" percent="99" />
    <remembered-set count="2208" freebytes="2502528" totalbytes="2511360" percent="99" regionsoverflowed="0" regionsstable="17" regionsrebuilding="0"/>
  </mem-info>
</gc-end>
<cycle-end id="6416" type="partial gc" contextid="6409" timestamp="2019-06-17T04:32:16.931" />
  <attribute name="elasticGC enabled" value="1" />
  <attribute name= "numThreadsSpecified" value="1" />
  <attribute name="heapSize specified" value="0" />
  <attribute name="Current GC Util" value="160" />
  <attribute name= "Current Time Running" value="66366" />
  <attribute name ="GC Interval" value="0" />
  <attribute name="ProportionalT" value="210.000000" />
  <attribute name="ProportionalI" value="210.000000" />
  <attribute name="ProportionalH" value="210.000000" />
  <attribute name="Current Error" value="140.000000" />
  <attribute name="IntegralT" value="0.000000" />
  <attribute name="IntegralI" value="0.000000" />
  <attribute name="IntegralH" value="0.000000" />
  <attribute name="DerivativeT" value="inf" />
  <attribute name="DerivativeI" value="inf" />
  <attribute name="DerivativeH" value="inf" />
  <attribute name="Loop Time for DT" value="0.000000" />
  <attribute name="Output H" value="8388608"/>
  <attribute name="Output I" value="200"/>
  <attribute name="Output T" value="1"/>
  <attribute name="Target GC Util Change" value ="20.000000" />
  <attribute name="Current GC Util Change" value="160.000000"/>
  <attribute name="GC Util currently" value="160" />
  <attribute name="CPU Util currently" value="13211387832341" />
<exclusive-end id="6417" timestamp="2019-06-17T04:32:16.931" durationms="2.827" />

<exclusive-start id="6418" timestamp="2019-06-17T04:32:16.938" intervalms="10.024">
  <response-info timems="0.060" idlems="0.060" threads="0" lastid="0000000002320700" lastname="main" />
</exclusive-start>
<allocation-taxation id="6419" taxation-threshold="22020096" timestamp="2019-06-17T04:32:16.938" intervalms="10.034" />
<cycle-start id="6420" type="partial gc" contextid="0" timestamp="2019-06-17T04:32:16.938" intervalms="10.081" />
<gc-start id="6421" type="partial gc" contextid="6420" timestamp="2019-06-17T04:32:16.939">
  <mem-info id="6422" free="15728640" total="62914560" percent="25">
    <mem type="eden" free="1048384" total="23068672" percent="4" />
    <remembered-set count="1728" freebytes="2504448" totalbytes="2511360" percent="99" regionsoverflowed="0" regionsstable="17" regionsrebuilding="0"/>
  </mem-info>
</gc-start>
<allocation-stats totalBytes="22001032" >
  <allocated-bytes non-tlh="0" tlh="22001032" arrayletleaf="0"/>
  <largest-consumer threadName="main" threadId="0000000002320700" bytes="22001032" />
</allocation-stats>
<gc-op id="6423" type="copy forward" timems="0.991" contextid="6420" timestamp="2019-06-17T04:32:16.940">
  <memory-copied type="eden" objects="6" bytes="248" bytesdiscarded="0" />
  <memory-copied type="other" objects="0" bytes="0" bytesdiscarded="0" />
  <memory-cardclean objects="15" bytes="512" />
  <regions eden="21" other="1" />
  <remembered-set-cleared processed="554" cleared="0" durationms="0.107" />
  <stringconstants candidates="13647" cleared="0"  />
</gc-op>
<gc-op id="6424" type="classunload" timems="0.003" contextid="6420" timestamp="2019-06-17T04:32:16.941">
  <classunload-info classloadercandidates="53" classloadersunloaded="0" classesunloaded="0" anonymousclassesunloaded="0" quiescems="0.000" setupms="0.003" scanms="0.000" postms="0.000" />
</gc-op>
<gc-end id="6425" type="partial gc" contextid="6420" durationms="2.014" usertimems="4.000" systemtimems="0.000" timestamp="2019-06-17T04:32:16.941" activeThreads="1">
  <mem-info id="6426" free="37748736" total="62914560" percent="60">
    <mem type="eden" free="1048328" total="1048576" percent="99" />
    <remembered-set count="2208" freebytes="2502528" totalbytes="2511360" percent="99" regionsoverflowed="0" regionsstable="17" regionsrebuilding="0"/>
  </mem-info>
</gc-end>
<cycle-end id="6427" type="partial gc" contextid="6420" timestamp="2019-06-17T04:32:16.941" />
  <attribute name="elasticGC enabled" value="1" />
  <attribute name= "numThreadsSpecified" value="1" />
  <attribute name="heapSize specified" value="0" />
  <attribute name="Current GC Util" value="295" />
  <attribute name= "Current Time Running" value="66376" />
  <attribute name ="GC Interval" value="0" />
  <attribute name="ProportionalT" value="412.500000" />
  <attribute name="ProportionalI" value="412.500000" />
  <attribute name="ProportionalH" value="412.500000" />
  <attribute name="Current Error" value="275.000000" />
  <attribute name="IntegralT" value="0.000000" />
  <attribute name="IntegralI" value="0.000000" />
  <attribute name="IntegralH" value="0.000000" />
  <attribute name="DerivativeT" value="inf" />
  <attribute name="DerivativeI" value="inf" />
  <attribute name="DerivativeH" value="inf" />
  <attribute name="Loop Time for DT" value="0.000000" />
  <attribute name="Output H" value="8388608"/>
  <attribute name="Output I" value="200"/>
  <attribute name="Output T" value="1"/>
  <attribute name="Target GC Util Change" value ="20.000000" />
  <attribute name="Current GC Util Change" value="295.000000"/>
  <attribute name="GC Util currently" value="295" />
  <attribute name="CPU Util currently" value="13743949178438" />
<exclusive-end id="6428" timestamp="2019-06-17T04:32:16.941" durationms="2.785" />

<exclusive-start id="6429" timestamp="2019-06-17T04:32:16.951" intervalms="13.053">
  <response-info timems="0.069" idlems="0.069" threads="0" lastid="0000000002320700" lastname="main" />
</exclusive-start>
<allocation-taxation id="6430" taxation-threshold="22020096" timestamp="2019-06-17T04:32:16.951" intervalms="13.080" />
<cycle-start id="6431" type="partial gc" contextid="0" timestamp="2019-06-17T04:32:16.952" intervalms="13.120" />
<gc-start id="6432" type="partial gc" contextid="6431" timestamp="2019-06-17T04:32:16.952">
  <mem-info id="6433" free="15728640" total="62914560" percent="25">
    <mem type="eden" free="1048328" total="23068672" percent="4" />
    <remembered-set count="1728" freebytes="2504448" totalbytes="2511360" percent="99" regionsoverflowed="0" regionsstable="17" regionsrebuilding="0"/>
  </mem-info>
</gc-start>
<allocation-stats totalBytes="22002896" >
  <allocated-bytes non-tlh="0" tlh="22002896" arrayletleaf="0"/>
  <largest-consumer threadName="main" threadId="0000000002320700" bytes="22002896" />
</allocation-stats>
<gc-op id="6434" type="copy forward" timems="2.522" contextid="6431" timestamp="2019-06-17T04:32:16.955">
  <memory-copied type="eden" objects="41" bytes="1856" bytesdiscarded="984" />
  <memory-copied type="other" objects="0" bytes="0" bytesdiscarded="0" />
  <memory-cardclean objects="76" bytes="2440" />
  <regions eden="21" other="1" />
  <remembered-set-cleared processed="554" cleared="6" durationms="0.083" />
  <stringconstants candidates="13647" cleared="0"  />
</gc-op>
<gc-op id="6435" type="classunload" timems="0.003" contextid="6431" timestamp="2019-06-17T04:32:16.955">
  <classunload-info classloadercandidates="53" classloadersunloaded="0" classesunloaded="0" anonymousclassesunloaded="0" quiescems="0.000" setupms="0.003" scanms="0.000" postms="0.000" />
</gc-op>
<gc-end id="6436" type="partial gc" contextid="6431" durationms="3.597" usertimems="0.000" systemtimems="8.000" timestamp="2019-06-17T04:32:16.955" activeThreads="4">
  <mem-info id="6437" free="37748736" total="62914560" percent="60">
    <mem type="eden" free="1045736" total="1048576" percent="99" />
    <remembered-set count="2304" freebytes="2502144" totalbytes="2511360" percent="99" regionsoverflowed="0" regionsstable="17" regionsrebuilding="0"/>
  </mem-info>
</gc-end>
<cycle-end id="6438" type="partial gc" contextid="6431" timestamp="2019-06-17T04:32:16.956" />
  <attribute name="elasticGC enabled" value="1" />
  <attribute name= "numThreadsSpecified" value="4" />
  <attribute name="heapSize specified" value="0" />
  <attribute name="Current GC Util" value="298" />
  <attribute name= "Current Time Running" value="66390" />
  <attribute name ="GC Interval" value="0" />
  <attribute name="ProportionalT" value="417.000000" />
  <attribute name="ProportionalI" value="417.000000" />
  <attribute name="ProportionalH" value="417.000000" />
  <attribute name="Current Error" value="278.000000" />
  <attribute name="IntegralT" value="278.000000" />
  <attribute name="IntegralI" value="278.000000" />
  <attribute name="IntegralH" value="278.000000" />
  <attribute name="DerivativeT" value="417.000000" />
  <attribute name="DerivativeI" value="417.000000" />
  <attribute name="DerivativeH" value="417.000000" />
  <attribute name="Loop Time for DT" value="1.000000" />
  <attribute name="Output H" value="8388608"/>
  <attribute name="Output I" value="1112"/>
  <attribute name="Output T" value="4"/>
  <attribute name="Target GC Util Change" value ="20.000000" />
  <attribute name="Current GC Util Change" value="298.000000"/>
  <attribute name="GC Util currently" value="298" />
  <attribute name="CPU Util currently" value="13919969632100" />
<exclusive-end id="6439" timestamp="2019-06-17T04:32:16.956" durationms="4.422" />

<exclusive-start id="6440" timestamp="2019-06-17T04:32:16.978" intervalms="26.947">
  <response-info timems="0.069" idlems="0.069" threads="0" lastid="0000000002320700" lastname="main" />
</exclusive-start>
<allocation-taxation id="6441" taxation-threshold="22020096" timestamp="2019-06-17T04:32:16.978" intervalms="26.947" />
<cycle-start id="6442" type="partial gc" contextid="0" timestamp="2019-06-17T04:32:16.979" intervalms="26.938" />
<gc-start id="6443" type="partial gc" contextid="6442" timestamp="2019-06-17T04:32:16.979">
  <mem-info id="6444" free="15728640" total="62914560" percent="25">
    <mem type="eden" free="0" total="22020096" percent="0" />
    <remembered-set count="1824" freebytes="2504064" totalbytes="2511360" percent="99" regionsoverflowed="0" regionsstable="17" regionsrebuilding="0"/>
  </mem-info>
</gc-start>
<allocation-stats totalBytes="22015112" >
  <allocated-bytes non-tlh="0" tlh="22015112" arrayletleaf="0"/>
  <largest-consumer threadName="main" threadId="0000000002320700" bytes="22015112" />
</allocation-stats>
<gc-op id="6445" type="copy forward" timems="0.988" contextid="6442" timestamp="2019-06-17T04:32:16.981">
  <memory-copied type="eden" objects="21" bytes="936" bytesdiscarded="0" />
  <memory-copied type="other" objects="22" bytes="976" bytesdiscarded="0" />
  <memory-cardclean objects="68" bytes="2312" />
  <regions eden="21" other="1" />
  <remembered-set-cleared processed="552" cleared="4" durationms="0.102" />
  <stringconstants candidates="13647" cleared="0"  />
</gc-op>
<gc-op id="6446" type="classunload" timems="0.004" contextid="6442" timestamp="2019-06-17T04:32:16.981">
  <classunload-info classloadercandidates="53" classloadersunloaded="0" classesunloaded="0" anonymousclassesunloaded="0" quiescems="0.000" setupms="0.004" scanms="0.000" postms="0.000" />
</gc-op>
<heap-resize id="6447" type="expand" space="default" amount="3145728" count="1" timems="0.064" reason="excessive time being spent in gc" timestamp="2019-06-17T04:32:16.981" />
<gc-end id="6448" type="partial gc" contextid="6442" durationms="2.226" usertimems="4.000" systemtimems="0.000" timestamp="2019-06-17T04:32:16.981" activeThreads="1">
  <mem-info id="6449" free="39845888" total="66060288" percent="60">
    <mem type="eden" free="1047640" total="1048576" percent="99" />
    <remembered-set count="2112" freebytes="2628480" totalbytes="2636928" percent="99" regionsoverflowed="0" regionsstable="17" regionsrebuilding="0"/>
  </mem-info>
</gc-end>
<cycle-end id="6450" type="partial gc" contextid="6442" timestamp="2019-06-17T04:32:16.981" />
  <attribute name="elasticGC enabled" value="1" />
  <attribute name= "numThreadsSpecified" value="1" />
  <attribute name="heapSize specified" value="0" />
  <attribute name="Current GC Util" value="162" />
  <attribute name= "Current Time Running" value="66416" />
  <attribute name ="GC Interval" value="0" />
  <attribute name="ProportionalT" value="213.000000" />
  <attribute name="ProportionalI" value="213.000000" />
  <attribute name="ProportionalH" value="213.000000" />
  <attribute name="Current Error" value="142.000000" />
  <attribute name="IntegralT" value="0.000000" />
  <attribute name="IntegralI" value="0.000000" />
  <attribute name="IntegralH" value="0.000000" />
  <attribute name="DerivativeT" value="inf" />
  <attribute name="DerivativeI" value="inf" />
  <attribute name="DerivativeH" value="inf" />
  <attribute name="Loop Time for DT" value="0.000000" />
  <attribute name="Output H" value="8388608"/>
  <attribute name="Output I" value="200"/>
  <attribute name="Output T" value="1"/>
  <attribute name="Target GC Util Change" value ="20.000000" />
  <attribute name="Current GC Util Change" value="162.000000"/>
  <attribute name="GC Util currently" value="162" />
  <attribute name="CPU Util currently" value="13731140545150" />
<exclusive-end id="6451" timestamp="2019-06-17T04:32:16.981" durationms="3.065" />

<exclusive-start id="6452" timestamp="2019-06-17T04:32:17.005" intervalms="26.486">
  <response-info timems="0.085" idlems="0.085" threads="0" lastid="0000000002320700" lastname="main" />
</exclusive-start>
<allocation-taxation id="6453" taxation-threshold="23068672" timestamp="2019-06-17T04:32:17.005" intervalms="26.483" />
<cycle-start id="6454" type="partial gc" contextid="0" timestamp="2019-06-17T04:32:17.005" intervalms="26.486" />
<gc-start id="6455" type="partial gc" contextid="6454" timestamp="2019-06-17T04:32:17.005">
  <mem-info id="6456" free="16777216" total="66060288" percent="25">
    <mem type="eden" free="1047640" total="24117248" percent="4" />
    <remembered-set count="1728" freebytes="2630016" totalbytes="2636928" percent="99" regionsoverflowed="0" regionsstable="17" regionsrebuilding="0"/>
  </mem-info>
</gc-start>
<allocation-stats totalBytes="23063560" >
  <allocated-bytes non-tlh="0" tlh="23063560" arrayletleaf="0"/>
  <largest-consumer threadName="main" threadId="0000000002320700" bytes="23063560" />
</allocation-stats>
<gc-op id="6457" type="copy forward" timems="0.974" contextid="6454" timestamp="2019-06-17T04:32:17.007">
  <memory-copied type="eden" objects="14" bytes="584" bytesdiscarded="0" />
  <memory-copied type="other" objects="0" bytes="0" bytesdiscarded="0" />
  <memory-cardclean objects="14" bytes="512" />
  <regions eden="22" other="1" />
  <remembered-set-cleared processed="557" cleared="0" durationms="0.102" />
  <stringconstants candidates="13647" cleared="0"  />
</gc-op>
<gc-op id="6458" type="classunload" timems="0.003" contextid="6454" timestamp="2019-06-17T04:32:17.007">
  <classunload-info classloadercandidates="53" classloadersunloaded="0" classesunloaded="0" anonymousclassesunloaded="0" quiescems="0.000" setupms="0.003" scanms="0.000" postms="0.000" />
</gc-op>
<gc-end id="6459" type="partial gc" contextid="6454" durationms="2.054" usertimems="0.000" systemtimems="0.000" timestamp="2019-06-17T04:32:17.007" activeThreads="1">
  <mem-info id="6460" free="39845888" total="66060288" percent="60">
    <mem type="eden" free="1047992" total="1048576" percent="99" />
    <remembered-set count="2208" freebytes="2628096" totalbytes="2636928" percent="99" regionsoverflowed="0" regionsstable="17" regionsrebuilding="0"/>
  </mem-info>
</gc-end>
<cycle-end id="6461" type="partial gc" contextid="6454" timestamp="2019-06-17T04:32:17.007" />
  <attribute name="elasticGC enabled" value="1" />
  <attribute name= "numThreadsSpecified" value="1" />
  <attribute name="heapSize specified" value="0" />
  <attribute name="Current GC Util" value="294" />
  <attribute name= "Current Time Running" value="66443" />
  <attribute name ="GC Interval" value="0" />
  <attribute name="ProportionalT" value="411.000000" />
  <attribute name="ProportionalI" value="411.000000" />
  <attribute name="ProportionalH" value="411.000000" />
  <attribute name="Current Error" value="274.000000" />
  <attribute name="IntegralT" value="0.000000" />
  <attribute name="IntegralI" value="0.000000" />
  <attribute name="IntegralH" value="0.000000" />
  <attribute name="DerivativeT" value="inf" />
  <attribute name="DerivativeI" value="inf" />
  <attribute name="DerivativeH" value="inf" />
  <attribute name="Loop Time for DT" value="0.000000" />
  <attribute name="Output H" value="8388608"/>
  <attribute name="Output I" value="200"/>
  <attribute name="Output T" value="1"/>
  <attribute name="Target GC Util Change" value ="20.000000" />
  <attribute name="Current GC Util Change" value="294.000000"/>
  <attribute name="GC Util currently" value="294" />
  <attribute name="CPU Util currently" value="13628678734510" />
<exclusive-end id="6462" timestamp="2019-06-17T04:32:17.008" durationms="2.860" />

<exclusive-start id="6463" timestamp="2019-06-17T04:32:17.031" intervalms="26.351">
  <response-info timems="0.069" idlems="0.069" threads="0" lastid="0000000002320700" lastname="main" />
</exclusive-start>
<allocation-taxation id="6464" taxation-threshold="23068672" timestamp="2019-06-17T04:32:17.031" intervalms="26.258" />
<cycle-start id="6465" type="partial gc" contextid="0" timestamp="2019-06-17T04:32:17.031" intervalms="26.248" />
<gc-start id="6466" type="partial gc" contextid="6465" timestamp="2019-06-17T04:32:17.031">
  <mem-info id="6467" free="16777216" total="66060288" percent="25">
    <mem type="eden" free="1047992" total="24117248" percent="4" />
    <remembered-set count="1728" freebytes="2630016" totalbytes="2636928" percent="99" regionsoverflowed="0" regionsstable="17" regionsrebuilding="0"/>
  </mem-info>
</gc-start>
<allocation-stats totalBytes="23063568" >
  <allocated-bytes non-tlh="0" tlh="23063568" arrayletleaf="0"/>
  <largest-consumer threadName="main" threadId="0000000002320700" bytes="23063568" />
</allocation-stats>
<gc-op id="6468" type="copy forward" timems="0.920" contextid="6465" timestamp="2019-06-17T04:32:17.033">
  <memory-copied type="eden" objects="31" bytes="1504" bytesdiscarded="0" />
  <memory-copied type="other" objects="0" bytes="0" bytesdiscarded="0" />
  <memory-cardclean objects="14" bytes="512" />
  <regions eden="22" other="1" />
  <remembered-set-cleared processed="557" cleared="0" durationms="0.094" />
  <stringconstants candidates="13647" cleared="0"  />
</gc-op>
<gc-op id="6469" type="classunload" timems="0.004" contextid="6465" timestamp="2019-06-17T04:32:17.033">
  <classunload-info classloadercandidates="53" classloadersunloaded="0" classesunloaded="0" anonymousclassesunloaded="0" quiescems="0.000" setupms="0.004" scanms="0.000" postms="0.000" />
</gc-op>
<gc-end id="6470" type="partial gc" contextid="6465" durationms="2.004" usertimems="4.000" systemtimems="0.000" timestamp="2019-06-17T04:32:17.033" activeThreads="1">
  <mem-info id="6471" free="39845888" total="66060288" percent="60">
    <mem type="eden" free="1047072" total="1048576" percent="99" />
    <remembered-set count="2208" freebytes="2628096" totalbytes="2636928" percent="99" regionsoverflowed="0" regionsstable="17" regionsrebuilding="0"/>
  </mem-info>
</gc-end>
<cycle-end id="6472" type="partial gc" contextid="6465" timestamp="2019-06-17T04:32:17.034" />
  <attribute name="elasticGC enabled" value="1" />
  <attribute name= "numThreadsSpecified" value="1" />
  <attribute name="heapSize specified" value="0" />
  <attribute name="Current GC Util" value="295" />
  <attribute name= "Current Time Running" value="66469" />
  <attribute name ="GC Interval" value="0" />
  <attribute name="ProportionalT" value="412.500000" />
  <attribute name="ProportionalI" value="412.500000" />
  <attribute name="ProportionalH" value="412.500000" />
  <attribute name="Current Error" value="275.000000" />
  <attribute name="IntegralT" value="0.000000" />
  <attribute name="IntegralI" value="0.000000" />
  <attribute name="IntegralH" value="0.000000" />
  <attribute name="DerivativeT" value="inf" />
  <attribute name="DerivativeI" value="inf" />
  <attribute name="DerivativeH" value="inf" />
  <attribute name="Loop Time for DT" value="0.000000" />
  <attribute name="Output H" value="8388608"/>
  <attribute name="Output I" value="200"/>
  <attribute name="Output T" value="1"/>
  <attribute name="Target GC Util Change" value ="20.000000" />
  <attribute name="Current GC Util Change" value="295.000000"/>
  <attribute name="GC Util currently" value="295" />
  <attribute name="CPU Util currently" value="13763309683010" />
<exclusive-end id="6473" timestamp="2019-06-17T04:32:17.034" durationms="2.728" />

<exclusive-start id="6474" timestamp="2019-06-17T04:32:17.214" intervalms="182.735">
  <response-info timems="0.073" idlems="0.073" threads="0" lastid="0000000002320700" lastname="main" />
</exclusive-start>
<allocation-taxation id="6475" taxation-threshold="23068672" timestamp="2019-06-17T04:32:17.214" intervalms="182.881" />
<cycle-start id="6476" type="partial gc" contextid="0" timestamp="2019-06-17T04:32:17.214" intervalms="182.889" />
<gc-start id="6477" type="partial gc" contextid="6476" timestamp="2019-06-17T04:32:17.215">
  <mem-info id="6478" free="16777216" total="66060288" percent="25">
    <mem type="eden" free="1047072" total="24117248" percent="4" />
    <remembered-set count="1728" freebytes="2630016" totalbytes="2636928" percent="99" regionsoverflowed="0" regionsstable="17" regionsrebuilding="0"/>
  </mem-info>
</gc-start>
<allocation-stats totalBytes="22484984" >
  <allocated-bytes non-tlh="0" tlh="22484984" arrayletleaf="0"/>
  <largest-consumer threadName="main" threadId="0000000002320700" bytes="22484984" />
</allocation-stats>
<gc-op id="6479" type="copy forward" timems="1.156" contextid="6476" timestamp="2019-06-17T04:32:17.217">
  <memory-copied type="eden" objects="98" bytes="39640" bytesdiscarded="0" />
  <memory-copied type="other" objects="0" bytes="0" bytesdiscarded="0" />
  <memory-cardclean objects="97" bytes="2968" />
  <regions eden="22" other="1" />
  <remembered-set-cleared processed="557" cleared="7" durationms="0.105" />
  <stringconstants candidates="13647" cleared="0"  />
</gc-op>
<gc-op id="6480" type="classunload" timems="0.005" contextid="6476" timestamp="2019-06-17T04:32:17.217">
  <classunload-info classloadercandidates="53" classloadersunloaded="0" classesunloaded="0" anonymousclassesunloaded="0" quiescems="0.000" setupms="0.004" scanms="0.000" postms="0.000" />
</gc-op>
<heap-resize id="6481" type="contract" space="default" amount="4194304" count="1" timems="0.062" reason="insufficient time being spent in gc" timestamp="2019-06-17T04:32:17.217" />
<gc-end id="6482" type="partial gc" contextid="6476" durationms="2.613" usertimems="4.000" systemtimems="0.000" timestamp="2019-06-17T04:32:17.217" activeThreads="1">
  <mem-info id="6483" free="35651584" total="61865984" percent="57">
    <mem type="eden" free="1008936" total="1048576" percent="96" />
    <remembered-set count="2144" freebytes="2628352" totalbytes="2636928" percent="99" regionsoverflowed="0" regionsstable="17" regionsrebuilding="0"/>
  </mem-info>
</gc-end>
<cycle-end id="6484" type="partial gc" contextid="6476" timestamp="2019-06-17T04:32:17.217" />
  <attribute name="elasticGC enabled" value="1" />
  <attribute name= "numThreadsSpecified" value="1" />
  <attribute name="heapSize specified" value="0" />
  <attribute name="Current GC Util" value="291" />
  <attribute name= "Current Time Running" value="66652" />
  <attribute name ="GC Interval" value="0" />
  <attribute name="ProportionalT" value="406.500000" />
  <attribute name="ProportionalI" value="406.500000" />
  <attribute name="ProportionalH" value="406.500000" />
  <attribute name="Current Error" value="271.000000" />
  <attribute name="IntegralT" value="0.000000" />
  <attribute name="IntegralI" value="0.000000" />
  <attribute name="IntegralH" value="0.000000" />
  <attribute name="DerivativeT" value="inf" />
  <attribute name="DerivativeI" value="inf" />
  <attribute name="DerivativeH" value="inf" />
  <attribute name="Loop Time for DT" value="0.000000" />
  <attribute name="Output H" value="8388608"/>
  <attribute name="Output I" value="200"/>
  <attribute name="Output T" value="1"/>
  <attribute name="Target GC Util Change" value ="20.000000" />
  <attribute name="Current GC Util Change" value="291.000000"/>
  <attribute name="GC Util currently" value="291" />
  <attribute name="CPU Util currently" value="13333466152985" />
<exclusive-end id="6485" timestamp="2019-06-17T04:32:17.218" durationms="3.771" />

<exclusive-start id="6486" timestamp="2019-06-17T04:32:17.221" intervalms="6.982">
  <response-info timems="0.074" idlems="0.074" threads="0" lastid="0000000002320700" lastname="main" />
</exclusive-start>
<allocation-taxation id="6487" taxation-threshold="22020096" timestamp="2019-06-17T04:32:17.221" intervalms="6.979" />
<cycle-start id="6488" type="partial gc" contextid="0" timestamp="2019-06-17T04:32:17.221" intervalms="6.991" />
<gc-start id="6489" type="partial gc" contextid="6488" timestamp="2019-06-17T04:32:17.222">
  <mem-info id="6490" free="13631488" total="61865984" percent="22">
    <mem type="eden" free="0" total="22020096" percent="0" />
    <remembered-set count="1728" freebytes="2630016" totalbytes="2636928" percent="99" regionsoverflowed="0" regionsstable="17" regionsrebuilding="0"/>
  </mem-info>
</gc-start>
<allocation-stats totalBytes="20605824" >
  <allocated-bytes non-tlh="0" tlh="20605824" arrayletleaf="0"/>
  <largest-consumer threadName="main" threadId="0000000002320700" bytes="20605824" />
</allocation-stats>
<gc-op id="6491" type="copy forward" timems="3.319" contextid="6488" timestamp="2019-06-17T04:32:17.226">
  <memory-copied type="eden" objects="12" bytes="36184" bytesdiscarded="2752" />
  <memory-copied type="other" objects="86" bytes="3456" bytesdiscarded="816" />
  <memory-cardclean objects="82" bytes="2728" />
  <regions eden="21" other="1" />
  <remembered-set-cleared processed="555" cleared="5" durationms="0.080" />
  <stringconstants candidates="13647" cleared="0"  />
</gc-op>
<gc-op id="6492" type="classunload" timems="0.005" contextid="6488" timestamp="2019-06-17T04:32:17.226">
  <classunload-info classloadercandidates="53" classloadersunloaded="0" classesunloaded="0" anonymousclassesunloaded="0" quiescems="0.000" setupms="0.004" scanms="0.000" postms="0.000" />
</gc-op>
<heap-resize id="6493" type="contract" space="default" amount="3145728" count="1" timems="0.051" reason="insufficient time being spent in gc" timestamp="2019-06-17T04:32:17.226" />
<gc-end id="6494" type="partial gc" contextid="6488" durationms="4.823" usertimems="8.000" systemtimems="0.000" timestamp="2019-06-17T04:32:17.226" activeThreads="4">
  <mem-info id="6495" free="31457280" total="58720256" percent="53">
    <mem type="eden" free="1009640" total="1048576" percent="96" />
    <remembered-set count="2848" freebytes="2458112" totalbytes="2469504" percent="99" regionsoverflowed="0" regionsstable="17" regionsrebuilding="0"/>
  </mem-info>
</gc-end>
<cycle-end id="6496" type="partial gc" contextid="6488" timestamp="2019-06-17T04:32:17.226" />
  <attribute name="elasticGC enabled" value="1" />
  <attribute name= "numThreadsSpecified" value="4" />
  <attribute name="heapSize specified" value="0" />
  <attribute name="Current GC Util" value="173" />
  <attribute name= "Current Time Running" value="66660" />
  <attribute name ="GC Interval" value="0" />
  <attribute name="ProportionalT" value="229.500000" />
  <attribute name="ProportionalI" value="229.500000" />
  <attribute name="ProportionalH" value="229.500000" />
  <attribute name="Current Error" value="153.000000" />
  <attribute name="IntegralT" value="153.000000" />
  <attribute name="IntegralI" value="153.000000" />
  <attribute name="IntegralH" value="153.000000" />
  <attribute name="DerivativeT" value="210.000000" />
  <attribute name="DerivativeI" value="210.000000" />
  <attribute name="DerivativeH" value="210.000000" />
  <attribute name="Loop Time for DT" value="1.000000" />
  <attribute name="Output H" value="8388608"/>
  <attribute name="Output I" value="592"/>
  <attribute name="Output T" value="4"/>
  <attribute name="Target GC Util Change" value ="20.000000" />
  <attribute name="Current GC Util Change" value="173.000000"/>
  <attribute name="GC Util currently" value="173" />
  <attribute name="CPU Util currently" value="7649273731697" />
<exclusive-end id="6497" timestamp="2019-06-17T04:32:17.227" durationms="5.885" />

<exclusive-start id="6498" timestamp="2019-06-17T04:32:17.228" intervalms="7.509">
  <response-info timems="0.074" idlems="0.074" threads="0" lastid="0000000002320700" lastname="main" />
</exclusive-start>
<allocation-taxation id="6499" taxation-threshold="10485760" timestamp="2019-06-17T04:32:17.228" intervalms="7.450" />
<cycle-start id="6500" type="global mark phase" contextid="0" timestamp="2019-06-17T04:32:17.229" intervalms="666.183" />
<gc-start id="6501" type="global mark phase" contextid="6500" timestamp="2019-06-17T04:32:17.229">
  <mem-info id="6502" free="20971520" total="58720256" percent="35">
    <remembered-set count="2368" freebytes="2460032" totalbytes="2469504" percent="99" regionsoverflowed="0" regionsstable="17" regionsrebuilding="0"/>
  </mem-info>
</gc-start>
<gc-op id="6503" type="mark increment" timems="0.940" contextid="6500" timestamp="2019-06-17T04:32:17.230">
  <trace-info objectcount="192" scancount="0" scanbytes="0" />
</gc-op>
<gc-end id="6504" type="global mark phase" contextid="6500" durationms="1.117" usertimems="0.000" systemtimems="0.000" timestamp="2019-06-17T04:32:17.230" activeThreads="1">
  <mem-info id="6505" free="20971520" total="58720256" percent="35">
    <remembered-set count="2368" freebytes="2460032" totalbytes="2469504" percent="99" regionsoverflowed="0" regionsstable="0" regionsrebuilding="17"/>
  </mem-info>
</gc-end>
<concurrent-start id="6506" type="GMP work packet processing" contextid="6500" timestamp="2019-06-17T04:32:17.230">
  <concurrent-mark-start scanTarget="1048576" />
</concurrent-start>
<exclusive-end id="6507" timestamp="2019-06-17T04:32:17.230" durationms="1.663" />

<exclusive-start id="6508" timestamp="2019-06-17T04:32:17.231" intervalms="3.209">
  <response-info timems="0.040" idlems="0.040" threads="0" lastid="0000000002320700" lastname="main" />
</exclusive-start>
<allocation-taxation id="6509" taxation-threshold="10485760" timestamp="2019-06-17T04:32:17.232" intervalms="3.213" />
<concurrent-end id="6510" type="GMP work packet processing" contextid="6500" timestamp="2019-06-17T04:32:17.232">
  <concurrent-mark-end bytesScanned="1106184" reasonForTermination="Work target met and termination requested" />
</concurrent-end>

<cycle-start id="6511" type="partial gc" contextid="0" timestamp="2019-06-17T04:32:17.232" intervalms="10.765" />
<gc-start id="6512" type="partial gc" contextid="6511" timestamp="2019-06-17T04:32:17.232">
  <mem-info id="6513" free="10485760" total="58720256" percent="17">
    <mem type="eden" free="1009640" total="22020096" percent="4" />
    <remembered-set count="15968" freebytes="2405632" totalbytes="2469504" percent="97" regionsoverflowed="0" regionsstable="0" regionsrebuilding="17"/>
  </mem-info>
</gc-start>
<allocation-stats totalBytes="19625400" >
  <allocated-bytes non-tlh="0" tlh="19625400" arrayletleaf="0"/>
  <largest-consumer threadName="main" threadId="0000000002320700" bytes="9818024" />
</allocation-stats>
<gc-op id="6514" type="copy forward" timems="3.807" contextid="6511" timestamp="2019-06-17T04:32:17.237">
  <memory-copied type="eden" objects="12" bytes="33832" bytesdiscarded="1896" />
  <memory-copied type="other" objects="0" bytes="0" bytesdiscarded="0" />
  <memory-cardclean objects="13454" bytes="596752" />
  <regions eden="20" other="1" />
  <remembered-set-cleared processed="8796" cleared="4559" durationms="0.123" />
  <stringconstants candidates="13647" cleared="0"  />
</gc-op>
<gc-op id="6515" type="classunload" timems="0.006" contextid="6511" timestamp="2019-06-17T04:32:17.237">
  <classunload-info classloadercandidates="53" classloadersunloaded="0" classesunloaded="0" anonymousclassesunloaded="0" quiescems="0.000" setupms="0.006" scanms="0.000" postms="0.000" />
</gc-op>
<heap-resize id="6516" type="expand" space="default" amount="9437184" count="1" timems="0.069" reason="excessive time being spent in gc" timestamp="2019-06-17T04:32:17.237" />
<gc-end id="6517" type="partial gc" contextid="6511" durationms="5.208" usertimems="12.000" systemtimems="0.000" timestamp="2019-06-17T04:32:17.237" activeThreads="4">
  <mem-info id="6518" free="40894464" total="68157440" percent="60">
    <mem type="eden" free="1012848" total="1048576" percent="96" />
    <remembered-set count="10912" freebytes="2676992" totalbytes="2720640" percent="98" regionsoverflowed="0" regionsstable="0" regionsrebuilding="17"/>
  </mem-info>
</gc-end>
<cycle-end id="6519" type="partial gc" contextid="6511" timestamp="2019-06-17T04:32:17.238" />
  <attribute name="elasticGC enabled" value="1" />
  <attribute name= "numThreadsSpecified" value="4" />
  <attribute name="heapSize specified" value="0" />
  <attribute name="Current GC Util" value="117" />
  <attribute name= "Current Time Running" value="66670" />
  <attribute name ="GC Interval" value="0" />
  <attribute name="ProportionalT" value="145.500000" />
  <attribute name="ProportionalI" value="145.500000" />
  <attribute name="ProportionalH" value="145.500000" />
  <attribute name="Current Error" value="97.000000" />
  <attribute name="IntegralT" value="0.000000" />
  <attribute name="IntegralI" value="0.000000" />
  <attribute name="IntegralH" value="0.000000" />
  <attribute name="DerivativeT" value="-inf" />
  <attribute name="DerivativeI" value="-inf" />
  <attribute name="DerivativeH" value="-inf" />
  <attribute name="Loop Time for DT" value="0.000000" />
  <attribute name="Output H" value="2091843584"/>
  <attribute name="Output I" value="200"/>
  <attribute name="Output T" value="4"/>
  <attribute name="Target GC Util Change" value ="20.000000" />
  <attribute name="Current GC Util Change" value="117.000000"/>
  <attribute name="GC Util currently" value="117" />
  <attribute name="CPU Util currently" value="8806759320068" />
<exclusive-end id="6520" timestamp="2019-06-17T04:32:17.238" durationms="6.197" />

<exclusive-start id="6521" timestamp="2019-06-17T04:32:17.239" intervalms="7.946">
  <response-info timems="0.068" idlems="0.068" threads="0" lastid="0000000002320700" lastname="main" />
</exclusive-start>
<allocation-taxation id="6522" taxation-threshold="11534336" timestamp="2019-06-17T04:32:17.240" intervalms="7.972" />
<gc-start id="6523" type="global mark phase" contextid="6500" timestamp="2019-06-17T04:32:17.240">
  <mem-info id="6524" free="29360128" total="68157440" percent="43">
    <remembered-set count="10912" freebytes="2676992" totalbytes="2720640" percent="98" regionsoverflowed="0" regionsstable="0" regionsrebuilding="17"/>
  </mem-info>
</gc-start>
<gc-end id="6525" type="global mark phase" contextid="6500" durationms="0.128" usertimems="0.000" systemtimems="0.000" timestamp="2019-06-17T04:32:17.240" activeThreads="4">
  <mem-info id="6526" free="29360128" total="68157440" percent="43">
    <remembered-set count="10912" freebytes="2676992" totalbytes="2720640" percent="98" regionsoverflowed="0" regionsstable="0" regionsrebuilding="17"/>
  </mem-info>
</gc-end>
<concurrent-start id="6527" type="GMP work packet processing" contextid="6500" timestamp="2019-06-17T04:32:17.240">
  <concurrent-mark-start scanTarget="1846605" />
</concurrent-start>
<exclusive-end id="6528" timestamp="2019-06-17T04:32:17.240" durationms="0.774" />

<concurrent-end id="6529" type="GMP work packet processing" contextid="6500" timestamp="2019-06-17T04:32:17.242">
  <concurrent-mark-end bytesScanned="1930292" reasonForTermination="Work target met" />
</concurrent-end>

<exclusive-start id="6530" timestamp="2019-06-17T04:32:17.265" intervalms="25.096">
  <response-info timems="0.077" idlems="0.077" threads="0" lastid="0000000002320700" lastname="main" />
</exclusive-start>
<allocation-taxation id="6531" taxation-threshold="11534336" timestamp="2019-06-17T04:32:17.265" intervalms="25.093" />
<cycle-start id="6532" type="partial gc" contextid="0" timestamp="2019-06-17T04:32:17.265" intervalms="32.880" />
<gc-start id="6533" type="partial gc" contextid="6532" timestamp="2019-06-17T04:32:17.265">
  <mem-info id="6534" free="17825792" total="68157440" percent="26">
    <mem type="eden" free="1012848" total="24117248" percent="4" />
    <remembered-set count="26688" freebytes="2613888" totalbytes="2720640" percent="96" regionsoverflowed="0" regionsstable="0" regionsrebuilding="17"/>
  </mem-info>
</gc-start>
<allocation-stats totalBytes="22321344" >
  <allocated-bytes non-tlh="0" tlh="22321344" arrayletleaf="0"/>
  <largest-consumer threadName="main" threadId="0000000002320700" bytes="11533544" />
</allocation-stats>
<gc-op id="6535" type="copy forward" timems="1.713" contextid="6532" timestamp="2019-06-17T04:32:17.268">
  <memory-copied type="eden" objects="138" bytes="47288" bytesdiscarded="0" />
  <memory-copied type="other" objects="0" bytes="0" bytesdiscarded="0" />
  <memory-cardclean objects="76" bytes="2544" />
  <regions eden="22" other="1" />
  <remembered-set-cleared processed="24198" cleared="44" durationms="0.271" />
  <stringconstants candidates="13647" cleared="0"  />
</gc-op>
<gc-op id="6536" type="classunload" timems="0.004" contextid="6532" timestamp="2019-06-17T04:32:17.268">
  <classunload-info classloadercandidates="53" classloadersunloaded="0" classesunloaded="0" anonymousclassesunloaded="0" quiescems="0.000" setupms="0.004" scanms="0.000" postms="0.000" />
</gc-op>
<gc-end id="6537" type="partial gc" contextid="6532" durationms="2.882" usertimems="4.000" systemtimems="0.000" timestamp="2019-06-17T04:32:17.268" activeThreads="1">
  <mem-info id="6538" free="40894464" total="68157440" percent="60">
    <mem type="eden" free="1001288" total="1048576" percent="95" />
    <remembered-set count="27136" freebytes="2612096" totalbytes="2720640" percent="96" regionsoverflowed="0" regionsstable="0" regionsrebuilding="17"/>
  </mem-info>
</gc-end>
<cycle-end id="6539" type="partial gc" contextid="6532" timestamp="2019-06-17T04:32:17.268" />
  <attribute name="elasticGC enabled" value="1" />
  <attribute name= "numThreadsSpecified" value="1" />
  <attribute name="heapSize specified" value="0" />
  <attribute name="Current GC Util" value="162" />
  <attribute name= "Current Time Running" value="66703" />
  <attribute name ="GC Interval" value="0" />
  <attribute name="ProportionalT" value="213.000000" />
  <attribute name="ProportionalI" value="213.000000" />
  <attribute name="ProportionalH" value="213.000000" />
  <attribute name="Current Error" value="142.000000" />
  <attribute name="IntegralT" value="0.000000" />
  <attribute name="IntegralI" value="0.000000" />
  <attribute name="IntegralH" value="0.000000" />
  <attribute name="DerivativeT" value="inf" />
  <attribute name="DerivativeI" value="inf" />
  <attribute name="DerivativeH" value="inf" />
  <attribute name="Loop Time for DT" value="0.000000" />
  <attribute name="Output H" value="8388608"/>
  <attribute name="Output I" value="200"/>
  <attribute name="Output T" value="1"/>
  <attribute name="Target GC Util Change" value ="20.000000" />
  <attribute name="Current GC Util Change" value="162.000000"/>
  <attribute name="GC Util currently" value="162" />
  <attribute name="CPU Util currently" value="13070116193154" />
<exclusive-end id="6540" timestamp="2019-06-17T04:32:17.268" durationms="3.864" />

<exclusive-start id="6541" timestamp="2019-06-17T04:32:17.373" intervalms="108.626">
  <response-info timems="0.074" idlems="0.074" threads="0" lastid="0000000002320700" lastname="main" />
</exclusive-start>
<allocation-taxation id="6542" taxation-threshold="11534336" timestamp="2019-06-17T04:32:17.373" intervalms="108.649" />
<gc-start id="6543" type="global mark phase" contextid="6500" timestamp="2019-06-17T04:32:17.374">
  <mem-info id="6544" free="29360128" total="68157440" percent="43">
    <remembered-set count="26720" freebytes="2613760" totalbytes="2720640" percent="96" regionsoverflowed="0" regionsstable="0" regionsrebuilding="17"/>
  </mem-info>
</gc-start>
<gc-end id="6545" type="global mark phase" contextid="6500" durationms="0.121" usertimems="0.000" systemtimems="0.000" timestamp="2019-06-17T04:32:17.374" activeThreads="1">
  <mem-info id="6546" free="29360128" total="68157440" percent="43">
    <remembered-set count="26720" freebytes="2613760" totalbytes="2720640" percent="96" regionsoverflowed="0" regionsstable="0" regionsrebuilding="17"/>
  </mem-info>
</gc-end>
<concurrent-start id="6547" type="GMP work packet processing" contextid="6500" timestamp="2019-06-17T04:32:17.374">
  <concurrent-mark-start scanTarget="1048576" />
</concurrent-start>
<exclusive-end id="6548" timestamp="2019-06-17T04:32:17.374" durationms="0.771" />

<concurrent-end id="6549" type="GMP work packet processing" contextid="6500" timestamp="2019-06-17T04:32:17.375">
  <concurrent-mark-end bytesScanned="1086564" reasonForTermination="Work target met" />
</concurrent-end>

<exclusive-start id="6550" timestamp="2019-06-17T04:32:17.381" intervalms="8.182">
  <response-info timems="0.046" idlems="0.046" threads="0" lastid="0000000002320700" lastname="main" />
</exclusive-start>
<allocation-taxation id="6551" taxation-threshold="11534336" timestamp="2019-06-17T04:32:17.381" intervalms="8.074" />
<cycle-start id="6552" type="partial gc" contextid="0" timestamp="2019-06-17T04:32:17.382" intervalms="116.716" />
<gc-start id="6553" type="partial gc" contextid="6552" timestamp="2019-06-17T04:32:17.382">
  <mem-info id="6554" free="17825792" total="68157440" percent="26">
    <mem type="eden" free="0" total="23068672" percent="0" />
    <remembered-set count="35424" freebytes="2578944" totalbytes="2720640" percent="94" regionsoverflowed="0" regionsstable="0" regionsrebuilding="17"/>
  </mem-info>
</gc-start>
<allocation-stats totalBytes="23066264" >
  <allocated-bytes non-tlh="0" tlh="23066264" arrayletleaf="0"/>
  <largest-consumer threadName="main" threadId="0000000002320700" bytes="11532728" />
</allocation-stats>
<gc-op id="6555" type="copy forward" timems="1.706" contextid="6552" timestamp="2019-06-17T04:32:17.384">
  <memory-copied type="eden" objects="35" bytes="1072" bytesdiscarded="0" />
  <memory-copied type="other" objects="14" bytes="40128" bytesdiscarded="0" />
  <memory-cardclean objects="77" bytes="2584" />
  <regions eden="22" other="1" />
  <remembered-set-cleared processed="32906" cleared="46" durationms="0.323" />
  <stringconstants candidates="13647" cleared="0"  />
</gc-op>
<gc-op id="6556" type="classunload" timems="0.004" contextid="6552" timestamp="2019-06-17T04:32:17.384">
  <classunload-info classloadercandidates="53" classloadersunloaded="0" classesunloaded="0" anonymousclassesunloaded="0" quiescems="0.000" setupms="0.004" scanms="0.000" postms="0.000" />
</gc-op>
<heap-resize id="6557" type="contract" space="default" amount="4194304" count="1" timems="0.065" reason="insufficient time being spent in gc" timestamp="2019-06-17T04:32:17.385" />
<gc-end id="6558" type="partial gc" contextid="6552" durationms="2.939" usertimems="4.000" systemtimems="0.000" timestamp="2019-06-17T04:32:17.385" activeThreads="1">
  <mem-info id="6559" free="35651584" total="63963136" percent="55">
    <mem type="eden" free="1047504" total="1048576" percent="99" />
    <remembered-set count="35840" freebytes="2577280" totalbytes="2720640" percent="94" regionsoverflowed="0" regionsstable="0" regionsrebuilding="17"/>
  </mem-info>
</gc-end>
<cycle-end id="6560" type="partial gc" contextid="6552" timestamp="2019-06-17T04:32:17.385" />
  <attribute name="elasticGC enabled" value="1" />
  <attribute name= "numThreadsSpecified" value="1" />
  <attribute name="heapSize specified" value="0" />
  <attribute name="Current GC Util" value="163" />
  <attribute name= "Current Time Running" value="66819" />
  <attribute name ="GC Interval" value="0" />
  <attribute name="ProportionalT" value="214.500000" />
  <attribute name="ProportionalI" value="214.500000" />
  <attribute name="ProportionalH" value="214.500000" />
  <attribute name="Current Error" value="143.000000" />
  <attribute name="IntegralT" value="0.000000" />
  <attribute name="IntegralI" value="0.000000" />
  <attribute name="IntegralH" value="0.000000" />
  <attribute name="DerivativeT" value="inf" />
  <attribute name="DerivativeI" value="inf" />
  <attribute name="DerivativeH" value="inf" />
  <attribute name="Loop Time for DT" value="0.000000" />
  <attribute name="Output H" value="8388608"/>
  <attribute name="Output I" value="200"/>
  <attribute name="Output T" value="1"/>
  <attribute name="Target GC Util Change" value ="20.000000" />
  <attribute name="Current GC Util Change" value="163.000000"/>
  <attribute name="GC Util currently" value="163" />
  <attribute name="CPU Util currently" value="13668628591249" />
<exclusive-end id="6561" timestamp="2019-06-17T04:32:17.385" durationms="3.585" />

<exclusive-start id="6562" timestamp="2019-06-17T04:32:17.392" intervalms="11.026">
  <response-info timems="0.068" idlems="0.068" threads="0" lastid="0000000002320700" lastname="main" />
</exclusive-start>
<allocation-taxation id="6563" taxation-threshold="11534336" timestamp="2019-06-17T04:32:17.392" intervalms="11.068" />
<gc-start id="6564" type="global mark phase" contextid="6500" timestamp="2019-06-17T04:32:17.393">
  <mem-info id="6565" free="24117248" total="63963136" percent="37">
    <remembered-set count="35424" freebytes="2578944" totalbytes="2720640" percent="94" regionsoverflowed="0" regionsstable="0" regionsrebuilding="17"/>
  </mem-info>
</gc-start>
<gc-end id="6566" type="global mark phase" contextid="6500" durationms="0.133" usertimems="0.000" systemtimems="0.000" timestamp="2019-06-17T04:32:17.393" activeThreads="1">
  <mem-info id="6567" free="24117248" total="63963136" percent="37">
    <remembered-set count="35424" freebytes="2578944" totalbytes="2720640" percent="94" regionsoverflowed="0" regionsstable="0" regionsrebuilding="17"/>
  </mem-info>
</gc-end>
<concurrent-start id="6568" type="GMP work packet processing" contextid="6500" timestamp="2019-06-17T04:32:17.393">
  <concurrent-mark-start scanTarget="1048576" />
</concurrent-start>
<exclusive-end id="6569" timestamp="2019-06-17T04:32:17.393" durationms="0.609" />

<concurrent-end id="6570" type="GMP work packet processing" contextid="6500" timestamp="2019-06-17T04:32:17.394">
  <concurrent-mark-end bytesScanned="1098080" reasonForTermination="Work target met" />
</concurrent-end>

<exclusive-start id="6571" timestamp="2019-06-17T04:32:17.400" intervalms="8.037">
  <response-info timems="0.037" idlems="0.037" threads="0" lastid="0000000002320700" lastname="main" />
</exclusive-start>
<allocation-taxation id="6572" taxation-threshold="11534336" timestamp="2019-06-17T04:32:17.400" intervalms="7.996" />
<cycle-start id="6573" type="partial gc" contextid="0" timestamp="2019-06-17T04:32:17.401" intervalms="19.034" />
<gc-start id="6574" type="partial gc" contextid="6573" timestamp="2019-06-17T04:32:17.401">
  <mem-info id="6575" free="12582912" total="63963136" percent="19">
    <mem type="eden" free="0" total="23068672" percent="0" />
    <remembered-set count="43616" freebytes="2546176" totalbytes="2720640" percent="93" regionsoverflowed="0" regionsstable="0" regionsrebuilding="17"/>
  </mem-info>
</gc-start>
<allocation-stats totalBytes="23065816" >
  <allocated-bytes non-tlh="0" tlh="23065816" arrayletleaf="0"/>
  <largest-consumer threadName="main" threadId="0000000002320700" bytes="11533008" />
</allocation-stats>
<gc-op id="6576" type="copy forward" timems="4.752" contextid="6573" timestamp="2019-06-17T04:32:17.406">
  <memory-copied type="eden" objects="3" bytes="128" bytesdiscarded="0" />
  <memory-copied type="other" objects="34" bytes="1048" bytesdiscarded="1032" />
  <memory-cardclean objects="94668" bytes="3314992" />
  <regions eden="22" other="1" />
  <remembered-set-cleared processed="10068" cleared="3966" durationms="0.135" />
  <stringconstants candidates="13647" cleared="0"  />
</gc-op>
<gc-op id="6577" type="classunload" timems="0.004" contextid="6573" timestamp="2019-06-17T04:32:17.406">
  <classunload-info classloadercandidates="53" classloadersunloaded="0" classesunloaded="0" anonymousclassesunloaded="0" quiescems="0.000" setupms="0.004" scanms="0.000" postms="0.000" />
</gc-op>
<heap-resize id="6578" type="expand" space="default" amount="9437184" count="1" timems="0.067" reason="excessive time being spent in gc" timestamp="2019-06-17T04:32:17.407" />
<gc-end id="6579" type="partial gc" contextid="6573" durationms="6.130" usertimems="16.000" systemtimems="0.000" timestamp="2019-06-17T04:32:17.407" activeThreads="4">
  <mem-info id="6580" free="44040192" total="73400320" percent="60">
    <mem type="eden" free="1048448" total="1048576" percent="99" />
    <remembered-set count="25600" freebytes="2827520" totalbytes="2929920" percent="96" regionsoverflowed="0" regionsstable="0" regionsrebuilding="17"/>
  </mem-info>
</gc-end>
<cycle-end id="6581" type="partial gc" contextid="6573" timestamp="2019-06-17T04:32:17.407" />
  <attribute name="elasticGC enabled" value="1" />
  <attribute name= "numThreadsSpecified" value="4" />
  <attribute name="heapSize specified" value="0" />
  <attribute name="Current GC Util" value="127" />
  <attribute name= "Current Time Running" value="66839" />
  <attribute name ="GC Interval" value="0" />
  <attribute name="ProportionalT" value="160.500000" />
  <attribute name="ProportionalI" value="160.500000" />
  <attribute name="ProportionalH" value="160.500000" />
  <attribute name="Current Error" value="107.000000" />
  <attribute name="IntegralT" value="107.000000" />
  <attribute name="IntegralI" value="107.000000" />
  <attribute name="IntegralH" value="107.000000" />
  <attribute name="DerivativeT" value="126.000000" />
  <attribute name="DerivativeI" value="126.000000" />
  <attribute name="DerivativeH" value="126.000000" />
  <attribute name="Loop Time for DT" value="1.000000" />
  <attribute name="Output H" value="8388608"/>
  <attribute name="Output I" value="400"/>
  <attribute name="Output T" value="4"/>
  <attribute name="Target GC Util Change" value ="20.000000" />
  <attribute name="Current GC Util Change" value="127.000000"/>
  <attribute name="GC Util currently" value="127" />
  <attribute name="CPU Util currently" value="7319660049879" />
<exclusive-end id="6582" timestamp="2019-06-17T04:32:17.407" durationms="6.716" />

<exclusive-start id="6583" timestamp="2019-06-17T04:32:17.415" intervalms="14.811">
  <response-info timems="0.069" idlems="0.069" threads="0" lastid="0000000002320700" lastname="main" />
</exclusive-start>
<allocation-taxation id="6584" taxation-threshold="12582912" timestamp="2019-06-17T04:32:17.415" intervalms="14.860" />
<gc-start id="6585" type="global mark phase" contextid="6500" timestamp="2019-06-17T04:32:17.415">
  <mem-info id="6586" free="31457280" total="73400320" percent="42">
    <remembered-set count="25600" freebytes="2827520" totalbytes="2929920" percent="96" regionsoverflowed="0" regionsstable="0" regionsrebuilding="17"/>
  </mem-info>
</gc-start>
<gc-end id="6587" type="global mark phase" contextid="6500" durationms="0.119" usertimems="0.000" systemtimems="0.000" timestamp="2019-06-17T04:32:17.416" activeThreads="4">
  <mem-info id="6588" free="31457280" total="73400320" percent="42">
    <remembered-set count="25600" freebytes="2827520" totalbytes="2929920" percent="96" regionsoverflowed="0" regionsstable="0" regionsrebuilding="17"/>
  </mem-info>
</gc-end>
<concurrent-start id="6589" type="GMP work packet processing" contextid="6500" timestamp="2019-06-17T04:32:17.416">
  <concurrent-mark-start scanTarget="1048576" />
</concurrent-start>
<exclusive-end id="6590" timestamp="2019-06-17T04:32:17.416" durationms="0.583" />

<concurrent-end id="6591" type="GMP work packet processing" contextid="6500" timestamp="2019-06-17T04:32:17.417">
  <concurrent-mark-end bytesScanned="1101012" reasonForTermination="Work target met" />
</concurrent-end>

<exclusive-start id="6592" timestamp="2019-06-17T04:32:17.427" intervalms="12.255">
  <response-info timems="0.077" idlems="0.077" threads="0" lastid="0000000002320700" lastname="main" />
</exclusive-start>
<allocation-taxation id="6593" taxation-threshold="12582912" timestamp="2019-06-17T04:32:17.428" intervalms="12.237" />
<cycle-start id="6594" type="partial gc" contextid="0" timestamp="2019-06-17T04:32:17.428" intervalms="27.169" />
<gc-start id="6595" type="partial gc" contextid="6594" timestamp="2019-06-17T04:32:17.428">
  <mem-info id="6596" free="18874368" total="73400320" percent="25">
    <mem type="eden" free="1048448" total="26214400" percent="3" />
    <remembered-set count="40672" freebytes="2767232" totalbytes="2929920" percent="94" regionsoverflowed="0" regionsstable="0" regionsrebuilding="17"/>
  </mem-info>
</gc-start>
<allocation-stats totalBytes="25162208" >
  <allocated-bytes non-tlh="0" tlh="25162208" arrayletleaf="0"/>
  <largest-consumer threadName="main" threadId="0000000002320700" bytes="12580896" />
</allocation-stats>
<gc-op id="6597" type="copy forward" timems="1.863" contextid="6594" timestamp="2019-06-17T04:32:17.431">
  <memory-copied type="eden" objects="45" bytes="1464" bytesdiscarded="672" />
  <memory-copied type="other" objects="0" bytes="0" bytesdiscarded="0" />
  <memory-cardclean objects="76" bytes="2464" />
  <regions eden="24" other="1" />
  <remembered-set-cleared processed="38270" cleared="56" durationms="0.183" />
  <stringconstants candidates="13647" cleared="0"  />
</gc-op>
<gc-op id="6598" type="classunload" timems="0.004" contextid="6594" timestamp="2019-06-17T04:32:17.431">
  <classunload-info classloadercandidates="53" classloadersunloaded="0" classesunloaded="0" anonymousclassesunloaded="0" quiescems="0.000" setupms="0.004" scanms="0.000" postms="0.000" />
</gc-op>
<gc-end id="6599" type="partial gc" contextid="6594" durationms="2.947" usertimems="8.000" systemtimems="0.000" timestamp="2019-06-17T04:32:17.431" activeThreads="4">
  <mem-info id="6600" free="44040192" total="73400320" percent="60">
    <mem type="eden" free="1046440" total="1048576" percent="99" />
    <remembered-set count="41344" freebytes="2764544" totalbytes="2929920" percent="94" regionsoverflowed="0" regionsstable="0" regionsrebuilding="17"/>
  </mem-info>
</gc-end>
<cycle-end id="6601" type="partial gc" contextid="6594" timestamp="2019-06-17T04:32:17.431" />
  <attribute name="elasticGC enabled" value="1" />
  <attribute name= "numThreadsSpecified" value="4" />
  <attribute name="heapSize specified" value="0" />
  <attribute name="Current GC Util" value="183" />
  <attribute name= "Current Time Running" value="66866" />
  <attribute name ="GC Interval" value="0" />
  <attribute name="ProportionalT" value="244.500000" />
  <attribute name="ProportionalI" value="244.500000" />
  <attribute name="ProportionalH" value="244.500000" />
  <attribute name="Current Error" value="163.000000" />
  <attribute name="IntegralT" value="163.000000" />
  <attribute name="IntegralI" value="163.000000" />
  <attribute name="IntegralH" value="163.000000" />
  <attribute name="DerivativeT" value="243.000000" />
  <attribute name="DerivativeI" value="243.000000" />
  <attribute name="DerivativeH" value="243.000000" />
  <attribute name="Loop Time for DT" value="1.000000" />
  <attribute name="Output H" value="8388608"/>
  <attribute name="Output I" value="656"/>
  <attribute name="Output T" value="4"/>
  <attribute name="Target GC Util Change" value ="20.000000" />
  <attribute name="Current GC Util Change" value="183.000000"/>
  <attribute name="GC Util currently" value="183" />
  <attribute name="CPU Util currently" value="13136797607956" />
<exclusive-end id="6602" timestamp="2019-06-17T04:32:17.431" durationms="3.692" />

<exclusive-start id="6603" timestamp="2019-06-17T04:32:17.443" intervalms="15.933">
  <response-info timems="0.076" idlems="0.076" threads="0" lastid="0000000002320700" lastname="main" />
</exclusive-start>
<allocation-taxation id="6604" taxation-threshold="12582912" timestamp="2019-06-17T04:32:17.444" intervalms="15.999" />
<gc-start id="6605" type="global mark phase" contextid="6500" timestamp="2019-06-17T04:32:17.444">
  <mem-info id="6606" free="31457280" total="73400320" percent="42">
    <remembered-set count="40896" freebytes="2766336" totalbytes="2929920" percent="94" regionsoverflowed="0" regionsstable="0" regionsrebuilding="17"/>
  </mem-info>
</gc-start>
<gc-end id="6607" type="global mark phase" contextid="6500" durationms="0.119" usertimems="0.000" systemtimems="0.000" timestamp="2019-06-17T04:32:17.444" activeThreads="4">
  <mem-info id="6608" free="31457280" total="73400320" percent="42">
    <remembered-set count="40896" freebytes="2766336" totalbytes="2929920" percent="94" regionsoverflowed="0" regionsstable="0" regionsrebuilding="17"/>
  </mem-info>
</gc-end>
<concurrent-start id="6609" type="GMP work packet processing" contextid="6500" timestamp="2019-06-17T04:32:17.444">
  <concurrent-mark-start scanTarget="1048576" />
</concurrent-start>
<exclusive-end id="6610" timestamp="2019-06-17T04:32:17.444" durationms="0.762" />

<concurrent-end id="6611" type="GMP work packet processing" contextid="6500" timestamp="2019-06-17T04:32:17.445">
  <concurrent-mark-end bytesScanned="1083296" reasonForTermination="Work target met" />
</concurrent-end>

<exclusive-start id="6612" timestamp="2019-06-17T04:32:17.456" intervalms="12.147">
  <response-info timems="0.059" idlems="0.059" threads="0" lastid="0000000002320700" lastname="main" />
</exclusive-start>
<allocation-taxation id="6613" taxation-threshold="12582912" timestamp="2019-06-17T04:32:17.456" intervalms="12.101" />
<cycle-start id="6614" type="partial gc" contextid="0" timestamp="2019-06-17T04:32:17.456" intervalms="28.053" />
<gc-start id="6615" type="partial gc" contextid="6614" timestamp="2019-06-17T04:32:17.456">
  <mem-info id="6616" free="18874368" total="73400320" percent="25">
    <mem type="eden" free="0" total="25165824" percent="0" />
    <remembered-set count="52224" freebytes="2721024" totalbytes="2929920" percent="92" regionsoverflowed="0" regionsstable="0" regionsrebuilding="17"/>
  </mem-info>
</gc-start>
<allocation-stats totalBytes="25160456" >
  <allocated-bytes non-tlh="0" tlh="25160456" arrayletleaf="0"/>
  <largest-consumer threadName="main" threadId="0000000002320700" bytes="12580288" />
</allocation-stats>
<gc-op id="6617" type="copy forward" timems="1.839" contextid="6614" timestamp="2019-06-17T04:32:17.459">
  <memory-copied type="eden" objects="21" bytes="712" bytesdiscarded="624" />
  <memory-copied type="other" objects="7" bytes="168" bytesdiscarded="624" />
  <memory-cardclean objects="79" bytes="2544" />
  <regions eden="24" other="1" />
  <remembered-set-cleared processed="49767" cleared="52" durationms="0.296" />
  <stringconstants candidates="13647" cleared="0"  />
</gc-op>
<gc-op id="6618" type="classunload" timems="0.004" contextid="6614" timestamp="2019-06-17T04:32:17.459">
  <classunload-info classloadercandidates="53" classloadersunloaded="0" classesunloaded="0" anonymousclassesunloaded="0" quiescems="0.000" setupms="0.004" scanms="0.000" postms="0.000" />
</gc-op>
<gc-end id="6619" type="partial gc" contextid="6614" durationms="3.007" usertimems="8.000" systemtimems="0.000" timestamp="2019-06-17T04:32:17.459" activeThreads="4">
  <mem-info id="6620" free="42991616" total="73400320" percent="58">
    <mem type="eden" free="1047240" total="1048576" percent="99" />
    <remembered-set count="52320" freebytes="2720640" totalbytes="2929920" percent="92" regionsoverflowed="0" regionsstable="0" regionsrebuilding="17"/>
  </mem-info>
</gc-end>
<cycle-end id="6621" type="partial gc" contextid="6614" timestamp="2019-06-17T04:32:17.459" />
  <attribute name="elasticGC enabled" value="1" />
  <attribute name= "numThreadsSpecified" value="4" />
  <attribute name="heapSize specified" value="0" />
  <attribute name="Current GC Util" value="165" />
  <attribute name= "Current Time Running" value="66894" />
  <attribute name ="GC Interval" value="0" />
  <attribute name="ProportionalT" value="217.500000" />
  <attribute name="ProportionalI" value="217.500000" />
  <attribute name="ProportionalH" value="217.500000" />
  <attribute name="Current Error" value="145.000000" />
  <attribute name="IntegralT" value="145.000000" />
  <attribute name="IntegralI" value="145.000000" />
  <attribute name="IntegralH" value="145.000000" />
  <attribute name="DerivativeT" value="216.000000" />
  <attribute name="DerivativeI" value="216.000000" />
  <attribute name="DerivativeH" value="216.000000" />
  <attribute name="Loop Time for DT" value="1.000000" />
  <attribute name="Output H" value="8388608"/>
  <attribute name="Output I" value="584"/>
  <attribute name="Output T" value="4"/>
  <attribute name="Target GC Util Change" value ="20.000000" />
  <attribute name="Current GC Util Change" value="165.000000"/>
  <attribute name="GC Util currently" value="165" />
  <attribute name="CPU Util currently" value="12312374183056" />
<exclusive-end id="6622" timestamp="2019-06-17T04:32:17.459" durationms="3.798" />

<exclusive-start id="6623" timestamp="2019-06-17T04:32:17.469" intervalms="13.579">
  <response-info timems="0.091" idlems="0.091" threads="0" lastid="0000000002320700" lastname="main" />
</exclusive-start>
<allocation-taxation id="6624" taxation-threshold="12582912" timestamp="2019-06-17T04:32:17.469" intervalms="13.595" />
<gc-start id="6625" type="global mark phase" contextid="6500" timestamp="2019-06-17T04:32:17.469">
  <mem-info id="6626" free="30408704" total="73400320" percent="41">
    <remembered-set count="52000" freebytes="2721920" totalbytes="2929920" percent="92" regionsoverflowed="0" regionsstable="0" regionsrebuilding="17"/>
  </mem-info>
</gc-start>
<gc-end id="6627" type="global mark phase" contextid="6500" durationms="0.138" usertimems="0.000" systemtimems="0.000" timestamp="2019-06-17T04:32:17.470" activeThreads="4">
  <mem-info id="6628" free="30408704" total="73400320" percent="41">
    <remembered-set count="52000" freebytes="2721920" totalbytes="2929920" percent="92" regionsoverflowed="0" regionsstable="0" regionsrebuilding="17"/>
  </mem-info>
</gc-end>
<concurrent-start id="6629" type="GMP work packet processing" contextid="6500" timestamp="2019-06-17T04:32:17.470">
  <concurrent-mark-start scanTarget="1048576" />
</concurrent-start>
<exclusive-end id="6630" timestamp="2019-06-17T04:32:17.470" durationms="0.752" />

<concurrent-end id="6631" type="GMP work packet processing" contextid="6500" timestamp="2019-06-17T04:32:17.471">
  <concurrent-mark-end bytesScanned="1098368" reasonForTermination="Work target met" />
</concurrent-end>

<exclusive-start id="6632" timestamp="2019-06-17T04:32:17.480" intervalms="10.467">
  <response-info timems="0.045" idlems="0.045" threads="0" lastid="0000000002320700" lastname="main" />
</exclusive-start>
<allocation-taxation id="6633" taxation-threshold="12582912" timestamp="2019-06-17T04:32:17.480" intervalms="10.428" />
<cycle-start id="6634" type="partial gc" contextid="0" timestamp="2019-06-17T04:32:17.480" intervalms="24.052" />
<gc-start id="6635" type="partial gc" contextid="6634" timestamp="2019-06-17T04:32:17.480">
  <mem-info id="6636" free="17825792" total="73400320" percent="24">
    <mem type="eden" free="0" total="25165824" percent="0" />
    <remembered-set count="62496" freebytes="2679936" totalbytes="2929920" percent="91" regionsoverflowed="0" regionsstable="0" regionsrebuilding="17"/>
  </mem-info>
</gc-start>
<allocation-stats totalBytes="25156104" >
  <allocated-bytes non-tlh="0" tlh="25156104" arrayletleaf="0"/>
  <largest-consumer threadName="main" threadId="0000000002320700" bytes="12577896" />
</allocation-stats>
<gc-op id="6637" type="copy forward" timems="1.809" contextid="6634" timestamp="2019-06-17T04:32:17.483">
  <memory-copied type="eden" objects="1" bytes="24" bytesdiscarded="0" />
  <memory-copied type="other" objects="18" bytes="592" bytesdiscarded="672" />
  <memory-cardclean objects="58" bytes="1912" />
  <regions eden="24" other="1" />
  <remembered-set-cleared processed="60182" cleared="34" durationms="0.271" />
  <stringconstants candidates="13647" cleared="0"  />
</gc-op>
<gc-op id="6638" type="classunload" timems="0.004" contextid="6634" timestamp="2019-06-17T04:32:17.483">
  <classunload-info classloadercandidates="53" classloadersunloaded="0" classesunloaded="0" anonymousclassesunloaded="0" quiescems="0.000" setupms="0.004" scanms="0.000" postms="0.000" />
</gc-op>
<heap-resize id="6639" type="expand" space="default" amount="5242880" count="1" timems="0.065" reason="excessive time being spent in gc" timestamp="2019-06-17T04:32:17.483" />
<gc-end id="6640" type="partial gc" contextid="6634" durationms="3.041" usertimems="8.000" systemtimems="0.000" timestamp="2019-06-17T04:32:17.483" activeThreads="4">
  <mem-info id="6641" free="47185920" total="78643200" percent="60">
    <mem type="eden" free="1048552" total="1048576" percent="99" />
    <remembered-set count="62816" freebytes="2887936" totalbytes="3139200" percent="91" regionsoverflowed="0" regionsstable="0" regionsrebuilding="17"/>
  </mem-info>
</gc-end>
<cycle-end id="6642" type="partial gc" contextid="6634" timestamp="2019-06-17T04:32:17.483" />
  <attribute name="elasticGC enabled" value="1" />
  <attribute name= "numThreadsSpecified" value="4" />
  <attribute name="heapSize specified" value="0" />
  <attribute name="Current GC Util" value="172" />
  <attribute name= "Current Time Running" value="66918" />
  <attribute name ="GC Interval" value="0" />
  <attribute name="ProportionalT" value="228.000000" />
  <attribute name="ProportionalI" value="228.000000" />
  <attribute name="ProportionalH" value="228.000000" />
  <attribute name="Current Error" value="152.000000" />
  <attribute name="IntegralT" value="152.000000" />
  <attribute name="IntegralI" value="152.000000" />
  <attribute name="IntegralH" value="152.000000" />
  <attribute name="DerivativeT" value="222.000000" />
  <attribute name="DerivativeI" value="222.000000" />
  <attribute name="DerivativeH" value="222.000000" />
  <attribute name="Loop Time for DT" value="1.000000" />
  <attribute name="Output H" value="8388608"/>
  <attribute name="Output I" value="608"/>
  <attribute name="Output T" value="4"/>
  <attribute name="Target GC Util Change" value ="20.000000" />
  <attribute name="Current GC Util Change" value="172.000000"/>
  <attribute name="GC Util currently" value="172" />
  <attribute name="CPU Util currently" value="14406476285480" />
<exclusive-end id="6643" timestamp="2019-06-17T04:32:17.483" durationms="3.764" />

<exclusive-start id="6644" timestamp="2019-06-17T04:32:17.493" intervalms="13.378">
  <response-info timems="0.077" idlems="0.077" threads="0" lastid="0000000002320700" lastname="main" />
</exclusive-start>
<allocation-taxation id="6645" taxation-threshold="12582912" timestamp="2019-06-17T04:32:17.493" intervalms="13.422" />
<gc-start id="6646" type="global mark phase" contextid="6500" timestamp="2019-06-17T04:32:17.493">
  <mem-info id="6647" free="34603008" total="78643200" percent="44">
    <remembered-set count="62816" freebytes="2887936" totalbytes="3139200" percent="91" regionsoverflowed="0" regionsstable="0" regionsrebuilding="17"/>
  </mem-info>
</gc-start>
<gc-end id="6648" type="global mark phase" contextid="6500" durationms="0.084" usertimems="0.000" systemtimems="0.000" timestamp="2019-06-17T04:32:17.493" activeThreads="4">
  <mem-info id="6649" free="34603008" total="78643200" percent="44">
    <remembered-set count="62816" freebytes="2887936" totalbytes="3139200" percent="91" regionsoverflowed="0" regionsstable="0" regionsrebuilding="17"/>
