<?xml version="1.0" ?>

<verbosegc xmlns="http://www.ibm.com/j9/verbosegc" version="10b4217_CMPRSS">

<initialized id="1" timestamp="2019-06-16T18:16:43.784">
  <attribute name="gcPolicy" value="-Xgcpolicy:optavgpause" />
  <attribute name="elasticGC enabled" value="1" />
  <attribute name= "numThreadsSpecified" value="0" />
  <attribute name="heapSize specified" value="0" />
  <attribute name="Current GC Util" value="0" />
  <attribute name= "Current Time Running" value="0" />
  <attribute name ="GC Interval" value="0" />
  <attribute name="ProportionalT" value="0.000000" />
  <attribute name="ProportionalI" value="0.000000" />
  <attribute name="ProportionalH" value="0.000000" />
  <attribute name="IntegralT" value="0.000000" />
  <attribute name="IntegralI" value="0.000000" />
  <attribute name="IntegralH" value="0.000000" />
  <attribute name="DerivativeT" value="0.000000" />
  <attribute name="DerivativeI" value="0.000000" />
  <attribute name="DerivativeH" value="0.000000" />
  <attribute name="Target GC Util Change" value ="0.000000" />
  <attribute name="Current GC Util Change" value="0.000000"/>
  <attribute name="Current Error" value="0.000000" />
  <attribute name="Loop Time for DT" value="0.000000" />
  <attribute name="Output H" value="0"/>
  <attribute name="Output I" value="0"/>
  <attribute name="Output T" value="0"/>
  <attribute name="GC Util currently" value="0" />
  <attribute name="CPU Util currently" value="0" />
  <attribute name="maxHeapSize" value="0x7cbc0000" />
  <attribute name="initialHeapSize" value="0x800000" />
  <attribute name="compressedRefs" value="true" />
  <attribute name="compressedRefsDisplacement" value="0x0" />
  <attribute name="compressedRefsShift" value="0x0" />
  <attribute name="pageSize" value="0x1000" />
  <attribute name="pageType" value="not used" />
  <attribute name="requestedPageSize" value="0x1000" />
  <attribute name="requestedPageType" value="not used" />
  <attribute name="gcthreads" value="4" />
  <attribute name="packetListSplit" value="4" />
  <attribute name="cacheListSplit" value="4" />
  <attribute name="splitFreeListSplitAmount" value="1" />
  <attribute name="numaNodes" value="0" />
  <system>
    <attribute name="physicalMemory" value="8370962432" />
    <attribute name="numCPUs" value="4" />
    <attribute name="architecture" value="amd64" />
    <attribute name="os" value="Linux" />
    <attribute name="osVersion" value="4.4.0-148-generic" />
  </system>
  <vmargs>
    <vmarg name="-Xoptionsfile=/vagrant/jdk/lib/options.default" />
    <vmarg name="-Xlockword:mode=default,noLockword=java/lang/String,noLockword=java/util/MapEntry,noLockword=java/util/HashMap$Entry,noLockword..." />
    <vmarg name="-Xjcl:jclse29" />
    <vmarg name="-Dcom.ibm.oti.vm.bootstrap.library.path=/vagrant/jdk/lib/compressedrefs:/vagrant/jdk/lib" />
    <vmarg name="-Dsun.boot.library.path=/vagrant/jdk/lib/compressedrefs:/vagrant/jdk/lib" />
    <vmarg name="-Djava.library.path=/vagrant/jdk/lib/compressedrefs:/vagrant/jdk/lib:/usr/lib64:/usr/lib" />
    <vmarg name="-Djava.home=/vagrant/jdk" />
    <vmarg name="-Duser.dir=/vagrant" />
    <vmarg name="-Xgcpolicy:optavgpause" />
    <vmarg name="-Xgcelastic" />
    <vmarg name="-Xcheck:gc:::elasticGC" />
    <vmarg name="-verbose:gc" />
    <vmarg name="-Xloggc:default-OPTAVGPAUSE-jdk-1-1-0.5-verbose9xalan.txt" />
    <vmarg name="-Djava.class.path=dacapo-9.12-MR1-bach.jar" />
    <vmarg name="-Dsun.java.command=dacapo-9.12-MR1-bach.jar xalan --size=default" />
    <vmarg name="-Dsun.java.launcher=SUN_STANDARD" />
    <vmarg name="-Dsun.java.launcher.pid=20867" />
  </vmargs>
</initialized>

<exclusive-start id="2" timestamp="2019-06-16T18:16:44.517" intervalms="732.889">
  <response-info timems="0.027" idlems="0.027" threads="0" lastid="0000000001DC9700" lastname="main" />
</exclusive-start>
<af-start id="3" threadId="0000000001DCA088" totalBytesRequested="88" timestamp="2019-06-16T18:16:44.517" intervalms="733.178" />
<cycle-start id="4" type="global" contextid="0" timestamp="2019-06-16T18:16:44.517" intervalms="733.488" />
<gc-start id="5" type="global" contextid="4" timestamp="2019-06-16T18:16:44.518">
  <mem-info id="6" free="418816" total="8388608" percent="4">
    <mem type="tenure" free="418816" total="8388608" percent="4">
      <mem type="soa" free="0" total="7969792" percent="0" />
      <mem type="loa" free="418816" total="418816" percent="100" />
    </mem>
  </mem-info>
</gc-start>
<allocation-stats totalBytes="7947096" >
  <allocated-bytes non-tlh="670368" tlh="7276728" />
  <largest-consumer threadName="main" threadId="0000000001DC9700" bytes="7869568" />
</allocation-stats>
<gc-op id="7" type="mark" timems="1.882" contextid="4" timestamp="2019-06-16T18:16:44.520">
  <trace-info objectcount="21499" scancount="17517" scanbytes="561520" />
  <finalization candidates="15" enqueued="1" />
  <references type="soft" candidates="74" cleared="0" enqueued="0" dynamicThreshold="32" maxThreshold="32" />
  <references type="weak" candidates="578" cleared="435" enqueued="396" />
  <references type="phantom" candidates="127" cleared="44" enqueued="44" />
  <stringconstants candidates="2938" cleared="0"  />
</gc-op>
<gc-op id="8" type="classunload" timems="0.045" contextid="4" timestamp="2019-06-16T18:16:44.520">
  <classunload-info classloadercandidates="6" classloadersunloaded="0" classesunloaded="0" anonymousclassesunloaded="0" quiescems="0.000" setupms="0.044" scanms="0.000" postms="0.001" />
</gc-op>
<gc-op id="9" type="sweep" timems="0.656" contextid="4" timestamp="2019-06-16T18:16:44.521" />
<mem-info id="10" free="6541880" total="8388608" percent="77">
  <mem type="tenure" free="6541880" total="8388608" percent="77" micro-fragmented="228069">
    <mem type="soa" free="6123064" total="7969792" percent="76" />
    <mem type="loa" free="418816" total="418816" percent="100" />
  </mem>
  <pending-finalizers system="1" default="0" reference="440" classloader="0" />
</mem-info>
<gc-op id="11" type="compact" timems="4.653" contextid="4" timestamp="2019-06-16T18:16:44.525">
  <compact-info movecount="21498" movebytes="1513536" reason="compact to aid heap contraction" />
</gc-op>
<heap-resize id="12" type="expand" space="tenure" amount="2084241408" count="1" timems="0.300" reason="satisfy allocation request" timestamp="2019-06-16T18:16:44.526" />
<gc-end id="13" type="global" contextid="4" durationms="8.666" usertimems="4.000" systemtimems="8.000" timestamp="2019-06-16T18:16:44.526" activeThreads="4">
  <mem-info id="14" free="2091116304" total="2092630016" percent="99">
    <mem type="tenure" free="2091116304" total="2092630016" percent="99">
      <mem type="soa" free="1986485008" total="1987998720" percent="99" />
      <mem type="loa" free="104631296" total="104631296" percent="100" />
    </mem>
    <pending-finalizers system="1" default="0" reference="440" classloader="0" />
  </mem-info>
</gc-end>
<cycle-end id="15" type="global" contextid="4" timestamp="2019-06-16T18:16:44.527" />
  <attribute name="elasticGC enabled" value="1" />
  <attribute name= "numThreadsSpecified" value="4" />
  <attribute name="heapSize specified" value="8388608" />
  <attribute name="Current GC Util" value="30" />
  <attribute name= "Current Time Running" value="573" />
  <attribute name ="GC Interval" value="0" />
  <attribute name="ProportionalT" value="10.000000" />
  <attribute name="ProportionalI" value="10.000000" />
  <attribute name="ProportionalH" value="10.000000" />
  <attribute name="Current Error" value="10.000000" />
  <attribute name="IntegralT" value="-11097.000000" />
  <attribute name="IntegralI" value="-11097.000000" />
  <attribute name="IntegralH" value="-11097.000000" />
  <attribute name="DerivativeT" value="1.000000" />
  <attribute name="DerivativeI" value="1.000000" />
  <attribute name="DerivativeH" value="1.000000" />
  <attribute name="Loop Time for DT" value="5.000000" />
  <attribute name="Output H" value="2092630016"/>
  <attribute name="Output I" value="200"/>
  <attribute name="Output T" value="4"/>
  <attribute name="Target GC Util Change" value ="20.000000" />
  <attribute name="Current GC Util Change" value="30.000000"/>
  <attribute name="GC Util currently" value="30" />
  <attribute name="CPU Util currently" value="978346358688" />
<allocation-satisfied id="16" threadId="0000000001DC9700" bytesRequested="88" />
<af-end id="17" timestamp="2019-06-16T18:16:44.527" threadId="0000000001DCA088" success="true" />
<exclusive-end id="18" timestamp="2019-06-16T18:16:44.527" durationms="9.953" />

<exclusive-start id="19" timestamp="2019-06-16T18:16:44.728" intervalms="210.766">
  <response-info timems="0.102" idlems="0.102" threads="0" lastid="0000000001DC9700" lastname="main" />
</exclusive-start>
<sys-start reason="explicit" id="20" timestamp="2019-06-16T18:16:44.728" intervalms="943.774" />
<cycle-start id="21" type="global" contextid="0" timestamp="2019-06-16T18:16:44.728" intervalms="210.376" />
<gc-start id="22" type="global" contextid="21" timestamp="2019-06-16T18:16:44.728">
  <mem-info id="23" free="2085119424" total="2092630016" percent="99">
    <mem type="tenure" free="2085119424" total="2092630016" percent="99">
      <mem type="soa" free="1980488128" total="1987998720" percent="99" />
      <mem type="loa" free="104631296" total="104631296" percent="100" />
    </mem>
  </mem-info>
</gc-start>
<allocation-stats totalBytes="5971440" >
  <allocated-bytes non-tlh="135592" tlh="5835848" />
  <largest-consumer threadName="main" threadId="0000000001DC9700" bytes="5947128" />
</allocation-stats>
<gc-op id="24" type="mark" timems="8.986" contextid="21" timestamp="2019-06-16T18:16:44.738">
  <trace-info objectcount="29511" scancount="23881" scanbytes="871160" />
  <finalization candidates="15" enqueued="0" />
  <references type="soft" candidates="133" cleared="0" enqueued="0" dynamicThreshold="31" maxThreshold="32" />
  <references type="weak" candidates="176" cleared="30" enqueued="30" />
  <references type="phantom" candidates="85" cleared="2" enqueued="2" />
  <stringconstants candidates="3535" cleared="22"  />
</gc-op>
<gc-op id="25" type="classunload" timems="0.002" contextid="21" timestamp="2019-06-16T18:16:44.738">
  <classunload-info classloadercandidates="19" classloadersunloaded="0" classesunloaded="0" anonymousclassesunloaded="0" quiescems="1.084" setupms="0.001" scanms="0.001" postms="0.000" />
</gc-op>
<gc-op id="26" type="sweep" timems="1.898" contextid="21" timestamp="2019-06-16T18:16:44.740" />
<mem-info id="27" free="2090303320" total="2092630016" percent="99">
  <mem type="tenure" free="2090303320" total="2092630016" percent="99" micro-fragmented="241040">
    <mem type="soa" free="1985672024" total="1987998720" percent="99" />
    <mem type="loa" free="104631296" total="104631296" percent="100" />
  </mem>
  <pending-finalizers system="0" default="0" reference="32" classloader="0" />
</mem-info>
<gc-op id="28" type="compact" timems="15.948" contextid="21" timestamp="2019-06-16T18:16:44.756">
  <compact-info movecount="28763" movebytes="1934640" reason="compact to aid heap contraction" />
</gc-op>
<gc-end id="29" type="global" contextid="21" durationms="28.782" usertimems="24.000" systemtimems="16.000" timestamp="2019-06-16T18:16:44.757" activeThreads="4">
  <mem-info id="30" free="2090674560" total="2092630016" percent="99">
    <mem type="tenure" free="2090674560" total="2092630016" percent="99">
      <mem type="soa" free="1986043264" total="1987998720" percent="99" />
      <mem type="loa" free="104631296" total="104631296" percent="100" />
    </mem>
    <pending-finalizers system="0" default="0" reference="32" classloader="0" />
  </mem-info>
</gc-end>
<cycle-end id="31" type="global" contextid="21" timestamp="2019-06-16T18:16:44.757" />
  <attribute name="elasticGC enabled" value="1" />
  <attribute name= "numThreadsSpecified" value="4" />
  <attribute name="heapSize specified" value="2092630016" />
  <attribute name="Current GC Util" value="96" />
  <attribute name= "Current Time Running" value="804" />
  <attribute name ="GC Interval" value="0" />
  <attribute name="ProportionalT" value="76.000000" />
  <attribute name="ProportionalI" value="76.000000" />
  <attribute name="ProportionalH" value="76.000000" />
  <attribute name="Current Error" value="76.000000" />
  <attribute name="IntegralT" value="1216.000000" />
  <attribute name="IntegralI" value="1216.000000" />
  <attribute name="IntegralH" value="1216.000000" />
  <attribute name="DerivativeT" value="2.375000" />
  <attribute name="DerivativeI" value="2.375000" />
  <attribute name="DerivativeH" value="2.375000" />
  <attribute name="Loop Time for DT" value="16.000000" />
  <attribute name="Output H" value="8388608"/>
  <attribute name="Output I" value="1296"/>
  <attribute name="Output T" value="4"/>
  <attribute name="Target GC Util Change" value ="20.000000" />
  <attribute name="Current GC Util Change" value="96.000000"/>
  <attribute name="GC Util currently" value="96" />
  <attribute name="CPU Util currently" value="286330181653" />
<sys-end id="32" timestamp="2019-06-16T18:16:44.757" />
<exclusive-end id="33" timestamp="2019-06-16T18:16:44.757" durationms="29.416" />

</verbosegc>

