<?xml version="1.0" ?>

<verbosegc xmlns="http://www.ibm.com/j9/verbosegc" version="10b4217_CMPRSS">

<initialized id="1" timestamp="2019-06-15T19:06:57.597">
  <attribute name="gcPolicy" value="-Xgcpolicy:balanced" />
  <attribute name="elasticGC enabled" value="1" />
  <attribute name= "numThreadsSpecified" value="0" />
  <attribute name="heapSize specified" value="0" />
  <attribute name="Current GC Util" value="0" />
  <attribute name= "Current Time Running" value="0" />
  <attribute name ="GC Interval" value="0" />
  <attribute name="ProportionalT" value="0.000000" />
  <attribute name="ProportionalI" value="0.000000" />
  <attribute name="ProportionalH" value="0.000000" />
  <attribute name="IntegralT" value="0.000000" />
  <attribute name="IntegralI" value="0.000000" />
  <attribute name="IntegralH" value="0.000000" />
  <attribute name="DerivativeT" value="0.000000" />
  <attribute name="DerivativeI" value="0.000000" />
  <attribute name="DerivativeH" value="0.000000" />
  <attribute name="Target GC Util Change" value ="0.000000" />
  <attribute name="Current GC Util Change" value="0.000000"/>
  <attribute name="Current Error" value="0.000000" />
  <attribute name="Loop Time for DT" value="0.000000" />
  <attribute name="Output H" value="0"/>
  <attribute name="Output I" value="0"/>
  <attribute name="Output T" value="0"/>
  <attribute name="GC Util currently" value="0" />
  <attribute name="CPU Util currently" value="0" />
  <attribute name="maxHeapSize" value="0x7cb00000" />
  <attribute name="initialHeapSize" value="0x800000" />
  <attribute name="compressedRefs" value="true" />
  <attribute name="compressedRefsDisplacement" value="0x0" />
  <attribute name="compressedRefsShift" value="0x0" />
  <attribute name="pageSize" value="0x1000" />
  <attribute name="pageType" value="not used" />
  <attribute name="requestedPageSize" value="0x1000" />
  <attribute name="requestedPageType" value="not used" />
  <attribute name="gcthreads" value="4" />
  <attribute name="packetListSplit" value="4" />
  <attribute name="cacheListSplit" value="4" />
  <attribute name="splitFreeListSplitAmount" value="1" />
  <attribute name="numaNodes" value="0" />
  <region>
    <attribute name="regionSize" value="1048576" />
    <attribute name="regionCount" value="1995" />
    <attribute name="arrayletLeafSize" value="1048576" />
  </region>
  <system>
    <attribute name="physicalMemory" value="8370962432" />
    <attribute name="numCPUs" value="4" />
    <attribute name="architecture" value="amd64" />
    <attribute name="os" value="Linux" />
    <attribute name="osVersion" value="4.4.0-148-generic" />
  </system>
  <vmargs>
    <vmarg name="-Xoptionsfile=/vagrant/jdk/lib/options.default" />
    <vmarg name="-Xlockword:mode=default,noLockword=java/lang/String,noLockword=java/util/MapEntry,noLockword=java/util/HashMap$Entry,noLockword..." />
    <vmarg name="-Xjcl:jclse29" />
    <vmarg name="-Dcom.ibm.oti.vm.bootstrap.library.path=/vagrant/jdk/lib/compressedrefs:/vagrant/jdk/lib" />
    <vmarg name="-Dsun.boot.library.path=/vagrant/jdk/lib/compressedrefs:/vagrant/jdk/lib" />
    <vmarg name="-Djava.library.path=/vagrant/jdk/lib/compressedrefs:/vagrant/jdk/lib:/usr/lib64:/usr/lib" />
    <vmarg name="-Djava.home=/vagrant/jdk" />
    <vmarg name="-Duser.dir=/vagrant" />
    <vmarg name="-Xgcpolicy:balanced" />
    <vmarg name="-Xgcelastic" />
    <vmarg name="-Xcheck:gc:::elasticGC" />
    <vmarg name="-verbose:gc" />
    <vmarg name="-Xloggc:small-Balanced-jdk-1.5-1-0.5-verbose4avrora.txt" />
    <vmarg name="-Djava.class.path=dacapo-9.12-MR1-bach.jar" />
    <vmarg name="-Dsun.java.command=dacapo-9.12-MR1-bach.jar avrora --size=small" />
    <vmarg name="-Dsun.java.launcher=SUN_STANDARD" />
    <vmarg name="-Dsun.java.launcher.pid=8725" />
  </vmargs>
</initialized>

<exclusive-start id="2" timestamp="2019-06-15T19:06:58.348" intervalms="751.418">
  <response-info timems="0.037" idlems="0.037" threads="0" lastid="0000000000B6D700" lastname="main" />
</exclusive-start>
<sys-start reason="explicit" id="3" timestamp="2019-06-15T19:06:58.349" intervalms="751.793" />
<cycle-start id="4" type="global garbage collect" contextid="0" timestamp="2019-06-15T19:06:58.349" intervalms="752.106" />
<gc-start id="5" type="global garbage collect" contextid="4" timestamp="2019-06-15T19:06:58.349">
  <mem-info id="6" free="1662824" total="8388608" percent="19">
    <mem type="eden" free="614328" total="7340032" percent="8" />
    <remembered-set count="0" freebytes="334848" totalbytes="334848" percent="100" regionsoverflowed="0" regionsstable="0" regionsrebuilding="0"/>
  </mem-info>
</gc-start>
<allocation-stats totalBytes="6655640" >
  <allocated-bytes non-tlh="529728" tlh="6125912" arrayletleaf="0"/>
  <largest-consumer threadName="main" threadId="0000000000B6D700" bytes="6579120" />
</allocation-stats>
<gc-op id="7" type="global mark" timems="3.221" contextid="4" timestamp="2019-06-15T19:06:58.353">
  <trace-info objectcount="17849" scancount="14128" scanbytes="463976" />
  <finalization candidates="14" enqueued="1" />
  <references type="soft" candidates="66" cleared="0" enqueued="0" dynamicThreshold="32" maxThreshold="32" />
  <references type="weak" candidates="553" cleared="411" enqueued="372" />
  <references type="phantom" candidates="99" cleared="41" enqueued="41" />
  <stringconstants candidates="2456" cleared="0"  />
</gc-op>
<gc-op id="8" type="classunload" timems="0.092" contextid="4" timestamp="2019-06-15T19:06:58.353">
  <classunload-info classloadercandidates="6" classloadersunloaded="0" classesunloaded="0" anonymousclassesunloaded="0" quiescems="0.000" setupms="0.091" scanms="0.000" postms="0.000" />
</gc-op>
<gc-op id="9" type="sweep" timems="0.573" contextid="4" timestamp="2019-06-15T19:06:58.354" />
<gc-op id="10" type="compact" timems="4.278" contextid="4" timestamp="2019-06-15T19:06:58.359">
  <compact-info movecount="17849" movebytes="1020800" />
  <remembered-set-cleared processed="1067" cleared="1067" durationms="0.071" />
</gc-op>
<gc-end id="11" type="global garbage collect" contextid="4" durationms="10.287" usertimems="4.000" systemtimems="4.000" timestamp="2019-06-15T19:06:58.360" activeThreads="4">
  <mem-info id="12" free="7340032" total="8388608" percent="87">
    <pending-finalizers system="1" default="0" reference="413" classloader="0" />
    <remembered-set count="0" freebytes="334848" totalbytes="334848" percent="100" regionsoverflowed="0" regionsstable="0" regionsrebuilding="0"/>
  </mem-info>
</gc-end>
<cycle-end id="13" type="global garbage collect" contextid="4" timestamp="2019-06-15T19:06:58.360" />
  <attribute name="elasticGC enabled" value="1" />
  <attribute name= "numThreadsSpecified" value="4" />
  <attribute name="heapSize specified" value="0" />
  <attribute name="Current GC Util" value="33" />
  <attribute name= "Current Time Running" value="646" />
  <attribute name ="GC Interval" value="0" />
  <attribute name="ProportionalT" value="19.500000" />
  <attribute name="ProportionalI" value="19.500000" />
  <attribute name="ProportionalH" value="19.500000" />
  <attribute name="Current Error" value="13.000000" />
  <attribute name="IntegralT" value="-12603.000000" />
  <attribute name="IntegralI" value="-12603.000000" />
  <attribute name="IntegralH" value="-12603.000000" />
  <attribute name="DerivativeT" value="-19.000000" />
  <attribute name="DerivativeI" value="-19.000000" />
  <attribute name="DerivativeH" value="-19.000000" />
  <attribute name="Loop Time for DT" value="1.000000" />
  <attribute name="Output H" value="2091843584"/>
  <attribute name="Output I" value="200"/>
  <attribute name="Output T" value="4"/>
  <attribute name="Target GC Util Change" value ="20.000000" />
  <attribute name="Current GC Util Change" value="33.000000"/>
  <attribute name="GC Util currently" value="33" />
  <attribute name="CPU Util currently" value="5655075774037" />
<sys-end id="14" timestamp="2019-06-15T19:06:58.360" />
<exclusive-end id="15" timestamp="2019-06-15T19:06:58.360" durationms="11.773" />

<exclusive-start id="16" timestamp="2019-06-15T19:06:59.333" intervalms="984.550">
  <response-info timems="0.022" idlems="0.022" threads="0" lastid="0000000000E23500" lastname="node-0" />
</exclusive-start>
<allocation-taxation id="17" taxation-threshold="7340032" timestamp="2019-06-15T19:06:59.333" intervalms="1736.106" />
<cycle-start id="18" type="partial gc" contextid="0" timestamp="2019-06-15T19:06:59.333" intervalms="1736.298" />
<gc-start id="19" type="partial gc" contextid="18" timestamp="2019-06-15T19:06:59.333">
  <mem-info id="20" free="0" total="8388608" percent="0">
    <mem type="eden" free="0" total="7340032" percent="0" />
    <remembered-set count="0" freebytes="334848" totalbytes="334848" percent="100" regionsoverflowed="0" regionsstable="0" regionsrebuilding="0"/>
  </mem-info>
</gc-start>
<allocation-stats totalBytes="7330544" >
  <allocated-bytes non-tlh="172800" tlh="7157744" arrayletleaf="0"/>
  <largest-consumer threadName="main" threadId="0000000000B6D700" bytes="6149688" />
</allocation-stats>
<gc-op id="21" type="mark" timems="3.047" contextid="18" timestamp="2019-06-15T19:06:59.337">
  <trace-info objectcount="23846" scancount="20749" scanbytes="741028" />
  <cardclean-info objects="1215" bytes="41400" />
  <remembered-set-cleared processed="0" cleared="0" durationms="0.059" />
  <references type="weak" candidates="45" cleared="44" enqueued="44" />
  <references type="phantom" candidates="4" cleared="2" enqueued="2" />
  <stringconstants candidates="3831" cleared="0"  />
  <warning details="Mark invoked due to insufficient free space for Copy-Forward" />
</gc-op>
<gc-op id="22" type="classunload" timems="0.001" contextid="18" timestamp="2019-06-15T19:06:59.337">
  <classunload-info classloadercandidates="6" classloadersunloaded="0" classesunloaded="0" anonymousclassesunloaded="0" quiescems="0.000" setupms="0.001" scanms="0.000" postms="0.000" />
</gc-op>
<gc-op id="23" type="sweep" timems="0.843" contextid="18" timestamp="2019-06-15T19:06:59.338" />
<gc-op id="24" type="compact" timems="5.928" contextid="18" timestamp="2019-06-15T19:06:59.345">
  <compact-info movecount="23798" movebytes="1027696" />
  <remembered-set-cleared processed="818" cleared="818" durationms="0.059" />
</gc-op>
<gc-end id="25" type="partial gc" contextid="18" durationms="11.898" usertimems="0.000" systemtimems="8.000" timestamp="2019-06-15T19:06:59.345" activeThreads="4">
  <mem-info id="26" free="6291456" total="8388608" percent="75">
    <mem type="eden" free="18448" total="1048576" percent="1" />
    <pending-finalizers system="0" default="0" reference="46" classloader="0" />
    <remembered-set count="1024" freebytes="330752" totalbytes="334848" percent="98" regionsoverflowed="0" regionsstable="0" regionsrebuilding="0"/>
  </mem-info>
</gc-end>
<cycle-end id="27" type="partial gc" contextid="18" timestamp="2019-06-15T19:06:59.346" />
  <attribute name="elasticGC enabled" value="1" />
  <attribute name= "numThreadsSpecified" value="4" />
  <attribute name="heapSize specified" value="0" />
  <attribute name="Current GC Util" value="50" />
  <attribute name= "Current Time Running" value="1630" />
  <attribute name ="GC Interval" value="0" />
  <attribute name="ProportionalT" value="45.000000" />
  <attribute name="ProportionalI" value="45.000000" />
  <attribute name="ProportionalH" value="45.000000" />
  <attribute name="Current Error" value="30.000000" />
  <attribute name="IntegralT" value="60.000000" />
  <attribute name="IntegralI" value="60.000000" />
  <attribute name="IntegralH" value="60.000000" />
  <attribute name="DerivativeT" value="7.500000" />
  <attribute name="DerivativeI" value="7.500000" />
  <attribute name="DerivativeH" value="7.500000" />
  <attribute name="Loop Time for DT" value="2.000000" />
  <attribute name="Output H" value="8388608"/>
  <attribute name="Output I" value="200"/>
  <attribute name="Output T" value="4"/>
  <attribute name="Target GC Util Change" value ="20.000000" />
  <attribute name="Current GC Util Change" value="50.000000"/>
  <attribute name="GC Util currently" value="50" />
  <attribute name="CPU Util currently" value="3843151747530" />
<exclusive-end id="28" timestamp="2019-06-15T19:06:59.346" durationms="12.965" />

<exclusive-start id="29" timestamp="2019-06-15T19:07:00.216" intervalms="883.609">
  <response-info timems="0.032" idlems="0.032" threads="0" lastid="0000000000E2AD00" lastname="node-1" />
</exclusive-start>
<allocation-taxation id="30" taxation-threshold="3145728" timestamp="2019-06-15T19:07:00.216" intervalms="883.546" />
<cycle-start id="31" type="global mark phase" contextid="0" timestamp="2019-06-15T19:07:00.217" intervalms="2619.719" />
<gc-start id="32" type="global mark phase" contextid="31" timestamp="2019-06-15T19:07:00.217">
  <mem-info id="33" free="3145728" total="8388608" percent="37">
    <remembered-set count="544" freebytes="332672" totalbytes="334848" percent="99" regionsoverflowed="0" regionsstable="0" regionsrebuilding="0"/>
  </mem-info>
</gc-start>
<gc-op id="34" type="mark increment" timems="0.529" contextid="31" timestamp="2019-06-15T19:07:00.217">
  <trace-info objectcount="140" scancount="0" scanbytes="0" />
</gc-op>
<gc-end id="35" type="global mark phase" contextid="31" durationms="0.637" usertimems="0.000" systemtimems="0.000" timestamp="2019-06-15T19:07:00.217" activeThreads="1">
  <mem-info id="36" free="3145728" total="8388608" percent="37">
    <remembered-set count="544" freebytes="332672" totalbytes="334848" percent="99" regionsoverflowed="0" regionsstable="0" regionsrebuilding="0"/>
  </mem-info>
</gc-end>
<concurrent-start id="37" type="GMP work packet processing" contextid="31" timestamp="2019-06-15T19:07:00.217">
  <concurrent-mark-start scanTarget="18446744073709551615" />
</concurrent-start>
<exclusive-end id="38" timestamp="2019-06-15T19:07:00.217" durationms="1.063" />

<concurrent-end id="39" type="GMP work packet processing" contextid="31" timestamp="2019-06-15T19:07:00.220">
  <concurrent-mark-end bytesScanned="1181444" reasonForTermination="Completed all work in GC phase" />
</concurrent-end>

<exclusive-start id="40" timestamp="2019-06-15T19:07:01.315" intervalms="1098.758">
  <response-info timems="0.025" idlems="0.025" threads="0" lastid="0000000000E2AD00" lastname="node-1" />
</exclusive-start>
<allocation-taxation id="41" taxation-threshold="3145728" timestamp="2019-06-15T19:07:01.315" intervalms="1098.801" />
<cycle-start id="42" type="partial gc" contextid="0" timestamp="2019-06-15T19:07:01.315" intervalms="1982.272" />
<gc-start id="43" type="partial gc" contextid="42" timestamp="2019-06-15T19:07:01.316">
  <mem-info id="44" free="0" total="8388608" percent="0">
    <mem type="eden" free="0" total="6291456" percent="0" />
    <remembered-set count="544" freebytes="332672" totalbytes="334848" percent="99" regionsoverflowed="0" regionsstable="0" regionsrebuilding="0"/>
  </mem-info>
</gc-start>
<allocation-stats totalBytes="6289448" >
  <allocated-bytes non-tlh="0" tlh="6289448" arrayletleaf="0"/>
  <largest-consumer threadName="node-0" threadId="0000000000E23500" bytes="1081240" />
</allocation-stats>
<gc-op id="45" type="mark" timems="1.739" contextid="42" timestamp="2019-06-15T19:07:01.318">
  <trace-info objectcount="23677" scancount="20621" scanbytes="737884" />
  <cardclean-info objects="52" bytes="4032" />
  <remembered-set-cleared processed="350" cleared="350" durationms="0.055" />
  <references type="weak" candidates="1" cleared="0" enqueued="0" />
  <references type="phantom" candidates="2" cleared="0" enqueued="0" />
  <stringconstants candidates="3831" cleared="0"  />
  <warning details="Mark invoked due to insufficient free space for Copy-Forward" />
</gc-op>
<gc-op id="46" type="classunload" timems="0.002" contextid="42" timestamp="2019-06-15T19:07:01.318">
  <classunload-info classloadercandidates="6" classloadersunloaded="0" classesunloaded="0" anonymousclassesunloaded="0" quiescems="0.000" setupms="0.001" scanms="0.000" postms="0.000" />
</gc-op>
<gc-op id="47" type="sweep" timems="0.338" contextid="42" timestamp="2019-06-15T19:07:01.319" />
<gc-op id="48" type="compact" timems="4.622" contextid="42" timestamp="2019-06-15T19:07:01.324">
  <compact-info movecount="19056" movebytes="755392" />
  <remembered-set-cleared processed="1109" cleared="1109" durationms="0.060" />
</gc-op>
<gc-end id="49" type="partial gc" contextid="42" durationms="8.156" usertimems="0.000" systemtimems="8.000" timestamp="2019-06-15T19:07:01.324" activeThreads="4">
  <mem-info id="50" free="5242880" total="8388608" percent="62">
    <mem type="eden" free="1048216" total="1048576" percent="99" />
    <remembered-set count="1024" freebytes="330752" totalbytes="334848" percent="98" regionsoverflowed="0" regionsstable="0" regionsrebuilding="0"/>
  </mem-info>
</gc-end>
<cycle-end id="51" type="partial gc" contextid="42" timestamp="2019-06-15T19:07:01.324" />
  <attribute name="elasticGC enabled" value="1" />
  <attribute name= "numThreadsSpecified" value="4" />
  <attribute name="heapSize specified" value="0" />
  <attribute name="Current GC Util" value="17" />
  <attribute name= "Current Time Running" value="3610" />
  <attribute name ="GC Interval" value="0" />
  <attribute name="ProportionalT" value="-4.500000" />
  <attribute name="ProportionalI" value="-4.500000" />
  <attribute name="ProportionalH" value="-4.500000" />
  <attribute name="Current Error" value="-3.000000" />
  <attribute name="IntegralT" value="-3.000000" />
  <attribute name="IntegralI" value="-3.000000" />
  <attribute name="IntegralH" value="-3.000000" />
  <attribute name="DerivativeT" value="-1.500000" />
  <attribute name="DerivativeI" value="-1.500000" />
  <attribute name="DerivativeH" value="-1.500000" />
  <attribute name="Loop Time for DT" value="1.000000" />
  <attribute name="Output H" value="2091843584"/>
  <attribute name="Output I" value="200"/>
  <attribute name="Output T" value="4"/>
  <attribute name="Target GC Util Change" value ="20.000000" />
  <attribute name="Current GC Util Change" value="17.000000"/>
  <attribute name="GC Util currently" value="17" />
  <attribute name="CPU Util currently" value="7920416069962" />
<exclusive-end id="52" timestamp="2019-06-15T19:07:01.324" durationms="9.166" />

<exclusive-start id="53" timestamp="2019-06-15T19:07:01.972" intervalms="656.620">
  <response-info timems="0.057" idlems="0.057" threads="0" lastid="0000000000E2AD00" lastname="node-1" />
</exclusive-start>
<allocation-taxation id="54" taxation-threshold="2097152" timestamp="2019-06-15T19:07:01.972" intervalms="656.585" />
<gc-start id="55" type="global mark phase" contextid="31" timestamp="2019-06-15T19:07:01.972">
  <mem-info id="56" free="3145728" total="8388608" percent="37">
    <remembered-set count="544" freebytes="332672" totalbytes="334848" percent="99" regionsoverflowed="0" regionsstable="0" regionsrebuilding="0"/>
  </mem-info>
</gc-start>
<gc-op id="57" type="mark increment" timems="2.409" contextid="31" timestamp="2019-06-15T19:07:01.975">
  <trace-info objectcount="23675" scancount="20619" scanbytes="737836" />
  <cardclean-info objects="343" bytes="13084" />
  <finalization candidates="13" enqueued="0" />
  <references type="soft" candidates="66" cleared="0" enqueued="0" dynamicThreshold="20" maxThreshold="32" />
  <references type="weak" candidates="143" cleared="0" enqueued="0" />
  <references type="phantom" candidates="59" cleared="2" enqueued="2" />
  <stringconstants candidates="3831" cleared="0"  />
</gc-op>
<gc-op id="58" type="classunload" timems="0.002" contextid="31" timestamp="2019-06-15T19:07:01.975">
  <classunload-info classloadercandidates="6" classloadersunloaded="0" classesunloaded="0" anonymousclassesunloaded="0" quiescems="0.000" setupms="0.002" scanms="0.000" postms="0.000" />
</gc-op>
<gc-end id="59" type="global mark phase" contextid="31" durationms="2.840" usertimems="0.000" systemtimems="0.000" timestamp="2019-06-15T19:07:01.975" activeThreads="4">
  <mem-info id="60" free="3145728" total="8388608" percent="37">
    <pending-finalizers system="0" default="0" reference="2" classloader="0" />
    <remembered-set count="544" freebytes="332672" totalbytes="334848" percent="99" regionsoverflowed="0" regionsstable="0" regionsrebuilding="0"/>
  </mem-info>
</gc-end>
<cycle-end id="61" type="global mark phase" contextid="31" timestamp="2019-06-15T19:07:01.975" />
  <attribute name="elasticGC enabled" value="1" />
  <attribute name= "numThreadsSpecified" value="4" />
  <attribute name="heapSize specified" value="0" />
  <attribute name="Current GC Util" value="1" />
  <attribute name= "Current Time Running" value="4265" />
  <attribute name ="GC Interval" value="0" />
  <attribute name="ProportionalT" value="-28.500000" />
  <attribute name="ProportionalI" value="-28.500000" />
  <attribute name="ProportionalH" value="-28.500000" />
  <attribute name="Current Error" value="-19.000000" />
  <attribute name="IntegralT" value="-19.000000" />
  <attribute name="IntegralI" value="-19.000000" />
  <attribute name="IntegralH" value="-19.000000" />
  <attribute name="DerivativeT" value="-10.000000" />
  <attribute name="DerivativeI" value="-10.000000" />
  <attribute name="DerivativeH" value="-10.000000" />
  <attribute name="Loop Time for DT" value="1.000000" />
  <attribute name="Output H" value="2091843584"/>
  <attribute name="Output I" value="200"/>
  <attribute name="Output T" value="4"/>
  <attribute name="Target GC Util Change" value ="20.000000" />
  <attribute name="Current GC Util Change" value="1.000000"/>
  <attribute name="GC Util currently" value="1" />
  <attribute name="CPU Util currently" value="4060100996860" />
<exclusive-end id="62" timestamp="2019-06-15T19:07:01.975" durationms="3.476" />

<exclusive-start id="63" timestamp="2019-06-15T19:07:02.627" intervalms="654.843">
  <response-info timems="0.030" idlems="0.030" threads="0" lastid="0000000000E2AD00" lastname="node-1" />
</exclusive-start>
<allocation-taxation id="64" taxation-threshold="2097152" timestamp="2019-06-15T19:07:02.627" intervalms="654.842" />
<cycle-start id="65" type="partial gc" contextid="0" timestamp="2019-06-15T19:07:02.627" intervalms="1311.424" />
<gc-start id="66" type="partial gc" contextid="65" timestamp="2019-06-15T19:07:02.627">
  <mem-info id="67" free="1048576" total="8388608" percent="12">
    <mem type="eden" free="1048216" total="5242880" percent="19" />
    <remembered-set count="544" freebytes="332672" totalbytes="334848" percent="99" regionsoverflowed="0" regionsstable="0" regionsrebuilding="0"/>
  </mem-info>
</gc-start>
<allocation-stats totalBytes="4193456" >
  <allocated-bytes non-tlh="0" tlh="4193456" arrayletleaf="0"/>
  <largest-consumer threadName="node-0" threadId="0000000000E23500" bytes="745416" />
</allocation-stats>
<gc-op id="68" type="sweep" timems="0.406" contextid="65" timestamp="2019-06-15T19:07:02.628" />
<gc-op id="69" type="copy forward" timems="2.606" contextid="65" timestamp="2019-06-15T19:07:02.631">
  <memory-copied type="eden" objects="19" bytes="336" bytesdiscarded="1408" />
  <memory-copied type="other" objects="0" bytes="0" bytesdiscarded="0" />
  <memory-cardclean objects="195" bytes="7944" />
  <regions eden="2" other="1" />
  <remembered-set-cleared processed="369" cleared="10" durationms="0.057" />
  <stringconstants candidates="3831" cleared="0"  />
</gc-op>
<gc-op id="70" type="classunload" timems="0.002" contextid="65" timestamp="2019-06-15T19:07:02.631">
  <classunload-info classloadercandidates="6" classloadersunloaded="0" classesunloaded="0" anonymousclassesunloaded="0" quiescems="0.000" setupms="0.001" scanms="0.000" postms="0.000" />
</gc-op>
<gc-end id="71" type="partial gc" contextid="65" durationms="4.473" usertimems="0.000" systemtimems="4.000" timestamp="2019-06-15T19:07:02.632" activeThreads="4">
  <mem-info id="72" free="5242880" total="8388608" percent="62">
    <mem type="eden" free="1046832" total="1048576" percent="99" />
    <remembered-set count="1440" freebytes="329088" totalbytes="334848" percent="98" regionsoverflowed="0" regionsstable="0" regionsrebuilding="0"/>
  </mem-info>
</gc-end>
<cycle-end id="73" type="partial gc" contextid="65" timestamp="2019-06-15T19:07:02.632" />
  <attribute name="elasticGC enabled" value="1" />
  <attribute name= "numThreadsSpecified" value="4" />
  <attribute name="heapSize specified" value="0" />
  <attribute name="Current GC Util" value="13" />
  <attribute name= "Current Time Running" value="4920" />
  <attribute name ="GC Interval" value="0" />
  <attribute name="ProportionalT" value="-10.500000" />
  <attribute name="ProportionalI" value="-10.500000" />
  <attribute name="ProportionalH" value="-10.500000" />
  <attribute name="Current Error" value="-7.000000" />
  <attribute name="IntegralT" value="-7.000000" />
  <attribute name="IntegralI" value="-7.000000" />
  <attribute name="IntegralH" value="-7.000000" />
  <attribute name="DerivativeT" value="-3.500000" />
  <attribute name="DerivativeI" value="-3.500000" />
  <attribute name="DerivativeH" value="-3.500000" />
  <attribute name="Loop Time for DT" value="1.000000" />
  <attribute name="Output H" value="2091843584"/>
  <attribute name="Output I" value="200"/>
  <attribute name="Output T" value="4"/>
  <attribute name="Target GC Util Change" value ="20.000000" />
  <attribute name="Current GC Util Change" value="13.000000"/>
  <attribute name="GC Util currently" value="13" />
  <attribute name="CPU Util currently" value="7989574070095" />
<exclusive-end id="74" timestamp="2019-06-15T19:07:02.632" durationms="5.443" />

<exclusive-start id="75" timestamp="2019-06-15T19:07:03.225" intervalms="598.703">
  <response-info timems="0.028" idlems="0.028" threads="0" lastid="0000000000E23500" lastname="node-0" />
</exclusive-start>
<allocation-taxation id="76" taxation-threshold="2097152" timestamp="2019-06-15T19:07:03.225" intervalms="598.756" />
<cycle-start id="77" type="global mark phase" contextid="0" timestamp="2019-06-15T19:07:03.226" intervalms="3009.082" />
<gc-start id="78" type="global mark phase" contextid="77" timestamp="2019-06-15T19:07:03.226">
  <mem-info id="79" free="3145728" total="8388608" percent="37">
    <remembered-set count="1056" freebytes="330624" totalbytes="334848" percent="98" regionsoverflowed="0" regionsstable="1" regionsrebuilding="0"/>
  </mem-info>
</gc-start>
<gc-op id="80" type="mark increment" timems="0.440" contextid="77" timestamp="2019-06-15T19:07:03.226">
  <trace-info objectcount="138" scancount="0" scanbytes="0" />
</gc-op>
<gc-end id="81" type="global mark phase" contextid="77" durationms="0.641" usertimems="4.000" systemtimems="0.000" timestamp="2019-06-15T19:07:03.226" activeThreads="1">
  <mem-info id="82" free="3145728" total="8388608" percent="37">
    <remembered-set count="1056" freebytes="330624" totalbytes="334848" percent="98" regionsoverflowed="0" regionsstable="0" regionsrebuilding="1"/>
  </mem-info>
</gc-end>
<concurrent-start id="83" type="GMP work packet processing" contextid="77" timestamp="2019-06-15T19:07:03.226">
  <concurrent-mark-start scanTarget="18446744073709551615" />
</concurrent-start>
<exclusive-end id="84" timestamp="2019-06-15T19:07:03.227" durationms="1.265" />

<concurrent-end id="85" type="GMP work packet processing" contextid="77" timestamp="2019-06-15T19:07:03.229">
  <concurrent-mark-end bytesScanned="1181228" reasonForTermination="Completed all work in GC phase" />
</concurrent-end>

<exclusive-start id="86" timestamp="2019-06-15T19:07:03.817" intervalms="591.392">
  <response-info timems="0.062" idlems="0.062" threads="0" lastid="0000000000E23500" lastname="node-0" />
</exclusive-start>
<allocation-taxation id="87" taxation-threshold="2097152" timestamp="2019-06-15T19:07:03.817" intervalms="591.338" />
<cycle-start id="88" type="partial gc" contextid="0" timestamp="2019-06-15T19:07:03.817" intervalms="1190.095" />
<gc-start id="89" type="partial gc" contextid="88" timestamp="2019-06-15T19:07:03.817">
  <mem-info id="90" free="1048576" total="8388608" percent="12">
    <mem type="eden" free="1046832" total="5242880" percent="19" />
    <remembered-set count="1824" freebytes="327552" totalbytes="334848" percent="97" regionsoverflowed="0" regionsstable="0" regionsrebuilding="1"/>
  </mem-info>
</gc-start>
<allocation-stats totalBytes="4193264" >
  <allocated-bytes non-tlh="0" tlh="4193264" arrayletleaf="0"/>
  <largest-consumer threadName="node-1" threadId="0000000000E2AD00" bytes="745392" />
</allocation-stats>
<gc-op id="91" type="copy forward" timems="0.638" contextid="88" timestamp="2019-06-15T19:07:03.819">
  <memory-copied type="eden" objects="18" bytes="312" bytesdiscarded="0" />
  <memory-copied type="other" objects="0" bytes="0" bytesdiscarded="0" />
  <memory-cardclean objects="164" bytes="6080" />
  <regions eden="4" other="1" />
  <remembered-set-cleared processed="778" cleared="18" durationms="0.062" />
  <stringconstants candidates="3831" cleared="0"  />
</gc-op>
<gc-op id="92" type="classunload" timems="0.002" contextid="88" timestamp="2019-06-15T19:07:03.819">
  <classunload-info classloadercandidates="6" classloadersunloaded="0" classesunloaded="0" anonymousclassesunloaded="0" quiescems="0.000" setupms="0.001" scanms="0.000" postms="0.000" />
</gc-op>
<gc-op id="93" type="compact" timems="1.127" contextid="88" timestamp="2019-06-15T19:07:03.820">
  <compact-info movecount="0" movebytes="0" />
  <remembered-set-cleared processed="1556" cleared="18" durationms="0.062" />
</gc-op>
<gc-end id="94" type="partial gc" contextid="88" durationms="3.077" usertimems="0.000" systemtimems="4.000" timestamp="2019-06-15T19:07:03.820" activeThreads="4">
  <mem-info id="95" free="5242880" total="8388608" percent="62">
    <mem type="eden" free="1048264" total="1048576" percent="99" />
    <remembered-set count="864" freebytes="331392" totalbytes="334848" percent="98" regionsoverflowed="0" regionsstable="0" regionsrebuilding="1"/>
  </mem-info>
</gc-end>
<cycle-end id="96" type="partial gc" contextid="88" timestamp="2019-06-15T19:07:03.820" />
  <attribute name="elasticGC enabled" value="1" />
  <attribute name= "numThreadsSpecified" value="4" />
  <attribute name="heapSize specified" value="0" />
  <attribute name="Current GC Util" value="0" />
  <attribute name= "Current Time Running" value="6110" />
  <attribute name ="GC Interval" value="0" />
  <attribute name="ProportionalT" value="-30.000000" />
  <attribute name="ProportionalI" value="-30.000000" />
  <attribute name="ProportionalH" value="-30.000000" />
  <attribute name="Current Error" value="-20.000000" />
  <attribute name="IntegralT" value="-20.000000" />
  <attribute name="IntegralI" value="-20.000000" />
  <attribute name="IntegralH" value="-20.000000" />
  <attribute name="DerivativeT" value="-20.500000" />
  <attribute name="DerivativeI" value="-20.500000" />
  <attribute name="DerivativeH" value="-20.500000" />
  <attribute name="Loop Time for DT" value="1.000000" />
  <attribute name="Output H" value="2091843584"/>
  <attribute name="Output I" value="200"/>
  <attribute name="Output T" value="4"/>
  <attribute name="Target GC Util Change" value ="20.000000" />
  <attribute name="Current GC Util Change" value="0.000000"/>
  <attribute name="GC Util currently" value="0" />
  <attribute name="CPU Util currently" value="4426137891081" />
<exclusive-end id="97" timestamp="2019-06-15T19:07:03.821" durationms="4.016" />

<exclusive-start id="98" timestamp="2019-06-15T19:07:04.418" intervalms="600.970">
  <response-info timems="0.057" idlems="0.057" threads="0" lastid="0000000000E23500" lastname="node-0" />
</exclusive-start>
<allocation-taxation id="99" taxation-threshold="2097152" timestamp="2019-06-15T19:07:04.418" intervalms="600.967" />
<gc-start id="100" type="global mark phase" contextid="77" timestamp="2019-06-15T19:07:04.418">
  <mem-info id="101" free="3145728" total="8388608" percent="37">
    <remembered-set count="864" freebytes="331392" totalbytes="334848" percent="98" regionsoverflowed="0" regionsstable="0" regionsrebuilding="1"/>
  </mem-info>
</gc-start>
<gc-op id="102" type="mark increment" timems="1.095" contextid="77" timestamp="2019-06-15T19:07:04.419">
  <trace-info objectcount="32" scancount="32" scanbytes="712" />
  <cardclean-info objects="169" bytes="6040" />
  <finalization candidates="13" enqueued="0" />
  <references type="soft" candidates="66" cleared="0" enqueued="0" dynamicThreshold="20" maxThreshold="32" />
  <references type="weak" candidates="143" cleared="0" enqueued="0" />
  <references type="phantom" candidates="57" cleared="0" enqueued="0" />
  <stringconstants candidates="3831" cleared="0"  />
</gc-op>
<gc-op id="103" type="classunload" timems="0.002" contextid="77" timestamp="2019-06-15T19:07:04.419">
  <classunload-info classloadercandidates="6" classloadersunloaded="0" classesunloaded="0" anonymousclassesunloaded="0" quiescems="0.000" setupms="0.002" scanms="0.000" postms="0.000" />
</gc-op>
<gc-end id="104" type="global mark phase" contextid="77" durationms="1.551" usertimems="0.000" systemtimems="0.000" timestamp="2019-06-15T19:07:04.419" activeThreads="4">
  <mem-info id="105" free="3145728" total="8388608" percent="37">
    <remembered-set count="864" freebytes="331392" totalbytes="334848" percent="98" regionsoverflowed="0" regionsstable="0" regionsrebuilding="0"/>
  </mem-info>
</gc-end>
<cycle-end id="106" type="global mark phase" contextid="77" timestamp="2019-06-15T19:07:04.420" />
  <attribute name="elasticGC enabled" value="1" />
  <attribute name= "numThreadsSpecified" value="4" />
  <attribute name="heapSize specified" value="0" />
  <attribute name="Current GC Util" value="0" />
  <attribute name= "Current Time Running" value="6709" />
  <attribute name ="GC Interval" value="0" />
  <attribute name="ProportionalT" value="-30.000000" />
  <attribute name="ProportionalI" value="-30.000000" />
  <attribute name="ProportionalH" value="-30.000000" />
  <attribute name="Current Error" value="-20.000000" />
  <attribute name="IntegralT" value="0.000000" />
  <attribute name="IntegralI" value="0.000000" />
  <attribute name="IntegralH" value="0.000000" />
  <attribute name="DerivativeT" value="-inf" />
  <attribute name="DerivativeI" value="-inf" />
  <attribute name="DerivativeH" value="-inf" />
  <attribute name="Loop Time for DT" value="0.000000" />
  <attribute name="Output H" value="2091843584"/>
  <attribute name="Output I" value="200"/>
  <attribute name="Output T" value="4"/>
  <attribute name="Target GC Util Change" value ="20.000000" />
  <attribute name="Current GC Util Change" value="0.000000"/>
  <attribute name="GC Util currently" value="0" />
  <attribute name="CPU Util currently" value="92947557593094" />
<exclusive-end id="107" timestamp="2019-06-15T19:07:04.420" durationms="2.182" />

<exclusive-start id="108" timestamp="2019-06-15T19:07:04.982" intervalms="564.328">
  <response-info timems="0.022" idlems="0.022" threads="0" lastid="0000000000E23500" lastname="node-0" />
</exclusive-start>
<allocation-taxation id="109" taxation-threshold="2097152" timestamp="2019-06-15T19:07:04.982" intervalms="564.331" />
<cycle-start id="110" type="partial gc" contextid="0" timestamp="2019-06-15T19:07:04.982" intervalms="1165.256" />
<gc-start id="111" type="partial gc" contextid="110" timestamp="2019-06-15T19:07:04.982">
  <mem-info id="112" free="1048576" total="8388608" percent="12">
    <mem type="eden" free="1048264" total="5242880" percent="19" />
    <remembered-set count="96" freebytes="334464" totalbytes="334848" percent="99" regionsoverflowed="0" regionsstable="1" regionsrebuilding="0"/>
  </mem-info>
</gc-start>
<allocation-stats totalBytes="4192592" >
  <allocated-bytes non-tlh="0" tlh="4192592" arrayletleaf="0"/>
  <largest-consumer threadName="node-2" threadId="0000000000E27100" bytes="720840" />
</allocation-stats>
<gc-op id="113" type="sweep" timems="0.371" contextid="110" timestamp="2019-06-15T19:07:04.983" />
<gc-op id="114" type="copy forward" timems="0.477" contextid="110" timestamp="2019-06-15T19:07:04.984">
  <memory-copied type="eden" objects="18" bytes="312" bytesdiscarded="0" />
  <memory-copied type="other" objects="0" bytes="0" bytesdiscarded="0" />
  <memory-cardclean objects="164" bytes="6080" />
  <regions eden="2" other="1" />
  <remembered-set-cleared processed="33" cleared="1" durationms="0.044" />
  <stringconstants candidates="3831" cleared="0"  />
</gc-op>
<gc-op id="115" type="classunload" timems="0.001" contextid="110" timestamp="2019-06-15T19:07:04.984">
  <classunload-info classloadercandidates="6" classloadersunloaded="0" classesunloaded="0" anonymousclassesunloaded="0" quiescems="0.000" setupms="0.001" scanms="0.000" postms="0.000" />
</gc-op>
<gc-op id="116" type="compact" timems="0.965" contextid="110" timestamp="2019-06-15T19:07:04.985">
  <compact-info movecount="0" movebytes="0" />
  <remembered-set-cleared processed="75" cleared="1" durationms="0.045" />
</gc-op>
<gc-end id="117" type="partial gc" contextid="110" durationms="3.175" usertimems="0.000" systemtimems="4.000" timestamp="2019-06-15T19:07:04.986" activeThreads="4">
  <mem-info id="118" free="5242880" total="8388608" percent="62">
    <mem type="eden" free="1048264" total="1048576" percent="99" />
    <remembered-set count="96" freebytes="334464" totalbytes="334848" percent="99" regionsoverflowed="0" regionsstable="1" regionsrebuilding="0"/>
  </mem-info>
</gc-end>
<cycle-end id="119" type="partial gc" contextid="110" timestamp="2019-06-15T19:07:04.986" />
  <attribute name="elasticGC enabled" value="1" />
  <attribute name= "numThreadsSpecified" value="4" />
  <attribute name="heapSize specified" value="0" />
  <attribute name="Current GC Util" value="0" />
  <attribute name= "Current Time Running" value="7275" />
  <attribute name ="GC Interval" value="0" />
  <attribute name="ProportionalT" value="-30.000000" />
  <attribute name="ProportionalI" value="-30.000000" />
  <attribute name="ProportionalH" value="-30.000000" />
  <attribute name="Current Error" value="-20.000000" />
  <attribute name="IntegralT" value="-20.000000" />
  <attribute name="IntegralI" value="-20.000000" />
  <attribute name="IntegralH" value="-20.000000" />
  <attribute name="DerivativeT" value="-18.000000" />
  <attribute name="DerivativeI" value="-18.000000" />
  <attribute name="DerivativeH" value="-18.000000" />
  <attribute name="Loop Time for DT" value="1.000000" />
  <attribute name="Output H" value="2091843584"/>
  <attribute name="Output I" value="200"/>
  <attribute name="Output T" value="4"/>
  <attribute name="Target GC Util Change" value ="20.000000" />
  <attribute name="Current GC Util Change" value="0.000000"/>
  <attribute name="GC Util currently" value="0" />
  <attribute name="CPU Util currently" value="5433580230300" />
<exclusive-end id="120" timestamp="2019-06-15T19:07:04.986" durationms="4.381" />

<exclusive-start id="121" timestamp="2019-06-15T19:07:05.537" intervalms="555.397">
  <response-info timems="0.028" idlems="0.028" threads="0" lastid="0000000000E2AD00" lastname="node-1" />
</exclusive-start>
<allocation-taxation id="122" taxation-threshold="2097152" timestamp="2019-06-15T19:07:05.537" intervalms="555.392" />
<cycle-start id="123" type="global mark phase" contextid="0" timestamp="2019-06-15T19:07:05.538" intervalms="2311.935" />
<gc-start id="124" type="global mark phase" contextid="123" timestamp="2019-06-15T19:07:05.538">
  <mem-info id="125" free="3145728" total="8388608" percent="37">
    <remembered-set count="96" freebytes="334464" totalbytes="334848" percent="99" regionsoverflowed="0" regionsstable="1" regionsrebuilding="0"/>
  </mem-info>
</gc-start>
<gc-op id="126" type="mark increment" timems="0.394" contextid="123" timestamp="2019-06-15T19:07:05.538">
  <trace-info objectcount="136" scancount="0" scanbytes="0" />
</gc-op>
<gc-end id="127" type="global mark phase" contextid="123" durationms="0.507" usertimems="0.000" systemtimems="0.000" timestamp="2019-06-15T19:07:05.538" activeThreads="1">
  <mem-info id="128" free="3145728" total="8388608" percent="37">
    <remembered-set count="96" freebytes="334464" totalbytes="334848" percent="99" regionsoverflowed="0" regionsstable="0" regionsrebuilding="1"/>
  </mem-info>
</gc-end>
<concurrent-start id="129" type="GMP work packet processing" contextid="123" timestamp="2019-06-15T19:07:05.538">
  <concurrent-mark-start scanTarget="18446744073709551615" />
</concurrent-start>
<exclusive-end id="130" timestamp="2019-06-15T19:07:05.538" durationms="1.025" />

<concurrent-end id="131" type="GMP work packet processing" contextid="123" timestamp="2019-06-15T19:07:05.541">
  <concurrent-mark-end bytesScanned="1182236" reasonForTermination="Completed all work in GC phase" />
</concurrent-end>

</verbosegc>

