<?xml version="1.0" ?>

<verbosegc xmlns="http://www.ibm.com/j9/verbosegc" version="10b4217_CMPRSS">

<initialized id="1" timestamp="2019-06-15T03:44:04.173">
  <attribute name="gcPolicy" value="-Xgcpolicy:gencon" />
  <attribute name="elasticGC enabled" value="1" />
  <attribute name= "numThreadsSpecified" value="0" />
  <attribute name="heapSize specified" value="0" />
  <attribute name="Current GC Util" value="0" />
  <attribute name= "Current Time Running" value="0" />
  <attribute name ="GC Interval" value="0" />
  <attribute name="ProportionalT" value="0.000000" />
  <attribute name="ProportionalI" value="0.000000" />
  <attribute name="ProportionalH" value="0.000000" />
  <attribute name="IntegralT" value="0.000000" />
  <attribute name="IntegralI" value="0.000000" />
  <attribute name="IntegralH" value="0.000000" />
  <attribute name="DerivativeT" value="0.000000" />
  <attribute name="DerivativeI" value="0.000000" />
  <attribute name="DerivativeH" value="0.000000" />
  <attribute name="Target GC Util Change" value ="0.000000" />
  <attribute name="Current GC Util Change" value="0.000000"/>
  <attribute name="Current Error" value="0.000000" />
  <attribute name="Loop Time for DT" value="0.000000" />
  <attribute name="Output H" value="0"/>
  <attribute name="Output I" value="0"/>
  <attribute name="Output T" value="0"/>
  <attribute name="GC Util currently" value="0" />
  <attribute name="CPU Util currently" value="0" />
  <attribute name="maxHeapSize" value="0x7cbc0000" />
  <attribute name="initialHeapSize" value="0x800000" />
  <attribute name="compressedRefs" value="true" />
  <attribute name="compressedRefsDisplacement" value="0x0" />
  <attribute name="compressedRefsShift" value="0x0" />
  <attribute name="pageSize" value="0x1000" />
  <attribute name="pageType" value="not used" />
  <attribute name="requestedPageSize" value="0x1000" />
  <attribute name="requestedPageType" value="not used" />
  <attribute name="gcthreads" value="4" />
  <attribute name="gcthreads Concurrent Mark" value="1" />
  <attribute name="packetListSplit" value="4" />
  <attribute name="cacheListSplit" value="4" />
  <attribute name="splitFreeListSplitAmount" value="1" />
  <attribute name="numaNodes" value="0" />
  <system>
    <attribute name="physicalMemory" value="8370962432" />
    <attribute name="numCPUs" value="4" />
    <attribute name="architecture" value="amd64" />
    <attribute name="os" value="Linux" />
    <attribute name="osVersion" value="4.4.0-148-generic" />
  </system>
  <vmargs>
    <vmarg name="-Xoptionsfile=/vagrant/jdk/lib/options.default" />
    <vmarg name="-Xlockword:mode=default,noLockword=java/lang/String,noLockword=java/util/MapEntry,noLockword=java/util/HashMap$Entry,noLockword..." />
    <vmarg name="-Xjcl:jclse29" />
    <vmarg name="-Dcom.ibm.oti.vm.bootstrap.library.path=/vagrant/jdk/lib/compressedrefs:/vagrant/jdk/lib" />
    <vmarg name="-Dsun.boot.library.path=/vagrant/jdk/lib/compressedrefs:/vagrant/jdk/lib" />
    <vmarg name="-Djava.library.path=/vagrant/jdk/lib/compressedrefs:/vagrant/jdk/lib:/usr/lib64:/usr/lib" />
    <vmarg name="-Djava.home=/vagrant/jdk" />
    <vmarg name="-Duser.dir=/vagrant" />
    <vmarg name="-verbose:gc" />
    <vmarg name="-Xgcelastic" />
    <vmarg name="-Xcheck:gc:::elasticGC" />
    <vmarg name="-Xloggc:small-jdk0.5-1-1.5-verbose13avrora.txt" />
    <vmarg name="-Djava.class.path=dacapo-9.12-MR1-bach.jar" />
    <vmarg name="-Dsun.java.command=dacapo-9.12-MR1-bach.jar avrora --size=small" />
    <vmarg name="-Dsun.java.launcher=SUN_STANDARD" />
    <vmarg name="-Dsun.java.launcher.pid=1796" />
  </vmargs>
</initialized>

<exclusive-start id="2" timestamp="2019-06-15T03:44:04.364" intervalms="190.175">
  <response-info timems="0.021" idlems="0.021" threads="0" lastid="0000000002352700" lastname="main" />
</exclusive-start>
<af-start id="3" threadId="0000000002353088" totalBytesRequested="7176" timestamp="2019-06-15T03:44:04.364" intervalms="190.434" type="nursery" />
<cycle-start id="4" type="scavenge" contextid="0" timestamp="2019-06-15T03:44:04.364" intervalms="190.981" />
<gc-start id="5" type="scavenge" contextid="4" timestamp="2019-06-15T03:44:04.370">
  <mem-info id="6" free="6062624" total="8388608" percent="72">
    <mem type="nursery" free="0" total="2097152" percent="0">
      <mem type="allocate" free="0" total="1048576" percent="0" />
      <mem type="survivor" free="0" total="1048576" percent="0" />
    </mem>
    <mem type="tenure" free="6062624" total="6291456" percent="96">
      <mem type="soa" free="5748256" total="5977088" percent="96" />
      <mem type="loa" free="314368" total="314368" percent="100" />
    </mem>
    <remembered-set count="3161" />
  </mem-info>
</gc-start>
<allocation-stats totalBytes="1275424" >
  <allocated-bytes non-tlh="344784" tlh="930640" />
  <largest-consumer threadName="main" threadId="0000000002352700" bytes="1198904" />
</allocation-stats>
<gc-op id="7" type="scavenge" timems="1.944" contextid="4" timestamp="2019-06-15T03:44:04.372">
  <scavenger-info tenureage="2" tenuremask="fffc" tiltratio="50" />
  <memory-copied type="nursery" objects="10578" bytes="479584" bytesdiscarded="124152" />
  <finalization candidates="11" enqueued="0" />
  <references type="soft" candidates="62" cleared="0" enqueued="0" dynamicThreshold="32" maxThreshold="32" />
  <references type="weak" candidates="309" cleared="177" enqueued="141" />
  <references type="phantom" candidates="25" cleared="6" enqueued="6" />
</gc-op>
<gc-end id="8" type="scavenge" contextid="4" durationms="5.502" usertimems="8.000" systemtimems="0.000" timestamp="2019-06-15T03:44:04.375" activeThreads="4">
  <mem-info id="9" free="6505368" total="8388608" percent="77">
    <mem type="nursery" free="442744" total="2097152" percent="21">
      <mem type="allocate" free="442744" total="1048576" percent="42" />
      <mem type="survivor" free="0" total="1048576" percent="0" />
    </mem>
    <mem type="tenure" free="6062624" total="6291456" percent="96">
      <mem type="soa" free="5748256" total="5977088" percent="96" />
      <mem type="loa" free="314368" total="314368" percent="100" />
    </mem>
    <pending-finalizers system="0" default="0" reference="147" classloader="0" />
    <remembered-set count="3161" />
  </mem-info>
</gc-end>
<cycle-end id="10" type="scavenge" contextid="4" timestamp="2019-06-15T03:44:04.376" />
  <attribute name="elasticGC enabled" value="1" />
  <attribute name= "numThreadsSpecified" value="0" />
  <attribute name="heapSize specified" value="0" />
  <attribute name="Current GC Util" value="0" />
  <attribute name= "Current Time Running" value="83" />
  <attribute name ="GC Interval" value="1" />
  <attribute name="ProportionalT" value="0.000000" />
  <attribute name="ProportionalI" value="0.000000" />
  <attribute name="ProportionalH" value="0.000000" />
  <attribute name="Current Error" value="0.000000" />
  <attribute name="IntegralT" value="0.000000" />
  <attribute name="IntegralI" value="0.000000" />
  <attribute name="IntegralH" value="0.000000" />
  <attribute name="DerivativeT" value="0.000000" />
  <attribute name="DerivativeI" value="0.000000" />
  <attribute name="DerivativeH" value="0.000000" />
  <attribute name="Loop Time for DT" value="0.000000" />
  <attribute name="Output H" value="0"/>
  <attribute name="Output I" value="0"/>
  <attribute name="Output T" value="0"/>
  <attribute name="Target GC Util Change" value ="20.000000" />
  <attribute name="Current GC Util Change" value="0.000000"/>
  <attribute name="GC Util currently" value="0" />
  <attribute name="CPU Util currently" value="17" />
<allocation-satisfied id="11" threadId="0000000002352700" bytesRequested="7176" />
<af-end id="12" timestamp="2019-06-15T03:44:04.376" threadId="0000000002353088" success="true" from="nursery"/>
<exclusive-end id="13" timestamp="2019-06-15T03:44:04.376" durationms="12.208" />

<exclusive-start id="14" timestamp="2019-06-15T03:44:04.409" intervalms="45.608">
  <response-info timems="0.024" idlems="0.024" threads="0" lastid="0000000002352700" lastname="main" />
</exclusive-start>
<af-start id="15" threadId="0000000002353088" totalBytesRequested="80" timestamp="2019-06-15T03:44:04.409" intervalms="45.422" type="nursery" />
<cycle-start id="16" type="scavenge" contextid="0" timestamp="2019-06-15T03:44:04.409" intervalms="44.944" />
<gc-start id="17" type="scavenge" contextid="16" timestamp="2019-06-15T03:44:04.413">
  <mem-info id="18" free="6054888" total="8388608" percent="72">
    <mem type="nursery" free="0" total="2097152" percent="0">
      <mem type="allocate" free="0" total="1048576" percent="0" />
      <mem type="survivor" free="0" total="1048576" percent="0" />
    </mem>
    <mem type="tenure" free="6054888" total="6291456" percent="96">
      <mem type="soa" free="5740520" total="5977088" percent="96" />
      <mem type="loa" free="314368" total="314368" percent="100" />
    </mem>
    <remembered-set count="3262" />
  </mem-info>
</gc-start>
<allocation-stats totalBytes="449888" >
  <allocated-bytes non-tlh="14912" tlh="434976" />
  <largest-consumer threadName="main" threadId="0000000002352700" bytes="437912" />
</allocation-stats>
<gc-op id="19" type="scavenge" timems="0.814" contextid="16" timestamp="2019-06-15T03:44:04.414">
  <scavenger-info tenureage="5" tenuremask="7fe0" tiltratio="50" />
  <memory-copied type="nursery" objects="11514" bytes="500512" bytesdiscarded="94280" />
  <finalization candidates="11" enqueued="0" />
  <references type="soft" candidates="62" cleared="0" enqueued="0" dynamicThreshold="32" maxThreshold="32" />
  <references type="weak" candidates="237" cleared="93" enqueued="90" />
  <references type="phantom" candidates="35" cleared="11" enqueued="11" />
</gc-op>
<gc-end id="20" type="scavenge" contextid="16" durationms="1.011" usertimems="4.000" systemtimems="0.000" timestamp="2019-06-15T03:44:04.414" activeThreads="4">
  <mem-info id="21" free="6507216" total="8388608" percent="77">
    <mem type="nursery" free="452328" total="2097152" percent="21">
      <mem type="allocate" free="452328" total="1048576" percent="43" />
      <mem type="survivor" free="0" total="1048576" percent="0" />
    </mem>
    <mem type="tenure" free="6054888" total="6291456" percent="96">
      <mem type="soa" free="5740520" total="5977088" percent="96" />
      <mem type="loa" free="314368" total="314368" percent="100" />
    </mem>
    <pending-finalizers system="0" default="0" reference="101" classloader="0" />
    <remembered-set count="3262" />
  </mem-info>
</gc-end>
<cycle-end id="22" type="scavenge" contextid="16" timestamp="2019-06-15T03:44:04.414" />
  <attribute name="elasticGC enabled" value="1" />
  <attribute name= "numThreadsSpecified" value="4" />
  <attribute name="heapSize specified" value="0" />
  <attribute name="Current GC Util" value="25" />
  <attribute name= "Current Time Running" value="127" />
  <attribute name ="GC Interval" value="224" />
  <attribute name="ProportionalT" value="2.500000" />
  <attribute name="ProportionalI" value="2.500000" />
  <attribute name="ProportionalH" value="2.500000" />
  <attribute name="Current Error" value="5.000000" />
  <attribute name="IntegralT" value="220.000000" />
  <attribute name="IntegralI" value="220.000000" />
  <attribute name="IntegralH" value="220.000000" />
  <attribute name="DerivativeT" value="0.170455" />
  <attribute name="DerivativeI" value="0.170455" />
  <attribute name="DerivativeH" value="0.170455" />
  <attribute name="Loop Time for DT" value="44.000000" />
  <attribute name="Output H" value="8388608"/>
  <attribute name="Output I" value="224"/>
  <attribute name="Output T" value="4"/>
  <attribute name="Target GC Util Change" value ="20.000000" />
  <attribute name="Current GC Util Change" value="25.000000"/>
  <attribute name="GC Util currently" value="25" />
  <attribute name="CPU Util currently" value="5" />
<allocation-satisfied id="23" threadId="0000000002352700" bytesRequested="80" />
<af-end id="24" timestamp="2019-06-15T03:44:04.415" threadId="0000000002353088" success="true" from="nursery"/>
<exclusive-end id="25" timestamp="2019-06-15T03:44:04.415" durationms="5.355" />

<exclusive-start id="26" timestamp="2019-06-15T03:44:04.644" intervalms="235.208">
  <response-info timems="0.026" idlems="0.026" threads="0" lastid="0000000002352700" lastname="main" />
</exclusive-start>
<af-start id="27" threadId="0000000002353088" totalBytesRequested="152" timestamp="2019-06-15T03:44:04.645" intervalms="235.216" type="nursery" />
<cycle-start id="28" type="scavenge" contextid="0" timestamp="2019-06-15T03:44:04.645" intervalms="235.207" />
<gc-start id="29" type="scavenge" contextid="28" timestamp="2019-06-15T03:44:04.645">
  <mem-info id="30" free="6054888" total="8388608" percent="72">
    <mem type="nursery" free="0" total="2097152" percent="0">
      <mem type="allocate" free="0" total="1048576" percent="0" />
      <mem type="survivor" free="0" total="1048576" percent="0" />
    </mem>
    <mem type="tenure" free="6054888" total="6291456" percent="96">
      <mem type="soa" free="5740520" total="5977088" percent="96" />
      <mem type="loa" free="314368" total="314368" percent="100" />
    </mem>
    <remembered-set count="3262" />
  </mem-info>
</gc-start>
<allocation-stats totalBytes="452144" >
  <allocated-bytes non-tlh="80" tlh="452064" />
  <largest-consumer threadName="main" threadId="0000000002352700" bytes="443952" />
</allocation-stats>
<gc-op id="31" type="scavenge" timems="0.840" contextid="28" timestamp="2019-06-15T03:44:04.646">
  <scavenger-info tenureage="4" tenuremask="7ff0" tiltratio="50" />
  <memory-copied type="nursery" objects="10890" bytes="485176" bytesdiscarded="76720" />
  <finalization candidates="11" enqueued="0" />
  <references type="soft" candidates="62" cleared="0" enqueued="0" dynamicThreshold="32" maxThreshold="32" />
  <references type="weak" candidates="144" cleared="0" enqueued="0" />
  <references type="phantom" candidates="24" cleared="0" enqueued="0" />
</gc-op>
<gc-end id="32" type="scavenge" contextid="28" durationms="1.021" usertimems="0.000" systemtimems="0.000" timestamp="2019-06-15T03:44:04.646" activeThreads="4">
  <mem-info id="33" free="6540120" total="8388608" percent="77">
    <mem type="nursery" free="485232" total="2097152" percent="23">
      <mem type="allocate" free="485232" total="1048576" percent="46" />
      <mem type="survivor" free="0" total="1048576" percent="0" />
    </mem>
    <mem type="tenure" free="6054888" total="6291456" percent="96">
      <mem type="soa" free="5740520" total="5977088" percent="96" />
      <mem type="loa" free="314368" total="314368" percent="100" />
    </mem>
    <remembered-set count="992" />
  </mem-info>
</gc-end>
<cycle-end id="34" type="scavenge" contextid="28" timestamp="2019-06-15T03:44:04.646" />
  <attribute name="elasticGC enabled" value="1" />
  <attribute name= "numThreadsSpecified" value="4" />
  <attribute name="heapSize specified" value="0" />
  <attribute name="Current GC Util" value="2" />
  <attribute name= "Current Time Running" value="358" />
  <attribute name ="GC Interval" value="200" />
  <attribute name="ProportionalT" value="-9.000000" />
  <attribute name="ProportionalI" value="-9.000000" />
  <attribute name="ProportionalH" value="-9.000000" />
  <attribute name="Current Error" value="-18.000000" />
  <attribute name="IntegralT" value="-3938.000000" />
  <attribute name="IntegralI" value="-3938.000000" />
  <attribute name="IntegralH" value="-3938.000000" />
  <attribute name="DerivativeT" value="-0.149351" />
  <attribute name="DerivativeI" value="-0.149351" />
  <attribute name="DerivativeH" value="-0.149351" />
  <attribute name="Loop Time for DT" value="231.000000" />
  <attribute name="Output H" value="2092630016"/>
  <attribute name="Output I" value="200"/>
  <attribute name="Output T" value="4"/>
  <attribute name="Target GC Util Change" value ="20.000000" />
  <attribute name="Current GC Util Change" value="2.000000"/>
  <attribute name="GC Util currently" value="2" />
  <attribute name="CPU Util currently" value="1" />
<allocation-satisfied id="35" threadId="0000000002352700" bytesRequested="152" />
<af-end id="36" timestamp="2019-06-15T03:44:04.646" threadId="0000000002353088" success="true" from="nursery"/>
<exclusive-end id="37" timestamp="2019-06-15T03:44:04.646" durationms="1.461" />

<exclusive-start id="38" timestamp="2019-06-15T03:44:04.701" intervalms="56.913">
  <response-info timems="0.051" idlems="0.051" threads="0" lastid="0000000002352700" lastname="main" />
</exclusive-start>
<af-start id="39" threadId="0000000002353088" totalBytesRequested="16392" timestamp="2019-06-15T03:44:04.702" intervalms="57.017" type="nursery" />
<cycle-start id="40" type="scavenge" contextid="0" timestamp="2019-06-15T03:44:04.702" intervalms="57.116" />
<gc-start id="41" type="scavenge" contextid="40" timestamp="2019-06-15T03:44:04.702">
  <mem-info id="42" free="6052200" total="8388608" percent="72">
    <mem type="nursery" free="0" total="2097152" percent="0">
      <mem type="allocate" free="0" total="1048576" percent="0" />
      <mem type="survivor" free="0" total="1048576" percent="0" />
    </mem>
    <mem type="tenure" free="6052200" total="6291456" percent="96">
      <mem type="soa" free="5737832" total="5977088" percent="95" />
      <mem type="loa" free="314368" total="314368" percent="100" />
    </mem>
    <remembered-set count="1025" />
  </mem-info>
</gc-start>
<allocation-stats totalBytes="469768" >
  <allocated-bytes non-tlh="2840" tlh="466928" />
  <largest-consumer threadName="main" threadId="0000000002352700" bytes="469768" />
</allocation-stats>
<gc-op id="43" type="scavenge" timems="1.051" contextid="40" timestamp="2019-06-15T03:44:04.703">
  <scavenger-info tenureage="3" tenuremask="fff8" tiltratio="50" />
  <memory-copied type="nursery" objects="604" bytes="61416" bytesdiscarded="25112" />
  <memory-copied type="tenure" objects="10291" bytes="460040" bytesdiscarded="72" />
  <finalization candidates="11" enqueued="0" />
  <references type="weak" candidates="92" cleared="76" enqueued="76" />
  <references type="phantom" candidates="18" cleared="10" enqueued="10" />
</gc-op>
<gc-end id="44" type="scavenge" contextid="40" durationms="1.595" usertimems="4.000" systemtimems="0.000" timestamp="2019-06-15T03:44:04.703" activeThreads="4">
  <mem-info id="45" free="6526664" total="8388608" percent="77">
    <mem type="nursery" free="962040" total="2097152" percent="45">
      <mem type="allocate" free="962040" total="1048576" percent="91" />
      <mem type="survivor" free="0" total="1048576" percent="0" />
    </mem>
    <mem type="tenure" free="5564624" total="6291456" percent="88">
      <mem type="soa" free="5250256" total="5977088" percent="87" />
      <mem type="loa" free="314368" total="314368" percent="100" />
    </mem>
    <pending-finalizers system="0" default="0" reference="86" classloader="0" />
    <remembered-set count="134" />
  </mem-info>
</gc-end>
<cycle-end id="46" type="scavenge" contextid="40" timestamp="2019-06-15T03:44:04.704" />
  <attribute name="elasticGC enabled" value="1" />
  <attribute name= "numThreadsSpecified" value="4" />
  <attribute name="heapSize specified" value="0" />
  <attribute name="Current GC Util" value="2" />
  <attribute name= "Current Time Running" value="416" />
  <attribute name ="GC Interval" value="200" />
  <attribute name="ProportionalT" value="-9.000000" />
  <attribute name="ProportionalI" value="-9.000000" />
  <attribute name="ProportionalH" value="-9.000000" />
  <attribute name="Current Error" value="-18.000000" />
  <attribute name="IntegralT" value="-4982.000000" />
  <attribute name="IntegralI" value="-4982.000000" />
  <attribute name="IntegralH" value="-4982.000000" />
  <attribute name="DerivativeT" value="-0.465517" />
  <attribute name="DerivativeI" value="-0.465517" />
  <attribute name="DerivativeH" value="-0.465517" />
  <attribute name="Loop Time for DT" value="58.000000" />
  <attribute name="Output H" value="2092630016"/>
  <attribute name="Output I" value="200"/>
  <attribute name="Output T" value="4"/>
  <attribute name="Target GC Util Change" value ="20.000000" />
  <attribute name="Current GC Util Change" value="2.000000"/>
  <attribute name="GC Util currently" value="2" />
  <attribute name="CPU Util currently" value="0" />
<allocation-satisfied id="47" threadId="0000000002352700" bytesRequested="16392" />
<af-end id="48" timestamp="2019-06-15T03:44:04.704" threadId="0000000002353088" success="true" from="nursery"/>
<exclusive-end id="49" timestamp="2019-06-15T03:44:04.704" durationms="2.523" />

<exclusive-start id="50" timestamp="2019-06-15T03:44:04.855" intervalms="153.376">
  <response-info timems="0.037" idlems="0.037" threads="0" lastid="0000000002352700" lastname="main" />
</exclusive-start>
<af-start id="51" threadId="0000000002353088" totalBytesRequested="2056" timestamp="2019-06-15T03:44:04.855" intervalms="153.280" type="nursery" />
<cycle-start id="52" type="scavenge" contextid="0" timestamp="2019-06-15T03:44:04.855" intervalms="153.187" />
<gc-start id="53" type="scavenge" contextid="52" timestamp="2019-06-15T03:44:04.855">
  <mem-info id="54" free="5560040" total="8388608" percent="66">
    <mem type="nursery" free="0" total="2097152" percent="0">
      <mem type="allocate" free="0" total="1048576" percent="0" />
      <mem type="survivor" free="0" total="1048576" percent="0" />
    </mem>
    <mem type="tenure" free="5560040" total="6291456" percent="88">
      <mem type="soa" free="5245672" total="5977088" percent="87" />
      <mem type="loa" free="314368" total="314368" percent="100" />
    </mem>
    <remembered-set count="216" />
  </mem-info>
</gc-start>
<allocation-stats totalBytes="962576" >
  <allocated-bytes non-tlh="20976" tlh="941600" />
  <largest-consumer threadName="main" threadId="0000000002352700" bytes="962576" />
</allocation-stats>
<gc-op id="55" type="scavenge" timems="0.443" contextid="52" timestamp="2019-06-15T03:44:04.855">
  <scavenger-info tenureage="4" tenuremask="fff0" tiltratio="50" />
  <memory-copied type="nursery" objects="745" bytes="112688" bytesdiscarded="29320" />
  <finalization candidates="3" enqueued="1" />
  <references type="soft" candidates="1" cleared="0" enqueued="0" dynamicThreshold="32" maxThreshold="32" />
  <references type="weak" candidates="66" cleared="50" enqueued="50" />
  <references type="phantom" candidates="21" cleared="10" enqueued="10" />
</gc-op>
<gc-end id="56" type="scavenge" contextid="52" durationms="0.615" usertimems="0.000" systemtimems="0.000" timestamp="2019-06-15T03:44:04.856" activeThreads="4">
  <mem-info id="57" free="6466520" total="8388608" percent="77">
    <mem type="nursery" free="906480" total="2097152" percent="43">
      <mem type="allocate" free="906480" total="1048576" percent="86" />
      <mem type="survivor" free="0" total="1048576" percent="0" />
    </mem>
    <mem type="tenure" free="5560040" total="6291456" percent="88">
      <mem type="soa" free="5245672" total="5977088" percent="87" />
      <mem type="loa" free="314368" total="314368" percent="100" />
    </mem>
    <pending-finalizers system="1" default="0" reference="60" classloader="0" />
    <remembered-set count="214" />
  </mem-info>
</gc-end>
<cycle-end id="58" type="scavenge" contextid="52" timestamp="2019-06-15T03:44:04.856" />
  <attribute name="elasticGC enabled" value="1" />
  <attribute name= "numThreadsSpecified" value="4" />
  <attribute name="heapSize specified" value="0" />
  <attribute name="Current GC Util" value="1" />
  <attribute name= "Current Time Running" value="568" />
  <attribute name ="GC Interval" value="200" />
  <attribute name="ProportionalT" value="-9.500000" />
  <attribute name="ProportionalI" value="-9.500000" />
  <attribute name="ProportionalH" value="-9.500000" />
  <attribute name="Current Error" value="-19.000000" />
  <attribute name="IntegralT" value="-7870.000000" />
  <attribute name="IntegralI" value="-7870.000000" />
  <attribute name="IntegralH" value="-7870.000000" />
  <attribute name="DerivativeT" value="-0.187500" />
  <attribute name="DerivativeI" value="-0.187500" />
  <attribute name="DerivativeH" value="-0.187500" />
  <attribute name="Loop Time for DT" value="152.000000" />
  <attribute name="Output H" value="2092630016"/>
  <attribute name="Output I" value="200"/>
  <attribute name="Output T" value="4"/>
  <attribute name="Target GC Util Change" value ="20.000000" />
  <attribute name="Current GC Util Change" value="1.000000"/>
  <attribute name="GC Util currently" value="1" />
  <attribute name="CPU Util currently" value="3" />
<allocation-satisfied id="59" threadId="0000000002352700" bytesRequested="2056" />
<af-end id="60" timestamp="2019-06-15T03:44:04.856" threadId="0000000002353088" success="true" from="nursery"/>
<exclusive-end id="61" timestamp="2019-06-15T03:44:04.856" durationms="1.120" />

<exclusive-start id="62" timestamp="2019-06-15T03:44:04.934" intervalms="79.328">
  <response-info timems="0.035" idlems="0.035" threads="0" lastid="0000000002352700" lastname="main" />
</exclusive-start>
<af-start id="63" threadId="0000000002353088" totalBytesRequested="2056" timestamp="2019-06-15T03:44:04.934" intervalms="79.316" type="nursery" />
<cycle-start id="64" type="scavenge" contextid="0" timestamp="2019-06-15T03:44:04.934" intervalms="79.316" />
<gc-start id="65" type="scavenge" contextid="64" timestamp="2019-06-15T03:44:04.934">
  <mem-info id="66" free="5560040" total="8388608" percent="66">
    <mem type="nursery" free="0" total="2097152" percent="0">
      <mem type="allocate" free="0" total="1048576" percent="0" />
      <mem type="survivor" free="0" total="1048576" percent="0" />
    </mem>
    <mem type="tenure" free="5560040" total="6291456" percent="88">
      <mem type="soa" free="5245672" total="5977088" percent="87" />
      <mem type="loa" free="314368" total="314368" percent="100" />
    </mem>
    <remembered-set count="215" />
  </mem-info>
</gc-start>
<allocation-stats totalBytes="901000" >
  <allocated-bytes non-tlh="2056" tlh="898944" />
  <largest-consumer threadName="main" threadId="0000000002352700" bytes="901000" />
</allocation-stats>
<gc-op id="67" type="scavenge" timems="0.380" contextid="64" timestamp="2019-06-15T03:44:04.935">
  <scavenger-info tenureage="3" tenuremask="fff8" tiltratio="50" />
  <memory-copied type="nursery" objects="298" bytes="79568" bytesdiscarded="15088" />
  <memory-copied type="tenure" objects="302" bytes="16080" bytesdiscarded="0" />
  <finalization candidates="2" enqueued="0" />
  <references type="soft" candidates="1" cleared="0" enqueued="0" dynamicThreshold="32" maxThreshold="32" />
  <references type="weak" candidates="2" cleared="0" enqueued="0" />
  <references type="phantom" candidates="5" cleared="0" enqueued="0" />
</gc-op>
<gc-end id="68" type="scavenge" contextid="64" durationms="0.630" usertimems="0.000" systemtimems="0.000" timestamp="2019-06-15T03:44:04.935" activeThreads="4">
  <mem-info id="69" free="6605784" total="8388608" percent="78">
    <mem type="nursery" free="1084912" total="2097152" percent="51">
      <mem type="allocate" free="1084912" total="1179648" percent="91" />
      <mem type="survivor" free="0" total="917504" percent="0" />
    </mem>
    <mem type="tenure" free="5520872" total="6291456" percent="87">
      <mem type="soa" free="5206504" total="5977088" percent="87" />
      <mem type="loa" free="314368" total="314368" percent="100" />
    </mem>
    <remembered-set count="157" />
  </mem-info>
</gc-end>
<cycle-end id="70" type="scavenge" contextid="64" timestamp="2019-06-15T03:44:04.935" />
  <attribute name="elasticGC enabled" value="1" />
  <attribute name= "numThreadsSpecified" value="4" />
  <attribute name="heapSize specified" value="0" />
  <attribute name="Current GC Util" value="0" />
  <attribute name= "Current Time Running" value="648" />
  <attribute name ="GC Interval" value="200" />
  <attribute name="ProportionalT" value="-10.000000" />
  <attribute name="ProportionalI" value="-10.000000" />
  <attribute name="ProportionalH" value="-10.000000" />
  <attribute name="Current Error" value="-20.000000" />
  <attribute name="IntegralT" value="-9470.000000" />
  <attribute name="IntegralI" value="-9470.000000" />
  <attribute name="IntegralH" value="-9470.000000" />
  <attribute name="DerivativeT" value="-0.375000" />
  <attribute name="DerivativeI" value="-0.375000" />
  <attribute name="DerivativeH" value="-0.375000" />
  <attribute name="Loop Time for DT" value="80.000000" />
  <attribute name="Output H" value="2092630016"/>
  <attribute name="Output I" value="200"/>
  <attribute name="Output T" value="4"/>
  <attribute name="Target GC Util Change" value ="20.000000" />
  <attribute name="Current GC Util Change" value="0.000000"/>
  <attribute name="GC Util currently" value="0" />
  <attribute name="CPU Util currently" value="2" />
<allocation-satisfied id="71" threadId="0000000002352700" bytesRequested="2056" />
<af-end id="72" timestamp="2019-06-15T03:44:04.935" threadId="0000000002353088" success="true" from="nursery"/>
<exclusive-end id="73" timestamp="2019-06-15T03:44:04.935" durationms="1.070" />

<exclusive-start id="74" timestamp="2019-06-15T03:44:05.023" intervalms="89.197">
  <response-info timems="0.026" idlems="0.026" threads="0" lastid="0000000002352700" lastname="main" />
</exclusive-start>
<af-start id="75" threadId="0000000002353088" totalBytesRequested="2056" timestamp="2019-06-15T03:44:05.023" intervalms="89.191" type="nursery" />
<cycle-start id="76" type="scavenge" contextid="0" timestamp="2019-06-15T03:44:05.023" intervalms="89.184" />
<gc-start id="77" type="scavenge" contextid="76" timestamp="2019-06-15T03:44:05.023">
  <mem-info id="78" free="5520872" total="8388608" percent="65">
    <mem type="nursery" free="0" total="2097152" percent="0">
      <mem type="allocate" free="0" total="1179648" percent="0" />
      <mem type="survivor" free="0" total="917504" percent="0" />
    </mem>
    <mem type="tenure" free="5520872" total="6291456" percent="87">
      <mem type="soa" free="5206504" total="5977088" percent="87" />
      <mem type="loa" free="314368" total="314368" percent="100" />
    </mem>
    <remembered-set count="157" />
  </mem-info>
</gc-start>
<allocation-stats totalBytes="1074712" >
  <allocated-bytes non-tlh="4112" tlh="1070600" />
  <largest-consumer threadName="main" threadId="0000000002352700" bytes="1074712" />
</allocation-stats>
<gc-op id="79" type="scavenge" timems="0.279" contextid="76" timestamp="2019-06-15T03:44:05.024">
  <scavenger-info tenureage="5" tenuremask="ffe0" tiltratio="56" />
  <memory-copied type="nursery" objects="298" bytes="79568" bytesdiscarded="23280" />
  <finalization candidates="2" enqueued="0" />
  <references type="soft" candidates="1" cleared="0" enqueued="0" dynamicThreshold="32" maxThreshold="32" />
  <references type="weak" candidates="2" cleared="0" enqueued="0" />
  <references type="phantom" candidates="5" cleared="0" enqueued="0" />
</gc-op>
<gc-end id="80" type="scavenge" contextid="76" durationms="0.448" usertimems="0.000" systemtimems="0.000" timestamp="2019-06-15T03:44:05.024" activeThreads="4">
  <mem-info id="81" free="6728664" total="8388608" percent="80">
    <mem type="nursery" free="1207792" total="2097152" percent="57">
      <mem type="allocate" free="1207792" total="1310720" percent="92" />
      <mem type="survivor" free="0" total="786432" percent="0" />
    </mem>
    <mem type="tenure" free="5520872" total="6291456" percent="87">
      <mem type="soa" free="5206504" total="5977088" percent="87" />
      <mem type="loa" free="314368" total="314368" percent="100" />
    </mem>
    <remembered-set count="86" />
  </mem-info>
</gc-end>
<cycle-end id="82" type="scavenge" contextid="76" timestamp="2019-06-15T03:44:05.024" />
  <attribute name="elasticGC enabled" value="1" />
  <attribute name= "numThreadsSpecified" value="4" />
  <attribute name="heapSize specified" value="0" />
  <attribute name="Current GC Util" value="0" />
  <attribute name= "Current Time Running" value="737" />
  <attribute name ="GC Interval" value="200" />
  <attribute name="ProportionalT" value="-10.000000" />
  <attribute name="ProportionalI" value="-10.000000" />
  <attribute name="ProportionalH" value="-10.000000" />
  <attribute name="Current Error" value="-20.000000" />
  <attribute name="IntegralT" value="-1780.000000" />
  <attribute name="IntegralI" value="-1780.000000" />
  <attribute name="IntegralH" value="-1780.000000" />
  <attribute name="DerivativeT" value="-0.337079" />
  <attribute name="DerivativeI" value="-0.337079" />
  <attribute name="DerivativeH" value="-0.337079" />
  <attribute name="Loop Time for DT" value="89.000000" />
  <attribute name="Output H" value="2092630016"/>
  <attribute name="Output I" value="200"/>
  <attribute name="Output T" value="4"/>
  <attribute name="Target GC Util Change" value ="20.000000" />
  <attribute name="Current GC Util Change" value="0.000000"/>
  <attribute name="GC Util currently" value="0" />
  <attribute name="CPU Util currently" value="10" />
<allocation-satisfied id="83" threadId="0000000002352700" bytesRequested="2056" />
<af-end id="84" timestamp="2019-06-15T03:44:05.024" threadId="0000000002353088" success="true" from="nursery"/>
<exclusive-end id="85" timestamp="2019-06-15T03:44:05.024" durationms="0.859" />

<exclusive-start id="86" timestamp="2019-06-15T03:44:05.107" intervalms="83.853">
  <response-info timems="0.064" idlems="0.064" threads="0" lastid="0000000002352700" lastname="main" />
</exclusive-start>
<sys-start reason="explicit" id="87" timestamp="2019-06-15T03:44:05.107" intervalms="933.824" />
<cycle-start id="88" type="global" contextid="0" timestamp="2019-06-15T03:44:05.108" intervalms="934.066" />
<gc-start id="89" type="global" contextid="88" timestamp="2019-06-15T03:44:05.108">
  <mem-info id="90" free="5608248" total="8388608" percent="66">
    <mem type="nursery" free="94376" total="2097152" percent="4">
      <mem type="allocate" free="94376" total="1310720" percent="7" />
      <mem type="survivor" free="0" total="786432" percent="0" />
    </mem>
    <mem type="tenure" free="5513872" total="6291456" percent="87">
      <mem type="soa" free="5199504" total="5977088" percent="86" />
      <mem type="loa" free="314368" total="314368" percent="100" />
    </mem>
    <remembered-set count="164" />
  </mem-info>
</gc-start>
<allocation-stats totalBytes="1096840" >
  <allocated-bytes non-tlh="174240" tlh="922600" />
  <largest-consumer threadName="main" threadId="0000000002352700" bytes="1096840" />
</allocation-stats>
<gc-op id="91" type="mark" timems="1.217" contextid="88" timestamp="2019-06-15T03:44:05.109">
  <trace-info objectcount="16928" scancount="13945" scanbytes="446088" />
  <finalization candidates="13" enqueued="0" />
  <references type="soft" candidates="66" cleared="0" enqueued="0" dynamicThreshold="32" maxThreshold="32" />
  <references type="weak" candidates="172" cleared="43" enqueued="35" />
  <references type="phantom" candidates="34" cleared="4" enqueued="4" />
  <stringconstants candidates="2456" cleared="0"  />
</gc-op>
<gc-op id="92" type="classunload" timems="0.041" contextid="88" timestamp="2019-06-15T03:44:05.109">
  <classunload-info classloadercandidates="6" classloadersunloaded="0" classesunloaded="0" anonymousclassesunloaded="0" quiescems="0.000" setupms="0.040" scanms="0.000" postms="0.001" />
</gc-op>
<gc-op id="93" type="sweep" timems="0.401" contextid="88" timestamp="2019-06-15T03:44:05.110" />
<mem-info id="94" free="6597800" total="8388608" percent="78">
  <mem type="nursery" free="1034824" total="2097152" percent="49">
    <mem type="allocate" free="1034824" total="1310720" percent="78" />
    <mem type="survivor" free="0" total="786432" percent="0" />
  </mem>
  <mem type="tenure" free="5562976" total="6291456" percent="88" micro-fragmented="2055" macro-fragmented="0">
    <mem type="soa" free="5248608" total="5977088" percent="87" />
    <mem type="loa" free="314368" total="314368" percent="100" />
  </mem>
  <pending-finalizers system="0" default="0" reference="39" classloader="0" />
  <remembered-set count="163" />
</mem-info>
<gc-op id="95" type="compact" timems="3.508" contextid="88" timestamp="2019-06-15T03:44:05.113">
  <compact-info movecount="12504" movebytes="800808" reason="compact to aid heap contraction" />
</gc-op>
<gc-end id="96" type="global" contextid="88" durationms="6.060" usertimems="8.000" systemtimems="0.000" timestamp="2019-06-15T03:44:05.114" activeThreads="4">
  <mem-info id="97" free="6617544" total="8388608" percent="78">
    <mem type="nursery" free="1052488" total="2097152" percent="50">
      <mem type="allocate" free="1052488" total="1310720" percent="80" />
      <mem type="survivor" free="0" total="786432" percent="0" />
    </mem>
    <mem type="tenure" free="5565056" total="6291456" percent="88">
      <mem type="soa" free="5250688" total="5977088" percent="87" />
      <mem type="loa" free="314368" total="314368" percent="100" />
    </mem>
    <pending-finalizers system="0" default="0" reference="39" classloader="0" />
    <remembered-set count="163" />
  </mem-info>
</gc-end>
<cycle-end id="98" type="global" contextid="88" timestamp="2019-06-15T03:44:05.114" />
  <attribute name="elasticGC enabled" value="1" />
  <attribute name= "numThreadsSpecified" value="4" />
  <attribute name="heapSize specified" value="8388608" />
  <attribute name="Current GC Util" value="29" />
  <attribute name= "Current Time Running" value="827" />
  <attribute name ="GC Interval" value="200" />
  <attribute name="ProportionalT" value="4.500000" />
  <attribute name="ProportionalI" value="4.500000" />
  <attribute name="ProportionalH" value="4.500000" />
  <attribute name="Current Error" value="9.000000" />
  <attribute name="IntegralT" value="36.000000" />
  <attribute name="IntegralI" value="36.000000" />
  <attribute name="IntegralH" value="36.000000" />
  <attribute name="DerivativeT" value="3.375000" />
  <attribute name="DerivativeI" value="3.375000" />
  <attribute name="DerivativeH" value="3.375000" />
  <attribute name="Loop Time for DT" value="4.000000" />
  <attribute name="Output H" value="8388608"/>
  <attribute name="Output I" value="200"/>
  <attribute name="Output T" value="4"/>
  <attribute name="Target GC Util Change" value ="20.000000" />
  <attribute name="Current GC Util Change" value="29.000000"/>
  <attribute name="GC Util currently" value="29" />
  <attribute name="CPU Util currently" value="1294084077927" />
<sys-end id="99" timestamp="2019-06-15T03:44:05.114" />
<exclusive-end id="100" timestamp="2019-06-15T03:44:05.114" durationms="6.820" />

<exclusive-start id="101" timestamp="2019-06-15T03:44:05.163" intervalms="55.852">
  <response-info timems="0.062" idlems="0.062" threads="0" lastid="0000000002352700" lastname="main" />
</exclusive-start>
<af-start id="102" threadId="0000000002353088" totalBytesRequested="224" timestamp="2019-06-15T03:44:05.163" intervalms="139.757" type="nursery" />
<cycle-start id="103" type="scavenge" contextid="0" timestamp="2019-06-15T03:44:05.163" intervalms="139.801" />
<gc-start id="104" type="scavenge" contextid="103" timestamp="2019-06-15T03:44:05.163">
  <mem-info id="105" free="5502336" total="8388608" percent="65">
    <mem type="nursery" free="0" total="2097152" percent="0">
      <mem type="allocate" free="0" total="1310720" percent="0" />
      <mem type="survivor" free="0" total="786432" percent="0" />
    </mem>
    <mem type="tenure" free="5502336" total="6291456" percent="87">
      <mem type="soa" free="5187968" total="5977088" percent="86" />
      <mem type="loa" free="314368" total="314368" percent="100" />
    </mem>
    <remembered-set count="569" />
  </mem-info>
</gc-start>
<allocation-stats totalBytes="1113472" >
  <allocated-bytes non-tlh="62720" tlh="1050752" />
  <largest-consumer threadName="main" threadId="0000000002352700" bytes="1109376" />
</allocation-stats>
<gc-op id="106" type="scavenge" timems="0.476" contextid="103" timestamp="2019-06-15T03:44:05.164">
  <scavenger-info tenureage="3" tenuremask="fff8" tiltratio="62" />
  <memory-copied type="nursery" objects="2271" bytes="290088" bytesdiscarded="70864" />
  <memory-copied type="tenure" objects="231" bytes="57800" bytesdiscarded="0" />
  <finalization candidates="2" enqueued="0" />
  <references type="soft" candidates="3" cleared="0" enqueued="0" dynamicThreshold="28" maxThreshold="32" />
  <references type="weak" candidates="32" cleared="31" enqueued="31" />
  <references type="phantom" candidates="6" cleared="0" enqueued="0" />
</gc-op>
<gc-end id="107" type="scavenge" contextid="103" durationms="0.763" usertimems="0.000" systemtimems="0.000" timestamp="2019-06-15T03:44:05.164" activeThreads="4">
  <mem-info id="108" free="6422832" total="8388608" percent="76">
    <mem type="nursery" free="1015232" total="2097152" percent="48">
      <mem type="allocate" free="1015232" total="1376256" percent="73" />
      <mem type="survivor" free="0" total="720896" percent="0" />
    </mem>
    <mem type="tenure" free="5407600" total="6291456" percent="85">
      <mem type="soa" free="5093232" total="5977088" percent="85" />
      <mem type="loa" free="314368" total="314368" percent="100" />
    </mem>
    <pending-finalizers system="0" default="0" reference="31" classloader="0" />
    <remembered-set count="549" />
  </mem-info>
</gc-end>
<cycle-end id="109" type="scavenge" contextid="103" timestamp="2019-06-15T03:44:05.164" />
  <attribute name="elasticGC enabled" value="1" />
  <attribute name= "numThreadsSpecified" value="4" />
  <attribute name="heapSize specified" value="8388608" />
  <attribute name="Current GC Util" value="9" />
  <attribute name= "Current Time Running" value="877" />
  <attribute name ="GC Interval" value="200" />
  <attribute name="ProportionalT" value="-5.500000" />
  <attribute name="ProportionalI" value="-5.500000" />
  <attribute name="ProportionalH" value="-5.500000" />
  <attribute name="Current Error" value="-11.000000" />
  <attribute name="IntegralT" value="-550.000000" />
  <attribute name="IntegralI" value="-550.000000" />
  <attribute name="IntegralH" value="-550.000000" />
  <attribute name="DerivativeT" value="-0.600000" />
  <attribute name="DerivativeI" value="-0.600000" />
  <attribute name="DerivativeH" value="-0.600000" />
  <attribute name="Loop Time for DT" value="50.000000" />
  <attribute name="Output H" value="2092630016"/>
  <attribute name="Output I" value="200"/>
  <attribute name="Output T" value="4"/>
  <attribute name="Target GC Util Change" value ="20.000000" />
  <attribute name="Current GC Util Change" value="9.000000"/>
  <attribute name="GC Util currently" value="9" />
  <attribute name="CPU Util currently" value="10" />
<allocation-satisfied id="110" threadId="0000000002352700" bytesRequested="224" />
<af-end id="111" timestamp="2019-06-15T03:44:05.164" threadId="0000000002353088" success="true" from="nursery"/>
<exclusive-end id="112" timestamp="2019-06-15T03:44:05.164" durationms="1.365" />

<exclusive-start id="113" timestamp="2019-06-15T03:44:05.222" intervalms="58.995">
  <response-info timems="0.027" idlems="0.027" threads="0" lastid="0000000002352700" lastname="main" />
</exclusive-start>
<af-start id="114" threadId="0000000002353088" totalBytesRequested="1264" timestamp="2019-06-15T03:44:05.222" intervalms="58.949" type="nursery" />
<cycle-start id="115" type="scavenge" contextid="0" timestamp="2019-06-15T03:44:05.222" intervalms="58.906" />
<gc-start id="116" type="scavenge" contextid="115" timestamp="2019-06-15T03:44:05.222">
  <mem-info id="117" free="5373560" total="8388608" percent="64">
    <mem type="nursery" free="0" total="2097152" percent="0">
      <mem type="allocate" free="0" total="1376256" percent="0" />
      <mem type="survivor" free="0" total="720896" percent="0" />
    </mem>
    <mem type="tenure" free="5373560" total="6291456" percent="85">
      <mem type="soa" free="5059192" total="5977088" percent="84" />
      <mem type="loa" free="314368" total="314368" percent="100" />
    </mem>
    <remembered-set count="961" />
  </mem-info>
</gc-start>
<allocation-stats totalBytes="1034368" >
  <allocated-bytes non-tlh="34264" tlh="1000104" />
  <largest-consumer threadName="main" threadId="0000000002352700" bytes="1034368" />
</allocation-stats>
<gc-op id="118" type="scavenge" timems="0.399" contextid="115" timestamp="2019-06-15T03:44:05.223">
  <scavenger-info tenureage="3" tenuremask="ffc8" tiltratio="65" />
  <memory-copied type="nursery" objects="2456" bytes="353440" bytesdiscarded="28528" />
  <references type="soft" candidates="3" cleared="0" enqueued="0" dynamicThreshold="28" maxThreshold="32" />
  <references type="weak" candidates="4" cleared="2" enqueued="2" />
  <references type="phantom" candidates="8" cleared="0" enqueued="0" />
</gc-op>
<gc-end id="119" type="scavenge" contextid="115" durationms="0.571" usertimems="0.000" systemtimems="0.000" timestamp="2019-06-15T03:44:05.223" activeThreads="4">
  <mem-info id="120" free="6564360" total="8388608" percent="78">
    <mem type="nursery" free="1190800" total="2097152" percent="56">
      <mem type="allocate" free="1190800" total="1572864" percent="75" />
      <mem type="survivor" free="0" total="524288" percent="0" />
    </mem>
    <mem type="tenure" free="5373560" total="6291456" percent="85">
      <mem type="soa" free="5059192" total="5977088" percent="84" />
      <mem type="loa" free="314368" total="314368" percent="100" />
    </mem>
    <pending-finalizers system="0" default="0" reference="2" classloader="0" />
    <remembered-set count="959" />
  </mem-info>
</gc-end>
<cycle-end id="121" type="scavenge" contextid="115" timestamp="2019-06-15T03:44:05.223" />
  <attribute name="elasticGC enabled" value="1" />
  <attribute name= "numThreadsSpecified" value="4" />
  <attribute name="heapSize specified" value="8388608" />
  <attribute name="Current GC Util" value="1" />
  <attribute name= "Current Time Running" value="936" />
  <attribute name ="GC Interval" value="200" />
  <attribute name="ProportionalT" value="-9.500000" />
  <attribute name="ProportionalI" value="-9.500000" />
  <attribute name="ProportionalH" value="-9.500000" />
  <attribute name="Current Error" value="-19.000000" />
  <attribute name="IntegralT" value="-1121.000000" />
  <attribute name="IntegralI" value="-1121.000000" />
  <attribute name="IntegralH" value="-1121.000000" />
  <attribute name="DerivativeT" value="-0.483051" />
  <attribute name="DerivativeI" value="-0.483051" />
  <attribute name="DerivativeH" value="-0.483051" />
  <attribute name="Loop Time for DT" value="59.000000" />
  <attribute name="Output H" value="2092630016"/>
  <attribute name="Output I" value="200"/>
  <attribute name="Output T" value="4"/>
  <attribute name="Target GC Util Change" value ="20.000000" />
  <attribute name="Current GC Util Change" value="1.000000"/>
  <attribute name="GC Util currently" value="1" />
  <attribute name="CPU Util currently" value="0" />
<allocation-satisfied id="122" threadId="0000000002352700" bytesRequested="1264" />
<af-end id="123" timestamp="2019-06-15T03:44:05.223" threadId="0000000002353088" success="true" from="nursery"/>
<exclusive-end id="124" timestamp="2019-06-15T03:44:05.223" durationms="0.998" />

<exclusive-start id="125" timestamp="2019-06-15T03:44:05.582" intervalms="359.727">
  <response-info timems="0.053" idlems="0.053" threads="0" lastid="0000000002352700" lastname="main" />
</exclusive-start>
<af-start id="126" threadId="0000000002353088" totalBytesRequested="9856" timestamp="2019-06-15T03:44:05.582" intervalms="359.782" type="nursery" />
<cycle-start id="127" type="scavenge" contextid="0" timestamp="2019-06-15T03:44:05.582" intervalms="359.889" />
<gc-start id="128" type="scavenge" contextid="127" timestamp="2019-06-15T03:44:05.582">
  <mem-info id="129" free="5353696" total="8388608" percent="63">
    <mem type="nursery" free="0" total="2097152" percent="0">
      <mem type="allocate" free="0" total="1572864" percent="0" />
      <mem type="survivor" free="0" total="524288" percent="0" />
    </mem>
    <mem type="tenure" free="5353696" total="6291456" percent="85">
      <mem type="soa" free="5039328" total="5977088" percent="84" />
      <mem type="loa" free="314368" total="314368" percent="100" />
    </mem>
    <remembered-set count="1233" />
  </mem-info>
</gc-start>
<allocation-stats totalBytes="1201792" >
  <allocated-bytes non-tlh="21128" tlh="1180664" />
  <largest-consumer threadName="main" threadId="0000000002352700" bytes="1201792" />
</allocation-stats>
<gc-op id="130" type="scavenge" timems="1.145" contextid="127" timestamp="2019-06-15T03:44:05.583">
  <scavenger-info tenureage="3" tenuremask="fff8" tiltratio="75" />
  <memory-copied type="nursery" objects="7548" bytes="524152" bytesdiscarded="40" />
  <memory-copied type="tenure" objects="6071" bytes="135136" bytesdiscarded="16" />
  <copy-failed type="nursery" objects="6071" bytes="135136" />
  <references type="soft" candidates="3" cleared="0" enqueued="0" dynamicThreshold="28" maxThreshold="32" />
  <references type="weak" candidates="8" cleared="7" enqueued="7" />
  <references type="phantom" candidates="8" cleared="2" enqueued="2" />
</gc-op>
<gc-end id="131" type="scavenge" contextid="127" durationms="1.526" usertimems="0.000" systemtimems="0.000" timestamp="2019-06-15T03:44:05.584" activeThreads="4">
  <mem-info id="132" free="5506272" total="8388608" percent="65">
    <mem type="nursery" free="524288" total="2097152" percent="25">
      <mem type="allocate" free="524288" total="1048576" percent="50" />
      <mem type="survivor" free="0" total="1048576" percent="0" />
    </mem>
    <mem type="tenure" free="4981984" total="6291456" percent="79">
      <mem type="soa" free="4667616" total="5977088" percent="78" />
      <mem type="loa" free="314368" total="314368" percent="100" />
    </mem>
    <pending-finalizers system="0" default="0" reference="9" classloader="0" />
    <remembered-set count="6953" />
  </mem-info>
</gc-end>
<cycle-end id="133" type="scavenge" contextid="127" timestamp="2019-06-15T03:44:05.584" />
  <attribute name="elasticGC enabled" value="1" />
  <attribute name= "numThreadsSpecified" value="4" />
  <attribute name="heapSize specified" value="8388608" />
  <attribute name="Current GC Util" value="0" />
  <attribute name= "Current Time Running" value="1296" />
  <attribute name ="GC Interval" value="200" />
  <attribute name="ProportionalT" value="-10.000000" />
  <attribute name="ProportionalI" value="-10.000000" />
  <attribute name="ProportionalH" value="-10.000000" />
  <attribute name="Current Error" value="-20.000000" />
  <attribute name="IntegralT" value="-7200.000000" />
  <attribute name="IntegralI" value="-7200.000000" />
  <attribute name="IntegralH" value="-7200.000000" />
  <attribute name="DerivativeT" value="-0.083333" />
  <attribute name="DerivativeI" value="-0.083333" />
  <attribute name="DerivativeH" value="-0.083333" />
  <attribute name="Loop Time for DT" value="360.000000" />
  <attribute name="Output H" value="2092630016"/>
  <attribute name="Output I" value="200"/>
  <attribute name="Output T" value="4"/>
  <attribute name="Target GC Util Change" value ="20.000000" />
  <attribute name="Current GC Util Change" value="0.000000"/>
  <attribute name="GC Util currently" value="0" />
  <attribute name="CPU Util currently" value="3" />
<allocation-satisfied id="134" threadId="0000000002352700" bytesRequested="9856" />
<af-end id="135" timestamp="2019-06-15T03:44:05.584" threadId="0000000002353088" success="true" from="nursery"/>
<exclusive-end id="136" timestamp="2019-06-15T03:44:05.584" durationms="2.443" />

<exclusive-start id="137" timestamp="2019-06-15T03:44:05.598" intervalms="16.769">
  <response-info timems="0.032" idlems="0.032" threads="0" lastid="0000000002352700" lastname="main" />
</exclusive-start>
<af-start id="138" threadId="0000000002353088" totalBytesRequested="14272" timestamp="2019-06-15T03:44:05.599" intervalms="16.777" type="nursery" />
<cycle-start id="139" type="scavenge" contextid="0" timestamp="2019-06-15T03:44:05.599" intervalms="16.747" />
<gc-start id="140" type="scavenge" contextid="139" timestamp="2019-06-15T03:44:05.599">
  <mem-info id="141" free="4964504" total="8388608" percent="59">
    <mem type="nursery" free="0" total="2097152" percent="0">
      <mem type="allocate" free="0" total="1048576" percent="0" />
      <mem type="survivor" free="0" total="1048576" percent="0" />
    </mem>
    <mem type="tenure" free="4964504" total="6291456" percent="78">
      <mem type="soa" free="4650136" total="5977088" percent="77" />
      <mem type="loa" free="314368" total="314368" percent="100" />
    </mem>
    <remembered-set count="7313" />
  </mem-info>
</gc-start>
<allocation-stats totalBytes="535992" >
  <allocated-bytes non-tlh="74664" tlh="461328" />
  <largest-consumer threadName="main" threadId="0000000002352700" bytes="535992" />
</allocation-stats>
<gc-op id="142" type="scavenge" timems="0.831" contextid="139" timestamp="2019-06-15T03:44:05.600">
  <scavenger-info tenureage="3" tenuremask="fff8" tiltratio="50" />
  <memory-copied type="nursery" objects="6394" bytes="357456" bytesdiscarded="66528" />
  <memory-copied type="tenure" objects="2121" bytes="285016" bytesdiscarded="16" />
</gc-op>
<gc-end id="143" type="scavenge" contextid="139" durationms="1.151" usertimems="0.000" systemtimems="0.000" timestamp="2019-06-15T03:44:05.600" activeThreads="4">
  <mem-info id="144" free="5366040" total="8388608" percent="63">
    <mem type="nursery" free="690088" total="2097152" percent="32">
      <mem type="allocate" free="690088" total="1114112" percent="61" />
      <mem type="survivor" free="0" total="983040" percent="0" />
    </mem>
    <mem type="tenure" free="4675952" total="6291456" percent="74">
      <mem type="soa" free="4361584" total="5977088" percent="72" />
      <mem type="loa" free="314368" total="314368" percent="100" />
    </mem>
    <remembered-set count="6872" />
  </mem-info>
</gc-end>
<cycle-end id="145" type="scavenge" contextid="139" timestamp="2019-06-15T03:44:05.600" />
  <attribute name="elasticGC enabled" value="1" />
  <attribute name= "numThreadsSpecified" value="4" />
  <attribute name="heapSize specified" value="8388608" />
  <attribute name="Current GC Util" value="14" />
  <attribute name= "Current Time Running" value="1312" />
  <attribute name ="GC Interval" value="200" />
  <attribute name="ProportionalT" value="-3.000000" />
  <attribute name="ProportionalI" value="-3.000000" />
  <attribute name="ProportionalH" value="-3.000000" />
  <attribute name="Current Error" value="-6.000000" />
  <attribute name="IntegralT" value="-96.000000" />
  <attribute name="IntegralI" value="-96.000000" />
  <attribute name="IntegralH" value="-96.000000" />
  <attribute name="DerivativeT" value="-0.562500" />
  <attribute name="DerivativeI" value="-0.562500" />
  <attribute name="DerivativeH" value="-0.562500" />
  <attribute name="Loop Time for DT" value="16.000000" />
  <attribute name="Output H" value="2092630016"/>
  <attribute name="Output I" value="200"/>
  <attribute name="Output T" value="4"/>
  <attribute name="Target GC Util Change" value ="20.000000" />
  <attribute name="Current GC Util Change" value="14.000000"/>
  <attribute name="GC Util currently" value="14" />
  <attribute name="CPU Util currently" value="275342620581" />
<allocation-satisfied id="146" threadId="0000000002352700" bytesRequested="14272" />
<af-end id="147" timestamp="2019-06-15T03:44:05.600" threadId="0000000002353088" success="true" from="nursery"/>
<exclusive-end id="148" timestamp="2019-06-15T03:44:05.600" durationms="1.958" />

<exclusive-start id="149" timestamp="2019-06-15T03:44:05.704" intervalms="106.059">
  <response-info timems="0.038" idlems="0.038" threads="0" lastid="0000000002352700" lastname="main" />
</exclusive-start>
<af-start id="150" threadId="0000000002353088" totalBytesRequested="2504" timestamp="2019-06-15T03:44:05.705" intervalms="106.002" type="nursery" />
<cycle-start id="151" type="scavenge" contextid="0" timestamp="2019-06-15T03:44:05.705" intervalms="105.930" />
<gc-start id="152" type="scavenge" contextid="151" timestamp="2019-06-15T03:44:05.705">
  <mem-info id="153" free="4659880" total="8388608" percent="55">
    <mem type="nursery" free="0" total="2097152" percent="0">
      <mem type="allocate" free="0" total="1114112" percent="0" />
      <mem type="survivor" free="0" total="983040" percent="0" />
    </mem>
    <mem type="tenure" free="4659880" total="6291456" percent="74">
      <mem type="soa" free="4345512" total="5977088" percent="72" />
      <mem type="loa" free="314368" total="314368" percent="100" />
    </mem>
    <remembered-set count="7068" />
  </mem-info>
</gc-start>
<allocation-stats totalBytes="700320" >
  <allocated-bytes non-tlh="30344" tlh="669976" />
  <largest-consumer threadName="main" threadId="0000000002352700" bytes="700320" />
</allocation-stats>
<gc-op id="154" type="scavenge" timems="0.645" contextid="151" timestamp="2019-06-15T03:44:05.705">
  <scavenger-info tenureage="3" tenuremask="fff8" tiltratio="53" />
  <memory-copied type="nursery" objects="6722" bytes="278888" bytesdiscarded="91312" />
  <memory-copied type="tenure" objects="165" bytes="51336" bytesdiscarded="0" />
  <references type="weak" candidates="2" cleared="2" enqueued="2" />
</gc-op>
<gc-end id="155" type="scavenge" contextid="151" durationms="0.834" usertimems="0.000" systemtimems="0.000" timestamp="2019-06-15T03:44:05.706" activeThreads="4">
  <mem-info id="156" free="5469280" total="8388608" percent="65">
    <mem type="nursery" free="809400" total="2097152" percent="38">
      <mem type="allocate" free="809400" total="1179648" percent="68" />
      <mem type="survivor" free="0" total="917504" percent="0" />
    </mem>
    <mem type="tenure" free="4659880" total="6291456" percent="74">
      <mem type="soa" free="4345512" total="5977088" percent="72" />
      <mem type="loa" free="314368" total="314368" percent="100" />
    </mem>
    <pending-finalizers system="0" default="0" reference="2" classloader="0" />
    <remembered-set count="6809" />
  </mem-info>
</gc-end>
<cycle-end id="157" type="scavenge" contextid="151" timestamp="2019-06-15T03:44:05.706" />
  <attribute name="elasticGC enabled" value="1" />
  <attribute name= "numThreadsSpecified" value="4" />
  <attribute name="heapSize specified" value="8388608" />
  <attribute name="Current GC Util" value="1" />
  <attribute name= "Current Time Running" value="1418" />
  <attribute name ="GC Interval" value="200" />
  <attribute name="ProportionalT" value="-9.500000" />
  <attribute name="ProportionalI" value="-9.500000" />
  <attribute name="ProportionalH" value="-9.500000" />
  <attribute name="Current Error" value="-19.000000" />
  <attribute name="IntegralT" value="-2014.000000" />
  <attribute name="IntegralI" value="-2014.000000" />
  <attribute name="IntegralH" value="-2014.000000" />
  <attribute name="DerivativeT" value="-0.268868" />
  <attribute name="DerivativeI" value="-0.268868" />
  <attribute name="DerivativeH" value="-0.268868" />
  <attribute name="Loop Time for DT" value="106.000000" />
  <attribute name="Output H" value="2092630016"/>
  <attribute name="Output I" value="200"/>
  <attribute name="Output T" value="4"/>
  <attribute name="Target GC Util Change" value ="20.000000" />
  <attribute name="Current GC Util Change" value="1.000000"/>
  <attribute name="GC Util currently" value="1" />
  <attribute name="CPU Util currently" value="5" />
<allocation-satisfied id="158" threadId="0000000002352700" bytesRequested="2504" />
<af-end id="159" timestamp="2019-06-15T03:44:05.706" threadId="0000000002353088" success="true" from="nursery"/>
<exclusive-end id="160" timestamp="2019-06-15T03:44:05.706" durationms="1.268" />

<exclusive-start id="161" timestamp="2019-06-15T03:44:05.727" intervalms="22.030">
  <response-info timems="0.028" idlems="0.028" threads="0" lastid="0000000002352700" lastname="main" />
</exclusive-start>
<af-start id="162" threadId="0000000002353088" totalBytesRequested="1040" timestamp="2019-06-15T03:44:05.727" intervalms="22.017" type="nursery" />
<cycle-start id="163" type="scavenge" contextid="0" timestamp="2019-06-15T03:44:05.727" intervalms="22.013" />
<gc-start id="164" type="scavenge" contextid="163" timestamp="2019-06-15T03:44:05.727">
  <mem-info id="165" free="4642128" total="8388608" percent="55">
    <mem type="nursery" free="0" total="2097152" percent="0">
      <mem type="allocate" free="0" total="1179648" percent="0" />
      <mem type="survivor" free="0" total="917504" percent="0" />
    </mem>
    <mem type="tenure" free="4642128" total="6291456" percent="73">
      <mem type="soa" free="4327760" total="5977088" percent="72" />
      <mem type="loa" free="314368" total="314368" percent="100" />
    </mem>
    <remembered-set count="7031" />
  </mem-info>
</gc-start>
<allocation-stats totalBytes="824680" >
  <allocated-bytes non-tlh="20256" tlh="804424" />
  <largest-consumer threadName="main" threadId="0000000002352700" bytes="824680" />
</allocation-stats>
<gc-op id="166" type="scavenge" timems="0.695" contextid="163" timestamp="2019-06-15T03:44:05.728">
  <scavenger-info tenureage="3" tenuremask="fff8" tiltratio="56" />
  <memory-copied type="nursery" objects="3248" bytes="165928" bytesdiscarded="124920" />
  <memory-copied type="tenure" objects="5182" bytes="180944" bytesdiscarded="0" />
</gc-op>
<gc-end id="167" type="scavenge" contextid="163" durationms="0.882" usertimems="4.000" systemtimems="0.000" timestamp="2019-06-15T03:44:05.728" activeThreads="4">
  <mem-info id="168" free="5522192" total="8388608" percent="65">
    <mem type="nursery" free="1019840" total="2097152" percent="48">
      <mem type="allocate" free="1019840" total="1310720" percent="77" />
      <mem type="survivor" free="0" total="786432" percent="0" />
    </mem>
    <mem type="tenure" free="4502352" total="6291456" percent="71">
      <mem type="soa" free="4187984" total="5977088" percent="70" />
      <mem type="loa" free="314368" total="314368" percent="100" />
    </mem>
    <remembered-set count="504" />
  </mem-info>
</gc-end>
<cycle-end id="169" type="scavenge" contextid="163" timestamp="2019-06-15T03:44:05.728" />
  <attribute name="elasticGC enabled" value="1" />
  <attribute name= "numThreadsSpecified" value="4" />
  <attribute name="heapSize specified" value="8388608" />
  <attribute name="Current GC Util" value="6" />
  <attribute name= "Current Time Running" value="1440" />
  <attribute name ="GC Interval" value="200" />
  <attribute name="ProportionalT" value="-7.000000" />
  <attribute name="ProportionalI" value="-7.000000" />
  <attribute name="ProportionalH" value="-7.000000" />
  <attribute name="Current Error" value="-14.000000" />
  <attribute name="IntegralT" value="-308.000000" />
  <attribute name="IntegralI" value="-308.000000" />
  <attribute name="IntegralH" value="-308.000000" />
  <attribute name="DerivativeT" value="-0.954545" />
  <attribute name="DerivativeI" value="-0.954545" />
  <attribute name="DerivativeH" value="-0.954545" />
  <attribute name="Loop Time for DT" value="22.000000" />
  <attribute name="Output H" value="2092630016"/>
  <attribute name="Output I" value="200"/>
  <attribute name="Output T" value="4"/>
  <attribute name="Target GC Util Change" value ="20.000000" />
  <attribute name="Current GC Util Change" value="6.000000"/>
  <attribute name="GC Util currently" value="6" />
  <attribute name="CPU Util currently" value="4" />
<allocation-satisfied id="170" threadId="0000000002352700" bytesRequested="1040" />
<af-end id="171" timestamp="2019-06-15T03:44:05.728" threadId="0000000002353088" success="true" from="nursery"/>
<exclusive-end id="172" timestamp="2019-06-15T03:44:05.728" durationms="1.294" />

<exclusive-start id="173" timestamp="2019-06-15T03:44:06.004" intervalms="277.531">
  <response-info timems="0.028" idlems="0.028" threads="0" lastid="000000000260C100" lastname="node-2" />
</exclusive-start>
<af-start id="174" threadId="000000000260CA88" totalBytesRequested="24" timestamp="2019-06-15T03:44:06.004" intervalms="277.625" type="nursery" />
<cycle-start id="175" type="scavenge" contextid="0" timestamp="2019-06-15T03:44:06.004" intervalms="277.709" />
<gc-start id="176" type="scavenge" contextid="175" timestamp="2019-06-15T03:44:06.005">
  <mem-info id="177" free="4497568" total="8388608" percent="53">
    <mem type="nursery" free="0" total="2097152" percent="0">
      <mem type="allocate" free="0" total="1310720" percent="0" />
      <mem type="survivor" free="0" total="786432" percent="0" />
    </mem>
    <mem type="tenure" free="4497568" total="6291456" percent="71">
      <mem type="soa" free="4183200" total="5977088" percent="69" />
      <mem type="loa" free="314368" total="314368" percent="100" />
    </mem>
    <remembered-set count="578" />
  </mem-info>
</gc-start>
<allocation-stats totalBytes="1020152" >
  <allocated-bytes non-tlh="5824" tlh="1014328" />
  <largest-consumer threadName="main" threadId="0000000002352700" bytes="513696" />
</allocation-stats>
<gc-op id="178" type="scavenge" timems="1.049" contextid="175" timestamp="2019-06-15T03:44:06.006">
  <scavenger-info tenureage="4" tenuremask="fff0" tiltratio="62" />
  <memory-copied type="nursery" objects="12126" bytes="516704" bytesdiscarded="109712" />
  <references type="weak" candidates="2" cleared="2" enqueued="2" />
</gc-op>
<gc-end id="179" type="scavenge" contextid="175" durationms="1.480" usertimems="0.000" systemtimems="0.000" timestamp="2019-06-15T03:44:06.006" activeThreads="4">
  <mem-info id="180" free="5050736" total="8388608" percent="60">
    <mem type="nursery" free="553168" total="2097152" percent="26">
      <mem type="allocate" free="553168" total="1179648" percent="46" />
      <mem type="survivor" free="0" total="917504" percent="0" />
    </mem>
    <mem type="tenure" free="4497568" total="6291456" percent="71">
      <mem type="soa" free="4183200" total="5977088" percent="69" />
      <mem type="loa" free="314368" total="314368" percent="100" />
    </mem>
    <pending-finalizers system="0" default="0" reference="2" classloader="0" />
    <remembered-set count="406" />
  </mem-info>
</gc-end>
<cycle-end id="181" type="scavenge" contextid="175" timestamp="2019-06-15T03:44:06.006" />
  <attribute name="elasticGC enabled" value="1" />
  <attribute name= "numThreadsSpecified" value="4" />
  <attribute name="heapSize specified" value="8388608" />
  <attribute name="Current GC Util" value="0" />
  <attribute name= "Current Time Running" value="1718" />
  <attribute name ="GC Interval" value="200" />
  <attribute name="ProportionalT" value="-10.000000" />
  <attribute name="ProportionalI" value="-10.000000" />
  <attribute name="ProportionalH" value="-10.000000" />
  <attribute name="Current Error" value="-20.000000" />
  <attribute name="IntegralT" value="-5560.000000" />
  <attribute name="IntegralI" value="-5560.000000" />
  <attribute name="IntegralH" value="-5560.000000" />
  <attribute name="DerivativeT" value="-0.107914" />
  <attribute name="DerivativeI" value="-0.107914" />
  <attribute name="DerivativeH" value="-0.107914" />
  <attribute name="Loop Time for DT" value="278.000000" />
  <attribute name="Output H" value="2092630016"/>
  <attribute name="Output I" value="200"/>
  <attribute name="Output T" value="4"/>
  <attribute name="Target GC Util Change" value ="20.000000" />
  <attribute name="Current GC Util Change" value="0.000000"/>
  <attribute name="GC Util currently" value="0" />
  <attribute name="CPU Util currently" value="27" />
<allocation-satisfied id="182" threadId="000000000260C100" bytesRequested="24" />
<af-end id="183" timestamp="2019-06-15T03:44:06.006" threadId="000000000260CA88" success="true" from="nursery"/>
<exclusive-end id="184" timestamp="2019-06-15T03:44:06.006" durationms="2.253" />

<exclusive-start id="185" timestamp="2019-06-15T03:44:06.164" intervalms="160.212">
  <response-info timems="0.060" idlems="0.060" threads="0" lastid="000000000260C100" lastname="node-2" />
</exclusive-start>
<af-start id="186" threadId="000000000260CA88" totalBytesRequested="32" timestamp="2019-06-15T03:44:06.164" intervalms="160.127" type="nursery" />
<cycle-start id="187" type="scavenge" contextid="0" timestamp="2019-06-15T03:44:06.164" intervalms="160.093" />
<gc-start id="188" type="scavenge" contextid="187" timestamp="2019-06-15T03:44:06.165">
  <mem-info id="189" free="4497568" total="8388608" percent="53">
    <mem type="nursery" free="0" total="2097152" percent="0">
      <mem type="allocate" free="0" total="1179648" percent="0" />
      <mem type="survivor" free="0" total="917504" percent="0" />
    </mem>
    <mem type="tenure" free="4497568" total="6291456" percent="71">
      <mem type="soa" free="4183200" total="5977088" percent="69" />
      <mem type="loa" free="314368" total="314368" percent="100" />
    </mem>
    <remembered-set count="406" />
  </mem-info>
</gc-start>
<allocation-stats totalBytes="552992" >
  <allocated-bytes non-tlh="24" tlh="552968" />
  <largest-consumer threadName="node-0" threadId="0000000002608500" bytes="200856" />
</allocation-stats>
<gc-op id="190" type="scavenge" timems="1.323" contextid="187" timestamp="2019-06-15T03:44:06.166">
  <scavenger-info tenureage="3" tenuremask="fff8" tiltratio="56" />
  <memory-copied type="nursery" objects="15872" bytes="546408" bytesdiscarded="47480" />
  <memory-copied type="tenure" objects="1473" bytes="95528" bytesdiscarded="112" />
</gc-op>
<gc-end id="191" type="scavenge" contextid="187" durationms="1.665" usertimems="0.000" systemtimems="0.000" timestamp="2019-06-15T03:44:06.166" activeThreads="4">
  <mem-info id="192" free="5203816" total="8388608" percent="62">
    <mem type="nursery" free="782320" total="2097152" percent="37">
      <mem type="allocate" free="782320" total="1376256" percent="56" />
      <mem type="survivor" free="0" total="720896" percent="0" />
    </mem>
    <mem type="tenure" free="4421496" total="6291456" percent="70">
      <mem type="soa" free="4107128" total="5977088" percent="68" />
      <mem type="loa" free="314368" total="314368" percent="100" />
    </mem>
    <remembered-set count="172" />
  </mem-info>
</gc-end>
<cycle-end id="193" type="scavenge" contextid="187" timestamp="2019-06-15T03:44:06.166" />
  <attribute name="elasticGC enabled" value="1" />
  <attribute name= "numThreadsSpecified" value="4" />
  <attribute name="heapSize specified" value="8388608" />
  <attribute name="Current GC Util" value="1" />
  <attribute name= "Current Time Running" value="1878" />
  <attribute name ="GC Interval" value="200" />
  <attribute name="ProportionalT" value="-9.500000" />
  <attribute name="ProportionalI" value="-9.500000" />
  <attribute name="ProportionalH" value="-9.500000" />
  <attribute name="Current Error" value="-19.000000" />
  <attribute name="IntegralT" value="-3040.000000" />
  <attribute name="IntegralI" value="-3040.000000" />
  <attribute name="IntegralH" value="-3040.000000" />
  <attribute name="DerivativeT" value="-0.178125" />
  <attribute name="DerivativeI" value="-0.178125" />
  <attribute name="DerivativeH" value="-0.178125" />
  <attribute name="Loop Time for DT" value="160.000000" />
  <attribute name="Output H" value="2092630016"/>
  <attribute name="Output I" value="200"/>
  <attribute name="Output T" value="4"/>
  <attribute name="Target GC Util Change" value ="20.000000" />
  <attribute name="Current GC Util Change" value="1.000000"/>
  <attribute name="GC Util currently" value="1" />
  <attribute name="CPU Util currently" value="6" />
<allocation-satisfied id="194" threadId="000000000260C100" bytesRequested="32" />
<af-end id="195" timestamp="2019-06-15T03:44:06.166" threadId="000000000260CA88" success="true" from="nursery"/>
<exclusive-end id="196" timestamp="2019-06-15T03:44:06.167" durationms="2.270" />

<exclusive-start id="197" timestamp="2019-06-15T03:44:06.448" intervalms="283.590">
  <response-info timems="0.026" idlems="0.026" threads="0" lastid="000000000260C100" lastname="node-2" />
</exclusive-start>
<af-start id="198" threadId="000000000260CA88" totalBytesRequested="32" timestamp="2019-06-15T03:44:06.448" intervalms="283.608" type="nursery" />
<cycle-start id="199" type="scavenge" contextid="0" timestamp="2019-06-15T03:44:06.448" intervalms="283.566" />
<gc-start id="200" type="scavenge" contextid="199" timestamp="2019-06-15T03:44:06.448">
  <mem-info id="201" free="4421496" total="8388608" percent="52">
    <mem type="nursery" free="0" total="2097152" percent="0">
      <mem type="allocate" free="0" total="1376256" percent="0" />
      <mem type="survivor" free="0" total="720896" percent="0" />
    </mem>
    <mem type="tenure" free="4421496" total="6291456" percent="70">
      <mem type="soa" free="4107128" total="5977088" percent="68" />
      <mem type="loa" free="314368" total="314368" percent="100" />
    </mem>
    <remembered-set count="172" />
  </mem-info>
</gc-start>
<allocation-stats totalBytes="782088" >
  <allocated-bytes non-tlh="32" tlh="782056" />
  <largest-consumer threadName="node-0" threadId="0000000002608500" bytes="266104" />
</allocation-stats>
<gc-op id="202" type="scavenge" timems="1.407" contextid="199" timestamp="2019-06-15T03:44:06.450">
  <scavenger-info tenureage="2" tenuremask="fffc" tiltratio="65" />
  <memory-copied type="nursery" objects="13533" bytes="324672" bytesdiscarded="67008" />
  <memory-copied type="tenure" objects="10621" bytes="419656" bytesdiscarded="240" />
</gc-op>
<gc-end id="203" type="scavenge" contextid="199" durationms="1.609" usertimems="0.000" systemtimems="0.000" timestamp="2019-06-15T03:44:06.450" activeThreads="4">
  <mem-info id="204" free="4949736" total="8388608" percent="59">
    <mem type="nursery" free="984576" total="2097152" percent="46">
      <mem type="allocate" free="984576" total="1376256" percent="71" />
      <mem type="survivor" free="0" total="720896" percent="0" />
    </mem>
    <mem type="tenure" free="3965160" total="6291456" percent="63">
      <mem type="soa" free="3650792" total="5977088" percent="61" />
      <mem type="loa" free="314368" total="314368" percent="100" />
    </mem>
    <remembered-set count="101" />
  </mem-info>
</gc-end>
<cycle-end id="205" type="scavenge" contextid="199" timestamp="2019-06-15T03:44:06.450" />
  <attribute name="elasticGC enabled" value="1" />
  <attribute name= "numThreadsSpecified" value="4" />
  <attribute name="heapSize specified" value="8388608" />
  <attribute name="Current GC Util" value="0" />
  <attribute name= "Current Time Running" value="2162" />
  <attribute name ="GC Interval" value="200" />
  <attribute name="ProportionalT" value="-10.000000" />
  <attribute name="ProportionalI" value="-10.000000" />
  <attribute name="ProportionalH" value="-10.000000" />
  <attribute name="Current Error" value="-20.000000" />
  <attribute name="IntegralT" value="-5680.000000" />
  <attribute name="IntegralI" value="-5680.000000" />
  <attribute name="IntegralH" value="-5680.000000" />
  <attribute name="DerivativeT" value="-0.105634" />
  <attribute name="DerivativeI" value="-0.105634" />
  <attribute name="DerivativeH" value="-0.105634" />
  <attribute name="Loop Time for DT" value="284.000000" />
  <attribute name="Output H" value="2092630016"/>
  <attribute name="Output I" value="200"/>
  <attribute name="Output T" value="4"/>
  <attribute name="Target GC Util Change" value ="20.000000" />
  <attribute name="Current GC Util Change" value="0.000000"/>
  <attribute name="GC Util currently" value="0" />
  <attribute name="CPU Util currently" value="11" />
<allocation-satisfied id="206" threadId="000000000260C100" bytesRequested="32" />
<af-end id="207" timestamp="2019-06-15T03:44:06.450" threadId="000000000260CA88" success="true" from="nursery"/>
<exclusive-end id="208" timestamp="2019-06-15T03:44:06.450" durationms="2.080" />

<exclusive-start id="209" timestamp="2019-06-15T03:44:06.757" intervalms="309.410">
  <response-info timems="0.066" idlems="0.066" threads="0" lastid="000000000260C100" lastname="node-2" />
</exclusive-start>
<af-start id="210" threadId="000000000260CA88" totalBytesRequested="32" timestamp="2019-06-15T03:44:06.757" intervalms="309.501" type="nursery" />
<cycle-start id="211" type="scavenge" contextid="0" timestamp="2019-06-15T03:44:06.758" intervalms="309.598" />
<gc-start id="212" type="scavenge" contextid="211" timestamp="2019-06-15T03:44:06.758">
  <mem-info id="213" free="3965160" total="8388608" percent="47">
    <mem type="nursery" free="0" total="2097152" percent="0">
      <mem type="allocate" free="0" total="1376256" percent="0" />
      <mem type="survivor" free="0" total="720896" percent="0" />
    </mem>
    <mem type="tenure" free="3965160" total="6291456" percent="63">
      <mem type="soa" free="3650792" total="5977088" percent="61" />
      <mem type="loa" free="314368" total="314368" percent="100" />
    </mem>
    <remembered-set count="112" />
  </mem-info>
</gc-start>
<allocation-stats totalBytes="984280" >
  <allocated-bytes non-tlh="32" tlh="984248" />
  <largest-consumer threadName="node-1" threadId="000000000260FD00" bytes="343904" />
</allocation-stats>
<gc-op id="214" type="scavenge" timems="1.331" contextid="211" timestamp="2019-06-15T03:44:06.759">
  <scavenger-info tenureage="2" tenuremask="7ffc" tiltratio="65" />
  <memory-copied type="nursery" objects="18265" bytes="438240" bytesdiscarded="31776" />
  <memory-copied type="tenure" objects="5228" bytes="125472" bytesdiscarded="0" />
</gc-op>
<gc-end id="215" type="scavenge" contextid="211" durationms="1.832" usertimems="4.000" systemtimems="0.000" timestamp="2019-06-15T03:44:06.760" activeThreads="4">
  <mem-info id="216" free="4819432" total="8388608" percent="57">
    <mem type="nursery" free="971776" total="2097152" percent="46">
      <mem type="allocate" free="971776" total="1441792" percent="67" />
      <mem type="survivor" free="0" total="655360" percent="0" />
    </mem>
    <mem type="tenure" free="3847656" total="6291456" percent="61">
      <mem type="soa" free="3533288" total="5977088" percent="59" />
      <mem type="loa" free="314368" total="314368" percent="100" />
    </mem>
    <remembered-set count="102" />
  </mem-info>
</gc-end>
<cycle-end id="217" type="scavenge" contextid="211" timestamp="2019-06-15T03:44:06.760" />
  <attribute name="elasticGC enabled" value="1" />
  <attribute name= "numThreadsSpecified" value="4" />
  <attribute name="heapSize specified" value="8388608" />
  <attribute name="Current GC Util" value="0" />
  <attribute name= "Current Time Running" value="2471" />
  <attribute name ="GC Interval" value="200" />
  <attribute name="ProportionalT" value="-10.000000" />
  <attribute name="ProportionalI" value="-10.000000" />
  <attribute name="ProportionalH" value="-10.000000" />
  <attribute name="Current Error" value="-20.000000" />
  <attribute name="IntegralT" value="-6180.000000" />
  <attribute name="IntegralI" value="-6180.000000" />
  <attribute name="IntegralH" value="-6180.000000" />
  <attribute name="DerivativeT" value="-0.097087" />
  <attribute name="DerivativeI" value="-0.097087" />
  <attribute name="DerivativeH" value="-0.097087" />
  <attribute name="Loop Time for DT" value="309.000000" />
  <attribute name="Output H" value="2092630016"/>
  <attribute name="Output I" value="200"/>
  <attribute name="Output T" value="4"/>
  <attribute name="Target GC Util Change" value ="20.000000" />
  <attribute name="Current GC Util Change" value="0.000000"/>
  <attribute name="GC Util currently" value="0" />
  <attribute name="CPU Util currently" value="14" />
<allocation-satisfied id="218" threadId="000000000260C100" bytesRequested="32" />
<af-end id="219" timestamp="2019-06-15T03:44:06.760" threadId="000000000260CA88" success="true" from="nursery"/>
<exclusive-end id="220" timestamp="2019-06-15T03:44:06.760" durationms="2.976" />

<exclusive-start id="221" timestamp="2019-06-15T03:44:07.094" intervalms="337.085">
  <response-info timems="0.026" idlems="0.026" threads="0" lastid="000000000260FD00" lastname="node-1" />
</exclusive-start>
<af-start id="222" threadId="0000000002610688" totalBytesRequested="32" timestamp="2019-06-15T03:44:07.094" intervalms="336.982" type="nursery" />
<cycle-start id="223" type="scavenge" contextid="0" timestamp="2019-06-15T03:44:07.095" intervalms="336.882" />
<gc-start id="224" type="scavenge" contextid="223" timestamp="2019-06-15T03:44:07.095">
  <mem-info id="225" free="3847656" total="8388608" percent="45">
    <mem type="nursery" free="0" total="2097152" percent="0">
      <mem type="allocate" free="0" total="1441792" percent="0" />
      <mem type="survivor" free="0" total="655360" percent="0" />
    </mem>
    <mem type="tenure" free="3847656" total="6291456" percent="61">
      <mem type="soa" free="3533288" total="5977088" percent="59" />
      <mem type="loa" free="314368" total="314368" percent="100" />
    </mem>
    <remembered-set count="111" />
  </mem-info>
</gc-start>
<allocation-stats totalBytes="971528" >
  <allocated-bytes non-tlh="32" tlh="971496" />
  <largest-consumer threadName="node-0" threadId="0000000002608500" bytes="340848" />
</allocation-stats>
<gc-op id="226" type="scavenge" timems="3.321" contextid="223" timestamp="2019-06-15T03:44:07.098">
  <scavenger-info tenureage="1" tenuremask="7ffe" tiltratio="68" />
  <memory-copied type="nursery" objects="10069" bytes="241536" bytesdiscarded="60288" />
  <memory-copied type="tenure" objects="18250" bytes="438000" bytesdiscarded="8" />
</gc-op>
<gc-end id="227" type="scavenge" contextid="223" durationms="3.949" usertimems="4.000" systemtimems="0.000" timestamp="2019-06-15T03:44:07.099" activeThreads="4">
  <mem-info id="228" free="4476136" total="8388608" percent="53">
    <mem type="nursery" free="1139968" total="2097152" percent="54">
      <mem type="allocate" free="1139968" total="1441792" percent="79" />
      <mem type="survivor" free="0" total="655360" percent="0" />
    </mem>
    <mem type="tenure" free="3336168" total="6291456" percent="53">
      <mem type="soa" free="3021800" total="5977088" percent="50" />
      <mem type="loa" free="314368" total="314368" percent="100" />
    </mem>
    <remembered-set count="99" />
  </mem-info>
</gc-end>
<cycle-end id="229" type="scavenge" contextid="223" timestamp="2019-06-15T03:44:07.099" />
  <attribute name="elasticGC enabled" value="1" />
  <attribute name= "numThreadsSpecified" value="4" />
  <attribute name="heapSize specified" value="8388608" />
  <attribute name="Current GC Util" value="0" />
  <attribute name= "Current Time Running" value="2808" />
  <attribute name ="GC Interval" value="200" />
  <attribute name="ProportionalT" value="-10.000000" />
  <attribute name="ProportionalI" value="-10.000000" />
  <attribute name="ProportionalH" value="-10.000000" />
  <attribute name="Current Error" value="-20.000000" />
  <attribute name="IntegralT" value="-6740.000000" />
  <attribute name="IntegralI" value="-6740.000000" />
  <attribute name="IntegralH" value="-6740.000000" />
  <attribute name="DerivativeT" value="-0.089021" />
  <attribute name="DerivativeI" value="-0.089021" />
  <attribute name="DerivativeH" value="-0.089021" />
  <attribute name="Loop Time for DT" value="337.000000" />
  <attribute name="Output H" value="2092630016"/>
  <attribute name="Output I" value="200"/>
  <attribute name="Output T" value="4"/>
  <attribute name="Target GC Util Change" value ="20.000000" />
  <attribute name="Current GC Util Change" value="0.000000"/>
  <attribute name="GC Util currently" value="0" />
  <attribute name="CPU Util currently" value="8" />
<allocation-satisfied id="230" threadId="000000000260FD00" bytesRequested="32" />
<af-end id="231" timestamp="2019-06-15T03:44:07.099" threadId="0000000002610688" success="true" from="nursery"/>
<exclusive-end id="232" timestamp="2019-06-15T03:44:07.099" durationms="4.795" />

<exclusive-start id="233" timestamp="2019-06-15T03:44:07.482" intervalms="387.369">
  <response-info timems="0.026" idlems="0.026" threads="0" lastid="000000000260C100" lastname="node-2" />
</exclusive-start>
<af-start id="234" threadId="000000000260CA88" totalBytesRequested="16" timestamp="2019-06-15T03:44:07.482" intervalms="387.367" type="nursery" />
<cycle-start id="235" type="scavenge" contextid="0" timestamp="2019-06-15T03:44:07.482" intervalms="387.368" />
<gc-start id="236" type="scavenge" contextid="235" timestamp="2019-06-15T03:44:07.482">
  <mem-info id="237" free="3336168" total="8388608" percent="39">
    <mem type="nursery" free="0" total="2097152" percent="0">
      <mem type="allocate" free="0" total="1441792" percent="0" />
      <mem type="survivor" free="0" total="655360" percent="0" />
    </mem>
    <mem type="tenure" free="3336168" total="6291456" percent="53">
      <mem type="soa" free="3021800" total="5977088" percent="50" />
      <mem type="loa" free="314368" total="314368" percent="100" />
    </mem>
    <remembered-set count="110" />
  </mem-info>
</gc-start>
<allocation-stats totalBytes="1139688" >
  <allocated-bytes non-tlh="32" tlh="1139656" />
  <largest-consumer threadName="node-0" threadId="0000000002608500" bytes="386168" />
</allocation-stats>
<gc-op id="238" type="scavenge" timems="1.330" contextid="235" timestamp="2019-06-15T03:44:07.483">
  <scavenger-info tenureage="1" tenuremask="7ffe" tiltratio="68" />
  <memory-copied type="nursery" objects="12091" bytes="290688" bytesdiscarded="61824" />
  <memory-copied type="tenure" objects="10054" bytes="241296" bytesdiscarded="0" />
</gc-op>
<gc-end id="239" type="scavenge" contextid="235" durationms="1.600" usertimems="4.000" systemtimems="0.000" timestamp="2019-06-15T03:44:07.484" activeThreads="4">
  <mem-info id="240" free="4255976" total="8388608" percent="50">
    <mem type="nursery" free="1154816" total="2097152" percent="55">
      <mem type="allocate" free="1154816" total="1507328" percent="76" />
      <mem type="survivor" free="0" total="589824" percent="0" />
    </mem>
    <mem type="tenure" free="3101160" total="6291456" percent="49">
      <mem type="soa" free="2786792" total="5977088" percent="46" />
      <mem type="loa" free="314368" total="314368" percent="100" />
    </mem>
    <remembered-set count="101" />
  </mem-info>
</gc-end>
<cycle-end id="241" type="scavenge" contextid="235" timestamp="2019-06-15T03:44:07.484" />
  <attribute name="elasticGC enabled" value="1" />
  <attribute name= "numThreadsSpecified" value="4" />
  <attribute name="heapSize specified" value="8388608" />
  <attribute name="Current GC Util" value="0" />
  <attribute name= "Current Time Running" value="3195" />
  <attribute name ="GC Interval" value="200" />
  <attribute name="ProportionalT" value="-10.000000" />
  <attribute name="ProportionalI" value="-10.000000" />
  <attribute name="ProportionalH" value="-10.000000" />
  <attribute name="Current Error" value="-20.000000" />
  <attribute name="IntegralT" value="-7740.000000" />
  <attribute name="IntegralI" value="-7740.000000" />
  <attribute name="IntegralH" value="-7740.000000" />
  <attribute name="DerivativeT" value="-0.077519" />
  <attribute name="DerivativeI" value="-0.077519" />
  <attribute name="DerivativeH" value="-0.077519" />
  <attribute name="Loop Time for DT" value="387.000000" />
  <attribute name="Output H" value="2092630016"/>
  <attribute name="Output I" value="200"/>
  <attribute name="Output T" value="4"/>
  <attribute name="Target GC Util Change" value ="20.000000" />
  <attribute name="Current GC Util Change" value="0.000000"/>
  <attribute name="GC Util currently" value="0" />
  <attribute name="CPU Util currently" value="9" />
<allocation-satisfied id="242" threadId="000000000260C100" bytesRequested="16" />
<af-end id="243" timestamp="2019-06-15T03:44:07.484" threadId="000000000260CA88" success="true" from="nursery"/>
<exclusive-end id="244" timestamp="2019-06-15T03:44:07.484" durationms="2.175" />

<exclusive-start id="245" timestamp="2019-06-15T03:44:07.858" intervalms="376.325">
  <response-info timems="0.025" idlems="0.025" threads="0" lastid="000000000260C100" lastname="node-2" />
</exclusive-start>
<af-start id="246" threadId="000000000260CA88" totalBytesRequested="32" timestamp="2019-06-15T03:44:07.858" intervalms="376.327" type="nursery" />
<cycle-start id="247" type="scavenge" contextid="0" timestamp="2019-06-15T03:44:07.858" intervalms="376.325" />
<gc-start id="248" type="scavenge" contextid="247" timestamp="2019-06-15T03:44:07.858">
  <mem-info id="249" free="3101160" total="8388608" percent="36">
    <mem type="nursery" free="0" total="2097152" percent="0">
      <mem type="allocate" free="0" total="1507328" percent="0" />
      <mem type="survivor" free="0" total="589824" percent="0" />
    </mem>
    <mem type="tenure" free="3101160" total="6291456" percent="49">
      <mem type="soa" free="2786792" total="5977088" percent="46" />
      <mem type="loa" free="314368" total="314368" percent="100" />
    </mem>
    <remembered-set count="111" />
  </mem-info>
</gc-start>
<allocation-stats totalBytes="1154320" >
  <allocated-bytes non-tlh="16" tlh="1154304" />
  <largest-consumer threadName="node-0" threadId="0000000002608500" bytes="401072" />
</allocation-stats>
<gc-op id="250" type="scavenge" timems="1.422" contextid="247" timestamp="2019-06-15T03:44:07.860">
  <scavenger-info tenureage="1" tenuremask="7ffe" tiltratio="71" />
  <memory-copied type="nursery" objects="12285" bytes="294720" bytesdiscarded="57792" />
  <memory-copied type="tenure" objects="12070" bytes="289680" bytesdiscarded="0" />
</gc-op>
<gc-end id="251" type="scavenge" contextid="247" durationms="1.655" usertimems="4.000" systemtimems="0.000" timestamp="2019-06-15T03:44:07.860" activeThreads="4">
  <mem-info id="252" free="4008168" total="8388608" percent="47">
    <mem type="nursery" free="1220352" total="2097152" percent="58">
      <mem type="allocate" free="1220352" total="1572864" percent="77" />
      <mem type="survivor" free="0" total="524288" percent="0" />
    </mem>
    <mem type="tenure" free="2787816" total="6291456" percent="44">
      <mem type="soa" free="2473448" total="5977088" percent="41" />
      <mem type="loa" free="314368" total="314368" percent="100" />
    </mem>
    <remembered-set count="96" />
  </mem-info>
</gc-end>
<cycle-end id="253" type="scavenge" contextid="247" timestamp="2019-06-15T03:44:07.860" />
  <attribute name="elasticGC enabled" value="1" />
  <attribute name= "numThreadsSpecified" value="4" />
  <attribute name="heapSize specified" value="8388608" />
  <attribute name="Current GC Util" value="0" />
  <attribute name= "Current Time Running" value="3572" />
  <attribute name ="GC Interval" value="200" />
  <attribute name="ProportionalT" value="-10.000000" />
  <attribute name="ProportionalI" value="-10.000000" />
  <attribute name="ProportionalH" value="-10.000000" />
  <attribute name="Current Error" value="-20.000000" />
  <attribute name="IntegralT" value="-7540.000000" />
  <attribute name="IntegralI" value="-7540.000000" />
  <attribute name="IntegralH" value="-7540.000000" />
  <attribute name="DerivativeT" value="-0.079576" />
  <attribute name="DerivativeI" value="-0.079576" />
  <attribute name="DerivativeH" value="-0.079576" />
  <attribute name="Loop Time for DT" value="377.000000" />
  <attribute name="Output H" value="2092630016"/>
  <attribute name="Output I" value="200"/>
  <attribute name="Output T" value="4"/>
  <attribute name="Target GC Util Change" value ="20.000000" />
  <attribute name="Current GC Util Change" value="0.000000"/>
  <attribute name="GC Util currently" value="0" />
  <attribute name="CPU Util currently" value="7" />
<allocation-satisfied id="254" threadId="000000000260C100" bytesRequested="32" />
<af-end id="255" timestamp="2019-06-15T03:44:07.860" threadId="000000000260CA88" success="true" from="nursery"/>
<exclusive-end id="256" timestamp="2019-06-15T03:44:07.860" durationms="2.209" />

<exclusive-start id="257" timestamp="2019-06-15T03:44:08.261" intervalms="402.608">
  <response-info timems="0.026" idlems="0.026" threads="0" lastid="000000000260C100" lastname="node-2" />
</exclusive-start>
<af-start id="258" threadId="000000000260CA88" totalBytesRequested="16" timestamp="2019-06-15T03:44:08.261" intervalms="402.612" type="nursery" />
<cycle-start id="259" type="scavenge" contextid="0" timestamp="2019-06-15T03:44:08.261" intervalms="402.619" />
<gc-start id="260" type="scavenge" contextid="259" timestamp="2019-06-15T03:44:08.261">
  <mem-info id="261" free="2787816" total="8388608" percent="33">
    <mem type="nursery" free="0" total="2097152" percent="0">
      <mem type="allocate" free="0" total="1572864" percent="0" />
      <mem type="survivor" free="0" total="524288" percent="0" />
    </mem>
    <mem type="tenure" free="2787816" total="6291456" percent="44">
      <mem type="soa" free="2473448" total="5977088" percent="41" />
      <mem type="loa" free="314368" total="314368" percent="100" />
    </mem>
    <remembered-set count="108" />
  </mem-info>
</gc-start>
<allocation-stats totalBytes="1219680" >
  <allocated-bytes non-tlh="32" tlh="1219648" />
  <largest-consumer threadName="node-1" threadId="000000000260FD00" bytes="421568" />
</allocation-stats>
<gc-op id="262" type="scavenge" timems="1.397" contextid="259" timestamp="2019-06-15T03:44:08.262">
  <scavenger-info tenureage="1" tenuremask="7ffe" tiltratio="75" />
  <memory-copied type="nursery" objects="12591" bytes="302232" bytesdiscarded="50280" />
  <memory-copied type="tenure" objects="12270" bytes="294480" bytesdiscarded="0" />
</gc-op>
<gc-end id="263" type="scavenge" contextid="259" durationms="1.579" usertimems="4.000" systemtimems="0.000" timestamp="2019-06-15T03:44:08.262" activeThreads="4">
  <mem-info id="264" free="3733992" total="8388608" percent="44">
    <mem type="nursery" free="1220352" total="2097152" percent="58">
      <mem type="allocate" free="1220352" total="1572864" percent="77" />
      <mem type="survivor" free="0" total="524288" percent="0" />
    </mem>
    <mem type="tenure" free="2513640" total="6291456" percent="39">
      <mem type="soa" free="2199272" total="5977088" percent="36" />
      <mem type="loa" free="314368" total="314368" percent="100" />
    </mem>
    <remembered-set count="96" />
  </mem-info>
</gc-end>
<cycle-end id="265" type="scavenge" contextid="259" timestamp="2019-06-15T03:44:08.263" />
  <attribute name="elasticGC enabled" value="1" />
  <attribute name= "numThreadsSpecified" value="4" />
  <attribute name="heapSize specified" value="8388608" />
  <attribute name="Current GC Util" value="0" />
  <attribute name= "Current Time Running" value="3974" />
  <attribute name ="GC Interval" value="200" />
  <attribute name="ProportionalT" value="-10.000000" />
  <attribute name="ProportionalI" value="-10.000000" />
  <attribute name="ProportionalH" value="-10.000000" />
  <attribute name="Current Error" value="-20.000000" />
  <attribute name="IntegralT" value="-8040.000000" />
  <attribute name="IntegralI" value="-8040.000000" />
  <attribute name="IntegralH" value="-8040.000000" />
  <attribute name="DerivativeT" value="-0.074627" />
  <attribute name="DerivativeI" value="-0.074627" />
  <attribute name="DerivativeH" value="-0.074627" />
  <attribute name="Loop Time for DT" value="402.000000" />
  <attribute name="Output H" value="2092630016"/>
  <attribute name="Output I" value="200"/>
  <attribute name="Output T" value="4"/>
  <attribute name="Target GC Util Change" value ="20.000000" />
  <attribute name="Current GC Util Change" value="0.000000"/>
  <attribute name="GC Util currently" value="0" />
  <attribute name="CPU Util currently" value="8" />
<allocation-satisfied id="266" threadId="000000000260C100" bytesRequested="16" />
<af-end id="267" timestamp="2019-06-15T03:44:08.263" threadId="000000000260CA88" success="true" from="nursery"/>
<exclusive-end id="268" timestamp="2019-06-15T03:44:08.263" durationms="2.083" />

<exclusive-start id="269" timestamp="2019-06-15T03:44:08.635" intervalms="374.641">
  <response-info timems="0.029" idlems="0.029" threads="0" lastid="000000000260FD00" lastname="node-1" />
</exclusive-start>
<af-start id="270" threadId="0000000002610688" totalBytesRequested="24" timestamp="2019-06-15T03:44:08.635" intervalms="374.623" type="nursery" />
<cycle-start id="271" type="scavenge" contextid="0" timestamp="2019-06-15T03:44:08.636" intervalms="374.696" />
<gc-start id="272" type="scavenge" contextid="271" timestamp="2019-06-15T03:44:08.636">
  <mem-info id="273" free="2513640" total="8388608" percent="29">
    <mem type="nursery" free="0" total="2097152" percent="0">
      <mem type="allocate" free="0" total="1572864" percent="0" />
      <mem type="survivor" free="0" total="524288" percent="0" />
    </mem>
    <mem type="tenure" free="2513640" total="6291456" percent="39">
      <mem type="soa" free="2199272" total="5977088" percent="36" />
      <mem type="loa" free="314368" total="314368" percent="100" />
    </mem>
    <remembered-set count="107" />
  </mem-info>
</gc-start>
<allocation-stats totalBytes="1219792" >
  <allocated-bytes non-tlh="16" tlh="1219776" />
  <largest-consumer threadName="node-1" threadId="000000000260FD00" bytes="409552" />
</allocation-stats>
<gc-op id="274" type="scavenge" timems="3.159" contextid="271" timestamp="2019-06-15T03:44:08.639">
  <scavenger-info tenureage="1" tenuremask="7ffe" tiltratio="75" />
  <memory-copied type="nursery" objects="12996" bytes="311784" bytesdiscarded="121368" />
  <memory-copied type="tenure" objects="12573" bytes="301752" bytesdiscarded="16" />
</gc-op>
<gc-end id="275" type="scavenge" contextid="271" durationms="3.780" usertimems="0.000" systemtimems="4.000" timestamp="2019-06-15T03:44:08.639" activeThreads="4">
  <mem-info id="276" free="3338728" total="8388608" percent="39">
    <mem type="nursery" free="1205248" total="2097152" percent="57">
      <mem type="allocate" free="1205248" total="1638400" percent="73" />
      <mem type="survivor" free="0" total="458752" percent="0" />
    </mem>
    <mem type="tenure" free="2133480" total="6291456" percent="33">
      <mem type="soa" free="1819112" total="5977088" percent="30" />
      <mem type="loa" free="314368" total="314368" percent="100" />
    </mem>
    <remembered-set count="94" />
  </mem-info>
</gc-end>
<cycle-end id="277" type="scavenge" contextid="271" timestamp="2019-06-15T03:44:08.640" />
  <attribute name="elasticGC enabled" value="1" />
  <attribute name= "numThreadsSpecified" value="4" />
  <attribute name="heapSize specified" value="8388608" />
  <attribute name="Current GC Util" value="0" />
  <attribute name= "Current Time Running" value="4349" />
  <attribute name ="GC Interval" value="200" />
  <attribute name="ProportionalT" value="-10.000000" />
  <attribute name="ProportionalI" value="-10.000000" />
  <attribute name="ProportionalH" value="-10.000000" />
  <attribute name="Current Error" value="-20.000000" />
  <attribute name="IntegralT" value="-7500.000000" />
  <attribute name="IntegralI" value="-7500.000000" />
  <attribute name="IntegralH" value="-7500.000000" />
  <attribute name="DerivativeT" value="-0.080000" />
  <attribute name="DerivativeI" value="-0.080000" />
  <attribute name="DerivativeH" value="-0.080000" />
  <attribute name="Loop Time for DT" value="375.000000" />
  <attribute name="Output H" value="2092630016"/>
  <attribute name="Output I" value="200"/>
  <attribute name="Output T" value="4"/>
  <attribute name="Target GC Util Change" value ="20.000000" />
  <attribute name="Current GC Util Change" value="0.000000"/>
  <attribute name="GC Util currently" value="0" />
  <attribute name="CPU Util currently" value="5" />
<allocation-satisfied id="278" threadId="000000000260FD00" bytesRequested="24" />
<af-end id="279" timestamp="2019-06-15T03:44:08.640" threadId="0000000002610688" success="true" from="nursery"/>
<exclusive-end id="280" timestamp="2019-06-15T03:44:08.640" durationms="4.765" />

<exclusive-start id="281" timestamp="2019-06-15T03:44:08.973" intervalms="337.757">
  <response-info timems="0.057" idlems="0.057" threads="0" lastid="000000000260C100" lastname="node-2" />
</exclusive-start>
<af-start id="282" threadId="000000000260CA88" totalBytesRequested="32" timestamp="2019-06-15T03:44:08.973" intervalms="337.855" type="nursery" />
<cycle-start id="283" type="scavenge" contextid="0" timestamp="2019-06-15T03:44:08.973" intervalms="337.866" />
<gc-start id="284" type="scavenge" contextid="283" timestamp="2019-06-15T03:44:08.974">
  <mem-info id="285" free="2133480" total="8388608" percent="25">
    <mem type="nursery" free="0" total="2097152" percent="0">
      <mem type="allocate" free="0" total="1638400" percent="0" />
      <mem type="survivor" free="0" total="458752" percent="0" />
    </mem>
    <mem type="tenure" free="2133480" total="6291456" percent="33">
      <mem type="soa" free="1819112" total="5977088" percent="30" />
      <mem type="loa" free="314368" total="314368" percent="100" />
    </mem>
    <remembered-set count="106" />
  </mem-info>
</gc-start>
<allocation-stats totalBytes="1204968" >
  <allocated-bytes non-tlh="24" tlh="1204944" />
  <largest-consumer threadName="node-1" threadId="000000000260FD00" bytes="429960" />
</allocation-stats>
<gc-op id="286" type="scavenge" timems="1.460" contextid="283" timestamp="2019-06-15T03:44:08.975">
  <scavenger-info tenureage="1" tenuremask="7ffe" tiltratio="78" />
  <memory-copied type="nursery" objects="12465" bytes="299040" bytesdiscarded="53472" />
  <memory-copied type="tenure" objects="12981" bytes="311544" bytesdiscarded="0" />
</gc-op>
<gc-end id="287" type="scavenge" contextid="283" durationms="1.898" usertimems="0.000" systemtimems="0.000" timestamp="2019-06-15T03:44:08.975" activeThreads="4">
  <mem-info id="288" free="3106024" total="8388608" percent="37">
    <mem type="nursery" free="1285888" total="2097152" percent="61">
      <mem type="allocate" free="1285888" total="1638400" percent="78" />
      <mem type="survivor" free="0" total="458752" percent="0" />
    </mem>
    <mem type="tenure" free="1820136" total="6291456" percent="28">
      <mem type="soa" free="1505768" total="5977088" percent="25" />
      <mem type="loa" free="314368" total="314368" percent="100" />
    </mem>
    <remembered-set count="94" />
  </mem-info>
</gc-end>
<cycle-end id="289" type="scavenge" contextid="283" timestamp="2019-06-15T03:44:08.976" />
  <attribute name="elasticGC enabled" value="1" />
  <attribute name= "numThreadsSpecified" value="4" />
  <attribute name="heapSize specified" value="8388608" />
  <attribute name="Current GC Util" value="0" />
  <attribute name= "Current Time Running" value="4687" />
  <attribute name ="GC Interval" value="200" />
  <attribute name="ProportionalT" value="-10.000000" />
  <attribute name="ProportionalI" value="-10.000000" />
  <attribute name="ProportionalH" value="-10.000000" />
  <attribute name="Current Error" value="-20.000000" />
  <attribute name="IntegralT" value="-6760.000000" />
  <attribute name="IntegralI" value="-6760.000000" />
  <attribute name="IntegralH" value="-6760.000000" />
  <attribute name="DerivativeT" value="-0.088757" />
  <attribute name="DerivativeI" value="-0.088757" />
  <attribute name="DerivativeH" value="-0.088757" />
  <attribute name="Loop Time for DT" value="338.000000" />
  <attribute name="Output H" value="2092630016"/>
  <attribute name="Output I" value="200"/>
  <attribute name="Output T" value="4"/>
  <attribute name="Target GC Util Change" value ="20.000000" />
  <attribute name="Current GC Util Change" value="0.000000"/>
  <attribute name="GC Util currently" value="0" />
  <attribute name="CPU Util currently" value="4" />
<allocation-satisfied id="290" threadId="000000000260C100" bytesRequested="32" />
<af-end id="291" timestamp="2019-06-15T03:44:08.976" threadId="000000000260CA88" success="true" from="nursery"/>
<exclusive-end id="292" timestamp="2019-06-15T03:44:08.976" durationms="2.788" />

<exclusive-start id="293" timestamp="2019-06-15T03:44:09.356" intervalms="382.824">
  <response-info timems="0.025" idlems="0.025" threads="0" lastid="000000000260FD00" lastname="node-1" />
</exclusive-start>
<af-start id="294" threadId="0000000002610688" totalBytesRequested="24" timestamp="2019-06-15T03:44:09.356" intervalms="382.738" type="nursery" />
<cycle-start id="295" type="scavenge" contextid="0" timestamp="2019-06-15T03:44:09.356" intervalms="382.676" />
<gc-start id="296" type="scavenge" contextid="295" timestamp="2019-06-15T03:44:09.356">
  <mem-info id="297" free="1820136" total="8388608" percent="21">
    <mem type="nursery" free="0" total="2097152" percent="0">
      <mem type="allocate" free="0" total="1638400" percent="0" />
      <mem type="survivor" free="0" total="458752" percent="0" />
    </mem>
    <mem type="tenure" free="1820136" total="6291456" percent="28">
      <mem type="soa" free="1505768" total="5977088" percent="25" />
      <mem type="loa" free="314368" total="314368" percent="100" />
    </mem>
    <remembered-set count="106" />
  </mem-info>
</gc-start>
<allocation-stats totalBytes="1285712" >
  <allocated-bytes non-tlh="32" tlh="1285680" />
  <largest-consumer threadName="node-0" threadId="0000000002608500" bytes="466608" />
</allocation-stats>
<gc-op id="298" type="scavenge" timems="3.183" contextid="295" timestamp="2019-06-15T03:44:09.360">
  <scavenger-info tenureage="1" tenuremask="7ffe" tiltratio="78" />
  <memory-copied type="nursery" objects="12989" bytes="311616" bytesdiscarded="121536" />
  <memory-copied type="tenure" objects="12450" bytes="298800" bytesdiscarded="0" />
</gc-op>
<gc-end id="299" type="scavenge" contextid="295" durationms="3.695" usertimems="0.000" systemtimems="4.000" timestamp="2019-06-15T03:44:09.360" activeThreads="4">
  <mem-info id="300" free="2776552" total="8388608" percent="33">
    <mem type="nursery" free="1205248" total="2097152" percent="57">
      <mem type="allocate" free="1205248" total="1638400" percent="73" />
      <mem type="survivor" free="0" total="458752" percent="0" />
    </mem>
    <mem type="tenure" free="1571304" total="6291456" percent="24">
      <mem type="soa" free="1256936" total="5977088" percent="21" />
      <mem type="loa" free="314368" total="314368" percent="100" />
    </mem>
    <remembered-set count="94" />
  </mem-info>
</gc-end>
<cycle-end id="301" type="scavenge" contextid="295" timestamp="2019-06-15T03:44:09.360" />
  <attribute name="elasticGC enabled" value="1" />
  <attribute name= "numThreadsSpecified" value="4" />
  <attribute name="heapSize specified" value="8388608" />
  <attribute name="Current GC Util" value="0" />
  <attribute name= "Current Time Running" value="5070" />
  <attribute name ="GC Interval" value="200" />
  <attribute name="ProportionalT" value="-10.000000" />
  <attribute name="ProportionalI" value="-10.000000" />
  <attribute name="ProportionalH" value="-10.000000" />
  <attribute name="Current Error" value="-20.000000" />
  <attribute name="IntegralT" value="-7660.000000" />
  <attribute name="IntegralI" value="-7660.000000" />
  <attribute name="IntegralH" value="-7660.000000" />
  <attribute name="DerivativeT" value="-0.078329" />
  <attribute name="DerivativeI" value="-0.078329" />
  <attribute name="DerivativeH" value="-0.078329" />
  <attribute name="Loop Time for DT" value="383.000000" />
  <attribute name="Output H" value="2092630016"/>
  <attribute name="Output I" value="200"/>
  <attribute name="Output T" value="4"/>
  <attribute name="Target GC Util Change" value ="20.000000" />
  <attribute name="Current GC Util Change" value="0.000000"/>
  <attribute name="GC Util currently" value="0" />
  <attribute name="CPU Util currently" value="2" />
<allocation-satisfied id="302" threadId="000000000260FD00" bytesRequested="24" />
<af-end id="303" timestamp="2019-06-15T03:44:09.360" threadId="0000000002610688" success="true" from="nursery"/>
<exclusive-end id="304" timestamp="2019-06-15T03:44:09.360" durationms="4.530" />

<exclusive-start id="305" timestamp="2019-06-15T03:44:09.727" intervalms="371.302">
  <response-info timems="0.020" idlems="0.020" threads="0" lastid="000000000260C100" lastname="node-2" />
</exclusive-start>
<af-start id="306" threadId="000000000260CA88" totalBytesRequested="32" timestamp="2019-06-15T03:44:09.727" intervalms="371.296" type="nursery" />
<cycle-start id="307" type="scavenge" contextid="0" timestamp="2019-06-15T03:44:09.727" intervalms="371.269" />
<gc-start id="308" type="scavenge" contextid="307" timestamp="2019-06-15T03:44:09.727">
  <mem-info id="309" free="1571304" total="8388608" percent="18">
    <mem type="nursery" free="0" total="2097152" percent="0">
      <mem type="allocate" free="0" total="1638400" percent="0" />
      <mem type="survivor" free="0" total="458752" percent="0" />
    </mem>
    <mem type="tenure" free="1571304" total="6291456" percent="24">
      <mem type="soa" free="1256936" total="5977088" percent="21" />
      <mem type="loa" free="314368" total="314368" percent="100" />
    </mem>
    <remembered-set count="106" />
  </mem-info>
</gc-start>
<allocation-stats totalBytes="1204264" >
  <allocated-bytes non-tlh="24" tlh="1204240" />
  <largest-consumer threadName="node-1" threadId="000000000260FD00" bytes="409560" />
</allocation-stats>
<gc-op id="310" type="scavenge" timems="1.463" contextid="307" timestamp="2019-06-15T03:44:09.729">
  <scavenger-info tenureage="1" tenuremask="7ffe" tiltratio="78" />
  <memory-copied type="nursery" objects="12835" bytes="307920" bytesdiscarded="44592" />
  <memory-copied type="tenure" objects="12974" bytes="311376" bytesdiscarded="0" />
</gc-op>
<gc-end id="311" type="scavenge" contextid="307" durationms="1.671" usertimems="0.000" systemtimems="0.000" timestamp="2019-06-15T03:44:09.729" activeThreads="4">
  <mem-info id="312" free="2622184" total="8388608" percent="31">
    <mem type="nursery" free="1285888" total="2097152" percent="61">
      <mem type="allocate" free="1285888" total="1638400" percent="78" />
      <mem type="survivor" free="0" total="458752" percent="0" />
    </mem>
    <mem type="tenure" free="1336296" total="6291456" percent="21">
      <mem type="soa" free="1021928" total="5977088" percent="17" />
      <mem type="loa" free="314368" total="314368" percent="100" />
    </mem>
    <remembered-set count="95" />
  </mem-info>
</gc-end>
<cycle-end id="313" type="scavenge" contextid="307" timestamp="2019-06-15T03:44:09.729" />
  <attribute name="elasticGC enabled" value="1" />
  <attribute name= "numThreadsSpecified" value="4" />
  <attribute name="heapSize specified" value="8388608" />
  <attribute name="Current GC Util" value="0" />
  <attribute name= "Current Time Running" value="5441" />
  <attribute name ="GC Interval" value="200" />
  <attribute name="ProportionalT" value="-10.000000" />
  <attribute name="ProportionalI" value="-10.000000" />
  <attribute name="ProportionalH" value="-10.000000" />
  <attribute name="Current Error" value="-20.000000" />
  <attribute name="IntegralT" value="-7420.000000" />
  <attribute name="IntegralI" value="-7420.000000" />
  <attribute name="IntegralH" value="-7420.000000" />
  <attribute name="DerivativeT" value="-0.080863" />
  <attribute name="DerivativeI" value="-0.080863" />
  <attribute name="DerivativeH" value="-0.080863" />
  <attribute name="Loop Time for DT" value="371.000000" />
  <attribute name="Output H" value="2092630016"/>
  <attribute name="Output I" value="200"/>
  <attribute name="Output T" value="4"/>
  <attribute name="Target GC Util Change" value ="20.000000" />
  <attribute name="Current GC Util Change" value="0.000000"/>
  <attribute name="GC Util currently" value="0" />
  <attribute name="CPU Util currently" value="2" />
<allocation-satisfied id="314" threadId="000000000260C100" bytesRequested="32" />
<af-end id="315" timestamp="2019-06-15T03:44:09.729" threadId="000000000260CA88" success="true" from="nursery"/>
<exclusive-end id="316" timestamp="2019-06-15T03:44:09.729" durationms="2.235" />

<exclusive-start id="317" timestamp="2019-06-15T03:44:10.113" intervalms="385.634">
  <response-info timems="0.024" idlems="0.024" threads="0" lastid="000000000260C100" lastname="node-2" />
</exclusive-start>
<af-start id="318" threadId="000000000260CA88" totalBytesRequested="32" timestamp="2019-06-15T03:44:10.113" intervalms="385.643" type="nursery" />
<cycle-start id="319" type="scavenge" contextid="0" timestamp="2019-06-15T03:44:10.113" intervalms="385.723" />
<gc-start id="320" type="scavenge" contextid="319" timestamp="2019-06-15T03:44:10.113">
  <mem-info id="321" free="1336296" total="8388608" percent="15">
    <mem type="nursery" free="0" total="2097152" percent="0">
      <mem type="allocate" free="0" total="1638400" percent="0" />
      <mem type="survivor" free="0" total="458752" percent="0" />
    </mem>
    <mem type="tenure" free="1336296" total="6291456" percent="21">
      <mem type="soa" free="1021928" total="5977088" percent="17" />
      <mem type="loa" free="314368" total="314368" percent="100" />
    </mem>
    <remembered-set count="107" />
  </mem-info>
</gc-start>
<allocation-stats totalBytes="1284912" >
  <allocated-bytes non-tlh="32" tlh="1284880" />
  <largest-consumer threadName="node-1" threadId="000000000260FD00" bytes="466584" />
</allocation-stats>
<gc-op id="322" type="scavenge" timems="1.534" contextid="319" timestamp="2019-06-15T03:44:10.115">
  <scavenger-info tenureage="1" tenuremask="7ffe" tiltratio="78" />
  <memory-copied type="nursery" objects="13322" bytes="319608" bytesdiscarded="32904" />
  <memory-copied type="tenure" objects="12820" bytes="307680" bytesdiscarded="0" />
</gc-op>
<gc-end id="323" type="scavenge" contextid="319" durationms="1.977" usertimems="0.000" systemtimems="0.000" timestamp="2019-06-15T03:44:10.115" activeThreads="4">
  <mem-info id="324" free="2374376" total="8388608" percent="28">
    <mem type="nursery" free="1351424" total="2097152" percent="64">
      <mem type="allocate" free="1351424" total="1703936" percent="79" />
      <mem type="survivor" free="0" total="393216" percent="0" />
    </mem>
    <mem type="tenure" free="1022952" total="6291456" percent="16">
      <mem type="soa" free="708584" total="5977088" percent="11" />
      <mem type="loa" free="314368" total="314368" percent="100" />
    </mem>
    <remembered-set count="94" />
  </mem-info>
</gc-end>
<cycle-end id="325" type="scavenge" contextid="319" timestamp="2019-06-15T03:44:10.115" />
  <attribute name="elasticGC enabled" value="1" />
  <attribute name= "numThreadsSpecified" value="4" />
  <attribute name="heapSize specified" value="8388608" />
  <attribute name="Current GC Util" value="0" />
  <attribute name= "Current Time Running" value="5827" />
  <attribute name ="GC Interval" value="200" />
  <attribute name="ProportionalT" value="-10.000000" />
  <attribute name="ProportionalI" value="-10.000000" />
  <attribute name="ProportionalH" value="-10.000000" />
  <attribute name="Current Error" value="-20.000000" />
  <attribute name="IntegralT" value="-7720.000000" />
  <attribute name="IntegralI" value="-7720.000000" />
  <attribute name="IntegralH" value="-7720.000000" />
  <attribute name="DerivativeT" value="-0.077720" />
  <attribute name="DerivativeI" value="-0.077720" />
  <attribute name="DerivativeH" value="-0.077720" />
  <attribute name="Loop Time for DT" value="386.000000" />
  <attribute name="Output H" value="2092630016"/>
  <attribute name="Output I" value="200"/>
  <attribute name="Output T" value="4"/>
  <attribute name="Target GC Util Change" value ="20.000000" />
  <attribute name="Current GC Util Change" value="0.000000"/>
  <attribute name="GC Util currently" value="0" />
  <attribute name="CPU Util currently" value="1" />
<allocation-satisfied id="326" threadId="000000000260C100" bytesRequested="32" />
<af-end id="327" timestamp="2019-06-15T03:44:10.116" threadId="000000000260CA88" success="true" from="nursery"/>
<exclusive-end id="328" timestamp="2019-06-15T03:44:10.116" durationms="2.776" />

<exclusive-start id="329" timestamp="2019-06-15T03:44:10.525" intervalms="412.440">
  <response-info timems="0.029" idlems="0.029" threads="0" lastid="000000000260C100" lastname="node-2" />
</exclusive-start>
<af-start id="330" threadId="000000000260CA88" totalBytesRequested="32" timestamp="2019-06-15T03:44:10.525" intervalms="412.444" type="nursery" />
<cycle-start id="331" type="scavenge" contextid="0" timestamp="2019-06-15T03:44:10.525" intervalms="412.446" />
<gc-start id="332" type="scavenge" contextid="331" timestamp="2019-06-15T03:44:10.526">
  <mem-info id="333" free="1022952" total="8388608" percent="12">
    <mem type="nursery" free="0" total="2097152" percent="0">
      <mem type="allocate" free="0" total="1703936" percent="0" />
      <mem type="survivor" free="0" total="393216" percent="0" />
    </mem>
    <mem type="tenure" free="1022952" total="6291456" percent="16">
      <mem type="soa" free="708584" total="5977088" percent="11" />
      <mem type="loa" free="314368" total="314368" percent="100" />
    </mem>
    <remembered-set count="106" />
  </mem-info>
</gc-start>
<allocation-stats totalBytes="1351120" >
  <allocated-bytes non-tlh="32" tlh="1351088" />
  <largest-consumer threadName="node-1" threadId="000000000260FD00" bytes="479160" />
</allocation-stats>
<gc-op id="334" type="scavenge" timems="1.513" contextid="331" timestamp="2019-06-15T03:44:10.527">
  <scavenger-info tenureage="1" tenuremask="7ffe" tiltratio="81" />
  <memory-copied type="nursery" objects="13389" bytes="321216" bytesdiscarded="31296" />
  <memory-copied type="tenure" objects="13307" bytes="319368" bytesdiscarded="0" />
</gc-op>
<gc-end id="335" type="scavenge" contextid="331" durationms="1.968" usertimems="0.000" systemtimems="0.000" timestamp="2019-06-15T03:44:10.528" activeThreads="4">
  <mem-info id="336" free="2061032" total="8388608" percent="24">
    <mem type="nursery" free="1351424" total="2097152" percent="64">
      <mem type="allocate" free="1351424" total="1703936" percent="79" />
      <mem type="survivor" free="0" total="393216" percent="0" />
    </mem>
    <mem type="tenure" free="709608" total="6291456" percent="11">
      <mem type="soa" free="395240" total="5977088" percent="6" />
      <mem type="loa" free="314368" total="314368" percent="100" />
    </mem>
    <remembered-set count="94" />
  </mem-info>
</gc-end>
<cycle-end id="337" type="scavenge" contextid="331" timestamp="2019-06-15T03:44:10.528" />
  <attribute name="elasticGC enabled" value="1" />
  <attribute name= "numThreadsSpecified" value="4" />
  <attribute name="heapSize specified" value="8388608" />
  <attribute name="Current GC Util" value="0" />
  <attribute name= "Current Time Running" value="6239" />
  <attribute name ="GC Interval" value="200" />
  <attribute name="ProportionalT" value="-10.000000" />
  <attribute name="ProportionalI" value="-10.000000" />
  <attribute name="ProportionalH" value="-10.000000" />
  <attribute name="Current Error" value="-20.000000" />
  <attribute name="IntegralT" value="-8240.000000" />
  <attribute name="IntegralI" value="-8240.000000" />
  <attribute name="IntegralH" value="-8240.000000" />
  <attribute name="DerivativeT" value="-0.072816" />
  <attribute name="DerivativeI" value="-0.072816" />
  <attribute name="DerivativeH" value="-0.072816" />
  <attribute name="Loop Time for DT" value="412.000000" />
  <attribute name="Output H" value="2092630016"/>
  <attribute name="Output I" value="200"/>
  <attribute name="Output T" value="4"/>
  <attribute name="Target GC Util Change" value ="20.000000" />
  <attribute name="Current GC Util Change" value="0.000000"/>
  <attribute name="GC Util currently" value="0" />
  <attribute name="CPU Util currently" value="3" />
<allocation-satisfied id="338" threadId="000000000260C100" bytesRequested="32" />
<af-end id="339" timestamp="2019-06-15T03:44:10.528" threadId="000000000260CA88" success="true" from="nursery"/>
<exclusive-end id="340" timestamp="2019-06-15T03:44:10.528" durationms="2.786" />

<concurrent-kickoff id="341" timestamp="2019-06-15T03:44:10.840">
  <kickoff reason="threshold reached" targetBytes="1867303" thresholdFreeBytes="258006"  remainingFree="253664" tenureFreeBytes="709608" nurseryFreeBytes="253664" />
</concurrent-kickoff>
<exclusive-start id="342" timestamp="2019-06-15T03:44:10.840" intervalms="314.487">
  <response-info timems="0.023" idlems="0.023" threads="0" lastid="0000000002608500" lastname="node-0" />
</exclusive-start>
<cycle-start id="343" type="global" contextid="0" timestamp="2019-06-15T03:44:10.840" intervalms="5732.292" />
<exclusive-end id="344" timestamp="2019-06-15T03:44:10.840" durationms="0.105" />

<exclusive-start id="345" timestamp="2019-06-15T03:44:10.918" intervalms="78.180">
  <response-info timems="0.025" idlems="0.025" threads="0" lastid="000000000260FD00" lastname="node-1" />
</exclusive-start>
<af-start id="346" threadId="0000000002610688" totalBytesRequested="24" timestamp="2019-06-15T03:44:10.918" intervalms="392.641" type="nursery" />
<cycle-start id="347" type="scavenge" contextid="0" timestamp="2019-06-15T03:44:10.918" intervalms="392.545" />
<gc-start id="348" type="scavenge" contextid="347" timestamp="2019-06-15T03:44:10.918">
  <mem-info id="349" free="709608" total="8388608" percent="8">
    <mem type="nursery" free="0" total="2097152" percent="0">
      <mem type="allocate" free="0" total="1703936" percent="0" />
      <mem type="survivor" free="0" total="393216" percent="0" />
    </mem>
    <mem type="tenure" free="709608" total="6291456" percent="11">
      <mem type="soa" free="395240" total="5977088" percent="6" />
      <mem type="loa" free="314368" total="314368" percent="100" />
    </mem>
    <remembered-set count="106" />
  </mem-info>
</gc-start>
<allocation-stats totalBytes="1351216" >
  <allocated-bytes non-tlh="32" tlh="1351184" />
  <largest-consumer threadName="node-0" threadId="0000000002608500" bytes="479136" />
</allocation-stats>
<gc-op id="350" type="scavenge" timems="1.486" contextid="347" timestamp="2019-06-15T03:44:10.920">
  <scavenger-info tenureage="1" tenuremask="7ffe" tiltratio="81" />
  <memory-copied type="nursery" objects="13295" bytes="318960" bytesdiscarded="33552" />
  <memory-copied type="tenure" objects="13374" bytes="320976" bytesdiscarded="0" />
</gc-op>
<gc-end id="351" type="scavenge" contextid="347" durationms="1.659" usertimems="0.000" systemtimems="0.000" timestamp="2019-06-15T03:44:10.920" activeThreads="4">
  <mem-info id="352" free="1708520" total="8388608" percent="20">
    <mem type="nursery" free="1351424" total="2097152" percent="64">
      <mem type="allocate" free="1351424" total="1703936" percent="79" />
      <mem type="survivor" free="0" total="393216" percent="0" />
    </mem>
    <mem type="tenure" free="357096" total="6291456" percent="5">
      <mem type="soa" free="42728" total="5977088" percent="0" />
      <mem type="loa" free="314368" total="314368" percent="100" />
    </mem>
    <remembered-set count="94" />
  </mem-info>
</gc-end>
<cycle-end id="353" type="scavenge" contextid="347" timestamp="2019-06-15T03:44:10.920" />
  <attribute name="elasticGC enabled" value="1" />
  <attribute name= "numThreadsSpecified" value="4" />
  <attribute name="heapSize specified" value="8388608" />
  <attribute name="Current GC Util" value="0" />
  <attribute name= "Current Time Running" value="6632" />
  <attribute name ="GC Interval" value="200" />
  <attribute name="ProportionalT" value="-10.000000" />
  <attribute name="ProportionalI" value="-10.000000" />
  <attribute name="ProportionalH" value="-10.000000" />
  <attribute name="Current Error" value="-20.000000" />
  <attribute name="IntegralT" value="-7860.000000" />
  <attribute name="IntegralI" value="-7860.000000" />
  <attribute name="IntegralH" value="-7860.000000" />
  <attribute name="DerivativeT" value="-0.076336" />
  <attribute name="DerivativeI" value="-0.076336" />
  <attribute name="DerivativeH" value="-0.076336" />
  <attribute name="Loop Time for DT" value="393.000000" />
  <attribute name="Output H" value="2092630016"/>
  <attribute name="Output I" value="200"/>
  <attribute name="Output T" value="4"/>
  <attribute name="Target GC Util Change" value ="20.000000" />
  <attribute name="Current GC Util Change" value="0.000000"/>
  <attribute name="GC Util currently" value="0" />
  <attribute name="CPU Util currently" value="3" />
<allocation-satisfied id="354" threadId="000000000260FD00" bytesRequested="24" />
<af-end id="355" timestamp="2019-06-15T03:44:10.920" threadId="0000000002610688" success="true" from="nursery"/>
<exclusive-end id="356" timestamp="2019-06-15T03:44:10.920" durationms="2.111" />

<exclusive-start id="357" timestamp="2019-06-15T03:44:10.920" intervalms="2.185">
  <response-info timems="0.017" idlems="0.017" threads="0" lastid="000000000260FD00" lastname="node-1" />
</exclusive-start>
<concurrent-collection-start id="358" timestamp="2019-06-15T03:44:10.920" intervalms="6746.725" >
  <concurrent-trace-info reason="card cleaning threshold reached" tracedByMutators="54164" tracedByHelpers="1126616" cardsCleaned="20" workStackOverflowCount="0" />
</concurrent-collection-start>
<gc-start id="359" type="global" contextid="343" timestamp="2019-06-15T03:44:10.920">
  <mem-info id="360" free="1671632" total="8388608" percent="19">
    <mem type="nursery" free="1314536" total="2097152" percent="62">
      <mem type="allocate" free="1314536" total="1703936" percent="77" />
      <mem type="survivor" free="0" total="393216" percent="0" />
    </mem>
    <mem type="tenure" free="357096" total="6291456" percent="5">
      <mem type="soa" free="42728" total="5977088" percent="0" />
      <mem type="loa" free="314368" total="314368" percent="100" />
    </mem>
    <remembered-set count="94" />
  </mem-info>
</gc-start>
<allocation-stats totalBytes="36888" >
  <allocated-bytes non-tlh="24" tlh="36864" />
  <largest-consumer threadName="node-1" threadId="000000000260FD00" bytes="36888" />
</allocation-stats>
<gc-op id="361" type="rs-scan" timems="0.206" contextid="343" timestamp="2019-06-15T03:44:10.921">
  <scan objectsFound="37" bytesTraced="3856" workStackOverflowCount="0" />
</gc-op>
<gc-op id="362" type="card-cleaning" timems="0.109" contextid="343" timestamp="2019-06-15T03:44:10.921">
  <card-cleaning cardsCleaned="19" bytesTraced="8900" workStackOverflowCount="0" />
</gc-op>
<gc-op id="363" type="mark" timems="0.449" contextid="343" timestamp="2019-06-15T03:44:10.921">
  <trace-info objectcount="231" scancount="190" scanbytes="5096" />
  <finalization candidates="13" enqueued="0" />
  <references type="soft" candidates="66" cleared="0" enqueued="0" dynamicThreshold="28" maxThreshold="32" />
  <references type="weak" candidates="130" cleared="0" enqueued="0" />
  <references type="phantom" candidates="32" cleared="2" enqueued="2" />
  <stringconstants candidates="3831" cleared="0"  />
</gc-op>
<gc-op id="364" type="sweep" timems="0.164" contextid="343" timestamp="2019-06-15T03:44:10.921" />
<mem-info id="365" free="5993104" total="8388608" percent="71">
  <mem type="nursery" free="1703568" total="2097152" percent="81">
    <mem type="allocate" free="1703568" total="1703936" percent="99" />
    <mem type="survivor" free="0" total="393216" percent="0" />
  </mem>
  <mem type="tenure" free="4289536" total="6291456" percent="68" micro-fragmented="0" macro-fragmented="0">
    <mem type="soa" free="3975168" total="5977088" percent="66" />
    <mem type="loa" free="314368" total="314368" percent="100" />
  </mem>
  <pending-finalizers system="0" default="0" reference="2" classloader="0" />
  <remembered-set count="93" />
</mem-info>
<gc-op id="366" type="compact" timems="9.214" contextid="343" timestamp="2019-06-15T03:44:10.931">
  <compact-info movecount="23272" movebytes="1209992" reason="compact to aid heap contraction" />
</gc-op>
<heap-resize id="367" type="expand" space="tenure" amount="2084241408" count="1" timems="0.022" reason="satisfy allocation request" timestamp="2019-06-15T03:44:10.931" />
<gc-end id="368" type="global" contextid="343" durationms="10.889" usertimems="12.000" systemtimems="0.000" timestamp="2019-06-15T03:44:10.931" activeThreads="4">
  <mem-info id="369" free="2090235552" total="2092630016" percent="99">
    <mem type="nursery" free="1703592" total="2097152" percent="81">
      <mem type="allocate" free="1703592" total="1703936" percent="99" />
      <mem type="survivor" free="0" total="393216" percent="0" />
    </mem>
    <mem type="tenure" free="2088531960" total="2090532864" percent="99">
      <mem type="soa" free="1984006136" total="1986007040" percent="99" />
      <mem type="loa" free="104525824" total="104525824" percent="100" />
    </mem>
    <pending-finalizers system="0" default="0" reference="2" classloader="0" />
    <remembered-set count="93" />
  </mem-info>
</gc-end>
<cycle-end id="370" type="global" contextid="343" timestamp="2019-06-15T03:44:10.931" />
  <attribute name="elasticGC enabled" value="1" />
  <attribute name= "numThreadsSpecified" value="4" />
  <attribute name="heapSize specified" value="8388608" />
  <attribute name="Current GC Util" value="9" />
  <attribute name= "Current Time Running" value="6644" />
  <attribute name ="GC Interval" value="200" />
  <attribute name="ProportionalT" value="-5.500000" />
  <attribute name="ProportionalI" value="-5.500000" />
  <attribute name="ProportionalH" value="-5.500000" />
  <attribute name="Current Error" value="-11.000000" />
  <attribute name="IntegralT" value="-99.000000" />
  <attribute name="IntegralI" value="-99.000000" />
  <attribute name="IntegralH" value="-99.000000" />
  <attribute name="DerivativeT" value="-1.833333" />
  <attribute name="DerivativeI" value="-1.833333" />
  <attribute name="DerivativeH" value="-1.833333" />
  <attribute name="Loop Time for DT" value="9.000000" />
  <attribute name="Output H" value="2092630016"/>
  <attribute name="Output I" value="200"/>
  <attribute name="Output T" value="4"/>
  <attribute name="Target GC Util Change" value ="20.000000" />
  <attribute name="Current GC Util Change" value="9.000000"/>
  <attribute name="GC Util currently" value="9" />
  <attribute name="CPU Util currently" value="494288978406" />
<concurrent-collection-end id="371" timestamp="2019-06-15T03:44:10.931" />
<exclusive-end id="372" timestamp="2019-06-15T03:44:10.931" durationms="11.301" />

<exclusive-start id="373" timestamp="2019-06-15T03:44:11.439" intervalms="518.850">
  <response-info timems="0.026" idlems="0.026" threads="0" lastid="000000000260FD00" lastname="node-1" />
</exclusive-start>
<af-start id="374" threadId="0000000002610688" totalBytesRequested="32" timestamp="2019-06-15T03:44:11.439" intervalms="521.069" type="nursery" />
<cycle-start id="375" type="scavenge" contextid="0" timestamp="2019-06-15T03:44:11.439" intervalms="521.088" />
<gc-start id="376" type="scavenge" contextid="375" timestamp="2019-06-15T03:44:11.439">
  <mem-info id="377" free="2088531960" total="2092630016" percent="99">
    <mem type="nursery" free="0" total="2097152" percent="0">
      <mem type="allocate" free="0" total="1703936" percent="0" />
      <mem type="survivor" free="0" total="393216" percent="0" />
    </mem>
    <mem type="tenure" free="2088531960" total="2090532864" percent="99">
      <mem type="soa" free="1984006136" total="1986007040" percent="99" />
      <mem type="loa" free="104525824" total="104525824" percent="100" />
    </mem>
    <remembered-set count="107" />
  </mem-info>
</gc-start>
<allocation-stats totalBytes="1703288" >
  <allocated-bytes non-tlh="0" tlh="1703288" />
  <largest-consumer threadName="node-2" threadId="000000000260C100" bytes="585640" />
</allocation-stats>
<gc-op id="378" type="scavenge" timems="0.194" contextid="375" timestamp="2019-06-15T03:44:11.440">
  <scavenger-info tenureage="1" tenuremask="7ffe" tiltratio="81" />
  <memory-copied type="nursery" objects="17" bytes="288" bytesdiscarded="38880" />
</gc-op>
<gc-end id="379" type="scavenge" contextid="375" durationms="0.400" usertimems="0.000" systemtimems="0.000" timestamp="2019-06-15T03:44:11.440" activeThreads="4">
  <mem-info id="380" free="2090196728" total="2092630016" percent="99">
    <mem type="nursery" free="1664768" total="2097152" percent="79">
      <mem type="allocate" free="1664768" total="1703936" percent="97" />
      <mem type="survivor" free="0" total="393216" percent="0" />
    </mem>
    <mem type="tenure" free="2088531960" total="2090532864" percent="99">
      <mem type="soa" free="1984006136" total="1986007040" percent="99" />
      <mem type="loa" free="104525824" total="104525824" percent="100" />
    </mem>
    <remembered-set count="95" />
  </mem-info>
</gc-end>
<cycle-end id="381" type="scavenge" contextid="375" timestamp="2019-06-15T03:44:11.440" />
  <attribute name="elasticGC enabled" value="1" />
  <attribute name= "numThreadsSpecified" value="4" />
  <attribute name="heapSize specified" value="8388608" />
  <attribute name="Current GC Util" value="1" />
  <attribute name= "Current Time Running" value="7153" />
  <attribute name ="GC Interval" value="200" />
  <attribute name="ProportionalT" value="-9.500000" />
  <attribute name="ProportionalI" value="-9.500000" />
  <attribute name="ProportionalH" value="-9.500000" />
  <attribute name="Current Error" value="-19.000000" />
  <attribute name="IntegralT" value="-9671.000000" />
  <attribute name="IntegralI" value="-9671.000000" />
  <attribute name="IntegralH" value="-9671.000000" />
  <attribute name="DerivativeT" value="-0.055992" />
  <attribute name="DerivativeI" value="-0.055992" />
  <attribute name="DerivativeH" value="-0.055992" />
  <attribute name="Loop Time for DT" value="509.000000" />
  <attribute name="Output H" value="2092630016"/>
  <attribute name="Output I" value="200"/>
  <attribute name="Output T" value="4"/>
  <attribute name="Target GC Util Change" value ="20.000000" />
  <attribute name="Current GC Util Change" value="1.000000"/>
  <attribute name="GC Util currently" value="1" />
  <attribute name="CPU Util currently" value="4" />
<allocation-satisfied id="382" threadId="000000000260FD00" bytesRequested="32" />
<af-end id="383" timestamp="2019-06-15T03:44:11.440" threadId="0000000002610688" success="true" from="nursery"/>
<exclusive-end id="384" timestamp="2019-06-15T03:44:11.440" durationms="0.913" />

<exclusive-start id="385" timestamp="2019-06-15T03:44:11.958" intervalms="518.636">
  <response-info timems="0.019" idlems="0.019" threads="0" lastid="0000000002608500" lastname="node-0" />
</exclusive-start>
<af-start id="386" threadId="0000000002608E88" totalBytesRequested="24" timestamp="2019-06-15T03:44:11.958" intervalms="518.617" type="nursery" />
<cycle-start id="387" type="scavenge" contextid="0" timestamp="2019-06-15T03:44:11.958" intervalms="518.599" />
<gc-start id="388" type="scavenge" contextid="387" timestamp="2019-06-15T03:44:11.958">
  <mem-info id="389" free="2088531960" total="2092630016" percent="99">
    <mem type="nursery" free="0" total="2097152" percent="0">
      <mem type="allocate" free="0" total="1703936" percent="0" />
      <mem type="survivor" free="0" total="393216" percent="0" />
    </mem>
    <mem type="tenure" free="2088531960" total="2090532864" percent="99">
      <mem type="soa" free="1984006136" total="1986007040" percent="99" />
      <mem type="loa" free="104525824" total="104525824" percent="100" />
    </mem>
    <remembered-set count="107" />
  </mem-info>
</gc-start>
<allocation-stats totalBytes="1664336" >
  <allocated-bytes non-tlh="32" tlh="1664304" />
  <largest-consumer threadName="node-0" threadId="0000000002608500" bytes="558672" />
</allocation-stats>
<gc-op id="390" type="scavenge" timems="0.150" contextid="387" timestamp="2019-06-15T03:44:11.958">
  <scavenger-info tenureage="2" tenuremask="7ffc" tiltratio="81" />
  <memory-copied type="nursery" objects="19" bytes="336" bytesdiscarded="38832" />
</gc-op>
<gc-end id="391" type="scavenge" contextid="387" durationms="0.306" usertimems="0.000" systemtimems="0.000" timestamp="2019-06-15T03:44:11.958" activeThreads="4">
  <mem-info id="392" free="2090262264" total="2092630016" percent="99">
    <mem type="nursery" free="1730304" total="2097152" percent="82">
      <mem type="allocate" free="1730304" total="1769472" percent="97" />
      <mem type="survivor" free="0" total="327680" percent="0" />
    </mem>
    <mem type="tenure" free="2088531960" total="2090532864" percent="99">
      <mem type="soa" free="1984006136" total="1986007040" percent="99" />
      <mem type="loa" free="104525824" total="104525824" percent="100" />
    </mem>
    <remembered-set count="95" />
  </mem-info>
</gc-end>
<cycle-end id="393" type="scavenge" contextid="387" timestamp="2019-06-15T03:44:11.958" />
  <attribute name="elasticGC enabled" value="1" />
  <attribute name= "numThreadsSpecified" value="4" />
  <attribute name="heapSize specified" value="8388608" />
  <attribute name="Current GC Util" value="0" />
  <attribute name= "Current Time Running" value="7671" />
  <attribute name ="GC Interval" value="200" />
  <attribute name="ProportionalT" value="-10.000000" />
  <attribute name="ProportionalI" value="-10.000000" />
  <attribute name="ProportionalH" value="-10.000000" />
  <attribute name="Current Error" value="-20.000000" />
  <attribute name="IntegralT" value="-10360.000000" />
  <attribute name="IntegralI" value="-10360.000000" />
  <attribute name="IntegralH" value="-10360.000000" />
  <attribute name="DerivativeT" value="-0.057915" />
  <attribute name="DerivativeI" value="-0.057915" />
  <attribute name="DerivativeH" value="-0.057915" />
  <attribute name="Loop Time for DT" value="518.000000" />
  <attribute name="Output H" value="2092630016"/>
  <attribute name="Output I" value="200"/>
  <attribute name="Output T" value="4"/>
  <attribute name="Target GC Util Change" value ="20.000000" />
  <attribute name="Current GC Util Change" value="0.000000"/>
  <attribute name="GC Util currently" value="0" />
  <attribute name="CPU Util currently" value="1" />
<allocation-satisfied id="394" threadId="0000000002608500" bytesRequested="24" />
<af-end id="395" timestamp="2019-06-15T03:44:11.958" threadId="0000000002608E88" success="true" from="nursery"/>
<exclusive-end id="396" timestamp="2019-06-15T03:44:11.958" durationms="0.708" />

<exclusive-start id="397" timestamp="2019-06-15T03:44:12.472" intervalms="514.586">
  <response-info timems="0.026" idlems="0.026" threads="0" lastid="0000000002608500" lastname="node-0" />
</exclusive-start>
<af-start id="398" threadId="0000000002608E88" totalBytesRequested="24" timestamp="2019-06-15T03:44:12.472" intervalms="514.592" type="nursery" />
<cycle-start id="399" type="scavenge" contextid="0" timestamp="2019-06-15T03:44:12.472" intervalms="514.681" />
<gc-start id="400" type="scavenge" contextid="399" timestamp="2019-06-15T03:44:12.473">
  <mem-info id="401" free="2088531960" total="2092630016" percent="99">
    <mem type="nursery" free="0" total="2097152" percent="0">
      <mem type="allocate" free="0" total="1769472" percent="0" />
      <mem type="survivor" free="0" total="327680" percent="0" />
    </mem>
    <mem type="tenure" free="2088531960" total="2090532864" percent="99">
      <mem type="soa" free="1984006136" total="1986007040" percent="99" />
      <mem type="loa" free="104525824" total="104525824" percent="100" />
    </mem>
    <remembered-set count="107" />
  </mem-info>
</gc-start>
<allocation-stats totalBytes="1730008" >
  <allocated-bytes non-tlh="24" tlh="1729984" />
  <largest-consumer threadName="node-2" threadId="000000000260C100" bytes="593824" />
</allocation-stats>
<gc-op id="402" type="scavenge" timems="0.180" contextid="399" timestamp="2019-06-15T03:44:12.473">
  <scavenger-info tenureage="3" tenuremask="7ff8" tiltratio="84" />
  <memory-copied type="nursery" objects="18" bytes="312" bytesdiscarded="38856" />
</gc-op>
<gc-end id="403" type="scavenge" contextid="399" durationms="0.595" usertimems="0.000" systemtimems="0.000" timestamp="2019-06-15T03:44:12.473" activeThreads="4">
  <mem-info id="404" free="2090327800" total="2092630016" percent="99">
    <mem type="nursery" free="1795840" total="2097152" percent="85">
      <mem type="allocate" free="1795840" total="1835008" percent="97" />
      <mem type="survivor" free="0" total="262144" percent="0" />
    </mem>
    <mem type="tenure" free="2088531960" total="2090532864" percent="99">
      <mem type="soa" free="1984006136" total="1986007040" percent="99" />
      <mem type="loa" free="104525824" total="104525824" percent="100" />
    </mem>
    <remembered-set count="93" />
  </mem-info>
</gc-end>
<cycle-end id="405" type="scavenge" contextid="399" timestamp="2019-06-15T03:44:12.473" />
  <attribute name="elasticGC enabled" value="1" />
  <attribute name= "numThreadsSpecified" value="4" />
  <attribute name="heapSize specified" value="8388608" />
  <attribute name="Current GC Util" value="0" />
  <attribute name= "Current Time Running" value="8186" />
  <attribute name ="GC Interval" value="200" />
  <attribute name="ProportionalT" value="-10.000000" />
  <attribute name="ProportionalI" value="-10.000000" />
  <attribute name="ProportionalH" value="-10.000000" />
  <attribute name="Current Error" value="-20.000000" />
  <attribute name="IntegralT" value="-10300.000000" />
  <attribute name="IntegralI" value="-10300.000000" />
  <attribute name="IntegralH" value="-10300.000000" />
  <attribute name="DerivativeT" value="-0.058252" />
  <attribute name="DerivativeI" value="-0.058252" />
  <attribute name="DerivativeH" value="-0.058252" />
  <attribute name="Loop Time for DT" value="515.000000" />
  <attribute name="Output H" value="2092630016"/>
  <attribute name="Output I" value="200"/>
  <attribute name="Output T" value="4"/>
  <attribute name="Target GC Util Change" value ="20.000000" />
  <attribute name="Current GC Util Change" value="0.000000"/>
  <attribute name="GC Util currently" value="0" />
  <attribute name="CPU Util currently" value="5" />
<allocation-satisfied id="406" threadId="0000000002608500" bytesRequested="24" />
<af-end id="407" timestamp="2019-06-15T03:44:12.473" threadId="0000000002608E88" success="true" from="nursery"/>
<exclusive-end id="408" timestamp="2019-06-15T03:44:12.474" durationms="1.360" />

<exclusive-start id="409" timestamp="2019-06-15T03:44:12.990" intervalms="517.634">
  <response-info timems="0.097" idlems="0.055" threads="1" lastid="0000000002356300" lastname="JIT Compilation Thread-0" />
</exclusive-start>
<af-start id="410" threadId="000000000260CA88" totalBytesRequested="32" timestamp="2019-06-15T03:44:12.990" intervalms="517.628" type="nursery" />
<cycle-start id="411" type="scavenge" contextid="0" timestamp="2019-06-15T03:44:12.990" intervalms="517.546" />
<gc-start id="412" type="scavenge" contextid="411" timestamp="2019-06-15T03:44:12.990">
  <mem-info id="413" free="2088531960" total="2092630016" percent="99">
    <mem type="nursery" free="0" total="2097152" percent="0">
      <mem type="allocate" free="0" total="1835008" percent="0" />
      <mem type="survivor" free="0" total="262144" percent="0" />
    </mem>
    <mem type="tenure" free="2088531960" total="2090532864" percent="99">
      <mem type="soa" free="1984006136" total="1986007040" percent="99" />
      <mem type="loa" free="104525824" total="104525824" percent="100" />
    </mem>
    <remembered-set count="105" />
  </mem-info>
</gc-start>
<allocation-stats totalBytes="1795280" >
  <allocated-bytes non-tlh="24" tlh="1795256" />
  <largest-consumer threadName="node-2" threadId="000000000260C100" bytes="607808" />
</allocation-stats>
<gc-op id="414" type="scavenge" timems="1.710" contextid="411" timestamp="2019-06-15T03:44:12.992">
  <scavenger-info tenureage="4" tenuremask="7ff0" tiltratio="87" />
  <memory-copied type="nursery" objects="26" bytes="1008" bytesdiscarded="38160" />
</gc-op>
<gc-end id="415" type="scavenge" contextid="411" durationms="2.037" usertimems="0.000" systemtimems="0.000" timestamp="2019-06-15T03:44:12.992" activeThreads="4">
  <mem-info id="416" free="2090327800" total="2092630016" percent="99">
    <mem type="nursery" free="1795840" total="2097152" percent="85">
      <mem type="allocate" free="1795840" total="1835008" percent="97" />
      <mem type="survivor" free="0" total="262144" percent="0" />
    </mem>
    <mem type="tenure" free="2088531960" total="2090532864" percent="99">
      <mem type="soa" free="1984006136" total="1986007040" percent="99" />
      <mem type="loa" free="104525824" total="104525824" percent="100" />
    </mem>
    <remembered-set count="99" />
  </mem-info>
</gc-end>
<cycle-end id="417" type="scavenge" contextid="411" timestamp="2019-06-15T03:44:12.992" />
  <attribute name="elasticGC enabled" value="1" />
  <attribute name= "numThreadsSpecified" value="4" />
  <attribute name="heapSize specified" value="8388608" />
  <attribute name="Current GC Util" value="0" />
  <attribute name= "Current Time Running" value="8703" />
  <attribute name ="GC Interval" value="200" />
  <attribute name="ProportionalT" value="-10.000000" />
  <attribute name="ProportionalI" value="-10.000000" />
  <attribute name="ProportionalH" value="-10.000000" />
  <attribute name="Current Error" value="-20.000000" />
  <attribute name="IntegralT" value="-10340.000000" />
  <attribute name="IntegralI" value="-10340.000000" />
  <attribute name="IntegralH" value="-10340.000000" />
  <attribute name="DerivativeT" value="-0.058027" />
  <attribute name="DerivativeI" value="-0.058027" />
  <attribute name="DerivativeH" value="-0.058027" />
  <attribute name="Loop Time for DT" value="517.000000" />
  <attribute name="Output H" value="2092630016"/>
  <attribute name="Output I" value="200"/>
  <attribute name="Output T" value="4"/>
  <attribute name="Target GC Util Change" value ="20.000000" />
  <attribute name="Current GC Util Change" value="0.000000"/>
  <attribute name="GC Util currently" value="0" />
  <attribute name="CPU Util currently" value="3" />
<allocation-satisfied id="418" threadId="000000000260C100" bytesRequested="32" />
<af-end id="419" timestamp="2019-06-15T03:44:12.992" threadId="000000000260CA88" success="true" from="nursery"/>
<exclusive-end id="420" timestamp="2019-06-15T03:44:12.993" durationms="2.751" />

<exclusive-start id="421" timestamp="2019-06-15T03:44:13.537" intervalms="547.088">
  <response-info timems="0.023" idlems="0.023" threads="0" lastid="000000000260FD00" lastname="node-1" />
</exclusive-start>
<af-start id="422" threadId="0000000002610688" totalBytesRequested="32" timestamp="2019-06-15T03:44:13.537" intervalms="547.093" type="nursery" />
<cycle-start id="423" type="scavenge" contextid="0" timestamp="2019-06-15T03:44:13.537" intervalms="547.132" />
<gc-start id="424" type="scavenge" contextid="423" timestamp="2019-06-15T03:44:13.537">
  <mem-info id="425" free="2088531960" total="2092630016" percent="99">
    <mem type="nursery" free="0" total="2097152" percent="0">
      <mem type="allocate" free="0" total="1835008" percent="0" />
      <mem type="survivor" free="0" total="262144" percent="0" />
    </mem>
    <mem type="tenure" free="2088531960" total="2090532864" percent="99">
      <mem type="soa" free="1984006136" total="1986007040" percent="99" />
      <mem type="loa" free="104525824" total="104525824" percent="100" />
    </mem>
    <remembered-set count="105" />
  </mem-info>
</gc-start>
<allocation-stats totalBytes="1794888" >
  <allocated-bytes non-tlh="32" tlh="1794856" />
  <largest-consumer threadName="node-2" threadId="000000000260C100" bytes="634160" />
</allocation-stats>
<gc-op id="426" type="scavenge" timems="0.181" contextid="423" timestamp="2019-06-15T03:44:13.538">
  <scavenger-info tenureage="5" tenuremask="7fe0" tiltratio="87" />
  <memory-copied type="nursery" objects="19" bytes="336" bytesdiscarded="78000" />
</gc-op>
<gc-end id="427" type="scavenge" contextid="423" durationms="0.720" usertimems="0.000" systemtimems="0.000" timestamp="2019-06-15T03:44:13.538" activeThreads="4">
  <mem-info id="428" free="2090288632" total="2092630016" percent="99">
    <mem type="nursery" free="1756672" total="2097152" percent="83">
      <mem type="allocate" free="1756672" total="1835008" percent="95" />
      <mem type="survivor" free="0" total="262144" percent="0" />
    </mem>
    <mem type="tenure" free="2088531960" total="2090532864" percent="99">
      <mem type="soa" free="1984006136" total="1986007040" percent="99" />
      <mem type="loa" free="104525824" total="104525824" percent="100" />
    </mem>
    <remembered-set count="90" />
  </mem-info>
</gc-end>
<cycle-end id="429" type="scavenge" contextid="423" timestamp="2019-06-15T03:44:13.538" />
  <attribute name="elasticGC enabled" value="1" />
  <attribute name= "numThreadsSpecified" value="4" />
  <attribute name="heapSize specified" value="8388608" />
  <attribute name="Current GC Util" value="0" />
  <attribute name= "Current Time Running" value="9251" />
  <attribute name ="GC Interval" value="200" />
  <attribute name="ProportionalT" value="-10.000000" />
  <attribute name="ProportionalI" value="-10.000000" />
  <attribute name="ProportionalH" value="-10.000000" />
  <attribute name="Current Error" value="-20.000000" />
  <attribute name="IntegralT" value="-10960.000000" />
  <attribute name="IntegralI" value="-10960.000000" />
  <attribute name="IntegralH" value="-10960.000000" />
  <attribute name="DerivativeT" value="-0.054745" />
  <attribute name="DerivativeI" value="-0.054745" />
  <attribute name="DerivativeH" value="-0.054745" />
  <attribute name="Loop Time for DT" value="548.000000" />
  <attribute name="Output H" value="2092630016"/>
  <attribute name="Output I" value="200"/>
  <attribute name="Output T" value="4"/>
  <attribute name="Target GC Util Change" value ="20.000000" />
  <attribute name="Current GC Util Change" value="0.000000"/>
  <attribute name="GC Util currently" value="0" />
  <attribute name="CPU Util currently" value="4" />
<allocation-satisfied id="430" threadId="000000000260FD00" bytesRequested="32" />
<af-end id="431" timestamp="2019-06-15T03:44:13.538" threadId="0000000002610688" success="true" from="nursery"/>
<exclusive-end id="432" timestamp="2019-06-15T03:44:13.538" durationms="1.415" />

</verbosegc>

