<?xml version="1.0" ?>

<verbosegc xmlns="http://www.ibm.com/j9/verbosegc" version="10b4217_CMPRSS">

<initialized id="1" timestamp="2019-06-15T03:42:49.075">
  <attribute name="gcPolicy" value="-Xgcpolicy:gencon" />
  <attribute name="elasticGC enabled" value="1" />
  <attribute name= "numThreadsSpecified" value="0" />
  <attribute name="heapSize specified" value="0" />
  <attribute name="Current GC Util" value="0" />
  <attribute name= "Current Time Running" value="0" />
  <attribute name ="GC Interval" value="0" />
  <attribute name="ProportionalT" value="0.000000" />
  <attribute name="ProportionalI" value="0.000000" />
  <attribute name="ProportionalH" value="0.000000" />
  <attribute name="IntegralT" value="0.000000" />
  <attribute name="IntegralI" value="0.000000" />
  <attribute name="IntegralH" value="0.000000" />
  <attribute name="DerivativeT" value="0.000000" />
  <attribute name="DerivativeI" value="0.000000" />
  <attribute name="DerivativeH" value="0.000000" />
  <attribute name="Target GC Util Change" value ="0.000000" />
  <attribute name="Current GC Util Change" value="0.000000"/>
  <attribute name="Current Error" value="0.000000" />
  <attribute name="Loop Time for DT" value="0.000000" />
  <attribute name="Output H" value="0"/>
  <attribute name="Output I" value="0"/>
  <attribute name="Output T" value="0"/>
  <attribute name="GC Util currently" value="0" />
  <attribute name="CPU Util currently" value="0" />
  <attribute name="maxHeapSize" value="0x7cbc0000" />
  <attribute name="initialHeapSize" value="0x800000" />
  <attribute name="compressedRefs" value="true" />
  <attribute name="compressedRefsDisplacement" value="0x0" />
  <attribute name="compressedRefsShift" value="0x0" />
  <attribute name="pageSize" value="0x1000" />
  <attribute name="pageType" value="not used" />
  <attribute name="requestedPageSize" value="0x1000" />
  <attribute name="requestedPageType" value="not used" />
  <attribute name="gcthreads" value="4" />
  <attribute name="gcthreads Concurrent Mark" value="1" />
  <attribute name="packetListSplit" value="4" />
  <attribute name="cacheListSplit" value="4" />
  <attribute name="splitFreeListSplitAmount" value="1" />
  <attribute name="numaNodes" value="0" />
  <system>
    <attribute name="physicalMemory" value="8370962432" />
    <attribute name="numCPUs" value="4" />
    <attribute name="architecture" value="amd64" />
    <attribute name="os" value="Linux" />
    <attribute name="osVersion" value="4.4.0-148-generic" />
  </system>
  <vmargs>
    <vmarg name="-Xoptionsfile=/vagrant/jdk/lib/options.default" />
    <vmarg name="-Xlockword:mode=default,noLockword=java/lang/String,noLockword=java/util/MapEntry,noLockword=java/util/HashMap$Entry,noLockword..." />
    <vmarg name="-Xjcl:jclse29" />
    <vmarg name="-Dcom.ibm.oti.vm.bootstrap.library.path=/vagrant/jdk/lib/compressedrefs:/vagrant/jdk/lib" />
    <vmarg name="-Dsun.boot.library.path=/vagrant/jdk/lib/compressedrefs:/vagrant/jdk/lib" />
    <vmarg name="-Djava.library.path=/vagrant/jdk/lib/compressedrefs:/vagrant/jdk/lib:/usr/lib64:/usr/lib" />
    <vmarg name="-Djava.home=/vagrant/jdk" />
    <vmarg name="-Duser.dir=/vagrant" />
    <vmarg name="-verbose:gc" />
    <vmarg name="-Xgcelastic" />
    <vmarg name="-Xcheck:gc:::elasticGC" />
    <vmarg name="-Xloggc:small-jdk0.5-1-1.5-verbose5avrora.txt" />
    <vmarg name="-Djava.class.path=dacapo-9.12-MR1-bach.jar" />
    <vmarg name="-Dsun.java.command=dacapo-9.12-MR1-bach.jar avrora --size=small" />
    <vmarg name="-Dsun.java.launcher=SUN_STANDARD" />
    <vmarg name="-Dsun.java.launcher.pid=1583" />
  </vmargs>
</initialized>

<exclusive-start id="2" timestamp="2019-06-15T03:42:49.263" intervalms="188.078">
  <response-info timems="0.092" idlems="0.092" threads="0" lastid="0000000001A5F700" lastname="main" />
</exclusive-start>
<af-start id="3" threadId="0000000001A60088" totalBytesRequested="7176" timestamp="2019-06-15T03:42:49.263" intervalms="188.339" type="nursery" />
<cycle-start id="4" type="scavenge" contextid="0" timestamp="2019-06-15T03:42:49.264" intervalms="188.798" />
<gc-start id="5" type="scavenge" contextid="4" timestamp="2019-06-15T03:42:49.269">
  <mem-info id="6" free="6062624" total="8388608" percent="72">
    <mem type="nursery" free="0" total="2097152" percent="0">
      <mem type="allocate" free="0" total="1048576" percent="0" />
      <mem type="survivor" free="0" total="1048576" percent="0" />
    </mem>
    <mem type="tenure" free="6062624" total="6291456" percent="96">
      <mem type="soa" free="5748256" total="5977088" percent="96" />
      <mem type="loa" free="314368" total="314368" percent="100" />
    </mem>
    <remembered-set count="3161" />
  </mem-info>
</gc-start>
<allocation-stats totalBytes="1275912" >
  <allocated-bytes non-tlh="344784" tlh="931128" />
  <largest-consumer threadName="main" threadId="0000000001A5F700" bytes="1199696" />
</allocation-stats>
<gc-op id="7" type="scavenge" timems="2.309" contextid="4" timestamp="2019-06-15T03:42:49.272">
  <scavenger-info tenureage="2" tenuremask="fffc" tiltratio="50" />
  <memory-copied type="nursery" objects="10578" bytes="479584" bytesdiscarded="120056" />
  <finalization candidates="11" enqueued="0" />
  <references type="soft" candidates="62" cleared="0" enqueued="0" dynamicThreshold="32" maxThreshold="32" />
  <references type="weak" candidates="309" cleared="177" enqueued="141" />
  <references type="phantom" candidates="25" cleared="6" enqueued="6" />
</gc-op>
<gc-end id="8" type="scavenge" contextid="4" durationms="5.975" usertimems="8.000" systemtimems="0.000" timestamp="2019-06-15T03:42:49.275" activeThreads="4">
  <mem-info id="9" free="6509464" total="8388608" percent="77">
    <mem type="nursery" free="446840" total="2097152" percent="21">
      <mem type="allocate" free="446840" total="1048576" percent="42" />
      <mem type="survivor" free="0" total="1048576" percent="0" />
    </mem>
    <mem type="tenure" free="6062624" total="6291456" percent="96">
      <mem type="soa" free="5748256" total="5977088" percent="96" />
      <mem type="loa" free="314368" total="314368" percent="100" />
    </mem>
    <pending-finalizers system="0" default="0" reference="147" classloader="0" />
    <remembered-set count="3161" />
  </mem-info>
</gc-end>
<cycle-end id="10" type="scavenge" contextid="4" timestamp="2019-06-15T03:42:49.275" />
  <attribute name="elasticGC enabled" value="1" />
  <attribute name= "numThreadsSpecified" value="0" />
  <attribute name="heapSize specified" value="0" />
  <attribute name="Current GC Util" value="0" />
  <attribute name= "Current Time Running" value="80" />
  <attribute name ="GC Interval" value="1" />
  <attribute name="ProportionalT" value="0.000000" />
  <attribute name="ProportionalI" value="0.000000" />
  <attribute name="ProportionalH" value="0.000000" />
  <attribute name="Current Error" value="0.000000" />
  <attribute name="IntegralT" value="0.000000" />
  <attribute name="IntegralI" value="0.000000" />
  <attribute name="IntegralH" value="0.000000" />
  <attribute name="DerivativeT" value="0.000000" />
  <attribute name="DerivativeI" value="0.000000" />
  <attribute name="DerivativeH" value="0.000000" />
  <attribute name="Loop Time for DT" value="0.000000" />
  <attribute name="Output H" value="0"/>
  <attribute name="Output I" value="0"/>
  <attribute name="Output T" value="0"/>
  <attribute name="Target GC Util Change" value ="20.000000" />
  <attribute name="Current GC Util Change" value="0.000000"/>
  <attribute name="GC Util currently" value="0" />
  <attribute name="CPU Util currently" value="31" />
<allocation-satisfied id="11" threadId="0000000001A5F700" bytesRequested="7176" />
<af-end id="12" timestamp="2019-06-15T03:42:49.275" threadId="0000000001A60088" success="true" from="nursery"/>
<exclusive-end id="13" timestamp="2019-06-15T03:42:49.276" durationms="12.446" />

<exclusive-start id="14" timestamp="2019-06-15T03:42:49.309" intervalms="45.668">
  <response-info timems="0.029" idlems="0.029" threads="0" lastid="0000000001A5F700" lastname="main" />
</exclusive-start>
<af-start id="15" threadId="0000000001A60088" totalBytesRequested="80" timestamp="2019-06-15T03:42:49.309" intervalms="45.479" type="nursery" />
<cycle-start id="16" type="scavenge" contextid="0" timestamp="2019-06-15T03:42:49.309" intervalms="45.083" />
<gc-start id="17" type="scavenge" contextid="16" timestamp="2019-06-15T03:42:49.313">
  <mem-info id="18" free="6054888" total="8388608" percent="72">
    <mem type="nursery" free="0" total="2097152" percent="0">
      <mem type="allocate" free="0" total="1048576" percent="0" />
      <mem type="survivor" free="0" total="1048576" percent="0" />
    </mem>
    <mem type="tenure" free="6054888" total="6291456" percent="96">
      <mem type="soa" free="5740520" total="5977088" percent="96" />
      <mem type="loa" free="314368" total="314368" percent="100" />
    </mem>
    <remembered-set count="3262" />
  </mem-info>
</gc-start>
<allocation-stats totalBytes="453208" >
  <allocated-bytes non-tlh="14912" tlh="438296" />
  <largest-consumer threadName="main" threadId="0000000001A5F700" bytes="441232" />
</allocation-stats>
<gc-op id="19" type="scavenge" timems="0.788" contextid="16" timestamp="2019-06-15T03:42:49.314">
  <scavenger-info tenureage="5" tenuremask="7fe0" tiltratio="50" />
  <memory-copied type="nursery" objects="11514" bytes="500512" bytesdiscarded="81232" />
  <finalization candidates="11" enqueued="0" />
  <references type="soft" candidates="62" cleared="0" enqueued="0" dynamicThreshold="32" maxThreshold="32" />
  <references type="weak" candidates="237" cleared="93" enqueued="90" />
  <references type="phantom" candidates="35" cleared="11" enqueued="11" />
</gc-op>
<gc-end id="20" type="scavenge" contextid="16" durationms="0.968" usertimems="0.000" systemtimems="0.000" timestamp="2019-06-15T03:42:49.314" activeThreads="4">
  <mem-info id="21" free="6520264" total="8388608" percent="77">
    <mem type="nursery" free="465376" total="2097152" percent="22">
      <mem type="allocate" free="465376" total="1048576" percent="44" />
      <mem type="survivor" free="0" total="1048576" percent="0" />
    </mem>
    <mem type="tenure" free="6054888" total="6291456" percent="96">
      <mem type="soa" free="5740520" total="5977088" percent="96" />
      <mem type="loa" free="314368" total="314368" percent="100" />
    </mem>
    <pending-finalizers system="0" default="0" reference="101" classloader="0" />
    <remembered-set count="3262" />
  </mem-info>
</gc-end>
<cycle-end id="22" type="scavenge" contextid="16" timestamp="2019-06-15T03:42:49.314" />
  <attribute name="elasticGC enabled" value="1" />
  <attribute name= "numThreadsSpecified" value="4" />
  <attribute name="heapSize specified" value="0" />
  <attribute name="Current GC Util" value="26" />
  <attribute name= "Current Time Running" value="123" />
  <attribute name ="GC Interval" value="264" />
  <attribute name="ProportionalT" value="3.000000" />
  <attribute name="ProportionalI" value="3.000000" />
  <attribute name="ProportionalH" value="3.000000" />
  <attribute name="Current Error" value="6.000000" />
  <attribute name="IntegralT" value="258.000000" />
  <attribute name="IntegralI" value="258.000000" />
  <attribute name="IntegralH" value="258.000000" />
  <attribute name="DerivativeT" value="0.209302" />
  <attribute name="DerivativeI" value="0.209302" />
  <attribute name="DerivativeH" value="0.209302" />
  <attribute name="Loop Time for DT" value="43.000000" />
  <attribute name="Output H" value="8388608"/>
  <attribute name="Output I" value="264"/>
  <attribute name="Output T" value="4"/>
  <attribute name="Target GC Util Change" value ="20.000000" />
  <attribute name="Current GC Util Change" value="26.000000"/>
  <attribute name="GC Util currently" value="26" />
  <attribute name="CPU Util currently" value="10" />
<allocation-satisfied id="23" threadId="0000000001A5F700" bytesRequested="80" />
<af-end id="24" timestamp="2019-06-15T03:42:49.314" threadId="0000000001A60088" success="true" from="nursery"/>
<exclusive-end id="25" timestamp="2019-06-15T03:42:49.314" durationms="5.359" />

<exclusive-start id="26" timestamp="2019-06-15T03:42:49.547" intervalms="238.640">
  <response-info timems="0.024" idlems="0.024" threads="0" lastid="0000000001A5F700" lastname="main" />
</exclusive-start>
<af-start id="27" threadId="0000000001A60088" totalBytesRequested="128" timestamp="2019-06-15T03:42:49.547" intervalms="238.663" type="nursery" />
<cycle-start id="28" type="scavenge" contextid="0" timestamp="2019-06-15T03:42:49.548" intervalms="238.668" />
<gc-start id="29" type="scavenge" contextid="28" timestamp="2019-06-15T03:42:49.548">
  <mem-info id="30" free="6054888" total="8388608" percent="72">
    <mem type="nursery" free="0" total="2097152" percent="0">
      <mem type="allocate" free="0" total="1048576" percent="0" />
      <mem type="survivor" free="0" total="1048576" percent="0" />
    </mem>
    <mem type="tenure" free="6054888" total="6291456" percent="96">
      <mem type="soa" free="5740520" total="5977088" percent="96" />
      <mem type="loa" free="314368" total="314368" percent="100" />
    </mem>
    <remembered-set count="3262" />
  </mem-info>
</gc-start>
<allocation-stats totalBytes="465080" >
  <allocated-bytes non-tlh="80" tlh="465000" />
  <largest-consumer threadName="main" threadId="0000000001A5F700" bytes="456888" />
</allocation-stats>
<gc-op id="31" type="scavenge" timems="0.870" contextid="28" timestamp="2019-06-15T03:42:49.549">
  <scavenger-info tenureage="4" tenuremask="7ff0" tiltratio="50" />
  <memory-copied type="nursery" objects="10890" bytes="485176" bytesdiscarded="76720" />
  <finalization candidates="11" enqueued="0" />
  <references type="soft" candidates="62" cleared="0" enqueued="0" dynamicThreshold="32" maxThreshold="32" />
  <references type="weak" candidates="144" cleared="0" enqueued="0" />
  <references type="phantom" candidates="24" cleared="0" enqueued="0" />
</gc-op>
<gc-end id="32" type="scavenge" contextid="28" durationms="1.049" usertimems="0.000" systemtimems="0.000" timestamp="2019-06-15T03:42:49.549" activeThreads="4">
  <mem-info id="33" free="6540120" total="8388608" percent="77">
    <mem type="nursery" free="485232" total="2097152" percent="23">
      <mem type="allocate" free="485232" total="1048576" percent="46" />
      <mem type="survivor" free="0" total="1048576" percent="0" />
    </mem>
    <mem type="tenure" free="6054888" total="6291456" percent="96">
      <mem type="soa" free="5740520" total="5977088" percent="96" />
      <mem type="loa" free="314368" total="314368" percent="100" />
    </mem>
    <remembered-set count="992" />
  </mem-info>
</gc-end>
<cycle-end id="34" type="scavenge" contextid="28" timestamp="2019-06-15T03:42:49.549" />
  <attribute name="elasticGC enabled" value="1" />
  <attribute name= "numThreadsSpecified" value="4" />
  <attribute name="heapSize specified" value="0" />
  <attribute name="Current GC Util" value="2" />
  <attribute name= "Current Time Running" value="358" />
  <attribute name ="GC Interval" value="200" />
  <attribute name="ProportionalT" value="-9.000000" />
  <attribute name="ProportionalI" value="-9.000000" />
  <attribute name="ProportionalH" value="-9.000000" />
  <attribute name="Current Error" value="-18.000000" />
  <attribute name="IntegralT" value="-3972.000000" />
  <attribute name="IntegralI" value="-3972.000000" />
  <attribute name="IntegralH" value="-3972.000000" />
  <attribute name="DerivativeT" value="-0.153191" />
  <attribute name="DerivativeI" value="-0.153191" />
  <attribute name="DerivativeH" value="-0.153191" />
  <attribute name="Loop Time for DT" value="235.000000" />
  <attribute name="Output H" value="2092630016"/>
  <attribute name="Output I" value="200"/>
  <attribute name="Output T" value="4"/>
  <attribute name="Target GC Util Change" value ="20.000000" />
  <attribute name="Current GC Util Change" value="2.000000"/>
  <attribute name="GC Util currently" value="2" />
  <attribute name="CPU Util currently" value="6" />
<allocation-satisfied id="35" threadId="0000000001A5F700" bytesRequested="128" />
<af-end id="36" timestamp="2019-06-15T03:42:49.549" threadId="0000000001A60088" success="true" from="nursery"/>
<exclusive-end id="37" timestamp="2019-06-15T03:42:49.549" durationms="1.485" />

<exclusive-start id="38" timestamp="2019-06-15T03:42:49.591" intervalms="43.615">
  <response-info timems="0.105" idlems="0.105" threads="0" lastid="0000000001A5F700" lastname="main" />
</exclusive-start>
<af-start id="39" threadId="0000000001A60088" totalBytesRequested="20232" timestamp="2019-06-15T03:42:49.591" intervalms="43.722" type="nursery" />
<cycle-start id="40" type="scavenge" contextid="0" timestamp="2019-06-15T03:42:49.591" intervalms="43.811" />
<gc-start id="41" type="scavenge" contextid="40" timestamp="2019-06-15T03:42:49.592">
  <mem-info id="42" free="6052200" total="8388608" percent="72">
    <mem type="nursery" free="0" total="2097152" percent="0">
      <mem type="allocate" free="0" total="1048576" percent="0" />
      <mem type="survivor" free="0" total="1048576" percent="0" />
    </mem>
    <mem type="tenure" free="6052200" total="6291456" percent="96">
      <mem type="soa" free="5737832" total="5977088" percent="95" />
      <mem type="loa" free="314368" total="314368" percent="100" />
    </mem>
    <remembered-set count="1025" />
  </mem-info>
</gc-start>
<allocation-stats totalBytes="470104" >
  <allocated-bytes non-tlh="2816" tlh="467288" />
  <largest-consumer threadName="main" threadId="0000000001A5F700" bytes="470104" />
</allocation-stats>
<gc-op id="43" type="scavenge" timems="0.970" contextid="40" timestamp="2019-06-15T03:42:49.593">
  <scavenger-info tenureage="3" tenuremask="fff8" tiltratio="50" />
  <memory-copied type="nursery" objects="637" bytes="79864" bytesdiscarded="86904" />
  <memory-copied type="tenure" objects="10291" bytes="460040" bytesdiscarded="768" />
  <finalization candidates="11" enqueued="0" />
  <references type="weak" candidates="95" cleared="78" enqueued="78" />
  <references type="phantom" candidates="18" cleared="10" enqueued="10" />
</gc-op>
<gc-end id="44" type="scavenge" contextid="40" durationms="1.470" usertimems="0.000" systemtimems="0.000" timestamp="2019-06-15T03:42:49.593" activeThreads="4">
  <mem-info id="45" free="6376528" total="8388608" percent="76">
    <mem type="nursery" free="881792" total="2097152" percent="42">
      <mem type="allocate" free="881792" total="1048576" percent="84" />
      <mem type="survivor" free="0" total="1048576" percent="0" />
    </mem>
    <mem type="tenure" free="5494736" total="6291456" percent="87">
      <mem type="soa" free="5180368" total="5977088" percent="86" />
      <mem type="loa" free="314368" total="314368" percent="100" />
    </mem>
    <pending-finalizers system="0" default="0" reference="88" classloader="0" />
    <remembered-set count="141" />
  </mem-info>
</gc-end>
<cycle-end id="46" type="scavenge" contextid="40" timestamp="2019-06-15T03:42:49.593" />
  <attribute name="elasticGC enabled" value="1" />
  <attribute name= "numThreadsSpecified" value="4" />
  <attribute name="heapSize specified" value="0" />
  <attribute name="Current GC Util" value="3" />
  <attribute name= "Current Time Running" value="402" />
  <attribute name ="GC Interval" value="200" />
  <attribute name="ProportionalT" value="-8.500000" />
  <attribute name="ProportionalI" value="-8.500000" />
  <attribute name="ProportionalH" value="-8.500000" />
  <attribute name="Current Error" value="-17.000000" />
  <attribute name="IntegralT" value="-4720.000000" />
  <attribute name="IntegralI" value="-4720.000000" />
  <attribute name="IntegralH" value="-4720.000000" />
  <attribute name="DerivativeT" value="-0.579545" />
  <attribute name="DerivativeI" value="-0.579545" />
  <attribute name="DerivativeH" value="-0.579545" />
  <attribute name="Loop Time for DT" value="44.000000" />
  <attribute name="Output H" value="2092630016"/>
  <attribute name="Output I" value="200"/>
  <attribute name="Output T" value="4"/>
  <attribute name="Target GC Util Change" value ="20.000000" />
  <attribute name="Current GC Util Change" value="3.000000"/>
  <attribute name="GC Util currently" value="3" />
  <attribute name="CPU Util currently" value="104325198676" />
<allocation-satisfied id="47" threadId="0000000001A5F700" bytesRequested="20232" />
<af-end id="48" timestamp="2019-06-15T03:42:49.593" threadId="0000000001A60088" success="true" from="nursery"/>
<exclusive-end id="49" timestamp="2019-06-15T03:42:49.593" durationms="2.314" />

<exclusive-start id="50" timestamp="2019-06-15T03:42:49.728" intervalms="137.242">
  <response-info timems="0.025" idlems="0.025" threads="0" lastid="0000000001A5F700" lastname="main" />
</exclusive-start>
<af-start id="51" threadId="0000000001A60088" totalBytesRequested="2056" timestamp="2019-06-15T03:42:49.728" intervalms="137.114" type="nursery" />
<cycle-start id="52" type="scavenge" contextid="0" timestamp="2019-06-15T03:42:49.728" intervalms="137.017" />
<gc-start id="53" type="scavenge" contextid="52" timestamp="2019-06-15T03:42:49.728">
  <mem-info id="54" free="5490152" total="8388608" percent="65">
    <mem type="nursery" free="0" total="2097152" percent="0">
      <mem type="allocate" free="0" total="1048576" percent="0" />
      <mem type="survivor" free="0" total="1048576" percent="0" />
    </mem>
    <mem type="tenure" free="5490152" total="6291456" percent="87">
      <mem type="soa" free="5175784" total="5977088" percent="86" />
      <mem type="loa" free="314368" total="314368" percent="100" />
    </mem>
    <remembered-set count="222" />
  </mem-info>
</gc-start>
<allocation-stats totalBytes="879664" >
  <allocated-bytes non-tlh="24816" tlh="854848" />
  <largest-consumer threadName="main" threadId="0000000001A5F700" bytes="879664" />
</allocation-stats>
<gc-op id="55" type="scavenge" timems="0.395" contextid="52" timestamp="2019-06-15T03:42:49.729">
  <scavenger-info tenureage="4" tenuremask="fff0" tiltratio="50" />
  <memory-copied type="nursery" objects="741" bytes="112576" bytesdiscarded="21232" />
  <finalization candidates="3" enqueued="1" />
  <references type="soft" candidates="1" cleared="0" enqueued="0" dynamicThreshold="32" maxThreshold="32" />
  <references type="weak" candidates="64" cleared="48" enqueued="48" />
  <references type="phantom" candidates="21" cleared="10" enqueued="10" />
</gc-op>
<gc-end id="56" type="scavenge" contextid="52" durationms="0.562" usertimems="0.000" systemtimems="0.000" timestamp="2019-06-15T03:42:49.729" activeThreads="4">
  <mem-info id="57" free="6404832" total="8388608" percent="76">
    <mem type="nursery" free="914680" total="2097152" percent="43">
      <mem type="allocate" free="914680" total="1048576" percent="87" />
      <mem type="survivor" free="0" total="1048576" percent="0" />
    </mem>
    <mem type="tenure" free="5490152" total="6291456" percent="87">
      <mem type="soa" free="5175784" total="5977088" percent="86" />
      <mem type="loa" free="314368" total="314368" percent="100" />
    </mem>
    <pending-finalizers system="1" default="0" reference="58" classloader="0" />
    <remembered-set count="221" />
  </mem-info>
</gc-end>
<cycle-end id="58" type="scavenge" contextid="52" timestamp="2019-06-15T03:42:49.729" />
  <attribute name="elasticGC enabled" value="1" />
  <attribute name= "numThreadsSpecified" value="4" />
  <attribute name="heapSize specified" value="0" />
  <attribute name="Current GC Util" value="1" />
  <attribute name= "Current Time Running" value="539" />
  <attribute name ="GC Interval" value="200" />
  <attribute name="ProportionalT" value="-9.500000" />
  <attribute name="ProportionalI" value="-9.500000" />
  <attribute name="ProportionalH" value="-9.500000" />
  <attribute name="Current Error" value="-19.000000" />
  <attribute name="IntegralT" value="-7323.000000" />
  <attribute name="IntegralI" value="-7323.000000" />
  <attribute name="IntegralH" value="-7323.000000" />
  <attribute name="DerivativeT" value="-0.208029" />
  <attribute name="DerivativeI" value="-0.208029" />
  <attribute name="DerivativeH" value="-0.208029" />
  <attribute name="Loop Time for DT" value="137.000000" />
  <attribute name="Output H" value="2092630016"/>
  <attribute name="Output I" value="200"/>
  <attribute name="Output T" value="4"/>
  <attribute name="Target GC Util Change" value ="20.000000" />
  <attribute name="Current GC Util Change" value="1.000000"/>
  <attribute name="GC Util currently" value="1" />
  <attribute name="CPU Util currently" value="9" />
<allocation-satisfied id="59" threadId="0000000001A5F700" bytesRequested="2056" />
<af-end id="60" timestamp="2019-06-15T03:42:49.729" threadId="0000000001A60088" success="true" from="nursery"/>
<exclusive-end id="61" timestamp="2019-06-15T03:42:49.729" durationms="0.981" />

<exclusive-start id="62" timestamp="2019-06-15T03:42:49.800" intervalms="71.325">
  <response-info timems="0.035" idlems="0.035" threads="0" lastid="0000000001A5F700" lastname="main" />
</exclusive-start>
<af-start id="63" threadId="0000000001A60088" totalBytesRequested="2056" timestamp="2019-06-15T03:42:49.800" intervalms="71.314" type="nursery" />
<cycle-start id="64" type="scavenge" contextid="0" timestamp="2019-06-15T03:42:49.800" intervalms="71.314" />
<gc-start id="65" type="scavenge" contextid="64" timestamp="2019-06-15T03:42:49.800">
  <mem-info id="66" free="5490152" total="8388608" percent="65">
    <mem type="nursery" free="0" total="2097152" percent="0">
      <mem type="allocate" free="0" total="1048576" percent="0" />
      <mem type="survivor" free="0" total="1048576" percent="0" />
    </mem>
    <mem type="tenure" free="5490152" total="6291456" percent="87">
      <mem type="soa" free="5175784" total="5977088" percent="86" />
      <mem type="loa" free="314368" total="314368" percent="100" />
    </mem>
    <remembered-set count="221" />
  </mem-info>
</gc-start>
<allocation-stats totalBytes="908616" >
  <allocated-bytes non-tlh="2056" tlh="906560" />
  <largest-consumer threadName="main" threadId="0000000001A5F700" bytes="908616" />
</allocation-stats>
<gc-op id="67" type="scavenge" timems="0.322" contextid="64" timestamp="2019-06-15T03:42:49.800">
  <scavenger-info tenureage="3" tenuremask="fff8" tiltratio="50" />
  <memory-copied type="nursery" objects="299" bytes="81616" bytesdiscarded="44008" />
  <memory-copied type="tenure" objects="302" bytes="16080" bytesdiscarded="0" />
  <finalization candidates="2" enqueued="0" />
  <references type="soft" candidates="1" cleared="0" enqueued="0" dynamicThreshold="32" maxThreshold="32" />
  <references type="weak" candidates="2" cleared="0" enqueued="0" />
  <references type="phantom" candidates="5" cleared="0" enqueued="0" />
</gc-op>
<gc-end id="68" type="scavenge" contextid="64" durationms="0.538" usertimems="0.000" systemtimems="0.000" timestamp="2019-06-15T03:42:49.800" activeThreads="4">
  <mem-info id="69" free="6504928" total="8388608" percent="77">
    <mem type="nursery" free="1053944" total="2097152" percent="50">
      <mem type="allocate" free="1053944" total="1179648" percent="89" />
      <mem type="survivor" free="0" total="917504" percent="0" />
    </mem>
    <mem type="tenure" free="5450984" total="6291456" percent="86">
      <mem type="soa" free="5136616" total="5977088" percent="85" />
      <mem type="loa" free="314368" total="314368" percent="100" />
    </mem>
    <remembered-set count="157" />
  </mem-info>
</gc-end>
<cycle-end id="70" type="scavenge" contextid="64" timestamp="2019-06-15T03:42:49.800" />
  <attribute name="elasticGC enabled" value="1" />
  <attribute name= "numThreadsSpecified" value="4" />
  <attribute name="heapSize specified" value="0" />
  <attribute name="Current GC Util" value="0" />
  <attribute name= "Current Time Running" value="610" />
  <attribute name ="GC Interval" value="200" />
  <attribute name="ProportionalT" value="-10.000000" />
  <attribute name="ProportionalI" value="-10.000000" />
  <attribute name="ProportionalH" value="-10.000000" />
  <attribute name="Current Error" value="-20.000000" />
  <attribute name="IntegralT" value="-8743.000000" />
  <attribute name="IntegralI" value="-8743.000000" />
  <attribute name="IntegralH" value="-8743.000000" />
  <attribute name="DerivativeT" value="-0.422535" />
  <attribute name="DerivativeI" value="-0.422535" />
  <attribute name="DerivativeH" value="-0.422535" />
  <attribute name="Loop Time for DT" value="71.000000" />
  <attribute name="Output H" value="2092630016"/>
  <attribute name="Output I" value="200"/>
  <attribute name="Output T" value="4"/>
  <attribute name="Target GC Util Change" value ="20.000000" />
  <attribute name="Current GC Util Change" value="0.000000"/>
  <attribute name="GC Util currently" value="0" />
  <attribute name="CPU Util currently" value="6" />
<allocation-satisfied id="71" threadId="0000000001A5F700" bytesRequested="2056" />
<af-end id="72" timestamp="2019-06-15T03:42:49.800" threadId="0000000001A60088" success="true" from="nursery"/>
<exclusive-end id="73" timestamp="2019-06-15T03:42:49.801" durationms="0.946" />

<exclusive-start id="74" timestamp="2019-06-15T03:42:49.882" intervalms="82.269">
  <response-info timems="0.027" idlems="0.027" threads="0" lastid="0000000001A5F700" lastname="main" />
</exclusive-start>
<af-start id="75" threadId="0000000001A60088" totalBytesRequested="2056" timestamp="2019-06-15T03:42:49.882" intervalms="82.279" type="nursery" />
<cycle-start id="76" type="scavenge" contextid="0" timestamp="2019-06-15T03:42:49.882" intervalms="82.280" />
<gc-start id="77" type="scavenge" contextid="76" timestamp="2019-06-15T03:42:49.882">
  <mem-info id="78" free="5450984" total="8388608" percent="64">
    <mem type="nursery" free="0" total="2097152" percent="0">
      <mem type="allocate" free="0" total="1179648" percent="0" />
      <mem type="survivor" free="0" total="917504" percent="0" />
    </mem>
    <mem type="tenure" free="5450984" total="6291456" percent="86">
      <mem type="soa" free="5136616" total="5977088" percent="85" />
      <mem type="loa" free="314368" total="314368" percent="100" />
    </mem>
    <remembered-set count="157" />
  </mem-info>
</gc-start>
<allocation-stats totalBytes="1047632" >
  <allocated-bytes non-tlh="2056" tlh="1045576" />
  <largest-consumer threadName="main" threadId="0000000001A5F700" bytes="1047632" />
</allocation-stats>
<gc-op id="79" type="scavenge" timems="0.266" contextid="76" timestamp="2019-06-15T03:42:49.882">
  <scavenger-info tenureage="5" tenuremask="ffe0" tiltratio="56" />
  <memory-copied type="nursery" objects="298" bytes="79576" bytesdiscarded="23272" />
  <finalization candidates="2" enqueued="0" />
  <references type="soft" candidates="1" cleared="0" enqueued="0" dynamicThreshold="32" maxThreshold="32" />
  <references type="weak" candidates="2" cleared="0" enqueued="0" />
  <references type="phantom" candidates="5" cleared="0" enqueued="0" />
</gc-op>
<gc-end id="80" type="scavenge" contextid="76" durationms="0.436" usertimems="0.000" systemtimems="0.000" timestamp="2019-06-15T03:42:49.882" activeThreads="4">
  <mem-info id="81" free="6658776" total="8388608" percent="79">
    <mem type="nursery" free="1207792" total="2097152" percent="57">
      <mem type="allocate" free="1207792" total="1310720" percent="92" />
      <mem type="survivor" free="0" total="786432" percent="0" />
    </mem>
    <mem type="tenure" free="5450984" total="6291456" percent="86">
      <mem type="soa" free="5136616" total="5977088" percent="85" />
      <mem type="loa" free="314368" total="314368" percent="100" />
    </mem>
    <remembered-set count="86" />
  </mem-info>
</gc-end>
<cycle-end id="82" type="scavenge" contextid="76" timestamp="2019-06-15T03:42:49.883" />
  <attribute name="elasticGC enabled" value="1" />
  <attribute name= "numThreadsSpecified" value="4" />
  <attribute name="heapSize specified" value="0" />
  <attribute name="Current GC Util" value="0" />
  <attribute name= "Current Time Running" value="692" />
  <attribute name ="GC Interval" value="200" />
  <attribute name="ProportionalT" value="-10.000000" />
  <attribute name="ProportionalI" value="-10.000000" />
  <attribute name="ProportionalH" value="-10.000000" />
  <attribute name="Current Error" value="-20.000000" />
  <attribute name="IntegralT" value="-1640.000000" />
  <attribute name="IntegralI" value="-1640.000000" />
  <attribute name="IntegralH" value="-1640.000000" />
  <attribute name="DerivativeT" value="-0.365854" />
  <attribute name="DerivativeI" value="-0.365854" />
  <attribute name="DerivativeH" value="-0.365854" />
  <attribute name="Loop Time for DT" value="82.000000" />
  <attribute name="Output H" value="2092630016"/>
  <attribute name="Output I" value="200"/>
  <attribute name="Output T" value="4"/>
  <attribute name="Target GC Util Change" value ="20.000000" />
  <attribute name="Current GC Util Change" value="0.000000"/>
  <attribute name="GC Util currently" value="0" />
  <attribute name="CPU Util currently" value="5" />
<allocation-satisfied id="83" threadId="0000000001A5F700" bytesRequested="2056" />
<af-end id="84" timestamp="2019-06-15T03:42:49.883" threadId="0000000001A60088" success="true" from="nursery"/>
<exclusive-end id="85" timestamp="2019-06-15T03:42:49.883" durationms="0.867" />

<exclusive-start id="86" timestamp="2019-06-15T03:42:49.970" intervalms="88.410">
  <response-info timems="0.079" idlems="0.079" threads="0" lastid="0000000001A5F700" lastname="main" />
</exclusive-start>
<sys-start reason="explicit" id="87" timestamp="2019-06-15T03:42:49.970" intervalms="895.381" />
<cycle-start id="88" type="global" contextid="0" timestamp="2019-06-15T03:42:49.971" intervalms="895.601" />
<gc-start id="89" type="global" contextid="88" timestamp="2019-06-15T03:42:49.971">
  <mem-info id="90" free="5493304" total="8388608" percent="65">
    <mem type="nursery" free="49320" total="2097152" percent="2">
      <mem type="allocate" free="49320" total="1310720" percent="3" />
      <mem type="survivor" free="0" total="786432" percent="0" />
    </mem>
    <mem type="tenure" free="5443984" total="6291456" percent="86">
      <mem type="soa" free="5129616" total="5977088" percent="85" />
      <mem type="loa" free="314368" total="314368" percent="100" />
    </mem>
    <remembered-set count="164" />
  </mem-info>
</gc-start>
<allocation-stats totalBytes="1131840" >
  <allocated-bytes non-tlh="174240" tlh="957600" />
  <largest-consumer threadName="main" threadId="0000000001A5F700" bytes="1131840" />
</allocation-stats>
<gc-op id="91" type="mark" timems="1.425" contextid="88" timestamp="2019-06-15T03:42:49.972">
  <trace-info objectcount="16928" scancount="13945" scanbytes="446088" />
  <finalization candidates="13" enqueued="0" />
  <references type="soft" candidates="66" cleared="0" enqueued="0" dynamicThreshold="32" maxThreshold="32" />
  <references type="weak" candidates="172" cleared="43" enqueued="35" />
  <references type="phantom" candidates="34" cleared="4" enqueued="4" />
  <stringconstants candidates="2456" cleared="0"  />
</gc-op>
<gc-op id="92" type="classunload" timems="0.105" contextid="88" timestamp="2019-06-15T03:42:49.972">
  <classunload-info classloadercandidates="6" classloadersunloaded="0" classesunloaded="0" anonymousclassesunloaded="0" quiescems="0.000" setupms="0.105" scanms="0.000" postms="0.000" />
</gc-op>
<gc-op id="93" type="sweep" timems="0.444" contextid="88" timestamp="2019-06-15T03:42:49.973" />
<mem-info id="94" free="6598240" total="8388608" percent="78">
  <mem type="nursery" free="1035960" total="2097152" percent="49">
    <mem type="allocate" free="1035960" total="1310720" percent="79" />
    <mem type="survivor" free="0" total="786432" percent="0" />
  </mem>
  <mem type="tenure" free="5562280" total="6291456" percent="88" micro-fragmented="1316" macro-fragmented="0">
    <mem type="soa" free="5247912" total="5977088" percent="87" />
    <mem type="loa" free="314368" total="314368" percent="100" />
  </mem>
  <pending-finalizers system="0" default="0" reference="39" classloader="0" />
  <remembered-set count="163" />
</mem-info>
<gc-op id="95" type="compact" timems="3.495" contextid="88" timestamp="2019-06-15T03:42:49.977">
  <compact-info movecount="13076" movebytes="813488" reason="compact to aid heap contraction" />
</gc-op>
<gc-end id="96" type="global" contextid="88" durationms="6.557" usertimems="8.000" systemtimems="0.000" timestamp="2019-06-15T03:42:49.977" activeThreads="4">
  <mem-info id="97" free="6617544" total="8388608" percent="78">
    <mem type="nursery" free="1052488" total="2097152" percent="50">
      <mem type="allocate" free="1052488" total="1310720" percent="80" />
      <mem type="survivor" free="0" total="786432" percent="0" />
    </mem>
    <mem type="tenure" free="5565056" total="6291456" percent="88">
      <mem type="soa" free="5250688" total="5977088" percent="87" />
      <mem type="loa" free="314368" total="314368" percent="100" />
    </mem>
    <pending-finalizers system="0" default="0" reference="39" classloader="0" />
    <remembered-set count="163" />
  </mem-info>
</gc-end>
<cycle-end id="98" type="global" contextid="88" timestamp="2019-06-15T03:42:49.977" />
  <attribute name="elasticGC enabled" value="1" />
  <attribute name= "numThreadsSpecified" value="4" />
  <attribute name="heapSize specified" value="8388608" />
  <attribute name="Current GC Util" value="31" />
  <attribute name= "Current Time Running" value="787" />
  <attribute name ="GC Interval" value="200" />
  <attribute name="ProportionalT" value="5.500000" />
  <attribute name="ProportionalI" value="5.500000" />
  <attribute name="ProportionalH" value="5.500000" />
  <attribute name="Current Error" value="11.000000" />
  <attribute name="IntegralT" value="33.000000" />
  <attribute name="IntegralI" value="33.000000" />
  <attribute name="IntegralH" value="33.000000" />
  <attribute name="DerivativeT" value="3.500000" />
  <attribute name="DerivativeI" value="3.500000" />
  <attribute name="DerivativeH" value="3.500000" />
  <attribute name="Loop Time for DT" value="3.000000" />
  <attribute name="Output H" value="8388608"/>
  <attribute name="Output I" value="200"/>
  <attribute name="Output T" value="4"/>
  <attribute name="Target GC Util Change" value ="20.000000" />
  <attribute name="Current GC Util Change" value="31.000000"/>
  <attribute name="GC Util currently" value="31" />
  <attribute name="CPU Util currently" value="1289485786118" />
<sys-end id="99" timestamp="2019-06-15T03:42:49.977" />
<exclusive-end id="100" timestamp="2019-06-15T03:42:49.978" durationms="7.282" />

<exclusive-start id="101" timestamp="2019-06-15T03:42:50.027" intervalms="56.544">
  <response-info timems="0.026" idlems="0.026" threads="0" lastid="0000000001A5F700" lastname="main" />
</exclusive-start>
<af-start id="102" threadId="0000000001A60088" totalBytesRequested="112" timestamp="2019-06-15T03:42:50.027" intervalms="145.007" type="nursery" />
<cycle-start id="103" type="scavenge" contextid="0" timestamp="2019-06-15T03:42:50.027" intervalms="145.011" />
<gc-start id="104" type="scavenge" contextid="103" timestamp="2019-06-15T03:42:50.027">
  <mem-info id="105" free="5502336" total="8388608" percent="65">
    <mem type="nursery" free="0" total="2097152" percent="0">
      <mem type="allocate" free="0" total="1310720" percent="0" />
      <mem type="survivor" free="0" total="786432" percent="0" />
    </mem>
    <mem type="tenure" free="5502336" total="6291456" percent="87">
      <mem type="soa" free="5187968" total="5977088" percent="86" />
      <mem type="loa" free="314368" total="314368" percent="100" />
    </mem>
    <remembered-set count="569" />
  </mem-info>
</gc-start>
<allocation-stats totalBytes="1113936" >
  <allocated-bytes non-tlh="62720" tlh="1051216" />
  <largest-consumer threadName="main" threadId="0000000001A5F700" bytes="1109840" />
</allocation-stats>
<gc-op id="106" type="scavenge" timems="0.445" contextid="103" timestamp="2019-06-15T03:42:50.028">
  <scavenger-info tenureage="3" tenuremask="fff8" tiltratio="62" />
  <memory-copied type="nursery" objects="2272" bytes="290184" bytesdiscarded="70768" />
  <memory-copied type="tenure" objects="231" bytes="57800" bytesdiscarded="0" />
  <finalization candidates="2" enqueued="0" />
  <references type="soft" candidates="3" cleared="0" enqueued="0" dynamicThreshold="28" maxThreshold="32" />
  <references type="weak" candidates="32" cleared="31" enqueued="31" />
  <references type="phantom" candidates="6" cleared="0" enqueued="0" />
</gc-op>
<gc-end id="107" type="scavenge" contextid="103" durationms="0.634" usertimems="0.000" systemtimems="0.000" timestamp="2019-06-15T03:42:50.028" activeThreads="4">
  <mem-info id="108" free="6422832" total="8388608" percent="76">
    <mem type="nursery" free="1015232" total="2097152" percent="48">
      <mem type="allocate" free="1015232" total="1376256" percent="73" />
      <mem type="survivor" free="0" total="720896" percent="0" />
    </mem>
    <mem type="tenure" free="5407600" total="6291456" percent="85">
      <mem type="soa" free="5093232" total="5977088" percent="85" />
      <mem type="loa" free="314368" total="314368" percent="100" />
    </mem>
    <pending-finalizers system="0" default="0" reference="31" classloader="0" />
    <remembered-set count="549" />
  </mem-info>
</gc-end>
<cycle-end id="109" type="scavenge" contextid="103" timestamp="2019-06-15T03:42:50.028" />
  <attribute name="elasticGC enabled" value="1" />
  <attribute name= "numThreadsSpecified" value="4" />
  <attribute name="heapSize specified" value="8388608" />
  <attribute name="Current GC Util" value="10" />
  <attribute name= "Current Time Running" value="838" />
  <attribute name ="GC Interval" value="200" />
  <attribute name="ProportionalT" value="-5.000000" />
  <attribute name="ProportionalI" value="-5.000000" />
  <attribute name="ProportionalH" value="-5.000000" />
  <attribute name="Current Error" value="-10.000000" />
  <attribute name="IntegralT" value="-510.000000" />
  <attribute name="IntegralI" value="-510.000000" />
  <attribute name="IntegralH" value="-510.000000" />
  <attribute name="DerivativeT" value="-0.617647" />
  <attribute name="DerivativeI" value="-0.617647" />
  <attribute name="DerivativeH" value="-0.617647" />
  <attribute name="Loop Time for DT" value="51.000000" />
  <attribute name="Output H" value="2092630016"/>
  <attribute name="Output I" value="200"/>
  <attribute name="Output T" value="4"/>
  <attribute name="Target GC Util Change" value ="20.000000" />
  <attribute name="Current GC Util Change" value="10.000000"/>
  <attribute name="GC Util currently" value="10" />
  <attribute name="CPU Util currently" value="0" />
<allocation-satisfied id="110" threadId="0000000001A5F700" bytesRequested="112" />
<af-end id="111" timestamp="2019-06-15T03:42:50.028" threadId="0000000001A60088" success="true" from="nursery"/>
<exclusive-end id="112" timestamp="2019-06-15T03:42:50.028" durationms="1.115" />

<exclusive-start id="113" timestamp="2019-06-15T03:42:50.081" intervalms="54.363">
  <response-info timems="0.027" idlems="0.027" threads="0" lastid="0000000001A5F700" lastname="main" />
</exclusive-start>
<af-start id="114" threadId="0000000001A60088" totalBytesRequested="1032" timestamp="2019-06-15T03:42:50.081" intervalms="54.316" type="nursery" />
<cycle-start id="115" type="scavenge" contextid="0" timestamp="2019-06-15T03:42:50.081" intervalms="54.311" />
<gc-start id="116" type="scavenge" contextid="115" timestamp="2019-06-15T03:42:50.081">
  <mem-info id="117" free="5373376" total="8388608" percent="64">
    <mem type="nursery" free="0" total="2097152" percent="0">
      <mem type="allocate" free="0" total="1376256" percent="0" />
      <mem type="survivor" free="0" total="720896" percent="0" />
    </mem>
    <mem type="tenure" free="5373376" total="6291456" percent="85">
      <mem type="soa" free="5059008" total="5977088" percent="84" />
      <mem type="loa" free="314368" total="314368" percent="100" />
    </mem>
    <remembered-set count="963" />
  </mem-info>
</gc-start>
<allocation-stats totalBytes="1047632" >
  <allocated-bytes non-tlh="34336" tlh="1013296" />
  <largest-consumer threadName="main" threadId="0000000001A5F700" bytes="1047632" />
</allocation-stats>
<gc-op id="118" type="scavenge" timems="0.408" contextid="115" timestamp="2019-06-15T03:42:50.082">
  <scavenger-info tenureage="3" tenuremask="ffc8" tiltratio="65" />
  <memory-copied type="nursery" objects="2457" bytes="352424" bytesdiscarded="36968" />
  <references type="soft" candidates="3" cleared="0" enqueued="0" dynamicThreshold="28" maxThreshold="32" />
  <references type="weak" candidates="4" cleared="2" enqueued="2" />
  <references type="phantom" candidates="8" cleared="0" enqueued="0" />
</gc-op>
<gc-end id="119" type="scavenge" contextid="115" durationms="0.590" usertimems="0.000" systemtimems="0.000" timestamp="2019-06-15T03:42:50.082" activeThreads="4">
  <mem-info id="120" free="6425688" total="8388608" percent="76">
    <mem type="nursery" free="1052312" total="2097152" percent="50">
      <mem type="allocate" free="1052312" total="1441792" percent="72" />
      <mem type="survivor" free="0" total="655360" percent="0" />
    </mem>
    <mem type="tenure" free="5373376" total="6291456" percent="85">
      <mem type="soa" free="5059008" total="5977088" percent="84" />
      <mem type="loa" free="314368" total="314368" percent="100" />
    </mem>
    <pending-finalizers system="0" default="0" reference="2" classloader="0" />
    <remembered-set count="961" />
  </mem-info>
</gc-end>
<cycle-end id="121" type="scavenge" contextid="115" timestamp="2019-06-15T03:42:50.082" />
  <attribute name="elasticGC enabled" value="1" />
  <attribute name= "numThreadsSpecified" value="4" />
  <attribute name="heapSize specified" value="8388608" />
  <attribute name="Current GC Util" value="1" />
  <attribute name= "Current Time Running" value="892" />
  <attribute name ="GC Interval" value="200" />
  <attribute name="ProportionalT" value="-9.500000" />
  <attribute name="ProportionalI" value="-9.500000" />
  <attribute name="ProportionalH" value="-9.500000" />
  <attribute name="Current Error" value="-19.000000" />
  <attribute name="IntegralT" value="-1026.000000" />
  <attribute name="IntegralI" value="-1026.000000" />
  <attribute name="IntegralH" value="-1026.000000" />
  <attribute name="DerivativeT" value="-0.527778" />
  <attribute name="DerivativeI" value="-0.527778" />
  <attribute name="DerivativeH" value="-0.527778" />
  <attribute name="Loop Time for DT" value="54.000000" />
  <attribute name="Output H" value="2092630016"/>
  <attribute name="Output I" value="200"/>
  <attribute name="Output T" value="4"/>
  <attribute name="Target GC Util Change" value ="20.000000" />
  <attribute name="Current GC Util Change" value="1.000000"/>
  <attribute name="GC Util currently" value="1" />
  <attribute name="CPU Util currently" value="9" />
<allocation-satisfied id="122" threadId="0000000001A5F700" bytesRequested="1032" />
<af-end id="123" timestamp="2019-06-15T03:42:50.082" threadId="0000000001A60088" success="true" from="nursery"/>
<exclusive-end id="124" timestamp="2019-06-15T03:42:50.082" durationms="1.018" />

<exclusive-start id="125" timestamp="2019-06-15T03:42:50.429" intervalms="348.218">
  <response-info timems="0.048" idlems="0.048" threads="0" lastid="0000000001A5F700" lastname="main" />
</exclusive-start>
<af-start id="126" threadId="0000000001A60088" totalBytesRequested="7176" timestamp="2019-06-15T03:42:50.430" intervalms="348.326" type="nursery" />
<cycle-start id="127" type="scavenge" contextid="0" timestamp="2019-06-15T03:42:50.430" intervalms="348.354" />
<gc-start id="128" type="scavenge" contextid="127" timestamp="2019-06-15T03:42:50.430">
  <mem-info id="129" free="5355792" total="8388608" percent="63">
    <mem type="nursery" free="0" total="2097152" percent="0">
      <mem type="allocate" free="0" total="1441792" percent="0" />
      <mem type="survivor" free="0" total="655360" percent="0" />
    </mem>
    <mem type="tenure" free="5355792" total="6291456" percent="85">
      <mem type="soa" free="5041424" total="5977088" percent="84" />
      <mem type="loa" free="314368" total="314368" percent="100" />
    </mem>
    <remembered-set count="1209" />
  </mem-info>
</gc-start>
<allocation-stats totalBytes="1058920" >
  <allocated-bytes non-tlh="18616" tlh="1040304" />
  <largest-consumer threadName="main" threadId="0000000001A5F700" bytes="1058920" />
</allocation-stats>
<gc-op id="130" type="scavenge" timems="0.889" contextid="127" timestamp="2019-06-15T03:42:50.431">
  <scavenger-info tenureage="3" tenuremask="fff8" tiltratio="68" />
  <memory-copied type="nursery" objects="12691" bytes="650640" bytesdiscarded="4624" />
  <memory-copied type="tenure" objects="901" bytes="20264" bytesdiscarded="0" />
  <copy-failed type="nursery" objects="901" bytes="20264" />
  <references type="soft" candidates="3" cleared="0" enqueued="0" dynamicThreshold="28" maxThreshold="32" />
  <references type="weak" candidates="9" cleared="7" enqueued="7" />
  <references type="phantom" candidates="9" cleared="2" enqueued="2" />
</gc-op>
<gc-end id="131" type="scavenge" contextid="127" durationms="1.180" usertimems="0.000" systemtimems="4.000" timestamp="2019-06-15T03:42:50.431" activeThreads="4">
  <mem-info id="132" free="5648400" total="8388608" percent="67">
    <mem type="nursery" free="393216" total="2097152" percent="18">
      <mem type="allocate" free="393216" total="1048576" percent="37" />
      <mem type="survivor" free="0" total="1048576" percent="0" />
    </mem>
    <mem type="tenure" free="5255184" total="6291456" percent="83">
      <mem type="soa" free="4940816" total="5977088" percent="82" />
      <mem type="loa" free="314368" total="314368" percent="100" />
    </mem>
    <pending-finalizers system="0" default="0" reference="9" classloader="0" />
    <remembered-set count="1759" />
  </mem-info>
</gc-end>
<cycle-end id="133" type="scavenge" contextid="127" timestamp="2019-06-15T03:42:50.431" />
  <attribute name="elasticGC enabled" value="1" />
  <attribute name= "numThreadsSpecified" value="4" />
  <attribute name="heapSize specified" value="8388608" />
  <attribute name="Current GC Util" value="0" />
  <attribute name= "Current Time Running" value="1240" />
  <attribute name ="GC Interval" value="200" />
  <attribute name="ProportionalT" value="-10.000000" />
  <attribute name="ProportionalI" value="-10.000000" />
  <attribute name="ProportionalH" value="-10.000000" />
  <attribute name="Current Error" value="-20.000000" />
  <attribute name="IntegralT" value="-6960.000000" />
  <attribute name="IntegralI" value="-6960.000000" />
  <attribute name="IntegralH" value="-6960.000000" />
  <attribute name="DerivativeT" value="-0.086207" />
  <attribute name="DerivativeI" value="-0.086207" />
  <attribute name="DerivativeH" value="-0.086207" />
  <attribute name="Loop Time for DT" value="348.000000" />
  <attribute name="Output H" value="2092630016"/>
  <attribute name="Output I" value="200"/>
  <attribute name="Output T" value="4"/>
  <attribute name="Target GC Util Change" value ="20.000000" />
  <attribute name="Current GC Util Change" value="0.000000"/>
  <attribute name="GC Util currently" value="0" />
  <attribute name="CPU Util currently" value="8" />
<allocation-satisfied id="134" threadId="0000000001A5F700" bytesRequested="7176" />
<af-end id="135" timestamp="2019-06-15T03:42:50.431" threadId="0000000001A60088" success="true" from="nursery"/>
<exclusive-end id="136" timestamp="2019-06-15T03:42:50.431" durationms="1.842" />

<exclusive-start id="137" timestamp="2019-06-15T03:42:50.444" intervalms="14.476">
  <response-info timems="0.050" idlems="0.050" threads="0" lastid="0000000001A5F700" lastname="main" />
</exclusive-start>
<af-start id="138" threadId="0000000001A60088" totalBytesRequested="1128" timestamp="2019-06-15T03:42:50.444" intervalms="14.429" type="nursery" />
<cycle-start id="139" type="scavenge" contextid="0" timestamp="2019-06-15T03:42:50.444" intervalms="14.457" />
<gc-start id="140" type="scavenge" contextid="139" timestamp="2019-06-15T03:42:50.444">
  <mem-info id="141" free="5239008" total="8388608" percent="62">
    <mem type="nursery" free="0" total="2097152" percent="0">
      <mem type="allocate" free="0" total="1048576" percent="0" />
      <mem type="survivor" free="0" total="1048576" percent="0" />
    </mem>
    <mem type="tenure" free="5239008" total="6291456" percent="83">
      <mem type="soa" free="4924640" total="5977088" percent="82" />
      <mem type="loa" free="314368" total="314368" percent="100" />
    </mem>
    <remembered-set count="2106" />
  </mem-info>
</gc-start>
<allocation-stats totalBytes="407000" >
  <allocated-bytes non-tlh="23352" tlh="383648" />
  <largest-consumer threadName="main" threadId="0000000001A5F700" bytes="407000" />
</allocation-stats>
<gc-op id="142" type="scavenge" timems="0.805" contextid="139" timestamp="2019-06-15T03:42:50.445">
  <scavenger-info tenureage="3" tenuremask="fff8" tiltratio="50" />
  <memory-copied type="nursery" objects="11192" bytes="368456" bytesdiscarded="114480" />
  <memory-copied type="tenure" objects="2122" bytes="285056" bytesdiscarded="512" />
</gc-op>
<gc-end id="143" type="scavenge" contextid="139" durationms="1.043" usertimems="0.000" systemtimems="4.000" timestamp="2019-06-15T03:42:50.445" activeThreads="4">
  <mem-info id="144" free="5600264" total="8388608" percent="66">
    <mem type="nursery" free="565608" total="2097152" percent="26">
      <mem type="allocate" free="565608" total="1048576" percent="53" />
      <mem type="survivor" free="0" total="1048576" percent="0" />
    </mem>
    <mem type="tenure" free="5034656" total="6291456" percent="80">
      <mem type="soa" free="4720288" total="5977088" percent="78" />
      <mem type="loa" free="314368" total="314368" percent="100" />
    </mem>
    <remembered-set count="1664" />
  </mem-info>
</gc-end>
<cycle-end id="145" type="scavenge" contextid="139" timestamp="2019-06-15T03:42:50.445" />
  <attribute name="elasticGC enabled" value="1" />
  <attribute name= "numThreadsSpecified" value="4" />
  <attribute name="heapSize specified" value="8388608" />
  <attribute name="Current GC Util" value="13" />
  <attribute name= "Current Time Running" value="1255" />
  <attribute name ="GC Interval" value="200" />
  <attribute name="ProportionalT" value="-3.500000" />
  <attribute name="ProportionalI" value="-3.500000" />
  <attribute name="ProportionalH" value="-3.500000" />
  <attribute name="Current Error" value="-7.000000" />
  <attribute name="IntegralT" value="-105.000000" />
  <attribute name="IntegralI" value="-105.000000" />
  <attribute name="IntegralH" value="-105.000000" />
  <attribute name="DerivativeT" value="-0.700000" />
  <attribute name="DerivativeI" value="-0.700000" />
  <attribute name="DerivativeH" value="-0.700000" />
  <attribute name="Loop Time for DT" value="15.000000" />
  <attribute name="Output H" value="2092630016"/>
  <attribute name="Output I" value="200"/>
  <attribute name="Output T" value="4"/>
  <attribute name="Target GC Util Change" value ="20.000000" />
  <attribute name="Current GC Util Change" value="13.000000"/>
  <attribute name="GC Util currently" value="13" />
  <attribute name="CPU Util currently" value="318118043494" />
<allocation-satisfied id="146" threadId="0000000001A5F700" bytesRequested="1128" />
<af-end id="147" timestamp="2019-06-15T03:42:50.445" threadId="0000000001A60088" success="true" from="nursery"/>
<exclusive-end id="148" timestamp="2019-06-15T03:42:50.446" durationms="1.683" />

<exclusive-start id="149" timestamp="2019-06-15T03:42:50.653" intervalms="209.381">
  <response-info timems="0.048" idlems="0.048" threads="0" lastid="0000000001A5F700" lastname="main" />
</exclusive-start>
<af-start id="150" threadId="0000000001A60088" totalBytesRequested="2288" timestamp="2019-06-15T03:42:50.653" intervalms="209.410" type="nursery" />
<cycle-start id="151" type="scavenge" contextid="0" timestamp="2019-06-15T03:42:50.654" intervalms="209.429" />
<gc-start id="152" type="scavenge" contextid="151" timestamp="2019-06-15T03:42:50.654">
  <mem-info id="153" free="5027224" total="8388608" percent="59">
    <mem type="nursery" free="0" total="2097152" percent="0">
      <mem type="allocate" free="0" total="1048576" percent="0" />
      <mem type="survivor" free="0" total="1048576" percent="0" />
    </mem>
    <mem type="tenure" free="5027224" total="6291456" percent="79">
      <mem type="soa" free="4712856" total="5977088" percent="78" />
      <mem type="loa" free="314368" total="314368" percent="100" />
    </mem>
    <remembered-set count="1751" />
  </mem-info>
</gc-start>
<allocation-stats totalBytes="540656" >
  <allocated-bytes non-tlh="103216" tlh="437440" />
  <largest-consumer threadName="main" threadId="0000000001A5F700" bytes="540656" />
</allocation-stats>
<gc-op id="154" type="scavenge" timems="0.851" contextid="151" timestamp="2019-06-15T03:42:50.655">
  <scavenger-info tenureage="3" tenuremask="fff8" tiltratio="50" />
  <memory-copied type="nursery" objects="11636" bytes="384464" bytesdiscarded="28560" />
  <memory-copied type="tenure" objects="165" bytes="51312" bytesdiscarded="0" />
  <references type="weak" candidates="3" cleared="2" enqueued="2" />
  <references type="phantom" candidates="1" cleared="0" enqueued="0" />
</gc-op>
<gc-end id="155" type="scavenge" contextid="151" durationms="1.093" usertimems="0.000" systemtimems="0.000" timestamp="2019-06-15T03:42:50.655" activeThreads="4">
  <mem-info id="156" free="5684736" total="8388608" percent="67">
    <mem type="nursery" free="766568" total="2097152" percent="36">
      <mem type="allocate" free="766568" total="1179648" percent="64" />
      <mem type="survivor" free="0" total="917504" percent="0" />
    </mem>
    <mem type="tenure" free="4918168" total="6291456" percent="78">
      <mem type="soa" free="4603800" total="5977088" percent="77" />
      <mem type="loa" free="314368" total="314368" percent="100" />
    </mem>
    <pending-finalizers system="0" default="0" reference="2" classloader="0" />
    <remembered-set count="1516" />
  </mem-info>
</gc-end>
<cycle-end id="157" type="scavenge" contextid="151" timestamp="2019-06-15T03:42:50.655" />
  <attribute name="elasticGC enabled" value="1" />
  <attribute name= "numThreadsSpecified" value="4" />
  <attribute name="heapSize specified" value="8388608" />
  <attribute name="Current GC Util" value="0" />
  <attribute name= "Current Time Running" value="1464" />
  <attribute name ="GC Interval" value="200" />
  <attribute name="ProportionalT" value="-10.000000" />
  <attribute name="ProportionalI" value="-10.000000" />
  <attribute name="ProportionalH" value="-10.000000" />
  <attribute name="Current Error" value="-20.000000" />
  <attribute name="IntegralT" value="-4180.000000" />
  <attribute name="IntegralI" value="-4180.000000" />
  <attribute name="IntegralH" value="-4180.000000" />
  <attribute name="DerivativeT" value="-0.143541" />
  <attribute name="DerivativeI" value="-0.143541" />
  <attribute name="DerivativeH" value="-0.143541" />
  <attribute name="Loop Time for DT" value="209.000000" />
  <attribute name="Output H" value="2092630016"/>
  <attribute name="Output I" value="200"/>
  <attribute name="Output T" value="4"/>
  <attribute name="Target GC Util Change" value ="20.000000" />
  <attribute name="Current GC Util Change" value="0.000000"/>
  <attribute name="GC Util currently" value="0" />
  <attribute name="CPU Util currently" value="5" />
<allocation-satisfied id="158" threadId="0000000001A5F700" bytesRequested="2288" />
<af-end id="159" timestamp="2019-06-15T03:42:50.655" threadId="0000000001A60088" success="true" from="nursery"/>
<exclusive-end id="160" timestamp="2019-06-15T03:42:50.655" durationms="1.773" />

<exclusive-start id="161" timestamp="2019-06-15T03:42:50.684" intervalms="30.807">
  <response-info timems="0.032" idlems="0.032" threads="0" lastid="0000000001A5F700" lastname="main" />
</exclusive-start>
<af-start id="162" threadId="0000000001A60088" totalBytesRequested="24" timestamp="2019-06-15T03:42:50.684" intervalms="30.717" type="nursery" />
<cycle-start id="163" type="scavenge" contextid="0" timestamp="2019-06-15T03:42:50.684" intervalms="30.647" />
<gc-start id="164" type="scavenge" contextid="163" timestamp="2019-06-15T03:42:50.684">
  <mem-info id="165" free="4899112" total="8388608" percent="58">
    <mem type="nursery" free="0" total="2097152" percent="0">
      <mem type="allocate" free="0" total="1179648" percent="0" />
      <mem type="survivor" free="0" total="917504" percent="0" />
    </mem>
    <mem type="tenure" free="4899112" total="6291456" percent="77">
      <mem type="soa" free="4584744" total="5977088" percent="76" />
      <mem type="loa" free="314368" total="314368" percent="100" />
    </mem>
    <remembered-set count="1749" />
  </mem-info>
</gc-start>
<allocation-stats totalBytes="782848" >
  <allocated-bytes non-tlh="21344" tlh="761504" />
  <largest-consumer threadName="main" threadId="0000000001A5F700" bytes="782848" />
</allocation-stats>
<gc-op id="166" type="scavenge" timems="0.757" contextid="163" timestamp="2019-06-15T03:42:50.685">
  <scavenger-info tenureage="3" tenuremask="fff8" tiltratio="56" />
  <memory-copied type="nursery" objects="2135" bytes="117024" bytesdiscarded="124392" />
  <memory-copied type="tenure" objects="10350" bytes="295784" bytesdiscarded="40" />
</gc-op>
<gc-end id="167" type="scavenge" contextid="163" durationms="0.942" usertimems="0.000" systemtimems="4.000" timestamp="2019-06-15T03:42:50.685" activeThreads="4">
  <mem-info id="168" free="5500424" total="8388608" percent="65">
    <mem type="nursery" free="1003744" total="2097152" percent="47">
      <mem type="allocate" free="1003744" total="1245184" percent="80" />
      <mem type="survivor" free="0" total="851968" percent="0" />
    </mem>
    <mem type="tenure" free="4496680" total="6291456" percent="71">
      <mem type="soa" free="4182312" total="5977088" percent="69" />
      <mem type="loa" free="314368" total="314368" percent="100" />
    </mem>
    <remembered-set count="402" />
  </mem-info>
</gc-end>
<cycle-end id="169" type="scavenge" contextid="163" timestamp="2019-06-15T03:42:50.685" />
  <attribute name="elasticGC enabled" value="1" />
  <attribute name= "numThreadsSpecified" value="4" />
  <attribute name="heapSize specified" value="8388608" />
  <attribute name="Current GC Util" value="5" />
  <attribute name= "Current Time Running" value="1495" />
  <attribute name ="GC Interval" value="200" />
  <attribute name="ProportionalT" value="-7.500000" />
  <attribute name="ProportionalI" value="-7.500000" />
  <attribute name="ProportionalH" value="-7.500000" />
  <attribute name="Current Error" value="-15.000000" />
  <attribute name="IntegralT" value="-465.000000" />
  <attribute name="IntegralI" value="-465.000000" />
  <attribute name="IntegralH" value="-465.000000" />
  <attribute name="DerivativeT" value="-0.725806" />
  <attribute name="DerivativeI" value="-0.725806" />
  <attribute name="DerivativeH" value="-0.725806" />
  <attribute name="Loop Time for DT" value="31.000000" />
  <attribute name="Output H" value="2092630016"/>
  <attribute name="Output I" value="200"/>
  <attribute name="Output T" value="4"/>
  <attribute name="Target GC Util Change" value ="20.000000" />
  <attribute name="Current GC Util Change" value="5.000000"/>
  <attribute name="GC Util currently" value="5" />
  <attribute name="CPU Util currently" value="150816226362" />
<allocation-satisfied id="170" threadId="0000000001A5F700" bytesRequested="24" />
<af-end id="171" timestamp="2019-06-15T03:42:50.685" threadId="0000000001A60088" success="true" from="nursery"/>
<exclusive-end id="172" timestamp="2019-06-15T03:42:50.685" durationms="1.379" />

<exclusive-start id="173" timestamp="2019-06-15T03:42:50.707" intervalms="22.571">
  <response-info timems="0.066" idlems="0.066" threads="0" lastid="0000000001D15500" lastname="node-1" />
</exclusive-start>
<af-start id="174" threadId="0000000001D15E88" totalBytesRequested="24" timestamp="2019-06-15T03:42:50.707" intervalms="22.636" type="nursery" />
<cycle-start id="175" type="scavenge" contextid="0" timestamp="2019-06-15T03:42:50.707" intervalms="22.691" />
<gc-start id="176" type="scavenge" contextid="175" timestamp="2019-06-15T03:42:50.707">
  <mem-info id="177" free="4482296" total="8388608" percent="53">
    <mem type="nursery" free="0" total="2097152" percent="0">
      <mem type="allocate" free="0" total="1245184" percent="0" />
      <mem type="survivor" free="0" total="851968" percent="0" />
    </mem>
    <mem type="tenure" free="4482296" total="6291456" percent="71">
      <mem type="soa" free="4167928" total="5977088" percent="69" />
      <mem type="loa" free="314368" total="314368" percent="100" />
    </mem>
    <remembered-set count="588" />
  </mem-info>
</gc-start>
<allocation-stats totalBytes="1010696" >
  <allocated-bytes non-tlh="14408" tlh="996288" />
  <largest-consumer threadName="main" threadId="0000000001A5F700" bytes="1010696" />
</allocation-stats>
<gc-op id="178" type="scavenge" timems="0.759" contextid="175" timestamp="2019-06-15T03:42:50.708">
  <scavenger-info tenureage="4" tenuremask="fff0" tiltratio="59" />
  <memory-copied type="nursery" objects="6933" bytes="391152" bytesdiscarded="52480" />
</gc-op>
<gc-end id="179" type="scavenge" contextid="175" durationms="1.106" usertimems="4.000" systemtimems="0.000" timestamp="2019-06-15T03:42:50.708" activeThreads="4">
  <mem-info id="180" free="5349320" total="8388608" percent="63">
    <mem type="nursery" free="867024" total="2097152" percent="41">
      <mem type="allocate" free="867024" total="1310720" percent="66" />
      <mem type="survivor" free="0" total="786432" percent="0" />
    </mem>
    <mem type="tenure" free="4482296" total="6291456" percent="71">
      <mem type="soa" free="4167928" total="5977088" percent="69" />
      <mem type="loa" free="314368" total="314368" percent="100" />
    </mem>
    <remembered-set count="515" />
  </mem-info>
</gc-end>
<cycle-end id="181" type="scavenge" contextid="175" timestamp="2019-06-15T03:42:50.708" />
  <attribute name="elasticGC enabled" value="1" />
  <attribute name= "numThreadsSpecified" value="4" />
  <attribute name="heapSize specified" value="8388608" />
  <attribute name="Current GC Util" value="6" />
  <attribute name= "Current Time Running" value="1518" />
  <attribute name ="GC Interval" value="200" />
  <attribute name="ProportionalT" value="-7.000000" />
  <attribute name="ProportionalI" value="-7.000000" />
  <attribute name="ProportionalH" value="-7.000000" />
  <attribute name="Current Error" value="-14.000000" />
  <attribute name="IntegralT" value="-322.000000" />
  <attribute name="IntegralI" value="-322.000000" />
  <attribute name="IntegralH" value="-322.000000" />
  <attribute name="DerivativeT" value="-0.913043" />
  <attribute name="DerivativeI" value="-0.913043" />
  <attribute name="DerivativeH" value="-0.913043" />
  <attribute name="Loop Time for DT" value="23.000000" />
  <attribute name="Output H" value="2092630016"/>
  <attribute name="Output I" value="200"/>
  <attribute name="Output T" value="4"/>
  <attribute name="Target GC Util Change" value ="20.000000" />
  <attribute name="Current GC Util Change" value="6.000000"/>
  <attribute name="GC Util currently" value="6" />
  <attribute name="CPU Util currently" value="201823441304" />
<allocation-satisfied id="182" threadId="0000000001D15500" bytesRequested="24" />
<af-end id="183" timestamp="2019-06-15T03:42:50.708" threadId="0000000001D15E88" success="true" from="nursery"/>
<exclusive-end id="184" timestamp="2019-06-15T03:42:50.708" durationms="1.726" />

<exclusive-start id="185" timestamp="2019-06-15T03:42:51.083" intervalms="376.397">
  <response-info timems="0.027" idlems="0.027" threads="0" lastid="0000000001D15500" lastname="node-1" />
</exclusive-start>
<af-start id="186" threadId="0000000001D15E88" totalBytesRequested="24" timestamp="2019-06-15T03:42:51.083" intervalms="376.389" type="nursery" />
<cycle-start id="187" type="scavenge" contextid="0" timestamp="2019-06-15T03:42:51.083" intervalms="376.372" />
<gc-start id="188" type="scavenge" contextid="187" timestamp="2019-06-15T03:42:51.083">
  <mem-info id="189" free="4481160" total="8388608" percent="53">
    <mem type="nursery" free="0" total="2097152" percent="0">
      <mem type="allocate" free="0" total="1310720" percent="0" />
      <mem type="survivor" free="0" total="786432" percent="0" />
    </mem>
    <mem type="tenure" free="4481160" total="6291456" percent="71">
      <mem type="soa" free="4166792" total="5977088" percent="69" />
      <mem type="loa" free="314368" total="314368" percent="100" />
    </mem>
    <remembered-set count="540" />
  </mem-info>
</gc-start>
<allocation-stats totalBytes="867544" >
  <allocated-bytes non-tlh="1160" tlh="866384" />
  <largest-consumer threadName="node-0" threadId="0000000001D1CD00" bytes="319696" />
</allocation-stats>
<gc-op id="190" type="scavenge" timems="1.055" contextid="187" timestamp="2019-06-15T03:42:51.085">
  <scavenger-info tenureage="2" tenuremask="fffc" tiltratio="62" />
  <memory-copied type="nursery" objects="14332" bytes="503168" bytesdiscarded="143056" />
  <memory-copied type="tenure" objects="2124" bytes="116608" bytesdiscarded="40" />
  <references type="weak" candidates="2" cleared="2" enqueued="2" />
</gc-op>
<gc-end id="191" type="scavenge" contextid="187" durationms="1.378" usertimems="4.000" systemtimems="0.000" timestamp="2019-06-15T03:42:51.085" activeThreads="4">
  <mem-info id="192" free="4909328" total="8388608" percent="58">
    <mem type="nursery" free="729992" total="2097152" percent="34">
      <mem type="allocate" free="729992" total="1376256" percent="53" />
      <mem type="survivor" free="0" total="720896" percent="0" />
    </mem>
    <mem type="tenure" free="4179336" total="6291456" percent="66">
      <mem type="soa" free="3864968" total="5977088" percent="64" />
      <mem type="loa" free="314368" total="314368" percent="100" />
    </mem>
    <pending-finalizers system="0" default="0" reference="2" classloader="0" />
    <remembered-set count="287" />
  </mem-info>
</gc-end>
<cycle-end id="193" type="scavenge" contextid="187" timestamp="2019-06-15T03:42:51.085" />
  <attribute name="elasticGC enabled" value="1" />
  <attribute name= "numThreadsSpecified" value="4" />
  <attribute name="heapSize specified" value="8388608" />
  <attribute name="Current GC Util" value="0" />
  <attribute name= "Current Time Running" value="1894" />
  <attribute name ="GC Interval" value="200" />
  <attribute name="ProportionalT" value="-10.000000" />
  <attribute name="ProportionalI" value="-10.000000" />
  <attribute name="ProportionalH" value="-10.000000" />
  <attribute name="Current Error" value="-20.000000" />
  <attribute name="IntegralT" value="-7520.000000" />
  <attribute name="IntegralI" value="-7520.000000" />
  <attribute name="IntegralH" value="-7520.000000" />
  <attribute name="DerivativeT" value="-0.079787" />
  <attribute name="DerivativeI" value="-0.079787" />
  <attribute name="DerivativeH" value="-0.079787" />
  <attribute name="Loop Time for DT" value="376.000000" />
  <attribute name="Output H" value="2092630016"/>
  <attribute name="Output I" value="200"/>
  <attribute name="Output T" value="4"/>
  <attribute name="Target GC Util Change" value ="20.000000" />
  <attribute name="Current GC Util Change" value="0.000000"/>
  <attribute name="GC Util currently" value="0" />
  <attribute name="CPU Util currently" value="18" />
<allocation-satisfied id="194" threadId="0000000001D15500" bytesRequested="24" />
<af-end id="195" timestamp="2019-06-15T03:42:51.085" threadId="0000000001D15E88" success="true" from="nursery"/>
<exclusive-end id="196" timestamp="2019-06-15T03:42:51.085" durationms="1.961" />

<exclusive-start id="197" timestamp="2019-06-15T03:42:51.313" intervalms="229.591">
  <response-info timems="0.037" idlems="0.037" threads="0" lastid="0000000001D19100" lastname="node-2" />
</exclusive-start>
<af-start id="198" threadId="0000000001D19A88" totalBytesRequested="32" timestamp="2019-06-15T03:42:51.313" intervalms="229.612" type="nursery" />
<cycle-start id="199" type="scavenge" contextid="0" timestamp="2019-06-15T03:42:51.313" intervalms="229.642" />
<gc-start id="200" type="scavenge" contextid="199" timestamp="2019-06-15T03:42:51.313">
  <mem-info id="201" free="4179336" total="8388608" percent="49">
    <mem type="nursery" free="0" total="2097152" percent="0">
      <mem type="allocate" free="0" total="1376256" percent="0" />
      <mem type="survivor" free="0" total="720896" percent="0" />
    </mem>
    <mem type="tenure" free="4179336" total="6291456" percent="66">
      <mem type="soa" free="3864968" total="5977088" percent="64" />
      <mem type="loa" free="314368" total="314368" percent="100" />
    </mem>
    <remembered-set count="287" />
  </mem-info>
</gc-start>
<allocation-stats totalBytes="729864" >
  <allocated-bytes non-tlh="24" tlh="729840" />
  <largest-consumer threadName="node-1" threadId="0000000001D15500" bytes="258040" />
</allocation-stats>
<gc-op id="202" type="scavenge" timems="1.298" contextid="199" timestamp="2019-06-15T03:42:51.315">
  <scavenger-info tenureage="2" tenuremask="fffc" tiltratio="65" />
  <memory-copied type="nursery" objects="16919" bytes="407064" bytesdiscarded="54504" />
  <memory-copied type="tenure" objects="4803" bytes="274280" bytesdiscarded="8" />
</gc-op>
<gc-end id="203" type="scavenge" contextid="199" durationms="1.697" usertimems="0.000" systemtimems="0.000" timestamp="2019-06-15T03:42:51.315" activeThreads="4">
  <mem-info id="204" free="4894216" total="8388608" percent="58">
    <mem type="nursery" free="914688" total="2097152" percent="43">
      <mem type="allocate" free="914688" total="1376256" percent="66" />
      <mem type="survivor" free="0" total="720896" percent="0" />
    </mem>
    <mem type="tenure" free="3979528" total="6291456" percent="63">
      <mem type="soa" free="3665160" total="5977088" percent="61" />
      <mem type="loa" free="314368" total="314368" percent="100" />
    </mem>
    <remembered-set count="116" />
  </mem-info>
</gc-end>
<cycle-end id="205" type="scavenge" contextid="199" timestamp="2019-06-15T03:42:51.315" />
  <attribute name="elasticGC enabled" value="1" />
  <attribute name= "numThreadsSpecified" value="4" />
  <attribute name="heapSize specified" value="8388608" />
  <attribute name="Current GC Util" value="0" />
  <attribute name= "Current Time Running" value="2124" />
  <attribute name ="GC Interval" value="200" />
  <attribute name="ProportionalT" value="-10.000000" />
  <attribute name="ProportionalI" value="-10.000000" />
  <attribute name="ProportionalH" value="-10.000000" />
  <attribute name="Current Error" value="-20.000000" />
  <attribute name="IntegralT" value="-4600.000000" />
  <attribute name="IntegralI" value="-4600.000000" />
  <attribute name="IntegralH" value="-4600.000000" />
  <attribute name="DerivativeT" value="-0.130435" />
  <attribute name="DerivativeI" value="-0.130435" />
  <attribute name="DerivativeH" value="-0.130435" />
  <attribute name="Loop Time for DT" value="230.000000" />
  <attribute name="Output H" value="2092630016"/>
  <attribute name="Output I" value="200"/>
  <attribute name="Output T" value="4"/>
  <attribute name="Target GC Util Change" value ="20.000000" />
  <attribute name="Current GC Util Change" value="0.000000"/>
  <attribute name="GC Util currently" value="0" />
  <attribute name="CPU Util currently" value="4" />
<allocation-satisfied id="206" threadId="0000000001D19100" bytesRequested="32" />
<af-end id="207" timestamp="2019-06-15T03:42:51.315" threadId="0000000001D19A88" success="true" from="nursery"/>
<exclusive-end id="208" timestamp="2019-06-15T03:42:51.315" durationms="2.385" />

<exclusive-start id="209" timestamp="2019-06-15T03:42:51.621" intervalms="308.501">
  <response-info timems="0.024" idlems="0.024" threads="0" lastid="0000000001D19100" lastname="node-2" />
</exclusive-start>
<af-start id="210" threadId="0000000001D19A88" totalBytesRequested="32" timestamp="2019-06-15T03:42:51.621" intervalms="308.455" type="nursery" />
<cycle-start id="211" type="scavenge" contextid="0" timestamp="2019-06-15T03:42:51.621" intervalms="308.391" />
<gc-start id="212" type="scavenge" contextid="211" timestamp="2019-06-15T03:42:51.621">
  <mem-info id="213" free="3979528" total="8388608" percent="47">
    <mem type="nursery" free="0" total="2097152" percent="0">
      <mem type="allocate" free="0" total="1376256" percent="0" />
      <mem type="survivor" free="0" total="720896" percent="0" />
    </mem>
    <mem type="tenure" free="3979528" total="6291456" percent="63">
      <mem type="soa" free="3665160" total="5977088" percent="61" />
      <mem type="loa" free="314368" total="314368" percent="100" />
    </mem>
    <remembered-set count="117" />
  </mem-info>
</gc-start>
<allocation-stats totalBytes="913840" >
  <allocated-bytes non-tlh="32" tlh="913808" />
  <largest-consumer threadName="node-1" threadId="0000000001D15500" bytes="328888" />
</allocation-stats>
<gc-op id="214" type="scavenge" timems="1.504" contextid="211" timestamp="2019-06-15T03:42:51.623">
  <scavenger-info tenureage="2" tenuremask="7ffc" tiltratio="65" />
  <memory-copied type="nursery" objects="16654" bytes="399576" bytesdiscarded="70440" />
  <memory-copied type="tenure" objects="9506" bytes="228424" bytesdiscarded="8" />
</gc-op>
<gc-end id="215" type="scavenge" contextid="211" durationms="1.831" usertimems="0.000" systemtimems="0.000" timestamp="2019-06-15T03:42:51.623" activeThreads="4">
  <mem-info id="216" free="4755464" total="8388608" percent="56">
    <mem type="nursery" free="971776" total="2097152" percent="46">
      <mem type="allocate" free="971776" total="1441792" percent="67" />
      <mem type="survivor" free="0" total="655360" percent="0" />
    </mem>
    <mem type="tenure" free="3783688" total="6291456" percent="60">
      <mem type="soa" free="3469320" total="5977088" percent="58" />
      <mem type="loa" free="314368" total="314368" percent="100" />
    </mem>
    <remembered-set count="105" />
  </mem-info>
</gc-end>
<cycle-end id="217" type="scavenge" contextid="211" timestamp="2019-06-15T03:42:51.623" />
  <attribute name="elasticGC enabled" value="1" />
  <attribute name= "numThreadsSpecified" value="4" />
  <attribute name="heapSize specified" value="8388608" />
  <attribute name="Current GC Util" value="0" />
  <attribute name= "Current Time Running" value="2432" />
  <attribute name ="GC Interval" value="200" />
  <attribute name="ProportionalT" value="-10.000000" />
  <attribute name="ProportionalI" value="-10.000000" />
  <attribute name="ProportionalH" value="-10.000000" />
  <attribute name="Current Error" value="-20.000000" />
  <attribute name="IntegralT" value="-6160.000000" />
  <attribute name="IntegralI" value="-6160.000000" />
  <attribute name="IntegralH" value="-6160.000000" />
  <attribute name="DerivativeT" value="-0.097403" />
  <attribute name="DerivativeI" value="-0.097403" />
  <attribute name="DerivativeH" value="-0.097403" />
  <attribute name="Loop Time for DT" value="308.000000" />
  <attribute name="Output H" value="2092630016"/>
  <attribute name="Output I" value="200"/>
  <attribute name="Output T" value="4"/>
  <attribute name="Target GC Util Change" value ="20.000000" />
  <attribute name="Current GC Util Change" value="0.000000"/>
  <attribute name="GC Util currently" value="0" />
  <attribute name="CPU Util currently" value="11" />
<allocation-satisfied id="218" threadId="0000000001D19100" bytesRequested="32" />
<af-end id="219" timestamp="2019-06-15T03:42:51.624" threadId="0000000001D19A88" success="true" from="nursery"/>
<exclusive-end id="220" timestamp="2019-06-15T03:42:51.624" durationms="2.632" />

<exclusive-start id="221" timestamp="2019-06-15T03:42:51.994" intervalms="373.177">
  <response-info timems="0.027" idlems="0.027" threads="0" lastid="0000000001D15500" lastname="node-1" />
</exclusive-start>
<af-start id="222" threadId="0000000001D15E88" totalBytesRequested="32" timestamp="2019-06-15T03:42:51.994" intervalms="373.163" type="nursery" />
<cycle-start id="223" type="scavenge" contextid="0" timestamp="2019-06-15T03:42:51.994" intervalms="373.165" />
<gc-start id="224" type="scavenge" contextid="223" timestamp="2019-06-15T03:42:51.995">
  <mem-info id="225" free="3783688" total="8388608" percent="45">
    <mem type="nursery" free="0" total="2097152" percent="0">
      <mem type="allocate" free="0" total="1441792" percent="0" />
      <mem type="survivor" free="0" total="655360" percent="0" />
    </mem>
    <mem type="tenure" free="3783688" total="6291456" percent="60">
      <mem type="soa" free="3469320" total="5977088" percent="58" />
      <mem type="loa" free="314368" total="314368" percent="100" />
    </mem>
    <remembered-set count="114" />
  </mem-info>
</gc-start>
<allocation-stats totalBytes="971520" >
  <allocated-bytes non-tlh="32" tlh="971488" />
  <largest-consumer threadName="node-2" threadId="0000000001D19100" bytes="340912" />
</allocation-stats>
<gc-op id="226" type="scavenge" timems="1.495" contextid="223" timestamp="2019-06-15T03:42:51.996">
  <scavenger-info tenureage="2" tenuremask="7ffc" tiltratio="68" />
  <memory-copied type="nursery" objects="19288" bytes="463184" bytesdiscarded="46000" />
  <memory-copied type="tenure" objects="7390" bytes="177360" bytesdiscarded="8" />
</gc-op>
<gc-end id="227" type="scavenge" contextid="223" durationms="1.870" usertimems="4.000" systemtimems="0.000" timestamp="2019-06-15T03:42:51.996" activeThreads="4">
  <mem-info id="228" free="4703496" total="8388608" percent="56">
    <mem type="nursery" free="998144" total="2097152" percent="47">
      <mem type="allocate" free="998144" total="1507328" percent="66" />
      <mem type="survivor" free="0" total="589824" percent="0" />
    </mem>
    <mem type="tenure" free="3705352" total="6291456" percent="58">
      <mem type="soa" free="3390984" total="5977088" percent="56" />
      <mem type="loa" free="314368" total="314368" percent="100" />
    </mem>
    <remembered-set count="103" />
  </mem-info>
</gc-end>
<cycle-end id="229" type="scavenge" contextid="223" timestamp="2019-06-15T03:42:51.997" />
  <attribute name="elasticGC enabled" value="1" />
  <attribute name= "numThreadsSpecified" value="4" />
  <attribute name="heapSize specified" value="8388608" />
  <attribute name="Current GC Util" value="0" />
  <attribute name= "Current Time Running" value="2805" />
  <attribute name ="GC Interval" value="200" />
  <attribute name="ProportionalT" value="-10.000000" />
  <attribute name="ProportionalI" value="-10.000000" />
  <attribute name="ProportionalH" value="-10.000000" />
  <attribute name="Current Error" value="-20.000000" />
  <attribute name="IntegralT" value="-7460.000000" />
  <attribute name="IntegralI" value="-7460.000000" />
  <attribute name="IntegralH" value="-7460.000000" />
  <attribute name="DerivativeT" value="-0.080429" />
  <attribute name="DerivativeI" value="-0.080429" />
  <attribute name="DerivativeH" value="-0.080429" />
  <attribute name="Loop Time for DT" value="373.000000" />
  <attribute name="Output H" value="2092630016"/>
  <attribute name="Output I" value="200"/>
  <attribute name="Output T" value="4"/>
  <attribute name="Target GC Util Change" value ="20.000000" />
  <attribute name="Current GC Util Change" value="0.000000"/>
  <attribute name="GC Util currently" value="0" />
  <attribute name="CPU Util currently" value="11" />
<allocation-satisfied id="230" threadId="0000000001D15500" bytesRequested="32" />
<af-end id="231" timestamp="2019-06-15T03:42:51.997" threadId="0000000001D15E88" success="true" from="nursery"/>
<exclusive-end id="232" timestamp="2019-06-15T03:42:51.997" durationms="2.563" />

<exclusive-start id="233" timestamp="2019-06-15T03:42:52.343" intervalms="348.867">
  <response-info timems="0.059" idlems="0.059" threads="0" lastid="0000000001D19100" lastname="node-2" />
</exclusive-start>
<af-start id="234" threadId="0000000001D19A88" totalBytesRequested="32" timestamp="2019-06-15T03:42:52.343" intervalms="348.936" type="nursery" />
<cycle-start id="235" type="scavenge" contextid="0" timestamp="2019-06-15T03:42:52.343" intervalms="349.014" />
<gc-start id="236" type="scavenge" contextid="235" timestamp="2019-06-15T03:42:52.344">
  <mem-info id="237" free="3705352" total="8388608" percent="44">
    <mem type="nursery" free="0" total="2097152" percent="0">
      <mem type="allocate" free="0" total="1507328" percent="0" />
      <mem type="survivor" free="0" total="589824" percent="0" />
    </mem>
    <mem type="tenure" free="3705352" total="6291456" percent="58">
      <mem type="soa" free="3390984" total="5977088" percent="56" />
      <mem type="loa" free="314368" total="314368" percent="100" />
    </mem>
    <remembered-set count="112" />
  </mem-info>
</gc-start>
<allocation-stats totalBytes="997880" >
  <allocated-bytes non-tlh="32" tlh="997848" />
  <largest-consumer threadName="node-0" threadId="0000000001D1CD00" bytes="342656" />
</allocation-stats>
<gc-op id="238" type="scavenge" timems="1.673" contextid="235" timestamp="2019-06-15T03:42:52.346">
  <scavenger-info tenureage="2" tenuremask="7ffc" tiltratio="71" />
  <memory-copied type="nursery" objects="20349" bytes="489128" bytesdiscarded="59224" />
  <memory-copied type="tenure" objects="9249" bytes="221976" bytesdiscarded="0" />
</gc-op>
<gc-end id="239" type="scavenge" contextid="235" durationms="2.165" usertimems="4.000" systemtimems="0.000" timestamp="2019-06-15T03:42:52.346" activeThreads="4">
  <mem-info id="240" free="4429320" total="8388608" percent="52">
    <mem type="nursery" free="958976" total="2097152" percent="45">
      <mem type="allocate" free="958976" total="1507328" percent="63" />
      <mem type="survivor" free="0" total="589824" percent="0" />
    </mem>
    <mem type="tenure" free="3470344" total="6291456" percent="55">
      <mem type="soa" free="3155976" total="5977088" percent="52" />
      <mem type="loa" free="314368" total="314368" percent="100" />
    </mem>
    <remembered-set count="98" />
  </mem-info>
</gc-end>
<cycle-end id="241" type="scavenge" contextid="235" timestamp="2019-06-15T03:42:52.346" />
  <attribute name="elasticGC enabled" value="1" />
  <attribute name= "numThreadsSpecified" value="4" />
  <attribute name="heapSize specified" value="8388608" />
  <attribute name="Current GC Util" value="0" />
  <attribute name= "Current Time Running" value="3154" />
  <attribute name ="GC Interval" value="200" />
  <attribute name="ProportionalT" value="-10.000000" />
  <attribute name="ProportionalI" value="-10.000000" />
  <attribute name="ProportionalH" value="-10.000000" />
  <attribute name="Current Error" value="-20.000000" />
  <attribute name="IntegralT" value="-6980.000000" />
  <attribute name="IntegralI" value="-6980.000000" />
  <attribute name="IntegralH" value="-6980.000000" />
  <attribute name="DerivativeT" value="-0.085960" />
  <attribute name="DerivativeI" value="-0.085960" />
  <attribute name="DerivativeH" value="-0.085960" />
  <attribute name="Loop Time for DT" value="349.000000" />
  <attribute name="Output H" value="2092630016"/>
  <attribute name="Output I" value="200"/>
  <attribute name="Output T" value="4"/>
  <attribute name="Target GC Util Change" value ="20.000000" />
  <attribute name="Current GC Util Change" value="0.000000"/>
  <attribute name="GC Util currently" value="0" />
  <attribute name="CPU Util currently" value="4" />
<allocation-satisfied id="242" threadId="0000000001D19100" bytesRequested="32" />
<af-end id="243" timestamp="2019-06-15T03:42:52.346" threadId="0000000001D19A88" success="true" from="nursery"/>
<exclusive-end id="244" timestamp="2019-06-15T03:42:52.346" durationms="3.069" />

<exclusive-start id="245" timestamp="2019-06-15T03:42:52.682" intervalms="338.872">
  <response-info timems="0.060" idlems="0.060" threads="0" lastid="0000000001D1CD00" lastname="node-0" />
</exclusive-start>
<af-start id="246" threadId="0000000001D1D688" totalBytesRequested="32" timestamp="2019-06-15T03:42:52.682" intervalms="338.867" type="nursery" />
<cycle-start id="247" type="scavenge" contextid="0" timestamp="2019-06-15T03:42:52.682" intervalms="338.860" />
<gc-start id="248" type="scavenge" contextid="247" timestamp="2019-06-15T03:42:52.682">
  <mem-info id="249" free="3470344" total="8388608" percent="41">
    <mem type="nursery" free="0" total="2097152" percent="0">
      <mem type="allocate" free="0" total="1507328" percent="0" />
      <mem type="survivor" free="0" total="589824" percent="0" />
    </mem>
    <mem type="tenure" free="3470344" total="6291456" percent="55">
      <mem type="soa" free="3155976" total="5977088" percent="52" />
      <mem type="loa" free="314368" total="314368" percent="100" />
    </mem>
    <remembered-set count="105" />
  </mem-info>
</gc-start>
<allocation-stats totalBytes="958128" >
  <allocated-bytes non-tlh="32" tlh="958096" />
  <largest-consumer threadName="node-1" threadId="0000000001D15500" bytes="328112" />
</allocation-stats>
<gc-op id="250" type="scavenge" timems="1.728" contextid="247" timestamp="2019-06-15T03:42:52.684">
  <scavenger-info tenureage="1" tenuremask="7ffe" tiltratio="71" />
  <memory-copied type="nursery" objects="10237" bytes="246416" bytesdiscarded="66928" />
  <memory-copied type="tenure" objects="20323" bytes="487752" bytesdiscarded="0" />
</gc-op>
<gc-end id="251" type="scavenge" contextid="247" durationms="2.059" usertimems="4.000" systemtimems="0.000" timestamp="2019-06-15T03:42:52.685" activeThreads="4">
  <mem-info id="252" free="4155144" total="8388608" percent="49">
    <mem type="nursery" free="1193984" total="2097152" percent="56">
      <mem type="allocate" free="1193984" total="1507328" percent="79" />
      <mem type="survivor" free="0" total="589824" percent="0" />
    </mem>
    <mem type="tenure" free="2961160" total="6291456" percent="47">
      <mem type="soa" free="2646792" total="5977088" percent="44" />
      <mem type="loa" free="314368" total="314368" percent="100" />
    </mem>
    <remembered-set count="100" />
  </mem-info>
</gc-end>
<cycle-end id="253" type="scavenge" contextid="247" timestamp="2019-06-15T03:42:52.685" />
  <attribute name="elasticGC enabled" value="1" />
  <attribute name= "numThreadsSpecified" value="4" />
  <attribute name="heapSize specified" value="8388608" />
  <attribute name="Current GC Util" value="0" />
  <attribute name= "Current Time Running" value="3493" />
  <attribute name ="GC Interval" value="200" />
  <attribute name="ProportionalT" value="-10.000000" />
  <attribute name="ProportionalI" value="-10.000000" />
  <attribute name="ProportionalH" value="-10.000000" />
  <attribute name="Current Error" value="-20.000000" />
  <attribute name="IntegralT" value="-6780.000000" />
  <attribute name="IntegralI" value="-6780.000000" />
  <attribute name="IntegralH" value="-6780.000000" />
  <attribute name="DerivativeT" value="-0.088496" />
  <attribute name="DerivativeI" value="-0.088496" />
  <attribute name="DerivativeH" value="-0.088496" />
  <attribute name="Loop Time for DT" value="339.000000" />
  <attribute name="Output H" value="2092630016"/>
  <attribute name="Output I" value="200"/>
  <attribute name="Output T" value="4"/>
  <attribute name="Target GC Util Change" value ="20.000000" />
  <attribute name="Current GC Util Change" value="0.000000"/>
  <attribute name="GC Util currently" value="0" />
  <attribute name="CPU Util currently" value="6" />
<allocation-satisfied id="254" threadId="0000000001D1CD00" bytesRequested="32" />
<af-end id="255" timestamp="2019-06-15T03:42:52.685" threadId="0000000001D1D688" success="true" from="nursery"/>
<exclusive-end id="256" timestamp="2019-06-15T03:42:52.685" durationms="2.762" />

<exclusive-start id="257" timestamp="2019-06-15T03:42:53.097" intervalms="415.106">
  <response-info timems="0.026" idlems="0.026" threads="0" lastid="0000000001D1CD00" lastname="node-0" />
</exclusive-start>
<af-start id="258" threadId="0000000001D1D688" totalBytesRequested="24" timestamp="2019-06-15T03:42:53.097" intervalms="415.036" type="nursery" />
<cycle-start id="259" type="scavenge" contextid="0" timestamp="2019-06-15T03:42:53.097" intervalms="414.957" />
<gc-start id="260" type="scavenge" contextid="259" timestamp="2019-06-15T03:42:53.097">
  <mem-info id="261" free="2961160" total="8388608" percent="35">
    <mem type="nursery" free="0" total="2097152" percent="0">
      <mem type="allocate" free="0" total="1507328" percent="0" />
      <mem type="survivor" free="0" total="589824" percent="0" />
    </mem>
    <mem type="tenure" free="2961160" total="6291456" percent="47">
      <mem type="soa" free="2646792" total="5977088" percent="44" />
      <mem type="loa" free="314368" total="314368" percent="100" />
    </mem>
    <remembered-set count="106" />
  </mem-info>
</gc-start>
<allocation-stats totalBytes="1192760" >
  <allocated-bytes non-tlh="32" tlh="1192728" />
  <largest-consumer threadName="node-1" threadId="0000000001D15500" bytes="413192" />
</allocation-stats>
<gc-op id="262" type="scavenge" timems="1.312" contextid="259" timestamp="2019-06-15T03:42:53.099">
  <scavenger-info tenureage="1" tenuremask="7ffe" tiltratio="71" />
  <memory-copied type="nursery" objects="12144" bytes="291336" bytesdiscarded="22008" />
  <memory-copied type="tenure" objects="10212" bytes="245088" bytesdiscarded="0" />
</gc-op>
<gc-end id="263" type="scavenge" contextid="259" durationms="1.546" usertimems="0.000" systemtimems="0.000" timestamp="2019-06-15T03:42:53.099" activeThreads="4">
  <mem-info id="264" free="3985672" total="8388608" percent="47">
    <mem type="nursery" free="1259520" total="2097152" percent="60">
      <mem type="allocate" free="1259520" total="1572864" percent="80" />
      <mem type="survivor" free="0" total="524288" percent="0" />
    </mem>
    <mem type="tenure" free="2726152" total="6291456" percent="43">
      <mem type="soa" free="2411784" total="5977088" percent="40" />
      <mem type="loa" free="314368" total="314368" percent="100" />
    </mem>
    <remembered-set count="92" />
  </mem-info>
</gc-end>
<cycle-end id="265" type="scavenge" contextid="259" timestamp="2019-06-15T03:42:53.099" />
  <attribute name="elasticGC enabled" value="1" />
  <attribute name= "numThreadsSpecified" value="4" />
  <attribute name="heapSize specified" value="8388608" />
  <attribute name="Current GC Util" value="0" />
  <attribute name= "Current Time Running" value="3908" />
  <attribute name ="GC Interval" value="200" />
  <attribute name="ProportionalT" value="-10.000000" />
  <attribute name="ProportionalI" value="-10.000000" />
  <attribute name="ProportionalH" value="-10.000000" />
  <attribute name="Current Error" value="-20.000000" />
  <attribute name="IntegralT" value="-8300.000000" />
  <attribute name="IntegralI" value="-8300.000000" />
  <attribute name="IntegralH" value="-8300.000000" />
  <attribute name="DerivativeT" value="-0.072289" />
  <attribute name="DerivativeI" value="-0.072289" />
  <attribute name="DerivativeH" value="-0.072289" />
  <attribute name="Loop Time for DT" value="415.000000" />
  <attribute name="Output H" value="2092630016"/>
  <attribute name="Output I" value="200"/>
  <attribute name="Output T" value="4"/>
  <attribute name="Target GC Util Change" value ="20.000000" />
  <attribute name="Current GC Util Change" value="0.000000"/>
  <attribute name="GC Util currently" value="0" />
  <attribute name="CPU Util currently" value="3" />
<allocation-satisfied id="266" threadId="0000000001D1CD00" bytesRequested="24" />
<af-end id="267" timestamp="2019-06-15T03:42:53.099" threadId="0000000001D1D688" success="true" from="nursery"/>
<exclusive-end id="268" timestamp="2019-06-15T03:42:53.099" durationms="2.064" />

<exclusive-start id="269" timestamp="2019-06-15T03:42:53.489" intervalms="391.427">
  <response-info timems="0.030" idlems="0.030" threads="0" lastid="0000000001D19100" lastname="node-2" />
</exclusive-start>
<af-start id="270" threadId="0000000001D19A88" totalBytesRequested="24" timestamp="2019-06-15T03:42:53.489" intervalms="391.425" type="nursery" />
<cycle-start id="271" type="scavenge" contextid="0" timestamp="2019-06-15T03:42:53.489" intervalms="391.425" />
<gc-start id="272" type="scavenge" contextid="271" timestamp="2019-06-15T03:42:53.489">
  <mem-info id="273" free="2726152" total="8388608" percent="32">
    <mem type="nursery" free="0" total="2097152" percent="0">
      <mem type="allocate" free="0" total="1572864" percent="0" />
      <mem type="survivor" free="0" total="524288" percent="0" />
    </mem>
    <mem type="tenure" free="2726152" total="6291456" percent="43">
      <mem type="soa" free="2411784" total="5977088" percent="40" />
      <mem type="loa" free="314368" total="314368" percent="100" />
    </mem>
    <remembered-set count="104" />
  </mem-info>
</gc-start>
<allocation-stats totalBytes="1258832" >
  <allocated-bytes non-tlh="24" tlh="1258808" />
  <largest-consumer threadName="node-0" threadId="0000000001D1CD00" bytes="439928" />
</allocation-stats>
<gc-op id="274" type="scavenge" timems="1.460" contextid="271" timestamp="2019-06-15T03:42:53.490">
  <scavenger-info tenureage="1" tenuremask="7ffe" tiltratio="75" />
  <memory-copied type="nursery" objects="12802" bytes="307128" bytesdiscarded="45384" />
  <memory-copied type="tenure" objects="12129" bytes="291096" bytesdiscarded="0" />
</gc-op>
<gc-end id="275" type="scavenge" contextid="271" durationms="1.649" usertimems="0.000" systemtimems="0.000" timestamp="2019-06-15T03:42:53.490" activeThreads="4">
  <mem-info id="276" free="3672328" total="8388608" percent="43">
    <mem type="nursery" free="1220352" total="2097152" percent="58">
      <mem type="allocate" free="1220352" total="1572864" percent="77" />
      <mem type="survivor" free="0" total="524288" percent="0" />
    </mem>
    <mem type="tenure" free="2451976" total="6291456" percent="38">
      <mem type="soa" free="2137608" total="5977088" percent="35" />
      <mem type="loa" free="314368" total="314368" percent="100" />
    </mem>
    <remembered-set count="92" />
  </mem-info>
</gc-end>
<cycle-end id="277" type="scavenge" contextid="271" timestamp="2019-06-15T03:42:53.491" />
  <attribute name="elasticGC enabled" value="1" />
  <attribute name= "numThreadsSpecified" value="4" />
  <attribute name="heapSize specified" value="8388608" />
  <attribute name="Current GC Util" value="0" />
  <attribute name= "Current Time Running" value="4299" />
  <attribute name ="GC Interval" value="200" />
  <attribute name="ProportionalT" value="-10.000000" />
  <attribute name="ProportionalI" value="-10.000000" />
  <attribute name="ProportionalH" value="-10.000000" />
  <attribute name="Current Error" value="-20.000000" />
  <attribute name="IntegralT" value="-7820.000000" />
  <attribute name="IntegralI" value="-7820.000000" />
  <attribute name="IntegralH" value="-7820.000000" />
  <attribute name="DerivativeT" value="-0.076726" />
  <attribute name="DerivativeI" value="-0.076726" />
  <attribute name="DerivativeH" value="-0.076726" />
  <attribute name="Loop Time for DT" value="391.000000" />
  <attribute name="Output H" value="2092630016"/>
  <attribute name="Output I" value="200"/>
  <attribute name="Output T" value="4"/>
  <attribute name="Target GC Util Change" value ="20.000000" />
  <attribute name="Current GC Util Change" value="0.000000"/>
  <attribute name="GC Util currently" value="0" />
  <attribute name="CPU Util currently" value="4" />
<allocation-satisfied id="278" threadId="0000000001D19100" bytesRequested="24" />
<af-end id="279" timestamp="2019-06-15T03:42:53.491" threadId="0000000001D19A88" success="true" from="nursery"/>
<exclusive-end id="280" timestamp="2019-06-15T03:42:53.491" durationms="2.351" />

<exclusive-start id="281" timestamp="2019-06-15T03:42:53.859" intervalms="370.248">
  <response-info timems="0.025" idlems="0.025" threads="0" lastid="0000000001D15500" lastname="node-1" />
</exclusive-start>
<af-start id="282" threadId="0000000001D15E88" totalBytesRequested="32" timestamp="2019-06-15T03:42:53.859" intervalms="370.244" type="nursery" />
<cycle-start id="283" type="scavenge" contextid="0" timestamp="2019-06-15T03:42:53.859" intervalms="370.290" />
<gc-start id="284" type="scavenge" contextid="283" timestamp="2019-06-15T03:42:53.859">
  <mem-info id="285" free="2451976" total="8388608" percent="29">
    <mem type="nursery" free="0" total="2097152" percent="0">
      <mem type="allocate" free="0" total="1572864" percent="0" />
      <mem type="survivor" free="0" total="524288" percent="0" />
    </mem>
    <mem type="tenure" free="2451976" total="6291456" percent="38">
      <mem type="soa" free="2137608" total="5977088" percent="35" />
      <mem type="loa" free="314368" total="314368" percent="100" />
    </mem>
    <remembered-set count="104" />
  </mem-info>
</gc-start>
<allocation-stats totalBytes="1219760" >
  <allocated-bytes non-tlh="24" tlh="1219736" />
  <largest-consumer threadName="node-2" threadId="0000000001D19100" bytes="429952" />
</allocation-stats>
<gc-op id="286" type="scavenge" timems="1.425" contextid="283" timestamp="2019-06-15T03:42:53.861">
  <scavenger-info tenureage="1" tenuremask="7ffe" tiltratio="75" />
  <memory-copied type="nursery" objects="12628" bytes="302952" bytesdiscarded="49560" />
  <memory-copied type="tenure" objects="12787" bytes="306888" bytesdiscarded="0" />
</gc-op>
<gc-end id="287" type="scavenge" contextid="283" durationms="1.768" usertimems="0.000" systemtimems="0.000" timestamp="2019-06-15T03:42:53.861" activeThreads="4">
  <mem-info id="288" free="3424520" total="8388608" percent="40">
    <mem type="nursery" free="1285888" total="2097152" percent="61">
      <mem type="allocate" free="1285888" total="1638400" percent="78" />
      <mem type="survivor" free="0" total="458752" percent="0" />
    </mem>
    <mem type="tenure" free="2138632" total="6291456" percent="33">
      <mem type="soa" free="1824264" total="5977088" percent="30" />
      <mem type="loa" free="314368" total="314368" percent="100" />
    </mem>
    <remembered-set count="92" />
  </mem-info>
</gc-end>
<cycle-end id="289" type="scavenge" contextid="283" timestamp="2019-06-15T03:42:53.861" />
  <attribute name="elasticGC enabled" value="1" />
  <attribute name= "numThreadsSpecified" value="4" />
  <attribute name="heapSize specified" value="8388608" />
  <attribute name="Current GC Util" value="0" />
  <attribute name= "Current Time Running" value="4670" />
  <attribute name ="GC Interval" value="200" />
  <attribute name="ProportionalT" value="-10.000000" />
  <attribute name="ProportionalI" value="-10.000000" />
  <attribute name="ProportionalH" value="-10.000000" />
  <attribute name="Current Error" value="-20.000000" />
  <attribute name="IntegralT" value="-7420.000000" />
  <attribute name="IntegralI" value="-7420.000000" />
  <attribute name="IntegralH" value="-7420.000000" />
  <attribute name="DerivativeT" value="-0.080863" />
  <attribute name="DerivativeI" value="-0.080863" />
  <attribute name="DerivativeH" value="-0.080863" />
  <attribute name="Loop Time for DT" value="371.000000" />
  <attribute name="Output H" value="2092630016"/>
  <attribute name="Output I" value="200"/>
  <attribute name="Output T" value="4"/>
  <attribute name="Target GC Util Change" value ="20.000000" />
  <attribute name="Current GC Util Change" value="0.000000"/>
  <attribute name="GC Util currently" value="0" />
  <attribute name="CPU Util currently" value="1" />
<allocation-satisfied id="290" threadId="0000000001D15500" bytesRequested="32" />
<af-end id="291" timestamp="2019-06-15T03:42:53.861" threadId="0000000001D15E88" success="true" from="nursery"/>
<exclusive-end id="292" timestamp="2019-06-15T03:42:53.861" durationms="2.431" />

<exclusive-start id="293" timestamp="2019-06-15T03:42:54.230" intervalms="370.982">
  <response-info timems="0.097" idlems="0.056" threads="1" lastid="0000000001D15500" lastname="node-1" />
</exclusive-start>
<af-start id="294" threadId="0000000001D1D688" totalBytesRequested="24" timestamp="2019-06-15T03:42:54.230" intervalms="371.016" type="nursery" />
<cycle-start id="295" type="scavenge" contextid="0" timestamp="2019-06-15T03:42:54.230" intervalms="370.993" />
<gc-start id="296" type="scavenge" contextid="295" timestamp="2019-06-15T03:42:54.230">
  <mem-info id="297" free="2138632" total="8388608" percent="25">
    <mem type="nursery" free="0" total="2097152" percent="0">
      <mem type="allocate" free="0" total="1638400" percent="0" />
      <mem type="survivor" free="0" total="458752" percent="0" />
    </mem>
    <mem type="tenure" free="2138632" total="6291456" percent="33">
      <mem type="soa" free="1824264" total="5977088" percent="30" />
      <mem type="loa" free="314368" total="314368" percent="100" />
    </mem>
    <remembered-set count="104" />
  </mem-info>
</gc-start>
<allocation-stats totalBytes="1285496" >
  <allocated-bytes non-tlh="32" tlh="1285464" />
  <largest-consumer threadName="node-2" threadId="0000000001D19100" bytes="466528" />
</allocation-stats>
<gc-op id="298" type="scavenge" timems="3.045" contextid="295" timestamp="2019-06-15T03:42:54.233">
  <scavenger-info tenureage="1" tenuremask="7ffe" tiltratio="78" />
  <memory-copied type="nursery" objects="13000" bytes="312736" bytesdiscarded="120416" />
  <memory-copied type="tenure" objects="12613" bytes="302712" bytesdiscarded="8" />
</gc-op>
<gc-end id="299" type="scavenge" contextid="295" durationms="3.485" usertimems="0.000" systemtimems="0.000" timestamp="2019-06-15T03:42:54.234" activeThreads="4">
  <mem-info id="300" free="2963720" total="8388608" percent="35">
    <mem type="nursery" free="1205248" total="2097152" percent="57">
      <mem type="allocate" free="1205248" total="1638400" percent="73" />
      <mem type="survivor" free="0" total="458752" percent="0" />
    </mem>
    <mem type="tenure" free="1758472" total="6291456" percent="27">
      <mem type="soa" free="1444104" total="5977088" percent="24" />
      <mem type="loa" free="314368" total="314368" percent="100" />
    </mem>
    <remembered-set count="97" />
  </mem-info>
</gc-end>
<cycle-end id="301" type="scavenge" contextid="295" timestamp="2019-06-15T03:42:54.234" />
  <attribute name="elasticGC enabled" value="1" />
  <attribute name= "numThreadsSpecified" value="4" />
  <attribute name="heapSize specified" value="8388608" />
  <attribute name="Current GC Util" value="0" />
  <attribute name= "Current Time Running" value="5041" />
  <attribute name ="GC Interval" value="200" />
  <attribute name="ProportionalT" value="-10.000000" />
  <attribute name="ProportionalI" value="-10.000000" />
  <attribute name="ProportionalH" value="-10.000000" />
  <attribute name="Current Error" value="-20.000000" />
  <attribute name="IntegralT" value="-7420.000000" />
  <attribute name="IntegralI" value="-7420.000000" />
  <attribute name="IntegralH" value="-7420.000000" />
  <attribute name="DerivativeT" value="-0.080863" />
  <attribute name="DerivativeI" value="-0.080863" />
  <attribute name="DerivativeH" value="-0.080863" />
  <attribute name="Loop Time for DT" value="371.000000" />
  <attribute name="Output H" value="2092630016"/>
  <attribute name="Output I" value="200"/>
  <attribute name="Output T" value="4"/>
  <attribute name="Target GC Util Change" value ="20.000000" />
  <attribute name="Current GC Util Change" value="0.000000"/>
  <attribute name="GC Util currently" value="0" />
  <attribute name="CPU Util currently" value="0" />
<allocation-satisfied id="302" threadId="0000000001D1CD00" bytesRequested="24" />
<af-end id="303" timestamp="2019-06-15T03:42:54.234" threadId="0000000001D1D688" success="true" from="nursery"/>
<exclusive-end id="304" timestamp="2019-06-15T03:42:54.234" durationms="4.163" />

<exclusive-start id="305" timestamp="2019-06-15T03:42:54.598" intervalms="368.632">
  <response-info timems="0.022" idlems="0.022" threads="0" lastid="0000000001D15500" lastname="node-1" />
</exclusive-start>
<af-start id="306" threadId="0000000001D15E88" totalBytesRequested="24" timestamp="2019-06-15T03:42:54.598" intervalms="368.592" type="nursery" />
<cycle-start id="307" type="scavenge" contextid="0" timestamp="2019-06-15T03:42:54.599" intervalms="368.564" />
<gc-start id="308" type="scavenge" contextid="307" timestamp="2019-06-15T03:42:54.599">
  <mem-info id="309" free="1758472" total="8388608" percent="20">
    <mem type="nursery" free="0" total="2097152" percent="0">
      <mem type="allocate" free="0" total="1638400" percent="0" />
      <mem type="survivor" free="0" total="458752" percent="0" />
    </mem>
    <mem type="tenure" free="1758472" total="6291456" percent="27">
      <mem type="soa" free="1444104" total="5977088" percent="24" />
      <mem type="loa" free="314368" total="314368" percent="100" />
    </mem>
    <remembered-set count="103" />
  </mem-info>
</gc-start>
<allocation-stats totalBytes="1204976" >
  <allocated-bytes non-tlh="24" tlh="1204952" />
  <largest-consumer threadName="node-2" threadId="0000000001D19100" bytes="409520" />
</allocation-stats>
<gc-op id="310" type="scavenge" timems="1.445" contextid="307" timestamp="2019-06-15T03:42:54.600">
  <scavenger-info tenureage="1" tenuremask="7ffe" tiltratio="78" />
  <memory-copied type="nursery" objects="12639" bytes="303216" bytesdiscarded="49296" />
  <memory-copied type="tenure" objects="12974" bytes="311376" bytesdiscarded="0" />
</gc-op>
<gc-end id="311" type="scavenge" contextid="307" durationms="1.812" usertimems="4.000" systemtimems="0.000" timestamp="2019-06-15T03:42:54.600" activeThreads="4">
  <mem-info id="312" free="2770184" total="8388608" percent="33">
    <mem type="nursery" free="1285888" total="2097152" percent="61">
      <mem type="allocate" free="1285888" total="1638400" percent="78" />
      <mem type="survivor" free="0" total="458752" percent="0" />
    </mem>
    <mem type="tenure" free="1484296" total="6291456" percent="23">
      <mem type="soa" free="1169928" total="5977088" percent="19" />
      <mem type="loa" free="314368" total="314368" percent="100" />
    </mem>
    <remembered-set count="91" />
  </mem-info>
</gc-end>
<cycle-end id="313" type="scavenge" contextid="307" timestamp="2019-06-15T03:42:54.601" />
  <attribute name="elasticGC enabled" value="1" />
  <attribute name= "numThreadsSpecified" value="4" />
  <attribute name="heapSize specified" value="8388608" />
  <attribute name="Current GC Util" value="0" />
  <attribute name= "Current Time Running" value="5409" />
  <attribute name ="GC Interval" value="200" />
  <attribute name="ProportionalT" value="-10.000000" />
  <attribute name="ProportionalI" value="-10.000000" />
  <attribute name="ProportionalH" value="-10.000000" />
  <attribute name="Current Error" value="-20.000000" />
  <attribute name="IntegralT" value="-7360.000000" />
  <attribute name="IntegralI" value="-7360.000000" />
  <attribute name="IntegralH" value="-7360.000000" />
  <attribute name="DerivativeT" value="-0.081522" />
  <attribute name="DerivativeI" value="-0.081522" />
  <attribute name="DerivativeH" value="-0.081522" />
  <attribute name="Loop Time for DT" value="368.000000" />
  <attribute name="Output H" value="2092630016"/>
  <attribute name="Output I" value="200"/>
  <attribute name="Output T" value="4"/>
  <attribute name="Target GC Util Change" value ="20.000000" />
  <attribute name="Current GC Util Change" value="0.000000"/>
  <attribute name="GC Util currently" value="0" />
  <attribute name="CPU Util currently" value="4" />
<allocation-satisfied id="314" threadId="0000000001D15500" bytesRequested="24" />
<af-end id="315" timestamp="2019-06-15T03:42:54.601" threadId="0000000001D15E88" success="true" from="nursery"/>
<exclusive-end id="316" timestamp="2019-06-15T03:42:54.601" durationms="2.453" />

<exclusive-start id="317" timestamp="2019-06-15T03:42:55.012" intervalms="413.998">
  <response-info timems="0.021" idlems="0.021" threads="0" lastid="0000000001D15500" lastname="node-1" />
</exclusive-start>
<af-start id="318" threadId="0000000001D15E88" totalBytesRequested="32" timestamp="2019-06-15T03:42:55.012" intervalms="413.995" type="nursery" />
<cycle-start id="319" type="scavenge" contextid="0" timestamp="2019-06-15T03:42:55.013" intervalms="413.994" />
<gc-start id="320" type="scavenge" contextid="319" timestamp="2019-06-15T03:42:55.013">
  <mem-info id="321" free="1484296" total="8388608" percent="17">
    <mem type="nursery" free="0" total="2097152" percent="0">
      <mem type="allocate" free="0" total="1638400" percent="0" />
      <mem type="survivor" free="0" total="458752" percent="0" />
    </mem>
    <mem type="tenure" free="1484296" total="6291456" percent="23">
      <mem type="soa" free="1169928" total="5977088" percent="19" />
      <mem type="loa" free="314368" total="314368" percent="100" />
    </mem>
    <remembered-set count="103" />
  </mem-info>
</gc-start>
<allocation-stats totalBytes="1285024" >
  <allocated-bytes non-tlh="24" tlh="1285000" />
  <largest-consumer threadName="node-0" threadId="0000000001D1CD00" bytes="466536" />
</allocation-stats>
<gc-op id="322" type="scavenge" timems="1.440" contextid="319" timestamp="2019-06-15T03:42:55.014">
  <scavenger-info tenureage="1" tenuremask="7ffe" tiltratio="78" />
  <memory-copied type="nursery" objects="13131" bytes="315024" bytesdiscarded="76656" />
  <memory-copied type="tenure" objects="12624" bytes="302976" bytesdiscarded="0" />
</gc-op>
<gc-end id="323" type="scavenge" contextid="319" durationms="1.605" usertimems="4.000" systemtimems="0.000" timestamp="2019-06-15T03:42:55.014" activeThreads="4">
  <mem-info id="324" free="2417672" total="8388608" percent="28">
    <mem type="nursery" free="1246720" total="2097152" percent="59">
      <mem type="allocate" free="1246720" total="1638400" percent="76" />
      <mem type="survivor" free="0" total="458752" percent="0" />
    </mem>
    <mem type="tenure" free="1170952" total="6291456" percent="18">
      <mem type="soa" free="856584" total="5977088" percent="14" />
      <mem type="loa" free="314368" total="314368" percent="100" />
    </mem>
    <remembered-set count="91" />
  </mem-info>
</gc-end>
<cycle-end id="325" type="scavenge" contextid="319" timestamp="2019-06-15T03:42:55.014" />
  <attribute name="elasticGC enabled" value="1" />
  <attribute name= "numThreadsSpecified" value="4" />
  <attribute name="heapSize specified" value="8388608" />
  <attribute name="Current GC Util" value="0" />
  <attribute name= "Current Time Running" value="5823" />
  <attribute name ="GC Interval" value="200" />
  <attribute name="ProportionalT" value="-10.000000" />
  <attribute name="ProportionalI" value="-10.000000" />
  <attribute name="ProportionalH" value="-10.000000" />
  <attribute name="Current Error" value="-20.000000" />
  <attribute name="IntegralT" value="-8280.000000" />
  <attribute name="IntegralI" value="-8280.000000" />
  <attribute name="IntegralH" value="-8280.000000" />
  <attribute name="DerivativeT" value="-0.072464" />
  <attribute name="DerivativeI" value="-0.072464" />
  <attribute name="DerivativeH" value="-0.072464" />
  <attribute name="Loop Time for DT" value="414.000000" />
  <attribute name="Output H" value="2092630016"/>
  <attribute name="Output I" value="200"/>
  <attribute name="Output T" value="4"/>
  <attribute name="Target GC Util Change" value ="20.000000" />
  <attribute name="Current GC Util Change" value="0.000000"/>
  <attribute name="GC Util currently" value="0" />
  <attribute name="CPU Util currently" value="1" />
<allocation-satisfied id="326" threadId="0000000001D15500" bytesRequested="32" />
<af-end id="327" timestamp="2019-06-15T03:42:55.014" threadId="0000000001D15E88" success="true" from="nursery"/>
<exclusive-end id="328" timestamp="2019-06-15T03:42:55.015" durationms="2.108" />

<exclusive-start id="329" timestamp="2019-06-15T03:42:55.397" intervalms="384.566">
  <response-info timems="0.023" idlems="0.023" threads="0" lastid="0000000001D15500" lastname="node-1" />
</exclusive-start>
<af-start id="330" threadId="0000000001D15E88" totalBytesRequested="32" timestamp="2019-06-15T03:42:55.397" intervalms="384.569" type="nursery" />
<cycle-start id="331" type="scavenge" contextid="0" timestamp="2019-06-15T03:42:55.397" intervalms="384.577" />
<gc-start id="332" type="scavenge" contextid="331" timestamp="2019-06-15T03:42:55.397">
  <mem-info id="333" free="1170952" total="8388608" percent="13">
    <mem type="nursery" free="0" total="2097152" percent="0">
      <mem type="allocate" free="0" total="1638400" percent="0" />
      <mem type="survivor" free="0" total="458752" percent="0" />
    </mem>
    <mem type="tenure" free="1170952" total="6291456" percent="18">
      <mem type="soa" free="856584" total="5977088" percent="14" />
      <mem type="loa" free="314368" total="314368" percent="100" />
    </mem>
    <remembered-set count="103" />
  </mem-info>
</gc-start>
<allocation-stats totalBytes="1246296" >
  <allocated-bytes non-tlh="32" tlh="1246264" />
  <largest-consumer threadName="node-2" threadId="0000000001D19100" bytes="427408" />
</allocation-stats>
<gc-op id="334" type="scavenge" timems="1.455" contextid="331" timestamp="2019-06-15T03:42:55.399">
  <scavenger-info tenureage="1" tenuremask="7ffe" tiltratio="78" />
  <memory-copied type="nursery" objects="13022" bytes="312408" bytesdiscarded="936" />
  <memory-copied type="tenure" objects="13116" bytes="314784" bytesdiscarded="0" />
</gc-op>
<gc-end id="335" type="scavenge" contextid="331" durationms="1.676" usertimems="4.000" systemtimems="0.000" timestamp="2019-06-15T03:42:55.399" activeThreads="4">
  <mem-info id="336" free="2248200" total="8388608" percent="26">
    <mem type="nursery" free="1390592" total="2097152" percent="66">
      <mem type="allocate" free="1390592" total="1703936" percent="81" />
      <mem type="survivor" free="0" total="393216" percent="0" />
    </mem>
    <mem type="tenure" free="857608" total="6291456" percent="13">
      <mem type="soa" free="543240" total="5977088" percent="9" />
      <mem type="loa" free="314368" total="314368" percent="100" />
    </mem>
    <remembered-set count="91" />
  </mem-info>
</gc-end>
<cycle-end id="337" type="scavenge" contextid="331" timestamp="2019-06-15T03:42:55.399" />
  <attribute name="elasticGC enabled" value="1" />
  <attribute name= "numThreadsSpecified" value="4" />
  <attribute name="heapSize specified" value="8388608" />
  <attribute name="Current GC Util" value="0" />
  <attribute name= "Current Time Running" value="6208" />
  <attribute name ="GC Interval" value="200" />
  <attribute name="ProportionalT" value="-10.000000" />
  <attribute name="ProportionalI" value="-10.000000" />
  <attribute name="ProportionalH" value="-10.000000" />
  <attribute name="Current Error" value="-20.000000" />
  <attribute name="IntegralT" value="-7700.000000" />
  <attribute name="IntegralI" value="-7700.000000" />
  <attribute name="IntegralH" value="-7700.000000" />
  <attribute name="DerivativeT" value="-0.077922" />
  <attribute name="DerivativeI" value="-0.077922" />
  <attribute name="DerivativeH" value="-0.077922" />
  <attribute name="Loop Time for DT" value="385.000000" />
  <attribute name="Output H" value="2092630016"/>
  <attribute name="Output I" value="200"/>
  <attribute name="Output T" value="4"/>
  <attribute name="Target GC Util Change" value ="20.000000" />
  <attribute name="Current GC Util Change" value="0.000000"/>
  <attribute name="GC Util currently" value="0" />
  <attribute name="CPU Util currently" value="1" />
<allocation-satisfied id="338" threadId="0000000001D15500" bytesRequested="32" />
<af-end id="339" timestamp="2019-06-15T03:42:55.399" threadId="0000000001D15E88" success="true" from="nursery"/>
<exclusive-end id="340" timestamp="2019-06-15T03:42:55.399" durationms="2.300" />

<concurrent-kickoff id="341" timestamp="2019-06-15T03:42:55.716">
  <kickoff reason="threshold reached" targetBytes="1867303" thresholdFreeBytes="258006"  remainingFree="227296" tenureFreeBytes="857608" nurseryFreeBytes="227296" />
</concurrent-kickoff>
<exclusive-start id="342" timestamp="2019-06-15T03:42:55.716" intervalms="319.398">
  <response-info timems="0.029" idlems="0.016" threads="1" lastid="0000000001D1CD00" lastname="node-0" />
</exclusive-start>
<cycle-start id="343" type="global" contextid="0" timestamp="2019-06-15T03:42:55.716" intervalms="5745.820" />
<exclusive-end id="344" timestamp="2019-06-15T03:42:55.716" durationms="0.107" />

<exclusive-start id="345" timestamp="2019-06-15T03:42:55.825" intervalms="108.497">
  <response-info timems="0.027" idlems="0.027" threads="0" lastid="0000000001D19100" lastname="node-2" />
</exclusive-start>
<af-start id="346" threadId="0000000001D19A88" totalBytesRequested="32" timestamp="2019-06-15T03:42:55.825" intervalms="427.898" type="nursery" />
<cycle-start id="347" type="scavenge" contextid="0" timestamp="2019-06-15T03:42:55.825" intervalms="427.900" />
<gc-start id="348" type="scavenge" contextid="347" timestamp="2019-06-15T03:42:55.825">
  <mem-info id="349" free="857608" total="8388608" percent="10">
    <mem type="nursery" free="0" total="2097152" percent="0">
      <mem type="allocate" free="0" total="1703936" percent="0" />
      <mem type="survivor" free="0" total="393216" percent="0" />
    </mem>
    <mem type="tenure" free="857608" total="6291456" percent="13">
      <mem type="soa" free="543240" total="5977088" percent="9" />
      <mem type="loa" free="314368" total="314368" percent="100" />
    </mem>
    <remembered-set count="103" />
  </mem-info>
</gc-start>
<allocation-stats totalBytes="1390336" >
  <allocated-bytes non-tlh="32" tlh="1390304" />
  <largest-consumer threadName="node-1" threadId="0000000001D15500" bytes="479160" />
</allocation-stats>
<gc-op id="350" type="scavenge" timems="1.597" contextid="347" timestamp="2019-06-15T03:42:55.827">
  <scavenger-info tenureage="1" tenuremask="7ffe" tiltratio="81" />
  <memory-copied type="nursery" objects="14546" bytes="349376" bytesdiscarded="3136" />
  <memory-copied type="tenure" objects="13007" bytes="312168" bytesdiscarded="0" />
</gc-op>
<gc-end id="351" type="scavenge" contextid="347" durationms="1.881" usertimems="0.000" systemtimems="0.000" timestamp="2019-06-15T03:42:55.827" activeThreads="4">
  <mem-info id="352" free="1830152" total="8388608" percent="21">
    <mem type="nursery" free="1285888" total="2097152" percent="61">
      <mem type="allocate" free="1285888" total="1638400" percent="78" />
      <mem type="survivor" free="0" total="458752" percent="0" />
    </mem>
    <mem type="tenure" free="544264" total="6291456" percent="8">
      <mem type="soa" free="229896" total="5977088" percent="3" />
      <mem type="loa" free="314368" total="314368" percent="100" />
    </mem>
    <remembered-set count="95" />
  </mem-info>
</gc-end>
<cycle-end id="353" type="scavenge" contextid="347" timestamp="2019-06-15T03:42:55.827" />
  <attribute name="elasticGC enabled" value="1" />
  <attribute name= "numThreadsSpecified" value="4" />
  <attribute name="heapSize specified" value="8388608" />
  <attribute name="Current GC Util" value="0" />
  <attribute name= "Current Time Running" value="6636" />
  <attribute name ="GC Interval" value="200" />
  <attribute name="ProportionalT" value="-10.000000" />
  <attribute name="ProportionalI" value="-10.000000" />
  <attribute name="ProportionalH" value="-10.000000" />
  <attribute name="Current Error" value="-20.000000" />
  <attribute name="IntegralT" value="-8560.000000" />
  <attribute name="IntegralI" value="-8560.000000" />
  <attribute name="IntegralH" value="-8560.000000" />
  <attribute name="DerivativeT" value="-0.070093" />
  <attribute name="DerivativeI" value="-0.070093" />
  <attribute name="DerivativeH" value="-0.070093" />
  <attribute name="Loop Time for DT" value="428.000000" />
  <attribute name="Output H" value="2092630016"/>
  <attribute name="Output I" value="200"/>
  <attribute name="Output T" value="4"/>
  <attribute name="Target GC Util Change" value ="20.000000" />
  <attribute name="Current GC Util Change" value="0.000000"/>
  <attribute name="GC Util currently" value="0" />
  <attribute name="CPU Util currently" value="3" />
<allocation-satisfied id="354" threadId="0000000001D19100" bytesRequested="32" />
<af-end id="355" timestamp="2019-06-15T03:42:55.827" threadId="0000000001D19A88" success="true" from="nursery"/>
<exclusive-end id="356" timestamp="2019-06-15T03:42:55.827" durationms="2.620" />

<exclusive-start id="357" timestamp="2019-06-15T03:42:55.828" intervalms="3.439">
  <response-info timems="0.023" idlems="0.023" threads="0" lastid="0000000001D15500" lastname="node-1" />
</exclusive-start>
<concurrent-collection-start id="358" timestamp="2019-06-15T03:42:55.828" intervalms="6753.424" >
  <concurrent-trace-info reason="card cleaning threshold reached" tracedByMutators="172312" tracedByHelpers="1007896" cardsCleaned="21" workStackOverflowCount="0" />
</concurrent-collection-start>
<gc-start id="359" type="global" contextid="343" timestamp="2019-06-15T03:42:55.829">
  <mem-info id="360" free="1719528" total="8388608" percent="20">
    <mem type="nursery" free="1175264" total="2097152" percent="56">
      <mem type="allocate" free="1175264" total="1638400" percent="71" />
      <mem type="survivor" free="0" total="458752" percent="0" />
    </mem>
    <mem type="tenure" free="544264" total="6291456" percent="8">
      <mem type="soa" free="229896" total="5977088" percent="3" />
      <mem type="loa" free="314368" total="314368" percent="100" />
    </mem>
    <remembered-set count="97" />
  </mem-info>
</gc-start>
<allocation-stats totalBytes="110624" >
  <allocated-bytes non-tlh="32" tlh="110592" />
  <largest-consumer threadName="node-2" threadId="0000000001D19100" bytes="36896" />
</allocation-stats>
<gc-op id="361" type="rs-scan" timems="0.268" contextid="343" timestamp="2019-06-15T03:42:55.829">
  <scan objectsFound="43" bytesTraced="4224" workStackOverflowCount="0" />
</gc-op>
<gc-op id="362" type="card-cleaning" timems="0.140" contextid="343" timestamp="2019-06-15T03:42:55.829">
  <card-cleaning cardsCleaned="7" bytesTraced="3236" workStackOverflowCount="0" />
</gc-op>
<gc-op id="363" type="mark" timems="0.455" contextid="343" timestamp="2019-06-15T03:42:55.830">
  <trace-info objectcount="236" scancount="192" scanbytes="5136" />
  <finalization candidates="13" enqueued="0" />
  <references type="soft" candidates="66" cleared="0" enqueued="0" dynamicThreshold="28" maxThreshold="32" />
  <references type="weak" candidates="130" cleared="0" enqueued="0" />
  <references type="phantom" candidates="32" cleared="2" enqueued="2" />
  <stringconstants candidates="3831" cleared="0"  />
</gc-op>
<gc-op id="364" type="sweep" timems="0.116" contextid="343" timestamp="2019-06-15T03:42:55.830" />
<mem-info id="365" free="5925184" total="8388608" percent="70">
  <mem type="nursery" free="1635584" total="2097152" percent="77">
    <mem type="allocate" free="1635584" total="1638400" percent="99" />
    <mem type="survivor" free="0" total="458752" percent="0" />
  </mem>
  <mem type="tenure" free="4289600" total="6291456" percent="68" micro-fragmented="1553" macro-fragmented="0">
    <mem type="soa" free="3975232" total="5977088" percent="66" />
    <mem type="loa" free="314368" total="314368" percent="100" />
  </mem>
  <pending-finalizers system="0" default="0" reference="2" classloader="0" />
  <remembered-set count="95" />
</mem-info>
<gc-op id="366" type="compact" timems="10.313" contextid="343" timestamp="2019-06-15T03:42:55.840">
  <compact-info movecount="23287" movebytes="1212496" reason="compact to aid heap contraction" />
</gc-op>
<heap-resize id="367" type="expand" space="tenure" amount="2084241408" count="1" timems="0.020" reason="satisfy allocation request" timestamp="2019-06-15T03:42:55.841" />
<gc-end id="368" type="global" contextid="343" durationms="12.320" usertimems="12.000" systemtimems="0.000" timestamp="2019-06-15T03:42:55.841" activeThreads="4">
  <mem-info id="369" free="2090167600" total="2092630016" percent="99">
    <mem type="nursery" free="1635688" total="2097152" percent="77">
      <mem type="allocate" free="1635688" total="1638400" percent="99" />
      <mem type="survivor" free="0" total="458752" percent="0" />
    </mem>
    <mem type="tenure" free="2088531912" total="2090532864" percent="99">
      <mem type="soa" free="1984006088" total="1986007040" percent="99" />
      <mem type="loa" free="104525824" total="104525824" percent="100" />
    </mem>
    <pending-finalizers system="0" default="0" reference="2" classloader="0" />
    <remembered-set count="95" />
  </mem-info>
</gc-end>
<cycle-end id="370" type="global" contextid="343" timestamp="2019-06-15T03:42:55.841" />
  <attribute name="elasticGC enabled" value="1" />
  <attribute name= "numThreadsSpecified" value="4" />
  <attribute name="heapSize specified" value="8388608" />
  <attribute name="Current GC Util" value="9" />
  <attribute name= "Current Time Running" value="6651" />
  <attribute name ="GC Interval" value="200" />
  <attribute name="ProportionalT" value="-5.500000" />
  <attribute name="ProportionalI" value="-5.500000" />
  <attribute name="ProportionalH" value="-5.500000" />
  <attribute name="Current Error" value="-11.000000" />
  <attribute name="IntegralT" value="-121.000000" />
  <attribute name="IntegralI" value="-121.000000" />
  <attribute name="IntegralH" value="-121.000000" />
  <attribute name="DerivativeT" value="-1.500000" />
  <attribute name="DerivativeI" value="-1.500000" />
  <attribute name="DerivativeH" value="-1.500000" />
  <attribute name="Loop Time for DT" value="11.000000" />
  <attribute name="Output H" value="2092630016"/>
  <attribute name="Output I" value="200"/>
  <attribute name="Output T" value="4"/>
  <attribute name="Target GC Util Change" value ="20.000000" />
  <attribute name="Current GC Util Change" value="9.000000"/>
  <attribute name="GC Util currently" value="9" />
  <attribute name="CPU Util currently" value="441114310045" />
<concurrent-collection-end id="371" timestamp="2019-06-15T03:42:55.841" />
<exclusive-end id="372" timestamp="2019-06-15T03:42:55.841" durationms="12.948" />

<exclusive-start id="373" timestamp="2019-06-15T03:42:56.358" intervalms="529.762">
  <response-info timems="0.026" idlems="0.026" threads="0" lastid="0000000001D15500" lastname="node-1" />
</exclusive-start>
<af-start id="374" threadId="0000000001D15E88" totalBytesRequested="24" timestamp="2019-06-15T03:42:56.358" intervalms="533.189" type="nursery" />
<cycle-start id="375" type="scavenge" contextid="0" timestamp="2019-06-15T03:42:56.358" intervalms="533.180" />
<gc-start id="376" type="scavenge" contextid="375" timestamp="2019-06-15T03:42:56.358">
  <mem-info id="377" free="2088531912" total="2092630016" percent="99">
    <mem type="nursery" free="0" total="2097152" percent="0">
      <mem type="allocate" free="0" total="1638400" percent="0" />
      <mem type="survivor" free="0" total="458752" percent="0" />
    </mem>
    <mem type="tenure" free="2088531912" total="2090532864" percent="99">
      <mem type="soa" free="1984006088" total="1986007040" percent="99" />
      <mem type="loa" free="104525824" total="104525824" percent="100" />
    </mem>
    <remembered-set count="104" />
  </mem-info>
</gc-start>
<allocation-stats totalBytes="1634440" >
  <allocated-bytes non-tlh="0" tlh="1634440" />
  <largest-consumer threadName="node-0" threadId="0000000001D1CD00" bytes="585368" />
</allocation-stats>
<gc-op id="378" type="scavenge" timems="0.158" contextid="375" timestamp="2019-06-15T03:42:56.358">
  <scavenger-info tenureage="1" tenuremask="7ffe" tiltratio="78" />
  <memory-copied type="nursery" objects="18" bytes="312" bytesdiscarded="38856" />
</gc-op>
<gc-end id="379" type="scavenge" contextid="375" durationms="0.311" usertimems="0.000" systemtimems="4.000" timestamp="2019-06-15T03:42:56.359" activeThreads="4">
  <mem-info id="380" free="2090131144" total="2092630016" percent="99">
    <mem type="nursery" free="1599232" total="2097152" percent="76">
      <mem type="allocate" free="1599232" total="1638400" percent="97" />
      <mem type="survivor" free="0" total="458752" percent="0" />
    </mem>
    <mem type="tenure" free="2088531912" total="2090532864" percent="99">
      <mem type="soa" free="1984006088" total="1986007040" percent="99" />
      <mem type="loa" free="104525824" total="104525824" percent="100" />
    </mem>
    <remembered-set count="92" />
  </mem-info>
</gc-end>
<cycle-end id="381" type="scavenge" contextid="375" timestamp="2019-06-15T03:42:56.359" />
  <attribute name="elasticGC enabled" value="1" />
  <attribute name= "numThreadsSpecified" value="4" />
  <attribute name="heapSize specified" value="8388608" />
  <attribute name="Current GC Util" value="2" />
  <attribute name= "Current Time Running" value="7169" />
  <attribute name ="GC Interval" value="200" />
  <attribute name="ProportionalT" value="-9.000000" />
  <attribute name="ProportionalI" value="-9.000000" />
  <attribute name="ProportionalH" value="-9.000000" />
  <attribute name="Current Error" value="-18.000000" />
  <attribute name="IntegralT" value="-9324.000000" />
  <attribute name="IntegralI" value="-9324.000000" />
  <attribute name="IntegralH" value="-9324.000000" />
  <attribute name="DerivativeT" value="-0.052124" />
  <attribute name="DerivativeI" value="-0.052124" />
  <attribute name="DerivativeH" value="-0.052124" />
  <attribute name="Loop Time for DT" value="518.000000" />
  <attribute name="Output H" value="2092630016"/>
  <attribute name="Output I" value="200"/>
  <attribute name="Output T" value="4"/>
  <attribute name="Target GC Util Change" value ="20.000000" />
  <attribute name="Current GC Util Change" value="2.000000"/>
  <attribute name="GC Util currently" value="2" />
  <attribute name="CPU Util currently" value="1" />
<allocation-satisfied id="382" threadId="0000000001D15500" bytesRequested="24" />
<af-end id="383" timestamp="2019-06-15T03:42:56.359" threadId="0000000001D15E88" success="true" from="nursery"/>
<exclusive-end id="384" timestamp="2019-06-15T03:42:56.359" durationms="0.799" />

<exclusive-start id="385" timestamp="2019-06-15T03:42:56.833" intervalms="474.541">
  <response-info timems="0.022" idlems="0.022" threads="0" lastid="0000000001D19100" lastname="node-2" />
</exclusive-start>
<af-start id="386" threadId="0000000001D19A88" totalBytesRequested="32" timestamp="2019-06-15T03:42:56.833" intervalms="474.559" type="nursery" />
<cycle-start id="387" type="scavenge" contextid="0" timestamp="2019-06-15T03:42:56.833" intervalms="474.569" />
<gc-start id="388" type="scavenge" contextid="387" timestamp="2019-06-15T03:42:56.833">
  <mem-info id="389" free="2088531912" total="2092630016" percent="99">
    <mem type="nursery" free="0" total="2097152" percent="0">
      <mem type="allocate" free="0" total="1638400" percent="0" />
      <mem type="survivor" free="0" total="458752" percent="0" />
    </mem>
    <mem type="tenure" free="2088531912" total="2090532864" percent="99">
      <mem type="soa" free="1984006088" total="1986007040" percent="99" />
      <mem type="loa" free="104525824" total="104525824" percent="100" />
    </mem>
    <remembered-set count="104" />
  </mem-info>
</gc-start>
<allocation-stats totalBytes="1598888" >
  <allocated-bytes non-tlh="24" tlh="1598864" />
  <largest-consumer threadName="node-1" threadId="0000000001D15500" bytes="552904" />
</allocation-stats>
<gc-op id="390" type="scavenge" timems="0.178" contextid="387" timestamp="2019-06-15T03:42:56.833">
  <scavenger-info tenureage="2" tenuremask="7ffc" tiltratio="78" />
  <memory-copied type="nursery" objects="19" bytes="336" bytesdiscarded="38832" />
</gc-op>
<gc-end id="391" type="scavenge" contextid="387" durationms="0.535" usertimems="4.000" systemtimems="0.000" timestamp="2019-06-15T03:42:56.833" activeThreads="4">
  <mem-info id="392" free="2090262216" total="2092630016" percent="99">
    <mem type="nursery" free="1730304" total="2097152" percent="82">
      <mem type="allocate" free="1730304" total="1769472" percent="97" />
      <mem type="survivor" free="0" total="327680" percent="0" />
    </mem>
    <mem type="tenure" free="2088531912" total="2090532864" percent="99">
      <mem type="soa" free="1984006088" total="1986007040" percent="99" />
      <mem type="loa" free="104525824" total="104525824" percent="100" />
    </mem>
    <remembered-set count="92" />
  </mem-info>
</gc-end>
<cycle-end id="393" type="scavenge" contextid="387" timestamp="2019-06-15T03:42:56.833" />
  <attribute name="elasticGC enabled" value="1" />
  <attribute name= "numThreadsSpecified" value="4" />
  <attribute name="heapSize specified" value="8388608" />
  <attribute name="Current GC Util" value="0" />
  <attribute name= "Current Time Running" value="7643" />
  <attribute name ="GC Interval" value="200" />
  <attribute name="ProportionalT" value="-10.000000" />
  <attribute name="ProportionalI" value="-10.000000" />
  <attribute name="ProportionalH" value="-10.000000" />
  <attribute name="Current Error" value="-20.000000" />
  <attribute name="IntegralT" value="-9480.000000" />
  <attribute name="IntegralI" value="-9480.000000" />
  <attribute name="IntegralH" value="-9480.000000" />
  <attribute name="DerivativeT" value="-0.063291" />
  <attribute name="DerivativeI" value="-0.063291" />
  <attribute name="DerivativeH" value="-0.063291" />
  <attribute name="Loop Time for DT" value="474.000000" />
  <attribute name="Output H" value="2092630016"/>
  <attribute name="Output I" value="200"/>
  <attribute name="Output T" value="4"/>
  <attribute name="Target GC Util Change" value ="20.000000" />
  <attribute name="Current GC Util Change" value="0.000000"/>
  <attribute name="GC Util currently" value="0" />
  <attribute name="CPU Util currently" value="0" />
<allocation-satisfied id="394" threadId="0000000001D19100" bytesRequested="32" />
<af-end id="395" timestamp="2019-06-15T03:42:56.834" threadId="0000000001D19A88" success="true" from="nursery"/>
<exclusive-end id="396" timestamp="2019-06-15T03:42:56.834" durationms="1.002" />

<exclusive-start id="397" timestamp="2019-06-15T03:42:57.364" intervalms="531.441">
  <response-info timems="0.027" idlems="0.027" threads="0" lastid="0000000001D19100" lastname="node-2" />
</exclusive-start>
<af-start id="398" threadId="0000000001D19A88" totalBytesRequested="24" timestamp="2019-06-15T03:42:57.364" intervalms="531.447" type="nursery" />
<cycle-start id="399" type="scavenge" contextid="0" timestamp="2019-06-15T03:42:57.364" intervalms="531.455" />
<gc-start id="400" type="scavenge" contextid="399" timestamp="2019-06-15T03:42:57.364">
  <mem-info id="401" free="2088531912" total="2092630016" percent="99">
    <mem type="nursery" free="0" total="2097152" percent="0">
      <mem type="allocate" free="0" total="1769472" percent="0" />
      <mem type="survivor" free="0" total="327680" percent="0" />
    </mem>
    <mem type="tenure" free="2088531912" total="2090532864" percent="99">
      <mem type="soa" free="1984006088" total="1986007040" percent="99" />
      <mem type="loa" free="104525824" total="104525824" percent="100" />
    </mem>
    <remembered-set count="104" />
  </mem-info>
</gc-start>
<allocation-stats totalBytes="1729240" >
  <allocated-bytes non-tlh="32" tlh="1729208" />
  <largest-consumer threadName="node-0" threadId="0000000001D1CD00" bytes="593832" />
</allocation-stats>
<gc-op id="402" type="scavenge" timems="0.197" contextid="399" timestamp="2019-06-15T03:42:57.365">
  <scavenger-info tenureage="3" tenuremask="7ff8" tiltratio="84" />
  <memory-copied type="nursery" objects="19" bytes="336" bytesdiscarded="38832" />
</gc-op>
<gc-end id="403" type="scavenge" contextid="399" durationms="0.681" usertimems="0.000" systemtimems="0.000" timestamp="2019-06-15T03:42:57.365" activeThreads="4">
  <mem-info id="404" free="2090327752" total="2092630016" percent="99">
    <mem type="nursery" free="1795840" total="2097152" percent="85">
      <mem type="allocate" free="1795840" total="1835008" percent="97" />
      <mem type="survivor" free="0" total="262144" percent="0" />
    </mem>
    <mem type="tenure" free="2088531912" total="2090532864" percent="99">
      <mem type="soa" free="1984006088" total="1986007040" percent="99" />
      <mem type="loa" free="104525824" total="104525824" percent="100" />
    </mem>
    <remembered-set count="90" />
  </mem-info>
</gc-end>
<cycle-end id="405" type="scavenge" contextid="399" timestamp="2019-06-15T03:42:57.365" />
  <attribute name="elasticGC enabled" value="1" />
  <attribute name= "numThreadsSpecified" value="4" />
  <attribute name="heapSize specified" value="8388608" />
  <attribute name="Current GC Util" value="0" />
  <attribute name= "Current Time Running" value="8175" />
  <attribute name ="GC Interval" value="200" />
  <attribute name="ProportionalT" value="-10.000000" />
  <attribute name="ProportionalI" value="-10.000000" />
  <attribute name="ProportionalH" value="-10.000000" />
  <attribute name="Current Error" value="-20.000000" />
  <attribute name="IntegralT" value="-10640.000000" />
  <attribute name="IntegralI" value="-10640.000000" />
  <attribute name="IntegralH" value="-10640.000000" />
  <attribute name="DerivativeT" value="-0.056391" />
  <attribute name="DerivativeI" value="-0.056391" />
  <attribute name="DerivativeH" value="-0.056391" />
  <attribute name="Loop Time for DT" value="532.000000" />
  <attribute name="Output H" value="2092630016"/>
  <attribute name="Output I" value="200"/>
  <attribute name="Output T" value="4"/>
  <attribute name="Target GC Util Change" value ="20.000000" />
  <attribute name="Current GC Util Change" value="0.000000"/>
  <attribute name="GC Util currently" value="0" />
  <attribute name="CPU Util currently" value="3" />
<allocation-satisfied id="406" threadId="0000000001D19100" bytesRequested="24" />
<af-end id="407" timestamp="2019-06-15T03:42:57.365" threadId="0000000001D19A88" success="true" from="nursery"/>
<exclusive-end id="408" timestamp="2019-06-15T03:42:57.365" durationms="1.269" />

<exclusive-start id="409" timestamp="2019-06-15T03:42:57.921" intervalms="557.332">
  <response-info timems="0.021" idlems="0.021" threads="0" lastid="0000000001D15500" lastname="node-1" />
</exclusive-start>
<af-start id="410" threadId="0000000001D15E88" totalBytesRequested="32" timestamp="2019-06-15T03:42:57.921" intervalms="557.305" type="nursery" />
<cycle-start id="411" type="scavenge" contextid="0" timestamp="2019-06-15T03:42:57.922" intervalms="557.293" />
<gc-start id="412" type="scavenge" contextid="411" timestamp="2019-06-15T03:42:57.922">
  <mem-info id="413" free="2088531912" total="2092630016" percent="99">
    <mem type="nursery" free="0" total="2097152" percent="0">
      <mem type="allocate" free="0" total="1835008" percent="0" />
      <mem type="survivor" free="0" total="262144" percent="0" />
    </mem>
    <mem type="tenure" free="2088531912" total="2090532864" percent="99">
      <mem type="soa" free="1984006088" total="1986007040" percent="99" />
      <mem type="loa" free="104525824" total="104525824" percent="100" />
    </mem>
    <remembered-set count="102" />
  </mem-info>
</gc-start>
<allocation-stats totalBytes="1795592" >
  <allocated-bytes non-tlh="24" tlh="1795568" />
  <largest-consumer threadName="node-0" threadId="0000000001D1CD00" bytes="607904" />
</allocation-stats>
<gc-op id="414" type="scavenge" timems="0.164" contextid="411" timestamp="2019-06-15T03:42:57.922">
  <scavenger-info tenureage="4" tenuremask="7ff0" tiltratio="87" />
  <memory-copied type="nursery" objects="20" bytes="360" bytesdiscarded="38808" />
</gc-op>
<gc-end id="415" type="scavenge" contextid="411" durationms="0.341" usertimems="0.000" systemtimems="0.000" timestamp="2019-06-15T03:42:57.922" activeThreads="4">
  <mem-info id="416" free="2090327752" total="2092630016" percent="99">
    <mem type="nursery" free="1795840" total="2097152" percent="85">
      <mem type="allocate" free="1795840" total="1835008" percent="97" />
      <mem type="survivor" free="0" total="262144" percent="0" />
    </mem>
    <mem type="tenure" free="2088531912" total="2090532864" percent="99">
      <mem type="soa" free="1984006088" total="1986007040" percent="99" />
      <mem type="loa" free="104525824" total="104525824" percent="100" />
    </mem>
    <remembered-set count="90" />
  </mem-info>
</gc-end>
<cycle-end id="417" type="scavenge" contextid="411" timestamp="2019-06-15T03:42:57.922" />
  <attribute name="elasticGC enabled" value="1" />
  <attribute name= "numThreadsSpecified" value="4" />
  <attribute name="heapSize specified" value="8388608" />
  <attribute name="Current GC Util" value="0" />
  <attribute name= "Current Time Running" value="8732" />
  <attribute name ="GC Interval" value="200" />
  <attribute name="ProportionalT" value="-10.000000" />
  <attribute name="ProportionalI" value="-10.000000" />
  <attribute name="ProportionalH" value="-10.000000" />
  <attribute name="Current Error" value="-20.000000" />
  <attribute name="IntegralT" value="-11140.000000" />
  <attribute name="IntegralI" value="-11140.000000" />
  <attribute name="IntegralH" value="-11140.000000" />
  <attribute name="DerivativeT" value="-0.053860" />
  <attribute name="DerivativeI" value="-0.053860" />
  <attribute name="DerivativeH" value="-0.053860" />
  <attribute name="Loop Time for DT" value="557.000000" />
  <attribute name="Output H" value="2092630016"/>
  <attribute name="Output I" value="200"/>
  <attribute name="Output T" value="4"/>
  <attribute name="Target GC Util Change" value ="20.000000" />
  <attribute name="Current GC Util Change" value="0.000000"/>
  <attribute name="GC Util currently" value="0" />
  <attribute name="CPU Util currently" value="0" />
<allocation-satisfied id="418" threadId="0000000001D15500" bytesRequested="32" />
<af-end id="419" timestamp="2019-06-15T03:42:57.922" threadId="0000000001D15E88" success="true" from="nursery"/>
<exclusive-end id="420" timestamp="2019-06-15T03:42:57.922" durationms="0.847" />

<exclusive-start id="421" timestamp="2019-06-15T03:42:58.453" intervalms="531.422">
  <response-info timems="0.023" idlems="0.023" threads="0" lastid="0000000001D15500" lastname="node-1" />
</exclusive-start>
<af-start id="422" threadId="0000000001D15E88" totalBytesRequested="32" timestamp="2019-06-15T03:42:58.453" intervalms="531.443" type="nursery" />
<cycle-start id="423" type="scavenge" contextid="0" timestamp="2019-06-15T03:42:58.453" intervalms="531.448" />
<gc-start id="424" type="scavenge" contextid="423" timestamp="2019-06-15T03:42:58.453">
  <mem-info id="425" free="2088531912" total="2092630016" percent="99">
    <mem type="nursery" free="0" total="2097152" percent="0">
      <mem type="allocate" free="0" total="1835008" percent="0" />
      <mem type="survivor" free="0" total="262144" percent="0" />
    </mem>
    <mem type="tenure" free="2088531912" total="2090532864" percent="99">
      <mem type="soa" free="1984006088" total="1986007040" percent="99" />
      <mem type="loa" free="104525824" total="104525824" percent="100" />
    </mem>
    <remembered-set count="102" />
  </mem-info>
</gc-start>
<allocation-stats totalBytes="1795392" >
  <allocated-bytes non-tlh="32" tlh="1795360" />
  <largest-consumer threadName="node-0" threadId="0000000001D1CD00" bytes="607872" />
</allocation-stats>
<gc-op id="426" type="scavenge" timems="0.165" contextid="423" timestamp="2019-06-15T03:42:58.453">
  <scavenger-info tenureage="5" tenuremask="7fe0" tiltratio="87" />
  <memory-copied type="nursery" objects="18" bytes="312" bytesdiscarded="38856" />
</gc-op>
<gc-end id="427" type="scavenge" contextid="423" durationms="0.519" usertimems="0.000" systemtimems="0.000" timestamp="2019-06-15T03:42:58.454" activeThreads="4">
  <mem-info id="428" free="2090327752" total="2092630016" percent="99">
    <mem type="nursery" free="1795840" total="2097152" percent="85">
      <mem type="allocate" free="1795840" total="1835008" percent="97" />
      <mem type="survivor" free="0" total="262144" percent="0" />
    </mem>
    <mem type="tenure" free="2088531912" total="2090532864" percent="99">
      <mem type="soa" free="1984006088" total="1986007040" percent="99" />
      <mem type="loa" free="104525824" total="104525824" percent="100" />
    </mem>
    <remembered-set count="90" />
  </mem-info>
</gc-end>
<cycle-end id="429" type="scavenge" contextid="423" timestamp="2019-06-15T03:42:58.454" />
  <attribute name="elasticGC enabled" value="1" />
  <attribute name= "numThreadsSpecified" value="4" />
  <attribute name="heapSize specified" value="8388608" />
  <attribute name="Current GC Util" value="0" />
  <attribute name= "Current Time Running" value="9263" />
  <attribute name ="GC Interval" value="200" />
  <attribute name="ProportionalT" value="-10.000000" />
  <attribute name="ProportionalI" value="-10.000000" />
  <attribute name="ProportionalH" value="-10.000000" />
  <attribute name="Current Error" value="-20.000000" />
  <attribute name="IntegralT" value="-10620.000000" />
  <attribute name="IntegralI" value="-10620.000000" />
  <attribute name="IntegralH" value="-10620.000000" />
  <attribute name="DerivativeT" value="-0.056497" />
  <attribute name="DerivativeI" value="-0.056497" />
  <attribute name="DerivativeH" value="-0.056497" />
  <attribute name="Loop Time for DT" value="531.000000" />
  <attribute name="Output H" value="2092630016"/>
  <attribute name="Output I" value="200"/>
  <attribute name="Output T" value="4"/>
  <attribute name="Target GC Util Change" value ="20.000000" />
  <attribute name="Current GC Util Change" value="0.000000"/>
  <attribute name="GC Util currently" value="0" />
  <attribute name="CPU Util currently" value="8677389491" />
<allocation-satisfied id="430" threadId="0000000001D15500" bytesRequested="32" />
<af-end id="431" timestamp="2019-06-15T03:42:58.454" threadId="0000000001D15E88" success="true" from="nursery"/>
<exclusive-end id="432" timestamp="2019-06-15T03:42:58.454" durationms="0.973" />

</verbosegc>

