<?xml version="1.0" ?>

<verbosegc xmlns="http://www.ibm.com/j9/verbosegc" version="6fe7bac_CMPRSS">

<initialized id="1" timestamp="2019-09-21T20:33:28.080">
  <attribute name="gcPolicy" value="-Xgcpolicy:optthruput" />
  <attribute name="elasticGC enabled" value="1" />
  <attribute name= "numThreadsSpecified" value="0" />
  <attribute name="heapSize specified" value="0" />
  <attribute name="Current GC Util" value="0" />
  <attribute name= "Current Time Running" value="0" />
  <attribute name ="GC Interval" value="0" />
  <attribute name="Target GC Util Change" value ="0.000000" />
  <attribute name="Current GC Util Change" value="0.000000"/>
  <attribute name="Current Error" value="0.000000" />
  <attribute name="Output H" value="0"/>
  <attribute name="Output I" value="0"/>
  <attribute name="Output T" value="0"/>
  <attribute name= "Current Time Running" value="0" />
  <attribute name="GC Util currently" value="0" />
  <attribute name="CPU Util currently" value="0" />
  <attribute name="maxHeapSize" value="0x7cba0000" />
  <attribute name="initialHeapSize" value="0x800000" />
  <attribute name="compressedRefs" value="true" />
  <attribute name="compressedRefsDisplacement" value="0x0" />
  <attribute name="compressedRefsShift" value="0x0" />
  <attribute name="pageSize" value="0x1000" />
  <attribute name="pageType" value="not used" />
  <attribute name="requestedPageSize" value="0x1000" />
  <attribute name="requestedPageType" value="not used" />
  <attribute name="gcthreads" value="8" />
  <attribute name="packetListSplit" value="8" />
  <attribute name="cacheListSplit" value="8" />
  <attribute name="splitFreeListSplitAmount" value="1" />
  <attribute name="numaNodes" value="0" />
  <system>
    <attribute name="physicalMemory" value="8370393088" />
    <attribute name="numCPUs" value="8" />
    <attribute name="architecture" value="amd64" />
    <attribute name="os" value="Linux" />
    <attribute name="osVersion" value="4.4.0-157-generic" />
  </system>
  <vmargs>
    <vmarg name="-Xoptionsfile=/vagrant/jdk/lib/options.default" />
    <vmarg name="-Xlockword:mode=default,noLockword=java/lang/String,noLockword=java/util/MapEntry,noLockword=java/util/HashMap$Entry,noLockword..." />
    <vmarg name="-Xjcl:jclse29" />
    <vmarg name="-Dcom.ibm.oti.vm.bootstrap.library.path=/vagrant/jdk/lib/compressedrefs:/vagrant/jdk/lib" />
    <vmarg name="-Dsun.boot.library.path=/vagrant/jdk/lib/compressedrefs:/vagrant/jdk/lib" />
    <vmarg name="-Djava.library.path=/vagrant/jdk/lib/compressedrefs:/vagrant/jdk/lib:/usr/lib64:/usr/lib" />
    <vmarg name="-Djava.home=/vagrant/jdk" />
    <vmarg name="-Duser.dir=/vagrant" />
    <vmarg name="-Xgcpolicy:optthruput" />
    <vmarg name="-Xgcelastic" />
    <vmarg name="-Xcheck:gc:::elasticGC" />
    <vmarg name="-verbose:gc" />
    <vmarg name="-Xloggc:large-OPTTHRUPUT-JDK1-1-3-8core-verbose5avrora.txt" />
    <vmarg name="-Djava.class.path=dacapo-9.12-MR1-bach.jar" />
    <vmarg name="-Dsun.java.command=dacapo-9.12-MR1-bach.jar avrora --size=large" />
    <vmarg name="-Dsun.java.launcher=SUN_STANDARD" />
    <vmarg name="-Dsun.java.launcher.pid=12541" />
  </vmargs>
</initialized>

<exclusive-start id="2" timestamp="2019-09-21T20:33:29.036" intervalms="955.216">
  <response-info timems="0.082" idlems="0.082" threads="0" lastid="0000000001423A00" lastname="main" />
</exclusive-start>
<sys-start reason="explicit" id="3" timestamp="2019-09-21T20:33:29.036" intervalms="955.691" />
<cycle-start id="4" type="global" contextid="0" timestamp="2019-09-21T20:33:29.036" intervalms="955.944" />
<gc-start id="5" type="global" contextid="4" timestamp="2019-09-21T20:33:29.036">
  <mem-info id="6" free="1768040" total="8388608" percent="21">
    <mem type="tenure" free="1768040" total="8388608" percent="21">
      <mem type="soa" free="1349224" total="7969792" percent="16" />
      <mem type="loa" free="418816" total="418816" percent="100" />
    </mem>
  </mem-info>
</gc-start>
<allocation-stats totalBytes="6587512" >
  <allocated-bytes non-tlh="529816" tlh="6057696" />
  <largest-consumer threadName="main" threadId="0000000001423A00" bytes="6497696" />
</allocation-stats>
<gc-op id="7" type="mark" timems="2.838" contextid="4" timestamp="2019-09-21T20:33:29.039">
  <trace-info objectcount="17845" scancount="14746" scanbytes="464916" />
  <finalization candidates="14" enqueued="1" />
  <references type="soft" candidates="66" cleared="0" enqueued="0" dynamicThreshold="32" maxThreshold="32" />
  <references type="weak" candidates="553" cleared="411" enqueued="372" />
  <references type="phantom" candidates="99" cleared="41" enqueued="41" />
  <stringconstants candidates="2456" cleared="0"  />
</gc-op>
<gc-op id="8" type="classunload" timems="0.111" contextid="4" timestamp="2019-09-21T20:33:29.040">
  <classunload-info classloadercandidates="6" classloadersunloaded="0" classesunloaded="0" anonymousclassesunloaded="0" quiescems="0.000" setupms="0.110" scanms="0.000" postms="0.001" />
</gc-op>
<gc-op id="9" type="sweep" timems="0.806" contextid="4" timestamp="2019-09-21T20:33:29.041" />
<mem-info id="10" free="7124792" total="8388608" percent="84">
  <mem type="tenure" free="7124792" total="8388608" percent="84" micro-fragmented="184827" macro-fragmented="0">
    <mem type="soa" free="6705976" total="7969792" percent="84" />
    <mem type="loa" free="418816" total="418816" percent="100" />
  </mem>
  <pending-finalizers system="1" default="0" reference="413" classloader="0" />
</mem-info>
<gc-op id="11" type="compact" timems="4.045" contextid="4" timestamp="2019-09-21T20:33:29.045">
  <compact-info movecount="17844" movebytes="1021808" reason="compact to aid heap contraction" />
</gc-op>
<heap-resize id="12" type="expand" space="tenure" amount="65536" count="1" timems="0.131" reason="satisfy allocation request" timestamp="2019-09-21T20:33:29.046" />
<gc-end id="13" type="global" contextid="4" durationms="9.294" usertimems="12.000" systemtimems="0.000" timestamp="2019-09-21T20:33:29.046" activeThreads="8">
  <mem-info id="14" free="7432248" total="8454144" percent="87">
    <mem type="tenure" free="7432248" total="8454144" percent="87">
      <mem type="soa" free="7010360" total="8032256" percent="87" />
      <mem type="loa" free="421888" total="421888" percent="100" />
    </mem>
    <pending-finalizers system="1" default="0" reference="413" classloader="0" />
  </mem-info>
</gc-end>
<cycle-end id="15" type="global" contextid="4" timestamp="2019-09-21T20:33:29.046" />
  <attribute name="elasticGC enabled" value="1" />
  <attribute name= "numThreadsSpecified" value="8" />
  <attribute name="heapSize specified" value="8388608" />
  <attribute name="Current GC Util" value="33" />
  <attribute name= "Current Time Running" value="798" />
  <attribute name ="GC Interval" value="0" />
  <attribute name="Target GC Util Change" value ="40.000000" />
  <attribute name="Current GC Util Change" value="33.000000"/>
  <attribute name="Current Error" value="16.000000" />
  <attribute name="Output H" value="8426464"/>
  <attribute name="Output I" value="2016"/>
  <attribute name="Output T" value="8"/>
  <attribute name= "Current Time Running" value="798" />
  <attribute name="GC Util currently" value="33" />
  <attribute name="CPU Util currently" value="559063940358" />
<sys-end id="16" timestamp="2019-09-21T20:33:29.046" />
<exclusive-end id="17" timestamp="2019-09-21T20:33:29.046" durationms="10.478" />

<exclusive-start id="18" timestamp="2019-09-21T20:33:31.208" intervalms="2172.433">
  <response-info timems="0.036" idlems="0.036" threads="0" lastid="0000000001423A00" lastname="main" />
</exclusive-start>
<af-start id="19" threadId="0000000001424388" totalBytesRequested="88" timestamp="2019-09-21T20:33:31.208" intervalms="3127.745" />
<cycle-start id="20" type="global" contextid="0" timestamp="2019-09-21T20:33:31.208" intervalms="2171.909" />
<gc-start id="21" type="global" contextid="20" timestamp="2019-09-21T20:33:31.208">
  <mem-info id="22" free="421888" total="8454144" percent="4">
    <mem type="tenure" free="421888" total="8454144" percent="4">
      <mem type="soa" free="0" total="8032256" percent="0" />
      <mem type="loa" free="421888" total="421888" percent="100" />
    </mem>
  </mem-info>
</gc-start>
<allocation-stats totalBytes="6939136" >
  <allocated-bytes non-tlh="137456" tlh="6801680" />
  <largest-consumer threadName="main" threadId="0000000001423A00" bytes="6923064" />
</allocation-stats>
<gc-op id="23" type="mark" timems="2.291" contextid="20" timestamp="2019-09-21T20:33:31.211">
  <trace-info objectcount="95474" scancount="89119" scanbytes="2668880" />
  <finalization candidates="13" enqueued="0" />
  <references type="soft" candidates="66" cleared="0" enqueued="0" dynamicThreshold="28" maxThreshold="32" />
  <references type="weak" candidates="185" cleared="42" enqueued="42" />
  <references type="phantom" candidates="70" cleared="13" enqueued="13" />
  <stringconstants candidates="3572" cleared="0"  />
</gc-op>
<gc-op id="24" type="sweep" timems="0.292" contextid="20" timestamp="2019-09-21T20:33:31.211" />
<mem-info id="25" free="4274584" total="8454144" percent="50">
  <mem type="tenure" free="4274584" total="8454144" percent="50" micro-fragmented="484570" macro-fragmented="0">
    <mem type="soa" free="3852696" total="8032256" percent="47" />
    <mem type="loa" free="421888" total="421888" percent="100" />
  </mem>
  <pending-finalizers system="0" default="0" reference="55" classloader="0" />
</mem-info>
<gc-op id="26" type="compact" timems="22.535" contextid="20" timestamp="2019-09-21T20:33:31.234">
  <compact-info movecount="84366" movebytes="3120496" reason="compact to aid heap contraction" />
</gc-op>
<heap-resize id="27" type="expand" space="tenure" amount="65536" count="1" timems="0.013" reason="satisfy allocation request" timestamp="2019-09-21T20:33:31.234" />
<gc-end id="28" type="global" contextid="20" durationms="25.996" usertimems="24.000" systemtimems="4.000" timestamp="2019-09-21T20:33:31.234" activeThreads="8">
  <mem-info id="29" free="4923272" total="8519680" percent="57">
    <mem type="tenure" free="4923272" total="8519680" percent="57">
      <mem type="soa" free="4497288" total="8093696" percent="55" />
      <mem type="loa" free="425984" total="425984" percent="100" />
    </mem>
    <pending-finalizers system="0" default="0" reference="55" classloader="0" />
  </mem-info>
</gc-end>
<cycle-end id="30" type="global" contextid="20" timestamp="2019-09-21T20:33:31.234" />
  <attribute name="elasticGC enabled" value="1" />
  <attribute name= "numThreadsSpecified" value="8" />
  <attribute name="heapSize specified" value="8454144" />
  <attribute name="Current GC Util" value="6" />
  <attribute name= "Current Time Running" value="2987" />
  <attribute name ="GC Interval" value="0" />
  <attribute name="Target GC Util Change" value ="40.000000" />
  <attribute name="Current GC Util Change" value="6.000000"/>
  <attribute name="Current Error" value="3.000000" />
  <attribute name="Output H" value="8491992"/>
  <attribute name="Output I" value="2008"/>
  <attribute name="Output T" value="8"/>
  <attribute name= "Current Time Running" value="2987" />
  <attribute name="GC Util currently" value="6" />
  <attribute name="CPU Util currently" value="3" />
<allocation-satisfied id="31" threadId="0000000001423A00" bytesRequested="88" />
<af-end id="32" timestamp="2019-09-21T20:33:31.235" threadId="0000000001424388" success="true" />
<exclusive-end id="33" timestamp="2019-09-21T20:33:31.235" durationms="26.961" />

<exclusive-start id="34" timestamp="2019-09-21T20:33:31.342" intervalms="134.121">
  <response-info timems="0.073" idlems="0.073" threads="0" lastid="0000000001423A00" lastname="main" />
</exclusive-start>
<af-start id="35" threadId="0000000001424388" totalBytesRequested="4104" timestamp="2019-09-21T20:33:31.342" intervalms="134.182" />
<cycle-start id="36" type="global" contextid="0" timestamp="2019-09-21T20:33:31.342" intervalms="134.247" />
<gc-start id="37" type="global" contextid="36" timestamp="2019-09-21T20:33:31.343">
  <mem-info id="38" free="425984" total="8519680" percent="5">
    <mem type="tenure" free="425984" total="8519680" percent="5">
      <mem type="soa" free="0" total="8093696" percent="0" />
      <mem type="loa" free="425984" total="425984" percent="100" />
    </mem>
  </mem-info>
</gc-start>
<allocation-stats totalBytes="4457336" >
  <allocated-bytes non-tlh="101632" tlh="4355704" />
  <largest-consumer threadName="main" threadId="0000000001423A00" bytes="4457336" />
</allocation-stats>
<gc-op id="39" type="mark" timems="3.808" contextid="36" timestamp="2019-09-21T20:33:31.347">
  <trace-info objectcount="133179" scancount="124297" scanbytes="4711640" />
  <finalization candidates="13" enqueued="0" />
  <references type="soft" candidates="66" cleared="0" enqueued="0" dynamicThreshold="18" maxThreshold="32" />
  <references type="weak" candidates="143" cleared="0" enqueued="0" />
  <references type="phantom" candidates="57" cleared="0" enqueued="0" />
  <stringconstants candidates="3824" cleared="0"  />
</gc-op>
<gc-op id="40" type="sweep" timems="1.082" contextid="36" timestamp="2019-09-21T20:33:31.348" />
<mem-info id="41" free="1895920" total="8519680" percent="22">
  <mem type="tenure" free="1895920" total="8519680" percent="22" micro-fragmented="495365" macro-fragmented="0">
    <mem type="soa" free="1469936" total="8093696" percent="18" />
    <mem type="loa" free="425984" total="425984" percent="100" />
  </mem>
</mem-info>
<gc-op id="42" type="compact" timems="52.081" contextid="36" timestamp="2019-09-21T20:33:31.400">
  <compact-info movecount="116730" movebytes="5412936" reason="compact to aid heap contraction" />
</gc-op>
<heap-resize id="43" type="expand" space="tenure" amount="65536" count="1" timems="0.014" reason="satisfy allocation request" timestamp="2019-09-21T20:33:31.401" />
<gc-end id="44" type="global" contextid="36" durationms="58.225" usertimems="64.000" systemtimems="0.000" timestamp="2019-09-21T20:33:31.401" activeThreads="8">
  <mem-info id="45" free="2385200" total="8585216" percent="27">
    <mem type="tenure" free="2385200" total="8585216" percent="27">
      <mem type="soa" free="1956144" total="8156160" percent="23" />
      <mem type="loa" free="429056" total="429056" percent="100" />
    </mem>
  </mem-info>
</gc-end>
<cycle-end id="46" type="global" contextid="36" timestamp="2019-09-21T20:33:31.401" />
  <attribute name="elasticGC enabled" value="1" />
  <attribute name= "numThreadsSpecified" value="8" />
  <attribute name="heapSize specified" value="8519680" />
  <attribute name="Current GC Util" value="5" />
  <attribute name= "Current Time Running" value="3153" />
  <attribute name ="GC Interval" value="0" />
  <attribute name="Target GC Util Change" value ="40.000000" />
  <attribute name="Current GC Util Change" value="5.000000"/>
  <attribute name="Current Error" value="35.000000" />
  <attribute name="Output H" value="8557544"/>
  <attribute name="Output I" value="2024"/>
  <attribute name="Output T" value="8"/>
  <attribute name= "Current Time Running" value="3153" />
  <attribute name="GC Util currently" value="5" />
  <attribute name="CPU Util currently" value="44117946607" />
<allocation-satisfied id="47" threadId="0000000001423A00" bytesRequested="4104" />
<af-end id="48" timestamp="2019-09-21T20:33:31.401" threadId="0000000001424388" success="true" />
<exclusive-end id="49" timestamp="2019-09-21T20:33:31.401" durationms="59.302" />

<exclusive-start id="50" timestamp="2019-09-21T20:33:32.339" intervalms="996.746">
  <response-info timems="0.040" idlems="0.040" threads="0" lastid="000000000170A200" lastname="node-4" />
</exclusive-start>
<af-start id="51" threadId="000000000170AB88" totalBytesRequested="32" timestamp="2019-09-21T20:33:32.339" intervalms="996.690" />
<cycle-start id="52" type="global" contextid="0" timestamp="2019-09-21T20:33:32.339" intervalms="996.588" />
<gc-start id="53" type="global" contextid="52" timestamp="2019-09-21T20:33:32.339">
  <mem-info id="54" free="429056" total="8585216" percent="4">
    <mem type="tenure" free="429056" total="8585216" percent="4">
      <mem type="soa" free="0" total="8156160" percent="0" />
      <mem type="loa" free="429056" total="429056" percent="100" />
    </mem>
  </mem-info>
</gc-start>
<allocation-stats totalBytes="2017832" >
  <allocated-bytes non-tlh="133520" tlh="1884312" />
  <largest-consumer threadName="main" threadId="0000000001423A00" bytes="943144" />
</allocation-stats>
<gc-op id="55" type="mark" timems="2.870" contextid="52" timestamp="2019-09-21T20:33:32.342">
  <trace-info objectcount="145868" scancount="136332" scanbytes="5330552" />
  <finalization candidates="13" enqueued="0" />
  <references type="soft" candidates="66" cleared="0" enqueued="0" dynamicThreshold="8" maxThreshold="32" />
  <references type="weak" candidates="145" cleared="2" enqueued="2" />
  <references type="phantom" candidates="57" cleared="0" enqueued="0" />
  <stringconstants candidates="3838" cleared="0"  />
</gc-op>
<gc-op id="56" type="sweep" timems="0.270" contextid="52" timestamp="2019-09-21T20:33:32.342" />
<mem-info id="57" free="1549000" total="8585216" percent="18">
  <mem type="tenure" free="1549000" total="8585216" percent="18" micro-fragmented="136726" macro-fragmented="0">
    <mem type="soa" free="1119944" total="8156160" percent="13" />
    <mem type="loa" free="429056" total="429056" percent="100" />
  </mem>
  <pending-finalizers system="0" default="0" reference="2" classloader="0" />
</mem-info>
<gc-op id="58" type="compact" timems="59.500" contextid="52" timestamp="2019-09-21T20:33:32.402">
  <compact-info movecount="145121" movebytes="6875520" reason="compact to aid heap contraction" />
</gc-op>
<heap-resize id="59" type="expand" space="tenure" amount="65536" count="1" timems="0.028" reason="satisfy allocation request" timestamp="2019-09-21T20:33:32.402" />
<gc-end id="60" type="global" contextid="52" durationms="63.587" usertimems="72.000" systemtimems="0.000" timestamp="2019-09-21T20:33:32.403" activeThreads="8">
  <mem-info id="61" free="1742144" total="8650752" percent="20">
    <mem type="tenure" free="1742144" total="8650752" percent="20">
      <mem type="soa" free="1310016" total="8218624" percent="15" />
      <mem type="loa" free="432128" total="432128" percent="100" />
    </mem>
    <pending-finalizers system="0" default="0" reference="2" classloader="0" />
  </mem-info>
</gc-end>
<cycle-end id="62" type="global" contextid="52" timestamp="2019-09-21T20:33:32.403" />
  <attribute name="elasticGC enabled" value="1" />
  <attribute name= "numThreadsSpecified" value="8" />
  <attribute name="heapSize specified" value="8585216" />
  <attribute name="Current GC Util" value="3" />
  <attribute name= "Current Time Running" value="4155" />
  <attribute name ="GC Interval" value="0" />
  <attribute name="Target GC Util Change" value ="40.000000" />
  <attribute name="Current GC Util Change" value="3.000000"/>
  <attribute name="Current Error" value="-7.000000" />
  <attribute name="Output H" value="8623056"/>
  <attribute name="Output I" value="2000"/>
  <attribute name="Output T" value="8"/>
  <attribute name= "Current Time Running" value="4155" />
  <attribute name="GC Util currently" value="3" />
  <attribute name="CPU Util currently" value="38621185550" />
<allocation-satisfied id="63" threadId="000000000170A200" bytesRequested="32" />
<af-end id="64" timestamp="2019-09-21T20:33:32.403" threadId="000000000170AB88" success="true" />
<exclusive-end id="65" timestamp="2019-09-21T20:33:32.403" durationms="64.644" />

<exclusive-start id="66" timestamp="2019-09-21T20:33:33.533" intervalms="1194.499">
  <response-info timems="0.053" idlems="0.028" threads="1" lastid="00000000016E4B00" lastname="node-0" />
</exclusive-start>
<af-start id="67" threadId="0000000001743288" totalBytesRequested="16" timestamp="2019-09-21T20:33:33.533" intervalms="1194.510" />
<cycle-start id="68" type="global" contextid="0" timestamp="2019-09-21T20:33:33.533" intervalms="1194.523" />
<gc-start id="69" type="global" contextid="68" timestamp="2019-09-21T20:33:33.534">
  <mem-info id="70" free="432128" total="8650752" percent="4">
    <mem type="tenure" free="432128" total="8650752" percent="4">
      <mem type="soa" free="0" total="8218624" percent="0" />
      <mem type="loa" free="432128" total="432128" percent="100" />
    </mem>
  </mem-info>
</gc-start>
<allocation-stats totalBytes="1320384" >
  <allocated-bytes non-tlh="0" tlh="1320384" />
  <largest-consumer threadName="node-1" threadId="000000000170DE00" bytes="184280" />
</allocation-stats>
<gc-op id="71" type="mark" timems="2.944" contextid="68" timestamp="2019-09-21T20:33:33.537">
  <trace-info objectcount="145811" scancount="136274" scanbytes="5328864" />
  <finalization candidates="13" enqueued="0" />
  <references type="soft" candidates="66" cleared="0" enqueued="0" dynamicThreshold="6" maxThreshold="32" />
  <references type="weak" candidates="143" cleared="0" enqueued="0" />
  <references type="phantom" candidates="57" cleared="0" enqueued="0" />
  <stringconstants candidates="3838" cleared="0"  />
</gc-op>
<gc-op id="72" type="sweep" timems="0.275" contextid="68" timestamp="2019-09-21T20:33:33.537" />
<mem-info id="73" free="1748224" total="8650752" percent="20">
  <mem type="tenure" free="1748224" total="8650752" percent="20" micro-fragmented="0" macro-fragmented="0">
    <mem type="soa" free="1316096" total="8218624" percent="16" />
    <mem type="loa" free="432128" total="432128" percent="100" />
  </mem>
</mem-info>
<gc-op id="74" type="compact" timems="14.032" contextid="68" timestamp="2019-09-21T20:33:33.551">
  <compact-info movecount="38809" movebytes="2593008" reason="compact to aid heap contraction" />
</gc-op>
<heap-resize id="75" type="expand" space="tenure" amount="65536" count="1" timems="0.040" reason="satisfy allocation request" timestamp="2019-09-21T20:33:33.552" />
<gc-end id="76" type="global" contextid="68" durationms="18.268" usertimems="16.000" systemtimems="8.000" timestamp="2019-09-21T20:33:33.552" activeThreads="8">
  <mem-info id="77" free="1799416" total="8716288" percent="20">
    <mem type="tenure" free="1799416" total="8716288" percent="20">
      <mem type="soa" free="1364216" total="8281088" percent="16" />
      <mem type="loa" free="435200" total="435200" percent="100" />
    </mem>
  </mem-info>
</gc-end>
<cycle-end id="78" type="global" contextid="68" timestamp="2019-09-21T20:33:33.552" />
  <attribute name="elasticGC enabled" value="1" />
  <attribute name= "numThreadsSpecified" value="8" />
  <attribute name="heapSize specified" value="8650752" />
  <attribute name="Current GC Util" value="6" />
  <attribute name= "Current Time Running" value="5304" />
  <attribute name ="GC Interval" value="0" />
  <attribute name="Target GC Util Change" value ="40.000000" />
  <attribute name="Current GC Util Change" value="6.000000"/>
  <attribute name="Current Error" value="-77.000000" />
  <attribute name="Output H" value="8688552"/>
  <attribute name="Output I" value="1960"/>
  <attribute name="Output T" value="8"/>
  <attribute name= "Current Time Running" value="5304" />
  <attribute name="GC Util currently" value="6" />
  <attribute name="CPU Util currently" value="162238940552" />
<allocation-satisfied id="79" threadId="0000000001742900" bytesRequested="16" />
<af-end id="80" timestamp="2019-09-21T20:33:33.552" threadId="0000000001743288" success="true" />
<exclusive-end id="81" timestamp="2019-09-21T20:33:33.552" durationms="19.142" />

<exclusive-start id="82" timestamp="2019-09-21T20:33:34.843" intervalms="1309.931">
  <response-info timems="0.043" idlems="0.043" threads="0" lastid="00000000016E8700" lastname="node-3" />
</exclusive-start>
<af-start id="83" threadId="00000000016E9088" totalBytesRequested="24" timestamp="2019-09-21T20:33:34.843" intervalms="1309.915" />
<cycle-start id="84" type="global" contextid="0" timestamp="2019-09-21T20:33:34.843" intervalms="1309.903" />
<gc-start id="85" type="global" contextid="84" timestamp="2019-09-21T20:33:34.843">
  <mem-info id="86" free="435200" total="8716288" percent="4">
    <mem type="tenure" free="435200" total="8716288" percent="4">
      <mem type="soa" free="0" total="8281088" percent="0" />
      <mem type="loa" free="435200" total="435200" percent="100" />
    </mem>
  </mem-info>
</gc-start>
<allocation-stats totalBytes="1381136" >
  <allocated-bytes non-tlh="0" tlh="1381136" />
  <largest-consumer threadName="node-7" threadId="0000000001720A00" bytes="159640" />
</allocation-stats>
<gc-op id="87" type="mark" timems="3.674" contextid="84" timestamp="2019-09-21T20:33:34.847">
  <trace-info objectcount="145735" scancount="136203" scanbytes="5326960" />
  <finalization candidates="13" enqueued="0" />
  <references type="soft" candidates="66" cleared="0" enqueued="0" dynamicThreshold="6" maxThreshold="32" />
  <references type="weak" candidates="143" cleared="0" enqueued="0" />
  <references type="phantom" candidates="57" cleared="0" enqueued="0" />
  <stringconstants candidates="3838" cleared="0"  />
</gc-op>
<gc-op id="88" type="sweep" timems="0.265" contextid="84" timestamp="2019-09-21T20:33:34.848" />
<mem-info id="89" free="1816936" total="8716288" percent="20">
  <mem type="tenure" free="1816936" total="8716288" percent="20" micro-fragmented="18977" macro-fragmented="0">
    <mem type="soa" free="1381736" total="8281088" percent="16" />
    <mem type="loa" free="435200" total="435200" percent="100" />
  </mem>
</mem-info>
<gc-op id="90" type="compact" timems="13.290" contextid="84" timestamp="2019-09-21T20:33:34.861">
  <compact-info movecount="31501" movebytes="2144376" reason="compact to aid heap contraction" />
</gc-op>
<heap-resize id="91" type="expand" space="tenure" amount="65536" count="1" timems="0.014" reason="satisfy allocation request" timestamp="2019-09-21T20:33:34.861" />
<gc-end id="92" type="global" contextid="84" durationms="18.073" usertimems="24.000" systemtimems="0.000" timestamp="2019-09-21T20:33:34.862" activeThreads="8">
  <mem-info id="93" free="1868368" total="8781824" percent="21">
    <mem type="tenure" free="1868368" total="8781824" percent="21">
      <mem type="soa" free="1430096" total="8343552" percent="17" />
      <mem type="loa" free="438272" total="438272" percent="100" />
    </mem>
  </mem-info>
</gc-end>
<cycle-end id="94" type="global" contextid="84" timestamp="2019-09-21T20:33:34.862" />
  <attribute name="elasticGC enabled" value="1" />
  <attribute name= "numThreadsSpecified" value="8" />
  <attribute name="heapSize specified" value="8716288" />
  <attribute name="Current GC Util" value="8" />
  <attribute name= "Current Time Running" value="6614" />
  <attribute name ="GC Interval" value="0" />
  <attribute name="Target GC Util Change" value ="40.000000" />
  <attribute name="Current GC Util Change" value="8.000000"/>
  <attribute name="Current Error" value="32.000000" />
  <attribute name="Output H" value="8754152"/>
  <attribute name="Output I" value="2024"/>
  <attribute name="Output T" value="8"/>
  <attribute name= "Current Time Running" value="6614" />
  <attribute name="GC Util currently" value="8" />
  <attribute name="CPU Util currently" value="171809697794" />
<allocation-satisfied id="95" threadId="00000000016E8700" bytesRequested="24" />
<af-end id="96" timestamp="2019-09-21T20:33:34.862" threadId="00000000016E9088" success="true" />
<exclusive-end id="97" timestamp="2019-09-21T20:33:34.862" durationms="18.924" />

<exclusive-start id="98" timestamp="2019-09-21T20:33:36.019" intervalms="1175.717">
  <response-info timems="0.409" idlems="0.213" threads="1" lastid="0000000001737500" lastname="node-8" />
</exclusive-start>
<af-start id="99" threadId="0000000001724F88" totalBytesRequested="368" timestamp="2019-09-21T20:33:36.019" intervalms="1175.708" />
<cycle-start id="100" type="global" contextid="0" timestamp="2019-09-21T20:33:36.019" intervalms="1175.752" />
<gc-start id="101" type="global" contextid="100" timestamp="2019-09-21T20:33:36.019">
  <mem-info id="102" free="438272" total="8781824" percent="4">
    <mem type="tenure" free="438272" total="8781824" percent="4">
      <mem type="soa" free="0" total="8343552" percent="0" />
      <mem type="loa" free="438272" total="438272" percent="100" />
    </mem>
  </mem-info>
</gc-start>
<allocation-stats totalBytes="1448504" >
  <allocated-bytes non-tlh="0" tlh="1448504" />
  <largest-consumer threadName="node-7" threadId="0000000001720A00" bytes="143248" />
</allocation-stats>
<gc-op id="103" type="mark" timems="3.159" contextid="100" timestamp="2019-09-21T20:33:36.023">
  <trace-info objectcount="145643" scancount="136116" scanbytes="5323908" />
  <finalization candidates="13" enqueued="0" />
  <references type="soft" candidates="66" cleared="20" enqueued="16" dynamicThreshold="6" maxThreshold="32" />
  <references type="weak" candidates="143" cleared="0" enqueued="0" />
  <references type="phantom" candidates="57" cleared="0" enqueued="0" />
  <stringconstants candidates="3838" cleared="0"  />
</gc-op>
<gc-op id="104" type="sweep" timems="0.292" contextid="100" timestamp="2019-09-21T20:33:36.023" />
<mem-info id="105" free="1875888" total="8781824" percent="21">
  <mem type="tenure" free="1875888" total="8781824" percent="21" micro-fragmented="4102" macro-fragmented="0">
    <mem type="soa" free="1437616" total="8343552" percent="17" />
    <mem type="loa" free="438272" total="438272" percent="100" />
  </mem>
  <pending-finalizers system="0" default="0" reference="16" classloader="0" />
</mem-info>
<gc-op id="106" type="compact" timems="60.405" contextid="100" timestamp="2019-09-21T20:33:36.084">
  <compact-info movecount="139695" movebytes="6608544" reason="compact to aid heap contraction" />
</gc-op>
<heap-resize id="107" type="expand" space="tenure" amount="65536" count="1" timems="0.015" reason="satisfy allocation request" timestamp="2019-09-21T20:33:36.084" />
<gc-end id="108" type="global" contextid="100" durationms="64.682" usertimems="72.000" systemtimems="0.000" timestamp="2019-09-21T20:33:36.084" activeThreads="8">
  <mem-info id="109" free="1942200" total="8847360" percent="21">
    <mem type="tenure" free="1942200" total="8847360" percent="21">
      <mem type="soa" free="1499832" total="8404992" percent="17" />
      <mem type="loa" free="442368" total="442368" percent="100" />
    </mem>
    <pending-finalizers system="0" default="0" reference="16" classloader="0" />
  </mem-info>
</gc-end>
<cycle-end id="110" type="global" contextid="100" timestamp="2019-09-21T20:33:36.084" />
  <attribute name="elasticGC enabled" value="1" />
  <attribute name= "numThreadsSpecified" value="8" />
  <attribute name="heapSize specified" value="8781824" />
  <attribute name="Current GC Util" value="3" />
  <attribute name= "Current Time Running" value="7837" />
  <attribute name ="GC Interval" value="0" />
  <attribute name="Target GC Util Change" value ="40.000000" />
  <attribute name="Current GC Util Change" value="3.000000"/>
  <attribute name="Current Error" value="-23.000000" />
  <attribute name="Output H" value="8819656"/>
  <attribute name="Output I" value="1992"/>
  <attribute name="Output T" value="8"/>
  <attribute name= "Current Time Running" value="7837" />
  <attribute name="GC Util currently" value="3" />
  <attribute name="CPU Util currently" value="38102749903" />
<allocation-satisfied id="111" threadId="0000000001724600" bytesRequested="368" />
<af-end id="112" timestamp="2019-09-21T20:33:36.084" threadId="0000000001724F88" success="true" />
<exclusive-end id="113" timestamp="2019-09-21T20:33:36.084" durationms="65.311" />

<exclusive-start id="114" timestamp="2019-09-21T20:33:37.388" intervalms="1369.110">
  <response-info timems="0.062" idlems="0.062" threads="0" lastid="0000000001711A00" lastname="node-15" />
</exclusive-start>
<af-start id="115" threadId="0000000001712388" totalBytesRequested="32" timestamp="2019-09-21T20:33:37.388" intervalms="1369.121" />
<cycle-start id="116" type="global" contextid="0" timestamp="2019-09-21T20:33:37.388" intervalms="1369.107" />
<gc-start id="117" type="global" contextid="116" timestamp="2019-09-21T20:33:37.388">
  <mem-info id="118" free="442368" total="8847360" percent="5">
    <mem type="tenure" free="442368" total="8847360" percent="5">
      <mem type="soa" free="0" total="8404992" percent="0" />
      <mem type="loa" free="442368" total="442368" percent="100" />
    </mem>
  </mem-info>
</gc-start>
<allocation-stats totalBytes="1507968" >
  <allocated-bytes non-tlh="0" tlh="1507968" />
  <largest-consumer threadName="node-6" threadId="00000000016EFF00" bytes="106488" />
</allocation-stats>
<gc-op id="119" type="mark" timems="3.578" contextid="116" timestamp="2019-09-21T20:33:37.392">
  <trace-info objectcount="145485" scancount="135977" scanbytes="5319624" />
  <finalization candidates="13" enqueued="0" />
  <references type="soft" candidates="46" cleared="0" enqueued="0" dynamicThreshold="7" maxThreshold="32" />
  <references type="weak" candidates="143" cleared="0" enqueued="0" />
  <references type="phantom" candidates="57" cleared="0" enqueued="0" />
  <stringconstants candidates="3838" cleared="0"  />
</gc-op>
<gc-op id="120" type="sweep" timems="0.270" contextid="116" timestamp="2019-09-21T20:33:37.392" />
<mem-info id="121" free="1955600" total="8847360" percent="22">
  <mem type="tenure" free="1955600" total="8847360" percent="22" micro-fragmented="0" macro-fragmented="0">
    <mem type="soa" free="1513232" total="8404992" percent="18" />
    <mem type="loa" free="442368" total="442368" percent="100" />
  </mem>
</mem-info>
<gc-op id="122" type="compact" timems="57.905" contextid="116" timestamp="2019-09-21T20:33:37.451">
  <compact-info movecount="134216" movebytes="6395744" reason="compact to aid heap contraction" />
</gc-op>
<heap-resize id="123" type="expand" space="tenure" amount="65536" count="1" timems="0.026" reason="satisfy allocation request" timestamp="2019-09-21T20:33:37.451" />
<gc-end id="124" type="global" contextid="116" durationms="62.822" usertimems="68.000" systemtimems="0.000" timestamp="2019-09-21T20:33:37.451" activeThreads="8">
  <mem-info id="125" free="2023976" total="8912896" percent="22">
    <mem type="tenure" free="2023976" total="8912896" percent="22">
      <mem type="soa" free="1578536" total="8467456" percent="18" />
      <mem type="loa" free="445440" total="445440" percent="100" />
    </mem>
  </mem-info>
</gc-end>
<cycle-end id="126" type="global" contextid="116" timestamp="2019-09-21T20:33:37.451" />
  <attribute name="elasticGC enabled" value="1" />
  <attribute name= "numThreadsSpecified" value="8" />
  <attribute name="heapSize specified" value="8847360" />
  <attribute name="Current GC Util" value="3" />
  <attribute name= "Current Time Running" value="9204" />
  <attribute name ="GC Interval" value="0" />
  <attribute name="Target GC Util Change" value ="40.000000" />
  <attribute name="Current GC Util Change" value="3.000000"/>
  <attribute name="Current Error" value="-81.000000" />
  <attribute name="Output H" value="8885160"/>
  <attribute name="Output I" value="1960"/>
  <attribute name="Output T" value="8"/>
  <attribute name= "Current Time Running" value="9204" />
  <attribute name="GC Util currently" value="3" />
  <attribute name="CPU Util currently" value="39690648097" />
<allocation-satisfied id="127" threadId="0000000001711A00" bytesRequested="32" />
<af-end id="128" timestamp="2019-09-21T20:33:37.452" threadId="0000000001712388" success="true" />
<exclusive-end id="129" timestamp="2019-09-21T20:33:37.452" durationms="63.749" />

<exclusive-start id="130" timestamp="2019-09-21T20:33:38.542" intervalms="1153.689">
  <response-info timems="0.631" idlems="0.323" threads="1" lastid="0000000001737500" lastname="node-8" />
</exclusive-start>
<af-start id="131" threadId="000000000170E788" totalBytesRequested="24" timestamp="2019-09-21T20:33:38.542" intervalms="1153.706" />
<cycle-start id="132" type="global" contextid="0" timestamp="2019-09-21T20:33:38.542" intervalms="1153.691" />
<gc-start id="133" type="global" contextid="132" timestamp="2019-09-21T20:33:38.542">
  <mem-info id="134" free="445440" total="8912896" percent="4">
    <mem type="tenure" free="445440" total="8912896" percent="4">
      <mem type="soa" free="0" total="8467456" percent="0" />
      <mem type="loa" free="445440" total="445440" percent="100" />
    </mem>
  </mem-info>
</gc-start>
<allocation-stats totalBytes="1581824" >
  <allocated-bytes non-tlh="0" tlh="1581824" />
  <largest-consumer threadName="node-3" threadId="00000000016E8700" bytes="106472" />
</allocation-stats>
<gc-op id="135" type="mark" timems="2.842" contextid="132" timestamp="2019-09-21T20:33:38.545">
  <trace-info objectcount="145474" scancount="135954" scanbytes="5318920" />
  <finalization candidates="13" enqueued="0" />
  <references type="soft" candidates="46" cleared="0" enqueued="0" dynamicThreshold="7" maxThreshold="32" />
  <references type="weak" candidates="143" cleared="0" enqueued="0" />
  <references type="phantom" candidates="57" cleared="0" enqueued="0" />
  <stringconstants candidates="3838" cleared="0"  />
</gc-op>
<gc-op id="136" type="sweep" timems="0.276" contextid="132" timestamp="2019-09-21T20:33:38.545" />
<mem-info id="137" free="2025152" total="8912896" percent="22">
  <mem type="tenure" free="2025152" total="8912896" percent="22" micro-fragmented="0" macro-fragmented="0">
    <mem type="soa" free="1579712" total="8467456" percent="18" />
    <mem type="loa" free="445440" total="445440" percent="100" />
  </mem>
</mem-info>
<gc-op id="138" type="compact" timems="7.266" contextid="132" timestamp="2019-09-21T20:33:38.553">
  <compact-info movecount="2381" movebytes="61032" reason="compact to aid heap contraction" />
</gc-op>
<heap-resize id="139" type="expand" space="tenure" amount="65536" count="1" timems="0.016" reason="satisfy allocation request" timestamp="2019-09-21T20:33:38.553" />
<gc-end id="140" type="global" contextid="132" durationms="11.312" usertimems="12.000" systemtimems="4.000" timestamp="2019-09-21T20:33:38.553" activeThreads="8">
  <mem-info id="141" free="2080120" total="8978432" percent="23">
    <mem type="tenure" free="2080120" total="8978432" percent="23">
      <mem type="soa" free="1631608" total="8529920" percent="19" />
      <mem type="loa" free="448512" total="448512" percent="100" />
    </mem>
  </mem-info>
</gc-end>
<cycle-end id="142" type="global" contextid="132" timestamp="2019-09-21T20:33:38.553" />
  <attribute name="elasticGC enabled" value="1" />
  <attribute name= "numThreadsSpecified" value="8" />
  <attribute name="heapSize specified" value="8912896" />
  <attribute name="Current GC Util" value="12" />
  <attribute name= "Current Time Running" value="10306" />
  <attribute name ="GC Interval" value="0" />
  <attribute name="Target GC Util Change" value ="40.000000" />
  <attribute name="Current GC Util Change" value="12.000000"/>
  <attribute name="Current Error" value="28.000000" />
  <attribute name="Output H" value="8950752"/>
  <attribute name="Output I" value="2016"/>
  <attribute name="Output T" value="8"/>
  <attribute name= "Current Time Running" value="10306" />
  <attribute name="GC Util currently" value="12" />
  <attribute name="CPU Util currently" value="312548738045" />
<allocation-satisfied id="143" threadId="000000000170DE00" bytesRequested="24" />
<af-end id="144" timestamp="2019-09-21T20:33:38.554" threadId="000000000170E788" success="true" />
<exclusive-end id="145" timestamp="2019-09-21T20:33:38.554" durationms="12.013" />

<exclusive-start id="146" timestamp="2019-09-21T20:33:39.720" intervalms="1178.407">
  <response-info timems="0.042" idlems="0.042" threads="0" lastid="000000000172FD00" lastname="node-2" />
</exclusive-start>
<af-start id="147" threadId="0000000001730688" totalBytesRequested="368" timestamp="2019-09-21T20:33:39.720" intervalms="1178.394" />
<cycle-start id="148" type="global" contextid="0" timestamp="2019-09-21T20:33:39.720" intervalms="1178.379" />
<gc-start id="149" type="global" contextid="148" timestamp="2019-09-21T20:33:39.720">
  <mem-info id="150" free="448512" total="8978432" percent="4">
    <mem type="tenure" free="448512" total="8978432" percent="4">
      <mem type="soa" free="0" total="8529920" percent="0" />
      <mem type="loa" free="448512" total="448512" percent="100" />
    </mem>
  </mem-info>
</gc-start>
<allocation-stats totalBytes="1641224" >
  <allocated-bytes non-tlh="0" tlh="1641224" />
  <largest-consumer threadName="node-5" threadId="0000000001742900" bytes="106464" />
</allocation-stats>
<gc-op id="151" type="mark" timems="5.189" contextid="148" timestamp="2019-09-21T20:33:39.726">
  <trace-info objectcount="145478" scancount="135944" scanbytes="5318520" />
  <finalization candidates="13" enqueued="0" />
  <references type="soft" candidates="46" cleared="0" enqueued="0" dynamicThreshold="7" maxThreshold="32" />
  <references type="weak" candidates="143" cleared="0" enqueued="0" />
  <references type="phantom" candidates="57" cleared="0" enqueued="0" />
  <stringconstants candidates="3838" cleared="0"  />
</gc-op>
<gc-op id="152" type="sweep" timems="1.334" contextid="148" timestamp="2019-09-21T20:33:39.727" />
<mem-info id="153" free="2077752" total="8978432" percent="23">
  <mem type="tenure" free="2077752" total="8978432" percent="23" micro-fragmented="0" macro-fragmented="0">
    <mem type="soa" free="1629240" total="8529920" percent="19" />
    <mem type="loa" free="448512" total="448512" percent="100" />
  </mem>
</mem-info>
<gc-op id="154" type="compact" timems="12.107" contextid="148" timestamp="2019-09-21T20:33:39.740">
  <compact-info movecount="13315" movebytes="840480" reason="compact to aid heap contraction" />
</gc-op>
<heap-resize id="155" type="expand" space="tenure" amount="65536" count="1" timems="0.015" reason="satisfy allocation request" timestamp="2019-09-21T20:33:39.740" />
<gc-end id="156" type="global" contextid="148" durationms="19.865" usertimems="28.000" systemtimems="0.000" timestamp="2019-09-21T20:33:39.740" activeThreads="8">
  <mem-info id="157" free="2134296" total="9043968" percent="23">
    <mem type="tenure" free="2134296" total="9043968" percent="23">
      <mem type="soa" free="1682712" total="8592384" percent="19" />
      <mem type="loa" free="451584" total="451584" percent="100" />
    </mem>
  </mem-info>
</gc-end>
<cycle-end id="158" type="global" contextid="148" timestamp="2019-09-21T20:33:39.740" />
  <attribute name="elasticGC enabled" value="1" />
  <attribute name= "numThreadsSpecified" value="8" />
  <attribute name="heapSize specified" value="8978432" />
  <attribute name="Current GC Util" value="50" />
  <attribute name= "Current Time Running" value="11493" />
  <attribute name ="GC Interval" value="0" />
  <attribute name="Target GC Util Change" value ="40.000000" />
  <attribute name="Current GC Util Change" value="50.000000"/>
  <attribute name="Current Error" value="-172.000000" />
  <attribute name="Output H" value="9016176"/>
  <attribute name="Output I" value="1904"/>
  <attribute name="Output T" value="8"/>
  <attribute name= "Current Time Running" value="11493" />
  <attribute name="GC Util currently" value="50" />
  <attribute name="CPU Util currently" value="188314063950" />
<allocation-satisfied id="159" threadId="000000000172FD00" bytesRequested="368" />
<af-end id="160" timestamp="2019-09-21T20:33:39.741" threadId="0000000001730688" success="true" />
<exclusive-end id="161" timestamp="2019-09-21T20:33:39.741" durationms="20.514" />

<exclusive-start id="162" timestamp="2019-09-21T20:33:40.886" intervalms="1165.938">
  <response-info timems="0.047" idlems="0.047" threads="0" lastid="00000000016E4B00" lastname="node-0" />
</exclusive-start>
<af-start id="163" threadId="00000000016E5488" totalBytesRequested="32" timestamp="2019-09-21T20:33:40.886" intervalms="1165.947" />
<cycle-start id="164" type="global" contextid="0" timestamp="2019-09-21T20:33:40.886" intervalms="1165.953" />
<gc-start id="165" type="global" contextid="164" timestamp="2019-09-21T20:33:40.886">
  <mem-info id="166" free="451584" total="9043968" percent="4">
    <mem type="tenure" free="451584" total="9043968" percent="4">
      <mem type="soa" free="0" total="8592384" percent="0" />
      <mem type="loa" free="451584" total="451584" percent="100" />
    </mem>
  </mem-info>
</gc-start>
<allocation-stats totalBytes="1696464" >
  <allocated-bytes non-tlh="0" tlh="1696464" />
  <largest-consumer threadName="node-9" threadId="00000000016EC300" bytes="106424" />
</allocation-stats>
<gc-op id="167" type="mark" timems="3.602" contextid="164" timestamp="2019-09-21T20:33:40.890">
  <trace-info objectcount="145417" scancount="135898" scanbytes="5317296" />
  <finalization candidates="13" enqueued="0" />
  <references type="soft" candidates="46" cleared="1" enqueued="0" dynamicThreshold="7" maxThreshold="32" />
  <references type="weak" candidates="143" cleared="0" enqueued="0" />
  <references type="phantom" candidates="57" cleared="0" enqueued="0" />
  <stringconstants candidates="3838" cleared="0"  />
</gc-op>
<gc-op id="168" type="sweep" timems="0.289" contextid="164" timestamp="2019-09-21T20:33:40.890" />
<mem-info id="169" free="2159352" total="9043968" percent="23">
  <mem type="tenure" free="2159352" total="9043968" percent="23" micro-fragmented="0" macro-fragmented="0">
    <mem type="soa" free="1707768" total="8592384" percent="19" />
    <mem type="loa" free="451584" total="451584" percent="100" />
  </mem>
</mem-info>
<gc-op id="170" type="compact" timems="56.380" contextid="164" timestamp="2019-09-21T20:33:40.947">
  <compact-info movecount="128845" movebytes="5914224" reason="compact to aid heap contraction" />
</gc-op>
<heap-resize id="171" type="expand" space="tenure" amount="65536" count="1" timems="0.027" reason="satisfy allocation request" timestamp="2019-09-21T20:33:40.947" />
<gc-end id="172" type="global" contextid="164" durationms="61.225" usertimems="56.000" systemtimems="12.000" timestamp="2019-09-21T20:33:40.948" activeThreads="8">
  <mem-info id="173" free="2211776" total="9109504" percent="24">
    <mem type="tenure" free="2211776" total="9109504" percent="24">
      <mem type="soa" free="1757120" total="8654848" percent="20" />
      <mem type="loa" free="454656" total="454656" percent="100" />
    </mem>
  </mem-info>
</gc-end>
<cycle-end id="174" type="global" contextid="164" timestamp="2019-09-21T20:33:40.948" />
  <attribute name="elasticGC enabled" value="1" />
  <attribute name= "numThreadsSpecified" value="8" />
  <attribute name="heapSize specified" value="9043968" />
  <attribute name="Current GC Util" value="2" />
  <attribute name= "Current Time Running" value="12700" />
  <attribute name ="GC Interval" value="0" />
  <attribute name="Target GC Util Change" value ="40.000000" />
  <attribute name="Current GC Util Change" value="2.000000"/>
  <attribute name="Current Error" value="-73.000000" />
  <attribute name="Output H" value="9081768"/>
  <attribute name="Output I" value="1960"/>
  <attribute name="Output T" value="8"/>
  <attribute name= "Current Time Running" value="12700" />
  <attribute name="GC Util currently" value="2" />
  <attribute name="CPU Util currently" value="40753028042" />
<allocation-satisfied id="175" threadId="00000000016E4B00" bytesRequested="32" />
<af-end id="176" timestamp="2019-09-21T20:33:40.948" threadId="00000000016E5488" success="true" />
<exclusive-end id="177" timestamp="2019-09-21T20:33:40.948" durationms="62.174" />

<exclusive-start id="178" timestamp="2019-09-21T20:33:42.148" intervalms="1262.339">
  <response-info timems="0.051" idlems="0.051" threads="0" lastid="00000000016EFF00" lastname="node-6" />
</exclusive-start>
<af-start id="179" threadId="00000000016F0888" totalBytesRequested="136" timestamp="2019-09-21T20:33:42.149" intervalms="1262.344" />
<cycle-start id="180" type="global" contextid="0" timestamp="2019-09-21T20:33:42.149" intervalms="1262.343" />
<gc-start id="181" type="global" contextid="180" timestamp="2019-09-21T20:33:42.149">
  <mem-info id="182" free="454656" total="9109504" percent="4">
    <mem type="tenure" free="454656" total="9109504" percent="4">
      <mem type="soa" free="0" total="8654848" percent="0" />
      <mem type="loa" free="454656" total="454656" percent="100" />
    </mem>
  </mem-info>
</gc-start>
<allocation-stats totalBytes="1769088" >
  <allocated-bytes non-tlh="0" tlh="1769088" />
  <largest-consumer threadName="node-8" threadId="0000000001737500" bytes="106384" />
</allocation-stats>
<gc-op id="183" type="mark" timems="6.307" contextid="180" timestamp="2019-09-21T20:33:42.155">
  <trace-info objectcount="145365" scancount="135868" scanbytes="5316584" />
  <finalization candidates="13" enqueued="0" />
  <references type="soft" candidates="45" cleared="0" enqueued="0" dynamicThreshold="7" maxThreshold="32" />
  <references type="weak" candidates="143" cleared="0" enqueued="0" />
  <references type="phantom" candidates="57" cleared="0" enqueued="0" />
  <stringconstants candidates="3838" cleared="0"  />
</gc-op>
<gc-op id="184" type="sweep" timems="2.087" contextid="180" timestamp="2019-09-21T20:33:42.157" />
<mem-info id="185" free="2228224" total="9109504" percent="24">
  <mem type="tenure" free="2228224" total="9109504" percent="24" micro-fragmented="0" macro-fragmented="0">
    <mem type="soa" free="1773568" total="8654848" percent="20" />
    <mem type="loa" free="454656" total="454656" percent="100" />
  </mem>
</mem-info>
<gc-op id="186" type="compact" timems="14.511" contextid="180" timestamp="2019-09-21T20:33:42.172">
  <compact-info movecount="9599" movebytes="558120" reason="compact to aid heap contraction" />
</gc-op>
<heap-resize id="187" type="expand" space="tenure" amount="65536" count="1" timems="0.016" reason="satisfy allocation request" timestamp="2019-09-21T20:33:42.173" />
<gc-end id="188" type="global" contextid="180" durationms="24.376" usertimems="20.000" systemtimems="12.000" timestamp="2019-09-21T20:33:42.173" activeThreads="1">
  <mem-info id="189" free="2281976" total="9175040" percent="24">
    <mem type="tenure" free="2281976" total="9175040" percent="24">
      <mem type="soa" free="1823224" total="8716288" percent="20" />
      <mem type="loa" free="458752" total="458752" percent="100" />
    </mem>
  </mem-info>
</gc-end>
<cycle-end id="190" type="global" contextid="180" timestamp="2019-09-21T20:33:42.173" />
  <attribute name="elasticGC enabled" value="1" />
  <attribute name= "numThreadsSpecified" value="1" />
  <attribute name="heapSize specified" value="9109504" />
  <attribute name="Current GC Util" value="50" />
  <attribute name= "Current Time Running" value="13925" />
  <attribute name ="GC Interval" value="0" />
  <attribute name="Target GC Util Change" value ="40.000000" />
  <attribute name="Current GC Util Change" value="50.000000"/>
  <attribute name="Current Error" value="-10.000000" />
  <attribute name="Output H" value="9147344"/>
  <attribute name="Output I" value="2000"/>
  <attribute name="Output T" value="1"/>
  <attribute name= "Current Time Running" value="13925" />
  <attribute name="GC Util currently" value="50" />
  <attribute name="CPU Util currently" value="157061908827" />
<allocation-satisfied id="191" threadId="00000000016EFF00" bytesRequested="136" />
<af-end id="192" timestamp="2019-09-21T20:33:42.173" threadId="00000000016F0888" success="true" />
<exclusive-end id="193" timestamp="2019-09-21T20:33:42.174" durationms="25.154" />

<exclusive-start id="194" timestamp="2019-09-21T20:33:43.101" intervalms="952.693">
  <response-info timems="0.045" idlems="0.045" threads="0" lastid="0000000001737500" lastname="node-8" />
</exclusive-start>
<af-start id="195" threadId="0000000001737E88" totalBytesRequested="24" timestamp="2019-09-21T20:33:43.101" intervalms="952.663" />
<cycle-start id="196" type="global" contextid="0" timestamp="2019-09-21T20:33:43.101" intervalms="952.652" />
<gc-start id="197" type="global" contextid="196" timestamp="2019-09-21T20:33:43.101">
  <mem-info id="198" free="458752" total="9175040" percent="5">
    <mem type="tenure" free="458752" total="9175040" percent="5">
      <mem type="soa" free="0" total="8716288" percent="0" />
      <mem type="loa" free="458752" total="458752" percent="100" />
    </mem>
  </mem-info>
</gc-start>
<allocation-stats totalBytes="1838560" >
  <allocated-bytes non-tlh="0" tlh="1838560" />
  <largest-consumer threadName="node-7" threadId="0000000001720A00" bytes="106472" />
</allocation-stats>
<gc-op id="199" type="mark" timems="2.913" contextid="196" timestamp="2019-09-21T20:33:43.104">
  <trace-info objectcount="145363" scancount="135879" scanbytes="5315960" />
  <finalization candidates="13" enqueued="0" />
  <references type="soft" candidates="45" cleared="0" enqueued="0" dynamicThreshold="7" maxThreshold="32" />
  <references type="weak" candidates="143" cleared="0" enqueued="0" />
  <references type="phantom" candidates="57" cleared="0" enqueued="0" />
  <stringconstants candidates="3838" cleared="0"  />
</gc-op>
<gc-op id="200" type="sweep" timems="0.297" contextid="196" timestamp="2019-09-21T20:33:43.105" />
<mem-info id="201" free="2285984" total="9175040" percent="24">
  <mem type="tenure" free="2285984" total="9175040" percent="24" micro-fragmented="0" macro-fragmented="0">
    <mem type="soa" free="1827232" total="8716288" percent="20" />
    <mem type="loa" free="458752" total="458752" percent="100" />
  </mem>
</mem-info>
<gc-op id="202" type="compact" timems="7.966" contextid="196" timestamp="2019-09-21T20:33:43.113">
  <compact-info movecount="5983" movebytes="333256" reason="compact to aid heap contraction" />
</gc-op>
<heap-resize id="203" type="expand" space="tenure" amount="65536" count="1" timems="0.030" reason="satisfy allocation request" timestamp="2019-09-21T20:33:43.113" />
<gc-end id="204" type="global" contextid="196" durationms="11.866" usertimems="20.000" systemtimems="0.000" timestamp="2019-09-21T20:33:43.113" activeThreads="8">
  <mem-info id="205" free="2345552" total="9240576" percent="25">
    <mem type="tenure" free="2345552" total="9240576" percent="25">
      <mem type="soa" free="1883728" total="8778752" percent="21" />
      <mem type="loa" free="461824" total="461824" percent="100" />
    </mem>
  </mem-info>
</gc-end>
<cycle-end id="206" type="global" contextid="196" timestamp="2019-09-21T20:33:43.113" />
  <attribute name="elasticGC enabled" value="1" />
  <attribute name= "numThreadsSpecified" value="8" />
  <attribute name="heapSize specified" value="9175040" />
  <attribute name="Current GC Util" value="12" />
  <attribute name= "Current Time Running" value="14866" />
  <attribute name ="GC Interval" value="0" />
  <attribute name="Target GC Util Change" value ="40.000000" />
  <attribute name="Current GC Util Change" value="12.000000"/>
  <attribute name="Current Error" value="-80.000000" />
  <attribute name="Output H" value="9212840"/>
  <attribute name="Output I" value="1960"/>
  <attribute name="Output T" value="8"/>
  <attribute name= "Current Time Running" value="14866" />
  <attribute name="GC Util currently" value="12" />
  <attribute name="CPU Util currently" value="287119939000" />
<allocation-satisfied id="207" threadId="0000000001737500" bytesRequested="24" />
<af-end id="208" timestamp="2019-09-21T20:33:43.113" threadId="0000000001737E88" success="true" />
<exclusive-end id="209" timestamp="2019-09-21T20:33:43.113" durationms="12.292" />

<exclusive-start id="210" timestamp="2019-09-21T20:33:44.231" intervalms="1129.484">
  <response-info timems="0.078" idlems="0.078" threads="0" lastid="00000000016EC300" lastname="node-9" />
</exclusive-start>
<af-start id="211" threadId="00000000016ECC88" totalBytesRequested="24" timestamp="2019-09-21T20:33:44.231" intervalms="1129.503" />
<cycle-start id="212" type="global" contextid="0" timestamp="2019-09-21T20:33:44.231" intervalms="1129.519" />
<gc-start id="213" type="global" contextid="212" timestamp="2019-09-21T20:33:44.231">
  <mem-info id="214" free="461824" total="9240576" percent="4">
    <mem type="tenure" free="461824" total="9240576" percent="4">
      <mem type="soa" free="0" total="8778752" percent="0" />
      <mem type="loa" free="461824" total="461824" percent="100" />
    </mem>
  </mem-info>
</gc-start>
<allocation-stats totalBytes="1896912" >
  <allocated-bytes non-tlh="0" tlh="1896912" />
  <largest-consumer threadName="node-5" threadId="0000000001742900" bytes="90096" />
</allocation-stats>
<gc-op id="215" type="mark" timems="3.037" contextid="212" timestamp="2019-09-21T20:33:44.234">
  <trace-info objectcount="145348" scancount="135831" scanbytes="5315464" />
  <finalization candidates="13" enqueued="0" />
  <references type="soft" candidates="45" cleared="0" enqueued="0" dynamicThreshold="8" maxThreshold="32" />
  <references type="weak" candidates="143" cleared="0" enqueued="0" />
  <references type="phantom" candidates="57" cleared="0" enqueued="0" />
  <stringconstants candidates="3838" cleared="0"  />
</gc-op>
<gc-op id="216" type="sweep" timems="0.273" contextid="212" timestamp="2019-09-21T20:33:44.234" />
<mem-info id="217" free="2352680" total="9240576" percent="25">
  <mem type="tenure" free="2352680" total="9240576" percent="25" micro-fragmented="0" macro-fragmented="0">
    <mem type="soa" free="1890856" total="8778752" percent="21" />
    <mem type="loa" free="461824" total="461824" percent="100" />
  </mem>
</mem-info>
<gc-op id="218" type="compact" timems="8.241" contextid="212" timestamp="2019-09-21T20:33:44.243">
  <compact-info movecount="5426" movebytes="295648" reason="compact to aid heap contraction" />
</gc-op>
<heap-resize id="219" type="expand" space="tenure" amount="65536" count="1" timems="0.017" reason="satisfy allocation request" timestamp="2019-09-21T20:33:44.243" />
<gc-end id="220" type="global" contextid="212" durationms="12.493" usertimems="4.000" systemtimems="12.000" timestamp="2019-09-21T20:33:44.243" activeThreads="8">
  <mem-info id="221" free="2411200" total="9306112" percent="25">
    <mem type="tenure" free="2411200" total="9306112" percent="25">
      <mem type="soa" free="1946304" total="8841216" percent="22" />
      <mem type="loa" free="464896" total="464896" percent="100" />
    </mem>
  </mem-info>
</gc-end>
<cycle-end id="222" type="global" contextid="212" timestamp="2019-09-21T20:33:44.244" />
  <attribute name="elasticGC enabled" value="1" />
  <attribute name= "numThreadsSpecified" value="8" />
  <attribute name="heapSize specified" value="9240576" />
  <attribute name="Current GC Util" value="10" />
  <attribute name= "Current Time Running" value="15996" />
  <attribute name ="GC Interval" value="0" />
  <attribute name="Target GC Util Change" value ="40.000000" />
  <attribute name="Current GC Util Change" value="10.000000"/>
  <attribute name="Current Error" value="-80.000000" />
  <attribute name="Output H" value="9278376"/>
  <attribute name="Output I" value="1960"/>
  <attribute name="Output T" value="8"/>
  <attribute name= "Current Time Running" value="15996" />
  <attribute name="GC Util currently" value="10" />
  <attribute name="CPU Util currently" value="274715440216" />
<allocation-satisfied id="223" threadId="00000000016EC300" bytesRequested="24" />
<af-end id="224" timestamp="2019-09-21T20:33:44.244" threadId="00000000016ECC88" success="true" />
<exclusive-end id="225" timestamp="2019-09-21T20:33:44.244" durationms="13.565" />

<exclusive-start id="226" timestamp="2019-09-21T20:33:45.500" intervalms="1269.509">
  <response-info timems="0.043" idlems="0.043" threads="0" lastid="000000000172F200" lastname="node-25" />
</exclusive-start>
<af-start id="227" threadId="000000000172FB88" totalBytesRequested="24" timestamp="2019-09-21T20:33:45.500" intervalms="1269.511" />
<cycle-start id="228" type="global" contextid="0" timestamp="2019-09-21T20:33:45.500" intervalms="1269.502" />
<gc-start id="229" type="global" contextid="228" timestamp="2019-09-21T20:33:45.500">
  <mem-info id="230" free="464896" total="9306112" percent="4">
    <mem type="tenure" free="464896" total="9306112" percent="4">
      <mem type="soa" free="0" total="8841216" percent="0" />
      <mem type="loa" free="464896" total="464896" percent="100" />
    </mem>
  </mem-info>
</gc-start>
<allocation-stats totalBytes="1961040" >
  <allocated-bytes non-tlh="0" tlh="1961040" />
  <largest-consumer threadName="node-9" threadId="00000000016EC300" bytes="90104" />
</allocation-stats>
<gc-op id="231" type="mark" timems="2.848" contextid="228" timestamp="2019-09-21T20:33:45.503">
  <trace-info objectcount="145339" scancount="135832" scanbytes="5315344" />
  <finalization candidates="13" enqueued="0" />
  <references type="soft" candidates="45" cleared="0" enqueued="0" dynamicThreshold="8" maxThreshold="32" />
  <references type="weak" candidates="143" cleared="0" enqueued="0" />
  <references type="phantom" candidates="57" cleared="0" enqueued="0" />
  <stringconstants candidates="3838" cleared="0"  />
</gc-op>
<gc-op id="232" type="sweep" timems="0.326" contextid="228" timestamp="2019-09-21T20:33:45.504" />
<mem-info id="233" free="2419032" total="9306112" percent="25">
  <mem type="tenure" free="2419032" total="9306112" percent="25" micro-fragmented="0" macro-fragmented="0">
    <mem type="soa" free="1954136" total="8841216" percent="22" />
    <mem type="loa" free="464896" total="464896" percent="100" />
  </mem>
</mem-info>
<gc-op id="234" type="compact" timems="7.145" contextid="228" timestamp="2019-09-21T20:33:45.511">
  <compact-info movecount="2180" movebytes="55008" reason="compact to aid heap contraction" />
</gc-op>
<heap-resize id="235" type="expand" space="tenure" amount="65536" count="1" timems="0.028" reason="satisfy allocation request" timestamp="2019-09-21T20:33:45.512" />
<gc-end id="236" type="global" contextid="228" durationms="11.333" usertimems="16.000" systemtimems="0.000" timestamp="2019-09-21T20:33:45.512" activeThreads="8">
  <mem-info id="237" free="2477192" total="9371648" percent="26">
    <mem type="tenure" free="2477192" total="9371648" percent="26">
      <mem type="soa" free="2009224" total="8903680" percent="22" />
      <mem type="loa" free="467968" total="467968" percent="100" />
    </mem>
  </mem-info>
</gc-end>
<cycle-end id="238" type="global" contextid="228" timestamp="2019-09-21T20:33:45.512" />
  <attribute name="elasticGC enabled" value="1" />
  <attribute name= "numThreadsSpecified" value="8" />
  <attribute name="heapSize specified" value="9306112" />
  <attribute name="Current GC Util" value="13" />
  <attribute name= "Current Time Running" value="17264" />
  <attribute name ="GC Interval" value="0" />
  <attribute name="Target GC Util Change" value ="40.000000" />
  <attribute name="Current GC Util Change" value="13.000000"/>
  <attribute name="Current Error" value="27.000000" />
  <attribute name="Output H" value="9343968"/>
  <attribute name="Output I" value="2016"/>
  <attribute name="Output T" value="8"/>
  <attribute name= "Current Time Running" value="17264" />
  <attribute name="GC Util currently" value="13" />
  <attribute name="CPU Util currently" value="314899789562" />
<allocation-satisfied id="239" threadId="000000000172F200" bytesRequested="24" />
<af-end id="240" timestamp="2019-09-21T20:33:45.512" threadId="000000000172FB88" success="true" />
<exclusive-end id="241" timestamp="2019-09-21T20:33:45.512" durationms="12.191" />

<exclusive-start id="242" timestamp="2019-09-21T20:33:47.031" intervalms="1531.272">
  <response-info timems="0.044" idlems="0.044" threads="0" lastid="0000000001720A00" lastname="node-7" />
</exclusive-start>
<af-start id="243" threadId="0000000001721388" totalBytesRequested="24" timestamp="2019-09-21T20:33:47.031" intervalms="1531.266" />
<cycle-start id="244" type="global" contextid="0" timestamp="2019-09-21T20:33:47.032" intervalms="1531.269" />
<gc-start id="245" type="global" contextid="244" timestamp="2019-09-21T20:33:47.032">
  <mem-info id="246" free="467968" total="9371648" percent="4">
    <mem type="tenure" free="467968" total="9371648" percent="4">
      <mem type="soa" free="0" total="8903680" percent="0" />
      <mem type="loa" free="467968" total="467968" percent="100" />
    </mem>
  </mem-info>
</gc-start>
<allocation-stats totalBytes="2020800" >
  <allocated-bytes non-tlh="0" tlh="2020800" />
  <largest-consumer threadName="node-8" threadId="0000000001737500" bytes="122840" />
</allocation-stats>
<heap-resize id="247" type="loa contract" space="tenure" amount="93184" count="1" timems="0.000" reason="contract underutilized loa" timestamp="2019-09-21T20:33:47.032" />
<gc-op id="248" type="mark" timems="4.693" contextid="244" timestamp="2019-09-21T20:33:47.037">
  <trace-info objectcount="145311" scancount="135797" scanbytes="5314584" />
  <finalization candidates="13" enqueued="0" />
  <references type="soft" candidates="45" cleared="0" enqueued="0" dynamicThreshold="8" maxThreshold="32" />
  <references type="weak" candidates="143" cleared="0" enqueued="0" />
  <references type="phantom" candidates="57" cleared="0" enqueued="0" />
  <stringconstants candidates="3838" cleared="0"  />
</gc-op>
<gc-op id="249" type="sweep" timems="1.461" contextid="244" timestamp="2019-09-21T20:33:47.038" />
<mem-info id="250" free="2486552" total="9371648" percent="26">
  <mem type="tenure" free="2486552" total="9371648" percent="26" micro-fragmented="0" macro-fragmented="16392">
    <mem type="soa" free="2111768" total="8996864" percent="23" />
    <mem type="loa" free="374784" total="374784" percent="100" />
  </mem>
</mem-info>
<gc-op id="251" type="compact" timems="10.095" contextid="244" timestamp="2019-09-21T20:33:47.049">
  <compact-info movecount="2152" movebytes="55600" reason="compact to aid heap contraction" />
</gc-op>
<heap-resize id="252" type="expand" space="tenure" amount="65536" count="1" timems="0.014" reason="satisfy allocation request" timestamp="2019-09-21T20:33:47.049" />
<heap-resize id="253" type="loa contract" space="tenure" amount="282624" count="1" timems="0.000" reason="contract to meet minimum soa" timestamp="2019-09-21T20:33:47.049" />
<gc-end id="254" type="global" contextid="244" durationms="17.940" usertimems="20.000" systemtimems="8.000" timestamp="2019-09-21T20:33:47.050" activeThreads="8">
  <mem-info id="255" free="2542136" total="9437184" percent="26">
    <mem type="tenure" free="2542136" total="9437184" percent="26">
      <mem type="soa" free="2447928" total="9342976" percent="26" />
      <mem type="loa" free="94208" total="94208" percent="100" />
    </mem>
  </mem-info>
</gc-end>
<cycle-end id="256" type="global" contextid="244" timestamp="2019-09-21T20:33:47.050" />
  <attribute name="elasticGC enabled" value="1" />
  <attribute name= "numThreadsSpecified" value="8" />
  <attribute name="heapSize specified" value="9371648" />
  <attribute name="Current GC Util" value="64" />
  <attribute name= "Current Time Running" value="18802" />
  <attribute name ="GC Interval" value="0" />
  <attribute name="Target GC Util Change" value ="40.000000" />
  <attribute name="Current GC Util Change" value="64.000000"/>
  <attribute name="Current Error" value="-217.000000" />
  <attribute name="Output H" value="9409368"/>
  <attribute name="Output I" value="1880"/>
  <attribute name="Output T" value="8"/>
  <attribute name= "Current Time Running" value="18802" />
  <attribute name="GC Util currently" value="64" />
  <attribute name="CPU Util currently" value="224758711734" />
<allocation-satisfied id="257" threadId="0000000001720A00" bytesRequested="24" />
<af-end id="258" timestamp="2019-09-21T20:33:47.050" threadId="0000000001721388" success="true" />
<exclusive-end id="259" timestamp="2019-09-21T20:33:47.050" durationms="18.785" />

<exclusive-start id="260" timestamp="2019-09-21T20:33:48.645" intervalms="1613.731">
  <response-info timems="0.065" idlems="0.065" threads="0" lastid="0000000001711A00" lastname="node-15" />
</exclusive-start>
<af-start id="261" threadId="0000000001712388" totalBytesRequested="24" timestamp="2019-09-21T20:33:48.645" intervalms="1613.738" />
<cycle-start id="262" type="global" contextid="0" timestamp="2019-09-21T20:33:48.645" intervalms="1613.745" />
<gc-start id="263" type="global" contextid="262" timestamp="2019-09-21T20:33:48.645">
  <mem-info id="264" free="94208" total="9437184" percent="0">
    <mem type="tenure" free="94208" total="9437184" percent="0">
      <mem type="soa" free="0" total="9342976" percent="0" />
      <mem type="loa" free="94208" total="94208" percent="100" />
    </mem>
  </mem-info>
</gc-start>
<allocation-stats totalBytes="2462096" >
  <allocated-bytes non-tlh="0" tlh="2462096" />
  <largest-consumer threadName="node-13" threadId="0000000001746500" bytes="122872" />
</allocation-stats>
<gc-op id="265" type="mark" timems="5.355" contextid="262" timestamp="2019-09-21T20:33:48.651">
  <trace-info objectcount="145287" scancount="135770" scanbytes="5314088" />
  <finalization candidates="13" enqueued="0" />
  <references type="soft" candidates="45" cleared="0" enqueued="0" dynamicThreshold="8" maxThreshold="32" />
  <references type="weak" candidates="143" cleared="0" enqueued="0" />
  <references type="phantom" candidates="57" cleared="0" enqueued="0" />
  <stringconstants candidates="3838" cleared="0"  />
</gc-op>
<gc-op id="266" type="sweep" timems="1.806" contextid="262" timestamp="2019-09-21T20:33:48.653" />
<mem-info id="267" free="2551496" total="9437184" percent="27">
  <mem type="tenure" free="2551496" total="9437184" percent="27" micro-fragmented="0" macro-fragmented="13104">
    <mem type="soa" free="2457288" total="9342976" percent="26" />
    <mem type="loa" free="94208" total="94208" percent="100" />
  </mem>
</mem-info>
<gc-op id="268" type="compact" timems="12.418" contextid="262" timestamp="2019-09-21T20:33:48.665">
  <compact-info movecount="2084" movebytes="52144" reason="compact to aid heap contraction" />
</gc-op>
<heap-resize id="269" type="expand" space="tenure" amount="65536" count="1" timems="0.016" reason="satisfy allocation request" timestamp="2019-09-21T20:33:48.666" />
<gc-end id="270" type="global" contextid="262" durationms="21.282" usertimems="24.000" systemtimems="12.000" timestamp="2019-09-21T20:33:48.667" activeThreads="8">
  <mem-info id="271" free="2609568" total="9502720" percent="27">
    <mem type="tenure" free="2609568" total="9502720" percent="27">
      <mem type="soa" free="2515360" total="9408512" percent="26" />
      <mem type="loa" free="94208" total="94208" percent="100" />
    </mem>
  </mem-info>
</gc-end>
<cycle-end id="272" type="global" contextid="262" timestamp="2019-09-21T20:33:48.667" />
  <attribute name="elasticGC enabled" value="1" />
  <attribute name= "numThreadsSpecified" value="8" />
  <attribute name="heapSize specified" value="9437184" />
  <attribute name="Current GC Util" value="58" />
  <attribute name= "Current Time Running" value="20419" />
  <attribute name ="GC Interval" value="0" />
  <attribute name="Target GC Util Change" value ="40.000000" />
  <attribute name="Current GC Util Change" value="58.000000"/>
  <attribute name="Current Error" value="-299.000000" />
  <attribute name="Output H" value="9474856"/>
  <attribute name="Output I" value="1832"/>
  <attribute name="Output T" value="8"/>
  <attribute name= "Current Time Running" value="20419" />
  <attribute name="GC Util currently" value="58" />
  <attribute name="CPU Util currently" value="182757372106" />
<allocation-satisfied id="273" threadId="0000000001711A00" bytesRequested="24" />
<af-end id="274" timestamp="2019-09-21T20:33:48.667" threadId="0000000001712388" success="true" />
<exclusive-end id="275" timestamp="2019-09-21T20:33:48.667" durationms="22.341" />

<exclusive-start id="276" timestamp="2019-09-21T20:33:50.653" intervalms="2007.857">
  <response-info timems="0.071" idlems="0.071" threads="0" lastid="0000000001737500" lastname="node-8" />
</exclusive-start>
<af-start id="277" threadId="0000000001737E88" totalBytesRequested="376" timestamp="2019-09-21T20:33:50.653" intervalms="2007.869" />
<cycle-start id="278" type="global" contextid="0" timestamp="2019-09-21T20:33:50.653" intervalms="2008.002" />
<gc-start id="279" type="global" contextid="278" timestamp="2019-09-21T20:33:50.653">
  <mem-info id="280" free="94208" total="9502720" percent="0">
    <mem type="tenure" free="94208" total="9502720" percent="0">
      <mem type="soa" free="0" total="9408512" percent="0" />
      <mem type="loa" free="94208" total="94208" percent="100" />
    </mem>
  </mem-info>
</gc-start>
<allocation-stats totalBytes="2529848" >
  <allocated-bytes non-tlh="0" tlh="2529848" />
  <largest-consumer threadName="node-20" threadId="000000000173ED00" bytes="122872" />
</allocation-stats>
<gc-op id="281" type="mark" timems="5.038" contextid="278" timestamp="2019-09-21T20:33:50.659">
  <trace-info objectcount="145246" scancount="135758" scanbytes="5313488" />
  <finalization candidates="13" enqueued="0" />
  <references type="soft" candidates="45" cleared="0" enqueued="0" dynamicThreshold="8" maxThreshold="32" />
  <references type="weak" candidates="143" cleared="0" enqueued="0" />
  <references type="phantom" candidates="57" cleared="0" enqueued="0" />
  <stringconstants candidates="3838" cleared="0"  />
</gc-op>
<gc-op id="282" type="sweep" timems="1.487" contextid="278" timestamp="2019-09-21T20:33:50.660" />
<mem-info id="283" free="2623576" total="9502720" percent="27">
  <mem type="tenure" free="2623576" total="9502720" percent="27" micro-fragmented="0" macro-fragmented="0">
    <mem type="soa" free="2529368" total="9408512" percent="26" />
    <mem type="loa" free="94208" total="94208" percent="100" />
  </mem>
</mem-info>
<gc-op id="284" type="compact" timems="10.633" contextid="278" timestamp="2019-09-21T20:33:50.671">
  <compact-info movecount="2043" movebytes="50264" reason="compact to aid heap contraction" />
</gc-op>
<heap-resize id="285" type="expand" space="tenure" amount="65536" count="1" timems="0.016" reason="satisfy allocation request" timestamp="2019-09-21T20:33:50.672" />
<gc-end id="286" type="global" contextid="278" durationms="18.892" usertimems="16.000" systemtimems="12.000" timestamp="2019-09-21T20:33:50.672" activeThreads="8">
  <mem-info id="287" free="2672888" total="9568256" percent="27">
    <mem type="tenure" free="2672888" total="9568256" percent="27">
      <mem type="soa" free="2577656" total="9473024" percent="27" />
      <mem type="loa" free="95232" total="95232" percent="100" />
    </mem>
  </mem-info>
</gc-end>
<cycle-end id="288" type="global" contextid="278" timestamp="2019-09-21T20:33:50.673" />
  <attribute name="elasticGC enabled" value="1" />
  <attribute name= "numThreadsSpecified" value="8" />
  <attribute name="heapSize specified" value="9502720" />
  <attribute name="Current GC Util" value="59" />
  <attribute name= "Current Time Running" value="22424" />
  <attribute name ="GC Interval" value="0" />
  <attribute name="Target GC Util Change" value ="40.000000" />
  <attribute name="Current GC Util Change" value="59.000000"/>
  <attribute name="Current Error" value="-19.000000" />
  <attribute name="Output H" value="9540552"/>
  <attribute name="Output I" value="1992"/>
  <attribute name="Output T" value="8"/>
  <attribute name= "Current Time Running" value="22424" />
  <attribute name="GC Util currently" value="59" />
  <attribute name="CPU Util currently" value="213838282121" />
<allocation-satisfied id="289" threadId="0000000001737500" bytesRequested="376" />
<af-end id="290" timestamp="2019-09-21T20:33:50.673" threadId="0000000001737E88" success="true" />
<exclusive-end id="291" timestamp="2019-09-21T20:33:50.673" durationms="20.041" />

<exclusive-start id="292" timestamp="2019-09-21T20:33:52.669" intervalms="2015.730">
  <response-info timems="0.059" idlems="0.059" threads="0" lastid="000000000173ED00" lastname="node-20" />
</exclusive-start>
<af-start id="293" threadId="000000000173F688" totalBytesRequested="376" timestamp="2019-09-21T20:33:52.669" intervalms="2015.717" />
<cycle-start id="294" type="global" contextid="0" timestamp="2019-09-21T20:33:52.669" intervalms="2015.586" />
<gc-start id="295" type="global" contextid="294" timestamp="2019-09-21T20:33:52.669">
  <mem-info id="296" free="95232" total="9568256" percent="0">
    <mem type="tenure" free="95232" total="9568256" percent="0">
      <mem type="soa" free="0" total="9473024" percent="0" />
      <mem type="loa" free="95232" total="95232" percent="100" />
    </mem>
  </mem-info>
</gc-start>
<allocation-stats totalBytes="2594480" >
  <allocated-bytes non-tlh="0" tlh="2594480" />
  <largest-consumer threadName="node-9" threadId="00000000016EC300" bytes="143272" />
</allocation-stats>
<gc-op id="297" type="mark" timems="3.125" contextid="294" timestamp="2019-09-21T20:33:52.672">
  <trace-info objectcount="145261" scancount="135750" scanbytes="5313224" />
  <finalization candidates="13" enqueued="0" />
  <references type="soft" candidates="45" cleared="0" enqueued="0" dynamicThreshold="8" maxThreshold="32" />
  <references type="weak" candidates="143" cleared="0" enqueued="0" />
  <references type="phantom" candidates="57" cleared="0" enqueued="0" />
  <stringconstants candidates="3838" cleared="0"  />
</gc-op>
<gc-op id="298" type="sweep" timems="0.657" contextid="294" timestamp="2019-09-21T20:33:52.673" />
<mem-info id="299" free="2677232" total="9568256" percent="27">
  <mem type="tenure" free="2677232" total="9568256" percent="27" micro-fragmented="0" macro-fragmented="13104">
    <mem type="soa" free="2582000" total="9473024" percent="27" />
    <mem type="loa" free="95232" total="95232" percent="100" />
  </mem>
</mem-info>
<gc-op id="300" type="compact" timems="8.271" contextid="294" timestamp="2019-09-21T20:33:52.682">
  <compact-info movecount="2058" movebytes="59352" reason="compact to aid heap contraction" />
</gc-op>
<heap-resize id="301" type="expand" space="tenure" amount="65536" count="1" timems="0.016" reason="satisfy allocation request" timestamp="2019-09-21T20:33:52.683" />
<gc-end id="302" type="global" contextid="294" durationms="13.879" usertimems="24.000" systemtimems="0.000" timestamp="2019-09-21T20:33:52.683" activeThreads="8">
  <mem-info id="303" free="2729336" total="9633792" percent="28">
    <mem type="tenure" free="2729336" total="9633792" percent="28">
      <mem type="soa" free="2633080" total="9537536" percent="27" />
      <mem type="loa" free="96256" total="96256" percent="100" />
    </mem>
  </mem-info>
</gc-end>
<cycle-end id="304" type="global" contextid="294" timestamp="2019-09-21T20:33:52.683" />
  <attribute name="elasticGC enabled" value="1" />
  <attribute name= "numThreadsSpecified" value="8" />
  <attribute name="heapSize specified" value="9568256" />
  <attribute name="Current GC Util" value="105" />
  <attribute name= "Current Time Running" value="24435" />
  <attribute name ="GC Interval" value="0" />
  <attribute name="Target GC Util Change" value ="40.000000" />
  <attribute name="Current GC Util Change" value="105.000000"/>
  <attribute name="Current Error" value="-402.000000" />
  <attribute name="Output H" value="9605864"/>
  <attribute name="Output I" value="1768"/>
  <attribute name="Output T" value="8"/>
  <attribute name= "Current Time Running" value="24435" />
  <attribute name="GC Util currently" value="105" />
  <attribute name="CPU Util currently" value="270052088817" />
<allocation-satisfied id="305" threadId="000000000173ED00" bytesRequested="376" />
<af-end id="306" timestamp="2019-09-21T20:33:52.683" threadId="000000000173F688" success="true" />
<exclusive-end id="307" timestamp="2019-09-21T20:33:52.684" durationms="14.944" />

<exclusive-start id="308" timestamp="2019-09-21T20:33:54.689" intervalms="2020.138">
  <response-info timems="0.038" idlems="0.038" threads="0" lastid="0000000001706600" lastname="node-19" />
</exclusive-start>
<af-start id="309" threadId="0000000001706F88" totalBytesRequested="48" timestamp="2019-09-21T20:33:54.689" intervalms="2020.116" />
<cycle-start id="310" type="global" contextid="0" timestamp="2019-09-21T20:33:54.689" intervalms="2020.098" />
<gc-start id="311" type="global" contextid="310" timestamp="2019-09-21T20:33:54.689">
  <mem-info id="312" free="96256" total="9633792" percent="0">
    <mem type="tenure" free="96256" total="9633792" percent="0">
      <mem type="soa" free="0" total="9537536" percent="0" />
      <mem type="loa" free="96256" total="96256" percent="100" />
    </mem>
  </mem-info>
</gc-start>
<allocation-stats totalBytes="2652048" >
  <allocated-bytes non-tlh="0" tlh="2652048" />
  <largest-consumer threadName="node-7" threadId="0000000001720A00" bytes="143352" />
</allocation-stats>
<gc-op id="313" type="mark" timems="2.031" contextid="310" timestamp="2019-09-21T20:33:54.691">
  <trace-info objectcount="145213" scancount="135716" scanbytes="5312424" />
  <finalization candidates="13" enqueued="0" />
  <references type="soft" candidates="45" cleared="0" enqueued="0" dynamicThreshold="9" maxThreshold="32" />
  <references type="weak" candidates="143" cleared="0" enqueued="0" />
  <references type="phantom" candidates="57" cleared="0" enqueued="0" />
  <stringconstants candidates="3838" cleared="0"  />
</gc-op>
<gc-op id="314" type="sweep" timems="0.320" contextid="310" timestamp="2019-09-21T20:33:54.692" />
<mem-info id="315" free="2747216" total="9633792" percent="28">
  <mem type="tenure" free="2747216" total="9633792" percent="28" micro-fragmented="0" macro-fragmented="9100">
    <mem type="soa" free="2650960" total="9537536" percent="27" />
    <mem type="loa" free="96256" total="96256" percent="100" />
  </mem>
</mem-info>
<gc-op id="316" type="compact" timems="7.505" contextid="310" timestamp="2019-09-21T20:33:54.699">
  <compact-info movecount="2010" movebytes="53856" reason="compact to aid heap contraction" />
</gc-op>
<heap-resize id="317" type="expand" space="tenure" amount="65536" count="1" timems="0.014" reason="satisfy allocation request" timestamp="2019-09-21T20:33:54.700" />
<gc-end id="318" type="global" contextid="310" durationms="10.572" usertimems="16.000" systemtimems="0.000" timestamp="2019-09-21T20:33:54.700" activeThreads="8">
  <mem-info id="319" free="2800368" total="9699328" percent="28">
    <mem type="tenure" free="2800368" total="9699328" percent="28">
      <mem type="soa" free="2704112" total="9603072" percent="28" />
      <mem type="loa" free="96256" total="96256" percent="100" />
    </mem>
  </mem-info>
</gc-end>
<cycle-end id="320" type="global" contextid="310" timestamp="2019-09-21T20:33:54.700" />
  <attribute name="elasticGC enabled" value="1" />
  <attribute name= "numThreadsSpecified" value="8" />
  <attribute name="heapSize specified" value="9633792" />
  <attribute name="Current GC Util" value="15" />
  <attribute name= "Current Time Running" value="26452" />
  <attribute name ="GC Interval" value="0" />
  <attribute name="Target GC Util Change" value ="40.000000" />
  <attribute name="Current GC Util Change" value="15.000000"/>
  <attribute name="Current Error" value="-244.000000" />
  <attribute name="Output H" value="9671496"/>
  <attribute name="Output I" value="1864"/>
  <attribute name="Output T" value="8"/>
  <attribute name= "Current Time Running" value="26452" />
  <attribute name="GC Util currently" value="15" />
  <attribute name="CPU Util currently" value="303026157544" />
<allocation-satisfied id="321" threadId="0000000001706600" bytesRequested="48" />
<af-end id="322" timestamp="2019-09-21T20:33:54.700" threadId="0000000001706F88" success="true" />
<exclusive-end id="323" timestamp="2019-09-21T20:33:54.700" durationms="11.145" />

<exclusive-start id="324" timestamp="2019-09-21T20:33:56.370" intervalms="1681.131">
  <response-info timems="0.175" idlems="0.096" threads="1" lastid="00000000016EC300" lastname="node-9" />
</exclusive-start>
<af-start id="325" threadId="000000000172FB88" totalBytesRequested="16" timestamp="2019-09-21T20:33:56.370" intervalms="1681.145" />
<cycle-start id="326" type="global" contextid="0" timestamp="2019-09-21T20:33:56.370" intervalms="1681.157" />
<gc-start id="327" type="global" contextid="326" timestamp="2019-09-21T20:33:56.370">
  <mem-info id="328" free="96256" total="9699328" percent="0">
    <mem type="tenure" free="96256" total="9699328" percent="0">
      <mem type="soa" free="0" total="9603072" percent="0" />
      <mem type="loa" free="96256" total="96256" percent="100" />
    </mem>
  </mem-info>
</gc-start>
<allocation-stats totalBytes="2723368" >
  <allocated-bytes non-tlh="0" tlh="2723368" />
  <largest-consumer threadName="node-23" threadId="000000000171CE00" bytes="143336" />
</allocation-stats>
<gc-op id="329" type="mark" timems="3.188" contextid="326" timestamp="2019-09-21T20:33:56.374">
  <trace-info objectcount="145210" scancount="135694" scanbytes="5311912" />
  <finalization candidates="13" enqueued="0" />
  <references type="soft" candidates="45" cleared="0" enqueued="0" dynamicThreshold="9" maxThreshold="32" />
  <references type="weak" candidates="143" cleared="0" enqueued="0" />
  <references type="phantom" candidates="57" cleared="0" enqueued="0" />
  <stringconstants candidates="3838" cleared="0"  />
</gc-op>
<gc-op id="330" type="sweep" timems="0.880" contextid="326" timestamp="2019-09-21T20:33:56.374" />
<mem-info id="331" free="2813984" total="9699328" percent="29">
  <mem type="tenure" free="2813984" total="9699328" percent="29" micro-fragmented="0" macro-fragmented="0">
    <mem type="soa" free="2717728" total="9603072" percent="28" />
    <mem type="loa" free="96256" total="96256" percent="100" />
  </mem>
</mem-info>
<gc-op id="332" type="compact" timems="9.169" contextid="326" timestamp="2019-09-21T20:33:56.384">
  <compact-info movecount="2007" movebytes="56488" reason="compact to aid heap contraction" />
</gc-op>
<heap-resize id="333" type="expand" space="tenure" amount="65536" count="1" timems="0.016" reason="satisfy allocation request" timestamp="2019-09-21T20:33:56.385" />
<gc-end id="334" type="global" contextid="326" durationms="14.615" usertimems="20.000" systemtimems="8.000" timestamp="2019-09-21T20:33:56.385" activeThreads="8">
  <mem-info id="335" free="2863272" total="9764864" percent="29">
    <mem type="tenure" free="2863272" total="9764864" percent="29">
      <mem type="soa" free="2765992" total="9667584" percent="28" />
      <mem type="loa" free="97280" total="97280" percent="100" />
    </mem>
  </mem-info>
</gc-end>
<cycle-end id="336" type="global" contextid="326" timestamp="2019-09-21T20:33:56.385" />
  <attribute name="elasticGC enabled" value="1" />
  <attribute name= "numThreadsSpecified" value="8" />
  <attribute name="heapSize specified" value="9699328" />
  <attribute name="Current GC Util" value="46" />
  <attribute name= "Current Time Running" value="28137" />
  <attribute name ="GC Interval" value="0" />
  <attribute name="Target GC Util Change" value ="40.000000" />
  <attribute name="Current GC Util Change" value="46.000000"/>
  <attribute name="Current Error" value="-6.000000" />
  <attribute name="Output H" value="9737168"/>
  <attribute name="Output I" value="2000"/>
  <attribute name="Output T" value="8"/>
  <attribute name= "Current Time Running" value="28137" />
  <attribute name="GC Util currently" value="46" />
  <attribute name="CPU Util currently" value="246217222413" />
<allocation-satisfied id="337" threadId="000000000172F200" bytesRequested="16" />
<af-end id="338" timestamp="2019-09-21T20:33:56.385" threadId="000000000172FB88" success="true" />
<exclusive-end id="339" timestamp="2019-09-21T20:33:56.386" durationms="15.573" />

<exclusive-start id="340" timestamp="2019-09-21T20:33:58.321" intervalms="1950.865">
  <response-info timems="0.044" idlems="0.044" threads="0" lastid="000000000172F200" lastname="node-25" />
</exclusive-start>
<af-start id="341" threadId="000000000172FB88" totalBytesRequested="24" timestamp="2019-09-21T20:33:58.321" intervalms="1950.859" />
<cycle-start id="342" type="global" contextid="0" timestamp="2019-09-21T20:33:58.321" intervalms="1950.852" />
<gc-start id="343" type="global" contextid="342" timestamp="2019-09-21T20:33:58.321">
  <mem-info id="344" free="97280" total="9764864" percent="0">
    <mem type="tenure" free="97280" total="9764864" percent="0">
      <mem type="soa" free="0" total="9667584" percent="0" />
      <mem type="loa" free="97280" total="97280" percent="100" />
    </mem>
  </mem-info>
</gc-start>
<allocation-stats totalBytes="2785656" >
  <allocated-bytes non-tlh="0" tlh="2785656" />
  <largest-consumer threadName="node-19" threadId="0000000001706600" bytes="143352" />
</allocation-stats>
<gc-op id="345" type="mark" timems="3.608" contextid="342" timestamp="2019-09-21T20:33:58.325">
  <trace-info objectcount="145172" scancount="135663" scanbytes="5311192" />
  <finalization candidates="13" enqueued="0" />
  <references type="soft" candidates="45" cleared="0" enqueued="0" dynamicThreshold="9" maxThreshold="32" />
  <references type="weak" candidates="143" cleared="0" enqueued="0" />
  <references type="phantom" candidates="57" cleared="0" enqueued="0" />
  <stringconstants candidates="3838" cleared="0"  />
</gc-op>
<gc-op id="346" type="sweep" timems="0.760" contextid="342" timestamp="2019-09-21T20:33:58.326" />
<mem-info id="347" free="2883784" total="9764864" percent="29">
  <mem type="tenure" free="2883784" total="9764864" percent="29" micro-fragmented="0" macro-fragmented="0">
    <mem type="soa" free="2786504" total="9667584" percent="28" />
    <mem type="loa" free="97280" total="97280" percent="100" />
  </mem>
</mem-info>
<gc-op id="348" type="compact" timems="11.116" contextid="342" timestamp="2019-09-21T20:33:58.337">
  <compact-info movecount="1969" movebytes="50480" reason="compact to aid heap contraction" />
</gc-op>
<heap-resize id="349" type="expand" space="tenure" amount="65536" count="1" timems="0.016" reason="satisfy allocation request" timestamp="2019-09-21T20:33:58.338" />
<gc-end id="350" type="global" contextid="342" durationms="16.964" usertimems="28.000" systemtimems="0.000" timestamp="2019-09-21T20:33:58.338" activeThreads="8">
  <mem-info id="351" free="2934816" total="9830400" percent="29">
    <mem type="tenure" free="2934816" total="9830400" percent="29">
      <mem type="soa" free="2836512" total="9732096" percent="29" />
      <mem type="loa" free="98304" total="98304" percent="100" />
    </mem>
  </mem-info>
</gc-end>
<cycle-end id="352" type="global" contextid="342" timestamp="2019-09-21T20:33:58.338" />
  <attribute name="elasticGC enabled" value="1" />
  <attribute name= "numThreadsSpecified" value="8" />
  <attribute name="heapSize specified" value="9764864" />
  <attribute name="Current GC Util" value="59" />
  <attribute name= "Current Time Running" value="30090" />
  <attribute name ="GC Interval" value="0" />
  <attribute name="Target GC Util Change" value ="40.000000" />
  <attribute name="Current GC Util Change" value="59.000000"/>
  <attribute name="Current Error" value="-294.000000" />
  <attribute name="Output H" value="9802536"/>
  <attribute name="Output I" value="1832"/>
  <attribute name="Output T" value="8"/>
  <attribute name= "Current Time Running" value="30090" />
  <attribute name="GC Util currently" value="59" />
  <attribute name="CPU Util currently" value="204874460564" />
<allocation-satisfied id="353" threadId="000000000172F200" bytesRequested="24" />
<af-end id="354" timestamp="2019-09-21T20:33:58.339" threadId="000000000172FB88" success="true" />
<exclusive-end id="355" timestamp="2019-09-21T20:33:58.339" durationms="17.969" />

<exclusive-start id="356" timestamp="2019-09-21T20:34:00.367" intervalms="2046.487">
  <response-info timems="0.049" idlems="0.049" threads="0" lastid="00000000016F3B00" lastname="node-21" />
</exclusive-start>
<af-start id="357" threadId="00000000016F4488" totalBytesRequested="368" timestamp="2019-09-21T20:34:00.367" intervalms="2046.493" />
<cycle-start id="358" type="global" contextid="0" timestamp="2019-09-21T20:34:00.368" intervalms="2046.496" />
<gc-start id="359" type="global" contextid="358" timestamp="2019-09-21T20:34:00.368">
  <mem-info id="360" free="98304" total="9830400" percent="1">
    <mem type="tenure" free="98304" total="9830400" percent="1">
      <mem type="soa" free="0" total="9732096" percent="0" />
      <mem type="loa" free="98304" total="98304" percent="100" />
    </mem>
  </mem-info>
</gc-start>
<allocation-stats totalBytes="2853936" >
  <allocated-bytes non-tlh="0" tlh="2853936" />
  <largest-consumer threadName="node-2" threadId="000000000172FD00" bytes="143344" />
</allocation-stats>
<gc-op id="361" type="mark" timems="2.189" contextid="358" timestamp="2019-09-21T20:34:00.370">
  <trace-info objectcount="145159" scancount="135650" scanbytes="5310736" />
  <finalization candidates="13" enqueued="0" />
  <references type="soft" candidates="45" cleared="0" enqueued="0" dynamicThreshold="9" maxThreshold="32" />
  <references type="weak" candidates="143" cleared="0" enqueued="0" />
  <references type="phantom" candidates="57" cleared="0" enqueued="0" />
  <stringconstants candidates="3838" cleared="0"  />
</gc-op>
<gc-op id="362" type="sweep" timems="0.269" contextid="358" timestamp="2019-09-21T20:34:00.370" />
<mem-info id="363" free="2938480" total="9830400" percent="29">
  <mem type="tenure" free="2938480" total="9830400" percent="29" micro-fragmented="0" macro-fragmented="0">
    <mem type="soa" free="2840176" total="9732096" percent="29" />
    <mem type="loa" free="98304" total="98304" percent="100" />
  </mem>
</mem-info>
<gc-op id="364" type="compact" timems="7.665" contextid="358" timestamp="2019-09-21T20:34:00.378">
  <compact-info movecount="1956" movebytes="52272" reason="compact to aid heap contraction" />
</gc-op>
<heap-resize id="365" type="expand" space="tenure" amount="65536" count="1" timems="0.015" reason="satisfy allocation request" timestamp="2019-09-21T20:34:00.379" />
<gc-end id="366" type="global" contextid="358" durationms="11.099" usertimems="8.000" systemtimems="12.000" timestamp="2019-09-21T20:34:00.379" activeThreads="8">
  <mem-info id="367" free="2998560" total="9895936" percent="30">
    <mem type="tenure" free="2998560" total="9895936" percent="30">
      <mem type="soa" free="2900256" total="9797632" percent="29" />
      <mem type="loa" free="98304" total="98304" percent="100" />
    </mem>
  </mem-info>
</gc-end>
<cycle-end id="368" type="global" contextid="358" timestamp="2019-09-21T20:34:00.379" />
  <attribute name="elasticGC enabled" value="1" />
  <attribute name= "numThreadsSpecified" value="8" />
  <attribute name="heapSize specified" value="9830400" />
  <attribute name="Current GC Util" value="16" />
  <attribute name= "Current Time Running" value="32131" />
  <attribute name ="GC Interval" value="0" />
  <attribute name="Target GC Util Change" value ="40.000000" />
  <attribute name="Current GC Util Change" value="16.000000"/>
  <attribute name="Current Error" value="-220.000000" />
  <attribute name="Output H" value="9868120"/>
  <attribute name="Output I" value="1880"/>
  <attribute name="Output T" value="8"/>
  <attribute name= "Current Time Running" value="32131" />
  <attribute name="GC Util currently" value="16" />
  <attribute name="CPU Util currently" value="294605528135" />
<allocation-satisfied id="369" threadId="00000000016F3B00" bytesRequested="368" />
<af-end id="370" timestamp="2019-09-21T20:34:00.379" threadId="00000000016F4488" success="true" />
<exclusive-end id="371" timestamp="2019-09-21T20:34:00.379" durationms="11.837" />

<exclusive-start id="372" timestamp="2019-09-21T20:34:02.390" intervalms="2022.850">
  <response-info timems="0.039" idlems="0.039" threads="0" lastid="0000000001742900" lastname="node-5" />
</exclusive-start>
<af-start id="373" threadId="0000000001743288" totalBytesRequested="720" timestamp="2019-09-21T20:34:02.390" intervalms="2022.850" />
<cycle-start id="374" type="global" contextid="0" timestamp="2019-09-21T20:34:02.390" intervalms="2022.850" />
<gc-start id="375" type="global" contextid="374" timestamp="2019-09-21T20:34:02.390">
  <mem-info id="376" free="98304" total="9895936" percent="0">
    <mem type="tenure" free="98304" total="9895936" percent="0">
      <mem type="soa" free="0" total="9797632" percent="0" />
      <mem type="loa" free="98304" total="98304" percent="100" />
    </mem>
  </mem-info>
</gc-start>
<allocation-stats totalBytes="2918824" >
  <allocated-bytes non-tlh="0" tlh="2918824" />
  <largest-consumer threadName="node-12" threadId="0000000001724600" bytes="143336" />
</allocation-stats>
<gc-op id="377" type="mark" timems="2.902" contextid="374" timestamp="2019-09-21T20:34:02.393">
  <trace-info objectcount="145160" scancount="135634" scanbytes="5310448" />
  <finalization candidates="13" enqueued="0" />
  <references type="soft" candidates="45" cleared="0" enqueued="0" dynamicThreshold="9" maxThreshold="32" />
  <references type="weak" candidates="143" cleared="0" enqueued="0" />
  <references type="phantom" candidates="57" cleared="0" enqueued="0" />
  <stringconstants candidates="3838" cleared="0"  />
</gc-op>
<gc-op id="378" type="sweep" timems="0.810" contextid="374" timestamp="2019-09-21T20:34:02.394" />
<mem-info id="379" free="2988608" total="9895936" percent="30">
  <mem type="tenure" free="2988608" total="9895936" percent="30" micro-fragmented="0" macro-fragmented="0">
    <mem type="soa" free="2890304" total="9797632" percent="29" />
    <mem type="loa" free="98304" total="98304" percent="100" />
  </mem>
</mem-info>
<gc-op id="380" type="compact" timems="10.113" contextid="374" timestamp="2019-09-21T20:34:02.405">
  <compact-info movecount="1957" movebytes="62952" reason="compact to aid heap contraction" />
</gc-op>
<heap-resize id="381" type="expand" space="tenure" amount="65536" count="1" timems="0.017" reason="satisfy allocation request" timestamp="2019-09-21T20:34:02.406" />
<gc-end id="382" type="global" contextid="374" durationms="15.269" usertimems="28.000" systemtimems="0.000" timestamp="2019-09-21T20:34:02.406" activeThreads="8">
  <mem-info id="383" free="3053416" total="9961472" percent="30">
    <mem type="tenure" free="3053416" total="9961472" percent="30">
      <mem type="soa" free="2954088" total="9862144" percent="29" />
      <mem type="loa" free="99328" total="99328" percent="100" />
    </mem>
  </mem-info>
</gc-end>
<cycle-end id="384" type="global" contextid="374" timestamp="2019-09-21T20:34:02.406" />
  <attribute name="elasticGC enabled" value="1" />
  <attribute name= "numThreadsSpecified" value="8" />
  <attribute name="heapSize specified" value="9895936" />
  <attribute name="Current GC Util" value="66" />
  <attribute name= "Current Time Running" value="34158" />
  <attribute name ="GC Interval" value="0" />
  <attribute name="Target GC Util Change" value ="40.000000" />
  <attribute name="Current GC Util Change" value="66.000000"/>
  <attribute name="Current Error" value="-26.000000" />
  <attribute name="Output H" value="9933768"/>
  <attribute name="Output I" value="1992"/>
  <attribute name="Output T" value="8"/>
  <attribute name= "Current Time Running" value="34158" />
  <attribute name="GC Util currently" value="66" />
  <attribute name="CPU Util currently" value="223911556453" />
<allocation-satisfied id="385" threadId="0000000001742900" bytesRequested="720" />
<af-end id="386" timestamp="2019-09-21T20:34:02.406" threadId="0000000001743288" success="true" />
<exclusive-end id="387" timestamp="2019-09-21T20:34:02.406" durationms="16.084" />

<exclusive-start id="388" timestamp="2019-09-21T20:34:04.518" intervalms="2127.926">
  <response-info timems="0.054" idlems="0.054" threads="0" lastid="00000000016E4B00" lastname="node-0" />
</exclusive-start>
<af-start id="389" threadId="00000000016E5488" totalBytesRequested="24" timestamp="2019-09-21T20:34:04.518" intervalms="2127.944" />
<cycle-start id="390" type="global" contextid="0" timestamp="2019-09-21T20:34:04.518" intervalms="2127.956" />
<gc-start id="391" type="global" contextid="390" timestamp="2019-09-21T20:34:04.518">
  <mem-info id="392" free="99328" total="9961472" percent="0">
    <mem type="tenure" free="99328" total="9961472" percent="0">
      <mem type="soa" free="0" total="9862144" percent="0" />
      <mem type="loa" free="99328" total="99328" percent="100" />
    </mem>
  </mem-info>
</gc-start>
<allocation-stats totalBytes="2970848" >
  <allocated-bytes non-tlh="0" tlh="2970848" />
  <largest-consumer threadName="node-21" threadId="00000000016F3B00" bytes="143344" />
</allocation-stats>
<gc-op id="393" type="mark" timems="3.125" contextid="390" timestamp="2019-09-21T20:34:04.522">
  <trace-info objectcount="145066" scancount="135582" scanbytes="5309232" />
  <finalization candidates="13" enqueued="0" />
  <references type="soft" candidates="45" cleared="0" enqueued="0" dynamicThreshold="9" maxThreshold="32" />
  <references type="weak" candidates="143" cleared="0" enqueued="0" />
  <references type="phantom" candidates="57" cleared="0" enqueued="0" />
  <stringconstants candidates="3838" cleared="0"  />
</gc-op>
<gc-op id="394" type="sweep" timems="0.823" contextid="390" timestamp="2019-09-21T20:34:04.523" />
<mem-info id="395" free="3091112" total="9961472" percent="31">
  <mem type="tenure" free="3091112" total="9961472" percent="31" micro-fragmented="0" macro-fragmented="0">
    <mem type="soa" free="2991784" total="9862144" percent="30" />
    <mem type="loa" free="99328" total="99328" percent="100" />
  </mem>
</mem-info>
<gc-op id="396" type="compact" timems="9.593" contextid="390" timestamp="2019-09-21T20:34:04.533">
  <compact-info movecount="1863" movebytes="44160" reason="compact to aid heap contraction" />
</gc-op>
<heap-resize id="397" type="expand" space="tenure" amount="65536" count="1" timems="0.015" reason="satisfy allocation request" timestamp="2019-09-21T20:34:04.533" />
<gc-end id="398" type="global" contextid="390" durationms="14.819" usertimems="28.000" systemtimems="0.000" timestamp="2019-09-21T20:34:04.533" activeThreads="8">
  <mem-info id="399" free="3137744" total="10027008" percent="31">
    <mem type="tenure" free="3137744" total="10027008" percent="31">
      <mem type="soa" free="3038416" total="9927680" percent="30" />
      <mem type="loa" free="99328" total="99328" percent="100" />
    </mem>
  </mem-info>
</gc-end>
<cycle-end id="400" type="global" contextid="390" timestamp="2019-09-21T20:34:04.533" />
  <attribute name="elasticGC enabled" value="1" />
  <attribute name= "numThreadsSpecified" value="8" />
  <attribute name="heapSize specified" value="9961472" />
  <attribute name="Current GC Util" value="50" />
  <attribute name= "Current Time Running" value="36286" />
  <attribute name ="GC Interval" value="0" />
  <attribute name="Target GC Util Change" value ="40.000000" />
  <attribute name="Current GC Util Change" value="50.000000"/>
  <attribute name="Current Error" value="-382.000000" />
  <attribute name="Output H" value="9999096"/>
  <attribute name="Output I" value="1784"/>
  <attribute name="Output T" value="8"/>
  <attribute name= "Current Time Running" value="36286" />
  <attribute name="GC Util currently" value="50" />
  <attribute name="CPU Util currently" value="235525242696" />
<allocation-satisfied id="401" threadId="00000000016E4B00" bytesRequested="24" />
<af-end id="402" timestamp="2019-09-21T20:34:04.534" threadId="00000000016E5488" success="true" />
<exclusive-end id="403" timestamp="2019-09-21T20:34:04.534" durationms="15.831" />

<exclusive-start id="404" timestamp="2019-09-21T20:34:06.404" intervalms="1885.956">
  <response-info timems="0.042" idlems="0.042" threads="0" lastid="00000000016E8700" lastname="node-3" />
</exclusive-start>
<af-start id="405" threadId="00000000016E9088" totalBytesRequested="32" timestamp="2019-09-21T20:34:06.404" intervalms="1885.942" />
<cycle-start id="406" type="global" contextid="0" timestamp="2019-09-21T20:34:06.404" intervalms="1885.930" />
<gc-start id="407" type="global" contextid="406" timestamp="2019-09-21T20:34:06.404">
  <mem-info id="408" free="99328" total="10027008" percent="0">
    <mem type="tenure" free="99328" total="10027008" percent="0">
      <mem type="soa" free="0" total="9927680" percent="0" />
      <mem type="loa" free="99328" total="99328" percent="100" />
    </mem>
  </mem-info>
</gc-start>
<allocation-stats totalBytes="3056536" >
  <allocated-bytes non-tlh="0" tlh="3056536" />
  <largest-consumer threadName="node-25" threadId="000000000172F200" bytes="143344" />
</allocation-stats>
<gc-op id="409" type="mark" timems="3.545" contextid="406" timestamp="2019-09-21T20:34:06.408">
  <trace-info objectcount="145043" scancount="135560" scanbytes="5308680" />
  <finalization candidates="13" enqueued="0" />
  <references type="soft" candidates="45" cleared="0" enqueued="0" dynamicThreshold="10" maxThreshold="32" />
  <references type="weak" candidates="143" cleared="0" enqueued="0" />
  <references type="phantom" candidates="57" cleared="0" enqueued="0" />
  <stringconstants candidates="3838" cleared="0"  />
</gc-op>
<gc-op id="410" type="sweep" timems="0.888" contextid="406" timestamp="2019-09-21T20:34:06.409" />
<mem-info id="411" free="3150584" total="10027008" percent="31">
  <mem type="tenure" free="3150584" total="10027008" percent="31" micro-fragmented="0" macro-fragmented="18870">
    <mem type="soa" free="3051256" total="9927680" percent="30" />
    <mem type="loa" free="99328" total="99328" percent="100" />
  </mem>
</mem-info>
<gc-op id="412" type="compact" timems="9.609" contextid="406" timestamp="2019-09-21T20:34:06.419">
  <compact-info movecount="1840" movebytes="43608" reason="compact to aid heap contraction" />
</gc-op>
<heap-resize id="413" type="expand" space="tenure" amount="65536" count="1" timems="0.016" reason="satisfy allocation request" timestamp="2019-09-21T20:34:06.420" />
<gc-end id="414" type="global" contextid="406" durationms="15.528" usertimems="28.000" systemtimems="0.000" timestamp="2019-09-21T20:34:06.420" activeThreads="8">
  <mem-info id="415" free="3203832" total="10092544" percent="31">
    <mem type="tenure" free="3203832" total="10092544" percent="31">
      <mem type="soa" free="3103480" total="9992192" percent="31" />
      <mem type="loa" free="100352" total="100352" percent="100" />
    </mem>
  </mem-info>
</gc-end>
<cycle-end id="416" type="global" contextid="406" timestamp="2019-09-21T20:34:06.420" />
  <attribute name="elasticGC enabled" value="1" />
  <attribute name= "numThreadsSpecified" value="8" />
  <attribute name="heapSize specified" value="10027008" />
  <attribute name="Current GC Util" value="110" />
  <attribute name= "Current Time Running" value="38172" />
  <attribute name ="GC Interval" value="0" />
  <attribute name="Target GC Util Change" value ="40.000000" />
  <attribute name="Current GC Util Change" value="110.000000"/>
  <attribute name="Current Error" value="-478.000000" />
  <attribute name="Output H" value="10064576"/>
  <attribute name="Output I" value="1728"/>
  <attribute name="Output T" value="8"/>
  <attribute name= "Current Time Running" value="38172" />
  <attribute name="GC Util currently" value="110" />
  <attribute name="CPU Util currently" value="235331044717" />
<allocation-satisfied id="417" threadId="00000000016E8700" bytesRequested="32" />
<af-end id="418" timestamp="2019-09-21T20:34:06.420" threadId="00000000016E9088" success="true" />
<exclusive-end id="419" timestamp="2019-09-21T20:34:06.421" durationms="16.615" />

<exclusive-start id="420" timestamp="2019-09-21T20:34:08.431" intervalms="2026.696">
  <response-info timems="0.216" idlems="0.201" threads="3" lastid="00000000016EC300" lastname="node-9" />
</exclusive-start>
<af-start id="421" threadId="00000000016E9088" totalBytesRequested="16" timestamp="2019-09-21T20:34:08.431" intervalms="2026.714" />
<cycle-start id="422" type="global" contextid="0" timestamp="2019-09-21T20:34:08.431" intervalms="2026.738" />
<gc-start id="423" type="global" contextid="422" timestamp="2019-09-21T20:34:08.431">
  <mem-info id="424" free="100352" total="10092544" percent="0">
    <mem type="tenure" free="100352" total="10092544" percent="0">
      <mem type="soa" free="0" total="9992192" percent="0" />
      <mem type="loa" free="100352" total="100352" percent="100" />
    </mem>
  </mem-info>
</gc-start>
<allocation-stats totalBytes="3117960" >
  <allocated-bytes non-tlh="0" tlh="3117960" />
  <largest-consumer threadName="node-20" threadId="000000000173ED00" bytes="143328" />
</allocation-stats>
<gc-op id="425" type="mark" timems="3.629" contextid="422" timestamp="2019-09-21T20:34:08.435">
  <trace-info objectcount="145081" scancount="135554" scanbytes="5308552" />
  <finalization candidates="13" enqueued="0" />
  <references type="soft" candidates="45" cleared="0" enqueued="0" dynamicThreshold="10" maxThreshold="32" />
  <references type="weak" candidates="143" cleared="0" enqueued="0" />
  <references type="phantom" candidates="57" cleared="0" enqueued="0" />
  <stringconstants candidates="3838" cleared="0"  />
</gc-op>
<gc-op id="426" type="sweep" timems="1.232" contextid="422" timestamp="2019-09-21T20:34:08.436" />
<mem-info id="427" free="3188216" total="10092544" percent="31">
  <mem type="tenure" free="3188216" total="10092544" percent="31" micro-fragmented="0" macro-fragmented="0">
    <mem type="soa" free="3087864" total="9992192" percent="30" />
    <mem type="loa" free="100352" total="100352" percent="100" />
  </mem>
</mem-info>
<gc-op id="428" type="compact" timems="11.638" contextid="422" timestamp="2019-09-21T20:34:08.448">
  <compact-info movecount="1878" movebytes="66984" reason="compact to aid heap contraction" />
</gc-op>
<heap-resize id="429" type="expand" space="tenure" amount="65536" count="1" timems="0.017" reason="satisfy allocation request" timestamp="2019-09-21T20:34:08.449" />
<gc-end id="430" type="global" contextid="422" durationms="18.285" usertimems="32.000" systemtimems="0.000" timestamp="2019-09-21T20:34:08.449" activeThreads="8">
  <mem-info id="431" free="3245992" total="10158080" percent="31">
    <mem type="tenure" free="3245992" total="10158080" percent="31">
      <mem type="soa" free="3144616" total="10056704" percent="31" />
      <mem type="loa" free="101376" total="101376" percent="100" />
    </mem>
  </mem-info>
</gc-end>
<cycle-end id="432" type="global" contextid="422" timestamp="2019-09-21T20:34:08.450" />
  <attribute name="elasticGC enabled" value="1" />
  <attribute name= "numThreadsSpecified" value="8" />
  <attribute name="heapSize specified" value="10092544" />
  <attribute name="Current GC Util" value="68" />
  <attribute name= "Current Time Running" value="40201" />
  <attribute name ="GC Interval" value="0" />
  <attribute name="Target GC Util Change" value ="40.000000" />
  <attribute name="Current GC Util Change" value="68.000000"/>
  <attribute name="Current Error" value="-28.000000" />
  <attribute name="Output H" value="10130368"/>
  <attribute name="Output I" value="1984"/>
  <attribute name="Output T" value="8"/>
  <attribute name= "Current Time Running" value="40201" />
  <attribute name="GC Util currently" value="68" />
  <attribute name="CPU Util currently" value="194514617859" />
<allocation-satisfied id="433" threadId="00000000016E8700" bytesRequested="16" />
<af-end id="434" timestamp="2019-09-21T20:34:08.450" threadId="00000000016E9088" success="true" />
<exclusive-end id="435" timestamp="2019-09-21T20:34:08.450" durationms="19.270" />

<exclusive-start id="436" timestamp="2019-09-21T20:34:10.367" intervalms="1936.156">
  <response-info timems="0.072" idlems="0.072" threads="0" lastid="0000000001742900" lastname="node-5" />
</exclusive-start>
<af-start id="437" threadId="0000000001743288" totalBytesRequested="136" timestamp="2019-09-21T20:34:10.367" intervalms="1936.144" />
<cycle-start id="438" type="global" contextid="0" timestamp="2019-09-21T20:34:10.367" intervalms="1936.129" />
<gc-start id="439" type="global" contextid="438" timestamp="2019-09-21T20:34:10.367">
  <mem-info id="440" free="101376" total="10158080" percent="0">
    <mem type="tenure" free="101376" total="10158080" percent="0">
      <mem type="soa" free="0" total="10056704" percent="0" />
      <mem type="loa" free="101376" total="101376" percent="100" />
    </mem>
  </mem-info>
</gc-start>
<allocation-stats totalBytes="3161664" >
  <allocated-bytes non-tlh="0" tlh="3161664" />
  <largest-consumer threadName="node-15" threadId="0000000001711A00" bytes="143352" />
</allocation-stats>
<gc-op id="441" type="mark" timems="2.141" contextid="438" timestamp="2019-09-21T20:34:10.369">
  <trace-info objectcount="145019" scancount="135516" scanbytes="5307576" />
  <finalization candidates="13" enqueued="0" />
  <references type="soft" candidates="45" cleared="0" enqueued="0" dynamicThreshold="10" maxThreshold="32" />
  <references type="weak" candidates="143" cleared="0" enqueued="0" />
  <references type="phantom" candidates="57" cleared="0" enqueued="0" />
  <stringconstants candidates="3838" cleared="0"  />
</gc-op>
<gc-op id="442" type="sweep" timems="0.308" contextid="438" timestamp="2019-09-21T20:34:10.370" />
<mem-info id="443" free="3283640" total="10158080" percent="32">
  <mem type="tenure" free="3283640" total="10158080" percent="32" micro-fragmented="0" macro-fragmented="0">
    <mem type="soa" free="3182264" total="10056704" percent="31" />
    <mem type="loa" free="101376" total="101376" percent="100" />
  </mem>
</mem-info>
<gc-op id="444" type="compact" timems="7.370" contextid="438" timestamp="2019-09-21T20:34:10.377">
  <compact-info movecount="1816" movebytes="46592" reason="compact to aid heap contraction" />
</gc-op>
<heap-resize id="445" type="expand" space="tenure" amount="65536" count="1" timems="0.017" reason="satisfy allocation request" timestamp="2019-09-21T20:34:10.378" />
<gc-end id="446" type="global" contextid="438" durationms="10.589" usertimems="12.000" systemtimems="4.000" timestamp="2019-09-21T20:34:10.378" activeThreads="8">
  <mem-info id="447" free="3331920" total="10223616" percent="32">
    <mem type="tenure" free="3331920" total="10223616" percent="32">
      <mem type="soa" free="3230544" total="10122240" percent="31" />
      <mem type="loa" free="101376" total="101376" percent="100" />
    </mem>
  </mem-info>
</gc-end>
<cycle-end id="448" type="global" contextid="438" timestamp="2019-09-21T20:34:10.378" />
  <attribute name="elasticGC enabled" value="1" />
  <attribute name= "numThreadsSpecified" value="8" />
  <attribute name="heapSize specified" value="10158080" />
  <attribute name="Current GC Util" value="16" />
  <attribute name= "Current Time Running" value="42130" />
  <attribute name ="GC Interval" value="0" />
  <attribute name="Target GC Util Change" value ="40.000000" />
  <attribute name="Current GC Util Change" value="16.000000"/>
  <attribute name="Current Error" value="-224.000000" />
  <attribute name="Output H" value="10195792"/>
  <attribute name="Output I" value="1872"/>
  <attribute name="Output T" value="8"/>
  <attribute name= "Current Time Running" value="42130" />
  <attribute name="GC Util currently" value="16" />
  <attribute name="CPU Util currently" value="307702562191" />
<allocation-satisfied id="449" threadId="0000000001742900" bytesRequested="136" />
<af-end id="450" timestamp="2019-09-21T20:34:10.378" threadId="0000000001743288" success="true" />
<exclusive-end id="451" timestamp="2019-09-21T20:34:10.378" durationms="11.176" />

<exclusive-start id="452" timestamp="2019-09-21T20:34:12.690" intervalms="2323.163">
  <response-info timems="0.047" idlems="0.047" threads="0" lastid="00000000016E4B00" lastname="node-0" />
</exclusive-start>
<af-start id="453" threadId="00000000016E5488" totalBytesRequested="24" timestamp="2019-09-21T20:34:12.690" intervalms="2323.149" />
<cycle-start id="454" type="global" contextid="0" timestamp="2019-09-21T20:34:12.690" intervalms="2323.140" />
<gc-start id="455" type="global" contextid="454" timestamp="2019-09-21T20:34:12.690">
  <mem-info id="456" free="101376" total="10223616" percent="0">
    <mem type="tenure" free="101376" total="10223616" percent="0">
      <mem type="soa" free="0" total="10122240" percent="0" />
      <mem type="loa" free="101376" total="101376" percent="100" />
    </mem>
  </mem-info>
</gc-start>
<allocation-stats totalBytes="3245664" >
  <allocated-bytes non-tlh="0" tlh="3245664" />
  <largest-consumer threadName="node-7" threadId="0000000001720A00" bytes="143328" />
</allocation-stats>
<gc-op id="457" type="mark" timems="4.040" contextid="454" timestamp="2019-09-21T20:34:12.694">
  <trace-info objectcount="144966" scancount="135482" scanbytes="5306832" />
  <finalization candidates="13" enqueued="0" />
  <references type="soft" candidates="45" cleared="0" enqueued="0" dynamicThreshold="10" maxThreshold="32" />
  <references type="weak" candidates="143" cleared="0" enqueued="0" />
  <references type="phantom" candidates="57" cleared="0" enqueued="0" />
  <stringconstants candidates="3838" cleared="0"  />
</gc-op>
<gc-op id="458" type="sweep" timems="0.963" contextid="454" timestamp="2019-09-21T20:34:12.696" />
<mem-info id="459" free="3354272" total="10223616" percent="32">
  <mem type="tenure" free="3354272" total="10223616" percent="32" micro-fragmented="0" macro-fragmented="8208">
    <mem type="soa" free="3252896" total="10122240" percent="32" />
    <mem type="loa" free="101376" total="101376" percent="100" />
  </mem>
</mem-info>
<gc-op id="460" type="compact" timems="10.609" contextid="454" timestamp="2019-09-21T20:34:12.706">
  <compact-info movecount="1763" movebytes="41760" reason="compact to aid heap contraction" />
</gc-op>
<heap-resize id="461" type="expand" space="tenure" amount="65536" count="1" timems="0.017" reason="satisfy allocation request" timestamp="2019-09-21T20:34:12.707" />
<gc-end id="462" type="global" contextid="454" durationms="17.258" usertimems="28.000" systemtimems="4.000" timestamp="2019-09-21T20:34:12.708" activeThreads="8">
  <mem-info id="463" free="3402288" total="10289152" percent="33">
    <mem type="tenure" free="3402288" total="10289152" percent="33">
      <mem type="soa" free="3299888" total="10186752" percent="32" />
      <mem type="loa" free="102400" total="102400" percent="100" />
    </mem>
  </mem-info>
</gc-end>
<cycle-end id="464" type="global" contextid="454" timestamp="2019-09-21T20:34:12.708" />
  <attribute name="elasticGC enabled" value="1" />
  <attribute name= "numThreadsSpecified" value="8" />
  <attribute name="heapSize specified" value="10223616" />
  <attribute name="Current GC Util" value="65" />
  <attribute name= "Current Time Running" value="44460" />
  <attribute name ="GC Interval" value="0" />
  <attribute name="Target GC Util Change" value ="40.000000" />
  <attribute name="Current GC Util Change" value="65.000000"/>
  <attribute name="Current Error" value="-365.000000" />
  <attribute name="Output H" value="10261248"/>
  <attribute name="Output I" value="1792"/>
  <attribute name="Output T" value="8"/>
  <attribute name= "Current Time Running" value="44460" />
  <attribute name="GC Util currently" value="65" />
  <attribute name="CPU Util currently" value="213152516471" />
<allocation-satisfied id="465" threadId="00000000016E4B00" bytesRequested="24" />
<af-end id="466" timestamp="2019-09-21T20:34:12.708" threadId="00000000016E5488" success="true" />
<exclusive-end id="467" timestamp="2019-09-21T20:34:12.708" durationms="18.228" />

<exclusive-start id="468" timestamp="2019-09-21T20:34:15.191" intervalms="2501.152">
  <response-info timems="0.064" idlems="0.064" threads="0" lastid="00000000016EC300" lastname="node-9" />
</exclusive-start>
<af-start id="469" threadId="00000000016ECC88" totalBytesRequested="16" timestamp="2019-09-21T20:34:15.191" intervalms="2501.157" />
<cycle-start id="470" type="global" contextid="0" timestamp="2019-09-21T20:34:15.191" intervalms="2501.166" />
<gc-start id="471" type="global" contextid="470" timestamp="2019-09-21T20:34:15.191">
  <mem-info id="472" free="102400" total="10289152" percent="0">
    <mem type="tenure" free="102400" total="10289152" percent="0">
      <mem type="soa" free="0" total="10186752" percent="0" />
      <mem type="loa" free="102400" total="102400" percent="100" />
    </mem>
  </mem-info>
</gc-start>
<allocation-stats totalBytes="3316968" >
  <allocated-bytes non-tlh="0" tlh="3316968" />
  <largest-consumer threadName="node-7" threadId="0000000001720A00" bytes="165704" />
</allocation-stats>
<gc-op id="473" type="mark" timems="3.302" contextid="470" timestamp="2019-09-21T20:34:15.195">
  <trace-info objectcount="145005" scancount="135476" scanbytes="5306680" />
  <finalization candidates="13" enqueued="0" />
  <references type="soft" candidates="45" cleared="0" enqueued="0" dynamicThreshold="10" maxThreshold="32" />
  <references type="weak" candidates="143" cleared="0" enqueued="0" />
  <references type="phantom" candidates="57" cleared="0" enqueued="0" />
  <stringconstants candidates="3838" cleared="0"  />
</gc-op>
<gc-op id="474" type="sweep" timems="0.852" contextid="470" timestamp="2019-09-21T20:34:15.196" />
<mem-info id="475" free="3397568" total="10289152" percent="33">
  <mem type="tenure" free="3397568" total="10289152" percent="33" micro-fragmented="0" macro-fragmented="0">
    <mem type="soa" free="3295168" total="10186752" percent="32" />
    <mem type="loa" free="102400" total="102400" percent="100" />
  </mem>
</mem-info>
<gc-op id="476" type="compact" timems="11.104" contextid="470" timestamp="2019-09-21T20:34:15.207">
  <compact-info movecount="1802" movebytes="60024" reason="compact to aid heap contraction" />
</gc-op>
<heap-resize id="477" type="expand" space="tenure" amount="65536" count="1" timems="0.018" reason="satisfy allocation request" timestamp="2019-09-21T20:34:15.208" />
<gc-end id="478" type="global" contextid="470" durationms="16.619" usertimems="28.000" systemtimems="0.000" timestamp="2019-09-21T20:34:15.208" activeThreads="8">
  <mem-info id="479" free="3449560" total="10354688" percent="33">
    <mem type="tenure" free="3449560" total="10354688" percent="33">
      <mem type="soa" free="3346136" total="10251264" percent="32" />
      <mem type="loa" free="103424" total="103424" percent="100" />
    </mem>
  </mem-info>
</gc-end>
<cycle-end id="480" type="global" contextid="470" timestamp="2019-09-21T20:34:15.208" />
  <attribute name="elasticGC enabled" value="1" />
  <attribute name= "numThreadsSpecified" value="8" />
  <attribute name="heapSize specified" value="10289152" />
  <attribute name="Current GC Util" value="71" />
  <attribute name= "Current Time Running" value="46960" />
  <attribute name ="GC Interval" value="0" />
  <attribute name="Target GC Util Change" value ="40.000000" />
  <attribute name="Current GC Util Change" value="71.000000"/>
  <attribute name="Current Error" value="-31.000000" />
  <attribute name="Output H" value="10326976"/>
  <attribute name="Output I" value="1984"/>
  <attribute name="Output T" value="8"/>
  <attribute name= "Current Time Running" value="46960" />
  <attribute name="GC Util currently" value="71" />
  <attribute name="CPU Util currently" value="204422076267" />
<allocation-satisfied id="481" threadId="00000000016EC300" bytesRequested="16" />
<af-end id="482" timestamp="2019-09-21T20:34:15.209" threadId="00000000016ECC88" success="true" />
<exclusive-end id="483" timestamp="2019-09-21T20:34:15.209" durationms="17.347" />

<exclusive-start id="484" timestamp="2019-09-21T20:34:18.026" intervalms="2834.645">
  <response-info timems="0.050" idlems="0.046" threads="2" lastid="00000000016F3B00" lastname="node-21" />
</exclusive-start>
<af-start id="485" threadId="0000000001712388" totalBytesRequested="720" timestamp="2019-09-21T20:34:18.026" intervalms="2834.656" />
<cycle-start id="486" type="global" contextid="0" timestamp="2019-09-21T20:34:18.026" intervalms="2834.648" />
<gc-start id="487" type="global" contextid="486" timestamp="2019-09-21T20:34:18.026">
  <mem-info id="488" free="103424" total="10354688" percent="0">
    <mem type="tenure" free="103424" total="10354688" percent="0">
      <mem type="soa" free="0" total="10251264" percent="0" />
      <mem type="loa" free="103424" total="103424" percent="100" />
    </mem>
  </mem-info>
</gc-start>
<allocation-stats totalBytes="3364104" >
  <allocated-bytes non-tlh="0" tlh="3364104" />
  <largest-consumer threadName="node-8" threadId="0000000001737500" bytes="184104" />
</allocation-stats>
<gc-op id="489" type="mark" timems="3.534" contextid="486" timestamp="2019-09-21T20:34:18.030">
  <trace-info objectcount="144955" scancount="135441" scanbytes="5305672" />
  <finalization candidates="13" enqueued="0" />
  <references type="soft" candidates="45" cleared="0" enqueued="0" dynamicThreshold="10" maxThreshold="32" />
  <references type="weak" candidates="143" cleared="0" enqueued="0" />
  <references type="phantom" candidates="57" cleared="0" enqueued="0" />
  <stringconstants candidates="3838" cleared="0"  />
</gc-op>
<gc-op id="490" type="sweep" timems="0.868" contextid="486" timestamp="2019-09-21T20:34:18.031" />
<mem-info id="491" free="3476224" total="10354688" percent="33">
  <mem type="tenure" free="3476224" total="10354688" percent="33" micro-fragmented="0" macro-fragmented="0">
    <mem type="soa" free="3372800" total="10251264" percent="32" />
    <mem type="loa" free="103424" total="103424" percent="100" />
  </mem>
</mem-info>
<gc-op id="492" type="compact" timems="8.629" contextid="486" timestamp="2019-09-21T20:34:18.040">
  <compact-info movecount="1752" movebytes="47608" reason="compact to aid heap contraction" />
</gc-op>
<heap-resize id="493" type="expand" space="tenure" amount="65536" count="1" timems="0.017" reason="satisfy allocation request" timestamp="2019-09-21T20:34:18.040" />
<gc-end id="494" type="global" contextid="486" durationms="14.334" usertimems="24.000" systemtimems="0.000" timestamp="2019-09-21T20:34:18.040" activeThreads="8">
  <mem-info id="495" free="3527512" total="10420224" percent="33">
    <mem type="tenure" free="3527512" total="10420224" percent="33">
      <mem type="soa" free="3424088" total="10316800" percent="33" />
      <mem type="loa" free="103424" total="103424" percent="100" />
    </mem>
  </mem-info>
</gc-end>
<cycle-end id="496" type="global" contextid="486" timestamp="2019-09-21T20:34:18.041" />
  <attribute name="elasticGC enabled" value="1" />
  <attribute name= "numThreadsSpecified" value="8" />
  <attribute name="heapSize specified" value="10354688" />
  <attribute name="Current GC Util" value="48" />
  <attribute name= "Current Time Running" value="49793" />
  <attribute name ="GC Interval" value="0" />
  <attribute name="Target GC Util Change" value ="40.000000" />
  <attribute name="Current GC Util Change" value="48.000000"/>
  <attribute name="Current Error" value="-450.000000" />
  <attribute name="Output H" value="10392272"/>
  <attribute name="Output I" value="1744"/>
  <attribute name="Output T" value="8"/>
  <attribute name= "Current Time Running" value="49793" />
  <attribute name="GC Util currently" value="48" />
  <attribute name="CPU Util currently" value="259908473209" />
<allocation-satisfied id="497" threadId="0000000001711A00" bytesRequested="720" />
<af-end id="498" timestamp="2019-09-21T20:34:18.041" threadId="0000000001712388" success="true" />
<exclusive-end id="499" timestamp="2019-09-21T20:34:18.041" durationms="15.236" />

<exclusive-start id="500" timestamp="2019-09-21T20:34:20.254" intervalms="2228.205">
  <response-info timems="0.054" idlems="0.054" threads="0" lastid="0000000001724600" lastname="node-12" />
</exclusive-start>
<af-start id="501" threadId="0000000001724F88" totalBytesRequested="16" timestamp="2019-09-21T20:34:20.254" intervalms="2228.199" />
<cycle-start id="502" type="global" contextid="0" timestamp="2019-09-21T20:34:20.254" intervalms="2228.228" />
<gc-start id="503" type="global" contextid="502" timestamp="2019-09-21T20:34:20.254">
  <mem-info id="504" free="103424" total="10420224" percent="0">
    <mem type="tenure" free="103424" total="10420224" percent="0">
      <mem type="soa" free="0" total="10316800" percent="0" />
      <mem type="loa" free="103424" total="103424" percent="100" />
    </mem>
  </mem-info>
</gc-start>
<allocation-stats totalBytes="3441736" >
  <allocated-bytes non-tlh="0" tlh="3441736" />
  <largest-consumer threadName="node-13" threadId="0000000001746500" bytes="184296" />
</allocation-stats>
<gc-op id="505" type="mark" timems="2.456" contextid="502" timestamp="2019-09-21T20:34:20.257">
  <trace-info objectcount="144916" scancount="135424" scanbytes="5304840" />
  <finalization candidates="13" enqueued="0" />
  <references type="soft" candidates="45" cleared="0" enqueued="0" dynamicThreshold="10" maxThreshold="32" />
  <references type="weak" candidates="143" cleared="0" enqueued="0" />
  <references type="phantom" candidates="57" cleared="0" enqueued="0" />
  <stringconstants candidates="3838" cleared="0"  />
</gc-op>
<gc-op id="506" type="sweep" timems="0.315" contextid="502" timestamp="2019-09-21T20:34:20.257" />
<mem-info id="507" free="3536208" total="10420224" percent="33">
  <mem type="tenure" free="3536208" total="10420224" percent="33" micro-fragmented="0" macro-fragmented="0">
    <mem type="soa" free="3432784" total="10316800" percent="33" />
    <mem type="loa" free="103424" total="103424" percent="100" />
  </mem>
</mem-info>
<gc-op id="508" type="compact" timems="7.314" contextid="502" timestamp="2019-09-21T20:34:20.265">
  <compact-info movecount="1713" movebytes="49232" reason="compact to aid heap contraction" />
</gc-op>
<heap-resize id="509" type="expand" space="tenure" amount="65536" count="1" timems="0.016" reason="satisfy allocation request" timestamp="2019-09-21T20:34:20.265" />
<gc-end id="510" type="global" contextid="502" durationms="10.892" usertimems="32.000" systemtimems="0.000" timestamp="2019-09-21T20:34:20.265" activeThreads="8">
  <mem-info id="511" free="3591424" total="10485760" percent="34">
    <mem type="tenure" free="3591424" total="10485760" percent="34">
      <mem type="soa" free="3486976" total="10381312" percent="33" />
      <mem type="loa" free="104448" total="104448" percent="100" />
    </mem>
  </mem-info>
</gc-end>
<cycle-end id="512" type="global" contextid="502" timestamp="2019-09-21T20:34:20.265" />
  <attribute name="elasticGC enabled" value="1" />
  <attribute name= "numThreadsSpecified" value="8" />
  <attribute name="heapSize specified" value="10420224" />
  <attribute name="Current GC Util" value="18" />
  <attribute name= "Current Time Running" value="52018" />
  <attribute name ="GC Interval" value="0" />
  <attribute name="Target GC Util Change" value ="40.000000" />
  <attribute name="Current GC Util Change" value="18.000000"/>
  <attribute name="Current Error" value="-257.000000" />
  <attribute name="Output H" value="10457920"/>
  <attribute name="Output I" value="1856"/>
  <attribute name="Output T" value="8"/>
  <attribute name= "Current Time Running" value="52018" />
  <attribute name="GC Util currently" value="18" />
  <attribute name="CPU Util currently" value="309368810739" />
<allocation-satisfied id="513" threadId="0000000001724600" bytesRequested="16" />
<af-end id="514" timestamp="2019-09-21T20:34:20.266" threadId="0000000001724F88" success="true" />
<exclusive-end id="515" timestamp="2019-09-21T20:34:20.266" durationms="11.616" />

<exclusive-start id="516" timestamp="2019-09-21T20:34:23.317" intervalms="3063.076">
  <response-info timems="0.048" idlems="0.048" threads="0" lastid="000000000172F200" lastname="node-25" />
</exclusive-start>
<af-start id="517" threadId="000000000172FB88" totalBytesRequested="24" timestamp="2019-09-21T20:34:23.317" intervalms="3063.077" />
<cycle-start id="518" type="global" contextid="0" timestamp="2019-09-21T20:34:23.317" intervalms="3063.050" />
<gc-start id="519" type="global" contextid="518" timestamp="2019-09-21T20:34:23.317">
  <mem-info id="520" free="104448" total="10485760" percent="0">
    <mem type="tenure" free="104448" total="10485760" percent="0">
      <mem type="soa" free="0" total="10381312" percent="0" />
      <mem type="loa" free="104448" total="104448" percent="100" />
    </mem>
  </mem-info>
</gc-start>
<allocation-stats totalBytes="3503376" >
  <allocated-bytes non-tlh="0" tlh="3503376" />
  <largest-consumer threadName="node-6" threadId="00000000016EFF00" bytes="184304" />
</allocation-stats>
<gc-op id="521" type="mark" timems="3.419" contextid="518" timestamp="2019-09-21T20:34:23.321">
  <trace-info objectcount="144862" scancount="135355" scanbytes="5303760" />
  <finalization candidates="13" enqueued="0" />
  <references type="soft" candidates="45" cleared="0" enqueued="0" dynamicThreshold="10" maxThreshold="32" />
  <references type="weak" candidates="143" cleared="0" enqueued="0" />
  <references type="phantom" candidates="57" cleared="0" enqueued="0" />
  <stringconstants candidates="3838" cleared="0"  />
</gc-op>
<gc-op id="522" type="sweep" timems="0.627" contextid="518" timestamp="2019-09-21T20:34:23.322" />
<mem-info id="523" free="3614176" total="10485760" percent="34">
  <mem type="tenure" free="3614176" total="10485760" percent="34" micro-fragmented="0" macro-fragmented="0">
    <mem type="soa" free="3509728" total="10381312" percent="33" />
    <mem type="loa" free="104448" total="104448" percent="100" />
  </mem>
</mem-info>
<gc-op id="524" type="compact" timems="8.592" contextid="518" timestamp="2019-09-21T20:34:23.330">
  <compact-info movecount="1659" movebytes="43592" reason="compact to aid heap contraction" />
</gc-op>
<heap-resize id="525" type="expand" space="tenure" amount="65536" count="1" timems="0.017" reason="satisfy allocation request" timestamp="2019-09-21T20:34:23.331" />
<gc-end id="526" type="global" contextid="518" durationms="13.514" usertimems="24.000" systemtimems="0.000" timestamp="2019-09-21T20:34:23.331" activeThreads="8">
  <mem-info id="527" free="3662600" total="10551296" percent="34">
    <mem type="tenure" free="3662600" total="10551296" percent="34">
      <mem type="soa" free="3557128" total="10445824" percent="34" />
      <mem type="loa" free="105472" total="105472" percent="100" />
    </mem>
  </mem-info>
</gc-end>
<cycle-end id="528" type="global" contextid="518" timestamp="2019-09-21T20:34:23.331" />
  <attribute name="elasticGC enabled" value="1" />
  <attribute name= "numThreadsSpecified" value="8" />
  <attribute name="heapSize specified" value="10485760" />
  <attribute name="Current GC Util" value="114" />
  <attribute name= "Current Time Running" value="55083" />
  <attribute name ="GC Interval" value="0" />
  <attribute name="Target GC Util Change" value ="40.000000" />
  <attribute name="Current GC Util Change" value="114.000000"/>
  <attribute name="Current Error" value="-74.000000" />
  <attribute name="Output H" value="10523560"/>
  <attribute name="Output I" value="1960"/>
  <attribute name="Output T" value="8"/>
  <attribute name= "Current Time Running" value="55083" />
  <attribute name="GC Util currently" value="114" />
  <attribute name="CPU Util currently" value="262973151155" />
<allocation-satisfied id="529" threadId="000000000172F200" bytesRequested="24" />
<af-end id="530" timestamp="2019-09-21T20:34:23.331" threadId="000000000172FB88" success="true" />
<exclusive-end id="531" timestamp="2019-09-21T20:34:23.331" durationms="14.261" />

<exclusive-start id="532" timestamp="2019-09-21T20:34:26.576" intervalms="3259.196">
  <response-info timems="0.048" idlems="0.048" threads="0" lastid="000000000171CE00" lastname="node-23" />
</exclusive-start>
<af-start id="533" threadId="000000000171D788" totalBytesRequested="24" timestamp="2019-09-21T20:34:26.576" intervalms="3259.208" />
<cycle-start id="534" type="global" contextid="0" timestamp="2019-09-21T20:34:26.577" intervalms="3259.222" />
<gc-start id="535" type="global" contextid="534" timestamp="2019-09-21T20:34:26.577">
  <mem-info id="536" free="105472" total="10551296" percent="0">
    <mem type="tenure" free="105472" total="10551296" percent="0">
      <mem type="soa" free="0" total="10445824" percent="0" />
      <mem type="loa" free="105472" total="105472" percent="100" />
    </mem>
  </mem-info>
</gc-start>
<allocation-stats totalBytes="3573960" >
  <allocated-bytes non-tlh="0" tlh="3573960" />
  <largest-consumer threadName="node-21" threadId="00000000016F3B00" bytes="184216" />
</allocation-stats>
<gc-op id="537" type="mark" timems="3.677" contextid="534" timestamp="2019-09-21T20:34:26.580">
  <trace-info objectcount="144824" scancount="135316" scanbytes="5302848" />
  <finalization candidates="13" enqueued="0" />
  <references type="soft" candidates="45" cleared="0" enqueued="0" dynamicThreshold="11" maxThreshold="32" />
  <references type="weak" candidates="143" cleared="0" enqueued="0" />
  <references type="phantom" candidates="57" cleared="0" enqueued="0" />
  <stringconstants candidates="3838" cleared="0"  />
</gc-op>
<gc-op id="538" type="sweep" timems="1.207" contextid="534" timestamp="2019-09-21T20:34:26.582" />
<mem-info id="539" free="3675720" total="10551296" percent="34">
  <mem type="tenure" free="3675720" total="10551296" percent="34" micro-fragmented="0" macro-fragmented="0">
    <mem type="soa" free="3570248" total="10445824" percent="34" />
    <mem type="loa" free="105472" total="105472" percent="100" />
  </mem>
</mem-info>
<gc-op id="540" type="compact" timems="11.710" contextid="534" timestamp="2019-09-21T20:34:26.594">
  <compact-info movecount="1621" movebytes="42136" reason="compact to aid heap contraction" />
</gc-op>
<heap-resize id="541" type="expand" space="tenure" amount="65536" count="1" timems="0.015" reason="satisfy allocation request" timestamp="2019-09-21T20:34:26.595" />
<gc-end id="542" type="global" contextid="534" durationms="18.225" usertimems="32.000" systemtimems="0.000" timestamp="2019-09-21T20:34:26.595" activeThreads="8">
  <mem-info id="543" free="3729592" total="10616832" percent="35">
    <mem type="tenure" free="3729592" total="10616832" percent="35">
      <mem type="soa" free="3624120" total="10511360" percent="34" />
      <mem type="loa" free="105472" total="105472" percent="100" />
    </mem>
  </mem-info>
</gc-end>
<cycle-end id="544" type="global" contextid="534" timestamp="2019-09-21T20:34:26.595" />
  <attribute name="elasticGC enabled" value="1" />
  <attribute name= "numThreadsSpecified" value="8" />
  <attribute name="heapSize specified" value="10551296" />
  <attribute name="Current GC Util" value="72" />
  <attribute name= "Current Time Running" value="58347" />
  <attribute name ="GC Interval" value="0" />
  <attribute name="Target GC Util Change" value ="40.000000" />
  <attribute name="Current GC Util Change" value="72.000000"/>
  <attribute name="Current Error" value="-422.000000" />
  <attribute name="Output H" value="10588896"/>
  <attribute name="Output I" value="1760"/>
  <attribute name="Output T" value="8"/>
  <attribute name= "Current Time Running" value="58347" />
  <attribute name="GC Util currently" value="72" />
  <attribute name="CPU Util currently" value="193722216393" />
<allocation-satisfied id="545" threadId="000000000171CE00" bytesRequested="24" />
<af-end id="546" timestamp="2019-09-21T20:34:26.595" threadId="000000000171D788" success="true" />
<exclusive-end id="547" timestamp="2019-09-21T20:34:26.595" durationms="19.114" />

<exclusive-start id="548" timestamp="2019-09-21T20:34:30.153" intervalms="3576.615">
  <response-info timems="0.047" idlems="0.047" threads="0" lastid="0000000001711A00" lastname="node-15" />
</exclusive-start>
<af-start id="549" threadId="0000000001712388" totalBytesRequested="16" timestamp="2019-09-21T20:34:30.153" intervalms="3576.596" />
<cycle-start id="550" type="global" contextid="0" timestamp="2019-09-21T20:34:30.153" intervalms="3576.579" />
<gc-start id="551" type="global" contextid="550" timestamp="2019-09-21T20:34:30.153">
  <mem-info id="552" free="105472" total="10616832" percent="0">
    <mem type="tenure" free="105472" total="10616832" percent="0">
      <mem type="soa" free="0" total="10511360" percent="0" />
      <mem type="loa" free="105472" total="105472" percent="100" />
    </mem>
  </mem-info>
</gc-start>
<allocation-stats totalBytes="3639176" >
  <allocated-bytes non-tlh="0" tlh="3639176" />
  <largest-consumer threadName="node-16" threadId="0000000001733900" bytes="184280" />
</allocation-stats>
<gc-op id="553" type="mark" timems="2.801" contextid="550" timestamp="2019-09-21T20:34:30.156">
  <trace-info objectcount="144798" scancount="135283" scanbytes="5302008" />
  <finalization candidates="13" enqueued="0" />
  <references type="soft" candidates="45" cleared="0" enqueued="0" dynamicThreshold="11" maxThreshold="32" />
  <references type="weak" candidates="143" cleared="0" enqueued="0" />
  <references type="phantom" candidates="57" cleared="0" enqueued="0" />
  <stringconstants candidates="3838" cleared="0"  />
</gc-op>
<gc-op id="554" type="sweep" timems="0.287" contextid="550" timestamp="2019-09-21T20:34:30.156" />
<mem-info id="555" free="3735632" total="10616832" percent="35">
  <mem type="tenure" free="3735632" total="10616832" percent="35" micro-fragmented="0" macro-fragmented="0">
    <mem type="soa" free="3630160" total="10511360" percent="34" />
    <mem type="loa" free="105472" total="105472" percent="100" />
  </mem>
</mem-info>
<gc-op id="556" type="compact" timems="7.311" contextid="550" timestamp="2019-09-21T20:34:30.164">
  <compact-info movecount="1595" movebytes="46440" reason="compact to aid heap contraction" />
</gc-op>
<heap-resize id="557" type="expand" space="tenure" amount="65536" count="1" timems="0.016" reason="satisfy allocation request" timestamp="2019-09-21T20:34:30.164" />
<gc-end id="558" type="global" contextid="550" durationms="11.332" usertimems="20.000" systemtimems="0.000" timestamp="2019-09-21T20:34:30.165" activeThreads="8">
  <mem-info id="559" free="3790824" total="10682368" percent="35">
    <mem type="tenure" free="3790824" total="10682368" percent="35">
      <mem type="soa" free="3684328" total="10575872" percent="34" />
      <mem type="loa" free="106496" total="106496" percent="100" />
    </mem>
  </mem-info>
</gc-end>
<cycle-end id="560" type="global" contextid="550" timestamp="2019-09-21T20:34:30.165" />
  <attribute name="elasticGC enabled" value="1" />
  <attribute name= "numThreadsSpecified" value="8" />
  <attribute name="heapSize specified" value="10616832" />
  <attribute name="Current GC Util" value="17" />
  <attribute name= "Current Time Running" value="61917" />
  <attribute name ="GC Interval" value="0" />
  <attribute name="Target GC Util Change" value ="40.000000" />
  <attribute name="Current GC Util Change" value="17.000000"/>
  <attribute name="Current Error" value="-256.000000" />
  <attribute name="Output H" value="10654528"/>
  <attribute name="Output I" value="1856"/>
  <attribute name="Output T" value="8"/>
  <attribute name= "Current Time Running" value="61917" />
  <attribute name="GC Util currently" value="17" />
  <attribute name="CPU Util currently" value="308979258678" />
<allocation-satisfied id="561" threadId="0000000001711A00" bytesRequested="16" />
<af-end id="562" timestamp="2019-09-21T20:34:30.165" threadId="0000000001712388" success="true" />
<exclusive-end id="563" timestamp="2019-09-21T20:34:30.165" durationms="12.123" />

<exclusive-start id="564" timestamp="2019-09-21T20:34:33.338" intervalms="3185.471">
  <response-info timems="0.215" idlems="0.215" threads="0" lastid="000000000170DE00" lastname="node-1" />
</exclusive-start>
<af-start id="565" threadId="000000000170E788" totalBytesRequested="1000" timestamp="2019-09-21T20:34:33.339" intervalms="3185.475" />
<cycle-start id="566" type="global" contextid="0" timestamp="2019-09-21T20:34:33.339" intervalms="3185.512" />
<gc-start id="567" type="global" contextid="566" timestamp="2019-09-21T20:34:33.339">
  <mem-info id="568" free="106496" total="10682368" percent="0">
    <mem type="tenure" free="106496" total="10682368" percent="0">
      <mem type="soa" free="0" total="10575872" percent="0" />
      <mem type="loa" free="106496" total="106496" percent="100" />
    </mem>
  </mem-info>
</gc-start>
<allocation-stats totalBytes="3697472" >
  <allocated-bytes non-tlh="0" tlh="3697472" />
  <largest-consumer threadName="node-15" threadId="0000000001711A00" bytes="184288" />
</allocation-stats>
<gc-op id="569" type="mark" timems="2.397" contextid="566" timestamp="2019-09-21T20:34:33.341">
  <trace-info objectcount="144777" scancount="135332" scanbytes="5301608" />
  <finalization candidates="13" enqueued="0" />
  <references type="soft" candidates="45" cleared="0" enqueued="0" dynamicThreshold="11" maxThreshold="32" />
  <references type="weak" candidates="143" cleared="0" enqueued="0" />
  <references type="phantom" candidates="57" cleared="0" enqueued="0" />
  <stringconstants candidates="3838" cleared="0"  />
</gc-op>
<gc-op id="570" type="sweep" timems="0.272" contextid="566" timestamp="2019-09-21T20:34:33.342" />
<mem-info id="571" free="3795360" total="10682368" percent="35">
  <mem type="tenure" free="3795360" total="10682368" percent="35" micro-fragmented="0" macro-fragmented="0">
    <mem type="soa" free="3688864" total="10575872" percent="34" />
    <mem type="loa" free="106496" total="106496" percent="100" />
  </mem>
</mem-info>
<gc-op id="572" type="compact" timems="7.540" contextid="566" timestamp="2019-09-21T20:34:33.350">
  <compact-info movecount="1574" movebytes="46040" reason="compact to aid heap contraction" />
</gc-op>
<heap-resize id="573" type="expand" space="tenure" amount="65536" count="1" timems="0.018" reason="satisfy allocation request" timestamp="2019-09-21T20:34:33.350" />
<gc-end id="574" type="global" contextid="566" durationms="11.355" usertimems="16.000" systemtimems="4.000" timestamp="2019-09-21T20:34:33.350" activeThreads="8">
  <mem-info id="575" free="3856760" total="10747904" percent="35">
    <mem type="tenure" free="3856760" total="10747904" percent="35">
      <mem type="soa" free="3750264" total="10641408" percent="35" />
      <mem type="loa" free="106496" total="106496" percent="100" />
    </mem>
  </mem-info>
</gc-end>
<cycle-end id="576" type="global" contextid="566" timestamp="2019-09-21T20:34:33.350" />
  <attribute name="elasticGC enabled" value="1" />
  <attribute name= "numThreadsSpecified" value="8" />
  <attribute name="heapSize specified" value="10682368" />
  <attribute name="Current GC Util" value="17" />
  <attribute name= "Current Time Running" value="65103" />
  <attribute name ="GC Interval" value="0" />
  <attribute name="Target GC Util Change" value ="40.000000" />
  <attribute name="Current GC Util Change" value="17.000000"/>
  <attribute name="Current Error" value="23.000000" />
  <attribute name="Output H" value="10720224"/>
  <attribute name="Output I" value="2016"/>
  <attribute name="Output T" value="8"/>
  <attribute name= "Current Time Running" value="65103" />
  <attribute name="GC Util currently" value="17" />
  <attribute name="CPU Util currently" value="299535285454" />
<allocation-satisfied id="577" threadId="000000000170DE00" bytesRequested="1000" />
<af-end id="578" timestamp="2019-09-21T20:34:33.351" threadId="000000000170E788" success="true" />
<exclusive-end id="579" timestamp="2019-09-21T20:34:33.351" durationms="12.255" />

<exclusive-start id="580" timestamp="2019-09-21T20:34:36.762" intervalms="3423.963">
  <response-info timems="0.214" idlems="0.190" threads="1" lastid="0000000001724600" lastname="node-12" />
</exclusive-start>
<af-start id="581" threadId="000000000170AB88" totalBytesRequested="832" timestamp="2019-09-21T20:34:36.762" intervalms="3423.944" />
<cycle-start id="582" type="global" contextid="0" timestamp="2019-09-21T20:34:36.763" intervalms="3423.938" />
<gc-start id="583" type="global" contextid="582" timestamp="2019-09-21T20:34:36.763">
  <mem-info id="584" free="106496" total="10747904" percent="0">
    <mem type="tenure" free="106496" total="10747904" percent="0">
      <mem type="soa" free="0" total="10641408" percent="0" />
      <mem type="loa" free="106496" total="106496" percent="100" />
    </mem>
  </mem-info>
</gc-start>
<allocation-stats totalBytes="3766240" >
  <allocated-bytes non-tlh="0" tlh="3766240" />
  <largest-consumer threadName="node-0" threadId="00000000016E4B00" bytes="184296" />
</allocation-stats>
<gc-op id="585" type="mark" timems="2.294" contextid="582" timestamp="2019-09-21T20:34:36.765">
  <trace-info objectcount="144741" scancount="135205" scanbytes="5300416" />
  <finalization candidates="13" enqueued="0" />
  <references type="soft" candidates="45" cleared="0" enqueued="0" dynamicThreshold="11" maxThreshold="32" />
  <references type="weak" candidates="143" cleared="0" enqueued="0" />
  <references type="phantom" candidates="57" cleared="0" enqueued="0" />
  <stringconstants candidates="3838" cleared="0"  />
</gc-op>
<gc-op id="586" type="sweep" timems="0.361" contextid="582" timestamp="2019-09-21T20:34:36.766" />
<mem-info id="587" free="3864512" total="10747904" percent="35">
  <mem type="tenure" free="3864512" total="10747904" percent="35" micro-fragmented="0" macro-fragmented="0">
    <mem type="soa" free="3758016" total="10641408" percent="35" />
    <mem type="loa" free="106496" total="106496" percent="100" />
  </mem>
</mem-info>
<gc-op id="588" type="compact" timems="7.667" contextid="582" timestamp="2019-09-21T20:34:36.773">
  <compact-info movecount="1538" movebytes="54320" reason="compact to aid heap contraction" />
</gc-op>
<heap-resize id="589" type="expand" space="tenure" amount="65536" count="1" timems="0.028" reason="satisfy allocation request" timestamp="2019-09-21T20:34:36.774" />
<gc-end id="590" type="global" contextid="582" durationms="11.317" usertimems="20.000" systemtimems="0.000" timestamp="2019-09-21T20:34:36.774" activeThreads="8">
  <mem-info id="591" free="3914016" total="10813440" percent="36">
    <mem type="tenure" free="3914016" total="10813440" percent="36">
      <mem type="soa" free="3806496" total="10705920" percent="35" />
      <mem type="loa" free="107520" total="107520" percent="100" />
    </mem>
  </mem-info>
</gc-end>
<cycle-end id="592" type="global" contextid="582" timestamp="2019-09-21T20:34:36.774" />
  <attribute name="elasticGC enabled" value="1" />
  <attribute name= "numThreadsSpecified" value="8" />
  <attribute name="heapSize specified" value="10747904" />
  <attribute name="Current GC Util" value="19" />
  <attribute name= "Current Time Running" value="68527" />
  <attribute name ="GC Interval" value="0" />
  <attribute name="Target GC Util Change" value ="40.000000" />
  <attribute name="Current GC Util Change" value="19.000000"/>
  <attribute name="Current Error" value="-191.000000" />
  <attribute name="Output H" value="10785640"/>
  <attribute name="Output I" value="1896"/>
  <attribute name="Output T" value="8"/>
  <attribute name= "Current Time Running" value="68527" />
  <attribute name="GC Util currently" value="19" />
  <attribute name="CPU Util currently" value="295539017422" />
<allocation-satisfied id="593" threadId="000000000170A200" bytesRequested="832" />
<af-end id="594" timestamp="2019-09-21T20:34:36.775" threadId="000000000170AB88" success="true" />
<exclusive-end id="595" timestamp="2019-09-21T20:34:36.775" durationms="12.186" />

<exclusive-start id="596" timestamp="2019-09-21T20:34:40.544" intervalms="3781.941">
  <response-info timems="0.049" idlems="0.049" threads="0" lastid="00000000016EC300" lastname="node-9" />
</exclusive-start>
<af-start id="597" threadId="00000000016ECC88" totalBytesRequested="16" timestamp="2019-09-21T20:34:40.544" intervalms="3781.966" />
<cycle-start id="598" type="global" contextid="0" timestamp="2019-09-21T20:34:40.545" intervalms="3781.937" />
<gc-start id="599" type="global" contextid="598" timestamp="2019-09-21T20:34:40.545">
  <mem-info id="600" free="107520" total="10813440" percent="0">
    <mem type="tenure" free="107520" total="10813440" percent="0">
      <mem type="soa" free="0" total="10705920" percent="0" />
      <mem type="loa" free="107520" total="107520" percent="100" />
    </mem>
  </mem-info>
</gc-start>
<allocation-stats totalBytes="3821664" >
  <allocated-bytes non-tlh="0" tlh="3821664" />
  <largest-consumer threadName="node-24" threadId="00000000016F7700" bytes="184056" />
</allocation-stats>
<gc-op id="601" type="mark" timems="3.493" contextid="598" timestamp="2019-09-21T20:34:40.548">
  <trace-info objectcount="144685" scancount="135187" scanbytes="5299248" />
  <finalization candidates="13" enqueued="0" />
  <references type="soft" candidates="45" cleared="0" enqueued="0" dynamicThreshold="11" maxThreshold="32" />
  <references type="weak" candidates="143" cleared="0" enqueued="0" />
  <references type="phantom" candidates="57" cleared="0" enqueued="0" />
  <stringconstants candidates="3838" cleared="0"  />
</gc-op>
<gc-op id="602" type="sweep" timems="1.028" contextid="598" timestamp="2019-09-21T20:34:40.549" />
<mem-info id="603" free="3930392" total="10813440" percent="36">
  <mem type="tenure" free="3930392" total="10813440" percent="36" micro-fragmented="0" macro-fragmented="0">
    <mem type="soa" free="3822872" total="10705920" percent="35" />
    <mem type="loa" free="107520" total="107520" percent="100" />
  </mem>
</mem-info>
<gc-op id="604" type="compact" timems="10.828" contextid="598" timestamp="2019-09-21T20:34:40.560">
  <compact-info movecount="1482" movebytes="48312" reason="compact to aid heap contraction" />
</gc-op>
<heap-resize id="605" type="expand" space="tenure" amount="65536" count="1" timems="0.027" reason="satisfy allocation request" timestamp="2019-09-21T20:34:40.561" />
<gc-end id="606" type="global" contextid="598" durationms="16.909" usertimems="28.000" systemtimems="0.000" timestamp="2019-09-21T20:34:40.562" activeThreads="8">
  <mem-info id="607" free="3981464" total="10878976" percent="36">
    <mem type="tenure" free="3981464" total="10878976" percent="36">
      <mem type="soa" free="3872920" total="10770432" percent="35" />
      <mem type="loa" free="108544" total="108544" percent="100" />
    </mem>
  </mem-info>
</gc-end>
<cycle-end id="608" type="global" contextid="598" timestamp="2019-09-21T20:34:40.562" />
  <attribute name="elasticGC enabled" value="1" />
  <attribute name= "numThreadsSpecified" value="8" />
  <attribute name="heapSize specified" value="10813440" />
  <attribute name="Current GC Util" value="55" />
  <attribute name= "Current Time Running" value="72314" />
  <attribute name ="GC Interval" value="0" />
  <attribute name="Target GC Util Change" value ="40.000000" />
  <attribute name="Current GC Util Change" value="55.000000"/>
  <attribute name="Current Error" value="-320.000000" />
  <attribute name="Output H" value="10851096"/>
  <attribute name="Output I" value="1816"/>
  <attribute name="Output T" value="8"/>
  <attribute name= "Current Time Running" value="72314" />
  <attribute name="GC Util currently" value="55" />
  <attribute name="CPU Util currently" value="209637355899" />
<allocation-satisfied id="609" threadId="00000000016EC300" bytesRequested="16" />
<af-end id="610" timestamp="2019-09-21T20:34:40.562" threadId="00000000016ECC88" success="true" />
<exclusive-end id="611" timestamp="2019-09-21T20:34:40.562" durationms="17.853" />

<exclusive-start id="612" timestamp="2019-09-21T20:34:44.366" intervalms="3821.857">
  <response-info timems="0.051" idlems="0.051" threads="0" lastid="000000000172F200" lastname="node-25" />
</exclusive-start>
<af-start id="613" threadId="000000000172FB88" totalBytesRequested="16" timestamp="2019-09-21T20:34:44.366" intervalms="3821.847" />
<cycle-start id="614" type="global" contextid="0" timestamp="2019-09-21T20:34:44.366" intervalms="3821.855" />
<gc-start id="615" type="global" contextid="614" timestamp="2019-09-21T20:34:44.366">
  <mem-info id="616" free="108544" total="10878976" percent="0">
    <mem type="tenure" free="108544" total="10878976" percent="0">
      <mem type="soa" free="0" total="10770432" percent="0" />
      <mem type="loa" free="108544" total="108544" percent="100" />
    </mem>
  </mem-info>
</gc-start>
<allocation-stats totalBytes="3892336" >
  <allocated-bytes non-tlh="0" tlh="3892336" />
  <largest-consumer threadName="node-9" threadId="00000000016EC300" bytes="208760" />
</allocation-stats>
<gc-op id="617" type="mark" timems="2.327" contextid="614" timestamp="2019-09-21T20:34:44.369">
  <trace-info objectcount="144610" scancount="135098" scanbytes="5297608" />
  <finalization candidates="13" enqueued="0" />
  <references type="soft" candidates="45" cleared="0" enqueued="0" dynamicThreshold="11" maxThreshold="32" />
  <references type="weak" candidates="143" cleared="0" enqueued="0" />
  <references type="phantom" candidates="57" cleared="0" enqueued="0" />
  <stringconstants candidates="3838" cleared="0"  />
</gc-op>
<gc-op id="618" type="sweep" timems="0.296" contextid="614" timestamp="2019-09-21T20:34:44.369" />
<mem-info id="619" free="3998704" total="10878976" percent="36">
  <mem type="tenure" free="3998704" total="10878976" percent="36" micro-fragmented="0" macro-fragmented="0">
    <mem type="soa" free="3890160" total="10770432" percent="36" />
    <mem type="loa" free="108544" total="108544" percent="100" />
  </mem>
</mem-info>
<gc-op id="620" type="compact" timems="7.386" contextid="614" timestamp="2019-09-21T20:34:44.377">
  <compact-info movecount="1407" movebytes="38248" reason="compact to aid heap contraction" />
</gc-op>
<heap-resize id="621" type="expand" space="tenure" amount="65536" count="1" timems="0.017" reason="satisfy allocation request" timestamp="2019-09-21T20:34:44.377" />
<gc-end id="622" type="global" contextid="614" durationms="10.793" usertimems="16.000" systemtimems="0.000" timestamp="2019-09-21T20:34:44.377" activeThreads="8">
  <mem-info id="623" free="4057064" total="10944512" percent="37">
    <mem type="tenure" free="4057064" total="10944512" percent="37">
      <mem type="soa" free="3948520" total="10835968" percent="36" />
      <mem type="loa" free="108544" total="108544" percent="100" />
    </mem>
  </mem-info>
</gc-end>
<cycle-end id="624" type="global" contextid="614" timestamp="2019-09-21T20:34:44.377" />
  <attribute name="elasticGC enabled" value="1" />
  <attribute name= "numThreadsSpecified" value="8" />
  <attribute name="heapSize specified" value="10878976" />
  <attribute name="Current GC Util" value="15" />
  <attribute name= "Current Time Running" value="76130" />
  <attribute name ="GC Interval" value="0" />
  <attribute name="Target GC Util Change" value ="40.000000" />
  <attribute name="Current GC Util Change" value="15.000000"/>
  <attribute name="Current Error" value="25.000000" />
  <attribute name="Output H" value="10916832"/>
  <attribute name="Output I" value="2016"/>
  <attribute name="Output T" value="8"/>
  <attribute name= "Current Time Running" value="76130" />
  <attribute name="GC Util currently" value="15" />
  <attribute name="CPU Util currently" value="305687742857" />
<allocation-satisfied id="625" threadId="000000000172F200" bytesRequested="16" />
<af-end id="626" timestamp="2019-09-21T20:34:44.378" threadId="000000000172FB88" success="true" />
<exclusive-end id="627" timestamp="2019-09-21T20:34:44.378" durationms="11.575" />

<exclusive-start id="628" timestamp="2019-09-21T20:34:48.017" intervalms="3651.191">
  <response-info timems="0.104" idlems="0.056" threads="1" lastid="0000000001719200" lastname="node-11" />
</exclusive-start>
<af-start id="629" threadId="000000000170E788" totalBytesRequested="496" timestamp="2019-09-21T20:34:48.017" intervalms="3651.185" />
<cycle-start id="630" type="global" contextid="0" timestamp="2019-09-21T20:34:48.018" intervalms="3651.200" />
<gc-start id="631" type="global" contextid="630" timestamp="2019-09-21T20:34:48.018">
  <mem-info id="632" free="108544" total="10944512" percent="0">
    <mem type="tenure" free="108544" total="10944512" percent="0">
      <mem type="soa" free="0" total="10835968" percent="0" />
      <mem type="loa" free="108544" total="108544" percent="100" />
    </mem>
  </mem-info>
</gc-start>
<allocation-stats totalBytes="3968928" >
  <allocated-bytes non-tlh="0" tlh="3968928" />
  <largest-consumer threadName="node-9" threadId="00000000016EC300" bytes="208864" />
</allocation-stats>
<gc-op id="633" type="mark" timems="2.258" contextid="630" timestamp="2019-09-21T20:34:48.020">
  <trace-info objectcount="144596" scancount="135075" scanbytes="5297056" />
  <finalization candidates="13" enqueued="0" />
  <references type="soft" candidates="45" cleared="0" enqueued="0" dynamicThreshold="11" maxThreshold="32" />
  <references type="weak" candidates="143" cleared="0" enqueued="0" />
  <references type="phantom" candidates="57" cleared="0" enqueued="0" />
  <stringconstants candidates="3838" cleared="0"  />
</gc-op>
<gc-op id="634" type="sweep" timems="0.332" contextid="630" timestamp="2019-09-21T20:34:48.021" />
<mem-info id="635" free="4063176" total="10944512" percent="37">
  <mem type="tenure" free="4063176" total="10944512" percent="37" micro-fragmented="0" macro-fragmented="0">
    <mem type="soa" free="3954632" total="10835968" percent="36" />
    <mem type="loa" free="108544" total="108544" percent="100" />
  </mem>
</mem-info>
<gc-op id="636" type="compact" timems="7.297" contextid="630" timestamp="2019-09-21T20:34:48.028">
  <compact-info movecount="1393" movebytes="42096" reason="compact to aid heap contraction" />
</gc-op>
<heap-resize id="637" type="expand" space="tenure" amount="65536" count="1" timems="0.015" reason="satisfy allocation request" timestamp="2019-09-21T20:34:48.028" />
<gc-end id="638" type="global" contextid="630" durationms="10.840" usertimems="8.000" systemtimems="8.000" timestamp="2019-09-21T20:34:48.029" activeThreads="8">
  <mem-info id="639" free="4118752" total="11010048" percent="37">
    <mem type="tenure" free="4118752" total="11010048" percent="37">
      <mem type="soa" free="4009184" total="10900480" percent="36" />
      <mem type="loa" free="109568" total="109568" percent="100" />
    </mem>
  </mem-info>
</gc-end>
<cycle-end id="640" type="global" contextid="630" timestamp="2019-09-21T20:34:48.029" />
  <attribute name="elasticGC enabled" value="1" />
  <attribute name= "numThreadsSpecified" value="8" />
  <attribute name="heapSize specified" value="10944512" />
  <attribute name="Current GC Util" value="17" />
  <attribute name= "Current Time Running" value="79781" />
  <attribute name ="GC Interval" value="0" />
  <attribute name="Target GC Util Change" value ="40.000000" />
  <attribute name="Current GC Util Change" value="17.000000"/>
  <attribute name="Current Error" value="-187.000000" />
  <attribute name="Output H" value="10982248"/>
  <attribute name="Output I" value="1896"/>
  <attribute name="Output T" value="8"/>
  <attribute name= "Current Time Running" value="79781" />
  <attribute name="GC Util currently" value="17" />
  <attribute name="CPU Util currently" value="308734100640" />
<allocation-satisfied id="641" threadId="000000000170DE00" bytesRequested="496" />
<af-end id="642" timestamp="2019-09-21T20:34:48.029" threadId="000000000170E788" success="true" />
<exclusive-end id="643" timestamp="2019-09-21T20:34:48.029" durationms="11.711" />

<exclusive-start id="644" timestamp="2019-09-21T20:34:51.420" intervalms="3403.079">
  <response-info timems="0.472" idlems="0.331" threads="2" lastid="0000000001720A00" lastname="node-7" />
</exclusive-start>
<af-start id="645" threadId="000000000172FB88" totalBytesRequested="720" timestamp="2019-09-21T20:34:51.421" intervalms="3403.131" />
<cycle-start id="646" type="global" contextid="0" timestamp="2019-09-21T20:34:51.421" intervalms="3403.190" />
<gc-start id="647" type="global" contextid="646" timestamp="2019-09-21T20:34:51.421">
  <mem-info id="648" free="109568" total="11010048" percent="0">
    <mem type="tenure" free="109568" total="11010048" percent="0">
      <mem type="soa" free="0" total="10900480" percent="0" />
      <mem type="loa" free="109568" total="109568" percent="100" />
    </mem>
  </mem-info>
</gc-start>
<allocation-stats totalBytes="4025448" >
  <allocated-bytes non-tlh="0" tlh="4025448" />
  <largest-consumer threadName="node-7" threadId="0000000001720A00" bytes="208856" />
</allocation-stats>
<gc-op id="649" type="mark" timems="3.145" contextid="646" timestamp="2019-09-21T20:34:51.424">
  <trace-info objectcount="144525" scancount="135020" scanbytes="5295488" />
  <finalization candidates="13" enqueued="0" />
  <references type="soft" candidates="45" cleared="0" enqueued="0" dynamicThreshold="11" maxThreshold="32" />
  <references type="weak" candidates="143" cleared="0" enqueued="0" />
  <references type="phantom" candidates="57" cleared="0" enqueued="0" />
  <stringconstants candidates="3838" cleared="0"  />
</gc-op>
<gc-op id="650" type="sweep" timems="0.970" contextid="646" timestamp="2019-09-21T20:34:51.425" />
<mem-info id="651" free="4143056" total="11010048" percent="37">
  <mem type="tenure" free="4143056" total="11010048" percent="37" micro-fragmented="0" macro-fragmented="0">
    <mem type="soa" free="4033488" total="10900480" percent="37" />
    <mem type="loa" free="109568" total="109568" percent="100" />
  </mem>
</mem-info>
<gc-op id="652" type="compact" timems="10.271" contextid="646" timestamp="2019-09-21T20:34:51.436">
  <compact-info movecount="1322" movebytes="35816" reason="compact to aid heap contraction" />
</gc-op>
<heap-resize id="653" type="expand" space="tenure" amount="65536" count="1" timems="0.016" reason="satisfy allocation request" timestamp="2019-09-21T20:34:51.437" />
<gc-end id="654" type="global" contextid="646" durationms="15.953" usertimems="24.000" systemtimems="0.000" timestamp="2019-09-21T20:34:51.437" activeThreads="8">
  <mem-info id="655" free="4190568" total="11075584" percent="37">
    <mem type="tenure" free="4190568" total="11075584" percent="37">
      <mem type="soa" free="4079976" total="10964992" percent="37" />
      <mem type="loa" free="110592" total="110592" percent="100" />
    </mem>
  </mem-info>
</gc-end>
<cycle-end id="656" type="global" contextid="646" timestamp="2019-09-21T20:34:51.437" />
  <attribute name="elasticGC enabled" value="1" />
  <attribute name= "numThreadsSpecified" value="8" />
  <attribute name="heapSize specified" value="11010048" />
  <attribute name="Current GC Util" value="57" />
  <attribute name= "Current Time Running" value="83189" />
  <attribute name ="GC Interval" value="0" />
  <attribute name="Target GC Util Change" value ="40.000000" />
  <attribute name="Current GC Util Change" value="57.000000"/>
  <attribute name="Current Error" value="-318.000000" />
  <attribute name="Output H" value="11047712"/>
  <attribute name="Output I" value="1824"/>
  <attribute name="Output T" value="8"/>
  <attribute name= "Current Time Running" value="83189" />
  <attribute name="GC Util currently" value="57" />
  <attribute name="CPU Util currently" value="220396304002" />
<allocation-satisfied id="657" threadId="000000000172F200" bytesRequested="720" />
<af-end id="658" timestamp="2019-09-21T20:34:51.437" threadId="000000000172FB88" success="true" />
<exclusive-end id="659" timestamp="2019-09-21T20:34:51.437" durationms="16.870" />

<exclusive-start id="660" timestamp="2019-09-21T20:34:55.269" intervalms="3848.667">
  <response-info timems="0.043" idlems="0.043" threads="0" lastid="0000000001724600" lastname="node-12" />
</exclusive-start>
<af-start id="661" threadId="0000000001724F88" totalBytesRequested="16" timestamp="2019-09-21T20:34:55.269" intervalms="3848.624" />
<cycle-start id="662" type="global" contextid="0" timestamp="2019-09-21T20:34:55.269" intervalms="3848.548" />
<gc-start id="663" type="global" contextid="662" timestamp="2019-09-21T20:34:55.269">
  <mem-info id="664" free="110592" total="11075584" percent="0">
    <mem type="tenure" free="110592" total="11075584" percent="0">
      <mem type="soa" free="0" total="10964992" percent="0" />
      <mem type="loa" free="110592" total="110592" percent="100" />
    </mem>
  </mem-info>
</gc-start>
<allocation-stats totalBytes="4099536" >
  <allocated-bytes non-tlh="0" tlh="4099536" />
  <largest-consumer threadName="node-23" threadId="000000000171CE00" bytes="208888" />
</allocation-stats>
<gc-op id="665" type="mark" timems="3.027" contextid="662" timestamp="2019-09-21T20:34:55.273">
  <trace-info objectcount="144500" scancount="134965" scanbytes="5294664" />
  <finalization candidates="13" enqueued="0" />
  <references type="soft" candidates="45" cleared="0" enqueued="0" dynamicThreshold="12" maxThreshold="32" />
  <references type="weak" candidates="143" cleared="0" enqueued="0" />
  <references type="phantom" candidates="57" cleared="0" enqueued="0" />
  <stringconstants candidates="3838" cleared="0"  />
</gc-op>
<gc-op id="666" type="sweep" timems="1.514" contextid="662" timestamp="2019-09-21T20:34:55.274" />
<mem-info id="667" free="4196176" total="11075584" percent="37">
  <mem type="tenure" free="4196176" total="11075584" percent="37" micro-fragmented="0" macro-fragmented="0">
    <mem type="soa" free="4085584" total="10964992" percent="37" />
    <mem type="loa" free="110592" total="110592" percent="100" />
  </mem>
</mem-info>
<gc-op id="668" type="compact" timems="12.022" contextid="662" timestamp="2019-09-21T20:34:55.286">
  <compact-info movecount="1297" movebytes="48544" reason="compact to aid heap contraction" />
</gc-op>
<heap-resize id="669" type="expand" space="tenure" amount="65536" count="1" timems="0.017" reason="satisfy allocation request" timestamp="2019-09-21T20:34:55.287" />
<gc-end id="670" type="global" contextid="662" durationms="18.221" usertimems="28.000" systemtimems="0.000" timestamp="2019-09-21T20:34:55.288" activeThreads="8">
  <mem-info id="671" free="4243376" total="11141120" percent="38">
    <mem type="tenure" free="4243376" total="11141120" percent="38">
      <mem type="soa" free="4132784" total="11030528" percent="37" />
      <mem type="loa" free="110592" total="110592" percent="100" />
    </mem>
  </mem-info>
</gc-end>
<cycle-end id="672" type="global" contextid="662" timestamp="2019-09-21T20:34:55.288" />
  <attribute name="elasticGC enabled" value="1" />
  <attribute name= "numThreadsSpecified" value="8" />
  <attribute name="heapSize specified" value="11075584" />
  <attribute name="Current GC Util" value="61" />
  <attribute name= "Current Time Running" value="87040" />
  <attribute name ="GC Interval" value="0" />
  <attribute name="Target GC Util Change" value ="40.000000" />
  <attribute name="Current GC Util Change" value="61.000000"/>
  <attribute name="Current Error" value="-21.000000" />
  <attribute name="Output H" value="11113416"/>
  <attribute name="Output I" value="1992"/>
  <attribute name="Output T" value="8"/>
  <attribute name= "Current Time Running" value="87040" />
  <attribute name="GC Util currently" value="61" />
  <attribute name="CPU Util currently" value="188403705414" />
<allocation-satisfied id="673" threadId="0000000001724600" bytesRequested="16" />
<af-end id="674" timestamp="2019-09-21T20:34:55.288" threadId="0000000001724F88" success="true" />
<exclusive-end id="675" timestamp="2019-09-21T20:34:55.288" durationms="19.115" />

<exclusive-start id="676" timestamp="2019-09-21T20:34:59.268" intervalms="3998.931">
  <response-info timems="0.053" idlems="0.053" threads="0" lastid="00000000016F3B00" lastname="node-21" />
</exclusive-start>
<af-start id="677" threadId="00000000016F4488" totalBytesRequested="24" timestamp="2019-09-21T20:34:59.268" intervalms="3998.948" />
<cycle-start id="678" type="global" contextid="0" timestamp="2019-09-21T20:34:59.268" intervalms="3998.951" />
<gc-start id="679" type="global" contextid="678" timestamp="2019-09-21T20:34:59.268">
  <mem-info id="680" free="110592" total="11141120" percent="0">
    <mem type="tenure" free="110592" total="11141120" percent="0">
      <mem type="soa" free="0" total="11030528" percent="0" />
      <mem type="loa" free="110592" total="110592" percent="100" />
    </mem>
  </mem-info>
</gc-start>
<allocation-stats totalBytes="4150600" >
  <allocated-bytes non-tlh="0" tlh="4150600" />
  <largest-consumer threadName="node-16" threadId="0000000001733900" bytes="208864" />
</allocation-stats>
<gc-op id="681" type="mark" timems="2.245" contextid="678" timestamp="2019-09-21T20:34:59.271">
  <trace-info objectcount="144432" scancount="134926" scanbytes="5293520" />
  <finalization candidates="13" enqueued="0" />
  <references type="soft" candidates="45" cleared="0" enqueued="0" dynamicThreshold="12" maxThreshold="32" />
  <references type="weak" candidates="143" cleared="0" enqueued="0" />
  <references type="phantom" candidates="57" cleared="0" enqueued="0" />
  <stringconstants candidates="3838" cleared="0"  />
</gc-op>
<gc-op id="682" type="sweep" timems="0.290" contextid="678" timestamp="2019-09-21T20:34:59.271" />
<mem-info id="683" free="4270376" total="11141120" percent="38">
  <mem type="tenure" free="4270376" total="11141120" percent="38" micro-fragmented="0" macro-fragmented="0">
    <mem type="soa" free="4159784" total="11030528" percent="37" />
    <mem type="loa" free="110592" total="110592" percent="100" />
  </mem>
</mem-info>
<gc-op id="684" type="compact" timems="7.318" contextid="678" timestamp="2019-09-21T20:34:59.279">
  <compact-info movecount="1229" movebytes="31576" reason="compact to aid heap contraction" />
</gc-op>
<heap-resize id="685" type="expand" space="tenure" amount="65536" count="1" timems="0.016" reason="satisfy allocation request" timestamp="2019-09-21T20:34:59.279" />
<gc-end id="686" type="global" contextid="678" durationms="10.899" usertimems="20.000" systemtimems="0.000" timestamp="2019-09-21T20:34:59.279" activeThreads="8">
  <mem-info id="687" free="4325880" total="11206656" percent="38">
    <mem type="tenure" free="4325880" total="11206656" percent="38">
      <mem type="soa" free="4214264" total="11095040" percent="37" />
      <mem type="loa" free="111616" total="111616" percent="100" />
    </mem>
  </mem-info>
</gc-end>
<cycle-end id="688" type="global" contextid="678" timestamp="2019-09-21T20:34:59.279" />
  <attribute name="elasticGC enabled" value="1" />
  <attribute name= "numThreadsSpecified" value="8" />
  <attribute name="heapSize specified" value="11141120" />
  <attribute name="Current GC Util" value="18" />
  <attribute name= "Current Time Running" value="91032" />
  <attribute name ="GC Interval" value="0" />
  <attribute name="Target GC Util Change" value ="40.000000" />
  <attribute name="Current GC Util Change" value="18.000000"/>
  <attribute name="Current Error" value="-237.000000" />
  <attribute name="Output H" value="11178824"/>
  <attribute name="Output I" value="1864"/>
  <attribute name="Output T" value="8"/>
  <attribute name= "Current Time Running" value="91032" />
  <attribute name="GC Util currently" value="18" />
  <attribute name="CPU Util currently" value="307923917852" />
<allocation-satisfied id="689" threadId="00000000016F3B00" bytesRequested="24" />
<af-end id="690" timestamp="2019-09-21T20:34:59.280" threadId="00000000016F4488" success="true" />
<exclusive-end id="691" timestamp="2019-09-21T20:34:59.280" durationms="11.791" />

<exclusive-start id="692" timestamp="2019-09-21T20:35:02.862" intervalms="3594.055">
  <response-info timems="0.043" idlems="0.043" threads="0" lastid="000000000170DE00" lastname="node-1" />
</exclusive-start>
<af-start id="693" threadId="000000000170E788" totalBytesRequested="32" timestamp="2019-09-21T20:35:02.862" intervalms="3594.042" />
<cycle-start id="694" type="global" contextid="0" timestamp="2019-09-21T20:35:02.862" intervalms="3594.028" />
<gc-start id="695" type="global" contextid="694" timestamp="2019-09-21T20:35:02.862">
  <mem-info id="696" free="111616" total="11206656" percent="0">
    <mem type="tenure" free="111616" total="11206656" percent="0">
      <mem type="soa" free="0" total="11095040" percent="0" />
      <mem type="loa" free="111616" total="111616" percent="100" />
    </mem>
  </mem-info>
</gc-start>
<allocation-stats totalBytes="4227224" >
  <allocated-bytes non-tlh="0" tlh="4227224" />
  <largest-consumer threadName="node-9" threadId="00000000016EC300" bytes="208792" />
</allocation-stats>
<gc-op id="697" type="mark" timems="2.589" contextid="694" timestamp="2019-09-21T20:35:02.865">
  <trace-info objectcount="144380" scancount="134872" scanbytes="5292272" />
  <finalization candidates="13" enqueued="0" />
  <references type="soft" candidates="45" cleared="0" enqueued="0" dynamicThreshold="12" maxThreshold="32" />
  <references type="weak" candidates="143" cleared="0" enqueued="0" />
  <references type="phantom" candidates="57" cleared="0" enqueued="0" />
  <stringconstants candidates="3838" cleared="0"  />
</gc-op>
<gc-op id="698" type="sweep" timems="0.284" contextid="694" timestamp="2019-09-21T20:35:02.865" />
<mem-info id="699" free="4336064" total="11206656" percent="38">
  <mem type="tenure" free="4336064" total="11206656" percent="38" micro-fragmented="0" macro-fragmented="0">
    <mem type="soa" free="4224448" total="11095040" percent="38" />
    <mem type="loa" free="111616" total="111616" percent="100" />
  </mem>
</mem-info>
<gc-op id="700" type="compact" timems="7.244" contextid="694" timestamp="2019-09-21T20:35:02.873">
  <compact-info movecount="1177" movebytes="30328" reason="compact to aid heap contraction" />
</gc-op>
<heap-resize id="701" type="expand" space="tenure" amount="65536" count="1" timems="0.016" reason="satisfy allocation request" timestamp="2019-09-21T20:35:02.873" />
<gc-end id="702" type="global" contextid="694" durationms="10.864" usertimems="12.000" systemtimems="8.000" timestamp="2019-09-21T20:35:02.873" activeThreads="8">
  <mem-info id="703" free="4392664" total="11272192" percent="38">
    <mem type="tenure" free="4392664" total="11272192" percent="38">
      <mem type="soa" free="4280024" total="11159552" percent="38" />
      <mem type="loa" free="112640" total="112640" percent="100" />
    </mem>
  </mem-info>
</gc-end>
<cycle-end id="704" type="global" contextid="694" timestamp="2019-09-21T20:35:02.873" />
  <attribute name="elasticGC enabled" value="1" />
  <attribute name= "numThreadsSpecified" value="8" />
  <attribute name="heapSize specified" value="11206656" />
  <attribute name="Current GC Util" value="15" />
  <attribute name= "Current Time Running" value="94626" />
  <attribute name ="GC Interval" value="0" />
  <attribute name="Target GC Util Change" value ="40.000000" />
  <attribute name="Current GC Util Change" value="15.000000"/>
  <attribute name="Current Error" value="-197.000000" />
  <attribute name="Output H" value="11244384"/>
  <attribute name="Output I" value="1888"/>
  <attribute name="Output T" value="8"/>
  <attribute name= "Current Time Running" value="94626" />
  <attribute name="GC Util currently" value="15" />
  <attribute name="CPU Util currently" value="313213836762" />
<allocation-satisfied id="705" threadId="000000000170DE00" bytesRequested="32" />
<af-end id="706" timestamp="2019-09-21T20:35:02.873" threadId="000000000170E788" success="true" />
<exclusive-end id="707" timestamp="2019-09-21T20:35:02.874" durationms="11.407" />

<exclusive-start id="708" timestamp="2019-09-21T20:35:06.663" intervalms="3801.178">
  <response-info timems="0.073" idlems="0.068" threads="1" lastid="000000000171CE00" lastname="node-23" />
</exclusive-start>
<af-start id="709" threadId="0000000001734288" totalBytesRequested="16" timestamp="2019-09-21T20:35:06.663" intervalms="3801.228" />
<cycle-start id="710" type="global" contextid="0" timestamp="2019-09-21T20:35:06.664" intervalms="3801.260" />
<gc-start id="711" type="global" contextid="710" timestamp="2019-09-21T20:35:06.664">
  <mem-info id="712" free="112640" total="11272192" percent="0">
    <mem type="tenure" free="112640" total="11272192" percent="0">
      <mem type="soa" free="0" total="11159552" percent="0" />
      <mem type="loa" free="112640" total="112640" percent="100" />
    </mem>
  </mem-info>
</gc-start>
<allocation-stats totalBytes="4292448" >
  <allocated-bytes non-tlh="0" tlh="4292448" />
  <largest-consumer threadName="node-12" threadId="0000000001724600" bytes="208592" />
</allocation-stats>
<gc-op id="713" type="mark" timems="4.679" contextid="710" timestamp="2019-09-21T20:35:06.668">
  <trace-info objectcount="144375" scancount="134843" scanbytes="5291608" />
  <finalization candidates="13" enqueued="0" />
  <references type="soft" candidates="45" cleared="0" enqueued="0" dynamicThreshold="12" maxThreshold="32" />
  <references type="weak" candidates="143" cleared="0" enqueued="0" />
  <references type="phantom" candidates="57" cleared="0" enqueued="0" />
  <stringconstants candidates="3838" cleared="0"  />
</gc-op>
<gc-op id="714" type="sweep" timems="1.038" contextid="710" timestamp="2019-09-21T20:35:06.670" />
<mem-info id="715" free="4385960" total="11272192" percent="38">
  <mem type="tenure" free="4385960" total="11272192" percent="38" micro-fragmented="0" macro-fragmented="0">
    <mem type="soa" free="4273320" total="11159552" percent="38" />
    <mem type="loa" free="112640" total="112640" percent="100" />
  </mem>
</mem-info>
<gc-op id="716" type="compact" timems="9.262" contextid="710" timestamp="2019-09-21T20:35:06.679">
  <compact-info movecount="1172" movebytes="41656" reason="compact to aid heap contraction" />
</gc-op>
<heap-resize id="717" type="expand" space="tenure" amount="65536" count="1" timems="0.018" reason="satisfy allocation request" timestamp="2019-09-21T20:35:06.680" />
<gc-end id="718" type="global" contextid="710" durationms="16.657" usertimems="28.000" systemtimems="0.000" timestamp="2019-09-21T20:35:06.680" activeThreads="8">
  <mem-info id="719" free="4446872" total="11337728" percent="39">
    <mem type="tenure" free="4446872" total="11337728" percent="39">
      <mem type="soa" free="4334232" total="11225088" percent="38" />
      <mem type="loa" free="112640" total="112640" percent="100" />
    </mem>
  </mem-info>
</gc-end>
<cycle-end id="720" type="global" contextid="710" timestamp="2019-09-21T20:35:06.681" />
  <attribute name="elasticGC enabled" value="1" />
  <attribute name= "numThreadsSpecified" value="8" />
  <attribute name="heapSize specified" value="11272192" />
  <attribute name="Current GC Util" value="61" />
  <attribute name= "Current Time Running" value="98432" />
  <attribute name ="GC Interval" value="0" />
  <attribute name="Target GC Util Change" value ="40.000000" />
  <attribute name="Current GC Util Change" value="61.000000"/>
  <attribute name="Current Error" value="-21.000000" />
  <attribute name="Output H" value="11310024"/>
  <attribute name="Output I" value="1992"/>
  <attribute name="Output T" value="8"/>
  <attribute name= "Current Time Running" value="98432" />
  <attribute name="GC Util currently" value="61" />
  <attribute name="CPU Util currently" value="242678957493" />
<allocation-satisfied id="721" threadId="0000000001733900" bytesRequested="16" />
<af-end id="722" timestamp="2019-09-21T20:35:06.681" threadId="0000000001734288" success="true" />
<exclusive-end id="723" timestamp="2019-09-21T20:35:06.681" durationms="17.676" />

<exclusive-start id="724" timestamp="2019-09-21T20:35:10.357" intervalms="3694.000">
  <response-info timems="0.059" idlems="0.059" threads="0" lastid="00000000016FB300" lastname="node-10" />
</exclusive-start>
<af-start id="725" threadId="00000000016FBC88" totalBytesRequested="16" timestamp="2019-09-21T20:35:10.357" intervalms="3693.949" />
<cycle-start id="726" type="global" contextid="0" timestamp="2019-09-21T20:35:10.358" intervalms="3693.947" />
<gc-start id="727" type="global" contextid="726" timestamp="2019-09-21T20:35:10.358">
  <mem-info id="728" free="112640" total="11337728" percent="0">
    <mem type="tenure" free="112640" total="11337728" percent="0">
      <mem type="soa" free="0" total="11225088" percent="0" />
      <mem type="loa" free="112640" total="112640" percent="100" />
    </mem>
  </mem-info>
</gc-start>
<allocation-stats totalBytes="4354472" >
  <allocated-bytes non-tlh="0" tlh="4354472" />
  <largest-consumer threadName="node-7" threadId="0000000001720A00" bytes="225248" />
</allocation-stats>
<gc-op id="729" type="mark" timems="2.375" contextid="726" timestamp="2019-09-21T20:35:10.360">
  <trace-info objectcount="144314" scancount="134797" scanbytes="5290296" />
  <finalization candidates="13" enqueued="0" />
  <references type="soft" candidates="45" cleared="0" enqueued="0" dynamicThreshold="12" maxThreshold="32" />
  <references type="weak" candidates="143" cleared="0" enqueued="0" />
  <references type="phantom" candidates="57" cleared="0" enqueued="0" />
  <stringconstants candidates="3838" cleared="0"  />
</gc-op>
<gc-op id="730" type="sweep" timems="0.283" contextid="726" timestamp="2019-09-21T20:35:10.360" />
<mem-info id="731" free="4470872" total="11337728" percent="39">
  <mem type="tenure" free="4470872" total="11337728" percent="39" micro-fragmented="0" macro-fragmented="0">
    <mem type="soa" free="4358232" total="11225088" percent="38" />
    <mem type="loa" free="112640" total="112640" percent="100" />
  </mem>
</mem-info>
<gc-op id="732" type="compact" timems="7.312" contextid="726" timestamp="2019-09-21T20:35:10.368">
  <compact-info movecount="1111" movebytes="37440" reason="compact to aid heap contraction" />
</gc-op>
<heap-resize id="733" type="expand" space="tenure" amount="65536" count="1" timems="0.017" reason="satisfy allocation request" timestamp="2019-09-21T20:35:10.368" />
<gc-end id="734" type="global" contextid="726" durationms="10.769" usertimems="20.000" systemtimems="0.000" timestamp="2019-09-21T20:35:10.368" activeThreads="8">
  <mem-info id="735" free="4516624" total="11403264" percent="39">
    <mem type="tenure" free="4516624" total="11403264" percent="39">
      <mem type="soa" free="4402960" total="11289600" percent="39" />
      <mem type="loa" free="113664" total="113664" percent="100" />
    </mem>
  </mem-info>
</gc-end>
<cycle-end id="736" type="global" contextid="726" timestamp="2019-09-21T20:35:10.369" />
  <attribute name="elasticGC enabled" value="1" />
  <attribute name= "numThreadsSpecified" value="8" />
  <attribute name="heapSize specified" value="11337728" />
  <attribute name="Current GC Util" value="18" />
  <attribute name= "Current Time Running" value="102121" />
  <attribute name ="GC Interval" value="0" />
  <attribute name="Target GC Util Change" value ="40.000000" />
  <attribute name="Current GC Util Change" value="18.000000"/>
  <attribute name="Current Error" value="-250.000000" />
  <attribute name="Output H" value="11375424"/>
  <attribute name="Output I" value="1856"/>
  <attribute name="Output T" value="8"/>
  <attribute name= "Current Time Running" value="102121" />
  <attribute name="GC Util currently" value="18" />
  <attribute name="CPU Util currently" value="307772545849" />
<allocation-satisfied id="737" threadId="00000000016FB300" bytesRequested="16" />
<af-end id="738" timestamp="2019-09-21T20:35:10.369" threadId="00000000016FBC88" success="true" />
<exclusive-end id="739" timestamp="2019-09-21T20:35:10.369" durationms="11.547" />

<exclusive-start id="740" timestamp="2019-09-21T20:35:14.385" intervalms="4027.276">
  <response-info timems="0.050" idlems="0.050" threads="0" lastid="0000000001733900" lastname="node-16" />
</exclusive-start>
<af-start id="741" threadId="0000000001734288" totalBytesRequested="24" timestamp="2019-09-21T20:35:14.385" intervalms="4027.273" />
<cycle-start id="742" type="global" contextid="0" timestamp="2019-09-21T20:35:14.385" intervalms="4027.251" />
<gc-start id="743" type="global" contextid="742" timestamp="2019-09-21T20:35:14.385">
  <mem-info id="744" free="113664" total="11403264" percent="0">
    <mem type="tenure" free="113664" total="11403264" percent="0">
      <mem type="soa" free="0" total="11289600" percent="0" />
      <mem type="loa" free="113664" total="113664" percent="100" />
    </mem>
  </mem-info>
</gc-start>
<allocation-stats totalBytes="4419472" >
  <allocated-bytes non-tlh="0" tlh="4419472" />
  <largest-consumer threadName="node-11" threadId="0000000001719200" bytes="208872" />
</allocation-stats>
<gc-op id="745" type="mark" timems="4.058" contextid="742" timestamp="2019-09-21T20:35:14.389">
  <trace-info objectcount="144235" scancount="134751" scanbytes="5288792" />
  <finalization candidates="13" enqueued="0" />
  <references type="soft" candidates="45" cleared="0" enqueued="0" dynamicThreshold="12" maxThreshold="32" />
  <references type="weak" candidates="143" cleared="0" enqueued="0" />
  <references type="phantom" candidates="57" cleared="0" enqueued="0" />
  <stringconstants candidates="3838" cleared="0"  />
</gc-op>
<gc-op id="746" type="sweep" timems="1.617" contextid="742" timestamp="2019-09-21T20:35:14.391" />
<mem-info id="747" free="4545896" total="11403264" percent="39">
  <mem type="tenure" free="4545896" total="11403264" percent="39" micro-fragmented="0" macro-fragmented="0">
    <mem type="soa" free="4432232" total="11289600" percent="39" />
    <mem type="loa" free="113664" total="113664" percent="100" />
  </mem>
</mem-info>
<gc-op id="748" type="compact" timems="11.674" contextid="742" timestamp="2019-09-21T20:35:14.403">
  <compact-info movecount="1032" movebytes="26848" reason="compact to aid heap contraction" />
</gc-op>
<heap-resize id="749" type="expand" space="tenure" amount="65536" count="1" timems="0.017" reason="satisfy allocation request" timestamp="2019-09-21T20:35:14.404" />
<gc-end id="750" type="global" contextid="742" durationms="18.933" usertimems="32.000" systemtimems="0.000" timestamp="2019-09-21T20:35:14.404" activeThreads="8">
  <mem-info id="751" free="4592752" total="11468800" percent="40">
    <mem type="tenure" free="4592752" total="11468800" percent="40">
      <mem type="soa" free="4478064" total="11354112" percent="39" />
      <mem type="loa" free="114688" total="114688" percent="100" />
    </mem>
  </mem-info>
</gc-end>
<cycle-end id="752" type="global" contextid="742" timestamp="2019-09-21T20:35:14.404" />
  <attribute name="elasticGC enabled" value="1" />
  <attribute name= "numThreadsSpecified" value="8" />
  <attribute name="heapSize specified" value="11403264" />
  <attribute name="Current GC Util" value="71" />
  <attribute name= "Current Time Running" value="106156" />
  <attribute name ="GC Interval" value="0" />
  <attribute name="Target GC Util Change" value ="40.000000" />
  <attribute name="Current GC Util Change" value="71.000000"/>
  <attribute name="Current Error" value="-381.000000" />
  <attribute name="Output H" value="11440888"/>
  <attribute name="Output I" value="1784"/>
  <attribute name="Output T" value="8"/>
  <attribute name= "Current Time Running" value="106156" />
  <attribute name="GC Util currently" value="71" />
  <attribute name="CPU Util currently" value="195204284085" />
<allocation-satisfied id="753" threadId="0000000001733900" bytesRequested="24" />
<af-end id="754" timestamp="2019-09-21T20:35:14.404" threadId="0000000001734288" success="true" />
<exclusive-end id="755" timestamp="2019-09-21T20:35:14.404" durationms="19.592" />

<exclusive-start id="756" timestamp="2019-09-21T20:35:18.535" intervalms="4149.956">
  <response-info timems="0.050" idlems="0.050" threads="0" lastid="000000000173ED00" lastname="node-20" />
</exclusive-start>
<af-start id="757" threadId="000000000173F688" totalBytesRequested="24" timestamp="2019-09-21T20:35:18.535" intervalms="4149.960" />
<cycle-start id="758" type="global" contextid="0" timestamp="2019-09-21T20:35:18.535" intervalms="4149.960" />
<gc-start id="759" type="global" contextid="758" timestamp="2019-09-21T20:35:18.535">
  <mem-info id="760" free="114688" total="11468800" percent="1">
    <mem type="tenure" free="114688" total="11468800" percent="1">
      <mem type="soa" free="0" total="11354112" percent="0" />
      <mem type="loa" free="114688" total="114688" percent="100" />
    </mem>
  </mem-info>
</gc-start>
<allocation-stats totalBytes="4498728" >
  <allocated-bytes non-tlh="0" tlh="4498728" />
  <largest-consumer threadName="node-14" threadId="00000000016FEE00" bytes="208880" />
</allocation-stats>
<gc-op id="761" type="mark" timems="2.171" contextid="758" timestamp="2019-09-21T20:35:18.537">
  <trace-info objectcount="144188" scancount="134681" scanbytes="5287584" />
  <finalization candidates="13" enqueued="0" />
  <references type="soft" candidates="45" cleared="0" enqueued="0" dynamicThreshold="12" maxThreshold="32" />
  <references type="weak" candidates="143" cleared="0" enqueued="0" />
  <references type="phantom" candidates="57" cleared="0" enqueued="0" />
  <stringconstants candidates="3838" cleared="0"  />
</gc-op>
<gc-op id="762" type="sweep" timems="0.273" contextid="758" timestamp="2019-09-21T20:35:18.537" />
<mem-info id="763" free="4611352" total="11468800" percent="40">
  <mem type="tenure" free="4611352" total="11468800" percent="40" micro-fragmented="0" macro-fragmented="0">
    <mem type="soa" free="4496664" total="11354112" percent="39" />
    <mem type="loa" free="114688" total="114688" percent="100" />
  </mem>
</mem-info>
<gc-op id="764" type="compact" timems="7.195" contextid="758" timestamp="2019-09-21T20:35:18.545">
  <compact-info movecount="985" movebytes="26872" reason="compact to aid heap contraction" />
</gc-op>
<heap-resize id="765" type="expand" space="tenure" amount="65536" count="1" timems="0.017" reason="satisfy allocation request" timestamp="2019-09-21T20:35:18.545" />
<gc-end id="766" type="global" contextid="758" durationms="10.478" usertimems="16.000" systemtimems="0.000" timestamp="2019-09-21T20:35:18.545" activeThreads="8">
  <mem-info id="767" free="4658264" total="11534336" percent="40">
    <mem type="tenure" free="4658264" total="11534336" percent="40">
      <mem type="soa" free="4543576" total="11419648" percent="39" />
      <mem type="loa" free="114688" total="114688" percent="100" />
    </mem>
  </mem-info>
</gc-end>
<cycle-end id="768" type="global" contextid="758" timestamp="2019-09-21T20:35:18.545" />
  <attribute name="elasticGC enabled" value="1" />
  <attribute name= "numThreadsSpecified" value="8" />
  <attribute name="heapSize specified" value="11468800" />
  <attribute name="Current GC Util" value="18" />
  <attribute name= "Current Time Running" value="110298" />
  <attribute name ="GC Interval" value="0" />
  <attribute name="Target GC Util Change" value ="40.000000" />
  <attribute name="Current GC Util Change" value="18.000000"/>
  <attribute name="Current Error" value="22.000000" />
  <attribute name="Output H" value="11506656"/>
  <attribute name="Output I" value="2016"/>
  <attribute name="Output T" value="8"/>
  <attribute name= "Current Time Running" value="110298" />
  <attribute name="GC Util currently" value="18" />
  <attribute name="CPU Util currently" value="313622933251" />
<allocation-satisfied id="769" threadId="000000000173ED00" bytesRequested="24" />
<af-end id="770" timestamp="2019-09-21T20:35:18.546" threadId="000000000173F688" success="true" />
<exclusive-end id="771" timestamp="2019-09-21T20:35:18.546" durationms="11.195" />

<exclusive-start id="772" timestamp="2019-09-21T20:35:21.669" intervalms="3134.382">
  <response-info timems="0.047" idlems="0.047" threads="0" lastid="00000000016E8700" lastname="node-3" />
</exclusive-start>
<af-start id="773" threadId="00000000016E9088" totalBytesRequested="16" timestamp="2019-09-21T20:35:21.669" intervalms="3134.380" />
<cycle-start id="774" type="global" contextid="0" timestamp="2019-09-21T20:35:21.669" intervalms="3134.390" />
<gc-start id="775" type="global" contextid="774" timestamp="2019-09-21T20:35:21.669">
  <mem-info id="776" free="114688" total="11534336" percent="0">
    <mem type="tenure" free="114688" total="11534336" percent="0">
      <mem type="soa" free="0" total="11419648" percent="0" />
      <mem type="loa" free="114688" total="114688" percent="100" />
    </mem>
  </mem-info>
</gc-start>
<allocation-stats totalBytes="4565440" >
  <allocated-bytes non-tlh="0" tlh="4565440" />
  <largest-consumer threadName="node-0" threadId="00000000016E4B00" bytes="208872" />
</allocation-stats>
<gc-op id="777" type="mark" timems="4.147" contextid="774" timestamp="2019-09-21T20:35:21.673">
  <trace-info objectcount="144182" scancount="134655" scanbytes="5287168" />
  <finalization candidates="13" enqueued="0" />
  <references type="soft" candidates="45" cleared="0" enqueued="0" dynamicThreshold="12" maxThreshold="32" />
  <references type="weak" candidates="143" cleared="0" enqueued="0" />
  <references type="phantom" candidates="57" cleared="0" enqueued="0" />
  <stringconstants candidates="3838" cleared="0"  />
</gc-op>
<gc-op id="778" type="sweep" timems="1.138" contextid="774" timestamp="2019-09-21T20:35:21.675" />
<mem-info id="779" free="4668968" total="11534336" percent="40">
  <mem type="tenure" free="4668968" total="11534336" percent="40" micro-fragmented="0" macro-fragmented="0">
    <mem type="soa" free="4554280" total="11419648" percent="39" />
    <mem type="loa" free="114688" total="114688" percent="100" />
  </mem>
</mem-info>
<gc-op id="780" type="compact" timems="9.425" contextid="774" timestamp="2019-09-21T20:35:21.684">
  <compact-info movecount="979" movebytes="31664" reason="compact to aid heap contraction" />
</gc-op>
<heap-resize id="781" type="expand" space="tenure" amount="65536" count="1" timems="0.018" reason="satisfy allocation request" timestamp="2019-09-21T20:35:21.685" />
<gc-end id="782" type="global" contextid="774" durationms="16.124" usertimems="28.000" systemtimems="0.000" timestamp="2019-09-21T20:35:21.685" activeThreads="8">
  <mem-info id="783" free="4719008" total="11599872" percent="40">
    <mem type="tenure" free="4719008" total="11599872" percent="40">
      <mem type="soa" free="4603296" total="11484160" percent="40" />
      <mem type="loa" free="115712" total="115712" percent="100" />
    </mem>
  </mem-info>
</gc-end>
<cycle-end id="784" type="global" contextid="774" timestamp="2019-09-21T20:35:21.686" />
  <attribute name="elasticGC enabled" value="1" />
  <attribute name= "numThreadsSpecified" value="8" />
  <attribute name="heapSize specified" value="11534336" />
  <attribute name="Current GC Util" value="46" />
  <attribute name= "Current Time Running" value="113437" />
  <attribute name ="GC Interval" value="0" />
  <attribute name="Target GC Util Change" value ="40.000000" />
  <attribute name="Current GC Util Change" value="46.000000"/>
  <attribute name="Current Error" value="-241.000000" />
  <attribute name="Output H" value="11572040"/>
  <attribute name="Output I" value="1864"/>
  <attribute name="Output T" value="8"/>
  <attribute name= "Current Time Running" value="113437" />
  <attribute name="GC Util currently" value="46" />
  <attribute name="CPU Util currently" value="240299687685" />
<allocation-satisfied id="785" threadId="00000000016E8700" bytesRequested="16" />
<af-end id="786" timestamp="2019-09-21T20:35:21.686" threadId="00000000016E9088" success="true" />
<exclusive-end id="787" timestamp="2019-09-21T20:35:21.686" durationms="16.938" />

<exclusive-start id="788" timestamp="2019-09-21T20:35:24.886" intervalms="3216.846">
  <response-info timems="0.057" idlems="0.057" threads="0" lastid="00000000016E4B00" lastname="node-0" />
</exclusive-start>
<af-start id="789" threadId="00000000016E5488" totalBytesRequested="32" timestamp="2019-09-21T20:35:24.886" intervalms="3216.864" />
<cycle-start id="790" type="global" contextid="0" timestamp="2019-09-21T20:35:24.886" intervalms="3216.866" />
<gc-start id="791" type="global" contextid="790" timestamp="2019-09-21T20:35:24.886">
  <mem-info id="792" free="115712" total="11599872" percent="0">
    <mem type="tenure" free="115712" total="11599872" percent="0">
      <mem type="soa" free="0" total="11484160" percent="0" />
      <mem type="loa" free="115712" total="115712" percent="100" />
    </mem>
  </mem-info>
</gc-start>
<allocation-stats totalBytes="4620296" >
  <allocated-bytes non-tlh="0" tlh="4620296" />
  <largest-consumer threadName="node-19" threadId="0000000001706600" bytes="208872" />
</allocation-stats>
<gc-op id="793" type="mark" timems="2.502" contextid="790" timestamp="2019-09-21T20:35:24.889">
  <trace-info objectcount="144109" scancount="134602" scanbytes="5285680" />
  <finalization candidates="13" enqueued="0" />
  <references type="soft" candidates="45" cleared="0" enqueued="0" dynamicThreshold="13" maxThreshold="32" />
  <references type="weak" candidates="143" cleared="0" enqueued="0" />
  <references type="phantom" candidates="57" cleared="0" enqueued="0" />
  <stringconstants candidates="3838" cleared="0"  />
</gc-op>
<gc-op id="794" type="sweep" timems="0.303" contextid="790" timestamp="2019-09-21T20:35:24.889" />
<mem-info id="795" free="4744880" total="11599872" percent="40">
  <mem type="tenure" free="4744880" total="11599872" percent="40" micro-fragmented="0" macro-fragmented="0">
    <mem type="soa" free="4629168" total="11484160" percent="40" />
    <mem type="loa" free="115712" total="115712" percent="100" />
  </mem>
</mem-info>
<gc-op id="796" type="compact" timems="7.335" contextid="790" timestamp="2019-09-21T20:35:24.897">
  <compact-info movecount="906" movebytes="24968" reason="compact to aid heap contraction" />
</gc-op>
<heap-resize id="797" type="expand" space="tenure" amount="65536" count="1" timems="0.017" reason="satisfy allocation request" timestamp="2019-09-21T20:35:24.897" />
<gc-end id="798" type="global" contextid="790" durationms="10.929" usertimems="8.000" systemtimems="12.000" timestamp="2019-09-21T20:35:24.897" activeThreads="8">
  <mem-info id="799" free="4791240" total="11665408" percent="41">
    <mem type="tenure" free="4791240" total="11665408" percent="41">
      <mem type="soa" free="4675528" total="11549696" percent="40" />
      <mem type="loa" free="115712" total="115712" percent="100" />
    </mem>
  </mem-info>
</gc-end>
<cycle-end id="800" type="global" contextid="790" timestamp="2019-09-21T20:35:24.897" />
  <attribute name="elasticGC enabled" value="1" />
  <attribute name= "numThreadsSpecified" value="8" />
  <attribute name="heapSize specified" value="11599872" />
  <attribute name="Current GC Util" value="18" />
  <attribute name= "Current Time Running" value="116650" />
  <attribute name ="GC Interval" value="0" />
  <attribute name="Target GC Util Change" value ="40.000000" />
  <attribute name="Current GC Util Change" value="18.000000"/>
  <attribute name="Current Error" value="-279.000000" />
  <attribute name="Output H" value="11637552"/>
  <attribute name="Output I" value="1840"/>
  <attribute name="Output T" value="8"/>
  <attribute name= "Current Time Running" value="116650" />
  <attribute name="GC Util currently" value="18" />
  <attribute name="CPU Util currently" value="308938357625" />
<allocation-satisfied id="801" threadId="00000000016E4B00" bytesRequested="32" />
<af-end id="802" timestamp="2019-09-21T20:35:24.897" threadId="00000000016E5488" success="true" />
<exclusive-end id="803" timestamp="2019-09-21T20:35:24.897" durationms="11.628" />

<exclusive-start id="804" timestamp="2019-09-21T20:35:28.473" intervalms="3587.056">
  <response-info timems="0.044" idlems="0.044" threads="0" lastid="00000000016EFF00" lastname="node-6" />
</exclusive-start>
<af-start id="805" threadId="00000000016F0888" totalBytesRequested="16" timestamp="2019-09-21T20:35:28.473" intervalms="3587.032" />
<cycle-start id="806" type="global" contextid="0" timestamp="2019-09-21T20:35:28.473" intervalms="3587.010" />
<gc-start id="807" type="global" contextid="806" timestamp="2019-09-21T20:35:28.473">
  <mem-info id="808" free="115712" total="11665408" percent="0">
    <mem type="tenure" free="115712" total="11665408" percent="0">
      <mem type="soa" free="0" total="11549696" percent="0" />
      <mem type="loa" free="115712" total="115712" percent="100" />
    </mem>
  </mem-info>
</gc-start>
<allocation-stats totalBytes="4696176" >
  <allocated-bytes non-tlh="0" tlh="4696176" />
  <largest-consumer threadName="node-15" threadId="0000000001711A00" bytes="208888" />
</allocation-stats>
<gc-op id="809" type="mark" timems="2.188" contextid="806" timestamp="2019-09-21T20:35:28.475">
  <trace-info objectcount="144040" scancount="134555" scanbytes="5284560" />
  <finalization candidates="13" enqueued="0" />
  <references type="soft" candidates="45" cleared="0" enqueued="0" dynamicThreshold="13" maxThreshold="32" />
  <references type="weak" candidates="143" cleared="0" enqueued="0" />
  <references type="phantom" candidates="57" cleared="0" enqueued="0" />
  <stringconstants candidates="3838" cleared="0"  />
</gc-op>
<gc-op id="810" type="sweep" timems="0.280" contextid="806" timestamp="2019-09-21T20:35:28.476" />
<mem-info id="811" free="4813328" total="11665408" percent="41">
  <mem type="tenure" free="4813328" total="11665408" percent="41" micro-fragmented="0" macro-fragmented="0">
    <mem type="soa" free="4697616" total="11549696" percent="40" />
    <mem type="loa" free="115712" total="115712" percent="100" />
  </mem>
</mem-info>
<gc-op id="812" type="compact" timems="7.411" contextid="806" timestamp="2019-09-21T20:35:28.483">
  <compact-info movecount="837" movebytes="20144" reason="compact to aid heap contraction" />
</gc-op>
<heap-resize id="813" type="expand" space="tenure" amount="65536" count="1" timems="0.029" reason="satisfy allocation request" timestamp="2019-09-21T20:35:28.484" />
<gc-end id="814" type="global" contextid="806" durationms="10.843" usertimems="20.000" systemtimems="0.000" timestamp="2019-09-21T20:35:28.484" activeThreads="8">
  <mem-info id="815" free="4861600" total="11730944" percent="41">
    <mem type="tenure" free="4861600" total="11730944" percent="41">
      <mem type="soa" free="4744864" total="11614208" percent="40" />
      <mem type="loa" free="116736" total="116736" percent="100" />
    </mem>
  </mem-info>
</gc-end>
<cycle-end id="816" type="global" contextid="806" timestamp="2019-09-21T20:35:28.484" />
  <attribute name="elasticGC enabled" value="1" />
  <attribute name= "numThreadsSpecified" value="8" />
  <attribute name="heapSize specified" value="11665408" />
  <attribute name="Current GC Util" value="18" />
  <attribute name= "Current Time Running" value="120236" />
  <attribute name ="GC Interval" value="0" />
  <attribute name="Target GC Util Change" value ="40.000000" />
  <attribute name="Current GC Util Change" value="18.000000"/>
  <attribute name="Current Error" value="22.000000" />
  <attribute name="Output H" value="11703264"/>
  <attribute name="Output I" value="2016"/>
  <attribute name="Output T" value="8"/>
  <attribute name= "Current Time Running" value="120236" />
  <attribute name="GC Util currently" value="18" />
  <attribute name="CPU Util currently" value="304610901341" />
<allocation-satisfied id="817" threadId="00000000016EFF00" bytesRequested="16" />
<af-end id="818" timestamp="2019-09-21T20:35:28.484" threadId="00000000016F0888" success="true" />
<exclusive-end id="819" timestamp="2019-09-21T20:35:28.484" durationms="11.552" />

<exclusive-start id="820" timestamp="2019-09-21T20:35:31.748" intervalms="3274.902">
  <response-info timems="0.043" idlems="0.043" threads="0" lastid="0000000001737500" lastname="node-8" />
</exclusive-start>
<af-start id="821" threadId="0000000001737E88" totalBytesRequested="24" timestamp="2019-09-21T20:35:31.748" intervalms="3274.894" />
<cycle-start id="822" type="global" contextid="0" timestamp="2019-09-21T20:35:31.748" intervalms="3274.896" />
<gc-start id="823" type="global" contextid="822" timestamp="2019-09-21T20:35:31.748">
  <mem-info id="824" free="116736" total="11730944" percent="0">
    <mem type="tenure" free="116736" total="11730944" percent="0">
      <mem type="soa" free="0" total="11614208" percent="0" />
      <mem type="loa" free="116736" total="116736" percent="100" />
    </mem>
  </mem-info>
</gc-start>
<allocation-stats totalBytes="4765632" >
  <allocated-bytes non-tlh="0" tlh="4765632" />
  <largest-consumer threadName="node-16" threadId="0000000001733900" bytes="208872" />
</allocation-stats>
<gc-op id="825" type="mark" timems="2.547" contextid="822" timestamp="2019-09-21T20:35:31.751">
  <trace-info objectcount="144026" scancount="134518" scanbytes="5283696" />
  <finalization candidates="13" enqueued="0" />
  <references type="soft" candidates="45" cleared="0" enqueued="0" dynamicThreshold="13" maxThreshold="32" />
  <references type="weak" candidates="143" cleared="0" enqueued="0" />
  <references type="phantom" candidates="57" cleared="0" enqueued="0" />
  <stringconstants candidates="3838" cleared="0"  />
</gc-op>
<gc-op id="826" type="sweep" timems="0.277" contextid="822" timestamp="2019-09-21T20:35:31.751" />
<mem-info id="827" free="4878072" total="11730944" percent="41">
  <mem type="tenure" free="4878072" total="11730944" percent="41" micro-fragmented="0" macro-fragmented="0">
    <mem type="soa" free="4761336" total="11614208" percent="40" />
    <mem type="loa" free="116736" total="116736" percent="100" />
  </mem>
</mem-info>
<gc-op id="828" type="compact" timems="7.383" contextid="822" timestamp="2019-09-21T20:35:31.758">
  <compact-info movecount="823" movebytes="23152" reason="compact to aid heap contraction" />
</gc-op>
<heap-resize id="829" type="expand" space="tenure" amount="65536" count="1" timems="0.029" reason="satisfy allocation request" timestamp="2019-09-21T20:35:31.759" />
<gc-end id="830" type="global" contextid="822" durationms="11.063" usertimems="20.000" systemtimems="0.000" timestamp="2019-09-21T20:35:31.759" activeThreads="8">
  <mem-info id="831" free="4924128" total="11796480" percent="41">
    <mem type="tenure" free="4924128" total="11796480" percent="41">
      <mem type="soa" free="4806368" total="11678720" percent="41" />
      <mem type="loa" free="117760" total="117760" percent="100" />
    </mem>
  </mem-info>
</gc-end>
<cycle-end id="832" type="global" contextid="822" timestamp="2019-09-21T20:35:31.759" />
  <attribute name="elasticGC enabled" value="1" />
  <attribute name= "numThreadsSpecified" value="8" />
  <attribute name="heapSize specified" value="11730944" />
  <attribute name="Current GC Util" value="19" />
  <attribute name= "Current Time Running" value="123512" />
  <attribute name ="GC Interval" value="0" />
  <attribute name="Target GC Util Change" value ="40.000000" />
  <attribute name="Current GC Util Change" value="19.000000"/>
  <attribute name="Current Error" value="-216.000000" />
  <attribute name="Output H" value="11768664"/>
  <attribute name="Output I" value="1880"/>
  <attribute name="Output T" value="8"/>
  <attribute name= "Current Time Running" value="123512" />
  <attribute name="GC Util currently" value="19" />
  <attribute name="CPU Util currently" value="305212997386" />
<allocation-satisfied id="833" threadId="0000000001737500" bytesRequested="24" />
<af-end id="834" timestamp="2019-09-21T20:35:31.759" threadId="0000000001737E88" success="true" />
<exclusive-end id="835" timestamp="2019-09-21T20:35:31.760" durationms="11.858" />

<exclusive-start id="836" timestamp="2019-09-21T20:35:35.659" intervalms="3911.535">
  <response-info timems="0.044" idlems="0.044" threads="0" lastid="00000000016EC300" lastname="node-9" />
</exclusive-start>
<af-start id="837" threadId="00000000016ECC88" totalBytesRequested="368" timestamp="2019-09-21T20:35:35.659" intervalms="3911.538" />
<cycle-start id="838" type="global" contextid="0" timestamp="2019-09-21T20:35:35.659" intervalms="3911.535" />
<gc-start id="839" type="global" contextid="838" timestamp="2019-09-21T20:35:35.659">
  <mem-info id="840" free="117760" total="11796480" percent="0">
    <mem type="tenure" free="117760" total="11796480" percent="0">
      <mem type="soa" free="0" total="11678720" percent="0" />
      <mem type="loa" free="117760" total="117760" percent="100" />
    </mem>
  </mem-info>
</gc-start>
<allocation-stats totalBytes="4825912" >
  <allocated-bytes non-tlh="0" tlh="4825912" />
  <largest-consumer threadName="node-7" threadId="0000000001720A00" bytes="234816" />
</allocation-stats>
<gc-op id="841" type="mark" timems="2.161" contextid="838" timestamp="2019-09-21T20:35:35.662">
  <trace-info objectcount="143994" scancount="134486" scanbytes="5282904" />
  <finalization candidates="13" enqueued="0" />
  <references type="soft" candidates="45" cleared="0" enqueued="0" dynamicThreshold="13" maxThreshold="32" />
  <references type="weak" candidates="143" cleared="0" enqueued="0" />
  <references type="phantom" candidates="57" cleared="0" enqueued="0" />
  <stringconstants candidates="3838" cleared="0"  />
</gc-op>
<gc-op id="842" type="sweep" timems="0.316" contextid="838" timestamp="2019-09-21T20:35:35.662" />
<mem-info id="843" free="4935128" total="11796480" percent="41">
  <mem type="tenure" free="4935128" total="11796480" percent="41" micro-fragmented="0" macro-fragmented="0">
    <mem type="soa" free="4817368" total="11678720" percent="41" />
    <mem type="loa" free="117760" total="117760" percent="100" />
  </mem>
</mem-info>
<gc-op id="844" type="compact" timems="7.204" contextid="838" timestamp="2019-09-21T20:35:35.669">
  <compact-info movecount="791" movebytes="28160" reason="compact to aid heap contraction" />
</gc-op>
<heap-resize id="845" type="expand" space="tenure" amount="65536" count="1" timems="0.018" reason="satisfy allocation request" timestamp="2019-09-21T20:35:35.670" />
<gc-end id="846" type="global" contextid="838" durationms="10.500" usertimems="16.000" systemtimems="4.000" timestamp="2019-09-21T20:35:35.670" activeThreads="8">
  <mem-info id="847" free="4984656" total="11862016" percent="42">
    <mem type="tenure" free="4984656" total="11862016" percent="42">
      <mem type="soa" free="4866896" total="11744256" percent="41" />
      <mem type="loa" free="117760" total="117760" percent="100" />
    </mem>
  </mem-info>
</gc-end>
<cycle-end id="848" type="global" contextid="838" timestamp="2019-09-21T20:35:35.670" />
  <attribute name="elasticGC enabled" value="1" />
  <attribute name= "numThreadsSpecified" value="8" />
  <attribute name="heapSize specified" value="11796480" />
  <attribute name="Current GC Util" value="15" />
  <attribute name= "Current Time Running" value="127423" />
  <attribute name ="GC Interval" value="0" />
  <attribute name="Target GC Util Change" value ="40.000000" />
  <attribute name="Current GC Util Change" value="15.000000"/>
  <attribute name="Current Error" value="-280.000000" />
  <attribute name="Output H" value="11834160"/>
  <attribute name="Output I" value="1840"/>
  <attribute name="Output T" value="8"/>
  <attribute name= "Current Time Running" value="127423" />
  <attribute name="GC Util currently" value="15" />
  <attribute name="CPU Util currently" value="314155036566" />
<allocation-satisfied id="849" threadId="00000000016EC300" bytesRequested="368" />
<af-end id="850" timestamp="2019-09-21T20:35:35.670" threadId="00000000016ECC88" success="true" />
<exclusive-end id="851" timestamp="2019-09-21T20:35:35.671" durationms="11.258" />

<exclusive-start id="852" timestamp="2019-09-21T20:35:39.254" intervalms="3594.849">
  <response-info timems="0.059" idlems="0.059" threads="0" lastid="0000000001724600" lastname="node-12" />
</exclusive-start>
<af-start id="853" threadId="0000000001724F88" totalBytesRequested="16" timestamp="2019-09-21T20:35:39.254" intervalms="3594.873" />
<cycle-start id="854" type="global" contextid="0" timestamp="2019-09-21T20:35:39.254" intervalms="3594.923" />
<gc-start id="855" type="global" contextid="854" timestamp="2019-09-21T20:35:39.254">
  <mem-info id="856" free="117760" total="11862016" percent="0">
    <mem type="tenure" free="117760" total="11862016" percent="0">
      <mem type="soa" free="0" total="11744256" percent="0" />
      <mem type="loa" free="117760" total="117760" percent="100" />
    </mem>
  </mem-info>
</gc-start>
<allocation-stats totalBytes="4886360" >
  <allocated-bytes non-tlh="0" tlh="4886360" />
  <largest-consumer threadName="node-8" threadId="0000000001737500" bytes="257784" />
</allocation-stats>
<gc-op id="857" type="mark" timems="2.220" contextid="854" timestamp="2019-09-21T20:35:39.257">
  <trace-info objectcount="143968" scancount="134455" scanbytes="5282200" />
  <finalization candidates="13" enqueued="0" />
  <references type="soft" candidates="45" cleared="0" enqueued="0" dynamicThreshold="13" maxThreshold="32" />
  <references type="weak" candidates="143" cleared="0" enqueued="0" />
  <references type="phantom" candidates="57" cleared="0" enqueued="0" />
  <stringconstants candidates="3838" cleared="0"  />
</gc-op>
<gc-op id="858" type="sweep" timems="0.275" contextid="854" timestamp="2019-09-21T20:35:39.257" />
<mem-info id="859" free="5001208" total="11862016" percent="42">
  <mem type="tenure" free="5001208" total="11862016" percent="42" micro-fragmented="0" macro-fragmented="0">
    <mem type="soa" free="4883448" total="11744256" percent="41" />
    <mem type="loa" free="117760" total="117760" percent="100" />
  </mem>
</mem-info>
<gc-op id="860" type="compact" timems="7.347" contextid="854" timestamp="2019-09-21T20:35:39.265">
  <compact-info movecount="765" movebytes="26144" reason="compact to aid heap contraction" />
</gc-op>
<heap-resize id="861" type="expand" space="tenure" amount="65536" count="1" timems="0.015" reason="satisfy allocation request" timestamp="2019-09-21T20:35:39.265" />
<gc-end id="862" type="global" contextid="854" durationms="10.838" usertimems="20.000" systemtimems="0.000" timestamp="2019-09-21T20:35:39.265" activeThreads="8">
  <mem-info id="863" free="5052208" total="11927552" percent="42">
    <mem type="tenure" free="5052208" total="11927552" percent="42">
      <mem type="soa" free="4933424" total="11808768" percent="41" />
      <mem type="loa" free="118784" total="118784" percent="100" />
    </mem>
  </mem-info>
</gc-end>
<cycle-end id="864" type="global" contextid="854" timestamp="2019-09-21T20:35:39.265" />
  <attribute name="elasticGC enabled" value="1" />
  <attribute name= "numThreadsSpecified" value="8" />
  <attribute name="heapSize specified" value="11862016" />
  <attribute name="Current GC Util" value="17" />
  <attribute name= "Current Time Running" value="131018" />
  <attribute name ="GC Interval" value="0" />
  <attribute name="Target GC Util Change" value ="40.000000" />
  <attribute name="Current GC Util Change" value="17.000000"/>
  <attribute name="Current Error" value="23.000000" />
  <attribute name="Output H" value="11899872"/>
  <attribute name="Output I" value="2016"/>
  <attribute name="Output T" value="8"/>
  <attribute name= "Current Time Running" value="131018" />
  <attribute name="GC Util currently" value="17" />
  <attribute name="CPU Util currently" value="306327147925" />
<allocation-satisfied id="865" threadId="0000000001724600" bytesRequested="16" />
<af-end id="866" timestamp="2019-09-21T20:35:39.266" threadId="0000000001724F88" success="true" />
<exclusive-end id="867" timestamp="2019-09-21T20:35:39.266" durationms="11.728" />

<exclusive-start id="868" timestamp="2019-09-21T20:35:43.505" intervalms="4250.784">
  <response-info timems="0.040" idlems="0.040" threads="0" lastid="0000000001719200" lastname="node-11" />
</exclusive-start>
<af-start id="869" threadId="0000000001719B88" totalBytesRequested="32" timestamp="2019-09-21T20:35:43.505" intervalms="4250.771" />
<cycle-start id="870" type="global" contextid="0" timestamp="2019-09-21T20:35:43.505" intervalms="4250.723" />
<gc-start id="871" type="global" contextid="870" timestamp="2019-09-21T20:35:43.505">
  <mem-info id="872" free="118784" total="11927552" percent="0">
    <mem type="tenure" free="118784" total="11927552" percent="0">
      <mem type="soa" free="0" total="11808768" percent="0" />
      <mem type="loa" free="118784" total="118784" percent="100" />
    </mem>
  </mem-info>
</gc-start>
<allocation-stats totalBytes="4952856" >
  <allocated-bytes non-tlh="0" tlh="4952856" />
  <largest-consumer threadName="node-19" threadId="0000000001706600" bytes="257664" />
</allocation-stats>
<gc-op id="873" type="mark" timems="3.255" contextid="870" timestamp="2019-09-21T20:35:43.508">
  <trace-info objectcount="143881" scancount="134375" scanbytes="5280296" />
  <finalization candidates="13" enqueued="0" />
  <references type="soft" candidates="45" cleared="0" enqueued="0" dynamicThreshold="13" maxThreshold="32" />
  <references type="weak" candidates="143" cleared="0" enqueued="0" />
  <references type="phantom" candidates="57" cleared="0" enqueued="0" />
  <stringconstants candidates="3838" cleared="0"  />
</gc-op>
<gc-op id="874" type="sweep" timems="1.227" contextid="870" timestamp="2019-09-21T20:35:43.510" />
<mem-info id="875" free="5079936" total="11927552" percent="42">
  <mem type="tenure" free="5079936" total="11927552" percent="42" micro-fragmented="0" macro-fragmented="0">
    <mem type="soa" free="4961152" total="11808768" percent="42" />
    <mem type="loa" free="118784" total="118784" percent="100" />
  </mem>
</mem-info>
<gc-op id="876" type="compact" timems="10.010" contextid="870" timestamp="2019-09-21T20:35:43.520">
  <compact-info movecount="678" movebytes="18352" reason="compact to aid heap contraction" />
</gc-op>
<heap-resize id="877" type="expand" space="tenure" amount="65536" count="1" timems="0.033" reason="satisfy allocation request" timestamp="2019-09-21T20:35:43.521" />
<gc-end id="878" type="global" contextid="870" durationms="15.963" usertimems="24.000" systemtimems="0.000" timestamp="2019-09-21T20:35:43.521" activeThreads="8">
  <mem-info id="879" free="5125536" total="11993088" percent="42">
    <mem type="tenure" free="5125536" total="11993088" percent="42">
      <mem type="soa" free="5005728" total="11873280" percent="42" />
      <mem type="loa" free="119808" total="119808" percent="100" />
    </mem>
  </mem-info>
</gc-end>
<cycle-end id="880" type="global" contextid="870" timestamp="2019-09-21T20:35:43.521" />
  <attribute name="elasticGC enabled" value="1" />
  <attribute name= "numThreadsSpecified" value="8" />
  <attribute name="heapSize specified" value="11927552" />
  <attribute name="Current GC Util" value="54" />
  <attribute name= "Current Time Running" value="135273" />
  <attribute name ="GC Interval" value="0" />
  <attribute name="Target GC Util Change" value ="40.000000" />
  <attribute name="Current GC Util Change" value="54.000000"/>
  <attribute name="Current Error" value="-275.000000" />
  <attribute name="Output H" value="11965240"/>
  <attribute name="Output I" value="1848"/>
  <attribute name="Output T" value="8"/>
  <attribute name= "Current Time Running" value="135273" />
  <attribute name="GC Util currently" value="54" />
  <attribute name="CPU Util currently" value="226214824016" />
<allocation-satisfied id="881" threadId="0000000001719200" bytesRequested="32" />
<af-end id="882" timestamp="2019-09-21T20:35:43.522" threadId="0000000001719B88" success="true" />
<exclusive-end id="883" timestamp="2019-09-21T20:35:43.522" durationms="16.877" />

<exclusive-start id="884" timestamp="2019-09-21T20:35:47.236" intervalms="3731.026">
  <response-info timems="0.055" idlems="0.055" threads="0" lastid="0000000001711A00" lastname="node-15" />
</exclusive-start>
<af-start id="885" threadId="0000000001712388" totalBytesRequested="24" timestamp="2019-09-21T20:35:47.236" intervalms="3731.036" />
<cycle-start id="886" type="global" contextid="0" timestamp="2019-09-21T20:35:47.236" intervalms="3731.068" />
<gc-start id="887" type="global" contextid="886" timestamp="2019-09-21T20:35:47.236">
  <mem-info id="888" free="119808" total="11993088" percent="0">
    <mem type="tenure" free="119808" total="11993088" percent="0">
      <mem type="soa" free="0" total="11873280" percent="0" />
      <mem type="loa" free="119808" total="119808" percent="100" />
    </mem>
  </mem-info>
</gc-start>
<allocation-stats totalBytes="5023296" >
  <allocated-bytes non-tlh="0" tlh="5023296" />
  <largest-consumer threadName="node-13" threadId="0000000001746500" bytes="257904" />
</allocation-stats>
<gc-op id="889" type="mark" timems="3.045" contextid="886" timestamp="2019-09-21T20:35:47.239">
  <trace-info objectcount="143845" scancount="134339" scanbytes="5279440" />
  <finalization candidates="13" enqueued="0" />
  <references type="soft" candidates="45" cleared="0" enqueued="0" dynamicThreshold="13" maxThreshold="32" />
  <references type="weak" candidates="143" cleared="0" enqueued="0" />
  <references type="phantom" candidates="57" cleared="0" enqueued="0" />
  <stringconstants candidates="3838" cleared="0"  />
</gc-op>
<gc-op id="890" type="sweep" timems="0.709" contextid="886" timestamp="2019-09-21T20:35:47.240" />
<mem-info id="891" free="5136472" total="11993088" percent="42">
  <mem type="tenure" free="5136472" total="11993088" percent="42" micro-fragmented="0" macro-fragmented="0">
    <mem type="soa" free="5016664" total="11873280" percent="42" />
    <mem type="loa" free="119808" total="119808" percent="100" />
  </mem>
</mem-info>
<gc-op id="892" type="compact" timems="8.780" contextid="886" timestamp="2019-09-21T20:35:47.249">
  <compact-info movecount="642" movebytes="17496" reason="compact to aid heap contraction" />
</gc-op>
<heap-resize id="893" type="expand" space="tenure" amount="65536" count="1" timems="0.016" reason="satisfy allocation request" timestamp="2019-09-21T20:35:47.250" />
<gc-end id="894" type="global" contextid="886" durationms="13.926" usertimems="28.000" systemtimems="0.000" timestamp="2019-09-21T20:35:47.250" activeThreads="8">
  <mem-info id="895" free="5191928" total="12058624" percent="43">
    <mem type="tenure" free="5191928" total="12058624" percent="43">
      <mem type="soa" free="5072120" total="11938816" percent="42" />
      <mem type="loa" free="119808" total="119808" percent="100" />
    </mem>
  </mem-info>
</gc-end>
<cycle-end id="896" type="global" contextid="886" timestamp="2019-09-21T20:35:47.250" />
  <attribute name="elasticGC enabled" value="1" />
  <attribute name= "numThreadsSpecified" value="8" />
  <attribute name="heapSize specified" value="11993088" />
  <attribute name="Current GC Util" value="123" />
  <attribute name= "Current Time Running" value="139002" />
  <attribute name ="GC Interval" value="0" />
  <attribute name="Target GC Util Change" value ="40.000000" />
  <attribute name="Current GC Util Change" value="123.000000"/>
  <attribute name="Current Error" value="-458.000000" />
  <attribute name="Output H" value="12030664"/>
  <attribute name="Output I" value="1736"/>
  <attribute name="Output T" value="8"/>
  <attribute name= "Current Time Running" value="139002" />
  <attribute name="GC Util currently" value="123" />
  <attribute name="CPU Util currently" value="256330435592" />
<allocation-satisfied id="897" threadId="0000000001711A00" bytesRequested="24" />
<af-end id="898" timestamp="2019-09-21T20:35:47.251" threadId="0000000001712388" success="true" />
<exclusive-end id="899" timestamp="2019-09-21T20:35:47.251" durationms="14.824" />

<exclusive-start id="900" timestamp="2019-09-21T20:35:51.194" intervalms="3958.262">
  <response-info timems="0.047" idlems="0.047" threads="0" lastid="00000000016FB300" lastname="node-10" />
</exclusive-start>
<af-start id="901" threadId="00000000016FBC88" totalBytesRequested="24" timestamp="2019-09-21T20:35:51.194" intervalms="3958.247" />
<cycle-start id="902" type="global" contextid="0" timestamp="2019-09-21T20:35:51.194" intervalms="3958.224" />
<gc-start id="903" type="global" contextid="902" timestamp="2019-09-21T20:35:51.194">
  <mem-info id="904" free="119808" total="12058624" percent="0">
    <mem type="tenure" free="119808" total="12058624" percent="0">
      <mem type="soa" free="0" total="11938816" percent="0" />
      <mem type="loa" free="119808" total="119808" percent="100" />
    </mem>
  </mem-info>
</gc-start>
<allocation-stats totalBytes="5086552" >
  <allocated-bytes non-tlh="0" tlh="5086552" />
  <largest-consumer threadName="node-20" threadId="000000000173ED00" bytes="257200" />
</allocation-stats>
<gc-op id="905" type="mark" timems="2.264" contextid="902" timestamp="2019-09-21T20:35:51.197">
  <trace-info objectcount="143793" scancount="134287" scanbytes="5278112" />
  <finalization candidates="13" enqueued="0" />
  <references type="soft" candidates="45" cleared="0" enqueued="0" dynamicThreshold="13" maxThreshold="32" />
  <references type="weak" candidates="143" cleared="0" enqueued="0" />
  <references type="phantom" candidates="57" cleared="0" enqueued="0" />
  <stringconstants candidates="3838" cleared="0"  />
</gc-op>
<gc-op id="906" type="sweep" timems="0.279" contextid="902" timestamp="2019-09-21T20:35:51.197" />
<mem-info id="907" free="5206832" total="12058624" percent="43">
  <mem type="tenure" free="5206832" total="12058624" percent="43" micro-fragmented="0" macro-fragmented="0">
    <mem type="soa" free="5087024" total="11938816" percent="42" />
    <mem type="loa" free="119808" total="119808" percent="100" />
  </mem>
</mem-info>
<gc-op id="908" type="compact" timems="7.116" contextid="902" timestamp="2019-09-21T20:35:51.205">
  <compact-info movecount="590" movebytes="17400" reason="compact to aid heap contraction" />
</gc-op>
<heap-resize id="909" type="expand" space="tenure" amount="65536" count="1" timems="0.018" reason="satisfy allocation request" timestamp="2019-09-21T20:35:51.205" />
<gc-end id="910" type="global" contextid="902" durationms="10.642" usertimems="16.000" systemtimems="0.000" timestamp="2019-09-21T20:35:51.205" activeThreads="8">
  <mem-info id="911" free="5257560" total="12124160" percent="43">
    <mem type="tenure" free="5257560" total="12124160" percent="43">
      <mem type="soa" free="5136728" total="12003328" percent="42" />
      <mem type="loa" free="120832" total="120832" percent="100" />
    </mem>
  </mem-info>
</gc-end>
<cycle-end id="912" type="global" contextid="902" timestamp="2019-09-21T20:35:51.205" />
  <attribute name="elasticGC enabled" value="1" />
  <attribute name= "numThreadsSpecified" value="8" />
  <attribute name="heapSize specified" value="12058624" />
  <attribute name="Current GC Util" value="17" />
  <attribute name= "Current Time Running" value="142958" />
  <attribute name ="GC Interval" value="0" />
  <attribute name="Target GC Util Change" value ="40.000000" />
  <attribute name="Current GC Util Change" value="17.000000"/>
  <attribute name="Current Error" value="23.000000" />
  <attribute name="Output H" value="12096480"/>
  <attribute name="Output I" value="2016"/>
  <attribute name="Output T" value="8"/>
  <attribute name= "Current Time Running" value="142958" />
  <attribute name="GC Util currently" value="17" />
  <attribute name="CPU Util currently" value="318108868523" />
<allocation-satisfied id="913" threadId="00000000016FB300" bytesRequested="24" />
<af-end id="914" timestamp="2019-09-21T20:35:51.206" threadId="00000000016FBC88" success="true" />
<exclusive-end id="915" timestamp="2019-09-21T20:35:51.206" durationms="11.424" />

<exclusive-start id="916" timestamp="2019-09-21T20:35:54.940" intervalms="3745.892">
  <response-info timems="0.052" idlems="0.052" threads="0" lastid="00000000016FB300" lastname="node-10" />
</exclusive-start>
<af-start id="917" threadId="00000000016FBC88" totalBytesRequested="24" timestamp="2019-09-21T20:35:54.940" intervalms="3745.973" />
<cycle-start id="918" type="global" contextid="0" timestamp="2019-09-21T20:35:54.940" intervalms="3746.027" />
<gc-start id="919" type="global" contextid="918" timestamp="2019-09-21T20:35:54.940">
  <mem-info id="920" free="120832" total="12124160" percent="0">
    <mem type="tenure" free="120832" total="12124160" percent="0">
      <mem type="soa" free="0" total="12003328" percent="0" />
      <mem type="loa" free="120832" total="120832" percent="100" />
    </mem>
  </mem-info>
</gc-start>
<allocation-stats totalBytes="5155112" >
  <allocated-bytes non-tlh="0" tlh="5155112" />
  <largest-consumer threadName="node-16" threadId="0000000001733900" bytes="256944" />
</allocation-stats>
<gc-op id="921" type="mark" timems="2.263" contextid="918" timestamp="2019-09-21T20:35:54.943">
  <trace-info objectcount="143709" scancount="134226" scanbytes="5276664" />
  <finalization candidates="13" enqueued="0" />
  <references type="soft" candidates="45" cleared="0" enqueued="0" dynamicThreshold="13" maxThreshold="32" />
  <references type="weak" candidates="143" cleared="0" enqueued="0" />
  <references type="phantom" candidates="57" cleared="0" enqueued="0" />
  <stringconstants candidates="3838" cleared="0"  />
</gc-op>
<gc-op id="922" type="sweep" timems="0.288" contextid="918" timestamp="2019-09-21T20:35:54.943" />
<mem-info id="923" free="5285344" total="12124160" percent="43">
  <mem type="tenure" free="5285344" total="12124160" percent="43" micro-fragmented="0" macro-fragmented="0">
    <mem type="soa" free="5164512" total="12003328" percent="43" />
    <mem type="loa" free="120832" total="120832" percent="100" />
  </mem>
</mem-info>
<gc-op id="924" type="compact" timems="7.202" contextid="918" timestamp="2019-09-21T20:35:54.951">
  <compact-info movecount="506" movebytes="11592" reason="compact to aid heap contraction" />
</gc-op>
<heap-resize id="925" type="expand" space="tenure" amount="65536" count="1" timems="0.028" reason="satisfy allocation request" timestamp="2019-09-21T20:35:54.951" />
<gc-end id="926" type="global" contextid="918" durationms="10.804" usertimems="16.000" systemtimems="0.000" timestamp="2019-09-21T20:35:54.951" activeThreads="8">
  <mem-info id="927" free="5328904" total="12189696" percent="43">
    <mem type="tenure" free="5328904" total="12189696" percent="43">
      <mem type="soa" free="5207048" total="12067840" percent="43" />
      <mem type="loa" free="121856" total="121856" percent="100" />
    </mem>
  </mem-info>
</gc-end>
<cycle-end id="928" type="global" contextid="918" timestamp="2019-09-21T20:35:54.951" />
  <attribute name="elasticGC enabled" value="1" />
  <attribute name= "numThreadsSpecified" value="8" />
  <attribute name="heapSize specified" value="12124160" />
  <attribute name="Current GC Util" value="17" />
  <attribute name= "Current Time Running" value="146704" />
  <attribute name ="GC Interval" value="0" />
  <attribute name="Target GC Util Change" value ="40.000000" />
  <attribute name="Current GC Util Change" value="17.000000"/>
  <attribute name="Current Error" value="-180.000000" />
  <attribute name="Output H" value="12161904"/>
  <attribute name="Output I" value="1904"/>
  <attribute name="Output T" value="8"/>
  <attribute name= "Current Time Running" value="146704" />
  <attribute name="GC Util currently" value="17" />
  <attribute name="CPU Util currently" value="312898510027" />
<allocation-satisfied id="929" threadId="00000000016FB300" bytesRequested="24" />
<af-end id="930" timestamp="2019-09-21T20:35:54.952" threadId="00000000016FBC88" success="true" />
<exclusive-end id="931" timestamp="2019-09-21T20:35:54.952" durationms="11.818" />

<exclusive-start id="932" timestamp="2019-09-21T20:35:58.608" intervalms="3668.355">
  <response-info timems="0.048" idlems="0.048" threads="0" lastid="0000000001719200" lastname="node-11" />
</exclusive-start>
<af-start id="933" threadId="0000000001719B88" totalBytesRequested="16" timestamp="2019-09-21T20:35:58.609" intervalms="3668.275" />
<cycle-start id="934" type="global" contextid="0" timestamp="2019-09-21T20:35:58.609" intervalms="3668.218" />
<gc-start id="935" type="global" contextid="934" timestamp="2019-09-21T20:35:58.609">
  <mem-info id="936" free="121856" total="12189696" percent="0">
    <mem type="tenure" free="121856" total="12189696" percent="0">
      <mem type="soa" free="0" total="12067840" percent="0" />
      <mem type="loa" free="121856" total="121856" percent="100" />
    </mem>
  </mem-info>
</gc-start>
<allocation-stats totalBytes="5227736" >
  <allocated-bytes non-tlh="0" tlh="5227736" />
  <largest-consumer threadName="node-15" threadId="0000000001711A00" bytes="257720" />
</allocation-stats>
<gc-op id="937" type="mark" timems="2.153" contextid="934" timestamp="2019-09-21T20:35:58.611">
  <trace-info objectcount="143759" scancount="134249" scanbytes="5277120" />
  <finalization candidates="13" enqueued="0" />
  <references type="soft" candidates="45" cleared="0" enqueued="0" dynamicThreshold="13" maxThreshold="32" />
  <references type="weak" candidates="143" cleared="0" enqueued="0" />
  <references type="phantom" candidates="57" cleared="0" enqueued="0" />
  <stringconstants candidates="3838" cleared="0"  />
</gc-op>
<gc-op id="938" type="sweep" timems="0.274" contextid="934" timestamp="2019-09-21T20:35:58.611" />
<mem-info id="939" free="5333384" total="12189696" percent="43">
  <mem type="tenure" free="5333384" total="12189696" percent="43" micro-fragmented="0" macro-fragmented="0">
    <mem type="soa" free="5211528" total="12067840" percent="43" />
    <mem type="loa" free="121856" total="121856" percent="100" />
  </mem>
</mem-info>
<gc-op id="940" type="compact" timems="7.144" contextid="934" timestamp="2019-09-21T20:35:58.619">
  <compact-info movecount="553" movebytes="21224" reason="compact to aid heap contraction" />
</gc-op>
<heap-resize id="941" type="expand" space="tenure" amount="65536" count="1" timems="0.030" reason="satisfy allocation request" timestamp="2019-09-21T20:35:58.619" />
<gc-end id="942" type="global" contextid="934" durationms="10.414" usertimems="16.000" systemtimems="0.000" timestamp="2019-09-21T20:35:58.619" activeThreads="8">
  <mem-info id="943" free="5384736" total="12255232" percent="43">
    <mem type="tenure" free="5384736" total="12255232" percent="43">
      <mem type="soa" free="5262880" total="12133376" percent="43" />
      <mem type="loa" free="121856" total="121856" percent="100" />
    </mem>
  </mem-info>
</gc-end>
<cycle-end id="944" type="global" contextid="934" timestamp="2019-09-21T20:35:58.619" />
  <attribute name="elasticGC enabled" value="1" />
  <attribute name= "numThreadsSpecified" value="8" />
  <attribute name="heapSize specified" value="12189696" />
  <attribute name="Current GC Util" value="18" />
  <attribute name= "Current Time Running" value="150372" />
  <attribute name ="GC Interval" value="0" />
  <attribute name="Target GC Util Change" value ="40.000000" />
  <attribute name="Current GC Util Change" value="18.000000"/>
  <attribute name="Current Error" value="-271.000000" />
  <attribute name="Output H" value="12227384"/>
  <attribute name="Output I" value="1848"/>
  <attribute name="Output T" value="8"/>
  <attribute name= "Current Time Running" value="150372" />
  <attribute name="GC Util currently" value="18" />
  <attribute name="CPU Util currently" value="315577792994" />
<allocation-satisfied id="945" threadId="0000000001719200" bytesRequested="16" />
<af-end id="946" timestamp="2019-09-21T20:35:58.619" threadId="0000000001719B88" success="true" />
<exclusive-end id="947" timestamp="2019-09-21T20:35:58.620" durationms="11.142" />

<exclusive-start id="948" timestamp="2019-09-21T20:36:02.673" intervalms="4064.132">
  <response-info timems="0.229" idlems="0.197" threads="1" lastid="00000000016F7700" lastname="node-24" />
</exclusive-start>
<af-start id="949" threadId="00000000016E9088" totalBytesRequested="720" timestamp="2019-09-21T20:36:02.673" intervalms="4064.124" />
<cycle-start id="950" type="global" contextid="0" timestamp="2019-09-21T20:36:02.673" intervalms="4064.113" />
<gc-start id="951" type="global" contextid="950" timestamp="2019-09-21T20:36:02.673">
  <mem-info id="952" free="121856" total="12255232" percent="0">
    <mem type="tenure" free="121856" total="12255232" percent="0">
      <mem type="soa" free="0" total="12133376" percent="0" />
      <mem type="loa" free="121856" total="121856" percent="100" />
    </mem>
  </mem-info>
</gc-start>
<allocation-stats totalBytes="5277896" >
  <allocated-bytes non-tlh="0" tlh="5277896" />
  <largest-consumer threadName="node-24" threadId="00000000016F7700" bytes="257808" />
</allocation-stats>
<gc-op id="953" type="mark" timems="2.473" contextid="950" timestamp="2019-09-21T20:36:02.675">
  <trace-info objectcount="143689" scancount="134165" scanbytes="5275096" />
  <finalization candidates="13" enqueued="0" />
  <references type="soft" candidates="45" cleared="0" enqueued="0" dynamicThreshold="14" maxThreshold="32" />
  <references type="weak" candidates="143" cleared="0" enqueued="0" />
  <references type="phantom" candidates="57" cleared="0" enqueued="0" />
  <stringconstants candidates="3838" cleared="0"  />
</gc-op>
<gc-op id="954" type="sweep" timems="0.301" contextid="950" timestamp="2019-09-21T20:36:02.676" />
<mem-info id="955" free="5397952" total="12255232" percent="44">
  <mem type="tenure" free="5397952" total="12255232" percent="44" micro-fragmented="0" macro-fragmented="0">
    <mem type="soa" free="5276096" total="12133376" percent="43" />
    <mem type="loa" free="121856" total="121856" percent="100" />
  </mem>
</mem-info>
<gc-op id="956" type="compact" timems="7.288" contextid="950" timestamp="2019-09-21T20:36:02.683">
  <compact-info movecount="483" movebytes="26920" reason="compact to aid heap contraction" />
</gc-op>
<heap-resize id="957" type="expand" space="tenure" amount="65536" count="1" timems="0.030" reason="satisfy allocation request" timestamp="2019-09-21T20:36:02.683" />
<gc-end id="958" type="global" contextid="950" durationms="10.805" usertimems="20.000" systemtimems="0.000" timestamp="2019-09-21T20:36:02.684" activeThreads="8">
  <mem-info id="959" free="5444576" total="12320768" percent="44">
    <mem type="tenure" free="5444576" total="12320768" percent="44">
      <mem type="soa" free="5321696" total="12197888" percent="43" />
      <mem type="loa" free="122880" total="122880" percent="100" />
    </mem>
  </mem-info>
</gc-end>
<cycle-end id="960" type="global" contextid="950" timestamp="2019-09-21T20:36:02.684" />
  <attribute name="elasticGC enabled" value="1" />
  <attribute name= "numThreadsSpecified" value="8" />
  <attribute name="heapSize specified" value="12255232" />
  <attribute name="Current GC Util" value="18" />
  <attribute name= "Current Time Running" value="154436" />
  <attribute name ="GC Interval" value="0" />
  <attribute name="Target GC Util Change" value ="40.000000" />
  <attribute name="Current GC Util Change" value="18.000000"/>
  <attribute name="Current Error" value="22.000000" />
  <attribute name="Output H" value="12293088"/>
  <attribute name="Output I" value="2016"/>
  <attribute name="Output T" value="8"/>
  <attribute name= "Current Time Running" value="154436" />
  <attribute name="GC Util currently" value="18" />
  <attribute name="CPU Util currently" value="309893102375" />
<allocation-satisfied id="961" threadId="00000000016E8700" bytesRequested="720" />
<af-end id="962" timestamp="2019-09-21T20:36:02.684" threadId="00000000016E9088" success="true" />
<exclusive-end id="963" timestamp="2019-09-21T20:36:02.684" durationms="11.553" />

<exclusive-start id="964" timestamp="2019-09-21T20:36:07.010" intervalms="4337.619">
  <response-info timems="0.084" idlems="0.084" threads="0" lastid="0000000001737500" lastname="node-8" />
</exclusive-start>
<af-start id="965" threadId="0000000001737E88" totalBytesRequested="24" timestamp="2019-09-21T20:36:07.010" intervalms="4337.646" />
<cycle-start id="966" type="global" contextid="0" timestamp="2019-09-21T20:36:07.010" intervalms="4337.648" />
<gc-start id="967" type="global" contextid="966" timestamp="2019-09-21T20:36:07.010">
  <mem-info id="968" free="122880" total="12320768" percent="0">
    <mem type="tenure" free="122880" total="12320768" percent="0">
      <mem type="soa" free="0" total="12197888" percent="0" />
      <mem type="loa" free="122880" total="122880" percent="100" />
    </mem>
  </mem-info>
</gc-start>
<allocation-stats totalBytes="5342728" >
  <allocated-bytes non-tlh="0" tlh="5342728" />
  <largest-consumer threadName="node-3" threadId="00000000016E8700" bytes="258000" />
</allocation-stats>
<gc-op id="969" type="mark" timems="2.103" contextid="966" timestamp="2019-09-21T20:36:07.013">
  <trace-info objectcount="143587" scancount="134104" scanbytes="5273248" />
  <finalization candidates="13" enqueued="0" />
  <references type="soft" candidates="45" cleared="0" enqueued="0" dynamicThreshold="14" maxThreshold="32" />
  <references type="weak" candidates="143" cleared="0" enqueued="0" />
  <references type="phantom" candidates="57" cleared="0" enqueued="0" />
  <stringconstants candidates="3838" cleared="0"  />
</gc-op>
<gc-op id="970" type="sweep" timems="0.273" contextid="966" timestamp="2019-09-21T20:36:07.013" />
<mem-info id="971" free="5473624" total="12320768" percent="44">
  <mem type="tenure" free="5473624" total="12320768" percent="44" micro-fragmented="0" macro-fragmented="0">
    <mem type="soa" free="5350744" total="12197888" percent="43" />
    <mem type="loa" free="122880" total="122880" percent="100" />
  </mem>
</mem-info>
<gc-op id="972" type="compact" timems="7.228" contextid="966" timestamp="2019-09-21T20:36:07.020">
  <compact-info movecount="381" movebytes="11232" reason="compact to aid heap contraction" />
</gc-op>
<heap-resize id="973" type="expand" space="tenure" amount="65536" count="1" timems="0.018" reason="satisfy allocation request" timestamp="2019-09-21T20:36:07.021" />
<gc-end id="974" type="global" contextid="966" durationms="10.612" usertimems="16.000" systemtimems="0.000" timestamp="2019-09-21T20:36:07.021" activeThreads="8">
  <mem-info id="975" free="5521704" total="12386304" percent="44">
    <mem type="tenure" free="5521704" total="12386304" percent="44">
      <mem type="soa" free="5398824" total="12263424" percent="44" />
      <mem type="loa" free="122880" total="122880" percent="100" />
    </mem>
  </mem-info>
</gc-end>
<cycle-end id="976" type="global" contextid="966" timestamp="2019-09-21T20:36:07.021" />
  <attribute name="elasticGC enabled" value="1" />
  <attribute name= "numThreadsSpecified" value="8" />
  <attribute name="heapSize specified" value="12320768" />
  <attribute name="Current GC Util" value="90" />
  <attribute name= "Current Time Running" value="158773" />
  <attribute name ="GC Interval" value="0" />
  <attribute name="Target GC Util Change" value ="40.000000" />
  <attribute name="Current GC Util Change" value="90.000000"/>
  <attribute name="Current Error" value="-277.000000" />
  <attribute name="Output H" value="12358456"/>
  <attribute name="Output I" value="1848"/>
  <attribute name="Output T" value="8"/>
  <attribute name= "Current Time Running" value="158773" />
  <attribute name="GC Util currently" value="90" />
  <attribute name="CPU Util currently" value="311880970360" />
<allocation-satisfied id="977" threadId="0000000001737500" bytesRequested="24" />
<af-end id="978" timestamp="2019-09-21T20:36:07.021" threadId="0000000001737E88" success="true" />
<exclusive-end id="979" timestamp="2019-09-21T20:36:07.022" durationms="11.337" />

<exclusive-start id="980" timestamp="2019-09-21T20:36:11.216" intervalms="4206.239">
  <response-info timems="0.042" idlems="0.042" threads="0" lastid="0000000001737500" lastname="node-8" />
</exclusive-start>
<af-start id="981" threadId="0000000001737E88" totalBytesRequested="16" timestamp="2019-09-21T20:36:11.217" intervalms="4206.219" />
<cycle-start id="982" type="global" contextid="0" timestamp="2019-09-21T20:36:11.217" intervalms="4206.229" />
<gc-start id="983" type="global" contextid="982" timestamp="2019-09-21T20:36:11.217">
  <mem-info id="984" free="122880" total="12386304" percent="0">
    <mem type="tenure" free="122880" total="12386304" percent="0">
      <mem type="soa" free="0" total="12263424" percent="0" />
      <mem type="loa" free="122880" total="122880" percent="100" />
    </mem>
  </mem-info>
</gc-start>
<allocation-stats totalBytes="5421536" >
  <allocated-bytes non-tlh="0" tlh="5421536" />
  <largest-consumer threadName="node-5" threadId="0000000001742900" bytes="257656" />
</allocation-stats>
<gc-op id="985" type="mark" timems="2.269" contextid="982" timestamp="2019-09-21T20:36:11.219">
  <trace-info objectcount="143581" scancount="134057" scanbytes="5272536" />
  <finalization candidates="13" enqueued="0" />
  <references type="soft" candidates="45" cleared="0" enqueued="0" dynamicThreshold="14" maxThreshold="32" />
  <references type="weak" candidates="143" cleared="0" enqueued="0" />
  <references type="phantom" candidates="57" cleared="0" enqueued="0" />
  <stringconstants candidates="3838" cleared="0"  />
</gc-op>
<gc-op id="986" type="sweep" timems="0.287" contextid="982" timestamp="2019-09-21T20:36:11.219" />
<mem-info id="987" free="5529928" total="12386304" percent="44">
  <mem type="tenure" free="5529928" total="12386304" percent="44" micro-fragmented="0" macro-fragmented="0">
    <mem type="soa" free="5407048" total="12263424" percent="44" />
    <mem type="loa" free="122880" total="122880" percent="100" />
  </mem>
</mem-info>
<gc-op id="988" type="compact" timems="7.484" contextid="982" timestamp="2019-09-21T20:36:11.227">
  <compact-info movecount="375" movebytes="24952" reason="compact to aid heap contraction" />
</gc-op>
<heap-resize id="989" type="expand" space="tenure" amount="65536" count="1" timems="0.015" reason="satisfy allocation request" timestamp="2019-09-21T20:36:11.228" />
<gc-end id="990" type="global" contextid="982" durationms="11.099" usertimems="16.000" systemtimems="0.000" timestamp="2019-09-21T20:36:11.228" activeThreads="8">
  <mem-info id="991" free="5573520" total="12451840" percent="44">
    <mem type="tenure" free="5573520" total="12451840" percent="44">
      <mem type="soa" free="5449616" total="12327936" percent="44" />
      <mem type="loa" free="123904" total="123904" percent="100" />
    </mem>
  </mem-info>
</gc-end>
<cycle-end id="992" type="global" contextid="982" timestamp="2019-09-21T20:36:11.228" />
  <attribute name="elasticGC enabled" value="1" />
  <attribute name= "numThreadsSpecified" value="8" />
  <attribute name="heapSize specified" value="12386304" />
  <attribute name="Current GC Util" value="18" />
  <attribute name= "Current Time Running" value="162980" />
  <attribute name ="GC Interval" value="0" />
  <attribute name="Target GC Util Change" value ="40.000000" />
  <attribute name="Current GC Util Change" value="18.000000"/>
  <attribute name="Current Error" value="-261.000000" />
  <attribute name="Output H" value="12424000"/>
  <attribute name="Output I" value="1856"/>
  <attribute name="Output T" value="8"/>
  <attribute name= "Current Time Running" value="162980" />
  <attribute name="GC Util currently" value="18" />
  <attribute name="CPU Util currently" value="299662108486" />
<allocation-satisfied id="993" threadId="0000000001737500" bytesRequested="16" />
<af-end id="994" timestamp="2019-09-21T20:36:11.228" threadId="0000000001737E88" success="true" />
<exclusive-end id="995" timestamp="2019-09-21T20:36:11.228" durationms="11.902" />

<exclusive-start id="996" timestamp="2019-09-21T20:36:15.466" intervalms="4249.203">
  <response-info timems="0.042" idlems="0.042" threads="0" lastid="0000000001737500" lastname="node-8" />
</exclusive-start>
<af-start id="997" threadId="0000000001737E88" totalBytesRequested="128" timestamp="2019-09-21T20:36:15.466" intervalms="4249.207" />
<cycle-start id="998" type="global" contextid="0" timestamp="2019-09-21T20:36:15.466" intervalms="4249.216" />
<gc-start id="999" type="global" contextid="998" timestamp="2019-09-21T20:36:15.466">
  <mem-info id="1000" free="123904" total="12451840" percent="0">
    <mem type="tenure" free="123904" total="12451840" percent="0">
      <mem type="soa" free="0" total="12327936" percent="0" />
      <mem type="loa" free="123904" total="123904" percent="100" />
    </mem>
  </mem-info>
</gc-start>
<allocation-stats totalBytes="5466056" >
  <allocated-bytes non-tlh="0" tlh="5466056" />
  <largest-consumer threadName="node-7" threadId="0000000001720A00" bytes="286696" />
</allocation-stats>
<gc-op id="1001" type="mark" timems="4.163" contextid="998" timestamp="2019-09-21T20:36:15.470">
  <trace-info objectcount="143469" scancount="133980" scanbytes="5270816" />
  <finalization candidates="13" enqueued="0" />
  <references type="soft" candidates="45" cleared="0" enqueued="0" dynamicThreshold="14" maxThreshold="32" />
  <references type="weak" candidates="143" cleared="0" enqueued="0" />
  <references type="phantom" candidates="57" cleared="0" enqueued="0" />
  <stringconstants candidates="3838" cleared="0"  />
</gc-op>
<gc-op id="1002" type="sweep" timems="1.099" contextid="998" timestamp="2019-09-21T20:36:15.471" />
<mem-info id="1003" free="5618152" total="12451840" percent="45">
  <mem type="tenure" free="5618152" total="12451840" percent="45" micro-fragmented="0" macro-fragmented="0">
    <mem type="soa" free="5494248" total="12327936" percent="44" />
    <mem type="loa" free="123904" total="123904" percent="100" />
  </mem>
</mem-info>
<gc-op id="1004" type="compact" timems="10.463" contextid="998" timestamp="2019-09-21T20:36:15.482">
  <compact-info movecount="263" movebytes="7064" reason="compact to aid heap contraction" />
</gc-op>
<heap-resize id="1005" type="expand" space="tenure" amount="65536" count="1" timems="0.018" reason="satisfy allocation request" timestamp="2019-09-21T20:36:15.483" />
<gc-end id="1006" type="global" contextid="998" durationms="17.306" usertimems="24.000" systemtimems="4.000" timestamp="2019-09-21T20:36:15.483" activeThreads="8">
  <mem-info id="1007" free="5656944" total="12517376" percent="45">
    <mem type="tenure" free="5656944" total="12517376" percent="45">
      <mem type="soa" free="5532016" total="12392448" percent="44" />
      <mem type="loa" free="124928" total="124928" percent="100" />
    </mem>
  </mem-info>
</gc-end>
<cycle-end id="1008" type="global" contextid="998" timestamp="2019-09-21T20:36:15.483" />
  <attribute name="elasticGC enabled" value="1" />
  <attribute name= "numThreadsSpecified" value="8" />
  <attribute name="heapSize specified" value="12451840" />
  <attribute name="Current GC Util" value="58" />
  <attribute name= "Current Time Running" value="167235" />
  <attribute name ="GC Interval" value="0" />
  <attribute name="Target GC Util Change" value ="40.000000" />
  <attribute name="Current GC Util Change" value="58.000000"/>
  <attribute name="Current Error" value="-18.000000" />
  <attribute name="Output H" value="12489672"/>
  <attribute name="Output I" value="1992"/>
  <attribute name="Output T" value="8"/>
  <attribute name= "Current Time Running" value="167235" />
  <attribute name="GC Util currently" value="58" />
  <attribute name="CPU Util currently" value="217772091620" />
<allocation-satisfied id="1009" threadId="0000000001737500" bytesRequested="128" />
<af-end id="1010" timestamp="2019-09-21T20:36:15.484" threadId="0000000001737E88" success="true" />
<exclusive-end id="1011" timestamp="2019-09-21T20:36:15.484" durationms="18.153" />

<exclusive-start id="1012" timestamp="2019-09-21T20:36:20.077" intervalms="4611.749">
  <response-info timems="0.097" idlems="0.097" threads="0" lastid="0000000001711A00" lastname="node-15" />
</exclusive-start>
<af-start id="1013" threadId="0000000001712388" totalBytesRequested="32" timestamp="2019-09-21T20:36:20.077" intervalms="4611.760" />
<cycle-start id="1014" type="global" contextid="0" timestamp="2019-09-21T20:36:20.078" intervalms="4611.761" />
<gc-start id="1015" type="global" contextid="1014" timestamp="2019-09-21T20:36:20.078">
  <mem-info id="1016" free="124928" total="12517376" percent="0">
    <mem type="tenure" free="124928" total="12517376" percent="0">
      <mem type="soa" free="0" total="12392448" percent="0" />
      <mem type="loa" free="124928" total="124928" percent="100" />
    </mem>
  </mem-info>
</gc-start>
<allocation-stats totalBytes="5555080" >
  <allocated-bytes non-tlh="0" tlh="5555080" />
  <largest-consumer threadName="node-7" threadId="0000000001720A00" bytes="286696" />
</allocation-stats>
<gc-op id="1017" type="mark" timems="4.089" contextid="1014" timestamp="2019-09-21T20:36:20.082">
  <trace-info objectcount="143442" scancount="133954" scanbytes="5269768" />
  <finalization candidates="13" enqueued="0" />
  <references type="soft" candidates="45" cleared="0" enqueued="0" dynamicThreshold="14" maxThreshold="32" />
  <references type="weak" candidates="143" cleared="0" enqueued="0" />
  <references type="phantom" candidates="57" cleared="0" enqueued="0" />
  <stringconstants candidates="3838" cleared="0"  />
</gc-op>
<gc-op id="1018" type="sweep" timems="1.401" contextid="1014" timestamp="2019-09-21T20:36:20.083" />
<mem-info id="1019" free="5676952" total="12517376" percent="45">
  <mem type="tenure" free="5676952" total="12517376" percent="45" micro-fragmented="0" macro-fragmented="0">
    <mem type="soa" free="5552024" total="12392448" percent="44" />
    <mem type="loa" free="124928" total="124928" percent="100" />
  </mem>
</mem-info>
<gc-op id="1020" type="compact" timems="9.985" contextid="1014" timestamp="2019-09-21T20:36:20.094">
  <compact-info movecount="236" movebytes="7752" reason="compact to aid heap contraction" />
</gc-op>
<heap-resize id="1021" type="expand" space="tenure" amount="65536" count="1" timems="0.017" reason="satisfy allocation request" timestamp="2019-09-21T20:36:20.095" />
<gc-end id="1022" type="global" contextid="1014" durationms="17.053" usertimems="32.000" systemtimems="0.000" timestamp="2019-09-21T20:36:20.095" activeThreads="8">
  <mem-info id="1023" free="5721792" total="12582912" percent="45">
    <mem type="tenure" free="5721792" total="12582912" percent="45">
      <mem type="soa" free="5596864" total="12457984" percent="44" />
      <mem type="loa" free="124928" total="124928" percent="100" />
    </mem>
  </mem-info>
</gc-end>
<cycle-end id="1024" type="global" contextid="1014" timestamp="2019-09-21T20:36:20.095" />
  <attribute name="elasticGC enabled" value="1" />
  <attribute name= "numThreadsSpecified" value="8" />
  <attribute name="heapSize specified" value="12517376" />
  <attribute name="Current GC Util" value="59" />
  <attribute name= "Current Time Running" value="171847" />
  <attribute name ="GC Interval" value="0" />
  <attribute name="Target GC Util Change" value ="40.000000" />
  <attribute name="Current GC Util Change" value="59.000000"/>
  <attribute name="Current Error" value="-351.000000" />
  <attribute name="Output H" value="12555016"/>
  <attribute name="Output I" value="1800"/>
  <attribute name="Output T" value="8"/>
  <attribute name= "Current Time Running" value="171847" />
  <attribute name="GC Util currently" value="59" />
  <attribute name="CPU Util currently" value="227054688288" />
<allocation-satisfied id="1025" threadId="0000000001711A00" bytesRequested="32" />
<af-end id="1026" timestamp="2019-09-21T20:36:20.095" threadId="0000000001712388" success="true" />
<exclusive-end id="1027" timestamp="2019-09-21T20:36:20.095" durationms="18.023" />

</verbosegc>

