<?xml version="1.0" ?>

<verbosegc xmlns="http://www.ibm.com/j9/verbosegc" version="6fe7bac_CMPRSS">

<initialized id="1" timestamp="2019-09-21T20:39:17.668">
  <attribute name="gcPolicy" value="-Xgcpolicy:optthruput" />
  <attribute name="elasticGC enabled" value="1" />
  <attribute name= "numThreadsSpecified" value="0" />
  <attribute name="heapSize specified" value="0" />
  <attribute name="Current GC Util" value="0" />
  <attribute name= "Current Time Running" value="0" />
  <attribute name ="GC Interval" value="0" />
  <attribute name="Target GC Util Change" value ="0.000000" />
  <attribute name="Current GC Util Change" value="0.000000"/>
  <attribute name="Current Error" value="0.000000" />
  <attribute name="Output H" value="0"/>
  <attribute name="Output I" value="0"/>
  <attribute name="Output T" value="0"/>
  <attribute name= "Current Time Running" value="0" />
  <attribute name="GC Util currently" value="0" />
  <attribute name="CPU Util currently" value="0" />
  <attribute name="maxHeapSize" value="0x7cba0000" />
  <attribute name="initialHeapSize" value="0x800000" />
  <attribute name="compressedRefs" value="true" />
  <attribute name="compressedRefsDisplacement" value="0x0" />
  <attribute name="compressedRefsShift" value="0x0" />
  <attribute name="pageSize" value="0x1000" />
  <attribute name="pageType" value="not used" />
  <attribute name="requestedPageSize" value="0x1000" />
  <attribute name="requestedPageType" value="not used" />
  <attribute name="gcthreads" value="8" />
  <attribute name="packetListSplit" value="8" />
  <attribute name="cacheListSplit" value="8" />
  <attribute name="splitFreeListSplitAmount" value="1" />
  <attribute name="numaNodes" value="0" />
  <system>
    <attribute name="physicalMemory" value="8370393088" />
    <attribute name="numCPUs" value="8" />
    <attribute name="architecture" value="amd64" />
    <attribute name="os" value="Linux" />
    <attribute name="osVersion" value="4.4.0-157-generic" />
  </system>
  <vmargs>
    <vmarg name="-Xoptionsfile=/vagrant/jdk/lib/options.default" />
    <vmarg name="-Xlockword:mode=default,noLockword=java/lang/String,noLockword=java/util/MapEntry,noLockword=java/util/HashMap$Entry,noLockword..." />
    <vmarg name="-Xjcl:jclse29" />
    <vmarg name="-Dcom.ibm.oti.vm.bootstrap.library.path=/vagrant/jdk/lib/compressedrefs:/vagrant/jdk/lib" />
    <vmarg name="-Dsun.boot.library.path=/vagrant/jdk/lib/compressedrefs:/vagrant/jdk/lib" />
    <vmarg name="-Djava.library.path=/vagrant/jdk/lib/compressedrefs:/vagrant/jdk/lib:/usr/lib64:/usr/lib" />
    <vmarg name="-Djava.home=/vagrant/jdk" />
    <vmarg name="-Duser.dir=/vagrant" />
    <vmarg name="-Xgcpolicy:optthruput" />
    <vmarg name="-Xgcelastic" />
    <vmarg name="-Xcheck:gc:::elasticGC" />
    <vmarg name="-verbose:gc" />
    <vmarg name="-Xloggc:large-OPTTHRUPUT-JDK1-1-3-8core-verbose7avrora.txt" />
    <vmarg name="-Djava.class.path=dacapo-9.12-MR1-bach.jar" />
    <vmarg name="-Dsun.java.command=dacapo-9.12-MR1-bach.jar avrora --size=large" />
    <vmarg name="-Dsun.java.launcher=SUN_STANDARD" />
    <vmarg name="-Dsun.java.launcher.pid=12645" />
  </vmargs>
</initialized>

<exclusive-start id="2" timestamp="2019-09-21T20:39:18.597" intervalms="928.296">
  <response-info timems="0.056" idlems="0.056" threads="0" lastid="00000000018ACA00" lastname="main" />
</exclusive-start>
<sys-start reason="explicit" id="3" timestamp="2019-09-21T20:39:18.597" intervalms="928.940" />
<cycle-start id="4" type="global" contextid="0" timestamp="2019-09-21T20:39:18.598" intervalms="929.186" />
<gc-start id="5" type="global" contextid="4" timestamp="2019-09-21T20:39:18.598">
  <mem-info id="6" free="1677928" total="8388608" percent="20">
    <mem type="tenure" free="1677928" total="8388608" percent="20">
      <mem type="soa" free="1259112" total="7969792" percent="15" />
      <mem type="loa" free="418816" total="418816" percent="100" />
    </mem>
  </mem-info>
</gc-start>
<allocation-stats totalBytes="6668872" >
  <allocated-bytes non-tlh="529816" tlh="6139056" />
  <largest-consumer threadName="main" threadId="00000000018ACA00" bytes="6580016" />
</allocation-stats>
<gc-op id="7" type="mark" timems="2.610" contextid="4" timestamp="2019-09-21T20:39:18.601">
  <trace-info objectcount="17845" scancount="14745" scanbytes="464916" />
  <finalization candidates="14" enqueued="1" />
  <references type="soft" candidates="66" cleared="0" enqueued="0" dynamicThreshold="32" maxThreshold="32" />
  <references type="weak" candidates="553" cleared="411" enqueued="372" />
  <references type="phantom" candidates="99" cleared="41" enqueued="41" />
  <stringconstants candidates="2456" cleared="0"  />
</gc-op>
<gc-op id="8" type="classunload" timems="0.086" contextid="4" timestamp="2019-09-21T20:39:18.601">
  <classunload-info classloadercandidates="6" classloadersunloaded="0" classesunloaded="0" anonymousclassesunloaded="0" quiescems="0.000" setupms="0.086" scanms="0.000" postms="0.000" />
</gc-op>
<gc-op id="9" type="sweep" timems="0.520" contextid="4" timestamp="2019-09-21T20:39:18.602" />
<mem-info id="10" free="7122256" total="8388608" percent="84">
  <mem type="tenure" free="7122256" total="8388608" percent="84" micro-fragmented="208131" macro-fragmented="0">
    <mem type="soa" free="6703440" total="7969792" percent="84" />
    <mem type="loa" free="418816" total="418816" percent="100" />
  </mem>
  <pending-finalizers system="1" default="0" reference="413" classloader="0" />
</mem-info>
<gc-op id="11" type="compact" timems="4.166" contextid="4" timestamp="2019-09-21T20:39:18.606">
  <compact-info movecount="17844" movebytes="1021808" reason="compact to aid heap contraction" />
</gc-op>
<heap-resize id="12" type="expand" space="tenure" amount="65536" count="1" timems="0.127" reason="satisfy allocation request" timestamp="2019-09-21T20:39:18.606" />
<gc-end id="13" type="global" contextid="4" durationms="8.769" usertimems="4.000" systemtimems="8.000" timestamp="2019-09-21T20:39:18.607" activeThreads="8">
  <mem-info id="14" free="7432248" total="8454144" percent="87">
    <mem type="tenure" free="7432248" total="8454144" percent="87">
      <mem type="soa" free="7010360" total="8032256" percent="87" />
      <mem type="loa" free="421888" total="421888" percent="100" />
    </mem>
    <pending-finalizers system="1" default="0" reference="413" classloader="0" />
  </mem-info>
</gc-end>
<cycle-end id="15" type="global" contextid="4" timestamp="2019-09-21T20:39:18.607" />
  <attribute name="elasticGC enabled" value="1" />
  <attribute name= "numThreadsSpecified" value="8" />
  <attribute name="heapSize specified" value="8388608" />
  <attribute name="Current GC Util" value="34" />
  <attribute name= "Current Time Running" value="819" />
  <attribute name ="GC Interval" value="0" />
  <attribute name="Target GC Util Change" value ="40.000000" />
  <attribute name="Current GC Util Change" value="34.000000"/>
  <attribute name="Current Error" value="7.000000" />
  <attribute name="Output H" value="8426456"/>
  <attribute name="Output I" value="2008"/>
  <attribute name="Output T" value="8"/>
  <attribute name= "Current Time Running" value="819" />
  <attribute name="GC Util currently" value="34" />
  <attribute name="CPU Util currently" value="16" />
<sys-end id="16" timestamp="2019-09-21T20:39:18.607" />
<exclusive-end id="17" timestamp="2019-09-21T20:39:18.607" durationms="10.102" />

<exclusive-start id="18" timestamp="2019-09-21T20:39:20.827" intervalms="2230.570">
  <response-info timems="0.028" idlems="0.028" threads="0" lastid="00000000018ACA00" lastname="main" />
</exclusive-start>
<af-start id="19" threadId="00000000018AD388" totalBytesRequested="88" timestamp="2019-09-21T20:39:20.827" intervalms="3159.013" />
<cycle-start id="20" type="global" contextid="0" timestamp="2019-09-21T20:39:20.828" intervalms="2229.914" />
<gc-start id="21" type="global" contextid="20" timestamp="2019-09-21T20:39:20.828">
  <mem-info id="22" free="421888" total="8454144" percent="4">
    <mem type="tenure" free="421888" total="8454144" percent="4">
      <mem type="soa" free="0" total="8032256" percent="0" />
      <mem type="loa" free="421888" total="421888" percent="100" />
    </mem>
  </mem-info>
</gc-start>
<allocation-stats totalBytes="6935928" >
  <allocated-bytes non-tlh="137456" tlh="6798472" />
  <largest-consumer threadName="main" threadId="00000000018ACA00" bytes="6919856" />
</allocation-stats>
<gc-op id="23" type="mark" timems="2.402" contextid="20" timestamp="2019-09-21T20:39:20.830">
  <trace-info objectcount="95474" scancount="89128" scanbytes="2668880" />
  <finalization candidates="13" enqueued="0" />
  <references type="soft" candidates="66" cleared="0" enqueued="0" dynamicThreshold="28" maxThreshold="32" />
  <references type="weak" candidates="185" cleared="42" enqueued="42" />
  <references type="phantom" candidates="70" cleared="13" enqueued="13" />
  <stringconstants candidates="3572" cleared="0"  />
</gc-op>
<gc-op id="24" type="sweep" timems="0.289" contextid="20" timestamp="2019-09-21T20:39:20.830" />
<mem-info id="25" free="4277360" total="8454144" percent="50">
  <mem type="tenure" free="4277360" total="8454144" percent="50" micro-fragmented="579854" macro-fragmented="0">
    <mem type="soa" free="3855472" total="8032256" percent="47" />
    <mem type="loa" free="421888" total="421888" percent="100" />
  </mem>
  <pending-finalizers system="0" default="0" reference="55" classloader="0" />
</mem-info>
<gc-op id="26" type="compact" timems="22.528" contextid="20" timestamp="2019-09-21T20:39:20.853">
  <compact-info movecount="84366" movebytes="3120496" reason="compact to aid heap contraction" />
</gc-op>
<heap-resize id="27" type="expand" space="tenure" amount="65536" count="1" timems="0.014" reason="satisfy allocation request" timestamp="2019-09-21T20:39:20.853" />
<gc-end id="28" type="global" contextid="20" durationms="26.021" usertimems="20.000" systemtimems="8.000" timestamp="2019-09-21T20:39:20.854" activeThreads="8">
  <mem-info id="29" free="4923272" total="8519680" percent="57">
    <mem type="tenure" free="4923272" total="8519680" percent="57">
      <mem type="soa" free="4497288" total="8093696" percent="55" />
      <mem type="loa" free="425984" total="425984" percent="100" />
    </mem>
    <pending-finalizers system="0" default="0" reference="55" classloader="0" />
  </mem-info>
</gc-end>
<cycle-end id="30" type="global" contextid="20" timestamp="2019-09-21T20:39:20.854" />
  <attribute name="elasticGC enabled" value="1" />
  <attribute name= "numThreadsSpecified" value="8" />
  <attribute name="heapSize specified" value="8454144" />
  <attribute name="Current GC Util" value="6" />
  <attribute name= "Current Time Running" value="3066" />
  <attribute name ="GC Interval" value="0" />
  <attribute name="Target GC Util Change" value ="40.000000" />
  <attribute name="Current GC Util Change" value="6.000000"/>
  <attribute name="Current Error" value="-1.000000" />
  <attribute name="Output H" value="8491984"/>
  <attribute name="Output I" value="2000"/>
  <attribute name="Output T" value="8"/>
  <attribute name= "Current Time Running" value="3066" />
  <attribute name="GC Util currently" value="6" />
  <attribute name="CPU Util currently" value="3" />
<allocation-satisfied id="31" threadId="00000000018ACA00" bytesRequested="88" />
<af-end id="32" timestamp="2019-09-21T20:39:20.854" threadId="00000000018AD388" success="true" />
<exclusive-end id="33" timestamp="2019-09-21T20:39:20.854" durationms="27.038" />

<exclusive-start id="34" timestamp="2019-09-21T20:39:20.961" intervalms="133.867">
  <response-info timems="0.069" idlems="0.069" threads="0" lastid="00000000018ACA00" lastname="main" />
</exclusive-start>
<af-start id="35" threadId="00000000018AD388" totalBytesRequested="8200" timestamp="2019-09-21T20:39:20.961" intervalms="133.925" />
<cycle-start id="36" type="global" contextid="0" timestamp="2019-09-21T20:39:20.962" intervalms="133.978" />
<gc-start id="37" type="global" contextid="36" timestamp="2019-09-21T20:39:20.962">
  <mem-info id="38" free="425984" total="8519680" percent="5">
    <mem type="tenure" free="425984" total="8519680" percent="5">
      <mem type="soa" free="0" total="8093696" percent="0" />
      <mem type="loa" free="425984" total="425984" percent="100" />
    </mem>
  </mem-info>
</gc-start>
<allocation-stats totalBytes="4491424" >
  <allocated-bytes non-tlh="34352" tlh="4457072" />
  <largest-consumer threadName="main" threadId="00000000018ACA00" bytes="4491424" />
</allocation-stats>
<gc-op id="39" type="mark" timems="7.261" contextid="36" timestamp="2019-09-21T20:39:20.969">
  <trace-info objectcount="134084" scancount="125147" scanbytes="4735552" />
  <finalization candidates="13" enqueued="0" />
  <references type="soft" candidates="66" cleared="0" enqueued="0" dynamicThreshold="18" maxThreshold="32" />
  <references type="weak" candidates="143" cleared="0" enqueued="0" />
  <references type="phantom" candidates="57" cleared="0" enqueued="0" />
  <stringconstants candidates="3824" cleared="0"  />
</gc-op>
<gc-op id="40" type="sweep" timems="1.422" contextid="36" timestamp="2019-09-21T20:39:20.971" />
<mem-info id="41" free="1855728" total="8519680" percent="21">
  <mem type="tenure" free="1855728" total="8519680" percent="21" micro-fragmented="420242" macro-fragmented="0">
    <mem type="soa" free="1429744" total="8093696" percent="17" />
    <mem type="loa" free="425984" total="425984" percent="100" />
  </mem>
</mem-info>
<gc-op id="42" type="compact" timems="55.865" contextid="36" timestamp="2019-09-21T20:39:21.027">
  <compact-info movecount="117528" movebytes="5439696" reason="compact to aid heap contraction" />
</gc-op>
<heap-resize id="43" type="expand" space="tenure" amount="65536" count="1" timems="0.016" reason="satisfy allocation request" timestamp="2019-09-21T20:39:21.028" />
<gc-end id="44" type="global" contextid="36" durationms="65.983" usertimems="68.000" systemtimems="4.000" timestamp="2019-09-21T20:39:21.028" activeThreads="8">
  <mem-info id="45" free="2355352" total="8585216" percent="27">
    <mem type="tenure" free="2355352" total="8585216" percent="27">
      <mem type="soa" free="1926296" total="8156160" percent="23" />
      <mem type="loa" free="429056" total="429056" percent="100" />
    </mem>
  </mem-info>
</gc-end>
<cycle-end id="46" type="global" contextid="36" timestamp="2019-09-21T20:39:21.028" />
  <attribute name="elasticGC enabled" value="1" />
  <attribute name= "numThreadsSpecified" value="8" />
  <attribute name="heapSize specified" value="8519680" />
  <attribute name="Current GC Util" value="11" />
  <attribute name= "Current Time Running" value="3240" />
  <attribute name ="GC Interval" value="0" />
  <attribute name="Target GC Util Change" value ="40.000000" />
  <attribute name="Current GC Util Change" value="11.000000"/>
  <attribute name="Current Error" value="29.000000" />
  <attribute name="Output H" value="8557536"/>
  <attribute name="Output I" value="2016"/>
  <attribute name="Output T" value="8"/>
  <attribute name= "Current Time Running" value="3240" />
  <attribute name="GC Util currently" value="11" />
  <attribute name="CPU Util currently" value="41106192846" />
<allocation-satisfied id="47" threadId="00000000018ACA00" bytesRequested="8200" />
<af-end id="48" timestamp="2019-09-21T20:39:21.028" threadId="00000000018AD388" success="true" />
<exclusive-end id="49" timestamp="2019-09-21T20:39:21.028" durationms="67.082" />

<exclusive-start id="50" timestamp="2019-09-21T20:39:22.187" intervalms="1225.367">
  <response-info timems="0.293" idlems="0.265" threads="1" lastid="0000000001BC7900" lastname="node-4" />
</exclusive-start>
<af-start id="51" threadId="0000000001BB1A88" totalBytesRequested="720" timestamp="2019-09-21T20:39:22.187" intervalms="1225.272" />
<cycle-start id="52" type="global" contextid="0" timestamp="2019-09-21T20:39:22.187" intervalms="1225.200" />
<gc-start id="53" type="global" contextid="52" timestamp="2019-09-21T20:39:22.187">
  <mem-info id="54" free="429056" total="8585216" percent="4">
    <mem type="tenure" free="429056" total="8585216" percent="4">
      <mem type="soa" free="0" total="8156160" percent="0" />
      <mem type="loa" free="429056" total="429056" percent="100" />
    </mem>
  </mem-info>
</gc-start>
<allocation-stats totalBytes="1986856" >
  <allocated-bytes non-tlh="198768" tlh="1788088" />
  <largest-consumer threadName="main" threadId="00000000018ACA00" bytes="803616" />
</allocation-stats>
<gc-op id="55" type="mark" timems="4.138" contextid="52" timestamp="2019-09-21T20:39:22.191">
  <trace-info objectcount="145866" scancount="136328" scanbytes="5330344" />
  <finalization candidates="13" enqueued="0" />
  <references type="soft" candidates="66" cleared="0" enqueued="0" dynamicThreshold="8" maxThreshold="32" />
  <references type="weak" candidates="145" cleared="2" enqueued="2" />
  <references type="phantom" candidates="57" cleared="0" enqueued="0" />
  <stringconstants candidates="3838" cleared="0"  />
</gc-op>
<gc-op id="56" type="sweep" timems="0.402" contextid="52" timestamp="2019-09-21T20:39:22.192" />
<mem-info id="57" free="1547904" total="8585216" percent="18">
  <mem type="tenure" free="1547904" total="8585216" percent="18" micro-fragmented="76693" macro-fragmented="0">
    <mem type="soa" free="1118848" total="8156160" percent="13" />
    <mem type="loa" free="429056" total="429056" percent="100" />
  </mem>
  <pending-finalizers system="0" default="0" reference="2" classloader="0" />
</mem-info>
<gc-op id="58" type="compact" timems="58.153" contextid="52" timestamp="2019-09-21T20:39:22.250">
  <compact-info movecount="145117" movebytes="6876800" reason="compact to aid heap contraction" />
</gc-op>
<heap-resize id="59" type="expand" space="tenure" amount="65536" count="1" timems="0.027" reason="satisfy allocation request" timestamp="2019-09-21T20:39:22.251" />
<gc-end id="60" type="global" contextid="52" durationms="63.905" usertimems="64.000" systemtimems="4.000" timestamp="2019-09-21T20:39:22.251" activeThreads="8">
  <mem-info id="61" free="1744784" total="8650752" percent="20">
    <mem type="tenure" free="1744784" total="8650752" percent="20">
      <mem type="soa" free="1312656" total="8218624" percent="15" />
      <mem type="loa" free="432128" total="432128" percent="100" />
    </mem>
    <pending-finalizers system="0" default="0" reference="2" classloader="0" />
  </mem-info>
</gc-end>
<cycle-end id="62" type="global" contextid="52" timestamp="2019-09-21T20:39:22.251" />
  <attribute name="elasticGC enabled" value="1" />
  <attribute name= "numThreadsSpecified" value="8" />
  <attribute name="heapSize specified" value="8585216" />
  <attribute name="Current GC Util" value="3" />
  <attribute name= "Current Time Running" value="4463" />
  <attribute name ="GC Interval" value="0" />
  <attribute name="Target GC Util Change" value ="40.000000" />
  <attribute name="Current GC Util Change" value="3.000000"/>
  <attribute name="Current Error" value="80.000000" />
  <attribute name="Output H" value="8623104"/>
  <attribute name="Output I" value="2048"/>
  <attribute name="Output T" value="8"/>
  <attribute name= "Current Time Running" value="4463" />
  <attribute name="GC Util currently" value="3" />
  <attribute name="CPU Util currently" value="39528577587" />
<allocation-satisfied id="63" threadId="0000000001BB1100" bytesRequested="720" />
<af-end id="64" timestamp="2019-09-21T20:39:22.251" threadId="0000000001BB1A88" success="true" />
<exclusive-end id="65" timestamp="2019-09-21T20:39:22.251" durationms="64.869" />

<exclusive-start id="66" timestamp="2019-09-21T20:39:23.499" intervalms="1311.977">
  <response-info timems="0.195" idlems="0.106" threads="1" lastid="0000000001B8BA00" lastname="node-2" />
</exclusive-start>
<af-start id="67" threadId="0000000001BB1A88" totalBytesRequested="80" timestamp="2019-09-21T20:39:23.499" intervalms="1311.967" />
<cycle-start id="68" type="global" contextid="0" timestamp="2019-09-21T20:39:23.499" intervalms="1311.976" />
<gc-start id="69" type="global" contextid="68" timestamp="2019-09-21T20:39:23.499">
  <mem-info id="70" free="432128" total="8650752" percent="4">
    <mem type="tenure" free="432128" total="8650752" percent="4">
      <mem type="soa" free="0" total="8218624" percent="0" />
      <mem type="loa" free="432128" total="432128" percent="100" />
    </mem>
  </mem-info>
</gc-start>
<allocation-stats totalBytes="1319608" >
  <allocated-bytes non-tlh="0" tlh="1319608" />
  <largest-consumer threadName="node-4" threadId="0000000001BC7900" bytes="171680" />
</allocation-stats>
<gc-op id="71" type="mark" timems="8.728" contextid="68" timestamp="2019-09-21T20:39:23.508">
  <trace-info objectcount="145785" scancount="136246" scanbytes="5328480" />
  <finalization candidates="13" enqueued="0" />
  <references type="soft" candidates="66" cleared="0" enqueued="0" dynamicThreshold="6" maxThreshold="32" />
  <references type="weak" candidates="143" cleared="0" enqueued="0" />
  <references type="phantom" candidates="57" cleared="0" enqueued="0" />
  <stringconstants candidates="3838" cleared="0"  />
</gc-op>
<gc-op id="72" type="sweep" timems="0.598" contextid="68" timestamp="2019-09-21T20:39:23.508" />
<mem-info id="73" free="1751648" total="8650752" percent="20">
  <mem type="tenure" free="1751648" total="8650752" percent="20" micro-fragmented="0" macro-fragmented="0">
    <mem type="soa" free="1319520" total="8218624" percent="16" />
    <mem type="loa" free="432128" total="432128" percent="100" />
  </mem>
</mem-info>
<gc-op id="74" type="compact" timems="15.857" contextid="68" timestamp="2019-09-21T20:39:23.524">
  <compact-info movecount="36975" movebytes="2477560" reason="compact to aid heap contraction" />
</gc-op>
<heap-resize id="75" type="expand" space="tenure" amount="65536" count="1" timems="0.016" reason="satisfy allocation request" timestamp="2019-09-21T20:39:23.525" />
<gc-end id="76" type="global" contextid="68" durationms="26.129" usertimems="28.000" systemtimems="4.000" timestamp="2019-09-21T20:39:23.525" activeThreads="8">
  <mem-info id="77" free="1801952" total="8716288" percent="20">
    <mem type="tenure" free="1801952" total="8716288" percent="20">
      <mem type="soa" free="1366752" total="8281088" percent="16" />
      <mem type="loa" free="435200" total="435200" percent="100" />
    </mem>
  </mem-info>
</gc-end>
<cycle-end id="78" type="global" contextid="68" timestamp="2019-09-21T20:39:23.525" />
  <attribute name="elasticGC enabled" value="1" />
  <attribute name= "numThreadsSpecified" value="8" />
  <attribute name="heapSize specified" value="8650752" />
  <attribute name="Current GC Util" value="21" />
  <attribute name= "Current Time Running" value="5737" />
  <attribute name ="GC Interval" value="0" />
  <attribute name="Target GC Util Change" value ="40.000000" />
  <attribute name="Current GC Util Change" value="21.000000"/>
  <attribute name="Current Error" value="-112.000000" />
  <attribute name="Output H" value="8688528"/>
  <attribute name="Output I" value="1936"/>
  <attribute name="Output T" value="8"/>
  <attribute name= "Current Time Running" value="5737" />
  <attribute name="GC Util currently" value="21" />
  <attribute name="CPU Util currently" value="144477818234" />
<allocation-satisfied id="79" threadId="0000000001BB1100" bytesRequested="80" />
<af-end id="80" timestamp="2019-09-21T20:39:23.525" threadId="0000000001BB1A88" success="true" />
<exclusive-end id="81" timestamp="2019-09-21T20:39:23.525" durationms="26.782" />

<exclusive-start id="82" timestamp="2019-09-21T20:39:24.740" intervalms="1241.277">
  <response-info timems="0.037" idlems="0.037" threads="0" lastid="0000000001B8BA00" lastname="node-2" />
</exclusive-start>
<af-start id="83" threadId="0000000001B8C388" totalBytesRequested="24" timestamp="2019-09-21T20:39:24.740" intervalms="1241.271" />
<cycle-start id="84" type="global" contextid="0" timestamp="2019-09-21T20:39:24.740" intervalms="1241.263" />
<gc-start id="85" type="global" contextid="84" timestamp="2019-09-21T20:39:24.740">
  <mem-info id="86" free="435200" total="8716288" percent="4">
    <mem type="tenure" free="435200" total="8716288" percent="4">
      <mem type="soa" free="0" total="8281088" percent="0" />
      <mem type="loa" free="435200" total="435200" percent="100" />
    </mem>
  </mem-info>
</gc-start>
<allocation-stats totalBytes="1385352" >
  <allocated-bytes non-tlh="0" tlh="1385352" />
  <largest-consumer threadName="node-9" threadId="0000000001BA9A00" bytes="147096" />
</allocation-stats>
<gc-op id="87" type="mark" timems="4.395" contextid="84" timestamp="2019-09-21T20:39:24.745">
  <trace-info objectcount="145733" scancount="136193" scanbytes="5326912" />
  <finalization candidates="13" enqueued="0" />
  <references type="soft" candidates="66" cleared="0" enqueued="0" dynamicThreshold="6" maxThreshold="32" />
  <references type="weak" candidates="143" cleared="0" enqueued="0" />
  <references type="phantom" candidates="57" cleared="0" enqueued="0" />
  <stringconstants candidates="3838" cleared="0"  />
</gc-op>
<gc-op id="88" type="sweep" timems="0.748" contextid="84" timestamp="2019-09-21T20:39:24.745" />
<mem-info id="89" free="1818256" total="8716288" percent="20">
  <mem type="tenure" free="1818256" total="8716288" percent="20" micro-fragmented="0" macro-fragmented="0">
    <mem type="soa" free="1383056" total="8281088" percent="16" />
    <mem type="loa" free="435200" total="435200" percent="100" />
  </mem>
</mem-info>
<gc-op id="90" type="compact" timems="14.111" contextid="84" timestamp="2019-09-21T20:39:24.760">
  <compact-info movecount="31422" movebytes="2142760" reason="compact to aid heap contraction" />
</gc-op>
<heap-resize id="91" type="expand" space="tenure" amount="65536" count="1" timems="0.015" reason="satisfy allocation request" timestamp="2019-09-21T20:39:24.760" />
<gc-end id="92" type="global" contextid="84" durationms="20.134" usertimems="16.000" systemtimems="8.000" timestamp="2019-09-21T20:39:24.760" activeThreads="8">
  <mem-info id="93" free="1868288" total="8781824" percent="21">
    <mem type="tenure" free="1868288" total="8781824" percent="21">
      <mem type="soa" free="1430016" total="8343552" percent="17" />
      <mem type="loa" free="438272" total="438272" percent="100" />
    </mem>
  </mem-info>
</gc-end>
<cycle-end id="94" type="global" contextid="84" timestamp="2019-09-21T20:39:24.760" />
  <attribute name="elasticGC enabled" value="1" />
  <attribute name= "numThreadsSpecified" value="8" />
  <attribute name="heapSize specified" value="8716288" />
  <attribute name="Current GC Util" value="19" />
  <attribute name= "Current Time Running" value="6973" />
  <attribute name ="GC Interval" value="0" />
  <attribute name="Target GC Util Change" value ="40.000000" />
  <attribute name="Current GC Util Change" value="19.000000"/>
  <attribute name="Current Error" value="21.000000" />
  <attribute name="Output H" value="8754144"/>
  <attribute name="Output I" value="2016"/>
  <attribute name="Output T" value="8"/>
  <attribute name= "Current Time Running" value="6973" />
  <attribute name="GC Util currently" value="19" />
  <attribute name="CPU Util currently" value="161404132827" />
<allocation-satisfied id="95" threadId="0000000001B8BA00" bytesRequested="24" />
<af-end id="96" timestamp="2019-09-21T20:39:24.761" threadId="0000000001B8C388" success="true" />
<exclusive-end id="97" timestamp="2019-09-21T20:39:24.761" durationms="20.816" />

<exclusive-start id="98" timestamp="2019-09-21T20:39:25.964" intervalms="1224.281">
  <response-info timems="0.082" idlems="0.082" threads="0" lastid="0000000001BA2200" lastname="node-7" />
</exclusive-start>
<af-start id="99" threadId="0000000001BA2B88" totalBytesRequested="16" timestamp="2019-09-21T20:39:25.964" intervalms="1224.334" />
<cycle-start id="100" type="global" contextid="0" timestamp="2019-09-21T20:39:25.964" intervalms="1224.385" />
<gc-start id="101" type="global" contextid="100" timestamp="2019-09-21T20:39:25.964">
  <mem-info id="102" free="438272" total="8781824" percent="4">
    <mem type="tenure" free="438272" total="8781824" percent="4">
      <mem type="soa" free="0" total="8343552" percent="0" />
      <mem type="loa" free="438272" total="438272" percent="100" />
    </mem>
  </mem-info>
</gc-start>
<allocation-stats totalBytes="1450008" >
  <allocated-bytes non-tlh="0" tlh="1450008" />
  <largest-consumer threadName="node-9" threadId="0000000001BA9A00" bytes="139744" />
</allocation-stats>
<gc-op id="103" type="mark" timems="4.511" contextid="100" timestamp="2019-09-21T20:39:25.969">
  <trace-info objectcount="145644" scancount="136108" scanbytes="5323876" />
  <finalization candidates="13" enqueued="0" />
  <references type="soft" candidates="66" cleared="20" enqueued="16" dynamicThreshold="6" maxThreshold="32" />
  <references type="weak" candidates="143" cleared="0" enqueued="0" />
  <references type="phantom" candidates="57" cleared="0" enqueued="0" />
  <stringconstants candidates="3838" cleared="0"  />
</gc-op>
<gc-op id="104" type="sweep" timems="0.774" contextid="100" timestamp="2019-09-21T20:39:25.970" />
<mem-info id="105" free="1882304" total="8781824" percent="21">
  <mem type="tenure" free="1882304" total="8781824" percent="21" micro-fragmented="9232" macro-fragmented="0">
    <mem type="soa" free="1444032" total="8343552" percent="17" />
    <mem type="loa" free="438272" total="438272" percent="100" />
  </mem>
  <pending-finalizers system="0" default="0" reference="16" classloader="0" />
</mem-info>
<gc-op id="106" type="compact" timems="58.329" contextid="100" timestamp="2019-09-21T20:39:26.028">
  <compact-info movecount="139696" movebytes="6609152" reason="compact to aid heap contraction" />
</gc-op>
<heap-resize id="107" type="expand" space="tenure" amount="65536" count="1" timems="0.013" reason="satisfy allocation request" timestamp="2019-09-21T20:39:26.029" />
<gc-end id="108" type="global" contextid="100" durationms="64.601" usertimems="60.000" systemtimems="12.000" timestamp="2019-09-21T20:39:26.029" activeThreads="8">
  <mem-info id="109" free="1933400" total="8847360" percent="21">
    <mem type="tenure" free="1933400" total="8847360" percent="21">
      <mem type="soa" free="1491032" total="8404992" percent="17" />
      <mem type="loa" free="442368" total="442368" percent="100" />
    </mem>
    <pending-finalizers system="0" default="0" reference="16" classloader="0" />
  </mem-info>
</gc-end>
<cycle-end id="110" type="global" contextid="100" timestamp="2019-09-21T20:39:26.029" />
  <attribute name="elasticGC enabled" value="1" />
  <attribute name= "numThreadsSpecified" value="8" />
  <attribute name="heapSize specified" value="8781824" />
  <attribute name="Current GC Util" value="7" />
  <attribute name= "Current Time Running" value="8242" />
  <attribute name ="GC Interval" value="0" />
  <attribute name="Target GC Util Change" value ="40.000000" />
  <attribute name="Current GC Util Change" value="7.000000"/>
  <attribute name="Current Error" value="-121.000000" />
  <attribute name="Output H" value="8819600"/>
  <attribute name="Output I" value="1936"/>
  <attribute name="Output T" value="8"/>
  <attribute name= "Current Time Running" value="8242" />
  <attribute name="GC Util currently" value="7" />
  <attribute name="CPU Util currently" value="39387586324" />
<allocation-satisfied id="111" threadId="0000000001BA2200" bytesRequested="16" />
<af-end id="112" timestamp="2019-09-21T20:39:26.029" threadId="0000000001BA2B88" success="true" />
<exclusive-end id="113" timestamp="2019-09-21T20:39:26.030" durationms="65.471" />

<exclusive-start id="114" timestamp="2019-09-21T20:39:27.306" intervalms="1342.295">
  <response-info timems="0.044" idlems="0.044" threads="0" lastid="0000000001BC3D00" lastname="node-14" />
</exclusive-start>
<af-start id="115" threadId="0000000001BC4688" totalBytesRequested="24" timestamp="2019-09-21T20:39:27.307" intervalms="1342.280" />
<cycle-start id="116" type="global" contextid="0" timestamp="2019-09-21T20:39:27.307" intervalms="1342.270" />
<gc-start id="117" type="global" contextid="116" timestamp="2019-09-21T20:39:27.307">
  <mem-info id="118" free="442368" total="8847360" percent="5">
    <mem type="tenure" free="442368" total="8847360" percent="5">
      <mem type="soa" free="0" total="8404992" percent="0" />
      <mem type="loa" free="442368" total="442368" percent="100" />
    </mem>
  </mem-info>
</gc-start>
<allocation-stats totalBytes="1507840" >
  <allocated-bytes non-tlh="0" tlh="1507840" />
  <largest-consumer threadName="node-6" threadId="0000000001B7CB00" bytes="106480" />
</allocation-stats>
<gc-op id="119" type="mark" timems="4.358" contextid="116" timestamp="2019-09-21T20:39:27.311">
  <trace-info objectcount="145506" scancount="135981" scanbytes="5319720" />
  <finalization candidates="13" enqueued="0" />
  <references type="soft" candidates="46" cleared="0" enqueued="0" dynamicThreshold="6" maxThreshold="32" />
  <references type="weak" candidates="143" cleared="0" enqueued="0" />
  <references type="phantom" candidates="57" cleared="0" enqueued="0" />
  <stringconstants candidates="3838" cleared="0"  />
</gc-op>
<gc-op id="120" type="sweep" timems="0.287" contextid="116" timestamp="2019-09-21T20:39:27.312" />
<mem-info id="121" free="1949976" total="8847360" percent="22">
  <mem type="tenure" free="1949976" total="8847360" percent="22" micro-fragmented="19458" macro-fragmented="0">
    <mem type="soa" free="1507608" total="8404992" percent="17" />
    <mem type="loa" free="442368" total="442368" percent="100" />
  </mem>
</mem-info>
<gc-op id="122" type="compact" timems="59.023" contextid="116" timestamp="2019-09-21T20:39:27.371">
  <compact-info movecount="134237" movebytes="6399248" reason="compact to aid heap contraction" />
</gc-op>
<heap-resize id="123" type="expand" space="tenure" amount="65536" count="1" timems="0.015" reason="satisfy allocation request" timestamp="2019-09-21T20:39:27.372" />
<gc-end id="124" type="global" contextid="116" durationms="65.175" usertimems="68.000" systemtimems="4.000" timestamp="2019-09-21T20:39:27.372" activeThreads="8">
  <mem-info id="125" free="2016376" total="8912896" percent="22">
    <mem type="tenure" free="2016376" total="8912896" percent="22">
      <mem type="soa" free="1570936" total="8467456" percent="18" />
      <mem type="loa" free="445440" total="445440" percent="100" />
    </mem>
  </mem-info>
</gc-end>
<cycle-end id="126" type="global" contextid="116" timestamp="2019-09-21T20:39:27.372" />
  <attribute name="elasticGC enabled" value="1" />
  <attribute name= "numThreadsSpecified" value="8" />
  <attribute name="heapSize specified" value="8847360" />
  <attribute name="Current GC Util" value="4" />
  <attribute name= "Current Time Running" value="9584" />
  <attribute name ="GC Interval" value="0" />
  <attribute name="Target GC Util Change" value ="40.000000" />
  <attribute name="Current GC Util Change" value="4.000000"/>
  <attribute name="Current Error" value="-63.000000" />
  <attribute name="Output H" value="8885168"/>
  <attribute name="Output I" value="1968"/>
  <attribute name="Output T" value="8"/>
  <attribute name= "Current Time Running" value="9584" />
  <attribute name="GC Util currently" value="4" />
  <attribute name="CPU Util currently" value="38947348140" />
<allocation-satisfied id="127" threadId="0000000001BC3D00" bytesRequested="24" />
<af-end id="128" timestamp="2019-09-21T20:39:27.372" threadId="0000000001BC4688" success="true" />
<exclusive-end id="129" timestamp="2019-09-21T20:39:27.373" durationms="66.151" />

<exclusive-start id="130" timestamp="2019-09-21T20:39:28.555" intervalms="1248.735">
  <response-info timems="0.056" idlems="0.056" threads="0" lastid="0000000001B8BA00" lastname="node-2" />
</exclusive-start>
<af-start id="131" threadId="0000000001B8C388" totalBytesRequested="24" timestamp="2019-09-21T20:39:28.555" intervalms="1248.747" />
<cycle-start id="132" type="global" contextid="0" timestamp="2019-09-21T20:39:28.555" intervalms="1248.715" />
<gc-start id="133" type="global" contextid="132" timestamp="2019-09-21T20:39:28.555">
  <mem-info id="134" free="445440" total="8912896" percent="4">
    <mem type="tenure" free="445440" total="8912896" percent="4">
      <mem type="soa" free="0" total="8467456" percent="0" />
      <mem type="loa" free="445440" total="445440" percent="100" />
    </mem>
  </mem-info>
</gc-start>
<allocation-stats totalBytes="1580872" >
  <allocated-bytes non-tlh="0" tlh="1580872" />
  <largest-consumer threadName="node-7" threadId="0000000001BA2200" bytes="106480" />
</allocation-stats>
<gc-op id="135" type="mark" timems="3.953" contextid="132" timestamp="2019-09-21T20:39:28.560">
  <trace-info objectcount="145454" scancount="135950" scanbytes="5318792" />
  <finalization candidates="13" enqueued="0" />
  <references type="soft" candidates="46" cleared="0" enqueued="0" dynamicThreshold="7" maxThreshold="32" />
  <references type="weak" candidates="143" cleared="0" enqueued="0" />
  <references type="phantom" candidates="57" cleared="0" enqueued="0" />
  <stringconstants candidates="3838" cleared="0"  />
</gc-op>
<gc-op id="136" type="sweep" timems="0.307" contextid="132" timestamp="2019-09-21T20:39:28.560" />
<mem-info id="137" free="2028504" total="8912896" percent="22">
  <mem type="tenure" free="2028504" total="8912896" percent="22" micro-fragmented="0" macro-fragmented="0">
    <mem type="soa" free="1583064" total="8467456" percent="18" />
    <mem type="loa" free="445440" total="445440" percent="100" />
  </mem>
</mem-info>
<gc-op id="138" type="compact" timems="7.531" contextid="132" timestamp="2019-09-21T20:39:28.568">
  <compact-info movecount="2360" movebytes="58496" reason="compact to aid heap contraction" />
</gc-op>
<heap-resize id="139" type="expand" space="tenure" amount="65536" count="1" timems="0.017" reason="satisfy allocation request" timestamp="2019-09-21T20:39:28.568" />
<gc-end id="140" type="global" contextid="132" durationms="12.872" usertimems="16.000" systemtimems="0.000" timestamp="2019-09-21T20:39:28.568" activeThreads="8">
  <mem-info id="141" free="2082560" total="8978432" percent="23">
    <mem type="tenure" free="2082560" total="8978432" percent="23">
      <mem type="soa" free="1634048" total="8529920" percent="19" />
      <mem type="loa" free="448512" total="448512" percent="100" />
    </mem>
  </mem-info>
</gc-end>
<cycle-end id="142" type="global" contextid="132" timestamp="2019-09-21T20:39:28.569" />
  <attribute name="elasticGC enabled" value="1" />
  <attribute name= "numThreadsSpecified" value="8" />
  <attribute name="heapSize specified" value="8912896" />
  <attribute name="Current GC Util" value="90" />
  <attribute name= "Current Time Running" value="10781" />
  <attribute name ="GC Interval" value="0" />
  <attribute name="Target GC Util Change" value ="40.000000" />
  <attribute name="Current GC Util Change" value="90.000000"/>
  <attribute name="Current Error" value="-50.000000" />
  <attribute name="Output H" value="8950712"/>
  <attribute name="Output I" value="1976"/>
  <attribute name="Output T" value="8"/>
  <attribute name= "Current Time Running" value="10781" />
  <attribute name="GC Util currently" value="90" />
  <attribute name="CPU Util currently" value="299045273098" />
<allocation-satisfied id="143" threadId="0000000001B8BA00" bytesRequested="24" />
<af-end id="144" timestamp="2019-09-21T20:39:28.569" threadId="0000000001B8C388" success="true" />
<exclusive-end id="145" timestamp="2019-09-21T20:39:28.569" durationms="13.873" />

<exclusive-start id="146" timestamp="2019-09-21T20:39:29.782" intervalms="1226.558">
  <response-info timems="0.064" idlems="0.064" threads="0" lastid="0000000001B7CB00" lastname="node-6" />
</exclusive-start>
<af-start id="147" threadId="0000000001B7D488" totalBytesRequested="32" timestamp="2019-09-21T20:39:29.782" intervalms="1226.552" />
<cycle-start id="148" type="global" contextid="0" timestamp="2019-09-21T20:39:29.782" intervalms="1226.590" />
<gc-start id="149" type="global" contextid="148" timestamp="2019-09-21T20:39:29.782">
  <mem-info id="150" free="448512" total="8978432" percent="4">
    <mem type="tenure" free="448512" total="8978432" percent="4">
      <mem type="soa" free="0" total="8529920" percent="0" />
      <mem type="loa" free="448512" total="448512" percent="100" />
    </mem>
  </mem-info>
</gc-start>
<allocation-stats totalBytes="1649368" >
  <allocated-bytes non-tlh="0" tlh="1649368" />
  <largest-consumer threadName="node-0" threadId="0000000001B80700" bytes="106488" />
</allocation-stats>
<gc-op id="151" type="mark" timems="6.812" contextid="148" timestamp="2019-09-21T20:39:29.789">
  <trace-info objectcount="145424" scancount="135925" scanbytes="5318016" />
  <finalization candidates="13" enqueued="0" />
  <references type="soft" candidates="46" cleared="0" enqueued="0" dynamicThreshold="7" maxThreshold="32" />
  <references type="weak" candidates="143" cleared="0" enqueued="0" />
  <references type="phantom" candidates="57" cleared="0" enqueued="0" />
  <stringconstants candidates="3838" cleared="0"  />
</gc-op>
<gc-op id="152" type="sweep" timems="0.802" contextid="148" timestamp="2019-09-21T20:39:29.790" />
<mem-info id="153" free="2097696" total="8978432" percent="23">
  <mem type="tenure" free="2097696" total="8978432" percent="23" micro-fragmented="0" macro-fragmented="0">
    <mem type="soa" free="1649184" total="8529920" percent="19" />
    <mem type="loa" free="448512" total="448512" percent="100" />
  </mem>
</mem-info>
<gc-op id="154" type="compact" timems="10.587" contextid="148" timestamp="2019-09-21T20:39:29.801">
  <compact-info movecount="13261" movebytes="825632" reason="compact to aid heap contraction" />
</gc-op>
<heap-resize id="155" type="expand" space="tenure" amount="65536" count="1" timems="0.026" reason="satisfy allocation request" timestamp="2019-09-21T20:39:29.801" />
<gc-end id="156" type="global" contextid="148" durationms="19.602" usertimems="20.000" systemtimems="0.000" timestamp="2019-09-21T20:39:29.802" activeThreads="8">
  <mem-info id="157" free="2149144" total="9043968" percent="23">
    <mem type="tenure" free="2149144" total="9043968" percent="23">
      <mem type="soa" free="1697560" total="8592384" percent="19" />
      <mem type="loa" free="451584" total="451584" percent="100" />
    </mem>
  </mem-info>
</gc-end>
<cycle-end id="158" type="global" contextid="148" timestamp="2019-09-21T20:39:29.802" />
  <attribute name="elasticGC enabled" value="1" />
  <attribute name= "numThreadsSpecified" value="8" />
  <attribute name="heapSize specified" value="8978432" />
  <attribute name="Current GC Util" value="31" />
  <attribute name= "Current Time Running" value="12014" />
  <attribute name ="GC Interval" value="0" />
  <attribute name="Target GC Util Change" value ="40.000000" />
  <attribute name="Current GC Util Change" value="31.000000"/>
  <attribute name="Current Error" value="-40.000000" />
  <attribute name="Output H" value="9016256"/>
  <attribute name="Output I" value="1984"/>
  <attribute name="Output T" value="8"/>
  <attribute name= "Current Time Running" value="12014" />
  <attribute name="GC Util currently" value="31" />
  <attribute name="CPU Util currently" value="214133952077" />
<allocation-satisfied id="159" threadId="0000000001B7CB00" bytesRequested="32" />
<af-end id="160" timestamp="2019-09-21T20:39:29.802" threadId="0000000001B7D488" success="true" />
<exclusive-end id="161" timestamp="2019-09-21T20:39:29.802" durationms="20.622" />

<exclusive-start id="162" timestamp="2019-09-21T20:39:30.814" intervalms="1032.227">
  <response-info timems="0.072" idlems="0.072" threads="0" lastid="0000000001BA5E00" lastname="node-21" />
</exclusive-start>
<af-start id="163" threadId="0000000001BA6788" totalBytesRequested="32" timestamp="2019-09-21T20:39:30.814" intervalms="1032.184" />
<cycle-start id="164" type="global" contextid="0" timestamp="2019-09-21T20:39:30.814" intervalms="1032.147" />
<gc-start id="165" type="global" contextid="164" timestamp="2019-09-21T20:39:30.814">
  <mem-info id="166" free="451584" total="9043968" percent="4">
    <mem type="tenure" free="451584" total="9043968" percent="4">
      <mem type="soa" free="0" total="8592384" percent="0" />
      <mem type="loa" free="451584" total="451584" percent="100" />
    </mem>
  </mem-info>
</gc-start>
<allocation-stats totalBytes="1712296" >
  <allocated-bytes non-tlh="0" tlh="1712296" />
  <largest-consumer threadName="node-9" threadId="0000000001BA9A00" bytes="106480" />
</allocation-stats>
<gc-op id="167" type="mark" timems="2.885" contextid="164" timestamp="2019-09-21T20:39:30.817">
  <trace-info objectcount="145410" scancount="135931" scanbytes="5317208" />
  <finalization candidates="13" enqueued="0" />
  <references type="soft" candidates="46" cleared="1" enqueued="0" dynamicThreshold="7" maxThreshold="32" />
  <references type="weak" candidates="143" cleared="0" enqueued="0" />
  <references type="phantom" candidates="57" cleared="0" enqueued="0" />
  <stringconstants candidates="3838" cleared="0"  />
</gc-op>
<gc-op id="168" type="sweep" timems="0.379" contextid="164" timestamp="2019-09-21T20:39:30.818" />
<mem-info id="169" free="2157456" total="9043968" percent="23">
  <mem type="tenure" free="2157456" total="9043968" percent="23" micro-fragmented="0" macro-fragmented="0">
    <mem type="soa" free="1705872" total="8592384" percent="19" />
    <mem type="loa" free="451584" total="451584" percent="100" />
  </mem>
</mem-info>
<gc-op id="170" type="compact" timems="56.499" contextid="164" timestamp="2019-09-21T20:39:30.874">
  <compact-info movecount="128871" movebytes="6079752" reason="compact to aid heap contraction" />
</gc-op>
<heap-resize id="171" type="expand" space="tenure" amount="65536" count="1" timems="0.015" reason="satisfy allocation request" timestamp="2019-09-21T20:39:30.875" />
<gc-end id="172" type="global" contextid="164" durationms="60.915" usertimems="56.000" systemtimems="12.000" timestamp="2019-09-21T20:39:30.875" activeThreads="8">
  <mem-info id="173" free="2225384" total="9109504" percent="24">
    <mem type="tenure" free="2225384" total="9109504" percent="24">
      <mem type="soa" free="1770728" total="8654848" percent="20" />
      <mem type="loa" free="454656" total="454656" percent="100" />
    </mem>
  </mem-info>
</gc-end>
<cycle-end id="174" type="global" contextid="164" timestamp="2019-09-21T20:39:30.875" />
  <attribute name="elasticGC enabled" value="1" />
  <attribute name= "numThreadsSpecified" value="8" />
  <attribute name="heapSize specified" value="9043968" />
  <attribute name="Current GC Util" value="2" />
  <attribute name= "Current Time Running" value="13088" />
  <attribute name ="GC Interval" value="0" />
  <attribute name="Target GC Util Change" value ="40.000000" />
  <attribute name="Current GC Util Change" value="2.000000"/>
  <attribute name="Current Error" value="-68.000000" />
  <attribute name="Output H" value="9081776"/>
  <attribute name="Output I" value="1968"/>
  <attribute name="Output T" value="8"/>
  <attribute name= "Current Time Running" value="13088" />
  <attribute name="GC Util currently" value="2" />
  <attribute name="CPU Util currently" value="40653644462" />
<allocation-satisfied id="175" threadId="0000000001BA5E00" bytesRequested="32" />
<af-end id="176" timestamp="2019-09-21T20:39:30.875" threadId="0000000001BA6788" success="true" />
<exclusive-end id="177" timestamp="2019-09-21T20:39:30.876" durationms="61.753" />

<exclusive-start id="178" timestamp="2019-09-21T20:39:32.164" intervalms="1350.214">
  <response-info timems="0.063" idlems="0.033" threads="1" lastid="0000000001BA9A00" lastname="node-9" />
</exclusive-start>
<af-start id="179" threadId="0000000001B8FF88" totalBytesRequested="32" timestamp="2019-09-21T20:39:32.164" intervalms="1350.226" />
<cycle-start id="180" type="global" contextid="0" timestamp="2019-09-21T20:39:32.164" intervalms="1350.226" />
<gc-start id="181" type="global" contextid="180" timestamp="2019-09-21T20:39:32.164">
  <mem-info id="182" free="454656" total="9109504" percent="4">
    <mem type="tenure" free="454656" total="9109504" percent="4">
      <mem type="soa" free="0" total="8654848" percent="0" />
      <mem type="loa" free="454656" total="454656" percent="100" />
    </mem>
  </mem-info>
</gc-start>
<allocation-stats totalBytes="1772552" >
  <allocated-bytes non-tlh="0" tlh="1772552" />
  <largest-consumer threadName="node-9" threadId="0000000001BA9A00" bytes="106472" />
</allocation-stats>
<gc-op id="183" type="mark" timems="2.902" contextid="180" timestamp="2019-09-21T20:39:32.167">
  <trace-info objectcount="145392" scancount="135883" scanbytes="5316656" />
  <finalization candidates="13" enqueued="0" />
  <references type="soft" candidates="45" cleared="0" enqueued="0" dynamicThreshold="7" maxThreshold="32" />
  <references type="weak" candidates="143" cleared="0" enqueued="0" />
  <references type="phantom" candidates="57" cleared="0" enqueued="0" />
  <stringconstants candidates="3838" cleared="0"  />
</gc-op>
<gc-op id="184" type="sweep" timems="0.334" contextid="180" timestamp="2019-09-21T20:39:32.168" />
<mem-info id="185" free="2219560" total="9109504" percent="24">
  <mem type="tenure" free="2219560" total="9109504" percent="24" micro-fragmented="513" macro-fragmented="0">
    <mem type="soa" free="1764904" total="8654848" percent="20" />
    <mem type="loa" free="454656" total="454656" percent="100" />
  </mem>
</mem-info>
<gc-op id="186" type="compact" timems="9.053" contextid="180" timestamp="2019-09-21T20:39:32.177">
  <compact-info movecount="11434" movebytes="712080" reason="compact to aid heap contraction" />
</gc-op>
<heap-resize id="187" type="expand" space="tenure" amount="65536" count="1" timems="0.027" reason="satisfy allocation request" timestamp="2019-09-21T20:39:32.178" />
<gc-end id="188" type="global" contextid="180" durationms="13.364" usertimems="20.000" systemtimems="0.000" timestamp="2019-09-21T20:39:32.178" activeThreads="8">
  <mem-info id="189" free="2277952" total="9175040" percent="24">
    <mem type="tenure" free="2277952" total="9175040" percent="24">
      <mem type="soa" free="1819200" total="8716288" percent="20" />
      <mem type="loa" free="458752" total="458752" percent="100" />
    </mem>
  </mem-info>
</gc-end>
<cycle-end id="190" type="global" contextid="180" timestamp="2019-09-21T20:39:32.178" />
  <attribute name="elasticGC enabled" value="1" />
  <attribute name= "numThreadsSpecified" value="8" />
  <attribute name="heapSize specified" value="9109504" />
  <attribute name="Current GC Util" value="10" />
  <attribute name= "Current Time Running" value="14390" />
  <attribute name ="GC Interval" value="0" />
  <attribute name="Target GC Util Change" value ="40.000000" />
  <attribute name="Current GC Util Change" value="10.000000"/>
  <attribute name="Current Error" value="30.000000" />
  <attribute name="Output H" value="9147368"/>
  <attribute name="Output I" value="2024"/>
  <attribute name="Output T" value="8"/>
  <attribute name= "Current Time Running" value="14390" />
  <attribute name="GC Util currently" value="10" />
  <attribute name="CPU Util currently" value="249391512849" />
<allocation-satisfied id="191" threadId="0000000001B8F600" bytesRequested="32" />
<af-end id="192" timestamp="2019-09-21T20:39:32.178" threadId="0000000001B8FF88" success="true" />
<exclusive-end id="193" timestamp="2019-09-21T20:39:32.178" durationms="14.168" />

<exclusive-start id="194" timestamp="2019-09-21T20:39:33.302" intervalms="1137.453">
  <response-info timems="0.046" idlems="0.046" threads="0" lastid="0000000001BA2200" lastname="node-7" />
</exclusive-start>
<af-start id="195" threadId="0000000001BA2B88" totalBytesRequested="16" timestamp="2019-09-21T20:39:33.302" intervalms="1137.436" />
<cycle-start id="196" type="global" contextid="0" timestamp="2019-09-21T20:39:33.302" intervalms="1137.428" />
<gc-start id="197" type="global" contextid="196" timestamp="2019-09-21T20:39:33.302">
  <mem-info id="198" free="458752" total="9175040" percent="5">
    <mem type="tenure" free="458752" total="9175040" percent="5">
      <mem type="soa" free="0" total="8716288" percent="0" />
      <mem type="loa" free="458752" total="458752" percent="100" />
    </mem>
  </mem-info>
</gc-start>
<allocation-stats totalBytes="1833480" >
  <allocated-bytes non-tlh="0" tlh="1833480" />
  <largest-consumer threadName="node-9" threadId="0000000001BA9A00" bytes="106448" />
</allocation-stats>
<gc-op id="199" type="mark" timems="2.799" contextid="196" timestamp="2019-09-21T20:39:33.305">
  <trace-info objectcount="145362" scancount="135863" scanbytes="5316096" />
  <finalization candidates="13" enqueued="0" />
  <references type="soft" candidates="45" cleared="0" enqueued="0" dynamicThreshold="7" maxThreshold="32" />
  <references type="weak" candidates="143" cleared="0" enqueued="0" />
  <references type="phantom" candidates="57" cleared="0" enqueued="0" />
  <stringconstants candidates="3838" cleared="0"  />
</gc-op>
<gc-op id="200" type="sweep" timems="0.276" contextid="196" timestamp="2019-09-21T20:39:33.305" />
<mem-info id="201" free="2285504" total="9175040" percent="24">
  <mem type="tenure" free="2285504" total="9175040" percent="24" micro-fragmented="0" macro-fragmented="0">
    <mem type="soa" free="1826752" total="8716288" percent="20" />
    <mem type="loa" free="458752" total="458752" percent="100" />
  </mem>
</mem-info>
<gc-op id="202" type="compact" timems="8.055" contextid="196" timestamp="2019-09-21T20:39:33.313">
  <compact-info movecount="5982" movebytes="335832" reason="compact to aid heap contraction" />
</gc-op>
<heap-resize id="203" type="expand" space="tenure" amount="65536" count="1" timems="0.016" reason="satisfy allocation request" timestamp="2019-09-21T20:39:33.314" />
<gc-end id="204" type="global" contextid="196" durationms="12.025" usertimems="12.000" systemtimems="8.000" timestamp="2019-09-21T20:39:33.314" activeThreads="8">
  <mem-info id="205" free="2342976" total="9240576" percent="25">
    <mem type="tenure" free="2342976" total="9240576" percent="25">
      <mem type="soa" free="1881152" total="8778752" percent="21" />
      <mem type="loa" free="461824" total="461824" percent="100" />
    </mem>
  </mem-info>
</gc-end>
<cycle-end id="206" type="global" contextid="196" timestamp="2019-09-21T20:39:33.314" />
  <attribute name="elasticGC enabled" value="1" />
  <attribute name= "numThreadsSpecified" value="8" />
  <attribute name="heapSize specified" value="9175040" />
  <attribute name="Current GC Util" value="12" />
  <attribute name= "Current Time Running" value="15526" />
  <attribute name ="GC Interval" value="0" />
  <attribute name="Target GC Util Change" value ="40.000000" />
  <attribute name="Current GC Util Change" value="12.000000"/>
  <attribute name="Current Error" value="-23.000000" />
  <attribute name="Output H" value="9212872"/>
  <attribute name="Output I" value="1992"/>
  <attribute name="Output T" value="8"/>
  <attribute name= "Current Time Running" value="15526" />
  <attribute name="GC Util currently" value="12" />
  <attribute name="CPU Util currently" value="280722590068" />
<allocation-satisfied id="207" threadId="0000000001BA2200" bytesRequested="16" />
<af-end id="208" timestamp="2019-09-21T20:39:33.314" threadId="0000000001BA2B88" success="true" />
<exclusive-end id="209" timestamp="2019-09-21T20:39:33.314" durationms="12.736" />

<exclusive-start id="210" timestamp="2019-09-21T20:39:34.510" intervalms="1207.952">
  <response-info timems="0.043" idlems="0.043" threads="0" lastid="0000000001BA9A00" lastname="node-9" />
</exclusive-start>
<af-start id="211" threadId="0000000001BAA388" totalBytesRequested="32" timestamp="2019-09-21T20:39:34.510" intervalms="1208.008" />
<cycle-start id="212" type="global" contextid="0" timestamp="2019-09-21T20:39:34.510" intervalms="1208.060" />
<gc-start id="213" type="global" contextid="212" timestamp="2019-09-21T20:39:34.510">
  <mem-info id="214" free="461824" total="9240576" percent="4">
    <mem type="tenure" free="461824" total="9240576" percent="4">
      <mem type="soa" free="0" total="8778752" percent="0" />
      <mem type="loa" free="461824" total="461824" percent="100" />
    </mem>
  </mem-info>
</gc-start>
<allocation-stats totalBytes="1894688" >
  <allocated-bytes non-tlh="0" tlh="1894688" />
  <largest-consumer threadName="node-4" threadId="0000000001BC7900" bytes="90104" />
</allocation-stats>
<gc-op id="215" type="mark" timems="2.881" contextid="212" timestamp="2019-09-21T20:39:34.513">
  <trace-info objectcount="145319" scancount="135824" scanbytes="5315328" />
  <finalization candidates="13" enqueued="0" />
  <references type="soft" candidates="45" cleared="0" enqueued="0" dynamicThreshold="8" maxThreshold="32" />
  <references type="weak" candidates="143" cleared="0" enqueued="0" />
  <references type="phantom" candidates="57" cleared="0" enqueued="0" />
  <stringconstants candidates="3838" cleared="0"  />
</gc-op>
<gc-op id="216" type="sweep" timems="0.396" contextid="212" timestamp="2019-09-21T20:39:34.514" />
<mem-info id="217" free="2360856" total="9240576" percent="25">
  <mem type="tenure" free="2360856" total="9240576" percent="25" micro-fragmented="0" macro-fragmented="9100">
    <mem type="soa" free="1899032" total="8778752" percent="21" />
    <mem type="loa" free="461824" total="461824" percent="100" />
  </mem>
</mem-info>
<gc-op id="218" type="compact" timems="7.649" contextid="212" timestamp="2019-09-21T20:39:34.521">
  <compact-info movecount="5397" movebytes="292136" reason="compact to aid heap contraction" />
</gc-op>
<heap-resize id="219" type="expand" space="tenure" amount="65536" count="1" timems="0.028" reason="satisfy allocation request" timestamp="2019-09-21T20:39:34.522" />
<gc-end id="220" type="global" contextid="212" durationms="12.156" usertimems="12.000" systemtimems="4.000" timestamp="2019-09-21T20:39:34.522" activeThreads="8">
  <mem-info id="221" free="2414712" total="9306112" percent="25">
    <mem type="tenure" free="2414712" total="9306112" percent="25">
      <mem type="soa" free="1949816" total="8841216" percent="22" />
      <mem type="loa" free="464896" total="464896" percent="100" />
    </mem>
  </mem-info>
</gc-end>
<cycle-end id="222" type="global" contextid="212" timestamp="2019-09-21T20:39:34.522" />
  <attribute name="elasticGC enabled" value="1" />
  <attribute name= "numThreadsSpecified" value="8" />
  <attribute name="heapSize specified" value="9240576" />
  <attribute name="Current GC Util" value="12" />
  <attribute name= "Current Time Running" value="16735" />
  <attribute name ="GC Interval" value="0" />
  <attribute name="Target GC Util Change" value ="40.000000" />
  <attribute name="Current GC Util Change" value="12.000000"/>
  <attribute name="Current Error" value="-78.000000" />
  <attribute name="Output H" value="9278376"/>
  <attribute name="Output I" value="1960"/>
  <attribute name="Output T" value="8"/>
  <attribute name= "Current Time Running" value="16735" />
  <attribute name="GC Util currently" value="12" />
  <attribute name="CPU Util currently" value="294055617126" />
<allocation-satisfied id="223" threadId="0000000001BA9A00" bytesRequested="32" />
<af-end id="224" timestamp="2019-09-21T20:39:34.523" threadId="0000000001BAA388" success="true" />
<exclusive-end id="225" timestamp="2019-09-21T20:39:34.523" durationms="13.389" />

<exclusive-start id="226" timestamp="2019-09-21T20:39:35.674" intervalms="1164.511">
  <response-info timems="0.050" idlems="0.050" threads="0" lastid="0000000001BCB500" lastname="node-25" />
</exclusive-start>
<af-start id="227" threadId="0000000001BCBE88" totalBytesRequested="416" timestamp="2019-09-21T20:39:35.674" intervalms="1164.473" />
<cycle-start id="228" type="global" contextid="0" timestamp="2019-09-21T20:39:35.674" intervalms="1164.428" />
<gc-start id="229" type="global" contextid="228" timestamp="2019-09-21T20:39:35.674">
  <mem-info id="230" free="464896" total="9306112" percent="4">
    <mem type="tenure" free="464896" total="9306112" percent="4">
      <mem type="soa" free="0" total="8841216" percent="0" />
      <mem type="loa" free="464896" total="464896" percent="100" />
    </mem>
  </mem-info>
</gc-start>
<allocation-stats totalBytes="1965296" >
  <allocated-bytes non-tlh="0" tlh="1965296" />
  <largest-consumer threadName="node-11" threadId="0000000001BB8900" bytes="90216" />
</allocation-stats>
<gc-op id="231" type="mark" timems="2.996" contextid="228" timestamp="2019-09-21T20:39:35.677">
  <trace-info objectcount="145360" scancount="135837" scanbytes="5315448" />
  <finalization candidates="13" enqueued="0" />
  <references type="soft" candidates="45" cleared="0" enqueued="0" dynamicThreshold="8" maxThreshold="32" />
  <references type="weak" candidates="143" cleared="0" enqueued="0" />
  <references type="phantom" candidates="57" cleared="0" enqueued="0" />
  <stringconstants candidates="3838" cleared="0"  />
</gc-op>
<gc-op id="232" type="sweep" timems="0.271" contextid="228" timestamp="2019-09-21T20:39:35.678" />
<mem-info id="233" free="2401536" total="9306112" percent="25">
  <mem type="tenure" free="2401536" total="9306112" percent="25" micro-fragmented="0" macro-fragmented="0">
    <mem type="soa" free="1936640" total="8841216" percent="21" />
    <mem type="loa" free="464896" total="464896" percent="100" />
  </mem>
</mem-info>
<gc-op id="234" type="compact" timems="7.516" contextid="228" timestamp="2019-09-21T20:39:35.685">
  <compact-info movecount="2282" movebytes="71168" reason="compact to aid heap contraction" />
</gc-op>
<heap-resize id="235" type="expand" space="tenure" amount="65536" count="1" timems="0.016" reason="satisfy allocation request" timestamp="2019-09-21T20:39:35.686" />
<gc-end id="236" type="global" contextid="228" durationms="11.489" usertimems="12.000" systemtimems="8.000" timestamp="2019-09-21T20:39:35.686" activeThreads="8">
  <mem-info id="237" free="2463528" total="9371648" percent="26">
    <mem type="tenure" free="2463528" total="9371648" percent="26">
      <mem type="soa" free="1995560" total="8903680" percent="22" />
      <mem type="loa" free="467968" total="467968" percent="100" />
    </mem>
  </mem-info>
</gc-end>
<cycle-end id="238" type="global" contextid="228" timestamp="2019-09-21T20:39:35.686" />
  <attribute name="elasticGC enabled" value="1" />
  <attribute name= "numThreadsSpecified" value="8" />
  <attribute name="heapSize specified" value="9306112" />
  <attribute name="Current GC Util" value="13" />
  <attribute name= "Current Time Running" value="17899" />
  <attribute name ="GC Interval" value="0" />
  <attribute name="Target GC Util Change" value ="40.000000" />
  <attribute name="Current GC Util Change" value="13.000000"/>
  <attribute name="Current Error" value="27.000000" />
  <attribute name="Output H" value="9343968"/>
  <attribute name="Output I" value="2016"/>
  <attribute name="Output T" value="8"/>
  <attribute name= "Current Time Running" value="17899" />
  <attribute name="GC Util currently" value="13" />
  <attribute name="CPU Util currently" value="303738383962" />
<allocation-satisfied id="239" threadId="0000000001BCB500" bytesRequested="416" />
<af-end id="240" timestamp="2019-09-21T20:39:35.686" threadId="0000000001BCBE88" success="true" />
<exclusive-end id="241" timestamp="2019-09-21T20:39:35.686" durationms="12.146" />

<exclusive-start id="242" timestamp="2019-09-21T20:39:37.463" intervalms="1788.793">
  <response-info timems="0.073" idlems="0.073" threads="0" lastid="0000000001B8F600" lastname="node-20" />
</exclusive-start>
<af-start id="243" threadId="0000000001B8FF88" totalBytesRequested="48" timestamp="2019-09-21T20:39:37.463" intervalms="1788.784" />
<cycle-start id="244" type="global" contextid="0" timestamp="2019-09-21T20:39:37.463" intervalms="1788.777" />
<gc-start id="245" type="global" contextid="244" timestamp="2019-09-21T20:39:37.463">
  <mem-info id="246" free="467968" total="9371648" percent="4">
    <mem type="tenure" free="467968" total="9371648" percent="4">
      <mem type="soa" free="0" total="8903680" percent="0" />
      <mem type="loa" free="467968" total="467968" percent="100" />
    </mem>
  </mem-info>
</gc-start>
<allocation-stats totalBytes="2007416" >
  <allocated-bytes non-tlh="0" tlh="2007416" />
  <largest-consumer threadName="node-9" threadId="0000000001BA9A00" bytes="119480" />
</allocation-stats>
<heap-resize id="247" type="loa contract" space="tenure" amount="93184" count="1" timems="0.000" reason="contract underutilized loa" timestamp="2019-09-21T20:39:37.463" />
<gc-op id="248" type="mark" timems="2.838" contextid="244" timestamp="2019-09-21T20:39:37.466">
  <trace-info objectcount="145309" scancount="135789" scanbytes="5314536" />
  <finalization candidates="13" enqueued="0" />
  <references type="soft" candidates="45" cleared="0" enqueued="0" dynamicThreshold="8" maxThreshold="32" />
  <references type="weak" candidates="143" cleared="0" enqueued="0" />
  <references type="phantom" candidates="57" cleared="0" enqueued="0" />
  <stringconstants candidates="3838" cleared="0"  />
</gc-op>
<gc-op id="249" type="sweep" timems="0.278" contextid="244" timestamp="2019-09-21T20:39:37.466" />
<mem-info id="250" free="2482464" total="9371648" percent="26">
  <mem type="tenure" free="2482464" total="9371648" percent="26" micro-fragmented="0" macro-fragmented="9100">
    <mem type="soa" free="2107680" total="8996864" percent="23" />
    <mem type="loa" free="374784" total="374784" percent="100" />
  </mem>
</mem-info>
<gc-op id="251" type="compact" timems="7.102" contextid="244" timestamp="2019-09-21T20:39:37.474">
  <compact-info movecount="2198" movebytes="57464" reason="compact to aid heap contraction" />
</gc-op>
<heap-resize id="252" type="expand" space="tenure" amount="65536" count="1" timems="0.026" reason="satisfy allocation request" timestamp="2019-09-21T20:39:37.474" />
<heap-resize id="253" type="loa contract" space="tenure" amount="282624" count="1" timems="0.000" reason="contract to meet minimum soa" timestamp="2019-09-21T20:39:37.474" />
<gc-end id="254" type="global" contextid="244" durationms="11.248" usertimems="12.000" systemtimems="4.000" timestamp="2019-09-21T20:39:37.474" activeThreads="8">
  <mem-info id="255" free="2541808" total="9437184" percent="26">
    <mem type="tenure" free="2541808" total="9437184" percent="26">
      <mem type="soa" free="2447600" total="9342976" percent="26" />
      <mem type="loa" free="94208" total="94208" percent="100" />
    </mem>
  </mem-info>
</gc-end>
<cycle-end id="256" type="global" contextid="244" timestamp="2019-09-21T20:39:37.475" />
  <attribute name="elasticGC enabled" value="1" />
  <attribute name= "numThreadsSpecified" value="8" />
  <attribute name="heapSize specified" value="9371648" />
  <attribute name="Current GC Util" value="13" />
  <attribute name= "Current Time Running" value="19687" />
  <attribute name ="GC Interval" value="0" />
  <attribute name="Target GC Util Change" value ="40.000000" />
  <attribute name="Current GC Util Change" value="13.000000"/>
  <attribute name="Current Error" value="-24.000000" />
  <attribute name="Output H" value="9409480"/>
  <attribute name="Output I" value="1992"/>
  <attribute name="Output T" value="8"/>
  <attribute name= "Current Time Running" value="19687" />
  <attribute name="GC Util currently" value="13" />
  <attribute name="CPU Util currently" value="317649482064" />
<allocation-satisfied id="257" threadId="0000000001B8F600" bytesRequested="48" />
<af-end id="258" timestamp="2019-09-21T20:39:37.475" threadId="0000000001B8FF88" success="true" />
<exclusive-end id="259" timestamp="2019-09-21T20:39:37.475" durationms="12.066" />

<exclusive-start id="260" timestamp="2019-09-21T20:39:39.161" intervalms="1698.267">
  <response-info timems="0.052" idlems="0.052" threads="0" lastid="0000000001B80700" lastname="node-0" />
</exclusive-start>
<af-start id="261" threadId="0000000001B81088" totalBytesRequested="32" timestamp="2019-09-21T20:39:39.161" intervalms="1698.267" />
<cycle-start id="262" type="global" contextid="0" timestamp="2019-09-21T20:39:39.161" intervalms="1698.277" />
<gc-start id="263" type="global" contextid="262" timestamp="2019-09-21T20:39:39.161">
  <mem-info id="264" free="94208" total="9437184" percent="0">
    <mem type="tenure" free="94208" total="9437184" percent="0">
      <mem type="soa" free="0" total="9342976" percent="0" />
      <mem type="loa" free="94208" total="94208" percent="100" />
    </mem>
  </mem-info>
</gc-start>
<allocation-stats totalBytes="2457072" >
  <allocated-bytes non-tlh="0" tlh="2457072" />
  <largest-consumer threadName="node-7" threadId="0000000001BA2200" bytes="122872" />
</allocation-stats>
<gc-op id="265" type="mark" timems="2.806" contextid="262" timestamp="2019-09-21T20:39:39.164">
  <trace-info objectcount="145293" scancount="135782" scanbytes="5314152" />
  <finalization candidates="13" enqueued="0" />
  <references type="soft" candidates="45" cleared="0" enqueued="0" dynamicThreshold="8" maxThreshold="32" />
  <references type="weak" candidates="143" cleared="0" enqueued="0" />
  <references type="phantom" candidates="57" cleared="0" enqueued="0" />
  <stringconstants candidates="3838" cleared="0"  />
</gc-op>
<gc-op id="266" type="sweep" timems="0.333" contextid="262" timestamp="2019-09-21T20:39:39.165" />
<mem-info id="267" free="2545200" total="9437184" percent="26">
  <mem type="tenure" free="2545200" total="9437184" percent="26" micro-fragmented="0" macro-fragmented="0">
    <mem type="soa" free="2450992" total="9342976" percent="26" />
    <mem type="loa" free="94208" total="94208" percent="100" />
  </mem>
</mem-info>
<gc-op id="268" type="compact" timems="7.346" contextid="262" timestamp="2019-09-21T20:39:39.172">
  <compact-info movecount="2182" movebytes="56536" reason="compact to aid heap contraction" />
</gc-op>
<heap-resize id="269" type="expand" space="tenure" amount="65536" count="1" timems="0.017" reason="satisfy allocation request" timestamp="2019-09-21T20:39:39.173" />
<gc-end id="270" type="global" contextid="262" durationms="11.477" usertimems="16.000" systemtimems="0.000" timestamp="2019-09-21T20:39:39.173" activeThreads="8">
  <mem-info id="271" free="2608272" total="9502720" percent="27">
    <mem type="tenure" free="2608272" total="9502720" percent="27">
      <mem type="soa" free="2514064" total="9408512" percent="26" />
      <mem type="loa" free="94208" total="94208" percent="100" />
    </mem>
  </mem-info>
</gc-end>
<cycle-end id="272" type="global" contextid="262" timestamp="2019-09-21T20:39:39.173" />
  <attribute name="elasticGC enabled" value="1" />
  <attribute name= "numThreadsSpecified" value="8" />
  <attribute name="heapSize specified" value="9437184" />
  <attribute name="Current GC Util" value="12" />
  <attribute name= "Current Time Running" value="21385" />
  <attribute name ="GC Interval" value="0" />
  <attribute name="Target GC Util Change" value ="40.000000" />
  <attribute name="Current GC Util Change" value="12.000000"/>
  <attribute name="Current Error" value="-87.000000" />
  <attribute name="Output H" value="9474976"/>
  <attribute name="Output I" value="1952"/>
  <attribute name="Output T" value="8"/>
  <attribute name= "Current Time Running" value="21385" />
  <attribute name="GC Util currently" value="12" />
  <attribute name="CPU Util currently" value="307391919545" />
<allocation-satisfied id="273" threadId="0000000001B80700" bytesRequested="32" />
<af-end id="274" timestamp="2019-09-21T20:39:39.173" threadId="0000000001B81088" success="true" />
<exclusive-end id="275" timestamp="2019-09-21T20:39:39.173" durationms="12.286" />

<exclusive-start id="276" timestamp="2019-09-21T20:39:41.194" intervalms="2033.274">
  <response-info timems="0.059" idlems="0.031" threads="1" lastid="0000000001BB4D00" lastname="node-10" />
</exclusive-start>
<af-start id="277" threadId="0000000001BAA388" totalBytesRequested="16" timestamp="2019-09-21T20:39:41.194" intervalms="2033.275" />
<cycle-start id="278" type="global" contextid="0" timestamp="2019-09-21T20:39:41.195" intervalms="2033.276" />
<gc-start id="279" type="global" contextid="278" timestamp="2019-09-21T20:39:41.195">
  <mem-info id="280" free="94208" total="9502720" percent="0">
    <mem type="tenure" free="94208" total="9502720" percent="0">
      <mem type="soa" free="0" total="9408512" percent="0" />
      <mem type="loa" free="94208" total="94208" percent="100" />
    </mem>
  </mem-info>
</gc-start>
<allocation-stats totalBytes="2527232" >
  <allocated-bytes non-tlh="0" tlh="2527232" />
  <largest-consumer threadName="node-15" threadId="0000000001B71700" bytes="122864" />
</allocation-stats>
<gc-op id="281" type="mark" timems="4.373" contextid="278" timestamp="2019-09-21T20:39:41.199">
  <trace-info objectcount="145307" scancount="135770" scanbytes="5313928" />
  <finalization candidates="13" enqueued="0" />
  <references type="soft" candidates="45" cleared="0" enqueued="0" dynamicThreshold="8" maxThreshold="32" />
  <references type="weak" candidates="143" cleared="0" enqueued="0" />
  <references type="phantom" candidates="57" cleared="0" enqueued="0" />
  <stringconstants candidates="3838" cleared="0"  />
</gc-op>
<gc-op id="282" type="sweep" timems="0.620" contextid="278" timestamp="2019-09-21T20:39:41.200" />
<mem-info id="283" free="2600384" total="9502720" percent="27">
  <mem type="tenure" free="2600384" total="9502720" percent="27" micro-fragmented="0" macro-fragmented="0">
    <mem type="soa" free="2506176" total="9408512" percent="26" />
    <mem type="loa" free="94208" total="94208" percent="100" />
  </mem>
</mem-info>
<gc-op id="284" type="compact" timems="8.402" contextid="278" timestamp="2019-09-21T20:39:41.209">
  <compact-info movecount="2196" movebytes="70368" reason="compact to aid heap contraction" />
</gc-op>
<heap-resize id="285" type="expand" space="tenure" amount="65536" count="1" timems="0.015" reason="satisfy allocation request" timestamp="2019-09-21T20:39:41.209" />
<gc-end id="286" type="global" contextid="278" durationms="14.439" usertimems="24.000" systemtimems="0.000" timestamp="2019-09-21T20:39:41.209" activeThreads="8">
  <mem-info id="287" free="2655880" total="9568256" percent="27">
    <mem type="tenure" free="2655880" total="9568256" percent="27">
      <mem type="soa" free="2560648" total="9473024" percent="27" />
      <mem type="loa" free="95232" total="95232" percent="100" />
    </mem>
  </mem-info>
</gc-end>
<cycle-end id="288" type="global" contextid="278" timestamp="2019-09-21T20:39:41.209" />
  <attribute name="elasticGC enabled" value="1" />
  <attribute name= "numThreadsSpecified" value="8" />
  <attribute name="heapSize specified" value="9502720" />
  <attribute name="Current GC Util" value="38" />
  <attribute name= "Current Time Running" value="23422" />
  <attribute name ="GC Interval" value="0" />
  <attribute name="Target GC Util Change" value ="40.000000" />
  <attribute name="Current GC Util Change" value="38.000000"/>
  <attribute name="Current Error" value="2.000000" />
  <attribute name="Output H" value="9540568"/>
  <attribute name="Output I" value="2008"/>
  <attribute name="Output T" value="8"/>
  <attribute name= "Current Time Running" value="23422" />
  <attribute name="GC Util currently" value="38" />
  <attribute name="CPU Util currently" value="270343566275" />
<allocation-satisfied id="289" threadId="0000000001BA9A00" bytesRequested="16" />
<af-end id="290" timestamp="2019-09-21T20:39:41.209" threadId="0000000001BAA388" success="true" />
<exclusive-end id="291" timestamp="2019-09-21T20:39:41.210" durationms="15.202" />

<exclusive-start id="292" timestamp="2019-09-21T20:39:43.554" intervalms="2359.338">
  <response-info timems="0.061" idlems="0.061" threads="0" lastid="0000000001B71700" lastname="node-15" />
</exclusive-start>
<af-start id="293" threadId="0000000001B72088" totalBytesRequested="32" timestamp="2019-09-21T20:39:43.554" intervalms="2359.346" />
<cycle-start id="294" type="global" contextid="0" timestamp="2019-09-21T20:39:43.554" intervalms="2359.346" />
<gc-start id="295" type="global" contextid="294" timestamp="2019-09-21T20:39:43.554">
  <mem-info id="296" free="95232" total="9568256" percent="0">
    <mem type="tenure" free="95232" total="9568256" percent="0">
      <mem type="soa" free="0" total="9473024" percent="0" />
      <mem type="loa" free="95232" total="95232" percent="100" />
    </mem>
  </mem-info>
</gc-start>
<allocation-stats totalBytes="2580416" >
  <allocated-bytes non-tlh="0" tlh="2580416" />
  <largest-consumer threadName="node-9" threadId="0000000001BA9A00" bytes="143328" />
</allocation-stats>
<gc-op id="297" type="mark" timems="4.025" contextid="294" timestamp="2019-09-21T20:39:43.558">
  <trace-info objectcount="145210" scancount="135725" scanbytes="5312688" />
  <finalization candidates="13" enqueued="0" />
  <references type="soft" candidates="45" cleared="0" enqueued="0" dynamicThreshold="8" maxThreshold="32" />
  <references type="weak" candidates="143" cleared="0" enqueued="0" />
  <references type="phantom" candidates="57" cleared="0" enqueued="0" />
  <stringconstants candidates="3838" cleared="0"  />
</gc-op>
<gc-op id="298" type="sweep" timems="1.991" contextid="294" timestamp="2019-09-21T20:39:43.560" />
<mem-info id="299" free="2693504" total="9568256" percent="28">
  <mem type="tenure" free="2693504" total="9568256" percent="28" micro-fragmented="0" macro-fragmented="13104">
    <mem type="soa" free="2598272" total="9473024" percent="27" />
    <mem type="loa" free="95232" total="95232" percent="100" />
  </mem>
</mem-info>
<gc-op id="300" type="compact" timems="11.652" contextid="294" timestamp="2019-09-21T20:39:43.572">
  <compact-info movecount="1994" movebytes="47200" reason="compact to aid heap contraction" />
</gc-op>
<heap-resize id="301" type="expand" space="tenure" amount="65536" count="1" timems="0.016" reason="satisfy allocation request" timestamp="2019-09-21T20:39:43.573" />
<gc-end id="302" type="global" contextid="294" durationms="19.585" usertimems="4.000" systemtimems="24.000" timestamp="2019-09-21T20:39:43.574" activeThreads="8">
  <mem-info id="303" free="2741072" total="9633792" percent="28">
    <mem type="tenure" free="2741072" total="9633792" percent="28">
      <mem type="soa" free="2644816" total="9537536" percent="27" />
      <mem type="loa" free="96256" total="96256" percent="100" />
    </mem>
  </mem-info>
</gc-end>
<cycle-end id="304" type="global" contextid="294" timestamp="2019-09-21T20:39:43.574" />
  <attribute name="elasticGC enabled" value="1" />
  <attribute name= "numThreadsSpecified" value="8" />
  <attribute name="heapSize specified" value="9568256" />
  <attribute name="Current GC Util" value="53" />
  <attribute name= "Current Time Running" value="25785" />
  <attribute name ="GC Interval" value="0" />
  <attribute name="Target GC Util Change" value ="40.000000" />
  <attribute name="Current GC Util Change" value="53.000000"/>
  <attribute name="Current Error" value="-234.000000" />
  <attribute name="Output H" value="9605968"/>
  <attribute name="Output I" value="1872"/>
  <attribute name="Output T" value="8"/>
  <attribute name= "Current Time Running" value="25785" />
  <attribute name="GC Util currently" value="53" />
  <attribute name="CPU Util currently" value="195197906275" />
<allocation-satisfied id="305" threadId="0000000001B71700" bytesRequested="32" />
<af-end id="306" timestamp="2019-09-21T20:39:43.574" threadId="0000000001B72088" success="true" />
<exclusive-end id="307" timestamp="2019-09-21T20:39:43.574" durationms="20.428" />

<exclusive-start id="308" timestamp="2019-09-21T20:39:45.450" intervalms="1896.039">
  <response-info timems="0.211" idlems="0.056" threads="5" lastid="0000000001BA9A00" lastname="node-9" />
</exclusive-start>
<af-start id="309" threadId="0000000001BB5688" totalBytesRequested="16" timestamp="2019-09-21T20:39:45.450" intervalms="1896.044" />
<cycle-start id="310" type="global" contextid="0" timestamp="2019-09-21T20:39:45.450" intervalms="1896.061" />
<gc-start id="311" type="global" contextid="310" timestamp="2019-09-21T20:39:45.450">
  <mem-info id="312" free="96256" total="9633792" percent="0">
    <mem type="tenure" free="96256" total="9633792" percent="0">
      <mem type="soa" free="0" total="9537536" percent="0" />
      <mem type="loa" free="96256" total="96256" percent="100" />
    </mem>
  </mem-info>
</gc-start>
<allocation-stats totalBytes="2662952" >
  <allocated-bytes non-tlh="0" tlh="2662952" />
  <largest-consumer threadName="node-12" threadId="0000000001B6DB00" bytes="143336" />
</allocation-stats>
<gc-op id="313" type="mark" timems="3.083" contextid="310" timestamp="2019-09-21T20:39:45.453">
  <trace-info objectcount="145242" scancount="135722" scanbytes="5312504" />
  <finalization candidates="13" enqueued="0" />
  <references type="soft" candidates="45" cleared="0" enqueued="0" dynamicThreshold="9" maxThreshold="32" />
  <references type="weak" candidates="143" cleared="0" enqueued="0" />
  <references type="phantom" candidates="57" cleared="0" enqueued="0" />
  <stringconstants candidates="3838" cleared="0"  />
</gc-op>
<gc-op id="314" type="sweep" timems="0.830" contextid="310" timestamp="2019-09-21T20:39:45.454" />
<mem-info id="315" free="2738888" total="9633792" percent="28">
  <mem type="tenure" free="2738888" total="9633792" percent="28" micro-fragmented="0" macro-fragmented="0">
    <mem type="soa" free="2642632" total="9537536" percent="27" />
    <mem type="loa" free="96256" total="96256" percent="100" />
  </mem>
</mem-info>
<gc-op id="316" type="compact" timems="8.593" contextid="310" timestamp="2019-09-21T20:39:45.463">
  <compact-info movecount="2026" movebytes="59632" reason="compact to aid heap contraction" />
</gc-op>
<heap-resize id="317" type="expand" space="tenure" amount="65536" count="1" timems="0.016" reason="satisfy allocation request" timestamp="2019-09-21T20:39:45.464" />
<gc-end id="318" type="global" contextid="310" durationms="13.708" usertimems="24.000" systemtimems="0.000" timestamp="2019-09-21T20:39:45.464" activeThreads="8">
  <mem-info id="319" free="2794176" total="9699328" percent="28">
    <mem type="tenure" free="2794176" total="9699328" percent="28">
      <mem type="soa" free="2697920" total="9603072" percent="28" />
      <mem type="loa" free="96256" total="96256" percent="100" />
    </mem>
  </mem-info>
</gc-end>
<cycle-end id="320" type="global" contextid="310" timestamp="2019-09-21T20:39:45.464" />
  <attribute name="elasticGC enabled" value="1" />
  <attribute name= "numThreadsSpecified" value="8" />
  <attribute name="heapSize specified" value="9633792" />
  <attribute name="Current GC Util" value="49" />
  <attribute name= "Current Time Running" value="27676" />
  <attribute name ="GC Interval" value="0" />
  <attribute name="Target GC Util Change" value ="40.000000" />
  <attribute name="Current GC Util Change" value="49.000000"/>
  <attribute name="Current Error" value="-275.000000" />
  <attribute name="Output H" value="9671480"/>
  <attribute name="Output I" value="1848"/>
  <attribute name="Output T" value="8"/>
  <attribute name= "Current Time Running" value="27676" />
  <attribute name="GC Util currently" value="49" />
  <attribute name="CPU Util currently" value="263801227375" />
<allocation-satisfied id="321" threadId="0000000001BB4D00" bytesRequested="16" />
<af-end id="322" timestamp="2019-09-21T20:39:45.464" threadId="0000000001BB5688" success="true" />
<exclusive-end id="323" timestamp="2019-09-21T20:39:45.464" durationms="14.525" />

<exclusive-start id="324" timestamp="2019-09-21T20:39:47.318" intervalms="1867.829">
  <response-info timems="0.078" idlems="0.078" threads="0" lastid="0000000001B75300" lastname="node-16" />
</exclusive-start>
<af-start id="325" threadId="0000000001B75C88" totalBytesRequested="32" timestamp="2019-09-21T20:39:47.318" intervalms="1867.815" />
<cycle-start id="326" type="global" contextid="0" timestamp="2019-09-21T20:39:47.318" intervalms="1867.795" />
<gc-start id="327" type="global" contextid="326" timestamp="2019-09-21T20:39:47.318">
  <mem-info id="328" free="96256" total="9699328" percent="0">
    <mem type="tenure" free="96256" total="9699328" percent="0">
      <mem type="soa" free="0" total="9603072" percent="0" />
      <mem type="loa" free="96256" total="96256" percent="100" />
    </mem>
  </mem-info>
</gc-start>
<allocation-stats totalBytes="2712760" >
  <allocated-bytes non-tlh="0" tlh="2712760" />
  <largest-consumer threadName="node-9" threadId="0000000001BA9A00" bytes="143304" />
</allocation-stats>
<gc-op id="329" type="mark" timems="2.531" contextid="326" timestamp="2019-09-21T20:39:47.320">
  <trace-info objectcount="145191" scancount="135683" scanbytes="5311736" />
  <finalization candidates="13" enqueued="0" />
  <references type="soft" candidates="45" cleared="0" enqueued="0" dynamicThreshold="9" maxThreshold="32" />
  <references type="weak" candidates="143" cleared="0" enqueued="0" />
  <references type="phantom" candidates="57" cleared="0" enqueued="0" />
  <stringconstants candidates="3838" cleared="0"  />
</gc-op>
<gc-op id="330" type="sweep" timems="0.258" contextid="326" timestamp="2019-09-21T20:39:47.321" />
<mem-info id="331" free="2813840" total="9699328" percent="29">
  <mem type="tenure" free="2813840" total="9699328" percent="29" micro-fragmented="0" macro-fragmented="0">
    <mem type="soa" free="2717584" total="9603072" percent="28" />
    <mem type="loa" free="96256" total="96256" percent="100" />
  </mem>
</mem-info>
<gc-op id="332" type="compact" timems="7.374" contextid="326" timestamp="2019-09-21T20:39:47.328">
  <compact-info movecount="1975" movebytes="49376" reason="compact to aid heap contraction" />
</gc-op>
<heap-resize id="333" type="expand" space="tenure" amount="65536" count="1" timems="0.031" reason="satisfy allocation request" timestamp="2019-09-21T20:39:47.329" />
<gc-end id="334" type="global" contextid="326" durationms="11.169" usertimems="4.000" systemtimems="12.000" timestamp="2019-09-21T20:39:47.329" activeThreads="8">
  <mem-info id="335" free="2869968" total="9764864" percent="29">
    <mem type="tenure" free="2869968" total="9764864" percent="29">
      <mem type="soa" free="2772688" total="9667584" percent="28" />
      <mem type="loa" free="97280" total="97280" percent="100" />
    </mem>
  </mem-info>
</gc-end>
<cycle-end id="336" type="global" contextid="326" timestamp="2019-09-21T20:39:47.329" />
  <attribute name="elasticGC enabled" value="1" />
  <attribute name= "numThreadsSpecified" value="8" />
  <attribute name="heapSize specified" value="9699328" />
  <attribute name="Current GC Util" value="15" />
  <attribute name= "Current Time Running" value="29542" />
  <attribute name ="GC Interval" value="0" />
  <attribute name="Target GC Util Change" value ="40.000000" />
  <attribute name="Current GC Util Change" value="15.000000"/>
  <attribute name="Current Error" value="25.000000" />
  <attribute name="Output H" value="9737184"/>
  <attribute name="Output I" value="2016"/>
  <attribute name="Output T" value="8"/>
  <attribute name= "Current Time Running" value="29542" />
  <attribute name="GC Util currently" value="15" />
  <attribute name="CPU Util currently" value="305954227018" />
<allocation-satisfied id="337" threadId="0000000001B75300" bytesRequested="32" />
<af-end id="338" timestamp="2019-09-21T20:39:47.330" threadId="0000000001B75C88" success="true" />
<exclusive-end id="339" timestamp="2019-09-21T20:39:47.330" durationms="12.043" />

<exclusive-start id="340" timestamp="2019-09-21T20:39:49.449" intervalms="2131.587">
  <response-info timems="0.048" idlems="0.048" threads="0" lastid="0000000001B71700" lastname="node-15" />
</exclusive-start>
<af-start id="341" threadId="0000000001B72088" totalBytesRequested="24" timestamp="2019-09-21T20:39:49.449" intervalms="2131.586" />
<cycle-start id="342" type="global" contextid="0" timestamp="2019-09-21T20:39:49.449" intervalms="2131.587" />
<gc-start id="343" type="global" contextid="342" timestamp="2019-09-21T20:39:49.449">
  <mem-info id="344" free="97280" total="9764864" percent="0">
    <mem type="tenure" free="97280" total="9764864" percent="0">
      <mem type="soa" free="0" total="9667584" percent="0" />
      <mem type="loa" free="97280" total="97280" percent="100" />
    </mem>
  </mem-info>
</gc-start>
<allocation-stats totalBytes="2785624" >
  <allocated-bytes non-tlh="0" tlh="2785624" />
  <largest-consumer threadName="node-9" threadId="0000000001BA9A00" bytes="143336" />
</allocation-stats>
<gc-op id="345" type="mark" timems="2.960" contextid="342" timestamp="2019-09-21T20:39:49.452">
  <trace-info objectcount="145167" scancount="135648" scanbytes="5311080" />
  <finalization candidates="13" enqueued="0" />
  <references type="soft" candidates="45" cleared="0" enqueued="0" dynamicThreshold="9" maxThreshold="32" />
  <references type="weak" candidates="143" cleared="0" enqueued="0" />
  <references type="phantom" candidates="57" cleared="0" enqueued="0" />
  <stringconstants candidates="3838" cleared="0"  />
</gc-op>
<gc-op id="346" type="sweep" timems="0.785" contextid="342" timestamp="2019-09-21T20:39:49.453" />
<mem-info id="347" free="2887520" total="9764864" percent="29">
  <mem type="tenure" free="2887520" total="9764864" percent="29" micro-fragmented="0" macro-fragmented="1041779">
    <mem type="soa" free="2790240" total="9667584" percent="28" />
    <mem type="loa" free="97280" total="97280" percent="100" />
  </mem>
</mem-info>
<gc-op id="348" type="compact" timems="8.194" contextid="342" timestamp="2019-09-21T20:39:49.462">
  <compact-info movecount="1951" movebytes="50120" reason="compact to aid heap contraction" />
</gc-op>
<heap-resize id="349" type="expand" space="tenure" amount="65536" count="1" timems="0.016" reason="satisfy allocation request" timestamp="2019-09-21T20:39:49.462" />
<gc-end id="350" type="global" contextid="342" durationms="12.971" usertimems="20.000" systemtimems="0.000" timestamp="2019-09-21T20:39:49.462" activeThreads="8">
  <mem-info id="351" free="2934760" total="9830400" percent="29">
    <mem type="tenure" free="2934760" total="9830400" percent="29">
      <mem type="soa" free="2836456" total="9732096" percent="29" />
      <mem type="loa" free="98304" total="98304" percent="100" />
    </mem>
  </mem-info>
</gc-end>
<cycle-end id="352" type="global" contextid="342" timestamp="2019-09-21T20:39:49.463" />
  <attribute name="elasticGC enabled" value="1" />
  <attribute name= "numThreadsSpecified" value="8" />
  <attribute name="heapSize specified" value="9764864" />
  <attribute name="Current GC Util" value="40" />
  <attribute name= "Current Time Running" value="31675" />
  <attribute name ="GC Interval" value="0" />
  <attribute name="Target GC Util Change" value ="40.000000" />
  <attribute name="Current GC Util Change" value="40.000000"/>
  <attribute name="Current Error" value="-271.000000" />
  <attribute name="Output H" value="9802552"/>
  <attribute name="Output I" value="1848"/>
  <attribute name="Output T" value="8"/>
  <attribute name= "Current Time Running" value="31675" />
  <attribute name="GC Util currently" value="40" />
  <attribute name="CPU Util currently" value="276624590424" />
<allocation-satisfied id="353" threadId="0000000001B71700" bytesRequested="24" />
<af-end id="354" timestamp="2019-09-21T20:39:49.463" threadId="0000000001B72088" success="true" />
<exclusive-end id="355" timestamp="2019-09-21T20:39:49.463" durationms="13.728" />

<exclusive-start id="356" timestamp="2019-09-21T20:39:51.578" intervalms="2128.840">
  <response-info timems="0.070" idlems="0.070" threads="0" lastid="0000000001B75300" lastname="node-16" />
</exclusive-start>
<af-start id="357" threadId="0000000001B75C88" totalBytesRequested="24" timestamp="2019-09-21T20:39:51.578" intervalms="2128.849" />
<cycle-start id="358" type="global" contextid="0" timestamp="2019-09-21T20:39:51.578" intervalms="2128.846" />
<gc-start id="359" type="global" contextid="358" timestamp="2019-09-21T20:39:51.578">
  <mem-info id="360" free="98304" total="9830400" percent="1">
    <mem type="tenure" free="98304" total="9830400" percent="1">
      <mem type="soa" free="0" total="9732096" percent="0" />
      <mem type="loa" free="98304" total="98304" percent="100" />
    </mem>
  </mem-info>
</gc-start>
<allocation-stats totalBytes="2854520" >
  <allocated-bytes non-tlh="0" tlh="2854520" />
  <largest-consumer threadName="node-9" threadId="0000000001BA9A00" bytes="143344" />
</allocation-stats>
<gc-op id="361" type="mark" timems="5.090" contextid="358" timestamp="2019-09-21T20:39:51.584">
  <trace-info objectcount="145141" scancount="135633" scanbytes="5310536" />
  <finalization candidates="13" enqueued="0" />
  <references type="soft" candidates="45" cleared="0" enqueued="0" dynamicThreshold="9" maxThreshold="32" />
  <references type="weak" candidates="143" cleared="0" enqueued="0" />
  <references type="phantom" candidates="57" cleared="0" enqueued="0" />
  <stringconstants candidates="3838" cleared="0"  />
</gc-op>
<gc-op id="362" type="sweep" timems="2.334" contextid="358" timestamp="2019-09-21T20:39:51.586" />
<mem-info id="363" free="2947032" total="9830400" percent="29">
  <mem type="tenure" free="2947032" total="9830400" percent="29" micro-fragmented="0" macro-fragmented="0">
    <mem type="soa" free="2848728" total="9732096" percent="29" />
    <mem type="loa" free="98304" total="98304" percent="100" />
  </mem>
</mem-info>
<gc-op id="364" type="compact" timems="13.303" contextid="358" timestamp="2019-09-21T20:39:51.600">
  <compact-info movecount="1925" movebytes="48176" reason="compact to aid heap contraction" />
</gc-op>
<heap-resize id="365" type="expand" space="tenure" amount="65536" count="1" timems="0.017" reason="satisfy allocation request" timestamp="2019-09-21T20:39:51.601" />
<gc-end id="366" type="global" contextid="358" durationms="22.717" usertimems="16.000" systemtimems="16.000" timestamp="2019-09-21T20:39:51.601" activeThreads="8">
  <mem-info id="367" free="3002240" total="9895936" percent="30">
    <mem type="tenure" free="3002240" total="9895936" percent="30">
      <mem type="soa" free="2903936" total="9797632" percent="29" />
      <mem type="loa" free="98304" total="98304" percent="100" />
    </mem>
  </mem-info>
</gc-end>
<cycle-end id="368" type="global" contextid="358" timestamp="2019-09-21T20:39:51.601" />
  <attribute name="elasticGC enabled" value="1" />
  <attribute name= "numThreadsSpecified" value="8" />
  <attribute name="heapSize specified" value="9830400" />
  <attribute name="Current GC Util" value="65" />
  <attribute name= "Current Time Running" value="33813" />
  <attribute name ="GC Interval" value="0" />
  <attribute name="Target GC Util Change" value ="40.000000" />
  <attribute name="Current GC Util Change" value="65.000000"/>
  <attribute name="Current Error" value="-247.000000" />
  <attribute name="Output H" value="9868104"/>
  <attribute name="Output I" value="1864"/>
  <attribute name="Output T" value="8"/>
  <attribute name= "Current Time Running" value="33813" />
  <attribute name="GC Util currently" value="65" />
  <attribute name="CPU Util currently" value="170664239233" />
<allocation-satisfied id="369" threadId="0000000001B75300" bytesRequested="24" />
<af-end id="370" timestamp="2019-09-21T20:39:51.601" threadId="0000000001B75C88" success="true" />
<exclusive-end id="371" timestamp="2019-09-21T20:39:51.602" durationms="23.624" />

<exclusive-start id="372" timestamp="2019-09-21T20:39:53.822" intervalms="2243.665">
  <response-info timems="0.154" idlems="0.154" threads="0" lastid="0000000001B75300" lastname="node-16" />
</exclusive-start>
<af-start id="373" threadId="0000000001B75C88" totalBytesRequested="32" timestamp="2019-09-21T20:39:53.822" intervalms="2243.678" />
<cycle-start id="374" type="global" contextid="0" timestamp="2019-09-21T20:39:53.822" intervalms="2243.694" />
<gc-start id="375" type="global" contextid="374" timestamp="2019-09-21T20:39:53.822">
  <mem-info id="376" free="98304" total="9895936" percent="0">
    <mem type="tenure" free="98304" total="9895936" percent="0">
      <mem type="soa" free="0" total="9797632" percent="0" />
      <mem type="loa" free="98304" total="98304" percent="100" />
    </mem>
  </mem-info>
</gc-start>
<allocation-stats totalBytes="2921688" >
  <allocated-bytes non-tlh="0" tlh="2921688" />
  <largest-consumer threadName="node-25" threadId="0000000001BCB500" bytes="143352" />
</allocation-stats>
<gc-op id="377" type="mark" timems="3.157" contextid="374" timestamp="2019-09-21T20:39:53.825">
  <trace-info objectcount="145091" scancount="135605" scanbytes="5309832" />
  <finalization candidates="13" enqueued="0" />
  <references type="soft" candidates="45" cleared="0" enqueued="0" dynamicThreshold="9" maxThreshold="32" />
  <references type="weak" candidates="143" cleared="0" enqueued="0" />
  <references type="phantom" candidates="57" cleared="0" enqueued="0" />
  <stringconstants candidates="3838" cleared="0"  />
</gc-op>
<gc-op id="378" type="sweep" timems="0.660" contextid="374" timestamp="2019-09-21T20:39:53.826" />
<mem-info id="379" free="3021264" total="9895936" percent="30">
  <mem type="tenure" free="3021264" total="9895936" percent="30" micro-fragmented="0" macro-fragmented="0">
    <mem type="soa" free="2922960" total="9797632" percent="29" />
    <mem type="loa" free="98304" total="98304" percent="100" />
  </mem>
</mem-info>
<gc-op id="380" type="compact" timems="8.000" contextid="374" timestamp="2019-09-21T20:39:53.835">
  <compact-info movecount="1875" movebytes="44344" reason="compact to aid heap contraction" />
</gc-op>
<heap-resize id="381" type="expand" space="tenure" amount="65536" count="1" timems="0.017" reason="satisfy allocation request" timestamp="2019-09-21T20:39:53.835" />
<gc-end id="382" type="global" contextid="374" durationms="13.630" usertimems="20.000" systemtimems="0.000" timestamp="2019-09-21T20:39:53.836" activeThreads="8">
  <mem-info id="383" free="3071608" total="9961472" percent="30">
    <mem type="tenure" free="3071608" total="9961472" percent="30">
      <mem type="soa" free="2972280" total="9862144" percent="30" />
      <mem type="loa" free="99328" total="99328" percent="100" />
    </mem>
  </mem-info>
</gc-end>
<cycle-end id="384" type="global" contextid="374" timestamp="2019-09-21T20:39:53.836" />
  <attribute name="elasticGC enabled" value="1" />
  <attribute name= "numThreadsSpecified" value="8" />
  <attribute name="heapSize specified" value="9895936" />
  <attribute name="Current GC Util" value="114" />
  <attribute name= "Current Time Running" value="36048" />
  <attribute name ="GC Interval" value="0" />
  <attribute name="Target GC Util Change" value ="40.000000" />
  <attribute name="Current GC Util Change" value="114.000000"/>
  <attribute name="Current Error" value="-74.000000" />
  <attribute name="Output H" value="9933736"/>
  <attribute name="Output I" value="1960"/>
  <attribute name="Output T" value="8"/>
  <attribute name= "Current Time Running" value="36048" />
  <attribute name="GC Util currently" value="114" />
  <attribute name="CPU Util currently" value="281710674447" />
<allocation-satisfied id="385" threadId="0000000001B75300" bytesRequested="32" />
<af-end id="386" timestamp="2019-09-21T20:39:53.836" threadId="0000000001B75C88" success="true" />
<exclusive-end id="387" timestamp="2019-09-21T20:39:53.836" durationms="14.634" />

<exclusive-start id="388" timestamp="2019-09-21T20:39:55.750" intervalms="1928.657">
  <response-info timems="0.042" idlems="0.042" threads="0" lastid="0000000001B71700" lastname="node-15" />
</exclusive-start>
<af-start id="389" threadId="0000000001B72088" totalBytesRequested="16" timestamp="2019-09-21T20:39:55.750" intervalms="1928.636" />
<cycle-start id="390" type="global" contextid="0" timestamp="2019-09-21T20:39:55.750" intervalms="1928.618" />
<gc-start id="391" type="global" contextid="390" timestamp="2019-09-21T20:39:55.751">
  <mem-info id="392" free="99328" total="9961472" percent="0">
    <mem type="tenure" free="99328" total="9961472" percent="0">
      <mem type="soa" free="0" total="9862144" percent="0" />
      <mem type="loa" free="99328" total="99328" percent="100" />
    </mem>
  </mem-info>
</gc-start>
<allocation-stats totalBytes="2990544" >
  <allocated-bytes non-tlh="0" tlh="2990544" />
  <largest-consumer threadName="node-23" threadId="0000000001B96E00" bytes="143344" />
</allocation-stats>
<gc-op id="393" type="mark" timems="2.383" contextid="390" timestamp="2019-09-21T20:39:55.753">
  <trace-info objectcount="145127" scancount="135605" scanbytes="5309736" />
  <finalization candidates="13" enqueued="0" />
  <references type="soft" candidates="45" cleared="0" enqueued="0" dynamicThreshold="9" maxThreshold="32" />
  <references type="weak" candidates="143" cleared="0" enqueued="0" />
  <references type="phantom" candidates="57" cleared="0" enqueued="0" />
  <stringconstants candidates="3838" cleared="0"  />
</gc-op>
<gc-op id="394" type="sweep" timems="0.302" contextid="390" timestamp="2019-09-21T20:39:55.753" />
<mem-info id="395" free="3064448" total="9961472" percent="30">
  <mem type="tenure" free="3064448" total="9961472" percent="30" micro-fragmented="0" macro-fragmented="0">
    <mem type="soa" free="2965120" total="9862144" percent="30" />
    <mem type="loa" free="99328" total="99328" percent="100" />
  </mem>
</mem-info>
<gc-op id="396" type="compact" timems="7.239" contextid="390" timestamp="2019-09-21T20:39:55.761">
  <compact-info movecount="1911" movebytes="58280" reason="compact to aid heap contraction" />
</gc-op>
<heap-resize id="397" type="expand" space="tenure" amount="65536" count="1" timems="0.015" reason="satisfy allocation request" timestamp="2019-09-21T20:39:55.761" />
<gc-end id="398" type="global" contextid="390" durationms="10.821" usertimems="12.000" systemtimems="4.000" timestamp="2019-09-21T20:39:55.761" activeThreads="8">
  <mem-info id="399" free="3123208" total="10027008" percent="31">
    <mem type="tenure" free="3123208" total="10027008" percent="31">
      <mem type="soa" free="3023880" total="9927680" percent="30" />
      <mem type="loa" free="99328" total="99328" percent="100" />
    </mem>
  </mem-info>
</gc-end>
<cycle-end id="400" type="global" contextid="390" timestamp="2019-09-21T20:39:55.762" />
  <attribute name="elasticGC enabled" value="1" />
  <attribute name= "numThreadsSpecified" value="8" />
  <attribute name="heapSize specified" value="9961472" />
  <attribute name="Current GC Util" value="15" />
  <attribute name= "Current Time Running" value="37974" />
  <attribute name ="GC Interval" value="0" />
  <attribute name="Target GC Util Change" value ="40.000000" />
  <attribute name="Current GC Util Change" value="15.000000"/>
  <attribute name="Current Error" value="-207.000000" />
  <attribute name="Output H" value="9999200"/>
  <attribute name="Output I" value="1888"/>
  <attribute name="Output T" value="8"/>
  <attribute name= "Current Time Running" value="37974" />
  <attribute name="GC Util currently" value="15" />
  <attribute name="CPU Util currently" value="310790837272" />
<allocation-satisfied id="401" threadId="0000000001B71700" bytesRequested="16" />
<af-end id="402" timestamp="2019-09-21T20:39:55.762" threadId="0000000001B72088" success="true" />
<exclusive-end id="403" timestamp="2019-09-21T20:39:55.762" durationms="11.611" />

<exclusive-start id="404" timestamp="2019-09-21T20:39:57.780" intervalms="2029.359">
  <response-info timems="0.063" idlems="0.063" threads="0" lastid="0000000001B75300" lastname="node-16" />
</exclusive-start>
<af-start id="405" threadId="0000000001B75C88" totalBytesRequested="368" timestamp="2019-09-21T20:39:57.780" intervalms="2029.368" />
<cycle-start id="406" type="global" contextid="0" timestamp="2019-09-21T20:39:57.780" intervalms="2029.417" />
<gc-start id="407" type="global" contextid="406" timestamp="2019-09-21T20:39:57.780">
  <mem-info id="408" free="99328" total="10027008" percent="0">
    <mem type="tenure" free="99328" total="10027008" percent="0">
      <mem type="soa" free="0" total="9927680" percent="0" />
      <mem type="loa" free="99328" total="99328" percent="100" />
    </mem>
  </mem-info>
</gc-start>
<allocation-stats totalBytes="3040200" >
  <allocated-bytes non-tlh="0" tlh="3040200" />
  <largest-consumer threadName="node-2" threadId="0000000001B8BA00" bytes="143352" />
</allocation-stats>
<gc-op id="409" type="mark" timems="4.485" contextid="406" timestamp="2019-09-21T20:39:57.785">
  <trace-info objectcount="145098" scancount="135578" scanbytes="5309112" />
  <finalization candidates="13" enqueued="0" />
  <references type="soft" candidates="45" cleared="0" enqueued="0" dynamicThreshold="9" maxThreshold="32" />
  <references type="weak" candidates="143" cleared="0" enqueued="0" />
  <references type="phantom" candidates="57" cleared="0" enqueued="0" />
  <stringconstants candidates="3838" cleared="0"  />
</gc-op>
<gc-op id="410" type="sweep" timems="1.553" contextid="406" timestamp="2019-09-21T20:39:57.786" />
<mem-info id="411" free="3137128" total="10027008" percent="31">
  <mem type="tenure" free="3137128" total="10027008" percent="31" micro-fragmented="0" macro-fragmented="0">
    <mem type="soa" free="3037800" total="9927680" percent="30" />
    <mem type="loa" free="99328" total="99328" percent="100" />
  </mem>
</mem-info>
<gc-op id="412" type="compact" timems="7.518" contextid="406" timestamp="2019-09-21T20:39:57.794">
  <compact-info movecount="1882" movebytes="57336" reason="compact to aid heap contraction" />
</gc-op>
<heap-resize id="413" type="expand" space="tenure" amount="65536" count="1" timems="0.041" reason="satisfy allocation request" timestamp="2019-09-21T20:39:57.795" />
<gc-end id="414" type="global" contextid="406" durationms="14.646" usertimems="20.000" systemtimems="0.000" timestamp="2019-09-21T20:39:57.795" activeThreads="8">
  <mem-info id="415" free="3189688" total="10092544" percent="31">
    <mem type="tenure" free="3189688" total="10092544" percent="31">
      <mem type="soa" free="3089336" total="9992192" percent="30" />
      <mem type="loa" free="100352" total="100352" percent="100" />
    </mem>
  </mem-info>
</gc-end>
<cycle-end id="416" type="global" contextid="406" timestamp="2019-09-21T20:39:57.795" />
  <attribute name="elasticGC enabled" value="1" />
  <attribute name= "numThreadsSpecified" value="8" />
  <attribute name="heapSize specified" value="10027008" />
  <attribute name="Current GC Util" value="18" />
  <attribute name= "Current Time Running" value="40007" />
  <attribute name ="GC Interval" value="0" />
  <attribute name="Target GC Util Change" value ="40.000000" />
  <attribute name="Current GC Util Change" value="18.000000"/>
  <attribute name="Current Error" value="-208.000000" />
  <attribute name="Output H" value="10064728"/>
  <attribute name="Output I" value="1880"/>
  <attribute name="Output T" value="8"/>
  <attribute name= "Current Time Running" value="40007" />
  <attribute name="GC Util currently" value="18" />
  <attribute name="CPU Util currently" value="299172341581" />
<allocation-satisfied id="417" threadId="0000000001B75300" bytesRequested="368" />
<af-end id="418" timestamp="2019-09-21T20:39:57.795" threadId="0000000001B75C88" success="true" />
<exclusive-end id="419" timestamp="2019-09-21T20:39:57.795" durationms="15.476" />

<exclusive-start id="420" timestamp="2019-09-21T20:40:00.127" intervalms="2347.398">
  <response-info timems="0.054" idlems="0.054" threads="0" lastid="0000000001BC7900" lastname="node-4" />
</exclusive-start>
<af-start id="421" threadId="0000000001BC8288" totalBytesRequested="24" timestamp="2019-09-21T20:40:00.127" intervalms="2347.391" />
<cycle-start id="422" type="global" contextid="0" timestamp="2019-09-21T20:40:00.127" intervalms="2347.353" />
<gc-start id="423" type="global" contextid="422" timestamp="2019-09-21T20:40:00.127">
  <mem-info id="424" free="100352" total="10092544" percent="0">
    <mem type="tenure" free="100352" total="10092544" percent="0">
      <mem type="soa" free="0" total="9992192" percent="0" />
      <mem type="loa" free="100352" total="100352" percent="100" />
    </mem>
  </mem-info>
</gc-start>
<allocation-stats totalBytes="3102336" >
  <allocated-bytes non-tlh="0" tlh="3102336" />
  <largest-consumer threadName="node-5" threadId="0000000001BB1100" bytes="143336" />
</allocation-stats>
<gc-op id="425" type="mark" timems="2.788" contextid="422" timestamp="2019-09-21T20:40:00.130">
  <trace-info objectcount="145043" scancount="135534" scanbytes="5308184" />
  <finalization candidates="13" enqueued="0" />
  <references type="soft" candidates="45" cleared="0" enqueued="0" dynamicThreshold="10" maxThreshold="32" />
  <references type="weak" candidates="143" cleared="0" enqueued="0" />
  <references type="phantom" candidates="57" cleared="0" enqueued="0" />
  <stringconstants candidates="3838" cleared="0"  />
</gc-op>
<gc-op id="426" type="sweep" timems="0.367" contextid="422" timestamp="2019-09-21T20:40:00.131" />
<mem-info id="427" free="3211456" total="10092544" percent="31">
  <mem type="tenure" free="3211456" total="10092544" percent="31" micro-fragmented="0" macro-fragmented="0">
    <mem type="soa" free="3111104" total="9992192" percent="31" />
    <mem type="loa" free="100352" total="100352" percent="100" />
  </mem>
</mem-info>
<gc-op id="428" type="compact" timems="7.288" contextid="422" timestamp="2019-09-21T20:40:00.138">
  <compact-info movecount="1827" movebytes="45824" reason="compact to aid heap contraction" />
</gc-op>
<heap-resize id="429" type="expand" space="tenure" amount="65536" count="1" timems="0.032" reason="satisfy allocation request" timestamp="2019-09-21T20:40:00.139" />
<gc-end id="430" type="global" contextid="422" durationms="11.390" usertimems="8.000" systemtimems="8.000" timestamp="2019-09-21T20:40:00.139" activeThreads="8">
  <mem-info id="431" free="3266736" total="10158080" percent="32">
    <mem type="tenure" free="3266736" total="10158080" percent="32">
      <mem type="soa" free="3165360" total="10056704" percent="31" />
      <mem type="loa" free="101376" total="101376" percent="100" />
    </mem>
  </mem-info>
</gc-end>
<cycle-end id="432" type="global" contextid="422" timestamp="2019-09-21T20:40:00.139" />
  <attribute name="elasticGC enabled" value="1" />
  <attribute name= "numThreadsSpecified" value="8" />
  <attribute name="heapSize specified" value="10092544" />
  <attribute name="Current GC Util" value="16" />
  <attribute name= "Current Time Running" value="42351" />
  <attribute name ="GC Interval" value="0" />
  <attribute name="Target GC Util Change" value ="40.000000" />
  <attribute name="Current GC Util Change" value="16.000000"/>
  <attribute name="Current Error" value="24.000000" />
  <attribute name="Output H" value="10130400"/>
  <attribute name="Output I" value="2016"/>
  <attribute name="Output T" value="8"/>
  <attribute name= "Current Time Running" value="42351" />
  <attribute name="GC Util currently" value="16" />
  <attribute name="CPU Util currently" value="309485781005" />
<allocation-satisfied id="433" threadId="0000000001BC7900" bytesRequested="24" />
<af-end id="434" timestamp="2019-09-21T20:40:00.139" threadId="0000000001BC8288" success="true" />
<exclusive-end id="435" timestamp="2019-09-21T20:40:00.139" durationms="12.253" />

<exclusive-start id="436" timestamp="2019-09-21T20:40:02.001" intervalms="1874.272">
  <response-info timems="0.047" idlems="0.047" threads="0" lastid="0000000001B9AA00" lastname="node-24" />
</exclusive-start>
<af-start id="437" threadId="0000000001B9B388" totalBytesRequested="16" timestamp="2019-09-21T20:40:02.001" intervalms="1874.267" />
<cycle-start id="438" type="global" contextid="0" timestamp="2019-09-21T20:40:02.002" intervalms="1874.257" />
<gc-start id="439" type="global" contextid="438" timestamp="2019-09-21T20:40:02.002">
  <mem-info id="440" free="101376" total="10158080" percent="0">
    <mem type="tenure" free="101376" total="10158080" percent="0">
      <mem type="soa" free="0" total="10056704" percent="0" />
      <mem type="loa" free="101376" total="101376" percent="100" />
    </mem>
  </mem-info>
</gc-start>
<allocation-stats totalBytes="3180008" >
  <allocated-bytes non-tlh="0" tlh="3180008" />
  <largest-consumer threadName="node-3" threadId="0000000001B84300" bytes="143344" />
</allocation-stats>
<gc-op id="441" type="mark" timems="2.775" contextid="438" timestamp="2019-09-21T20:40:02.004">
  <trace-info objectcount="145044" scancount="135514" scanbytes="5307808" />
  <finalization candidates="13" enqueued="0" />
  <references type="soft" candidates="45" cleared="0" enqueued="0" dynamicThreshold="10" maxThreshold="32" />
  <references type="weak" candidates="143" cleared="0" enqueued="0" />
  <references type="phantom" candidates="57" cleared="0" enqueued="0" />
  <stringconstants candidates="3838" cleared="0"  />
</gc-op>
<gc-op id="442" type="sweep" timems="0.285" contextid="438" timestamp="2019-09-21T20:40:02.005" />
<mem-info id="443" free="3260280" total="10158080" percent="32">
  <mem type="tenure" free="3260280" total="10158080" percent="32" micro-fragmented="0" macro-fragmented="0">
    <mem type="soa" free="3158904" total="10056704" percent="31" />
    <mem type="loa" free="101376" total="101376" percent="100" />
  </mem>
</mem-info>
<gc-op id="444" type="compact" timems="7.643" contextid="438" timestamp="2019-09-21T20:40:02.013">
  <compact-info movecount="1828" movebytes="55568" reason="compact to aid heap contraction" />
</gc-op>
<heap-resize id="445" type="expand" space="tenure" amount="65536" count="1" timems="0.015" reason="satisfy allocation request" timestamp="2019-09-21T20:40:02.013" />
<gc-end id="446" type="global" contextid="438" durationms="11.657" usertimems="20.000" systemtimems="0.000" timestamp="2019-09-21T20:40:02.013" activeThreads="8">
  <mem-info id="447" free="3322528" total="10223616" percent="32">
    <mem type="tenure" free="3322528" total="10223616" percent="32">
      <mem type="soa" free="3221152" total="10122240" percent="31" />
      <mem type="loa" free="101376" total="101376" percent="100" />
    </mem>
  </mem-info>
</gc-end>
<cycle-end id="448" type="global" contextid="438" timestamp="2019-09-21T20:40:02.013" />
  <attribute name="elasticGC enabled" value="1" />
  <attribute name= "numThreadsSpecified" value="8" />
  <attribute name="heapSize specified" value="10158080" />
  <attribute name="Current GC Util" value="15" />
  <attribute name= "Current Time Running" value="44226" />
  <attribute name ="GC Interval" value="0" />
  <attribute name="Target GC Util Change" value ="40.000000" />
  <attribute name="Current GC Util Change" value="15.000000"/>
  <attribute name="Current Error" value="-109.000000" />
  <attribute name="Output H" value="10195864"/>
  <attribute name="Output I" value="1944"/>
  <attribute name="Output T" value="8"/>
  <attribute name= "Current Time Running" value="44226" />
  <attribute name="GC Util currently" value="15" />
  <attribute name="CPU Util currently" value="295711202994" />
<allocation-satisfied id="449" threadId="0000000001B9AA00" bytesRequested="16" />
<af-end id="450" timestamp="2019-09-21T20:40:02.014" threadId="0000000001B9B388" success="true" />
<exclusive-end id="451" timestamp="2019-09-21T20:40:02.014" durationms="12.299" />

<exclusive-start id="452" timestamp="2019-09-21T20:40:04.446" intervalms="2444.757">
  <response-info timems="0.049" idlems="0.049" threads="0" lastid="0000000001BC3D00" lastname="node-14" />
</exclusive-start>
<af-start id="453" threadId="0000000001BC4688" totalBytesRequested="32" timestamp="2019-09-21T20:40:04.446" intervalms="2444.757" />
<cycle-start id="454" type="global" contextid="0" timestamp="2019-09-21T20:40:04.446" intervalms="2444.767" />
<gc-start id="455" type="global" contextid="454" timestamp="2019-09-21T20:40:04.446">
  <mem-info id="456" free="101376" total="10223616" percent="0">
    <mem type="tenure" free="101376" total="10223616" percent="0">
      <mem type="soa" free="0" total="10122240" percent="0" />
      <mem type="loa" free="101376" total="101376" percent="100" />
    </mem>
  </mem-info>
</gc-start>
<allocation-stats totalBytes="3239584" >
  <allocated-bytes non-tlh="0" tlh="3239584" />
  <largest-consumer threadName="node-25" threadId="0000000001BCB500" bytes="143344" />
</allocation-stats>
<gc-op id="457" type="mark" timems="2.860" contextid="454" timestamp="2019-09-21T20:40:04.449">
  <trace-info objectcount="144995" scancount="135485" scanbytes="5306952" />
  <finalization candidates="13" enqueued="0" />
  <references type="soft" candidates="45" cleared="0" enqueued="0" dynamicThreshold="10" maxThreshold="32" />
  <references type="weak" candidates="143" cleared="0" enqueued="0" />
  <references type="phantom" candidates="57" cleared="0" enqueued="0" />
  <stringconstants candidates="3838" cleared="0"  />
</gc-op>
<gc-op id="458" type="sweep" timems="0.331" contextid="454" timestamp="2019-09-21T20:40:04.450" />
<mem-info id="459" free="3350112" total="10223616" percent="32">
  <mem type="tenure" free="3350112" total="10223616" percent="32" micro-fragmented="0" macro-fragmented="0">
    <mem type="soa" free="3248736" total="10122240" percent="32" />
    <mem type="loa" free="101376" total="101376" percent="100" />
  </mem>
</mem-info>
<gc-op id="460" type="compact" timems="7.409" contextid="454" timestamp="2019-09-21T20:40:04.457">
  <compact-info movecount="1779" movebytes="45992" reason="compact to aid heap contraction" />
</gc-op>
<heap-resize id="461" type="expand" space="tenure" amount="65536" count="1" timems="0.030" reason="satisfy allocation request" timestamp="2019-09-21T20:40:04.458" />
<gc-end id="462" type="global" contextid="454" durationms="11.730" usertimems="16.000" systemtimems="0.000" timestamp="2019-09-21T20:40:04.458" activeThreads="8">
  <mem-info id="463" free="3397640" total="10289152" percent="33">
    <mem type="tenure" free="3397640" total="10289152" percent="33">
      <mem type="soa" free="3295240" total="10186752" percent="32" />
      <mem type="loa" free="102400" total="102400" percent="100" />
    </mem>
  </mem-info>
</gc-end>
<cycle-end id="464" type="global" contextid="454" timestamp="2019-09-21T20:40:04.458" />
  <attribute name="elasticGC enabled" value="1" />
  <attribute name= "numThreadsSpecified" value="8" />
  <attribute name="heapSize specified" value="10223616" />
  <attribute name="Current GC Util" value="92" />
  <attribute name= "Current Time Running" value="46671" />
  <attribute name ="GC Interval" value="0" />
  <attribute name="Target GC Util Change" value ="40.000000" />
  <attribute name="Current GC Util Change" value="92.000000"/>
  <attribute name="Current Error" value="-247.000000" />
  <attribute name="Output H" value="10261320"/>
  <attribute name="Output I" value="1864"/>
  <attribute name="Output T" value="8"/>
  <attribute name= "Current Time Running" value="46671" />
  <attribute name="GC Util currently" value="92" />
  <attribute name="CPU Util currently" value="305439079890" />
<allocation-satisfied id="465" threadId="0000000001BC3D00" bytesRequested="32" />
<af-end id="466" timestamp="2019-09-21T20:40:04.459" threadId="0000000001BC4688" success="true" />
<exclusive-end id="467" timestamp="2019-09-21T20:40:04.459" durationms="12.502" />

<exclusive-start id="468" timestamp="2019-09-21T20:40:07.087" intervalms="2640.808">
  <response-info timems="0.052" idlems="0.052" threads="0" lastid="0000000001BA2200" lastname="node-7" />
</exclusive-start>
<af-start id="469" threadId="0000000001BA2B88" totalBytesRequested="720" timestamp="2019-09-21T20:40:07.087" intervalms="2640.812" />
<cycle-start id="470" type="global" contextid="0" timestamp="2019-09-21T20:40:07.087" intervalms="2640.802" />
<gc-start id="471" type="global" contextid="470" timestamp="2019-09-21T20:40:07.087">
  <mem-info id="472" free="102400" total="10289152" percent="0">
    <mem type="tenure" free="102400" total="10289152" percent="0">
      <mem type="soa" free="0" total="10186752" percent="0" />
      <mem type="loa" free="102400" total="102400" percent="100" />
    </mem>
  </mem-info>
</gc-start>
<allocation-stats totalBytes="3310816" >
  <allocated-bytes non-tlh="0" tlh="3310816" />
  <largest-consumer threadName="node-9" threadId="0000000001BA9A00" bytes="161008" />
</allocation-stats>
<gc-op id="473" type="mark" timems="3.599" contextid="470" timestamp="2019-09-21T20:40:07.091">
  <trace-info objectcount="145005" scancount="135503" scanbytes="5306680" />
  <finalization candidates="13" enqueued="0" />
  <references type="soft" candidates="45" cleared="0" enqueued="0" dynamicThreshold="10" maxThreshold="32" />
  <references type="weak" candidates="143" cleared="0" enqueued="0" />
  <references type="phantom" candidates="57" cleared="0" enqueued="0" />
  <stringconstants candidates="3838" cleared="0"  />
</gc-op>
<gc-op id="474" type="sweep" timems="0.909" contextid="470" timestamp="2019-09-21T20:40:07.092" />
<mem-info id="475" free="3396136" total="10289152" percent="33">
  <mem type="tenure" free="3396136" total="10289152" percent="33" micro-fragmented="0" macro-fragmented="0">
    <mem type="soa" free="3293736" total="10186752" percent="32" />
    <mem type="loa" free="102400" total="102400" percent="100" />
  </mem>
</mem-info>
<gc-op id="476" type="compact" timems="9.230" contextid="470" timestamp="2019-09-21T20:40:07.101">
  <compact-info movecount="1789" movebytes="59616" reason="compact to aid heap contraction" />
</gc-op>
<heap-resize id="477" type="expand" space="tenure" amount="65536" count="1" timems="0.016" reason="satisfy allocation request" timestamp="2019-09-21T20:40:07.102" />
<gc-end id="478" type="global" contextid="470" durationms="14.712" usertimems="32.000" systemtimems="0.000" timestamp="2019-09-21T20:40:07.102" activeThreads="1">
  <mem-info id="479" free="3449552" total="10354688" percent="33">
    <mem type="tenure" free="3449552" total="10354688" percent="33">
      <mem type="soa" free="3346128" total="10251264" percent="32" />
      <mem type="loa" free="103424" total="103424" percent="100" />
    </mem>
  </mem-info>
</gc-end>
<cycle-end id="480" type="global" contextid="470" timestamp="2019-09-21T20:40:07.102" />
  <attribute name="elasticGC enabled" value="1" />
  <attribute name= "numThreadsSpecified" value="1" />
  <attribute name="heapSize specified" value="10289152" />
  <attribute name="Current GC Util" value="50" />
  <attribute name= "Current Time Running" value="49314" />
  <attribute name ="GC Interval" value="0" />
  <attribute name="Target GC Util Change" value ="40.000000" />
  <attribute name="Current GC Util Change" value="50.000000"/>
  <attribute name="Current Error" value="-10.000000" />
  <attribute name="Output H" value="10326992"/>
  <attribute name="Output I" value="2000"/>
  <attribute name="Output T" value="1"/>
  <attribute name= "Current Time Running" value="49314" />
  <attribute name="GC Util currently" value="50" />
  <attribute name="CPU Util currently" value="245721925350" />
<allocation-satisfied id="481" threadId="0000000001BA2200" bytesRequested="720" />
<af-end id="482" timestamp="2019-09-21T20:40:07.102" threadId="0000000001BA2B88" success="true" />
<exclusive-end id="483" timestamp="2019-09-21T20:40:07.102" durationms="15.328" />

<exclusive-start id="484" timestamp="2019-09-21T20:40:10.062" intervalms="2975.510">
  <response-info timems="0.042" idlems="0.042" threads="1" lastid="0000000001BA5E00" lastname="node-21" />
</exclusive-start>
<af-start id="485" threadId="0000000001B97788" totalBytesRequested="720" timestamp="2019-09-21T20:40:10.063" intervalms="2975.517" />
<cycle-start id="486" type="global" contextid="0" timestamp="2019-09-21T20:40:10.063" intervalms="2975.527" />
<gc-start id="487" type="global" contextid="486" timestamp="2019-09-21T20:40:10.063">
  <mem-info id="488" free="103424" total="10354688" percent="0">
    <mem type="tenure" free="103424" total="10354688" percent="0">
      <mem type="soa" free="0" total="10251264" percent="0" />
      <mem type="loa" free="103424" total="103424" percent="100" />
    </mem>
  </mem-info>
</gc-start>
<allocation-stats totalBytes="3363592" >
  <allocated-bytes non-tlh="0" tlh="3363592" />
  <largest-consumer threadName="node-8" threadId="0000000001B87E00" bytes="184080" />
</allocation-stats>
<gc-op id="489" type="mark" timems="4.162" contextid="486" timestamp="2019-09-21T20:40:10.067">
  <trace-info objectcount="144964" scancount="135445" scanbytes="5305800" />
  <finalization candidates="13" enqueued="0" />
  <references type="soft" candidates="45" cleared="0" enqueued="0" dynamicThreshold="10" maxThreshold="32" />
  <references type="weak" candidates="143" cleared="0" enqueued="0" />
  <references type="phantom" candidates="57" cleared="0" enqueued="0" />
  <stringconstants candidates="3838" cleared="0"  />
</gc-op>
<gc-op id="490" type="sweep" timems="0.953" contextid="486" timestamp="2019-09-21T20:40:10.068" />
<mem-info id="491" free="3466416" total="10354688" percent="33">
  <mem type="tenure" free="3466416" total="10354688" percent="33" micro-fragmented="0" macro-fragmented="0">
    <mem type="soa" free="3362992" total="10251264" percent="32" />
    <mem type="loa" free="103424" total="103424" percent="100" />
  </mem>
</mem-info>
<gc-op id="492" type="compact" timems="10.771" contextid="486" timestamp="2019-09-21T20:40:10.079">
  <compact-info movecount="1748" movebytes="50552" reason="compact to aid heap contraction" />
</gc-op>
<heap-resize id="493" type="expand" space="tenure" amount="65536" count="1" timems="0.016" reason="satisfy allocation request" timestamp="2019-09-21T20:40:10.080" />
<gc-end id="494" type="global" contextid="486" durationms="17.670" usertimems="28.000" systemtimems="0.000" timestamp="2019-09-21T20:40:10.080" activeThreads="8">
  <mem-info id="495" free="3524152" total="10420224" percent="33">
    <mem type="tenure" free="3524152" total="10420224" percent="33">
      <mem type="soa" free="3420728" total="10316800" percent="33" />
      <mem type="loa" free="103424" total="103424" percent="100" />
    </mem>
  </mem-info>
</gc-end>
<cycle-end id="496" type="global" contextid="486" timestamp="2019-09-21T20:40:10.081" />
  <attribute name="elasticGC enabled" value="1" />
  <attribute name= "numThreadsSpecified" value="8" />
  <attribute name="heapSize specified" value="10354688" />
  <attribute name="Current GC Util" value="62" />
  <attribute name= "Current Time Running" value="52292" />
  <attribute name ="GC Interval" value="0" />
  <attribute name="Target GC Util Change" value ="40.000000" />
  <attribute name="Current GC Util Change" value="62.000000"/>
  <attribute name="Current Error" value="-321.000000" />
  <attribute name="Output H" value="10392344"/>
  <attribute name="Output I" value="1816"/>
  <attribute name="Output T" value="8"/>
  <attribute name= "Current Time Running" value="52292" />
  <attribute name="GC Util currently" value="62" />
  <attribute name="CPU Util currently" value="209924687652" />
<allocation-satisfied id="497" threadId="0000000001B96E00" bytesRequested="720" />
<af-end id="498" timestamp="2019-09-21T20:40:10.081" threadId="0000000001B97788" success="true" />
<exclusive-end id="499" timestamp="2019-09-21T20:40:10.081" durationms="18.491" />

<exclusive-start id="500" timestamp="2019-09-21T20:40:12.554" intervalms="2491.698">
  <response-info timems="0.037" idlems="0.037" threads="0" lastid="0000000001BAD600" lastname="node-13" />
</exclusive-start>
<af-start id="501" threadId="0000000001BADF88" totalBytesRequested="16" timestamp="2019-09-21T20:40:12.554" intervalms="2491.695" />
<cycle-start id="502" type="global" contextid="0" timestamp="2019-09-21T20:40:12.554" intervalms="2491.684" />
<gc-start id="503" type="global" contextid="502" timestamp="2019-09-21T20:40:12.554">
  <mem-info id="504" free="103424" total="10420224" percent="0">
    <mem type="tenure" free="103424" total="10420224" percent="0">
      <mem type="soa" free="0" total="10316800" percent="0" />
      <mem type="loa" free="103424" total="103424" percent="100" />
    </mem>
  </mem-info>
</gc-start>
<allocation-stats totalBytes="3437712" >
  <allocated-bytes non-tlh="0" tlh="3437712" />
  <largest-consumer threadName="node-12" threadId="0000000001B6DB00" bytes="184856" />
</allocation-stats>
<gc-op id="505" type="mark" timems="2.507" contextid="502" timestamp="2019-09-21T20:40:12.557">
  <trace-info objectcount="144923" scancount="135405" scanbytes="5304904" />
  <finalization candidates="13" enqueued="0" />
  <references type="soft" candidates="45" cleared="0" enqueued="0" dynamicThreshold="10" maxThreshold="32" />
  <references type="weak" candidates="143" cleared="0" enqueued="0" />
  <references type="phantom" candidates="57" cleared="0" enqueued="0" />
  <stringconstants candidates="3838" cleared="0"  />
</gc-op>
<gc-op id="506" type="sweep" timems="0.648" contextid="502" timestamp="2019-09-21T20:40:12.558" />
<mem-info id="507" free="3531712" total="10420224" percent="33">
  <mem type="tenure" free="3531712" total="10420224" percent="33" micro-fragmented="0" macro-fragmented="0">
    <mem type="soa" free="3428288" total="10316800" percent="33" />
    <mem type="loa" free="103424" total="103424" percent="100" />
  </mem>
</mem-info>
<gc-op id="508" type="compact" timems="8.229" contextid="502" timestamp="2019-09-21T20:40:12.566">
  <compact-info movecount="1705" movebytes="51024" reason="compact to aid heap contraction" />
</gc-op>
<heap-resize id="509" type="expand" space="tenure" amount="65536" count="1" timems="0.017" reason="satisfy allocation request" timestamp="2019-09-21T20:40:12.567" />
<gc-end id="510" type="global" contextid="502" durationms="12.394" usertimems="20.000" systemtimems="0.000" timestamp="2019-09-21T20:40:12.567" activeThreads="8">
  <mem-info id="511" free="3589184" total="10485760" percent="34">
    <mem type="tenure" free="3589184" total="10485760" percent="34">
      <mem type="soa" free="3484736" total="10381312" percent="33" />
      <mem type="loa" free="104448" total="104448" percent="100" />
    </mem>
  </mem-info>
</gc-end>
<cycle-end id="512" type="global" contextid="502" timestamp="2019-09-21T20:40:12.567" />
  <attribute name="elasticGC enabled" value="1" />
  <attribute name= "numThreadsSpecified" value="8" />
  <attribute name="heapSize specified" value="10420224" />
  <attribute name="Current GC Util" value="41" />
  <attribute name= "Current Time Running" value="54779" />
  <attribute name ="GC Interval" value="0" />
  <attribute name="Target GC Util Change" value ="40.000000" />
  <attribute name="Current GC Util Change" value="41.000000"/>
  <attribute name="Current Error" value="-400.000000" />
  <attribute name="Output H" value="10457840"/>
  <attribute name="Output I" value="1776"/>
  <attribute name="Output T" value="8"/>
  <attribute name= "Current Time Running" value="54779" />
  <attribute name="GC Util currently" value="41" />
  <attribute name="CPU Util currently" value="275167026546" />
<allocation-satisfied id="513" threadId="0000000001BAD600" bytesRequested="16" />
<af-end id="514" timestamp="2019-09-21T20:40:12.567" threadId="0000000001BADF88" success="true" />
<exclusive-end id="515" timestamp="2019-09-21T20:40:12.567" durationms="13.070" />

<exclusive-start id="516" timestamp="2019-09-21T20:40:15.641" intervalms="3086.941">
  <response-info timems="0.058" idlems="0.058" threads="0" lastid="0000000001BCB500" lastname="node-25" />
</exclusive-start>
<af-start id="517" threadId="0000000001BCBE88" totalBytesRequested="24" timestamp="2019-09-21T20:40:15.641" intervalms="3086.930" />
<cycle-start id="518" type="global" contextid="0" timestamp="2019-09-21T20:40:15.641" intervalms="3086.935" />
<gc-start id="519" type="global" contextid="518" timestamp="2019-09-21T20:40:15.641">
  <mem-info id="520" free="104448" total="10485760" percent="0">
    <mem type="tenure" free="104448" total="10485760" percent="0">
      <mem type="soa" free="0" total="10381312" percent="0" />
      <mem type="loa" free="104448" total="104448" percent="100" />
    </mem>
  </mem-info>
</gc-start>
<allocation-stats totalBytes="3501272" >
  <allocated-bytes non-tlh="0" tlh="3501272" />
  <largest-consumer threadName="node-14" threadId="0000000001BC3D00" bytes="184296" />
</allocation-stats>
<gc-op id="521" type="mark" timems="2.070" contextid="518" timestamp="2019-09-21T20:40:15.644">
  <trace-info objectcount="144874" scancount="135365" scanbytes="5304008" />
  <finalization candidates="13" enqueued="0" />
  <references type="soft" candidates="45" cleared="0" enqueued="0" dynamicThreshold="10" maxThreshold="32" />
  <references type="weak" candidates="143" cleared="0" enqueued="0" />
  <references type="phantom" candidates="57" cleared="0" enqueued="0" />
  <stringconstants candidates="3838" cleared="0"  />
</gc-op>
<gc-op id="522" type="sweep" timems="0.286" contextid="518" timestamp="2019-09-21T20:40:15.644" />
<mem-info id="523" free="3607608" total="10485760" percent="34">
  <mem type="tenure" free="3607608" total="10485760" percent="34" micro-fragmented="0" macro-fragmented="0">
    <mem type="soa" free="3503160" total="10381312" percent="33" />
    <mem type="loa" free="104448" total="104448" percent="100" />
  </mem>
</mem-info>
<gc-op id="524" type="compact" timems="7.641" contextid="518" timestamp="2019-09-21T20:40:15.652">
  <compact-info movecount="1656" movebytes="43864" reason="compact to aid heap contraction" />
</gc-op>
<heap-resize id="525" type="expand" space="tenure" amount="65536" count="1" timems="0.018" reason="satisfy allocation request" timestamp="2019-09-21T20:40:15.652" />
<gc-end id="526" type="global" contextid="518" durationms="10.910" usertimems="20.000" systemtimems="0.000" timestamp="2019-09-21T20:40:15.652" activeThreads="8">
  <mem-info id="527" free="3661880" total="10551296" percent="34">
    <mem type="tenure" free="3661880" total="10551296" percent="34">
      <mem type="soa" free="3556408" total="10445824" percent="34" />
      <mem type="loa" free="105472" total="105472" percent="100" />
    </mem>
  </mem-info>
</gc-end>
<cycle-end id="528" type="global" contextid="518" timestamp="2019-09-21T20:40:15.652" />
  <attribute name="elasticGC enabled" value="1" />
  <attribute name= "numThreadsSpecified" value="8" />
  <attribute name="heapSize specified" value="10485760" />
  <attribute name="Current GC Util" value="14" />
  <attribute name= "Current Time Running" value="57865" />
  <attribute name ="GC Interval" value="0" />
  <attribute name="Target GC Util Change" value ="40.000000" />
  <attribute name="Current GC Util Change" value="14.000000"/>
  <attribute name="Current Error" value="26.000000" />
  <attribute name="Output H" value="10523616"/>
  <attribute name="Output I" value="2016"/>
  <attribute name="Output T" value="8"/>
  <attribute name= "Current Time Running" value="57865" />
  <attribute name="GC Util currently" value="14" />
  <attribute name="CPU Util currently" value="294892210929" />
<allocation-satisfied id="529" threadId="0000000001BCB500" bytesRequested="24" />
<af-end id="530" timestamp="2019-09-21T20:40:15.653" threadId="0000000001BCBE88" success="true" />
<exclusive-end id="531" timestamp="2019-09-21T20:40:15.653" durationms="11.677" />

<exclusive-start id="532" timestamp="2019-09-21T20:40:18.052" intervalms="2410.735">
  <response-info timems="0.040" idlems="0.040" threads="0" lastid="0000000001B96E00" lastname="node-23" />
</exclusive-start>
<af-start id="533" threadId="0000000001B97788" totalBytesRequested="24" timestamp="2019-09-21T20:40:18.052" intervalms="2410.775" />
<cycle-start id="534" type="global" contextid="0" timestamp="2019-09-21T20:40:18.052" intervalms="2410.807" />
<gc-start id="535" type="global" contextid="534" timestamp="2019-09-21T20:40:18.052">
  <mem-info id="536" free="105472" total="10551296" percent="0">
    <mem type="tenure" free="105472" total="10551296" percent="0">
      <mem type="soa" free="0" total="10445824" percent="0" />
      <mem type="loa" free="105472" total="105472" percent="100" />
    </mem>
  </mem-info>
</gc-start>
<allocation-stats totalBytes="3574528" >
  <allocated-bytes non-tlh="0" tlh="3574528" />
  <largest-consumer threadName="node-4" threadId="0000000001BC7900" bytes="184272" />
</allocation-stats>
<gc-op id="537" type="mark" timems="2.866" contextid="534" timestamp="2019-09-21T20:40:18.055">
  <trace-info objectcount="144845" scancount="135338" scanbytes="5303352" />
  <finalization candidates="13" enqueued="0" />
  <references type="soft" candidates="45" cleared="0" enqueued="0" dynamicThreshold="11" maxThreshold="32" />
  <references type="weak" candidates="143" cleared="0" enqueued="0" />
  <references type="phantom" candidates="57" cleared="0" enqueued="0" />
  <stringconstants candidates="3838" cleared="0"  />
</gc-op>
<gc-op id="538" type="sweep" timems="0.833" contextid="534" timestamp="2019-09-21T20:40:18.056" />
<mem-info id="539" free="3681128" total="10551296" percent="34">
  <mem type="tenure" free="3681128" total="10551296" percent="34" micro-fragmented="0" macro-fragmented="0">
    <mem type="soa" free="3575656" total="10445824" percent="34" />
    <mem type="loa" free="105472" total="105472" percent="100" />
  </mem>
</mem-info>
<gc-op id="540" type="compact" timems="8.253" contextid="534" timestamp="2019-09-21T20:40:18.065">
  <compact-info movecount="1627" movebytes="42240" reason="compact to aid heap contraction" />
</gc-op>
<heap-resize id="541" type="expand" space="tenure" amount="65536" count="1" timems="0.015" reason="satisfy allocation request" timestamp="2019-09-21T20:40:18.065" />
<gc-end id="542" type="global" contextid="534" durationms="13.340" usertimems="24.000" systemtimems="0.000" timestamp="2019-09-21T20:40:18.065" activeThreads="8">
  <mem-info id="543" free="3729040" total="10616832" percent="35">
    <mem type="tenure" free="3729040" total="10616832" percent="35">
      <mem type="soa" free="3623568" total="10511360" percent="34" />
      <mem type="loa" free="105472" total="105472" percent="100" />
    </mem>
  </mem-info>
</gc-end>
<cycle-end id="544" type="global" contextid="534" timestamp="2019-09-21T20:40:18.066" />
  <attribute name="elasticGC enabled" value="1" />
  <attribute name= "numThreadsSpecified" value="8" />
  <attribute name="heapSize specified" value="10551296" />
  <attribute name="Current GC Util" value="98" />
  <attribute name= "Current Time Running" value="60278" />
  <attribute name ="GC Interval" value="0" />
  <attribute name="Target GC Util Change" value ="40.000000" />
  <attribute name="Current GC Util Change" value="98.000000"/>
  <attribute name="Current Error" value="-406.000000" />
  <attribute name="Output H" value="10588904"/>
  <attribute name="Output I" value="1768"/>
  <attribute name="Output T" value="8"/>
  <attribute name= "Current Time Running" value="60278" />
  <attribute name="GC Util currently" value="98" />
  <attribute name="CPU Util currently" value="272017293928" />
<allocation-satisfied id="545" threadId="0000000001B96E00" bytesRequested="24" />
<af-end id="546" timestamp="2019-09-21T20:40:18.066" threadId="0000000001B97788" success="true" />
<exclusive-end id="547" timestamp="2019-09-21T20:40:18.066" durationms="14.203" />

<exclusive-start id="548" timestamp="2019-09-21T20:40:20.851" intervalms="2798.898">
  <response-info timems="0.055" idlems="0.055" threads="0" lastid="0000000001B8F600" lastname="node-20" />
</exclusive-start>
<af-start id="549" threadId="0000000001B8FF88" totalBytesRequested="720" timestamp="2019-09-21T20:40:20.851" intervalms="2798.867" />
<cycle-start id="550" type="global" contextid="0" timestamp="2019-09-21T20:40:20.851" intervalms="2798.866" />
<gc-start id="551" type="global" contextid="550" timestamp="2019-09-21T20:40:20.851">
  <mem-info id="552" free="105472" total="10616832" percent="0">
    <mem type="tenure" free="105472" total="10616832" percent="0">
      <mem type="soa" free="0" total="10511360" percent="0" />
      <mem type="loa" free="105472" total="105472" percent="100" />
    </mem>
  </mem-info>
</gc-start>
<allocation-stats totalBytes="3642352" >
  <allocated-bytes non-tlh="0" tlh="3642352" />
  <largest-consumer threadName="node-10" threadId="0000000001BB4D00" bytes="184304" />
</allocation-stats>
<gc-op id="553" type="mark" timems="2.317" contextid="550" timestamp="2019-09-21T20:40:20.853">
  <trace-info objectcount="144844" scancount="135326" scanbytes="5303008" />
  <finalization candidates="13" enqueued="0" />
  <references type="soft" candidates="45" cleared="0" enqueued="0" dynamicThreshold="11" maxThreshold="32" />
  <references type="weak" candidates="143" cleared="0" enqueued="0" />
  <references type="phantom" candidates="57" cleared="0" enqueued="0" />
  <stringconstants candidates="3838" cleared="0"  />
</gc-op>
<gc-op id="554" type="sweep" timems="0.280" contextid="550" timestamp="2019-09-21T20:40:20.854" />
<mem-info id="555" free="3720816" total="10616832" percent="35">
  <mem type="tenure" free="3720816" total="10616832" percent="35" micro-fragmented="0" macro-fragmented="0">
    <mem type="soa" free="3615344" total="10511360" percent="34" />
    <mem type="loa" free="105472" total="105472" percent="100" />
  </mem>
</mem-info>
<gc-op id="556" type="compact" timems="7.950" contextid="550" timestamp="2019-09-21T20:40:20.862">
  <compact-info movecount="1626" movebytes="50152" reason="compact to aid heap contraction" />
</gc-op>
<heap-resize id="557" type="expand" space="tenure" amount="65536" count="1" timems="0.017" reason="satisfy allocation request" timestamp="2019-09-21T20:40:20.862" />
<gc-end id="558" type="global" contextid="550" durationms="11.381" usertimems="8.000" systemtimems="8.000" timestamp="2019-09-21T20:40:20.862" activeThreads="8">
  <mem-info id="559" free="3786664" total="10682368" percent="35">
    <mem type="tenure" free="3786664" total="10682368" percent="35">
      <mem type="soa" free="3680168" total="10575872" percent="34" />
      <mem type="loa" free="106496" total="106496" percent="100" />
    </mem>
  </mem-info>
</gc-end>
<cycle-end id="560" type="global" contextid="550" timestamp="2019-09-21T20:40:20.863" />
  <attribute name="elasticGC enabled" value="1" />
  <attribute name= "numThreadsSpecified" value="8" />
  <attribute name="heapSize specified" value="10616832" />
  <attribute name="Current GC Util" value="94" />
  <attribute name= "Current Time Running" value="63075" />
  <attribute name ="GC Interval" value="0" />
  <attribute name="Target GC Util Change" value ="40.000000" />
  <attribute name="Current GC Util Change" value="94.000000"/>
  <attribute name="Current Error" value="-344.000000" />
  <attribute name="Output H" value="10654480"/>
  <attribute name="Output I" value="1808"/>
  <attribute name="Output T" value="8"/>
  <attribute name= "Current Time Running" value="63075" />
  <attribute name="GC Util currently" value="94" />
  <attribute name="CPU Util currently" value="284326535763" />
<allocation-satisfied id="561" threadId="0000000001B8F600" bytesRequested="720" />
<af-end id="562" timestamp="2019-09-21T20:40:20.863" threadId="0000000001B8FF88" success="true" />
<exclusive-end id="563" timestamp="2019-09-21T20:40:20.863" durationms="12.152" />

<exclusive-start id="564" timestamp="2019-09-21T20:40:23.749" intervalms="2897.868">
  <response-info timems="0.110" idlems="0.057" threads="1" lastid="0000000001BC3D00" lastname="node-14" />
</exclusive-start>
<af-start id="565" threadId="0000000001BB1A88" totalBytesRequested="264" timestamp="2019-09-21T20:40:23.749" intervalms="2897.873" />
<cycle-start id="566" type="global" contextid="0" timestamp="2019-09-21T20:40:23.749" intervalms="2897.883" />
<gc-start id="567" type="global" contextid="566" timestamp="2019-09-21T20:40:23.749">
  <mem-info id="568" free="106496" total="10682368" percent="0">
    <mem type="tenure" free="106496" total="10682368" percent="0">
      <mem type="soa" free="0" total="10575872" percent="0" />
      <mem type="loa" free="106496" total="106496" percent="100" />
    </mem>
  </mem-info>
</gc-start>
<allocation-stats totalBytes="3694016" >
  <allocated-bytes non-tlh="0" tlh="3694016" />
  <largest-consumer threadName="node-25" threadId="0000000001BCB500" bytes="183936" />
</allocation-stats>
<gc-op id="569" type="mark" timems="2.691" contextid="566" timestamp="2019-09-21T20:40:23.752">
  <trace-info objectcount="144831" scancount="135326" scanbytes="5303120" />
  <finalization candidates="13" enqueued="0" />
  <references type="soft" candidates="45" cleared="0" enqueued="0" dynamicThreshold="11" maxThreshold="32" />
  <references type="weak" candidates="143" cleared="0" enqueued="0" />
  <references type="phantom" candidates="57" cleared="0" enqueued="0" />
  <stringconstants candidates="3838" cleared="0"  />
</gc-op>
<gc-op id="570" type="sweep" timems="0.359" contextid="566" timestamp="2019-09-21T20:40:23.752" />
<mem-info id="571" free="3804088" total="10682368" percent="35">
  <mem type="tenure" free="3804088" total="10682368" percent="35" micro-fragmented="0" macro-fragmented="0">
    <mem type="soa" free="3697592" total="10575872" percent="34" />
    <mem type="loa" free="106496" total="106496" percent="100" />
  </mem>
</mem-info>
<gc-op id="572" type="compact" timems="7.553" contextid="566" timestamp="2019-09-21T20:40:23.760">
  <compact-info movecount="1613" movebytes="42128" reason="compact to aid heap contraction" />
</gc-op>
<heap-resize id="573" type="expand" space="tenure" amount="65536" count="1" timems="0.016" reason="satisfy allocation request" timestamp="2019-09-21T20:40:23.760" />
<gc-end id="574" type="global" contextid="566" durationms="11.638" usertimems="20.000" systemtimems="0.000" timestamp="2019-09-21T20:40:23.761" activeThreads="8">
  <mem-info id="575" free="3860224" total="10747904" percent="35">
    <mem type="tenure" free="3860224" total="10747904" percent="35">
      <mem type="soa" free="3753728" total="10641408" percent="35" />
      <mem type="loa" free="106496" total="106496" percent="100" />
    </mem>
  </mem-info>
</gc-end>
<cycle-end id="576" type="global" contextid="566" timestamp="2019-09-21T20:40:23.761" />
  <attribute name="elasticGC enabled" value="1" />
  <attribute name= "numThreadsSpecified" value="8" />
  <attribute name="heapSize specified" value="10682368" />
  <attribute name="Current GC Util" value="16" />
  <attribute name= "Current Time Running" value="65973" />
  <attribute name ="GC Interval" value="0" />
  <attribute name="Target GC Util Change" value ="40.000000" />
  <attribute name="Current GC Util Change" value="16.000000"/>
  <attribute name="Current Error" value="24.000000" />
  <attribute name="Output H" value="10720224"/>
  <attribute name="Output I" value="2016"/>
  <attribute name="Output T" value="8"/>
  <attribute name= "Current Time Running" value="65973" />
  <attribute name="GC Util currently" value="16" />
  <attribute name="CPU Util currently" value="299313193942" />
<allocation-satisfied id="577" threadId="0000000001BB1100" bytesRequested="264" />
<af-end id="578" timestamp="2019-09-21T20:40:23.761" threadId="0000000001BB1A88" success="true" />
<exclusive-end id="579" timestamp="2019-09-21T20:40:23.761" durationms="12.390" />

<exclusive-start id="580" timestamp="2019-09-21T20:40:26.697" intervalms="2948.131">
  <response-info timems="0.057" idlems="0.057" threads="0" lastid="0000000001B80700" lastname="node-0" />
</exclusive-start>
<af-start id="581" threadId="0000000001B81088" totalBytesRequested="16" timestamp="2019-09-21T20:40:26.697" intervalms="2948.166" />
<cycle-start id="582" type="global" contextid="0" timestamp="2019-09-21T20:40:26.697" intervalms="2948.206" />
<gc-start id="583" type="global" contextid="582" timestamp="2019-09-21T20:40:26.697">
  <mem-info id="584" free="106496" total="10747904" percent="0">
    <mem type="tenure" free="106496" total="10747904" percent="0">
      <mem type="soa" free="0" total="10641408" percent="0" />
      <mem type="loa" free="106496" total="106496" percent="100" />
    </mem>
  </mem-info>
</gc-start>
<allocation-stats totalBytes="3768480" >
  <allocated-bytes non-tlh="0" tlh="3768480" />
  <largest-consumer threadName="node-2" threadId="0000000001B8BA00" bytes="184280" />
</allocation-stats>
<gc-op id="585" type="mark" timems="2.941" contextid="582" timestamp="2019-09-21T20:40:26.700">
  <trace-info objectcount="144708" scancount="135223" scanbytes="5300640" />
  <finalization candidates="13" enqueued="0" />
  <references type="soft" candidates="45" cleared="0" enqueued="0" dynamicThreshold="11" maxThreshold="32" />
  <references type="weak" candidates="143" cleared="0" enqueued="0" />
  <references type="phantom" candidates="57" cleared="0" enqueued="0" />
  <stringconstants candidates="3838" cleared="0"  />
</gc-op>
<gc-op id="586" type="sweep" timems="0.403" contextid="582" timestamp="2019-09-21T20:40:26.701" />
<mem-info id="587" free="3884624" total="10747904" percent="36">
  <mem type="tenure" free="3884624" total="10747904" percent="36" micro-fragmented="0" macro-fragmented="0">
    <mem type="soa" free="3778128" total="10641408" percent="35" />
    <mem type="loa" free="106496" total="106496" percent="100" />
  </mem>
</mem-info>
<gc-op id="588" type="compact" timems="7.660" contextid="582" timestamp="2019-09-21T20:40:26.709">
  <compact-info movecount="1490" movebytes="35120" reason="compact to aid heap contraction" />
</gc-op>
<heap-resize id="589" type="expand" space="tenure" amount="65536" count="1" timems="0.015" reason="satisfy allocation request" timestamp="2019-09-21T20:40:26.709" />
<gc-end id="590" type="global" contextid="582" durationms="12.286" usertimems="16.000" systemtimems="0.000" timestamp="2019-09-21T20:40:26.709" activeThreads="8">
  <mem-info id="591" free="3932768" total="10813440" percent="36">
    <mem type="tenure" free="3932768" total="10813440" percent="36">
      <mem type="soa" free="3825248" total="10705920" percent="35" />
      <mem type="loa" free="107520" total="107520" percent="100" />
    </mem>
  </mem-info>
</gc-end>
<cycle-end id="592" type="global" contextid="582" timestamp="2019-09-21T20:40:26.710" />
  <attribute name="elasticGC enabled" value="1" />
  <attribute name= "numThreadsSpecified" value="8" />
  <attribute name="heapSize specified" value="10747904" />
  <attribute name="Current GC Util" value="94" />
  <attribute name= "Current Time Running" value="68922" />
  <attribute name ="GC Interval" value="0" />
  <attribute name="Target GC Util Change" value ="40.000000" />
  <attribute name="Current GC Util Change" value="94.000000"/>
  <attribute name="Current Error" value="-279.000000" />
  <attribute name="Output H" value="10785584"/>
  <attribute name="Output I" value="1840"/>
  <attribute name="Output T" value="8"/>
  <attribute name= "Current Time Running" value="68922" />
  <attribute name="GC Util currently" value="94" />
  <attribute name="CPU Util currently" value="290947790591" />
<allocation-satisfied id="593" threadId="0000000001B80700" bytesRequested="16" />
<af-end id="594" timestamp="2019-09-21T20:40:26.710" threadId="0000000001B81088" success="true" />
<exclusive-end id="595" timestamp="2019-09-21T20:40:26.710" durationms="13.466" />

<exclusive-start id="596" timestamp="2019-09-21T20:40:29.970" intervalms="3273.468">
  <response-info timems="0.044" idlems="0.044" threads="0" lastid="0000000001BA2200" lastname="node-7" />
</exclusive-start>
<af-start id="597" threadId="0000000001BA2B88" totalBytesRequested="32" timestamp="2019-09-21T20:40:29.970" intervalms="3273.442" />
<cycle-start id="598" type="global" contextid="0" timestamp="2019-09-21T20:40:29.970" intervalms="3273.362" />
<gc-start id="599" type="global" contextid="598" timestamp="2019-09-21T20:40:29.970">
  <mem-info id="600" free="107520" total="10813440" percent="0">
    <mem type="tenure" free="107520" total="10813440" percent="0">
      <mem type="soa" free="0" total="10705920" percent="0" />
      <mem type="loa" free="107520" total="107520" percent="100" />
    </mem>
  </mem-info>
</gc-start>
<allocation-stats totalBytes="3841128" >
  <allocated-bytes non-tlh="0" tlh="3841128" />
  <largest-consumer threadName="node-8" threadId="0000000001B87E00" bytes="200176" />
</allocation-stats>
<gc-op id="601" type="mark" timems="2.408" contextid="598" timestamp="2019-09-21T20:40:29.973">
  <trace-info objectcount="144669" scancount="135225" scanbytes="5299704" />
  <finalization candidates="13" enqueued="0" />
  <references type="soft" candidates="45" cleared="0" enqueued="0" dynamicThreshold="11" maxThreshold="32" />
  <references type="weak" candidates="143" cleared="0" enqueued="0" />
  <references type="phantom" candidates="57" cleared="0" enqueued="0" />
  <stringconstants candidates="3838" cleared="0"  />
</gc-op>
<gc-op id="602" type="sweep" timems="0.276" contextid="598" timestamp="2019-09-21T20:40:29.973" />
<mem-info id="603" free="3951864" total="10813440" percent="36">
  <mem type="tenure" free="3951864" total="10813440" percent="36" micro-fragmented="0" macro-fragmented="0">
    <mem type="soa" free="3844344" total="10705920" percent="35" />
    <mem type="loa" free="107520" total="107520" percent="100" />
  </mem>
</mem-info>
<gc-op id="604" type="compact" timems="7.426" contextid="598" timestamp="2019-09-21T20:40:29.981">
  <compact-info movecount="1451" movebytes="34184" reason="compact to aid heap contraction" />
</gc-op>
<heap-resize id="605" type="expand" space="tenure" amount="65536" count="1" timems="0.019" reason="satisfy allocation request" timestamp="2019-09-21T20:40:29.981" />
<gc-end id="606" type="global" contextid="598" durationms="11.143" usertimems="16.000" systemtimems="4.000" timestamp="2019-09-21T20:40:29.982" activeThreads="8">
  <mem-info id="607" free="3995144" total="10878976" percent="36">
    <mem type="tenure" free="3995144" total="10878976" percent="36">
      <mem type="soa" free="3886600" total="10770432" percent="36" />
      <mem type="loa" free="108544" total="108544" percent="100" />
    </mem>
  </mem-info>
</gc-end>
<cycle-end id="608" type="global" contextid="598" timestamp="2019-09-21T20:40:29.982" />
  <attribute name="elasticGC enabled" value="1" />
  <attribute name= "numThreadsSpecified" value="8" />
  <attribute name="heapSize specified" value="10813440" />
  <attribute name="Current GC Util" value="15" />
  <attribute name= "Current Time Running" value="72194" />
  <attribute name ="GC Interval" value="0" />
  <attribute name="Target GC Util Change" value ="40.000000" />
  <attribute name="Current GC Util Change" value="15.000000"/>
  <attribute name="Current Error" value="-221.000000" />
  <attribute name="Output H" value="10851160"/>
  <attribute name="Output I" value="1880"/>
  <attribute name="Output T" value="8"/>
  <attribute name= "Current Time Running" value="72194" />
  <attribute name="GC Util currently" value="15" />
  <attribute name="CPU Util currently" value="303331545998" />
<allocation-satisfied id="609" threadId="0000000001BA2200" bytesRequested="32" />
<af-end id="610" timestamp="2019-09-21T20:40:29.982" threadId="0000000001BA2B88" success="true" />
<exclusive-end id="611" timestamp="2019-09-21T20:40:29.982" durationms="12.028" />

<exclusive-start id="612" timestamp="2019-09-21T20:40:33.175" intervalms="3204.920">
  <response-info timems="0.041" idlems="0.041" threads="0" lastid="0000000001BA5E00" lastname="node-21" />
</exclusive-start>
<af-start id="613" threadId="0000000001BA6788" totalBytesRequested="48" timestamp="2019-09-21T20:40:33.175" intervalms="3204.896" />
<cycle-start id="614" type="global" contextid="0" timestamp="2019-09-21T20:40:33.175" intervalms="3204.888" />
<gc-start id="615" type="global" contextid="614" timestamp="2019-09-21T20:40:33.175">
  <mem-info id="616" free="108544" total="10878976" percent="0">
    <mem type="tenure" free="108544" total="10878976" percent="0">
      <mem type="soa" free="0" total="10770432" percent="0" />
      <mem type="loa" free="108544" total="108544" percent="100" />
    </mem>
  </mem-info>
</gc-start>
<allocation-stats totalBytes="3905584" >
  <allocated-bytes non-tlh="0" tlh="3905584" />
  <largest-consumer threadName="node-9" threadId="0000000001BA9A00" bytes="208048" />
</allocation-stats>
<gc-op id="617" type="mark" timems="2.986" contextid="614" timestamp="2019-09-21T20:40:33.178">
  <trace-info objectcount="144698" scancount="135168" scanbytes="5299440" />
  <finalization candidates="13" enqueued="0" />
  <references type="soft" candidates="45" cleared="0" enqueued="0" dynamicThreshold="11" maxThreshold="32" />
  <references type="weak" candidates="143" cleared="0" enqueued="0" />
  <references type="phantom" candidates="57" cleared="0" enqueued="0" />
  <stringconstants candidates="3838" cleared="0"  />
</gc-op>
<gc-op id="618" type="sweep" timems="0.880" contextid="614" timestamp="2019-09-21T20:40:33.179" />
<mem-info id="619" free="3992696" total="10878976" percent="36">
  <mem type="tenure" free="3992696" total="10878976" percent="36" micro-fragmented="0" macro-fragmented="0">
    <mem type="soa" free="3884152" total="10770432" percent="36" />
    <mem type="loa" free="108544" total="108544" percent="100" />
  </mem>
</mem-info>
<gc-op id="620" type="compact" timems="9.984" contextid="614" timestamp="2019-09-21T20:40:33.189">
  <compact-info movecount="1480" movebytes="49776" reason="compact to aid heap contraction" />
</gc-op>
<heap-resize id="621" type="expand" space="tenure" amount="65536" count="1" timems="0.025" reason="satisfy allocation request" timestamp="2019-09-21T20:40:33.190" />
<gc-end id="622" type="global" contextid="614" durationms="14.753" usertimems="24.000" systemtimems="0.000" timestamp="2019-09-21T20:40:33.190" activeThreads="1">
  <mem-info id="623" free="4045088" total="10944512" percent="36">
    <mem type="tenure" free="4045088" total="10944512" percent="36">
      <mem type="soa" free="3936544" total="10835968" percent="36" />
      <mem type="loa" free="108544" total="108544" percent="100" />
    </mem>
  </mem-info>
</gc-end>
<cycle-end id="624" type="global" contextid="614" timestamp="2019-09-21T20:40:33.190" />
  <attribute name="elasticGC enabled" value="1" />
  <attribute name= "numThreadsSpecified" value="1" />
  <attribute name="heapSize specified" value="10878976" />
  <attribute name="Current GC Util" value="50" />
  <attribute name= "Current Time Running" value="75403" />
  <attribute name ="GC Interval" value="0" />
  <attribute name="Target GC Util Change" value ="40.000000" />
  <attribute name="Current GC Util Change" value="50.000000"/>
  <attribute name="Current Error" value="-10.000000" />
  <attribute name="Output H" value="10916816"/>
  <attribute name="Output I" value="2000"/>
  <attribute name="Output T" value="1"/>
  <attribute name= "Current Time Running" value="75403" />
  <attribute name="GC Util currently" value="50" />
  <attribute name="CPU Util currently" value="227122319537" />
<allocation-satisfied id="625" threadId="0000000001BA5E00" bytesRequested="48" />
<af-end id="626" timestamp="2019-09-21T20:40:33.190" threadId="0000000001BA6788" success="true" />
<exclusive-end id="627" timestamp="2019-09-21T20:40:33.191" durationms="15.514" />

<exclusive-start id="628" timestamp="2019-09-21T20:40:36.215" intervalms="3040.014">
  <response-info timems="0.039" idlems="0.039" threads="0" lastid="0000000001B6DB00" lastname="node-12" />
</exclusive-start>
<af-start id="629" threadId="0000000001B6E488" totalBytesRequested="32" timestamp="2019-09-21T20:40:36.215" intervalms="3040.020" />
<cycle-start id="630" type="global" contextid="0" timestamp="2019-09-21T20:40:36.215" intervalms="3040.026" />
<gc-start id="631" type="global" contextid="630" timestamp="2019-09-21T20:40:36.215">
  <mem-info id="632" free="108544" total="10944512" percent="0">
    <mem type="tenure" free="108544" total="10944512" percent="0">
      <mem type="soa" free="0" total="10835968" percent="0" />
      <mem type="loa" free="108544" total="108544" percent="100" />
    </mem>
  </mem-info>
</gc-start>
<allocation-stats totalBytes="3954296" >
  <allocated-bytes non-tlh="0" tlh="3954296" />
  <largest-consumer threadName="node-9" threadId="0000000001BA9A00" bytes="208784" />
</allocation-stats>
<gc-op id="633" type="mark" timems="3.550" contextid="630" timestamp="2019-09-21T20:40:36.219">
  <trace-info objectcount="144601" scancount="135120" scanbytes="5298096" />
  <finalization candidates="13" enqueued="0" />
  <references type="soft" candidates="45" cleared="0" enqueued="0" dynamicThreshold="11" maxThreshold="32" />
  <references type="weak" candidates="143" cleared="0" enqueued="0" />
  <references type="phantom" candidates="57" cleared="0" enqueued="0" />
  <stringconstants candidates="3838" cleared="0"  />
</gc-op>
<gc-op id="634" type="sweep" timems="0.717" contextid="630" timestamp="2019-09-21T20:40:36.220" />
<mem-info id="635" free="4084768" total="10944512" percent="37">
  <mem type="tenure" free="4084768" total="10944512" percent="37" micro-fragmented="0" macro-fragmented="0">
    <mem type="soa" free="3976224" total="10835968" percent="36" />
    <mem type="loa" free="108544" total="108544" percent="100" />
  </mem>
</mem-info>
<gc-op id="636" type="compact" timems="11.352" contextid="630" timestamp="2019-09-21T20:40:36.231">
  <compact-info movecount="1383" movebytes="32712" reason="compact to aid heap contraction" />
</gc-op>
<heap-resize id="637" type="expand" space="tenure" amount="65536" count="1" timems="0.015" reason="satisfy allocation request" timestamp="2019-09-21T20:40:36.232" />
<gc-end id="638" type="global" contextid="630" durationms="17.164" usertimems="28.000" systemtimems="0.000" timestamp="2019-09-21T20:40:36.233" activeThreads="8">
  <mem-info id="639" free="4127688" total="11010048" percent="37">
    <mem type="tenure" free="4127688" total="11010048" percent="37">
      <mem type="soa" free="4018120" total="10900480" percent="36" />
      <mem type="loa" free="109568" total="109568" percent="100" />
    </mem>
  </mem-info>
</gc-end>
<cycle-end id="640" type="global" contextid="630" timestamp="2019-09-21T20:40:36.233" />
  <attribute name="elasticGC enabled" value="1" />
  <attribute name= "numThreadsSpecified" value="8" />
  <attribute name="heapSize specified" value="10944512" />
  <attribute name="Current GC Util" value="68" />
  <attribute name= "Current Time Running" value="78445" />
  <attribute name ="GC Interval" value="0" />
  <attribute name="Target GC Util Change" value ="40.000000" />
  <attribute name="Current GC Util Change" value="68.000000"/>
  <attribute name="Current Error" value="-383.000000" />
  <attribute name="Output H" value="10982136"/>
  <attribute name="Output I" value="1784"/>
  <attribute name="Output T" value="8"/>
  <attribute name= "Current Time Running" value="78445" />
  <attribute name="GC Util currently" value="68" />
  <attribute name="CPU Util currently" value="199533184824" />
<allocation-satisfied id="641" threadId="0000000001B6DB00" bytesRequested="32" />
<af-end id="642" timestamp="2019-09-21T20:40:36.233" threadId="0000000001B6E488" success="true" />
<exclusive-end id="643" timestamp="2019-09-21T20:40:36.233" durationms="17.937" />

<exclusive-start id="644" timestamp="2019-09-21T20:40:39.353" intervalms="3137.421">
  <response-info timems="0.080" idlems="0.080" threads="0" lastid="0000000001BC3D00" lastname="node-14" />
</exclusive-start>
<af-start id="645" threadId="0000000001BC4688" totalBytesRequested="32" timestamp="2019-09-21T20:40:39.353" intervalms="3137.433" />
<cycle-start id="646" type="global" contextid="0" timestamp="2019-09-21T20:40:39.353" intervalms="3137.485" />
<gc-start id="647" type="global" contextid="646" timestamp="2019-09-21T20:40:39.353">
  <mem-info id="648" free="109568" total="11010048" percent="0">
    <mem type="tenure" free="109568" total="11010048" percent="0">
      <mem type="soa" free="0" total="10900480" percent="0" />
      <mem type="loa" free="109568" total="109568" percent="100" />
    </mem>
  </mem-info>
</gc-start>
<allocation-stats totalBytes="4040728" >
  <allocated-bytes non-tlh="0" tlh="4040728" />
  <largest-consumer threadName="node-15" threadId="0000000001B71700" bytes="208872" />
</allocation-stats>
<gc-op id="649" type="mark" timems="2.350" contextid="646" timestamp="2019-09-21T20:40:39.355">
  <trace-info objectcount="144555" scancount="135073" scanbytes="5296968" />
  <finalization candidates="13" enqueued="0" />
  <references type="soft" candidates="45" cleared="0" enqueued="0" dynamicThreshold="11" maxThreshold="32" />
  <references type="weak" candidates="143" cleared="0" enqueued="0" />
  <references type="phantom" candidates="57" cleared="0" enqueued="0" />
  <stringconstants candidates="3838" cleared="0"  />
</gc-op>
<gc-op id="650" type="sweep" timems="0.273" contextid="646" timestamp="2019-09-21T20:40:39.356" />
<mem-info id="651" free="4149576" total="11010048" percent="37">
  <mem type="tenure" free="4149576" total="11010048" percent="37" micro-fragmented="0" macro-fragmented="0">
    <mem type="soa" free="4040008" total="10900480" percent="37" />
    <mem type="loa" free="109568" total="109568" percent="100" />
  </mem>
</mem-info>
<gc-op id="652" type="compact" timems="7.509" contextid="646" timestamp="2019-09-21T20:40:39.363">
  <compact-info movecount="1337" movebytes="31448" reason="compact to aid heap contraction" />
</gc-op>
<heap-resize id="653" type="expand" space="tenure" amount="65536" count="1" timems="0.018" reason="satisfy allocation request" timestamp="2019-09-21T20:40:39.364" />
<gc-end id="654" type="global" contextid="646" durationms="10.966" usertimems="20.000" systemtimems="0.000" timestamp="2019-09-21T20:40:39.364" activeThreads="8">
  <mem-info id="655" free="4194488" total="11075584" percent="37">
    <mem type="tenure" free="4194488" total="11075584" percent="37">
      <mem type="soa" free="4083896" total="10964992" percent="37" />
      <mem type="loa" free="110592" total="110592" percent="100" />
    </mem>
  </mem-info>
</gc-end>
<cycle-end id="656" type="global" contextid="646" timestamp="2019-09-21T20:40:39.364" />
  <attribute name="elasticGC enabled" value="1" />
  <attribute name= "numThreadsSpecified" value="8" />
  <attribute name="heapSize specified" value="11010048" />
  <attribute name="Current GC Util" value="16" />
  <attribute name= "Current Time Running" value="81577" />
  <attribute name ="GC Interval" value="0" />
  <attribute name="Target GC Util Change" value ="40.000000" />
  <attribute name="Current GC Util Change" value="16.000000"/>
  <attribute name="Current Error" value="-239.000000" />
  <attribute name="Output H" value="11047752"/>
  <attribute name="Output I" value="1864"/>
  <attribute name="Output T" value="8"/>
  <attribute name= "Current Time Running" value="81577" />
  <attribute name="GC Util currently" value="16" />
  <attribute name="CPU Util currently" value="302519187624" />
<allocation-satisfied id="657" threadId="0000000001BC3D00" bytesRequested="32" />
<af-end id="658" timestamp="2019-09-21T20:40:39.364" threadId="0000000001BC4688" success="true" />
<exclusive-end id="659" timestamp="2019-09-21T20:40:39.364" durationms="11.763" />

<exclusive-start id="660" timestamp="2019-09-21T20:40:42.548" intervalms="3195.287">
  <response-info timems="0.046" idlems="0.046" threads="0" lastid="0000000001BB8900" lastname="node-11" />
</exclusive-start>
<af-start id="661" threadId="0000000001BB9288" totalBytesRequested="16" timestamp="2019-09-21T20:40:42.548" intervalms="3195.275" />
<cycle-start id="662" type="global" contextid="0" timestamp="2019-09-21T20:40:42.548" intervalms="3195.217" />
<gc-start id="663" type="global" contextid="662" timestamp="2019-09-21T20:40:42.548">
  <mem-info id="664" free="110592" total="11075584" percent="0">
    <mem type="tenure" free="110592" total="11075584" percent="0">
      <mem type="soa" free="0" total="10964992" percent="0" />
      <mem type="loa" free="110592" total="110592" percent="100" />
    </mem>
  </mem-info>
</gc-start>
<allocation-stats totalBytes="4105360" >
  <allocated-bytes non-tlh="0" tlh="4105360" />
  <largest-consumer threadName="node-7" threadId="0000000001BA2200" bytes="208880" />
</allocation-stats>
<gc-op id="665" type="mark" timems="1.999" contextid="662" timestamp="2019-09-21T20:40:42.550">
  <trace-info objectcount="144575" scancount="135052" scanbytes="5296512" />
  <finalization candidates="13" enqueued="0" />
  <references type="soft" candidates="45" cleared="0" enqueued="0" dynamicThreshold="12" maxThreshold="32" />
  <references type="weak" candidates="143" cleared="0" enqueued="0" />
  <references type="phantom" candidates="57" cleared="0" enqueued="0" />
  <stringconstants candidates="3838" cleared="0"  />
</gc-op>
<gc-op id="666" type="sweep" timems="0.271" contextid="662" timestamp="2019-09-21T20:40:42.550" />
<mem-info id="667" free="4190904" total="11075584" percent="37">
  <mem type="tenure" free="4190904" total="11075584" percent="37" micro-fragmented="0" macro-fragmented="0">
    <mem type="soa" free="4080312" total="10964992" percent="37" />
    <mem type="loa" free="110592" total="110592" percent="100" />
  </mem>
</mem-info>
<gc-op id="668" type="compact" timems="7.511" contextid="662" timestamp="2019-09-21T20:40:42.558">
  <compact-info movecount="1357" movebytes="46384" reason="compact to aid heap contraction" />
</gc-op>
<heap-resize id="669" type="expand" space="tenure" amount="65536" count="1" timems="0.016" reason="satisfy allocation request" timestamp="2019-09-21T20:40:42.558" />
<gc-end id="670" type="global" contextid="662" durationms="10.567" usertimems="8.000" systemtimems="12.000" timestamp="2019-09-21T20:40:42.559" activeThreads="8">
  <mem-info id="671" free="4245088" total="11141120" percent="38">
    <mem type="tenure" free="4245088" total="11141120" percent="38">
      <mem type="soa" free="4134496" total="11030528" percent="37" />
      <mem type="loa" free="110592" total="110592" percent="100" />
    </mem>
  </mem-info>
</gc-end>
<cycle-end id="672" type="global" contextid="662" timestamp="2019-09-21T20:40:42.559" />
  <attribute name="elasticGC enabled" value="1" />
  <attribute name= "numThreadsSpecified" value="8" />
  <attribute name="heapSize specified" value="11075584" />
  <attribute name="Current GC Util" value="15" />
  <attribute name= "Current Time Running" value="84771" />
  <attribute name ="GC Interval" value="0" />
  <attribute name="Target GC Util Change" value ="40.000000" />
  <attribute name="Current GC Util Change" value="15.000000"/>
  <attribute name="Current Error" value="25.000000" />
  <attribute name="Output H" value="11113440"/>
  <attribute name="Output I" value="2016"/>
  <attribute name="Output T" value="8"/>
  <attribute name= "Current Time Running" value="84771" />
  <attribute name="GC Util currently" value="15" />
  <attribute name="CPU Util currently" value="301310882467" />
<allocation-satisfied id="673" threadId="0000000001BB8900" bytesRequested="16" />
<af-end id="674" timestamp="2019-09-21T20:40:42.559" threadId="0000000001BB9288" success="true" />
<exclusive-end id="675" timestamp="2019-09-21T20:40:42.559" durationms="11.227" />

<exclusive-start id="676" timestamp="2019-09-21T20:40:45.398" intervalms="2849.748">
  <response-info timems="0.054" idlems="0.054" threads="0" lastid="0000000001B75300" lastname="node-16" />
</exclusive-start>
<af-start id="677" threadId="0000000001B75C88" totalBytesRequested="32" timestamp="2019-09-21T20:40:45.398" intervalms="2849.751" />
<cycle-start id="678" type="global" contextid="0" timestamp="2019-09-21T20:40:45.398" intervalms="2849.794" />
<gc-start id="679" type="global" contextid="678" timestamp="2019-09-21T20:40:45.398">
  <mem-info id="680" free="110592" total="11141120" percent="0">
    <mem type="tenure" free="110592" total="11141120" percent="0">
      <mem type="soa" free="0" total="11030528" percent="0" />
      <mem type="loa" free="110592" total="110592" percent="100" />
    </mem>
  </mem-info>
</gc-start>
<allocation-stats totalBytes="4155168" >
  <allocated-bytes non-tlh="0" tlh="4155168" />
  <largest-consumer threadName="node-8" threadId="0000000001B87E00" bytes="208864" />
</allocation-stats>
<gc-op id="681" type="mark" timems="3.095" contextid="678" timestamp="2019-09-21T20:40:45.401">
  <trace-info objectcount="144481" scancount="134987" scanbytes="5295192" />
  <finalization candidates="13" enqueued="0" />
  <references type="soft" candidates="45" cleared="0" enqueued="0" dynamicThreshold="12" maxThreshold="32" />
  <references type="weak" candidates="143" cleared="0" enqueued="0" />
  <references type="phantom" candidates="57" cleared="0" enqueued="0" />
  <stringconstants candidates="3838" cleared="0"  />
</gc-op>
<gc-op id="682" type="sweep" timems="1.402" contextid="678" timestamp="2019-09-21T20:40:45.403" />
<mem-info id="683" free="4282704" total="11141120" percent="38">
  <mem type="tenure" free="4282704" total="11141120" percent="38" micro-fragmented="0" macro-fragmented="0">
    <mem type="soa" free="4172112" total="11030528" percent="37" />
    <mem type="loa" free="110592" total="110592" percent="100" />
  </mem>
</mem-info>
<gc-op id="684" type="compact" timems="10.403" contextid="678" timestamp="2019-09-21T20:40:45.413">
  <compact-info movecount="1263" movebytes="29672" reason="compact to aid heap contraction" />
</gc-op>
<heap-resize id="685" type="expand" space="tenure" amount="65536" count="1" timems="0.018" reason="satisfy allocation request" timestamp="2019-09-21T20:40:45.414" />
<gc-end id="686" type="global" contextid="678" durationms="16.396" usertimems="28.000" systemtimems="0.000" timestamp="2019-09-21T20:40:45.414" activeThreads="8">
  <mem-info id="687" free="4327336" total="11206656" percent="38">
    <mem type="tenure" free="4327336" total="11206656" percent="38">
      <mem type="soa" free="4215720" total="11095040" percent="37" />
      <mem type="loa" free="111616" total="111616" percent="100" />
    </mem>
  </mem-info>
</gc-end>
<cycle-end id="688" type="global" contextid="678" timestamp="2019-09-21T20:40:45.414" />
  <attribute name="elasticGC enabled" value="1" />
  <attribute name= "numThreadsSpecified" value="8" />
  <attribute name="heapSize specified" value="11141120" />
  <attribute name="Current GC Util" value="61" />
  <attribute name= "Current Time Running" value="87627" />
  <attribute name ="GC Interval" value="0" />
  <attribute name="Target GC Util Change" value ="40.000000" />
  <attribute name="Current GC Util Change" value="61.000000"/>
  <attribute name="Current Error" value="-261.000000" />
  <attribute name="Output H" value="11178816"/>
  <attribute name="Output I" value="1856"/>
  <attribute name="Output T" value="8"/>
  <attribute name= "Current Time Running" value="87627" />
  <attribute name="GC Util currently" value="61" />
  <attribute name="CPU Util currently" value="216860275307" />
<allocation-satisfied id="689" threadId="0000000001B75300" bytesRequested="32" />
<af-end id="690" timestamp="2019-09-21T20:40:45.415" threadId="0000000001B75C88" success="true" />
<exclusive-end id="691" timestamp="2019-09-21T20:40:45.415" durationms="17.220" />

<exclusive-start id="692" timestamp="2019-09-21T20:40:48.637" intervalms="3239.767">
  <response-info timems="0.040" idlems="0.040" threads="0" lastid="0000000001BC3D00" lastname="node-14" />
</exclusive-start>
<af-start id="693" threadId="0000000001BC4688" totalBytesRequested="376" timestamp="2019-09-21T20:40:48.637" intervalms="3239.765" />
<cycle-start id="694" type="global" contextid="0" timestamp="2019-09-21T20:40:48.637" intervalms="3239.720" />
<gc-start id="695" type="global" contextid="694" timestamp="2019-09-21T20:40:48.638">
  <mem-info id="696" free="111616" total="11206656" percent="0">
    <mem type="tenure" free="111616" total="11206656" percent="0">
      <mem type="soa" free="0" total="11095040" percent="0" />
      <mem type="loa" free="111616" total="111616" percent="100" />
    </mem>
  </mem-info>
</gc-start>
<allocation-stats totalBytes="4233320" >
  <allocated-bytes non-tlh="0" tlh="4233320" />
  <largest-consumer threadName="node-10" threadId="0000000001BB4D00" bytes="208872" />
</allocation-stats>
<gc-op id="697" type="mark" timems="2.329" contextid="694" timestamp="2019-09-21T20:40:48.640">
  <trace-info objectcount="144485" scancount="134974" scanbytes="5294648" />
  <finalization candidates="13" enqueued="0" />
  <references type="soft" candidates="45" cleared="0" enqueued="0" dynamicThreshold="12" maxThreshold="32" />
  <references type="weak" candidates="143" cleared="0" enqueued="0" />
  <references type="phantom" candidates="57" cleared="0" enqueued="0" />
  <stringconstants candidates="3838" cleared="0"  />
</gc-op>
<gc-op id="698" type="sweep" timems="0.322" contextid="694" timestamp="2019-09-21T20:40:48.640" />
<mem-info id="699" free="4328008" total="11206656" percent="38">
  <mem type="tenure" free="4328008" total="11206656" percent="38" micro-fragmented="0" macro-fragmented="0">
    <mem type="soa" free="4216392" total="11095040" percent="38" />
    <mem type="loa" free="111616" total="111616" percent="100" />
  </mem>
</mem-info>
<gc-op id="700" type="compact" timems="7.534" contextid="694" timestamp="2019-09-21T20:40:48.648">
  <compact-info movecount="1267" movebytes="41248" reason="compact to aid heap contraction" />
</gc-op>
<heap-resize id="701" type="expand" space="tenure" amount="65536" count="1" timems="0.017" reason="satisfy allocation request" timestamp="2019-09-21T20:40:48.648" />
<gc-end id="702" type="global" contextid="694" durationms="11.073" usertimems="20.000" systemtimems="0.000" timestamp="2019-09-21T20:40:48.649" activeThreads="8">
  <mem-info id="703" free="4381296" total="11272192" percent="38">
    <mem type="tenure" free="4381296" total="11272192" percent="38">
      <mem type="soa" free="4268656" total="11159552" percent="38" />
      <mem type="loa" free="112640" total="112640" percent="100" />
    </mem>
  </mem-info>
</gc-end>
<cycle-end id="704" type="global" contextid="694" timestamp="2019-09-21T20:40:48.649" />
  <attribute name="elasticGC enabled" value="1" />
  <attribute name= "numThreadsSpecified" value="8" />
  <attribute name="heapSize specified" value="11206656" />
  <attribute name="Current GC Util" value="16" />
  <attribute name= "Current Time Running" value="90861" />
  <attribute name ="GC Interval" value="0" />
  <attribute name="Target GC Util Change" value ="40.000000" />
  <attribute name="Current GC Util Change" value="16.000000"/>
  <attribute name="Current Error" value="-247.000000" />
  <attribute name="Output H" value="11244360"/>
  <attribute name="Output I" value="1864"/>
  <attribute name="Output T" value="8"/>
  <attribute name= "Current Time Running" value="90861" />
  <attribute name="GC Util currently" value="16" />
  <attribute name="CPU Util currently" value="300227385657" />
<allocation-satisfied id="705" threadId="0000000001BC3D00" bytesRequested="376" />
<af-end id="706" timestamp="2019-09-21T20:40:48.649" threadId="0000000001BC4688" success="true" />
<exclusive-end id="707" timestamp="2019-09-21T20:40:48.649" durationms="11.878" />

<exclusive-start id="708" timestamp="2019-09-21T20:40:52.022" intervalms="3384.780">
  <response-info timems="0.067" idlems="0.067" threads="0" lastid="0000000001BCB500" lastname="node-25" />
</exclusive-start>
<af-start id="709" threadId="0000000001BCBE88" totalBytesRequested="32" timestamp="2019-09-21T20:40:52.022" intervalms="3384.786" />
<cycle-start id="710" type="global" contextid="0" timestamp="2019-09-21T20:40:52.022" intervalms="3384.791" />
<gc-start id="711" type="global" contextid="710" timestamp="2019-09-21T20:40:52.022">
  <mem-info id="712" free="112640" total="11272192" percent="0">
    <mem type="tenure" free="112640" total="11272192" percent="0">
      <mem type="soa" free="0" total="11159552" percent="0" />
      <mem type="loa" free="112640" total="112640" percent="100" />
    </mem>
  </mem-info>
</gc-start>
<allocation-stats totalBytes="4285904" >
  <allocated-bytes non-tlh="0" tlh="4285904" />
  <largest-consumer threadName="node-13" threadId="0000000001BAD600" bytes="208880" />
</allocation-stats>
<gc-op id="713" type="mark" timems="2.207" contextid="710" timestamp="2019-09-21T20:40:52.025">
  <trace-info objectcount="144431" scancount="134925" scanbytes="5293496" />
  <finalization candidates="13" enqueued="0" />
  <references type="soft" candidates="45" cleared="0" enqueued="0" dynamicThreshold="12" maxThreshold="32" />
  <references type="weak" candidates="143" cleared="0" enqueued="0" />
  <references type="phantom" candidates="57" cleared="0" enqueued="0" />
  <stringconstants candidates="3838" cleared="0"  />
</gc-op>
<gc-op id="714" type="sweep" timems="0.307" contextid="710" timestamp="2019-09-21T20:40:52.025" />
<mem-info id="715" free="4411576" total="11272192" percent="39">
  <mem type="tenure" free="4411576" total="11272192" percent="39" micro-fragmented="0" macro-fragmented="0">
    <mem type="soa" free="4298936" total="11159552" percent="38" />
    <mem type="loa" free="112640" total="112640" percent="100" />
  </mem>
</mem-info>
<gc-op id="716" type="compact" timems="7.361" contextid="710" timestamp="2019-09-21T20:40:52.033">
  <compact-info movecount="1213" movebytes="31104" reason="compact to aid heap contraction" />
</gc-op>
<heap-resize id="717" type="expand" space="tenure" amount="65536" count="1" timems="0.016" reason="satisfy allocation request" timestamp="2019-09-21T20:40:52.033" />
<gc-end id="718" type="global" contextid="710" durationms="10.625" usertimems="8.000" systemtimems="12.000" timestamp="2019-09-21T20:40:52.033" activeThreads="8">
  <mem-info id="719" free="4456976" total="11337728" percent="39">
    <mem type="tenure" free="4456976" total="11337728" percent="39">
      <mem type="soa" free="4344336" total="11225088" percent="38" />
      <mem type="loa" free="112640" total="112640" percent="100" />
    </mem>
  </mem-info>
</gc-end>
<cycle-end id="720" type="global" contextid="710" timestamp="2019-09-21T20:40:52.033" />
  <attribute name="elasticGC enabled" value="1" />
  <attribute name= "numThreadsSpecified" value="8" />
  <attribute name="heapSize specified" value="11272192" />
  <attribute name="Current GC Util" value="16" />
  <attribute name= "Current Time Running" value="94246" />
  <attribute name ="GC Interval" value="0" />
  <attribute name="Target GC Util Change" value ="40.000000" />
  <attribute name="Current GC Util Change" value="16.000000"/>
  <attribute name="Current Error" value="24.000000" />
  <attribute name="Output H" value="11310048"/>
  <attribute name="Output I" value="2016"/>
  <attribute name="Output T" value="8"/>
  <attribute name= "Current Time Running" value="94246" />
  <attribute name="GC Util currently" value="16" />
  <attribute name="CPU Util currently" value="307328374166" />
<allocation-satisfied id="721" threadId="0000000001BCB500" bytesRequested="32" />
<af-end id="722" timestamp="2019-09-21T20:40:52.033" threadId="0000000001BCBE88" success="true" />
<exclusive-end id="723" timestamp="2019-09-21T20:40:52.033" durationms="11.352" />

<exclusive-start id="724" timestamp="2019-09-21T20:40:55.158" intervalms="3135.702">
  <response-info timems="0.038" idlems="0.038" threads="0" lastid="0000000001B8BA00" lastname="node-2" />
</exclusive-start>
<af-start id="725" threadId="0000000001B8C388" totalBytesRequested="32" timestamp="2019-09-21T20:40:55.158" intervalms="3135.738" />
<cycle-start id="726" type="global" contextid="0" timestamp="2019-09-21T20:40:55.158" intervalms="3135.823" />
<gc-start id="727" type="global" contextid="726" timestamp="2019-09-21T20:40:55.158">
  <mem-info id="728" free="112640" total="11337728" percent="0">
    <mem type="tenure" free="112640" total="11337728" percent="0">
      <mem type="soa" free="0" total="11225088" percent="0" />
      <mem type="loa" free="112640" total="112640" percent="100" />
    </mem>
  </mem-info>
</gc-start>
<allocation-stats totalBytes="4364056" >
  <allocated-bytes non-tlh="0" tlh="4364056" />
  <largest-consumer threadName="node-20" threadId="0000000001B8F600" bytes="208848" />
</allocation-stats>
<gc-op id="729" type="mark" timems="2.697" contextid="726" timestamp="2019-09-21T20:40:55.161">
  <trace-info objectcount="144405" scancount="134899" scanbytes="5292872" />
  <finalization candidates="13" enqueued="0" />
  <references type="soft" candidates="45" cleared="0" enqueued="0" dynamicThreshold="12" maxThreshold="32" />
  <references type="weak" candidates="143" cleared="0" enqueued="0" />
  <references type="phantom" candidates="57" cleared="0" enqueued="0" />
  <stringconstants candidates="3838" cleared="0"  />
</gc-op>
<gc-op id="730" type="sweep" timems="0.811" contextid="726" timestamp="2019-09-21T20:40:55.162" />
<mem-info id="731" free="4473456" total="11337728" percent="39">
  <mem type="tenure" free="4473456" total="11337728" percent="39" micro-fragmented="0" macro-fragmented="0">
    <mem type="soa" free="4360816" total="11225088" percent="38" />
    <mem type="loa" free="112640" total="112640" percent="100" />
  </mem>
</mem-info>
<gc-op id="732" type="compact" timems="8.603" contextid="726" timestamp="2019-09-21T20:40:55.171">
  <compact-info movecount="1187" movebytes="30480" reason="compact to aid heap contraction" />
</gc-op>
<heap-resize id="733" type="expand" space="tenure" amount="65536" count="1" timems="0.016" reason="satisfy allocation request" timestamp="2019-09-21T20:40:55.172" />
<gc-end id="734" type="global" contextid="726" durationms="13.554" usertimems="24.000" systemtimems="0.000" timestamp="2019-09-21T20:40:55.172" activeThreads="8">
  <mem-info id="735" free="4523136" total="11403264" percent="39">
    <mem type="tenure" free="4523136" total="11403264" percent="39">
      <mem type="soa" free="4409472" total="11289600" percent="39" />
      <mem type="loa" free="113664" total="113664" percent="100" />
    </mem>
  </mem-info>
</gc-end>
<cycle-end id="736" type="global" contextid="726" timestamp="2019-09-21T20:40:55.172" />
  <attribute name="elasticGC enabled" value="1" />
  <attribute name= "numThreadsSpecified" value="8" />
  <attribute name="heapSize specified" value="11337728" />
  <attribute name="Current GC Util" value="56" />
  <attribute name= "Current Time Running" value="97384" />
  <attribute name ="GC Interval" value="0" />
  <attribute name="Target GC Util Change" value ="40.000000" />
  <attribute name="Current GC Util Change" value="56.000000"/>
  <attribute name="Current Error" value="-314.000000" />
  <attribute name="Output H" value="11375392"/>
  <attribute name="Output I" value="1824"/>
  <attribute name="Output T" value="8"/>
  <attribute name= "Current Time Running" value="97384" />
  <attribute name="GC Util currently" value="56" />
  <attribute name="CPU Util currently" value="261410743072" />
<allocation-satisfied id="737" threadId="0000000001B8BA00" bytesRequested="32" />
<af-end id="738" timestamp="2019-09-21T20:40:55.172" threadId="0000000001B8C388" success="true" />
<exclusive-end id="739" timestamp="2019-09-21T20:40:55.172" durationms="14.592" />

<exclusive-start id="740" timestamp="2019-09-21T20:40:58.328" intervalms="3169.784">
  <response-info timems="0.039" idlems="0.039" threads="0" lastid="0000000001B71700" lastname="node-15" />
</exclusive-start>
<af-start id="741" threadId="0000000001B72088" totalBytesRequested="32" timestamp="2019-09-21T20:40:58.328" intervalms="3169.757" />
<cycle-start id="742" type="global" contextid="0" timestamp="2019-09-21T20:40:58.328" intervalms="3169.679" />
<gc-start id="743" type="global" contextid="742" timestamp="2019-09-21T20:40:58.328">
  <mem-info id="744" free="113664" total="11403264" percent="0">
    <mem type="tenure" free="113664" total="11403264" percent="0">
      <mem type="soa" free="0" total="11289600" percent="0" />
      <mem type="loa" free="113664" total="113664" percent="100" />
    </mem>
  </mem-info>
</gc-start>
<allocation-stats totalBytes="4429920" >
  <allocated-bytes non-tlh="0" tlh="4429920" />
  <largest-consumer threadName="node-8" threadId="0000000001B87E00" bytes="220808" />
</allocation-stats>
<gc-op id="745" type="mark" timems="3.659" contextid="742" timestamp="2019-09-21T20:40:58.332">
  <trace-info objectcount="144333" scancount="134858" scanbytes="5291640" />
  <finalization candidates="13" enqueued="0" />
  <references type="soft" candidates="45" cleared="0" enqueued="0" dynamicThreshold="12" maxThreshold="32" />
  <references type="weak" candidates="143" cleared="0" enqueued="0" />
  <references type="phantom" candidates="57" cleared="0" enqueued="0" />
  <stringconstants candidates="3838" cleared="0"  />
</gc-op>
<gc-op id="746" type="sweep" timems="1.659" contextid="742" timestamp="2019-09-21T20:40:58.333" />
<mem-info id="747" free="4546432" total="11403264" percent="39">
  <mem type="tenure" free="4546432" total="11403264" percent="39" micro-fragmented="0" macro-fragmented="0">
    <mem type="soa" free="4432768" total="11289600" percent="39" />
    <mem type="loa" free="113664" total="113664" percent="100" />
  </mem>
</mem-info>
<gc-op id="748" type="compact" timems="11.505" contextid="742" timestamp="2019-09-21T20:40:58.345">
  <compact-info movecount="1115" movebytes="26120" reason="compact to aid heap contraction" />
</gc-op>
<heap-resize id="749" type="expand" space="tenure" amount="65536" count="1" timems="0.016" reason="satisfy allocation request" timestamp="2019-09-21T20:40:58.346" />
<gc-end id="750" type="global" contextid="742" durationms="18.463" usertimems="28.000" systemtimems="0.000" timestamp="2019-09-21T20:40:58.346" activeThreads="8">
  <mem-info id="751" free="4593032" total="11468800" percent="40">
    <mem type="tenure" free="4593032" total="11468800" percent="40">
      <mem type="soa" free="4478344" total="11354112" percent="39" />
      <mem type="loa" free="114688" total="114688" percent="100" />
    </mem>
  </mem-info>
</gc-end>
<cycle-end id="752" type="global" contextid="742" timestamp="2019-09-21T20:40:58.347" />
  <attribute name="elasticGC enabled" value="1" />
  <attribute name= "numThreadsSpecified" value="8" />
  <attribute name="heapSize specified" value="11403264" />
  <attribute name="Current GC Util" value="58" />
  <attribute name= "Current Time Running" value="100558" />
  <attribute name ="GC Interval" value="0" />
  <attribute name="Target GC Util Change" value ="40.000000" />
  <attribute name="Current GC Util Change" value="58.000000"/>
  <attribute name="Current Error" value="-349.000000" />
  <attribute name="Output H" value="11440904"/>
  <attribute name="Output I" value="1800"/>
  <attribute name="Output T" value="8"/>
  <attribute name= "Current Time Running" value="100558" />
  <attribute name="GC Util currently" value="58" />
  <attribute name="CPU Util currently" value="196871274820" />
<allocation-satisfied id="753" threadId="0000000001B71700" bytesRequested="32" />
<af-end id="754" timestamp="2019-09-21T20:40:58.347" threadId="0000000001B72088" success="true" />
<exclusive-end id="755" timestamp="2019-09-21T20:40:58.347" durationms="19.268" />

<exclusive-start id="756" timestamp="2019-09-21T20:41:01.611" intervalms="3283.366">
  <response-info timems="0.045" idlems="0.045" threads="0" lastid="0000000001B7CB00" lastname="node-6" />
</exclusive-start>
<af-start id="757" threadId="0000000001B7D488" totalBytesRequested="24" timestamp="2019-09-21T20:41:01.611" intervalms="3283.347" />
<cycle-start id="758" type="global" contextid="0" timestamp="2019-09-21T20:41:01.611" intervalms="3283.339" />
<gc-start id="759" type="global" contextid="758" timestamp="2019-09-21T20:41:01.611">
  <mem-info id="760" free="114688" total="11468800" percent="1">
    <mem type="tenure" free="114688" total="11468800" percent="1">
      <mem type="soa" free="0" total="11354112" percent="0" />
      <mem type="loa" free="114688" total="114688" percent="100" />
    </mem>
  </mem-info>
</gc-start>
<allocation-stats totalBytes="4500864" >
  <allocated-bytes non-tlh="0" tlh="4500864" />
  <largest-consumer threadName="node-21" threadId="0000000001BA5E00" bytes="208880" />
</allocation-stats>
<gc-op id="761" type="mark" timems="3.939" contextid="758" timestamp="2019-09-21T20:41:01.615">
  <trace-info objectcount="144321" scancount="134834" scanbytes="5290776" />
  <finalization candidates="13" enqueued="0" />
  <references type="soft" candidates="45" cleared="0" enqueued="0" dynamicThreshold="12" maxThreshold="32" />
  <references type="weak" candidates="143" cleared="0" enqueued="0" />
  <references type="phantom" candidates="57" cleared="0" enqueued="0" />
  <stringconstants candidates="3838" cleared="0"  />
</gc-op>
<gc-op id="762" type="sweep" timems="1.263" contextid="758" timestamp="2019-09-21T20:41:01.617" />
<mem-info id="763" free="4602104" total="11468800" percent="40">
  <mem type="tenure" free="4602104" total="11468800" percent="40" micro-fragmented="0" macro-fragmented="0">
    <mem type="soa" free="4487416" total="11354112" percent="39" />
    <mem type="loa" free="114688" total="114688" percent="100" />
  </mem>
</mem-info>
<gc-op id="764" type="compact" timems="10.878" contextid="758" timestamp="2019-09-21T20:41:01.628">
  <compact-info movecount="1103" movebytes="29616" reason="compact to aid heap contraction" />
</gc-op>
<heap-resize id="765" type="expand" space="tenure" amount="65536" count="1" timems="0.017" reason="satisfy allocation request" timestamp="2019-09-21T20:41:01.629" />
<gc-end id="766" type="global" contextid="758" durationms="17.659" usertimems="28.000" systemtimems="0.000" timestamp="2019-09-21T20:41:01.629" activeThreads="8">
  <mem-info id="767" free="4655072" total="11534336" percent="40">
    <mem type="tenure" free="4655072" total="11534336" percent="40">
      <mem type="soa" free="4540384" total="11419648" percent="39" />
      <mem type="loa" free="114688" total="114688" percent="100" />
    </mem>
  </mem-info>
</gc-end>
<cycle-end id="768" type="global" contextid="758" timestamp="2019-09-21T20:41:01.629" />
  <attribute name="elasticGC enabled" value="1" />
  <attribute name= "numThreadsSpecified" value="8" />
  <attribute name="heapSize specified" value="11468800" />
  <attribute name="Current GC Util" value="59" />
  <attribute name= "Current Time Running" value="103841" />
  <attribute name ="GC Interval" value="0" />
  <attribute name="Target GC Util Change" value ="40.000000" />
  <attribute name="Current GC Util Change" value="59.000000"/>
  <attribute name="Current Error" value="-19.000000" />
  <attribute name="Output H" value="11506632"/>
  <attribute name="Output I" value="1992"/>
  <attribute name="Output T" value="8"/>
  <attribute name= "Current Time Running" value="103841" />
  <attribute name="GC Util currently" value="59" />
  <attribute name="CPU Util currently" value="209055947823" />
<allocation-satisfied id="769" threadId="0000000001B7CB00" bytesRequested="24" />
<af-end id="770" timestamp="2019-09-21T20:41:01.629" threadId="0000000001B7D488" success="true" />
<exclusive-end id="771" timestamp="2019-09-21T20:41:01.629" durationms="18.437" />

<exclusive-start id="772" timestamp="2019-09-21T20:41:04.814" intervalms="3202.654">
  <response-info timems="0.037" idlems="0.037" threads="0" lastid="0000000001B84300" lastname="node-3" />
</exclusive-start>
<af-start id="773" threadId="0000000001B84C88" totalBytesRequested="432" timestamp="2019-09-21T20:41:04.814" intervalms="3202.657" />
<cycle-start id="774" type="global" contextid="0" timestamp="2019-09-21T20:41:04.814" intervalms="3202.661" />
<gc-start id="775" type="global" contextid="774" timestamp="2019-09-21T20:41:04.814">
  <mem-info id="776" free="114688" total="11534336" percent="0">
    <mem type="tenure" free="114688" total="11534336" percent="0">
      <mem type="soa" free="0" total="11419648" percent="0" />
      <mem type="loa" free="114688" total="114688" percent="100" />
    </mem>
  </mem-info>
</gc-start>
<allocation-stats totalBytes="4560304" >
  <allocated-bytes non-tlh="0" tlh="4560304" />
  <largest-consumer threadName="node-14" threadId="0000000001BC3D00" bytes="208864" />
</allocation-stats>
<gc-op id="777" type="mark" timems="2.533" contextid="774" timestamp="2019-09-21T20:41:04.817">
  <trace-info objectcount="144277" scancount="134803" scanbytes="5290032" />
  <finalization candidates="13" enqueued="0" />
  <references type="soft" candidates="45" cleared="0" enqueued="0" dynamicThreshold="12" maxThreshold="32" />
  <references type="weak" candidates="143" cleared="0" enqueued="0" />
  <references type="phantom" candidates="57" cleared="0" enqueued="0" />
  <stringconstants candidates="3838" cleared="0"  />
</gc-op>
<gc-op id="778" type="sweep" timems="0.289" contextid="774" timestamp="2019-09-21T20:41:04.817" />
<mem-info id="779" free="4671120" total="11534336" percent="40">
  <mem type="tenure" free="4671120" total="11534336" percent="40" micro-fragmented="0" macro-fragmented="0">
    <mem type="soa" free="4556432" total="11419648" percent="39" />
    <mem type="loa" free="114688" total="114688" percent="100" />
  </mem>
</mem-info>
<gc-op id="780" type="compact" timems="7.367" contextid="774" timestamp="2019-09-21T20:41:04.824">
  <compact-info movecount="1059" movebytes="30456" reason="compact to aid heap contraction" />
</gc-op>
<heap-resize id="781" type="expand" space="tenure" amount="65536" count="1" timems="0.018" reason="satisfy allocation request" timestamp="2019-09-21T20:41:04.825" />
<gc-end id="782" type="global" contextid="774" durationms="10.903" usertimems="12.000" systemtimems="8.000" timestamp="2019-09-21T20:41:04.825" activeThreads="8">
  <mem-info id="783" free="4719768" total="11599872" percent="40">
    <mem type="tenure" free="4719768" total="11599872" percent="40">
      <mem type="soa" free="4604056" total="11484160" percent="40" />
      <mem type="loa" free="115712" total="115712" percent="100" />
    </mem>
  </mem-info>
</gc-end>
<cycle-end id="784" type="global" contextid="774" timestamp="2019-09-21T20:41:04.825" />
  <attribute name="elasticGC enabled" value="1" />
  <attribute name= "numThreadsSpecified" value="8" />
  <attribute name="heapSize specified" value="11534336" />
  <attribute name="Current GC Util" value="18" />
  <attribute name= "Current Time Running" value="107037" />
  <attribute name ="GC Interval" value="0" />
  <attribute name="Target GC Util Change" value ="40.000000" />
  <attribute name="Current GC Util Change" value="18.000000"/>
  <attribute name="Current Error" value="-258.000000" />
  <attribute name="Output H" value="11572032"/>
  <attribute name="Output I" value="1856"/>
  <attribute name="Output T" value="8"/>
  <attribute name= "Current Time Running" value="107037" />
  <attribute name="GC Util currently" value="18" />
  <attribute name="CPU Util currently" value="307452701371" />
<allocation-satisfied id="785" threadId="0000000001B84300" bytesRequested="432" />
<af-end id="786" timestamp="2019-09-21T20:41:04.825" threadId="0000000001B84C88" success="true" />
<exclusive-end id="787" timestamp="2019-09-21T20:41:04.825" durationms="11.395" />

<exclusive-start id="788" timestamp="2019-09-21T20:41:08.288" intervalms="3474.370">
  <response-info timems="0.041" idlems="0.041" threads="0" lastid="0000000001B75300" lastname="node-16" />
</exclusive-start>
<af-start id="789" threadId="0000000001B75C88" totalBytesRequested="16" timestamp="2019-09-21T20:41:08.288" intervalms="3474.397" />
<cycle-start id="790" type="global" contextid="0" timestamp="2019-09-21T20:41:08.288" intervalms="3474.396" />
<gc-start id="791" type="global" contextid="790" timestamp="2019-09-21T20:41:08.288">
  <mem-info id="792" free="115712" total="11599872" percent="0">
    <mem type="tenure" free="115712" total="11599872" percent="0">
      <mem type="soa" free="0" total="11484160" percent="0" />
      <mem type="loa" free="115712" total="115712" percent="100" />
    </mem>
  </mem-info>
</gc-start>
<allocation-stats totalBytes="4619264" >
  <allocated-bytes non-tlh="0" tlh="4619264" />
  <largest-consumer threadName="node-12" threadId="0000000001B6DB00" bytes="208864" />
</allocation-stats>
<gc-op id="793" type="mark" timems="2.641" contextid="790" timestamp="2019-09-21T20:41:08.291">
  <trace-info objectcount="144285" scancount="134756" scanbytes="5289408" />
  <finalization candidates="13" enqueued="0" />
  <references type="soft" candidates="45" cleared="0" enqueued="0" dynamicThreshold="13" maxThreshold="32" />
  <references type="weak" candidates="143" cleared="0" enqueued="0" />
  <references type="phantom" candidates="57" cleared="0" enqueued="0" />
  <stringconstants candidates="3838" cleared="0"  />
</gc-op>
<gc-op id="794" type="sweep" timems="0.815" contextid="790" timestamp="2019-09-21T20:41:08.292" />
<mem-info id="795" free="4717616" total="11599872" percent="40">
  <mem type="tenure" free="4717616" total="11599872" percent="40" micro-fragmented="0" macro-fragmented="0">
    <mem type="soa" free="4601904" total="11484160" percent="40" />
    <mem type="loa" free="115712" total="115712" percent="100" />
  </mem>
</mem-info>
<gc-op id="796" type="compact" timems="8.350" contextid="790" timestamp="2019-09-21T20:41:08.300">
  <compact-info movecount="1067" movebytes="42896" reason="compact to aid heap contraction" />
</gc-op>
<heap-resize id="797" type="expand" space="tenure" amount="65536" count="1" timems="0.027" reason="satisfy allocation request" timestamp="2019-09-21T20:41:08.301" />
<gc-end id="798" type="global" contextid="790" durationms="12.897" usertimems="24.000" systemtimems="0.000" timestamp="2019-09-21T20:41:08.301" activeThreads="8">
  <mem-info id="799" free="4772864" total="11665408" percent="40">
    <mem type="tenure" free="4772864" total="11665408" percent="40">
      <mem type="soa" free="4657152" total="11549696" percent="40" />
      <mem type="loa" free="115712" total="115712" percent="100" />
    </mem>
  </mem-info>
</gc-end>
<cycle-end id="800" type="global" contextid="790" timestamp="2019-09-21T20:41:08.301" />
  <attribute name="elasticGC enabled" value="1" />
  <attribute name= "numThreadsSpecified" value="8" />
  <attribute name="heapSize specified" value="11599872" />
  <attribute name="Current GC Util" value="48" />
  <attribute name= "Current Time Running" value="110514" />
  <attribute name ="GC Interval" value="0" />
  <attribute name="Target GC Util Change" value ="40.000000" />
  <attribute name="Current GC Util Change" value="48.000000"/>
  <attribute name="Current Error" value="-438.000000" />
  <attribute name="Output H" value="11637464"/>
  <attribute name="Output I" value="1752"/>
  <attribute name="Output T" value="8"/>
  <attribute name= "Current Time Running" value="110514" />
  <attribute name="GC Util currently" value="48" />
  <attribute name="CPU Util currently" value="271437646640" />
<allocation-satisfied id="801" threadId="0000000001B75300" bytesRequested="16" />
<af-end id="802" timestamp="2019-09-21T20:41:08.302" threadId="0000000001B75C88" success="true" />
<exclusive-end id="803" timestamp="2019-09-21T20:41:08.302" durationms="13.673" />

<exclusive-start id="804" timestamp="2019-09-21T20:41:11.654" intervalms="3366.198">
  <response-info timems="0.043" idlems="0.039" threads="1" lastid="0000000001B78F00" lastname="node-1" />
</exclusive-start>
<af-start id="805" threadId="0000000001B7D488" totalBytesRequested="16" timestamp="2019-09-21T20:41:11.654" intervalms="3366.195" />
<cycle-start id="806" type="global" contextid="0" timestamp="2019-09-21T20:41:11.654" intervalms="3366.191" />
<gc-start id="807" type="global" contextid="806" timestamp="2019-09-21T20:41:11.654">
  <mem-info id="808" free="115712" total="11665408" percent="0">
    <mem type="tenure" free="115712" total="11665408" percent="0">
      <mem type="soa" free="0" total="11549696" percent="0" />
      <mem type="loa" free="115712" total="115712" percent="100" />
    </mem>
  </mem-info>
</gc-start>
<allocation-stats totalBytes="4677344" >
  <allocated-bytes non-tlh="0" tlh="4677344" />
  <largest-consumer threadName="node-11" threadId="0000000001BB8900" bytes="208880" />
</allocation-stats>
<gc-op id="809" type="mark" timems="2.185" contextid="806" timestamp="2019-09-21T20:41:11.657">
  <trace-info objectcount="144227" scancount="134710" scanbytes="5288176" />
  <finalization candidates="13" enqueued="0" />
  <references type="soft" candidates="45" cleared="0" enqueued="0" dynamicThreshold="13" maxThreshold="32" />
  <references type="weak" candidates="143" cleared="0" enqueued="0" />
  <references type="phantom" candidates="57" cleared="0" enqueued="0" />
  <stringconstants candidates="3838" cleared="0"  />
</gc-op>
<gc-op id="810" type="sweep" timems="0.286" contextid="806" timestamp="2019-09-21T20:41:11.657" />
<mem-info id="811" free="4793856" total="11665408" percent="41">
  <mem type="tenure" free="4793856" total="11665408" percent="41" micro-fragmented="0" macro-fragmented="0">
    <mem type="soa" free="4678144" total="11549696" percent="40" />
    <mem type="loa" free="115712" total="115712" percent="100" />
  </mem>
</mem-info>
<gc-op id="812" type="compact" timems="7.641" contextid="806" timestamp="2019-09-21T20:41:11.665">
  <compact-info movecount="1009" movebytes="33456" reason="compact to aid heap contraction" />
</gc-op>
<heap-resize id="813" type="expand" space="tenure" amount="65536" count="1" timems="0.017" reason="satisfy allocation request" timestamp="2019-09-21T20:41:11.665" />
<gc-end id="814" type="global" contextid="806" durationms="10.966" usertimems="20.000" systemtimems="0.000" timestamp="2019-09-21T20:41:11.665" activeThreads="8">
  <mem-info id="815" free="4847840" total="11730944" percent="41">
    <mem type="tenure" free="4847840" total="11730944" percent="41">
      <mem type="soa" free="4731104" total="11614208" percent="40" />
      <mem type="loa" free="116736" total="116736" percent="100" />
    </mem>
  </mem-info>
</gc-end>
<cycle-end id="816" type="global" contextid="806" timestamp="2019-09-21T20:41:11.666" />
  <attribute name="elasticGC enabled" value="1" />
  <attribute name= "numThreadsSpecified" value="8" />
  <attribute name="heapSize specified" value="11665408" />
  <attribute name="Current GC Util" value="15" />
  <attribute name= "Current Time Running" value="113878" />
  <attribute name ="GC Interval" value="0" />
  <attribute name="Target GC Util Change" value ="40.000000" />
  <attribute name="Current GC Util Change" value="15.000000"/>
  <attribute name="Current Error" value="25.000000" />
  <attribute name="Output H" value="11703264"/>
  <attribute name="Output I" value="2016"/>
  <attribute name="Output T" value="8"/>
  <attribute name= "Current Time Running" value="113878" />
  <attribute name="GC Util currently" value="15" />
  <attribute name="CPU Util currently" value="295636777530" />
<allocation-satisfied id="817" threadId="0000000001B7CB00" bytesRequested="16" />
<af-end id="818" timestamp="2019-09-21T20:41:11.666" threadId="0000000001B7D488" success="true" />
<exclusive-end id="819" timestamp="2019-09-21T20:41:11.666" durationms="11.740" />

<exclusive-start id="820" timestamp="2019-09-21T20:41:15.068" intervalms="3413.849">
  <response-info timems="0.122" idlems="0.122" threads="0" lastid="0000000001B84300" lastname="node-3" />
</exclusive-start>
<af-start id="821" threadId="0000000001B84C88" totalBytesRequested="32" timestamp="2019-09-21T20:41:15.068" intervalms="3413.836" />
<cycle-start id="822" type="global" contextid="0" timestamp="2019-09-21T20:41:15.068" intervalms="3413.838" />
<gc-start id="823" type="global" contextid="822" timestamp="2019-09-21T20:41:15.068">
  <mem-info id="824" free="116736" total="11730944" percent="0">
    <mem type="tenure" free="116736" total="11730944" percent="0">
      <mem type="soa" free="0" total="11614208" percent="0" />
      <mem type="loa" free="116736" total="116736" percent="100" />
    </mem>
  </mem-info>
</gc-start>
<allocation-stats totalBytes="4748240" >
  <allocated-bytes non-tlh="0" tlh="4748240" />
  <largest-consumer threadName="node-20" threadId="0000000001B8F600" bytes="208888" />
</allocation-stats>
<gc-op id="825" type="mark" timems="2.210" contextid="822" timestamp="2019-09-21T20:41:15.071">
  <trace-info objectcount="144188" scancount="134706" scanbytes="5287688" />
  <finalization candidates="13" enqueued="0" />
  <references type="soft" candidates="45" cleared="0" enqueued="0" dynamicThreshold="13" maxThreshold="32" />
  <references type="weak" candidates="143" cleared="0" enqueued="0" />
  <references type="phantom" candidates="57" cleared="0" enqueued="0" />
  <stringconstants candidates="3838" cleared="0"  />
</gc-op>
<gc-op id="826" type="sweep" timems="0.278" contextid="822" timestamp="2019-09-21T20:41:15.071" />
<mem-info id="827" free="4871224" total="11730944" percent="41">
  <mem type="tenure" free="4871224" total="11730944" percent="41" micro-fragmented="0" macro-fragmented="0">
    <mem type="soa" free="4754488" total="11614208" percent="40" />
    <mem type="loa" free="116736" total="116736" percent="100" />
  </mem>
</mem-info>
<gc-op id="828" type="compact" timems="7.557" contextid="822" timestamp="2019-09-21T20:41:15.079">
  <compact-info movecount="970" movebytes="25160" reason="compact to aid heap contraction" />
</gc-op>
<heap-resize id="829" type="expand" space="tenure" amount="65536" count="1" timems="0.017" reason="satisfy allocation request" timestamp="2019-09-21T20:41:15.079" />
<gc-end id="830" type="global" contextid="822" durationms="10.881" usertimems="20.000" systemtimems="0.000" timestamp="2019-09-21T20:41:15.079" activeThreads="8">
  <mem-info id="831" free="4921672" total="11796480" percent="41">
    <mem type="tenure" free="4921672" total="11796480" percent="41">
      <mem type="soa" free="4803912" total="11678720" percent="41" />
      <mem type="loa" free="117760" total="117760" percent="100" />
    </mem>
  </mem-info>
</gc-end>
<cycle-end id="832" type="global" contextid="822" timestamp="2019-09-21T20:41:15.079" />
  <attribute name="elasticGC enabled" value="1" />
  <attribute name= "numThreadsSpecified" value="8" />
  <attribute name="heapSize specified" value="11730944" />
  <attribute name="Current GC Util" value="15" />
  <attribute name= "Current Time Running" value="117292" />
  <attribute name ="GC Interval" value="0" />
  <attribute name="Target GC Util Change" value ="40.000000" />
  <attribute name="Current GC Util Change" value="15.000000"/>
  <attribute name="Current Error" value="-191.000000" />
  <attribute name="Output H" value="11768680"/>
  <attribute name="Output I" value="1896"/>
  <attribute name="Output T" value="8"/>
  <attribute name= "Current Time Running" value="117292" />
  <attribute name="GC Util currently" value="15" />
  <attribute name="CPU Util currently" value="299844591994" />
<allocation-satisfied id="833" threadId="0000000001B84300" bytesRequested="32" />
<af-end id="834" timestamp="2019-09-21T20:41:15.079" threadId="0000000001B84C88" success="true" />
<exclusive-end id="835" timestamp="2019-09-21T20:41:15.080" durationms="11.558" />

<exclusive-start id="836" timestamp="2019-09-21T20:41:18.337" intervalms="3269.324">
  <response-info timems="0.038" idlems="0.038" threads="0" lastid="0000000001BA2200" lastname="node-7" />
</exclusive-start>
<af-start id="837" threadId="0000000001BA2B88" totalBytesRequested="24" timestamp="2019-09-21T20:41:18.337" intervalms="3269.307" />
<cycle-start id="838" type="global" contextid="0" timestamp="2019-09-21T20:41:18.338" intervalms="3269.305" />
<gc-start id="839" type="global" contextid="838" timestamp="2019-09-21T20:41:18.338">
  <mem-info id="840" free="117760" total="11796480" percent="0">
    <mem type="tenure" free="117760" total="11796480" percent="0">
      <mem type="soa" free="0" total="11678720" percent="0" />
      <mem type="loa" free="117760" total="117760" percent="100" />
    </mem>
  </mem-info>
</gc-start>
<allocation-stats totalBytes="4824344" >
  <allocated-bytes non-tlh="0" tlh="4824344" />
  <largest-consumer threadName="node-9" threadId="0000000001BA9A00" bytes="232656" />
</allocation-stats>
<gc-op id="841" type="mark" timems="3.617" contextid="838" timestamp="2019-09-21T20:41:18.341">
  <trace-info objectcount="144126" scancount="134617" scanbytes="5286152" />
  <finalization candidates="13" enqueued="0" />
  <references type="soft" candidates="45" cleared="0" enqueued="0" dynamicThreshold="13" maxThreshold="32" />
  <references type="weak" candidates="143" cleared="0" enqueued="0" />
  <references type="phantom" candidates="57" cleared="0" enqueued="0" />
  <stringconstants candidates="3838" cleared="0"  />
</gc-op>
<gc-op id="842" type="sweep" timems="1.980" contextid="838" timestamp="2019-09-21T20:41:18.343" />
<mem-info id="843" free="4944680" total="11796480" percent="41">
  <mem type="tenure" free="4944680" total="11796480" percent="41" micro-fragmented="0" macro-fragmented="0">
    <mem type="soa" free="4826920" total="11678720" percent="41" />
    <mem type="loa" free="117760" total="117760" percent="100" />
  </mem>
</mem-info>
<gc-op id="844" type="compact" timems="10.978" contextid="838" timestamp="2019-09-21T20:41:18.355">
  <compact-info movecount="908" movebytes="24992" reason="compact to aid heap contraction" />
</gc-op>
<heap-resize id="845" type="expand" space="tenure" amount="65536" count="1" timems="0.019" reason="satisfy allocation request" timestamp="2019-09-21T20:41:18.356" />
<gc-end id="846" type="global" contextid="838" durationms="18.080" usertimems="28.000" systemtimems="4.000" timestamp="2019-09-21T20:41:18.356" activeThreads="8">
  <mem-info id="847" free="4987376" total="11862016" percent="42">
    <mem type="tenure" free="4987376" total="11862016" percent="42">
      <mem type="soa" free="4869616" total="11744256" percent="41" />
      <mem type="loa" free="117760" total="117760" percent="100" />
    </mem>
  </mem-info>
</gc-end>
<cycle-end id="848" type="global" contextid="838" timestamp="2019-09-21T20:41:18.356" />
  <attribute name="elasticGC enabled" value="1" />
  <attribute name= "numThreadsSpecified" value="8" />
  <attribute name="heapSize specified" value="11796480" />
  <attribute name="Current GC Util" value="65" />
  <attribute name= "Current Time Running" value="120568" />
  <attribute name ="GC Interval" value="0" />
  <attribute name="Target GC Util Change" value ="40.000000" />
  <attribute name="Current GC Util Change" value="65.000000"/>
  <attribute name="Current Error" value="-388.000000" />
  <attribute name="Output H" value="11834096"/>
  <attribute name="Output I" value="1776"/>
  <attribute name="Output T" value="8"/>
  <attribute name= "Current Time Running" value="120568" />
  <attribute name="GC Util currently" value="65" />
  <attribute name="CPU Util currently" value="207163790517" />
<allocation-satisfied id="849" threadId="0000000001BA2200" bytesRequested="24" />
<af-end id="850" timestamp="2019-09-21T20:41:18.356" threadId="0000000001BA2B88" success="true" />
<exclusive-end id="851" timestamp="2019-09-21T20:41:18.356" durationms="18.806" />

<exclusive-start id="852" timestamp="2019-09-21T20:41:21.936" intervalms="3598.772">
  <response-info timems="0.042" idlems="0.042" threads="0" lastid="0000000001BA5E00" lastname="node-21" />
</exclusive-start>
<af-start id="853" threadId="0000000001BA6788" totalBytesRequested="16" timestamp="2019-09-21T20:41:21.936" intervalms="3598.776" />
<cycle-start id="854" type="global" contextid="0" timestamp="2019-09-21T20:41:21.936" intervalms="3598.776" />
<gc-start id="855" type="global" contextid="854" timestamp="2019-09-21T20:41:21.936">
  <mem-info id="856" free="117760" total="11862016" percent="0">
    <mem type="tenure" free="117760" total="11862016" percent="0">
      <mem type="soa" free="0" total="11744256" percent="0" />
      <mem type="loa" free="117760" total="117760" percent="100" />
    </mem>
  </mem-info>
</gc-start>
<allocation-stats totalBytes="4887752" >
  <allocated-bytes non-tlh="0" tlh="4887752" />
  <largest-consumer threadName="node-7" threadId="0000000001BA2200" bytes="257224" />
</allocation-stats>
<gc-op id="857" type="mark" timems="3.172" contextid="854" timestamp="2019-09-21T20:41:21.940">
  <trace-info objectcount="144070" scancount="134554" scanbytes="5284808" />
  <finalization candidates="13" enqueued="0" />
  <references type="soft" candidates="45" cleared="0" enqueued="0" dynamicThreshold="13" maxThreshold="32" />
  <references type="weak" candidates="143" cleared="0" enqueued="0" />
  <references type="phantom" candidates="57" cleared="0" enqueued="0" />
  <stringconstants candidates="3838" cleared="0"  />
</gc-op>
<gc-op id="858" type="sweep" timems="0.306" contextid="854" timestamp="2019-09-21T20:41:21.940" />
<mem-info id="859" free="5001016" total="11862016" percent="42">
  <mem type="tenure" free="5001016" total="11862016" percent="42" micro-fragmented="0" macro-fragmented="0">
    <mem type="soa" free="4883256" total="11744256" percent="41" />
    <mem type="loa" free="117760" total="117760" percent="100" />
  </mem>
</mem-info>
<gc-op id="860" type="compact" timems="7.534" contextid="854" timestamp="2019-09-21T20:41:21.948">
  <compact-info movecount="852" movebytes="22784" reason="compact to aid heap contraction" />
</gc-op>
<heap-resize id="861" type="expand" space="tenure" amount="65536" count="1" timems="0.017" reason="satisfy allocation request" timestamp="2019-09-21T20:41:21.948" />
<gc-end id="862" type="global" contextid="854" durationms="11.972" usertimems="20.000" systemtimems="0.000" timestamp="2019-09-21T20:41:21.948" activeThreads="8">
  <mem-info id="863" free="5055120" total="11927552" percent="42">
    <mem type="tenure" free="5055120" total="11927552" percent="42">
      <mem type="soa" free="4936336" total="11808768" percent="41" />
      <mem type="loa" free="118784" total="118784" percent="100" />
    </mem>
  </mem-info>
</gc-end>
<cycle-end id="864" type="global" contextid="854" timestamp="2019-09-21T20:41:21.948" />
  <attribute name="elasticGC enabled" value="1" />
  <attribute name= "numThreadsSpecified" value="8" />
  <attribute name="heapSize specified" value="11862016" />
  <attribute name="Current GC Util" value="93" />
  <attribute name= "Current Time Running" value="124161" />
  <attribute name ="GC Interval" value="0" />
  <attribute name="Target GC Util Change" value ="40.000000" />
  <attribute name="Current GC Util Change" value="93.000000"/>
  <attribute name="Current Error" value="-53.000000" />
  <attribute name="Output H" value="11899832"/>
  <attribute name="Output I" value="1976"/>
  <attribute name="Output T" value="8"/>
  <attribute name= "Current Time Running" value="124161" />
  <attribute name="GC Util currently" value="93" />
  <attribute name="CPU Util currently" value="298871662166" />
<allocation-satisfied id="865" threadId="0000000001BA5E00" bytesRequested="16" />
<af-end id="866" timestamp="2019-09-21T20:41:21.949" threadId="0000000001BA6788" success="true" />
<exclusive-end id="867" timestamp="2019-09-21T20:41:21.949" durationms="12.718" />

<exclusive-start id="868" timestamp="2019-09-21T20:41:25.839" intervalms="3903.169">
  <response-info timems="0.038" idlems="0.038" threads="0" lastid="0000000001B75300" lastname="node-16" />
</exclusive-start>
<af-start id="869" threadId="0000000001B75C88" totalBytesRequested="32" timestamp="2019-09-21T20:41:25.839" intervalms="3903.171" />
<cycle-start id="870" type="global" contextid="0" timestamp="2019-09-21T20:41:25.839" intervalms="3903.171" />
<gc-start id="871" type="global" contextid="870" timestamp="2019-09-21T20:41:25.840">
  <mem-info id="872" free="118784" total="11927552" percent="0">
    <mem type="tenure" free="118784" total="11927552" percent="0">
      <mem type="soa" free="0" total="11808768" percent="0" />
      <mem type="loa" free="118784" total="118784" percent="100" />
    </mem>
  </mem-info>
</gc-start>
<allocation-stats totalBytes="4952184" >
  <allocated-bytes non-tlh="0" tlh="4952184" />
  <largest-consumer threadName="node-14" threadId="0000000001BC3D00" bytes="257584" />
</allocation-stats>
<gc-op id="873" type="mark" timems="6.790" contextid="870" timestamp="2019-09-21T20:41:25.846">
  <trace-info objectcount="144014" scancount="134519" scanbytes="5283968" />
  <finalization candidates="13" enqueued="0" />
  <references type="soft" candidates="45" cleared="0" enqueued="0" dynamicThreshold="13" maxThreshold="32" />
  <references type="weak" candidates="143" cleared="0" enqueued="0" />
  <references type="phantom" candidates="57" cleared="0" enqueued="0" />
  <stringconstants candidates="3838" cleared="0"  />
</gc-op>
<gc-op id="874" type="sweep" timems="0.364" contextid="870" timestamp="2019-09-21T20:41:25.847" />
<mem-info id="875" free="5082192" total="11927552" percent="42">
  <mem type="tenure" free="5082192" total="11927552" percent="42" micro-fragmented="0" macro-fragmented="0">
    <mem type="soa" free="4963408" total="11808768" percent="42" />
    <mem type="loa" free="118784" total="118784" percent="100" />
  </mem>
</mem-info>
<gc-op id="876" type="compact" timems="7.305" contextid="870" timestamp="2019-09-21T20:41:25.854">
  <compact-info movecount="796" movebytes="19952" reason="compact to aid heap contraction" />
</gc-op>
<heap-resize id="877" type="expand" space="tenure" amount="65536" count="1" timems="0.016" reason="satisfy allocation request" timestamp="2019-09-21T20:41:25.855" />
<gc-end id="878" type="global" contextid="870" durationms="15.333" usertimems="16.000" systemtimems="0.000" timestamp="2019-09-21T20:41:25.855" activeThreads="8">
  <mem-info id="879" free="5123488" total="11993088" percent="42">
    <mem type="tenure" free="5123488" total="11993088" percent="42">
      <mem type="soa" free="5003680" total="11873280" percent="42" />
      <mem type="loa" free="119808" total="119808" percent="100" />
    </mem>
  </mem-info>
</gc-end>
<cycle-end id="880" type="global" contextid="870" timestamp="2019-09-21T20:41:25.855" />
  <attribute name="elasticGC enabled" value="1" />
  <attribute name= "numThreadsSpecified" value="8" />
  <attribute name="heapSize specified" value="11927552" />
  <attribute name="Current GC Util" value="16" />
  <attribute name= "Current Time Running" value="128068" />
  <attribute name ="GC Interval" value="0" />
  <attribute name="Target GC Util Change" value ="40.000000" />
  <attribute name="Current GC Util Change" value="16.000000"/>
  <attribute name="Current Error" value="53.000000" />
  <attribute name="Output H" value="11965424"/>
  <attribute name="Output I" value="2032"/>
  <attribute name="Output T" value="8"/>
  <attribute name= "Current Time Running" value="128068" />
  <attribute name="GC Util currently" value="16" />
  <attribute name="CPU Util currently" value="309356939426" />
<allocation-satisfied id="881" threadId="0000000001B75300" bytesRequested="32" />
<af-end id="882" timestamp="2019-09-21T20:41:25.855" threadId="0000000001B75C88" success="true" />
<exclusive-end id="883" timestamp="2019-09-21T20:41:25.855" durationms="16.082" />

<exclusive-start id="884" timestamp="2019-09-21T20:41:29.526" intervalms="3686.883">
  <response-info timems="0.041" idlems="0.041" threads="0" lastid="0000000001BCB500" lastname="node-25" />
</exclusive-start>
<af-start id="885" threadId="0000000001BCBE88" totalBytesRequested="24" timestamp="2019-09-21T20:41:29.526" intervalms="3686.886" />
<cycle-start id="886" type="global" contextid="0" timestamp="2019-09-21T20:41:29.526" intervalms="3686.887" />
<gc-start id="887" type="global" contextid="886" timestamp="2019-09-21T20:41:29.526">
  <mem-info id="888" free="119808" total="11993088" percent="0">
    <mem type="tenure" free="119808" total="11993088" percent="0">
      <mem type="soa" free="0" total="11873280" percent="0" />
      <mem type="loa" free="119808" total="119808" percent="100" />
    </mem>
  </mem-info>
</gc-start>
<allocation-stats totalBytes="5025304" >
  <allocated-bytes non-tlh="0" tlh="5025304" />
  <largest-consumer threadName="node-16" threadId="0000000001B75300" bytes="257992" />
</allocation-stats>
<gc-op id="889" type="mark" timems="3.931" contextid="886" timestamp="2019-09-21T20:41:29.530">
  <trace-info objectcount="143984" scancount="134467" scanbytes="5282768" />
  <finalization candidates="13" enqueued="0" />
  <references type="soft" candidates="45" cleared="0" enqueued="0" dynamicThreshold="13" maxThreshold="32" />
  <references type="weak" candidates="143" cleared="0" enqueued="0" />
  <references type="phantom" candidates="57" cleared="0" enqueued="0" />
  <stringconstants candidates="3838" cleared="0"  />
</gc-op>
<gc-op id="890" type="sweep" timems="1.468" contextid="886" timestamp="2019-09-21T20:41:29.532" />
<mem-info id="891" free="5139176" total="11993088" percent="42">
  <mem type="tenure" free="5139176" total="11993088" percent="42" micro-fragmented="0" macro-fragmented="0">
    <mem type="soa" free="5019368" total="11873280" percent="42" />
    <mem type="loa" free="119808" total="119808" percent="100" />
  </mem>
</mem-info>
<gc-op id="892" type="compact" timems="10.369" contextid="886" timestamp="2019-09-21T20:41:29.543">
  <compact-info movecount="766" movebytes="20376" reason="compact to aid heap contraction" />
</gc-op>
<heap-resize id="893" type="expand" space="tenure" amount="65536" count="1" timems="0.015" reason="satisfy allocation request" timestamp="2019-09-21T20:41:29.543" />
<gc-end id="894" type="global" contextid="886" durationms="17.280" usertimems="12.000" systemtimems="16.000" timestamp="2019-09-21T20:41:29.544" activeThreads="8">
  <mem-info id="895" free="5188600" total="12058624" percent="43">
    <mem type="tenure" free="5188600" total="12058624" percent="43">
      <mem type="soa" free="5068792" total="11938816" percent="42" />
      <mem type="loa" free="119808" total="119808" percent="100" />
    </mem>
  </mem-info>
</gc-end>
<cycle-end id="896" type="global" contextid="886" timestamp="2019-09-21T20:41:29.544" />
  <attribute name="elasticGC enabled" value="1" />
  <attribute name= "numThreadsSpecified" value="8" />
  <attribute name="heapSize specified" value="11993088" />
  <attribute name="Current GC Util" value="66" />
  <attribute name= "Current Time Running" value="131756" />
  <attribute name ="GC Interval" value="0" />
  <attribute name="Target GC Util Change" value ="40.000000" />
  <attribute name="Current GC Util Change" value="66.000000"/>
  <attribute name="Current Error" value="-327.000000" />
  <attribute name="Output H" value="12030744"/>
  <attribute name="Output I" value="1816"/>
  <attribute name="Output T" value="8"/>
  <attribute name= "Current Time Running" value="131756" />
  <attribute name="GC Util currently" value="66" />
  <attribute name="CPU Util currently" value="218442790142" />
<allocation-satisfied id="897" threadId="0000000001BCB500" bytesRequested="24" />
<af-end id="898" timestamp="2019-09-21T20:41:29.544" threadId="0000000001BCBE88" success="true" />
<exclusive-end id="899" timestamp="2019-09-21T20:41:29.544" durationms="18.121" />

<exclusive-start id="900" timestamp="2019-09-21T20:41:33.387" intervalms="3860.619">
  <response-info timems="0.045" idlems="0.045" threads="0" lastid="0000000001B96E00" lastname="node-23" />
</exclusive-start>
<af-start id="901" threadId="0000000001B97788" totalBytesRequested="16" timestamp="2019-09-21T20:41:33.387" intervalms="3860.624" />
<cycle-start id="902" type="global" contextid="0" timestamp="2019-09-21T20:41:33.387" intervalms="3860.634" />
<gc-start id="903" type="global" contextid="902" timestamp="2019-09-21T20:41:33.387">
  <mem-info id="904" free="119808" total="12058624" percent="0">
    <mem type="tenure" free="119808" total="12058624" percent="0">
      <mem type="soa" free="0" total="11938816" percent="0" />
      <mem type="loa" free="119808" total="119808" percent="100" />
    </mem>
  </mem-info>
</gc-start>
<allocation-stats totalBytes="5089480" >
  <allocated-bytes non-tlh="0" tlh="5089480" />
  <largest-consumer threadName="node-10" threadId="0000000001BB4D00" bytes="257984" />
</allocation-stats>
<gc-op id="905" type="mark" timems="2.495" contextid="902" timestamp="2019-09-21T20:41:33.390">
  <trace-info objectcount="143954" scancount="134442" scanbytes="5281896" />
  <finalization candidates="13" enqueued="0" />
  <references type="soft" candidates="45" cleared="0" enqueued="0" dynamicThreshold="13" maxThreshold="32" />
  <references type="weak" candidates="143" cleared="0" enqueued="0" />
  <references type="phantom" candidates="57" cleared="0" enqueued="0" />
  <stringconstants candidates="3838" cleared="0"  />
</gc-op>
<gc-op id="906" type="sweep" timems="0.272" contextid="902" timestamp="2019-09-21T20:41:33.390" />
<mem-info id="907" free="5196032" total="12058624" percent="43">
  <mem type="tenure" free="5196032" total="12058624" percent="43" micro-fragmented="0" macro-fragmented="0">
    <mem type="soa" free="5076224" total="11938816" percent="42" />
    <mem type="loa" free="119808" total="119808" percent="100" />
  </mem>
</mem-info>
<gc-op id="908" type="compact" timems="7.320" contextid="902" timestamp="2019-09-21T20:41:33.398">
  <compact-info movecount="736" movebytes="24176" reason="compact to aid heap contraction" />
</gc-op>
<heap-resize id="909" type="expand" space="tenure" amount="65536" count="1" timems="0.029" reason="satisfy allocation request" timestamp="2019-09-21T20:41:33.398" />
<gc-end id="910" type="global" contextid="902" durationms="11.152" usertimems="16.000" systemtimems="4.000" timestamp="2019-09-21T20:41:33.398" activeThreads="8">
  <mem-info id="911" free="5250336" total="12124160" percent="43">
    <mem type="tenure" free="5250336" total="12124160" percent="43">
      <mem type="soa" free="5129504" total="12003328" percent="42" />
      <mem type="loa" free="120832" total="120832" percent="100" />
    </mem>
  </mem-info>
</gc-end>
<cycle-end id="912" type="global" contextid="902" timestamp="2019-09-21T20:41:33.398" />
  <attribute name="elasticGC enabled" value="1" />
  <attribute name= "numThreadsSpecified" value="8" />
  <attribute name="heapSize specified" value="12058624" />
  <attribute name="Current GC Util" value="13" />
  <attribute name= "Current Time Running" value="135611" />
  <attribute name ="GC Interval" value="0" />
  <attribute name="Target GC Util Change" value ="40.000000" />
  <attribute name="Current GC Util Change" value="13.000000"/>
  <attribute name="Current Error" value="27.000000" />
  <attribute name="Output H" value="12096480"/>
  <attribute name="Output I" value="2016"/>
  <attribute name="Output T" value="8"/>
  <attribute name= "Current Time Running" value="135611" />
  <attribute name="GC Util currently" value="13" />
  <attribute name="CPU Util currently" value="308611295295" />
<allocation-satisfied id="913" threadId="0000000001B96E00" bytesRequested="16" />
<af-end id="914" timestamp="2019-09-21T20:41:33.399" threadId="0000000001B97788" success="true" />
<exclusive-end id="915" timestamp="2019-09-21T20:41:33.399" durationms="11.968" />

<exclusive-start id="916" timestamp="2019-09-21T20:41:37.549" intervalms="4162.157">
  <response-info timems="0.039" idlems="0.039" threads="0" lastid="0000000001B93200" lastname="node-19" />
</exclusive-start>
<af-start id="917" threadId="0000000001B93B88" totalBytesRequested="32" timestamp="2019-09-21T20:41:37.549" intervalms="4162.153" />
<cycle-start id="918" type="global" contextid="0" timestamp="2019-09-21T20:41:37.549" intervalms="4162.145" />
<gc-start id="919" type="global" contextid="918" timestamp="2019-09-21T20:41:37.549">
  <mem-info id="920" free="120832" total="12124160" percent="0">
    <mem type="tenure" free="120832" total="12124160" percent="0">
      <mem type="soa" free="0" total="12003328" percent="0" />
      <mem type="loa" free="120832" total="120832" percent="100" />
    </mem>
  </mem-info>
</gc-start>
<allocation-stats totalBytes="5146728" >
  <allocated-bytes non-tlh="0" tlh="5146728" />
  <largest-consumer threadName="node-12" threadId="0000000001B6DB00" bytes="257760" />
</allocation-stats>
<gc-op id="921" type="mark" timems="2.900" contextid="918" timestamp="2019-09-21T20:41:37.552">
  <trace-info objectcount="143875" scancount="134389" scanbytes="5280592" />
  <finalization candidates="13" enqueued="0" />
  <references type="soft" candidates="45" cleared="0" enqueued="0" dynamicThreshold="13" maxThreshold="32" />
  <references type="weak" candidates="143" cleared="0" enqueued="0" />
  <references type="phantom" candidates="57" cleared="0" enqueued="0" />
  <stringconstants candidates="3838" cleared="0"  />
</gc-op>
<gc-op id="922" type="sweep" timems="0.623" contextid="918" timestamp="2019-09-21T20:41:37.553" />
<mem-info id="923" free="5278000" total="12124160" percent="43">
  <mem type="tenure" free="5278000" total="12124160" percent="43" micro-fragmented="0" macro-fragmented="0">
    <mem type="soa" free="5157168" total="12003328" percent="42" />
    <mem type="loa" free="120832" total="120832" percent="100" />
  </mem>
</mem-info>
<gc-op id="924" type="compact" timems="7.873" contextid="918" timestamp="2019-09-21T20:41:37.561">
  <compact-info movecount="657" movebytes="16104" reason="compact to aid heap contraction" />
</gc-op>
<heap-resize id="925" type="expand" space="tenure" amount="65536" count="1" timems="0.027" reason="satisfy allocation request" timestamp="2019-09-21T20:41:37.561" />
<gc-end id="926" type="global" contextid="918" durationms="12.356" usertimems="24.000" systemtimems="0.000" timestamp="2019-09-21T20:41:37.562" activeThreads="8">
  <mem-info id="927" free="5323944" total="12189696" percent="43">
    <mem type="tenure" free="5323944" total="12189696" percent="43">
      <mem type="soa" free="5202088" total="12067840" percent="43" />
      <mem type="loa" free="121856" total="121856" percent="100" />
    </mem>
  </mem-info>
</gc-end>
<cycle-end id="928" type="global" contextid="918" timestamp="2019-09-21T20:41:37.562" />
  <attribute name="elasticGC enabled" value="1" />
  <attribute name= "numThreadsSpecified" value="8" />
  <attribute name="heapSize specified" value="12124160" />
  <attribute name="Current GC Util" value="29" />
  <attribute name= "Current Time Running" value="139774" />
  <attribute name ="GC Interval" value="0" />
  <attribute name="Target GC Util Change" value ="40.000000" />
  <attribute name="Current GC Util Change" value="29.000000"/>
  <attribute name="Current Error" value="-197.000000" />
  <attribute name="Output H" value="12161888"/>
  <attribute name="Output I" value="1888"/>
  <attribute name="Output T" value="8"/>
  <attribute name= "Current Time Running" value="139774" />
  <attribute name="GC Util currently" value="29" />
  <attribute name="CPU Util currently" value="285578704200" />
<allocation-satisfied id="929" threadId="0000000001B93200" bytesRequested="32" />
<af-end id="930" timestamp="2019-09-21T20:41:37.562" threadId="0000000001B93B88" success="true" />
<exclusive-end id="931" timestamp="2019-09-21T20:41:37.562" durationms="13.021" />

<exclusive-start id="932" timestamp="2019-09-21T20:41:41.226" intervalms="3677.408">
  <response-info timems="0.051" idlems="0.051" threads="0" lastid="0000000001B96E00" lastname="node-23" />
</exclusive-start>
<af-start id="933" threadId="0000000001B97788" totalBytesRequested="16" timestamp="2019-09-21T20:41:41.226" intervalms="3677.411" />
<cycle-start id="934" type="global" contextid="0" timestamp="2019-09-21T20:41:41.227" intervalms="3677.414" />
<gc-start id="935" type="global" contextid="934" timestamp="2019-09-21T20:41:41.227">
  <mem-info id="936" free="121856" total="12189696" percent="0">
    <mem type="tenure" free="121856" total="12189696" percent="0">
      <mem type="soa" free="0" total="12067840" percent="0" />
      <mem type="loa" free="121856" total="121856" percent="100" />
    </mem>
  </mem-info>
</gc-start>
<allocation-stats totalBytes="5218560" >
  <allocated-bytes non-tlh="0" tlh="5218560" />
  <largest-consumer threadName="node-25" threadId="0000000001BCB500" bytes="257616" />
</allocation-stats>
<gc-op id="937" type="mark" timems="2.675" contextid="934" timestamp="2019-09-21T20:41:41.229">
  <trace-info objectcount="143849" scancount="134371" scanbytes="5279664" />
  <finalization candidates="13" enqueued="0" />
  <references type="soft" candidates="45" cleared="0" enqueued="0" dynamicThreshold="13" maxThreshold="32" />
  <references type="weak" candidates="143" cleared="0" enqueued="0" />
  <references type="phantom" candidates="57" cleared="0" enqueued="0" />
  <stringconstants candidates="3838" cleared="0"  />
</gc-op>
<gc-op id="938" type="sweep" timems="0.328" contextid="934" timestamp="2019-09-21T20:41:41.230" />
<mem-info id="939" free="5340768" total="12189696" percent="43">
  <mem type="tenure" free="5340768" total="12189696" percent="43" micro-fragmented="0" macro-fragmented="0">
    <mem type="soa" free="5218912" total="12067840" percent="43" />
    <mem type="loa" free="121856" total="121856" percent="100" />
  </mem>
</mem-info>
<gc-op id="940" type="compact" timems="7.459" contextid="934" timestamp="2019-09-21T20:41:41.238">
  <compact-info movecount="631" movebytes="19264" reason="compact to aid heap contraction" />
</gc-op>
<heap-resize id="941" type="expand" space="tenure" amount="65536" count="1" timems="0.016" reason="satisfy allocation request" timestamp="2019-09-21T20:41:41.238" />
<gc-end id="942" type="global" contextid="934" durationms="11.372" usertimems="20.000" systemtimems="0.000" timestamp="2019-09-21T20:41:41.238" activeThreads="8">
  <mem-info id="943" free="5386320" total="12255232" percent="43">
    <mem type="tenure" free="5386320" total="12255232" percent="43">
      <mem type="soa" free="5264464" total="12133376" percent="43" />
      <mem type="loa" free="121856" total="121856" percent="100" />
    </mem>
  </mem-info>
</gc-end>
<cycle-end id="944" type="global" contextid="934" timestamp="2019-09-21T20:41:41.238" />
  <attribute name="elasticGC enabled" value="1" />
  <attribute name= "numThreadsSpecified" value="8" />
  <attribute name="heapSize specified" value="12189696" />
  <attribute name="Current GC Util" value="16" />
  <attribute name= "Current Time Running" value="143451" />
  <attribute name ="GC Interval" value="0" />
  <attribute name="Target GC Util Change" value ="40.000000" />
  <attribute name="Current GC Util Change" value="16.000000"/>
  <attribute name="Current Error" value="-220.000000" />
  <attribute name="Output H" value="12227416"/>
  <attribute name="Output I" value="1880"/>
  <attribute name="Output T" value="8"/>
  <attribute name= "Current Time Running" value="143451" />
  <attribute name="GC Util currently" value="16" />
  <attribute name="CPU Util currently" value="303766792217" />
<allocation-satisfied id="945" threadId="0000000001B96E00" bytesRequested="16" />
<af-end id="946" timestamp="2019-09-21T20:41:41.238" threadId="0000000001B97788" success="true" />
<exclusive-end id="947" timestamp="2019-09-21T20:41:41.238" durationms="12.089" />

<exclusive-start id="948" timestamp="2019-09-21T20:41:44.395" intervalms="3168.300">
  <response-info timems="0.035" idlems="0.035" threads="0" lastid="0000000001B80700" lastname="node-0" />
</exclusive-start>
<af-start id="949" threadId="0000000001B81088" totalBytesRequested="24" timestamp="2019-09-21T20:41:44.395" intervalms="3168.343" />
<cycle-start id="950" type="global" contextid="0" timestamp="2019-09-21T20:41:44.395" intervalms="3168.395" />
<gc-start id="951" type="global" contextid="950" timestamp="2019-09-21T20:41:44.395">
  <mem-info id="952" free="121856" total="12255232" percent="0">
    <mem type="tenure" free="121856" total="12255232" percent="0">
      <mem type="soa" free="0" total="12133376" percent="0" />
      <mem type="loa" free="121856" total="121856" percent="100" />
    </mem>
  </mem-info>
</gc-start>
<allocation-stats totalBytes="5285136" >
  <allocated-bytes non-tlh="0" tlh="5285136" />
  <largest-consumer threadName="node-23" threadId="0000000001B96E00" bytes="258000" />
</allocation-stats>
<gc-op id="953" type="mark" timems="2.095" contextid="950" timestamp="2019-09-21T20:41:44.397">
  <trace-info objectcount="143855" scancount="134325" scanbytes="5279136" />
  <finalization candidates="13" enqueued="0" />
  <references type="soft" candidates="45" cleared="0" enqueued="0" dynamicThreshold="14" maxThreshold="32" />
  <references type="weak" candidates="143" cleared="0" enqueued="0" />
  <references type="phantom" candidates="57" cleared="0" enqueued="0" />
  <stringconstants candidates="3838" cleared="0"  />
</gc-op>
<gc-op id="954" type="sweep" timems="0.311" contextid="950" timestamp="2019-09-21T20:41:44.398" />
<mem-info id="955" free="5385120" total="12255232" percent="43">
  <mem type="tenure" free="5385120" total="12255232" percent="43" micro-fragmented="0" macro-fragmented="0">
    <mem type="soa" free="5263264" total="12133376" percent="43" />
    <mem type="loa" free="121856" total="121856" percent="100" />
  </mem>
</mem-info>
<gc-op id="956" type="compact" timems="7.292" contextid="950" timestamp="2019-09-21T20:41:44.405">
  <compact-info movecount="637" movebytes="34232" reason="compact to aid heap contraction" />
</gc-op>
<heap-resize id="957" type="expand" space="tenure" amount="65536" count="1" timems="0.030" reason="satisfy allocation request" timestamp="2019-09-21T20:41:44.406" />
<gc-end id="958" type="global" contextid="950" durationms="10.761" usertimems="8.000" systemtimems="8.000" timestamp="2019-09-21T20:41:44.406" activeThreads="8">
  <mem-info id="959" free="5436888" total="12320768" percent="44">
    <mem type="tenure" free="5436888" total="12320768" percent="44">
      <mem type="soa" free="5314008" total="12197888" percent="43" />
      <mem type="loa" free="122880" total="122880" percent="100" />
    </mem>
  </mem-info>
</gc-end>
<cycle-end id="960" type="global" contextid="950" timestamp="2019-09-21T20:41:44.406" />
  <attribute name="elasticGC enabled" value="1" />
  <attribute name= "numThreadsSpecified" value="8" />
  <attribute name="heapSize specified" value="12255232" />
  <attribute name="Current GC Util" value="16" />
  <attribute name= "Current Time Running" value="146618" />
  <attribute name ="GC Interval" value="0" />
  <attribute name="Target GC Util Change" value ="40.000000" />
  <attribute name="Current GC Util Change" value="16.000000"/>
  <attribute name="Current Error" value="24.000000" />
  <attribute name="Output H" value="12293088"/>
  <attribute name="Output I" value="2016"/>
  <attribute name="Output T" value="8"/>
  <attribute name= "Current Time Running" value="146618" />
  <attribute name="GC Util currently" value="16" />
  <attribute name="CPU Util currently" value="307247946314" />
<allocation-satisfied id="961" threadId="0000000001B80700" bytesRequested="24" />
<af-end id="962" timestamp="2019-09-21T20:41:44.406" threadId="0000000001B81088" success="true" />
<exclusive-end id="963" timestamp="2019-09-21T20:41:44.407" durationms="11.853" />

<exclusive-start id="964" timestamp="2019-09-21T20:41:47.603" intervalms="3208.222">
  <response-info timems="0.209" idlems="0.187" threads="1" lastid="0000000001B9AA00" lastname="node-24" />
</exclusive-start>
<af-start id="965" threadId="0000000001BC8288" totalBytesRequested="24" timestamp="2019-09-21T20:41:47.603" intervalms="3208.165" />
<cycle-start id="966" type="global" contextid="0" timestamp="2019-09-21T20:41:47.603" intervalms="3208.108" />
<gc-start id="967" type="global" contextid="966" timestamp="2019-09-21T20:41:47.603">
  <mem-info id="968" free="122880" total="12320768" percent="0">
    <mem type="tenure" free="122880" total="12320768" percent="0">
      <mem type="soa" free="0" total="12197888" percent="0" />
      <mem type="loa" free="122880" total="122880" percent="100" />
    </mem>
  </mem-info>
</gc-start>
<allocation-stats totalBytes="5331152" >
  <allocated-bytes non-tlh="0" tlh="5331152" />
  <largest-consumer threadName="node-2" threadId="0000000001B8BA00" bytes="258016" />
</allocation-stats>
<gc-op id="969" type="mark" timems="2.193" contextid="966" timestamp="2019-09-21T20:41:47.605">
  <trace-info objectcount="143780" scancount="134271" scanbytes="5277792" />
  <finalization candidates="13" enqueued="0" />
  <references type="soft" candidates="45" cleared="0" enqueued="0" dynamicThreshold="14" maxThreshold="32" />
  <references type="weak" candidates="143" cleared="0" enqueued="0" />
  <references type="phantom" candidates="57" cleared="0" enqueued="0" />
  <stringconstants candidates="3838" cleared="0"  />
</gc-op>
<gc-op id="970" type="sweep" timems="0.300" contextid="966" timestamp="2019-09-21T20:41:47.606" />
<mem-info id="971" free="5475816" total="12320768" percent="44">
  <mem type="tenure" free="5475816" total="12320768" percent="44" micro-fragmented="0" macro-fragmented="0">
    <mem type="soa" free="5352936" total="12197888" percent="43" />
    <mem type="loa" free="122880" total="122880" percent="100" />
  </mem>
</mem-info>
<gc-op id="972" type="compact" timems="7.431" contextid="966" timestamp="2019-09-21T20:41:47.613">
  <compact-info movecount="562" movebytes="16632" reason="compact to aid heap contraction" />
</gc-op>
<heap-resize id="973" type="expand" space="tenure" amount="65536" count="1" timems="0.030" reason="satisfy allocation request" timestamp="2019-09-21T20:41:47.614" />
<gc-end id="974" type="global" contextid="966" durationms="10.898" usertimems="12.000" systemtimems="8.000" timestamp="2019-09-21T20:41:47.614" activeThreads="8">
  <mem-info id="975" free="5520024" total="12386304" percent="44">
    <mem type="tenure" free="5520024" total="12386304" percent="44">
      <mem type="soa" free="5397144" total="12263424" percent="44" />
      <mem type="loa" free="122880" total="122880" percent="100" />
    </mem>
  </mem-info>
</gc-end>
<cycle-end id="976" type="global" contextid="966" timestamp="2019-09-21T20:41:47.614" />
  <attribute name="elasticGC enabled" value="1" />
  <attribute name= "numThreadsSpecified" value="8" />
  <attribute name="heapSize specified" value="12320768" />
  <attribute name="Current GC Util" value="16" />
  <attribute name= "Current Time Running" value="149827" />
  <attribute name ="GC Interval" value="0" />
  <attribute name="Target GC Util Change" value ="40.000000" />
  <attribute name="Current GC Util Change" value="16.000000"/>
  <attribute name="Current Error" value="-196.000000" />
  <attribute name="Output H" value="12358496"/>
  <attribute name="Output I" value="1888"/>
  <attribute name="Output T" value="8"/>
  <attribute name= "Current Time Running" value="149827" />
  <attribute name="GC Util currently" value="16" />
  <attribute name="CPU Util currently" value="303395523152" />
<allocation-satisfied id="977" threadId="0000000001BC7900" bytesRequested="24" />
<af-end id="978" timestamp="2019-09-21T20:41:47.614" threadId="0000000001BC8288" success="true" />
<exclusive-end id="979" timestamp="2019-09-21T20:41:47.615" durationms="11.672" />

<exclusive-start id="980" timestamp="2019-09-21T20:41:50.711" intervalms="3108.087">
  <response-info timems="0.053" idlems="0.053" threads="0" lastid="0000000001B87E00" lastname="node-8" />
</exclusive-start>
<af-start id="981" threadId="0000000001B88788" totalBytesRequested="16" timestamp="2019-09-21T20:41:50.711" intervalms="3108.100" />
<cycle-start id="982" type="global" contextid="0" timestamp="2019-09-21T20:41:50.711" intervalms="3108.100" />
<gc-start id="983" type="global" contextid="982" timestamp="2019-09-21T20:41:50.711">
  <mem-info id="984" free="122880" total="12386304" percent="0">
    <mem type="tenure" free="122880" total="12386304" percent="0">
      <mem type="soa" free="0" total="12263424" percent="0" />
      <mem type="loa" free="122880" total="122880" percent="100" />
    </mem>
  </mem-info>
</gc-start>
<allocation-stats totalBytes="5414160" >
  <allocated-bytes non-tlh="0" tlh="5414160" />
  <largest-consumer threadName="node-7" threadId="0000000001BA2200" bytes="260160" />
</allocation-stats>
<gc-op id="985" type="mark" timems="2.225" contextid="982" timestamp="2019-09-21T20:41:50.714">
  <trace-info objectcount="143780" scancount="134261" scanbytes="5277280" />
  <finalization candidates="13" enqueued="0" />
  <references type="soft" candidates="45" cleared="0" enqueued="0" dynamicThreshold="14" maxThreshold="32" />
  <references type="weak" candidates="143" cleared="0" enqueued="0" />
  <references type="phantom" candidates="57" cleared="0" enqueued="0" />
  <stringconstants candidates="3838" cleared="0"  />
</gc-op>
<gc-op id="986" type="sweep" timems="0.283" contextid="982" timestamp="2019-09-21T20:41:50.714" />
<mem-info id="987" free="5524096" total="12386304" percent="44">
  <mem type="tenure" free="5524096" total="12386304" percent="44" micro-fragmented="0" macro-fragmented="0">
    <mem type="soa" free="5401216" total="12263424" percent="44" />
    <mem type="loa" free="122880" total="122880" percent="100" />
  </mem>
</mem-info>
<gc-op id="988" type="compact" timems="7.301" contextid="982" timestamp="2019-09-21T20:41:50.721">
  <compact-info movecount="562" movebytes="29928" reason="compact to aid heap contraction" />
</gc-op>
<heap-resize id="989" type="expand" space="tenure" amount="65536" count="1" timems="0.029" reason="satisfy allocation request" timestamp="2019-09-21T20:41:50.722" />
<gc-end id="990" type="global" contextid="982" durationms="10.748" usertimems="12.000" systemtimems="8.000" timestamp="2019-09-21T20:41:50.722" activeThreads="8">
  <mem-info id="991" free="5568168" total="12451840" percent="44">
    <mem type="tenure" free="5568168" total="12451840" percent="44">
      <mem type="soa" free="5444264" total="12327936" percent="44" />
      <mem type="loa" free="123904" total="123904" percent="100" />
    </mem>
  </mem-info>
</gc-end>
<cycle-end id="992" type="global" contextid="982" timestamp="2019-09-21T20:41:50.722" />
  <attribute name="elasticGC enabled" value="1" />
  <attribute name= "numThreadsSpecified" value="8" />
  <attribute name="heapSize specified" value="12386304" />
  <attribute name="Current GC Util" value="18" />
  <attribute name= "Current Time Running" value="152935" />
  <attribute name ="GC Interval" value="0" />
  <attribute name="Target GC Util Change" value ="40.000000" />
  <attribute name="Current GC Util Change" value="18.000000"/>
  <attribute name="Current Error" value="-262.000000" />
  <attribute name="Output H" value="12424000"/>
  <attribute name="Output I" value="1856"/>
  <attribute name="Output T" value="8"/>
  <attribute name= "Current Time Running" value="152935" />
  <attribute name="GC Util currently" value="18" />
  <attribute name="CPU Util currently" value="307042360230" />
<allocation-satisfied id="993" threadId="0000000001B87E00" bytesRequested="16" />
<af-end id="994" timestamp="2019-09-21T20:41:50.722" threadId="0000000001B88788" success="true" />
<exclusive-end id="995" timestamp="2019-09-21T20:41:50.723" durationms="11.699" />

<exclusive-start id="996" timestamp="2019-09-21T20:41:54.062" intervalms="3350.621">
  <response-info timems="0.044" idlems="0.044" threads="0" lastid="0000000001BA2200" lastname="node-7" />
</exclusive-start>
<af-start id="997" threadId="0000000001BA2B88" totalBytesRequested="32" timestamp="2019-09-21T20:41:54.062" intervalms="3350.613" />
<cycle-start id="998" type="global" contextid="0" timestamp="2019-09-21T20:41:54.062" intervalms="3350.630" />
<gc-start id="999" type="global" contextid="998" timestamp="2019-09-21T20:41:54.062">
  <mem-info id="1000" free="123904" total="12451840" percent="0">
    <mem type="tenure" free="123904" total="12451840" percent="0">
      <mem type="soa" free="0" total="12327936" percent="0" />
      <mem type="loa" free="123904" total="123904" percent="100" />
    </mem>
  </mem-info>
</gc-start>
<allocation-stats totalBytes="5466128" >
  <allocated-bytes non-tlh="0" tlh="5466128" />
  <largest-consumer threadName="node-9" threadId="0000000001BA9A00" bytes="286552" />
</allocation-stats>
<gc-op id="1001" type="mark" timems="3.083" contextid="998" timestamp="2019-09-21T20:41:54.065">
  <trace-info objectcount="143673" scancount="134188" scanbytes="5275800" />
  <finalization candidates="13" enqueued="0" />
  <references type="soft" candidates="45" cleared="0" enqueued="0" dynamicThreshold="14" maxThreshold="32" />
  <references type="weak" candidates="143" cleared="0" enqueued="0" />
  <references type="phantom" candidates="57" cleared="0" enqueued="0" />
  <stringconstants candidates="3838" cleared="0"  />
</gc-op>
<gc-op id="1002" type="sweep" timems="0.928" contextid="998" timestamp="2019-09-21T20:41:54.066" />
<mem-info id="1003" free="5609576" total="12451840" percent="45">
  <mem type="tenure" free="5609576" total="12451840" percent="45" micro-fragmented="0" macro-fragmented="0">
    <mem type="soa" free="5485672" total="12327936" percent="44" />
    <mem type="loa" free="123904" total="123904" percent="100" />
  </mem>
</mem-info>
<gc-op id="1004" type="compact" timems="9.263" contextid="998" timestamp="2019-09-21T20:41:54.076">
  <compact-info movecount="453" movebytes="10248" reason="compact to aid heap contraction" />
</gc-op>
<heap-resize id="1005" type="expand" space="tenure" amount="65536" count="1" timems="0.016" reason="satisfy allocation request" timestamp="2019-09-21T20:41:54.076" />
<gc-end id="1006" type="global" contextid="998" durationms="14.358" usertimems="24.000" systemtimems="0.000" timestamp="2019-09-21T20:41:54.076" activeThreads="8">
  <mem-info id="1007" free="5653352" total="12517376" percent="45">
    <mem type="tenure" free="5653352" total="12517376" percent="45">
      <mem type="soa" free="5528424" total="12392448" percent="44" />
      <mem type="loa" free="124928" total="124928" percent="100" />
    </mem>
  </mem-info>
</gc-end>
<cycle-end id="1008" type="global" contextid="998" timestamp="2019-09-21T20:41:54.076" />
  <attribute name="elasticGC enabled" value="1" />
  <attribute name= "numThreadsSpecified" value="8" />
  <attribute name="heapSize specified" value="12451840" />
  <attribute name="Current GC Util" value="47" />
  <attribute name= "Current Time Running" value="156289" />
  <attribute name ="GC Interval" value="0" />
  <attribute name="Target GC Util Change" value ="40.000000" />
  <attribute name="Current GC Util Change" value="47.000000"/>
  <attribute name="Current Error" value="-7.000000" />
  <attribute name="Output H" value="12489680"/>
  <attribute name="Output I" value="2000"/>
  <attribute name="Output T" value="8"/>
  <attribute name= "Current Time Running" value="156289" />
  <attribute name="GC Util currently" value="47" />
  <attribute name="CPU Util currently" value="244712895896" />
<allocation-satisfied id="1009" threadId="0000000001BA2200" bytesRequested="32" />
<af-end id="1010" timestamp="2019-09-21T20:41:54.077" threadId="0000000001BA2B88" success="true" />
<exclusive-end id="1011" timestamp="2019-09-21T20:41:54.077" durationms="15.244" />

<exclusive-start id="1012" timestamp="2019-09-21T20:41:57.544" intervalms="3482.114">
  <response-info timems="0.046" idlems="0.046" threads="0" lastid="0000000001BB8900" lastname="node-11" />
</exclusive-start>
<af-start id="1013" threadId="0000000001BB9288" totalBytesRequested="32" timestamp="2019-09-21T20:41:57.544" intervalms="3482.117" />
<cycle-start id="1014" type="global" contextid="0" timestamp="2019-09-21T20:41:57.544" intervalms="3482.103" />
<gc-start id="1015" type="global" contextid="1014" timestamp="2019-09-21T20:41:57.544">
  <mem-info id="1016" free="124928" total="12517376" percent="0">
    <mem type="tenure" free="124928" total="12517376" percent="0">
      <mem type="soa" free="0" total="12392448" percent="0" />
      <mem type="loa" free="124928" total="124928" percent="100" />
    </mem>
  </mem-info>
</gc-start>
<allocation-stats totalBytes="5552856" >
  <allocated-bytes non-tlh="0" tlh="5552856" />
  <largest-consumer threadName="node-7" threadId="0000000001BA2200" bytes="286664" />
</allocation-stats>
<gc-op id="1017" type="mark" timems="3.184" contextid="1014" timestamp="2019-09-21T20:41:57.547">
  <trace-info objectcount="143664" scancount="134156" scanbytes="5275008" />
  <finalization candidates="13" enqueued="0" />
  <references type="soft" candidates="45" cleared="0" enqueued="0" dynamicThreshold="14" maxThreshold="32" />
  <references type="weak" candidates="143" cleared="0" enqueued="0" />
  <references type="phantom" candidates="57" cleared="0" enqueued="0" />
  <stringconstants candidates="3838" cleared="0"  />
</gc-op>
<gc-op id="1018" type="sweep" timems="0.652" contextid="1014" timestamp="2019-09-21T20:41:57.548" />
<mem-info id="1019" free="5673560" total="12517376" percent="45">
  <mem type="tenure" free="5673560" total="12517376" percent="45" micro-fragmented="0" macro-fragmented="0">
    <mem type="soa" free="5548632" total="12392448" percent="44" />
    <mem type="loa" free="124928" total="124928" percent="100" />
  </mem>
</mem-info>
<gc-op id="1020" type="compact" timems="8.536" contextid="1014" timestamp="2019-09-21T20:41:57.557">
  <compact-info movecount="444" movebytes="13816" reason="compact to aid heap contraction" />
</gc-op>
<heap-resize id="1021" type="expand" space="tenure" amount="65536" count="1" timems="0.016" reason="satisfy allocation request" timestamp="2019-09-21T20:41:57.557" />
<gc-end id="1022" type="global" contextid="1014" durationms="13.276" usertimems="24.000" systemtimems="0.000" timestamp="2019-09-21T20:41:57.557" activeThreads="8">
  <mem-info id="1023" free="5715320" total="12582912" percent="45">
    <mem type="tenure" free="5715320" total="12582912" percent="45">
      <mem type="soa" free="5590392" total="12457984" percent="44" />
      <mem type="loa" free="124928" total="124928" percent="100" />
    </mem>
  </mem-info>
</gc-end>
<cycle-end id="1024" type="global" contextid="1014" timestamp="2019-09-21T20:41:57.557" />
  <attribute name="elasticGC enabled" value="1" />
  <attribute name= "numThreadsSpecified" value="8" />
  <attribute name="heapSize specified" value="12517376" />
  <attribute name="Current GC Util" value="48" />
  <attribute name= "Current Time Running" value="159770" />
  <attribute name ="GC Interval" value="0" />
  <attribute name="Target GC Util Change" value ="40.000000" />
  <attribute name="Current GC Util Change" value="48.000000"/>
  <attribute name="Current Error" value="-369.000000" />
  <attribute name="Output H" value="12555008"/>
  <attribute name="Output I" value="1792"/>
  <attribute name="Output T" value="8"/>
  <attribute name= "Current Time Running" value="159770" />
  <attribute name="GC Util currently" value="48" />
  <attribute name="CPU Util currently" value="266150986850" />
<allocation-satisfied id="1025" threadId="0000000001BB8900" bytesRequested="32" />
<af-end id="1026" timestamp="2019-09-21T20:41:57.558" threadId="0000000001BB9288" success="true" />
<exclusive-end id="1027" timestamp="2019-09-21T20:41:57.558" durationms="13.920" />

<exclusive-start id="1028" timestamp="2019-09-21T20:42:00.803" intervalms="3259.090">
  <response-info timems="0.040" idlems="0.040" threads="0" lastid="0000000001BC3D00" lastname="node-14" />
</exclusive-start>
<af-start id="1029" threadId="0000000001BC4688" totalBytesRequested="24" timestamp="2019-09-21T20:42:00.803" intervalms="3259.091" />
<cycle-start id="1030" type="global" contextid="0" timestamp="2019-09-21T20:42:00.803" intervalms="3259.086" />
<gc-start id="1031" type="global" contextid="1030" timestamp="2019-09-21T20:42:00.803">
  <mem-info id="1032" free="124928" total="12582912" percent="0">
    <mem type="tenure" free="124928" total="12582912" percent="0">
      <mem type="soa" free="0" total="12457984" percent="0" />
      <mem type="loa" free="124928" total="124928" percent="100" />
    </mem>
  </mem-info>
</gc-start>
<allocation-stats totalBytes="5616688" >
  <allocated-bytes non-tlh="0" tlh="5616688" />
  <largest-consumer threadName="node-15" threadId="0000000001B71700" bytes="286672" />
</allocation-stats>
<gc-op id="1033" type="mark" timems="2.187" contextid="1030" timestamp="2019-09-21T20:42:00.805">
  <trace-info objectcount="143619" scancount="134114" scanbytes="5274016" />
  <finalization candidates="13" enqueued="0" />
  <references type="soft" candidates="45" cleared="0" enqueued="0" dynamicThreshold="14" maxThreshold="32" />
  <references type="weak" candidates="143" cleared="0" enqueued="0" />
  <references type="phantom" candidates="57" cleared="0" enqueued="0" />
  <stringconstants candidates="3838" cleared="0"  />
</gc-op>
<gc-op id="1034" type="sweep" timems="0.285" contextid="1030" timestamp="2019-09-21T20:42:00.806" />
<mem-info id="1035" free="5734576" total="12582912" percent="45">
  <mem type="tenure" free="5734576" total="12582912" percent="45" micro-fragmented="0" macro-fragmented="0">
    <mem type="soa" free="5609648" total="12457984" percent="45" />
    <mem type="loa" free="124928" total="124928" percent="100" />
  </mem>
</mem-info>
<gc-op id="1036" type="compact" timems="7.220" contextid="1030" timestamp="2019-09-21T20:42:00.813">
  <compact-info movecount="399" movebytes="11592" reason="compact to aid heap contraction" />
</gc-op>
<heap-resize id="1037" type="expand" space="tenure" amount="65536" count="1" timems="0.018" reason="satisfy allocation request" timestamp="2019-09-21T20:42:00.814" />
<gc-end id="1038" type="global" contextid="1030" durationms="10.677" usertimems="12.000" systemtimems="8.000" timestamp="2019-09-21T20:42:00.814" activeThreads="8">
  <mem-info id="1039" free="5783080" total="12648448" percent="45">
    <mem type="tenure" free="5783080" total="12648448" percent="45">
      <mem type="soa" free="5657128" total="12522496" percent="45" />
      <mem type="loa" free="125952" total="125952" percent="100" />
    </mem>
  </mem-info>
</gc-end>
<cycle-end id="1040" type="global" contextid="1030" timestamp="2019-09-21T20:42:00.814" />
  <attribute name="elasticGC enabled" value="1" />
  <attribute name= "numThreadsSpecified" value="8" />
  <attribute name="heapSize specified" value="12582912" />
  <attribute name="Current GC Util" value="17" />
  <attribute name= "Current Time Running" value="163026" />
  <attribute name ="GC Interval" value="0" />
  <attribute name="Target GC Util Change" value ="40.000000" />
  <attribute name="Current GC Util Change" value="17.000000"/>
  <attribute name="Current Error" value="-255.000000" />
  <attribute name="Output H" value="12620608"/>
  <attribute name="Output I" value="1856"/>
  <attribute name="Output T" value="8"/>
  <attribute name= "Current Time Running" value="163026" />
  <attribute name="GC Util currently" value="17" />
  <attribute name="CPU Util currently" value="311938604419" />
<allocation-satisfied id="1041" threadId="0000000001BC3D00" bytesRequested="24" />
<af-end id="1042" timestamp="2019-09-21T20:42:00.814" threadId="0000000001BC4688" success="true" />
<exclusive-end id="1043" timestamp="2019-09-21T20:42:00.814" durationms="11.352" />

<exclusive-start id="1044" timestamp="2019-09-21T20:42:04.464" intervalms="3660.950">
  <response-info timems="0.042" idlems="0.042" threads="0" lastid="0000000001B71700" lastname="node-15" />
</exclusive-start>
<af-start id="1045" threadId="0000000001B72088" totalBytesRequested="32" timestamp="2019-09-21T20:42:04.464" intervalms="3660.951" />
<cycle-start id="1046" type="global" contextid="0" timestamp="2019-09-21T20:42:04.464" intervalms="3660.953" />
<gc-start id="1047" type="global" contextid="1046" timestamp="2019-09-21T20:42:04.464">
  <mem-info id="1048" free="125952" total="12648448" percent="0">
    <mem type="tenure" free="125952" total="12648448" percent="0">
      <mem type="soa" free="0" total="12522496" percent="0" />
      <mem type="loa" free="125952" total="125952" percent="100" />
    </mem>
  </mem-info>
</gc-start>
<allocation-stats totalBytes="5682848" >
  <allocated-bytes non-tlh="0" tlh="5682848" />
  <largest-consumer threadName="node-16" threadId="0000000001B75300" bytes="286704" />
</allocation-stats>
<gc-op id="1049" type="mark" timems="2.717" contextid="1046" timestamp="2019-09-21T20:42:04.467">
  <trace-info objectcount="143574" scancount="134068" scanbytes="5272928" />
  <finalization candidates="13" enqueued="0" />
  <references type="soft" candidates="45" cleared="0" enqueued="0" dynamicThreshold="14" maxThreshold="32" />
  <references type="weak" candidates="143" cleared="0" enqueued="0" />
  <references type="phantom" candidates="57" cleared="0" enqueued="0" />
  <stringconstants candidates="3838" cleared="0"  />
</gc-op>
<gc-op id="1050" type="sweep" timems="0.273" contextid="1046" timestamp="2019-09-21T20:42:04.467" />
<mem-info id="1051" free="5808760" total="12648448" percent="45">
  <mem type="tenure" free="5808760" total="12648448" percent="45" micro-fragmented="0" macro-fragmented="0">
    <mem type="soa" free="5682808" total="12522496" percent="45" />
    <mem type="loa" free="125952" total="125952" percent="100" />
  </mem>
</mem-info>
<gc-op id="1052" type="compact" timems="7.305" contextid="1046" timestamp="2019-09-21T20:42:04.475">
  <compact-info movecount="354" movebytes="10504" reason="compact to aid heap contraction" />
</gc-op>
<heap-resize id="1053" type="expand" space="tenure" amount="65536" count="1" timems="0.017" reason="satisfy allocation request" timestamp="2019-09-21T20:42:04.475" />
<gc-end id="1054" type="global" contextid="1046" durationms="11.324" usertimems="16.000" systemtimems="0.000" timestamp="2019-09-21T20:42:04.475" activeThreads="8">
  <mem-info id="1055" free="5849704" total="12713984" percent="46">
    <mem type="tenure" free="5849704" total="12713984" percent="46">
      <mem type="soa" free="5722728" total="12587008" percent="45" />
      <mem type="loa" free="126976" total="126976" percent="100" />
    </mem>
  </mem-info>
</gc-end>
<cycle-end id="1056" type="global" contextid="1046" timestamp="2019-09-21T20:42:04.475" />
  <attribute name="elasticGC enabled" value="1" />
  <attribute name= "numThreadsSpecified" value="8" />
  <attribute name="heapSize specified" value="12648448" />
  <attribute name="Current GC Util" value="92" />
  <attribute name= "Current Time Running" value="166688" />
  <attribute name ="GC Interval" value="0" />
  <attribute name="Target GC Util Change" value ="40.000000" />
  <attribute name="Current GC Util Change" value="92.000000"/>
  <attribute name="Current Error" value="-52.000000" />
  <attribute name="Output H" value="12686264"/>
  <attribute name="Output I" value="1976"/>
  <attribute name="Output T" value="8"/>
  <attribute name= "Current Time Running" value="166688" />
  <attribute name="GC Util currently" value="92" />
  <attribute name="CPU Util currently" value="307168665725" />
<allocation-satisfied id="1057" threadId="0000000001B71700" bytesRequested="32" />
<af-end id="1058" timestamp="2019-09-21T20:42:04.476" threadId="0000000001B72088" success="true" />
<exclusive-end id="1059" timestamp="2019-09-21T20:42:04.476" durationms="11.983" />

<exclusive-start id="1060" timestamp="2019-09-21T20:42:08.002" intervalms="3538.327">
  <response-info timems="0.037" idlems="0.037" threads="0" lastid="0000000001B8F600" lastname="node-20" />
</exclusive-start>
<af-start id="1061" threadId="0000000001B8FF88" totalBytesRequested="24" timestamp="2019-09-21T20:42:08.002" intervalms="3538.325" />
<cycle-start id="1062" type="global" contextid="0" timestamp="2019-09-21T20:42:08.002" intervalms="3538.362" />
<gc-start id="1063" type="global" contextid="1062" timestamp="2019-09-21T20:42:08.002">
  <mem-info id="1064" free="126976" total="12713984" percent="0">
    <mem type="tenure" free="126976" total="12713984" percent="0">
      <mem type="soa" free="0" total="12587008" percent="0" />
      <mem type="loa" free="126976" total="126976" percent="100" />
    </mem>
  </mem-info>
</gc-start>
<allocation-stats totalBytes="5749272" >
  <allocated-bytes non-tlh="0" tlh="5749272" />
  <largest-consumer threadName="node-9" threadId="0000000001BA9A00" bytes="286696" />
</allocation-stats>
<gc-op id="1065" type="mark" timems="6.494" contextid="1062" timestamp="2019-09-21T20:42:08.009">
  <trace-info objectcount="143537" scancount="134021" scanbytes="5271968" />
  <finalization candidates="13" enqueued="0" />
  <references type="soft" candidates="45" cleared="0" enqueued="0" dynamicThreshold="14" maxThreshold="32" />
  <references type="weak" candidates="143" cleared="0" enqueued="0" />
  <references type="phantom" candidates="57" cleared="0" enqueued="0" />
  <stringconstants candidates="3838" cleared="0"  />
</gc-op>
<gc-op id="1066" type="sweep" timems="1.197" contextid="1062" timestamp="2019-09-21T20:42:08.010" />
<mem-info id="1067" free="5863896" total="12713984" percent="46">
  <mem type="tenure" free="5863896" total="12713984" percent="46" micro-fragmented="0" macro-fragmented="0">
    <mem type="soa" free="5736920" total="12587008" percent="45" />
    <mem type="loa" free="126976" total="126976" percent="100" />
  </mem>
</mem-info>
<gc-op id="1068" type="compact" timems="8.436" contextid="1062" timestamp="2019-09-21T20:42:08.019">
  <compact-info movecount="317" movebytes="10776" reason="compact to aid heap contraction" />
</gc-op>
<heap-resize id="1069" type="expand" space="tenure" amount="65536" count="1" timems="0.026" reason="satisfy allocation request" timestamp="2019-09-21T20:42:08.020" />
<gc-end id="1070" type="global" contextid="1062" durationms="17.502" usertimems="24.000" systemtimems="0.000" timestamp="2019-09-21T20:42:08.020" activeThreads="8">
  <mem-info id="1071" free="5914968" total="12779520" percent="46">
    <mem type="tenure" free="5914968" total="12779520" percent="46">
      <mem type="soa" free="5787992" total="12652544" percent="45" />
      <mem type="loa" free="126976" total="126976" percent="100" />
    </mem>
  </mem-info>
</gc-end>
<cycle-end id="1072" type="global" contextid="1062" timestamp="2019-09-21T20:42:08.020" />
  <attribute name="elasticGC enabled" value="1" />
  <attribute name= "numThreadsSpecified" value="8" />
  <attribute name="heapSize specified" value="12713984" />
  <attribute name="Current GC Util" value="52" />
  <attribute name= "Current Time Running" value="170232" />
  <attribute name ="GC Interval" value="0" />
  <attribute name="Target GC Util Change" value ="40.000000" />
  <attribute name="Current GC Util Change" value="52.000000"/>
  <attribute name="Current Error" value="-75.000000" />
  <attribute name="Output H" value="12751784"/>
  <attribute name="Output I" value="1960"/>
  <attribute name="Output T" value="8"/>
  <attribute name= "Current Time Running" value="170232" />
  <attribute name="GC Util currently" value="52" />
  <attribute name="CPU Util currently" value="267646143612" />
<allocation-satisfied id="1073" threadId="0000000001B8F600" bytesRequested="24" />
<af-end id="1074" timestamp="2019-09-21T20:42:08.020" threadId="0000000001B8FF88" success="true" />
<exclusive-end id="1075" timestamp="2019-09-21T20:42:08.020" durationms="18.282" />

<exclusive-start id="1076" timestamp="2019-09-21T20:42:11.095" intervalms="3092.520">
  <response-info timems="0.039" idlems="0.039" threads="0" lastid="0000000001B75300" lastname="node-16" />
</exclusive-start>
<af-start id="1077" threadId="0000000001B75C88" totalBytesRequested="32" timestamp="2019-09-21T20:42:11.095" intervalms="3092.532" />
<cycle-start id="1078" type="global" contextid="0" timestamp="2019-09-21T20:42:11.095" intervalms="3092.509" />
<gc-start id="1079" type="global" contextid="1078" timestamp="2019-09-21T20:42:11.095">
  <mem-info id="1080" free="126976" total="12779520" percent="0">
    <mem type="tenure" free="126976" total="12779520" percent="0">
      <mem type="soa" free="0" total="12652544" percent="0" />
      <mem type="loa" free="126976" total="126976" percent="100" />
    </mem>
  </mem-info>
</gc-start>
<allocation-stats totalBytes="5812904" >
  <allocated-bytes non-tlh="0" tlh="5812904" />
  <largest-consumer threadName="node-9" threadId="0000000001BA9A00" bytes="286680" />
</allocation-stats>
<gc-op id="1081" type="mark" timems="2.854" contextid="1078" timestamp="2019-09-21T20:42:11.098">
  <trace-info objectcount="143512" scancount="134027" scanbytes="5271440" />
  <finalization candidates="13" enqueued="0" />
  <references type="soft" candidates="45" cleared="0" enqueued="0" dynamicThreshold="14" maxThreshold="32" />
  <references type="weak" candidates="143" cleared="0" enqueued="0" />
  <references type="phantom" candidates="57" cleared="0" enqueued="0" />
  <stringconstants candidates="3838" cleared="0"  />
</gc-op>
<gc-op id="1082" type="sweep" timems="0.716" contextid="1078" timestamp="2019-09-21T20:42:11.099" />
<mem-info id="1083" free="5930416" total="12779520" percent="46">
  <mem type="tenure" free="5930416" total="12779520" percent="46" micro-fragmented="0" macro-fragmented="0">
    <mem type="soa" free="5803440" total="12652544" percent="45" />
    <mem type="loa" free="126976" total="126976" percent="100" />
  </mem>
</mem-info>
<gc-op id="1084" type="compact" timems="8.289" contextid="1078" timestamp="2019-09-21T20:42:11.107">
  <compact-info movecount="292" movebytes="9016" reason="compact to aid heap contraction" />
</gc-op>
<heap-resize id="1085" type="expand" space="tenure" amount="65536" count="1" timems="0.021" reason="satisfy allocation request" timestamp="2019-09-21T20:42:11.108" />
<gc-end id="1086" type="global" contextid="1078" durationms="13.276" usertimems="20.000" systemtimems="4.000" timestamp="2019-09-21T20:42:11.108" activeThreads="8">
  <mem-info id="1087" free="5982264" total="12845056" percent="46">
    <mem type="tenure" free="5982264" total="12845056" percent="46">
      <mem type="soa" free="5854264" total="12717056" percent="46" />
      <mem type="loa" free="128000" total="128000" percent="100" />
    </mem>
  </mem-info>
</gc-end>
<cycle-end id="1088" type="global" contextid="1078" timestamp="2019-09-21T20:42:11.108" />
  <attribute name="elasticGC enabled" value="1" />
  <attribute name= "numThreadsSpecified" value="8" />
  <attribute name="heapSize specified" value="12779520" />
  <attribute name="Current GC Util" value="52" />
  <attribute name= "Current Time Running" value="173320" />
  <attribute name ="GC Interval" value="0" />
  <attribute name="Target GC Util Change" value ="40.000000" />
  <attribute name="Current GC Util Change" value="52.000000"/>
  <attribute name="Current Error" value="-372.000000" />
  <attribute name="Output H" value="12817152"/>
  <attribute name="Output I" value="1792"/>
  <attribute name="Output T" value="8"/>
  <attribute name= "Current Time Running" value="173320" />
  <attribute name="GC Util currently" value="52" />
  <attribute name="CPU Util currently" value="270502930201" />
<allocation-satisfied id="1089" threadId="0000000001B75300" bytesRequested="32" />
<af-end id="1090" timestamp="2019-09-21T20:42:11.109" threadId="0000000001B75C88" success="true" />
<exclusive-end id="1091" timestamp="2019-09-21T20:42:11.109" durationms="14.285" />

<exclusive-start id="1092" timestamp="2019-09-21T20:42:14.749" intervalms="3654.192">
  <response-info timems="0.044" idlems="0.044" threads="0" lastid="0000000001BB4D00" lastname="node-10" />
</exclusive-start>
<af-start id="1093" threadId="0000000001BB5688" totalBytesRequested="24" timestamp="2019-09-21T20:42:14.749" intervalms="3654.173" />
<cycle-start id="1094" type="global" contextid="0" timestamp="2019-09-21T20:42:14.749" intervalms="3654.157" />
<gc-start id="1095" type="global" contextid="1094" timestamp="2019-09-21T20:42:14.749">
  <mem-info id="1096" free="128000" total="12845056" percent="0">
    <mem type="tenure" free="128000" total="12845056" percent="0">
      <mem type="soa" free="0" total="12717056" percent="0" />
      <mem type="loa" free="128000" total="128000" percent="100" />
    </mem>
  </mem-info>
</gc-start>
<allocation-stats totalBytes="5879760" >
  <allocated-bytes non-tlh="0" tlh="5879760" />
  <largest-consumer threadName="node-12" threadId="0000000001B6DB00" bytes="286680" />
</allocation-stats>
<gc-op id="1097" type="mark" timems="3.344" contextid="1094" timestamp="2019-09-21T20:42:14.752">
  <trace-info objectcount="143449" scancount="133941" scanbytes="5269856" />
  <finalization candidates="13" enqueued="0" />
  <references type="soft" candidates="45" cleared="0" enqueued="0" dynamicThreshold="14" maxThreshold="32" />
  <references type="weak" candidates="143" cleared="0" enqueued="0" />
  <references type="phantom" candidates="57" cleared="0" enqueued="0" />
  <stringconstants candidates="3838" cleared="0"  />
</gc-op>
<gc-op id="1098" type="sweep" timems="0.699" contextid="1094" timestamp="2019-09-21T20:42:14.753" />
<mem-info id="1099" free="6003656" total="12845056" percent="46">
  <mem type="tenure" free="6003656" total="12845056" percent="46" micro-fragmented="0" macro-fragmented="0">
    <mem type="soa" free="5875656" total="12717056" percent="46" />
    <mem type="loa" free="128000" total="128000" percent="100" />
  </mem>
</mem-info>
<gc-op id="1100" type="compact" timems="8.263" contextid="1094" timestamp="2019-09-21T20:42:14.762">
  <compact-info movecount="229" movebytes="8664" reason="compact to aid heap contraction" />
</gc-op>
<heap-resize id="1101" type="expand" space="tenure" amount="65536" count="1" timems="0.018" reason="satisfy allocation request" timestamp="2019-09-21T20:42:14.762" />
<gc-end id="1102" type="global" contextid="1094" durationms="13.210" usertimems="24.000" systemtimems="0.000" timestamp="2019-09-21T20:42:14.762" activeThreads="8">
  <mem-info id="1103" free="6048152" total="12910592" percent="46">
    <mem type="tenure" free="6048152" total="12910592" percent="46">
      <mem type="soa" free="5919128" total="12781568" percent="46" />
      <mem type="loa" free="129024" total="129024" percent="100" />
    </mem>
  </mem-info>
</gc-end>
<cycle-end id="1104" type="global" contextid="1094" timestamp="2019-09-21T20:42:14.762" />
  <attribute name="elasticGC enabled" value="1" />
  <attribute name= "numThreadsSpecified" value="8" />
  <attribute name="heapSize specified" value="12845056" />
  <attribute name="Current GC Util" value="57" />
  <attribute name= "Current Time Running" value="176975" />
  <attribute name ="GC Interval" value="0" />
  <attribute name="Target GC Util Change" value ="40.000000" />
  <attribute name="Current GC Util Change" value="57.000000"/>
  <attribute name="Current Error" value="-17.000000" />
  <attribute name="Output H" value="12882888"/>
  <attribute name="Output I" value="1992"/>
  <attribute name="Output T" value="8"/>
  <attribute name= "Current Time Running" value="176975" />
  <attribute name="GC Util currently" value="57" />
  <attribute name="CPU Util currently" value="273044621447" />
<allocation-satisfied id="1105" threadId="0000000001BB4D00" bytesRequested="24" />
<af-end id="1106" timestamp="2019-09-21T20:42:14.763" threadId="0000000001BB5688" success="true" />
<exclusive-end id="1107" timestamp="2019-09-21T20:42:14.763" durationms="13.978" />

<exclusive-start id="1108" timestamp="2019-09-21T20:42:18.017" intervalms="3268.434">
  <response-info timems="0.056" idlems="0.056" threads="0" lastid="0000000001BC3D00" lastname="node-14" />
</exclusive-start>
<af-start id="1109" threadId="0000000001BC4688" totalBytesRequested="24" timestamp="2019-09-21T20:42:18.017" intervalms="3268.453" />
<cycle-start id="1110" type="global" contextid="0" timestamp="2019-09-21T20:42:18.017" intervalms="3268.469" />
<gc-start id="1111" type="global" contextid="1110" timestamp="2019-09-21T20:42:18.017">
  <mem-info id="1112" free="129024" total="12910592" percent="0">
    <mem type="tenure" free="129024" total="12910592" percent="0">
      <mem type="soa" free="0" total="12781568" percent="0" />
      <mem type="loa" free="129024" total="129024" percent="100" />
    </mem>
  </mem-info>
</gc-start>
<allocation-stats totalBytes="5943968" >
  <allocated-bytes non-tlh="0" tlh="5943968" />
  <largest-consumer threadName="node-25" threadId="0000000001BCB500" bytes="286688" />
</allocation-stats>
<gc-op id="1113" type="mark" timems="2.432" contextid="1110" timestamp="2019-09-21T20:42:18.020">
  <trace-info objectcount="143412" scancount="133918" scanbytes="5268960" />
  <finalization candidates="13" enqueued="0" />
  <references type="soft" candidates="45" cleared="0" enqueued="0" dynamicThreshold="14" maxThreshold="32" />
  <references type="weak" candidates="143" cleared="0" enqueued="0" />
  <references type="phantom" candidates="57" cleared="0" enqueued="0" />
  <stringconstants candidates="3838" cleared="0"  />
</gc-op>
<gc-op id="1114" type="sweep" timems="0.928" contextid="1110" timestamp="2019-09-21T20:42:18.021" />
<mem-info id="1115" free="6065408" total="12910592" percent="46">
  <mem type="tenure" free="6065408" total="12910592" percent="46" micro-fragmented="0" macro-fragmented="0">
    <mem type="soa" free="5936384" total="12781568" percent="46" />
    <mem type="loa" free="129024" total="129024" percent="100" />
  </mem>
</mem-info>
<gc-op id="1116" type="compact" timems="8.549" contextid="1110" timestamp="2019-09-21T20:42:18.030">
  <compact-info movecount="192" movebytes="7936" reason="compact to aid heap contraction" />
</gc-op>
<heap-resize id="1117" type="expand" space="tenure" amount="65536" count="1" timems="0.017" reason="satisfy allocation request" timestamp="2019-09-21T20:42:18.031" />
<gc-end id="1118" type="global" contextid="1110" durationms="13.396" usertimems="12.000" systemtimems="12.000" timestamp="2019-09-21T20:42:18.031" activeThreads="8">
  <mem-info id="1119" free="6114416" total="12976128" percent="47">
    <mem type="tenure" free="6114416" total="12976128" percent="47">
      <mem type="soa" free="5985392" total="12847104" percent="46" />
      <mem type="loa" free="129024" total="129024" percent="100" />
    </mem>
  </mem-info>
</gc-end>
<cycle-end id="1120" type="global" contextid="1110" timestamp="2019-09-21T20:42:18.031" />
  <attribute name="elasticGC enabled" value="1" />
  <attribute name= "numThreadsSpecified" value="8" />
  <attribute name="heapSize specified" value="12910592" />
  <attribute name="Current GC Util" value="49" />
  <attribute name= "Current Time Running" value="180243" />
  <attribute name ="GC Interval" value="0" />
  <attribute name="Target GC Util Change" value ="40.000000" />
  <attribute name="Current GC Util Change" value="49.000000"/>
  <attribute name="Current Error" value="-445.000000" />
  <attribute name="Output H" value="12948176"/>
  <attribute name="Output I" value="1744"/>
  <attribute name="Output T" value="8"/>
  <attribute name= "Current Time Running" value="180243" />
  <attribute name="GC Util currently" value="49" />
  <attribute name="CPU Util currently" value="263341777518" />
<allocation-satisfied id="1121" threadId="0000000001BC3D00" bytesRequested="24" />
<af-end id="1122" timestamp="2019-09-21T20:42:18.031" threadId="0000000001BC4688" success="true" />
<exclusive-end id="1123" timestamp="2019-09-21T20:42:18.032" durationms="14.339" />

</verbosegc>

