
<?xml version="1.0" ?>

<verbosegc xmlns="http://www.ibm.com/j9/verbosegc" version="6fe7bac_CMPRSS">

<gc check installed>
<initialized id="1" timestamp="2019-08-08T12:06:05.429">
  <attribute name="gcPolicy" value="-Xgcpolicy:optavgpause" />
  <attribute name="elasticGC enabled" value="1" />
  <attribute name= "numThreadsSpecified" value="0" />
  <attribute name="heapSize specified" value="0" />
  <attribute name="Current GC Util" value="0" />
  <attribute name= "Current Time Running" value="0" />
  <attribute name ="GC Interval" value="0" />
  <attribute name="Target GC Util Change" value ="0.000000" />
  <attribute name="Current GC Util Change" value="0.000000"/>
  <attribute name="Current Error" value="0.000000" />
  <attribute name="Output H" value="0"/>
  <attribute name="Output I" value="0"/>
  <attribute name="Output T" value="0"/>
  <attribute name= "Current Time Running" value="0" />
  <attribute name="GC Util currently" value="0" />
  <attribute name="CPU Util currently" value="0" />
  <attribute name="maxHeapSize" value="0xfa900000" />
  <attribute name="initialHeapSize" value="0x800000" />
  <attribute name="compressedRefs" value="true" />
  <attribute name="compressedRefsDisplacement" value="0x0" />
  <attribute name="compressedRefsShift" value="0x3" />
  <attribute name="pageSize" value="0x1000" />
  <attribute name="pageType" value="not used" />
  <attribute name="requestedPageSize" value="0x1000" />
  <attribute name="requestedPageType" value="not used" />
  <attribute name="gcthreads" value="16" />
  <attribute name="packetListSplit" value="16" />
  <attribute name="cacheListSplit" value="16" />
  <attribute name="splitFreeListSplitAmount" value="2" />
  <attribute name="numaNodes" value="0" />
  <system>
    <attribute name="physicalMemory" value="16815001600" />
    <attribute name="numCPUs" value="16" />
    <attribute name="architecture" value="amd64" />
    <attribute name="os" value="Linux" />
    <attribute name="osVersion" value="4.15.0" />
  </system>
  <vmargs>
    <vmarg name="-Xoptionsfile=/jdk/lib/options.default" />
    <vmarg name="-Xlockword:mode=default,noLockword=java/lang/String,noLockword=java/util/MapEntry,noLockword=java/util/HashMap$Entry,noLockword..." />
    <vmarg name="-Xjcl:jclse29" />
    <vmarg name="-Dcom.ibm.oti.vm.bootstrap.library.path=/jdk/lib/compressedrefs:/jdk/lib" />
    <vmarg name="-Dsun.boot.library.path=/jdk/lib/compressedrefs:/jdk/lib" />
    <vmarg name="-Djava.library.path=/jdk/lib/compressedrefs:/jdk/lib:/usr/lib64:/usr/lib" />
    <vmarg name="-Djava.home=/jdk" />
    <vmarg name="-Duser.dir=/" />
    <vmarg name="-Xgcelastic" />
    <vmarg name="-Xcheck:gc:::elasticGC" />
    <vmarg name="-Xgcpolicy:optavgpause" />
    <vmarg name="-verbose:gc" />
    <vmarg name="-Djava.class.path=dacapo-9.12-MR1-bach.jar" />
    <vmarg name="-Dsun.java.command=dacapo-9.12-MR1-bach.jar avrora jython pmd sunflow xalan --size=large" />
    <vmarg name="-Dsun.java.launcher=SUN_STANDARD" />
    <vmarg name="-Dsun.java.launcher.pid=1" />
  </vmargs>
</initialized>

<exclusive-start id="2" timestamp="2019-08-08T12:06:05.690" intervalms="261.284">
  <response-info timems="0.041" idlems="0.041" threads="0" lastid="0000000002369F00" lastname="main" />
</exclusive-start>
<sys-start reason="explicit" id="3" timestamp="2019-08-08T12:06:05.690" intervalms="261.332" />
<cycle-start id="4" type="global" contextid="0" timestamp="2019-08-08T12:06:05.690" intervalms="261.344" />
<gc-start id="5" type="global" contextid="4" timestamp="2019-08-08T12:06:05.690">
  <mem-info id="6" free="2309256" total="8388608" percent="27">
    <mem type="tenure" free="2309256" total="8388608" percent="27">
      <mem type="soa" free="1890440" total="7969792" percent="23" />
      <mem type="loa" free="418816" total="418816" percent="100" />
    </mem>
  </mem-info>
</gc-start>
<allocation-stats totalBytes="6071656" >
  <allocated-bytes non-tlh="455544" tlh="5616112" />
  <largest-consumer threadName="main" threadId="0000000002369F00" bytes="5974312" />
</allocation-stats>
<gc-op id="7" type="mark" timems="2.529" contextid="4" timestamp="2019-08-08T12:06:05.693">
  <trace-info objectcount="17937" scancount="14823" scanbytes="467780" />
  <finalization candidates="14" enqueued="1" />
  <references type="soft" candidates="66" cleared="0" enqueued="0" dynamicThreshold="32" maxThreshold="32" />
  <references type="weak" candidates="553" cleared="411" enqueued="372" />
  <references type="phantom" candidates="99" cleared="41" enqueued="41" />
  <stringconstants candidates="2455" cleared="0"  />
</gc-op>
<gc-op id="8" type="classunload" timems="0.002" contextid="4" timestamp="2019-08-08T12:06:05.693">
  <classunload-info classloadercandidates="6" classloadersunloaded="0" classesunloaded="0" anonymousclassesunloaded="0" quiescems="0.000" setupms="0.001" scanms="0.000" postms="0.001" />
</gc-op>
<gc-op id="9" type="sweep" timems="0.581" contextid="4" timestamp="2019-08-08T12:06:05.693" />
<mem-info id="10" free="7117472" total="8388608" percent="84">
  <mem type="tenure" free="7117472" total="8388608" percent="84" micro-fragmented="151830">
    <mem type="soa" free="6698656" total="7969792" percent="84" />
    <mem type="loa" free="418816" total="418816" percent="100" />
  </mem>
  <pending-finalizers system="1" default="0" reference="413" classloader="0" />
</mem-info>
<gc-op id="11" type="compact" timems="4.733" contextid="4" timestamp="2019-08-08T12:06:05.698">
  <compact-info movecount="17936" movebytes="1027152" reason="compact to aid heap contraction" />
</gc-op>
<heap-resize id="12" type="expand" space="tenure" amount="131072" count="1" timems="0.016" reason="satisfy allocation request" timestamp="2019-08-08T12:06:05.699" />
<gc-end id="13" type="global" contextid="4" durationms="8.575" usertimems="8.566" systemtimems="2.158" timestamp="2019-08-08T12:06:05.699" activeThreads="16">
  <mem-info id="14" free="7492440" total="8519680" percent="87">
    <mem type="tenure" free="7492440" total="8519680" percent="87">
      <mem type="soa" free="7066456" total="8093696" percent="87" />
      <mem type="loa" free="425984" total="425984" percent="100" />
    </mem>
    <pending-finalizers system="1" default="0" reference="413" classloader="0" />
  </mem-info>
</gc-end>
<cycle-end id="15" type="global" contextid="4" timestamp="2019-08-08T12:06:05.699" />
  <attribute name="elasticGC enabled" value="1" />
  <attribute name= "numThreadsSpecified" value="16" />
  <attribute name="heapSize specified" value="8388608" />
  <attribute name="Current GC Util" value="47" />
  <attribute name= "Current Time Running" value="188" />
  <attribute name ="GC Interval" value="0" />
  <attribute name="Target GC Util Change" value ="80.000000" />
  <attribute name="Current GC Util Change" value="47.000000"/>
  <attribute name="Current Error" value="136.000000" />
  <attribute name="Output H" value="8464448"/>
  <attribute name="Output I" value="2256"/>
  <attribute name="Output T" value="16"/>
  <attribute name= "Current Time Running" value="188" />
  <attribute name="GC Util currently" value="47" />
  <attribute name="CPU Util currently" value="5" />
<sys-end id="16" timestamp="2019-08-08T12:06:05.699" />
<exclusive-end id="17" timestamp="2019-08-08T12:06:05.699" durationms="8.707" />

===== DaCapo 9.12-MR1 avrora starting =====
<exclusive-start id="18" timestamp="2019-08-08T12:06:06.008" intervalms="318.335">
  <response-info timems="0.050" idlems="0.050" threads="0" lastid="0000000002369F00" lastname="main" />
</exclusive-start>
<af-start id="19" threadId="000000000236A888" totalBytesRequested="88" timestamp="2019-08-08T12:06:06.009" intervalms="579.665" />
<cycle-start id="20" type="global" contextid="0" timestamp="2019-08-08T12:06:06.009" intervalms="318.334" />
<gc-start id="21" type="global" contextid="20" timestamp="2019-08-08T12:06:06.009">
  <mem-info id="22" free="425984" total="8519680" percent="5">
    <mem type="tenure" free="425984" total="8519680" percent="5">
      <mem type="soa" free="0" total="8093696" percent="0" />
      <mem type="loa" free="425984" total="425984" percent="100" />
    </mem>
  </mem-info>
</gc-start>
<allocation-stats totalBytes="6990760" >
  <allocated-bytes non-tlh="139776" tlh="6850984" />
  <largest-consumer threadName="main" threadId="0000000002369F00" bytes="6974688" />
</allocation-stats>
<gc-op id="23" type="mark" timems="3.039" contextid="20" timestamp="2019-08-08T12:06:06.012">
  <trace-info objectcount="95627" scancount="89244" scanbytes="2710824" />
  <finalization candidates="13" enqueued="0" />
  <references type="soft" candidates="66" cleared="0" enqueued="0" dynamicThreshold="28" maxThreshold="32" />
  <references type="weak" candidates="185" cleared="42" enqueued="42" />
  <references type="phantom" candidates="70" cleared="13" enqueued="13" />
  <stringconstants candidates="3584" cleared="0"  />
</gc-op>
<gc-op id="24" type="sweep" timems="0.831" contextid="20" timestamp="2019-08-08T12:06:06.012" />
<mem-info id="25" free="4311008" total="8519680" percent="50">
  <mem type="tenure" free="4311008" total="8519680" percent="50" micro-fragmented="565424">
    <mem type="soa" free="3885024" total="8093696" percent="48" />
    <mem type="loa" free="425984" total="425984" percent="100" />
  </mem>
  <pending-finalizers system="0" default="0" reference="55" classloader="0" />
</mem-info>
<gc-op id="26" type="compact" timems="30.430" contextid="20" timestamp="2019-08-08T12:06:06.043">
  <compact-info movecount="83347" movebytes="3124008" reason="compact to aid heap contraction" />
</gc-op>
<heap-resize id="27" type="expand" space="tenure" amount="131072" count="1" timems="0.020" reason="satisfy allocation request" timestamp="2019-08-08T12:06:06.044" />
<gc-end id="28" type="global" contextid="20" durationms="35.460" usertimems="33.015" systemtimems="7.237" timestamp="2019-08-08T12:06:06.044" activeThreads="16">
  <mem-info id="29" free="5021920" total="8650752" percent="58">
    <mem type="tenure" free="5021920" total="8650752" percent="58">
      <mem type="soa" free="4589792" total="8218624" percent="55" />
      <mem type="loa" free="432128" total="432128" percent="100" />
    </mem>
    <pending-finalizers system="0" default="0" reference="55" classloader="0" />
  </mem-info>
</gc-end>
<cycle-end id="30" type="global" contextid="20" timestamp="2019-08-08T12:06:06.044" />
  <attribute name="elasticGC enabled" value="1" />
  <attribute name= "numThreadsSpecified" value="16" />
  <attribute name="heapSize specified" value="8519680" />
  <attribute name="Current GC Util" value="10" />
  <attribute name= "Current Time Running" value="533" />
  <attribute name ="GC Interval" value="0" />
  <attribute name="Target GC Util Change" value ="80.000000" />
  <attribute name="Current GC Util Change" value="10.000000"/>
  <attribute name="Current Error" value="143.000000" />
  <attribute name="Output H" value="8595528"/>
  <attribute name="Output I" value="2264"/>
  <attribute name="Output T" value="16"/>
  <attribute name= "Current Time Running" value="533" />
  <attribute name="GC Util currently" value="10" />
  <attribute name="CPU Util currently" value="20" />
<allocation-satisfied id="31" threadId="0000000002369F00" bytesRequested="88" />
<af-end id="32" timestamp="2019-08-08T12:06:06.044" threadId="000000000236A888" success="true" />
<exclusive-end id="33" timestamp="2019-08-08T12:06:06.044" durationms="35.689" />

<exclusive-start id="34" timestamp="2019-08-08T12:06:06.191" intervalms="182.585">
  <response-info timems="0.012" idlems="0.012" threads="0" lastid="0000000002369F00" lastname="main" />
</exclusive-start>
<af-start id="35" threadId="000000000236A888" totalBytesRequested="40" timestamp="2019-08-08T12:06:06.191" intervalms="182.583" />
<cycle-start id="36" type="global" contextid="0" timestamp="2019-08-08T12:06:06.191" intervalms="182.583" />
<gc-start id="37" type="global" contextid="36" timestamp="2019-08-08T12:06:06.191">
  <mem-info id="38" free="432128" total="8650752" percent="4">
    <mem type="tenure" free="432128" total="8650752" percent="4">
      <mem type="soa" free="0" total="8218624" percent="0" />
      <mem type="loa" free="432128" total="432128" percent="100" />
    </mem>
  </mem-info>
</gc-start>
<allocation-stats totalBytes="4586480" >
  <allocated-bytes non-tlh="98552" tlh="4487928" />
  <largest-consumer threadName="main" threadId="0000000002369F00" bytes="4586480" />
</allocation-stats>
<gc-op id="39" type="mark" timems="9.743" contextid="36" timestamp="2019-08-08T12:06:06.201">
  <trace-info objectcount="137195" scancount="128012" scanbytes="4905800" />
  <finalization candidates="13" enqueued="0" />
  <references type="soft" candidates="66" cleared="0" enqueued="0" dynamicThreshold="18" maxThreshold="32" />
  <references type="weak" candidates="143" cleared="0" enqueued="0" />
  <references type="phantom" candidates="57" cleared="0" enqueued="0" />
  <stringconstants candidates="3823" cleared="0"  />
</gc-op>
<gc-op id="40" type="sweep" timems="1.917" contextid="36" timestamp="2019-08-08T12:06:06.203" />
<mem-info id="41" free="1748760" total="8650752" percent="20">
  <mem type="tenure" free="1748760" total="8650752" percent="20" micro-fragmented="496011">
    <mem type="soa" free="1316632" total="8218624" percent="16" />
    <mem type="loa" free="432128" total="432128" percent="100" />
  </mem>
</mem-info>
<gc-op id="42" type="compact" timems="77.365" contextid="36" timestamp="2019-08-08T12:06:06.280">
  <compact-info movecount="120583" movebytes="5635192" reason="compact to aid heap contraction" />
</gc-op>
<heap-resize id="43" type="expand" space="tenure" amount="131072" count="1" timems="0.016" reason="satisfy allocation request" timestamp="2019-08-08T12:06:06.282" />
<gc-end id="44" type="global" contextid="36" durationms="90.547" usertimems="74.410" systemtimems="1.528" timestamp="2019-08-08T12:06:06.282" activeThreads="16">
  <mem-info id="45" free="2352256" total="8781824" percent="26">
    <mem type="tenure" free="2352256" total="8781824" percent="26">
      <mem type="soa" free="1913984" total="8343552" percent="22" />
      <mem type="loa" free="438272" total="438272" percent="100" />
    </mem>
  </mem-info>
</gc-end>
<cycle-end id="46" type="global" contextid="36" timestamp="2019-08-08T12:06:06.282" />
  <attribute name="elasticGC enabled" value="1" />
  <attribute name= "numThreadsSpecified" value="16" />
  <attribute name="heapSize specified" value="8650752" />
  <attribute name="Current GC Util" value="3" />
  <attribute name= "Current Time Running" value="770" />
  <attribute name ="GC Interval" value="0" />
  <attribute name="Target GC Util Change" value ="80.000000" />
  <attribute name="Current GC Util Change" value="3.000000"/>
  <attribute name="Current Error" value="150.000000" />
  <attribute name="Output H" value="8726608"/>
  <attribute name="Output I" value="2280"/>
  <attribute name="Output T" value="16"/>
  <attribute name= "Current Time Running" value="770" />
  <attribute name="GC Util currently" value="3" />
  <attribute name="CPU Util currently" value="24" />
<allocation-satisfied id="47" threadId="0000000002369F00" bytesRequested="40" />
<af-end id="48" timestamp="2019-08-08T12:06:06.282" threadId="000000000236A888" success="true" />
<exclusive-end id="49" timestamp="2019-08-08T12:06:06.282" durationms="90.667" />

<exclusive-start id="50" timestamp="2019-08-08T12:06:08.702" intervalms="2511.022">
  <response-info timems="0.808" idlems="0.808" threads="0" lastid="0000000002657F00" lastname="node-2" />
</exclusive-start>
<af-start id="51" threadId="0000000002658888" totalBytesRequested="24" timestamp="2019-08-08T12:06:08.702" intervalms="2511.038" />
<cycle-start id="52" type="global" contextid="0" timestamp="2019-08-08T12:06:08.702" intervalms="2511.049" />
<gc-start id="53" type="global" contextid="52" timestamp="2019-08-08T12:06:08.703">
  <mem-info id="54" free="438272" total="8781824" percent="4">
    <mem type="tenure" free="438272" total="8781824" percent="4">
      <mem type="soa" free="0" total="8343552" percent="0" />
      <mem type="loa" free="438272" total="438272" percent="100" />
    </mem>
  </mem-info>
</gc-start>
<allocation-stats totalBytes="1975768" >
  <allocated-bytes non-tlh="66536" tlh="1909232" />
  <largest-consumer threadName="main" threadId="0000000002369F00" bytes="544320" />
</allocation-stats>
<gc-op id="55" type="mark" timems="8.040" contextid="52" timestamp="2019-08-08T12:06:08.711">
  <trace-info objectcount="145925" scancount="136371" scanbytes="5332712" />
  <finalization candidates="13" enqueued="0" />
  <references type="soft" candidates="66" cleared="0" enqueued="0" dynamicThreshold="8" maxThreshold="32" />
  <references type="weak" candidates="145" cleared="2" enqueued="2" />
  <references type="phantom" candidates="57" cleared="0" enqueued="0" />
  <stringconstants candidates="3837" cleared="0"  />
</gc-op>
<gc-op id="56" type="sweep" timems="1.286" contextid="52" timestamp="2019-08-08T12:06:08.713" />
<mem-info id="57" free="1811960" total="8781824" percent="20">
  <mem type="tenure" free="1811960" total="8781824" percent="20" micro-fragmented="68176">
    <mem type="soa" free="1373688" total="8343552" percent="16" />
    <mem type="loa" free="438272" total="438272" percent="100" />
  </mem>
  <pending-finalizers system="0" default="0" reference="2" classloader="0" />
</mem-info>
<gc-op id="58" type="compact" timems="73.916" contextid="52" timestamp="2019-08-08T12:06:08.786">
  <compact-info movecount="145179" movebytes="6863168" reason="compact to aid heap contraction" />
</gc-op>
<heap-resize id="59" type="expand" space="tenure" amount="131072" count="1" timems="0.022" reason="satisfy allocation request" timestamp="2019-08-08T12:06:08.788" />
<gc-end id="60" type="global" contextid="52" durationms="85.676" usertimems="153.186" systemtimems="6.896" timestamp="2019-08-08T12:06:08.788" activeThreads="16">
  <mem-info id="61" free="2008448" total="8912896" percent="22">
    <mem type="tenure" free="2008448" total="8912896" percent="22">
      <mem type="soa" free="1563008" total="8467456" percent="18" />
      <mem type="loa" free="445440" total="445440" percent="100" />
    </mem>
    <pending-finalizers system="0" default="0" reference="2" classloader="0" />
  </mem-info>
</gc-end>
<cycle-end id="62" type="global" contextid="52" timestamp="2019-08-08T12:06:08.788" />
  <attribute name="elasticGC enabled" value="1" />
  <attribute name= "numThreadsSpecified" value="16" />
  <attribute name="heapSize specified" value="8781824" />
  <attribute name="Current GC Util" value="6" />
  <attribute name= "Current Time Running" value="3277" />
  <attribute name ="GC Interval" value="0" />
  <attribute name="Target GC Util Change" value ="80.000000" />
  <attribute name="Current GC Util Change" value="6.000000"/>
  <attribute name="Current Error" value="119.000000" />
  <attribute name="Output H" value="8857648"/>
  <attribute name="Output I" value="2224"/>
  <attribute name="Output T" value="16"/>
  <attribute name= "Current Time Running" value="3277" />
  <attribute name="GC Util currently" value="6" />
  <attribute name="CPU Util currently" value="10" />
<allocation-satisfied id="63" threadId="0000000002657F00" bytesRequested="24" />
<af-end id="64" timestamp="2019-08-08T12:06:08.788" threadId="0000000002658888" success="true" />
<exclusive-end id="65" timestamp="2019-08-08T12:06:08.788" durationms="85.973" />

<exclusive-start id="66" timestamp="2019-08-08T12:06:10.972" intervalms="2270.155">
  <response-info timems="0.149" idlems="0.149" threads="0" lastid="000000000266E600" lastname="node-9" />
</exclusive-start>
<af-start id="67" threadId="000000000266EF88" totalBytesRequested="128" timestamp="2019-08-08T12:06:10.972" intervalms="2270.151" />
<cycle-start id="68" type="global" contextid="0" timestamp="2019-08-08T12:06:10.972" intervalms="2270.143" />
<gc-start id="69" type="global" contextid="68" timestamp="2019-08-08T12:06:10.972">
  <mem-info id="70" free="445440" total="8912896" percent="4">
    <mem type="tenure" free="445440" total="8912896" percent="4">
      <mem type="soa" free="0" total="8467456" percent="0" />
      <mem type="loa" free="445440" total="445440" percent="100" />
    </mem>
  </mem-info>
</gc-start>
<allocation-stats totalBytes="1581720" >
  <allocated-bytes non-tlh="0" tlh="1581720" />
  <largest-consumer threadName="node-0" threadId="0000000002666F00" bytes="208736" />
</allocation-stats>
<gc-op id="71" type="mark" timems="6.459" contextid="68" timestamp="2019-08-08T12:06:10.979">
  <trace-info objectcount="145873" scancount="136310" scanbytes="5331144" />
  <finalization candidates="13" enqueued="0" />
  <references type="soft" candidates="66" cleared="0" enqueued="0" dynamicThreshold="7" maxThreshold="32" />
  <references type="weak" candidates="143" cleared="0" enqueued="0" />
  <references type="phantom" candidates="57" cleared="0" enqueued="0" />
  <stringconstants candidates="3837" cleared="0"  />
</gc-op>
<gc-op id="72" type="sweep" timems="2.322" contextid="68" timestamp="2019-08-08T12:06:10.981" />
<mem-info id="73" free="2025904" total="8912896" percent="22">
  <mem type="tenure" free="2025904" total="8912896" percent="22" micro-fragmented="11013">
    <mem type="soa" free="1580464" total="8467456" percent="18" />
    <mem type="loa" free="445440" total="445440" percent="100" />
  </mem>
</mem-info>
<gc-op id="74" type="compact" timems="21.554" contextid="68" timestamp="2019-08-08T12:06:11.003">
  <compact-info movecount="36973" movebytes="2477824" reason="compact to aid heap contraction" />
</gc-op>
<heap-resize id="75" type="expand" space="tenure" amount="131072" count="1" timems="0.021" reason="satisfy allocation request" timestamp="2019-08-08T12:06:11.003" />
<gc-end id="76" type="global" contextid="68" durationms="30.855" usertimems="40.207" systemtimems="2.045" timestamp="2019-08-08T12:06:11.003" activeThreads="16">
  <mem-info id="77" free="2152432" total="9043968" percent="23">
    <mem type="tenure" free="2152432" total="9043968" percent="23">
      <mem type="soa" free="1700848" total="8592384" percent="19" />
      <mem type="loa" free="451584" total="451584" percent="100" />
    </mem>
  </mem-info>
</gc-end>
<cycle-end id="78" type="global" contextid="68" timestamp="2019-08-08T12:06:11.003" />
  <attribute name="elasticGC enabled" value="1" />
  <attribute name= "numThreadsSpecified" value="16" />
  <attribute name="heapSize specified" value="8912896" />
  <attribute name="Current GC Util" value="104" />
  <attribute name= "Current Time Running" value="5493" />
  <attribute name ="GC Interval" value="0" />
  <attribute name="Target GC Util Change" value ="80.000000" />
  <attribute name="Current GC Util Change" value="104.000000"/>
  <attribute name="Current Error" value="-57.000000" />
  <attribute name="Output H" value="8988512"/>
  <attribute name="Output I" value="1912"/>
  <attribute name="Output T" value="16"/>
  <attribute name= "Current Time Running" value="5493" />
  <attribute name="GC Util currently" value="104" />
  <attribute name="CPU Util currently" value="53417218288" />
<allocation-satisfied id="79" threadId="000000000266E600" bytesRequested="128" />
<af-end id="80" timestamp="2019-08-08T12:06:11.003" threadId="000000000266EF88" success="true" />
<exclusive-end id="81" timestamp="2019-08-08T12:06:11.003" durationms="31.120" />

<exclusive-start id="82" timestamp="2019-08-08T12:06:12.251" intervalms="1278.582">
  <response-info timems="0.096" idlems="0.096" threads="0" lastid="000000000267DB00" lastname="node-11" />
</exclusive-start>
<af-start id="83" threadId="000000000267E488" totalBytesRequested="24" timestamp="2019-08-08T12:06:12.251" intervalms="1278.574" />
<cycle-start id="84" type="global" contextid="0" timestamp="2019-08-08T12:06:12.251" intervalms="1278.579" />
<gc-start id="85" type="global" contextid="84" timestamp="2019-08-08T12:06:12.251">
  <mem-info id="86" free="451584" total="9043968" percent="4">
    <mem type="tenure" free="451584" total="9043968" percent="4">
      <mem type="soa" free="0" total="8592384" percent="0" />
      <mem type="loa" free="451584" total="451584" percent="100" />
    </mem>
  </mem-info>
</gc-start>
<allocation-stats totalBytes="1706776" >
  <allocated-bytes non-tlh="0" tlh="1706776" />
  <largest-consumer threadName="node-7" threadId="0000000002679F00" bytes="184288" />
</allocation-stats>
<gc-op id="87" type="mark" timems="4.458" contextid="84" timestamp="2019-08-08T12:06:12.255">
  <trace-info objectcount="145816" scancount="136259" scanbytes="5329488" />
  <finalization candidates="13" enqueued="0" />
  <references type="soft" candidates="66" cleared="0" enqueued="0" dynamicThreshold="7" maxThreshold="32" />
  <references type="weak" candidates="143" cleared="0" enqueued="0" />
  <references type="phantom" candidates="57" cleared="0" enqueued="0" />
  <stringconstants candidates="3837" cleared="0"  />
</gc-op>
<gc-op id="88" type="sweep" timems="1.799" contextid="84" timestamp="2019-08-08T12:06:12.257" />
<mem-info id="89" free="2160232" total="9043968" percent="23">
  <mem type="tenure" free="2160232" total="9043968" percent="23" micro-fragmented="0">
    <mem type="soa" free="1708648" total="8592384" percent="19" />
    <mem type="loa" free="451584" total="451584" percent="100" />
  </mem>
</mem-info>
<gc-op id="90" type="compact" timems="9.794" contextid="84" timestamp="2019-08-08T12:06:12.267">
  <compact-info movecount="2476" movebytes="64816" reason="compact to aid heap contraction" />
</gc-op>
<heap-resize id="91" type="expand" space="tenure" amount="131072" count="1" timems="0.014" reason="satisfy allocation request" timestamp="2019-08-08T12:06:12.267" />
<gc-end id="92" type="global" contextid="84" durationms="16.461" usertimems="20.218" systemtimems="5.664" timestamp="2019-08-08T12:06:12.267" activeThreads="16">
  <mem-info id="93" free="2282144" total="9175040" percent="24">
    <mem type="tenure" free="2282144" total="9175040" percent="24">
      <mem type="soa" free="1823392" total="8716288" percent="20" />
      <mem type="loa" free="458752" total="458752" percent="100" />
    </mem>
  </mem-info>
</gc-end>
<cycle-end id="94" type="global" contextid="84" timestamp="2019-08-08T12:06:12.267" />
  <attribute name="elasticGC enabled" value="1" />
  <attribute name= "numThreadsSpecified" value="16" />
  <attribute name="heapSize specified" value="9043968" />
  <attribute name="Current GC Util" value="21" />
  <attribute name= "Current Time Running" value="6757" />
  <attribute name ="GC Interval" value="0" />
  <attribute name="Target GC Util Change" value ="80.000000" />
  <attribute name="Current GC Util Change" value="21.000000"/>
  <attribute name="Current Error" value="59.000000" />
  <attribute name="Output H" value="9119720"/>
  <attribute name="Output I" value="2120"/>
  <attribute name="Output T" value="16"/>
  <attribute name= "Current Time Running" value="6757" />
  <attribute name="GC Util currently" value="21" />
  <attribute name="CPU Util currently" value="117629447427" />
<allocation-satisfied id="95" threadId="000000000267DB00" bytesRequested="24" />
<af-end id="96" timestamp="2019-08-08T12:06:12.268" threadId="000000000267E488" success="true" />
<exclusive-end id="97" timestamp="2019-08-08T12:06:12.268" durationms="16.692" />

<exclusive-start id="98" timestamp="2019-08-08T12:06:13.365" intervalms="1113.868">
  <response-info timems="0.017" idlems="0.017" threads="0" lastid="00000000026A3200" lastname="node-14" />
</exclusive-start>
<af-start id="99" threadId="00000000026A3B88" totalBytesRequested="16" timestamp="2019-08-08T12:06:13.365" intervalms="1114.449" />
<cycle-start id="100" type="global" contextid="0" timestamp="2019-08-08T12:06:13.365" intervalms="1114.474" />
<gc-start id="101" type="global" contextid="100" timestamp="2019-08-08T12:06:13.365">
  <mem-info id="102" free="458752" total="9175040" percent="5">
    <mem type="tenure" free="458752" total="9175040" percent="5">
      <mem type="soa" free="0" total="8716288" percent="0" />
      <mem type="loa" free="458752" total="458752" percent="100" />
    </mem>
  </mem-info>
</gc-start>
<allocation-stats totalBytes="1833016" >
  <allocated-bytes non-tlh="0" tlh="1833016" />
  <largest-consumer threadName="node-7" threadId="0000000002679F00" bytes="144024" />
</allocation-stats>
<gc-op id="103" type="mark" timems="4.456" contextid="100" timestamp="2019-08-08T12:06:13.370">
  <trace-info objectcount="145756" scancount="136213" scanbytes="5328040" />
  <finalization candidates="13" enqueued="0" />
  <references type="soft" candidates="66" cleared="0" enqueued="0" dynamicThreshold="7" maxThreshold="32" />
  <references type="weak" candidates="143" cleared="0" enqueued="0" />
  <references type="phantom" candidates="57" cleared="0" enqueued="0" />
  <stringconstants candidates="3837" cleared="0"  />
</gc-op>
<gc-op id="104" type="sweep" timems="1.221" contextid="100" timestamp="2019-08-08T12:06:13.371" />
<mem-info id="105" free="2293632" total="9175040" percent="24">
  <mem type="tenure" free="2293632" total="9175040" percent="24" micro-fragmented="0">
    <mem type="soa" free="1834880" total="8716288" percent="21" />
    <mem type="loa" free="458752" total="458752" percent="100" />
  </mem>
</mem-info>
<gc-op id="106" type="compact" timems="10.347" contextid="100" timestamp="2019-08-08T12:06:13.382">
  <compact-info movecount="2416" movebytes="61872" reason="compact to aid heap contraction" />
</gc-op>
<heap-resize id="107" type="expand" space="tenure" amount="131072" count="1" timems="0.021" reason="satisfy allocation request" timestamp="2019-08-08T12:06:13.382" />
<gc-end id="108" type="global" contextid="100" durationms="16.988" usertimems="20.540" systemtimems="8.363" timestamp="2019-08-08T12:06:13.382" activeThreads="16">
  <mem-info id="109" free="2420256" total="9306112" percent="26">
    <mem type="tenure" free="2420256" total="9306112" percent="26">
      <mem type="soa" free="1955360" total="8841216" percent="22" />
      <mem type="loa" free="464896" total="464896" percent="100" />
    </mem>
  </mem-info>
</gc-end>
<cycle-end id="110" type="global" contextid="100" timestamp="2019-08-08T12:06:13.382" />
  <attribute name="elasticGC enabled" value="1" />
  <attribute name= "numThreadsSpecified" value="16" />
  <attribute name="heapSize specified" value="9175040" />
  <attribute name="Current GC Util" value="22" />
  <attribute name= "Current Time Running" value="7872" />
  <attribute name ="GC Interval" value="0" />
  <attribute name="Target GC Util Change" value ="80.000000" />
  <attribute name="Current GC Util Change" value="22.000000"/>
  <attribute name="Current Error" value="190.000000" />
  <attribute name="Output H" value="9250944"/>
  <attribute name="Output I" value="2352"/>
  <attribute name="Output T" value="16"/>
  <attribute name= "Current Time Running" value="7872" />
  <attribute name="GC Util currently" value="22" />
  <attribute name="CPU Util currently" value="110131456327" />
<allocation-satisfied id="111" threadId="00000000026A3200" bytesRequested="16" />
<af-end id="112" timestamp="2019-08-08T12:06:13.382" threadId="00000000026A3B88" success="true" />
<exclusive-end id="113" timestamp="2019-08-08T12:06:13.382" durationms="17.806" />

<exclusive-start id="114" timestamp="2019-08-08T12:06:14.518" intervalms="1153.426">
  <response-info timems="0.389" idlems="0.389" threads="0" lastid="00000000026A6D00" lastname="node-5" />
</exclusive-start>
<af-start id="115" threadId="00000000026A7688" totalBytesRequested="32" timestamp="2019-08-08T12:06:14.519" intervalms="1154.129" />
<cycle-start id="116" type="global" contextid="0" timestamp="2019-08-08T12:06:14.520" intervalms="1154.216" />
<gc-start id="117" type="global" contextid="116" timestamp="2019-08-08T12:06:14.520">
  <mem-info id="118" free="464896" total="9306112" percent="4">
    <mem type="tenure" free="464896" total="9306112" percent="4">
      <mem type="soa" free="0" total="8841216" percent="0" />
      <mem type="loa" free="464896" total="464896" percent="100" />
    </mem>
  </mem-info>
</gc-start>
<allocation-stats totalBytes="1961664" >
  <allocated-bytes non-tlh="0" tlh="1961664" />
  <largest-consumer threadName="node-11" threadId="000000000267DB00" bytes="143336" />
</allocation-stats>
<gc-op id="119" type="mark" timems="5.750" contextid="116" timestamp="2019-08-08T12:06:14.525">
  <trace-info objectcount="145720" scancount="136200" scanbytes="5326712" />
  <finalization candidates="13" enqueued="0" />
  <references type="soft" candidates="66" cleared="0" enqueued="0" dynamicThreshold="8" maxThreshold="32" />
  <references type="weak" candidates="143" cleared="0" enqueued="0" />
  <references type="phantom" candidates="57" cleared="0" enqueued="0" />
  <stringconstants candidates="3837" cleared="0"  />
</gc-op>
<gc-op id="120" type="sweep" timems="1.407" contextid="116" timestamp="2019-08-08T12:06:14.527" />
<mem-info id="121" free="2419656" total="9306112" percent="26">
  <mem type="tenure" free="2419656" total="9306112" percent="26" micro-fragmented="0">
    <mem type="soa" free="1954760" total="8841216" percent="22" />
    <mem type="loa" free="464896" total="464896" percent="100" />
  </mem>
</mem-info>
<gc-op id="122" type="compact" timems="11.334" contextid="116" timestamp="2019-08-08T12:06:14.538">
  <compact-info movecount="2380" movebytes="61088" reason="compact to aid heap contraction" />
</gc-op>
<heap-resize id="123" type="expand" space="tenure" amount="131072" count="1" timems="0.022" reason="satisfy allocation request" timestamp="2019-08-08T12:06:14.539" />
<gc-end id="124" type="global" contextid="116" durationms="19.323" usertimems="39.232" systemtimems="0.472" timestamp="2019-08-08T12:06:14.539" activeThreads="16">
  <mem-info id="125" free="2539824" total="9437184" percent="26">
    <mem type="tenure" free="2539824" total="9437184" percent="26">
      <mem type="soa" free="2068784" total="8966144" percent="23" />
      <mem type="loa" free="471040" total="471040" percent="100" />
    </mem>
  </mem-info>
</gc-end>
<cycle-end id="126" type="global" contextid="116" timestamp="2019-08-08T12:06:14.539" />
  <attribute name="elasticGC enabled" value="1" />
  <attribute name= "numThreadsSpecified" value="16" />
  <attribute name="heapSize specified" value="9306112" />
  <attribute name="Current GC Util" value="20" />
  <attribute name= "Current Time Running" value="9028" />
  <attribute name ="GC Interval" value="0" />
  <attribute name="Target GC Util Change" value ="80.000000" />
  <attribute name="Current GC Util Change" value="20.000000"/>
  <attribute name="Current Error" value="152.000000" />
  <attribute name="Output H" value="9381968"/>
  <attribute name="Output I" value="2280"/>
  <attribute name="Output T" value="16"/>
  <attribute name= "Current Time Running" value="9028" />
  <attribute name="GC Util currently" value="20" />
  <attribute name="CPU Util currently" value="101125694454" />
<allocation-satisfied id="127" threadId="00000000026A6D00" bytesRequested="32" />
<af-end id="128" timestamp="2019-08-08T12:06:14.539" threadId="00000000026A7688" success="true" />
<exclusive-end id="129" timestamp="2019-08-08T12:06:14.539" durationms="21.292" />

<exclusive-start id="130" timestamp="2019-08-08T12:06:16.067" intervalms="1548.917">
  <response-info timems="2.094" idlems="1.078" threads="1" lastid="0000000002690600" lastname="node-10" />
</exclusive-start>
<af-start id="131" threadId="00000000026AB288" totalBytesRequested="112" timestamp="2019-08-08T12:06:16.067" intervalms="1547.651" />
<cycle-start id="132" type="global" contextid="0" timestamp="2019-08-08T12:06:16.067" intervalms="1547.534" />
<gc-start id="133" type="global" contextid="132" timestamp="2019-08-08T12:06:16.067">
  <mem-info id="134" free="471040" total="9437184" percent="4">
    <mem type="tenure" free="471040" total="9437184" percent="4">
      <mem type="soa" free="0" total="8966144" percent="0" />
      <mem type="loa" free="471040" total="471040" percent="100" />
    </mem>
  </mem-info>
</gc-start>
<allocation-stats totalBytes="2086024" >
  <allocated-bytes non-tlh="0" tlh="2086024" />
  <largest-consumer threadName="node-8" threadId="0000000002688E00" bytes="143320" />
</allocation-stats>
<gc-op id="135" type="mark" timems="6.252" contextid="132" timestamp="2019-08-08T12:06:16.073">
  <trace-info objectcount="145612" scancount="136101" scanbytes="5323732" />
  <finalization candidates="13" enqueued="0" />
  <references type="soft" candidates="66" cleared="20" enqueued="16" dynamicThreshold="8" maxThreshold="32" />
  <references type="weak" candidates="143" cleared="0" enqueued="0" />
  <references type="phantom" candidates="57" cleared="0" enqueued="0" />
  <stringconstants candidates="3837" cleared="0"  />
</gc-op>
<gc-op id="136" type="sweep" timems="0.737" contextid="132" timestamp="2019-08-08T12:06:16.074" />
<mem-info id="137" free="2556336" total="9437184" percent="27">
  <mem type="tenure" free="2556336" total="9437184" percent="27" micro-fragmented="0">
    <mem type="soa" free="2085296" total="8966144" percent="23" />
    <mem type="loa" free="471040" total="471040" percent="100" />
  </mem>
  <pending-finalizers system="0" default="0" reference="16" classloader="0" />
</mem-info>
<gc-op id="138" type="compact" timems="68.151" contextid="132" timestamp="2019-08-08T12:06:16.142">
  <compact-info movecount="138163" movebytes="6544744" reason="compact to aid heap contraction" />
</gc-op>
<heap-resize id="139" type="expand" space="tenure" amount="131072" count="1" timems="0.022" reason="satisfy allocation request" timestamp="2019-08-08T12:06:16.145" />
<gc-end id="140" type="global" contextid="132" durationms="77.511" usertimems="85.038" systemtimems="0.000" timestamp="2019-08-08T12:06:16.145" activeThreads="16">
  <mem-info id="141" free="2675408" total="9568256" percent="27">
    <mem type="tenure" free="2675408" total="9568256" percent="27">
      <mem type="soa" free="2197200" total="9090048" percent="24" />
      <mem type="loa" free="478208" total="478208" percent="100" />
    </mem>
    <pending-finalizers system="0" default="0" reference="16" classloader="0" />
  </mem-info>
</gc-end>
<cycle-end id="142" type="global" contextid="132" timestamp="2019-08-08T12:06:16.145" />
  <attribute name="elasticGC enabled" value="1" />
  <attribute name= "numThreadsSpecified" value="16" />
  <attribute name="heapSize specified" value="9437184" />
  <attribute name="Current GC Util" value="6" />
  <attribute name= "Current Time Running" value="10633" />
  <attribute name ="GC Interval" value="0" />
  <attribute name="Target GC Util Change" value ="80.000000" />
  <attribute name="Current GC Util Change" value="6.000000"/>
  <attribute name="Current Error" value="31.000000" />
  <attribute name="Output H" value="9512904"/>
  <attribute name="Output I" value="2064"/>
  <attribute name="Output T" value="16"/>
  <attribute name= "Current Time Running" value="10633" />
  <attribute name="GC Util currently" value="6" />
  <attribute name="CPU Util currently" value="16907014654" />
<allocation-satisfied id="143" threadId="00000000026AA900" bytesRequested="112" />
<af-end id="144" timestamp="2019-08-08T12:06:16.145" threadId="00000000026AB288" success="true" />
<exclusive-end id="145" timestamp="2019-08-08T12:06:16.145" durationms="78.130" />

<exclusive-start id="146" timestamp="2019-08-08T12:06:17.830" intervalms="1762.975">
  <response-info timems="0.659" idlems="0.659" threads="0" lastid="000000000269BA00" lastname="node-21" />
</exclusive-start>
<af-start id="147" threadId="000000000269C388" totalBytesRequested="32" timestamp="2019-08-08T12:06:17.830" intervalms="1762.975" />
<cycle-start id="148" type="global" contextid="0" timestamp="2019-08-08T12:06:17.830" intervalms="1762.998" />
<gc-start id="149" type="global" contextid="148" timestamp="2019-08-08T12:06:17.830">
  <mem-info id="150" free="478208" total="9568256" percent="4">
    <mem type="tenure" free="478208" total="9568256" percent="4">
      <mem type="soa" free="0" total="9090048" percent="0" />
      <mem type="loa" free="478208" total="478208" percent="100" />
    </mem>
  </mem-info>
</gc-start>
<allocation-stats totalBytes="2213024" >
  <allocated-bytes non-tlh="0" tlh="2213024" />
  <largest-consumer threadName="node-9" threadId="000000000266E600" bytes="143296" />
</allocation-stats>
<gc-op id="151" type="mark" timems="8.245" contextid="148" timestamp="2019-08-08T12:06:17.838">
  <trace-info objectcount="145497" scancount="135957" scanbytes="5319888" />
  <finalization candidates="13" enqueued="0" />
  <references type="soft" candidates="46" cleared="0" enqueued="0" dynamicThreshold="8" maxThreshold="32" />
  <references type="weak" candidates="143" cleared="0" enqueued="0" />
  <references type="phantom" candidates="57" cleared="0" enqueued="0" />
  <stringconstants candidates="3837" cleared="0"  />
</gc-op>
<gc-op id="152" type="sweep" timems="1.271" contextid="148" timestamp="2019-08-08T12:06:17.840" />
<mem-info id="153" free="2689072" total="9568256" percent="28">
  <mem type="tenure" free="2689072" total="9568256" percent="28" micro-fragmented="27242">
    <mem type="soa" free="2210864" total="9090048" percent="24" />
    <mem type="loa" free="478208" total="478208" percent="100" />
  </mem>
</mem-info>
<gc-op id="154" type="compact" timems="76.282" contextid="148" timestamp="2019-08-08T12:06:17.916">
  <compact-info movecount="133052" movebytes="6355312" reason="compact to aid heap contraction" />
</gc-op>
<heap-resize id="155" type="expand" space="tenure" amount="131072" count="1" timems="0.025" reason="satisfy allocation request" timestamp="2019-08-08T12:06:17.916" />
<gc-end id="156" type="global" contextid="148" durationms="86.364" usertimems="93.008" systemtimems="0.000" timestamp="2019-08-08T12:06:17.916" activeThreads="16">
  <mem-info id="157" free="2817536" total="9699328" percent="29">
    <mem type="tenure" free="2817536" total="9699328" percent="29">
      <mem type="soa" free="2333184" total="9214976" percent="25" />
      <mem type="loa" free="484352" total="484352" percent="100" />
    </mem>
  </mem-info>
</gc-end>
<cycle-end id="158" type="global" contextid="148" timestamp="2019-08-08T12:06:17.917" />
  <attribute name="elasticGC enabled" value="1" />
  <attribute name= "numThreadsSpecified" value="16" />
  <attribute name="heapSize specified" value="9568256" />
  <attribute name="Current GC Util" value="6" />
  <attribute name= "Current Time Running" value="12406" />
  <attribute name ="GC Interval" value="0" />
  <attribute name="Target GC Util Change" value ="80.000000" />
  <attribute name="Current GC Util Change" value="6.000000"/>
  <attribute name="Current Error" value="143.000000" />
  <attribute name="Output H" value="9644104"/>
  <attribute name="Output I" value="2264"/>
  <attribute name="Output T" value="16"/>
  <attribute name= "Current Time Running" value="12406" />
  <attribute name="GC Util currently" value="6" />
  <attribute name="CPU Util currently" value="15112466338" />
<allocation-satisfied id="159" threadId="000000000269BA00" bytesRequested="32" />
<af-end id="160" timestamp="2019-08-08T12:06:17.917" threadId="000000000269C388" success="true" />
<exclusive-end id="161" timestamp="2019-08-08T12:06:17.917" durationms="86.592" />

<exclusive-start id="162" timestamp="2019-08-08T12:06:19.616" intervalms="1785.735">
  <response-info timems="0.024" idlems="0.024" threads="0" lastid="0000000002694200" lastname="node-25" />
</exclusive-start>
<af-start id="163" threadId="0000000002694B88" totalBytesRequested="16" timestamp="2019-08-08T12:06:19.616" intervalms="1785.912" />
<cycle-start id="164" type="global" contextid="0" timestamp="2019-08-08T12:06:19.616" intervalms="1785.897" />
<gc-start id="165" type="global" contextid="164" timestamp="2019-08-08T12:06:19.616">
  <mem-info id="166" free="484352" total="9699328" percent="4">
    <mem type="tenure" free="484352" total="9699328" percent="4">
      <mem type="soa" free="0" total="9214976" percent="0" />
      <mem type="loa" free="484352" total="484352" percent="100" />
    </mem>
  </mem-info>
</gc-start>
<allocation-stats totalBytes="2342832" >
  <allocated-bytes non-tlh="0" tlh="2342832" />
  <largest-consumer threadName="node-8" threadId="0000000002688E00" bytes="143344" />
</allocation-stats>
<gc-op id="167" type="mark" timems="10.390" contextid="164" timestamp="2019-08-08T12:06:19.626">
  <trace-info objectcount="145482" scancount="135937" scanbytes="5319168" />
  <finalization candidates="13" enqueued="0" />
  <references type="soft" candidates="46" cleared="0" enqueued="0" dynamicThreshold="9" maxThreshold="32" />
  <references type="weak" candidates="143" cleared="0" enqueued="0" />
  <references type="phantom" candidates="57" cleared="0" enqueued="0" />
  <stringconstants candidates="3837" cleared="0"  />
</gc-op>
<gc-op id="168" type="sweep" timems="2.758" contextid="164" timestamp="2019-08-08T12:06:19.629" />
<mem-info id="169" free="2808056" total="9699328" percent="28">
  <mem type="tenure" free="2808056" total="9699328" percent="28" micro-fragmented="0">
    <mem type="soa" free="2323704" total="9214976" percent="25" />
    <mem type="loa" free="484352" total="484352" percent="100" />
  </mem>
</mem-info>
<gc-op id="170" type="compact" timems="14.840" contextid="164" timestamp="2019-08-08T12:06:19.644">
  <compact-info movecount="6000" movebytes="342824" reason="compact to aid heap contraction" />
</gc-op>
<heap-resize id="171" type="expand" space="tenure" amount="131072" count="1" timems="0.024" reason="satisfy allocation request" timestamp="2019-08-08T12:06:19.645" />
<gc-end id="172" type="global" contextid="164" durationms="28.681" usertimems="29.906" systemtimems="3.114" timestamp="2019-08-08T12:06:19.645" activeThreads="16">
  <mem-info id="173" free="2944392" total="9830400" percent="29">
    <mem type="tenure" free="2944392" total="9830400" percent="29">
      <mem type="soa" free="2452872" total="9338880" percent="26" />
      <mem type="loa" free="491520" total="491520" percent="100" />
    </mem>
  </mem-info>
</gc-end>
<cycle-end id="174" type="global" contextid="164" timestamp="2019-08-08T12:06:19.646" />
  <attribute name="elasticGC enabled" value="1" />
  <attribute name= "numThreadsSpecified" value="16" />
  <attribute name="heapSize specified" value="9699328" />
  <attribute name="Current GC Util" value="24" />
  <attribute name= "Current Time Running" value="14134" />
  <attribute name ="GC Interval" value="0" />
  <attribute name="Target GC Util Change" value ="80.000000" />
  <attribute name="Current GC Util Change" value="24.000000"/>
  <attribute name="Current Error" value="128.000000" />
  <attribute name="Output H" value="9775160"/>
  <attribute name="Output I" value="2240"/>
  <attribute name="Output T" value="16"/>
  <attribute name= "Current Time Running" value="14134" />
  <attribute name="GC Util currently" value="24" />
  <attribute name="CPU Util currently" value="77540616868" />
<allocation-satisfied id="175" threadId="0000000002694200" bytesRequested="16" />
<af-end id="176" timestamp="2019-08-08T12:06:19.646" threadId="0000000002694B88" success="true" />
<exclusive-end id="177" timestamp="2019-08-08T12:06:19.646" durationms="30.307" />

<exclusive-start id="178" timestamp="2019-08-08T12:06:20.745" intervalms="1129.339">
  <response-info timems="1.598" idlems="0.817" threads="3" lastid="0000000002681600" lastname="node-6" />
</exclusive-start>
<af-start id="179" threadId="00000000026AB288" totalBytesRequested="16" timestamp="2019-08-08T12:06:20.745" intervalms="1129.245" />
<cycle-start id="180" type="global" contextid="0" timestamp="2019-08-08T12:06:20.745" intervalms="1129.247" />
<gc-start id="181" type="global" contextid="180" timestamp="2019-08-08T12:06:20.745">
  <mem-info id="182" free="491520" total="9830400" percent="5">
    <mem type="tenure" free="491520" total="9830400" percent="5">
      <mem type="soa" free="0" total="9338880" percent="0" />
      <mem type="loa" free="491520" total="491520" percent="100" />
    </mem>
  </mem-info>
</gc-start>
<allocation-stats totalBytes="2457024" >
  <allocated-bytes non-tlh="0" tlh="2457024" />
  <largest-consumer threadName="node-9" threadId="000000000266E600" bytes="143112" />
</allocation-stats>
<gc-op id="183" type="mark" timems="5.903" contextid="180" timestamp="2019-08-08T12:06:20.751">
  <trace-info objectcount="145444" scancount="135905" scanbytes="5318376" />
  <finalization candidates="13" enqueued="0" />
  <references type="soft" candidates="46" cleared="0" enqueued="0" dynamicThreshold="9" maxThreshold="32" />
  <references type="weak" candidates="143" cleared="0" enqueued="0" />
  <references type="phantom" candidates="57" cleared="0" enqueued="0" />
  <stringconstants candidates="3837" cleared="0"  />
</gc-op>
<gc-op id="184" type="sweep" timems="2.655" contextid="180" timestamp="2019-08-08T12:06:20.754" />
<mem-info id="185" free="2947240" total="9830400" percent="29">
  <mem type="tenure" free="2947240" total="9830400" percent="29" micro-fragmented="0">
    <mem type="soa" free="2455720" total="9338880" percent="26" />
    <mem type="loa" free="491520" total="491520" percent="100" />
  </mem>
</mem-info>
<gc-op id="186" type="compact" timems="11.717" contextid="180" timestamp="2019-08-08T12:06:20.766">
  <compact-info movecount="2226" movebytes="58392" reason="compact to aid heap contraction" />
</gc-op>
<heap-resize id="187" type="expand" space="tenure" amount="131072" count="1" timems="0.020" reason="satisfy allocation request" timestamp="2019-08-08T12:06:20.767" />
<gc-end id="188" type="global" contextid="180" durationms="21.477" usertimems="25.116" systemtimems="5.920" timestamp="2019-08-08T12:06:20.767" activeThreads="16">
  <mem-info id="189" free="3071160" total="9961472" percent="30">
    <mem type="tenure" free="3071160" total="9961472" percent="30">
      <mem type="soa" free="2573496" total="9463808" percent="27" />
      <mem type="loa" free="497664" total="497664" percent="100" />
    </mem>
  </mem-info>
</gc-end>
<cycle-end id="190" type="global" contextid="180" timestamp="2019-08-08T12:06:20.767" />
  <attribute name="elasticGC enabled" value="1" />
  <attribute name= "numThreadsSpecified" value="16" />
  <attribute name="heapSize specified" value="9830400" />
  <attribute name="Current GC Util" value="29" />
  <attribute name= "Current Time Running" value="15256" />
  <attribute name ="GC Interval" value="0" />
  <attribute name="Target GC Util Change" value ="80.000000" />
  <attribute name="Current GC Util Change" value="29.000000"/>
  <attribute name="Current Error" value="51.000000" />
  <attribute name="Output H" value="9906144"/>
  <attribute name="Output I" value="2104"/>
  <attribute name="Output T" value="16"/>
  <attribute name= "Current Time Running" value="15256" />
  <attribute name="GC Util currently" value="29" />
  <attribute name="CPU Util currently" value="97199715789" />
<allocation-satisfied id="191" threadId="00000000026AA900" bytesRequested="16" />
<af-end id="192" timestamp="2019-08-08T12:06:20.767" threadId="00000000026AB288" success="true" />
<exclusive-end id="193" timestamp="2019-08-08T12:06:20.767" durationms="22.105" />

<exclusive-start id="194" timestamp="2019-08-08T12:06:21.947" intervalms="1201.721">
  <response-info timems="0.076" idlems="0.076" threads="0" lastid="0000000002697E00" lastname="node-16" />
</exclusive-start>
<af-start id="195" threadId="0000000002698788" totalBytesRequested="376" timestamp="2019-08-08T12:06:21.947" intervalms="1201.629" />
<cycle-start id="196" type="global" contextid="0" timestamp="2019-08-08T12:06:21.947" intervalms="1201.626" />
<gc-start id="197" type="global" contextid="196" timestamp="2019-08-08T12:06:21.947">
  <mem-info id="198" free="497664" total="9961472" percent="4">
    <mem type="tenure" free="497664" total="9961472" percent="4">
      <mem type="soa" free="0" total="9463808" percent="0" />
      <mem type="loa" free="497664" total="497664" percent="100" />
    </mem>
  </mem-info>
</gc-start>
<allocation-stats totalBytes="2590192" >
  <allocated-bytes non-tlh="0" tlh="2590192" />
  <largest-consumer threadName="node-9" threadId="000000000266E600" bytes="143352" />
</allocation-stats>
<gc-op id="199" type="mark" timems="4.233" contextid="196" timestamp="2019-08-08T12:06:21.951">
  <trace-info objectcount="145386" scancount="135867" scanbytes="5317432" />
  <finalization candidates="13" enqueued="0" />
  <references type="soft" candidates="46" cleared="1" enqueued="0" dynamicThreshold="9" maxThreshold="32" />
  <references type="weak" candidates="143" cleared="0" enqueued="0" />
  <references type="phantom" candidates="57" cleared="0" enqueued="0" />
  <stringconstants candidates="3837" cleared="0"  />
</gc-op>
<gc-op id="200" type="sweep" timems="0.517" contextid="196" timestamp="2019-08-08T12:06:21.952" />
<mem-info id="201" free="3090520" total="9961472" percent="31">
  <mem type="tenure" free="3090520" total="9961472" percent="31" micro-fragmented="0">
    <mem type="soa" free="2592856" total="9463808" percent="27" />
    <mem type="loa" free="497664" total="497664" percent="100" />
  </mem>
</mem-info>
<gc-op id="202" type="compact" timems="73.516" contextid="196" timestamp="2019-08-08T12:06:22.025">
  <compact-info movecount="128757" movebytes="6060056" reason="compact to aid heap contraction" />
</gc-op>
<heap-resize id="203" type="expand" space="tenure" amount="131072" count="1" timems="0.029" reason="satisfy allocation request" timestamp="2019-08-08T12:06:22.027" />
<gc-end id="204" type="global" contextid="196" durationms="80.340" usertimems="89.277" systemtimems="0.914" timestamp="2019-08-08T12:06:22.027" activeThreads="16">
  <mem-info id="205" free="3206216" total="10092544" percent="31">
    <mem type="tenure" free="3206216" total="10092544" percent="31">
      <mem type="soa" free="2702408" total="9588736" percent="28" />
      <mem type="loa" free="503808" total="503808" percent="100" />
    </mem>
  </mem-info>
</gc-end>
<cycle-end id="206" type="global" contextid="196" timestamp="2019-08-08T12:06:22.027" />
  <attribute name="elasticGC enabled" value="1" />
  <attribute name= "numThreadsSpecified" value="16" />
  <attribute name="heapSize specified" value="9961472" />
  <attribute name="Current GC Util" value="4" />
  <attribute name= "Current Time Running" value="16516" />
  <attribute name ="GC Interval" value="0" />
  <attribute name="Target GC Util Change" value ="80.000000" />
  <attribute name="Current GC Util Change" value="4.000000"/>
  <attribute name="Current Error" value="114.000000" />
  <attribute name="Output H" value="10037288"/>
  <attribute name="Output I" value="2216"/>
  <attribute name="Output T" value="16"/>
  <attribute name= "Current Time Running" value="16516" />
  <attribute name="GC Util currently" value="4" />
  <attribute name="CPU Util currently" value="15551408019" />
<allocation-satisfied id="207" threadId="0000000002697E00" bytesRequested="376" />
<af-end id="208" timestamp="2019-08-08T12:06:22.027" threadId="0000000002698788" success="true" />
<exclusive-end id="209" timestamp="2019-08-08T12:06:22.028" durationms="80.700" />

<exclusive-start id="210" timestamp="2019-08-08T12:06:22.958" intervalms="1010.878">
  <response-info timems="0.020" idlems="0.020" threads="0" lastid="00000000026AA900" lastname="node-13" />
</exclusive-start>
<af-start id="211" threadId="00000000026AB288" totalBytesRequested="24" timestamp="2019-08-08T12:06:22.958" intervalms="1010.882" />
<cycle-start id="212" type="global" contextid="0" timestamp="2019-08-08T12:06:22.958" intervalms="1010.877" />
<gc-start id="213" type="global" contextid="212" timestamp="2019-08-08T12:06:22.958">
  <mem-info id="214" free="503808" total="10092544" percent="4">
    <mem type="tenure" free="503808" total="10092544" percent="4">
      <mem type="soa" free="0" total="9588736" percent="0" />
      <mem type="loa" free="503808" total="503808" percent="100" />
    </mem>
  </mem-info>
</gc-start>
<allocation-stats totalBytes="2717936" >
  <allocated-bytes non-tlh="0" tlh="2717936" />
  <largest-consumer threadName="node-14" threadId="00000000026A3200" bytes="143352" />
</allocation-stats>
<gc-op id="215" type="mark" timems="7.442" contextid="212" timestamp="2019-08-08T12:06:22.965">
  <trace-info objectcount="145394" scancount="135860" scanbytes="5317256" />
  <finalization candidates="13" enqueued="0" />
  <references type="soft" candidates="45" cleared="0" enqueued="0" dynamicThreshold="10" maxThreshold="32" />
  <references type="weak" candidates="143" cleared="0" enqueued="0" />
  <references type="phantom" candidates="57" cleared="0" enqueued="0" />
  <stringconstants candidates="3837" cleared="0"  />
</gc-op>
<gc-op id="216" type="sweep" timems="2.028" contextid="212" timestamp="2019-08-08T12:06:22.967" />
<mem-info id="217" free="3218080" total="10092544" percent="31">
  <mem type="tenure" free="3218080" total="10092544" percent="31" micro-fragmented="0">
    <mem type="soa" free="2714272" total="9588736" percent="28" />
    <mem type="loa" free="503808" total="503808" percent="100" />
  </mem>
</mem-info>
<gc-op id="218" type="compact" timems="17.303" contextid="212" timestamp="2019-08-08T12:06:22.985">
  <compact-info movecount="2189" movebytes="55648" reason="compact to aid heap contraction" />
</gc-op>
<heap-resize id="219" type="expand" space="tenure" amount="131072" count="1" timems="0.025" reason="satisfy allocation request" timestamp="2019-08-08T12:06:22.986" />
<gc-end id="220" type="global" contextid="212" durationms="27.734" usertimems="25.944" systemtimems="15.145" timestamp="2019-08-08T12:06:22.986" activeThreads="16">
  <mem-info id="221" free="3336456" total="10223616" percent="32">
    <mem type="tenure" free="3336456" total="10223616" percent="32">
      <mem type="soa" free="2825480" total="9712640" percent="29" />
      <mem type="loa" free="510976" total="510976" percent="100" />
    </mem>
  </mem-info>
</gc-end>
<cycle-end id="222" type="global" contextid="212" timestamp="2019-08-08T12:06:22.986" />
  <attribute name="elasticGC enabled" value="1" />
  <attribute name= "numThreadsSpecified" value="16" />
  <attribute name="heapSize specified" value="10092544" />
  <attribute name="Current GC Util" value="54" />
  <attribute name= "Current Time Running" value="17475" />
  <attribute name ="GC Interval" value="0" />
  <attribute name="Target GC Util Change" value ="80.000000" />
  <attribute name="Current GC Util Change" value="54.000000"/>
  <attribute name="Current Error" value="19.000000" />
  <attribute name="Output H" value="10168248"/>
  <attribute name="Output I" value="2048"/>
  <attribute name="Output T" value="16"/>
  <attribute name= "Current Time Running" value="17475" />
  <attribute name="GC Util currently" value="54" />
  <attribute name="CPU Util currently" value="66338135355" />
<allocation-satisfied id="223" threadId="00000000026AA900" bytesRequested="24" />
<af-end id="224" timestamp="2019-08-08T12:06:22.986" threadId="00000000026AB288" success="true" />
<exclusive-end id="225" timestamp="2019-08-08T12:06:22.986" durationms="28.077" />

<exclusive-start id="226" timestamp="2019-08-08T12:06:24.164" intervalms="1206.025">
  <response-info timems="0.342" idlems="0.342" threads="0" lastid="00000000026AE500" lastname="node-19" />
</exclusive-start>
<af-start id="227" threadId="00000000026AEE88" totalBytesRequested="32" timestamp="2019-08-08T12:06:24.164" intervalms="1206.021" />
<cycle-start id="228" type="global" contextid="0" timestamp="2019-08-08T12:06:24.164" intervalms="1206.027" />
<gc-start id="229" type="global" contextid="228" timestamp="2019-08-08T12:06:24.164">
  <mem-info id="230" free="510976" total="10223616" percent="4">
    <mem type="tenure" free="510976" total="10223616" percent="4">
      <mem type="soa" free="0" total="9712640" percent="0" />
      <mem type="loa" free="510976" total="510976" percent="100" />
    </mem>
  </mem-info>
</gc-start>
<allocation-stats totalBytes="2844664" >
  <allocated-bytes non-tlh="0" tlh="2844664" />
  <largest-consumer threadName="node-14" threadId="00000000026A3200" bytes="143328" />
</allocation-stats>
<gc-op id="231" type="mark" timems="11.673" contextid="228" timestamp="2019-08-08T12:06:24.176">
  <trace-info objectcount="145369" scancount="135833" scanbytes="5316600" />
  <finalization candidates="13" enqueued="0" />
  <references type="soft" candidates="45" cleared="0" enqueued="0" dynamicThreshold="10" maxThreshold="32" />
  <references type="weak" candidates="143" cleared="0" enqueued="0" />
  <references type="phantom" candidates="57" cleared="0" enqueued="0" />
  <stringconstants candidates="3837" cleared="0"  />
</gc-op>
<gc-op id="232" type="sweep" timems="2.632" contextid="228" timestamp="2019-08-08T12:06:24.178" />
<mem-info id="233" free="3342776" total="10223616" percent="32">
  <mem type="tenure" free="3342776" total="10223616" percent="32" micro-fragmented="0">
    <mem type="soa" free="2831800" total="9712640" percent="29" />
    <mem type="loa" free="510976" total="510976" percent="100" />
  </mem>
</mem-info>
<gc-op id="234" type="compact" timems="14.334" contextid="228" timestamp="2019-08-08T12:06:24.193">
  <compact-info movecount="2164" movebytes="54992" reason="compact to aid heap contraction" />
</gc-op>
<heap-resize id="235" type="expand" space="tenure" amount="131072" count="1" timems="0.024" reason="satisfy allocation request" timestamp="2019-08-08T12:06:24.194" />
<gc-end id="236" type="global" contextid="228" durationms="29.899" usertimems="34.464" systemtimems="14.090" timestamp="2019-08-08T12:06:24.194" activeThreads="16">
  <mem-info id="237" free="3468184" total="10354688" percent="33">
    <mem type="tenure" free="3468184" total="10354688" percent="33">
      <mem type="soa" free="2951064" total="9837568" percent="29" />
      <mem type="loa" free="517120" total="517120" percent="100" />
    </mem>
  </mem-info>
</gc-end>
<cycle-end id="238" type="global" contextid="228" timestamp="2019-08-08T12:06:24.194" />
  <attribute name="elasticGC enabled" value="1" />
  <attribute name= "numThreadsSpecified" value="16" />
  <attribute name="heapSize specified" value="10223616" />
  <attribute name="Current GC Util" value="54" />
  <attribute name= "Current Time Running" value="18683" />
  <attribute name ="GC Interval" value="0" />
  <attribute name="Target GC Util Change" value ="80.000000" />
  <attribute name="Current GC Util Change" value="54.000000"/>
  <attribute name="Current Error" value="-94.000000" />
  <attribute name="Output H" value="10299192"/>
  <attribute name="Output I" value="1848"/>
  <attribute name="Output T" value="16"/>
  <attribute name= "Current Time Running" value="18683" />
  <attribute name="GC Util currently" value="54" />
  <attribute name="CPU Util currently" value="80167938592" />
<allocation-satisfied id="239" threadId="00000000026AE500" bytesRequested="32" />
<af-end id="240" timestamp="2019-08-08T12:06:24.194" threadId="00000000026AEE88" success="true" />
<exclusive-end id="241" timestamp="2019-08-08T12:06:24.194" durationms="30.739" />

<exclusive-start id="242" timestamp="2019-08-08T12:06:25.364" intervalms="1200.361">
  <response-info timems="0.962" idlems="0.542" threads="1" lastid="0000000002685200" lastname="node-24" />
</exclusive-start>
<af-start id="243" threadId="0000000002651088" totalBytesRequested="16" timestamp="2019-08-08T12:06:25.364" intervalms="1200.465" />
<cycle-start id="244" type="global" contextid="0" timestamp="2019-08-08T12:06:25.364" intervalms="1200.466" />
<gc-start id="245" type="global" contextid="244" timestamp="2019-08-08T12:06:25.364">
  <mem-info id="246" free="517120" total="10354688" percent="4">
    <mem type="tenure" free="517120" total="10354688" percent="4">
      <mem type="soa" free="0" total="9837568" percent="0" />
      <mem type="loa" free="517120" total="517120" percent="100" />
    </mem>
  </mem-info>
</gc-start>
<allocation-stats totalBytes="2969424" >
  <allocated-bytes non-tlh="0" tlh="2969424" />
  <largest-consumer threadName="node-20" threadId="000000000266AB00" bytes="143352" />
</allocation-stats>
<heap-resize id="247" type="loa contract" space="tenure" amount="103424" count="1" timems="0.000" reason="contract underutilized loa" timestamp="2019-08-08T12:06:25.364" />
<gc-op id="248" type="mark" timems="6.324" contextid="244" timestamp="2019-08-08T12:06:25.371">
  <trace-info objectcount="145368" scancount="135848" scanbytes="5316184" />
  <finalization candidates="13" enqueued="0" />
  <references type="soft" candidates="45" cleared="0" enqueued="0" dynamicThreshold="10" maxThreshold="32" />
  <references type="weak" candidates="143" cleared="0" enqueued="0" />
  <references type="phantom" candidates="57" cleared="0" enqueued="0" />
  <stringconstants candidates="3837" cleared="0"  />
</gc-op>
<gc-op id="249" type="sweep" timems="5.985" contextid="244" timestamp="2019-08-08T12:06:25.377" />
<mem-info id="250" free="3469920" total="10354688" percent="33">
  <mem type="tenure" free="3469920" total="10354688" percent="33" micro-fragmented="0">
    <mem type="soa" free="3056224" total="9940992" percent="30" />
    <mem type="loa" free="413696" total="413696" percent="100" />
  </mem>
</mem-info>
<gc-op id="251" type="compact" timems="15.994" contextid="244" timestamp="2019-08-08T12:06:25.393">
  <compact-info movecount="2163" movebytes="66792" reason="compact to aid heap contraction" />
</gc-op>
<heap-resize id="252" type="expand" space="tenure" amount="131072" count="1" timems="0.018" reason="satisfy allocation request" timestamp="2019-08-08T12:06:25.393" />
<gc-end id="253" type="global" contextid="244" durationms="29.055" usertimems="25.449" systemtimems="15.221" timestamp="2019-08-08T12:06:25.393" activeThreads="16">
  <mem-info id="254" free="3587456" total="10485760" percent="34">
    <mem type="tenure" free="3587456" total="10485760" percent="34">
      <mem type="soa" free="3168640" total="10066944" percent="31" />
      <mem type="loa" free="418816" total="418816" percent="100" />
    </mem>
  </mem-info>
</gc-end>
<cycle-end id="255" type="global" contextid="244" timestamp="2019-08-08T12:06:25.393" />
  <attribute name="elasticGC enabled" value="1" />
  <attribute name= "numThreadsSpecified" value="16" />
  <attribute name="heapSize specified" value="10354688" />
  <attribute name="Current GC Util" value="51" />
  <attribute name= "Current Time Running" value="19883" />
  <attribute name ="GC Interval" value="0" />
  <attribute name="Target GC Util Change" value ="80.000000" />
  <attribute name="Current GC Util Change" value="51.000000"/>
  <attribute name="Current Error" value="-37.000000" />
  <attribute name="Output H" value="10430328"/>
  <attribute name="Output I" value="1944"/>
  <attribute name="Output T" value="16"/>
  <attribute name= "Current Time Running" value="19883" />
  <attribute name="GC Util currently" value="51" />
  <attribute name="CPU Util currently" value="71542523347" />
<allocation-satisfied id="256" threadId="0000000002650700" bytesRequested="16" />
<af-end id="257" timestamp="2019-08-08T12:06:25.393" threadId="0000000002651088" success="true" />
<exclusive-end id="258" timestamp="2019-08-08T12:06:25.393" durationms="29.349" />

<concurrent-kickoff id="259" timestamp="2019-08-08T12:06:26.780">
  <kickoff reason="threshold reached" targetBytes="3112172" thresholdFreeBytes="429072" remainingFree="421248" tenureFreeBytes="421248" />
</concurrent-kickoff>
<exclusive-start id="260" timestamp="2019-08-08T12:06:26.780" intervalms="1416.285">
  <response-info timems="0.057" idlems="0.057" threads="0" lastid="00000000026A6D00" lastname="node-5" />
</exclusive-start>
<cycle-start id="261" type="global" contextid="0" timestamp="2019-08-08T12:06:26.780" intervalms="1416.107" />
<exclusive-end id="262" timestamp="2019-08-08T12:06:26.780" durationms="0.016" />

<exclusive-start id="263" timestamp="2019-08-08T12:06:26.868" intervalms="88.083">
  <response-info timems="0.457" idlems="0.457" threads="0" lastid="0000000002657F00" lastname="node-2" />
</exclusive-start>
<af-start id="264" threadId="0000000002658888" totalBytesRequested="24" timestamp="2019-08-08T12:06:26.869" intervalms="1504.281" />
<concurrent-aborted id="265" timestamp="2019-08-08T12:06:26.869">
  <reason value="insufficient progress made" />
</concurrent-aborted>
<cycle-end id="266" type="global" contextid="261" timestamp="2019-08-08T12:06:26.869" />
  <attribute name="elasticGC enabled" value="1" />
  <attribute name= "numThreadsSpecified" value="16" />
  <attribute name="heapSize specified" value="10354688" />
  <attribute name="Current GC Util" value="51" />
  <attribute name= "Current Time Running" value="19883" />
  <attribute name ="GC Interval" value="0" />
  <attribute name="Target GC Util Change" value ="80.000000" />
  <attribute name="Current GC Util Change" value="51.000000"/>
  <attribute name="Current Error" value="-37.000000" />
  <attribute name="Output H" value="10430328"/>
  <attribute name="Output I" value="1944"/>
  <attribute name="Output T" value="16"/>
  <attribute name= "Current Time Running" value="19883" />
  <attribute name="GC Util currently" value="51" />
  <attribute name="CPU Util currently" value="71542523347" />
<cycle-start id="267" type="global" contextid="0" timestamp="2019-08-08T12:06:26.869" intervalms="88.219" />
<gc-start id="268" type="global" contextid="267" timestamp="2019-08-08T12:06:26.869">
  <mem-info id="269" free="418816" total="10485760" percent="3">
    <mem type="tenure" free="418816" total="10485760" percent="3">
      <mem type="soa" free="0" total="10066944" percent="0" />
      <mem type="loa" free="418816" total="418816" percent="100" />
    </mem>
  </mem-info>
</gc-start>
<allocation-stats totalBytes="3188112" >
  <allocated-bytes non-tlh="0" tlh="3188112" />
  <largest-consumer threadName="node-3" threadId="000000000265F700" bytes="143360" />
</allocation-stats>
<heap-resize id="270" type="loa contract" space="tenure" amount="104448" count="1" timems="0.000" reason="contract underutilized loa" timestamp="2019-08-08T12:06:26.869" />
<gc-op id="271" type="mark" timems="6.949" contextid="267" timestamp="2019-08-08T12:06:26.876">
  <trace-info objectcount="145310" scancount="135780" scanbytes="5315192" />
  <finalization candidates="13" enqueued="0" />
  <references type="soft" candidates="45" cleared="0" enqueued="0" dynamicThreshold="10" maxThreshold="32" />
  <references type="weak" candidates="143" cleared="0" enqueued="0" />
  <references type="phantom" candidates="57" cleared="0" enqueued="0" />
  <stringconstants candidates="3837" cleared="0"  />
</gc-op>
<gc-op id="272" type="sweep" timems="2.417" contextid="267" timestamp="2019-08-08T12:06:26.878" />
<mem-info id="273" free="3611608" total="10485760" percent="34">
  <mem type="tenure" free="3611608" total="10485760" percent="34" micro-fragmented="0">
    <mem type="soa" free="3297240" total="10171392" percent="32" />
    <mem type="loa" free="314368" total="314368" percent="100" />
  </mem>
</mem-info>
<gc-op id="274" type="compact" timems="13.486" contextid="267" timestamp="2019-08-08T12:06:26.892">
  <compact-info movecount="2105" movebytes="53584" reason="compact to aid heap contraction" />
</gc-op>
<heap-resize id="275" type="expand" space="tenure" amount="131072" count="1" timems="0.026" reason="satisfy allocation request" timestamp="2019-08-08T12:06:26.893" />
<gc-end id="276" type="global" contextid="267" durationms="24.694" usertimems="38.781" systemtimems="10.361" timestamp="2019-08-08T12:06:26.893" activeThreads="16">
  <mem-info id="277" free="3731736" total="10616832" percent="35">
    <mem type="tenure" free="3731736" total="10616832" percent="35">
      <mem type="soa" free="3413272" total="10298368" percent="33" />
      <mem type="loa" free="318464" total="318464" percent="100" />
    </mem>
  </mem-info>
</gc-end>
<cycle-end id="278" type="global" contextid="267" timestamp="2019-08-08T12:06:26.893" />
  <attribute name="elasticGC enabled" value="1" />
  <attribute name= "numThreadsSpecified" value="16" />
  <attribute name="heapSize specified" value="10485760" />
  <attribute name="Current GC Util" value="80" />
  <attribute name= "Current Time Running" value="21382" />
  <attribute name ="GC Interval" value="0" />
  <attribute name="Target GC Util Change" value ="80.000000" />
  <attribute name="Current GC Util Change" value="80.000000"/>
  <attribute name="Current Error" value="43.000000" />
  <attribute name="Output H" value="10561496"/>
  <attribute name="Output I" value="2088"/>
  <attribute name="Output T" value="16"/>
  <attribute name= "Current Time Running" value="21382" />
  <attribute name="GC Util currently" value="80" />
  <attribute name="CPU Util currently" value="85198781598" />
<allocation-satisfied id="279" threadId="0000000002657F00" bytesRequested="24" />
<af-end id="280" timestamp="2019-08-08T12:06:26.893" threadId="0000000002658888" success="true" />
<exclusive-end id="281" timestamp="2019-08-08T12:06:26.893" durationms="25.034" />

<concurrent-kickoff id="282" timestamp="2019-08-08T12:06:28.098">
  <kickoff reason="threshold reached" targetBytes="3151075" thresholdFreeBytes="434435" remainingFree="401688" tenureFreeBytes="401688" />
</concurrent-kickoff>
<exclusive-start id="283" timestamp="2019-08-08T12:06:28.100" intervalms="1231.193">
  <response-info timems="1.460" idlems="1.460" threads="0" lastid="0000000002688E00" lastname="node-8" />
</exclusive-start>
<cycle-start id="284" type="global" contextid="0" timestamp="2019-08-08T12:06:28.100" intervalms="1231.068" />
<exclusive-end id="285" timestamp="2019-08-08T12:06:28.100" durationms="0.031" />

<exclusive-start id="286" timestamp="2019-08-08T12:06:28.168" intervalms="68.357">
  <response-info timems="0.102" idlems="0.102" threads="0" lastid="0000000002697E00" lastname="node-16" />
</exclusive-start>
<af-start id="287" threadId="0000000002698788" totalBytesRequested="24" timestamp="2019-08-08T12:06:28.168" intervalms="1299.532" />
<concurrent-aborted id="288" timestamp="2019-08-08T12:06:28.168">
  <reason value="insufficient progress made" />
</concurrent-aborted>
<cycle-end id="289" type="global" contextid="284" timestamp="2019-08-08T12:06:28.168" />
  <attribute name="elasticGC enabled" value="1" />
  <attribute name= "numThreadsSpecified" value="16" />
  <attribute name="heapSize specified" value="10485760" />
  <attribute name="Current GC Util" value="80" />
  <attribute name= "Current Time Running" value="21382" />
  <attribute name ="GC Interval" value="0" />
  <attribute name="Target GC Util Change" value ="80.000000" />
  <attribute name="Current GC Util Change" value="80.000000"/>
  <attribute name="Current Error" value="43.000000" />
  <attribute name="Output H" value="10561496"/>
  <attribute name="Output I" value="2088"/>
  <attribute name="Output T" value="16"/>
  <attribute name= "Current Time Running" value="21382" />
  <attribute name="GC Util currently" value="80" />
  <attribute name="CPU Util currently" value="85198781598" />
<cycle-start id="290" type="global" contextid="0" timestamp="2019-08-08T12:06:28.168" intervalms="68.602" />
<gc-start id="291" type="global" contextid="290" timestamp="2019-08-08T12:06:28.168">
  <mem-info id="292" free="318464" total="10616832" percent="2">
    <mem type="tenure" free="318464" total="10616832" percent="2">
      <mem type="soa" free="0" total="10298368" percent="0" />
      <mem type="loa" free="318464" total="318464" percent="100" />
    </mem>
  </mem-info>
</gc-start>
<allocation-stats totalBytes="3432832" >
  <allocated-bytes non-tlh="0" tlh="3432832" />
  <largest-consumer threadName="node-9" threadId="000000000266E600" bytes="184288" />
</allocation-stats>
<heap-resize id="293" type="loa contract" space="tenure" amount="106496" count="1" timems="0.000" reason="contract underutilized loa" timestamp="2019-08-08T12:06:28.168" />
<gc-op id="294" type="mark" timems="6.956" contextid="290" timestamp="2019-08-08T12:06:28.175">
  <trace-info objectcount="145294" scancount="135774" scanbytes="5314816" />
  <finalization candidates="13" enqueued="0" />
  <references type="soft" candidates="45" cleared="0" enqueued="0" dynamicThreshold="11" maxThreshold="32" />
  <references type="weak" candidates="143" cleared="0" enqueued="0" />
  <references type="phantom" candidates="57" cleared="0" enqueued="0" />
  <stringconstants candidates="3837" cleared="0"  />
</gc-op>
<gc-op id="295" type="sweep" timems="4.652" contextid="290" timestamp="2019-08-08T12:06:28.180" />
<mem-info id="296" free="3749296" total="10616832" percent="35">
  <mem type="tenure" free="3749296" total="10616832" percent="35" micro-fragmented="0">
    <mem type="soa" free="3537328" total="10404864" percent="33" />
    <mem type="loa" free="211968" total="211968" percent="100" />
  </mem>
</mem-info>
<gc-op id="297" type="compact" timems="21.530" contextid="290" timestamp="2019-08-08T12:06:28.202">
  <compact-info movecount="2089" movebytes="53256" reason="compact to aid heap contraction" />
</gc-op>
<heap-resize id="298" type="expand" space="tenure" amount="131072" count="1" timems="0.023" reason="satisfy allocation request" timestamp="2019-08-08T12:06:28.204" />
<gc-end id="299" type="global" contextid="290" durationms="35.986" usertimems="37.007" systemtimems="21.847" timestamp="2019-08-08T12:06:28.204" activeThreads="16">
  <mem-info id="300" free="3863136" total="10747904" percent="35">
    <mem type="tenure" free="3863136" total="10747904" percent="35">
      <mem type="soa" free="3649120" total="10533888" percent="34" />
      <mem type="loa" free="214016" total="214016" percent="100" />
    </mem>
  </mem-info>
</gc-end>
<cycle-end id="301" type="global" contextid="290" timestamp="2019-08-08T12:06:28.204" />
  <attribute name="elasticGC enabled" value="1" />
  <attribute name= "numThreadsSpecified" value="16" />
  <attribute name="heapSize specified" value="10616832" />
  <attribute name="Current GC Util" value="138" />
  <attribute name= "Current Time Running" value="22692" />
  <attribute name ="GC Interval" value="0" />
  <attribute name="Target GC Util Change" value ="80.000000" />
  <attribute name="Current GC Util Change" value="138.000000"/>
  <attribute name="Current Error" value="-58.000000" />
  <attribute name="Output H" value="10692448"/>
  <attribute name="Output I" value="1912"/>
  <attribute name="Output T" value="16"/>
  <attribute name= "Current Time Running" value="22692" />
  <attribute name="GC Util currently" value="138" />
  <attribute name="CPU Util currently" value="53431598840" />
<allocation-satisfied id="302" threadId="0000000002697E00" bytesRequested="24" />
<af-end id="303" timestamp="2019-08-08T12:06:28.205" threadId="0000000002698788" success="true" />
<exclusive-end id="304" timestamp="2019-08-08T12:06:28.205" durationms="36.530" />

<concurrent-kickoff id="305" timestamp="2019-08-08T12:06:29.615">
  <kickoff reason="threshold reached" targetBytes="3189977" thresholdFreeBytes="439798" remainingFree="402016" tenureFreeBytes="402016" />
</concurrent-kickoff>
<exclusive-start id="306" timestamp="2019-08-08T12:06:29.615" intervalms="1447.088">
  <response-info timems="0.042" idlems="0.042" threads="0" lastid="000000000266AB00" lastname="node-20" />
</exclusive-start>
<cycle-start id="307" type="global" contextid="0" timestamp="2019-08-08T12:06:29.615" intervalms="1446.832" />
<exclusive-end id="308" timestamp="2019-08-08T12:06:29.615" durationms="0.016" />

<exclusive-start id="309" timestamp="2019-08-08T12:06:29.632" intervalms="17.201">
  <response-info timems="0.099" idlems="0.099" threads="0" lastid="0000000002697E00" lastname="node-16" />
</exclusive-start>
<af-start id="310" threadId="0000000002698788" totalBytesRequested="24" timestamp="2019-08-08T12:06:29.632" intervalms="1464.289" />
<gc-start id="311" type="global" contextid="307" timestamp="2019-08-08T12:06:29.632">
  <mem-info id="312" free="214016" total="10747904" percent="1">
    <mem type="tenure" free="214016" total="10747904" percent="1">
      <mem type="soa" free="0" total="10533888" percent="0" />
      <mem type="loa" free="214016" total="214016" percent="100" />
    </mem>
  </mem-info>
</gc-start>
<allocation-stats totalBytes="3665256" >
  <allocated-bytes non-tlh="0" tlh="3665256" />
  <largest-consumer threadName="node-2" threadId="0000000002657F00" bytes="184296" />
</allocation-stats>
<heap-resize id="313" type="loa contract" space="tenure" amount="107520" count="1" timems="0.000" reason="contract underutilized loa" timestamp="2019-08-08T12:06:29.632" />
<concurrent-halted id="314" timestamp="2019-08-08T12:06:29.632">
  <halted state="Complete" status="trace only" />
  <traced bytesTarget="3189977" bytesTotal="3356708" bytesByMutator="49568" bytesByHelper="3307140" percent="105" />
  <cards cleaned="0" thresholdBytes="173253" />
</concurrent-halted>
<gc-op id="315" type="card-cleaning" timems="1.287" contextid="307" timestamp="2019-08-08T12:06:29.634">
  <card-cleaning cardsCleaned="119" bytesTraced="559208" workStackOverflowCount="0" />
</gc-op>
<gc-op id="316" type="mark" timems="13.947" contextid="307" timestamp="2019-08-08T12:06:29.648">
  <trace-info objectcount="34530" scancount="39038" scanbytes="1492216" />
  <finalization candidates="13" enqueued="0" />
  <references type="soft" candidates="45" cleared="0" enqueued="0" dynamicThreshold="11" maxThreshold="32" />
  <references type="weak" candidates="143" cleared="0" enqueued="0" />
  <references type="phantom" candidates="57" cleared="0" enqueued="0" />
  <stringconstants candidates="3837" cleared="0"  />
</gc-op>
<gc-op id="317" type="sweep" timems="3.211" contextid="307" timestamp="2019-08-08T12:06:29.651" />
<mem-info id="318" free="3875280" total="10747904" percent="36">
  <mem type="tenure" free="3875280" total="10747904" percent="36" micro-fragmented="0">
    <mem type="soa" free="3768784" total="10641408" percent="35" />
    <mem type="loa" free="106496" total="106496" percent="100" />
  </mem>
</mem-info>
<gc-op id="319" type="compact" timems="16.042" contextid="307" timestamp="2019-08-08T12:06:29.667">
  <compact-info movecount="2062" movebytes="52568" reason="compact to aid heap contraction" />
</gc-op>
<heap-resize id="320" type="expand" space="tenure" amount="131072" count="1" timems="0.021" reason="satisfy allocation request" timestamp="2019-08-08T12:06:29.668" />
<gc-end id="321" type="global" contextid="307" durationms="35.610" usertimems="26.856" systemtimems="23.971" timestamp="2019-08-08T12:06:29.668" activeThreads="16">
  <mem-info id="322" free="3994896" total="10878976" percent="36">
    <mem type="tenure" free="3994896" total="10878976" percent="36">
      <mem type="soa" free="3886352" total="10770432" percent="36" />
      <mem type="loa" free="108544" total="108544" percent="100" />
    </mem>
  </mem-info>
</gc-end>
<cycle-end id="323" type="global" contextid="307" timestamp="2019-08-08T12:06:29.668" />
  <attribute name="elasticGC enabled" value="1" />
  <attribute name= "numThreadsSpecified" value="16" />
  <attribute name="heapSize specified" value="10747904" />
  <attribute name="Current GC Util" value="31" />
  <attribute name= "Current Time Running" value="24157" />
  <attribute name ="GC Interval" value="0" />
  <attribute name="Target GC Util Change" value ="80.000000" />
  <attribute name="Current GC Util Change" value="31.000000"/>
  <attribute name="Current Error" value="49.000000" />
  <attribute name="Output H" value="10823640"/>
  <attribute name="Output I" value="2096"/>
  <attribute name="Output T" value="16"/>
  <attribute name= "Current Time Running" value="24157" />
  <attribute name="GC Util currently" value="31" />
  <attribute name="CPU Util currently" value="71660834518" />
<allocation-satisfied id="324" threadId="0000000002697E00" bytesRequested="24" />
<af-end id="325" timestamp="2019-08-08T12:06:29.668" threadId="0000000002698788" success="true" />
<exclusive-end id="326" timestamp="2019-08-08T12:06:29.668" durationms="35.769" />

<concurrent-kickoff id="327" timestamp="2019-08-08T12:06:31.209">
  <kickoff reason="threshold reached" targetBytes="3673635" thresholdFreeBytes="500155" remainingFree="472336" tenureFreeBytes="472336" />
</concurrent-kickoff>
<exclusive-start id="328" timestamp="2019-08-08T12:06:31.209" intervalms="1576.650">
  <response-info timems="0.022" idlems="0.022" threads="0" lastid="00000000026A3200" lastname="node-14" />
</exclusive-start>
<cycle-start id="329" type="global" contextid="0" timestamp="2019-08-08T12:06:31.209" intervalms="1593.864" />
<exclusive-end id="330" timestamp="2019-08-08T12:06:31.209" durationms="0.030" />

<exclusive-start id="331" timestamp="2019-08-08T12:06:31.367" intervalms="158.112">
  <response-info timems="1.894" idlems="1.894" threads="0" lastid="000000000268CA00" lastname="node-1" />
</exclusive-start>
<af-start id="332" threadId="000000000268D388" totalBytesRequested="32" timestamp="2019-08-08T12:06:31.368" intervalms="1735.281" />
<gc-start id="333" type="global" contextid="329" timestamp="2019-08-08T12:06:31.368">
  <mem-info id="334" free="108544" total="10878976" percent="0">
    <mem type="tenure" free="108544" total="10878976" percent="0">
      <mem type="soa" free="0" total="10770432" percent="0" />
      <mem type="loa" free="108544" total="108544" percent="100" />
    </mem>
  </mem-info>
</gc-start>
<allocation-stats totalBytes="3902000" >
  <allocated-bytes non-tlh="0" tlh="3902000" />
  <largest-consumer threadName="node-5" threadId="00000000026A6D00" bytes="184264" />
</allocation-stats>
<concurrent-halted id="335" timestamp="2019-08-08T12:06:31.368">
  <halted state="Complete" status="trace only" />
  <traced bytesTarget="3673635" bytesTotal="3316228" bytesByMutator="29568" bytesByHelper="3286660" percent="90" />
  <cards cleaned="0" thresholdBytes="197030" />
</concurrent-halted>
<gc-op id="336" type="card-cleaning" timems="4.283" contextid="329" timestamp="2019-08-08T12:06:31.372">
  <card-cleaning cardsCleaned="199" bytesTraced="863952" workStackOverflowCount="0" />
</gc-op>
<gc-op id="337" type="mark" timems="7.091" contextid="329" timestamp="2019-08-08T12:06:31.380">
  <trace-info objectcount="26288" scancount="31021" scanbytes="1239248" />
  <finalization candidates="13" enqueued="0" />
  <references type="soft" candidates="45" cleared="0" enqueued="0" dynamicThreshold="11" maxThreshold="32" />
  <references type="weak" candidates="143" cleared="0" enqueued="0" />
  <references type="phantom" candidates="57" cleared="0" enqueued="0" />
  <stringconstants candidates="3837" cleared="0"  />
</gc-op>
<gc-op id="338" type="sweep" timems="3.701" contextid="329" timestamp="2019-08-08T12:06:31.384" />
<mem-info id="339" free="3980456" total="10878976" percent="36">
  <mem type="tenure" free="3980456" total="10878976" percent="36" micro-fragmented="0">
    <mem type="soa" free="3871912" total="10770432" percent="35" />
    <mem type="loa" free="108544" total="108544" percent="100" />
  </mem>
</mem-info>
<gc-op id="340" type="compact" timems="21.975" contextid="329" timestamp="2019-08-08T12:06:31.406">
  <compact-info movecount="2211" movebytes="56312" reason="compact to aid heap contraction" />
</gc-op>
<heap-resize id="341" type="expand" space="tenure" amount="131072" count="1" timems="0.025" reason="satisfy allocation request" timestamp="2019-08-08T12:06:31.409" />
<gc-end id="342" type="global" contextid="329" durationms="41.402" usertimems="30.371" systemtimems="30.276" timestamp="2019-08-08T12:06:31.409" activeThreads="16">
  <mem-info id="343" free="4122224" total="11010048" percent="37">
    <mem type="tenure" free="4122224" total="11010048" percent="37">
      <mem type="soa" free="4012656" total="10900480" percent="36" />
      <mem type="loa" free="109568" total="109568" percent="100" />
    </mem>
  </mem-info>
</gc-end>
<cycle-end id="344" type="global" contextid="329" timestamp="2019-08-08T12:06:31.410" />
  <attribute name="elasticGC enabled" value="1" />
  <attribute name= "numThreadsSpecified" value="16" />
  <attribute name="heapSize specified" value="10878976" />
  <attribute name="Current GC Util" value="93" />
  <attribute name= "Current Time Running" value="25896" />
  <attribute name ="GC Interval" value="0" />
  <attribute name="Target GC Util Change" value ="80.000000" />
  <attribute name="Current GC Util Change" value="93.000000"/>
  <attribute name="Current Error" value="-13.000000" />
  <attribute name="Output H" value="10954648"/>
  <attribute name="Output I" value="1992"/>
  <attribute name="Output T" value="16"/>
  <attribute name= "Current Time Running" value="25896" />
  <attribute name="GC Util currently" value="93" />
  <attribute name="CPU Util currently" value="52238191877" />
<allocation-satisfied id="345" threadId="000000000268CA00" bytesRequested="32" />
<af-end id="346" timestamp="2019-08-08T12:06:31.410" threadId="000000000268D388" success="true" />
<exclusive-end id="347" timestamp="2019-08-08T12:06:31.410" durationms="42.552" />

<concurrent-kickoff id="348" timestamp="2019-08-08T12:06:33.012">
  <kickoff reason="threshold reached" targetBytes="4123457" thresholdFreeBytes="556898" remainingFree="538224" tenureFreeBytes="538224" />
</concurrent-kickoff>
<exclusive-start id="349" timestamp="2019-08-08T12:06:33.013" intervalms="1645.725">
  <response-info timems="1.066" idlems="1.066" threads="0" lastid="00000000026A6D00" lastname="node-5" />
</exclusive-start>
<cycle-start id="350" type="global" contextid="0" timestamp="2019-08-08T12:06:33.013" intervalms="1803.865" />
<exclusive-end id="351" timestamp="2019-08-08T12:06:33.013" durationms="0.059" />

<exclusive-start id="352" timestamp="2019-08-08T12:06:33.437" intervalms="424.618">
  <response-info timems="0.422" idlems="0.422" threads="0" lastid="00000000026B2100" lastname="node-23" />
</exclusive-start>
<af-start id="353" threadId="00000000026B2A88" totalBytesRequested="32" timestamp="2019-08-08T12:06:33.437" intervalms="2069.836" />
<gc-start id="354" type="global" contextid="350" timestamp="2019-08-08T12:06:33.438">
  <mem-info id="355" free="109568" total="11010048" percent="0">
    <mem type="tenure" free="109568" total="11010048" percent="0">
      <mem type="soa" free="0" total="10900480" percent="0" />
      <mem type="loa" free="109568" total="109568" percent="100" />
    </mem>
  </mem-info>
</gc-start>
<allocation-stats totalBytes="4030880" >
  <allocated-bytes non-tlh="0" tlh="4030880" />
  <largest-consumer threadName="node-7" threadId="0000000002679F00" bytes="208888" />
</allocation-stats>
<concurrent-halted id="356" timestamp="2019-08-08T12:06:33.438">
  <halted state="Complete" status="trace only" />
  <traced bytesTarget="4123457" bytesTotal="3360460" bytesByMutator="29788" bytesByHelper="3330672" percent="81" />
  <cards cleaned="0" thresholdBytes="219384" />
</concurrent-halted>
<gc-op id="357" type="card-cleaning" timems="2.072" contextid="350" timestamp="2019-08-08T12:06:33.440">
  <card-cleaning cardsCleaned="217" bytesTraced="638540" workStackOverflowCount="0" />
</gc-op>
<gc-op id="358" type="mark" timems="3.766" contextid="350" timestamp="2019-08-08T12:06:33.443">
  <trace-info objectcount="32458" scancount="37055" scanbytes="1432684" />
  <finalization candidates="13" enqueued="0" />
  <references type="soft" candidates="45" cleared="0" enqueued="0" dynamicThreshold="11" maxThreshold="32" />
  <references type="weak" candidates="143" cleared="0" enqueued="0" />
  <references type="phantom" candidates="57" cleared="0" enqueued="0" />
  <stringconstants candidates="3837" cleared="0"  />
</gc-op>
<gc-op id="359" type="sweep" timems="5.104" contextid="350" timestamp="2019-08-08T12:06:33.449" />
<mem-info id="360" free="4038440" total="11010048" percent="36">
  <mem type="tenure" free="4038440" total="11010048" percent="36" micro-fragmented="26400">
    <mem type="soa" free="3928872" total="10900480" percent="36" />
    <mem type="loa" free="109568" total="109568" percent="100" />
  </mem>
</mem-info>
<gc-op id="361" type="compact" timems="23.161" contextid="350" timestamp="2019-08-08T12:06:33.472">
  <compact-info movecount="2578" movebytes="83544" reason="compact to aid heap contraction" />
</gc-op>
<heap-resize id="362" type="expand" space="tenure" amount="131072" count="1" timems="0.025" reason="satisfy allocation request" timestamp="2019-08-08T12:06:33.474" />
<gc-end id="363" type="global" contextid="350" durationms="36.784" usertimems="32.546" systemtimems="19.041" timestamp="2019-08-08T12:06:33.474" activeThreads="1">
  <mem-info id="364" free="4221968" total="11141120" percent="37">
    <mem type="tenure" free="4221968" total="11141120" percent="37">
      <mem type="soa" free="4111376" total="11030528" percent="37" />
      <mem type="loa" free="110592" total="110592" percent="100" />
    </mem>
  </mem-info>
</gc-end>
<cycle-end id="365" type="global" contextid="350" timestamp="2019-08-08T12:06:33.475" />
  <attribute name="elasticGC enabled" value="1" />
  <attribute name= "numThreadsSpecified" value="1" />
  <attribute name="heapSize specified" value="11010048" />
  <attribute name="Current GC Util" value="103" />
  <attribute name= "Current Time Running" value="27962" />
  <attribute name ="GC Interval" value="0" />
  <attribute name="Target GC Util Change" value ="80.000000" />
  <attribute name="Current GC Util Change" value="103.000000"/>
  <attribute name="Current Error" value="-23.000000" />
  <attribute name="Output H" value="11085704"/>
  <attribute name="Output I" value="1968"/>
  <attribute name="Output T" value="1"/>
  <attribute name= "Current Time Running" value="27962" />
  <attribute name="GC Util currently" value="103" />
  <attribute name="CPU Util currently" value="49534913624" />
<allocation-satisfied id="366" threadId="00000000026B2100" bytesRequested="32" />
<af-end id="367" timestamp="2019-08-08T12:06:33.475" threadId="00000000026B2A88" success="true" />
<exclusive-end id="368" timestamp="2019-08-08T12:06:33.475" durationms="37.244" />

<concurrent-kickoff id="369" timestamp="2019-08-08T12:06:34.935">
  <kickoff reason="threshold reached" targetBytes="4429804" thresholdFreeBytes="595173" remainingFree="560144" tenureFreeBytes="560144" />
</concurrent-kickoff>
<exclusive-start id="370" timestamp="2019-08-08T12:06:34.935" intervalms="1497.261">
  <response-info timems="0.070" idlems="0.070" threads="0" lastid="000000000266AB00" lastname="node-20" />
</exclusive-start>
<cycle-start id="371" type="global" contextid="0" timestamp="2019-08-08T12:06:34.935" intervalms="1921.837" />
<exclusive-end id="372" timestamp="2019-08-08T12:06:34.935" durationms="0.013" />

<exclusive-start id="373" timestamp="2019-08-08T12:06:35.417" intervalms="482.127">
  <response-info timems="0.652" idlems="0.380" threads="2" lastid="000000000265BB00" lastname="node-4" />
</exclusive-start>
<af-start id="374" threadId="0000000002672B88" totalBytesRequested="32" timestamp="2019-08-08T12:06:35.417" intervalms="1979.476" />
<gc-start id="375" type="global" contextid="371" timestamp="2019-08-08T12:06:35.417">
  <mem-info id="376" free="110592" total="11141120" percent="0">
    <mem type="tenure" free="110592" total="11141120" percent="0">
      <mem type="soa" free="0" total="11030528" percent="0" />
      <mem type="loa" free="110592" total="110592" percent="100" />
    </mem>
  </mem-info>
</gc-start>
<allocation-stats totalBytes="4131680" >
  <allocated-bytes non-tlh="0" tlh="4131680" />
  <largest-consumer threadName="node-7" threadId="0000000002679F00" bytes="208856" />
</allocation-stats>
<concurrent-halted id="377" timestamp="2019-08-08T12:06:35.417">
  <halted state="Class scanning incomplete" status="trace only" />
  <traced bytesTarget="4429804" bytesTotal="3321040" bytesByMutator="19720" bytesByHelper="3301320" percent="74" />
  <cards cleaned="0" thresholdBytes="234461" />
</concurrent-halted>
<gc-op id="378" type="card-cleaning" timems="1.732" contextid="371" timestamp="2019-08-08T12:06:35.419">
  <card-cleaning cardsCleaned="215" bytesTraced="725716" workStackOverflowCount="0" />
</gc-op>
<gc-op id="379" type="mark" timems="12.063" contextid="371" timestamp="2019-08-08T12:06:35.431">
  <trace-info objectcount="28585" scancount="32881" scanbytes="1348120" />
  <finalization candidates="13" enqueued="0" />
  <references type="soft" candidates="45" cleared="0" enqueued="0" dynamicThreshold="12" maxThreshold="32" />
  <references type="weak" candidates="143" cleared="0" enqueued="0" />
  <references type="phantom" candidates="57" cleared="0" enqueued="0" />
  <stringconstants candidates="3837" cleared="0"  />
</gc-op>
<gc-op id="380" type="sweep" timems="7.511" contextid="371" timestamp="2019-08-08T12:06:35.438" />
<mem-info id="381" free="4184928" total="11141120" percent="37">
  <mem type="tenure" free="4184928" total="11141120" percent="37" micro-fragmented="20536">
    <mem type="soa" free="4074336" total="11030528" percent="36" />
    <mem type="loa" free="110592" total="110592" percent="100" />
  </mem>
</mem-info>
<gc-op id="382" type="compact" timems="23.059" contextid="371" timestamp="2019-08-08T12:06:35.462">
  <compact-info movecount="2426" movebytes="75672" reason="compact to aid heap contraction" />
</gc-op>
<heap-resize id="383" type="expand" space="tenure" amount="131072" count="1" timems="0.027" reason="satisfy allocation request" timestamp="2019-08-08T12:06:35.463" />
<gc-end id="384" type="global" contextid="371" durationms="45.729" usertimems="31.816" systemtimems="34.066" timestamp="2019-08-08T12:06:35.463" activeThreads="16">
  <mem-info id="385" free="4360912" total="11272192" percent="38">
    <mem type="tenure" free="4360912" total="11272192" percent="38">
      <mem type="soa" free="4248272" total="11159552" percent="38" />
      <mem type="loa" free="112640" total="112640" percent="100" />
    </mem>
  </mem-info>
</gc-end>
<cycle-end id="386" type="global" contextid="371" timestamp="2019-08-08T12:06:35.463" />
  <attribute name="elasticGC enabled" value="1" />
  <attribute name= "numThreadsSpecified" value="16" />
  <attribute name="heapSize specified" value="11141120" />
  <attribute name="Current GC Util" value="41" />
  <attribute name= "Current Time Running" value="29952" />
  <attribute name ="GC Interval" value="0" />
  <attribute name="Target GC Util Change" value ="80.000000" />
  <attribute name="Current GC Util Change" value="41.000000"/>
  <attribute name="Current Error" value="39.000000" />
  <attribute name="Output H" value="11216848"/>
  <attribute name="Output I" value="2080"/>
  <attribute name="Output T" value="16"/>
  <attribute name= "Current Time Running" value="29952" />
  <attribute name="GC Util currently" value="41" />
  <attribute name="CPU Util currently" value="49963913378" />
<allocation-satisfied id="387" threadId="0000000002672200" bytesRequested="32" />
<af-end id="388" timestamp="2019-08-08T12:06:35.463" threadId="0000000002672B88" success="true" />
<exclusive-end id="389" timestamp="2019-08-08T12:06:35.463" durationms="46.128" />

<concurrent-kickoff id="390" timestamp="2019-08-08T12:06:37.007">
  <kickoff reason="threshold reached" targetBytes="4680978" thresholdFreeBytes="626732" remainingFree="617168" tenureFreeBytes="617168" />
</concurrent-kickoff>
<exclusive-start id="391" timestamp="2019-08-08T12:06:37.008" intervalms="1590.968">
  <response-info timems="0.493" idlems="0.493" threads="0" lastid="000000000268CA00" lastname="node-1" />
</exclusive-start>
<cycle-start id="392" type="global" contextid="0" timestamp="2019-08-08T12:06:37.008" intervalms="2073.125" />
<exclusive-end id="393" timestamp="2019-08-08T12:06:37.008" durationms="0.046" />

<exclusive-start id="394" timestamp="2019-08-08T12:06:37.189" intervalms="181.760">
  <response-info timems="0.240" idlems="0.240" threads="0" lastid="0000000002681600" lastname="node-6" />
</exclusive-start>
<af-start id="395" threadId="0000000002681F88" totalBytesRequested="32" timestamp="2019-08-08T12:06:37.190" intervalms="1772.689" />
<gc-start id="396" type="global" contextid="392" timestamp="2019-08-08T12:06:37.190">
  <mem-info id="397" free="112640" total="11272192" percent="0">
    <mem type="tenure" free="112640" total="11272192" percent="0">
      <mem type="soa" free="0" total="11159552" percent="0" />
      <mem type="loa" free="112640" total="112640" percent="100" />
    </mem>
  </mem-info>
</gc-start>
<allocation-stats totalBytes="4270680" >
  <allocated-bytes non-tlh="0" tlh="4270680" />
  <largest-consumer threadName="node-14" threadId="00000000026A3200" bytes="208888" />
</allocation-stats>
<concurrent-halted id="398" timestamp="2019-08-08T12:06:37.190">
  <halted state="Complete" status="exhausted" />
  <traced bytesTarget="4680978" bytesTotal="3436976" bytesByMutator="107220" bytesByHelper="3329756" percent="73" />
  <cards cleaned="171" thresholdBytes="246894" />
</concurrent-halted>
<gc-op id="399" type="card-cleaning" timems="2.609" contextid="392" timestamp="2019-08-08T12:06:37.192">
  <card-cleaning cardsCleaned="114" bytesTraced="451812" workStackOverflowCount="0" />
</gc-op>
<gc-op id="400" type="mark" timems="7.194" contextid="392" timestamp="2019-08-08T12:06:37.200">
  <trace-info objectcount="35310" scancount="39727" scanbytes="1577128" />
  <finalization candidates="13" enqueued="0" />
  <references type="soft" candidates="45" cleared="0" enqueued="0" dynamicThreshold="12" maxThreshold="32" />
  <references type="weak" candidates="143" cleared="0" enqueued="0" />
  <references type="phantom" candidates="57" cleared="0" enqueued="0" />
  <stringconstants candidates="3837" cleared="0"  />
</gc-op>
<gc-op id="401" type="sweep" timems="2.781" contextid="392" timestamp="2019-08-08T12:06:37.202" />
<mem-info id="402" free="4383488" total="11272192" percent="38">
  <mem type="tenure" free="4383488" total="11272192" percent="38" micro-fragmented="1504">
    <mem type="soa" free="4270848" total="11159552" percent="38" />
    <mem type="loa" free="112640" total="112640" percent="100" />
  </mem>
</mem-info>
<gc-op id="403" type="compact" timems="15.176" contextid="392" timestamp="2019-08-08T12:06:37.218">
  <compact-info movecount="1973" movebytes="50064" reason="compact to aid heap contraction" />
</gc-op>
<heap-resize id="404" type="expand" space="tenure" amount="131072" count="1" timems="0.023" reason="satisfy allocation request" timestamp="2019-08-08T12:06:37.219" />
<gc-end id="405" type="global" contextid="392" durationms="29.328" usertimems="14.754" systemtimems="23.642" timestamp="2019-08-08T12:06:37.219" activeThreads="16">
  <mem-info id="406" free="4514744" total="11403264" percent="39">
    <mem type="tenure" free="4514744" total="11403264" percent="39">
      <mem type="soa" free="4401080" total="11289600" percent="38" />
      <mem type="loa" free="113664" total="113664" percent="100" />
    </mem>
  </mem-info>
</gc-end>
<cycle-end id="407" type="global" contextid="392" timestamp="2019-08-08T12:06:37.219" />
  <attribute name="elasticGC enabled" value="1" />
  <attribute name= "numThreadsSpecified" value="16" />
  <attribute name="heapSize specified" value="11272192" />
  <attribute name="Current GC Util" value="73" />
  <attribute name= "Current Time Running" value="31708" />
  <attribute name ="GC Interval" value="0" />
  <attribute name="Target GC Util Change" value ="80.000000" />
  <attribute name="Current GC Util Change" value="73.000000"/>
  <attribute name="Current Error" value="7.000000" />
  <attribute name="Output H" value="11347880"/>
  <attribute name="Output I" value="2024"/>
  <attribute name="Output T" value="16"/>
  <attribute name= "Current Time Running" value="31708" />
  <attribute name="GC Util currently" value="73" />
  <attribute name="CPU Util currently" value="75668831851" />
<allocation-satisfied id="408" threadId="0000000002681600" bytesRequested="32" />
<af-end id="409" timestamp="2019-08-08T12:06:37.219" threadId="0000000002681F88" success="true" />
<exclusive-end id="410" timestamp="2019-08-08T12:06:37.219" durationms="29.617" />

<concurrent-kickoff id="411" timestamp="2019-08-08T12:06:38.821">
  <kickoff reason="threshold reached" targetBytes="4380262" thresholdFreeBytes="591598" remainingFree="590776" tenureFreeBytes="590776" />
</concurrent-kickoff>
<exclusive-start id="412" timestamp="2019-08-08T12:06:38.821" intervalms="1631.929">
  <response-info timems="0.158" idlems="0.129" threads="1" lastid="0000000002666F00" lastname="node-0" />
</exclusive-start>
<cycle-start id="413" type="global" contextid="0" timestamp="2019-08-08T12:06:38.821" intervalms="1813.662" />
<exclusive-end id="414" timestamp="2019-08-08T12:06:38.821" durationms="0.020" />

<exclusive-start id="415" timestamp="2019-08-08T12:06:38.910" intervalms="88.099">
  <response-info timems="0.863" idlems="0.863" threads="0" lastid="0000000002650700" lastname="node-15" />
</exclusive-start>
<af-start id="416" threadId="0000000002651088" totalBytesRequested="32" timestamp="2019-08-08T12:06:38.910" intervalms="1720.015" />
<gc-start id="417" type="global" contextid="413" timestamp="2019-08-08T12:06:38.910">
  <mem-info id="418" free="113664" total="11403264" percent="0">
    <mem type="tenure" free="113664" total="11403264" percent="0">
      <mem type="soa" free="0" total="11289600" percent="0" />
      <mem type="loa" free="113664" total="113664" percent="100" />
    </mem>
  </mem-info>
</gc-start>
<allocation-stats totalBytes="4419648" >
  <allocated-bytes non-tlh="0" tlh="4419648" />
  <largest-consumer threadName="node-21" threadId="000000000269BA00" bytes="208872" />
</allocation-stats>
<concurrent-halted id="419" timestamp="2019-08-08T12:06:38.910">
  <halted state="Complete" status="trace only" />
  <traced bytesTarget="4380262" bytesTotal="3359820" bytesByMutator="24592" bytesByHelper="3335228" percent="76" />
  <cards cleaned="0" thresholdBytes="233053" />
</concurrent-halted>
<gc-op id="420" type="card-cleaning" timems="1.982" contextid="413" timestamp="2019-08-08T12:06:38.912">
  <card-cleaning cardsCleaned="150" bytesTraced="609180" workStackOverflowCount="0" />
</gc-op>
<gc-op id="421" type="mark" timems="3.574" contextid="413" timestamp="2019-08-08T12:06:38.917">
  <trace-info objectcount="32734" scancount="37255" scanbytes="1440880" />
  <finalization candidates="13" enqueued="0" />
  <references type="soft" candidates="45" cleared="0" enqueued="0" dynamicThreshold="12" maxThreshold="32" />
  <references type="weak" candidates="143" cleared="0" enqueued="0" />
  <references type="phantom" candidates="57" cleared="0" enqueued="0" />
  <stringconstants candidates="3837" cleared="0"  />
</gc-op>
<gc-op id="422" type="sweep" timems="3.295" contextid="413" timestamp="2019-08-08T12:06:38.920" />
<mem-info id="423" free="4522360" total="11403264" percent="39">
  <mem type="tenure" free="4522360" total="11403264" percent="39" micro-fragmented="0">
    <mem type="soa" free="4408696" total="11289600" percent="39" />
    <mem type="loa" free="113664" total="113664" percent="100" />
  </mem>
</mem-info>
<gc-op id="424" type="compact" timems="14.125" contextid="413" timestamp="2019-08-08T12:06:38.934">
  <compact-info movecount="1876" movebytes="46104" reason="compact to aid heap contraction" />
</gc-op>
<heap-resize id="425" type="expand" space="tenure" amount="131072" count="1" timems="0.023" reason="satisfy allocation request" timestamp="2019-08-08T12:06:38.935" />
<gc-end id="426" type="global" contextid="413" durationms="25.619" usertimems="20.845" systemtimems="22.645" timestamp="2019-08-08T12:06:38.935" activeThreads="16">
  <mem-info id="427" free="4649776" total="11534336" percent="40">
    <mem type="tenure" free="4649776" total="11534336" percent="40">
      <mem type="soa" free="4535088" total="11419648" percent="39" />
      <mem type="loa" free="114688" total="114688" percent="100" />
    </mem>
  </mem-info>
</gc-end>
<cycle-end id="428" type="global" contextid="413" timestamp="2019-08-08T12:06:38.935" />
  <attribute name="elasticGC enabled" value="1" />
  <attribute name= "numThreadsSpecified" value="16" />
  <attribute name="heapSize specified" value="11403264" />
  <attribute name="Current GC Util" value="58" />
  <attribute name= "Current Time Running" value="33424" />
  <attribute name ="GC Interval" value="0" />
  <attribute name="Target GC Util Change" value ="80.000000" />
  <attribute name="Current GC Util Change" value="58.000000"/>
  <attribute name="Current Error" value="22.000000" />
  <attribute name="Output H" value="11478976"/>
  <attribute name="Output I" value="2048"/>
  <attribute name="Output T" value="16"/>
  <attribute name= "Current Time Running" value="33424" />
  <attribute name="GC Util currently" value="58" />
  <attribute name="CPU Util currently" value="81421613462" />
<allocation-satisfied id="429" threadId="0000000002650700" bytesRequested="32" />
<af-end id="430" timestamp="2019-08-08T12:06:38.936" threadId="0000000002651088" success="true" />
<exclusive-end id="431" timestamp="2019-08-08T12:06:38.936" durationms="26.139" />

<concurrent-kickoff id="432" timestamp="2019-08-08T12:06:40.615">
  <kickoff reason="threshold reached" targetBytes="4636919" thresholdFreeBytes="623018" remainingFree="590640" tenureFreeBytes="545584" />
</concurrent-kickoff>
<exclusive-start id="433" timestamp="2019-08-08T12:06:40.615" intervalms="1705.902">
  <response-info timems="0.081" idlems="0.081" threads="0" lastid="0000000002650700" lastname="node-15" />
</exclusive-start>
<cycle-start id="434" type="global" contextid="0" timestamp="2019-08-08T12:06:40.615" intervalms="1794.011" />
<exclusive-end id="435" timestamp="2019-08-08T12:06:40.615" durationms="0.050" />

<exclusive-start id="436" timestamp="2019-08-08T12:06:40.788" intervalms="172.607">
  <response-info timems="0.025" idlems="0.025" threads="0" lastid="000000000265BB00" lastname="node-4" />
</exclusive-start>
<af-start id="437" threadId="000000000265C488" totalBytesRequested="24" timestamp="2019-08-08T12:06:40.788" intervalms="1878.471" />
<gc-start id="438" type="global" contextid="434" timestamp="2019-08-08T12:06:40.788">
  <mem-info id="439" free="114688" total="11534336" percent="0">
    <mem type="tenure" free="114688" total="11534336" percent="0">
      <mem type="soa" free="0" total="11419648" percent="0" />
      <mem type="loa" free="114688" total="114688" percent="100" />
    </mem>
  </mem-info>
</gc-start>
<allocation-stats totalBytes="4554632" >
  <allocated-bytes non-tlh="0" tlh="4554632" />
  <largest-consumer threadName="node-2" threadId="0000000002657F00" bytes="208880" />
</allocation-stats>
<concurrent-halted id="440" timestamp="2019-08-08T12:06:40.789">
  <halted state="Complete" status="exhausted" />
  <traced bytesTarget="4636919" bytesTotal="3429712" bytesByMutator="906868" bytesByHelper="2522844" percent="73" />
  <cards cleaned="152" thresholdBytes="245431" />
</concurrent-halted>
<gc-op id="441" type="card-cleaning" timems="5.495" contextid="434" timestamp="2019-08-08T12:06:40.794">
  <card-cleaning cardsCleaned="121" bytesTraced="448904" workStackOverflowCount="0" />
</gc-op>
<gc-op id="442" type="mark" timems="13.045" contextid="434" timestamp="2019-08-08T12:06:40.807">
  <trace-info objectcount="35463" scancount="39892" scanbytes="1581080" />
  <finalization candidates="13" enqueued="0" />
  <references type="soft" candidates="45" cleared="0" enqueued="0" dynamicThreshold="12" maxThreshold="32" />
  <references type="weak" candidates="143" cleared="0" enqueued="0" />
  <references type="phantom" candidates="57" cleared="0" enqueued="0" />
  <stringconstants candidates="3837" cleared="0"  />
</gc-op>
<gc-op id="443" type="sweep" timems="3.984" contextid="434" timestamp="2019-08-08T12:06:40.811" />
<mem-info id="444" free="4601352" total="11534336" percent="39">
  <mem type="tenure" free="4601352" total="11534336" percent="39" micro-fragmented="49504">
    <mem type="soa" free="4486664" total="11419648" percent="39" />
    <mem type="loa" free="114688" total="114688" percent="100" />
  </mem>
</mem-info>
<gc-op id="445" type="compact" timems="28.113" contextid="434" timestamp="2019-08-08T12:06:40.839">
  <compact-info movecount="2064" movebytes="67448" reason="compact to aid heap contraction" />
</gc-op>
<heap-resize id="446" type="expand" space="tenure" amount="131072" count="1" timems="0.028" reason="satisfy allocation request" timestamp="2019-08-08T12:06:40.840" />
<gc-end id="447" type="global" contextid="434" durationms="52.358" usertimems="30.998" systemtimems="29.119" timestamp="2019-08-08T12:06:40.840" activeThreads="8">
  <mem-info id="448" free="4759504" total="11665408" percent="40">
    <mem type="tenure" free="4759504" total="11665408" percent="40">
      <mem type="soa" free="4643792" total="11549696" percent="40" />
      <mem type="loa" free="115712" total="115712" percent="100" />
    </mem>
  </mem-info>
</gc-end>
<cycle-end id="449" type="global" contextid="434" timestamp="2019-08-08T12:06:40.841" />
  <attribute name="elasticGC enabled" value="1" />
  <attribute name= "numThreadsSpecified" value="8" />
  <attribute name="heapSize specified" value="11534336" />
  <attribute name="Current GC Util" value="99" />
  <attribute name= "Current Time Running" value="35329" />
  <attribute name ="GC Interval" value="0" />
  <attribute name="Target GC Util Change" value ="80.000000" />
  <attribute name="Current GC Util Change" value="99.000000"/>
  <attribute name="Current Error" value="-19.000000" />
  <attribute name="Output H" value="11610000"/>
  <attribute name="Output I" value="1976"/>
  <attribute name="Output T" value="8"/>
  <attribute name= "Current Time Running" value="35329" />
  <attribute name="GC Util currently" value="99" />
  <attribute name="CPU Util currently" value="40940549687" />
<allocation-satisfied id="450" threadId="000000000265BB00" bytesRequested="24" />
<af-end id="451" timestamp="2019-08-08T12:06:40.841" threadId="000000000265C488" success="true" />
<exclusive-end id="452" timestamp="2019-08-08T12:06:40.841" durationms="52.572" />

<concurrent-kickoff id="453" timestamp="2019-08-08T12:06:42.379">
  <kickoff reason="threshold reached" targetBytes="4351763" thresholdFreeBytes="589404" remainingFree="520144" tenureFreeBytes="520144" />
</concurrent-kickoff>
<exclusive-start id="454" timestamp="2019-08-08T12:06:42.379" intervalms="1591.040">
  <response-info timems="0.165" idlems="0.165" threads="0" lastid="00000000026AA900" lastname="node-13" />
</exclusive-start>
<cycle-start id="455" type="global" contextid="0" timestamp="2019-08-08T12:06:42.379" intervalms="1763.637" />
<exclusive-end id="456" timestamp="2019-08-08T12:06:42.379" durationms="0.017" />

<exclusive-start id="457" timestamp="2019-08-08T12:06:42.414" intervalms="35.281">
  <response-info timems="0.017" idlems="0.017" threads="0" lastid="0000000002666F00" lastname="node-0" />
</exclusive-start>
<af-start id="458" threadId="0000000002667888" totalBytesRequested="32" timestamp="2019-08-08T12:06:42.414" intervalms="1626.312" />
<gc-start id="459" type="global" contextid="455" timestamp="2019-08-08T12:06:42.414">
  <mem-info id="460" free="115712" total="11665408" percent="0">
    <mem type="tenure" free="115712" total="11665408" percent="0">
      <mem type="soa" free="0" total="11549696" percent="0" />
      <mem type="loa" free="115712" total="115712" percent="100" />
    </mem>
  </mem-info>
</gc-start>
<allocation-stats totalBytes="4664752" >
  <allocated-bytes non-tlh="0" tlh="4664752" />
  <largest-consumer threadName="node-14" threadId="00000000026A3200" bytes="208888" />
</allocation-stats>
<concurrent-halted id="461" timestamp="2019-08-08T12:06:42.414">
  <halted state="Complete" status="trace only" />
  <traced bytesTarget="4351763" bytesTotal="3380776" bytesByMutator="21880" bytesByHelper="3358896" percent="77" />
  <cards cleaned="0" thresholdBytes="232189" />
</concurrent-halted>
<gc-op id="462" type="card-cleaning" timems="2.695" contextid="455" timestamp="2019-08-08T12:06:42.417">
  <card-cleaning cardsCleaned="189" bytesTraced="467808" workStackOverflowCount="0" />
</gc-op>
<gc-op id="463" type="mark" timems="7.828" contextid="455" timestamp="2019-08-08T12:06:42.425">
  <trace-info objectcount="35268" scancount="39662" scanbytes="1575352" />
  <finalization candidates="13" enqueued="0" />
  <references type="soft" candidates="45" cleared="0" enqueued="0" dynamicThreshold="13" maxThreshold="32" />
  <references type="weak" candidates="143" cleared="0" enqueued="0" />
  <references type="phantom" candidates="57" cleared="0" enqueued="0" />
  <stringconstants candidates="3837" cleared="0"  />
</gc-op>
<gc-op id="464" type="sweep" timems="2.664" contextid="455" timestamp="2019-08-08T12:06:42.428" />
<mem-info id="465" free="4761680" total="11665408" percent="40">
  <mem type="tenure" free="4761680" total="11665408" percent="40" micro-fragmented="13200">
    <mem type="soa" free="4645968" total="11549696" percent="40" />
    <mem type="loa" free="115712" total="115712" percent="100" />
  </mem>
</mem-info>
<gc-op id="466" type="compact" timems="17.492" contextid="455" timestamp="2019-08-08T12:06:42.445">
  <compact-info movecount="1878" movebytes="65784" reason="compact to aid heap contraction" />
</gc-op>
<heap-resize id="467" type="expand" space="tenure" amount="131072" count="1" timems="0.022" reason="satisfy allocation request" timestamp="2019-08-08T12:06:42.446" />
<gc-end id="468" type="global" contextid="455" durationms="31.603" usertimems="22.056" systemtimems="21.066" timestamp="2019-08-08T12:06:42.446" activeThreads="16">
  <mem-info id="469" free="4892240" total="11796480" percent="41">
    <mem type="tenure" free="4892240" total="11796480" percent="41">
      <mem type="soa" free="4774480" total="11678720" percent="40" />
      <mem type="loa" free="117760" total="117760" percent="100" />
    </mem>
  </mem-info>
</gc-end>
<cycle-end id="470" type="global" contextid="455" timestamp="2019-08-08T12:06:42.446" />
  <attribute name="elasticGC enabled" value="1" />
  <attribute name= "numThreadsSpecified" value="16" />
  <attribute name="heapSize specified" value="11665408" />
  <attribute name="Current GC Util" value="52" />
  <attribute name= "Current Time Running" value="36935" />
  <attribute name ="GC Interval" value="0" />
  <attribute name="Target GC Util Change" value ="80.000000" />
  <attribute name="Current GC Util Change" value="52.000000"/>
  <attribute name="Current Error" value="28.000000" />
  <attribute name="Output H" value="11741120"/>
  <attribute name="Output I" value="2064"/>
  <attribute name="Output T" value="16"/>
  <attribute name= "Current Time Running" value="36935" />
  <attribute name="GC Util currently" value="52" />
  <attribute name="CPU Util currently" value="65765942572" />
<allocation-satisfied id="471" threadId="0000000002666F00" bytesRequested="32" />
<af-end id="472" timestamp="2019-08-08T12:06:42.446" threadId="0000000002667888" success="true" />
<exclusive-end id="473" timestamp="2019-08-08T12:06:42.446" durationms="31.762" />

<concurrent-kickoff id="474" timestamp="2019-08-08T12:06:44.348">
  <kickoff reason="threshold reached" targetBytes="4586327" thresholdFreeBytes="617399" remainingFree="607824" tenureFreeBytes="562768" />
</concurrent-kickoff>
<exclusive-start id="475" timestamp="2019-08-08T12:06:44.348" intervalms="1933.930">
  <response-info timems="0.104" idlems="0.104" threads="0" lastid="0000000002672200" lastname="node-12" />
</exclusive-start>
<cycle-start id="476" type="global" contextid="0" timestamp="2019-08-08T12:06:44.348" intervalms="1969.217" />
<exclusive-end id="477" timestamp="2019-08-08T12:06:44.348" durationms="0.024" />

<exclusive-start id="478" timestamp="2019-08-08T12:06:44.781" intervalms="433.002">
  <response-info timems="0.406" idlems="0.406" threads="0" lastid="000000000266E600" lastname="node-9" />
</exclusive-start>
<af-start id="479" threadId="000000000266EF88" totalBytesRequested="720" timestamp="2019-08-08T12:06:44.783" intervalms="2368.176" />
<gc-start id="480" type="global" contextid="476" timestamp="2019-08-08T12:06:44.783">
  <mem-info id="481" free="117760" total="11796480" percent="0">
    <mem type="tenure" free="117760" total="11796480" percent="0">
      <mem type="soa" free="0" total="11678720" percent="0" />
      <mem type="loa" free="117760" total="117760" percent="100" />
    </mem>
  </mem-info>
</gc-start>
<allocation-stats totalBytes="4795384" >
  <allocated-bytes non-tlh="0" tlh="4795384" />
  <largest-consumer threadName="node-20" threadId="000000000266AB00" bytes="208880" />
</allocation-stats>
<concurrent-halted id="482" timestamp="2019-08-08T12:06:44.783">
  <halted state="Complete" status="trace only" />
  <traced bytesTarget="4586327" bytesTotal="3361508" bytesByMutator="18476" bytesByHelper="3343032" percent="73" />
  <cards cleaned="0" thresholdBytes="243217" />
</concurrent-halted>
<gc-op id="483" type="card-cleaning" timems="4.287" contextid="476" timestamp="2019-08-08T12:06:44.787">
  <card-cleaning cardsCleaned="207" bytesTraced="517204" workStackOverflowCount="0" />
</gc-op>
<gc-op id="484" type="mark" timems="5.763" contextid="476" timestamp="2019-08-08T12:06:44.793">
  <trace-info objectcount="34760" scancount="39169" scanbytes="1549836" />
  <finalization candidates="13" enqueued="0" />
  <references type="soft" candidates="45" cleared="0" enqueued="0" dynamicThreshold="13" maxThreshold="32" />
  <references type="weak" candidates="143" cleared="0" enqueued="0" />
  <references type="phantom" candidates="57" cleared="0" enqueued="0" />
  <stringconstants candidates="3837" cleared="0"  />
</gc-op>
<gc-op id="485" type="sweep" timems="2.763" contextid="476" timestamp="2019-08-08T12:06:44.796" />
<mem-info id="486" free="4812832" total="11796480" percent="40">
  <mem type="tenure" free="4812832" total="11796480" percent="40" micro-fragmented="37248">
    <mem type="soa" free="4695072" total="11678720" percent="40" />
    <mem type="loa" free="117760" total="117760" percent="100" />
  </mem>
</mem-info>
<gc-op id="487" type="compact" timems="24.157" contextid="476" timestamp="2019-08-08T12:06:44.820">
  <compact-info movecount="2335" movebytes="81736" reason="compact to aid heap contraction" />
</gc-op>
<heap-resize id="488" type="expand" space="tenure" amount="131072" count="1" timems="0.021" reason="satisfy allocation request" timestamp="2019-08-08T12:06:44.821" />
<gc-end id="489" type="global" contextid="476" durationms="38.044" usertimems="30.708" systemtimems="27.275" timestamp="2019-08-08T12:06:44.821" activeThreads="16">
  <mem-info id="490" free="5007360" total="11927552" percent="41">
    <mem type="tenure" free="5007360" total="11927552" percent="41">
      <mem type="soa" free="4888576" total="11808768" percent="41" />
      <mem type="loa" free="118784" total="118784" percent="100" />
    </mem>
  </mem-info>
</gc-end>
<cycle-end id="491" type="global" contextid="476" timestamp="2019-08-08T12:06:44.821" />
  <attribute name="elasticGC enabled" value="1" />
  <attribute name= "numThreadsSpecified" value="16" />
  <attribute name="heapSize specified" value="11796480" />
  <attribute name="Current GC Util" value="53" />
  <attribute name= "Current Time Running" value="39310" />
  <attribute name ="GC Interval" value="0" />
  <attribute name="Target GC Util Change" value ="80.000000" />
  <attribute name="Current GC Util Change" value="53.000000"/>
  <attribute name="Current Error" value="27.000000" />
  <attribute name="Output H" value="11872192"/>
  <attribute name="Output I" value="2056"/>
  <attribute name="Output T" value="16"/>
  <attribute name= "Current Time Running" value="39310" />
  <attribute name="GC Util currently" value="53" />
  <attribute name="CPU Util currently" value="47681913785" />
<allocation-satisfied id="492" threadId="000000000266E600" bytesRequested="720" />
<af-end id="493" timestamp="2019-08-08T12:06:44.821" threadId="000000000266EF88" success="true" />
<exclusive-end id="494" timestamp="2019-08-08T12:06:44.821" durationms="39.651" />

<concurrent-kickoff id="495" timestamp="2019-08-08T12:06:46.222">
  <kickoff reason="threshold reached" targetBytes="4767877" thresholdFreeBytes="639266" remainingFree="632832" tenureFreeBytes="632832" />
</concurrent-kickoff>
<exclusive-start id="496" timestamp="2019-08-08T12:06:46.223" intervalms="1441.288">
  <response-info timems="0.024" idlems="0.024" threads="0" lastid="000000000265F700" lastname="node-3" />
</exclusive-start>
<cycle-start id="497" type="global" contextid="0" timestamp="2019-08-08T12:06:46.223" intervalms="1874.280" />
<exclusive-end id="498" timestamp="2019-08-08T12:06:46.223" durationms="0.012" />

<exclusive-start id="499" timestamp="2019-08-08T12:06:46.662" intervalms="439.755">
  <response-info timems="0.162" idlems="0.162" threads="0" lastid="000000000269BA00" lastname="node-21" />
</exclusive-start>
<af-start id="500" threadId="000000000269C388" totalBytesRequested="32" timestamp="2019-08-08T12:06:46.662" intervalms="1879.820" />
<gc-start id="501" type="global" contextid="497" timestamp="2019-08-08T12:06:46.662">
  <mem-info id="502" free="118784" total="11927552" percent="0">
    <mem type="tenure" free="118784" total="11927552" percent="0">
      <mem type="soa" free="0" total="11808768" percent="0" />
      <mem type="loa" free="118784" total="118784" percent="100" />
    </mem>
  </mem-info>
</gc-start>
<allocation-stats totalBytes="4908816" >
  <allocated-bytes non-tlh="0" tlh="4908816" />
  <largest-consumer threadName="node-9" threadId="000000000266E600" bytes="257896" />
</allocation-stats>
<concurrent-halted id="503" timestamp="2019-08-08T12:06:46.663">
  <halted state="Class scanning incomplete" status="trace only" />
  <traced bytesTarget="4767877" bytesTotal="3355124" bytesByMutator="15144" bytesByHelper="3339980" percent="70" />
  <cards cleaned="0" thresholdBytes="251832" />
</concurrent-halted>
<gc-op id="504" type="card-cleaning" timems="2.378" contextid="497" timestamp="2019-08-08T12:06:46.665">
  <card-cleaning cardsCleaned="194" bytesTraced="612836" workStackOverflowCount="0" />
</gc-op>
<gc-op id="505" type="mark" timems="9.039" contextid="497" timestamp="2019-08-08T12:06:46.674">
  <trace-info objectcount="33235" scancount="37752" scanbytes="1452816" />
  <finalization candidates="13" enqueued="0" />
  <references type="soft" candidates="45" cleared="0" enqueued="0" dynamicThreshold="13" maxThreshold="32" />
  <references type="weak" candidates="143" cleared="0" enqueued="0" />
  <references type="phantom" candidates="57" cleared="0" enqueued="0" />
  <stringconstants candidates="3837" cleared="0"  />
</gc-op>
<gc-op id="506" type="sweep" timems="2.657" contextid="497" timestamp="2019-08-08T12:06:46.677" />
<mem-info id="507" free="4973648" total="11927552" percent="41">
  <mem type="tenure" free="4973648" total="11927552" percent="41" micro-fragmented="19536">
    <mem type="soa" free="4854864" total="11808768" percent="41" />
    <mem type="loa" free="118784" total="118784" percent="100" />
  </mem>
</mem-info>
<gc-op id="508" type="compact" timems="13.782" contextid="497" timestamp="2019-08-08T12:06:46.691">
  <compact-info movecount="2269" movebytes="57928" reason="compact to aid heap contraction" />
</gc-op>
<heap-resize id="509" type="expand" space="tenure" amount="131072" count="1" timems="0.041" reason="satisfy allocation request" timestamp="2019-08-08T12:06:46.692" />
<gc-end id="510" type="global" contextid="497" durationms="29.449" usertimems="28.245" systemtimems="18.223" timestamp="2019-08-08T12:06:46.692" activeThreads="16">
  <mem-info id="511" free="5162240" total="12058624" percent="42">
    <mem type="tenure" free="5162240" total="12058624" percent="42">
      <mem type="soa" free="5042432" total="11938816" percent="42" />
      <mem type="loa" free="119808" total="119808" percent="100" />
    </mem>
  </mem-info>
</gc-end>
<cycle-end id="512" type="global" contextid="497" timestamp="2019-08-08T12:06:46.692" />
  <attribute name="elasticGC enabled" value="1" />
  <attribute name= "numThreadsSpecified" value="16" />
  <attribute name="heapSize specified" value="11927552" />
  <attribute name="Current GC Util" value="57" />
  <attribute name= "Current Time Running" value="41181" />
  <attribute name ="GC Interval" value="0" />
  <attribute name="Target GC Util Change" value ="80.000000" />
  <attribute name="Current GC Util Change" value="57.000000"/>
  <attribute name="Current Error" value="23.000000" />
  <attribute name="Output H" value="12003264"/>
  <attribute name="Output I" value="2056"/>
  <attribute name="Output T" value="16"/>
  <attribute name= "Current Time Running" value="41181" />
  <attribute name="GC Util currently" value="57" />
  <attribute name="CPU Util currently" value="83436520112" />
<allocation-satisfied id="513" threadId="000000000269BA00" bytesRequested="32" />
<af-end id="514" timestamp="2019-08-08T12:06:46.692" threadId="000000000269C388" success="true" />
<exclusive-end id="515" timestamp="2019-08-08T12:06:46.692" durationms="29.649" />

<concurrent-kickoff id="516" timestamp="2019-08-08T12:06:48.422">
  <kickoff reason="threshold reached" targetBytes="4926613" thresholdFreeBytes="658758" remainingFree="636160" tenureFreeBytes="636160" />
</concurrent-kickoff>
<exclusive-start id="517" timestamp="2019-08-08T12:06:48.422" intervalms="1759.705">
  <response-info timems="0.024" idlems="0.024" threads="0" lastid="0000000002666F00" lastname="node-0" />
</exclusive-start>
<cycle-start id="518" type="global" contextid="0" timestamp="2019-08-08T12:06:48.422" intervalms="2199.473" />
<exclusive-end id="519" timestamp="2019-08-08T12:06:48.422" durationms="0.026" />

<exclusive-start id="520" timestamp="2019-08-08T12:06:48.909" intervalms="487.442">
  <response-info timems="0.200" idlems="0.200" threads="0" lastid="00000000026AA900" lastname="node-13" />
</exclusive-start>
<af-start id="521" threadId="00000000026AB288" totalBytesRequested="368" timestamp="2019-08-08T12:06:48.910" intervalms="2247.146" />
<gc-start id="522" type="global" contextid="518" timestamp="2019-08-08T12:06:48.910">
  <mem-info id="523" free="119808" total="12058624" percent="0">
    <mem type="tenure" free="119808" total="12058624" percent="0">
      <mem type="soa" free="0" total="11938816" percent="0" />
      <mem type="loa" free="119808" total="119808" percent="100" />
    </mem>
  </mem-info>
</gc-start>
<allocation-stats totalBytes="5061624" >
  <allocated-bytes non-tlh="0" tlh="5061624" />
  <largest-consumer threadName="node-14" threadId="00000000026A3200" bytes="257984" />
</allocation-stats>
<concurrent-halted id="524" timestamp="2019-08-08T12:06:48.910">
  <halted state="Class scanning incomplete" status="trace only" />
  <traced bytesTarget="4926613" bytesTotal="3329732" bytesByMutator="98580" bytesByHelper="3231152" percent="67" />
  <cards cleaned="0" thresholdBytes="259510" />
</concurrent-halted>
<gc-op id="525" type="card-cleaning" timems="2.720" contextid="518" timestamp="2019-08-08T12:06:48.912">
  <card-cleaning cardsCleaned="216" bytesTraced="613564" workStackOverflowCount="0" />
</gc-op>
<gc-op id="526" type="mark" timems="4.109" contextid="518" timestamp="2019-08-08T12:06:48.917">
  <trace-info objectcount="33280" scancount="37790" scanbytes="1453592" />
  <finalization candidates="13" enqueued="0" />
  <references type="soft" candidates="45" cleared="0" enqueued="0" dynamicThreshold="13" maxThreshold="32" />
  <references type="weak" candidates="143" cleared="0" enqueued="0" />
  <references type="phantom" candidates="57" cleared="0" enqueued="0" />
  <stringconstants candidates="3837" cleared="0"  />
</gc-op>
<gc-op id="527" type="sweep" timems="2.572" contextid="518" timestamp="2019-08-08T12:06:48.919" />
<mem-info id="528" free="5098632" total="12058624" percent="42">
  <mem type="tenure" free="5098632" total="12058624" percent="42" micro-fragmented="34425">
    <mem type="soa" free="4978824" total="11938816" percent="41" />
    <mem type="loa" free="119808" total="119808" percent="100" />
  </mem>
</mem-info>
<gc-op id="529" type="compact" timems="12.285" contextid="518" timestamp="2019-08-08T12:06:48.931">
  <compact-info movecount="2243" movebytes="58440" reason="compact to aid heap contraction" />
</gc-op>
<heap-resize id="530" type="expand" space="tenure" amount="131072" count="1" timems="0.022" reason="satisfy allocation request" timestamp="2019-08-08T12:06:48.933" />
<gc-end id="531" type="global" contextid="518" durationms="23.116" usertimems="24.089" systemtimems="13.046" timestamp="2019-08-08T12:06:48.933" activeThreads="16">
  <mem-info id="532" free="5292800" total="12189696" percent="43">
    <mem type="tenure" free="5292800" total="12189696" percent="43">
      <mem type="soa" free="5170944" total="12067840" percent="42" />
      <mem type="loa" free="121856" total="121856" percent="100" />
    </mem>
  </mem-info>
</gc-end>
<cycle-end id="533" type="global" contextid="518" timestamp="2019-08-08T12:06:48.933" />
  <attribute name="elasticGC enabled" value="1" />
  <attribute name= "numThreadsSpecified" value="16" />
  <attribute name="heapSize specified" value="12058624" />
  <attribute name="Current GC Util" value="53" />
  <attribute name= "Current Time Running" value="43422" />
  <attribute name ="GC Interval" value="0" />
  <attribute name="Target GC Util Change" value ="80.000000" />
  <attribute name="Current GC Util Change" value="53.000000"/>
  <attribute name="Current Error" value="27.000000" />
  <attribute name="Output H" value="12134336"/>
  <attribute name="Output I" value="2056"/>
  <attribute name="Output T" value="16"/>
  <attribute name= "Current Time Running" value="43422" />
  <attribute name="GC Util currently" value="53" />
  <attribute name="CPU Util currently" value="93018850866" />
<allocation-satisfied id="534" threadId="00000000026AA900" bytesRequested="368" />
<af-end id="535" timestamp="2019-08-08T12:06:48.933" threadId="00000000026AB288" success="true" />
<exclusive-end id="536" timestamp="2019-08-08T12:06:48.933" durationms="23.473" />

<concurrent-kickoff id="537" timestamp="2019-08-08T12:06:51.084">
  <kickoff reason="threshold reached" targetBytes="5038734" thresholdFreeBytes="672520" remainingFree="635648" tenureFreeBytes="635648" />
</concurrent-kickoff>
<exclusive-start id="538" timestamp="2019-08-08T12:06:51.086" intervalms="2176.101">
  <response-info timems="0.973" idlems="0.973" threads="0" lastid="0000000002679F00" lastname="node-7" />
</exclusive-start>
<cycle-start id="539" type="global" contextid="0" timestamp="2019-08-08T12:06:51.086" intervalms="2663.533" />
<exclusive-end id="540" timestamp="2019-08-08T12:06:51.086" durationms="0.127" />

<exclusive-start id="541" timestamp="2019-08-08T12:06:51.448" intervalms="362.561">
  <response-info timems="0.245" idlems="0.245" threads="0" lastid="0000000002650700" lastname="node-15" />
</exclusive-start>
<af-start id="542" threadId="0000000002651088" totalBytesRequested="24" timestamp="2019-08-08T12:06:51.448" intervalms="2538.648" />
<gc-start id="543" type="global" contextid="539" timestamp="2019-08-08T12:06:51.448">
  <mem-info id="544" free="121856" total="12189696" percent="0">
    <mem type="tenure" free="121856" total="12189696" percent="0">
      <mem type="soa" free="0" total="12067840" percent="0" />
      <mem type="loa" free="121856" total="121856" percent="100" />
    </mem>
  </mem-info>
</gc-start>
<allocation-stats totalBytes="5193392" >
  <allocated-bytes non-tlh="0" tlh="5193392" />
  <largest-consumer threadName="node-13" threadId="00000000026AA900" bytes="258016" />
</allocation-stats>
<concurrent-halted id="545" timestamp="2019-08-08T12:06:51.448">
  <halted state="Complete" status="trace only" />
  <traced bytesTarget="5038734" bytesTotal="3296980" bytesByMutator="614036" bytesByHelper="2682944" percent="65" />
  <cards cleaned="0" thresholdBytes="264932" />
</concurrent-halted>
<gc-op id="546" type="card-cleaning" timems="2.435" contextid="539" timestamp="2019-08-08T12:06:51.451">
  <card-cleaning cardsCleaned="203" bytesTraced="554744" workStackOverflowCount="0" />
</gc-op>
<gc-op id="547" type="mark" timems="7.791" contextid="539" timestamp="2019-08-08T12:06:51.459">
  <trace-info objectcount="34657" scancount="39073" scanbytes="1547372" />
  <finalization candidates="13" enqueued="0" />
  <references type="soft" candidates="45" cleared="0" enqueued="0" dynamicThreshold="13" maxThreshold="32" />
  <references type="weak" candidates="143" cleared="0" enqueued="0" />
  <references type="phantom" candidates="57" cleared="0" enqueued="0" />
  <stringconstants candidates="3837" cleared="0"  />
</gc-op>
<gc-op id="548" type="sweep" timems="5.627" contextid="539" timestamp="2019-08-08T12:06:51.464" />
<mem-info id="549" free="5234304" total="12189696" percent="42">
  <mem type="tenure" free="5234304" total="12189696" percent="42" micro-fragmented="39634">
    <mem type="soa" free="5112448" total="12067840" percent="42" />
    <mem type="loa" free="121856" total="121856" percent="100" />
  </mem>
</mem-info>
<gc-op id="550" type="compact" timems="12.813" contextid="539" timestamp="2019-08-08T12:06:51.477">
  <compact-info movecount="2106" movebytes="72528" reason="compact to aid heap contraction" />
</gc-op>
<heap-resize id="551" type="expand" space="tenure" amount="131072" count="1" timems="0.021" reason="satisfy allocation request" timestamp="2019-08-08T12:06:51.478" />
<gc-end id="552" type="global" contextid="539" durationms="29.488" usertimems="22.824" systemtimems="24.811" timestamp="2019-08-08T12:06:51.478" activeThreads="16">
  <mem-info id="553" free="5409784" total="12320768" percent="43">
    <mem type="tenure" free="5409784" total="12320768" percent="43">
      <mem type="soa" free="5286904" total="12197888" percent="43" />
      <mem type="loa" free="122880" total="122880" percent="100" />
    </mem>
  </mem-info>
</gc-end>
<cycle-end id="554" type="global" contextid="539" timestamp="2019-08-08T12:06:51.478" />
  <attribute name="elasticGC enabled" value="1" />
  <attribute name= "numThreadsSpecified" value="16" />
  <attribute name="heapSize specified" value="12189696" />
  <attribute name="Current GC Util" value="62" />
  <attribute name= "Current Time Running" value="45967" />
  <attribute name ="GC Interval" value="0" />
  <attribute name="Target GC Util Change" value ="80.000000" />
  <attribute name="Current GC Util Change" value="62.000000"/>
  <attribute name="Current Error" value="18.000000" />
  <attribute name="Output H" value="12265400"/>
  <attribute name="Output I" value="2040"/>
  <attribute name="Output T" value="16"/>
  <attribute name= "Current Time Running" value="45967" />
  <attribute name="GC Util currently" value="62" />
  <attribute name="CPU Util currently" value="89746436659" />
<allocation-satisfied id="555" threadId="0000000002650700" bytesRequested="24" />
<af-end id="556" timestamp="2019-08-08T12:06:51.478" threadId="0000000002651088" success="true" />
<exclusive-end id="557" timestamp="2019-08-08T12:06:51.478" durationms="29.727" />

<concurrent-kickoff id="558" timestamp="2019-08-08T12:06:53.284">
  <kickoff reason="threshold reached" targetBytes="5097722" thresholdFreeBytes="679566" remainingFree="678904" tenureFreeBytes="678904" />
</concurrent-kickoff>
<exclusive-start id="559" timestamp="2019-08-08T12:06:53.285" intervalms="1836.903">
  <response-info timems="0.108" idlems="0.108" threads="0" lastid="0000000002694200" lastname="node-25" />
</exclusive-start>
<cycle-start id="560" type="global" contextid="0" timestamp="2019-08-08T12:06:53.285" intervalms="2199.522" />
<exclusive-end id="561" timestamp="2019-08-08T12:06:53.285" durationms="0.099" />

<exclusive-start id="562" timestamp="2019-08-08T12:06:53.647" intervalms="361.968">
  <response-info timems="0.261" idlems="0.261" threads="0" lastid="000000000267DB00" lastname="node-11" />
</exclusive-start>
<af-start id="563" threadId="000000000267E488" totalBytesRequested="368" timestamp="2019-08-08T12:06:53.647" intervalms="2198.899" />
<gc-start id="564" type="global" contextid="560" timestamp="2019-08-08T12:06:53.647">
  <mem-info id="565" free="122880" total="12320768" percent="0">
    <mem type="tenure" free="122880" total="12320768" percent="0">
      <mem type="soa" free="0" total="12197888" percent="0" />
      <mem type="loa" free="122880" total="122880" percent="100" />
    </mem>
  </mem-info>
</gc-start>
<allocation-stats totalBytes="5307128" >
  <allocated-bytes non-tlh="0" tlh="5307128" />
  <largest-consumer threadName="node-15" threadId="0000000002650700" bytes="258000" />
</allocation-stats>
<concurrent-halted id="566" timestamp="2019-08-08T12:06:53.647">
  <halted state="Complete" status="trace only" />
  <traced bytesTarget="5097722" bytesTotal="3359572" bytesByMutator="22540" bytesByHelper="3337032" percent="65" />
  <cards cleaned="0" thresholdBytes="267707" />
</concurrent-halted>
<gc-op id="567" type="card-cleaning" timems="12.473" contextid="560" timestamp="2019-08-08T12:06:53.660">
  <card-cleaning cardsCleaned="187" bytesTraced="641344" workStackOverflowCount="0" />
</gc-op>
<gc-op id="568" type="mark" timems="9.619" contextid="560" timestamp="2019-08-08T12:06:53.669">
  <trace-info objectcount="31980" scancount="36539" scanbytes="1420204" />
  <finalization candidates="13" enqueued="0" />
  <references type="soft" candidates="45" cleared="0" enqueued="0" dynamicThreshold="14" maxThreshold="32" />
  <references type="weak" candidates="143" cleared="0" enqueued="0" />
  <references type="phantom" candidates="57" cleared="0" enqueued="0" />
  <stringconstants candidates="3837" cleared="0"  />
</gc-op>
<gc-op id="569" type="sweep" timems="10.124" contextid="560" timestamp="2019-08-08T12:06:53.680" />
<mem-info id="570" free="5384488" total="12320768" percent="43">
  <mem type="tenure" free="5384488" total="12320768" percent="43" micro-fragmented="21472">
    <mem type="soa" free="5261608" total="12197888" percent="43" />
    <mem type="loa" free="122880" total="122880" percent="100" />
  </mem>
</mem-info>
<gc-op id="571" type="compact" timems="10.058" contextid="560" timestamp="2019-08-08T12:06:53.690">
  <compact-info movecount="2060" movebytes="61032" reason="compact to aid heap contraction" />
</gc-op>
<heap-resize id="572" type="expand" space="tenure" amount="131072" count="1" timems="0.019" reason="satisfy allocation request" timestamp="2019-08-08T12:06:53.691" />
<gc-end id="573" type="global" contextid="560" durationms="43.438" usertimems="22.774" systemtimems="35.127" timestamp="2019-08-08T12:06:53.691" activeThreads="16">
  <mem-info id="574" free="5552352" total="12451840" percent="44">
    <mem type="tenure" free="5552352" total="12451840" percent="44">
      <mem type="soa" free="5428448" total="12327936" percent="44" />
      <mem type="loa" free="123904" total="123904" percent="100" />
    </mem>
  </mem-info>
</gc-end>
<cycle-end id="575" type="global" contextid="560" timestamp="2019-08-08T12:06:53.691" />
  <attribute name="elasticGC enabled" value="1" />
  <attribute name= "numThreadsSpecified" value="16" />
  <attribute name="heapSize specified" value="12320768" />
  <attribute name="Current GC Util" value="0" />
  <attribute name= "Current Time Running" value="48180" />
  <attribute name ="GC Interval" value="0" />
  <attribute name="Target GC Util Change" value ="80.000000" />
  <attribute name="Current GC Util Change" value="0.000000"/>
  <attribute name="Current Error" value="80.000000" />
  <attribute name="Output H" value="12396544"/>
  <attribute name="Output I" value="2152"/>
  <attribute name="Output T" value="16"/>
  <attribute name= "Current Time Running" value="48180" />
  <attribute name="GC Util currently" value="0" />
  <attribute name="CPU Util currently" value="114701071964" />
<allocation-satisfied id="576" threadId="000000000267DB00" bytesRequested="368" />
<af-end id="577" timestamp="2019-08-08T12:06:53.691" threadId="000000000267E488" success="true" />
<exclusive-end id="578" timestamp="2019-08-08T12:06:53.691" durationms="43.689" />

<concurrent-kickoff id="579" timestamp="2019-08-08T12:06:55.579">
  <kickoff reason="threshold reached" targetBytes="5180601" thresholdFreeBytes="690016" remainingFree="649440" tenureFreeBytes="649440" />
</concurrent-kickoff>
<exclusive-start id="580" timestamp="2019-08-08T12:06:55.579" intervalms="1932.054">
  <response-info timems="0.400" idlems="0.400" threads="0" lastid="000000000269BA00" lastname="node-21" />
</exclusive-start>
<cycle-start id="581" type="global" contextid="0" timestamp="2019-08-08T12:06:55.579" intervalms="2294.025" />
<exclusive-end id="582" timestamp="2019-08-08T12:06:55.579" durationms="0.094" />

<exclusive-start id="583" timestamp="2019-08-08T12:06:56.039" intervalms="460.016">
  <response-info timems="0.023" idlems="0.023" threads="0" lastid="000000000265F700" lastname="node-3" />
</exclusive-start>
<af-start id="584" threadId="0000000002660088" totalBytesRequested="24" timestamp="2019-08-08T12:06:56.039" intervalms="2392.046" />
<gc-start id="585" type="global" contextid="581" timestamp="2019-08-08T12:06:56.039">
  <mem-info id="586" free="123904" total="12451840" percent="0">
    <mem type="tenure" free="123904" total="12451840" percent="0">
      <mem type="soa" free="0" total="12327936" percent="0" />
      <mem type="loa" free="123904" total="123904" percent="100" />
    </mem>
  </mem-info>
</gc-start>
<allocation-stats totalBytes="5448608" >
  <allocated-bytes non-tlh="0" tlh="5448608" />
  <largest-consumer threadName="node-24" threadId="0000000002685200" bytes="258024" />
</allocation-stats>
<concurrent-halted id="587" timestamp="2019-08-08T12:06:56.039">
  <halted state="Complete" status="trace only" />
  <traced bytesTarget="5180601" bytesTotal="3360044" bytesByMutator="25456" bytesByHelper="3334588" percent="64" />
  <cards cleaned="0" thresholdBytes="271824" />
</concurrent-halted>
<gc-op id="588" type="card-cleaning" timems="2.464" contextid="581" timestamp="2019-08-08T12:06:56.042">
  <card-cleaning cardsCleaned="210" bytesTraced="609780" workStackOverflowCount="0" />
</gc-op>
<gc-op id="589" type="mark" timems="9.325" contextid="581" timestamp="2019-08-08T12:06:56.051">
  <trace-info objectcount="33273" scancount="37792" scanbytes="1453792" />
  <finalization candidates="13" enqueued="0" />
  <references type="soft" candidates="45" cleared="0" enqueued="0" dynamicThreshold="14" maxThreshold="32" />
  <references type="weak" candidates="143" cleared="0" enqueued="0" />
  <references type="phantom" candidates="57" cleared="0" enqueued="0" />
  <stringconstants candidates="3837" cleared="0"  />
</gc-op>
<gc-op id="590" type="sweep" timems="5.448" contextid="581" timestamp="2019-08-08T12:06:56.057" />
<mem-info id="591" free="5483408" total="12451840" percent="44">
  <mem type="tenure" free="5483408" total="12451840" percent="44" micro-fragmented="69120">
    <mem type="soa" free="5359504" total="12327936" percent="43" />
    <mem type="loa" free="123904" total="123904" percent="100" />
  </mem>
</mem-info>
<gc-op id="592" type="compact" timems="11.805" contextid="581" timestamp="2019-08-08T12:06:56.068">
  <compact-info movecount="2178" movebytes="55848" reason="compact to aid heap contraction" />
</gc-op>
<heap-resize id="593" type="expand" space="tenure" amount="131072" count="1" timems="0.028" reason="satisfy allocation request" timestamp="2019-08-08T12:06:56.071" />
<gc-end id="594" type="global" contextid="581" durationms="31.947" usertimems="20.838" systemtimems="23.066" timestamp="2019-08-08T12:06:56.071" activeThreads="16">
  <mem-info id="595" free="5688608" total="12582912" percent="45">
    <mem type="tenure" free="5688608" total="12582912" percent="45">
      <mem type="soa" free="5563680" total="12457984" percent="44" />
      <mem type="loa" free="124928" total="124928" percent="100" />
    </mem>
  </mem-info>
</gc-end>
<cycle-end id="596" type="global" contextid="581" timestamp="2019-08-08T12:06:56.071" />
  <attribute name="elasticGC enabled" value="1" />
  <attribute name= "numThreadsSpecified" value="16" />
  <attribute name="heapSize specified" value="12451840" />
  <attribute name="Current GC Util" value="25" />
  <attribute name= "Current Time Running" value="50559" />
  <attribute name ="GC Interval" value="0" />
  <attribute name="Target GC Util Change" value ="80.000000" />
  <attribute name="Current GC Util Change" value="25.000000"/>
  <attribute name="Current Error" value="55.000000" />
  <attribute name="Output H" value="12527584"/>
  <attribute name="Output I" value="2112"/>
  <attribute name="Output T" value="16"/>
  <attribute name= "Current Time Running" value="50559" />
  <attribute name="GC Util currently" value="25" />
  <attribute name="CPU Util currently" value="97218714163" />
<allocation-satisfied id="597" threadId="000000000265F700" bytesRequested="24" />
<af-end id="598" timestamp="2019-08-08T12:06:56.071" threadId="0000000002660088" success="true" />
<exclusive-end id="599" timestamp="2019-08-08T12:06:56.071" durationms="32.194" />

<concurrent-kickoff id="600" timestamp="2019-08-08T12:06:58.113">
  <kickoff reason="threshold reached" targetBytes="5235211" thresholdFreeBytes="696886" remainingFree="662816" tenureFreeBytes="662816" />
</concurrent-kickoff>
<exclusive-start id="601" timestamp="2019-08-08T12:06:58.114" intervalms="2075.283">
  <response-info timems="0.875" idlems="0.875" threads="0" lastid="000000000265BB00" lastname="node-4" />
</exclusive-start>
<cycle-start id="602" type="global" contextid="0" timestamp="2019-08-08T12:06:58.114" intervalms="2535.250" />
<exclusive-end id="603" timestamp="2019-08-08T12:06:58.114" durationms="0.031" />

<exclusive-start id="604" timestamp="2019-08-08T12:06:58.868" intervalms="753.340">
  <response-info timems="0.040" idlems="0.023" threads="1" lastid="000000000266E600" lastname="node-9" />
</exclusive-start>
<af-start id="605" threadId="0000000002651088" totalBytesRequested="24" timestamp="2019-08-08T12:06:58.868" intervalms="2828.616" />
<gc-start id="606" type="global" contextid="602" timestamp="2019-08-08T12:06:58.868">
  <mem-info id="607" free="124928" total="12582912" percent="0">
    <mem type="tenure" free="124928" total="12582912" percent="0">
      <mem type="soa" free="0" total="12457984" percent="0" />
      <mem type="loa" free="124928" total="124928" percent="100" />
    </mem>
  </mem-info>
</gc-start>
<allocation-stats totalBytes="5584216" >
  <allocated-bytes non-tlh="0" tlh="5584216" />
  <largest-consumer threadName="node-8" threadId="0000000002688E00" bytes="286696" />
</allocation-stats>
<concurrent-halted id="608" timestamp="2019-08-08T12:06:58.868">
  <halted state="Complete" status="exhausted" />
  <traced bytesTarget="5235211" bytesTotal="3455944" bytesByMutator="404252" bytesByHelper="3051692" percent="66" />
  <cards cleaned="188" thresholdBytes="274530" />
</concurrent-halted>
<gc-op id="609" type="card-cleaning" timems="2.310" contextid="602" timestamp="2019-08-08T12:06:58.870">
  <card-cleaning cardsCleaned="62" bytesTraced="455076" workStackOverflowCount="0" />
</gc-op>
<gc-op id="610" type="mark" timems="6.647" contextid="602" timestamp="2019-08-08T12:06:58.877">
  <trace-info objectcount="35466" scancount="39982" scanbytes="1579584" />
  <finalization candidates="13" enqueued="0" />
  <references type="soft" candidates="45" cleared="0" enqueued="0" dynamicThreshold="14" maxThreshold="32" />
  <references type="weak" candidates="143" cleared="0" enqueued="0" />
  <references type="phantom" candidates="57" cleared="0" enqueued="0" />
  <stringconstants candidates="3837" cleared="0"  />
</gc-op>
<gc-op id="611" type="sweep" timems="4.312" contextid="602" timestamp="2019-08-08T12:06:58.881" />
<mem-info id="612" free="5555088" total="12582912" percent="44">
  <mem type="tenure" free="5555088" total="12582912" percent="44" micro-fragmented="55680">
    <mem type="soa" free="5430160" total="12457984" percent="43" />
    <mem type="loa" free="124928" total="124928" percent="100" />
  </mem>
</mem-info>
<gc-op id="613" type="compact" timems="11.705" contextid="602" timestamp="2019-08-08T12:06:58.893">
  <compact-info movecount="2538" movebytes="74656" reason="compact to aid heap contraction" />
</gc-op>
<heap-resize id="614" type="expand" space="tenure" amount="131072" count="1" timems="0.024" reason="satisfy allocation request" timestamp="2019-08-08T12:06:58.894" />
<gc-end id="615" type="global" contextid="602" durationms="26.070" usertimems="24.856" systemtimems="14.198" timestamp="2019-08-08T12:06:58.894" activeThreads="16">
  <mem-info id="616" free="5796776" total="12713984" percent="45">
    <mem type="tenure" free="5796776" total="12713984" percent="45">
      <mem type="soa" free="5669800" total="12587008" percent="45" />
      <mem type="loa" free="126976" total="126976" percent="100" />
    </mem>
  </mem-info>
</gc-end>
<cycle-end id="617" type="global" contextid="602" timestamp="2019-08-08T12:06:58.894" />
  <attribute name="elasticGC enabled" value="1" />
  <attribute name= "numThreadsSpecified" value="16" />
  <attribute name="heapSize specified" value="12582912" />
  <attribute name="Current GC Util" value="55" />
  <attribute name= "Current Time Running" value="53383" />
  <attribute name ="GC Interval" value="0" />
  <attribute name="Target GC Util Change" value ="80.000000" />
  <attribute name="Current GC Util Change" value="55.000000"/>
  <attribute name="Current Error" value="25.000000" />
  <attribute name="Output H" value="12658624"/>
  <attribute name="Output I" value="2056"/>
  <attribute name="Output T" value="16"/>
  <attribute name= "Current Time Running" value="53383" />
  <attribute name="GC Util currently" value="55" />
  <attribute name="CPU Util currently" value="98037558740" />
<allocation-satisfied id="618" threadId="0000000002650700" bytesRequested="24" />
<af-end id="619" timestamp="2019-08-08T12:06:58.894" threadId="0000000002651088" success="true" />
<exclusive-end id="620" timestamp="2019-08-08T12:06:58.894" durationms="26.352" />

<concurrent-kickoff id="621" timestamp="2019-08-08T12:07:01.343">
  <kickoff reason="threshold reached" targetBytes="4785074" thresholdFreeBytes="643470" remainingFree="603048" tenureFreeBytes="603048" />
</concurrent-kickoff>
<exclusive-start id="622" timestamp="2019-08-08T12:07:01.343" intervalms="2475.648">
  <response-info timems="0.180" idlems="0.180" threads="0" lastid="00000000026A6D00" lastname="node-5" />
</exclusive-start>
<cycle-start id="623" type="global" contextid="0" timestamp="2019-08-08T12:07:01.343" intervalms="3228.988" />
<exclusive-end id="624" timestamp="2019-08-08T12:07:01.343" durationms="0.030" />

<exclusive-start id="625" timestamp="2019-08-08T12:07:01.815" intervalms="471.219">
  <response-info timems="0.027" idlems="0.027" threads="0" lastid="000000000269BA00" lastname="node-21" />
</exclusive-start>
<af-start id="626" threadId="000000000269C388" totalBytesRequested="24" timestamp="2019-08-08T12:07:01.815" intervalms="2946.903" />
<gc-start id="627" type="global" contextid="623" timestamp="2019-08-08T12:07:01.815">
  <mem-info id="628" free="126976" total="12713984" percent="0">
    <mem type="tenure" free="126976" total="12713984" percent="0">
      <mem type="soa" free="0" total="12587008" percent="0" />
      <mem type="loa" free="126976" total="126976" percent="100" />
    </mem>
  </mem-info>
</gc-start>
<allocation-stats totalBytes="5694368" >
  <allocated-bytes non-tlh="0" tlh="5694368" />
  <largest-consumer threadName="node-13" threadId="00000000026AA900" bytes="286696" />
</allocation-stats>
<concurrent-halted id="629" timestamp="2019-08-08T12:07:01.815">
  <halted state="Complete" status="trace only" />
  <traced bytesTarget="4785074" bytesTotal="3316444" bytesByMutator="28684" bytesByHelper="3287760" percent="69" />
  <cards cleaned="0" thresholdBytes="253488" />
</concurrent-halted>
<gc-op id="630" type="card-cleaning" timems="3.642" contextid="623" timestamp="2019-08-08T12:07:01.818">
  <card-cleaning cardsCleaned="206" bytesTraced="668144" workStackOverflowCount="0" />
</gc-op>
<gc-op id="631" type="mark" timems="9.983" contextid="623" timestamp="2019-08-08T12:07:01.828">
  <trace-info objectcount="32496" scancount="37073" scanbytes="1433028" />
  <finalization candidates="13" enqueued="0" />
  <references type="soft" candidates="45" cleared="0" enqueued="0" dynamicThreshold="14" maxThreshold="32" />
  <references type="weak" candidates="143" cleared="0" enqueued="0" />
  <references type="phantom" candidates="57" cleared="0" enqueued="0" />
  <stringconstants candidates="3837" cleared="0"  />
</gc-op>
<gc-op id="632" type="sweep" timems="5.408" contextid="623" timestamp="2019-08-08T12:07:01.834" />
<mem-info id="633" free="5764752" total="12713984" percent="45">
  <mem type="tenure" free="5764752" total="12713984" percent="45" micro-fragmented="39432">
    <mem type="soa" free="5637776" total="12587008" percent="44" />
    <mem type="loa" free="126976" total="126976" percent="100" />
  </mem>
</mem-info>
<gc-op id="634" type="compact" timems="23.188" contextid="623" timestamp="2019-08-08T12:07:01.857">
  <compact-info movecount="2009" movebytes="50640" reason="compact to aid heap contraction" />
</gc-op>
<heap-resize id="635" type="expand" space="tenure" amount="131072" count="1" timems="0.029" reason="satisfy allocation request" timestamp="2019-08-08T12:07:01.858" />
<gc-end id="636" type="global" contextid="623" durationms="43.795" usertimems="36.582" systemtimems="30.771" timestamp="2019-08-08T12:07:01.858" activeThreads="16">
  <mem-info id="637" free="5951864" total="12845056" percent="46">
    <mem type="tenure" free="5951864" total="12845056" percent="46">
      <mem type="soa" free="5823864" total="12717056" percent="45" />
      <mem type="loa" free="128000" total="128000" percent="100" />
    </mem>
  </mem-info>
</gc-end>
<cycle-end id="638" type="global" contextid="623" timestamp="2019-08-08T12:07:01.859" />
  <attribute name="elasticGC enabled" value="1" />
  <attribute name= "numThreadsSpecified" value="16" />
  <attribute name="heapSize specified" value="12713984" />
  <attribute name="Current GC Util" value="85" />
  <attribute name= "Current Time Running" value="56347" />
  <attribute name ="GC Interval" value="0" />
  <attribute name="Target GC Util Change" value ="80.000000" />
  <attribute name="Current GC Util Change" value="85.000000"/>
  <attribute name="Current Error" value="-5.000000" />
  <attribute name="Output H" value="12789664"/>
  <attribute name="Output I" value="2000"/>
  <attribute name="Output T" value="16"/>
  <attribute name= "Current Time Running" value="56347" />
  <attribute name="GC Util currently" value="85" />
  <attribute name="CPU Util currently" value="49617362743" />
<allocation-satisfied id="639" threadId="000000000269BA00" bytesRequested="24" />
<af-end id="640" timestamp="2019-08-08T12:07:01.859" threadId="000000000269C388" success="true" />
<exclusive-end id="641" timestamp="2019-08-08T12:07:01.859" durationms="44.022" />

<concurrent-kickoff id="642" timestamp="2019-08-08T12:07:03.969">
  <kickoff reason="threshold reached" targetBytes="4951120" thresholdFreeBytes="663417" remainingFree="659832" tenureFreeBytes="659832" />
</concurrent-kickoff>
<exclusive-start id="643" timestamp="2019-08-08T12:07:03.970" intervalms="2154.970">
  <response-info timems="0.793" idlems="0.400" threads="1" lastid="0000000002666F00" lastname="node-0" />
</exclusive-start>
<cycle-start id="644" type="global" contextid="0" timestamp="2019-08-08T12:07:03.970" intervalms="2626.214" />
<exclusive-end id="645" timestamp="2019-08-08T12:07:03.970" durationms="0.057" />

<exclusive-start id="646" timestamp="2019-08-08T12:07:04.258" intervalms="288.332">
  <response-info timems="0.189" idlems="0.189" threads="0" lastid="0000000002650700" lastname="node-15" />
</exclusive-start>
<af-start id="647" threadId="0000000002651088" totalBytesRequested="32" timestamp="2019-08-08T12:07:04.258" intervalms="2443.304" />
<gc-start id="648" type="global" contextid="644" timestamp="2019-08-08T12:07:04.258">
  <mem-info id="649" free="128000" total="12845056" percent="0">
    <mem type="tenure" free="128000" total="12845056" percent="0">
      <mem type="soa" free="0" total="12717056" percent="0" />
      <mem type="loa" free="128000" total="128000" percent="100" />
    </mem>
  </mem-info>
</gc-start>
<allocation-stats totalBytes="5848104" >
  <allocated-bytes non-tlh="0" tlh="5848104" />
  <largest-consumer threadName="node-8" threadId="0000000002688E00" bytes="286696" />
</allocation-stats>
<concurrent-halted id="650" timestamp="2019-08-08T12:07:04.258">
  <halted state="Class scanning incomplete" status="trace only" />
  <traced bytesTarget="4951120" bytesTotal="3325912" bytesByMutator="407044" bytesByHelper="2918868" percent="67" />
  <cards cleaned="0" thresholdBytes="261345" />
</concurrent-halted>
<gc-op id="651" type="card-cleaning" timems="1.724" contextid="644" timestamp="2019-08-08T12:07:04.260">
  <card-cleaning cardsCleaned="193" bytesTraced="663180" workStackOverflowCount="0" />
</gc-op>
<gc-op id="652" type="mark" timems="7.905" contextid="644" timestamp="2019-08-08T12:07:04.268">
  <trace-info objectcount="32356" scancount="36905" scanbytes="1394004" />
  <finalization candidates="13" enqueued="0" />
  <references type="soft" candidates="45" cleared="0" enqueued="0" dynamicThreshold="14" maxThreshold="32" />
  <references type="weak" candidates="143" cleared="0" enqueued="0" />
  <references type="phantom" candidates="57" cleared="0" enqueued="0" />
  <stringconstants candidates="3837" cleared="0"  />
</gc-op>
<gc-op id="653" type="sweep" timems="3.949" contextid="644" timestamp="2019-08-08T12:07:04.272" />
<mem-info id="654" free="5948160" total="12845056" percent="46">
  <mem type="tenure" free="5948160" total="12845056" percent="46" micro-fragmented="18600">
    <mem type="soa" free="5820160" total="12717056" percent="45" />
    <mem type="loa" free="128000" total="128000" percent="100" />
  </mem>
</mem-info>
<gc-op id="655" type="compact" timems="19.613" contextid="644" timestamp="2019-08-08T12:07:04.291">
  <compact-info movecount="1652" movebytes="39400" reason="compact to aid heap contraction" />
</gc-op>
<heap-resize id="656" type="expand" space="tenure" amount="131072" count="1" timems="0.028" reason="satisfy allocation request" timestamp="2019-08-08T12:07:04.293" />
<gc-end id="657" type="global" contextid="644" durationms="34.959" usertimems="23.991" systemtimems="33.690" timestamp="2019-08-08T12:07:04.293" activeThreads="16">
  <mem-info id="658" free="6094176" total="12976128" percent="46">
    <mem type="tenure" free="6094176" total="12976128" percent="46">
      <mem type="soa" free="5965152" total="12847104" percent="46" />
      <mem type="loa" free="129024" total="129024" percent="100" />
    </mem>
  </mem-info>
</gc-end>
<cycle-end id="659" type="global" contextid="644" timestamp="2019-08-08T12:07:04.293" />
  <attribute name="elasticGC enabled" value="1" />
  <attribute name= "numThreadsSpecified" value="16" />
  <attribute name="heapSize specified" value="12845056" />
  <attribute name="Current GC Util" value="74" />
  <attribute name= "Current Time Running" value="58781" />
  <attribute name ="GC Interval" value="0" />
  <attribute name="Target GC Util Change" value ="80.000000" />
  <attribute name="Current GC Util Change" value="74.000000"/>
  <attribute name="Current Error" value="6.000000" />
  <attribute name="Output H" value="12920744"/>
  <attribute name="Output I" value="2024"/>
  <attribute name="Output T" value="16"/>
  <attribute name= "Current Time Running" value="58781" />
  <attribute name="GC Util currently" value="74" />
  <attribute name="CPU Util currently" value="58587657460" />
<allocation-satisfied id="660" threadId="0000000002650700" bytesRequested="32" />
<af-end id="661" timestamp="2019-08-08T12:07:04.293" threadId="0000000002651088" success="true" />
<exclusive-end id="662" timestamp="2019-08-08T12:07:04.293" durationms="35.179" />

<concurrent-kickoff id="663" timestamp="2019-08-08T12:07:07.106">
  <kickoff reason="threshold reached" targetBytes="5074786" thresholdFreeBytes="678353" remainingFree="646496" tenureFreeBytes="646496" />
</concurrent-kickoff>
<exclusive-start id="664" timestamp="2019-08-08T12:07:07.106" intervalms="2848.470">
  <response-info timems="0.211" idlems="0.211" threads="0" lastid="0000000002679F00" lastname="node-7" />
</exclusive-start>
<cycle-start id="665" type="global" contextid="0" timestamp="2019-08-08T12:07:07.106" intervalms="3136.784" />
<exclusive-end id="666" timestamp="2019-08-08T12:07:07.106" durationms="0.037" />

<exclusive-start id="667" timestamp="2019-08-08T12:07:07.302" intervalms="195.403">
  <response-info timems="0.053" idlems="0.053" threads="0" lastid="0000000002690600" lastname="node-10" />
</exclusive-start>
<af-start id="668" threadId="0000000002690F88" totalBytesRequested="24" timestamp="2019-08-08T12:07:07.302" intervalms="3043.925" />
<gc-start id="669" type="global" contextid="665" timestamp="2019-08-08T12:07:07.303">
  <mem-info id="670" free="129024" total="12976128" percent="0">
    <mem type="tenure" free="129024" total="12976128" percent="0">
      <mem type="soa" free="0" total="12847104" percent="0" />
      <mem type="loa" free="129024" total="129024" percent="100" />
    </mem>
  </mem-info>
</gc-start>
<allocation-stats totalBytes="5989600" >
  <allocated-bytes non-tlh="0" tlh="5989600" />
  <largest-consumer threadName="node-7" threadId="0000000002679F00" bytes="286672" />
</allocation-stats>
<concurrent-halted id="671" timestamp="2019-08-08T12:07:07.303">
  <halted state="Class scanning incomplete" status="trace only" />
  <traced bytesTarget="5074786" bytesTotal="3308664" bytesByMutator="25900" bytesByHelper="3282764" percent="65" />
  <cards cleaned="0" thresholdBytes="267229" />
</concurrent-halted>
<gc-op id="672" type="card-cleaning" timems="2.507" contextid="665" timestamp="2019-08-08T12:07:07.305">
  <card-cleaning cardsCleaned="165" bytesTraced="624488" workStackOverflowCount="0" />
</gc-op>
<gc-op id="673" type="mark" timems="9.603" contextid="665" timestamp="2019-08-08T12:07:07.315">
  <trace-info objectcount="32906" scancount="37428" scanbytes="1445000" />
  <finalization candidates="13" enqueued="0" />
  <references type="soft" candidates="45" cleared="0" enqueued="0" dynamicThreshold="15" maxThreshold="32" />
  <references type="weak" candidates="143" cleared="0" enqueued="0" />
  <references type="phantom" candidates="57" cleared="0" enqueued="0" />
  <stringconstants candidates="3837" cleared="0"  />
</gc-op>
<gc-op id="674" type="sweep" timems="5.862" contextid="665" timestamp="2019-08-08T12:07:07.321" />
<mem-info id="675" free="6074328" total="12976128" percent="46">
  <mem type="tenure" free="6074328" total="12976128" percent="46" micro-fragmented="17800">
    <mem type="soa" free="5945304" total="12847104" percent="46" />
    <mem type="loa" free="129024" total="129024" percent="100" />
  </mem>
</mem-info>
<gc-op id="676" type="compact" timems="19.250" contextid="665" timestamp="2019-08-08T12:07:07.340">
  <compact-info movecount="1555" movebytes="39344" reason="compact to aid heap contraction" />
</gc-op>
<heap-resize id="677" type="expand" space="tenure" amount="131072" count="1" timems="0.021" reason="satisfy allocation request" timestamp="2019-08-08T12:07:07.341" />
<gc-end id="678" type="global" contextid="665" durationms="38.911" usertimems="34.554" systemtimems="27.748" timestamp="2019-08-08T12:07:07.341" activeThreads="16">
  <mem-info id="679" free="6224768" total="13107200" percent="47">
    <mem type="tenure" free="6224768" total="13107200" percent="47">
      <mem type="soa" free="6093696" total="12976128" percent="46" />
      <mem type="loa" free="131072" total="131072" percent="100" />
    </mem>
  </mem-info>
</gc-end>
<cycle-end id="680" type="global" contextid="665" timestamp="2019-08-08T12:07:07.342" />
  <attribute name="elasticGC enabled" value="1" />
  <attribute name= "numThreadsSpecified" value="16" />
  <attribute name="heapSize specified" value="12976128" />
  <attribute name="Current GC Util" value="89" />
  <attribute name= "Current Time Running" value="61830" />
  <attribute name ="GC Interval" value="0" />
  <attribute name="Target GC Util Change" value ="80.000000" />
  <attribute name="Current GC Util Change" value="89.000000"/>
  <attribute name="Current Error" value="-9.000000" />
  <attribute name="Output H" value="13051800"/>
  <attribute name="Output I" value="1992"/>
  <attribute name="Output T" value="16"/>
  <attribute name= "Current Time Running" value="61830" />
  <attribute name="GC Util currently" value="89" />
  <attribute name="CPU Util currently" value="59876386258" />
<allocation-satisfied id="681" threadId="0000000002690600" bytesRequested="24" />
<af-end id="682" timestamp="2019-08-08T12:07:07.342" threadId="0000000002690F88" success="true" />
<exclusive-end id="683" timestamp="2019-08-08T12:07:07.342" durationms="39.851" />

<concurrent-kickoff id="684" timestamp="2019-08-08T12:07:10.423">
  <kickoff reason="threshold reached" targetBytes="5150367" thresholdFreeBytes="687347" remainingFree="670592" tenureFreeBytes="670592" />
</concurrent-kickoff>
<exclusive-start id="685" timestamp="2019-08-08T12:07:10.423" intervalms="3121.337">
  <response-info timems="0.422" idlems="0.270" threads="1" lastid="0000000002685200" lastname="node-24" />
</exclusive-start>
<cycle-start id="686" type="global" contextid="0" timestamp="2019-08-08T12:07:10.423" intervalms="3316.721" />
<exclusive-end id="687" timestamp="2019-08-08T12:07:10.423" durationms="0.019" />

<exclusive-start id="688" timestamp="2019-08-08T12:07:10.476" intervalms="53.196">
  <response-info timems="0.519" idlems="0.519" threads="0" lastid="00000000026A6D00" lastname="node-5" />
</exclusive-start>
<af-start id="689" threadId="00000000026A7688" totalBytesRequested="368" timestamp="2019-08-08T12:07:10.476" intervalms="3174.444" />
<gc-start id="690" type="global" contextid="686" timestamp="2019-08-08T12:07:10.476">
  <mem-info id="691" free="131072" total="13107200" percent="1">
    <mem type="tenure" free="131072" total="13107200" percent="1">
      <mem type="soa" free="0" total="12976128" percent="0" />
      <mem type="loa" free="131072" total="131072" percent="100" />
    </mem>
  </mem-info>
</gc-start>
<allocation-stats totalBytes="6118680" >
  <allocated-bytes non-tlh="0" tlh="6118680" />
  <largest-consumer threadName="node-11" threadId="000000000267DB00" bytes="286704" />
</allocation-stats>
<concurrent-halted id="692" timestamp="2019-08-08T12:07:10.476">
  <halted state="Complete" status="trace only" />
  <traced bytesTarget="5150367" bytesTotal="3344216" bytesByMutator="354812" bytesByHelper="2989404" percent="64" />
  <cards cleaned="0" thresholdBytes="270773" />
</concurrent-halted>
<gc-op id="693" type="card-cleaning" timems="2.681" contextid="686" timestamp="2019-08-08T12:07:10.479">
  <card-cleaning cardsCleaned="149" bytesTraced="493264" workStackOverflowCount="0" />
</gc-op>
<gc-op id="694" type="mark" timems="6.394" contextid="686" timestamp="2019-08-08T12:07:10.486">
  <trace-info objectcount="34296" scancount="38706" scanbytes="1538700" />
  <finalization candidates="13" enqueued="0" />
  <references type="soft" candidates="45" cleared="0" enqueued="0" dynamicThreshold="15" maxThreshold="32" />
  <references type="weak" candidates="143" cleared="0" enqueued="0" />
  <references type="phantom" candidates="57" cleared="0" enqueued="0" />
  <stringconstants candidates="3837" cleared="0"  />
</gc-op>
<gc-op id="695" type="sweep" timems="3.327" contextid="686" timestamp="2019-08-08T12:07:10.489" />
<mem-info id="696" free="6245952" total="13107200" percent="47">
  <mem type="tenure" free="6245952" total="13107200" percent="47" micro-fragmented="0">
    <mem type="soa" free="6114880" total="12976128" percent="47" />
    <mem type="loa" free="131072" total="131072" percent="100" />
  </mem>
</mem-info>
<gc-op id="697" type="compact" timems="12.216" contextid="686" timestamp="2019-08-08T12:07:10.501">
  <compact-info movecount="1332" movebytes="32992" reason="compact to aid heap contraction" />
</gc-op>
<heap-resize id="698" type="expand" space="tenure" amount="131072" count="1" timems="0.017" reason="satisfy allocation request" timestamp="2019-08-08T12:07:10.503" />
<gc-end id="699" type="global" contextid="686" durationms="26.203" usertimems="31.277" systemtimems="7.341" timestamp="2019-08-08T12:07:10.503" activeThreads="16">
  <mem-info id="700" free="6362192" total="13238272" percent="48">
    <mem type="tenure" free="6362192" total="13238272" percent="48">
      <mem type="soa" free="6230096" total="13106176" percent="47" />
      <mem type="loa" free="132096" total="132096" percent="100" />
    </mem>
  </mem-info>
</gc-end>
<cycle-end id="701" type="global" contextid="686" timestamp="2019-08-08T12:07:10.503" />
  <attribute name="elasticGC enabled" value="1" />
  <attribute name= "numThreadsSpecified" value="16" />
  <attribute name="heapSize specified" value="13107200" />
  <attribute name="Current GC Util" value="50" />
  <attribute name= "Current Time Running" value="64991" />
  <attribute name ="GC Interval" value="0" />
  <attribute name="Target GC Util Change" value ="80.000000" />
  <attribute name="Current GC Util Change" value="50.000000"/>
  <attribute name="Current Error" value="30.000000" />
  <attribute name="Output H" value="13182920"/>
  <attribute name="Output I" value="2064"/>
  <attribute name="Output T" value="16"/>
  <attribute name= "Current Time Running" value="64991" />
  <attribute name="GC Util currently" value="50" />
  <attribute name="CPU Util currently" value="94247779440" />
<allocation-satisfied id="702" threadId="00000000026A6D00" bytesRequested="368" />
<af-end id="703" timestamp="2019-08-08T12:07:10.503" threadId="00000000026A7688" success="true" />
<exclusive-end id="704" timestamp="2019-08-08T12:07:10.503" durationms="26.424" />

<concurrent-kickoff id="705" timestamp="2019-08-08T12:07:12.861">
  <kickoff reason="threshold reached" targetBytes="5180019" thresholdFreeBytes="690569" remainingFree="648272" tenureFreeBytes="648272" />
</concurrent-kickoff>
<exclusive-start id="706" timestamp="2019-08-08T12:07:12.862" intervalms="2385.521">
  <response-info timems="0.755" idlems="0.755" threads="0" lastid="00000000026B2100" lastname="node-23" />
</exclusive-start>
<cycle-start id="707" type="global" contextid="0" timestamp="2019-08-08T12:07:12.862" intervalms="2438.720" />
<exclusive-end id="708" timestamp="2019-08-08T12:07:12.862" durationms="0.023" />

<exclusive-start id="709" timestamp="2019-08-08T12:07:12.929" intervalms="67.343">
  <response-info timems="0.022" idlems="0.022" threads="0" lastid="000000000265BB00" lastname="node-4" />
</exclusive-start>
<af-start id="710" threadId="000000000265C488" totalBytesRequested="24" timestamp="2019-08-08T12:07:12.929" intervalms="2452.861" />
<gc-start id="711" type="global" contextid="707" timestamp="2019-08-08T12:07:12.929">
  <mem-info id="712" free="132096" total="13238272" percent="0">
    <mem type="tenure" free="132096" total="13238272" percent="0">
      <mem type="soa" free="0" total="13106176" percent="0" />
      <mem type="loa" free="132096" total="132096" percent="100" />
    </mem>
  </mem-info>
</gc-start>
<allocation-stats totalBytes="6253464" >
  <allocated-bytes non-tlh="0" tlh="6253464" />
  <largest-consumer threadName="node-23" threadId="00000000026B2100" bytes="286688" />
</allocation-stats>
<concurrent-halted id="713" timestamp="2019-08-08T12:07:12.929">
  <halted state="Class scanning incomplete" status="trace only" />
  <traced bytesTarget="5180019" bytesTotal="3311964" bytesByMutator="383816" bytesByHelper="2928148" percent="63" />
  <cards cleaned="0" thresholdBytes="272042" />
</concurrent-halted>
<gc-op id="714" type="card-cleaning" timems="2.960" contextid="707" timestamp="2019-08-08T12:07:12.932">
  <card-cleaning cardsCleaned="183" bytesTraced="622792" workStackOverflowCount="0" />
</gc-op>
<gc-op id="715" type="mark" timems="9.405" contextid="707" timestamp="2019-08-08T12:07:12.942">
  <trace-info objectcount="32741" scancount="37275" scanbytes="1441432" />
  <finalization candidates="13" enqueued="0" />
  <references type="soft" candidates="45" cleared="0" enqueued="0" dynamicThreshold="15" maxThreshold="32" />
  <references type="weak" candidates="143" cleared="0" enqueued="0" />
  <references type="phantom" candidates="57" cleared="0" enqueued="0" />
  <stringconstants candidates="3837" cleared="0"  />
</gc-op>
<gc-op id="716" type="sweep" timems="4.039" contextid="707" timestamp="2019-08-08T12:07:12.946" />
<mem-info id="717" free="6366352" total="13238272" percent="48">
  <mem type="tenure" free="6366352" total="13238272" percent="48" micro-fragmented="20160">
    <mem type="soa" free="6234256" total="13106176" percent="47" />
    <mem type="loa" free="132096" total="132096" percent="100" />
  </mem>
</mem-info>
<gc-op id="718" type="compact" timems="18.387" contextid="707" timestamp="2019-08-08T12:07:12.964">
  <compact-info movecount="1300" movebytes="33352" reason="compact to aid heap contraction" />
</gc-op>
<heap-resize id="719" type="expand" space="tenure" amount="131072" count="1" timems="0.020" reason="satisfy allocation request" timestamp="2019-08-08T12:07:12.966" />
<gc-end id="720" type="global" contextid="707" durationms="37.069" usertimems="20.302" systemtimems="30.046" timestamp="2019-08-08T12:07:12.966" activeThreads="16">
  <mem-info id="721" free="6492904" total="13369344" percent="48">
    <mem type="tenure" free="6492904" total="13369344" percent="48">
      <mem type="soa" free="6359784" total="13236224" percent="48" />
      <mem type="loa" free="133120" total="133120" percent="100" />
    </mem>
  </mem-info>
</gc-end>
<cycle-end id="722" type="global" contextid="707" timestamp="2019-08-08T12:07:12.966" />
  <attribute name="elasticGC enabled" value="1" />
  <attribute name= "numThreadsSpecified" value="16" />
  <attribute name="heapSize specified" value="13238272" />
  <attribute name="Current GC Util" value="68" />
  <attribute name= "Current Time Running" value="67454" />
  <attribute name ="GC Interval" value="0" />
  <attribute name="Target GC Util Change" value ="80.000000" />
  <attribute name="Current GC Util Change" value="68.000000"/>
  <attribute name="Current Error" value="12.000000" />
  <attribute name="Output H" value="13313968"/>
  <attribute name="Output I" value="2032"/>
  <attribute name="Output T" value="16"/>
  <attribute name= "Current Time Running" value="67454" />
  <attribute name="GC Util currently" value="68" />
  <attribute name="CPU Util currently" value="62588042118" />
<allocation-satisfied id="723" threadId="000000000265BB00" bytesRequested="24" />
<af-end id="724" timestamp="2019-08-08T12:07:12.966" threadId="000000000265C488" success="true" />
<exclusive-end id="725" timestamp="2019-08-08T12:07:12.966" durationms="37.321" />

<concurrent-kickoff id="726" timestamp="2019-08-08T12:07:15.286">
  <kickoff reason="threshold reached" targetBytes="5224566" thresholdFreeBytes="695988" remainingFree="672488" tenureFreeBytes="672488" />
</concurrent-kickoff>
<exclusive-start id="727" timestamp="2019-08-08T12:07:15.286" intervalms="2357.229">
  <response-info timems="0.183" idlems="0.183" threads="0" lastid="00000000026B2100" lastname="node-23" />
</exclusive-start>
<cycle-start id="728" type="global" contextid="0" timestamp="2019-08-08T12:07:15.286" intervalms="2424.581" />
<exclusive-end id="729" timestamp="2019-08-08T12:07:15.286" durationms="0.032" />

<exclusive-start id="730" timestamp="2019-08-08T12:07:15.445" intervalms="158.891">
  <response-info timems="0.098" idlems="0.098" threads="0" lastid="0000000002681600" lastname="node-6" />
</exclusive-start>
<af-start id="731" threadId="0000000002681F88" totalBytesRequested="32" timestamp="2019-08-08T12:07:15.445" intervalms="2516.132" />
<gc-start id="732" type="global" contextid="728" timestamp="2019-08-08T12:07:15.445">
  <mem-info id="733" free="133120" total="13369344" percent="0">
    <mem type="tenure" free="133120" total="13369344" percent="0">
      <mem type="soa" free="0" total="13236224" percent="0" />
      <mem type="loa" free="133120" total="133120" percent="100" />
    </mem>
  </mem-info>
</gc-start>
<allocation-stats totalBytes="6385424" >
  <allocated-bytes non-tlh="0" tlh="6385424" />
  <largest-consumer threadName="node-23" threadId="00000000026B2100" bytes="286680" />
</allocation-stats>
<concurrent-halted id="734" timestamp="2019-08-08T12:07:15.445">
  <halted state="Complete" status="trace only" />
  <traced bytesTarget="5224566" bytesTotal="3359212" bytesByMutator="29556" bytesByHelper="3329656" percent="64" />
  <cards cleaned="0" thresholdBytes="274176" />
</concurrent-halted>
<gc-op id="735" type="card-cleaning" timems="3.909" contextid="728" timestamp="2019-08-08T12:07:15.449">
  <card-cleaning cardsCleaned="199" bytesTraced="621048" workStackOverflowCount="0" />
</gc-op>
<gc-op id="736" type="mark" timems="6.957" contextid="728" timestamp="2019-08-08T12:07:15.456">
  <trace-info objectcount="32176" scancount="36751" scanbytes="1425452" />
  <finalization candidates="13" enqueued="0" />
  <references type="soft" candidates="45" cleared="0" enqueued="0" dynamicThreshold="15" maxThreshold="32" />
  <references type="weak" candidates="143" cleared="0" enqueued="0" />
  <references type="phantom" candidates="57" cleared="0" enqueued="0" />
  <stringconstants candidates="3837" cleared="0"  />
</gc-op>
<gc-op id="737" type="sweep" timems="2.923" contextid="728" timestamp="2019-08-08T12:07:15.459" />
<mem-info id="738" free="6482408" total="13369344" percent="48">
  <mem type="tenure" free="6482408" total="13369344" percent="48" micro-fragmented="20400">
    <mem type="soa" free="6349288" total="13236224" percent="47" />
    <mem type="loa" free="133120" total="133120" percent="100" />
  </mem>
</mem-info>
<gc-op id="739" type="compact" timems="15.323" contextid="728" timestamp="2019-08-08T12:07:15.475">
  <compact-info movecount="1387" movebytes="32672" reason="compact to aid heap contraction" />
</gc-op>
<heap-resize id="740" type="expand" space="tenure" amount="131072" count="1" timems="0.022" reason="satisfy allocation request" timestamp="2019-08-08T12:07:15.475" />
<gc-end id="741" type="global" contextid="728" durationms="29.889" usertimems="22.335" systemtimems="16.674" timestamp="2019-08-08T12:07:15.475" activeThreads="16">
  <mem-info id="742" free="6624656" total="13500416" percent="49">
    <mem type="tenure" free="6624656" total="13500416" percent="49">
      <mem type="soa" free="6490512" total="13366272" percent="48" />
      <mem type="loa" free="134144" total="134144" percent="100" />
    </mem>
  </mem-info>
</gc-end>
<cycle-end id="743" type="global" contextid="728" timestamp="2019-08-08T12:07:15.475" />
  <attribute name="elasticGC enabled" value="1" />
  <attribute name= "numThreadsSpecified" value="16" />
  <attribute name="heapSize specified" value="13369344" />
  <attribute name="Current GC Util" value="44" />
  <attribute name= "Current Time Running" value="69965" />
  <attribute name ="GC Interval" value="0" />
  <attribute name="Target GC Util Change" value ="80.000000" />
  <attribute name="Current GC Util Change" value="44.000000"/>
  <attribute name="Current Error" value="36.000000" />
  <attribute name="Output H" value="13445072"/>
  <attribute name="Output I" value="2072"/>
  <attribute name="Output T" value="16"/>
  <attribute name= "Current Time Running" value="69965" />
  <attribute name="GC Util currently" value="44" />
  <attribute name="CPU Util currently" value="74959773374" />
<allocation-satisfied id="744" threadId="0000000002681600" bytesRequested="32" />
<af-end id="745" timestamp="2019-08-08T12:07:15.475" threadId="0000000002681F88" success="true" />
<exclusive-end id="746" timestamp="2019-08-08T12:07:15.475" durationms="30.117" />

<concurrent-kickoff id="747" timestamp="2019-08-08T12:07:18.252">
  <kickoff reason="threshold reached" targetBytes="5268612" thresholdFreeBytes="701494" remainingFree="697744" tenureFreeBytes="697744" />
</concurrent-kickoff>
<exclusive-start id="748" timestamp="2019-08-08T12:07:18.252" intervalms="2807.071">
  <response-info timems="0.030" idlems="0.030" threads="0" lastid="0000000002672200" lastname="node-12" />
</exclusive-start>
<cycle-start id="749" type="global" contextid="0" timestamp="2019-08-08T12:07:18.252" intervalms="2965.949" />
<exclusive-end id="750" timestamp="2019-08-08T12:07:18.252" durationms="0.017" />

<exclusive-start id="751" timestamp="2019-08-08T12:07:18.359" intervalms="106.803">
  <response-info timems="0.038" idlems="0.038" threads="0" lastid="0000000002657F00" lastname="node-2" />
</exclusive-start>
<af-start id="752" threadId="0000000002658888" totalBytesRequested="32" timestamp="2019-08-08T12:07:18.359" intervalms="2913.881" />
<gc-start id="753" type="global" contextid="749" timestamp="2019-08-08T12:07:18.359">
  <mem-info id="754" free="134144" total="13500416" percent="0">
    <mem type="tenure" free="134144" total="13500416" percent="0">
      <mem type="soa" free="0" total="13366272" percent="0" />
      <mem type="loa" free="134144" total="134144" percent="100" />
    </mem>
  </mem-info>
</gc-start>
<allocation-stats totalBytes="6515288" >
  <allocated-bytes non-tlh="0" tlh="6515288" />
  <largest-consumer threadName="node-16" threadId="0000000002697E00" bytes="286688" />
</allocation-stats>
<concurrent-halted id="755" timestamp="2019-08-08T12:07:18.359">
  <halted state="Complete" status="trace only" />
  <traced bytesTarget="5268612" bytesTotal="3361308" bytesByMutator="29844" bytesByHelper="3331464" percent="63" />
  <cards cleaned="0" thresholdBytes="276346" />
</concurrent-halted>
<gc-op id="756" type="card-cleaning" timems="3.593" contextid="749" timestamp="2019-08-08T12:07:18.363">
  <card-cleaning cardsCleaned="202" bytesTraced="582000" workStackOverflowCount="0" />
</gc-op>
<gc-op id="757" type="mark" timems="9.801" contextid="749" timestamp="2019-08-08T12:07:18.373">
  <trace-info objectcount="33045" scancount="37597" scanbytes="1459380" />
  <finalization candidates="13" enqueued="0" />
  <references type="soft" candidates="45" cleared="0" enqueued="0" dynamicThreshold="15" maxThreshold="32" />
  <references type="weak" candidates="143" cleared="0" enqueued="0" />
  <references type="phantom" candidates="57" cleared="0" enqueued="0" />
  <stringconstants candidates="3837" cleared="0"  />
</gc-op>
<gc-op id="758" type="sweep" timems="4.165" contextid="749" timestamp="2019-08-08T12:07:18.378" />
<mem-info id="759" free="6626704" total="13500416" percent="49">
  <mem type="tenure" free="6626704" total="13500416" percent="49" micro-fragmented="0">
    <mem type="soa" free="6492560" total="13366272" percent="48" />
    <mem type="loa" free="134144" total="134144" percent="100" />
  </mem>
</mem-info>
<gc-op id="760" type="compact" timems="11.867" contextid="749" timestamp="2019-08-08T12:07:18.390">
  <compact-info movecount="1250" movebytes="33208" reason="compact to aid heap contraction" />
</gc-op>
<heap-resize id="761" type="expand" space="tenure" amount="131072" count="1" timems="0.023" reason="satisfy allocation request" timestamp="2019-08-08T12:07:18.391" />
<gc-end id="762" type="global" contextid="749" durationms="31.880" usertimems="14.781" systemtimems="30.268" timestamp="2019-08-08T12:07:18.391" activeThreads="16">
  <mem-info id="763" free="6755192" total="13631488" percent="49">
    <mem type="tenure" free="6755192" total="13631488" percent="49">
      <mem type="soa" free="6619000" total="13495296" percent="49" />
      <mem type="loa" free="136192" total="136192" percent="100" />
    </mem>
  </mem-info>
</gc-end>
<cycle-end id="764" type="global" contextid="749" timestamp="2019-08-08T12:07:18.391" />
  <attribute name="elasticGC enabled" value="1" />
  <attribute name= "numThreadsSpecified" value="16" />
  <attribute name="heapSize specified" value="13500416" />
  <attribute name="Current GC Util" value="49" />
  <attribute name= "Current Time Running" value="72880" />
  <attribute name ="GC Interval" value="0" />
  <attribute name="Target GC Util Change" value ="80.000000" />
  <attribute name="Current GC Util Change" value="49.000000"/>
  <attribute name="Current Error" value="31.000000" />
  <attribute name="Output H" value="13576136"/>
  <attribute name="Output I" value="2064"/>
  <attribute name="Output T" value="16"/>
  <attribute name= "Current Time Running" value="72880" />
  <attribute name="GC Util currently" value="49" />
  <attribute name="CPU Util currently" value="97490006181" />
<allocation-satisfied id="765" threadId="0000000002657F00" bytesRequested="32" />
<af-end id="766" timestamp="2019-08-08T12:07:18.391" threadId="0000000002658888" success="true" />
<exclusive-end id="767" timestamp="2019-08-08T12:07:18.391" durationms="32.113" />

<concurrent-kickoff id="768" timestamp="2019-08-08T12:07:20.707">
  <kickoff reason="threshold reached" targetBytes="5291266" thresholdFreeBytes="704277" remainingFree="668536" tenureFreeBytes="668536" />
</concurrent-kickoff>
<exclusive-start id="769" timestamp="2019-08-08T12:07:20.707" intervalms="2348.117">
  <response-info timems="0.087" idlems="0.087" threads="0" lastid="000000000265BB00" lastname="node-4" />
</exclusive-start>
<cycle-start id="770" type="global" contextid="0" timestamp="2019-08-08T12:07:20.707" intervalms="2454.921" />
<exclusive-end id="771" timestamp="2019-08-08T12:07:20.707" durationms="0.016" />

<exclusive-start id="772" timestamp="2019-08-08T12:07:21.010" intervalms="302.726">
  <response-info timems="0.251" idlems="0.251" threads="0" lastid="0000000002688E00" lastname="node-8" />
</exclusive-start>
<af-start id="773" threadId="0000000002689788" totalBytesRequested="368" timestamp="2019-08-08T12:07:21.010" intervalms="2650.857" />
<gc-start id="774" type="global" contextid="770" timestamp="2019-08-08T12:07:21.010">
  <mem-info id="775" free="136192" total="13631488" percent="0">
    <mem type="tenure" free="136192" total="13631488" percent="0">
      <mem type="soa" free="0" total="13495296" percent="0" />
      <mem type="loa" free="136192" total="136192" percent="100" />
    </mem>
  </mem-info>
</gc-start>
<allocation-stats totalBytes="6631216" >
  <allocated-bytes non-tlh="0" tlh="6631216" />
  <largest-consumer threadName="node-7" threadId="0000000002679F00" bytes="339784" />
</allocation-stats>
<concurrent-halted id="776" timestamp="2019-08-08T12:07:21.010">
  <halted state="Complete" status="trace only" />
  <traced bytesTarget="5291266" bytesTotal="3359604" bytesByMutator="17312" bytesByHelper="3342292" percent="63" />
  <cards cleaned="0" thresholdBytes="277442" />
</concurrent-halted>
<gc-op id="777" type="card-cleaning" timems="4.358" contextid="770" timestamp="2019-08-08T12:07:21.014">
  <card-cleaning cardsCleaned="192" bytesTraced="638884" workStackOverflowCount="0" />
</gc-op>
<gc-op id="778" type="mark" timems="8.606" contextid="770" timestamp="2019-08-08T12:07:21.023">
  <trace-info objectcount="31555" scancount="36180" scanbytes="1408204" />
  <finalization candidates="13" enqueued="0" />
  <references type="soft" candidates="45" cleared="0" enqueued="0" dynamicThreshold="15" maxThreshold="32" />
  <references type="weak" candidates="143" cleared="0" enqueued="0" />
  <references type="phantom" candidates="57" cleared="0" enqueued="0" />
  <stringconstants candidates="3837" cleared="0"  />
</gc-op>
<gc-op id="779" type="sweep" timems="3.259" contextid="770" timestamp="2019-08-08T12:07:21.026" />
<mem-info id="780" free="6728840" total="13631488" percent="49">
  <mem type="tenure" free="6728840" total="13631488" percent="49" micro-fragmented="4760">
    <mem type="soa" free="6592648" total="13495296" percent="48" />
    <mem type="loa" free="136192" total="136192" percent="100" />
  </mem>
</mem-info>
<gc-op id="781" type="compact" timems="18.795" contextid="770" timestamp="2019-08-08T12:07:21.045">
  <compact-info movecount="1441" movebytes="43864" reason="compact to aid heap contraction" />
</gc-op>
<heap-resize id="782" type="expand" space="tenure" amount="131072" count="1" timems="0.026" reason="satisfy allocation request" timestamp="2019-08-08T12:07:21.046" />
<gc-end id="783" type="global" contextid="770" durationms="36.399" usertimems="24.816" systemtimems="21.524" timestamp="2019-08-08T12:07:21.046" activeThreads="16">
  <mem-info id="784" free="6875608" total="13762560" percent="49">
    <mem type="tenure" free="6875608" total="13762560" percent="49">
      <mem type="soa" free="6738392" total="13625344" percent="49" />
      <mem type="loa" free="137216" total="137216" percent="100" />
    </mem>
  </mem-info>
</gc-end>
<cycle-end id="785" type="global" contextid="770" timestamp="2019-08-08T12:07:21.047" />
  <attribute name="elasticGC enabled" value="1" />
  <attribute name= "numThreadsSpecified" value="16" />
  <attribute name="heapSize specified" value="13631488" />
  <attribute name="Current GC Util" value="31" />
  <attribute name= "Current Time Running" value="75535" />
  <attribute name ="GC Interval" value="0" />
  <attribute name="Target GC Util Change" value ="80.000000" />
  <attribute name="Current GC Util Change" value="31.000000"/>
  <attribute name="Current Error" value="49.000000" />
  <attribute name="Output H" value="13707224"/>
  <attribute name="Output I" value="2096"/>
  <attribute name="Output T" value="16"/>
  <attribute name= "Current Time Running" value="75535" />
  <attribute name="GC Util currently" value="31" />
  <attribute name="CPU Util currently" value="61226447251" />
<allocation-satisfied id="786" threadId="0000000002688E00" bytesRequested="368" />
<af-end id="787" timestamp="2019-08-08T12:07:21.047" threadId="0000000002689788" success="true" />
<exclusive-end id="788" timestamp="2019-08-08T12:07:21.047" durationms="36.609" />

<concurrent-kickoff id="789" timestamp="2019-08-08T12:07:24.194">
  <kickoff reason="threshold reached" targetBytes="5322349" thresholdFreeBytes="708249" remainingFree="657880" tenureFreeBytes="657880" />
</concurrent-kickoff>
<exclusive-start id="790" timestamp="2019-08-08T12:07:24.196" intervalms="3186.118">
  <response-info timems="1.675" idlems="1.675" threads="0" lastid="000000000265F700" lastname="node-3" />
</exclusive-start>
<cycle-start id="791" type="global" contextid="0" timestamp="2019-08-08T12:07:24.196" intervalms="3488.887" />
<exclusive-end id="792" timestamp="2019-08-08T12:07:24.196" durationms="0.061" />

<exclusive-start id="793" timestamp="2019-08-08T12:07:24.855" intervalms="659.082">
  <response-info timems="0.086" idlems="0.086" threads="0" lastid="0000000002694200" lastname="node-25" />
</exclusive-start>
<af-start id="794" threadId="0000000002694B88" totalBytesRequested="32" timestamp="2019-08-08T12:07:24.855" intervalms="3845.206" />
<gc-start id="795" type="global" contextid="791" timestamp="2019-08-08T12:07:24.855">
  <mem-info id="796" free="137216" total="13762560" percent="0">
    <mem type="tenure" free="137216" total="13762560" percent="0">
      <mem type="soa" free="0" total="13625344" percent="0" />
      <mem type="loa" free="137216" total="137216" percent="100" />
    </mem>
  </mem-info>
</gc-start>
<allocation-stats totalBytes="6759952" >
  <allocated-bytes non-tlh="0" tlh="6759952" />
  <largest-consumer threadName="node-8" threadId="0000000002688E00" bytes="344016" />
</allocation-stats>
<concurrent-halted id="797" timestamp="2019-08-08T12:07:24.855">
  <halted state="Complete" status="trace only" />
  <traced bytesTarget="5322349" bytesTotal="3360020" bytesByMutator="25832" bytesByHelper="3334188" percent="63" />
  <cards cleaned="0" thresholdBytes="279007" />
</concurrent-halted>
<gc-op id="798" type="card-cleaning" timems="10.188" contextid="791" timestamp="2019-08-08T12:07:24.866">
  <card-cleaning cardsCleaned="201" bytesTraced="599496" workStackOverflowCount="0" />
</gc-op>
<gc-op id="799" type="mark" timems="11.513" contextid="791" timestamp="2019-08-08T12:07:24.877">
  <trace-info objectcount="33393" scancount="37926" scanbytes="1456888" />
  <finalization candidates="13" enqueued="0" />
  <references type="soft" candidates="45" cleared="0" enqueued="0" dynamicThreshold="15" maxThreshold="32" />
  <references type="weak" candidates="143" cleared="0" enqueued="0" />
  <references type="phantom" candidates="57" cleared="0" enqueued="0" />
  <stringconstants candidates="3837" cleared="0"  />
</gc-op>
<gc-op id="800" type="sweep" timems="2.328" contextid="791" timestamp="2019-08-08T12:07:24.879" />
<mem-info id="801" free="6790056" total="13762560" percent="49">
  <mem type="tenure" free="6790056" total="13762560" percent="49" micro-fragmented="53802">
    <mem type="soa" free="6652840" total="13625344" percent="48" />
    <mem type="loa" free="137216" total="137216" percent="100" />
  </mem>
</mem-info>
<gc-op id="802" type="compact" timems="16.985" contextid="791" timestamp="2019-08-08T12:07:24.896">
  <compact-info movecount="1775" movebytes="55944" reason="compact to aid heap contraction" />
</gc-op>
<heap-resize id="803" type="expand" space="tenure" amount="131072" count="1" timems="0.020" reason="satisfy allocation request" timestamp="2019-08-08T12:07:24.897" />
<gc-end id="804" type="global" contextid="791" durationms="42.021" usertimems="28.909" systemtimems="23.410" timestamp="2019-08-08T12:07:24.897" activeThreads="16">
  <mem-info id="805" free="6994600" total="13893632" percent="50">
    <mem type="tenure" free="6994600" total="13893632" percent="50">
      <mem type="soa" free="6856360" total="13755392" percent="49" />
      <mem type="loa" free="138240" total="138240" percent="100" />
    </mem>
  </mem-info>
</gc-end>
<cycle-end id="806" type="global" contextid="791" timestamp="2019-08-08T12:07:24.897" />
  <attribute name="elasticGC enabled" value="1" />
  <attribute name= "numThreadsSpecified" value="16" />
  <attribute name="heapSize specified" value="13762560" />
  <attribute name="Current GC Util" value="44" />
  <attribute name= "Current Time Running" value="79387" />
  <attribute name ="GC Interval" value="0" />
  <attribute name="Target GC Util Change" value ="80.000000" />
  <attribute name="Current GC Util Change" value="44.000000"/>
  <attribute name="Current Error" value="36.000000" />
  <attribute name="Output H" value="13838288"/>
  <attribute name="Output I" value="2072"/>
  <attribute name="Output T" value="16"/>
  <attribute name= "Current Time Running" value="79387" />
  <attribute name="GC Util currently" value="44" />
  <attribute name="CPU Util currently" value="67678828078" />
<allocation-satisfied id="807" threadId="0000000002694200" bytesRequested="32" />
<af-end id="808" timestamp="2019-08-08T12:07:24.897" threadId="0000000002694B88" success="true" />
<exclusive-end id="809" timestamp="2019-08-08T12:07:24.897" durationms="42.256" />

<concurrent-kickoff id="810" timestamp="2019-08-08T12:07:27.604">
  <kickoff reason="threshold reached" targetBytes="5334492" thresholdFreeBytes="709769" remainingFree="699048" tenureFreeBytes="699048" />
</concurrent-kickoff>
<exclusive-start id="811" timestamp="2019-08-08T12:07:27.604" intervalms="2749.273">
  <response-info timems="0.106" idlems="0.106" threads="0" lastid="0000000002679F00" lastname="node-7" />
</exclusive-start>
<cycle-start id="812" type="global" contextid="0" timestamp="2019-08-08T12:07:27.604" intervalms="3408.311" />
<exclusive-end id="813" timestamp="2019-08-08T12:07:27.604" durationms="0.018" />

<exclusive-start id="814" timestamp="2019-08-08T12:07:27.941" intervalms="336.789">
  <response-info timems="0.546" idlems="0.546" threads="0" lastid="00000000026AA900" lastname="node-13" />
</exclusive-start>
<af-start id="815" threadId="00000000026AB288" totalBytesRequested="32" timestamp="2019-08-08T12:07:27.941" intervalms="3086.019" />
<gc-start id="816" type="global" contextid="812" timestamp="2019-08-08T12:07:27.941">
  <mem-info id="817" free="138240" total="13893632" percent="0">
    <mem type="tenure" free="138240" total="13893632" percent="0">
      <mem type="soa" free="0" total="13755392" percent="0" />
      <mem type="loa" free="138240" total="138240" percent="100" />
    </mem>
  </mem-info>
</gc-start>
<allocation-stats totalBytes="6881672" >
  <allocated-bytes non-tlh="0" tlh="6881672" />
  <largest-consumer threadName="node-25" threadId="0000000002694200" bytes="344016" />
</allocation-stats>
<concurrent-halted id="818" timestamp="2019-08-08T12:07:27.941">
  <halted state="Complete" status="trace only" />
  <traced bytesTarget="5334492" bytesTotal="3359608" bytesByMutator="18468" bytesByHelper="3341140" percent="62" />
  <cards cleaned="0" thresholdBytes="279605" />
</concurrent-halted>
<gc-op id="819" type="card-cleaning" timems="4.289" contextid="812" timestamp="2019-08-08T12:07:27.946">
  <card-cleaning cardsCleaned="201" bytesTraced="616828" workStackOverflowCount="0" />
</gc-op>
<gc-op id="820" type="mark" timems="8.147" contextid="812" timestamp="2019-08-08T12:07:27.954">
  <trace-info objectcount="32476" scancount="37053" scanbytes="1432740" />
  <finalization candidates="13" enqueued="0" />
  <references type="soft" candidates="45" cleared="0" enqueued="0" dynamicThreshold="16" maxThreshold="32" />
  <references type="weak" candidates="143" cleared="0" enqueued="0" />
  <references type="phantom" candidates="57" cleared="0" enqueued="0" />
  <stringconstants candidates="3837" cleared="0"  />
</gc-op>
<gc-op id="821" type="sweep" timems="4.184" contextid="812" timestamp="2019-08-08T12:07:27.958" />
<mem-info id="822" free="6940144" total="13893632" percent="49">
  <mem type="tenure" free="6940144" total="13893632" percent="49" micro-fragmented="56678">
    <mem type="soa" free="6801904" total="13755392" percent="49" />
    <mem type="loa" free="138240" total="138240" percent="100" />
  </mem>
</mem-info>
<gc-op id="823" type="compact" timems="22.331" contextid="812" timestamp="2019-08-08T12:07:27.980">
  <compact-info movecount="1530" movebytes="40000" reason="compact to aid heap contraction" />
</gc-op>
<heap-resize id="824" type="expand" space="tenure" amount="131072" count="1" timems="0.020" reason="satisfy allocation request" timestamp="2019-08-08T12:07:27.981" />
<gc-end id="825" type="global" contextid="812" durationms="39.817" usertimems="27.816" systemtimems="31.060" timestamp="2019-08-08T12:07:27.981" activeThreads="16">
  <mem-info id="826" free="7141616" total="14024704" percent="50">
    <mem type="tenure" free="7141616" total="14024704" percent="50">
      <mem type="soa" free="7002352" total="13885440" percent="50" />
      <mem type="loa" free="139264" total="139264" percent="100" />
    </mem>
  </mem-info>
</gc-end>
<cycle-end id="827" type="global" contextid="812" timestamp="2019-08-08T12:07:27.981" />
  <attribute name="elasticGC enabled" value="1" />
  <attribute name= "numThreadsSpecified" value="16" />
  <attribute name="heapSize specified" value="13893632" />
  <attribute name="Current GC Util" value="86" />
  <attribute name= "Current Time Running" value="82471" />
  <attribute name ="GC Interval" value="0" />
  <attribute name="Target GC Util Change" value ="80.000000" />
  <attribute name="Current GC Util Change" value="86.000000"/>
  <attribute name="Current Error" value="-6.000000" />
  <attribute name="Output H" value="13969312"/>
  <attribute name="Output I" value="2000"/>
  <attribute name="Output T" value="16"/>
  <attribute name= "Current Time Running" value="82471" />
  <attribute name="GC Util currently" value="86" />
  <attribute name="CPU Util currently" value="51603787151" />
<allocation-satisfied id="828" threadId="00000000026AA900" bytesRequested="32" />
<af-end id="829" timestamp="2019-08-08T12:07:27.981" threadId="00000000026AB288" success="true" />
<exclusive-end id="830" timestamp="2019-08-08T12:07:27.981" durationms="40.026" />

<concurrent-kickoff id="831" timestamp="2019-08-08T12:07:30.810">
  <kickoff reason="threshold reached" targetBytes="5348308" thresholdFreeBytes="711549" remainingFree="686320" tenureFreeBytes="686320" />
</concurrent-kickoff>
<exclusive-start id="832" timestamp="2019-08-08T12:07:30.813" intervalms="2872.170">
  <response-info timems="2.874" idlems="1.488" threads="1" lastid="000000000267DB00" lastname="node-11" />
</exclusive-start>
<cycle-start id="833" type="global" contextid="0" timestamp="2019-08-08T12:07:30.814" intervalms="3209.097" />
<exclusive-end id="834" timestamp="2019-08-08T12:07:30.814" durationms="0.169" />

<exclusive-start id="835" timestamp="2019-08-08T12:07:31.091" intervalms="277.867">
  <response-info timems="0.020" idlems="0.020" threads="0" lastid="0000000002690600" lastname="node-10" />
</exclusive-start>
<af-start id="836" threadId="0000000002690F88" totalBytesRequested="720" timestamp="2019-08-08T12:07:31.091" intervalms="3150.156" />
<gc-start id="837" type="global" contextid="833" timestamp="2019-08-08T12:07:31.091">
  <mem-info id="838" free="139264" total="14024704" percent="0">
    <mem type="tenure" free="139264" total="14024704" percent="0">
      <mem type="soa" free="0" total="13885440" percent="0" />
      <mem type="loa" free="139264" total="139264" percent="100" />
    </mem>
  </mem-info>
</gc-start>
<allocation-stats totalBytes="7020208" >
  <allocated-bytes non-tlh="0" tlh="7020208" />
  <largest-consumer threadName="node-21" threadId="000000000269BA00" bytes="343064" />
</allocation-stats>
<concurrent-halted id="839" timestamp="2019-08-08T12:07:31.092">
  <halted state="Complete" status="trace only" />
  <traced bytesTarget="5348308" bytesTotal="3335756" bytesByMutator="29552" bytesByHelper="3306204" percent="62" />
  <cards cleaned="0" thresholdBytes="280307" />
</concurrent-halted>
<gc-op id="840" type="card-cleaning" timems="3.102" contextid="833" timestamp="2019-08-08T12:07:31.095">
  <card-cleaning cardsCleaned="159" bytesTraced="635100" workStackOverflowCount="0" />
</gc-op>
<gc-op id="841" type="mark" timems="8.135" contextid="833" timestamp="2019-08-08T12:07:31.103">
  <trace-info objectcount="32444" scancount="36996" scanbytes="1431164" />
  <finalization candidates="13" enqueued="0" />
  <references type="soft" candidates="45" cleared="0" enqueued="0" dynamicThreshold="16" maxThreshold="32" />
  <references type="weak" candidates="143" cleared="0" enqueued="0" />
  <references type="phantom" candidates="57" cleared="0" enqueued="0" />
  <stringconstants candidates="3837" cleared="0"  />
</gc-op>
<gc-op id="842" type="sweep" timems="5.666" contextid="833" timestamp="2019-08-08T12:07:31.109" />
<mem-info id="843" free="7084240" total="14024704" percent="50">
  <mem type="tenure" free="7084240" total="14024704" percent="50" micro-fragmented="0">
    <mem type="soa" free="6944976" total="13885440" percent="50" />
    <mem type="loa" free="139264" total="139264" percent="100" />
  </mem>
</mem-info>
<gc-op id="844" type="compact" timems="18.583" contextid="833" timestamp="2019-08-08T12:07:31.127">
  <compact-info movecount="1371" movebytes="46944" reason="compact to aid heap contraction" />
</gc-op>
<heap-resize id="845" type="expand" space="tenure" amount="131072" count="1" timems="0.026" reason="satisfy allocation request" timestamp="2019-08-08T12:07:31.130" />
<gc-end id="846" type="global" contextid="833" durationms="38.187" usertimems="28.167" systemtimems="34.007" timestamp="2019-08-08T12:07:31.130" activeThreads="16">
  <mem-info id="847" free="7265744" total="14155776" percent="51">
    <mem type="tenure" free="7265744" total="14155776" percent="51">
      <mem type="soa" free="7124432" total="14014464" percent="50" />
      <mem type="loa" free="141312" total="141312" percent="100" />
    </mem>
  </mem-info>
</gc-end>
<cycle-end id="848" type="global" contextid="833" timestamp="2019-08-08T12:07:31.130" />
  <attribute name="elasticGC enabled" value="1" />
  <attribute name= "numThreadsSpecified" value="16" />
  <attribute name="heapSize specified" value="14024704" />
  <attribute name="Current GC Util" value="83" />
  <attribute name= "Current Time Running" value="85617" />
  <attribute name ="GC Interval" value="0" />
  <attribute name="Target GC Util Change" value ="80.000000" />
  <attribute name="Current GC Util Change" value="83.000000"/>
  <attribute name="Current Error" value="-3.000000" />
  <attribute name="Output H" value="14100384"/>
  <attribute name="Output I" value="2008"/>
  <attribute name="Output T" value="16"/>
  <attribute name= "Current Time Running" value="85617" />
  <attribute name="GC Util currently" value="83" />
  <attribute name="CPU Util currently" value="61573858695" />
<allocation-satisfied id="849" threadId="0000000002690600" bytesRequested="720" />
<af-end id="850" timestamp="2019-08-08T12:07:31.130" threadId="0000000002690F88" success="true" />
<exclusive-end id="851" timestamp="2019-08-08T12:07:31.130" durationms="38.720" />

<concurrent-kickoff id="852" timestamp="2019-08-08T12:07:33.566">
  <kickoff reason="threshold reached" targetBytes="5357613" thresholdFreeBytes="712757" remainingFree="691664" tenureFreeBytes="691664" />
</concurrent-kickoff>
<exclusive-start id="853" timestamp="2019-08-08T12:07:33.566" intervalms="2474.920">
  <response-info timems="0.274" idlems="0.139" threads="1" lastid="0000000002679F00" lastname="node-7" />
</exclusive-start>
<cycle-start id="854" type="global" contextid="0" timestamp="2019-08-08T12:07:33.566" intervalms="2752.692" />
<exclusive-end id="855" timestamp="2019-08-08T12:07:33.566" durationms="0.058" />

<exclusive-start id="856" timestamp="2019-08-08T12:07:33.846" intervalms="279.330">
  <response-info timems="0.022" idlems="0.022" threads="0" lastid="0000000002657F00" lastname="node-2" />
</exclusive-start>
<af-start id="857" threadId="0000000002658888" totalBytesRequested="376" timestamp="2019-08-08T12:07:33.846" intervalms="2754.259" />
<gc-start id="858" type="global" contextid="854" timestamp="2019-08-08T12:07:33.846">
  <mem-info id="859" free="141312" total="14155776" percent="0">
    <mem type="tenure" free="141312" total="14155776" percent="0">
      <mem type="soa" free="0" total="14014464" percent="0" />
      <mem type="loa" free="141312" total="141312" percent="100" />
    </mem>
  </mem-info>
</gc-start>
<allocation-stats totalBytes="7146936" >
  <allocated-bytes non-tlh="0" tlh="7146936" />
  <largest-consumer threadName="node-13" threadId="00000000026AA900" bytes="344016" />
</allocation-stats>
<concurrent-halted id="860" timestamp="2019-08-08T12:07:33.846">
  <halted state="Complete" status="trace only" />
  <traced bytesTarget="5357613" bytesTotal="3359260" bytesByMutator="22544" bytesByHelper="3336716" percent="62" />
  <cards cleaned="0" thresholdBytes="280783" />
</concurrent-halted>
<gc-op id="861" type="card-cleaning" timems="6.020" contextid="854" timestamp="2019-08-08T12:07:33.852">
  <card-cleaning cardsCleaned="187" bytesTraced="613056" workStackOverflowCount="0" />
</gc-op>
<gc-op id="862" type="mark" timems="8.416" contextid="854" timestamp="2019-08-08T12:07:33.861">
  <trace-info objectcount="32326" scancount="36895" scanbytes="1428852" />
  <finalization candidates="13" enqueued="0" />
  <references type="soft" candidates="45" cleared="0" enqueued="0" dynamicThreshold="16" maxThreshold="32" />
  <references type="weak" candidates="143" cleared="0" enqueued="0" />
  <references type="phantom" candidates="57" cleared="0" enqueued="0" />
  <stringconstants candidates="3837" cleared="0"  />
</gc-op>
<gc-op id="863" type="sweep" timems="3.043" contextid="854" timestamp="2019-08-08T12:07:33.864" />
<mem-info id="864" free="7253984" total="14155776" percent="51">
  <mem type="tenure" free="7253984" total="14155776" percent="51" micro-fragmented="28160">
    <mem type="soa" free="7112672" total="14014464" percent="50" />
    <mem type="loa" free="141312" total="141312" percent="100" />
  </mem>
</mem-info>
<gc-op id="865" type="compact" timems="19.378" contextid="854" timestamp="2019-08-08T12:07:33.883">
  <compact-info movecount="1187" movebytes="35288" reason="compact to aid heap contraction" />
</gc-op>
<heap-resize id="866" type="expand" space="tenure" amount="131072" count="1" timems="0.022" reason="satisfy allocation request" timestamp="2019-08-08T12:07:33.884" />
<gc-end id="867" type="global" contextid="854" durationms="37.929" usertimems="18.638" systemtimems="37.488" timestamp="2019-08-08T12:07:33.884" activeThreads="16">
  <mem-info id="868" free="7404376" total="14286848" percent="51">
    <mem type="tenure" free="7404376" total="14286848" percent="51">
      <mem type="soa" free="7262040" total="14144512" percent="51" />
      <mem type="loa" free="142336" total="142336" percent="100" />
    </mem>
  </mem-info>
</gc-end>
<cycle-end id="869" type="global" contextid="854" timestamp="2019-08-08T12:07:33.884" />
  <attribute name="elasticGC enabled" value="1" />
  <attribute name= "numThreadsSpecified" value="16" />
  <attribute name="heapSize specified" value="14155776" />
  <attribute name="Current GC Util" value="72" />
  <attribute name= "Current Time Running" value="88373" />
  <attribute name ="GC Interval" value="0" />
  <attribute name="Target GC Util Change" value ="80.000000" />
  <attribute name="Current GC Util Change" value="72.000000"/>
  <attribute name="Current Error" value="8.000000" />
  <attribute name="Output H" value="14231472"/>
  <attribute name="Output I" value="2024"/>
  <attribute name="Output T" value="16"/>
  <attribute name= "Current Time Running" value="88373" />
  <attribute name="GC Util currently" value="72" />
  <attribute name="CPU Util currently" value="59254612107" />
<allocation-satisfied id="870" threadId="0000000002657F00" bytesRequested="376" />
<af-end id="871" timestamp="2019-08-08T12:07:33.884" threadId="0000000002658888" success="true" />
<exclusive-end id="872" timestamp="2019-08-08T12:07:33.884" durationms="38.688" />

<concurrent-kickoff id="873" timestamp="2019-08-08T12:07:36.192">
  <kickoff reason="threshold reached" targetBytes="5363909" thresholdFreeBytes="713586" remainingFree="699224" tenureFreeBytes="699224" />
</concurrent-kickoff>
<exclusive-start id="874" timestamp="2019-08-08T12:07:36.193" intervalms="2347.606">
  <response-info timems="1.043" idlems="1.043" threads="0" lastid="0000000002690600" lastname="node-10" />
</exclusive-start>
<cycle-start id="875" type="global" contextid="0" timestamp="2019-08-08T12:07:36.193" intervalms="2626.912" />
<exclusive-end id="876" timestamp="2019-08-08T12:07:36.193" durationms="0.036" />

<exclusive-start id="877" timestamp="2019-08-08T12:07:36.536" intervalms="342.389">
  <response-info timems="0.550" idlems="0.312" threads="1" lastid="000000000265BB00" lastname="node-4" />
</exclusive-start>
<af-start id="878" threadId="00000000026A7688" totalBytesRequested="24" timestamp="2019-08-08T12:07:36.536" intervalms="2689.871" />
<gc-start id="879" type="global" contextid="875" timestamp="2019-08-08T12:07:36.536">
  <mem-info id="880" free="142336" total="14286848" percent="0">
    <mem type="tenure" free="142336" total="14286848" percent="0">
      <mem type="soa" free="0" total="14144512" percent="0" />
      <mem type="loa" free="142336" total="142336" percent="100" />
    </mem>
  </mem-info>
</gc-start>
<allocation-stats totalBytes="7284952" >
  <allocated-bytes non-tlh="0" tlh="7284952" />
  <largest-consumer threadName="node-6" threadId="0000000002681600" bytes="344016" />
</allocation-stats>
<concurrent-halted id="881" timestamp="2019-08-08T12:07:36.536">
  <halted state="Complete" status="trace only" />
  <traced bytesTarget="5363909" bytesTotal="3359636" bytesByMutator="27556" bytesByHelper="3332080" percent="62" />
  <cards cleaned="0" thresholdBytes="281109" />
</concurrent-halted>
<gc-op id="882" type="card-cleaning" timems="4.793" contextid="875" timestamp="2019-08-08T12:07:36.540">
  <card-cleaning cardsCleaned="174" bytesTraced="631852" workStackOverflowCount="0" />
</gc-op>
<gc-op id="883" type="mark" timems="11.954" contextid="875" timestamp="2019-08-08T12:07:36.552">
  <trace-info objectcount="31518" scancount="36149" scanbytes="1407648" />
  <finalization candidates="13" enqueued="0" />
  <references type="soft" candidates="45" cleared="0" enqueued="0" dynamicThreshold="16" maxThreshold="32" />
  <references type="weak" candidates="143" cleared="0" enqueued="0" />
  <references type="phantom" candidates="57" cleared="0" enqueued="0" />
  <stringconstants candidates="3837" cleared="0"  />
</gc-op>
<gc-op id="884" type="sweep" timems="2.954" contextid="875" timestamp="2019-08-08T12:07:36.555" />
<mem-info id="885" free="7395592" total="14286848" percent="51">
  <mem type="tenure" free="7395592" total="14286848" percent="51" micro-fragmented="9312">
    <mem type="soa" free="7253256" total="14144512" percent="51" />
    <mem type="loa" free="142336" total="142336" percent="100" />
  </mem>
</mem-info>
<gc-op id="886" type="compact" timems="14.147" contextid="875" timestamp="2019-08-08T12:07:36.570">
  <compact-info movecount="1121" movebytes="30360" reason="compact to aid heap contraction" />
</gc-op>
<heap-resize id="887" type="expand" space="tenure" amount="131072" count="1" timems="0.109" reason="satisfy allocation request" timestamp="2019-08-08T12:07:36.571" />
<gc-end id="888" type="global" contextid="875" durationms="35.341" usertimems="36.203" systemtimems="17.290" timestamp="2019-08-08T12:07:36.571" activeThreads="16">
  <mem-info id="889" free="7544472" total="14417920" percent="52">
    <mem type="tenure" free="7544472" total="14417920" percent="52">
      <mem type="soa" free="7401112" total="14274560" percent="51" />
      <mem type="loa" free="143360" total="143360" percent="100" />
    </mem>
  </mem-info>
</gc-end>
<cycle-end id="890" type="global" contextid="875" timestamp="2019-08-08T12:07:36.571" />
  <attribute name="elasticGC enabled" value="1" />
  <attribute name= "numThreadsSpecified" value="16" />
  <attribute name="heapSize specified" value="14286848" />
  <attribute name="Current GC Util" value="48" />
  <attribute name= "Current Time Running" value="91060" />
  <attribute name ="GC Interval" value="0" />
  <attribute name="Target GC Util Change" value ="80.000000" />
  <attribute name="Current GC Util Change" value="48.000000"/>
  <attribute name="Current Error" value="32.000000" />
  <attribute name="Output H" value="14362568"/>
  <attribute name="Output I" value="2072"/>
  <attribute name="Output T" value="16"/>
  <attribute name= "Current Time Running" value="91060" />
  <attribute name="GC Util currently" value="48" />
  <attribute name="CPU Util currently" value="81304753768" />
<allocation-satisfied id="891" threadId="00000000026A6D00" bytesRequested="24" />
<af-end id="892" timestamp="2019-08-08T12:07:36.571" threadId="00000000026A7688" success="true" />
<exclusive-end id="893" timestamp="2019-08-08T12:07:36.571" durationms="35.584" />

<concurrent-kickoff id="894" timestamp="2019-08-08T12:07:39.048">
  <kickoff reason="threshold reached" targetBytes="5373513" thresholdFreeBytes="714865" remainingFree="663192" tenureFreeBytes="663192" />
</concurrent-kickoff>
<exclusive-start id="895" timestamp="2019-08-08T12:07:39.048" intervalms="2512.413">
  <response-info timems="0.027" idlems="0.027" threads="0" lastid="0000000002650700" lastname="node-15" />
</exclusive-start>
<cycle-start id="896" type="global" contextid="0" timestamp="2019-08-08T12:07:39.048" intervalms="2854.784" />
<exclusive-end id="897" timestamp="2019-08-08T12:07:39.048" durationms="0.016" />

<exclusive-start id="898" timestamp="2019-08-08T12:07:39.539" intervalms="490.570">
  <response-info timems="0.104" idlems="0.104" threads="0" lastid="000000000266E600" lastname="node-9" />
</exclusive-start>
<af-start id="899" threadId="000000000266EF88" totalBytesRequested="32" timestamp="2019-08-08T12:07:39.539" intervalms="3003.005" />
<gc-start id="900" type="global" contextid="896" timestamp="2019-08-08T12:07:39.539">
  <mem-info id="901" free="143360" total="14417920" percent="0">
    <mem type="tenure" free="143360" total="14417920" percent="0">
      <mem type="soa" free="0" total="14274560" percent="0" />
      <mem type="loa" free="143360" total="143360" percent="100" />
    </mem>
  </mem-info>
</gc-start>
<allocation-stats totalBytes="7424408" >
  <allocated-bytes non-tlh="0" tlh="7424408" />
  <largest-consumer threadName="node-8" threadId="0000000002688E00" bytes="376480" />
</allocation-stats>
<concurrent-halted id="902" timestamp="2019-08-08T12:07:39.539">
  <halted state="Complete" status="trace only" />
  <traced bytesTarget="5373513" bytesTotal="3355376" bytesByMutator="29632" bytesByHelper="3325744" percent="62" />
  <cards cleaned="0" thresholdBytes="281613" />
</concurrent-halted>
<gc-op id="903" type="card-cleaning" timems="3.469" contextid="896" timestamp="2019-08-08T12:07:39.542">
  <card-cleaning cardsCleaned="196" bytesTraced="613496" workStackOverflowCount="0" />
</gc-op>
<gc-op id="904" type="mark" timems="10.575" contextid="896" timestamp="2019-08-08T12:07:39.553">
  <trace-info objectcount="32505" scancount="37087" scanbytes="1433452" />
  <finalization candidates="13" enqueued="0" />
  <references type="soft" candidates="45" cleared="0" enqueued="0" dynamicThreshold="16" maxThreshold="32" />
  <references type="weak" candidates="143" cleared="0" enqueued="0" />
  <references type="phantom" candidates="57" cleared="0" enqueued="0" />
  <stringconstants candidates="3837" cleared="0"  />
</gc-op>
<gc-op id="905" type="sweep" timems="5.482" contextid="896" timestamp="2019-08-08T12:07:39.558" />
<mem-info id="906" free="7480776" total="14417920" percent="51">
  <mem type="tenure" free="7480776" total="14417920" percent="51" micro-fragmented="79027">
    <mem type="soa" free="7337416" total="14274560" percent="51" />
    <mem type="loa" free="143360" total="143360" percent="100" />
  </mem>
</mem-info>
<gc-op id="907" type="compact" timems="15.617" contextid="896" timestamp="2019-08-08T12:07:39.574">
  <compact-info movecount="1307" movebytes="33512" reason="compact to aid heap contraction" />
</gc-op>
<heap-resize id="908" type="expand" space="tenure" amount="131072" count="1" timems="0.026" reason="satisfy allocation request" timestamp="2019-08-08T12:07:39.575" />
<gc-end id="909" type="global" contextid="896" durationms="36.376" usertimems="21.466" systemtimems="31.652" timestamp="2019-08-08T12:07:39.575" activeThreads="16">
  <mem-info id="910" free="7668296" total="14548992" percent="52">
    <mem type="tenure" free="7668296" total="14548992" percent="52">
      <mem type="soa" free="7522888" total="14403584" percent="52" />
      <mem type="loa" free="145408" total="145408" percent="100" />
    </mem>
  </mem-info>
</gc-end>
<cycle-end id="911" type="global" contextid="896" timestamp="2019-08-08T12:07:39.575" />
  <attribute name="elasticGC enabled" value="1" />
  <attribute name= "numThreadsSpecified" value="16" />
  <attribute name="heapSize specified" value="14417920" />
  <attribute name="Current GC Util" value="64" />
  <attribute name= "Current Time Running" value="94064" />
  <attribute name ="GC Interval" value="0" />
  <attribute name="Target GC Util Change" value ="80.000000" />
  <attribute name="Current GC Util Change" value="64.000000"/>
  <attribute name="Current Error" value="16.000000" />
  <attribute name="Output H" value="14493624"/>
  <attribute name="Output I" value="2040"/>
  <attribute name="Output T" value="16"/>
  <attribute name= "Current Time Running" value="94064" />
  <attribute name="GC Util currently" value="64" />
  <attribute name="CPU Util currently" value="73631714956" />
<allocation-satisfied id="912" threadId="000000000266E600" bytesRequested="32" />
<af-end id="913" timestamp="2019-08-08T12:07:39.575" threadId="000000000266EF88" success="true" />
<exclusive-end id="914" timestamp="2019-08-08T12:07:39.575" durationms="36.615" />

<concurrent-kickoff id="915" timestamp="2019-08-08T12:07:42.901">
  <kickoff reason="threshold reached" targetBytes="5374780" thresholdFreeBytes="715051" remainingFree="676424" tenureFreeBytes="676424" />
</concurrent-kickoff>
<exclusive-start id="916" timestamp="2019-08-08T12:07:42.906" intervalms="3367.908">
  <response-info timems="4.904" idlems="4.904" threads="0" lastid="0000000002657F00" lastname="node-2" />
</exclusive-start>
<cycle-start id="917" type="global" contextid="0" timestamp="2019-08-08T12:07:42.909" intervalms="3861.185" />
<exclusive-end id="918" timestamp="2019-08-08T12:07:42.909" durationms="2.751" />

<exclusive-start id="919" timestamp="2019-08-08T12:07:43.231" intervalms="324.514">
  <response-info timems="1.630" idlems="1.058" threads="1" lastid="0000000002685200" lastname="node-24" />
</exclusive-start>
<af-start id="920" threadId="000000000269C388" totalBytesRequested="32" timestamp="2019-08-08T12:07:43.231" intervalms="3692.417" />
<gc-start id="921" type="global" contextid="917" timestamp="2019-08-08T12:07:43.231">
  <mem-info id="922" free="145408" total="14548992" percent="0">
    <mem type="tenure" free="145408" total="14548992" percent="0">
      <mem type="soa" free="0" total="14403584" percent="0" />
      <mem type="loa" free="145408" total="145408" percent="100" />
    </mem>
  </mem-info>
</gc-start>
<allocation-stats totalBytes="7552360" >
  <allocated-bytes non-tlh="0" tlh="7552360" />
  <largest-consumer threadName="node-13" threadId="00000000026AA900" bytes="376760" />
</allocation-stats>
<concurrent-halted id="923" timestamp="2019-08-08T12:07:43.231">
  <halted state="Complete" status="trace only" />
  <traced bytesTarget="5374780" bytesTotal="3358400" bytesByMutator="29788" bytesByHelper="3328612" percent="62" />
  <cards cleaned="0" thresholdBytes="281686" />
</concurrent-halted>
<gc-op id="924" type="card-cleaning" timems="5.340" contextid="917" timestamp="2019-08-08T12:07:43.236">
  <card-cleaning cardsCleaned="185" bytesTraced="611384" workStackOverflowCount="0" />
</gc-op>
<gc-op id="925" type="mark" timems="3.695" contextid="917" timestamp="2019-08-08T12:07:43.240">
  <trace-info objectcount="32378" scancount="36982" scanbytes="1431000" />
  <finalization candidates="13" enqueued="0" />
  <references type="soft" candidates="45" cleared="0" enqueued="0" dynamicThreshold="16" maxThreshold="32" />
  <references type="weak" candidates="143" cleared="0" enqueued="0" />
  <references type="phantom" candidates="57" cleared="0" enqueued="0" />
  <stringconstants candidates="3837" cleared="0"  />
</gc-op>
<gc-op id="926" type="sweep" timems="3.331" contextid="917" timestamp="2019-08-08T12:07:43.244" />
<mem-info id="927" free="7604000" total="14548992" percent="52">
  <mem type="tenure" free="7604000" total="14548992" percent="52" micro-fragmented="15120">
    <mem type="soa" free="7458592" total="14403584" percent="51" />
    <mem type="loa" free="145408" total="145408" percent="100" />
  </mem>
</mem-info>
<gc-op id="928" type="compact" timems="15.393" contextid="917" timestamp="2019-08-08T12:07:43.259">
  <compact-info movecount="1204" movebytes="58480" reason="compact to aid heap contraction" />
</gc-op>
<heap-resize id="929" type="expand" space="tenure" amount="131072" count="1" timems="0.017" reason="satisfy allocation request" timestamp="2019-08-08T12:07:43.260" />
<gc-end id="930" type="global" contextid="917" durationms="28.854" usertimems="24.317" systemtimems="21.339" timestamp="2019-08-08T12:07:43.260" activeThreads="16">
  <mem-info id="931" free="7774400" total="14680064" percent="52">
    <mem type="tenure" free="7774400" total="14680064" percent="52">
      <mem type="soa" free="7627968" total="14533632" percent="52" />
      <mem type="loa" free="146432" total="146432" percent="100" />
    </mem>
  </mem-info>
</gc-end>
<cycle-end id="932" type="global" contextid="917" timestamp="2019-08-08T12:07:43.260" />
  <attribute name="elasticGC enabled" value="1" />
  <attribute name= "numThreadsSpecified" value="16" />
  <attribute name="heapSize specified" value="14548992" />
  <attribute name="Current GC Util" value="58" />
  <attribute name= "Current Time Running" value="97749" />
  <attribute name ="GC Interval" value="0" />
  <attribute name="Target GC Util Change" value ="80.000000" />
  <attribute name="Current GC Util Change" value="58.000000"/>
  <attribute name="Current Error" value="22.000000" />
  <attribute name="Output H" value="14624704"/>
  <attribute name="Output I" value="2048"/>
  <attribute name="Output T" value="16"/>
  <attribute name= "Current Time Running" value="97749" />
  <attribute name="GC Util currently" value="58" />
  <attribute name="CPU Util currently" value="74791308963" />
<allocation-satisfied id="933" threadId="000000000269BA00" bytesRequested="32" />
<af-end id="934" timestamp="2019-08-08T12:07:43.260" threadId="000000000269C388" success="true" />
<exclusive-end id="935" timestamp="2019-08-08T12:07:43.260" durationms="29.039" />

<concurrent-kickoff id="936" timestamp="2019-08-08T12:07:45.764">
  <kickoff reason="threshold reached" targetBytes="5374887" thresholdFreeBytes="715090" remainingFree="667840" tenureFreeBytes="667840" />
</concurrent-kickoff>
<exclusive-start id="937" timestamp="2019-08-08T12:07:45.764" intervalms="2533.532">
  <response-info timems="0.029" idlems="0.029" threads="0" lastid="00000000026A6D00" lastname="node-5" />
</exclusive-start>
<cycle-start id="938" type="global" contextid="0" timestamp="2019-08-08T12:07:45.764" intervalms="2855.338" />
<exclusive-end id="939" timestamp="2019-08-08T12:07:45.764" durationms="0.016" />

<exclusive-start id="940" timestamp="2019-08-08T12:07:46.133" intervalms="368.873">
  <response-info timems="0.017" idlems="0.017" threads="0" lastid="00000000026B2100" lastname="node-23" />
</exclusive-start>
<af-start id="941" threadId="00000000026B2A88" totalBytesRequested="16" timestamp="2019-08-08T12:07:46.133" intervalms="2902.386" />
<gc-start id="942" type="global" contextid="938" timestamp="2019-08-08T12:07:46.133">
  <mem-info id="943" free="146432" total="14680064" percent="0">
    <mem type="tenure" free="146432" total="14680064" percent="0">
      <mem type="soa" free="0" total="14533632" percent="0" />
      <mem type="loa" free="146432" total="146432" percent="100" />
    </mem>
  </mem-info>
</gc-start>
<allocation-stats totalBytes="7655280" >
  <allocated-bytes non-tlh="0" tlh="7655280" />
  <largest-consumer threadName="node-7" threadId="0000000002679F00" bytes="376768" />
</allocation-stats>
<concurrent-halted id="944" timestamp="2019-08-08T12:07:46.133">
  <halted state="Class scanning incomplete" status="trace only" />
  <traced bytesTarget="5374887" bytesTotal="3325920" bytesByMutator="181800" bytesByHelper="3144120" percent="61" />
  <cards cleaned="0" thresholdBytes="281702" />
</concurrent-halted>
<gc-op id="945" type="card-cleaning" timems="1.580" contextid="938" timestamp="2019-08-08T12:07:46.135">
  <card-cleaning cardsCleaned="189" bytesTraced="629496" workStackOverflowCount="0" />
</gc-op>
<gc-op id="946" type="mark" timems="3.646" contextid="938" timestamp="2019-08-08T12:07:46.139">
  <trace-info objectcount="31641" scancount="36259" scanbytes="1410028" />
  <finalization candidates="13" enqueued="0" />
  <references type="soft" candidates="45" cleared="0" enqueued="0" dynamicThreshold="16" maxThreshold="32" />
  <references type="weak" candidates="143" cleared="0" enqueued="0" />
  <references type="phantom" candidates="57" cleared="0" enqueued="0" />
  <stringconstants candidates="3837" cleared="0"  />
</gc-op>
<gc-op id="947" type="sweep" timems="3.692" contextid="938" timestamp="2019-08-08T12:07:46.142" />
<mem-info id="948" free="7765312" total="14680064" percent="52">
  <mem type="tenure" free="7765312" total="14680064" percent="52" micro-fragmented="17920">
    <mem type="soa" free="7618880" total="14533632" percent="52" />
    <mem type="loa" free="146432" total="146432" percent="100" />
  </mem>
</mem-info>
<gc-op id="949" type="compact" timems="24.095" contextid="938" timestamp="2019-08-08T12:07:46.167">
  <compact-info movecount="1063" movebytes="40264" reason="compact to aid heap contraction" />
</gc-op>
<heap-resize id="950" type="expand" space="tenure" amount="131072" count="1" timems="0.025" reason="satisfy allocation request" timestamp="2019-08-08T12:07:46.168" />
<gc-end id="951" type="global" contextid="938" durationms="34.485" usertimems="36.110" systemtimems="16.663" timestamp="2019-08-08T12:07:46.168" activeThreads="16">
  <mem-info id="952" free="7922840" total="14811136" percent="53">
    <mem type="tenure" free="7922840" total="14811136" percent="53">
      <mem type="soa" free="7775384" total="14663680" percent="53" />
      <mem type="loa" free="147456" total="147456" percent="100" />
    </mem>
  </mem-info>
</gc-end>
<cycle-end id="953" type="global" contextid="938" timestamp="2019-08-08T12:07:46.168" />
  <attribute name="elasticGC enabled" value="1" />
  <attribute name= "numThreadsSpecified" value="16" />
  <attribute name="heapSize specified" value="14680064" />
  <attribute name="Current GC Util" value="108" />
  <attribute name= "Current Time Running" value="100657" />
  <attribute name ="GC Interval" value="0" />
  <attribute name="Target GC Util Change" value ="80.000000" />
  <attribute name="Current GC Util Change" value="108.000000"/>
  <attribute name="Current Error" value="-28.000000" />
  <attribute name="Output H" value="14755712"/>
  <attribute name="Output I" value="1960"/>
  <attribute name="Output T" value="16"/>
  <attribute name= "Current Time Running" value="100657" />
  <attribute name="GC Util currently" value="108" />
  <attribute name="CPU Util currently" value="47740028190" />
<allocation-satisfied id="954" threadId="00000000026B2100" bytesRequested="16" />
<af-end id="955" timestamp="2019-08-08T12:07:46.168" threadId="00000000026B2A88" success="true" />
<exclusive-end id="956" timestamp="2019-08-08T12:07:46.168" durationms="34.655" />

<concurrent-kickoff id="957" timestamp="2019-08-08T12:07:49.456">
  <kickoff reason="threshold reached" targetBytes="5371414" thresholdFreeBytes="714661" remainingFree="701592" tenureFreeBytes="701592" />
</concurrent-kickoff>
<exclusive-start id="958" timestamp="2019-08-08T12:07:49.457" intervalms="3324.082">
  <response-info timems="0.870" idlems="0.870" threads="0" lastid="000000000268CA00" lastname="node-1" />
</exclusive-start>
<cycle-start id="959" type="global" contextid="0" timestamp="2019-08-08T12:07:49.457" intervalms="3693.003" />
<exclusive-end id="960" timestamp="2019-08-08T12:07:49.457" durationms="0.064" />

<exclusive-start id="961" timestamp="2019-08-08T12:07:49.974" intervalms="516.375">
  <response-info timems="0.280" idlems="0.280" threads="0" lastid="0000000002690600" lastname="node-10" />
</exclusive-start>
<af-start id="962" threadId="0000000002690F88" totalBytesRequested="16" timestamp="2019-08-08T12:07:49.974" intervalms="3840.491" />
<gc-start id="963" type="global" contextid="959" timestamp="2019-08-08T12:07:49.974">
  <mem-info id="964" free="147456" total="14811136" percent="0">
    <mem type="tenure" free="147456" total="14811136" percent="0">
      <mem type="soa" free="0" total="14663680" percent="0" />
      <mem type="loa" free="147456" total="147456" percent="100" />
    </mem>
  </mem-info>
</gc-start>
<allocation-stats totalBytes="7801864" >
  <allocated-bytes non-tlh="0" tlh="7801864" />
  <largest-consumer threadName="node-9" threadId="000000000266E600" bytes="376792" />
</allocation-stats>
<concurrent-halted id="965" timestamp="2019-08-08T12:07:49.974">
  <halted state="Complete" status="trace only" />
  <traced bytesTarget="5371414" bytesTotal="3353484" bytesByMutator="29704" bytesByHelper="3323780" percent="62" />
  <cards cleaned="0" thresholdBytes="281533" />
</concurrent-halted>
<gc-op id="966" type="card-cleaning" timems="8.470" contextid="959" timestamp="2019-08-08T12:07:49.982">
  <card-cleaning cardsCleaned="147" bytesTraced="546832" workStackOverflowCount="0" />
</gc-op>
<gc-op id="967" type="mark" timems="10.479" contextid="959" timestamp="2019-08-08T12:07:49.993">
  <trace-info objectcount="34011" scancount="38437" scanbytes="1493548" />
  <finalization candidates="13" enqueued="0" />
  <references type="soft" candidates="45" cleared="0" enqueued="0" dynamicThreshold="17" maxThreshold="32" />
  <references type="weak" candidates="143" cleared="0" enqueued="0" />
  <references type="phantom" candidates="57" cleared="0" enqueued="0" />
  <stringconstants candidates="3837" cleared="0"  />
</gc-op>
<gc-op id="968" type="sweep" timems="4.708" contextid="959" timestamp="2019-08-08T12:07:49.998" />
<mem-info id="969" free="7883816" total="14811136" percent="53">
  <mem type="tenure" free="7883816" total="14811136" percent="53" micro-fragmented="64184">
    <mem type="soa" free="7736360" total="14663680" percent="52" />
    <mem type="loa" free="147456" total="147456" percent="100" />
  </mem>
</mem-info>
<gc-op id="970" type="compact" timems="16.433" contextid="959" timestamp="2019-08-08T12:07:50.014">
  <compact-info movecount="1001" movebytes="44848" reason="compact to aid heap contraction" />
</gc-op>
<heap-resize id="971" type="expand" space="tenure" amount="131072" count="1" timems="0.026" reason="satisfy allocation request" timestamp="2019-08-08T12:07:50.016" />
<gc-end id="972" type="global" contextid="959" durationms="41.922" usertimems="28.946" systemtimems="37.631" timestamp="2019-08-08T12:07:50.016" activeThreads="16">
  <mem-info id="973" free="8049328" total="14942208" percent="53">
    <mem type="tenure" free="8049328" total="14942208" percent="53">
      <mem type="soa" free="7900848" total="14793728" percent="53" />
      <mem type="loa" free="148480" total="148480" percent="100" />
    </mem>
  </mem-info>
</gc-end>
<cycle-end id="974" type="global" contextid="959" timestamp="2019-08-08T12:07:50.016" />
  <attribute name="elasticGC enabled" value="1" />
  <attribute name= "numThreadsSpecified" value="16" />
  <attribute name="heapSize specified" value="14811136" />
  <attribute name="Current GC Util" value="57" />
  <attribute name= "Current Time Running" value="104504" />
  <attribute name ="GC Interval" value="0" />
  <attribute name="Target GC Util Change" value ="80.000000" />
  <attribute name="Current GC Util Change" value="57.000000"/>
  <attribute name="Current Error" value="23.000000" />
  <attribute name="Output H" value="14886848"/>
  <attribute name="Output I" value="2056"/>
  <attribute name="Output T" value="16"/>
  <attribute name= "Current Time Running" value="104504" />
  <attribute name="GC Util currently" value="57" />
  <attribute name="CPU Util currently" value="69255664715" />
<allocation-satisfied id="975" threadId="0000000002690600" bytesRequested="16" />
<af-end id="976" timestamp="2019-08-08T12:07:50.016" threadId="0000000002690F88" success="true" />
<exclusive-end id="977" timestamp="2019-08-08T12:07:50.016" durationms="42.276" />

<concurrent-kickoff id="978" timestamp="2019-08-08T12:07:52.924">
  <kickoff reason="threshold reached" targetBytes="5353014" thresholdFreeBytes="712261" remainingFree="705200" tenureFreeBytes="705200" />
</concurrent-kickoff>
<exclusive-start id="979" timestamp="2019-08-08T12:07:52.926" intervalms="2951.771">
  <response-info timems="1.311" idlems="1.311" threads="0" lastid="0000000002679F00" lastname="node-7" />
</exclusive-start>
<cycle-start id="980" type="global" contextid="0" timestamp="2019-08-08T12:07:52.926" intervalms="3468.184" />
<exclusive-end id="981" timestamp="2019-08-08T12:07:52.926" durationms="0.109" />

<exclusive-start id="982" timestamp="2019-08-08T12:07:53.052" intervalms="126.186">
  <response-info timems="0.373" idlems="0.373" threads="0" lastid="000000000267DB00" lastname="node-11" />
</exclusive-start>
<af-start id="983" threadId="000000000267E488" totalBytesRequested="16" timestamp="2019-08-08T12:07:53.052" intervalms="3078.000" />
<gc-start id="984" type="global" contextid="980" timestamp="2019-08-08T12:07:53.052">
  <mem-info id="985" free="148480" total="14942208" percent="0">
    <mem type="tenure" free="148480" total="14942208" percent="0">
      <mem type="soa" free="0" total="14793728" percent="0" />
      <mem type="loa" free="148480" total="148480" percent="100" />
    </mem>
  </mem-info>
</gc-start>
<allocation-stats totalBytes="7930152" >
  <allocated-bytes non-tlh="0" tlh="7930152" />
  <largest-consumer threadName="node-19" threadId="00000000026AE500" bytes="376792" />
</allocation-stats>
<concurrent-halted id="986" timestamp="2019-08-08T12:07:53.052">
  <halted state="Complete" status="trace only" />
  <traced bytesTarget="5353014" bytesTotal="3355524" bytesByMutator="29584" bytesByHelper="3325940" percent="62" />
  <cards cleaned="0" thresholdBytes="280587" />
</concurrent-halted>
<gc-op id="987" type="card-cleaning" timems="2.395" contextid="980" timestamp="2019-08-08T12:07:53.054">
  <card-cleaning cardsCleaned="168" bytesTraced="605860" workStackOverflowCount="0" />
</gc-op>
<gc-op id="988" type="mark" timems="10.071" contextid="980" timestamp="2019-08-08T12:07:53.064">
  <trace-info objectcount="32042" scancount="36619" scanbytes="1421964" />
  <finalization candidates="13" enqueued="0" />
  <references type="soft" candidates="45" cleared="0" enqueued="0" dynamicThreshold="17" maxThreshold="32" />
  <references type="weak" candidates="143" cleared="0" enqueued="0" />
  <references type="phantom" candidates="57" cleared="0" enqueued="0" />
  <stringconstants candidates="3837" cleared="0"  />
</gc-op>
<gc-op id="989" type="sweep" timems="3.300" contextid="980" timestamp="2019-08-08T12:07:53.068" />
<mem-info id="990" free="8084240" total="14942208" percent="54">
  <mem type="tenure" free="8084240" total="14942208" percent="54" micro-fragmented="0">
    <mem type="soa" free="7935760" total="14793728" percent="53" />
    <mem type="loa" free="148480" total="148480" percent="100" />
  </mem>
</mem-info>
<gc-op id="991" type="compact" timems="13.036" contextid="980" timestamp="2019-08-08T12:07:53.081">
  <compact-info movecount="594" movebytes="20024" reason="compact to aid heap contraction" />
</gc-op>
<heap-resize id="992" type="expand" space="tenure" amount="131072" count="1" timems="0.019" reason="satisfy allocation request" timestamp="2019-08-08T12:07:53.082" />
<gc-end id="993" type="global" contextid="980" durationms="29.783" usertimems="32.119" systemtimems="17.832" timestamp="2019-08-08T12:07:53.082" activeThreads="16">
  <mem-info id="994" free="8205224" total="15073280" percent="54">
    <mem type="tenure" free="8205224" total="15073280" percent="54">
      <mem type="soa" free="8054696" total="14922752" percent="53" />
      <mem type="loa" free="150528" total="150528" percent="100" />
    </mem>
  </mem-info>
</gc-end>
<cycle-end id="995" type="global" contextid="980" timestamp="2019-08-08T12:07:53.082" />
  <attribute name="elasticGC enabled" value="1" />
  <attribute name= "numThreadsSpecified" value="16" />
  <attribute name="heapSize specified" value="14942208" />
  <attribute name="Current GC Util" value="66" />
  <attribute name= "Current Time Running" value="107571" />
  <attribute name ="GC Interval" value="0" />
  <attribute name="Target GC Util Change" value ="80.000000" />
  <attribute name="Current GC Util Change" value="66.000000"/>
  <attribute name="Current Error" value="14.000000" />
  <attribute name="Output H" value="15017904"/>
  <attribute name="Output I" value="2040"/>
  <attribute name="Output T" value="16"/>
  <attribute name= "Current Time Running" value="107571" />
  <attribute name="GC Util currently" value="66" />
  <attribute name="CPU Util currently" value="88188876343" />
<allocation-satisfied id="996" threadId="000000000267DB00" bytesRequested="16" />
<af-end id="997" timestamp="2019-08-08T12:07:53.082" threadId="000000000267E488" success="true" />
<exclusive-end id="998" timestamp="2019-08-08T12:07:53.082" durationms="30.054" />

<concurrent-kickoff id="999" timestamp="2019-08-08T12:07:56.930">
  <kickoff reason="threshold reached" targetBytes="5354956" thresholdFreeBytes="712551" remainingFree="676776" tenureFreeBytes="676776" />
</concurrent-kickoff>
<exclusive-start id="1000" timestamp="2019-08-08T12:07:56.930" intervalms="3878.691">
  <response-info timems="0.029" idlems="0.029" threads="0" lastid="000000000266AB00" lastname="node-20" />
</exclusive-start>
<cycle-start id="1001" type="global" contextid="0" timestamp="2019-08-08T12:07:56.930" intervalms="4004.791" />
<exclusive-end id="1002" timestamp="2019-08-08T12:07:56.930" durationms="0.016" />

<exclusive-start id="1003" timestamp="2019-08-08T12:07:56.947" intervalms="16.300">
  <response-info timems="0.385" idlems="0.385" threads="0" lastid="00000000026AA900" lastname="node-13" />
</exclusive-start>
<concurrent-collection-start id="1004" timestamp="2019-08-08T12:07:56.948" intervalms="111518.880" >
  <concurrent-trace-info reason="card cleaning threshold reached" tracedByMutators="1353416" tracedByHelpers="2041336" cardsCleaned="100" workStackOverflowCount="0" />
</concurrent-collection-start>
<gc-start id="1005" type="global" contextid="1001" timestamp="2019-08-08T12:07:56.948">
  <mem-info id="1006" free="185256" total="15073280" percent="1">
    <mem type="tenure" free="185256" total="15073280" percent="1">
      <mem type="soa" free="34728" total="14922752" percent="0" />
      <mem type="loa" free="150528" total="150528" percent="100" />
    </mem>
  </mem-info>
</gc-start>
<allocation-stats totalBytes="8045928" >
  <allocated-bytes non-tlh="0" tlh="8045928" />
  <largest-consumer threadName="node-21" threadId="000000000269BA00" bytes="376768" />
</allocation-stats>
<gc-op id="1007" type="card-cleaning" timems="1.382" contextid="1001" timestamp="2019-08-08T12:07:56.949">
  <card-cleaning cardsCleaned="108" bytesTraced="415380" workStackOverflowCount="0" />
</gc-op>
<gc-op id="1008" type="mark" timems="6.447" contextid="1001" timestamp="2019-08-08T12:07:56.956">
  <trace-info objectcount="35309" scancount="39727" scanbytes="1576984" />
  <finalization candidates="13" enqueued="0" />
  <references type="soft" candidates="45" cleared="0" enqueued="0" dynamicThreshold="17" maxThreshold="32" />
  <references type="weak" candidates="143" cleared="0" enqueued="0" />
  <references type="phantom" candidates="57" cleared="0" enqueued="0" />
  <stringconstants candidates="3837" cleared="0"  />
</gc-op>
<gc-op id="1009" type="sweep" timems="7.100" contextid="1001" timestamp="2019-08-08T12:07:56.963" />
<mem-info id="1010" free="8222064" total="15073280" percent="54">
  <mem type="tenure" free="8222064" total="15073280" percent="54" micro-fragmented="0">
    <mem type="soa" free="8071536" total="14922752" percent="54" />
    <mem type="loa" free="150528" total="150528" percent="100" />
  </mem>
</mem-info>
<gc-op id="1011" type="compact" timems="17.121" contextid="1001" timestamp="2019-08-08T12:07:56.980">
  <compact-info movecount="426" movebytes="15256" reason="compact to aid heap contraction" />
</gc-op>
<heap-resize id="1012" type="expand" space="tenure" amount="131072" count="1" timems="0.026" reason="satisfy allocation request" timestamp="2019-08-08T12:07:56.981" />
<gc-end id="1013" type="global" contextid="1001" durationms="33.265" usertimems="31.892" systemtimems="15.418" timestamp="2019-08-08T12:07:56.981" activeThreads="16">
  <mem-info id="1014" free="8373832" total="15204352" percent="55">
    <mem type="tenure" free="8373832" total="15204352" percent="55">
      <mem type="soa" free="8222280" total="15052800" percent="54" />
      <mem type="loa" free="151552" total="151552" percent="100" />
    </mem>
  </mem-info>
</gc-end>
<cycle-end id="1015" type="global" contextid="1001" timestamp="2019-08-08T12:07:56.981" />
  <attribute name="elasticGC enabled" value="1" />
  <attribute name= "numThreadsSpecified" value="16" />
  <attribute name="heapSize specified" value="15073280" />
  <attribute name="Current GC Util" value="59" />
  <attribute name= "Current Time Running" value="111470" />
  <attribute name ="GC Interval" value="0" />
  <attribute name="Target GC Util Change" value ="80.000000" />
  <attribute name="Current GC Util Change" value="59.000000"/>
  <attribute name="Current Error" value="21.000000" />
  <attribute name="Output H" value="15148984"/>
  <attribute name="Output I" value="2048"/>
  <attribute name="Output T" value="16"/>
  <attribute name= "Current Time Running" value="111470" />
  <attribute name="GC Util currently" value="59" />
  <attribute name="CPU Util currently" value="67156150995" />
<concurrent-collection-end id="1016" timestamp="2019-08-08T12:07:56.981" />
<exclusive-end id="1017" timestamp="2019-08-08T12:07:56.981" durationms="34.461" />

<concurrent-kickoff id="1018" timestamp="2019-08-08T12:07:59.832">
  <kickoff reason="threshold reached" targetBytes="4846546" thresholdFreeBytes="651739" remainingFree="628296" tenureFreeBytes="628296" />
</concurrent-kickoff>
<exclusive-start id="1019" timestamp="2019-08-08T12:07:59.832" intervalms="2885.542">
  <response-info timems="0.029" idlems="0.029" threads="0" lastid="000000000269BA00" lastname="node-21" />
</exclusive-start>
<cycle-start id="1020" type="global" contextid="0" timestamp="2019-08-08T12:07:59.832" intervalms="2901.842" />
<exclusive-end id="1021" timestamp="2019-08-08T12:07:59.832" durationms="0.016" />

<exclusive-start id="1022" timestamp="2019-08-08T12:07:59.915" intervalms="82.518">
  <response-info timems="0.177" idlems="0.177" threads="0" lastid="0000000002681600" lastname="node-6" />
</exclusive-start>
<af-start id="1023" threadId="0000000002681F88" totalBytesRequested="832" timestamp="2019-08-08T12:07:59.915" intervalms="6863.080" />
<gc-start id="1024" type="global" contextid="1020" timestamp="2019-08-08T12:07:59.915">
  <mem-info id="1025" free="151552" total="15204352" percent="0">
    <mem type="tenure" free="151552" total="15204352" percent="0">
      <mem type="soa" free="0" total="15052800" percent="0" />
      <mem type="loa" free="151552" total="151552" percent="100" />
    </mem>
  </mem-info>
</gc-start>
<allocation-stats totalBytes="8215432" >
  <allocated-bytes non-tlh="0" tlh="8215432" />
  <largest-consumer threadName="node-9" threadId="000000000266E600" bytes="376808" />
</allocation-stats>
<concurrent-halted id="1026" timestamp="2019-08-08T12:07:59.915">
  <halted state="Complete" status="trace only" />
  <traced bytesTarget="4846546" bytesTotal="3359492" bytesByMutator="16396" bytesByHelper="3343096" percent="69" />
  <cards cleaned="0" thresholdBytes="256745" />
</concurrent-halted>
<gc-op id="1027" type="card-cleaning" timems="2.798" contextid="1020" timestamp="2019-08-08T12:07:59.918">
  <card-cleaning cardsCleaned="161" bytesTraced="583568" workStackOverflowCount="0" />
</gc-op>
<gc-op id="1028" type="mark" timems="6.482" contextid="1020" timestamp="2019-08-08T12:07:59.924">
  <trace-info objectcount="32737" scancount="37247" scanbytes="1440536" />
  <finalization candidates="13" enqueued="0" />
  <references type="soft" candidates="45" cleared="0" enqueued="0" dynamicThreshold="17" maxThreshold="32" />
  <references type="weak" candidates="143" cleared="0" enqueued="0" />
  <references type="phantom" candidates="57" cleared="0" enqueued="0" />
  <stringconstants candidates="3837" cleared="0"  />
</gc-op>
<gc-op id="1029" type="sweep" timems="3.293" contextid="1020" timestamp="2019-08-08T12:07:59.928" />
<mem-info id="1030" free="8335968" total="15204352" percent="54">
  <mem type="tenure" free="8335968" total="15204352" percent="54" micro-fragmented="12688">
    <mem type="soa" free="8184416" total="15052800" percent="54" />
    <mem type="loa" free="151552" total="151552" percent="100" />
  </mem>
</mem-info>
<gc-op id="1031" type="compact" timems="21.611" contextid="1020" timestamp="2019-08-08T12:07:59.949">
  <compact-info movecount="506" movebytes="23752" reason="compact to aid heap contraction" />
</gc-op>
<heap-resize id="1032" type="expand" space="tenure" amount="131072" count="1" timems="0.022" reason="satisfy allocation request" timestamp="2019-08-08T12:07:59.950" />
<gc-end id="1033" type="global" contextid="1020" durationms="35.356" usertimems="28.820" systemtimems="25.640" timestamp="2019-08-08T12:07:59.950" activeThreads="16">
  <mem-info id="1034" free="8463640" total="15335424" percent="55">
    <mem type="tenure" free="8463640" total="15335424" percent="55">
      <mem type="soa" free="8311064" total="15182848" percent="54" />
      <mem type="loa" free="152576" total="152576" percent="100" />
    </mem>
  </mem-info>
</gc-end>
<cycle-end id="1035" type="global" contextid="1020" timestamp="2019-08-08T12:07:59.950" />
  <attribute name="elasticGC enabled" value="1" />
  <attribute name= "numThreadsSpecified" value="16" />
  <attribute name="heapSize specified" value="15204352" />
  <attribute name="Current GC Util" value="110" />
  <attribute name= "Current Time Running" value="114440" />
  <attribute name ="GC Interval" value="0" />
  <attribute name="Target GC Util Change" value ="80.000000" />
  <attribute name="Current GC Util Change" value="110.000000"/>
  <attribute name="Current Error" value="-30.000000" />
  <attribute name="Output H" value="15280000"/>
  <attribute name="Output I" value="1960"/>
  <attribute name="Output T" value="16"/>
  <attribute name= "Current Time Running" value="114440" />
  <attribute name="GC Util currently" value="110" />
  <attribute name="CPU Util currently" value="53041160227" />
<allocation-satisfied id="1036" threadId="0000000002681600" bytesRequested="832" />
<af-end id="1037" timestamp="2019-08-08T12:07:59.951" threadId="0000000002681F88" success="true" />
<exclusive-end id="1038" timestamp="2019-08-08T12:07:59.951" durationms="36.282" />

<concurrent-kickoff id="1039" timestamp="2019-08-08T12:08:03.760">
  <kickoff reason="threshold reached" targetBytes="4977592" thresholdFreeBytes="667213" remainingFree="627992" tenureFreeBytes="627992" />
</concurrent-kickoff>
<exclusive-start id="1040" timestamp="2019-08-08T12:08:03.761" intervalms="3846.410">
  <response-info timems="0.717" idlems="0.717" threads="0" lastid="00000000026B2100" lastname="node-23" />
</exclusive-start>
<cycle-start id="1041" type="global" contextid="0" timestamp="2019-08-08T12:08:03.761" intervalms="3928.928" />
<exclusive-end id="1042" timestamp="2019-08-08T12:08:03.761" durationms="0.015" />

<exclusive-start id="1043" timestamp="2019-08-08T12:08:03.881" intervalms="119.946">
  <response-info timems="0.028" idlems="0.028" threads="0" lastid="000000000265BB00" lastname="node-4" />
</exclusive-start>
<af-start id="1044" threadId="000000000265C488" totalBytesRequested="32" timestamp="2019-08-08T12:08:03.881" intervalms="3966.290" />
<gc-start id="1045" type="global" contextid="1041" timestamp="2019-08-08T12:08:03.881">
  <mem-info id="1046" free="152576" total="15335424" percent="0">
    <mem type="tenure" free="152576" total="15335424" percent="0">
      <mem type="soa" free="0" total="15182848" percent="0" />
      <mem type="loa" free="152576" total="152576" percent="100" />
    </mem>
  </mem-info>
</gc-start>
<allocation-stats totalBytes="8338056" >
  <allocated-bytes non-tlh="0" tlh="8338056" />
  <largest-consumer threadName="node-16" threadId="0000000002697E00" bytes="376784" />
</allocation-stats>
<concurrent-halted id="1047" timestamp="2019-08-08T12:08:03.881">
  <halted state="Class scanning incomplete" status="trace only" />
  <traced bytesTarget="4977592" bytesTotal="3329868" bytesByMutator="25888" bytesByHelper="3303980" percent="66" />
  <cards cleaned="0" thresholdBytes="262841" />
</concurrent-halted>
<gc-op id="1048" type="card-cleaning" timems="3.162" contextid="1041" timestamp="2019-08-08T12:08:03.885">
  <card-cleaning cardsCleaned="147" bytesTraced="572500" workStackOverflowCount="0" />
</gc-op>
<gc-op id="1049" type="mark" timems="11.326" contextid="1041" timestamp="2019-08-08T12:08:03.896">
  <trace-info objectcount="32854" scancount="37372" scanbytes="1443688" />
  <finalization candidates="13" enqueued="0" />
  <references type="soft" candidates="45" cleared="0" enqueued="0" dynamicThreshold="17" maxThreshold="32" />
  <references type="weak" candidates="143" cleared="0" enqueued="0" />
  <references type="phantom" candidates="57" cleared="0" enqueued="0" />
  <stringconstants candidates="3837" cleared="0"  />
</gc-op>
<gc-op id="1050" type="sweep" timems="7.542" contextid="1041" timestamp="2019-08-08T12:08:03.904" />
<mem-info id="1051" free="8471480" total="15335424" percent="55">
  <mem type="tenure" free="8471480" total="15335424" percent="55" micro-fragmented="31200">
    <mem type="soa" free="8318904" total="15182848" percent="54" />
    <mem type="loa" free="152576" total="152576" percent="100" />
  </mem>
</mem-info>
<gc-op id="1052" type="compact" timems="23.782" contextid="1041" timestamp="2019-08-08T12:08:03.927">
  <compact-info movecount="423" movebytes="10448" reason="compact to aid heap contraction" />
</gc-op>
<heap-resize id="1053" type="expand" space="tenure" amount="131072" count="1" timems="0.026" reason="satisfy allocation request" timestamp="2019-08-08T12:08:03.930" />
<gc-end id="1054" type="global" contextid="1041" durationms="48.663" usertimems="33.977" systemtimems="42.420" timestamp="2019-08-08T12:08:03.930" activeThreads="16">
  <mem-info id="1055" free="8608016" total="15466496" percent="55">
    <mem type="tenure" free="8608016" total="15466496" percent="55">
      <mem type="soa" free="8453392" total="15311872" percent="55" />
      <mem type="loa" free="154624" total="154624" percent="100" />
    </mem>
  </mem-info>
</gc-end>
<cycle-end id="1056" type="global" contextid="1041" timestamp="2019-08-08T12:08:03.930" />
  <attribute name="elasticGC enabled" value="1" />
  <attribute name= "numThreadsSpecified" value="16" />
  <attribute name="heapSize specified" value="15335424" />
  <attribute name="Current GC Util" value="120" />
  <attribute name= "Current Time Running" value="118418" />
  <attribute name ="GC Interval" value="0" />
  <attribute name="Target GC Util Change" value ="80.000000" />
  <attribute name="Current GC Util Change" value="120.000000"/>
  <attribute name="Current Error" value="-40.000000" />
  <attribute name="Output H" value="15411064"/>
  <attribute name="Output I" value="1944"/>
  <attribute name="Output T" value="16"/>
  <attribute name= "Current Time Running" value="118418" />
  <attribute name="GC Util currently" value="120" />
  <attribute name="CPU Util currently" value="48194007764" />
<allocation-satisfied id="1057" threadId="000000000265BB00" bytesRequested="32" />
<af-end id="1058" timestamp="2019-08-08T12:08:03.930" threadId="000000000265C488" success="true" />
<exclusive-end id="1059" timestamp="2019-08-08T12:08:03.930" durationms="49.107" />

<concurrent-kickoff id="1060" timestamp="2019-08-08T12:08:07.563">
  <kickoff reason="threshold reached" targetBytes="5063153" thresholdFreeBytes="677224" remainingFree="649488" tenureFreeBytes="649488" />
</concurrent-kickoff>
<exclusive-start id="1061" timestamp="2019-08-08T12:08:07.563" intervalms="3681.656">
  <response-info timems="0.195" idlems="0.152" threads="1" lastid="0000000002688E00" lastname="node-8" />
</exclusive-start>
<cycle-start id="1062" type="global" contextid="0" timestamp="2019-08-08T12:08:07.563" intervalms="3801.603" />
<exclusive-end id="1063" timestamp="2019-08-08T12:08:07.563" durationms="0.018" />

<exclusive-start id="1064" timestamp="2019-08-08T12:08:07.801" intervalms="237.854">
  <response-info timems="0.030" idlems="0.030" threads="0" lastid="0000000002657F00" lastname="node-2" />
</exclusive-start>
<af-start id="1065" threadId="0000000002658888" totalBytesRequested="376" timestamp="2019-08-08T12:08:07.801" intervalms="3919.578" />
<gc-start id="1066" type="global" contextid="1062" timestamp="2019-08-08T12:08:07.801">
  <mem-info id="1067" free="154624" total="15466496" percent="0">
    <mem type="tenure" free="154624" total="15466496" percent="0">
      <mem type="soa" free="0" total="15311872" percent="0" />
      <mem type="loa" free="154624" total="154624" percent="100" />
    </mem>
  </mem-info>
</gc-start>
<allocation-stats totalBytes="8478928" >
  <allocated-bytes non-tlh="0" tlh="8478928" />
  <largest-consumer threadName="node-12" threadId="0000000002672200" bytes="376808" />
</allocation-stats>
<concurrent-halted id="1068" timestamp="2019-08-08T12:08:07.801">
  <halted state="Class scanning incomplete" status="trace only" />
  <traced bytesTarget="5063153" bytesTotal="3330892" bytesByMutator="220404" bytesByHelper="3110488" percent="65" />
  <cards cleaned="0" thresholdBytes="266784" />
</concurrent-halted>
<gc-op id="1069" type="card-cleaning" timems="2.903" contextid="1062" timestamp="2019-08-08T12:08:07.804">
  <card-cleaning cardsCleaned="190" bytesTraced="578816" workStackOverflowCount="0" />
</gc-op>
<gc-op id="1070" type="mark" timems="10.421" contextid="1062" timestamp="2019-08-08T12:08:07.814">
  <trace-info objectcount="33111" scancount="37624" scanbytes="1449584" />
  <finalization candidates="13" enqueued="0" />
  <references type="soft" candidates="45" cleared="0" enqueued="0" dynamicThreshold="17" maxThreshold="32" />
  <references type="weak" candidates="143" cleared="0" enqueued="0" />
  <references type="phantom" candidates="57" cleared="0" enqueued="0" />
  <stringconstants candidates="3837" cleared="0"  />
</gc-op>
<gc-op id="1071" type="sweep" timems="2.978" contextid="1062" timestamp="2019-08-08T12:08:07.818" />
<mem-info id="1072" free="8561584" total="15466496" percent="55">
  <mem type="tenure" free="8561584" total="15466496" percent="55" micro-fragmented="33024">
    <mem type="soa" free="8406960" total="15311872" percent="54" />
    <mem type="loa" free="154624" total="154624" percent="100" />
  </mem>
</mem-info>
<gc-op id="1073" type="compact" timems="19.013" contextid="1062" timestamp="2019-08-08T12:08:07.837">
  <compact-info movecount="677" movebytes="28144" reason="compact to aid heap contraction" />
</gc-op>
<heap-resize id="1074" type="expand" space="tenure" amount="131072" count="1" timems="0.022" reason="satisfy allocation request" timestamp="2019-08-08T12:08:07.837" />
<gc-end id="1075" type="global" contextid="1062" durationms="36.427" usertimems="26.997" systemtimems="29.068" timestamp="2019-08-08T12:08:07.837" activeThreads="16">
  <mem-info id="1076" free="8721392" total="15597568" percent="55">
    <mem type="tenure" free="8721392" total="15597568" percent="55">
      <mem type="soa" free="8565744" total="15441920" percent="55" />
      <mem type="loa" free="155648" total="155648" percent="100" />
    </mem>
  </mem-info>
</gc-end>
<cycle-end id="1077" type="global" contextid="1062" timestamp="2019-08-08T12:08:07.837" />
  <attribute name="elasticGC enabled" value="1" />
  <attribute name= "numThreadsSpecified" value="16" />
  <attribute name="heapSize specified" value="15466496" />
  <attribute name="Current GC Util" value="79" />
  <attribute name= "Current Time Running" value="122327" />
  <attribute name ="GC Interval" value="0" />
  <attribute name="Target GC Util Change" value ="80.000000" />
  <attribute name="Current GC Util Change" value="79.000000"/>
  <attribute name="Current Error" value="1.000000" />
  <attribute name="Output H" value="15542184"/>
  <attribute name="Output I" value="2016"/>
  <attribute name="Output T" value="16"/>
  <attribute name= "Current Time Running" value="122327" />
  <attribute name="GC Util currently" value="79" />
  <attribute name="CPU Util currently" value="60514866341" />
<allocation-satisfied id="1078" threadId="0000000002657F00" bytesRequested="376" />
<af-end id="1079" timestamp="2019-08-08T12:08:07.837" threadId="0000000002658888" success="true" />
<exclusive-end id="1080" timestamp="2019-08-08T12:08:07.837" durationms="36.807" />

===== DaCapo 9.12-MR1 avrora PASSED in 123591 msec =====
<concurrent-kickoff id="1081" timestamp="2019-08-08T12:08:09.641">
  <kickoff reason="threshold reached" targetBytes="5123598" thresholdFreeBytes="684315" remainingFree="554824" tenureFreeBytes="554824" />
</concurrent-kickoff>
<exclusive-start id="1082" timestamp="2019-08-08T12:08:09.641" intervalms="1839.968">
  <response-info timems="0.017" idlems="0.017" threads="0" lastid="0000000002369F00" lastname="main" />
</exclusive-start>
<cycle-start id="1083" type="global" contextid="0" timestamp="2019-08-08T12:08:09.641" intervalms="2077.819" />
<exclusive-end id="1084" timestamp="2019-08-08T12:08:09.641" durationms="0.012" />

<exclusive-start id="1085" timestamp="2019-08-08T12:08:09.676" intervalms="35.521">
  <response-info timems="0.046" idlems="0.046" threads="0" lastid="0000000002369F00" lastname="main" />
</exclusive-start>
<af-start id="1086" threadId="000000000236A888" totalBytesRequested="2056" timestamp="2019-08-08T12:08:09.676" intervalms="1875.371" />
<gc-start id="1087" type="global" contextid="1083" timestamp="2019-08-08T12:08:09.676">
  <mem-info id="1088" free="155648" total="15597568" percent="0">
    <mem type="tenure" free="155648" total="15597568" percent="0">
      <mem type="soa" free="0" total="15441920" percent="0" />
      <mem type="loa" free="155648" total="155648" percent="100" />
    </mem>
  </mem-info>
</gc-start>
<allocation-stats totalBytes="8553496" >
  <allocated-bytes non-tlh="68776" tlh="8484720" />
  <largest-consumer threadName="main" threadId="0000000002369F00" bytes="4975184" />
</allocation-stats>
<concurrent-halted id="1089" timestamp="2019-08-08T12:08:09.676">
  <halted state="Class scanning incomplete" status="clean trace" />
  <traced bytesTarget="5123598" bytesTotal="252512" bytesByMutator="0" bytesByHelper="252512" percent="4" />
  <cards cleaned="0" thresholdBytes="269578" />
</concurrent-halted>
<gc-op id="1090" type="tracing" timems="0.820" contextid="1083" timestamp="2019-08-08T12:08:09.677">
  <trace bytesTraced="190832" workStackOverflowCount="0" />
</gc-op>
<gc-op id="1091" type="card-cleaning" timems="0.907" contextid="1083" timestamp="2019-08-08T12:08:09.678">
  <card-cleaning cardsCleaned="76" bytesTraced="2380" workStackOverflowCount="0" />
</gc-op>
<gc-op id="1092" type="mark" timems="1.446" contextid="1083" timestamp="2019-08-08T12:08:09.679">
  <trace-info objectcount="7094" scancount="5286" scanbytes="154084" />
  <finalization candidates="14" enqueued="1" />
  <references type="soft" candidates="56" cleared="2" enqueued="2" dynamicThreshold="17" maxThreshold="32" />
  <references type="weak" candidates="160" cleared="16" enqueued="16" />
  <references type="phantom" candidates="71" cleared="12" enqueued="12" />
  <stringconstants candidates="3849" cleared="0"  />
</gc-op>
<gc-op id="1093" type="sweep" timems="5.726" contextid="1083" timestamp="2019-08-08T12:08:09.685" />
<mem-info id="1094" free="14067904" total="15597568" percent="90">
  <mem type="tenure" free="14067904" total="15597568" percent="90" micro-fragmented="67265">
    <mem type="soa" free="13912256" total="15441920" percent="90" />
    <mem type="loa" free="155648" total="155648" percent="100" />
  </mem>
  <pending-finalizers system="1" default="0" reference="30" classloader="0" />
</mem-info>
<gc-op id="1095" type="compact" timems="24.943" contextid="1083" timestamp="2019-08-08T12:08:09.710">
  <compact-info movecount="20953" movebytes="1304056" reason="compact to aid heap contraction" />
</gc-op>
<heap-resize id="1096" type="expand" space="tenure" amount="131072" count="1" timems="0.028" reason="satisfy allocation request" timestamp="2019-08-08T12:08:09.712" />
<gc-end id="1097" type="global" contextid="1083" durationms="35.563" usertimems="19.266" systemtimems="33.116" timestamp="2019-08-08T12:08:09.712" activeThreads="16">
  <mem-info id="1098" free="14185200" total="15728640" percent="90">
    <mem type="tenure" free="14185200" total="15728640" percent="90">
      <mem type="soa" free="14028528" total="15571968" percent="90" />
      <mem type="loa" free="156672" total="156672" percent="100" />
    </mem>
    <pending-finalizers system="1" default="0" reference="30" classloader="0" />
  </mem-info>
</gc-end>
<cycle-end id="1099" type="global" contextid="1083" timestamp="2019-08-08T12:08:09.712" />
  <attribute name="elasticGC enabled" value="1" />
  <attribute name= "numThreadsSpecified" value="16" />
  <attribute name="heapSize specified" value="15597568" />
  <attribute name="Current GC Util" value="81" />
  <attribute name= "Current Time Running" value="124201" />
  <attribute name ="GC Interval" value="0" />
  <attribute name="Target GC Util Change" value ="80.000000" />
  <attribute name="Current GC Util Change" value="81.000000"/>
  <attribute name="Current Error" value="79.000000" />
  <attribute name="Output H" value="15673344"/>
  <attribute name="Output I" value="2152"/>
  <attribute name="Output T" value="16"/>
  <attribute name= "Current Time Running" value="124201" />
  <attribute name="GC Util currently" value="81" />
  <attribute name="CPU Util currently" value="46095917200" />
<allocation-satisfied id="1100" threadId="0000000002369F00" bytesRequested="2056" />
<af-end id="1101" timestamp="2019-08-08T12:08:09.712" threadId="000000000236A888" success="true" />
<exclusive-end id="1102" timestamp="2019-08-08T12:08:09.712" durationms="36.002" />

WARNING: An illegal reflective access operation has occurred
WARNING: Illegal reflective access by com.google.common.base.internal.Finalizer (file:/./scratch/jar/guava-r07.jar) to field java.lang.Thread.inheritableThreadLocals
WARNING: Please consider reporting this to the maintainers of com.google.common.base.internal.Finalizer
WARNING: Use --illegal-access=warn to enable warnings of further illegal reflective access operations
WARNING: All illegal access operations will be denied in a future release
<concurrent-kickoff id="1103" timestamp="2019-08-08T12:08:10.152">
  <kickoff reason="threshold reached" targetBytes="3741742" thresholdFreeBytes="501063" remainingFree="372712" tenureFreeBytes="372712" />
</concurrent-kickoff>
<exclusive-start id="1104" timestamp="2019-08-08T12:08:10.153" intervalms="476.416">
  <response-info timems="0.057" idlems="0.057" threads="0" lastid="0000000002369F00" lastname="main" />
</exclusive-start>
<cycle-start id="1105" type="global" contextid="0" timestamp="2019-08-08T12:08:10.153" intervalms="511.951" />
<exclusive-end id="1106" timestamp="2019-08-08T12:08:10.153" durationms="0.030" />

<exclusive-start id="1107" timestamp="2019-08-08T12:08:10.162" intervalms="8.965">
  <response-info timems="0.053" idlems="0.053" threads="0" lastid="0000000002369F00" lastname="main" />
</exclusive-start>
<af-start id="1108" threadId="000000000236A888" totalBytesRequested="88" timestamp="2019-08-08T12:08:10.163" intervalms="486.380" />
<gc-start id="1109" type="global" contextid="1105" timestamp="2019-08-08T12:08:10.163">
  <mem-info id="1110" free="156672" total="15728640" percent="0">
    <mem type="tenure" free="156672" total="15728640" percent="0">
      <mem type="soa" free="0" total="15571968" percent="0" />
      <mem type="loa" free="156672" total="156672" percent="100" />
    </mem>
  </mem-info>
</gc-start>
<allocation-stats totalBytes="14079928" >
  <allocated-bytes non-tlh="780736" tlh="13299192" />
  <largest-consumer threadName="main" threadId="0000000002369F00" bytes="14079928" />
</allocation-stats>
<concurrent-halted id="1111" timestamp="2019-08-08T12:08:10.163">
  <halted state="Complete" status="exhausted" />
  <traced bytesTarget="3741742" bytesTotal="771740" bytesByMutator="82296" bytesByHelper="689444" percent="20" />
  <cards cleaned="30" thresholdBytes="197388" />
</concurrent-halted>
<gc-op id="1112" type="card-cleaning" timems="0.686" contextid="1105" timestamp="2019-08-08T12:08:10.163">
  <card-cleaning cardsCleaned="22" bytesTraced="11792" workStackOverflowCount="0" />
</gc-op>
<gc-op id="1113" type="mark" timems="7.874" contextid="1105" timestamp="2019-08-08T12:08:10.171">
  <trace-info objectcount="6084" scancount="6060" scanbytes="185004" />
  <finalization candidates="63" enqueued="1" />
  <ownableSynchronizers candidates="17" cleared="0" />
  <references type="soft" candidates="411" cleared="0" enqueued="0" dynamicThreshold="28" maxThreshold="32" />
  <references type="weak" candidates="1700" cleared="504" enqueued="382" />
  <references type="phantom" candidates="98" cleared="7" enqueued="7" />
  <stringconstants candidates="5932" cleared="1404"  />
</gc-op>
<gc-op id="1114" type="classunload" timems="4.623" contextid="1105" timestamp="2019-08-08T12:08:10.176">
  <classunload-info classloadercandidates="11" classloadersunloaded="1" classesunloaded="508" anonymousclassesunloaded="0" quiescems="0.000" setupms="1.227" scanms="3.393" postms="0.003" />
</gc-op>
<gc-op id="1115" type="sweep" timems="2.241" contextid="1105" timestamp="2019-08-08T12:08:10.178" />
<mem-info id="1116" free="13047232" total="15728640" percent="82">
  <mem type="tenure" free="13047232" total="15728640" percent="82" micro-fragmented="151351">
    <mem type="soa" free="12890560" total="15571968" percent="82" />
    <mem type="loa" free="156672" total="156672" percent="100" />
  </mem>
  <pending-finalizers system="1" default="0" reference="389" classloader="0" />
</mem-info>
<gc-op id="1117" type="compact" timems="14.123" contextid="1105" timestamp="2019-08-08T12:08:10.192">
  <compact-info movecount="36107" movebytes="2388520" reason="compact to aid heap contraction" />
</gc-op>
<heap-resize id="1118" type="expand" space="tenure" amount="131072" count="1" timems="0.022" reason="satisfy allocation request" timestamp="2019-08-08T12:08:10.193" />
<gc-end id="1119" type="global" contextid="1105" durationms="30.478" usertimems="36.401" systemtimems="11.227" timestamp="2019-08-08T12:08:10.193" activeThreads="16">
  <mem-info id="1120" free="13452712" total="15859712" percent="84">
    <mem type="tenure" free="13452712" total="15859712" percent="84">
      <mem type="soa" free="13295016" total="15702016" percent="84" />
      <mem type="loa" free="157696" total="157696" percent="100" />
    </mem>
    <pending-finalizers system="1" default="0" reference="389" classloader="0" />
  </mem-info>
</gc-end>
<cycle-end id="1121" type="global" contextid="1105" timestamp="2019-08-08T12:08:10.194" />
  <attribute name="elasticGC enabled" value="1" />
  <attribute name= "numThreadsSpecified" value="16" />
  <attribute name="heapSize specified" value="15728640" />
  <attribute name="Current GC Util" value="78" />
  <attribute name= "Current Time Running" value="124682" />
  <attribute name ="GC Interval" value="0" />
  <attribute name="Target GC Util Change" value ="80.000000" />
  <attribute name="Current GC Util Change" value="78.000000"/>
  <attribute name="Current Error" value="-162.000000" />
  <attribute name="Output H" value="15804136"/>
  <attribute name="Output I" value="1720"/>
  <attribute name="Output T" value="16"/>
  <attribute name= "Current Time Running" value="124682" />
  <attribute name="GC Util currently" value="78" />
  <attribute name="CPU Util currently" value="81454839184" />
<allocation-satisfied id="1122" threadId="0000000002369F00" bytesRequested="88" />
<af-end id="1123" timestamp="2019-08-08T12:08:10.194" threadId="000000000236A888" success="true" />
<exclusive-end id="1124" timestamp="2019-08-08T12:08:10.194" durationms="32.315" />

<concurrent-kickoff id="1125" timestamp="2019-08-08T12:08:11.205">
  <kickoff reason="threshold reached" targetBytes="2897335" thresholdFreeBytes="392668" remainingFree="262304" tenureFreeBytes="262304" />
</concurrent-kickoff>
<exclusive-start id="1126" timestamp="2019-08-08T12:08:11.205" intervalms="1043.321">
  <response-info timems="0.061" idlems="0.061" threads="0" lastid="0000000002369F00" lastname="main" />
</exclusive-start>
<cycle-start id="1127" type="global" contextid="0" timestamp="2019-08-08T12:08:11.205" intervalms="1052.274" />
<exclusive-end id="1128" timestamp="2019-08-08T12:08:11.205" durationms="0.017" />

<exclusive-start id="1129" timestamp="2019-08-08T12:08:11.215" intervalms="10.377">
  <response-info timems="0.040" idlems="0.040" threads="0" lastid="0000000002369F00" lastname="main" />
</exclusive-start>
<af-start id="1130" threadId="000000000236A888" totalBytesRequested="88" timestamp="2019-08-08T12:08:11.215" intervalms="1052.699" />
<gc-start id="1131" type="global" contextid="1127" timestamp="2019-08-08T12:08:11.215">
  <mem-info id="1132" free="157696" total="15859712" percent="0">
    <mem type="tenure" free="157696" total="15859712" percent="0">
      <mem type="soa" free="0" total="15702016" percent="0" />
      <mem type="loa" free="157696" total="157696" percent="100" />
    </mem>
  </mem-info>
</gc-start>
<allocation-stats totalBytes="13284320" >
  <allocated-bytes non-tlh="1639808" tlh="11644512" />
  <largest-consumer threadName="main" threadId="0000000002369F00" bytes="13202712" />
</allocation-stats>
<concurrent-halted id="1133" timestamp="2019-08-08T12:08:11.215">
  <halted state="Class scanning incomplete" status="trace only" />
  <traced bytesTarget="2897335" bytesTotal="876396" bytesByMutator="251508" bytesByHelper="624888" percent="30" />
  <cards cleaned="0" thresholdBytes="154687" />
</concurrent-halted>
<gc-op id="1134" type="card-cleaning" timems="1.211" contextid="1127" timestamp="2019-08-08T12:08:11.217">
  <card-cleaning cardsCleaned="15" bytesTraced="175596" workStackOverflowCount="0" />
</gc-op>
<gc-op id="1135" type="mark" timems="11.527" contextid="1127" timestamp="2019-08-08T12:08:11.228">
  <trace-info objectcount="20394" scancount="19581" scanbytes="664472" />
  <finalization candidates="80" enqueued="0" />
  <ownableSynchronizers candidates="21" cleared="0" />
  <references type="soft" candidates="957" cleared="0" enqueued="0" dynamicThreshold="27" maxThreshold="32" />
  <references type="weak" candidates="3446" cleared="494" enqueued="346" />
  <references type="phantom" candidates="99" cleared="5" enqueued="5" />
  <stringconstants candidates="6706" cleared="0"  />
</gc-op>
<gc-op id="1136" type="classunload" timems="0.004" contextid="1127" timestamp="2019-08-08T12:08:11.228">
  <classunload-info classloadercandidates="11" classloadersunloaded="0" classesunloaded="0" anonymousclassesunloaded="0" quiescems="0.000" setupms="0.003" scanms="0.000" postms="0.001" />
</gc-op>
<gc-op id="1137" type="sweep" timems="1.567" contextid="1127" timestamp="2019-08-08T12:08:11.230" />
<mem-info id="1138" free="11378888" total="15859712" percent="71">
  <mem type="tenure" free="11378888" total="15859712" percent="71" micro-fragmented="274320">
    <mem type="soa" free="11221192" total="15702016" percent="71" />
    <mem type="loa" free="157696" total="157696" percent="100" />
  </mem>
  <pending-finalizers system="0" default="0" reference="351" classloader="0" />
</mem-info>
<gc-op id="1139" type="compact" timems="16.790" contextid="1127" timestamp="2019-08-08T12:08:11.247">
  <compact-info movecount="59543" movebytes="4011656" reason="compact to aid heap contraction" />
</gc-op>
<heap-resize id="1140" type="expand" space="tenure" amount="131072" count="1" timems="0.107" reason="satisfy allocation request" timestamp="2019-08-08T12:08:11.247" />
<gc-end id="1141" type="global" contextid="1127" durationms="31.817" usertimems="51.980" systemtimems="0.000" timestamp="2019-08-08T12:08:11.247" activeThreads="1">
  <mem-info id="1142" free="11957976" total="15990784" percent="74">
    <mem type="tenure" free="11957976" total="15990784" percent="74">
      <mem type="soa" free="11798232" total="15831040" percent="74" />
      <mem type="loa" free="159744" total="159744" percent="100" />
    </mem>
    <pending-finalizers system="0" default="0" reference="351" classloader="0" />
  </mem-info>
</gc-end>
<cycle-end id="1143" type="global" contextid="1127" timestamp="2019-08-08T12:08:11.247" />
  <attribute name="elasticGC enabled" value="1" />
  <attribute name= "numThreadsSpecified" value="1" />
  <attribute name="heapSize specified" value="15859712" />
  <attribute name="Current GC Util" value="58" />
  <attribute name= "Current Time Running" value="125737" />
  <attribute name ="GC Interval" value="0" />
  <attribute name="Target GC Util Change" value ="80.000000" />
  <attribute name="Current GC Util Change" value="58.000000"/>
  <attribute name="Current Error" value="-21.000000" />
  <attribute name="Output H" value="15935368"/>
  <attribute name="Output I" value="1976"/>
  <attribute name="Output T" value="1"/>
  <attribute name= "Current Time Running" value="125737" />
  <attribute name="GC Util currently" value="58" />
  <attribute name="CPU Util currently" value="68473375472" />
<allocation-satisfied id="1144" threadId="0000000002369F00" bytesRequested="88" />
<af-end id="1145" timestamp="2019-08-08T12:08:11.247" threadId="000000000236A888" success="true" />
<exclusive-end id="1146" timestamp="2019-08-08T12:08:11.247" durationms="32.033" />

<concurrent-kickoff id="1147" timestamp="2019-08-08T12:08:11.499">
  <kickoff reason="threshold reached" targetBytes="2609616" thresholdFreeBytes="352806" remainingFree="222640" tenureFreeBytes="222640" />
</concurrent-kickoff>
<exclusive-start id="1148" timestamp="2019-08-08T12:08:11.499" intervalms="284.019">
  <response-info timems="0.060" idlems="0.060" threads="0" lastid="0000000002369F00" lastname="main" />
</exclusive-start>
<cycle-start id="1149" type="global" contextid="0" timestamp="2019-08-08T12:08:11.499" intervalms="294.408" />
<exclusive-end id="1150" timestamp="2019-08-08T12:08:11.499" durationms="0.030" />

<exclusive-start id="1151" timestamp="2019-08-08T12:08:11.503" intervalms="3.935">
  <response-info timems="0.090" idlems="0.090" threads="0" lastid="0000000002369F00" lastname="main" />
</exclusive-start>
<af-start id="1152" threadId="000000000236A888" totalBytesRequested="32" timestamp="2019-08-08T12:08:11.503" intervalms="287.957" />
<concurrent-aborted id="1153" timestamp="2019-08-08T12:08:11.503">
  <reason value="insufficient progress made" />
</concurrent-aborted>
<cycle-end id="1154" type="global" contextid="1149" timestamp="2019-08-08T12:08:11.503" />
  <attribute name="elasticGC enabled" value="1" />
  <attribute name= "numThreadsSpecified" value="1" />
  <attribute name="heapSize specified" value="15859712" />
  <attribute name="Current GC Util" value="58" />
  <attribute name= "Current Time Running" value="125737" />
  <attribute name ="GC Interval" value="0" />
  <attribute name="Target GC Util Change" value ="80.000000" />
  <attribute name="Current GC Util Change" value="58.000000"/>
  <attribute name="Current Error" value="-21.000000" />
  <attribute name="Output H" value="15935368"/>
  <attribute name="Output I" value="1976"/>
  <attribute name="Output T" value="1"/>
  <attribute name= "Current Time Running" value="125737" />
  <attribute name="GC Util currently" value="58" />
  <attribute name="CPU Util currently" value="68473375472" />
<cycle-start id="1155" type="global" contextid="0" timestamp="2019-08-08T12:08:11.503" intervalms="4.034" />
<gc-start id="1156" type="global" contextid="1155" timestamp="2019-08-08T12:08:11.503">
  <mem-info id="1157" free="159744" total="15990784" percent="0">
    <mem type="tenure" free="159744" total="15990784" percent="0">
      <mem type="soa" free="0" total="15831040" percent="0" />
      <mem type="loa" free="159744" total="159744" percent="100" />
    </mem>
  </mem-info>
</gc-start>
<allocation-stats totalBytes="11792160" >
  <allocated-bytes non-tlh="123264" tlh="11668896" />
  <largest-consumer threadName="main" threadId="0000000002369F00" bytes="11783968" />
</allocation-stats>
<gc-op id="1158" type="mark" timems="8.479" contextid="1155" timestamp="2019-08-08T12:08:11.512">
  <trace-info objectcount="73627" scancount="61131" scanbytes="2139608" />
  <finalization candidates="80" enqueued="0" />
  <ownableSynchronizers candidates="21" cleared="0" />
  <references type="soft" candidates="1011" cleared="0" enqueued="0" dynamicThreshold="23" maxThreshold="32" />
  <references type="weak" candidates="3710" cleared="0" enqueued="0" />
  <references type="phantom" candidates="94" cleared="0" enqueued="0" />
  <stringconstants candidates="7501" cleared="0"  />
</gc-op>
<gc-op id="1159" type="sweep" timems="4.870" contextid="1155" timestamp="2019-08-08T12:08:11.517" />
<mem-info id="1160" free="11099536" total="15990784" percent="69">
  <mem type="tenure" free="11099536" total="15990784" percent="69" micro-fragmented="172943">
    <mem type="soa" free="10939792" total="15831040" percent="69" />
    <mem type="loa" free="159744" total="159744" percent="100" />
  </mem>
</mem-info>
<gc-op id="1161" type="compact" timems="20.487" contextid="1155" timestamp="2019-08-08T12:08:11.537">
  <compact-info movecount="50298" movebytes="2868760" reason="compact to aid heap contraction" />
</gc-op>
<heap-resize id="1162" type="expand" space="tenure" amount="131072" count="1" timems="0.019" reason="satisfy allocation request" timestamp="2019-08-08T12:08:11.538" />
<gc-end id="1163" type="global" contextid="1155" durationms="34.694" usertimems="61.123" systemtimems="0.000" timestamp="2019-08-08T12:08:11.538" activeThreads="16">
  <mem-info id="1164" free="11489816" total="16121856" percent="71">
    <mem type="tenure" free="11489816" total="16121856" percent="71">
      <mem type="soa" free="11329048" total="15961088" percent="70" />
      <mem type="loa" free="160768" total="160768" percent="100" />
    </mem>
  </mem-info>
</gc-end>
<cycle-end id="1165" type="global" contextid="1155" timestamp="2019-08-08T12:08:11.538" />
  <attribute name="elasticGC enabled" value="1" />
  <attribute name= "numThreadsSpecified" value="16" />
  <attribute name="heapSize specified" value="15990784" />
  <attribute name="Current GC Util" value="142" />
  <attribute name= "Current Time Running" value="126027" />
  <attribute name ="GC Interval" value="0" />
  <attribute name="Target GC Util Change" value ="80.000000" />
  <attribute name="Current GC Util Change" value="142.000000"/>
  <attribute name="Current Error" value="-62.000000" />
  <attribute name="Output H" value="16066400"/>
  <attribute name="Output I" value="1904"/>
  <attribute name="Output T" value="16"/>
  <attribute name= "Current Time Running" value="126027" />
  <attribute name="GC Util currently" value="142" />
  <attribute name="CPU Util currently" value="56277372045" />
<allocation-satisfied id="1166" threadId="0000000002369F00" bytesRequested="32" />
<af-end id="1167" timestamp="2019-08-08T12:08:11.538" threadId="000000000236A888" success="true" />
<exclusive-end id="1168" timestamp="2019-08-08T12:08:11.538" durationms="34.938" />

<concurrent-kickoff id="1169" timestamp="2019-08-08T12:08:11.720">
  <kickoff reason="threshold reached" targetBytes="2631006" thresholdFreeBytes="355699" remainingFree="301264" tenureFreeBytes="301264" />
</concurrent-kickoff>
<exclusive-start id="1170" timestamp="2019-08-08T12:08:11.720" intervalms="217.309">
  <response-info timems="0.064" idlems="0.064" threads="0" lastid="0000000002369F00" lastname="main" />
</exclusive-start>
<cycle-start id="1171" type="global" contextid="0" timestamp="2019-08-08T12:08:11.721" intervalms="217.212" />
<exclusive-end id="1172" timestamp="2019-08-08T12:08:11.721" durationms="0.033" />

<exclusive-start id="1173" timestamp="2019-08-08T12:08:11.724" intervalms="3.855">
  <response-info timems="0.051" idlems="0.051" threads="0" lastid="0000000002369F00" lastname="main" />
</exclusive-start>
<af-start id="1174" threadId="000000000236A888" totalBytesRequested="32" timestamp="2019-08-08T12:08:11.724" intervalms="221.169" />
<concurrent-aborted id="1175" timestamp="2019-08-08T12:08:11.724">
  <reason value="insufficient progress made" />
</concurrent-aborted>
<cycle-end id="1176" type="global" contextid="1171" timestamp="2019-08-08T12:08:11.724" />
  <attribute name="elasticGC enabled" value="1" />
  <attribute name= "numThreadsSpecified" value="16" />
  <attribute name="heapSize specified" value="15990784" />
  <attribute name="Current GC Util" value="142" />
  <attribute name= "Current Time Running" value="126027" />
  <attribute name ="GC Interval" value="0" />
  <attribute name="Target GC Util Change" value ="80.000000" />
  <attribute name="Current GC Util Change" value="142.000000"/>
  <attribute name="Current Error" value="-62.000000" />
  <attribute name="Output H" value="16066400"/>
  <attribute name="Output I" value="1904"/>
  <attribute name="Output T" value="16"/>
  <attribute name= "Current Time Running" value="126027" />
  <attribute name="GC Util currently" value="142" />
  <attribute name="CPU Util currently" value="56277372045" />
<cycle-start id="1177" type="global" contextid="0" timestamp="2019-08-08T12:08:11.724" intervalms="3.953" />
<gc-start id="1178" type="global" contextid="1177" timestamp="2019-08-08T12:08:11.725">
  <mem-info id="1179" free="160768" total="16121856" percent="0">
    <mem type="tenure" free="160768" total="16121856" percent="0">
      <mem type="soa" free="0" total="15961088" percent="0" />
      <mem type="loa" free="160768" total="160768" percent="100" />
    </mem>
  </mem-info>
</gc-start>
<allocation-stats totalBytes="11391320" >
  <allocated-bytes non-tlh="379208" tlh="11012112" />
  <largest-consumer threadName="main" threadId="0000000002369F00" bytes="11391320" />
</allocation-stats>
<gc-op id="1180" type="mark" timems="6.157" contextid="1177" timestamp="2019-08-08T12:08:11.731">
  <trace-info objectcount="75945" scancount="63189" scanbytes="2237044" />
  <finalization candidates="80" enqueued="0" />
  <ownableSynchronizers candidates="21" cleared="0" />
  <references type="soft" candidates="1085" cleared="0" enqueued="0" dynamicThreshold="22" maxThreshold="32" />
  <references type="weak" candidates="3853" cleared="7" enqueued="7" />
  <references type="phantom" candidates="96" cleared="1" enqueued="1" />
  <stringconstants candidates="7870" cleared="0"  />
</gc-op>
<gc-op id="1181" type="sweep" timems="1.749" contextid="1177" timestamp="2019-08-08T12:08:11.733" />
<mem-info id="1182" free="11087208" total="16121856" percent="68">
  <mem type="tenure" free="11087208" total="16121856" percent="68" micro-fragmented="157155">
    <mem type="soa" free="10926440" total="15961088" percent="68" />
    <mem type="loa" free="160768" total="160768" percent="100" />
  </mem>
  <pending-finalizers system="0" default="0" reference="8" classloader="0" />
</mem-info>
<gc-op id="1183" type="compact" timems="19.871" contextid="1177" timestamp="2019-08-08T12:08:11.752">
  <compact-info movecount="54528" movebytes="3121536" reason="compact to aid heap contraction" />
</gc-op>
<heap-resize id="1184" type="expand" space="tenure" amount="131072" count="1" timems="0.030" reason="satisfy allocation request" timestamp="2019-08-08T12:08:11.753" />
<gc-end id="1185" type="global" contextid="1177" durationms="28.999" usertimems="53.891" systemtimems="0.000" timestamp="2019-08-08T12:08:11.754" activeThreads="16">
  <mem-info id="1186" free="11438944" total="16252928" percent="70">
    <mem type="tenure" free="11438944" total="16252928" percent="70">
      <mem type="soa" free="11277152" total="16091136" percent="70" />
      <mem type="loa" free="161792" total="161792" percent="100" />
    </mem>
    <pending-finalizers system="0" default="0" reference="8" classloader="0" />
  </mem-info>
</gc-end>
<cycle-end id="1187" type="global" contextid="1177" timestamp="2019-08-08T12:08:11.754" />
  <attribute name="elasticGC enabled" value="1" />
  <attribute name= "numThreadsSpecified" value="16" />
  <attribute name="heapSize specified" value="16121856" />
  <attribute name="Current GC Util" value="75" />
  <attribute name= "Current Time Running" value="126243" />
  <attribute name ="GC Interval" value="0" />
  <attribute name="Target GC Util Change" value ="80.000000" />
  <attribute name="Current GC Util Change" value="75.000000"/>
  <attribute name="Current Error" value="-292.000000" />
  <attribute name="Output H" value="16197200"/>
  <attribute name="Output I" value="1488"/>
  <attribute name="Output T" value="16"/>
  <attribute name= "Current Time Running" value="126243" />
  <attribute name="GC Util currently" value="75" />
  <attribute name="CPU Util currently" value="57932635185" />
<allocation-satisfied id="1188" threadId="0000000002369F00" bytesRequested="32" />
<af-end id="1189" timestamp="2019-08-08T12:08:11.754" threadId="000000000236A888" success="true" />
<exclusive-end id="1190" timestamp="2019-08-08T12:08:11.754" durationms="29.247" />

<concurrent-kickoff id="1191" timestamp="2019-08-08T12:08:11.898">
  <kickoff reason="threshold reached" targetBytes="2652397" thresholdFreeBytes="358591" remainingFree="264296" tenureFreeBytes="264296" />
</concurrent-kickoff>
<exclusive-start id="1192" timestamp="2019-08-08T12:08:11.898" intervalms="173.640">
  <response-info timems="0.017" idlems="0.017" threads="0" lastid="0000000002369F00" lastname="main" />
</exclusive-start>
<cycle-start id="1193" type="global" contextid="0" timestamp="2019-08-08T12:08:11.898" intervalms="173.525" />
<exclusive-end id="1194" timestamp="2019-08-08T12:08:11.898" durationms="0.012" />

<exclusive-start id="1195" timestamp="2019-08-08T12:08:11.899" intervalms="1.276">
  <response-info timems="0.012" idlems="0.012" threads="0" lastid="0000000002369F00" lastname="main" />
</exclusive-start>
<af-start id="1196" threadId="000000000236A888" totalBytesRequested="24" timestamp="2019-08-08T12:08:11.899" intervalms="174.894" />
<concurrent-aborted id="1197" timestamp="2019-08-08T12:08:11.899">
  <reason value="insufficient progress made" />
</concurrent-aborted>
<cycle-end id="1198" type="global" contextid="1193" timestamp="2019-08-08T12:08:11.899" />
  <attribute name="elasticGC enabled" value="1" />
  <attribute name= "numThreadsSpecified" value="16" />
  <attribute name="heapSize specified" value="16121856" />
  <attribute name="Current GC Util" value="75" />
  <attribute name= "Current Time Running" value="126243" />
  <attribute name ="GC Interval" value="0" />
  <attribute name="Target GC Util Change" value ="80.000000" />
  <attribute name="Current GC Util Change" value="75.000000"/>
  <attribute name="Current Error" value="-292.000000" />
  <attribute name="Output H" value="16197200"/>
  <attribute name="Output I" value="1488"/>
  <attribute name="Output T" value="16"/>
  <attribute name= "Current Time Running" value="126243" />
  <attribute name="GC Util currently" value="75" />
  <attribute name="CPU Util currently" value="57932635185" />
<cycle-start id="1199" type="global" contextid="0" timestamp="2019-08-08T12:08:11.899" intervalms="1.354" />
<gc-start id="1200" type="global" contextid="1199" timestamp="2019-08-08T12:08:11.899">
  <mem-info id="1201" free="161792" total="16252928" percent="0">
    <mem type="tenure" free="161792" total="16252928" percent="0">
      <mem type="soa" free="0" total="16091136" percent="0" />
      <mem type="loa" free="161792" total="161792" percent="100" />
    </mem>
  </mem-info>
</gc-start>
<allocation-stats totalBytes="11337472" >
  <allocated-bytes non-tlh="258808" tlh="11078664" />
  <largest-consumer threadName="main" threadId="0000000002369F00" bytes="11333376" />
</allocation-stats>
<gc-op id="1202" type="mark" timems="13.912" contextid="1199" timestamp="2019-08-08T12:08:11.913">
  <trace-info objectcount="78109" scancount="65028" scanbytes="2269324" />
  <finalization candidates="80" enqueued="0" />
  <ownableSynchronizers candidates="21" cleared="0" />
  <references type="soft" candidates="1309" cleared="0" enqueued="0" dynamicThreshold="22" maxThreshold="32" />
  <references type="weak" candidates="4238" cleared="8" enqueued="7" />
  <references type="phantom" candidates="95" cleared="0" enqueued="0" />
  <stringconstants candidates="8320" cleared="0"  />
</gc-op>
<gc-op id="1203" type="classunload" timems="0.007" contextid="1199" timestamp="2019-08-08T12:08:11.913">
  <classunload-info classloadercandidates="14" classloadersunloaded="0" classesunloaded="0" anonymousclassesunloaded="0" quiescems="0.000" setupms="0.006" scanms="0.000" postms="0.001" />
</gc-op>
<gc-op id="1204" type="sweep" timems="3.797" contextid="1199" timestamp="2019-08-08T12:08:11.917" />
<mem-info id="1205" free="11156104" total="16252928" percent="68">
  <mem type="tenure" free="11156104" total="16252928" percent="68" micro-fragmented="215549">
    <mem type="soa" free="10994312" total="16091136" percent="68" />
    <mem type="loa" free="161792" total="161792" percent="100" />
  </mem>
  <pending-finalizers system="0" default="0" reference="7" classloader="0" />
</mem-info>
<gc-op id="1206" type="compact" timems="24.920" contextid="1199" timestamp="2019-08-08T12:08:11.942">
  <compact-info movecount="66255" movebytes="4294544" reason="compact to aid heap contraction" />
</gc-op>
<heap-resize id="1207" type="expand" space="tenure" amount="131072" count="1" timems="0.020" reason="satisfy allocation request" timestamp="2019-08-08T12:08:11.943" />
<gc-end id="1208" type="global" contextid="1199" durationms="43.467" usertimems="79.135" systemtimems="0.000" timestamp="2019-08-08T12:08:11.943" activeThreads="16">
  <mem-info id="1209" free="11532848" total="16384000" percent="70">
    <mem type="tenure" free="11532848" total="16384000" percent="70">
      <mem type="soa" free="11369008" total="16220160" percent="70" />
      <mem type="loa" free="163840" total="163840" percent="100" />
    </mem>
    <pending-finalizers system="0" default="0" reference="7" classloader="0" />
  </mem-info>
</gc-end>
<cycle-end id="1210" type="global" contextid="1199" timestamp="2019-08-08T12:08:11.943" />
  <attribute name="elasticGC enabled" value="1" />
  <attribute name= "numThreadsSpecified" value="16" />
  <attribute name="heapSize specified" value="16252928" />
  <attribute name="Current GC Util" value="73" />
  <attribute name= "Current Time Running" value="126432" />
  <attribute name ="GC Interval" value="0" />
  <attribute name="Target GC Util Change" value ="80.000000" />
  <attribute name="Current GC Util Change" value="73.000000"/>
  <attribute name="Current Error" value="-165.000000" />
  <attribute name="Output H" value="16328424"/>
  <attribute name="Output I" value="1720"/>
  <attribute name="Output T" value="16"/>
  <attribute name= "Current Time Running" value="126432" />
  <attribute name="GC Util currently" value="73" />
  <attribute name="CPU Util currently" value="46211037525" />
<allocation-satisfied id="1211" threadId="0000000002369F00" bytesRequested="24" />
<af-end id="1212" timestamp="2019-08-08T12:08:11.943" threadId="000000000236A888" success="true" />
<exclusive-end id="1213" timestamp="2019-08-08T12:08:11.943" durationms="43.666" />

<exclusive-start id="1214" timestamp="2019-08-08T12:08:12.047" intervalms="147.499">
  <response-info timems="0.010" idlems="0.010" threads="0" lastid="0000000002369F00" lastname="main" />
</exclusive-start>
<sys-start reason="explicit" id="1215" timestamp="2019-08-08T12:08:12.047" intervalms="126356.655" />
<cycle-start id="1216" type="global" contextid="0" timestamp="2019-08-08T12:08:12.047" intervalms="147.513" />
<gc-start id="1217" type="global" contextid="1216" timestamp="2019-08-08T12:08:12.047">
  <mem-info id="1218" free="2669552" total="16384000" percent="16">
    <mem type="tenure" free="2669552" total="16384000" percent="16">
      <mem type="soa" free="2505712" total="16220160" percent="15" />
      <mem type="loa" free="163840" total="163840" percent="100" />
    </mem>
  </mem-info>
</gc-start>
<allocation-stats totalBytes="8927096" >
  <allocated-bytes non-tlh="433728" tlh="8493368" />
  <largest-consumer threadName="main" threadId="0000000002369F00" bytes="8927096" />
</allocation-stats>
<gc-op id="1219" type="mark" timems="13.383" contextid="1216" timestamp="2019-08-08T12:08:12.060">
  <trace-info objectcount="75453" scancount="62857" scanbytes="2113524" />
  <finalization candidates="80" enqueued="0" />
  <ownableSynchronizers candidates="21" cleared="0" />
  <references type="soft" candidates="1630" cleared="0" enqueued="0" dynamicThreshold="22" maxThreshold="32" />
  <references type="weak" candidates="4512" cleared="22" enqueued="20" />
  <references type="phantom" candidates="94" cleared="0" enqueued="0" />
  <stringconstants candidates="8698" cleared="15"  />
</gc-op>
<gc-op id="1220" type="classunload" timems="0.640" contextid="1216" timestamp="2019-08-08T12:08:12.062">
  <classunload-info classloadercandidates="17" classloadersunloaded="1" classesunloaded="1" anonymousclassesunloaded="0" quiescems="0.000" setupms="0.622" scanms="0.014" postms="0.004" />
</gc-op>
<gc-op id="1221" type="sweep" timems="4.394" contextid="1216" timestamp="2019-08-08T12:08:12.067" />
<mem-info id="1222" free="11930992" total="16384000" percent="72">
  <mem type="tenure" free="11930992" total="16384000" percent="72" micro-fragmented="111657">
    <mem type="soa" free="11767152" total="16220160" percent="72" />
    <mem type="loa" free="163840" total="163840" percent="100" />
  </mem>
  <pending-finalizers system="0" default="0" reference="20" classloader="0" />
</mem-info>
<gc-op id="1223" type="compact" timems="25.433" contextid="1216" timestamp="2019-08-08T12:08:12.092">
  <compact-info movecount="72088" movebytes="4160120" reason="compact to aid heap contraction" />
</gc-op>
<heap-resize id="1224" type="expand" space="tenure" amount="131072" count="1" timems="0.020" reason="satisfy allocation request" timestamp="2019-08-08T12:08:12.093" />
<gc-end id="1225" type="global" contextid="1216" durationms="45.712" usertimems="70.201" systemtimems="0.000" timestamp="2019-08-08T12:08:12.093" activeThreads="1">
  <mem-info id="1226" free="12183336" total="16515072" percent="73">
    <mem type="tenure" free="12183336" total="16515072" percent="73">
      <mem type="soa" free="12018472" total="16350208" percent="73" />
      <mem type="loa" free="164864" total="164864" percent="100" />
    </mem>
    <pending-finalizers system="0" default="0" reference="20" classloader="0" />
  </mem-info>
</gc-end>
<cycle-end id="1227" type="global" contextid="1216" timestamp="2019-08-08T12:08:12.093" />
  <attribute name="elasticGC enabled" value="1" />
  <attribute name= "numThreadsSpecified" value="1" />
  <attribute name="heapSize specified" value="16384000" />
  <attribute name="Current GC Util" value="50" />
  <attribute name= "Current Time Running" value="126582" />
  <attribute name ="GC Interval" value="0" />
  <attribute name="Target GC Util Change" value ="80.000000" />
  <attribute name="Current GC Util Change" value="50.000000"/>
  <attribute name="Current Error" value="-20.000000" />
  <attribute name="Output H" value="16459664"/>
  <attribute name="Output I" value="1976"/>
  <attribute name="Output T" value="1"/>
  <attribute name= "Current Time Running" value="126582" />
  <attribute name="GC Util currently" value="50" />
  <attribute name="CPU Util currently" value="45268781383" />
<sys-end id="1228" timestamp="2019-08-08T12:08:12.093" />
<exclusive-end id="1229" timestamp="2019-08-08T12:08:12.093" durationms="45.937" />

===== DaCapo 9.12-MR1 jython starting =====
<concurrent-kickoff id="1230" timestamp="2019-08-08T12:08:12.154">
  <kickoff reason="threshold reached" targetBytes="2695178" thresholdFreeBytes="364373" remainingFree="362120" tenureFreeBytes="362120" />
</concurrent-kickoff>
<exclusive-start id="1231" timestamp="2019-08-08T12:08:12.154" intervalms="107.656">
  <response-info timems="0.042" idlems="0.042" threads="0" lastid="0000000002369F00" lastname="main" />
</exclusive-start>
<cycle-start id="1232" type="global" contextid="0" timestamp="2019-08-08T12:08:12.154" intervalms="107.575" />
<exclusive-end id="1233" timestamp="2019-08-08T12:08:12.154" durationms="0.024" />

<exclusive-start id="1234" timestamp="2019-08-08T12:08:12.158" intervalms="3.297">
  <response-info timems="0.012" idlems="0.012" threads="0" lastid="0000000002369F00" lastname="main" />
</exclusive-start>
<af-start id="1235" threadId="000000000236A888" totalBytesRequested="40" timestamp="2019-08-08T12:08:12.158" intervalms="258.466" />
<concurrent-aborted id="1236" timestamp="2019-08-08T12:08:12.158">
  <reason value="insufficient progress made" />
</concurrent-aborted>
<cycle-end id="1237" type="global" contextid="1232" timestamp="2019-08-08T12:08:12.158" />
  <attribute name="elasticGC enabled" value="1" />
  <attribute name= "numThreadsSpecified" value="1" />
  <attribute name="heapSize specified" value="16384000" />
  <attribute name="Current GC Util" value="50" />
  <attribute name= "Current Time Running" value="126582" />
  <attribute name ="GC Interval" value="0" />
  <attribute name="Target GC Util Change" value ="80.000000" />
  <attribute name="Current GC Util Change" value="50.000000"/>
  <attribute name="Current Error" value="-20.000000" />
  <attribute name="Output H" value="16459664"/>
  <attribute name="Output I" value="1976"/>
  <attribute name="Output T" value="1"/>
  <attribute name= "Current Time Running" value="126582" />
  <attribute name="GC Util currently" value="50" />
  <attribute name="CPU Util currently" value="45268781383" />
<cycle-start id="1238" type="global" contextid="0" timestamp="2019-08-08T12:08:12.158" intervalms="3.410" />
<gc-start id="1239" type="global" contextid="1238" timestamp="2019-08-08T12:08:12.158">
  <mem-info id="1240" free="164864" total="16515072" percent="0">
    <mem type="tenure" free="164864" total="16515072" percent="0">
      <mem type="soa" free="0" total="16350208" percent="0" />
      <mem type="loa" free="164864" total="164864" percent="100" />
    </mem>
  </mem-info>
</gc-start>
<allocation-stats totalBytes="12016816" >
  <allocated-bytes non-tlh="528544" tlh="11488272" />
  <largest-consumer threadName="main" threadId="0000000002369F00" bytes="12008568" />
</allocation-stats>
<gc-op id="1241" type="mark" timems="8.085" contextid="1238" timestamp="2019-08-08T12:08:12.166">
  <trace-info objectcount="98034" scancount="83096" scanbytes="2969832" />
  <finalization candidates="80" enqueued="0" />
  <ownableSynchronizers candidates="21" cleared="0" />
  <references type="soft" candidates="1632" cleared="0" enqueued="0" dynamicThreshold="23" maxThreshold="32" />
  <references type="weak" candidates="4495" cleared="4" enqueued="4" />
  <references type="phantom" candidates="99" cleared="2" enqueued="2" />
  <stringconstants candidates="8697" cleared="0"  />
</gc-op>
<gc-op id="1242" type="sweep" timems="2.179" contextid="1238" timestamp="2019-08-08T12:08:12.168" />
<mem-info id="1243" free="10393464" total="16515072" percent="62">
  <mem type="tenure" free="10393464" total="16515072" percent="62" micro-fragmented="257707">
    <mem type="soa" free="10228600" total="16350208" percent="62" />
    <mem type="loa" free="164864" total="164864" percent="100" />
  </mem>
  <pending-finalizers system="0" default="0" reference="6" classloader="0" />
</mem-info>
<gc-op id="1244" type="compact" timems="20.758" contextid="1238" timestamp="2019-08-08T12:08:12.189">
  <compact-info movecount="66901" movebytes="3613472" reason="compact to aid heap contraction" />
</gc-op>
<heap-resize id="1245" type="expand" space="tenure" amount="131072" count="1" timems="0.021" reason="satisfy allocation request" timestamp="2019-08-08T12:08:12.190" />
<gc-end id="1246" type="global" contextid="1238" durationms="31.767" usertimems="56.978" systemtimems="0.000" timestamp="2019-08-08T12:08:12.190" activeThreads="8">
  <mem-info id="1247" free="10995456" total="16646144" percent="66">
    <mem type="tenure" free="10995456" total="16646144" percent="66">
      <mem type="soa" free="10829568" total="16480256" percent="65" />
      <mem type="loa" free="165888" total="165888" percent="100" />
    </mem>
    <pending-finalizers system="0" default="0" reference="6" classloader="0" />
  </mem-info>
</gc-end>
<cycle-end id="1248" type="global" contextid="1238" timestamp="2019-08-08T12:08:12.190" />
  <attribute name="elasticGC enabled" value="1" />
  <attribute name= "numThreadsSpecified" value="8" />
  <attribute name="heapSize specified" value="16515072" />
  <attribute name="Current GC Util" value="56" />
  <attribute name= "Current Time Running" value="126679" />
  <attribute name ="GC Interval" value="0" />
  <attribute name="Target GC Util Change" value ="80.000000" />
  <attribute name="Current GC Util Change" value="56.000000"/>
  <attribute name="Current Error" value="-14.000000" />
  <attribute name="Output H" value="16590736"/>
  <attribute name="Output I" value="1984"/>
  <attribute name="Output T" value="8"/>
  <attribute name= "Current Time Running" value="126679" />
  <attribute name="GC Util currently" value="56" />
  <attribute name="CPU Util currently" value="55465903695" />
<allocation-satisfied id="1249" threadId="0000000002369F00" bytesRequested="40" />
<af-end id="1250" timestamp="2019-08-08T12:08:12.190" threadId="000000000236A888" success="true" />
<exclusive-end id="1251" timestamp="2019-08-08T12:08:12.190" durationms="31.999" />

<concurrent-kickoff id="1252" timestamp="2019-08-08T12:08:12.447">
  <kickoff reason="threshold reached" targetBytes="2716568" thresholdFreeBytes="367265" remainingFree="267416" tenureFreeBytes="267416" />
</concurrent-kickoff>
<exclusive-start id="1253" timestamp="2019-08-08T12:08:12.448" intervalms="289.880">
  <response-info timems="0.023" idlems="0.023" threads="0" lastid="0000000002369F00" lastname="main" />
</exclusive-start>
<cycle-start id="1254" type="global" contextid="0" timestamp="2019-08-08T12:08:12.448" intervalms="289.761" />
<exclusive-end id="1255" timestamp="2019-08-08T12:08:12.448" durationms="0.020" />

<exclusive-start id="1256" timestamp="2019-08-08T12:08:12.449" intervalms="1.737">
  <response-info timems="0.057" idlems="0.057" threads="0" lastid="0000000002369F00" lastname="main" />
</exclusive-start>
<af-start id="1257" threadId="000000000236A888" totalBytesRequested="48" timestamp="2019-08-08T12:08:12.449" intervalms="291.630" />
<concurrent-aborted id="1258" timestamp="2019-08-08T12:08:12.449">
  <reason value="insufficient progress made" />
</concurrent-aborted>
<cycle-end id="1259" type="global" contextid="1254" timestamp="2019-08-08T12:08:12.449" />
  <attribute name="elasticGC enabled" value="1" />
  <attribute name= "numThreadsSpecified" value="8" />
  <attribute name="heapSize specified" value="16515072" />
  <attribute name="Current GC Util" value="56" />
  <attribute name= "Current Time Running" value="126679" />
  <attribute name ="GC Interval" value="0" />
  <attribute name="Target GC Util Change" value ="80.000000" />
  <attribute name="Current GC Util Change" value="56.000000"/>
  <attribute name="Current Error" value="-14.000000" />
  <attribute name="Output H" value="16590736"/>
  <attribute name="Output I" value="1984"/>
  <attribute name="Output T" value="8"/>
  <attribute name= "Current Time Running" value="126679" />
  <attribute name="GC Util currently" value="56" />
  <attribute name="CPU Util currently" value="55465903695" />
<cycle-start id="1260" type="global" contextid="0" timestamp="2019-08-08T12:08:12.449" intervalms="1.830" />
<gc-start id="1261" type="global" contextid="1260" timestamp="2019-08-08T12:08:12.449">
  <mem-info id="1262" free="165888" total="16646144" percent="0">
    <mem type="tenure" free="165888" total="16646144" percent="0">
      <mem type="soa" free="0" total="16480256" percent="0" />
      <mem type="loa" free="165888" total="165888" percent="100" />
    </mem>
  </mem-info>
</gc-start>
<allocation-stats totalBytes="10893176" >
  <allocated-bytes non-tlh="340584" tlh="10552592" />
  <largest-consumer threadName="main" threadId="0000000002369F00" bytes="10893176" />
</allocation-stats>
<gc-op id="1263" type="mark" timems="8.610" contextid="1260" timestamp="2019-08-08T12:08:12.458">
  <trace-info objectcount="100110" scancount="82862" scanbytes="2804936" />
  <finalization candidates="80" enqueued="0" />
  <ownableSynchronizers candidates="21" cleared="0" />
  <references type="soft" candidates="1689" cleared="0" enqueued="0" dynamicThreshold="21" maxThreshold="32" />
  <references type="weak" candidates="4612" cleared="17" enqueued="14" />
  <references type="phantom" candidates="96" cleared="0" enqueued="0" />
  <stringconstants candidates="10905" cleared="0"  />
</gc-op>
<gc-op id="1264" type="sweep" timems="3.463" contextid="1260" timestamp="2019-08-08T12:08:12.462" />
<mem-info id="1265" free="10705816" total="16646144" percent="64">
  <mem type="tenure" free="10705816" total="16646144" percent="64" micro-fragmented="328223">
    <mem type="soa" free="10539928" total="16480256" percent="63" />
    <mem type="loa" free="165888" total="165888" percent="100" />
  </mem>
  <pending-finalizers system="0" default="0" reference="14" classloader="0" />
</mem-info>
<gc-op id="1266" type="compact" timems="27.919" contextid="1260" timestamp="2019-08-08T12:08:12.490">
  <compact-info movecount="69228" movebytes="3464680" reason="compact to aid heap contraction" />
</gc-op>
<heap-resize id="1267" type="expand" space="tenure" amount="131072" count="1" timems="0.019" reason="satisfy allocation request" timestamp="2019-08-08T12:08:12.491" />
<gc-end id="1268" type="global" contextid="1260" durationms="41.158" usertimems="67.437" systemtimems="0.000" timestamp="2019-08-08T12:08:12.491" activeThreads="16">
  <mem-info id="1269" free="11286792" total="16777216" percent="67">
    <mem type="tenure" free="11286792" total="16777216" percent="67">
      <mem type="soa" free="11119880" total="16610304" percent="66" />
      <mem type="loa" free="166912" total="166912" percent="100" />
    </mem>
    <pending-finalizers system="0" default="0" reference="14" classloader="0" />
  </mem-info>
</gc-end>
<cycle-end id="1270" type="global" contextid="1260" timestamp="2019-08-08T12:08:12.491" />
  <attribute name="elasticGC enabled" value="1" />
  <attribute name= "numThreadsSpecified" value="16" />
  <attribute name="heapSize specified" value="16646144" />
  <attribute name="Current GC Util" value="67" />
  <attribute name= "Current Time Running" value="126980" />
  <attribute name ="GC Interval" value="0" />
  <attribute name="Target GC Util Change" value ="80.000000" />
  <attribute name="Current GC Util Change" value="67.000000"/>
  <attribute name="Current Error" value="43.000000" />
  <attribute name="Output H" value="16721880"/>
  <attribute name="Output I" value="2088"/>
  <attribute name="Output T" value="16"/>
  <attribute name= "Current Time Running" value="126980" />
  <attribute name="GC Util currently" value="67" />
  <attribute name="CPU Util currently" value="41254266804" />
<allocation-satisfied id="1271" threadId="0000000002369F00" bytesRequested="48" />
<af-end id="1272" timestamp="2019-08-08T12:08:12.491" threadId="000000000236A888" success="true" />
<exclusive-end id="1273" timestamp="2019-08-08T12:08:12.491" durationms="41.690" />

<concurrent-kickoff id="1274" timestamp="2019-08-08T12:08:12.583">
  <kickoff reason="threshold reached" targetBytes="2737958" thresholdFreeBytes="370157" remainingFree="322744" tenureFreeBytes="322744" />
</concurrent-kickoff>
<exclusive-start id="1275" timestamp="2019-08-08T12:08:12.583" intervalms="133.584">
  <response-info timems="0.073" idlems="0.073" threads="0" lastid="0000000002369F00" lastname="main" />
</exclusive-start>
<cycle-start id="1276" type="global" contextid="0" timestamp="2019-08-08T12:08:12.583" intervalms="133.507" />
<exclusive-end id="1277" timestamp="2019-08-08T12:08:12.583" durationms="0.036" />

<exclusive-start id="1278" timestamp="2019-08-08T12:08:12.585" intervalms="1.772">
  <response-info timems="0.054" idlems="0.054" threads="0" lastid="0000000002369F00" lastname="main" />
</exclusive-start>
<af-start id="1279" threadId="000000000236A888" totalBytesRequested="32" timestamp="2019-08-08T12:08:12.585" intervalms="135.350" />
<concurrent-aborted id="1280" timestamp="2019-08-08T12:08:12.585">
  <reason value="insufficient progress made" />
</concurrent-aborted>
<cycle-end id="1281" type="global" contextid="1276" timestamp="2019-08-08T12:08:12.585" />
  <attribute name="elasticGC enabled" value="1" />
  <attribute name= "numThreadsSpecified" value="16" />
  <attribute name="heapSize specified" value="16646144" />
  <attribute name="Current GC Util" value="67" />
  <attribute name= "Current Time Running" value="126980" />
  <attribute name ="GC Interval" value="0" />
  <attribute name="Target GC Util Change" value ="80.000000" />
  <attribute name="Current GC Util Change" value="67.000000"/>
  <attribute name="Current Error" value="43.000000" />
  <attribute name="Output H" value="16721880"/>
  <attribute name="Output I" value="2088"/>
  <attribute name="Output T" value="16"/>
  <attribute name= "Current Time Running" value="126980" />
  <attribute name="GC Util currently" value="67" />
  <attribute name="CPU Util currently" value="41254266804" />
<cycle-start id="1282" type="global" contextid="0" timestamp="2019-08-08T12:08:12.585" intervalms="1.985" />
<gc-start id="1283" type="global" contextid="1282" timestamp="2019-08-08T12:08:12.585">
  <mem-info id="1284" free="166912" total="16777216" percent="0">
    <mem type="tenure" free="166912" total="16777216" percent="0">
      <mem type="soa" free="0" total="16610304" percent="0" />
      <mem type="loa" free="166912" total="166912" percent="100" />
    </mem>
  </mem-info>
</gc-start>
<allocation-stats totalBytes="11182424" >
  <allocated-bytes non-tlh="437328" tlh="10745096" />
  <largest-consumer threadName="main" threadId="0000000002369F00" bytes="11182424" />
</allocation-stats>
<gc-op id="1285" type="mark" timems="12.147" contextid="1282" timestamp="2019-08-08T12:08:12.597">
  <trace-info objectcount="97584" scancount="80541" scanbytes="2758376" />
  <finalization candidates="80" enqueued="0" />
  <ownableSynchronizers candidates="21" cleared="0" />
  <references type="soft" candidates="1722" cleared="0" enqueued="0" dynamicThreshold="21" maxThreshold="32" />
  <references type="weak" candidates="4623" cleared="2" enqueued="2" />
  <references type="phantom" candidates="97" cleared="0" enqueued="0" />
  <stringconstants candidates="11076" cleared="0"  />
</gc-op>
<gc-op id="1286" type="sweep" timems="3.072" contextid="1282" timestamp="2019-08-08T12:08:12.600" />
<mem-info id="1287" free="11026752" total="16777216" percent="65">
  <mem type="tenure" free="11026752" total="16777216" percent="65" micro-fragmented="113168">
    <mem type="soa" free="10859840" total="16610304" percent="65" />
    <mem type="loa" free="166912" total="166912" percent="100" />
  </mem>
  <pending-finalizers system="0" default="0" reference="2" classloader="0" />
</mem-info>
<gc-op id="1288" type="compact" timems="30.015" contextid="1282" timestamp="2019-08-08T12:08:12.630">
  <compact-info movecount="74195" movebytes="3886160" reason="compact to aid heap contraction" />
</gc-op>
<heap-resize id="1289" type="expand" space="tenure" amount="131072" count="1" timems="0.021" reason="satisfy allocation request" timestamp="2019-08-08T12:08:12.632" />
<gc-end id="1290" type="global" contextid="1282" durationms="46.985" usertimems="90.924" systemtimems="0.000" timestamp="2019-08-08T12:08:12.632" activeThreads="16">
  <mem-info id="1291" free="11256688" total="16908288" percent="66">
    <mem type="tenure" free="11256688" total="16908288" percent="66">
      <mem type="soa" free="11087728" total="16739328" percent="66" />
      <mem type="loa" free="168960" total="168960" percent="100" />
    </mem>
    <pending-finalizers system="0" default="0" reference="2" classloader="0" />
  </mem-info>
</gc-end>
<cycle-end id="1292" type="global" contextid="1282" timestamp="2019-08-08T12:08:12.632" />
  <attribute name="elasticGC enabled" value="1" />
  <attribute name= "numThreadsSpecified" value="16" />
  <attribute name="heapSize specified" value="16777216" />
  <attribute name="Current GC Util" value="60" />
  <attribute name= "Current Time Running" value="127120" />
  <attribute name ="GC Interval" value="0" />
  <attribute name="Target GC Util Change" value ="80.000000" />
  <attribute name="Current GC Util Change" value="60.000000"/>
  <attribute name="Current Error" value="20.000000" />
  <attribute name="Output H" value="16852920"/>
  <attribute name="Output I" value="2048"/>
  <attribute name="Output T" value="16"/>
  <attribute name= "Current Time Running" value="127120" />
  <attribute name="GC Util currently" value="60" />
  <attribute name="CPU Util currently" value="38356898285" />
<allocation-satisfied id="1293" threadId="0000000002369F00" bytesRequested="32" />
<af-end id="1294" timestamp="2019-08-08T12:08:12.632" threadId="000000000236A888" success="true" />
<exclusive-end id="1295" timestamp="2019-08-08T12:08:12.632" durationms="47.355" />

<concurrent-kickoff id="1296" timestamp="2019-08-08T12:08:12.669">
  <kickoff reason="threshold reached" targetBytes="2759348" thresholdFreeBytes="373049" remainingFree="340848" tenureFreeBytes="340848" />
</concurrent-kickoff>
<exclusive-start id="1297" timestamp="2019-08-08T12:08:12.670" intervalms="84.897">
  <response-info timems="0.046" idlems="0.046" threads="0" lastid="0000000002369F00" lastname="main" />
</exclusive-start>
<cycle-start id="1298" type="global" contextid="0" timestamp="2019-08-08T12:08:12.670" intervalms="84.671" />
<exclusive-end id="1299" timestamp="2019-08-08T12:08:12.670" durationms="0.021" />

<exclusive-start id="1300" timestamp="2019-08-08T12:08:12.674" intervalms="4.894">
  <response-info timems="0.089" idlems="0.089" threads="0" lastid="0000000002369F00" lastname="main" />
</exclusive-start>
<af-start id="1301" threadId="000000000236A888" totalBytesRequested="56" timestamp="2019-08-08T12:08:12.675" intervalms="89.807" />
<concurrent-aborted id="1302" timestamp="2019-08-08T12:08:12.675">
  <reason value="insufficient progress made" />
</concurrent-aborted>
<cycle-end id="1303" type="global" contextid="1298" timestamp="2019-08-08T12:08:12.675" />
  <attribute name="elasticGC enabled" value="1" />
  <attribute name= "numThreadsSpecified" value="16" />
  <attribute name="heapSize specified" value="16777216" />
  <attribute name="Current GC Util" value="60" />
  <attribute name= "Current Time Running" value="127120" />
  <attribute name ="GC Interval" value="0" />
  <attribute name="Target GC Util Change" value ="80.000000" />
  <attribute name="Current GC Util Change" value="60.000000"/>
  <attribute name="Current Error" value="20.000000" />
  <attribute name="Output H" value="16852920"/>
  <attribute name="Output I" value="2048"/>
  <attribute name="Output T" value="16"/>
  <attribute name= "Current Time Running" value="127120" />
  <attribute name="GC Util currently" value="60" />
  <attribute name="CPU Util currently" value="38356898285" />
<cycle-start id="1304" type="global" contextid="0" timestamp="2019-08-08T12:08:12.675" intervalms="4.993" />
<gc-start id="1305" type="global" contextid="1304" timestamp="2019-08-08T12:08:12.675">
  <mem-info id="1306" free="168960" total="16908288" percent="0">
    <mem type="tenure" free="168960" total="16908288" percent="0">
      <mem type="soa" free="0" total="16739328" percent="0" />
      <mem type="loa" free="168960" total="168960" percent="100" />
    </mem>
  </mem-info>
</gc-start>
<allocation-stats totalBytes="11152008" >
  <allocated-bytes non-tlh="0" tlh="11152008" />
  <largest-consumer threadName="main" threadId="0000000002369F00" bytes="11147912" />
</allocation-stats>
<gc-op id="1307" type="mark" timems="13.258" contextid="1304" timestamp="2019-08-08T12:08:12.688">
  <trace-info objectcount="103745" scancount="86681" scanbytes="2919688" />
  <finalization candidates="80" enqueued="0" />
  <ownableSynchronizers candidates="21" cleared="0" />
  <references type="soft" candidates="1722" cleared="0" enqueued="0" dynamicThreshold="21" maxThreshold="32" />
  <references type="weak" candidates="4619" cleared="0" enqueued="0" />
  <references type="phantom" candidates="96" cleared="0" enqueued="0" />
  <stringconstants candidates="11076" cleared="0"  />
</gc-op>
<gc-op id="1308" type="sweep" timems="2.486" contextid="1304" timestamp="2019-08-08T12:08:12.690" />
<mem-info id="1309" free="11015928" total="16908288" percent="65">
  <mem type="tenure" free="11015928" total="16908288" percent="65" micro-fragmented="191988">
    <mem type="soa" free="10846968" total="16739328" percent="64" />
    <mem type="loa" free="168960" total="168960" percent="100" />
  </mem>
</mem-info>
<gc-op id="1310" type="compact" timems="13.550" contextid="1304" timestamp="2019-08-08T12:08:12.704">
  <compact-info movecount="15450" movebytes="684408" reason="compact to aid heap contraction" />
</gc-op>
<heap-resize id="1311" type="expand" space="tenure" amount="131072" count="1" timems="0.019" reason="satisfy allocation request" timestamp="2019-08-08T12:08:12.705" />
<gc-end id="1312" type="global" contextid="1304" durationms="30.055" usertimems="57.136" systemtimems="0.000" timestamp="2019-08-08T12:08:12.705" activeThreads="16">
  <mem-info id="1313" free="11476784" total="17039360" percent="67">
    <mem type="tenure" free="11476784" total="17039360" percent="67">
      <mem type="soa" free="11306800" total="16869376" percent="67" />
      <mem type="loa" free="169984" total="169984" percent="100" />
    </mem>
  </mem-info>
</gc-end>
<cycle-end id="1314" type="global" contextid="1304" timestamp="2019-08-08T12:08:12.705" />
  <attribute name="elasticGC enabled" value="1" />
  <attribute name= "numThreadsSpecified" value="16" />
  <attribute name="heapSize specified" value="16908288" />
  <attribute name="Current GC Util" value="117" />
  <attribute name= "Current Time Running" value="127194" />
  <attribute name ="GC Interval" value="0" />
  <attribute name="Target GC Util Change" value ="80.000000" />
  <attribute name="Current GC Util Change" value="117.000000"/>
  <attribute name="Current Error" value="-93.000000" />
  <attribute name="Output H" value="16983864"/>
  <attribute name="Output I" value="1848"/>
  <attribute name="Output T" value="16"/>
  <attribute name= "Current Time Running" value="127194" />
  <attribute name="GC Util currently" value="117" />
  <attribute name="CPU Util currently" value="84879944378" />
<allocation-satisfied id="1315" threadId="0000000002369F00" bytesRequested="56" />
<af-end id="1316" timestamp="2019-08-08T12:08:12.705" threadId="000000000236A888" success="true" />
<exclusive-end id="1317" timestamp="2019-08-08T12:08:12.705" durationms="30.383" />

<concurrent-kickoff id="1318" timestamp="2019-08-08T12:08:12.788">
  <kickoff reason="threshold reached" targetBytes="2780740" thresholdFreeBytes="375942" remainingFree="279040" tenureFreeBytes="279040" />
</concurrent-kickoff>
<exclusive-start id="1319" timestamp="2019-08-08T12:08:12.788" intervalms="113.822">
  <response-info timems="0.050" idlems="0.050" threads="0" lastid="0000000002369F00" lastname="main" />
</exclusive-start>
<cycle-start id="1320" type="global" contextid="0" timestamp="2019-08-08T12:08:12.788" intervalms="113.717" />
<exclusive-end id="1321" timestamp="2019-08-08T12:08:12.788" durationms="0.013" />

<exclusive-start id="1322" timestamp="2019-08-08T12:08:12.790" intervalms="1.206">
  <response-info timems="0.048" idlems="0.048" threads="0" lastid="0000000002369F00" lastname="main" />
</exclusive-start>
<af-start id="1323" threadId="000000000236A888" totalBytesRequested="32" timestamp="2019-08-08T12:08:12.790" intervalms="115.003" />
<concurrent-aborted id="1324" timestamp="2019-08-08T12:08:12.790">
  <reason value="insufficient progress made" />
</concurrent-aborted>
<cycle-end id="1325" type="global" contextid="1320" timestamp="2019-08-08T12:08:12.790" />
  <attribute name="elasticGC enabled" value="1" />
  <attribute name= "numThreadsSpecified" value="16" />
  <attribute name="heapSize specified" value="16908288" />
  <attribute name="Current GC Util" value="117" />
  <attribute name= "Current Time Running" value="127194" />
  <attribute name ="GC Interval" value="0" />
  <attribute name="Target GC Util Change" value ="80.000000" />
  <attribute name="Current GC Util Change" value="117.000000"/>
  <attribute name="Current Error" value="-93.000000" />
  <attribute name="Output H" value="16983864"/>
  <attribute name="Output I" value="1848"/>
  <attribute name="Output T" value="16"/>
  <attribute name= "Current Time Running" value="127194" />
  <attribute name="GC Util currently" value="117" />
  <attribute name="CPU Util currently" value="84879944378" />
<cycle-start id="1326" type="global" contextid="0" timestamp="2019-08-08T12:08:12.790" intervalms="1.278" />
<gc-start id="1327" type="global" contextid="1326" timestamp="2019-08-08T12:08:12.790">
  <mem-info id="1328" free="169984" total="17039360" percent="0">
    <mem type="tenure" free="169984" total="17039360" percent="0">
      <mem type="soa" free="0" total="16869376" percent="0" />
      <mem type="loa" free="169984" total="169984" percent="100" />
    </mem>
  </mem-info>
</gc-start>
<allocation-stats totalBytes="11370328" >
  <allocated-bytes non-tlh="417072" tlh="10953256" />
  <largest-consumer threadName="main" threadId="0000000002369F00" bytes="11370328" />
</allocation-stats>
<gc-op id="1329" type="mark" timems="10.679" contextid="1326" timestamp="2019-08-08T12:08:12.800">
  <trace-info objectcount="101521" scancount="84033" scanbytes="2923980" />
  <finalization candidates="80" enqueued="0" />
  <ownableSynchronizers candidates="21" cleared="0" />
  <references type="soft" candidates="1733" cleared="0" enqueued="0" dynamicThreshold="21" maxThreshold="32" />
  <references type="weak" candidates="4808" cleared="0" enqueued="0" />
  <references type="phantom" candidates="97" cleared="0" enqueued="0" />
  <stringconstants candidates="11326" cleared="0"  />
</gc-op>
<gc-op id="1330" type="sweep" timems="3.112" contextid="1326" timestamp="2019-08-08T12:08:12.803" />
<mem-info id="1331" free="11049224" total="17039360" percent="64">
  <mem type="tenure" free="11049224" total="17039360" percent="64" micro-fragmented="122962">
    <mem type="soa" free="10879240" total="16869376" percent="64" />
    <mem type="loa" free="169984" total="169984" percent="100" />
  </mem>
</mem-info>
<gc-op id="1332" type="compact" timems="20.784" contextid="1326" timestamp="2019-08-08T12:08:12.824">
  <compact-info movecount="58053" movebytes="3253936" reason="compact to aid heap contraction" />
</gc-op>
<heap-resize id="1333" type="expand" space="tenure" amount="131072" count="1" timems="0.022" reason="satisfy allocation request" timestamp="2019-08-08T12:08:12.825" />
<gc-end id="1334" type="global" contextid="1326" durationms="35.708" usertimems="78.678" systemtimems="0.000" timestamp="2019-08-08T12:08:12.825" activeThreads="16">
  <mem-info id="1335" free="11331496" total="17170432" percent="65">
    <mem type="tenure" free="11331496" total="17170432" percent="65">
      <mem type="soa" free="11160488" total="16999424" percent="65" />
      <mem type="loa" free="171008" total="171008" percent="100" />
    </mem>
  </mem-info>
</gc-end>
<cycle-end id="1336" type="global" contextid="1326" timestamp="2019-08-08T12:08:12.825" />
  <attribute name="elasticGC enabled" value="1" />
  <attribute name= "numThreadsSpecified" value="16" />
  <attribute name="heapSize specified" value="17039360" />
  <attribute name="Current GC Util" value="81" />
  <attribute name= "Current Time Running" value="127314" />
  <attribute name ="GC Interval" value="0" />
  <attribute name="Target GC Util Change" value ="80.000000" />
  <attribute name="Current GC Util Change" value="81.000000"/>
  <attribute name="Current Error" value="-101.000000" />
  <attribute name="Output H" value="17114928"/>
  <attribute name="Output I" value="1832"/>
  <attribute name="Output T" value="16"/>
  <attribute name= "Current Time Running" value="127314" />
  <attribute name="GC Util currently" value="81" />
  <attribute name="CPU Util currently" value="55338056626" />
<allocation-satisfied id="1337" threadId="0000000002369F00" bytesRequested="32" />
<af-end id="1338" timestamp="2019-08-08T12:08:12.825" threadId="000000000236A888" success="true" />
<exclusive-end id="1339" timestamp="2019-08-08T12:08:12.825" durationms="35.913" />

<concurrent-kickoff id="1340" timestamp="2019-08-08T12:08:12.861">
  <kickoff reason="threshold reached" targetBytes="2802130" thresholdFreeBytes="378833" remainingFree="288680" tenureFreeBytes="288680" />
</concurrent-kickoff>
<exclusive-start id="1341" timestamp="2019-08-08T12:08:12.861" intervalms="71.978">
  <response-info timems="0.056" idlems="0.056" threads="0" lastid="0000000002369F00" lastname="main" />
</exclusive-start>
<cycle-start id="1342" type="global" contextid="0" timestamp="2019-08-08T12:08:12.861" intervalms="71.911" />
<exclusive-end id="1343" timestamp="2019-08-08T12:08:12.862" durationms="0.023" />

<exclusive-start id="1344" timestamp="2019-08-08T12:08:12.863" intervalms="1.140">
  <response-info timems="0.039" idlems="0.039" threads="0" lastid="0000000002369F00" lastname="main" />
</exclusive-start>
<af-start id="1345" threadId="000000000236A888" totalBytesRequested="32" timestamp="2019-08-08T12:08:12.863" intervalms="73.115" />
<concurrent-aborted id="1346" timestamp="2019-08-08T12:08:12.863">
  <reason value="insufficient progress made" />
</concurrent-aborted>
<cycle-end id="1347" type="global" contextid="1342" timestamp="2019-08-08T12:08:12.863" />
  <attribute name="elasticGC enabled" value="1" />
  <attribute name= "numThreadsSpecified" value="16" />
  <attribute name="heapSize specified" value="17039360" />
  <attribute name="Current GC Util" value="81" />
  <attribute name= "Current Time Running" value="127314" />
  <attribute name ="GC Interval" value="0" />
  <attribute name="Target GC Util Change" value ="80.000000" />
  <attribute name="Current GC Util Change" value="81.000000"/>
  <attribute name="Current Error" value="-101.000000" />
  <attribute name="Output H" value="17114928"/>
  <attribute name="Output I" value="1832"/>
  <attribute name="Output T" value="16"/>
  <attribute name= "Current Time Running" value="127314" />
  <attribute name="GC Util currently" value="81" />
  <attribute name="CPU Util currently" value="55338056626" />
<cycle-start id="1348" type="global" contextid="0" timestamp="2019-08-08T12:08:12.863" intervalms="1.216" />
<gc-start id="1349" type="global" contextid="1348" timestamp="2019-08-08T12:08:12.863">
  <mem-info id="1350" free="171008" total="17170432" percent="0">
    <mem type="tenure" free="171008" total="17170432" percent="0">
      <mem type="soa" free="0" total="16999424" percent="0" />
      <mem type="loa" free="171008" total="171008" percent="100" />
    </mem>
  </mem-info>
</gc-start>
<allocation-stats totalBytes="11224784" >
  <allocated-bytes non-tlh="0" tlh="11224784" />
  <largest-consumer threadName="main" threadId="0000000002369F00" bytes="11224784" />
</allocation-stats>
<gc-op id="1351" type="mark" timems="5.656" contextid="1348" timestamp="2019-08-08T12:08:12.869">
  <trace-info objectcount="117865" scancount="98607" scanbytes="3479428" />
  <finalization candidates="80" enqueued="0" />
  <ownableSynchronizers candidates="21" cleared="0" />
  <references type="soft" candidates="1733" cleared="0" enqueued="0" dynamicThreshold="21" maxThreshold="32" />
  <references type="weak" candidates="4808" cleared="0" enqueued="0" />
  <references type="phantom" candidates="97" cleared="0" enqueued="0" />
  <stringconstants candidates="11326" cleared="0"  />
</gc-op>
<gc-op id="1352" type="sweep" timems="1.676" contextid="1348" timestamp="2019-08-08T12:08:12.871" />
<mem-info id="1353" free="10420824" total="17170432" percent="60">
  <mem type="tenure" free="10420824" total="17170432" percent="60" micro-fragmented="122855">
    <mem type="soa" free="10249816" total="16999424" percent="60" />
    <mem type="loa" free="171008" total="171008" percent="100" />
  </mem>
</mem-info>
<gc-op id="1354" type="compact" timems="11.064" contextid="1348" timestamp="2019-08-08T12:08:12.882">
  <compact-info movecount="17508" movebytes="635760" reason="compact to aid heap contraction" />
</gc-op>
<heap-resize id="1355" type="expand" space="tenure" amount="131072" count="1" timems="0.022" reason="satisfy allocation request" timestamp="2019-08-08T12:08:12.883" />
<gc-end id="1356" type="global" contextid="1348" durationms="20.504" usertimems="47.632" systemtimems="0.000" timestamp="2019-08-08T12:08:12.883" activeThreads="16">
  <mem-info id="1357" free="10868352" total="17301504" percent="62">
    <mem type="tenure" free="10868352" total="17301504" percent="62">
      <mem type="soa" free="10696320" total="17129472" percent="62" />
      <mem type="loa" free="172032" total="172032" percent="100" />
    </mem>
  </mem-info>
</gc-end>
<cycle-end id="1358" type="global" contextid="1348" timestamp="2019-08-08T12:08:12.883" />
  <attribute name="elasticGC enabled" value="1" />
  <attribute name= "numThreadsSpecified" value="16" />
  <attribute name="heapSize specified" value="17170432" />
  <attribute name="Current GC Util" value="91" />
  <attribute name= "Current Time Running" value="127372" />
  <attribute name ="GC Interval" value="0" />
  <attribute name="Target GC Util Change" value ="80.000000" />
  <attribute name="Current GC Util Change" value="91.000000"/>
  <attribute name="Current Error" value="-334.000000" />
  <attribute name="Output H" value="17245728"/>
  <attribute name="Output I" value="1416"/>
  <attribute name="Output T" value="16"/>
  <attribute name= "Current Time Running" value="127372" />
  <attribute name="GC Util currently" value="91" />
  <attribute name="CPU Util currently" value="103580740086" />
<allocation-satisfied id="1359" threadId="0000000002369F00" bytesRequested="32" />
<af-end id="1360" timestamp="2019-08-08T12:08:12.883" threadId="000000000236A888" success="true" />
<exclusive-end id="1361" timestamp="2019-08-08T12:08:12.883" durationms="20.704" />

<concurrent-kickoff id="1362" timestamp="2019-08-08T12:08:12.994">
  <kickoff reason="threshold reached" targetBytes="2823520" thresholdFreeBytes="381725" remainingFree="183888" tenureFreeBytes="183888" />
</concurrent-kickoff>
<exclusive-start id="1363" timestamp="2019-08-08T12:08:12.994" intervalms="131.330">
  <response-info timems="0.290" idlems="0.290" threads="0" lastid="0000000002369F00" lastname="main" />
</exclusive-start>
<cycle-start id="1364" type="global" contextid="0" timestamp="2019-08-08T12:08:12.994" intervalms="131.255" />
<exclusive-end id="1365" timestamp="2019-08-08T12:08:12.994" durationms="0.023" />

<exclusive-start id="1366" timestamp="2019-08-08T12:08:12.995" intervalms="0.765">
  <response-info timems="0.074" idlems="0.074" threads="0" lastid="0000000002369F00" lastname="main" />
</exclusive-start>
<af-start id="1367" threadId="000000000236A888" totalBytesRequested="16392" timestamp="2019-08-08T12:08:12.995" intervalms="132.285" />
<concurrent-aborted id="1368" timestamp="2019-08-08T12:08:12.995">
  <reason value="insufficient progress made" />
</concurrent-aborted>
<cycle-end id="1369" type="global" contextid="1364" timestamp="2019-08-08T12:08:12.995" />
  <attribute name="elasticGC enabled" value="1" />
  <attribute name= "numThreadsSpecified" value="16" />
  <attribute name="heapSize specified" value="17170432" />
  <attribute name="Current GC Util" value="91" />
  <attribute name= "Current Time Running" value="127372" />
  <attribute name ="GC Interval" value="0" />
  <attribute name="Target GC Util Change" value ="80.000000" />
  <attribute name="Current GC Util Change" value="91.000000"/>
  <attribute name="Current Error" value="-334.000000" />
  <attribute name="Output H" value="17245728"/>
  <attribute name="Output I" value="1416"/>
  <attribute name="Output T" value="16"/>
  <attribute name= "Current Time Running" value="127372" />
  <attribute name="GC Util currently" value="91" />
  <attribute name="CPU Util currently" value="103580740086" />
<cycle-start id="1370" type="global" contextid="0" timestamp="2019-08-08T12:08:12.995" intervalms="1.035" />
<gc-start id="1371" type="global" contextid="1370" timestamp="2019-08-08T12:08:12.995">
  <mem-info id="1372" free="172032" total="17301504" percent="0">
    <mem type="tenure" free="172032" total="17301504" percent="0">
      <mem type="soa" free="0" total="17129472" percent="0" />
      <mem type="loa" free="172032" total="172032" percent="100" />
    </mem>
  </mem-info>
</gc-start>
<allocation-stats totalBytes="10735488" >
  <allocated-bytes non-tlh="428080" tlh="10307408" />
  <largest-consumer threadName="main" threadId="0000000002369F00" bytes="10735488" />
</allocation-stats>
<gc-op id="1373" type="mark" timems="5.603" contextid="1370" timestamp="2019-08-08T12:08:13.001">
  <trace-info objectcount="92793" scancount="75912" scanbytes="2478012" />
  <finalization candidates="80" enqueued="0" />
  <ownableSynchronizers candidates="21" cleared="0" />
  <references type="soft" candidates="1758" cleared="0" enqueued="0" dynamicThreshold="20" maxThreshold="32" />
  <references type="weak" candidates="4986" cleared="3" enqueued="3" />
  <references type="phantom" candidates="97" cleared="0" enqueued="0" />
  <stringconstants candidates="11579" cleared="12"  />
</gc-op>
<gc-op id="1374" type="sweep" timems="3.495" contextid="1370" timestamp="2019-08-08T12:08:13.004" />
<mem-info id="1375" free="12027512" total="17301504" percent="69">
  <mem type="tenure" free="12027512" total="17301504" percent="69" micro-fragmented="31746">
    <mem type="soa" free="11855480" total="17129472" percent="69" />
    <mem type="loa" free="172032" total="172032" percent="100" />
  </mem>
  <pending-finalizers system="0" default="0" reference="3" classloader="0" />
</mem-info>
<gc-op id="1376" type="compact" timems="26.945" contextid="1370" timestamp="2019-08-08T12:08:13.031">
  <compact-info movecount="69661" movebytes="3546592" reason="compact to aid heap contraction" />
</gc-op>
<heap-resize id="1377" type="expand" space="tenure" amount="131072" count="1" timems="0.023" reason="satisfy allocation request" timestamp="2019-08-08T12:08:13.033" />
<gc-end id="1378" type="global" contextid="1370" durationms="37.997" usertimems="71.188" systemtimems="0.000" timestamp="2019-08-08T12:08:13.033" activeThreads="16">
  <mem-info id="1379" free="12181728" total="17432576" percent="69">
    <mem type="tenure" free="12181728" total="17432576" percent="69">
      <mem type="soa" free="12007648" total="17258496" percent="69" />
      <mem type="loa" free="174080" total="174080" percent="100" />
    </mem>
    <pending-finalizers system="0" default="0" reference="3" classloader="0" />
  </mem-info>
</gc-end>
<cycle-end id="1380" type="global" contextid="1370" timestamp="2019-08-08T12:08:13.033" />
  <attribute name="elasticGC enabled" value="1" />
  <attribute name= "numThreadsSpecified" value="16" />
  <attribute name="heapSize specified" value="17301504" />
  <attribute name="Current GC Util" value="56" />
  <attribute name= "Current Time Running" value="127521" />
  <attribute name ="GC Interval" value="0" />
  <attribute name="Target GC Util Change" value ="80.000000" />
  <attribute name="Current GC Util Change" value="56.000000"/>
  <attribute name="Current Error" value="-28.000000" />
  <attribute name="Output H" value="17377152"/>
  <attribute name="Output I" value="1960"/>
  <attribute name="Output T" value="16"/>
  <attribute name= "Current Time Running" value="127521" />
  <attribute name="GC Util currently" value="56" />
  <attribute name="CPU Util currently" value="42714483273" />
<allocation-satisfied id="1381" threadId="0000000002369F00" bytesRequested="16392" />
<af-end id="1382" timestamp="2019-08-08T12:08:13.033" threadId="000000000236A888" success="true" />
<exclusive-end id="1383" timestamp="2019-08-08T12:08:13.033" durationms="38.443" />

<concurrent-kickoff id="1384" timestamp="2019-08-08T12:08:13.176">
  <kickoff reason="threshold reached" targetBytes="2844910" thresholdFreeBytes="384617" remainingFree="268872" tenureFreeBytes="268872" />
</concurrent-kickoff>
<exclusive-start id="1385" timestamp="2019-08-08T12:08:13.176" intervalms="181.617">
  <response-info timems="0.173" idlems="0.173" threads="0" lastid="0000000002369F00" lastname="main" />
</exclusive-start>
<cycle-start id="1386" type="global" contextid="0" timestamp="2019-08-08T12:08:13.176" intervalms="181.352" />
<exclusive-end id="1387" timestamp="2019-08-08T12:08:13.176" durationms="0.026" />

<exclusive-start id="1388" timestamp="2019-08-08T12:08:13.178" intervalms="2.122">
  <response-info timems="0.183" idlems="0.183" threads="0" lastid="0000000002369F00" lastname="main" />
</exclusive-start>
<af-start id="1389" threadId="000000000236A888" totalBytesRequested="104" timestamp="2019-08-08T12:08:13.179" intervalms="183.554" />
<concurrent-aborted id="1390" timestamp="2019-08-08T12:08:13.179">
  <reason value="insufficient progress made" />
</concurrent-aborted>
<cycle-end id="1391" type="global" contextid="1386" timestamp="2019-08-08T12:08:13.179" />
  <attribute name="elasticGC enabled" value="1" />
  <attribute name= "numThreadsSpecified" value="16" />
  <attribute name="heapSize specified" value="17301504" />
  <attribute name="Current GC Util" value="56" />
  <attribute name= "Current Time Running" value="127521" />
  <attribute name ="GC Interval" value="0" />
  <attribute name="Target GC Util Change" value ="80.000000" />
  <attribute name="Current GC Util Change" value="56.000000"/>
  <attribute name="Current Error" value="-28.000000" />
  <attribute name="Output H" value="17377152"/>
  <attribute name="Output I" value="1960"/>
  <attribute name="Output T" value="16"/>
  <attribute name= "Current Time Running" value="127521" />
  <attribute name="GC Util currently" value="56" />
  <attribute name="CPU Util currently" value="42714483273" />
<cycle-start id="1392" type="global" contextid="0" timestamp="2019-08-08T12:08:13.179" intervalms="2.185" />
<gc-start id="1393" type="global" contextid="1392" timestamp="2019-08-08T12:08:13.179">
  <mem-info id="1394" free="174080" total="17432576" percent="0">
    <mem type="tenure" free="174080" total="17432576" percent="0">
      <mem type="soa" free="0" total="17258496" percent="0" />
      <mem type="loa" free="174080" total="174080" percent="100" />
    </mem>
  </mem-info>
</gc-start>
<allocation-stats totalBytes="12021040" >
  <allocated-bytes non-tlh="292512" tlh="11728528" />
  <largest-consumer threadName="main" threadId="0000000002369F00" bytes="12016944" />
</allocation-stats>
<gc-op id="1395" type="mark" timems="7.936" contextid="1392" timestamp="2019-08-08T12:08:13.187">
  <trace-info objectcount="108802" scancount="90394" scanbytes="3046480" />
  <finalization candidates="81" enqueued="1" />
  <ownableSynchronizers candidates="21" cleared="0" />
  <references type="soft" candidates="1759" cleared="0" enqueued="0" dynamicThreshold="22" maxThreshold="32" />
  <references type="weak" candidates="5109" cleared="13" enqueued="13" />
  <references type="phantom" candidates="96" cleared="0" enqueued="0" />
  <stringconstants candidates="11675" cleared="0"  />
</gc-op>
<gc-op id="1396" type="sweep" timems="2.099" contextid="1392" timestamp="2019-08-08T12:08:13.189" />
<mem-info id="1397" free="11094152" total="17432576" percent="63">
  <mem type="tenure" free="11094152" total="17432576" percent="63" micro-fragmented="400030">
    <mem type="soa" free="10920072" total="17258496" percent="63" />
    <mem type="loa" free="174080" total="174080" percent="100" />
  </mem>
  <pending-finalizers system="0" default="1" reference="13" classloader="0" />
</mem-info>
<gc-op id="1398" type="compact" timems="29.008" contextid="1392" timestamp="2019-08-08T12:08:13.218">
  <compact-info movecount="90987" movebytes="4856368" reason="compact to aid heap contraction" />
</gc-op>
<heap-resize id="1399" type="expand" space="tenure" amount="131072" count="1" timems="0.024" reason="satisfy allocation request" timestamp="2019-08-08T12:08:13.218" />
<gc-end id="1400" type="global" contextid="1392" durationms="39.829" usertimems="69.052" systemtimems="0.000" timestamp="2019-08-08T12:08:13.218" activeThreads="16">
  <mem-info id="1401" free="11776736" total="17563648" percent="67">
    <mem type="tenure" free="11776736" total="17563648" percent="67">
      <mem type="soa" free="11601632" total="17388544" percent="66" />
      <mem type="loa" free="175104" total="175104" percent="100" />
    </mem>
    <pending-finalizers system="0" default="1" reference="13" classloader="0" />
  </mem-info>
</gc-end>
<cycle-end id="1402" type="global" contextid="1392" timestamp="2019-08-08T12:08:13.218" />
  <attribute name="elasticGC enabled" value="1" />
  <attribute name= "numThreadsSpecified" value="16" />
  <attribute name="heapSize specified" value="17432576" />
  <attribute name="Current GC Util" value="42" />
  <attribute name= "Current Time Running" value="127708" />
  <attribute name ="GC Interval" value="0" />
  <attribute name="Target GC Util Change" value ="80.000000" />
  <attribute name="Current GC Util Change" value="42.000000"/>
  <attribute name="Current Error" value="62.000000" />
  <attribute name="Output H" value="17508328"/>
  <attribute name="Output I" value="2120"/>
  <attribute name="Output T" value="16"/>
  <attribute name= "Current Time Running" value="127708" />
  <attribute name="GC Util currently" value="42" />
  <attribute name="CPU Util currently" value="39621612313" />
<allocation-satisfied id="1403" threadId="0000000002369F00" bytesRequested="104" />
<af-end id="1404" timestamp="2019-08-08T12:08:13.218" threadId="000000000236A888" success="true" />
<exclusive-end id="1405" timestamp="2019-08-08T12:08:13.219" durationms="40.041" />

<concurrent-kickoff id="1406" timestamp="2019-08-08T12:08:13.374">
  <kickoff reason="threshold reached" targetBytes="2866300" thresholdFreeBytes="387509" remainingFree="301240" tenureFreeBytes="301240" />
</concurrent-kickoff>
<exclusive-start id="1407" timestamp="2019-08-08T12:08:13.387" intervalms="208.280">
  <response-info timems="12.631" idlems="12.631" threads="0" lastid="0000000002369F00" lastname="main" />
</exclusive-start>
<cycle-start id="1408" type="global" contextid="0" timestamp="2019-08-08T12:08:13.387" intervalms="208.216" />
<exclusive-end id="1409" timestamp="2019-08-08T12:08:13.387" durationms="0.031" />

<exclusive-start id="1410" timestamp="2019-08-08T12:08:13.437" intervalms="50.250">
  <response-info timems="30.287" idlems="30.287" threads="0" lastid="0000000002369F00" lastname="main" />
</exclusive-start>
<af-start id="1411" threadId="000000000236A888" totalBytesRequested="32" timestamp="2019-08-08T12:08:13.437" intervalms="258.533" />
<concurrent-aborted id="1412" timestamp="2019-08-08T12:08:13.437">
  <reason value="insufficient progress made" />
</concurrent-aborted>
<cycle-end id="1413" type="global" contextid="1408" timestamp="2019-08-08T12:08:13.437" />
  <attribute name="elasticGC enabled" value="1" />
  <attribute name= "numThreadsSpecified" value="16" />
  <attribute name="heapSize specified" value="17432576" />
  <attribute name="Current GC Util" value="42" />
  <attribute name= "Current Time Running" value="127708" />
  <attribute name ="GC Interval" value="0" />
  <attribute name="Target GC Util Change" value ="80.000000" />
  <attribute name="Current GC Util Change" value="42.000000"/>
  <attribute name="Current Error" value="62.000000" />
  <attribute name="Output H" value="17508328"/>
  <attribute name="Output I" value="2120"/>
  <attribute name="Output T" value="16"/>
  <attribute name= "Current Time Running" value="127708" />
  <attribute name="GC Util currently" value="42" />
  <attribute name="CPU Util currently" value="39621612313" />
<cycle-start id="1414" type="global" contextid="0" timestamp="2019-08-08T12:08:13.437" intervalms="50.327" />
<gc-start id="1415" type="global" contextid="1414" timestamp="2019-08-08T12:08:13.440">
  <mem-info id="1416" free="175104" total="17563648" percent="0">
    <mem type="tenure" free="175104" total="17563648" percent="0">
      <mem type="soa" free="0" total="17388544" percent="0" />
      <mem type="loa" free="175104" total="175104" percent="100" />
    </mem>
  </mem-info>
</gc-start>
<allocation-stats totalBytes="11664568" >
  <allocated-bytes non-tlh="813608" tlh="10850960" />
  <largest-consumer threadName="main" threadId="0000000002369F00" bytes="11656256" />
</allocation-stats>
<gc-op id="1417" type="mark" timems="187.507" contextid="1414" timestamp="2019-08-08T12:08:13.627">
  <trace-info objectcount="112039" scancount="93312" scanbytes="3236472" />
  <finalization candidates="80" enqueued="0" />
  <ownableSynchronizers candidates="21" cleared="0" />
  <references type="soft" candidates="1784" cleared="0" enqueued="0" dynamicThreshold="21" maxThreshold="32" />
  <references type="weak" candidates="5105" cleared="2" enqueued="2" />
  <references type="phantom" candidates="98" cleared="0" enqueued="0" />
  <stringconstants candidates="11804" cleared="0"  />
</gc-op>
<gc-op id="1418" type="sweep" timems="4.564" contextid="1414" timestamp="2019-08-08T12:08:13.632" />
<mem-info id="1419" free="10584032" total="17563648" percent="60">
  <mem type="tenure" free="10584032" total="17563648" percent="60" micro-fragmented="364400">
    <mem type="soa" free="10408928" total="17388544" percent="59" />
    <mem type="loa" free="175104" total="175104" percent="100" />
  </mem>
  <pending-finalizers system="0" default="0" reference="2" classloader="0" />
</mem-info>
<gc-op id="1420" type="compact" timems="34.975" contextid="1414" timestamp="2019-08-08T12:08:13.667">
  <compact-info movecount="94730" movebytes="5679880" reason="compact to aid heap contraction" />
</gc-op>
<heap-resize id="1421" type="expand" space="tenure" amount="131072" count="1" timems="0.026" reason="satisfy allocation request" timestamp="2019-08-08T12:08:13.668" />
<gc-end id="1422" type="global" contextid="1414" durationms="228.227" usertimems="164.507" systemtimems="229.864" timestamp="2019-08-08T12:08:13.668" activeThreads="16">
  <mem-info id="1423" free="11095016" total="17694720" percent="62">
    <mem type="tenure" free="11095016" total="17694720" percent="62">
      <mem type="soa" free="10918888" total="17518592" percent="62" />
      <mem type="loa" free="176128" total="176128" percent="100" />
    </mem>
    <pending-finalizers system="0" default="0" reference="2" classloader="0" />
  </mem-info>
</gc-end>
<cycle-end id="1424" type="global" contextid="1414" timestamp="2019-08-08T12:08:13.668" />
  <attribute name="elasticGC enabled" value="1" />
  <attribute name= "numThreadsSpecified" value="16" />
  <attribute name="heapSize specified" value="17563648" />
  <attribute name="Current GC Util" value="38" />
  <attribute name= "Current Time Running" value="128157" />
  <attribute name ="GC Interval" value="0" />
  <attribute name="Target GC Util Change" value ="80.000000" />
  <attribute name="Current GC Util Change" value="38.000000"/>
  <attribute name="Current Error" value="42.000000" />
  <attribute name="Output H" value="17639376"/>
  <attribute name="Output I" value="2088"/>
  <attribute name="Output T" value="16"/>
  <attribute name= "Current Time Running" value="128157" />
  <attribute name="GC Util currently" value="38" />
  <attribute name="CPU Util currently" value="32925051457" />
<allocation-satisfied id="1425" threadId="0000000002369F00" bytesRequested="32" />
<af-end id="1426" timestamp="2019-08-08T12:08:13.668" threadId="000000000236A888" success="true" />
<exclusive-end id="1427" timestamp="2019-08-08T12:08:13.668" durationms="231.011" />

<concurrent-kickoff id="1428" timestamp="2019-08-08T12:08:13.758">
  <kickoff reason="threshold reached" targetBytes="2887690" thresholdFreeBytes="390401" remainingFree="337872" tenureFreeBytes="337872" />
</concurrent-kickoff>
<exclusive-start id="1429" timestamp="2019-08-08T12:08:13.759" intervalms="321.597">
  <response-info timems="0.058" idlems="0.058" threads="0" lastid="0000000002369F00" lastname="main" />
</exclusive-start>
<cycle-start id="1430" type="global" contextid="0" timestamp="2019-08-08T12:08:13.759" intervalms="321.514" />
<exclusive-end id="1431" timestamp="2019-08-08T12:08:13.759" durationms="0.019" />

<exclusive-start id="1432" timestamp="2019-08-08T12:08:13.760" intervalms="1.688">
  <response-info timems="0.046" idlems="0.046" threads="0" lastid="0000000002369F00" lastname="main" />
</exclusive-start>
<af-start id="1433" threadId="000000000236A888" totalBytesRequested="32" timestamp="2019-08-08T12:08:13.760" intervalms="323.281" />
<concurrent-aborted id="1434" timestamp="2019-08-08T12:08:13.760">
  <reason value="insufficient progress made" />
</concurrent-aborted>
<cycle-end id="1435" type="global" contextid="1430" timestamp="2019-08-08T12:08:13.760" />
  <attribute name="elasticGC enabled" value="1" />
  <attribute name= "numThreadsSpecified" value="16" />
  <attribute name="heapSize specified" value="17563648" />
  <attribute name="Current GC Util" value="38" />
  <attribute name= "Current Time Running" value="128157" />
  <attribute name ="GC Interval" value="0" />
  <attribute name="Target GC Util Change" value ="80.000000" />
  <attribute name="Current GC Util Change" value="38.000000"/>
  <attribute name="Current Error" value="42.000000" />
  <attribute name="Output H" value="17639376"/>
  <attribute name="Output I" value="2088"/>
  <attribute name="Output T" value="16"/>
  <attribute name= "Current Time Running" value="128157" />
  <attribute name="GC Util currently" value="38" />
  <attribute name="CPU Util currently" value="32925051457" />
<cycle-start id="1436" type="global" contextid="0" timestamp="2019-08-08T12:08:13.760" intervalms="1.766" />
<gc-start id="1437" type="global" contextid="1436" timestamp="2019-08-08T12:08:13.760">
  <mem-info id="1438" free="176128" total="17694720" percent="0">
    <mem type="tenure" free="176128" total="17694720" percent="0">
      <mem type="soa" free="0" total="17518592" percent="0" />
      <mem type="loa" free="176128" total="176128" percent="100" />
    </mem>
  </mem-info>
</gc-start>
<allocation-stats totalBytes="10982352" >
  <allocated-bytes non-tlh="238616" tlh="10743736" />
  <largest-consumer threadName="main" threadId="0000000002369F00" bytes="10982352" />
</allocation-stats>
<gc-op id="1439" type="mark" timems="7.166" contextid="1436" timestamp="2019-08-08T12:08:13.768">
  <trace-info objectcount="105516" scancount="87432" scanbytes="2954396" />
  <finalization candidates="80" enqueued="0" />
  <ownableSynchronizers candidates="21" cleared="0" />
  <references type="soft" candidates="1874" cleared="0" enqueued="0" dynamicThreshold="20" maxThreshold="32" />
  <references type="weak" candidates="5257" cleared="9" enqueued="9" />
  <references type="phantom" candidates="98" cleared="0" enqueued="0" />
  <stringconstants candidates="11986" cleared="1"  />
</gc-op>
<gc-op id="1440" type="sweep" timems="1.786" contextid="1436" timestamp="2019-08-08T12:08:13.769" />
<mem-info id="1441" free="11515072" total="17694720" percent="65">
  <mem type="tenure" free="11515072" total="17694720" percent="65" micro-fragmented="41768">
    <mem type="soa" free="11338944" total="17518592" percent="64" />
    <mem type="loa" free="176128" total="176128" percent="100" />
  </mem>
  <pending-finalizers system="0" default="0" reference="9" classloader="0" />
</mem-info>
<gc-op id="1442" type="compact" timems="22.404" contextid="1436" timestamp="2019-08-08T12:08:13.792">
  <compact-info movecount="61196" movebytes="3533672" reason="compact to aid heap contraction" />
</gc-op>
<heap-resize id="1443" type="expand" space="tenure" amount="131072" count="1" timems="0.019" reason="satisfy allocation request" timestamp="2019-08-08T12:08:13.793" />
<gc-end id="1444" type="global" contextid="1436" durationms="32.243" usertimems="52.903" systemtimems="2.294" timestamp="2019-08-08T12:08:13.793" activeThreads="16">
  <mem-info id="1445" free="11672632" total="17825792" percent="65">
    <mem type="tenure" free="11672632" total="17825792" percent="65">
      <mem type="soa" free="11494456" total="17647616" percent="65" />
      <mem type="loa" free="178176" total="178176" percent="100" />
    </mem>
    <pending-finalizers system="0" default="0" reference="9" classloader="0" />
  </mem-info>
</gc-end>
<cycle-end id="1446" type="global" contextid="1436" timestamp="2019-08-08T12:08:13.793" />
  <attribute name="elasticGC enabled" value="1" />
  <attribute name= "numThreadsSpecified" value="16" />
  <attribute name="heapSize specified" value="17694720" />
  <attribute name="Current GC Util" value="57" />
  <attribute name= "Current Time Running" value="128282" />
  <attribute name ="GC Interval" value="0" />
  <attribute name="Target GC Util Change" value ="80.000000" />
  <attribute name="Current GC Util Change" value="57.000000"/>
  <attribute name="Current Error" value="-321.000000" />
  <attribute name="Output H" value="17770032"/>
  <attribute name="Output I" value="1440"/>
  <attribute name="Output T" value="16"/>
  <attribute name= "Current Time Running" value="128282" />
  <attribute name="GC Util currently" value="57" />
  <attribute name="CPU Util currently" value="51393025463" />
<allocation-satisfied id="1447" threadId="0000000002369F00" bytesRequested="32" />
<af-end id="1448" timestamp="2019-08-08T12:08:13.793" threadId="000000000236A888" success="true" />
<exclusive-end id="1449" timestamp="2019-08-08T12:08:13.793" durationms="32.430" />

<concurrent-kickoff id="1450" timestamp="2019-08-08T12:08:13.847">
  <kickoff reason="threshold reached" targetBytes="2909081" thresholdFreeBytes="393294" remainingFree="269616" tenureFreeBytes="269616" />
</concurrent-kickoff>
<exclusive-start id="1451" timestamp="2019-08-08T12:08:13.847" intervalms="86.540">
  <response-info timems="0.016" idlems="0.016" threads="0" lastid="0000000002369F00" lastname="main" />
</exclusive-start>
<cycle-start id="1452" type="global" contextid="0" timestamp="2019-08-08T12:08:13.847" intervalms="86.514" />
<exclusive-end id="1453" timestamp="2019-08-08T12:08:13.847" durationms="0.070" />

<exclusive-start id="1454" timestamp="2019-08-08T12:08:13.850" intervalms="3.054">
  <response-info timems="1.740" idlems="0.883" threads="1" lastid="00000000024A2C00" lastname="Concurrent Mark Helper" />
</exclusive-start>
<af-start id="1455" threadId="000000000236A888" totalBytesRequested="64" timestamp="2019-08-08T12:08:13.850" intervalms="89.593" />
<concurrent-aborted id="1456" timestamp="2019-08-08T12:08:13.850">
  <reason value="insufficient progress made" />
</concurrent-aborted>
<cycle-end id="1457" type="global" contextid="1452" timestamp="2019-08-08T12:08:13.850" />
  <attribute name="elasticGC enabled" value="1" />
  <attribute name= "numThreadsSpecified" value="16" />
  <attribute name="heapSize specified" value="17694720" />
  <attribute name="Current GC Util" value="57" />
  <attribute name= "Current Time Running" value="128282" />
  <attribute name ="GC Interval" value="0" />
  <attribute name="Target GC Util Change" value ="80.000000" />
  <attribute name="Current GC Util Change" value="57.000000"/>
  <attribute name="Current Error" value="-321.000000" />
  <attribute name="Output H" value="17770032"/>
  <attribute name="Output I" value="1440"/>
  <attribute name="Output T" value="16"/>
  <attribute name= "Current Time Running" value="128282" />
  <attribute name="GC Util currently" value="57" />
  <attribute name="CPU Util currently" value="51393025463" />
<cycle-start id="1458" type="global" contextid="0" timestamp="2019-08-08T12:08:13.850" intervalms="3.069" />
<gc-start id="1459" type="global" contextid="1458" timestamp="2019-08-08T12:08:13.850">
  <mem-info id="1460" free="178176" total="17825792" percent="0">
    <mem type="tenure" free="178176" total="17825792" percent="0">
      <mem type="soa" free="0" total="17647616" percent="0" />
      <mem type="loa" free="178176" total="178176" percent="100" />
    </mem>
  </mem-info>
</gc-start>
<allocation-stats totalBytes="11557672" >
  <allocated-bytes non-tlh="622344" tlh="10935328" />
  <largest-consumer threadName="main" threadId="0000000002369F00" bytes="11557672" />
</allocation-stats>
<gc-op id="1461" type="mark" timems="12.982" contextid="1458" timestamp="2019-08-08T12:08:13.863">
  <trace-info objectcount="103101" scancount="85144" scanbytes="2792940" />
  <finalization candidates="80" enqueued="0" />
  <ownableSynchronizers candidates="21" cleared="0" />
  <references type="soft" candidates="1876" cleared="0" enqueued="0" dynamicThreshold="20" maxThreshold="32" />
  <references type="weak" candidates="5290" cleared="1" enqueued="1" />
  <references type="phantom" candidates="96" cleared="0" enqueued="0" />
  <stringconstants candidates="12314" cleared="8"  />
</gc-op>
<gc-op id="1462" type="classunload" timems="0.604" contextid="1458" timestamp="2019-08-08T12:08:13.864">
  <classunload-info classloadercandidates="34" classloadersunloaded="2" classesunloaded="2" anonymousclassesunloaded="0" quiescems="0.000" setupms="0.582" scanms="0.018" postms="0.004" />
</gc-op>
<gc-op id="1463" type="sweep" timems="3.739" contextid="1458" timestamp="2019-08-08T12:08:13.867" />
<mem-info id="1464" free="12235472" total="17825792" percent="68">
  <mem type="tenure" free="12235472" total="17825792" percent="68" micro-fragmented="100784">
    <mem type="soa" free="12057296" total="17647616" percent="68" />
    <mem type="loa" free="178176" total="178176" percent="100" />
  </mem>
  <pending-finalizers system="0" default="0" reference="1" classloader="0" />
</mem-info>
<gc-op id="1465" type="compact" timems="23.734" contextid="1458" timestamp="2019-08-08T12:08:13.891">
  <compact-info movecount="70788" movebytes="3405096" reason="compact to aid heap contraction" />
</gc-op>
<heap-resize id="1466" type="expand" space="tenure" amount="131072" count="1" timems="0.021" reason="satisfy allocation request" timestamp="2019-08-08T12:08:13.892" />
<gc-end id="1467" type="global" contextid="1458" durationms="42.086" usertimems="56.661" systemtimems="11.157" timestamp="2019-08-08T12:08:13.892" activeThreads="8">
  <mem-info id="1468" free="12468056" total="17956864" percent="69">
    <mem type="tenure" free="12468056" total="17956864" percent="69">
      <mem type="soa" free="12288856" total="17777664" percent="69" />
      <mem type="loa" free="179200" total="179200" percent="100" />
    </mem>
    <pending-finalizers system="0" default="0" reference="1" classloader="0" />
  </mem-info>
</gc-end>
<cycle-end id="1469" type="global" contextid="1458" timestamp="2019-08-08T12:08:13.892" />
  <attribute name="elasticGC enabled" value="1" />
  <attribute name= "numThreadsSpecified" value="8" />
  <attribute name="heapSize specified" value="17825792" />
  <attribute name="Current GC Util" value="59" />
  <attribute name= "Current Time Running" value="128381" />
  <attribute name ="GC Interval" value="0" />
  <attribute name="Target GC Util Change" value ="80.000000" />
  <attribute name="Current GC Util Change" value="59.000000"/>
  <attribute name="Current Error" value="-18.000000" />
  <attribute name="Output H" value="17901456"/>
  <attribute name="Output I" value="1976"/>
  <attribute name="Output T" value="8"/>
  <attribute name= "Current Time Running" value="128381" />
  <attribute name="GC Util currently" value="59" />
  <attribute name="CPU Util currently" value="48507662143" />
<allocation-satisfied id="1470" threadId="0000000002369F00" bytesRequested="64" />
<af-end id="1471" timestamp="2019-08-08T12:08:13.892" threadId="000000000236A888" success="true" />
<exclusive-end id="1472" timestamp="2019-08-08T12:08:13.892" durationms="42.292" />

<concurrent-kickoff id="1473" timestamp="2019-08-08T12:08:13.966">
  <kickoff reason="threshold reached" targetBytes="2930471" thresholdFreeBytes="396184" remainingFree="336136" tenureFreeBytes="336136" />
</concurrent-kickoff>
<exclusive-start id="1474" timestamp="2019-08-08T12:08:13.966" intervalms="116.464">
  <response-info timems="0.045" idlems="0.045" threads="0" lastid="0000000002369F00" lastname="main" />
</exclusive-start>
<cycle-start id="1475" type="global" contextid="0" timestamp="2019-08-08T12:08:13.966" intervalms="116.403" />
<exclusive-end id="1476" timestamp="2019-08-08T12:08:13.966" durationms="0.025" />

<exclusive-start id="1477" timestamp="2019-08-08T12:08:13.968" intervalms="1.413">
  <response-info timems="0.118" idlems="0.118" threads="0" lastid="0000000002369F00" lastname="main" />
</exclusive-start>
<af-start id="1478" threadId="000000000236A888" totalBytesRequested="48" timestamp="2019-08-08T12:08:13.968" intervalms="117.871" />
<concurrent-aborted id="1479" timestamp="2019-08-08T12:08:13.968">
  <reason value="insufficient progress made" />
</concurrent-aborted>
<cycle-end id="1480" type="global" contextid="1475" timestamp="2019-08-08T12:08:13.968" />
  <attribute name="elasticGC enabled" value="1" />
  <attribute name= "numThreadsSpecified" value="8" />
  <attribute name="heapSize specified" value="17825792" />
  <attribute name="Current GC Util" value="59" />
  <attribute name= "Current Time Running" value="128381" />
  <attribute name ="GC Interval" value="0" />
  <attribute name="Target GC Util Change" value ="80.000000" />
  <attribute name="Current GC Util Change" value="59.000000"/>
  <attribute name="Current Error" value="-18.000000" />
  <attribute name="Output H" value="17901456"/>
  <attribute name="Output I" value="1976"/>
  <attribute name="Output T" value="8"/>
  <attribute name= "Current Time Running" value="128381" />
  <attribute name="GC Util currently" value="59" />
  <attribute name="CPU Util currently" value="48507662143" />
<cycle-start id="1481" type="global" contextid="0" timestamp="2019-08-08T12:08:13.968" intervalms="1.503" />
<gc-start id="1482" type="global" contextid="1481" timestamp="2019-08-08T12:08:13.968">
  <mem-info id="1483" free="179200" total="17956864" percent="0">
    <mem type="tenure" free="179200" total="17956864" percent="0">
      <mem type="soa" free="0" total="17777664" percent="0" />
      <mem type="loa" free="179200" total="179200" percent="100" />
    </mem>
  </mem-info>
</gc-start>
<allocation-stats totalBytes="12351080" >
  <allocated-bytes non-tlh="822864" tlh="11528216" />
  <largest-consumer threadName="main" threadId="0000000002369F00" bytes="12351080" />
</allocation-stats>
<gc-op id="1484" type="mark" timems="6.428" contextid="1481" timestamp="2019-08-08T12:08:13.974">
  <trace-info objectcount="106025" scancount="87849" scanbytes="2938712" />
  <finalization candidates="80" enqueued="0" />
  <ownableSynchronizers candidates="21" cleared="0" />
  <references type="soft" candidates="1913" cleared="0" enqueued="0" dynamicThreshold="22" maxThreshold="32" />
  <references type="weak" candidates="5366" cleared="3" enqueued="3" />
  <references type="phantom" candidates="97" cleared="0" enqueued="0" />
  <stringconstants candidates="12479" cleared="12"  />
</gc-op>
<gc-op id="1485" type="sweep" timems="3.110" contextid="1481" timestamp="2019-08-08T12:08:13.978" />
<mem-info id="1486" free="12068520" total="17956864" percent="67">
  <mem type="tenure" free="12068520" total="17956864" percent="67" micro-fragmented="47890">
    <mem type="soa" free="11889320" total="17777664" percent="66" />
    <mem type="loa" free="179200" total="179200" percent="100" />
  </mem>
  <pending-finalizers system="0" default="0" reference="3" classloader="0" />
</mem-info>
<gc-op id="1487" type="compact" timems="25.390" contextid="1481" timestamp="2019-08-08T12:08:14.003">
  <compact-info movecount="71748" movebytes="3743592" reason="compact to aid heap contraction" />
</gc-op>
<heap-resize id="1488" type="expand" space="tenure" amount="131072" count="1" timems="0.027" reason="satisfy allocation request" timestamp="2019-08-08T12:08:14.006" />
<gc-end id="1489" type="global" contextid="1481" durationms="38.442" usertimems="61.643" systemtimems="0.000" timestamp="2019-08-08T12:08:14.006" activeThreads="16">
  <mem-info id="1490" free="12186680" total="18087936" percent="67">
    <mem type="tenure" free="12186680" total="18087936" percent="67">
      <mem type="soa" free="12006456" total="17907712" percent="67" />
      <mem type="loa" free="180224" total="180224" percent="100" />
    </mem>
    <pending-finalizers system="0" default="0" reference="3" classloader="0" />
  </mem-info>
</gc-end>
<cycle-end id="1491" type="global" contextid="1481" timestamp="2019-08-08T12:08:14.006" />
  <attribute name="elasticGC enabled" value="1" />
  <attribute name= "numThreadsSpecified" value="16" />
  <attribute name="heapSize specified" value="17956864" />
  <attribute name="Current GC Util" value="57" />
  <attribute name= "Current Time Running" value="128493" />
  <attribute name ="GC Interval" value="0" />
  <attribute name="Target GC Util Change" value ="80.000000" />
  <attribute name="Current GC Util Change" value="57.000000"/>
  <attribute name="Current Error" value="-150.000000" />
  <attribute name="Output H" value="18032376"/>
  <attribute name="Output I" value="1744"/>
  <attribute name="Output T" value="16"/>
  <attribute name= "Current Time Running" value="128493" />
  <attribute name="GC Util currently" value="57" />
  <attribute name="CPU Util currently" value="45323004978" />
<allocation-satisfied id="1492" threadId="0000000002369F00" bytesRequested="48" />
<af-end id="1493" timestamp="2019-08-08T12:08:14.006" threadId="000000000236A888" success="true" />
<exclusive-end id="1494" timestamp="2019-08-08T12:08:14.006" durationms="38.699" />

<concurrent-kickoff id="1495" timestamp="2019-08-08T12:08:14.028">
  <kickoff reason="threshold reached" targetBytes="2951861" thresholdFreeBytes="399076" remainingFree="303608" tenureFreeBytes="303608" />
</concurrent-kickoff>
<exclusive-start id="1496" timestamp="2019-08-08T12:08:14.028" intervalms="60.286">
  <response-info timems="0.048" idlems="0.048" threads="0" lastid="0000000002369F00" lastname="main" />
</exclusive-start>
<cycle-start id="1497" type="global" contextid="0" timestamp="2019-08-08T12:08:14.028" intervalms="60.199" />
<exclusive-end id="1498" timestamp="2019-08-08T12:08:14.028" durationms="0.027" />

<exclusive-start id="1499" timestamp="2019-08-08T12:08:14.029" intervalms="0.935">
  <response-info timems="0.057" idlems="0.057" threads="0" lastid="0000000002369F00" lastname="main" />
</exclusive-start>
<af-start id="1500" threadId="000000000236A888" totalBytesRequested="48" timestamp="2019-08-08T12:08:14.029" intervalms="61.225" />
<concurrent-aborted id="1501" timestamp="2019-08-08T12:08:14.029">
  <reason value="insufficient progress made" />
</concurrent-aborted>
<cycle-end id="1502" type="global" contextid="1497" timestamp="2019-08-08T12:08:14.029" />
  <attribute name="elasticGC enabled" value="1" />
  <attribute name= "numThreadsSpecified" value="16" />
  <attribute name="heapSize specified" value="17956864" />
  <attribute name="Current GC Util" value="57" />
  <attribute name= "Current Time Running" value="128493" />
  <attribute name ="GC Interval" value="0" />
  <attribute name="Target GC Util Change" value ="80.000000" />
  <attribute name="Current GC Util Change" value="57.000000"/>
  <attribute name="Current Error" value="-150.000000" />
  <attribute name="Output H" value="18032376"/>
  <attribute name="Output I" value="1744"/>
  <attribute name="Output T" value="16"/>
  <attribute name= "Current Time Running" value="128493" />
  <attribute name="GC Util currently" value="57" />
  <attribute name="CPU Util currently" value="45323004978" />
<cycle-start id="1503" type="global" contextid="0" timestamp="2019-08-08T12:08:14.029" intervalms="0.993" />
<gc-start id="1504" type="global" contextid="1503" timestamp="2019-08-08T12:08:14.029">
  <mem-info id="1505" free="180224" total="18087936" percent="0">
    <mem type="tenure" free="180224" total="18087936" percent="0">
      <mem type="soa" free="0" total="17907712" percent="0" />
      <mem type="loa" free="180224" total="180224" percent="100" />
    </mem>
  </mem-info>
</gc-start>
<allocation-stats totalBytes="12070736" >
  <allocated-bytes non-tlh="576" tlh="12070160" />
  <largest-consumer threadName="main" threadId="0000000002369F00" bytes="12066640" />
</allocation-stats>
<gc-op id="1506" type="mark" timems="10.191" contextid="1503" timestamp="2019-08-08T12:08:14.039">
  <trace-info objectcount="120504" scancount="100851" scanbytes="3507956" />
  <finalization candidates="80" enqueued="0" />
  <ownableSynchronizers candidates="21" cleared="0" />
  <references type="soft" candidates="1913" cleared="0" enqueued="0" dynamicThreshold="21" maxThreshold="32" />
  <references type="weak" candidates="5362" cleared="0" enqueued="0" />
  <references type="phantom" candidates="97" cleared="0" enqueued="0" />
  <stringconstants candidates="12479" cleared="0"  />
</gc-op>
<gc-op id="1507" type="sweep" timems="4.183" contextid="1503" timestamp="2019-08-08T12:08:14.044" />
<mem-info id="1508" free="11378568" total="18087936" percent="62">
  <mem type="tenure" free="11378568" total="18087936" percent="62" micro-fragmented="48486">
    <mem type="soa" free="11198344" total="17907712" percent="62" />
    <mem type="loa" free="180224" total="180224" percent="100" />
  </mem>
</mem-info>
<gc-op id="1509" type="compact" timems="17.522" contextid="1503" timestamp="2019-08-08T12:08:14.061">
  <compact-info movecount="27900" movebytes="1439168" reason="compact to aid heap contraction" />
</gc-op>
<heap-resize id="1510" type="expand" space="tenure" amount="131072" count="1" timems="0.023" reason="satisfy allocation request" timestamp="2019-08-08T12:08:14.062" />
<gc-end id="1511" type="global" contextid="1503" durationms="32.934" usertimems="63.649" systemtimems="0.000" timestamp="2019-08-08T12:08:14.062" activeThreads="16">
  <mem-info id="1512" free="11720096" total="18219008" percent="64">
    <mem type="tenure" free="11720096" total="18219008" percent="64">
      <mem type="soa" free="11538848" total="18037760" percent="63" />
      <mem type="loa" free="181248" total="181248" percent="100" />
    </mem>
  </mem-info>
</gc-end>
<cycle-end id="1513" type="global" contextid="1503" timestamp="2019-08-08T12:08:14.062" />
  <attribute name="elasticGC enabled" value="1" />
  <attribute name= "numThreadsSpecified" value="16" />
  <attribute name="heapSize specified" value="18087936" />
  <attribute name="Current GC Util" value="80" />
  <attribute name= "Current Time Running" value="128551" />
  <attribute name ="GC Interval" value="0" />
  <attribute name="Target GC Util Change" value ="80.000000" />
  <attribute name="Current GC Util Change" value="80.000000"/>
  <attribute name="Current Error" value="-227.000000" />
  <attribute name="Output H" value="18163360"/>
  <attribute name="Output I" value="1608"/>
  <attribute name="Output T" value="16"/>
  <attribute name= "Current Time Running" value="128551" />
  <attribute name="GC Util currently" value="80" />
  <attribute name="CPU Util currently" value="65632726826" />
<allocation-satisfied id="1514" threadId="0000000002369F00" bytesRequested="48" />
<af-end id="1515" timestamp="2019-08-08T12:08:14.062" threadId="000000000236A888" success="true" />
<exclusive-end id="1516" timestamp="2019-08-08T12:08:14.062" durationms="33.150" />

<concurrent-kickoff id="1517" timestamp="2019-08-08T12:08:14.105">
  <kickoff reason="threshold reached" targetBytes="2973251" thresholdFreeBytes="401968" remainingFree="345440" tenureFreeBytes="345440" />
</concurrent-kickoff>
<exclusive-start id="1518" timestamp="2019-08-08T12:08:14.105" intervalms="76.194">
  <response-info timems="0.074" idlems="0.074" threads="0" lastid="0000000002369F00" lastname="main" />
</exclusive-start>
<cycle-start id="1519" type="global" contextid="0" timestamp="2019-08-08T12:08:14.105" intervalms="76.131" />
<exclusive-end id="1520" timestamp="2019-08-08T12:08:14.105" durationms="0.022" />

<exclusive-start id="1521" timestamp="2019-08-08T12:08:14.106" intervalms="0.988">
  <response-info timems="0.104" idlems="0.104" threads="0" lastid="0000000002369F00" lastname="main" />
</exclusive-start>
<af-start id="1522" threadId="000000000236A888" totalBytesRequested="32" timestamp="2019-08-08T12:08:14.106" intervalms="77.179" />
<concurrent-aborted id="1523" timestamp="2019-08-08T12:08:14.106">
  <reason value="insufficient progress made" />
</concurrent-aborted>
<cycle-end id="1524" type="global" contextid="1519" timestamp="2019-08-08T12:08:14.106" />
  <attribute name="elasticGC enabled" value="1" />
  <attribute name= "numThreadsSpecified" value="16" />
  <attribute name="heapSize specified" value="18087936" />
  <attribute name="Current GC Util" value="80" />
  <attribute name= "Current Time Running" value="128551" />
  <attribute name ="GC Interval" value="0" />
  <attribute name="Target GC Util Change" value ="80.000000" />
  <attribute name="Current GC Util Change" value="80.000000"/>
  <attribute name="Current Error" value="-227.000000" />
  <attribute name="Output H" value="18163360"/>
  <attribute name="Output I" value="1608"/>
  <attribute name="Output T" value="16"/>
  <attribute name= "Current Time Running" value="128551" />
  <attribute name="GC Util currently" value="80" />
  <attribute name="CPU Util currently" value="65632726826" />
<cycle-start id="1525" type="global" contextid="0" timestamp="2019-08-08T12:08:14.106" intervalms="1.045" />
<gc-start id="1526" type="global" contextid="1525" timestamp="2019-08-08T12:08:14.106">
  <mem-info id="1527" free="181248" total="18219008" percent="0">
    <mem type="tenure" free="181248" total="18219008" percent="0">
      <mem type="soa" free="0" total="18037760" percent="0" />
      <mem type="loa" free="181248" total="181248" percent="100" />
    </mem>
  </mem-info>
</gc-start>
<allocation-stats totalBytes="11603008" >
  <allocated-bytes non-tlh="200768" tlh="11402240" />
  <largest-consumer threadName="main" threadId="0000000002369F00" bytes="11603008" />
</allocation-stats>
<gc-op id="1528" type="mark" timems="6.577" contextid="1525" timestamp="2019-08-08T12:08:14.113">
  <trace-info objectcount="113916" scancount="94973" scanbytes="3242332" />
  <finalization candidates="80" enqueued="0" />
  <ownableSynchronizers candidates="21" cleared="0" />
  <references type="soft" candidates="1914" cleared="1" enqueued="1" dynamicThreshold="20" maxThreshold="32" />
  <references type="weak" candidates="5362" cleared="0" enqueued="0" />
  <references type="phantom" candidates="97" cleared="0" enqueued="0" />
  <stringconstants candidates="12490" cleared="0"  />
</gc-op>
<gc-op id="1529" type="sweep" timems="2.087" contextid="1525" timestamp="2019-08-08T12:08:14.115" />
<mem-info id="1530" free="11767176" total="18219008" percent="64">
  <mem type="tenure" free="11767176" total="18219008" percent="64" micro-fragmented="180897">
    <mem type="soa" free="11585928" total="18037760" percent="64" />
    <mem type="loa" free="181248" total="181248" percent="100" />
  </mem>
  <pending-finalizers system="0" default="0" reference="1" classloader="0" />
</mem-info>
<gc-op id="1531" type="compact" timems="32.266" contextid="1525" timestamp="2019-08-08T12:08:14.147">
  <compact-info movecount="96706" movebytes="5368992" reason="compact to aid heap contraction" />
</gc-op>
<heap-resize id="1532" type="expand" space="tenure" amount="131072" count="1" timems="0.021" reason="satisfy allocation request" timestamp="2019-08-08T12:08:14.148" />
<gc-end id="1533" type="global" contextid="1525" durationms="41.760" usertimems="100.767" systemtimems="0.000" timestamp="2019-08-08T12:08:14.148" activeThreads="16">
  <mem-info id="1534" free="12065128" total="18350080" percent="65">
    <mem type="tenure" free="12065128" total="18350080" percent="65">
      <mem type="soa" free="11881832" total="18166784" percent="65" />
      <mem type="loa" free="183296" total="183296" percent="100" />
    </mem>
    <pending-finalizers system="0" default="0" reference="1" classloader="0" />
  </mem-info>
</gc-end>
<cycle-end id="1535" type="global" contextid="1525" timestamp="2019-08-08T12:08:14.148" />
  <attribute name="elasticGC enabled" value="1" />
  <attribute name= "numThreadsSpecified" value="16" />
  <attribute name="heapSize specified" value="18219008" />
  <attribute name="Current GC Util" value="40" />
  <attribute name= "Current Time Running" value="128637" />
  <attribute name ="GC Interval" value="0" />
  <attribute name="Target GC Util Change" value ="80.000000" />
  <attribute name="Current GC Util Change" value="40.000000"/>
  <attribute name="Current Error" value="31.000000" />
  <attribute name="Output H" value="18294728"/>
  <attribute name="Output I" value="2064"/>
  <attribute name="Output T" value="16"/>
  <attribute name= "Current Time Running" value="128637" />
  <attribute name="GC Util currently" value="40" />
  <attribute name="CPU Util currently" value="35675703727" />
<allocation-satisfied id="1536" threadId="0000000002369F00" bytesRequested="32" />
<af-end id="1537" timestamp="2019-08-08T12:08:14.148" threadId="000000000236A888" success="true" />
<exclusive-end id="1538" timestamp="2019-08-08T12:08:14.148" durationms="41.963" />

<concurrent-kickoff id="1539" timestamp="2019-08-08T12:08:14.211">
  <kickoff reason="threshold reached" targetBytes="2994641" thresholdFreeBytes="404860" remainingFree="297640" tenureFreeBytes="297640" />
</concurrent-kickoff>
<exclusive-start id="1540" timestamp="2019-08-08T12:08:14.211" intervalms="105.251">
  <response-info timems="0.059" idlems="0.059" threads="0" lastid="0000000002369F00" lastname="main" />
</exclusive-start>
<cycle-start id="1541" type="global" contextid="0" timestamp="2019-08-08T12:08:14.211" intervalms="105.202" />
<exclusive-end id="1542" timestamp="2019-08-08T12:08:14.211" durationms="0.032" />

<exclusive-start id="1543" timestamp="2019-08-08T12:08:14.212" intervalms="0.899">
  <response-info timems="0.046" idlems="0.046" threads="0" lastid="0000000002369F00" lastname="main" />
</exclusive-start>
<af-start id="1544" threadId="000000000236A888" totalBytesRequested="24" timestamp="2019-08-08T12:08:14.212" intervalms="106.161" />
<concurrent-aborted id="1545" timestamp="2019-08-08T12:08:14.212">
  <reason value="insufficient progress made" />
</concurrent-aborted>
<cycle-end id="1546" type="global" contextid="1541" timestamp="2019-08-08T12:08:14.212" />
  <attribute name="elasticGC enabled" value="1" />
  <attribute name= "numThreadsSpecified" value="16" />
  <attribute name="heapSize specified" value="18219008" />
  <attribute name="Current GC Util" value="40" />
  <attribute name= "Current Time Running" value="128637" />
  <attribute name ="GC Interval" value="0" />
  <attribute name="Target GC Util Change" value ="80.000000" />
  <attribute name="Current GC Util Change" value="40.000000"/>
  <attribute name="Current Error" value="31.000000" />
  <attribute name="Output H" value="18294728"/>
  <attribute name="Output I" value="2064"/>
  <attribute name="Output T" value="16"/>
  <attribute name= "Current Time Running" value="128637" />
  <attribute name="GC Util currently" value="40" />
  <attribute name="CPU Util currently" value="35675703727" />
<cycle-start id="1547" type="global" contextid="0" timestamp="2019-08-08T12:08:14.212" intervalms="0.974" />
<gc-start id="1548" type="global" contextid="1547" timestamp="2019-08-08T12:08:14.212">
  <mem-info id="1549" free="183296" total="18350080" percent="0">
    <mem type="tenure" free="183296" total="18350080" percent="0">
      <mem type="soa" free="0" total="18166784" percent="0" />
      <mem type="loa" free="183296" total="183296" percent="100" />
    </mem>
  </mem-info>
</gc-start>
<allocation-stats totalBytes="11945656" >
  <allocated-bytes non-tlh="200384" tlh="11745272" />
  <largest-consumer threadName="main" threadId="0000000002369F00" bytes="11945656" />
</allocation-stats>
<gc-op id="1550" type="mark" timems="13.160" contextid="1547" timestamp="2019-08-08T12:08:14.226">
  <trace-info objectcount="107391" scancount="89127" scanbytes="2974800" />
  <finalization candidates="80" enqueued="0" />
  <ownableSynchronizers candidates="21" cleared="0" />
  <references type="soft" candidates="1914" cleared="0" enqueued="0" dynamicThreshold="21" maxThreshold="32" />
  <references type="weak" candidates="5376" cleared="0" enqueued="0" />
  <references type="phantom" candidates="97" cleared="0" enqueued="0" />
  <stringconstants candidates="12495" cleared="0"  />
</gc-op>
<gc-op id="1551" type="sweep" timems="3.434" contextid="1547" timestamp="2019-08-08T12:08:14.229" />
<mem-info id="1552" free="12409464" total="18350080" percent="67">
  <mem type="tenure" free="12409464" total="18350080" percent="67" micro-fragmented="65958">
    <mem type="soa" free="12226168" total="18166784" percent="67" />
    <mem type="loa" free="183296" total="183296" percent="100" />
  </mem>
</mem-info>
<gc-op id="1553" type="compact" timems="37.202" contextid="1547" timestamp="2019-08-08T12:08:14.266">
  <compact-info movecount="90181" movebytes="5014912" reason="compact to aid heap contraction" />
</gc-op>
<heap-resize id="1554" type="expand" space="tenure" amount="131072" count="1" timems="0.024" reason="satisfy allocation request" timestamp="2019-08-08T12:08:14.267" />
<gc-end id="1555" type="global" contextid="1547" durationms="54.733" usertimems="73.153" systemtimems="16.250" timestamp="2019-08-08T12:08:14.267" activeThreads="16">
  <mem-info id="1556" free="12550280" total="18481152" percent="67">
    <mem type="tenure" free="12550280" total="18481152" percent="67">
      <mem type="soa" free="12365960" total="18296832" percent="67" />
      <mem type="loa" free="184320" total="184320" percent="100" />
    </mem>
  </mem-info>
</gc-end>
<cycle-end id="1557" type="global" contextid="1547" timestamp="2019-08-08T12:08:14.267" />
  <attribute name="elasticGC enabled" value="1" />
  <attribute name= "numThreadsSpecified" value="16" />
  <attribute name="heapSize specified" value="18350080" />
  <attribute name="Current GC Util" value="48" />
  <attribute name= "Current Time Running" value="128757" />
  <attribute name ="GC Interval" value="0" />
  <attribute name="Target GC Util Change" value ="80.000000" />
  <attribute name="Current GC Util Change" value="48.000000"/>
  <attribute name="Current Error" value="32.000000" />
  <attribute name="Output H" value="18425800"/>
  <attribute name="Output I" value="2072"/>
  <attribute name="Output T" value="16"/>
  <attribute name= "Current Time Running" value="128757" />
  <attribute name="GC Util currently" value="48" />
  <attribute name="CPU Util currently" value="30965996134" />
<allocation-satisfied id="1558" threadId="0000000002369F00" bytesRequested="24" />
<af-end id="1559" timestamp="2019-08-08T12:08:14.267" threadId="000000000236A888" success="true" />
<exclusive-end id="1560" timestamp="2019-08-08T12:08:14.267" durationms="54.961" />

<concurrent-kickoff id="1561" timestamp="2019-08-08T12:08:14.288">
  <kickoff reason="threshold reached" targetBytes="3016032" thresholdFreeBytes="407752" remainingFree="327816" tenureFreeBytes="327816" />
</concurrent-kickoff>
<exclusive-start id="1562" timestamp="2019-08-08T12:08:14.288" intervalms="76.061">
  <response-info timems="0.156" idlems="0.156" threads="0" lastid="0000000002369F00" lastname="main" />
</exclusive-start>
<cycle-start id="1563" type="global" contextid="0" timestamp="2019-08-08T12:08:14.288" intervalms="75.973" />
<exclusive-end id="1564" timestamp="2019-08-08T12:08:14.288" durationms="0.020" />

<exclusive-start id="1565" timestamp="2019-08-08T12:08:14.291" intervalms="2.199">
  <response-info timems="0.077" idlems="0.077" threads="0" lastid="0000000002369F00" lastname="main" />
</exclusive-start>
<af-start id="1566" threadId="000000000236A888" totalBytesRequested="64" timestamp="2019-08-08T12:08:14.291" intervalms="78.270" />
<concurrent-aborted id="1567" timestamp="2019-08-08T12:08:14.291">
  <reason value="insufficient progress made" />
</concurrent-aborted>
<cycle-end id="1568" type="global" contextid="1563" timestamp="2019-08-08T12:08:14.291" />
  <attribute name="elasticGC enabled" value="1" />
  <attribute name= "numThreadsSpecified" value="16" />
  <attribute name="heapSize specified" value="18350080" />
  <attribute name="Current GC Util" value="48" />
  <attribute name= "Current Time Running" value="128757" />
  <attribute name ="GC Interval" value="0" />
  <attribute name="Target GC Util Change" value ="80.000000" />
  <attribute name="Current GC Util Change" value="48.000000"/>
  <attribute name="Current Error" value="32.000000" />
  <attribute name="Output H" value="18425800"/>
  <attribute name="Output I" value="2072"/>
  <attribute name="Output T" value="16"/>
  <attribute name= "Current Time Running" value="128757" />
  <attribute name="GC Util currently" value="48" />
  <attribute name="CPU Util currently" value="30965996134" />
<cycle-start id="1569" type="global" contextid="0" timestamp="2019-08-08T12:08:14.291" intervalms="2.313" />
<gc-start id="1570" type="global" contextid="1569" timestamp="2019-08-08T12:08:14.291">
  <mem-info id="1571" free="184320" total="18481152" percent="0">
    <mem type="tenure" free="184320" total="18481152" percent="0">
      <mem type="soa" free="0" total="18296832" percent="0" />
      <mem type="loa" free="184320" total="184320" percent="100" />
    </mem>
  </mem-info>
</gc-start>
<allocation-stats totalBytes="12430064" >
  <allocated-bytes non-tlh="0" tlh="12430064" />
  <largest-consumer threadName="main" threadId="0000000002369F00" bytes="12430064" />
</allocation-stats>
<gc-op id="1572" type="mark" timems="14.464" contextid="1569" timestamp="2019-08-08T12:08:14.305">
  <trace-info objectcount="114352" scancount="95771" scanbytes="3191824" />
  <finalization candidates="80" enqueued="0" />
  <ownableSynchronizers candidates="21" cleared="0" />
  <references type="soft" candidates="1914" cleared="26" enqueued="24" dynamicThreshold="21" maxThreshold="32" />
  <references type="weak" candidates="5376" cleared="0" enqueued="0" />
  <references type="phantom" candidates="96" cleared="0" enqueued="0" />
  <stringconstants candidates="12495" cleared="0"  />
</gc-op>
<gc-op id="1573" type="classunload" timems="0.008" contextid="1569" timestamp="2019-08-08T12:08:14.305">
  <classunload-info classloadercandidates="38" classloadersunloaded="0" classesunloaded="0" anonymousclassesunloaded="0" quiescems="0.000" setupms="0.007" scanms="0.001" postms="0.000" />
</gc-op>
<gc-op id="1574" type="sweep" timems="2.118" contextid="1569" timestamp="2019-08-08T12:08:14.307" />
<mem-info id="1575" free="12232160" total="18481152" percent="66">
  <mem type="tenure" free="12232160" total="18481152" percent="66" micro-fragmented="236677">
    <mem type="soa" free="12047840" total="18296832" percent="65" />
    <mem type="loa" free="184320" total="184320" percent="100" />
  </mem>
  <pending-finalizers system="0" default="0" reference="24" classloader="0" />
</mem-info>
<gc-op id="1576" type="compact" timems="60.033" contextid="1569" timestamp="2019-08-08T12:08:14.367">
  <compact-info movecount="95913" movebytes="4382608" reason="compact to aid heap contraction" />
</gc-op>
<heap-resize id="1577" type="expand" space="tenure" amount="131072" count="1" timems="0.024" reason="satisfy allocation request" timestamp="2019-08-08T12:08:14.369" />
<gc-end id="1578" type="global" contextid="1569" durationms="78.318" usertimems="104.286" systemtimems="24.994" timestamp="2019-08-08T12:08:14.369" activeThreads="16">
  <mem-info id="1579" free="12669912" total="18612224" percent="68">
    <mem type="tenure" free="12669912" total="18612224" percent="68">
      <mem type="soa" free="12484568" total="18426880" percent="67" />
      <mem type="loa" free="185344" total="185344" percent="100" />
    </mem>
    <pending-finalizers system="0" default="0" reference="24" classloader="0" />
  </mem-info>
</gc-end>
<cycle-end id="1580" type="global" contextid="1569" timestamp="2019-08-08T12:08:14.369" />
  <attribute name="elasticGC enabled" value="1" />
  <attribute name= "numThreadsSpecified" value="16" />
  <attribute name="heapSize specified" value="18481152" />
  <attribute name="Current GC Util" value="76" />
  <attribute name= "Current Time Running" value="128858" />
  <attribute name ="GC Interval" value="0" />
  <attribute name="Target GC Util Change" value ="80.000000" />
  <attribute name="Current GC Util Change" value="76.000000"/>
  <attribute name="Current Error" value="-328.000000" />
  <attribute name="Output H" value="18556456"/>
  <attribute name="Output I" value="1424"/>
  <attribute name="Output T" value="16"/>
  <attribute name= "Current Time Running" value="128858" />
  <attribute name="GC Util currently" value="76" />
  <attribute name="CPU Util currently" value="19187325928" />
<allocation-satisfied id="1581" threadId="0000000002369F00" bytesRequested="64" />
<af-end id="1582" timestamp="2019-08-08T12:08:14.369" threadId="000000000236A888" success="true" />
<exclusive-end id="1583" timestamp="2019-08-08T12:08:14.369" durationms="78.615" />

<concurrent-kickoff id="1584" timestamp="2019-08-08T12:08:14.429">
  <kickoff reason="threshold reached" targetBytes="3037423" thresholdFreeBytes="410644" remainingFree="384952" tenureFreeBytes="384952" />
</concurrent-kickoff>
<exclusive-start id="1585" timestamp="2019-08-08T12:08:14.429" intervalms="138.851">
  <response-info timems="0.056" idlems="0.056" threads="0" lastid="0000000002369F00" lastname="main" />
</exclusive-start>
<cycle-start id="1586" type="global" contextid="0" timestamp="2019-08-08T12:08:14.429" intervalms="138.734" />
<exclusive-end id="1587" timestamp="2019-08-08T12:08:14.429" durationms="0.013" />

<exclusive-start id="1588" timestamp="2019-08-08T12:08:14.433" intervalms="3.888">
  <response-info timems="0.071" idlems="0.071" threads="0" lastid="0000000002369F00" lastname="main" />
</exclusive-start>
<af-start id="1589" threadId="000000000236A888" totalBytesRequested="48" timestamp="2019-08-08T12:08:14.433" intervalms="142.732" />
<concurrent-aborted id="1590" timestamp="2019-08-08T12:08:14.433">
  <reason value="insufficient progress made" />
</concurrent-aborted>
<cycle-end id="1591" type="global" contextid="1586" timestamp="2019-08-08T12:08:14.433" />
  <attribute name="elasticGC enabled" value="1" />
  <attribute name= "numThreadsSpecified" value="16" />
  <attribute name="heapSize specified" value="18481152" />
  <attribute name="Current GC Util" value="76" />
  <attribute name= "Current Time Running" value="128858" />
  <attribute name ="GC Interval" value="0" />
  <attribute name="Target GC Util Change" value ="80.000000" />
  <attribute name="Current GC Util Change" value="76.000000"/>
  <attribute name="Current Error" value="-328.000000" />
  <attribute name="Output H" value="18556456"/>
  <attribute name="Output I" value="1424"/>
  <attribute name="Output T" value="16"/>
  <attribute name= "Current Time Running" value="128858" />
  <attribute name="GC Util currently" value="76" />
  <attribute name="CPU Util currently" value="19187325928" />
<cycle-start id="1592" type="global" contextid="0" timestamp="2019-08-08T12:08:14.433" intervalms="3.983" />
<gc-start id="1593" type="global" contextid="1592" timestamp="2019-08-08T12:08:14.433">
  <mem-info id="1594" free="185344" total="18612224" percent="0">
    <mem type="tenure" free="185344" total="18612224" percent="0">
      <mem type="soa" free="0" total="18426880" percent="0" />
      <mem type="loa" free="185344" total="185344" percent="100" />
    </mem>
  </mem-info>
</gc-start>
<allocation-stats totalBytes="12548440" >
  <allocated-bytes non-tlh="402464" tlh="12145976" />
  <largest-consumer threadName="main" threadId="0000000002369F00" bytes="12548440" />
</allocation-stats>
<gc-op id="1595" type="mark" timems="22.170" contextid="1592" timestamp="2019-08-08T12:08:14.456">
  <trace-info objectcount="108748" scancount="90504" scanbytes="3050792" />
  <finalization candidates="80" enqueued="0" />
  <ownableSynchronizers candidates="21" cleared="0" />
  <references type="soft" candidates="1890" cleared="164" enqueued="161" dynamicThreshold="21" maxThreshold="32" />
  <references type="weak" candidates="5384" cleared="1" enqueued="1" />
  <references type="phantom" candidates="97" cleared="0" enqueued="0" />
  <stringconstants candidates="12514" cleared="12"  />
</gc-op>
<gc-op id="1596" type="sweep" timems="6.238" contextid="1592" timestamp="2019-08-08T12:08:14.462" />
<mem-info id="1597" free="12606384" total="18612224" percent="67">
  <mem type="tenure" free="12606384" total="18612224" percent="67" micro-fragmented="46783">
    <mem type="soa" free="12421040" total="18426880" percent="67" />
    <mem type="loa" free="185344" total="185344" percent="100" />
  </mem>
  <pending-finalizers system="0" default="0" reference="162" classloader="0" />
</mem-info>
<gc-op id="1598" type="compact" timems="30.931" contextid="1592" timestamp="2019-08-08T12:08:14.493">
  <compact-info movecount="91440" movebytes="5091272" reason="compact to aid heap contraction" />
</gc-op>
<heap-resize id="1599" type="expand" space="tenure" amount="131072" count="1" timems="0.018" reason="satisfy allocation request" timestamp="2019-08-08T12:08:14.494" />
<gc-end id="1600" type="global" contextid="1592" durationms="60.144" usertimems="106.726" systemtimems="20.834" timestamp="2019-08-08T12:08:14.494" activeThreads="16">
  <mem-info id="1601" free="12732272" total="18743296" percent="67">
    <mem type="tenure" free="12732272" total="18743296" percent="67">
      <mem type="soa" free="12544880" total="18555904" percent="67" />
      <mem type="loa" free="187392" total="187392" percent="100" />
    </mem>
    <pending-finalizers system="0" default="0" reference="162" classloader="0" />
  </mem-info>
</gc-end>
<cycle-end id="1602" type="global" contextid="1592" timestamp="2019-08-08T12:08:14.494" />
  <attribute name="elasticGC enabled" value="1" />
  <attribute name= "numThreadsSpecified" value="16" />
  <attribute name="heapSize specified" value="18612224" />
  <attribute name="Current GC Util" value="40" />
  <attribute name= "Current Time Running" value="128983" />
  <attribute name ="GC Interval" value="0" />
  <attribute name="Target GC Util Change" value ="80.000000" />
  <attribute name="Current GC Util Change" value="40.000000"/>
  <attribute name="Current Error" value="-2.000000" />
  <attribute name="Output H" value="18687904"/>
  <attribute name="Output I" value="2008"/>
  <attribute name="Output T" value="16"/>
  <attribute name= "Current Time Running" value="128983" />
  <attribute name="GC Util currently" value="40" />
  <attribute name="CPU Util currently" value="37246856808" />
<allocation-satisfied id="1603" threadId="0000000002369F00" bytesRequested="48" />
<af-end id="1604" timestamp="2019-08-08T12:08:14.494" threadId="000000000236A888" success="true" />
<exclusive-end id="1605" timestamp="2019-08-08T12:08:14.494" durationms="60.365" />

<concurrent-kickoff id="1606" timestamp="2019-08-08T12:08:14.511">
  <kickoff reason="threshold reached" targetBytes="3058813" thresholdFreeBytes="413536" remainingFree="374064" tenureFreeBytes="374064" />
</concurrent-kickoff>
<exclusive-start id="1607" timestamp="2019-08-08T12:08:14.511" intervalms="77.722">
  <response-info timems="0.112" idlems="0.112" threads="0" lastid="0000000002369F00" lastname="main" />
</exclusive-start>
<cycle-start id="1608" type="global" contextid="0" timestamp="2019-08-08T12:08:14.511" intervalms="77.647" />
<exclusive-end id="1609" timestamp="2019-08-08T12:08:14.511" durationms="0.034" />

<exclusive-start id="1610" timestamp="2019-08-08T12:08:14.512" intervalms="0.936">
  <response-info timems="0.216" idlems="0.216" threads="0" lastid="0000000002369F00" lastname="main" />
</exclusive-start>
<af-start id="1611" threadId="000000000236A888" totalBytesRequested="40" timestamp="2019-08-08T12:08:14.512" intervalms="78.654" />
<concurrent-aborted id="1612" timestamp="2019-08-08T12:08:14.512">
  <reason value="insufficient progress made" />
</concurrent-aborted>
<cycle-end id="1613" type="global" contextid="1608" timestamp="2019-08-08T12:08:14.512" />
  <attribute name="elasticGC enabled" value="1" />
  <attribute name= "numThreadsSpecified" value="16" />
  <attribute name="heapSize specified" value="18612224" />
  <attribute name="Current GC Util" value="40" />
  <attribute name= "Current Time Running" value="128983" />
  <attribute name ="GC Interval" value="0" />
  <attribute name="Target GC Util Change" value ="80.000000" />
  <attribute name="Current GC Util Change" value="40.000000"/>
  <attribute name="Current Error" value="-2.000000" />
  <attribute name="Output H" value="18687904"/>
  <attribute name="Output I" value="2008"/>
  <attribute name="Output T" value="16"/>
  <attribute name= "Current Time Running" value="128983" />
  <attribute name="GC Util currently" value="40" />
  <attribute name="CPU Util currently" value="37246856808" />
<cycle-start id="1614" type="global" contextid="0" timestamp="2019-08-08T12:08:14.512" intervalms="1.023" />
<gc-start id="1615" type="global" contextid="1614" timestamp="2019-08-08T12:08:14.512">
  <mem-info id="1616" free="187392" total="18743296" percent="0">
    <mem type="tenure" free="187392" total="18743296" percent="0">
      <mem type="soa" free="0" total="18555904" percent="0" />
      <mem type="loa" free="187392" total="187392" percent="100" />
    </mem>
  </mem-info>
</gc-start>
<allocation-stats totalBytes="12609208" >
  <allocated-bytes non-tlh="576" tlh="12608632" />
  <largest-consumer threadName="main" threadId="0000000002369F00" bytes="12605112" />
</allocation-stats>
<gc-op id="1617" type="mark" timems="11.774" contextid="1614" timestamp="2019-08-08T12:08:14.524">
  <trace-info objectcount="122111" scancount="102030" scanbytes="3506204" />
  <finalization candidates="80" enqueued="0" />
  <ownableSynchronizers candidates="21" cleared="0" />
  <references type="soft" candidates="1726" cleared="1" enqueued="0" dynamicThreshold="21" maxThreshold="32" />
  <references type="weak" candidates="5384" cleared="0" enqueued="0" />
  <references type="phantom" candidates="97" cleared="0" enqueued="0" />
  <stringconstants candidates="12514" cleared="22"  />
</gc-op>
<gc-op id="1618" type="sweep" timems="1.628" contextid="1614" timestamp="2019-08-08T12:08:14.526" />
<mem-info id="1619" free="12086664" total="18743296" percent="64">
  <mem type="tenure" free="12086664" total="18743296" percent="64" micro-fragmented="21590">
    <mem type="soa" free="11899272" total="18555904" percent="64" />
    <mem type="loa" free="187392" total="187392" percent="100" />
  </mem>
</mem-info>
<gc-op id="1620" type="compact" timems="33.640" contextid="1614" timestamp="2019-08-08T12:08:14.559">
  <compact-info movecount="104807" movebytes="5578568" reason="compact to aid heap contraction" />
</gc-op>
<heap-resize id="1621" type="expand" space="tenure" amount="131072" count="1" timems="0.020" reason="satisfy allocation request" timestamp="2019-08-08T12:08:14.560" />
<gc-end id="1622" type="global" contextid="1614" durationms="48.017" usertimems="71.362" systemtimems="21.982" timestamp="2019-08-08T12:08:14.560" activeThreads="16">
  <mem-info id="1623" free="12376128" total="18874368" percent="65">
    <mem type="tenure" free="12376128" total="18874368" percent="65">
      <mem type="soa" free="12187712" total="18685952" percent="65" />
      <mem type="loa" free="188416" total="188416" percent="100" />
    </mem>
  </mem-info>
</gc-end>
<cycle-end id="1624" type="global" contextid="1614" timestamp="2019-08-08T12:08:14.560" />
  <attribute name="elasticGC enabled" value="1" />
  <attribute name= "numThreadsSpecified" value="16" />
  <attribute name="heapSize specified" value="18743296" />
  <attribute name="Current GC Util" value="55" />
  <attribute name= "Current Time Running" value="129049" />
  <attribute name ="GC Interval" value="0" />
  <attribute name="Target GC Util Change" value ="80.000000" />
  <attribute name="Current GC Util Change" value="55.000000"/>
  <attribute name="Current Error" value="-196.000000" />
  <attribute name="Output H" value="18818752"/>
  <attribute name="Output I" value="1664"/>
  <attribute name="Output T" value="16"/>
  <attribute name= "Current Time Running" value="129049" />
  <attribute name="GC Util currently" value="55" />
  <attribute name="CPU Util currently" value="34236637586" />
<allocation-satisfied id="1625" threadId="0000000002369F00" bytesRequested="40" />
<af-end id="1626" timestamp="2019-08-08T12:08:14.560" threadId="000000000236A888" success="true" />
<exclusive-end id="1627" timestamp="2019-08-08T12:08:14.560" durationms="48.268" />

<concurrent-kickoff id="1628" timestamp="2019-08-08T12:08:14.600">
  <kickoff reason="threshold reached" targetBytes="3080204" thresholdFreeBytes="416428" remainingFree="338408" tenureFreeBytes="338408" />
</concurrent-kickoff>
<exclusive-start id="1629" timestamp="2019-08-08T12:08:14.600" intervalms="88.481">
  <response-info timems="0.081" idlems="0.081" threads="0" lastid="0000000002369F00" lastname="main" />
</exclusive-start>
<cycle-start id="1630" type="global" contextid="0" timestamp="2019-08-08T12:08:14.600" intervalms="88.379" />
<exclusive-end id="1631" timestamp="2019-08-08T12:08:14.600" durationms="0.021" />

<exclusive-start id="1632" timestamp="2019-08-08T12:08:14.601" intervalms="1.023">
  <response-info timems="0.131" idlems="0.131" threads="0" lastid="0000000002369F00" lastname="main" />
</exclusive-start>
<af-start id="1633" threadId="000000000236A888" totalBytesRequested="32" timestamp="2019-08-08T12:08:14.602" intervalms="89.509" />
<concurrent-aborted id="1634" timestamp="2019-08-08T12:08:14.602">
  <reason value="insufficient progress made" />
</concurrent-aborted>
<cycle-end id="1635" type="global" contextid="1630" timestamp="2019-08-08T12:08:14.602" />
  <attribute name="elasticGC enabled" value="1" />
  <attribute name= "numThreadsSpecified" value="16" />
  <attribute name="heapSize specified" value="18743296" />
  <attribute name="Current GC Util" value="55" />
  <attribute name= "Current Time Running" value="129049" />
  <attribute name ="GC Interval" value="0" />
  <attribute name="Target GC Util Change" value ="80.000000" />
  <attribute name="Current GC Util Change" value="55.000000"/>
  <attribute name="Current Error" value="-196.000000" />
  <attribute name="Output H" value="18818752"/>
  <attribute name="Output I" value="1664"/>
  <attribute name="Output T" value="16"/>
  <attribute name= "Current Time Running" value="129049" />
  <attribute name="GC Util currently" value="55" />
  <attribute name="CPU Util currently" value="34236637586" />
<cycle-start id="1636" type="global" contextid="0" timestamp="2019-08-08T12:08:14.602" intervalms="1.110" />
<gc-start id="1637" type="global" contextid="1636" timestamp="2019-08-08T12:08:14.602">
  <mem-info id="1638" free="188416" total="18874368" percent="0">
    <mem type="tenure" free="188416" total="18874368" percent="0">
      <mem type="soa" free="0" total="18685952" percent="0" />
      <mem type="loa" free="188416" total="188416" percent="100" />
    </mem>
  </mem-info>
</gc-start>
<allocation-stats totalBytes="12251640" >
  <allocated-bytes non-tlh="601688" tlh="11649952" />
  <largest-consumer threadName="main" threadId="0000000002369F00" bytes="12251640" />
</allocation-stats>
<gc-op id="1639" type="mark" timems="10.140" contextid="1636" timestamp="2019-08-08T12:08:14.612">
  <trace-info objectcount="104888" scancount="87106" scanbytes="2872348" />
  <finalization candidates="80" enqueued="0" />
  <ownableSynchronizers candidates="21" cleared="0" />
  <references type="soft" candidates="1728" cleared="115" enqueued="112" dynamicThreshold="20" maxThreshold="32" />
  <references type="weak" candidates="5401" cleared="0" enqueued="0" />
  <references type="phantom" candidates="97" cleared="0" enqueued="0" />
  <stringconstants candidates="12519" cleared="0"  />
</gc-op>
<gc-op id="1640" type="sweep" timems="5.084" contextid="1636" timestamp="2019-08-08T12:08:14.617" />
<mem-info id="1641" free="13099840" total="18874368" percent="69">
  <mem type="tenure" free="13099840" total="18874368" percent="69" micro-fragmented="45195">
    <mem type="soa" free="12911424" total="18685952" percent="69" />
    <mem type="loa" free="188416" total="188416" percent="100" />
  </mem>
  <pending-finalizers system="0" default="0" reference="112" classloader="0" />
</mem-info>
<gc-op id="1642" type="compact" timems="25.632" contextid="1636" timestamp="2019-08-08T12:08:14.643">
  <compact-info movecount="73438" movebytes="3745208" reason="compact to aid heap contraction" />
</gc-op>
<heap-resize id="1643" type="expand" space="tenure" amount="131072" count="1" timems="0.021" reason="satisfy allocation request" timestamp="2019-08-08T12:08:14.643" />
<gc-end id="1644" type="global" contextid="1636" durationms="41.613" usertimems="68.832" systemtimems="0.000" timestamp="2019-08-08T12:08:14.643" activeThreads="16">
  <mem-info id="1645" free="13210832" total="19005440" percent="69">
    <mem type="tenure" free="13210832" total="19005440" percent="69">
      <mem type="soa" free="13021392" total="18816000" percent="69" />
      <mem type="loa" free="189440" total="189440" percent="100" />
    </mem>
    <pending-finalizers system="0" default="0" reference="112" classloader="0" />
  </mem-info>
</gc-end>
<cycle-end id="1646" type="global" contextid="1636" timestamp="2019-08-08T12:08:14.643" />
  <attribute name="elasticGC enabled" value="1" />
  <attribute name= "numThreadsSpecified" value="16" />
  <attribute name="heapSize specified" value="18874368" />
  <attribute name="Current GC Util" value="50" />
  <attribute name= "Current Time Running" value="129133" />
  <attribute name ="GC Interval" value="0" />
  <attribute name="Target GC Util Change" value ="80.000000" />
  <attribute name="Current GC Util Change" value="50.000000"/>
  <attribute name="Current Error" value="77.000000" />
  <attribute name="Output H" value="18950136"/>
  <attribute name="Output I" value="2152"/>
  <attribute name="Output T" value="16"/>
  <attribute name= "Current Time Running" value="129133" />
  <attribute name="GC Util currently" value="50" />
  <attribute name="CPU Util currently" value="44884205845" />
<allocation-satisfied id="1647" threadId="0000000002369F00" bytesRequested="32" />
<af-end id="1648" timestamp="2019-08-08T12:08:14.643" threadId="000000000236A888" success="true" />
<exclusive-end id="1649" timestamp="2019-08-08T12:08:14.643" durationms="41.845" />

<concurrent-kickoff id="1650" timestamp="2019-08-08T12:08:14.672">
  <kickoff reason="threshold reached" targetBytes="3101594" thresholdFreeBytes="419320" remainingFree="394720" tenureFreeBytes="394720" />
</concurrent-kickoff>
<exclusive-start id="1651" timestamp="2019-08-08T12:08:14.672" intervalms="70.535">
  <response-info timems="0.065" idlems="0.065" threads="0" lastid="0000000002369F00" lastname="main" />
</exclusive-start>
<cycle-start id="1652" type="global" contextid="0" timestamp="2019-08-08T12:08:14.672" intervalms="70.452" />
<exclusive-end id="1653" timestamp="2019-08-08T12:08:14.672" durationms="0.023" />

<exclusive-start id="1654" timestamp="2019-08-08T12:08:14.673" intervalms="1.215">
  <response-info timems="0.046" idlems="0.046" threads="0" lastid="0000000002369F00" lastname="main" />
</exclusive-start>
<af-start id="1655" threadId="000000000236A888" totalBytesRequested="32" timestamp="2019-08-08T12:08:14.673" intervalms="71.724" />
<concurrent-aborted id="1656" timestamp="2019-08-08T12:08:14.673">
  <reason value="insufficient progress made" />
</concurrent-aborted>
<cycle-end id="1657" type="global" contextid="1652" timestamp="2019-08-08T12:08:14.673" />
  <attribute name="elasticGC enabled" value="1" />
  <attribute name= "numThreadsSpecified" value="16" />
  <attribute name="heapSize specified" value="18874368" />
  <attribute name="Current GC Util" value="50" />
  <attribute name= "Current Time Running" value="129133" />
  <attribute name ="GC Interval" value="0" />
  <attribute name="Target GC Util Change" value ="80.000000" />
  <attribute name="Current GC Util Change" value="50.000000"/>
  <attribute name="Current Error" value="77.000000" />
  <attribute name="Output H" value="18950136"/>
  <attribute name="Output I" value="2152"/>
  <attribute name="Output T" value="16"/>
  <attribute name= "Current Time Running" value="129133" />
  <attribute name="GC Util currently" value="50" />
  <attribute name="CPU Util currently" value="44884205845" />
<cycle-start id="1658" type="global" contextid="0" timestamp="2019-08-08T12:08:14.673" intervalms="1.260" />
<gc-start id="1659" type="global" contextid="1658" timestamp="2019-08-08T12:08:14.673">
  <mem-info id="1660" free="189440" total="19005440" percent="0">
    <mem type="tenure" free="189440" total="19005440" percent="0">
      <mem type="soa" free="0" total="18816000" percent="0" />
      <mem type="loa" free="189440" total="189440" percent="100" />
    </mem>
  </mem-info>
</gc-start>
<allocation-stats totalBytes="13085192" >
  <allocated-bytes non-tlh="200432" tlh="12884760" />
  <largest-consumer threadName="main" threadId="0000000002369F00" bytes="13085192" />
</allocation-stats>
<gc-op id="1661" type="mark" timems="10.593" contextid="1658" timestamp="2019-08-08T12:08:14.684">
  <trace-info objectcount="108129" scancount="89975" scanbytes="3017396" />
  <finalization candidates="80" enqueued="0" />
  <ownableSynchronizers candidates="21" cleared="0" />
  <references type="soft" candidates="1614" cleared="0" enqueued="0" dynamicThreshold="22" maxThreshold="32" />
  <references type="weak" candidates="5401" cleared="0" enqueued="0" />
  <references type="phantom" candidates="97" cleared="0" enqueued="0" />
  <stringconstants candidates="12525" cleared="55"  />
</gc-op>
<gc-op id="1662" type="classunload" timems="0.010" contextid="1658" timestamp="2019-08-08T12:08:14.684">
  <classunload-info classloadercandidates="44" classloadersunloaded="0" classesunloaded="0" anonymousclassesunloaded="0" quiescems="0.000" setupms="0.009" scanms="0.001" postms="0.000" />
</gc-op>
<gc-op id="1663" type="sweep" timems="2.084" contextid="1658" timestamp="2019-08-08T12:08:14.686" />
<mem-info id="1664" free="13034952" total="19005440" percent="68">
  <mem type="tenure" free="13034952" total="19005440" percent="68" micro-fragmented="56525">
    <mem type="soa" free="12845512" total="18816000" percent="68" />
    <mem type="loa" free="189440" total="189440" percent="100" />
  </mem>
</mem-info>
<gc-op id="1665" type="compact" timems="22.485" contextid="1658" timestamp="2019-08-08T12:08:14.709">
  <compact-info movecount="65179" movebytes="3399088" reason="compact to aid heap contraction" />
</gc-op>
<heap-resize id="1666" type="expand" space="tenure" amount="131072" count="1" timems="0.019" reason="satisfy allocation request" timestamp="2019-08-08T12:08:14.710" />
<gc-end id="1667" type="global" contextid="1658" durationms="36.601" usertimems="54.990" systemtimems="4.325" timestamp="2019-08-08T12:08:14.710" activeThreads="16">
  <mem-info id="1668" free="13175296" total="19136512" percent="68">
    <mem type="tenure" free="13175296" total="19136512" percent="68">
      <mem type="soa" free="12984832" total="18946048" percent="68" />
      <mem type="loa" free="190464" total="190464" percent="100" />
    </mem>
  </mem-info>
</gc-end>
<cycle-end id="1669" type="global" contextid="1658" timestamp="2019-08-08T12:08:14.710" />
  <attribute name="elasticGC enabled" value="1" />
  <attribute name= "numThreadsSpecified" value="16" />
  <attribute name="heapSize specified" value="19005440" />
  <attribute name="Current GC Util" value="49" />
  <attribute name= "Current Time Running" value="129199" />
  <attribute name ="GC Interval" value="0" />
  <attribute name="Target GC Util Change" value ="80.000000" />
  <attribute name="Current GC Util Change" value="49.000000"/>
  <attribute name="Current Error" value="47.000000" />
  <attribute name="Output H" value="19081176"/>
  <attribute name="Output I" value="2096"/>
  <attribute name="Output T" value="16"/>
  <attribute name= "Current Time Running" value="129199" />
  <attribute name="GC Util currently" value="49" />
  <attribute name="CPU Util currently" value="51176231273" />
<allocation-satisfied id="1670" threadId="0000000002369F00" bytesRequested="32" />
<af-end id="1671" timestamp="2019-08-08T12:08:14.710" threadId="000000000236A888" success="true" />
<exclusive-end id="1672" timestamp="2019-08-08T12:08:14.710" durationms="36.774" />

<concurrent-kickoff id="1673" timestamp="2019-08-08T12:08:14.739">
  <kickoff reason="threshold reached" targetBytes="3122984" thresholdFreeBytes="422211" remainingFree="359248" tenureFreeBytes="359248" />
</concurrent-kickoff>
<exclusive-start id="1674" timestamp="2019-08-08T12:08:14.739" intervalms="65.933">
  <response-info timems="0.195" idlems="0.195" threads="0" lastid="0000000002369F00" lastname="main" />
</exclusive-start>
<cycle-start id="1675" type="global" contextid="0" timestamp="2019-08-08T12:08:14.739" intervalms="65.897" />
<exclusive-end id="1676" timestamp="2019-08-08T12:08:14.739" durationms="0.036" />

<exclusive-start id="1677" timestamp="2019-08-08T12:08:14.740" intervalms="1.181">
  <response-info timems="0.096" idlems="0.096" threads="0" lastid="0000000002369F00" lastname="main" />
</exclusive-start>
<af-start id="1678" threadId="000000000236A888" totalBytesRequested="32" timestamp="2019-08-08T12:08:14.740" intervalms="67.131" />
<concurrent-aborted id="1679" timestamp="2019-08-08T12:08:14.740">
  <reason value="insufficient progress made" />
</concurrent-aborted>
<cycle-end id="1680" type="global" contextid="1675" timestamp="2019-08-08T12:08:14.740" />
  <attribute name="elasticGC enabled" value="1" />
  <attribute name= "numThreadsSpecified" value="16" />
  <attribute name="heapSize specified" value="19005440" />
  <attribute name="Current GC Util" value="49" />
  <attribute name= "Current Time Running" value="129199" />
  <attribute name ="GC Interval" value="0" />
  <attribute name="Target GC Util Change" value ="80.000000" />
  <attribute name="Current GC Util Change" value="49.000000"/>
  <attribute name="Current Error" value="47.000000" />
  <attribute name="Output H" value="19081176"/>
  <attribute name="Output I" value="2096"/>
  <attribute name="Output T" value="16"/>
  <attribute name= "Current Time Running" value="129199" />
  <attribute name="GC Util currently" value="49" />
  <attribute name="CPU Util currently" value="51176231273" />
<cycle-start id="1681" type="global" contextid="0" timestamp="2019-08-08T12:08:14.740" intervalms="1.263" />
<gc-start id="1682" type="global" contextid="1681" timestamp="2019-08-08T12:08:14.740">
  <mem-info id="1683" free="190464" total="19136512" percent="0">
    <mem type="tenure" free="190464" total="19136512" percent="0">
      <mem type="soa" free="0" total="18946048" percent="0" />
      <mem type="loa" free="190464" total="190464" percent="100" />
    </mem>
  </mem-info>
</gc-start>
<allocation-stats totalBytes="13048112" >
  <allocated-bytes non-tlh="200368" tlh="12847744" />
  <largest-consumer threadName="main" threadId="0000000002369F00" bytes="13048112" />
</allocation-stats>
<gc-op id="1684" type="mark" timems="4.393" contextid="1681" timestamp="2019-08-08T12:08:14.745">
  <trace-info objectcount="107614" scancount="89532" scanbytes="2990260" />
  <finalization candidates="80" enqueued="0" />
  <ownableSynchronizers candidates="21" cleared="0" />
  <references type="soft" candidates="1615" cleared="0" enqueued="0" dynamicThreshold="22" maxThreshold="32" />
  <references type="weak" candidates="5401" cleared="0" enqueued="0" />
  <references type="phantom" candidates="97" cleared="0" enqueued="0" />
  <stringconstants candidates="12475" cleared="0"  />
</gc-op>
<gc-op id="1685" type="sweep" timems="1.921" contextid="1681" timestamp="2019-08-08T12:08:14.747" />
<mem-info id="1686" free="13221152" total="19136512" percent="69">
  <mem type="tenure" free="13221152" total="19136512" percent="69" micro-fragmented="13050">
    <mem type="soa" free="13030688" total="18946048" percent="68" />
    <mem type="loa" free="190464" total="190464" percent="100" />
  </mem>
</mem-info>
<gc-op id="1687" type="compact" timems="20.945" contextid="1681" timestamp="2019-08-08T12:08:14.768">
  <compact-info movecount="61537" movebytes="3264944" reason="compact to aid heap contraction" />
</gc-op>
<heap-resize id="1688" type="expand" space="tenure" amount="131072" count="1" timems="0.022" reason="satisfy allocation request" timestamp="2019-08-08T12:08:14.769" />
<gc-end id="1689" type="global" contextid="1681" durationms="28.217" usertimems="50.411" systemtimems="0.000" timestamp="2019-08-08T12:08:14.769" activeThreads="16">
  <mem-info id="1690" free="13324368" total="19267584" percent="69">
    <mem type="tenure" free="13324368" total="19267584" percent="69">
      <mem type="soa" free="13131856" total="19075072" percent="68" />
      <mem type="loa" free="192512" total="192512" percent="100" />
    </mem>
  </mem-info>
</gc-end>
<cycle-end id="1691" type="global" contextid="1681" timestamp="2019-08-08T12:08:14.769" />
  <attribute name="elasticGC enabled" value="1" />
  <attribute name= "numThreadsSpecified" value="16" />
  <attribute name="heapSize specified" value="19136512" />
  <attribute name="Current GC Util" value="56" />
  <attribute name= "Current Time Running" value="129258" />
  <attribute name ="GC Interval" value="0" />
  <attribute name="Target GC Util Change" value ="80.000000" />
  <attribute name="Current GC Util Change" value="56.000000"/>
  <attribute name="Current Error" value="24.000000" />
  <attribute name="Output H" value="19212224"/>
  <attribute name="Output I" value="2056"/>
  <attribute name="Output T" value="16"/>
  <attribute name= "Current Time Running" value="129258" />
  <attribute name="GC Util currently" value="56" />
  <attribute name="CPU Util currently" value="54958674221" />
<allocation-satisfied id="1692" threadId="0000000002369F00" bytesRequested="32" />
<af-end id="1693" timestamp="2019-08-08T12:08:14.769" threadId="000000000236A888" success="true" />
<exclusive-end id="1694" timestamp="2019-08-08T12:08:14.769" durationms="28.495" />

<concurrent-kickoff id="1695" timestamp="2019-08-08T12:08:14.787">
  <kickoff reason="threshold reached" targetBytes="3144374" thresholdFreeBytes="425103" remainingFree="315472" tenureFreeBytes="315472" />
</concurrent-kickoff>
<exclusive-start id="1696" timestamp="2019-08-08T12:08:14.787" intervalms="46.782">
  <response-info timems="0.053" idlems="0.053" threads="0" lastid="0000000002369F00" lastname="main" />
</exclusive-start>
<cycle-start id="1697" type="global" contextid="0" timestamp="2019-08-08T12:08:14.787" intervalms="46.688" />
<exclusive-end id="1698" timestamp="2019-08-08T12:08:14.787" durationms="0.021" />

<exclusive-start id="1699" timestamp="2019-08-08T12:08:14.788" intervalms="0.679">
  <response-info timems="0.048" idlems="0.048" threads="0" lastid="0000000002369F00" lastname="main" />
</exclusive-start>
<af-start id="1700" threadId="000000000236A888" totalBytesRequested="48" timestamp="2019-08-08T12:08:14.788" intervalms="47.454" />
<concurrent-aborted id="1701" timestamp="2019-08-08T12:08:14.788">
  <reason value="insufficient progress made" />
</concurrent-aborted>
<cycle-end id="1702" type="global" contextid="1697" timestamp="2019-08-08T12:08:14.788" />
  <attribute name="elasticGC enabled" value="1" />
  <attribute name= "numThreadsSpecified" value="16" />
  <attribute name="heapSize specified" value="19136512" />
  <attribute name="Current GC Util" value="56" />
  <attribute name= "Current Time Running" value="129258" />
  <attribute name ="GC Interval" value="0" />
  <attribute name="Target GC Util Change" value ="80.000000" />
  <attribute name="Current GC Util Change" value="56.000000"/>
  <attribute name="Current Error" value="24.000000" />
  <attribute name="Output H" value="19212224"/>
  <attribute name="Output I" value="2056"/>
  <attribute name="Output T" value="16"/>
  <attribute name= "Current Time Running" value="129258" />
  <attribute name="GC Util currently" value="56" />
  <attribute name="CPU Util currently" value="54958674221" />
<cycle-start id="1703" type="global" contextid="0" timestamp="2019-08-08T12:08:14.788" intervalms="0.864" />
<gc-start id="1704" type="global" contextid="1703" timestamp="2019-08-08T12:08:14.788">
  <mem-info id="1705" free="192512" total="19267584" percent="0">
    <mem type="tenure" free="192512" total="19267584" percent="0">
      <mem type="soa" free="0" total="19075072" percent="0" />
      <mem type="loa" free="192512" total="192512" percent="100" />
    </mem>
  </mem-info>
</gc-start>
<allocation-stats totalBytes="13196088" >
  <allocated-bytes non-tlh="0" tlh="13196088" />
  <largest-consumer threadName="main" threadId="0000000002369F00" bytes="13196088" />
</allocation-stats>
<gc-op id="1706" type="mark" timems="5.811" contextid="1703" timestamp="2019-08-08T12:08:14.794">
  <trace-info objectcount="116191" scancount="97266" scanbytes="3289776" />
  <finalization candidates="80" enqueued="0" />
  <ownableSynchronizers candidates="21" cleared="0" />
  <references type="soft" candidates="1615" cleared="76" enqueued="75" dynamicThreshold="22" maxThreshold="32" />
  <references type="weak" candidates="5401" cleared="0" enqueued="0" />
  <references type="phantom" candidates="97" cleared="0" enqueued="0" />
  <stringconstants candidates="12475" cleared="0"  />
</gc-op>
<gc-op id="1707" type="sweep" timems="1.657" contextid="1703" timestamp="2019-08-08T12:08:14.796" />
<mem-info id="1708" free="12913944" total="19267584" percent="67">
  <mem type="tenure" free="12913944" total="19267584" percent="67" micro-fragmented="47461">
    <mem type="soa" free="12721432" total="19075072" percent="66" />
    <mem type="loa" free="192512" total="192512" percent="100" />
  </mem>
  <pending-finalizers system="0" default="0" reference="75" classloader="0" />
</mem-info>
<gc-op id="1709" type="compact" timems="29.685" contextid="1703" timestamp="2019-08-08T12:08:14.826">
  <compact-info movecount="84701" movebytes="4207256" reason="compact to aid heap contraction" />
</gc-op>
<heap-resize id="1710" type="expand" space="tenure" amount="131072" count="1" timems="0.020" reason="satisfy allocation request" timestamp="2019-08-08T12:08:14.826" />
<gc-end id="1711" type="global" contextid="1703" durationms="38.233" usertimems="65.205" systemtimems="0.000" timestamp="2019-08-08T12:08:14.826" activeThreads="16">
  <mem-info id="1712" free="13140600" total="19398656" percent="67">
    <mem type="tenure" free="13140600" total="19398656" percent="67">
      <mem type="soa" free="12947064" total="19205120" percent="67" />
      <mem type="loa" free="193536" total="193536" percent="100" />
    </mem>
    <pending-finalizers system="0" default="0" reference="75" classloader="0" />
  </mem-info>
</gc-end>
<cycle-end id="1713" type="global" contextid="1703" timestamp="2019-08-08T12:08:14.826" />
  <attribute name="elasticGC enabled" value="1" />
  <attribute name= "numThreadsSpecified" value="16" />
  <attribute name="heapSize specified" value="19267584" />
  <attribute name="Current GC Util" value="59" />
  <attribute name= "Current Time Running" value="129316" />
  <attribute name ="GC Interval" value="0" />
  <attribute name="Target GC Util Change" value ="80.000000" />
  <attribute name="Current GC Util Change" value="59.000000"/>
  <attribute name="Current Error" value="-197.000000" />
  <attribute name="Output H" value="19343040"/>
  <attribute name="Output I" value="1664"/>
  <attribute name="Output T" value="16"/>
  <attribute name= "Current Time Running" value="129316" />
  <attribute name="GC Util currently" value="59" />
  <attribute name="CPU Util currently" value="38782821152" />
<allocation-satisfied id="1714" threadId="0000000002369F00" bytesRequested="48" />
<af-end id="1715" timestamp="2019-08-08T12:08:14.826" threadId="000000000236A888" success="true" />
<exclusive-end id="1716" timestamp="2019-08-08T12:08:14.826" durationms="38.560" />

<concurrent-kickoff id="1717" timestamp="2019-08-08T12:08:14.886">
  <kickoff reason="threshold reached" targetBytes="3165765" thresholdFreeBytes="427995" remainingFree="308944" tenureFreeBytes="308944" />
</concurrent-kickoff>
<exclusive-start id="1718" timestamp="2019-08-08T12:08:14.886" intervalms="98.531">
  <response-info timems="0.283" idlems="0.283" threads="0" lastid="0000000002369F00" lastname="main" />
</exclusive-start>
<cycle-start id="1719" type="global" contextid="0" timestamp="2019-08-08T12:08:14.886" intervalms="98.388" />
<exclusive-end id="1720" timestamp="2019-08-08T12:08:14.886" durationms="0.066" />

<exclusive-start id="1721" timestamp="2019-08-08T12:08:14.887" intervalms="1.127">
  <response-info timems="0.051" idlems="0.051" threads="0" lastid="0000000002369F00" lastname="main" />
</exclusive-start>
<af-start id="1722" threadId="000000000236A888" totalBytesRequested="32" timestamp="2019-08-08T12:08:14.887" intervalms="99.664" />
<concurrent-aborted id="1723" timestamp="2019-08-08T12:08:14.887">
  <reason value="insufficient progress made" />
</concurrent-aborted>
<cycle-end id="1724" type="global" contextid="1719" timestamp="2019-08-08T12:08:14.887" />
  <attribute name="elasticGC enabled" value="1" />
  <attribute name= "numThreadsSpecified" value="16" />
  <attribute name="heapSize specified" value="19267584" />
  <attribute name="Current GC Util" value="59" />
  <attribute name= "Current Time Running" value="129316" />
  <attribute name ="GC Interval" value="0" />
  <attribute name="Target GC Util Change" value ="80.000000" />
  <attribute name="Current GC Util Change" value="59.000000"/>
  <attribute name="Current Error" value="-197.000000" />
  <attribute name="Output H" value="19343040"/>
  <attribute name="Output I" value="1664"/>
  <attribute name="Output T" value="16"/>
  <attribute name= "Current Time Running" value="129316" />
  <attribute name="GC Util currently" value="59" />
  <attribute name="CPU Util currently" value="38782821152" />
<cycle-start id="1725" type="global" contextid="0" timestamp="2019-08-08T12:08:14.888" intervalms="1.151" />
<gc-start id="1726" type="global" contextid="1725" timestamp="2019-08-08T12:08:14.888">
  <mem-info id="1727" free="193536" total="19398656" percent="0">
    <mem type="tenure" free="193536" total="19398656" percent="0">
      <mem type="soa" free="0" total="19205120" percent="0" />
      <mem type="loa" free="193536" total="193536" percent="100" />
    </mem>
  </mem-info>
</gc-start>
<allocation-stats totalBytes="13010424" >
  <allocated-bytes non-tlh="1002408" tlh="12008016" />
  <largest-consumer threadName="main" threadId="0000000002369F00" bytes="13010424" />
</allocation-stats>
<gc-op id="1728" type="mark" timems="11.522" contextid="1725" timestamp="2019-08-08T12:08:14.899">
  <trace-info objectcount="107657" scancount="89461" scanbytes="2988316" />
  <finalization candidates="80" enqueued="0" />
  <ownableSynchronizers candidates="21" cleared="0" />
  <references type="soft" candidates="1544" cleared="35" enqueued="32" dynamicThreshold="21" maxThreshold="32" />
  <references type="weak" candidates="5421" cleared="0" enqueued="0" />
  <references type="phantom" candidates="97" cleared="0" enqueued="0" />
  <stringconstants candidates="12510" cleared="8"  />
</gc-op>
<gc-op id="1729" type="sweep" timems="3.899" contextid="1725" timestamp="2019-08-08T12:08:14.903" />
<mem-info id="1730" free="13395208" total="19398656" percent="69">
  <mem type="tenure" free="13395208" total="19398656" percent="69" micro-fragmented="50154">
    <mem type="soa" free="13201672" total="19205120" percent="68" />
    <mem type="loa" free="193536" total="193536" percent="100" />
  </mem>
  <pending-finalizers system="0" default="0" reference="32" classloader="0" />
</mem-info>
<gc-op id="1731" type="compact" timems="33.260" contextid="1725" timestamp="2019-08-08T12:08:14.937">
  <compact-info movecount="90593" movebytes="5034672" reason="compact to aid heap contraction" />
</gc-op>
<heap-resize id="1732" type="expand" space="tenure" amount="131072" count="1" timems="0.027" reason="satisfy allocation request" timestamp="2019-08-08T12:08:14.937" />
<gc-end id="1733" type="global" contextid="1725" durationms="49.711" usertimems="120.786" systemtimems="0.000" timestamp="2019-08-08T12:08:14.937" activeThreads="16">
  <mem-info id="1734" free="13584200" total="19529728" percent="69">
    <mem type="tenure" free="13584200" total="19529728" percent="69">
      <mem type="soa" free="13389640" total="19335168" percent="69" />
      <mem type="loa" free="194560" total="194560" percent="100" />
    </mem>
    <pending-finalizers system="0" default="0" reference="32" classloader="0" />
  </mem-info>
</gc-end>
<cycle-end id="1735" type="global" contextid="1725" timestamp="2019-08-08T12:08:14.937" />
  <attribute name="elasticGC enabled" value="1" />
  <attribute name= "numThreadsSpecified" value="16" />
  <attribute name="heapSize specified" value="19398656" />
  <attribute name="Current GC Util" value="38" />
  <attribute name= "Current Time Running" value="129427" />
  <attribute name ="GC Interval" value="0" />
  <attribute name="Target GC Util Change" value ="80.000000" />
  <attribute name="Current GC Util Change" value="38.000000"/>
  <attribute name="Current Error" value="24.000000" />
  <attribute name="Output H" value="19474368"/>
  <attribute name="Output I" value="2056"/>
  <attribute name="Output T" value="16"/>
  <attribute name= "Current Time Running" value="129427" />
  <attribute name="GC Util currently" value="38" />
  <attribute name="CPU Util currently" value="34623833389" />
<allocation-satisfied id="1736" threadId="0000000002369F00" bytesRequested="32" />
<af-end id="1737" timestamp="2019-08-08T12:08:14.937" threadId="000000000236A888" success="true" />
<exclusive-end id="1738" timestamp="2019-08-08T12:08:14.937" durationms="49.925" />

<concurrent-kickoff id="1739" timestamp="2019-08-08T12:08:14.984">
  <kickoff reason="threshold reached" targetBytes="3187155" thresholdFreeBytes="430887" remainingFree="304496" tenureFreeBytes="304496" />
</concurrent-kickoff>
<exclusive-start id="1740" timestamp="2019-08-08T12:08:14.985" intervalms="97.132">
  <response-info timems="0.090" idlems="0.090" threads="0" lastid="0000000002369F00" lastname="main" />
</exclusive-start>
<cycle-start id="1741" type="global" contextid="0" timestamp="2019-08-08T12:08:14.985" intervalms="97.062" />
<exclusive-end id="1742" timestamp="2019-08-08T12:08:14.985" durationms="0.018" />

<exclusive-start id="1743" timestamp="2019-08-08T12:08:14.985" intervalms="0.795">
  <response-info timems="0.136" idlems="0.136" threads="0" lastid="0000000002369F00" lastname="main" />
</exclusive-start>
<af-start id="1744" threadId="000000000236A888" totalBytesRequested="24" timestamp="2019-08-08T12:08:14.985" intervalms="97.918" />
<concurrent-aborted id="1745" timestamp="2019-08-08T12:08:14.985">
  <reason value="insufficient progress made" />
</concurrent-aborted>
<cycle-end id="1746" type="global" contextid="1741" timestamp="2019-08-08T12:08:14.985" />
  <attribute name="elasticGC enabled" value="1" />
  <attribute name= "numThreadsSpecified" value="16" />
  <attribute name="heapSize specified" value="19398656" />
  <attribute name="Current GC Util" value="38" />
  <attribute name= "Current Time Running" value="129427" />
  <attribute name ="GC Interval" value="0" />
  <attribute name="Target GC Util Change" value ="80.000000" />
  <attribute name="Current GC Util Change" value="38.000000"/>
  <attribute name="Current Error" value="24.000000" />
  <attribute name="Output H" value="19474368"/>
  <attribute name="Output I" value="2056"/>
  <attribute name="Output T" value="16"/>
  <attribute name= "Current Time Running" value="129427" />
  <attribute name="GC Util currently" value="38" />
  <attribute name="CPU Util currently" value="34623833389" />
<cycle-start id="1747" type="global" contextid="0" timestamp="2019-08-08T12:08:14.985" intervalms="0.870" />
<gc-start id="1748" type="global" contextid="1747" timestamp="2019-08-08T12:08:14.986">
  <mem-info id="1749" free="194560" total="19529728" percent="0">
    <mem type="tenure" free="194560" total="19529728" percent="0">
      <mem type="soa" free="0" total="19335168" percent="0" />
      <mem type="loa" free="194560" total="194560" percent="100" />
    </mem>
  </mem-info>
</gc-start>
<allocation-stats totalBytes="13453600" >
  <allocated-bytes non-tlh="266712" tlh="13186888" />
  <largest-consumer threadName="main" threadId="0000000002369F00" bytes="13449504" />
</allocation-stats>
<gc-op id="1750" type="mark" timems="13.025" contextid="1747" timestamp="2019-08-08T12:08:14.999">
  <trace-info objectcount="107158" scancount="88926" scanbytes="2984736" />
  <finalization candidates="80" enqueued="0" />
  <ownableSynchronizers candidates="21" cleared="0" />
  <references type="soft" candidates="1510" cleared="0" enqueued="0" dynamicThreshold="22" maxThreshold="32" />
  <references type="weak" candidates="5435" cleared="0" enqueued="0" />
  <references type="phantom" candidates="97" cleared="0" enqueued="0" />
  <stringconstants candidates="12525" cleared="0"  />
</gc-op>
<gc-op id="1751" type="sweep" timems="10.539" contextid="1747" timestamp="2019-08-08T12:08:15.009" />
<mem-info id="1752" free="13542272" total="19529728" percent="69">
  <mem type="tenure" free="13542272" total="19529728" percent="69" micro-fragmented="50838">
    <mem type="soa" free="13347712" total="19335168" percent="69" />
    <mem type="loa" free="194560" total="194560" percent="100" />
  </mem>
</mem-info>
<gc-op id="1753" type="compact" timems="28.641" contextid="1747" timestamp="2019-08-08T12:08:15.038">
  <compact-info movecount="82006" movebytes="4142480" reason="compact to aid heap contraction" />
</gc-op>
<heap-resize id="1754" type="expand" space="tenure" amount="131072" count="1" timems="0.021" reason="satisfy allocation request" timestamp="2019-08-08T12:08:15.039" />
<gc-end id="1755" type="global" contextid="1747" durationms="53.561" usertimems="117.671" systemtimems="0.000" timestamp="2019-08-08T12:08:15.039" activeThreads="16">
  <mem-info id="1756" free="13666272" total="19660800" percent="69">
    <mem type="tenure" free="13666272" total="19660800" percent="69">
      <mem type="soa" free="13469664" total="19464192" percent="69" />
      <mem type="loa" free="196608" total="196608" percent="100" />
    </mem>
  </mem-info>
</gc-end>
<cycle-end id="1757" type="global" contextid="1747" timestamp="2019-08-08T12:08:15.039" />
  <attribute name="elasticGC enabled" value="1" />
  <attribute name= "numThreadsSpecified" value="16" />
  <attribute name="heapSize specified" value="19529728" />
  <attribute name="Current GC Util" value="0" />
  <attribute name= "Current Time Running" value="129528" />
  <attribute name ="GC Interval" value="0" />
  <attribute name="Target GC Util Change" value ="80.000000" />
  <attribute name="Current GC Util Change" value="0.000000"/>
  <attribute name="Current Error" value="60.000000" />
  <attribute name="Output H" value="19605480"/>
  <attribute name="Output I" value="2120"/>
  <attribute name="Output T" value="16"/>
  <attribute name= "Current Time Running" value="129528" />
  <attribute name="GC Util currently" value="0" />
  <attribute name="CPU Util currently" value="40059027090" />
<allocation-satisfied id="1758" threadId="0000000002369F00" bytesRequested="24" />
<af-end id="1759" timestamp="2019-08-08T12:08:15.039" threadId="000000000236A888" success="true" />
<exclusive-end id="1760" timestamp="2019-08-08T12:08:15.039" durationms="53.769" />

<concurrent-kickoff id="1761" timestamp="2019-08-08T12:08:15.070">
  <kickoff reason="threshold reached" targetBytes="3208545" thresholdFreeBytes="433779" remainingFree="395232" tenureFreeBytes="395232" />
</concurrent-kickoff>
<exclusive-start id="1762" timestamp="2019-08-08T12:08:15.070" intervalms="85.068">
  <response-info timems="0.082" idlems="0.082" threads="0" lastid="0000000002369F00" lastname="main" />
</exclusive-start>
<cycle-start id="1763" type="global" contextid="0" timestamp="2019-08-08T12:08:15.070" intervalms="84.993" />
<exclusive-end id="1764" timestamp="2019-08-08T12:08:15.070" durationms="0.018" />

<exclusive-start id="1765" timestamp="2019-08-08T12:08:15.072" intervalms="1.599">
  <response-info timems="0.070" idlems="0.070" threads="0" lastid="0000000002369F00" lastname="main" />
</exclusive-start>
<af-start id="1766" threadId="000000000236A888" totalBytesRequested="32" timestamp="2019-08-08T12:08:15.072" intervalms="86.679" />
<concurrent-aborted id="1767" timestamp="2019-08-08T12:08:15.072">
  <reason value="insufficient progress made" />
</concurrent-aborted>
<cycle-end id="1768" type="global" contextid="1763" timestamp="2019-08-08T12:08:15.072" />
  <attribute name="elasticGC enabled" value="1" />
  <attribute name= "numThreadsSpecified" value="16" />
  <attribute name="heapSize specified" value="19529728" />
  <attribute name="Current GC Util" value="0" />
  <attribute name= "Current Time Running" value="129528" />
  <attribute name ="GC Interval" value="0" />
  <attribute name="Target GC Util Change" value ="80.000000" />
  <attribute name="Current GC Util Change" value="0.000000"/>
  <attribute name="Current Error" value="60.000000" />
  <attribute name="Output H" value="19605480"/>
  <attribute name="Output I" value="2120"/>
  <attribute name="Output T" value="16"/>
  <attribute name= "Current Time Running" value="129528" />
  <attribute name="GC Util currently" value="0" />
  <attribute name="CPU Util currently" value="40059027090" />
<cycle-start id="1769" type="global" contextid="0" timestamp="2019-08-08T12:08:15.072" intervalms="1.695" />
<gc-start id="1770" type="global" contextid="1769" timestamp="2019-08-08T12:08:15.072">
  <mem-info id="1771" free="196608" total="19660800" percent="1">
    <mem type="tenure" free="196608" total="19660800" percent="1">
      <mem type="soa" free="0" total="19464192" percent="0" />
      <mem type="loa" free="196608" total="196608" percent="100" />
    </mem>
  </mem-info>
</gc-start>
<allocation-stats totalBytes="13534064" >
  <allocated-bytes non-tlh="0" tlh="13534064" />
  <largest-consumer threadName="main" threadId="0000000002369F00" bytes="13534064" />
</allocation-stats>
<gc-op id="1772" type="mark" timems="8.926" contextid="1769" timestamp="2019-08-08T12:08:15.081">
  <trace-info objectcount="118357" scancount="99127" scanbytes="3376156" />
  <finalization candidates="80" enqueued="0" />
  <ownableSynchronizers candidates="21" cleared="0" />
  <references type="soft" candidates="1510" cleared="5" enqueued="5" dynamicThreshold="22" maxThreshold="32" />
  <references type="weak" candidates="5435" cleared="0" enqueued="0" />
  <references type="phantom" candidates="97" cleared="0" enqueued="0" />
  <stringconstants candidates="12525" cleared="0"  />
</gc-op>
<gc-op id="1773" type="sweep" timems="1.780" contextid="1769" timestamp="2019-08-08T12:08:15.083" />
<mem-info id="1774" free="12916480" total="19660800" percent="65">
  <mem type="tenure" free="12916480" total="19660800" percent="65" micro-fragmented="258043">
    <mem type="soa" free="12719872" total="19464192" percent="65" />
    <mem type="loa" free="196608" total="196608" percent="100" />
  </mem>
  <pending-finalizers system="0" default="0" reference="5" classloader="0" />
</mem-info>
<gc-op id="1775" type="compact" timems="26.541" contextid="1769" timestamp="2019-08-08T12:08:15.110">
  <compact-info movecount="75755" movebytes="3851656" reason="compact to aid heap contraction" />
</gc-op>
<heap-resize id="1776" type="expand" space="tenure" amount="131072" count="1" timems="0.020" reason="satisfy allocation request" timestamp="2019-08-08T12:08:15.110" />
<gc-end id="1777" type="global" contextid="1769" durationms="38.154" usertimems="79.042" systemtimems="0.000" timestamp="2019-08-08T12:08:15.110" activeThreads="16">
  <mem-info id="1778" free="13389080" total="19791872" percent="67">
    <mem type="tenure" free="13389080" total="19791872" percent="67">
      <mem type="soa" free="13191448" total="19594240" percent="67" />
      <mem type="loa" free="197632" total="197632" percent="100" />
    </mem>
    <pending-finalizers system="0" default="0" reference="5" classloader="0" />
  </mem-info>
</gc-end>
<cycle-end id="1779" type="global" contextid="1769" timestamp="2019-08-08T12:08:15.110" />
  <attribute name="elasticGC enabled" value="1" />
  <attribute name= "numThreadsSpecified" value="16" />
  <attribute name="heapSize specified" value="19660800" />
  <attribute name="Current GC Util" value="57" />
  <attribute name= "Current Time Running" value="129600" />
  <attribute name ="GC Interval" value="0" />
  <attribute name="Target GC Util Change" value ="80.000000" />
  <attribute name="Current GC Util Change" value="57.000000"/>
  <attribute name="Current Error" value="-75.000000" />
  <attribute name="Output H" value="19736400"/>
  <attribute name="Output I" value="1880"/>
  <attribute name="Output T" value="16"/>
  <attribute name= "Current Time Running" value="129600" />
  <attribute name="GC Util currently" value="57" />
  <attribute name="CPU Util currently" value="43406630507" />
<allocation-satisfied id="1780" threadId="0000000002369F00" bytesRequested="32" />
<af-end id="1781" timestamp="2019-08-08T12:08:15.110" threadId="000000000236A888" success="true" />
<exclusive-end id="1782" timestamp="2019-08-08T12:08:15.110" durationms="38.371" />

<concurrent-kickoff id="1783" timestamp="2019-08-08T12:08:15.142">
  <kickoff reason="threshold reached" targetBytes="3229935" thresholdFreeBytes="436671" remainingFree="310640" tenureFreeBytes="310640" />
</concurrent-kickoff>
<exclusive-start id="1784" timestamp="2019-08-08T12:08:15.143" intervalms="70.480">
  <response-info timems="0.152" idlems="0.152" threads="0" lastid="0000000002369F00" lastname="main" />
</exclusive-start>
<cycle-start id="1785" type="global" contextid="0" timestamp="2019-08-08T12:08:15.143" intervalms="70.385" />
<exclusive-end id="1786" timestamp="2019-08-08T12:08:15.143" durationms="0.019" />

<exclusive-start id="1787" timestamp="2019-08-08T12:08:15.144" intervalms="1.028">
  <response-info timems="0.053" idlems="0.053" threads="0" lastid="0000000002369F00" lastname="main" />
</exclusive-start>
<af-start id="1788" threadId="000000000236A888" totalBytesRequested="32" timestamp="2019-08-08T12:08:15.144" intervalms="71.509" />
<concurrent-aborted id="1789" timestamp="2019-08-08T12:08:15.144">
  <reason value="insufficient progress made" />
</concurrent-aborted>
<cycle-end id="1790" type="global" contextid="1785" timestamp="2019-08-08T12:08:15.144" />
  <attribute name="elasticGC enabled" value="1" />
  <attribute name= "numThreadsSpecified" value="16" />
  <attribute name="heapSize specified" value="19660800" />
  <attribute name="Current GC Util" value="57" />
  <attribute name= "Current Time Running" value="129600" />
  <attribute name ="GC Interval" value="0" />
  <attribute name="Target GC Util Change" value ="80.000000" />
  <attribute name="Current GC Util Change" value="57.000000"/>
  <attribute name="Current Error" value="-75.000000" />
  <attribute name="Output H" value="19736400"/>
  <attribute name="Output I" value="1880"/>
  <attribute name="Output T" value="16"/>
  <attribute name= "Current Time Running" value="129600" />
  <attribute name="GC Util currently" value="57" />
  <attribute name="CPU Util currently" value="43406630507" />
<cycle-start id="1791" type="global" contextid="0" timestamp="2019-08-08T12:08:15.144" intervalms="1.122" />
<gc-start id="1792" type="global" contextid="1791" timestamp="2019-08-08T12:08:15.144">
  <mem-info id="1793" free="197632" total="19791872" percent="0">
    <mem type="tenure" free="197632" total="19791872" percent="0">
      <mem type="soa" free="0" total="19594240" percent="0" />
      <mem type="loa" free="197632" total="197632" percent="100" />
    </mem>
  </mem-info>
</gc-start>
<allocation-stats totalBytes="13255704" >
  <allocated-bytes non-tlh="200616" tlh="13055088" />
  <largest-consumer threadName="main" threadId="0000000002369F00" bytes="13255704" />
</allocation-stats>
<gc-op id="1794" type="mark" timems="12.414" contextid="1791" timestamp="2019-08-08T12:08:15.156">
  <trace-info objectcount="111436" scancount="92699" scanbytes="3118736" />
  <finalization candidates="80" enqueued="0" />
  <ownableSynchronizers candidates="21" cleared="0" />
  <references type="soft" candidates="1504" cleared="5" enqueued="5" dynamicThreshold="21" maxThreshold="32" />
  <references type="weak" candidates="5439" cleared="0" enqueued="0" />
  <references type="phantom" candidates="97" cleared="0" enqueued="0" />
  <stringconstants candidates="12534" cleared="4"  />
</gc-op>
<gc-op id="1795" type="classunload" timems="0.470" contextid="1791" timestamp="2019-08-08T12:08:15.157">
  <classunload-info classloadercandidates="52" classloadersunloaded="2" classesunloaded="2" anonymousclassesunloaded="0" quiescems="0.000" setupms="0.457" scanms="0.010" postms="0.003" />
</gc-op>
<gc-op id="1796" type="sweep" timems="2.364" contextid="1791" timestamp="2019-08-08T12:08:15.159" />
<mem-info id="1797" free="13584648" total="19791872" percent="68">
  <mem type="tenure" free="13584648" total="19791872" percent="68" micro-fragmented="119780">
    <mem type="soa" free="13387016" total="19594240" percent="68" />
    <mem type="loa" free="197632" total="197632" percent="100" />
  </mem>
  <pending-finalizers system="0" default="0" reference="5" classloader="0" />
</mem-info>
<gc-op id="1798" type="compact" timems="23.741" contextid="1791" timestamp="2019-08-08T12:08:15.183">
  <compact-info movecount="68846" movebytes="3531808" reason="compact to aid heap contraction" />
</gc-op>
<heap-resize id="1799" type="expand" space="tenure" amount="131072" count="1" timems="0.021" reason="satisfy allocation request" timestamp="2019-08-08T12:08:15.184" />
<gc-end id="1800" type="global" contextid="1791" durationms="40.060" usertimems="71.372" systemtimems="0.000" timestamp="2019-08-08T12:08:15.184" activeThreads="16">
  <mem-info id="1801" free="13840320" total="19922944" percent="69">
    <mem type="tenure" free="13840320" total="19922944" percent="69">
      <mem type="soa" free="13641664" total="19724288" percent="69" />
      <mem type="loa" free="198656" total="198656" percent="100" />
    </mem>
    <pending-finalizers system="0" default="0" reference="5" classloader="0" />
  </mem-info>
</gc-end>
<cycle-end id="1802" type="global" contextid="1791" timestamp="2019-08-08T12:08:15.184" />
  <attribute name="elasticGC enabled" value="1" />
  <attribute name= "numThreadsSpecified" value="16" />
  <attribute name="heapSize specified" value="19791872" />
  <attribute name="Current GC Util" value="51" />
  <attribute name= "Current Time Running" value="129673" />
  <attribute name ="GC Interval" value="0" />
  <attribute name="Target GC Util Change" value ="80.000000" />
  <attribute name="Current GC Util Change" value="51.000000"/>
  <attribute name="Current Error" value="21.000000" />
  <attribute name="Output H" value="19867576"/>
  <attribute name="Output I" value="2048"/>
  <attribute name="Output T" value="16"/>
  <attribute name= "Current Time Running" value="129673" />
  <attribute name="GC Util currently" value="51" />
  <attribute name="CPU Util currently" value="48345450739" />
<allocation-satisfied id="1803" threadId="0000000002369F00" bytesRequested="32" />
<af-end id="1804" timestamp="2019-08-08T12:08:15.184" threadId="000000000236A888" success="true" />
<exclusive-end id="1805" timestamp="2019-08-08T12:08:15.184" durationms="40.347" />

<concurrent-kickoff id="1806" timestamp="2019-08-08T12:08:15.217">
  <kickoff reason="threshold reached" targetBytes="3251325" thresholdFreeBytes="439563" remainingFree="368096" tenureFreeBytes="368096" />
</concurrent-kickoff>
<exclusive-start id="1807" timestamp="2019-08-08T12:08:15.217" intervalms="73.452">
  <response-info timems="0.076" idlems="0.076" threads="0" lastid="0000000002369F00" lastname="main" />
</exclusive-start>
<cycle-start id="1808" type="global" contextid="0" timestamp="2019-08-08T12:08:15.217" intervalms="73.369" />
<exclusive-end id="1809" timestamp="2019-08-08T12:08:15.217" durationms="0.032" />

<exclusive-start id="1810" timestamp="2019-08-08T12:08:15.218" intervalms="1.480">
  <response-info timems="0.063" idlems="0.063" threads="0" lastid="0000000002369F00" lastname="main" />
</exclusive-start>
<af-start id="1811" threadId="000000000236A888" totalBytesRequested="312" timestamp="2019-08-08T12:08:15.219" intervalms="74.922" />
<concurrent-aborted id="1812" timestamp="2019-08-08T12:08:15.219">
  <reason value="insufficient progress made" />
</concurrent-aborted>
<cycle-end id="1813" type="global" contextid="1808" timestamp="2019-08-08T12:08:15.219" />
  <attribute name="elasticGC enabled" value="1" />
  <attribute name= "numThreadsSpecified" value="16" />
  <attribute name="heapSize specified" value="19791872" />
  <attribute name="Current GC Util" value="51" />
  <attribute name= "Current Time Running" value="129673" />
  <attribute name ="GC Interval" value="0" />
  <attribute name="Target GC Util Change" value ="80.000000" />
  <attribute name="Current GC Util Change" value="51.000000"/>
  <attribute name="Current Error" value="21.000000" />
  <attribute name="Output H" value="19867576"/>
  <attribute name="Output I" value="2048"/>
  <attribute name="Output T" value="16"/>
  <attribute name= "Current Time Running" value="129673" />
  <attribute name="GC Util currently" value="51" />
  <attribute name="CPU Util currently" value="48345450739" />
<cycle-start id="1814" type="global" contextid="0" timestamp="2019-08-08T12:08:15.219" intervalms="1.531" />
<gc-start id="1815" type="global" contextid="1814" timestamp="2019-08-08T12:08:15.219">
  <mem-info id="1816" free="198656" total="19922944" percent="0">
    <mem type="tenure" free="198656" total="19922944" percent="0">
      <mem type="soa" free="0" total="19724288" percent="0" />
      <mem type="loa" free="198656" total="198656" percent="100" />
    </mem>
  </mem-info>
</gc-start>
<allocation-stats totalBytes="13705152" >
  <allocated-bytes non-tlh="201184" tlh="13503968" />
  <largest-consumer threadName="main" threadId="0000000002369F00" bytes="13705152" />
</allocation-stats>
<gc-op id="1817" type="mark" timems="4.106" contextid="1814" timestamp="2019-08-08T12:08:15.223">
  <trace-info objectcount="110241" scancount="91849" scanbytes="3037308" />
  <finalization candidates="80" enqueued="0" />
  <ownableSynchronizers candidates="21" cleared="0" />
  <references type="soft" candidates="1500" cleared="0" enqueued="0" dynamicThreshold="22" maxThreshold="32" />
  <references type="weak" candidates="5439" cleared="0" enqueued="0" />
  <references type="phantom" candidates="96" cleared="0" enqueued="0" />
  <stringconstants candidates="12551" cleared="0"  />
</gc-op>
<gc-op id="1818" type="sweep" timems="1.378" contextid="1814" timestamp="2019-08-08T12:08:15.224" />
<mem-info id="1819" free="13875192" total="19922944" percent="69">
  <mem type="tenure" free="13875192" total="19922944" percent="69" micro-fragmented="175690">
    <mem type="soa" free="13676536" total="19724288" percent="69" />
    <mem type="loa" free="198656" total="198656" percent="100" />
  </mem>
</mem-info>
<gc-op id="1820" type="compact" timems="14.085" contextid="1814" timestamp="2019-08-08T12:08:15.238">
  <compact-info movecount="26109" movebytes="1032584" reason="compact to aid heap contraction" />
</gc-op>
<heap-resize id="1821" type="expand" space="tenure" amount="131072" count="1" timems="0.024" reason="satisfy allocation request" timestamp="2019-08-08T12:08:15.239" />
<gc-end id="1822" type="global" contextid="1814" durationms="20.674" usertimems="48.631" systemtimems="0.000" timestamp="2019-08-08T12:08:15.239" activeThreads="16">
  <mem-info id="1823" free="14280984" total="20054016" percent="71">
    <mem type="tenure" free="14280984" total="20054016" percent="71">
      <mem type="soa" free="14081304" total="19854336" percent="70" />
      <mem type="loa" free="199680" total="199680" percent="100" />
    </mem>
  </mem-info>
</gc-end>
<cycle-end id="1824" type="global" contextid="1814" timestamp="2019-08-08T12:08:15.239" />
  <attribute name="elasticGC enabled" value="1" />
  <attribute name= "numThreadsSpecified" value="16" />
  <attribute name="heapSize specified" value="19922944" />
  <attribute name="Current GC Util" value="83" />
  <attribute name= "Current Time Running" value="129728" />
  <attribute name ="GC Interval" value="0" />
  <attribute name="Target GC Util Change" value ="80.000000" />
  <attribute name="Current GC Util Change" value="83.000000"/>
  <attribute name="Current Error" value="-3.000000" />
  <attribute name="Output H" value="19998624"/>
  <attribute name="Output I" value="2008"/>
  <attribute name="Output T" value="16"/>
  <attribute name= "Current Time Running" value="129728" />
  <attribute name="GC Util currently" value="83" />
  <attribute name="CPU Util currently" value="81582888855" />
<allocation-satisfied id="1825" threadId="0000000002369F00" bytesRequested="312" />
<af-end id="1826" timestamp="2019-08-08T12:08:15.239" threadId="000000000236A888" success="true" />
<exclusive-end id="1827" timestamp="2019-08-08T12:08:15.239" durationms="20.871" />

<concurrent-kickoff id="1828" timestamp="2019-08-08T12:08:15.324">
  <kickoff reason="threshold reached" targetBytes="3272717" thresholdFreeBytes="442454" remainingFree="321112" tenureFreeBytes="321112" />
</concurrent-kickoff>
<exclusive-start id="1829" timestamp="2019-08-08T12:08:15.324" intervalms="105.806">
  <response-info timems="0.504" idlems="0.504" threads="0" lastid="0000000002369F00" lastname="main" />
</exclusive-start>
<cycle-start id="1830" type="global" contextid="0" timestamp="2019-08-08T12:08:15.324" intervalms="105.765" />
<exclusive-end id="1831" timestamp="2019-08-08T12:08:15.324" durationms="0.039" />

<exclusive-start id="1832" timestamp="2019-08-08T12:08:15.326" intervalms="1.319">
  <response-info timems="0.141" idlems="0.141" threads="0" lastid="0000000002369F00" lastname="main" />
</exclusive-start>
<af-start id="1833" threadId="000000000236A888" totalBytesRequested="200008" timestamp="2019-08-08T12:08:15.326" intervalms="107.139" />
<concurrent-aborted id="1834" timestamp="2019-08-08T12:08:15.326">
  <reason value="insufficient progress made" />
</concurrent-aborted>
<cycle-end id="1835" type="global" contextid="1830" timestamp="2019-08-08T12:08:15.326" />
  <attribute name="elasticGC enabled" value="1" />
  <attribute name= "numThreadsSpecified" value="16" />
  <attribute name="heapSize specified" value="19922944" />
  <attribute name="Current GC Util" value="83" />
  <attribute name= "Current Time Running" value="129728" />
  <attribute name ="GC Interval" value="0" />
  <attribute name="Target GC Util Change" value ="80.000000" />
  <attribute name="Current GC Util Change" value="83.000000"/>
  <attribute name="Current Error" value="-3.000000" />
  <attribute name="Output H" value="19998624"/>
  <attribute name="Output I" value="2008"/>
  <attribute name="Output T" value="16"/>
  <attribute name= "Current Time Running" value="129728" />
  <attribute name="GC Util currently" value="83" />
  <attribute name="CPU Util currently" value="81582888855" />
<cycle-start id="1836" type="global" contextid="0" timestamp="2019-08-08T12:08:15.326" intervalms="1.376" />
<gc-start id="1837" type="global" contextid="1836" timestamp="2019-08-08T12:08:15.326">
  <mem-info id="1838" free="199680" total="20054016" percent="0">
    <mem type="tenure" free="199680" total="20054016" percent="0">
      <mem type="soa" free="0" total="19854336" percent="0" />
      <mem type="loa" free="199680" total="199680" percent="100" />
    </mem>
  </mem-info>
</gc-start>
<allocation-stats totalBytes="14141888" >
  <allocated-bytes non-tlh="451264" tlh="13690624" />
  <largest-consumer threadName="main" threadId="0000000002369F00" bytes="14141888" />
</allocation-stats>
<heap-resize id="1839" type="loa expand" space="tenure" amount="200704" count="1" timems="0.000" reason="expand on failed allocate" timestamp="2019-08-08T12:08:15.326" />
<gc-op id="1840" type="mark" timems="7.102" contextid="1836" timestamp="2019-08-08T12:08:15.333">
  <trace-info objectcount="109430" scancount="91182" scanbytes="2975624" />
  <finalization candidates="80" enqueued="0" />
  <ownableSynchronizers candidates="21" cleared="0" />
  <references type="soft" candidates="2277" cleared="0" enqueued="0" dynamicThreshold="22" maxThreshold="32" />
  <references type="weak" candidates="5519" cleared="21" enqueued="21" />
  <references type="phantom" candidates="97" cleared="0" enqueued="0" />
  <stringconstants candidates="13181" cleared="12"  />
</gc-op>
<gc-op id="1841" type="sweep" timems="3.875" contextid="1836" timestamp="2019-08-08T12:08:15.337" />
<mem-info id="1842" free="14277376" total="20054016" percent="71">
  <mem type="tenure" free="14277376" total="20054016" percent="71" micro-fragmented="90008">
    <mem type="soa" free="13924480" total="19653632" percent="70" />
    <mem type="loa" free="352896" total="400384" percent="88" />
  </mem>
  <pending-finalizers system="0" default="0" reference="21" classloader="0" />
</mem-info>
<gc-op id="1843" type="compact" timems="27.465" contextid="1836" timestamp="2019-08-08T12:08:15.365">
  <compact-info movecount="67602" movebytes="3209904" reason="compact to aid heap contraction" />
</gc-op>
<heap-resize id="1844" type="expand" space="tenure" amount="131072" count="1" timems="0.390" reason="satisfy allocation request" timestamp="2019-08-08T12:08:15.366" />
<gc-end id="1845" type="global" contextid="1836" durationms="40.218" usertimems="116.284" systemtimems="0.000" timestamp="2019-08-08T12:08:15.366" activeThreads="16">
  <mem-info id="1846" free="14321104" total="20185088" percent="70">
    <mem type="tenure" free="14321104" total="20185088" percent="70">
      <mem type="soa" free="13917648" total="19781632" percent="70" />
      <mem type="loa" free="403456" total="403456" percent="100" />
    </mem>
    <pending-finalizers system="0" default="0" reference="21" classloader="0" />
  </mem-info>
</gc-end>
<cycle-end id="1847" type="global" contextid="1836" timestamp="2019-08-08T12:08:15.366" />
  <attribute name="elasticGC enabled" value="1" />
  <attribute name= "numThreadsSpecified" value="16" />
  <attribute name="heapSize specified" value="20054016" />
  <attribute name="Current GC Util" value="86" />
  <attribute name= "Current Time Running" value="129855" />
  <attribute name ="GC Interval" value="0" />
  <attribute name="Target GC Util Change" value ="80.000000" />
  <attribute name="Current GC Util Change" value="86.000000"/>
  <attribute name="Current Error" value="-110.000000" />
  <attribute name="Output H" value="20129576"/>
  <attribute name="Output I" value="1816"/>
  <attribute name="Output T" value="16"/>
  <attribute name= "Current Time Running" value="129855" />
  <attribute name="GC Util currently" value="86" />
  <attribute name="CPU Util currently" value="41841244372" />
<allocation-satisfied id="1848" threadId="0000000002369F00" bytesRequested="200008" />
<af-end id="1849" timestamp="2019-08-08T12:08:15.366" threadId="000000000236A888" success="true" />
<exclusive-end id="1850" timestamp="2019-08-08T12:08:15.366" durationms="40.469" />

<concurrent-kickoff id="1851" timestamp="2019-08-08T12:08:15.724">
  <kickoff reason="threshold reached" targetBytes="3294107" thresholdFreeBytes="445347" remainingFree="425016" tenureFreeBytes="425016" />
</concurrent-kickoff>
<exclusive-start id="1852" timestamp="2019-08-08T12:08:15.724" intervalms="398.306">
  <response-info timems="0.052" idlems="0.052" threads="0" lastid="0000000002369F00" lastname="main" />
</exclusive-start>
<cycle-start id="1853" type="global" contextid="0" timestamp="2019-08-08T12:08:15.724" intervalms="398.227" />
<exclusive-end id="1854" timestamp="2019-08-08T12:08:15.724" durationms="0.018" />

<exclusive-start id="1855" timestamp="2019-08-08T12:08:15.727" intervalms="2.984">
  <response-info timems="0.042" idlems="0.042" threads="0" lastid="0000000002369F00" lastname="main" />
</exclusive-start>
<af-start id="1856" threadId="000000000236A888" totalBytesRequested="712" timestamp="2019-08-08T12:08:15.727" intervalms="401.282" />
<concurrent-aborted id="1857" timestamp="2019-08-08T12:08:15.727">
  <reason value="insufficient progress made" />
</concurrent-aborted>
<cycle-end id="1858" type="global" contextid="1853" timestamp="2019-08-08T12:08:15.727" />
  <attribute name="elasticGC enabled" value="1" />
  <attribute name= "numThreadsSpecified" value="16" />
  <attribute name="heapSize specified" value="20054016" />
  <attribute name="Current GC Util" value="86" />
  <attribute name= "Current Time Running" value="129855" />
  <attribute name ="GC Interval" value="0" />
  <attribute name="Target GC Util Change" value ="80.000000" />
  <attribute name="Current GC Util Change" value="86.000000"/>
  <attribute name="Current Error" value="-110.000000" />
  <attribute name="Output H" value="20129576"/>
  <attribute name="Output I" value="1816"/>
  <attribute name="Output T" value="16"/>
  <attribute name= "Current Time Running" value="129855" />
  <attribute name="GC Util currently" value="86" />
  <attribute name="CPU Util currently" value="41841244372" />
<cycle-start id="1859" type="global" contextid="0" timestamp="2019-08-08T12:08:15.727" intervalms="3.051" />
<gc-start id="1860" type="global" contextid="1859" timestamp="2019-08-08T12:08:15.727">
  <mem-info id="1861" free="403456" total="20185088" percent="1">
    <mem type="tenure" free="403456" total="20185088" percent="1">
      <mem type="soa" free="0" total="19781632" percent="0" />
      <mem type="loa" free="403456" total="403456" percent="100" />
    </mem>
  </mem-info>
</gc-start>
<allocation-stats totalBytes="14111328" >
  <allocated-bytes non-tlh="3114720" tlh="10996608" />
  <largest-consumer threadName="main" threadId="0000000002369F00" bytes="14107232" />
</allocation-stats>
<heap-resize id="1862" type="loa contract" space="tenure" amount="201728" count="1" timems="0.000" reason="contract underutilized loa" timestamp="2019-08-08T12:08:15.727" />
<gc-op id="1863" type="mark" timems="12.082" contextid="1859" timestamp="2019-08-08T12:08:15.739">
  <trace-info objectcount="118193" scancount="98627" scanbytes="3161144" />
  <finalization candidates="83" enqueued="2" />
  <ownableSynchronizers candidates="21" cleared="0" />
  <references type="soft" candidates="2278" cleared="5" enqueued="5" dynamicThreshold="22" maxThreshold="32" />
  <references type="weak" candidates="5535" cleared="4" enqueued="4" />
  <references type="phantom" candidates="98" cleared="0" enqueued="0" />
  <stringconstants candidates="13243" cleared="12"  />
</gc-op>
<gc-op id="1864" type="sweep" timems="2.697" contextid="1859" timestamp="2019-08-08T12:08:15.742" />
<mem-info id="1865" free="12269552" total="20185088" percent="60">
  <mem type="tenure" free="12269552" total="20185088" percent="60" micro-fragmented="32185">
    <mem type="soa" free="12067824" total="19983360" percent="60" />
    <mem type="loa" free="201728" total="201728" percent="100" />
  </mem>
  <pending-finalizers system="0" default="2" reference="9" classloader="0" />
</mem-info>
<gc-op id="1866" type="compact" timems="38.851" contextid="1859" timestamp="2019-08-08T12:08:15.781">
  <compact-info movecount="114766" movebytes="7642112" reason="compact to aid heap contraction" />
</gc-op>
<heap-resize id="1867" type="expand" space="tenure" amount="131072" count="1" timems="0.024" reason="satisfy allocation request" timestamp="2019-08-08T12:08:15.783" />
<gc-end id="1868" type="global" contextid="1859" durationms="55.873" usertimems="85.807" systemtimems="0.000" timestamp="2019-08-08T12:08:15.783" activeThreads="16">
  <mem-info id="1869" free="12434672" total="20316160" percent="61">
    <mem type="tenure" free="12434672" total="20316160" percent="61">
      <mem type="soa" free="12231920" total="20113408" percent="60" />
      <mem type="loa" free="202752" total="202752" percent="100" />
    </mem>
    <pending-finalizers system="0" default="2" reference="9" classloader="0" />
  </mem-info>
</gc-end>
<cycle-end id="1870" type="global" contextid="1859" timestamp="2019-08-08T12:08:15.783" />
  <attribute name="elasticGC enabled" value="1" />
  <attribute name= "numThreadsSpecified" value="16" />
  <attribute name="heapSize specified" value="20185088" />
  <attribute name="Current GC Util" value="55" />
  <attribute name= "Current Time Running" value="130271" />
  <attribute name ="GC Interval" value="0" />
  <attribute name="Target GC Util Change" value ="80.000000" />
  <attribute name="Current GC Util Change" value="55.000000"/>
  <attribute name="Current Error" value="67.000000" />
  <attribute name="Output H" value="20260848"/>
  <attribute name="Output I" value="2128"/>
  <attribute name="Output T" value="16"/>
  <attribute name= "Current Time Running" value="130271" />
  <attribute name="GC Util currently" value="55" />
  <attribute name="CPU Util currently" value="29650183507" />
<allocation-satisfied id="1871" threadId="0000000002369F00" bytesRequested="712" />
<af-end id="1872" timestamp="2019-08-08T12:08:15.783" threadId="000000000236A888" success="true" />
<exclusive-end id="1873" timestamp="2019-08-08T12:08:15.783" durationms="56.259" />

<concurrent-kickoff id="1874" timestamp="2019-08-08T12:08:16.085">
  <kickoff reason="threshold reached" targetBytes="3315497" thresholdFreeBytes="448239" remainingFree="335088" tenureFreeBytes="335088" />
</concurrent-kickoff>
<exclusive-start id="1875" timestamp="2019-08-08T12:08:16.085" intervalms="358.385">
  <response-info timems="0.018" idlems="0.018" threads="0" lastid="0000000002369F00" lastname="main" />
</exclusive-start>
<cycle-start id="1876" type="global" contextid="0" timestamp="2019-08-08T12:08:16.085" intervalms="358.315" />
<exclusive-end id="1877" timestamp="2019-08-08T12:08:16.085" durationms="0.012" />

<exclusive-start id="1878" timestamp="2019-08-08T12:08:16.091" intervalms="5.414">
  <response-info timems="0.048" idlems="0.048" threads="0" lastid="0000000002369F00" lastname="main" />
</exclusive-start>
<af-start id="1879" threadId="000000000236A888" totalBytesRequested="664" timestamp="2019-08-08T12:08:16.091" intervalms="363.798" />
<concurrent-aborted id="1880" timestamp="2019-08-08T12:08:16.091">
  <reason value="insufficient progress made" />
</concurrent-aborted>
<cycle-end id="1881" type="global" contextid="1876" timestamp="2019-08-08T12:08:16.091" />
  <attribute name="elasticGC enabled" value="1" />
  <attribute name= "numThreadsSpecified" value="16" />
  <attribute name="heapSize specified" value="20185088" />
  <attribute name="Current GC Util" value="55" />
  <attribute name= "Current Time Running" value="130271" />
  <attribute name ="GC Interval" value="0" />
  <attribute name="Target GC Util Change" value ="80.000000" />
  <attribute name="Current GC Util Change" value="55.000000"/>
  <attribute name="Current Error" value="67.000000" />
  <attribute name="Output H" value="20260848"/>
  <attribute name="Output I" value="2128"/>
  <attribute name="Output T" value="16"/>
  <attribute name= "Current Time Running" value="130271" />
  <attribute name="GC Util currently" value="55" />
  <attribute name="CPU Util currently" value="29650183507" />
<cycle-start id="1882" type="global" contextid="0" timestamp="2019-08-08T12:08:16.091" intervalms="5.529" />
<gc-start id="1883" type="global" contextid="1882" timestamp="2019-08-08T12:08:16.091">
  <mem-info id="1884" free="202752" total="20316160" percent="0">
    <mem type="tenure" free="202752" total="20316160" percent="0">
      <mem type="soa" free="0" total="20113408" percent="0" />
      <mem type="loa" free="202752" total="202752" percent="100" />
    </mem>
  </mem-info>
</gc-start>
<allocation-stats totalBytes="12284416" >
  <allocated-bytes non-tlh="0" tlh="12284416" />
  <largest-consumer threadName="main" threadId="0000000002369F00" bytes="12276224" />
</allocation-stats>
<gc-op id="1885" type="mark" timems="10.932" contextid="1882" timestamp="2019-08-08T12:08:16.102">
  <trace-info objectcount="140885" scancount="118052" scanbytes="3625808" />
  <finalization candidates="81" enqueued="0" />
  <ownableSynchronizers candidates="21" cleared="0" />
  <references type="soft" candidates="2273" cleared="24" enqueued="24" dynamicThreshold="19" maxThreshold="32" />
  <references type="weak" candidates="5530" cleared="0" enqueued="0" />
  <references type="phantom" candidates="98" cleared="0" enqueued="0" />
  <stringconstants candidates="13231" cleared="0"  />
</gc-op>
<gc-op id="1886" type="sweep" timems="2.139" contextid="1882" timestamp="2019-08-08T12:08:16.104" />
<mem-info id="1887" free="11650016" total="20316160" percent="57">
  <mem type="tenure" free="11650016" total="20316160" percent="57" micro-fragmented="51655">
    <mem type="soa" free="11447264" total="20113408" percent="56" />
    <mem type="loa" free="202752" total="202752" percent="100" />
  </mem>
  <pending-finalizers system="0" default="0" reference="24" classloader="0" />
</mem-info>
<gc-op id="1888" type="compact" timems="24.957" contextid="1882" timestamp="2019-08-08T12:08:16.129">
  <compact-info movecount="75758" movebytes="4717456" reason="compact to aid heap contraction" />
</gc-op>
<heap-resize id="1889" type="expand" space="tenure" amount="131072" count="1" timems="0.024" reason="satisfy allocation request" timestamp="2019-08-08T12:08:16.130" />
<gc-end id="1890" type="global" contextid="1882" durationms="38.799" usertimems="64.260" systemtimems="0.000" timestamp="2019-08-08T12:08:16.130" activeThreads="16">
  <mem-info id="1891" free="11997496" total="20447232" percent="58">
    <mem type="tenure" free="11997496" total="20447232" percent="58">
      <mem type="soa" free="11793720" total="20243456" percent="58" />
      <mem type="loa" free="203776" total="203776" percent="100" />
    </mem>
    <pending-finalizers system="0" default="0" reference="24" classloader="0" />
  </mem-info>
</gc-end>
<cycle-end id="1892" type="global" contextid="1882" timestamp="2019-08-08T12:08:16.130" />
  <attribute name="elasticGC enabled" value="1" />
  <attribute name= "numThreadsSpecified" value="16" />
  <attribute name="heapSize specified" value="20316160" />
  <attribute name="Current GC Util" value="67" />
  <attribute name= "Current Time Running" value="130619" />
  <attribute name ="GC Interval" value="0" />
  <attribute name="Target GC Util Change" value ="80.000000" />
  <attribute name="Current GC Util Change" value="67.000000"/>
  <attribute name="Current Error" value="-101.000000" />
  <attribute name="Output H" value="20391728"/>
  <attribute name="Output I" value="1832"/>
  <attribute name="Output T" value="16"/>
  <attribute name= "Current Time Running" value="130619" />
  <attribute name="GC Util currently" value="67" />
  <attribute name="CPU Util currently" value="46088615713" />
<allocation-satisfied id="1893" threadId="0000000002369F00" bytesRequested="664" />
<af-end id="1894" timestamp="2019-08-08T12:08:16.130" threadId="000000000236A888" success="true" />
<exclusive-end id="1895" timestamp="2019-08-08T12:08:16.130" durationms="39.303" />

<concurrent-kickoff id="1896" timestamp="2019-08-08T12:08:16.272">
  <kickoff reason="threshold reached" targetBytes="3336887" thresholdFreeBytes="451130" remainingFree="430392" tenureFreeBytes="430392" />
</concurrent-kickoff>
<exclusive-start id="1897" timestamp="2019-08-08T12:08:16.273" intervalms="181.949">
  <response-info timems="0.147" idlems="0.147" threads="0" lastid="0000000002369F00" lastname="main" />
</exclusive-start>
<cycle-start id="1898" type="global" contextid="0" timestamp="2019-08-08T12:08:16.273" intervalms="181.839" />
<exclusive-end id="1899" timestamp="2019-08-08T12:08:16.273" durationms="0.021" />

<exclusive-start id="1900" timestamp="2019-08-08T12:08:16.279" intervalms="6.464">
  <response-info timems="0.100" idlems="0.100" threads="0" lastid="0000000002369F00" lastname="main" />
</exclusive-start>
<af-start id="1901" threadId="000000000236A888" totalBytesRequested="728" timestamp="2019-08-08T12:08:16.279" intervalms="188.415" />
<concurrent-aborted id="1902" timestamp="2019-08-08T12:08:16.279">
  <reason value="insufficient progress made" />
</concurrent-aborted>
<cycle-end id="1903" type="global" contextid="1898" timestamp="2019-08-08T12:08:16.279" />
  <attribute name="elasticGC enabled" value="1" />
  <attribute name= "numThreadsSpecified" value="16" />
  <attribute name="heapSize specified" value="20316160" />
  <attribute name="Current GC Util" value="67" />
  <attribute name= "Current Time Running" value="130619" />
  <attribute name ="GC Interval" value="0" />
  <attribute name="Target GC Util Change" value ="80.000000" />
  <attribute name="Current GC Util Change" value="67.000000"/>
  <attribute name="Current Error" value="-101.000000" />
  <attribute name="Output H" value="20391728"/>
  <attribute name="Output I" value="1832"/>
  <attribute name="Output T" value="16"/>
  <attribute name= "Current Time Running" value="130619" />
  <attribute name="GC Util currently" value="67" />
  <attribute name="CPU Util currently" value="46088615713" />
<cycle-start id="1904" type="global" contextid="0" timestamp="2019-08-08T12:08:16.279" intervalms="6.538" />
<gc-start id="1905" type="global" contextid="1904" timestamp="2019-08-08T12:08:16.279">
  <mem-info id="1906" free="203776" total="20447232" percent="0">
    <mem type="tenure" free="203776" total="20447232" percent="0">
      <mem type="soa" free="0" total="20243456" percent="0" />
      <mem type="loa" free="203776" total="203776" percent="100" />
    </mem>
  </mem-info>
</gc-start>
<allocation-stats totalBytes="11848440" >
  <allocated-bytes non-tlh="0" tlh="11848440" />
  <largest-consumer threadName="main" threadId="0000000002369F00" bytes="11848440" />
</allocation-stats>
<gc-op id="1907" type="mark" timems="13.051" contextid="1904" timestamp="2019-08-08T12:08:16.292">
  <trace-info objectcount="165571" scancount="139159" scanbytes="4133296" />
  <finalization candidates="81" enqueued="0" />
  <ownableSynchronizers candidates="21" cleared="0" />
  <references type="soft" candidates="2249" cleared="25" enqueued="25" dynamicThreshold="18" maxThreshold="32" />
  <references type="weak" candidates="5530" cleared="0" enqueued="0" />
  <references type="phantom" candidates="98" cleared="0" enqueued="0" />
  <stringconstants candidates="13231" cleared="0"  />
</gc-op>
<gc-op id="1908" type="sweep" timems="7.816" contextid="1904" timestamp="2019-08-08T12:08:16.300" />
<mem-info id="1909" free="10967112" total="20447232" percent="53">
  <mem type="tenure" free="10967112" total="20447232" percent="53" micro-fragmented="55438">
    <mem type="soa" free="10763336" total="20243456" percent="53" />
    <mem type="loa" free="203776" total="203776" percent="100" />
  </mem>
  <pending-finalizers system="0" default="0" reference="25" classloader="0" />
</mem-info>
<gc-op id="1910" type="compact" timems="46.408" contextid="1904" timestamp="2019-08-08T12:08:16.347">
  <compact-info movecount="127947" movebytes="6767848" reason="compact to aid heap contraction" />
</gc-op>
<heap-resize id="1911" type="expand" space="tenure" amount="131072" count="1" timems="0.024" reason="satisfy allocation request" timestamp="2019-08-08T12:08:16.348" />
<gc-end id="1912" type="global" contextid="1904" durationms="68.485" usertimems="105.858" systemtimems="0.000" timestamp="2019-08-08T12:08:16.348" activeThreads="16">
  <mem-info id="1913" free="11520432" total="20578304" percent="55">
    <mem type="tenure" free="11520432" total="20578304" percent="55">
      <mem type="soa" free="11315632" total="20373504" percent="55" />
      <mem type="loa" free="204800" total="204800" percent="100" />
    </mem>
    <pending-finalizers system="0" default="0" reference="25" classloader="0" />
  </mem-info>
</gc-end>
<cycle-end id="1914" type="global" contextid="1904" timestamp="2019-08-08T12:08:16.348" />
  <attribute name="elasticGC enabled" value="1" />
  <attribute name= "numThreadsSpecified" value="16" />
  <attribute name="heapSize specified" value="20447232" />
  <attribute name="Current GC Util" value="49" />
  <attribute name= "Current Time Running" value="130837" />
  <attribute name ="GC Interval" value="0" />
  <attribute name="Target GC Util Change" value ="80.000000" />
  <attribute name="Current GC Util Change" value="49.000000"/>
  <attribute name="Current Error" value="-118.000000" />
  <attribute name="Output H" value="20522776"/>
  <attribute name="Output I" value="1800"/>
  <attribute name="Output T" value="16"/>
  <attribute name= "Current Time Running" value="130837" />
  <attribute name="GC Util currently" value="49" />
  <attribute name="CPU Util currently" value="24820054093" />
<allocation-satisfied id="1915" threadId="0000000002369F00" bytesRequested="728" />
<af-end id="1916" timestamp="2019-08-08T12:08:16.348" threadId="000000000236A888" success="true" />
<exclusive-end id="1917" timestamp="2019-08-08T12:08:16.348" durationms="68.819" />

<concurrent-kickoff id="1918" timestamp="2019-08-08T12:08:16.491">
  <kickoff reason="threshold reached" targetBytes="3358277" thresholdFreeBytes="454022" remainingFree="346544" tenureFreeBytes="346544" />
</concurrent-kickoff>
<exclusive-start id="1919" timestamp="2019-08-08T12:08:16.492" intervalms="213.367">
  <response-info timems="1.028" idlems="1.028" threads="0" lastid="0000000002369F00" lastname="main" />
</exclusive-start>
<cycle-start id="1920" type="global" contextid="0" timestamp="2019-08-08T12:08:16.495" intervalms="215.390" />
<exclusive-end id="1921" timestamp="2019-08-08T12:08:16.495" durationms="2.128" />

<exclusive-start id="1922" timestamp="2019-08-08T12:08:16.498" intervalms="5.923">
  <response-info timems="0.552" idlems="0.552" threads="0" lastid="0000000002369F00" lastname="main" />
</exclusive-start>
<af-start id="1923" threadId="000000000236A888" totalBytesRequested="664" timestamp="2019-08-08T12:08:16.498" intervalms="219.309" />
<concurrent-aborted id="1924" timestamp="2019-08-08T12:08:16.498">
  <reason value="insufficient progress made" />
</concurrent-aborted>
<cycle-end id="1925" type="global" contextid="1920" timestamp="2019-08-08T12:08:16.498" />
  <attribute name="elasticGC enabled" value="1" />
  <attribute name= "numThreadsSpecified" value="16" />
  <attribute name="heapSize specified" value="20447232" />
  <attribute name="Current GC Util" value="49" />
  <attribute name= "Current Time Running" value="130837" />
  <attribute name ="GC Interval" value="0" />
  <attribute name="Target GC Util Change" value ="80.000000" />
  <attribute name="Current GC Util Change" value="49.000000"/>
  <attribute name="Current Error" value="-118.000000" />
  <attribute name="Output H" value="20522776"/>
  <attribute name="Output I" value="1800"/>
  <attribute name="Output T" value="16"/>
  <attribute name= "Current Time Running" value="130837" />
  <attribute name="GC Util currently" value="49" />
  <attribute name="CPU Util currently" value="24820054093" />
<cycle-start id="1926" type="global" contextid="0" timestamp="2019-08-08T12:08:16.499" intervalms="3.952" />
<gc-start id="1927" type="global" contextid="1926" timestamp="2019-08-08T12:08:16.499">
  <mem-info id="1928" free="204800" total="20578304" percent="0">
    <mem type="tenure" free="204800" total="20578304" percent="0">
      <mem type="soa" free="0" total="20373504" percent="0" />
      <mem type="loa" free="204800" total="204800" percent="100" />
    </mem>
  </mem-info>
</gc-start>
<allocation-stats totalBytes="11368040" >
  <allocated-bytes non-tlh="0" tlh="11368040" />
  <largest-consumer threadName="main" threadId="0000000002369F00" bytes="11368040" />
</allocation-stats>
<gc-op id="1929" type="mark" timems="14.680" contextid="1926" timestamp="2019-08-08T12:08:16.513">
  <trace-info objectcount="188743" scancount="159272" scanbytes="4636584" />
  <finalization candidates="81" enqueued="0" />
  <ownableSynchronizers candidates="21" cleared="0" />
  <references type="soft" candidates="2224" cleared="2" enqueued="2" dynamicThreshold="17" maxThreshold="32" />
  <references type="weak" candidates="5530" cleared="0" enqueued="0" />
  <references type="phantom" candidates="98" cleared="0" enqueued="0" />
  <stringconstants candidates="13231" cleared="3"  />
</gc-op>
<gc-op id="1930" type="sweep" timems="2.560" contextid="1926" timestamp="2019-08-08T12:08:16.516" />
<mem-info id="1931" free="10524752" total="20578304" percent="51">
  <mem type="tenure" free="10524752" total="20578304" percent="51" micro-fragmented="48849">
    <mem type="soa" free="10319952" total="20373504" percent="50" />
    <mem type="loa" free="204800" total="204800" percent="100" />
  </mem>
  <pending-finalizers system="0" default="0" reference="2" classloader="0" />
</mem-info>
<gc-op id="1932" type="compact" timems="74.331" contextid="1926" timestamp="2019-08-08T12:08:16.591">
  <compact-info movecount="151119" movebytes="7363448" reason="compact to aid heap contraction" />
</gc-op>
<heap-resize id="1933" type="expand" space="tenure" amount="131072" count="1" timems="0.024" reason="satisfy allocation request" timestamp="2019-08-08T12:08:16.592" />
<gc-end id="1934" type="global" contextid="1926" durationms="93.512" usertimems="114.661" systemtimems="0.000" timestamp="2019-08-08T12:08:16.592" activeThreads="16">
  <mem-info id="1935" free="11055904" total="20709376" percent="53">
    <mem type="tenure" free="11055904" total="20709376" percent="53">
      <mem type="soa" free="10849056" total="20502528" percent="52" />
      <mem type="loa" free="206848" total="206848" percent="100" />
    </mem>
    <pending-finalizers system="0" default="0" reference="2" classloader="0" />
  </mem-info>
</gc-end>
<cycle-end id="1936" type="global" contextid="1926" timestamp="2019-08-08T12:08:16.592" />
  <attribute name="elasticGC enabled" value="1" />
  <attribute name= "numThreadsSpecified" value="16" />
  <attribute name="heapSize specified" value="20578304" />
  <attribute name="Current GC Util" value="18" />
  <attribute name= "Current Time Running" value="131081" />
  <attribute name ="GC Interval" value="0" />
  <attribute name="Target GC Util Change" value ="80.000000" />
  <attribute name="Current GC Util Change" value="18.000000"/>
  <attribute name="Current Error" value="102.000000" />
  <attribute name="Output H" value="20654104"/>
  <attribute name="Output I" value="2192"/>
  <attribute name="Output T" value="16"/>
  <attribute name= "Current Time Running" value="131081" />
  <attribute name="GC Util currently" value="18" />
  <attribute name="CPU Util currently" value="15475458269" />
<allocation-satisfied id="1937" threadId="0000000002369F00" bytesRequested="664" />
<af-end id="1938" timestamp="2019-08-08T12:08:16.592" threadId="000000000236A888" success="true" />
<exclusive-end id="1939" timestamp="2019-08-08T12:08:16.592" durationms="93.793" />

<concurrent-kickoff id="1940" timestamp="2019-08-08T12:08:16.644">
  <kickoff reason="threshold reached" targetBytes="3379667" thresholdFreeBytes="456913" remainingFree="406304" tenureFreeBytes="406304" />
</concurrent-kickoff>
<exclusive-start id="1941" timestamp="2019-08-08T12:08:16.645" intervalms="146.128">
  <response-info timems="0.181" idlems="0.181" threads="0" lastid="0000000002369F00" lastname="main" />
</exclusive-start>
<cycle-start id="1942" type="global" contextid="0" timestamp="2019-08-08T12:08:16.645" intervalms="146.017" />
<exclusive-end id="1943" timestamp="2019-08-08T12:08:16.645" durationms="0.036" />

<exclusive-start id="1944" timestamp="2019-08-08T12:08:16.647" intervalms="2.163">
  <response-info timems="0.112" idlems="0.112" threads="0" lastid="0000000002369F00" lastname="main" />
</exclusive-start>
<af-start id="1945" threadId="000000000236A888" totalBytesRequested="664" timestamp="2019-08-08T12:08:16.647" intervalms="148.277" />
<concurrent-aborted id="1946" timestamp="2019-08-08T12:08:16.647">
  <reason value="insufficient progress made" />
</concurrent-aborted>
<cycle-end id="1947" type="global" contextid="1942" timestamp="2019-08-08T12:08:16.647" />
  <attribute name="elasticGC enabled" value="1" />
  <attribute name= "numThreadsSpecified" value="16" />
  <attribute name="heapSize specified" value="20578304" />
  <attribute name="Current GC Util" value="18" />
  <attribute name= "Current Time Running" value="131081" />
  <attribute name ="GC Interval" value="0" />
  <attribute name="Target GC Util Change" value ="80.000000" />
  <attribute name="Current GC Util Change" value="18.000000"/>
  <attribute name="Current Error" value="102.000000" />
  <attribute name="Output H" value="20654104"/>
  <attribute name="Output I" value="2192"/>
  <attribute name="Output T" value="16"/>
  <attribute name= "Current Time Running" value="131081" />
  <attribute name="GC Util currently" value="18" />
  <attribute name="CPU Util currently" value="15475458269" />
<cycle-start id="1948" type="global" contextid="0" timestamp="2019-08-08T12:08:16.647" intervalms="2.222" />
<gc-start id="1949" type="global" contextid="1948" timestamp="2019-08-08T12:08:16.647">
  <mem-info id="1950" free="206848" total="20709376" percent="0">
    <mem type="tenure" free="206848" total="20709376" percent="0">
      <mem type="soa" free="0" total="20502528" percent="0" />
      <mem type="loa" free="206848" total="206848" percent="100" />
    </mem>
  </mem-info>
</gc-start>
<allocation-stats totalBytes="10904288" >
  <allocated-bytes non-tlh="0" tlh="10904288" />
  <largest-consumer threadName="main" threadId="0000000002369F00" bytes="10904288" />
</allocation-stats>
<gc-op id="1951" type="mark" timems="15.811" contextid="1948" timestamp="2019-08-08T12:08:16.663">
  <trace-info objectcount="210216" scancount="178048" scanbytes="5076392" />
  <finalization candidates="81" enqueued="0" />
  <ownableSynchronizers candidates="21" cleared="0" />
  <references type="soft" candidates="2222" cleared="0" enqueued="0" dynamicThreshold="17" maxThreshold="32" />
  <references type="weak" candidates="5530" cleared="0" enqueued="0" />
  <references type="phantom" candidates="98" cleared="0" enqueued="0" />
  <stringconstants candidates="13228" cleared="0"  />
</gc-op>
<gc-op id="1952" type="sweep" timems="2.256" contextid="1948" timestamp="2019-08-08T12:08:16.665" />
<mem-info id="1953" free="10114352" total="20709376" percent="48">
  <mem type="tenure" free="10114352" total="20709376" percent="48" micro-fragmented="36885">
    <mem type="soa" free="9907504" total="20502528" percent="48" />
    <mem type="loa" free="206848" total="206848" percent="100" />
  </mem>
</mem-info>
<gc-op id="1954" type="compact" timems="37.216" contextid="1948" timestamp="2019-08-08T12:08:16.702">
  <compact-info movecount="113914" movebytes="4975096" reason="compact to aid heap contraction" />
</gc-op>
<heap-resize id="1955" type="expand" space="tenure" amount="131072" count="1" timems="0.027" reason="satisfy allocation request" timestamp="2019-08-08T12:08:16.703" />
<gc-end id="1956" type="global" contextid="1948" durationms="56.230" usertimems="132.490" systemtimems="0.000" timestamp="2019-08-08T12:08:16.703" activeThreads="16">
  <mem-info id="1957" free="10662720" total="20840448" percent="51">
    <mem type="tenure" free="10662720" total="20840448" percent="51">
      <mem type="soa" free="10454848" total="20632576" percent="50" />
      <mem type="loa" free="207872" total="207872" percent="100" />
    </mem>
  </mem-info>
</gc-end>
<cycle-end id="1958" type="global" contextid="1948" timestamp="2019-08-08T12:08:16.703" />
  <attribute name="elasticGC enabled" value="1" />
  <attribute name= "numThreadsSpecified" value="16" />
  <attribute name="heapSize specified" value="20709376" />
  <attribute name="Current GC Util" value="35" />
  <attribute name= "Current Time Running" value="131192" />
  <attribute name ="GC Interval" value="0" />
  <attribute name="Target GC Util Change" value ="80.000000" />
  <attribute name="Current GC Util Change" value="35.000000"/>
  <attribute name="Current Error" value="45.000000" />
  <attribute name="Output H" value="20785112"/>
  <attribute name="Output I" value="2088"/>
  <attribute name="Output T" value="16"/>
  <attribute name= "Current Time Running" value="131192" />
  <attribute name="GC Util currently" value="35" />
  <attribute name="CPU Util currently" value="30939549419" />
<allocation-satisfied id="1959" threadId="0000000002369F00" bytesRequested="664" />
<af-end id="1960" timestamp="2019-08-08T12:08:16.703" threadId="000000000236A888" success="true" />
<exclusive-end id="1961" timestamp="2019-08-08T12:08:16.703" durationms="56.493" />

<concurrent-kickoff id="1962" timestamp="2019-08-08T12:08:16.756">
  <kickoff reason="threshold reached" targetBytes="3401058" thresholdFreeBytes="459805" remainingFree="406336" tenureFreeBytes="406336" />
</concurrent-kickoff>
<exclusive-start id="1963" timestamp="2019-08-08T12:08:16.757" intervalms="109.965">
  <response-info timems="0.075" idlems="0.075" threads="0" lastid="0000000002369F00" lastname="main" />
</exclusive-start>
<cycle-start id="1964" type="global" contextid="0" timestamp="2019-08-08T12:08:16.757" intervalms="109.910" />
<exclusive-end id="1965" timestamp="2019-08-08T12:08:16.757" durationms="0.040" />

<exclusive-start id="1966" timestamp="2019-08-08T12:08:16.759" intervalms="1.954">
  <response-info timems="0.019" idlems="0.019" threads="0" lastid="0000000002369F00" lastname="main" />
</exclusive-start>
<af-start id="1967" threadId="000000000236A888" totalBytesRequested="80" timestamp="2019-08-08T12:08:16.759" intervalms="111.922" />
<concurrent-aborted id="1968" timestamp="2019-08-08T12:08:16.759">
  <reason value="insufficient progress made" />
</concurrent-aborted>
<cycle-end id="1969" type="global" contextid="1964" timestamp="2019-08-08T12:08:16.759" />
  <attribute name="elasticGC enabled" value="1" />
  <attribute name= "numThreadsSpecified" value="16" />
  <attribute name="heapSize specified" value="20709376" />
  <attribute name="Current GC Util" value="35" />
  <attribute name= "Current Time Running" value="131192" />
  <attribute name ="GC Interval" value="0" />
  <attribute name="Target GC Util Change" value ="80.000000" />
  <attribute name="Current GC Util Change" value="35.000000"/>
  <attribute name="Current Error" value="45.000000" />
  <attribute name="Output H" value="20785112"/>
  <attribute name="Output I" value="2088"/>
  <attribute name="Output T" value="16"/>
  <attribute name= "Current Time Running" value="131192" />
  <attribute name="GC Util currently" value="35" />
  <attribute name="CPU Util currently" value="30939549419" />
<cycle-start id="1970" type="global" contextid="0" timestamp="2019-08-08T12:08:16.759" intervalms="2.052" />
<gc-start id="1971" type="global" contextid="1970" timestamp="2019-08-08T12:08:16.759">
  <mem-info id="1972" free="207872" total="20840448" percent="0">
    <mem type="tenure" free="207872" total="20840448" percent="0">
      <mem type="soa" free="0" total="20632576" percent="0" />
      <mem type="loa" free="207872" total="207872" percent="100" />
    </mem>
  </mem-info>
</gc-start>
<allocation-stats totalBytes="10509408" >
  <allocated-bytes non-tlh="0" tlh="10509408" />
  <largest-consumer threadName="main" threadId="0000000002369F00" bytes="10509408" />
</allocation-stats>
<gc-op id="1973" type="mark" timems="10.750" contextid="1970" timestamp="2019-08-08T12:08:16.770">
  <trace-info objectcount="231734" scancount="196826" scanbytes="5516156" />
  <finalization candidates="81" enqueued="0" />
  <ownableSynchronizers candidates="21" cleared="0" />
  <references type="soft" candidates="2222" cleared="2" enqueued="2" dynamicThreshold="16" maxThreshold="32" />
  <references type="weak" candidates="5530" cleared="0" enqueued="0" />
  <references type="phantom" candidates="98" cleared="0" enqueued="0" />
  <stringconstants candidates="13228" cleared="0"  />
</gc-op>
<gc-op id="1974" type="sweep" timems="3.208" contextid="1970" timestamp="2019-08-08T12:08:16.773" />
<mem-info id="1975" free="9746896" total="20840448" percent="46">
  <mem type="tenure" free="9746896" total="20840448" percent="46" micro-fragmented="25906">
    <mem type="soa" free="9539024" total="20632576" percent="46" />
    <mem type="loa" free="207872" total="207872" percent="100" />
  </mem>
  <pending-finalizers system="0" default="0" reference="2" classloader="0" />
</mem-info>
<gc-op id="1976" type="compact" timems="43.524" contextid="1970" timestamp="2019-08-08T12:08:16.817">
  <compact-info movecount="134452" movebytes="5469144" reason="compact to aid heap contraction" />
</gc-op>
<heap-resize id="1977" type="expand" space="tenure" amount="131072" count="1" timems="0.022" reason="satisfy allocation request" timestamp="2019-08-08T12:08:16.818" />
<gc-end id="1978" type="global" contextid="1970" durationms="58.770" usertimems="94.534" systemtimems="0.000" timestamp="2019-08-08T12:08:16.818" activeThreads="16">
  <mem-info id="1979" free="10269024" total="20971520" percent="48">
    <mem type="tenure" free="10269024" total="20971520" percent="48">
      <mem type="soa" free="10060128" total="20762624" percent="48" />
      <mem type="loa" free="208896" total="208896" percent="100" />
    </mem>
    <pending-finalizers system="0" default="0" reference="2" classloader="0" />
  </mem-info>
</gc-end>
<cycle-end id="1980" type="global" contextid="1970" timestamp="2019-08-08T12:08:16.818" />
  <attribute name="elasticGC enabled" value="1" />
  <attribute name= "numThreadsSpecified" value="16" />
  <attribute name="heapSize specified" value="20840448" />
  <attribute name="Current GC Util" value="37" />
  <attribute name= "Current Time Running" value="131307" />
  <attribute name ="GC Interval" value="0" />
  <attribute name="Target GC Util Change" value ="80.000000" />
  <attribute name="Current GC Util Change" value="37.000000"/>
  <attribute name="Current Error" value="-116.000000" />
  <attribute name="Output H" value="20916000"/>
  <attribute name="Output I" value="1808"/>
  <attribute name="Output T" value="16"/>
  <attribute name= "Current Time Running" value="131307" />
  <attribute name="GC Util currently" value="37" />
  <attribute name="CPU Util currently" value="26420043280" />
<allocation-satisfied id="1981" threadId="0000000002369F00" bytesRequested="80" />
<af-end id="1982" timestamp="2019-08-08T12:08:16.818" threadId="000000000236A888" success="true" />
<exclusive-end id="1983" timestamp="2019-08-08T12:08:16.818" durationms="59.022" />

<concurrent-kickoff id="1984" timestamp="2019-08-08T12:08:16.854">
  <kickoff reason="threshold reached" targetBytes="3422448" thresholdFreeBytes="462697" remainingFree="405856" tenureFreeBytes="405856" />
</concurrent-kickoff>
<exclusive-start id="1985" timestamp="2019-08-08T12:08:16.854" intervalms="95.683">
  <response-info timems="0.149" idlems="0.149" threads="0" lastid="0000000002369F00" lastname="main" />
</exclusive-start>
<cycle-start id="1986" type="global" contextid="0" timestamp="2019-08-08T12:08:16.854" intervalms="95.564" />
<exclusive-end id="1987" timestamp="2019-08-08T12:08:16.854" durationms="0.017" />

<exclusive-start id="1988" timestamp="2019-08-08T12:08:16.856" intervalms="1.855">
  <response-info timems="0.015" idlems="0.015" threads="0" lastid="0000000002369F00" lastname="main" />
</exclusive-start>
<af-start id="1989" threadId="000000000236A888" totalBytesRequested="24" timestamp="2019-08-08T12:08:16.856" intervalms="97.532" />
<concurrent-aborted id="1990" timestamp="2019-08-08T12:08:16.856">
  <reason value="insufficient progress made" />
</concurrent-aborted>
<cycle-end id="1991" type="global" contextid="1986" timestamp="2019-08-08T12:08:16.856" />
  <attribute name="elasticGC enabled" value="1" />
  <attribute name= "numThreadsSpecified" value="16" />
  <attribute name="heapSize specified" value="20840448" />
  <attribute name="Current GC Util" value="37" />
  <attribute name= "Current Time Running" value="131307" />
  <attribute name ="GC Interval" value="0" />
  <attribute name="Target GC Util Change" value ="80.000000" />
  <attribute name="Current GC Util Change" value="37.000000"/>
  <attribute name="Current Error" value="-116.000000" />
  <attribute name="Output H" value="20916000"/>
  <attribute name="Output I" value="1808"/>
  <attribute name="Output T" value="16"/>
  <attribute name= "Current Time Running" value="131307" />
  <attribute name="GC Util currently" value="37" />
  <attribute name="CPU Util currently" value="26420043280" />
<cycle-start id="1992" type="global" contextid="0" timestamp="2019-08-08T12:08:16.856" intervalms="1.928" />
<gc-start id="1993" type="global" contextid="1992" timestamp="2019-08-08T12:08:16.856">
  <mem-info id="1994" free="208896" total="20971520" percent="0">
    <mem type="tenure" free="208896" total="20971520" percent="0">
      <mem type="soa" free="0" total="20762624" percent="0" />
      <mem type="loa" free="208896" total="208896" percent="100" />
    </mem>
  </mem-info>
</gc-start>
<allocation-stats totalBytes="10112088" >
  <allocated-bytes non-tlh="0" tlh="10112088" />
  <largest-consumer threadName="main" threadId="0000000002369F00" bytes="10112088" />
</allocation-stats>
<gc-op id="1995" type="mark" timems="26.555" contextid="1992" timestamp="2019-08-08T12:08:16.883">
  <trace-info objectcount="252362" scancount="214279" scanbytes="5924768" />
  <finalization candidates="81" enqueued="0" />
  <ownableSynchronizers candidates="21" cleared="0" />
  <references type="soft" candidates="2220" cleared="4" enqueued="4" dynamicThreshold="15" maxThreshold="32" />
  <references type="weak" candidates="5530" cleared="0" enqueued="0" />
  <references type="phantom" candidates="98" cleared="0" enqueued="0" />
  <stringconstants candidates="13228" cleared="0"  />
</gc-op>
<gc-op id="1996" type="sweep" timems="3.938" contextid="1992" timestamp="2019-08-08T12:08:16.887" />
<mem-info id="1997" free="9413248" total="20971520" percent="44">
  <mem type="tenure" free="9413248" total="20971520" percent="44" micro-fragmented="30420">
    <mem type="soa" free="9204352" total="20762624" percent="44" />
    <mem type="loa" free="208896" total="208896" percent="100" />
  </mem>
  <pending-finalizers system="0" default="0" reference="4" classloader="0" />
</mem-info>
<gc-op id="1998" type="compact" timems="51.474" contextid="1992" timestamp="2019-08-08T12:08:16.939">
  <compact-info movecount="155080" movebytes="5996672" reason="compact to aid heap contraction" />
</gc-op>
<heap-resize id="1999" type="expand" space="tenure" amount="131072" count="1" timems="0.025" reason="satisfy allocation request" timestamp="2019-08-08T12:08:16.939" />
<gc-end id="2000" type="global" contextid="1992" durationms="83.195" usertimems="109.385" systemtimems="0.000" timestamp="2019-08-08T12:08:16.939" activeThreads="16">
  <mem-info id="2001" free="9872568" total="21102592" percent="46">
    <mem type="tenure" free="9872568" total="21102592" percent="46">
      <mem type="soa" free="9661624" total="20891648" percent="46" />
      <mem type="loa" free="210944" total="210944" percent="100" />
    </mem>
    <pending-finalizers system="0" default="0" reference="4" classloader="0" />
  </mem-info>
</gc-end>
<cycle-end id="2002" type="global" contextid="1992" timestamp="2019-08-08T12:08:16.940" />
  <attribute name="elasticGC enabled" value="1" />
  <attribute name= "numThreadsSpecified" value="16" />
  <attribute name="heapSize specified" value="20971520" />
  <attribute name="Current GC Util" value="19" />
  <attribute name= "Current Time Running" value="131429" />
  <attribute name ="GC Interval" value="0" />
  <attribute name="Target GC Util Change" value ="80.000000" />
  <attribute name="Current GC Util Change" value="19.000000"/>
  <attribute name="Current Error" value="-115.000000" />
  <attribute name="Output H" value="21047072"/>
  <attribute name="Output I" value="1808"/>
  <attribute name="Output T" value="16"/>
  <attribute name= "Current Time Running" value="131429" />
  <attribute name="GC Util currently" value="19" />
  <attribute name="CPU Util currently" value="22363385632" />
<allocation-satisfied id="2003" threadId="0000000002369F00" bytesRequested="24" />
<af-end id="2004" timestamp="2019-08-08T12:08:16.940" threadId="000000000236A888" success="true" />
<exclusive-end id="2005" timestamp="2019-08-08T12:08:16.940" durationms="83.409" />

<concurrent-kickoff id="2006" timestamp="2019-08-08T12:08:16.971">
  <kickoff reason="threshold reached" targetBytes="3443838" thresholdFreeBytes="465590" remainingFree="402616" tenureFreeBytes="402616" />
</concurrent-kickoff>
<exclusive-start id="2007" timestamp="2019-08-08T12:08:16.972" intervalms="115.394">
  <response-info timems="0.015" idlems="0.015" threads="0" lastid="0000000002369F00" lastname="main" />
</exclusive-start>
<cycle-start id="2008" type="global" contextid="0" timestamp="2019-08-08T12:08:16.972" intervalms="115.328" />
<exclusive-end id="2009" timestamp="2019-08-08T12:08:16.972" durationms="0.023" />

<exclusive-start id="2010" timestamp="2019-08-08T12:08:16.973" intervalms="1.031">
  <response-info timems="0.029" idlems="0.029" threads="0" lastid="0000000002369F00" lastname="main" />
</exclusive-start>
<af-start id="2011" threadId="000000000236A888" totalBytesRequested="16" timestamp="2019-08-08T12:08:16.973" intervalms="116.415" />
<concurrent-aborted id="2012" timestamp="2019-08-08T12:08:16.973">
  <reason value="insufficient progress made" />
</concurrent-aborted>
<cycle-end id="2013" type="global" contextid="2008" timestamp="2019-08-08T12:08:16.973" />
  <attribute name="elasticGC enabled" value="1" />
  <attribute name= "numThreadsSpecified" value="16" />
  <attribute name="heapSize specified" value="20971520" />
  <attribute name="Current GC Util" value="19" />
  <attribute name= "Current Time Running" value="131429" />
  <attribute name ="GC Interval" value="0" />
  <attribute name="Target GC Util Change" value ="80.000000" />
  <attribute name="Current GC Util Change" value="19.000000"/>
  <attribute name="Current Error" value="-115.000000" />
  <attribute name="Output H" value="21047072"/>
  <attribute name="Output I" value="1808"/>
  <attribute name="Output T" value="16"/>
  <attribute name= "Current Time Running" value="131429" />
  <attribute name="GC Util currently" value="19" />
  <attribute name="CPU Util currently" value="22363385632" />
<cycle-start id="2014" type="global" contextid="0" timestamp="2019-08-08T12:08:16.973" intervalms="1.084" />
<gc-start id="2015" type="global" contextid="2014" timestamp="2019-08-08T12:08:16.973">
  <mem-info id="2016" free="210944" total="21102592" percent="0">
    <mem type="tenure" free="210944" total="21102592" percent="0">
      <mem type="soa" free="0" total="20891648" percent="0" />
      <mem type="loa" free="210944" total="210944" percent="100" />
    </mem>
  </mem-info>
</gc-start>
<allocation-stats totalBytes="9715696" >
  <allocated-bytes non-tlh="0" tlh="9715696" />
  <largest-consumer threadName="main" threadId="0000000002369F00" bytes="9715696" />
</allocation-stats>
<gc-op id="2017" type="mark" timems="6.229" contextid="2014" timestamp="2019-08-08T12:08:16.979">
  <trace-info objectcount="272606" scancount="231264" scanbytes="6387540" />
  <finalization candidates="81" enqueued="0" />
  <ownableSynchronizers candidates="21" cleared="0" />
  <references type="soft" candidates="2216" cleared="1" enqueued="1" dynamicThreshold="14" maxThreshold="32" />
  <references type="weak" candidates="5530" cleared="0" enqueued="0" />
  <references type="phantom" candidates="98" cleared="0" enqueued="0" />
  <stringconstants candidates="13228" cleared="0"  />
</gc-op>
<gc-op id="2018" type="sweep" timems="1.886" contextid="2014" timestamp="2019-08-08T12:08:16.981" />
<mem-info id="2019" free="8962336" total="21102592" percent="42">
  <mem type="tenure" free="8962336" total="21102592" percent="42" micro-fragmented="65876">
    <mem type="soa" free="8751392" total="20891648" percent="41" />
    <mem type="loa" free="210944" total="210944" percent="100" />
  </mem>
  <pending-finalizers system="0" default="0" reference="1" classloader="0" />
</mem-info>
<gc-op id="2020" type="compact" timems="49.830" contextid="2014" timestamp="2019-08-08T12:08:17.031">
  <compact-info movecount="174854" movebytes="6533496" reason="compact to aid heap contraction" />
</gc-op>
<heap-resize id="2021" type="expand" space="tenure" amount="131072" count="1" timems="0.020" reason="satisfy allocation request" timestamp="2019-08-08T12:08:17.032" />
<gc-end id="2022" type="global" contextid="2014" durationms="59.254" usertimems="85.621" systemtimems="0.000" timestamp="2019-08-08T12:08:17.032" activeThreads="16">
  <mem-info id="2023" free="9448792" total="21233664" percent="44">
    <mem type="tenure" free="9448792" total="21233664" percent="44">
      <mem type="soa" free="9236824" total="21021696" percent="43" />
      <mem type="loa" free="211968" total="211968" percent="100" />
    </mem>
    <pending-finalizers system="0" default="0" reference="1" classloader="0" />
  </mem-info>
</gc-end>
<cycle-end id="2024" type="global" contextid="2014" timestamp="2019-08-08T12:08:17.032" />
  <attribute name="elasticGC enabled" value="1" />
  <attribute name= "numThreadsSpecified" value="16" />
  <attribute name="heapSize specified" value="21102592" />
  <attribute name="Current GC Util" value="21" />
  <attribute name= "Current Time Running" value="131521" />
  <attribute name ="GC Interval" value="0" />
  <attribute name="Target GC Util Change" value ="80.000000" />
  <attribute name="Current GC Util Change" value="21.000000"/>
  <attribute name="Current Error" value="-365.000000" />
  <attribute name="Output H" value="21177856"/>
  <attribute name="Output I" value="1360"/>
  <attribute name="Output T" value="16"/>
  <attribute name= "Current Time Running" value="131521" />
  <attribute name="GC Util currently" value="21" />
  <attribute name="CPU Util currently" value="23115803230" />
<allocation-satisfied id="2025" threadId="0000000002369F00" bytesRequested="16" />
<af-end id="2026" timestamp="2019-08-08T12:08:17.032" threadId="000000000236A888" success="true" />
<exclusive-end id="2027" timestamp="2019-08-08T12:08:17.032" durationms="59.424" />

<concurrent-kickoff id="2028" timestamp="2019-08-08T12:08:17.050">
  <kickoff reason="threshold reached" targetBytes="3465229" thresholdFreeBytes="468482" remainingFree="372056" tenureFreeBytes="372056" />
</concurrent-kickoff>
<exclusive-start id="2029" timestamp="2019-08-08T12:08:17.050" intervalms="77.735">
  <response-info timems="0.021" idlems="0.021" threads="0" lastid="0000000002369F00" lastname="main" />
</exclusive-start>
<cycle-start id="2030" type="global" contextid="0" timestamp="2019-08-08T12:08:17.050" intervalms="77.674" />
<exclusive-end id="2031" timestamp="2019-08-08T12:08:17.050" durationms="0.015" />

<exclusive-start id="2032" timestamp="2019-08-08T12:08:17.051" intervalms="0.995">
  <response-info timems="0.023" idlems="0.023" threads="0" lastid="0000000002369F00" lastname="main" />
</exclusive-start>
<af-start id="2033" threadId="000000000236A888" totalBytesRequested="80" timestamp="2019-08-08T12:08:17.051" intervalms="78.731" />
<concurrent-aborted id="2034" timestamp="2019-08-08T12:08:17.051">
  <reason value="insufficient progress made" />
</concurrent-aborted>
<cycle-end id="2035" type="global" contextid="2030" timestamp="2019-08-08T12:08:17.051" />
  <attribute name="elasticGC enabled" value="1" />
  <attribute name= "numThreadsSpecified" value="16" />
  <attribute name="heapSize specified" value="21102592" />
  <attribute name="Current GC Util" value="21" />
  <attribute name= "Current Time Running" value="131521" />
  <attribute name ="GC Interval" value="0" />
  <attribute name="Target GC Util Change" value ="80.000000" />
  <attribute name="Current GC Util Change" value="21.000000"/>
  <attribute name="Current Error" value="-365.000000" />
  <attribute name="Output H" value="21177856"/>
  <attribute name="Output I" value="1360"/>
  <attribute name="Output T" value="16"/>
  <attribute name= "Current Time Running" value="131521" />
  <attribute name="GC Util currently" value="21" />
  <attribute name="CPU Util currently" value="23115803230" />
<cycle-start id="2036" type="global" contextid="0" timestamp="2019-08-08T12:08:17.051" intervalms="1.063" />
<gc-start id="2037" type="global" contextid="2036" timestamp="2019-08-08T12:08:17.051">
  <mem-info id="2038" free="211968" total="21233664" percent="0">
    <mem type="tenure" free="211968" total="21233664" percent="0">
      <mem type="soa" free="0" total="21021696" percent="0" />
      <mem type="loa" free="211968" total="211968" percent="100" />
    </mem>
  </mem-info>
</gc-start>
<allocation-stats totalBytes="9291200" >
  <allocated-bytes non-tlh="0" tlh="9291200" />
  <largest-consumer threadName="main" threadId="0000000002369F00" bytes="9291200" />
</allocation-stats>
<gc-op id="2039" type="mark" timems="8.404" contextid="2036" timestamp="2019-08-08T12:08:17.060">
  <trace-info objectcount="292620" scancount="248026" scanbytes="6780380" />
  <finalization candidates="81" enqueued="0" />
  <ownableSynchronizers candidates="21" cleared="0" />
  <references type="soft" candidates="2215" cleared="3" enqueued="3" dynamicThreshold="14" maxThreshold="32" />
  <references type="weak" candidates="5530" cleared="0" enqueued="0" />
  <references type="phantom" candidates="98" cleared="0" enqueued="0" />
  <stringconstants candidates="13228" cleared="0"  />
</gc-op>
<gc-op id="2040" type="sweep" timems="2.898" contextid="2036" timestamp="2019-08-08T12:08:17.063" />
<mem-info id="2041" free="8632144" total="21233664" percent="40">
  <mem type="tenure" free="8632144" total="21233664" percent="40" micro-fragmented="37962">
    <mem type="soa" free="8420176" total="21021696" percent="40" />
    <mem type="loa" free="211968" total="211968" percent="100" />
  </mem>
  <pending-finalizers system="0" default="0" reference="3" classloader="0" />
</mem-info>
<gc-op id="2042" type="compact" timems="55.814" contextid="2036" timestamp="2019-08-08T12:08:17.119">
  <compact-info movecount="194131" movebytes="6997120" reason="compact to aid heap contraction" />
</gc-op>
<heap-resize id="2043" type="expand" space="tenure" amount="131072" count="1" timems="0.019" reason="satisfy allocation request" timestamp="2019-08-08T12:08:17.120" />
<gc-end id="2044" type="global" contextid="2036" durationms="68.133" usertimems="86.531" systemtimems="0.000" timestamp="2019-08-08T12:08:17.120" activeThreads="16">
  <mem-info id="2045" free="9090208" total="21364736" percent="42">
    <mem type="tenure" free="9090208" total="21364736" percent="42">
      <mem type="soa" free="8877216" total="21151744" percent="41" />
      <mem type="loa" free="212992" total="212992" percent="100" />
    </mem>
    <pending-finalizers system="0" default="0" reference="3" classloader="0" />
  </mem-info>
</gc-end>
<cycle-end id="2046" type="global" contextid="2036" timestamp="2019-08-08T12:08:17.120" />
  <attribute name="elasticGC enabled" value="1" />
  <attribute name= "numThreadsSpecified" value="16" />
  <attribute name="heapSize specified" value="21233664" />
  <attribute name="Current GC Util" value="15" />
  <attribute name= "Current Time Running" value="131609" />
  <attribute name ="GC Interval" value="0" />
  <attribute name="Target GC Util Change" value ="80.000000" />
  <attribute name="Current GC Util Change" value="15.000000"/>
  <attribute name="Current Error" value="111.000000" />
  <attribute name="Output H" value="21309472"/>
  <attribute name="Output I" value="2208"/>
  <attribute name="Output T" value="16"/>
  <attribute name= "Current Time Running" value="131609" />
  <attribute name="GC Util currently" value="15" />
  <attribute name="CPU Util currently" value="20646564924" />
<allocation-satisfied id="2047" threadId="0000000002369F00" bytesRequested="80" />
<af-end id="2048" timestamp="2019-08-08T12:08:17.120" threadId="000000000236A888" success="true" />
<exclusive-end id="2049" timestamp="2019-08-08T12:08:17.120" durationms="68.330" />

<concurrent-kickoff id="2050" timestamp="2019-08-08T12:08:17.138">
  <kickoff reason="threshold reached" targetBytes="3486619" thresholdFreeBytes="471374" remainingFree="406688" tenureFreeBytes="406688" />
</concurrent-kickoff>
<exclusive-start id="2051" timestamp="2019-08-08T12:08:17.138" intervalms="86.937">
  <response-info timems="0.023" idlems="0.023" threads="0" lastid="0000000002369F00" lastname="main" />
</exclusive-start>
<cycle-start id="2052" type="global" contextid="0" timestamp="2019-08-08T12:08:17.138" intervalms="86.870" />
<exclusive-end id="2053" timestamp="2019-08-08T12:08:17.138" durationms="0.018" />

<exclusive-start id="2054" timestamp="2019-08-08T12:08:17.139" intervalms="1.029">
  <response-info timems="0.027" idlems="0.027" threads="0" lastid="0000000002369F00" lastname="main" />
</exclusive-start>
<af-start id="2055" threadId="000000000236A888" totalBytesRequested="664" timestamp="2019-08-08T12:08:17.139" intervalms="87.968" />
<concurrent-aborted id="2056" timestamp="2019-08-08T12:08:17.139">
  <reason value="insufficient progress made" />
</concurrent-aborted>
<cycle-end id="2057" type="global" contextid="2052" timestamp="2019-08-08T12:08:17.139" />
  <attribute name="elasticGC enabled" value="1" />
  <attribute name= "numThreadsSpecified" value="16" />
  <attribute name="heapSize specified" value="21233664" />
  <attribute name="Current GC Util" value="15" />
  <attribute name= "Current Time Running" value="131609" />
  <attribute name ="GC Interval" value="0" />
  <attribute name="Target GC Util Change" value ="80.000000" />
  <attribute name="Current GC Util Change" value="15.000000"/>
  <attribute name="Current Error" value="111.000000" />
  <attribute name="Output H" value="21309472"/>
  <attribute name="Output I" value="2208"/>
  <attribute name="Output T" value="16"/>
  <attribute name= "Current Time Running" value="131609" />
  <attribute name="GC Util currently" value="15" />
  <attribute name="CPU Util currently" value="20646564924" />
<cycle-start id="2058" type="global" contextid="0" timestamp="2019-08-08T12:08:17.139" intervalms="1.102" />
<gc-start id="2059" type="global" contextid="2058" timestamp="2019-08-08T12:08:17.139">
  <mem-info id="2060" free="212992" total="21364736" percent="0">
    <mem type="tenure" free="212992" total="21364736" percent="0">
      <mem type="soa" free="0" total="21151744" percent="0" />
      <mem type="loa" free="212992" total="212992" percent="100" />
    </mem>
  </mem-info>
</gc-start>
<allocation-stats totalBytes="8933936" >
  <allocated-bytes non-tlh="0" tlh="8933936" />
  <largest-consumer threadName="main" threadId="0000000002369F00" bytes="8933936" />
</allocation-stats>
<gc-op id="2061" type="mark" timems="16.110" contextid="2058" timestamp="2019-08-08T12:08:17.156">
  <trace-info objectcount="311080" scancount="263748" scanbytes="7148340" />
  <finalization candidates="81" enqueued="0" />
  <ownableSynchronizers candidates="21" cleared="0" />
  <references type="soft" candidates="2212" cleared="1" enqueued="1" dynamicThreshold="13" maxThreshold="32" />
  <references type="weak" candidates="5530" cleared="0" enqueued="0" />
  <references type="phantom" candidates="98" cleared="0" enqueued="0" />
  <stringconstants candidates="13228" cleared="0"  />
</gc-op>
<gc-op id="2062" type="sweep" timems="1.770" contextid="2058" timestamp="2019-08-08T12:08:17.158" />
<mem-info id="2063" free="8311264" total="21364736" percent="38">
  <mem type="tenure" free="8311264" total="21364736" percent="38" micro-fragmented="39837">
    <mem type="soa" free="8098272" total="21151744" percent="38" />
    <mem type="loa" free="212992" total="212992" percent="100" />
  </mem>
  <pending-finalizers system="0" default="0" reference="1" classloader="0" />
</mem-info>
<gc-op id="2064" type="compact" timems="59.349" contextid="2058" timestamp="2019-08-08T12:08:17.217">
  <compact-info movecount="212463" movebytes="7448328" reason="compact to aid heap contraction" />
</gc-op>
<heap-resize id="2065" type="expand" space="tenure" amount="131072" count="1" timems="0.018" reason="satisfy allocation request" timestamp="2019-08-08T12:08:17.218" />
<gc-end id="2066" type="global" contextid="2058" durationms="78.199" usertimems="111.968" systemtimems="0.000" timestamp="2019-08-08T12:08:17.218" activeThreads="16">
  <mem-info id="2067" free="8765600" total="21495808" percent="40">
    <mem type="tenure" free="8765600" total="21495808" percent="40">
      <mem type="soa" free="8551584" total="21281792" percent="40" />
      <mem type="loa" free="214016" total="214016" percent="100" />
    </mem>
    <pending-finalizers system="0" default="0" reference="1" classloader="0" />
  </mem-info>
</gc-end>
<cycle-end id="2068" type="global" contextid="2058" timestamp="2019-08-08T12:08:17.218" />
  <attribute name="elasticGC enabled" value="1" />
  <attribute name= "numThreadsSpecified" value="16" />
  <attribute name="heapSize specified" value="21364736" />
  <attribute name="Current GC Util" value="20" />
  <attribute name= "Current Time Running" value="131707" />
  <attribute name ="GC Interval" value="0" />
  <attribute name="Target GC Util Change" value ="80.000000" />
  <attribute name="Current GC Util Change" value="20.000000"/>
  <attribute name="Current Error" value="102.000000" />
  <attribute name="Output H" value="21440536"/>
  <attribute name="Output I" value="2192"/>
  <attribute name="Output T" value="16"/>
  <attribute name= "Current Time Running" value="131707" />
  <attribute name="GC Util currently" value="20" />
  <attribute name="CPU Util currently" value="19415567547" />
<allocation-satisfied id="2069" threadId="0000000002369F00" bytesRequested="664" />
<af-end id="2070" timestamp="2019-08-08T12:08:17.218" threadId="000000000236A888" success="true" />
<exclusive-end id="2071" timestamp="2019-08-08T12:08:17.218" durationms="78.396" />

<concurrent-kickoff id="2072" timestamp="2019-08-08T12:08:17.234">
  <kickoff reason="threshold reached" targetBytes="3508009" thresholdFreeBytes="474265" remainingFree="344224" tenureFreeBytes="344224" />
</concurrent-kickoff>
<exclusive-start id="2073" timestamp="2019-08-08T12:08:17.234" intervalms="95.018">
  <response-info timems="0.024" idlems="0.024" threads="0" lastid="0000000002369F00" lastname="main" />
</exclusive-start>
<cycle-start id="2074" type="global" contextid="0" timestamp="2019-08-08T12:08:17.234" intervalms="94.955" />
<exclusive-end id="2075" timestamp="2019-08-08T12:08:17.234" durationms="0.027" />

<exclusive-start id="2076" timestamp="2019-08-08T12:08:17.235" intervalms="0.867">
  <response-info timems="0.011" idlems="0.011" threads="0" lastid="0000000002369F00" lastname="main" />
</exclusive-start>
<af-start id="2077" threadId="000000000236A888" totalBytesRequested="648" timestamp="2019-08-08T12:08:17.235" intervalms="95.884" />
<concurrent-aborted id="2078" timestamp="2019-08-08T12:08:17.235">
  <reason value="insufficient progress made" />
</concurrent-aborted>
<cycle-end id="2079" type="global" contextid="2074" timestamp="2019-08-08T12:08:17.235" />
  <attribute name="elasticGC enabled" value="1" />
  <attribute name= "numThreadsSpecified" value="16" />
  <attribute name="heapSize specified" value="21364736" />
  <attribute name="Current GC Util" value="20" />
  <attribute name= "Current Time Running" value="131707" />
  <attribute name ="GC Interval" value="0" />
  <attribute name="Target GC Util Change" value ="80.000000" />
  <attribute name="Current GC Util Change" value="20.000000"/>
  <attribute name="Current Error" value="102.000000" />
  <attribute name="Output H" value="21440536"/>
  <attribute name="Output I" value="2192"/>
  <attribute name="Output T" value="16"/>
  <attribute name= "Current Time Running" value="131707" />
  <attribute name="GC Util currently" value="20" />
  <attribute name="CPU Util currently" value="19415567547" />
<cycle-start id="2080" type="global" contextid="0" timestamp="2019-08-08T12:08:17.235" intervalms="0.929" />
<gc-start id="2081" type="global" contextid="2080" timestamp="2019-08-08T12:08:17.235">
  <mem-info id="2082" free="214016" total="21495808" percent="0">
    <mem type="tenure" free="214016" total="21495808" percent="0">
      <mem type="soa" free="0" total="21281792" percent="0" />
      <mem type="loa" free="214016" total="214016" percent="100" />
    </mem>
  </mem-info>
</gc-start>
<allocation-stats totalBytes="8609856" >
  <allocated-bytes non-tlh="0" tlh="8609856" />
  <largest-consumer threadName="main" threadId="0000000002369F00" bytes="8609856" />
</allocation-stats>
<gc-op id="2083" type="mark" timems="7.377" contextid="2080" timestamp="2019-08-08T12:08:17.243">
  <trace-info objectcount="328415" scancount="278601" scanbytes="7496192" />
  <finalization candidates="81" enqueued="0" />
  <ownableSynchronizers candidates="21" cleared="0" />
  <references type="soft" candidates="2211" cleared="1" enqueued="1" dynamicThreshold="13" maxThreshold="32" />
  <references type="weak" candidates="5530" cleared="0" enqueued="0" />
  <references type="phantom" candidates="98" cleared="0" enqueued="0" />
  <stringconstants candidates="13228" cleared="0"  />
</gc-op>
<gc-op id="2084" type="sweep" timems="3.089" contextid="2080" timestamp="2019-08-08T12:08:17.246" />
<mem-info id="2085" free="8064056" total="21495808" percent="37">
  <mem type="tenure" free="8064056" total="21495808" percent="37" micro-fragmented="42520">
    <mem type="soa" free="7850040" total="21281792" percent="36" />
    <mem type="loa" free="214016" total="214016" percent="100" />
  </mem>
  <pending-finalizers system="0" default="0" reference="1" classloader="0" />
</mem-info>
<gc-op id="2086" type="compact" timems="62.576" contextid="2080" timestamp="2019-08-08T12:08:17.309">
  <compact-info movecount="229171" movebytes="7850288" reason="compact to aid heap contraction" />
</gc-op>
<heap-resize id="2087" type="expand" space="tenure" amount="131072" count="1" timems="0.020" reason="satisfy allocation request" timestamp="2019-08-08T12:08:17.309" />
<gc-end id="2088" type="global" contextid="2080" durationms="74.155" usertimems="104.931" systemtimems="0.000" timestamp="2019-08-08T12:08:17.309" activeThreads="16">
  <mem-info id="2089" free="8472312" total="21626880" percent="39">
    <mem type="tenure" free="8472312" total="21626880" percent="39">
      <mem type="soa" free="8256248" total="21410816" percent="38" />
      <mem type="loa" free="216064" total="216064" percent="100" />
    </mem>
    <pending-finalizers system="0" default="0" reference="1" classloader="0" />
  </mem-info>
</gc-end>
<cycle-end id="2090" type="global" contextid="2080" timestamp="2019-08-08T12:08:17.309" />
  <attribute name="elasticGC enabled" value="1" />
  <attribute name= "numThreadsSpecified" value="16" />
  <attribute name="heapSize specified" value="21495808" />
  <attribute name="Current GC Util" value="15" />
  <attribute name= "Current Time Running" value="131799" />
  <attribute name ="GC Interval" value="0" />
  <attribute name="Target GC Util Change" value ="80.000000" />
  <attribute name="Current GC Util Change" value="15.000000"/>
  <attribute name="Current Error" value="65.000000" />
  <attribute name="Output H" value="21571568"/>
  <attribute name="Output I" value="2128"/>
  <attribute name="Output T" value="16"/>
  <attribute name= "Current Time Running" value="131799" />
  <attribute name="GC Util currently" value="15" />
  <attribute name="CPU Util currently" value="18415689004" />
<allocation-satisfied id="2091" threadId="0000000002369F00" bytesRequested="648" />
<af-end id="2092" timestamp="2019-08-08T12:08:17.310" threadId="000000000236A888" success="true" />
<exclusive-end id="2093" timestamp="2019-08-08T12:08:17.310" durationms="74.356" />

<concurrent-kickoff id="2094" timestamp="2019-08-08T12:08:17.326">
  <kickoff reason="threshold reached" targetBytes="3529401" thresholdFreeBytes="477156" remainingFree="444152" tenureFreeBytes="444152" />
</concurrent-kickoff>
<exclusive-start id="2095" timestamp="2019-08-08T12:08:17.326" intervalms="90.446">
  <response-info timems="0.023" idlems="0.023" threads="0" lastid="0000000002369F00" lastname="main" />
</exclusive-start>
<cycle-start id="2096" type="global" contextid="0" timestamp="2019-08-08T12:08:17.326" intervalms="90.372" />
<exclusive-end id="2097" timestamp="2019-08-08T12:08:17.326" durationms="0.017" />

<exclusive-start id="2098" timestamp="2019-08-08T12:08:17.327" intervalms="1.584">
  <response-info timems="0.018" idlems="0.018" threads="0" lastid="0000000002369F00" lastname="main" />
</exclusive-start>
<af-start id="2099" threadId="000000000236A888" totalBytesRequested="672" timestamp="2019-08-08T12:08:17.327" intervalms="92.038" />
<concurrent-aborted id="2100" timestamp="2019-08-08T12:08:17.327">
  <reason value="insufficient progress made" />
</concurrent-aborted>
<cycle-end id="2101" type="global" contextid="2096" timestamp="2019-08-08T12:08:17.327" />
  <attribute name="elasticGC enabled" value="1" />
  <attribute name= "numThreadsSpecified" value="16" />
  <attribute name="heapSize specified" value="21495808" />
  <attribute name="Current GC Util" value="15" />
  <attribute name= "Current Time Running" value="131799" />
  <attribute name ="GC Interval" value="0" />
  <attribute name="Target GC Util Change" value ="80.000000" />
  <attribute name="Current GC Util Change" value="15.000000"/>
  <attribute name="Current Error" value="65.000000" />
  <attribute name="Output H" value="21571568"/>
  <attribute name="Output I" value="2128"/>
  <attribute name="Output T" value="16"/>
  <attribute name= "Current Time Running" value="131799" />
  <attribute name="GC Util currently" value="15" />
  <attribute name="CPU Util currently" value="18415689004" />
<cycle-start id="2102" type="global" contextid="0" timestamp="2019-08-08T12:08:17.327" intervalms="1.657" />
<gc-start id="2103" type="global" contextid="2102" timestamp="2019-08-08T12:08:17.327">
  <mem-info id="2104" free="216064" total="21626880" percent="0">
    <mem type="tenure" free="216064" total="21626880" percent="0">
      <mem type="soa" free="0" total="21410816" percent="0" />
      <mem type="loa" free="216064" total="216064" percent="100" />
    </mem>
  </mem-info>
</gc-start>
<allocation-stats totalBytes="8314464" >
  <allocated-bytes non-tlh="0" tlh="8314464" />
  <largest-consumer threadName="main" threadId="0000000002369F00" bytes="8314464" />
</allocation-stats>
<gc-op id="2105" type="mark" timems="8.713" contextid="2102" timestamp="2019-08-08T12:08:17.336">
  <trace-info objectcount="345530" scancount="292982" scanbytes="7829536" />
  <finalization candidates="81" enqueued="0" />
  <ownableSynchronizers candidates="21" cleared="0" />
  <references type="soft" candidates="2210" cleared="64" enqueued="64" dynamicThreshold="12" maxThreshold="32" />
  <references type="weak" candidates="5530" cleared="0" enqueued="0" />
  <references type="phantom" candidates="98" cleared="0" enqueued="0" />
  <stringconstants candidates="13228" cleared="0"  />
</gc-op>
<gc-op id="2106" type="sweep" timems="1.700" contextid="2102" timestamp="2019-08-08T12:08:17.338" />
<mem-info id="2107" free="7798888" total="21626880" percent="36">
  <mem type="tenure" free="7798888" total="21626880" percent="36" micro-fragmented="23586">
    <mem type="soa" free="7582824" total="21410816" percent="35" />
    <mem type="loa" free="216064" total="216064" percent="100" />
  </mem>
  <pending-finalizers system="0" default="0" reference="64" classloader="0" />
</mem-info>
<gc-op id="2108" type="compact" timems="67.309" contextid="2102" timestamp="2019-08-08T12:08:17.405">
  <compact-info movecount="245919" movebytes="8252888" reason="compact to aid heap contraction" />
</gc-op>
<heap-resize id="2109" type="expand" space="tenure" amount="131072" count="1" timems="0.021" reason="satisfy allocation request" timestamp="2019-08-08T12:08:17.406" />
<gc-end id="2110" type="global" contextid="2102" durationms="78.873" usertimems="113.609" systemtimems="0.000" timestamp="2019-08-08T12:08:17.406" activeThreads="16">
  <mem-info id="2111" free="8188264" total="21757952" percent="37">
    <mem type="tenure" free="8188264" total="21757952" percent="37">
      <mem type="soa" free="7971176" total="21540864" percent="37" />
      <mem type="loa" free="217088" total="217088" percent="100" />
    </mem>
    <pending-finalizers system="0" default="0" reference="64" classloader="0" />
  </mem-info>
</gc-end>
<cycle-end id="2112" type="global" contextid="2102" timestamp="2019-08-08T12:08:17.406" />
  <attribute name="elasticGC enabled" value="1" />
  <attribute name= "numThreadsSpecified" value="16" />
  <attribute name="heapSize specified" value="21626880" />
  <attribute name="Current GC Util" value="13" />
  <attribute name= "Current Time Running" value="131896" />
  <attribute name ="GC Interval" value="0" />
  <attribute name="Target GC Util Change" value ="80.000000" />
  <attribute name="Current GC Util Change" value="13.000000"/>
  <attribute name="Current Error" value="-457.000000" />
  <attribute name="Output H" value="21702040"/>
  <attribute name="Output I" value="1192"/>
  <attribute name="Output T" value="16"/>
  <attribute name= "Current Time Running" value="131896" />
  <attribute name="GC Util currently" value="13" />
  <attribute name="CPU Util currently" value="17118629237" />
<allocation-satisfied id="2113" threadId="0000000002369F00" bytesRequested="672" />
<af-end id="2114" timestamp="2019-08-08T12:08:17.406" threadId="000000000236A888" success="true" />
<exclusive-end id="2115" timestamp="2019-08-08T12:08:17.406" durationms="79.085" />

<concurrent-kickoff id="2116" timestamp="2019-08-08T12:08:17.433">
  <kickoff reason="threshold reached" targetBytes="3550791" thresholdFreeBytes="480048" remainingFree="422248" tenureFreeBytes="422248" />
</concurrent-kickoff>
<exclusive-start id="2117" timestamp="2019-08-08T12:08:17.433" intervalms="105.465">
  <response-info timems="0.026" idlems="0.026" threads="0" lastid="0000000002369F00" lastname="main" />
</exclusive-start>
<cycle-start id="2118" type="global" contextid="0" timestamp="2019-08-08T12:08:17.433" intervalms="105.394" />
<exclusive-end id="2119" timestamp="2019-08-08T12:08:17.433" durationms="0.019" />

<exclusive-start id="2120" timestamp="2019-08-08T12:08:17.434" intervalms="1.624">
  <response-info timems="0.035" idlems="0.035" threads="0" lastid="0000000002369F00" lastname="main" />
</exclusive-start>
<af-start id="2121" threadId="000000000236A888" totalBytesRequested="32" timestamp="2019-08-08T12:08:17.434" intervalms="107.087" />
<concurrent-aborted id="2122" timestamp="2019-08-08T12:08:17.434">
  <reason value="insufficient progress made" />
</concurrent-aborted>
<cycle-end id="2123" type="global" contextid="2118" timestamp="2019-08-08T12:08:17.434" />
  <attribute name="elasticGC enabled" value="1" />
  <attribute name= "numThreadsSpecified" value="16" />
  <attribute name="heapSize specified" value="21626880" />
  <attribute name="Current GC Util" value="13" />
  <attribute name= "Current Time Running" value="131896" />
  <attribute name ="GC Interval" value="0" />
  <attribute name="Target GC Util Change" value ="80.000000" />
  <attribute name="Current GC Util Change" value="13.000000"/>
  <attribute name="Current Error" value="-457.000000" />
  <attribute name="Output H" value="21702040"/>
  <attribute name="Output I" value="1192"/>
  <attribute name="Output T" value="16"/>
  <attribute name= "Current Time Running" value="131896" />
  <attribute name="GC Util currently" value="13" />
  <attribute name="CPU Util currently" value="17118629237" />
<cycle-start id="2124" type="global" contextid="0" timestamp="2019-08-08T12:08:17.434" intervalms="1.699" />
<gc-start id="2125" type="global" contextid="2124" timestamp="2019-08-08T12:08:17.434">
  <mem-info id="2126" free="217088" total="21757952" percent="0">
    <mem type="tenure" free="217088" total="21757952" percent="0">
      <mem type="soa" free="0" total="21540864" percent="0" />
      <mem type="loa" free="217088" total="217088" percent="100" />
    </mem>
  </mem-info>
</gc-start>
<allocation-stats totalBytes="8027136" >
  <allocated-bytes non-tlh="0" tlh="8027136" />
  <largest-consumer threadName="main" threadId="0000000002369F00" bytes="8027136" />
</allocation-stats>
<gc-op id="2127" type="mark" timems="8.395" contextid="2124" timestamp="2019-08-08T12:08:17.443">
  <trace-info objectcount="361436" scancount="306335" scanbytes="8126148" />
  <finalization candidates="81" enqueued="0" />
  <ownableSynchronizers candidates="21" cleared="0" />
  <references type="soft" candidates="2146" cleared="315" enqueued="311" dynamicThreshold="12" maxThreshold="32" />
  <references type="weak" candidates="5530" cleared="0" enqueued="0" />
  <references type="phantom" candidates="98" cleared="0" enqueued="0" />
  <stringconstants candidates="13228" cleared="5"  />
</gc-op>
<gc-op id="2128" type="sweep" timems="1.998" contextid="2124" timestamp="2019-08-08T12:08:17.445" />
<mem-info id="2129" free="7497976" total="21757952" percent="34">
  <mem type="tenure" free="7497976" total="21757952" percent="34" micro-fragmented="28907">
    <mem type="soa" free="7280888" total="21540864" percent="33" />
    <mem type="loa" free="217088" total="217088" percent="100" />
  </mem>
  <pending-finalizers system="0" default="0" reference="311" classloader="0" />
</mem-info>
<gc-op id="2130" type="compact" timems="105.937" contextid="2124" timestamp="2019-08-08T12:08:17.551">
  <compact-info movecount="344394" movebytes="13038816" reason="compact to aid heap contraction" />
</gc-op>
<heap-resize id="2131" type="expand" space="tenure" amount="131072" count="1" timems="0.019" reason="satisfy allocation request" timestamp="2019-08-08T12:08:17.552" />
<gc-end id="2132" type="global" contextid="2124" durationms="117.185" usertimems="148.475" systemtimems="0.000" timestamp="2019-08-08T12:08:17.552" activeThreads="16">
  <mem-info id="2133" free="7940232" total="21889024" percent="36">
    <mem type="tenure" free="7940232" total="21889024" percent="36">
      <mem type="soa" free="7722120" total="21670912" percent="35" />
      <mem type="loa" free="218112" total="218112" percent="100" />
    </mem>
    <pending-finalizers system="0" default="0" reference="311" classloader="0" />
  </mem-info>
</gc-end>
<cycle-end id="2134" type="global" contextid="2124" timestamp="2019-08-08T12:08:17.552" />
  <attribute name="elasticGC enabled" value="1" />
  <attribute name= "numThreadsSpecified" value="16" />
  <attribute name="heapSize specified" value="21757952" />
  <attribute name="Current GC Util" value="12" />
  <attribute name= "Current Time Running" value="132041" />
  <attribute name ="GC Interval" value="0" />
  <attribute name="Target GC Util Change" value ="80.000000" />
  <attribute name="Current GC Util Change" value="12.000000"/>
  <attribute name="Current Error" value="-344.000000" />
  <attribute name="Output H" value="21833240"/>
  <attribute name="Output I" value="1400"/>
  <attribute name="Output T" value="16"/>
  <attribute name= "Current Time Running" value="132041" />
  <attribute name="GC Util currently" value="12" />
  <attribute name="CPU Util currently" value="10879951987" />
<allocation-satisfied id="2135" threadId="0000000002369F00" bytesRequested="32" />
<af-end id="2136" timestamp="2019-08-08T12:08:17.552" threadId="000000000236A888" success="true" />
<exclusive-end id="2137" timestamp="2019-08-08T12:08:17.552" durationms="117.397" />

<concurrent-kickoff id="2138" timestamp="2019-08-08T12:08:17.566">
  <kickoff reason="threshold reached" targetBytes="3572181" thresholdFreeBytes="482941" remainingFree="436360" tenureFreeBytes="436360" />
</concurrent-kickoff>
<exclusive-start id="2139" timestamp="2019-08-08T12:08:17.567" intervalms="132.278">
  <response-info timems="0.023" idlems="0.023" threads="0" lastid="0000000002369F00" lastname="main" />
</exclusive-start>
<cycle-start id="2140" type="global" contextid="0" timestamp="2019-08-08T12:08:17.567" intervalms="132.201" />
<exclusive-end id="2141" timestamp="2019-08-08T12:08:17.567" durationms="0.015" />

<exclusive-start id="2142" timestamp="2019-08-08T12:08:17.568" intervalms="1.190">
  <response-info timems="0.030" idlems="0.030" threads="0" lastid="0000000002369F00" lastname="main" />
</exclusive-start>
<af-start id="2143" threadId="000000000236A888" totalBytesRequested="680" timestamp="2019-08-08T12:08:17.568" intervalms="133.482" />
<concurrent-aborted id="2144" timestamp="2019-08-08T12:08:17.568">
  <reason value="insufficient progress made" />
</concurrent-aborted>
<cycle-end id="2145" type="global" contextid="2140" timestamp="2019-08-08T12:08:17.568" />
  <attribute name="elasticGC enabled" value="1" />
  <attribute name= "numThreadsSpecified" value="16" />
  <attribute name="heapSize specified" value="21757952" />
  <attribute name="Current GC Util" value="12" />
  <attribute name= "Current Time Running" value="132041" />
  <attribute name ="GC Interval" value="0" />
  <attribute name="Target GC Util Change" value ="80.000000" />
  <attribute name="Current GC Util Change" value="12.000000"/>
  <attribute name="Current Error" value="-344.000000" />
  <attribute name="Output H" value="21833240"/>
  <attribute name="Output I" value="1400"/>
  <attribute name="Output T" value="16"/>
  <attribute name= "Current Time Running" value="132041" />
  <attribute name="GC Util currently" value="12" />
  <attribute name="CPU Util currently" value="10879951987" />
<cycle-start id="2146" type="global" contextid="0" timestamp="2019-08-08T12:08:17.568" intervalms="1.276" />
<gc-start id="2147" type="global" contextid="2146" timestamp="2019-08-08T12:08:17.568">
  <mem-info id="2148" free="218112" total="21889024" percent="0">
    <mem type="tenure" free="218112" total="21889024" percent="0">
      <mem type="soa" free="0" total="21670912" percent="0" />
      <mem type="loa" free="218112" total="218112" percent="100" />
    </mem>
  </mem-info>
</gc-start>
<allocation-stats totalBytes="7780232" >
  <allocated-bytes non-tlh="0" tlh="7780232" />
  <largest-consumer threadName="main" threadId="0000000002369F00" bytes="7780232" />
</allocation-stats>
<gc-op id="2149" type="mark" timems="9.749" contextid="2146" timestamp="2019-08-08T12:08:17.578">
  <trace-info objectcount="375447" scancount="318498" scanbytes="8408992" />
  <finalization candidates="81" enqueued="0" />
  <ownableSynchronizers candidates="21" cleared="0" />
  <references type="soft" candidates="1831" cleared="2" enqueued="2" dynamicThreshold="11" maxThreshold="32" />
  <references type="weak" candidates="5530" cleared="0" enqueued="0" />
  <references type="phantom" candidates="98" cleared="0" enqueued="0" />
  <stringconstants candidates="13223" cleared="84"  />
</gc-op>
<gc-op id="2150" type="sweep" timems="1.902" contextid="2146" timestamp="2019-08-08T12:08:17.580" />
<mem-info id="2151" free="7333608" total="21889024" percent="33">
  <mem type="tenure" free="7333608" total="21889024" percent="33" micro-fragmented="46199">
    <mem type="soa" free="7115496" total="21670912" percent="32" />
    <mem type="loa" free="218112" total="218112" percent="100" />
  </mem>
  <pending-finalizers system="0" default="0" reference="2" classloader="0" />
</mem-info>
<gc-op id="2152" type="compact" timems="107.940" contextid="2146" timestamp="2019-08-08T12:08:17.688">
  <compact-info movecount="358208" movebytes="13360664" reason="compact to aid heap contraction" />
</gc-op>
<heap-resize id="2153" type="expand" space="tenure" amount="131072" count="1" timems="0.021" reason="satisfy allocation request" timestamp="2019-08-08T12:08:17.688" />
<gc-end id="2154" type="global" contextid="2146" durationms="120.594" usertimems="156.871" systemtimems="0.000" timestamp="2019-08-08T12:08:17.688" activeThreads="16">
  <mem-info id="2155" free="7741896" total="22020096" percent="35">
    <mem type="tenure" free="7741896" total="22020096" percent="35">
      <mem type="soa" free="7521736" total="21799936" percent="34" />
      <mem type="loa" free="220160" total="220160" percent="100" />
    </mem>
    <pending-finalizers system="0" default="0" reference="2" classloader="0" />
  </mem-info>
</gc-end>
<cycle-end id="2156" type="global" contextid="2146" timestamp="2019-08-08T12:08:17.689" />
  <attribute name="elasticGC enabled" value="1" />
  <attribute name= "numThreadsSpecified" value="16" />
  <attribute name="heapSize specified" value="21889024" />
  <attribute name="Current GC Util" value="15" />
  <attribute name= "Current Time Running" value="132178" />
  <attribute name ="GC Interval" value="0" />
  <attribute name="Target GC Util Change" value ="80.000000" />
  <attribute name="Current GC Util Change" value="15.000000"/>
  <attribute name="Current Error" value="-209.000000" />
  <attribute name="Output H" value="21964464"/>
  <attribute name="Output I" value="1640"/>
  <attribute name="Output T" value="16"/>
  <attribute name= "Current Time Running" value="132178" />
  <attribute name="GC Util currently" value="15" />
  <attribute name="CPU Util currently" value="10678588498" />
<allocation-satisfied id="2157" threadId="0000000002369F00" bytesRequested="680" />
<af-end id="2158" timestamp="2019-08-08T12:08:17.689" threadId="000000000236A888" success="true" />
<exclusive-end id="2159" timestamp="2019-08-08T12:08:17.689" durationms="120.807" />

<concurrent-kickoff id="2160" timestamp="2019-08-08T12:08:17.703">
  <kickoff reason="threshold reached" targetBytes="3593571" thresholdFreeBytes="485833" remainingFree="369096" tenureFreeBytes="369096" />
</concurrent-kickoff>
<exclusive-start id="2161" timestamp="2019-08-08T12:08:17.703" intervalms="134.950">
  <response-info timems="0.017" idlems="0.017" threads="0" lastid="0000000002369F00" lastname="main" />
</exclusive-start>
<cycle-start id="2162" type="global" contextid="0" timestamp="2019-08-08T12:08:17.703" intervalms="134.863" />
<exclusive-end id="2163" timestamp="2019-08-08T12:08:17.703" durationms="0.013" />

<exclusive-start id="2164" timestamp="2019-08-08T12:08:17.703" intervalms="0.763">
  <response-info timems="0.048" idlems="0.048" threads="0" lastid="0000000002369F00" lastname="main" />
</exclusive-start>
<af-start id="2165" threadId="000000000236A888" totalBytesRequested="648" timestamp="2019-08-08T12:08:17.703" intervalms="135.697" />
<concurrent-aborted id="2166" timestamp="2019-08-08T12:08:17.703">
  <reason value="insufficient progress made" />
</concurrent-aborted>
<cycle-end id="2167" type="global" contextid="2162" timestamp="2019-08-08T12:08:17.704" />
  <attribute name="elasticGC enabled" value="1" />
  <attribute name= "numThreadsSpecified" value="16" />
  <attribute name="heapSize specified" value="21889024" />
  <attribute name="Current GC Util" value="15" />
  <attribute name= "Current Time Running" value="132178" />
  <attribute name ="GC Interval" value="0" />
  <attribute name="Target GC Util Change" value ="80.000000" />
  <attribute name="Current GC Util Change" value="15.000000"/>
  <attribute name="Current Error" value="-209.000000" />
  <attribute name="Output H" value="21964464"/>
  <attribute name="Output I" value="1640"/>
  <attribute name="Output T" value="16"/>
  <attribute name= "Current Time Running" value="132178" />
  <attribute name="GC Util currently" value="15" />
  <attribute name="CPU Util currently" value="10678588498" />
<cycle-start id="2168" type="global" contextid="0" timestamp="2019-08-08T12:08:17.704" intervalms="0.831" />
<gc-start id="2169" type="global" contextid="2168" timestamp="2019-08-08T12:08:17.704">
  <mem-info id="2170" free="220160" total="22020096" percent="0">
    <mem type="tenure" free="220160" total="22020096" percent="0">
      <mem type="soa" free="0" total="21799936" percent="0" />
      <mem type="loa" free="220160" total="220160" percent="100" />
    </mem>
  </mem-info>
</gc-start>
<allocation-stats totalBytes="7578256" >
  <allocated-bytes non-tlh="0" tlh="7578256" />
  <largest-consumer threadName="main" threadId="0000000002369F00" bytes="7578256" />
</allocation-stats>
<gc-op id="2171" type="mark" timems="6.483" contextid="2168" timestamp="2019-08-08T12:08:17.710">
  <trace-info objectcount="390521" scancount="331537" scanbytes="8714228" />
  <finalization candidates="81" enqueued="0" />
  <ownableSynchronizers candidates="21" cleared="0" />
  <references type="soft" candidates="1829" cleared="0" enqueued="0" dynamicThreshold="11" maxThreshold="32" />
  <references type="weak" candidates="5530" cleared="0" enqueued="0" />
  <references type="phantom" candidates="98" cleared="0" enqueued="0" />
  <stringconstants candidates="13139" cleared="0"  />
</gc-op>
<gc-op id="2172" type="sweep" timems="1.560" contextid="2168" timestamp="2019-08-08T12:08:17.712" />
<mem-info id="2173" free="7136976" total="22020096" percent="32">
  <mem type="tenure" free="7136976" total="22020096" percent="32" micro-fragmented="27234">
    <mem type="soa" free="6916816" total="21799936" percent="31" />
    <mem type="loa" free="220160" total="220160" percent="100" />
  </mem>
</mem-info>
<gc-op id="2174" type="compact" timems="85.148" contextid="2168" timestamp="2019-08-08T12:08:17.797">
  <compact-info movecount="320590" movebytes="10716976" reason="compact to aid heap contraction" />
</gc-op>
<heap-resize id="2175" type="expand" space="tenure" amount="131072" count="1" timems="0.021" reason="satisfy allocation request" timestamp="2019-08-08T12:08:17.797" />
<gc-end id="2176" type="global" contextid="2168" durationms="93.858" usertimems="131.195" systemtimems="0.000" timestamp="2019-08-08T12:08:17.797" activeThreads="16">
  <mem-info id="2177" free="7512912" total="22151168" percent="33">
    <mem type="tenure" free="7512912" total="22151168" percent="33">
      <mem type="soa" free="7291728" total="21929984" percent="33" />
      <mem type="loa" free="221184" total="221184" percent="100" />
    </mem>
  </mem-info>
</gc-end>
<cycle-end id="2178" type="global" contextid="2168" timestamp="2019-08-08T12:08:17.797" />
  <attribute name="elasticGC enabled" value="1" />
  <attribute name= "numThreadsSpecified" value="16" />
  <attribute name="heapSize specified" value="22020096" />
  <attribute name="Current GC Util" value="13" />
  <attribute name= "Current Time Running" value="132287" />
  <attribute name ="GC Interval" value="0" />
  <attribute name="Target GC Util Change" value ="80.000000" />
  <attribute name="Current GC Util Change" value="13.000000"/>
  <attribute name="Current Error" value="-12.000000" />
  <attribute name="Output H" value="22095768"/>
  <attribute name="Output I" value="1992"/>
  <attribute name="Output T" value="16"/>
  <attribute name= "Current Time Running" value="132287" />
  <attribute name="GC Util currently" value="13" />
  <attribute name="CPU Util currently" value="13533468054" />
<allocation-satisfied id="2179" threadId="0000000002369F00" bytesRequested="648" />
<af-end id="2180" timestamp="2019-08-08T12:08:17.797" threadId="000000000236A888" success="true" />
<exclusive-end id="2181" timestamp="2019-08-08T12:08:17.797" durationms="94.049" />

<concurrent-kickoff id="2182" timestamp="2019-08-08T12:08:17.811">
  <kickoff reason="threshold reached" targetBytes="3614961" thresholdFreeBytes="488724" remainingFree="402256" tenureFreeBytes="402256" />
</concurrent-kickoff>
<exclusive-start id="2183" timestamp="2019-08-08T12:08:17.811" intervalms="107.129">
  <response-info timems="0.015" idlems="0.015" threads="0" lastid="0000000002369F00" lastname="main" />
</exclusive-start>
<cycle-start id="2184" type="global" contextid="0" timestamp="2019-08-08T12:08:17.811" intervalms="107.061" />
<exclusive-end id="2185" timestamp="2019-08-08T12:08:17.811" durationms="0.012" />

<exclusive-start id="2186" timestamp="2019-08-08T12:08:17.812" intervalms="1.314">
  <response-info timems="0.046" idlems="0.046" threads="0" lastid="0000000002369F00" lastname="main" />
</exclusive-start>
<af-start id="2187" threadId="000000000236A888" totalBytesRequested="24" timestamp="2019-08-08T12:08:17.812" intervalms="108.438" />
<concurrent-aborted id="2188" timestamp="2019-08-08T12:08:17.812">
  <reason value="insufficient progress made" />
</concurrent-aborted>
<cycle-end id="2189" type="global" contextid="2184" timestamp="2019-08-08T12:08:17.812" />
  <attribute name="elasticGC enabled" value="1" />
  <attribute name= "numThreadsSpecified" value="16" />
  <attribute name="heapSize specified" value="22020096" />
  <attribute name="Current GC Util" value="13" />
  <attribute name= "Current Time Running" value="132287" />
  <attribute name ="GC Interval" value="0" />
  <attribute name="Target GC Util Change" value ="80.000000" />
  <attribute name="Current GC Util Change" value="13.000000"/>
  <attribute name="Current Error" value="-12.000000" />
  <attribute name="Output H" value="22095768"/>
  <attribute name="Output I" value="1992"/>
  <attribute name="Output T" value="16"/>
  <attribute name= "Current Time Running" value="132287" />
  <attribute name="GC Util currently" value="13" />
  <attribute name="CPU Util currently" value="13533468054" />
<cycle-start id="2190" type="global" contextid="0" timestamp="2019-08-08T12:08:17.812" intervalms="1.380" />
<gc-start id="2191" type="global" contextid="2190" timestamp="2019-08-08T12:08:17.812">
  <mem-info id="2192" free="221184" total="22151168" percent="0">
    <mem type="tenure" free="221184" total="22151168" percent="0">
      <mem type="soa" free="0" total="21929984" percent="0" />
      <mem type="loa" free="221184" total="221184" percent="100" />
    </mem>
  </mem-info>
</gc-start>
<allocation-stats totalBytes="7349648" >
  <allocated-bytes non-tlh="0" tlh="7349648" />
  <largest-consumer threadName="main" threadId="0000000002369F00" bytes="7349648" />
</allocation-stats>
<gc-op id="2193" type="mark" timems="12.683" contextid="2190" timestamp="2019-08-08T12:08:17.825">
  <trace-info objectcount="405741" scancount="344185" scanbytes="9010592" />
  <finalization candidates="81" enqueued="0" />
  <ownableSynchronizers candidates="21" cleared="0" />
  <references type="soft" candidates="1829" cleared="0" enqueued="0" dynamicThreshold="10" maxThreshold="32" />
  <references type="weak" candidates="5530" cleared="0" enqueued="0" />
  <references type="phantom" candidates="98" cleared="0" enqueued="0" />
  <stringconstants candidates="13139" cleared="0"  />
</gc-op>
<gc-op id="2194" type="sweep" timems="1.643" contextid="2190" timestamp="2019-08-08T12:08:17.826" />
<mem-info id="2195" free="6903392" total="22151168" percent="31">
  <mem type="tenure" free="6903392" total="22151168" percent="31" micro-fragmented="29060">
    <mem type="soa" free="6682208" total="21929984" percent="30" />
    <mem type="loa" free="221184" total="221184" percent="100" />
  </mem>
</mem-info>
<gc-op id="2196" type="compact" timems="19.306" contextid="2190" timestamp="2019-08-08T12:08:17.846">
  <compact-info movecount="15284" movebytes="383840" reason="compact to aid heap contraction" />
</gc-op>
<heap-resize id="2197" type="expand" space="tenure" amount="131072" count="1" timems="0.024" reason="satisfy allocation request" timestamp="2019-08-08T12:08:17.847" />
<gc-end id="2198" type="global" contextid="2190" durationms="35.041" usertimems="75.428" systemtimems="0.000" timestamp="2019-08-08T12:08:17.847" activeThreads="16">
  <mem-info id="2199" free="7261800" total="22282240" percent="32">
    <mem type="tenure" free="7261800" total="22282240" percent="32">
      <mem type="soa" free="7039592" total="22060032" percent="31" />
      <mem type="loa" free="222208" total="222208" percent="100" />
    </mem>
  </mem-info>
</gc-end>
<cycle-end id="2200" type="global" contextid="2190" timestamp="2019-08-08T12:08:17.847" />
  <attribute name="elasticGC enabled" value="1" />
  <attribute name= "numThreadsSpecified" value="16" />
  <attribute name="heapSize specified" value="22151168" />
  <attribute name="Current GC Util" value="39" />
  <attribute name= "Current Time Running" value="132336" />
  <attribute name ="GC Interval" value="0" />
  <attribute name="Target GC Util Change" value ="80.000000" />
  <attribute name="Current GC Util Change" value="39.000000"/>
  <attribute name="Current Error" value="39.000000" />
  <attribute name="Output H" value="22226896"/>
  <attribute name="Output I" value="2080"/>
  <attribute name="Output T" value="16"/>
  <attribute name= "Current Time Running" value="132336" />
  <attribute name="GC Util currently" value="39" />
  <attribute name="CPU Util currently" value="58898267868" />
<allocation-satisfied id="2201" threadId="0000000002369F00" bytesRequested="24" />
<af-end id="2202" timestamp="2019-08-08T12:08:17.847" threadId="000000000236A888" success="true" />
<exclusive-end id="2203" timestamp="2019-08-08T12:08:17.847" durationms="35.265" />

<concurrent-kickoff id="2204" timestamp="2019-08-08T12:08:17.864">
  <kickoff reason="threshold reached" targetBytes="3636351" thresholdFreeBytes="491616" remainingFree="413272" tenureFreeBytes="413272" />
</concurrent-kickoff>
<exclusive-start id="2205" timestamp="2019-08-08T12:08:17.864" intervalms="52.222">
  <response-info timems="0.020" idlems="0.020" threads="0" lastid="0000000002369F00" lastname="main" />
</exclusive-start>
<cycle-start id="2206" type="global" contextid="0" timestamp="2019-08-08T12:08:17.864" intervalms="52.156" />
<exclusive-end id="2207" timestamp="2019-08-08T12:08:17.864" durationms="0.014" />

<exclusive-start id="2208" timestamp="2019-08-08T12:08:17.865" intervalms="1.170">
  <response-info timems="0.084" idlems="0.084" threads="0" lastid="0000000002369F00" lastname="main" />
</exclusive-start>
<af-start id="2209" threadId="000000000236A888" totalBytesRequested="664" timestamp="2019-08-08T12:08:17.865" intervalms="53.402" />
<concurrent-aborted id="2210" timestamp="2019-08-08T12:08:17.865">
  <reason value="insufficient progress made" />
</concurrent-aborted>
<cycle-end id="2211" type="global" contextid="2206" timestamp="2019-08-08T12:08:17.865" />
  <attribute name="elasticGC enabled" value="1" />
  <attribute name= "numThreadsSpecified" value="16" />
  <attribute name="heapSize specified" value="22151168" />
  <attribute name="Current GC Util" value="39" />
  <attribute name= "Current Time Running" value="132336" />
  <attribute name ="GC Interval" value="0" />
  <attribute name="Target GC Util Change" value ="80.000000" />
  <attribute name="Current GC Util Change" value="39.000000"/>
  <attribute name="Current Error" value="39.000000" />
  <attribute name="Output H" value="22226896"/>
  <attribute name="Output I" value="2080"/>
  <attribute name="Output T" value="16"/>
  <attribute name= "Current Time Running" value="132336" />
  <attribute name="GC Util currently" value="39" />
  <attribute name="CPU Util currently" value="58898267868" />
<cycle-start id="2212" type="global" contextid="0" timestamp="2019-08-08T12:08:17.865" intervalms="1.245" />
<gc-start id="2213" type="global" contextid="2212" timestamp="2019-08-08T12:08:17.865">
  <mem-info id="2214" free="222208" total="22282240" percent="0">
    <mem type="tenure" free="222208" total="22282240" percent="0">
      <mem type="soa" free="0" total="22060032" percent="0" />
      <mem type="loa" free="222208" total="222208" percent="100" />
    </mem>
  </mem-info>
</gc-start>
<allocation-stats totalBytes="7099152" >
  <allocated-bytes non-tlh="262160" tlh="6836992" />
  <largest-consumer threadName="main" threadId="0000000002369F00" bytes="7099152" />
</allocation-stats>
<gc-op id="2215" type="mark" timems="7.604" contextid="2212" timestamp="2019-08-08T12:08:17.873">
  <trace-info objectcount="420039" scancount="355742" scanbytes="9412696" />
  <finalization candidates="81" enqueued="0" />
  <ownableSynchronizers candidates="21" cleared="0" />
  <references type="soft" candidates="1829" cleared="0" enqueued="0" dynamicThreshold="10" maxThreshold="32" />
  <references type="weak" candidates="5530" cleared="0" enqueued="0" />
  <references type="phantom" candidates="98" cleared="0" enqueued="0" />
  <stringconstants candidates="13139" cleared="0"  />
</gc-op>
<gc-op id="2216" type="sweep" timems="2.141" contextid="2212" timestamp="2019-08-08T12:08:17.875" />
<mem-info id="2217" free="6524616" total="22282240" percent="29">
  <mem type="tenure" free="6524616" total="22282240" percent="29" micro-fragmented="57284">
    <mem type="soa" free="6302408" total="22060032" percent="28" />
    <mem type="loa" free="222208" total="222208" percent="100" />
  </mem>
</mem-info>
<gc-op id="2218" type="compact" timems="76.621" contextid="2212" timestamp="2019-08-08T12:08:17.952">
  <compact-info movecount="312180" movebytes="7949296" reason="compact to aid heap contraction" />
</gc-op>
<heap-resize id="2219" type="expand" space="tenure" amount="131072" count="1" timems="0.019" reason="satisfy allocation request" timestamp="2019-08-08T12:08:17.952" />
<gc-end id="2220" type="global" contextid="2212" durationms="87.074" usertimems="129.987" systemtimems="0.000" timestamp="2019-08-08T12:08:17.953" activeThreads="16">
  <mem-info id="2221" free="6883272" total="22413312" percent="30">
    <mem type="tenure" free="6883272" total="22413312" percent="30">
      <mem type="soa" free="6660040" total="22190080" percent="30" />
      <mem type="loa" free="223232" total="223232" percent="100" />
    </mem>
  </mem-info>
</gc-end>
<cycle-end id="2222" type="global" contextid="2212" timestamp="2019-08-08T12:08:17.953" />
  <attribute name="elasticGC enabled" value="1" />
  <attribute name= "numThreadsSpecified" value="16" />
  <attribute name="heapSize specified" value="22282240" />
  <attribute name="Current GC Util" value="15" />
  <attribute name= "Current Time Running" value="132442" />
  <attribute name ="GC Interval" value="0" />
  <attribute name="Target GC Util Change" value ="80.000000" />
  <attribute name="Current GC Util Change" value="15.000000"/>
  <attribute name="Current Error" value="65.000000" />
  <attribute name="Output H" value="22358000"/>
  <attribute name="Output I" value="2128"/>
  <attribute name="Output T" value="16"/>
  <attribute name= "Current Time Running" value="132442" />
  <attribute name="GC Util currently" value="15" />
  <attribute name="CPU Util currently" value="15039350222" />
<allocation-satisfied id="2223" threadId="0000000002369F00" bytesRequested="664" />
<af-end id="2224" timestamp="2019-08-08T12:08:17.953" threadId="000000000236A888" success="true" />
<exclusive-end id="2225" timestamp="2019-08-08T12:08:17.953" durationms="87.285" />

<concurrent-kickoff id="2226" timestamp="2019-08-08T12:08:17.971">
  <kickoff reason="threshold reached" targetBytes="3657742" thresholdFreeBytes="494508" remainingFree="427976" tenureFreeBytes="427976" />
</concurrent-kickoff>
<exclusive-start id="2227" timestamp="2019-08-08T12:08:17.971" intervalms="105.456">
  <response-info timems="0.031" idlems="0.031" threads="0" lastid="0000000002369F00" lastname="main" />
</exclusive-start>
<cycle-start id="2228" type="global" contextid="0" timestamp="2019-08-08T12:08:17.971" intervalms="105.397" />
<exclusive-end id="2229" timestamp="2019-08-08T12:08:17.971" durationms="0.029" />

<exclusive-start id="2230" timestamp="2019-08-08T12:08:17.972" intervalms="1.022">
  <response-info timems="0.023" idlems="0.023" threads="0" lastid="0000000002369F00" lastname="main" />
</exclusive-start>
<af-start id="2231" threadId="000000000236A888" totalBytesRequested="664" timestamp="2019-08-08T12:08:17.972" intervalms="106.466" />
<concurrent-aborted id="2232" timestamp="2019-08-08T12:08:17.972">
  <reason value="insufficient progress made" />
</concurrent-aborted>
<cycle-end id="2233" type="global" contextid="2228" timestamp="2019-08-08T12:08:17.972" />
  <attribute name="elasticGC enabled" value="1" />
  <attribute name= "numThreadsSpecified" value="16" />
  <attribute name="heapSize specified" value="22282240" />
  <attribute name="Current GC Util" value="15" />
  <attribute name= "Current Time Running" value="132442" />
  <attribute name ="GC Interval" value="0" />
  <attribute name="Target GC Util Change" value ="80.000000" />
  <attribute name="Current GC Util Change" value="15.000000"/>
  <attribute name="Current Error" value="65.000000" />
  <attribute name="Output H" value="22358000"/>
  <attribute name="Output I" value="2128"/>
  <attribute name="Output T" value="16"/>
  <attribute name= "Current Time Running" value="132442" />
  <attribute name="GC Util currently" value="15" />
  <attribute name="CPU Util currently" value="15039350222" />
<cycle-start id="2234" type="global" contextid="0" timestamp="2019-08-08T12:08:17.972" intervalms="1.070" />
<gc-start id="2235" type="global" contextid="2234" timestamp="2019-08-08T12:08:17.972">
  <mem-info id="2236" free="223232" total="22413312" percent="0">
    <mem type="tenure" free="223232" total="22413312" percent="0">
      <mem type="soa" free="0" total="22190080" percent="0" />
      <mem type="loa" free="223232" total="223232" percent="100" />
    </mem>
  </mem-info>
</gc-start>
<allocation-stats totalBytes="6720032" >
  <allocated-bytes non-tlh="0" tlh="6720032" />
  <largest-consumer threadName="main" threadId="0000000002369F00" bytes="6720032" />
</allocation-stats>
<gc-op id="2237" type="mark" timems="6.966" contextid="2234" timestamp="2019-08-08T12:08:17.979">
  <trace-info objectcount="434048" scancount="367579" scanbytes="9689824" />
  <finalization candidates="81" enqueued="0" />
  <ownableSynchronizers candidates="21" cleared="0" />
  <references type="soft" candidates="1829" cleared="0" enqueued="0" dynamicThreshold="9" maxThreshold="32" />
  <references type="weak" candidates="5530" cleared="0" enqueued="0" />
  <references type="phantom" candidates="98" cleared="0" enqueued="0" />
  <stringconstants candidates="13139" cleared="0"  />
</gc-op>
<gc-op id="2238" type="sweep" timems="1.868" contextid="2234" timestamp="2019-08-08T12:08:17.981" />
<mem-info id="2239" free="6331216" total="22413312" percent="28">
  <mem type="tenure" free="6331216" total="22413312" percent="28" micro-fragmented="21786">
    <mem type="soa" free="6107984" total="22190080" percent="27" />
    <mem type="loa" free="223232" total="223232" percent="100" />
  </mem>
</mem-info>
<gc-op id="2240" type="compact" timems="18.285" contextid="2234" timestamp="2019-08-08T12:08:17.999">
  <compact-info movecount="14081" movebytes="351752" reason="compact to aid heap contraction" />
</gc-op>
<heap-resize id="2241" type="expand" space="tenure" amount="131072" count="1" timems="0.019" reason="satisfy allocation request" timestamp="2019-08-08T12:08:18.000" />
<gc-end id="2242" type="global" contextid="2234" durationms="28.395" usertimems="67.000" systemtimems="0.000" timestamp="2019-08-08T12:08:18.000" activeThreads="16">
  <mem-info id="2243" free="6665280" total="22544384" percent="29">
    <mem type="tenure" free="6665280" total="22544384" percent="29">
      <mem type="soa" free="6440000" total="22319104" percent="28" />
      <mem type="loa" free="225280" total="225280" percent="100" />
    </mem>
  </mem-info>
</gc-end>
<cycle-end id="2244" type="global" contextid="2234" timestamp="2019-08-08T12:08:18.000" />
  <attribute name="elasticGC enabled" value="1" />
  <attribute name= "numThreadsSpecified" value="16" />
  <attribute name="heapSize specified" value="22413312" />
  <attribute name="Current GC Util" value="50" />
  <attribute name= "Current Time Running" value="132489" />
  <attribute name ="GC Interval" value="0" />
  <attribute name="Target GC Util Change" value ="80.000000" />
  <attribute name="Current GC Util Change" value="50.000000"/>
  <attribute name="Current Error" value="-636.000000" />
  <attribute name="Output H" value="22488264"/>
  <attribute name="Output I" value="872"/>
  <attribute name="Output T" value="16"/>
  <attribute name= "Current Time Running" value="132489" />
  <attribute name="GC Util currently" value="50" />
  <attribute name="CPU Util currently" value="62947990177" />
<allocation-satisfied id="2245" threadId="0000000002369F00" bytesRequested="664" />
<af-end id="2246" timestamp="2019-08-08T12:08:18.000" threadId="000000000236A888" success="true" />
<exclusive-end id="2247" timestamp="2019-08-08T12:08:18.000" durationms="28.568" />

<concurrent-kickoff id="2248" timestamp="2019-08-08T12:08:18.013">
  <kickoff reason="threshold reached" targetBytes="3679132" thresholdFreeBytes="497400" remainingFree="472128" tenureFreeBytes="472128" />
</concurrent-kickoff>
<exclusive-start id="2249" timestamp="2019-08-08T12:08:18.013" intervalms="41.182">
  <response-info timems="0.017" idlems="0.017" threads="0" lastid="0000000002369F00" lastname="main" />
</exclusive-start>
<cycle-start id="2250" type="global" contextid="0" timestamp="2019-08-08T12:08:18.013" intervalms="41.119" />
<exclusive-end id="2251" timestamp="2019-08-08T12:08:18.013" durationms="0.013" />

<exclusive-start id="2252" timestamp="2019-08-08T12:08:18.014" intervalms="1.158">
  <response-info timems="0.067" idlems="0.067" threads="0" lastid="0000000002369F00" lastname="main" />
</exclusive-start>
<af-start id="2253" threadId="000000000236A888" totalBytesRequested="88" timestamp="2019-08-08T12:08:18.014" intervalms="42.337" />
<concurrent-aborted id="2254" timestamp="2019-08-08T12:08:18.014">
  <reason value="insufficient progress made" />
</concurrent-aborted>
<cycle-end id="2255" type="global" contextid="2250" timestamp="2019-08-08T12:08:18.014" />
  <attribute name="elasticGC enabled" value="1" />
  <attribute name= "numThreadsSpecified" value="16" />
  <attribute name="heapSize specified" value="22413312" />
  <attribute name="Current GC Util" value="50" />
  <attribute name= "Current Time Running" value="132489" />
  <attribute name ="GC Interval" value="0" />
  <attribute name="Target GC Util Change" value ="80.000000" />
  <attribute name="Current GC Util Change" value="50.000000"/>
  <attribute name="Current Error" value="-636.000000" />
  <attribute name="Output H" value="22488264"/>
  <attribute name="Output I" value="872"/>
  <attribute name="Output T" value="16"/>
  <attribute name= "Current Time Running" value="132489" />
  <attribute name="GC Util currently" value="50" />
  <attribute name="CPU Util currently" value="62947990177" />
<cycle-start id="2256" type="global" contextid="0" timestamp="2019-08-08T12:08:18.014" intervalms="1.214" />
<gc-start id="2257" type="global" contextid="2256" timestamp="2019-08-08T12:08:18.014">
  <mem-info id="2258" free="225280" total="22544384" percent="0">
    <mem type="tenure" free="225280" total="22544384" percent="0">
      <mem type="soa" free="0" total="22319104" percent="0" />
      <mem type="loa" free="225280" total="225280" percent="100" />
    </mem>
  </mem-info>
</gc-start>
<allocation-stats totalBytes="6499920" >
  <allocated-bytes non-tlh="0" tlh="6499920" />
  <largest-consumer threadName="main" threadId="0000000002369F00" bytes="6499920" />
</allocation-stats>
<gc-op id="2259" type="mark" timems="6.823" contextid="2256" timestamp="2019-08-08T12:08:18.021">
  <trace-info objectcount="448095" scancount="379806" scanbytes="9976416" />
  <finalization candidates="81" enqueued="0" />
  <ownableSynchronizers candidates="21" cleared="0" />
  <references type="soft" candidates="1829" cleared="0" enqueued="0" dynamicThreshold="9" maxThreshold="32" />
  <references type="weak" candidates="5530" cleared="0" enqueued="0" />
  <references type="phantom" candidates="98" cleared="0" enqueued="0" />
  <stringconstants candidates="13139" cleared="0"  />
</gc-op>
<gc-op id="2260" type="sweep" timems="1.351" contextid="2256" timestamp="2019-08-08T12:08:18.022" />
<mem-info id="2261" free="6082912" total="22544384" percent="26">
  <mem type="tenure" free="6082912" total="22544384" percent="26" micro-fragmented="30694">
    <mem type="soa" free="5857632" total="22319104" percent="26" />
    <mem type="loa" free="225280" total="225280" percent="100" />
  </mem>
</mem-info>
<gc-op id="2262" type="compact" timems="20.106" contextid="2256" timestamp="2019-08-08T12:08:18.043">
  <compact-info movecount="14117" movebytes="344888" reason="compact to aid heap contraction" />
</gc-op>
<heap-resize id="2263" type="expand" space="tenure" amount="131072" count="1" timems="0.019" reason="satisfy allocation request" timestamp="2019-08-08T12:08:18.044" />
<gc-end id="2264" type="global" contextid="2256" durationms="29.906" usertimems="69.180" systemtimems="0.000" timestamp="2019-08-08T12:08:18.044" activeThreads="16">
  <mem-info id="2265" free="6453936" total="22675456" percent="28">
    <mem type="tenure" free="6453936" total="22675456" percent="28">
      <mem type="soa" free="6227632" total="22449152" percent="27" />
      <mem type="loa" free="226304" total="226304" percent="100" />
    </mem>
  </mem-info>
</gc-end>
<cycle-end id="2266" type="global" contextid="2256" timestamp="2019-08-08T12:08:18.044" />
  <attribute name="elasticGC enabled" value="1" />
  <attribute name= "numThreadsSpecified" value="16" />
  <attribute name="heapSize specified" value="22544384" />
  <attribute name="Current GC Util" value="45" />
  <attribute name= "Current Time Running" value="132533" />
  <attribute name ="GC Interval" value="0" />
  <attribute name="Target GC Util Change" value ="80.000000" />
  <attribute name="Current GC Util Change" value="45.000000"/>
  <attribute name="Current Error" value="-472.000000" />
  <attribute name="Output H" value="22619520"/>
  <attribute name="Output I" value="1168"/>
  <attribute name="Output T" value="16"/>
  <attribute name= "Current Time Running" value="132533" />
  <attribute name="GC Util currently" value="45" />
  <attribute name="CPU Util currently" value="57232843225" />
<allocation-satisfied id="2267" threadId="0000000002369F00" bytesRequested="88" />
<af-end id="2268" timestamp="2019-08-08T12:08:18.044" threadId="000000000236A888" success="true" />
<exclusive-end id="2269" timestamp="2019-08-08T12:08:18.044" durationms="30.071" />

<concurrent-kickoff id="2270" timestamp="2019-08-08T12:08:18.063">
  <kickoff reason="threshold reached" targetBytes="3700522" thresholdFreeBytes="500292" remainingFree="391856" tenureFreeBytes="391856" />
</concurrent-kickoff>
<exclusive-start id="2271" timestamp="2019-08-08T12:08:18.064" intervalms="49.479">
  <response-info timems="0.016" idlems="0.016" threads="0" lastid="0000000002369F00" lastname="main" />
</exclusive-start>
<cycle-start id="2272" type="global" contextid="0" timestamp="2019-08-08T12:08:18.064" intervalms="49.421" />
<exclusive-end id="2273" timestamp="2019-08-08T12:08:18.064" durationms="0.011" />

<exclusive-start id="2274" timestamp="2019-08-08T12:08:18.065" intervalms="0.980">
  <response-info timems="0.068" idlems="0.068" threads="0" lastid="0000000002369F00" lastname="main" />
</exclusive-start>
<af-start id="2275" threadId="000000000236A888" totalBytesRequested="32" timestamp="2019-08-08T12:08:18.065" intervalms="50.473" />
<concurrent-aborted id="2276" timestamp="2019-08-08T12:08:18.065">
  <reason value="insufficient progress made" />
</concurrent-aborted>
<cycle-end id="2277" type="global" contextid="2272" timestamp="2019-08-08T12:08:18.065" />
  <attribute name="elasticGC enabled" value="1" />
  <attribute name= "numThreadsSpecified" value="16" />
  <attribute name="heapSize specified" value="22544384" />
  <attribute name="Current GC Util" value="45" />
  <attribute name= "Current Time Running" value="132533" />
  <attribute name ="GC Interval" value="0" />
  <attribute name="Target GC Util Change" value ="80.000000" />
  <attribute name="Current GC Util Change" value="45.000000"/>
  <attribute name="Current Error" value="-472.000000" />
  <attribute name="Output H" value="22619520"/>
  <attribute name="Output I" value="1168"/>
  <attribute name="Output T" value="16"/>
  <attribute name= "Current Time Running" value="132533" />
  <attribute name="GC Util currently" value="45" />
  <attribute name="CPU Util currently" value="57232843225" />
<cycle-start id="2278" type="global" contextid="0" timestamp="2019-08-08T12:08:18.065" intervalms="1.052" />
<gc-start id="2279" type="global" contextid="2278" timestamp="2019-08-08T12:08:18.065">
  <mem-info id="2280" free="226304" total="22675456" percent="0">
    <mem type="tenure" free="226304" total="22675456" percent="0">
      <mem type="soa" free="0" total="22449152" percent="0" />
      <mem type="loa" free="226304" total="226304" percent="100" />
    </mem>
  </mem-info>
</gc-start>
<allocation-stats totalBytes="6283992" >
  <allocated-bytes non-tlh="0" tlh="6283992" />
  <largest-consumer threadName="main" threadId="0000000002369F00" bytes="6283992" />
</allocation-stats>
<gc-op id="2281" type="mark" timems="11.799" contextid="2278" timestamp="2019-08-08T12:08:18.076">
  <trace-info objectcount="460583" scancount="390620" scanbytes="10229696" />
  <finalization candidates="81" enqueued="0" />
  <ownableSynchronizers candidates="21" cleared="0" />
  <references type="soft" candidates="1829" cleared="0" enqueued="0" dynamicThreshold="9" maxThreshold="32" />
  <references type="weak" candidates="5530" cleared="0" enqueued="0" />
  <references type="phantom" candidates="98" cleared="0" enqueued="0" />
  <stringconstants candidates="13139" cleared="0"  />
</gc-op>
<gc-op id="2282" type="sweep" timems="1.683" contextid="2278" timestamp="2019-08-08T12:08:18.078" />
<mem-info id="2283" free="5945384" total="22675456" percent="26">
  <mem type="tenure" free="5945384" total="22675456" percent="26" micro-fragmented="29883">
    <mem type="soa" free="5719080" total="22449152" percent="25" />
    <mem type="loa" free="226304" total="226304" percent="100" />
  </mem>
</mem-info>
<gc-op id="2284" type="compact" timems="25.965" contextid="2278" timestamp="2019-08-08T12:08:18.104">
  <compact-info movecount="12573" movebytes="318112" reason="compact to aid heap contraction" />
</gc-op>
<heap-resize id="2285" type="expand" space="tenure" amount="131072" count="1" timems="0.050" reason="satisfy allocation request" timestamp="2019-08-08T12:08:18.105" />
<gc-end id="2286" type="global" contextid="2278" durationms="40.151" usertimems="77.270" systemtimems="0.000" timestamp="2019-08-08T12:08:18.105" activeThreads="16">
  <mem-info id="2287" free="6269928" total="22806528" percent="27">
    <mem type="tenure" free="6269928" total="22806528" percent="27">
      <mem type="soa" free="6042600" total="22579200" percent="26" />
      <mem type="loa" free="227328" total="227328" percent="100" />
    </mem>
  </mem-info>
</gc-end>
<cycle-end id="2288" type="global" contextid="2278" timestamp="2019-08-08T12:08:18.105" />
  <attribute name="elasticGC enabled" value="1" />
  <attribute name= "numThreadsSpecified" value="16" />
  <attribute name="heapSize specified" value="22675456" />
  <attribute name="Current GC Util" value="64" />
  <attribute name= "Current Time Running" value="132594" />
  <attribute name ="GC Interval" value="0" />
  <attribute name="Target GC Util Change" value ="80.000000" />
  <attribute name="Current GC Util Change" value="64.000000"/>
  <attribute name="Current Error" value="-240.000000" />
  <attribute name="Output H" value="22750864"/>
  <attribute name="Output I" value="1584"/>
  <attribute name="Output T" value="16"/>
  <attribute name= "Current Time Running" value="132594" />
  <attribute name="GC Util currently" value="64" />
  <attribute name="CPU Util currently" value="44341836869" />
<allocation-satisfied id="2289" threadId="0000000002369F00" bytesRequested="32" />
<af-end id="2290" timestamp="2019-08-08T12:08:18.105" threadId="000000000236A888" success="true" />
<exclusive-end id="2291" timestamp="2019-08-08T12:08:18.105" durationms="40.338" />

<concurrent-kickoff id="2292" timestamp="2019-08-08T12:08:18.116">
  <kickoff reason="threshold reached" targetBytes="3721912" thresholdFreeBytes="503185" remainingFree="469992" tenureFreeBytes="469992" />
</concurrent-kickoff>
<exclusive-start id="2293" timestamp="2019-08-08T12:08:18.116" intervalms="51.488">
  <response-info timems="0.021" idlems="0.021" threads="0" lastid="0000000002369F00" lastname="main" />
</exclusive-start>
<cycle-start id="2294" type="global" contextid="0" timestamp="2019-08-08T12:08:18.116" intervalms="51.420" />
<exclusive-end id="2295" timestamp="2019-08-08T12:08:18.116" durationms="0.017" />

<exclusive-start id="2296" timestamp="2019-08-08T12:08:18.117" intervalms="1.018">
  <response-info timems="0.027" idlems="0.027" threads="0" lastid="0000000002369F00" lastname="main" />
</exclusive-start>
<af-start id="2297" threadId="000000000236A888" totalBytesRequested="664" timestamp="2019-08-08T12:08:18.117" intervalms="52.496" />
<concurrent-aborted id="2298" timestamp="2019-08-08T12:08:18.117">
  <reason value="insufficient progress made" />
</concurrent-aborted>
<cycle-end id="2299" type="global" contextid="2294" timestamp="2019-08-08T12:08:18.117" />
  <attribute name="elasticGC enabled" value="1" />
  <attribute name= "numThreadsSpecified" value="16" />
  <attribute name="heapSize specified" value="22675456" />
  <attribute name="Current GC Util" value="64" />
  <attribute name= "Current Time Running" value="132594" />
  <attribute name ="GC Interval" value="0" />
  <attribute name="Target GC Util Change" value ="80.000000" />
  <attribute name="Current GC Util Change" value="64.000000"/>
  <attribute name="Current Error" value="-240.000000" />
  <attribute name="Output H" value="22750864"/>
  <attribute name="Output I" value="1584"/>
  <attribute name="Output T" value="16"/>
  <attribute name= "Current Time Running" value="132594" />
  <attribute name="GC Util currently" value="64" />
  <attribute name="CPU Util currently" value="44341836869" />
<cycle-start id="2300" type="global" contextid="0" timestamp="2019-08-08T12:08:18.117" intervalms="1.083" />
<gc-start id="2301" type="global" contextid="2300" timestamp="2019-08-08T12:08:18.117">
  <mem-info id="2302" free="227328" total="22806528" percent="0">
    <mem type="tenure" free="227328" total="22806528" percent="0">
      <mem type="soa" free="0" total="22579200" percent="0" />
      <mem type="loa" free="227328" total="227328" percent="100" />
    </mem>
  </mem-info>
</gc-start>
<allocation-stats totalBytes="6102784" >
  <allocated-bytes non-tlh="0" tlh="6102784" />
  <largest-consumer threadName="main" threadId="0000000002369F00" bytes="6102784" />
</allocation-stats>
<gc-op id="2303" type="mark" timems="9.163" contextid="2300" timestamp="2019-08-08T12:08:18.126">
  <trace-info objectcount="473090" scancount="401127" scanbytes="10475848" />
  <finalization candidates="81" enqueued="0" />
  <ownableSynchronizers candidates="21" cleared="0" />
  <references type="soft" candidates="1829" cleared="0" enqueued="0" dynamicThreshold="8" maxThreshold="32" />
  <references type="weak" candidates="5530" cleared="0" enqueued="0" />
  <references type="phantom" candidates="98" cleared="0" enqueued="0" />
  <stringconstants candidates="13139" cleared="0"  />
</gc-op>
<gc-op id="2304" type="sweep" timems="2.109" contextid="2300" timestamp="2019-08-08T12:08:18.129" />
<mem-info id="2305" free="5770960" total="22806528" percent="25">
  <mem type="tenure" free="5770960" total="22806528" percent="25" micro-fragmented="14496">
    <mem type="soa" free="5543632" total="22579200" percent="24" />
    <mem type="loa" free="227328" total="227328" percent="100" />
  </mem>
</mem-info>
<gc-op id="2306" type="compact" timems="20.322" contextid="2300" timestamp="2019-08-08T12:08:18.149">
  <compact-info movecount="12570" movebytes="316680" reason="compact to aid heap contraction" />
</gc-op>
<heap-resize id="2307" type="expand" space="tenure" amount="131072" count="1" timems="0.021" reason="satisfy allocation request" timestamp="2019-08-08T12:08:18.150" />
<gc-end id="2308" type="global" contextid="2300" durationms="32.569" usertimems="77.119" systemtimems="0.000" timestamp="2019-08-08T12:08:18.150" activeThreads="16">
  <mem-info id="2309" free="6085920" total="22937600" percent="26">
    <mem type="tenure" free="6085920" total="22937600" percent="26">
      <mem type="soa" free="5856544" total="22708224" percent="25" />
      <mem type="loa" free="229376" total="229376" percent="100" />
    </mem>
  </mem-info>
</gc-end>
<cycle-end id="2310" type="global" contextid="2300" timestamp="2019-08-08T12:08:18.150" />
  <attribute name="elasticGC enabled" value="1" />
  <attribute name= "numThreadsSpecified" value="16" />
  <attribute name="heapSize specified" value="22806528" />
  <attribute name="Current GC Util" value="55" />
  <attribute name= "Current Time Running" value="132639" />
  <attribute name ="GC Interval" value="0" />
  <attribute name="Target GC Util Change" value ="80.000000" />
  <attribute name="Current GC Util Change" value="55.000000"/>
  <attribute name="Current Error" value="-97.000000" />
  <attribute name="Output H" value="22882096"/>
  <attribute name="Output I" value="1840"/>
  <attribute name="Output T" value="16"/>
  <attribute name= "Current Time Running" value="132639" />
  <attribute name="GC Util currently" value="55" />
  <attribute name="CPU Util currently" value="56575333783" />
<allocation-satisfied id="2311" threadId="0000000002369F00" bytesRequested="664" />
<af-end id="2312" timestamp="2019-08-08T12:08:18.150" threadId="000000000236A888" success="true" />
<exclusive-end id="2313" timestamp="2019-08-08T12:08:18.150" durationms="32.855" />

<concurrent-kickoff id="2314" timestamp="2019-08-08T12:08:18.161">
  <kickoff reason="threshold reached" targetBytes="3743302" thresholdFreeBytes="506075" remainingFree="417056" tenureFreeBytes="417056" />
</concurrent-kickoff>
<exclusive-start id="2315" timestamp="2019-08-08T12:08:18.161" intervalms="43.594">
  <response-info timems="0.032" idlems="0.032" threads="0" lastid="0000000002369F00" lastname="main" />
</exclusive-start>
<cycle-start id="2316" type="global" contextid="0" timestamp="2019-08-08T12:08:18.161" intervalms="43.526" />
<exclusive-end id="2317" timestamp="2019-08-08T12:08:18.161" durationms="0.012" />

<exclusive-start id="2318" timestamp="2019-08-08T12:08:18.162" intervalms="1.039">
  <response-info timems="0.023" idlems="0.023" threads="0" lastid="0000000002369F00" lastname="main" />
</exclusive-start>
<af-start id="2319" threadId="000000000236A888" totalBytesRequested="128" timestamp="2019-08-08T12:08:18.162" intervalms="44.628" />
<concurrent-aborted id="2320" timestamp="2019-08-08T12:08:18.162">
  <reason value="insufficient progress made" />
</concurrent-aborted>
<cycle-end id="2321" type="global" contextid="2316" timestamp="2019-08-08T12:08:18.162" />
  <attribute name="elasticGC enabled" value="1" />
  <attribute name= "numThreadsSpecified" value="16" />
  <attribute name="heapSize specified" value="22806528" />
  <attribute name="Current GC Util" value="55" />
  <attribute name= "Current Time Running" value="132639" />
  <attribute name ="GC Interval" value="0" />
  <attribute name="Target GC Util Change" value ="80.000000" />
  <attribute name="Current GC Util Change" value="55.000000"/>
  <attribute name="Current Error" value="-97.000000" />
  <attribute name="Output H" value="22882096"/>
  <attribute name="Output I" value="1840"/>
  <attribute name="Output T" value="16"/>
  <attribute name= "Current Time Running" value="132639" />
  <attribute name="GC Util currently" value="55" />
  <attribute name="CPU Util currently" value="56575333783" />
<cycle-start id="2322" type="global" contextid="0" timestamp="2019-08-08T12:08:18.162" intervalms="1.170" />
<gc-start id="2323" type="global" contextid="2322" timestamp="2019-08-08T12:08:18.162">
  <mem-info id="2324" free="229376" total="22937600" percent="1">
    <mem type="tenure" free="229376" total="22937600" percent="1">
      <mem type="soa" free="0" total="22708224" percent="0" />
      <mem type="loa" free="229376" total="229376" percent="100" />
    </mem>
  </mem-info>
</gc-start>
<allocation-stats totalBytes="5913552" >
  <allocated-bytes non-tlh="0" tlh="5913552" />
  <largest-consumer threadName="main" threadId="0000000002369F00" bytes="5913552" />
</allocation-stats>
<gc-op id="2325" type="mark" timems="11.500" contextid="2322" timestamp="2019-08-08T12:08:18.173">
  <trace-info objectcount="485161" scancount="411269" scanbytes="10713388" />
  <finalization candidates="81" enqueued="0" />
  <ownableSynchronizers candidates="21" cleared="0" />
  <references type="soft" candidates="1829" cleared="0" enqueued="0" dynamicThreshold="8" maxThreshold="32" />
  <references type="weak" candidates="5530" cleared="0" enqueued="0" />
  <references type="phantom" candidates="98" cleared="0" enqueued="0" />
  <stringconstants candidates="13139" cleared="0"  />
</gc-op>
<gc-op id="2326" type="sweep" timems="2.980" contextid="2322" timestamp="2019-08-08T12:08:18.176" />
<mem-info id="2327" free="5596056" total="22937600" percent="24">
  <mem type="tenure" free="5596056" total="22937600" percent="24" micro-fragmented="30158">
    <mem type="soa" free="5366680" total="22708224" percent="23" />
    <mem type="loa" free="229376" total="229376" percent="100" />
  </mem>
</mem-info>
<gc-op id="2328" type="compact" timems="20.246" contextid="2322" timestamp="2019-08-08T12:08:18.197">
  <compact-info movecount="12141" movebytes="313288" reason="compact to aid heap contraction" />
</gc-op>
<heap-resize id="2329" type="expand" space="tenure" amount="131072" count="1" timems="0.018" reason="satisfy allocation request" timestamp="2019-08-08T12:08:18.197" />
<gc-end id="2330" type="global" contextid="2322" durationms="35.393" usertimems="103.766" systemtimems="0.000" timestamp="2019-08-08T12:08:18.197" activeThreads="16">
  <mem-info id="2331" free="5906256" total="23068672" percent="25">
    <mem type="tenure" free="5906256" total="23068672" percent="25">
      <mem type="soa" free="5675856" total="22838272" percent="24" />
      <mem type="loa" free="230400" total="230400" percent="100" />
    </mem>
  </mem-info>
</gc-end>
<cycle-end id="2332" type="global" contextid="2322" timestamp="2019-08-08T12:08:18.197" />
  <attribute name="elasticGC enabled" value="1" />
  <attribute name= "numThreadsSpecified" value="16" />
  <attribute name="heapSize specified" value="22937600" />
  <attribute name="Current GC Util" value="43" />
  <attribute name= "Current Time Running" value="132687" />
  <attribute name ="GC Interval" value="0" />
  <attribute name="Target GC Util Change" value ="80.000000" />
  <attribute name="Current GC Util Change" value="43.000000"/>
  <attribute name="Current Error" value="-115.000000" />
  <attribute name="Output H" value="23013152"/>
  <attribute name="Output I" value="1808"/>
  <attribute name="Output T" value="16"/>
  <attribute name= "Current Time Running" value="132687" />
  <attribute name="GC Util currently" value="43" />
  <attribute name="CPU Util currently" value="56803979425" />
<allocation-satisfied id="2333" threadId="0000000002369F00" bytesRequested="128" />
<af-end id="2334" timestamp="2019-08-08T12:08:18.197" threadId="000000000236A888" success="true" />
<exclusive-end id="2335" timestamp="2019-08-08T12:08:18.197" durationms="35.638" />

<concurrent-kickoff id="2336" timestamp="2019-08-08T12:08:18.211">
  <kickoff reason="threshold reached" targetBytes="3764693" thresholdFreeBytes="508967" remainingFree="499536" tenureFreeBytes="499536" />
</concurrent-kickoff>
<exclusive-start id="2337" timestamp="2019-08-08T12:08:18.211" intervalms="49.033">
  <response-info timems="0.025" idlems="0.025" threads="0" lastid="0000000002369F00" lastname="main" />
</exclusive-start>
<cycle-start id="2338" type="global" contextid="0" timestamp="2019-08-08T12:08:18.211" intervalms="48.902" />
<exclusive-end id="2339" timestamp="2019-08-08T12:08:18.211" durationms="0.073" />

<exclusive-start id="2340" timestamp="2019-08-08T12:08:18.214" intervalms="3.120">
  <response-info timems="0.048" idlems="0.048" threads="0" lastid="0000000002369F00" lastname="main" />
</exclusive-start>
<af-start id="2341" threadId="000000000236A888" totalBytesRequested="672" timestamp="2019-08-08T12:08:18.214" intervalms="52.167" />
<gc-start id="2342" type="global" contextid="2338" timestamp="2019-08-08T12:08:18.214">
  <mem-info id="2343" free="230400" total="23068672" percent="0">
    <mem type="tenure" free="230400" total="23068672" percent="0">
      <mem type="soa" free="0" total="22838272" percent="0" />
      <mem type="loa" free="230400" total="230400" percent="100" />
    </mem>
  </mem-info>
</gc-start>
<allocation-stats totalBytes="5734304" >
  <allocated-bytes non-tlh="0" tlh="5734304" />
  <largest-consumer threadName="main" threadId="0000000002369F00" bytes="5734304" />
</allocation-stats>
<concurrent-halted id="2344" timestamp="2019-08-08T12:08:18.214">
  <halted state="Class scanning incomplete" status="trace only" />
  <traced bytesTarget="3764693" bytesTotal="1059692" bytesByMutator="0" bytesByHelper="1059692" percent="28" />
  <cards cleaned="0" thresholdBytes="200501" />
</concurrent-halted>
<gc-op id="2345" type="tracing" timems="2.910" contextid="2338" timestamp="2019-08-08T12:08:18.217">
  <trace bytesTraced="7710252" workStackOverflowCount="0" />
</gc-op>
<gc-op id="2346" type="card-cleaning" timems="2.134" contextid="2338" timestamp="2019-08-08T12:08:18.219">
  <card-cleaning cardsCleaned="61" bytesTraced="1666632" workStackOverflowCount="0" />
</gc-op>
<gc-op id="2347" type="mark" timems="4.639" contextid="2338" timestamp="2019-08-08T12:08:18.224">
  <trace-info objectcount="21689" scancount="21026" scanbytes="690664" />
  <finalization candidates="81" enqueued="0" />
  <ownableSynchronizers candidates="21" cleared="0" />
  <references type="soft" candidates="1829" cleared="0" enqueued="0" dynamicThreshold="8" maxThreshold="32" />
  <references type="weak" candidates="5530" cleared="0" enqueued="0" />
  <references type="phantom" candidates="98" cleared="0" enqueued="0" />
  <stringconstants candidates="13139" cleared="0"  />
</gc-op>
<gc-op id="2348" type="sweep" timems="1.704" contextid="2338" timestamp="2019-08-08T12:08:18.226" />
<mem-info id="2349" free="5411888" total="23068672" percent="23">
  <mem type="tenure" free="5411888" total="23068672" percent="23" micro-fragmented="30523">
    <mem type="soa" free="5181488" total="22838272" percent="22" />
    <mem type="loa" free="230400" total="230400" percent="100" />
  </mem>
</mem-info>
<gc-op id="2350" type="compact" timems="30.658" contextid="2338" timestamp="2019-08-08T12:08:18.256">
  <compact-info movecount="12734" movebytes="321000" reason="compact to aid heap contraction" />
</gc-op>
<heap-resize id="2351" type="expand" space="tenure" amount="131072" count="1" timems="0.023" reason="satisfy allocation request" timestamp="2019-08-08T12:08:18.257" />
<gc-end id="2352" type="global" contextid="2338" durationms="42.857" usertimems="79.318" systemtimems="0.000" timestamp="2019-08-08T12:08:18.257" activeThreads="16">
  <mem-info id="2353" free="5718760" total="23199744" percent="24">
    <mem type="tenure" free="5718760" total="23199744" percent="24">
      <mem type="soa" free="5487336" total="22968320" percent="23" />
      <mem type="loa" free="231424" total="231424" percent="100" />
    </mem>
  </mem-info>
</gc-end>
<cycle-end id="2354" type="global" contextid="2338" timestamp="2019-08-08T12:08:18.257" />
  <attribute name="elasticGC enabled" value="1" />
  <attribute name= "numThreadsSpecified" value="16" />
  <attribute name="heapSize specified" value="23068672" />
  <attribute name="Current GC Util" value="27" />
  <attribute name= "Current Time Running" value="132746" />
  <attribute name ="GC Interval" value="0" />
  <attribute name="Target GC Util Change" value ="80.000000" />
  <attribute name="Current GC Util Change" value="27.000000"/>
  <attribute name="Current Error" value="8.000000" />
  <attribute name="Output H" value="23144368"/>
  <attribute name="Output I" value="2024"/>
  <attribute name="Output T" value="16"/>
  <attribute name= "Current Time Running" value="132746" />
  <attribute name="GC Util currently" value="27" />
  <attribute name="CPU Util currently" value="37552530521" />
<allocation-satisfied id="2355" threadId="0000000002369F00" bytesRequested="672" />
<af-end id="2356" timestamp="2019-08-08T12:08:18.257" threadId="000000000236A888" success="true" />
<exclusive-end id="2357" timestamp="2019-08-08T12:08:18.257" durationms="43.065" />

<concurrent-kickoff id="2358" timestamp="2019-08-08T12:08:18.270">
  <kickoff reason="threshold reached" targetBytes="4280938" thresholdFreeBytes="576328" remainingFree="574184" tenureFreeBytes="574184" />
</concurrent-kickoff>
<exclusive-start id="2359" timestamp="2019-08-08T12:08:18.270" intervalms="56.117">
  <response-info timems="0.014" idlems="0.014" threads="0" lastid="0000000002369F00" lastname="main" />
</exclusive-start>
<cycle-start id="2360" type="global" contextid="0" timestamp="2019-08-08T12:08:18.270" intervalms="59.238" />
<exclusive-end id="2361" timestamp="2019-08-08T12:08:18.270" durationms="0.014" />

<exclusive-start id="2362" timestamp="2019-08-08T12:08:18.272" intervalms="1.622">
  <response-info timems="0.048" idlems="0.048" threads="0" lastid="0000000002369F00" lastname="main" />
</exclusive-start>
<af-start id="2363" threadId="000000000236A888" totalBytesRequested="680" timestamp="2019-08-08T12:08:18.272" intervalms="57.728" />
<concurrent-aborted id="2364" timestamp="2019-08-08T12:08:18.272">
  <reason value="insufficient progress made" />
</concurrent-aborted>
<cycle-end id="2365" type="global" contextid="2360" timestamp="2019-08-08T12:08:18.272" />
  <attribute name="elasticGC enabled" value="1" />
  <attribute name= "numThreadsSpecified" value="16" />
  <attribute name="heapSize specified" value="23068672" />
  <attribute name="Current GC Util" value="27" />
  <attribute name= "Current Time Running" value="132746" />
  <attribute name ="GC Interval" value="0" />
  <attribute name="Target GC Util Change" value ="80.000000" />
  <attribute name="Current GC Util Change" value="27.000000"/>
  <attribute name="Current Error" value="8.000000" />
  <attribute name="Output H" value="23144368"/>
  <attribute name="Output I" value="2024"/>
  <attribute name="Output T" value="16"/>
  <attribute name= "Current Time Running" value="132746" />
  <attribute name="GC Util currently" value="27" />
  <attribute name="CPU Util currently" value="37552530521" />
<cycle-start id="2366" type="global" contextid="0" timestamp="2019-08-08T12:08:18.272" intervalms="1.687" />
<gc-start id="2367" type="global" contextid="2366" timestamp="2019-08-08T12:08:18.272">
  <mem-info id="2368" free="231424" total="23199744" percent="0">
    <mem type="tenure" free="231424" total="23199744" percent="0">
      <mem type="soa" free="0" total="22968320" percent="0" />
      <mem type="loa" free="231424" total="231424" percent="100" />
    </mem>
  </mem-info>
</gc-start>
<allocation-stats totalBytes="5546520" >
  <allocated-bytes non-tlh="0" tlh="5546520" />
  <largest-consumer threadName="main" threadId="0000000002369F00" bytes="5546520" />
</allocation-stats>
<gc-op id="2369" type="mark" timems="9.900" contextid="2366" timestamp="2019-08-08T12:08:18.282">
  <trace-info objectcount="509216" scancount="431441" scanbytes="11186088" />
  <finalization candidates="81" enqueued="0" />
  <ownableSynchronizers candidates="21" cleared="0" />
  <references type="soft" candidates="1829" cleared="0" enqueued="0" dynamicThreshold="7" maxThreshold="32" />
  <references type="weak" candidates="5530" cleared="0" enqueued="0" />
  <references type="phantom" candidates="98" cleared="0" enqueued="0" />
  <stringconstants candidates="13139" cleared="0"  />
</gc-op>
<gc-op id="2370" type="sweep" timems="2.849" contextid="2366" timestamp="2019-08-08T12:08:18.285" />
<mem-info id="2371" free="5282576" total="23199744" percent="22">
  <mem type="tenure" free="5282576" total="23199744" percent="22" micro-fragmented="12812">
    <mem type="soa" free="5051152" total="22968320" percent="21" />
    <mem type="loa" free="231424" total="231424" percent="100" />
  </mem>
</mem-info>
<gc-op id="2372" type="compact" timems="28.754" contextid="2366" timestamp="2019-08-08T12:08:18.313">
  <compact-info movecount="12281" movebytes="299256" reason="compact to aid heap contraction" />
</gc-op>
<heap-resize id="2373" type="expand" space="tenure" amount="131072" count="1" timems="0.019" reason="satisfy allocation request" timestamp="2019-08-08T12:08:18.315" />
<gc-end id="2374" type="global" contextid="2366" durationms="43.263" usertimems="95.110" systemtimems="0.000" timestamp="2019-08-08T12:08:18.315" activeThreads="16">
  <mem-info id="2375" free="5573784" total="23330816" percent="23">
    <mem type="tenure" free="5573784" total="23330816" percent="23">
      <mem type="soa" free="5341336" total="23098368" percent="23" />
      <mem type="loa" free="232448" total="232448" percent="100" />
    </mem>
  </mem-info>
</gc-end>
<cycle-end id="2376" type="global" contextid="2366" timestamp="2019-08-08T12:08:18.315" />
  <attribute name="elasticGC enabled" value="1" />
  <attribute name= "numThreadsSpecified" value="16" />
  <attribute name="heapSize specified" value="23199744" />
  <attribute name="Current GC Util" value="37" />
  <attribute name= "Current Time Running" value="132803" />
  <attribute name ="GC Interval" value="0" />
  <attribute name="Target GC Util Change" value ="80.000000" />
  <attribute name="Current GC Util Change" value="37.000000"/>
  <attribute name="Current Error" value="-6.000000" />
  <attribute name="Output H" value="23275424"/>
  <attribute name="Output I" value="2000"/>
  <attribute name="Output T" value="16"/>
  <attribute name= "Current Time Running" value="132803" />
  <attribute name="GC Util currently" value="37" />
  <attribute name="CPU Util currently" value="40049897869" />
<allocation-satisfied id="2377" threadId="0000000002369F00" bytesRequested="680" />
<af-end id="2378" timestamp="2019-08-08T12:08:18.315" threadId="000000000236A888" success="true" />
<exclusive-end id="2379" timestamp="2019-08-08T12:08:18.315" durationms="43.454" />

<concurrent-kickoff id="2380" timestamp="2019-08-08T12:08:18.336">
  <kickoff reason="threshold reached" targetBytes="4305122" thresholdFreeBytes="579584" remainingFree="532528" tenureFreeBytes="532528" />
</concurrent-kickoff>
<exclusive-start id="2381" timestamp="2019-08-08T12:08:18.337" intervalms="64.986">
  <response-info timems="0.019" idlems="0.019" threads="0" lastid="0000000002369F00" lastname="main" />
</exclusive-start>
<cycle-start id="2382" type="global" contextid="0" timestamp="2019-08-08T12:08:18.337" intervalms="64.922" />
<exclusive-end id="2383" timestamp="2019-08-08T12:08:18.337" durationms="0.015" />

<exclusive-start id="2384" timestamp="2019-08-08T12:08:18.340" intervalms="3.226">
  <response-info timems="0.056" idlems="0.056" threads="0" lastid="0000000002369F00" lastname="main" />
</exclusive-start>
<af-start id="2385" threadId="000000000236A888" totalBytesRequested="80" timestamp="2019-08-08T12:08:18.340" intervalms="68.222" />
<concurrent-aborted id="2386" timestamp="2019-08-08T12:08:18.340">
  <reason value="insufficient progress made" />
</concurrent-aborted>
<cycle-end id="2387" type="global" contextid="2382" timestamp="2019-08-08T12:08:18.340" />
  <attribute name="elasticGC enabled" value="1" />
  <attribute name= "numThreadsSpecified" value="16" />
  <attribute name="heapSize specified" value="23199744" />
  <attribute name="Current GC Util" value="37" />
  <attribute name= "Current Time Running" value="132803" />
  <attribute name ="GC Interval" value="0" />
  <attribute name="Target GC Util Change" value ="80.000000" />
  <attribute name="Current GC Util Change" value="37.000000"/>
  <attribute name="Current Error" value="-6.000000" />
  <attribute name="Output H" value="23275424"/>
  <attribute name="Output I" value="2000"/>
  <attribute name="Output T" value="16"/>
  <attribute name= "Current Time Running" value="132803" />
  <attribute name="GC Util currently" value="37" />
  <attribute name="CPU Util currently" value="40049897869" />
<cycle-start id="2388" type="global" contextid="0" timestamp="2019-08-08T12:08:18.340" intervalms="3.302" />
<gc-start id="2389" type="global" contextid="2388" timestamp="2019-08-08T12:08:18.340">
  <mem-info id="2390" free="232448" total="23330816" percent="0">
    <mem type="tenure" free="232448" total="23330816" percent="0">
      <mem type="soa" free="0" total="23098368" percent="0" />
      <mem type="loa" free="232448" total="232448" percent="100" />
    </mem>
  </mem-info>
</gc-start>
<allocation-stats totalBytes="5406256" >
  <allocated-bytes non-tlh="1809512" tlh="3596744" />
  <largest-consumer threadName="main" threadId="0000000002369F00" bytes="5406256" />
</allocation-stats>
<gc-op id="2391" type="mark" timems="9.149" contextid="2388" timestamp="2019-08-08T12:08:18.349">
  <trace-info objectcount="517037" scancount="439126" scanbytes="11373728" />
  <finalization candidates="82" enqueued="1" />
  <ownableSynchronizers candidates="21" cleared="0" />
  <references type="soft" candidates="1829" cleared="0" enqueued="0" dynamicThreshold="7" maxThreshold="32" />
  <references type="weak" candidates="5536" cleared="0" enqueued="0" />
  <references type="phantom" candidates="98" cleared="0" enqueued="0" />
  <stringconstants candidates="13139" cleared="0"  />
</gc-op>
<gc-op id="2392" type="sweep" timems="3.644" contextid="2388" timestamp="2019-08-08T12:08:18.353" />
<mem-info id="2393" free="5835456" total="23330816" percent="25">
  <mem type="tenure" free="5835456" total="23330816" percent="25" micro-fragmented="24866">
    <mem type="soa" free="5603008" total="23098368" percent="24" />
    <mem type="loa" free="232448" total="232448" percent="100" />
  </mem>
  <pending-finalizers system="0" default="1" reference="0" classloader="0" />
</mem-info>
<gc-op id="2394" type="compact" timems="118.101" contextid="2388" timestamp="2019-08-08T12:08:18.471">
  <compact-info movecount="410135" movebytes="11608616" reason="compact to aid heap contraction" />
</gc-op>
<heap-resize id="2395" type="expand" space="tenure" amount="131072" count="1" timems="0.022" reason="satisfy allocation request" timestamp="2019-08-08T12:08:18.472" />
<gc-end id="2396" type="global" contextid="2388" durationms="131.893" usertimems="180.266" systemtimems="0.000" timestamp="2019-08-08T12:08:18.472" activeThreads="16">
  <mem-info id="2397" free="6232144" total="23461888" percent="26">
    <mem type="tenure" free="6232144" total="23461888" percent="26">
      <mem type="soa" free="5997648" total="23227392" percent="25" />
      <mem type="loa" free="234496" total="234496" percent="100" />
    </mem>
    <pending-finalizers system="0" default="1" reference="0" classloader="0" />
  </mem-info>
</gc-end>
<cycle-end id="2398" type="global" contextid="2388" timestamp="2019-08-08T12:08:18.472" />
  <attribute name="elasticGC enabled" value="1" />
  <attribute name= "numThreadsSpecified" value="16" />
  <attribute name="heapSize specified" value="23330816" />
  <attribute name="Current GC Util" value="9" />
  <attribute name= "Current Time Running" value="132961" />
  <attribute name ="GC Interval" value="0" />
  <attribute name="Target GC Util Change" value ="80.000000" />
  <attribute name="Current GC Util Change" value="9.000000"/>
  <attribute name="Current Error" value="71.000000" />
  <attribute name="Output H" value="23406584"/>
  <attribute name="Output I" value="2136"/>
  <attribute name="Output T" value="16"/>
  <attribute name= "Current Time Running" value="132961" />
  <attribute name="GC Util currently" value="9" />
  <attribute name="CPU Util currently" value="9759121175" />
<allocation-satisfied id="2399" threadId="0000000002369F00" bytesRequested="80" />
<af-end id="2400" timestamp="2019-08-08T12:08:18.472" threadId="000000000236A888" success="true" />
<exclusive-end id="2401" timestamp="2019-08-08T12:08:18.472" durationms="132.112" />

<concurrent-kickoff id="2402" timestamp="2019-08-08T12:08:18.496">
  <kickoff reason="threshold reached" targetBytes="4329309" thresholdFreeBytes="582840" remainingFree="563280" tenureFreeBytes="563280" />
</concurrent-kickoff>
<exclusive-start id="2403" timestamp="2019-08-08T12:08:18.496" intervalms="156.257">
  <response-info timems="0.019" idlems="0.019" threads="0" lastid="0000000002369F00" lastname="main" />
</exclusive-start>
<cycle-start id="2404" type="global" contextid="0" timestamp="2019-08-08T12:08:18.496" intervalms="156.183" />
<exclusive-end id="2405" timestamp="2019-08-08T12:08:18.496" durationms="0.019" />

<exclusive-start id="2406" timestamp="2019-08-08T12:08:18.504" intervalms="7.934">
  <response-info timems="2.310" idlems="1.670" threads="1" lastid="000000000236DB00" lastname="JIT Compilation Thread-0" />
</exclusive-start>
<af-start id="2407" threadId="000000000236A888" totalBytesRequested="16" timestamp="2019-08-08T12:08:18.504" intervalms="164.230" />
<gc-start id="2408" type="global" contextid="2404" timestamp="2019-08-08T12:08:18.504">
  <mem-info id="2409" free="234496" total="23461888" percent="0">
    <mem type="tenure" free="234496" total="23461888" percent="0">
      <mem type="soa" free="0" total="23227392" percent="0" />
      <mem type="loa" free="234496" total="234496" percent="100" />
    </mem>
  </mem-info>
</gc-start>
<allocation-stats totalBytes="6062368" >
  <allocated-bytes non-tlh="0" tlh="6062368" />
  <largest-consumer threadName="main" threadId="0000000002369F00" bytes="6062368" />
</allocation-stats>
<concurrent-halted id="2410" timestamp="2019-08-08T12:08:18.504">
  <halted state="Class scanning incomplete" status="trace only" />
  <traced bytesTarget="4329309" bytesTotal="1768920" bytesByMutator="0" bytesByHelper="1768920" percent="40" />
  <cards cleaned="0" thresholdBytes="229603" />
</concurrent-halted>
<gc-op id="2411" type="tracing" timems="3.733" contextid="2404" timestamp="2019-08-08T12:08:18.508">
  <trace bytesTraced="8497272" workStackOverflowCount="0" />
</gc-op>
<gc-op id="2412" type="card-cleaning" timems="5.771" contextid="2404" timestamp="2019-08-08T12:08:18.514">
  <card-cleaning cardsCleaned="8" bytesTraced="34248" workStackOverflowCount="0" />
</gc-op>
<gc-op id="2413" type="mark" timems="12.747" contextid="2404" timestamp="2019-08-08T12:08:18.527">
  <trace-info objectcount="48879" scancount="45888" scanbytes="1483300" />
  <finalization candidates="81" enqueued="0" />
  <ownableSynchronizers candidates="21" cleared="0" />
  <references type="soft" candidates="1829" cleared="0" enqueued="0" dynamicThreshold="8" maxThreshold="32" />
  <references type="weak" candidates="5536" cleared="0" enqueued="0" />
  <references type="phantom" candidates="98" cleared="0" enqueued="0" />
  <stringconstants candidates="13139" cleared="0"  />
</gc-op>
<gc-op id="2414" type="sweep" timems="4.222" contextid="2404" timestamp="2019-08-08T12:08:18.531" />
<mem-info id="2415" free="5428392" total="23461888" percent="23">
  <mem type="tenure" free="5428392" total="23461888" percent="23" micro-fragmented="63994">
    <mem type="soa" free="5193896" total="23227392" percent="22" />
    <mem type="loa" free="234496" total="234496" percent="100" />
  </mem>
</mem-info>
<gc-op id="2416" type="compact" timems="28.345" contextid="2404" timestamp="2019-08-08T12:08:18.559">
  <compact-info movecount="22678" movebytes="1745296" reason="compact to aid heap contraction" />
</gc-op>
<heap-resize id="2417" type="expand" space="tenure" amount="131072" count="1" timems="0.016" reason="satisfy allocation request" timestamp="2019-08-08T12:08:18.560" />
<gc-end id="2418" type="global" contextid="2404" durationms="55.679" usertimems="152.598" systemtimems="0.000" timestamp="2019-08-08T12:08:18.560" activeThreads="16">
  <mem-info id="2419" free="6020944" total="23592960" percent="25">
    <mem type="tenure" free="6020944" total="23592960" percent="25">
      <mem type="soa" free="5785424" total="23357440" percent="24" />
      <mem type="loa" free="235520" total="235520" percent="100" />
    </mem>
  </mem-info>
</gc-end>
<cycle-end id="2420" type="global" contextid="2404" timestamp="2019-08-08T12:08:18.560" />
  <attribute name="elasticGC enabled" value="1" />
  <attribute name= "numThreadsSpecified" value="16" />
  <attribute name="heapSize specified" value="23461888" />
  <attribute name="Current GC Util" value="58" />
  <attribute name= "Current Time Running" value="133049" />
  <attribute name ="GC Interval" value="0" />
  <attribute name="Target GC Util Change" value ="80.000000" />
  <attribute name="Current GC Util Change" value="58.000000"/>
  <attribute name="Current Error" value="29.000000" />
  <attribute name="Output H" value="23537608"/>
  <attribute name="Output I" value="2064"/>
  <attribute name="Output T" value="16"/>
  <attribute name= "Current Time Running" value="133049" />
  <attribute name="GC Util currently" value="58" />
  <attribute name="CPU Util currently" value="40630891455" />
<allocation-satisfied id="2421" threadId="0000000002369F00" bytesRequested="16" />
<af-end id="2422" timestamp="2019-08-08T12:08:18.560" threadId="000000000236A888" success="true" />
<exclusive-end id="2423" timestamp="2019-08-08T12:08:18.560" durationms="55.883" />

<concurrent-kickoff id="2424" timestamp="2019-08-08T12:08:18.580">
  <kickoff reason="threshold reached" targetBytes="4401690" thresholdFreeBytes="591448" remainingFree="548680" tenureFreeBytes="548680" />
</concurrent-kickoff>
<exclusive-start id="2425" timestamp="2019-08-08T12:08:18.581" intervalms="76.578">
  <response-info timems="0.046" idlems="0.046" threads="0" lastid="0000000002369F00" lastname="main" />
</exclusive-start>
<cycle-start id="2426" type="global" contextid="0" timestamp="2019-08-08T12:08:18.581" intervalms="84.514" />
<exclusive-end id="2427" timestamp="2019-08-08T12:08:18.581" durationms="0.021" />

<exclusive-start id="2428" timestamp="2019-08-08T12:08:18.587" intervalms="5.984">
  <response-info timems="2.051" idlems="2.051" threads="0" lastid="0000000002369F00" lastname="main" />
</exclusive-start>
<af-start id="2429" threadId="000000000236A888" totalBytesRequested="40" timestamp="2019-08-08T12:08:18.587" intervalms="82.628" />
<concurrent-aborted id="2430" timestamp="2019-08-08T12:08:18.587">
  <reason value="insufficient progress made" />
</concurrent-aborted>
<cycle-end id="2431" type="global" contextid="2426" timestamp="2019-08-08T12:08:18.587" />
  <attribute name="elasticGC enabled" value="1" />
  <attribute name= "numThreadsSpecified" value="16" />
  <attribute name="heapSize specified" value="23461888" />
  <attribute name="Current GC Util" value="58" />
  <attribute name= "Current Time Running" value="133049" />
  <attribute name ="GC Interval" value="0" />
  <attribute name="Target GC Util Change" value ="80.000000" />
  <attribute name="Current GC Util Change" value="58.000000"/>
  <attribute name="Current Error" value="29.000000" />
  <attribute name="Output H" value="23537608"/>
  <attribute name="Output I" value="2064"/>
  <attribute name="Output T" value="16"/>
  <attribute name= "Current Time Running" value="133049" />
  <attribute name="GC Util currently" value="58" />
  <attribute name="CPU Util currently" value="40630891455" />
<cycle-start id="2432" type="global" contextid="0" timestamp="2019-08-08T12:08:18.587" intervalms="6.163" />
<gc-start id="2433" type="global" contextid="2432" timestamp="2019-08-08T12:08:18.587">
  <mem-info id="2434" free="235520" total="23592960" percent="0">
    <mem type="tenure" free="235520" total="23592960" percent="0">
      <mem type="soa" free="0" total="23357440" percent="0" />
      <mem type="loa" free="235520" total="235520" percent="100" />
    </mem>
  </mem-info>
</gc-start>
<allocation-stats totalBytes="5850264" >
  <allocated-bytes non-tlh="65544" tlh="5784720" />
  <largest-consumer threadName="main" threadId="0000000002369F00" bytes="5850264" />
</allocation-stats>
<gc-op id="2435" type="mark" timems="17.303" contextid="2432" timestamp="2019-08-08T12:08:18.604">
  <trace-info objectcount="546393" scancount="468484" scanbytes="12080272" />
  <finalization candidates="81" enqueued="0" />
  <ownableSynchronizers candidates="21" cleared="0" />
  <references type="soft" candidates="1829" cleared="0" enqueued="0" dynamicThreshold="8" maxThreshold="32" />
  <references type="weak" candidates="5536" cleared="0" enqueued="0" />
  <references type="phantom" candidates="98" cleared="0" enqueued="0" />
  <stringconstants candidates="13139" cleared="0"  />
</gc-op>
<gc-op id="2436" type="sweep" timems="2.106" contextid="2432" timestamp="2019-08-08T12:08:18.606" />
<mem-info id="2437" free="5266048" total="23592960" percent="22">
  <mem type="tenure" free="5266048" total="23592960" percent="22" micro-fragmented="77769">
    <mem type="soa" free="5030528" total="23357440" percent="21" />
    <mem type="loa" free="235520" total="235520" percent="100" />
  </mem>
</mem-info>
<gc-op id="2438" type="compact" timems="26.562" contextid="2432" timestamp="2019-08-08T12:08:18.633">
  <compact-info movecount="36909" movebytes="890400" reason="compact to aid heap contraction" />
</gc-op>
<heap-resize id="2439" type="expand" space="tenure" amount="131072" count="1" timems="0.020" reason="satisfy allocation request" timestamp="2019-08-08T12:08:18.634" />
<gc-end id="2440" type="global" contextid="2432" durationms="46.767" usertimems="89.141" systemtimems="0.000" timestamp="2019-08-08T12:08:18.634" activeThreads="16">
  <mem-info id="2441" free="5797616" total="23724032" percent="24">
    <mem type="tenure" free="5797616" total="23724032" percent="24">
      <mem type="soa" free="5561072" total="23487488" percent="23" />
      <mem type="loa" free="236544" total="236544" percent="100" />
    </mem>
  </mem-info>
</gc-end>
<cycle-end id="2442" type="global" contextid="2432" timestamp="2019-08-08T12:08:18.634" />
  <attribute name="elasticGC enabled" value="1" />
  <attribute name= "numThreadsSpecified" value="16" />
  <attribute name="heapSize specified" value="23592960" />
  <attribute name="Current GC Util" value="53" />
  <attribute name= "Current Time Running" value="133123" />
  <attribute name ="GC Interval" value="0" />
  <attribute name="Target GC Util Change" value ="80.000000" />
  <attribute name="Current GC Util Change" value="53.000000"/>
  <attribute name="Current Error" value="27.000000" />
  <attribute name="Output H" value="23668672"/>
  <attribute name="Output I" value="2056"/>
  <attribute name="Output T" value="16"/>
  <attribute name= "Current Time Running" value="133123" />
  <attribute name="GC Util currently" value="53" />
  <attribute name="CPU Util currently" value="43349057247" />
<allocation-satisfied id="2443" threadId="0000000002369F00" bytesRequested="40" />
<af-end id="2444" timestamp="2019-08-08T12:08:18.634" threadId="000000000236A888" success="true" />
<exclusive-end id="2445" timestamp="2019-08-08T12:08:18.634" durationms="47.100" />

<concurrent-kickoff id="2446" timestamp="2019-08-08T12:08:18.653">
  <kickoff reason="threshold reached" targetBytes="4426144" thresholdFreeBytes="594733" remainingFree="521968" tenureFreeBytes="521968" />
</concurrent-kickoff>
<exclusive-start id="2447" timestamp="2019-08-08T12:08:18.653" intervalms="66.096">
  <response-info timems="0.018" idlems="0.018" threads="0" lastid="0000000002369F00" lastname="main" />
</exclusive-start>
<cycle-start id="2448" type="global" contextid="0" timestamp="2019-08-08T12:08:18.653" intervalms="65.918" />
<exclusive-end id="2449" timestamp="2019-08-08T12:08:18.653" durationms="0.019" />

<exclusive-start id="2450" timestamp="2019-08-08T12:08:18.654" intervalms="1.670">
  <response-info timems="0.047" idlems="0.047" threads="0" lastid="0000000002369F00" lastname="main" />
</exclusive-start>
<af-start id="2451" threadId="000000000236A888" totalBytesRequested="24" timestamp="2019-08-08T12:08:18.654" intervalms="67.650" />
<concurrent-aborted id="2452" timestamp="2019-08-08T12:08:18.654">
  <reason value="insufficient progress made" />
</concurrent-aborted>
<cycle-end id="2453" type="global" contextid="2448" timestamp="2019-08-08T12:08:18.654" />
  <attribute name="elasticGC enabled" value="1" />
  <attribute name= "numThreadsSpecified" value="16" />
  <attribute name="heapSize specified" value="23592960" />
  <attribute name="Current GC Util" value="53" />
  <attribute name= "Current Time Running" value="133123" />
  <attribute name ="GC Interval" value="0" />
  <attribute name="Target GC Util Change" value ="80.000000" />
  <attribute name="Current GC Util Change" value="53.000000"/>
  <attribute name="Current Error" value="27.000000" />
  <attribute name="Output H" value="23668672"/>
  <attribute name="Output I" value="2056"/>
  <attribute name="Output T" value="16"/>
  <attribute name= "Current Time Running" value="133123" />
  <attribute name="GC Util currently" value="53" />
  <attribute name="CPU Util currently" value="43349057247" />
<cycle-start id="2454" type="global" contextid="0" timestamp="2019-08-08T12:08:18.654" intervalms="1.733" />
<gc-start id="2455" type="global" contextid="2454" timestamp="2019-08-08T12:08:18.654">
  <mem-info id="2456" free="236544" total="23724032" percent="0">
    <mem type="tenure" free="236544" total="23724032" percent="0">
      <mem type="soa" free="0" total="23487488" percent="0" />
      <mem type="loa" free="236544" total="236544" percent="100" />
    </mem>
  </mem-info>
</gc-start>
<allocation-stats totalBytes="5625896" >
  <allocated-bytes non-tlh="0" tlh="5625896" />
  <largest-consumer threadName="main" threadId="0000000002369F00" bytes="5625896" />
</allocation-stats>
<gc-op id="2457" type="mark" timems="21.266" contextid="2454" timestamp="2019-08-08T12:08:18.676">
  <trace-info objectcount="560484" scancount="482563" scanbytes="12395700" />
  <finalization candidates="81" enqueued="0" />
  <ownableSynchronizers candidates="21" cleared="0" />
  <references type="soft" candidates="1829" cleared="0" enqueued="0" dynamicThreshold="7" maxThreshold="32" />
  <references type="weak" candidates="5536" cleared="0" enqueued="0" />
  <references type="phantom" candidates="98" cleared="0" enqueued="0" />
  <stringconstants candidates="13139" cleared="0"  />
</gc-op>
<gc-op id="2458" type="sweep" timems="1.368" contextid="2454" timestamp="2019-08-08T12:08:18.677" />
<mem-info id="2459" free="5095600" total="23724032" percent="21">
  <mem type="tenure" free="5095600" total="23724032" percent="21" micro-fragmented="46299">
    <mem type="soa" free="4859056" total="23487488" percent="20" />
    <mem type="loa" free="236544" total="236544" percent="100" />
  </mem>
</mem-info>
<gc-op id="2460" type="compact" timems="24.649" contextid="2454" timestamp="2019-08-08T12:08:18.702">
  <compact-info movecount="14121" movebytes="316376" reason="compact to aid heap contraction" />
</gc-op>
<heap-resize id="2461" type="expand" space="tenure" amount="131072" count="1" timems="0.022" reason="satisfy allocation request" timestamp="2019-08-08T12:08:18.704" />
<gc-end id="2462" type="global" contextid="2454" durationms="49.171" usertimems="151.239" systemtimems="0.000" timestamp="2019-08-08T12:08:18.704" activeThreads="16">
  <mem-info id="2463" free="5613008" total="23855104" percent="23">
    <mem type="tenure" free="5613008" total="23855104" percent="23">
      <mem type="soa" free="5375440" total="23617536" percent="22" />
      <mem type="loa" free="237568" total="237568" percent="100" />
    </mem>
  </mem-info>
</gc-end>
<cycle-end id="2464" type="global" contextid="2454" timestamp="2019-08-08T12:08:18.704" />
  <attribute name="elasticGC enabled" value="1" />
  <attribute name= "numThreadsSpecified" value="16" />
  <attribute name="heapSize specified" value="23724032" />
  <attribute name="Current GC Util" value="44" />
  <attribute name= "Current Time Running" value="133192" />
  <attribute name ="GC Interval" value="0" />
  <attribute name="Target GC Util Change" value ="80.000000" />
  <attribute name="Current GC Util Change" value="44.000000"/>
  <attribute name="Current Error" value="-490.000000" />
  <attribute name="Output H" value="23799152"/>
  <attribute name="Output I" value="1136"/>
  <attribute name="Output T" value="16"/>
  <attribute name= "Current Time Running" value="133192" />
  <attribute name="GC Util currently" value="44" />
  <attribute name="CPU Util currently" value="46689281776" />
<allocation-satisfied id="2465" threadId="0000000002369F00" bytesRequested="24" />
<af-end id="2466" timestamp="2019-08-08T12:08:18.704" threadId="000000000236A888" success="true" />
<exclusive-end id="2467" timestamp="2019-08-08T12:08:18.704" durationms="49.458" />

<concurrent-kickoff id="2468" timestamp="2019-08-08T12:08:18.724">
  <kickoff reason="threshold reached" targetBytes="4450598" thresholdFreeBytes="598019" remainingFree="468424" tenureFreeBytes="468424" />
</concurrent-kickoff>
<exclusive-start id="2469" timestamp="2019-08-08T12:08:18.725" intervalms="70.283">
  <response-info timems="0.096" idlems="0.096" threads="0" lastid="0000000002369F00" lastname="main" />
</exclusive-start>
<cycle-start id="2470" type="global" contextid="0" timestamp="2019-08-08T12:08:18.725" intervalms="70.216" />
<exclusive-end id="2471" timestamp="2019-08-08T12:08:18.725" durationms="0.018" />

<exclusive-start id="2472" timestamp="2019-08-08T12:08:18.727" intervalms="2.149">
  <response-info timems="0.107" idlems="0.107" threads="0" lastid="0000000002369F00" lastname="main" />
</exclusive-start>
<af-start id="2473" threadId="000000000236A888" totalBytesRequested="32" timestamp="2019-08-08T12:08:18.727" intervalms="72.444" />
<concurrent-aborted id="2474" timestamp="2019-08-08T12:08:18.727">
  <reason value="insufficient progress made" />
</concurrent-aborted>
<cycle-end id="2475" type="global" contextid="2470" timestamp="2019-08-08T12:08:18.727" />
  <attribute name="elasticGC enabled" value="1" />
  <attribute name= "numThreadsSpecified" value="16" />
  <attribute name="heapSize specified" value="23724032" />
  <attribute name="Current GC Util" value="44" />
  <attribute name= "Current Time Running" value="133192" />
  <attribute name ="GC Interval" value="0" />
  <attribute name="Target GC Util Change" value ="80.000000" />
  <attribute name="Current GC Util Change" value="44.000000"/>
  <attribute name="Current Error" value="-490.000000" />
  <attribute name="Output H" value="23799152"/>
  <attribute name="Output I" value="1136"/>
  <attribute name="Output T" value="16"/>
  <attribute name= "Current Time Running" value="133192" />
  <attribute name="GC Util currently" value="44" />
  <attribute name="CPU Util currently" value="46689281776" />
<cycle-start id="2476" type="global" contextid="0" timestamp="2019-08-08T12:08:18.727" intervalms="2.256" />
<gc-start id="2477" type="global" contextid="2476" timestamp="2019-08-08T12:08:18.727">
  <mem-info id="2478" free="237568" total="23855104" percent="0">
    <mem type="tenure" free="237568" total="23855104" percent="0">
      <mem type="soa" free="0" total="23617536" percent="0" />
      <mem type="loa" free="237568" total="237568" percent="100" />
    </mem>
  </mem-info>
</gc-start>
<allocation-stats totalBytes="5440288" >
  <allocated-bytes non-tlh="131080" tlh="5309208" />
  <largest-consumer threadName="main" threadId="0000000002369F00" bytes="5440288" />
</allocation-stats>
<gc-op id="2479" type="mark" timems="8.038" contextid="2476" timestamp="2019-08-08T12:08:18.735">
  <trace-info objectcount="573677" scancount="495764" scanbytes="12756816" />
  <finalization candidates="81" enqueued="0" />
  <ownableSynchronizers candidates="21" cleared="0" />
  <references type="soft" candidates="1829" cleared="0" enqueued="0" dynamicThreshold="7" maxThreshold="32" />
  <references type="weak" candidates="5536" cleared="0" enqueued="0" />
  <references type="phantom" candidates="98" cleared="0" enqueued="0" />
  <stringconstants candidates="13139" cleared="0"  />
</gc-op>
<gc-op id="2480" type="sweep" timems="2.001" contextid="2476" timestamp="2019-08-08T12:08:18.737" />
<mem-info id="2481" free="4891736" total="23855104" percent="20">
  <mem type="tenure" free="4891736" total="23855104" percent="20" micro-fragmented="25695">
    <mem type="soa" free="4654168" total="23617536" percent="19" />
    <mem type="loa" free="237568" total="237568" percent="100" />
  </mem>
</mem-info>
<gc-op id="2482" type="compact" timems="38.207" contextid="2476" timestamp="2019-08-08T12:08:18.775">
  <compact-info movecount="52235" movebytes="1301592" reason="compact to aid heap contraction" />
</gc-op>
<heap-resize id="2483" type="expand" space="tenure" amount="131072" count="1" timems="0.023" reason="satisfy allocation request" timestamp="2019-08-08T12:08:18.779" />
<gc-end id="2484" type="global" contextid="2476" durationms="52.115" usertimems="92.002" systemtimems="0.000" timestamp="2019-08-08T12:08:18.779" activeThreads="16">
  <mem-info id="2485" free="5383056" total="23986176" percent="22">
    <mem type="tenure" free="5383056" total="23986176" percent="22">
      <mem type="soa" free="5143440" total="23746560" percent="21" />
      <mem type="loa" free="239616" total="239616" percent="100" />
    </mem>
  </mem-info>
</gc-end>
<cycle-end id="2486" type="global" contextid="2476" timestamp="2019-08-08T12:08:18.779" />
  <attribute name="elasticGC enabled" value="1" />
  <attribute name= "numThreadsSpecified" value="16" />
  <attribute name="heapSize specified" value="23855104" />
  <attribute name="Current GC Util" value="24" />
  <attribute name= "Current Time Running" value="133265" />
  <attribute name ="GC Interval" value="0" />
  <attribute name="Target GC Util Change" value ="80.000000" />
  <attribute name="Current GC Util Change" value="24.000000"/>
  <attribute name="Current Error" value="-408.000000" />
  <attribute name="Output H" value="23930320"/>
  <attribute name="Output I" value="1280"/>
  <attribute name="Output T" value="16"/>
  <attribute name= "Current Time Running" value="133265" />
  <attribute name="GC Util currently" value="24" />
  <attribute name="CPU Util currently" value="30149480807" />
<allocation-satisfied id="2487" threadId="0000000002369F00" bytesRequested="32" />
<af-end id="2488" timestamp="2019-08-08T12:08:18.779" threadId="000000000236A888" success="true" />
<exclusive-end id="2489" timestamp="2019-08-08T12:08:18.779" durationms="52.366" />

<concurrent-kickoff id="2490" timestamp="2019-08-08T12:08:18.797">
  <kickoff reason="threshold reached" targetBytes="4475051" thresholdFreeBytes="601306" remainingFree="500624" tenureFreeBytes="500624" />
</concurrent-kickoff>
<exclusive-start id="2491" timestamp="2019-08-08T12:08:18.797" intervalms="70.062">
  <response-info timems="0.102" idlems="0.084" threads="1" lastid="000000000236DB00" lastname="JIT Compilation Thread-0" />
</exclusive-start>
<cycle-start id="2492" type="global" contextid="0" timestamp="2019-08-08T12:08:18.797" intervalms="69.972" />
<exclusive-end id="2493" timestamp="2019-08-08T12:08:18.797" durationms="0.037" />

<exclusive-start id="2494" timestamp="2019-08-08T12:08:18.799" intervalms="2.466">
  <response-info timems="0.064" idlems="0.064" threads="0" lastid="0000000002369F00" lastname="main" />
</exclusive-start>
<af-start id="2495" threadId="000000000236A888" totalBytesRequested="80" timestamp="2019-08-08T12:08:18.799" intervalms="72.534" />
<concurrent-aborted id="2496" timestamp="2019-08-08T12:08:18.799">
  <reason value="insufficient progress made" />
</concurrent-aborted>
<cycle-end id="2497" type="global" contextid="2492" timestamp="2019-08-08T12:08:18.799" />
  <attribute name="elasticGC enabled" value="1" />
  <attribute name= "numThreadsSpecified" value="16" />
  <attribute name="heapSize specified" value="23855104" />
  <attribute name="Current GC Util" value="24" />
  <attribute name= "Current Time Running" value="133265" />
  <attribute name ="GC Interval" value="0" />
  <attribute name="Target GC Util Change" value ="80.000000" />
  <attribute name="Current GC Util Change" value="24.000000"/>
  <attribute name="Current Error" value="-408.000000" />
  <attribute name="Output H" value="23930320"/>
  <attribute name="Output I" value="1280"/>
  <attribute name="Output T" value="16"/>
  <attribute name= "Current Time Running" value="133265" />
  <attribute name="GC Util currently" value="24" />
  <attribute name="CPU Util currently" value="30149480807" />
<cycle-start id="2498" type="global" contextid="0" timestamp="2019-08-08T12:08:18.799" intervalms="2.545" />
<gc-start id="2499" type="global" contextid="2498" timestamp="2019-08-08T12:08:18.799">
  <mem-info id="2500" free="239616" total="23986176" percent="0">
    <mem type="tenure" free="239616" total="23986176" percent="0">
      <mem type="soa" free="0" total="23746560" percent="0" />
      <mem type="loa" free="239616" total="239616" percent="100" />
    </mem>
  </mem-info>
</gc-start>
<allocation-stats totalBytes="5208352" >
  <allocated-bytes non-tlh="0" tlh="5208352" />
  <largest-consumer threadName="main" threadId="0000000002369F00" bytes="5208352" />
</allocation-stats>
<gc-op id="2501" type="mark" timems="8.766" contextid="2498" timestamp="2019-08-08T12:08:18.808">
  <trace-info objectcount="586493" scancount="508584" scanbytes="13043940" />
  <finalization candidates="81" enqueued="0" />
  <ownableSynchronizers candidates="21" cleared="0" />
  <references type="soft" candidates="1829" cleared="0" enqueued="0" dynamicThreshold="7" maxThreshold="32" />
  <references type="weak" candidates="5536" cleared="0" enqueued="0" />
  <references type="phantom" candidates="98" cleared="0" enqueued="0" />
  <stringconstants candidates="13139" cleared="0"  />
</gc-op>
<gc-op id="2502" type="sweep" timems="1.823" contextid="2498" timestamp="2019-08-08T12:08:18.810" />
<mem-info id="2503" free="4749384" total="23986176" percent="19">
  <mem type="tenure" free="4749384" total="23986176" percent="19" micro-fragmented="36090">
    <mem type="soa" free="4509768" total="23746560" percent="18" />
    <mem type="loa" free="239616" total="239616" percent="100" />
  </mem>
</mem-info>
<gc-op id="2504" type="compact" timems="29.269" contextid="2498" timestamp="2019-08-08T12:08:18.839">
  <compact-info movecount="12844" movebytes="287816" reason="compact to aid heap contraction" />
</gc-op>
<heap-resize id="2505" type="expand" space="tenure" amount="131072" count="1" timems="0.022" reason="satisfy allocation request" timestamp="2019-08-08T12:08:18.840" />
<gc-end id="2506" type="global" contextid="2498" durationms="40.756" usertimems="88.109" systemtimems="0.000" timestamp="2019-08-08T12:08:18.840" activeThreads="16">
  <mem-info id="2507" free="5226984" total="24117248" percent="21">
    <mem type="tenure" free="5226984" total="24117248" percent="21">
      <mem type="soa" free="4986344" total="23876608" percent="20" />
      <mem type="loa" free="240640" total="240640" percent="100" />
    </mem>
  </mem-info>
</gc-end>
<cycle-end id="2508" type="global" contextid="2498" timestamp="2019-08-08T12:08:18.840" />
  <attribute name="elasticGC enabled" value="1" />
  <attribute name= "numThreadsSpecified" value="16" />
  <attribute name="heapSize specified" value="23986176" />
  <attribute name="Current GC Util" value="38" />
  <attribute name= "Current Time Running" value="133330" />
  <attribute name ="GC Interval" value="0" />
  <attribute name="Target GC Util Change" value ="80.000000" />
  <attribute name="Current GC Util Change" value="38.000000"/>
  <attribute name="Current Error" value="-324.000000" />
  <attribute name="Output H" value="24061488"/>
  <attribute name="Output I" value="1432"/>
  <attribute name="Output T" value="16"/>
  <attribute name= "Current Time Running" value="133330" />
  <attribute name="GC Util currently" value="38" />
  <attribute name="CPU Util currently" value="39353295350" />
<allocation-satisfied id="2509" threadId="0000000002369F00" bytesRequested="80" />
<af-end id="2510" timestamp="2019-08-08T12:08:18.840" threadId="000000000236A888" success="true" />
<exclusive-end id="2511" timestamp="2019-08-08T12:08:18.840" durationms="40.987" />

-------------------------------------------------------------------------------
PYBENCH 2.0
-------------------------------------------------------------------------------
* using Python 2.5.2
* system check interval set to maximum: 2147483647
* using timer: time.time

Calibrating tests. Please wait...

Running 4 round(s) of the suite at warp factor 10:

<concurrent-kickoff id="2512" timestamp="2019-08-08T12:08:18.934">
  <kickoff reason="threshold reached" targetBytes="4499505" thresholdFreeBytes="604590" remainingFree="586120" tenureFreeBytes="586120" />
</concurrent-kickoff>
<exclusive-start id="2513" timestamp="2019-08-08T12:08:18.934" intervalms="134.709">
  <response-info timems="0.176" idlems="0.176" threads="0" lastid="0000000002369F00" lastname="main" />
</exclusive-start>
<cycle-start id="2514" type="global" contextid="0" timestamp="2019-08-08T12:08:18.934" intervalms="134.621" />
<exclusive-end id="2515" timestamp="2019-08-08T12:08:18.934" durationms="0.026" />

<exclusive-start id="2516" timestamp="2019-08-08T12:08:18.955" intervalms="21.426">
  <response-info timems="2.413" idlems="1.250" threads="1" lastid="000000000236DB00" lastname="JIT Compilation Thread-0" />
</exclusive-start>
<af-start id="2517" threadId="000000000236A888" totalBytesRequested="32" timestamp="2019-08-08T12:08:18.955" intervalms="156.141" />
<concurrent-aborted id="2518" timestamp="2019-08-08T12:08:18.955">
  <reason value="insufficient progress made" />
</concurrent-aborted>
<cycle-end id="2519" type="global" contextid="2514" timestamp="2019-08-08T12:08:18.955" />
  <attribute name="elasticGC enabled" value="1" />
  <attribute name= "numThreadsSpecified" value="16" />
  <attribute name="heapSize specified" value="23986176" />
  <attribute name="Current GC Util" value="38" />
  <attribute name= "Current Time Running" value="133330" />
  <attribute name ="GC Interval" value="0" />
  <attribute name="Target GC Util Change" value ="80.000000" />
  <attribute name="Current GC Util Change" value="38.000000"/>
  <attribute name="Current Error" value="-324.000000" />
  <attribute name="Output H" value="24061488"/>
  <attribute name="Output I" value="1432"/>
  <attribute name="Output T" value="16"/>
  <attribute name= "Current Time Running" value="133330" />
  <attribute name="GC Util currently" value="38" />
  <attribute name="CPU Util currently" value="39353295350" />
<cycle-start id="2520" type="global" contextid="0" timestamp="2019-08-08T12:08:18.956" intervalms="21.503" />
<gc-start id="2521" type="global" contextid="2520" timestamp="2019-08-08T12:08:18.956">
  <mem-info id="2522" free="240640" total="24117248" percent="0">
    <mem type="tenure" free="240640" total="24117248" percent="0">
      <mem type="soa" free="0" total="23876608" percent="0" />
      <mem type="loa" free="240640" total="240640" percent="100" />
    </mem>
  </mem-info>
</gc-start>
<allocation-stats totalBytes="5051080" >
  <allocated-bytes non-tlh="20576" tlh="5030504" />
  <largest-consumer threadName="main" threadId="0000000002369F00" bytes="5051080" />
</allocation-stats>
<gc-op id="2523" type="mark" timems="22.019" contextid="2520" timestamp="2019-08-08T12:08:18.978">
  <trace-info objectcount="602446" scancount="523273" scanbytes="13437288" />
  <finalization candidates="81" enqueued="1" />
  <ownableSynchronizers candidates="21" cleared="0" />
  <references type="soft" candidates="4181" cleared="0" enqueued="0" dynamicThreshold="6" maxThreshold="32" />
  <references type="weak" candidates="5590" cleared="4" enqueued="3" />
  <references type="phantom" candidates="98" cleared="0" enqueued="0" />
  <stringconstants candidates="13649" cleared="8"  />
</gc-op>
<gc-op id="2524" type="classunload" timems="0.528" contextid="2520" timestamp="2019-08-08T12:08:18.978">
  <classunload-info classloadercandidates="55" classloadersunloaded="2" classesunloaded="2" anonymousclassesunloaded="0" quiescems="0.000" setupms="0.512" scanms="0.012" postms="0.004" />
</gc-op>
<gc-op id="2525" type="sweep" timems="4.041" contextid="2520" timestamp="2019-08-08T12:08:18.982" />
<mem-info id="2526" free="5646032" total="24117248" percent="23">
  <mem type="tenure" free="5646032" total="24117248" percent="23" micro-fragmented="318139">
    <mem type="soa" free="5405392" total="23876608" percent="22" />
    <mem type="loa" free="240640" total="240640" percent="100" />
  </mem>
  <pending-finalizers system="0" default="1" reference="3" classloader="0" />
</mem-info>
<gc-op id="2527" type="compact" timems="158.717" contextid="2520" timestamp="2019-08-08T12:08:19.141">
  <compact-info movecount="589250" movebytes="17490120" reason="compact to aid heap contraction" />
</gc-op>
<heap-resize id="2528" type="expand" space="tenure" amount="131072" count="1" timems="0.021" reason="satisfy allocation request" timestamp="2019-08-08T12:08:19.142" />
<gc-end id="2529" type="global" contextid="2520" durationms="186.428" usertimems="247.613" systemtimems="0.000" timestamp="2019-08-08T12:08:19.142" activeThreads="16">
  <mem-info id="2530" free="6140920" total="24248320" percent="25">
    <mem type="tenure" free="6140920" total="24248320" percent="25">
      <mem type="soa" free="5899256" total="24006656" percent="24" />
      <mem type="loa" free="241664" total="241664" percent="100" />
    </mem>
    <pending-finalizers system="0" default="1" reference="3" classloader="0" />
  </mem-info>
</gc-end>
<cycle-end id="2531" type="global" contextid="2520" timestamp="2019-08-08T12:08:19.142" />
  <attribute name="elasticGC enabled" value="1" />
  <attribute name= "numThreadsSpecified" value="16" />
  <attribute name="heapSize specified" value="24117248" />
  <attribute name="Current GC Util" value="11" />
  <attribute name= "Current Time Running" value="133631" />
  <attribute name ="GC Interval" value="0" />
  <attribute name="Target GC Util Change" value ="80.000000" />
  <attribute name="Current GC Util Change" value="11.000000"/>
  <attribute name="Current Error" value="56.000000" />
  <attribute name="Output H" value="24192992"/>
  <attribute name="Output I" value="2112"/>
  <attribute name="Output T" value="16"/>
  <attribute name= "Current Time Running" value="133631" />
  <attribute name="GC Util currently" value="11" />
  <attribute name="CPU Util currently" value="7261493358" />
<allocation-satisfied id="2532" threadId="0000000002369F00" bytesRequested="32" />
<af-end id="2533" timestamp="2019-08-08T12:08:19.142" threadId="000000000236A888" success="true" />
<exclusive-end id="2534" timestamp="2019-08-08T12:08:19.142" durationms="186.669" />

<concurrent-kickoff id="2535" timestamp="2019-08-08T12:08:19.164">
  <kickoff reason="threshold reached" targetBytes="4523960" thresholdFreeBytes="607877" remainingFree="603128" tenureFreeBytes="603128" />
</concurrent-kickoff>
<exclusive-start id="2536" timestamp="2019-08-08T12:08:19.164" intervalms="208.630">
  <response-info timems="0.018" idlems="0.018" threads="0" lastid="0000000002369F00" lastname="main" />
</exclusive-start>
<cycle-start id="2537" type="global" contextid="0" timestamp="2019-08-08T12:08:19.164" intervalms="208.552" />
<exclusive-end id="2538" timestamp="2019-08-08T12:08:19.164" durationms="0.022" />

<exclusive-start id="2539" timestamp="2019-08-08T12:08:19.166" intervalms="2.247">
  <response-info timems="0.037" idlems="0.037" threads="0" lastid="0000000002369F00" lastname="main" />
</exclusive-start>
<af-start id="2540" threadId="000000000236A888" totalBytesRequested="16" timestamp="2019-08-08T12:08:19.166" intervalms="210.868" />
<concurrent-aborted id="2541" timestamp="2019-08-08T12:08:19.166">
  <reason value="insufficient progress made" />
</concurrent-aborted>
<cycle-end id="2542" type="global" contextid="2537" timestamp="2019-08-08T12:08:19.166" />
  <attribute name="elasticGC enabled" value="1" />
  <attribute name= "numThreadsSpecified" value="16" />
  <attribute name="heapSize specified" value="24117248" />
  <attribute name="Current GC Util" value="11" />
  <attribute name= "Current Time Running" value="133631" />
  <attribute name ="GC Interval" value="0" />
  <attribute name="Target GC Util Change" value ="80.000000" />
  <attribute name="Current GC Util Change" value="11.000000"/>
  <attribute name="Current Error" value="56.000000" />
  <attribute name="Output H" value="24192992"/>
  <attribute name="Output I" value="2112"/>
  <attribute name="Output T" value="16"/>
  <attribute name= "Current Time Running" value="133631" />
  <attribute name="GC Util currently" value="11" />
  <attribute name="CPU Util currently" value="7261493358" />
<cycle-start id="2543" type="global" contextid="0" timestamp="2019-08-08T12:08:19.166" intervalms="2.310" />
<gc-start id="2544" type="global" contextid="2543" timestamp="2019-08-08T12:08:19.166">
  <mem-info id="2545" free="241664" total="24248320" percent="0">
    <mem type="tenure" free="241664" total="24248320" percent="0">
      <mem type="soa" free="0" total="24006656" percent="0" />
      <mem type="loa" free="241664" total="241664" percent="100" />
    </mem>
  </mem-info>
</gc-start>
<allocation-stats totalBytes="5964440" >
  <allocated-bytes non-tlh="0" tlh="5964440" />
  <largest-consumer threadName="main" threadId="0000000002369F00" bytes="5964440" />
</allocation-stats>
<gc-op id="2546" type="mark" timems="17.499" contextid="2543" timestamp="2019-08-08T12:08:19.184">
  <trace-info objectcount="602414" scancount="523247" scanbytes="13436572" />
  <finalization candidates="80" enqueued="0" />
  <ownableSynchronizers candidates="21" cleared="0" />
  <references type="soft" candidates="4181" cleared="0" enqueued="0" dynamicThreshold="8" maxThreshold="32" />
  <references type="weak" candidates="5586" cleared="0" enqueued="0" />
  <references type="phantom" candidates="98" cleared="1" enqueued="1" />
  <stringconstants candidates="13641" cleared="0"  />
</gc-op>
<gc-op id="2547" type="sweep" timems="5.041" contextid="2543" timestamp="2019-08-08T12:08:19.189" />
<mem-info id="2548" free="6216296" total="24248320" percent="25">
  <mem type="tenure" free="6216296" total="24248320" percent="25" micro-fragmented="0">
    <mem type="soa" free="5974632" total="24006656" percent="24" />
    <mem type="loa" free="241664" total="241664" percent="100" />
  </mem>
  <pending-finalizers system="0" default="0" reference="1" classloader="0" />
</mem-info>
<gc-op id="2549" type="compact" timems="127.213" contextid="2543" timestamp="2019-08-08T12:08:19.316">
  <compact-info movecount="496169" movebytes="12517208" reason="compact to aid heap contraction" />
</gc-op>
<heap-resize id="2550" type="expand" space="tenure" amount="131072" count="1" timems="0.020" reason="satisfy allocation request" timestamp="2019-08-08T12:08:19.318" />
<gc-end id="2551" type="global" contextid="2543" durationms="151.539" usertimems="197.798" systemtimems="0.000" timestamp="2019-08-08T12:08:19.318" activeThreads="16">
  <mem-info id="2552" free="6282736" total="24379392" percent="25">
    <mem type="tenure" free="6282736" total="24379392" percent="25">
      <mem type="soa" free="6039024" total="24135680" percent="25" />
      <mem type="loa" free="243712" total="243712" percent="100" />
    </mem>
    <pending-finalizers system="0" default="0" reference="1" classloader="0" />
  </mem-info>
</gc-end>
<cycle-end id="2553" type="global" contextid="2543" timestamp="2019-08-08T12:08:19.318" />
  <attribute name="elasticGC enabled" value="1" />
  <attribute name= "numThreadsSpecified" value="16" />
  <attribute name="heapSize specified" value="24248320" />
  <attribute name="Current GC Util" value="7" />
  <attribute name= "Current Time Running" value="133807" />
  <attribute name ="GC Interval" value="0" />
  <attribute name="Target GC Util Change" value ="80.000000" />
  <attribute name="Current GC Util Change" value="7.000000"/>
  <attribute name="Current Error" value="56.000000" />
  <attribute name="Output H" value="24324064"/>
  <attribute name="Output I" value="2112"/>
  <attribute name="Output T" value="16"/>
  <attribute name= "Current Time Running" value="133807" />
  <attribute name="GC Util currently" value="7" />
  <attribute name="CPU Util currently" value="9060309452" />
<allocation-satisfied id="2554" threadId="0000000002369F00" bytesRequested="16" />
<af-end id="2555" timestamp="2019-08-08T12:08:19.318" threadId="000000000236A888" success="true" />
<exclusive-end id="2556" timestamp="2019-08-08T12:08:19.318" durationms="151.722" />

<concurrent-kickoff id="2557" timestamp="2019-08-08T12:08:19.342">
  <kickoff reason="threshold reached" targetBytes="4548414" thresholdFreeBytes="611162" remainingFree="482800" tenureFreeBytes="482800" />
</concurrent-kickoff>
<exclusive-start id="2558" timestamp="2019-08-08T12:08:19.342" intervalms="175.393">
  <response-info timems="0.045" idlems="0.045" threads="0" lastid="0000000002369F00" lastname="main" />
</exclusive-start>
<cycle-start id="2559" type="global" contextid="0" timestamp="2019-08-08T12:08:19.342" intervalms="175.320" />
<exclusive-end id="2560" timestamp="2019-08-08T12:08:19.342" durationms="0.013" />

<exclusive-start id="2561" timestamp="2019-08-08T12:08:19.343" intervalms="1.563">
  <response-info timems="0.032" idlems="0.032" threads="0" lastid="0000000002369F00" lastname="main" />
</exclusive-start>
<af-start id="2562" threadId="000000000236A888" totalBytesRequested="16" timestamp="2019-08-08T12:08:19.343" intervalms="176.941" />
<concurrent-aborted id="2563" timestamp="2019-08-08T12:08:19.343">
  <reason value="insufficient progress made" />
</concurrent-aborted>
<cycle-end id="2564" type="global" contextid="2559" timestamp="2019-08-08T12:08:19.343" />
  <attribute name="elasticGC enabled" value="1" />
  <attribute name= "numThreadsSpecified" value="16" />
  <attribute name="heapSize specified" value="24248320" />
  <attribute name="Current GC Util" value="7" />
  <attribute name= "Current Time Running" value="133807" />
  <attribute name ="GC Interval" value="0" />
  <attribute name="Target GC Util Change" value ="80.000000" />
  <attribute name="Current GC Util Change" value="7.000000"/>
  <attribute name="Current Error" value="56.000000" />
  <attribute name="Output H" value="24324064"/>
  <attribute name="Output I" value="2112"/>
  <attribute name="Output T" value="16"/>
  <attribute name= "Current Time Running" value="133807" />
  <attribute name="GC Util currently" value="7" />
  <attribute name="CPU Util currently" value="9060309452" />
<cycle-start id="2565" type="global" contextid="0" timestamp="2019-08-08T12:08:19.343" intervalms="1.628" />
<gc-start id="2566" type="global" contextid="2565" timestamp="2019-08-08T12:08:19.343">
  <mem-info id="2567" free="243712" total="24379392" percent="0">
    <mem type="tenure" free="243712" total="24379392" percent="0">
      <mem type="soa" free="0" total="24135680" percent="0" />
      <mem type="loa" free="243712" total="243712" percent="100" />
    </mem>
  </mem-info>
</gc-start>
<allocation-stats totalBytes="6104256" >
  <allocated-bytes non-tlh="0" tlh="6104256" />
  <largest-consumer threadName="main" threadId="0000000002369F00" bytes="6104256" />
</allocation-stats>
<gc-op id="2568" type="mark" timems="11.224" contextid="2565" timestamp="2019-08-08T12:08:19.355">
  <trace-info objectcount="602413" scancount="523251" scanbytes="13436524" />
  <finalization candidates="80" enqueued="0" />
  <ownableSynchronizers candidates="21" cleared="0" />
  <references type="soft" candidates="4181" cleared="0" enqueued="0" dynamicThreshold="8" maxThreshold="32" />
  <references type="weak" candidates="5586" cleared="0" enqueued="0" />
  <references type="phantom" candidates="97" cleared="0" enqueued="0" />
  <stringconstants candidates="13641" cleared="0"  />
</gc-op>
<gc-op id="2569" type="sweep" timems="1.703" contextid="2565" timestamp="2019-08-08T12:08:19.356" />
<mem-info id="2570" free="6348272" total="24379392" percent="26">
  <mem type="tenure" free="6348272" total="24379392" percent="26" micro-fragmented="0">
    <mem type="soa" free="6104560" total="24135680" percent="25" />
    <mem type="loa" free="243712" total="243712" percent="100" />
  </mem>
</mem-info>
<gc-op id="2571" type="compact" timems="143.116" contextid="2565" timestamp="2019-08-08T12:08:19.500">
  <compact-info movecount="495863" movebytes="12507272" reason="compact to aid heap contraction" />
</gc-op>
<heap-resize id="2572" type="expand" space="tenure" amount="131072" count="1" timems="0.024" reason="satisfy allocation request" timestamp="2019-08-08T12:08:19.502" />
<gc-end id="2573" type="global" contextid="2565" durationms="158.617" usertimems="210.337" systemtimems="0.000" timestamp="2019-08-08T12:08:19.502" activeThreads="16">
  <mem-info id="2574" free="6413856" total="24510464" percent="26">
    <mem type="tenure" free="6413856" total="24510464" percent="26">
      <mem type="soa" free="6169120" total="24265728" percent="25" />
      <mem type="loa" free="244736" total="244736" percent="100" />
    </mem>
  </mem-info>
</gc-end>
<cycle-end id="2575" type="global" contextid="2565" timestamp="2019-08-08T12:08:19.502" />
  <attribute name="elasticGC enabled" value="1" />
  <attribute name= "numThreadsSpecified" value="16" />
  <attribute name="heapSize specified" value="24379392" />
  <attribute name="Current GC Util" value="10" />
  <attribute name= "Current Time Running" value="133990" />
  <attribute name ="GC Interval" value="0" />
  <attribute name="Target GC Util Change" value ="80.000000" />
  <attribute name="Current GC Util Change" value="10.000000"/>
  <attribute name="Current Error" value="70.000000" />
  <attribute name="Output H" value="24455152"/>
  <attribute name="Output I" value="2136"/>
  <attribute name="Output T" value="16"/>
  <attribute name= "Current Time Running" value="133990" />
  <attribute name="GC Util currently" value="10" />
  <attribute name="CPU Util currently" value="8053774678" />
<allocation-satisfied id="2576" threadId="0000000002369F00" bytesRequested="16" />
<af-end id="2577" timestamp="2019-08-08T12:08:19.502" threadId="000000000236A888" success="true" />
<exclusive-end id="2578" timestamp="2019-08-08T12:08:19.502" durationms="158.964" />

<concurrent-kickoff id="2579" timestamp="2019-08-08T12:08:19.524">
  <kickoff reason="threshold reached" targetBytes="4572867" thresholdFreeBytes="614449" remainingFree="613920" tenureFreeBytes="613920" />
</concurrent-kickoff>
<exclusive-start id="2580" timestamp="2019-08-08T12:08:19.524" intervalms="180.889">
  <response-info timems="0.085" idlems="0.085" threads="0" lastid="0000000002369F00" lastname="main" />
</exclusive-start>
<cycle-start id="2581" type="global" contextid="0" timestamp="2019-08-08T12:08:19.524" intervalms="180.835" />
<exclusive-end id="2582" timestamp="2019-08-08T12:08:19.524" durationms="0.025" />

<exclusive-start id="2583" timestamp="2019-08-08T12:08:19.526" intervalms="2.245">
  <response-info timems="0.132" idlems="0.132" threads="0" lastid="0000000002369F00" lastname="main" />
</exclusive-start>
<af-start id="2584" threadId="000000000236A888" totalBytesRequested="16" timestamp="2019-08-08T12:08:19.526" intervalms="183.153" />
<concurrent-aborted id="2585" timestamp="2019-08-08T12:08:19.526">
  <reason value="insufficient progress made" />
</concurrent-aborted>
<cycle-end id="2586" type="global" contextid="2581" timestamp="2019-08-08T12:08:19.526" />
  <attribute name="elasticGC enabled" value="1" />
  <attribute name= "numThreadsSpecified" value="16" />
  <attribute name="heapSize specified" value="24379392" />
  <attribute name="Current GC Util" value="10" />
  <attribute name= "Current Time Running" value="133990" />
  <attribute name ="GC Interval" value="0" />
  <attribute name="Target GC Util Change" value ="80.000000" />
  <attribute name="Current GC Util Change" value="10.000000"/>
  <attribute name="Current Error" value="70.000000" />
  <attribute name="Output H" value="24455152"/>
  <attribute name="Output I" value="2136"/>
  <attribute name="Output T" value="16"/>
  <attribute name= "Current Time Running" value="133990" />
  <attribute name="GC Util currently" value="10" />
  <attribute name="CPU Util currently" value="8053774678" />
<cycle-start id="2587" type="global" contextid="0" timestamp="2019-08-08T12:08:19.526" intervalms="2.341" />
<gc-start id="2588" type="global" contextid="2587" timestamp="2019-08-08T12:08:19.527">
  <mem-info id="2589" free="244736" total="24510464" percent="0">
    <mem type="tenure" free="244736" total="24510464" percent="0">
      <mem type="soa" free="0" total="24265728" percent="0" />
      <mem type="loa" free="244736" total="244736" percent="100" />
    </mem>
  </mem-info>
</gc-start>
<allocation-stats totalBytes="6234368" >
  <allocated-bytes non-tlh="0" tlh="6234368" />
  <largest-consumer threadName="main" threadId="0000000002369F00" bytes="6234368" />
</allocation-stats>
<gc-op id="2590" type="mark" timems="9.427" contextid="2587" timestamp="2019-08-08T12:08:19.536">
  <trace-info objectcount="602417" scancount="523254" scanbytes="13436608" />
  <finalization candidates="80" enqueued="0" />
  <ownableSynchronizers candidates="21" cleared="0" />
  <references type="soft" candidates="4181" cleared="0" enqueued="0" dynamicThreshold="8" maxThreshold="32" />
  <references type="weak" candidates="5586" cleared="0" enqueued="0" />
  <references type="phantom" candidates="97" cleared="0" enqueued="0" />
  <stringconstants candidates="13641" cleared="0"  />
</gc-op>
<gc-op id="2591" type="sweep" timems="1.658" contextid="2587" timestamp="2019-08-08T12:08:19.538" />
<mem-info id="2592" free="6478448" total="24510464" percent="26">
  <mem type="tenure" free="6478448" total="24510464" percent="26" micro-fragmented="0">
    <mem type="soa" free="6233712" total="24265728" percent="25" />
    <mem type="loa" free="244736" total="244736" percent="100" />
  </mem>
</mem-info>
<gc-op id="2593" type="compact" timems="22.499" contextid="2587" timestamp="2019-08-08T12:08:19.560">
  <compact-info movecount="5" movebytes="112" reason="compact to aid heap contraction" />
</gc-op>
<heap-resize id="2594" type="expand" space="tenure" amount="131072" count="1" timems="0.023" reason="satisfy allocation request" timestamp="2019-08-08T12:08:19.561" />
<gc-end id="2595" type="global" contextid="2587" durationms="34.419" usertimems="81.149" systemtimems="0.000" timestamp="2019-08-08T12:08:19.561" activeThreads="16">
  <mem-info id="2596" free="6544840" total="24641536" percent="26">
    <mem type="tenure" free="6544840" total="24641536" percent="26">
      <mem type="soa" free="6299080" total="24395776" percent="25" />
      <mem type="loa" free="245760" total="245760" percent="100" />
    </mem>
  </mem-info>
</gc-end>
<cycle-end id="2597" type="global" contextid="2587" timestamp="2019-08-08T12:08:19.561" />
  <attribute name="elasticGC enabled" value="1" />
  <attribute name= "numThreadsSpecified" value="16" />
  <attribute name="heapSize specified" value="24510464" />
  <attribute name="Current GC Util" value="49" />
  <attribute name= "Current Time Running" value="134050" />
  <attribute name ="GC Interval" value="0" />
  <attribute name="Target GC Util Change" value ="80.000000" />
  <attribute name="Current GC Util Change" value="49.000000"/>
  <attribute name="Current Error" value="-753.000000" />
  <attribute name="Output H" value="24585280"/>
  <attribute name="Output I" value="664"/>
  <attribute name="Output T" value="16"/>
  <attribute name= "Current Time Running" value="134050" />
  <attribute name="GC Util currently" value="49" />
  <attribute name="CPU Util currently" value="51161123645" />
<allocation-satisfied id="2598" threadId="0000000002369F00" bytesRequested="16" />
<af-end id="2599" timestamp="2019-08-08T12:08:19.561" threadId="000000000236A888" success="true" />
<exclusive-end id="2600" timestamp="2019-08-08T12:08:19.561" durationms="34.733" />

<concurrent-kickoff id="2601" timestamp="2019-08-08T12:08:19.625">
  <kickoff reason="threshold reached" targetBytes="4597321" thresholdFreeBytes="617734" remainingFree="613832" tenureFreeBytes="613832" />
</concurrent-kickoff>
<exclusive-start id="2602" timestamp="2019-08-08T12:08:19.625" intervalms="98.345">
  <response-info timems="0.098" idlems="0.098" threads="0" lastid="0000000002369F00" lastname="main" />
</exclusive-start>
<cycle-start id="2603" type="global" contextid="0" timestamp="2019-08-08T12:08:19.625" intervalms="98.252" />
<exclusive-end id="2604" timestamp="2019-08-08T12:08:19.625" durationms="0.030" />

<exclusive-start id="2605" timestamp="2019-08-08T12:08:19.628" intervalms="3.634">
  <response-info timems="0.081" idlems="0.081" threads="0" lastid="0000000002369F00" lastname="main" />
</exclusive-start>
<af-start id="2606" threadId="000000000236A888" totalBytesRequested="32" timestamp="2019-08-08T12:08:19.628" intervalms="101.969" />
<concurrent-aborted id="2607" timestamp="2019-08-08T12:08:19.628">
  <reason value="insufficient progress made" />
</concurrent-aborted>
<cycle-end id="2608" type="global" contextid="2603" timestamp="2019-08-08T12:08:19.628" />
  <attribute name="elasticGC enabled" value="1" />
  <attribute name= "numThreadsSpecified" value="16" />
  <attribute name="heapSize specified" value="24510464" />
  <attribute name="Current GC Util" value="49" />
  <attribute name= "Current Time Running" value="134050" />
  <attribute name ="GC Interval" value="0" />
  <attribute name="Target GC Util Change" value ="80.000000" />
  <attribute name="Current GC Util Change" value="49.000000"/>
  <attribute name="Current Error" value="-753.000000" />
  <attribute name="Output H" value="24585280"/>
  <attribute name="Output I" value="664"/>
  <attribute name="Output T" value="16"/>
  <attribute name= "Current Time Running" value="134050" />
  <attribute name="GC Util currently" value="49" />
  <attribute name="CPU Util currently" value="51161123645" />
<cycle-start id="2609" type="global" contextid="0" timestamp="2019-08-08T12:08:19.628" intervalms="3.728" />
<gc-start id="2610" type="global" contextid="2609" timestamp="2019-08-08T12:08:19.629">
  <mem-info id="2611" free="245760" total="24641536" percent="0">
    <mem type="tenure" free="245760" total="24641536" percent="0">
      <mem type="soa" free="0" total="24395776" percent="0" />
      <mem type="loa" free="245760" total="245760" percent="100" />
    </mem>
  </mem-info>
</gc-start>
<allocation-stats totalBytes="6364312" >
  <allocated-bytes non-tlh="0" tlh="6364312" />
  <largest-consumer threadName="main" threadId="0000000002369F00" bytes="6364312" />
</allocation-stats>
<gc-op id="2612" type="mark" timems="11.447" contextid="2609" timestamp="2019-08-08T12:08:19.640">
  <trace-info objectcount="602428" scancount="523261" scanbytes="13436916" />
  <finalization candidates="80" enqueued="0" />
  <ownableSynchronizers candidates="21" cleared="0" />
  <references type="soft" candidates="4181" cleared="0" enqueued="0" dynamicThreshold="8" maxThreshold="32" />
  <references type="weak" candidates="5588" cleared="0" enqueued="0" />
  <references type="phantom" candidates="97" cleared="0" enqueued="0" />
  <stringconstants candidates="13641" cleared="0"  />
</gc-op>
<gc-op id="2613" type="sweep" timems="1.543" contextid="2609" timestamp="2019-08-08T12:08:19.642" />
<mem-info id="2614" free="6608976" total="24641536" percent="26">
  <mem type="tenure" free="6608976" total="24641536" percent="26" micro-fragmented="0">
    <mem type="soa" free="6363216" total="24395776" percent="26" />
    <mem type="loa" free="245760" total="245760" percent="100" />
  </mem>
</mem-info>
<gc-op id="2615" type="compact" timems="29.135" contextid="2609" timestamp="2019-08-08T12:08:19.671">
  <compact-info movecount="1459" movebytes="50912" reason="compact to aid heap contraction" />
</gc-op>
<heap-resize id="2616" type="expand" space="tenure" amount="131072" count="1" timems="0.020" reason="satisfy allocation request" timestamp="2019-08-08T12:08:19.671" />
<gc-end id="2617" type="global" contextid="2609" durationms="42.887" usertimems="126.542" systemtimems="0.000" timestamp="2019-08-08T12:08:19.671" activeThreads="16">
  <mem-info id="2618" free="6675600" total="24772608" percent="26">
    <mem type="tenure" free="6675600" total="24772608" percent="26">
      <mem type="soa" free="6428816" total="24525824" percent="26" />
      <mem type="loa" free="246784" total="246784" percent="100" />
    </mem>
  </mem-info>
</gc-end>
<cycle-end id="2619" type="global" contextid="2609" timestamp="2019-08-08T12:08:19.671" />
  <attribute name="elasticGC enabled" value="1" />
  <attribute name= "numThreadsSpecified" value="16" />
  <attribute name="heapSize specified" value="24641536" />
  <attribute name="Current GC Util" value="24" />
  <attribute name= "Current Time Running" value="134161" />
  <attribute name ="GC Interval" value="0" />
  <attribute name="Target GC Util Change" value ="80.000000" />
  <attribute name="Current GC Util Change" value="24.000000"/>
  <attribute name="Current Error" value="-250.000000" />
  <attribute name="Output H" value="24716928"/>
  <attribute name="Output I" value="1568"/>
  <attribute name="Output T" value="16"/>
  <attribute name= "Current Time Running" value="134161" />
  <attribute name="GC Util currently" value="24" />
  <attribute name="CPU Util currently" value="39410665014" />
<allocation-satisfied id="2620" threadId="0000000002369F00" bytesRequested="32" />
<af-end id="2621" timestamp="2019-08-08T12:08:19.671" threadId="000000000236A888" success="true" />
<exclusive-end id="2622" timestamp="2019-08-08T12:08:19.672" durationms="43.142" />

<concurrent-kickoff id="2623" timestamp="2019-08-08T12:08:19.716">
  <kickoff reason="threshold reached" targetBytes="4621775" thresholdFreeBytes="621020" remainingFree="613520" tenureFreeBytes="613520" />
</concurrent-kickoff>
<exclusive-start id="2624" timestamp="2019-08-08T12:08:19.717" intervalms="88.174">
  <response-info timems="0.085" idlems="0.085" threads="0" lastid="0000000002369F00" lastname="main" />
</exclusive-start>
<cycle-start id="2625" type="global" contextid="0" timestamp="2019-08-08T12:08:19.717" intervalms="88.069" />
<exclusive-end id="2626" timestamp="2019-08-08T12:08:19.717" durationms="0.018" />

<exclusive-start id="2627" timestamp="2019-08-08T12:08:19.720" intervalms="3.796">
  <response-info timems="0.070" idlems="0.038" threads="1" lastid="00000000024A2C00" lastname="Concurrent Mark Helper" />
</exclusive-start>
<af-start id="2628" threadId="000000000236A888" totalBytesRequested="32" timestamp="2019-08-08T12:08:19.720" intervalms="91.972" />
<concurrent-aborted id="2629" timestamp="2019-08-08T12:08:19.720">
  <reason value="insufficient progress made" />
</concurrent-aborted>
<cycle-end id="2630" type="global" contextid="2625" timestamp="2019-08-08T12:08:19.720" />
  <attribute name="elasticGC enabled" value="1" />
  <attribute name= "numThreadsSpecified" value="16" />
  <attribute name="heapSize specified" value="24641536" />
  <attribute name="Current GC Util" value="24" />
  <attribute name= "Current Time Running" value="134161" />
  <attribute name ="GC Interval" value="0" />
  <attribute name="Target GC Util Change" value ="80.000000" />
  <attribute name="Current GC Util Change" value="24.000000"/>
  <attribute name="Current Error" value="-250.000000" />
  <attribute name="Output H" value="24716928"/>
  <attribute name="Output I" value="1568"/>
  <attribute name="Output T" value="16"/>
  <attribute name= "Current Time Running" value="134161" />
  <attribute name="GC Util currently" value="24" />
  <attribute name="CPU Util currently" value="39410665014" />
<cycle-start id="2631" type="global" contextid="0" timestamp="2019-08-08T12:08:19.720" intervalms="3.864" />
<gc-start id="2632" type="global" contextid="2631" timestamp="2019-08-08T12:08:19.720">
  <mem-info id="2633" free="246784" total="24772608" percent="0">
    <mem type="tenure" free="246784" total="24772608" percent="0">
      <mem type="soa" free="0" total="24525824" percent="0" />
      <mem type="loa" free="246784" total="246784" percent="100" />
    </mem>
  </mem-info>
</gc-start>
<allocation-stats totalBytes="6493424" >
  <allocated-bytes non-tlh="0" tlh="6493424" />
  <largest-consumer threadName="main" threadId="0000000002369F00" bytes="6493424" />
</allocation-stats>
<gc-op id="2634" type="mark" timems="10.513" contextid="2631" timestamp="2019-08-08T12:08:19.731">
  <trace-info objectcount="602428" scancount="523267" scanbytes="13436916" />
  <finalization candidates="80" enqueued="0" />
  <ownableSynchronizers candidates="21" cleared="0" />
  <references type="soft" candidates="4181" cleared="0" enqueued="0" dynamicThreshold="8" maxThreshold="32" />
  <references type="weak" candidates="5588" cleared="0" enqueued="0" />
  <references type="phantom" candidates="97" cleared="0" enqueued="0" />
  <stringconstants candidates="13641" cleared="0"  />
</gc-op>
<gc-op id="2635" type="sweep" timems="4.045" contextid="2631" timestamp="2019-08-08T12:08:19.735" />
<mem-info id="2636" free="6741136" total="24772608" percent="27">
  <mem type="tenure" free="6741136" total="24772608" percent="27" micro-fragmented="0">
    <mem type="soa" free="6494352" total="24525824" percent="26" />
    <mem type="loa" free="246784" total="246784" percent="100" />
  </mem>
</mem-info>
<gc-op id="2637" type="compact" timems="26.105" contextid="2631" timestamp="2019-08-08T12:08:19.761">
  <compact-info movecount="1" movebytes="24" reason="compact to aid heap contraction" />
</gc-op>
<heap-resize id="2638" type="expand" space="tenure" amount="131072" count="1" timems="0.024" reason="satisfy allocation request" timestamp="2019-08-08T12:08:19.762" />
<gc-end id="2639" type="global" contextid="2631" durationms="42.045" usertimems="101.460" systemtimems="0.000" timestamp="2019-08-08T12:08:19.762" activeThreads="16">
  <mem-info id="2640" free="6806672" total="24903680" percent="27">
    <mem type="tenure" free="6806672" total="24903680" percent="27">
      <mem type="soa" free="6557840" total="24654848" percent="26" />
      <mem type="loa" free="248832" total="248832" percent="100" />
    </mem>
  </mem-info>
</gc-end>
<cycle-end id="2641" type="global" contextid="2631" timestamp="2019-08-08T12:08:19.763" />
  <attribute name="elasticGC enabled" value="1" />
  <attribute name= "numThreadsSpecified" value="16" />
  <attribute name="heapSize specified" value="24772608" />
  <attribute name="Current GC Util" value="51" />
  <attribute name= "Current Time Running" value="134251" />
  <attribute name ="GC Interval" value="0" />
  <attribute name="Target GC Util Change" value ="80.000000" />
  <attribute name="Current GC Util Change" value="51.000000"/>
  <attribute name="Current Error" value="-480.000000" />
  <attribute name="Output H" value="24847736"/>
  <attribute name="Output I" value="1152"/>
  <attribute name="Output T" value="16"/>
  <attribute name= "Current Time Running" value="134251" />
  <attribute name="GC Util currently" value="51" />
  <attribute name="CPU Util currently" value="44060892029" />
<allocation-satisfied id="2642" threadId="0000000002369F00" bytesRequested="32" />
<af-end id="2643" timestamp="2019-08-08T12:08:19.763" threadId="000000000236A888" success="true" />
<exclusive-end id="2644" timestamp="2019-08-08T12:08:19.763" durationms="42.246" />

<concurrent-kickoff id="2645" timestamp="2019-08-08T12:08:19.809">
  <kickoff reason="threshold reached" targetBytes="4646228" thresholdFreeBytes="624306" remainingFree="613520" tenureFreeBytes="613520" />
</concurrent-kickoff>
<exclusive-start id="2646" timestamp="2019-08-08T12:08:19.809" intervalms="88.793">
  <response-info timems="0.127" idlems="0.127" threads="0" lastid="0000000002369F00" lastname="main" />
</exclusive-start>
<cycle-start id="2647" type="global" contextid="0" timestamp="2019-08-08T12:08:19.809" intervalms="88.725" />
<exclusive-end id="2648" timestamp="2019-08-08T12:08:19.809" durationms="0.016" />

<exclusive-start id="2649" timestamp="2019-08-08T12:08:19.813" intervalms="4.225">
  <response-info timems="0.077" idlems="0.077" threads="0" lastid="0000000002369F00" lastname="main" />
</exclusive-start>
<af-start id="2650" threadId="000000000236A888" totalBytesRequested="32" timestamp="2019-08-08T12:08:19.813" intervalms="93.023" />
<concurrent-aborted id="2651" timestamp="2019-08-08T12:08:19.813">
  <reason value="insufficient progress made" />
</concurrent-aborted>
<cycle-end id="2652" type="global" contextid="2647" timestamp="2019-08-08T12:08:19.813" />
  <attribute name="elasticGC enabled" value="1" />
  <attribute name= "numThreadsSpecified" value="16" />
  <attribute name="heapSize specified" value="24772608" />
  <attribute name="Current GC Util" value="51" />
  <attribute name= "Current Time Running" value="134251" />
  <attribute name ="GC Interval" value="0" />
  <attribute name="Target GC Util Change" value ="80.000000" />
  <attribute name="Current GC Util Change" value="51.000000"/>
  <attribute name="Current Error" value="-480.000000" />
  <attribute name="Output H" value="24847736"/>
  <attribute name="Output I" value="1152"/>
  <attribute name="Output T" value="16"/>
  <attribute name= "Current Time Running" value="134251" />
  <attribute name="GC Util currently" value="51" />
  <attribute name="CPU Util currently" value="44060892029" />
<cycle-start id="2653" type="global" contextid="0" timestamp="2019-08-08T12:08:19.813" intervalms="4.310" />
<gc-start id="2654" type="global" contextid="2653" timestamp="2019-08-08T12:08:19.813">
  <mem-info id="2655" free="248832" total="24903680" percent="0">
    <mem type="tenure" free="248832" total="24903680" percent="0">
      <mem type="soa" free="0" total="24654848" percent="0" />
      <mem type="loa" free="248832" total="248832" percent="100" />
    </mem>
  </mem-info>
</gc-start>
<allocation-stats totalBytes="6622456" >
  <allocated-bytes non-tlh="0" tlh="6622456" />
  <largest-consumer threadName="main" threadId="0000000002369F00" bytes="6622456" />
</allocation-stats>
<gc-op id="2656" type="mark" timems="8.617" contextid="2653" timestamp="2019-08-08T12:08:19.822">
  <trace-info objectcount="602428" scancount="523262" scanbytes="13436916" />
  <finalization candidates="80" enqueued="0" />
  <ownableSynchronizers candidates="21" cleared="0" />
  <references type="soft" candidates="4181" cleared="0" enqueued="0" dynamicThreshold="8" maxThreshold="32" />
  <references type="weak" candidates="5588" cleared="0" enqueued="0" />
  <references type="phantom" candidates="97" cleared="0" enqueued="0" />
  <stringconstants candidates="13641" cleared="0"  />
</gc-op>
<gc-op id="2657" type="sweep" timems="1.355" contextid="2653" timestamp="2019-08-08T12:08:19.824" />
<mem-info id="2658" free="6872208" total="24903680" percent="27">
  <mem type="tenure" free="6872208" total="24903680" percent="27" micro-fragmented="0">
    <mem type="soa" free="6623376" total="24654848" percent="26" />
    <mem type="loa" free="248832" total="248832" percent="100" />
  </mem>
</mem-info>
<gc-op id="2659" type="compact" timems="22.864" contextid="2653" timestamp="2019-08-08T12:08:19.846">
  <compact-info movecount="1" movebytes="24" reason="compact to aid heap contraction" />
</gc-op>
<heap-resize id="2660" type="expand" space="tenure" amount="131072" count="1" timems="0.023" reason="satisfy allocation request" timestamp="2019-08-08T12:08:19.847" />
<gc-end id="2661" type="global" contextid="2653" durationms="33.734" usertimems="112.543" systemtimems="0.000" timestamp="2019-08-08T12:08:19.847" activeThreads="16">
  <mem-info id="2662" free="6937744" total="25034752" percent="27">
    <mem type="tenure" free="6937744" total="25034752" percent="27">
      <mem type="soa" free="6687888" total="24784896" percent="26" />
      <mem type="loa" free="249856" total="249856" percent="100" />
    </mem>
  </mem-info>
</gc-end>
<cycle-end id="2663" type="global" contextid="2653" timestamp="2019-08-08T12:08:19.847" />
  <attribute name="elasticGC enabled" value="1" />
  <attribute name= "numThreadsSpecified" value="16" />
  <attribute name="heapSize specified" value="24903680" />
  <attribute name="Current GC Util" value="38" />
  <attribute name= "Current Time Running" value="134337" />
  <attribute name ="GC Interval" value="0" />
  <attribute name="Target GC Util Change" value ="80.000000" />
  <attribute name="Current GC Util Change" value="38.000000"/>
  <attribute name="Current Error" value="-66.000000" />
  <attribute name="Output H" value="24979288"/>
  <attribute name="Output I" value="1896"/>
  <attribute name="Output T" value="16"/>
  <attribute name= "Current Time Running" value="134337" />
  <attribute name="GC Util currently" value="38" />
  <attribute name="CPU Util currently" value="50342214827" />
<allocation-satisfied id="2664" threadId="0000000002369F00" bytesRequested="32" />
<af-end id="2665" timestamp="2019-08-08T12:08:19.847" threadId="000000000236A888" success="true" />
<exclusive-end id="2666" timestamp="2019-08-08T12:08:19.847" durationms="33.948" />

<concurrent-kickoff id="2667" timestamp="2019-08-08T12:08:19.876">
  <kickoff reason="threshold reached" targetBytes="4670683" thresholdFreeBytes="627592" remainingFree="613520" tenureFreeBytes="613520" />
</concurrent-kickoff>
<exclusive-start id="2668" timestamp="2019-08-08T12:08:19.876" intervalms="62.752">
  <response-info timems="0.074" idlems="0.074" threads="0" lastid="0000000002369F00" lastname="main" />
</exclusive-start>
<cycle-start id="2669" type="global" contextid="0" timestamp="2019-08-08T12:08:19.876" intervalms="62.674" />
<exclusive-end id="2670" timestamp="2019-08-08T12:08:19.876" durationms="0.023" />

<exclusive-start id="2671" timestamp="2019-08-08T12:08:19.879" intervalms="2.575">
  <response-info timems="0.045" idlems="0.045" threads="0" lastid="0000000002369F00" lastname="main" />
</exclusive-start>
<af-start id="2672" threadId="000000000236A888" totalBytesRequested="32" timestamp="2019-08-08T12:08:19.879" intervalms="65.318" />
<concurrent-aborted id="2673" timestamp="2019-08-08T12:08:19.879">
  <reason value="insufficient progress made" />
</concurrent-aborted>
<cycle-end id="2674" type="global" contextid="2669" timestamp="2019-08-08T12:08:19.879" />
  <attribute name="elasticGC enabled" value="1" />
  <attribute name= "numThreadsSpecified" value="16" />
  <attribute name="heapSize specified" value="24903680" />
  <attribute name="Current GC Util" value="38" />
  <attribute name= "Current Time Running" value="134337" />
  <attribute name ="GC Interval" value="0" />
  <attribute name="Target GC Util Change" value ="80.000000" />
  <attribute name="Current GC Util Change" value="38.000000"/>
  <attribute name="Current Error" value="-66.000000" />
  <attribute name="Output H" value="24979288"/>
  <attribute name="Output I" value="1896"/>
  <attribute name="Output T" value="16"/>
  <attribute name= "Current Time Running" value="134337" />
  <attribute name="GC Util currently" value="38" />
  <attribute name="CPU Util currently" value="50342214827" />
<cycle-start id="2675" type="global" contextid="0" timestamp="2019-08-08T12:08:19.879" intervalms="2.655" />
<gc-start id="2676" type="global" contextid="2675" timestamp="2019-08-08T12:08:19.879">
  <mem-info id="2677" free="249856" total="25034752" percent="0">
    <mem type="tenure" free="249856" total="25034752" percent="0">
      <mem type="soa" free="0" total="24784896" percent="0" />
      <mem type="loa" free="249856" total="249856" percent="100" />
    </mem>
  </mem-info>
</gc-start>
<allocation-stats totalBytes="6752416" >
  <allocated-bytes non-tlh="0" tlh="6752416" />
  <largest-consumer threadName="main" threadId="0000000002369F00" bytes="6752416" />
</allocation-stats>
<gc-op id="2678" type="mark" timems="10.361" contextid="2675" timestamp="2019-08-08T12:08:19.889">
  <trace-info objectcount="602428" scancount="523267" scanbytes="13436916" />
  <finalization candidates="80" enqueued="0" />
  <ownableSynchronizers candidates="21" cleared="0" />
  <references type="soft" candidates="4181" cleared="0" enqueued="0" dynamicThreshold="8" maxThreshold="32" />
  <references type="weak" candidates="5588" cleared="0" enqueued="0" />
  <references type="phantom" candidates="97" cleared="0" enqueued="0" />
  <stringconstants candidates="13641" cleared="0"  />
</gc-op>
<gc-op id="2679" type="sweep" timems="1.454" contextid="2675" timestamp="2019-08-08T12:08:19.891" />
<mem-info id="2680" free="7003280" total="25034752" percent="27">
  <mem type="tenure" free="7003280" total="25034752" percent="27" micro-fragmented="0">
    <mem type="soa" free="6753424" total="24784896" percent="27" />
    <mem type="loa" free="249856" total="249856" percent="100" />
  </mem>
</mem-info>
<gc-op id="2681" type="compact" timems="22.351" contextid="2675" timestamp="2019-08-08T12:08:19.913">
  <compact-info movecount="1" movebytes="24" reason="compact to aid heap contraction" />
</gc-op>
<heap-resize id="2682" type="expand" space="tenure" amount="131072" count="1" timems="0.020" reason="satisfy allocation request" timestamp="2019-08-08T12:08:19.914" />
<gc-end id="2683" type="global" contextid="2675" durationms="34.906" usertimems="112.340" systemtimems="0.000" timestamp="2019-08-08T12:08:19.914" activeThreads="16">
  <mem-info id="2684" free="7068816" total="25165824" percent="28">
    <mem type="tenure" free="7068816" total="25165824" percent="28">
      <mem type="soa" free="6817936" total="24914944" percent="27" />
      <mem type="loa" free="250880" total="250880" percent="100" />
    </mem>
  </mem-info>
</gc-end>
<cycle-end id="2685" type="global" contextid="2675" timestamp="2019-08-08T12:08:19.914" />
  <attribute name="elasticGC enabled" value="1" />
  <attribute name= "numThreadsSpecified" value="16" />
  <attribute name="heapSize specified" value="25034752" />
  <attribute name="Current GC Util" value="33" />
  <attribute name= "Current Time Running" value="134403" />
  <attribute name ="GC Interval" value="0" />
  <attribute name="Target GC Util Change" value ="80.000000" />
  <attribute name="Current GC Util Change" value="33.000000"/>
  <attribute name="Current Error" value="50.000000" />
  <attribute name="Output H" value="25110496"/>
  <attribute name="Output I" value="2104"/>
  <attribute name="Output T" value="16"/>
  <attribute name= "Current Time Running" value="134403" />
  <attribute name="GC Util currently" value="33" />
  <attribute name="CPU Util currently" value="51519616987" />
<allocation-satisfied id="2686" threadId="0000000002369F00" bytesRequested="32" />
<af-end id="2687" timestamp="2019-08-08T12:08:19.914" threadId="000000000236A888" success="true" />
<exclusive-end id="2688" timestamp="2019-08-08T12:08:19.914" durationms="35.214" />

<concurrent-kickoff id="2689" timestamp="2019-08-08T12:08:19.944">
  <kickoff reason="threshold reached" targetBytes="4695137" thresholdFreeBytes="630877" remainingFree="613520" tenureFreeBytes="613520" />
</concurrent-kickoff>
<exclusive-start id="2690" timestamp="2019-08-08T12:08:19.944" intervalms="65.762">
  <response-info timems="0.095" idlems="0.095" threads="0" lastid="0000000002369F00" lastname="main" />
</exclusive-start>
<cycle-start id="2691" type="global" contextid="0" timestamp="2019-08-08T12:08:19.944" intervalms="65.677" />
<exclusive-end id="2692" timestamp="2019-08-08T12:08:19.944" durationms="0.020" />

<exclusive-start id="2693" timestamp="2019-08-08T12:08:19.947" intervalms="2.884">
  <response-info timems="0.041" idlems="0.041" threads="0" lastid="0000000002369F00" lastname="main" />
</exclusive-start>
<af-start id="2694" threadId="000000000236A888" totalBytesRequested="24" timestamp="2019-08-08T12:08:19.947" intervalms="68.643" />
<concurrent-aborted id="2695" timestamp="2019-08-08T12:08:19.947">
  <reason value="insufficient progress made" />
</concurrent-aborted>
<cycle-end id="2696" type="global" contextid="2691" timestamp="2019-08-08T12:08:19.947" />
  <attribute name="elasticGC enabled" value="1" />
  <attribute name= "numThreadsSpecified" value="16" />
  <attribute name="heapSize specified" value="25034752" />
  <attribute name="Current GC Util" value="33" />
  <attribute name= "Current Time Running" value="134403" />
  <attribute name ="GC Interval" value="0" />
  <attribute name="Target GC Util Change" value ="80.000000" />
  <attribute name="Current GC Util Change" value="33.000000"/>
  <attribute name="Current Error" value="50.000000" />
  <attribute name="Output H" value="25110496"/>
  <attribute name="Output I" value="2104"/>
  <attribute name="Output T" value="16"/>
  <attribute name= "Current Time Running" value="134403" />
  <attribute name="GC Util currently" value="33" />
  <attribute name="CPU Util currently" value="51519616987" />
<cycle-start id="2697" type="global" contextid="0" timestamp="2019-08-08T12:08:19.947" intervalms="2.944" />
<gc-start id="2698" type="global" contextid="2697" timestamp="2019-08-08T12:08:19.947">
  <mem-info id="2699" free="250880" total="25165824" percent="0">
    <mem type="tenure" free="250880" total="25165824" percent="0">
      <mem type="soa" free="0" total="24914944" percent="0" />
      <mem type="loa" free="250880" total="250880" percent="100" />
    </mem>
  </mem-info>
</gc-start>
<allocation-stats totalBytes="6882448" >
  <allocated-bytes non-tlh="0" tlh="6882448" />
  <largest-consumer threadName="main" threadId="0000000002369F00" bytes="6882448" />
</allocation-stats>
<gc-op id="2700" type="mark" timems="9.714" contextid="2697" timestamp="2019-08-08T12:08:19.957">
  <trace-info objectcount="601307" scancount="522146" scanbytes="13397964" />
  <finalization candidates="80" enqueued="0" />
  <ownableSynchronizers candidates="21" cleared="0" />
  <references type="soft" candidates="4181" cleared="920" enqueued="920" dynamicThreshold="8" maxThreshold="32" />
  <references type="weak" candidates="5588" cleared="0" enqueued="0" />
  <references type="phantom" candidates="97" cleared="0" enqueued="0" />
  <stringconstants candidates="13641" cleared="0"  />
</gc-op>
<gc-op id="2701" type="sweep" timems="1.477" contextid="2697" timestamp="2019-08-08T12:08:19.959" />
<mem-info id="2702" free="7152072" total="25165824" percent="28">
  <mem type="tenure" free="7152072" total="25165824" percent="28" micro-fragmented="23032">
    <mem type="soa" free="6901192" total="24914944" percent="27" />
    <mem type="loa" free="250880" total="250880" percent="100" />
  </mem>
  <pending-finalizers system="0" default="0" reference="920" classloader="0" />
</mem-info>
<gc-op id="2703" type="compact" timems="135.805" contextid="2697" timestamp="2019-08-08T12:08:20.095">
  <compact-info movecount="572247" movebytes="16087328" reason="compact to aid heap contraction" />
</gc-op>
<heap-resize id="2704" type="expand" space="tenure" amount="131072" count="1" timems="0.021" reason="satisfy allocation request" timestamp="2019-08-08T12:08:20.095" />
<gc-end id="2705" type="global" contextid="2697" durationms="147.856" usertimems="280.894" systemtimems="0.000" timestamp="2019-08-08T12:08:20.095" activeThreads="16">
  <mem-info id="2706" free="7239304" total="25296896" percent="28">
    <mem type="tenure" free="7239304" total="25296896" percent="28">
      <mem type="soa" free="6986376" total="25043968" percent="27" />
      <mem type="loa" free="252928" total="252928" percent="100" />
    </mem>
    <pending-finalizers system="0" default="0" reference="920" classloader="0" />
  </mem-info>
</gc-end>
<cycle-end id="2707" type="global" contextid="2697" timestamp="2019-08-08T12:08:20.095" />
  <attribute name="elasticGC enabled" value="1" />
  <attribute name= "numThreadsSpecified" value="16" />
  <attribute name="heapSize specified" value="25165824" />
  <attribute name="Current GC Util" value="9" />
  <attribute name= "Current Time Running" value="134585" />
  <attribute name ="GC Interval" value="0" />
  <attribute name="Target GC Util Change" value ="80.000000" />
  <attribute name="Current GC Util Change" value="9.000000"/>
  <attribute name="Current Error" value="71.000000" />
  <attribute name="Output H" value="25241592"/>
  <attribute name="Output I" value="2136"/>
  <attribute name="Output T" value="16"/>
  <attribute name= "Current Time Running" value="134585" />
  <attribute name="GC Util currently" value="9" />
  <attribute name="CPU Util currently" value="8484934946" />
<allocation-satisfied id="2708" threadId="0000000002369F00" bytesRequested="24" />
<af-end id="2709" timestamp="2019-08-08T12:08:20.095" threadId="000000000236A888" success="true" />
<exclusive-end id="2710" timestamp="2019-08-08T12:08:20.095" durationms="148.058" />

<concurrent-kickoff id="2711" timestamp="2019-08-08T12:08:21.990">
  <kickoff reason="threshold reached" targetBytes="4719589" thresholdFreeBytes="634164" remainingFree="611912" tenureFreeBytes="611912" />
</concurrent-kickoff>
<exclusive-start id="2712" timestamp="2019-08-08T12:08:21.990" intervalms="2043.079">
  <response-info timems="0.072" idlems="0.072" threads="0" lastid="0000000002369F00" lastname="main" />
</exclusive-start>
<cycle-start id="2713" type="global" contextid="0" timestamp="2019-08-08T12:08:21.990" intervalms="2043.031" />
<exclusive-end id="2714" timestamp="2019-08-08T12:08:21.990" durationms="0.033" />

<exclusive-start id="2715" timestamp="2019-08-08T12:08:21.991" intervalms="0.598">
  <response-info timems="0.042" idlems="0.042" threads="0" lastid="0000000002369F00" lastname="main" />
</exclusive-start>
<af-start id="2716" threadId="000000000236A888" totalBytesRequested="1168" timestamp="2019-08-08T12:08:21.991" intervalms="2043.673" />
<concurrent-aborted id="2717" timestamp="2019-08-08T12:08:21.991">
  <reason value="insufficient progress made" />
</concurrent-aborted>
<cycle-end id="2718" type="global" contextid="2713" timestamp="2019-08-08T12:08:21.991" />
  <attribute name="elasticGC enabled" value="1" />
  <attribute name= "numThreadsSpecified" value="16" />
  <attribute name="heapSize specified" value="25165824" />
  <attribute name="Current GC Util" value="9" />
  <attribute name= "Current Time Running" value="134585" />
  <attribute name ="GC Interval" value="0" />
  <attribute name="Target GC Util Change" value ="80.000000" />
  <attribute name="Current GC Util Change" value="9.000000"/>
  <attribute name="Current Error" value="71.000000" />
  <attribute name="Output H" value="25241592"/>
  <attribute name="Output I" value="2136"/>
  <attribute name="Output T" value="16"/>
  <attribute name= "Current Time Running" value="134585" />
  <attribute name="GC Util currently" value="9" />
  <attribute name="CPU Util currently" value="8484934946" />
<cycle-start id="2719" type="global" contextid="0" timestamp="2019-08-08T12:08:21.991" intervalms="0.664" />
<gc-start id="2720" type="global" contextid="2719" timestamp="2019-08-08T12:08:21.991">
  <mem-info id="2721" free="252928" total="25296896" percent="0">
    <mem type="tenure" free="252928" total="25296896" percent="0">
      <mem type="soa" free="0" total="25043968" percent="0" />
      <mem type="loa" free="252928" total="252928" percent="100" />
    </mem>
  </mem-info>
</gc-start>
<allocation-stats totalBytes="7037904" >
  <allocated-bytes non-tlh="64" tlh="7037840" />
  <largest-consumer threadName="main" threadId="0000000002369F00" bytes="6998512" />
</allocation-stats>
<gc-op id="2722" type="mark" timems="11.383" contextid="2719" timestamp="2019-08-08T12:08:22.003">
  <trace-info objectcount="600465" scancount="521353" scanbytes="13380636" />
  <finalization candidates="80" enqueued="0" />
  <ownableSynchronizers candidates="21" cleared="0" />
  <references type="soft" candidates="3261" cleared="0" enqueued="0" dynamicThreshold="9" maxThreshold="32" />
  <references type="weak" candidates="5588" cleared="0" enqueued="0" />
  <references type="phantom" candidates="97" cleared="0" enqueued="0" />
  <stringconstants candidates="13642" cleared="50"  />
</gc-op>
<gc-op id="2723" type="sweep" timems="2.052" contextid="2719" timestamp="2019-08-08T12:08:22.005" />
<mem-info id="2724" free="7317680" total="25296896" percent="28">
  <mem type="tenure" free="7317680" total="25296896" percent="28" micro-fragmented="4118">
    <mem type="soa" free="7064752" total="25043968" percent="28" />
    <mem type="loa" free="252928" total="252928" percent="100" />
  </mem>
</mem-info>
<gc-op id="2725" type="compact" timems="21.484" contextid="2719" timestamp="2019-08-08T12:08:22.026">
  <compact-info movecount="1756" movebytes="53976" reason="compact to aid heap contraction" />
</gc-op>
<heap-resize id="2726" type="expand" space="tenure" amount="131072" count="1" timems="0.019" reason="satisfy allocation request" timestamp="2019-08-08T12:08:22.027" />
<gc-end id="2727" type="global" contextid="2719" durationms="35.401" usertimems="77.263" systemtimems="0.000" timestamp="2019-08-08T12:08:22.027" activeThreads="16">
  <mem-info id="2728" free="7388368" total="25427968" percent="29">
    <mem type="tenure" free="7388368" total="25427968" percent="29">
      <mem type="soa" free="7134416" total="25174016" percent="28" />
      <mem type="loa" free="253952" total="253952" percent="100" />
    </mem>
  </mem-info>
</gc-end>
<cycle-end id="2729" type="global" contextid="2719" timestamp="2019-08-08T12:08:22.027" />
  <attribute name="elasticGC enabled" value="1" />
  <attribute name= "numThreadsSpecified" value="16" />
  <attribute name="heapSize specified" value="25296896" />
  <attribute name="Current GC Util" value="26" />
  <attribute name= "Current Time Running" value="136516" />
  <attribute name ="GC Interval" value="0" />
  <attribute name="Target GC Util Change" value ="80.000000" />
  <attribute name="Current GC Util Change" value="26.000000"/>
  <attribute name="Current Error" value="-65.000000" />
  <attribute name="Output H" value="25372504"/>
  <attribute name="Output I" value="1896"/>
  <attribute name="Output T" value="16"/>
  <attribute name= "Current Time Running" value="136516" />
  <attribute name="GC Util currently" value="26" />
  <attribute name="CPU Util currently" value="53902981727" />
<allocation-satisfied id="2730" threadId="0000000002369F00" bytesRequested="1168" />
<af-end id="2731" timestamp="2019-08-08T12:08:22.027" threadId="000000000236A888" success="true" />
<exclusive-end id="2732" timestamp="2019-08-08T12:08:22.027" durationms="35.623" />

<concurrent-kickoff id="2733" timestamp="2019-08-08T12:08:22.031">
  <kickoff reason="threshold reached" targetBytes="4744044" thresholdFreeBytes="637448" remainingFree="539856" tenureFreeBytes="539856" />
</concurrent-kickoff>
<exclusive-start id="2734" timestamp="2019-08-08T12:08:22.031" intervalms="40.280">
  <response-info timems="0.054" idlems="0.054" threads="0" lastid="0000000002369F00" lastname="main" />
</exclusive-start>
<cycle-start id="2735" type="global" contextid="0" timestamp="2019-08-08T12:08:22.031" intervalms="40.205" />
<exclusive-end id="2736" timestamp="2019-08-08T12:08:22.031" durationms="0.020" />

<exclusive-start id="2737" timestamp="2019-08-08T12:08:22.032" intervalms="0.560">
  <response-info timems="0.042" idlems="0.042" threads="0" lastid="0000000002369F00" lastname="main" />
</exclusive-start>
<af-start id="2738" threadId="000000000236A888" totalBytesRequested="1168" timestamp="2019-08-08T12:08:22.032" intervalms="40.839" />
<concurrent-aborted id="2739" timestamp="2019-08-08T12:08:22.032">
  <reason value="insufficient progress made" />
</concurrent-aborted>
<cycle-end id="2740" type="global" contextid="2735" timestamp="2019-08-08T12:08:22.032" />
  <attribute name="elasticGC enabled" value="1" />
  <attribute name= "numThreadsSpecified" value="16" />
  <attribute name="heapSize specified" value="25296896" />
  <attribute name="Current GC Util" value="26" />
  <attribute name= "Current Time Running" value="136516" />
  <attribute name ="GC Interval" value="0" />
  <attribute name="Target GC Util Change" value ="80.000000" />
  <attribute name="Current GC Util Change" value="26.000000"/>
  <attribute name="Current Error" value="-65.000000" />
  <attribute name="Output H" value="25372504"/>
  <attribute name="Output I" value="1896"/>
  <attribute name="Output T" value="16"/>
  <attribute name= "Current Time Running" value="136516" />
  <attribute name="GC Util currently" value="26" />
  <attribute name="CPU Util currently" value="53902981727" />
<cycle-start id="2741" type="global" contextid="0" timestamp="2019-08-08T12:08:22.032" intervalms="0.610" />
<gc-start id="2742" type="global" contextid="2741" timestamp="2019-08-08T12:08:22.032">
  <mem-info id="2743" free="253952" total="25427968" percent="0">
    <mem type="tenure" free="253952" total="25427968" percent="0">
      <mem type="soa" free="0" total="25174016" percent="0" />
      <mem type="loa" free="253952" total="253952" percent="100" />
    </mem>
  </mem-info>
</gc-start>
<allocation-stats totalBytes="7170240" >
  <allocated-bytes non-tlh="0" tlh="7170240" />
  <largest-consumer threadName="main" threadId="0000000002369F00" bytes="7170240" />
</allocation-stats>
<gc-op id="2744" type="mark" timems="9.259" contextid="2741" timestamp="2019-08-08T12:08:22.041">
  <trace-info objectcount="600465" scancount="521353" scanbytes="13380636" />
  <finalization candidates="80" enqueued="0" />
  <ownableSynchronizers candidates="21" cleared="0" />
  <references type="soft" candidates="3261" cleared="0" enqueued="0" dynamicThreshold="9" maxThreshold="32" />
  <references type="weak" candidates="5588" cleared="0" enqueued="0" />
  <references type="phantom" candidates="97" cleared="0" enqueued="0" />
  <stringconstants candidates="13592" cleared="0"  />
</gc-op>
<gc-op id="2745" type="sweep" timems="2.330" contextid="2741" timestamp="2019-08-08T12:08:22.044" />
<mem-info id="2746" free="7453552" total="25427968" percent="29">
  <mem type="tenure" free="7453552" total="25427968" percent="29" micro-fragmented="0">
    <mem type="soa" free="7199600" total="25174016" percent="28" />
    <mem type="loa" free="253952" total="253952" percent="100" />
  </mem>
</mem-info>
<gc-op id="2747" type="compact" timems="23.108" contextid="2741" timestamp="2019-08-08T12:08:22.067">
  <compact-info movecount="1" movebytes="32" reason="compact to aid heap contraction" />
</gc-op>
<heap-resize id="2748" type="expand" space="tenure" amount="131072" count="1" timems="0.023" reason="satisfy allocation request" timestamp="2019-08-08T12:08:22.067" />
<gc-end id="2749" type="global" contextid="2741" durationms="35.586" usertimems="77.310" systemtimems="0.000" timestamp="2019-08-08T12:08:22.068" activeThreads="16">
  <mem-info id="2750" free="7519440" total="25559040" percent="29">
    <mem type="tenure" free="7519440" total="25559040" percent="29">
      <mem type="soa" free="7264464" total="25304064" percent="28" />
      <mem type="loa" free="254976" total="254976" percent="100" />
    </mem>
  </mem-info>
</gc-end>
<cycle-end id="2751" type="global" contextid="2741" timestamp="2019-08-08T12:08:22.068" />
  <attribute name="elasticGC enabled" value="1" />
  <attribute name= "numThreadsSpecified" value="16" />
  <attribute name="heapSize specified" value="25427968" />
  <attribute name="Current GC Util" value="44" />
  <attribute name= "Current Time Running" value="136557" />
  <attribute name ="GC Interval" value="0" />
  <attribute name="Target GC Util Change" value ="80.000000" />
  <attribute name="Current GC Util Change" value="44.000000"/>
  <attribute name="Current Error" value="-738.000000" />
  <attribute name="Output H" value="25502800"/>
  <attribute name="Output I" value="696"/>
  <attribute name="Output T" value="16"/>
  <attribute name= "Current Time Running" value="136557" />
  <attribute name="GC Util currently" value="44" />
  <attribute name="CPU Util currently" value="49757953688" />
<allocation-satisfied id="2752" threadId="0000000002369F00" bytesRequested="1168" />
<af-end id="2753" timestamp="2019-08-08T12:08:22.068" threadId="000000000236A888" success="true" />
<exclusive-end id="2754" timestamp="2019-08-08T12:08:22.068" durationms="35.769" />

<concurrent-kickoff id="2755" timestamp="2019-08-08T12:08:22.073">
  <kickoff reason="threshold reached" targetBytes="4768498" thresholdFreeBytes="640735" remainingFree="539856" tenureFreeBytes="539856" />
</concurrent-kickoff>
<exclusive-start id="2756" timestamp="2019-08-08T12:08:22.073" intervalms="41.407">
  <response-info timems="0.073" idlems="0.073" threads="0" lastid="0000000002369F00" lastname="main" />
</exclusive-start>
<cycle-start id="2757" type="global" contextid="0" timestamp="2019-08-08T12:08:22.073" intervalms="41.352" />
<exclusive-end id="2758" timestamp="2019-08-08T12:08:22.073" durationms="0.017" />

<exclusive-start id="2759" timestamp="2019-08-08T12:08:22.074" intervalms="0.645">
  <response-info timems="0.041" idlems="0.041" threads="0" lastid="0000000002369F00" lastname="main" />
</exclusive-start>
<af-start id="2760" threadId="000000000236A888" totalBytesRequested="1168" timestamp="2019-08-08T12:08:22.074" intervalms="42.061" />
<concurrent-aborted id="2761" timestamp="2019-08-08T12:08:22.074">
  <reason value="insufficient progress made" />
</concurrent-aborted>
<cycle-end id="2762" type="global" contextid="2757" timestamp="2019-08-08T12:08:22.074" />
  <attribute name="elasticGC enabled" value="1" />
  <attribute name= "numThreadsSpecified" value="16" />
  <attribute name="heapSize specified" value="25427968" />
  <attribute name="Current GC Util" value="44" />
  <attribute name= "Current Time Running" value="136557" />
  <attribute name ="GC Interval" value="0" />
  <attribute name="Target GC Util Change" value ="80.000000" />
  <attribute name="Current GC Util Change" value="44.000000"/>
  <attribute name="Current Error" value="-738.000000" />
  <attribute name="Output H" value="25502800"/>
  <attribute name="Output I" value="696"/>
  <attribute name="Output T" value="16"/>
  <attribute name= "Current Time Running" value="136557" />
  <attribute name="GC Util currently" value="44" />
  <attribute name="CPU Util currently" value="49757953688" />
<cycle-start id="2763" type="global" contextid="0" timestamp="2019-08-08T12:08:22.074" intervalms="0.721" />
<gc-start id="2764" type="global" contextid="2763" timestamp="2019-08-08T12:08:22.074">
  <mem-info id="2765" free="254976" total="25559040" percent="0">
    <mem type="tenure" free="254976" total="25559040" percent="0">
      <mem type="soa" free="0" total="25304064" percent="0" />
      <mem type="loa" free="254976" total="254976" percent="100" />
    </mem>
  </mem-info>
</gc-start>
<allocation-stats totalBytes="7299600" >
  <allocated-bytes non-tlh="0" tlh="7299600" />
  <largest-consumer threadName="main" threadId="0000000002369F00" bytes="7299600" />
</allocation-stats>
<gc-op id="2766" type="mark" timems="12.139" contextid="2763" timestamp="2019-08-08T12:08:22.086">
  <trace-info objectcount="600465" scancount="521355" scanbytes="13380636" />
  <finalization candidates="80" enqueued="0" />
  <ownableSynchronizers candidates="21" cleared="0" />
  <references type="soft" candidates="3261" cleared="0" enqueued="0" dynamicThreshold="9" maxThreshold="32" />
  <references type="weak" candidates="5588" cleared="0" enqueued="0" />
  <references type="phantom" candidates="97" cleared="0" enqueued="0" />
  <stringconstants candidates="13592" cleared="0"  />
</gc-op>
<gc-op id="2767" type="sweep" timems="2.818" contextid="2763" timestamp="2019-08-08T12:08:22.089" />
<mem-info id="2768" free="7584416" total="25559040" percent="29">
  <mem type="tenure" free="7584416" total="25559040" percent="29" micro-fragmented="0">
    <mem type="soa" free="7329440" total="25304064" percent="28" />
    <mem type="loa" free="254976" total="254976" percent="100" />
  </mem>
</mem-info>
<gc-op id="2769" type="compact" timems="34.177" contextid="2763" timestamp="2019-08-08T12:08:22.123">
  <compact-info movecount="1" movebytes="32" reason="compact to aid heap contraction" />
</gc-op>
<heap-resize id="2770" type="expand" space="tenure" amount="131072" count="1" timems="0.021" reason="satisfy allocation request" timestamp="2019-08-08T12:08:22.124" />
<gc-end id="2771" type="global" contextid="2763" durationms="49.989" usertimems="133.252" systemtimems="0.000" timestamp="2019-08-08T12:08:22.124" activeThreads="16">
  <mem-info id="2772" free="7650512" total="25690112" percent="29">
    <mem type="tenure" free="7650512" total="25690112" percent="29">
      <mem type="soa" free="7394512" total="25434112" percent="29" />
      <mem type="loa" free="256000" total="256000" percent="100" />
    </mem>
  </mem-info>
</gc-end>
<cycle-end id="2773" type="global" contextid="2763" timestamp="2019-08-08T12:08:22.124" />
  <attribute name="elasticGC enabled" value="1" />
  <attribute name= "numThreadsSpecified" value="16" />
  <attribute name="heapSize specified" value="25559040" />
  <attribute name="Current GC Util" value="23" />
  <attribute name= "Current Time Running" value="136613" />
  <attribute name ="GC Interval" value="0" />
  <attribute name="Target GC Util Change" value ="80.000000" />
  <attribute name="Current GC Util Change" value="23.000000"/>
  <attribute name="Current Error" value="-323.000000" />
  <attribute name="Output H" value="25634352"/>
  <attribute name="Output I" value="1432"/>
  <attribute name="Output T" value="16"/>
  <attribute name= "Current Time Running" value="136613" />
  <attribute name="GC Util currently" value="23" />
  <attribute name="CPU Util currently" value="33693028997" />
<allocation-satisfied id="2774" threadId="0000000002369F00" bytesRequested="1168" />
<af-end id="2775" timestamp="2019-08-08T12:08:22.124" threadId="000000000236A888" success="true" />
<exclusive-end id="2776" timestamp="2019-08-08T12:08:22.124" durationms="50.196" />

<concurrent-kickoff id="2777" timestamp="2019-08-08T12:08:22.130">
  <kickoff reason="threshold reached" targetBytes="4792953" thresholdFreeBytes="644022" remainingFree="539856" tenureFreeBytes="539856" />
</concurrent-kickoff>
<exclusive-start id="2778" timestamp="2019-08-08T12:08:22.130" intervalms="56.412">
  <response-info timems="0.122" idlems="0.122" threads="0" lastid="0000000002369F00" lastname="main" />
</exclusive-start>
<cycle-start id="2779" type="global" contextid="0" timestamp="2019-08-08T12:08:22.130" intervalms="56.338" />
<exclusive-end id="2780" timestamp="2019-08-08T12:08:22.130" durationms="0.020" />

<exclusive-start id="2781" timestamp="2019-08-08T12:08:22.131" intervalms="0.780">
  <response-info timems="0.129" idlems="0.129" threads="0" lastid="0000000002369F00" lastname="main" />
</exclusive-start>
<af-start id="2782" threadId="000000000236A888" totalBytesRequested="1168" timestamp="2019-08-08T12:08:22.131" intervalms="57.210" />
<concurrent-aborted id="2783" timestamp="2019-08-08T12:08:22.131">
  <reason value="insufficient progress made" />
</concurrent-aborted>
<cycle-end id="2784" type="global" contextid="2779" timestamp="2019-08-08T12:08:22.131" />
  <attribute name="elasticGC enabled" value="1" />
  <attribute name= "numThreadsSpecified" value="16" />
  <attribute name="heapSize specified" value="25559040" />
  <attribute name="Current GC Util" value="23" />
  <attribute name= "Current Time Running" value="136613" />
  <attribute name ="GC Interval" value="0" />
  <attribute name="Target GC Util Change" value ="80.000000" />
  <attribute name="Current GC Util Change" value="23.000000"/>
  <attribute name="Current Error" value="-323.000000" />
  <attribute name="Output H" value="25634352"/>
  <attribute name="Output I" value="1432"/>
  <attribute name="Output T" value="16"/>
  <attribute name= "Current Time Running" value="136613" />
  <attribute name="GC Util currently" value="23" />
  <attribute name="CPU Util currently" value="33693028997" />
<cycle-start id="2785" type="global" contextid="0" timestamp="2019-08-08T12:08:22.131" intervalms="0.871" />
<gc-start id="2786" type="global" contextid="2785" timestamp="2019-08-08T12:08:22.131">
  <mem-info id="2787" free="256000" total="25690112" percent="0">
    <mem type="tenure" free="256000" total="25690112" percent="0">
      <mem type="soa" free="0" total="25434112" percent="0" />
      <mem type="loa" free="256000" total="256000" percent="100" />
    </mem>
  </mem-info>
</gc-start>
<allocation-stats totalBytes="7428960" >
  <allocated-bytes non-tlh="0" tlh="7428960" />
  <largest-consumer threadName="main" threadId="0000000002369F00" bytes="7428960" />
</allocation-stats>
<gc-op id="2788" type="mark" timems="13.918" contextid="2785" timestamp="2019-08-08T12:08:22.145">
  <trace-info objectcount="600465" scancount="521355" scanbytes="13380636" />
  <finalization candidates="80" enqueued="0" />
  <ownableSynchronizers candidates="21" cleared="0" />
  <references type="soft" candidates="3261" cleared="0" enqueued="0" dynamicThreshold="9" maxThreshold="32" />
  <references type="weak" candidates="5588" cleared="0" enqueued="0" />
  <references type="phantom" candidates="97" cleared="0" enqueued="0" />
  <stringconstants candidates="13592" cleared="0"  />
</gc-op>
<gc-op id="2789" type="sweep" timems="1.846" contextid="2785" timestamp="2019-08-08T12:08:22.147" />
<mem-info id="2790" free="7716048" total="25690112" percent="30">
  <mem type="tenure" free="7716048" total="25690112" percent="30" micro-fragmented="0">
    <mem type="soa" free="7460048" total="25434112" percent="29" />
    <mem type="loa" free="256000" total="256000" percent="100" />
  </mem>
</mem-info>
<gc-op id="2791" type="compact" timems="27.703" contextid="2785" timestamp="2019-08-08T12:08:22.175">
  <compact-info movecount="1" movebytes="32" reason="compact to aid heap contraction" />
</gc-op>
<heap-resize id="2792" type="expand" space="tenure" amount="131072" count="1" timems="0.021" reason="satisfy allocation request" timestamp="2019-08-08T12:08:22.175" />
<gc-end id="2793" type="global" contextid="2785" durationms="44.272" usertimems="106.950" systemtimems="0.000" timestamp="2019-08-08T12:08:22.176" activeThreads="16">
  <mem-info id="2794" free="7781584" total="25821184" percent="30">
    <mem type="tenure" free="7781584" total="25821184" percent="30">
      <mem type="soa" free="7523536" total="25563136" percent="29" />
      <mem type="loa" free="258048" total="258048" percent="100" />
    </mem>
  </mem-info>
</gc-end>
<cycle-end id="2795" type="global" contextid="2785" timestamp="2019-08-08T12:08:22.176" />
  <attribute name="elasticGC enabled" value="1" />
  <attribute name= "numThreadsSpecified" value="16" />
  <attribute name="heapSize specified" value="25690112" />
  <attribute name="Current GC Util" value="38" />
  <attribute name= "Current Time Running" value="136665" />
  <attribute name ="GC Interval" value="0" />
  <attribute name="Target GC Util Change" value ="80.000000" />
  <attribute name="Current GC Util Change" value="38.000000"/>
  <attribute name="Current Error" value="-42.000000" />
  <attribute name="Output H" value="25765744"/>
  <attribute name="Output I" value="1936"/>
  <attribute name="Output T" value="16"/>
  <attribute name= "Current Time Running" value="136665" />
  <attribute name="GC Util currently" value="38" />
  <attribute name="CPU Util currently" value="41545230471" />
<allocation-satisfied id="2796" threadId="0000000002369F00" bytesRequested="1168" />
<af-end id="2797" timestamp="2019-08-08T12:08:22.176" threadId="000000000236A888" success="true" />
<exclusive-end id="2798" timestamp="2019-08-08T12:08:22.176" durationms="44.520" />

<concurrent-kickoff id="2799" timestamp="2019-08-08T12:08:22.179">
  <kickoff reason="threshold reached" targetBytes="4817406" thresholdFreeBytes="647307" remainingFree="539856" tenureFreeBytes="539856" />
</concurrent-kickoff>
<exclusive-start id="2800" timestamp="2019-08-08T12:08:22.179" intervalms="47.524">
  <response-info timems="0.019" idlems="0.019" threads="0" lastid="0000000002369F00" lastname="main" />
</exclusive-start>
<cycle-start id="2801" type="global" contextid="0" timestamp="2019-08-08T12:08:22.179" intervalms="47.429" />
<exclusive-end id="2802" timestamp="2019-08-08T12:08:22.179" durationms="0.015" />

<exclusive-start id="2803" timestamp="2019-08-08T12:08:22.179" intervalms="0.425">
  <response-info timems="0.022" idlems="0.022" threads="0" lastid="0000000002369F00" lastname="main" />
</exclusive-start>
<af-start id="2804" threadId="000000000236A888" totalBytesRequested="1168" timestamp="2019-08-08T12:08:22.179" intervalms="47.926" />
<concurrent-aborted id="2805" timestamp="2019-08-08T12:08:22.179">
  <reason value="insufficient progress made" />
</concurrent-aborted>
<cycle-end id="2806" type="global" contextid="2801" timestamp="2019-08-08T12:08:22.179" />
  <attribute name="elasticGC enabled" value="1" />
  <attribute name= "numThreadsSpecified" value="16" />
  <attribute name="heapSize specified" value="25690112" />
  <attribute name="Current GC Util" value="38" />
  <attribute name= "Current Time Running" value="136665" />
  <attribute name ="GC Interval" value="0" />
  <attribute name="Target GC Util Change" value ="80.000000" />
  <attribute name="Current GC Util Change" value="38.000000"/>
  <attribute name="Current Error" value="-42.000000" />
  <attribute name="Output H" value="25765744"/>
  <attribute name="Output I" value="1936"/>
  <attribute name="Output T" value="16"/>
  <attribute name= "Current Time Running" value="136665" />
  <attribute name="GC Util currently" value="38" />
  <attribute name="CPU Util currently" value="41545230471" />
<cycle-start id="2807" type="global" contextid="0" timestamp="2019-08-08T12:08:22.179" intervalms="0.494" />
<gc-start id="2808" type="global" contextid="2807" timestamp="2019-08-08T12:08:22.179">
  <mem-info id="2809" free="258048" total="25821184" percent="0">
    <mem type="tenure" free="258048" total="25821184" percent="0">
      <mem type="soa" free="0" total="25563136" percent="0" />
      <mem type="loa" free="258048" total="258048" percent="100" />
    </mem>
  </mem-info>
</gc-start>
<allocation-stats totalBytes="7558320" >
  <allocated-bytes non-tlh="0" tlh="7558320" />
  <largest-consumer threadName="main" threadId="0000000002369F00" bytes="7558320" />
</allocation-stats>
<gc-op id="2810" type="mark" timems="10.986" contextid="2807" timestamp="2019-08-08T12:08:22.190">
  <trace-info objectcount="600465" scancount="521353" scanbytes="13380636" />
  <finalization candidates="80" enqueued="0" />
  <ownableSynchronizers candidates="21" cleared="0" />
  <references type="soft" candidates="3261" cleared="0" enqueued="0" dynamicThreshold="9" maxThreshold="32" />
  <references type="weak" candidates="5588" cleared="0" enqueued="0" />
  <references type="phantom" candidates="97" cleared="0" enqueued="0" />
  <stringconstants candidates="13592" cleared="0"  />
</gc-op>
<gc-op id="2811" type="sweep" timems="2.771" contextid="2807" timestamp="2019-08-08T12:08:22.193" />
<mem-info id="2812" free="7847120" total="25821184" percent="30">
  <mem type="tenure" free="7847120" total="25821184" percent="30" micro-fragmented="0">
    <mem type="soa" free="7589072" total="25563136" percent="29" />
    <mem type="loa" free="258048" total="258048" percent="100" />
  </mem>
</mem-info>
<gc-op id="2813" type="compact" timems="34.843" contextid="2807" timestamp="2019-08-08T12:08:22.228">
  <compact-info movecount="1" movebytes="32" reason="compact to aid heap contraction" />
</gc-op>
<heap-resize id="2814" type="expand" space="tenure" amount="131072" count="1" timems="0.018" reason="satisfy allocation request" timestamp="2019-08-08T12:08:22.228" />
<gc-end id="2815" type="global" contextid="2807" durationms="49.351" usertimems="99.516" systemtimems="0.000" timestamp="2019-08-08T12:08:22.228" activeThreads="16">
  <mem-info id="2816" free="7912656" total="25952256" percent="30">
    <mem type="tenure" free="7912656" total="25952256" percent="30">
      <mem type="soa" free="7653584" total="25693184" percent="29" />
      <mem type="loa" free="259072" total="259072" percent="100" />
    </mem>
  </mem-info>
</gc-end>
<cycle-end id="2817" type="global" contextid="2807" timestamp="2019-08-08T12:08:22.229" />
  <attribute name="elasticGC enabled" value="1" />
  <attribute name= "numThreadsSpecified" value="16" />
  <attribute name="heapSize specified" value="25821184" />
  <attribute name="Current GC Util" value="101" />
  <attribute name= "Current Time Running" value="136718" />
  <attribute name ="GC Interval" value="0" />
  <attribute name="Target GC Util Change" value ="80.000000" />
  <attribute name="Current GC Util Change" value="101.000000"/>
  <attribute name="Current Error" value="22.000000" />
  <attribute name="Output H" value="25896896"/>
  <attribute name="Output I" value="2048"/>
  <attribute name="Output T" value="16"/>
  <attribute name= "Current Time Running" value="136718" />
  <attribute name="GC Util currently" value="101" />
  <attribute name="CPU Util currently" value="33053018359" />
<allocation-satisfied id="2818" threadId="0000000002369F00" bytesRequested="1168" />
<af-end id="2819" timestamp="2019-08-08T12:08:22.229" threadId="000000000236A888" success="true" />
<exclusive-end id="2820" timestamp="2019-08-08T12:08:22.229" durationms="49.543" />

<concurrent-kickoff id="2821" timestamp="2019-08-08T12:08:22.231">
  <kickoff reason="threshold reached" targetBytes="4841859" thresholdFreeBytes="650592" remainingFree="539856" tenureFreeBytes="539856" />
</concurrent-kickoff>
<exclusive-start id="2822" timestamp="2019-08-08T12:08:22.231" intervalms="52.458">
  <response-info timems="0.053" idlems="0.053" threads="0" lastid="0000000002369F00" lastname="main" />
</exclusive-start>
<cycle-start id="2823" type="global" contextid="0" timestamp="2019-08-08T12:08:22.231" intervalms="52.388" />
<exclusive-end id="2824" timestamp="2019-08-08T12:08:22.232" durationms="0.012" />

<exclusive-start id="2825" timestamp="2019-08-08T12:08:22.232" intervalms="0.418">
  <response-info timems="0.033" idlems="0.033" threads="0" lastid="0000000002369F00" lastname="main" />
</exclusive-start>
<af-start id="2826" threadId="000000000236A888" totalBytesRequested="1168" timestamp="2019-08-08T12:08:22.232" intervalms="52.874" />
<concurrent-aborted id="2827" timestamp="2019-08-08T12:08:22.232">
  <reason value="insufficient progress made" />
</concurrent-aborted>
<cycle-end id="2828" type="global" contextid="2823" timestamp="2019-08-08T12:08:22.232" />
  <attribute name="elasticGC enabled" value="1" />
  <attribute name= "numThreadsSpecified" value="16" />
  <attribute name="heapSize specified" value="25821184" />
  <attribute name="Current GC Util" value="101" />
  <attribute name= "Current Time Running" value="136718" />
  <attribute name ="GC Interval" value="0" />
  <attribute name="Target GC Util Change" value ="80.000000" />
  <attribute name="Current GC Util Change" value="101.000000"/>
  <attribute name="Current Error" value="22.000000" />
  <attribute name="Output H" value="25896896"/>
  <attribute name="Output I" value="2048"/>
  <attribute name="Output T" value="16"/>
  <attribute name= "Current Time Running" value="136718" />
  <attribute name="GC Util currently" value="101" />
  <attribute name="CPU Util currently" value="33053018359" />
<cycle-start id="2829" type="global" contextid="0" timestamp="2019-08-08T12:08:22.232" intervalms="0.477" />
<gc-start id="2830" type="global" contextid="2829" timestamp="2019-08-08T12:08:22.232">
  <mem-info id="2831" free="259072" total="25952256" percent="0">
    <mem type="tenure" free="259072" total="25952256" percent="0">
      <mem type="soa" free="0" total="25693184" percent="0" />
      <mem type="loa" free="259072" total="259072" percent="100" />
    </mem>
  </mem-info>
</gc-start>
<allocation-stats totalBytes="7687680" >
  <allocated-bytes non-tlh="0" tlh="7687680" />
  <largest-consumer threadName="main" threadId="0000000002369F00" bytes="7687680" />
</allocation-stats>
<gc-op id="2832" type="mark" timems="10.378" contextid="2829" timestamp="2019-08-08T12:08:22.242">
  <trace-info objectcount="600465" scancount="521357" scanbytes="13380636" />
  <finalization candidates="80" enqueued="0" />
  <ownableSynchronizers candidates="21" cleared="0" />
  <references type="soft" candidates="3261" cleared="0" enqueued="0" dynamicThreshold="9" maxThreshold="32" />
  <references type="weak" candidates="5588" cleared="0" enqueued="0" />
  <references type="phantom" candidates="97" cleared="0" enqueued="0" />
  <stringconstants candidates="13592" cleared="0"  />
</gc-op>
<gc-op id="2833" type="sweep" timems="1.755" contextid="2829" timestamp="2019-08-08T12:08:22.244" />
<mem-info id="2834" free="7978032" total="25952256" percent="30">
  <mem type="tenure" free="7978032" total="25952256" percent="30" micro-fragmented="0">
    <mem type="soa" free="7718960" total="25693184" percent="30" />
    <mem type="loa" free="259072" total="259072" percent="100" />
  </mem>
</mem-info>
<gc-op id="2835" type="compact" timems="28.800" contextid="2829" timestamp="2019-08-08T12:08:22.273">
  <compact-info movecount="1" movebytes="32" reason="compact to aid heap contraction" />
</gc-op>
<heap-resize id="2836" type="expand" space="tenure" amount="131072" count="1" timems="0.021" reason="satisfy allocation request" timestamp="2019-08-08T12:08:22.274" />
<gc-end id="2837" type="global" contextid="2829" durationms="41.654" usertimems="92.967" systemtimems="0.000" timestamp="2019-08-08T12:08:22.274" activeThreads="16">
  <mem-info id="2838" free="8043728" total="26083328" percent="30">
    <mem type="tenure" free="8043728" total="26083328" percent="30">
      <mem type="soa" free="7783632" total="25823232" percent="30" />
      <mem type="loa" free="260096" total="260096" percent="100" />
    </mem>
  </mem-info>
</gc-end>
<cycle-end id="2839" type="global" contextid="2829" timestamp="2019-08-08T12:08:22.274" />
  <attribute name="elasticGC enabled" value="1" />
  <attribute name= "numThreadsSpecified" value="16" />
  <attribute name="heapSize specified" value="25952256" />
  <attribute name="Current GC Util" value="38" />
  <attribute name= "Current Time Running" value="136763" />
  <attribute name ="GC Interval" value="0" />
  <attribute name="Target GC Util Change" value ="80.000000" />
  <attribute name="Current GC Util Change" value="38.000000"/>
  <attribute name="Current Error" value="42.000000" />
  <attribute name="Output H" value="26027984"/>
  <attribute name="Output I" value="2088"/>
  <attribute name="Output T" value="16"/>
  <attribute name= "Current Time Running" value="136763" />
  <attribute name="GC Util currently" value="38" />
  <attribute name="CPU Util currently" value="39982176391" />
<allocation-satisfied id="2840" threadId="0000000002369F00" bytesRequested="1168" />
<af-end id="2841" timestamp="2019-08-08T12:08:22.274" threadId="000000000236A888" success="true" />
<exclusive-end id="2842" timestamp="2019-08-08T12:08:22.274" durationms="41.830" />

<concurrent-kickoff id="2843" timestamp="2019-08-08T12:08:22.278">
  <kickoff reason="threshold reached" targetBytes="4866312" thresholdFreeBytes="653878" remainingFree="539856" tenureFreeBytes="539856" />
</concurrent-kickoff>
<exclusive-start id="2844" timestamp="2019-08-08T12:08:22.278" intervalms="46.556">
  <response-info timems="0.021" idlems="0.021" threads="0" lastid="0000000002369F00" lastname="main" />
</exclusive-start>
<cycle-start id="2845" type="global" contextid="0" timestamp="2019-08-08T12:08:22.278" intervalms="46.515" />
<exclusive-end id="2846" timestamp="2019-08-08T12:08:22.278" durationms="0.031" />

<exclusive-start id="2847" timestamp="2019-08-08T12:08:22.279" intervalms="0.494">
  <response-info timems="0.029" idlems="0.029" threads="0" lastid="0000000002369F00" lastname="main" />
</exclusive-start>
<af-start id="2848" threadId="000000000236A888" totalBytesRequested="1168" timestamp="2019-08-08T12:08:22.279" intervalms="47.051" />
<concurrent-aborted id="2849" timestamp="2019-08-08T12:08:22.279">
  <reason value="insufficient progress made" />
</concurrent-aborted>
<cycle-end id="2850" type="global" contextid="2845" timestamp="2019-08-08T12:08:22.279" />
  <attribute name="elasticGC enabled" value="1" />
  <attribute name= "numThreadsSpecified" value="16" />
  <attribute name="heapSize specified" value="25952256" />
  <attribute name="Current GC Util" value="38" />
  <attribute name= "Current Time Running" value="136763" />
  <attribute name ="GC Interval" value="0" />
  <attribute name="Target GC Util Change" value ="80.000000" />
  <attribute name="Current GC Util Change" value="38.000000"/>
  <attribute name="Current Error" value="42.000000" />
  <attribute name="Output H" value="26027984"/>
  <attribute name="Output I" value="2088"/>
  <attribute name="Output T" value="16"/>
  <attribute name= "Current Time Running" value="136763" />
  <attribute name="GC Util currently" value="38" />
  <attribute name="CPU Util currently" value="39982176391" />
<cycle-start id="2851" type="global" contextid="0" timestamp="2019-08-08T12:08:22.279" intervalms="0.537" />
<gc-start id="2852" type="global" contextid="2851" timestamp="2019-08-08T12:08:22.279">
  <mem-info id="2853" free="260096" total="26083328" percent="0">
    <mem type="tenure" free="260096" total="26083328" percent="0">
      <mem type="soa" free="0" total="25823232" percent="0" />
      <mem type="loa" free="260096" total="260096" percent="100" />
    </mem>
  </mem-info>
</gc-start>
<allocation-stats totalBytes="7817040" >
  <allocated-bytes non-tlh="0" tlh="7817040" />
  <largest-consumer threadName="main" threadId="0000000002369F00" bytes="7817040" />
</allocation-stats>
<gc-op id="2854" type="mark" timems="13.331" contextid="2851" timestamp="2019-08-08T12:08:22.292">
  <trace-info objectcount="600465" scancount="521354" scanbytes="13380636" />
  <finalization candidates="80" enqueued="0" />
  <ownableSynchronizers candidates="21" cleared="0" />
  <references type="soft" candidates="3261" cleared="0" enqueued="0" dynamicThreshold="9" maxThreshold="32" />
  <references type="weak" candidates="5588" cleared="0" enqueued="0" />
  <references type="phantom" candidates="97" cleared="0" enqueued="0" />
  <stringconstants candidates="13592" cleared="0"  />
</gc-op>
<gc-op id="2855" type="sweep" timems="1.502" contextid="2851" timestamp="2019-08-08T12:08:22.294" />
<mem-info id="2856" free="8108896" total="26083328" percent="31">
  <mem type="tenure" free="8108896" total="26083328" percent="31" micro-fragmented="0">
    <mem type="soa" free="7848800" total="25823232" percent="30" />
    <mem type="loa" free="260096" total="260096" percent="100" />
  </mem>
</mem-info>
<gc-op id="2857" type="compact" timems="23.563" contextid="2851" timestamp="2019-08-08T12:08:22.318">
  <compact-info movecount="1" movebytes="32" reason="compact to aid heap contraction" />
</gc-op>
<heap-resize id="2858" type="expand" space="tenure" amount="131072" count="1" timems="0.018" reason="satisfy allocation request" timestamp="2019-08-08T12:08:22.318" />
<gc-end id="2859" type="global" contextid="2851" durationms="39.204" usertimems="73.944" systemtimems="0.000" timestamp="2019-08-08T12:08:22.318" activeThreads="16">
  <mem-info id="2860" free="8174800" total="26214400" percent="31">
    <mem type="tenure" free="8174800" total="26214400" percent="31">
      <mem type="soa" free="7912656" total="25952256" percent="30" />
      <mem type="loa" free="262144" total="262144" percent="100" />
    </mem>
  </mem-info>
</gc-end>
<cycle-end id="2861" type="global" contextid="2851" timestamp="2019-08-08T12:08:22.318" />
  <attribute name="elasticGC enabled" value="1" />
  <attribute name= "numThreadsSpecified" value="16" />
  <attribute name="heapSize specified" value="26083328" />
  <attribute name="Current GC Util" value="37" />
  <attribute name= "Current Time Running" value="136808" />
  <attribute name ="GC Interval" value="0" />
  <attribute name="Target GC Util Change" value ="80.000000" />
  <attribute name="Current GC Util Change" value="37.000000"/>
  <attribute name="Current Error" value="-597.000000" />
  <attribute name="Output H" value="26158320"/>
  <attribute name="Output I" value="944"/>
  <attribute name="Output T" value="16"/>
  <attribute name= "Current Time Running" value="136808" />
  <attribute name="GC Util currently" value="37" />
  <attribute name="CPU Util currently" value="48864718096" />
<allocation-satisfied id="2862" threadId="0000000002369F00" bytesRequested="1168" />
<af-end id="2863" timestamp="2019-08-08T12:08:22.318" threadId="000000000236A888" success="true" />
<exclusive-end id="2864" timestamp="2019-08-08T12:08:22.318" durationms="39.370" />

<concurrent-kickoff id="2865" timestamp="2019-08-08T12:08:22.322">
  <kickoff reason="threshold reached" targetBytes="4890767" thresholdFreeBytes="657164" remainingFree="539856" tenureFreeBytes="539856" />
</concurrent-kickoff>
<exclusive-start id="2866" timestamp="2019-08-08T12:08:22.322" intervalms="42.956">
  <response-info timems="0.208" idlems="0.208" threads="0" lastid="0000000002369F00" lastname="main" />
</exclusive-start>
<cycle-start id="2867" type="global" contextid="0" timestamp="2019-08-08T12:08:22.322" intervalms="42.899" />
<exclusive-end id="2868" timestamp="2019-08-08T12:08:22.322" durationms="0.018" />

<exclusive-start id="2869" timestamp="2019-08-08T12:08:22.322" intervalms="0.341">
  <response-info timems="0.023" idlems="0.023" threads="0" lastid="0000000002369F00" lastname="main" />
</exclusive-start>
<af-start id="2870" threadId="000000000236A888" totalBytesRequested="1168" timestamp="2019-08-08T12:08:22.322" intervalms="43.295" />
<concurrent-aborted id="2871" timestamp="2019-08-08T12:08:22.322">
  <reason value="insufficient progress made" />
</concurrent-aborted>
<cycle-end id="2872" type="global" contextid="2867" timestamp="2019-08-08T12:08:22.322" />
  <attribute name="elasticGC enabled" value="1" />
  <attribute name= "numThreadsSpecified" value="16" />
  <attribute name="heapSize specified" value="26083328" />
  <attribute name="Current GC Util" value="37" />
  <attribute name= "Current Time Running" value="136808" />
  <attribute name ="GC Interval" value="0" />
  <attribute name="Target GC Util Change" value ="80.000000" />
  <attribute name="Current GC Util Change" value="37.000000"/>
  <attribute name="Current Error" value="-597.000000" />
  <attribute name="Output H" value="26158320"/>
  <attribute name="Output I" value="944"/>
  <attribute name="Output T" value="16"/>
  <attribute name= "Current Time Running" value="136808" />
  <attribute name="GC Util currently" value="37" />
  <attribute name="CPU Util currently" value="48864718096" />
<cycle-start id="2873" type="global" contextid="0" timestamp="2019-08-08T12:08:22.322" intervalms="0.402" />
<gc-start id="2874" type="global" contextid="2873" timestamp="2019-08-08T12:08:22.322">
  <mem-info id="2875" free="262144" total="26214400" percent="1">
    <mem type="tenure" free="262144" total="26214400" percent="1">
      <mem type="soa" free="0" total="25952256" percent="0" />
      <mem type="loa" free="262144" total="262144" percent="100" />
    </mem>
  </mem-info>
</gc-start>
<allocation-stats totalBytes="7945456" >
  <allocated-bytes non-tlh="0" tlh="7945456" />
  <largest-consumer threadName="main" threadId="0000000002369F00" bytes="7945456" />
</allocation-stats>
<gc-op id="2876" type="mark" timems="8.060" contextid="2873" timestamp="2019-08-08T12:08:22.330">
  <trace-info objectcount="600466" scancount="521350" scanbytes="13380660" />
  <finalization candidates="80" enqueued="0" />
  <ownableSynchronizers candidates="21" cleared="0" />
  <references type="soft" candidates="3261" cleared="0" enqueued="0" dynamicThreshold="9" maxThreshold="32" />
  <references type="weak" candidates="5588" cleared="0" enqueued="0" />
  <references type="phantom" candidates="97" cleared="0" enqueued="0" />
  <stringconstants candidates="13592" cleared="0"  />
</gc-op>
<gc-op id="2877" type="sweep" timems="2.671" contextid="2873" timestamp="2019-08-08T12:08:22.333" />
<mem-info id="2878" free="8240312" total="26214400" percent="31">
  <mem type="tenure" free="8240312" total="26214400" percent="31" micro-fragmented="0">
    <mem type="soa" free="7978168" total="25952256" percent="30" />
    <mem type="loa" free="262144" total="262144" percent="100" />
  </mem>
</mem-info>
<gc-op id="2879" type="compact" timems="22.761" contextid="2873" timestamp="2019-08-08T12:08:22.356">
  <compact-info movecount="2" movebytes="56" reason="compact to aid heap contraction" />
</gc-op>
<heap-resize id="2880" type="expand" space="tenure" amount="131072" count="1" timems="0.020" reason="satisfy allocation request" timestamp="2019-08-08T12:08:22.357" />
<gc-end id="2881" type="global" contextid="2873" durationms="34.287" usertimems="80.324" systemtimems="0.000" timestamp="2019-08-08T12:08:22.357" activeThreads="16">
  <mem-info id="2882" free="8305848" total="26345472" percent="31">
    <mem type="tenure" free="8305848" total="26345472" percent="31">
      <mem type="soa" free="8042680" total="26082304" percent="30" />
      <mem type="loa" free="263168" total="263168" percent="100" />
    </mem>
  </mem-info>
</gc-end>
<cycle-end id="2883" type="global" contextid="2873" timestamp="2019-08-08T12:08:22.357" />
  <attribute name="elasticGC enabled" value="1" />
  <attribute name= "numThreadsSpecified" value="16" />
  <attribute name="heapSize specified" value="26214400" />
  <attribute name="Current GC Util" value="43" />
  <attribute name= "Current Time Running" value="136846" />
  <attribute name ="GC Interval" value="0" />
  <attribute name="Target GC Util Change" value ="80.000000" />
  <attribute name="Current GC Util Change" value="43.000000"/>
  <attribute name="Current Error" value="-858.000000" />
  <attribute name="Output H" value="26289096"/>
  <attribute name="Output I" value="480"/>
  <attribute name="Output T" value="16"/>
  <attribute name= "Current Time Running" value="136846" />
  <attribute name="GC Util currently" value="43" />
  <attribute name="CPU Util currently" value="50530923755" />
<allocation-satisfied id="2884" threadId="0000000002369F00" bytesRequested="1168" />
<af-end id="2885" timestamp="2019-08-08T12:08:22.357" threadId="000000000236A888" success="true" />
<exclusive-end id="2886" timestamp="2019-08-08T12:08:22.357" durationms="34.589" />

<concurrent-kickoff id="2887" timestamp="2019-08-08T12:08:22.360">
  <kickoff reason="threshold reached" targetBytes="4915221" thresholdFreeBytes="660451" remainingFree="539832" tenureFreeBytes="539832" />
</concurrent-kickoff>
<exclusive-start id="2888" timestamp="2019-08-08T12:08:22.360" intervalms="37.672">
  <response-info timems="0.019" idlems="0.019" threads="0" lastid="0000000002369F00" lastname="main" />
</exclusive-start>
<cycle-start id="2889" type="global" contextid="0" timestamp="2019-08-08T12:08:22.360" intervalms="37.609" />
<exclusive-end id="2890" timestamp="2019-08-08T12:08:22.360" durationms="0.014" />

<exclusive-start id="2891" timestamp="2019-08-08T12:08:22.360" intervalms="0.571">
  <response-info timems="0.042" idlems="0.042" threads="0" lastid="0000000002369F00" lastname="main" />
</exclusive-start>
<af-start id="2892" threadId="000000000236A888" totalBytesRequested="1168" timestamp="2019-08-08T12:08:22.361" intervalms="38.246" />
<concurrent-aborted id="2893" timestamp="2019-08-08T12:08:22.361">
  <reason value="insufficient progress made" />
</concurrent-aborted>
<cycle-end id="2894" type="global" contextid="2889" timestamp="2019-08-08T12:08:22.361" />
  <attribute name="elasticGC enabled" value="1" />
  <attribute name= "numThreadsSpecified" value="16" />
  <attribute name="heapSize specified" value="26214400" />
  <attribute name="Current GC Util" value="43" />
  <attribute name= "Current Time Running" value="136846" />
  <attribute name ="GC Interval" value="0" />
  <attribute name="Target GC Util Change" value ="80.000000" />
  <attribute name="Current GC Util Change" value="43.000000"/>
  <attribute name="Current Error" value="-858.000000" />
  <attribute name="Output H" value="26289096"/>
  <attribute name="Output I" value="480"/>
  <attribute name="Output T" value="16"/>
  <attribute name= "Current Time Running" value="136846" />
  <attribute name="GC Util currently" value="43" />
  <attribute name="CPU Util currently" value="50530923755" />
<cycle-start id="2895" type="global" contextid="0" timestamp="2019-08-08T12:08:22.361" intervalms="0.631" />
<gc-start id="2896" type="global" contextid="2895" timestamp="2019-08-08T12:08:22.361">
  <mem-info id="2897" free="263168" total="26345472" percent="0">
    <mem type="tenure" free="263168" total="26345472" percent="0">
      <mem type="soa" free="0" total="26082304" percent="0" />
      <mem type="loa" free="263168" total="263168" percent="100" />
    </mem>
  </mem-info>
</gc-start>
<allocation-stats totalBytes="8077672" >
  <allocated-bytes non-tlh="0" tlh="8077672" />
  <largest-consumer threadName="main" threadId="0000000002369F00" bytes="8077672" />
</allocation-stats>
<gc-op id="2898" type="mark" timems="9.257" contextid="2895" timestamp="2019-08-08T12:08:22.370">
  <trace-info objectcount="600466" scancount="521359" scanbytes="13380660" />
  <finalization candidates="80" enqueued="0" />
  <ownableSynchronizers candidates="21" cleared="0" />
  <references type="soft" candidates="3261" cleared="0" enqueued="0" dynamicThreshold="10" maxThreshold="32" />
  <references type="weak" candidates="5588" cleared="0" enqueued="0" />
  <references type="phantom" candidates="97" cleared="0" enqueued="0" />
  <stringconstants candidates="13592" cleared="0"  />
</gc-op>
<gc-op id="2899" type="sweep" timems="2.272" contextid="2895" timestamp="2019-08-08T12:08:22.372" />
<mem-info id="2900" free="8371384" total="26345472" percent="31">
  <mem type="tenure" free="8371384" total="26345472" percent="31" micro-fragmented="0">
    <mem type="soa" free="8108216" total="26082304" percent="31" />
    <mem type="loa" free="263168" total="263168" percent="100" />
  </mem>
</mem-info>
<gc-op id="2901" type="compact" timems="28.656" contextid="2895" timestamp="2019-08-08T12:08:22.401">
  <compact-info movecount="2" movebytes="56" reason="compact to aid heap contraction" />
</gc-op>
<heap-resize id="2902" type="expand" space="tenure" amount="131072" count="1" timems="0.037" reason="satisfy allocation request" timestamp="2019-08-08T12:08:22.401" />
<gc-end id="2903" type="global" contextid="2895" durationms="40.857" usertimems="85.101" systemtimems="0.000" timestamp="2019-08-08T12:08:22.401" activeThreads="16">
  <mem-info id="2904" free="8436920" total="26476544" percent="31">
    <mem type="tenure" free="8436920" total="26476544" percent="31">
      <mem type="soa" free="8172728" total="26212352" percent="31" />
      <mem type="loa" free="264192" total="264192" percent="100" />
    </mem>
  </mem-info>
</gc-end>
<cycle-end id="2905" type="global" contextid="2895" timestamp="2019-08-08T12:08:22.402" />
  <attribute name="elasticGC enabled" value="1" />
  <attribute name= "numThreadsSpecified" value="16" />
  <attribute name="heapSize specified" value="26345472" />
  <attribute name="Current GC Util" value="31" />
  <attribute name= "Current Time Running" value="136891" />
  <attribute name ="GC Interval" value="0" />
  <attribute name="Target GC Util Change" value ="80.000000" />
  <attribute name="Current GC Util Change" value="31.000000"/>
  <attribute name="Current Error" value="-388.000000" />
  <attribute name="Output H" value="26420704"/>
  <attribute name="Output I" value="1320"/>
  <attribute name="Output T" value="16"/>
  <attribute name= "Current Time Running" value="136891" />
  <attribute name="GC Util currently" value="31" />
  <attribute name="CPU Util currently" value="40169954487" />
<allocation-satisfied id="2906" threadId="0000000002369F00" bytesRequested="1168" />
<af-end id="2907" timestamp="2019-08-08T12:08:22.402" threadId="000000000236A888" success="true" />
<exclusive-end id="2908" timestamp="2019-08-08T12:08:22.402" durationms="41.054" />

<concurrent-kickoff id="2909" timestamp="2019-08-08T12:08:22.405">
  <kickoff reason="threshold reached" targetBytes="4939676" thresholdFreeBytes="663736" remainingFree="539832" tenureFreeBytes="539832" />
</concurrent-kickoff>
<exclusive-start id="2910" timestamp="2019-08-08T12:08:22.405" intervalms="44.324">
  <response-info timems="0.065" idlems="0.065" threads="0" lastid="0000000002369F00" lastname="main" />
</exclusive-start>
<cycle-start id="2911" type="global" contextid="0" timestamp="2019-08-08T12:08:22.405" intervalms="44.294" />
<exclusive-end id="2912" timestamp="2019-08-08T12:08:22.405" durationms="0.046" />

<exclusive-start id="2913" timestamp="2019-08-08T12:08:22.405" intervalms="0.601">
  <response-info timems="0.086" idlems="0.086" threads="0" lastid="0000000002369F00" lastname="main" />
</exclusive-start>
<af-start id="2914" threadId="000000000236A888" totalBytesRequested="1168" timestamp="2019-08-08T12:08:22.405" intervalms="44.919" />
<concurrent-aborted id="2915" timestamp="2019-08-08T12:08:22.405">
  <reason value="insufficient progress made" />
</concurrent-aborted>
<cycle-end id="2916" type="global" contextid="2911" timestamp="2019-08-08T12:08:22.405" />
  <attribute name="elasticGC enabled" value="1" />
  <attribute name= "numThreadsSpecified" value="16" />
  <attribute name="heapSize specified" value="26345472" />
  <attribute name="Current GC Util" value="31" />
  <attribute name= "Current Time Running" value="136891" />
  <attribute name ="GC Interval" value="0" />
  <attribute name="Target GC Util Change" value ="80.000000" />
  <attribute name="Current GC Util Change" value="31.000000"/>
  <attribute name="Current Error" value="-388.000000" />
  <attribute name="Output H" value="26420704"/>
  <attribute name="Output I" value="1320"/>
  <attribute name="Output T" value="16"/>
  <attribute name= "Current Time Running" value="136891" />
  <attribute name="GC Util currently" value="31" />
  <attribute name="CPU Util currently" value="40169954487" />
<cycle-start id="2917" type="global" contextid="0" timestamp="2019-08-08T12:08:22.405" intervalms="0.634" />
<gc-start id="2918" type="global" contextid="2917" timestamp="2019-08-08T12:08:22.406">
  <mem-info id="2919" free="264192" total="26476544" percent="0">
    <mem type="tenure" free="264192" total="26476544" percent="0">
      <mem type="soa" free="0" total="26212352" percent="0" />
      <mem type="loa" free="264192" total="264192" percent="100" />
    </mem>
  </mem-info>
</gc-start>
<allocation-stats totalBytes="8208312" >
  <allocated-bytes non-tlh="0" tlh="8208312" />
  <largest-consumer threadName="main" threadId="0000000002369F00" bytes="8208312" />
</allocation-stats>
<gc-op id="2920" type="mark" timems="9.471" contextid="2917" timestamp="2019-08-08T12:08:22.415">
  <trace-info objectcount="600466" scancount="521350" scanbytes="13380660" />
  <finalization candidates="80" enqueued="0" />
  <ownableSynchronizers candidates="21" cleared="0" />
  <references type="soft" candidates="3261" cleared="0" enqueued="0" dynamicThreshold="10" maxThreshold="32" />
  <references type="weak" candidates="5588" cleared="0" enqueued="0" />
  <references type="phantom" candidates="97" cleared="0" enqueued="0" />
  <stringconstants candidates="13592" cleared="0"  />
</gc-op>
<gc-op id="2921" type="sweep" timems="1.594" contextid="2917" timestamp="2019-08-08T12:08:22.417" />
<mem-info id="2922" free="8502456" total="26476544" percent="32">
  <mem type="tenure" free="8502456" total="26476544" percent="32" micro-fragmented="0">
    <mem type="soa" free="8238264" total="26212352" percent="31" />
    <mem type="loa" free="264192" total="264192" percent="100" />
  </mem>
</mem-info>
<gc-op id="2923" type="compact" timems="22.826" contextid="2917" timestamp="2019-08-08T12:08:22.440">
  <compact-info movecount="2" movebytes="56" reason="compact to aid heap contraction" />
</gc-op>
<heap-resize id="2924" type="expand" space="tenure" amount="131072" count="1" timems="0.020" reason="satisfy allocation request" timestamp="2019-08-08T12:08:22.440" />
<gc-end id="2925" type="global" contextid="2917" durationms="34.757" usertimems="84.604" systemtimems="0.000" timestamp="2019-08-08T12:08:22.440" activeThreads="16">
  <mem-info id="2926" free="8567992" total="26607616" percent="32">
    <mem type="tenure" free="8567992" total="26607616" percent="32">
      <mem type="soa" free="8302776" total="26342400" percent="31" />
      <mem type="loa" free="265216" total="265216" percent="100" />
    </mem>
  </mem-info>
</gc-end>
<cycle-end id="2927" type="global" contextid="2917" timestamp="2019-08-08T12:08:22.440" />
  <attribute name="elasticGC enabled" value="1" />
  <attribute name= "numThreadsSpecified" value="16" />
  <attribute name="heapSize specified" value="26476544" />
  <attribute name="Current GC Util" value="39" />
  <attribute name= "Current Time Running" value="136930" />
  <attribute name ="GC Interval" value="0" />
  <attribute name="Target GC Util Change" value ="80.000000" />
  <attribute name="Current GC Util Change" value="39.000000"/>
  <attribute name="Current Error" value="5.000000" />
  <attribute name="Output H" value="26552232"/>
  <attribute name="Output I" value="2016"/>
  <attribute name="Output T" value="16"/>
  <attribute name= "Current Time Running" value="136930" />
  <attribute name="GC Util currently" value="39" />
  <attribute name="CPU Util currently" value="50528585092" />
<allocation-satisfied id="2928" threadId="0000000002369F00" bytesRequested="1168" />
<af-end id="2929" timestamp="2019-08-08T12:08:22.440" threadId="000000000236A888" success="true" />
<exclusive-end id="2930" timestamp="2019-08-08T12:08:22.440" durationms="34.970" />

<concurrent-kickoff id="2931" timestamp="2019-08-08T12:08:22.443">
  <kickoff reason="threshold reached" targetBytes="4964128" thresholdFreeBytes="667022" remainingFree="539832" tenureFreeBytes="539832" />
</concurrent-kickoff>
<exclusive-start id="2932" timestamp="2019-08-08T12:08:22.443" intervalms="38.065">
  <response-info timems="0.028" idlems="0.028" threads="0" lastid="0000000002369F00" lastname="main" />
</exclusive-start>
<cycle-start id="2933" type="global" contextid="0" timestamp="2019-08-08T12:08:22.443" intervalms="38.000" />
<exclusive-end id="2934" timestamp="2019-08-08T12:08:22.444" durationms="0.012" />

<exclusive-start id="2935" timestamp="2019-08-08T12:08:22.444" intervalms="0.331">
  <response-info timems="0.030" idlems="0.030" threads="0" lastid="0000000002369F00" lastname="main" />
</exclusive-start>
<af-start id="2936" threadId="000000000236A888" totalBytesRequested="1168" timestamp="2019-08-08T12:08:22.444" intervalms="38.436" />
<concurrent-aborted id="2937" timestamp="2019-08-08T12:08:22.444">
  <reason value="insufficient progress made" />
</concurrent-aborted>
<cycle-end id="2938" type="global" contextid="2933" timestamp="2019-08-08T12:08:22.444" />
  <attribute name="elasticGC enabled" value="1" />
  <attribute name= "numThreadsSpecified" value="16" />
  <attribute name="heapSize specified" value="26476544" />
  <attribute name="Current GC Util" value="39" />
  <attribute name= "Current Time Running" value="136930" />
  <attribute name ="GC Interval" value="0" />
  <attribute name="Target GC Util Change" value ="80.000000" />
  <attribute name="Current GC Util Change" value="39.000000"/>
  <attribute name="Current Error" value="5.000000" />
  <attribute name="Output H" value="26552232"/>
  <attribute name="Output I" value="2016"/>
  <attribute name="Output T" value="16"/>
  <attribute name= "Current Time Running" value="136930" />
  <attribute name="GC Util currently" value="39" />
  <attribute name="CPU Util currently" value="50528585092" />
<cycle-start id="2939" type="global" contextid="0" timestamp="2019-08-08T12:08:22.444" intervalms="0.425" />
<gc-start id="2940" type="global" contextid="2939" timestamp="2019-08-08T12:08:22.444">
  <mem-info id="2941" free="265216" total="26607616" percent="0">
    <mem type="tenure" free="265216" total="26607616" percent="0">
      <mem type="soa" free="0" total="26342400" percent="0" />
      <mem type="loa" free="265216" total="265216" percent="100" />
    </mem>
  </mem-info>
</gc-start>
<allocation-stats totalBytes="8337720" >
  <allocated-bytes non-tlh="0" tlh="8337720" />
  <largest-consumer threadName="main" threadId="0000000002369F00" bytes="8337720" />
</allocation-stats>
<gc-op id="2942" type="mark" timems="11.823" contextid="2939" timestamp="2019-08-08T12:08:22.456">
  <trace-info objectcount="600466" scancount="521355" scanbytes="13380660" />
  <finalization candidates="80" enqueued="0" />
  <ownableSynchronizers candidates="21" cleared="0" />
  <references type="soft" candidates="3261" cleared="0" enqueued="0" dynamicThreshold="10" maxThreshold="32" />
  <references type="weak" candidates="5588" cleared="0" enqueued="0" />
  <references type="phantom" candidates="97" cleared="0" enqueued="0" />
  <stringconstants candidates="13592" cleared="0"  />
</gc-op>
<gc-op id="2943" type="sweep" timems="2.286" contextid="2939" timestamp="2019-08-08T12:08:22.458" />
<mem-info id="2944" free="8633376" total="26607616" percent="32">
  <mem type="tenure" free="8633376" total="26607616" percent="32" micro-fragmented="0">
    <mem type="soa" free="8368160" total="26342400" percent="31" />
    <mem type="loa" free="265216" total="265216" percent="100" />
  </mem>
</mem-info>
<gc-op id="2945" type="compact" timems="24.494" contextid="2939" timestamp="2019-08-08T12:08:22.483">
  <compact-info movecount="2" movebytes="56" reason="compact to aid heap contraction" />
</gc-op>
<heap-resize id="2946" type="expand" space="tenure" amount="131072" count="1" timems="0.019" reason="satisfy allocation request" timestamp="2019-08-08T12:08:22.483" />
<gc-end id="2947" type="global" contextid="2939" durationms="39.322" usertimems="102.117" systemtimems="0.000" timestamp="2019-08-08T12:08:22.483" activeThreads="16">
  <mem-info id="2948" free="8699064" total="26738688" percent="32">
    <mem type="tenure" free="8699064" total="26738688" percent="32">
      <mem type="soa" free="8431800" total="26471424" percent="31" />
      <mem type="loa" free="267264" total="267264" percent="100" />
    </mem>
  </mem-info>
</gc-end>
<cycle-end id="2949" type="global" contextid="2939" timestamp="2019-08-08T12:08:22.483" />
  <attribute name="elasticGC enabled" value="1" />
  <attribute name= "numThreadsSpecified" value="16" />
  <attribute name="heapSize specified" value="26607616" />
  <attribute name="Current GC Util" value="43" />
  <attribute name= "Current Time Running" value="136973" />
  <attribute name ="GC Interval" value="0" />
  <attribute name="Target GC Util Change" value ="80.000000" />
  <attribute name="Current GC Util Change" value="43.000000"/>
  <attribute name="Current Error" value="46.000000" />
  <attribute name="Output H" value="26683352"/>
  <attribute name="Output I" value="2096"/>
  <attribute name="Output T" value="16"/>
  <attribute name= "Current Time Running" value="136973" />
  <attribute name="GC Util currently" value="43" />
  <attribute name="CPU Util currently" value="46992466247" />
<allocation-satisfied id="2950" threadId="0000000002369F00" bytesRequested="1168" />
<af-end id="2951" timestamp="2019-08-08T12:08:22.483" threadId="000000000236A888" success="true" />
<exclusive-end id="2952" timestamp="2019-08-08T12:08:22.483" durationms="39.526" />

<concurrent-kickoff id="2953" timestamp="2019-08-08T12:08:22.486">
  <kickoff reason="threshold reached" targetBytes="4988582" thresholdFreeBytes="670307" remainingFree="539832" tenureFreeBytes="539832" />
</concurrent-kickoff>
<exclusive-start id="2954" timestamp="2019-08-08T12:08:22.487" intervalms="42.787">
  <response-info timems="0.049" idlems="0.049" threads="0" lastid="0000000002369F00" lastname="main" />
</exclusive-start>
<cycle-start id="2955" type="global" contextid="0" timestamp="2019-08-08T12:08:22.487" intervalms="42.693" />
<exclusive-end id="2956" timestamp="2019-08-08T12:08:22.487" durationms="0.012" />

<exclusive-start id="2957" timestamp="2019-08-08T12:08:22.487" intervalms="0.446">
  <response-info timems="0.042" idlems="0.042" threads="0" lastid="0000000002369F00" lastname="main" />
</exclusive-start>
<af-start id="2958" threadId="000000000236A888" totalBytesRequested="1168" timestamp="2019-08-08T12:08:22.487" intervalms="43.196" />
<concurrent-aborted id="2959" timestamp="2019-08-08T12:08:22.487">
  <reason value="insufficient progress made" />
</concurrent-aborted>
<cycle-end id="2960" type="global" contextid="2955" timestamp="2019-08-08T12:08:22.487" />
  <attribute name="elasticGC enabled" value="1" />
  <attribute name= "numThreadsSpecified" value="16" />
  <attribute name="heapSize specified" value="26607616" />
  <attribute name="Current GC Util" value="43" />
  <attribute name= "Current Time Running" value="136973" />
  <attribute name ="GC Interval" value="0" />
  <attribute name="Target GC Util Change" value ="80.000000" />
  <attribute name="Current GC Util Change" value="43.000000"/>
  <attribute name="Current Error" value="46.000000" />
  <attribute name="Output H" value="26683352"/>
  <attribute name="Output I" value="2096"/>
  <attribute name="Output T" value="16"/>
  <attribute name= "Current Time Running" value="136973" />
  <attribute name="GC Util currently" value="43" />
  <attribute name="CPU Util currently" value="46992466247" />
<cycle-start id="2961" type="global" contextid="0" timestamp="2019-08-08T12:08:22.487" intervalms="0.505" />
<gc-start id="2962" type="global" contextid="2961" timestamp="2019-08-08T12:08:22.487">
  <mem-info id="2963" free="267264" total="26738688" percent="0">
    <mem type="tenure" free="267264" total="26738688" percent="0">
      <mem type="soa" free="0" total="26471424" percent="0" />
      <mem type="loa" free="267264" total="267264" percent="100" />
    </mem>
  </mem-info>
</gc-start>
<allocation-stats totalBytes="8465920" >
  <allocated-bytes non-tlh="0" tlh="8465920" />
  <largest-consumer threadName="main" threadId="0000000002369F00" bytes="8465920" />
</allocation-stats>
<gc-op id="2964" type="mark" timems="12.204" contextid="2961" timestamp="2019-08-08T12:08:22.499">
  <trace-info objectcount="600466" scancount="521360" scanbytes="13380660" />
  <finalization candidates="80" enqueued="0" />
  <ownableSynchronizers candidates="21" cleared="0" />
  <references type="soft" candidates="3261" cleared="0" enqueued="0" dynamicThreshold="10" maxThreshold="32" />
  <references type="weak" candidates="5588" cleared="0" enqueued="0" />
  <references type="phantom" candidates="97" cleared="0" enqueued="0" />
  <stringconstants candidates="13592" cleared="0"  />
</gc-op>
<gc-op id="2965" type="sweep" timems="2.656" contextid="2961" timestamp="2019-08-08T12:08:22.502" />
<mem-info id="2966" free="8764032" total="26738688" percent="32">
  <mem type="tenure" free="8764032" total="26738688" percent="32" micro-fragmented="0">
    <mem type="soa" free="8496768" total="26471424" percent="32" />
    <mem type="loa" free="267264" total="267264" percent="100" />
  </mem>
</mem-info>
<gc-op id="2967" type="compact" timems="24.526" contextid="2961" timestamp="2019-08-08T12:08:22.527">
  <compact-info movecount="2" movebytes="56" reason="compact to aid heap contraction" />
</gc-op>
<heap-resize id="2968" type="expand" space="tenure" amount="131072" count="1" timems="0.021" reason="satisfy allocation request" timestamp="2019-08-08T12:08:22.527" />
<gc-end id="2969" type="global" contextid="2961" durationms="40.290" usertimems="89.736" systemtimems="0.000" timestamp="2019-08-08T12:08:22.527" activeThreads="16">
  <mem-info id="2970" free="8830136" total="26869760" percent="32">
    <mem type="tenure" free="8830136" total="26869760" percent="32">
      <mem type="soa" free="8561848" total="26601472" percent="32" />
      <mem type="loa" free="268288" total="268288" percent="100" />
    </mem>
  </mem-info>
</gc-end>
<cycle-end id="2971" type="global" contextid="2961" timestamp="2019-08-08T12:08:22.527" />
  <attribute name="elasticGC enabled" value="1" />
  <attribute name= "numThreadsSpecified" value="16" />
  <attribute name="heapSize specified" value="26738688" />
  <attribute name="Current GC Util" value="43" />
  <attribute name= "Current Time Running" value="137017" />
  <attribute name ="GC Interval" value="0" />
  <attribute name="Target GC Util Change" value ="80.000000" />
  <attribute name="Current GC Util Change" value="43.000000"/>
  <attribute name="Current Error" value="37.000000" />
  <attribute name="Output H" value="26814416"/>
  <attribute name="Output I" value="2080"/>
  <attribute name="Output T" value="16"/>
  <attribute name= "Current Time Running" value="137017" />
  <attribute name="GC Util currently" value="43" />
  <attribute name="CPU Util currently" value="46914635224" />
<allocation-satisfied id="2972" threadId="0000000002369F00" bytesRequested="1168" />
<af-end id="2973" timestamp="2019-08-08T12:08:22.528" threadId="000000000236A888" success="true" />
<exclusive-end id="2974" timestamp="2019-08-08T12:08:22.528" durationms="40.471" />

<concurrent-kickoff id="2975" timestamp="2019-08-08T12:08:22.531">
  <kickoff reason="threshold reached" targetBytes="5013037" thresholdFreeBytes="673593" remainingFree="670904" tenureFreeBytes="670904" />
</concurrent-kickoff>
<exclusive-start id="2976" timestamp="2019-08-08T12:08:22.531" intervalms="43.778">
  <response-info timems="0.031" idlems="0.031" threads="0" lastid="0000000002369F00" lastname="main" />
</exclusive-start>
<cycle-start id="2977" type="global" contextid="0" timestamp="2019-08-08T12:08:22.531" intervalms="43.719" />
<exclusive-end id="2978" timestamp="2019-08-08T12:08:22.531" durationms="0.012" />

<exclusive-start id="2979" timestamp="2019-08-08T12:08:22.533" intervalms="2.355">
  <response-info timems="0.036" idlems="0.036" threads="0" lastid="0000000002369F00" lastname="main" />
</exclusive-start>
<af-start id="2980" threadId="000000000236A888" totalBytesRequested="1168" timestamp="2019-08-08T12:08:22.533" intervalms="46.179" />
<gc-start id="2981" type="global" contextid="2977" timestamp="2019-08-08T12:08:22.533">
  <mem-info id="2982" free="268288" total="26869760" percent="0">
    <mem type="tenure" free="268288" total="26869760" percent="0">
      <mem type="soa" free="0" total="26601472" percent="0" />
      <mem type="loa" free="268288" total="268288" percent="100" />
    </mem>
  </mem-info>
</gc-start>
<allocation-stats totalBytes="8595304" >
  <allocated-bytes non-tlh="0" tlh="8595304" />
  <largest-consumer threadName="main" threadId="0000000002369F00" bytes="8595304" />
</allocation-stats>
<concurrent-halted id="2983" timestamp="2019-08-08T12:08:22.533">
  <halted state="Class scanning incomplete" status="trace only" />
  <traced bytesTarget="5013037" bytesTotal="1136464" bytesByMutator="0" bytesByHelper="1136464" percent="22" />
  <cards cleaned="0" thresholdBytes="265354" />
</concurrent-halted>
<gc-op id="2984" type="tracing" timems="9.446" contextid="2977" timestamp="2019-08-08T12:08:22.543">
  <trace bytesTraced="11233104" workStackOverflowCount="0" />
</gc-op>
<gc-op id="2985" type="card-cleaning" timems="0.862" contextid="2977" timestamp="2019-08-08T12:08:22.544">
  <card-cleaning cardsCleaned="14" bytesTraced="536" workStackOverflowCount="0" />
</gc-op>
<gc-op id="2986" type="mark" timems="4.576" contextid="2977" timestamp="2019-08-08T12:08:22.548">
  <trace-info objectcount="34819" scancount="32380" scanbytes="1030720" />
  <finalization candidates="80" enqueued="0" />
  <ownableSynchronizers candidates="21" cleared="0" />
  <references type="soft" candidates="3261" cleared="0" enqueued="0" dynamicThreshold="10" maxThreshold="32" />
  <references type="weak" candidates="5588" cleared="0" enqueued="0" />
  <references type="phantom" candidates="97" cleared="0" enqueued="0" />
  <stringconstants candidates="13592" cleared="0"  />
</gc-op>
<gc-op id="2987" type="sweep" timems="2.239" contextid="2977" timestamp="2019-08-08T12:08:22.551" />
<mem-info id="2988" free="8894008" total="26869760" percent="33">
  <mem type="tenure" free="8894008" total="26869760" percent="33" micro-fragmented="0">
    <mem type="soa" free="8625720" total="26601472" percent="32" />
    <mem type="loa" free="268288" total="268288" percent="100" />
  </mem>
</mem-info>
<gc-op id="2989" type="compact" timems="33.594" contextid="2977" timestamp="2019-08-08T12:08:22.584">
  <compact-info movecount="6" movebytes="1288" reason="compact to aid heap contraction" />
</gc-op>
<heap-resize id="2990" type="expand" space="tenure" amount="131072" count="1" timems="0.018" reason="satisfy allocation request" timestamp="2019-08-08T12:08:22.585" />
<gc-end id="2991" type="global" contextid="2977" durationms="51.528" usertimems="80.951" systemtimems="0.000" timestamp="2019-08-08T12:08:22.585" activeThreads="16">
  <mem-info id="2992" free="8959976" total="27000832" percent="33">
    <mem type="tenure" free="8959976" total="27000832" percent="33">
      <mem type="soa" free="8690664" total="26731520" percent="32" />
      <mem type="loa" free="269312" total="269312" percent="100" />
    </mem>
  </mem-info>
</gc-end>
<cycle-end id="2993" type="global" contextid="2977" timestamp="2019-08-08T12:08:22.585" />
  <attribute name="elasticGC enabled" value="1" />
  <attribute name= "numThreadsSpecified" value="16" />
  <attribute name="heapSize specified" value="26869760" />
  <attribute name="Current GC Util" value="29" />
  <attribute name= "Current Time Running" value="137074" />
  <attribute name ="GC Interval" value="0" />
  <attribute name="Target GC Util Change" value ="80.000000" />
  <attribute name="Current GC Util Change" value="29.000000"/>
  <attribute name="Current Error" value="-4.000000" />
  <attribute name="Output H" value="26945440"/>
  <attribute name="Output I" value="2008"/>
  <attribute name="Output T" value="16"/>
  <attribute name= "Current Time Running" value="137074" />
  <attribute name="GC Util currently" value="29" />
  <attribute name="CPU Util currently" value="34286379318" />
<allocation-satisfied id="2994" threadId="0000000002369F00" bytesRequested="1168" />
<af-end id="2995" timestamp="2019-08-08T12:08:22.585" threadId="000000000236A888" success="true" />
<exclusive-end id="2996" timestamp="2019-08-08T12:08:22.585" durationms="51.736" />

<concurrent-kickoff id="2997" timestamp="2019-08-08T12:08:22.588">
  <kickoff reason="threshold reached" targetBytes="4618798" thresholdFreeBytes="620538" remainingFree="538600" tenureFreeBytes="538600" />
</concurrent-kickoff>
<exclusive-start id="2998" timestamp="2019-08-08T12:08:22.588" intervalms="55.136">
  <response-info timems="0.067" idlems="0.067" threads="0" lastid="0000000002369F00" lastname="main" />
</exclusive-start>
<cycle-start id="2999" type="global" contextid="0" timestamp="2019-08-08T12:08:22.588" intervalms="57.493" />
<exclusive-end id="3000" timestamp="2019-08-08T12:08:22.588" durationms="0.014" />

<exclusive-start id="3001" timestamp="2019-08-08T12:08:22.589" intervalms="0.399">
  <response-info timems="0.045" idlems="0.045" threads="0" lastid="0000000002369F00" lastname="main" />
</exclusive-start>
<af-start id="3002" threadId="000000000236A888" totalBytesRequested="1168" timestamp="2019-08-08T12:08:22.589" intervalms="55.499" />
<concurrent-aborted id="3003" timestamp="2019-08-08T12:08:22.589">
  <reason value="insufficient progress made" />
</concurrent-aborted>
<cycle-end id="3004" type="global" contextid="2999" timestamp="2019-08-08T12:08:22.589" />
  <attribute name="elasticGC enabled" value="1" />
  <attribute name= "numThreadsSpecified" value="16" />
  <attribute name="heapSize specified" value="26869760" />
  <attribute name="Current GC Util" value="29" />
  <attribute name= "Current Time Running" value="137074" />
  <attribute name ="GC Interval" value="0" />
  <attribute name="Target GC Util Change" value ="80.000000" />
  <attribute name="Current GC Util Change" value="29.000000"/>
  <attribute name="Current Error" value="-4.000000" />
  <attribute name="Output H" value="26945440"/>
  <attribute name="Output I" value="2008"/>
  <attribute name="Output T" value="16"/>
  <attribute name= "Current Time Running" value="137074" />
  <attribute name="GC Util currently" value="29" />
  <attribute name="CPU Util currently" value="34286379318" />
<cycle-start id="3005" type="global" contextid="0" timestamp="2019-08-08T12:08:22.589" intervalms="0.468" />
<gc-start id="3006" type="global" contextid="3005" timestamp="2019-08-08T12:08:22.589">
  <mem-info id="3007" free="269312" total="27000832" percent="0">
    <mem type="tenure" free="269312" total="27000832" percent="0">
      <mem type="soa" free="0" total="26731520" percent="0" />
      <mem type="loa" free="269312" total="269312" percent="100" />
    </mem>
  </mem-info>
</gc-start>
<allocation-stats totalBytes="8723504" >
  <allocated-bytes non-tlh="0" tlh="8723504" />
  <largest-consumer threadName="main" threadId="0000000002369F00" bytes="8723504" />
</allocation-stats>
<gc-op id="3008" type="mark" timems="11.336" contextid="3005" timestamp="2019-08-08T12:08:22.600">
  <trace-info objectcount="600466" scancount="521378" scanbytes="13380660" />
  <finalization candidates="80" enqueued="0" />
  <ownableSynchronizers candidates="21" cleared="0" />
  <references type="soft" candidates="3261" cleared="0" enqueued="0" dynamicThreshold="10" maxThreshold="32" />
  <references type="weak" candidates="5588" cleared="0" enqueued="0" />
  <references type="phantom" candidates="97" cleared="0" enqueued="0" />
  <stringconstants candidates="13592" cleared="0"  />
</gc-op>
<gc-op id="3009" type="sweep" timems="6.387" contextid="3005" timestamp="2019-08-08T12:08:22.607" />
<mem-info id="3010" free="9026744" total="27000832" percent="33">
  <mem type="tenure" free="9026744" total="27000832" percent="33" micro-fragmented="0">
    <mem type="soa" free="8757432" total="26731520" percent="32" />
    <mem type="loa" free="269312" total="269312" percent="100" />
  </mem>
</mem-info>
<gc-op id="3011" type="compact" timems="30.444" contextid="3005" timestamp="2019-08-08T12:08:22.637">
  <compact-info movecount="2" movebytes="56" reason="compact to aid heap contraction" />
</gc-op>
<heap-resize id="3012" type="expand" space="tenure" amount="131072" count="1" timems="0.019" reason="satisfy allocation request" timestamp="2019-08-08T12:08:22.638" />
<gc-end id="3013" type="global" contextid="3005" durationms="48.881" usertimems="104.762" systemtimems="0.000" timestamp="2019-08-08T12:08:22.638" activeThreads="16">
  <mem-info id="3014" free="9092280" total="27131904" percent="33">
    <mem type="tenure" free="9092280" total="27131904" percent="33">
      <mem type="soa" free="8821944" total="26861568" percent="32" />
      <mem type="loa" free="270336" total="270336" percent="100" />
    </mem>
  </mem-info>
</gc-end>
<cycle-end id="3015" type="global" contextid="3005" timestamp="2019-08-08T12:08:22.638" />
  <attribute name="elasticGC enabled" value="1" />
  <attribute name= "numThreadsSpecified" value="16" />
  <attribute name="heapSize specified" value="27000832" />
  <attribute name="Current GC Util" value="54" />
  <attribute name= "Current Time Running" value="137127" />
  <attribute name ="GC Interval" value="0" />
  <attribute name="Target GC Util Change" value ="80.000000" />
  <attribute name="Current GC Util Change" value="54.000000"/>
  <attribute name="Current Error" value="26.000000" />
  <attribute name="Output H" value="27076544"/>
  <attribute name="Output I" value="2056"/>
  <attribute name="Output T" value="16"/>
  <attribute name= "Current Time Running" value="137127" />
  <attribute name="GC Util currently" value="54" />
  <attribute name="CPU Util currently" value="37833714915" />
<allocation-satisfied id="3016" threadId="0000000002369F00" bytesRequested="1168" />
<af-end id="3017" timestamp="2019-08-08T12:08:22.638" threadId="000000000236A888" success="true" />
<exclusive-end id="3018" timestamp="2019-08-08T12:08:22.638" durationms="49.093" />

<concurrent-kickoff id="3019" timestamp="2019-08-08T12:08:22.641">
  <kickoff reason="threshold reached" targetBytes="4641219" thresholdFreeBytes="623550" remainingFree="539832" tenureFreeBytes="539832" />
</concurrent-kickoff>
<exclusive-start id="3020" timestamp="2019-08-08T12:08:22.641" intervalms="52.391">
  <response-info timems="0.040" idlems="0.040" threads="0" lastid="0000000002369F00" lastname="main" />
</exclusive-start>
<cycle-start id="3021" type="global" contextid="0" timestamp="2019-08-08T12:08:22.641" intervalms="52.321" />
<exclusive-end id="3022" timestamp="2019-08-08T12:08:22.641" durationms="0.013" />

<exclusive-start id="3023" timestamp="2019-08-08T12:08:22.642" intervalms="0.397">
  <response-info timems="0.041" idlems="0.041" threads="0" lastid="0000000002369F00" lastname="main" />
</exclusive-start>
<af-start id="3024" threadId="000000000236A888" totalBytesRequested="1168" timestamp="2019-08-08T12:08:22.642" intervalms="52.790" />
<concurrent-aborted id="3025" timestamp="2019-08-08T12:08:22.642">
  <reason value="insufficient progress made" />
</concurrent-aborted>
<cycle-end id="3026" type="global" contextid="3021" timestamp="2019-08-08T12:08:22.642" />
  <attribute name="elasticGC enabled" value="1" />
  <attribute name= "numThreadsSpecified" value="16" />
  <attribute name="heapSize specified" value="27000832" />
  <attribute name="Current GC Util" value="54" />
  <attribute name= "Current Time Running" value="137127" />
  <attribute name ="GC Interval" value="0" />
  <attribute name="Target GC Util Change" value ="80.000000" />
  <attribute name="Current GC Util Change" value="54.000000"/>
  <attribute name="Current Error" value="26.000000" />
  <attribute name="Output H" value="27076544"/>
  <attribute name="Output I" value="2056"/>
  <attribute name="Output T" value="16"/>
  <attribute name= "Current Time Running" value="137127" />
  <attribute name="GC Util currently" value="54" />
  <attribute name="CPU Util currently" value="37833714915" />
<cycle-start id="3027" type="global" contextid="0" timestamp="2019-08-08T12:08:22.642" intervalms="0.481" />
<gc-start id="3028" type="global" contextid="3027" timestamp="2019-08-08T12:08:22.642">
  <mem-info id="3029" free="270336" total="27131904" percent="0">
    <mem type="tenure" free="270336" total="27131904" percent="0">
      <mem type="soa" free="0" total="26861568" percent="0" />
      <mem type="loa" free="270336" total="270336" percent="100" />
    </mem>
  </mem-info>
</gc-start>
<allocation-stats totalBytes="8855352" >
  <allocated-bytes non-tlh="0" tlh="8855352" />
  <largest-consumer threadName="main" threadId="0000000002369F00" bytes="8855352" />
</allocation-stats>
<gc-op id="3030" type="mark" timems="9.671" contextid="3027" timestamp="2019-08-08T12:08:22.651">
  <trace-info objectcount="600466" scancount="521352" scanbytes="13380660" />
  <finalization candidates="80" enqueued="0" />
  <ownableSynchronizers candidates="21" cleared="0" />
  <references type="soft" candidates="3261" cleared="0" enqueued="0" dynamicThreshold="10" maxThreshold="32" />
  <references type="weak" candidates="5588" cleared="0" enqueued="0" />
  <references type="phantom" candidates="97" cleared="0" enqueued="0" />
  <stringconstants candidates="13592" cleared="0"  />
</gc-op>
<gc-op id="3031" type="sweep" timems="1.799" contextid="3027" timestamp="2019-08-08T12:08:22.653" />
<mem-info id="3032" free="9157816" total="27131904" percent="33">
  <mem type="tenure" free="9157816" total="27131904" percent="33" micro-fragmented="0">
    <mem type="soa" free="8887480" total="26861568" percent="33" />
    <mem type="loa" free="270336" total="270336" percent="100" />
  </mem>
</mem-info>
<gc-op id="3033" type="compact" timems="23.924" contextid="3027" timestamp="2019-08-08T12:08:22.677">
  <compact-info movecount="2" movebytes="56" reason="compact to aid heap contraction" />
</gc-op>
<heap-resize id="3034" type="expand" space="tenure" amount="131072" count="1" timems="0.019" reason="satisfy allocation request" timestamp="2019-08-08T12:08:22.678" />
<gc-end id="3035" type="global" contextid="3027" durationms="36.008" usertimems="90.190" systemtimems="0.000" timestamp="2019-08-08T12:08:22.678" activeThreads="16">
  <mem-info id="3036" free="9223352" total="27262976" percent="33">
    <mem type="tenure" free="9223352" total="27262976" percent="33">
      <mem type="soa" free="8950968" total="26990592" percent="33" />
      <mem type="loa" free="272384" total="272384" percent="100" />
    </mem>
  </mem-info>
</gc-end>
<cycle-end id="3037" type="global" contextid="3027" timestamp="2019-08-08T12:08:22.678" />
  <attribute name="elasticGC enabled" value="1" />
  <attribute name= "numThreadsSpecified" value="16" />
  <attribute name="heapSize specified" value="27131904" />
  <attribute name="Current GC Util" value="41" />
  <attribute name= "Current Time Running" value="137167" />
  <attribute name ="GC Interval" value="0" />
  <attribute name="Target GC Util Change" value ="80.000000" />
  <attribute name="Current GC Util Change" value="41.000000"/>
  <attribute name="Current Error" value="-1044.000000" />
  <attribute name="Output H" value="27206384"/>
  <attribute name="Output I" value="200"/>
  <attribute name="Output T" value="16"/>
  <attribute name= "Current Time Running" value="137167" />
  <attribute name="GC Util currently" value="41" />
  <attribute name="CPU Util currently" value="48112717262" />
<allocation-satisfied id="3038" threadId="0000000002369F00" bytesRequested="1168" />
<af-end id="3039" timestamp="2019-08-08T12:08:22.678" threadId="000000000236A888" success="true" />
<exclusive-end id="3040" timestamp="2019-08-08T12:08:22.678" durationms="36.260" />

<concurrent-kickoff id="3041" timestamp="2019-08-08T12:08:22.681">
  <kickoff reason="threshold reached" targetBytes="4663640" thresholdFreeBytes="626562" remainingFree="539832" tenureFreeBytes="539832" />
</concurrent-kickoff>
<exclusive-start id="3042" timestamp="2019-08-08T12:08:22.681" intervalms="39.814">
  <response-info timems="0.044" idlems="0.044" threads="0" lastid="0000000002369F00" lastname="main" />
</exclusive-start>
<cycle-start id="3043" type="global" contextid="0" timestamp="2019-08-08T12:08:22.681" intervalms="39.740" />
<exclusive-end id="3044" timestamp="2019-08-08T12:08:22.681" durationms="0.026" />

<exclusive-start id="3045" timestamp="2019-08-08T12:08:22.682" intervalms="0.479">
  <response-info timems="0.078" idlems="0.078" threads="0" lastid="0000000002369F00" lastname="main" />
</exclusive-start>
<af-start id="3046" threadId="000000000236A888" totalBytesRequested="1168" timestamp="2019-08-08T12:08:22.682" intervalms="40.305" />
<concurrent-aborted id="3047" timestamp="2019-08-08T12:08:22.682">
  <reason value="insufficient progress made" />
</concurrent-aborted>
<cycle-end id="3048" type="global" contextid="3043" timestamp="2019-08-08T12:08:22.682" />
  <attribute name="elasticGC enabled" value="1" />
  <attribute name= "numThreadsSpecified" value="16" />
  <attribute name="heapSize specified" value="27131904" />
  <attribute name="Current GC Util" value="41" />
  <attribute name= "Current Time Running" value="137167" />
  <attribute name ="GC Interval" value="0" />
  <attribute name="Target GC Util Change" value ="80.000000" />
  <attribute name="Current GC Util Change" value="41.000000"/>
  <attribute name="Current Error" value="-1044.000000" />
  <attribute name="Output H" value="27206384"/>
  <attribute name="Output I" value="200"/>
  <attribute name="Output T" value="16"/>
  <attribute name= "Current Time Running" value="137167" />
  <attribute name="GC Util currently" value="41" />
  <attribute name="CPU Util currently" value="48112717262" />
<cycle-start id="3049" type="global" contextid="0" timestamp="2019-08-08T12:08:22.682" intervalms="0.566" />
<gc-start id="3050" type="global" contextid="3049" timestamp="2019-08-08T12:08:22.682">
  <mem-info id="3051" free="272384" total="27262976" percent="0">
    <mem type="tenure" free="272384" total="27262976" percent="0">
      <mem type="soa" free="0" total="26990592" percent="0" />
      <mem type="loa" free="272384" total="272384" percent="100" />
    </mem>
  </mem-info>
</gc-start>
<allocation-stats totalBytes="8983552" >
  <allocated-bytes non-tlh="0" tlh="8983552" />
  <largest-consumer threadName="main" threadId="0000000002369F00" bytes="8983552" />
</allocation-stats>
<gc-op id="3052" type="mark" timems="9.961" contextid="3049" timestamp="2019-08-08T12:08:22.692">
  <trace-info objectcount="600466" scancount="521353" scanbytes="13380660" />
  <finalization candidates="80" enqueued="0" />
  <ownableSynchronizers candidates="21" cleared="0" />
  <references type="soft" candidates="3261" cleared="0" enqueued="0" dynamicThreshold="10" maxThreshold="32" />
  <references type="weak" candidates="5588" cleared="0" enqueued="0" />
  <references type="phantom" candidates="97" cleared="0" enqueued="0" />
  <stringconstants candidates="13592" cleared="0"  />
</gc-op>
<gc-op id="3053" type="sweep" timems="2.125" contextid="3049" timestamp="2019-08-08T12:08:22.694" />
<mem-info id="3054" free="9288512" total="27262976" percent="34">
  <mem type="tenure" free="9288512" total="27262976" percent="34" micro-fragmented="0">
    <mem type="soa" free="9016128" total="26990592" percent="33" />
    <mem type="loa" free="272384" total="272384" percent="100" />
  </mem>
</mem-info>
<gc-op id="3055" type="compact" timems="26.515" contextid="3049" timestamp="2019-08-08T12:08:22.721">
  <compact-info movecount="2" movebytes="56" reason="compact to aid heap contraction" />
</gc-op>
<heap-resize id="3056" type="expand" space="tenure" amount="131072" count="1" timems="0.020" reason="satisfy allocation request" timestamp="2019-08-08T12:08:22.721" />
<gc-end id="3057" type="global" contextid="3049" durationms="39.541" usertimems="97.402" systemtimems="0.000" timestamp="2019-08-08T12:08:22.721" activeThreads="16">
  <mem-info id="3058" free="9354424" total="27394048" percent="34">
    <mem type="tenure" free="9354424" total="27394048" percent="34">
      <mem type="soa" free="9081016" total="27120640" percent="33" />
      <mem type="loa" free="273408" total="273408" percent="100" />
    </mem>
  </mem-info>
</gc-end>
<cycle-end id="3059" type="global" contextid="3049" timestamp="2019-08-08T12:08:22.722" />
  <attribute name="elasticGC enabled" value="1" />
  <attribute name= "numThreadsSpecified" value="16" />
  <attribute name="heapSize specified" value="27262976" />
  <attribute name="Current GC Util" value="48" />
  <attribute name= "Current Time Running" value="137211" />
  <attribute name ="GC Interval" value="0" />
  <attribute name="Target GC Util Change" value ="80.000000" />
  <attribute name="Current GC Util Change" value="48.000000"/>
  <attribute name="Current Error" value="-1119.000000" />
  <attribute name="Output H" value="27337368"/>
  <attribute name="Output I" value="200"/>
  <attribute name="Output T" value="16"/>
  <attribute name= "Current Time Running" value="137211" />
  <attribute name="GC Util currently" value="48" />
  <attribute name="CPU Util currently" value="43364931009" />
<allocation-satisfied id="3060" threadId="0000000002369F00" bytesRequested="1168" />
<af-end id="3061" timestamp="2019-08-08T12:08:22.722" threadId="000000000236A888" success="true" />
<exclusive-end id="3062" timestamp="2019-08-08T12:08:22.722" durationms="39.769" />

<concurrent-kickoff id="3063" timestamp="2019-08-08T12:08:22.725">
  <kickoff reason="threshold reached" targetBytes="4686061" thresholdFreeBytes="629575" remainingFree="539832" tenureFreeBytes="539832" />
</concurrent-kickoff>
<exclusive-start id="3064" timestamp="2019-08-08T12:08:22.725" intervalms="43.270">
  <response-info timems="0.045" idlems="0.045" threads="0" lastid="0000000002369F00" lastname="main" />
</exclusive-start>
<cycle-start id="3065" type="global" contextid="0" timestamp="2019-08-08T12:08:22.725" intervalms="43.172" />
<exclusive-end id="3066" timestamp="2019-08-08T12:08:22.725" durationms="0.013" />

<exclusive-start id="3067" timestamp="2019-08-08T12:08:22.726" intervalms="0.482">
  <response-info timems="0.111" idlems="0.111" threads="0" lastid="0000000002369F00" lastname="main" />
</exclusive-start>
<af-start id="3068" threadId="000000000236A888" totalBytesRequested="1168" timestamp="2019-08-08T12:08:22.726" intervalms="43.729" />
<concurrent-aborted id="3069" timestamp="2019-08-08T12:08:22.726">
  <reason value="insufficient progress made" />
</concurrent-aborted>
<cycle-end id="3070" type="global" contextid="3065" timestamp="2019-08-08T12:08:22.726" />
  <attribute name="elasticGC enabled" value="1" />
  <attribute name= "numThreadsSpecified" value="16" />
  <attribute name="heapSize specified" value="27262976" />
  <attribute name="Current GC Util" value="48" />
  <attribute name= "Current Time Running" value="137211" />
  <attribute name ="GC Interval" value="0" />
  <attribute name="Target GC Util Change" value ="80.000000" />
  <attribute name="Current GC Util Change" value="48.000000"/>
  <attribute name="Current Error" value="-1119.000000" />
  <attribute name="Output H" value="27337368"/>
  <attribute name="Output I" value="200"/>
  <attribute name="Output T" value="16"/>
  <attribute name= "Current Time Running" value="137211" />
  <attribute name="GC Util currently" value="48" />
  <attribute name="CPU Util currently" value="43364931009" />
<cycle-start id="3071" type="global" contextid="0" timestamp="2019-08-08T12:08:22.726" intervalms="0.543" />
<gc-start id="3072" type="global" contextid="3071" timestamp="2019-08-08T12:08:22.726">
  <mem-info id="3073" free="273408" total="27394048" percent="0">
    <mem type="tenure" free="273408" total="27394048" percent="0">
      <mem type="soa" free="0" total="27120640" percent="0" />
      <mem type="loa" free="273408" total="273408" percent="100" />
    </mem>
  </mem-info>
</gc-start>
<allocation-stats totalBytes="9112960" >
  <allocated-bytes non-tlh="0" tlh="9112960" />
  <largest-consumer threadName="main" threadId="0000000002369F00" bytes="9112960" />
</allocation-stats>
<gc-op id="3074" type="mark" timems="30.173" contextid="3071" timestamp="2019-08-08T12:08:22.756">
  <trace-info objectcount="600466" scancount="521357" scanbytes="13380660" />
  <finalization candidates="80" enqueued="0" />
  <ownableSynchronizers candidates="21" cleared="0" />
  <references type="soft" candidates="3261" cleared="0" enqueued="0" dynamicThreshold="10" maxThreshold="32" />
  <references type="weak" candidates="5588" cleared="0" enqueued="0" />
  <references type="phantom" candidates="97" cleared="0" enqueued="0" />
  <stringconstants candidates="13592" cleared="0"  />
</gc-op>
<gc-op id="3075" type="sweep" timems="2.322" contextid="3071" timestamp="2019-08-08T12:08:22.758" />
<mem-info id="3076" free="9419376" total="27394048" percent="34">
  <mem type="tenure" free="9419376" total="27394048" percent="34" micro-fragmented="0">
    <mem type="soa" free="9145968" total="27120640" percent="33" />
    <mem type="loa" free="273408" total="273408" percent="100" />
  </mem>
</mem-info>
<gc-op id="3077" type="compact" timems="25.804" contextid="3071" timestamp="2019-08-08T12:08:22.784">
  <compact-info movecount="2" movebytes="56" reason="compact to aid heap contraction" />
</gc-op>
<heap-resize id="3078" type="expand" space="tenure" amount="131072" count="1" timems="0.019" reason="satisfy allocation request" timestamp="2019-08-08T12:08:22.785" />
<gc-end id="3079" type="global" contextid="3071" durationms="59.036" usertimems="225.120" systemtimems="0.000" timestamp="2019-08-08T12:08:22.785" activeThreads="16">
  <mem-info id="3080" free="9485496" total="27525120" percent="34">
    <mem type="tenure" free="9485496" total="27525120" percent="34">
      <mem type="soa" free="9211064" total="27250688" percent="33" />
      <mem type="loa" free="274432" total="274432" percent="100" />
    </mem>
  </mem-info>
</gc-end>
<cycle-end id="3081" type="global" contextid="3071" timestamp="2019-08-08T12:08:22.785" />
  <attribute name="elasticGC enabled" value="1" />
  <attribute name= "numThreadsSpecified" value="16" />
  <attribute name="heapSize specified" value="27394048" />
  <attribute name="Current GC Util" value="61" />
  <attribute name= "Current Time Running" value="137274" />
  <attribute name ="GC Interval" value="0" />
  <attribute name="Target GC Util Change" value ="80.000000" />
  <attribute name="Current GC Util Change" value="61.000000"/>
  <attribute name="Current Error" value="-367.000000" />
  <attribute name="Output H" value="27469312"/>
  <attribute name="Output I" value="1360"/>
  <attribute name="Output T" value="16"/>
  <attribute name= "Current Time Running" value="137274" />
  <attribute name="GC Util currently" value="61" />
  <attribute name="CPU Util currently" value="44626653775" />
<allocation-satisfied id="3082" threadId="0000000002369F00" bytesRequested="1168" />
<af-end id="3083" timestamp="2019-08-08T12:08:22.785" threadId="000000000236A888" success="true" />
<exclusive-end id="3084" timestamp="2019-08-08T12:08:22.785" durationms="59.272" />

<concurrent-kickoff id="3085" timestamp="2019-08-08T12:08:22.790">
  <kickoff reason="threshold reached" targetBytes="4708482" thresholdFreeBytes="632588" remainingFree="539832" tenureFreeBytes="539832" />
</concurrent-kickoff>
<exclusive-start id="3086" timestamp="2019-08-08T12:08:22.790" intervalms="64.552">
  <response-info timems="0.057" idlems="0.057" threads="0" lastid="0000000002369F00" lastname="main" />
</exclusive-start>
<cycle-start id="3087" type="global" contextid="0" timestamp="2019-08-08T12:08:22.790" intervalms="64.504" />
<exclusive-end id="3088" timestamp="2019-08-08T12:08:22.790" durationms="0.028" />

<exclusive-start id="3089" timestamp="2019-08-08T12:08:22.791" intervalms="0.456">
  <response-info timems="0.036" idlems="0.036" threads="0" lastid="0000000002369F00" lastname="main" />
</exclusive-start>
<af-start id="3090" threadId="000000000236A888" totalBytesRequested="1168" timestamp="2019-08-08T12:08:22.791" intervalms="65.014" />
<concurrent-aborted id="3091" timestamp="2019-08-08T12:08:22.791">
  <reason value="insufficient progress made" />
</concurrent-aborted>
<cycle-end id="3092" type="global" contextid="3087" timestamp="2019-08-08T12:08:22.791" />
  <attribute name="elasticGC enabled" value="1" />
  <attribute name= "numThreadsSpecified" value="16" />
  <attribute name="heapSize specified" value="27394048" />
  <attribute name="Current GC Util" value="61" />
  <attribute name= "Current Time Running" value="137274" />
  <attribute name ="GC Interval" value="0" />
  <attribute name="Target GC Util Change" value ="80.000000" />
  <attribute name="Current GC Util Change" value="61.000000"/>
  <attribute name="Current Error" value="-367.000000" />
  <attribute name="Output H" value="27469312"/>
  <attribute name="Output I" value="1360"/>
  <attribute name="Output T" value="16"/>
  <attribute name= "Current Time Running" value="137274" />
  <attribute name="GC Util currently" value="61" />
  <attribute name="CPU Util currently" value="44626653775" />
<cycle-start id="3093" type="global" contextid="0" timestamp="2019-08-08T12:08:22.791" intervalms="0.521" />
<gc-start id="3094" type="global" contextid="3093" timestamp="2019-08-08T12:08:22.791">
  <mem-info id="3095" free="274432" total="27525120" percent="0">
    <mem type="tenure" free="274432" total="27525120" percent="0">
      <mem type="soa" free="0" total="27250688" percent="0" />
      <mem type="loa" free="274432" total="274432" percent="100" />
    </mem>
  </mem-info>
</gc-start>
<allocation-stats totalBytes="9242368" >
  <allocated-bytes non-tlh="0" tlh="9242368" />
  <largest-consumer threadName="main" threadId="0000000002369F00" bytes="9242368" />
</allocation-stats>
<gc-op id="3096" type="mark" timems="10.213" contextid="3093" timestamp="2019-08-08T12:08:22.801">
  <trace-info objectcount="600466" scancount="521354" scanbytes="13380660" />
  <finalization candidates="80" enqueued="0" />
  <ownableSynchronizers candidates="21" cleared="0" />
  <references type="soft" candidates="3261" cleared="0" enqueued="0" dynamicThreshold="11" maxThreshold="32" />
  <references type="weak" candidates="5588" cleared="0" enqueued="0" />
  <references type="phantom" candidates="97" cleared="0" enqueued="0" />
  <stringconstants candidates="13592" cleared="0"  />
</gc-op>
<gc-op id="3097" type="sweep" timems="3.050" contextid="3093" timestamp="2019-08-08T12:08:22.804" />
<mem-info id="3098" free="9551032" total="27525120" percent="34">
  <mem type="tenure" free="9551032" total="27525120" percent="34" micro-fragmented="0">
    <mem type="soa" free="9276600" total="27250688" percent="34" />
    <mem type="loa" free="274432" total="274432" percent="100" />
  </mem>
</mem-info>
<gc-op id="3099" type="compact" timems="31.123" contextid="3093" timestamp="2019-08-08T12:08:22.835">
  <compact-info movecount="2" movebytes="56" reason="compact to aid heap contraction" />
</gc-op>
<heap-resize id="3100" type="expand" space="tenure" amount="131072" count="1" timems="0.020" reason="satisfy allocation request" timestamp="2019-08-08T12:08:22.837" />
<gc-end id="3101" type="global" contextid="3093" durationms="46.017" usertimems="116.433" systemtimems="0.000" timestamp="2019-08-08T12:08:22.837" activeThreads="16">
  <mem-info id="3102" free="9616568" total="27656192" percent="34">
    <mem type="tenure" free="9616568" total="27656192" percent="34">
      <mem type="soa" free="9340088" total="27379712" percent="34" />
      <mem type="loa" free="276480" total="276480" percent="100" />
    </mem>
  </mem-info>
</gc-end>
<cycle-end id="3103" type="global" contextid="3093" timestamp="2019-08-08T12:08:22.837" />
  <attribute name="elasticGC enabled" value="1" />
  <attribute name= "numThreadsSpecified" value="16" />
  <attribute name="heapSize specified" value="27525120" />
  <attribute name="Current GC Util" value="43" />
  <attribute name= "Current Time Running" value="137325" />
  <attribute name ="GC Interval" value="0" />
  <attribute name="Target GC Util Change" value ="80.000000" />
  <attribute name="Current GC Util Change" value="43.000000"/>
  <attribute name="Current Error" value="-203.000000" />
  <attribute name="Output H" value="27600568"/>
  <attribute name="Output I" value="1648"/>
  <attribute name="Output T" value="16"/>
  <attribute name= "Current Time Running" value="137325" />
  <attribute name="GC Util currently" value="43" />
  <attribute name="CPU Util currently" value="37012133145" />
<allocation-satisfied id="3104" threadId="0000000002369F00" bytesRequested="1168" />
<af-end id="3105" timestamp="2019-08-08T12:08:22.837" threadId="000000000236A888" success="true" />
<exclusive-end id="3106" timestamp="2019-08-08T12:08:22.837" durationms="46.286" />

<concurrent-kickoff id="3107" timestamp="2019-08-08T12:08:22.840">
  <kickoff reason="threshold reached" targetBytes="4730905" thresholdFreeBytes="635599" remainingFree="539832" tenureFreeBytes="539832" />
</concurrent-kickoff>
<exclusive-start id="3108" timestamp="2019-08-08T12:08:22.840" intervalms="49.653">
  <response-info timems="0.046" idlems="0.046" threads="0" lastid="0000000002369F00" lastname="main" />
</exclusive-start>
<cycle-start id="3109" type="global" contextid="0" timestamp="2019-08-08T12:08:22.840" intervalms="49.574" />
<exclusive-end id="3110" timestamp="2019-08-08T12:08:22.840" durationms="0.010" />

<exclusive-start id="3111" timestamp="2019-08-08T12:08:22.841" intervalms="0.359">
  <response-info timems="0.050" idlems="0.050" threads="0" lastid="0000000002369F00" lastname="main" />
</exclusive-start>
<af-start id="3112" threadId="000000000236A888" totalBytesRequested="1168" timestamp="2019-08-08T12:08:22.841" intervalms="50.001" />
<concurrent-aborted id="3113" timestamp="2019-08-08T12:08:22.841">
  <reason value="insufficient progress made" />
</concurrent-aborted>
<cycle-end id="3114" type="global" contextid="3109" timestamp="2019-08-08T12:08:22.841" />
  <attribute name="elasticGC enabled" value="1" />
  <attribute name= "numThreadsSpecified" value="16" />
  <attribute name="heapSize specified" value="27525120" />
  <attribute name="Current GC Util" value="43" />
  <attribute name= "Current Time Running" value="137325" />
  <attribute name ="GC Interval" value="0" />
  <attribute name="Target GC Util Change" value ="80.000000" />
  <attribute name="Current GC Util Change" value="43.000000"/>
  <attribute name="Current Error" value="-203.000000" />
  <attribute name="Output H" value="27600568"/>
  <attribute name="Output I" value="1648"/>
  <attribute name="Output T" value="16"/>
  <attribute name= "Current Time Running" value="137325" />
  <attribute name="GC Util currently" value="43" />
  <attribute name="CPU Util currently" value="37012133145" />
<cycle-start id="3115" type="global" contextid="0" timestamp="2019-08-08T12:08:22.841" intervalms="0.412" />
<gc-start id="3116" type="global" contextid="3115" timestamp="2019-08-08T12:08:22.841">
  <mem-info id="3117" free="276480" total="27656192" percent="0">
    <mem type="tenure" free="276480" total="27656192" percent="0">
      <mem type="soa" free="0" total="27379712" percent="0" />
      <mem type="loa" free="276480" total="276480" percent="100" />
    </mem>
  </mem-info>
</gc-start>
<allocation-stats totalBytes="9371776" >
  <allocated-bytes non-tlh="0" tlh="9371776" />
  <largest-consumer threadName="main" threadId="0000000002369F00" bytes="9371776" />
</allocation-stats>
<gc-op id="3118" type="mark" timems="10.512" contextid="3115" timestamp="2019-08-08T12:08:22.851">
  <trace-info objectcount="600466" scancount="521354" scanbytes="13380660" />
  <finalization candidates="80" enqueued="0" />
  <ownableSynchronizers candidates="21" cleared="0" />
  <references type="soft" candidates="3261" cleared="0" enqueued="0" dynamicThreshold="11" maxThreshold="32" />
  <references type="weak" candidates="5588" cleared="0" enqueued="0" />
  <references type="phantom" candidates="97" cleared="0" enqueued="0" />
  <stringconstants candidates="13592" cleared="0"  />
</gc-op>
<gc-op id="3119" type="sweep" timems="3.398" contextid="3115" timestamp="2019-08-08T12:08:22.855" />
<mem-info id="3120" free="9682104" total="27656192" percent="35">
  <mem type="tenure" free="9682104" total="27656192" percent="35" micro-fragmented="0">
    <mem type="soa" free="9405624" total="27379712" percent="34" />
    <mem type="loa" free="276480" total="276480" percent="100" />
  </mem>
</mem-info>
<gc-op id="3121" type="compact" timems="29.818" contextid="3115" timestamp="2019-08-08T12:08:22.884">
  <compact-info movecount="2" movebytes="56" reason="compact to aid heap contraction" />
</gc-op>
<heap-resize id="3122" type="expand" space="tenure" amount="131072" count="1" timems="0.019" reason="satisfy allocation request" timestamp="2019-08-08T12:08:22.885" />
<gc-end id="3123" type="global" contextid="3115" durationms="44.545" usertimems="105.398" systemtimems="0.000" timestamp="2019-08-08T12:08:22.885" activeThreads="16">
  <mem-info id="3124" free="9747640" total="27787264" percent="35">
    <mem type="tenure" free="9747640" total="27787264" percent="35">
      <mem type="soa" free="9470136" total="27509760" percent="34" />
      <mem type="loa" free="277504" total="277504" percent="100" />
    </mem>
  </mem-info>
</gc-end>
<cycle-end id="3125" type="global" contextid="3115" timestamp="2019-08-08T12:08:22.885" />
  <attribute name="elasticGC enabled" value="1" />
  <attribute name= "numThreadsSpecified" value="16" />
  <attribute name="heapSize specified" value="27656192" />
  <attribute name="Current GC Util" value="55" />
  <attribute name= "Current Time Running" value="137375" />
  <attribute name ="GC Interval" value="0" />
  <attribute name="Target GC Util Change" value ="80.000000" />
  <attribute name="Current GC Util Change" value="55.000000"/>
  <attribute name="Current Error" value="-69.000000" />
  <attribute name="Output H" value="27731800"/>
  <attribute name="Output I" value="1888"/>
  <attribute name="Output T" value="16"/>
  <attribute name= "Current Time Running" value="137375" />
  <attribute name="GC Util currently" value="55" />
  <attribute name="CPU Util currently" value="38605072937" />
<allocation-satisfied id="3126" threadId="0000000002369F00" bytesRequested="1168" />
<af-end id="3127" timestamp="2019-08-08T12:08:22.885" threadId="000000000236A888" success="true" />
<exclusive-end id="3128" timestamp="2019-08-08T12:08:22.885" durationms="44.718" />

<concurrent-kickoff id="3129" timestamp="2019-08-08T12:08:22.889">
  <kickoff reason="threshold reached" targetBytes="4753326" thresholdFreeBytes="638612" remainingFree="539832" tenureFreeBytes="539832" />
</concurrent-kickoff>
<exclusive-start id="3130" timestamp="2019-08-08T12:08:22.889" intervalms="48.370">
  <response-info timems="0.061" idlems="0.061" threads="0" lastid="0000000002369F00" lastname="main" />
</exclusive-start>
<cycle-start id="3131" type="global" contextid="0" timestamp="2019-08-08T12:08:22.889" intervalms="48.319" />
<exclusive-end id="3132" timestamp="2019-08-08T12:08:22.889" durationms="0.012" />

<exclusive-start id="3133" timestamp="2019-08-08T12:08:22.889" intervalms="0.370">
  <response-info timems="0.030" idlems="0.030" threads="0" lastid="0000000002369F00" lastname="main" />
</exclusive-start>
<af-start id="3134" threadId="000000000236A888" totalBytesRequested="1168" timestamp="2019-08-08T12:08:22.889" intervalms="48.745" />
<concurrent-aborted id="3135" timestamp="2019-08-08T12:08:22.889">
  <reason value="insufficient progress made" />
</concurrent-aborted>
<cycle-end id="3136" type="global" contextid="3131" timestamp="2019-08-08T12:08:22.889" />
  <attribute name="elasticGC enabled" value="1" />
  <attribute name= "numThreadsSpecified" value="16" />
  <attribute name="heapSize specified" value="27656192" />
  <attribute name="Current GC Util" value="55" />
  <attribute name= "Current Time Running" value="137375" />
  <attribute name ="GC Interval" value="0" />
  <attribute name="Target GC Util Change" value ="80.000000" />
  <attribute name="Current GC Util Change" value="55.000000"/>
  <attribute name="Current Error" value="-69.000000" />
  <attribute name="Output H" value="27731800"/>
  <attribute name="Output I" value="1888"/>
  <attribute name="Output T" value="16"/>
  <attribute name= "Current Time Running" value="137375" />
  <attribute name="GC Util currently" value="55" />
  <attribute name="CPU Util currently" value="38605072937" />
<cycle-start id="3137" type="global" contextid="0" timestamp="2019-08-08T12:08:22.889" intervalms="0.448" />
<gc-start id="3138" type="global" contextid="3137" timestamp="2019-08-08T12:08:22.889">
  <mem-info id="3139" free="277504" total="27787264" percent="0">
    <mem type="tenure" free="277504" total="27787264" percent="0">
      <mem type="soa" free="0" total="27509760" percent="0" />
      <mem type="loa" free="277504" total="277504" percent="100" />
    </mem>
  </mem-info>
</gc-start>
<allocation-stats totalBytes="9501184" >
  <allocated-bytes non-tlh="0" tlh="9501184" />
  <largest-consumer threadName="main" threadId="0000000002369F00" bytes="9501184" />
</allocation-stats>
<gc-op id="3140" type="mark" timems="11.213" contextid="3137" timestamp="2019-08-08T12:08:22.901">
  <trace-info objectcount="600466" scancount="521359" scanbytes="13380660" />
  <finalization candidates="80" enqueued="0" />
  <ownableSynchronizers candidates="21" cleared="0" />
  <references type="soft" candidates="3261" cleared="0" enqueued="0" dynamicThreshold="11" maxThreshold="32" />
  <references type="weak" candidates="5588" cleared="0" enqueued="0" />
  <references type="phantom" candidates="97" cleared="0" enqueued="0" />
  <stringconstants candidates="13592" cleared="0"  />
</gc-op>
<gc-op id="3141" type="sweep" timems="1.715" contextid="3137" timestamp="2019-08-08T12:08:22.902" />
<mem-info id="3142" free="9812560" total="27787264" percent="35">
  <mem type="tenure" free="9812560" total="27787264" percent="35" micro-fragmented="0">
    <mem type="soa" free="9535056" total="27509760" percent="34" />
    <mem type="loa" free="277504" total="277504" percent="100" />
  </mem>
</mem-info>
<gc-op id="3143" type="compact" timems="36.674" contextid="3137" timestamp="2019-08-08T12:08:22.939">
  <compact-info movecount="2" movebytes="56" reason="compact to aid heap contraction" />
</gc-op>
<heap-resize id="3144" type="expand" space="tenure" amount="131072" count="1" timems="0.018" reason="satisfy allocation request" timestamp="2019-08-08T12:08:22.941" />
<gc-end id="3145" type="global" contextid="3137" durationms="51.128" usertimems="132.491" systemtimems="0.000" timestamp="2019-08-08T12:08:22.941" activeThreads="16">
  <mem-info id="3146" free="9878712" total="27918336" percent="35">
    <mem type="tenure" free="9878712" total="27918336" percent="35">
      <mem type="soa" free="9600184" total="27639808" percent="34" />
      <mem type="loa" free="278528" total="278528" percent="100" />
    </mem>
  </mem-info>
</gc-end>
<cycle-end id="3147" type="global" contextid="3137" timestamp="2019-08-08T12:08:22.941" />
  <attribute name="elasticGC enabled" value="1" />
  <attribute name= "numThreadsSpecified" value="16" />
  <attribute name="heapSize specified" value="27787264" />
  <attribute name="Current GC Util" value="44" />
  <attribute name= "Current Time Running" value="137429" />
  <attribute name ="GC Interval" value="0" />
  <attribute name="Target GC Util Change" value ="80.000000" />
  <attribute name="Current GC Util Change" value="44.000000"/>
  <attribute name="Current Error" value="36.000000" />
  <attribute name="Output H" value="27862992"/>
  <attribute name="Output I" value="2072"/>
  <attribute name="Output T" value="16"/>
  <attribute name= "Current Time Running" value="137429" />
  <attribute name="GC Util currently" value="44" />
  <attribute name="CPU Util currently" value="31405531493" />
<allocation-satisfied id="3148" threadId="0000000002369F00" bytesRequested="1168" />
<af-end id="3149" timestamp="2019-08-08T12:08:22.941" threadId="000000000236A888" success="true" />
<exclusive-end id="3150" timestamp="2019-08-08T12:08:22.941" durationms="51.318" />

<concurrent-kickoff id="3151" timestamp="2019-08-08T12:08:22.944">
  <kickoff reason="threshold reached" targetBytes="4775747" thresholdFreeBytes="641624" remainingFree="539832" tenureFreeBytes="539832" />
</concurrent-kickoff>
<exclusive-start id="3152" timestamp="2019-08-08T12:08:22.945" intervalms="55.208">
  <response-info timems="0.061" idlems="0.061" threads="0" lastid="0000000002369F00" lastname="main" />
</exclusive-start>
<cycle-start id="3153" type="global" contextid="0" timestamp="2019-08-08T12:08:22.945" intervalms="55.132" />
<exclusive-end id="3154" timestamp="2019-08-08T12:08:22.945" durationms="0.017" />

<exclusive-start id="3155" timestamp="2019-08-08T12:08:22.945" intervalms="0.442">
  <response-info timems="0.044" idlems="0.044" threads="0" lastid="0000000002369F00" lastname="main" />
</exclusive-start>
<af-start id="3156" threadId="000000000236A888" totalBytesRequested="1168" timestamp="2019-08-08T12:08:22.945" intervalms="55.648" />
<concurrent-aborted id="3157" timestamp="2019-08-08T12:08:22.945">
  <reason value="insufficient progress made" />
</concurrent-aborted>
<cycle-end id="3158" type="global" contextid="3153" timestamp="2019-08-08T12:08:22.945" />
  <attribute name="elasticGC enabled" value="1" />
  <attribute name= "numThreadsSpecified" value="16" />
  <attribute name="heapSize specified" value="27787264" />
  <attribute name="Current GC Util" value="44" />
  <attribute name= "Current Time Running" value="137429" />
  <attribute name ="GC Interval" value="0" />
  <attribute name="Target GC Util Change" value ="80.000000" />
  <attribute name="Current GC Util Change" value="44.000000"/>
  <attribute name="Current Error" value="36.000000" />
  <attribute name="Output H" value="27862992"/>
  <attribute name="Output I" value="2072"/>
  <attribute name="Output T" value="16"/>
  <attribute name= "Current Time Running" value="137429" />
  <attribute name="GC Util currently" value="44" />
  <attribute name="CPU Util currently" value="31405531493" />
<cycle-start id="3159" type="global" contextid="0" timestamp="2019-08-08T12:08:22.945" intervalms="0.498" />
<gc-start id="3160" type="global" contextid="3159" timestamp="2019-08-08T12:08:22.945">
  <mem-info id="3161" free="278528" total="27918336" percent="0">
    <mem type="tenure" free="278528" total="27918336" percent="0">
      <mem type="soa" free="0" total="27639808" percent="0" />
      <mem type="loa" free="278528" total="278528" percent="100" />
    </mem>
  </mem-info>
</gc-start>
<allocation-stats totalBytes="9630616" >
  <allocated-bytes non-tlh="0" tlh="9630616" />
  <largest-consumer threadName="main" threadId="0000000002369F00" bytes="9630616" />
</allocation-stats>
<gc-op id="3162" type="mark" timems="11.485" contextid="3159" timestamp="2019-08-08T12:08:22.957">
  <trace-info objectcount="600466" scancount="521354" scanbytes="13380660" />
  <finalization candidates="80" enqueued="0" />
  <ownableSynchronizers candidates="21" cleared="0" />
  <references type="soft" candidates="3261" cleared="0" enqueued="0" dynamicThreshold="11" maxThreshold="32" />
  <references type="weak" candidates="5588" cleared="0" enqueued="0" />
  <references type="phantom" candidates="97" cleared="0" enqueued="0" />
  <stringconstants candidates="13592" cleared="0"  />
</gc-op>
<gc-op id="3163" type="sweep" timems="3.412" contextid="3159" timestamp="2019-08-08T12:08:22.960" />
<mem-info id="3164" free="9944248" total="27918336" percent="35">
  <mem type="tenure" free="9944248" total="27918336" percent="35" micro-fragmented="0">
    <mem type="soa" free="9665720" total="27639808" percent="34" />
    <mem type="loa" free="278528" total="278528" percent="100" />
  </mem>
</mem-info>
<gc-op id="3165" type="compact" timems="31.972" contextid="3159" timestamp="2019-08-08T12:08:22.992">
  <compact-info movecount="2" movebytes="56" reason="compact to aid heap contraction" />
</gc-op>
<heap-resize id="3166" type="expand" space="tenure" amount="131072" count="1" timems="0.018" reason="satisfy allocation request" timestamp="2019-08-08T12:08:22.993" />
<gc-end id="3167" type="global" contextid="3159" durationms="47.581" usertimems="112.521" systemtimems="0.000" timestamp="2019-08-08T12:08:22.993" activeThreads="16">
  <mem-info id="3168" free="10009784" total="28049408" percent="35">
    <mem type="tenure" free="10009784" total="28049408" percent="35">
      <mem type="soa" free="9730232" total="27769856" percent="35" />
      <mem type="loa" free="279552" total="279552" percent="100" />
    </mem>
  </mem-info>
</gc-end>
<cycle-end id="3169" type="global" contextid="3159" timestamp="2019-08-08T12:08:22.993" />
  <attribute name="elasticGC enabled" value="1" />
  <attribute name= "numThreadsSpecified" value="16" />
  <attribute name="heapSize specified" value="27918336" />
  <attribute name="Current GC Util" value="33" />
  <attribute name= "Current Time Running" value="137482" />
  <attribute name ="GC Interval" value="0" />
  <attribute name="Target GC Util Change" value ="80.000000" />
  <attribute name="Current GC Util Change" value="33.000000"/>
  <attribute name="Current Error" value="-1080.000000" />
  <attribute name="Output H" value="27992776"/>
  <attribute name="Output I" value="200"/>
  <attribute name="Output T" value="16"/>
  <attribute name= "Current Time Running" value="137482" />
  <attribute name="GC Util currently" value="33" />
  <attribute name="CPU Util currently" value="36031714411" />
<allocation-satisfied id="3170" threadId="0000000002369F00" bytesRequested="1168" />
<af-end id="3171" timestamp="2019-08-08T12:08:22.993" threadId="000000000236A888" success="true" />
<exclusive-end id="3172" timestamp="2019-08-08T12:08:22.993" durationms="47.776" />

<concurrent-kickoff id="3173" timestamp="2019-08-08T12:08:22.998">
  <kickoff reason="threshold reached" targetBytes="4798168" thresholdFreeBytes="644636" remainingFree="539832" tenureFreeBytes="539832" />
</concurrent-kickoff>
<exclusive-start id="3174" timestamp="2019-08-08T12:08:22.998" intervalms="53.356">
  <response-info timems="0.106" idlems="0.106" threads="0" lastid="0000000002369F00" lastname="main" />
</exclusive-start>
<cycle-start id="3175" type="global" contextid="0" timestamp="2019-08-08T12:08:22.998" intervalms="53.306" />
<exclusive-end id="3176" timestamp="2019-08-08T12:08:22.998" durationms="0.024" />

<exclusive-start id="3177" timestamp="2019-08-08T12:08:22.999" intervalms="0.491">
  <response-info timems="0.086" idlems="0.086" threads="0" lastid="0000000002369F00" lastname="main" />
</exclusive-start>
<af-start id="3178" threadId="000000000236A888" totalBytesRequested="1168" timestamp="2019-08-08T12:08:22.999" intervalms="53.855" />
<concurrent-aborted id="3179" timestamp="2019-08-08T12:08:22.999">
  <reason value="insufficient progress made" />
</concurrent-aborted>
<cycle-end id="3180" type="global" contextid="3175" timestamp="2019-08-08T12:08:22.999" />
  <attribute name="elasticGC enabled" value="1" />
  <attribute name= "numThreadsSpecified" value="16" />
  <attribute name="heapSize specified" value="27918336" />
  <attribute name="Current GC Util" value="33" />
  <attribute name= "Current Time Running" value="137482" />
  <attribute name ="GC Interval" value="0" />
  <attribute name="Target GC Util Change" value ="80.000000" />
  <attribute name="Current GC Util Change" value="33.000000"/>
  <attribute name="Current Error" value="-1080.000000" />
  <attribute name="Output H" value="27992776"/>
  <attribute name="Output I" value="200"/>
  <attribute name="Output T" value="16"/>
  <attribute name= "Current Time Running" value="137482" />
  <attribute name="GC Util currently" value="33" />
  <attribute name="CPU Util currently" value="36031714411" />
<cycle-start id="3181" type="global" contextid="0" timestamp="2019-08-08T12:08:22.999" intervalms="0.570" />
<gc-start id="3182" type="global" contextid="3181" timestamp="2019-08-08T12:08:22.999">
  <mem-info id="3183" free="279552" total="28049408" percent="0">
    <mem type="tenure" free="279552" total="28049408" percent="0">
      <mem type="soa" free="0" total="27769856" percent="0" />
      <mem type="loa" free="279552" total="279552" percent="100" />
    </mem>
  </mem-info>
</gc-start>
<allocation-stats totalBytes="9760000" >
  <allocated-bytes non-tlh="0" tlh="9760000" />
  <largest-consumer threadName="main" threadId="0000000002369F00" bytes="9760000" />
</allocation-stats>
<gc-op id="3184" type="mark" timems="11.502" contextid="3181" timestamp="2019-08-08T12:08:23.010">
  <trace-info objectcount="600466" scancount="521358" scanbytes="13380660" />
  <finalization candidates="80" enqueued="0" />
  <ownableSynchronizers candidates="21" cleared="0" />
  <references type="soft" candidates="3261" cleared="0" enqueued="0" dynamicThreshold="11" maxThreshold="32" />
  <references type="weak" candidates="5588" cleared="0" enqueued="0" />
  <references type="phantom" candidates="97" cleared="0" enqueued="0" />
  <stringconstants candidates="13592" cleared="0"  />
</gc-op>
<gc-op id="3185" type="sweep" timems="2.084" contextid="3181" timestamp="2019-08-08T12:08:23.013" />
<mem-info id="3186" free="10075320" total="28049408" percent="35">
  <mem type="tenure" free="10075320" total="28049408" percent="35" micro-fragmented="0">
    <mem type="soa" free="9795768" total="27769856" percent="35" />
    <mem type="loa" free="279552" total="279552" percent="100" />
  </mem>
</mem-info>
<gc-op id="3187" type="compact" timems="28.889" contextid="3181" timestamp="2019-08-08T12:08:23.042">
  <compact-info movecount="2" movebytes="56" reason="compact to aid heap contraction" />
</gc-op>
<heap-resize id="3188" type="expand" space="tenure" amount="131072" count="1" timems="0.021" reason="satisfy allocation request" timestamp="2019-08-08T12:08:23.045" />
<gc-end id="3189" type="global" contextid="3181" durationms="46.280" usertimems="102.576" systemtimems="0.000" timestamp="2019-08-08T12:08:23.045" activeThreads="16">
  <mem-info id="3190" free="10140856" total="28180480" percent="35">
    <mem type="tenure" free="10140856" total="28180480" percent="35">
      <mem type="soa" free="9859256" total="27898880" percent="35" />
      <mem type="loa" free="281600" total="281600" percent="100" />
    </mem>
  </mem-info>
</gc-end>
<cycle-end id="3191" type="global" contextid="3181" timestamp="2019-08-08T12:08:23.045" />
  <attribute name="elasticGC enabled" value="1" />
  <attribute name= "numThreadsSpecified" value="16" />
  <attribute name="heapSize specified" value="28049408" />
  <attribute name="Current GC Util" value="44" />
  <attribute name= "Current Time Running" value="137532" />
  <attribute name ="GC Interval" value="0" />
  <attribute name="Target GC Util Change" value ="80.000000" />
  <attribute name="Current GC Util Change" value="44.000000"/>
  <attribute name="Current Error" value="-781.000000" />
  <attribute name="Output H" value="28124192"/>
  <attribute name="Output I" value="616"/>
  <attribute name="Output T" value="16"/>
  <attribute name= "Current Time Running" value="137532" />
  <attribute name="GC Util currently" value="44" />
  <attribute name="CPU Util currently" value="39849143266" />
<allocation-satisfied id="3192" threadId="0000000002369F00" bytesRequested="1168" />
<af-end id="3193" timestamp="2019-08-08T12:08:23.045" threadId="000000000236A888" success="true" />
<exclusive-end id="3194" timestamp="2019-08-08T12:08:23.045" durationms="46.494" />

<concurrent-kickoff id="3195" timestamp="2019-08-08T12:08:23.049">
  <kickoff reason="threshold reached" targetBytes="4820590" thresholdFreeBytes="647648" remainingFree="539832" tenureFreeBytes="539832" />
</concurrent-kickoff>
<exclusive-start id="3196" timestamp="2019-08-08T12:08:23.049" intervalms="50.096">
  <response-info timems="0.018" idlems="0.018" threads="0" lastid="0000000002369F00" lastname="main" />
</exclusive-start>
<cycle-start id="3197" type="global" contextid="0" timestamp="2019-08-08T12:08:23.049" intervalms="50.008" />
<exclusive-end id="3198" timestamp="2019-08-08T12:08:23.049" durationms="0.011" />

<exclusive-start id="3199" timestamp="2019-08-08T12:08:23.049" intervalms="0.384">
  <response-info timems="0.078" idlems="0.078" threads="0" lastid="0000000002369F00" lastname="main" />
</exclusive-start>
<af-start id="3200" threadId="000000000236A888" totalBytesRequested="1168" timestamp="2019-08-08T12:08:23.049" intervalms="50.474" />
<concurrent-aborted id="3201" timestamp="2019-08-08T12:08:23.049">
  <reason value="insufficient progress made" />
</concurrent-aborted>
<cycle-end id="3202" type="global" contextid="3197" timestamp="2019-08-08T12:08:23.049" />
  <attribute name="elasticGC enabled" value="1" />
  <attribute name= "numThreadsSpecified" value="16" />
  <attribute name="heapSize specified" value="28049408" />
  <attribute name="Current GC Util" value="44" />
  <attribute name= "Current Time Running" value="137532" />
  <attribute name ="GC Interval" value="0" />
  <attribute name="Target GC Util Change" value ="80.000000" />
  <attribute name="Current GC Util Change" value="44.000000"/>
  <attribute name="Current Error" value="-781.000000" />
  <attribute name="Output H" value="28124192"/>
  <attribute name="Output I" value="616"/>
  <attribute name="Output T" value="16"/>
  <attribute name= "Current Time Running" value="137532" />
  <attribute name="GC Util currently" value="44" />
  <attribute name="CPU Util currently" value="39849143266" />
<cycle-start id="3203" type="global" contextid="0" timestamp="2019-08-08T12:08:23.049" intervalms="0.475" />
<gc-start id="3204" type="global" contextid="3203" timestamp="2019-08-08T12:08:23.049">
  <mem-info id="3205" free="281600" total="28180480" percent="0">
    <mem type="tenure" free="281600" total="28180480" percent="0">
      <mem type="soa" free="0" total="27898880" percent="0" />
      <mem type="loa" free="281600" total="281600" percent="100" />
    </mem>
  </mem-info>
</gc-start>
<allocation-stats totalBytes="9889432" >
  <allocated-bytes non-tlh="0" tlh="9889432" />
  <largest-consumer threadName="main" threadId="0000000002369F00" bytes="9889432" />
</allocation-stats>
<gc-op id="3206" type="mark" timems="9.216" contextid="3203" timestamp="2019-08-08T12:08:23.059">
  <trace-info objectcount="600466" scancount="521357" scanbytes="13380660" />
  <finalization candidates="80" enqueued="0" />
  <ownableSynchronizers candidates="21" cleared="0" />
  <references type="soft" candidates="3261" cleared="0" enqueued="0" dynamicThreshold="11" maxThreshold="32" />
  <references type="weak" candidates="5588" cleared="0" enqueued="0" />
  <references type="phantom" candidates="97" cleared="0" enqueued="0" />
  <stringconstants candidates="13592" cleared="0"  />
</gc-op>
<gc-op id="3207" type="sweep" timems="2.637" contextid="3203" timestamp="2019-08-08T12:08:23.061" />
<mem-info id="3208" free="10206200" total="28180480" percent="36">
  <mem type="tenure" free="10206200" total="28180480" percent="36" micro-fragmented="0">
    <mem type="soa" free="9924600" total="27898880" percent="35" />
    <mem type="loa" free="281600" total="281600" percent="100" />
  </mem>
</mem-info>
<gc-op id="3209" type="compact" timems="33.650" contextid="3203" timestamp="2019-08-08T12:08:23.095">
  <compact-info movecount="2" movebytes="56" reason="compact to aid heap contraction" />
</gc-op>
<heap-resize id="3210" type="expand" space="tenure" amount="131072" count="1" timems="0.019" reason="satisfy allocation request" timestamp="2019-08-08T12:08:23.096" />
<gc-end id="3211" type="global" contextid="3203" durationms="46.175" usertimems="98.861" systemtimems="0.000" timestamp="2019-08-08T12:08:23.096" activeThreads="16">
  <mem-info id="3212" free="10271928" total="28311552" percent="36">
    <mem type="tenure" free="10271928" total="28311552" percent="36">
      <mem type="soa" free="9989304" total="28028928" percent="35" />
      <mem type="loa" free="282624" total="282624" percent="100" />
    </mem>
  </mem-info>
</gc-end>
<cycle-end id="3213" type="global" contextid="3203" timestamp="2019-08-08T12:08:23.096" />
  <attribute name="elasticGC enabled" value="1" />
  <attribute name= "numThreadsSpecified" value="16" />
  <attribute name="heapSize specified" value="28180480" />
  <attribute name="Current GC Util" value="45" />
  <attribute name= "Current Time Running" value="137585" />
  <attribute name ="GC Interval" value="0" />
  <attribute name="Target GC Util Change" value ="80.000000" />
  <attribute name="Current GC Util Change" value="45.000000"/>
  <attribute name="Current Error" value="-439.000000" />
  <attribute name="Output H" value="28255656"/>
  <attribute name="Output I" value="1224"/>
  <attribute name="Output T" value="16"/>
  <attribute name= "Current Time Running" value="137585" />
  <attribute name="GC Util currently" value="45" />
  <attribute name="CPU Util currently" value="34234191302" />
<allocation-satisfied id="3214" threadId="0000000002369F00" bytesRequested="1168" />
<af-end id="3215" timestamp="2019-08-08T12:08:23.096" threadId="000000000236A888" success="true" />
<exclusive-end id="3216" timestamp="2019-08-08T12:08:23.096" durationms="46.375" />

<concurrent-kickoff id="3217" timestamp="2019-08-08T12:08:23.100">
  <kickoff reason="threshold reached" targetBytes="4843012" thresholdFreeBytes="650662" remainingFree="539832" tenureFreeBytes="539832" />
</concurrent-kickoff>
<exclusive-start id="3218" timestamp="2019-08-08T12:08:23.101" intervalms="51.237">
  <response-info timems="0.759" idlems="0.759" threads="0" lastid="0000000002369F00" lastname="main" />
</exclusive-start>
<cycle-start id="3219" type="global" contextid="0" timestamp="2019-08-08T12:08:23.101" intervalms="51.149" />
<exclusive-end id="3220" timestamp="2019-08-08T12:08:23.101" durationms="0.018" />

<exclusive-start id="3221" timestamp="2019-08-08T12:08:23.101" intervalms="0.346">
  <response-info timems="0.031" idlems="0.031" threads="0" lastid="0000000002369F00" lastname="main" />
</exclusive-start>
<af-start id="3222" threadId="000000000236A888" totalBytesRequested="1168" timestamp="2019-08-08T12:08:23.101" intervalms="51.583" />
<concurrent-aborted id="3223" timestamp="2019-08-08T12:08:23.101">
  <reason value="insufficient progress made" />
</concurrent-aborted>
<cycle-end id="3224" type="global" contextid="3219" timestamp="2019-08-08T12:08:23.101" />
  <attribute name="elasticGC enabled" value="1" />
  <attribute name= "numThreadsSpecified" value="16" />
  <attribute name="heapSize specified" value="28180480" />
  <attribute name="Current GC Util" value="45" />
  <attribute name= "Current Time Running" value="137585" />
  <attribute name ="GC Interval" value="0" />
  <attribute name="Target GC Util Change" value ="80.000000" />
  <attribute name="Current GC Util Change" value="45.000000"/>
  <attribute name="Current Error" value="-439.000000" />
  <attribute name="Output H" value="28255656"/>
  <attribute name="Output I" value="1224"/>
  <attribute name="Output T" value="16"/>
  <attribute name= "Current Time Running" value="137585" />
  <attribute name="GC Util currently" value="45" />
  <attribute name="CPU Util currently" value="34234191302" />
<cycle-start id="3225" type="global" contextid="0" timestamp="2019-08-08T12:08:23.101" intervalms="0.414" />
<gc-start id="3226" type="global" contextid="3225" timestamp="2019-08-08T12:08:23.101">
  <mem-info id="3227" free="282624" total="28311552" percent="0">
    <mem type="tenure" free="282624" total="28311552" percent="0">
      <mem type="soa" free="0" total="28028928" percent="0" />
      <mem type="loa" free="282624" total="282624" percent="100" />
    </mem>
  </mem-info>
</gc-start>
<allocation-stats totalBytes="10018816" >
  <allocated-bytes non-tlh="0" tlh="10018816" />
  <largest-consumer threadName="main" threadId="0000000002369F00" bytes="10018816" />
</allocation-stats>
<gc-op id="3228" type="mark" timems="8.997" contextid="3225" timestamp="2019-08-08T12:08:23.110">
  <trace-info objectcount="600466" scancount="521352" scanbytes="13380660" />
  <finalization candidates="80" enqueued="0" />
  <ownableSynchronizers candidates="21" cleared="0" />
  <references type="soft" candidates="3261" cleared="0" enqueued="0" dynamicThreshold="11" maxThreshold="32" />
  <references type="weak" candidates="5588" cleared="0" enqueued="0" />
  <references type="phantom" candidates="97" cleared="0" enqueued="0" />
  <stringconstants candidates="13592" cleared="0"  />
</gc-op>
<gc-op id="3229" type="sweep" timems="1.872" contextid="3225" timestamp="2019-08-08T12:08:23.112" />
<mem-info id="3230" free="10337040" total="28311552" percent="36">
  <mem type="tenure" free="10337040" total="28311552" percent="36" micro-fragmented="0">
    <mem type="soa" free="10054416" total="28028928" percent="35" />
    <mem type="loa" free="282624" total="282624" percent="100" />
  </mem>
</mem-info>
<gc-op id="3231" type="compact" timems="28.336" contextid="3225" timestamp="2019-08-08T12:08:23.140">
  <compact-info movecount="2" movebytes="56" reason="compact to aid heap contraction" />
</gc-op>
<heap-resize id="3232" type="expand" space="tenure" amount="131072" count="1" timems="0.024" reason="satisfy allocation request" timestamp="2019-08-08T12:08:23.141" />
<gc-end id="3233" type="global" contextid="3225" durationms="39.866" usertimems="97.276" systemtimems="0.000" timestamp="2019-08-08T12:08:23.141" activeThreads="16">
  <mem-info id="3234" free="10403000" total="28442624" percent="36">
    <mem type="tenure" free="10403000" total="28442624" percent="36">
      <mem type="soa" free="10119352" total="28158976" percent="35" />
      <mem type="loa" free="283648" total="283648" percent="100" />
    </mem>
  </mem-info>
</gc-end>
<cycle-end id="3235" type="global" contextid="3225" timestamp="2019-08-08T12:08:23.141" />
  <attribute name="elasticGC enabled" value="1" />
  <attribute name= "numThreadsSpecified" value="16" />
  <attribute name="heapSize specified" value="28311552" />
  <attribute name="Current GC Util" value="49" />
  <attribute name= "Current Time Running" value="137630" />
  <attribute name ="GC Interval" value="0" />
  <attribute name="Target GC Util Change" value ="80.000000" />
  <attribute name="Current GC Util Change" value="49.000000"/>
  <attribute name="Current Error" value="-47.000000" />
  <attribute name="Output H" value="28387184"/>
  <attribute name="Output I" value="1928"/>
  <attribute name="Output T" value="16"/>
  <attribute name= "Current Time Running" value="137630" />
  <attribute name="GC Util currently" value="49" />
  <attribute name="CPU Util currently" value="40621359207" />
<allocation-satisfied id="3236" threadId="0000000002369F00" bytesRequested="1168" />
<af-end id="3237" timestamp="2019-08-08T12:08:23.141" threadId="000000000236A888" success="true" />
<exclusive-end id="3238" timestamp="2019-08-08T12:08:23.141" durationms="40.072" />

<concurrent-kickoff id="3239" timestamp="2019-08-08T12:08:23.146">
  <kickoff reason="threshold reached" targetBytes="4865433" thresholdFreeBytes="653673" remainingFree="539832" tenureFreeBytes="539832" />
</concurrent-kickoff>
<exclusive-start id="3240" timestamp="2019-08-08T12:08:23.146" intervalms="45.555">
  <response-info timems="0.054" idlems="0.054" threads="0" lastid="0000000002369F00" lastname="main" />
</exclusive-start>
<cycle-start id="3241" type="global" contextid="0" timestamp="2019-08-08T12:08:23.146" intervalms="45.499" />
<exclusive-end id="3242" timestamp="2019-08-08T12:08:23.146" durationms="0.029" />

<exclusive-start id="3243" timestamp="2019-08-08T12:08:23.147" intervalms="0.439">
  <response-info timems="0.035" idlems="0.035" threads="0" lastid="0000000002369F00" lastname="main" />
</exclusive-start>
<af-start id="3244" threadId="000000000236A888" totalBytesRequested="1168" timestamp="2019-08-08T12:08:23.147" intervalms="46.000" />
<concurrent-aborted id="3245" timestamp="2019-08-08T12:08:23.147">
  <reason value="insufficient progress made" />
</concurrent-aborted>
<cycle-end id="3246" type="global" contextid="3241" timestamp="2019-08-08T12:08:23.147" />
  <attribute name="elasticGC enabled" value="1" />
  <attribute name= "numThreadsSpecified" value="16" />
  <attribute name="heapSize specified" value="28311552" />
  <attribute name="Current GC Util" value="49" />
  <attribute name= "Current Time Running" value="137630" />
  <attribute name ="GC Interval" value="0" />
  <attribute name="Target GC Util Change" value ="80.000000" />
  <attribute name="Current GC Util Change" value="49.000000"/>
  <attribute name="Current Error" value="-47.000000" />
  <attribute name="Output H" value="28387184"/>
  <attribute name="Output I" value="1928"/>
  <attribute name="Output T" value="16"/>
  <attribute name= "Current Time Running" value="137630" />
  <attribute name="GC Util currently" value="49" />
  <attribute name="CPU Util currently" value="40621359207" />
<cycle-start id="3247" type="global" contextid="0" timestamp="2019-08-08T12:08:23.147" intervalms="0.519" />
<gc-start id="3248" type="global" contextid="3247" timestamp="2019-08-08T12:08:23.147">
  <mem-info id="3249" free="283648" total="28442624" percent="0">
    <mem type="tenure" free="283648" total="28442624" percent="0">
      <mem type="soa" free="0" total="28158976" percent="0" />
      <mem type="loa" free="283648" total="283648" percent="100" />
    </mem>
  </mem-info>
</gc-start>
<allocation-stats totalBytes="10148248" >
  <allocated-bytes non-tlh="0" tlh="10148248" />
  <largest-consumer threadName="main" threadId="0000000002369F00" bytes="10148248" />
</allocation-stats>
<gc-op id="3250" type="mark" timems="11.775" contextid="3247" timestamp="2019-08-08T12:08:23.159">
  <trace-info objectcount="600466" scancount="521349" scanbytes="13380660" />
  <finalization candidates="80" enqueued="0" />
  <ownableSynchronizers candidates="21" cleared="0" />
  <references type="soft" candidates="3261" cleared="0" enqueued="0" dynamicThreshold="11" maxThreshold="32" />
  <references type="weak" candidates="5588" cleared="0" enqueued="0" />
  <references type="phantom" candidates="97" cleared="0" enqueued="0" />
  <stringconstants candidates="13592" cleared="0"  />
</gc-op>
<gc-op id="3251" type="sweep" timems="1.562" contextid="3247" timestamp="2019-08-08T12:08:23.160" />
<mem-info id="3252" free="10467904" total="28442624" percent="36">
  <mem type="tenure" free="10467904" total="28442624" percent="36" micro-fragmented="0">
    <mem type="soa" free="10184256" total="28158976" percent="36" />
    <mem type="loa" free="283648" total="283648" percent="100" />
  </mem>
</mem-info>
<gc-op id="3253" type="compact" timems="28.592" contextid="3247" timestamp="2019-08-08T12:08:23.189">
  <compact-info movecount="2" movebytes="56" reason="compact to aid heap contraction" />
</gc-op>
<heap-resize id="3254" type="expand" space="tenure" amount="131072" count="1" timems="0.019" reason="satisfy allocation request" timestamp="2019-08-08T12:08:23.190" />
<gc-end id="3255" type="global" contextid="3247" durationms="42.674" usertimems="110.411" systemtimems="0.000" timestamp="2019-08-08T12:08:23.190" activeThreads="16">
  <mem-info id="3256" free="10534072" total="28573696" percent="36">
    <mem type="tenure" free="10534072" total="28573696" percent="36">
      <mem type="soa" free="10248376" total="28288000" percent="36" />
      <mem type="loa" free="285696" total="285696" percent="100" />
    </mem>
  </mem-info>
</gc-end>
<cycle-end id="3257" type="global" contextid="3247" timestamp="2019-08-08T12:08:23.190" />
  <attribute name="elasticGC enabled" value="1" />
  <attribute name= "numThreadsSpecified" value="16" />
  <attribute name="heapSize specified" value="28442624" />
  <attribute name="Current GC Util" value="35" />
  <attribute name= "Current Time Running" value="137679" />
  <attribute name ="GC Interval" value="0" />
  <attribute name="Target GC Util Change" value ="80.000000" />
  <attribute name="Current GC Util Change" value="35.000000"/>
  <attribute name="Current Error" value="47.000000" />
  <attribute name="Output H" value="28518360"/>
  <attribute name="Output I" value="2096"/>
  <attribute name="Output T" value="16"/>
  <attribute name= "Current Time Running" value="137679" />
  <attribute name="GC Util currently" value="35" />
  <attribute name="CPU Util currently" value="40264729773" />
<allocation-satisfied id="3258" threadId="0000000002369F00" bytesRequested="1168" />
<af-end id="3259" timestamp="2019-08-08T12:08:23.190" threadId="000000000236A888" success="true" />
<exclusive-end id="3260" timestamp="2019-08-08T12:08:23.190" durationms="42.954" />

<concurrent-kickoff id="3261" timestamp="2019-08-08T12:08:23.195">
  <kickoff reason="threshold reached" targetBytes="4887855" thresholdFreeBytes="656685" remainingFree="539832" tenureFreeBytes="539832" />
</concurrent-kickoff>
<exclusive-start id="3262" timestamp="2019-08-08T12:08:23.195" intervalms="47.986">
  <response-info timems="0.057" idlems="0.057" threads="0" lastid="0000000002369F00" lastname="main" />
</exclusive-start>
<cycle-start id="3263" type="global" contextid="0" timestamp="2019-08-08T12:08:23.195" intervalms="47.892" />
<exclusive-end id="3264" timestamp="2019-08-08T12:08:23.195" durationms="0.014" />

<exclusive-start id="3265" timestamp="2019-08-08T12:08:23.195" intervalms="0.385">
  <response-info timems="0.031" idlems="0.031" threads="0" lastid="0000000002369F00" lastname="main" />
</exclusive-start>
<af-start id="3266" threadId="000000000236A888" totalBytesRequested="1168" timestamp="2019-08-08T12:08:23.195" intervalms="48.363" />
<concurrent-aborted id="3267" timestamp="2019-08-08T12:08:23.195">
  <reason value="insufficient progress made" />
</concurrent-aborted>
<cycle-end id="3268" type="global" contextid="3263" timestamp="2019-08-08T12:08:23.195" />
  <attribute name="elasticGC enabled" value="1" />
  <attribute name= "numThreadsSpecified" value="16" />
  <attribute name="heapSize specified" value="28442624" />
  <attribute name="Current GC Util" value="35" />
  <attribute name= "Current Time Running" value="137679" />
  <attribute name ="GC Interval" value="0" />
  <attribute name="Target GC Util Change" value ="80.000000" />
  <attribute name="Current GC Util Change" value="35.000000"/>
  <attribute name="Current Error" value="47.000000" />
  <attribute name="Output H" value="28518360"/>
  <attribute name="Output I" value="2096"/>
  <attribute name="Output T" value="16"/>
  <attribute name= "Current Time Running" value="137679" />
  <attribute name="GC Util currently" value="35" />
  <attribute name="CPU Util currently" value="40264729773" />
<cycle-start id="3269" type="global" contextid="0" timestamp="2019-08-08T12:08:23.195" intervalms="0.461" />
<gc-start id="3270" type="global" contextid="3269" timestamp="2019-08-08T12:08:23.195">
  <mem-info id="3271" free="285696" total="28573696" percent="0">
    <mem type="tenure" free="285696" total="28573696" percent="0">
      <mem type="soa" free="0" total="28288000" percent="0" />
      <mem type="loa" free="285696" total="285696" percent="100" />
    </mem>
  </mem-info>
</gc-start>
<allocation-stats totalBytes="10276424" >
  <allocated-bytes non-tlh="0" tlh="10276424" />
  <largest-consumer threadName="main" threadId="0000000002369F00" bytes="10276424" />
</allocation-stats>
<gc-op id="3272" type="mark" timems="11.854" contextid="3269" timestamp="2019-08-08T12:08:23.207">
  <trace-info objectcount="600466" scancount="521352" scanbytes="13380660" />
  <finalization candidates="80" enqueued="0" />
  <ownableSynchronizers candidates="21" cleared="0" />
  <references type="soft" candidates="3261" cleared="0" enqueued="0" dynamicThreshold="11" maxThreshold="32" />
  <references type="weak" candidates="5588" cleared="0" enqueued="0" />
  <references type="phantom" candidates="97" cleared="0" enqueued="0" />
  <stringconstants candidates="13592" cleared="0"  />
</gc-op>
<gc-op id="3273" type="sweep" timems="1.689" contextid="3269" timestamp="2019-08-08T12:08:23.209" />
<mem-info id="3274" free="10599608" total="28573696" percent="37">
  <mem type="tenure" free="10599608" total="28573696" percent="37" micro-fragmented="0">
    <mem type="soa" free="10313912" total="28288000" percent="36" />
    <mem type="loa" free="285696" total="285696" percent="100" />
  </mem>
</mem-info>
<gc-op id="3275" type="compact" timems="27.473" contextid="3269" timestamp="2019-08-08T12:08:23.237">
  <compact-info movecount="2" movebytes="56" reason="compact to aid heap contraction" />
</gc-op>
<heap-resize id="3276" type="expand" space="tenure" amount="131072" count="1" timems="0.021" reason="satisfy allocation request" timestamp="2019-08-08T12:08:23.237" />
<gc-end id="3277" type="global" contextid="3269" durationms="41.750" usertimems="96.428" systemtimems="0.000" timestamp="2019-08-08T12:08:23.237" activeThreads="16">
  <mem-info id="3278" free="10665144" total="28704768" percent="37">
    <mem type="tenure" free="10665144" total="28704768" percent="37">
      <mem type="soa" free="10378424" total="28418048" percent="36" />
      <mem type="loa" free="286720" total="286720" percent="100" />
    </mem>
  </mem-info>
</gc-end>
<cycle-end id="3279" type="global" contextid="3269" timestamp="2019-08-08T12:08:23.237" />
  <attribute name="elasticGC enabled" value="1" />
  <attribute name= "numThreadsSpecified" value="16" />
  <attribute name="heapSize specified" value="28573696" />
  <attribute name="Current GC Util" value="28" />
  <attribute name= "Current Time Running" value="137727" />
  <attribute name ="GC Interval" value="0" />
  <attribute name="Target GC Util Change" value ="80.000000" />
  <attribute name="Current GC Util Change" value="28.000000"/>
  <attribute name="Current Error" value="52.000000" />
  <attribute name="Output H" value="28649440"/>
  <attribute name="Output I" value="2104"/>
  <attribute name="Output T" value="16"/>
  <attribute name= "Current Time Running" value="137727" />
  <attribute name="GC Util currently" value="28" />
  <attribute name="CPU Util currently" value="41918658219" />
<allocation-satisfied id="3280" threadId="0000000002369F00" bytesRequested="1168" />
<af-end id="3281" timestamp="2019-08-08T12:08:23.237" threadId="000000000236A888" success="true" />
<exclusive-end id="3282" timestamp="2019-08-08T12:08:23.237" durationms="41.974" />

<concurrent-kickoff id="3283" timestamp="2019-08-08T12:08:23.241">
  <kickoff reason="threshold reached" targetBytes="4910276" thresholdFreeBytes="659698" remainingFree="539832" tenureFreeBytes="539832" />
</concurrent-kickoff>
<exclusive-start id="3284" timestamp="2019-08-08T12:08:23.241" intervalms="45.881">
  <response-info timems="0.047" idlems="0.047" threads="0" lastid="0000000002369F00" lastname="main" />
</exclusive-start>
<cycle-start id="3285" type="global" contextid="0" timestamp="2019-08-08T12:08:23.241" intervalms="45.832" />
<exclusive-end id="3286" timestamp="2019-08-08T12:08:23.241" durationms="0.041" />

<exclusive-start id="3287" timestamp="2019-08-08T12:08:23.242" intervalms="0.385">
  <response-info timems="0.035" idlems="0.035" threads="0" lastid="0000000002369F00" lastname="main" />
</exclusive-start>
<af-start id="3288" threadId="000000000236A888" totalBytesRequested="1168" timestamp="2019-08-08T12:08:23.242" intervalms="46.266" />
<concurrent-aborted id="3289" timestamp="2019-08-08T12:08:23.242">
  <reason value="insufficient progress made" />
</concurrent-aborted>
<cycle-end id="3290" type="global" contextid="3285" timestamp="2019-08-08T12:08:23.242" />
  <attribute name="elasticGC enabled" value="1" />
  <attribute name= "numThreadsSpecified" value="16" />
  <attribute name="heapSize specified" value="28573696" />
  <attribute name="Current GC Util" value="28" />
  <attribute name= "Current Time Running" value="137727" />
  <attribute name ="GC Interval" value="0" />
  <attribute name="Target GC Util Change" value ="80.000000" />
  <attribute name="Current GC Util Change" value="28.000000"/>
  <attribute name="Current Error" value="52.000000" />
  <attribute name="Output H" value="28649440"/>
  <attribute name="Output I" value="2104"/>
  <attribute name="Output T" value="16"/>
  <attribute name= "Current Time Running" value="137727" />
  <attribute name="GC Util currently" value="28" />
  <attribute name="CPU Util currently" value="41918658219" />
<cycle-start id="3291" type="global" contextid="0" timestamp="2019-08-08T12:08:23.242" intervalms="0.415" />
<gc-start id="3292" type="global" contextid="3291" timestamp="2019-08-08T12:08:23.242">
  <mem-info id="3293" free="286720" total="28704768" percent="0">
    <mem type="tenure" free="286720" total="28704768" percent="0">
      <mem type="soa" free="0" total="28418048" percent="0" />
      <mem type="loa" free="286720" total="286720" percent="100" />
    </mem>
  </mem-info>
</gc-start>
<allocation-stats totalBytes="10407040" >
  <allocated-bytes non-tlh="0" tlh="10407040" />
  <largest-consumer threadName="main" threadId="0000000002369F00" bytes="10407040" />
</allocation-stats>
<gc-op id="3294" type="mark" timems="9.653" contextid="3291" timestamp="2019-08-08T12:08:23.251">
  <trace-info objectcount="600466" scancount="521356" scanbytes="13380660" />
  <finalization candidates="80" enqueued="0" />
  <ownableSynchronizers candidates="21" cleared="0" />
  <references type="soft" candidates="3261" cleared="0" enqueued="0" dynamicThreshold="11" maxThreshold="32" />
  <references type="weak" candidates="5588" cleared="0" enqueued="0" />
  <references type="phantom" candidates="97" cleared="0" enqueued="0" />
  <stringconstants candidates="13592" cleared="0"  />
</gc-op>
<gc-op id="3295" type="sweep" timems="3.382" contextid="3291" timestamp="2019-08-08T12:08:23.255" />
<mem-info id="3296" free="10730656" total="28704768" percent="37">
  <mem type="tenure" free="10730656" total="28704768" percent="37" micro-fragmented="0">
    <mem type="soa" free="10443936" total="28418048" percent="36" />
    <mem type="loa" free="286720" total="286720" percent="100" />
  </mem>
</mem-info>
<gc-op id="3297" type="compact" timems="40.206" contextid="3291" timestamp="2019-08-08T12:08:23.295">
  <compact-info movecount="2" movebytes="56" reason="compact to aid heap contraction" />
</gc-op>
<heap-resize id="3298" type="expand" space="tenure" amount="131072" count="1" timems="0.020" reason="satisfy allocation request" timestamp="2019-08-08T12:08:23.296" />
<gc-end id="3299" type="global" contextid="3291" durationms="54.801" usertimems="99.242" systemtimems="0.000" timestamp="2019-08-08T12:08:23.296" activeThreads="16">
  <mem-info id="3300" free="10796216" total="28835840" percent="37">
    <mem type="tenure" free="10796216" total="28835840" percent="37">
      <mem type="soa" free="10508472" total="28548096" percent="36" />
      <mem type="loa" free="287744" total="287744" percent="100" />
    </mem>
  </mem-info>
</gc-end>
<cycle-end id="3301" type="global" contextid="3291" timestamp="2019-08-08T12:08:23.296" />
  <attribute name="elasticGC enabled" value="1" />
  <attribute name= "numThreadsSpecified" value="16" />
  <attribute name="heapSize specified" value="28704768" />
  <attribute name="Current GC Util" value="27" />
  <attribute name= "Current Time Running" value="137785" />
  <attribute name ="GC Interval" value="0" />
  <attribute name="Target GC Util Change" value ="80.000000" />
  <attribute name="Current GC Util Change" value="27.000000"/>
  <attribute name="Current Error" value="-742.000000" />
  <attribute name="Output H" value="28779592"/>
  <attribute name="Output I" value="688"/>
  <attribute name="Output T" value="16"/>
  <attribute name= "Current Time Running" value="137785" />
  <attribute name="GC Util currently" value="27" />
  <attribute name="CPU Util currently" value="28629848630" />
<allocation-satisfied id="3302" threadId="0000000002369F00" bytesRequested="1168" />
<af-end id="3303" timestamp="2019-08-08T12:08:23.296" threadId="000000000236A888" success="true" />
<exclusive-end id="3304" timestamp="2019-08-08T12:08:23.296" durationms="54.972" />

<concurrent-kickoff id="3305" timestamp="2019-08-08T12:08:23.300">
  <kickoff reason="threshold reached" targetBytes="4932697" thresholdFreeBytes="662710" remainingFree="539832" tenureFreeBytes="539832" />
</concurrent-kickoff>
<exclusive-start id="3306" timestamp="2019-08-08T12:08:23.300" intervalms="58.889">
  <response-info timems="0.047" idlems="0.047" threads="0" lastid="0000000002369F00" lastname="main" />
</exclusive-start>
<cycle-start id="3307" type="global" contextid="0" timestamp="2019-08-08T12:08:23.300" intervalms="58.839" />
<exclusive-end id="3308" timestamp="2019-08-08T12:08:23.300" durationms="0.020" />

<exclusive-start id="3309" timestamp="2019-08-08T12:08:23.301" intervalms="0.332">
  <response-info timems="0.041" idlems="0.041" threads="0" lastid="0000000002369F00" lastname="main" />
</exclusive-start>
<af-start id="3310" threadId="000000000236A888" totalBytesRequested="1168" timestamp="2019-08-08T12:08:23.301" intervalms="59.275" />
<concurrent-aborted id="3311" timestamp="2019-08-08T12:08:23.301">
  <reason value="insufficient progress made" />
</concurrent-aborted>
<cycle-end id="3312" type="global" contextid="3307" timestamp="2019-08-08T12:08:23.301" />
  <attribute name="elasticGC enabled" value="1" />
  <attribute name= "numThreadsSpecified" value="16" />
  <attribute name="heapSize specified" value="28704768" />
  <attribute name="Current GC Util" value="27" />
  <attribute name= "Current Time Running" value="137785" />
  <attribute name ="GC Interval" value="0" />
  <attribute name="Target GC Util Change" value ="80.000000" />
  <attribute name="Current GC Util Change" value="27.000000"/>
  <attribute name="Current Error" value="-742.000000" />
  <attribute name="Output H" value="28779592"/>
  <attribute name="Output I" value="688"/>
  <attribute name="Output T" value="16"/>
  <attribute name= "Current Time Running" value="137785" />
  <attribute name="GC Util currently" value="27" />
  <attribute name="CPU Util currently" value="28629848630" />
<cycle-start id="3313" type="global" contextid="0" timestamp="2019-08-08T12:08:23.301" intervalms="0.438" />
<gc-start id="3314" type="global" contextid="3313" timestamp="2019-08-08T12:08:23.301">
  <mem-info id="3315" free="287744" total="28835840" percent="0">
    <mem type="tenure" free="287744" total="28835840" percent="0">
      <mem type="soa" free="0" total="28548096" percent="0" />
      <mem type="loa" free="287744" total="287744" percent="100" />
    </mem>
  </mem-info>
</gc-start>
<allocation-stats totalBytes="10536472" >
  <allocated-bytes non-tlh="0" tlh="10536472" />
  <largest-consumer threadName="main" threadId="0000000002369F00" bytes="10536472" />
</allocation-stats>
<gc-op id="3316" type="mark" timems="20.618" contextid="3313" timestamp="2019-08-08T12:08:23.322">
  <trace-info objectcount="600466" scancount="521356" scanbytes="13380660" />
  <finalization candidates="80" enqueued="0" />
  <ownableSynchronizers candidates="21" cleared="0" />
  <references type="soft" candidates="3261" cleared="0" enqueued="0" dynamicThreshold="11" maxThreshold="32" />
  <references type="weak" candidates="5588" cleared="0" enqueued="0" />
  <references type="phantom" candidates="97" cleared="0" enqueued="0" />
  <stringconstants candidates="13592" cleared="0"  />
</gc-op>
<gc-op id="3317" type="sweep" timems="2.356" contextid="3313" timestamp="2019-08-08T12:08:23.324" />
<mem-info id="3318" free="10861520" total="28835840" percent="37">
  <mem type="tenure" free="10861520" total="28835840" percent="37" micro-fragmented="0">
    <mem type="soa" free="10573776" total="28548096" percent="37" />
    <mem type="loa" free="287744" total="287744" percent="100" />
  </mem>
</mem-info>
<gc-op id="3319" type="compact" timems="26.234" contextid="3313" timestamp="2019-08-08T12:08:23.350">
  <compact-info movecount="2" movebytes="56" reason="compact to aid heap contraction" />
</gc-op>
<heap-resize id="3320" type="expand" space="tenure" amount="131072" count="1" timems="0.020" reason="satisfy allocation request" timestamp="2019-08-08T12:08:23.351" />
<gc-end id="3321" type="global" contextid="3313" durationms="50.309" usertimems="161.747" systemtimems="0.000" timestamp="2019-08-08T12:08:23.351" activeThreads="16">
  <mem-info id="3322" free="10927288" total="28966912" percent="37">
    <mem type="tenure" free="10927288" total="28966912" percent="37">
      <mem type="soa" free="10638520" total="28678144" percent="37" />
      <mem type="loa" free="288768" total="288768" percent="100" />
    </mem>
  </mem-info>
</gc-end>
<cycle-end id="3323" type="global" contextid="3313" timestamp="2019-08-08T12:08:23.351" />
  <attribute name="elasticGC enabled" value="1" />
  <attribute name= "numThreadsSpecified" value="16" />
  <attribute name="heapSize specified" value="28835840" />
  <attribute name="Current GC Util" value="36" />
  <attribute name= "Current Time Running" value="137840" />
  <attribute name ="GC Interval" value="0" />
  <attribute name="Target GC Util Change" value ="80.000000" />
  <attribute name="Current GC Util Change" value="36.000000"/>
  <attribute name="Current Error" value="-1083.000000" />
  <attribute name="Output H" value="28910272"/>
  <attribute name="Output I" value="200"/>
  <attribute name="Output T" value="16"/>
  <attribute name= "Current Time Running" value="137840" />
  <attribute name="GC Util currently" value="36" />
  <attribute name="CPU Util currently" value="43876152822" />
<allocation-satisfied id="3324" threadId="0000000002369F00" bytesRequested="1168" />
<af-end id="3325" timestamp="2019-08-08T12:08:23.351" threadId="000000000236A888" success="true" />
<exclusive-end id="3326" timestamp="2019-08-08T12:08:23.351" durationms="50.545" />

<concurrent-kickoff id="3327" timestamp="2019-08-08T12:08:23.356">
  <kickoff reason="threshold reached" targetBytes="4955118" thresholdFreeBytes="665723" remainingFree="539832" tenureFreeBytes="539832" />
</concurrent-kickoff>
<exclusive-start id="3328" timestamp="2019-08-08T12:08:23.356" intervalms="54.887">
  <response-info timems="0.022" idlems="0.022" threads="0" lastid="0000000002369F00" lastname="main" />
</exclusive-start>
<cycle-start id="3329" type="global" contextid="0" timestamp="2019-08-08T12:08:23.356" intervalms="54.773" />
<exclusive-end id="3330" timestamp="2019-08-08T12:08:23.356" durationms="0.014" />

<exclusive-start id="3331" timestamp="2019-08-08T12:08:23.356" intervalms="0.554">
  <response-info timems="0.022" idlems="0.022" threads="0" lastid="0000000002369F00" lastname="main" />
</exclusive-start>
<af-start id="3332" threadId="000000000236A888" totalBytesRequested="1168" timestamp="2019-08-08T12:08:23.356" intervalms="55.386" />
<concurrent-aborted id="3333" timestamp="2019-08-08T12:08:23.356">
  <reason value="insufficient progress made" />
</concurrent-aborted>
<cycle-end id="3334" type="global" contextid="3329" timestamp="2019-08-08T12:08:23.356" />
  <attribute name="elasticGC enabled" value="1" />
  <attribute name= "numThreadsSpecified" value="16" />
  <attribute name="heapSize specified" value="28835840" />
  <attribute name="Current GC Util" value="36" />
  <attribute name= "Current Time Running" value="137840" />
  <attribute name ="GC Interval" value="0" />
  <attribute name="Target GC Util Change" value ="80.000000" />
  <attribute name="Current GC Util Change" value="36.000000"/>
  <attribute name="Current Error" value="-1083.000000" />
  <attribute name="Output H" value="28910272"/>
  <attribute name="Output I" value="200"/>
  <attribute name="Output T" value="16"/>
  <attribute name= "Current Time Running" value="137840" />
  <attribute name="GC Util currently" value="36" />
  <attribute name="CPU Util currently" value="43876152822" />
<cycle-start id="3335" type="global" contextid="0" timestamp="2019-08-08T12:08:23.356" intervalms="0.611" />
<gc-start id="3336" type="global" contextid="3335" timestamp="2019-08-08T12:08:23.356">
  <mem-info id="3337" free="288768" total="28966912" percent="0">
    <mem type="tenure" free="288768" total="28966912" percent="0">
      <mem type="soa" free="0" total="28678144" percent="0" />
      <mem type="loa" free="288768" total="288768" percent="100" />
    </mem>
  </mem-info>
</gc-start>
<allocation-stats totalBytes="10665880" >
  <allocated-bytes non-tlh="0" tlh="10665880" />
  <largest-consumer threadName="main" threadId="0000000002369F00" bytes="10665880" />
</allocation-stats>
<gc-op id="3338" type="mark" timems="17.995" contextid="3335" timestamp="2019-08-08T12:08:23.374">
  <trace-info objectcount="600466" scancount="521356" scanbytes="13380660" />
  <finalization candidates="80" enqueued="0" />
  <ownableSynchronizers candidates="21" cleared="0" />
  <references type="soft" candidates="3261" cleared="0" enqueued="0" dynamicThreshold="12" maxThreshold="32" />
  <references type="weak" candidates="5588" cleared="0" enqueued="0" />
  <references type="phantom" candidates="97" cleared="0" enqueued="0" />
  <stringconstants candidates="13592" cleared="0"  />
</gc-op>
<gc-op id="3339" type="sweep" timems="3.285" contextid="3335" timestamp="2019-08-08T12:08:23.378" />
<mem-info id="3340" free="10992360" total="28966912" percent="37">
  <mem type="tenure" free="10992360" total="28966912" percent="37" micro-fragmented="0">
    <mem type="soa" free="10703592" total="28678144" percent="37" />
    <mem type="loa" free="288768" total="288768" percent="100" />
  </mem>
</mem-info>
<gc-op id="3341" type="compact" timems="42.786" contextid="3335" timestamp="2019-08-08T12:08:23.420">
  <compact-info movecount="2" movebytes="56" reason="compact to aid heap contraction" />
</gc-op>
<heap-resize id="3342" type="expand" space="tenure" amount="131072" count="1" timems="0.022" reason="satisfy allocation request" timestamp="2019-08-08T12:08:23.421" />
<gc-end id="3343" type="global" contextid="3335" durationms="64.879" usertimems="140.360" systemtimems="0.000" timestamp="2019-08-08T12:08:23.421" activeThreads="16">
  <mem-info id="3344" free="11058360" total="29097984" percent="38">
    <mem type="tenure" free="11058360" total="29097984" percent="38">
      <mem type="soa" free="10767544" total="28807168" percent="37" />
      <mem type="loa" free="290816" total="290816" percent="100" />
    </mem>
  </mem-info>
</gc-end>
<cycle-end id="3345" type="global" contextid="3335" timestamp="2019-08-08T12:08:23.421" />
  <attribute name="elasticGC enabled" value="1" />
  <attribute name= "numThreadsSpecified" value="16" />
  <attribute name="heapSize specified" value="28966912" />
  <attribute name="Current GC Util" value="50" />
  <attribute name= "Current Time Running" value="137911" />
  <attribute name ="GC Interval" value="0" />
  <attribute name="Target GC Util Change" value ="80.000000" />
  <attribute name="Current GC Util Change" value="50.000000"/>
  <attribute name="Current Error" value="-290.000000" />
  <attribute name="Output H" value="29042264"/>
  <attribute name="Output I" value="1496"/>
  <attribute name="Output T" value="16"/>
  <attribute name= "Current Time Running" value="137911" />
  <attribute name="GC Util currently" value="50" />
  <attribute name="CPU Util currently" value="26920692949" />
<allocation-satisfied id="3346" threadId="0000000002369F00" bytesRequested="1168" />
<af-end id="3347" timestamp="2019-08-08T12:08:23.421" threadId="000000000236A888" success="true" />
<exclusive-end id="3348" timestamp="2019-08-08T12:08:23.421" durationms="65.064" />

<concurrent-kickoff id="3349" timestamp="2019-08-08T12:08:23.427">
  <kickoff reason="threshold reached" targetBytes="4977539" thresholdFreeBytes="668735" remainingFree="539832" tenureFreeBytes="539832" />
</concurrent-kickoff>
<exclusive-start id="3350" timestamp="2019-08-08T12:08:23.427" intervalms="70.750">
  <response-info timems="0.081" idlems="0.081" threads="0" lastid="0000000002369F00" lastname="main" />
</exclusive-start>
<cycle-start id="3351" type="global" contextid="0" timestamp="2019-08-08T12:08:23.427" intervalms="70.709" />
<exclusive-end id="3352" timestamp="2019-08-08T12:08:23.427" durationms="0.029" />

<exclusive-start id="3353" timestamp="2019-08-08T12:08:23.427" intervalms="0.454">
  <response-info timems="0.039" idlems="0.039" threads="0" lastid="0000000002369F00" lastname="main" />
</exclusive-start>
<af-start id="3354" threadId="000000000236A888" totalBytesRequested="1168" timestamp="2019-08-08T12:08:23.427" intervalms="71.210" />
<concurrent-aborted id="3355" timestamp="2019-08-08T12:08:23.427">
  <reason value="insufficient progress made" />
</concurrent-aborted>
<cycle-end id="3356" type="global" contextid="3351" timestamp="2019-08-08T12:08:23.427" />
  <attribute name="elasticGC enabled" value="1" />
  <attribute name= "numThreadsSpecified" value="16" />
  <attribute name="heapSize specified" value="28966912" />
  <attribute name="Current GC Util" value="50" />
  <attribute name= "Current Time Running" value="137911" />
  <attribute name ="GC Interval" value="0" />
  <attribute name="Target GC Util Change" value ="80.000000" />
  <attribute name="Current GC Util Change" value="50.000000"/>
  <attribute name="Current Error" value="-290.000000" />
  <attribute name="Output H" value="29042264"/>
  <attribute name="Output I" value="1496"/>
  <attribute name="Output T" value="16"/>
  <attribute name= "Current Time Running" value="137911" />
  <attribute name="GC Util currently" value="50" />
  <attribute name="CPU Util currently" value="26920692949" />
<cycle-start id="3357" type="global" contextid="0" timestamp="2019-08-08T12:08:23.427" intervalms="0.509" />
<gc-start id="3358" type="global" contextid="3357" timestamp="2019-08-08T12:08:23.427">
  <mem-info id="3359" free="290816" total="29097984" percent="0">
    <mem type="tenure" free="290816" total="29097984" percent="0">
      <mem type="soa" free="0" total="28807168" percent="0" />
      <mem type="loa" free="290816" total="290816" percent="100" />
    </mem>
  </mem-info>
</gc-start>
<allocation-stats totalBytes="10794080" >
  <allocated-bytes non-tlh="0" tlh="10794080" />
  <largest-consumer threadName="main" threadId="0000000002369F00" bytes="10794080" />
</allocation-stats>
<gc-op id="3360" type="mark" timems="12.308" contextid="3357" timestamp="2019-08-08T12:08:23.440">
  <trace-info objectcount="600466" scancount="521354" scanbytes="13380660" />
  <finalization candidates="80" enqueued="0" />
  <ownableSynchronizers candidates="21" cleared="0" />
  <references type="soft" candidates="3261" cleared="0" enqueued="0" dynamicThreshold="12" maxThreshold="32" />
  <references type="weak" candidates="5588" cleared="0" enqueued="0" />
  <references type="phantom" candidates="97" cleared="0" enqueued="0" />
  <stringconstants candidates="13592" cleared="0"  />
</gc-op>
<gc-op id="3361" type="sweep" timems="7.140" contextid="3357" timestamp="2019-08-08T12:08:23.447" />
<mem-info id="3362" free="11123896" total="29097984" percent="38">
  <mem type="tenure" free="11123896" total="29097984" percent="38" micro-fragmented="0">
    <mem type="soa" free="10833080" total="28807168" percent="37" />
    <mem type="loa" free="290816" total="290816" percent="100" />
  </mem>
</mem-info>
<gc-op id="3363" type="compact" timems="28.921" contextid="3357" timestamp="2019-08-08T12:08:23.476">
  <compact-info movecount="2" movebytes="56" reason="compact to aid heap contraction" />
</gc-op>
<heap-resize id="3364" type="expand" space="tenure" amount="131072" count="1" timems="0.027" reason="satisfy allocation request" timestamp="2019-08-08T12:08:23.477" />
<gc-end id="3365" type="global" contextid="3357" durationms="49.631" usertimems="107.604" systemtimems="0.000" timestamp="2019-08-08T12:08:23.477" activeThreads="16">
  <mem-info id="3366" free="11189432" total="29229056" percent="38">
    <mem type="tenure" free="11189432" total="29229056" percent="38">
      <mem type="soa" free="10897592" total="28937216" percent="37" />
      <mem type="loa" free="291840" total="291840" percent="100" />
    </mem>
  </mem-info>
</gc-end>
<cycle-end id="3367" type="global" contextid="3357" timestamp="2019-08-08T12:08:23.477" />
  <attribute name="elasticGC enabled" value="1" />
  <attribute name= "numThreadsSpecified" value="16" />
  <attribute name="heapSize specified" value="29097984" />
  <attribute name="Current GC Util" value="56" />
  <attribute name= "Current Time Running" value="137966" />
  <attribute name ="GC Interval" value="0" />
  <attribute name="Target GC Util Change" value ="80.000000" />
  <attribute name="Current GC Util Change" value="56.000000"/>
  <attribute name="Current Error" value="91.000000" />
  <attribute name="Output H" value="29173776"/>
  <attribute name="Output I" value="2176"/>
  <attribute name="Output T" value="16"/>
  <attribute name= "Current Time Running" value="137966" />
  <attribute name="GC Util currently" value="56" />
  <attribute name="CPU Util currently" value="39840617843" />
<allocation-satisfied id="3368" threadId="0000000002369F00" bytesRequested="1168" />
<af-end id="3369" timestamp="2019-08-08T12:08:23.477" threadId="000000000236A888" success="true" />
<exclusive-end id="3370" timestamp="2019-08-08T12:08:23.477" durationms="49.816" />

<concurrent-kickoff id="3371" timestamp="2019-08-08T12:08:23.481">
  <kickoff reason="threshold reached" targetBytes="4999961" thresholdFreeBytes="671748" remainingFree="670904" tenureFreeBytes="670904" />
</concurrent-kickoff>
<exclusive-start id="3372" timestamp="2019-08-08T12:08:23.481" intervalms="53.890">
  <response-info timems="0.050" idlems="0.050" threads="0" lastid="0000000002369F00" lastname="main" />
</exclusive-start>
<cycle-start id="3373" type="global" contextid="0" timestamp="2019-08-08T12:08:23.481" intervalms="53.821" />
<exclusive-end id="3374" timestamp="2019-08-08T12:08:23.481" durationms="0.014" />

<exclusive-start id="3375" timestamp="2019-08-08T12:08:23.482" intervalms="0.374">
  <response-info timems="0.030" idlems="0.030" threads="0" lastid="0000000002369F00" lastname="main" />
</exclusive-start>
<af-start id="3376" threadId="000000000236A888" totalBytesRequested="1168" timestamp="2019-08-08T12:08:23.482" intervalms="54.261" />
<concurrent-aborted id="3377" timestamp="2019-08-08T12:08:23.482">
  <reason value="insufficient progress made" />
</concurrent-aborted>
<cycle-end id="3378" type="global" contextid="3373" timestamp="2019-08-08T12:08:23.482" />
  <attribute name="elasticGC enabled" value="1" />
  <attribute name= "numThreadsSpecified" value="16" />
  <attribute name="heapSize specified" value="29097984" />
  <attribute name="Current GC Util" value="56" />
  <attribute name= "Current Time Running" value="137966" />
  <attribute name ="GC Interval" value="0" />
  <attribute name="Target GC Util Change" value ="80.000000" />
  <attribute name="Current GC Util Change" value="56.000000"/>
  <attribute name="Current Error" value="91.000000" />
  <attribute name="Output H" value="29173776"/>
  <attribute name="Output I" value="2176"/>
  <attribute name="Output T" value="16"/>
  <attribute name= "Current Time Running" value="137966" />
  <attribute name="GC Util currently" value="56" />
  <attribute name="CPU Util currently" value="39840617843" />
<cycle-start id="3379" type="global" contextid="0" timestamp="2019-08-08T12:08:23.482" intervalms="0.431" />
<gc-start id="3380" type="global" contextid="3379" timestamp="2019-08-08T12:08:23.482">
  <mem-info id="3381" free="291840" total="29229056" percent="0">
    <mem type="tenure" free="291840" total="29229056" percent="0">
      <mem type="soa" free="0" total="28937216" percent="0" />
      <mem type="loa" free="291840" total="291840" percent="100" />
    </mem>
  </mem-info>
</gc-start>
<allocation-stats totalBytes="10923464" >
  <allocated-bytes non-tlh="0" tlh="10923464" />
  <largest-consumer threadName="main" threadId="0000000002369F00" bytes="10923464" />
</allocation-stats>
<gc-op id="3382" type="mark" timems="11.922" contextid="3379" timestamp="2019-08-08T12:08:23.494">
  <trace-info objectcount="600466" scancount="521356" scanbytes="13380660" />
  <finalization candidates="80" enqueued="0" />
  <ownableSynchronizers candidates="21" cleared="0" />
  <references type="soft" candidates="3261" cleared="0" enqueued="0" dynamicThreshold="12" maxThreshold="32" />
  <references type="weak" candidates="5588" cleared="0" enqueued="0" />
  <references type="phantom" candidates="97" cleared="0" enqueued="0" />
  <stringconstants candidates="13592" cleared="0"  />
</gc-op>
<gc-op id="3383" type="sweep" timems="4.154" contextid="3379" timestamp="2019-08-08T12:08:23.498" />
<mem-info id="3384" free="11254968" total="29229056" percent="38">
  <mem type="tenure" free="11254968" total="29229056" percent="38" micro-fragmented="0">
    <mem type="soa" free="10963128" total="28937216" percent="37" />
    <mem type="loa" free="291840" total="291840" percent="100" />
  </mem>
</mem-info>
<gc-op id="3385" type="compact" timems="36.600" contextid="3379" timestamp="2019-08-08T12:08:23.535">
  <compact-info movecount="2" movebytes="56" reason="compact to aid heap contraction" />
</gc-op>
<heap-resize id="3386" type="expand" space="tenure" amount="131072" count="1" timems="0.023" reason="satisfy allocation request" timestamp="2019-08-08T12:08:23.535" />
<gc-end id="3387" type="global" contextid="3379" durationms="53.745" usertimems="123.575" systemtimems="0.000" timestamp="2019-08-08T12:08:23.535" activeThreads="16">
  <mem-info id="3388" free="11320504" total="29360128" percent="38">
    <mem type="tenure" free="11320504" total="29360128" percent="38">
      <mem type="soa" free="11027640" total="29067264" percent="37" />
      <mem type="loa" free="292864" total="292864" percent="100" />
    </mem>
  </mem-info>
</gc-end>
<cycle-end id="3389" type="global" contextid="3379" timestamp="2019-08-08T12:08:23.536" />
  <attribute name="elasticGC enabled" value="1" />
  <attribute name= "numThreadsSpecified" value="16" />
  <attribute name="heapSize specified" value="29229056" />
  <attribute name="Current GC Util" value="70" />
  <attribute name= "Current Time Running" value="138025" />
  <attribute name ="GC Interval" value="0" />
  <attribute name="Target GC Util Change" value ="80.000000" />
  <attribute name="Current GC Util Change" value="70.000000"/>
  <attribute name="Current Error" value="55.000000" />
  <attribute name="Output H" value="29304800"/>
  <attribute name="Output I" value="2112"/>
  <attribute name="Output T" value="16"/>
  <attribute name= "Current Time Running" value="138025" />
  <attribute name="GC Util currently" value="70" />
  <attribute name="CPU Util currently" value="31436550139" />
<allocation-satisfied id="3390" threadId="0000000002369F00" bytesRequested="1168" />
<af-end id="3391" timestamp="2019-08-08T12:08:23.536" threadId="000000000236A888" success="true" />
<exclusive-end id="3392" timestamp="2019-08-08T12:08:23.536" durationms="53.932" />

<concurrent-kickoff id="3393" timestamp="2019-08-08T12:08:23.539">
  <kickoff reason="threshold reached" targetBytes="5022382" thresholdFreeBytes="674759" remainingFree="670904" tenureFreeBytes="670904" />
</concurrent-kickoff>
<exclusive-start id="3394" timestamp="2019-08-08T12:08:23.539" intervalms="57.823">
  <response-info timems="0.061" idlems="0.061" threads="0" lastid="0000000002369F00" lastname="main" />
</exclusive-start>
<cycle-start id="3395" type="global" contextid="0" timestamp="2019-08-08T12:08:23.539" intervalms="57.780" />
<exclusive-end id="3396" timestamp="2019-08-08T12:08:23.539" durationms="0.030" />

<exclusive-start id="3397" timestamp="2019-08-08T12:08:23.540" intervalms="0.372">
  <response-info timems="0.045" idlems="0.045" threads="0" lastid="0000000002369F00" lastname="main" />
</exclusive-start>
<af-start id="3398" threadId="000000000236A888" totalBytesRequested="1168" timestamp="2019-08-08T12:08:23.540" intervalms="58.205" />
<concurrent-aborted id="3399" timestamp="2019-08-08T12:08:23.540">
  <reason value="insufficient progress made" />
</concurrent-aborted>
<cycle-end id="3400" type="global" contextid="3395" timestamp="2019-08-08T12:08:23.540" />
  <attribute name="elasticGC enabled" value="1" />
  <attribute name= "numThreadsSpecified" value="16" />
  <attribute name="heapSize specified" value="29229056" />
  <attribute name="Current GC Util" value="70" />
  <attribute name= "Current Time Running" value="138025" />
  <attribute name ="GC Interval" value="0" />
  <attribute name="Target GC Util Change" value ="80.000000" />
  <attribute name="Current GC Util Change" value="70.000000"/>
  <attribute name="Current Error" value="55.000000" />
  <attribute name="Output H" value="29304800"/>
  <attribute name="Output I" value="2112"/>
  <attribute name="Output T" value="16"/>
  <attribute name= "Current Time Running" value="138025" />
  <attribute name="GC Util currently" value="70" />
  <attribute name="CPU Util currently" value="31436550139" />
<cycle-start id="3401" type="global" contextid="0" timestamp="2019-08-08T12:08:23.540" intervalms="0.444" />
<gc-start id="3402" type="global" contextid="3401" timestamp="2019-08-08T12:08:23.540">
  <mem-info id="3403" free="292864" total="29360128" percent="0">
    <mem type="tenure" free="292864" total="29360128" percent="0">
      <mem type="soa" free="0" total="29067264" percent="0" />
      <mem type="loa" free="292864" total="292864" percent="100" />
    </mem>
  </mem-info>
</gc-start>
<allocation-stats totalBytes="11054104" >
  <allocated-bytes non-tlh="0" tlh="11054104" />
  <largest-consumer threadName="main" threadId="0000000002369F00" bytes="11054104" />
</allocation-stats>
<gc-op id="3404" type="mark" timems="24.742" contextid="3401" timestamp="2019-08-08T12:08:23.565">
  <trace-info objectcount="600466" scancount="521354" scanbytes="13380660" />
  <finalization candidates="80" enqueued="0" />
  <ownableSynchronizers candidates="21" cleared="0" />
  <references type="soft" candidates="3261" cleared="0" enqueued="0" dynamicThreshold="12" maxThreshold="32" />
  <references type="weak" candidates="5588" cleared="0" enqueued="0" />
  <references type="phantom" candidates="97" cleared="0" enqueued="0" />
  <stringconstants candidates="13592" cleared="0"  />
</gc-op>
<gc-op id="3405" type="sweep" timems="11.673" contextid="3401" timestamp="2019-08-08T12:08:23.577" />
<mem-info id="3406" free="11386000" total="29360128" percent="38">
  <mem type="tenure" free="11386000" total="29360128" percent="38" micro-fragmented="0">
    <mem type="soa" free="11093136" total="29067264" percent="38" />
    <mem type="loa" free="292864" total="292864" percent="100" />
  </mem>
</mem-info>
<gc-op id="3407" type="compact" timems="34.884" contextid="3401" timestamp="2019-08-08T12:08:23.612">
  <compact-info movecount="2" movebytes="56" reason="compact to aid heap contraction" />
</gc-op>
<heap-resize id="3408" type="expand" space="tenure" amount="131072" count="1" timems="0.028" reason="satisfy allocation request" timestamp="2019-08-08T12:08:23.613" />
<gc-end id="3409" type="global" contextid="3401" durationms="72.873" usertimems="221.011" systemtimems="0.000" timestamp="2019-08-08T12:08:23.613" activeThreads="16">
  <mem-info id="3410" free="11451576" total="29491200" percent="38">
    <mem type="tenure" free="11451576" total="29491200" percent="38">
      <mem type="soa" free="11156664" total="29196288" percent="38" />
      <mem type="loa" free="294912" total="294912" percent="100" />
    </mem>
  </mem-info>
</gc-end>
<cycle-end id="3411" type="global" contextid="3401" timestamp="2019-08-08T12:08:23.613" />
  <attribute name="elasticGC enabled" value="1" />
  <attribute name= "numThreadsSpecified" value="16" />
  <attribute name="heapSize specified" value="29360128" />
  <attribute name="Current GC Util" value="28" />
  <attribute name= "Current Time Running" value="138102" />
  <attribute name ="GC Interval" value="0" />
  <attribute name="Target GC Util Change" value ="80.000000" />
  <attribute name="Current GC Util Change" value="28.000000"/>
  <attribute name="Current Error" value="52.000000" />
  <attribute name="Output H" value="29435872"/>
  <attribute name="Output I" value="2104"/>
  <attribute name="Output T" value="16"/>
  <attribute name= "Current Time Running" value="138102" />
  <attribute name="GC Util currently" value="28" />
  <attribute name="CPU Util currently" value="33023790512" />
<allocation-satisfied id="3412" threadId="0000000002369F00" bytesRequested="1168" />
<af-end id="3413" timestamp="2019-08-08T12:08:23.613" threadId="000000000236A888" success="true" />
<exclusive-end id="3414" timestamp="2019-08-08T12:08:23.613" durationms="73.164" />

<concurrent-kickoff id="3415" timestamp="2019-08-08T12:08:23.616">
  <kickoff reason="threshold reached" targetBytes="5044803" thresholdFreeBytes="677771" remainingFree="670904" tenureFreeBytes="670904" />
</concurrent-kickoff>
<exclusive-start id="3416" timestamp="2019-08-08T12:08:23.616" intervalms="76.232">
  <response-info timems="0.123" idlems="0.123" threads="0" lastid="0000000002369F00" lastname="main" />
</exclusive-start>
<cycle-start id="3417" type="global" contextid="0" timestamp="2019-08-08T12:08:23.616" intervalms="76.145" />
<exclusive-end id="3418" timestamp="2019-08-08T12:08:23.616" durationms="0.014" />

<exclusive-start id="3419" timestamp="2019-08-08T12:08:23.617" intervalms="0.535">
  <response-info timems="0.087" idlems="0.087" threads="0" lastid="0000000002369F00" lastname="main" />
</exclusive-start>
<af-start id="3420" threadId="000000000236A888" totalBytesRequested="1168" timestamp="2019-08-08T12:08:23.617" intervalms="76.783" />
<concurrent-aborted id="3421" timestamp="2019-08-08T12:08:23.617">
  <reason value="insufficient progress made" />
</concurrent-aborted>
<cycle-end id="3422" type="global" contextid="3417" timestamp="2019-08-08T12:08:23.617" />
  <attribute name="elasticGC enabled" value="1" />
  <attribute name= "numThreadsSpecified" value="16" />
  <attribute name="heapSize specified" value="29360128" />
  <attribute name="Current GC Util" value="28" />
  <attribute name= "Current Time Running" value="138102" />
  <attribute name ="GC Interval" value="0" />
  <attribute name="Target GC Util Change" value ="80.000000" />
  <attribute name="Current GC Util Change" value="28.000000"/>
  <attribute name="Current Error" value="52.000000" />
  <attribute name="Output H" value="29435872"/>
  <attribute name="Output I" value="2104"/>
  <attribute name="Output T" value="16"/>
  <attribute name= "Current Time Running" value="138102" />
  <attribute name="GC Util currently" value="28" />
  <attribute name="CPU Util currently" value="33023790512" />
<cycle-start id="3423" type="global" contextid="0" timestamp="2019-08-08T12:08:23.617" intervalms="0.619" />
<gc-start id="3424" type="global" contextid="3423" timestamp="2019-08-08T12:08:23.617">
  <mem-info id="3425" free="294912" total="29491200" percent="1">
    <mem type="tenure" free="294912" total="29491200" percent="1">
      <mem type="soa" free="0" total="29196288" percent="0" />
      <mem type="loa" free="294912" total="294912" percent="100" />
    </mem>
  </mem-info>
</gc-start>
<allocation-stats totalBytes="11182304" >
  <allocated-bytes non-tlh="0" tlh="11182304" />
  <largest-consumer threadName="main" threadId="0000000002369F00" bytes="11182304" />
</allocation-stats>
<gc-op id="3426" type="mark" timems="17.324" contextid="3423" timestamp="2019-08-08T12:08:23.634">
  <trace-info objectcount="600466" scancount="521355" scanbytes="13380660" />
  <finalization candidates="80" enqueued="0" />
  <ownableSynchronizers candidates="21" cleared="0" />
  <references type="soft" candidates="3261" cleared="0" enqueued="0" dynamicThreshold="12" maxThreshold="32" />
  <references type="weak" candidates="5588" cleared="0" enqueued="0" />
  <references type="phantom" candidates="97" cleared="0" enqueued="0" />
  <stringconstants candidates="13592" cleared="0"  />
</gc-op>
<gc-op id="3427" type="sweep" timems="3.973" contextid="3423" timestamp="2019-08-08T12:08:23.638" />
<mem-info id="3428" free="11516656" total="29491200" percent="39">
  <mem type="tenure" free="11516656" total="29491200" percent="39" micro-fragmented="0">
    <mem type="soa" free="11221744" total="29196288" percent="38" />
    <mem type="loa" free="294912" total="294912" percent="100" />
  </mem>
</mem-info>
<gc-op id="3429" type="compact" timems="24.779" contextid="3423" timestamp="2019-08-08T12:08:23.663">
  <compact-info movecount="2" movebytes="56" reason="compact to aid heap contraction" />
</gc-op>
<heap-resize id="3430" type="expand" space="tenure" amount="131072" count="1" timems="0.020" reason="satisfy allocation request" timestamp="2019-08-08T12:08:23.664" />
<gc-end id="3431" type="global" contextid="3423" durationms="46.795" usertimems="116.891" systemtimems="0.000" timestamp="2019-08-08T12:08:23.664" activeThreads="16">
  <mem-info id="3432" free="11582648" total="29622272" percent="39">
    <mem type="tenure" free="11582648" total="29622272" percent="39">
      <mem type="soa" free="11286712" total="29326336" percent="38" />
      <mem type="loa" free="295936" total="295936" percent="100" />
    </mem>
  </mem-info>
</gc-end>
<cycle-end id="3433" type="global" contextid="3423" timestamp="2019-08-08T12:08:23.664" />
  <attribute name="elasticGC enabled" value="1" />
  <attribute name= "numThreadsSpecified" value="16" />
  <attribute name="heapSize specified" value="29491200" />
  <attribute name="Current GC Util" value="36" />
  <attribute name= "Current Time Running" value="138153" />
  <attribute name ="GC Interval" value="0" />
  <attribute name="Target GC Util Change" value ="80.000000" />
  <attribute name="Current GC Util Change" value="36.000000"/>
  <attribute name="Current Error" value="-1272.000000" />
  <attribute name="Output H" value="29565416"/>
  <attribute name="Output I" value="200"/>
  <attribute name="Output T" value="16"/>
  <attribute name= "Current Time Running" value="138153" />
  <attribute name="GC Util currently" value="36" />
  <attribute name="CPU Util currently" value="46459428255" />
<allocation-satisfied id="3434" threadId="0000000002369F00" bytesRequested="1168" />
<af-end id="3435" timestamp="2019-08-08T12:08:23.664" threadId="000000000236A888" success="true" />
<exclusive-end id="3436" timestamp="2019-08-08T12:08:23.664" durationms="47.253" />

<concurrent-kickoff id="3437" timestamp="2019-08-08T12:08:23.666">
  <kickoff reason="threshold reached" targetBytes="5067224" thresholdFreeBytes="680784" remainingFree="670904" tenureFreeBytes="670904" />
</concurrent-kickoff>
<exclusive-start id="3438" timestamp="2019-08-08T12:08:23.666" intervalms="49.510">
  <response-info timems="0.047" idlems="0.047" threads="0" lastid="0000000002369F00" lastname="main" />
</exclusive-start>
<cycle-start id="3439" type="global" contextid="0" timestamp="2019-08-08T12:08:23.666" intervalms="49.435" />
<exclusive-end id="3440" timestamp="2019-08-08T12:08:23.666" durationms="0.024" />

<exclusive-start id="3441" timestamp="2019-08-08T12:08:23.666" intervalms="0.294">
  <response-info timems="0.027" idlems="0.027" threads="0" lastid="0000000002369F00" lastname="main" />
</exclusive-start>
<af-start id="3442" threadId="000000000236A888" totalBytesRequested="1168" timestamp="2019-08-08T12:08:23.666" intervalms="49.778" />
<concurrent-aborted id="3443" timestamp="2019-08-08T12:08:23.666">
  <reason value="insufficient progress made" />
</concurrent-aborted>
<cycle-end id="3444" type="global" contextid="3439" timestamp="2019-08-08T12:08:23.666" />
  <attribute name="elasticGC enabled" value="1" />
  <attribute name= "numThreadsSpecified" value="16" />
  <attribute name="heapSize specified" value="29491200" />
  <attribute name="Current GC Util" value="36" />
  <attribute name= "Current Time Running" value="138153" />
  <attribute name ="GC Interval" value="0" />
  <attribute name="Target GC Util Change" value ="80.000000" />
  <attribute name="Current GC Util Change" value="36.000000"/>
  <attribute name="Current Error" value="-1272.000000" />
  <attribute name="Output H" value="29565416"/>
  <attribute name="Output I" value="200"/>
  <attribute name="Output T" value="16"/>
  <attribute name= "Current Time Running" value="138153" />
  <attribute name="GC Util currently" value="36" />
  <attribute name="CPU Util currently" value="46459428255" />
<cycle-start id="3445" type="global" contextid="0" timestamp="2019-08-08T12:08:23.666" intervalms="0.352" />
<gc-start id="3446" type="global" contextid="3445" timestamp="2019-08-08T12:08:23.667">
  <mem-info id="3447" free="295936" total="29622272" percent="0">
    <mem type="tenure" free="295936" total="29622272" percent="0">
      <mem type="soa" free="0" total="29326336" percent="0" />
      <mem type="loa" free="295936" total="295936" percent="100" />
    </mem>
  </mem-info>
</gc-start>
<allocation-stats totalBytes="11311688" >
  <allocated-bytes non-tlh="0" tlh="11311688" />
  <largest-consumer threadName="main" threadId="0000000002369F00" bytes="11311688" />
</allocation-stats>
<gc-op id="3448" type="mark" timems="13.212" contextid="3445" timestamp="2019-08-08T12:08:23.680">
  <trace-info objectcount="600466" scancount="521357" scanbytes="13380660" />
  <finalization candidates="80" enqueued="0" />
  <ownableSynchronizers candidates="21" cleared="0" />
  <references type="soft" candidates="3261" cleared="0" enqueued="0" dynamicThreshold="12" maxThreshold="32" />
  <references type="weak" candidates="5588" cleared="0" enqueued="0" />
  <references type="phantom" candidates="97" cleared="0" enqueued="0" />
  <stringconstants candidates="13592" cleared="0"  />
</gc-op>
<gc-op id="3449" type="sweep" timems="11.381" contextid="3445" timestamp="2019-08-08T12:08:23.691" />
<mem-info id="3450" free="11647520" total="29622272" percent="39">
  <mem type="tenure" free="11647520" total="29622272" percent="39" micro-fragmented="0">
    <mem type="soa" free="11351584" total="29326336" percent="38" />
    <mem type="loa" free="295936" total="295936" percent="100" />
  </mem>
</mem-info>
<gc-op id="3451" type="compact" timems="25.718" contextid="3445" timestamp="2019-08-08T12:08:23.717">
  <compact-info movecount="2" movebytes="56" reason="compact to aid heap contraction" />
</gc-op>
<heap-resize id="3452" type="expand" space="tenure" amount="131072" count="1" timems="0.021" reason="satisfy allocation request" timestamp="2019-08-08T12:08:23.718" />
<gc-end id="3453" type="global" contextid="3445" durationms="51.129" usertimems="95.282" systemtimems="0.000" timestamp="2019-08-08T12:08:23.718" activeThreads="16">
  <mem-info id="3454" free="11713720" total="29753344" percent="39">
    <mem type="tenure" free="11713720" total="29753344" percent="39">
      <mem type="soa" free="11416760" total="29456384" percent="38" />
      <mem type="loa" free="296960" total="296960" percent="100" />
    </mem>
  </mem-info>
</gc-end>
<cycle-end id="3455" type="global" contextid="3445" timestamp="2019-08-08T12:08:23.718" />
  <attribute name="elasticGC enabled" value="1" />
  <attribute name= "numThreadsSpecified" value="16" />
  <attribute name="heapSize specified" value="29622272" />
  <attribute name="Current GC Util" value="53" />
  <attribute name= "Current Time Running" value="138207" />
  <attribute name ="GC Interval" value="0" />
  <attribute name="Target GC Util Change" value ="80.000000" />
  <attribute name="Current GC Util Change" value="53.000000"/>
  <attribute name="Current Error" value="-1009.000000" />
  <attribute name="Output H" value="29696792"/>
  <attribute name="Output I" value="208"/>
  <attribute name="Output T" value="16"/>
  <attribute name= "Current Time Running" value="138207" />
  <attribute name="GC Util currently" value="53" />
  <attribute name="CPU Util currently" value="44650944892" />
<allocation-satisfied id="3456" threadId="0000000002369F00" bytesRequested="1168" />
<af-end id="3457" timestamp="2019-08-08T12:08:23.718" threadId="000000000236A888" success="true" />
<exclusive-end id="3458" timestamp="2019-08-08T12:08:23.718" durationms="51.427" />

<concurrent-kickoff id="3459" timestamp="2019-08-08T12:08:23.721">
  <kickoff reason="threshold reached" targetBytes="5089647" thresholdFreeBytes="683797" remainingFree="670904" tenureFreeBytes="670904" />
</concurrent-kickoff>
<exclusive-start id="3460" timestamp="2019-08-08T12:08:23.721" intervalms="54.600">
  <response-info timems="0.020" idlems="0.020" threads="0" lastid="0000000002369F00" lastname="main" />
</exclusive-start>
<cycle-start id="3461" type="global" contextid="0" timestamp="2019-08-08T12:08:23.721" intervalms="54.533" />
<exclusive-end id="3462" timestamp="2019-08-08T12:08:23.721" durationms="0.015" />

<exclusive-start id="3463" timestamp="2019-08-08T12:08:23.721" intervalms="0.367">
  <response-info timems="0.012" idlems="0.012" threads="0" lastid="0000000002369F00" lastname="main" />
</exclusive-start>
<af-start id="3464" threadId="000000000236A888" totalBytesRequested="1168" timestamp="2019-08-08T12:08:23.721" intervalms="54.972" />
<concurrent-aborted id="3465" timestamp="2019-08-08T12:08:23.721">
  <reason value="insufficient progress made" />
</concurrent-aborted>
<cycle-end id="3466" type="global" contextid="3461" timestamp="2019-08-08T12:08:23.721" />
  <attribute name="elasticGC enabled" value="1" />
  <attribute name= "numThreadsSpecified" value="16" />
  <attribute name="heapSize specified" value="29622272" />
  <attribute name="Current GC Util" value="53" />
  <attribute name= "Current Time Running" value="138207" />
  <attribute name ="GC Interval" value="0" />
  <attribute name="Target GC Util Change" value ="80.000000" />
  <attribute name="Current GC Util Change" value="53.000000"/>
  <attribute name="Current Error" value="-1009.000000" />
  <attribute name="Output H" value="29696792"/>
  <attribute name="Output I" value="208"/>
  <attribute name="Output T" value="16"/>
  <attribute name= "Current Time Running" value="138207" />
  <attribute name="GC Util currently" value="53" />
  <attribute name="CPU Util currently" value="44650944892" />
<cycle-start id="3467" type="global" contextid="0" timestamp="2019-08-08T12:08:23.721" intervalms="0.448" />
<gc-start id="3468" type="global" contextid="3467" timestamp="2019-08-08T12:08:23.721">
  <mem-info id="3469" free="296960" total="29753344" percent="0">
    <mem type="tenure" free="296960" total="29753344" percent="0">
      <mem type="soa" free="0" total="29456384" percent="0" />
      <mem type="loa" free="296960" total="296960" percent="100" />
    </mem>
  </mem-info>
</gc-start>
<allocation-stats totalBytes="11441120" >
  <allocated-bytes non-tlh="0" tlh="11441120" />
  <largest-consumer threadName="main" threadId="0000000002369F00" bytes="11441120" />
</allocation-stats>
<gc-op id="3470" type="mark" timems="21.459" contextid="3467" timestamp="2019-08-08T12:08:23.743">
  <trace-info objectcount="600466" scancount="521357" scanbytes="13380660" />
  <finalization candidates="80" enqueued="0" />
  <ownableSynchronizers candidates="21" cleared="0" />
  <references type="soft" candidates="3261" cleared="0" enqueued="0" dynamicThreshold="12" maxThreshold="32" />
  <references type="weak" candidates="5588" cleared="0" enqueued="0" />
  <references type="phantom" candidates="97" cleared="0" enqueued="0" />
  <stringconstants candidates="13592" cleared="0"  />
</gc-op>
<gc-op id="3471" type="sweep" timems="2.143" contextid="3467" timestamp="2019-08-08T12:08:23.745" />
<mem-info id="3472" free="11779256" total="29753344" percent="39">
  <mem type="tenure" free="11779256" total="29753344" percent="39" micro-fragmented="0">
    <mem type="soa" free="11482296" total="29456384" percent="38" />
    <mem type="loa" free="296960" total="296960" percent="100" />
  </mem>
</mem-info>
<gc-op id="3473" type="compact" timems="33.401" contextid="3467" timestamp="2019-08-08T12:08:23.779">
  <compact-info movecount="2" movebytes="56" reason="compact to aid heap contraction" />
</gc-op>
<heap-resize id="3474" type="expand" space="tenure" amount="131072" count="1" timems="0.018" reason="satisfy allocation request" timestamp="2019-08-08T12:08:23.779" />
<gc-end id="3475" type="global" contextid="3467" durationms="57.705" usertimems="82.853" systemtimems="11.223" timestamp="2019-08-08T12:08:23.779" activeThreads="16">
  <mem-info id="3476" free="11844792" total="29884416" percent="39">
    <mem type="tenure" free="11844792" total="29884416" percent="39">
      <mem type="soa" free="11546808" total="29586432" percent="39" />
      <mem type="loa" free="297984" total="297984" percent="100" />
    </mem>
  </mem-info>
</gc-end>
<cycle-end id="3477" type="global" contextid="3467" timestamp="2019-08-08T12:08:23.779" />
  <attribute name="elasticGC enabled" value="1" />
  <attribute name= "numThreadsSpecified" value="16" />
  <attribute name="heapSize specified" value="29753344" />
  <attribute name="Current GC Util" value="73" />
  <attribute name= "Current Time Running" value="138269" />
  <attribute name ="GC Interval" value="0" />
  <attribute name="Target GC Util Change" value ="80.000000" />
  <attribute name="Current GC Util Change" value="73.000000"/>
  <attribute name="Current Error" value="-199.000000" />
  <attribute name="Output H" value="29828800"/>
  <attribute name="Output I" value="1656"/>
  <attribute name="Output T" value="16"/>
  <attribute name= "Current Time Running" value="138269" />
  <attribute name="GC Util currently" value="73" />
  <attribute name="CPU Util currently" value="34481934801" />
<allocation-satisfied id="3478" threadId="0000000002369F00" bytesRequested="1168" />
<af-end id="3479" timestamp="2019-08-08T12:08:23.779" threadId="000000000236A888" success="true" />
<exclusive-end id="3480" timestamp="2019-08-08T12:08:23.779" durationms="57.913" />

<concurrent-kickoff id="3481" timestamp="2019-08-08T12:08:23.782">
  <kickoff reason="threshold reached" targetBytes="5112068" thresholdFreeBytes="686809" remainingFree="670904" tenureFreeBytes="670904" />
</concurrent-kickoff>
<exclusive-start id="3482" timestamp="2019-08-08T12:08:23.782" intervalms="60.795">
  <response-info timems="0.021" idlems="0.021" threads="0" lastid="0000000002369F00" lastname="main" />
</exclusive-start>
<cycle-start id="3483" type="global" contextid="0" timestamp="2019-08-08T12:08:23.782" intervalms="60.714" />
<exclusive-end id="3484" timestamp="2019-08-08T12:08:23.782" durationms="0.013" />

<exclusive-start id="3485" timestamp="2019-08-08T12:08:23.782" intervalms="0.301">
  <response-info timems="0.041" idlems="0.041" threads="0" lastid="0000000002369F00" lastname="main" />
</exclusive-start>
<af-start id="3486" threadId="000000000236A888" totalBytesRequested="1168" timestamp="2019-08-08T12:08:23.783" intervalms="61.097" />
<concurrent-aborted id="3487" timestamp="2019-08-08T12:08:23.783">
  <reason value="insufficient progress made" />
</concurrent-aborted>
<cycle-end id="3488" type="global" contextid="3483" timestamp="2019-08-08T12:08:23.783" />
  <attribute name="elasticGC enabled" value="1" />
  <attribute name= "numThreadsSpecified" value="16" />
  <attribute name="heapSize specified" value="29753344" />
  <attribute name="Current GC Util" value="73" />
  <attribute name= "Current Time Running" value="138269" />
  <attribute name ="GC Interval" value="0" />
  <attribute name="Target GC Util Change" value ="80.000000" />
  <attribute name="Current GC Util Change" value="73.000000"/>
  <attribute name="Current Error" value="-199.000000" />
  <attribute name="Output H" value="29828800"/>
  <attribute name="Output I" value="1656"/>
  <attribute name="Output T" value="16"/>
  <attribute name= "Current Time Running" value="138269" />
  <attribute name="GC Util currently" value="73" />
  <attribute name="CPU Util currently" value="34481934801" />
<cycle-start id="3489" type="global" contextid="0" timestamp="2019-08-08T12:08:23.783" intervalms="0.369" />
<gc-start id="3490" type="global" contextid="3489" timestamp="2019-08-08T12:08:23.783">
  <mem-info id="3491" free="297984" total="29884416" percent="0">
    <mem type="tenure" free="297984" total="29884416" percent="0">
      <mem type="soa" free="0" total="29586432" percent="0" />
      <mem type="loa" free="297984" total="297984" percent="100" />
    </mem>
  </mem-info>
</gc-start>
<allocation-stats totalBytes="11570528" >
  <allocated-bytes non-tlh="0" tlh="11570528" />
  <largest-consumer threadName="main" threadId="0000000002369F00" bytes="11570528" />
</allocation-stats>
<gc-op id="3492" type="mark" timems="10.444" contextid="3489" timestamp="2019-08-08T12:08:23.793">
  <trace-info objectcount="600466" scancount="521356" scanbytes="13380660" />
  <finalization candidates="80" enqueued="0" />
  <ownableSynchronizers candidates="21" cleared="0" />
  <references type="soft" candidates="3261" cleared="0" enqueued="0" dynamicThreshold="12" maxThreshold="32" />
  <references type="weak" candidates="5588" cleared="0" enqueued="0" />
  <references type="phantom" candidates="97" cleared="0" enqueued="0" />
  <stringconstants candidates="13592" cleared="0"  />
</gc-op>
<gc-op id="3493" type="sweep" timems="3.003" contextid="3489" timestamp="2019-08-08T12:08:23.796" />
<mem-info id="3494" free="11910328" total="29884416" percent="39">
  <mem type="tenure" free="11910328" total="29884416" percent="39" micro-fragmented="0">
    <mem type="soa" free="11612344" total="29586432" percent="39" />
    <mem type="loa" free="297984" total="297984" percent="100" />
  </mem>
</mem-info>
<gc-op id="3495" type="compact" timems="32.019" contextid="3489" timestamp="2019-08-08T12:08:23.828">
  <compact-info movecount="2" movebytes="56" reason="compact to aid heap contraction" />
</gc-op>
<heap-resize id="3496" type="expand" space="tenure" amount="131072" count="1" timems="0.026" reason="satisfy allocation request" timestamp="2019-08-08T12:08:23.829" />
<gc-end id="3497" type="global" contextid="3489" durationms="46.144" usertimems="86.578" systemtimems="4.620" timestamp="2019-08-08T12:08:23.829" activeThreads="16">
  <mem-info id="3498" free="11975864" total="30015488" percent="39">
    <mem type="tenure" free="11975864" total="30015488" percent="39">
      <mem type="soa" free="11675832" total="29715456" percent="39" />
      <mem type="loa" free="300032" total="300032" percent="100" />
    </mem>
  </mem-info>
</gc-end>
<cycle-end id="3499" type="global" contextid="3489" timestamp="2019-08-08T12:08:23.829" />
  <attribute name="elasticGC enabled" value="1" />
  <attribute name= "numThreadsSpecified" value="16" />
  <attribute name="heapSize specified" value="29884416" />
  <attribute name="Current GC Util" value="39" />
  <attribute name= "Current Time Running" value="138318" />
  <attribute name ="GC Interval" value="0" />
  <attribute name="Target GC Util Change" value ="80.000000" />
  <attribute name="Current GC Util Change" value="39.000000"/>
  <attribute name="Current Error" value="-115.000000" />
  <attribute name="Output H" value="29959968"/>
  <attribute name="Output I" value="1808"/>
  <attribute name="Output T" value="16"/>
  <attribute name= "Current Time Running" value="138318" />
  <attribute name="GC Util currently" value="39" />
  <attribute name="CPU Util currently" value="35977447819" />
<allocation-satisfied id="3500" threadId="0000000002369F00" bytesRequested="1168" />
<af-end id="3501" timestamp="2019-08-08T12:08:23.829" threadId="000000000236A888" success="true" />
<exclusive-end id="3502" timestamp="2019-08-08T12:08:23.829" durationms="46.410" />

<concurrent-kickoff id="3503" timestamp="2019-08-08T12:08:23.832">
  <kickoff reason="threshold reached" targetBytes="5134489" thresholdFreeBytes="689821" remainingFree="670904" tenureFreeBytes="670904" />
</concurrent-kickoff>
<exclusive-start id="3504" timestamp="2019-08-08T12:08:23.832" intervalms="49.762">
  <response-info timems="0.024" idlems="0.024" threads="0" lastid="0000000002369F00" lastname="main" />
</exclusive-start>
<cycle-start id="3505" type="global" contextid="0" timestamp="2019-08-08T12:08:23.832" intervalms="49.703" />
<exclusive-end id="3506" timestamp="2019-08-08T12:08:23.832" durationms="0.026" />

<exclusive-start id="3507" timestamp="2019-08-08T12:08:23.833" intervalms="0.539">
  <response-info timems="0.191" idlems="0.191" threads="0" lastid="0000000002369F00" lastname="main" />
</exclusive-start>
<af-start id="3508" threadId="000000000236A888" totalBytesRequested="1168" timestamp="2019-08-08T12:08:23.833" intervalms="50.468" />
<concurrent-aborted id="3509" timestamp="2019-08-08T12:08:23.833">
  <reason value="insufficient progress made" />
</concurrent-aborted>
<cycle-end id="3510" type="global" contextid="3505" timestamp="2019-08-08T12:08:23.833" />
  <attribute name="elasticGC enabled" value="1" />
  <attribute name= "numThreadsSpecified" value="16" />
  <attribute name="heapSize specified" value="29884416" />
  <attribute name="Current GC Util" value="39" />
  <attribute name= "Current Time Running" value="138318" />
  <attribute name ="GC Interval" value="0" />
  <attribute name="Target GC Util Change" value ="80.000000" />
  <attribute name="Current GC Util Change" value="39.000000"/>
  <attribute name="Current Error" value="-115.000000" />
  <attribute name="Output H" value="29959968"/>
  <attribute name="Output I" value="1808"/>
  <attribute name="Output T" value="16"/>
  <attribute name= "Current Time Running" value="138318" />
  <attribute name="GC Util currently" value="39" />
  <attribute name="CPU Util currently" value="35977447819" />
<cycle-start id="3511" type="global" contextid="0" timestamp="2019-08-08T12:08:23.833" intervalms="0.775" />
<gc-start id="3512" type="global" contextid="3511" timestamp="2019-08-08T12:08:23.833">
  <mem-info id="3513" free="300032" total="30015488" percent="0">
    <mem type="tenure" free="300032" total="30015488" percent="0">
      <mem type="soa" free="0" total="29715456" percent="0" />
      <mem type="loa" free="300032" total="300032" percent="100" />
    </mem>
  </mem-info>
</gc-start>
<allocation-stats totalBytes="11699936" >
  <allocated-bytes non-tlh="0" tlh="11699936" />
  <largest-consumer threadName="main" threadId="0000000002369F00" bytes="11699936" />
</allocation-stats>
<gc-op id="3514" type="mark" timems="14.222" contextid="3511" timestamp="2019-08-08T12:08:23.847">
  <trace-info objectcount="600466" scancount="521377" scanbytes="13380660" />
  <finalization candidates="80" enqueued="0" />
  <ownableSynchronizers candidates="21" cleared="0" />
  <references type="soft" candidates="3261" cleared="0" enqueued="0" dynamicThreshold="12" maxThreshold="32" />
  <references type="weak" candidates="5588" cleared="0" enqueued="0" />
  <references type="phantom" candidates="97" cleared="0" enqueued="0" />
  <stringconstants candidates="13592" cleared="0"  />
</gc-op>
<gc-op id="3515" type="sweep" timems="2.898" contextid="3511" timestamp="2019-08-08T12:08:23.850" />
<mem-info id="3516" free="12041136" total="30015488" percent="40">
  <mem type="tenure" free="12041136" total="30015488" percent="40" micro-fragmented="0">
    <mem type="soa" free="11741104" total="29715456" percent="39" />
    <mem type="loa" free="300032" total="300032" percent="100" />
  </mem>
</mem-info>
<gc-op id="3517" type="compact" timems="28.686" contextid="3511" timestamp="2019-08-08T12:08:23.879">
  <compact-info movecount="2" movebytes="56" reason="compact to aid heap contraction" />
</gc-op>
<heap-resize id="3518" type="expand" space="tenure" amount="131072" count="1" timems="0.022" reason="satisfy allocation request" timestamp="2019-08-08T12:08:23.879" />
<gc-end id="3519" type="global" contextid="3511" durationms="46.515" usertimems="83.936" systemtimems="15.055" timestamp="2019-08-08T12:08:23.880" activeThreads="8">
  <mem-info id="3520" free="12106936" total="30146560" percent="40">
    <mem type="tenure" free="12106936" total="30146560" percent="40">
      <mem type="soa" free="11805880" total="29845504" percent="39" />
      <mem type="loa" free="301056" total="301056" percent="100" />
    </mem>
  </mem-info>
</gc-end>
<cycle-end id="3521" type="global" contextid="3511" timestamp="2019-08-08T12:08:23.880" />
  <attribute name="elasticGC enabled" value="1" />
  <attribute name= "numThreadsSpecified" value="8" />
  <attribute name="heapSize specified" value="30015488" />
  <attribute name="Current GC Util" value="40" />
  <attribute name= "Current Time Running" value="138369" />
  <attribute name ="GC Interval" value="0" />
  <attribute name="Target GC Util Change" value ="80.000000" />
  <attribute name="Current GC Util Change" value="40.000000"/>
  <attribute name="Current Error" value="-15.000000" />
  <attribute name="Output H" value="30091152"/>
  <attribute name="Output I" value="1984"/>
  <attribute name="Output T" value="8"/>
  <attribute name= "Current Time Running" value="138369" />
  <attribute name="GC Util currently" value="40" />
  <attribute name="CPU Util currently" value="40133099879" />
<allocation-satisfied id="3522" threadId="0000000002369F00" bytesRequested="1168" />
<af-end id="3523" timestamp="2019-08-08T12:08:23.880" threadId="000000000236A888" success="true" />
<exclusive-end id="3524" timestamp="2019-08-08T12:08:23.880" durationms="46.949" />

<concurrent-kickoff id="3525" timestamp="2019-08-08T12:08:23.883">
  <kickoff reason="threshold reached" targetBytes="5156910" thresholdFreeBytes="692833" remainingFree="670904" tenureFreeBytes="670904" />
</concurrent-kickoff>
<exclusive-start id="3526" timestamp="2019-08-08T12:08:23.883" intervalms="50.041">
  <response-info timems="0.017" idlems="0.017" threads="0" lastid="0000000002369F00" lastname="main" />
</exclusive-start>
<cycle-start id="3527" type="global" contextid="0" timestamp="2019-08-08T12:08:23.883" intervalms="49.796" />
<exclusive-end id="3528" timestamp="2019-08-08T12:08:23.883" durationms="0.012" />

<exclusive-start id="3529" timestamp="2019-08-08T12:08:23.883" intervalms="0.350">
  <response-info timems="0.050" idlems="0.050" threads="0" lastid="0000000002369F00" lastname="main" />
</exclusive-start>
<af-start id="3530" threadId="000000000236A888" totalBytesRequested="1168" timestamp="2019-08-08T12:08:23.883" intervalms="50.263" />
<concurrent-aborted id="3531" timestamp="2019-08-08T12:08:23.883">
  <reason value="insufficient progress made" />
</concurrent-aborted>
<cycle-end id="3532" type="global" contextid="3527" timestamp="2019-08-08T12:08:23.883" />
  <attribute name="elasticGC enabled" value="1" />
  <attribute name= "numThreadsSpecified" value="8" />
  <attribute name="heapSize specified" value="30015488" />
  <attribute name="Current GC Util" value="40" />
  <attribute name= "Current Time Running" value="138369" />
  <attribute name ="GC Interval" value="0" />
  <attribute name="Target GC Util Change" value ="80.000000" />
  <attribute name="Current GC Util Change" value="40.000000"/>
  <attribute name="Current Error" value="-15.000000" />
  <attribute name="Output H" value="30091152"/>
  <attribute name="Output I" value="1984"/>
  <attribute name="Output T" value="8"/>
  <attribute name= "Current Time Running" value="138369" />
  <attribute name="GC Util currently" value="40" />
  <attribute name="CPU Util currently" value="40133099879" />
<cycle-start id="3533" type="global" contextid="0" timestamp="2019-08-08T12:08:23.883" intervalms="0.467" />
<gc-start id="3534" type="global" contextid="3533" timestamp="2019-08-08T12:08:23.883">
  <mem-info id="3535" free="301056" total="30146560" percent="0">
    <mem type="tenure" free="301056" total="30146560" percent="0">
      <mem type="soa" free="0" total="29845504" percent="0" />
      <mem type="loa" free="301056" total="301056" percent="100" />
    </mem>
  </mem-info>
</gc-start>
<allocation-stats totalBytes="11829344" >
  <allocated-bytes non-tlh="0" tlh="11829344" />
  <largest-consumer threadName="main" threadId="0000000002369F00" bytes="11829344" />
</allocation-stats>
<gc-op id="3536" type="mark" timems="10.232" contextid="3533" timestamp="2019-08-08T12:08:23.894">
  <trace-info objectcount="600466" scancount="521359" scanbytes="13380660" />
  <finalization candidates="80" enqueued="0" />
  <ownableSynchronizers candidates="21" cleared="0" />
  <references type="soft" candidates="3261" cleared="0" enqueued="0" dynamicThreshold="12" maxThreshold="32" />
  <references type="weak" candidates="5588" cleared="0" enqueued="0" />
  <references type="phantom" candidates="97" cleared="0" enqueued="0" />
  <stringconstants candidates="13592" cleared="0"  />
</gc-op>
<gc-op id="3537" type="sweep" timems="1.388" contextid="3533" timestamp="2019-08-08T12:08:23.895" />
<mem-info id="3538" free="12172000" total="30146560" percent="40">
  <mem type="tenure" free="12172000" total="30146560" percent="40" micro-fragmented="0">
    <mem type="soa" free="11870944" total="29845504" percent="39" />
    <mem type="loa" free="301056" total="301056" percent="100" />
  </mem>
</mem-info>
<gc-op id="3539" type="compact" timems="34.191" contextid="3533" timestamp="2019-08-08T12:08:23.929">
  <compact-info movecount="2" movebytes="56" reason="compact to aid heap contraction" />
</gc-op>
<heap-resize id="3540" type="expand" space="tenure" amount="131072" count="1" timems="0.020" reason="satisfy allocation request" timestamp="2019-08-08T12:08:23.930" />
<gc-end id="3541" type="global" contextid="3533" durationms="46.856" usertimems="84.418" systemtimems="12.015" timestamp="2019-08-08T12:08:23.930" activeThreads="16">
  <mem-info id="3542" free="12238008" total="30277632" percent="40">
    <mem type="tenure" free="12238008" total="30277632" percent="40">
      <mem type="soa" free="11935928" total="29975552" percent="39" />
      <mem type="loa" free="302080" total="302080" percent="100" />
    </mem>
  </mem-info>
</gc-end>
<cycle-end id="3543" type="global" contextid="3533" timestamp="2019-08-08T12:08:23.930" />
  <attribute name="elasticGC enabled" value="1" />
  <attribute name= "numThreadsSpecified" value="16" />
  <attribute name="heapSize specified" value="30146560" />
  <attribute name="Current GC Util" value="61" />
  <attribute name= "Current Time Running" value="138419" />
  <attribute name ="GC Interval" value="0" />
  <attribute name="Target GC Util Change" value ="80.000000" />
  <attribute name="Current GC Util Change" value="61.000000"/>
  <attribute name="Current Error" value="19.000000" />
  <attribute name="Output H" value="30222264"/>
  <attribute name="Output I" value="2048"/>
  <attribute name="Output T" value="16"/>
  <attribute name= "Current Time Running" value="138419" />
  <attribute name="GC Util currently" value="61" />
  <attribute name="CPU Util currently" value="33674271398" />
<allocation-satisfied id="3544" threadId="0000000002369F00" bytesRequested="1168" />
<af-end id="3545" timestamp="2019-08-08T12:08:23.930" threadId="000000000236A888" success="true" />
<exclusive-end id="3546" timestamp="2019-08-08T12:08:23.930" durationms="47.093" />

<concurrent-kickoff id="3547" timestamp="2019-08-08T12:08:23.933">
  <kickoff reason="threshold reached" targetBytes="5179332" thresholdFreeBytes="695846" remainingFree="670904" tenureFreeBytes="670904" />
</concurrent-kickoff>
<exclusive-start id="3548" timestamp="2019-08-08T12:08:23.933" intervalms="49.417">
  <response-info timems="0.014" idlems="0.014" threads="0" lastid="0000000002369F00" lastname="main" />
</exclusive-start>
<cycle-start id="3549" type="global" contextid="0" timestamp="2019-08-08T12:08:23.933" intervalms="49.298" />
<exclusive-end id="3550" timestamp="2019-08-08T12:08:23.933" durationms="0.009" />

<exclusive-start id="3551" timestamp="2019-08-08T12:08:23.933" intervalms="0.485">
  <response-info timems="0.056" idlems="0.056" threads="0" lastid="0000000002369F00" lastname="main" />
</exclusive-start>
<af-start id="3552" threadId="000000000236A888" totalBytesRequested="1168" timestamp="2019-08-08T12:08:23.933" intervalms="49.856" />
<concurrent-aborted id="3553" timestamp="2019-08-08T12:08:23.933">
  <reason value="insufficient progress made" />
</concurrent-aborted>
<cycle-end id="3554" type="global" contextid="3549" timestamp="2019-08-08T12:08:23.933" />
  <attribute name="elasticGC enabled" value="1" />
  <attribute name= "numThreadsSpecified" value="16" />
  <attribute name="heapSize specified" value="30146560" />
  <attribute name="Current GC Util" value="61" />
  <attribute name= "Current Time Running" value="138419" />
  <attribute name ="GC Interval" value="0" />
  <attribute name="Target GC Util Change" value ="80.000000" />
  <attribute name="Current GC Util Change" value="61.000000"/>
  <attribute name="Current Error" value="19.000000" />
  <attribute name="Output H" value="30222264"/>
  <attribute name="Output I" value="2048"/>
  <attribute name="Output T" value="16"/>
  <attribute name= "Current Time Running" value="138419" />
  <attribute name="GC Util currently" value="61" />
  <attribute name="CPU Util currently" value="33674271398" />
<cycle-start id="3555" type="global" contextid="0" timestamp="2019-08-08T12:08:23.933" intervalms="0.543" />
<gc-start id="3556" type="global" contextid="3555" timestamp="2019-08-08T12:08:23.933">
  <mem-info id="3557" free="302080" total="30277632" percent="0">
    <mem type="tenure" free="302080" total="30277632" percent="0">
      <mem type="soa" free="0" total="29975552" percent="0" />
      <mem type="loa" free="302080" total="302080" percent="100" />
    </mem>
  </mem-info>
</gc-start>
<allocation-stats totalBytes="11958752" >
  <allocated-bytes non-tlh="0" tlh="11958752" />
  <largest-consumer threadName="main" threadId="0000000002369F00" bytes="11958752" />
</allocation-stats>
<gc-op id="3558" type="mark" timems="10.826" contextid="3555" timestamp="2019-08-08T12:08:23.944">
  <trace-info objectcount="600466" scancount="521356" scanbytes="13380660" />
  <finalization candidates="80" enqueued="0" />
  <ownableSynchronizers candidates="21" cleared="0" />
  <references type="soft" candidates="3261" cleared="0" enqueued="0" dynamicThreshold="12" maxThreshold="32" />
  <references type="weak" candidates="5588" cleared="0" enqueued="0" />
  <references type="phantom" candidates="97" cleared="0" enqueued="0" />
  <stringconstants candidates="13592" cleared="0"  />
</gc-op>
<gc-op id="3559" type="sweep" timems="3.604" contextid="3555" timestamp="2019-08-08T12:08:23.948" />
<mem-info id="3560" free="12302864" total="30277632" percent="40">
  <mem type="tenure" free="12302864" total="30277632" percent="40" micro-fragmented="0">
    <mem type="soa" free="12000784" total="29975552" percent="40" />
    <mem type="loa" free="302080" total="302080" percent="100" />
  </mem>
</mem-info>
<gc-op id="3561" type="compact" timems="27.142" contextid="3555" timestamp="2019-08-08T12:08:23.975">
  <compact-info movecount="2" movebytes="56" reason="compact to aid heap contraction" />
</gc-op>
<heap-resize id="3562" type="expand" space="tenure" amount="131072" count="1" timems="0.022" reason="satisfy allocation request" timestamp="2019-08-08T12:08:23.976" />
<gc-end id="3563" type="global" contextid="3555" durationms="43.066" usertimems="94.155" systemtimems="1.741" timestamp="2019-08-08T12:08:23.976" activeThreads="16">
  <mem-info id="3564" free="12369080" total="30408704" percent="40">
    <mem type="tenure" free="12369080" total="30408704" percent="40">
      <mem type="soa" free="12065976" total="30105600" percent="40" />
      <mem type="loa" free="303104" total="303104" percent="100" />
    </mem>
  </mem-info>
</gc-end>
<cycle-end id="3565" type="global" contextid="3555" timestamp="2019-08-08T12:08:23.976" />
  <attribute name="elasticGC enabled" value="1" />
  <attribute name= "numThreadsSpecified" value="16" />
  <attribute name="heapSize specified" value="30277632" />
  <attribute name="Current GC Util" value="33" />
  <attribute name= "Current Time Running" value="138465" />
  <attribute name ="GC Interval" value="0" />
  <attribute name="Target GC Util Change" value ="80.000000" />
  <attribute name="Current GC Util Change" value="33.000000"/>
  <attribute name="Current Error" value="-1079.000000" />
  <attribute name="Output H" value="30352072"/>
  <attribute name="Output I" value="200"/>
  <attribute name="Output T" value="16"/>
  <attribute name= "Current Time Running" value="138465" />
  <attribute name="GC Util currently" value="33" />
  <attribute name="CPU Util currently" value="42425286603" />
<allocation-satisfied id="3566" threadId="0000000002369F00" bytesRequested="1168" />
<af-end id="3567" timestamp="2019-08-08T12:08:23.976" threadId="000000000236A888" success="true" />
<exclusive-end id="3568" timestamp="2019-08-08T12:08:23.976" durationms="43.269" />

<concurrent-kickoff id="3569" timestamp="2019-08-08T12:08:23.979">
  <kickoff reason="threshold reached" targetBytes="5201753" thresholdFreeBytes="698858" remainingFree="670904" tenureFreeBytes="670904" />
</concurrent-kickoff>
<exclusive-start id="3570" timestamp="2019-08-08T12:08:23.979" intervalms="46.009">
  <response-info timems="0.054" idlems="0.054" threads="0" lastid="0000000002369F00" lastname="main" />
</exclusive-start>
<cycle-start id="3571" type="global" contextid="0" timestamp="2019-08-08T12:08:23.979" intervalms="45.958" />
<exclusive-end id="3572" timestamp="2019-08-08T12:08:23.979" durationms="0.020" />

<exclusive-start id="3573" timestamp="2019-08-08T12:08:23.979" intervalms="0.339">
  <response-info timems="0.038" idlems="0.038" threads="0" lastid="0000000002369F00" lastname="main" />
</exclusive-start>
<af-start id="3574" threadId="000000000236A888" totalBytesRequested="1168" timestamp="2019-08-08T12:08:23.979" intervalms="46.346" />
<concurrent-aborted id="3575" timestamp="2019-08-08T12:08:23.979">
  <reason value="insufficient progress made" />
</concurrent-aborted>
<cycle-end id="3576" type="global" contextid="3571" timestamp="2019-08-08T12:08:23.979" />
  <attribute name="elasticGC enabled" value="1" />
  <attribute name= "numThreadsSpecified" value="16" />
  <attribute name="heapSize specified" value="30277632" />
  <attribute name="Current GC Util" value="33" />
  <attribute name= "Current Time Running" value="138465" />
  <attribute name ="GC Interval" value="0" />
  <attribute name="Target GC Util Change" value ="80.000000" />
  <attribute name="Current GC Util Change" value="33.000000"/>
  <attribute name="Current Error" value="-1079.000000" />
  <attribute name="Output H" value="30352072"/>
  <attribute name="Output I" value="200"/>
  <attribute name="Output T" value="16"/>
  <attribute name= "Current Time Running" value="138465" />
  <attribute name="GC Util currently" value="33" />
  <attribute name="CPU Util currently" value="42425286603" />
<cycle-start id="3577" type="global" contextid="0" timestamp="2019-08-08T12:08:23.979" intervalms="0.389" />
<gc-start id="3578" type="global" contextid="3577" timestamp="2019-08-08T12:08:23.980">
  <mem-info id="3579" free="303104" total="30408704" percent="0">
    <mem type="tenure" free="303104" total="30408704" percent="0">
      <mem type="soa" free="0" total="30105600" percent="0" />
      <mem type="loa" free="303104" total="303104" percent="100" />
    </mem>
  </mem-info>
</gc-start>
<allocation-stats totalBytes="12088160" >
  <allocated-bytes non-tlh="0" tlh="12088160" />
  <largest-consumer threadName="main" threadId="0000000002369F00" bytes="12088160" />
</allocation-stats>
<gc-op id="3580" type="mark" timems="12.531" contextid="3577" timestamp="2019-08-08T12:08:23.992">
  <trace-info objectcount="600466" scancount="521358" scanbytes="13380660" />
  <finalization candidates="80" enqueued="0" />
  <ownableSynchronizers candidates="21" cleared="0" />
  <references type="soft" candidates="3261" cleared="0" enqueued="0" dynamicThreshold="13" maxThreshold="32" />
  <references type="weak" candidates="5588" cleared="0" enqueued="0" />
  <references type="phantom" candidates="97" cleared="0" enqueued="0" />
  <stringconstants candidates="13592" cleared="0"  />
</gc-op>
<gc-op id="3581" type="sweep" timems="2.716" contextid="3577" timestamp="2019-08-08T12:08:23.995" />
<mem-info id="3582" free="12434616" total="30408704" percent="40">
  <mem type="tenure" free="12434616" total="30408704" percent="40" micro-fragmented="0">
    <mem type="soa" free="12131512" total="30105600" percent="40" />
    <mem type="loa" free="303104" total="303104" percent="100" />
  </mem>
</mem-info>
<gc-op id="3583" type="compact" timems="28.354" contextid="3577" timestamp="2019-08-08T12:08:24.023">
  <compact-info movecount="2" movebytes="56" reason="compact to aid heap contraction" />
</gc-op>
<heap-resize id="3584" type="expand" space="tenure" amount="131072" count="1" timems="0.021" reason="satisfy allocation request" timestamp="2019-08-08T12:08:24.024" />
<gc-end id="3585" type="global" contextid="3577" durationms="44.629" usertimems="83.219" systemtimems="7.603" timestamp="2019-08-08T12:08:24.024" activeThreads="16">
  <mem-info id="3586" free="12500152" total="30539776" percent="40">
    <mem type="tenure" free="12500152" total="30539776" percent="40">
      <mem type="soa" free="12195000" total="30234624" percent="40" />
      <mem type="loa" free="305152" total="305152" percent="100" />
    </mem>
  </mem-info>
</gc-end>
<cycle-end id="3587" type="global" contextid="3577" timestamp="2019-08-08T12:08:24.024" />
  <attribute name="elasticGC enabled" value="1" />
  <attribute name= "numThreadsSpecified" value="16" />
  <attribute name="heapSize specified" value="30408704" />
  <attribute name="Current GC Util" value="56" />
  <attribute name= "Current Time Running" value="138513" />
  <attribute name ="GC Interval" value="0" />
  <attribute name="Target GC Util Change" value ="80.000000" />
  <attribute name="Current GC Util Change" value="56.000000"/>
  <attribute name="Current Error" value="-805.000000" />
  <attribute name="Output H" value="30483456"/>
  <attribute name="Output I" value="576"/>
  <attribute name="Output T" value="16"/>
  <attribute name= "Current Time Running" value="138513" />
  <attribute name="GC Util currently" value="56" />
  <attribute name="CPU Util currently" value="40591372386" />
<allocation-satisfied id="3588" threadId="0000000002369F00" bytesRequested="1168" />
<af-end id="3589" timestamp="2019-08-08T12:08:24.024" threadId="000000000236A888" success="true" />
<exclusive-end id="3590" timestamp="2019-08-08T12:08:24.024" durationms="44.828" />

<concurrent-kickoff id="3591" timestamp="2019-08-08T12:08:24.027">
  <kickoff reason="threshold reached" targetBytes="5224174" thresholdFreeBytes="701871" remainingFree="670904" tenureFreeBytes="670904" />
</concurrent-kickoff>
<exclusive-start id="3592" timestamp="2019-08-08T12:08:24.027" intervalms="47.523">
  <response-info timems="0.017" idlems="0.017" threads="0" lastid="0000000002369F00" lastname="main" />
</exclusive-start>
<cycle-start id="3593" type="global" contextid="0" timestamp="2019-08-08T12:08:24.027" intervalms="47.468" />
<exclusive-end id="3594" timestamp="2019-08-08T12:08:24.027" durationms="0.012" />

<exclusive-start id="3595" timestamp="2019-08-08T12:08:24.027" intervalms="0.299">
  <response-info timems="0.029" idlems="0.029" threads="0" lastid="0000000002369F00" lastname="main" />
</exclusive-start>
<af-start id="3596" threadId="000000000236A888" totalBytesRequested="1168" timestamp="2019-08-08T12:08:24.027" intervalms="47.821" />
<concurrent-aborted id="3597" timestamp="2019-08-08T12:08:24.027">
  <reason value="insufficient progress made" />
</concurrent-aborted>
<cycle-end id="3598" type="global" contextid="3593" timestamp="2019-08-08T12:08:24.027" />
  <attribute name="elasticGC enabled" value="1" />
  <attribute name= "numThreadsSpecified" value="16" />
  <attribute name="heapSize specified" value="30408704" />
  <attribute name="Current GC Util" value="56" />
  <attribute name= "Current Time Running" value="138513" />
  <attribute name ="GC Interval" value="0" />
  <attribute name="Target GC Util Change" value ="80.000000" />
  <attribute name="Current GC Util Change" value="56.000000"/>
  <attribute name="Current Error" value="-805.000000" />
  <attribute name="Output H" value="30483456"/>
  <attribute name="Output I" value="576"/>
  <attribute name="Output T" value="16"/>
  <attribute name= "Current Time Running" value="138513" />
  <attribute name="GC Util currently" value="56" />
  <attribute name="CPU Util currently" value="40591372386" />
<cycle-start id="3599" type="global" contextid="0" timestamp="2019-08-08T12:08:24.027" intervalms="0.351" />
<gc-start id="3600" type="global" contextid="3599" timestamp="2019-08-08T12:08:24.027">
  <mem-info id="3601" free="305152" total="30539776" percent="0">
    <mem type="tenure" free="305152" total="30539776" percent="0">
      <mem type="soa" free="0" total="30234624" percent="0" />
      <mem type="loa" free="305152" total="305152" percent="100" />
    </mem>
  </mem-info>
</gc-start>
<allocation-stats totalBytes="12217568" >
  <allocated-bytes non-tlh="0" tlh="12217568" />
  <largest-consumer threadName="main" threadId="0000000002369F00" bytes="12217568" />
</allocation-stats>
<gc-op id="3602" type="mark" timems="11.730" contextid="3599" timestamp="2019-08-08T12:08:24.039">
  <trace-info objectcount="600466" scancount="521355" scanbytes="13380660" />
  <finalization candidates="80" enqueued="0" />
  <ownableSynchronizers candidates="21" cleared="0" />
  <references type="soft" candidates="3261" cleared="0" enqueued="0" dynamicThreshold="13" maxThreshold="32" />
  <references type="weak" candidates="5588" cleared="0" enqueued="0" />
  <references type="phantom" candidates="97" cleared="0" enqueued="0" />
  <stringconstants candidates="13592" cleared="0"  />
</gc-op>
<gc-op id="3603" type="sweep" timems="2.272" contextid="3599" timestamp="2019-08-08T12:08:24.041" />
<mem-info id="3604" free="12565616" total="30539776" percent="41">
  <mem type="tenure" free="12565616" total="30539776" percent="41" micro-fragmented="0">
    <mem type="soa" free="12260464" total="30234624" percent="40" />
    <mem type="loa" free="305152" total="305152" percent="100" />
  </mem>
</mem-info>
<gc-op id="3605" type="compact" timems="25.836" contextid="3599" timestamp="2019-08-08T12:08:24.067">
  <compact-info movecount="2" movebytes="56" reason="compact to aid heap contraction" />
</gc-op>
<heap-resize id="3606" type="expand" space="tenure" amount="131072" count="1" timems="0.021" reason="satisfy allocation request" timestamp="2019-08-08T12:08:24.069" />
<gc-end id="3607" type="global" contextid="3599" durationms="41.439" usertimems="82.160" systemtimems="14.337" timestamp="2019-08-08T12:08:24.069" activeThreads="16">
  <mem-info id="3608" free="12631224" total="30670848" percent="41">
    <mem type="tenure" free="12631224" total="30670848" percent="41">
      <mem type="soa" free="12325048" total="30364672" percent="40" />
      <mem type="loa" free="306176" total="306176" percent="100" />
    </mem>
  </mem-info>
</gc-end>
<cycle-end id="3609" type="global" contextid="3599" timestamp="2019-08-08T12:08:24.069" />
  <attribute name="elasticGC enabled" value="1" />
  <attribute name= "numThreadsSpecified" value="16" />
  <attribute name="heapSize specified" value="30539776" />
  <attribute name="Current GC Util" value="33" />
  <attribute name= "Current Time Running" value="138557" />
  <attribute name ="GC Interval" value="0" />
  <attribute name="Target GC Util Change" value ="80.000000" />
  <attribute name="Current GC Util Change" value="33.000000"/>
  <attribute name="Current Error" value="-355.000000" />
  <attribute name="Output H" value="30615048"/>
  <attribute name="Output I" value="1376"/>
  <attribute name="Output T" value="16"/>
  <attribute name= "Current Time Running" value="138557" />
  <attribute name="GC Util currently" value="33" />
  <attribute name="CPU Util currently" value="44541875562" />
<allocation-satisfied id="3610" threadId="0000000002369F00" bytesRequested="1168" />
<af-end id="3611" timestamp="2019-08-08T12:08:24.069" threadId="000000000236A888" success="true" />
<exclusive-end id="3612" timestamp="2019-08-08T12:08:24.069" durationms="41.644" />

<concurrent-kickoff id="3613" timestamp="2019-08-08T12:08:24.071">
  <kickoff reason="threshold reached" targetBytes="5246596" thresholdFreeBytes="704883" remainingFree="670904" tenureFreeBytes="670904" />
</concurrent-kickoff>
<exclusive-start id="3614" timestamp="2019-08-08T12:08:24.071" intervalms="44.105">
  <response-info timems="0.019" idlems="0.019" threads="0" lastid="0000000002369F00" lastname="main" />
</exclusive-start>
<cycle-start id="3615" type="global" contextid="0" timestamp="2019-08-08T12:08:24.071" intervalms="44.063" />
<exclusive-end id="3616" timestamp="2019-08-08T12:08:24.071" durationms="0.026" />

<exclusive-start id="3617" timestamp="2019-08-08T12:08:24.072" intervalms="0.348">
  <response-info timems="0.074" idlems="0.074" threads="0" lastid="0000000002369F00" lastname="main" />
</exclusive-start>
<af-start id="3618" threadId="000000000236A888" totalBytesRequested="1168" timestamp="2019-08-08T12:08:24.072" intervalms="44.456" />
<concurrent-aborted id="3619" timestamp="2019-08-08T12:08:24.072">
  <reason value="insufficient progress made" />
</concurrent-aborted>
<cycle-end id="3620" type="global" contextid="3615" timestamp="2019-08-08T12:08:24.072" />
  <attribute name="elasticGC enabled" value="1" />
  <attribute name= "numThreadsSpecified" value="16" />
  <attribute name="heapSize specified" value="30539776" />
  <attribute name="Current GC Util" value="33" />
  <attribute name= "Current Time Running" value="138557" />
  <attribute name ="GC Interval" value="0" />
  <attribute name="Target GC Util Change" value ="80.000000" />
  <attribute name="Current GC Util Change" value="33.000000"/>
  <attribute name="Current Error" value="-355.000000" />
  <attribute name="Output H" value="30615048"/>
  <attribute name="Output I" value="1376"/>
  <attribute name="Output T" value="16"/>
  <attribute name= "Current Time Running" value="138557" />
  <attribute name="GC Util currently" value="33" />
  <attribute name="CPU Util currently" value="44541875562" />
<cycle-start id="3621" type="global" contextid="0" timestamp="2019-08-08T12:08:24.072" intervalms="0.444" />
<gc-start id="3622" type="global" contextid="3621" timestamp="2019-08-08T12:08:24.072">
  <mem-info id="3623" free="306176" total="30670848" percent="0">
    <mem type="tenure" free="306176" total="30670848" percent="0">
      <mem type="soa" free="0" total="30364672" percent="0" />
      <mem type="loa" free="306176" total="306176" percent="100" />
    </mem>
  </mem-info>
</gc-start>
<allocation-stats totalBytes="12346976" >
  <allocated-bytes non-tlh="0" tlh="12346976" />
  <largest-consumer threadName="main" threadId="0000000002369F00" bytes="12346976" />
</allocation-stats>
<gc-op id="3624" type="mark" timems="10.376" contextid="3621" timestamp="2019-08-08T12:08:24.082">
  <trace-info objectcount="600466" scancount="521357" scanbytes="13380660" />
  <finalization candidates="80" enqueued="0" />
  <ownableSynchronizers candidates="21" cleared="0" />
  <references type="soft" candidates="3261" cleared="0" enqueued="0" dynamicThreshold="13" maxThreshold="32" />
  <references type="weak" candidates="5588" cleared="0" enqueued="0" />
  <references type="phantom" candidates="97" cleared="0" enqueued="0" />
  <stringconstants candidates="13592" cleared="0"  />
</gc-op>
<gc-op id="3625" type="sweep" timems="2.845" contextid="3621" timestamp="2019-08-08T12:08:24.085" />
<mem-info id="3626" free="12696456" total="30670848" percent="41">
  <mem type="tenure" free="12696456" total="30670848" percent="41" micro-fragmented="0">
    <mem type="soa" free="12390280" total="30364672" percent="40" />
    <mem type="loa" free="306176" total="306176" percent="100" />
  </mem>
</mem-info>
<gc-op id="3627" type="compact" timems="34.413" contextid="3621" timestamp="2019-08-08T12:08:24.120">
  <compact-info movecount="2" movebytes="56" reason="compact to aid heap contraction" />
</gc-op>
<heap-resize id="3628" type="expand" space="tenure" amount="131072" count="1" timems="0.022" reason="satisfy allocation request" timestamp="2019-08-08T12:08:24.120" />
<gc-end id="3629" type="global" contextid="3621" durationms="48.281" usertimems="91.504" systemtimems="15.308" timestamp="2019-08-08T12:08:24.120" activeThreads="16">
  <mem-info id="3630" free="12762296" total="30801920" percent="41">
    <mem type="tenure" free="12762296" total="30801920" percent="41">
      <mem type="soa" free="12455096" total="30494720" percent="40" />
      <mem type="loa" free="307200" total="307200" percent="100" />
    </mem>
  </mem-info>
</gc-end>
<cycle-end id="3631" type="global" contextid="3621" timestamp="2019-08-08T12:08:24.120" />
  <attribute name="elasticGC enabled" value="1" />
  <attribute name= "numThreadsSpecified" value="16" />
  <attribute name="heapSize specified" value="30670848" />
  <attribute name="Current GC Util" value="30" />
  <attribute name= "Current Time Running" value="138610" />
  <attribute name ="GC Interval" value="0" />
  <attribute name="Target GC Util Change" value ="80.000000" />
  <attribute name="Current GC Util Change" value="30.000000"/>
  <attribute name="Current Error" value="23.000000" />
  <attribute name="Output H" value="30746560"/>
  <attribute name="Output I" value="2056"/>
  <attribute name="Output T" value="16"/>
  <attribute name= "Current Time Running" value="138610" />
  <attribute name="GC Util currently" value="30" />
  <attribute name="CPU Util currently" value="33478203951" />
<allocation-satisfied id="3632" threadId="0000000002369F00" bytesRequested="1168" />
<af-end id="3633" timestamp="2019-08-08T12:08:24.120" threadId="000000000236A888" success="true" />
<exclusive-end id="3634" timestamp="2019-08-08T12:08:24.120" durationms="48.541" />

<concurrent-kickoff id="3635" timestamp="2019-08-08T12:08:24.124">
  <kickoff reason="threshold reached" targetBytes="5269017" thresholdFreeBytes="707895" remainingFree="670904" tenureFreeBytes="670904" />
</concurrent-kickoff>
<exclusive-start id="3636" timestamp="2019-08-08T12:08:24.124" intervalms="52.418">
  <response-info timems="0.045" idlems="0.045" threads="0" lastid="0000000002369F00" lastname="main" />
</exclusive-start>
<cycle-start id="3637" type="global" contextid="0" timestamp="2019-08-08T12:08:24.124" intervalms="52.315" />
<exclusive-end id="3638" timestamp="2019-08-08T12:08:24.124" durationms="0.017" />

<exclusive-start id="3639" timestamp="2019-08-08T12:08:24.125" intervalms="0.486">
  <response-info timems="0.042" idlems="0.042" threads="0" lastid="0000000002369F00" lastname="main" />
</exclusive-start>
<af-start id="3640" threadId="000000000236A888" totalBytesRequested="1168" timestamp="2019-08-08T12:08:24.125" intervalms="52.914" />
<concurrent-aborted id="3641" timestamp="2019-08-08T12:08:24.125">
  <reason value="insufficient progress made" />
</concurrent-aborted>
<cycle-end id="3642" type="global" contextid="3637" timestamp="2019-08-08T12:08:24.125" />
  <attribute name="elasticGC enabled" value="1" />
  <attribute name= "numThreadsSpecified" value="16" />
  <attribute name="heapSize specified" value="30670848" />
  <attribute name="Current GC Util" value="30" />
  <attribute name= "Current Time Running" value="138610" />
  <attribute name ="GC Interval" value="0" />
  <attribute name="Target GC Util Change" value ="80.000000" />
  <attribute name="Current GC Util Change" value="30.000000"/>
  <attribute name="Current Error" value="23.000000" />
  <attribute name="Output H" value="30746560"/>
  <attribute name="Output I" value="2056"/>
  <attribute name="Output T" value="16"/>
  <attribute name= "Current Time Running" value="138610" />
  <attribute name="GC Util currently" value="30" />
  <attribute name="CPU Util currently" value="33478203951" />
<cycle-start id="3643" type="global" contextid="0" timestamp="2019-08-08T12:08:24.125" intervalms="0.559" />
<gc-start id="3644" type="global" contextid="3643" timestamp="2019-08-08T12:08:24.125">
  <mem-info id="3645" free="307200" total="30801920" percent="0">
    <mem type="tenure" free="307200" total="30801920" percent="0">
      <mem type="soa" free="0" total="30494720" percent="0" />
      <mem type="loa" free="307200" total="307200" percent="100" />
    </mem>
  </mem-info>
</gc-start>
<allocation-stats totalBytes="12476408" >
  <allocated-bytes non-tlh="0" tlh="12476408" />
  <largest-consumer threadName="main" threadId="0000000002369F00" bytes="12476408" />
</allocation-stats>
<gc-op id="3646" type="mark" timems="8.022" contextid="3643" timestamp="2019-08-08T12:08:24.133">
  <trace-info objectcount="600466" scancount="521355" scanbytes="13380660" />
  <finalization candidates="80" enqueued="0" />
  <ownableSynchronizers candidates="21" cleared="0" />
  <references type="soft" candidates="3261" cleared="0" enqueued="0" dynamicThreshold="13" maxThreshold="32" />
  <references type="weak" candidates="5588" cleared="0" enqueued="0" />
  <references type="phantom" candidates="97" cleared="0" enqueued="0" />
  <stringconstants candidates="13592" cleared="0"  />
</gc-op>
<gc-op id="3647" type="sweep" timems="3.022" contextid="3643" timestamp="2019-08-08T12:08:24.136" />
<mem-info id="3648" free="12827344" total="30801920" percent="41">
  <mem type="tenure" free="12827344" total="30801920" percent="41" micro-fragmented="0">
    <mem type="soa" free="12520144" total="30494720" percent="41" />
    <mem type="loa" free="307200" total="307200" percent="100" />
  </mem>
</mem-info>
<gc-op id="3649" type="compact" timems="30.178" contextid="3643" timestamp="2019-08-08T12:08:24.166">
  <compact-info movecount="2" movebytes="56" reason="compact to aid heap contraction" />
</gc-op>
<heap-resize id="3650" type="expand" space="tenure" amount="131072" count="1" timems="0.020" reason="satisfy allocation request" timestamp="2019-08-08T12:08:24.167" />
<gc-end id="3651" type="global" contextid="3643" durationms="41.935" usertimems="84.080" systemtimems="8.680" timestamp="2019-08-08T12:08:24.167" activeThreads="16">
  <mem-info id="3652" free="12893368" total="30932992" percent="41">
    <mem type="tenure" free="12893368" total="30932992" percent="41">
      <mem type="soa" free="12584120" total="30623744" percent="41" />
      <mem type="loa" free="309248" total="309248" percent="100" />
    </mem>
  </mem-info>
</gc-end>
<cycle-end id="3653" type="global" contextid="3643" timestamp="2019-08-08T12:08:24.167" />
  <attribute name="elasticGC enabled" value="1" />
  <attribute name= "numThreadsSpecified" value="16" />
  <attribute name="heapSize specified" value="30801920" />
  <attribute name="Current GC Util" value="47" />
  <attribute name= "Current Time Running" value="138656" />
  <attribute name ="GC Interval" value="0" />
  <attribute name="Target GC Util Change" value ="80.000000" />
  <attribute name="Current GC Util Change" value="47.000000"/>
  <attribute name="Current Error" value="39.000000" />
  <attribute name="Output H" value="30877648"/>
  <attribute name="Output I" value="2080"/>
  <attribute name="Output T" value="16"/>
  <attribute name= "Current Time Running" value="138656" />
  <attribute name="GC Util currently" value="47" />
  <attribute name="CPU Util currently" value="38135863892" />
<allocation-satisfied id="3654" threadId="0000000002369F00" bytesRequested="1168" />
<af-end id="3655" timestamp="2019-08-08T12:08:24.167" threadId="000000000236A888" success="true" />
<exclusive-end id="3656" timestamp="2019-08-08T12:08:24.167" durationms="42.153" />

<concurrent-kickoff id="3657" timestamp="2019-08-08T12:08:24.169">
  <kickoff reason="threshold reached" targetBytes="5291438" thresholdFreeBytes="710906" remainingFree="670904" tenureFreeBytes="670904" />
</concurrent-kickoff>
<exclusive-start id="3658" timestamp="2019-08-08T12:08:24.170" intervalms="44.961">
  <response-info timems="0.061" idlems="0.061" threads="0" lastid="0000000002369F00" lastname="main" />
</exclusive-start>
<cycle-start id="3659" type="global" contextid="0" timestamp="2019-08-08T12:08:24.170" intervalms="44.887" />
<exclusive-end id="3660" timestamp="2019-08-08T12:08:24.170" durationms="0.017" />

<exclusive-start id="3661" timestamp="2019-08-08T12:08:24.170" intervalms="0.371">
  <response-info timems="0.029" idlems="0.029" threads="0" lastid="0000000002369F00" lastname="main" />
</exclusive-start>
<af-start id="3662" threadId="000000000236A888" totalBytesRequested="1168" timestamp="2019-08-08T12:08:24.170" intervalms="45.326" />
<concurrent-aborted id="3663" timestamp="2019-08-08T12:08:24.170">
  <reason value="insufficient progress made" />
</concurrent-aborted>
<cycle-end id="3664" type="global" contextid="3659" timestamp="2019-08-08T12:08:24.170" />
  <attribute name="elasticGC enabled" value="1" />
  <attribute name= "numThreadsSpecified" value="16" />
  <attribute name="heapSize specified" value="30801920" />
  <attribute name="Current GC Util" value="47" />
  <attribute name= "Current Time Running" value="138656" />
  <attribute name ="GC Interval" value="0" />
  <attribute name="Target GC Util Change" value ="80.000000" />
  <attribute name="Current GC Util Change" value="47.000000"/>
  <attribute name="Current Error" value="39.000000" />
  <attribute name="Output H" value="30877648"/>
  <attribute name="Output I" value="2080"/>
  <attribute name="Output T" value="16"/>
  <attribute name= "Current Time Running" value="138656" />
  <attribute name="GC Util currently" value="47" />
  <attribute name="CPU Util currently" value="38135863892" />
<cycle-start id="3665" type="global" contextid="0" timestamp="2019-08-08T12:08:24.170" intervalms="0.442" />
<gc-start id="3666" type="global" contextid="3665" timestamp="2019-08-08T12:08:24.170">
  <mem-info id="3667" free="309248" total="30932992" percent="0">
    <mem type="tenure" free="309248" total="30932992" percent="0">
      <mem type="soa" free="0" total="30623744" percent="0" />
      <mem type="loa" free="309248" total="309248" percent="100" />
    </mem>
  </mem-info>
</gc-start>
<allocation-stats totalBytes="12604560" >
  <allocated-bytes non-tlh="0" tlh="12604560" />
  <largest-consumer threadName="main" threadId="0000000002369F00" bytes="12604560" />
</allocation-stats>
<gc-op id="3668" type="mark" timems="12.501" contextid="3665" timestamp="2019-08-08T12:08:24.183">
  <trace-info objectcount="600466" scancount="521354" scanbytes="13380660" />
  <finalization candidates="80" enqueued="0" />
  <ownableSynchronizers candidates="21" cleared="0" />
  <references type="soft" candidates="3261" cleared="0" enqueued="0" dynamicThreshold="13" maxThreshold="32" />
  <references type="weak" candidates="5588" cleared="0" enqueued="0" />
  <references type="phantom" candidates="97" cleared="0" enqueued="0" />
  <stringconstants candidates="13592" cleared="0"  />
</gc-op>
<gc-op id="3669" type="sweep" timems="1.750" contextid="3665" timestamp="2019-08-08T12:08:24.184" />
<mem-info id="3670" free="12958904" total="30932992" percent="41">
  <mem type="tenure" free="12958904" total="30932992" percent="41" micro-fragmented="0">
    <mem type="soa" free="12649656" total="30623744" percent="41" />
    <mem type="loa" free="309248" total="309248" percent="100" />
  </mem>
</mem-info>
<gc-op id="3671" type="compact" timems="25.778" contextid="3665" timestamp="2019-08-08T12:08:24.210">
  <compact-info movecount="2" movebytes="56" reason="compact to aid heap contraction" />
</gc-op>
<heap-resize id="3672" type="expand" space="tenure" amount="131072" count="1" timems="0.022" reason="satisfy allocation request" timestamp="2019-08-08T12:08:24.211" />
<gc-end id="3673" type="global" contextid="3665" durationms="40.927" usertimems="81.313" systemtimems="18.031" timestamp="2019-08-08T12:08:24.211" activeThreads="16">
  <mem-info id="3674" free="13024440" total="31064064" percent="41">
    <mem type="tenure" free="13024440" total="31064064" percent="41">
      <mem type="soa" free="12714168" total="30753792" percent="41" />
      <mem type="loa" free="310272" total="310272" percent="100" />
    </mem>
  </mem-info>
</gc-end>
<cycle-end id="3675" type="global" contextid="3665" timestamp="2019-08-08T12:08:24.211" />
  <attribute name="elasticGC enabled" value="1" />
  <attribute name= "numThreadsSpecified" value="16" />
  <attribute name="heapSize specified" value="30932992" />
  <attribute name="Current GC Util" value="55" />
  <attribute name= "Current Time Running" value="138700" />
  <attribute name ="GC Interval" value="0" />
  <attribute name="Target GC Util Change" value ="80.000000" />
  <attribute name="Current GC Util Change" value="55.000000"/>
  <attribute name="Current Error" value="25.000000" />
  <attribute name="Output H" value="31008704"/>
  <attribute name="Output I" value="2056"/>
  <attribute name="Output T" value="16"/>
  <attribute name= "Current Time Running" value="138700" />
  <attribute name="GC Util currently" value="55" />
  <attribute name="CPU Util currently" value="44649884642" />
<allocation-satisfied id="3676" threadId="0000000002369F00" bytesRequested="1168" />
<af-end id="3677" timestamp="2019-08-08T12:08:24.211" threadId="000000000236A888" success="true" />
<exclusive-end id="3678" timestamp="2019-08-08T12:08:24.211" durationms="41.127" />

<concurrent-kickoff id="3679" timestamp="2019-08-08T12:08:24.214">
  <kickoff reason="threshold reached" targetBytes="5313859" thresholdFreeBytes="713920" remainingFree="670904" tenureFreeBytes="670904" />
</concurrent-kickoff>
<exclusive-start id="3680" timestamp="2019-08-08T12:08:24.214" intervalms="43.792">
  <response-info timems="0.047" idlems="0.047" threads="0" lastid="0000000002369F00" lastname="main" />
</exclusive-start>
<cycle-start id="3681" type="global" contextid="0" timestamp="2019-08-08T12:08:24.214" intervalms="43.719" />
<exclusive-end id="3682" timestamp="2019-08-08T12:08:24.214" durationms="0.013" />

<exclusive-start id="3683" timestamp="2019-08-08T12:08:24.214" intervalms="0.450">
  <response-info timems="0.038" idlems="0.038" threads="0" lastid="0000000002369F00" lastname="main" />
</exclusive-start>
<af-start id="3684" threadId="000000000236A888" totalBytesRequested="1168" timestamp="2019-08-08T12:08:24.214" intervalms="44.253" />
<concurrent-aborted id="3685" timestamp="2019-08-08T12:08:24.214">
  <reason value="insufficient progress made" />
</concurrent-aborted>
<cycle-end id="3686" type="global" contextid="3681" timestamp="2019-08-08T12:08:24.214" />
  <attribute name="elasticGC enabled" value="1" />
  <attribute name= "numThreadsSpecified" value="16" />
  <attribute name="heapSize specified" value="30932992" />
  <attribute name="Current GC Util" value="55" />
  <attribute name= "Current Time Running" value="138700" />
  <attribute name ="GC Interval" value="0" />
  <attribute name="Target GC Util Change" value ="80.000000" />
  <attribute name="Current GC Util Change" value="55.000000"/>
  <attribute name="Current Error" value="25.000000" />
  <attribute name="Output H" value="31008704"/>
  <attribute name="Output I" value="2056"/>
  <attribute name="Output T" value="16"/>
  <attribute name= "Current Time Running" value="138700" />
  <attribute name="GC Util currently" value="55" />
  <attribute name="CPU Util currently" value="44649884642" />
<cycle-start id="3687" type="global" contextid="0" timestamp="2019-08-08T12:08:24.214" intervalms="0.554" />
<gc-start id="3688" type="global" contextid="3687" timestamp="2019-08-08T12:08:24.214">
  <mem-info id="3689" free="310272" total="31064064" percent="0">
    <mem type="tenure" free="310272" total="31064064" percent="0">
      <mem type="soa" free="0" total="30753792" percent="0" />
      <mem type="loa" free="310272" total="310272" percent="100" />
    </mem>
  </mem-info>
</gc-start>
<allocation-stats totalBytes="12733992" >
  <allocated-bytes non-tlh="0" tlh="12733992" />
  <largest-consumer threadName="main" threadId="0000000002369F00" bytes="12733992" />
</allocation-stats>
<gc-op id="3690" type="mark" timems="30.105" contextid="3687" timestamp="2019-08-08T12:08:24.244">
  <trace-info objectcount="600466" scancount="521356" scanbytes="13380660" />
  <finalization candidates="80" enqueued="0" />
  <ownableSynchronizers candidates="21" cleared="0" />
  <references type="soft" candidates="3261" cleared="0" enqueued="0" dynamicThreshold="13" maxThreshold="32" />
  <references type="weak" candidates="5588" cleared="0" enqueued="0" />
  <references type="phantom" candidates="97" cleared="0" enqueued="0" />
  <stringconstants candidates="13592" cleared="0"  />
</gc-op>
<gc-op id="3691" type="sweep" timems="8.358" contextid="3687" timestamp="2019-08-08T12:08:24.253" />
<mem-info id="3692" free="13089976" total="31064064" percent="42">
  <mem type="tenure" free="13089976" total="31064064" percent="42" micro-fragmented="0">
    <mem type="soa" free="12779704" total="30753792" percent="41" />
    <mem type="loa" free="310272" total="310272" percent="100" />
  </mem>
</mem-info>
<gc-op id="3693" type="compact" timems="36.401" contextid="3687" timestamp="2019-08-08T12:08:24.289">
  <compact-info movecount="2" movebytes="56" reason="compact to aid heap contraction" />
</gc-op>
<heap-resize id="3694" type="expand" space="tenure" amount="131072" count="1" timems="0.021" reason="satisfy allocation request" timestamp="2019-08-08T12:08:24.291" />
<gc-end id="3695" type="global" contextid="3687" durationms="76.616" usertimems="76.361" systemtimems="64.081" timestamp="2019-08-08T12:08:24.291" activeThreads="16">
  <mem-info id="3696" free="13155512" total="31195136" percent="42">
    <mem type="tenure" free="13155512" total="31195136" percent="42">
      <mem type="soa" free="12844216" total="30883840" percent="41" />
      <mem type="loa" free="311296" total="311296" percent="100" />
    </mem>
  </mem-info>
</gc-end>
<cycle-end id="3697" type="global" contextid="3687" timestamp="2019-08-08T12:08:24.291" />
  <attribute name="elasticGC enabled" value="1" />
  <attribute name= "numThreadsSpecified" value="16" />
  <attribute name="heapSize specified" value="31064064" />
  <attribute name="Current GC Util" value="29" />
  <attribute name= "Current Time Running" value="138779" />
  <attribute name ="GC Interval" value="0" />
  <attribute name="Target GC Util Change" value ="80.000000" />
  <attribute name="Current GC Util Change" value="29.000000"/>
  <attribute name="Current Error" value="-765.000000" />
  <attribute name="Output H" value="31138864"/>
  <attribute name="Output I" value="648"/>
  <attribute name="Output T" value="16"/>
  <attribute name= "Current Time Running" value="138779" />
  <attribute name="GC Util currently" value="29" />
  <attribute name="CPU Util currently" value="31660153132" />
<allocation-satisfied id="3698" threadId="0000000002369F00" bytesRequested="1168" />
<af-end id="3699" timestamp="2019-08-08T12:08:24.291" threadId="000000000236A888" success="true" />
<exclusive-end id="3700" timestamp="2019-08-08T12:08:24.291" durationms="76.969" />

<concurrent-kickoff id="3701" timestamp="2019-08-08T12:08:24.295">
  <kickoff reason="threshold reached" targetBytes="5336281" thresholdFreeBytes="716932" remainingFree="670904" tenureFreeBytes="670904" />
</concurrent-kickoff>
<exclusive-start id="3702" timestamp="2019-08-08T12:08:24.295" intervalms="81.085">
  <response-info timems="0.028" idlems="0.028" threads="0" lastid="0000000002369F00" lastname="main" />
</exclusive-start>
<cycle-start id="3703" type="global" contextid="0" timestamp="2019-08-08T12:08:24.295" intervalms="80.980" />
<exclusive-end id="3704" timestamp="2019-08-08T12:08:24.295" durationms="0.013" />

<exclusive-start id="3705" timestamp="2019-08-08T12:08:24.296" intervalms="0.363">
  <response-info timems="0.035" idlems="0.035" threads="0" lastid="0000000002369F00" lastname="main" />
</exclusive-start>
<af-start id="3706" threadId="000000000236A888" totalBytesRequested="1168" timestamp="2019-08-08T12:08:24.296" intervalms="81.449" />
<concurrent-aborted id="3707" timestamp="2019-08-08T12:08:24.296">
  <reason value="insufficient progress made" />
</concurrent-aborted>
<cycle-end id="3708" type="global" contextid="3703" timestamp="2019-08-08T12:08:24.296" />
  <attribute name="elasticGC enabled" value="1" />
  <attribute name= "numThreadsSpecified" value="16" />
  <attribute name="heapSize specified" value="31064064" />
  <attribute name="Current GC Util" value="29" />
  <attribute name= "Current Time Running" value="138779" />
  <attribute name ="GC Interval" value="0" />
  <attribute name="Target GC Util Change" value ="80.000000" />
  <attribute name="Current GC Util Change" value="29.000000"/>
  <attribute name="Current Error" value="-765.000000" />
  <attribute name="Output H" value="31138864"/>
  <attribute name="Output I" value="648"/>
  <attribute name="Output T" value="16"/>
  <attribute name= "Current Time Running" value="138779" />
  <attribute name="GC Util currently" value="29" />
  <attribute name="CPU Util currently" value="31660153132" />
<cycle-start id="3709" type="global" contextid="0" timestamp="2019-08-08T12:08:24.296" intervalms="0.453" />
<gc-start id="3710" type="global" contextid="3709" timestamp="2019-08-08T12:08:24.296">
  <mem-info id="3711" free="311296" total="31195136" percent="0">
    <mem type="tenure" free="311296" total="31195136" percent="0">
      <mem type="soa" free="0" total="30883840" percent="0" />
      <mem type="loa" free="311296" total="311296" percent="100" />
    </mem>
  </mem-info>
</gc-start>
<allocation-stats totalBytes="12864632" >
  <allocated-bytes non-tlh="0" tlh="12864632" />
  <largest-consumer threadName="main" threadId="0000000002369F00" bytes="12864632" />
</allocation-stats>
<gc-op id="3712" type="mark" timems="17.231" contextid="3709" timestamp="2019-08-08T12:08:24.313">
  <trace-info objectcount="600466" scancount="521354" scanbytes="13380660" />
  <finalization candidates="80" enqueued="0" />
  <ownableSynchronizers candidates="21" cleared="0" />
  <references type="soft" candidates="3261" cleared="0" enqueued="0" dynamicThreshold="13" maxThreshold="32" />
  <references type="weak" candidates="5588" cleared="0" enqueued="0" />
  <references type="phantom" candidates="97" cleared="0" enqueued="0" />
  <stringconstants candidates="13592" cleared="0"  />
</gc-op>
<gc-op id="3713" type="sweep" timems="9.999" contextid="3709" timestamp="2019-08-08T12:08:24.323" />
<mem-info id="3714" free="13220960" total="31195136" percent="42">
  <mem type="tenure" free="13220960" total="31195136" percent="42" micro-fragmented="0">
    <mem type="soa" free="12909664" total="30883840" percent="41" />
    <mem type="loa" free="311296" total="311296" percent="100" />
  </mem>
</mem-info>
<gc-op id="3715" type="compact" timems="31.233" contextid="3709" timestamp="2019-08-08T12:08:24.355">
  <compact-info movecount="2" movebytes="56" reason="compact to aid heap contraction" />
</gc-op>
<heap-resize id="3716" type="expand" space="tenure" amount="131072" count="1" timems="0.020" reason="satisfy allocation request" timestamp="2019-08-08T12:08:24.356" />
<gc-end id="3717" type="global" contextid="3709" durationms="60.434" usertimems="87.618" systemtimems="17.026" timestamp="2019-08-08T12:08:24.356" activeThreads="16">
  <mem-info id="3718" free="13286584" total="31326208" percent="42">
    <mem type="tenure" free="13286584" total="31326208" percent="42">
      <mem type="soa" free="12974264" total="31013888" percent="41" />
      <mem type="loa" free="312320" total="312320" percent="100" />
    </mem>
  </mem-info>
</gc-end>
<cycle-end id="3719" type="global" contextid="3709" timestamp="2019-08-08T12:08:24.356" />
  <attribute name="elasticGC enabled" value="1" />
  <attribute name= "numThreadsSpecified" value="16" />
  <attribute name="heapSize specified" value="31195136" />
  <attribute name="Current GC Util" value="35" />
  <attribute name= "Current Time Running" value="138845" />
  <attribute name ="GC Interval" value="0" />
  <attribute name="Target GC Util Change" value ="80.000000" />
  <attribute name="Current GC Util Change" value="35.000000"/>
  <attribute name="Current Error" value="-766.000000" />
  <attribute name="Output H" value="31269936"/>
  <attribute name="Output I" value="640"/>
  <attribute name="Output T" value="16"/>
  <attribute name= "Current Time Running" value="138845" />
  <attribute name="GC Util currently" value="35" />
  <attribute name="CPU Util currently" value="36892499478" />
<allocation-satisfied id="3720" threadId="0000000002369F00" bytesRequested="1168" />
<af-end id="3721" timestamp="2019-08-08T12:08:24.356" threadId="000000000236A888" success="true" />
<exclusive-end id="3722" timestamp="2019-08-08T12:08:24.356" durationms="60.666" />

<concurrent-kickoff id="3723" timestamp="2019-08-08T12:08:24.359">
  <kickoff reason="threshold reached" targetBytes="5358703" thresholdFreeBytes="719944" remainingFree="670904" tenureFreeBytes="670904" />
</concurrent-kickoff>
<exclusive-start id="3724" timestamp="2019-08-08T12:08:24.359" intervalms="63.794">
  <response-info timems="0.036" idlems="0.036" threads="0" lastid="0000000002369F00" lastname="main" />
</exclusive-start>
<cycle-start id="3725" type="global" contextid="0" timestamp="2019-08-08T12:08:24.359" intervalms="63.713" />
<exclusive-end id="3726" timestamp="2019-08-08T12:08:24.359" durationms="0.020" />

<exclusive-start id="3727" timestamp="2019-08-08T12:08:24.360" intervalms="0.270">
  <response-info timems="0.029" idlems="0.029" threads="0" lastid="0000000002369F00" lastname="main" />
</exclusive-start>
<af-start id="3728" threadId="000000000236A888" totalBytesRequested="1168" timestamp="2019-08-08T12:08:24.360" intervalms="64.046" />
<concurrent-aborted id="3729" timestamp="2019-08-08T12:08:24.360">
  <reason value="insufficient progress made" />
</concurrent-aborted>
<cycle-end id="3730" type="global" contextid="3725" timestamp="2019-08-08T12:08:24.360" />
  <attribute name="elasticGC enabled" value="1" />
  <attribute name= "numThreadsSpecified" value="16" />
  <attribute name="heapSize specified" value="31195136" />
  <attribute name="Current GC Util" value="35" />
  <attribute name= "Current Time Running" value="138845" />
  <attribute name ="GC Interval" value="0" />
  <attribute name="Target GC Util Change" value ="80.000000" />
  <attribute name="Current GC Util Change" value="35.000000"/>
  <attribute name="Current Error" value="-766.000000" />
  <attribute name="Output H" value="31269936"/>
  <attribute name="Output I" value="640"/>
  <attribute name="Output T" value="16"/>
  <attribute name= "Current Time Running" value="138845" />
  <attribute name="GC Util currently" value="35" />
  <attribute name="CPU Util currently" value="36892499478" />
<cycle-start id="3731" type="global" contextid="0" timestamp="2019-08-08T12:08:24.360" intervalms="0.317" />
<gc-start id="3732" type="global" contextid="3731" timestamp="2019-08-08T12:08:24.360">
  <mem-info id="3733" free="312320" total="31326208" percent="0">
    <mem type="tenure" free="312320" total="31326208" percent="0">
      <mem type="soa" free="0" total="31013888" percent="0" />
      <mem type="loa" free="312320" total="312320" percent="100" />
    </mem>
  </mem-info>
</gc-start>
<allocation-stats totalBytes="12994040" >
  <allocated-bytes non-tlh="0" tlh="12994040" />
  <largest-consumer threadName="main" threadId="0000000002369F00" bytes="12994040" />
</allocation-stats>
<gc-op id="3734" type="mark" timems="9.223" contextid="3731" timestamp="2019-08-08T12:08:24.369">
  <trace-info objectcount="600466" scancount="521352" scanbytes="13380660" />
  <finalization candidates="80" enqueued="0" />
  <ownableSynchronizers candidates="21" cleared="0" />
  <references type="soft" candidates="3261" cleared="0" enqueued="0" dynamicThreshold="13" maxThreshold="32" />
  <references type="weak" candidates="5588" cleared="0" enqueued="0" />
  <references type="phantom" candidates="97" cleared="0" enqueued="0" />
  <stringconstants candidates="13592" cleared="0"  />
</gc-op>
<gc-op id="3735" type="sweep" timems="2.220" contextid="3731" timestamp="2019-08-08T12:08:24.371" />
<mem-info id="3736" free="13351824" total="31326208" percent="42">
  <mem type="tenure" free="13351824" total="31326208" percent="42" micro-fragmented="0">
    <mem type="soa" free="13039504" total="31013888" percent="42" />
    <mem type="loa" free="312320" total="312320" percent="100" />
  </mem>
</mem-info>
<gc-op id="3737" type="compact" timems="29.373" contextid="3731" timestamp="2019-08-08T12:08:24.401">
  <compact-info movecount="2" movebytes="56" reason="compact to aid heap contraction" />
</gc-op>
<heap-resize id="3738" type="expand" space="tenure" amount="131072" count="1" timems="0.022" reason="satisfy allocation request" timestamp="2019-08-08T12:08:24.404" />
<gc-end id="3739" type="global" contextid="3731" durationms="43.795" usertimems="54.519" systemtimems="35.513" timestamp="2019-08-08T12:08:24.404" activeThreads="16">
  <mem-info id="3740" free="13417656" total="31457280" percent="42">
    <mem type="tenure" free="13417656" total="31457280" percent="42">
      <mem type="soa" free="13103288" total="31142912" percent="42" />
      <mem type="loa" free="314368" total="314368" percent="100" />
    </mem>
  </mem-info>
</gc-end>
<cycle-end id="3741" type="global" contextid="3731" timestamp="2019-08-08T12:08:24.404" />
  <attribute name="elasticGC enabled" value="1" />
  <attribute name= "numThreadsSpecified" value="16" />
  <attribute name="heapSize specified" value="31326208" />
  <attribute name="Current GC Util" value="54" />
  <attribute name= "Current Time Running" value="138891" />
  <attribute name ="GC Interval" value="0" />
  <attribute name="Target GC Util Change" value ="80.000000" />
  <attribute name="Current GC Util Change" value="54.000000"/>
  <attribute name="Current Error" value="-357.000000" />
  <attribute name="Output H" value="31401480"/>
  <attribute name="Output I" value="1376"/>
  <attribute name="Output T" value="16"/>
  <attribute name= "Current Time Running" value="138891" />
  <attribute name="GC Util currently" value="54" />
  <attribute name="CPU Util currently" value="39043118097" />
<allocation-satisfied id="3742" threadId="0000000002369F00" bytesRequested="1168" />
<af-end id="3743" timestamp="2019-08-08T12:08:24.404" threadId="000000000236A888" success="true" />
<exclusive-end id="3744" timestamp="2019-08-08T12:08:24.404" durationms="43.977" />

<concurrent-kickoff id="3745" timestamp="2019-08-08T12:08:24.407">
  <kickoff reason="threshold reached" targetBytes="5381124" thresholdFreeBytes="722957" remainingFree="670904" tenureFreeBytes="670904" />
</concurrent-kickoff>
<exclusive-start id="3746" timestamp="2019-08-08T12:08:24.407" intervalms="47.209">
  <response-info timems="0.034" idlems="0.034" threads="0" lastid="0000000002369F00" lastname="main" />
</exclusive-start>
<cycle-start id="3747" type="global" contextid="0" timestamp="2019-08-08T12:08:24.407" intervalms="47.163" />
<exclusive-end id="3748" timestamp="2019-08-08T12:08:24.407" durationms="0.022" />

<exclusive-start id="3749" timestamp="2019-08-08T12:08:24.407" intervalms="0.382">
  <response-info timems="0.061" idlems="0.061" threads="0" lastid="0000000002369F00" lastname="main" />
</exclusive-start>
<af-start id="3750" threadId="000000000236A888" totalBytesRequested="1168" timestamp="2019-08-08T12:08:24.407" intervalms="47.613" />
<concurrent-aborted id="3751" timestamp="2019-08-08T12:08:24.407">
  <reason value="insufficient progress made" />
</concurrent-aborted>
<cycle-end id="3752" type="global" contextid="3747" timestamp="2019-08-08T12:08:24.407" />
  <attribute name="elasticGC enabled" value="1" />
  <attribute name= "numThreadsSpecified" value="16" />
  <attribute name="heapSize specified" value="31326208" />
  <attribute name="Current GC Util" value="54" />
  <attribute name= "Current Time Running" value="138891" />
  <attribute name ="GC Interval" value="0" />
  <attribute name="Target GC Util Change" value ="80.000000" />
  <attribute name="Current GC Util Change" value="54.000000"/>
  <attribute name="Current Error" value="-357.000000" />
  <attribute name="Output H" value="31401480"/>
  <attribute name="Output I" value="1376"/>
  <attribute name="Output T" value="16"/>
  <attribute name= "Current Time Running" value="138891" />
  <attribute name="GC Util currently" value="54" />
  <attribute name="CPU Util currently" value="39043118097" />
<cycle-start id="3753" type="global" contextid="0" timestamp="2019-08-08T12:08:24.407" intervalms="0.451" />
<gc-start id="3754" type="global" contextid="3753" timestamp="2019-08-08T12:08:24.407">
  <mem-info id="3755" free="314368" total="31457280" percent="0">
    <mem type="tenure" free="314368" total="31457280" percent="0">
      <mem type="soa" free="0" total="31142912" percent="0" />
      <mem type="loa" free="314368" total="314368" percent="100" />
    </mem>
  </mem-info>
</gc-start>
<allocation-stats totalBytes="13122216" >
  <allocated-bytes non-tlh="0" tlh="13122216" />
  <largest-consumer threadName="main" threadId="0000000002369F00" bytes="13122216" />
</allocation-stats>
<gc-op id="3756" type="mark" timems="11.231" contextid="3753" timestamp="2019-08-08T12:08:24.419">
  <trace-info objectcount="600466" scancount="521359" scanbytes="13380660" />
  <finalization candidates="80" enqueued="0" />
  <ownableSynchronizers candidates="21" cleared="0" />
  <references type="soft" candidates="3261" cleared="0" enqueued="0" dynamicThreshold="13" maxThreshold="32" />
  <references type="weak" candidates="5588" cleared="0" enqueued="0" />
  <references type="phantom" candidates="97" cleared="0" enqueued="0" />
  <stringconstants candidates="13592" cleared="0"  />
</gc-op>
<gc-op id="3757" type="sweep" timems="1.519" contextid="3753" timestamp="2019-08-08T12:08:24.420" />
<mem-info id="3758" free="13482480" total="31457280" percent="42">
  <mem type="tenure" free="13482480" total="31457280" percent="42" micro-fragmented="0">
    <mem type="soa" free="13168112" total="31142912" percent="42" />
    <mem type="loa" free="314368" total="314368" percent="100" />
  </mem>
</mem-info>
<gc-op id="3759" type="compact" timems="26.399" contextid="3753" timestamp="2019-08-08T12:08:24.447">
  <compact-info movecount="2" movebytes="56" reason="compact to aid heap contraction" />
</gc-op>
<heap-resize id="3760" type="expand" space="tenure" amount="131072" count="1" timems="0.031" reason="satisfy allocation request" timestamp="2019-08-08T12:08:24.451" />
<gc-end id="3761" type="global" contextid="3753" durationms="43.617" usertimems="53.220" systemtimems="29.081" timestamp="2019-08-08T12:08:24.451" activeThreads="16">
  <mem-info id="3762" free="13548728" total="31588352" percent="42">
    <mem type="tenure" free="13548728" total="31588352" percent="42">
      <mem type="soa" free="13233336" total="31272960" percent="42" />
      <mem type="loa" free="315392" total="315392" percent="100" />
    </mem>
  </mem-info>
</gc-end>
<cycle-end id="3763" type="global" contextid="3753" timestamp="2019-08-08T12:08:24.451" />
  <attribute name="elasticGC enabled" value="1" />
  <attribute name= "numThreadsSpecified" value="16" />
  <attribute name="heapSize specified" value="31457280" />
  <attribute name="Current GC Util" value="45" />
  <attribute name= "Current Time Running" value="138937" />
  <attribute name ="GC Interval" value="0" />
  <attribute name="Target GC Util Change" value ="80.000000" />
  <attribute name="Current GC Util Change" value="45.000000"/>
  <attribute name="Current Error" value="-49.000000" />
  <attribute name="Output H" value="31532904"/>
  <attribute name="Output I" value="1928"/>
  <attribute name="Output T" value="16"/>
  <attribute name= "Current Time Running" value="138937" />
  <attribute name="GC Util currently" value="45" />
  <attribute name="CPU Util currently" value="43414276132" />
<allocation-satisfied id="3764" threadId="0000000002369F00" bytesRequested="1168" />
<af-end id="3765" timestamp="2019-08-08T12:08:24.451" threadId="000000000236A888" success="true" />
<exclusive-end id="3766" timestamp="2019-08-08T12:08:24.451" durationms="43.824" />

<concurrent-kickoff id="3767" timestamp="2019-08-08T12:08:24.454">
  <kickoff reason="threshold reached" targetBytes="5403545" thresholdFreeBytes="725969" remainingFree="670904" tenureFreeBytes="670904" />
</concurrent-kickoff>
<exclusive-start id="3768" timestamp="2019-08-08T12:08:24.455" intervalms="47.310">
  <response-info timems="0.084" idlems="0.084" threads="0" lastid="0000000002369F00" lastname="main" />
</exclusive-start>
<cycle-start id="3769" type="global" contextid="0" timestamp="2019-08-08T12:08:24.455" intervalms="47.233" />
<exclusive-end id="3770" timestamp="2019-08-08T12:08:24.455" durationms="0.016" />

<exclusive-start id="3771" timestamp="2019-08-08T12:08:24.456" intervalms="1.824">
  <response-info timems="0.411" idlems="0.411" threads="0" lastid="0000000002369F00" lastname="main" />
</exclusive-start>
<af-start id="3772" threadId="000000000236A888" totalBytesRequested="1168" timestamp="2019-08-08T12:08:24.456" intervalms="49.117" />
<concurrent-aborted id="3773" timestamp="2019-08-08T12:08:24.456">
  <reason value="insufficient progress made" />
</concurrent-aborted>
<cycle-end id="3774" type="global" contextid="3769" timestamp="2019-08-08T12:08:24.456" />
  <attribute name="elasticGC enabled" value="1" />
  <attribute name= "numThreadsSpecified" value="16" />
  <attribute name="heapSize specified" value="31457280" />
  <attribute name="Current GC Util" value="45" />
  <attribute name= "Current Time Running" value="138937" />
  <attribute name ="GC Interval" value="0" />
  <attribute name="Target GC Util Change" value ="80.000000" />
  <attribute name="Current GC Util Change" value="45.000000"/>
  <attribute name="Current Error" value="-49.000000" />
  <attribute name="Output H" value="31532904"/>
  <attribute name="Output I" value="1928"/>
  <attribute name="Output T" value="16"/>
  <attribute name= "Current Time Running" value="138937" />
  <attribute name="GC Util currently" value="45" />
  <attribute name="CPU Util currently" value="43414276132" />
<cycle-start id="3775" type="global" contextid="0" timestamp="2019-08-08T12:08:24.457" intervalms="1.947" />
<gc-start id="3776" type="global" contextid="3775" timestamp="2019-08-08T12:08:24.457">
  <mem-info id="3777" free="315392" total="31588352" percent="0">
    <mem type="tenure" free="315392" total="31588352" percent="0">
      <mem type="soa" free="0" total="31272960" percent="0" />
      <mem type="loa" free="315392" total="315392" percent="100" />
    </mem>
  </mem-info>
</gc-start>
<allocation-stats totalBytes="13251624" >
  <allocated-bytes non-tlh="0" tlh="13251624" />
  <largest-consumer threadName="main" threadId="0000000002369F00" bytes="13251624" />
</allocation-stats>
<gc-op id="3778" type="mark" timems="18.635" contextid="3775" timestamp="2019-08-08T12:08:24.475">
  <trace-info objectcount="600466" scancount="521355" scanbytes="13380660" />
  <finalization candidates="80" enqueued="0" />
  <ownableSynchronizers candidates="21" cleared="0" />
  <references type="soft" candidates="3261" cleared="0" enqueued="0" dynamicThreshold="13" maxThreshold="32" />
  <references type="weak" candidates="5588" cleared="0" enqueued="0" />
  <references type="phantom" candidates="97" cleared="0" enqueued="0" />
  <stringconstants candidates="13592" cleared="0"  />
</gc-op>
<gc-op id="3779" type="sweep" timems="3.046" contextid="3775" timestamp="2019-08-08T12:08:24.478" />
<mem-info id="3780" free="13614264" total="31588352" percent="43">
  <mem type="tenure" free="13614264" total="31588352" percent="43" micro-fragmented="0">
    <mem type="soa" free="13298872" total="31272960" percent="42" />
    <mem type="loa" free="315392" total="315392" percent="100" />
  </mem>
</mem-info>
<gc-op id="3781" type="compact" timems="31.719" contextid="3775" timestamp="2019-08-08T12:08:24.510">
  <compact-info movecount="2" movebytes="56" reason="compact to aid heap contraction" />
</gc-op>
<heap-resize id="3782" type="expand" space="tenure" amount="131072" count="1" timems="0.020" reason="satisfy allocation request" timestamp="2019-08-08T12:08:24.514" />
<gc-end id="3783" type="global" contextid="3775" durationms="57.463" usertimems="90.987" systemtimems="24.553" timestamp="2019-08-08T12:08:24.514" activeThreads="16">
  <mem-info id="3784" free="13679800" total="31719424" percent="43">
    <mem type="tenure" free="13679800" total="31719424" percent="43">
      <mem type="soa" free="13363384" total="31403008" percent="42" />
      <mem type="loa" free="316416" total="316416" percent="100" />
    </mem>
  </mem-info>
</gc-end>
<cycle-end id="3785" type="global" contextid="3775" timestamp="2019-08-08T12:08:24.514" />
  <attribute name="elasticGC enabled" value="1" />
  <attribute name= "numThreadsSpecified" value="16" />
  <attribute name="heapSize specified" value="31588352" />
  <attribute name="Current GC Util" value="111" />
  <attribute name= "Current Time Running" value="139000" />
  <attribute name ="GC Interval" value="0" />
  <attribute name="Target GC Util Change" value ="80.000000" />
  <attribute name="Current GC Util Change" value="111.000000"/>
  <attribute name="Current Error" value="5.000000" />
  <attribute name="Output H" value="31664040"/>
  <attribute name="Output I" value="2016"/>
  <attribute name="Output T" value="16"/>
  <attribute name= "Current Time Running" value="139000" />
  <attribute name="GC Util currently" value="111" />
  <attribute name="CPU Util currently" value="36143157854" />
<allocation-satisfied id="3786" threadId="0000000002369F00" bytesRequested="1168" />
<af-end id="3787" timestamp="2019-08-08T12:08:24.514" threadId="000000000236A888" success="true" />
<exclusive-end id="3788" timestamp="2019-08-08T12:08:24.514" durationms="57.729" />

<concurrent-kickoff id="3789" timestamp="2019-08-08T12:08:24.517">
  <kickoff reason="threshold reached" targetBytes="5425966" thresholdFreeBytes="728982" remainingFree="670904" tenureFreeBytes="670904" />
</concurrent-kickoff>
<exclusive-start id="3790" timestamp="2019-08-08T12:08:24.517" intervalms="60.778">
  <response-info timems="0.033" idlems="0.033" threads="0" lastid="0000000002369F00" lastname="main" />
</exclusive-start>
<cycle-start id="3791" type="global" contextid="0" timestamp="2019-08-08T12:08:24.517" intervalms="60.663" />
<exclusive-end id="3792" timestamp="2019-08-08T12:08:24.517" durationms="0.024" />

<exclusive-start id="3793" timestamp="2019-08-08T12:08:24.518" intervalms="0.757">
  <response-info timems="0.295" idlems="0.295" threads="0" lastid="0000000002369F00" lastname="main" />
</exclusive-start>
<af-start id="3794" threadId="000000000236A888" totalBytesRequested="1168" timestamp="2019-08-08T12:08:24.518" intervalms="61.563" />
<concurrent-aborted id="3795" timestamp="2019-08-08T12:08:24.518">
  <reason value="insufficient progress made" />
</concurrent-aborted>
<cycle-end id="3796" type="global" contextid="3791" timestamp="2019-08-08T12:08:24.518" />
  <attribute name="elasticGC enabled" value="1" />
  <attribute name= "numThreadsSpecified" value="16" />
  <attribute name="heapSize specified" value="31588352" />
  <attribute name="Current GC Util" value="111" />
  <attribute name= "Current Time Running" value="139000" />
  <attribute name ="GC Interval" value="0" />
  <attribute name="Target GC Util Change" value ="80.000000" />
  <attribute name="Current GC Util Change" value="111.000000"/>
  <attribute name="Current Error" value="5.000000" />
  <attribute name="Output H" value="31664040"/>
  <attribute name="Output I" value="2016"/>
  <attribute name="Output T" value="16"/>
  <attribute name= "Current Time Running" value="139000" />
  <attribute name="GC Util currently" value="111" />
  <attribute name="CPU Util currently" value="36143157854" />
<cycle-start id="3797" type="global" contextid="0" timestamp="2019-08-08T12:08:24.518" intervalms="0.838" />
<gc-start id="3798" type="global" contextid="3797" timestamp="2019-08-08T12:08:24.518">
  <mem-info id="3799" free="316416" total="31719424" percent="0">
    <mem type="tenure" free="316416" total="31719424" percent="0">
      <mem type="soa" free="0" total="31403008" percent="0" />
      <mem type="loa" free="316416" total="316416" percent="100" />
    </mem>
  </mem-info>
</gc-start>
<allocation-stats totalBytes="13381032" >
  <allocated-bytes non-tlh="0" tlh="13381032" />
  <largest-consumer threadName="main" threadId="0000000002369F00" bytes="13381032" />
</allocation-stats>
<gc-op id="3800" type="mark" timems="14.193" contextid="3797" timestamp="2019-08-08T12:08:24.532">
  <trace-info objectcount="600466" scancount="521354" scanbytes="13380660" />
  <finalization candidates="80" enqueued="0" />
  <ownableSynchronizers candidates="21" cleared="0" />
  <references type="soft" candidates="3261" cleared="0" enqueued="0" dynamicThreshold="13" maxThreshold="32" />
  <references type="weak" candidates="5588" cleared="0" enqueued="0" />
  <references type="phantom" candidates="97" cleared="0" enqueued="0" />
  <stringconstants candidates="13592" cleared="0"  />
</gc-op>
<gc-op id="3801" type="sweep" timems="1.485" contextid="3797" timestamp="2019-08-08T12:08:24.534" />
<mem-info id="3802" free="13745336" total="31719424" percent="43">
  <mem type="tenure" free="13745336" total="31719424" percent="43" micro-fragmented="0">
    <mem type="soa" free="13428920" total="31403008" percent="42" />
    <mem type="loa" free="316416" total="316416" percent="100" />
  </mem>
</mem-info>
<gc-op id="3803" type="compact" timems="23.304" contextid="3797" timestamp="2019-08-08T12:08:24.557">
  <compact-info movecount="2" movebytes="56" reason="compact to aid heap contraction" />
</gc-op>
<heap-resize id="3804" type="expand" space="tenure" amount="131072" count="1" timems="0.019" reason="satisfy allocation request" timestamp="2019-08-08T12:08:24.559" />
<gc-end id="3805" type="global" contextid="3797" durationms="41.121" usertimems="73.129" systemtimems="15.043" timestamp="2019-08-08T12:08:24.559" activeThreads="16">
  <mem-info id="3806" free="13810872" total="31850496" percent="43">
    <mem type="tenure" free="13810872" total="31850496" percent="43">
      <mem type="soa" free="13492408" total="31532032" percent="42" />
      <mem type="loa" free="318464" total="318464" percent="100" />
    </mem>
  </mem-info>
</gc-end>
<cycle-end id="3807" type="global" contextid="3797" timestamp="2019-08-08T12:08:24.559" />
  <attribute name="elasticGC enabled" value="1" />
  <attribute name= "numThreadsSpecified" value="16" />
  <attribute name="heapSize specified" value="31719424" />
  <attribute name="Current GC Util" value="42" />
  <attribute name= "Current Time Running" value="139047" />
  <attribute name ="GC Interval" value="0" />
  <attribute name="Target GC Util Change" value ="80.000000" />
  <attribute name="Current GC Util Change" value="42.000000"/>
  <attribute name="Current Error" value="38.000000" />
  <attribute name="Output H" value="31795152"/>
  <attribute name="Output I" value="2080"/>
  <attribute name="Output T" value="16"/>
  <attribute name= "Current Time Running" value="139047" />
  <attribute name="GC Util currently" value="42" />
  <attribute name="CPU Util currently" value="49355224481" />
<allocation-satisfied id="3808" threadId="0000000002369F00" bytesRequested="1168" />
<af-end id="3809" timestamp="2019-08-08T12:08:24.559" threadId="000000000236A888" success="true" />
<exclusive-end id="3810" timestamp="2019-08-08T12:08:24.559" durationms="41.339" />

<concurrent-kickoff id="3811" timestamp="2019-08-08T12:08:24.563">
  <kickoff reason="threshold reached" targetBytes="5448389" thresholdFreeBytes="731995" remainingFree="670904" tenureFreeBytes="670904" />
</concurrent-kickoff>
<exclusive-start id="3812" timestamp="2019-08-08T12:08:24.563" intervalms="45.430">
  <response-info timems="0.061" idlems="0.061" threads="0" lastid="0000000002369F00" lastname="main" />
</exclusive-start>
<cycle-start id="3813" type="global" contextid="0" timestamp="2019-08-08T12:08:24.563" intervalms="45.342" />
<exclusive-end id="3814" timestamp="2019-08-08T12:08:24.563" durationms="0.018" />

<exclusive-start id="3815" timestamp="2019-08-08T12:08:24.564" intervalms="0.376">
  <response-info timems="0.048" idlems="0.048" threads="0" lastid="0000000002369F00" lastname="main" />
</exclusive-start>
<af-start id="3816" threadId="000000000236A888" totalBytesRequested="1168" timestamp="2019-08-08T12:08:24.564" intervalms="45.984" />
<concurrent-aborted id="3817" timestamp="2019-08-08T12:08:24.564">
  <reason value="insufficient progress made" />
</concurrent-aborted>
<cycle-end id="3818" type="global" contextid="3813" timestamp="2019-08-08T12:08:24.564" />
  <attribute name="elasticGC enabled" value="1" />
  <attribute name= "numThreadsSpecified" value="16" />
  <attribute name="heapSize specified" value="31719424" />
  <attribute name="Current GC Util" value="42" />
  <attribute name= "Current Time Running" value="139047" />
  <attribute name ="GC Interval" value="0" />
  <attribute name="Target GC Util Change" value ="80.000000" />
  <attribute name="Current GC Util Change" value="42.000000"/>
  <attribute name="Current Error" value="38.000000" />
  <attribute name="Output H" value="31795152"/>
  <attribute name="Output I" value="2080"/>
  <attribute name="Output T" value="16"/>
  <attribute name= "Current Time Running" value="139047" />
  <attribute name="GC Util currently" value="42" />
  <attribute name="CPU Util currently" value="49355224481" />
<cycle-start id="3819" type="global" contextid="0" timestamp="2019-08-08T12:08:24.564" intervalms="0.782" />
<gc-start id="3820" type="global" contextid="3819" timestamp="2019-08-08T12:08:24.564">
  <mem-info id="3821" free="318464" total="31850496" percent="0">
    <mem type="tenure" free="318464" total="31850496" percent="0">
      <mem type="soa" free="0" total="31532032" percent="0" />
      <mem type="loa" free="318464" total="318464" percent="100" />
    </mem>
  </mem-info>
</gc-start>
<allocation-stats totalBytes="13510440" >
  <allocated-bytes non-tlh="0" tlh="13510440" />
  <largest-consumer threadName="main" threadId="0000000002369F00" bytes="13510440" />
</allocation-stats>
<gc-op id="3822" type="mark" timems="30.440" contextid="3819" timestamp="2019-08-08T12:08:24.595">
  <trace-info objectcount="600466" scancount="521377" scanbytes="13380660" />
  <finalization candidates="80" enqueued="0" />
  <ownableSynchronizers candidates="21" cleared="0" />
  <references type="soft" candidates="3261" cleared="0" enqueued="0" dynamicThreshold="13" maxThreshold="32" />
  <references type="weak" candidates="5588" cleared="0" enqueued="0" />
  <references type="phantom" candidates="97" cleared="0" enqueued="0" />
  <stringconstants candidates="13592" cleared="0"  />
</gc-op>
<gc-op id="3823" type="sweep" timems="5.679" contextid="3819" timestamp="2019-08-08T12:08:24.600" />
<mem-info id="3824" free="13876072" total="31850496" percent="43">
  <mem type="tenure" free="13876072" total="31850496" percent="43" micro-fragmented="0">
    <mem type="soa" free="13557608" total="31532032" percent="42" />
    <mem type="loa" free="318464" total="318464" percent="100" />
  </mem>
</mem-info>
<gc-op id="3825" type="compact" timems="27.543" contextid="3819" timestamp="2019-08-08T12:08:24.628">
  <compact-info movecount="2" movebytes="56" reason="compact to aid heap contraction" />
</gc-op>
<heap-resize id="3826" type="expand" space="tenure" amount="131072" count="1" timems="0.025" reason="satisfy allocation request" timestamp="2019-08-08T12:08:24.630" />
<gc-end id="3827" type="global" contextid="3819" durationms="66.171" usertimems="126.741" systemtimems="50.368" timestamp="2019-08-08T12:08:24.630" activeThreads="16">
  <mem-info id="3828" free="13941944" total="31981568" percent="43">
    <mem type="tenure" free="13941944" total="31981568" percent="43">
      <mem type="soa" free="13622456" total="31662080" percent="43" />
      <mem type="loa" free="319488" total="319488" percent="100" />
    </mem>
  </mem-info>
</gc-end>
<cycle-end id="3829" type="global" contextid="3819" timestamp="2019-08-08T12:08:24.630" />
  <attribute name="elasticGC enabled" value="1" />
  <attribute name= "numThreadsSpecified" value="16" />
  <attribute name="heapSize specified" value="31850496" />
  <attribute name="Current GC Util" value="42" />
  <attribute name= "Current Time Running" value="139118" />
  <attribute name ="GC Interval" value="0" />
  <attribute name="Target GC Util Change" value ="80.000000" />
  <attribute name="Current GC Util Change" value="42.000000"/>
  <attribute name="Current Error" value="-594.000000" />
  <attribute name="Output H" value="31925496"/>
  <attribute name="Output I" value="952"/>
  <attribute name="Output T" value="16"/>
  <attribute name= "Current Time Running" value="139118" />
  <attribute name="GC Util currently" value="42" />
  <attribute name="CPU Util currently" value="41788714044" />
<allocation-satisfied id="3830" threadId="0000000002369F00" bytesRequested="1168" />
<af-end id="3831" timestamp="2019-08-08T12:08:24.631" threadId="000000000236A888" success="true" />
<exclusive-end id="3832" timestamp="2019-08-08T12:08:24.631" durationms="66.833" />

<concurrent-kickoff id="3833" timestamp="2019-08-08T12:08:24.635">
  <kickoff reason="threshold reached" targetBytes="5470810" thresholdFreeBytes="735006" remainingFree="670904" tenureFreeBytes="670904" />
</concurrent-kickoff>
<exclusive-start id="3834" timestamp="2019-08-08T12:08:24.635" intervalms="71.335">
  <response-info timems="0.023" idlems="0.023" threads="0" lastid="0000000002369F00" lastname="main" />
</exclusive-start>
<cycle-start id="3835" type="global" contextid="0" timestamp="2019-08-08T12:08:24.635" intervalms="70.927" />
<exclusive-end id="3836" timestamp="2019-08-08T12:08:24.635" durationms="0.015" />

<exclusive-start id="3837" timestamp="2019-08-08T12:08:24.635" intervalms="0.354">
  <response-info timems="0.073" idlems="0.073" threads="0" lastid="0000000002369F00" lastname="main" />
</exclusive-start>
<af-start id="3838" threadId="000000000236A888" totalBytesRequested="1168" timestamp="2019-08-08T12:08:24.635" intervalms="71.496" />
<concurrent-aborted id="3839" timestamp="2019-08-08T12:08:24.635">
  <reason value="insufficient progress made" />
</concurrent-aborted>
<cycle-end id="3840" type="global" contextid="3835" timestamp="2019-08-08T12:08:24.635" />
  <attribute name="elasticGC enabled" value="1" />
  <attribute name= "numThreadsSpecified" value="16" />
  <attribute name="heapSize specified" value="31850496" />
  <attribute name="Current GC Util" value="42" />
  <attribute name= "Current Time Running" value="139118" />
  <attribute name ="GC Interval" value="0" />
  <attribute name="Target GC Util Change" value ="80.000000" />
  <attribute name="Current GC Util Change" value="42.000000"/>
  <attribute name="Current Error" value="-594.000000" />
  <attribute name="Output H" value="31925496"/>
  <attribute name="Output I" value="952"/>
  <attribute name="Output T" value="16"/>
  <attribute name= "Current Time Running" value="139118" />
  <attribute name="GC Util currently" value="42" />
  <attribute name="CPU Util currently" value="41788714044" />
<cycle-start id="3841" type="global" contextid="0" timestamp="2019-08-08T12:08:24.636" intervalms="0.443" />
<gc-start id="3842" type="global" contextid="3841" timestamp="2019-08-08T12:08:24.636">
  <mem-info id="3843" free="319488" total="31981568" percent="0">
    <mem type="tenure" free="319488" total="31981568" percent="0">
      <mem type="soa" free="0" total="31662080" percent="0" />
      <mem type="loa" free="319488" total="319488" percent="100" />
    </mem>
  </mem-info>
</gc-start>
<allocation-stats totalBytes="13639848" >
  <allocated-bytes non-tlh="0" tlh="13639848" />
  <largest-consumer threadName="main" threadId="0000000002369F00" bytes="13639848" />
</allocation-stats>
<gc-op id="3844" type="mark" timems="13.026" contextid="3841" timestamp="2019-08-08T12:08:24.649">
  <trace-info objectcount="600466" scancount="521368" scanbytes="13380660" />
  <finalization candidates="80" enqueued="0" />
  <ownableSynchronizers candidates="21" cleared="0" />
  <references type="soft" candidates="3261" cleared="0" enqueued="0" dynamicThreshold="13" maxThreshold="32" />
  <references type="weak" candidates="5588" cleared="0" enqueued="0" />
  <references type="phantom" candidates="97" cleared="0" enqueued="0" />
  <stringconstants candidates="13592" cleared="0"  />
</gc-op>
<gc-op id="3845" type="sweep" timems="3.028" contextid="3841" timestamp="2019-08-08T12:08:24.652" />
<mem-info id="3846" free="14006936" total="31981568" percent="43">
  <mem type="tenure" free="14006936" total="31981568" percent="43" micro-fragmented="0">
    <mem type="soa" free="13687448" total="31662080" percent="43" />
    <mem type="loa" free="319488" total="319488" percent="100" />
  </mem>
</mem-info>
<gc-op id="3847" type="compact" timems="25.565" contextid="3841" timestamp="2019-08-08T12:08:24.677">
  <compact-info movecount="2" movebytes="56" reason="compact to aid heap contraction" />
</gc-op>
<heap-resize id="3848" type="expand" space="tenure" amount="131072" count="1" timems="0.020" reason="satisfy allocation request" timestamp="2019-08-08T12:08:24.678" />
<gc-end id="3849" type="global" contextid="3841" durationms="42.514" usertimems="73.293" systemtimems="15.060" timestamp="2019-08-08T12:08:24.678" activeThreads="16">
  <mem-info id="3850" free="14073016" total="32112640" percent="43">
    <mem type="tenure" free="14073016" total="32112640" percent="43">
      <mem type="soa" free="13752504" total="31792128" percent="43" />
      <mem type="loa" free="320512" total="320512" percent="100" />
    </mem>
  </mem-info>
</gc-end>
<cycle-end id="3851" type="global" contextid="3841" timestamp="2019-08-08T12:08:24.678" />
  <attribute name="elasticGC enabled" value="1" />
  <attribute name= "numThreadsSpecified" value="16" />
  <attribute name="heapSize specified" value="31981568" />
  <attribute name="Current GC Util" value="31" />
  <attribute name= "Current Time Running" value="139167" />
  <attribute name ="GC Interval" value="0" />
  <attribute name="Target GC Util Change" value ="80.000000" />
  <attribute name="Current GC Util Change" value="31.000000"/>
  <attribute name="Current Error" value="-676.000000" />
  <attribute name="Output H" value="32056472"/>
  <attribute name="Output I" value="808"/>
  <attribute name="Output T" value="16"/>
  <attribute name= "Current Time Running" value="139167" />
  <attribute name="GC Util currently" value="31" />
  <attribute name="CPU Util currently" value="45040018010" />
<allocation-satisfied id="3852" threadId="0000000002369F00" bytesRequested="1168" />
<af-end id="3853" timestamp="2019-08-08T12:08:24.678" threadId="000000000236A888" success="true" />
<exclusive-end id="3854" timestamp="2019-08-08T12:08:24.678" durationms="42.720" />

<concurrent-kickoff id="3855" timestamp="2019-08-08T12:08:24.682">
  <kickoff reason="threshold reached" targetBytes="5493231" thresholdFreeBytes="738018" remainingFree="670904" tenureFreeBytes="670904" />
</concurrent-kickoff>
<exclusive-start id="3856" timestamp="2019-08-08T12:08:24.682" intervalms="46.504">
  <response-info timems="0.296" idlems="0.296" threads="0" lastid="0000000002369F00" lastname="main" />
</exclusive-start>
<cycle-start id="3857" type="global" contextid="0" timestamp="2019-08-08T12:08:24.682" intervalms="46.430" />
<exclusive-end id="3858" timestamp="2019-08-08T12:08:24.682" durationms="0.032" />

<exclusive-start id="3859" timestamp="2019-08-08T12:08:24.682" intervalms="0.370">
  <response-info timems="0.042" idlems="0.042" threads="0" lastid="0000000002369F00" lastname="main" />
</exclusive-start>
<af-start id="3860" threadId="000000000236A888" totalBytesRequested="1168" timestamp="2019-08-08T12:08:24.684" intervalms="48.143" />
<concurrent-aborted id="3861" timestamp="2019-08-08T12:08:24.684">
  <reason value="insufficient progress made" />
</concurrent-aborted>
<cycle-end id="3862" type="global" contextid="3857" timestamp="2019-08-08T12:08:24.684" />
  <attribute name="elasticGC enabled" value="1" />
  <attribute name= "numThreadsSpecified" value="16" />
  <attribute name="heapSize specified" value="31981568" />
  <attribute name="Current GC Util" value="31" />
  <attribute name= "Current Time Running" value="139167" />
  <attribute name ="GC Interval" value="0" />
  <attribute name="Target GC Util Change" value ="80.000000" />
  <attribute name="Current GC Util Change" value="31.000000"/>
  <attribute name="Current Error" value="-676.000000" />
  <attribute name="Output H" value="32056472"/>
  <attribute name="Output I" value="808"/>
  <attribute name="Output T" value="16"/>
  <attribute name= "Current Time Running" value="139167" />
  <attribute name="GC Util currently" value="31" />
  <attribute name="CPU Util currently" value="45040018010" />
<cycle-start id="3863" type="global" contextid="0" timestamp="2019-08-08T12:08:24.684" intervalms="1.720" />
<gc-start id="3864" type="global" contextid="3863" timestamp="2019-08-08T12:08:24.684">
  <mem-info id="3865" free="320512" total="32112640" percent="0">
    <mem type="tenure" free="320512" total="32112640" percent="0">
      <mem type="soa" free="0" total="31792128" percent="0" />
      <mem type="loa" free="320512" total="320512" percent="100" />
    </mem>
  </mem-info>
</gc-start>
<allocation-stats totalBytes="13769280" >
  <allocated-bytes non-tlh="0" tlh="13769280" />
  <largest-consumer threadName="main" threadId="0000000002369F00" bytes="13769280" />
</allocation-stats>
<gc-op id="3866" type="mark" timems="16.217" contextid="3863" timestamp="2019-08-08T12:08:24.700">
  <trace-info objectcount="600466" scancount="521355" scanbytes="13380660" />
  <finalization candidates="80" enqueued="0" />
  <ownableSynchronizers candidates="21" cleared="0" />
  <references type="soft" candidates="3261" cleared="0" enqueued="0" dynamicThreshold="14" maxThreshold="32" />
  <references type="weak" candidates="5588" cleared="0" enqueued="0" />
  <references type="phantom" candidates="97" cleared="0" enqueued="0" />
  <stringconstants candidates="13592" cleared="0"  />
</gc-op>
<gc-op id="3867" type="sweep" timems="3.660" contextid="3863" timestamp="2019-08-08T12:08:24.704" />
<mem-info id="3868" free="14137824" total="32112640" percent="44">
  <mem type="tenure" free="14137824" total="32112640" percent="44" micro-fragmented="0">
    <mem type="soa" free="13817312" total="31792128" percent="43" />
    <mem type="loa" free="320512" total="320512" percent="100" />
  </mem>
</mem-info>
<gc-op id="3869" type="compact" timems="27.571" contextid="3863" timestamp="2019-08-08T12:08:24.731">
  <compact-info movecount="2" movebytes="56" reason="compact to aid heap contraction" />
</gc-op>
<heap-resize id="3870" type="expand" space="tenure" amount="131072" count="1" timems="0.024" reason="satisfy allocation request" timestamp="2019-08-08T12:08:24.732" />
<gc-end id="3871" type="global" contextid="3863" durationms="48.723" usertimems="68.189" systemtimems="43.047" timestamp="2019-08-08T12:08:24.732" activeThreads="16">
  <mem-info id="3872" free="14204088" total="32243712" percent="44">
    <mem type="tenure" free="14204088" total="32243712" percent="44">
      <mem type="soa" free="13882552" total="31922176" percent="43" />
      <mem type="loa" free="321536" total="321536" percent="100" />
    </mem>
  </mem-info>
</gc-end>
<cycle-end id="3873" type="global" contextid="3863" timestamp="2019-08-08T12:08:24.732" />
  <attribute name="elasticGC enabled" value="1" />
  <attribute name= "numThreadsSpecified" value="16" />
  <attribute name="heapSize specified" value="32112640" />
  <attribute name="Current GC Util" value="66" />
  <attribute name= "Current Time Running" value="139221" />
  <attribute name ="GC Interval" value="0" />
  <attribute name="Target GC Util Change" value ="80.000000" />
  <attribute name="Current GC Util Change" value="66.000000"/>
  <attribute name="Current Error" value="-285.000000" />
  <attribute name="Output H" value="32187992"/>
  <attribute name="Output I" value="1504"/>
  <attribute name="Output T" value="16"/>
  <attribute name= "Current Time Running" value="139221" />
  <attribute name="GC Util currently" value="66" />
  <attribute name="CPU Util currently" value="41727450682" />
<allocation-satisfied id="3874" threadId="0000000002369F00" bytesRequested="1168" />
<af-end id="3875" timestamp="2019-08-08T12:08:24.733" threadId="000000000236A888" success="true" />
<exclusive-end id="3876" timestamp="2019-08-08T12:08:24.733" durationms="50.219" />

<concurrent-kickoff id="3877" timestamp="2019-08-08T12:08:24.735">
  <kickoff reason="threshold reached" targetBytes="5515653" thresholdFreeBytes="741030" remainingFree="670904" tenureFreeBytes="670904" />
</concurrent-kickoff>
<exclusive-start id="3878" timestamp="2019-08-08T12:08:24.736" intervalms="53.283">
  <response-info timems="0.042" idlems="0.042" threads="0" lastid="0000000002369F00" lastname="main" />
</exclusive-start>
<cycle-start id="3879" type="global" contextid="0" timestamp="2019-08-08T12:08:24.736" intervalms="51.917" />
<exclusive-end id="3880" timestamp="2019-08-08T12:08:24.736" durationms="0.011" />

<exclusive-start id="3881" timestamp="2019-08-08T12:08:24.736" intervalms="0.390">
  <response-info timems="0.039" idlems="0.039" threads="0" lastid="0000000002369F00" lastname="main" />
</exclusive-start>
<af-start id="3882" threadId="000000000236A888" totalBytesRequested="1168" timestamp="2019-08-08T12:08:24.736" intervalms="52.398" />
<concurrent-aborted id="3883" timestamp="2019-08-08T12:08:24.736">
  <reason value="insufficient progress made" />
</concurrent-aborted>
<cycle-end id="3884" type="global" contextid="3879" timestamp="2019-08-08T12:08:24.736" />
  <attribute name="elasticGC enabled" value="1" />
  <attribute name= "numThreadsSpecified" value="16" />
  <attribute name="heapSize specified" value="32112640" />
  <attribute name="Current GC Util" value="66" />
  <attribute name= "Current Time Running" value="139221" />
  <attribute name ="GC Interval" value="0" />
  <attribute name="Target GC Util Change" value ="80.000000" />
  <attribute name="Current GC Util Change" value="66.000000"/>
  <attribute name="Current Error" value="-285.000000" />
  <attribute name="Output H" value="32187992"/>
  <attribute name="Output I" value="1504"/>
  <attribute name="Output T" value="16"/>
  <attribute name= "Current Time Running" value="139221" />
  <attribute name="GC Util currently" value="66" />
  <attribute name="CPU Util currently" value="41727450682" />
<cycle-start id="3885" type="global" contextid="0" timestamp="2019-08-08T12:08:24.736" intervalms="0.480" />
<gc-start id="3886" type="global" contextid="3885" timestamp="2019-08-08T12:08:24.736">
  <mem-info id="3887" free="321536" total="32243712" percent="0">
    <mem type="tenure" free="321536" total="32243712" percent="0">
      <mem type="soa" free="0" total="31922176" percent="0" />
      <mem type="loa" free="321536" total="321536" percent="100" />
    </mem>
  </mem-info>
</gc-start>
<allocation-stats totalBytes="13898664" >
  <allocated-bytes non-tlh="0" tlh="13898664" />
  <largest-consumer threadName="main" threadId="0000000002369F00" bytes="13898664" />
</allocation-stats>
<gc-op id="3888" type="mark" timems="19.598" contextid="3885" timestamp="2019-08-08T12:08:24.756">
  <trace-info objectcount="600466" scancount="521356" scanbytes="13380660" />
  <finalization candidates="80" enqueued="0" />
  <ownableSynchronizers candidates="21" cleared="0" />
  <references type="soft" candidates="3261" cleared="0" enqueued="0" dynamicThreshold="14" maxThreshold="32" />
  <references type="weak" candidates="5588" cleared="0" enqueued="0" />
  <references type="phantom" candidates="97" cleared="0" enqueued="0" />
  <stringconstants candidates="13592" cleared="0"  />
</gc-op>
<gc-op id="3889" type="sweep" timems="3.689" contextid="3885" timestamp="2019-08-08T12:08:24.759" />
<mem-info id="3890" free="14269624" total="32243712" percent="44">
  <mem type="tenure" free="14269624" total="32243712" percent="44" micro-fragmented="0">
    <mem type="soa" free="13948088" total="31922176" percent="43" />
    <mem type="loa" free="321536" total="321536" percent="100" />
  </mem>
</mem-info>
<gc-op id="3891" type="compact" timems="28.593" contextid="3885" timestamp="2019-08-08T12:08:24.788">
  <compact-info movecount="2" movebytes="56" reason="compact to aid heap contraction" />
</gc-op>
<heap-resize id="3892" type="expand" space="tenure" amount="131072" count="1" timems="0.022" reason="satisfy allocation request" timestamp="2019-08-08T12:08:24.789" />
<gc-end id="3893" type="global" contextid="3885" durationms="52.649" usertimems="76.698" systemtimems="38.489" timestamp="2019-08-08T12:08:24.789" activeThreads="16">
  <mem-info id="3894" free="14335160" total="32374784" percent="44">
    <mem type="tenure" free="14335160" total="32374784" percent="44">
      <mem type="soa" free="14011576" total="32051200" percent="43" />
      <mem type="loa" free="323584" total="323584" percent="100" />
    </mem>
  </mem-info>
</gc-end>
<cycle-end id="3895" type="global" contextid="3885" timestamp="2019-08-08T12:08:24.789" />
  <attribute name="elasticGC enabled" value="1" />
  <attribute name= "numThreadsSpecified" value="16" />
  <attribute name="heapSize specified" value="32243712" />
  <attribute name="Current GC Util" value="57" />
  <attribute name= "Current Time Running" value="139278" />
  <attribute name ="GC Interval" value="0" />
  <attribute name="Target GC Util Change" value ="80.000000" />
  <attribute name="Current GC Util Change" value="57.000000"/>
  <attribute name="Current Error" value="-49.000000" />
  <attribute name="Output H" value="32319336"/>
  <attribute name="Output I" value="1928"/>
  <attribute name="Output T" value="16"/>
  <attribute name= "Current Time Running" value="139278" />
  <attribute name="GC Util currently" value="57" />
  <attribute name="CPU Util currently" value="40296811956" />
<allocation-satisfied id="3896" threadId="0000000002369F00" bytesRequested="1168" />
<af-end id="3897" timestamp="2019-08-08T12:08:24.789" threadId="000000000236A888" success="true" />
<exclusive-end id="3898" timestamp="2019-08-08T12:08:24.789" durationms="52.889" />

<concurrent-kickoff id="3899" timestamp="2019-08-08T12:08:24.792">
  <kickoff reason="threshold reached" targetBytes="5538074" thresholdFreeBytes="744044" remainingFree="670904" tenureFreeBytes="670904" />
</concurrent-kickoff>
<exclusive-start id="3900" timestamp="2019-08-08T12:08:24.792" intervalms="55.734">
  <response-info timems="0.022" idlems="0.022" threads="0" lastid="0000000002369F00" lastname="main" />
</exclusive-start>
<cycle-start id="3901" type="global" contextid="0" timestamp="2019-08-08T12:08:24.792" intervalms="55.645" />
<exclusive-end id="3902" timestamp="2019-08-08T12:08:24.792" durationms="0.013" />

<exclusive-start id="3903" timestamp="2019-08-08T12:08:24.792" intervalms="0.310">
  <response-info timems="0.026" idlems="0.026" threads="0" lastid="0000000002369F00" lastname="main" />
</exclusive-start>
<af-start id="3904" threadId="000000000236A888" totalBytesRequested="1168" timestamp="2019-08-08T12:08:24.792" intervalms="56.033" />
<concurrent-aborted id="3905" timestamp="2019-08-08T12:08:24.792">
  <reason value="insufficient progress made" />
</concurrent-aborted>
<cycle-end id="3906" type="global" contextid="3901" timestamp="2019-08-08T12:08:24.792" />
  <attribute name="elasticGC enabled" value="1" />
  <attribute name= "numThreadsSpecified" value="16" />
  <attribute name="heapSize specified" value="32243712" />
  <attribute name="Current GC Util" value="57" />
  <attribute name= "Current Time Running" value="139278" />
  <attribute name ="GC Interval" value="0" />
  <attribute name="Target GC Util Change" value ="80.000000" />
  <attribute name="Current GC Util Change" value="57.000000"/>
  <attribute name="Current Error" value="-49.000000" />
  <attribute name="Output H" value="32319336"/>
  <attribute name="Output I" value="1928"/>
  <attribute name="Output T" value="16"/>
  <attribute name= "Current Time Running" value="139278" />
  <attribute name="GC Util currently" value="57" />
  <attribute name="CPU Util currently" value="40296811956" />
<cycle-start id="3907" type="global" contextid="0" timestamp="2019-08-08T12:08:24.792" intervalms="0.368" />
<gc-start id="3908" type="global" contextid="3907" timestamp="2019-08-08T12:08:24.792">
  <mem-info id="3909" free="323584" total="32374784" percent="0">
    <mem type="tenure" free="323584" total="32374784" percent="0">
      <mem type="soa" free="0" total="32051200" percent="0" />
      <mem type="loa" free="323584" total="323584" percent="100" />
    </mem>
  </mem-info>
</gc-start>
<allocation-stats totalBytes="14028096" >
  <allocated-bytes non-tlh="0" tlh="14028096" />
  <largest-consumer threadName="main" threadId="0000000002369F00" bytes="14028096" />
</allocation-stats>
<gc-op id="3910" type="mark" timems="10.720" contextid="3907" timestamp="2019-08-08T12:08:24.803">
  <trace-info objectcount="600466" scancount="521358" scanbytes="13380660" />
  <finalization candidates="80" enqueued="0" />
  <ownableSynchronizers candidates="21" cleared="0" />
  <references type="soft" candidates="3261" cleared="0" enqueued="0" dynamicThreshold="14" maxThreshold="32" />
  <references type="weak" candidates="5588" cleared="0" enqueued="0" />
  <references type="phantom" candidates="97" cleared="0" enqueued="0" />
  <stringconstants candidates="13592" cleared="0"  />
</gc-op>
<gc-op id="3911" type="sweep" timems="3.266" contextid="3907" timestamp="2019-08-08T12:08:24.806" />
<mem-info id="3912" free="14400552" total="32374784" percent="44">
  <mem type="tenure" free="14400552" total="32374784" percent="44" micro-fragmented="0">
    <mem type="soa" free="14076968" total="32051200" percent="43" />
    <mem type="loa" free="323584" total="323584" percent="100" />
  </mem>
</mem-info>
<gc-op id="3913" type="compact" timems="30.039" contextid="3907" timestamp="2019-08-08T12:08:24.836">
  <compact-info movecount="2" movebytes="56" reason="compact to aid heap contraction" />
</gc-op>
<heap-resize id="3914" type="expand" space="tenure" amount="131072" count="1" timems="0.021" reason="satisfy allocation request" timestamp="2019-08-08T12:08:24.837" />
<gc-end id="3915" type="global" contextid="3907" durationms="45.009" usertimems="82.127" systemtimems="7.475" timestamp="2019-08-08T12:08:24.837" activeThreads="16">
  <mem-info id="3916" free="14466232" total="32505856" percent="44">
    <mem type="tenure" free="14466232" total="32505856" percent="44">
      <mem type="soa" free="14141624" total="32181248" percent="43" />
      <mem type="loa" free="324608" total="324608" percent="100" />
    </mem>
  </mem-info>
</gc-end>
<cycle-end id="3917" type="global" contextid="3907" timestamp="2019-08-08T12:08:24.837" />
  <attribute name="elasticGC enabled" value="1" />
  <attribute name= "numThreadsSpecified" value="16" />
  <attribute name="heapSize specified" value="32374784" />
  <attribute name="Current GC Util" value="47" />
  <attribute name= "Current Time Running" value="139326" />
  <attribute name ="GC Interval" value="0" />
  <attribute name="Target GC Util Change" value ="80.000000" />
  <attribute name="Current GC Util Change" value="47.000000"/>
  <attribute name="Current Error" value="88.000000" />
  <attribute name="Output H" value="32450568"/>
  <attribute name="Output I" value="2168"/>
  <attribute name="Output T" value="16"/>
  <attribute name= "Current Time Running" value="139326" />
  <attribute name="GC Util currently" value="47" />
  <attribute name="CPU Util currently" value="38322785137" />
<allocation-satisfied id="3918" threadId="0000000002369F00" bytesRequested="1168" />
<af-end id="3919" timestamp="2019-08-08T12:08:24.837" threadId="000000000236A888" success="true" />
<exclusive-end id="3920" timestamp="2019-08-08T12:08:24.837" durationms="45.205" />

<concurrent-kickoff id="3921" timestamp="2019-08-08T12:08:24.840">
  <kickoff reason="threshold reached" targetBytes="5560495" thresholdFreeBytes="747056" remainingFree="670904" tenureFreeBytes="670904" />
</concurrent-kickoff>
<exclusive-start id="3922" timestamp="2019-08-08T12:08:24.840" intervalms="48.262">
  <response-info timems="0.132" idlems="0.132" threads="0" lastid="0000000002369F00" lastname="main" />
</exclusive-start>
<cycle-start id="3923" type="global" contextid="0" timestamp="2019-08-08T12:08:24.840" intervalms="48.217" />
<exclusive-end id="3924" timestamp="2019-08-08T12:08:24.840" durationms="0.029" />

<exclusive-start id="3925" timestamp="2019-08-08T12:08:24.841" intervalms="0.307">
  <response-info timems="0.031" idlems="0.031" threads="0" lastid="0000000002369F00" lastname="main" />
</exclusive-start>
<af-start id="3926" threadId="000000000236A888" totalBytesRequested="1168" timestamp="2019-08-08T12:08:24.841" intervalms="48.569" />
<concurrent-aborted id="3927" timestamp="2019-08-08T12:08:24.841">
  <reason value="insufficient progress made" />
</concurrent-aborted>
<cycle-end id="3928" type="global" contextid="3923" timestamp="2019-08-08T12:08:24.841" />
  <attribute name="elasticGC enabled" value="1" />
  <attribute name= "numThreadsSpecified" value="16" />
  <attribute name="heapSize specified" value="32374784" />
  <attribute name="Current GC Util" value="47" />
  <attribute name= "Current Time Running" value="139326" />
  <attribute name ="GC Interval" value="0" />
  <attribute name="Target GC Util Change" value ="80.000000" />
  <attribute name="Current GC Util Change" value="47.000000"/>
  <attribute name="Current Error" value="88.000000" />
  <attribute name="Output H" value="32450568"/>
  <attribute name="Output I" value="2168"/>
  <attribute name="Output T" value="16"/>
  <attribute name= "Current Time Running" value="139326" />
  <attribute name="GC Util currently" value="47" />
  <attribute name="CPU Util currently" value="38322785137" />
<cycle-start id="3929" type="global" contextid="0" timestamp="2019-08-08T12:08:24.841" intervalms="0.352" />
<gc-start id="3930" type="global" contextid="3929" timestamp="2019-08-08T12:08:24.841">
  <mem-info id="3931" free="324608" total="32505856" percent="0">
    <mem type="tenure" free="324608" total="32505856" percent="0">
      <mem type="soa" free="0" total="32181248" percent="0" />
      <mem type="loa" free="324608" total="324608" percent="100" />
    </mem>
  </mem-info>
</gc-start>
<allocation-stats totalBytes="14157504" >
  <allocated-bytes non-tlh="0" tlh="14157504" />
  <largest-consumer threadName="main" threadId="0000000002369F00" bytes="14157504" />
</allocation-stats>
<gc-op id="3932" type="mark" timems="10.953" contextid="3929" timestamp="2019-08-08T12:08:24.852">
  <trace-info objectcount="600466" scancount="521356" scanbytes="13380660" />
  <finalization candidates="80" enqueued="0" />
  <ownableSynchronizers candidates="21" cleared="0" />
  <references type="soft" candidates="3261" cleared="0" enqueued="0" dynamicThreshold="14" maxThreshold="32" />
  <references type="weak" candidates="5588" cleared="0" enqueued="0" />
  <references type="phantom" candidates="97" cleared="0" enqueued="0" />
  <stringconstants candidates="13592" cleared="0"  />
</gc-op>
<gc-op id="3933" type="sweep" timems="2.658" contextid="3929" timestamp="2019-08-08T12:08:24.854" />
<mem-info id="3934" free="14531440" total="32505856" percent="44">
  <mem type="tenure" free="14531440" total="32505856" percent="44" micro-fragmented="0">
    <mem type="soa" free="14206832" total="32181248" percent="44" />
    <mem type="loa" free="324608" total="324608" percent="100" />
  </mem>
</mem-info>
<gc-op id="3935" type="compact" timems="34.543" contextid="3929" timestamp="2019-08-08T12:08:24.889">
  <compact-info movecount="2" movebytes="56" reason="compact to aid heap contraction" />
</gc-op>
<heap-resize id="3936" type="expand" space="tenure" amount="131072" count="1" timems="0.021" reason="satisfy allocation request" timestamp="2019-08-08T12:08:24.890" />
<gc-end id="3937" type="global" contextid="3929" durationms="49.771" usertimems="70.369" systemtimems="39.073" timestamp="2019-08-08T12:08:24.890" activeThreads="16">
  <mem-info id="3938" free="14597304" total="32636928" percent="44">
    <mem type="tenure" free="14597304" total="32636928" percent="44">
      <mem type="soa" free="14271672" total="32311296" percent="44" />
      <mem type="loa" free="325632" total="325632" percent="100" />
    </mem>
  </mem-info>
</gc-end>
<cycle-end id="3939" type="global" contextid="3929" timestamp="2019-08-08T12:08:24.891" />
  <attribute name="elasticGC enabled" value="1" />
  <attribute name= "numThreadsSpecified" value="16" />
  <attribute name="heapSize specified" value="32505856" />
  <attribute name="Current GC Util" value="35" />
  <attribute name= "Current Time Running" value="139379" />
  <attribute name ="GC Interval" value="0" />
  <attribute name="Target GC Util Change" value ="80.000000" />
  <attribute name="Current GC Util Change" value="35.000000"/>
  <attribute name="Current Error" value="45.000000" />
  <attribute name="Output H" value="32581592"/>
  <attribute name="Output I" value="2088"/>
  <attribute name="Output T" value="16"/>
  <attribute name= "Current Time Running" value="139379" />
  <attribute name="GC Util currently" value="35" />
  <attribute name="CPU Util currently" value="33348129591" />
<allocation-satisfied id="3940" threadId="0000000002369F00" bytesRequested="1168" />
<af-end id="3941" timestamp="2019-08-08T12:08:24.891" threadId="000000000236A888" success="true" />
<exclusive-end id="3942" timestamp="2019-08-08T12:08:24.891" durationms="49.948" />

<concurrent-kickoff id="3943" timestamp="2019-08-08T12:08:24.894">
  <kickoff reason="threshold reached" targetBytes="5582916" thresholdFreeBytes="750068" remainingFree="670904" tenureFreeBytes="670904" />
</concurrent-kickoff>
<exclusive-start id="3944" timestamp="2019-08-08T12:08:24.894" intervalms="53.548">
  <response-info timems="0.023" idlems="0.023" threads="0" lastid="0000000002369F00" lastname="main" />
</exclusive-start>
<cycle-start id="3945" type="global" contextid="0" timestamp="2019-08-08T12:08:24.894" intervalms="53.490" />
<exclusive-end id="3946" timestamp="2019-08-08T12:08:24.894" durationms="0.013" />

<exclusive-start id="3947" timestamp="2019-08-08T12:08:24.895" intervalms="0.488">
  <response-info timems="0.057" idlems="0.057" threads="0" lastid="0000000002369F00" lastname="main" />
</exclusive-start>
<af-start id="3948" threadId="000000000236A888" totalBytesRequested="1168" timestamp="2019-08-08T12:08:24.895" intervalms="54.042" />
<concurrent-aborted id="3949" timestamp="2019-08-08T12:08:24.895">
  <reason value="insufficient progress made" />
</concurrent-aborted>
<cycle-end id="3950" type="global" contextid="3945" timestamp="2019-08-08T12:08:24.895" />
  <attribute name="elasticGC enabled" value="1" />
  <attribute name= "numThreadsSpecified" value="16" />
  <attribute name="heapSize specified" value="32505856" />
  <attribute name="Current GC Util" value="35" />
  <attribute name= "Current Time Running" value="139379" />
  <attribute name ="GC Interval" value="0" />
  <attribute name="Target GC Util Change" value ="80.000000" />
  <attribute name="Current GC Util Change" value="35.000000"/>
  <attribute name="Current Error" value="45.000000" />
  <attribute name="Output H" value="32581592"/>
  <attribute name="Output I" value="2088"/>
  <attribute name="Output T" value="16"/>
  <attribute name= "Current Time Running" value="139379" />
  <attribute name="GC Util currently" value="35" />
  <attribute name="CPU Util currently" value="33348129591" />
<cycle-start id="3951" type="global" contextid="0" timestamp="2019-08-08T12:08:24.895" intervalms="0.555" />
<gc-start id="3952" type="global" contextid="3951" timestamp="2019-08-08T12:08:24.895">
  <mem-info id="3953" free="325632" total="32636928" percent="0">
    <mem type="tenure" free="325632" total="32636928" percent="0">
      <mem type="soa" free="0" total="32311296" percent="0" />
      <mem type="loa" free="325632" total="325632" percent="100" />
    </mem>
  </mem-info>
</gc-start>
<allocation-stats totalBytes="14286912" >
  <allocated-bytes non-tlh="0" tlh="14286912" />
  <largest-consumer threadName="main" threadId="0000000002369F00" bytes="14286912" />
</allocation-stats>
<gc-op id="3954" type="mark" timems="16.726" contextid="3951" timestamp="2019-08-08T12:08:24.911">
  <trace-info objectcount="600466" scancount="521358" scanbytes="13380660" />
  <finalization candidates="80" enqueued="0" />
  <ownableSynchronizers candidates="21" cleared="0" />
  <references type="soft" candidates="3261" cleared="0" enqueued="0" dynamicThreshold="14" maxThreshold="32" />
  <references type="weak" candidates="5588" cleared="0" enqueued="0" />
  <references type="phantom" candidates="97" cleared="0" enqueued="0" />
  <stringconstants candidates="13592" cleared="0"  />
</gc-op>
<gc-op id="3955" type="sweep" timems="5.754" contextid="3951" timestamp="2019-08-08T12:08:24.917" />
<mem-info id="3956" free="14662304" total="32636928" percent="44">
  <mem type="tenure" free="14662304" total="32636928" percent="44" micro-fragmented="0">
    <mem type="soa" free="14336672" total="32311296" percent="44" />
    <mem type="loa" free="325632" total="325632" percent="100" />
  </mem>
</mem-info>
<gc-op id="3957" type="compact" timems="33.651" contextid="3951" timestamp="2019-08-08T12:08:24.951">
  <compact-info movecount="2" movebytes="56" reason="compact to aid heap contraction" />
</gc-op>
<heap-resize id="3958" type="expand" space="tenure" amount="131072" count="1" timems="0.018" reason="satisfy allocation request" timestamp="2019-08-08T12:08:24.952" />
<gc-end id="3959" type="global" contextid="3951" durationms="57.591" usertimems="85.198" systemtimems="34.633" timestamp="2019-08-08T12:08:24.952" activeThreads="16">
  <mem-info id="3960" free="14728376" total="32768000" percent="44">
    <mem type="tenure" free="14728376" total="32768000" percent="44">
      <mem type="soa" free="14400696" total="32440320" percent="44" />
      <mem type="loa" free="327680" total="327680" percent="100" />
    </mem>
  </mem-info>
</gc-end>
<cycle-end id="3961" type="global" contextid="3951" timestamp="2019-08-08T12:08:24.952" />
  <attribute name="elasticGC enabled" value="1" />
  <attribute name= "numThreadsSpecified" value="16" />
  <attribute name="heapSize specified" value="32636928" />
  <attribute name="Current GC Util" value="89" />
  <attribute name= "Current Time Running" value="139441" />
  <attribute name ="GC Interval" value="0" />
  <attribute name="Target GC Util Change" value ="80.000000" />
  <attribute name="Current GC Util Change" value="89.000000"/>
  <attribute name="Current Error" value="-824.000000" />
  <attribute name="Output H" value="32711664"/>
  <attribute name="Output I" value="544"/>
  <attribute name="Output T" value="16"/>
  <attribute name= "Current Time Running" value="139441" />
  <attribute name="GC Util currently" value="89" />
  <attribute name="CPU Util currently" value="34204272830" />
<allocation-satisfied id="3962" threadId="0000000002369F00" bytesRequested="1168" />
<af-end id="3963" timestamp="2019-08-08T12:08:24.952" threadId="000000000236A888" success="true" />
<exclusive-end id="3964" timestamp="2019-08-08T12:08:24.952" durationms="57.870" />

<concurrent-kickoff id="3965" timestamp="2019-08-08T12:08:24.960">
  <kickoff reason="threshold reached" targetBytes="5605337" thresholdFreeBytes="753079" remainingFree="670904" tenureFreeBytes="670904" />
</concurrent-kickoff>
<exclusive-start id="3966" timestamp="2019-08-08T12:08:24.960" intervalms="65.532">
  <response-info timems="0.027" idlems="0.027" threads="0" lastid="0000000002369F00" lastname="main" />
</exclusive-start>
<cycle-start id="3967" type="global" contextid="0" timestamp="2019-08-08T12:08:24.960" intervalms="65.491" />
<exclusive-end id="3968" timestamp="2019-08-08T12:08:24.960" durationms="0.043" />

<exclusive-start id="3969" timestamp="2019-08-08T12:08:24.964" intervalms="4.128">
  <response-info timems="0.050" idlems="0.050" threads="0" lastid="0000000002369F00" lastname="main" />
</exclusive-start>
<af-start id="3970" threadId="000000000236A888" totalBytesRequested="1168" timestamp="2019-08-08T12:08:24.964" intervalms="69.672" />
<concurrent-aborted id="3971" timestamp="2019-08-08T12:08:24.964">
  <reason value="insufficient progress made" />
</concurrent-aborted>
<cycle-end id="3972" type="global" contextid="3967" timestamp="2019-08-08T12:08:24.964" />
  <attribute name="elasticGC enabled" value="1" />
  <attribute name= "numThreadsSpecified" value="16" />
  <attribute name="heapSize specified" value="32636928" />
  <attribute name="Current GC Util" value="89" />
  <attribute name= "Current Time Running" value="139441" />
  <attribute name ="GC Interval" value="0" />
  <attribute name="Target GC Util Change" value ="80.000000" />
  <attribute name="Current GC Util Change" value="89.000000"/>
  <attribute name="Current Error" value="-824.000000" />
  <attribute name="Output H" value="32711664"/>
  <attribute name="Output I" value="544"/>
  <attribute name="Output T" value="16"/>
  <attribute name= "Current Time Running" value="139441" />
  <attribute name="GC Util currently" value="89" />
  <attribute name="CPU Util currently" value="34204272830" />
<cycle-start id="3973" type="global" contextid="0" timestamp="2019-08-08T12:08:24.964" intervalms="4.248" />
<gc-start id="3974" type="global" contextid="3973" timestamp="2019-08-08T12:08:24.965">
  <mem-info id="3975" free="327680" total="32768000" percent="1">
    <mem type="tenure" free="327680" total="32768000" percent="1">
      <mem type="soa" free="0" total="32440320" percent="0" />
      <mem type="loa" free="327680" total="327680" percent="100" />
    </mem>
  </mem-info>
</gc-start>
<allocation-stats totalBytes="14408216" >
  <allocated-bytes non-tlh="0" tlh="14408216" />
  <largest-consumer threadName="main" threadId="0000000002369F00" bytes="14408216" />
</allocation-stats>
<gc-op id="3976" type="mark" timems="17.729" contextid="3973" timestamp="2019-08-08T12:08:24.982">
  <trace-info objectcount="600472" scancount="521358" scanbytes="13380812" />
  <finalization candidates="80" enqueued="0" />
  <ownableSynchronizers candidates="21" cleared="0" />
  <references type="soft" candidates="3261" cleared="0" enqueued="0" dynamicThreshold="14" maxThreshold="32" />
  <references type="weak" candidates="5588" cleared="0" enqueued="0" />
  <references type="phantom" candidates="97" cleared="0" enqueued="0" />
  <stringconstants candidates="13592" cleared="0"  />
</gc-op>
<gc-op id="3977" type="sweep" timems="2.266" contextid="3973" timestamp="2019-08-08T12:08:24.985" />
<mem-info id="3978" free="14792672" total="32768000" percent="45">
  <mem type="tenure" free="14792672" total="32768000" percent="45" micro-fragmented="0">
    <mem type="soa" free="14464992" total="32440320" percent="44" />
    <mem type="loa" free="327680" total="327680" percent="100" />
  </mem>
</mem-info>
<gc-op id="3979" type="compact" timems="34.210" contextid="3973" timestamp="2019-08-08T12:08:25.019">
  <compact-info movecount="27" movebytes="1936" reason="compact to aid heap contraction" />
</gc-op>
<heap-resize id="3980" type="expand" space="tenure" amount="131072" count="1" timems="0.023" reason="satisfy allocation request" timestamp="2019-08-08T12:08:25.020" />
<gc-end id="3981" type="global" contextid="3973" durationms="55.403" usertimems="138.634" systemtimems="9.768" timestamp="2019-08-08T12:08:25.020" activeThreads="16">
  <mem-info id="3982" free="14859288" total="32899072" percent="45">
    <mem type="tenure" free="14859288" total="32899072" percent="45">
      <mem type="soa" free="14530584" total="32570368" percent="44" />
      <mem type="loa" free="328704" total="328704" percent="100" />
    </mem>
  </mem-info>
</gc-end>
<cycle-end id="3983" type="global" contextid="3973" timestamp="2019-08-08T12:08:25.020" />
  <attribute name="elasticGC enabled" value="1" />
  <attribute name= "numThreadsSpecified" value="16" />
  <attribute name="heapSize specified" value="32768000" />
  <attribute name="Current GC Util" value="20" />
  <attribute name= "Current Time Running" value="139509" />
  <attribute name ="GC Interval" value="0" />
  <attribute name="Target GC Util Change" value ="80.000000" />
  <attribute name="Current GC Util Change" value="20.000000"/>
  <attribute name="Current Error" value="-297.000000" />
  <attribute name="Output H" value="32843344"/>
  <attribute name="Output I" value="1480"/>
  <attribute name="Output T" value="16"/>
  <attribute name= "Current Time Running" value="139509" />
  <attribute name="GC Util currently" value="20" />
  <attribute name="CPU Util currently" value="33664854184" />
<allocation-satisfied id="3984" threadId="0000000002369F00" bytesRequested="1168" />
<af-end id="3985" timestamp="2019-08-08T12:08:25.020" threadId="000000000236A888" success="true" />
<exclusive-end id="3986" timestamp="2019-08-08T12:08:25.020" durationms="55.762" />

<concurrent-kickoff id="3987" timestamp="2019-08-08T12:08:25.033">
  <kickoff reason="threshold reached" targetBytes="5627759" thresholdFreeBytes="756092" remainingFree="637976" tenureFreeBytes="637976" />
</concurrent-kickoff>
<exclusive-start id="3988" timestamp="2019-08-08T12:08:25.033" intervalms="68.990">
  <response-info timems="0.056" idlems="0.056" threads="0" lastid="0000000002369F00" lastname="main" />
</exclusive-start>
<cycle-start id="3989" type="global" contextid="0" timestamp="2019-08-08T12:08:25.033" intervalms="68.863" />
<exclusive-end id="3990" timestamp="2019-08-08T12:08:25.033" durationms="0.035" />

<exclusive-start id="3991" timestamp="2019-08-08T12:08:25.034" intervalms="0.776">
  <response-info timems="0.170" idlems="0.170" threads="0" lastid="0000000002369F00" lastname="main" />
</exclusive-start>
<af-start id="3992" threadId="000000000236A888" totalBytesRequested="1168" timestamp="2019-08-08T12:08:25.034" intervalms="69.746" />
<concurrent-aborted id="3993" timestamp="2019-08-08T12:08:25.034">
  <reason value="insufficient progress made" />
</concurrent-aborted>
<cycle-end id="3994" type="global" contextid="3989" timestamp="2019-08-08T12:08:25.034" />
  <attribute name="elasticGC enabled" value="1" />
  <attribute name= "numThreadsSpecified" value="16" />
  <attribute name="heapSize specified" value="32768000" />
  <attribute name="Current GC Util" value="20" />
  <attribute name= "Current Time Running" value="139509" />
  <attribute name ="GC Interval" value="0" />
  <attribute name="Target GC Util Change" value ="80.000000" />
  <attribute name="Current GC Util Change" value="20.000000"/>
  <attribute name="Current Error" value="-297.000000" />
  <attribute name="Output H" value="32843344"/>
  <attribute name="Output I" value="1480"/>
  <attribute name="Output T" value="16"/>
  <attribute name= "Current Time Running" value="139509" />
  <attribute name="GC Util currently" value="20" />
  <attribute name="CPU Util currently" value="33664854184" />
<cycle-start id="3995" type="global" contextid="0" timestamp="2019-08-08T12:08:25.034" intervalms="0.820" />
<gc-start id="3996" type="global" contextid="3995" timestamp="2019-08-08T12:08:25.034">
  <mem-info id="3997" free="328704" total="32899072" percent="0">
    <mem type="tenure" free="328704" total="32899072" percent="0">
      <mem type="soa" free="0" total="32570368" percent="0" />
      <mem type="loa" free="328704" total="328704" percent="100" />
    </mem>
  </mem-info>
</gc-start>
<allocation-stats totalBytes="14500560" >
  <allocated-bytes non-tlh="0" tlh="14500560" />
  <largest-consumer threadName="main" threadId="0000000002369F00" bytes="14500560" />
</allocation-stats>
<gc-op id="3998" type="mark" timems="16.327" contextid="3995" timestamp="2019-08-08T12:08:25.051">
  <trace-info objectcount="600472" scancount="521365" scanbytes="13380812" />
  <finalization candidates="80" enqueued="0" />
  <ownableSynchronizers candidates="21" cleared="0" />
  <references type="soft" candidates="3261" cleared="0" enqueued="0" dynamicThreshold="14" maxThreshold="32" />
  <references type="weak" candidates="5588" cleared="0" enqueued="0" />
  <references type="phantom" candidates="97" cleared="0" enqueued="0" />
  <stringconstants candidates="13592" cleared="0"  />
</gc-op>
<gc-op id="3999" type="sweep" timems="3.962" contextid="3995" timestamp="2019-08-08T12:08:25.055" />
<mem-info id="4000" free="14924816" total="32899072" percent="45">
  <mem type="tenure" free="14924816" total="32899072" percent="45" micro-fragmented="0">
    <mem type="soa" free="14596112" total="32570368" percent="44" />
    <mem type="loa" free="328704" total="328704" percent="100" />
  </mem>
</mem-info>
<gc-op id="4001" type="compact" timems="28.616" contextid="3995" timestamp="2019-08-08T12:08:25.083">
  <compact-info movecount="1" movebytes="40" reason="compact to aid heap contraction" />
</gc-op>
<heap-resize id="4002" type="expand" space="tenure" amount="131072" count="1" timems="0.025" reason="satisfy allocation request" timestamp="2019-08-08T12:08:25.085" />
<gc-end id="4003" type="global" contextid="3995" durationms="50.578" usertimems="105.037" systemtimems="28.941" timestamp="2019-08-08T12:08:25.085" activeThreads="16">
  <mem-info id="4004" free="14990360" total="33030144" percent="45">
    <mem type="tenure" free="14990360" total="33030144" percent="45">
      <mem type="soa" free="14660632" total="32700416" percent="44" />
      <mem type="loa" free="329728" total="329728" percent="100" />
    </mem>
  </mem-info>
</gc-end>
<cycle-end id="4005" type="global" contextid="3995" timestamp="2019-08-08T12:08:25.086" />
  <attribute name="elasticGC enabled" value="1" />
  <attribute name= "numThreadsSpecified" value="16" />
  <attribute name="heapSize specified" value="32899072" />
  <attribute name="Current GC Util" value="61" />
  <attribute name= "Current Time Running" value="139573" />
  <attribute name ="GC Interval" value="0" />
  <attribute name="Target GC Util Change" value ="80.000000" />
  <attribute name="Current GC Util Change" value="61.000000"/>
  <attribute name="Current Error" value="-206.000000" />
  <attribute name="Output H" value="32974520"/>
  <attribute name="Output I" value="1648"/>
  <attribute name="Output T" value="16"/>
  <attribute name= "Current Time Running" value="139573" />
  <attribute name="GC Util currently" value="61" />
  <attribute name="CPU Util currently" value="40242962771" />
<allocation-satisfied id="4006" threadId="0000000002369F00" bytesRequested="1168" />
<af-end id="4007" timestamp="2019-08-08T12:08:25.086" threadId="000000000236A888" success="true" />
<exclusive-end id="4008" timestamp="2019-08-08T12:08:25.086" durationms="52.130" />

<concurrent-kickoff id="4009" timestamp="2019-08-08T12:08:25.097">
  <kickoff reason="threshold reached" targetBytes="5650180" thresholdFreeBytes="759105" remainingFree="637976" tenureFreeBytes="637976" />
</concurrent-kickoff>
<exclusive-start id="4010" timestamp="2019-08-08T12:08:25.097" intervalms="62.720">
  <response-info timems="0.181" idlems="0.181" threads="0" lastid="0000000002369F00" lastname="main" />
</exclusive-start>
<cycle-start id="4011" type="global" contextid="0" timestamp="2019-08-08T12:08:25.097" intervalms="62.804" />
<exclusive-end id="4012" timestamp="2019-08-08T12:08:25.097" durationms="0.164" />

<exclusive-start id="4013" timestamp="2019-08-08T12:08:25.098" intervalms="0.751">
  <response-info timems="0.074" idlems="0.074" threads="0" lastid="0000000002369F00" lastname="main" />
</exclusive-start>
<af-start id="4014" threadId="000000000236A888" totalBytesRequested="1168" timestamp="2019-08-08T12:08:25.098" intervalms="63.478" />
<concurrent-aborted id="4015" timestamp="2019-08-08T12:08:25.098">
  <reason value="insufficient progress made" />
</concurrent-aborted>
<cycle-end id="4016" type="global" contextid="4011" timestamp="2019-08-08T12:08:25.098" />
  <attribute name="elasticGC enabled" value="1" />
  <attribute name= "numThreadsSpecified" value="16" />
  <attribute name="heapSize specified" value="32899072" />
  <attribute name="Current GC Util" value="61" />
  <attribute name= "Current Time Running" value="139573" />
  <attribute name ="GC Interval" value="0" />
  <attribute name="Target GC Util Change" value ="80.000000" />
  <attribute name="Current GC Util Change" value="61.000000"/>
  <attribute name="Current Error" value="-206.000000" />
  <attribute name="Output H" value="32974520"/>
  <attribute name="Output I" value="1648"/>
  <attribute name="Output T" value="16"/>
  <attribute name= "Current Time Running" value="139573" />
  <attribute name="GC Util currently" value="61" />
  <attribute name="CPU Util currently" value="40242962771" />
<cycle-start id="4017" type="global" contextid="0" timestamp="2019-08-08T12:08:25.098" intervalms="0.676" />
<gc-start id="4018" type="global" contextid="4017" timestamp="2019-08-08T12:08:25.098">
  <mem-info id="4019" free="329728" total="33030144" percent="0">
    <mem type="tenure" free="329728" total="33030144" percent="0">
      <mem type="soa" free="0" total="32700416" percent="0" />
      <mem type="loa" free="329728" total="329728" percent="100" />
    </mem>
  </mem-info>
</gc-start>
<allocation-stats totalBytes="14629520" >
  <allocated-bytes non-tlh="0" tlh="14629520" />
  <largest-consumer threadName="main" threadId="0000000002369F00" bytes="14629520" />
</allocation-stats>
<gc-op id="4020" type="mark" timems="8.472" contextid="4017" timestamp="2019-08-08T12:08:25.106">
  <trace-info objectcount="600472" scancount="521361" scanbytes="13380812" />
  <finalization candidates="80" enqueued="0" />
  <ownableSynchronizers candidates="21" cleared="0" />
  <references type="soft" candidates="3261" cleared="0" enqueued="0" dynamicThreshold="14" maxThreshold="32" />
  <references type="weak" candidates="5588" cleared="0" enqueued="0" />
  <references type="phantom" candidates="97" cleared="0" enqueued="0" />
  <stringconstants candidates="13592" cleared="0"  />
</gc-op>
<gc-op id="4021" type="sweep" timems="2.532" contextid="4017" timestamp="2019-08-08T12:08:25.109" />
<mem-info id="4022" free="15055672" total="33030144" percent="45">
  <mem type="tenure" free="15055672" total="33030144" percent="45" micro-fragmented="0">
    <mem type="soa" free="14725944" total="32700416" percent="45" />
    <mem type="loa" free="329728" total="329728" percent="100" />
  </mem>
</mem-info>
<gc-op id="4023" type="compact" timems="35.015" contextid="4017" timestamp="2019-08-08T12:08:25.144">
  <compact-info movecount="1" movebytes="40" reason="compact to aid heap contraction" />
</gc-op>
<heap-resize id="4024" type="expand" space="tenure" amount="131072" count="1" timems="0.021" reason="satisfy allocation request" timestamp="2019-08-08T12:08:25.145" />
<gc-end id="4025" type="global" contextid="4017" durationms="47.849" usertimems="89.554" systemtimems="17.278" timestamp="2019-08-08T12:08:25.145" activeThreads="16">
  <mem-info id="4026" free="15121432" total="33161216" percent="45">
    <mem type="tenure" free="15121432" total="33161216" percent="45">
      <mem type="soa" free="14790680" total="32830464" percent="45" />
      <mem type="loa" free="330752" total="330752" percent="100" />
    </mem>
  </mem-info>
</gc-end>
<cycle-end id="4027" type="global" contextid="4017" timestamp="2019-08-08T12:08:25.146" />
  <attribute name="elasticGC enabled" value="1" />
  <attribute name= "numThreadsSpecified" value="16" />
  <attribute name="heapSize specified" value="33030144" />
  <attribute name="Current GC Util" value="50" />
  <attribute name= "Current Time Running" value="139634" />
  <attribute name ="GC Interval" value="0" />
  <attribute name="Target GC Util Change" value ="80.000000" />
  <attribute name="Current GC Util Change" value="50.000000"/>
  <attribute name="Current Error" value="-78.000000" />
  <attribute name="Output H" value="33105736"/>
  <attribute name="Output I" value="1872"/>
  <attribute name="Output T" value="16"/>
  <attribute name= "Current Time Running" value="139634" />
  <attribute name="GC Util currently" value="50" />
  <attribute name="CPU Util currently" value="32849829649" />
<allocation-satisfied id="4028" threadId="0000000002369F00" bytesRequested="1168" />
<af-end id="4029" timestamp="2019-08-08T12:08:25.146" threadId="000000000236A888" success="true" />
<exclusive-end id="4030" timestamp="2019-08-08T12:08:25.146" durationms="48.061" />

<concurrent-kickoff id="4031" timestamp="2019-08-08T12:08:25.155">
  <kickoff reason="threshold reached" targetBytes="5672601" thresholdFreeBytes="762117" remainingFree="637976" tenureFreeBytes="637976" />
</concurrent-kickoff>
<exclusive-start id="4032" timestamp="2019-08-08T12:08:25.155" intervalms="57.697">
  <response-info timems="0.019" idlems="0.019" threads="0" lastid="0000000002369F00" lastname="main" />
</exclusive-start>
<cycle-start id="4033" type="global" contextid="0" timestamp="2019-08-08T12:08:25.155" intervalms="57.632" />
<exclusive-end id="4034" timestamp="2019-08-08T12:08:25.155" durationms="0.021" />

<exclusive-start id="4035" timestamp="2019-08-08T12:08:25.156" intervalms="0.637">
  <response-info timems="0.114" idlems="0.114" threads="0" lastid="0000000002369F00" lastname="main" />
</exclusive-start>
<af-start id="4036" threadId="000000000236A888" totalBytesRequested="1168" timestamp="2019-08-08T12:08:25.156" intervalms="58.324" />
<concurrent-aborted id="4037" timestamp="2019-08-08T12:08:25.156">
  <reason value="insufficient progress made" />
</concurrent-aborted>
<cycle-end id="4038" type="global" contextid="4033" timestamp="2019-08-08T12:08:25.156" />
  <attribute name="elasticGC enabled" value="1" />
  <attribute name= "numThreadsSpecified" value="16" />
  <attribute name="heapSize specified" value="33030144" />
  <attribute name="Current GC Util" value="50" />
  <attribute name= "Current Time Running" value="139634" />
  <attribute name ="GC Interval" value="0" />
  <attribute name="Target GC Util Change" value ="80.000000" />
  <attribute name="Current GC Util Change" value="50.000000"/>
  <attribute name="Current Error" value="-78.000000" />
  <attribute name="Output H" value="33105736"/>
  <attribute name="Output I" value="1872"/>
  <attribute name="Output T" value="16"/>
  <attribute name= "Current Time Running" value="139634" />
  <attribute name="GC Util currently" value="50" />
  <attribute name="CPU Util currently" value="32849829649" />
<cycle-start id="4039" type="global" contextid="0" timestamp="2019-08-08T12:08:25.156" intervalms="0.684" />
<gc-start id="4040" type="global" contextid="4039" timestamp="2019-08-08T12:08:25.156">
  <mem-info id="4041" free="330752" total="33161216" percent="0">
    <mem type="tenure" free="330752" total="33161216" percent="0">
      <mem type="soa" free="0" total="32830464" percent="0" />
      <mem type="loa" free="330752" total="330752" percent="100" />
    </mem>
  </mem-info>
</gc-start>
<allocation-stats totalBytes="14758480" >
  <allocated-bytes non-tlh="0" tlh="14758480" />
  <largest-consumer threadName="main" threadId="0000000002369F00" bytes="14758480" />
</allocation-stats>
<gc-op id="4042" type="mark" timems="13.431" contextid="4039" timestamp="2019-08-08T12:08:25.169">
  <trace-info objectcount="600472" scancount="521360" scanbytes="13380812" />
  <finalization candidates="80" enqueued="0" />
  <ownableSynchronizers candidates="21" cleared="0" />
  <references type="soft" candidates="3261" cleared="0" enqueued="0" dynamicThreshold="14" maxThreshold="32" />
  <references type="weak" candidates="5588" cleared="0" enqueued="0" />
  <references type="phantom" candidates="97" cleared="0" enqueued="0" />
  <stringconstants candidates="13592" cleared="0"  />
</gc-op>
<gc-op id="4043" type="sweep" timems="2.488" contextid="4039" timestamp="2019-08-08T12:08:25.172" />
<mem-info id="4044" free="15186528" total="33161216" percent="45">
  <mem type="tenure" free="15186528" total="33161216" percent="45" micro-fragmented="0">
    <mem type="soa" free="14855776" total="32830464" percent="45" />
    <mem type="loa" free="330752" total="330752" percent="100" />
  </mem>
</mem-info>
<gc-op id="4045" type="compact" timems="31.281" contextid="4039" timestamp="2019-08-08T12:08:25.203">
  <compact-info movecount="1" movebytes="40" reason="compact to aid heap contraction" />
</gc-op>
<heap-resize id="4046" type="expand" space="tenure" amount="131072" count="1" timems="0.026" reason="satisfy allocation request" timestamp="2019-08-08T12:08:25.205" />
<gc-end id="4047" type="global" contextid="4039" durationms="48.691" usertimems="92.906" systemtimems="15.107" timestamp="2019-08-08T12:08:25.205" activeThreads="16">
  <mem-info id="4048" free="15252504" total="33292288" percent="45">
    <mem type="tenure" free="15252504" total="33292288" percent="45">
      <mem type="soa" free="14919704" total="32959488" percent="45" />
      <mem type="loa" free="332800" total="332800" percent="100" />
    </mem>
  </mem-info>
</gc-end>
<cycle-end id="4049" type="global" contextid="4039" timestamp="2019-08-08T12:08:25.205" />
  <attribute name="elasticGC enabled" value="1" />
  <attribute name= "numThreadsSpecified" value="16" />
  <attribute name="heapSize specified" value="33161216" />
  <attribute name="Current GC Util" value="35" />
  <attribute name= "Current Time Running" value="139693" />
  <attribute name ="GC Interval" value="0" />
  <attribute name="Target GC Util Change" value ="80.000000" />
  <attribute name="Current GC Util Change" value="35.000000"/>
  <attribute name="Current Error" value="18.000000" />
  <attribute name="Output H" value="33236920"/>
  <attribute name="Output I" value="2040"/>
  <attribute name="Output T" value="16"/>
  <attribute name= "Current Time Running" value="139693" />
  <attribute name="GC Util currently" value="35" />
  <attribute name="CPU Util currently" value="36786996877" />
<allocation-satisfied id="4050" threadId="0000000002369F00" bytesRequested="1168" />
<af-end id="4051" timestamp="2019-08-08T12:08:25.205" threadId="000000000236A888" success="true" />
<exclusive-end id="4052" timestamp="2019-08-08T12:08:25.205" durationms="48.863" />

<concurrent-kickoff id="4053" timestamp="2019-08-08T12:08:25.212">
  <kickoff reason="threshold reached" targetBytes="5695022" thresholdFreeBytes="765130" remainingFree="637976" tenureFreeBytes="637976" />
</concurrent-kickoff>
<exclusive-start id="4054" timestamp="2019-08-08T12:08:25.212" intervalms="56.634">
  <response-info timems="0.033" idlems="0.033" threads="0" lastid="0000000002369F00" lastname="main" />
</exclusive-start>
<cycle-start id="4055" type="global" contextid="0" timestamp="2019-08-08T12:08:25.213" intervalms="56.587" />
<exclusive-end id="4056" timestamp="2019-08-08T12:08:25.213" durationms="0.020" />

<exclusive-start id="4057" timestamp="2019-08-08T12:08:25.213" intervalms="0.443">
  <response-info timems="0.037" idlems="0.037" threads="0" lastid="0000000002369F00" lastname="main" />
</exclusive-start>
<af-start id="4058" threadId="000000000236A888" totalBytesRequested="1168" timestamp="2019-08-08T12:08:25.213" intervalms="57.084" />
<concurrent-aborted id="4059" timestamp="2019-08-08T12:08:25.213">
  <reason value="insufficient progress made" />
</concurrent-aborted>
<cycle-end id="4060" type="global" contextid="4055" timestamp="2019-08-08T12:08:25.213" />
  <attribute name="elasticGC enabled" value="1" />
  <attribute name= "numThreadsSpecified" value="16" />
  <attribute name="heapSize specified" value="33161216" />
  <attribute name="Current GC Util" value="35" />
  <attribute name= "Current Time Running" value="139693" />
  <attribute name ="GC Interval" value="0" />
  <attribute name="Target GC Util Change" value ="80.000000" />
  <attribute name="Current GC Util Change" value="35.000000"/>
  <attribute name="Current Error" value="18.000000" />
  <attribute name="Output H" value="33236920"/>
  <attribute name="Output I" value="2040"/>
  <attribute name="Output T" value="16"/>
  <attribute name= "Current Time Running" value="139693" />
  <attribute name="GC Util currently" value="35" />
  <attribute name="CPU Util currently" value="36786996877" />
<cycle-start id="4061" type="global" contextid="0" timestamp="2019-08-08T12:08:25.213" intervalms="0.505" />
<gc-start id="4062" type="global" contextid="4061" timestamp="2019-08-08T12:08:25.213">
  <mem-info id="4063" free="332800" total="33292288" percent="0">
    <mem type="tenure" free="332800" total="33292288" percent="0">
      <mem type="soa" free="0" total="32959488" percent="0" />
      <mem type="loa" free="332800" total="332800" percent="100" />
    </mem>
  </mem-info>
</gc-start>
<allocation-stats totalBytes="14888216" >
  <allocated-bytes non-tlh="0" tlh="14888216" />
  <largest-consumer threadName="main" threadId="0000000002369F00" bytes="14888216" />
</allocation-stats>
<gc-op id="4064" type="mark" timems="8.445" contextid="4061" timestamp="2019-08-08T12:08:25.222">
  <trace-info objectcount="600473" scancount="521363" scanbytes="13380836" />
  <finalization candidates="80" enqueued="0" />
  <ownableSynchronizers candidates="21" cleared="0" />
  <references type="soft" candidates="3261" cleared="0" enqueued="0" dynamicThreshold="14" maxThreshold="32" />
  <references type="weak" candidates="5588" cleared="0" enqueued="0" />
  <references type="phantom" candidates="97" cleared="0" enqueued="0" />
  <stringconstants candidates="13592" cleared="0"  />
</gc-op>
<gc-op id="4065" type="sweep" timems="2.412" contextid="4061" timestamp="2019-08-08T12:08:25.224" />
<mem-info id="4066" free="15318016" total="33292288" percent="46">
  <mem type="tenure" free="15318016" total="33292288" percent="46" micro-fragmented="0">
    <mem type="soa" free="14985216" total="32959488" percent="45" />
    <mem type="loa" free="332800" total="332800" percent="100" />
  </mem>
</mem-info>
<gc-op id="4067" type="compact" timems="32.254" contextid="4061" timestamp="2019-08-08T12:08:25.256">
  <compact-info movecount="2" movebytes="64" reason="compact to aid heap contraction" />
</gc-op>
<heap-resize id="4068" type="expand" space="tenure" amount="131072" count="1" timems="0.018" reason="satisfy allocation request" timestamp="2019-08-08T12:08:25.257" />
<gc-end id="4069" type="global" contextid="4061" durationms="43.773" usertimems="127.795" systemtimems="1.882" timestamp="2019-08-08T12:08:25.257" activeThreads="16">
  <mem-info id="4070" free="15383552" total="33423360" percent="46">
    <mem type="tenure" free="15383552" total="33423360" percent="46">
      <mem type="soa" free="15049728" total="33089536" percent="45" />
      <mem type="loa" free="333824" total="333824" percent="100" />
    </mem>
  </mem-info>
</gc-end>
<cycle-end id="4071" type="global" contextid="4061" timestamp="2019-08-08T12:08:25.257" />
  <attribute name="elasticGC enabled" value="1" />
  <attribute name= "numThreadsSpecified" value="16" />
  <attribute name="heapSize specified" value="33292288" />
  <attribute name="Current GC Util" value="35" />
  <attribute name= "Current Time Running" value="139746" />
  <attribute name ="GC Interval" value="0" />
  <attribute name="Target GC Util Change" value ="80.000000" />
  <attribute name="Current GC Util Change" value="35.000000"/>
  <attribute name="Current Error" value="45.000000" />
  <attribute name="Output H" value="33368024"/>
  <attribute name="Output I" value="2088"/>
  <attribute name="Output T" value="16"/>
  <attribute name= "Current Time Running" value="139746" />
  <attribute name="GC Util currently" value="35" />
  <attribute name="CPU Util currently" value="35716182402" />
<allocation-satisfied id="4072" threadId="0000000002369F00" bytesRequested="1168" />
<af-end id="4073" timestamp="2019-08-08T12:08:25.257" threadId="000000000236A888" success="true" />
<exclusive-end id="4074" timestamp="2019-08-08T12:08:25.257" durationms="43.973" />

<concurrent-kickoff id="4075" timestamp="2019-08-08T12:08:25.264">
  <kickoff reason="threshold reached" targetBytes="5717444" thresholdFreeBytes="768142" remainingFree="637952" tenureFreeBytes="637952" />
</concurrent-kickoff>
<exclusive-start id="4076" timestamp="2019-08-08T12:08:25.264" intervalms="50.925">
  <response-info timems="0.019" idlems="0.019" threads="0" lastid="0000000002369F00" lastname="main" />
</exclusive-start>
<cycle-start id="4077" type="global" contextid="0" timestamp="2019-08-08T12:08:25.264" intervalms="50.865" />
<exclusive-end id="4078" timestamp="2019-08-08T12:08:25.264" durationms="0.023" />

<exclusive-start id="4079" timestamp="2019-08-08T12:08:25.264" intervalms="0.598">
  <response-info timems="0.057" idlems="0.057" threads="0" lastid="0000000002369F00" lastname="main" />
</exclusive-start>
<af-start id="4080" threadId="000000000236A888" totalBytesRequested="1168" timestamp="2019-08-08T12:08:25.264" intervalms="51.525" />
<concurrent-aborted id="4081" timestamp="2019-08-08T12:08:25.264">
  <reason value="insufficient progress made" />
</concurrent-aborted>
<cycle-end id="4082" type="global" contextid="4077" timestamp="2019-08-08T12:08:25.265" />
  <attribute name="elasticGC enabled" value="1" />
  <attribute name= "numThreadsSpecified" value="16" />
  <attribute name="heapSize specified" value="33292288" />
  <attribute name="Current GC Util" value="35" />
  <attribute name= "Current Time Running" value="139746" />
  <attribute name ="GC Interval" value="0" />
  <attribute name="Target GC Util Change" value ="80.000000" />
  <attribute name="Current GC Util Change" value="35.000000"/>
  <attribute name="Current Error" value="45.000000" />
  <attribute name="Output H" value="33368024"/>
  <attribute name="Output I" value="2088"/>
  <attribute name="Output T" value="16"/>
  <attribute name= "Current Time Running" value="139746" />
  <attribute name="GC Util currently" value="35" />
  <attribute name="CPU Util currently" value="35716182402" />
<cycle-start id="4083" type="global" contextid="0" timestamp="2019-08-08T12:08:25.265" intervalms="0.662" />
<gc-start id="4084" type="global" contextid="4083" timestamp="2019-08-08T12:08:25.265">
  <mem-info id="4085" free="333824" total="33423360" percent="0">
    <mem type="tenure" free="333824" total="33423360" percent="0">
      <mem type="soa" free="0" total="33089536" percent="0" />
      <mem type="loa" free="333824" total="333824" percent="100" />
    </mem>
  </mem-info>
</gc-start>
<allocation-stats totalBytes="15020968" >
  <allocated-bytes non-tlh="0" tlh="15020968" />
  <largest-consumer threadName="main" threadId="0000000002369F00" bytes="15020968" />
</allocation-stats>
<gc-op id="4086" type="mark" timems="16.072" contextid="4083" timestamp="2019-08-08T12:08:25.281">
  <trace-info objectcount="600473" scancount="521363" scanbytes="13380836" />
  <finalization candidates="80" enqueued="0" />
  <ownableSynchronizers candidates="21" cleared="0" />
  <references type="soft" candidates="3261" cleared="0" enqueued="0" dynamicThreshold="14" maxThreshold="32" />
  <references type="weak" candidates="5588" cleared="0" enqueued="0" />
  <references type="phantom" candidates="97" cleared="0" enqueued="0" />
  <stringconstants candidates="13592" cleared="0"  />
</gc-op>
<gc-op id="4087" type="sweep" timems="8.270" contextid="4083" timestamp="2019-08-08T12:08:25.289" />
<mem-info id="4088" free="15449088" total="33423360" percent="46">
  <mem type="tenure" free="15449088" total="33423360" percent="46" micro-fragmented="0">
    <mem type="soa" free="15115264" total="33089536" percent="45" />
    <mem type="loa" free="333824" total="333824" percent="100" />
  </mem>
</mem-info>
<gc-op id="4089" type="compact" timems="59.510" contextid="4083" timestamp="2019-08-08T12:08:25.349">
  <compact-info movecount="2" movebytes="64" reason="compact to aid heap contraction" />
</gc-op>
<heap-resize id="4090" type="expand" space="tenure" amount="131072" count="1" timems="0.023" reason="satisfy allocation request" timestamp="2019-08-08T12:08:25.350" />
<gc-end id="4091" type="global" contextid="4083" durationms="85.231" usertimems="124.708" systemtimems="29.350" timestamp="2019-08-08T12:08:25.350" activeThreads="16">
  <mem-info id="4092" free="15514624" total="33554432" percent="46">
    <mem type="tenure" free="15514624" total="33554432" percent="46">
      <mem type="soa" free="15179776" total="33219584" percent="45" />
      <mem type="loa" free="334848" total="334848" percent="100" />
    </mem>
  </mem-info>
</gc-end>
<cycle-end id="4093" type="global" contextid="4083" timestamp="2019-08-08T12:08:25.350" />
  <attribute name="elasticGC enabled" value="1" />
  <attribute name= "numThreadsSpecified" value="16" />
  <attribute name="heapSize specified" value="33423360" />
  <attribute name="Current GC Util" value="40" />
  <attribute name= "Current Time Running" value="139839" />
  <attribute name ="GC Interval" value="0" />
  <attribute name="Target GC Util Change" value ="80.000000" />
  <attribute name="Current GC Util Change" value="40.000000"/>
  <attribute name="Current Error" value="-499.000000" />
  <attribute name="Output H" value="33498464"/>
  <attribute name="Output I" value="1120"/>
  <attribute name="Output T" value="16"/>
  <attribute name= "Current Time Running" value="139839" />
  <attribute name="GC Util currently" value="40" />
  <attribute name="CPU Util currently" value="19362375236" />
<allocation-satisfied id="4094" threadId="0000000002369F00" bytesRequested="1168" />
<af-end id="4095" timestamp="2019-08-08T12:08:25.350" threadId="000000000236A888" success="true" />
<exclusive-end id="4096" timestamp="2019-08-08T12:08:25.350" durationms="85.491" />

<concurrent-kickoff id="4097" timestamp="2019-08-08T12:08:25.357">
  <kickoff reason="threshold reached" targetBytes="5739865" thresholdFreeBytes="771153" remainingFree="670720" tenureFreeBytes="670720" />
</concurrent-kickoff>
<exclusive-start id="4098" timestamp="2019-08-08T12:08:25.358" intervalms="93.190">
  <response-info timems="0.089" idlems="0.089" threads="0" lastid="0000000002369F00" lastname="main" />
</exclusive-start>
<cycle-start id="4099" type="global" contextid="0" timestamp="2019-08-08T12:08:25.358" intervalms="93.125" />
<exclusive-end id="4100" timestamp="2019-08-08T12:08:25.358" durationms="0.022" />

<exclusive-start id="4101" timestamp="2019-08-08T12:08:25.358" intervalms="0.465">
  <response-info timems="0.047" idlems="0.047" threads="0" lastid="0000000002369F00" lastname="main" />
</exclusive-start>
<af-start id="4102" threadId="000000000236A888" totalBytesRequested="1168" timestamp="2019-08-08T12:08:25.358" intervalms="93.653" />
<concurrent-aborted id="4103" timestamp="2019-08-08T12:08:25.358">
  <reason value="insufficient progress made" />
</concurrent-aborted>
<cycle-end id="4104" type="global" contextid="4099" timestamp="2019-08-08T12:08:25.358" />
  <attribute name="elasticGC enabled" value="1" />
  <attribute name= "numThreadsSpecified" value="16" />
  <attribute name="heapSize specified" value="33423360" />
  <attribute name="Current GC Util" value="40" />
  <attribute name= "Current Time Running" value="139839" />
  <attribute name ="GC Interval" value="0" />
  <attribute name="Target GC Util Change" value ="80.000000" />
  <attribute name="Current GC Util Change" value="40.000000"/>
  <attribute name="Current Error" value="-499.000000" />
  <attribute name="Output H" value="33498464"/>
  <attribute name="Output I" value="1120"/>
  <attribute name="Output T" value="16"/>
  <attribute name= "Current Time Running" value="139839" />
  <attribute name="GC Util currently" value="40" />
  <attribute name="CPU Util currently" value="19362375236" />
<cycle-start id="4105" type="global" contextid="0" timestamp="2019-08-08T12:08:25.358" intervalms="0.520" />
<gc-start id="4106" type="global" contextid="4105" timestamp="2019-08-08T12:08:25.358">
  <mem-info id="4107" free="334848" total="33554432" percent="0">
    <mem type="tenure" free="334848" total="33554432" percent="0">
      <mem type="soa" free="0" total="33219584" percent="0" />
      <mem type="loa" free="334848" total="334848" percent="100" />
    </mem>
  </mem-info>
</gc-start>
<allocation-stats totalBytes="15150000" >
  <allocated-bytes non-tlh="0" tlh="15150000" />
  <largest-consumer threadName="main" threadId="0000000002369F00" bytes="15150000" />
</allocation-stats>
<gc-op id="4108" type="mark" timems="11.958" contextid="4105" timestamp="2019-08-08T12:08:25.370">
  <trace-info objectcount="600473" scancount="521363" scanbytes="13380836" />
  <finalization candidates="80" enqueued="0" />
  <ownableSynchronizers candidates="21" cleared="0" />
  <references type="soft" candidates="3261" cleared="0" enqueued="0" dynamicThreshold="14" maxThreshold="32" />
  <references type="weak" candidates="5588" cleared="0" enqueued="0" />
  <references type="phantom" candidates="97" cleared="0" enqueued="0" />
  <stringconstants candidates="13592" cleared="0"  />
</gc-op>
<gc-op id="4109" type="sweep" timems="3.147" contextid="4105" timestamp="2019-08-08T12:08:25.373" />
<mem-info id="4110" free="15579640" total="33554432" percent="46">
  <mem type="tenure" free="15579640" total="33554432" percent="46" micro-fragmented="0">
    <mem type="soa" free="15244792" total="33219584" percent="45" />
    <mem type="loa" free="334848" total="334848" percent="100" />
  </mem>
</mem-info>
<gc-op id="4111" type="compact" timems="37.305" contextid="4105" timestamp="2019-08-08T12:08:25.411">
  <compact-info movecount="2" movebytes="64" reason="compact to aid heap contraction" />
</gc-op>
<heap-resize id="4112" type="expand" space="tenure" amount="131072" count="1" timems="0.023" reason="satisfy allocation request" timestamp="2019-08-08T12:08:25.412" />
<gc-end id="4113" type="global" contextid="4105" durationms="53.778" usertimems="90.407" systemtimems="9.526" timestamp="2019-08-08T12:08:25.412" activeThreads="16">
  <mem-info id="4114" free="15645696" total="33685504" percent="46">
    <mem type="tenure" free="15645696" total="33685504" percent="46">
      <mem type="soa" free="15309824" total="33349632" percent="45" />
      <mem type="loa" free="335872" total="335872" percent="100" />
    </mem>
  </mem-info>
</gc-end>
<cycle-end id="4115" type="global" contextid="4105" timestamp="2019-08-08T12:08:25.412" />
  <attribute name="elasticGC enabled" value="1" />
  <attribute name= "numThreadsSpecified" value="16" />
  <attribute name="heapSize specified" value="33554432" />
  <attribute name="Current GC Util" value="40" />
  <attribute name= "Current Time Running" value="139901" />
  <attribute name ="GC Interval" value="0" />
  <attribute name="Target GC Util Change" value ="80.000000" />
  <attribute name="Current GC Util Change" value="40.000000"/>
  <attribute name="Current Error" value="-736.000000" />
  <attribute name="Output H" value="33629264"/>
  <attribute name="Output I" value="696"/>
  <attribute name="Output T" value="16"/>
  <attribute name= "Current Time Running" value="139901" />
  <attribute name="GC Util currently" value="40" />
  <attribute name="CPU Util currently" value="30856732884" />
<allocation-satisfied id="4116" threadId="0000000002369F00" bytesRequested="1168" />
<af-end id="4117" timestamp="2019-08-08T12:08:25.412" threadId="000000000236A888" success="true" />
<exclusive-end id="4118" timestamp="2019-08-08T12:08:25.412" durationms="54.053" />

<concurrent-kickoff id="4119" timestamp="2019-08-08T12:08:25.422">
  <kickoff reason="threshold reached" targetBytes="5762286" thresholdFreeBytes="774165" remainingFree="670720" tenureFreeBytes="670720" />
</concurrent-kickoff>
<exclusive-start id="4120" timestamp="2019-08-08T12:08:25.423" intervalms="64.988">
  <response-info timems="0.971" idlems="0.971" threads="0" lastid="0000000002369F00" lastname="main" />
</exclusive-start>
<cycle-start id="4121" type="global" contextid="0" timestamp="2019-08-08T12:08:25.423" intervalms="64.940" />
<exclusive-end id="4122" timestamp="2019-08-08T12:08:25.423" durationms="0.033" />

<exclusive-start id="4123" timestamp="2019-08-08T12:08:25.425" intervalms="1.905">
  <response-info timems="0.113" idlems="0.113" threads="0" lastid="0000000002369F00" lastname="main" />
</exclusive-start>
<af-start id="4124" threadId="000000000236A888" totalBytesRequested="1168" timestamp="2019-08-08T12:08:25.425" intervalms="66.894" />
<concurrent-aborted id="4125" timestamp="2019-08-08T12:08:25.425">
  <reason value="insufficient progress made" />
</concurrent-aborted>
<cycle-end id="4126" type="global" contextid="4121" timestamp="2019-08-08T12:08:25.425" />
  <attribute name="elasticGC enabled" value="1" />
  <attribute name= "numThreadsSpecified" value="16" />
  <attribute name="heapSize specified" value="33554432" />
  <attribute name="Current GC Util" value="40" />
  <attribute name= "Current Time Running" value="139901" />
  <attribute name ="GC Interval" value="0" />
  <attribute name="Target GC Util Change" value ="80.000000" />
  <attribute name="Current GC Util Change" value="40.000000"/>
  <attribute name="Current Error" value="-736.000000" />
  <attribute name="Output H" value="33629264"/>
  <attribute name="Output I" value="696"/>
  <attribute name="Output T" value="16"/>
  <attribute name= "Current Time Running" value="139901" />
  <attribute name="GC Util currently" value="40" />
  <attribute name="CPU Util currently" value="30856732884" />
<cycle-start id="4127" type="global" contextid="0" timestamp="2019-08-08T12:08:25.425" intervalms="1.963" />
<gc-start id="4128" type="global" contextid="4127" timestamp="2019-08-08T12:08:25.425">
  <mem-info id="4129" free="335872" total="33685504" percent="0">
    <mem type="tenure" free="335872" total="33685504" percent="0">
      <mem type="soa" free="0" total="33349632" percent="0" />
      <mem type="loa" free="335872" total="335872" percent="100" />
    </mem>
  </mem-info>
</gc-start>
<allocation-stats totalBytes="15278984" >
  <allocated-bytes non-tlh="0" tlh="15278984" />
  <largest-consumer threadName="main" threadId="0000000002369F00" bytes="15278984" />
</allocation-stats>
<gc-op id="4130" type="mark" timems="13.271" contextid="4127" timestamp="2019-08-08T12:08:25.438">
  <trace-info objectcount="600473" scancount="521359" scanbytes="13380836" />
  <finalization candidates="80" enqueued="0" />
  <ownableSynchronizers candidates="21" cleared="0" />
  <references type="soft" candidates="3261" cleared="0" enqueued="0" dynamicThreshold="14" maxThreshold="32" />
  <references type="weak" candidates="5588" cleared="0" enqueued="0" />
  <references type="phantom" candidates="97" cleared="0" enqueued="0" />
  <stringconstants candidates="13592" cleared="0"  />
</gc-op>
<gc-op id="4131" type="sweep" timems="3.839" contextid="4127" timestamp="2019-08-08T12:08:25.442" />
<mem-info id="4132" free="15710472" total="33685504" percent="46">
  <mem type="tenure" free="15710472" total="33685504" percent="46" micro-fragmented="0">
    <mem type="soa" free="15374600" total="33349632" percent="46" />
    <mem type="loa" free="335872" total="335872" percent="100" />
  </mem>
</mem-info>
<gc-op id="4133" type="compact" timems="26.454" contextid="4127" timestamp="2019-08-08T12:08:25.469">
  <compact-info movecount="2" movebytes="64" reason="compact to aid heap contraction" />
</gc-op>
<heap-resize id="4134" type="expand" space="tenure" amount="131072" count="1" timems="0.018" reason="satisfy allocation request" timestamp="2019-08-08T12:08:25.469" />
<gc-end id="4135" type="global" contextid="4127" durationms="44.301" usertimems="72.780" systemtimems="22.945" timestamp="2019-08-08T12:08:25.469" activeThreads="16">
  <mem-info id="4136" free="15776768" total="33816576" percent="46">
    <mem type="tenure" free="15776768" total="33816576" percent="46">
      <mem type="soa" free="15438848" total="33478656" percent="46" />
      <mem type="loa" free="337920" total="337920" percent="100" />
    </mem>
  </mem-info>
</gc-end>
<cycle-end id="4137" type="global" contextid="4127" timestamp="2019-08-08T12:08:25.469" />
  <attribute name="elasticGC enabled" value="1" />
  <attribute name= "numThreadsSpecified" value="16" />
  <attribute name="heapSize specified" value="33685504" />
  <attribute name="Current GC Util" value="52" />
  <attribute name= "Current Time Running" value="139959" />
  <attribute name ="GC Interval" value="0" />
  <attribute name="Target GC Util Change" value ="80.000000" />
  <attribute name="Current GC Util Change" value="52.000000"/>
  <attribute name="Current Error" value="-251.000000" />
  <attribute name="Output H" value="33760896"/>
  <attribute name="Output I" value="1560"/>
  <attribute name="Output T" value="16"/>
  <attribute name= "Current Time Running" value="139959" />
  <attribute name="GC Util currently" value="52" />
  <attribute name="CPU Util currently" value="43522091583" />
<allocation-satisfied id="4138" threadId="0000000002369F00" bytesRequested="1168" />
<af-end id="4139" timestamp="2019-08-08T12:08:25.469" threadId="000000000236A888" success="true" />
<exclusive-end id="4140" timestamp="2019-08-08T12:08:25.470" durationms="44.500" />

<concurrent-kickoff id="4141" timestamp="2019-08-08T12:08:25.480">
  <kickoff reason="threshold reached" targetBytes="5784707" thresholdFreeBytes="777179" remainingFree="769024" tenureFreeBytes="769024" />
</concurrent-kickoff>
<exclusive-start id="4142" timestamp="2019-08-08T12:08:25.480" intervalms="54.981">
  <response-info timems="0.320" idlems="0.320" threads="0" lastid="0000000002369F00" lastname="main" />
</exclusive-start>
<cycle-start id="4143" type="global" contextid="0" timestamp="2019-08-08T12:08:25.480" intervalms="54.910" />
<exclusive-end id="4144" timestamp="2019-08-08T12:08:25.480" durationms="0.017" />

<exclusive-start id="4145" timestamp="2019-08-08T12:08:25.484" intervalms="3.577">
  <response-info timems="0.073" idlems="0.073" threads="0" lastid="0000000002369F00" lastname="main" />
</exclusive-start>
<af-start id="4146" threadId="000000000236A888" totalBytesRequested="1168" timestamp="2019-08-08T12:08:25.488" intervalms="62.932" />
<gc-start id="4147" type="global" contextid="4143" timestamp="2019-08-08T12:08:25.488">
  <mem-info id="4148" free="337920" total="33816576" percent="0">
    <mem type="tenure" free="337920" total="33816576" percent="0">
      <mem type="soa" free="0" total="33478656" percent="0" />
      <mem type="loa" free="337920" total="337920" percent="100" />
    </mem>
  </mem-info>
</gc-start>
<allocation-stats totalBytes="15407992" >
  <allocated-bytes non-tlh="0" tlh="15407992" />
  <largest-consumer threadName="main" threadId="0000000002369F00" bytes="15407992" />
</allocation-stats>
<concurrent-halted id="4149" timestamp="2019-08-08T12:08:25.488">
  <halted state="Class scanning incomplete" status="trace only" />
  <traced bytesTarget="5784707" bytesTotal="1524208" bytesByMutator="0" bytesByHelper="1524208" percent="26" />
  <cards cleaned="0" thresholdBytes="306161" />
</concurrent-halted>
<gc-op id="4150" type="tracing" timems="4.070" contextid="4143" timestamp="2019-08-08T12:08:25.492">
  <trace bytesTraced="10475668" workStackOverflowCount="0" />
</gc-op>
<gc-op id="4151" type="card-cleaning" timems="2.808" contextid="4143" timestamp="2019-08-08T12:08:25.495">
  <card-cleaning cardsCleaned="447" bytesTraced="176" workStackOverflowCount="0" />
</gc-op>
<gc-op id="4152" type="mark" timems="7.969" contextid="4143" timestamp="2019-08-08T12:08:25.503">
  <trace-info objectcount="46985" scancount="43976" scanbytes="1402920" />
  <finalization candidates="80" enqueued="0" />
  <ownableSynchronizers candidates="21" cleared="0" />
  <references type="soft" candidates="3261" cleared="0" enqueued="0" dynamicThreshold="14" maxThreshold="32" />
  <references type="weak" candidates="5588" cleared="0" enqueued="0" />
  <references type="phantom" candidates="97" cleared="0" enqueued="0" />
  <stringconstants candidates="13592" cleared="0"  />
</gc-op>
<gc-op id="4153" type="sweep" timems="3.053" contextid="4143" timestamp="2019-08-08T12:08:25.506" />
<mem-info id="4154" free="15840376" total="33816576" percent="46">
  <mem type="tenure" free="15840376" total="33816576" percent="46" micro-fragmented="0">
    <mem type="soa" free="15502456" total="33478656" percent="46" />
    <mem type="loa" free="337920" total="337920" percent="100" />
  </mem>
</mem-info>
<gc-op id="4155" type="compact" timems="33.171" contextid="4143" timestamp="2019-08-08T12:08:25.539">
  <compact-info movecount="6" movebytes="1304" reason="compact to aid heap contraction" />
</gc-op>
<heap-resize id="4156" type="expand" space="tenure" amount="131072" count="1" timems="0.026" reason="satisfy allocation request" timestamp="2019-08-08T12:08:25.540" />
<gc-end id="4157" type="global" contextid="4143" durationms="52.284" usertimems="78.355" systemtimems="16.894" timestamp="2019-08-08T12:08:25.540" activeThreads="16">
  <mem-info id="4158" free="15906600" total="33947648" percent="46">
    <mem type="tenure" free="15906600" total="33947648" percent="46">
      <mem type="soa" free="15567656" total="33608704" percent="46" />
      <mem type="loa" free="338944" total="338944" percent="100" />
    </mem>
  </mem-info>
</gc-end>
<cycle-end id="4159" type="global" contextid="4143" timestamp="2019-08-08T12:08:25.540" />
  <attribute name="elasticGC enabled" value="1" />
  <attribute name= "numThreadsSpecified" value="16" />
  <attribute name="heapSize specified" value="33816576" />
  <attribute name="Current GC Util" value="24" />
  <attribute name= "Current Time Running" value="140030" />
  <attribute name ="GC Interval" value="0" />
  <attribute name="Target GC Util Change" value ="80.000000" />
  <attribute name="Current GC Util Change" value="24.000000"/>
  <attribute name="Current Error" value="-78.000000" />
  <attribute name="Output H" value="33892168"/>
  <attribute name="Output I" value="1872"/>
  <attribute name="Output T" value="16"/>
  <attribute name= "Current Time Running" value="140030" />
  <attribute name="GC Util currently" value="24" />
  <attribute name="CPU Util currently" value="34702006995" />
<allocation-satisfied id="4160" threadId="0000000002369F00" bytesRequested="1168" />
<af-end id="4161" timestamp="2019-08-08T12:08:25.540" threadId="000000000236A888" success="true" />
<exclusive-end id="4162" timestamp="2019-08-08T12:08:25.540" durationms="56.908" />

<concurrent-kickoff id="4163" timestamp="2019-08-08T12:08:25.549">
  <kickoff reason="threshold reached" targetBytes="5087156" thresholdFreeBytes="684157" remainingFree="669480" tenureFreeBytes="669480" />
</concurrent-kickoff>
<exclusive-start id="4164" timestamp="2019-08-08T12:08:25.550" intervalms="66.337">
  <response-info timems="0.328" idlems="0.328" threads="0" lastid="0000000002369F00" lastname="main" />
</exclusive-start>
<cycle-start id="4165" type="global" contextid="0" timestamp="2019-08-08T12:08:25.550" intervalms="69.953" />
<exclusive-end id="4166" timestamp="2019-08-08T12:08:25.550" durationms="0.058" />

<exclusive-start id="4167" timestamp="2019-08-08T12:08:25.551" intervalms="1.027">
  <response-info timems="0.498" idlems="0.498" threads="0" lastid="0000000002369F00" lastname="main" />
</exclusive-start>
<af-start id="4168" threadId="000000000236A888" totalBytesRequested="1168" timestamp="2019-08-08T12:08:25.551" intervalms="62.998" />
<concurrent-aborted id="4169" timestamp="2019-08-08T12:08:25.551">
  <reason value="insufficient progress made" />
</concurrent-aborted>
<cycle-end id="4170" type="global" contextid="4165" timestamp="2019-08-08T12:08:25.551" />
  <attribute name="elasticGC enabled" value="1" />
  <attribute name= "numThreadsSpecified" value="16" />
  <attribute name="heapSize specified" value="33816576" />
  <attribute name="Current GC Util" value="24" />
  <attribute name= "Current Time Running" value="140030" />
  <attribute name ="GC Interval" value="0" />
  <attribute name="Target GC Util Change" value ="80.000000" />
  <attribute name="Current GC Util Change" value="24.000000"/>
  <attribute name="Current Error" value="-78.000000" />
  <attribute name="Output H" value="33892168"/>
  <attribute name="Output I" value="1872"/>
  <attribute name="Output T" value="16"/>
  <attribute name= "Current Time Running" value="140030" />
  <attribute name="GC Util currently" value="24" />
  <attribute name="CPU Util currently" value="34702006995" />
<cycle-start id="4171" type="global" contextid="0" timestamp="2019-08-08T12:08:25.551" intervalms="1.062" />
<gc-start id="4172" type="global" contextid="4171" timestamp="2019-08-08T12:08:25.551">
  <mem-info id="4173" free="338944" total="33947648" percent="0">
    <mem type="tenure" free="338944" total="33947648" percent="0">
      <mem type="soa" free="0" total="33608704" percent="0" />
      <mem type="loa" free="338944" total="338944" percent="100" />
    </mem>
  </mem-info>
</gc-start>
<allocation-stats totalBytes="15535784" >
  <allocated-bytes non-tlh="0" tlh="15535784" />
  <largest-consumer threadName="main" threadId="0000000002369F00" bytes="15535784" />
</allocation-stats>
<gc-op id="4174" type="mark" timems="12.744" contextid="4171" timestamp="2019-08-08T12:08:25.564">
  <trace-info objectcount="600473" scancount="521358" scanbytes="13380836" />
  <finalization candidates="80" enqueued="0" />
  <ownableSynchronizers candidates="21" cleared="0" />
  <references type="soft" candidates="3261" cleared="0" enqueued="0" dynamicThreshold="14" maxThreshold="32" />
  <references type="weak" candidates="5588" cleared="0" enqueued="0" />
  <references type="phantom" candidates="97" cleared="0" enqueued="0" />
  <stringconstants candidates="13592" cleared="0"  />
</gc-op>
<gc-op id="4175" type="sweep" timems="4.163" contextid="4171" timestamp="2019-08-08T12:08:25.568" />
<mem-info id="4176" free="15973208" total="33947648" percent="47">
  <mem type="tenure" free="15973208" total="33947648" percent="47" micro-fragmented="0">
    <mem type="soa" free="15634264" total="33608704" percent="46" />
    <mem type="loa" free="338944" total="338944" percent="100" />
  </mem>
</mem-info>
<gc-op id="4177" type="compact" timems="40.275" contextid="4171" timestamp="2019-08-08T12:08:25.609">
  <compact-info movecount="2" movebytes="64" reason="compact to aid heap contraction" />
</gc-op>
<heap-resize id="4178" type="expand" space="tenure" amount="131072" count="1" timems="0.017" reason="satisfy allocation request" timestamp="2019-08-08T12:08:25.611" />
<gc-end id="4179" type="global" contextid="4171" durationms="59.668" usertimems="159.515" systemtimems="1.143" timestamp="2019-08-08T12:08:25.611" activeThreads="16">
  <mem-info id="4180" free="16038912" total="34078720" percent="47">
    <mem type="tenure" free="16038912" total="34078720" percent="47">
      <mem type="soa" free="15698944" total="33738752" percent="46" />
      <mem type="loa" free="339968" total="339968" percent="100" />
    </mem>
  </mem-info>
</gc-end>
<cycle-end id="4181" type="global" contextid="4171" timestamp="2019-08-08T12:08:25.611" />
  <attribute name="elasticGC enabled" value="1" />
  <attribute name= "numThreadsSpecified" value="16" />
  <attribute name="heapSize specified" value="33947648" />
  <attribute name="Current GC Util" value="34" />
  <attribute name= "Current Time Running" value="140099" />
  <attribute name ="GC Interval" value="0" />
  <attribute name="Target GC Util Change" value ="80.000000" />
  <attribute name="Current GC Util Change" value="34.000000"/>
  <attribute name="Current Error" value="-221.000000" />
  <attribute name="Output H" value="34023080"/>
  <attribute name="Output I" value="1616"/>
  <attribute name="Output T" value="16"/>
  <attribute name= "Current Time Running" value="140099" />
  <attribute name="GC Util currently" value="34" />
  <attribute name="CPU Util currently" value="28603572666" />
<allocation-satisfied id="4182" threadId="0000000002369F00" bytesRequested="1168" />
<af-end id="4183" timestamp="2019-08-08T12:08:25.611" threadId="000000000236A888" success="true" />
<exclusive-end id="4184" timestamp="2019-08-08T12:08:25.611" durationms="59.946" />

<concurrent-kickoff id="4185" timestamp="2019-08-08T12:08:25.619">
  <kickoff reason="threshold reached" targetBytes="5106798" thresholdFreeBytes="686798" remainingFree="637952" tenureFreeBytes="637952" />
</concurrent-kickoff>
<exclusive-start id="4186" timestamp="2019-08-08T12:08:25.619" intervalms="67.998">
  <response-info timems="0.176" idlems="0.176" threads="0" lastid="0000000002369F00" lastname="main" />
</exclusive-start>
<cycle-start id="4187" type="global" contextid="0" timestamp="2019-08-08T12:08:25.619" intervalms="67.992" />
<exclusive-end id="4188" timestamp="2019-08-08T12:08:25.619" durationms="0.089" />

<exclusive-start id="4189" timestamp="2019-08-08T12:08:25.620" intervalms="0.612">
  <response-info timems="0.040" idlems="0.040" threads="0" lastid="0000000002369F00" lastname="main" />
</exclusive-start>
<af-start id="4190" threadId="000000000236A888" totalBytesRequested="1168" timestamp="2019-08-08T12:08:25.620" intervalms="68.600" />
<concurrent-aborted id="4191" timestamp="2019-08-08T12:08:25.620">
  <reason value="insufficient progress made" />
</concurrent-aborted>
<cycle-end id="4192" type="global" contextid="4187" timestamp="2019-08-08T12:08:25.620" />
  <attribute name="elasticGC enabled" value="1" />
  <attribute name= "numThreadsSpecified" value="16" />
  <attribute name="heapSize specified" value="33947648" />
  <attribute name="Current GC Util" value="34" />
  <attribute name= "Current Time Running" value="140099" />
  <attribute name ="GC Interval" value="0" />
  <attribute name="Target GC Util Change" value ="80.000000" />
  <attribute name="Current GC Util Change" value="34.000000"/>
  <attribute name="Current Error" value="-221.000000" />
  <attribute name="Output H" value="34023080"/>
  <attribute name="Output I" value="1616"/>
  <attribute name="Output T" value="16"/>
  <attribute name= "Current Time Running" value="140099" />
  <attribute name="GC Util currently" value="34" />
  <attribute name="CPU Util currently" value="28603572666" />
<cycle-start id="4193" type="global" contextid="0" timestamp="2019-08-08T12:08:25.620" intervalms="0.614" />
<gc-start id="4194" type="global" contextid="4193" timestamp="2019-08-08T12:08:25.620">
  <mem-info id="4195" free="339968" total="34078720" percent="0">
    <mem type="tenure" free="339968" total="34078720" percent="0">
      <mem type="soa" free="0" total="33738752" percent="0" />
      <mem type="loa" free="339968" total="339968" percent="100" />
    </mem>
  </mem-info>
</gc-start>
<allocation-stats totalBytes="15666008" >
  <allocated-bytes non-tlh="0" tlh="15666008" />
  <largest-consumer threadName="main" threadId="0000000002369F00" bytes="15666008" />
</allocation-stats>
<gc-op id="4196" type="mark" timems="16.716" contextid="4193" timestamp="2019-08-08T12:08:25.636">
  <trace-info objectcount="600473" scancount="521361" scanbytes="13380836" />
  <finalization candidates="80" enqueued="0" />
  <ownableSynchronizers candidates="21" cleared="0" />
  <references type="soft" candidates="3261" cleared="0" enqueued="0" dynamicThreshold="15" maxThreshold="32" />
  <references type="weak" candidates="5588" cleared="0" enqueued="0" />
  <references type="phantom" candidates="97" cleared="0" enqueued="0" />
  <stringconstants candidates="13592" cleared="0"  />
</gc-op>
<gc-op id="4197" type="sweep" timems="5.424" contextid="4193" timestamp="2019-08-08T12:08:25.643" />
<mem-info id="4198" free="16104448" total="34078720" percent="47">
  <mem type="tenure" free="16104448" total="34078720" percent="47" micro-fragmented="0">
    <mem type="soa" free="15764480" total="33738752" percent="46" />
    <mem type="loa" free="339968" total="339968" percent="100" />
  </mem>
</mem-info>
<gc-op id="4199" type="compact" timems="31.204" contextid="4193" timestamp="2019-08-08T12:08:25.674">
  <compact-info movecount="2" movebytes="64" reason="compact to aid heap contraction" />
</gc-op>
<heap-resize id="4200" type="expand" space="tenure" amount="131072" count="1" timems="0.019" reason="satisfy allocation request" timestamp="2019-08-08T12:08:25.675" />
<gc-end id="4201" type="global" contextid="4193" durationms="55.537" usertimems="105.448" systemtimems="50.163" timestamp="2019-08-08T12:08:25.675" activeThreads="16">
  <mem-info id="4202" free="16169984" total="34209792" percent="47">
    <mem type="tenure" free="16169984" total="34209792" percent="47">
      <mem type="soa" free="15827968" total="33867776" percent="46" />
      <mem type="loa" free="342016" total="342016" percent="100" />
    </mem>
  </mem-info>
</gc-end>
<cycle-end id="4203" type="global" contextid="4193" timestamp="2019-08-08T12:08:25.675" />
  <attribute name="elasticGC enabled" value="1" />
  <attribute name= "numThreadsSpecified" value="16" />
  <attribute name="heapSize specified" value="34078720" />
  <attribute name="Current GC Util" value="58" />
  <attribute name= "Current Time Running" value="140164" />
  <attribute name ="GC Interval" value="0" />
  <attribute name="Target GC Util Change" value ="80.000000" />
  <attribute name="Current GC Util Change" value="58.000000"/>
  <attribute name="Current Error" value="-13.000000" />
  <attribute name="Output H" value="34154392"/>
  <attribute name="Output I" value="1992"/>
  <attribute name="Output T" value="16"/>
  <attribute name= "Current Time Running" value="140164" />
  <attribute name="GC Util currently" value="58" />
  <attribute name="CPU Util currently" value="36906619996" />
<allocation-satisfied id="4204" threadId="0000000002369F00" bytesRequested="1168" />
<af-end id="4205" timestamp="2019-08-08T12:08:25.675" threadId="000000000236A888" success="true" />
<exclusive-end id="4206" timestamp="2019-08-08T12:08:25.675" durationms="55.751" />

<concurrent-kickoff id="4207" timestamp="2019-08-08T12:08:25.684">
  <kickoff reason="threshold reached" targetBytes="5126439" thresholdFreeBytes="689439" remainingFree="670720" tenureFreeBytes="670720" />
</concurrent-kickoff>
<exclusive-start id="4208" timestamp="2019-08-08T12:08:25.684" intervalms="64.237">
  <response-info timems="0.076" idlems="0.076" threads="0" lastid="0000000002369F00" lastname="main" />
</exclusive-start>
<cycle-start id="4209" type="global" contextid="0" timestamp="2019-08-08T12:08:25.685" intervalms="65.590" />
<exclusive-end id="4210" timestamp="2019-08-08T12:08:25.685" durationms="1.450" />

<exclusive-start id="4211" timestamp="2019-08-08T12:08:25.687" intervalms="2.733">
  <response-info timems="0.839" idlems="0.839" threads="0" lastid="0000000002369F00" lastname="main" />
</exclusive-start>
<af-start id="4212" threadId="000000000236A888" totalBytesRequested="1168" timestamp="2019-08-08T12:08:25.689" intervalms="69.091" />
<concurrent-aborted id="4213" timestamp="2019-08-08T12:08:25.689">
  <reason value="insufficient progress made" />
</concurrent-aborted>
<cycle-end id="4214" type="global" contextid="4209" timestamp="2019-08-08T12:08:25.689" />
  <attribute name="elasticGC enabled" value="1" />
  <attribute name= "numThreadsSpecified" value="16" />
  <attribute name="heapSize specified" value="34078720" />
  <attribute name="Current GC Util" value="58" />
  <attribute name= "Current Time Running" value="140164" />
  <attribute name ="GC Interval" value="0" />
  <attribute name="Target GC Util Change" value ="80.000000" />
  <attribute name="Current GC Util Change" value="58.000000"/>
  <attribute name="Current Error" value="-13.000000" />
  <attribute name="Output H" value="34154392"/>
  <attribute name="Output I" value="1992"/>
  <attribute name="Output T" value="16"/>
  <attribute name= "Current Time Running" value="140164" />
  <attribute name="GC Util currently" value="58" />
  <attribute name="CPU Util currently" value="36906619996" />
<cycle-start id="4215" type="global" contextid="0" timestamp="2019-08-08T12:08:25.689" intervalms="3.681" />
<gc-start id="4216" type="global" contextid="4215" timestamp="2019-08-08T12:08:25.689">
  <mem-info id="4217" free="342016" total="34209792" percent="0">
    <mem type="tenure" free="342016" total="34209792" percent="0">
      <mem type="soa" free="0" total="33867776" percent="0" />
      <mem type="loa" free="342016" total="342016" percent="100" />
    </mem>
  </mem-info>
</gc-start>
<allocation-stats totalBytes="15793800" >
  <allocated-bytes non-tlh="0" tlh="15793800" />
  <largest-consumer threadName="main" threadId="0000000002369F00" bytes="15793800" />
</allocation-stats>
<gc-op id="4218" type="mark" timems="20.377" contextid="4215" timestamp="2019-08-08T12:08:25.710">
  <trace-info objectcount="600473" scancount="521359" scanbytes="13380836" />
  <finalization candidates="80" enqueued="0" />
  <ownableSynchronizers candidates="21" cleared="0" />
  <references type="soft" candidates="3261" cleared="0" enqueued="0" dynamicThreshold="15" maxThreshold="32" />
  <references type="weak" candidates="5588" cleared="0" enqueued="0" />
  <references type="phantom" candidates="97" cleared="0" enqueued="0" />
  <stringconstants candidates="13592" cleared="0"  />
</gc-op>
<gc-op id="4219" type="sweep" timems="3.773" contextid="4215" timestamp="2019-08-08T12:08:25.713" />
<mem-info id="4220" free="16235520" total="34209792" percent="47">
  <mem type="tenure" free="16235520" total="34209792" percent="47" micro-fragmented="0">
    <mem type="soa" free="15893504" total="33867776" percent="46" />
    <mem type="loa" free="342016" total="342016" percent="100" />
  </mem>
</mem-info>
<gc-op id="4221" type="compact" timems="34.352" contextid="4215" timestamp="2019-08-08T12:08:25.748">
  <compact-info movecount="2" movebytes="64" reason="compact to aid heap contraction" />
</gc-op>
<heap-resize id="4222" type="expand" space="tenure" amount="131072" count="1" timems="0.023" reason="satisfy allocation request" timestamp="2019-08-08T12:08:25.749" />
<gc-end id="4223" type="global" contextid="4215" durationms="60.057" usertimems="98.986" systemtimems="27.235" timestamp="2019-08-08T12:08:25.749" activeThreads="8">
  <mem-info id="4224" free="16301056" total="34340864" percent="47">
    <mem type="tenure" free="16301056" total="34340864" percent="47">
      <mem type="soa" free="15958016" total="33997824" percent="46" />
      <mem type="loa" free="343040" total="343040" percent="100" />
    </mem>
  </mem-info>
</gc-end>
<cycle-end id="4225" type="global" contextid="4215" timestamp="2019-08-08T12:08:25.749" />
  <attribute name="elasticGC enabled" value="1" />
  <attribute name= "numThreadsSpecified" value="8" />
  <attribute name="heapSize specified" value="34209792" />
  <attribute name="Current GC Util" value="61" />
  <attribute name= "Current Time Running" value="140238" />
  <attribute name ="GC Interval" value="0" />
  <attribute name="Target GC Util Change" value ="80.000000" />
  <attribute name="Current GC Util Change" value="61.000000"/>
  <attribute name="Current Error" value="-18.000000" />
  <attribute name="Output H" value="34285456"/>
  <attribute name="Output I" value="1976"/>
  <attribute name="Output T" value="8"/>
  <attribute name= "Current Time Running" value="140238" />
  <attribute name="GC Util currently" value="61" />
  <attribute name="CPU Util currently" value="33475832573" />
<allocation-satisfied id="4226" threadId="0000000002369F00" bytesRequested="1168" />
<af-end id="4227" timestamp="2019-08-08T12:08:25.749" threadId="000000000236A888" success="true" />
<exclusive-end id="4228" timestamp="2019-08-08T12:08:25.749" durationms="62.991" />

<concurrent-kickoff id="4229" timestamp="2019-08-08T12:08:25.758">
  <kickoff reason="threshold reached" targetBytes="5146081" thresholdFreeBytes="692081" remainingFree="637952" tenureFreeBytes="637952" />
</concurrent-kickoff>
<exclusive-start id="4230" timestamp="2019-08-08T12:08:25.759" intervalms="72.040">
  <response-info timems="0.075" idlems="0.075" threads="0" lastid="0000000002369F00" lastname="main" />
</exclusive-start>
<cycle-start id="4231" type="global" contextid="0" timestamp="2019-08-08T12:08:25.759" intervalms="69.801" />
<exclusive-end id="4232" timestamp="2019-08-08T12:08:25.759" durationms="0.338" />

<exclusive-start id="4233" timestamp="2019-08-08T12:08:25.759" intervalms="0.892">
  <response-info timems="0.040" idlems="0.040" threads="0" lastid="0000000002369F00" lastname="main" />
</exclusive-start>
<af-start id="4234" threadId="000000000236A888" totalBytesRequested="1168" timestamp="2019-08-08T12:08:25.760" intervalms="70.919" />
<concurrent-aborted id="4235" timestamp="2019-08-08T12:08:25.760">
  <reason value="insufficient progress made" />
</concurrent-aborted>
<cycle-end id="4236" type="global" contextid="4231" timestamp="2019-08-08T12:08:25.760" />
  <attribute name="elasticGC enabled" value="1" />
  <attribute name= "numThreadsSpecified" value="8" />
  <attribute name="heapSize specified" value="34209792" />
  <attribute name="Current GC Util" value="61" />
  <attribute name= "Current Time Running" value="140238" />
  <attribute name ="GC Interval" value="0" />
  <attribute name="Target GC Util Change" value ="80.000000" />
  <attribute name="Current GC Util Change" value="61.000000"/>
  <attribute name="Current Error" value="-18.000000" />
  <attribute name="Output H" value="34285456"/>
  <attribute name="Output I" value="1976"/>
  <attribute name="Output T" value="8"/>
  <attribute name= "Current Time Running" value="140238" />
  <attribute name="GC Util currently" value="61" />
  <attribute name="CPU Util currently" value="33475832573" />
<cycle-start id="4237" type="global" contextid="0" timestamp="2019-08-08T12:08:25.760" intervalms="1.112" />
<gc-start id="4238" type="global" contextid="4237" timestamp="2019-08-08T12:08:25.760">
  <mem-info id="4239" free="343040" total="34340864" percent="0">
    <mem type="tenure" free="343040" total="34340864" percent="0">
      <mem type="soa" free="0" total="33997824" percent="0" />
      <mem type="loa" free="343040" total="343040" percent="100" />
    </mem>
  </mem-info>
</gc-start>
<allocation-stats totalBytes="15924048" >
  <allocated-bytes non-tlh="0" tlh="15924048" />
  <largest-consumer threadName="main" threadId="0000000002369F00" bytes="15924048" />
</allocation-stats>
<gc-op id="4240" type="mark" timems="15.024" contextid="4237" timestamp="2019-08-08T12:08:25.775">
  <trace-info objectcount="600473" scancount="521360" scanbytes="13380836" />
  <finalization candidates="80" enqueued="0" />
  <ownableSynchronizers candidates="21" cleared="0" />
  <references type="soft" candidates="3261" cleared="0" enqueued="0" dynamicThreshold="15" maxThreshold="32" />
  <references type="weak" candidates="5588" cleared="0" enqueued="0" />
  <references type="phantom" candidates="97" cleared="0" enqueued="0" />
  <stringconstants candidates="13592" cleared="0"  />
</gc-op>
<gc-op id="4241" type="sweep" timems="3.826" contextid="4237" timestamp="2019-08-08T12:08:25.779" />
<mem-info id="4242" free="16366088" total="34340864" percent="47">
  <mem type="tenure" free="16366088" total="34340864" percent="47" micro-fragmented="0">
    <mem type="soa" free="16023048" total="33997824" percent="47" />
    <mem type="loa" free="343040" total="343040" percent="100" />
  </mem>
</mem-info>
<gc-op id="4243" type="compact" timems="27.833" contextid="4237" timestamp="2019-08-08T12:08:25.807">
  <compact-info movecount="2" movebytes="64" reason="compact to aid heap contraction" />
</gc-op>
<heap-resize id="4244" type="expand" space="tenure" amount="131072" count="1" timems="0.034" reason="satisfy allocation request" timestamp="2019-08-08T12:08:25.808" />
<gc-end id="4245" type="global" contextid="4237" durationms="47.856" usertimems="95.041" systemtimems="13.136" timestamp="2019-08-08T12:08:25.808" activeThreads="16">
  <mem-info id="4246" free="16432128" total="34471936" percent="47">
    <mem type="tenure" free="16432128" total="34471936" percent="47">
      <mem type="soa" free="16088064" total="34127872" percent="47" />
      <mem type="loa" free="344064" total="344064" percent="100" />
    </mem>
  </mem-info>
</gc-end>
<cycle-end id="4247" type="global" contextid="4237" timestamp="2019-08-08T12:08:25.808" />
  <attribute name="elasticGC enabled" value="1" />
  <attribute name= "numThreadsSpecified" value="16" />
  <attribute name="heapSize specified" value="34340864" />
  <attribute name="Current GC Util" value="49" />
  <attribute name= "Current Time Running" value="140297" />
  <attribute name ="GC Interval" value="0" />
  <attribute name="Target GC Util Change" value ="80.000000" />
  <attribute name="Current GC Util Change" value="49.000000"/>
  <attribute name="Current Error" value="31.000000" />
  <attribute name="Output H" value="34416584"/>
  <attribute name="Output I" value="2064"/>
  <attribute name="Output T" value="16"/>
  <attribute name= "Current Time Running" value="140297" />
  <attribute name="GC Util currently" value="49" />
  <attribute name="CPU Util currently" value="41366500720" />
<allocation-satisfied id="4248" threadId="0000000002369F00" bytesRequested="1168" />
<af-end id="4249" timestamp="2019-08-08T12:08:25.808" threadId="000000000236A888" success="true" />
<exclusive-end id="4250" timestamp="2019-08-08T12:08:25.808" durationms="48.512" />

<concurrent-kickoff id="4251" timestamp="2019-08-08T12:08:25.818">
  <kickoff reason="threshold reached" targetBytes="5165723" thresholdFreeBytes="694722" remainingFree="637952" tenureFreeBytes="637952" />
</concurrent-kickoff>
<exclusive-start id="4252" timestamp="2019-08-08T12:08:25.818" intervalms="58.692">
  <response-info timems="0.055" idlems="0.055" threads="0" lastid="0000000002369F00" lastname="main" />
</exclusive-start>
<cycle-start id="4253" type="global" contextid="0" timestamp="2019-08-08T12:08:25.818" intervalms="58.339" />
<exclusive-end id="4254" timestamp="2019-08-08T12:08:25.818" durationms="0.017" />

<exclusive-start id="4255" timestamp="2019-08-08T12:08:25.819" intervalms="0.510">
  <response-info timems="0.057" idlems="0.057" threads="0" lastid="0000000002369F00" lastname="main" />
</exclusive-start>
<af-start id="4256" threadId="000000000236A888" totalBytesRequested="1168" timestamp="2019-08-08T12:08:25.819" intervalms="59.103" />
<concurrent-aborted id="4257" timestamp="2019-08-08T12:08:25.819">
  <reason value="insufficient progress made" />
</concurrent-aborted>
<cycle-end id="4258" type="global" contextid="4253" timestamp="2019-08-08T12:08:25.819" />
  <attribute name="elasticGC enabled" value="1" />
  <attribute name= "numThreadsSpecified" value="16" />
  <attribute name="heapSize specified" value="34340864" />
  <attribute name="Current GC Util" value="49" />
  <attribute name= "Current Time Running" value="140297" />
  <attribute name ="GC Interval" value="0" />
  <attribute name="Target GC Util Change" value ="80.000000" />
  <attribute name="Current GC Util Change" value="49.000000"/>
  <attribute name="Current Error" value="31.000000" />
  <attribute name="Output H" value="34416584"/>
  <attribute name="Output I" value="2064"/>
  <attribute name="Output T" value="16"/>
  <attribute name= "Current Time Running" value="140297" />
  <attribute name="GC Util currently" value="49" />
  <attribute name="CPU Util currently" value="41366500720" />
<cycle-start id="4259" type="global" contextid="0" timestamp="2019-08-08T12:08:25.819" intervalms="0.589" />
<gc-start id="4260" type="global" contextid="4259" timestamp="2019-08-08T12:08:25.819">
  <mem-info id="4261" free="344064" total="34471936" percent="0">
    <mem type="tenure" free="344064" total="34471936" percent="0">
      <mem type="soa" free="0" total="34127872" percent="0" />
      <mem type="loa" free="344064" total="344064" percent="100" />
    </mem>
  </mem-info>
</gc-start>
<allocation-stats totalBytes="16053056" >
  <allocated-bytes non-tlh="0" tlh="16053056" />
  <largest-consumer threadName="main" threadId="0000000002369F00" bytes="16053056" />
</allocation-stats>
<gc-op id="4262" type="mark" timems="12.379" contextid="4259" timestamp="2019-08-08T12:08:25.831">
  <trace-info objectcount="600473" scancount="521361" scanbytes="13380836" />
  <finalization candidates="80" enqueued="0" />
  <ownableSynchronizers candidates="21" cleared="0" />
  <references type="soft" candidates="3261" cleared="0" enqueued="0" dynamicThreshold="15" maxThreshold="32" />
  <references type="weak" candidates="5588" cleared="0" enqueued="0" />
  <references type="phantom" candidates="97" cleared="0" enqueued="0" />
  <stringconstants candidates="13592" cleared="0"  />
</gc-op>
<gc-op id="4263" type="sweep" timems="14.686" contextid="4259" timestamp="2019-08-08T12:08:25.846" />
<mem-info id="4264" free="16496944" total="34471936" percent="47">
  <mem type="tenure" free="16496944" total="34471936" percent="47" micro-fragmented="0">
    <mem type="soa" free="16152880" total="34127872" percent="47" />
    <mem type="loa" free="344064" total="344064" percent="100" />
  </mem>
</mem-info>
<gc-op id="4265" type="compact" timems="38.381" contextid="4259" timestamp="2019-08-08T12:08:25.884">
  <compact-info movecount="2" movebytes="64" reason="compact to aid heap contraction" />
</gc-op>
<heap-resize id="4266" type="expand" space="tenure" amount="131072" count="1" timems="0.021" reason="satisfy allocation request" timestamp="2019-08-08T12:08:25.887" />
<gc-end id="4267" type="global" contextid="4259" durationms="67.786" usertimems="94.779" systemtimems="42.580" timestamp="2019-08-08T12:08:25.887" activeThreads="16">
  <mem-info id="4268" free="16563200" total="34603008" percent="47">
    <mem type="tenure" free="16563200" total="34603008" percent="47">
      <mem type="soa" free="16218112" total="34257920" percent="47" />
      <mem type="loa" free="345088" total="345088" percent="100" />
    </mem>
  </mem-info>
</gc-end>
<cycle-end id="4269" type="global" contextid="4259" timestamp="2019-08-08T12:08:25.887" />
  <attribute name="elasticGC enabled" value="1" />
  <attribute name= "numThreadsSpecified" value="16" />
  <attribute name="heapSize specified" value="34471936" />
  <attribute name="Current GC Util" value="37" />
  <attribute name= "Current Time Running" value="140375" />
  <attribute name ="GC Interval" value="0" />
  <attribute name="Target GC Util Change" value ="80.000000" />
  <attribute name="Current GC Util Change" value="37.000000"/>
  <attribute name="Current Error" value="-507.000000" />
  <attribute name="Output H" value="34547032"/>
  <attribute name="Output I" value="1104"/>
  <attribute name="Output T" value="16"/>
  <attribute name= "Current Time Running" value="140375" />
  <attribute name="GC Util currently" value="37" />
  <attribute name="CPU Util currently" value="30014989445" />
<allocation-satisfied id="4270" threadId="0000000002369F00" bytesRequested="1168" />
<af-end id="4271" timestamp="2019-08-08T12:08:25.887" threadId="000000000236A888" success="true" />
<exclusive-end id="4272" timestamp="2019-08-08T12:08:25.887" durationms="68.050" />

<concurrent-kickoff id="4273" timestamp="2019-08-08T12:08:25.896">
  <kickoff reason="threshold reached" targetBytes="5185362" thresholdFreeBytes="697364" remainingFree="670720" tenureFreeBytes="670720" />
</concurrent-kickoff>
<exclusive-start id="4274" timestamp="2019-08-08T12:08:25.899" intervalms="80.075">
  <response-info timems="2.271" idlems="1.159" threads="1" lastid="000000000236DB00" lastname="JIT Compilation Thread-0" />
</exclusive-start>
<cycle-start id="4275" type="global" contextid="0" timestamp="2019-08-08T12:08:25.899" intervalms="80.024" />
<exclusive-end id="4276" timestamp="2019-08-08T12:08:25.899" durationms="0.047" />

<exclusive-start id="4277" timestamp="2019-08-08T12:08:25.899" intervalms="0.581">
  <response-info timems="0.046" idlems="0.046" threads="0" lastid="0000000002369F00" lastname="main" />
</exclusive-start>
<af-start id="4278" threadId="000000000236A888" totalBytesRequested="1168" timestamp="2019-08-08T12:08:25.899" intervalms="80.666" />
<concurrent-aborted id="4279" timestamp="2019-08-08T12:08:25.899">
  <reason value="insufficient progress made" />
</concurrent-aborted>
<cycle-end id="4280" type="global" contextid="4275" timestamp="2019-08-08T12:08:25.899" />
  <attribute name="elasticGC enabled" value="1" />
  <attribute name= "numThreadsSpecified" value="16" />
  <attribute name="heapSize specified" value="34471936" />
  <attribute name="Current GC Util" value="37" />
  <attribute name= "Current Time Running" value="140375" />
  <attribute name ="GC Interval" value="0" />
  <attribute name="Target GC Util Change" value ="80.000000" />
  <attribute name="Current GC Util Change" value="37.000000"/>
  <attribute name="Current Error" value="-507.000000" />
  <attribute name="Output H" value="34547032"/>
  <attribute name="Output I" value="1104"/>
  <attribute name="Output T" value="16"/>
  <attribute name= "Current Time Running" value="140375" />
  <attribute name="GC Util currently" value="37" />
  <attribute name="CPU Util currently" value="30014989445" />
<cycle-start id="4281" type="global" contextid="0" timestamp="2019-08-08T12:08:25.899" intervalms="0.663" />
<gc-start id="4282" type="global" contextid="4281" timestamp="2019-08-08T12:08:25.899">
  <mem-info id="4283" free="345088" total="34603008" percent="0">
    <mem type="tenure" free="345088" total="34603008" percent="0">
      <mem type="soa" free="0" total="34257920" percent="0" />
      <mem type="loa" free="345088" total="345088" percent="100" />
    </mem>
  </mem-info>
</gc-start>
<allocation-stats totalBytes="16182064" >
  <allocated-bytes non-tlh="0" tlh="16182064" />
  <largest-consumer threadName="main" threadId="0000000002369F00" bytes="16182064" />
</allocation-stats>
<gc-op id="4284" type="mark" timems="16.830" contextid="4281" timestamp="2019-08-08T12:08:25.916">
  <trace-info objectcount="600473" scancount="521363" scanbytes="13380836" />
  <finalization candidates="80" enqueued="0" />
  <ownableSynchronizers candidates="21" cleared="0" />
  <references type="soft" candidates="3261" cleared="0" enqueued="0" dynamicThreshold="15" maxThreshold="32" />
  <references type="weak" candidates="5588" cleared="0" enqueued="0" />
  <references type="phantom" candidates="97" cleared="0" enqueued="0" />
  <stringconstants candidates="13592" cleared="0"  />
</gc-op>
<gc-op id="4285" type="sweep" timems="4.110" contextid="4281" timestamp="2019-08-08T12:08:25.920" />
<mem-info id="4286" free="16628512" total="34603008" percent="48">
  <mem type="tenure" free="16628512" total="34603008" percent="48" micro-fragmented="0">
    <mem type="soa" free="16283424" total="34257920" percent="47" />
    <mem type="loa" free="345088" total="345088" percent="100" />
  </mem>
</mem-info>
<gc-op id="4287" type="compact" timems="37.377" contextid="4281" timestamp="2019-08-08T12:08:25.958">
  <compact-info movecount="2" movebytes="64" reason="compact to aid heap contraction" />
</gc-op>
<heap-resize id="4288" type="expand" space="tenure" amount="131072" count="1" timems="0.018" reason="satisfy allocation request" timestamp="2019-08-08T12:08:25.959" />
<gc-end id="4289" type="global" contextid="4281" durationms="59.419" usertimems="106.451" systemtimems="17.594" timestamp="2019-08-08T12:08:25.959" activeThreads="16">
  <mem-info id="4290" free="16694272" total="34734080" percent="48">
    <mem type="tenure" free="16694272" total="34734080" percent="48">
      <mem type="soa" free="16347136" total="34386944" percent="47" />
      <mem type="loa" free="347136" total="347136" percent="100" />
    </mem>
  </mem-info>
</gc-end>
<cycle-end id="4291" type="global" contextid="4281" timestamp="2019-08-08T12:08:25.959" />
  <attribute name="elasticGC enabled" value="1" />
  <attribute name= "numThreadsSpecified" value="16" />
  <attribute name="heapSize specified" value="34603008" />
  <attribute name="Current GC Util" value="38" />
  <attribute name= "Current Time Running" value="140448" />
  <attribute name ="GC Interval" value="0" />
  <attribute name="Target GC Util Change" value ="80.000000" />
  <attribute name="Current GC Util Change" value="38.000000"/>
  <attribute name="Current Error" value="-500.000000" />
  <attribute name="Output H" value="34678112"/>
  <attribute name="Output I" value="1120"/>
  <attribute name="Output T" value="16"/>
  <attribute name= "Current Time Running" value="140448" />
  <attribute name="GC Util currently" value="38" />
  <attribute name="CPU Util currently" value="30822184115" />
<allocation-satisfied id="4292" threadId="0000000002369F00" bytesRequested="1168" />
<af-end id="4293" timestamp="2019-08-08T12:08:25.959" threadId="000000000236A888" success="true" />
<exclusive-end id="4294" timestamp="2019-08-08T12:08:25.959" durationms="59.661" />

<concurrent-kickoff id="4295" timestamp="2019-08-08T12:08:25.968">
  <kickoff reason="threshold reached" targetBytes="5205006" thresholdFreeBytes="700004" remainingFree="670720" tenureFreeBytes="670720" />
</concurrent-kickoff>
<exclusive-start id="4296" timestamp="2019-08-08T12:08:25.968" intervalms="68.399">
  <response-info timems="0.059" idlems="0.059" threads="0" lastid="0000000002369F00" lastname="main" />
</exclusive-start>
<cycle-start id="4297" type="global" contextid="0" timestamp="2019-08-08T12:08:25.968" intervalms="68.300" />
<exclusive-end id="4298" timestamp="2019-08-08T12:08:25.968" durationms="0.028" />

<exclusive-start id="4299" timestamp="2019-08-08T12:08:25.977" intervalms="9.537">
  <response-info timems="0.148" idlems="0.148" threads="0" lastid="0000000002369F00" lastname="main" />
</exclusive-start>
<af-start id="4300" threadId="000000000236A888" totalBytesRequested="1168" timestamp="2019-08-08T12:08:25.977" intervalms="77.978" />
<concurrent-aborted id="4301" timestamp="2019-08-08T12:08:25.977">
  <reason value="insufficient progress made" />
</concurrent-aborted>
<cycle-end id="4302" type="global" contextid="4297" timestamp="2019-08-08T12:08:25.977" />
  <attribute name="elasticGC enabled" value="1" />
  <attribute name= "numThreadsSpecified" value="16" />
  <attribute name="heapSize specified" value="34603008" />
  <attribute name="Current GC Util" value="38" />
  <attribute name= "Current Time Running" value="140448" />
  <attribute name ="GC Interval" value="0" />
  <attribute name="Target GC Util Change" value ="80.000000" />
  <attribute name="Current GC Util Change" value="38.000000"/>
  <attribute name="Current Error" value="-500.000000" />
  <attribute name="Output H" value="34678112"/>
  <attribute name="Output I" value="1120"/>
  <attribute name="Output T" value="16"/>
  <attribute name= "Current Time Running" value="140448" />
  <attribute name="GC Util currently" value="38" />
  <attribute name="CPU Util currently" value="30822184115" />
<cycle-start id="4303" type="global" contextid="0" timestamp="2019-08-08T12:08:25.977" intervalms="9.700" />
<gc-start id="4304" type="global" contextid="4303" timestamp="2019-08-08T12:08:25.977">
  <mem-info id="4305" free="347136" total="34734080" percent="0">
    <mem type="tenure" free="347136" total="34734080" percent="0">
      <mem type="soa" free="0" total="34386944" percent="0" />
      <mem type="loa" free="347136" total="347136" percent="100" />
    </mem>
  </mem-info>
</gc-start>
<allocation-stats totalBytes="16309832" >
  <allocated-bytes non-tlh="0" tlh="16309832" />
  <largest-consumer threadName="main" threadId="0000000002369F00" bytes="16309832" />
</allocation-stats>
<gc-op id="4306" type="mark" timems="26.683" contextid="4303" timestamp="2019-08-08T12:08:26.004">
  <trace-info objectcount="600473" scancount="521358" scanbytes="13380836" />
  <finalization candidates="80" enqueued="0" />
  <ownableSynchronizers candidates="21" cleared="0" />
  <references type="soft" candidates="3261" cleared="0" enqueued="0" dynamicThreshold="15" maxThreshold="32" />
  <references type="weak" candidates="5588" cleared="0" enqueued="0" />
  <references type="phantom" candidates="97" cleared="0" enqueued="0" />
  <stringconstants candidates="13592" cleared="0"  />
</gc-op>
<gc-op id="4307" type="sweep" timems="5.591" contextid="4303" timestamp="2019-08-08T12:08:26.010" />
<mem-info id="4308" free="16759152" total="34734080" percent="48">
  <mem type="tenure" free="16759152" total="34734080" percent="48" micro-fragmented="0">
    <mem type="soa" free="16412016" total="34386944" percent="47" />
    <mem type="loa" free="347136" total="347136" percent="100" />
  </mem>
</mem-info>
<gc-op id="4309" type="compact" timems="30.974" contextid="4303" timestamp="2019-08-08T12:08:26.041">
  <compact-info movecount="2" movebytes="64" reason="compact to aid heap contraction" />
</gc-op>
<heap-resize id="4310" type="expand" space="tenure" amount="131072" count="1" timems="0.025" reason="satisfy allocation request" timestamp="2019-08-08T12:08:26.043" />
<gc-end id="4311" type="global" contextid="4303" durationms="65.256" usertimems="125.945" systemtimems="77.590" timestamp="2019-08-08T12:08:26.043" activeThreads="16">
  <mem-info id="4312" free="16825344" total="34865152" percent="48">
    <mem type="tenure" free="16825344" total="34865152" percent="48">
      <mem type="soa" free="16477184" total="34516992" percent="47" />
      <mem type="loa" free="348160" total="348160" percent="100" />
    </mem>
  </mem-info>
</gc-end>
<cycle-end id="4313" type="global" contextid="4303" timestamp="2019-08-08T12:08:26.043" />
  <attribute name="elasticGC enabled" value="1" />
  <attribute name= "numThreadsSpecified" value="16" />
  <attribute name="heapSize specified" value="34734080" />
  <attribute name="Current GC Util" value="100" />
  <attribute name= "Current Time Running" value="140531" />
  <attribute name ="GC Interval" value="0" />
  <attribute name="Target GC Util Change" value ="80.000000" />
  <attribute name="Current GC Util Change" value="100.000000"/>
  <attribute name="Current Error" value="-508.000000" />
  <attribute name="Output H" value="34809176"/>
  <attribute name="Output I" value="1104"/>
  <attribute name="Output T" value="16"/>
  <attribute name= "Current Time Running" value="140531" />
  <attribute name="GC Util currently" value="100" />
  <attribute name="CPU Util currently" value="37166216879" />
<allocation-satisfied id="4314" threadId="0000000002369F00" bytesRequested="1168" />
<af-end id="4315" timestamp="2019-08-08T12:08:26.043" threadId="000000000236A888" success="true" />
<exclusive-end id="4316" timestamp="2019-08-08T12:08:26.043" durationms="65.750" />

<concurrent-kickoff id="4317" timestamp="2019-08-08T12:08:26.063">
  <kickoff reason="threshold reached" targetBytes="5224646" thresholdFreeBytes="702647" remainingFree="670720" tenureFreeBytes="670720" />
</concurrent-kickoff>
<exclusive-start id="4318" timestamp="2019-08-08T12:08:26.063" intervalms="85.945">
  <response-info timems="0.102" idlems="0.102" threads="0" lastid="0000000002369F00" lastname="main" />
</exclusive-start>
<cycle-start id="4319" type="global" contextid="0" timestamp="2019-08-08T12:08:26.063" intervalms="85.881" />
<exclusive-end id="4320" timestamp="2019-08-08T12:08:26.063" durationms="0.131" />

<exclusive-start id="4321" timestamp="2019-08-08T12:08:26.064" intervalms="0.444">
  <response-info timems="0.044" idlems="0.044" threads="0" lastid="0000000002369F00" lastname="main" />
</exclusive-start>
<af-start id="4322" threadId="000000000236A888" totalBytesRequested="1168" timestamp="2019-08-08T12:08:26.064" intervalms="86.319" />
<concurrent-aborted id="4323" timestamp="2019-08-08T12:08:26.064">
  <reason value="insufficient progress made" />
</concurrent-aborted>
<cycle-end id="4324" type="global" contextid="4319" timestamp="2019-08-08T12:08:26.064" />
  <attribute name="elasticGC enabled" value="1" />
  <attribute name= "numThreadsSpecified" value="16" />
  <attribute name="heapSize specified" value="34734080" />
  <attribute name="Current GC Util" value="100" />
  <attribute name= "Current Time Running" value="140531" />
  <attribute name ="GC Interval" value="0" />
  <attribute name="Target GC Util Change" value ="80.000000" />
  <attribute name="Current GC Util Change" value="100.000000"/>
  <attribute name="Current Error" value="-508.000000" />
  <attribute name="Output H" value="34809176"/>
  <attribute name="Output I" value="1104"/>
  <attribute name="Output T" value="16"/>
  <attribute name= "Current Time Running" value="140531" />
  <attribute name="GC Util currently" value="100" />
  <attribute name="CPU Util currently" value="37166216879" />
<cycle-start id="4325" type="global" contextid="0" timestamp="2019-08-08T12:08:26.064" intervalms="0.398" />
<gc-start id="4326" type="global" contextid="4325" timestamp="2019-08-08T12:08:26.064">
  <mem-info id="4327" free="348160" total="34865152" percent="0">
    <mem type="tenure" free="348160" total="34865152" percent="0">
      <mem type="soa" free="0" total="34516992" percent="0" />
      <mem type="loa" free="348160" total="348160" percent="100" />
    </mem>
  </mem-info>
</gc-start>
<allocation-stats totalBytes="16438840" >
  <allocated-bytes non-tlh="0" tlh="16438840" />
  <largest-consumer threadName="main" threadId="0000000002369F00" bytes="16438840" />
</allocation-stats>
<gc-op id="4328" type="mark" timems="10.099" contextid="4325" timestamp="2019-08-08T12:08:26.074">
  <trace-info objectcount="600473" scancount="521359" scanbytes="13380836" />
  <finalization candidates="80" enqueued="0" />
  <ownableSynchronizers candidates="21" cleared="0" />
  <references type="soft" candidates="3261" cleared="0" enqueued="0" dynamicThreshold="15" maxThreshold="32" />
  <references type="weak" candidates="5588" cleared="0" enqueued="0" />
  <references type="phantom" candidates="97" cleared="0" enqueued="0" />
  <stringconstants candidates="13592" cleared="0"  />
</gc-op>
<gc-op id="4329" type="sweep" timems="3.382" contextid="4325" timestamp="2019-08-08T12:08:26.077" />
<mem-info id="4330" free="16890880" total="34865152" percent="48">
  <mem type="tenure" free="16890880" total="34865152" percent="48" micro-fragmented="0">
    <mem type="soa" free="16542720" total="34516992" percent="47" />
    <mem type="loa" free="348160" total="348160" percent="100" />
  </mem>
</mem-info>
<gc-op id="4331" type="compact" timems="59.541" contextid="4325" timestamp="2019-08-08T12:08:26.137">
  <compact-info movecount="2" movebytes="64" reason="compact to aid heap contraction" />
</gc-op>
<heap-resize id="4332" type="expand" space="tenure" amount="131072" count="1" timems="0.026" reason="satisfy allocation request" timestamp="2019-08-08T12:08:26.138" />
<gc-end id="4333" type="global" contextid="4325" durationms="74.221" usertimems="90.615" systemtimems="22.271" timestamp="2019-08-08T12:08:26.138" activeThreads="16">
  <mem-info id="4334" free="16956416" total="34996224" percent="48">
    <mem type="tenure" free="16956416" total="34996224" percent="48">
      <mem type="soa" free="16607232" total="34647040" percent="47" />
      <mem type="loa" free="349184" total="349184" percent="100" />
    </mem>
  </mem-info>
</gc-end>
<cycle-end id="4335" type="global" contextid="4325" timestamp="2019-08-08T12:08:26.138" />
  <attribute name="elasticGC enabled" value="1" />
  <attribute name= "numThreadsSpecified" value="16" />
  <attribute name="heapSize specified" value="34865152" />
  <attribute name="Current GC Util" value="20" />
  <attribute name= "Current Time Running" value="140627" />
  <attribute name ="GC Interval" value="0" />
  <attribute name="Target GC Util Change" value ="80.000000" />
  <attribute name="Current GC Util Change" value="20.000000"/>
  <attribute name="Current Error" value="12.000000" />
  <attribute name="Output H" value="34940848"/>
  <attribute name="Output I" value="2032"/>
  <attribute name="Output T" value="16"/>
  <attribute name= "Current Time Running" value="140627" />
  <attribute name="GC Util currently" value="20" />
  <attribute name="CPU Util currently" value="19325530796" />
<allocation-satisfied id="4336" threadId="0000000002369F00" bytesRequested="1168" />
<af-end id="4337" timestamp="2019-08-08T12:08:26.138" threadId="000000000236A888" success="true" />
<exclusive-end id="4338" timestamp="2019-08-08T12:08:26.138" durationms="74.538" />

<concurrent-kickoff id="4339" timestamp="2019-08-08T12:08:26.143">
  <kickoff reason="threshold reached" targetBytes="5244288" thresholdFreeBytes="705288" remainingFree="670720" tenureFreeBytes="670720" />
</concurrent-kickoff>
<exclusive-start id="4340" timestamp="2019-08-08T12:08:26.143" intervalms="79.062">
  <response-info timems="0.073" idlems="0.073" threads="0" lastid="0000000002369F00" lastname="main" />
</exclusive-start>
<cycle-start id="4341" type="global" contextid="0" timestamp="2019-08-08T12:08:26.143" intervalms="79.000" />
<exclusive-end id="4342" timestamp="2019-08-08T12:08:26.143" durationms="0.020" />

<exclusive-start id="4343" timestamp="2019-08-08T12:08:26.143" intervalms="0.419">
  <response-info timems="0.029" idlems="0.029" threads="0" lastid="0000000002369F00" lastname="main" />
</exclusive-start>
<af-start id="4344" threadId="000000000236A888" totalBytesRequested="1168" timestamp="2019-08-08T12:08:26.143" intervalms="79.496" />
<concurrent-aborted id="4345" timestamp="2019-08-08T12:08:26.143">
  <reason value="insufficient progress made" />
</concurrent-aborted>
<cycle-end id="4346" type="global" contextid="4341" timestamp="2019-08-08T12:08:26.143" />
  <attribute name="elasticGC enabled" value="1" />
  <attribute name= "numThreadsSpecified" value="16" />
  <attribute name="heapSize specified" value="34865152" />
  <attribute name="Current GC Util" value="20" />
  <attribute name= "Current Time Running" value="140627" />
  <attribute name ="GC Interval" value="0" />
  <attribute name="Target GC Util Change" value ="80.000000" />
  <attribute name="Current GC Util Change" value="20.000000"/>
  <attribute name="Current Error" value="12.000000" />
  <attribute name="Output H" value="34940848"/>
  <attribute name="Output I" value="2032"/>
  <attribute name="Output T" value="16"/>
  <attribute name= "Current Time Running" value="140627" />
  <attribute name="GC Util currently" value="20" />
  <attribute name="CPU Util currently" value="19325530796" />
<cycle-start id="4347" type="global" contextid="0" timestamp="2019-08-08T12:08:26.143" intervalms="0.497" />
<gc-start id="4348" type="global" contextid="4347" timestamp="2019-08-08T12:08:26.143">
  <mem-info id="4349" free="349184" total="34996224" percent="0">
    <mem type="tenure" free="349184" total="34996224" percent="0">
      <mem type="soa" free="0" total="34647040" percent="0" />
      <mem type="loa" free="349184" total="349184" percent="100" />
    </mem>
  </mem-info>
</gc-start>
<allocation-stats totalBytes="16567848" >
  <allocated-bytes non-tlh="0" tlh="16567848" />
  <largest-consumer threadName="main" threadId="0000000002369F00" bytes="16567848" />
</allocation-stats>
<gc-op id="4350" type="mark" timems="25.503" contextid="4347" timestamp="2019-08-08T12:08:26.169">
  <trace-info objectcount="600473" scancount="521363" scanbytes="13380836" />
  <finalization candidates="80" enqueued="0" />
  <ownableSynchronizers candidates="21" cleared="0" />
  <references type="soft" candidates="3261" cleared="0" enqueued="0" dynamicThreshold="15" maxThreshold="32" />
  <references type="weak" candidates="5588" cleared="0" enqueued="0" />
  <references type="phantom" candidates="97" cleared="0" enqueued="0" />
  <stringconstants candidates="13592" cleared="0"  />
</gc-op>
<gc-op id="4351" type="sweep" timems="3.513" contextid="4347" timestamp="2019-08-08T12:08:26.172" />
<mem-info id="4352" free="17021952" total="34996224" percent="48">
  <mem type="tenure" free="17021952" total="34996224" percent="48" micro-fragmented="0">
    <mem type="soa" free="16672768" total="34647040" percent="48" />
    <mem type="loa" free="349184" total="349184" percent="100" />
  </mem>
</mem-info>
<gc-op id="4353" type="compact" timems="21.815" contextid="4347" timestamp="2019-08-08T12:08:26.194">
  <compact-info movecount="2" movebytes="64" reason="compact to aid heap contraction" />
</gc-op>
<heap-resize id="4354" type="expand" space="tenure" amount="131072" count="1" timems="0.019" reason="satisfy allocation request" timestamp="2019-08-08T12:08:26.196" />
<gc-end id="4355" type="global" contextid="4347" durationms="52.250" usertimems="97.829" systemtimems="37.766" timestamp="2019-08-08T12:08:26.196" activeThreads="16">
  <mem-info id="4356" free="17087488" total="35127296" percent="48">
    <mem type="tenure" free="17087488" total="35127296" percent="48">
      <mem type="soa" free="16736256" total="34776064" percent="48" />
      <mem type="loa" free="351232" total="351232" percent="100" />
    </mem>
  </mem-info>
</gc-end>
<cycle-end id="4357" type="global" contextid="4347" timestamp="2019-08-08T12:08:26.196" />
  <attribute name="elasticGC enabled" value="1" />
  <attribute name= "numThreadsSpecified" value="16" />
  <attribute name="heapSize specified" value="34996224" />
  <attribute name="Current GC Util" value="24" />
  <attribute name= "Current Time Running" value="140684" />
  <attribute name ="GC Interval" value="0" />
  <attribute name="Target GC Util Change" value ="80.000000" />
  <attribute name="Current GC Util Change" value="24.000000"/>
  <attribute name="Current Error" value="41.000000" />
  <attribute name="Output H" value="35071952"/>
  <attribute name="Output I" value="2088"/>
  <attribute name="Output T" value="16"/>
  <attribute name= "Current Time Running" value="140684" />
  <attribute name="GC Util currently" value="24" />
  <attribute name="CPU Util currently" value="52743527171" />
<allocation-satisfied id="4358" threadId="0000000002369F00" bytesRequested="1168" />
<af-end id="4359" timestamp="2019-08-08T12:08:26.196" threadId="000000000236A888" success="true" />
<exclusive-end id="4360" timestamp="2019-08-08T12:08:26.196" durationms="52.507" />

<concurrent-kickoff id="4361" timestamp="2019-08-08T12:08:26.200">
  <kickoff reason="threshold reached" targetBytes="5263929" thresholdFreeBytes="707930" remainingFree="670720" tenureFreeBytes="670720" />
</concurrent-kickoff>
<exclusive-start id="4362" timestamp="2019-08-08T12:08:26.200" intervalms="57.004">
  <response-info timems="0.061" idlems="0.061" threads="0" lastid="0000000002369F00" lastname="main" />
</exclusive-start>
<cycle-start id="4363" type="global" contextid="0" timestamp="2019-08-08T12:08:26.200" intervalms="56.980" />
<exclusive-end id="4364" timestamp="2019-08-08T12:08:26.200" durationms="0.075" />

<exclusive-start id="4365" timestamp="2019-08-08T12:08:26.201" intervalms="0.479">
  <response-info timems="0.030" idlems="0.030" threads="0" lastid="0000000002369F00" lastname="main" />
</exclusive-start>
<af-start id="4366" threadId="000000000236A888" totalBytesRequested="1168" timestamp="2019-08-08T12:08:26.201" intervalms="57.484" />
<concurrent-aborted id="4367" timestamp="2019-08-08T12:08:26.201">
  <reason value="insufficient progress made" />
</concurrent-aborted>
<cycle-end id="4368" type="global" contextid="4363" timestamp="2019-08-08T12:08:26.201" />
  <attribute name="elasticGC enabled" value="1" />
  <attribute name= "numThreadsSpecified" value="16" />
  <attribute name="heapSize specified" value="34996224" />
  <attribute name="Current GC Util" value="24" />
  <attribute name= "Current Time Running" value="140684" />
  <attribute name ="GC Interval" value="0" />
  <attribute name="Target GC Util Change" value ="80.000000" />
  <attribute name="Current GC Util Change" value="24.000000"/>
  <attribute name="Current Error" value="41.000000" />
  <attribute name="Output H" value="35071952"/>
  <attribute name="Output I" value="2088"/>
  <attribute name="Output T" value="16"/>
  <attribute name= "Current Time Running" value="140684" />
  <attribute name="GC Util currently" value="24" />
  <attribute name="CPU Util currently" value="52743527171" />
<cycle-start id="4369" type="global" contextid="0" timestamp="2019-08-08T12:08:26.201" intervalms="0.546" />
<gc-start id="4370" type="global" contextid="4369" timestamp="2019-08-08T12:08:26.201">
  <mem-info id="4371" free="351232" total="35127296" percent="0">
    <mem type="tenure" free="351232" total="35127296" percent="0">
      <mem type="soa" free="0" total="34776064" percent="0" />
      <mem type="loa" free="351232" total="351232" percent="100" />
    </mem>
  </mem-info>
</gc-start>
<allocation-stats totalBytes="16696856" >
  <allocated-bytes non-tlh="0" tlh="16696856" />
  <largest-consumer threadName="main" threadId="0000000002369F00" bytes="16696856" />
</allocation-stats>
<gc-op id="4372" type="mark" timems="15.742" contextid="4369" timestamp="2019-08-08T12:08:26.218">
  <trace-info objectcount="600473" scancount="521366" scanbytes="13380836" />
  <finalization candidates="80" enqueued="0" />
  <ownableSynchronizers candidates="21" cleared="0" />
  <references type="soft" candidates="3261" cleared="0" enqueued="0" dynamicThreshold="15" maxThreshold="32" />
  <references type="weak" candidates="5588" cleared="0" enqueued="0" />
  <references type="phantom" candidates="97" cleared="0" enqueued="0" />
  <stringconstants candidates="13592" cleared="0"  />
</gc-op>
<gc-op id="4373" type="sweep" timems="4.407" contextid="4369" timestamp="2019-08-08T12:08:26.223" />
<mem-info id="4374" free="17152744" total="35127296" percent="48">
  <mem type="tenure" free="17152744" total="35127296" percent="48" micro-fragmented="0">
    <mem type="soa" free="16801512" total="34776064" percent="48" />
    <mem type="loa" free="351232" total="351232" percent="100" />
  </mem>
</mem-info>
<gc-op id="4375" type="compact" timems="29.174" contextid="4369" timestamp="2019-08-08T12:08:26.252">
  <compact-info movecount="2" movebytes="64" reason="compact to aid heap contraction" />
</gc-op>
<heap-resize id="4376" type="expand" space="tenure" amount="131072" count="1" timems="0.026" reason="satisfy allocation request" timestamp="2019-08-08T12:08:26.253" />
<gc-end id="4377" type="global" contextid="4369" durationms="51.615" usertimems="83.419" systemtimems="21.547" timestamp="2019-08-08T12:08:26.253" activeThreads="16">
  <mem-info id="4378" free="17218560" total="35258368" percent="48">
    <mem type="tenure" free="17218560" total="35258368" percent="48">
      <mem type="soa" free="16866304" total="34906112" percent="48" />
      <mem type="loa" free="352256" total="352256" percent="100" />
    </mem>
  </mem-info>
</gc-end>
<cycle-end id="4379" type="global" contextid="4369" timestamp="2019-08-08T12:08:26.253" />
  <attribute name="elasticGC enabled" value="1" />
  <attribute name= "numThreadsSpecified" value="16" />
  <attribute name="heapSize specified" value="35127296" />
  <attribute name="Current GC Util" value="65" />
  <attribute name= "Current Time Running" value="140742" />
  <attribute name ="GC Interval" value="0" />
  <attribute name="Target GC Util Change" value ="80.000000" />
  <attribute name="Current GC Util Change" value="65.000000"/>
  <attribute name="Current Error" value="15.000000" />
  <attribute name="Output H" value="35203000"/>
  <attribute name="Output I" value="2040"/>
  <attribute name="Output T" value="16"/>
  <attribute name= "Current Time Running" value="140742" />
  <attribute name="GC Util currently" value="65" />
  <attribute name="CPU Util currently" value="39457405309" />
<allocation-satisfied id="4380" threadId="0000000002369F00" bytesRequested="1168" />
<af-end id="4381" timestamp="2019-08-08T12:08:26.253" threadId="000000000236A888" success="true" />
<exclusive-end id="4382" timestamp="2019-08-08T12:08:26.253" durationms="52.311" />

<concurrent-kickoff id="4383" timestamp="2019-08-08T12:08:26.258">
  <kickoff reason="threshold reached" targetBytes="5283571" thresholdFreeBytes="710572" remainingFree="637952" tenureFreeBytes="637952" />
</concurrent-kickoff>
<exclusive-start id="4384" timestamp="2019-08-08T12:08:26.258" intervalms="57.654">
  <response-info timems="0.026" idlems="0.026" threads="0" lastid="0000000002369F00" lastname="main" />
</exclusive-start>
<cycle-start id="4385" type="global" contextid="0" timestamp="2019-08-08T12:08:26.258" intervalms="57.532" />
<exclusive-end id="4386" timestamp="2019-08-08T12:08:26.258" durationms="0.018" />

<exclusive-start id="4387" timestamp="2019-08-08T12:08:26.259" intervalms="0.440">
  <response-info timems="0.069" idlems="0.069" threads="0" lastid="0000000002369F00" lastname="main" />
</exclusive-start>
<af-start id="4388" threadId="000000000236A888" totalBytesRequested="1168" timestamp="2019-08-08T12:08:26.259" intervalms="58.111" />
<concurrent-aborted id="4389" timestamp="2019-08-08T12:08:26.259">
  <reason value="insufficient progress made" />
</concurrent-aborted>
<cycle-end id="4390" type="global" contextid="4385" timestamp="2019-08-08T12:08:26.259" />
  <attribute name="elasticGC enabled" value="1" />
  <attribute name= "numThreadsSpecified" value="16" />
  <attribute name="heapSize specified" value="35127296" />
  <attribute name="Current GC Util" value="65" />
  <attribute name= "Current Time Running" value="140742" />
  <attribute name ="GC Interval" value="0" />
  <attribute name="Target GC Util Change" value ="80.000000" />
  <attribute name="Current GC Util Change" value="65.000000"/>
  <attribute name="Current Error" value="15.000000" />
  <attribute name="Output H" value="35203000"/>
  <attribute name="Output I" value="2040"/>
  <attribute name="Output T" value="16"/>
  <attribute name= "Current Time Running" value="140742" />
  <attribute name="GC Util currently" value="65" />
  <attribute name="CPU Util currently" value="39457405309" />
<cycle-start id="4391" type="global" contextid="0" timestamp="2019-08-08T12:08:26.259" intervalms="0.565" />
<gc-start id="4392" type="global" contextid="4391" timestamp="2019-08-08T12:08:26.259">
  <mem-info id="4393" free="352256" total="35258368" percent="0">
    <mem type="tenure" free="352256" total="35258368" percent="0">
      <mem type="soa" free="0" total="34906112" percent="0" />
      <mem type="loa" free="352256" total="352256" percent="100" />
    </mem>
  </mem-info>
</gc-start>
<allocation-stats totalBytes="16827104" >
  <allocated-bytes non-tlh="0" tlh="16827104" />
  <largest-consumer threadName="main" threadId="0000000002369F00" bytes="16827104" />
</allocation-stats>
<gc-op id="4394" type="mark" timems="64.064" contextid="4391" timestamp="2019-08-08T12:08:26.323">
  <trace-info objectcount="600473" scancount="521363" scanbytes="13380836" />
  <finalization candidates="80" enqueued="0" />
  <ownableSynchronizers candidates="21" cleared="0" />
  <references type="soft" candidates="3261" cleared="0" enqueued="0" dynamicThreshold="15" maxThreshold="32" />
  <references type="weak" candidates="5588" cleared="0" enqueued="0" />
  <references type="phantom" candidates="97" cleared="0" enqueued="0" />
  <stringconstants candidates="13592" cleared="0"  />
</gc-op>
<gc-op id="4395" type="sweep" timems="5.948" contextid="4391" timestamp="2019-08-08T12:08:26.329" />
<mem-info id="4396" free="17284096" total="35258368" percent="49">
  <mem type="tenure" free="17284096" total="35258368" percent="49" micro-fragmented="0">
    <mem type="soa" free="16931840" total="34906112" percent="48" />
    <mem type="loa" free="352256" total="352256" percent="100" />
  </mem>
</mem-info>
<gc-op id="4397" type="compact" timems="27.596" contextid="4391" timestamp="2019-08-08T12:08:26.357">
  <compact-info movecount="2" movebytes="64" reason="compact to aid heap contraction" />
</gc-op>
<heap-resize id="4398" type="expand" space="tenure" amount="131072" count="1" timems="0.033" reason="satisfy allocation request" timestamp="2019-08-08T12:08:26.358" />
<gc-end id="4399" type="global" contextid="4391" durationms="99.003" usertimems="148.332" systemtimems="105.626" timestamp="2019-08-08T12:08:26.358" activeThreads="16">
  <mem-info id="4400" free="17349632" total="35389440" percent="49">
    <mem type="tenure" free="17349632" total="35389440" percent="49">
      <mem type="soa" free="16996352" total="35036160" percent="48" />
      <mem type="loa" free="353280" total="353280" percent="100" />
    </mem>
  </mem-info>
</gc-end>
<cycle-end id="4401" type="global" contextid="4391" timestamp="2019-08-08T12:08:26.358" />
  <attribute name="elasticGC enabled" value="1" />
  <attribute name= "numThreadsSpecified" value="16" />
  <attribute name="heapSize specified" value="35258368" />
  <attribute name="Current GC Util" value="38" />
  <attribute name= "Current Time Running" value="140847" />
  <attribute name ="GC Interval" value="0" />
  <attribute name="Target GC Util Change" value ="80.000000" />
  <attribute name="Current GC Util Change" value="38.000000"/>
  <attribute name="Current Error" value="-584.000000" />
  <attribute name="Output H" value="35333376"/>
  <attribute name="Output I" value="968"/>
  <attribute name="Output T" value="16"/>
  <attribute name= "Current Time Running" value="140847" />
  <attribute name="GC Util currently" value="38" />
  <attribute name="CPU Util currently" value="41750262496" />
<allocation-satisfied id="4402" threadId="0000000002369F00" bytesRequested="1168" />
<af-end id="4403" timestamp="2019-08-08T12:08:26.358" threadId="000000000236A888" success="true" />
<exclusive-end id="4404" timestamp="2019-08-08T12:08:26.358" durationms="99.322" />

<concurrent-kickoff id="4405" timestamp="2019-08-08T12:08:26.363">
  <kickoff reason="threshold reached" targetBytes="5303213" thresholdFreeBytes="713212" remainingFree="637952" tenureFreeBytes="637952" />
</concurrent-kickoff>
<exclusive-start id="4406" timestamp="2019-08-08T12:08:26.364" intervalms="104.848">
  <response-info timems="0.140" idlems="0.140" threads="0" lastid="0000000002369F00" lastname="main" />
</exclusive-start>
<cycle-start id="4407" type="global" contextid="0" timestamp="2019-08-08T12:08:26.364" intervalms="104.721" />
<exclusive-end id="4408" timestamp="2019-08-08T12:08:26.364" durationms="0.015" />

<exclusive-start id="4409" timestamp="2019-08-08T12:08:26.364" intervalms="0.627">
  <response-info timems="0.012" idlems="0.012" threads="0" lastid="0000000002369F00" lastname="main" />
</exclusive-start>
<af-start id="4410" threadId="000000000236A888" totalBytesRequested="1168" timestamp="2019-08-08T12:08:26.364" intervalms="105.461" />
<concurrent-aborted id="4411" timestamp="2019-08-08T12:08:26.364">
  <reason value="insufficient progress made" />
</concurrent-aborted>
<cycle-end id="4412" type="global" contextid="4407" timestamp="2019-08-08T12:08:26.364" />
  <attribute name="elasticGC enabled" value="1" />
  <attribute name= "numThreadsSpecified" value="16" />
  <attribute name="heapSize specified" value="35258368" />
  <attribute name="Current GC Util" value="38" />
  <attribute name= "Current Time Running" value="140847" />
  <attribute name ="GC Interval" value="0" />
  <attribute name="Target GC Util Change" value ="80.000000" />
  <attribute name="Current GC Util Change" value="38.000000"/>
  <attribute name="Current Error" value="-584.000000" />
  <attribute name="Output H" value="35333376"/>
  <attribute name="Output I" value="968"/>
  <attribute name="Output T" value="16"/>
  <attribute name= "Current Time Running" value="140847" />
  <attribute name="GC Util currently" value="38" />
  <attribute name="CPU Util currently" value="41750262496" />
<cycle-start id="4413" type="global" contextid="0" timestamp="2019-08-08T12:08:26.364" intervalms="0.731" />
<gc-start id="4414" type="global" contextid="4413" timestamp="2019-08-08T12:08:26.364">
  <mem-info id="4415" free="353280" total="35389440" percent="0">
    <mem type="tenure" free="353280" total="35389440" percent="0">
      <mem type="soa" free="0" total="35036160" percent="0" />
      <mem type="loa" free="353280" total="353280" percent="100" />
    </mem>
  </mem-info>
</gc-start>
<allocation-stats totalBytes="16956136" >
  <allocated-bytes non-tlh="0" tlh="16956136" />
  <largest-consumer threadName="main" threadId="0000000002369F00" bytes="16956136" />
</allocation-stats>
<gc-op id="4416" type="mark" timems="16.787" contextid="4413" timestamp="2019-08-08T12:08:26.381">
  <trace-info objectcount="600473" scancount="521359" scanbytes="13380836" />
  <finalization candidates="80" enqueued="0" />
  <ownableSynchronizers candidates="21" cleared="0" />
  <references type="soft" candidates="3261" cleared="0" enqueued="0" dynamicThreshold="15" maxThreshold="32" />
  <references type="weak" candidates="5588" cleared="0" enqueued="0" />
  <references type="phantom" candidates="97" cleared="0" enqueued="0" />
  <stringconstants candidates="13592" cleared="0"  />
</gc-op>
<gc-op id="4417" type="sweep" timems="10.747" contextid="4413" timestamp="2019-08-08T12:08:26.392" />
<mem-info id="4418" free="17414984" total="35389440" percent="49">
  <mem type="tenure" free="17414984" total="35389440" percent="49" micro-fragmented="0">
    <mem type="soa" free="17061704" total="35036160" percent="48" />
    <mem type="loa" free="353280" total="353280" percent="100" />
  </mem>
</mem-info>
<gc-op id="4419" type="compact" timems="37.023" contextid="4413" timestamp="2019-08-08T12:08:26.429">
  <compact-info movecount="2" movebytes="64" reason="compact to aid heap contraction" />
</gc-op>
<heap-resize id="4420" type="expand" space="tenure" amount="131072" count="1" timems="0.021" reason="satisfy allocation request" timestamp="2019-08-08T12:08:26.430" />
<gc-end id="4421" type="global" contextid="4413" durationms="65.710" usertimems="92.167" systemtimems="33.965" timestamp="2019-08-08T12:08:26.430" activeThreads="16">
  <mem-info id="4422" free="17480704" total="35520512" percent="49">
    <mem type="tenure" free="17480704" total="35520512" percent="49">
      <mem type="soa" free="17126400" total="35166208" percent="48" />
      <mem type="loa" free="354304" total="354304" percent="100" />
    </mem>
  </mem-info>
</gc-end>
<cycle-end id="4423" type="global" contextid="4413" timestamp="2019-08-08T12:08:26.430" />
  <attribute name="elasticGC enabled" value="1" />
  <attribute name= "numThreadsSpecified" value="16" />
  <attribute name="heapSize specified" value="35389440" />
  <attribute name="Current GC Util" value="44" />
  <attribute name= "Current Time Running" value="140919" />
  <attribute name ="GC Interval" value="0" />
  <attribute name="Target GC Util Change" value ="80.000000" />
  <attribute name="Current GC Util Change" value="44.000000"/>
  <attribute name="Current Error" value="-522.000000" />
  <attribute name="Output H" value="35464520"/>
  <attribute name="Output I" value="1080"/>
  <attribute name="Output T" value="16"/>
  <attribute name= "Current Time Running" value="140919" />
  <attribute name="GC Util currently" value="44" />
  <attribute name="CPU Util currently" value="31117678016" />
<allocation-satisfied id="4424" threadId="0000000002369F00" bytesRequested="1168" />
<af-end id="4425" timestamp="2019-08-08T12:08:26.430" threadId="000000000236A888" success="true" />
<exclusive-end id="4426" timestamp="2019-08-08T12:08:26.430" durationms="65.955" />

<concurrent-kickoff id="4427" timestamp="2019-08-08T12:08:26.434">
  <kickoff reason="threshold reached" targetBytes="5322855" thresholdFreeBytes="715854" remainingFree="670720" tenureFreeBytes="670720" />
</concurrent-kickoff>
<exclusive-start id="4428" timestamp="2019-08-08T12:08:26.434" intervalms="70.021">
  <response-info timems="0.020" idlems="0.020" threads="0" lastid="0000000002369F00" lastname="main" />
</exclusive-start>
<cycle-start id="4429" type="global" contextid="0" timestamp="2019-08-08T12:08:26.434" intervalms="69.917" />
<exclusive-end id="4430" timestamp="2019-08-08T12:08:26.434" durationms="0.015" />

<exclusive-start id="4431" timestamp="2019-08-08T12:08:26.435" intervalms="0.421">
  <response-info timems="0.080" idlems="0.080" threads="0" lastid="0000000002369F00" lastname="main" />
</exclusive-start>
<af-start id="4432" threadId="000000000236A888" totalBytesRequested="1168" timestamp="2019-08-08T12:08:26.435" intervalms="70.485" />
<concurrent-aborted id="4433" timestamp="2019-08-08T12:08:26.435">
  <reason value="insufficient progress made" />
</concurrent-aborted>
<cycle-end id="4434" type="global" contextid="4429" timestamp="2019-08-08T12:08:26.435" />
  <attribute name="elasticGC enabled" value="1" />
  <attribute name= "numThreadsSpecified" value="16" />
  <attribute name="heapSize specified" value="35389440" />
  <attribute name="Current GC Util" value="44" />
  <attribute name= "Current Time Running" value="140919" />
  <attribute name ="GC Interval" value="0" />
  <attribute name="Target GC Util Change" value ="80.000000" />
  <attribute name="Current GC Util Change" value="44.000000"/>
  <attribute name="Current Error" value="-522.000000" />
  <attribute name="Output H" value="35464520"/>
  <attribute name="Output I" value="1080"/>
  <attribute name="Output T" value="16"/>
  <attribute name= "Current Time Running" value="140919" />
  <attribute name="GC Util currently" value="44" />
  <attribute name="CPU Util currently" value="31117678016" />
<cycle-start id="4435" type="global" contextid="0" timestamp="2019-08-08T12:08:26.435" intervalms="0.719" />
<gc-start id="4436" type="global" contextid="4435" timestamp="2019-08-08T12:08:26.435">
  <mem-info id="4437" free="354304" total="35520512" percent="0">
    <mem type="tenure" free="354304" total="35520512" percent="0">
      <mem type="soa" free="0" total="35166208" percent="0" />
      <mem type="loa" free="354304" total="354304" percent="100" />
    </mem>
  </mem-info>
</gc-start>
<allocation-stats totalBytes="17083880" >
  <allocated-bytes non-tlh="0" tlh="17083880" />
  <largest-consumer threadName="main" threadId="0000000002369F00" bytes="17083880" />
</allocation-stats>
<gc-op id="4438" type="mark" timems="18.070" contextid="4435" timestamp="2019-08-08T12:08:26.453">
  <trace-info objectcount="600473" scancount="521362" scanbytes="13380836" />
  <finalization candidates="80" enqueued="0" />
  <ownableSynchronizers candidates="21" cleared="0" />
  <references type="soft" candidates="3261" cleared="0" enqueued="0" dynamicThreshold="15" maxThreshold="32" />
  <references type="weak" candidates="5588" cleared="0" enqueued="0" />
  <references type="phantom" candidates="97" cleared="0" enqueued="0" />
  <stringconstants candidates="13592" cleared="0"  />
</gc-op>
<gc-op id="4439" type="sweep" timems="9.000" contextid="4435" timestamp="2019-08-08T12:08:26.462" />
<mem-info id="4440" free="17546240" total="35520512" percent="49">
  <mem type="tenure" free="17546240" total="35520512" percent="49" micro-fragmented="0">
    <mem type="soa" free="17191936" total="35166208" percent="48" />
    <mem type="loa" free="354304" total="354304" percent="100" />
  </mem>
</mem-info>
<gc-op id="4441" type="compact" timems="49.416" contextid="4435" timestamp="2019-08-08T12:08:26.512">
  <compact-info movecount="2" movebytes="64" reason="compact to aid heap contraction" />
</gc-op>
<heap-resize id="4442" type="expand" space="tenure" amount="131072" count="1" timems="0.020" reason="satisfy allocation request" timestamp="2019-08-08T12:08:26.513" />
<gc-end id="4443" type="global" contextid="4435" durationms="77.762" usertimems="79.816" systemtimems="46.282" timestamp="2019-08-08T12:08:26.513" activeThreads="16">
  <mem-info id="4444" free="17611776" total="35651584" percent="49">
    <mem type="tenure" free="17611776" total="35651584" percent="49">
      <mem type="soa" free="17255424" total="35295232" percent="48" />
      <mem type="loa" free="356352" total="356352" percent="100" />
    </mem>
  </mem-info>
</gc-end>
<cycle-end id="4445" type="global" contextid="4435" timestamp="2019-08-08T12:08:26.513" />
  <attribute name="elasticGC enabled" value="1" />
  <attribute name= "numThreadsSpecified" value="16" />
  <attribute name="heapSize specified" value="35520512" />
  <attribute name="Current GC Util" value="60" />
  <attribute name= "Current Time Running" value="141002" />
  <attribute name ="GC Interval" value="0" />
  <attribute name="Target GC Util Change" value ="80.000000" />
  <attribute name="Current GC Util Change" value="60.000000"/>
  <attribute name="Current Error" value="-94.000000" />
  <attribute name="Output H" value="35596088"/>
  <attribute name="Output I" value="1848"/>
  <attribute name="Output T" value="16"/>
  <attribute name= "Current Time Running" value="141002" />
  <attribute name="GC Util currently" value="60" />
  <attribute name="CPU Util currently" value="23325472271" />
<allocation-satisfied id="4446" threadId="0000000002369F00" bytesRequested="1168" />
<af-end id="4447" timestamp="2019-08-08T12:08:26.513" threadId="000000000236A888" success="true" />
<exclusive-end id="4448" timestamp="2019-08-08T12:08:26.513" durationms="78.176" />

<concurrent-kickoff id="4449" timestamp="2019-08-08T12:08:26.518">
  <kickoff reason="threshold reached" targetBytes="5342496" thresholdFreeBytes="718496" remainingFree="637952" tenureFreeBytes="637952" />
</concurrent-kickoff>
<exclusive-start id="4450" timestamp="2019-08-08T12:08:26.518" intervalms="83.108">
  <response-info timems="0.052" idlems="0.052" threads="0" lastid="0000000002369F00" lastname="main" />
</exclusive-start>
<cycle-start id="4451" type="global" contextid="0" timestamp="2019-08-08T12:08:26.518" intervalms="82.829" />
<exclusive-end id="4452" timestamp="2019-08-08T12:08:26.518" durationms="0.035" />

<exclusive-start id="4453" timestamp="2019-08-08T12:08:26.519" intervalms="0.821">
  <response-info timems="0.057" idlems="0.057" threads="0" lastid="0000000002369F00" lastname="main" />
</exclusive-start>
<af-start id="4454" threadId="000000000236A888" totalBytesRequested="1168" timestamp="2019-08-08T12:08:26.519" intervalms="83.888" />
<concurrent-aborted id="4455" timestamp="2019-08-08T12:08:26.519">
  <reason value="insufficient progress made" />
</concurrent-aborted>
<cycle-end id="4456" type="global" contextid="4451" timestamp="2019-08-08T12:08:26.519" />
  <attribute name="elasticGC enabled" value="1" />
  <attribute name= "numThreadsSpecified" value="16" />
  <attribute name="heapSize specified" value="35520512" />
  <attribute name="Current GC Util" value="60" />
  <attribute name= "Current Time Running" value="141002" />
  <attribute name ="GC Interval" value="0" />
  <attribute name="Target GC Util Change" value ="80.000000" />
  <attribute name="Current GC Util Change" value="60.000000"/>
  <attribute name="Current Error" value="-94.000000" />
  <attribute name="Output H" value="35596088"/>
  <attribute name="Output I" value="1848"/>
  <attribute name="Output T" value="16"/>
  <attribute name= "Current Time Running" value="141002" />
  <attribute name="GC Util currently" value="60" />
  <attribute name="CPU Util currently" value="23325472271" />
<cycle-start id="4457" type="global" contextid="0" timestamp="2019-08-08T12:08:26.519" intervalms="0.887" />
<gc-start id="4458" type="global" contextid="4457" timestamp="2019-08-08T12:08:26.519">
  <mem-info id="4459" free="356352" total="35651584" percent="0">
    <mem type="tenure" free="356352" total="35651584" percent="0">
      <mem type="soa" free="0" total="35295232" percent="0" />
      <mem type="loa" free="356352" total="356352" percent="100" />
    </mem>
  </mem-info>
</gc-start>
<allocation-stats totalBytes="17212912" >
  <allocated-bytes non-tlh="0" tlh="17212912" />
  <largest-consumer threadName="main" threadId="0000000002369F00" bytes="17212912" />
</allocation-stats>
<gc-op id="4460" type="mark" timems="45.461" contextid="4457" timestamp="2019-08-08T12:08:26.564">
  <trace-info objectcount="600473" scancount="521359" scanbytes="13380836" />
  <finalization candidates="80" enqueued="0" />
  <ownableSynchronizers candidates="21" cleared="0" />
  <references type="soft" candidates="3261" cleared="0" enqueued="0" dynamicThreshold="15" maxThreshold="32" />
  <references type="weak" candidates="5588" cleared="0" enqueued="0" />
  <references type="phantom" candidates="97" cleared="0" enqueued="0" />
  <stringconstants candidates="13592" cleared="0"  />
</gc-op>
<gc-op id="4461" type="sweep" timems="5.598" contextid="4457" timestamp="2019-08-08T12:08:26.570" />
<mem-info id="4462" free="17677312" total="35651584" percent="49">
  <mem type="tenure" free="17677312" total="35651584" percent="49" micro-fragmented="0">
    <mem type="soa" free="17320960" total="35295232" percent="49" />
    <mem type="loa" free="356352" total="356352" percent="100" />
  </mem>
</mem-info>
<gc-op id="4463" type="compact" timems="28.605" contextid="4457" timestamp="2019-08-08T12:08:26.599">
  <compact-info movecount="2" movebytes="64" reason="compact to aid heap contraction" />
</gc-op>
<heap-resize id="4464" type="expand" space="tenure" amount="131072" count="1" timems="0.018" reason="satisfy allocation request" timestamp="2019-08-08T12:08:26.601" />
<gc-end id="4465" type="global" contextid="4457" durationms="82.656" usertimems="112.291" systemtimems="82.920" timestamp="2019-08-08T12:08:26.601" activeThreads="16">
  <mem-info id="4466" free="17742848" total="35782656" percent="49">
    <mem type="tenure" free="17742848" total="35782656" percent="49">
      <mem type="soa" free="17385472" total="35425280" percent="49" />
      <mem type="loa" free="357376" total="357376" percent="100" />
    </mem>
  </mem-info>
</gc-end>
<cycle-end id="4467" type="global" contextid="4457" timestamp="2019-08-08T12:08:26.601" />
  <attribute name="elasticGC enabled" value="1" />
  <attribute name= "numThreadsSpecified" value="16" />
  <attribute name="heapSize specified" value="35651584" />
  <attribute name="Current GC Util" value="73" />
  <attribute name= "Current Time Running" value="141089" />
  <attribute name ="GC Interval" value="0" />
  <attribute name="Target GC Util Change" value ="80.000000" />
  <attribute name="Current GC Util Change" value="73.000000"/>
  <attribute name="Current Error" value="24.000000" />
  <attribute name="Output H" value="35727296"/>
  <attribute name="Output I" value="2056"/>
  <attribute name="Output T" value="16"/>
  <attribute name= "Current Time Running" value="141089" />
  <attribute name="GC Util currently" value="73" />
  <attribute name="CPU Util currently" value="39868268349" />
<allocation-satisfied id="4468" threadId="0000000002369F00" bytesRequested="1168" />
<af-end id="4469" timestamp="2019-08-08T12:08:26.604" threadId="000000000236A888" success="true" />
<exclusive-end id="4470" timestamp="2019-08-08T12:08:26.604" durationms="85.066" />

<concurrent-kickoff id="4471" timestamp="2019-08-08T12:08:26.607">
  <kickoff reason="threshold reached" targetBytes="5362137" thresholdFreeBytes="721138" remainingFree="670720" tenureFreeBytes="670720" />
</concurrent-kickoff>
<exclusive-start id="4472" timestamp="2019-08-08T12:08:26.608" intervalms="89.114">
  <response-info timems="0.065" idlems="0.065" threads="0" lastid="0000000002369F00" lastname="main" />
</exclusive-start>
<cycle-start id="4473" type="global" contextid="0" timestamp="2019-08-08T12:08:26.608" intervalms="89.040" />
<exclusive-end id="4474" timestamp="2019-08-08T12:08:26.608" durationms="0.145" />

<exclusive-start id="4475" timestamp="2019-08-08T12:08:26.610" intervalms="2.117">
  <response-info timems="0.613" idlems="0.433" threads="1" lastid="00000000024A2C00" lastname="Concurrent Mark Helper" />
</exclusive-start>
<af-start id="4476" threadId="000000000236A888" totalBytesRequested="1168" timestamp="2019-08-08T12:08:26.610" intervalms="91.230" />
<concurrent-aborted id="4477" timestamp="2019-08-08T12:08:26.610">
  <reason value="insufficient progress made" />
</concurrent-aborted>
<cycle-end id="4478" type="global" contextid="4473" timestamp="2019-08-08T12:08:26.610" />
  <attribute name="elasticGC enabled" value="1" />
  <attribute name= "numThreadsSpecified" value="16" />
  <attribute name="heapSize specified" value="35651584" />
  <attribute name="Current GC Util" value="73" />
  <attribute name= "Current Time Running" value="141089" />
  <attribute name ="GC Interval" value="0" />
  <attribute name="Target GC Util Change" value ="80.000000" />
  <attribute name="Current GC Util Change" value="73.000000"/>
  <attribute name="Current Error" value="24.000000" />
  <attribute name="Output H" value="35727296"/>
  <attribute name="Output I" value="2056"/>
  <attribute name="Output T" value="16"/>
  <attribute name= "Current Time Running" value="141089" />
  <attribute name="GC Util currently" value="73" />
  <attribute name="CPU Util currently" value="39868268349" />
<cycle-start id="4479" type="global" contextid="0" timestamp="2019-08-08T12:08:26.610" intervalms="2.334" />
<gc-start id="4480" type="global" contextid="4479" timestamp="2019-08-08T12:08:26.610">
  <mem-info id="4481" free="357376" total="35782656" percent="0">
    <mem type="tenure" free="357376" total="35782656" percent="0">
      <mem type="soa" free="0" total="35425280" percent="0" />
      <mem type="loa" free="357376" total="357376" percent="100" />
    </mem>
  </mem-info>
</gc-start>
<allocation-stats totalBytes="17341896" >
  <allocated-bytes non-tlh="0" tlh="17341896" />
  <largest-consumer threadName="main" threadId="0000000002369F00" bytes="17341896" />
</allocation-stats>
<gc-op id="4482" type="mark" timems="18.622" contextid="4479" timestamp="2019-08-08T12:08:26.629">
  <trace-info objectcount="600473" scancount="521359" scanbytes="13380836" />
  <finalization candidates="80" enqueued="0" />
  <ownableSynchronizers candidates="21" cleared="0" />
  <references type="soft" candidates="3261" cleared="0" enqueued="0" dynamicThreshold="15" maxThreshold="32" />
  <references type="weak" candidates="5588" cleared="0" enqueued="0" />
  <references type="phantom" candidates="97" cleared="0" enqueued="0" />
  <stringconstants candidates="13592" cleared="0"  />
</gc-op>
<gc-op id="4483" type="sweep" timems="6.139" contextid="4479" timestamp="2019-08-08T12:08:26.635" />
<mem-info id="4484" free="17808048" total="35782656" percent="49">
  <mem type="tenure" free="17808048" total="35782656" percent="49" micro-fragmented="0">
    <mem type="soa" free="17450672" total="35425280" percent="49" />
    <mem type="loa" free="357376" total="357376" percent="100" />
  </mem>
</mem-info>
<gc-op id="4485" type="compact" timems="31.984" contextid="4479" timestamp="2019-08-08T12:08:26.667">
  <compact-info movecount="2" movebytes="64" reason="compact to aid heap contraction" />
</gc-op>
<heap-resize id="4486" type="expand" space="tenure" amount="131072" count="1" timems="0.023" reason="satisfy allocation request" timestamp="2019-08-08T12:08:26.668" />
<gc-end id="4487" type="global" contextid="4479" durationms="57.895" usertimems="89.065" systemtimems="54.787" timestamp="2019-08-08T12:08:26.668" activeThreads="16">
  <mem-info id="4488" free="17873920" total="35913728" percent="49">
    <mem type="tenure" free="17873920" total="35913728" percent="49">
      <mem type="soa" free="17515520" total="35555328" percent="49" />
      <mem type="loa" free="358400" total="358400" percent="100" />
    </mem>
  </mem-info>
</gc-end>
<cycle-end id="4489" type="global" contextid="4479" timestamp="2019-08-08T12:08:26.668" />
  <attribute name="elasticGC enabled" value="1" />
  <attribute name= "numThreadsSpecified" value="16" />
  <attribute name="heapSize specified" value="35782656" />
  <attribute name="Current GC Util" value="58" />
  <attribute name= "Current Time Running" value="141157" />
  <attribute name ="GC Interval" value="0" />
  <attribute name="Target GC Util Change" value ="80.000000" />
  <attribute name="Current GC Util Change" value="58.000000"/>
  <attribute name="Current Error" value="11.000000" />
  <attribute name="Output H" value="35858352"/>
  <attribute name="Output I" value="2032"/>
  <attribute name="Output T" value="16"/>
  <attribute name= "Current Time Running" value="141157" />
  <attribute name="GC Util currently" value="58" />
  <attribute name="CPU Util currently" value="35998988447" />
<allocation-satisfied id="4490" threadId="0000000002369F00" bytesRequested="1168" />
<af-end id="4491" timestamp="2019-08-08T12:08:26.668" threadId="000000000236A888" success="true" />
<exclusive-end id="4492" timestamp="2019-08-08T12:08:26.668" durationms="58.278" />

<concurrent-kickoff id="4493" timestamp="2019-08-08T12:08:26.791">
  <kickoff reason="threshold reached" targetBytes="5381780" thresholdFreeBytes="723780" remainingFree="637952" tenureFreeBytes="637952" />
</concurrent-kickoff>
<exclusive-start id="4494" timestamp="2019-08-08T12:08:26.792" intervalms="181.780">
  <response-info timems="0.346" idlems="0.346" threads="0" lastid="0000000002369F00" lastname="main" />
</exclusive-start>
<cycle-start id="4495" type="global" contextid="0" timestamp="2019-08-08T12:08:26.792" intervalms="181.569" />
<exclusive-end id="4496" timestamp="2019-08-08T12:08:26.792" durationms="0.035" />

<exclusive-start id="4497" timestamp="2019-08-08T12:08:26.795" intervalms="3.376">
  <response-info timems="0.250" idlems="0.250" threads="0" lastid="0000000002369F00" lastname="main" />
</exclusive-start>
<af-start id="4498" threadId="000000000236A888" totalBytesRequested="24" timestamp="2019-08-08T12:08:26.795" intervalms="185.166" />
<concurrent-aborted id="4499" timestamp="2019-08-08T12:08:26.795">
  <reason value="insufficient progress made" />
</concurrent-aborted>
<cycle-end id="4500" type="global" contextid="4495" timestamp="2019-08-08T12:08:26.795" />
  <attribute name="elasticGC enabled" value="1" />
  <attribute name= "numThreadsSpecified" value="16" />
  <attribute name="heapSize specified" value="35782656" />
  <attribute name="Current GC Util" value="58" />
  <attribute name= "Current Time Running" value="141157" />
  <attribute name ="GC Interval" value="0" />
  <attribute name="Target GC Util Change" value ="80.000000" />
  <attribute name="Current GC Util Change" value="58.000000"/>
  <attribute name="Current Error" value="11.000000" />
  <attribute name="Output H" value="35858352"/>
  <attribute name="Output I" value="2032"/>
  <attribute name="Output T" value="16"/>
  <attribute name= "Current Time Running" value="141157" />
  <attribute name="GC Util currently" value="58" />
  <attribute name="CPU Util currently" value="35998988447" />
<cycle-start id="4501" type="global" contextid="0" timestamp="2019-08-08T12:08:26.795" intervalms="3.450" />
<gc-start id="4502" type="global" contextid="4501" timestamp="2019-08-08T12:08:26.795">
  <mem-info id="4503" free="358400" total="35913728" percent="0">
    <mem type="tenure" free="358400" total="35913728" percent="0">
      <mem type="soa" free="0" total="35555328" percent="0" />
      <mem type="loa" free="358400" total="358400" percent="100" />
    </mem>
  </mem-info>
</gc-start>
<allocation-stats totalBytes="17574872" >
  <allocated-bytes non-tlh="0" tlh="17574872" />
  <largest-consumer threadName="main" threadId="0000000002369F00" bytes="17574872" />
</allocation-stats>
<gc-op id="4504" type="mark" timems="12.276" contextid="4501" timestamp="2019-08-08T12:08:26.807">
  <trace-info objectcount="600611" scancount="521501" scanbytes="13385464" />
  <finalization candidates="80" enqueued="0" />
  <ownableSynchronizers candidates="21" cleared="0" />
  <references type="soft" candidates="3261" cleared="0" enqueued="0" dynamicThreshold="15" maxThreshold="32" />
  <references type="weak" candidates="5588" cleared="0" enqueued="0" />
  <references type="phantom" candidates="97" cleared="0" enqueued="0" />
  <stringconstants candidates="13592" cleared="0"  />
</gc-op>
<gc-op id="4505" type="sweep" timems="10.698" contextid="4501" timestamp="2019-08-08T12:08:26.818" />
<mem-info id="4506" free="17932592" total="35913728" percent="49">
  <mem type="tenure" free="17932592" total="35913728" percent="49" micro-fragmented="4619">
    <mem type="soa" free="17574192" total="35555328" percent="49" />
    <mem type="loa" free="358400" total="358400" percent="100" />
  </mem>
</mem-info>
<gc-op id="4507" type="compact" timems="31.098" contextid="4501" timestamp="2019-08-08T12:08:26.849">
  <compact-info movecount="159" movebytes="5264" reason="compact to aid heap contraction" />
</gc-op>
<heap-resize id="4508" type="expand" space="tenure" amount="131072" count="1" timems="0.073" reason="satisfy allocation request" timestamp="2019-08-08T12:08:26.850" />
<gc-end id="4509" type="global" contextid="4501" durationms="55.255" usertimems="152.304" systemtimems="11.507" timestamp="2019-08-08T12:08:26.850" activeThreads="16">
  <mem-info id="4510" free="18001528" total="36044800" percent="49">
    <mem type="tenure" free="18001528" total="36044800" percent="49">
      <mem type="soa" free="17641080" total="35684352" percent="49" />
      <mem type="loa" free="360448" total="360448" percent="100" />
    </mem>
  </mem-info>
</gc-end>
<cycle-end id="4511" type="global" contextid="4501" timestamp="2019-08-08T12:08:26.850" />
  <attribute name="elasticGC enabled" value="1" />
  <attribute name= "numThreadsSpecified" value="16" />
  <attribute name="heapSize specified" value="35913728" />
  <attribute name="Current GC Util" value="55" />
  <attribute name= "Current Time Running" value="141339" />
  <attribute name ="GC Interval" value="0" />
  <attribute name="Target GC Util Change" value ="80.000000" />
  <attribute name="Current GC Util Change" value="55.000000"/>
  <attribute name="Current Error" value="25.000000" />
  <attribute name="Output H" value="35989440"/>
  <attribute name="Output I" value="2056"/>
  <attribute name="Output T" value="16"/>
  <attribute name= "Current Time Running" value="141339" />
  <attribute name="GC Util currently" value="55" />
  <attribute name="CPU Util currently" value="37036334426" />
<allocation-satisfied id="4512" threadId="0000000002369F00" bytesRequested="24" />
<af-end id="4513" timestamp="2019-08-08T12:08:26.850" threadId="000000000236A888" success="true" />
<exclusive-end id="4514" timestamp="2019-08-08T12:08:26.850" durationms="55.467" />

<concurrent-kickoff id="4515" timestamp="2019-08-08T12:08:26.891">
  <kickoff reason="threshold reached" targetBytes="5401421" thresholdFreeBytes="726420" remainingFree="667256" tenureFreeBytes="667256" />
</concurrent-kickoff>
<exclusive-start id="4516" timestamp="2019-08-08T12:08:26.891" intervalms="96.526">
  <response-info timems="0.163" idlems="0.163" threads="0" lastid="0000000002369F00" lastname="main" />
</exclusive-start>
<cycle-start id="4517" type="global" contextid="0" timestamp="2019-08-08T12:08:26.891" intervalms="96.437" />
<exclusive-end id="4518" timestamp="2019-08-08T12:08:26.891" durationms="0.015" />

<exclusive-start id="4519" timestamp="2019-08-08T12:08:26.893" intervalms="1.878">
  <response-info timems="0.074" idlems="0.074" threads="0" lastid="0000000002369F00" lastname="main" />
</exclusive-start>
<af-start id="4520" threadId="000000000236A888" totalBytesRequested="80" timestamp="2019-08-08T12:08:26.893" intervalms="98.411" />
<concurrent-aborted id="4521" timestamp="2019-08-08T12:08:26.893">
  <reason value="insufficient progress made" />
</concurrent-aborted>
<cycle-end id="4522" type="global" contextid="4517" timestamp="2019-08-08T12:08:26.893" />
  <attribute name="elasticGC enabled" value="1" />
  <attribute name= "numThreadsSpecified" value="16" />
  <attribute name="heapSize specified" value="35913728" />
  <attribute name="Current GC Util" value="55" />
  <attribute name= "Current Time Running" value="141339" />
  <attribute name ="GC Interval" value="0" />
  <attribute name="Target GC Util Change" value ="80.000000" />
  <attribute name="Current GC Util Change" value="55.000000"/>
  <attribute name="Current Error" value="25.000000" />
  <attribute name="Output H" value="35989440"/>
  <attribute name="Output I" value="2056"/>
  <attribute name="Output T" value="16"/>
  <attribute name= "Current Time Running" value="141339" />
  <attribute name="GC Util currently" value="55" />
  <attribute name="CPU Util currently" value="37036334426" />
<cycle-start id="4523" type="global" contextid="0" timestamp="2019-08-08T12:08:26.893" intervalms="1.980" />
<gc-start id="4524" type="global" contextid="4523" timestamp="2019-08-08T12:08:26.893">
  <mem-info id="4525" free="360448" total="36044800" percent="1">
    <mem type="tenure" free="360448" total="36044800" percent="1">
      <mem type="soa" free="0" total="35684352" percent="0" />
      <mem type="loa" free="360448" total="360448" percent="100" />
    </mem>
  </mem-info>
</gc-start>
<allocation-stats totalBytes="17704008" >
  <allocated-bytes non-tlh="0" tlh="17704008" />
  <largest-consumer threadName="main" threadId="0000000002369F00" bytes="17704008" />
</allocation-stats>
<gc-op id="4526" type="mark" timems="20.389" contextid="4523" timestamp="2019-08-08T12:08:26.914">
  <trace-info objectcount="600607" scancount="521494" scanbytes="13385304" />
  <finalization candidates="80" enqueued="0" />
  <ownableSynchronizers candidates="21" cleared="0" />
  <references type="soft" candidates="3261" cleared="0" enqueued="0" dynamicThreshold="15" maxThreshold="32" />
  <references type="weak" candidates="5588" cleared="0" enqueued="0" />
  <references type="phantom" candidates="97" cleared="0" enqueued="0" />
  <stringconstants candidates="13592" cleared="0"  />
</gc-op>
<gc-op id="4527" type="sweep" timems="6.871" contextid="4523" timestamp="2019-08-08T12:08:26.921" />
<mem-info id="4528" free="18065288" total="36044800" percent="50">
  <mem type="tenure" free="18065288" total="36044800" percent="50" micro-fragmented="0">
    <mem type="soa" free="17704840" total="35684352" percent="49" />
    <mem type="loa" free="360448" total="360448" percent="100" />
  </mem>
</mem-info>
<gc-op id="4529" type="compact" timems="31.302" contextid="4523" timestamp="2019-08-08T12:08:26.952">
  <compact-info movecount="105" movebytes="3424" reason="compact to aid heap contraction" />
</gc-op>
<heap-resize id="4530" type="expand" space="tenure" amount="131072" count="1" timems="0.020" reason="satisfy allocation request" timestamp="2019-08-08T12:08:26.953" />
<gc-end id="4531" type="global" contextid="4523" durationms="59.398" usertimems="142.453" systemtimems="0.000" timestamp="2019-08-08T12:08:26.953" activeThreads="16">
  <mem-info id="4532" free="18132760" total="36175872" percent="50">
    <mem type="tenure" free="18132760" total="36175872" percent="50">
      <mem type="soa" free="17771288" total="35814400" percent="49" />
      <mem type="loa" free="361472" total="361472" percent="100" />
    </mem>
  </mem-info>
</gc-end>
<cycle-end id="4533" type="global" contextid="4523" timestamp="2019-08-08T12:08:26.953" />
  <attribute name="elasticGC enabled" value="1" />
  <attribute name= "numThreadsSpecified" value="16" />
  <attribute name="heapSize specified" value="36044800" />
  <attribute name="Current GC Util" value="34" />
  <attribute name= "Current Time Running" value="141442" />
  <attribute name ="GC Interval" value="0" />
  <attribute name="Target GC Util Change" value ="80.000000" />
  <attribute name="Current GC Util Change" value="34.000000"/>
  <attribute name="Current Error" value="-199.000000" />
  <attribute name="Output H" value="36120256"/>
  <attribute name="Output I" value="1656"/>
  <attribute name="Output T" value="16"/>
  <attribute name= "Current Time Running" value="141442" />
  <attribute name="GC Util currently" value="34" />
  <attribute name="CPU Util currently" value="36775672759" />
<allocation-satisfied id="4534" threadId="0000000002369F00" bytesRequested="80" />
<af-end id="4535" timestamp="2019-08-08T12:08:26.953" threadId="000000000236A888" success="true" />
<exclusive-end id="4536" timestamp="2019-08-08T12:08:26.953" durationms="59.658" />

<concurrent-kickoff id="4537" timestamp="2019-08-08T12:08:27.055">
  <kickoff reason="threshold reached" targetBytes="5421062" thresholdFreeBytes="729062" remainingFree="667416" tenureFreeBytes="667416" />
</concurrent-kickoff>
<exclusive-start id="4538" timestamp="2019-08-08T12:08:27.055" intervalms="161.786">
  <response-info timems="0.074" idlems="0.074" threads="0" lastid="0000000002369F00" lastname="main" />
</exclusive-start>
<cycle-start id="4539" type="global" contextid="0" timestamp="2019-08-08T12:08:27.055" intervalms="161.684" />
<exclusive-end id="4540" timestamp="2019-08-08T12:08:27.055" durationms="0.017" />

<exclusive-start id="4541" timestamp="2019-08-08T12:08:27.058" intervalms="3.394">
  <response-info timems="0.155" idlems="0.155" threads="0" lastid="0000000002369F00" lastname="main" />
</exclusive-start>
<af-start id="4542" threadId="000000000236A888" totalBytesRequested="32" timestamp="2019-08-08T12:08:27.059" intervalms="165.191" />
<concurrent-aborted id="4543" timestamp="2019-08-08T12:08:27.059">
  <reason value="insufficient progress made" />
</concurrent-aborted>
<cycle-end id="4544" type="global" contextid="4539" timestamp="2019-08-08T12:08:27.059" />
  <attribute name="elasticGC enabled" value="1" />
  <attribute name= "numThreadsSpecified" value="16" />
  <attribute name="heapSize specified" value="36044800" />
  <attribute name="Current GC Util" value="34" />
  <attribute name= "Current Time Running" value="141442" />
  <attribute name ="GC Interval" value="0" />
  <attribute name="Target GC Util Change" value ="80.000000" />
  <attribute name="Current GC Util Change" value="34.000000"/>
  <attribute name="Current Error" value="-199.000000" />
  <attribute name="Output H" value="36120256"/>
  <attribute name="Output I" value="1656"/>
  <attribute name="Output T" value="16"/>
  <attribute name= "Current Time Running" value="141442" />
  <attribute name="GC Util currently" value="34" />
  <attribute name="CPU Util currently" value="36775672759" />
<cycle-start id="4545" type="global" contextid="0" timestamp="2019-08-08T12:08:27.059" intervalms="3.505" />
<gc-start id="4546" type="global" contextid="4545" timestamp="2019-08-08T12:08:27.059">
  <mem-info id="4547" free="361472" total="36175872" percent="0">
    <mem type="tenure" free="361472" total="36175872" percent="0">
      <mem type="soa" free="0" total="35814400" percent="0" />
      <mem type="loa" free="361472" total="361472" percent="100" />
    </mem>
  </mem-info>
</gc-start>
<allocation-stats totalBytes="17833992" >
  <allocated-bytes non-tlh="0" tlh="17833992" />
  <largest-consumer threadName="main" threadId="0000000002369F00" bytes="17833992" />
</allocation-stats>
<gc-op id="4548" type="mark" timems="17.369" contextid="4545" timestamp="2019-08-08T12:08:27.076">
  <trace-info objectcount="600681" scancount="521552" scanbytes="13387612" />
  <finalization candidates="80" enqueued="0" />
  <ownableSynchronizers candidates="21" cleared="0" />
  <references type="soft" candidates="3261" cleared="0" enqueued="0" dynamicThreshold="16" maxThreshold="32" />
  <references type="weak" candidates="5609" cleared="0" enqueued="0" />
  <references type="phantom" candidates="97" cleared="0" enqueued="0" />
  <stringconstants candidates="13592" cleared="0"  />
</gc-op>
<gc-op id="4549" type="sweep" timems="3.143" contextid="4545" timestamp="2019-08-08T12:08:27.079" />
<mem-info id="4550" free="18183728" total="36175872" percent="50">
  <mem type="tenure" free="18183728" total="36175872" percent="50" micro-fragmented="0">
    <mem type="soa" free="17822256" total="35814400" percent="49" />
    <mem type="loa" free="361472" total="361472" percent="100" />
  </mem>
</mem-info>
<gc-op id="4551" type="compact" timems="141.104" contextid="4545" timestamp="2019-08-08T12:08:27.220">
  <compact-info movecount="536710" movebytes="14350472" reason="compact to aid heap contraction" />
</gc-op>
<heap-resize id="4552" type="expand" space="tenure" amount="131072" count="1" timems="0.023" reason="satisfy allocation request" timestamp="2019-08-08T12:08:27.221" />
<gc-end id="4553" type="global" contextid="4545" durationms="162.780" usertimems="231.795" systemtimems="0.000" timestamp="2019-08-08T12:08:27.221" activeThreads="16">
  <mem-info id="4554" free="18261456" total="36306944" percent="50">
    <mem type="tenure" free="18261456" total="36306944" percent="50">
      <mem type="soa" free="17898960" total="35944448" percent="49" />
      <mem type="loa" free="362496" total="362496" percent="100" />
    </mem>
  </mem-info>
</gc-end>
<cycle-end id="4555" type="global" contextid="4545" timestamp="2019-08-08T12:08:27.221" />
  <attribute name="elasticGC enabled" value="1" />
  <attribute name= "numThreadsSpecified" value="16" />
  <attribute name="heapSize specified" value="36175872" />
  <attribute name="Current GC Util" value="11" />
  <attribute name= "Current Time Running" value="141711" />
  <attribute name ="GC Interval" value="0" />
  <attribute name="Target GC Util Change" value ="80.000000" />
  <attribute name="Current GC Util Change" value="11.000000"/>
  <attribute name="Current Error" value="-337.000000" />
  <attribute name="Output H" value="36251168"/>
  <attribute name="Output I" value="1408"/>
  <attribute name="Output T" value="16"/>
  <attribute name= "Current Time Running" value="141711" />
  <attribute name="GC Util currently" value="11" />
  <attribute name="CPU Util currently" value="8167881280" />
<allocation-satisfied id="4556" threadId="0000000002369F00" bytesRequested="32" />
<af-end id="4557" timestamp="2019-08-08T12:08:27.222" threadId="000000000236A888" success="true" />
<exclusive-end id="4558" timestamp="2019-08-08T12:08:27.222" durationms="163.050" />

<concurrent-kickoff id="4559" timestamp="2019-08-08T12:08:27.281">
  <kickoff reason="threshold reached" targetBytes="5440704" thresholdFreeBytes="731704" remainingFree="665040" tenureFreeBytes="665040" />
</concurrent-kickoff>
<exclusive-start id="4560" timestamp="2019-08-08T12:08:27.281" intervalms="222.691">
  <response-info timems="0.093" idlems="0.093" threads="0" lastid="0000000002369F00" lastname="main" />
</exclusive-start>
<cycle-start id="4561" type="global" contextid="0" timestamp="2019-08-08T12:08:27.281" intervalms="222.589" />
<exclusive-end id="4562" timestamp="2019-08-08T12:08:27.281" durationms="0.025" />

<exclusive-start id="4563" timestamp="2019-08-08T12:08:27.282" intervalms="0.910">
  <response-info timems="0.043" idlems="0.043" threads="0" lastid="0000000002369F00" lastname="main" />
</exclusive-start>
<af-start id="4564" threadId="000000000236A888" totalBytesRequested="32" timestamp="2019-08-08T12:08:27.282" intervalms="223.564" />
<concurrent-aborted id="4565" timestamp="2019-08-08T12:08:27.282">
  <reason value="insufficient progress made" />
</concurrent-aborted>
<cycle-end id="4566" type="global" contextid="4561" timestamp="2019-08-08T12:08:27.282" />
  <attribute name="elasticGC enabled" value="1" />
  <attribute name= "numThreadsSpecified" value="16" />
  <attribute name="heapSize specified" value="36175872" />
  <attribute name="Current GC Util" value="11" />
  <attribute name= "Current Time Running" value="141711" />
  <attribute name ="GC Interval" value="0" />
  <attribute name="Target GC Util Change" value ="80.000000" />
  <attribute name="Current GC Util Change" value="11.000000"/>
  <attribute name="Current Error" value="-337.000000" />
  <attribute name="Output H" value="36251168"/>
  <attribute name="Output I" value="1408"/>
  <attribute name="Output T" value="16"/>
  <attribute name= "Current Time Running" value="141711" />
  <attribute name="GC Util currently" value="11" />
  <attribute name="CPU Util currently" value="8167881280" />
<cycle-start id="4567" type="global" contextid="0" timestamp="2019-08-08T12:08:27.282" intervalms="0.961" />
<gc-start id="4568" type="global" contextid="4567" timestamp="2019-08-08T12:08:27.282">
  <mem-info id="4569" free="362496" total="36306944" percent="0">
    <mem type="tenure" free="362496" total="36306944" percent="0">
      <mem type="soa" free="0" total="35944448" percent="0" />
      <mem type="loa" free="362496" total="362496" percent="100" />
    </mem>
  </mem-info>
</gc-start>
<allocation-stats totalBytes="17962232" >
  <allocated-bytes non-tlh="0" tlh="17962232" />
  <largest-consumer threadName="main" threadId="0000000002369F00" bytes="17962232" />
</allocation-stats>
<gc-op id="4570" type="mark" timems="13.595" contextid="4567" timestamp="2019-08-08T12:08:27.296">
  <trace-info objectcount="600680" scancount="521573" scanbytes="13387572" />
  <finalization candidates="80" enqueued="0" />
  <ownableSynchronizers candidates="21" cleared="0" />
  <references type="soft" candidates="3261" cleared="0" enqueued="0" dynamicThreshold="16" maxThreshold="32" />
  <references type="weak" candidates="5609" cleared="0" enqueued="0" />
  <references type="phantom" candidates="97" cleared="0" enqueued="0" />
  <stringconstants candidates="13592" cleared="0"  />
</gc-op>
<gc-op id="4571" type="sweep" timems="10.595" contextid="4567" timestamp="2019-08-08T12:08:27.306" />
<mem-info id="4572" free="18321048" total="36306944" percent="50">
  <mem type="tenure" free="18321048" total="36306944" percent="50" micro-fragmented="0">
    <mem type="soa" free="17958552" total="35944448" percent="49" />
    <mem type="loa" free="362496" total="362496" percent="100" />
  </mem>
</mem-info>
<gc-op id="4573" type="compact" timems="26.544" contextid="4567" timestamp="2019-08-08T12:08:27.333">
  <compact-info movecount="123" movebytes="3800" reason="compact to aid heap contraction" />
</gc-op>
<heap-resize id="4574" type="expand" space="tenure" amount="131072" count="1" timems="0.019" reason="satisfy allocation request" timestamp="2019-08-08T12:08:27.334" />
<gc-end id="4575" type="global" contextid="4567" durationms="51.668" usertimems="162.331" systemtimems="0.000" timestamp="2019-08-08T12:08:27.334" activeThreads="16">
  <mem-info id="4576" free="18392568" total="36438016" percent="50">
    <mem type="tenure" free="18392568" total="36438016" percent="50">
      <mem type="soa" free="18029048" total="36074496" percent="49" />
      <mem type="loa" free="363520" total="363520" percent="100" />
    </mem>
  </mem-info>
</gc-end>
<cycle-end id="4577" type="global" contextid="4567" timestamp="2019-08-08T12:08:27.334" />
  <attribute name="elasticGC enabled" value="1" />
  <attribute name= "numThreadsSpecified" value="16" />
  <attribute name="heapSize specified" value="36306944" />
  <attribute name="Current GC Util" value="54" />
  <attribute name= "Current Time Running" value="141823" />
  <attribute name ="GC Interval" value="0" />
  <attribute name="Target GC Util Change" value ="80.000000" />
  <attribute name="Current GC Util Change" value="54.000000"/>
  <attribute name="Current Error" value="-346.000000" />
  <attribute name="Output H" value="36382232"/>
  <attribute name="Output I" value="1392"/>
  <attribute name="Output T" value="16"/>
  <attribute name= "Current Time Running" value="141823" />
  <attribute name="GC Util currently" value="54" />
  <attribute name="CPU Util currently" value="43287449164" />
<allocation-satisfied id="4578" threadId="0000000002369F00" bytesRequested="32" />
<af-end id="4579" timestamp="2019-08-08T12:08:27.334" threadId="000000000236A888" success="true" />
<exclusive-end id="4580" timestamp="2019-08-08T12:08:27.334" durationms="51.954" />

<concurrent-kickoff id="4581" timestamp="2019-08-08T12:08:27.369">
  <kickoff reason="threshold reached" targetBytes="5460346" thresholdFreeBytes="734345" remainingFree="665080" tenureFreeBytes="665080" />
</concurrent-kickoff>
<exclusive-start id="4582" timestamp="2019-08-08T12:08:27.369" intervalms="86.860">
  <response-info timems="0.082" idlems="0.082" threads="0" lastid="0000000002369F00" lastname="main" />
</exclusive-start>
<cycle-start id="4583" type="global" contextid="0" timestamp="2019-08-08T12:08:27.369" intervalms="86.821" />
<exclusive-end id="4584" timestamp="2019-08-08T12:08:27.369" durationms="0.040" />

<exclusive-start id="4585" timestamp="2019-08-08T12:08:27.370" intervalms="1.210">
  <response-info timems="0.061" idlems="0.061" threads="0" lastid="0000000002369F00" lastname="main" />
</exclusive-start>
<af-start id="4586" threadId="000000000236A888" totalBytesRequested="24" timestamp="2019-08-08T12:08:27.370" intervalms="88.080" />
<concurrent-aborted id="4587" timestamp="2019-08-08T12:08:27.370">
  <reason value="insufficient progress made" />
</concurrent-aborted>
<cycle-end id="4588" type="global" contextid="4583" timestamp="2019-08-08T12:08:27.370" />
  <attribute name="elasticGC enabled" value="1" />
  <attribute name= "numThreadsSpecified" value="16" />
  <attribute name="heapSize specified" value="36306944" />
  <attribute name="Current GC Util" value="54" />
  <attribute name= "Current Time Running" value="141823" />
  <attribute name ="GC Interval" value="0" />
  <attribute name="Target GC Util Change" value ="80.000000" />
  <attribute name="Current GC Util Change" value="54.000000"/>
  <attribute name="Current Error" value="-346.000000" />
  <attribute name="Output H" value="36382232"/>
  <attribute name="Output I" value="1392"/>
  <attribute name="Output T" value="16"/>
  <attribute name= "Current Time Running" value="141823" />
  <attribute name="GC Util currently" value="54" />
  <attribute name="CPU Util currently" value="43287449164" />
<cycle-start id="4589" type="global" contextid="0" timestamp="2019-08-08T12:08:27.370" intervalms="1.380" />
<gc-start id="4590" type="global" contextid="4589" timestamp="2019-08-08T12:08:27.370">
  <mem-info id="4591" free="363520" total="36438016" percent="0">
    <mem type="tenure" free="363520" total="36438016" percent="0">
      <mem type="soa" free="0" total="36074496" percent="0" />
      <mem type="loa" free="363520" total="363520" percent="100" />
    </mem>
  </mem-info>
</gc-start>
<allocation-stats totalBytes="18092264" >
  <allocated-bytes non-tlh="0" tlh="18092264" />
  <largest-consumer threadName="main" threadId="0000000002369F00" bytes="18092264" />
</allocation-stats>
<gc-op id="4592" type="mark" timems="8.955" contextid="4589" timestamp="2019-08-08T12:08:27.379">
  <trace-info objectcount="600674" scancount="521565" scanbytes="13387324" />
  <finalization candidates="80" enqueued="0" />
  <ownableSynchronizers candidates="21" cleared="0" />
  <references type="soft" candidates="3261" cleared="0" enqueued="0" dynamicThreshold="16" maxThreshold="32" />
  <references type="weak" candidates="5609" cleared="0" enqueued="0" />
  <references type="phantom" candidates="97" cleared="0" enqueued="0" />
  <stringconstants candidates="13592" cleared="0"  />
</gc-op>
<gc-op id="4593" type="sweep" timems="6.469" contextid="4589" timestamp="2019-08-08T12:08:27.386" />
<mem-info id="4594" free="18451872" total="36438016" percent="50">
  <mem type="tenure" free="18451872" total="36438016" percent="50" micro-fragmented="0">
    <mem type="soa" free="18088352" total="36074496" percent="50" />
    <mem type="loa" free="363520" total="363520" percent="100" />
  </mem>
</mem-info>
<gc-op id="4595" type="compact" timems="38.799" contextid="4589" timestamp="2019-08-08T12:08:27.425">
  <compact-info movecount="117" movebytes="3552" reason="compact to aid heap contraction" />
</gc-op>
<heap-resize id="4596" type="expand" space="tenure" amount="131072" count="1" timems="0.023" reason="satisfy allocation request" timestamp="2019-08-08T12:08:27.426" />
<gc-end id="4597" type="global" contextid="4589" durationms="55.174" usertimems="156.890" systemtimems="0.000" timestamp="2019-08-08T12:08:27.426" activeThreads="16">
  <mem-info id="4598" free="18523888" total="36569088" percent="50">
    <mem type="tenure" free="18523888" total="36569088" percent="50">
      <mem type="soa" free="18158320" total="36203520" percent="50" />
      <mem type="loa" free="365568" total="365568" percent="100" />
    </mem>
  </mem-info>
</gc-end>
<cycle-end id="4599" type="global" contextid="4589" timestamp="2019-08-08T12:08:27.426" />
  <attribute name="elasticGC enabled" value="1" />
  <attribute name= "numThreadsSpecified" value="16" />
  <attribute name="heapSize specified" value="36438016" />
  <attribute name="Current GC Util" value="38" />
  <attribute name= "Current Time Running" value="141915" />
  <attribute name ="GC Interval" value="0" />
  <attribute name="Target GC Util Change" value ="80.000000" />
  <attribute name="Current GC Util Change" value="38.000000"/>
  <attribute name="Current Error" value="34.000000" />
  <attribute name="Output H" value="36513736"/>
  <attribute name="Output I" value="2072"/>
  <attribute name="Output T" value="16"/>
  <attribute name= "Current Time Running" value="141915" />
  <attribute name="GC Util currently" value="38" />
  <attribute name="CPU Util currently" value="29668823788" />
<allocation-satisfied id="4600" threadId="0000000002369F00" bytesRequested="24" />
<af-end id="4601" timestamp="2019-08-08T12:08:27.426" threadId="000000000236A888" success="true" />
<exclusive-end id="4602" timestamp="2019-08-08T12:08:27.426" durationms="55.505" />

<concurrent-kickoff id="4603" timestamp="2019-08-08T12:08:27.472">
  <kickoff reason="threshold reached" targetBytes="5479988" thresholdFreeBytes="736987" remainingFree="665328" tenureFreeBytes="665328" />
</concurrent-kickoff>
<exclusive-start id="4604" timestamp="2019-08-08T12:08:27.473" intervalms="102.339">
  <response-info timems="0.024" idlems="0.024" threads="0" lastid="0000000002369F00" lastname="main" />
</exclusive-start>
<cycle-start id="4605" type="global" contextid="0" timestamp="2019-08-08T12:08:27.473" intervalms="102.191" />
<exclusive-end id="4606" timestamp="2019-08-08T12:08:27.473" durationms="0.060" />

<exclusive-start id="4607" timestamp="2019-08-08T12:08:27.478" intervalms="5.406">
  <response-info timems="0.579" idlems="0.579" threads="0" lastid="0000000002369F00" lastname="main" />
</exclusive-start>
<af-start id="4608" threadId="000000000236A888" totalBytesRequested="104" timestamp="2019-08-08T12:08:27.478" intervalms="107.741" />
<concurrent-aborted id="4609" timestamp="2019-08-08T12:08:27.478">
  <reason value="insufficient progress made" />
</concurrent-aborted>
<cycle-end id="4610" type="global" contextid="4605" timestamp="2019-08-08T12:08:27.478" />
  <attribute name="elasticGC enabled" value="1" />
  <attribute name= "numThreadsSpecified" value="16" />
  <attribute name="heapSize specified" value="36438016" />
  <attribute name="Current GC Util" value="38" />
  <attribute name= "Current Time Running" value="141915" />
  <attribute name ="GC Interval" value="0" />
  <attribute name="Target GC Util Change" value ="80.000000" />
  <attribute name="Current GC Util Change" value="38.000000"/>
  <attribute name="Current Error" value="34.000000" />
  <attribute name="Output H" value="36513736"/>
  <attribute name="Output I" value="2072"/>
  <attribute name="Output T" value="16"/>
  <attribute name= "Current Time Running" value="141915" />
  <attribute name="GC Util currently" value="38" />
  <attribute name="CPU Util currently" value="29668823788" />
<cycle-start id="4611" type="global" contextid="0" timestamp="2019-08-08T12:08:27.478" intervalms="5.440" />
<gc-start id="4612" type="global" contextid="4611" timestamp="2019-08-08T12:08:27.478">
  <mem-info id="4613" free="365568" total="36569088" percent="0">
    <mem type="tenure" free="365568" total="36569088" percent="0">
      <mem type="soa" free="0" total="36203520" percent="0" />
      <mem type="loa" free="365568" total="365568" percent="100" />
    </mem>
  </mem-info>
</gc-start>
<allocation-stats totalBytes="18217040" >
  <allocated-bytes non-tlh="0" tlh="18217040" />
  <largest-consumer threadName="main" threadId="0000000002369F00" bytes="18217040" />
</allocation-stats>
<gc-op id="4614" type="mark" timems="13.560" contextid="4611" timestamp="2019-08-08T12:08:27.492">
  <trace-info objectcount="600516" scancount="521402" scanbytes="13381920" />
  <finalization candidates="80" enqueued="0" />
  <ownableSynchronizers candidates="21" cleared="0" />
  <references type="soft" candidates="3261" cleared="0" enqueued="0" dynamicThreshold="16" maxThreshold="32" />
  <references type="weak" candidates="5609" cleared="7" enqueued="3" />
  <references type="phantom" candidates="97" cleared="0" enqueued="0" />
  <stringconstants candidates="13592" cleared="0"  />
</gc-op>
<gc-op id="4615" type="sweep" timems="2.442" contextid="4611" timestamp="2019-08-08T12:08:27.494" />
<mem-info id="4616" free="18592680" total="36569088" percent="50">
  <mem type="tenure" free="18592680" total="36569088" percent="50" micro-fragmented="23062">
    <mem type="soa" free="18227112" total="36203520" percent="50" />
    <mem type="loa" free="365568" total="365568" percent="100" />
  </mem>
  <pending-finalizers system="0" default="0" reference="3" classloader="0" />
</mem-info>
<gc-op id="4617" type="compact" timems="25.764" contextid="4611" timestamp="2019-08-08T12:08:27.520">
  <compact-info movecount="66" movebytes="2064" reason="compact to aid heap contraction" />
</gc-op>
<heap-resize id="4618" type="expand" space="tenure" amount="131072" count="1" timems="0.020" reason="satisfy allocation request" timestamp="2019-08-08T12:08:27.521" />
<gc-end id="4619" type="global" contextid="4611" durationms="43.157" usertimems="103.984" systemtimems="0.000" timestamp="2019-08-08T12:08:27.521" activeThreads="16">
  <mem-info id="4620" free="18660280" total="36700160" percent="50">
    <mem type="tenure" free="18660280" total="36700160" percent="50">
      <mem type="soa" free="18293688" total="36333568" percent="50" />
      <mem type="loa" free="366592" total="366592" percent="100" />
    </mem>
    <pending-finalizers system="0" default="0" reference="3" classloader="0" />
  </mem-info>
</gc-end>
<cycle-end id="4621" type="global" contextid="4611" timestamp="2019-08-08T12:08:27.521" />
  <attribute name="elasticGC enabled" value="1" />
  <attribute name= "numThreadsSpecified" value="16" />
  <attribute name="heapSize specified" value="36569088" />
  <attribute name="Current GC Util" value="48" />
  <attribute name= "Current Time Running" value="142010" />
  <attribute name ="GC Interval" value="0" />
  <attribute name="Target GC Util Change" value ="80.000000" />
  <attribute name="Current GC Util Change" value="48.000000"/>
  <attribute name="Current Error" value="76.000000" />
  <attribute name="Output H" value="36644856"/>
  <attribute name="Output I" value="2144"/>
  <attribute name="Output T" value="16"/>
  <attribute name= "Current Time Running" value="142010" />
  <attribute name="GC Util currently" value="48" />
  <attribute name="CPU Util currently" value="44689613837" />
<allocation-satisfied id="4622" threadId="0000000002369F00" bytesRequested="104" />
<af-end id="4623" timestamp="2019-08-08T12:08:27.521" threadId="000000000236A888" success="true" />
<exclusive-end id="4624" timestamp="2019-08-08T12:08:27.521" durationms="43.380" />

<concurrent-kickoff id="4625" timestamp="2019-08-08T12:08:27.536">
  <kickoff reason="threshold reached" targetBytes="5499627" thresholdFreeBytes="739627" remainingFree="666552" tenureFreeBytes="666552" />
</concurrent-kickoff>
<exclusive-start id="4626" timestamp="2019-08-08T12:08:27.536" intervalms="57.783">
  <response-info timems="0.067" idlems="0.067" threads="0" lastid="0000000002369F00" lastname="main" />
</exclusive-start>
<cycle-start id="4627" type="global" contextid="0" timestamp="2019-08-08T12:08:27.536" intervalms="57.711" />
<exclusive-end id="4628" timestamp="2019-08-08T12:08:27.536" durationms="0.021" />

<exclusive-start id="4629" timestamp="2019-08-08T12:08:27.537" intervalms="0.923">
  <response-info timems="0.085" idlems="0.085" threads="0" lastid="0000000002369F00" lastname="main" />
</exclusive-start>
<af-start id="4630" threadId="000000000236A888" totalBytesRequested="312" timestamp="2019-08-08T12:08:27.537" intervalms="58.710" />
<concurrent-aborted id="4631" timestamp="2019-08-08T12:08:27.537">
  <reason value="insufficient progress made" />
</concurrent-aborted>
<cycle-end id="4632" type="global" contextid="4627" timestamp="2019-08-08T12:08:27.537" />
  <attribute name="elasticGC enabled" value="1" />
  <attribute name= "numThreadsSpecified" value="16" />
  <attribute name="heapSize specified" value="36569088" />
  <attribute name="Current GC Util" value="48" />
  <attribute name= "Current Time Running" value="142010" />
  <attribute name ="GC Interval" value="0" />
  <attribute name="Target GC Util Change" value ="80.000000" />
  <attribute name="Current GC Util Change" value="48.000000"/>
  <attribute name="Current Error" value="76.000000" />
  <attribute name="Output H" value="36644856"/>
  <attribute name="Output I" value="2144"/>
  <attribute name="Output T" value="16"/>
  <attribute name= "Current Time Running" value="142010" />
  <attribute name="GC Util currently" value="48" />
  <attribute name="CPU Util currently" value="44689613837" />
<cycle-start id="4633" type="global" contextid="0" timestamp="2019-08-08T12:08:27.537" intervalms="1.016" />
<gc-start id="4634" type="global" contextid="4633" timestamp="2019-08-08T12:08:27.537">
  <mem-info id="4635" free="366592" total="36700160" percent="0">
    <mem type="tenure" free="366592" total="36700160" percent="0">
      <mem type="soa" free="0" total="36333568" percent="0" />
      <mem type="loa" free="366592" total="366592" percent="100" />
    </mem>
  </mem-info>
</gc-start>
<allocation-stats totalBytes="18348688" >
  <allocated-bytes non-tlh="0" tlh="18348688" />
  <largest-consumer threadName="main" threadId="0000000002369F00" bytes="18344592" />
</allocation-stats>
<gc-op id="4636" type="mark" timems="17.572" contextid="4633" timestamp="2019-08-08T12:08:27.555">
  <trace-info objectcount="600518" scancount="521409" scanbytes="13382464" />
  <finalization candidates="80" enqueued="0" />
  <ownableSynchronizers candidates="21" cleared="0" />
  <references type="soft" candidates="3261" cleared="0" enqueued="0" dynamicThreshold="16" maxThreshold="32" />
  <references type="weak" candidates="5602" cleared="0" enqueued="0" />
  <references type="phantom" candidates="97" cleared="0" enqueued="0" />
  <stringconstants candidates="13592" cleared="0"  />
</gc-op>
<gc-op id="4637" type="sweep" timems="5.154" contextid="4633" timestamp="2019-08-08T12:08:27.560" />
<mem-info id="4638" free="18725000" total="36700160" percent="51">
  <mem type="tenure" free="18725000" total="36700160" percent="51" micro-fragmented="0">
    <mem type="soa" free="18358408" total="36333568" percent="50" />
    <mem type="loa" free="366592" total="366592" percent="100" />
  </mem>
</mem-info>
<gc-op id="4639" type="compact" timems="28.513" contextid="4633" timestamp="2019-08-08T12:08:27.588">
  <compact-info movecount="7" movebytes="944" reason="compact to aid heap contraction" />
</gc-op>
<heap-resize id="4640" type="expand" space="tenure" amount="131072" count="1" timems="0.021" reason="satisfy allocation request" timestamp="2019-08-08T12:08:27.589" />
<gc-end id="4641" type="global" contextid="4633" durationms="52.659" usertimems="145.902" systemtimems="11.146" timestamp="2019-08-08T12:08:27.589" activeThreads="16">
  <mem-info id="4642" free="18790600" total="36831232" percent="51">
    <mem type="tenure" free="18790600" total="36831232" percent="51">
      <mem type="soa" free="18422984" total="36463616" percent="50" />
      <mem type="loa" free="367616" total="367616" percent="100" />
    </mem>
  </mem-info>
</gc-end>
<cycle-end id="4643" type="global" contextid="4633" timestamp="2019-08-08T12:08:27.589" />
  <attribute name="elasticGC enabled" value="1" />
  <attribute name= "numThreadsSpecified" value="16" />
  <attribute name="heapSize specified" value="36700160" />
  <attribute name="Current GC Util" value="54" />
  <attribute name= "Current Time Running" value="142078" />
  <attribute name ="GC Interval" value="0" />
  <attribute name="Target GC Util Change" value ="80.000000" />
  <attribute name="Current GC Util Change" value="54.000000"/>
  <attribute name="Current Error" value="26.000000" />
  <attribute name="Output H" value="36775872"/>
  <attribute name="Output I" value="2056"/>
  <attribute name="Output T" value="16"/>
  <attribute name= "Current Time Running" value="142078" />
  <attribute name="GC Util currently" value="54" />
  <attribute name="CPU Util currently" value="40483581159" />
<allocation-satisfied id="4644" threadId="0000000002369F00" bytesRequested="312" />
<af-end id="4645" timestamp="2019-08-08T12:08:27.590" threadId="000000000236A888" success="true" />
<exclusive-end id="4646" timestamp="2019-08-08T12:08:27.590" durationms="52.889" />

<concurrent-kickoff id="4647" timestamp="2019-08-08T12:08:27.605">
  <kickoff reason="threshold reached" targetBytes="5519271" thresholdFreeBytes="742270" remainingFree="669896" tenureFreeBytes="669896" />
</concurrent-kickoff>
<exclusive-start id="4648" timestamp="2019-08-08T12:08:27.605" intervalms="68.648">
  <response-info timems="0.269" idlems="0.269" threads="0" lastid="0000000002369F00" lastname="main" />
</exclusive-start>
<cycle-start id="4649" type="global" contextid="0" timestamp="2019-08-08T12:08:27.605" intervalms="68.569" />
<exclusive-end id="4650" timestamp="2019-08-08T12:08:27.605" durationms="0.039" />

<exclusive-start id="4651" timestamp="2019-08-08T12:08:27.606" intervalms="1.142">
  <response-info timems="0.492" idlems="0.278" threads="1" lastid="0000000002371700" lastname="JIT Compilation Thread-1" />
</exclusive-start>
<af-start id="4652" threadId="000000000236A888" totalBytesRequested="264" timestamp="2019-08-08T12:08:27.606" intervalms="69.792" />
<concurrent-aborted id="4653" timestamp="2019-08-08T12:08:27.606">
  <reason value="insufficient progress made" />
</concurrent-aborted>
<cycle-end id="4654" type="global" contextid="4649" timestamp="2019-08-08T12:08:27.606" />
  <attribute name="elasticGC enabled" value="1" />
  <attribute name= "numThreadsSpecified" value="16" />
  <attribute name="heapSize specified" value="36700160" />
  <attribute name="Current GC Util" value="54" />
  <attribute name= "Current Time Running" value="142078" />
  <attribute name ="GC Interval" value="0" />
  <attribute name="Target GC Util Change" value ="80.000000" />
  <attribute name="Current GC Util Change" value="54.000000"/>
  <attribute name="Current Error" value="26.000000" />
  <attribute name="Output H" value="36775872"/>
  <attribute name="Output I" value="2056"/>
  <attribute name="Output T" value="16"/>
  <attribute name= "Current Time Running" value="142078" />
  <attribute name="GC Util currently" value="54" />
  <attribute name="CPU Util currently" value="40483581159" />
<cycle-start id="4655" type="global" contextid="0" timestamp="2019-08-08T12:08:27.606" intervalms="1.207" />
<gc-start id="4656" type="global" contextid="4655" timestamp="2019-08-08T12:08:27.607">
  <mem-info id="4657" free="367616" total="36831232" percent="0">
    <mem type="tenure" free="367616" total="36831232" percent="0">
      <mem type="soa" free="0" total="36463616" percent="0" />
      <mem type="loa" free="367616" total="367616" percent="100" />
    </mem>
  </mem-info>
</gc-start>
<allocation-stats totalBytes="18478024" >
  <allocated-bytes non-tlh="0" tlh="18478024" />
  <largest-consumer threadName="main" threadId="0000000002369F00" bytes="18478024" />
</allocation-stats>
<gc-op id="4658" type="mark" timems="46.488" contextid="4655" timestamp="2019-08-08T12:08:27.653">
  <trace-info objectcount="600518" scancount="521403" scanbytes="13382464" />
  <finalization candidates="80" enqueued="0" />
  <ownableSynchronizers candidates="21" cleared="0" />
  <references type="soft" candidates="3261" cleared="0" enqueued="0" dynamicThreshold="16" maxThreshold="32" />
  <references type="weak" candidates="5602" cleared="0" enqueued="0" />
  <references type="phantom" candidates="97" cleared="0" enqueued="0" />
  <stringconstants candidates="13592" cleared="0"  />
</gc-op>
<gc-op id="4659" type="sweep" timems="9.702" contextid="4655" timestamp="2019-08-08T12:08:27.663" />
<mem-info id="4660" free="18855928" total="36831232" percent="51">
  <mem type="tenure" free="18855928" total="36831232" percent="51" micro-fragmented="0">
    <mem type="soa" free="18488312" total="36463616" percent="50" />
    <mem type="loa" free="367616" total="367616" percent="100" />
  </mem>
</mem-info>
<gc-op id="4661" type="compact" timems="29.228" contextid="4655" timestamp="2019-08-08T12:08:27.692">
  <compact-info movecount="6" movebytes="384" reason="compact to aid heap contraction" />
</gc-op>
<heap-resize id="4662" type="expand" space="tenure" amount="131072" count="1" timems="0.020" reason="satisfy allocation request" timestamp="2019-08-08T12:08:27.693" />
<gc-end id="4663" type="global" contextid="4655" durationms="86.059" usertimems="191.205" systemtimems="69.084" timestamp="2019-08-08T12:08:27.693" activeThreads="16">
  <mem-info id="4664" free="18921712" total="36962304" percent="51">
    <mem type="tenure" free="18921712" total="36962304" percent="51">
      <mem type="soa" free="18553072" total="36593664" percent="50" />
      <mem type="loa" free="368640" total="368640" percent="100" />
    </mem>
  </mem-info>
</gc-end>
<cycle-end id="4665" type="global" contextid="4655" timestamp="2019-08-08T12:08:27.693" />
  <attribute name="elasticGC enabled" value="1" />
  <attribute name= "numThreadsSpecified" value="16" />
  <attribute name="heapSize specified" value="36831232" />
  <attribute name="Current GC Util" value="45" />
  <attribute name= "Current Time Running" value="142182" />
  <attribute name ="GC Interval" value="0" />
  <attribute name="Target GC Util Change" value ="80.000000" />
  <attribute name="Current GC Util Change" value="45.000000"/>
  <attribute name="Current Error" value="-333.000000" />
  <attribute name="Output H" value="36906528"/>
  <attribute name="Output I" value="1416"/>
  <attribute name="Output T" value="16"/>
  <attribute name= "Current Time Running" value="142182" />
  <attribute name="GC Util currently" value="45" />
  <attribute name="CPU Util currently" value="39425433450" />
<allocation-satisfied id="4666" threadId="0000000002369F00" bytesRequested="264" />
<af-end id="4667" timestamp="2019-08-08T12:08:27.693" threadId="000000000236A888" success="true" />
<exclusive-end id="4668" timestamp="2019-08-08T12:08:27.693" durationms="86.325" />

<concurrent-kickoff id="4669" timestamp="2019-08-08T12:08:27.711">
  <kickoff reason="threshold reached" targetBytes="5538911" thresholdFreeBytes="744911" remainingFree="669936" tenureFreeBytes="669936" />
</concurrent-kickoff>
<exclusive-start id="4670" timestamp="2019-08-08T12:08:27.711" intervalms="104.331">
  <response-info timems="0.059" idlems="0.059" threads="0" lastid="0000000002369F00" lastname="main" />
</exclusive-start>
<cycle-start id="4671" type="global" contextid="0" timestamp="2019-08-08T12:08:27.711" intervalms="104.248" />
<exclusive-end id="4672" timestamp="2019-08-08T12:08:27.711" durationms="0.017" />

<exclusive-start id="4673" timestamp="2019-08-08T12:08:27.712" intervalms="1.124">
  <response-info timems="0.337" idlems="0.337" threads="0" lastid="0000000002369F00" lastname="main" />
</exclusive-start>
<af-start id="4674" threadId="000000000236A888" totalBytesRequested="96" timestamp="2019-08-08T12:08:27.712" intervalms="105.446" />
<concurrent-aborted id="4675" timestamp="2019-08-08T12:08:27.712">
  <reason value="insufficient progress made" />
</concurrent-aborted>
<cycle-end id="4676" type="global" contextid="4671" timestamp="2019-08-08T12:08:27.712" />
  <attribute name="elasticGC enabled" value="1" />
  <attribute name= "numThreadsSpecified" value="16" />
  <attribute name="heapSize specified" value="36831232" />
  <attribute name="Current GC Util" value="45" />
  <attribute name= "Current Time Running" value="142182" />
  <attribute name ="GC Interval" value="0" />
  <attribute name="Target GC Util Change" value ="80.000000" />
  <attribute name="Current GC Util Change" value="45.000000"/>
  <attribute name="Current Error" value="-333.000000" />
  <attribute name="Output H" value="36906528"/>
  <attribute name="Output I" value="1416"/>
  <attribute name="Output T" value="16"/>
  <attribute name= "Current Time Running" value="142182" />
  <attribute name="GC Util currently" value="45" />
  <attribute name="CPU Util currently" value="39425433450" />
<cycle-start id="4677" type="global" contextid="0" timestamp="2019-08-08T12:08:27.712" intervalms="1.190" />
<gc-start id="4678" type="global" contextid="4677" timestamp="2019-08-08T12:08:27.712">
  <mem-info id="4679" free="368640" total="36962304" percent="0">
    <mem type="tenure" free="368640" total="36962304" percent="0">
      <mem type="soa" free="0" total="36593664" percent="0" />
      <mem type="loa" free="368640" total="368640" percent="100" />
    </mem>
  </mem-info>
</gc-start>
<allocation-stats totalBytes="18608608" >
  <allocated-bytes non-tlh="0" tlh="18608608" />
  <largest-consumer threadName="main" threadId="0000000002369F00" bytes="18608608" />
</allocation-stats>
<gc-op id="4680" type="mark" timems="10.375" contextid="4677" timestamp="2019-08-08T12:08:27.722">
  <trace-info objectcount="600518" scancount="521413" scanbytes="13382464" />
  <finalization candidates="80" enqueued="0" />
  <ownableSynchronizers candidates="21" cleared="0" />
  <references type="soft" candidates="3261" cleared="0" enqueued="0" dynamicThreshold="16" maxThreshold="32" />
  <references type="weak" candidates="5602" cleared="0" enqueued="0" />
  <references type="phantom" candidates="97" cleared="0" enqueued="0" />
  <stringconstants candidates="13592" cleared="0"  />
</gc-op>
<gc-op id="4681" type="sweep" timems="4.046" contextid="4677" timestamp="2019-08-08T12:08:27.726" />
<mem-info id="4682" free="18987384" total="36962304" percent="51">
  <mem type="tenure" free="18987384" total="36962304" percent="51" micro-fragmented="0">
    <mem type="soa" free="18618744" total="36593664" percent="50" />
    <mem type="loa" free="368640" total="368640" percent="100" />
  </mem>
</mem-info>
<gc-op id="4683" type="compact" timems="23.724" contextid="4677" timestamp="2019-08-08T12:08:27.750">
  <compact-info movecount="6" movebytes="216" reason="compact to aid heap contraction" />
</gc-op>
<heap-resize id="4684" type="expand" space="tenure" amount="131072" count="1" timems="0.023" reason="satisfy allocation request" timestamp="2019-08-08T12:08:27.751" />
<gc-end id="4685" type="global" contextid="4677" durationms="39.019" usertimems="86.359" systemtimems="0.000" timestamp="2019-08-08T12:08:27.751" activeThreads="16">
  <mem-info id="4686" free="19052952" total="37093376" percent="51">
    <mem type="tenure" free="19052952" total="37093376" percent="51">
      <mem type="soa" free="18682264" total="36722688" percent="50" />
      <mem type="loa" free="370688" total="370688" percent="100" />
    </mem>
  </mem-info>
</gc-end>
<cycle-end id="4687" type="global" contextid="4677" timestamp="2019-08-08T12:08:27.751" />
  <attribute name="elasticGC enabled" value="1" />
  <attribute name= "numThreadsSpecified" value="16" />
  <attribute name="heapSize specified" value="36962304" />
  <attribute name="Current GC Util" value="58" />
  <attribute name= "Current Time Running" value="142240" />
  <attribute name ="GC Interval" value="0" />
  <attribute name="Target GC Util Change" value ="80.000000" />
  <attribute name="Current GC Util Change" value="58.000000"/>
  <attribute name="Current Error" value="-348.000000" />
  <attribute name="Output H" value="37037584"/>
  <attribute name="Output I" value="1392"/>
  <attribute name="Output T" value="16"/>
  <attribute name= "Current Time Running" value="142240" />
  <attribute name="GC Util currently" value="58" />
  <attribute name="CPU Util currently" value="48514240732" />
<allocation-satisfied id="4688" threadId="0000000002369F00" bytesRequested="96" />
<af-end id="4689" timestamp="2019-08-08T12:08:27.751" threadId="000000000236A888" success="true" />
<exclusive-end id="4690" timestamp="2019-08-08T12:08:27.751" durationms="39.217" />

<concurrent-kickoff id="4691" timestamp="2019-08-08T12:08:27.780">
  <kickoff reason="threshold reached" targetBytes="5558552" thresholdFreeBytes="747553" remainingFree="670104" tenureFreeBytes="670104" />
</concurrent-kickoff>
<exclusive-start id="4692" timestamp="2019-08-08T12:08:27.780" intervalms="68.581">
  <response-info timems="0.019" idlems="0.019" threads="0" lastid="0000000002369F00" lastname="main" />
</exclusive-start>
<cycle-start id="4693" type="global" contextid="0" timestamp="2019-08-08T12:08:27.780" intervalms="68.531" />
<exclusive-end id="4694" timestamp="2019-08-08T12:08:27.780" durationms="0.035" />

<exclusive-start id="4695" timestamp="2019-08-08T12:08:27.781" intervalms="0.814">
  <response-info timems="0.040" idlems="0.040" threads="0" lastid="0000000002369F00" lastname="main" />
</exclusive-start>
<af-start id="4696" threadId="000000000236A888" totalBytesRequested="312" timestamp="2019-08-08T12:08:27.781" intervalms="69.391" />
<concurrent-aborted id="4697" timestamp="2019-08-08T12:08:27.782">
  <reason value="insufficient progress made" />
</concurrent-aborted>
<cycle-end id="4698" type="global" contextid="4693" timestamp="2019-08-08T12:08:27.782" />
  <attribute name="elasticGC enabled" value="1" />
  <attribute name= "numThreadsSpecified" value="16" />
  <attribute name="heapSize specified" value="36962304" />
  <attribute name="Current GC Util" value="58" />
  <attribute name= "Current Time Running" value="142240" />
  <attribute name ="GC Interval" value="0" />
  <attribute name="Target GC Util Change" value ="80.000000" />
  <attribute name="Current GC Util Change" value="58.000000"/>
  <attribute name="Current Error" value="-348.000000" />
  <attribute name="Output H" value="37037584"/>
  <attribute name="Output I" value="1392"/>
  <attribute name="Output T" value="16"/>
  <attribute name= "Current Time Running" value="142240" />
  <attribute name="GC Util currently" value="58" />
  <attribute name="CPU Util currently" value="48514240732" />
<cycle-start id="4699" type="global" contextid="0" timestamp="2019-08-08T12:08:27.782" intervalms="1.161" />
<gc-start id="4700" type="global" contextid="4699" timestamp="2019-08-08T12:08:27.782">
  <mem-info id="4701" free="370688" total="37093376" percent="0">
    <mem type="tenure" free="370688" total="37093376" percent="0">
      <mem type="soa" free="0" total="36722688" percent="0" />
      <mem type="loa" free="370688" total="370688" percent="100" />
    </mem>
  </mem-info>
</gc-start>
<allocation-stats totalBytes="18737192" >
  <allocated-bytes non-tlh="0" tlh="18737192" />
  <largest-consumer threadName="main" threadId="0000000002369F00" bytes="18737192" />
</allocation-stats>
<gc-op id="4702" type="mark" timems="10.049" contextid="4699" timestamp="2019-08-08T12:08:27.792">
  <trace-info objectcount="600518" scancount="521427" scanbytes="13382464" />
  <finalization candidates="80" enqueued="0" />
  <ownableSynchronizers candidates="21" cleared="0" />
  <references type="soft" candidates="3261" cleared="0" enqueued="0" dynamicThreshold="16" maxThreshold="32" />
  <references type="weak" candidates="5602" cleared="0" enqueued="0" />
  <references type="phantom" candidates="97" cleared="0" enqueued="0" />
  <stringconstants candidates="13592" cleared="0"  />
</gc-op>
<gc-op id="4703" type="sweep" timems="4.595" contextid="4699" timestamp="2019-08-08T12:08:27.797" />
<mem-info id="4704" free="19118152" total="37093376" percent="51">
  <mem type="tenure" free="19118152" total="37093376" percent="51" micro-fragmented="0">
    <mem type="soa" free="18747464" total="36722688" percent="51" />
    <mem type="loa" free="370688" total="370688" percent="100" />
  </mem>
</mem-info>
<gc-op id="4705" type="compact" timems="23.543" contextid="4699" timestamp="2019-08-08T12:08:27.820">
  <compact-info movecount="6" movebytes="424" reason="compact to aid heap contraction" />
</gc-op>
<heap-resize id="4706" type="expand" space="tenure" amount="131072" count="1" timems="0.018" reason="satisfy allocation request" timestamp="2019-08-08T12:08:27.821" />
<gc-end id="4707" type="global" contextid="4699" durationms="38.936" usertimems="77.901" systemtimems="0.000" timestamp="2019-08-08T12:08:27.821" activeThreads="16">
  <mem-info id="4708" free="19183816" total="37224448" percent="51">
    <mem type="tenure" free="19183816" total="37224448" percent="51">
      <mem type="soa" free="18812104" total="36852736" percent="51" />
      <mem type="loa" free="371712" total="371712" percent="100" />
    </mem>
  </mem-info>
</gc-end>
<cycle-end id="4709" type="global" contextid="4699" timestamp="2019-08-08T12:08:27.821" />
  <attribute name="elasticGC enabled" value="1" />
  <attribute name= "numThreadsSpecified" value="16" />
  <attribute name="heapSize specified" value="37093376" />
  <attribute name="Current GC Util" value="48" />
  <attribute name= "Current Time Running" value="142310" />
  <attribute name ="GC Interval" value="0" />
  <attribute name="Target GC Util Change" value ="80.000000" />
  <attribute name="Current GC Util Change" value="48.000000"/>
  <attribute name="Current Error" value="-199.000000" />
  <attribute name="Output H" value="37168832"/>
  <attribute name="Output I" value="1656"/>
  <attribute name="Output T" value="16"/>
  <attribute name= "Current Time Running" value="142310" />
  <attribute name="GC Util currently" value="48" />
  <attribute name="CPU Util currently" value="48920677249" />
<allocation-satisfied id="4710" threadId="0000000002369F00" bytesRequested="312" />
<af-end id="4711" timestamp="2019-08-08T12:08:27.821" threadId="000000000236A888" success="true" />
<exclusive-end id="4712" timestamp="2019-08-08T12:08:27.821" durationms="39.645" />

<concurrent-kickoff id="4713" timestamp="2019-08-08T12:08:27.845">
  <kickoff reason="threshold reached" targetBytes="5578194" thresholdFreeBytes="750195" remainingFree="669896" tenureFreeBytes="669896" />
</concurrent-kickoff>
<exclusive-start id="4714" timestamp="2019-08-08T12:08:27.845" intervalms="63.712">
  <response-info timems="0.096" idlems="0.096" threads="0" lastid="0000000002369F00" lastname="main" />
</exclusive-start>
<cycle-start id="4715" type="global" contextid="0" timestamp="2019-08-08T12:08:27.845" intervalms="63.361" />
<exclusive-end id="4716" timestamp="2019-08-08T12:08:27.845" durationms="0.032" />

<exclusive-start id="4717" timestamp="2019-08-08T12:08:27.846" intervalms="0.960">
  <response-info timems="0.115" idlems="0.115" threads="0" lastid="0000000002369F00" lastname="main" />
</exclusive-start>
<af-start id="4718" threadId="000000000236A888" totalBytesRequested="168" timestamp="2019-08-08T12:08:27.846" intervalms="64.684" />
<concurrent-aborted id="4719" timestamp="2019-08-08T12:08:27.846">
  <reason value="insufficient progress made" />
</concurrent-aborted>
<cycle-end id="4720" type="global" contextid="4715" timestamp="2019-08-08T12:08:27.846" />
  <attribute name="elasticGC enabled" value="1" />
  <attribute name= "numThreadsSpecified" value="16" />
  <attribute name="heapSize specified" value="37093376" />
  <attribute name="Current GC Util" value="48" />
  <attribute name= "Current Time Running" value="142310" />
  <attribute name ="GC Interval" value="0" />
  <attribute name="Target GC Util Change" value ="80.000000" />
  <attribute name="Current GC Util Change" value="48.000000"/>
  <attribute name="Current Error" value="-199.000000" />
  <attribute name="Output H" value="37168832"/>
  <attribute name="Output I" value="1656"/>
  <attribute name="Output T" value="16"/>
  <attribute name= "Current Time Running" value="142310" />
  <attribute name="GC Util currently" value="48" />
  <attribute name="CPU Util currently" value="48920677249" />
<cycle-start id="4721" type="global" contextid="0" timestamp="2019-08-08T12:08:27.846" intervalms="1.057" />
<gc-start id="4722" type="global" contextid="4721" timestamp="2019-08-08T12:08:27.846">
  <mem-info id="4723" free="371712" total="37224448" percent="0">
    <mem type="tenure" free="371712" total="37224448" percent="0">
      <mem type="soa" free="0" total="36852736" percent="0" />
      <mem type="loa" free="371712" total="371712" percent="100" />
    </mem>
  </mem-info>
</gc-start>
<allocation-stats totalBytes="18866992" >
  <allocated-bytes non-tlh="0" tlh="18866992" />
  <largest-consumer threadName="main" threadId="0000000002369F00" bytes="18866992" />
</allocation-stats>
<gc-op id="4724" type="mark" timems="12.832" contextid="4721" timestamp="2019-08-08T12:08:27.859">
  <trace-info objectcount="600518" scancount="521407" scanbytes="13382464" />
  <finalization candidates="80" enqueued="0" />
  <ownableSynchronizers candidates="21" cleared="0" />
  <references type="soft" candidates="3261" cleared="0" enqueued="0" dynamicThreshold="16" maxThreshold="32" />
  <references type="weak" candidates="5602" cleared="0" enqueued="0" />
  <references type="phantom" candidates="97" cleared="0" enqueued="0" />
  <stringconstants candidates="13592" cleared="0"  />
</gc-op>
<gc-op id="4725" type="sweep" timems="11.969" contextid="4721" timestamp="2019-08-08T12:08:27.871" />
<mem-info id="4726" free="19249384" total="37224448" percent="51">
  <mem type="tenure" free="19249384" total="37224448" percent="51" micro-fragmented="0">
    <mem type="soa" free="18877672" total="36852736" percent="51" />
    <mem type="loa" free="371712" total="371712" percent="100" />
  </mem>
</mem-info>
<gc-op id="4727" type="compact" timems="33.720" contextid="4721" timestamp="2019-08-08T12:08:27.905">
  <compact-info movecount="6" movebytes="280" reason="compact to aid heap contraction" />
</gc-op>
<heap-resize id="4728" type="expand" space="tenure" amount="131072" count="1" timems="0.031" reason="satisfy allocation request" timestamp="2019-08-08T12:08:27.907" />
<gc-end id="4729" type="global" contextid="4721" durationms="61.351" usertimems="204.714" systemtimems="0.000" timestamp="2019-08-08T12:08:27.907" activeThreads="16">
  <mem-info id="4730" free="19315032" total="37355520" percent="51">
    <mem type="tenure" free="19315032" total="37355520" percent="51">
      <mem type="soa" free="18942296" total="36982784" percent="51" />
      <mem type="loa" free="372736" total="372736" percent="100" />
    </mem>
  </mem-info>
</gc-end>
<cycle-end id="4731" type="global" contextid="4721" timestamp="2019-08-08T12:08:27.908" />
  <attribute name="elasticGC enabled" value="1" />
  <attribute name= "numThreadsSpecified" value="16" />
  <attribute name="heapSize specified" value="37224448" />
  <attribute name="Current GC Util" value="50" />
  <attribute name= "Current Time Running" value="142395" />
  <attribute name ="GC Interval" value="0" />
  <attribute name="Target GC Util Change" value ="80.000000" />
  <attribute name="Current GC Util Change" value="50.000000"/>
  <attribute name="Current Error" value="-47.000000" />
  <attribute name="Output H" value="37300080"/>
  <attribute name="Output I" value="1928"/>
  <attribute name="Output T" value="16"/>
  <attribute name= "Current Time Running" value="142395" />
  <attribute name="GC Util currently" value="50" />
  <attribute name="CPU Util currently" value="34048061980" />
<allocation-satisfied id="4732" threadId="0000000002369F00" bytesRequested="168" />
<af-end id="4733" timestamp="2019-08-08T12:08:27.908" threadId="000000000236A888" success="true" />
<exclusive-end id="4734" timestamp="2019-08-08T12:08:27.908" durationms="61.641" />

<concurrent-kickoff id="4735" timestamp="2019-08-08T12:08:27.930">
  <kickoff reason="threshold reached" targetBytes="5597836" thresholdFreeBytes="752835" remainingFree="670040" tenureFreeBytes="670040" />
</concurrent-kickoff>
<exclusive-start id="4736" timestamp="2019-08-08T12:08:27.930" intervalms="84.350">
  <response-info timems="0.097" idlems="0.097" threads="0" lastid="0000000002369F00" lastname="main" />
</exclusive-start>
<cycle-start id="4737" type="global" contextid="0" timestamp="2019-08-08T12:08:27.930" intervalms="84.262" />
<exclusive-end id="4738" timestamp="2019-08-08T12:08:27.930" durationms="0.041" />

<exclusive-start id="4739" timestamp="2019-08-08T12:08:27.931" intervalms="0.907">
  <response-info timems="0.111" idlems="0.111" threads="0" lastid="0000000002369F00" lastname="main" />
</exclusive-start>
<af-start id="4740" threadId="000000000236A888" totalBytesRequested="32" timestamp="2019-08-08T12:08:27.931" intervalms="85.260" />
<concurrent-aborted id="4741" timestamp="2019-08-08T12:08:27.931">
  <reason value="insufficient progress made" />
</concurrent-aborted>
<cycle-end id="4742" type="global" contextid="4737" timestamp="2019-08-08T12:08:27.931" />
  <attribute name="elasticGC enabled" value="1" />
  <attribute name= "numThreadsSpecified" value="16" />
  <attribute name="heapSize specified" value="37224448" />
  <attribute name="Current GC Util" value="50" />
  <attribute name= "Current Time Running" value="142395" />
  <attribute name ="GC Interval" value="0" />
  <attribute name="Target GC Util Change" value ="80.000000" />
  <attribute name="Current GC Util Change" value="50.000000"/>
  <attribute name="Current Error" value="-47.000000" />
  <attribute name="Output H" value="37300080"/>
  <attribute name="Output I" value="1928"/>
  <attribute name="Output T" value="16"/>
  <attribute name= "Current Time Running" value="142395" />
  <attribute name="GC Util currently" value="50" />
  <attribute name="CPU Util currently" value="34048061980" />
<cycle-start id="4743" type="global" contextid="0" timestamp="2019-08-08T12:08:27.931" intervalms="0.971" />
<gc-start id="4744" type="global" contextid="4743" timestamp="2019-08-08T12:08:27.931">
  <mem-info id="4745" free="372736" total="37355520" percent="0">
    <mem type="tenure" free="372736" total="37355520" percent="0">
      <mem type="soa" free="0" total="36982784" percent="0" />
      <mem type="loa" free="372736" total="372736" percent="100" />
    </mem>
  </mem-info>
</gc-start>
<allocation-stats totalBytes="18997840" >
  <allocated-bytes non-tlh="0" tlh="18997840" />
  <largest-consumer threadName="main" threadId="0000000002369F00" bytes="18997840" />
</allocation-stats>
<gc-op id="4746" type="mark" timems="31.574" contextid="4743" timestamp="2019-08-08T12:08:27.963">
  <trace-info objectcount="600517" scancount="521404" scanbytes="13382432" />
  <finalization candidates="80" enqueued="0" />
  <ownableSynchronizers candidates="21" cleared="0" />
  <references type="soft" candidates="3261" cleared="0" enqueued="0" dynamicThreshold="16" maxThreshold="32" />
  <references type="weak" candidates="5602" cleared="0" enqueued="0" />
  <references type="phantom" candidates="97" cleared="0" enqueued="0" />
  <stringconstants candidates="13592" cleared="0"  />
</gc-op>
<gc-op id="4747" type="sweep" timems="10.502" contextid="4743" timestamp="2019-08-08T12:08:27.974" />
<mem-info id="4748" free="19380584" total="37355520" percent="51">
  <mem type="tenure" free="19380584" total="37355520" percent="51" micro-fragmented="0">
    <mem type="soa" free="19007848" total="36982784" percent="51" />
    <mem type="loa" free="372736" total="372736" percent="100" />
  </mem>
</mem-info>
<gc-op id="4749" type="compact" timems="30.329" contextid="4743" timestamp="2019-08-08T12:08:28.004">
  <compact-info movecount="5" movebytes="248" reason="compact to aid heap contraction" />
</gc-op>
<heap-resize id="4750" type="expand" space="tenure" amount="131072" count="1" timems="0.023" reason="satisfy allocation request" timestamp="2019-08-08T12:08:28.005" />
<gc-end id="4751" type="global" contextid="4743" durationms="73.262" usertimems="237.237" systemtimems="56.381" timestamp="2019-08-08T12:08:28.005" activeThreads="16">
  <mem-info id="4752" free="19446136" total="37486592" percent="51">
    <mem type="tenure" free="19446136" total="37486592" percent="51">
      <mem type="soa" free="19071352" total="37111808" percent="51" />
      <mem type="loa" free="374784" total="374784" percent="100" />
    </mem>
  </mem-info>
</gc-end>
<cycle-end id="4753" type="global" contextid="4743" timestamp="2019-08-08T12:08:28.005" />
  <attribute name="elasticGC enabled" value="1" />
  <attribute name= "numThreadsSpecified" value="16" />
  <attribute name="heapSize specified" value="37355520" />
  <attribute name="Current GC Util" value="102" />
  <attribute name= "Current Time Running" value="142494" />
  <attribute name ="GC Interval" value="0" />
  <attribute name="Target GC Util Change" value ="80.000000" />
  <attribute name="Current GC Util Change" value="102.000000"/>
  <attribute name="Current Error" value="51.000000" />
  <attribute name="Output H" value="37431264"/>
  <attribute name="Output I" value="2104"/>
  <attribute name="Output T" value="16"/>
  <attribute name= "Current Time Running" value="142494" />
  <attribute name="GC Util currently" value="102" />
  <attribute name="CPU Util currently" value="37965078474" />
<allocation-satisfied id="4754" threadId="0000000002369F00" bytesRequested="32" />
<af-end id="4755" timestamp="2019-08-08T12:08:28.005" threadId="000000000236A888" success="true" />
<exclusive-end id="4756" timestamp="2019-08-08T12:08:28.005" durationms="73.487" />

<concurrent-kickoff id="4757" timestamp="2019-08-08T12:08:28.027">
  <kickoff reason="threshold reached" targetBytes="5617478" thresholdFreeBytes="755477" remainingFree="670072" tenureFreeBytes="670072" />
</concurrent-kickoff>
<exclusive-start id="4758" timestamp="2019-08-08T12:08:28.027" intervalms="96.258">
  <response-info timems="0.054" idlems="0.054" threads="0" lastid="0000000002369F00" lastname="main" />
</exclusive-start>
<cycle-start id="4759" type="global" contextid="0" timestamp="2019-08-08T12:08:28.027" intervalms="96.171" />
<exclusive-end id="4760" timestamp="2019-08-08T12:08:28.027" durationms="0.015" />

<exclusive-start id="4761" timestamp="2019-08-08T12:08:28.028" intervalms="0.656">
  <response-info timems="0.130" idlems="0.130" threads="0" lastid="0000000002369F00" lastname="main" />
</exclusive-start>
<af-start id="4762" threadId="000000000236A888" totalBytesRequested="272" timestamp="2019-08-08T12:08:28.028" intervalms="96.905" />
<concurrent-aborted id="4763" timestamp="2019-08-08T12:08:28.028">
  <reason value="insufficient progress made" />
</concurrent-aborted>
<cycle-end id="4764" type="global" contextid="4759" timestamp="2019-08-08T12:08:28.028" />
  <attribute name="elasticGC enabled" value="1" />
  <attribute name= "numThreadsSpecified" value="16" />
  <attribute name="heapSize specified" value="37355520" />
  <attribute name="Current GC Util" value="102" />
  <attribute name= "Current Time Running" value="142494" />
  <attribute name ="GC Interval" value="0" />
  <attribute name="Target GC Util Change" value ="80.000000" />
  <attribute name="Current GC Util Change" value="102.000000"/>
  <attribute name="Current Error" value="51.000000" />
  <attribute name="Output H" value="37431264"/>
  <attribute name="Output I" value="2104"/>
  <attribute name="Output T" value="16"/>
  <attribute name= "Current Time Running" value="142494" />
  <attribute name="GC Util currently" value="102" />
  <attribute name="CPU Util currently" value="37965078474" />
<cycle-start id="4765" type="global" contextid="0" timestamp="2019-08-08T12:08:28.028" intervalms="0.725" />
<gc-start id="4766" type="global" contextid="4765" timestamp="2019-08-08T12:08:28.028">
  <mem-info id="4767" free="374784" total="37486592" percent="0">
    <mem type="tenure" free="374784" total="37486592" percent="0">
      <mem type="soa" free="0" total="37111808" percent="0" />
      <mem type="loa" free="374784" total="374784" percent="100" />
    </mem>
  </mem-info>
</gc-start>
<allocation-stats totalBytes="19126672" >
  <allocated-bytes non-tlh="0" tlh="19126672" />
  <largest-consumer threadName="main" threadId="0000000002369F00" bytes="19126672" />
</allocation-stats>
<gc-op id="4768" type="mark" timems="10.879" contextid="4765" timestamp="2019-08-08T12:08:28.039">
  <trace-info objectcount="600518" scancount="521408" scanbytes="13382464" />
  <finalization candidates="80" enqueued="0" />
  <ownableSynchronizers candidates="21" cleared="0" />
  <references type="soft" candidates="3261" cleared="0" enqueued="0" dynamicThreshold="16" maxThreshold="32" />
  <references type="weak" candidates="5602" cleared="0" enqueued="0" />
  <references type="phantom" candidates="97" cleared="0" enqueued="0" />
  <stringconstants candidates="13592" cleared="0"  />
</gc-op>
<gc-op id="4769" type="sweep" timems="4.187" contextid="4765" timestamp="2019-08-08T12:08:28.043" />
<mem-info id="4770" free="19511456" total="37486592" percent="52">
  <mem type="tenure" free="19511456" total="37486592" percent="52" micro-fragmented="0">
    <mem type="soa" free="19136672" total="37111808" percent="51" />
    <mem type="loa" free="374784" total="374784" percent="100" />
  </mem>
</mem-info>
<gc-op id="4771" type="compact" timems="23.841" contextid="4765" timestamp="2019-08-08T12:08:28.067">
  <compact-info movecount="6" movebytes="384" reason="compact to aid heap contraction" />
</gc-op>
<heap-resize id="4772" type="expand" space="tenure" amount="131072" count="1" timems="0.020" reason="satisfy allocation request" timestamp="2019-08-08T12:08:28.068" />
<gc-end id="4773" type="global" contextid="4765" durationms="39.874" usertimems="125.616" systemtimems="4.568" timestamp="2019-08-08T12:08:28.068" activeThreads="16">
  <mem-info id="4774" free="19577072" total="37617664" percent="52">
    <mem type="tenure" free="19577072" total="37617664" percent="52">
      <mem type="soa" free="19201264" total="37241856" percent="51" />
      <mem type="loa" free="375808" total="375808" percent="100" />
    </mem>
  </mem-info>
</gc-end>
<cycle-end id="4775" type="global" contextid="4765" timestamp="2019-08-08T12:08:28.068" />
  <attribute name="elasticGC enabled" value="1" />
  <attribute name= "numThreadsSpecified" value="16" />
  <attribute name="heapSize specified" value="37486592" />
  <attribute name="Current GC Util" value="65" />
  <attribute name= "Current Time Running" value="142557" />
  <attribute name ="GC Interval" value="0" />
  <attribute name="Target GC Util Change" value ="80.000000" />
  <attribute name="Current GC Util Change" value="65.000000"/>
  <attribute name="Current Error" value="15.000000" />
  <attribute name="Output H" value="37562296"/>
  <attribute name="Output I" value="2040"/>
  <attribute name="Output T" value="16"/>
  <attribute name= "Current Time Running" value="142557" />
  <attribute name="GC Util currently" value="65" />
  <attribute name="CPU Util currently" value="48288183434" />
<allocation-satisfied id="4776" threadId="0000000002369F00" bytesRequested="272" />
<af-end id="4777" timestamp="2019-08-08T12:08:28.068" threadId="000000000236A888" success="true" />
<exclusive-end id="4778" timestamp="2019-08-08T12:08:28.068" durationms="40.072" />

<concurrent-kickoff id="4779" timestamp="2019-08-08T12:08:28.084">
  <kickoff reason="threshold reached" targetBytes="5637119" thresholdFreeBytes="758120" remainingFree="669936" tenureFreeBytes="669936" />
</concurrent-kickoff>
<exclusive-start id="4780" timestamp="2019-08-08T12:08:28.084" intervalms="56.194">
  <response-info timems="0.083" idlems="0.083" threads="0" lastid="0000000002369F00" lastname="main" />
</exclusive-start>
<cycle-start id="4781" type="global" contextid="0" timestamp="2019-08-08T12:08:28.084" intervalms="56.139" />
<exclusive-end id="4782" timestamp="2019-08-08T12:08:28.084" durationms="0.031" />

<exclusive-start id="4783" timestamp="2019-08-08T12:08:28.085" intervalms="0.911">
  <response-info timems="0.055" idlems="0.055" threads="0" lastid="0000000002369F00" lastname="main" />
</exclusive-start>
<af-start id="4784" threadId="000000000236A888" totalBytesRequested="16" timestamp="2019-08-08T12:08:28.085" intervalms="57.104" />
<concurrent-aborted id="4785" timestamp="2019-08-08T12:08:28.085">
  <reason value="insufficient progress made" />
</concurrent-aborted>
<cycle-end id="4786" type="global" contextid="4781" timestamp="2019-08-08T12:08:28.085" />
  <attribute name="elasticGC enabled" value="1" />
  <attribute name= "numThreadsSpecified" value="16" />
  <attribute name="heapSize specified" value="37486592" />
  <attribute name="Current GC Util" value="65" />
  <attribute name= "Current Time Running" value="142557" />
  <attribute name ="GC Interval" value="0" />
  <attribute name="Target GC Util Change" value ="80.000000" />
  <attribute name="Current GC Util Change" value="65.000000"/>
  <attribute name="Current Error" value="15.000000" />
  <attribute name="Output H" value="37562296"/>
  <attribute name="Output I" value="2040"/>
  <attribute name="Output T" value="16"/>
  <attribute name= "Current Time Running" value="142557" />
  <attribute name="GC Util currently" value="65" />
  <attribute name="CPU Util currently" value="48288183434" />
<cycle-start id="4787" type="global" contextid="0" timestamp="2019-08-08T12:08:28.085" intervalms="0.973" />
<gc-start id="4788" type="global" contextid="4787" timestamp="2019-08-08T12:08:28.085">
  <mem-info id="4789" free="375808" total="37617664" percent="0">
    <mem type="tenure" free="375808" total="37617664" percent="0">
      <mem type="soa" free="0" total="37241856" percent="0" />
      <mem type="loa" free="375808" total="375808" percent="100" />
    </mem>
  </mem-info>
</gc-start>
<allocation-stats totalBytes="19256200" >
  <allocated-bytes non-tlh="0" tlh="19256200" />
  <largest-consumer threadName="main" threadId="0000000002369F00" bytes="19256200" />
</allocation-stats>
<gc-op id="4790" type="mark" timems="8.684" contextid="4787" timestamp="2019-08-08T12:08:28.094">
  <trace-info objectcount="600520" scancount="521408" scanbytes="13382480" />
  <finalization candidates="80" enqueued="0" />
  <ownableSynchronizers candidates="21" cleared="0" />
  <references type="soft" candidates="3261" cleared="0" enqueued="0" dynamicThreshold="16" maxThreshold="32" />
  <references type="weak" candidates="5602" cleared="0" enqueued="0" />
  <references type="phantom" candidates="97" cleared="0" enqueued="0" />
  <stringconstants candidates="13592" cleared="0"  />
</gc-op>
<gc-op id="4791" type="sweep" timems="5.307" contextid="4787" timestamp="2019-08-08T12:08:28.099" />
<mem-info id="4792" free="19642336" total="37617664" percent="52">
  <mem type="tenure" free="19642336" total="37617664" percent="52" micro-fragmented="0">
    <mem type="soa" free="19266528" total="37241856" percent="51" />
    <mem type="loa" free="375808" total="375808" percent="100" />
  </mem>
</mem-info>
<gc-op id="4793" type="compact" timems="26.148" contextid="4787" timestamp="2019-08-08T12:08:28.126">
  <compact-info movecount="8" movebytes="656" reason="compact to aid heap contraction" />
</gc-op>
<heap-resize id="4794" type="expand" space="tenure" amount="131072" count="1" timems="0.020" reason="satisfy allocation request" timestamp="2019-08-08T12:08:28.126" />
<gc-end id="4795" type="global" contextid="4787" durationms="40.967" usertimems="125.498" systemtimems="8.856" timestamp="2019-08-08T12:08:28.126" activeThreads="16">
  <mem-info id="4796" free="19707872" total="37748736" percent="52">
    <mem type="tenure" free="19707872" total="37748736" percent="52">
      <mem type="soa" free="19331040" total="37371904" percent="51" />
      <mem type="loa" free="376832" total="376832" percent="100" />
    </mem>
  </mem-info>
</gc-end>
<cycle-end id="4797" type="global" contextid="4787" timestamp="2019-08-08T12:08:28.126" />
  <attribute name="elasticGC enabled" value="1" />
  <attribute name= "numThreadsSpecified" value="16" />
  <attribute name="heapSize specified" value="37617664" />
  <attribute name="Current GC Util" value="41" />
  <attribute name= "Current Time Running" value="142616" />
  <attribute name ="GC Interval" value="0" />
  <attribute name="Target GC Util Change" value ="80.000000" />
  <attribute name="Current GC Util Change" value="41.000000"/>
  <attribute name="Current Error" value="-497.000000" />
  <attribute name="Output H" value="37692776"/>
  <attribute name="Output I" value="1128"/>
  <attribute name="Output T" value="16"/>
  <attribute name= "Current Time Running" value="142616" />
  <attribute name="GC Util currently" value="41" />
  <attribute name="CPU Util currently" value="44043251188" />
<allocation-satisfied id="4798" threadId="0000000002369F00" bytesRequested="16" />
<af-end id="4799" timestamp="2019-08-08T12:08:28.126" threadId="000000000236A888" success="true" />
<exclusive-end id="4800" timestamp="2019-08-08T12:08:28.126" durationms="41.179" />

<concurrent-kickoff id="4801" timestamp="2019-08-08T12:08:28.142">
  <kickoff reason="threshold reached" targetBytes="5656761" thresholdFreeBytes="760761" remainingFree="669664" tenureFreeBytes="669664" />
</concurrent-kickoff>
<exclusive-start id="4802" timestamp="2019-08-08T12:08:28.143" intervalms="57.447">
  <response-info timems="0.092" idlems="0.092" threads="0" lastid="0000000002369F00" lastname="main" />
</exclusive-start>
<cycle-start id="4803" type="global" contextid="0" timestamp="2019-08-08T12:08:28.143" intervalms="57.389" />
<exclusive-end id="4804" timestamp="2019-08-08T12:08:28.143" durationms="0.034" />

<exclusive-start id="4805" timestamp="2019-08-08T12:08:28.143" intervalms="0.716">
  <response-info timems="0.108" idlems="0.108" threads="0" lastid="0000000002369F00" lastname="main" />
</exclusive-start>
<af-start id="4806" threadId="000000000236A888" totalBytesRequested="144" timestamp="2019-08-08T12:08:28.143" intervalms="58.162" />
<concurrent-aborted id="4807" timestamp="2019-08-08T12:08:28.143">
  <reason value="insufficient progress made" />
</concurrent-aborted>
<cycle-end id="4808" type="global" contextid="4803" timestamp="2019-08-08T12:08:28.143" />
  <attribute name="elasticGC enabled" value="1" />
  <attribute name= "numThreadsSpecified" value="16" />
  <attribute name="heapSize specified" value="37617664" />
  <attribute name="Current GC Util" value="41" />
  <attribute name= "Current Time Running" value="142616" />
  <attribute name ="GC Interval" value="0" />
  <attribute name="Target GC Util Change" value ="80.000000" />
  <attribute name="Current GC Util Change" value="41.000000"/>
  <attribute name="Current Error" value="-497.000000" />
  <attribute name="Output H" value="37692776"/>
  <attribute name="Output I" value="1128"/>
  <attribute name="Output T" value="16"/>
  <attribute name= "Current Time Running" value="142616" />
  <attribute name="GC Util currently" value="41" />
  <attribute name="CPU Util currently" value="44043251188" />
<cycle-start id="4809" type="global" contextid="0" timestamp="2019-08-08T12:08:28.143" intervalms="0.777" />
<gc-start id="4810" type="global" contextid="4809" timestamp="2019-08-08T12:08:28.144">
  <mem-info id="4811" free="376832" total="37748736" percent="0">
    <mem type="tenure" free="376832" total="37748736" percent="0">
      <mem type="soa" free="0" total="37371904" percent="0" />
      <mem type="loa" free="376832" total="376832" percent="100" />
    </mem>
  </mem-info>
</gc-start>
<allocation-stats totalBytes="19386240" >
  <allocated-bytes non-tlh="0" tlh="19386240" />
  <largest-consumer threadName="main" threadId="0000000002369F00" bytes="19386240" />
</allocation-stats>
<gc-op id="4812" type="mark" timems="19.170" contextid="4809" timestamp="2019-08-08T12:08:28.163">
  <trace-info objectcount="600518" scancount="521410" scanbytes="13382464" />
  <finalization candidates="80" enqueued="0" />
  <ownableSynchronizers candidates="21" cleared="0" />
  <references type="soft" candidates="3261" cleared="0" enqueued="0" dynamicThreshold="16" maxThreshold="32" />
  <references type="weak" candidates="5602" cleared="0" enqueued="0" />
  <references type="phantom" candidates="97" cleared="0" enqueued="0" />
  <stringconstants candidates="13592" cleared="0"  />
</gc-op>
<gc-op id="4813" type="sweep" timems="6.463" contextid="4809" timestamp="2019-08-08T12:08:28.169" />
<mem-info id="4814" free="19773696" total="37748736" percent="52">
  <mem type="tenure" free="19773696" total="37748736" percent="52" micro-fragmented="0">
    <mem type="soa" free="19396864" total="37371904" percent="51" />
    <mem type="loa" free="376832" total="376832" percent="100" />
  </mem>
</mem-info>
<gc-op id="4815" type="compact" timems="27.122" contextid="4809" timestamp="2019-08-08T12:08:28.196">
  <compact-info movecount="6" movebytes="264" reason="compact to aid heap contraction" />
</gc-op>
<heap-resize id="4816" type="expand" space="tenure" amount="131072" count="1" timems="0.019" reason="satisfy allocation request" timestamp="2019-08-08T12:08:28.197" />
<gc-end id="4817" type="global" contextid="4809" durationms="53.797" usertimems="85.853" systemtimems="26.280" timestamp="2019-08-08T12:08:28.197" activeThreads="16">
  <mem-info id="4818" free="19839336" total="37879808" percent="52">
    <mem type="tenure" free="19839336" total="37879808" percent="52">
      <mem type="soa" free="19461480" total="37501952" percent="51" />
      <mem type="loa" free="377856" total="377856" percent="100" />
    </mem>
  </mem-info>
</gc-end>
<cycle-end id="4819" type="global" contextid="4809" timestamp="2019-08-08T12:08:28.197" />
  <attribute name="elasticGC enabled" value="1" />
  <attribute name= "numThreadsSpecified" value="16" />
  <attribute name="heapSize specified" value="37748736" />
  <attribute name="Current GC Util" value="41" />
  <attribute name= "Current Time Running" value="142687" />
  <attribute name ="GC Interval" value="0" />
  <attribute name="Target GC Util Change" value ="80.000000" />
  <attribute name="Current GC Util Change" value="41.000000"/>
  <attribute name="Current Error" value="-280.000000" />
  <attribute name="Output H" value="37824096"/>
  <attribute name="Output I" value="1512"/>
  <attribute name="Output T" value="16"/>
  <attribute name= "Current Time Running" value="142687" />
  <attribute name="GC Util currently" value="41" />
  <attribute name="CPU Util currently" value="42471600758" />
<allocation-satisfied id="4820" threadId="0000000002369F00" bytesRequested="144" />
<af-end id="4821" timestamp="2019-08-08T12:08:28.197" threadId="000000000236A888" success="true" />
<exclusive-end id="4822" timestamp="2019-08-08T12:08:28.197" durationms="54.033" />

<concurrent-kickoff id="4823" timestamp="2019-08-08T12:08:28.223">
  <kickoff reason="threshold reached" targetBytes="5676402" thresholdFreeBytes="763403" remainingFree="670056" tenureFreeBytes="670056" />
</concurrent-kickoff>
<exclusive-start id="4824" timestamp="2019-08-08T12:08:28.223" intervalms="80.071">
  <response-info timems="0.075" idlems="0.075" threads="0" lastid="0000000002369F00" lastname="main" />
</exclusive-start>
<cycle-start id="4825" type="global" contextid="0" timestamp="2019-08-08T12:08:28.223" intervalms="79.993" />
<exclusive-end id="4826" timestamp="2019-08-08T12:08:28.223" durationms="0.017" />

<exclusive-start id="4827" timestamp="2019-08-08T12:08:28.224" intervalms="0.916">
  <response-info timems="0.055" idlems="0.055" threads="0" lastid="0000000002369F00" lastname="main" />
</exclusive-start>
<af-start id="4828" threadId="000000000236A888" totalBytesRequested="16" timestamp="2019-08-08T12:08:28.224" intervalms="80.990" />
<concurrent-aborted id="4829" timestamp="2019-08-08T12:08:28.224">
  <reason value="insufficient progress made" />
</concurrent-aborted>
<cycle-end id="4830" type="global" contextid="4825" timestamp="2019-08-08T12:08:28.224" />
  <attribute name="elasticGC enabled" value="1" />
  <attribute name= "numThreadsSpecified" value="16" />
  <attribute name="heapSize specified" value="37748736" />
  <attribute name="Current GC Util" value="41" />
  <attribute name= "Current Time Running" value="142687" />
  <attribute name ="GC Interval" value="0" />
  <attribute name="Target GC Util Change" value ="80.000000" />
  <attribute name="Current GC Util Change" value="41.000000"/>
  <attribute name="Current Error" value="-280.000000" />
  <attribute name="Output H" value="37824096"/>
  <attribute name="Output I" value="1512"/>
  <attribute name="Output T" value="16"/>
  <attribute name= "Current Time Running" value="142687" />
  <attribute name="GC Util currently" value="41" />
  <attribute name="CPU Util currently" value="42471600758" />
<cycle-start id="4831" type="global" contextid="0" timestamp="2019-08-08T12:08:28.224" intervalms="0.993" />
<gc-start id="4832" type="global" contextid="4831" timestamp="2019-08-08T12:08:28.224">
  <mem-info id="4833" free="377856" total="37879808" percent="0">
    <mem type="tenure" free="377856" total="37879808" percent="0">
      <mem type="soa" free="0" total="37501952" percent="0" />
      <mem type="loa" free="377856" total="377856" percent="100" />
    </mem>
  </mem-info>
</gc-start>
<allocation-stats totalBytes="19516584" >
  <allocated-bytes non-tlh="0" tlh="19516584" />
  <largest-consumer threadName="main" threadId="0000000002369F00" bytes="19516584" />
</allocation-stats>
<gc-op id="4834" type="mark" timems="9.080" contextid="4831" timestamp="2019-08-08T12:08:28.234">
  <trace-info objectcount="600520" scancount="521410" scanbytes="13382480" />
  <finalization candidates="80" enqueued="0" />
  <ownableSynchronizers candidates="21" cleared="0" />
  <references type="soft" candidates="3261" cleared="0" enqueued="0" dynamicThreshold="16" maxThreshold="32" />
  <references type="weak" candidates="5602" cleared="0" enqueued="0" />
  <references type="phantom" candidates="97" cleared="0" enqueued="0" />
  <stringconstants candidates="13592" cleared="0"  />
</gc-op>
<gc-op id="4835" type="sweep" timems="5.550" contextid="4831" timestamp="2019-08-08T12:08:28.239" />
<mem-info id="4836" free="19904648" total="37879808" percent="52">
  <mem type="tenure" free="19904648" total="37879808" percent="52" micro-fragmented="0">
    <mem type="soa" free="19526792" total="37501952" percent="52" />
    <mem type="loa" free="377856" total="377856" percent="100" />
  </mem>
</mem-info>
<gc-op id="4837" type="compact" timems="29.148" contextid="4831" timestamp="2019-08-08T12:08:28.268">
  <compact-info movecount="8" movebytes="480" reason="compact to aid heap contraction" />
</gc-op>
<heap-resize id="4838" type="expand" space="tenure" amount="131072" count="1" timems="0.022" reason="satisfy allocation request" timestamp="2019-08-08T12:08:28.270" />
<gc-end id="4839" type="global" contextid="4831" durationms="45.839" usertimems="79.093" systemtimems="22.202" timestamp="2019-08-08T12:08:28.270" activeThreads="16">
  <mem-info id="4840" free="19970192" total="38010880" percent="52">
    <mem type="tenure" free="19970192" total="38010880" percent="52">
      <mem type="soa" free="19590288" total="37630976" percent="52" />
      <mem type="loa" free="379904" total="379904" percent="100" />
    </mem>
  </mem-info>
</gc-end>
<cycle-end id="4841" type="global" contextid="4831" timestamp="2019-08-08T12:08:28.270" />
  <attribute name="elasticGC enabled" value="1" />
  <attribute name= "numThreadsSpecified" value="16" />
  <attribute name="heapSize specified" value="37879808" />
  <attribute name="Current GC Util" value="41" />
  <attribute name= "Current Time Running" value="142759" />
  <attribute name ="GC Interval" value="0" />
  <attribute name="Target GC Util Change" value ="80.000000" />
  <attribute name="Current GC Util Change" value="41.000000"/>
  <attribute name="Current Error" value="-396.000000" />
  <attribute name="Output H" value="37955032"/>
  <attribute name="Output I" value="1304"/>
  <attribute name="Output T" value="16"/>
  <attribute name= "Current Time Running" value="142759" />
  <attribute name="GC Util currently" value="41" />
  <attribute name="CPU Util currently" value="39502522573" />
<allocation-satisfied id="4842" threadId="0000000002369F00" bytesRequested="16" />
<af-end id="4843" timestamp="2019-08-08T12:08:28.271" threadId="000000000236A888" success="true" />
<exclusive-end id="4844" timestamp="2019-08-08T12:08:28.271" durationms="46.173" />

<concurrent-kickoff id="4845" timestamp="2019-08-08T12:08:28.292">
  <kickoff reason="threshold reached" targetBytes="5696044" thresholdFreeBytes="766043" remainingFree="669840" tenureFreeBytes="669840" />
</concurrent-kickoff>
<exclusive-start id="4846" timestamp="2019-08-08T12:08:28.293" intervalms="68.615">
  <response-info timems="0.493" idlems="0.493" threads="0" lastid="0000000002369F00" lastname="main" />
</exclusive-start>
<cycle-start id="4847" type="global" contextid="0" timestamp="2019-08-08T12:08:28.293" intervalms="68.552" />
<exclusive-end id="4848" timestamp="2019-08-08T12:08:28.293" durationms="0.034" />

<exclusive-start id="4849" timestamp="2019-08-08T12:08:28.294" intervalms="0.770">
  <response-info timems="0.043" idlems="0.043" threads="0" lastid="0000000002369F00" lastname="main" />
</exclusive-start>
<af-start id="4850" threadId="000000000236A888" totalBytesRequested="304" timestamp="2019-08-08T12:08:28.294" intervalms="69.622" />
<concurrent-aborted id="4851" timestamp="2019-08-08T12:08:28.294">
  <reason value="insufficient progress made" />
</concurrent-aborted>
<cycle-end id="4852" type="global" contextid="4847" timestamp="2019-08-08T12:08:28.294" />
  <attribute name="elasticGC enabled" value="1" />
  <attribute name= "numThreadsSpecified" value="16" />
  <attribute name="heapSize specified" value="37879808" />
  <attribute name="Current GC Util" value="41" />
  <attribute name= "Current Time Running" value="142759" />
  <attribute name ="GC Interval" value="0" />
  <attribute name="Target GC Util Change" value ="80.000000" />
  <attribute name="Current GC Util Change" value="41.000000"/>
  <attribute name="Current Error" value="-396.000000" />
  <attribute name="Output H" value="37955032"/>
  <attribute name="Output I" value="1304"/>
  <attribute name="Output T" value="16"/>
  <attribute name= "Current Time Running" value="142759" />
  <attribute name="GC Util currently" value="41" />
  <attribute name="CPU Util currently" value="39502522573" />
<cycle-start id="4853" type="global" contextid="0" timestamp="2019-08-08T12:08:28.294" intervalms="1.122" />
<gc-start id="4854" type="global" contextid="4853" timestamp="2019-08-08T12:08:28.294">
  <mem-info id="4855" free="379904" total="38010880" percent="0">
    <mem type="tenure" free="379904" total="38010880" percent="0">
      <mem type="soa" free="0" total="37630976" percent="0" />
      <mem type="loa" free="379904" total="379904" percent="100" />
    </mem>
  </mem-info>
</gc-start>
<allocation-stats totalBytes="19645136" >
  <allocated-bytes non-tlh="0" tlh="19645136" />
  <largest-consumer threadName="main" threadId="0000000002369F00" bytes="19645136" />
</allocation-stats>
<gc-op id="4856" type="mark" timems="50.887" contextid="4853" timestamp="2019-08-08T12:08:28.345">
  <trace-info objectcount="600518" scancount="521410" scanbytes="13382464" />
  <finalization candidates="80" enqueued="0" />
  <ownableSynchronizers candidates="21" cleared="0" />
  <references type="soft" candidates="3261" cleared="0" enqueued="0" dynamicThreshold="16" maxThreshold="32" />
  <references type="weak" candidates="5602" cleared="0" enqueued="0" />
  <references type="phantom" candidates="97" cleared="0" enqueued="0" />
  <stringconstants candidates="13592" cleared="0"  />
</gc-op>
<gc-op id="4857" type="sweep" timems="4.349" contextid="4853" timestamp="2019-08-08T12:08:28.350" />
<mem-info id="4858" free="20035552" total="38010880" percent="52">
  <mem type="tenure" free="20035552" total="38010880" percent="52" micro-fragmented="0">
    <mem type="soa" free="19655648" total="37630976" percent="52" />
    <mem type="loa" free="379904" total="379904" percent="100" />
  </mem>
</mem-info>
<gc-op id="4859" type="compact" timems="21.975" contextid="4853" timestamp="2019-08-08T12:08:28.372">
  <compact-info movecount="6" movebytes="416" reason="compact to aid heap contraction" />
</gc-op>
<heap-resize id="4860" type="expand" space="tenure" amount="131072" count="1" timems="0.022" reason="satisfy allocation request" timestamp="2019-08-08T12:08:28.372" />
<gc-end id="4861" type="global" contextid="4853" durationms="78.081" usertimems="232.247" systemtimems="82.806" timestamp="2019-08-08T12:08:28.372" activeThreads="16">
  <mem-info id="4862" free="20101328" total="38141952" percent="52">
    <mem type="tenure" free="20101328" total="38141952" percent="52">
      <mem type="soa" free="19720400" total="37761024" percent="52" />
      <mem type="loa" free="380928" total="380928" percent="100" />
    </mem>
  </mem-info>
</gc-end>
<cycle-end id="4863" type="global" contextid="4853" timestamp="2019-08-08T12:08:28.372" />
  <attribute name="elasticGC enabled" value="1" />
  <attribute name= "numThreadsSpecified" value="16" />
  <attribute name="heapSize specified" value="38010880" />
  <attribute name="Current GC Util" value="38" />
  <attribute name= "Current Time Running" value="142862" />
  <attribute name ="GC Interval" value="0" />
  <attribute name="Target GC Util Change" value ="80.000000" />
  <attribute name="Current GC Util Change" value="38.000000"/>
  <attribute name="Current Error" value="103.000000" />
  <attribute name="Output H" value="38086680"/>
  <attribute name="Output I" value="2192"/>
  <attribute name="Output T" value="16"/>
  <attribute name= "Current Time Running" value="142862" />
  <attribute name="GC Util currently" value="38" />
  <attribute name="CPU Util currently" value="52241632568" />
<allocation-satisfied id="4864" threadId="0000000002369F00" bytesRequested="304" />
<af-end id="4865" timestamp="2019-08-08T12:08:28.373" threadId="000000000236A888" success="true" />
<exclusive-end id="4866" timestamp="2019-08-08T12:08:28.373" durationms="78.923" />

<concurrent-kickoff id="4867" timestamp="2019-08-08T12:08:28.397">
  <kickoff reason="threshold reached" targetBytes="5715685" thresholdFreeBytes="768685" remainingFree="669904" tenureFreeBytes="669904" />
</concurrent-kickoff>
<exclusive-start id="4868" timestamp="2019-08-08T12:08:28.397" intervalms="103.494">
  <response-info timems="0.059" idlems="0.059" threads="0" lastid="0000000002369F00" lastname="main" />
</exclusive-start>
<cycle-start id="4869" type="global" contextid="0" timestamp="2019-08-08T12:08:28.397" intervalms="103.136" />
<exclusive-end id="4870" timestamp="2019-08-08T12:08:28.397" durationms="0.025" />

<exclusive-start id="4871" timestamp="2019-08-08T12:08:28.399" intervalms="1.307">
  <response-info timems="0.092" idlems="0.092" threads="0" lastid="0000000002369F00" lastname="main" />
</exclusive-start>
<af-start id="4872" threadId="000000000236A888" totalBytesRequested="40" timestamp="2019-08-08T12:08:28.399" intervalms="104.560" />
<concurrent-aborted id="4873" timestamp="2019-08-08T12:08:28.399">
  <reason value="insufficient progress made" />
</concurrent-aborted>
<cycle-end id="4874" type="global" contextid="4869" timestamp="2019-08-08T12:08:28.399" />
  <attribute name="elasticGC enabled" value="1" />
  <attribute name= "numThreadsSpecified" value="16" />
  <attribute name="heapSize specified" value="38010880" />
  <attribute name="Current GC Util" value="38" />
  <attribute name= "Current Time Running" value="142862" />
  <attribute name ="GC Interval" value="0" />
  <attribute name="Target GC Util Change" value ="80.000000" />
  <attribute name="Current GC Util Change" value="38.000000"/>
  <attribute name="Current Error" value="103.000000" />
  <attribute name="Output H" value="38086680"/>
  <attribute name="Output I" value="2192"/>
  <attribute name="Output T" value="16"/>
  <attribute name= "Current Time Running" value="142862" />
  <attribute name="GC Util currently" value="38" />
  <attribute name="CPU Util currently" value="52241632568" />
<cycle-start id="4875" type="global" contextid="0" timestamp="2019-08-08T12:08:28.399" intervalms="1.371" />
<gc-start id="4876" type="global" contextid="4875" timestamp="2019-08-08T12:08:28.399">
  <mem-info id="4877" free="380928" total="38141952" percent="0">
    <mem type="tenure" free="380928" total="38141952" percent="0">
      <mem type="soa" free="0" total="37761024" percent="0" />
      <mem type="loa" free="380928" total="380928" percent="100" />
    </mem>
  </mem-info>
</gc-start>
<allocation-stats totalBytes="19773664" >
  <allocated-bytes non-tlh="0" tlh="19773664" />
  <largest-consumer threadName="main" threadId="0000000002369F00" bytes="19773664" />
</allocation-stats>
<gc-op id="4878" type="mark" timems="22.421" contextid="4875" timestamp="2019-08-08T12:08:28.422">
  <trace-info objectcount="600523" scancount="521413" scanbytes="13382568" />
  <finalization candidates="80" enqueued="0" />
  <ownableSynchronizers candidates="21" cleared="0" />
  <references type="soft" candidates="3261" cleared="0" enqueued="0" dynamicThreshold="16" maxThreshold="32" />
  <references type="weak" candidates="5602" cleared="0" enqueued="0" />
  <references type="phantom" candidates="97" cleared="0" enqueued="0" />
  <stringconstants candidates="13592" cleared="0"  />
</gc-op>
<gc-op id="4879" type="sweep" timems="15.595" contextid="4875" timestamp="2019-08-08T12:08:28.438" />
<mem-info id="4880" free="20165864" total="38141952" percent="52">
  <mem type="tenure" free="20165864" total="38141952" percent="52" micro-fragmented="0">
    <mem type="soa" free="19784936" total="37761024" percent="52" />
    <mem type="loa" free="380928" total="380928" percent="100" />
  </mem>
</mem-info>
<gc-op id="4881" type="compact" timems="33.141" contextid="4875" timestamp="2019-08-08T12:08:28.471">
  <compact-info movecount="23" movebytes="1448" reason="compact to aid heap contraction" />
</gc-op>
<heap-resize id="4882" type="expand" space="tenure" amount="131072" count="1" timems="0.019" reason="satisfy allocation request" timestamp="2019-08-08T12:08:28.472" />
<gc-end id="4883" type="global" contextid="4875" durationms="73.761" usertimems="178.570" systemtimems="25.934" timestamp="2019-08-08T12:08:28.472" activeThreads="16">
  <mem-info id="4884" free="20232296" total="38273024" percent="52">
    <mem type="tenure" free="20232296" total="38273024" percent="52">
      <mem type="soa" free="19850344" total="37891072" percent="52" />
      <mem type="loa" free="381952" total="381952" percent="100" />
    </mem>
  </mem-info>
</gc-end>
<cycle-end id="4885" type="global" contextid="4875" timestamp="2019-08-08T12:08:28.472" />
  <attribute name="elasticGC enabled" value="1" />
  <attribute name= "numThreadsSpecified" value="16" />
  <attribute name="heapSize specified" value="38141952" />
  <attribute name="Current GC Util" value="38" />
  <attribute name= "Current Time Running" value="142961" />
  <attribute name ="GC Interval" value="0" />
  <attribute name="Target GC Util Change" value ="80.000000" />
  <attribute name="Current GC Util Change" value="38.000000"/>
  <attribute name="Current Error" value="-8.000000" />
  <attribute name="Output H" value="38217624"/>
  <attribute name="Output I" value="2000"/>
  <attribute name="Output T" value="16"/>
  <attribute name= "Current Time Running" value="142961" />
  <attribute name="GC Util currently" value="38" />
  <attribute name="CPU Util currently" value="34758602747" />
<allocation-satisfied id="4886" threadId="0000000002369F00" bytesRequested="40" />
<af-end id="4887" timestamp="2019-08-08T12:08:28.473" threadId="000000000236A888" success="true" />
<exclusive-end id="4888" timestamp="2019-08-08T12:08:28.473" durationms="73.975" />

<concurrent-kickoff id="4889" timestamp="2019-08-08T12:08:28.500">
  <kickoff reason="threshold reached" targetBytes="5735327" thresholdFreeBytes="771327" remainingFree="669800" tenureFreeBytes="669800" />
</concurrent-kickoff>
<exclusive-start id="4890" timestamp="2019-08-08T12:08:28.501" intervalms="102.097">
  <response-info timems="0.088" idlems="0.088" threads="0" lastid="0000000002369F00" lastname="main" />
</exclusive-start>
<cycle-start id="4891" type="global" contextid="0" timestamp="2019-08-08T12:08:28.501" intervalms="102.025" />
<exclusive-end id="4892" timestamp="2019-08-08T12:08:28.501" durationms="0.016" />

<exclusive-start id="4893" timestamp="2019-08-08T12:08:28.502" intervalms="0.981">
  <response-info timems="0.324" idlems="0.324" threads="0" lastid="0000000002369F00" lastname="main" />
</exclusive-start>
<af-start id="4894" threadId="000000000236A888" totalBytesRequested="216" timestamp="2019-08-08T12:08:28.502" intervalms="103.085" />
<concurrent-aborted id="4895" timestamp="2019-08-08T12:08:28.502">
  <reason value="insufficient progress made" />
</concurrent-aborted>
<cycle-end id="4896" type="global" contextid="4891" timestamp="2019-08-08T12:08:28.502" />
  <attribute name="elasticGC enabled" value="1" />
  <attribute name= "numThreadsSpecified" value="16" />
  <attribute name="heapSize specified" value="38141952" />
  <attribute name="Current GC Util" value="38" />
  <attribute name= "Current Time Running" value="142961" />
  <attribute name ="GC Interval" value="0" />
  <attribute name="Target GC Util Change" value ="80.000000" />
  <attribute name="Current GC Util Change" value="38.000000"/>
  <attribute name="Current Error" value="-8.000000" />
  <attribute name="Output H" value="38217624"/>
  <attribute name="Output I" value="2000"/>
  <attribute name="Output T" value="16"/>
  <attribute name= "Current Time Running" value="142961" />
  <attribute name="GC Util currently" value="38" />
  <attribute name="CPU Util currently" value="34758602747" />
<cycle-start id="4897" type="global" contextid="0" timestamp="2019-08-08T12:08:28.502" intervalms="1.065" />
<gc-start id="4898" type="global" contextid="4897" timestamp="2019-08-08T12:08:28.502">
  <mem-info id="4899" free="381952" total="38273024" percent="0">
    <mem type="tenure" free="381952" total="38273024" percent="0">
      <mem type="soa" free="0" total="37891072" percent="0" />
      <mem type="loa" free="381952" total="381952" percent="100" />
    </mem>
  </mem-info>
</gc-start>
<allocation-stats totalBytes="19897696" >
  <allocated-bytes non-tlh="0" tlh="19897696" />
  <largest-consumer threadName="main" threadId="0000000002369F00" bytes="19897696" />
</allocation-stats>
<gc-op id="4900" type="mark" timems="24.213" contextid="4897" timestamp="2019-08-08T12:08:28.526">
  <trace-info objectcount="600525" scancount="521415" scanbytes="13382632" />
  <finalization candidates="80" enqueued="0" />
  <ownableSynchronizers candidates="21" cleared="0" />
  <references type="soft" candidates="3261" cleared="0" enqueued="0" dynamicThreshold="16" maxThreshold="32" />
  <references type="weak" candidates="5602" cleared="0" enqueued="0" />
  <references type="phantom" candidates="97" cleared="0" enqueued="0" />
  <stringconstants candidates="13592" cleared="0"  />
</gc-op>
<gc-op id="4901" type="sweep" timems="3.866" contextid="4897" timestamp="2019-08-08T12:08:28.530" />
<mem-info id="4902" free="20297720" total="38273024" percent="53">
  <mem type="tenure" free="20297720" total="38273024" percent="53" micro-fragmented="0">
    <mem type="soa" free="19915768" total="37891072" percent="52" />
    <mem type="loa" free="381952" total="381952" percent="100" />
  </mem>
</mem-info>
<gc-op id="4903" type="compact" timems="24.187" contextid="4897" timestamp="2019-08-08T12:08:28.554">
  <compact-info movecount="6" movebytes="344" reason="compact to aid heap contraction" />
</gc-op>
<heap-resize id="4904" type="expand" space="tenure" amount="131072" count="1" timems="0.025" reason="satisfy allocation request" timestamp="2019-08-08T12:08:28.556" />
<gc-end id="4905" type="global" contextid="4897" durationms="54.148" usertimems="89.527" systemtimems="24.402" timestamp="2019-08-08T12:08:28.556" activeThreads="16">
  <mem-info id="4906" free="20363384" total="38404096" percent="53">
    <mem type="tenure" free="20363384" total="38404096" percent="53">
      <mem type="soa" free="19979384" total="38020096" percent="52" />
      <mem type="loa" free="384000" total="384000" percent="100" />
    </mem>
  </mem-info>
</gc-end>
<cycle-end id="4907" type="global" contextid="4897" timestamp="2019-08-08T12:08:28.556" />
  <attribute name="elasticGC enabled" value="1" />
  <attribute name= "numThreadsSpecified" value="16" />
  <attribute name="heapSize specified" value="38273024" />
  <attribute name="Current GC Util" value="34" />
  <attribute name= "Current Time Running" value="143045" />
  <attribute name ="GC Interval" value="0" />
  <attribute name="Target GC Util Change" value ="80.000000" />
  <attribute name="Current GC Util Change" value="34.000000"/>
  <attribute name="Current Error" value="46.000000" />
  <attribute name="Output H" value="38348760"/>
  <attribute name="Output I" value="2096"/>
  <attribute name="Output T" value="16"/>
  <attribute name= "Current Time Running" value="143045" />
  <attribute name="GC Util currently" value="34" />
  <attribute name="CPU Util currently" value="47515502155" />
<allocation-satisfied id="4908" threadId="0000000002369F00" bytesRequested="216" />
<af-end id="4909" timestamp="2019-08-08T12:08:28.556" threadId="000000000236A888" success="true" />
<exclusive-end id="4910" timestamp="2019-08-08T12:08:28.556" durationms="54.547" />

<concurrent-kickoff id="4911" timestamp="2019-08-08T12:08:28.574">
  <kickoff reason="threshold reached" targetBytes="5754969" thresholdFreeBytes="773968" remainingFree="669816" tenureFreeBytes="669816" />
</concurrent-kickoff>
<exclusive-start id="4912" timestamp="2019-08-08T12:08:28.575" intervalms="72.897">
  <response-info timems="0.093" idlems="0.093" threads="0" lastid="0000000002369F00" lastname="main" />
</exclusive-start>
<cycle-start id="4913" type="global" contextid="0" timestamp="2019-08-08T12:08:28.575" intervalms="72.854" />
<exclusive-end id="4914" timestamp="2019-08-08T12:08:28.575" durationms="0.088" />

<exclusive-start id="4915" timestamp="2019-08-08T12:08:28.583" intervalms="8.457">
  <response-info timems="0.066" idlems="0.066" threads="0" lastid="0000000002369F00" lastname="main" />
</exclusive-start>
<af-start id="4916" threadId="000000000236A888" totalBytesRequested="40" timestamp="2019-08-08T12:08:28.583" intervalms="81.384" />
<concurrent-aborted id="4917" timestamp="2019-08-08T12:08:28.583">
  <reason value="insufficient progress made" />
</concurrent-aborted>
<cycle-end id="4918" type="global" contextid="4913" timestamp="2019-08-08T12:08:28.583" />
  <attribute name="elasticGC enabled" value="1" />
  <attribute name= "numThreadsSpecified" value="16" />
  <attribute name="heapSize specified" value="38273024" />
  <attribute name="Current GC Util" value="34" />
  <attribute name= "Current Time Running" value="143045" />
  <attribute name ="GC Interval" value="0" />
  <attribute name="Target GC Util Change" value ="80.000000" />
  <attribute name="Current GC Util Change" value="34.000000"/>
  <attribute name="Current Error" value="46.000000" />
  <attribute name="Output H" value="38348760"/>
  <attribute name="Output I" value="2096"/>
  <attribute name="Output T" value="16"/>
  <attribute name= "Current Time Running" value="143045" />
  <attribute name="GC Util currently" value="34" />
  <attribute name="CPU Util currently" value="47515502155" />
<cycle-start id="4919" type="global" contextid="0" timestamp="2019-08-08T12:08:28.583" intervalms="8.568" />
<gc-start id="4920" type="global" contextid="4919" timestamp="2019-08-08T12:08:28.583">
  <mem-info id="4921" free="384000" total="38404096" percent="0">
    <mem type="tenure" free="384000" total="38404096" percent="0">
      <mem type="soa" free="0" total="38020096" percent="0" />
      <mem type="loa" free="384000" total="384000" percent="100" />
    </mem>
  </mem-info>
</gc-start>
<allocation-stats totalBytes="20027648" >
  <allocated-bytes non-tlh="0" tlh="20027648" />
  <largest-consumer threadName="main" threadId="0000000002369F00" bytes="20027648" />
</allocation-stats>
<gc-op id="4922" type="mark" timems="12.929" contextid="4919" timestamp="2019-08-08T12:08:28.596">
  <trace-info objectcount="600524" scancount="521414" scanbytes="13382592" />
  <finalization candidates="80" enqueued="0" />
  <ownableSynchronizers candidates="21" cleared="0" />
  <references type="soft" candidates="3261" cleared="0" enqueued="0" dynamicThreshold="16" maxThreshold="32" />
  <references type="weak" candidates="5602" cleared="0" enqueued="0" />
  <references type="phantom" candidates="97" cleared="0" enqueued="0" />
  <stringconstants candidates="13592" cleared="0"  />
</gc-op>
<gc-op id="4923" type="sweep" timems="5.976" contextid="4919" timestamp="2019-08-08T12:08:28.602" />
<mem-info id="4924" free="20429088" total="38404096" percent="53">
  <mem type="tenure" free="20429088" total="38404096" percent="53" micro-fragmented="0">
    <mem type="soa" free="20045088" total="38020096" percent="52" />
    <mem type="loa" free="384000" total="384000" percent="100" />
  </mem>
</mem-info>
<gc-op id="4925" type="compact" timems="35.139" contextid="4919" timestamp="2019-08-08T12:08:28.637">
  <compact-info movecount="5" movebytes="168" reason="compact to aid heap contraction" />
</gc-op>
<heap-resize id="4926" type="expand" space="tenure" amount="131072" count="1" timems="0.025" reason="satisfy allocation request" timestamp="2019-08-08T12:08:28.638" />
<gc-end id="4927" type="global" contextid="4919" durationms="54.875" usertimems="119.441" systemtimems="7.987" timestamp="2019-08-08T12:08:28.638" activeThreads="16">
  <mem-info id="4928" free="20494632" total="38535168" percent="53">
    <mem type="tenure" free="20494632" total="38535168" percent="53">
      <mem type="soa" free="20109608" total="38150144" percent="52" />
      <mem type="loa" free="385024" total="385024" percent="100" />
    </mem>
  </mem-info>
</gc-end>
<cycle-end id="4929" type="global" contextid="4919" timestamp="2019-08-08T12:08:28.638" />
  <attribute name="elasticGC enabled" value="1" />
  <attribute name= "numThreadsSpecified" value="16" />
  <attribute name="heapSize specified" value="38404096" />
  <attribute name="Current GC Util" value="31" />
  <attribute name= "Current Time Running" value="143128" />
  <attribute name ="GC Interval" value="0" />
  <attribute name="Target GC Util Change" value ="80.000000" />
  <attribute name="Current GC Util Change" value="31.000000"/>
  <attribute name="Current Error" value="-429.000000" />
  <attribute name="Output H" value="38479288"/>
  <attribute name="Output I" value="1248"/>
  <attribute name="Output T" value="16"/>
  <attribute name= "Current Time Running" value="143128" />
  <attribute name="GC Util currently" value="31" />
  <attribute name="CPU Util currently" value="32755726972" />
<allocation-satisfied id="4930" threadId="0000000002369F00" bytesRequested="40" />
<af-end id="4931" timestamp="2019-08-08T12:08:28.638" threadId="000000000236A888" success="true" />
<exclusive-end id="4932" timestamp="2019-08-08T12:08:28.638" durationms="55.236" />

<concurrent-kickoff id="4933" timestamp="2019-08-08T12:08:28.658">
  <kickoff reason="threshold reached" targetBytes="5774611" thresholdFreeBytes="776611" remainingFree="669992" tenureFreeBytes="669992" />
</concurrent-kickoff>
<exclusive-start id="4934" timestamp="2019-08-08T12:08:28.659" intervalms="75.599">
  <response-info timems="0.146" idlems="0.146" threads="0" lastid="0000000002369F00" lastname="main" />
</exclusive-start>
<cycle-start id="4935" type="global" contextid="0" timestamp="2019-08-08T12:08:28.659" intervalms="75.446" />
<exclusive-end id="4936" timestamp="2019-08-08T12:08:28.659" durationms="0.014" />

<exclusive-start id="4937" timestamp="2019-08-08T12:08:28.660" intervalms="1.709">
  <response-info timems="0.173" idlems="0.173" threads="0" lastid="0000000002369F00" lastname="main" />
</exclusive-start>
<af-start id="4938" threadId="000000000236A888" totalBytesRequested="264" timestamp="2019-08-08T12:08:28.660" intervalms="77.295" />
<concurrent-aborted id="4939" timestamp="2019-08-08T12:08:28.660">
  <reason value="insufficient progress made" />
</concurrent-aborted>
<cycle-end id="4940" type="global" contextid="4935" timestamp="2019-08-08T12:08:28.660" />
  <attribute name="elasticGC enabled" value="1" />
  <attribute name= "numThreadsSpecified" value="16" />
  <attribute name="heapSize specified" value="38404096" />
  <attribute name="Current GC Util" value="31" />
  <attribute name= "Current Time Running" value="143128" />
  <attribute name ="GC Interval" value="0" />
  <attribute name="Target GC Util Change" value ="80.000000" />
  <attribute name="Current GC Util Change" value="31.000000"/>
  <attribute name="Current Error" value="-429.000000" />
  <attribute name="Output H" value="38479288"/>
  <attribute name="Output I" value="1248"/>
  <attribute name="Output T" value="16"/>
  <attribute name= "Current Time Running" value="143128" />
  <attribute name="GC Util currently" value="31" />
  <attribute name="CPU Util currently" value="32755726972" />
<cycle-start id="4941" type="global" contextid="0" timestamp="2019-08-08T12:08:28.660" intervalms="1.828" />
<gc-start id="4942" type="global" contextid="4941" timestamp="2019-08-08T12:08:28.660">
  <mem-info id="4943" free="385024" total="38535168" percent="0">
    <mem type="tenure" free="385024" total="38535168" percent="0">
      <mem type="soa" free="0" total="38150144" percent="0" />
      <mem type="loa" free="385024" total="385024" percent="100" />
    </mem>
  </mem-info>
</gc-start>
<allocation-stats totalBytes="20156416" >
  <allocated-bytes non-tlh="0" tlh="20156416" />
  <largest-consumer threadName="main" threadId="0000000002369F00" bytes="20156416" />
</allocation-stats>
<gc-op id="4944" type="mark" timems="28.043" contextid="4941" timestamp="2019-08-08T12:08:28.689">
  <trace-info objectcount="600525" scancount="521415" scanbytes="13382632" />
  <finalization candidates="80" enqueued="0" />
  <ownableSynchronizers candidates="21" cleared="0" />
  <references type="soft" candidates="3261" cleared="0" enqueued="0" dynamicThreshold="17" maxThreshold="32" />
  <references type="weak" candidates="5602" cleared="0" enqueued="0" />
  <references type="phantom" candidates="97" cleared="0" enqueued="0" />
  <stringconstants candidates="13592" cleared="0"  />
</gc-op>
<gc-op id="4945" type="sweep" timems="6.075" contextid="4941" timestamp="2019-08-08T12:08:28.695" />
<mem-info id="4946" free="20559712" total="38535168" percent="53">
  <mem type="tenure" free="20559712" total="38535168" percent="53" micro-fragmented="0">
    <mem type="soa" free="20174688" total="38150144" percent="52" />
    <mem type="loa" free="385024" total="385024" percent="100" />
  </mem>
</mem-info>
<gc-op id="4947" type="compact" timems="31.959" contextid="4941" timestamp="2019-08-08T12:08:28.727">
  <compact-info movecount="6" movebytes="400" reason="compact to aid heap contraction" />
</gc-op>
<heap-resize id="4948" type="expand" space="tenure" amount="131072" count="1" timems="0.023" reason="satisfy allocation request" timestamp="2019-08-08T12:08:28.731" />
<gc-end id="4949" type="global" contextid="4941" durationms="70.830" usertimems="98.942" systemtimems="30.272" timestamp="2019-08-08T12:08:28.731" activeThreads="16">
  <mem-info id="4950" free="20625472" total="38666240" percent="53">
    <mem type="tenure" free="20625472" total="38666240" percent="53">
      <mem type="soa" free="20239424" total="38280192" percent="52" />
      <mem type="loa" free="386048" total="386048" percent="100" />
    </mem>
  </mem-info>
</gc-end>
<cycle-end id="4951" type="global" contextid="4941" timestamp="2019-08-08T12:08:28.731" />
  <attribute name="elasticGC enabled" value="1" />
  <attribute name= "numThreadsSpecified" value="16" />
  <attribute name="heapSize specified" value="38535168" />
  <attribute name="Current GC Util" value="27" />
  <attribute name= "Current Time Running" value="143217" />
  <attribute name ="GC Interval" value="0" />
  <attribute name="Target GC Util Change" value ="80.000000" />
  <attribute name="Current GC Util Change" value="27.000000"/>
  <attribute name="Current Error" value="-128.000000" />
  <attribute name="Output H" value="38610704"/>
  <attribute name="Output I" value="1784"/>
  <attribute name="Output T" value="16"/>
  <attribute name= "Current Time Running" value="143217" />
  <attribute name="GC Util currently" value="27" />
  <attribute name="CPU Util currently" value="35911805620" />
<allocation-satisfied id="4952" threadId="0000000002369F00" bytesRequested="264" />
<af-end id="4953" timestamp="2019-08-08T12:08:28.731" threadId="000000000236A888" success="true" />
<exclusive-end id="4954" timestamp="2019-08-08T12:08:28.731" durationms="71.069" />

<concurrent-kickoff id="4955" timestamp="2019-08-08T12:08:28.751">
  <kickoff reason="threshold reached" targetBytes="5794251" thresholdFreeBytes="779251" remainingFree="669760" tenureFreeBytes="669760" />
</concurrent-kickoff>
<exclusive-start id="4956" timestamp="2019-08-08T12:08:28.751" intervalms="91.181">
  <response-info timems="0.027" idlems="0.027" threads="0" lastid="0000000002369F00" lastname="main" />
</exclusive-start>
<cycle-start id="4957" type="global" contextid="0" timestamp="2019-08-08T12:08:28.751" intervalms="91.063" />
<exclusive-end id="4958" timestamp="2019-08-08T12:08:28.751" durationms="0.017" />

<exclusive-start id="4959" timestamp="2019-08-08T12:08:28.752" intervalms="0.786">
  <response-info timems="0.013" idlems="0.013" threads="0" lastid="0000000002369F00" lastname="main" />
</exclusive-start>
<af-start id="4960" threadId="000000000236A888" totalBytesRequested="216" timestamp="2019-08-08T12:08:28.752" intervalms="91.948" />
<concurrent-aborted id="4961" timestamp="2019-08-08T12:08:28.752">
  <reason value="insufficient progress made" />
</concurrent-aborted>
<cycle-end id="4962" type="global" contextid="4957" timestamp="2019-08-08T12:08:28.752" />
  <attribute name="elasticGC enabled" value="1" />
  <attribute name= "numThreadsSpecified" value="16" />
  <attribute name="heapSize specified" value="38535168" />
  <attribute name="Current GC Util" value="27" />
  <attribute name= "Current Time Running" value="143217" />
  <attribute name ="GC Interval" value="0" />
  <attribute name="Target GC Util Change" value ="80.000000" />
  <attribute name="Current GC Util Change" value="27.000000"/>
  <attribute name="Current Error" value="-128.000000" />
  <attribute name="Output H" value="38610704"/>
  <attribute name="Output I" value="1784"/>
  <attribute name="Output T" value="16"/>
  <attribute name= "Current Time Running" value="143217" />
  <attribute name="GC Util currently" value="27" />
  <attribute name="CPU Util currently" value="35911805620" />
<cycle-start id="4963" type="global" contextid="0" timestamp="2019-08-08T12:08:28.752" intervalms="0.871" />
<gc-start id="4964" type="global" contextid="4963" timestamp="2019-08-08T12:08:28.752">
  <mem-info id="4965" free="386048" total="38666240" percent="0">
    <mem type="tenure" free="386048" total="38666240" percent="0">
      <mem type="soa" free="0" total="38280192" percent="0" />
      <mem type="loa" free="386048" total="386048" percent="100" />
    </mem>
  </mem-info>
</gc-start>
<allocation-stats totalBytes="20286024" >
  <allocated-bytes non-tlh="0" tlh="20286024" />
  <largest-consumer threadName="main" threadId="0000000002369F00" bytes="20286024" />
</allocation-stats>
<gc-op id="4966" type="mark" timems="10.293" contextid="4963" timestamp="2019-08-08T12:08:28.763">
  <trace-info objectcount="600525" scancount="521433" scanbytes="13382632" />
  <finalization candidates="80" enqueued="0" />
  <ownableSynchronizers candidates="21" cleared="0" />
  <references type="soft" candidates="3261" cleared="0" enqueued="0" dynamicThreshold="17" maxThreshold="32" />
  <references type="weak" candidates="5602" cleared="0" enqueued="0" />
  <references type="phantom" candidates="97" cleared="0" enqueued="0" />
  <stringconstants candidates="13592" cleared="0"  />
</gc-op>
<gc-op id="4967" type="sweep" timems="4.422" contextid="4963" timestamp="2019-08-08T12:08:28.767" />
<mem-info id="4968" free="20690936" total="38666240" percent="53">
  <mem type="tenure" free="20690936" total="38666240" percent="53" micro-fragmented="0">
    <mem type="soa" free="20304888" total="38280192" percent="53" />
    <mem type="loa" free="386048" total="386048" percent="100" />
  </mem>
</mem-info>
<gc-op id="4969" type="compact" timems="28.951" contextid="4963" timestamp="2019-08-08T12:08:28.796">
  <compact-info movecount="6" movebytes="352" reason="compact to aid heap contraction" />
</gc-op>
<heap-resize id="4970" type="expand" space="tenure" amount="131072" count="1" timems="0.026" reason="satisfy allocation request" timestamp="2019-08-08T12:08:28.797" />
<gc-end id="4971" type="global" contextid="4963" durationms="44.765" usertimems="76.767" systemtimems="0.000" timestamp="2019-08-08T12:08:28.797" activeThreads="16">
  <mem-info id="4972" free="20756592" total="38797312" percent="53">
    <mem type="tenure" free="20756592" total="38797312" percent="53">
      <mem type="soa" free="20369520" total="38410240" percent="53" />
      <mem type="loa" free="387072" total="387072" percent="100" />
    </mem>
  </mem-info>
</gc-end>
<cycle-end id="4973" type="global" contextid="4963" timestamp="2019-08-08T12:08:28.797" />
  <attribute name="elasticGC enabled" value="1" />
  <attribute name= "numThreadsSpecified" value="16" />
  <attribute name="heapSize specified" value="38666240" />
  <attribute name="Current GC Util" value="37" />
  <attribute name= "Current Time Running" value="143286" />
  <attribute name ="GC Interval" value="0" />
  <attribute name="Target GC Util Change" value ="80.000000" />
  <attribute name="Current GC Util Change" value="37.000000"/>
  <attribute name="Current Error" value="-168.000000" />
  <attribute name="Output H" value="38741728"/>
  <attribute name="Output I" value="1712"/>
  <attribute name="Output T" value="16"/>
  <attribute name= "Current Time Running" value="143286" />
  <attribute name="GC Util currently" value="37" />
  <attribute name="CPU Util currently" value="39750671799" />
<allocation-satisfied id="4974" threadId="0000000002369F00" bytesRequested="216" />
<af-end id="4975" timestamp="2019-08-08T12:08:28.797" threadId="000000000236A888" success="true" />
<exclusive-end id="4976" timestamp="2019-08-08T12:08:28.797" durationms="44.971" />

<concurrent-kickoff id="4977" timestamp="2019-08-08T12:08:28.863">
  <kickoff reason="threshold reached" targetBytes="5813892" thresholdFreeBytes="781893" remainingFree="669808" tenureFreeBytes="669808" />
</concurrent-kickoff>
<exclusive-start id="4978" timestamp="2019-08-08T12:08:28.863" intervalms="111.161">
  <response-info timems="0.130" idlems="0.130" threads="0" lastid="0000000002369F00" lastname="main" />
</exclusive-start>
<cycle-start id="4979" type="global" contextid="0" timestamp="2019-08-08T12:08:28.863" intervalms="111.091" />
<exclusive-end id="4980" timestamp="2019-08-08T12:08:28.863" durationms="0.036" />

<exclusive-start id="4981" timestamp="2019-08-08T12:08:28.869" intervalms="5.099">
  <response-info timems="0.130" idlems="0.130" threads="0" lastid="0000000002369F00" lastname="main" />
</exclusive-start>
<af-start id="4982" threadId="000000000236A888" totalBytesRequested="24" timestamp="2019-08-08T12:08:28.869" intervalms="116.273" />
<gc-start id="4983" type="global" contextid="4979" timestamp="2019-08-08T12:08:28.869">
  <mem-info id="4984" free="387072" total="38797312" percent="0">
    <mem type="tenure" free="387072" total="38797312" percent="0">
      <mem type="soa" free="0" total="38410240" percent="0" />
      <mem type="loa" free="387072" total="387072" percent="100" />
    </mem>
  </mem-info>
</gc-start>
<allocation-stats totalBytes="20428712" >
  <allocated-bytes non-tlh="0" tlh="20428712" />
  <largest-consumer threadName="main" threadId="0000000002369F00" bytes="20428712" />
</allocation-stats>
<concurrent-halted id="4985" timestamp="2019-08-08T12:08:28.869">
  <halted state="Class scanning incomplete" status="trace only" />
  <traced bytesTarget="5813892" bytesTotal="1950104" bytesByMutator="0" bytesByHelper="1950104" percent="33" />
  <cards cleaned="0" thresholdBytes="308018" />
</concurrent-halted>
<gc-op id="4986" type="tracing" timems="5.783" contextid="4979" timestamp="2019-08-08T12:08:28.875">
  <trace bytesTraced="10211004" workStackOverflowCount="0" />
</gc-op>
<gc-op id="4987" type="card-cleaning" timems="1.140" contextid="4979" timestamp="2019-08-08T12:08:28.876">
  <card-cleaning cardsCleaned="5" bytesTraced="5500" workStackOverflowCount="0" />
</gc-op>
<gc-op id="4988" type="mark" timems="5.646" contextid="4979" timestamp="2019-08-08T12:08:28.881">
  <trace-info objectcount="42492" scancount="39535" scanbytes="1243192" />
  <finalization candidates="80" enqueued="0" />
  <ownableSynchronizers candidates="21" cleared="0" />
  <references type="soft" candidates="3261" cleared="0" enqueued="0" dynamicThreshold="17" maxThreshold="32" />
  <references type="weak" candidates="5602" cleared="0" enqueued="0" />
  <references type="phantom" candidates="97" cleared="0" enqueued="0" />
  <stringconstants candidates="13592" cleared="0"  />
</gc-op>
<gc-op id="4989" type="sweep" timems="9.451" contextid="4979" timestamp="2019-08-08T12:08:28.891" />
<mem-info id="4990" free="20819800" total="38797312" percent="53">
  <mem type="tenure" free="20819800" total="38797312" percent="53" micro-fragmented="0">
    <mem type="soa" free="20432728" total="38410240" percent="53" />
    <mem type="loa" free="387072" total="387072" percent="100" />
  </mem>
</mem-info>
<gc-op id="4991" type="compact" timems="36.406" contextid="4979" timestamp="2019-08-08T12:08:28.927">
  <compact-info movecount="56" movebytes="2416" reason="compact to aid heap contraction" />
</gc-op>
<heap-resize id="4992" type="expand" space="tenure" amount="131072" count="1" timems="0.021" reason="satisfy allocation request" timestamp="2019-08-08T12:08:28.928" />
<gc-end id="4993" type="global" contextid="4979" durationms="59.520" usertimems="146.096" systemtimems="14.508" timestamp="2019-08-08T12:08:28.928" activeThreads="16">
  <mem-info id="4994" free="20886008" total="38928384" percent="53">
    <mem type="tenure" free="20886008" total="38928384" percent="53">
      <mem type="soa" free="20496888" total="38539264" percent="53" />
      <mem type="loa" free="389120" total="389120" percent="100" />
    </mem>
  </mem-info>
</gc-end>
<cycle-end id="4995" type="global" contextid="4979" timestamp="2019-08-08T12:08:28.928" />
  <attribute name="elasticGC enabled" value="1" />
  <attribute name= "numThreadsSpecified" value="16" />
  <attribute name="heapSize specified" value="38797312" />
  <attribute name="Current GC Util" value="37" />
  <attribute name= "Current Time Running" value="143418" />
  <attribute name ="GC Interval" value="0" />
  <attribute name="Target GC Util Change" value ="80.000000" />
  <attribute name="Current GC Util Change" value="37.000000"/>
  <attribute name="Current Error" value="-42.000000" />
  <attribute name="Output H" value="38872944"/>
  <attribute name="Output I" value="1936"/>
  <attribute name="Output T" value="16"/>
  <attribute name= "Current Time Running" value="143418" />
  <attribute name="GC Util currently" value="37" />
  <attribute name="CPU Util currently" value="31652793145" />
<allocation-satisfied id="4996" threadId="0000000002369F00" bytesRequested="24" />
<af-end id="4997" timestamp="2019-08-08T12:08:28.928" threadId="000000000236A888" success="true" />
<exclusive-end id="4998" timestamp="2019-08-08T12:08:28.928" durationms="59.698" />

<concurrent-kickoff id="4999" timestamp="2019-08-08T12:08:28.987">
  <kickoff reason="threshold reached" targetBytes="5140621" thresholdFreeBytes="692340" remainingFree="668152" tenureFreeBytes="668152" />
</concurrent-kickoff>
<exclusive-start id="5000" timestamp="2019-08-08T12:08:28.987" intervalms="118.589">
  <response-info timems="0.020" idlems="0.020" threads="0" lastid="0000000002369F00" lastname="main" />
</exclusive-start>
<cycle-start id="5001" type="global" contextid="0" timestamp="2019-08-08T12:08:28.987" intervalms="123.674" />
<exclusive-end id="5002" timestamp="2019-08-08T12:08:28.987" durationms="0.016" />

<exclusive-start id="5003" timestamp="2019-08-08T12:08:28.988" intervalms="1.220">
  <response-info timems="0.064" idlems="0.064" threads="0" lastid="0000000002369F00" lastname="main" />
</exclusive-start>
<af-start id="5004" threadId="000000000236A888" totalBytesRequested="136" timestamp="2019-08-08T12:08:28.988" intervalms="119.804" />
<concurrent-aborted id="5005" timestamp="2019-08-08T12:08:28.988">
  <reason value="insufficient progress made" />
</concurrent-aborted>
<cycle-end id="5006" type="global" contextid="5001" timestamp="2019-08-08T12:08:28.988" />
  <attribute name="elasticGC enabled" value="1" />
  <attribute name= "numThreadsSpecified" value="16" />
  <attribute name="heapSize specified" value="38797312" />
  <attribute name="Current GC Util" value="37" />
  <attribute name= "Current Time Running" value="143418" />
  <attribute name ="GC Interval" value="0" />
  <attribute name="Target GC Util Change" value ="80.000000" />
  <attribute name="Current GC Util Change" value="37.000000"/>
  <attribute name="Current Error" value="-42.000000" />
  <attribute name="Output H" value="38872944"/>
  <attribute name="Output I" value="1936"/>
  <attribute name="Output T" value="16"/>
  <attribute name= "Current Time Running" value="143418" />
  <attribute name="GC Util currently" value="37" />
  <attribute name="CPU Util currently" value="31652793145" />
<cycle-start id="5007" type="global" contextid="0" timestamp="2019-08-08T12:08:28.988" intervalms="1.309" />
<gc-start id="5008" type="global" contextid="5007" timestamp="2019-08-08T12:08:28.988">
  <mem-info id="5009" free="389120" total="38928384" percent="0">
    <mem type="tenure" free="389120" total="38928384" percent="0">
      <mem type="soa" free="0" total="38539264" percent="0" />
      <mem type="loa" free="389120" total="389120" percent="100" />
    </mem>
  </mem-info>
</gc-start>
<allocation-stats totalBytes="20558000" >
  <allocated-bytes non-tlh="0" tlh="20558000" />
  <largest-consumer threadName="main" threadId="0000000002369F00" bytes="20558000" />
</allocation-stats>
<gc-op id="5010" type="mark" timems="28.917" contextid="5007" timestamp="2019-08-08T12:08:29.017">
  <trace-info objectcount="600556" scancount="521446" scanbytes="13384080" />
  <finalization candidates="80" enqueued="0" />
  <ownableSynchronizers candidates="21" cleared="0" />
  <references type="soft" candidates="3261" cleared="0" enqueued="0" dynamicThreshold="17" maxThreshold="32" />
  <references type="weak" candidates="5602" cleared="0" enqueued="0" />
  <references type="phantom" candidates="97" cleared="0" enqueued="0" />
  <stringconstants candidates="13592" cleared="0"  />
</gc-op>
<gc-op id="5011" type="sweep" timems="5.126" contextid="5007" timestamp="2019-08-08T12:08:29.023" />
<mem-info id="5012" free="20951368" total="38928384" percent="53">
  <mem type="tenure" free="20951368" total="38928384" percent="53" micro-fragmented="0">
    <mem type="soa" free="20562248" total="38539264" percent="53" />
    <mem type="loa" free="389120" total="389120" percent="100" />
  </mem>
</mem-info>
<gc-op id="5013" type="compact" timems="32.752" contextid="5007" timestamp="2019-08-08T12:08:29.055">
  <compact-info movecount="30" movebytes="1416" reason="compact to aid heap contraction" />
</gc-op>
<heap-resize id="5014" type="expand" space="tenure" amount="131072" count="1" timems="0.021" reason="satisfy allocation request" timestamp="2019-08-08T12:08:29.056" />
<gc-end id="5015" type="global" contextid="5007" durationms="67.597" usertimems="174.209" systemtimems="27.975" timestamp="2019-08-08T12:08:29.056" activeThreads="16">
  <mem-info id="5016" free="21017496" total="39059456" percent="53">
    <mem type="tenure" free="21017496" total="39059456" percent="53">
      <mem type="soa" free="20627352" total="38669312" percent="53" />
      <mem type="loa" free="390144" total="390144" percent="100" />
    </mem>
  </mem-info>
</gc-end>
<cycle-end id="5017" type="global" contextid="5007" timestamp="2019-08-08T12:08:29.056" />
  <attribute name="elasticGC enabled" value="1" />
  <attribute name= "numThreadsSpecified" value="16" />
  <attribute name="heapSize specified" value="38928384" />
  <attribute name="Current GC Util" value="81" />
  <attribute name= "Current Time Running" value="143545" />
  <attribute name ="GC Interval" value="0" />
  <attribute name="Target GC Util Change" value ="80.000000" />
  <attribute name="Current GC Util Change" value="81.000000"/>
  <attribute name="Current Error" value="-286.000000" />
  <attribute name="Output H" value="39003736"/>
  <attribute name="Output I" value="1504"/>
  <attribute name="Output T" value="16"/>
  <attribute name= "Current Time Running" value="143545" />
  <attribute name="GC Util currently" value="81" />
  <attribute name="CPU Util currently" value="35161257921" />
<allocation-satisfied id="5018" threadId="0000000002369F00" bytesRequested="136" />
<af-end id="5019" timestamp="2019-08-08T12:08:29.056" threadId="000000000236A888" success="true" />
<exclusive-end id="5020" timestamp="2019-08-08T12:08:29.056" durationms="67.826" />

<concurrent-kickoff id="5021" timestamp="2019-08-08T12:08:29.122">
  <kickoff reason="threshold reached" targetBytes="5157930" thresholdFreeBytes="694670" remainingFree="668568" tenureFreeBytes="668568" />
</concurrent-kickoff>
<exclusive-start id="5022" timestamp="2019-08-08T12:08:29.122" intervalms="133.339">
  <response-info timems="0.024" idlems="0.024" threads="0" lastid="0000000002369F00" lastname="main" />
</exclusive-start>
<cycle-start id="5023" type="global" contextid="0" timestamp="2019-08-08T12:08:29.122" intervalms="133.403" />
<exclusive-end id="5024" timestamp="2019-08-08T12:08:29.122" durationms="0.173" />

<exclusive-start id="5025" timestamp="2019-08-08T12:08:29.127" intervalms="5.013">
  <response-info timems="0.058" idlems="0.058" threads="0" lastid="0000000002369F00" lastname="main" />
</exclusive-start>
<af-start id="5026" threadId="000000000236A888" totalBytesRequested="32" timestamp="2019-08-08T12:08:29.127" intervalms="138.355" />
<gc-start id="5027" type="global" contextid="5023" timestamp="2019-08-08T12:08:29.127">
  <mem-info id="5028" free="390144" total="39059456" percent="0">
    <mem type="tenure" free="390144" total="39059456" percent="0">
      <mem type="soa" free="0" total="38669312" percent="0" />
      <mem type="loa" free="390144" total="390144" percent="100" />
    </mem>
  </mem-info>
</gc-start>
<allocation-stats totalBytes="20688432" >
  <allocated-bytes non-tlh="0" tlh="20688432" />
  <largest-consumer threadName="main" threadId="0000000002369F00" bytes="20688432" />
</allocation-stats>
<concurrent-halted id="5029" timestamp="2019-08-08T12:08:29.127">
  <halted state="Class scanning incomplete" status="trace only" />
  <traced bytesTarget="5157930" bytesTotal="1145428" bytesByMutator="0" bytesByHelper="1145428" percent="22" />
  <cards cleaned="0" thresholdBytes="273657" />
</concurrent-halted>
<gc-op id="5030" type="tracing" timems="6.860" contextid="5023" timestamp="2019-08-08T12:08:29.134">
  <trace bytesTraced="11515808" workStackOverflowCount="0" />
</gc-op>
<gc-op id="5031" type="card-cleaning" timems="1.363" contextid="5023" timestamp="2019-08-08T12:08:29.135">
  <card-cleaning cardsCleaned="5" bytesTraced="4532" workStackOverflowCount="0" />
</gc-op>
<gc-op id="5032" type="mark" timems="9.698" contextid="5023" timestamp="2019-08-08T12:08:29.145">
  <trace-info objectcount="25986" scancount="23814" scanbytes="737676" />
  <finalization candidates="80" enqueued="0" />
  <ownableSynchronizers candidates="21" cleared="0" />
  <references type="soft" candidates="3261" cleared="0" enqueued="0" dynamicThreshold="17" maxThreshold="32" />
  <references type="weak" candidates="5602" cleared="0" enqueued="0" />
  <references type="phantom" candidates="97" cleared="0" enqueued="0" />
  <stringconstants candidates="13592" cleared="0"  />
</gc-op>
<gc-op id="5033" type="sweep" timems="11.564" contextid="5023" timestamp="2019-08-08T12:08:29.157" />
<mem-info id="5034" free="21083656" total="39059456" percent="53">
  <mem type="tenure" free="21083656" total="39059456" percent="53" micro-fragmented="0">
    <mem type="soa" free="20693512" total="38669312" percent="53" />
    <mem type="loa" free="390144" total="390144" percent="100" />
  </mem>
</mem-info>
<gc-op id="5035" type="compact" timems="32.138" contextid="5023" timestamp="2019-08-08T12:08:29.189">
  <compact-info movecount="17" movebytes="760" reason="compact to aid heap contraction" />
</gc-op>
<heap-resize id="5036" type="expand" space="tenure" amount="131072" count="1" timems="0.025" reason="satisfy allocation request" timestamp="2019-08-08T12:08:29.189" />
<gc-end id="5037" type="global" contextid="5023" durationms="62.608" usertimems="162.644" systemtimems="0.000" timestamp="2019-08-08T12:08:29.189" activeThreads="16">
  <mem-info id="5038" free="21149224" total="39190528" percent="53">
    <mem type="tenure" free="21149224" total="39190528" percent="53">
      <mem type="soa" free="20758056" total="38799360" percent="53" />
      <mem type="loa" free="391168" total="391168" percent="100" />
    </mem>
  </mem-info>
</gc-end>
<cycle-end id="5039" type="global" contextid="5023" timestamp="2019-08-08T12:08:29.189" />
  <attribute name="elasticGC enabled" value="1" />
  <attribute name= "numThreadsSpecified" value="16" />
  <attribute name="heapSize specified" value="39059456" />
  <attribute name="Current GC Util" value="0" />
  <attribute name= "Current Time Running" value="143679" />
  <attribute name ="GC Interval" value="0" />
  <attribute name="Target GC Util Change" value ="80.000000" />
  <attribute name="Current GC Util Change" value="0.000000"/>
  <attribute name="Current Error" value="57.000000" />
  <attribute name="Output H" value="39135208"/>
  <attribute name="Output I" value="2112"/>
  <attribute name="Output T" value="16"/>
  <attribute name= "Current Time Running" value="143679" />
  <attribute name="GC Util currently" value="0" />
  <attribute name="CPU Util currently" value="35790728456" />
<allocation-satisfied id="5040" threadId="0000000002369F00" bytesRequested="32" />
<af-end id="5041" timestamp="2019-08-08T12:08:29.189" threadId="000000000236A888" success="true" />
<exclusive-end id="5042" timestamp="2019-08-08T12:08:29.189" durationms="62.798" />

<concurrent-kickoff id="5043" timestamp="2019-08-08T12:08:29.253">
  <kickoff reason="threshold reached" targetBytes="4397860" thresholdFreeBytes="593841" remainingFree="538152" tenureFreeBytes="538152" />
</concurrent-kickoff>
<exclusive-start id="5044" timestamp="2019-08-08T12:08:29.253" intervalms="126.453">
  <response-info timems="0.048" idlems="0.048" threads="0" lastid="0000000002369F00" lastname="main" />
</exclusive-start>
<cycle-start id="5045" type="global" contextid="0" timestamp="2019-08-08T12:08:29.253" intervalms="131.319" />
<exclusive-end id="5046" timestamp="2019-08-08T12:08:29.253" durationms="0.024" />

<exclusive-start id="5047" timestamp="2019-08-08T12:08:29.254" intervalms="1.143">
  <response-info timems="0.042" idlems="0.042" threads="0" lastid="0000000002369F00" lastname="main" />
</exclusive-start>
<af-start id="5048" threadId="000000000236A888" totalBytesRequested="136" timestamp="2019-08-08T12:08:29.254" intervalms="127.581" />
<concurrent-aborted id="5049" timestamp="2019-08-08T12:08:29.254">
  <reason value="insufficient progress made" />
</concurrent-aborted>
<cycle-end id="5050" type="global" contextid="5045" timestamp="2019-08-08T12:08:29.254" />
  <attribute name="elasticGC enabled" value="1" />
  <attribute name= "numThreadsSpecified" value="16" />
  <attribute name="heapSize specified" value="39059456" />
  <attribute name="Current GC Util" value="0" />
  <attribute name= "Current Time Running" value="143679" />
  <attribute name ="GC Interval" value="0" />
  <attribute name="Target GC Util Change" value ="80.000000" />
  <attribute name="Current GC Util Change" value="0.000000"/>
  <attribute name="Current Error" value="57.000000" />
  <attribute name="Output H" value="39135208"/>
  <attribute name="Output I" value="2112"/>
  <attribute name="Output T" value="16"/>
  <attribute name= "Current Time Running" value="143679" />
  <attribute name="GC Util currently" value="0" />
  <attribute name="CPU Util currently" value="35790728456" />
<cycle-start id="5051" type="global" contextid="0" timestamp="2019-08-08T12:08:29.254" intervalms="1.200" />
<gc-start id="5052" type="global" contextid="5051" timestamp="2019-08-08T12:08:29.254">
  <mem-info id="5053" free="391168" total="39190528" percent="0">
    <mem type="tenure" free="391168" total="39190528" percent="0">
      <mem type="soa" free="0" total="38799360" percent="0" />
      <mem type="loa" free="391168" total="391168" percent="100" />
    </mem>
  </mem-info>
</gc-start>
<allocation-stats totalBytes="20818952" >
  <allocated-bytes non-tlh="0" tlh="20818952" />
  <largest-consumer threadName="main" threadId="0000000002369F00" bytes="20818952" />
</allocation-stats>
<gc-op id="5054" type="mark" timems="48.766" contextid="5051" timestamp="2019-08-08T12:08:29.303">
  <trace-info objectcount="600544" scancount="521468" scanbytes="13383456" />
  <finalization candidates="80" enqueued="0" />
  <ownableSynchronizers candidates="21" cleared="0" />
  <references type="soft" candidates="3261" cleared="0" enqueued="0" dynamicThreshold="17" maxThreshold="32" />
  <references type="weak" candidates="5602" cleared="0" enqueued="0" />
  <references type="phantom" candidates="97" cleared="0" enqueued="0" />
  <stringconstants candidates="13592" cleared="0"  />
</gc-op>
<gc-op id="5055" type="sweep" timems="9.695" contextid="5051" timestamp="2019-08-08T12:08:29.313" />
<mem-info id="5056" free="21214488" total="39190528" percent="54">
  <mem type="tenure" free="21214488" total="39190528" percent="54" micro-fragmented="0">
    <mem type="soa" free="20823320" total="38799360" percent="53" />
    <mem type="loa" free="391168" total="391168" percent="100" />
  </mem>
</mem-info>
<gc-op id="5057" type="compact" timems="25.316" contextid="5051" timestamp="2019-08-08T12:08:29.338">
  <compact-info movecount="18" movebytes="792" reason="compact to aid heap contraction" />
</gc-op>
<heap-resize id="5058" type="expand" space="tenure" amount="131072" count="1" timems="0.021" reason="satisfy allocation request" timestamp="2019-08-08T12:08:29.339" />
<gc-end id="5059" type="global" contextid="5051" durationms="84.617" usertimems="264.162" systemtimems="109.874" timestamp="2019-08-08T12:08:29.339" activeThreads="16">
  <mem-info id="5060" free="21280264" total="39321600" percent="54">
    <mem type="tenure" free="21280264" total="39321600" percent="54">
      <mem type="soa" free="20887048" total="38928384" percent="53" />
      <mem type="loa" free="393216" total="393216" percent="100" />
    </mem>
  </mem-info>
</gc-end>
<cycle-end id="5061" type="global" contextid="5051" timestamp="2019-08-08T12:08:29.339" />
  <attribute name="elasticGC enabled" value="1" />
  <attribute name= "numThreadsSpecified" value="16" />
  <attribute name="heapSize specified" value="39190528" />
  <attribute name="Current GC Util" value="50" />
  <attribute name= "Current Time Running" value="143828" />
  <attribute name ="GC Interval" value="0" />
  <attribute name="Target GC Util Change" value ="80.000000" />
  <attribute name="Current GC Util Change" value="50.000000"/>
  <attribute name="Current Error" value="-352.000000" />
  <attribute name="Output H" value="39265808"/>
  <attribute name="Output I" value="1384"/>
  <attribute name="Output T" value="16"/>
  <attribute name= "Current Time Running" value="143828" />
  <attribute name="GC Util currently" value="50" />
  <attribute name="CPU Util currently" value="45485461807" />
<allocation-satisfied id="5062" threadId="0000000002369F00" bytesRequested="136" />
<af-end id="5063" timestamp="2019-08-08T12:08:29.339" threadId="000000000236A888" success="true" />
<exclusive-end id="5064" timestamp="2019-08-08T12:08:29.339" durationms="84.820" />

<concurrent-kickoff id="5065" timestamp="2019-08-08T12:08:30.577">
  <kickoff reason="threshold reached" targetBytes="4412570" thresholdFreeBytes="595828" remainingFree="538120" tenureFreeBytes="538120" />
</concurrent-kickoff>
<exclusive-start id="5066" timestamp="2019-08-08T12:08:30.578" intervalms="1323.259">
  <response-info timems="0.116" idlems="0.116" threads="0" lastid="0000000002369F00" lastname="main" />
</exclusive-start>
<cycle-start id="5067" type="global" contextid="0" timestamp="2019-08-08T12:08:30.578" intervalms="1323.194" />
<exclusive-end id="5068" timestamp="2019-08-08T12:08:30.578" durationms="0.016" />

<exclusive-start id="5069" timestamp="2019-08-08T12:08:30.578" intervalms="0.630">
  <response-info timems="0.163" idlems="0.163" threads="0" lastid="0000000002369F00" lastname="main" />
</exclusive-start>
<af-start id="5070" threadId="000000000236A888" totalBytesRequested="14120" timestamp="2019-08-08T12:08:30.578" intervalms="1323.897" />
<concurrent-aborted id="5071" timestamp="2019-08-08T12:08:30.578">
  <reason value="insufficient progress made" />
</concurrent-aborted>
<cycle-end id="5072" type="global" contextid="5067" timestamp="2019-08-08T12:08:30.578" />
  <attribute name="elasticGC enabled" value="1" />
  <attribute name= "numThreadsSpecified" value="16" />
  <attribute name="heapSize specified" value="39190528" />
  <attribute name="Current GC Util" value="50" />
  <attribute name= "Current Time Running" value="143828" />
  <attribute name ="GC Interval" value="0" />
  <attribute name="Target GC Util Change" value ="80.000000" />
  <attribute name="Current GC Util Change" value="50.000000"/>
  <attribute name="Current Error" value="-352.000000" />
  <attribute name="Output H" value="39265808"/>
  <attribute name="Output I" value="1384"/>
  <attribute name="Output T" value="16"/>
  <attribute name= "Current Time Running" value="143828" />
  <attribute name="GC Util currently" value="50" />
  <attribute name="CPU Util currently" value="45485461807" />
<cycle-start id="5073" type="global" contextid="0" timestamp="2019-08-08T12:08:30.578" intervalms="0.708" />
<gc-start id="5074" type="global" contextid="5073" timestamp="2019-08-08T12:08:30.578">
  <mem-info id="5075" free="393216" total="39321600" percent="1">
    <mem type="tenure" free="393216" total="39321600" percent="1">
      <mem type="soa" free="0" total="38928384" percent="0" />
      <mem type="loa" free="393216" total="393216" percent="100" />
    </mem>
  </mem-info>
</gc-start>
<allocation-stats totalBytes="20140272" >
  <allocated-bytes non-tlh="0" tlh="20140272" />
  <largest-consumer threadName="main" threadId="0000000002369F00" bytes="20140272" />
</allocation-stats>
<gc-op id="5076" type="mark" timems="10.097" contextid="5073" timestamp="2019-08-08T12:08:30.588">
  <trace-info objectcount="600588" scancount="521479" scanbytes="13404756" />
  <finalization candidates="80" enqueued="0" />
  <ownableSynchronizers candidates="21" cleared="0" />
  <references type="soft" candidates="3261" cleared="0" enqueued="0" dynamicThreshold="17" maxThreshold="32" />
  <references type="weak" candidates="5602" cleared="0" enqueued="0" />
  <references type="phantom" candidates="97" cleared="0" enqueued="0" />
  <stringconstants candidates="13592" cleared="0"  />
</gc-op>
<gc-op id="5077" type="sweep" timems="2.254" contextid="5073" timestamp="2019-08-08T12:08:30.591" />
<mem-info id="5078" free="21321912" total="39321600" percent="54">
  <mem type="tenure" free="21321912" total="39321600" percent="54" micro-fragmented="0">
    <mem type="soa" free="20928696" total="38928384" percent="53" />
    <mem type="loa" free="393216" total="393216" percent="100" />
  </mem>
</mem-info>
<gc-op id="5079" type="compact" timems="27.262" contextid="5073" timestamp="2019-08-08T12:08:30.618">
  <compact-info movecount="73" movebytes="22576" reason="compact to aid heap contraction" />
</gc-op>
<heap-resize id="5080" type="expand" space="tenure" amount="131072" count="1" timems="0.022" reason="satisfy allocation request" timestamp="2019-08-08T12:08:30.619" />
<gc-end id="5081" type="global" contextid="5073" durationms="40.463" usertimems="105.296" systemtimems="0.000" timestamp="2019-08-08T12:08:30.619" activeThreads="16">
  <mem-info id="5082" free="21389976" total="39452672" percent="54">
    <mem type="tenure" free="21389976" total="39452672" percent="54">
      <mem type="soa" free="20995736" total="39058432" percent="53" />
      <mem type="loa" free="394240" total="394240" percent="100" />
    </mem>
  </mem-info>
</gc-end>
<cycle-end id="5083" type="global" contextid="5073" timestamp="2019-08-08T12:08:30.619" />
  <attribute name="elasticGC enabled" value="1" />
  <attribute name= "numThreadsSpecified" value="16" />
  <attribute name="heapSize specified" value="39321600" />
  <attribute name="Current GC Util" value="80" />
  <attribute name= "Current Time Running" value="145108" />
  <attribute name ="GC Interval" value="0" />
  <attribute name="Target GC Util Change" value ="80.000000" />
  <attribute name="Current GC Util Change" value="80.000000"/>
  <attribute name="Current Error" value="-43.000000" />
  <attribute name="Output H" value="39397232"/>
  <attribute name="Output I" value="1936"/>
  <attribute name="Output T" value="16"/>
  <attribute name= "Current Time Running" value="145108" />
  <attribute name="GC Util currently" value="80" />
  <attribute name="CPU Util currently" value="42266092339" />
<allocation-satisfied id="5084" threadId="0000000002369F00" bytesRequested="14120" />
<af-end id="5085" timestamp="2019-08-08T12:08:30.619" threadId="000000000236A888" success="true" />
<exclusive-end id="5086" timestamp="2019-08-08T12:08:30.619" durationms="40.736" />

<concurrent-kickoff id="5087" timestamp="2019-08-08T12:08:30.634">
  <kickoff reason="threshold reached" targetBytes="4427278" thresholdFreeBytes="597814" remainingFree="496280" tenureFreeBytes="496280" />
</concurrent-kickoff>
<exclusive-start id="5088" timestamp="2019-08-08T12:08:30.634" intervalms="55.934">
  <response-info timems="0.081" idlems="0.081" threads="0" lastid="0000000002369F00" lastname="main" />
</exclusive-start>
<cycle-start id="5089" type="global" contextid="0" timestamp="2019-08-08T12:08:30.634" intervalms="55.861" />
<exclusive-end id="5090" timestamp="2019-08-08T12:08:30.634" durationms="0.023" />

<exclusive-start id="5091" timestamp="2019-08-08T12:08:30.635" intervalms="0.470">
  <response-info timems="0.086" idlems="0.086" threads="0" lastid="0000000002369F00" lastname="main" />
</exclusive-start>
<af-start id="5092" threadId="000000000236A888" totalBytesRequested="15104" timestamp="2019-08-08T12:08:30.635" intervalms="56.397" />
<concurrent-aborted id="5093" timestamp="2019-08-08T12:08:30.635">
  <reason value="insufficient progress made" />
</concurrent-aborted>
<cycle-end id="5094" type="global" contextid="5089" timestamp="2019-08-08T12:08:30.635" />
  <attribute name="elasticGC enabled" value="1" />
  <attribute name= "numThreadsSpecified" value="16" />
  <attribute name="heapSize specified" value="39321600" />
  <attribute name="Current GC Util" value="80" />
  <attribute name= "Current Time Running" value="145108" />
  <attribute name ="GC Interval" value="0" />
  <attribute name="Target GC Util Change" value ="80.000000" />
  <attribute name="Current GC Util Change" value="80.000000"/>
  <attribute name="Current Error" value="-43.000000" />
  <attribute name="Output H" value="39397232"/>
  <attribute name="Output I" value="1936"/>
  <attribute name="Output T" value="16"/>
  <attribute name= "Current Time Running" value="145108" />
  <attribute name="GC Util currently" value="80" />
  <attribute name="CPU Util currently" value="42266092339" />
<cycle-start id="5095" type="global" contextid="0" timestamp="2019-08-08T12:08:30.635" intervalms="0.536" />
<gc-start id="5096" type="global" contextid="5095" timestamp="2019-08-08T12:08:30.635">
  <mem-info id="5097" free="394240" total="39452672" percent="0">
    <mem type="tenure" free="394240" total="39452672" percent="0">
      <mem type="soa" free="0" total="39058432" percent="0" />
      <mem type="loa" free="394240" total="394240" percent="100" />
    </mem>
  </mem-info>
</gc-start>
<allocation-stats totalBytes="19822368" >
  <allocated-bytes non-tlh="0" tlh="19822368" />
  <largest-consumer threadName="main" threadId="0000000002369F00" bytes="19822368" />
</allocation-stats>
<gc-op id="5098" type="mark" timems="21.759" contextid="5095" timestamp="2019-08-08T12:08:30.656">
  <trace-info objectcount="600588" scancount="521477" scanbytes="13419632" />
  <finalization candidates="80" enqueued="0" />
  <ownableSynchronizers candidates="21" cleared="0" />
  <references type="soft" candidates="3261" cleared="0" enqueued="0" dynamicThreshold="17" maxThreshold="32" />
  <references type="weak" candidates="5602" cleared="0" enqueued="0" />
  <references type="phantom" candidates="97" cleared="0" enqueued="0" />
  <stringconstants candidates="13592" cleared="0"  />
</gc-op>
<gc-op id="5099" type="sweep" timems="6.521" contextid="5095" timestamp="2019-08-08T12:08:30.663" />
<mem-info id="5100" free="21439648" total="39452672" percent="54">
  <mem type="tenure" free="21439648" total="39452672" percent="54" micro-fragmented="0">
    <mem type="soa" free="21045408" total="39058432" percent="53" />
    <mem type="loa" free="394240" total="394240" percent="100" />
  </mem>
</mem-info>
<gc-op id="5101" type="compact" timems="35.701" contextid="5095" timestamp="2019-08-08T12:08:30.699">
  <compact-info movecount="12" movebytes="35400" reason="compact to aid heap contraction" />
</gc-op>
<heap-resize id="5102" type="expand" space="tenure" amount="131072" count="1" timems="0.022" reason="satisfy allocation request" timestamp="2019-08-08T12:08:30.699" />
<gc-end id="5103" type="global" contextid="5095" durationms="64.807" usertimems="193.519" systemtimems="0.000" timestamp="2019-08-08T12:08:30.699" activeThreads="16">
  <mem-info id="5104" free="21506176" total="39583744" percent="54">
    <mem type="tenure" free="21506176" total="39583744" percent="54">
      <mem type="soa" free="21110912" total="39188480" percent="53" />
      <mem type="loa" free="395264" total="395264" percent="100" />
    </mem>
  </mem-info>
</gc-end>
<cycle-end id="5105" type="global" contextid="5095" timestamp="2019-08-08T12:08:30.700" />
  <attribute name="elasticGC enabled" value="1" />
  <attribute name= "numThreadsSpecified" value="16" />
  <attribute name="heapSize specified" value="39452672" />
  <attribute name="Current GC Util" value="31" />
  <attribute name= "Current Time Running" value="145189" />
  <attribute name ="GC Interval" value="0" />
  <attribute name="Target GC Util Change" value ="80.000000" />
  <attribute name="Current GC Util Change" value="31.000000"/>
  <attribute name="Current Error" value="67.000000" />
  <attribute name="Output H" value="39528432"/>
  <attribute name="Output I" value="2128"/>
  <attribute name="Output T" value="16"/>
  <attribute name= "Current Time Running" value="145189" />
  <attribute name="GC Util currently" value="31" />
  <attribute name="CPU Util currently" value="32252449094" />
<allocation-satisfied id="5106" threadId="0000000002369F00" bytesRequested="15104" />
<af-end id="5107" timestamp="2019-08-08T12:08:30.700" threadId="000000000236A888" success="true" />
<exclusive-end id="5108" timestamp="2019-08-08T12:08:30.700" durationms="65.019" />

<concurrent-kickoff id="5109" timestamp="2019-08-08T12:08:30.714">
  <kickoff reason="threshold reached" targetBytes="4441986" thresholdFreeBytes="599800" remainingFree="501888" tenureFreeBytes="501888" />
</concurrent-kickoff>
<exclusive-start id="5110" timestamp="2019-08-08T12:08:30.714" intervalms="79.362">
  <response-info timems="0.025" idlems="0.025" threads="0" lastid="0000000002369F00" lastname="main" />
</exclusive-start>
<cycle-start id="5111" type="global" contextid="0" timestamp="2019-08-08T12:08:30.714" intervalms="79.302" />
<exclusive-end id="5112" timestamp="2019-08-08T12:08:30.714" durationms="0.029" />

<exclusive-start id="5113" timestamp="2019-08-08T12:08:30.714" intervalms="0.506">
  <response-info timems="0.126" idlems="0.126" threads="0" lastid="0000000002369F00" lastname="main" />
</exclusive-start>
<af-start id="5114" threadId="000000000236A888" totalBytesRequested="17256" timestamp="2019-08-08T12:08:30.714" intervalms="79.875" />
<concurrent-aborted id="5115" timestamp="2019-08-08T12:08:30.715">
  <reason value="insufficient progress made" />
</concurrent-aborted>
<cycle-end id="5116" type="global" contextid="5111" timestamp="2019-08-08T12:08:30.715" />
  <attribute name="elasticGC enabled" value="1" />
  <attribute name= "numThreadsSpecified" value="16" />
  <attribute name="heapSize specified" value="39452672" />
  <attribute name="Current GC Util" value="31" />
  <attribute name= "Current Time Running" value="145189" />
  <attribute name ="GC Interval" value="0" />
  <attribute name="Target GC Util Change" value ="80.000000" />
  <attribute name="Current GC Util Change" value="31.000000"/>
  <attribute name="Current Error" value="67.000000" />
  <attribute name="Output H" value="39528432"/>
  <attribute name="Output I" value="2128"/>
  <attribute name="Output T" value="16"/>
  <attribute name= "Current Time Running" value="145189" />
  <attribute name="GC Util currently" value="31" />
  <attribute name="CPU Util currently" value="32252449094" />
<cycle-start id="5117" type="global" contextid="0" timestamp="2019-08-08T12:08:30.715" intervalms="0.626" />
<gc-start id="5118" type="global" contextid="5117" timestamp="2019-08-08T12:08:30.715">
  <mem-info id="5119" free="395264" total="39583744" percent="0">
    <mem type="tenure" free="395264" total="39583744" percent="0">
      <mem type="soa" free="0" total="39188480" percent="0" />
      <mem type="loa" free="395264" total="395264" percent="100" />
    </mem>
  </mem-info>
</gc-start>
<allocation-stats totalBytes="19881640" >
  <allocated-bytes non-tlh="0" tlh="19881640" />
  <largest-consumer threadName="main" threadId="0000000002369F00" bytes="19881640" />
</allocation-stats>
<gc-op id="5120" type="mark" timems="16.801" contextid="5117" timestamp="2019-08-08T12:08:30.731">
  <trace-info objectcount="600588" scancount="521474" scanbytes="13421984" />
  <finalization candidates="80" enqueued="0" />
  <ownableSynchronizers candidates="21" cleared="0" />
  <references type="soft" candidates="3261" cleared="0" enqueued="0" dynamicThreshold="17" maxThreshold="32" />
  <references type="weak" candidates="5602" cleared="0" enqueued="0" />
  <references type="phantom" candidates="97" cleared="0" enqueued="0" />
  <stringconstants candidates="13592" cleared="0"  />
</gc-op>
<gc-op id="5121" type="sweep" timems="3.696" contextid="5117" timestamp="2019-08-08T12:08:30.735" />
<mem-info id="5122" free="21568864" total="39583744" percent="54">
  <mem type="tenure" free="21568864" total="39583744" percent="54" micro-fragmented="0">
    <mem type="soa" free="21173600" total="39188480" percent="54" />
    <mem type="loa" free="395264" total="395264" percent="100" />
  </mem>
</mem-info>
<gc-op id="5123" type="compact" timems="27.459" contextid="5117" timestamp="2019-08-08T12:08:30.763">
  <compact-info movecount="12" movebytes="37752" reason="compact to aid heap contraction" />
</gc-op>
<heap-resize id="5124" type="expand" space="tenure" amount="131072" count="1" timems="0.021" reason="satisfy allocation request" timestamp="2019-08-08T12:08:30.764" />
<gc-end id="5125" type="global" contextid="5117" durationms="49.326" usertimems="153.421" systemtimems="0.000" timestamp="2019-08-08T12:08:30.764" activeThreads="16">
  <mem-info id="5126" free="21634896" total="39714816" percent="54">
    <mem type="tenure" free="21634896" total="39714816" percent="54">
      <mem type="soa" free="21238608" total="39318528" percent="54" />
      <mem type="loa" free="396288" total="396288" percent="100" />
    </mem>
  </mem-info>
</gc-end>
<cycle-end id="5127" type="global" contextid="5117" timestamp="2019-08-08T12:08:30.764" />
  <attribute name="elasticGC enabled" value="1" />
  <attribute name= "numThreadsSpecified" value="16" />
  <attribute name="heapSize specified" value="39583744" />
  <attribute name="Current GC Util" value="59" />
  <attribute name= "Current Time Running" value="145253" />
  <attribute name ="GC Interval" value="0" />
  <attribute name="Target GC Util Change" value ="80.000000" />
  <attribute name="Current GC Util Change" value="59.000000"/>
  <attribute name="Current Error" value="21.000000" />
  <attribute name="Output H" value="39659448"/>
  <attribute name="Output I" value="2048"/>
  <attribute name="Output T" value="16"/>
  <attribute name= "Current Time Running" value="145253" />
  <attribute name="GC Util currently" value="59" />
  <attribute name="CPU Util currently" value="41907861856" />
<allocation-satisfied id="5128" threadId="0000000002369F00" bytesRequested="17256" />
<af-end id="5129" timestamp="2019-08-08T12:08:30.764" threadId="000000000236A888" success="true" />
<exclusive-end id="5130" timestamp="2019-08-08T12:08:30.764" durationms="49.591" />

<concurrent-kickoff id="5131" timestamp="2019-08-08T12:08:30.867">
  <kickoff reason="threshold reached" targetBytes="4456696" thresholdFreeBytes="601786" remainingFree="499536" tenureFreeBytes="499536" />
</concurrent-kickoff>
<exclusive-start id="5132" timestamp="2019-08-08T12:08:30.867" intervalms="152.674">
  <response-info timems="0.494" idlems="0.494" threads="0" lastid="0000000002369F00" lastname="main" />
</exclusive-start>
<cycle-start id="5133" type="global" contextid="0" timestamp="2019-08-08T12:08:30.867" intervalms="152.566" />
<exclusive-end id="5134" timestamp="2019-08-08T12:08:30.867" durationms="0.043" />

<exclusive-start id="5135" timestamp="2019-08-08T12:08:30.869" intervalms="1.998">
  <response-info timems="0.297" idlems="0.297" threads="0" lastid="0000000002369F00" lastname="main" />
</exclusive-start>
<af-start id="5136" threadId="000000000236A888" totalBytesRequested="32" timestamp="2019-08-08T12:08:30.869" intervalms="154.666" />
<concurrent-aborted id="5137" timestamp="2019-08-08T12:08:30.869">
  <reason value="insufficient progress made" />
</concurrent-aborted>
<cycle-end id="5138" type="global" contextid="5133" timestamp="2019-08-08T12:08:30.869" />
  <attribute name="elasticGC enabled" value="1" />
  <attribute name= "numThreadsSpecified" value="16" />
  <attribute name="heapSize specified" value="39583744" />
  <attribute name="Current GC Util" value="59" />
  <attribute name= "Current Time Running" value="145253" />
  <attribute name ="GC Interval" value="0" />
  <attribute name="Target GC Util Change" value ="80.000000" />
  <attribute name="Current GC Util Change" value="59.000000"/>
  <attribute name="Current Error" value="21.000000" />
  <attribute name="Output H" value="39659448"/>
  <attribute name="Output I" value="2048"/>
  <attribute name="Output T" value="16"/>
  <attribute name= "Current Time Running" value="145253" />
  <attribute name="GC Util currently" value="59" />
  <attribute name="CPU Util currently" value="41907861856" />
<cycle-start id="5139" type="global" contextid="0" timestamp="2019-08-08T12:08:30.869" intervalms="2.059" />
<gc-start id="5140" type="global" contextid="5139" timestamp="2019-08-08T12:08:30.869">
  <mem-info id="5141" free="396288" total="39714816" percent="0">
    <mem type="tenure" free="396288" total="39714816" percent="0">
      <mem type="soa" free="0" total="39318528" percent="0" />
      <mem type="loa" free="396288" total="396288" percent="100" />
    </mem>
  </mem-info>
</gc-start>
<allocation-stats totalBytes="21302280" >
  <allocated-bytes non-tlh="0" tlh="21302280" />
  <largest-consumer threadName="main" threadId="0000000002369F00" bytes="21302280" />
</allocation-stats>
<gc-op id="5142" type="mark" timems="14.990" contextid="5139" timestamp="2019-08-08T12:08:30.884">
  <trace-info objectcount="600690" scancount="521580" scanbytes="13390524" />
  <finalization candidates="80" enqueued="0" />
  <ownableSynchronizers candidates="21" cleared="0" />
  <references type="soft" candidates="3261" cleared="0" enqueued="0" dynamicThreshold="17" maxThreshold="32" />
  <references type="weak" candidates="5602" cleared="0" enqueued="0" />
  <references type="phantom" candidates="97" cleared="0" enqueued="0" />
  <stringconstants candidates="13592" cleared="0"  />
</gc-op>
<gc-op id="5143" type="sweep" timems="3.827" contextid="5139" timestamp="2019-08-08T12:08:30.888" />
<mem-info id="5144" free="21731128" total="39714816" percent="54">
  <mem type="tenure" free="21731128" total="39714816" percent="54" micro-fragmented="0">
    <mem type="soa" free="21334840" total="39318528" percent="54" />
    <mem type="loa" free="396288" total="396288" percent="100" />
  </mem>
</mem-info>
<gc-op id="5145" type="compact" timems="30.029" contextid="5139" timestamp="2019-08-08T12:08:30.918">
  <compact-info movecount="133" movebytes="7384" reason="compact to aid heap contraction" />
</gc-op>
<heap-resize id="5146" type="expand" space="tenure" amount="131072" count="1" timems="0.024" reason="satisfy allocation request" timestamp="2019-08-08T12:08:30.919" />
<gc-end id="5147" type="global" contextid="5139" durationms="49.581" usertimems="168.420" systemtimems="0.000" timestamp="2019-08-08T12:08:30.919" activeThreads="16">
  <mem-info id="5148" free="21797424" total="39845888" percent="54">
    <mem type="tenure" free="21797424" total="39845888" percent="54">
      <mem type="soa" free="21399088" total="39447552" percent="54" />
      <mem type="loa" free="398336" total="398336" percent="100" />
    </mem>
  </mem-info>
</gc-end>
<cycle-end id="5149" type="global" contextid="5139" timestamp="2019-08-08T12:08:30.919" />
  <attribute name="elasticGC enabled" value="1" />
  <attribute name= "numThreadsSpecified" value="16" />
  <attribute name="heapSize specified" value="39714816" />
  <attribute name="Current GC Util" value="41" />
  <attribute name= "Current Time Running" value="145408" />
  <attribute name ="GC Interval" value="0" />
  <attribute name="Target GC Util Change" value ="80.000000" />
  <attribute name="Current GC Util Change" value="41.000000"/>
  <attribute name="Current Error" value="-441.000000" />
  <attribute name="Output H" value="39789992"/>
  <attribute name="Output I" value="1224"/>
  <attribute name="Output T" value="16"/>
  <attribute name= "Current Time Running" value="145408" />
  <attribute name="GC Util currently" value="41" />
  <attribute name="CPU Util currently" value="38360198340" />
<allocation-satisfied id="5150" threadId="0000000002369F00" bytesRequested="32" />
<af-end id="5151" timestamp="2019-08-08T12:08:30.919" threadId="000000000236A888" success="true" />
<exclusive-end id="5152" timestamp="2019-08-08T12:08:30.919" durationms="49.916" />

<concurrent-kickoff id="5153" timestamp="2019-08-08T12:08:31.642">
  <kickoff reason="threshold reached" targetBytes="4471403" thresholdFreeBytes="603772" remainingFree="530992" tenureFreeBytes="530992" />
</concurrent-kickoff>
<exclusive-start id="5154" timestamp="2019-08-08T12:08:31.642" intervalms="772.693">
  <response-info timems="0.073" idlems="0.073" threads="0" lastid="0000000002369F00" lastname="main" />
</exclusive-start>
<cycle-start id="5155" type="global" contextid="0" timestamp="2019-08-08T12:08:31.642" intervalms="772.810" />
<exclusive-end id="5156" timestamp="2019-08-08T12:08:31.642" durationms="0.222" />

<exclusive-start id="5157" timestamp="2019-08-08T12:08:31.644" intervalms="1.975">
  <response-info timems="0.078" idlems="0.078" threads="0" lastid="0000000002369F00" lastname="main" />
</exclusive-start>
<af-start id="5158" threadId="000000000236A888" totalBytesRequested="24" timestamp="2019-08-08T12:08:31.644" intervalms="774.703" />
<concurrent-aborted id="5159" timestamp="2019-08-08T12:08:31.644">
  <reason value="insufficient progress made" />
</concurrent-aborted>
<cycle-end id="5160" type="global" contextid="5155" timestamp="2019-08-08T12:08:31.644" />
  <attribute name="elasticGC enabled" value="1" />
  <attribute name= "numThreadsSpecified" value="16" />
  <attribute name="heapSize specified" value="39714816" />
  <attribute name="Current GC Util" value="41" />
  <attribute name= "Current Time Running" value="145408" />
  <attribute name ="GC Interval" value="0" />
  <attribute name="Target GC Util Change" value ="80.000000" />
  <attribute name="Current GC Util Change" value="41.000000"/>
  <attribute name="Current Error" value="-441.000000" />
  <attribute name="Output H" value="39789992"/>
  <attribute name="Output I" value="1224"/>
  <attribute name="Output T" value="16"/>
  <attribute name= "Current Time Running" value="145408" />
  <attribute name="GC Util currently" value="41" />
  <attribute name="CPU Util currently" value="38360198340" />
<cycle-start id="5161" type="global" contextid="0" timestamp="2019-08-08T12:08:31.644" intervalms="1.879" />
<gc-start id="5162" type="global" contextid="5161" timestamp="2019-08-08T12:08:31.644">
  <mem-info id="5163" free="398336" total="39845888" percent="0">
    <mem type="tenure" free="398336" total="39845888" percent="0">
      <mem type="soa" free="0" total="39447552" percent="0" />
      <mem type="loa" free="398336" total="398336" percent="100" />
    </mem>
  </mem-info>
</gc-start>
<allocation-stats totalBytes="21462312" >
  <allocated-bytes non-tlh="0" tlh="21462312" />
  <largest-consumer threadName="main" threadId="0000000002369F00" bytes="21462312" />
</allocation-stats>
<gc-op id="5164" type="mark" timems="13.718" contextid="5161" timestamp="2019-08-08T12:08:31.658">
  <trace-info objectcount="600609" scancount="521501" scanbytes="13384704" />
  <finalization candidates="80" enqueued="0" />
  <ownableSynchronizers candidates="21" cleared="0" />
  <references type="soft" candidates="3261" cleared="0" enqueued="0" dynamicThreshold="17" maxThreshold="32" />
  <references type="weak" candidates="5602" cleared="0" enqueued="0" />
  <references type="phantom" candidates="97" cleared="0" enqueued="0" />
  <stringconstants candidates="13592" cleared="0"  />
</gc-op>
<gc-op id="5165" type="sweep" timems="6.546" contextid="5161" timestamp="2019-08-08T12:08:31.664" />
<mem-info id="5166" free="21868040" total="39845888" percent="54">
  <mem type="tenure" free="21868040" total="39845888" percent="54" micro-fragmented="0">
    <mem type="soa" free="21469704" total="39447552" percent="54" />
    <mem type="loa" free="398336" total="398336" percent="100" />
  </mem>
</mem-info>
<gc-op id="5167" type="compact" timems="140.751" contextid="5161" timestamp="2019-08-08T12:08:31.805">
  <compact-info movecount="505434" movebytes="12878752" reason="compact to aid heap contraction" />
</gc-op>
<heap-resize id="5168" type="expand" space="tenure" amount="131072" count="1" timems="0.027" reason="satisfy allocation request" timestamp="2019-08-08T12:08:31.806" />
<gc-end id="5169" type="global" contextid="5161" durationms="162.445" usertimems="223.553" systemtimems="0.000" timestamp="2019-08-08T12:08:31.806" activeThreads="16">
  <mem-info id="5170" free="21934296" total="39976960" percent="54">
    <mem type="tenure" free="21934296" total="39976960" percent="54">
      <mem type="soa" free="21534936" total="39577600" percent="54" />
      <mem type="loa" free="399360" total="399360" percent="100" />
    </mem>
  </mem-info>
</gc-end>
<cycle-end id="5171" type="global" contextid="5161" timestamp="2019-08-08T12:08:31.806" />
  <attribute name="elasticGC enabled" value="1" />
  <attribute name= "numThreadsSpecified" value="16" />
  <attribute name="heapSize specified" value="39845888" />
  <attribute name="Current GC Util" value="15" />
  <attribute name= "Current Time Running" value="146295" />
  <attribute name ="GC Interval" value="0" />
  <attribute name="Target GC Util Change" value ="80.000000" />
  <attribute name="Current GC Util Change" value="15.000000"/>
  <attribute name="Current Error" value="26.000000" />
  <attribute name="Output H" value="39921600"/>
  <attribute name="Output I" value="2056"/>
  <attribute name="Output T" value="16"/>
  <attribute name= "Current Time Running" value="146295" />
  <attribute name="GC Util currently" value="15" />
  <attribute name="CPU Util currently" value="8188224709" />
<allocation-satisfied id="5172" threadId="0000000002369F00" bytesRequested="24" />
<af-end id="5173" timestamp="2019-08-08T12:08:31.806" threadId="000000000236A888" success="true" />
<exclusive-end id="5174" timestamp="2019-08-08T12:08:31.806" durationms="162.700" />

<concurrent-kickoff id="5175" timestamp="2019-08-08T12:08:31.947">
  <kickoff reason="threshold reached" targetBytes="4486112" thresholdFreeBytes="605760" remainingFree="536792" tenureFreeBytes="536792" />
</concurrent-kickoff>
<exclusive-start id="5176" timestamp="2019-08-08T12:08:31.948" intervalms="303.865">
  <response-info timems="0.091" idlems="0.091" threads="0" lastid="0000000002369F00" lastname="main" />
</exclusive-start>
<cycle-start id="5177" type="global" contextid="0" timestamp="2019-08-08T12:08:31.948" intervalms="303.760" />
<exclusive-end id="5178" timestamp="2019-08-08T12:08:31.948" durationms="0.016" />

<exclusive-start id="5179" timestamp="2019-08-08T12:08:31.950" intervalms="2.641">
  <response-info timems="0.156" idlems="0.156" threads="0" lastid="0000000002369F00" lastname="main" />
</exclusive-start>
<af-start id="5180" threadId="000000000236A888" totalBytesRequested="80" timestamp="2019-08-08T12:08:31.950" intervalms="306.485" />
<concurrent-aborted id="5181" timestamp="2019-08-08T12:08:31.950">
  <reason value="insufficient progress made" />
</concurrent-aborted>
<cycle-end id="5182" type="global" contextid="5177" timestamp="2019-08-08T12:08:31.950" />
  <attribute name="elasticGC enabled" value="1" />
  <attribute name= "numThreadsSpecified" value="16" />
  <attribute name="heapSize specified" value="39845888" />
  <attribute name="Current GC Util" value="15" />
  <attribute name= "Current Time Running" value="146295" />
  <attribute name ="GC Interval" value="0" />
  <attribute name="Target GC Util Change" value ="80.000000" />
  <attribute name="Current GC Util Change" value="15.000000"/>
  <attribute name="Current Error" value="26.000000" />
  <attribute name="Output H" value="39921600"/>
  <attribute name="Output I" value="2056"/>
  <attribute name="Output T" value="16"/>
  <attribute name= "Current Time Running" value="146295" />
  <attribute name="GC Util currently" value="15" />
  <attribute name="CPU Util currently" value="8188224709" />
<cycle-start id="5183" type="global" contextid="0" timestamp="2019-08-08T12:08:31.950" intervalms="2.724" />
<gc-start id="5184" type="global" contextid="5183" timestamp="2019-08-08T12:08:31.950">
  <mem-info id="5185" free="399360" total="39976960" percent="0">
    <mem type="tenure" free="399360" total="39976960" percent="0">
      <mem type="soa" free="0" total="39577600" percent="0" />
      <mem type="loa" free="399360" total="399360" percent="100" />
    </mem>
  </mem-info>
</gc-start>
<allocation-stats totalBytes="21597856" >
  <allocated-bytes non-tlh="0" tlh="21597856" />
  <largest-consumer threadName="main" threadId="0000000002369F00" bytes="21597856" />
</allocation-stats>
<gc-op id="5186" type="mark" timems="13.808" contextid="5183" timestamp="2019-08-08T12:08:31.964">
  <trace-info objectcount="600606" scancount="521491" scanbytes="13384560" />
  <finalization candidates="80" enqueued="0" />
  <ownableSynchronizers candidates="21" cleared="0" />
  <references type="soft" candidates="3261" cleared="0" enqueued="0" dynamicThreshold="17" maxThreshold="32" />
  <references type="weak" candidates="5602" cleared="0" enqueued="0" />
  <references type="phantom" candidates="97" cleared="0" enqueued="0" />
  <stringconstants candidates="13592" cleared="0"  />
</gc-op>
<gc-op id="5187" type="sweep" timems="9.693" contextid="5183" timestamp="2019-08-08T12:08:31.974" />
<mem-info id="5188" free="21999976" total="39976960" percent="55">
  <mem type="tenure" free="21999976" total="39976960" percent="55" micro-fragmented="0">
    <mem type="soa" free="21600616" total="39577600" percent="54" />
    <mem type="loa" free="399360" total="399360" percent="100" />
  </mem>
</mem-info>
<gc-op id="5189" type="compact" timems="26.423" contextid="5183" timestamp="2019-08-08T12:08:32.000">
  <compact-info movecount="1" movebytes="24" reason="compact to aid heap contraction" />
</gc-op>
<heap-resize id="5190" type="expand" space="tenure" amount="131072" count="1" timems="0.022" reason="satisfy allocation request" timestamp="2019-08-08T12:08:32.001" />
<gc-end id="5191" type="global" contextid="5183" durationms="50.773" usertimems="148.303" systemtimems="0.000" timestamp="2019-08-08T12:08:32.001" activeThreads="16">
  <mem-info id="5192" free="22065512" total="40108032" percent="55">
    <mem type="tenure" free="22065512" total="40108032" percent="55">
      <mem type="soa" free="21665128" total="39707648" percent="54" />
      <mem type="loa" free="400384" total="400384" percent="100" />
    </mem>
  </mem-info>
</gc-end>
<cycle-end id="5193" type="global" contextid="5183" timestamp="2019-08-08T12:08:32.001" />
  <attribute name="elasticGC enabled" value="1" />
  <attribute name= "numThreadsSpecified" value="16" />
  <attribute name="heapSize specified" value="39976960" />
  <attribute name="Current GC Util" value="47" />
  <attribute name= "Current Time Running" value="146491" />
  <attribute name ="GC Interval" value="0" />
  <attribute name="Target GC Util Change" value ="80.000000" />
  <attribute name="Current GC Util Change" value="47.000000"/>
  <attribute name="Current Error" value="-384.000000" />
  <attribute name="Output H" value="40052200"/>
  <attribute name="Output I" value="1328"/>
  <attribute name="Output T" value="16"/>
  <attribute name= "Current Time Running" value="146491" />
  <attribute name="GC Util currently" value="47" />
  <attribute name="CPU Util currently" value="43590383639" />
<allocation-satisfied id="5194" threadId="0000000002369F00" bytesRequested="80" />
<af-end id="5195" timestamp="2019-08-08T12:08:32.001" threadId="000000000236A888" success="true" />
<exclusive-end id="5196" timestamp="2019-08-08T12:08:32.001" durationms="50.985" />

<concurrent-kickoff id="5197" timestamp="2019-08-08T12:08:32.167">
  <kickoff reason="threshold reached" targetBytes="4500821" thresholdFreeBytes="607745" remainingFree="536904" tenureFreeBytes="536904" />
</concurrent-kickoff>
<exclusive-start id="5198" timestamp="2019-08-08T12:08:32.167" intervalms="217.137">
  <response-info timems="0.089" idlems="0.089" threads="0" lastid="0000000002369F00" lastname="main" />
</exclusive-start>
<cycle-start id="5199" type="global" contextid="0" timestamp="2019-08-08T12:08:32.167" intervalms="217.053" />
<exclusive-end id="5200" timestamp="2019-08-08T12:08:32.167" durationms="0.015" />

<exclusive-start id="5201" timestamp="2019-08-08T12:08:32.170" intervalms="2.331">
  <response-info timems="0.076" idlems="0.076" threads="0" lastid="0000000002369F00" lastname="main" />
</exclusive-start>
<af-start id="5202" threadId="000000000236A888" totalBytesRequested="24" timestamp="2019-08-08T12:08:32.170" intervalms="219.450" />
<concurrent-aborted id="5203" timestamp="2019-08-08T12:08:32.170">
  <reason value="insufficient progress made" />
</concurrent-aborted>
<cycle-end id="5204" type="global" contextid="5199" timestamp="2019-08-08T12:08:32.170" />
  <attribute name="elasticGC enabled" value="1" />
  <attribute name= "numThreadsSpecified" value="16" />
  <attribute name="heapSize specified" value="39976960" />
  <attribute name="Current GC Util" value="47" />
  <attribute name= "Current Time Running" value="146491" />
  <attribute name ="GC Interval" value="0" />
  <attribute name="Target GC Util Change" value ="80.000000" />
  <attribute name="Current GC Util Change" value="47.000000"/>
  <attribute name="Current Error" value="-384.000000" />
  <attribute name="Output H" value="40052200"/>
  <attribute name="Output I" value="1328"/>
  <attribute name="Output T" value="16"/>
  <attribute name= "Current Time Running" value="146491" />
  <attribute name="GC Util currently" value="47" />
  <attribute name="CPU Util currently" value="43590383639" />
<cycle-start id="5205" type="global" contextid="0" timestamp="2019-08-08T12:08:32.170" intervalms="2.488" />
<gc-start id="5206" type="global" contextid="5205" timestamp="2019-08-08T12:08:32.170">
  <mem-info id="5207" free="400384" total="40108032" percent="0">
    <mem type="tenure" free="400384" total="40108032" percent="0">
      <mem type="soa" free="0" total="39707648" percent="0" />
      <mem type="loa" free="400384" total="400384" percent="100" />
    </mem>
  </mem-info>
</gc-start>
<allocation-stats totalBytes="21727712" >
  <allocated-bytes non-tlh="32" tlh="21727680" />
  <largest-consumer threadName="main" threadId="0000000002369F00" bytes="21727712" />
</allocation-stats>
<gc-op id="5208" type="mark" timems="12.536" contextid="5205" timestamp="2019-08-08T12:08:32.183">
  <trace-info objectcount="600639" scancount="521526" scanbytes="13385540" />
  <finalization candidates="80" enqueued="0" />
  <ownableSynchronizers candidates="21" cleared="0" />
  <references type="soft" candidates="3261" cleared="0" enqueued="0" dynamicThreshold="17" maxThreshold="32" />
  <references type="weak" candidates="5602" cleared="0" enqueued="0" />
  <references type="phantom" candidates="97" cleared="0" enqueued="0" />
  <stringconstants candidates="13593" cleared="0"  />
</gc-op>
<gc-op id="5209" type="sweep" timems="8.330" contextid="5205" timestamp="2019-08-08T12:08:32.191" />
<mem-info id="5210" free="22127208" total="40108032" percent="55">
  <mem type="tenure" free="22127208" total="40108032" percent="55" micro-fragmented="0">
    <mem type="soa" free="21726824" total="39707648" percent="54" />
    <mem type="loa" free="400384" total="400384" percent="100" />
  </mem>
</mem-info>
<gc-op id="5211" type="compact" timems="36.356" contextid="5205" timestamp="2019-08-08T12:08:32.227">
  <compact-info movecount="55" movebytes="1880" reason="compact to aid heap contraction" />
</gc-op>
<heap-resize id="5212" type="expand" space="tenure" amount="131072" count="1" timems="0.156" reason="satisfy allocation request" timestamp="2019-08-08T12:08:32.228" />
<gc-end id="5213" type="global" contextid="5205" durationms="58.333" usertimems="198.564" systemtimems="0.000" timestamp="2019-08-08T12:08:32.228" activeThreads="16">
  <mem-info id="5214" free="22195576" total="40239104" percent="55">
    <mem type="tenure" free="22195576" total="40239104" percent="55">
      <mem type="soa" free="21794168" total="39837696" percent="54" />
      <mem type="loa" free="401408" total="401408" percent="100" />
    </mem>
  </mem-info>
</gc-end>
<cycle-end id="5215" type="global" contextid="5205" timestamp="2019-08-08T12:08:32.228" />
  <attribute name="elasticGC enabled" value="1" />
  <attribute name= "numThreadsSpecified" value="16" />
  <attribute name="heapSize specified" value="40108032" />
  <attribute name="Current GC Util" value="35" />
  <attribute name= "Current Time Running" value="146717" />
  <attribute name ="GC Interval" value="0" />
  <attribute name="Target GC Util Change" value ="80.000000" />
  <attribute name="Current GC Util Change" value="35.000000"/>
  <attribute name="Current Error" value="129.000000" />
  <attribute name="Output H" value="40183864"/>
  <attribute name="Output I" value="2240"/>
  <attribute name="Output T" value="16"/>
  <attribute name= "Current Time Running" value="146717" />
  <attribute name="GC Util currently" value="35" />
  <attribute name="CPU Util currently" value="31677189103" />
<allocation-satisfied id="5216" threadId="0000000002369F00" bytesRequested="24" />
<af-end id="5217" timestamp="2019-08-08T12:08:32.228" threadId="000000000236A888" success="true" />
<exclusive-end id="5218" timestamp="2019-08-08T12:08:32.228" durationms="58.636" />

<concurrent-kickoff id="5219" timestamp="2019-08-08T12:08:32.406">
  <kickoff reason="threshold reached" targetBytes="4515530" thresholdFreeBytes="609732" remainingFree="535928" tenureFreeBytes="535928" />
</concurrent-kickoff>
<exclusive-start id="5220" timestamp="2019-08-08T12:08:32.406" intervalms="236.501">
  <response-info timems="0.076" idlems="0.076" threads="0" lastid="0000000002369F00" lastname="main" />
</exclusive-start>
<cycle-start id="5221" type="global" contextid="0" timestamp="2019-08-08T12:08:32.406" intervalms="236.351" />
<exclusive-end id="5222" timestamp="2019-08-08T12:08:32.406" durationms="0.024" />

<exclusive-start id="5223" timestamp="2019-08-08T12:08:32.408" intervalms="2.003">
  <response-info timems="0.051" idlems="0.051" threads="0" lastid="0000000002369F00" lastname="main" />
</exclusive-start>
<af-start id="5224" threadId="000000000236A888" totalBytesRequested="80" timestamp="2019-08-08T12:08:32.408" intervalms="238.515" />
<concurrent-aborted id="5225" timestamp="2019-08-08T12:08:32.408">
  <reason value="insufficient progress made" />
</concurrent-aborted>
<cycle-end id="5226" type="global" contextid="5221" timestamp="2019-08-08T12:08:32.408" />
  <attribute name="elasticGC enabled" value="1" />
  <attribute name= "numThreadsSpecified" value="16" />
  <attribute name="heapSize specified" value="40108032" />
  <attribute name="Current GC Util" value="35" />
  <attribute name= "Current Time Running" value="146717" />
  <attribute name ="GC Interval" value="0" />
  <attribute name="Target GC Util Change" value ="80.000000" />
  <attribute name="Current GC Util Change" value="35.000000"/>
  <attribute name="Current Error" value="129.000000" />
  <attribute name="Output H" value="40183864"/>
  <attribute name="Output I" value="2240"/>
  <attribute name="Output T" value="16"/>
  <attribute name= "Current Time Running" value="146717" />
  <attribute name="GC Util currently" value="35" />
  <attribute name="CPU Util currently" value="31677189103" />
<cycle-start id="5227" type="global" contextid="0" timestamp="2019-08-08T12:08:32.408" intervalms="2.082" />
<gc-start id="5228" type="global" contextid="5227" timestamp="2019-08-08T12:08:32.408">
  <mem-info id="5229" free="401408" total="40239104" percent="0">
    <mem type="tenure" free="401408" total="40239104" percent="0">
      <mem type="soa" free="0" total="39837696" percent="0" />
      <mem type="loa" free="401408" total="401408" percent="100" />
    </mem>
  </mem-info>
</gc-start>
<allocation-stats totalBytes="21855184" >
  <allocated-bytes non-tlh="0" tlh="21855184" />
  <largest-consumer threadName="main" threadId="0000000002369F00" bytes="21855184" />
</allocation-stats>
<gc-op id="5230" type="mark" timems="10.761" contextid="5227" timestamp="2019-08-08T12:08:32.419">
  <trace-info objectcount="600641" scancount="521532" scanbytes="13385596" />
  <finalization candidates="80" enqueued="0" />
  <ownableSynchronizers candidates="21" cleared="0" />
  <references type="soft" candidates="3261" cleared="0" enqueued="0" dynamicThreshold="17" maxThreshold="32" />
  <references type="weak" candidates="5602" cleared="0" enqueued="0" />
  <references type="phantom" candidates="97" cleared="0" enqueued="0" />
  <stringconstants candidates="13593" cleared="0"  />
</gc-op>
<gc-op id="5231" type="sweep" timems="12.350" contextid="5227" timestamp="2019-08-08T12:08:32.432" />
<mem-info id="5232" free="22261040" total="40239104" percent="55">
  <mem type="tenure" free="22261040" total="40239104" percent="55" micro-fragmented="0">
    <mem type="soa" free="21859632" total="39837696" percent="54" />
    <mem type="loa" free="401408" total="401408" percent="100" />
  </mem>
</mem-info>
<gc-op id="5233" type="compact" timems="25.115" contextid="5227" timestamp="2019-08-08T12:08:32.457">
  <compact-info movecount="2" movebytes="56" reason="compact to aid heap contraction" />
</gc-op>
<heap-resize id="5234" type="expand" space="tenure" amount="131072" count="1" timems="0.018" reason="satisfy allocation request" timestamp="2019-08-08T12:08:32.457" />
<gc-end id="5235" type="global" contextid="5227" durationms="48.922" usertimems="122.944" systemtimems="0.000" timestamp="2019-08-08T12:08:32.457" activeThreads="16">
  <mem-info id="5236" free="22326592" total="40370176" percent="55">
    <mem type="tenure" free="22326592" total="40370176" percent="55">
      <mem type="soa" free="21923136" total="39966720" percent="54" />
      <mem type="loa" free="403456" total="403456" percent="100" />
    </mem>
  </mem-info>
</gc-end>
<cycle-end id="5237" type="global" contextid="5227" timestamp="2019-08-08T12:08:32.457" />
  <attribute name="elasticGC enabled" value="1" />
  <attribute name= "numThreadsSpecified" value="16" />
  <attribute name="heapSize specified" value="40239104" />
  <attribute name="Current GC Util" value="37" />
  <attribute name= "Current Time Running" value="146947" />
  <attribute name ="GC Interval" value="0" />
  <attribute name="Target GC Util Change" value ="80.000000" />
  <attribute name="Current GC Util Change" value="37.000000"/>
  <attribute name="Current Error" value="47.000000" />
  <attribute name="Output H" value="40314840"/>
  <attribute name="Output I" value="2096"/>
  <attribute name="Output T" value="16"/>
  <attribute name= "Current Time Running" value="146947" />
  <attribute name="GC Util currently" value="37" />
  <attribute name="CPU Util currently" value="45826249904" />
<allocation-satisfied id="5238" threadId="0000000002369F00" bytesRequested="80" />
<af-end id="5239" timestamp="2019-08-08T12:08:32.457" threadId="000000000236A888" success="true" />
<exclusive-end id="5240" timestamp="2019-08-08T12:08:32.457" durationms="49.154" />

<concurrent-kickoff id="5241" timestamp="2019-08-08T12:08:32.664">
  <kickoff reason="threshold reached" targetBytes="4530238" thresholdFreeBytes="611717" remainingFree="535872" tenureFreeBytes="535872" />
</concurrent-kickoff>
<exclusive-start id="5242" timestamp="2019-08-08T12:08:32.664" intervalms="255.662">
  <response-info timems="0.166" idlems="0.166" threads="0" lastid="0000000002369F00" lastname="main" />
</exclusive-start>
<cycle-start id="5243" type="global" contextid="0" timestamp="2019-08-08T12:08:32.664" intervalms="255.586" />
<exclusive-end id="5244" timestamp="2019-08-08T12:08:32.664" durationms="0.025" />

<exclusive-start id="5245" timestamp="2019-08-08T12:08:32.667" intervalms="2.980">
  <response-info timems="0.182" idlems="0.182" threads="0" lastid="0000000002369F00" lastname="main" />
</exclusive-start>
<af-start id="5246" threadId="000000000236A888" totalBytesRequested="80" timestamp="2019-08-08T12:08:32.667" intervalms="258.639" />
<concurrent-aborted id="5247" timestamp="2019-08-08T12:08:32.667">
  <reason value="insufficient progress made" />
</concurrent-aborted>
<cycle-end id="5248" type="global" contextid="5243" timestamp="2019-08-08T12:08:32.667" />
  <attribute name="elasticGC enabled" value="1" />
  <attribute name= "numThreadsSpecified" value="16" />
  <attribute name="heapSize specified" value="40239104" />
  <attribute name="Current GC Util" value="37" />
  <attribute name= "Current Time Running" value="146947" />
  <attribute name ="GC Interval" value="0" />
  <attribute name="Target GC Util Change" value ="80.000000" />
  <attribute name="Current GC Util Change" value="37.000000"/>
  <attribute name="Current Error" value="47.000000" />
  <attribute name="Output H" value="40314840"/>
  <attribute name="Output I" value="2096"/>
  <attribute name="Output T" value="16"/>
  <attribute name= "Current Time Running" value="146947" />
  <attribute name="GC Util currently" value="37" />
  <attribute name="CPU Util currently" value="45826249904" />
<cycle-start id="5249" type="global" contextid="0" timestamp="2019-08-08T12:08:32.667" intervalms="3.043" />
<gc-start id="5250" type="global" contextid="5249" timestamp="2019-08-08T12:08:32.667">
  <mem-info id="5251" free="403456" total="40370176" percent="0">
    <mem type="tenure" free="403456" total="40370176" percent="0">
      <mem type="soa" free="0" total="39966720" percent="0" />
      <mem type="loa" free="403456" total="403456" percent="100" />
    </mem>
  </mem-info>
</gc-start>
<allocation-stats totalBytes="21980904" >
  <allocated-bytes non-tlh="0" tlh="21980904" />
  <largest-consumer threadName="main" threadId="0000000002369F00" bytes="21980904" />
</allocation-stats>
<gc-op id="5252" type="mark" timems="18.905" contextid="5249" timestamp="2019-08-08T12:08:32.686">
  <trace-info objectcount="600634" scancount="521526" scanbytes="13385432" />
  <finalization candidates="80" enqueued="0" />
  <ownableSynchronizers candidates="21" cleared="0" />
  <references type="soft" candidates="3261" cleared="0" enqueued="0" dynamicThreshold="17" maxThreshold="32" />
  <references type="weak" candidates="5602" cleared="0" enqueued="0" />
  <references type="phantom" candidates="97" cleared="0" enqueued="0" />
  <stringconstants candidates="13593" cleared="0"  />
</gc-op>
<gc-op id="5253" type="sweep" timems="4.581" contextid="5249" timestamp="2019-08-08T12:08:32.691" />
<mem-info id="5254" free="22391728" total="40370176" percent="55">
  <mem type="tenure" free="22391728" total="40370176" percent="55" micro-fragmented="0">
    <mem type="soa" free="21988272" total="39966720" percent="55" />
    <mem type="loa" free="403456" total="403456" percent="100" />
  </mem>
</mem-info>
<gc-op id="5255" type="compact" timems="29.841" contextid="5249" timestamp="2019-08-08T12:08:32.720">
  <compact-info movecount="50" movebytes="1800" reason="compact to aid heap contraction" />
</gc-op>
<heap-resize id="5256" type="expand" space="tenure" amount="131072" count="1" timems="0.023" reason="satisfy allocation request" timestamp="2019-08-08T12:08:32.722" />
<gc-end id="5257" type="global" contextid="5249" durationms="54.886" usertimems="183.955" systemtimems="0.000" timestamp="2019-08-08T12:08:32.722" activeThreads="16">
  <mem-info id="5258" free="22457800" total="40501248" percent="55">
    <mem type="tenure" free="22457800" total="40501248" percent="55">
      <mem type="soa" free="22053320" total="40096768" percent="55" />
      <mem type="loa" free="404480" total="404480" percent="100" />
    </mem>
  </mem-info>
</gc-end>
<cycle-end id="5259" type="global" contextid="5249" timestamp="2019-08-08T12:08:32.722" />
  <attribute name="elasticGC enabled" value="1" />
  <attribute name= "numThreadsSpecified" value="16" />
  <attribute name="heapSize specified" value="40370176" />
  <attribute name="Current GC Util" value="35" />
  <attribute name= "Current Time Running" value="147211" />
  <attribute name ="GC Interval" value="0" />
  <attribute name="Target GC Util Change" value ="80.000000" />
  <attribute name="Current GC Util Change" value="35.000000"/>
  <attribute name="Current Error" value="45.000000" />
  <attribute name="Output H" value="40445912"/>
  <attribute name="Output I" value="2088"/>
  <attribute name="Output T" value="16"/>
  <attribute name= "Current Time Running" value="147211" />
  <attribute name="GC Util currently" value="35" />
  <attribute name="CPU Util currently" value="38465142073" />
<allocation-satisfied id="5260" threadId="0000000002369F00" bytesRequested="80" />
<af-end id="5261" timestamp="2019-08-08T12:08:32.722" threadId="000000000236A888" success="true" />
<exclusive-end id="5262" timestamp="2019-08-08T12:08:32.722" durationms="55.219" />

<concurrent-kickoff id="5263" timestamp="2019-08-08T12:08:32.970">
  <kickoff reason="threshold reached" targetBytes="4544947" thresholdFreeBytes="613704" remainingFree="536008" tenureFreeBytes="536008" />
</concurrent-kickoff>
<exclusive-start id="5264" timestamp="2019-08-08T12:08:32.971" intervalms="303.703">
  <response-info timems="0.142" idlems="0.142" threads="0" lastid="0000000002369F00" lastname="main" />
</exclusive-start>
<cycle-start id="5265" type="global" contextid="0" timestamp="2019-08-08T12:08:32.971" intervalms="303.659" />
<exclusive-end id="5266" timestamp="2019-08-08T12:08:32.971" durationms="0.052" />

<exclusive-start id="5267" timestamp="2019-08-08T12:08:32.973" intervalms="2.551">
  <response-info timems="0.059" idlems="0.059" threads="0" lastid="0000000002369F00" lastname="main" />
</exclusive-start>
<af-start id="5268" threadId="000000000236A888" totalBytesRequested="80" timestamp="2019-08-08T12:08:32.973" intervalms="306.340" />
<concurrent-aborted id="5269" timestamp="2019-08-08T12:08:32.973">
  <reason value="insufficient progress made" />
</concurrent-aborted>
<cycle-end id="5270" type="global" contextid="5265" timestamp="2019-08-08T12:08:32.973" />
  <attribute name="elasticGC enabled" value="1" />
  <attribute name= "numThreadsSpecified" value="16" />
  <attribute name="heapSize specified" value="40370176" />
  <attribute name="Current GC Util" value="35" />
  <attribute name= "Current Time Running" value="147211" />
  <attribute name ="GC Interval" value="0" />
  <attribute name="Target GC Util Change" value ="80.000000" />
  <attribute name="Current GC Util Change" value="35.000000"/>
  <attribute name="Current Error" value="45.000000" />
  <attribute name="Output H" value="40445912"/>
  <attribute name="Output I" value="2088"/>
  <attribute name="Output T" value="16"/>
  <attribute name= "Current Time Running" value="147211" />
  <attribute name="GC Util currently" value="35" />
  <attribute name="CPU Util currently" value="38465142073" />
<cycle-start id="5271" type="global" contextid="0" timestamp="2019-08-08T12:08:32.973" intervalms="2.731" />
<gc-start id="5272" type="global" contextid="5271" timestamp="2019-08-08T12:08:32.973">
  <mem-info id="5273" free="404480" total="40501248" percent="0">
    <mem type="tenure" free="404480" total="40501248" percent="0">
      <mem type="soa" free="0" total="40096768" percent="0" />
      <mem type="loa" free="404480" total="404480" percent="100" />
    </mem>
  </mem-info>
</gc-start>
<allocation-stats totalBytes="22110216" >
  <allocated-bytes non-tlh="0" tlh="22110216" />
  <largest-consumer threadName="main" threadId="0000000002369F00" bytes="22110216" />
</allocation-stats>
<gc-op id="5274" type="mark" timems="23.218" contextid="5271" timestamp="2019-08-08T12:08:32.997">
  <trace-info objectcount="600632" scancount="521520" scanbytes="13385340" />
  <finalization candidates="80" enqueued="0" />
  <ownableSynchronizers candidates="21" cleared="0" />
  <references type="soft" candidates="3261" cleared="0" enqueued="0" dynamicThreshold="17" maxThreshold="32" />
  <references type="weak" candidates="5602" cleared="0" enqueued="0" />
  <references type="phantom" candidates="97" cleared="0" enqueued="0" />
  <stringconstants candidates="13593" cleared="0"  />
</gc-op>
<gc-op id="5275" type="sweep" timems="7.006" contextid="5271" timestamp="2019-08-08T12:08:33.004" />
<mem-info id="5276" free="22523400" total="40501248" percent="55">
  <mem type="tenure" free="22523400" total="40501248" percent="55" micro-fragmented="0">
    <mem type="soa" free="22118920" total="40096768" percent="55" />
    <mem type="loa" free="404480" total="404480" percent="100" />
  </mem>
</mem-info>
<gc-op id="5277" type="compact" timems="37.947" contextid="5271" timestamp="2019-08-08T12:08:33.042">
  <compact-info movecount="11" movebytes="504" reason="compact to aid heap contraction" />
</gc-op>
<heap-resize id="5278" type="expand" space="tenure" amount="131072" count="1" timems="0.022" reason="satisfy allocation request" timestamp="2019-08-08T12:08:33.043" />
<gc-end id="5279" type="global" contextid="5271" durationms="69.219" usertimems="225.003" systemtimems="0.000" timestamp="2019-08-08T12:08:33.043" activeThreads="16">
  <mem-info id="5280" free="22588968" total="40632320" percent="55">
    <mem type="tenure" free="22588968" total="40632320" percent="55">
      <mem type="soa" free="22183464" total="40226816" percent="55" />
      <mem type="loa" free="405504" total="405504" percent="100" />
    </mem>
  </mem-info>
</gc-end>
<cycle-end id="5281" type="global" contextid="5271" timestamp="2019-08-08T12:08:33.043" />
  <attribute name="elasticGC enabled" value="1" />
  <attribute name= "numThreadsSpecified" value="16" />
  <attribute name="heapSize specified" value="40501248" />
  <attribute name="Current GC Util" value="33" />
  <attribute name= "Current Time Running" value="147532" />
  <attribute name ="GC Interval" value="0" />
  <attribute name="Target GC Util Change" value ="80.000000" />
  <attribute name="Current GC Util Change" value="33.000000"/>
  <attribute name="Current Error" value="-83.000000" />
  <attribute name="Output H" value="40576840"/>
  <attribute name="Output I" value="1864"/>
  <attribute name="Output T" value="16"/>
  <attribute name= "Current Time Running" value="147532" />
  <attribute name="GC Util currently" value="33" />
  <attribute name="CPU Util currently" value="30319987820" />
<allocation-satisfied id="5282" threadId="0000000002369F00" bytesRequested="80" />
<af-end id="5283" timestamp="2019-08-08T12:08:33.043" threadId="000000000236A888" success="true" />
<exclusive-end id="5284" timestamp="2019-08-08T12:08:33.043" durationms="69.872" />

<concurrent-kickoff id="5285" timestamp="2019-08-08T12:08:33.313">
  <kickoff reason="threshold reached" targetBytes="4559655" thresholdFreeBytes="615689" remainingFree="536104" tenureFreeBytes="536104" />
</concurrent-kickoff>
<exclusive-start id="5286" timestamp="2019-08-08T12:08:33.313" intervalms="339.818">
  <response-info timems="0.020" idlems="0.020" threads="0" lastid="0000000002369F00" lastname="main" />
</exclusive-start>
<cycle-start id="5287" type="global" contextid="0" timestamp="2019-08-08T12:08:33.313" intervalms="339.639" />
<exclusive-end id="5288" timestamp="2019-08-08T12:08:33.313" durationms="0.051" />

<exclusive-start id="5289" timestamp="2019-08-08T12:08:33.314" intervalms="1.093">
  <response-info timems="0.036" idlems="0.036" threads="0" lastid="0000000002369F00" lastname="main" />
</exclusive-start>
<af-start id="5290" threadId="000000000236A888" totalBytesRequested="32" timestamp="2019-08-08T12:08:33.314" intervalms="340.841" />
<concurrent-aborted id="5291" timestamp="2019-08-08T12:08:33.314">
  <reason value="insufficient progress made" />
</concurrent-aborted>
<cycle-end id="5292" type="global" contextid="5287" timestamp="2019-08-08T12:08:33.314" />
  <attribute name="elasticGC enabled" value="1" />
  <attribute name= "numThreadsSpecified" value="16" />
  <attribute name="heapSize specified" value="40501248" />
  <attribute name="Current GC Util" value="33" />
  <attribute name= "Current Time Running" value="147532" />
  <attribute name ="GC Interval" value="0" />
  <attribute name="Target GC Util Change" value ="80.000000" />
  <attribute name="Current GC Util Change" value="33.000000"/>
  <attribute name="Current Error" value="-83.000000" />
  <attribute name="Output H" value="40576840"/>
  <attribute name="Output I" value="1864"/>
  <attribute name="Output T" value="16"/>
  <attribute name= "Current Time Running" value="147532" />
  <attribute name="GC Util currently" value="33" />
  <attribute name="CPU Util currently" value="30319987820" />
<cycle-start id="5293" type="global" contextid="0" timestamp="2019-08-08T12:08:33.314" intervalms="1.186" />
<gc-start id="5294" type="global" contextid="5293" timestamp="2019-08-08T12:08:33.314">
  <mem-info id="5295" free="405504" total="40632320" percent="0">
    <mem type="tenure" free="405504" total="40632320" percent="0">
      <mem type="soa" free="0" total="40226816" percent="0" />
      <mem type="loa" free="405504" total="405504" percent="100" />
    </mem>
  </mem-info>
</gc-start>
<allocation-stats totalBytes="22244824" >
  <allocated-bytes non-tlh="0" tlh="22244824" />
  <largest-consumer threadName="main" threadId="0000000002369F00" bytes="22244824" />
</allocation-stats>
<gc-op id="5296" type="mark" timems="30.693" contextid="5293" timestamp="2019-08-08T12:08:33.345">
  <trace-info objectcount="600638" scancount="521520" scanbytes="13385308" />
  <finalization candidates="80" enqueued="0" />
  <ownableSynchronizers candidates="21" cleared="0" />
  <references type="soft" candidates="3261" cleared="0" enqueued="0" dynamicThreshold="17" maxThreshold="32" />
  <references type="weak" candidates="5602" cleared="0" enqueued="0" />
  <references type="phantom" candidates="97" cleared="0" enqueued="0" />
  <stringconstants candidates="13593" cleared="0"  />
</gc-op>
<gc-op id="5297" type="sweep" timems="4.117" contextid="5293" timestamp="2019-08-08T12:08:33.349" />
<mem-info id="5298" free="22653432" total="40632320" percent="55">
  <mem type="tenure" free="22653432" total="40632320" percent="55" micro-fragmented="0">
    <mem type="soa" free="22247928" total="40226816" percent="55" />
    <mem type="loa" free="405504" total="405504" percent="100" />
  </mem>
</mem-info>
<gc-op id="5299" type="compact" timems="25.324" contextid="5293" timestamp="2019-08-08T12:08:33.375">
  <compact-info movecount="29" movebytes="912" reason="compact to aid heap contraction" />
</gc-op>
<heap-resize id="5300" type="expand" space="tenure" amount="131072" count="1" timems="0.021" reason="satisfy allocation request" timestamp="2019-08-08T12:08:33.376" />
<gc-end id="5301" type="global" contextid="5293" durationms="61.325" usertimems="203.429" systemtimems="0.000" timestamp="2019-08-08T12:08:33.376" activeThreads="16">
  <mem-info id="5302" free="22720080" total="40763392" percent="55">
    <mem type="tenure" free="22720080" total="40763392" percent="55">
      <mem type="soa" free="22312528" total="40355840" percent="55" />
      <mem type="loa" free="407552" total="407552" percent="100" />
    </mem>
  </mem-info>
</gc-end>
<cycle-end id="5303" type="global" contextid="5293" timestamp="2019-08-08T12:08:33.376" />
  <attribute name="elasticGC enabled" value="1" />
  <attribute name= "numThreadsSpecified" value="16" />
  <attribute name="heapSize specified" value="40632320" />
  <attribute name="Current GC Util" value="48" />
  <attribute name= "Current Time Running" value="147865" />
  <attribute name ="GC Interval" value="0" />
  <attribute name="Target GC Util Change" value ="80.000000" />
  <attribute name="Current GC Util Change" value="48.000000"/>
  <attribute name="Current Error" value="-357.000000" />
  <attribute name="Output H" value="40707592"/>
  <attribute name="Output I" value="1376"/>
  <attribute name="Output T" value="16"/>
  <attribute name= "Current Time Running" value="147865" />
  <attribute name="GC Util currently" value="48" />
  <attribute name="CPU Util currently" value="45395061832" />
<allocation-satisfied id="5304" threadId="0000000002369F00" bytesRequested="32" />
<af-end id="5305" timestamp="2019-08-08T12:08:33.376" threadId="000000000236A888" success="true" />
<exclusive-end id="5306" timestamp="2019-08-08T12:08:33.376" durationms="61.732" />

<concurrent-kickoff id="5307" timestamp="2019-08-08T12:08:33.424">
  <kickoff reason="threshold reached" targetBytes="4574363" thresholdFreeBytes="617676" remainingFree="536144" tenureFreeBytes="536144" />
</concurrent-kickoff>
<exclusive-start id="5308" timestamp="2019-08-08T12:08:33.424" intervalms="109.624">
  <response-info timems="0.042" idlems="0.042" threads="0" lastid="0000000002369F00" lastname="main" />
</exclusive-start>
<cycle-start id="5309" type="global" contextid="0" timestamp="2019-08-08T12:08:33.424" intervalms="109.529" />
<exclusive-end id="5310" timestamp="2019-08-08T12:08:33.424" durationms="0.050" />

<exclusive-start id="5311" timestamp="2019-08-08T12:08:33.425" intervalms="0.873">
  <response-info timems="0.040" idlems="0.040" threads="0" lastid="0000000002369F00" lastname="main" />
</exclusive-start>
<af-start id="5312" threadId="000000000236A888" totalBytesRequested="32" timestamp="2019-08-08T12:08:33.425" intervalms="110.503" />
<concurrent-aborted id="5313" timestamp="2019-08-08T12:08:33.425">
  <reason value="insufficient progress made" />
</concurrent-aborted>
<cycle-end id="5314" type="global" contextid="5309" timestamp="2019-08-08T12:08:33.425" />
  <attribute name="elasticGC enabled" value="1" />
  <attribute name= "numThreadsSpecified" value="16" />
  <attribute name="heapSize specified" value="40632320" />
  <attribute name="Current GC Util" value="48" />
  <attribute name= "Current Time Running" value="147865" />
  <attribute name ="GC Interval" value="0" />
  <attribute name="Target GC Util Change" value ="80.000000" />
  <attribute name="Current GC Util Change" value="48.000000"/>
  <attribute name="Current Error" value="-357.000000" />
  <attribute name="Output H" value="40707592"/>
  <attribute name="Output I" value="1376"/>
  <attribute name="Output T" value="16"/>
  <attribute name= "Current Time Running" value="147865" />
  <attribute name="GC Util currently" value="48" />
  <attribute name="CPU Util currently" value="45395061832" />
<cycle-start id="5315" type="global" contextid="0" timestamp="2019-08-08T12:08:33.425" intervalms="1.001" />
<gc-start id="5316" type="global" contextid="5315" timestamp="2019-08-08T12:08:33.425">
  <mem-info id="5317" free="407552" total="40763392" percent="0">
    <mem type="tenure" free="407552" total="40763392" percent="0">
      <mem type="soa" free="0" total="40355840" percent="0" />
      <mem type="loa" free="407552" total="407552" percent="100" />
    </mem>
  </mem-info>
</gc-start>
<allocation-stats totalBytes="22375672" >
  <allocated-bytes non-tlh="0" tlh="22375672" />
  <largest-consumer threadName="main" threadId="0000000002369F00" bytes="22375672" />
</allocation-stats>
<gc-op id="5318" type="mark" timems="16.419" contextid="5315" timestamp="2019-08-08T12:08:33.441">
  <trace-info objectcount="600643" scancount="521533" scanbytes="13385412" />
  <finalization candidates="80" enqueued="0" />
  <ownableSynchronizers candidates="21" cleared="0" />
  <references type="soft" candidates="3261" cleared="0" enqueued="0" dynamicThreshold="17" maxThreshold="32" />
  <references type="weak" candidates="5602" cleared="0" enqueued="0" />
  <references type="phantom" candidates="97" cleared="0" enqueued="0" />
  <stringconstants candidates="13593" cleared="0"  />
</gc-op>
<gc-op id="5319" type="sweep" timems="3.264" contextid="5315" timestamp="2019-08-08T12:08:33.445" />
<mem-info id="5320" free="22784152" total="40763392" percent="55">
  <mem type="tenure" free="22784152" total="40763392" percent="55" micro-fragmented="0">
    <mem type="soa" free="22376600" total="40355840" percent="55" />
    <mem type="loa" free="407552" total="407552" percent="100" />
  </mem>
</mem-info>
<gc-op id="5321" type="compact" timems="42.391" contextid="5315" timestamp="2019-08-08T12:08:33.487">
  <compact-info movecount="26" movebytes="816" reason="compact to aid heap contraction" />
</gc-op>
<heap-resize id="5322" type="expand" space="tenure" amount="131072" count="1" timems="0.023" reason="satisfy allocation request" timestamp="2019-08-08T12:08:33.488" />
<gc-end id="5323" type="global" contextid="5315" durationms="63.318" usertimems="182.748" systemtimems="0.000" timestamp="2019-08-08T12:08:33.488" activeThreads="16">
  <mem-info id="5324" free="22851040" total="40894464" percent="55">
    <mem type="tenure" free="22851040" total="40894464" percent="55">
      <mem type="soa" free="22442464" total="40485888" percent="55" />
      <mem type="loa" free="408576" total="408576" percent="100" />
    </mem>
  </mem-info>
</gc-end>
<cycle-end id="5325" type="global" contextid="5315" timestamp="2019-08-08T12:08:33.488" />
  <attribute name="elasticGC enabled" value="1" />
  <attribute name= "numThreadsSpecified" value="16" />
  <attribute name="heapSize specified" value="40763392" />
  <attribute name="Current GC Util" value="38" />
  <attribute name= "Current Time Running" value="147977" />
  <attribute name ="GC Interval" value="0" />
  <attribute name="Target GC Util Change" value ="80.000000" />
  <attribute name="Current GC Util Change" value="38.000000"/>
  <attribute name="Current Error" value="-442.000000" />
  <attribute name="Output H" value="40838568"/>
  <attribute name="Output I" value="1224"/>
  <attribute name="Output T" value="16"/>
  <attribute name= "Current Time Running" value="147977" />
  <attribute name="GC Util currently" value="38" />
  <attribute name="CPU Util currently" value="27131717244" />
<allocation-satisfied id="5326" threadId="0000000002369F00" bytesRequested="32" />
<af-end id="5327" timestamp="2019-08-08T12:08:33.488" threadId="000000000236A888" success="true" />
<exclusive-end id="5328" timestamp="2019-08-08T12:08:33.488" durationms="63.824" />

<concurrent-kickoff id="5329" timestamp="2019-08-08T12:08:33.560">
  <kickoff reason="threshold reached" targetBytes="4589073" thresholdFreeBytes="619661" remainingFree="536032" tenureFreeBytes="536032" />
</concurrent-kickoff>
<exclusive-start id="5330" timestamp="2019-08-08T12:08:33.561" intervalms="135.969">
  <response-info timems="0.100" idlems="0.100" threads="0" lastid="0000000002369F00" lastname="main" />
</exclusive-start>
<cycle-start id="5331" type="global" contextid="0" timestamp="2019-08-08T12:08:33.561" intervalms="135.863" />
<exclusive-end id="5332" timestamp="2019-08-08T12:08:33.561" durationms="0.077" />

<exclusive-start id="5333" timestamp="2019-08-08T12:08:33.562" intervalms="1.594">
  <response-info timems="0.043" idlems="0.043" threads="0" lastid="0000000002369F00" lastname="main" />
</exclusive-start>
<af-start id="5334" threadId="000000000236A888" totalBytesRequested="24" timestamp="2019-08-08T12:08:33.562" intervalms="137.578" />
<concurrent-aborted id="5335" timestamp="2019-08-08T12:08:33.562">
  <reason value="insufficient progress made" />
</concurrent-aborted>
<cycle-end id="5336" type="global" contextid="5331" timestamp="2019-08-08T12:08:33.562" />
  <attribute name="elasticGC enabled" value="1" />
  <attribute name= "numThreadsSpecified" value="16" />
  <attribute name="heapSize specified" value="40763392" />
  <attribute name="Current GC Util" value="38" />
  <attribute name= "Current Time Running" value="147977" />
  <attribute name ="GC Interval" value="0" />
  <attribute name="Target GC Util Change" value ="80.000000" />
  <attribute name="Current GC Util Change" value="38.000000"/>
  <attribute name="Current Error" value="-442.000000" />
  <attribute name="Output H" value="40838568"/>
  <attribute name="Output I" value="1224"/>
  <attribute name="Output T" value="16"/>
  <attribute name= "Current Time Running" value="147977" />
  <attribute name="GC Util currently" value="38" />
  <attribute name="CPU Util currently" value="27131717244" />
<cycle-start id="5337" type="global" contextid="0" timestamp="2019-08-08T12:08:33.562" intervalms="1.720" />
<gc-start id="5338" type="global" contextid="5337" timestamp="2019-08-08T12:08:33.562">
  <mem-info id="5339" free="408576" total="40894464" percent="0">
    <mem type="tenure" free="408576" total="40894464" percent="0">
      <mem type="soa" free="0" total="40485888" percent="0" />
      <mem type="loa" free="408576" total="408576" percent="100" />
    </mem>
  </mem-info>
</gc-start>
<allocation-stats totalBytes="22505904" >
  <allocated-bytes non-tlh="0" tlh="22505904" />
  <largest-consumer threadName="main" threadId="0000000002369F00" bytes="22505904" />
</allocation-stats>
<gc-op id="5340" type="mark" timems="16.517" contextid="5337" timestamp="2019-08-08T12:08:33.579">
  <trace-info objectcount="600648" scancount="521541" scanbytes="13385516" />
  <finalization candidates="80" enqueued="0" />
  <ownableSynchronizers candidates="21" cleared="0" />
  <references type="soft" candidates="3261" cleared="0" enqueued="0" dynamicThreshold="17" maxThreshold="32" />
  <references type="weak" candidates="5602" cleared="0" enqueued="0" />
  <references type="phantom" candidates="97" cleared="0" enqueued="0" />
  <stringconstants candidates="13593" cleared="0"  />
</gc-op>
<gc-op id="5341" type="sweep" timems="18.622" contextid="5337" timestamp="2019-08-08T12:08:33.598" />
<mem-info id="5342" free="22915456" total="40894464" percent="56">
  <mem type="tenure" free="22915456" total="40894464" percent="56" micro-fragmented="0">
    <mem type="soa" free="22506880" total="40485888" percent="55" />
    <mem type="loa" free="408576" total="408576" percent="100" />
  </mem>
</mem-info>
<gc-op id="5343" type="compact" timems="34.911" contextid="5337" timestamp="2019-08-08T12:08:33.633">
  <compact-info movecount="24" movebytes="768" reason="compact to aid heap contraction" />
</gc-op>
<heap-resize id="5344" type="expand" space="tenure" amount="131072" count="1" timems="0.028" reason="satisfy allocation request" timestamp="2019-08-08T12:08:33.633" />
<gc-end id="5345" type="global" contextid="5337" durationms="70.793" usertimems="118.495" systemtimems="0.000" timestamp="2019-08-08T12:08:33.633" activeThreads="16">
  <mem-info id="5346" free="22982000" total="41025536" percent="56">
    <mem type="tenure" free="22982000" total="41025536" percent="56">
      <mem type="soa" free="22572400" total="40615936" percent="55" />
      <mem type="loa" free="409600" total="409600" percent="100" />
    </mem>
  </mem-info>
</gc-end>
<cycle-end id="5347" type="global" contextid="5337" timestamp="2019-08-08T12:08:33.633" />
  <attribute name="elasticGC enabled" value="1" />
  <attribute name= "numThreadsSpecified" value="16" />
  <attribute name="heapSize specified" value="40894464" />
  <attribute name="Current GC Util" value="42" />
  <attribute name= "Current Time Running" value="148123" />
  <attribute name ="GC Interval" value="0" />
  <attribute name="Target GC Util Change" value ="80.000000" />
  <attribute name="Current GC Util Change" value="42.000000"/>
  <attribute name="Current Error" value="177.000000" />
  <attribute name="Output H" value="40970352"/>
  <attribute name="Output I" value="2328"/>
  <attribute name="Output T" value="16"/>
  <attribute name= "Current Time Running" value="148123" />
  <attribute name="GC Util currently" value="42" />
  <attribute name="CPU Util currently" value="33016609635" />
<allocation-satisfied id="5348" threadId="0000000002369F00" bytesRequested="24" />
<af-end id="5349" timestamp="2019-08-08T12:08:33.633" threadId="000000000236A888" success="true" />
<exclusive-end id="5350" timestamp="2019-08-08T12:08:33.633" durationms="71.183" />

<concurrent-kickoff id="5351" timestamp="2019-08-08T12:08:33.719">
  <kickoff reason="threshold reached" targetBytes="4603781" thresholdFreeBytes="621648" remainingFree="535920" tenureFreeBytes="535920" />
</concurrent-kickoff>
<exclusive-start id="5352" timestamp="2019-08-08T12:08:33.719" intervalms="157.188">
  <response-info timems="0.072" idlems="0.072" threads="0" lastid="0000000002369F00" lastname="main" />
</exclusive-start>
<cycle-start id="5353" type="global" contextid="0" timestamp="2019-08-08T12:08:33.719" intervalms="157.014" />
<exclusive-end id="5354" timestamp="2019-08-08T12:08:33.719" durationms="0.019" />

<exclusive-start id="5355" timestamp="2019-08-08T12:08:33.720" intervalms="1.194">
  <response-info timems="0.048" idlems="0.048" threads="0" lastid="0000000002369F00" lastname="main" />
</exclusive-start>
<af-start id="5356" threadId="000000000236A888" totalBytesRequested="48" timestamp="2019-08-08T12:08:33.721" intervalms="158.351" />
<concurrent-aborted id="5357" timestamp="2019-08-08T12:08:33.721">
  <reason value="insufficient progress made" />
</concurrent-aborted>
<cycle-end id="5358" type="global" contextid="5353" timestamp="2019-08-08T12:08:33.721" />
  <attribute name="elasticGC enabled" value="1" />
  <attribute name= "numThreadsSpecified" value="16" />
  <attribute name="heapSize specified" value="40894464" />
  <attribute name="Current GC Util" value="42" />
  <attribute name= "Current Time Running" value="148123" />
  <attribute name ="GC Interval" value="0" />
  <attribute name="Target GC Util Change" value ="80.000000" />
  <attribute name="Current GC Util Change" value="42.000000"/>
  <attribute name="Current Error" value="177.000000" />
  <attribute name="Output H" value="40970352"/>
  <attribute name="Output I" value="2328"/>
  <attribute name="Output T" value="16"/>
  <attribute name= "Current Time Running" value="148123" />
  <attribute name="GC Util currently" value="42" />
  <attribute name="CPU Util currently" value="33016609635" />
<cycle-start id="5359" type="global" contextid="0" timestamp="2019-08-08T12:08:33.721" intervalms="1.368" />
<gc-start id="5360" type="global" contextid="5359" timestamp="2019-08-08T12:08:33.721">
  <mem-info id="5361" free="409600" total="41025536" percent="0">
    <mem type="tenure" free="409600" total="41025536" percent="0">
      <mem type="soa" free="0" total="40615936" percent="0" />
      <mem type="loa" free="409600" total="409600" percent="100" />
    </mem>
  </mem-info>
</gc-start>
<allocation-stats totalBytes="22634720" >
  <allocated-bytes non-tlh="0" tlh="22634720" />
  <largest-consumer threadName="main" threadId="0000000002369F00" bytes="22634720" />
</allocation-stats>
<gc-op id="5362" type="mark" timems="68.494" contextid="5359" timestamp="2019-08-08T12:08:33.789">
  <trace-info objectcount="600657" scancount="521545" scanbytes="13385668" />
  <finalization candidates="80" enqueued="0" />
  <ownableSynchronizers candidates="21" cleared="0" />
  <references type="soft" candidates="3261" cleared="0" enqueued="0" dynamicThreshold="17" maxThreshold="32" />
  <references type="weak" candidates="5602" cleared="0" enqueued="0" />
  <references type="phantom" candidates="97" cleared="0" enqueued="0" />
  <stringconstants candidates="13593" cleared="0"  />
</gc-op>
<gc-op id="5363" type="sweep" timems="8.483" contextid="5359" timestamp="2019-08-08T12:08:33.798" />
<mem-info id="5364" free="23047024" total="41025536" percent="56">
  <mem type="tenure" free="23047024" total="41025536" percent="56" micro-fragmented="0">
    <mem type="soa" free="22637424" total="40615936" percent="55" />
    <mem type="loa" free="409600" total="409600" percent="100" />
  </mem>
</mem-info>
<gc-op id="5365" type="compact" timems="24.297" contextid="5359" timestamp="2019-08-08T12:08:33.822">
  <compact-info movecount="9" movebytes="264" reason="compact to aid heap contraction" />
</gc-op>
<heap-resize id="5366" type="expand" space="tenure" amount="131072" count="1" timems="0.018" reason="satisfy allocation request" timestamp="2019-08-08T12:08:33.823" />
<gc-end id="5367" type="global" contextid="5359" durationms="101.886" usertimems="316.356" systemtimems="0.000" timestamp="2019-08-08T12:08:33.823" activeThreads="16">
  <mem-info id="5368" free="23112808" total="41156608" percent="56">
    <mem type="tenure" free="23112808" total="41156608" percent="56">
      <mem type="soa" free="22702184" total="40745984" percent="55" />
      <mem type="loa" free="410624" total="410624" percent="100" />
    </mem>
  </mem-info>
</gc-end>
<cycle-end id="5369" type="global" contextid="5359" timestamp="2019-08-08T12:08:33.823" />
  <attribute name="elasticGC enabled" value="1" />
  <attribute name= "numThreadsSpecified" value="16" />
  <attribute name="heapSize specified" value="41025536" />
  <attribute name="Current GC Util" value="37" />
  <attribute name= "Current Time Running" value="148312" />
  <attribute name ="GC Interval" value="0" />
  <attribute name="Target GC Util Change" value ="80.000000" />
  <attribute name="Current GC Util Change" value="37.000000"/>
  <attribute name="Current Error" value="66.000000" />
  <attribute name="Output H" value="41101296"/>
  <attribute name="Output I" value="2128"/>
  <attribute name="Output T" value="16"/>
  <attribute name= "Current Time Running" value="148312" />
  <attribute name="GC Util currently" value="37" />
  <attribute name="CPU Util currently" value="47480130163" />
<allocation-satisfied id="5370" threadId="0000000002369F00" bytesRequested="48" />
<af-end id="5371" timestamp="2019-08-08T12:08:33.823" threadId="000000000236A888" success="true" />
<exclusive-end id="5372" timestamp="2019-08-08T12:08:33.823" durationms="102.476" />

<concurrent-kickoff id="5373" timestamp="2019-08-08T12:08:33.884">
  <kickoff reason="threshold reached" targetBytes="4618489" thresholdFreeBytes="623634" remainingFree="535656" tenureFreeBytes="535656" />
</concurrent-kickoff>
<exclusive-start id="5374" timestamp="2019-08-08T12:08:33.885" intervalms="164.158">
  <response-info timems="0.182" idlems="0.182" threads="0" lastid="0000000002369F00" lastname="main" />
</exclusive-start>
<cycle-start id="5375" type="global" contextid="0" timestamp="2019-08-08T12:08:33.885" intervalms="163.999" />
<exclusive-end id="5376" timestamp="2019-08-08T12:08:33.885" durationms="0.036" />

<exclusive-start id="5377" timestamp="2019-08-08T12:08:33.886" intervalms="1.199">
  <response-info timems="0.095" idlems="0.095" threads="0" lastid="0000000002369F00" lastname="main" />
</exclusive-start>
<af-start id="5378" threadId="000000000236A888" totalBytesRequested="32" timestamp="2019-08-08T12:08:33.886" intervalms="165.354" />
<concurrent-aborted id="5379" timestamp="2019-08-08T12:08:33.886">
  <reason value="insufficient progress made" />
</concurrent-aborted>
<cycle-end id="5380" type="global" contextid="5375" timestamp="2019-08-08T12:08:33.886" />
  <attribute name="elasticGC enabled" value="1" />
  <attribute name= "numThreadsSpecified" value="16" />
  <attribute name="heapSize specified" value="41025536" />
  <attribute name="Current GC Util" value="37" />
  <attribute name= "Current Time Running" value="148312" />
  <attribute name ="GC Interval" value="0" />
  <attribute name="Target GC Util Change" value ="80.000000" />
  <attribute name="Current GC Util Change" value="37.000000"/>
  <attribute name="Current Error" value="66.000000" />
  <attribute name="Output H" value="41101296"/>
  <attribute name="Output I" value="2128"/>
  <attribute name="Output T" value="16"/>
  <attribute name= "Current Time Running" value="148312" />
  <attribute name="GC Util currently" value="37" />
  <attribute name="CPU Util currently" value="47480130163" />
<cycle-start id="5381" type="global" contextid="0" timestamp="2019-08-08T12:08:33.886" intervalms="1.284" />
<gc-start id="5382" type="global" contextid="5381" timestamp="2019-08-08T12:08:33.886">
  <mem-info id="5383" free="410624" total="41156608" percent="0">
    <mem type="tenure" free="410624" total="41156608" percent="0">
      <mem type="soa" free="0" total="40745984" percent="0" />
      <mem type="loa" free="410624" total="410624" percent="100" />
    </mem>
  </mem-info>
</gc-start>
<allocation-stats totalBytes="22764760" >
  <allocated-bytes non-tlh="0" tlh="22764760" />
  <largest-consumer threadName="main" threadId="0000000002369F00" bytes="22764760" />
</allocation-stats>
<gc-op id="5384" type="mark" timems="11.433" contextid="5381" timestamp="2019-08-08T12:08:33.898">
  <trace-info objectcount="600655" scancount="521545" scanbytes="13385652" />
  <finalization candidates="80" enqueued="0" />
  <ownableSynchronizers candidates="21" cleared="0" />
  <references type="soft" candidates="3261" cleared="0" enqueued="0" dynamicThreshold="17" maxThreshold="32" />
  <references type="weak" candidates="5602" cleared="0" enqueued="0" />
  <references type="phantom" candidates="97" cleared="0" enqueued="0" />
  <stringconstants candidates="13593" cleared="0"  />
</gc-op>
<gc-op id="5385" type="sweep" timems="17.310" contextid="5381" timestamp="2019-08-08T12:08:33.915" />
<mem-info id="5386" free="23178240" total="41156608" percent="56">
  <mem type="tenure" free="23178240" total="41156608" percent="56" micro-fragmented="0">
    <mem type="soa" free="22767616" total="40745984" percent="55" />
    <mem type="loa" free="410624" total="410624" percent="100" />
  </mem>
</mem-info>
<gc-op id="5387" type="compact" timems="31.952" contextid="5381" timestamp="2019-08-08T12:08:33.947">
  <compact-info movecount="7" movebytes="176" reason="compact to aid heap contraction" />
</gc-op>
<heap-resize id="5388" type="expand" space="tenure" amount="131072" count="1" timems="0.022" reason="satisfy allocation request" timestamp="2019-08-08T12:08:33.948" />
<gc-end id="5389" type="global" contextid="5381" durationms="61.378" usertimems="134.763" systemtimems="0.000" timestamp="2019-08-08T12:08:33.948" activeThreads="16">
  <mem-info id="5390" free="23243968" total="41287680" percent="56">
    <mem type="tenure" free="23243968" total="41287680" percent="56">
      <mem type="soa" free="22831296" total="40875008" percent="55" />
      <mem type="loa" free="412672" total="412672" percent="100" />
    </mem>
  </mem-info>
</gc-end>
<cycle-end id="5391" type="global" contextid="5381" timestamp="2019-08-08T12:08:33.948" />
  <attribute name="elasticGC enabled" value="1" />
  <attribute name= "numThreadsSpecified" value="16" />
  <attribute name="heapSize specified" value="41156608" />
  <attribute name="Current GC Util" value="18" />
  <attribute name= "Current Time Running" value="148437" />
  <attribute name ="GC Interval" value="0" />
  <attribute name="Target GC Util Change" value ="80.000000" />
  <attribute name="Current GC Util Change" value="18.000000"/>
  <attribute name="Current Error" value="62.000000" />
  <attribute name="Output H" value="41232360"/>
  <attribute name="Output I" value="2120"/>
  <attribute name="Output T" value="16"/>
  <attribute name= "Current Time Running" value="148437" />
  <attribute name="GC Util currently" value="18" />
  <attribute name="CPU Util currently" value="35976600308" />
<allocation-satisfied id="5392" threadId="0000000002369F00" bytesRequested="32" />
<af-end id="5393" timestamp="2019-08-08T12:08:33.948" threadId="000000000236A888" success="true" />
<exclusive-end id="5394" timestamp="2019-08-08T12:08:33.948" durationms="61.902" />

<concurrent-kickoff id="5395" timestamp="2019-08-08T12:08:34.327">
  <kickoff reason="threshold reached" targetBytes="4633198" thresholdFreeBytes="625620" remainingFree="535744" tenureFreeBytes="535744" />
</concurrent-kickoff>
<exclusive-start id="5396" timestamp="2019-08-08T12:08:34.327" intervalms="441.635">
  <response-info timems="0.065" idlems="0.065" threads="0" lastid="0000000002369F00" lastname="main" />
</exclusive-start>
<cycle-start id="5397" type="global" contextid="0" timestamp="2019-08-08T12:08:34.328" intervalms="441.545" />
<exclusive-end id="5398" timestamp="2019-08-08T12:08:34.328" durationms="0.031" />

<exclusive-start id="5399" timestamp="2019-08-08T12:08:34.331" intervalms="3.939">
  <response-info timems="0.083" idlems="0.083" threads="0" lastid="0000000002369F00" lastname="main" />
</exclusive-start>
<af-start id="5400" threadId="000000000236A888" totalBytesRequested="32" timestamp="2019-08-08T12:08:34.333" intervalms="447.088" />
<concurrent-aborted id="5401" timestamp="2019-08-08T12:08:34.333">
  <reason value="insufficient progress made" />
</concurrent-aborted>
<cycle-end id="5402" type="global" contextid="5397" timestamp="2019-08-08T12:08:34.333" />
  <attribute name="elasticGC enabled" value="1" />
  <attribute name= "numThreadsSpecified" value="16" />
  <attribute name="heapSize specified" value="41156608" />
  <attribute name="Current GC Util" value="18" />
  <attribute name= "Current Time Running" value="148437" />
  <attribute name ="GC Interval" value="0" />
  <attribute name="Target GC Util Change" value ="80.000000" />
  <attribute name="Current GC Util Change" value="18.000000"/>
  <attribute name="Current Error" value="62.000000" />
  <attribute name="Output H" value="41232360"/>
  <attribute name="Output I" value="2120"/>
  <attribute name="Output T" value="16"/>
  <attribute name= "Current Time Running" value="148437" />
  <attribute name="GC Util currently" value="18" />
  <attribute name="CPU Util currently" value="35976600308" />
<cycle-start id="5403" type="global" contextid="0" timestamp="2019-08-08T12:08:34.333" intervalms="5.638" />
<gc-start id="5404" type="global" contextid="5403" timestamp="2019-08-08T12:08:34.333">
  <mem-info id="5405" free="412672" total="41287680" percent="0">
    <mem type="tenure" free="412672" total="41287680" percent="0">
      <mem type="soa" free="0" total="40875008" percent="0" />
      <mem type="loa" free="412672" total="412672" percent="100" />
    </mem>
  </mem-info>
</gc-start>
<allocation-stats totalBytes="22895872" >
  <allocated-bytes non-tlh="0" tlh="22895872" />
  <largest-consumer threadName="main" threadId="0000000002369F00" bytes="22895872" />
</allocation-stats>
<gc-op id="5406" type="mark" timems="15.181" contextid="5403" timestamp="2019-08-08T12:08:34.348">
  <trace-info objectcount="600653" scancount="521537" scanbytes="13385596" />
  <finalization candidates="80" enqueued="0" />
  <ownableSynchronizers candidates="21" cleared="0" />
  <references type="soft" candidates="3261" cleared="0" enqueued="0" dynamicThreshold="18" maxThreshold="32" />
  <references type="weak" candidates="5602" cleared="0" enqueued="0" />
  <references type="phantom" candidates="97" cleared="0" enqueued="0" />
  <stringconstants candidates="13593" cleared="0"  />
</gc-op>
<gc-op id="5407" type="sweep" timems="4.112" contextid="5403" timestamp="2019-08-08T12:08:34.353" />
<mem-info id="5408" free="23308408" total="41287680" percent="56">
  <mem type="tenure" free="23308408" total="41287680" percent="56" micro-fragmented="0">
    <mem type="soa" free="22895736" total="40875008" percent="56" />
    <mem type="loa" free="412672" total="412672" percent="100" />
  </mem>
</mem-info>
<gc-op id="5409" type="compact" timems="27.281" contextid="5403" timestamp="2019-08-08T12:08:34.380">
  <compact-info movecount="22" movebytes="696" reason="compact to aid heap contraction" />
</gc-op>
<heap-resize id="5410" type="expand" space="tenure" amount="131072" count="1" timems="0.021" reason="satisfy allocation request" timestamp="2019-08-08T12:08:34.381" />
<gc-end id="5411" type="global" contextid="5403" durationms="47.367" usertimems="90.945" systemtimems="0.000" timestamp="2019-08-08T12:08:34.381" activeThreads="16">
  <mem-info id="5412" free="23375128" total="41418752" percent="56">
    <mem type="tenure" free="23375128" total="41418752" percent="56">
      <mem type="soa" free="22961432" total="41005056" percent="55" />
      <mem type="loa" free="413696" total="413696" percent="100" />
    </mem>
  </mem-info>
</gc-end>
<cycle-end id="5413" type="global" contextid="5403" timestamp="2019-08-08T12:08:34.381" />
  <attribute name="elasticGC enabled" value="1" />
  <attribute name= "numThreadsSpecified" value="16" />
  <attribute name="heapSize specified" value="41287680" />
  <attribute name="Current GC Util" value="34" />
  <attribute name= "Current Time Running" value="148870" />
  <attribute name ="GC Interval" value="0" />
  <attribute name="Target GC Util Change" value ="80.000000" />
  <attribute name="Current GC Util Change" value="34.000000"/>
  <attribute name="Current Error" value="15.000000" />
  <attribute name="Output H" value="41363384"/>
  <attribute name="Output I" value="2040"/>
  <attribute name="Output T" value="16"/>
  <attribute name= "Current Time Running" value="148870" />
  <attribute name="GC Util currently" value="34" />
  <attribute name="CPU Util currently" value="42239431360" />
<allocation-satisfied id="5414" threadId="0000000002369F00" bytesRequested="32" />
<af-end id="5415" timestamp="2019-08-08T12:08:34.381" threadId="000000000236A888" success="true" />
<exclusive-end id="5416" timestamp="2019-08-08T12:08:34.381" durationms="49.221" />

<concurrent-kickoff id="5417" timestamp="2019-08-08T12:08:34.842">
  <kickoff reason="threshold reached" targetBytes="4647906" thresholdFreeBytes="627606" remainingFree="535832" tenureFreeBytes="535832" />
</concurrent-kickoff>
<exclusive-start id="5418" timestamp="2019-08-08T12:08:34.842" intervalms="510.923">
  <response-info timems="0.078" idlems="0.078" threads="0" lastid="0000000002369F00" lastname="main" />
</exclusive-start>
<cycle-start id="5419" type="global" contextid="0" timestamp="2019-08-08T12:08:34.842" intervalms="509.211" />
<exclusive-end id="5420" timestamp="2019-08-08T12:08:34.842" durationms="0.013" />

<exclusive-start id="5421" timestamp="2019-08-08T12:08:34.848" intervalms="5.656">
  <response-info timems="0.054" idlems="0.054" threads="0" lastid="0000000002369F00" lastname="main" />
</exclusive-start>
<af-start id="5422" threadId="000000000236A888" totalBytesRequested="24" timestamp="2019-08-08T12:08:34.848" intervalms="515.060" />
<concurrent-aborted id="5423" timestamp="2019-08-08T12:08:34.848">
  <reason value="insufficient progress made" />
</concurrent-aborted>
<cycle-end id="5424" type="global" contextid="5419" timestamp="2019-08-08T12:08:34.848" />
  <attribute name="elasticGC enabled" value="1" />
  <attribute name= "numThreadsSpecified" value="16" />
  <attribute name="heapSize specified" value="41287680" />
  <attribute name="Current GC Util" value="34" />
  <attribute name= "Current Time Running" value="148870" />
  <attribute name ="GC Interval" value="0" />
  <attribute name="Target GC Util Change" value ="80.000000" />
  <attribute name="Current GC Util Change" value="34.000000"/>
  <attribute name="Current Error" value="15.000000" />
  <attribute name="Output H" value="41363384"/>
  <attribute name="Output I" value="2040"/>
  <attribute name="Output T" value="16"/>
  <attribute name= "Current Time Running" value="148870" />
  <attribute name="GC Util currently" value="34" />
  <attribute name="CPU Util currently" value="42239431360" />
<cycle-start id="5425" type="global" contextid="0" timestamp="2019-08-08T12:08:34.848" intervalms="5.726" />
<gc-start id="5426" type="global" contextid="5425" timestamp="2019-08-08T12:08:34.848">
  <mem-info id="5427" free="413696" total="41418752" percent="0">
    <mem type="tenure" free="413696" total="41418752" percent="0">
      <mem type="soa" free="0" total="41005056" percent="0" />
      <mem type="loa" free="413696" total="413696" percent="100" />
    </mem>
  </mem-info>
</gc-start>
<allocation-stats totalBytes="23025752" >
  <allocated-bytes non-tlh="0" tlh="23025752" />
  <largest-consumer threadName="main" threadId="0000000002369F00" bytes="23025752" />
</allocation-stats>
<gc-op id="5428" type="mark" timems="12.845" contextid="5425" timestamp="2019-08-08T12:08:34.861">
  <trace-info objectcount="600665" scancount="521557" scanbytes="13385828" />
  <finalization candidates="80" enqueued="0" />
  <ownableSynchronizers candidates="21" cleared="0" />
  <references type="soft" candidates="3261" cleared="0" enqueued="0" dynamicThreshold="18" maxThreshold="32" />
  <references type="weak" candidates="5602" cleared="0" enqueued="0" />
  <references type="phantom" candidates="97" cleared="0" enqueued="0" />
  <stringconstants candidates="13593" cleared="0"  />
</gc-op>
<gc-op id="5429" type="sweep" timems="3.253" contextid="5425" timestamp="2019-08-08T12:08:34.864" />
<mem-info id="5430" free="23439872" total="41418752" percent="56">
  <mem type="tenure" free="23439872" total="41418752" percent="56" micro-fragmented="0">
    <mem type="soa" free="23026176" total="41005056" percent="56" />
    <mem type="loa" free="413696" total="413696" percent="100" />
  </mem>
</mem-info>
<gc-op id="5431" type="compact" timems="26.385" contextid="5425" timestamp="2019-08-08T12:08:34.891">
  <compact-info movecount="27" movebytes="784" reason="compact to aid heap contraction" />
</gc-op>
<heap-resize id="5432" type="expand" space="tenure" amount="131072" count="1" timems="0.024" reason="satisfy allocation request" timestamp="2019-08-08T12:08:34.892" />
<gc-end id="5433" type="global" contextid="5425" durationms="43.489" usertimems="105.748" systemtimems="0.000" timestamp="2019-08-08T12:08:34.892" activeThreads="16">
  <mem-info id="5434" free="23505952" total="41549824" percent="56">
    <mem type="tenure" free="23505952" total="41549824" percent="56">
      <mem type="soa" free="23091232" total="41135104" percent="56" />
      <mem type="loa" free="414720" total="414720" percent="100" />
    </mem>
  </mem-info>
</gc-end>
<cycle-end id="5435" type="global" contextid="5425" timestamp="2019-08-08T12:08:34.892" />
  <attribute name="elasticGC enabled" value="1" />
  <attribute name= "numThreadsSpecified" value="16" />
  <attribute name="heapSize specified" value="41418752" />
  <attribute name="Current GC Util" value="39" />
  <attribute name= "Current Time Running" value="149381" />
  <attribute name ="GC Interval" value="0" />
  <attribute name="Target GC Util Change" value ="80.000000" />
  <attribute name="Current GC Util Change" value="39.000000"/>
  <attribute name="Current Error" value="-130.000000" />
  <attribute name="Output H" value="41494288"/>
  <attribute name="Output I" value="1776"/>
  <attribute name="Output T" value="16"/>
  <attribute name= "Current Time Running" value="149381" />
  <attribute name="GC Util currently" value="39" />
  <attribute name="CPU Util currently" value="43592919849" />
<allocation-satisfied id="5436" threadId="0000000002369F00" bytesRequested="24" />
<af-end id="5437" timestamp="2019-08-08T12:08:34.892" threadId="000000000236A888" success="true" />
<exclusive-end id="5438" timestamp="2019-08-08T12:08:34.892" durationms="43.704" />

<concurrent-kickoff id="5439" timestamp="2019-08-08T12:08:35.482">
  <kickoff reason="threshold reached" targetBytes="4662615" thresholdFreeBytes="629592" remainingFree="535584" tenureFreeBytes="535584" />
</concurrent-kickoff>
<exclusive-start id="5440" timestamp="2019-08-08T12:08:35.482" intervalms="633.746">
  <response-info timems="0.068" idlems="0.068" threads="0" lastid="0000000002369F00" lastname="main" />
</exclusive-start>
<cycle-start id="5441" type="global" contextid="0" timestamp="2019-08-08T12:08:35.482" intervalms="633.716" />
<exclusive-end id="5442" timestamp="2019-08-08T12:08:35.482" durationms="0.058" />

<exclusive-start id="5443" timestamp="2019-08-08T12:08:35.486" intervalms="4.187">
  <response-info timems="0.054" idlems="0.054" threads="0" lastid="0000000002369F00" lastname="main" />
</exclusive-start>
<af-start id="5444" threadId="000000000236A888" totalBytesRequested="24" timestamp="2019-08-08T12:08:35.486" intervalms="637.942" />
<concurrent-aborted id="5445" timestamp="2019-08-08T12:08:35.486">
  <reason value="insufficient progress made" />
</concurrent-aborted>
<cycle-end id="5446" type="global" contextid="5441" timestamp="2019-08-08T12:08:35.486" />
  <attribute name="elasticGC enabled" value="1" />
  <attribute name= "numThreadsSpecified" value="16" />
  <attribute name="heapSize specified" value="41418752" />
  <attribute name="Current GC Util" value="39" />
  <attribute name= "Current Time Running" value="149381" />
  <attribute name ="GC Interval" value="0" />
  <attribute name="Target GC Util Change" value ="80.000000" />
  <attribute name="Current GC Util Change" value="39.000000"/>
  <attribute name="Current Error" value="-130.000000" />
  <attribute name="Output H" value="41494288"/>
  <attribute name="Output I" value="1776"/>
  <attribute name="Output T" value="16"/>
  <attribute name= "Current Time Running" value="149381" />
  <attribute name="GC Util currently" value="39" />
  <attribute name="CPU Util currently" value="43592919849" />
<cycle-start id="5447" type="global" contextid="0" timestamp="2019-08-08T12:08:35.486" intervalms="4.238" />
<gc-start id="5448" type="global" contextid="5447" timestamp="2019-08-08T12:08:35.486">
  <mem-info id="5449" free="414720" total="41549824" percent="0">
    <mem type="tenure" free="414720" total="41549824" percent="0">
      <mem type="soa" free="0" total="41135104" percent="0" />
      <mem type="loa" free="414720" total="414720" percent="100" />
    </mem>
  </mem-info>
</gc-start>
<allocation-stats totalBytes="23155320" >
  <allocated-bytes non-tlh="0" tlh="23155320" />
  <largest-consumer threadName="main" threadId="0000000002369F00" bytes="23155320" />
</allocation-stats>
<gc-op id="5450" type="mark" timems="10.015" contextid="5447" timestamp="2019-08-08T12:08:35.496">
  <trace-info objectcount="600665" scancount="521556" scanbytes="13385828" />
  <finalization candidates="80" enqueued="0" />
  <ownableSynchronizers candidates="21" cleared="0" />
  <references type="soft" candidates="3261" cleared="0" enqueued="0" dynamicThreshold="18" maxThreshold="32" />
  <references type="weak" candidates="5602" cleared="0" enqueued="0" />
  <references type="phantom" candidates="97" cleared="0" enqueued="0" />
  <stringconstants candidates="13593" cleared="0"  />
</gc-op>
<gc-op id="5451" type="sweep" timems="6.197" contextid="5447" timestamp="2019-08-08T12:08:35.502" />
<mem-info id="5452" free="23571488" total="41549824" percent="56">
  <mem type="tenure" free="23571488" total="41549824" percent="56" micro-fragmented="0">
    <mem type="soa" free="23156768" total="41135104" percent="56" />
    <mem type="loa" free="414720" total="414720" percent="100" />
  </mem>
</mem-info>
<gc-op id="5453" type="compact" timems="31.531" contextid="5447" timestamp="2019-08-08T12:08:35.534">
  <compact-info movecount="2" movebytes="48" reason="compact to aid heap contraction" />
</gc-op>
<heap-resize id="5454" type="expand" space="tenure" amount="131072" count="1" timems="0.017" reason="satisfy allocation request" timestamp="2019-08-08T12:08:35.534" />
<gc-end id="5455" type="global" contextid="5447" durationms="48.435" usertimems="117.283" systemtimems="0.000" timestamp="2019-08-08T12:08:35.535" activeThreads="16">
  <mem-info id="5456" free="23637024" total="41680896" percent="56">
    <mem type="tenure" free="23637024" total="41680896" percent="56">
      <mem type="soa" free="23220256" total="41264128" percent="56" />
      <mem type="loa" free="416768" total="416768" percent="100" />
    </mem>
  </mem-info>
</gc-end>
<cycle-end id="5457" type="global" contextid="5447" timestamp="2019-08-08T12:08:35.535" />
  <attribute name="elasticGC enabled" value="1" />
  <attribute name= "numThreadsSpecified" value="16" />
  <attribute name="heapSize specified" value="41549824" />
  <attribute name="Current GC Util" value="118" />
  <attribute name= "Current Time Running" value="150024" />
  <attribute name ="GC Interval" value="0" />
  <attribute name="Target GC Util Change" value ="80.000000" />
  <attribute name="Current GC Util Change" value="118.000000"/>
  <attribute name="Current Error" value="-495.000000" />
  <attribute name="Output H" value="41624936"/>
  <attribute name="Output I" value="1128"/>
  <attribute name="Output T" value="16"/>
  <attribute name= "Current Time Running" value="150024" />
  <attribute name="GC Util currently" value="118" />
  <attribute name="CPU Util currently" value="36532842645" />
<allocation-satisfied id="5458" threadId="0000000002369F00" bytesRequested="24" />
<af-end id="5459" timestamp="2019-08-08T12:08:35.535" threadId="000000000236A888" success="true" />
<exclusive-end id="5460" timestamp="2019-08-08T12:08:35.535" durationms="48.866" />

<concurrent-kickoff id="5461" timestamp="2019-08-08T12:08:37.110">
  <kickoff reason="threshold reached" targetBytes="4677324" thresholdFreeBytes="631578" remainingFree="535584" tenureFreeBytes="535584" />
</concurrent-kickoff>
<exclusive-start id="5462" timestamp="2019-08-08T12:08:37.111" intervalms="1624.721">
  <response-info timems="0.084" idlems="0.084" threads="0" lastid="0000000002369F00" lastname="main" />
</exclusive-start>
<cycle-start id="5463" type="global" contextid="0" timestamp="2019-08-08T12:08:37.111" intervalms="1624.644" />
<exclusive-end id="5464" timestamp="2019-08-08T12:08:37.111" durationms="0.030" />

<exclusive-start id="5465" timestamp="2019-08-08T12:08:37.112" intervalms="1.510">
  <response-info timems="0.093" idlems="0.093" threads="0" lastid="0000000002369F00" lastname="main" />
</exclusive-start>
<af-start id="5466" threadId="000000000236A888" totalBytesRequested="24" timestamp="2019-08-08T12:08:37.112" intervalms="1626.230" />
<concurrent-aborted id="5467" timestamp="2019-08-08T12:08:37.112">
  <reason value="insufficient progress made" />
</concurrent-aborted>
<cycle-end id="5468" type="global" contextid="5463" timestamp="2019-08-08T12:08:37.112" />
  <attribute name="elasticGC enabled" value="1" />
  <attribute name= "numThreadsSpecified" value="16" />
  <attribute name="heapSize specified" value="41549824" />
  <attribute name="Current GC Util" value="118" />
  <attribute name= "Current Time Running" value="150024" />
  <attribute name ="GC Interval" value="0" />
  <attribute name="Target GC Util Change" value ="80.000000" />
  <attribute name="Current GC Util Change" value="118.000000"/>
  <attribute name="Current Error" value="-495.000000" />
  <attribute name="Output H" value="41624936"/>
  <attribute name="Output I" value="1128"/>
  <attribute name="Output T" value="16"/>
  <attribute name= "Current Time Running" value="150024" />
  <attribute name="GC Util currently" value="118" />
  <attribute name="CPU Util currently" value="36532842645" />
<cycle-start id="5469" type="global" contextid="0" timestamp="2019-08-08T12:08:37.112" intervalms="1.581" />
<gc-start id="5470" type="global" contextid="5469" timestamp="2019-08-08T12:08:37.112">
  <mem-info id="5471" free="416768" total="41680896" percent="0">
    <mem type="tenure" free="416768" total="41680896" percent="0">
      <mem type="soa" free="0" total="41264128" percent="0" />
      <mem type="loa" free="416768" total="416768" percent="100" />
    </mem>
  </mem-info>
</gc-start>
<allocation-stats totalBytes="23284104" >
  <allocated-bytes non-tlh="0" tlh="23284104" />
  <largest-consumer threadName="main" threadId="0000000002369F00" bytes="23284104" />
</allocation-stats>
<gc-op id="5472" type="mark" timems="29.834" contextid="5469" timestamp="2019-08-08T12:08:37.142">
  <trace-info objectcount="600699" scancount="521575" scanbytes="13386564" />
  <finalization candidates="80" enqueued="0" />
  <ownableSynchronizers candidates="21" cleared="0" />
  <references type="soft" candidates="3261" cleared="0" enqueued="0" dynamicThreshold="18" maxThreshold="32" />
  <references type="weak" candidates="5604" cleared="0" enqueued="0" />
  <references type="phantom" candidates="97" cleared="0" enqueued="0" />
  <stringconstants candidates="13593" cleared="0"  />
</gc-op>
<gc-op id="5473" type="sweep" timems="11.098" contextid="5469" timestamp="2019-08-08T12:08:37.153" />
<mem-info id="5474" free="23701104" total="41680896" percent="56">
  <mem type="tenure" free="23701104" total="41680896" percent="56" micro-fragmented="0">
    <mem type="soa" free="23284336" total="41264128" percent="56" />
    <mem type="loa" free="416768" total="416768" percent="100" />
  </mem>
</mem-info>
<gc-op id="5475" type="compact" timems="36.558" contextid="5469" timestamp="2019-08-08T12:08:37.190">
  <compact-info movecount="47" movebytes="1264" reason="compact to aid heap contraction" />
</gc-op>
<heap-resize id="5476" type="expand" space="tenure" amount="131072" count="1" timems="0.021" reason="satisfy allocation request" timestamp="2019-08-08T12:08:37.191" />
<gc-end id="5477" type="global" contextid="5469" durationms="78.598" usertimems="318.572" systemtimems="0.000" timestamp="2019-08-08T12:08:37.191" activeThreads="16">
  <mem-info id="5478" free="23767296" total="41811968" percent="56">
    <mem type="tenure" free="23767296" total="41811968" percent="56">
      <mem type="soa" free="23349504" total="41394176" percent="56" />
      <mem type="loa" free="417792" total="417792" percent="100" />
    </mem>
  </mem-info>
</gc-end>
<cycle-end id="5479" type="global" contextid="5469" timestamp="2019-08-08T12:08:37.191" />
  <attribute name="elasticGC enabled" value="1" />
  <attribute name= "numThreadsSpecified" value="16" />
  <attribute name="heapSize specified" value="41680896" />
  <attribute name="Current GC Util" value="31" />
  <attribute name= "Current Time Running" value="151680" />
  <attribute name ="GC Interval" value="0" />
  <attribute name="Target GC Util Change" value ="80.000000" />
  <attribute name="Current GC Util Change" value="31.000000"/>
  <attribute name="Current Error" value="82.000000" />
  <attribute name="Output H" value="41756672"/>
  <attribute name="Output I" value="2160"/>
  <attribute name="Output T" value="16"/>
  <attribute name= "Current Time Running" value="151680" />
  <attribute name="GC Util currently" value="31" />
  <attribute name="CPU Util currently" value="31458398095" />
<allocation-satisfied id="5480" threadId="0000000002369F00" bytesRequested="24" />
<af-end id="5481" timestamp="2019-08-08T12:08:37.191" threadId="000000000236A888" success="true" />
<exclusive-end id="5482" timestamp="2019-08-08T12:08:37.191" durationms="78.951" />

<concurrent-kickoff id="5483" timestamp="2019-08-08T12:08:37.296">
  <kickoff reason="threshold reached" targetBytes="4692033" thresholdFreeBytes="633564" remainingFree="534784" tenureFreeBytes="534784" />
</concurrent-kickoff>
<exclusive-start id="5484" timestamp="2019-08-08T12:08:37.296" intervalms="183.823">
  <response-info timems="0.169" idlems="0.169" threads="0" lastid="0000000002369F00" lastname="main" />
</exclusive-start>
<cycle-start id="5485" type="global" contextid="0" timestamp="2019-08-08T12:08:37.296" intervalms="183.783" />
<exclusive-end id="5486" timestamp="2019-08-08T12:08:37.296" durationms="0.070" />

<exclusive-start id="5487" timestamp="2019-08-08T12:08:37.298" intervalms="1.517">
  <response-info timems="0.072" idlems="0.072" threads="0" lastid="0000000002369F00" lastname="main" />
</exclusive-start>
<af-start id="5488" threadId="000000000236A888" totalBytesRequested="32" timestamp="2019-08-08T12:08:37.298" intervalms="185.387" />
<concurrent-aborted id="5489" timestamp="2019-08-08T12:08:37.298">
  <reason value="insufficient progress made" />
</concurrent-aborted>
<cycle-end id="5490" type="global" contextid="5485" timestamp="2019-08-08T12:08:37.298" />
  <attribute name="elasticGC enabled" value="1" />
  <attribute name= "numThreadsSpecified" value="16" />
  <attribute name="heapSize specified" value="41680896" />
  <attribute name="Current GC Util" value="31" />
  <attribute name= "Current Time Running" value="151680" />
  <attribute name ="GC Interval" value="0" />
  <attribute name="Target GC Util Change" value ="80.000000" />
  <attribute name="Current GC Util Change" value="31.000000"/>
  <attribute name="Current Error" value="82.000000" />
  <attribute name="Output H" value="41756672"/>
  <attribute name="Output I" value="2160"/>
  <attribute name="Output T" value="16"/>
  <attribute name= "Current Time Running" value="151680" />
  <attribute name="GC Util currently" value="31" />
  <attribute name="CPU Util currently" value="31458398095" />
<cycle-start id="5491" type="global" contextid="0" timestamp="2019-08-08T12:08:37.298" intervalms="1.650" />
<gc-start id="5492" type="global" contextid="5491" timestamp="2019-08-08T12:08:37.298">
  <mem-info id="5493" free="417792" total="41811968" percent="0">
    <mem type="tenure" free="417792" total="41811968" percent="0">
      <mem type="soa" free="0" total="41394176" percent="0" />
      <mem type="loa" free="417792" total="417792" percent="100" />
    </mem>
  </mem-info>
</gc-start>
<allocation-stats totalBytes="23413184" >
  <allocated-bytes non-tlh="0" tlh="23413184" />
  <largest-consumer threadName="main" threadId="0000000002369F00" bytes="23413184" />
</allocation-stats>
<gc-op id="5494" type="mark" timems="16.462" contextid="5491" timestamp="2019-08-08T12:08:37.314">
  <trace-info objectcount="600697" scancount="521601" scanbytes="13386532" />
  <finalization candidates="80" enqueued="0" />
  <ownableSynchronizers candidates="21" cleared="0" />
  <references type="soft" candidates="3261" cleared="0" enqueued="0" dynamicThreshold="18" maxThreshold="32" />
  <references type="weak" candidates="5604" cleared="0" enqueued="0" />
  <references type="phantom" candidates="97" cleared="0" enqueued="0" />
  <stringconstants candidates="13593" cleared="0"  />
</gc-op>
<gc-op id="5495" type="sweep" timems="10.918" contextid="5491" timestamp="2019-08-08T12:08:37.325" />
<mem-info id="5496" free="23832368" total="41811968" percent="56">
  <mem type="tenure" free="23832368" total="41811968" percent="56" micro-fragmented="0">
    <mem type="soa" free="23414576" total="41394176" percent="56" />
    <mem type="loa" free="417792" total="417792" percent="100" />
  </mem>
</mem-info>
<gc-op id="5497" type="compact" timems="23.538" contextid="5491" timestamp="2019-08-08T12:08:37.349">
  <compact-info movecount="4" movebytes="96" reason="compact to aid heap contraction" />
</gc-op>
<heap-resize id="5498" type="expand" space="tenure" amount="131072" count="1" timems="0.026" reason="satisfy allocation request" timestamp="2019-08-08T12:08:37.351" />
<gc-end id="5499" type="global" contextid="5491" durationms="52.660" usertimems="125.810" systemtimems="0.000" timestamp="2019-08-08T12:08:37.351" activeThreads="16">
  <mem-info id="5500" free="23898416" total="41943040" percent="56">
    <mem type="tenure" free="23898416" total="41943040" percent="56">
      <mem type="soa" free="23479600" total="41524224" percent="56" />
      <mem type="loa" free="418816" total="418816" percent="100" />
    </mem>
  </mem-info>
</gc-end>
<cycle-end id="5501" type="global" contextid="5491" timestamp="2019-08-08T12:08:37.351" />
  <attribute name="elasticGC enabled" value="1" />
  <attribute name= "numThreadsSpecified" value="16" />
  <attribute name="heapSize specified" value="41811968" />
  <attribute name="Current GC Util" value="35" />
  <attribute name= "Current Time Running" value="151839" />
  <attribute name ="GC Interval" value="0" />
  <attribute name="Target GC Util Change" value ="80.000000" />
  <attribute name="Current GC Util Change" value="35.000000"/>
  <attribute name="Current Error" value="32.000000" />
  <attribute name="Output H" value="41887688"/>
  <attribute name="Output I" value="2072"/>
  <attribute name="Output T" value="16"/>
  <attribute name= "Current Time Running" value="151839" />
  <attribute name="GC Util currently" value="35" />
  <attribute name="CPU Util currently" value="48815303329" />
<allocation-satisfied id="5502" threadId="0000000002369F00" bytesRequested="32" />
<af-end id="5503" timestamp="2019-08-08T12:08:37.351" threadId="000000000236A888" success="true" />
<exclusive-end id="5504" timestamp="2019-08-08T12:08:37.351" durationms="53.369" />

<concurrent-kickoff id="5505" timestamp="2019-08-08T12:08:37.440">
  <kickoff reason="threshold reached" targetBytes="4706740" thresholdFreeBytes="635550" remainingFree="534832" tenureFreeBytes="534832" />
</concurrent-kickoff>
<exclusive-start id="5506" timestamp="2019-08-08T12:08:37.440" intervalms="142.857">
  <response-info timems="0.155" idlems="0.155" threads="0" lastid="0000000002369F00" lastname="main" />
</exclusive-start>
<cycle-start id="5507" type="global" contextid="0" timestamp="2019-08-08T12:08:37.440" intervalms="142.714" />
<exclusive-end id="5508" timestamp="2019-08-08T12:08:37.440" durationms="0.058" />

<exclusive-start id="5509" timestamp="2019-08-08T12:08:37.442" intervalms="1.258">
  <response-info timems="0.113" idlems="0.113" threads="0" lastid="0000000002369F00" lastname="main" />
</exclusive-start>
<af-start id="5510" threadId="000000000236A888" totalBytesRequested="32" timestamp="2019-08-08T12:08:37.442" intervalms="144.091" />
<concurrent-aborted id="5511" timestamp="2019-08-08T12:08:37.442">
  <reason value="insufficient progress made" />
</concurrent-aborted>
<cycle-end id="5512" type="global" contextid="5507" timestamp="2019-08-08T12:08:37.442" />
  <attribute name="elasticGC enabled" value="1" />
  <attribute name= "numThreadsSpecified" value="16" />
  <attribute name="heapSize specified" value="41811968" />
  <attribute name="Current GC Util" value="35" />
  <attribute name= "Current Time Running" value="151839" />
  <attribute name ="GC Interval" value="0" />
  <attribute name="Target GC Util Change" value ="80.000000" />
  <attribute name="Current GC Util Change" value="35.000000"/>
  <attribute name="Current Error" value="32.000000" />
  <attribute name="Output H" value="41887688"/>
  <attribute name="Output I" value="2072"/>
  <attribute name="Output T" value="16"/>
  <attribute name= "Current Time Running" value="151839" />
  <attribute name="GC Util currently" value="35" />
  <attribute name="CPU Util currently" value="48815303329" />
<cycle-start id="5513" type="global" contextid="0" timestamp="2019-08-08T12:08:37.442" intervalms="1.568" />
<gc-start id="5514" type="global" contextid="5513" timestamp="2019-08-08T12:08:37.442">
  <mem-info id="5515" free="418816" total="41943040" percent="0">
    <mem type="tenure" free="418816" total="41943040" percent="0">
      <mem type="soa" free="0" total="41524224" percent="0" />
      <mem type="loa" free="418816" total="418816" percent="100" />
    </mem>
  </mem-info>
</gc-start>
<allocation-stats totalBytes="23543344" >
  <allocated-bytes non-tlh="0" tlh="23543344" />
  <largest-consumer threadName="main" threadId="0000000002369F00" bytes="23543344" />
</allocation-stats>
<gc-op id="5516" type="mark" timems="19.011" contextid="5513" timestamp="2019-08-08T12:08:37.461">
  <trace-info objectcount="600713" scancount="521607" scanbytes="13386948" />
  <finalization candidates="80" enqueued="0" />
  <ownableSynchronizers candidates="21" cleared="0" />
  <references type="soft" candidates="3261" cleared="0" enqueued="0" dynamicThreshold="18" maxThreshold="32" />
  <references type="weak" candidates="5604" cleared="0" enqueued="0" />
  <references type="phantom" candidates="97" cleared="0" enqueued="0" />
  <stringconstants candidates="13593" cleared="0"  />
</gc-op>
<gc-op id="5517" type="sweep" timems="12.609" contextid="5513" timestamp="2019-08-08T12:08:37.474" />
<mem-info id="5518" free="23962296" total="41943040" percent="57">
  <mem type="tenure" free="23962296" total="41943040" percent="57" micro-fragmented="0">
    <mem type="soa" free="23543480" total="41524224" percent="56" />
    <mem type="loa" free="418816" total="418816" percent="100" />
  </mem>
</mem-info>
<gc-op id="5519" type="compact" timems="38.938" contextid="5513" timestamp="2019-08-08T12:08:37.513">
  <compact-info movecount="31" movebytes="928" reason="compact to aid heap contraction" />
</gc-op>
<heap-resize id="5520" type="expand" space="tenure" amount="131072" count="1" timems="0.028" reason="satisfy allocation request" timestamp="2019-08-08T12:08:37.514" />
<gc-end id="5521" type="global" contextid="5513" durationms="72.456" usertimems="218.102" systemtimems="0.000" timestamp="2019-08-08T12:08:37.514" activeThreads="16">
  <mem-info id="5522" free="24029072" total="42074112" percent="57">
    <mem type="tenure" free="24029072" total="42074112" percent="57">
      <mem type="soa" free="23609232" total="41654272" percent="56" />
      <mem type="loa" free="419840" total="419840" percent="100" />
    </mem>
  </mem-info>
</gc-end>
<cycle-end id="5523" type="global" contextid="5513" timestamp="2019-08-08T12:08:37.515" />
  <attribute name="elasticGC enabled" value="1" />
  <attribute name= "numThreadsSpecified" value="16" />
  <attribute name="heapSize specified" value="41943040" />
  <attribute name="Current GC Util" value="32" />
  <attribute name= "Current Time Running" value="152003" />
  <attribute name ="GC Interval" value="0" />
  <attribute name="Target GC Util Change" value ="80.000000" />
  <attribute name="Current GC Util Change" value="32.000000"/>
  <attribute name="Current Error" value="48.000000" />
  <attribute name="Output H" value="42018776"/>
  <attribute name="Output I" value="2096"/>
  <attribute name="Output T" value="16"/>
  <attribute name= "Current Time Running" value="152003" />
  <attribute name="GC Util currently" value="32" />
  <attribute name="CPU Util currently" value="29487935760" />
<allocation-satisfied id="5524" threadId="0000000002369F00" bytesRequested="32" />
<af-end id="5525" timestamp="2019-08-08T12:08:37.515" threadId="000000000236A888" success="true" />
<exclusive-end id="5526" timestamp="2019-08-08T12:08:37.515" durationms="73.086" />

<concurrent-kickoff id="5527" timestamp="2019-08-08T12:08:37.609">
  <kickoff reason="threshold reached" targetBytes="4721449" thresholdFreeBytes="637536" remainingFree="534416" tenureFreeBytes="534416" />
</concurrent-kickoff>
<exclusive-start id="5528" timestamp="2019-08-08T12:08:37.610" intervalms="168.244">
  <response-info timems="0.109" idlems="0.109" threads="0" lastid="0000000002369F00" lastname="main" />
</exclusive-start>
<cycle-start id="5529" type="global" contextid="0" timestamp="2019-08-08T12:08:37.610" intervalms="167.950" />
<exclusive-end id="5530" timestamp="2019-08-08T12:08:37.610" durationms="0.112" />

<exclusive-start id="5531" timestamp="2019-08-08T12:08:37.612" intervalms="1.800">
  <response-info timems="0.056" idlems="0.056" threads="0" lastid="0000000002369F00" lastname="main" />
</exclusive-start>
<af-start id="5532" threadId="000000000236A888" totalBytesRequested="32" timestamp="2019-08-08T12:08:37.612" intervalms="170.091" />
<concurrent-aborted id="5533" timestamp="2019-08-08T12:08:37.612">
  <reason value="insufficient progress made" />
</concurrent-aborted>
<cycle-end id="5534" type="global" contextid="5529" timestamp="2019-08-08T12:08:37.612" />
  <attribute name="elasticGC enabled" value="1" />
  <attribute name= "numThreadsSpecified" value="16" />
  <attribute name="heapSize specified" value="41943040" />
  <attribute name="Current GC Util" value="32" />
  <attribute name= "Current Time Running" value="152003" />
  <attribute name ="GC Interval" value="0" />
  <attribute name="Target GC Util Change" value ="80.000000" />
  <attribute name="Current GC Util Change" value="32.000000"/>
  <attribute name="Current Error" value="48.000000" />
  <attribute name="Output H" value="42018776"/>
  <attribute name="Output I" value="2096"/>
  <attribute name="Output T" value="16"/>
  <attribute name= "Current Time Running" value="152003" />
  <attribute name="GC Util currently" value="32" />
  <attribute name="CPU Util currently" value="29487935760" />
<cycle-start id="5535" type="global" contextid="0" timestamp="2019-08-08T12:08:37.612" intervalms="2.108" />
<gc-start id="5536" type="global" contextid="5535" timestamp="2019-08-08T12:08:37.612">
  <mem-info id="5537" free="419840" total="42074112" percent="0">
    <mem type="tenure" free="419840" total="42074112" percent="0">
      <mem type="soa" free="0" total="41654272" percent="0" />
      <mem type="loa" free="419840" total="419840" percent="100" />
    </mem>
  </mem-info>
</gc-start>
<allocation-stats totalBytes="23673200" >
  <allocated-bytes non-tlh="0" tlh="23673200" />
  <largest-consumer threadName="main" threadId="0000000002369F00" bytes="23673200" />
</allocation-stats>
<gc-op id="5538" type="mark" timems="10.631" contextid="5535" timestamp="2019-08-08T12:08:37.623">
  <trace-info objectcount="600710" scancount="521601" scanbytes="13386876" />
  <finalization candidates="80" enqueued="0" />
  <ownableSynchronizers candidates="21" cleared="0" />
  <references type="soft" candidates="3261" cleared="0" enqueued="0" dynamicThreshold="18" maxThreshold="32" />
  <references type="weak" candidates="5604" cleared="0" enqueued="0" />
  <references type="phantom" candidates="97" cleared="0" enqueued="0" />
  <stringconstants candidates="13593" cleared="0"  />
</gc-op>
<gc-op id="5539" type="sweep" timems="8.386" contextid="5535" timestamp="2019-08-08T12:08:37.632" />
<mem-info id="5540" free="24093760" total="42074112" percent="57">
  <mem type="tenure" free="24093760" total="42074112" percent="57" micro-fragmented="0">
    <mem type="soa" free="23673920" total="41654272" percent="56" />
    <mem type="loa" free="419840" total="419840" percent="100" />
  </mem>
</mem-info>
<gc-op id="5541" type="compact" timems="27.295" contextid="5535" timestamp="2019-08-08T12:08:37.659">
  <compact-info movecount="10" movebytes="280" reason="compact to aid heap contraction" />
</gc-op>
<heap-resize id="5542" type="expand" space="tenure" amount="131072" count="1" timems="0.029" reason="satisfy allocation request" timestamp="2019-08-08T12:08:37.660" />
<gc-end id="5543" type="global" contextid="5535" durationms="47.518" usertimems="100.865" systemtimems="0.000" timestamp="2019-08-08T12:08:37.660" activeThreads="16">
  <mem-info id="5544" free="24160216" total="42205184" percent="57">
    <mem type="tenure" free="24160216" total="42205184" percent="57">
      <mem type="soa" free="23738328" total="41783296" percent="56" />
      <mem type="loa" free="421888" total="421888" percent="100" />
    </mem>
  </mem-info>
</gc-end>
<cycle-end id="5545" type="global" contextid="5535" timestamp="2019-08-08T12:08:37.660" />
  <attribute name="elasticGC enabled" value="1" />
  <attribute name= "numThreadsSpecified" value="16" />
  <attribute name="heapSize specified" value="42074112" />
  <attribute name="Current GC Util" value="27" />
  <attribute name= "Current Time Running" value="152149" />
  <attribute name ="GC Interval" value="0" />
  <attribute name="Target GC Util Change" value ="80.000000" />
  <attribute name="Current GC Util Change" value="27.000000"/>
  <attribute name="Current Error" value="-262.000000" />
  <attribute name="Output H" value="42149496"/>
  <attribute name="Output I" value="1544"/>
  <attribute name="Output T" value="16"/>
  <attribute name= "Current Time Running" value="152149" />
  <attribute name="GC Util currently" value="27" />
  <attribute name="CPU Util currently" value="42083674030" />
<allocation-satisfied id="5546" threadId="0000000002369F00" bytesRequested="32" />
<af-end id="5547" timestamp="2019-08-08T12:08:37.660" threadId="000000000236A888" success="true" />
<exclusive-end id="5548" timestamp="2019-08-08T12:08:37.660" durationms="48.237" />

<concurrent-kickoff id="5549" timestamp="2019-08-08T12:08:37.854">
  <kickoff reason="threshold reached" targetBytes="4736158" thresholdFreeBytes="639522" remainingFree="534488" tenureFreeBytes="534488" />
</concurrent-kickoff>
<exclusive-start id="5550" timestamp="2019-08-08T12:08:37.855" intervalms="243.342">
  <response-info timems="0.409" idlems="0.409" threads="0" lastid="0000000002369F00" lastname="main" />
</exclusive-start>
<cycle-start id="5551" type="global" contextid="0" timestamp="2019-08-08T12:08:37.856" intervalms="244.033" />
<exclusive-end id="5552" timestamp="2019-08-08T12:08:37.856" durationms="1.080" />

<exclusive-start id="5553" timestamp="2019-08-08T12:08:37.860" intervalms="5.357">
  <response-info timems="0.091" idlems="0.091" threads="0" lastid="0000000002369F00" lastname="main" />
</exclusive-start>
<af-start id="5554" threadId="000000000236A888" totalBytesRequested="32" timestamp="2019-08-08T12:08:37.860" intervalms="248.658" />
<concurrent-aborted id="5555" timestamp="2019-08-08T12:08:37.860">
  <reason value="insufficient progress made" />
</concurrent-aborted>
<cycle-end id="5556" type="global" contextid="5551" timestamp="2019-08-08T12:08:37.861" />
  <attribute name="elasticGC enabled" value="1" />
  <attribute name= "numThreadsSpecified" value="16" />
  <attribute name="heapSize specified" value="42074112" />
  <attribute name="Current GC Util" value="27" />
  <attribute name= "Current Time Running" value="152149" />
  <attribute name ="GC Interval" value="0" />
  <attribute name="Target GC Util Change" value ="80.000000" />
  <attribute name="Current GC Util Change" value="27.000000"/>
  <attribute name="Current Error" value="-262.000000" />
  <attribute name="Output H" value="42149496"/>
  <attribute name="Output I" value="1544"/>
  <attribute name="Output T" value="16"/>
  <attribute name= "Current Time Running" value="152149" />
  <attribute name="GC Util currently" value="27" />
  <attribute name="CPU Util currently" value="42083674030" />
<cycle-start id="5557" type="global" contextid="0" timestamp="2019-08-08T12:08:37.861" intervalms="4.652" />
<gc-start id="5558" type="global" contextid="5557" timestamp="2019-08-08T12:08:37.861">
  <mem-info id="5559" free="421888" total="42205184" percent="0">
    <mem type="tenure" free="421888" total="42205184" percent="0">
      <mem type="soa" free="0" total="41783296" percent="0" />
      <mem type="loa" free="421888" total="421888" percent="100" />
    </mem>
  </mem-info>
</gc-start>
<allocation-stats totalBytes="23802192" >
  <allocated-bytes non-tlh="0" tlh="23802192" />
  <largest-consumer threadName="main" threadId="0000000002369F00" bytes="23802192" />
</allocation-stats>
<gc-op id="5560" type="mark" timems="31.872" contextid="5557" timestamp="2019-08-08T12:08:37.893">
  <trace-info objectcount="600715" scancount="521608" scanbytes="13387000" />
  <finalization candidates="80" enqueued="0" />
  <ownableSynchronizers candidates="21" cleared="0" />
  <references type="soft" candidates="3261" cleared="0" enqueued="0" dynamicThreshold="18" maxThreshold="32" />
  <references type="weak" candidates="5604" cleared="0" enqueued="0" />
  <references type="phantom" candidates="97" cleared="0" enqueued="0" />
  <stringconstants candidates="13593" cleared="0"  />
</gc-op>
<gc-op id="5561" type="sweep" timems="6.104" contextid="5557" timestamp="2019-08-08T12:08:37.899" />
<mem-info id="5562" free="24224384" total="42205184" percent="57">
  <mem type="tenure" free="24224384" total="42205184" percent="57" micro-fragmented="0">
    <mem type="soa" free="23802496" total="41783296" percent="56" />
    <mem type="loa" free="421888" total="421888" percent="100" />
  </mem>
</mem-info>
<gc-op id="5563" type="compact" timems="34.798" contextid="5557" timestamp="2019-08-08T12:08:37.934">
  <compact-info movecount="26" movebytes="816" reason="compact to aid heap contraction" />
</gc-op>
<heap-resize id="5564" type="expand" space="tenure" amount="131072" count="1" timems="0.036" reason="satisfy allocation request" timestamp="2019-08-08T12:08:37.935" />
<gc-end id="5565" type="global" contextid="5557" durationms="74.045" usertimems="302.949" systemtimems="0.000" timestamp="2019-08-08T12:08:37.935" activeThreads="16">
  <mem-info id="5566" free="24291168" total="42336256" percent="57">
    <mem type="tenure" free="24291168" total="42336256" percent="57">
      <mem type="soa" free="23868256" total="41913344" percent="56" />
      <mem type="loa" free="422912" total="422912" percent="100" />
    </mem>
  </mem-info>
</gc-end>
<cycle-end id="5567" type="global" contextid="5557" timestamp="2019-08-08T12:08:37.935" />
  <attribute name="elasticGC enabled" value="1" />
  <attribute name= "numThreadsSpecified" value="16" />
  <attribute name="heapSize specified" value="42205184" />
  <attribute name="Current GC Util" value="59" />
  <attribute name= "Current Time Running" value="152424" />
  <attribute name ="GC Interval" value="0" />
  <attribute name="Target GC Util Change" value ="80.000000" />
  <attribute name="Current GC Util Change" value="59.000000"/>
  <attribute name="Current Error" value="-119.000000" />
  <attribute name="Output H" value="42280728"/>
  <attribute name="Output I" value="1800"/>
  <attribute name="Output T" value="16"/>
  <attribute name= "Current Time Running" value="152424" />
  <attribute name="GC Util currently" value="59" />
  <attribute name="CPU Util currently" value="33104159550" />
<allocation-satisfied id="5568" threadId="0000000002369F00" bytesRequested="32" />
<af-end id="5569" timestamp="2019-08-08T12:08:37.935" threadId="000000000236A888" success="true" />
<exclusive-end id="5570" timestamp="2019-08-08T12:08:37.935" durationms="74.591" />

<concurrent-kickoff id="5571" timestamp="2019-08-08T12:08:38.149">
  <kickoff reason="threshold reached" targetBytes="4750866" thresholdFreeBytes="641509" remainingFree="534368" tenureFreeBytes="534368" />
</concurrent-kickoff>
<exclusive-start id="5572" timestamp="2019-08-08T12:08:38.149" intervalms="289.110">
  <response-info timems="0.114" idlems="0.114" threads="0" lastid="0000000002369F00" lastname="main" />
</exclusive-start>
<cycle-start id="5573" type="global" contextid="0" timestamp="2019-08-08T12:08:38.149" intervalms="288.776" />
<exclusive-end id="5574" timestamp="2019-08-08T12:08:38.149" durationms="0.025" />

<exclusive-start id="5575" timestamp="2019-08-08T12:08:38.152" intervalms="2.259">
  <response-info timems="0.091" idlems="0.091" threads="0" lastid="0000000002369F00" lastname="main" />
</exclusive-start>
<af-start id="5576" threadId="000000000236A888" totalBytesRequested="48" timestamp="2019-08-08T12:08:38.152" intervalms="291.627" />
<concurrent-aborted id="5577" timestamp="2019-08-08T12:08:38.152">
  <reason value="insufficient progress made" />
</concurrent-aborted>
<cycle-end id="5578" type="global" contextid="5573" timestamp="2019-08-08T12:08:38.152" />
  <attribute name="elasticGC enabled" value="1" />
  <attribute name= "numThreadsSpecified" value="16" />
  <attribute name="heapSize specified" value="42205184" />
  <attribute name="Current GC Util" value="59" />
  <attribute name= "Current Time Running" value="152424" />
  <attribute name ="GC Interval" value="0" />
  <attribute name="Target GC Util Change" value ="80.000000" />
  <attribute name="Current GC Util Change" value="59.000000"/>
  <attribute name="Current Error" value="-119.000000" />
  <attribute name="Output H" value="42280728"/>
  <attribute name="Output I" value="1800"/>
  <attribute name="Output T" value="16"/>
  <attribute name= "Current Time Running" value="152424" />
  <attribute name="GC Util currently" value="59" />
  <attribute name="CPU Util currently" value="33104159550" />
<cycle-start id="5579" type="global" contextid="0" timestamp="2019-08-08T12:08:38.152" intervalms="2.655" />
<gc-start id="5580" type="global" contextid="5579" timestamp="2019-08-08T12:08:38.152">
  <mem-info id="5581" free="422912" total="42336256" percent="0">
    <mem type="tenure" free="422912" total="42336256" percent="0">
      <mem type="soa" free="0" total="41913344" percent="0" />
      <mem type="loa" free="422912" total="422912" percent="100" />
    </mem>
  </mem-info>
</gc-start>
<allocation-stats totalBytes="23931864" >
  <allocated-bytes non-tlh="0" tlh="23931864" />
  <largest-consumer threadName="main" threadId="0000000002369F00" bytes="23931864" />
</allocation-stats>
<gc-op id="5582" type="mark" timems="33.856" contextid="5579" timestamp="2019-08-08T12:08:38.186">
  <trace-info objectcount="600721" scancount="521611" scanbytes="13387132" />
  <finalization candidates="80" enqueued="0" />
  <ownableSynchronizers candidates="21" cleared="0" />
  <references type="soft" candidates="3261" cleared="0" enqueued="0" dynamicThreshold="18" maxThreshold="32" />
  <references type="weak" candidates="5604" cleared="0" enqueued="0" />
  <references type="phantom" candidates="97" cleared="0" enqueued="0" />
  <stringconstants candidates="13593" cleared="0"  />
</gc-op>
<gc-op id="5583" type="sweep" timems="12.209" contextid="5579" timestamp="2019-08-08T12:08:38.198" />
<mem-info id="5584" free="24356064" total="42336256" percent="57">
  <mem type="tenure" free="24356064" total="42336256" percent="57" micro-fragmented="0">
    <mem type="soa" free="23933152" total="41913344" percent="57" />
    <mem type="loa" free="422912" total="422912" percent="100" />
  </mem>
</mem-info>
<gc-op id="5585" type="compact" timems="36.409" contextid="5579" timestamp="2019-08-08T12:08:38.235">
  <compact-info movecount="14" movebytes="360" reason="compact to aid heap contraction" />
</gc-op>
<heap-resize id="5586" type="expand" space="tenure" amount="131072" count="1" timems="0.021" reason="satisfy allocation request" timestamp="2019-08-08T12:08:38.235" />
<gc-end id="5587" type="global" contextid="5579" durationms="83.238" usertimems="236.881" systemtimems="0.000" timestamp="2019-08-08T12:08:38.235" activeThreads="16">
  <mem-info id="5588" free="24422104" total="42467328" percent="57">
    <mem type="tenure" free="24422104" total="42467328" percent="57">
      <mem type="soa" free="23998168" total="42043392" percent="57" />
      <mem type="loa" free="423936" total="423936" percent="100" />
    </mem>
  </mem-info>
</gc-end>
<cycle-end id="5589" type="global" contextid="5579" timestamp="2019-08-08T12:08:38.235" />
  <attribute name="elasticGC enabled" value="1" />
  <attribute name= "numThreadsSpecified" value="16" />
  <attribute name="heapSize specified" value="42336256" />
  <attribute name="Current GC Util" value="81" />
  <attribute name= "Current Time Running" value="152725" />
  <attribute name ="GC Interval" value="0" />
  <attribute name="Target GC Util Change" value ="80.000000" />
  <attribute name="Current GC Util Change" value="81.000000"/>
  <attribute name="Current Error" value="-291.000000" />
  <attribute name="Output H" value="42411600"/>
  <attribute name="Output I" value="1496"/>
  <attribute name="Output T" value="16"/>
  <attribute name= "Current Time Running" value="152725" />
  <attribute name="GC Util currently" value="81" />
  <attribute name="CPU Util currently" value="31625894280" />
<allocation-satisfied id="5590" threadId="0000000002369F00" bytesRequested="48" />
<af-end id="5591" timestamp="2019-08-08T12:08:38.236" threadId="000000000236A888" success="true" />
<exclusive-end id="5592" timestamp="2019-08-08T12:08:38.236" durationms="83.776" />

<concurrent-kickoff id="5593" timestamp="2019-08-08T12:08:39.146">
  <kickoff reason="threshold reached" targetBytes="4765576" thresholdFreeBytes="643495" remainingFree="533872" tenureFreeBytes="533872" />
</concurrent-kickoff>
<exclusive-start id="5594" timestamp="2019-08-08T12:08:39.147" intervalms="994.789">
  <response-info timems="0.503" idlems="0.503" threads="0" lastid="0000000002369F00" lastname="main" />
</exclusive-start>
<cycle-start id="5595" type="global" contextid="0" timestamp="2019-08-08T12:08:39.147" intervalms="994.428" />
<exclusive-end id="5596" timestamp="2019-08-08T12:08:39.147" durationms="0.060" />

<exclusive-start id="5597" timestamp="2019-08-08T12:08:39.164" intervalms="17.372">
  <response-info timems="0.131" idlems="0.131" threads="0" lastid="0000000002369F00" lastname="main" />
</exclusive-start>
<af-start id="5598" threadId="000000000236A888" totalBytesRequested="208" timestamp="2019-08-08T12:08:39.164" intervalms="1011.884" />
<concurrent-aborted id="5599" timestamp="2019-08-08T12:08:39.164">
  <reason value="insufficient progress made" />
</concurrent-aborted>
<cycle-end id="5600" type="global" contextid="5595" timestamp="2019-08-08T12:08:39.164" />
  <attribute name="elasticGC enabled" value="1" />
  <attribute name= "numThreadsSpecified" value="16" />
  <attribute name="heapSize specified" value="42336256" />
  <attribute name="Current GC Util" value="81" />
  <attribute name= "Current Time Running" value="152725" />
  <attribute name ="GC Interval" value="0" />
  <attribute name="Target GC Util Change" value ="80.000000" />
  <attribute name="Current GC Util Change" value="81.000000"/>
  <attribute name="Current Error" value="-291.000000" />
  <attribute name="Output H" value="42411600"/>
  <attribute name="Output I" value="1496"/>
  <attribute name="Output T" value="16"/>
  <attribute name= "Current Time Running" value="152725" />
  <attribute name="GC Util currently" value="81" />
  <attribute name="CPU Util currently" value="31625894280" />
<cycle-start id="5601" type="global" contextid="0" timestamp="2019-08-08T12:08:39.164" intervalms="17.423" />
<gc-start id="5602" type="global" contextid="5601" timestamp="2019-08-08T12:08:39.164">
  <mem-info id="5603" free="423936" total="42467328" percent="0">
    <mem type="tenure" free="423936" total="42467328" percent="0">
      <mem type="soa" free="0" total="42043392" percent="0" />
      <mem type="loa" free="423936" total="423936" percent="100" />
    </mem>
  </mem-info>
</gc-start>
<allocation-stats totalBytes="24059032" >
  <allocated-bytes non-tlh="360" tlh="24058672" />
  <largest-consumer threadName="main" threadId="0000000002369F00" bytes="24059032" />
</allocation-stats>
<gc-op id="5604" type="mark" timems="11.934" contextid="5601" timestamp="2019-08-08T12:08:39.176">
  <trace-info objectcount="600761" scancount="521644" scanbytes="13387728" />
  <finalization candidates="80" enqueued="0" />
  <ownableSynchronizers candidates="21" cleared="0" />
  <references type="soft" candidates="3261" cleared="0" enqueued="0" dynamicThreshold="18" maxThreshold="32" />
  <references type="weak" candidates="5608" cleared="0" enqueued="0" />
  <references type="phantom" candidates="97" cleared="0" enqueued="0" />
  <stringconstants candidates="13599" cleared="0"  />
</gc-op>
<gc-op id="5605" type="sweep" timems="14.016" contextid="5601" timestamp="2019-08-08T12:08:39.190" />
<mem-info id="5606" free="24483992" total="42467328" percent="57">
  <mem type="tenure" free="24483992" total="42467328" percent="57" micro-fragmented="0">
    <mem type="soa" free="24060056" total="42043392" percent="57" />
    <mem type="loa" free="423936" total="423936" percent="100" />
  </mem>
</mem-info>
<gc-op id="5607" type="compact" timems="23.919" contextid="5601" timestamp="2019-08-08T12:08:39.214">
  <compact-info movecount="1347" movebytes="40736" reason="compact to aid heap contraction" />
</gc-op>
<heap-resize id="5608" type="expand" space="tenure" amount="131072" count="1" timems="0.022" reason="satisfy allocation request" timestamp="2019-08-08T12:08:39.215" />
<gc-end id="5609" type="global" contextid="5601" durationms="50.591" usertimems="118.414" systemtimems="0.000" timestamp="2019-08-08T12:08:39.215" activeThreads="16">
  <mem-info id="5610" free="24551408" total="42598400" percent="57">
    <mem type="tenure" free="24551408" total="42598400" percent="57">
      <mem type="soa" free="24125424" total="42172416" percent="57" />
      <mem type="loa" free="425984" total="425984" percent="100" />
    </mem>
  </mem-info>
</gc-end>
<cycle-end id="5611" type="global" contextid="5601" timestamp="2019-08-08T12:08:39.215" />
  <attribute name="elasticGC enabled" value="1" />
  <attribute name= "numThreadsSpecified" value="16" />
  <attribute name="heapSize specified" value="42467328" />
  <attribute name="Current GC Util" value="38" />
  <attribute name= "Current Time Running" value="153704" />
  <attribute name ="GC Interval" value="0" />
  <attribute name="Target GC Util Change" value ="80.000000" />
  <attribute name="Current GC Util Change" value="38.000000"/>
  <attribute name="Current Error" value="-1.000000" />
  <attribute name="Output H" value="42543008"/>
  <attribute name="Output I" value="2008"/>
  <attribute name="Output T" value="16"/>
  <attribute name= "Current Time Running" value="153704" />
  <attribute name="GC Util currently" value="38" />
  <attribute name="CPU Util currently" value="48102672487" />
<allocation-satisfied id="5612" threadId="0000000002369F00" bytesRequested="208" />
<af-end id="5613" timestamp="2019-08-08T12:08:39.215" threadId="000000000236A888" success="true" />
<exclusive-end id="5614" timestamp="2019-08-08T12:08:39.215" durationms="50.839" />

<concurrent-kickoff id="5615" timestamp="2019-08-08T12:08:39.350">
  <kickoff reason="threshold reached" targetBytes="4780284" thresholdFreeBytes="645481" remainingFree="532464" tenureFreeBytes="532464" />
</concurrent-kickoff>
<exclusive-start id="5616" timestamp="2019-08-08T12:08:39.350" intervalms="185.851">
  <response-info timems="0.125" idlems="0.125" threads="0" lastid="0000000002369F00" lastname="main" />
</exclusive-start>
<cycle-start id="5617" type="global" contextid="0" timestamp="2019-08-08T12:08:39.350" intervalms="185.759" />
<exclusive-end id="5618" timestamp="2019-08-08T12:08:39.350" durationms="0.021" />

<exclusive-start id="5619" timestamp="2019-08-08T12:08:39.351" intervalms="1.725">
  <response-info timems="0.184" idlems="0.184" threads="0" lastid="0000000002369F00" lastname="main" />
</exclusive-start>
<af-start id="5620" threadId="000000000236A888" totalBytesRequested="520" timestamp="2019-08-08T12:08:39.352" intervalms="187.572" />
<concurrent-aborted id="5621" timestamp="2019-08-08T12:08:39.352">
  <reason value="insufficient progress made" />
</concurrent-aborted>
<cycle-end id="5622" type="global" contextid="5617" timestamp="2019-08-08T12:08:39.352" />
  <attribute name="elasticGC enabled" value="1" />
  <attribute name= "numThreadsSpecified" value="16" />
  <attribute name="heapSize specified" value="42467328" />
  <attribute name="Current GC Util" value="38" />
  <attribute name= "Current Time Running" value="153704" />
  <attribute name ="GC Interval" value="0" />
  <attribute name="Target GC Util Change" value ="80.000000" />
  <attribute name="Current GC Util Change" value="38.000000"/>
  <attribute name="Current Error" value="-1.000000" />
  <attribute name="Output H" value="42543008"/>
  <attribute name="Output I" value="2008"/>
  <attribute name="Output T" value="16"/>
  <attribute name= "Current Time Running" value="153704" />
  <attribute name="GC Util currently" value="38" />
  <attribute name="CPU Util currently" value="48102672487" />
<cycle-start id="5623" type="global" contextid="0" timestamp="2019-08-08T12:08:39.352" intervalms="1.815" />
<gc-start id="5624" type="global" contextid="5623" timestamp="2019-08-08T12:08:39.352">
  <mem-info id="5625" free="425984" total="42598400" percent="1">
    <mem type="tenure" free="425984" total="42598400" percent="1">
      <mem type="soa" free="0" total="42172416" percent="0" />
      <mem type="loa" free="425984" total="425984" percent="100" />
    </mem>
  </mem-info>
</gc-start>
<allocation-stats totalBytes="24166104" >
  <allocated-bytes non-tlh="0" tlh="24166104" />
  <largest-consumer threadName="main" threadId="0000000002369F00" bytes="24166104" />
</allocation-stats>
<gc-op id="5626" type="mark" timems="24.824" contextid="5623" timestamp="2019-08-08T12:08:39.377">
  <trace-info objectcount="600764" scancount="521638" scanbytes="13387768" />
  <finalization candidates="80" enqueued="0" />
  <ownableSynchronizers candidates="21" cleared="0" />
  <references type="soft" candidates="3261" cleared="0" enqueued="0" dynamicThreshold="18" maxThreshold="32" />
  <references type="weak" candidates="5608" cleared="0" enqueued="0" />
  <references type="phantom" candidates="97" cleared="0" enqueued="0" />
  <stringconstants candidates="13599" cleared="0"  />
</gc-op>
<gc-op id="5627" type="sweep" timems="8.921" contextid="5623" timestamp="2019-08-08T12:08:39.385" />
<mem-info id="5628" free="24616272" total="42598400" percent="57">
  <mem type="tenure" free="24616272" total="42598400" percent="57" micro-fragmented="0">
    <mem type="soa" free="24190288" total="42172416" percent="57" />
    <mem type="loa" free="425984" total="425984" percent="100" />
  </mem>
</mem-info>
<gc-op id="5629" type="compact" timems="34.399" contextid="5623" timestamp="2019-08-08T12:08:39.420">
  <compact-info movecount="4" movebytes="592" reason="compact to aid heap contraction" />
</gc-op>
<heap-resize id="5630" type="expand" space="tenure" amount="131072" count="1" timems="0.022" reason="satisfy allocation request" timestamp="2019-08-08T12:08:39.421" />
<gc-end id="5631" type="global" contextid="5623" durationms="68.996" usertimems="203.078" systemtimems="0.000" timestamp="2019-08-08T12:08:39.421" activeThreads="16">
  <mem-info id="5632" free="24681920" total="42729472" percent="57">
    <mem type="tenure" free="24681920" total="42729472" percent="57">
      <mem type="soa" free="24254912" total="42302464" percent="57" />
      <mem type="loa" free="427008" total="427008" percent="100" />
    </mem>
  </mem-info>
</gc-end>
<cycle-end id="5633" type="global" contextid="5623" timestamp="2019-08-08T12:08:39.421" />
  <attribute name="elasticGC enabled" value="1" />
  <attribute name= "numThreadsSpecified" value="16" />
  <attribute name="heapSize specified" value="42598400" />
  <attribute name="Current GC Util" value="33" />
  <attribute name= "Current Time Running" value="153910" />
  <attribute name ="GC Interval" value="0" />
  <attribute name="Target GC Util Change" value ="80.000000" />
  <attribute name="Current GC Util Change" value="33.000000"/>
  <attribute name="Current Error" value="91.000000" />
  <attribute name="Output H" value="42674192"/>
  <attribute name="Output I" value="2176"/>
  <attribute name="Output T" value="16"/>
  <attribute name= "Current Time Running" value="153910" />
  <attribute name="GC Util currently" value="33" />
  <attribute name="CPU Util currently" value="33482383423" />
<allocation-satisfied id="5634" threadId="0000000002369F00" bytesRequested="520" />
<af-end id="5635" timestamp="2019-08-08T12:08:39.421" threadId="000000000236A888" success="true" />
<exclusive-end id="5636" timestamp="2019-08-08T12:08:39.421" durationms="69.291" />

<concurrent-kickoff id="5637" timestamp="2019-08-08T12:08:39.522">
  <kickoff reason="threshold reached" targetBytes="4794991" thresholdFreeBytes="647466" remainingFree="531904" tenureFreeBytes="531904" />
</concurrent-kickoff>
<exclusive-start id="5638" timestamp="2019-08-08T12:08:39.523" intervalms="171.424">
  <response-info timems="0.289" idlems="0.289" threads="0" lastid="0000000002369F00" lastname="main" />
</exclusive-start>
<cycle-start id="5639" type="global" contextid="0" timestamp="2019-08-08T12:08:39.523" intervalms="171.346" />
<exclusive-end id="5640" timestamp="2019-08-08T12:08:39.523" durationms="0.034" />

<exclusive-start id="5641" timestamp="2019-08-08T12:08:39.524" intervalms="1.487">
  <response-info timems="0.154" idlems="0.154" threads="0" lastid="0000000002369F00" lastname="main" />
</exclusive-start>
<af-start id="5642" threadId="000000000236A888" totalBytesRequested="520" timestamp="2019-08-08T12:08:39.524" intervalms="172.903" />
<concurrent-aborted id="5643" timestamp="2019-08-08T12:08:39.525">
  <reason value="insufficient progress made" />
</concurrent-aborted>
<cycle-end id="5644" type="global" contextid="5639" timestamp="2019-08-08T12:08:39.525" />
  <attribute name="elasticGC enabled" value="1" />
  <attribute name= "numThreadsSpecified" value="16" />
  <attribute name="heapSize specified" value="42598400" />
  <attribute name="Current GC Util" value="33" />
  <attribute name= "Current Time Running" value="153910" />
  <attribute name ="GC Interval" value="0" />
  <attribute name="Target GC Util Change" value ="80.000000" />
  <attribute name="Current GC Util Change" value="33.000000"/>
  <attribute name="Current Error" value="91.000000" />
  <attribute name="Output H" value="42674192"/>
  <attribute name="Output I" value="2176"/>
  <attribute name="Output T" value="16"/>
  <attribute name= "Current Time Running" value="153910" />
  <attribute name="GC Util currently" value="33" />
  <attribute name="CPU Util currently" value="33482383423" />
<cycle-start id="5645" type="global" contextid="0" timestamp="2019-08-08T12:08:39.525" intervalms="1.960" />
<gc-start id="5646" type="global" contextid="5645" timestamp="2019-08-08T12:08:39.525">
  <mem-info id="5647" free="427008" total="42729472" percent="0">
    <mem type="tenure" free="427008" total="42729472" percent="0">
      <mem type="soa" free="0" total="42302464" percent="0" />
      <mem type="loa" free="427008" total="427008" percent="100" />
    </mem>
  </mem-info>
</gc-start>
<allocation-stats totalBytes="24291256" >
  <allocated-bytes non-tlh="0" tlh="24291256" />
  <largest-consumer threadName="main" threadId="0000000002369F00" bytes="24291256" />
</allocation-stats>
<gc-op id="5648" type="mark" timems="17.411" contextid="5645" timestamp="2019-08-08T12:08:39.542">
  <trace-info objectcount="600762" scancount="521641" scanbytes="13387752" />
  <finalization candidates="80" enqueued="0" />
  <ownableSynchronizers candidates="21" cleared="0" />
  <references type="soft" candidates="3261" cleared="0" enqueued="0" dynamicThreshold="18" maxThreshold="32" />
  <references type="weak" candidates="5608" cleared="0" enqueued="0" />
  <references type="phantom" candidates="97" cleared="0" enqueued="0" />
  <stringconstants candidates="13599" cleared="0"  />
</gc-op>
<gc-op id="5649" type="sweep" timems="8.048" contextid="5645" timestamp="2019-08-08T12:08:39.550" />
<mem-info id="5650" free="24747872" total="42729472" percent="57">
  <mem type="tenure" free="24747872" total="42729472" percent="57" micro-fragmented="0">
    <mem type="soa" free="24320864" total="42302464" percent="57" />
    <mem type="loa" free="427008" total="427008" percent="100" />
  </mem>
</mem-info>
<gc-op id="5651" type="compact" timems="24.671" contextid="5645" timestamp="2019-08-08T12:08:39.575">
  <compact-info movecount="2" movebytes="56" reason="compact to aid heap contraction" />
</gc-op>
<heap-resize id="5652" type="expand" space="tenure" amount="131072" count="1" timems="0.020" reason="satisfy allocation request" timestamp="2019-08-08T12:08:39.576" />
<gc-end id="5653" type="global" contextid="5645" durationms="51.059" usertimems="171.886" systemtimems="0.000" timestamp="2019-08-08T12:08:39.576" activeThreads="16">
  <mem-info id="5654" free="24813528" total="42860544" percent="57">
    <mem type="tenure" free="24813528" total="42860544" percent="57">
      <mem type="soa" free="24385496" total="42432512" percent="57" />
      <mem type="loa" free="428032" total="428032" percent="100" />
    </mem>
  </mem-info>
</gc-end>
<cycle-end id="5655" type="global" contextid="5645" timestamp="2019-08-08T12:08:39.576" />
  <attribute name="elasticGC enabled" value="1" />
  <attribute name= "numThreadsSpecified" value="16" />
  <attribute name="heapSize specified" value="42729472" />
  <attribute name="Current GC Util" value="47" />
  <attribute name= "Current Time Running" value="154065" />
  <attribute name ="GC Interval" value="0" />
  <attribute name="Target GC Util Change" value ="80.000000" />
  <attribute name="Current GC Util Change" value="47.000000"/>
  <attribute name="Current Error" value="33.000000" />
  <attribute name="Output H" value="42805192"/>
  <attribute name="Output I" value="2072"/>
  <attribute name="Output T" value="16"/>
  <attribute name= "Current Time Running" value="154065" />
  <attribute name="GC Util currently" value="47" />
  <attribute name="CPU Util currently" value="46655559252" />
<allocation-satisfied id="5656" threadId="0000000002369F00" bytesRequested="520" />
<af-end id="5657" timestamp="2019-08-08T12:08:39.576" threadId="000000000236A888" success="true" />
<exclusive-end id="5658" timestamp="2019-08-08T12:08:39.576" durationms="51.759" />

<concurrent-kickoff id="5659" timestamp="2019-08-08T12:08:39.651">
  <kickoff reason="threshold reached" targetBytes="4809701" thresholdFreeBytes="649453" remainingFree="532440" tenureFreeBytes="532440" />
</concurrent-kickoff>
<exclusive-start id="5660" timestamp="2019-08-08T12:08:39.651" intervalms="126.915">
  <response-info timems="0.158" idlems="0.158" threads="0" lastid="0000000002369F00" lastname="main" />
</exclusive-start>
<cycle-start id="5661" type="global" contextid="0" timestamp="2019-08-08T12:08:39.651" intervalms="126.440" />
<exclusive-end id="5662" timestamp="2019-08-08T12:08:39.651" durationms="0.032" />

<exclusive-start id="5663" timestamp="2019-08-08T12:08:39.653" intervalms="1.659">
  <response-info timems="0.247" idlems="0.247" threads="0" lastid="0000000002369F00" lastname="main" />
</exclusive-start>
<af-start id="5664" threadId="000000000236A888" totalBytesRequested="520" timestamp="2019-08-08T12:08:39.653" intervalms="128.577" />
<concurrent-aborted id="5665" timestamp="2019-08-08T12:08:39.653">
  <reason value="insufficient progress made" />
</concurrent-aborted>
<cycle-end id="5666" type="global" contextid="5661" timestamp="2019-08-08T12:08:39.653" />
  <attribute name="elasticGC enabled" value="1" />
  <attribute name= "numThreadsSpecified" value="16" />
  <attribute name="heapSize specified" value="42729472" />
  <attribute name="Current GC Util" value="47" />
  <attribute name= "Current Time Running" value="154065" />
  <attribute name ="GC Interval" value="0" />
  <attribute name="Target GC Util Change" value ="80.000000" />
  <attribute name="Current GC Util Change" value="47.000000"/>
  <attribute name="Current Error" value="33.000000" />
  <attribute name="Output H" value="42805192"/>
  <attribute name="Output I" value="2072"/>
  <attribute name="Output T" value="16"/>
  <attribute name= "Current Time Running" value="154065" />
  <attribute name="GC Util currently" value="47" />
  <attribute name="CPU Util currently" value="46655559252" />
<cycle-start id="5667" type="global" contextid="0" timestamp="2019-08-08T12:08:39.653" intervalms="1.750" />
<gc-start id="5668" type="global" contextid="5667" timestamp="2019-08-08T12:08:39.653">
  <mem-info id="5669" free="428032" total="42860544" percent="0">
    <mem type="tenure" free="428032" total="42860544" percent="0">
      <mem type="soa" free="0" total="42432512" percent="0" />
      <mem type="loa" free="428032" total="428032" percent="100" />
    </mem>
  </mem-info>
</gc-start>
<allocation-stats totalBytes="24421928" >
  <allocated-bytes non-tlh="0" tlh="24421928" />
  <largest-consumer threadName="main" threadId="0000000002369F00" bytes="24421928" />
</allocation-stats>
<gc-op id="5670" type="mark" timems="12.730" contextid="5667" timestamp="2019-08-08T12:08:39.666">
  <trace-info objectcount="600763" scancount="521641" scanbytes="13387752" />
  <finalization candidates="80" enqueued="0" />
  <ownableSynchronizers candidates="21" cleared="0" />
  <references type="soft" candidates="3261" cleared="0" enqueued="0" dynamicThreshold="18" maxThreshold="32" />
  <references type="weak" candidates="5608" cleared="0" enqueued="0" />
  <references type="phantom" candidates="97" cleared="0" enqueued="0" />
  <stringconstants candidates="13599" cleared="0"  />
</gc-op>
<gc-op id="5671" type="sweep" timems="12.101" contextid="5667" timestamp="2019-08-08T12:08:39.678" />
<mem-info id="5672" free="24877784" total="42860544" percent="58">
  <mem type="tenure" free="24877784" total="42860544" percent="58" micro-fragmented="0">
    <mem type="soa" free="24449752" total="42432512" percent="57" />
    <mem type="loa" free="428032" total="428032" percent="100" />
  </mem>
</mem-info>
<gc-op id="5673" type="compact" timems="25.186" contextid="5667" timestamp="2019-08-08T12:08:39.703">
  <compact-info movecount="3" movebytes="576" reason="compact to aid heap contraction" />
</gc-op>
<heap-resize id="5674" type="expand" space="tenure" amount="131072" count="1" timems="0.028" reason="satisfy allocation request" timestamp="2019-08-08T12:08:39.704" />
<gc-end id="5675" type="global" contextid="5667" durationms="50.998" usertimems="149.948" systemtimems="0.000" timestamp="2019-08-08T12:08:39.704" activeThreads="16">
  <mem-info id="5676" free="24944080" total="42991616" percent="58">
    <mem type="tenure" free="24944080" total="42991616" percent="58">
      <mem type="soa" free="24515024" total="42562560" percent="57" />
      <mem type="loa" free="429056" total="429056" percent="100" />
    </mem>
  </mem-info>
</gc-end>
<cycle-end id="5677" type="global" contextid="5667" timestamp="2019-08-08T12:08:39.704" />
  <attribute name="elasticGC enabled" value="1" />
  <attribute name= "numThreadsSpecified" value="16" />
  <attribute name="heapSize specified" value="42860544" />
  <attribute name="Current GC Util" value="33" />
  <attribute name= "Current Time Running" value="154194" />
  <attribute name ="GC Interval" value="0" />
  <attribute name="Target GC Util Change" value ="80.000000" />
  <attribute name="Current GC Util Change" value="33.000000"/>
  <attribute name="Current Error" value="-64.000000" />
  <attribute name="Output H" value="42936152"/>
  <attribute name="Output I" value="1896"/>
  <attribute name="Output T" value="16"/>
  <attribute name= "Current Time Running" value="154194" />
  <attribute name="GC Util currently" value="33" />
  <attribute name="CPU Util currently" value="45807433561" />
<allocation-satisfied id="5678" threadId="0000000002369F00" bytesRequested="520" />
<af-end id="5679" timestamp="2019-08-08T12:08:39.704" threadId="000000000236A888" success="true" />
<exclusive-end id="5680" timestamp="2019-08-08T12:08:39.704" durationms="51.426" />

<concurrent-kickoff id="5681" timestamp="2019-08-08T12:08:40.128">
  <kickoff reason="threshold reached" targetBytes="4824409" thresholdFreeBytes="651439" remainingFree="531920" tenureFreeBytes="531920" />
</concurrent-kickoff>
<exclusive-start id="5682" timestamp="2019-08-08T12:08:40.128" intervalms="475.298">
  <response-info timems="0.218" idlems="0.218" threads="0" lastid="0000000002369F00" lastname="main" />
</exclusive-start>
<cycle-start id="5683" type="global" contextid="0" timestamp="2019-08-08T12:08:40.128" intervalms="475.208" />
<exclusive-end id="5684" timestamp="2019-08-08T12:08:40.128" durationms="0.035" />

<exclusive-start id="5685" timestamp="2019-08-08T12:08:40.133" intervalms="4.521">
  <response-info timems="0.212" idlems="0.212" threads="0" lastid="0000000002369F00" lastname="main" />
</exclusive-start>
<af-start id="5686" threadId="000000000236A888" totalBytesRequested="32" timestamp="2019-08-08T12:08:40.133" intervalms="479.865" />
<concurrent-aborted id="5687" timestamp="2019-08-08T12:08:40.133">
  <reason value="insufficient progress made" />
</concurrent-aborted>
<cycle-end id="5688" type="global" contextid="5683" timestamp="2019-08-08T12:08:40.133" />
  <attribute name="elasticGC enabled" value="1" />
  <attribute name= "numThreadsSpecified" value="16" />
  <attribute name="heapSize specified" value="42860544" />
  <attribute name="Current GC Util" value="33" />
  <attribute name= "Current Time Running" value="154194" />
  <attribute name ="GC Interval" value="0" />
  <attribute name="Target GC Util Change" value ="80.000000" />
  <attribute name="Current GC Util Change" value="33.000000"/>
  <attribute name="Current Error" value="-64.000000" />
  <attribute name="Output H" value="42936152"/>
  <attribute name="Output I" value="1896"/>
  <attribute name="Output T" value="16"/>
  <attribute name= "Current Time Running" value="154194" />
  <attribute name="GC Util currently" value="33" />
  <attribute name="CPU Util currently" value="45807433561" />
<cycle-start id="5689" type="global" contextid="0" timestamp="2019-08-08T12:08:40.133" intervalms="4.876" />
<gc-start id="5690" type="global" contextid="5689" timestamp="2019-08-08T12:08:40.133">
  <mem-info id="5691" free="429056" total="42991616" percent="0">
    <mem type="tenure" free="429056" total="42991616" percent="0">
      <mem type="soa" free="0" total="42562560" percent="0" />
      <mem type="loa" free="429056" total="429056" percent="100" />
    </mem>
  </mem-info>
</gc-start>
<allocation-stats totalBytes="24560480" >
  <allocated-bytes non-tlh="0" tlh="24560480" />
  <largest-consumer threadName="main" threadId="0000000002369F00" bytes="24560480" />
</allocation-stats>
<gc-op id="5692" type="mark" timems="100.697" contextid="5689" timestamp="2019-08-08T12:08:40.234">
  <trace-info objectcount="600769" scancount="521654" scanbytes="13388072" />
  <finalization candidates="80" enqueued="0" />
  <ownableSynchronizers candidates="21" cleared="0" />
  <references type="soft" candidates="3261" cleared="0" enqueued="0" dynamicThreshold="18" maxThreshold="32" />
  <references type="weak" candidates="5618" cleared="0" enqueued="0" />
  <references type="phantom" candidates="97" cleared="0" enqueued="0" />
  <stringconstants candidates="13599" cleared="0"  />
</gc-op>
<gc-op id="5693" type="sweep" timems="12.223" contextid="5689" timestamp="2019-08-08T12:08:40.246" />
<mem-info id="5694" free="25009672" total="42991616" percent="58">
  <mem type="tenure" free="25009672" total="42991616" percent="58" micro-fragmented="0">
    <mem type="soa" free="24580616" total="42562560" percent="57" />
    <mem type="loa" free="429056" total="429056" percent="100" />
  </mem>
</mem-info>
<gc-op id="5695" type="compact" timems="187.895" contextid="5689" timestamp="2019-08-08T12:08:40.434">
  <compact-info movecount="537019" movebytes="14358056" reason="compact to aid heap contraction" />
</gc-op>
<heap-resize id="5696" type="expand" space="tenure" amount="131072" count="1" timems="0.033" reason="satisfy allocation request" timestamp="2019-08-08T12:08:40.438" />
<gc-end id="5697" type="global" contextid="5689" durationms="304.837" usertimems="732.370" systemtimems="0.000" timestamp="2019-08-08T12:08:40.438" activeThreads="16">
  <mem-info id="5698" free="25076192" total="43122688" percent="58">
    <mem type="tenure" free="25076192" total="43122688" percent="58">
      <mem type="soa" free="24645088" total="42691584" percent="57" />
      <mem type="loa" free="431104" total="431104" percent="100" />
    </mem>
  </mem-info>
</gc-end>
<cycle-end id="5699" type="global" contextid="5689" timestamp="2019-08-08T12:08:40.438" />
  <attribute name="elasticGC enabled" value="1" />
  <attribute name= "numThreadsSpecified" value="16" />
  <attribute name="heapSize specified" value="42991616" />
  <attribute name="Current GC Util" value="0" />
  <attribute name= "Current Time Running" value="154924" />
  <attribute name ="GC Interval" value="0" />
  <attribute name="Target GC Util Change" value ="80.000000" />
  <attribute name="Current GC Util Change" value="0.000000"/>
  <attribute name="Current Error" value="58.000000" />
  <attribute name="Output H" value="43067368"/>
  <attribute name="Output I" value="2112"/>
  <attribute name="Output T" value="16"/>
  <attribute name= "Current Time Running" value="154924" />
  <attribute name="GC Util currently" value="0" />
  <attribute name="CPU Util currently" value="6135358815" />
<allocation-satisfied id="5700" threadId="0000000002369F00" bytesRequested="32" />
<af-end id="5701" timestamp="2019-08-08T12:08:40.438" threadId="000000000236A888" success="true" />
<exclusive-end id="5702" timestamp="2019-08-08T12:08:40.438" durationms="305.575" />

<concurrent-kickoff id="5703" timestamp="2019-08-08T12:08:40.602">
  <kickoff reason="threshold reached" targetBytes="4839118" thresholdFreeBytes="653425" remainingFree="532960" tenureFreeBytes="532960" />
</concurrent-kickoff>
<exclusive-start id="5704" timestamp="2019-08-08T12:08:40.602" intervalms="469.688">
  <response-info timems="0.567" idlems="0.567" threads="0" lastid="0000000002369F00" lastname="main" />
</exclusive-start>
<cycle-start id="5705" type="global" contextid="0" timestamp="2019-08-08T12:08:40.602" intervalms="469.344" />
<exclusive-end id="5706" timestamp="2019-08-08T12:08:40.603" durationms="0.044" />

<exclusive-start id="5707" timestamp="2019-08-08T12:08:40.603" intervalms="0.849">
  <response-info timems="0.079" idlems="0.079" threads="0" lastid="0000000002369F00" lastname="main" />
</exclusive-start>
<af-start id="5708" threadId="000000000236A888" totalBytesRequested="488" timestamp="2019-08-08T12:08:40.603" intervalms="470.479" />
<concurrent-aborted id="5709" timestamp="2019-08-08T12:08:40.603">
  <reason value="insufficient progress made" />
</concurrent-aborted>
<cycle-end id="5710" type="global" contextid="5705" timestamp="2019-08-08T12:08:40.603" />
  <attribute name="elasticGC enabled" value="1" />
  <attribute name= "numThreadsSpecified" value="16" />
  <attribute name="heapSize specified" value="42991616" />
  <attribute name="Current GC Util" value="0" />
  <attribute name= "Current Time Running" value="154924" />
  <attribute name ="GC Interval" value="0" />
  <attribute name="Target GC Util Change" value ="80.000000" />
  <attribute name="Current GC Util Change" value="0.000000"/>
  <attribute name="Current Error" value="58.000000" />
  <attribute name="Output H" value="43067368"/>
  <attribute name="Output I" value="2112"/>
  <attribute name="Output T" value="16"/>
  <attribute name= "Current Time Running" value="154924" />
  <attribute name="GC Util currently" value="0" />
  <attribute name="CPU Util currently" value="6135358815" />
<cycle-start id="5711" type="global" contextid="0" timestamp="2019-08-08T12:08:40.603" intervalms="0.996" />
<gc-start id="5712" type="global" contextid="5711" timestamp="2019-08-08T12:08:40.604">
  <mem-info id="5713" free="431104" total="43122688" percent="0">
    <mem type="tenure" free="431104" total="43122688" percent="0">
      <mem type="soa" free="0" total="42691584" percent="0" />
      <mem type="loa" free="431104" total="431104" percent="100" />
    </mem>
  </mem-info>
</gc-start>
<allocation-stats totalBytes="24704472" >
  <allocated-bytes non-tlh="0" tlh="24704472" />
  <largest-consumer threadName="main" threadId="0000000002369F00" bytes="24704472" />
</allocation-stats>
<gc-op id="5714" type="mark" timems="27.424" contextid="5711" timestamp="2019-08-08T12:08:40.631">
  <trace-info objectcount="600774" scancount="521661" scanbytes="13388164" />
  <finalization candidates="80" enqueued="0" />
  <ownableSynchronizers candidates="21" cleared="0" />
  <references type="soft" candidates="3261" cleared="0" enqueued="0" dynamicThreshold="18" maxThreshold="32" />
  <references type="weak" candidates="5618" cleared="0" enqueued="0" />
  <references type="phantom" candidates="97" cleared="0" enqueued="0" />
  <stringconstants candidates="13599" cleared="0"  />
</gc-op>
<gc-op id="5715" type="sweep" timems="19.606" contextid="5711" timestamp="2019-08-08T12:08:40.651" />
<mem-info id="5716" free="25139912" total="43122688" percent="58">
  <mem type="tenure" free="25139912" total="43122688" percent="58" micro-fragmented="0">
    <mem type="soa" free="24708808" total="42691584" percent="57" />
    <mem type="loa" free="431104" total="431104" percent="100" />
  </mem>
</mem-info>
<gc-op id="5717" type="compact" timems="33.694" contextid="5711" timestamp="2019-08-08T12:08:40.684">
  <compact-info movecount="38" movebytes="1720" reason="compact to aid heap contraction" />
</gc-op>
<heap-resize id="5718" type="expand" space="tenure" amount="131072" count="1" timems="0.031" reason="satisfy allocation request" timestamp="2019-08-08T12:08:40.687" />
<gc-end id="5719" type="global" contextid="5711" durationms="83.359" usertimems="233.997" systemtimems="0.000" timestamp="2019-08-08T12:08:40.687" activeThreads="16">
  <mem-info id="5720" free="25206608" total="43253760" percent="58">
    <mem type="tenure" free="25206608" total="43253760" percent="58">
      <mem type="soa" free="24774480" total="42821632" percent="57" />
      <mem type="loa" free="432128" total="432128" percent="100" />
    </mem>
  </mem-info>
</gc-end>
<cycle-end id="5721" type="global" contextid="5711" timestamp="2019-08-08T12:08:40.687" />
  <attribute name="elasticGC enabled" value="1" />
  <attribute name= "numThreadsSpecified" value="16" />
  <attribute name="heapSize specified" value="43122688" />
  <attribute name="Current GC Util" value="31" />
  <attribute name= "Current Time Running" value="155175" />
  <attribute name ="GC Interval" value="0" />
  <attribute name="Target GC Util Change" value ="80.000000" />
  <attribute name="Current GC Util Change" value="31.000000"/>
  <attribute name="Current Error" value="-165.000000" />
  <attribute name="Output H" value="43198184"/>
  <attribute name="Output I" value="1720"/>
  <attribute name="Output T" value="16"/>
  <attribute name= "Current Time Running" value="155175" />
  <attribute name="GC Util currently" value="31" />
  <attribute name="CPU Util currently" value="34180747708" />
<allocation-satisfied id="5722" threadId="0000000002369F00" bytesRequested="488" />
<af-end id="5723" timestamp="2019-08-08T12:08:40.687" threadId="000000000236A888" success="true" />
<exclusive-end id="5724" timestamp="2019-08-08T12:08:40.687" durationms="83.818" />

<concurrent-kickoff id="5725" timestamp="2019-08-08T12:08:40.715">
  <kickoff reason="threshold reached" targetBytes="4853827" thresholdFreeBytes="655411" remainingFree="532304" tenureFreeBytes="532304" />
</concurrent-kickoff>
<exclusive-start id="5726" timestamp="2019-08-08T12:08:40.715" intervalms="112.161">
  <response-info timems="0.098" idlems="0.098" threads="0" lastid="0000000002369F00" lastname="main" />
</exclusive-start>
<cycle-start id="5727" type="global" contextid="0" timestamp="2019-08-08T12:08:40.715" intervalms="112.005" />
<exclusive-end id="5728" timestamp="2019-08-08T12:08:40.716" durationms="0.035" />

<exclusive-start id="5729" timestamp="2019-08-08T12:08:40.716" intervalms="0.835">
  <response-info timems="0.063" idlems="0.063" threads="0" lastid="0000000002369F00" lastname="main" />
</exclusive-start>
<af-start id="5730" threadId="000000000236A888" totalBytesRequested="24" timestamp="2019-08-08T12:08:40.716" intervalms="113.001" />
<concurrent-aborted id="5731" timestamp="2019-08-08T12:08:40.716">
  <reason value="insufficient progress made" />
</concurrent-aborted>
<cycle-end id="5732" type="global" contextid="5727" timestamp="2019-08-08T12:08:40.716" />
  <attribute name="elasticGC enabled" value="1" />
  <attribute name= "numThreadsSpecified" value="16" />
  <attribute name="heapSize specified" value="43122688" />
  <attribute name="Current GC Util" value="31" />
  <attribute name= "Current Time Running" value="155175" />
  <attribute name ="GC Interval" value="0" />
  <attribute name="Target GC Util Change" value ="80.000000" />
  <attribute name="Current GC Util Change" value="31.000000"/>
  <attribute name="Current Error" value="-165.000000" />
  <attribute name="Output H" value="43198184"/>
  <attribute name="Output I" value="1720"/>
  <attribute name="Output T" value="16"/>
  <attribute name= "Current Time Running" value="155175" />
  <attribute name="GC Util currently" value="31" />
  <attribute name="CPU Util currently" value="34180747708" />
<cycle-start id="5733" type="global" contextid="0" timestamp="2019-08-08T12:08:40.716" intervalms="0.899" />
<gc-start id="5734" type="global" contextid="5733" timestamp="2019-08-08T12:08:40.716">
  <mem-info id="5735" free="432128" total="43253760" percent="0">
    <mem type="tenure" free="432128" total="43253760" percent="0">
      <mem type="soa" free="0" total="42821632" percent="0" />
      <mem type="loa" free="432128" total="432128" percent="100" />
    </mem>
  </mem-info>
</gc-start>
<allocation-stats totalBytes="24795944" >
  <allocated-bytes non-tlh="0" tlh="24795944" />
  <largest-consumer threadName="main" threadId="0000000002369F00" bytes="24795944" />
</allocation-stats>
<gc-op id="5736" type="mark" timems="90.140" contextid="5733" timestamp="2019-08-08T12:08:40.807">
  <trace-info objectcount="600774" scancount="521660" scanbytes="13388172" />
  <finalization candidates="80" enqueued="0" />
  <ownableSynchronizers candidates="21" cleared="0" />
  <references type="soft" candidates="3261" cleared="0" enqueued="0" dynamicThreshold="18" maxThreshold="32" />
  <references type="weak" candidates="5618" cleared="0" enqueued="0" />
  <references type="phantom" candidates="97" cleared="0" enqueued="0" />
  <stringconstants candidates="13599" cleared="0"  />
</gc-op>
<gc-op id="5737" type="sweep" timems="10.660" contextid="5733" timestamp="2019-08-08T12:08:40.817" />
<mem-info id="5738" free="25272120" total="43253760" percent="58">
  <mem type="tenure" free="25272120" total="43253760" percent="58" micro-fragmented="0">
    <mem type="soa" free="24839992" total="42821632" percent="58" />
    <mem type="loa" free="432128" total="432128" percent="100" />
  </mem>
</mem-info>
<gc-op id="5739" type="compact" timems="53.790" contextid="5733" timestamp="2019-08-08T12:08:40.871">
  <compact-info movecount="2" movebytes="56" reason="compact to aid heap contraction" />
</gc-op>
<heap-resize id="5740" type="expand" space="tenure" amount="131072" count="1" timems="0.034" reason="satisfy allocation request" timestamp="2019-08-08T12:08:40.873" />
<gc-end id="5741" type="global" contextid="5733" durationms="156.493" usertimems="468.512" systemtimems="0.000" timestamp="2019-08-08T12:08:40.873" activeThreads="16">
  <mem-info id="5742" free="25337672" total="43384832" percent="58">
    <mem type="tenure" free="25337672" total="43384832" percent="58">
      <mem type="soa" free="24904520" total="42951680" percent="57" />
      <mem type="loa" free="433152" total="433152" percent="100" />
    </mem>
  </mem-info>
</gc-end>
<cycle-end id="5743" type="global" contextid="5733" timestamp="2019-08-08T12:08:40.873" />
  <attribute name="elasticGC enabled" value="1" />
  <attribute name= "numThreadsSpecified" value="16" />
  <attribute name="heapSize specified" value="43253760" />
  <attribute name="Current GC Util" value="38" />
  <attribute name= "Current Time Running" value="155361" />
  <attribute name ="GC Interval" value="0" />
  <attribute name="Target GC Util Change" value ="80.000000" />
  <attribute name="Current GC Util Change" value="38.000000"/>
  <attribute name="Current Error" value="149.000000" />
  <attribute name="Output H" value="43329616"/>
  <attribute name="Output I" value="2280"/>
  <attribute name="Output T" value="16"/>
  <attribute name= "Current Time Running" value="155361" />
  <attribute name="GC Util currently" value="38" />
  <attribute name="CPU Util currently" value="21415640230" />
<allocation-satisfied id="5744" threadId="0000000002369F00" bytesRequested="24" />
<af-end id="5745" timestamp="2019-08-08T12:08:40.873" threadId="000000000236A888" success="true" />
<exclusive-end id="5746" timestamp="2019-08-08T12:08:40.873" durationms="156.803" />

<concurrent-kickoff id="5747" timestamp="2019-08-08T12:08:40.898">
  <kickoff reason="threshold reached" targetBytes="4868536" thresholdFreeBytes="657397" remainingFree="532296" tenureFreeBytes="532296" />
</concurrent-kickoff>
<exclusive-start id="5748" timestamp="2019-08-08T12:08:40.898" intervalms="182.007">
  <response-info timems="0.181" idlems="0.181" threads="0" lastid="0000000002369F00" lastname="main" />
</exclusive-start>
<cycle-start id="5749" type="global" contextid="0" timestamp="2019-08-08T12:08:40.898" intervalms="181.943" />
<exclusive-end id="5750" timestamp="2019-08-08T12:08:40.898" durationms="0.036" />

<exclusive-start id="5751" timestamp="2019-08-08T12:08:40.899" intervalms="0.668">
  <response-info timems="0.303" idlems="0.303" threads="0" lastid="0000000002369F00" lastname="main" />
</exclusive-start>
<af-start id="5752" threadId="000000000236A888" totalBytesRequested="32" timestamp="2019-08-08T12:08:40.899" intervalms="182.678" />
<concurrent-aborted id="5753" timestamp="2019-08-08T12:08:40.899">
  <reason value="insufficient progress made" />
</concurrent-aborted>
<cycle-end id="5754" type="global" contextid="5749" timestamp="2019-08-08T12:08:40.899" />
  <attribute name="elasticGC enabled" value="1" />
  <attribute name= "numThreadsSpecified" value="16" />
  <attribute name="heapSize specified" value="43253760" />
  <attribute name="Current GC Util" value="38" />
  <attribute name= "Current Time Running" value="155361" />
  <attribute name ="GC Interval" value="0" />
  <attribute name="Target GC Util Change" value ="80.000000" />
  <attribute name="Current GC Util Change" value="38.000000"/>
  <attribute name="Current Error" value="149.000000" />
  <attribute name="Output H" value="43329616"/>
  <attribute name="Output I" value="2280"/>
  <attribute name="Output T" value="16"/>
  <attribute name= "Current Time Running" value="155361" />
  <attribute name="GC Util currently" value="38" />
  <attribute name="CPU Util currently" value="21415640230" />
<cycle-start id="5755" type="global" contextid="0" timestamp="2019-08-08T12:08:40.899" intervalms="0.773" />
<gc-start id="5756" type="global" contextid="5755" timestamp="2019-08-08T12:08:40.899">
  <mem-info id="5757" free="433152" total="43384832" percent="0">
    <mem type="tenure" free="433152" total="43384832" percent="0">
      <mem type="soa" free="0" total="42951680" percent="0" />
      <mem type="loa" free="433152" total="433152" percent="100" />
    </mem>
  </mem-info>
</gc-start>
<allocation-stats totalBytes="24927328" >
  <allocated-bytes non-tlh="0" tlh="24927328" />
  <largest-consumer threadName="main" threadId="0000000002369F00" bytes="24927328" />
</allocation-stats>
<gc-op id="5758" type="mark" timems="20.693" contextid="5755" timestamp="2019-08-08T12:08:40.920">
  <trace-info objectcount="600776" scancount="521674" scanbytes="13388188" />
  <finalization candidates="80" enqueued="0" />
  <ownableSynchronizers candidates="21" cleared="0" />
  <references type="soft" candidates="3261" cleared="0" enqueued="0" dynamicThreshold="18" maxThreshold="32" />
  <references type="weak" candidates="5618" cleared="0" enqueued="0" />
  <references type="phantom" candidates="97" cleared="0" enqueued="0" />
  <stringconstants candidates="13599" cleared="0"  />
</gc-op>
<gc-op id="5759" type="sweep" timems="24.103" contextid="5755" timestamp="2019-08-08T12:08:40.944" />
<mem-info id="5760" free="25403136" total="43384832" percent="58">
  <mem type="tenure" free="25403136" total="43384832" percent="58" micro-fragmented="0">
    <mem type="soa" free="24969984" total="42951680" percent="58" />
    <mem type="loa" free="433152" total="433152" percent="100" />
  </mem>
</mem-info>
<gc-op id="5761" type="compact" timems="51.583" contextid="5755" timestamp="2019-08-08T12:08:40.996">
  <compact-info movecount="4" movebytes="96" reason="compact to aid heap contraction" />
</gc-op>
<heap-resize id="5762" type="expand" space="tenure" amount="131072" count="1" timems="0.056" reason="satisfy allocation request" timestamp="2019-08-08T12:08:40.997" />
<gc-end id="5763" type="global" contextid="5755" durationms="97.673" usertimems="143.585" systemtimems="0.000" timestamp="2019-08-08T12:08:40.997" activeThreads="16">
  <mem-info id="5764" free="25468704" total="43515904" percent="58">
    <mem type="tenure" free="25468704" total="43515904" percent="58">
      <mem type="soa" free="25034528" total="43081728" percent="58" />
      <mem type="loa" free="434176" total="434176" percent="100" />
    </mem>
  </mem-info>
</gc-end>
<cycle-end id="5765" type="global" contextid="5755" timestamp="2019-08-08T12:08:40.997" />
  <attribute name="elasticGC enabled" value="1" />
  <attribute name= "numThreadsSpecified" value="16" />
  <attribute name="heapSize specified" value="43384832" />
  <attribute name="Current GC Util" value="24" />
  <attribute name= "Current Time Running" value="155486" />
  <attribute name ="GC Interval" value="0" />
  <attribute name="Target GC Util Change" value ="80.000000" />
  <attribute name="Current GC Util Change" value="24.000000"/>
  <attribute name="Current Error" value="109.000000" />
  <attribute name="Output H" value="43460640"/>
  <attribute name="Output I" value="2208"/>
  <attribute name="Output T" value="16"/>
  <attribute name= "Current Time Running" value="155486" />
  <attribute name="GC Util currently" value="24" />
  <attribute name="CPU Util currently" value="22301130699" />
<allocation-satisfied id="5766" threadId="0000000002369F00" bytesRequested="32" />
<af-end id="5767" timestamp="2019-08-08T12:08:40.997" threadId="000000000236A888" success="true" />
<exclusive-end id="5768" timestamp="2019-08-08T12:08:40.997" durationms="97.973" />

<concurrent-kickoff id="5769" timestamp="2019-08-08T12:08:41.011">
  <kickoff reason="threshold reached" targetBytes="4883243" thresholdFreeBytes="659384" remainingFree="532256" tenureFreeBytes="532256" />
</concurrent-kickoff>
<exclusive-start id="5770" timestamp="2019-08-08T12:08:41.011" intervalms="112.445">
  <response-info timems="0.508" idlems="0.508" threads="0" lastid="0000000002369F00" lastname="main" />
</exclusive-start>
<cycle-start id="5771" type="global" contextid="0" timestamp="2019-08-08T12:08:41.011" intervalms="112.336" />
<exclusive-end id="5772" timestamp="2019-08-08T12:08:41.011" durationms="0.028" />

<exclusive-start id="5773" timestamp="2019-08-08T12:08:41.012" intervalms="0.843">
  <response-info timems="0.097" idlems="0.097" threads="0" lastid="0000000002369F00" lastname="main" />
</exclusive-start>
<af-start id="5774" threadId="000000000236A888" totalBytesRequested="24" timestamp="2019-08-08T12:08:41.012" intervalms="113.310" />
<concurrent-aborted id="5775" timestamp="2019-08-08T12:08:41.012">
  <reason value="insufficient progress made" />
</concurrent-aborted>
<cycle-end id="5776" type="global" contextid="5771" timestamp="2019-08-08T12:08:41.012" />
  <attribute name="elasticGC enabled" value="1" />
  <attribute name= "numThreadsSpecified" value="16" />
  <attribute name="heapSize specified" value="43384832" />
  <attribute name="Current GC Util" value="24" />
  <attribute name= "Current Time Running" value="155486" />
  <attribute name ="GC Interval" value="0" />
  <attribute name="Target GC Util Change" value ="80.000000" />
  <attribute name="Current GC Util Change" value="24.000000"/>
  <attribute name="Current Error" value="109.000000" />
  <attribute name="Output H" value="43460640"/>
  <attribute name="Output I" value="2208"/>
  <attribute name="Output T" value="16"/>
  <attribute name= "Current Time Running" value="155486" />
  <attribute name="GC Util currently" value="24" />
  <attribute name="CPU Util currently" value="22301130699" />
<cycle-start id="5777" type="global" contextid="0" timestamp="2019-08-08T12:08:41.013" intervalms="1.224" />
<gc-start id="5778" type="global" contextid="5777" timestamp="2019-08-08T12:08:41.013">
  <mem-info id="5779" free="434176" total="43515904" percent="0">
    <mem type="tenure" free="434176" total="43515904" percent="0">
      <mem type="soa" free="0" total="43081728" percent="0" />
      <mem type="loa" free="434176" total="434176" percent="100" />
    </mem>
  </mem-info>
</gc-start>
<allocation-stats totalBytes="25057000" >
  <allocated-bytes non-tlh="0" tlh="25057000" />
  <largest-consumer threadName="main" threadId="0000000002369F00" bytes="25057000" />
</allocation-stats>
<gc-op id="5780" type="mark" timems="37.008" contextid="5777" timestamp="2019-08-08T12:08:41.051">
  <trace-info objectcount="600774" scancount="521659" scanbytes="13388172" />
  <finalization candidates="80" enqueued="0" />
  <ownableSynchronizers candidates="21" cleared="0" />
  <references type="soft" candidates="3261" cleared="0" enqueued="0" dynamicThreshold="18" maxThreshold="32" />
  <references type="weak" candidates="5618" cleared="0" enqueued="0" />
  <references type="phantom" candidates="97" cleared="0" enqueued="0" />
  <stringconstants candidates="13599" cleared="0"  />
</gc-op>
<gc-op id="5781" type="sweep" timems="8.809" contextid="5777" timestamp="2019-08-08T12:08:41.059" />
<mem-info id="5782" free="25534272" total="43515904" percent="58">
  <mem type="tenure" free="25534272" total="43515904" percent="58" micro-fragmented="0">
    <mem type="soa" free="25100096" total="43081728" percent="58" />
    <mem type="loa" free="434176" total="434176" percent="100" />
  </mem>
</mem-info>
<gc-op id="5783" type="compact" timems="31.546" contextid="5777" timestamp="2019-08-08T12:08:41.091">
  <compact-info movecount="2" movebytes="56" reason="compact to aid heap contraction" />
</gc-op>
<heap-resize id="5784" type="expand" space="tenure" amount="131072" count="1" timems="0.028" reason="satisfy allocation request" timestamp="2019-08-08T12:08:41.092" />
<gc-end id="5785" type="global" contextid="5777" durationms="78.226" usertimems="203.380" systemtimems="0.000" timestamp="2019-08-08T12:08:41.092" activeThreads="16">
  <mem-info id="5786" free="25599816" total="43646976" percent="58">
    <mem type="tenure" free="25599816" total="43646976" percent="58">
      <mem type="soa" free="25163592" total="43210752" percent="58" />
      <mem type="loa" free="436224" total="436224" percent="100" />
    </mem>
  </mem-info>
</gc-end>
<cycle-end id="5787" type="global" contextid="5777" timestamp="2019-08-08T12:08:41.092" />
  <attribute name="elasticGC enabled" value="1" />
  <attribute name= "numThreadsSpecified" value="16" />
  <attribute name="heapSize specified" value="43515904" />
  <attribute name="Current GC Util" value="50" />
  <attribute name= "Current Time Running" value="155581" />
  <attribute name ="GC Interval" value="0" />
  <attribute name="Target GC Util Change" value ="80.000000" />
  <attribute name="Current GC Util Change" value="50.000000"/>
  <attribute name="Current Error" value="30.000000" />
  <attribute name="Output H" value="43591624"/>
  <attribute name="Output I" value="2064"/>
  <attribute name="Output T" value="16"/>
  <attribute name= "Current Time Running" value="155581" />
  <attribute name="GC Util currently" value="50" />
  <attribute name="CPU Util currently" value="36521999577" />
<allocation-satisfied id="5788" threadId="0000000002369F00" bytesRequested="24" />
<af-end id="5789" timestamp="2019-08-08T12:08:41.092" threadId="000000000236A888" success="true" />
<exclusive-end id="5790" timestamp="2019-08-08T12:08:41.092" durationms="79.740" />

<concurrent-kickoff id="5791" timestamp="2019-08-08T12:08:41.113">
  <kickoff reason="threshold reached" targetBytes="4897951" thresholdFreeBytes="661369" remainingFree="532296" tenureFreeBytes="532296" />
</concurrent-kickoff>
<exclusive-start id="5792" timestamp="2019-08-08T12:08:41.118" intervalms="106.087">
  <response-info timems="2.135" idlems="1.096" threads="1" lastid="000000000236DB00" lastname="JIT Compilation Thread-0" />
</exclusive-start>
<cycle-start id="5793" type="global" contextid="0" timestamp="2019-08-08T12:08:41.118" intervalms="105.716" />
<exclusive-end id="5794" timestamp="2019-08-08T12:08:41.118" durationms="0.051" />

<exclusive-start id="5795" timestamp="2019-08-08T12:08:41.119" intervalms="0.575">
  <response-info timems="0.136" idlems="0.136" threads="0" lastid="0000000002369F00" lastname="main" />
</exclusive-start>
<af-start id="5796" threadId="000000000236A888" totalBytesRequested="488" timestamp="2019-08-08T12:08:41.119" intervalms="106.640" />
<concurrent-aborted id="5797" timestamp="2019-08-08T12:08:41.119">
  <reason value="insufficient progress made" />
</concurrent-aborted>
<cycle-end id="5798" type="global" contextid="5793" timestamp="2019-08-08T12:08:41.119" />
  <attribute name="elasticGC enabled" value="1" />
  <attribute name= "numThreadsSpecified" value="16" />
  <attribute name="heapSize specified" value="43515904" />
  <attribute name="Current GC Util" value="50" />
  <attribute name= "Current Time Running" value="155581" />
  <attribute name ="GC Interval" value="0" />
  <attribute name="Target GC Util Change" value ="80.000000" />
  <attribute name="Current GC Util Change" value="50.000000"/>
  <attribute name="Current Error" value="30.000000" />
  <attribute name="Output H" value="43591624"/>
  <attribute name="Output I" value="2064"/>
  <attribute name="Output T" value="16"/>
  <attribute name= "Current Time Running" value="155581" />
  <attribute name="GC Util currently" value="50" />
  <attribute name="CPU Util currently" value="36521999577" />
<cycle-start id="5799" type="global" contextid="0" timestamp="2019-08-08T12:08:41.119" intervalms="0.677" />
<gc-start id="5800" type="global" contextid="5799" timestamp="2019-08-08T12:08:41.119">
  <mem-info id="5801" free="436224" total="43646976" percent="0">
    <mem type="tenure" free="436224" total="43646976" percent="0">
      <mem type="soa" free="0" total="43210752" percent="0" />
      <mem type="loa" free="436224" total="436224" percent="100" />
    </mem>
  </mem-info>
</gc-start>
<allocation-stats totalBytes="25184144" >
  <allocated-bytes non-tlh="0" tlh="25184144" />
  <largest-consumer threadName="main" threadId="0000000002369F00" bytes="25184144" />
</allocation-stats>
<gc-op id="5802" type="mark" timems="44.974" contextid="5799" timestamp="2019-08-08T12:08:41.164">
  <trace-info objectcount="600775" scancount="521682" scanbytes="13388188" />
  <finalization candidates="80" enqueued="0" />
  <ownableSynchronizers candidates="21" cleared="0" />
  <references type="soft" candidates="3261" cleared="0" enqueued="0" dynamicThreshold="18" maxThreshold="32" />
  <references type="weak" candidates="5618" cleared="0" enqueued="0" />
  <references type="phantom" candidates="97" cleared="0" enqueued="0" />
  <stringconstants candidates="13599" cleared="0"  />
</gc-op>
<gc-op id="5803" type="sweep" timems="9.856" contextid="5799" timestamp="2019-08-08T12:08:41.174" />
<mem-info id="5804" free="25665016" total="43646976" percent="58">
  <mem type="tenure" free="25665016" total="43646976" percent="58" micro-fragmented="0">
    <mem type="soa" free="25228792" total="43210752" percent="58" />
    <mem type="loa" free="436224" total="436224" percent="100" />
  </mem>
</mem-info>
<gc-op id="5805" type="compact" timems="38.264" contextid="5799" timestamp="2019-08-08T12:08:41.212">
  <compact-info movecount="3" movebytes="72" reason="compact to aid heap contraction" />
</gc-op>
<heap-resize id="5806" type="expand" space="tenure" amount="131072" count="1" timems="0.023" reason="satisfy allocation request" timestamp="2019-08-08T12:08:41.213" />
<gc-end id="5807" type="global" contextid="5799" durationms="93.893" usertimems="208.403" systemtimems="0.000" timestamp="2019-08-08T12:08:41.213" activeThreads="16">
  <mem-info id="5808" free="25730872" total="43778048" percent="58">
    <mem type="tenure" free="25730872" total="43778048" percent="58">
      <mem type="soa" free="25293624" total="43340800" percent="58" />
      <mem type="loa" free="437248" total="437248" percent="100" />
    </mem>
  </mem-info>
</gc-end>
<cycle-end id="5809" type="global" contextid="5799" timestamp="2019-08-08T12:08:41.213" />
  <attribute name="elasticGC enabled" value="1" />
  <attribute name= "numThreadsSpecified" value="16" />
  <attribute name="heapSize specified" value="43646976" />
  <attribute name="Current GC Util" value="41" />
  <attribute name= "Current Time Running" value="155703" />
  <attribute name ="GC Interval" value="0" />
  <attribute name="Target GC Util Change" value ="80.000000" />
  <attribute name="Current GC Util Change" value="41.000000"/>
  <attribute name="Current Error" value="-148.000000" />
  <attribute name="Output H" value="43722488"/>
  <attribute name="Output I" value="1744"/>
  <attribute name="Output T" value="16"/>
  <attribute name= "Current Time Running" value="155703" />
  <attribute name="GC Util currently" value="41" />
  <attribute name="CPU Util currently" value="30102556772" />
<allocation-satisfied id="5810" threadId="0000000002369F00" bytesRequested="488" />
<af-end id="5811" timestamp="2019-08-08T12:08:41.213" threadId="000000000236A888" success="true" />
<exclusive-end id="5812" timestamp="2019-08-08T12:08:41.213" durationms="94.202" />

<concurrent-kickoff id="5813" timestamp="2019-08-08T12:08:41.233">
  <kickoff reason="threshold reached" targetBytes="4912661" thresholdFreeBytes="663356" remainingFree="663352" tenureFreeBytes="663352" />
</concurrent-kickoff>
<exclusive-start id="5814" timestamp="2019-08-08T12:08:41.233" intervalms="114.050">
  <response-info timems="0.110" idlems="0.110" threads="0" lastid="0000000002369F00" lastname="main" />
</exclusive-start>
<cycle-start id="5815" type="global" contextid="0" timestamp="2019-08-08T12:08:41.233" intervalms="113.930" />
<exclusive-end id="5816" timestamp="2019-08-08T12:08:41.233" durationms="0.022" />

<exclusive-start id="5817" timestamp="2019-08-08T12:08:41.237" intervalms="4.326">
  <response-info timems="0.016" idlems="0.016" threads="0" lastid="0000000002369F00" lastname="main" />
</exclusive-start>
<af-start id="5818" threadId="000000000236A888" totalBytesRequested="488" timestamp="2019-08-08T12:08:41.237" intervalms="118.382" />
<concurrent-aborted id="5819" timestamp="2019-08-08T12:08:41.237">
  <reason value="insufficient progress made" />
</concurrent-aborted>
<cycle-end id="5820" type="global" contextid="5815" timestamp="2019-08-08T12:08:41.237" />
  <attribute name="elasticGC enabled" value="1" />
  <attribute name= "numThreadsSpecified" value="16" />
  <attribute name="heapSize specified" value="43646976" />
  <attribute name="Current GC Util" value="41" />
  <attribute name= "Current Time Running" value="155703" />
  <attribute name ="GC Interval" value="0" />
  <attribute name="Target GC Util Change" value ="80.000000" />
  <attribute name="Current GC Util Change" value="41.000000"/>
  <attribute name="Current Error" value="-148.000000" />
  <attribute name="Output H" value="43722488"/>
  <attribute name="Output I" value="1744"/>
  <attribute name="Output T" value="16"/>
  <attribute name= "Current Time Running" value="155703" />
  <attribute name="GC Util currently" value="41" />
  <attribute name="CPU Util currently" value="30102556772" />
<cycle-start id="5821" type="global" contextid="0" timestamp="2019-08-08T12:08:41.237" intervalms="4.412" />
<gc-start id="5822" type="global" contextid="5821" timestamp="2019-08-08T12:08:41.237">
  <mem-info id="5823" free="437248" total="43778048" percent="0">
    <mem type="tenure" free="437248" total="43778048" percent="0">
      <mem type="soa" free="0" total="43340800" percent="0" />
      <mem type="loa" free="437248" total="437248" percent="100" />
    </mem>
  </mem-info>
</gc-start>
<allocation-stats totalBytes="25314672" >
  <allocated-bytes non-tlh="0" tlh="25314672" />
  <largest-consumer threadName="main" threadId="0000000002369F00" bytes="25314672" />
</allocation-stats>
<gc-op id="5824" type="mark" timems="52.888" contextid="5821" timestamp="2019-08-08T12:08:41.290">
  <trace-info objectcount="600775" scancount="521657" scanbytes="13388188" />
  <finalization candidates="80" enqueued="0" />
  <ownableSynchronizers candidates="21" cleared="0" />
  <references type="soft" candidates="3261" cleared="0" enqueued="0" dynamicThreshold="18" maxThreshold="32" />
  <references type="weak" candidates="5618" cleared="0" enqueued="0" />
  <references type="phantom" candidates="97" cleared="0" enqueued="0" />
  <stringconstants candidates="13599" cleared="0"  />
</gc-op>
<gc-op id="5825" type="sweep" timems="17.960" contextid="5821" timestamp="2019-08-08T12:08:41.309" />
<mem-info id="5826" free="25796336" total="43778048" percent="58">
  <mem type="tenure" free="25796336" total="43778048" percent="58" micro-fragmented="0">
    <mem type="soa" free="25359088" total="43340800" percent="58" />
    <mem type="loa" free="437248" total="437248" percent="100" />
  </mem>
</mem-info>
<gc-op id="5827" type="compact" timems="29.631" contextid="5821" timestamp="2019-08-08T12:08:41.339">
  <compact-info movecount="3" movebytes="72" reason="compact to aid heap contraction" />
</gc-op>
<heap-resize id="5828" type="expand" space="tenure" amount="131072" count="1" timems="0.023" reason="satisfy allocation request" timestamp="2019-08-08T12:08:41.339" />
<gc-end id="5829" type="global" contextid="5821" durationms="102.067" usertimems="210.481" systemtimems="0.000" timestamp="2019-08-08T12:08:41.340" activeThreads="16">
  <mem-info id="5830" free="25861944" total="43909120" percent="58">
    <mem type="tenure" free="25861944" total="43909120" percent="58">
      <mem type="soa" free="25423672" total="43470848" percent="58" />
      <mem type="loa" free="438272" total="438272" percent="100" />
    </mem>
  </mem-info>
</gc-end>
<cycle-end id="5831" type="global" contextid="5821" timestamp="2019-08-08T12:08:41.340" />
  <attribute name="elasticGC enabled" value="1" />
  <attribute name= "numThreadsSpecified" value="16" />
  <attribute name="heapSize specified" value="43778048" />
  <attribute name="Current GC Util" value="42" />
  <attribute name= "Current Time Running" value="155829" />
  <attribute name ="GC Interval" value="0" />
  <attribute name="Target GC Util Change" value ="80.000000" />
  <attribute name="Current GC Util Change" value="42.000000"/>
  <attribute name="Current Error" value="-164.000000" />
  <attribute name="Output H" value="43853544"/>
  <attribute name="Output I" value="1720"/>
  <attribute name="Output T" value="16"/>
  <attribute name= "Current Time Running" value="155829" />
  <attribute name="GC Util currently" value="42" />
  <attribute name="CPU Util currently" value="38837993387" />
<allocation-satisfied id="5832" threadId="0000000002369F00" bytesRequested="488" />
<af-end id="5833" timestamp="2019-08-08T12:08:41.340" threadId="000000000236A888" success="true" />
<exclusive-end id="5834" timestamp="2019-08-08T12:08:41.340" durationms="102.599" />

<concurrent-kickoff id="5835" timestamp="2019-08-08T12:08:41.354">
  <kickoff reason="threshold reached" targetBytes="4927369" thresholdFreeBytes="665341" remainingFree="663352" tenureFreeBytes="663352" />
</concurrent-kickoff>
<exclusive-start id="5836" timestamp="2019-08-08T12:08:41.354" intervalms="116.554">
  <response-info timems="0.191" idlems="0.191" threads="0" lastid="0000000002369F00" lastname="main" />
</exclusive-start>
<cycle-start id="5837" type="global" contextid="0" timestamp="2019-08-08T12:08:41.354" intervalms="116.465" />
<exclusive-end id="5838" timestamp="2019-08-08T12:08:41.354" durationms="0.017" />

<exclusive-start id="5839" timestamp="2019-08-08T12:08:41.354" intervalms="0.595">
  <response-info timems="0.159" idlems="0.159" threads="0" lastid="0000000002369F00" lastname="main" />
</exclusive-start>
<af-start id="5840" threadId="000000000236A888" totalBytesRequested="544" timestamp="2019-08-08T12:08:41.355" intervalms="117.197" />
<concurrent-aborted id="5841" timestamp="2019-08-08T12:08:41.355">
  <reason value="insufficient progress made" />
</concurrent-aborted>
<cycle-end id="5842" type="global" contextid="5837" timestamp="2019-08-08T12:08:41.355" />
  <attribute name="elasticGC enabled" value="1" />
  <attribute name= "numThreadsSpecified" value="16" />
  <attribute name="heapSize specified" value="43778048" />
  <attribute name="Current GC Util" value="42" />
  <attribute name= "Current Time Running" value="155829" />
  <attribute name ="GC Interval" value="0" />
  <attribute name="Target GC Util Change" value ="80.000000" />
  <attribute name="Current GC Util Change" value="42.000000"/>
  <attribute name="Current Error" value="-164.000000" />
  <attribute name="Output H" value="43853544"/>
  <attribute name="Output I" value="1720"/>
  <attribute name="Output T" value="16"/>
  <attribute name= "Current Time Running" value="155829" />
  <attribute name="GC Util currently" value="42" />
  <attribute name="CPU Util currently" value="38837993387" />
<cycle-start id="5843" type="global" contextid="0" timestamp="2019-08-08T12:08:41.355" intervalms="0.728" />
<gc-start id="5844" type="global" contextid="5843" timestamp="2019-08-08T12:08:41.355">
  <mem-info id="5845" free="438272" total="43909120" percent="0">
    <mem type="tenure" free="438272" total="43909120" percent="0">
      <mem type="soa" free="0" total="43470848" percent="0" />
      <mem type="loa" free="438272" total="438272" percent="100" />
    </mem>
  </mem-info>
</gc-start>
<allocation-stats totalBytes="25443992" >
  <allocated-bytes non-tlh="0" tlh="25443992" />
  <largest-consumer threadName="main" threadId="0000000002369F00" bytes="25443992" />
</allocation-stats>
<gc-op id="5846" type="mark" timems="10.673" contextid="5843" timestamp="2019-08-08T12:08:41.365">
  <trace-info objectcount="600775" scancount="521654" scanbytes="13388188" />
  <finalization candidates="80" enqueued="0" />
  <ownableSynchronizers candidates="21" cleared="0" />
  <references type="soft" candidates="3261" cleared="0" enqueued="0" dynamicThreshold="18" maxThreshold="32" />
  <references type="weak" candidates="5618" cleared="0" enqueued="0" />
  <references type="phantom" candidates="97" cleared="0" enqueued="0" />
  <stringconstants candidates="13599" cleared="0"  />
</gc-op>
<gc-op id="5847" type="sweep" timems="12.822" contextid="5843" timestamp="2019-08-08T12:08:41.378" />
<mem-info id="5848" free="25927080" total="43909120" percent="59">
  <mem type="tenure" free="25927080" total="43909120" percent="59" micro-fragmented="0">
    <mem type="soa" free="25488808" total="43470848" percent="58" />
    <mem type="loa" free="438272" total="438272" percent="100" />
  </mem>
</mem-info>
<gc-op id="5849" type="compact" timems="27.536" contextid="5843" timestamp="2019-08-08T12:08:41.406">
  <compact-info movecount="3" movebytes="72" reason="compact to aid heap contraction" />
</gc-op>
<heap-resize id="5850" type="expand" space="tenure" amount="131072" count="1" timems="0.021" reason="satisfy allocation request" timestamp="2019-08-08T12:08:41.406" />
<gc-end id="5851" type="global" contextid="5843" durationms="51.820" usertimems="95.342" systemtimems="0.000" timestamp="2019-08-08T12:08:41.406" activeThreads="16">
  <mem-info id="5852" free="25993016" total="44040192" percent="59">
    <mem type="tenure" free="25993016" total="44040192" percent="59">
      <mem type="soa" free="25552696" total="43599872" percent="58" />
      <mem type="loa" free="440320" total="440320" percent="100" />
    </mem>
  </mem-info>
</gc-end>
<cycle-end id="5853" type="global" contextid="5843" timestamp="2019-08-08T12:08:41.407" />
  <attribute name="elasticGC enabled" value="1" />
  <attribute name= "numThreadsSpecified" value="16" />
  <attribute name="heapSize specified" value="43909120" />
  <attribute name="Current GC Util" value="52" />
  <attribute name= "Current Time Running" value="155896" />
  <attribute name ="GC Interval" value="0" />
  <attribute name="Target GC Util Change" value ="80.000000" />
  <attribute name="Current GC Util Change" value="52.000000"/>
  <attribute name="Current Error" value="-145.000000" />
  <attribute name="Output H" value="43984640"/>
  <attribute name="Output I" value="1752"/>
  <attribute name="Output T" value="16"/>
  <attribute name= "Current Time Running" value="155896" />
  <attribute name="GC Util currently" value="52" />
  <attribute name="CPU Util currently" value="41817186615" />
<allocation-satisfied id="5854" threadId="0000000002369F00" bytesRequested="544" />
<af-end id="5855" timestamp="2019-08-08T12:08:41.407" threadId="000000000236A888" success="true" />
<exclusive-end id="5856" timestamp="2019-08-08T12:08:41.407" durationms="52.072" />

<concurrent-kickoff id="5857" timestamp="2019-08-08T12:08:41.417">
  <kickoff reason="threshold reached" targetBytes="4942078" thresholdFreeBytes="667328" remainingFree="663352" tenureFreeBytes="663352" />
</concurrent-kickoff>
<exclusive-start id="5858" timestamp="2019-08-08T12:08:41.418" intervalms="63.112">
  <response-info timems="0.021" idlems="0.021" threads="0" lastid="0000000002369F00" lastname="main" />
</exclusive-start>
<cycle-start id="5859" type="global" contextid="0" timestamp="2019-08-08T12:08:41.418" intervalms="62.976" />
<exclusive-end id="5860" timestamp="2019-08-08T12:08:41.418" durationms="0.012" />

<exclusive-start id="5861" timestamp="2019-08-08T12:08:41.418" intervalms="0.414">
  <response-info timems="0.044" idlems="0.044" threads="0" lastid="0000000002369F00" lastname="main" />
</exclusive-start>
<af-start id="5862" threadId="000000000236A888" totalBytesRequested="488" timestamp="2019-08-08T12:08:41.418" intervalms="63.460" />
<concurrent-aborted id="5863" timestamp="2019-08-08T12:08:41.418">
  <reason value="insufficient progress made" />
</concurrent-aborted>
<cycle-end id="5864" type="global" contextid="5859" timestamp="2019-08-08T12:08:41.418" />
  <attribute name="elasticGC enabled" value="1" />
  <attribute name= "numThreadsSpecified" value="16" />
  <attribute name="heapSize specified" value="43909120" />
  <attribute name="Current GC Util" value="52" />
  <attribute name= "Current Time Running" value="155896" />
  <attribute name ="GC Interval" value="0" />
  <attribute name="Target GC Util Change" value ="80.000000" />
  <attribute name="Current GC Util Change" value="52.000000"/>
  <attribute name="Current Error" value="-145.000000" />
  <attribute name="Output H" value="43984640"/>
  <attribute name="Output I" value="1752"/>
  <attribute name="Output T" value="16"/>
  <attribute name= "Current Time Running" value="155896" />
  <attribute name="GC Util currently" value="52" />
  <attribute name="CPU Util currently" value="41817186615" />
<cycle-start id="5865" type="global" contextid="0" timestamp="2019-08-08T12:08:41.418" intervalms="0.475" />
<gc-start id="5866" type="global" contextid="5865" timestamp="2019-08-08T12:08:41.418">
  <mem-info id="5867" free="440320" total="44040192" percent="0">
    <mem type="tenure" free="440320" total="44040192" percent="0">
      <mem type="soa" free="0" total="43599872" percent="0" />
      <mem type="loa" free="440320" total="440320" percent="100" />
    </mem>
  </mem-info>
</gc-start>
<allocation-stats totalBytes="25572784" >
  <allocated-bytes non-tlh="0" tlh="25572784" />
  <largest-consumer threadName="main" threadId="0000000002369F00" bytes="25572784" />
</allocation-stats>
<gc-op id="5868" type="mark" timems="8.239" contextid="5865" timestamp="2019-08-08T12:08:41.426">
  <trace-info objectcount="600775" scancount="521659" scanbytes="13388188" />
  <finalization candidates="80" enqueued="0" />
  <ownableSynchronizers candidates="21" cleared="0" />
  <references type="soft" candidates="3261" cleared="0" enqueued="0" dynamicThreshold="18" maxThreshold="32" />
  <references type="weak" candidates="5618" cleared="0" enqueued="0" />
  <references type="phantom" candidates="97" cleared="0" enqueued="0" />
  <stringconstants candidates="13599" cleared="0"  />
</gc-op>
<gc-op id="5869" type="sweep" timems="6.364" contextid="5865" timestamp="2019-08-08T12:08:41.433" />
<mem-info id="5870" free="26058320" total="44040192" percent="59">
  <mem type="tenure" free="26058320" total="44040192" percent="59" micro-fragmented="0">
    <mem type="soa" free="25618000" total="43599872" percent="58" />
    <mem type="loa" free="440320" total="440320" percent="100" />
  </mem>
</mem-info>
<gc-op id="5871" type="compact" timems="29.040" contextid="5865" timestamp="2019-08-08T12:08:41.462">
  <compact-info movecount="3" movebytes="72" reason="compact to aid heap contraction" />
</gc-op>
<heap-resize id="5872" type="expand" space="tenure" amount="131072" count="1" timems="0.024" reason="satisfy allocation request" timestamp="2019-08-08T12:08:41.462" />
<gc-end id="5873" type="global" contextid="5865" durationms="44.356" usertimems="91.833" systemtimems="0.000" timestamp="2019-08-08T12:08:41.462" activeThreads="16">
  <mem-info id="5874" free="26124088" total="44171264" percent="59">
    <mem type="tenure" free="26124088" total="44171264" percent="59">
      <mem type="soa" free="25682744" total="43729920" percent="58" />
      <mem type="loa" free="441344" total="441344" percent="100" />
    </mem>
  </mem-info>
</gc-end>
<cycle-end id="5875" type="global" contextid="5865" timestamp="2019-08-08T12:08:41.462" />
  <attribute name="elasticGC enabled" value="1" />
  <attribute name= "numThreadsSpecified" value="16" />
  <attribute name="heapSize specified" value="44040192" />
  <attribute name="Current GC Util" value="55" />
  <attribute name= "Current Time Running" value="155952" />
  <attribute name ="GC Interval" value="0" />
  <attribute name="Target GC Util Change" value ="80.000000" />
  <attribute name="Current GC Util Change" value="55.000000"/>
  <attribute name="Current Error" value="124.000000" />
  <attribute name="Output H" value="44116016"/>
  <attribute name="Output I" value="2232"/>
  <attribute name="Output T" value="16"/>
  <attribute name= "Current Time Running" value="155952" />
  <attribute name="GC Util currently" value="55" />
  <attribute name="CPU Util currently" value="39653800713" />
<allocation-satisfied id="5876" threadId="0000000002369F00" bytesRequested="488" />
<af-end id="5877" timestamp="2019-08-08T12:08:41.463" threadId="000000000236A888" success="true" />
<exclusive-end id="5878" timestamp="2019-08-08T12:08:41.463" durationms="44.540" />

<concurrent-kickoff id="5879" timestamp="2019-08-08T12:08:41.627">
  <kickoff reason="threshold reached" targetBytes="4956787" thresholdFreeBytes="669313" remainingFree="663352" tenureFreeBytes="663352" />
</concurrent-kickoff>
<exclusive-start id="5880" timestamp="2019-08-08T12:08:41.627" intervalms="208.795">
  <response-info timems="0.064" idlems="0.064" threads="0" lastid="0000000002369F00" lastname="main" />
</exclusive-start>
<cycle-start id="5881" type="global" contextid="0" timestamp="2019-08-08T12:08:41.627" intervalms="208.759" />
<exclusive-end id="5882" timestamp="2019-08-08T12:08:41.627" durationms="0.039" />

<exclusive-start id="5883" timestamp="2019-08-08T12:08:41.628" intervalms="1.376">
  <response-info timems="0.045" idlems="0.045" threads="0" lastid="0000000002369F00" lastname="main" />
</exclusive-start>
<af-start id="5884" threadId="000000000236A888" totalBytesRequested="456" timestamp="2019-08-08T12:08:41.628" intervalms="210.173" />
<concurrent-aborted id="5885" timestamp="2019-08-08T12:08:41.628">
  <reason value="insufficient progress made" />
</concurrent-aborted>
<cycle-end id="5886" type="global" contextid="5881" timestamp="2019-08-08T12:08:41.628" />
  <attribute name="elasticGC enabled" value="1" />
  <attribute name= "numThreadsSpecified" value="16" />
  <attribute name="heapSize specified" value="44040192" />
  <attribute name="Current GC Util" value="55" />
  <attribute name= "Current Time Running" value="155952" />
  <attribute name ="GC Interval" value="0" />
  <attribute name="Target GC Util Change" value ="80.000000" />
  <attribute name="Current GC Util Change" value="55.000000"/>
  <attribute name="Current Error" value="124.000000" />
  <attribute name="Output H" value="44116016"/>
  <attribute name="Output I" value="2232"/>
  <attribute name="Output T" value="16"/>
  <attribute name= "Current Time Running" value="155952" />
  <attribute name="GC Util currently" value="55" />
  <attribute name="CPU Util currently" value="39653800713" />
<cycle-start id="5887" type="global" contextid="0" timestamp="2019-08-08T12:08:41.628" intervalms="1.423" />
<gc-start id="5888" type="global" contextid="5887" timestamp="2019-08-08T12:08:41.628">
  <mem-info id="5889" free="441344" total="44171264" percent="0">
    <mem type="tenure" free="441344" total="44171264" percent="0">
      <mem type="soa" free="0" total="43729920" percent="0" />
      <mem type="loa" free="441344" total="441344" percent="100" />
    </mem>
  </mem-info>
</gc-start>
<allocation-stats totalBytes="25710760" >
  <allocated-bytes non-tlh="0" tlh="25710760" />
  <largest-consumer threadName="main" threadId="0000000002369F00" bytes="25710760" />
</allocation-stats>
<gc-op id="5890" type="mark" timems="8.587" contextid="5887" timestamp="2019-08-08T12:08:41.637">
  <trace-info objectcount="600792" scancount="521679" scanbytes="13388632" />
  <finalization candidates="80" enqueued="0" />
  <ownableSynchronizers candidates="21" cleared="0" />
  <references type="soft" candidates="3261" cleared="0" enqueued="0" dynamicThreshold="18" maxThreshold="32" />
  <references type="weak" candidates="5618" cleared="0" enqueued="0" />
  <references type="phantom" candidates="97" cleared="0" enqueued="0" />
  <stringconstants candidates="13599" cleared="0"  />
</gc-op>
<gc-op id="5891" type="sweep" timems="5.470" contextid="5887" timestamp="2019-08-08T12:08:41.642" />
<mem-info id="5892" free="26188360" total="44171264" percent="59">
  <mem type="tenure" free="26188360" total="44171264" percent="59" micro-fragmented="0">
    <mem type="soa" free="25747016" total="43729920" percent="58" />
    <mem type="loa" free="441344" total="441344" percent="100" />
  </mem>
</mem-info>
<gc-op id="5893" type="compact" timems="29.528" contextid="5887" timestamp="2019-08-08T12:08:41.672">
  <compact-info movecount="35" movebytes="1464" reason="compact to aid heap contraction" />
</gc-op>
<heap-resize id="5894" type="expand" space="tenure" amount="131072" count="1" timems="0.026" reason="satisfy allocation request" timestamp="2019-08-08T12:08:41.673" />
<gc-end id="5895" type="global" contextid="5887" durationms="44.351" usertimems="89.257" systemtimems="0.000" timestamp="2019-08-08T12:08:41.673" activeThreads="16">
  <mem-info id="5896" free="26254832" total="44302336" percent="59">
    <mem type="tenure" free="26254832" total="44302336" percent="59">
      <mem type="soa" free="25812464" total="43859968" percent="58" />
      <mem type="loa" free="442368" total="442368" percent="100" />
    </mem>
  </mem-info>
</gc-end>
<cycle-end id="5897" type="global" contextid="5887" timestamp="2019-08-08T12:08:41.673" />
  <attribute name="elasticGC enabled" value="1" />
  <attribute name= "numThreadsSpecified" value="16" />
  <attribute name="heapSize specified" value="44171264" />
  <attribute name="Current GC Util" value="29" />
  <attribute name= "Current Time Running" value="156162" />
  <attribute name ="GC Interval" value="0" />
  <attribute name="Target GC Util Change" value ="80.000000" />
  <attribute name="Current GC Util Change" value="29.000000"/>
  <attribute name="Current Error" value="57.000000" />
  <attribute name="Output H" value="44247016"/>
  <attribute name="Output I" value="2112"/>
  <attribute name="Output T" value="16"/>
  <attribute name= "Current Time Running" value="156162" />
  <attribute name="GC Util currently" value="29" />
  <attribute name="CPU Util currently" value="38925403513" />
<allocation-satisfied id="5898" threadId="0000000002369F00" bytesRequested="456" />
<af-end id="5899" timestamp="2019-08-08T12:08:41.673" threadId="000000000236A888" success="true" />
<exclusive-end id="5900" timestamp="2019-08-08T12:08:41.673" durationms="44.560" />

<concurrent-kickoff id="5901" timestamp="2019-08-08T12:08:41.755">
  <kickoff reason="threshold reached" targetBytes="4971494" thresholdFreeBytes="671300" remainingFree="663024" tenureFreeBytes="663024" />
</concurrent-kickoff>
<exclusive-start id="5902" timestamp="2019-08-08T12:08:41.755" intervalms="126.860">
  <response-info timems="0.143" idlems="0.143" threads="0" lastid="0000000002369F00" lastname="main" />
</exclusive-start>
<cycle-start id="5903" type="global" contextid="0" timestamp="2019-08-08T12:08:41.755" intervalms="126.791" />
<exclusive-end id="5904" timestamp="2019-08-08T12:08:41.755" durationms="0.016" />

<exclusive-start id="5905" timestamp="2019-08-08T12:08:41.756" intervalms="1.202">
  <response-info timems="0.051" idlems="0.051" threads="0" lastid="0000000002369F00" lastname="main" />
</exclusive-start>
<af-start id="5906" threadId="000000000236A888" totalBytesRequested="464" timestamp="2019-08-08T12:08:41.756" intervalms="128.079" />
<concurrent-aborted id="5907" timestamp="2019-08-08T12:08:41.756">
  <reason value="insufficient progress made" />
</concurrent-aborted>
<cycle-end id="5908" type="global" contextid="5903" timestamp="2019-08-08T12:08:41.756" />
  <attribute name="elasticGC enabled" value="1" />
  <attribute name= "numThreadsSpecified" value="16" />
  <attribute name="heapSize specified" value="44171264" />
  <attribute name="Current GC Util" value="29" />
  <attribute name= "Current Time Running" value="156162" />
  <attribute name ="GC Interval" value="0" />
  <attribute name="Target GC Util Change" value ="80.000000" />
  <attribute name="Current GC Util Change" value="29.000000"/>
  <attribute name="Current Error" value="57.000000" />
  <attribute name="Output H" value="44247016"/>
  <attribute name="Output I" value="2112"/>
  <attribute name="Output T" value="16"/>
  <attribute name= "Current Time Running" value="156162" />
  <attribute name="GC Util currently" value="29" />
  <attribute name="CPU Util currently" value="38925403513" />
<cycle-start id="5909" type="global" contextid="0" timestamp="2019-08-08T12:08:41.756" intervalms="1.295" />
<gc-start id="5910" type="global" contextid="5909" timestamp="2019-08-08T12:08:41.756">
  <mem-info id="5911" free="442368" total="44302336" percent="0">
    <mem type="tenure" free="442368" total="44302336" percent="0">
      <mem type="soa" free="0" total="43859968" percent="0" />
      <mem type="loa" free="442368" total="442368" percent="100" />
    </mem>
  </mem-info>
</gc-start>
<allocation-stats totalBytes="25848224" >
  <allocated-bytes non-tlh="0" tlh="25848224" />
  <largest-consumer threadName="main" threadId="0000000002369F00" bytes="25848224" />
</allocation-stats>
<gc-op id="5912" type="mark" timems="11.932" contextid="5909" timestamp="2019-08-08T12:08:41.768">
  <trace-info objectcount="600797" scancount="521679" scanbytes="13388740" />
  <finalization candidates="80" enqueued="0" />
  <ownableSynchronizers candidates="21" cleared="0" />
  <references type="soft" candidates="3261" cleared="0" enqueued="0" dynamicThreshold="18" maxThreshold="32" />
  <references type="weak" candidates="5618" cleared="0" enqueued="0" />
  <references type="phantom" candidates="97" cleared="0" enqueued="0" />
  <stringconstants candidates="13599" cleared="0"  />
</gc-op>
<gc-op id="5913" type="sweep" timems="6.534" contextid="5909" timestamp="2019-08-08T12:08:41.775" />
<mem-info id="5914" free="26319632" total="44302336" percent="59">
  <mem type="tenure" free="26319632" total="44302336" percent="59" micro-fragmented="0">
    <mem type="soa" free="25877264" total="43859968" percent="58" />
    <mem type="loa" free="442368" total="442368" percent="100" />
  </mem>
</mem-info>
<gc-op id="5915" type="compact" timems="33.844" contextid="5909" timestamp="2019-08-08T12:08:41.809">
  <compact-info movecount="15" movebytes="848" reason="compact to aid heap contraction" />
</gc-op>
<heap-resize id="5916" type="expand" space="tenure" amount="131072" count="1" timems="0.028" reason="satisfy allocation request" timestamp="2019-08-08T12:08:41.815" />
<gc-end id="5917" type="global" contextid="5909" durationms="58.882" usertimems="119.722" systemtimems="0.000" timestamp="2019-08-08T12:08:41.815" activeThreads="16">
  <mem-info id="5918" free="26385792" total="44433408" percent="59">
    <mem type="tenure" free="26385792" total="44433408" percent="59">
      <mem type="soa" free="25942400" total="43990016" percent="58" />
      <mem type="loa" free="443392" total="443392" percent="100" />
    </mem>
  </mem-info>
</gc-end>
<cycle-end id="5919" type="global" contextid="5909" timestamp="2019-08-08T12:08:41.815" />
  <attribute name="elasticGC enabled" value="1" />
  <attribute name= "numThreadsSpecified" value="16" />
  <attribute name="heapSize specified" value="44302336" />
  <attribute name="Current GC Util" value="38" />
  <attribute name= "Current Time Running" value="156299" />
  <attribute name ="GC Interval" value="0" />
  <attribute name="Target GC Util Change" value ="80.000000" />
  <attribute name="Current GC Util Change" value="38.000000"/>
  <attribute name="Current Error" value="42.000000" />
  <attribute name="Output H" value="44378064"/>
  <attribute name="Output I" value="2088"/>
  <attribute name="Output T" value="16"/>
  <attribute name= "Current Time Running" value="156299" />
  <attribute name="GC Util currently" value="38" />
  <attribute name="CPU Util currently" value="33888284588" />
<allocation-satisfied id="5920" threadId="0000000002369F00" bytesRequested="464" />
<af-end id="5921" timestamp="2019-08-08T12:08:41.815" threadId="000000000236A888" success="true" />
<exclusive-end id="5922" timestamp="2019-08-08T12:08:41.815" durationms="59.121" />

<concurrent-kickoff id="5923" timestamp="2019-08-08T12:08:41.894">
  <kickoff reason="threshold reached" targetBytes="4986204" thresholdFreeBytes="673285" remainingFree="662912" tenureFreeBytes="662912" />
</concurrent-kickoff>
<exclusive-start id="5924" timestamp="2019-08-08T12:08:41.894" intervalms="137.865">
  <response-info timems="0.062" idlems="0.062" threads="0" lastid="0000000002369F00" lastname="main" />
</exclusive-start>
<cycle-start id="5925" type="global" contextid="0" timestamp="2019-08-08T12:08:41.894" intervalms="137.770" />
<exclusive-end id="5926" timestamp="2019-08-08T12:08:41.894" durationms="0.013" />

<exclusive-start id="5927" timestamp="2019-08-08T12:08:41.895" intervalms="0.661">
  <response-info timems="0.109" idlems="0.109" threads="0" lastid="0000000002369F00" lastname="main" />
</exclusive-start>
<af-start id="5928" threadId="000000000236A888" totalBytesRequested="408" timestamp="2019-08-08T12:08:41.895" intervalms="138.549" />
<concurrent-aborted id="5929" timestamp="2019-08-08T12:08:41.895">
  <reason value="insufficient progress made" />
</concurrent-aborted>
<cycle-end id="5930" type="global" contextid="5925" timestamp="2019-08-08T12:08:41.895" />
  <attribute name="elasticGC enabled" value="1" />
  <attribute name= "numThreadsSpecified" value="16" />
  <attribute name="heapSize specified" value="44302336" />
  <attribute name="Current GC Util" value="38" />
  <attribute name= "Current Time Running" value="156299" />
  <attribute name ="GC Interval" value="0" />
  <attribute name="Target GC Util Change" value ="80.000000" />
  <attribute name="Current GC Util Change" value="38.000000"/>
  <attribute name="Current Error" value="42.000000" />
  <attribute name="Output H" value="44378064"/>
  <attribute name="Output I" value="2088"/>
  <attribute name="Output T" value="16"/>
  <attribute name= "Current Time Running" value="156299" />
  <attribute name="GC Util currently" value="38" />
  <attribute name="CPU Util currently" value="33888284588" />
<cycle-start id="5931" type="global" contextid="0" timestamp="2019-08-08T12:08:41.895" intervalms="0.797" />
<gc-start id="5932" type="global" contextid="5931" timestamp="2019-08-08T12:08:41.895">
  <mem-info id="5933" free="443392" total="44433408" percent="0">
    <mem type="tenure" free="443392" total="44433408" percent="0">
      <mem type="soa" free="0" total="43990016" percent="0" />
      <mem type="loa" free="443392" total="443392" percent="100" />
    </mem>
  </mem-info>
</gc-start>
<allocation-stats totalBytes="25982448" >
  <allocated-bytes non-tlh="0" tlh="25982448" />
  <largest-consumer threadName="main" threadId="0000000002369F00" bytes="25982448" />
</allocation-stats>
<gc-op id="5934" type="mark" timems="11.393" contextid="5931" timestamp="2019-08-08T12:08:41.906">
  <trace-info objectcount="600801" scancount="521686" scanbytes="13389296" />
  <finalization candidates="80" enqueued="0" />
  <ownableSynchronizers candidates="21" cleared="0" />
  <references type="soft" candidates="3261" cleared="0" enqueued="0" dynamicThreshold="19" maxThreshold="32" />
  <references type="weak" candidates="5618" cleared="0" enqueued="0" />
  <references type="phantom" candidates="97" cleared="0" enqueued="0" />
  <stringconstants candidates="13599" cleared="0"  />
</gc-op>
<gc-op id="5935" type="sweep" timems="5.424" contextid="5931" timestamp="2019-08-08T12:08:41.912" />
<mem-info id="5936" free="26450192" total="44433408" percent="59">
  <mem type="tenure" free="26450192" total="44433408" percent="59" micro-fragmented="0">
    <mem type="soa" free="26006800" total="43990016" percent="59" />
    <mem type="loa" free="443392" total="443392" percent="100" />
  </mem>
</mem-info>
<gc-op id="5937" type="compact" timems="29.766" contextid="5931" timestamp="2019-08-08T12:08:41.942">
  <compact-info movecount="30" movebytes="1360" reason="compact to aid heap contraction" />
</gc-op>
<heap-resize id="5938" type="expand" space="tenure" amount="131072" count="1" timems="0.021" reason="satisfy allocation request" timestamp="2019-08-08T12:08:41.943" />
<gc-end id="5939" type="global" contextid="5931" durationms="47.830" usertimems="115.061" systemtimems="0.000" timestamp="2019-08-08T12:08:41.943" activeThreads="16">
  <mem-info id="5940" free="26516760" total="44564480" percent="59">
    <mem type="tenure" free="26516760" total="44564480" percent="59">
      <mem type="soa" free="26071320" total="44119040" percent="59" />
      <mem type="loa" free="445440" total="445440" percent="100" />
    </mem>
  </mem-info>
</gc-end>
<cycle-end id="5941" type="global" contextid="5931" timestamp="2019-08-08T12:08:41.943" />
  <attribute name="elasticGC enabled" value="1" />
  <attribute name= "numThreadsSpecified" value="16" />
  <attribute name="heapSize specified" value="44433408" />
  <attribute name="Current GC Util" value="35" />
  <attribute name= "Current Time Running" value="156432" />
  <attribute name ="GC Interval" value="0" />
  <attribute name="Target GC Util Change" value ="80.000000" />
  <attribute name="Current GC Util Change" value="35.000000"/>
  <attribute name="Current Error" value="-276.000000" />
  <attribute name="Output H" value="44508776"/>
  <attribute name="Output I" value="1520"/>
  <attribute name="Output T" value="16"/>
  <attribute name= "Current Time Running" value="156432" />
  <attribute name="GC Util currently" value="35" />
  <attribute name="CPU Util currently" value="38713218021" />
<allocation-satisfied id="5942" threadId="0000000002369F00" bytesRequested="408" />
<af-end id="5943" timestamp="2019-08-08T12:08:41.943" threadId="000000000236A888" success="true" />
<exclusive-end id="5944" timestamp="2019-08-08T12:08:41.943" durationms="48.168" />

<concurrent-kickoff id="5945" timestamp="2019-08-08T12:08:41.970">
  <kickoff reason="threshold reached" targetBytes="5000912" thresholdFreeBytes="675272" remainingFree="662808" tenureFreeBytes="662808" />
</concurrent-kickoff>
<exclusive-start id="5946" timestamp="2019-08-08T12:08:41.970" intervalms="75.719">
  <response-info timems="0.052" idlems="0.052" threads="0" lastid="0000000002369F00" lastname="main" />
</exclusive-start>
<cycle-start id="5947" type="global" contextid="0" timestamp="2019-08-08T12:08:41.970" intervalms="75.584" />
<exclusive-end id="5948" timestamp="2019-08-08T12:08:41.970" durationms="0.016" />

<exclusive-start id="5949" timestamp="2019-08-08T12:08:41.971" intervalms="0.535">
  <response-info timems="0.035" idlems="0.035" threads="0" lastid="0000000002369F00" lastname="main" />
</exclusive-start>
<af-start id="5950" threadId="000000000236A888" totalBytesRequested="32" timestamp="2019-08-08T12:08:41.971" intervalms="76.212" />
<concurrent-aborted id="5951" timestamp="2019-08-08T12:08:41.971">
  <reason value="insufficient progress made" />
</concurrent-aborted>
<cycle-end id="5952" type="global" contextid="5947" timestamp="2019-08-08T12:08:41.971" />
  <attribute name="elasticGC enabled" value="1" />
  <attribute name= "numThreadsSpecified" value="16" />
  <attribute name="heapSize specified" value="44433408" />
  <attribute name="Current GC Util" value="35" />
  <attribute name= "Current Time Running" value="156432" />
  <attribute name ="GC Interval" value="0" />
  <attribute name="Target GC Util Change" value ="80.000000" />
  <attribute name="Current GC Util Change" value="35.000000"/>
  <attribute name="Current Error" value="-276.000000" />
  <attribute name="Output H" value="44508776"/>
  <attribute name="Output I" value="1520"/>
  <attribute name="Output T" value="16"/>
  <attribute name= "Current Time Running" value="156432" />
  <attribute name="GC Util currently" value="35" />
  <attribute name="CPU Util currently" value="38713218021" />
<cycle-start id="5953" type="global" contextid="0" timestamp="2019-08-08T12:08:41.971" intervalms="0.613" />
<gc-start id="5954" type="global" contextid="5953" timestamp="2019-08-08T12:08:41.971">
  <mem-info id="5955" free="445440" total="44564480" percent="0">
    <mem type="tenure" free="445440" total="44564480" percent="0">
      <mem type="soa" free="0" total="44119040" percent="0" />
      <mem type="loa" free="445440" total="445440" percent="100" />
    </mem>
  </mem-info>
</gc-start>
<allocation-stats totalBytes="26117496" >
  <allocated-bytes non-tlh="0" tlh="26117496" />
  <largest-consumer threadName="main" threadId="0000000002369F00" bytes="26117496" />
</allocation-stats>
<gc-op id="5956" type="mark" timems="12.480" contextid="5953" timestamp="2019-08-08T12:08:41.984">
  <trace-info objectcount="600800" scancount="521687" scanbytes="13389344" />
  <finalization candidates="80" enqueued="0" />
  <ownableSynchronizers candidates="21" cleared="0" />
  <references type="soft" candidates="3261" cleared="0" enqueued="0" dynamicThreshold="19" maxThreshold="32" />
  <references type="weak" candidates="5618" cleared="0" enqueued="0" />
  <references type="phantom" candidates="97" cleared="0" enqueued="0" />
  <stringconstants candidates="13599" cleared="0"  />
</gc-op>
<gc-op id="5957" type="sweep" timems="8.291" contextid="5953" timestamp="2019-08-08T12:08:41.992" />
<mem-info id="5958" free="26582232" total="44564480" percent="59">
  <mem type="tenure" free="26582232" total="44564480" percent="59" micro-fragmented="0">
    <mem type="soa" free="26136792" total="44119040" percent="59" />
    <mem type="loa" free="445440" total="445440" percent="100" />
  </mem>
</mem-info>
<gc-op id="5959" type="compact" timems="24.560" contextid="5953" timestamp="2019-08-08T12:08:42.017">
  <compact-info movecount="4" movebytes="192" reason="compact to aid heap contraction" />
</gc-op>
<heap-resize id="5960" type="expand" space="tenure" amount="131072" count="1" timems="0.020" reason="satisfy allocation request" timestamp="2019-08-08T12:08:42.018" />
<gc-end id="5961" type="global" contextid="5953" durationms="47.100" usertimems="102.096" systemtimems="0.000" timestamp="2019-08-08T12:08:42.018" activeThreads="16">
  <mem-info id="5962" free="26647784" total="44695552" percent="59">
    <mem type="tenure" free="26647784" total="44695552" percent="59">
      <mem type="soa" free="26201320" total="44249088" percent="59" />
      <mem type="loa" free="446464" total="446464" percent="100" />
    </mem>
  </mem-info>
</gc-end>
<cycle-end id="5963" type="global" contextid="5953" timestamp="2019-08-08T12:08:42.018" />
  <attribute name="elasticGC enabled" value="1" />
  <attribute name= "numThreadsSpecified" value="16" />
  <attribute name="heapSize specified" value="44564480" />
  <attribute name="Current GC Util" value="42" />
  <attribute name= "Current Time Running" value="156507" />
  <attribute name ="GC Interval" value="0" />
  <attribute name="Target GC Util Change" value ="80.000000" />
  <attribute name="Current GC Util Change" value="42.000000"/>
  <attribute name="Current Error" value="-304.000000" />
  <attribute name="Output H" value="44639816"/>
  <attribute name="Output I" value="1472"/>
  <attribute name="Output T" value="16"/>
  <attribute name= "Current Time Running" value="156507" />
  <attribute name="GC Util currently" value="42" />
  <attribute name="CPU Util currently" value="46927168866" />
<allocation-satisfied id="5964" threadId="0000000002369F00" bytesRequested="32" />
<af-end id="5965" timestamp="2019-08-08T12:08:42.018" threadId="000000000236A888" success="true" />
<exclusive-end id="5966" timestamp="2019-08-08T12:08:42.018" durationms="47.296" />

<concurrent-kickoff id="5967" timestamp="2019-08-08T12:08:42.054">
  <kickoff reason="threshold reached" targetBytes="5015621" thresholdFreeBytes="677257" remainingFree="662760" tenureFreeBytes="662760" />
</concurrent-kickoff>
<exclusive-start id="5968" timestamp="2019-08-08T12:08:42.054" intervalms="83.276">
  <response-info timems="0.287" idlems="0.287" threads="0" lastid="0000000002369F00" lastname="main" />
</exclusive-start>
<cycle-start id="5969" type="global" contextid="0" timestamp="2019-08-08T12:08:42.054" intervalms="83.211" />
<exclusive-end id="5970" timestamp="2019-08-08T12:08:42.054" durationms="0.029" />

<exclusive-start id="5971" timestamp="2019-08-08T12:08:42.055" intervalms="0.707">
  <response-info timems="0.071" idlems="0.071" threads="0" lastid="0000000002369F00" lastname="main" />
</exclusive-start>
<af-start id="5972" threadId="000000000236A888" totalBytesRequested="408" timestamp="2019-08-08T12:08:42.055" intervalms="84.013" />
<concurrent-aborted id="5973" timestamp="2019-08-08T12:08:42.055">
  <reason value="insufficient progress made" />
</concurrent-aborted>
<cycle-end id="5974" type="global" contextid="5969" timestamp="2019-08-08T12:08:42.055" />
  <attribute name="elasticGC enabled" value="1" />
  <attribute name= "numThreadsSpecified" value="16" />
  <attribute name="heapSize specified" value="44564480" />
  <attribute name="Current GC Util" value="42" />
  <attribute name= "Current Time Running" value="156507" />
  <attribute name ="GC Interval" value="0" />
  <attribute name="Target GC Util Change" value ="80.000000" />
  <attribute name="Current GC Util Change" value="42.000000"/>
  <attribute name="Current Error" value="-304.000000" />
  <attribute name="Output H" value="44639816"/>
  <attribute name="Output I" value="1472"/>
  <attribute name="Output T" value="16"/>
  <attribute name= "Current Time Running" value="156507" />
  <attribute name="GC Util currently" value="42" />
  <attribute name="CPU Util currently" value="46927168866" />
<cycle-start id="5975" type="global" contextid="0" timestamp="2019-08-08T12:08:42.055" intervalms="0.780" />
<gc-start id="5976" type="global" contextid="5975" timestamp="2019-08-08T12:08:42.055">
  <mem-info id="5977" free="446464" total="44695552" percent="0">
    <mem type="tenure" free="446464" total="44695552" percent="0">
      <mem type="soa" free="0" total="44249088" percent="0" />
      <mem type="loa" free="446464" total="446464" percent="100" />
    </mem>
  </mem-info>
</gc-start>
<allocation-stats totalBytes="26247328" >
  <allocated-bytes non-tlh="0" tlh="26247328" />
  <largest-consumer threadName="main" threadId="0000000002369F00" bytes="26247328" />
</allocation-stats>
<gc-op id="5978" type="mark" timems="9.157" contextid="5975" timestamp="2019-08-08T12:08:42.064">
  <trace-info objectcount="600801" scancount="521683" scanbytes="13389296" />
  <finalization candidates="80" enqueued="0" />
  <ownableSynchronizers candidates="21" cleared="0" />
  <references type="soft" candidates="3261" cleared="0" enqueued="0" dynamicThreshold="19" maxThreshold="32" />
  <references type="weak" candidates="5618" cleared="0" enqueued="0" />
  <references type="phantom" candidates="97" cleared="0" enqueued="0" />
  <stringconstants candidates="13599" cleared="0"  />
</gc-op>
<gc-op id="5979" type="sweep" timems="6.214" contextid="5975" timestamp="2019-08-08T12:08:42.071" />
<mem-info id="5980" free="26713264" total="44695552" percent="59">
  <mem type="tenure" free="26713264" total="44695552" percent="59" micro-fragmented="0">
    <mem type="soa" free="26266800" total="44249088" percent="59" />
    <mem type="loa" free="446464" total="446464" percent="100" />
  </mem>
</mem-info>
<gc-op id="5981" type="compact" timems="42.062" contextid="5975" timestamp="2019-08-08T12:08:42.113">
  <compact-info movecount="5" movebytes="144" reason="compact to aid heap contraction" />
</gc-op>
<heap-resize id="5982" type="expand" space="tenure" amount="131072" count="1" timems="0.027" reason="satisfy allocation request" timestamp="2019-08-08T12:08:42.113" />
<gc-end id="5983" type="global" contextid="5975" durationms="58.405" usertimems="153.107" systemtimems="0.000" timestamp="2019-08-08T12:08:42.114" activeThreads="16">
  <mem-info id="5984" free="26778904" total="44826624" percent="59">
    <mem type="tenure" free="26778904" total="44826624" percent="59">
      <mem type="soa" free="26331416" total="44379136" percent="59" />
      <mem type="loa" free="447488" total="447488" percent="100" />
    </mem>
  </mem-info>
</gc-end>
<cycle-end id="5985" type="global" contextid="5975" timestamp="2019-08-08T12:08:42.114" />
  <attribute name="elasticGC enabled" value="1" />
  <attribute name= "numThreadsSpecified" value="16" />
  <attribute name="heapSize specified" value="44695552" />
  <attribute name="Current GC Util" value="36" />
  <attribute name= "Current Time Running" value="156603" />
  <attribute name ="GC Interval" value="0" />
  <attribute name="Target GC Util Change" value ="80.000000" />
  <attribute name="Current GC Util Change" value="36.000000"/>
  <attribute name="Current Error" value="-173.000000" />
  <attribute name="Output H" value="44771040"/>
  <attribute name="Output I" value="1704"/>
  <attribute name="Output T" value="16"/>
  <attribute name= "Current Time Running" value="156603" />
  <attribute name="GC Util currently" value="36" />
  <attribute name="CPU Util currently" value="27393114623" />
<allocation-satisfied id="5986" threadId="0000000002369F00" bytesRequested="408" />
<af-end id="5987" timestamp="2019-08-08T12:08:42.114" threadId="000000000236A888" success="true" />
<exclusive-end id="5988" timestamp="2019-08-08T12:08:42.114" durationms="58.631" />

<concurrent-kickoff id="5989" timestamp="2019-08-08T12:08:42.331">
  <kickoff reason="threshold reached" targetBytes="5030330" thresholdFreeBytes="679244" remainingFree="659032" tenureFreeBytes="659032" />
</concurrent-kickoff>
<exclusive-start id="5990" timestamp="2019-08-08T12:08:42.332" intervalms="276.664">
  <response-info timems="0.414" idlems="0.414" threads="0" lastid="0000000002369F00" lastname="main" />
</exclusive-start>
<cycle-start id="5991" type="global" contextid="0" timestamp="2019-08-08T12:08:42.332" intervalms="276.613" />
<exclusive-end id="5992" timestamp="2019-08-08T12:08:42.332" durationms="0.051" />

<exclusive-start id="5993" timestamp="2019-08-08T12:08:42.333" intervalms="0.999">
  <response-info timems="0.037" idlems="0.037" threads="0" lastid="0000000002369F00" lastname="main" />
</exclusive-start>
<af-start id="5994" threadId="000000000236A888" totalBytesRequested="2008" timestamp="2019-08-08T12:08:42.333" intervalms="277.642" />
<concurrent-aborted id="5995" timestamp="2019-08-08T12:08:42.333">
  <reason value="insufficient progress made" />
</concurrent-aborted>
<cycle-end id="5996" type="global" contextid="5991" timestamp="2019-08-08T12:08:42.333" />
  <attribute name="elasticGC enabled" value="1" />
  <attribute name= "numThreadsSpecified" value="16" />
  <attribute name="heapSize specified" value="44695552" />
  <attribute name="Current GC Util" value="36" />
  <attribute name= "Current Time Running" value="156603" />
  <attribute name ="GC Interval" value="0" />
  <attribute name="Target GC Util Change" value ="80.000000" />
  <attribute name="Current GC Util Change" value="36.000000"/>
  <attribute name="Current Error" value="-173.000000" />
  <attribute name="Output H" value="44771040"/>
  <attribute name="Output I" value="1704"/>
  <attribute name="Output T" value="16"/>
  <attribute name= "Current Time Running" value="156603" />
  <attribute name="GC Util currently" value="36" />
  <attribute name="CPU Util currently" value="27393114623" />
<cycle-start id="5997" type="global" contextid="0" timestamp="2019-08-08T12:08:42.333" intervalms="1.033" />
<gc-start id="5998" type="global" contextid="5997" timestamp="2019-08-08T12:08:42.333">
  <mem-info id="5999" free="447488" total="44826624" percent="0">
    <mem type="tenure" free="447488" total="44826624" percent="0">
      <mem type="soa" free="0" total="44379136" percent="0" />
      <mem type="loa" free="447488" total="447488" percent="100" />
    </mem>
  </mem-info>
</gc-start>
<allocation-stats totalBytes="26369056" >
  <allocated-bytes non-tlh="3776" tlh="26365280" />
  <largest-consumer threadName="main" threadId="0000000002369F00" bytes="26369056" />
</allocation-stats>
<gc-op id="6000" type="mark" timems="15.857" contextid="5997" timestamp="2019-08-08T12:08:42.349">
  <trace-info objectcount="598902" scancount="519935" scanbytes="13342928" />
  <finalization candidates="80" enqueued="0" />
  <ownableSynchronizers candidates="21" cleared="0" />
  <references type="soft" candidates="3277" cleared="1422" enqueued="711" dynamicThreshold="19" maxThreshold="32" />
  <references type="weak" candidates="5678" cleared="10" enqueued="7" />
  <references type="phantom" candidates="97" cleared="0" enqueued="0" />
  <stringconstants candidates="13636" cleared="389"  />
</gc-op>
<gc-op id="6001" type="sweep" timems="7.129" contextid="5997" timestamp="2019-08-08T12:08:42.356" />
<mem-info id="6002" free="26789352" total="44826624" percent="59">
  <mem type="tenure" free="26789352" total="44826624" percent="59" micro-fragmented="64054">
    <mem type="soa" free="26341864" total="44379136" percent="59" />
    <mem type="loa" free="447488" total="447488" percent="100" />
  </mem>
  <pending-finalizers system="0" default="0" reference="718" classloader="0" />
</mem-info>
<gc-op id="6003" type="compact" timems="145.057" contextid="5997" timestamp="2019-08-08T12:08:42.501">
  <compact-info movecount="554947" movebytes="15418312" reason="compact to aid heap contraction" />
</gc-op>
<heap-resize id="6004" type="expand" space="tenure" amount="131072" count="1" timems="0.023" reason="satisfy allocation request" timestamp="2019-08-08T12:08:42.502" />
<gc-end id="6005" type="global" contextid="5997" durationms="169.764" usertimems="221.238" systemtimems="0.000" timestamp="2019-08-08T12:08:42.503" activeThreads="16">
  <mem-info id="6006" free="26931488" total="44957696" percent="59">
    <mem type="tenure" free="26931488" total="44957696" percent="59">
      <mem type="soa" free="26481952" total="44508160" percent="59" />
      <mem type="loa" free="449536" total="449536" percent="100" />
    </mem>
    <pending-finalizers system="0" default="0" reference="718" classloader="0" />
  </mem-info>
</gc-end>
<cycle-end id="6007" type="global" contextid="5997" timestamp="2019-08-08T12:08:42.503" />
  <attribute name="elasticGC enabled" value="1" />
  <attribute name= "numThreadsSpecified" value="16" />
  <attribute name="heapSize specified" value="44826624" />
  <attribute name="Current GC Util" value="9" />
  <attribute name= "Current Time Running" value="156992" />
  <attribute name ="GC Interval" value="0" />
  <attribute name="Target GC Util Change" value ="80.000000" />
  <attribute name="Current GC Util Change" value="9.000000"/>
  <attribute name="Current Error" value="154.000000" />
  <attribute name="Output H" value="44902488"/>
  <attribute name="Output I" value="2288"/>
  <attribute name="Output T" value="16"/>
  <attribute name= "Current Time Running" value="156992" />
  <attribute name="GC Util currently" value="9" />
  <attribute name="CPU Util currently" value="7946429105" />
<allocation-satisfied id="6008" threadId="0000000002369F00" bytesRequested="2008" />
<af-end id="6009" timestamp="2019-08-08T12:08:42.503" threadId="000000000236A888" success="true" />
<exclusive-end id="6010" timestamp="2019-08-08T12:08:42.503" durationms="170.025" />

<concurrent-kickoff id="6011" timestamp="2019-08-08T12:08:42.583">
  <kickoff reason="threshold reached" targetBytes="5045039" thresholdFreeBytes="681231" remainingFree="639264" tenureFreeBytes="639264" />
</concurrent-kickoff>
<exclusive-start id="6012" timestamp="2019-08-08T12:08:42.583" intervalms="250.238">
  <response-info timems="0.163" idlems="0.163" threads="0" lastid="0000000002369F00" lastname="main" />
</exclusive-start>
<cycle-start id="6013" type="global" contextid="0" timestamp="2019-08-08T12:08:42.583" intervalms="250.181" />
<exclusive-end id="6014" timestamp="2019-08-08T12:08:42.583" durationms="0.032" />

<exclusive-start id="6015" timestamp="2019-08-08T12:08:42.584" intervalms="1.260">
  <response-info timems="0.098" idlems="0.098" threads="0" lastid="0000000002369F00" lastname="main" />
</exclusive-start>
<af-start id="6016" threadId="000000000236A888" totalBytesRequested="48" timestamp="2019-08-08T12:08:42.584" intervalms="251.505" />
<concurrent-aborted id="6017" timestamp="2019-08-08T12:08:42.584">
  <reason value="insufficient progress made" />
</concurrent-aborted>
<cycle-end id="6018" type="global" contextid="6013" timestamp="2019-08-08T12:08:42.584" />
  <attribute name="elasticGC enabled" value="1" />
  <attribute name= "numThreadsSpecified" value="16" />
  <attribute name="heapSize specified" value="44826624" />
  <attribute name="Current GC Util" value="9" />
  <attribute name= "Current Time Running" value="156992" />
  <attribute name ="GC Interval" value="0" />
  <attribute name="Target GC Util Change" value ="80.000000" />
  <attribute name="Current GC Util Change" value="9.000000"/>
  <attribute name="Current Error" value="154.000000" />
  <attribute name="Output H" value="44902488"/>
  <attribute name="Output I" value="2288"/>
  <attribute name="Output T" value="16"/>
  <attribute name= "Current Time Running" value="156992" />
  <attribute name="GC Util currently" value="9" />
  <attribute name="CPU Util currently" value="7946429105" />
<cycle-start id="6019" type="global" contextid="0" timestamp="2019-08-08T12:08:42.584" intervalms="1.335" />
<gc-start id="6020" type="global" contextid="6019" timestamp="2019-08-08T12:08:42.584">
  <mem-info id="6021" free="449536" total="44957696" percent="0">
    <mem type="tenure" free="449536" total="44957696" percent="0">
      <mem type="soa" free="0" total="44508160" percent="0" />
      <mem type="loa" free="449536" total="449536" percent="100" />
    </mem>
  </mem-info>
</gc-start>
<allocation-stats totalBytes="26510040" >
  <allocated-bytes non-tlh="0" tlh="26510040" />
  <largest-consumer threadName="main" threadId="0000000002369F00" bytes="26470648" />
</allocation-stats>
<gc-op id="6022" type="mark" timems="25.292" contextid="6019" timestamp="2019-08-08T12:08:42.610">
  <trace-info objectcount="598891" scancount="519904" scanbytes="13345720" />
  <finalization candidates="80" enqueued="0" />
  <ownableSynchronizers candidates="21" cleared="0" />
  <references type="soft" candidates="1855" cleared="0" enqueued="0" dynamicThreshold="19" maxThreshold="32" />
  <references type="weak" candidates="5668" cleared="0" enqueued="0" />
  <references type="phantom" candidates="97" cleared="0" enqueued="0" />
  <stringconstants candidates="13247" cleared="0"  />
</gc-op>
<gc-op id="6023" type="sweep" timems="9.244" contextid="6019" timestamp="2019-08-08T12:08:42.619" />
<mem-info id="6024" free="26995968" total="44957696" percent="60">
  <mem type="tenure" free="26995968" total="44957696" percent="60" micro-fragmented="0">
    <mem type="soa" free="26546432" total="44508160" percent="59" />
    <mem type="loa" free="449536" total="449536" percent="100" />
  </mem>
</mem-info>
<gc-op id="6025" type="compact" timems="29.108" contextid="6019" timestamp="2019-08-08T12:08:42.648">
  <compact-info movecount="831" movebytes="46192" reason="compact to aid heap contraction" />
</gc-op>
<heap-resize id="6026" type="expand" space="tenure" amount="131072" count="1" timems="0.020" reason="satisfy allocation request" timestamp="2019-08-08T12:08:42.649" />
<gc-end id="6027" type="global" contextid="6019" durationms="64.287" usertimems="120.269" systemtimems="0.000" timestamp="2019-08-08T12:08:42.649" activeThreads="16">
  <mem-info id="6028" free="27061888" total="45088768" percent="60">
    <mem type="tenure" free="27061888" total="45088768" percent="60">
      <mem type="soa" free="26611328" total="44638208" percent="59" />
      <mem type="loa" free="450560" total="450560" percent="100" />
    </mem>
  </mem-info>
</gc-end>
<cycle-end id="6029" type="global" contextid="6019" timestamp="2019-08-08T12:08:42.649" />
  <attribute name="elasticGC enabled" value="1" />
  <attribute name= "numThreadsSpecified" value="16" />
  <attribute name="heapSize specified" value="44957696" />
  <attribute name="Current GC Util" value="38" />
  <attribute name= "Current Time Running" value="157138" />
  <attribute name ="GC Interval" value="0" />
  <attribute name="Target GC Util Change" value ="80.000000" />
  <attribute name="Current GC Util Change" value="38.000000"/>
  <attribute name="Current Error" value="111.000000" />
  <attribute name="Output H" value="45033504"/>
  <attribute name="Output I" value="2208"/>
  <attribute name="Output T" value="16"/>
  <attribute name= "Current Time Running" value="157138" />
  <attribute name="GC Util currently" value="38" />
  <attribute name="CPU Util currently" value="39549407967" />
<allocation-satisfied id="6030" threadId="0000000002369F00" bytesRequested="48" />
<af-end id="6031" timestamp="2019-08-08T12:08:42.649" threadId="000000000236A888" success="true" />
<exclusive-end id="6032" timestamp="2019-08-08T12:08:42.649" durationms="64.512" />

<concurrent-kickoff id="6033" timestamp="2019-08-08T12:08:42.717">
  <kickoff reason="threshold reached" targetBytes="5059746" thresholdFreeBytes="683217" remainingFree="650880" tenureFreeBytes="650880" />
</concurrent-kickoff>
<exclusive-start id="6034" timestamp="2019-08-08T12:08:42.717" intervalms="133.159">
  <response-info timems="0.171" idlems="0.171" threads="0" lastid="0000000002369F00" lastname="main" />
</exclusive-start>
<cycle-start id="6035" type="global" contextid="0" timestamp="2019-08-08T12:08:42.717" intervalms="133.112" />
<exclusive-end id="6036" timestamp="2019-08-08T12:08:42.717" durationms="0.057" />

<exclusive-start id="6037" timestamp="2019-08-08T12:08:42.719" intervalms="1.254">
  <response-info timems="0.148" idlems="0.148" threads="0" lastid="0000000002369F00" lastname="main" />
</exclusive-start>
<af-start id="6038" threadId="000000000236A888" totalBytesRequested="16" timestamp="2019-08-08T12:08:42.719" intervalms="134.440" />
<concurrent-aborted id="6039" timestamp="2019-08-08T12:08:42.719">
  <reason value="insufficient progress made" />
</concurrent-aborted>
<cycle-end id="6040" type="global" contextid="6035" timestamp="2019-08-08T12:08:42.719" />
  <attribute name="elasticGC enabled" value="1" />
  <attribute name= "numThreadsSpecified" value="16" />
  <attribute name="heapSize specified" value="44957696" />
  <attribute name="Current GC Util" value="38" />
  <attribute name= "Current Time Running" value="157138" />
  <attribute name ="GC Interval" value="0" />
  <attribute name="Target GC Util Change" value ="80.000000" />
  <attribute name="Current GC Util Change" value="38.000000"/>
  <attribute name="Current Error" value="111.000000" />
  <attribute name="Output H" value="45033504"/>
  <attribute name="Output I" value="2208"/>
  <attribute name="Output T" value="16"/>
  <attribute name= "Current Time Running" value="157138" />
  <attribute name="GC Util currently" value="38" />
  <attribute name="CPU Util currently" value="39549407967" />
<cycle-start id="6041" type="global" contextid="0" timestamp="2019-08-08T12:08:42.719" intervalms="1.329" />
<gc-start id="6042" type="global" contextid="6041" timestamp="2019-08-08T12:08:42.719">
  <mem-info id="6043" free="450560" total="45088768" percent="0">
    <mem type="tenure" free="450560" total="45088768" percent="0">
      <mem type="soa" free="0" total="44638208" percent="0" />
      <mem type="loa" free="450560" total="450560" percent="100" />
    </mem>
  </mem-info>
</gc-start>
<allocation-stats totalBytes="26640576" >
  <allocated-bytes non-tlh="0" tlh="26640576" />
  <largest-consumer threadName="main" threadId="0000000002369F00" bytes="26640576" />
</allocation-stats>
<gc-op id="6044" type="mark" timems="13.690" contextid="6041" timestamp="2019-08-08T12:08:42.733">
  <trace-info objectcount="598892" scancount="519903" scanbytes="13345720" />
  <finalization candidates="80" enqueued="0" />
  <ownableSynchronizers candidates="21" cleared="0" />
  <references type="soft" candidates="1855" cleared="0" enqueued="0" dynamicThreshold="19" maxThreshold="32" />
  <references type="weak" candidates="5668" cleared="0" enqueued="0" />
  <references type="phantom" candidates="97" cleared="0" enqueued="0" />
  <stringconstants candidates="13247" cleared="0"  />
</gc-op>
<gc-op id="6045" type="sweep" timems="6.201" contextid="6041" timestamp="2019-08-08T12:08:42.739" />
<mem-info id="6046" free="27126408" total="45088768" percent="60">
  <mem type="tenure" free="27126408" total="45088768" percent="60" micro-fragmented="0">
    <mem type="soa" free="26675848" total="44638208" percent="59" />
    <mem type="loa" free="450560" total="450560" percent="100" />
  </mem>
</mem-info>
<gc-op id="6047" type="compact" timems="24.471" contextid="6041" timestamp="2019-08-08T12:08:42.763">
  <compact-info movecount="3" movebytes="1088" reason="compact to aid heap contraction" />
</gc-op>
<heap-resize id="6048" type="expand" space="tenure" amount="131072" count="1" timems="0.022" reason="satisfy allocation request" timestamp="2019-08-08T12:08:42.765" />
<gc-end id="6049" type="global" contextid="6041" durationms="46.530" usertimems="103.138" systemtimems="0.000" timestamp="2019-08-08T12:08:42.765" activeThreads="16">
  <mem-info id="6050" free="27191944" total="45219840" percent="60">
    <mem type="tenure" free="27191944" total="45219840" percent="60">
      <mem type="soa" free="26740360" total="44768256" percent="59" />
      <mem type="loa" free="451584" total="451584" percent="100" />
    </mem>
  </mem-info>
</gc-end>
<cycle-end id="6051" type="global" contextid="6041" timestamp="2019-08-08T12:08:42.765" />
  <attribute name="elasticGC enabled" value="1" />
  <attribute name= "numThreadsSpecified" value="16" />
  <attribute name="heapSize specified" value="45088768" />
  <attribute name="Current GC Util" value="56" />
  <attribute name= "Current Time Running" value="157254" />
  <attribute name ="GC Interval" value="0" />
  <attribute name="Target GC Util Change" value ="80.000000" />
  <attribute name="Current GC Util Change" value="56.000000"/>
  <attribute name="Current Error" value="24.000000" />
  <attribute name="Output H" value="45164480"/>
  <attribute name="Output I" value="2056"/>
  <attribute name="Output T" value="16"/>
  <attribute name= "Current Time Running" value="157254" />
  <attribute name="GC Util currently" value="56" />
  <attribute name="CPU Util currently" value="47045756301" />
<allocation-satisfied id="6052" threadId="0000000002369F00" bytesRequested="16" />
<af-end id="6053" timestamp="2019-08-08T12:08:42.765" threadId="000000000236A888" success="true" />
<exclusive-end id="6054" timestamp="2019-08-08T12:08:42.765" durationms="46.784" />

<concurrent-kickoff id="6055" timestamp="2019-08-08T12:08:43.056">
  <kickoff reason="threshold reached" targetBytes="5074454" thresholdFreeBytes="685203" remainingFree="641672" tenureFreeBytes="641672" />
</concurrent-kickoff>
<exclusive-start id="6056" timestamp="2019-08-08T12:08:43.056" intervalms="337.779">
  <response-info timems="0.092" idlems="0.092" threads="0" lastid="0000000002369F00" lastname="main" />
</exclusive-start>
<cycle-start id="6057" type="global" contextid="0" timestamp="2019-08-08T12:08:43.056" intervalms="337.667" />
<exclusive-end id="6058" timestamp="2019-08-08T12:08:43.056" durationms="0.023" />

<exclusive-start id="6059" timestamp="2019-08-08T12:08:43.061" intervalms="4.477">
  <response-info timems="0.096" idlems="0.096" threads="0" lastid="0000000002369F00" lastname="main" />
</exclusive-start>
<af-start id="6060" threadId="000000000236A888" totalBytesRequested="32" timestamp="2019-08-08T12:08:43.061" intervalms="342.239" />
<concurrent-aborted id="6061" timestamp="2019-08-08T12:08:43.061">
  <reason value="insufficient progress made" />
</concurrent-aborted>
<cycle-end id="6062" type="global" contextid="6057" timestamp="2019-08-08T12:08:43.061" />
  <attribute name="elasticGC enabled" value="1" />
  <attribute name= "numThreadsSpecified" value="16" />
  <attribute name="heapSize specified" value="45088768" />
  <attribute name="Current GC Util" value="56" />
  <attribute name= "Current Time Running" value="157254" />
  <attribute name ="GC Interval" value="0" />
  <attribute name="Target GC Util Change" value ="80.000000" />
  <attribute name="Current GC Util Change" value="56.000000"/>
  <attribute name="Current Error" value="24.000000" />
  <attribute name="Output H" value="45164480"/>
  <attribute name="Output I" value="2056"/>
  <attribute name="Output T" value="16"/>
  <attribute name= "Current Time Running" value="157254" />
  <attribute name="GC Util currently" value="56" />
  <attribute name="CPU Util currently" value="47045756301" />
<cycle-start id="6063" type="global" contextid="0" timestamp="2019-08-08T12:08:43.061" intervalms="4.598" />
<gc-start id="6064" type="global" contextid="6063" timestamp="2019-08-08T12:08:43.061">
  <mem-info id="6065" free="451584" total="45219840" percent="0">
    <mem type="tenure" free="451584" total="45219840" percent="0">
      <mem type="soa" free="0" total="44768256" percent="0" />
      <mem type="loa" free="451584" total="451584" percent="100" />
    </mem>
  </mem-info>
</gc-start>
<allocation-stats totalBytes="26785856" >
  <allocated-bytes non-tlh="0" tlh="26785856" />
  <largest-consumer threadName="main" threadId="0000000002369F00" bytes="26785856" />
</allocation-stats>
<gc-op id="6066" type="mark" timems="20.493" contextid="6063" timestamp="2019-08-08T12:08:43.082">
  <trace-info objectcount="598900" scancount="519918" scanbytes="13346064" />
  <finalization candidates="80" enqueued="0" />
  <ownableSynchronizers candidates="21" cleared="0" />
  <references type="soft" candidates="1855" cleared="0" enqueued="0" dynamicThreshold="19" maxThreshold="32" />
  <references type="weak" candidates="5680" cleared="0" enqueued="0" />
  <references type="phantom" candidates="97" cleared="0" enqueued="0" />
  <stringconstants candidates="13247" cleared="0"  />
</gc-op>
<gc-op id="6067" type="sweep" timems="4.944" contextid="6063" timestamp="2019-08-08T12:08:43.087" />
<mem-info id="6068" free="27260232" total="45219840" percent="60">
  <mem type="tenure" free="27260232" total="45219840" percent="60" micro-fragmented="0">
    <mem type="soa" free="26808648" total="44768256" percent="59" />
    <mem type="loa" free="451584" total="451584" percent="100" />
  </mem>
</mem-info>
<gc-op id="6069" type="compact" timems="142.965" contextid="6063" timestamp="2019-08-08T12:08:43.230">
  <compact-info movecount="534815" movebytes="14325632" reason="compact to aid heap contraction" />
</gc-op>
<heap-resize id="6070" type="expand" space="tenure" amount="131072" count="1" timems="0.020" reason="satisfy allocation request" timestamp="2019-08-08T12:08:43.230" />
<gc-end id="6071" type="global" contextid="6063" durationms="169.187" usertimems="323.292" systemtimems="0.000" timestamp="2019-08-08T12:08:43.230" activeThreads="16">
  <mem-info id="6072" free="27326912" total="45350912" percent="60">
    <mem type="tenure" free="27326912" total="45350912" percent="60">
      <mem type="soa" free="26874304" total="44898304" percent="59" />
      <mem type="loa" free="452608" total="452608" percent="100" />
    </mem>
  </mem-info>
</gc-end>
<cycle-end id="6073" type="global" contextid="6063" timestamp="2019-08-08T12:08:43.230" />
  <attribute name="elasticGC enabled" value="1" />
  <attribute name= "numThreadsSpecified" value="16" />
  <attribute name="heapSize specified" value="45219840" />
  <attribute name="Current GC Util" value="9" />
  <attribute name= "Current Time Running" value="157720" />
  <attribute name ="GC Interval" value="0" />
  <attribute name="Target GC Util Change" value ="80.000000" />
  <attribute name="Current GC Util Change" value="9.000000"/>
  <attribute name="Current Error" value="-233.000000" />
  <attribute name="Output H" value="45295256"/>
  <attribute name="Output I" value="1592"/>
  <attribute name="Output T" value="16"/>
  <attribute name= "Current Time Running" value="157720" />
  <attribute name="GC Util currently" value="9" />
  <attribute name="CPU Util currently" value="8061965238" />
<allocation-satisfied id="6074" threadId="0000000002369F00" bytesRequested="32" />
<af-end id="6075" timestamp="2019-08-08T12:08:43.230" threadId="000000000236A888" success="true" />
<exclusive-end id="6076" timestamp="2019-08-08T12:08:43.230" durationms="169.453" />

<concurrent-kickoff id="6077" timestamp="2019-08-08T12:08:43.623">
  <kickoff reason="threshold reached" targetBytes="5089164" thresholdFreeBytes="687189" remainingFree="686528" tenureFreeBytes="686528" />
</concurrent-kickoff>
<exclusive-start id="6078" timestamp="2019-08-08T12:08:43.623" intervalms="562.234">
  <response-info timems="0.222" idlems="0.222" threads="0" lastid="0000000002369F00" lastname="main" />
</exclusive-start>
<cycle-start id="6079" type="global" contextid="0" timestamp="2019-08-08T12:08:43.623" intervalms="562.125" />
<exclusive-end id="6080" timestamp="2019-08-08T12:08:43.623" durationms="0.034" />

<exclusive-start id="6081" timestamp="2019-08-08T12:08:43.626" intervalms="2.458">
  <response-info timems="0.117" idlems="0.117" threads="0" lastid="0000000002369F00" lastname="main" />
</exclusive-start>
<af-start id="6082" threadId="000000000236A888" totalBytesRequested="16" timestamp="2019-08-08T12:08:43.626" intervalms="564.690" />
<concurrent-aborted id="6083" timestamp="2019-08-08T12:08:43.626">
  <reason value="insufficient progress made" />
</concurrent-aborted>
<cycle-end id="6084" type="global" contextid="6079" timestamp="2019-08-08T12:08:43.626" />
  <attribute name="elasticGC enabled" value="1" />
  <attribute name= "numThreadsSpecified" value="16" />
  <attribute name="heapSize specified" value="45219840" />
  <attribute name="Current GC Util" value="9" />
  <attribute name= "Current Time Running" value="157720" />
  <attribute name ="GC Interval" value="0" />
  <attribute name="Target GC Util Change" value ="80.000000" />
  <attribute name="Current GC Util Change" value="9.000000"/>
  <attribute name="Current Error" value="-233.000000" />
  <attribute name="Output H" value="45295256"/>
  <attribute name="Output I" value="1592"/>
  <attribute name="Output T" value="16"/>
  <attribute name= "Current Time Running" value="157720" />
  <attribute name="GC Util currently" value="9" />
  <attribute name="CPU Util currently" value="8061965238" />
<cycle-start id="6085" type="global" contextid="0" timestamp="2019-08-08T12:08:43.626" intervalms="2.540" />
<gc-start id="6086" type="global" contextid="6085" timestamp="2019-08-08T12:08:43.626">
  <mem-info id="6087" free="452608" total="45350912" percent="0">
    <mem type="tenure" free="452608" total="45350912" percent="0">
      <mem type="soa" free="0" total="44898304" percent="0" />
      <mem type="loa" free="452608" total="452608" percent="100" />
    </mem>
  </mem-info>
</gc-start>
<allocation-stats totalBytes="26935840" >
  <allocated-bytes non-tlh="0" tlh="26935840" />
  <largest-consumer threadName="main" threadId="0000000002369F00" bytes="26935840" />
</allocation-stats>
<gc-op id="6088" type="mark" timems="14.591" contextid="6085" timestamp="2019-08-08T12:08:43.640">
  <trace-info objectcount="598920" scancount="519934" scanbytes="13346816" />
  <finalization candidates="80" enqueued="0" />
  <ownableSynchronizers candidates="21" cleared="0" />
  <references type="soft" candidates="1855" cleared="0" enqueued="0" dynamicThreshold="19" maxThreshold="32" />
  <references type="weak" candidates="5688" cleared="0" enqueued="0" />
  <references type="phantom" candidates="97" cleared="0" enqueued="0" />
  <stringconstants candidates="13247" cleared="0"  />
</gc-op>
<gc-op id="6089" type="sweep" timems="11.352" contextid="6085" timestamp="2019-08-08T12:08:43.652" />
<mem-info id="6090" free="27390072" total="45350912" percent="60">
  <mem type="tenure" free="27390072" total="45350912" percent="60" micro-fragmented="0">
    <mem type="soa" free="26937464" total="44898304" percent="59" />
    <mem type="loa" free="452608" total="452608" percent="100" />
  </mem>
</mem-info>
<gc-op id="6091" type="compact" timems="145.114" contextid="6085" timestamp="2019-08-08T12:08:43.797">
  <compact-info movecount="529814" movebytes="14141712" reason="compact to aid heap contraction" />
</gc-op>
<heap-resize id="6092" type="expand" space="tenure" amount="131072" count="1" timems="0.028" reason="satisfy allocation request" timestamp="2019-08-08T12:08:43.798" />
<gc-end id="6093" type="global" contextid="6085" durationms="172.048" usertimems="297.734" systemtimems="0.000" timestamp="2019-08-08T12:08:43.798" activeThreads="16">
  <mem-info id="6094" free="27457248" total="45481984" percent="60">
    <mem type="tenure" free="27457248" total="45481984" percent="60">
      <mem type="soa" free="27002592" total="45027328" percent="59" />
      <mem type="loa" free="454656" total="454656" percent="100" />
    </mem>
  </mem-info>
</gc-end>
<cycle-end id="6095" type="global" contextid="6085" timestamp="2019-08-08T12:08:43.798" />
  <attribute name="elasticGC enabled" value="1" />
  <attribute name= "numThreadsSpecified" value="16" />
  <attribute name="heapSize specified" value="45350912" />
  <attribute name="Current GC Util" value="7" />
  <attribute name= "Current Time Running" value="158287" />
  <attribute name ="GC Interval" value="0" />
  <attribute name="Target GC Util Change" value ="80.000000" />
  <attribute name="Current GC Util Change" value="7.000000"/>
  <attribute name="Current Error" value="-246.000000" />
  <attribute name="Output H" value="45426312"/>
  <attribute name="Output I" value="1576"/>
  <attribute name="Output T" value="16"/>
  <attribute name= "Current Time Running" value="158287" />
  <attribute name="GC Util currently" value="7" />
  <attribute name="CPU Util currently" value="7943120424" />
<allocation-satisfied id="6096" threadId="0000000002369F00" bytesRequested="16" />
<af-end id="6097" timestamp="2019-08-08T12:08:43.798" threadId="000000000236A888" success="true" />
<exclusive-end id="6098" timestamp="2019-08-08T12:08:43.798" durationms="172.403" />

<concurrent-kickoff id="6099" timestamp="2019-08-08T12:08:43.913">
  <kickoff reason="threshold reached" targetBytes="5103872" thresholdFreeBytes="689175" remainingFree="685792" tenureFreeBytes="685792" />
</concurrent-kickoff>
<exclusive-start id="6100" timestamp="2019-08-08T12:08:43.913" intervalms="287.652">
  <response-info timems="0.124" idlems="0.124" threads="0" lastid="0000000002369F00" lastname="main" />
</exclusive-start>
<cycle-start id="6101" type="global" contextid="0" timestamp="2019-08-08T12:08:43.913" intervalms="287.570" />
<exclusive-end id="6102" timestamp="2019-08-08T12:08:43.913" durationms="0.033" />

<exclusive-start id="6103" timestamp="2019-08-08T12:08:43.915" intervalms="1.903">
  <response-info timems="0.074" idlems="0.074" threads="0" lastid="0000000002369F00" lastname="main" />
</exclusive-start>
<af-start id="6104" threadId="000000000236A888" totalBytesRequested="80" timestamp="2019-08-08T12:08:43.915" intervalms="289.557" />
<concurrent-aborted id="6105" timestamp="2019-08-08T12:08:43.915">
  <reason value="insufficient progress made" />
</concurrent-aborted>
<cycle-end id="6106" type="global" contextid="6101" timestamp="2019-08-08T12:08:43.915" />
  <attribute name="elasticGC enabled" value="1" />
  <attribute name= "numThreadsSpecified" value="16" />
  <attribute name="heapSize specified" value="45350912" />
  <attribute name="Current GC Util" value="7" />
  <attribute name= "Current Time Running" value="158287" />
  <attribute name ="GC Interval" value="0" />
  <attribute name="Target GC Util Change" value ="80.000000" />
  <attribute name="Current GC Util Change" value="7.000000"/>
  <attribute name="Current Error" value="-246.000000" />
  <attribute name="Output H" value="45426312"/>
  <attribute name="Output I" value="1576"/>
  <attribute name="Output T" value="16"/>
  <attribute name= "Current Time Running" value="158287" />
  <attribute name="GC Util currently" value="7" />
  <attribute name="CPU Util currently" value="7943120424" />
<cycle-start id="6107" type="global" contextid="0" timestamp="2019-08-08T12:08:43.915" intervalms="2.011" />
<gc-start id="6108" type="global" contextid="6107" timestamp="2019-08-08T12:08:43.915">
  <mem-info id="6109" free="454656" total="45481984" percent="0">
    <mem type="tenure" free="454656" total="45481984" percent="0">
      <mem type="soa" free="0" total="45027328" percent="0" />
      <mem type="loa" free="454656" total="454656" percent="100" />
    </mem>
  </mem-info>
</gc-start>
<allocation-stats totalBytes="27062976" >
  <allocated-bytes non-tlh="0" tlh="27062976" />
  <largest-consumer threadName="main" threadId="0000000002369F00" bytes="27062976" />
</allocation-stats>
<gc-op id="6110" type="mark" timems="17.035" contextid="6107" timestamp="2019-08-08T12:08:43.932">
  <trace-info objectcount="598913" scancount="519930" scanbytes="13346528" />
  <finalization candidates="80" enqueued="0" />
  <ownableSynchronizers candidates="21" cleared="0" />
  <references type="soft" candidates="1855" cleared="0" enqueued="0" dynamicThreshold="19" maxThreshold="32" />
  <references type="weak" candidates="5688" cleared="0" enqueued="0" />
  <references type="phantom" candidates="97" cleared="0" enqueued="0" />
  <stringconstants candidates="13247" cleared="0"  />
</gc-op>
<gc-op id="6111" type="sweep" timems="23.703" contextid="6107" timestamp="2019-08-08T12:08:43.956" />
<mem-info id="6112" free="27523072" total="45481984" percent="60">
  <mem type="tenure" free="27523072" total="45481984" percent="60" micro-fragmented="0">
    <mem type="soa" free="27068416" total="45027328" percent="60" />
    <mem type="loa" free="454656" total="454656" percent="100" />
  </mem>
</mem-info>
<gc-op id="6113" type="compact" timems="22.555" contextid="6107" timestamp="2019-08-08T12:08:43.979">
  <compact-info movecount="3" movebytes="120" reason="compact to aid heap contraction" />
</gc-op>
<heap-resize id="6114" type="expand" space="tenure" amount="131072" count="1" timems="0.021" reason="satisfy allocation request" timestamp="2019-08-08T12:08:43.979" />
<gc-end id="6115" type="global" contextid="6107" durationms="64.058" usertimems="181.068" systemtimems="0.000" timestamp="2019-08-08T12:08:43.979" activeThreads="16">
  <mem-info id="6116" free="27588616" total="45613056" percent="60">
    <mem type="tenure" free="27588616" total="45613056" percent="60">
      <mem type="soa" free="27132936" total="45157376" percent="60" />
      <mem type="loa" free="455680" total="455680" percent="100" />
    </mem>
  </mem-info>
</gc-end>
<cycle-end id="6117" type="global" contextid="6107" timestamp="2019-08-08T12:08:43.979" />
  <attribute name="elasticGC enabled" value="1" />
  <attribute name= "numThreadsSpecified" value="16" />
  <attribute name="heapSize specified" value="45481984" />
  <attribute name="Current GC Util" value="26" />
  <attribute name= "Current Time Running" value="158469" />
  <attribute name ="GC Interval" value="0" />
  <attribute name="Target GC Util Change" value ="80.000000" />
  <attribute name="Current GC Util Change" value="26.000000"/>
  <attribute name="Current Error" value="-36.000000" />
  <attribute name="Output H" value="45557624"/>
  <attribute name="Output I" value="1944"/>
  <attribute name="Output T" value="16"/>
  <attribute name= "Current Time Running" value="158469" />
  <attribute name="GC Util currently" value="26" />
  <attribute name="CPU Util currently" value="51001176226" />
<allocation-satisfied id="6118" threadId="0000000002369F00" bytesRequested="80" />
<af-end id="6119" timestamp="2019-08-08T12:08:43.979" threadId="000000000236A888" success="true" />
<exclusive-end id="6120" timestamp="2019-08-08T12:08:43.979" durationms="64.326" />

<concurrent-kickoff id="6121" timestamp="2019-08-08T12:08:44.052">
  <kickoff reason="threshold reached" targetBytes="5118581" thresholdFreeBytes="691161" remainingFree="686088" tenureFreeBytes="686088" />
</concurrent-kickoff>
<exclusive-start id="6122" timestamp="2019-08-08T12:08:44.052" intervalms="137.154">
  <response-info timems="0.194" idlems="0.194" threads="0" lastid="0000000002369F00" lastname="main" />
</exclusive-start>
<cycle-start id="6123" type="global" contextid="0" timestamp="2019-08-08T12:08:44.052" intervalms="137.045" />
<exclusive-end id="6124" timestamp="2019-08-08T12:08:44.052" durationms="0.032" />

<exclusive-start id="6125" timestamp="2019-08-08T12:08:44.054" intervalms="1.533">
  <response-info timems="0.128" idlems="0.128" threads="0" lastid="0000000002369F00" lastname="main" />
</exclusive-start>
<af-start id="6126" threadId="000000000236A888" totalBytesRequested="16" timestamp="2019-08-08T12:08:44.054" intervalms="138.669" />
<concurrent-aborted id="6127" timestamp="2019-08-08T12:08:44.054">
  <reason value="insufficient progress made" />
</concurrent-aborted>
<cycle-end id="6128" type="global" contextid="6123" timestamp="2019-08-08T12:08:44.054" />
  <attribute name="elasticGC enabled" value="1" />
  <attribute name= "numThreadsSpecified" value="16" />
  <attribute name="heapSize specified" value="45481984" />
  <attribute name="Current GC Util" value="26" />
  <attribute name= "Current Time Running" value="158469" />
  <attribute name ="GC Interval" value="0" />
  <attribute name="Target GC Util Change" value ="80.000000" />
  <attribute name="Current GC Util Change" value="26.000000"/>
  <attribute name="Current Error" value="-36.000000" />
  <attribute name="Output H" value="45557624"/>
  <attribute name="Output I" value="1944"/>
  <attribute name="Output T" value="16"/>
  <attribute name= "Current Time Running" value="158469" />
  <attribute name="GC Util currently" value="26" />
  <attribute name="CPU Util currently" value="51001176226" />
<cycle-start id="6129" type="global" contextid="0" timestamp="2019-08-08T12:08:44.054" intervalms="1.629" />
<gc-start id="6130" type="global" contextid="6129" timestamp="2019-08-08T12:08:44.054">
  <mem-info id="6131" free="455680" total="45613056" percent="0">
    <mem type="tenure" free="455680" total="45613056" percent="0">
      <mem type="soa" free="0" total="45157376" percent="0" />
      <mem type="loa" free="455680" total="455680" percent="100" />
    </mem>
  </mem-info>
</gc-start>
<allocation-stats totalBytes="27192880" >
  <allocated-bytes non-tlh="0" tlh="27192880" />
  <largest-consumer threadName="main" threadId="0000000002369F00" bytes="27192880" />
</allocation-stats>
<gc-op id="6132" type="mark" timems="9.628" contextid="6129" timestamp="2019-08-08T12:08:44.064">
  <trace-info objectcount="598919" scancount="519935" scanbytes="13346712" />
  <finalization candidates="80" enqueued="0" />
  <ownableSynchronizers candidates="21" cleared="0" />
  <references type="soft" candidates="1855" cleared="0" enqueued="0" dynamicThreshold="19" maxThreshold="32" />
  <references type="weak" candidates="5688" cleared="0" enqueued="0" />
  <references type="phantom" candidates="97" cleared="0" enqueued="0" />
  <stringconstants candidates="13247" cleared="0"  />
</gc-op>
<gc-op id="6133" type="sweep" timems="11.637" contextid="6129" timestamp="2019-08-08T12:08:44.075" />
<mem-info id="6134" free="27653816" total="45613056" percent="60">
  <mem type="tenure" free="27653816" total="45613056" percent="60" micro-fragmented="0">
    <mem type="soa" free="27198136" total="45157376" percent="60" />
    <mem type="loa" free="455680" total="455680" percent="100" />
  </mem>
</mem-info>
<gc-op id="6135" type="compact" timems="21.182" contextid="6129" timestamp="2019-08-08T12:08:44.096">
  <compact-info movecount="9" movebytes="320" reason="compact to aid heap contraction" />
</gc-op>
<heap-resize id="6136" type="expand" space="tenure" amount="131072" count="1" timems="0.028" reason="satisfy allocation request" timestamp="2019-08-08T12:08:44.097" />
<gc-end id="6137" type="global" contextid="6129" durationms="43.823" usertimems="104.920" systemtimems="0.000" timestamp="2019-08-08T12:08:44.098" activeThreads="16">
  <mem-info id="6138" free="27719488" total="45744128" percent="60">
    <mem type="tenure" free="27719488" total="45744128" percent="60">
      <mem type="soa" free="27262784" total="45287424" percent="60" />
      <mem type="loa" free="456704" total="456704" percent="100" />
    </mem>
  </mem-info>
</gc-end>
<cycle-end id="6139" type="global" contextid="6129" timestamp="2019-08-08T12:08:44.098" />
  <attribute name="elasticGC enabled" value="1" />
  <attribute name= "numThreadsSpecified" value="16" />
  <attribute name="heapSize specified" value="45613056" />
  <attribute name="Current GC Util" value="28" />
  <attribute name= "Current Time Running" value="158587" />
  <attribute name ="GC Interval" value="0" />
  <attribute name="Target GC Util Change" value ="80.000000" />
  <attribute name="Current GC Util Change" value="28.000000"/>
  <attribute name="Current Error" value="166.000000" />
  <attribute name="Output H" value="45688928"/>
  <attribute name="Output I" value="2304"/>
  <attribute name="Output T" value="16"/>
  <attribute name= "Current Time Running" value="158587" />
  <attribute name="GC Util currently" value="28" />
  <attribute name="CPU Util currently" value="54377232924" />
<allocation-satisfied id="6140" threadId="0000000002369F00" bytesRequested="16" />
<af-end id="6141" timestamp="2019-08-08T12:08:44.098" threadId="000000000236A888" success="true" />
<exclusive-end id="6142" timestamp="2019-08-08T12:08:44.098" durationms="44.141" />

<concurrent-kickoff id="6143" timestamp="2019-08-08T12:08:44.152">
  <kickoff reason="threshold reached" targetBytes="5133289" thresholdFreeBytes="693147" remainingFree="685888" tenureFreeBytes="685888" />
</concurrent-kickoff>
<exclusive-start id="6144" timestamp="2019-08-08T12:08:44.152" intervalms="98.644">
  <response-info timems="0.075" idlems="0.075" threads="0" lastid="0000000002369F00" lastname="main" />
</exclusive-start>
<cycle-start id="6145" type="global" contextid="0" timestamp="2019-08-08T12:08:44.152" intervalms="98.538" />
<exclusive-end id="6146" timestamp="2019-08-08T12:08:44.152" durationms="0.023" />

<exclusive-start id="6147" timestamp="2019-08-08T12:08:44.154" intervalms="2.040">
  <response-info timems="0.090" idlems="0.090" threads="0" lastid="0000000002369F00" lastname="main" />
</exclusive-start>
<af-start id="6148" threadId="000000000236A888" totalBytesRequested="40" timestamp="2019-08-08T12:08:44.154" intervalms="100.693" />
<concurrent-aborted id="6149" timestamp="2019-08-08T12:08:44.154">
  <reason value="insufficient progress made" />
</concurrent-aborted>
<cycle-end id="6150" type="global" contextid="6145" timestamp="2019-08-08T12:08:44.154" />
  <attribute name="elasticGC enabled" value="1" />
  <attribute name= "numThreadsSpecified" value="16" />
  <attribute name="heapSize specified" value="45613056" />
  <attribute name="Current GC Util" value="28" />
  <attribute name= "Current Time Running" value="158587" />
  <attribute name ="GC Interval" value="0" />
  <attribute name="Target GC Util Change" value ="80.000000" />
  <attribute name="Current GC Util Change" value="28.000000"/>
  <attribute name="Current Error" value="166.000000" />
  <attribute name="Output H" value="45688928"/>
  <attribute name="Output I" value="2304"/>
  <attribute name="Output T" value="16"/>
  <attribute name= "Current Time Running" value="158587" />
  <attribute name="GC Util currently" value="28" />
  <attribute name="CPU Util currently" value="54377232924" />
<cycle-start id="6151" type="global" contextid="0" timestamp="2019-08-08T12:08:44.155" intervalms="2.130" />
<gc-start id="6152" type="global" contextid="6151" timestamp="2019-08-08T12:08:44.155">
  <mem-info id="6153" free="456704" total="45744128" percent="0">
    <mem type="tenure" free="456704" total="45744128" percent="0">
      <mem type="soa" free="0" total="45287424" percent="0" />
      <mem type="loa" free="456704" total="456704" percent="100" />
    </mem>
  </mem-info>
</gc-start>
<allocation-stats totalBytes="27323168" >
  <allocated-bytes non-tlh="0" tlh="27323168" />
  <largest-consumer threadName="main" threadId="0000000002369F00" bytes="27323168" />
</allocation-stats>
<gc-op id="6154" type="mark" timems="14.929" contextid="6151" timestamp="2019-08-08T12:08:44.170">
  <trace-info objectcount="598919" scancount="519940" scanbytes="13346708" />
  <finalization candidates="80" enqueued="0" />
  <ownableSynchronizers candidates="21" cleared="0" />
  <references type="soft" candidates="1855" cleared="0" enqueued="0" dynamicThreshold="19" maxThreshold="32" />
  <references type="weak" candidates="5688" cleared="0" enqueued="0" />
  <references type="phantom" candidates="97" cleared="0" enqueued="0" />
  <stringconstants candidates="13247" cleared="0"  />
</gc-op>
<gc-op id="6155" type="sweep" timems="10.761" contextid="6151" timestamp="2019-08-08T12:08:44.180" />
<mem-info id="6156" free="27784872" total="45744128" percent="60">
  <mem type="tenure" free="27784872" total="45744128" percent="60" micro-fragmented="0">
    <mem type="soa" free="27328168" total="45287424" percent="60" />
    <mem type="loa" free="456704" total="456704" percent="100" />
  </mem>
</mem-info>
<gc-op id="6157" type="compact" timems="35.212" contextid="6151" timestamp="2019-08-08T12:08:44.216">
  <compact-info movecount="9" movebytes="312" reason="compact to aid heap contraction" />
</gc-op>
<heap-resize id="6158" type="expand" space="tenure" amount="131072" count="1" timems="0.025" reason="satisfy allocation request" timestamp="2019-08-08T12:08:44.217" />
<gc-end id="6159" type="global" contextid="6151" durationms="61.979" usertimems="121.429" systemtimems="0.000" timestamp="2019-08-08T12:08:44.217" activeThreads="16">
  <mem-info id="6160" free="27850568" total="45875200" percent="60">
    <mem type="tenure" free="27850568" total="45875200" percent="60">
      <mem type="soa" free="27391816" total="45416448" percent="60" />
      <mem type="loa" free="458752" total="458752" percent="100" />
    </mem>
  </mem-info>
</gc-end>
<cycle-end id="6161" type="global" contextid="6151" timestamp="2019-08-08T12:08:44.217" />
  <attribute name="elasticGC enabled" value="1" />
  <attribute name= "numThreadsSpecified" value="16" />
  <attribute name="heapSize specified" value="45744128" />
  <attribute name="Current GC Util" value="29" />
  <attribute name= "Current Time Running" value="158706" />
  <attribute name ="GC Interval" value="0" />
  <attribute name="Target GC Util Change" value ="80.000000" />
  <attribute name="Current GC Util Change" value="29.000000"/>
  <attribute name="Current Error" value="124.000000" />
  <attribute name="Output H" value="45819952"/>
  <attribute name="Output I" value="2232"/>
  <attribute name="Output T" value="16"/>
  <attribute name= "Current Time Running" value="158706" />
  <attribute name="GC Util currently" value="29" />
  <attribute name="CPU Util currently" value="32647898291" />
<allocation-satisfied id="6162" threadId="0000000002369F00" bytesRequested="40" />
<af-end id="6163" timestamp="2019-08-08T12:08:44.217" threadId="000000000236A888" success="true" />
<exclusive-end id="6164" timestamp="2019-08-08T12:08:44.217" durationms="62.241" />

<concurrent-kickoff id="6165" timestamp="2019-08-08T12:08:44.322">
  <kickoff reason="threshold reached" targetBytes="5147997" thresholdFreeBytes="695134" remainingFree="685896" tenureFreeBytes="685896" />
</concurrent-kickoff>
<exclusive-start id="6166" timestamp="2019-08-08T12:08:44.322" intervalms="167.481">
  <response-info timems="0.022" idlems="0.022" threads="0" lastid="0000000002369F00" lastname="main" />
</exclusive-start>
<cycle-start id="6167" type="global" contextid="0" timestamp="2019-08-08T12:08:44.322" intervalms="167.389" />
<exclusive-end id="6168" timestamp="2019-08-08T12:08:44.322" durationms="0.019" />

<exclusive-start id="6169" timestamp="2019-08-08T12:08:44.324" intervalms="1.749">
  <response-info timems="0.036" idlems="0.036" threads="0" lastid="0000000002369F00" lastname="main" />
</exclusive-start>
<af-start id="6170" threadId="000000000236A888" totalBytesRequested="80" timestamp="2019-08-08T12:08:44.324" intervalms="169.226" />
<concurrent-aborted id="6171" timestamp="2019-08-08T12:08:44.324">
  <reason value="insufficient progress made" />
</concurrent-aborted>
<cycle-end id="6172" type="global" contextid="6167" timestamp="2019-08-08T12:08:44.324" />
  <attribute name="elasticGC enabled" value="1" />
  <attribute name= "numThreadsSpecified" value="16" />
  <attribute name="heapSize specified" value="45744128" />
  <attribute name="Current GC Util" value="29" />
  <attribute name= "Current Time Running" value="158706" />
  <attribute name ="GC Interval" value="0" />
  <attribute name="Target GC Util Change" value ="80.000000" />
  <attribute name="Current GC Util Change" value="29.000000"/>
  <attribute name="Current Error" value="124.000000" />
  <attribute name="Output H" value="45819952"/>
  <attribute name="Output I" value="2232"/>
  <attribute name="Output T" value="16"/>
  <attribute name= "Current Time Running" value="158706" />
  <attribute name="GC Util currently" value="29" />
  <attribute name="CPU Util currently" value="32647898291" />
<cycle-start id="6173" type="global" contextid="0" timestamp="2019-08-08T12:08:44.324" intervalms="1.836" />
<gc-start id="6174" type="global" contextid="6173" timestamp="2019-08-08T12:08:44.324">
  <mem-info id="6175" free="458752" total="45875200" percent="1">
    <mem type="tenure" free="458752" total="45875200" percent="1">
      <mem type="soa" free="0" total="45416448" percent="0" />
      <mem type="loa" free="458752" total="458752" percent="100" />
    </mem>
  </mem-info>
</gc-start>
<allocation-stats totalBytes="27451792" >
  <allocated-bytes non-tlh="0" tlh="27451792" />
  <largest-consumer threadName="main" threadId="0000000002369F00" bytes="27451792" />
</allocation-stats>
<gc-op id="6176" type="mark" timems="16.665" contextid="6173" timestamp="2019-08-08T12:08:44.341">
  <trace-info objectcount="598914" scancount="519930" scanbytes="13346540" />
  <finalization candidates="80" enqueued="0" />
  <ownableSynchronizers candidates="21" cleared="0" />
  <references type="soft" candidates="1855" cleared="0" enqueued="0" dynamicThreshold="19" maxThreshold="32" />
  <references type="weak" candidates="5688" cleared="0" enqueued="0" />
  <references type="phantom" candidates="97" cleared="0" enqueued="0" />
  <stringconstants candidates="13247" cleared="0"  />
</gc-op>
<gc-op id="6177" type="sweep" timems="10.431" contextid="6173" timestamp="2019-08-08T12:08:44.351" />
<mem-info id="6178" free="27916208" total="45875200" percent="60">
  <mem type="tenure" free="27916208" total="45875200" percent="60" micro-fragmented="0">
    <mem type="soa" free="27457456" total="45416448" percent="60" />
    <mem type="loa" free="458752" total="458752" percent="100" />
  </mem>
</mem-info>
<gc-op id="6179" type="compact" timems="31.006" contextid="6173" timestamp="2019-08-08T12:08:44.382">
  <compact-info movecount="4" movebytes="136" reason="compact to aid heap contraction" />
</gc-op>
<heap-resize id="6180" type="expand" space="tenure" amount="131072" count="1" timems="0.021" reason="satisfy allocation request" timestamp="2019-08-08T12:08:44.383" />
<gc-end id="6181" type="global" contextid="6173" durationms="58.812" usertimems="138.245" systemtimems="0.000" timestamp="2019-08-08T12:08:44.383" activeThreads="16">
  <mem-info id="6182" free="27981816" total="46006272" percent="60">
    <mem type="tenure" free="27981816" total="46006272" percent="60">
      <mem type="soa" free="27522040" total="45546496" percent="60" />
      <mem type="loa" free="459776" total="459776" percent="100" />
    </mem>
  </mem-info>
</gc-end>
<cycle-end id="6183" type="global" contextid="6173" timestamp="2019-08-08T12:08:44.383" />
  <attribute name="elasticGC enabled" value="1" />
  <attribute name= "numThreadsSpecified" value="16" />
  <attribute name="heapSize specified" value="45875200" />
  <attribute name="Current GC Util" value="51" />
  <attribute name= "Current Time Running" value="158872" />
  <attribute name ="GC Interval" value="0" />
  <attribute name="Target GC Util Change" value ="80.000000" />
  <attribute name="Current GC Util Change" value="51.000000"/>
  <attribute name="Current Error" value="29.000000" />
  <attribute name="Output H" value="45950920"/>
  <attribute name="Output I" value="2064"/>
  <attribute name="Output T" value="16"/>
  <attribute name= "Current Time Running" value="158872" />
  <attribute name="GC Util currently" value="51" />
  <attribute name="CPU Util currently" value="37148916912" />
<allocation-satisfied id="6184" threadId="0000000002369F00" bytesRequested="80" />
<af-end id="6185" timestamp="2019-08-08T12:08:44.383" threadId="000000000236A888" success="true" />
<exclusive-end id="6186" timestamp="2019-08-08T12:08:44.383" durationms="59.182" />

<concurrent-kickoff id="6187" timestamp="2019-08-08T12:08:44.444">
  <kickoff reason="threshold reached" targetBytes="5162707" thresholdFreeBytes="697120" remainingFree="686072" tenureFreeBytes="686072" />
</concurrent-kickoff>
<exclusive-start id="6188" timestamp="2019-08-08T12:08:44.444" intervalms="120.736">
  <response-info timems="0.017" idlems="0.017" threads="0" lastid="0000000002369F00" lastname="main" />
</exclusive-start>
<cycle-start id="6189" type="global" contextid="0" timestamp="2019-08-08T12:08:44.444" intervalms="120.673" />
<exclusive-end id="6190" timestamp="2019-08-08T12:08:44.444" durationms="0.045" />

<exclusive-start id="6191" timestamp="2019-08-08T12:08:44.445" intervalms="1.082">
  <response-info timems="0.028" idlems="0.028" threads="0" lastid="0000000002369F00" lastname="main" />
</exclusive-start>
<af-start id="6192" threadId="000000000236A888" totalBytesRequested="80" timestamp="2019-08-08T12:08:44.446" intervalms="121.858" />
<concurrent-aborted id="6193" timestamp="2019-08-08T12:08:44.446">
  <reason value="insufficient progress made" />
</concurrent-aborted>
<cycle-end id="6194" type="global" contextid="6189" timestamp="2019-08-08T12:08:44.446" />
  <attribute name="elasticGC enabled" value="1" />
  <attribute name= "numThreadsSpecified" value="16" />
  <attribute name="heapSize specified" value="45875200" />
  <attribute name="Current GC Util" value="51" />
  <attribute name= "Current Time Running" value="158872" />
  <attribute name ="GC Interval" value="0" />
  <attribute name="Target GC Util Change" value ="80.000000" />
  <attribute name="Current GC Util Change" value="51.000000"/>
  <attribute name="Current Error" value="29.000000" />
  <attribute name="Output H" value="45950920"/>
  <attribute name="Output I" value="2064"/>
  <attribute name="Output T" value="16"/>
  <attribute name= "Current Time Running" value="158872" />
  <attribute name="GC Util currently" value="51" />
  <attribute name="CPU Util currently" value="37148916912" />
<cycle-start id="6195" type="global" contextid="0" timestamp="2019-08-08T12:08:44.446" intervalms="1.201" />
<gc-start id="6196" type="global" contextid="6195" timestamp="2019-08-08T12:08:44.446">
  <mem-info id="6197" free="459776" total="46006272" percent="0">
    <mem type="tenure" free="459776" total="46006272" percent="0">
      <mem type="soa" free="0" total="45546496" percent="0" />
      <mem type="loa" free="459776" total="459776" percent="100" />
    </mem>
  </mem-info>
</gc-start>
<allocation-stats totalBytes="27582592" >
  <allocated-bytes non-tlh="0" tlh="27582592" />
  <largest-consumer threadName="main" threadId="0000000002369F00" bytes="27582592" />
</allocation-stats>
<gc-op id="6198" type="mark" timems="23.237" contextid="6195" timestamp="2019-08-08T12:08:44.469">
  <trace-info objectcount="598915" scancount="519956" scanbytes="13346640" />
  <finalization candidates="80" enqueued="0" />
  <ownableSynchronizers candidates="21" cleared="0" />
  <references type="soft" candidates="1855" cleared="0" enqueued="0" dynamicThreshold="19" maxThreshold="32" />
  <references type="weak" candidates="5688" cleared="0" enqueued="0" />
  <references type="phantom" candidates="97" cleared="0" enqueued="0" />
  <stringconstants candidates="13247" cleared="0"  />
</gc-op>
<gc-op id="6199" type="sweep" timems="9.925" contextid="6195" timestamp="2019-08-08T12:08:44.479" />
<mem-info id="6200" free="28047184" total="46006272" percent="60">
  <mem type="tenure" free="28047184" total="46006272" percent="60" micro-fragmented="0">
    <mem type="soa" free="27587408" total="45546496" percent="60" />
    <mem type="loa" free="459776" total="459776" percent="100" />
  </mem>
</mem-info>
<gc-op id="6201" type="compact" timems="26.739" contextid="6195" timestamp="2019-08-08T12:08:44.506">
  <compact-info movecount="5" movebytes="240" reason="compact to aid heap contraction" />
</gc-op>
<heap-resize id="6202" type="expand" space="tenure" amount="131072" count="1" timems="0.020" reason="satisfy allocation request" timestamp="2019-08-08T12:08:44.507" />
<gc-end id="6203" type="global" contextid="6195" durationms="61.053" usertimems="122.450" systemtimems="0.000" timestamp="2019-08-08T12:08:44.507" activeThreads="16">
  <mem-info id="6204" free="28112784" total="46137344" percent="60">
    <mem type="tenure" free="28112784" total="46137344" percent="60">
      <mem type="soa" free="27651984" total="45676544" percent="60" />
      <mem type="loa" free="460800" total="460800" percent="100" />
    </mem>
  </mem-info>
</gc-end>
<cycle-end id="6205" type="global" contextid="6195" timestamp="2019-08-08T12:08:44.507" />
  <attribute name="elasticGC enabled" value="1" />
  <attribute name= "numThreadsSpecified" value="16" />
  <attribute name="heapSize specified" value="46006272" />
  <attribute name="Current GC Util" value="49" />
  <attribute name= "Current Time Running" value="158996" />
  <attribute name ="GC Interval" value="0" />
  <attribute name="Target GC Util Change" value ="80.000000" />
  <attribute name="Current GC Util Change" value="49.000000"/>
  <attribute name="Current Error" value="-93.000000" />
  <attribute name="Output H" value="46081848"/>
  <attribute name="Output I" value="1848"/>
  <attribute name="Output T" value="16"/>
  <attribute name= "Current Time Running" value="158996" />
  <attribute name="GC Util currently" value="49" />
  <attribute name="CPU Util currently" value="42821571697" />
<allocation-satisfied id="6206" threadId="0000000002369F00" bytesRequested="80" />
<af-end id="6207" timestamp="2019-08-08T12:08:44.507" threadId="000000000236A888" success="true" />
<exclusive-end id="6208" timestamp="2019-08-08T12:08:44.507" durationms="61.355" />

<concurrent-kickoff id="6209" timestamp="2019-08-08T12:08:44.568">
  <kickoff reason="threshold reached" targetBytes="5177415" thresholdFreeBytes="699106" remainingFree="685968" tenureFreeBytes="685968" />
</concurrent-kickoff>
<exclusive-start id="6210" timestamp="2019-08-08T12:08:44.568" intervalms="122.514">
  <response-info timems="0.028" idlems="0.028" threads="0" lastid="0000000002369F00" lastname="main" />
</exclusive-start>
<cycle-start id="6211" type="global" contextid="0" timestamp="2019-08-08T12:08:44.568" intervalms="122.382" />
<exclusive-end id="6212" timestamp="2019-08-08T12:08:44.568" durationms="0.029" />

<exclusive-start id="6213" timestamp="2019-08-08T12:08:44.570" intervalms="1.884">
  <response-info timems="0.098" idlems="0.098" threads="0" lastid="0000000002369F00" lastname="main" />
</exclusive-start>
<af-start id="6214" threadId="000000000236A888" totalBytesRequested="80" timestamp="2019-08-08T12:08:44.570" intervalms="124.348" />
<concurrent-aborted id="6215" timestamp="2019-08-08T12:08:44.570">
  <reason value="insufficient progress made" />
</concurrent-aborted>
<cycle-end id="6216" type="global" contextid="6211" timestamp="2019-08-08T12:08:44.570" />
  <attribute name="elasticGC enabled" value="1" />
  <attribute name= "numThreadsSpecified" value="16" />
  <attribute name="heapSize specified" value="46006272" />
  <attribute name="Current GC Util" value="49" />
  <attribute name= "Current Time Running" value="158996" />
  <attribute name ="GC Interval" value="0" />
  <attribute name="Target GC Util Change" value ="80.000000" />
  <attribute name="Current GC Util Change" value="49.000000"/>
  <attribute name="Current Error" value="-93.000000" />
  <attribute name="Output H" value="46081848"/>
  <attribute name="Output I" value="1848"/>
  <attribute name="Output T" value="16"/>
  <attribute name= "Current Time Running" value="158996" />
  <attribute name="GC Util currently" value="49" />
  <attribute name="CPU Util currently" value="42821571697" />
<cycle-start id="6217" type="global" contextid="0" timestamp="2019-08-08T12:08:44.570" intervalms="1.946" />
<gc-start id="6218" type="global" contextid="6217" timestamp="2019-08-08T12:08:44.570">
  <mem-info id="6219" free="460800" total="46137344" percent="0">
    <mem type="tenure" free="460800" total="46137344" percent="0">
      <mem type="soa" free="0" total="45676544" percent="0" />
      <mem type="loa" free="460800" total="460800" percent="100" />
    </mem>
  </mem-info>
</gc-start>
<allocation-stats totalBytes="27712448" >
  <allocated-bytes non-tlh="0" tlh="27712448" />
  <largest-consumer threadName="main" threadId="0000000002369F00" bytes="27712448" />
</allocation-stats>
<gc-op id="6220" type="mark" timems="18.043" contextid="6217" timestamp="2019-08-08T12:08:44.588">
  <trace-info objectcount="598913" scancount="519930" scanbytes="13346524" />
  <finalization candidates="80" enqueued="0" />
  <ownableSynchronizers candidates="21" cleared="0" />
  <references type="soft" candidates="1855" cleared="0" enqueued="0" dynamicThreshold="19" maxThreshold="32" />
  <references type="weak" candidates="5688" cleared="0" enqueued="0" />
  <references type="phantom" candidates="97" cleared="0" enqueued="0" />
  <stringconstants candidates="13247" cleared="0"  />
</gc-op>
<gc-op id="6221" type="sweep" timems="12.715" contextid="6217" timestamp="2019-08-08T12:08:44.601" />
<mem-info id="6222" free="28178368" total="46137344" percent="61">
  <mem type="tenure" free="28178368" total="46137344" percent="61" micro-fragmented="0">
    <mem type="soa" free="27717568" total="45676544" percent="60" />
    <mem type="loa" free="460800" total="460800" percent="100" />
  </mem>
</mem-info>
<gc-op id="6223" type="compact" timems="24.728" contextid="6217" timestamp="2019-08-08T12:08:44.626">
  <compact-info movecount="3" movebytes="120" reason="compact to aid heap contraction" />
</gc-op>
<heap-resize id="6224" type="expand" space="tenure" amount="131072" count="1" timems="0.021" reason="satisfy allocation request" timestamp="2019-08-08T12:08:44.626" />
<gc-end id="6225" type="global" contextid="6217" durationms="56.192" usertimems="106.137" systemtimems="0.000" timestamp="2019-08-08T12:08:44.626" activeThreads="16">
  <mem-info id="6226" free="28243976" total="46268416" percent="61">
    <mem type="tenure" free="28243976" total="46268416" percent="61">
      <mem type="soa" free="27782152" total="45806592" percent="60" />
      <mem type="loa" free="461824" total="461824" percent="100" />
    </mem>
  </mem-info>
</gc-end>
<cycle-end id="6227" type="global" contextid="6217" timestamp="2019-08-08T12:08:44.626" />
  <attribute name="elasticGC enabled" value="1" />
  <attribute name= "numThreadsSpecified" value="16" />
  <attribute name="heapSize specified" value="46137344" />
  <attribute name="Current GC Util" value="36" />
  <attribute name= "Current Time Running" value="159116" />
  <attribute name ="GC Interval" value="0" />
  <attribute name="Target GC Util Change" value ="80.000000" />
  <attribute name="Current GC Util Change" value="36.000000"/>
  <attribute name="Current Error" value="-33.000000" />
  <attribute name="Output H" value="46212992"/>
  <attribute name="Output I" value="1952"/>
  <attribute name="Output T" value="16"/>
  <attribute name= "Current Time Running" value="159116" />
  <attribute name="GC Util currently" value="36" />
  <attribute name="CPU Util currently" value="46574687367" />
<allocation-satisfied id="6228" threadId="0000000002369F00" bytesRequested="80" />
<af-end id="6229" timestamp="2019-08-08T12:08:44.626" threadId="000000000236A888" success="true" />
<exclusive-end id="6230" timestamp="2019-08-08T12:08:44.626" durationms="56.399" />

<concurrent-kickoff id="6231" timestamp="2019-08-08T12:08:44.676">
  <kickoff reason="threshold reached" targetBytes="5192124" thresholdFreeBytes="701092" remainingFree="686088" tenureFreeBytes="686088" />
</concurrent-kickoff>
<exclusive-start id="6232" timestamp="2019-08-08T12:08:44.677" intervalms="106.702">
  <response-info timems="0.025" idlems="0.025" threads="0" lastid="0000000002369F00" lastname="main" />
</exclusive-start>
<cycle-start id="6233" type="global" contextid="0" timestamp="2019-08-08T12:08:44.677" intervalms="106.629" />
<exclusive-end id="6234" timestamp="2019-08-08T12:08:44.677" durationms="0.018" />

<exclusive-start id="6235" timestamp="2019-08-08T12:08:44.677" intervalms="0.617">
  <response-info timems="0.018" idlems="0.018" threads="0" lastid="0000000002369F00" lastname="main" />
</exclusive-start>
<af-start id="6236" threadId="000000000236A888" totalBytesRequested="584" timestamp="2019-08-08T12:08:44.677" intervalms="107.304" />
<concurrent-aborted id="6237" timestamp="2019-08-08T12:08:44.677">
  <reason value="insufficient progress made" />
</concurrent-aborted>
<cycle-end id="6238" type="global" contextid="6233" timestamp="2019-08-08T12:08:44.677" />
  <attribute name="elasticGC enabled" value="1" />
  <attribute name= "numThreadsSpecified" value="16" />
  <attribute name="heapSize specified" value="46137344" />
  <attribute name="Current GC Util" value="36" />
  <attribute name= "Current Time Running" value="159116" />
  <attribute name ="GC Interval" value="0" />
  <attribute name="Target GC Util Change" value ="80.000000" />
  <attribute name="Current GC Util Change" value="36.000000"/>
  <attribute name="Current Error" value="-33.000000" />
  <attribute name="Output H" value="46212992"/>
  <attribute name="Output I" value="1952"/>
  <attribute name="Output T" value="16"/>
  <attribute name= "Current Time Running" value="159116" />
  <attribute name="GC Util currently" value="36" />
  <attribute name="CPU Util currently" value="46574687367" />
<cycle-start id="6239" type="global" contextid="0" timestamp="2019-08-08T12:08:44.677" intervalms="0.660" />
<gc-start id="6240" type="global" contextid="6239" timestamp="2019-08-08T12:08:44.677">
  <mem-info id="6241" free="461824" total="46268416" percent="0">
    <mem type="tenure" free="461824" total="46268416" percent="0">
      <mem type="soa" free="0" total="45806592" percent="0" />
      <mem type="loa" free="461824" total="461824" percent="100" />
    </mem>
  </mem-info>
</gc-start>
<allocation-stats totalBytes="27829544" >
  <allocated-bytes non-tlh="0" tlh="27829544" />
  <largest-consumer threadName="main" threadId="0000000002369F00" bytes="27829544" />
</allocation-stats>
<gc-op id="6242" type="mark" timems="7.186" contextid="6239" timestamp="2019-08-08T12:08:44.684">
  <trace-info objectcount="598921" scancount="519939" scanbytes="13346604" />
  <finalization candidates="80" enqueued="0" />
  <ownableSynchronizers candidates="21" cleared="0" />
  <references type="soft" candidates="1855" cleared="0" enqueued="0" dynamicThreshold="19" maxThreshold="32" />
  <references type="weak" candidates="5688" cleared="0" enqueued="0" />
  <references type="phantom" candidates="97" cleared="0" enqueued="0" />
  <stringconstants candidates="13247" cleared="0"  />
</gc-op>
<gc-op id="6243" type="sweep" timems="6.539" contextid="6239" timestamp="2019-08-08T12:08:44.691" />
<mem-info id="6244" free="28307520" total="46268416" percent="61">
  <mem type="tenure" free="28307520" total="46268416" percent="61" micro-fragmented="0">
    <mem type="soa" free="27845696" total="45806592" percent="60" />
    <mem type="loa" free="461824" total="461824" percent="100" />
  </mem>
</mem-info>
<gc-op id="6245" type="compact" timems="22.922" contextid="6239" timestamp="2019-08-08T12:08:44.714">
  <compact-info movecount="41" movebytes="1832" reason="compact to aid heap contraction" />
</gc-op>
<heap-resize id="6246" type="expand" space="tenure" amount="131072" count="1" timems="0.020" reason="satisfy allocation request" timestamp="2019-08-08T12:08:44.715" />
<gc-end id="6247" type="global" contextid="6239" durationms="37.308" usertimems="75.730" systemtimems="0.000" timestamp="2019-08-08T12:08:44.715" activeThreads="16">
  <mem-info id="6248" free="28374376" total="46399488" percent="61">
    <mem type="tenure" free="28374376" total="46399488" percent="61">
      <mem type="soa" free="27910504" total="45935616" percent="60" />
      <mem type="loa" free="463872" total="463872" percent="100" />
    </mem>
  </mem-info>
</gc-end>
<cycle-end id="6249" type="global" contextid="6239" timestamp="2019-08-08T12:08:44.715" />
  <attribute name="elasticGC enabled" value="1" />
  <attribute name= "numThreadsSpecified" value="16" />
  <attribute name="heapSize specified" value="46268416" />
  <attribute name="Current GC Util" value="41" />
  <attribute name= "Current Time Running" value="159204" />
  <attribute name ="GC Interval" value="0" />
  <attribute name="Target GC Util Change" value ="80.000000" />
  <attribute name="Current GC Util Change" value="41.000000"/>
  <attribute name="Current Error" value="-278.000000" />
  <attribute name="Output H" value="46343776"/>
  <attribute name="Output I" value="1512"/>
  <attribute name="Output T" value="16"/>
  <attribute name= "Current Time Running" value="159204" />
  <attribute name="GC Util currently" value="41" />
  <attribute name="CPU Util currently" value="50223254531" />
<allocation-satisfied id="6250" threadId="0000000002369F00" bytesRequested="584" />
<af-end id="6251" timestamp="2019-08-08T12:08:44.715" threadId="000000000236A888" success="true" />
<exclusive-end id="6252" timestamp="2019-08-08T12:08:44.715" durationms="37.480" />

<concurrent-kickoff id="6253" timestamp="2019-08-08T12:08:44.733">
  <kickoff reason="threshold reached" targetBytes="5206831" thresholdFreeBytes="703078" remainingFree="685416" tenureFreeBytes="685416" />
</concurrent-kickoff>
<exclusive-start id="6254" timestamp="2019-08-08T12:08:44.733" intervalms="56.297">
  <response-info timems="0.027" idlems="0.027" threads="0" lastid="0000000002369F00" lastname="main" />
</exclusive-start>
<cycle-start id="6255" type="global" contextid="0" timestamp="2019-08-08T12:08:44.733" intervalms="56.255" />
<exclusive-end id="6256" timestamp="2019-08-08T12:08:44.734" durationms="0.019" />

<exclusive-start id="6257" timestamp="2019-08-08T12:08:44.734" intervalms="0.581">
  <response-info timems="0.029" idlems="0.029" threads="0" lastid="0000000002369F00" lastname="main" />
</exclusive-start>
<af-start id="6258" threadId="000000000236A888" totalBytesRequested="32" timestamp="2019-08-08T12:08:44.734" intervalms="56.900" />
<concurrent-aborted id="6259" timestamp="2019-08-08T12:08:44.734">
  <reason value="insufficient progress made" />
</concurrent-aborted>
<cycle-end id="6260" type="global" contextid="6255" timestamp="2019-08-08T12:08:44.734" />
  <attribute name="elasticGC enabled" value="1" />
  <attribute name= "numThreadsSpecified" value="16" />
  <attribute name="heapSize specified" value="46268416" />
  <attribute name="Current GC Util" value="41" />
  <attribute name= "Current Time Running" value="159204" />
  <attribute name ="GC Interval" value="0" />
  <attribute name="Target GC Util Change" value ="80.000000" />
  <attribute name="Current GC Util Change" value="41.000000"/>
  <attribute name="Current Error" value="-278.000000" />
  <attribute name="Output H" value="46343776"/>
  <attribute name="Output I" value="1512"/>
  <attribute name="Output T" value="16"/>
  <attribute name= "Current Time Running" value="159204" />
  <attribute name="GC Util currently" value="41" />
  <attribute name="CPU Util currently" value="50223254531" />
<cycle-start id="6261" type="global" contextid="0" timestamp="2019-08-08T12:08:44.734" intervalms="0.671" />
<gc-start id="6262" type="global" contextid="6261" timestamp="2019-08-08T12:08:44.734">
  <mem-info id="6263" free="463872" total="46399488" percent="0">
    <mem type="tenure" free="463872" total="46399488" percent="0">
      <mem type="soa" free="0" total="45935616" percent="0" />
      <mem type="loa" free="463872" total="463872" percent="100" />
    </mem>
  </mem-info>
</gc-start>
<allocation-stats totalBytes="27935928" >
  <allocated-bytes non-tlh="0" tlh="27935928" />
  <largest-consumer threadName="main" threadId="0000000002369F00" bytes="27935928" />
</allocation-stats>
<gc-op id="6264" type="mark" timems="11.916" contextid="6261" timestamp="2019-08-08T12:08:44.746">
  <trace-info objectcount="598919" scancount="519948" scanbytes="13346540" />
  <finalization candidates="80" enqueued="0" />
  <ownableSynchronizers candidates="21" cleared="0" />
  <references type="soft" candidates="1855" cleared="0" enqueued="0" dynamicThreshold="19" maxThreshold="32" />
  <references type="weak" candidates="5688" cleared="0" enqueued="0" />
  <references type="phantom" candidates="97" cleared="0" enqueued="0" />
  <stringconstants candidates="13247" cleared="0"  />
</gc-op>
<gc-op id="6265" type="sweep" timems="6.937" contextid="6261" timestamp="2019-08-08T12:08:44.753" />
<mem-info id="6266" free="28439976" total="46399488" percent="61">
  <mem type="tenure" free="28439976" total="46399488" percent="61" micro-fragmented="0">
    <mem type="soa" free="27976104" total="45935616" percent="60" />
    <mem type="loa" free="463872" total="463872" percent="100" />
  </mem>
</mem-info>
<gc-op id="6267" type="compact" timems="32.571" contextid="6261" timestamp="2019-08-08T12:08:44.786">
  <compact-info movecount="1" movebytes="24" reason="compact to aid heap contraction" />
</gc-op>
<heap-resize id="6268" type="expand" space="tenure" amount="131072" count="1" timems="0.022" reason="satisfy allocation request" timestamp="2019-08-08T12:08:44.786" />
<gc-end id="6269" type="global" contextid="6261" durationms="52.102" usertimems="94.732" systemtimems="0.000" timestamp="2019-08-08T12:08:44.786" activeThreads="16">
  <mem-info id="6270" free="28505512" total="46530560" percent="61">
    <mem type="tenure" free="28505512" total="46530560" percent="61">
      <mem type="soa" free="28040616" total="46065664" percent="60" />
      <mem type="loa" free="464896" total="464896" percent="100" />
    </mem>
  </mem-info>
</gc-end>
<cycle-end id="6271" type="global" contextid="6261" timestamp="2019-08-08T12:08:44.786" />
  <attribute name="elasticGC enabled" value="1" />
  <attribute name= "numThreadsSpecified" value="16" />
  <attribute name="heapSize specified" value="46399488" />
  <attribute name="Current GC Util" value="27" />
  <attribute name= "Current Time Running" value="159276" />
  <attribute name ="GC Interval" value="0" />
  <attribute name="Target GC Util Change" value ="80.000000" />
  <attribute name="Current GC Util Change" value="27.000000"/>
  <attribute name="Current Error" value="167.000000" />
  <attribute name="Output H" value="46475360"/>
  <attribute name="Output I" value="2312"/>
  <attribute name="Output T" value="16"/>
  <attribute name= "Current Time Running" value="159276" />
  <attribute name="GC Util currently" value="27" />
  <attribute name="CPU Util currently" value="35271171824" />
<allocation-satisfied id="6272" threadId="0000000002369F00" bytesRequested="32" />
<af-end id="6273" timestamp="2019-08-08T12:08:44.786" threadId="000000000236A888" success="true" />
<exclusive-end id="6274" timestamp="2019-08-08T12:08:44.786" durationms="52.339" />

<concurrent-kickoff id="6275" timestamp="2019-08-08T12:08:44.809">
  <kickoff reason="threshold reached" targetBytes="5221541" thresholdFreeBytes="705064" remainingFree="685480" tenureFreeBytes="685480" />
</concurrent-kickoff>
<exclusive-start id="6276" timestamp="2019-08-08T12:08:44.809" intervalms="75.402">
  <response-info timems="0.154" idlems="0.154" threads="0" lastid="0000000002369F00" lastname="main" />
</exclusive-start>
<cycle-start id="6277" type="global" contextid="0" timestamp="2019-08-08T12:08:44.809" intervalms="75.313" />
<exclusive-end id="6278" timestamp="2019-08-08T12:08:44.809" durationms="0.021" />

<exclusive-start id="6279" timestamp="2019-08-08T12:08:44.811" intervalms="1.259">
  <response-info timems="0.057" idlems="0.057" threads="0" lastid="0000000002369F00" lastname="main" />
</exclusive-start>
<af-start id="6280" threadId="000000000236A888" totalBytesRequested="16" timestamp="2019-08-08T12:08:44.811" intervalms="76.748" />
<concurrent-aborted id="6281" timestamp="2019-08-08T12:08:44.811">
  <reason value="insufficient progress made" />
</concurrent-aborted>
<cycle-end id="6282" type="global" contextid="6277" timestamp="2019-08-08T12:08:44.811" />
  <attribute name="elasticGC enabled" value="1" />
  <attribute name= "numThreadsSpecified" value="16" />
  <attribute name="heapSize specified" value="46399488" />
  <attribute name="Current GC Util" value="27" />
  <attribute name= "Current Time Running" value="159276" />
  <attribute name ="GC Interval" value="0" />
  <attribute name="Target GC Util Change" value ="80.000000" />
  <attribute name="Current GC Util Change" value="27.000000"/>
  <attribute name="Current Error" value="167.000000" />
  <attribute name="Output H" value="46475360"/>
  <attribute name="Output I" value="2312"/>
  <attribute name="Output T" value="16"/>
  <attribute name= "Current Time Running" value="159276" />
  <attribute name="GC Util currently" value="27" />
  <attribute name="CPU Util currently" value="35271171824" />
<cycle-start id="6283" type="global" contextid="0" timestamp="2019-08-08T12:08:44.811" intervalms="1.425" />
<gc-start id="6284" type="global" contextid="6283" timestamp="2019-08-08T12:08:44.811">
  <mem-info id="6285" free="464896" total="46530560" percent="0">
    <mem type="tenure" free="464896" total="46530560" percent="0">
      <mem type="soa" free="0" total="46065664" percent="0" />
      <mem type="loa" free="464896" total="464896" percent="100" />
    </mem>
  </mem-info>
</gc-start>
<allocation-stats totalBytes="28067160" >
  <allocated-bytes non-tlh="0" tlh="28067160" />
  <largest-consumer threadName="main" threadId="0000000002369F00" bytes="28067160" />
</allocation-stats>
<gc-op id="6286" type="mark" timems="10.228" contextid="6283" timestamp="2019-08-08T12:08:44.821">
  <trace-info objectcount="598921" scancount="519942" scanbytes="13346612" />
  <finalization candidates="80" enqueued="0" />
  <ownableSynchronizers candidates="21" cleared="0" />
  <references type="soft" candidates="1855" cleared="0" enqueued="0" dynamicThreshold="19" maxThreshold="32" />
  <references type="weak" candidates="5688" cleared="0" enqueued="0" />
  <references type="phantom" candidates="97" cleared="0" enqueued="0" />
  <stringconstants candidates="13247" cleared="0"  />
</gc-op>
<gc-op id="6287" type="sweep" timems="7.725" contextid="6283" timestamp="2019-08-08T12:08:44.829" />
<mem-info id="6288" free="28570952" total="46530560" percent="61">
  <mem type="tenure" free="28570952" total="46530560" percent="61" micro-fragmented="0">
    <mem type="soa" free="28106056" total="46065664" percent="61" />
    <mem type="loa" free="464896" total="464896" percent="100" />
  </mem>
</mem-info>
<gc-op id="6289" type="compact" timems="27.224" contextid="6283" timestamp="2019-08-08T12:08:44.856">
  <compact-info movecount="3" movebytes="96" reason="compact to aid heap contraction" />
</gc-op>
<heap-resize id="6290" type="expand" space="tenure" amount="131072" count="1" timems="0.021" reason="satisfy allocation request" timestamp="2019-08-08T12:08:44.857" />
<gc-end id="6291" type="global" contextid="6283" durationms="45.894" usertimems="93.326" systemtimems="0.000" timestamp="2019-08-08T12:08:44.857" activeThreads="16">
  <mem-info id="6292" free="28636512" total="46661632" percent="61">
    <mem type="tenure" free="28636512" total="46661632" percent="61">
      <mem type="soa" free="28170592" total="46195712" percent="60" />
      <mem type="loa" free="465920" total="465920" percent="100" />
    </mem>
  </mem-info>
</gc-end>
<cycle-end id="6293" type="global" contextid="6283" timestamp="2019-08-08T12:08:44.857" />
  <attribute name="elasticGC enabled" value="1" />
  <attribute name= "numThreadsSpecified" value="16" />
  <attribute name="heapSize specified" value="46530560" />
  <attribute name="Current GC Util" value="29" />
  <attribute name= "Current Time Running" value="159346" />
  <attribute name ="GC Interval" value="0" />
  <attribute name="Target GC Util Change" value ="80.000000" />
  <attribute name="Current GC Util Change" value="29.000000"/>
  <attribute name="Current Error" value="113.000000" />
  <attribute name="Output H" value="46606376"/>
  <attribute name="Output I" value="2216"/>
  <attribute name="Output T" value="16"/>
  <attribute name= "Current Time Running" value="159346" />
  <attribute name="GC Util currently" value="29" />
  <attribute name="CPU Util currently" value="42287873381" />
<allocation-satisfied id="6294" threadId="0000000002369F00" bytesRequested="16" />
<af-end id="6295" timestamp="2019-08-08T12:08:44.857" threadId="000000000236A888" success="true" />
<exclusive-end id="6296" timestamp="2019-08-08T12:08:44.857" durationms="46.202" />

<concurrent-kickoff id="6297" timestamp="2019-08-08T12:08:44.871">
  <kickoff reason="threshold reached" targetBytes="5236249" thresholdFreeBytes="707050" remainingFree="685408" tenureFreeBytes="685408" />
</concurrent-kickoff>
<exclusive-start id="6298" timestamp="2019-08-08T12:08:44.871" intervalms="60.506">
  <response-info timems="0.067" idlems="0.067" threads="0" lastid="0000000002369F00" lastname="main" />
</exclusive-start>
<cycle-start id="6299" type="global" contextid="0" timestamp="2019-08-08T12:08:44.871" intervalms="60.346" />
<exclusive-end id="6300" timestamp="2019-08-08T12:08:44.871" durationms="0.028" />

<exclusive-start id="6301" timestamp="2019-08-08T12:08:44.872" intervalms="0.649">
  <response-info timems="0.138" idlems="0.138" threads="0" lastid="0000000002369F00" lastname="main" />
</exclusive-start>
<af-start id="6302" threadId="000000000236A888" totalBytesRequested="544" timestamp="2019-08-08T12:08:44.872" intervalms="61.073" />
<concurrent-aborted id="6303" timestamp="2019-08-08T12:08:44.872">
  <reason value="insufficient progress made" />
</concurrent-aborted>
<cycle-end id="6304" type="global" contextid="6299" timestamp="2019-08-08T12:08:44.872" />
  <attribute name="elasticGC enabled" value="1" />
  <attribute name= "numThreadsSpecified" value="16" />
  <attribute name="heapSize specified" value="46530560" />
  <attribute name="Current GC Util" value="29" />
  <attribute name= "Current Time Running" value="159346" />
  <attribute name ="GC Interval" value="0" />
  <attribute name="Target GC Util Change" value ="80.000000" />
  <attribute name="Current GC Util Change" value="29.000000"/>
  <attribute name="Current Error" value="113.000000" />
  <attribute name="Output H" value="46606376"/>
  <attribute name="Output I" value="2216"/>
  <attribute name="Output T" value="16"/>
  <attribute name= "Current Time Running" value="159346" />
  <attribute name="GC Util currently" value="29" />
  <attribute name="CPU Util currently" value="42287873381" />
<cycle-start id="6305" type="global" contextid="0" timestamp="2019-08-08T12:08:44.872" intervalms="0.732" />
<gc-start id="6306" type="global" contextid="6305" timestamp="2019-08-08T12:08:44.872">
  <mem-info id="6307" free="465920" total="46661632" percent="0">
    <mem type="tenure" free="465920" total="46661632" percent="0">
      <mem type="soa" free="0" total="46195712" percent="0" />
      <mem type="loa" free="465920" total="465920" percent="100" />
    </mem>
  </mem-info>
</gc-start>
<allocation-stats totalBytes="28197944" >
  <allocated-bytes non-tlh="0" tlh="28197944" />
  <largest-consumer threadName="main" threadId="0000000002369F00" bytes="28197944" />
</allocation-stats>
<gc-op id="6308" type="mark" timems="10.949" contextid="6305" timestamp="2019-08-08T12:08:44.883">
  <trace-info objectcount="598922" scancount="519937" scanbytes="13346628" />
  <finalization candidates="80" enqueued="0" />
  <ownableSynchronizers candidates="21" cleared="0" />
  <references type="soft" candidates="1855" cleared="0" enqueued="0" dynamicThreshold="19" maxThreshold="32" />
  <references type="weak" candidates="5688" cleared="0" enqueued="0" />
  <references type="phantom" candidates="97" cleared="0" enqueued="0" />
  <stringconstants candidates="13247" cleared="0"  />
</gc-op>
<gc-op id="6309" type="sweep" timems="11.417" contextid="6305" timestamp="2019-08-08T12:08:44.894" />
<mem-info id="6310" free="28701488" total="46661632" percent="61">
  <mem type="tenure" free="28701488" total="46661632" percent="61" micro-fragmented="0">
    <mem type="soa" free="28235568" total="46195712" percent="61" />
    <mem type="loa" free="465920" total="465920" percent="100" />
  </mem>
</mem-info>
<gc-op id="6311" type="compact" timems="26.851" contextid="6305" timestamp="2019-08-08T12:08:44.921">
  <compact-info movecount="4" movebytes="112" reason="compact to aid heap contraction" />
</gc-op>
<heap-resize id="6312" type="expand" space="tenure" amount="131072" count="1" timems="0.098" reason="satisfy allocation request" timestamp="2019-08-08T12:08:44.922" />
<gc-end id="6313" type="global" contextid="6305" durationms="50.002" usertimems="130.298" systemtimems="0.000" timestamp="2019-08-08T12:08:44.922" activeThreads="16">
  <mem-info id="6314" free="28767568" total="46792704" percent="61">
    <mem type="tenure" free="28767568" total="46792704" percent="61">
      <mem type="soa" free="28300624" total="46325760" percent="61" />
      <mem type="loa" free="466944" total="466944" percent="100" />
    </mem>
  </mem-info>
</gc-end>
<cycle-end id="6315" type="global" contextid="6305" timestamp="2019-08-08T12:08:44.922" />
  <attribute name="elasticGC enabled" value="1" />
  <attribute name= "numThreadsSpecified" value="16" />
  <attribute name="heapSize specified" value="46661632" />
  <attribute name="Current GC Util" value="36" />
  <attribute name= "Current Time Running" value="159412" />
  <attribute name ="GC Interval" value="0" />
  <attribute name="Target GC Util Change" value ="80.000000" />
  <attribute name="Current GC Util Change" value="36.000000"/>
  <attribute name="Current Error" value="44.000000" />
  <attribute name="Output H" value="46737368"/>
  <attribute name="Output I" value="2088"/>
  <attribute name="Output T" value="16"/>
  <attribute name= "Current Time Running" value="159412" />
  <attribute name="GC Util currently" value="36" />
  <attribute name="CPU Util currently" value="42899926066" />
<allocation-satisfied id="6316" threadId="0000000002369F00" bytesRequested="544" />
<af-end id="6317" timestamp="2019-08-08T12:08:44.922" threadId="000000000236A888" success="true" />
<exclusive-end id="6318" timestamp="2019-08-08T12:08:44.922" durationms="50.239" />

<concurrent-kickoff id="6319" timestamp="2019-08-08T12:08:44.935">
  <kickoff reason="threshold reached" targetBytes="5250957" thresholdFreeBytes="709036" remainingFree="685392" tenureFreeBytes="685392" />
</concurrent-kickoff>
<exclusive-start id="6320" timestamp="2019-08-08T12:08:44.935" intervalms="63.452">
  <response-info timems="0.065" idlems="0.065" threads="0" lastid="0000000002369F00" lastname="main" />
</exclusive-start>
<cycle-start id="6321" type="global" contextid="0" timestamp="2019-08-08T12:08:44.935" intervalms="63.358" />
<exclusive-end id="6322" timestamp="2019-08-08T12:08:44.935" durationms="0.014" />

<exclusive-start id="6323" timestamp="2019-08-08T12:08:44.936" intervalms="0.391">
  <response-info timems="0.041" idlems="0.041" threads="0" lastid="0000000002369F00" lastname="main" />
</exclusive-start>
<af-start id="6324" threadId="000000000236A888" totalBytesRequested="544" timestamp="2019-08-08T12:08:44.936" intervalms="63.872" />
<concurrent-aborted id="6325" timestamp="2019-08-08T12:08:44.936">
  <reason value="insufficient progress made" />
</concurrent-aborted>
<cycle-end id="6326" type="global" contextid="6321" timestamp="2019-08-08T12:08:44.936" />
  <attribute name="elasticGC enabled" value="1" />
  <attribute name= "numThreadsSpecified" value="16" />
  <attribute name="heapSize specified" value="46661632" />
  <attribute name="Current GC Util" value="36" />
  <attribute name= "Current Time Running" value="159412" />
  <attribute name ="GC Interval" value="0" />
  <attribute name="Target GC Util Change" value ="80.000000" />
  <attribute name="Current GC Util Change" value="36.000000"/>
  <attribute name="Current Error" value="44.000000" />
  <attribute name="Output H" value="46737368"/>
  <attribute name="Output I" value="2088"/>
  <attribute name="Output T" value="16"/>
  <attribute name= "Current Time Running" value="159412" />
  <attribute name="GC Util currently" value="36" />
  <attribute name="CPU Util currently" value="42899926066" />
<cycle-start id="6327" type="global" contextid="0" timestamp="2019-08-08T12:08:44.936" intervalms="0.495" />
<gc-start id="6328" type="global" contextid="6327" timestamp="2019-08-08T12:08:44.936">
  <mem-info id="6329" free="466944" total="46792704" percent="0">
    <mem type="tenure" free="466944" total="46792704" percent="0">
      <mem type="soa" free="0" total="46325760" percent="0" />
      <mem type="loa" free="466944" total="466944" percent="100" />
    </mem>
  </mem-info>
</gc-start>
<allocation-stats totalBytes="28327200" >
  <allocated-bytes non-tlh="0" tlh="28327200" />
  <largest-consumer threadName="main" threadId="0000000002369F00" bytes="28327200" />
</allocation-stats>
<gc-op id="6330" type="mark" timems="9.512" contextid="6327" timestamp="2019-08-08T12:08:44.945">
  <trace-info objectcount="598922" scancount="519939" scanbytes="13346628" />
  <finalization candidates="80" enqueued="0" />
  <ownableSynchronizers candidates="21" cleared="0" />
  <references type="soft" candidates="1855" cleared="0" enqueued="0" dynamicThreshold="19" maxThreshold="32" />
  <references type="weak" candidates="5688" cleared="0" enqueued="0" />
  <references type="phantom" candidates="97" cleared="0" enqueued="0" />
  <stringconstants candidates="13247" cleared="0"  />
</gc-op>
<gc-op id="6331" type="sweep" timems="6.627" contextid="6327" timestamp="2019-08-08T12:08:44.952" />
<mem-info id="6332" free="28832768" total="46792704" percent="61">
  <mem type="tenure" free="28832768" total="46792704" percent="61" micro-fragmented="0">
    <mem type="soa" free="28365824" total="46325760" percent="61" />
    <mem type="loa" free="466944" total="466944" percent="100" />
  </mem>
</mem-info>
<gc-op id="6333" type="compact" timems="28.908" contextid="6327" timestamp="2019-08-08T12:08:44.981">
  <compact-info movecount="4" movebytes="112" reason="compact to aid heap contraction" />
</gc-op>
<heap-resize id="6334" type="expand" space="tenure" amount="131072" count="1" timems="0.023" reason="satisfy allocation request" timestamp="2019-08-08T12:08:44.982" />
<gc-end id="6335" type="global" contextid="6327" durationms="45.792" usertimems="133.592" systemtimems="0.000" timestamp="2019-08-08T12:08:44.982" activeThreads="16">
  <mem-info id="6336" free="28898640" total="46923776" percent="61">
    <mem type="tenure" free="28898640" total="46923776" percent="61">
      <mem type="soa" free="28429648" total="46454784" percent="61" />
      <mem type="loa" free="468992" total="468992" percent="100" />
    </mem>
  </mem-info>
</gc-end>
<cycle-end id="6337" type="global" contextid="6327" timestamp="2019-08-08T12:08:44.982" />
  <attribute name="elasticGC enabled" value="1" />
  <attribute name= "numThreadsSpecified" value="16" />
  <attribute name="heapSize specified" value="46792704" />
  <attribute name="Current GC Util" value="54" />
  <attribute name= "Current Time Running" value="159471" />
  <attribute name ="GC Interval" value="0" />
  <attribute name="Target GC Util Change" value ="80.000000" />
  <attribute name="Current GC Util Change" value="54.000000"/>
  <attribute name="Current Error" value="-506.000000" />
  <attribute name="Output H" value="46867800"/>
  <attribute name="Output I" value="1112"/>
  <attribute name="Output T" value="16"/>
  <attribute name= "Current Time Running" value="159471" />
  <attribute name="GC Util currently" value="54" />
  <attribute name="CPU Util currently" value="39816486053" />
<allocation-satisfied id="6338" threadId="0000000002369F00" bytesRequested="544" />
<af-end id="6339" timestamp="2019-08-08T12:08:44.982" threadId="000000000236A888" success="true" />
<exclusive-end id="6340" timestamp="2019-08-08T12:08:44.982" durationms="46.124" />

<concurrent-kickoff id="6341" timestamp="2019-08-08T12:08:45.003">
  <kickoff reason="threshold reached" targetBytes="5265667" thresholdFreeBytes="711022" remainingFree="685392" tenureFreeBytes="685392" />
</concurrent-kickoff>
<exclusive-start id="6342" timestamp="2019-08-08T12:08:45.003" intervalms="67.589">
  <response-info timems="0.148" idlems="0.148" threads="0" lastid="0000000002369F00" lastname="main" />
</exclusive-start>
<cycle-start id="6343" type="global" contextid="0" timestamp="2019-08-08T12:08:45.003" intervalms="67.522" />
<exclusive-end id="6344" timestamp="2019-08-08T12:08:45.003" durationms="0.054" />

<exclusive-start id="6345" timestamp="2019-08-08T12:08:45.004" intervalms="0.703">
  <response-info timems="0.065" idlems="0.065" threads="0" lastid="0000000002369F00" lastname="main" />
</exclusive-start>
<af-start id="6346" threadId="000000000236A888" totalBytesRequested="40" timestamp="2019-08-08T12:08:45.004" intervalms="68.250" />
<concurrent-aborted id="6347" timestamp="2019-08-08T12:08:45.004">
  <reason value="insufficient progress made" />
</concurrent-aborted>
<cycle-end id="6348" type="global" contextid="6343" timestamp="2019-08-08T12:08:45.004" />
  <attribute name="elasticGC enabled" value="1" />
  <attribute name= "numThreadsSpecified" value="16" />
  <attribute name="heapSize specified" value="46792704" />
  <attribute name="Current GC Util" value="54" />
  <attribute name= "Current Time Running" value="159471" />
  <attribute name ="GC Interval" value="0" />
  <attribute name="Target GC Util Change" value ="80.000000" />
  <attribute name="Current GC Util Change" value="54.000000"/>
  <attribute name="Current Error" value="-506.000000" />
  <attribute name="Output H" value="46867800"/>
  <attribute name="Output I" value="1112"/>
  <attribute name="Output T" value="16"/>
  <attribute name= "Current Time Running" value="159471" />
  <attribute name="GC Util currently" value="54" />
  <attribute name="CPU Util currently" value="39816486053" />
<cycle-start id="6349" type="global" contextid="0" timestamp="2019-08-08T12:08:45.004" intervalms="0.798" />
<gc-start id="6350" type="global" contextid="6349" timestamp="2019-08-08T12:08:45.004">
  <mem-info id="6351" free="468992" total="46923776" percent="0">
    <mem type="tenure" free="468992" total="46923776" percent="0">
      <mem type="soa" free="0" total="46454784" percent="0" />
      <mem type="loa" free="468992" total="468992" percent="100" />
    </mem>
  </mem-info>
</gc-start>
<allocation-stats totalBytes="28456072" >
  <allocated-bytes non-tlh="0" tlh="28456072" />
  <largest-consumer threadName="main" threadId="0000000002369F00" bytes="28456072" />
</allocation-stats>
<gc-op id="6352" type="mark" timems="21.744" contextid="6349" timestamp="2019-08-08T12:08:45.026">
  <trace-info objectcount="598920" scancount="519939" scanbytes="13346572" />
  <finalization candidates="80" enqueued="0" />
  <ownableSynchronizers candidates="21" cleared="0" />
  <references type="soft" candidates="1855" cleared="0" enqueued="0" dynamicThreshold="19" maxThreshold="32" />
  <references type="weak" candidates="5688" cleared="0" enqueued="0" />
  <references type="phantom" candidates="97" cleared="0" enqueued="0" />
  <stringconstants candidates="13247" cleared="0"  />
</gc-op>
<gc-op id="6353" type="sweep" timems="7.078" contextid="6349" timestamp="2019-08-08T12:08:45.033" />
<mem-info id="6354" free="28964192" total="46923776" percent="61">
  <mem type="tenure" free="28964192" total="46923776" percent="61" micro-fragmented="0">
    <mem type="soa" free="28495200" total="46454784" percent="61" />
    <mem type="loa" free="468992" total="468992" percent="100" />
  </mem>
</mem-info>
<gc-op id="6355" type="compact" timems="24.662" contextid="6349" timestamp="2019-08-08T12:08:45.058">
  <compact-info movecount="2" movebytes="56" reason="compact to aid heap contraction" />
</gc-op>
<heap-resize id="6356" type="expand" space="tenure" amount="131072" count="1" timems="0.018" reason="satisfy allocation request" timestamp="2019-08-08T12:08:45.059" />
<gc-end id="6357" type="global" contextid="6349" durationms="54.656" usertimems="156.553" systemtimems="0.000" timestamp="2019-08-08T12:08:45.059" activeThreads="16">
  <mem-info id="6358" free="29029768" total="47054848" percent="61">
    <mem type="tenure" free="29029768" total="47054848" percent="61">
      <mem type="soa" free="28559752" total="46584832" percent="61" />
      <mem type="loa" free="470016" total="470016" percent="100" />
    </mem>
  </mem-info>
</gc-end>
<cycle-end id="6359" type="global" contextid="6349" timestamp="2019-08-08T12:08:45.059" />
  <attribute name="elasticGC enabled" value="1" />
  <attribute name= "numThreadsSpecified" value="16" />
  <attribute name="heapSize specified" value="46923776" />
  <attribute name="Current GC Util" value="57" />
  <attribute name= "Current Time Running" value="159548" />
  <attribute name ="GC Interval" value="0" />
  <attribute name="Target GC Util Change" value ="80.000000" />
  <attribute name="Current GC Util Change" value="57.000000"/>
  <attribute name="Current Error" value="-364.000000" />
  <attribute name="Output H" value="46999040"/>
  <attribute name="Output I" value="1360"/>
  <attribute name="Output T" value="16"/>
  <attribute name= "Current Time Running" value="159548" />
  <attribute name="GC Util currently" value="57" />
  <attribute name="CPU Util currently" value="46726729720" />
<allocation-satisfied id="6360" threadId="0000000002369F00" bytesRequested="40" />
<af-end id="6361" timestamp="2019-08-08T12:08:45.059" threadId="000000000236A888" success="true" />
<exclusive-end id="6362" timestamp="2019-08-08T12:08:45.059" durationms="54.945" />

<concurrent-kickoff id="6363" timestamp="2019-08-08T12:08:45.079">
  <kickoff reason="threshold reached" targetBytes="5280375" thresholdFreeBytes="713009" remainingFree="685448" tenureFreeBytes="685448" />
</concurrent-kickoff>
<exclusive-start id="6364" timestamp="2019-08-08T12:08:45.080" intervalms="75.502">
  <response-info timems="0.017" idlems="0.017" threads="0" lastid="0000000002369F00" lastname="main" />
</exclusive-start>
<cycle-start id="6365" type="global" contextid="0" timestamp="2019-08-08T12:08:45.080" intervalms="75.381" />
<exclusive-end id="6366" timestamp="2019-08-08T12:08:45.080" durationms="0.051" />

<exclusive-start id="6367" timestamp="2019-08-08T12:08:45.080" intervalms="0.603">
  <response-info timems="0.011" idlems="0.011" threads="0" lastid="0000000002369F00" lastname="main" />
</exclusive-start>
<af-start id="6368" threadId="000000000236A888" totalBytesRequested="32" timestamp="2019-08-08T12:08:45.080" intervalms="76.107" />
<concurrent-aborted id="6369" timestamp="2019-08-08T12:08:45.080">
  <reason value="insufficient progress made" />
</concurrent-aborted>
<cycle-end id="6370" type="global" contextid="6365" timestamp="2019-08-08T12:08:45.080" />
  <attribute name="elasticGC enabled" value="1" />
  <attribute name= "numThreadsSpecified" value="16" />
  <attribute name="heapSize specified" value="46923776" />
  <attribute name="Current GC Util" value="57" />
  <attribute name= "Current Time Running" value="159548" />
  <attribute name ="GC Interval" value="0" />
  <attribute name="Target GC Util Change" value ="80.000000" />
  <attribute name="Current GC Util Change" value="57.000000"/>
  <attribute name="Current Error" value="-364.000000" />
  <attribute name="Output H" value="46999040"/>
  <attribute name="Output I" value="1360"/>
  <attribute name="Output T" value="16"/>
  <attribute name= "Current Time Running" value="159548" />
  <attribute name="GC Util currently" value="57" />
  <attribute name="CPU Util currently" value="46726729720" />
<cycle-start id="6371" type="global" contextid="0" timestamp="2019-08-08T12:08:45.080" intervalms="0.677" />
<gc-start id="6372" type="global" contextid="6371" timestamp="2019-08-08T12:08:45.080">
  <mem-info id="6373" free="470016" total="47054848" percent="0">
    <mem type="tenure" free="470016" total="47054848" percent="0">
      <mem type="soa" free="0" total="46584832" percent="0" />
      <mem type="loa" free="470016" total="470016" percent="100" />
    </mem>
  </mem-info>
</gc-start>
<allocation-stats totalBytes="28585496" >
  <allocated-bytes non-tlh="0" tlh="28585496" />
  <largest-consumer threadName="main" threadId="0000000002369F00" bytes="28585496" />
</allocation-stats>
<gc-op id="6374" type="mark" timems="9.226" contextid="6371" timestamp="2019-08-08T12:08:45.090">
  <trace-info objectcount="598919" scancount="519933" scanbytes="13346540" />
  <finalization candidates="80" enqueued="0" />
  <ownableSynchronizers candidates="21" cleared="0" />
  <references type="soft" candidates="1855" cleared="0" enqueued="0" dynamicThreshold="19" maxThreshold="32" />
  <references type="weak" candidates="5688" cleared="0" enqueued="0" />
  <references type="phantom" candidates="97" cleared="0" enqueued="0" />
  <stringconstants candidates="13247" cleared="0"  />
</gc-op>
<gc-op id="6375" type="sweep" timems="6.640" contextid="6371" timestamp="2019-08-08T12:08:45.096" />
<mem-info id="6376" free="29095336" total="47054848" percent="61">
  <mem type="tenure" free="29095336" total="47054848" percent="61" micro-fragmented="0">
    <mem type="soa" free="28625320" total="46584832" percent="61" />
    <mem type="loa" free="470016" total="470016" percent="100" />
  </mem>
</mem-info>
<gc-op id="6377" type="compact" timems="22.116" contextid="6371" timestamp="2019-08-08T12:08:45.118">
  <compact-info movecount="1" movebytes="24" reason="compact to aid heap contraction" />
</gc-op>
<heap-resize id="6378" type="expand" space="tenure" amount="131072" count="1" timems="0.022" reason="satisfy allocation request" timestamp="2019-08-08T12:08:45.119" />
<gc-end id="6379" type="global" contextid="6371" durationms="38.946" usertimems="84.340" systemtimems="0.000" timestamp="2019-08-08T12:08:45.119" activeThreads="16">
  <mem-info id="6380" free="29160872" total="47185920" percent="61">
    <mem type="tenure" free="29160872" total="47185920" percent="61">
      <mem type="soa" free="28689832" total="46714880" percent="61" />
      <mem type="loa" free="471040" total="471040" percent="100" />
    </mem>
  </mem-info>
</gc-end>
<cycle-end id="6381" type="global" contextid="6371" timestamp="2019-08-08T12:08:45.119" />
  <attribute name="elasticGC enabled" value="1" />
  <attribute name= "numThreadsSpecified" value="16" />
  <attribute name="heapSize specified" value="47054848" />
  <attribute name="Current GC Util" value="43" />
  <attribute name= "Current Time Running" value="159608" />
  <attribute name ="GC Interval" value="0" />
  <attribute name="Target GC Util Change" value ="80.000000" />
  <attribute name="Current GC Util Change" value="43.000000"/>
  <attribute name="Current Error" value="-328.000000" />
  <attribute name="Output H" value="47130152"/>
  <attribute name="Output I" value="1424"/>
  <attribute name="Output T" value="16"/>
  <attribute name= "Current Time Running" value="159608" />
  <attribute name="GC Util currently" value="43" />
  <attribute name="CPU Util currently" value="52054790233" />
<allocation-satisfied id="6382" threadId="0000000002369F00" bytesRequested="32" />
<af-end id="6383" timestamp="2019-08-08T12:08:45.119" threadId="000000000236A888" success="true" />
<exclusive-end id="6384" timestamp="2019-08-08T12:08:45.119" durationms="39.166" />

* Round 1 done in 26.233 seconds.
<concurrent-kickoff id="6385" timestamp="2019-08-08T12:08:45.148">
  <kickoff reason="threshold reached" targetBytes="5295083" thresholdFreeBytes="714994" remainingFree="682680" tenureFreeBytes="682680" />
</concurrent-kickoff>
<exclusive-start id="6386" timestamp="2019-08-08T12:08:45.149" intervalms="68.452">
  <response-info timems="0.182" idlems="0.182" threads="0" lastid="0000000002369F00" lastname="main" />
</exclusive-start>
<cycle-start id="6387" type="global" contextid="0" timestamp="2019-08-08T12:08:45.149" intervalms="68.394" />
<exclusive-end id="6388" timestamp="2019-08-08T12:08:45.149" durationms="0.040" />

<exclusive-start id="6389" timestamp="2019-08-08T12:08:45.150" intervalms="1.341">
  <response-info timems="0.090" idlems="0.090" threads="0" lastid="0000000002369F00" lastname="main" />
</exclusive-start>
<af-start id="6390" threadId="000000000236A888" totalBytesRequested="32" timestamp="2019-08-08T12:08:45.150" intervalms="69.791" />
<concurrent-aborted id="6391" timestamp="2019-08-08T12:08:45.150">
  <reason value="insufficient progress made" />
</concurrent-aborted>
<cycle-end id="6392" type="global" contextid="6387" timestamp="2019-08-08T12:08:45.150" />
  <attribute name="elasticGC enabled" value="1" />
  <attribute name= "numThreadsSpecified" value="16" />
  <attribute name="heapSize specified" value="47054848" />
  <attribute name="Current GC Util" value="43" />
  <attribute name= "Current Time Running" value="159608" />
  <attribute name ="GC Interval" value="0" />
  <attribute name="Target GC Util Change" value ="80.000000" />
  <attribute name="Current GC Util Change" value="43.000000"/>
  <attribute name="Current Error" value="-328.000000" />
  <attribute name="Output H" value="47130152"/>
  <attribute name="Output I" value="1424"/>
  <attribute name="Output T" value="16"/>
  <attribute name= "Current Time Running" value="159608" />
  <attribute name="GC Util currently" value="43" />
  <attribute name="CPU Util currently" value="52054790233" />
<cycle-start id="6393" type="global" contextid="0" timestamp="2019-08-08T12:08:45.150" intervalms="1.394" />
<gc-start id="6394" type="global" contextid="6393" timestamp="2019-08-08T12:08:45.150">
  <mem-info id="6395" free="471040" total="47185920" percent="0">
    <mem type="tenure" free="471040" total="47185920" percent="0">
      <mem type="soa" free="0" total="46714880" percent="0" />
      <mem type="loa" free="471040" total="471040" percent="100" />
    </mem>
  </mem-info>
</gc-start>
<allocation-stats totalBytes="28750368" >
  <allocated-bytes non-tlh="2800" tlh="28747568" />
  <largest-consumer threadName="main" threadId="0000000002369F00" bytes="28750368" />
</allocation-stats>
<gc-op id="6396" type="mark" timems="10.080" contextid="6393" timestamp="2019-08-08T12:08:45.160">
  <trace-info objectcount="596650" scancount="517634" scanbytes="13284508" />
  <finalization candidates="80" enqueued="0" />
  <ownableSynchronizers candidates="21" cleared="0" />
  <references type="soft" candidates="1863" cleared="0" enqueued="0" dynamicThreshold="19" maxThreshold="32" />
  <references type="weak" candidates="5704" cleared="4" enqueued="3" />
  <references type="phantom" candidates="97" cleared="0" enqueued="0" />
  <stringconstants candidates="13272" cleared="0"  />
</gc-op>
<gc-op id="6397" type="sweep" timems="11.648" contextid="6393" timestamp="2019-08-08T12:08:45.172" />
<mem-info id="6398" free="29271432" total="47185920" percent="62">
  <mem type="tenure" free="29271432" total="47185920" percent="62" micro-fragmented="5194">
    <mem type="soa" free="28800392" total="46714880" percent="61" />
    <mem type="loa" free="471040" total="471040" percent="100" />
  </mem>
  <pending-finalizers system="0" default="0" reference="3" classloader="0" />
</mem-info>
<gc-op id="6399" type="compact" timems="118.885" contextid="6393" timestamp="2019-08-08T12:08:45.291">
  <compact-info movecount="523283" movebytes="13566096" reason="compact to aid heap contraction" />
</gc-op>
<heap-resize id="6400" type="expand" space="tenure" amount="131072" count="1" timems="0.021" reason="satisfy allocation request" timestamp="2019-08-08T12:08:45.292" />
<gc-end id="6401" type="global" contextid="6393" durationms="142.445" usertimems="196.110" systemtimems="0.000" timestamp="2019-08-08T12:08:45.293" activeThreads="16">
  <mem-info id="6402" free="29352400" total="47316992" percent="62">
    <mem type="tenure" free="29352400" total="47316992" percent="62">
      <mem type="soa" free="28879312" total="46843904" percent="61" />
      <mem type="loa" free="473088" total="473088" percent="100" />
    </mem>
    <pending-finalizers system="0" default="0" reference="3" classloader="0" />
  </mem-info>
</gc-end>
<cycle-end id="6403" type="global" contextid="6393" timestamp="2019-08-08T12:08:45.293" />
  <attribute name="elasticGC enabled" value="1" />
  <attribute name= "numThreadsSpecified" value="16" />
  <attribute name="heapSize specified" value="47185920" />
  <attribute name="Current GC Util" value="9" />
  <attribute name= "Current Time Running" value="159781" />
  <attribute name ="GC Interval" value="0" />
  <attribute name="Target GC Util Change" value ="80.000000" />
  <attribute name="Current GC Util Change" value="9.000000"/>
  <attribute name="Current Error" value="104.000000" />
  <attribute name="Output H" value="47261720"/>
  <attribute name="Output I" value="2200"/>
  <attribute name="Output T" value="16"/>
  <attribute name= "Current Time Running" value="159781" />
  <attribute name="GC Util currently" value="9" />
  <attribute name="CPU Util currently" value="9694975111" />
<allocation-satisfied id="6404" threadId="0000000002369F00" bytesRequested="32" />
<af-end id="6405" timestamp="2019-08-08T12:08:45.293" threadId="000000000236A888" success="true" />
<exclusive-end id="6406" timestamp="2019-08-08T12:08:45.293" durationms="142.671" />

<concurrent-kickoff id="6407" timestamp="2019-08-08T12:08:45.330">
  <kickoff reason="threshold reached" targetBytes="5309792" thresholdFreeBytes="716981" remainingFree="614864" tenureFreeBytes="614864" />
</concurrent-kickoff>
<exclusive-start id="6408" timestamp="2019-08-08T12:08:45.330" intervalms="180.316">
  <response-info timems="0.047" idlems="0.047" threads="0" lastid="0000000002369F00" lastname="main" />
</exclusive-start>
<cycle-start id="6409" type="global" contextid="0" timestamp="2019-08-08T12:08:45.330" intervalms="180.236" />
<exclusive-end id="6410" timestamp="2019-08-08T12:08:45.330" durationms="0.013" />

<exclusive-start id="6411" timestamp="2019-08-08T12:08:45.331" intervalms="0.558">
  <response-info timems="0.031" idlems="0.031" threads="0" lastid="0000000002369F00" lastname="main" />
</exclusive-start>
<af-start id="6412" threadId="000000000236A888" totalBytesRequested="32" timestamp="2019-08-08T12:08:45.331" intervalms="180.881" />
<concurrent-aborted id="6413" timestamp="2019-08-08T12:08:45.331">
  <reason value="insufficient progress made" />
</concurrent-aborted>
<cycle-end id="6414" type="global" contextid="6409" timestamp="2019-08-08T12:08:45.331" />
  <attribute name="elasticGC enabled" value="1" />
  <attribute name= "numThreadsSpecified" value="16" />
  <attribute name="heapSize specified" value="47185920" />
  <attribute name="Current GC Util" value="9" />
  <attribute name= "Current Time Running" value="159781" />
  <attribute name ="GC Interval" value="0" />
  <attribute name="Target GC Util Change" value ="80.000000" />
  <attribute name="Current GC Util Change" value="9.000000"/>
  <attribute name="Current Error" value="104.000000" />
  <attribute name="Output H" value="47261720"/>
  <attribute name="Output I" value="2200"/>
  <attribute name="Output T" value="16"/>
  <attribute name= "Current Time Running" value="159781" />
  <attribute name="GC Util currently" value="9" />
  <attribute name="CPU Util currently" value="9694975111" />
<cycle-start id="6415" type="global" contextid="0" timestamp="2019-08-08T12:08:45.331" intervalms="0.629" />
<gc-start id="6416" type="global" contextid="6415" timestamp="2019-08-08T12:08:45.331">
  <mem-info id="6417" free="473088" total="47316992" percent="0">
    <mem type="tenure" free="473088" total="47316992" percent="0">
      <mem type="soa" free="0" total="46843904" percent="0" />
      <mem type="loa" free="473088" total="473088" percent="100" />
    </mem>
  </mem-info>
</gc-start>
<allocation-stats totalBytes="28940632" >
  <allocated-bytes non-tlh="0" tlh="28940632" />
  <largest-consumer threadName="main" threadId="0000000002369F00" bytes="28940632" />
</allocation-stats>
<gc-op id="6418" type="mark" timems="9.228" contextid="6415" timestamp="2019-08-08T12:08:45.340">
  <trace-info objectcount="596608" scancount="517590" scanbytes="13283292" />
  <finalization candidates="80" enqueued="0" />
  <ownableSynchronizers candidates="21" cleared="0" />
  <references type="soft" candidates="1863" cleared="12" enqueued="12" dynamicThreshold="19" maxThreshold="32" />
  <references type="weak" candidates="5700" cleared="0" enqueued="0" />
  <references type="phantom" candidates="97" cleared="0" enqueued="0" />
  <stringconstants candidates="13272" cleared="0"  />
</gc-op>
<gc-op id="6419" type="sweep" timems="6.905" contextid="6415" timestamp="2019-08-08T12:08:45.347" />
<mem-info id="6420" free="29417912" total="47316992" percent="62">
  <mem type="tenure" free="29417912" total="47316992" percent="62" micro-fragmented="2822">
    <mem type="soa" free="28944824" total="46843904" percent="61" />
    <mem type="loa" free="473088" total="473088" percent="100" />
  </mem>
  <pending-finalizers system="0" default="0" reference="12" classloader="0" />
</mem-info>
<gc-op id="6421" type="compact" timems="29.615" contextid="6415" timestamp="2019-08-08T12:08:45.377">
  <compact-info movecount="1442" movebytes="67128" reason="compact to aid heap contraction" />
</gc-op>
<heap-resize id="6422" type="expand" space="tenure" amount="131072" count="1" timems="0.028" reason="satisfy allocation request" timestamp="2019-08-08T12:08:45.379" />
<gc-end id="6423" type="global" contextid="6415" durationms="48.513" usertimems="105.386" systemtimems="0.000" timestamp="2019-08-08T12:08:45.379" activeThreads="16">
  <mem-info id="6424" free="29484728" total="47448064" percent="62">
    <mem type="tenure" free="29484728" total="47448064" percent="62">
      <mem type="soa" free="29010616" total="46973952" percent="61" />
      <mem type="loa" free="474112" total="474112" percent="100" />
    </mem>
    <pending-finalizers system="0" default="0" reference="12" classloader="0" />
  </mem-info>
</gc-end>
<cycle-end id="6425" type="global" contextid="6415" timestamp="2019-08-08T12:08:45.379" />
  <attribute name="elasticGC enabled" value="1" />
  <attribute name= "numThreadsSpecified" value="16" />
  <attribute name="heapSize specified" value="47316992" />
  <attribute name="Current GC Util" value="51" />
  <attribute name= "Current Time Running" value="159867" />
  <attribute name ="GC Interval" value="0" />
  <attribute name="Target GC Util Change" value ="80.000000" />
  <attribute name="Current GC Util Change" value="51.000000"/>
  <attribute name="Current Error" value="86.000000" />
  <attribute name="Output H" value="47392776"/>
  <attribute name="Output I" value="2168"/>
  <attribute name="Output T" value="16"/>
  <attribute name= "Current Time Running" value="159867" />
  <attribute name="GC Util currently" value="51" />
  <attribute name="CPU Util currently" value="38943009493" />
<allocation-satisfied id="6426" threadId="0000000002369F00" bytesRequested="32" />
<af-end id="6427" timestamp="2019-08-08T12:08:45.380" threadId="000000000236A888" success="true" />
<exclusive-end id="6428" timestamp="2019-08-08T12:08:45.380" durationms="48.713" />

<concurrent-kickoff id="6429" timestamp="2019-08-08T12:08:45.615">
  <kickoff reason="threshold reached" targetBytes="5324500" thresholdFreeBytes="718966" remainingFree="612024" tenureFreeBytes="612024" />
</concurrent-kickoff>
<exclusive-start id="6430" timestamp="2019-08-08T12:08:45.615" intervalms="284.648">
  <response-info timems="0.026" idlems="0.026" threads="0" lastid="0000000002369F00" lastname="main" />
</exclusive-start>
<cycle-start id="6431" type="global" contextid="0" timestamp="2019-08-08T12:08:45.615" intervalms="284.599" />
<exclusive-end id="6432" timestamp="2019-08-08T12:08:45.615" durationms="0.038" />

<exclusive-start id="6433" timestamp="2019-08-08T12:08:45.616" intervalms="0.581">
  <response-info timems="0.075" idlems="0.075" threads="0" lastid="0000000002369F00" lastname="main" />
</exclusive-start>
<af-start id="6434" threadId="000000000236A888" totalBytesRequested="1168" timestamp="2019-08-08T12:08:45.616" intervalms="285.238" />
<concurrent-aborted id="6435" timestamp="2019-08-08T12:08:45.616">
  <reason value="insufficient progress made" />
</concurrent-aborted>
<cycle-end id="6436" type="global" contextid="6431" timestamp="2019-08-08T12:08:45.616" />
  <attribute name="elasticGC enabled" value="1" />
  <attribute name= "numThreadsSpecified" value="16" />
  <attribute name="heapSize specified" value="47316992" />
  <attribute name="Current GC Util" value="51" />
  <attribute name= "Current Time Running" value="159867" />
  <attribute name ="GC Interval" value="0" />
  <attribute name="Target GC Util Change" value ="80.000000" />
  <attribute name="Current GC Util Change" value="51.000000"/>
  <attribute name="Current Error" value="86.000000" />
  <attribute name="Output H" value="47392776"/>
  <attribute name="Output I" value="2168"/>
  <attribute name="Output T" value="16"/>
  <attribute name= "Current Time Running" value="159867" />
  <attribute name="GC Util currently" value="51" />
  <attribute name="CPU Util currently" value="38943009493" />
<cycle-start id="6437" type="global" contextid="0" timestamp="2019-08-08T12:08:45.616" intervalms="0.638" />
<gc-start id="6438" type="global" contextid="6437" timestamp="2019-08-08T12:08:45.616">
  <mem-info id="6439" free="474112" total="47448064" percent="0">
    <mem type="tenure" free="474112" total="47448064" percent="0">
      <mem type="soa" free="0" total="46973952" percent="0" />
      <mem type="loa" free="474112" total="474112" percent="100" />
    </mem>
  </mem-info>
</gc-start>
<allocation-stats totalBytes="28982208" >
  <allocated-bytes non-tlh="0" tlh="28982208" />
  <largest-consumer threadName="main" threadId="0000000002369F00" bytes="28978112" />
</allocation-stats>
<gc-op id="6440" type="mark" timems="10.638" contextid="6437" timestamp="2019-08-08T12:08:45.627">
  <trace-info objectcount="596567" scancount="517557" scanbytes="13282332" />
  <finalization candidates="80" enqueued="0" />
  <ownableSynchronizers candidates="21" cleared="0" />
  <references type="soft" candidates="1851" cleared="0" enqueued="0" dynamicThreshold="19" maxThreshold="32" />
  <references type="weak" candidates="5700" cleared="0" enqueued="0" />
  <references type="phantom" candidates="97" cleared="0" enqueued="0" />
  <stringconstants candidates="13272" cleared="0"  />
</gc-op>
<gc-op id="6441" type="sweep" timems="3.445" contextid="6437" timestamp="2019-08-08T12:08:45.630" />
<mem-info id="6442" free="29545608" total="47448064" percent="62">
  <mem type="tenure" free="29545608" total="47448064" percent="62" micro-fragmented="0">
    <mem type="soa" free="29071496" total="46973952" percent="61" />
    <mem type="loa" free="474112" total="474112" percent="100" />
  </mem>
</mem-info>
<gc-op id="6443" type="compact" timems="29.815" contextid="6437" timestamp="2019-08-08T12:08:45.660">
  <compact-info movecount="2003" movebytes="83864" reason="compact to aid heap contraction" />
</gc-op>
<heap-resize id="6444" type="expand" space="tenure" amount="131072" count="1" timems="0.028" reason="satisfy allocation request" timestamp="2019-08-08T12:08:45.661" />
<gc-end id="6445" type="global" contextid="6437" durationms="44.790" usertimems="91.207" systemtimems="0.000" timestamp="2019-08-08T12:08:45.661" activeThreads="16">
  <mem-info id="6446" free="29615704" total="47579136" percent="62">
    <mem type="tenure" free="29615704" total="47579136" percent="62">
      <mem type="soa" free="29140568" total="47104000" percent="61" />
      <mem type="loa" free="475136" total="475136" percent="100" />
    </mem>
  </mem-info>
</gc-end>
<cycle-end id="6447" type="global" contextid="6437" timestamp="2019-08-08T12:08:45.661" />
  <attribute name="elasticGC enabled" value="1" />
  <attribute name= "numThreadsSpecified" value="16" />
  <attribute name="heapSize specified" value="47448064" />
  <attribute name="Current GC Util" value="31" />
  <attribute name= "Current Time Running" value="160150" />
  <attribute name ="GC Interval" value="0" />
  <attribute name="Target GC Util Change" value ="80.000000" />
  <attribute name="Current GC Util Change" value="31.000000"/>
  <attribute name="Current Error" value="49.000000" />
  <attribute name="Output H" value="47523800"/>
  <attribute name="Output I" value="2096"/>
  <attribute name="Output T" value="16"/>
  <attribute name= "Current Time Running" value="160150" />
  <attribute name="GC Util currently" value="31" />
  <attribute name="CPU Util currently" value="38610110876" />
<allocation-satisfied id="6448" threadId="0000000002369F00" bytesRequested="1168" />
<af-end id="6449" timestamp="2019-08-08T12:08:45.661" threadId="000000000236A888" success="true" />
<exclusive-end id="6450" timestamp="2019-08-08T12:08:45.661" durationms="45.090" />

<concurrent-kickoff id="6451" timestamp="2019-08-08T12:08:45.664">
  <kickoff reason="threshold reached" targetBytes="5339209" thresholdFreeBytes="720953" remainingFree="616024" tenureFreeBytes="616024" />
</concurrent-kickoff>
<exclusive-start id="6452" timestamp="2019-08-08T12:08:45.664" intervalms="48.309">
  <response-info timems="0.022" idlems="0.022" threads="0" lastid="0000000002369F00" lastname="main" />
</exclusive-start>
<cycle-start id="6453" type="global" contextid="0" timestamp="2019-08-08T12:08:45.664" intervalms="48.243" />
<exclusive-end id="6454" timestamp="2019-08-08T12:08:45.664" durationms="0.028" />

<exclusive-start id="6455" timestamp="2019-08-08T12:08:45.665" intervalms="0.248">
  <response-info timems="0.022" idlems="0.022" threads="0" lastid="0000000002369F00" lastname="main" />
</exclusive-start>
<af-start id="6456" threadId="000000000236A888" totalBytesRequested="1168" timestamp="2019-08-08T12:08:45.665" intervalms="48.538" />
<concurrent-aborted id="6457" timestamp="2019-08-08T12:08:45.665">
  <reason value="insufficient progress made" />
</concurrent-aborted>
<cycle-end id="6458" type="global" contextid="6453" timestamp="2019-08-08T12:08:45.665" />
  <attribute name="elasticGC enabled" value="1" />
  <attribute name= "numThreadsSpecified" value="16" />
  <attribute name="heapSize specified" value="47448064" />
  <attribute name="Current GC Util" value="31" />
  <attribute name= "Current Time Running" value="160150" />
  <attribute name ="GC Interval" value="0" />
  <attribute name="Target GC Util Change" value ="80.000000" />
  <attribute name="Current GC Util Change" value="31.000000"/>
  <attribute name="Current Error" value="49.000000" />
  <attribute name="Output H" value="47523800"/>
  <attribute name="Output I" value="2096"/>
  <attribute name="Output T" value="16"/>
  <attribute name= "Current Time Running" value="160150" />
  <attribute name="GC Util currently" value="31" />
  <attribute name="CPU Util currently" value="38610110876" />
<cycle-start id="6459" type="global" contextid="0" timestamp="2019-08-08T12:08:45.665" intervalms="0.390" />
<gc-start id="6460" type="global" contextid="6459" timestamp="2019-08-08T12:08:45.665">
  <mem-info id="6461" free="475136" total="47579136" percent="0">
    <mem type="tenure" free="475136" total="47579136" percent="0">
      <mem type="soa" free="0" total="47104000" percent="0" />
      <mem type="loa" free="475136" total="475136" percent="100" />
    </mem>
  </mem-info>
</gc-start>
<allocation-stats totalBytes="29096144" >
  <allocated-bytes non-tlh="0" tlh="29096144" />
  <largest-consumer threadName="main" threadId="0000000002369F00" bytes="29096144" />
</allocation-stats>
<gc-op id="6462" type="mark" timems="8.813" contextid="6459" timestamp="2019-08-08T12:08:45.674">
  <trace-info objectcount="596567" scancount="517555" scanbytes="13282332" />
  <finalization candidates="80" enqueued="0" />
  <ownableSynchronizers candidates="21" cleared="0" />
  <references type="soft" candidates="1851" cleared="0" enqueued="0" dynamicThreshold="19" maxThreshold="32" />
  <references type="weak" candidates="5700" cleared="0" enqueued="0" />
  <references type="phantom" candidates="97" cleared="0" enqueued="0" />
  <stringconstants candidates="13272" cleared="0"  />
</gc-op>
<gc-op id="6463" type="sweep" timems="9.854" contextid="6459" timestamp="2019-08-08T12:08:45.684" />
<mem-info id="6464" free="29681240" total="47579136" percent="62">
  <mem type="tenure" free="29681240" total="47579136" percent="62" micro-fragmented="0">
    <mem type="soa" free="29206104" total="47104000" percent="62" />
    <mem type="loa" free="475136" total="475136" percent="100" />
  </mem>
</mem-info>
<gc-op id="6465" type="compact" timems="31.301" contextid="6459" timestamp="2019-08-08T12:08:45.715">
  <compact-info movecount="1" movebytes="32" reason="compact to aid heap contraction" />
</gc-op>
<heap-resize id="6466" type="expand" space="tenure" amount="131072" count="1" timems="0.023" reason="satisfy allocation request" timestamp="2019-08-08T12:08:45.715" />
<gc-end id="6467" type="global" contextid="6459" durationms="50.720" usertimems="105.699" systemtimems="0.000" timestamp="2019-08-08T12:08:45.716" activeThreads="16">
  <mem-info id="6468" free="29746776" total="47710208" percent="62">
    <mem type="tenure" free="29746776" total="47710208" percent="62">
      <mem type="soa" free="29270616" total="47234048" percent="61" />
      <mem type="loa" free="476160" total="476160" percent="100" />
    </mem>
  </mem-info>
</gc-end>
<cycle-end id="6469" type="global" contextid="6459" timestamp="2019-08-08T12:08:45.716" />
  <attribute name="elasticGC enabled" value="1" />
  <attribute name= "numThreadsSpecified" value="16" />
  <attribute name="heapSize specified" value="47579136" />
  <attribute name="Current GC Util" value="63" />
  <attribute name= "Current Time Running" value="160205" />
  <attribute name ="GC Interval" value="0" />
  <attribute name="Target GC Util Change" value ="80.000000" />
  <attribute name="Current GC Util Change" value="63.000000"/>
  <attribute name="Current Error" value="-926.000000" />
  <attribute name="Output H" value="47653752"/>
  <attribute name="Output I" value="360"/>
  <attribute name="Output T" value="16"/>
  <attribute name= "Current Time Running" value="160205" />
  <attribute name="GC Util currently" value="63" />
  <attribute name="CPU Util currently" value="36740404279" />
<allocation-satisfied id="6470" threadId="0000000002369F00" bytesRequested="1168" />
<af-end id="6471" timestamp="2019-08-08T12:08:45.716" threadId="000000000236A888" success="true" />
<exclusive-end id="6472" timestamp="2019-08-08T12:08:45.716" durationms="51.024" />

<concurrent-kickoff id="6473" timestamp="2019-08-08T12:08:45.718">
  <kickoff reason="threshold reached" targetBytes="5353918" thresholdFreeBytes="722938" remainingFree="616024" tenureFreeBytes="616024" />
</concurrent-kickoff>
<exclusive-start id="6474" timestamp="2019-08-08T12:08:45.719" intervalms="54.111">
  <response-info timems="0.140" idlems="0.140" threads="0" lastid="0000000002369F00" lastname="main" />
</exclusive-start>
<cycle-start id="6475" type="global" contextid="0" timestamp="2019-08-08T12:08:45.719" intervalms="53.965" />
<exclusive-end id="6476" timestamp="2019-08-08T12:08:45.719" durationms="0.023" />

<exclusive-start id="6477" timestamp="2019-08-08T12:08:45.719" intervalms="0.244">
  <response-info timems="0.021" idlems="0.021" threads="0" lastid="0000000002369F00" lastname="main" />
</exclusive-start>
<af-start id="6478" threadId="000000000236A888" totalBytesRequested="1168" timestamp="2019-08-08T12:08:45.719" intervalms="54.353" />
<concurrent-aborted id="6479" timestamp="2019-08-08T12:08:45.719">
  <reason value="insufficient progress made" />
</concurrent-aborted>
<cycle-end id="6480" type="global" contextid="6475" timestamp="2019-08-08T12:08:45.719" />
  <attribute name="elasticGC enabled" value="1" />
  <attribute name= "numThreadsSpecified" value="16" />
  <attribute name="heapSize specified" value="47579136" />
  <attribute name="Current GC Util" value="63" />
  <attribute name= "Current Time Running" value="160205" />
  <attribute name ="GC Interval" value="0" />
  <attribute name="Target GC Util Change" value ="80.000000" />
  <attribute name="Current GC Util Change" value="63.000000"/>
  <attribute name="Current Error" value="-926.000000" />
  <attribute name="Output H" value="47653752"/>
  <attribute name="Output I" value="360"/>
  <attribute name="Output T" value="16"/>
  <attribute name= "Current Time Running" value="160205" />
  <attribute name="GC Util currently" value="63" />
  <attribute name="CPU Util currently" value="36740404279" />
<cycle-start id="6481" type="global" contextid="0" timestamp="2019-08-08T12:08:45.719" intervalms="0.404" />
<gc-start id="6482" type="global" contextid="6481" timestamp="2019-08-08T12:08:45.719">
  <mem-info id="6483" free="476160" total="47710208" percent="0">
    <mem type="tenure" free="476160" total="47710208" percent="0">
      <mem type="soa" free="0" total="47234048" percent="0" />
      <mem type="loa" free="476160" total="476160" percent="100" />
    </mem>
  </mem-info>
</gc-start>
<allocation-stats totalBytes="29236400" >
  <allocated-bytes non-tlh="0" tlh="29236400" />
  <largest-consumer threadName="main" threadId="0000000002369F00" bytes="29236400" />
</allocation-stats>
<gc-op id="6484" type="mark" timems="10.584" contextid="6481" timestamp="2019-08-08T12:08:45.730">
  <trace-info objectcount="596557" scancount="517550" scanbytes="13282244" />
  <finalization candidates="80" enqueued="0" />
  <ownableSynchronizers candidates="21" cleared="0" />
  <references type="soft" candidates="1851" cleared="1" enqueued="0" dynamicThreshold="19" maxThreshold="32" />
  <references type="weak" candidates="5700" cleared="0" enqueued="0" />
  <references type="phantom" candidates="97" cleared="0" enqueued="0" />
  <stringconstants candidates="13272" cleared="0"  />
</gc-op>
<gc-op id="6485" type="sweep" timems="3.807" contextid="6481" timestamp="2019-08-08T12:08:45.734" />
<mem-info id="6486" free="29830320" total="47710208" percent="62">
  <mem type="tenure" free="29830320" total="47710208" percent="62" micro-fragmented="0">
    <mem type="soa" free="29354160" total="47234048" percent="62" />
    <mem type="loa" free="476160" total="476160" percent="100" />
  </mem>
</mem-info>
<gc-op id="6487" type="compact" timems="31.707" contextid="6481" timestamp="2019-08-08T12:08:45.765">
  <compact-info movecount="762" movebytes="29888" reason="compact to aid heap contraction" />
</gc-op>
<heap-resize id="6488" type="expand" space="tenure" amount="131072" count="1" timems="0.021" reason="satisfy allocation request" timestamp="2019-08-08T12:08:45.766" />
<gc-end id="6489" type="global" contextid="6481" durationms="47.237" usertimems="110.991" systemtimems="0.000" timestamp="2019-08-08T12:08:45.766" activeThreads="16">
  <mem-info id="6490" free="29896024" total="47841280" percent="62">
    <mem type="tenure" free="29896024" total="47841280" percent="62">
      <mem type="soa" free="29417816" total="47363072" percent="62" />
      <mem type="loa" free="478208" total="478208" percent="100" />
    </mem>
  </mem-info>
</gc-end>
<cycle-end id="6491" type="global" contextid="6481" timestamp="2019-08-08T12:08:45.766" />
  <attribute name="elasticGC enabled" value="1" />
  <attribute name= "numThreadsSpecified" value="16" />
  <attribute name="heapSize specified" value="47710208" />
  <attribute name="Current GC Util" value="56" />
  <attribute name= "Current Time Running" value="160256" />
  <attribute name ="GC Interval" value="0" />
  <attribute name="Target GC Util Change" value ="80.000000" />
  <attribute name="Current GC Util Change" value="56.000000"/>
  <attribute name="Current Error" value="-1225.000000" />
  <attribute name="Output H" value="47784480"/>
  <attribute name="Output I" value="200"/>
  <attribute name="Output T" value="16"/>
  <attribute name= "Current Time Running" value="160256" />
  <attribute name="GC Util currently" value="56" />
  <attribute name="CPU Util currently" value="36248000640" />
<allocation-satisfied id="6492" threadId="0000000002369F00" bytesRequested="1168" />
<af-end id="6493" timestamp="2019-08-08T12:08:45.767" threadId="000000000236A888" success="true" />
<exclusive-end id="6494" timestamp="2019-08-08T12:08:45.767" durationms="47.630" />

<concurrent-kickoff id="6495" timestamp="2019-08-08T12:08:45.770">
  <kickoff reason="threshold reached" targetBytes="5368627" thresholdFreeBytes="724925" remainingFree="634200" tenureFreeBytes="634200" />
</concurrent-kickoff>
<exclusive-start id="6496" timestamp="2019-08-08T12:08:45.770" intervalms="50.924">
  <response-info timems="0.025" idlems="0.025" threads="0" lastid="0000000002369F00" lastname="main" />
</exclusive-start>
<cycle-start id="6497" type="global" contextid="0" timestamp="2019-08-08T12:08:45.770" intervalms="50.769" />
<exclusive-end id="6498" timestamp="2019-08-08T12:08:45.770" durationms="0.032" />

<exclusive-start id="6499" timestamp="2019-08-08T12:08:45.770" intervalms="0.438">
  <response-info timems="0.093" idlems="0.093" threads="0" lastid="0000000002369F00" lastname="main" />
</exclusive-start>
<af-start id="6500" threadId="000000000236A888" totalBytesRequested="1168" timestamp="2019-08-08T12:08:45.770" intervalms="51.470" />
<concurrent-aborted id="6501" timestamp="2019-08-08T12:08:45.770">
  <reason value="insufficient progress made" />
</concurrent-aborted>
<cycle-end id="6502" type="global" contextid="6497" timestamp="2019-08-08T12:08:45.770" />
  <attribute name="elasticGC enabled" value="1" />
  <attribute name= "numThreadsSpecified" value="16" />
  <attribute name="heapSize specified" value="47710208" />
  <attribute name="Current GC Util" value="56" />
  <attribute name= "Current Time Running" value="160256" />
  <attribute name ="GC Interval" value="0" />
  <attribute name="Target GC Util Change" value ="80.000000" />
  <attribute name="Current GC Util Change" value="56.000000"/>
  <attribute name="Current Error" value="-1225.000000" />
  <attribute name="Output H" value="47784480"/>
  <attribute name="Output I" value="200"/>
  <attribute name="Output T" value="16"/>
  <attribute name= "Current Time Running" value="160256" />
  <attribute name="GC Util currently" value="56" />
  <attribute name="CPU Util currently" value="36248000640" />
<cycle-start id="6503" type="global" contextid="0" timestamp="2019-08-08T12:08:45.770" intervalms="0.591" />
<gc-start id="6504" type="global" contextid="6503" timestamp="2019-08-08T12:08:45.771">
  <mem-info id="6505" free="478208" total="47841280" percent="0">
    <mem type="tenure" free="478208" total="47841280" percent="0">
      <mem type="soa" free="0" total="47363072" percent="0" />
      <mem type="loa" free="478208" total="478208" percent="100" />
    </mem>
  </mem-info>
</gc-start>
<allocation-stats totalBytes="29383560" >
  <allocated-bytes non-tlh="0" tlh="29383560" />
  <largest-consumer threadName="main" threadId="0000000002369F00" bytes="29383560" />
</allocation-stats>
<gc-op id="6506" type="mark" timems="9.354" contextid="6503" timestamp="2019-08-08T12:08:45.780">
  <trace-info objectcount="596557" scancount="517550" scanbytes="13282244" />
  <finalization candidates="80" enqueued="0" />
  <ownableSynchronizers candidates="21" cleared="0" />
  <references type="soft" candidates="1850" cleared="0" enqueued="0" dynamicThreshold="19" maxThreshold="32" />
  <references type="weak" candidates="5700" cleared="0" enqueued="0" />
  <references type="phantom" candidates="97" cleared="0" enqueued="0" />
  <stringconstants candidates="13272" cleared="0"  />
</gc-op>
<gc-op id="6507" type="sweep" timems="3.689" contextid="6503" timestamp="2019-08-08T12:08:45.784" />
<mem-info id="6508" free="29961280" total="47841280" percent="62">
  <mem type="tenure" free="29961280" total="47841280" percent="62" micro-fragmented="0">
    <mem type="soa" free="29483072" total="47363072" percent="62" />
    <mem type="loa" free="478208" total="478208" percent="100" />
  </mem>
</mem-info>
<gc-op id="6509" type="compact" timems="29.339" contextid="6503" timestamp="2019-08-08T12:08:45.813">
  <compact-info movecount="2" movebytes="56" reason="compact to aid heap contraction" />
</gc-op>
<heap-resize id="6510" type="expand" space="tenure" amount="131072" count="1" timems="0.024" reason="satisfy allocation request" timestamp="2019-08-08T12:08:45.815" />
<gc-end id="6511" type="global" contextid="6503" durationms="44.674" usertimems="85.861" systemtimems="0.000" timestamp="2019-08-08T12:08:45.815" activeThreads="16">
  <mem-info id="6512" free="30027096" total="47972352" percent="62">
    <mem type="tenure" free="30027096" total="47972352" percent="62">
      <mem type="soa" free="29547864" total="47493120" percent="62" />
      <mem type="loa" free="479232" total="479232" percent="100" />
    </mem>
  </mem-info>
</gc-end>
<cycle-end id="6513" type="global" contextid="6503" timestamp="2019-08-08T12:08:45.815" />
  <attribute name="elasticGC enabled" value="1" />
  <attribute name= "numThreadsSpecified" value="16" />
  <attribute name="heapSize specified" value="47841280" />
  <attribute name="Current GC Util" value="36" />
  <attribute name= "Current Time Running" value="160303" />
  <attribute name ="GC Interval" value="0" />
  <attribute name="Target GC Util Change" value ="80.000000" />
  <attribute name="Current GC Util Change" value="36.000000"/>
  <attribute name="Current Error" value="-249.000000" />
  <attribute name="Output H" value="47916680"/>
  <attribute name="Output I" value="1568"/>
  <attribute name="Output T" value="16"/>
  <attribute name= "Current Time Running" value="160303" />
  <attribute name="GC Util currently" value="36" />
  <attribute name="CPU Util currently" value="39358529843" />
<allocation-satisfied id="6514" threadId="0000000002369F00" bytesRequested="1168" />
<af-end id="6515" timestamp="2019-08-08T12:08:45.815" threadId="000000000236A888" success="true" />
<exclusive-end id="6516" timestamp="2019-08-08T12:08:45.815" durationms="44.990" />

<concurrent-kickoff id="6517" timestamp="2019-08-08T12:08:45.819">
  <kickoff reason="threshold reached" targetBytes="5383334" thresholdFreeBytes="726910" remainingFree="634200" tenureFreeBytes="634200" />
</concurrent-kickoff>
<exclusive-start id="6518" timestamp="2019-08-08T12:08:45.820" intervalms="49.264">
  <response-info timems="0.019" idlems="0.019" threads="0" lastid="0000000002369F00" lastname="main" />
</exclusive-start>
<cycle-start id="6519" type="global" contextid="0" timestamp="2019-08-08T12:08:45.820" intervalms="49.109" />
<exclusive-end id="6520" timestamp="2019-08-08T12:08:45.820" durationms="0.026" />

<exclusive-start id="6521" timestamp="2019-08-08T12:08:45.820" intervalms="0.234">
  <response-info timems="0.009" idlems="0.009" threads="0" lastid="0000000002369F00" lastname="main" />
</exclusive-start>
<af-start id="6522" threadId="000000000236A888" totalBytesRequested="1168" timestamp="2019-08-08T12:08:45.820" intervalms="49.432" />
<concurrent-aborted id="6523" timestamp="2019-08-08T12:08:45.820">
  <reason value="insufficient progress made" />
</concurrent-aborted>
<cycle-end id="6524" type="global" contextid="6519" timestamp="2019-08-08T12:08:45.820" />
  <attribute name="elasticGC enabled" value="1" />
  <attribute name= "numThreadsSpecified" value="16" />
  <attribute name="heapSize specified" value="47841280" />
  <attribute name="Current GC Util" value="36" />
  <attribute name= "Current Time Running" value="160303" />
  <attribute name ="GC Interval" value="0" />
  <attribute name="Target GC Util Change" value ="80.000000" />
  <attribute name="Current GC Util Change" value="36.000000"/>
  <attribute name="Current Error" value="-249.000000" />
  <attribute name="Output H" value="47916680"/>
  <attribute name="Output I" value="1568"/>
  <attribute name="Output T" value="16"/>
  <attribute name= "Current Time Running" value="160303" />
  <attribute name="GC Util currently" value="36" />
  <attribute name="CPU Util currently" value="39358529843" />
<cycle-start id="6525" type="global" contextid="0" timestamp="2019-08-08T12:08:45.820" intervalms="0.541" />
<gc-start id="6526" type="global" contextid="6525" timestamp="2019-08-08T12:08:45.820">
  <mem-info id="6527" free="479232" total="47972352" percent="0">
    <mem type="tenure" free="479232" total="47972352" percent="0">
      <mem type="soa" free="0" total="47493120" percent="0" />
      <mem type="loa" free="479232" total="479232" percent="100" />
    </mem>
  </mem-info>
</gc-start>
<allocation-stats totalBytes="29512968" >
  <allocated-bytes non-tlh="0" tlh="29512968" />
  <largest-consumer threadName="main" threadId="0000000002369F00" bytes="29512968" />
</allocation-stats>
<gc-op id="6528" type="mark" timems="14.667" contextid="6525" timestamp="2019-08-08T12:08:45.835">
  <trace-info objectcount="596557" scancount="517551" scanbytes="13282244" />
  <finalization candidates="80" enqueued="0" />
  <ownableSynchronizers candidates="21" cleared="0" />
  <references type="soft" candidates="1850" cleared="0" enqueued="0" dynamicThreshold="20" maxThreshold="32" />
  <references type="weak" candidates="5700" cleared="0" enqueued="0" />
  <references type="phantom" candidates="97" cleared="0" enqueued="0" />
  <stringconstants candidates="13272" cleared="0"  />
</gc-op>
<gc-op id="6529" type="sweep" timems="4.763" contextid="6525" timestamp="2019-08-08T12:08:45.840" />
<mem-info id="6530" free="30092144" total="47972352" percent="62">
  <mem type="tenure" free="30092144" total="47972352" percent="62" micro-fragmented="0">
    <mem type="soa" free="29612912" total="47493120" percent="62" />
    <mem type="loa" free="479232" total="479232" percent="100" />
  </mem>
</mem-info>
<gc-op id="6531" type="compact" timems="27.031" contextid="6525" timestamp="2019-08-08T12:08:45.867">
  <compact-info movecount="2" movebytes="56" reason="compact to aid heap contraction" />
</gc-op>
<heap-resize id="6532" type="expand" space="tenure" amount="131072" count="1" timems="0.020" reason="satisfy allocation request" timestamp="2019-08-08T12:08:45.867" />
<gc-end id="6533" type="global" contextid="6525" durationms="47.346" usertimems="104.519" systemtimems="0.000" timestamp="2019-08-08T12:08:45.868" activeThreads="16">
  <mem-info id="6534" free="30158168" total="48103424" percent="62">
    <mem type="tenure" free="30158168" total="48103424" percent="62">
      <mem type="soa" free="29677912" total="47623168" percent="62" />
      <mem type="loa" free="480256" total="480256" percent="100" />
    </mem>
  </mem-info>
</gc-end>
<cycle-end id="6535" type="global" contextid="6525" timestamp="2019-08-08T12:08:45.868" />
  <attribute name="elasticGC enabled" value="1" />
  <attribute name= "numThreadsSpecified" value="16" />
  <attribute name="heapSize specified" value="47972352" />
  <attribute name="Current GC Util" value="53" />
  <attribute name= "Current Time Running" value="160357" />
  <attribute name ="GC Interval" value="0" />
  <attribute name="Target GC Util Change" value ="80.000000" />
  <attribute name="Current GC Util Change" value="53.000000"/>
  <attribute name="Current Error" value="86.000000" />
  <attribute name="Output H" value="48048136"/>
  <attribute name="Output I" value="2168"/>
  <attribute name="Output T" value="16"/>
  <attribute name= "Current Time Running" value="160357" />
  <attribute name="GC Util currently" value="53" />
  <attribute name="CPU Util currently" value="42610448643" />
<allocation-satisfied id="6536" threadId="0000000002369F00" bytesRequested="1168" />
<af-end id="6537" timestamp="2019-08-08T12:08:45.868" threadId="000000000236A888" success="true" />
<exclusive-end id="6538" timestamp="2019-08-08T12:08:45.868" durationms="47.796" />

<concurrent-kickoff id="6539" timestamp="2019-08-08T12:08:45.871">
  <kickoff reason="threshold reached" targetBytes="5398044" thresholdFreeBytes="728897" remainingFree="634200" tenureFreeBytes="634200" />
</concurrent-kickoff>
<exclusive-start id="6540" timestamp="2019-08-08T12:08:45.871" intervalms="50.934">
  <response-info timems="0.019" idlems="0.019" threads="0" lastid="0000000002369F00" lastname="main" />
</exclusive-start>
<cycle-start id="6541" type="global" contextid="0" timestamp="2019-08-08T12:08:45.871" intervalms="50.615" />
<exclusive-end id="6542" timestamp="2019-08-08T12:08:45.871" durationms="0.013" />

<exclusive-start id="6543" timestamp="2019-08-08T12:08:45.871" intervalms="0.311">
  <response-info timems="0.024" idlems="0.024" threads="0" lastid="0000000002369F00" lastname="main" />
</exclusive-start>
<af-start id="6544" threadId="000000000236A888" totalBytesRequested="1168" timestamp="2019-08-08T12:08:45.871" intervalms="51.205" />
<concurrent-aborted id="6545" timestamp="2019-08-08T12:08:45.871">
  <reason value="insufficient progress made" />
</concurrent-aborted>
<cycle-end id="6546" type="global" contextid="6541" timestamp="2019-08-08T12:08:45.871" />
  <attribute name="elasticGC enabled" value="1" />
  <attribute name= "numThreadsSpecified" value="16" />
  <attribute name="heapSize specified" value="47972352" />
  <attribute name="Current GC Util" value="53" />
  <attribute name= "Current Time Running" value="160357" />
  <attribute name ="GC Interval" value="0" />
  <attribute name="Target GC Util Change" value ="80.000000" />
  <attribute name="Current GC Util Change" value="53.000000"/>
  <attribute name="Current Error" value="86.000000" />
  <attribute name="Output H" value="48048136"/>
  <attribute name="Output I" value="2168"/>
  <attribute name="Output T" value="16"/>
  <attribute name= "Current Time Running" value="160357" />
  <attribute name="GC Util currently" value="53" />
  <attribute name="CPU Util currently" value="42610448643" />
<cycle-start id="6547" type="global" contextid="0" timestamp="2019-08-08T12:08:45.871" intervalms="0.370" />
<gc-start id="6548" type="global" contextid="6547" timestamp="2019-08-08T12:08:45.871">
  <mem-info id="6549" free="480256" total="48103424" percent="0">
    <mem type="tenure" free="480256" total="48103424" percent="0">
      <mem type="soa" free="0" total="47623168" percent="0" />
      <mem type="loa" free="480256" total="480256" percent="100" />
    </mem>
  </mem-info>
</gc-start>
<allocation-stats totalBytes="29642376" >
  <allocated-bytes non-tlh="0" tlh="29642376" />
  <largest-consumer threadName="main" threadId="0000000002369F00" bytes="29642376" />
</allocation-stats>
<gc-op id="6550" type="mark" timems="11.296" contextid="6547" timestamp="2019-08-08T12:08:45.882">
  <trace-info objectcount="596557" scancount="517550" scanbytes="13282244" />
  <finalization candidates="80" enqueued="0" />
  <ownableSynchronizers candidates="21" cleared="0" />
  <references type="soft" candidates="1850" cleared="0" enqueued="0" dynamicThreshold="20" maxThreshold="32" />
  <references type="weak" candidates="5700" cleared="0" enqueued="0" />
  <references type="phantom" candidates="97" cleared="0" enqueued="0" />
  <stringconstants candidates="13272" cleared="0"  />
</gc-op>
<gc-op id="6551" type="sweep" timems="6.161" contextid="6547" timestamp="2019-08-08T12:08:45.889" />
<mem-info id="6552" free="30223008" total="48103424" percent="62">
  <mem type="tenure" free="30223008" total="48103424" percent="62" micro-fragmented="0">
    <mem type="soa" free="29742752" total="47623168" percent="62" />
    <mem type="loa" free="480256" total="480256" percent="100" />
  </mem>
</mem-info>
<gc-op id="6553" type="compact" timems="28.389" contextid="6547" timestamp="2019-08-08T12:08:45.917">
  <compact-info movecount="2" movebytes="56" reason="compact to aid heap contraction" />
</gc-op>
<heap-resize id="6554" type="expand" space="tenure" amount="131072" count="1" timems="0.020" reason="satisfy allocation request" timestamp="2019-08-08T12:08:45.918" />
<gc-end id="6555" type="global" contextid="6547" durationms="46.582" usertimems="120.184" systemtimems="0.000" timestamp="2019-08-08T12:08:45.918" activeThreads="16">
  <mem-info id="6556" free="30289240" total="48234496" percent="62">
    <mem type="tenure" free="30289240" total="48234496" percent="62">
      <mem type="soa" free="29806936" total="47752192" percent="62" />
      <mem type="loa" free="482304" total="482304" percent="100" />
    </mem>
  </mem-info>
</gc-end>
<cycle-end id="6557" type="global" contextid="6547" timestamp="2019-08-08T12:08:45.918" />
  <attribute name="elasticGC enabled" value="1" />
  <attribute name= "numThreadsSpecified" value="16" />
  <attribute name="heapSize specified" value="48103424" />
  <attribute name="Current GC Util" value="78" />
  <attribute name= "Current Time Running" value="160407" />
  <attribute name ="GC Interval" value="0" />
  <attribute name="Target GC Util Change" value ="80.000000" />
  <attribute name="Current GC Util Change" value="78.000000"/>
  <attribute name="Current Error" value="41.000000" />
  <attribute name="Output H" value="48179152"/>
  <attribute name="Output I" value="2088"/>
  <attribute name="Output T" value="16"/>
  <attribute name= "Current Time Running" value="160407" />
  <attribute name="GC Util currently" value="78" />
  <attribute name="CPU Util currently" value="40568061482" />
<allocation-satisfied id="6558" threadId="0000000002369F00" bytesRequested="1168" />
<af-end id="6559" timestamp="2019-08-08T12:08:45.918" threadId="000000000236A888" success="true" />
<exclusive-end id="6560" timestamp="2019-08-08T12:08:45.918" durationms="46.796" />

<concurrent-kickoff id="6561" timestamp="2019-08-08T12:08:45.921">
  <kickoff reason="threshold reached" targetBytes="5412752" thresholdFreeBytes="730882" remainingFree="634200" tenureFreeBytes="634200" />
</concurrent-kickoff>
<exclusive-start id="6562" timestamp="2019-08-08T12:08:45.921" intervalms="50.223">
  <response-info timems="0.021" idlems="0.021" threads="0" lastid="0000000002369F00" lastname="main" />
</exclusive-start>
<cycle-start id="6563" type="global" contextid="0" timestamp="2019-08-08T12:08:45.921" intervalms="50.164" />
<exclusive-end id="6564" timestamp="2019-08-08T12:08:45.921" durationms="0.014" />

<exclusive-start id="6565" timestamp="2019-08-08T12:08:45.924" intervalms="2.496">
  <response-info timems="0.018" idlems="0.018" threads="0" lastid="0000000002369F00" lastname="main" />
</exclusive-start>
<af-start id="6566" threadId="000000000236A888" totalBytesRequested="1168" timestamp="2019-08-08T12:08:45.924" intervalms="52.799" />
<concurrent-aborted id="6567" timestamp="2019-08-08T12:08:45.924">
  <reason value="insufficient progress made" />
</concurrent-aborted>
<cycle-end id="6568" type="global" contextid="6563" timestamp="2019-08-08T12:08:45.924" />
  <attribute name="elasticGC enabled" value="1" />
  <attribute name= "numThreadsSpecified" value="16" />
  <attribute name="heapSize specified" value="48103424" />
  <attribute name="Current GC Util" value="78" />
  <attribute name= "Current Time Running" value="160407" />
  <attribute name ="GC Interval" value="0" />
  <attribute name="Target GC Util Change" value ="80.000000" />
  <attribute name="Current GC Util Change" value="78.000000"/>
  <attribute name="Current Error" value="41.000000" />
  <attribute name="Output H" value="48179152"/>
  <attribute name="Output I" value="2088"/>
  <attribute name="Output T" value="16"/>
  <attribute name= "Current Time Running" value="160407" />
  <attribute name="GC Util currently" value="78" />
  <attribute name="CPU Util currently" value="40568061482" />
<cycle-start id="6569" type="global" contextid="0" timestamp="2019-08-08T12:08:45.924" intervalms="2.801" />
<gc-start id="6570" type="global" contextid="6569" timestamp="2019-08-08T12:08:45.924">
  <mem-info id="6571" free="482304" total="48234496" percent="0">
    <mem type="tenure" free="482304" total="48234496" percent="0">
      <mem type="soa" free="0" total="47752192" percent="0" />
      <mem type="loa" free="482304" total="482304" percent="100" />
    </mem>
  </mem-info>
</gc-start>
<allocation-stats totalBytes="29770552" >
  <allocated-bytes non-tlh="0" tlh="29770552" />
  <largest-consumer threadName="main" threadId="0000000002369F00" bytes="29770552" />
</allocation-stats>
<gc-op id="6572" type="mark" timems="9.828" contextid="6569" timestamp="2019-08-08T12:08:45.934">
  <trace-info objectcount="596557" scancount="517544" scanbytes="13282244" />
  <finalization candidates="80" enqueued="0" />
  <ownableSynchronizers candidates="21" cleared="0" />
  <references type="soft" candidates="1850" cleared="0" enqueued="0" dynamicThreshold="20" maxThreshold="32" />
  <references type="weak" candidates="5700" cleared="0" enqueued="0" />
  <references type="phantom" candidates="97" cleared="0" enqueued="0" />
  <stringconstants candidates="13272" cleared="0"  />
</gc-op>
<gc-op id="6573" type="sweep" timems="4.047" contextid="6569" timestamp="2019-08-08T12:08:45.938" />
<mem-info id="6574" free="30354776" total="48234496" percent="62">
  <mem type="tenure" free="30354776" total="48234496" percent="62" micro-fragmented="0">
    <mem type="soa" free="29872472" total="47752192" percent="62" />
    <mem type="loa" free="482304" total="482304" percent="100" />
  </mem>
</mem-info>
<gc-op id="6575" type="compact" timems="33.382" contextid="6569" timestamp="2019-08-08T12:08:45.972">
  <compact-info movecount="2" movebytes="56" reason="compact to aid heap contraction" />
</gc-op>
<heap-resize id="6576" type="expand" space="tenure" amount="131072" count="1" timems="0.021" reason="satisfy allocation request" timestamp="2019-08-08T12:08:45.973" />
<gc-end id="6577" type="global" contextid="6569" durationms="48.901" usertimems="106.670" systemtimems="0.000" timestamp="2019-08-08T12:08:45.973" activeThreads="16">
  <mem-info id="6578" free="30420312" total="48365568" percent="62">
    <mem type="tenure" free="30420312" total="48365568" percent="62">
      <mem type="soa" free="29936984" total="47882240" percent="62" />
      <mem type="loa" free="483328" total="483328" percent="100" />
    </mem>
  </mem-info>
</gc-end>
<cycle-end id="6579" type="global" contextid="6569" timestamp="2019-08-08T12:08:45.973" />
  <attribute name="elasticGC enabled" value="1" />
  <attribute name= "numThreadsSpecified" value="16" />
  <attribute name="heapSize specified" value="48234496" />
  <attribute name="Current GC Util" value="31" />
  <attribute name= "Current Time Running" value="160462" />
  <attribute name ="GC Interval" value="0" />
  <attribute name="Target GC Util Change" value ="80.000000" />
  <attribute name="Current GC Util Change" value="31.000000"/>
  <attribute name="Current Error" value="49.000000" />
  <attribute name="Output H" value="48310232"/>
  <attribute name="Output I" value="2096"/>
  <attribute name="Output T" value="16"/>
  <attribute name= "Current Time Running" value="160462" />
  <attribute name="GC Util currently" value="31" />
  <attribute name="CPU Util currently" value="34475860135" />
<allocation-satisfied id="6580" threadId="0000000002369F00" bytesRequested="1168" />
<af-end id="6581" timestamp="2019-08-08T12:08:45.973" threadId="000000000236A888" success="true" />
<exclusive-end id="6582" timestamp="2019-08-08T12:08:45.973" durationms="49.446" />

<concurrent-kickoff id="6583" timestamp="2019-08-08T12:08:45.976">
  <kickoff reason="threshold reached" targetBytes="5427460" thresholdFreeBytes="732869" remainingFree="634200" tenureFreeBytes="634200" />
</concurrent-kickoff>
<exclusive-start id="6584" timestamp="2019-08-08T12:08:45.976" intervalms="52.707">
  <response-info timems="0.020" idlems="0.020" threads="0" lastid="0000000002369F00" lastname="main" />
</exclusive-start>
<cycle-start id="6585" type="global" contextid="0" timestamp="2019-08-08T12:08:45.977" intervalms="52.477" />
<exclusive-end id="6586" timestamp="2019-08-08T12:08:45.977" durationms="0.097" />

<exclusive-start id="6587" timestamp="2019-08-08T12:08:45.978" intervalms="1.499">
  <response-info timems="0.036" idlems="0.036" threads="0" lastid="0000000002369F00" lastname="main" />
</exclusive-start>
<af-start id="6588" threadId="000000000236A888" totalBytesRequested="1168" timestamp="2019-08-08T12:08:45.978" intervalms="54.220" />
<concurrent-aborted id="6589" timestamp="2019-08-08T12:08:45.978">
  <reason value="insufficient progress made" />
</concurrent-aborted>
<cycle-end id="6590" type="global" contextid="6585" timestamp="2019-08-08T12:08:45.978" />
  <attribute name="elasticGC enabled" value="1" />
  <attribute name= "numThreadsSpecified" value="16" />
  <attribute name="heapSize specified" value="48234496" />
  <attribute name="Current GC Util" value="31" />
  <attribute name= "Current Time Running" value="160462" />
  <attribute name ="GC Interval" value="0" />
  <attribute name="Target GC Util Change" value ="80.000000" />
  <attribute name="Current GC Util Change" value="31.000000"/>
  <attribute name="Current Error" value="49.000000" />
  <attribute name="Output H" value="48310232"/>
  <attribute name="Output I" value="2096"/>
  <attribute name="Output T" value="16"/>
  <attribute name= "Current Time Running" value="160462" />
  <attribute name="GC Util currently" value="31" />
  <attribute name="CPU Util currently" value="34475860135" />
<cycle-start id="6591" type="global" contextid="0" timestamp="2019-08-08T12:08:45.978" intervalms="1.596" />
<gc-start id="6592" type="global" contextid="6591" timestamp="2019-08-08T12:08:45.978">
  <mem-info id="6593" free="483328" total="48365568" percent="0">
    <mem type="tenure" free="483328" total="48365568" percent="0">
      <mem type="soa" free="0" total="47882240" percent="0" />
      <mem type="loa" free="483328" total="483328" percent="100" />
    </mem>
  </mem-info>
</gc-start>
<allocation-stats totalBytes="29901192" >
  <allocated-bytes non-tlh="0" tlh="29901192" />
  <largest-consumer threadName="main" threadId="0000000002369F00" bytes="29901192" />
</allocation-stats>
<gc-op id="6594" type="mark" timems="12.761" contextid="6591" timestamp="2019-08-08T12:08:45.991">
  <trace-info objectcount="596557" scancount="517568" scanbytes="13282244" />
  <finalization candidates="80" enqueued="0" />
  <ownableSynchronizers candidates="21" cleared="0" />
  <references type="soft" candidates="1850" cleared="0" enqueued="0" dynamicThreshold="20" maxThreshold="32" />
  <references type="weak" candidates="5700" cleared="0" enqueued="0" />
  <references type="phantom" candidates="97" cleared="0" enqueued="0" />
  <stringconstants candidates="13272" cleared="0"  />
</gc-op>
<gc-op id="6595" type="sweep" timems="3.519" contextid="6591" timestamp="2019-08-08T12:08:45.995" />
<mem-info id="6596" free="30485760" total="48365568" percent="63">
  <mem type="tenure" free="30485760" total="48365568" percent="63" micro-fragmented="0">
    <mem type="soa" free="30002432" total="47882240" percent="62" />
    <mem type="loa" free="483328" total="483328" percent="100" />
  </mem>
</mem-info>
<gc-op id="6597" type="compact" timems="30.774" contextid="6591" timestamp="2019-08-08T12:08:46.026">
  <compact-info movecount="2" movebytes="56" reason="compact to aid heap contraction" />
</gc-op>
<heap-resize id="6598" type="expand" space="tenure" amount="131072" count="1" timems="0.017" reason="satisfy allocation request" timestamp="2019-08-08T12:08:46.027" />
<gc-end id="6599" type="global" contextid="6591" durationms="49.099" usertimems="114.512" systemtimems="0.000" timestamp="2019-08-08T12:08:46.027" activeThreads="16">
  <mem-info id="6600" free="30551384" total="48496640" percent="62">
    <mem type="tenure" free="30551384" total="48496640" percent="62">
      <mem type="soa" free="30067032" total="48012288" percent="62" />
      <mem type="loa" free="484352" total="484352" percent="100" />
    </mem>
  </mem-info>
</gc-end>
<cycle-end id="6601" type="global" contextid="6591" timestamp="2019-08-08T12:08:46.027" />
  <attribute name="elasticGC enabled" value="1" />
  <attribute name= "numThreadsSpecified" value="16" />
  <attribute name="heapSize specified" value="48365568" />
  <attribute name="Current GC Util" value="28" />
  <attribute name= "Current Time Running" value="160516" />
  <attribute name ="GC Interval" value="0" />
  <attribute name="Target GC Util Change" value ="80.000000" />
  <attribute name="Current GC Util Change" value="28.000000"/>
  <attribute name="Current Error" value="-780.000000" />
  <attribute name="Output H" value="48440352"/>
  <attribute name="Output I" value="616"/>
  <attribute name="Output T" value="16"/>
  <attribute name= "Current Time Running" value="160516" />
  <attribute name="GC Util currently" value="28" />
  <attribute name="CPU Util currently" value="37383223483" />
<allocation-satisfied id="6602" threadId="0000000002369F00" bytesRequested="1168" />
<af-end id="6603" timestamp="2019-08-08T12:08:46.028" threadId="000000000236A888" success="true" />
<exclusive-end id="6604" timestamp="2019-08-08T12:08:46.028" durationms="49.595" />

<concurrent-kickoff id="6605" timestamp="2019-08-08T12:08:46.032">
  <kickoff reason="threshold reached" targetBytes="5442170" thresholdFreeBytes="734855" remainingFree="634200" tenureFreeBytes="634200" />
</concurrent-kickoff>
<exclusive-start id="6606" timestamp="2019-08-08T12:08:46.032" intervalms="54.234">
  <response-info timems="0.021" idlems="0.021" threads="0" lastid="0000000002369F00" lastname="main" />
</exclusive-start>
<cycle-start id="6607" type="global" contextid="0" timestamp="2019-08-08T12:08:46.032" intervalms="54.097" />
<exclusive-end id="6608" timestamp="2019-08-08T12:08:46.032" durationms="0.056" />

<exclusive-start id="6609" timestamp="2019-08-08T12:08:46.033" intervalms="0.362">
  <response-info timems="0.008" idlems="0.008" threads="0" lastid="0000000002369F00" lastname="main" />
</exclusive-start>
<af-start id="6610" threadId="000000000236A888" totalBytesRequested="1168" timestamp="2019-08-08T12:08:46.033" intervalms="54.575" />
<concurrent-aborted id="6611" timestamp="2019-08-08T12:08:46.033">
  <reason value="insufficient progress made" />
</concurrent-aborted>
<cycle-end id="6612" type="global" contextid="6607" timestamp="2019-08-08T12:08:46.033" />
  <attribute name="elasticGC enabled" value="1" />
  <attribute name= "numThreadsSpecified" value="16" />
  <attribute name="heapSize specified" value="48365568" />
  <attribute name="Current GC Util" value="28" />
  <attribute name= "Current Time Running" value="160516" />
  <attribute name ="GC Interval" value="0" />
  <attribute name="Target GC Util Change" value ="80.000000" />
  <attribute name="Current GC Util Change" value="28.000000"/>
  <attribute name="Current Error" value="-780.000000" />
  <attribute name="Output H" value="48440352"/>
  <attribute name="Output I" value="616"/>
  <attribute name="Output T" value="16"/>
  <attribute name= "Current Time Running" value="160516" />
  <attribute name="GC Util currently" value="28" />
  <attribute name="CPU Util currently" value="37383223483" />
<cycle-start id="6613" type="global" contextid="0" timestamp="2019-08-08T12:08:46.033" intervalms="0.523" />
<gc-start id="6614" type="global" contextid="6613" timestamp="2019-08-08T12:08:46.033">
  <mem-info id="6615" free="484352" total="48496640" percent="0">
    <mem type="tenure" free="484352" total="48496640" percent="0">
      <mem type="soa" free="0" total="48012288" percent="0" />
      <mem type="loa" free="484352" total="484352" percent="100" />
    </mem>
  </mem-info>
</gc-start>
<allocation-stats totalBytes="30030624" >
  <allocated-bytes non-tlh="0" tlh="30030624" />
  <largest-consumer threadName="main" threadId="0000000002369F00" bytes="30030624" />
</allocation-stats>
<gc-op id="6616" type="mark" timems="18.581" contextid="6613" timestamp="2019-08-08T12:08:46.052">
  <trace-info objectcount="596557" scancount="517551" scanbytes="13282244" />
  <finalization candidates="80" enqueued="0" />
  <ownableSynchronizers candidates="21" cleared="0" />
  <references type="soft" candidates="1850" cleared="0" enqueued="0" dynamicThreshold="20" maxThreshold="32" />
  <references type="weak" candidates="5700" cleared="0" enqueued="0" />
  <references type="phantom" candidates="97" cleared="0" enqueued="0" />
  <stringconstants candidates="13272" cleared="0"  />
</gc-op>
<gc-op id="6617" type="sweep" timems="3.776" contextid="6613" timestamp="2019-08-08T12:08:46.055" />
<mem-info id="6618" free="30616624" total="48496640" percent="63">
  <mem type="tenure" free="30616624" total="48496640" percent="63" micro-fragmented="0">
    <mem type="soa" free="30132272" total="48012288" percent="62" />
    <mem type="loa" free="484352" total="484352" percent="100" />
  </mem>
</mem-info>
<gc-op id="6619" type="compact" timems="33.573" contextid="6613" timestamp="2019-08-08T12:08:46.089">
  <compact-info movecount="2" movebytes="56" reason="compact to aid heap contraction" />
</gc-op>
<heap-resize id="6620" type="expand" space="tenure" amount="131072" count="1" timems="0.017" reason="satisfy allocation request" timestamp="2019-08-08T12:08:46.090" />
<gc-end id="6621" type="global" contextid="6613" durationms="57.151" usertimems="133.881" systemtimems="0.000" timestamp="2019-08-08T12:08:46.090" activeThreads="16">
  <mem-info id="6622" free="30682456" total="48627712" percent="63">
    <mem type="tenure" free="30682456" total="48627712" percent="63">
      <mem type="soa" free="30197080" total="48142336" percent="62" />
      <mem type="loa" free="485376" total="485376" percent="100" />
    </mem>
  </mem-info>
</gc-end>
<cycle-end id="6623" type="global" contextid="6613" timestamp="2019-08-08T12:08:46.090" />
  <attribute name="elasticGC enabled" value="1" />
  <attribute name= "numThreadsSpecified" value="16" />
  <attribute name="heapSize specified" value="48496640" />
  <attribute name="Current GC Util" value="79" />
  <attribute name= "Current Time Running" value="160579" />
  <attribute name ="GC Interval" value="0" />
  <attribute name="Target GC Util Change" value ="80.000000" />
  <attribute name="Current GC Util Change" value="79.000000"/>
  <attribute name="Current Error" value="-716.000000" />
  <attribute name="Output H" value="48571496"/>
  <attribute name="Output I" value="736"/>
  <attribute name="Output T" value="16"/>
  <attribute name= "Current Time Running" value="160579" />
  <attribute name="GC Util currently" value="79" />
  <attribute name="CPU Util currently" value="34314114418" />
<allocation-satisfied id="6624" threadId="0000000002369F00" bytesRequested="1168" />
<af-end id="6625" timestamp="2019-08-08T12:08:46.090" threadId="000000000236A888" success="true" />
<exclusive-end id="6626" timestamp="2019-08-08T12:08:46.090" durationms="57.694" />

<concurrent-kickoff id="6627" timestamp="2019-08-08T12:08:46.094">
  <kickoff reason="threshold reached" targetBytes="5456878" thresholdFreeBytes="736841" remainingFree="634200" tenureFreeBytes="634200" />
</concurrent-kickoff>
<exclusive-start id="6628" timestamp="2019-08-08T12:08:46.094" intervalms="61.508">
  <response-info timems="0.116" idlems="0.116" threads="0" lastid="0000000002369F00" lastname="main" />
</exclusive-start>
<cycle-start id="6629" type="global" contextid="0" timestamp="2019-08-08T12:08:46.094" intervalms="61.324" />
<exclusive-end id="6630" timestamp="2019-08-08T12:08:46.094" durationms="0.027" />

<exclusive-start id="6631" timestamp="2019-08-08T12:08:46.094" intervalms="0.245">
  <response-info timems="0.008" idlems="0.008" threads="0" lastid="0000000002369F00" lastname="main" />
</exclusive-start>
<af-start id="6632" threadId="000000000236A888" totalBytesRequested="1168" timestamp="2019-08-08T12:08:46.094" intervalms="61.679" />
<concurrent-aborted id="6633" timestamp="2019-08-08T12:08:46.094">
  <reason value="insufficient progress made" />
</concurrent-aborted>
<cycle-end id="6634" type="global" contextid="6629" timestamp="2019-08-08T12:08:46.094" />
  <attribute name="elasticGC enabled" value="1" />
  <attribute name= "numThreadsSpecified" value="16" />
  <attribute name="heapSize specified" value="48496640" />
  <attribute name="Current GC Util" value="79" />
  <attribute name= "Current Time Running" value="160579" />
  <attribute name ="GC Interval" value="0" />
  <attribute name="Target GC Util Change" value ="80.000000" />
  <attribute name="Current GC Util Change" value="79.000000"/>
  <attribute name="Current Error" value="-716.000000" />
  <attribute name="Output H" value="48571496"/>
  <attribute name="Output I" value="736"/>
  <attribute name="Output T" value="16"/>
  <attribute name= "Current Time Running" value="160579" />
  <attribute name="GC Util currently" value="79" />
  <attribute name="CPU Util currently" value="34314114418" />
<cycle-start id="6635" type="global" contextid="0" timestamp="2019-08-08T12:08:46.094" intervalms="0.374" />
<gc-start id="6636" type="global" contextid="6635" timestamp="2019-08-08T12:08:46.095">
  <mem-info id="6637" free="485376" total="48627712" percent="0">
    <mem type="tenure" free="485376" total="48627712" percent="0">
      <mem type="soa" free="0" total="48142336" percent="0" />
      <mem type="loa" free="485376" total="485376" percent="100" />
    </mem>
  </mem-info>
</gc-start>
<allocation-stats totalBytes="30160008" >
  <allocated-bytes non-tlh="0" tlh="30160008" />
  <largest-consumer threadName="main" threadId="0000000002369F00" bytes="30160008" />
</allocation-stats>
<gc-op id="6638" type="mark" timems="11.454" contextid="6635" timestamp="2019-08-08T12:08:46.106">
  <trace-info objectcount="596557" scancount="517553" scanbytes="13282244" />
  <finalization candidates="80" enqueued="0" />
  <ownableSynchronizers candidates="21" cleared="0" />
  <references type="soft" candidates="1850" cleared="0" enqueued="0" dynamicThreshold="20" maxThreshold="32" />
  <references type="weak" candidates="5700" cleared="0" enqueued="0" />
  <references type="phantom" candidates="97" cleared="0" enqueued="0" />
  <stringconstants candidates="13272" cleared="0"  />
</gc-op>
<gc-op id="6639" type="sweep" timems="4.033" contextid="6635" timestamp="2019-08-08T12:08:46.110" />
<mem-info id="6640" free="30747488" total="48627712" percent="63">
  <mem type="tenure" free="30747488" total="48627712" percent="63" micro-fragmented="0">
    <mem type="soa" free="30262112" total="48142336" percent="62" />
    <mem type="loa" free="485376" total="485376" percent="100" />
  </mem>
</mem-info>
<gc-op id="6641" type="compact" timems="26.459" contextid="6635" timestamp="2019-08-08T12:08:46.137">
  <compact-info movecount="2" movebytes="56" reason="compact to aid heap contraction" />
</gc-op>
<heap-resize id="6642" type="expand" space="tenure" amount="131072" count="1" timems="0.018" reason="satisfy allocation request" timestamp="2019-08-08T12:08:46.138" />
<gc-end id="6643" type="global" contextid="6635" durationms="43.592" usertimems="93.394" systemtimems="0.000" timestamp="2019-08-08T12:08:46.138" activeThreads="16">
  <mem-info id="6644" free="30813528" total="48758784" percent="63">
    <mem type="tenure" free="30813528" total="48758784" percent="63">
      <mem type="soa" free="30326104" total="48271360" percent="62" />
      <mem type="loa" free="487424" total="487424" percent="100" />
    </mem>
  </mem-info>
</gc-end>
<cycle-end id="6645" type="global" contextid="6635" timestamp="2019-08-08T12:08:46.138" />
  <attribute name="elasticGC enabled" value="1" />
  <attribute name= "numThreadsSpecified" value="16" />
  <attribute name="heapSize specified" value="48627712" />
  <attribute name="Current GC Util" value="37" />
  <attribute name= "Current Time Running" value="160627" />
  <attribute name ="GC Interval" value="0" />
  <attribute name="Target GC Util Change" value ="80.000000" />
  <attribute name="Current GC Util Change" value="37.000000"/>
  <attribute name="Current Error" value="-219.000000" />
  <attribute name="Output H" value="48703144"/>
  <attribute name="Output I" value="1624"/>
  <attribute name="Output T" value="16"/>
  <attribute name= "Current Time Running" value="160627" />
  <attribute name="GC Util currently" value="37" />
  <attribute name="CPU Util currently" value="43384243463" />
<allocation-satisfied id="6646" threadId="0000000002369F00" bytesRequested="1168" />
<af-end id="6647" timestamp="2019-08-08T12:08:46.138" threadId="000000000236A888" success="true" />
<exclusive-end id="6648" timestamp="2019-08-08T12:08:46.138" durationms="43.982" />

<concurrent-kickoff id="6649" timestamp="2019-08-08T12:08:46.142">
  <kickoff reason="threshold reached" targetBytes="5471586" thresholdFreeBytes="738827" remainingFree="634200" tenureFreeBytes="634200" />
</concurrent-kickoff>
<exclusive-start id="6650" timestamp="2019-08-08T12:08:46.142" intervalms="47.554">
  <response-info timems="0.023" idlems="0.023" threads="0" lastid="0000000002369F00" lastname="main" />
</exclusive-start>
<cycle-start id="6651" type="global" contextid="0" timestamp="2019-08-08T12:08:46.142" intervalms="47.465" />
<exclusive-end id="6652" timestamp="2019-08-08T12:08:46.142" durationms="0.097" />

<exclusive-start id="6653" timestamp="2019-08-08T12:08:46.142" intervalms="0.370">
  <response-info timems="0.026" idlems="0.026" threads="0" lastid="0000000002369F00" lastname="main" />
</exclusive-start>
<af-start id="6654" threadId="000000000236A888" totalBytesRequested="1168" timestamp="2019-08-08T12:08:46.142" intervalms="47.981" />
<concurrent-aborted id="6655" timestamp="2019-08-08T12:08:46.142">
  <reason value="insufficient progress made" />
</concurrent-aborted>
<cycle-end id="6656" type="global" contextid="6651" timestamp="2019-08-08T12:08:46.142" />
  <attribute name="elasticGC enabled" value="1" />
  <attribute name= "numThreadsSpecified" value="16" />
  <attribute name="heapSize specified" value="48627712" />
  <attribute name="Current GC Util" value="37" />
  <attribute name= "Current Time Running" value="160627" />
  <attribute name ="GC Interval" value="0" />
  <attribute name="Target GC Util Change" value ="80.000000" />
  <attribute name="Current GC Util Change" value="37.000000"/>
  <attribute name="Current Error" value="-219.000000" />
  <attribute name="Output H" value="48703144"/>
  <attribute name="Output I" value="1624"/>
  <attribute name="Output T" value="16"/>
  <attribute name= "Current Time Running" value="160627" />
  <attribute name="GC Util currently" value="37" />
  <attribute name="CPU Util currently" value="43384243463" />
<cycle-start id="6657" type="global" contextid="0" timestamp="2019-08-08T12:08:46.142" intervalms="0.527" />
<gc-start id="6658" type="global" contextid="6657" timestamp="2019-08-08T12:08:46.143">
  <mem-info id="6659" free="487424" total="48758784" percent="0">
    <mem type="tenure" free="487424" total="48758784" percent="0">
      <mem type="soa" free="0" total="48271360" percent="0" />
      <mem type="loa" free="487424" total="487424" percent="100" />
    </mem>
  </mem-info>
</gc-start>
<allocation-stats totalBytes="30288208" >
  <allocated-bytes non-tlh="0" tlh="30288208" />
  <largest-consumer threadName="main" threadId="0000000002369F00" bytes="30288208" />
</allocation-stats>
<gc-op id="6660" type="mark" timems="8.857" contextid="6657" timestamp="2019-08-08T12:08:46.152">
  <trace-info objectcount="596557" scancount="517551" scanbytes="13282244" />
  <finalization candidates="80" enqueued="0" />
  <ownableSynchronizers candidates="21" cleared="0" />
  <references type="soft" candidates="1850" cleared="0" enqueued="0" dynamicThreshold="20" maxThreshold="32" />
  <references type="weak" candidates="5700" cleared="0" enqueued="0" />
  <references type="phantom" candidates="97" cleared="0" enqueued="0" />
  <stringconstants candidates="13272" cleared="0"  />
</gc-op>
<gc-op id="6661" type="sweep" timems="6.586" contextid="6657" timestamp="2019-08-08T12:08:46.158" />
<mem-info id="6662" free="30879064" total="48758784" percent="63">
  <mem type="tenure" free="30879064" total="48758784" percent="63" micro-fragmented="0">
    <mem type="soa" free="30391640" total="48271360" percent="62" />
    <mem type="loa" free="487424" total="487424" percent="100" />
  </mem>
</mem-info>
<gc-op id="6663" type="compact" timems="34.966" contextid="6657" timestamp="2019-08-08T12:08:46.193">
  <compact-info movecount="2" movebytes="56" reason="compact to aid heap contraction" />
</gc-op>
<heap-resize id="6664" type="expand" space="tenure" amount="131072" count="1" timems="0.022" reason="satisfy allocation request" timestamp="2019-08-08T12:08:46.194" />
<gc-end id="6665" type="global" contextid="6657" durationms="51.516" usertimems="107.962" systemtimems="0.000" timestamp="2019-08-08T12:08:46.194" activeThreads="16">
  <mem-info id="6666" free="30944600" total="48889856" percent="63">
    <mem type="tenure" free="30944600" total="48889856" percent="63">
      <mem type="soa" free="30456152" total="48401408" percent="62" />
      <mem type="loa" free="488448" total="488448" percent="100" />
    </mem>
  </mem-info>
</gc-end>
<cycle-end id="6667" type="global" contextid="6657" timestamp="2019-08-08T12:08:46.194" />
  <attribute name="elasticGC enabled" value="1" />
  <attribute name= "numThreadsSpecified" value="16" />
  <attribute name="heapSize specified" value="48758784" />
  <attribute name="Current GC Util" value="33" />
  <attribute name= "Current Time Running" value="160683" />
  <attribute name ="GC Interval" value="0" />
  <attribute name="Target GC Util Change" value ="80.000000" />
  <attribute name="Current GC Util Change" value="33.000000"/>
  <attribute name="Current Error" value="99.000000" />
  <attribute name="Output H" value="48834584"/>
  <attribute name="Output I" value="2184"/>
  <attribute name="Output T" value="16"/>
  <attribute name= "Current Time Running" value="160683" />
  <attribute name="GC Util currently" value="33" />
  <attribute name="CPU Util currently" value="32893691875" />
<allocation-satisfied id="6668" threadId="0000000002369F00" bytesRequested="1168" />
<af-end id="6669" timestamp="2019-08-08T12:08:46.194" threadId="000000000236A888" success="true" />
<exclusive-end id="6670" timestamp="2019-08-08T12:08:46.194" durationms="52.064" />

<concurrent-kickoff id="6671" timestamp="2019-08-08T12:08:46.197">
  <kickoff reason="threshold reached" targetBytes="5486295" thresholdFreeBytes="740813" remainingFree="634200" tenureFreeBytes="634200" />
</concurrent-kickoff>
<exclusive-start id="6672" timestamp="2019-08-08T12:08:46.198" intervalms="55.374">
  <response-info timems="0.048" idlems="0.048" threads="0" lastid="0000000002369F00" lastname="main" />
</exclusive-start>
<cycle-start id="6673" type="global" contextid="0" timestamp="2019-08-08T12:08:46.198" intervalms="55.210" />
<exclusive-end id="6674" timestamp="2019-08-08T12:08:46.198" durationms="0.066" />

<exclusive-start id="6675" timestamp="2019-08-08T12:08:46.198" intervalms="0.555">
  <response-info timems="0.008" idlems="0.008" threads="0" lastid="0000000002369F00" lastname="main" />
</exclusive-start>
<af-start id="6676" threadId="000000000236A888" totalBytesRequested="1168" timestamp="2019-08-08T12:08:46.198" intervalms="55.905" />
<concurrent-aborted id="6677" timestamp="2019-08-08T12:08:46.198">
  <reason value="insufficient progress made" />
</concurrent-aborted>
<cycle-end id="6678" type="global" contextid="6673" timestamp="2019-08-08T12:08:46.198" />
  <attribute name="elasticGC enabled" value="1" />
  <attribute name= "numThreadsSpecified" value="16" />
  <attribute name="heapSize specified" value="48758784" />
  <attribute name="Current GC Util" value="33" />
  <attribute name= "Current Time Running" value="160683" />
  <attribute name ="GC Interval" value="0" />
  <attribute name="Target GC Util Change" value ="80.000000" />
  <attribute name="Current GC Util Change" value="33.000000"/>
  <attribute name="Current Error" value="99.000000" />
  <attribute name="Output H" value="48834584"/>
  <attribute name="Output I" value="2184"/>
  <attribute name="Output T" value="16"/>
  <attribute name= "Current Time Running" value="160683" />
  <attribute name="GC Util currently" value="33" />
  <attribute name="CPU Util currently" value="32893691875" />
<cycle-start id="6679" type="global" contextid="0" timestamp="2019-08-08T12:08:46.198" intervalms="0.679" />
<gc-start id="6680" type="global" contextid="6679" timestamp="2019-08-08T12:08:46.198">
  <mem-info id="6681" free="488448" total="48889856" percent="0">
    <mem type="tenure" free="488448" total="48889856" percent="0">
      <mem type="soa" free="0" total="48401408" percent="0" />
      <mem type="loa" free="488448" total="488448" percent="100" />
    </mem>
  </mem-info>
</gc-start>
<allocation-stats totalBytes="30417592" >
  <allocated-bytes non-tlh="0" tlh="30417592" />
  <largest-consumer threadName="main" threadId="0000000002369F00" bytes="30417592" />
</allocation-stats>
<gc-op id="6682" type="mark" timems="9.792" contextid="6679" timestamp="2019-08-08T12:08:46.208">
  <trace-info objectcount="596557" scancount="517552" scanbytes="13282244" />
  <finalization candidates="80" enqueued="0" />
  <ownableSynchronizers candidates="21" cleared="0" />
  <references type="soft" candidates="1850" cleared="0" enqueued="0" dynamicThreshold="20" maxThreshold="32" />
  <references type="weak" candidates="5700" cleared="0" enqueued="0" />
  <references type="phantom" candidates="97" cleared="0" enqueued="0" />
  <stringconstants candidates="13272" cleared="0"  />
</gc-op>
<gc-op id="6683" type="sweep" timems="3.809" contextid="6679" timestamp="2019-08-08T12:08:46.212" />
<mem-info id="6684" free="31010136" total="48889856" percent="63">
  <mem type="tenure" free="31010136" total="48889856" percent="63" micro-fragmented="0">
    <mem type="soa" free="30521688" total="48401408" percent="63" />
    <mem type="loa" free="488448" total="488448" percent="100" />
  </mem>
</mem-info>
<gc-op id="6685" type="compact" timems="24.147" contextid="6679" timestamp="2019-08-08T12:08:46.236">
  <compact-info movecount="2" movebytes="56" reason="compact to aid heap contraction" />
</gc-op>
<heap-resize id="6686" type="expand" space="tenure" amount="131072" count="1" timems="0.023" reason="satisfy allocation request" timestamp="2019-08-08T12:08:46.237" />
<gc-end id="6687" type="global" contextid="6679" durationms="38.765" usertimems="89.222" systemtimems="0.000" timestamp="2019-08-08T12:08:46.237" activeThreads="16">
  <mem-info id="6688" free="31075672" total="49020928" percent="63">
    <mem type="tenure" free="31075672" total="49020928" percent="63">
      <mem type="soa" free="30586200" total="48531456" percent="63" />
      <mem type="loa" free="489472" total="489472" percent="100" />
    </mem>
  </mem-info>
</gc-end>
<cycle-end id="6689" type="global" contextid="6679" timestamp="2019-08-08T12:08:46.237" />
  <attribute name="elasticGC enabled" value="1" />
  <attribute name= "numThreadsSpecified" value="16" />
  <attribute name="heapSize specified" value="48889856" />
  <attribute name="Current GC Util" value="45" />
  <attribute name= "Current Time Running" value="160727" />
  <attribute name ="GC Interval" value="0" />
  <attribute name="Target GC Util Change" value ="80.000000" />
  <attribute name="Current GC Util Change" value="45.000000"/>
  <attribute name="Current Error" value="-5.000000" />
  <attribute name="Output H" value="48965536"/>
  <attribute name="Output I" value="2000"/>
  <attribute name="Output T" value="16"/>
  <attribute name= "Current Time Running" value="160727" />
  <attribute name="GC Util currently" value="45" />
  <attribute name="CPU Util currently" value="47534384421" />
<allocation-satisfied id="6690" threadId="0000000002369F00" bytesRequested="1168" />
<af-end id="6691" timestamp="2019-08-08T12:08:46.237" threadId="000000000236A888" success="true" />
<exclusive-end id="6692" timestamp="2019-08-08T12:08:46.237" durationms="39.255" />

<concurrent-kickoff id="6693" timestamp="2019-08-08T12:08:46.241">
  <kickoff reason="threshold reached" targetBytes="5501003" thresholdFreeBytes="742799" remainingFree="634200" tenureFreeBytes="634200" />
</concurrent-kickoff>
<exclusive-start id="6694" timestamp="2019-08-08T12:08:46.242" intervalms="43.365">
  <response-info timems="0.101" idlems="0.101" threads="0" lastid="0000000002369F00" lastname="main" />
</exclusive-start>
<cycle-start id="6695" type="global" contextid="0" timestamp="2019-08-08T12:08:46.242" intervalms="43.268" />
<exclusive-end id="6696" timestamp="2019-08-08T12:08:46.242" durationms="0.101" />

<exclusive-start id="6697" timestamp="2019-08-08T12:08:46.242" intervalms="0.394">
  <response-info timems="0.010" idlems="0.010" threads="0" lastid="0000000002369F00" lastname="main" />
</exclusive-start>
<af-start id="6698" threadId="000000000236A888" totalBytesRequested="1168" timestamp="2019-08-08T12:08:46.242" intervalms="43.753" />
<concurrent-aborted id="6699" timestamp="2019-08-08T12:08:46.242">
  <reason value="insufficient progress made" />
</concurrent-aborted>
<cycle-end id="6700" type="global" contextid="6695" timestamp="2019-08-08T12:08:46.242" />
  <attribute name="elasticGC enabled" value="1" />
  <attribute name= "numThreadsSpecified" value="16" />
  <attribute name="heapSize specified" value="48889856" />
  <attribute name="Current GC Util" value="45" />
  <attribute name= "Current Time Running" value="160727" />
  <attribute name ="GC Interval" value="0" />
  <attribute name="Target GC Util Change" value ="80.000000" />
  <attribute name="Current GC Util Change" value="45.000000"/>
  <attribute name="Current Error" value="-5.000000" />
  <attribute name="Output H" value="48965536"/>
  <attribute name="Output I" value="2000"/>
  <attribute name="Output T" value="16"/>
  <attribute name= "Current Time Running" value="160727" />
  <attribute name="GC Util currently" value="45" />
  <attribute name="CPU Util currently" value="47534384421" />
<cycle-start id="6701" type="global" contextid="0" timestamp="2019-08-08T12:08:46.242" intervalms="0.555" />
<gc-start id="6702" type="global" contextid="6701" timestamp="2019-08-08T12:08:46.242">
  <mem-info id="6703" free="489472" total="49020928" percent="0">
    <mem type="tenure" free="489472" total="49020928" percent="0">
      <mem type="soa" free="0" total="48531456" percent="0" />
      <mem type="loa" free="489472" total="489472" percent="100" />
    </mem>
  </mem-info>
</gc-start>
<allocation-stats totalBytes="30548256" >
  <allocated-bytes non-tlh="0" tlh="30548256" />
  <largest-consumer threadName="main" threadId="0000000002369F00" bytes="30548256" />
</allocation-stats>
<gc-op id="6704" type="mark" timems="8.963" contextid="6701" timestamp="2019-08-08T12:08:46.251">
  <trace-info objectcount="596557" scancount="517551" scanbytes="13282244" />
  <finalization candidates="80" enqueued="0" />
  <ownableSynchronizers candidates="21" cleared="0" />
  <references type="soft" candidates="1850" cleared="0" enqueued="0" dynamicThreshold="20" maxThreshold="32" />
  <references type="weak" candidates="5700" cleared="0" enqueued="0" />
  <references type="phantom" candidates="97" cleared="0" enqueued="0" />
  <stringconstants candidates="13272" cleared="0"  />
</gc-op>
<gc-op id="6705" type="sweep" timems="4.448" contextid="6701" timestamp="2019-08-08T12:08:46.256" />
<mem-info id="6706" free="31141104" total="49020928" percent="63">
  <mem type="tenure" free="31141104" total="49020928" percent="63" micro-fragmented="0">
    <mem type="soa" free="30651632" total="48531456" percent="63" />
    <mem type="loa" free="489472" total="489472" percent="100" />
  </mem>
</mem-info>
<gc-op id="6707" type="compact" timems="32.739" contextid="6701" timestamp="2019-08-08T12:08:46.289">
  <compact-info movecount="2" movebytes="56" reason="compact to aid heap contraction" />
</gc-op>
<heap-resize id="6708" type="expand" space="tenure" amount="131072" count="1" timems="0.020" reason="satisfy allocation request" timestamp="2019-08-08T12:08:46.290" />
<gc-end id="6709" type="global" contextid="6701" durationms="47.334" usertimems="99.066" systemtimems="0.000" timestamp="2019-08-08T12:08:46.290" activeThreads="16">
  <mem-info id="6710" free="31206744" total="49152000" percent="63">
    <mem type="tenure" free="31206744" total="49152000" percent="63">
      <mem type="soa" free="30715224" total="48660480" percent="63" />
      <mem type="loa" free="491520" total="491520" percent="100" />
    </mem>
  </mem-info>
</gc-end>
<cycle-end id="6711" type="global" contextid="6701" timestamp="2019-08-08T12:08:46.290" />
  <attribute name="elasticGC enabled" value="1" />
  <attribute name= "numThreadsSpecified" value="16" />
  <attribute name="heapSize specified" value="49020928" />
  <attribute name="Current GC Util" value="48" />
  <attribute name= "Current Time Running" value="160779" />
  <attribute name ="GC Interval" value="0" />
  <attribute name="Target GC Util Change" value ="80.000000" />
  <attribute name="Current GC Util Change" value="48.000000"/>
  <attribute name="Current Error" value="32.000000" />
  <attribute name="Output H" value="49096648"/>
  <attribute name="Output I" value="2072"/>
  <attribute name="Output T" value="16"/>
  <attribute name= "Current Time Running" value="160779" />
  <attribute name="GC Util currently" value="48" />
  <attribute name="CPU Util currently" value="35066692113" />
<allocation-satisfied id="6712" threadId="0000000002369F00" bytesRequested="1168" />
<af-end id="6713" timestamp="2019-08-08T12:08:46.290" threadId="000000000236A888" success="true" />
<exclusive-end id="6714" timestamp="2019-08-08T12:08:46.290" durationms="47.764" />

<concurrent-kickoff id="6715" timestamp="2019-08-08T12:08:46.294">
  <kickoff reason="threshold reached" targetBytes="5515713" thresholdFreeBytes="744785" remainingFree="634200" tenureFreeBytes="634200" />
</concurrent-kickoff>
<exclusive-start id="6716" timestamp="2019-08-08T12:08:46.294" intervalms="52.523">
  <response-info timems="0.022" idlems="0.022" threads="0" lastid="0000000002369F00" lastname="main" />
</exclusive-start>
<cycle-start id="6717" type="global" contextid="0" timestamp="2019-08-08T12:08:46.294" intervalms="52.292" />
<exclusive-end id="6718" timestamp="2019-08-08T12:08:46.294" durationms="0.017" />

<exclusive-start id="6719" timestamp="2019-08-08T12:08:46.295" intervalms="0.500">
  <response-info timems="0.259" idlems="0.259" threads="0" lastid="0000000002369F00" lastname="main" />
</exclusive-start>
<af-start id="6720" threadId="000000000236A888" totalBytesRequested="1168" timestamp="2019-08-08T12:08:46.295" intervalms="52.999" />
<concurrent-aborted id="6721" timestamp="2019-08-08T12:08:46.295">
  <reason value="insufficient progress made" />
</concurrent-aborted>
<cycle-end id="6722" type="global" contextid="6717" timestamp="2019-08-08T12:08:46.295" />
  <attribute name="elasticGC enabled" value="1" />
  <attribute name= "numThreadsSpecified" value="16" />
  <attribute name="heapSize specified" value="49020928" />
  <attribute name="Current GC Util" value="48" />
  <attribute name= "Current Time Running" value="160779" />
  <attribute name ="GC Interval" value="0" />
  <attribute name="Target GC Util Change" value ="80.000000" />
  <attribute name="Current GC Util Change" value="48.000000"/>
  <attribute name="Current Error" value="32.000000" />
  <attribute name="Output H" value="49096648"/>
  <attribute name="Output I" value="2072"/>
  <attribute name="Output T" value="16"/>
  <attribute name= "Current Time Running" value="160779" />
  <attribute name="GC Util currently" value="48" />
  <attribute name="CPU Util currently" value="35066692113" />
<cycle-start id="6723" type="global" contextid="0" timestamp="2019-08-08T12:08:46.295" intervalms="0.635" />
<gc-start id="6724" type="global" contextid="6723" timestamp="2019-08-08T12:08:46.295">
  <mem-info id="6725" free="491520" total="49152000" percent="1">
    <mem type="tenure" free="491520" total="49152000" percent="1">
      <mem type="soa" free="0" total="48660480" percent="0" />
      <mem type="loa" free="491520" total="491520" percent="100" />
    </mem>
  </mem-info>
</gc-start>
<allocation-stats totalBytes="30676432" >
  <allocated-bytes non-tlh="0" tlh="30676432" />
  <largest-consumer threadName="main" threadId="0000000002369F00" bytes="30676432" />
</allocation-stats>
<gc-op id="6726" type="mark" timems="16.545" contextid="6723" timestamp="2019-08-08T12:08:46.312">
  <trace-info objectcount="596557" scancount="517550" scanbytes="13282244" />
  <finalization candidates="80" enqueued="0" />
  <ownableSynchronizers candidates="21" cleared="0" />
  <references type="soft" candidates="1850" cleared="0" enqueued="0" dynamicThreshold="20" maxThreshold="32" />
  <references type="weak" candidates="5700" cleared="0" enqueued="0" />
  <references type="phantom" candidates="97" cleared="0" enqueued="0" />
  <stringconstants candidates="13272" cleared="0"  />
</gc-op>
<gc-op id="6727" type="sweep" timems="4.353" contextid="6723" timestamp="2019-08-08T12:08:46.316" />
<mem-info id="6728" free="31271760" total="49152000" percent="63">
  <mem type="tenure" free="31271760" total="49152000" percent="63" micro-fragmented="0">
    <mem type="soa" free="30780240" total="48660480" percent="63" />
    <mem type="loa" free="491520" total="491520" percent="100" />
  </mem>
</mem-info>
<gc-op id="6729" type="compact" timems="34.774" contextid="6723" timestamp="2019-08-08T12:08:46.351">
  <compact-info movecount="2" movebytes="56" reason="compact to aid heap contraction" />
</gc-op>
<heap-resize id="6730" type="expand" space="tenure" amount="131072" count="1" timems="0.026" reason="satisfy allocation request" timestamp="2019-08-08T12:08:46.354" />
<gc-end id="6731" type="global" contextid="6723" durationms="59.316" usertimems="117.327" systemtimems="0.000" timestamp="2019-08-08T12:08:46.355" activeThreads="16">
  <mem-info id="6732" free="31337816" total="49283072" percent="63">
    <mem type="tenure" free="31337816" total="49283072" percent="63">
      <mem type="soa" free="30845272" total="48790528" percent="63" />
      <mem type="loa" free="492544" total="492544" percent="100" />
    </mem>
  </mem-info>
</gc-end>
<cycle-end id="6733" type="global" contextid="6723" timestamp="2019-08-08T12:08:46.355" />
  <attribute name="elasticGC enabled" value="1" />
  <attribute name= "numThreadsSpecified" value="16" />
  <attribute name="heapSize specified" value="49152000" />
  <attribute name="Current GC Util" value="39" />
  <attribute name= "Current Time Running" value="160841" />
  <attribute name ="GC Interval" value="0" />
  <attribute name="Target GC Util Change" value ="80.000000" />
  <attribute name="Current GC Util Change" value="39.000000"/>
  <attribute name="Current Error" value="-542.000000" />
  <attribute name="Output H" value="49227056"/>
  <attribute name="Output I" value="1040"/>
  <attribute name="Output T" value="16"/>
  <attribute name= "Current Time Running" value="160841" />
  <attribute name="GC Util currently" value="39" />
  <attribute name="CPU Util currently" value="33040724809" />
<allocation-satisfied id="6734" threadId="0000000002369F00" bytesRequested="1168" />
<af-end id="6735" timestamp="2019-08-08T12:08:46.355" threadId="000000000236A888" success="true" />
<exclusive-end id="6736" timestamp="2019-08-08T12:08:46.355" durationms="59.796" />

<concurrent-kickoff id="6737" timestamp="2019-08-08T12:08:46.360">
  <kickoff reason="threshold reached" targetBytes="5530421" thresholdFreeBytes="746772" remainingFree="634200" tenureFreeBytes="634200" />
</concurrent-kickoff>
<exclusive-start id="6738" timestamp="2019-08-08T12:08:46.360" intervalms="65.451">
  <response-info timems="0.026" idlems="0.026" threads="0" lastid="0000000002369F00" lastname="main" />
</exclusive-start>
<cycle-start id="6739" type="global" contextid="0" timestamp="2019-08-08T12:08:46.360" intervalms="65.335" />
<exclusive-end id="6740" timestamp="2019-08-08T12:08:46.360" durationms="0.037" />

<exclusive-start id="6741" timestamp="2019-08-08T12:08:46.361" intervalms="0.254">
  <response-info timems="0.009" idlems="0.009" threads="0" lastid="0000000002369F00" lastname="main" />
</exclusive-start>
<af-start id="6742" threadId="000000000236A888" totalBytesRequested="1168" timestamp="2019-08-08T12:08:46.361" intervalms="66.359" />
<concurrent-aborted id="6743" timestamp="2019-08-08T12:08:46.361">
  <reason value="insufficient progress made" />
</concurrent-aborted>
<cycle-end id="6744" type="global" contextid="6739" timestamp="2019-08-08T12:08:46.361" />
  <attribute name="elasticGC enabled" value="1" />
  <attribute name= "numThreadsSpecified" value="16" />
  <attribute name="heapSize specified" value="49152000" />
  <attribute name="Current GC Util" value="39" />
  <attribute name= "Current Time Running" value="160841" />
  <attribute name ="GC Interval" value="0" />
  <attribute name="Target GC Util Change" value ="80.000000" />
  <attribute name="Current GC Util Change" value="39.000000"/>
  <attribute name="Current Error" value="-542.000000" />
  <attribute name="Output H" value="49227056"/>
  <attribute name="Output I" value="1040"/>
  <attribute name="Output T" value="16"/>
  <attribute name= "Current Time Running" value="160841" />
  <attribute name="GC Util currently" value="39" />
  <attribute name="CPU Util currently" value="33040724809" />
<cycle-start id="6745" type="global" contextid="0" timestamp="2019-08-08T12:08:46.361" intervalms="0.955" />
<gc-start id="6746" type="global" contextid="6745" timestamp="2019-08-08T12:08:46.361">
  <mem-info id="6747" free="492544" total="49283072" percent="0">
    <mem type="tenure" free="492544" total="49283072" percent="0">
      <mem type="soa" free="0" total="48790528" percent="0" />
      <mem type="loa" free="492544" total="492544" percent="100" />
    </mem>
  </mem-info>
</gc-start>
<allocation-stats totalBytes="30805840" >
  <allocated-bytes non-tlh="0" tlh="30805840" />
  <largest-consumer threadName="main" threadId="0000000002369F00" bytes="30805840" />
</allocation-stats>
<gc-op id="6748" type="mark" timems="20.719" contextid="6745" timestamp="2019-08-08T12:08:46.382">
  <trace-info objectcount="596557" scancount="517547" scanbytes="13282244" />
  <finalization candidates="80" enqueued="0" />
  <ownableSynchronizers candidates="21" cleared="0" />
  <references type="soft" candidates="1850" cleared="0" enqueued="0" dynamicThreshold="20" maxThreshold="32" />
  <references type="weak" candidates="5700" cleared="0" enqueued="0" />
  <references type="phantom" candidates="97" cleared="0" enqueued="0" />
  <stringconstants candidates="13272" cleared="0"  />
</gc-op>
<gc-op id="6749" type="sweep" timems="3.717" contextid="6745" timestamp="2019-08-08T12:08:46.386" />
<mem-info id="6750" free="31402624" total="49283072" percent="63">
  <mem type="tenure" free="31402624" total="49283072" percent="63" micro-fragmented="0">
    <mem type="soa" free="30910080" total="48790528" percent="63" />
    <mem type="loa" free="492544" total="492544" percent="100" />
  </mem>
</mem-info>
<gc-op id="6751" type="compact" timems="39.071" contextid="6745" timestamp="2019-08-08T12:08:46.425">
  <compact-info movecount="2" movebytes="56" reason="compact to aid heap contraction" />
</gc-op>
<heap-resize id="6752" type="expand" space="tenure" amount="131072" count="1" timems="0.024" reason="satisfy allocation request" timestamp="2019-08-08T12:08:46.426" />
<gc-end id="6753" type="global" contextid="6745" durationms="65.074" usertimems="132.825" systemtimems="0.000" timestamp="2019-08-08T12:08:46.427" activeThreads="16">
  <mem-info id="6754" free="31468888" total="49414144" percent="63">
    <mem type="tenure" free="31468888" total="49414144" percent="63">
      <mem type="soa" free="30975320" total="48920576" percent="63" />
      <mem type="loa" free="493568" total="493568" percent="100" />
    </mem>
  </mem-info>
</gc-end>
<cycle-end id="6755" type="global" contextid="6745" timestamp="2019-08-08T12:08:46.427" />
  <attribute name="elasticGC enabled" value="1" />
  <attribute name= "numThreadsSpecified" value="16" />
  <attribute name="heapSize specified" value="49283072" />
  <attribute name="Current GC Util" value="75" />
  <attribute name= "Current Time Running" value="160915" />
  <attribute name ="GC Interval" value="0" />
  <attribute name="Target GC Util Change" value ="80.000000" />
  <attribute name="Current GC Util Change" value="75.000000"/>
  <attribute name="Current Error" value="-463.000000" />
  <attribute name="Output H" value="49358224"/>
  <attribute name="Output I" value="1184"/>
  <attribute name="Output T" value="16"/>
  <attribute name= "Current Time Running" value="160915" />
  <attribute name="GC Util currently" value="75" />
  <attribute name="CPU Util currently" value="29485724885" />
<allocation-satisfied id="6756" threadId="0000000002369F00" bytesRequested="1168" />
<af-end id="6757" timestamp="2019-08-08T12:08:46.427" threadId="000000000236A888" success="true" />
<exclusive-end id="6758" timestamp="2019-08-08T12:08:46.427" durationms="65.935" />

<concurrent-kickoff id="6759" timestamp="2019-08-08T12:08:46.431">
  <kickoff reason="threshold reached" targetBytes="5545130" thresholdFreeBytes="748757" remainingFree="634200" tenureFreeBytes="634200" />
</concurrent-kickoff>
<exclusive-start id="6760" timestamp="2019-08-08T12:08:46.432" intervalms="70.870">
  <response-info timems="0.019" idlems="0.019" threads="0" lastid="0000000002369F00" lastname="main" />
</exclusive-start>
<cycle-start id="6761" type="global" contextid="0" timestamp="2019-08-08T12:08:46.432" intervalms="70.161" />
<exclusive-end id="6762" timestamp="2019-08-08T12:08:46.432" durationms="0.027" />

<exclusive-start id="6763" timestamp="2019-08-08T12:08:46.432" intervalms="0.210">
  <response-info timems="0.020" idlems="0.020" threads="0" lastid="0000000002369F00" lastname="main" />
</exclusive-start>
<af-start id="6764" threadId="000000000236A888" totalBytesRequested="1168" timestamp="2019-08-08T12:08:46.432" intervalms="70.423" />
<concurrent-aborted id="6765" timestamp="2019-08-08T12:08:46.432">
  <reason value="insufficient progress made" />
</concurrent-aborted>
<cycle-end id="6766" type="global" contextid="6761" timestamp="2019-08-08T12:08:46.432" />
  <attribute name="elasticGC enabled" value="1" />
  <attribute name= "numThreadsSpecified" value="16" />
  <attribute name="heapSize specified" value="49283072" />
  <attribute name="Current GC Util" value="75" />
  <attribute name= "Current Time Running" value="160915" />
  <attribute name ="GC Interval" value="0" />
  <attribute name="Target GC Util Change" value ="80.000000" />
  <attribute name="Current GC Util Change" value="75.000000"/>
  <attribute name="Current Error" value="-463.000000" />
  <attribute name="Output H" value="49358224"/>
  <attribute name="Output I" value="1184"/>
  <attribute name="Output T" value="16"/>
  <attribute name= "Current Time Running" value="160915" />
  <attribute name="GC Util currently" value="75" />
  <attribute name="CPU Util currently" value="29485724885" />
<cycle-start id="6767" type="global" contextid="0" timestamp="2019-08-08T12:08:46.432" intervalms="0.365" />
<gc-start id="6768" type="global" contextid="6767" timestamp="2019-08-08T12:08:46.432">
  <mem-info id="6769" free="493568" total="49414144" percent="0">
    <mem type="tenure" free="493568" total="49414144" percent="0">
      <mem type="soa" free="0" total="48920576" percent="0" />
      <mem type="loa" free="493568" total="493568" percent="100" />
    </mem>
  </mem-info>
</gc-start>
<allocation-stats totalBytes="30935248" >
  <allocated-bytes non-tlh="0" tlh="30935248" />
  <largest-consumer threadName="main" threadId="0000000002369F00" bytes="30935248" />
</allocation-stats>
<gc-op id="6770" type="mark" timems="13.689" contextid="6767" timestamp="2019-08-08T12:08:46.446">
  <trace-info objectcount="596557" scancount="517568" scanbytes="13282244" />
  <finalization candidates="80" enqueued="0" />
  <ownableSynchronizers candidates="21" cleared="0" />
  <references type="soft" candidates="1850" cleared="0" enqueued="0" dynamicThreshold="20" maxThreshold="32" />
  <references type="weak" candidates="5700" cleared="0" enqueued="0" />
  <references type="phantom" candidates="97" cleared="0" enqueued="0" />
  <stringconstants candidates="13272" cleared="0"  />
</gc-op>
<gc-op id="6771" type="sweep" timems="5.254" contextid="6767" timestamp="2019-08-08T12:08:46.451" />
<mem-info id="6772" free="31534424" total="49414144" percent="63">
  <mem type="tenure" free="31534424" total="49414144" percent="63" micro-fragmented="0">
    <mem type="soa" free="31040856" total="48920576" percent="63" />
    <mem type="loa" free="493568" total="493568" percent="100" />
  </mem>
</mem-info>
<gc-op id="6773" type="compact" timems="33.177" contextid="6767" timestamp="2019-08-08T12:08:46.484">
  <compact-info movecount="2" movebytes="56" reason="compact to aid heap contraction" />
</gc-op>
<heap-resize id="6774" type="expand" space="tenure" amount="131072" count="1" timems="0.022" reason="satisfy allocation request" timestamp="2019-08-08T12:08:46.485" />
<gc-end id="6775" type="global" contextid="6767" durationms="52.873" usertimems="108.016" systemtimems="0.000" timestamp="2019-08-08T12:08:46.485" activeThreads="16">
  <mem-info id="6776" free="31599960" total="49545216" percent="63">
    <mem type="tenure" free="31599960" total="49545216" percent="63">
      <mem type="soa" free="31105368" total="49050624" percent="63" />
      <mem type="loa" free="494592" total="494592" percent="100" />
    </mem>
  </mem-info>
</gc-end>
<cycle-end id="6777" type="global" contextid="6767" timestamp="2019-08-08T12:08:46.485" />
  <attribute name="elasticGC enabled" value="1" />
  <attribute name= "numThreadsSpecified" value="16" />
  <attribute name="heapSize specified" value="49414144" />
  <attribute name="Current GC Util" value="27" />
  <attribute name= "Current Time Running" value="160974" />
  <attribute name ="GC Interval" value="0" />
  <attribute name="Target GC Util Change" value ="80.000000" />
  <attribute name="Current GC Util Change" value="27.000000"/>
  <attribute name="Current Error" value="-285.000000" />
  <attribute name="Output H" value="49489496"/>
  <attribute name="Output I" value="1504"/>
  <attribute name="Output T" value="16"/>
  <attribute name= "Current Time Running" value="160974" />
  <attribute name="GC Util currently" value="27" />
  <attribute name="CPU Util currently" value="34709791378" />
<allocation-satisfied id="6778" threadId="0000000002369F00" bytesRequested="1168" />
<af-end id="6779" timestamp="2019-08-08T12:08:46.485" threadId="000000000236A888" success="true" />
<exclusive-end id="6780" timestamp="2019-08-08T12:08:46.485" durationms="53.221" />

<concurrent-kickoff id="6781" timestamp="2019-08-08T12:08:46.488">
  <kickoff reason="threshold reached" targetBytes="5559837" thresholdFreeBytes="750743" remainingFree="634200" tenureFreeBytes="634200" />
</concurrent-kickoff>
<exclusive-start id="6782" timestamp="2019-08-08T12:08:46.489" intervalms="56.796">
  <response-info timems="0.028" idlems="0.028" threads="0" lastid="0000000002369F00" lastname="main" />
</exclusive-start>
<cycle-start id="6783" type="global" contextid="0" timestamp="2019-08-08T12:08:46.489" intervalms="56.655" />
<exclusive-end id="6784" timestamp="2019-08-08T12:08:46.489" durationms="0.042" />

<exclusive-start id="6785" timestamp="2019-08-08T12:08:46.489" intervalms="0.248">
  <response-info timems="0.011" idlems="0.011" threads="0" lastid="0000000002369F00" lastname="main" />
</exclusive-start>
<af-start id="6786" threadId="000000000236A888" totalBytesRequested="1168" timestamp="2019-08-08T12:08:46.489" intervalms="57.040" />
<concurrent-aborted id="6787" timestamp="2019-08-08T12:08:46.489">
  <reason value="insufficient progress made" />
</concurrent-aborted>
<cycle-end id="6788" type="global" contextid="6783" timestamp="2019-08-08T12:08:46.489" />
  <attribute name="elasticGC enabled" value="1" />
  <attribute name= "numThreadsSpecified" value="16" />
  <attribute name="heapSize specified" value="49414144" />
  <attribute name="Current GC Util" value="27" />
  <attribute name= "Current Time Running" value="160974" />
  <attribute name ="GC Interval" value="0" />
  <attribute name="Target GC Util Change" value ="80.000000" />
  <attribute name="Current GC Util Change" value="27.000000"/>
  <attribute name="Current Error" value="-285.000000" />
  <attribute name="Output H" value="49489496"/>
  <attribute name="Output I" value="1504"/>
  <attribute name="Output T" value="16"/>
  <attribute name= "Current Time Running" value="160974" />
  <attribute name="GC Util currently" value="27" />
  <attribute name="CPU Util currently" value="34709791378" />
<cycle-start id="6789" type="global" contextid="0" timestamp="2019-08-08T12:08:46.489" intervalms="0.285" />
<gc-start id="6790" type="global" contextid="6789" timestamp="2019-08-08T12:08:46.489">
  <mem-info id="6791" free="494592" total="49545216" percent="0">
    <mem type="tenure" free="494592" total="49545216" percent="0">
      <mem type="soa" free="0" total="49050624" percent="0" />
      <mem type="loa" free="494592" total="494592" percent="100" />
    </mem>
  </mem-info>
</gc-start>
<allocation-stats totalBytes="31064656" >
  <allocated-bytes non-tlh="0" tlh="31064656" />
  <largest-consumer threadName="main" threadId="0000000002369F00" bytes="31064656" />
</allocation-stats>
<gc-op id="6792" type="mark" timems="13.761" contextid="6789" timestamp="2019-08-08T12:08:46.503">
  <trace-info objectcount="596557" scancount="517552" scanbytes="13282244" />
  <finalization candidates="80" enqueued="0" />
  <ownableSynchronizers candidates="21" cleared="0" />
  <references type="soft" candidates="1850" cleared="0" enqueued="0" dynamicThreshold="20" maxThreshold="32" />
  <references type="weak" candidates="5700" cleared="0" enqueued="0" />
  <references type="phantom" candidates="97" cleared="0" enqueued="0" />
  <stringconstants candidates="13272" cleared="0"  />
</gc-op>
<gc-op id="6793" type="sweep" timems="3.301" contextid="6789" timestamp="2019-08-08T12:08:46.506" />
<mem-info id="6794" free="31665496" total="49545216" percent="63">
  <mem type="tenure" free="31665496" total="49545216" percent="63" micro-fragmented="0">
    <mem type="soa" free="31170904" total="49050624" percent="63" />
    <mem type="loa" free="494592" total="494592" percent="100" />
  </mem>
</mem-info>
<gc-op id="6795" type="compact" timems="23.562" contextid="6789" timestamp="2019-08-08T12:08:46.530">
  <compact-info movecount="2" movebytes="56" reason="compact to aid heap contraction" />
</gc-op>
<heap-resize id="6796" type="expand" space="tenure" amount="131072" count="1" timems="0.020" reason="satisfy allocation request" timestamp="2019-08-08T12:08:46.530" />
<gc-end id="6797" type="global" contextid="6789" durationms="41.538" usertimems="127.233" systemtimems="0.000" timestamp="2019-08-08T12:08:46.530" activeThreads="16">
  <mem-info id="6798" free="31731032" total="49676288" percent="63">
    <mem type="tenure" free="31731032" total="49676288" percent="63">
      <mem type="soa" free="31234392" total="49179648" percent="63" />
      <mem type="loa" free="496640" total="496640" percent="100" />
    </mem>
  </mem-info>
</gc-end>
<cycle-end id="6799" type="global" contextid="6789" timestamp="2019-08-08T12:08:46.530" />
  <attribute name="elasticGC enabled" value="1" />
  <attribute name= "numThreadsSpecified" value="16" />
  <attribute name="heapSize specified" value="49545216" />
  <attribute name="Current GC Util" value="54" />
  <attribute name= "Current Time Running" value="161020" />
  <attribute name ="GC Interval" value="0" />
  <attribute name="Target GC Util Change" value ="80.000000" />
  <attribute name="Current GC Util Change" value="54.000000"/>
  <attribute name="Current Error" value="80.000000" />
  <attribute name="Output H" value="49620992"/>
  <attribute name="Output I" value="2152"/>
  <attribute name="Output T" value="16"/>
  <attribute name= "Current Time Running" value="161020" />
  <attribute name="GC Util currently" value="54" />
  <attribute name="CPU Util currently" value="48819255447" />
<allocation-satisfied id="6800" threadId="0000000002369F00" bytesRequested="1168" />
<af-end id="6801" timestamp="2019-08-08T12:08:46.530" threadId="000000000236A888" success="true" />
<exclusive-end id="6802" timestamp="2019-08-08T12:08:46.530" durationms="41.719" />

<concurrent-kickoff id="6803" timestamp="2019-08-08T12:08:46.534">
  <kickoff reason="threshold reached" targetBytes="5574547" thresholdFreeBytes="752730" remainingFree="634200" tenureFreeBytes="634200" />
</concurrent-kickoff>
<exclusive-start id="6804" timestamp="2019-08-08T12:08:46.534" intervalms="45.060">
  <response-info timems="0.052" idlems="0.052" threads="0" lastid="0000000002369F00" lastname="main" />
</exclusive-start>
<cycle-start id="6805" type="global" contextid="0" timestamp="2019-08-08T12:08:46.534" intervalms="44.997" />
<exclusive-end id="6806" timestamp="2019-08-08T12:08:46.534" durationms="0.015" />

<exclusive-start id="6807" timestamp="2019-08-08T12:08:46.534" intervalms="0.190">
  <response-info timems="0.009" idlems="0.009" threads="0" lastid="0000000002369F00" lastname="main" />
</exclusive-start>
<af-start id="6808" threadId="000000000236A888" totalBytesRequested="1168" timestamp="2019-08-08T12:08:46.534" intervalms="45.253" />
<concurrent-aborted id="6809" timestamp="2019-08-08T12:08:46.534">
  <reason value="insufficient progress made" />
</concurrent-aborted>
<cycle-end id="6810" type="global" contextid="6805" timestamp="2019-08-08T12:08:46.534" />
  <attribute name="elasticGC enabled" value="1" />
  <attribute name= "numThreadsSpecified" value="16" />
  <attribute name="heapSize specified" value="49545216" />
  <attribute name="Current GC Util" value="54" />
  <attribute name= "Current Time Running" value="161020" />
  <attribute name ="GC Interval" value="0" />
  <attribute name="Target GC Util Change" value ="80.000000" />
  <attribute name="Current GC Util Change" value="54.000000"/>
  <attribute name="Current Error" value="80.000000" />
  <attribute name="Output H" value="49620992"/>
  <attribute name="Output I" value="2152"/>
  <attribute name="Output T" value="16"/>
  <attribute name= "Current Time Running" value="161020" />
  <attribute name="GC Util currently" value="54" />
  <attribute name="CPU Util currently" value="48819255447" />
<cycle-start id="6811" type="global" contextid="0" timestamp="2019-08-08T12:08:46.534" intervalms="0.256" />
<gc-start id="6812" type="global" contextid="6811" timestamp="2019-08-08T12:08:46.534">
  <mem-info id="6813" free="496640" total="49676288" percent="0">
    <mem type="tenure" free="496640" total="49676288" percent="0">
      <mem type="soa" free="0" total="49179648" percent="0" />
      <mem type="loa" free="496640" total="496640" percent="100" />
    </mem>
  </mem-info>
</gc-start>
<allocation-stats totalBytes="31194064" >
  <allocated-bytes non-tlh="0" tlh="31194064" />
  <largest-consumer threadName="main" threadId="0000000002369F00" bytes="31194064" />
</allocation-stats>
<gc-op id="6814" type="mark" timems="8.470" contextid="6811" timestamp="2019-08-08T12:08:46.543">
  <trace-info objectcount="596557" scancount="517551" scanbytes="13282244" />
  <finalization candidates="80" enqueued="0" />
  <ownableSynchronizers candidates="21" cleared="0" />
  <references type="soft" candidates="1850" cleared="0" enqueued="0" dynamicThreshold="20" maxThreshold="32" />
  <references type="weak" candidates="5700" cleared="0" enqueued="0" />
  <references type="phantom" candidates="97" cleared="0" enqueued="0" />
  <stringconstants candidates="13272" cleared="0"  />
</gc-op>
<gc-op id="6815" type="sweep" timems="3.506" contextid="6811" timestamp="2019-08-08T12:08:46.546" />
<mem-info id="6816" free="31796240" total="49676288" percent="64">
  <mem type="tenure" free="31796240" total="49676288" percent="64" micro-fragmented="0">
    <mem type="soa" free="31299600" total="49179648" percent="63" />
    <mem type="loa" free="496640" total="496640" percent="100" />
  </mem>
</mem-info>
<gc-op id="6817" type="compact" timems="22.962" contextid="6811" timestamp="2019-08-08T12:08:46.569">
  <compact-info movecount="2" movebytes="56" reason="compact to aid heap contraction" />
</gc-op>
<heap-resize id="6818" type="expand" space="tenure" amount="131072" count="1" timems="0.023" reason="satisfy allocation request" timestamp="2019-08-08T12:08:46.570" />
<gc-end id="6819" type="global" contextid="6811" durationms="35.593" usertimems="68.836" systemtimems="0.000" timestamp="2019-08-08T12:08:46.570" activeThreads="16">
  <mem-info id="6820" free="31862104" total="49807360" percent="63">
    <mem type="tenure" free="31862104" total="49807360" percent="63">
      <mem type="soa" free="31364440" total="49309696" percent="63" />
      <mem type="loa" free="497664" total="497664" percent="100" />
    </mem>
  </mem-info>
</gc-end>
<cycle-end id="6821" type="global" contextid="6811" timestamp="2019-08-08T12:08:46.570" />
  <attribute name="elasticGC enabled" value="1" />
  <attribute name= "numThreadsSpecified" value="16" />
  <attribute name="heapSize specified" value="49676288" />
  <attribute name="Current GC Util" value="100" />
  <attribute name= "Current Time Running" value="161059" />
  <attribute name ="GC Interval" value="0" />
  <attribute name="Target GC Util Change" value ="80.000000" />
  <attribute name="Current GC Util Change" value="100.000000"/>
  <attribute name="Current Error" value="33.000000" />
  <attribute name="Output H" value="49752008"/>
  <attribute name="Output I" value="2072"/>
  <attribute name="Output T" value="16"/>
  <attribute name= "Current Time Running" value="161059" />
  <attribute name="GC Util currently" value="100" />
  <attribute name="CPU Util currently" value="50111182127" />
<allocation-satisfied id="6822" threadId="0000000002369F00" bytesRequested="1168" />
<af-end id="6823" timestamp="2019-08-08T12:08:46.570" threadId="000000000236A888" success="true" />
<exclusive-end id="6824" timestamp="2019-08-08T12:08:46.570" durationms="35.809" />

<concurrent-kickoff id="6825" timestamp="2019-08-08T12:08:46.573">
  <kickoff reason="threshold reached" targetBytes="5589255" thresholdFreeBytes="754716" remainingFree="634200" tenureFreeBytes="634200" />
</concurrent-kickoff>
<exclusive-start id="6826" timestamp="2019-08-08T12:08:46.574" intervalms="39.545">
  <response-info timems="0.027" idlems="0.027" threads="0" lastid="0000000002369F00" lastname="main" />
</exclusive-start>
<cycle-start id="6827" type="global" contextid="0" timestamp="2019-08-08T12:08:46.574" intervalms="39.490" />
<exclusive-end id="6828" timestamp="2019-08-08T12:08:46.574" durationms="0.028" />

<exclusive-start id="6829" timestamp="2019-08-08T12:08:46.574" intervalms="0.371">
  <response-info timems="0.127" idlems="0.127" threads="0" lastid="0000000002369F00" lastname="main" />
</exclusive-start>
<af-start id="6830" threadId="000000000236A888" totalBytesRequested="1168" timestamp="2019-08-08T12:08:46.574" intervalms="39.935" />
<concurrent-aborted id="6831" timestamp="2019-08-08T12:08:46.574">
  <reason value="insufficient progress made" />
</concurrent-aborted>
<cycle-end id="6832" type="global" contextid="6827" timestamp="2019-08-08T12:08:46.574" />
  <attribute name="elasticGC enabled" value="1" />
  <attribute name= "numThreadsSpecified" value="16" />
  <attribute name="heapSize specified" value="49676288" />
  <attribute name="Current GC Util" value="100" />
  <attribute name= "Current Time Running" value="161059" />
  <attribute name ="GC Interval" value="0" />
  <attribute name="Target GC Util Change" value ="80.000000" />
  <attribute name="Current GC Util Change" value="100.000000"/>
  <attribute name="Current Error" value="33.000000" />
  <attribute name="Output H" value="49752008"/>
  <attribute name="Output I" value="2072"/>
  <attribute name="Output T" value="16"/>
  <attribute name= "Current Time Running" value="161059" />
  <attribute name="GC Util currently" value="100" />
  <attribute name="CPU Util currently" value="50111182127" />
<cycle-start id="6833" type="global" contextid="0" timestamp="2019-08-08T12:08:46.574" intervalms="0.463" />
<gc-start id="6834" type="global" contextid="6833" timestamp="2019-08-08T12:08:46.574">
  <mem-info id="6835" free="497664" total="49807360" percent="0">
    <mem type="tenure" free="497664" total="49807360" percent="0">
      <mem type="soa" free="0" total="49309696" percent="0" />
      <mem type="loa" free="497664" total="497664" percent="100" />
    </mem>
  </mem-info>
</gc-start>
<allocation-stats totalBytes="31323472" >
  <allocated-bytes non-tlh="0" tlh="31323472" />
  <largest-consumer threadName="main" threadId="0000000002369F00" bytes="31323472" />
</allocation-stats>
<gc-op id="6836" type="mark" timems="9.839" contextid="6833" timestamp="2019-08-08T12:08:46.584">
  <trace-info objectcount="596201" scancount="517194" scanbytes="13270784" />
  <finalization candidates="80" enqueued="0" />
  <ownableSynchronizers candidates="21" cleared="0" />
  <references type="soft" candidates="1850" cleared="7" enqueued="7" dynamicThreshold="20" maxThreshold="32" />
  <references type="weak" candidates="5700" cleared="0" enqueued="0" />
  <references type="phantom" candidates="97" cleared="0" enqueued="0" />
  <stringconstants candidates="13272" cleared="0"  />
</gc-op>
<gc-op id="6837" type="sweep" timems="3.369" contextid="6833" timestamp="2019-08-08T12:08:46.588" />
<mem-info id="6838" free="31938344" total="49807360" percent="64">
  <mem type="tenure" free="31938344" total="49807360" percent="64" micro-fragmented="0">
    <mem type="soa" free="31440680" total="49309696" percent="63" />
    <mem type="loa" free="497664" total="497664" percent="100" />
  </mem>
  <pending-finalizers system="0" default="0" reference="7" classloader="0" />
</mem-info>
<gc-op id="6839" type="compact" timems="21.377" contextid="6833" timestamp="2019-08-08T12:08:46.609">
  <compact-info movecount="229" movebytes="8784" reason="compact to aid heap contraction" />
</gc-op>
<heap-resize id="6840" type="expand" space="tenure" amount="131072" count="1" timems="0.020" reason="satisfy allocation request" timestamp="2019-08-08T12:08:46.610" />
<gc-end id="6841" type="global" contextid="6833" durationms="35.491" usertimems="78.475" systemtimems="0.000" timestamp="2019-08-08T12:08:46.610" activeThreads="16">
  <mem-info id="6842" free="32004848" total="49938432" percent="64">
    <mem type="tenure" free="32004848" total="49938432" percent="64">
      <mem type="soa" free="31506160" total="49439744" percent="63" />
      <mem type="loa" free="498688" total="498688" percent="100" />
    </mem>
    <pending-finalizers system="0" default="0" reference="7" classloader="0" />
  </mem-info>
</gc-end>
<cycle-end id="6843" type="global" contextid="6833" timestamp="2019-08-08T12:08:46.610" />
  <attribute name="elasticGC enabled" value="1" />
  <attribute name= "numThreadsSpecified" value="16" />
  <attribute name="heapSize specified" value="49807360" />
  <attribute name="Current GC Util" value="36" />
  <attribute name= "Current Time Running" value="161099" />
  <attribute name ="GC Interval" value="0" />
  <attribute name="Target GC Util Change" value ="80.000000" />
  <attribute name="Current GC Util Change" value="36.000000"/>
  <attribute name="Current Error" value="44.000000" />
  <attribute name="Output H" value="49883096"/>
  <attribute name="Output I" value="2088"/>
  <attribute name="Output T" value="16"/>
  <attribute name= "Current Time Running" value="161099" />
  <attribute name="GC Util currently" value="36" />
  <attribute name="CPU Util currently" value="53822485817" />
<allocation-satisfied id="6844" threadId="0000000002369F00" bytesRequested="1168" />
<af-end id="6845" timestamp="2019-08-08T12:08:46.610" threadId="000000000236A888" success="true" />
<exclusive-end id="6846" timestamp="2019-08-08T12:08:46.610" durationms="35.726" />

<concurrent-kickoff id="6847" timestamp="2019-08-08T12:08:46.614">
  <kickoff reason="threshold reached" targetBytes="5603963" thresholdFreeBytes="756702" remainingFree="641776" tenureFreeBytes="641776" />
</concurrent-kickoff>
<exclusive-start id="6848" timestamp="2019-08-08T12:08:46.614" intervalms="39.983">
  <response-info timems="0.020" idlems="0.020" threads="0" lastid="0000000002369F00" lastname="main" />
</exclusive-start>
<cycle-start id="6849" type="global" contextid="0" timestamp="2019-08-08T12:08:46.614" intervalms="39.879" />
<exclusive-end id="6850" timestamp="2019-08-08T12:08:46.614" durationms="0.013" />

<exclusive-start id="6851" timestamp="2019-08-08T12:08:46.614" intervalms="0.194">
  <response-info timems="0.019" idlems="0.019" threads="0" lastid="0000000002369F00" lastname="main" />
</exclusive-start>
<af-start id="6852" threadId="000000000236A888" totalBytesRequested="1168" timestamp="2019-08-08T12:08:46.614" intervalms="40.158" />
<concurrent-aborted id="6853" timestamp="2019-08-08T12:08:46.614">
  <reason value="insufficient progress made" />
</concurrent-aborted>
<cycle-end id="6854" type="global" contextid="6849" timestamp="2019-08-08T12:08:46.614" />
  <attribute name="elasticGC enabled" value="1" />
  <attribute name= "numThreadsSpecified" value="16" />
  <attribute name="heapSize specified" value="49807360" />
  <attribute name="Current GC Util" value="36" />
  <attribute name= "Current Time Running" value="161099" />
  <attribute name ="GC Interval" value="0" />
  <attribute name="Target GC Util Change" value ="80.000000" />
  <attribute name="Current GC Util Change" value="36.000000"/>
  <attribute name="Current Error" value="44.000000" />
  <attribute name="Output H" value="49883096"/>
  <attribute name="Output I" value="2088"/>
  <attribute name="Output T" value="16"/>
  <attribute name= "Current Time Running" value="161099" />
  <attribute name="GC Util currently" value="36" />
  <attribute name="CPU Util currently" value="53822485817" />
<cycle-start id="6855" type="global" contextid="0" timestamp="2019-08-08T12:08:46.614" intervalms="0.252" />
<gc-start id="6856" type="global" contextid="6855" timestamp="2019-08-08T12:08:46.614">
  <mem-info id="6857" free="498688" total="49938432" percent="0">
    <mem type="tenure" free="498688" total="49938432" percent="0">
      <mem type="soa" free="0" total="49439744" percent="0" />
      <mem type="loa" free="498688" total="498688" percent="100" />
    </mem>
  </mem-info>
</gc-start>
<allocation-stats totalBytes="31464392" >
  <allocated-bytes non-tlh="0" tlh="31464392" />
  <largest-consumer threadName="main" threadId="0000000002369F00" bytes="31460296" />
</allocation-stats>
<gc-op id="6858" type="mark" timems="9.761" contextid="6855" timestamp="2019-08-08T12:08:46.624">
  <trace-info objectcount="596188" scancount="517190" scanbytes="13270776" />
  <finalization candidates="80" enqueued="0" />
  <ownableSynchronizers candidates="21" cleared="0" />
  <references type="soft" candidates="1843" cleared="0" enqueued="0" dynamicThreshold="20" maxThreshold="32" />
  <references type="weak" candidates="5700" cleared="0" enqueued="0" />
  <references type="phantom" candidates="97" cleared="0" enqueued="0" />
  <stringconstants candidates="13272" cleared="0"  />
</gc-op>
<gc-op id="6859" type="sweep" timems="3.564" contextid="6855" timestamp="2019-08-08T12:08:46.628" />
<mem-info id="6860" free="32069864" total="49938432" percent="64">
  <mem type="tenure" free="32069864" total="49938432" percent="64" micro-fragmented="0">
    <mem type="soa" free="31571176" total="49439744" percent="63" />
    <mem type="loa" free="498688" total="498688" percent="100" />
  </mem>
</mem-info>
<gc-op id="6861" type="compact" timems="21.820" contextid="6855" timestamp="2019-08-08T12:08:46.649">
  <compact-info movecount="212" movebytes="8672" reason="compact to aid heap contraction" />
</gc-op>
<heap-resize id="6862" type="expand" space="tenure" amount="131072" count="1" timems="0.019" reason="satisfy allocation request" timestamp="2019-08-08T12:08:46.650" />
<gc-end id="6863" type="global" contextid="6855" durationms="36.005" usertimems="77.613" systemtimems="0.000" timestamp="2019-08-08T12:08:46.650" activeThreads="16">
  <mem-info id="6864" free="32135928" total="50069504" percent="64">
    <mem type="tenure" free="32135928" total="50069504" percent="64">
      <mem type="soa" free="31636216" total="49569792" percent="63" />
      <mem type="loa" free="499712" total="499712" percent="100" />
    </mem>
  </mem-info>
</gc-end>
<cycle-end id="6865" type="global" contextid="6855" timestamp="2019-08-08T12:08:46.650" />
  <attribute name="elasticGC enabled" value="1" />
  <attribute name= "numThreadsSpecified" value="16" />
  <attribute name="heapSize specified" value="49938432" />
  <attribute name="Current GC Util" value="36" />
  <attribute name= "Current Time Running" value="161140" />
  <attribute name ="GC Interval" value="0" />
  <attribute name="Target GC Util Change" value ="80.000000" />
  <attribute name="Current GC Util Change" value="36.000000"/>
  <attribute name="Current Error" value="-685.000000" />
  <attribute name="Output H" value="50013328"/>
  <attribute name="Output I" value="792"/>
  <attribute name="Output T" value="16"/>
  <attribute name= "Current Time Running" value="161140" />
  <attribute name="GC Util currently" value="36" />
  <attribute name="CPU Util currently" value="52761615979" />
<allocation-satisfied id="6866" threadId="0000000002369F00" bytesRequested="1168" />
<af-end id="6867" timestamp="2019-08-08T12:08:46.650" threadId="000000000236A888" success="true" />
<exclusive-end id="6868" timestamp="2019-08-08T12:08:46.650" durationms="36.172" />

<concurrent-kickoff id="6869" timestamp="2019-08-08T12:08:46.655">
  <kickoff reason="threshold reached" targetBytes="5618673" thresholdFreeBytes="758689" remainingFree="645880" tenureFreeBytes="645880" />
</concurrent-kickoff>
<exclusive-start id="6870" timestamp="2019-08-08T12:08:46.655" intervalms="41.321">
  <response-info timems="0.023" idlems="0.023" threads="0" lastid="0000000002369F00" lastname="main" />
</exclusive-start>
<cycle-start id="6871" type="global" contextid="0" timestamp="2019-08-08T12:08:46.655" intervalms="41.287" />
<exclusive-end id="6872" timestamp="2019-08-08T12:08:46.655" durationms="0.040" />

<exclusive-start id="6873" timestamp="2019-08-08T12:08:46.656" intervalms="0.273">
  <response-info timems="0.009" idlems="0.009" threads="0" lastid="0000000002369F00" lastname="main" />
</exclusive-start>
<af-start id="6874" threadId="000000000236A888" totalBytesRequested="1168" timestamp="2019-08-08T12:08:46.656" intervalms="41.601" />
<concurrent-aborted id="6875" timestamp="2019-08-08T12:08:46.656">
  <reason value="insufficient progress made" />
</concurrent-aborted>
<cycle-end id="6876" type="global" contextid="6871" timestamp="2019-08-08T12:08:46.656" />
  <attribute name="elasticGC enabled" value="1" />
  <attribute name= "numThreadsSpecified" value="16" />
  <attribute name="heapSize specified" value="49938432" />
  <attribute name="Current GC Util" value="36" />
  <attribute name= "Current Time Running" value="161140" />
  <attribute name ="GC Interval" value="0" />
  <attribute name="Target GC Util Change" value ="80.000000" />
  <attribute name="Current GC Util Change" value="36.000000"/>
  <attribute name="Current Error" value="-685.000000" />
  <attribute name="Output H" value="50013328"/>
  <attribute name="Output I" value="792"/>
  <attribute name="Output T" value="16"/>
  <attribute name= "Current Time Running" value="161140" />
  <attribute name="GC Util currently" value="36" />
  <attribute name="CPU Util currently" value="52761615979" />
<cycle-start id="6877" type="global" contextid="0" timestamp="2019-08-08T12:08:46.656" intervalms="0.335" />
<gc-start id="6878" type="global" contextid="6877" timestamp="2019-08-08T12:08:46.656">
  <mem-info id="6879" free="499712" total="50069504" percent="0">
    <mem type="tenure" free="499712" total="50069504" percent="0">
      <mem type="soa" free="0" total="49569792" percent="0" />
      <mem type="loa" free="499712" total="499712" percent="100" />
    </mem>
  </mem-info>
</gc-start>
<allocation-stats totalBytes="31540672" >
  <allocated-bytes non-tlh="0" tlh="31540672" />
  <largest-consumer threadName="main" threadId="0000000002369F00" bytes="31540672" />
</allocation-stats>
<gc-op id="6880" type="mark" timems="29.504" contextid="6877" timestamp="2019-08-08T12:08:46.685">
  <trace-info objectcount="596188" scancount="517180" scanbytes="13270804" />
  <finalization candidates="80" enqueued="0" />
  <ownableSynchronizers candidates="21" cleared="0" />
  <references type="soft" candidates="1843" cleared="0" enqueued="0" dynamicThreshold="20" maxThreshold="32" />
  <references type="weak" candidates="5700" cleared="0" enqueued="0" />
  <references type="phantom" candidates="97" cleared="0" enqueued="0" />
  <stringconstants candidates="13272" cleared="0"  />
</gc-op>
<gc-op id="6881" type="sweep" timems="4.247" contextid="6877" timestamp="2019-08-08T12:08:46.690" />
<mem-info id="6882" free="32200512" total="50069504" percent="64">
  <mem type="tenure" free="32200512" total="50069504" percent="64" micro-fragmented="0">
    <mem type="soa" free="31700800" total="49569792" percent="63" />
    <mem type="loa" free="499712" total="499712" percent="100" />
  </mem>
</mem-info>
<gc-op id="6883" type="compact" timems="35.755" contextid="6877" timestamp="2019-08-08T12:08:46.725">
  <compact-info movecount="1602" movebytes="53472" reason="compact to aid heap contraction" />
</gc-op>
<heap-resize id="6884" type="expand" space="tenure" amount="131072" count="1" timems="0.025" reason="satisfy allocation request" timestamp="2019-08-08T12:08:46.726" />
<gc-end id="6885" type="global" contextid="6877" durationms="70.399" usertimems="162.488" systemtimems="0.000" timestamp="2019-08-08T12:08:46.726" activeThreads="16">
  <mem-info id="6886" free="32266976" total="50200576" percent="64">
    <mem type="tenure" free="32266976" total="50200576" percent="64">
      <mem type="soa" free="31765216" total="49698816" percent="63" />
      <mem type="loa" free="501760" total="501760" percent="100" />
    </mem>
  </mem-info>
</gc-end>
<cycle-end id="6887" type="global" contextid="6877" timestamp="2019-08-08T12:08:46.726" />
  <attribute name="elasticGC enabled" value="1" />
  <attribute name= "numThreadsSpecified" value="16" />
  <attribute name="heapSize specified" value="50069504" />
  <attribute name="Current GC Util" value="43" />
  <attribute name= "Current Time Running" value="161216" />
  <attribute name ="GC Interval" value="0" />
  <attribute name="Target GC Util Change" value ="80.000000" />
  <attribute name="Current GC Util Change" value="43.000000"/>
  <attribute name="Current Error" value="-550.000000" />
  <attribute name="Output H" value="50144552"/>
  <attribute name="Output I" value="1032"/>
  <attribute name="Output T" value="16"/>
  <attribute name= "Current Time Running" value="161216" />
  <attribute name="GC Util currently" value="43" />
  <attribute name="CPU Util currently" value="32215603637" />
<allocation-satisfied id="6888" threadId="0000000002369F00" bytesRequested="1168" />
<af-end id="6889" timestamp="2019-08-08T12:08:46.726" threadId="000000000236A888" success="true" />
<exclusive-end id="6890" timestamp="2019-08-08T12:08:46.726" durationms="70.640" />

<concurrent-kickoff id="6891" timestamp="2019-08-08T12:08:46.730">
  <kickoff reason="threshold reached" targetBytes="5633381" thresholdFreeBytes="760675" remainingFree="744160" tenureFreeBytes="744160" />
</concurrent-kickoff>
<exclusive-start id="6892" timestamp="2019-08-08T12:08:46.730" intervalms="74.760">
  <response-info timems="0.024" idlems="0.024" threads="0" lastid="0000000002369F00" lastname="main" />
</exclusive-start>
<cycle-start id="6893" type="global" contextid="0" timestamp="2019-08-08T12:08:46.730" intervalms="74.693" />
<exclusive-end id="6894" timestamp="2019-08-08T12:08:46.731" durationms="0.034" />

<exclusive-start id="6895" timestamp="2019-08-08T12:08:46.731" intervalms="0.298">
  <response-info timems="0.011" idlems="0.011" threads="0" lastid="0000000002369F00" lastname="main" />
</exclusive-start>
<af-start id="6896" threadId="000000000236A888" totalBytesRequested="1168" timestamp="2019-08-08T12:08:46.731" intervalms="75.074" />
<concurrent-aborted id="6897" timestamp="2019-08-08T12:08:46.731">
  <reason value="insufficient progress made" />
</concurrent-aborted>
<cycle-end id="6898" type="global" contextid="6893" timestamp="2019-08-08T12:08:46.731" />
  <attribute name="elasticGC enabled" value="1" />
  <attribute name= "numThreadsSpecified" value="16" />
  <attribute name="heapSize specified" value="50069504" />
  <attribute name="Current GC Util" value="43" />
  <attribute name= "Current Time Running" value="161216" />
  <attribute name ="GC Interval" value="0" />
  <attribute name="Target GC Util Change" value ="80.000000" />
  <attribute name="Current GC Util Change" value="43.000000"/>
  <attribute name="Current Error" value="-550.000000" />
  <attribute name="Output H" value="50144552"/>
  <attribute name="Output I" value="1032"/>
  <attribute name="Output T" value="16"/>
  <attribute name= "Current Time Running" value="161216" />
  <attribute name="GC Util currently" value="43" />
  <attribute name="CPU Util currently" value="32215603637" />
<cycle-start id="6899" type="global" contextid="0" timestamp="2019-08-08T12:08:46.731" intervalms="0.390" />
<gc-start id="6900" type="global" contextid="6899" timestamp="2019-08-08T12:08:46.731">
  <mem-info id="6901" free="501760" total="50200576" percent="0">
    <mem type="tenure" free="501760" total="50200576" percent="0">
      <mem type="soa" free="0" total="49698816" percent="0" />
      <mem type="loa" free="501760" total="501760" percent="100" />
    </mem>
  </mem-info>
</gc-start>
<allocation-stats totalBytes="31620000" >
  <allocated-bytes non-tlh="0" tlh="31620000" />
  <largest-consumer threadName="main" threadId="0000000002369F00" bytes="31620000" />
</allocation-stats>
<gc-op id="6902" type="mark" timems="15.814" contextid="6899" timestamp="2019-08-08T12:08:46.747">
  <trace-info objectcount="596188" scancount="517179" scanbytes="13270804" />
  <finalization candidates="80" enqueued="0" />
  <ownableSynchronizers candidates="21" cleared="0" />
  <references type="soft" candidates="1843" cleared="0" enqueued="0" dynamicThreshold="20" maxThreshold="32" />
  <references type="weak" candidates="5700" cleared="0" enqueued="0" />
  <references type="phantom" candidates="97" cleared="0" enqueued="0" />
  <stringconstants candidates="13272" cleared="0"  />
</gc-op>
<gc-op id="6903" type="sweep" timems="4.941" contextid="6899" timestamp="2019-08-08T12:08:46.752" />
<mem-info id="6904" free="32332512" total="50200576" percent="64">
  <mem type="tenure" free="32332512" total="50200576" percent="64" micro-fragmented="0">
    <mem type="soa" free="31830752" total="49698816" percent="64" />
    <mem type="loa" free="501760" total="501760" percent="100" />
  </mem>
</mem-info>
<gc-op id="6905" type="compact" timems="23.510" contextid="6899" timestamp="2019-08-08T12:08:46.775">
  <compact-info movecount="1" movebytes="40" reason="compact to aid heap contraction" />
</gc-op>
<heap-resize id="6906" type="expand" space="tenure" amount="131072" count="1" timems="0.023" reason="satisfy allocation request" timestamp="2019-08-08T12:08:46.776" />
<gc-end id="6907" type="global" contextid="6899" durationms="44.918" usertimems="85.370" systemtimems="0.000" timestamp="2019-08-08T12:08:46.776" activeThreads="16">
  <mem-info id="6908" free="32398048" total="50331648" percent="64">
    <mem type="tenure" free="32398048" total="50331648" percent="64">
      <mem type="soa" free="31895264" total="49828864" percent="64" />
      <mem type="loa" free="502784" total="502784" percent="100" />
    </mem>
  </mem-info>
</gc-end>
<cycle-end id="6909" type="global" contextid="6899" timestamp="2019-08-08T12:08:46.776" />
  <attribute name="elasticGC enabled" value="1" />
  <attribute name= "numThreadsSpecified" value="16" />
  <attribute name="heapSize specified" value="50200576" />
  <attribute name="Current GC Util" value="43" />
  <attribute name= "Current Time Running" value="161265" />
  <attribute name ="GC Interval" value="0" />
  <attribute name="Target GC Util Change" value ="80.000000" />
  <attribute name="Current GC Util Change" value="43.000000"/>
  <attribute name="Current Error" value="-163.000000" />
  <attribute name="Output H" value="50276072"/>
  <attribute name="Output I" value="1720"/>
  <attribute name="Output T" value="16"/>
  <attribute name= "Current Time Running" value="161265" />
  <attribute name="GC Util currently" value="43" />
  <attribute name="CPU Util currently" value="48976676303" />
<allocation-satisfied id="6910" threadId="0000000002369F00" bytesRequested="1168" />
<af-end id="6911" timestamp="2019-08-08T12:08:46.776" threadId="000000000236A888" success="true" />
<exclusive-end id="6912" timestamp="2019-08-08T12:08:46.776" durationms="45.195" />

<concurrent-kickoff id="6913" timestamp="2019-08-08T12:08:46.780">
  <kickoff reason="threshold reached" targetBytes="5648089" thresholdFreeBytes="762661" remainingFree="744160" tenureFreeBytes="744160" />
</concurrent-kickoff>
<exclusive-start id="6914" timestamp="2019-08-08T12:08:46.781" intervalms="49.888">
  <response-info timems="0.024" idlems="0.024" threads="0" lastid="0000000002369F00" lastname="main" />
</exclusive-start>
<cycle-start id="6915" type="global" contextid="0" timestamp="2019-08-08T12:08:46.781" intervalms="49.779" />
<exclusive-end id="6916" timestamp="2019-08-08T12:08:46.781" durationms="0.016" />

<exclusive-start id="6917" timestamp="2019-08-08T12:08:46.784" intervalms="2.957">
  <response-info timems="0.198" idlems="0.198" threads="0" lastid="0000000002369F00" lastname="main" />
</exclusive-start>
<af-start id="6918" threadId="000000000236A888" totalBytesRequested="1168" timestamp="2019-08-08T12:08:46.784" intervalms="52.842" />
<concurrent-aborted id="6919" timestamp="2019-08-08T12:08:46.784">
  <reason value="insufficient progress made" />
</concurrent-aborted>
<cycle-end id="6920" type="global" contextid="6915" timestamp="2019-08-08T12:08:46.784" />
  <attribute name="elasticGC enabled" value="1" />
  <attribute name= "numThreadsSpecified" value="16" />
  <attribute name="heapSize specified" value="50200576" />
  <attribute name="Current GC Util" value="43" />
  <attribute name= "Current Time Running" value="161265" />
  <attribute name ="GC Interval" value="0" />
  <attribute name="Target GC Util Change" value ="80.000000" />
  <attribute name="Current GC Util Change" value="43.000000"/>
  <attribute name="Current Error" value="-163.000000" />
  <attribute name="Output H" value="50276072"/>
  <attribute name="Output I" value="1720"/>
  <attribute name="Output T" value="16"/>
  <attribute name= "Current Time Running" value="161265" />
  <attribute name="GC Util currently" value="43" />
  <attribute name="CPU Util currently" value="48976676303" />
<cycle-start id="6921" type="global" contextid="0" timestamp="2019-08-08T12:08:46.784" intervalms="3.300" />
<gc-start id="6922" type="global" contextid="6921" timestamp="2019-08-08T12:08:46.784">
  <mem-info id="6923" free="502784" total="50331648" percent="0">
    <mem type="tenure" free="502784" total="50331648" percent="0">
      <mem type="soa" free="0" total="49828864" percent="0" />
      <mem type="loa" free="502784" total="502784" percent="100" />
    </mem>
  </mem-info>
</gc-start>
<allocation-stats totalBytes="31758008" >
  <allocated-bytes non-tlh="0" tlh="31758008" />
  <largest-consumer threadName="main" threadId="0000000002369F00" bytes="31758008" />
</allocation-stats>
<gc-op id="6924" type="mark" timems="17.647" contextid="6921" timestamp="2019-08-08T12:08:46.802">
  <trace-info objectcount="596189" scancount="517180" scanbytes="13270828" />
  <finalization candidates="80" enqueued="0" />
  <ownableSynchronizers candidates="21" cleared="0" />
  <references type="soft" candidates="1843" cleared="0" enqueued="0" dynamicThreshold="20" maxThreshold="32" />
  <references type="weak" candidates="5700" cleared="0" enqueued="0" />
  <references type="phantom" candidates="97" cleared="0" enqueued="0" />
  <stringconstants candidates="13272" cleared="0"  />
</gc-op>
<gc-op id="6925" type="sweep" timems="8.797" contextid="6921" timestamp="2019-08-08T12:08:46.811" />
<mem-info id="6926" free="32463560" total="50331648" percent="64">
  <mem type="tenure" free="32463560" total="50331648" percent="64" micro-fragmented="0">
    <mem type="soa" free="31960776" total="49828864" percent="64" />
    <mem type="loa" free="502784" total="502784" percent="100" />
  </mem>
</mem-info>
<gc-op id="6927" type="compact" timems="28.500" contextid="6921" timestamp="2019-08-08T12:08:46.839">
  <compact-info movecount="2" movebytes="64" reason="compact to aid heap contraction" />
</gc-op>
<heap-resize id="6928" type="expand" space="tenure" amount="131072" count="1" timems="0.060" reason="satisfy allocation request" timestamp="2019-08-08T12:08:46.840" />
<gc-end id="6929" type="global" contextid="6921" durationms="56.049" usertimems="108.485" systemtimems="0.000" timestamp="2019-08-08T12:08:46.840" activeThreads="16">
  <mem-info id="6930" free="32529096" total="50462720" percent="64">
    <mem type="tenure" free="32529096" total="50462720" percent="64">
      <mem type="soa" free="32025288" total="49958912" percent="64" />
      <mem type="loa" free="503808" total="503808" percent="100" />
    </mem>
  </mem-info>
</gc-end>
<cycle-end id="6931" type="global" contextid="6921" timestamp="2019-08-08T12:08:46.840" />
  <attribute name="elasticGC enabled" value="1" />
  <attribute name= "numThreadsSpecified" value="16" />
  <attribute name="heapSize specified" value="50331648" />
  <attribute name="Current GC Util" value="48" />
  <attribute name= "Current Time Running" value="161329" />
  <attribute name ="GC Interval" value="0" />
  <attribute name="Target GC Util Change" value ="80.000000" />
  <attribute name="Current GC Util Change" value="48.000000"/>
  <attribute name="Current Error" value="88.000000" />
  <attribute name="Output H" value="50407432"/>
  <attribute name="Output I" value="2168"/>
  <attribute name="Output T" value="16"/>
  <attribute name= "Current Time Running" value="161329" />
  <attribute name="GC Util currently" value="48" />
  <attribute name="CPU Util currently" value="40394833149" />
<allocation-satisfied id="6932" threadId="0000000002369F00" bytesRequested="1168" />
<af-end id="6933" timestamp="2019-08-08T12:08:46.840" threadId="000000000236A888" success="true" />
<exclusive-end id="6934" timestamp="2019-08-08T12:08:46.840" durationms="56.593" />

<concurrent-kickoff id="6935" timestamp="2019-08-08T12:08:46.845">
  <kickoff reason="threshold reached" targetBytes="5662798" thresholdFreeBytes="764647" remainingFree="645832" tenureFreeBytes="645832" />
</concurrent-kickoff>
<exclusive-start id="6936" timestamp="2019-08-08T12:08:46.846" intervalms="61.962">
  <response-info timems="0.035" idlems="0.035" threads="0" lastid="0000000002369F00" lastname="main" />
</exclusive-start>
<cycle-start id="6937" type="global" contextid="0" timestamp="2019-08-08T12:08:46.846" intervalms="61.638" />
<exclusive-end id="6938" timestamp="2019-08-08T12:08:46.846" durationms="0.038" />

<exclusive-start id="6939" timestamp="2019-08-08T12:08:46.846" intervalms="0.370">
  <response-info timems="0.025" idlems="0.025" threads="0" lastid="0000000002369F00" lastname="main" />
</exclusive-start>
<af-start id="6940" threadId="000000000236A888" totalBytesRequested="1168" timestamp="2019-08-08T12:08:46.846" intervalms="62.317" />
<concurrent-aborted id="6941" timestamp="2019-08-08T12:08:46.846">
  <reason value="insufficient progress made" />
</concurrent-aborted>
<cycle-end id="6942" type="global" contextid="6937" timestamp="2019-08-08T12:08:46.846" />
  <attribute name="elasticGC enabled" value="1" />
  <attribute name= "numThreadsSpecified" value="16" />
  <attribute name="heapSize specified" value="50331648" />
  <attribute name="Current GC Util" value="48" />
  <attribute name= "Current Time Running" value="161329" />
  <attribute name ="GC Interval" value="0" />
  <attribute name="Target GC Util Change" value ="80.000000" />
  <attribute name="Current GC Util Change" value="48.000000"/>
  <attribute name="Current Error" value="88.000000" />
  <attribute name="Output H" value="50407432"/>
  <attribute name="Output I" value="2168"/>
  <attribute name="Output T" value="16"/>
  <attribute name= "Current Time Running" value="161329" />
  <attribute name="GC Util currently" value="48" />
  <attribute name="CPU Util currently" value="40394833149" />
<cycle-start id="6943" type="global" contextid="0" timestamp="2019-08-08T12:08:46.846" intervalms="0.417" />
<gc-start id="6944" type="global" contextid="6943" timestamp="2019-08-08T12:08:46.846">
  <mem-info id="6945" free="503808" total="50462720" percent="0">
    <mem type="tenure" free="503808" total="50462720" percent="0">
      <mem type="soa" free="0" total="49958912" percent="0" />
      <mem type="loa" free="503808" total="503808" percent="100" />
    </mem>
  </mem-info>
</gc-start>
<allocation-stats totalBytes="31889016" >
  <allocated-bytes non-tlh="0" tlh="31889016" />
  <largest-consumer threadName="main" threadId="0000000002369F00" bytes="31889016" />
</allocation-stats>
<gc-op id="6946" type="mark" timems="17.929" contextid="6943" timestamp="2019-08-08T12:08:46.864">
  <trace-info objectcount="596189" scancount="517185" scanbytes="13270828" />
  <finalization candidates="80" enqueued="0" />
  <ownableSynchronizers candidates="21" cleared="0" />
  <references type="soft" candidates="1843" cleared="0" enqueued="0" dynamicThreshold="20" maxThreshold="32" />
  <references type="weak" candidates="5700" cleared="0" enqueued="0" />
  <references type="phantom" candidates="97" cleared="0" enqueued="0" />
  <stringconstants candidates="13272" cleared="0"  />
</gc-op>
<gc-op id="6947" type="sweep" timems="6.285" contextid="6943" timestamp="2019-08-08T12:08:46.870" />
<mem-info id="6948" free="32594632" total="50462720" percent="64">
  <mem type="tenure" free="32594632" total="50462720" percent="64" micro-fragmented="0">
    <mem type="soa" free="32090824" total="49958912" percent="64" />
    <mem type="loa" free="503808" total="503808" percent="100" />
  </mem>
</mem-info>
<gc-op id="6949" type="compact" timems="27.198" contextid="6943" timestamp="2019-08-08T12:08:46.898">
  <compact-info movecount="2" movebytes="64" reason="compact to aid heap contraction" />
</gc-op>
<heap-resize id="6950" type="expand" space="tenure" amount="131072" count="1" timems="0.022" reason="satisfy allocation request" timestamp="2019-08-08T12:08:46.898" />
<gc-end id="6951" type="global" contextid="6943" durationms="52.168" usertimems="100.606" systemtimems="0.000" timestamp="2019-08-08T12:08:46.898" activeThreads="16">
  <mem-info id="6952" free="32660168" total="50593792" percent="64">
    <mem type="tenure" free="32660168" total="50593792" percent="64">
      <mem type="soa" free="32154312" total="50087936" percent="64" />
      <mem type="loa" free="505856" total="505856" percent="100" />
    </mem>
  </mem-info>
</gc-end>
<cycle-end id="6953" type="global" contextid="6943" timestamp="2019-08-08T12:08:46.898" />
  <attribute name="elasticGC enabled" value="1" />
  <attribute name= "numThreadsSpecified" value="16" />
  <attribute name="heapSize specified" value="50462720" />
  <attribute name="Current GC Util" value="51" />
  <attribute name= "Current Time Running" value="161388" />
  <attribute name ="GC Interval" value="0" />
  <attribute name="Target GC Util Change" value ="80.000000" />
  <attribute name="Current GC Util Change" value="51.000000"/>
  <attribute name="Current Error" value="90.000000" />
  <attribute name="Output H" value="50538504"/>
  <attribute name="Output I" value="2168"/>
  <attribute name="Output T" value="16"/>
  <attribute name= "Current Time Running" value="161388" />
  <attribute name="GC Util currently" value="51" />
  <attribute name="CPU Util currently" value="42349093525" />
<allocation-satisfied id="6954" threadId="0000000002369F00" bytesRequested="1168" />
<af-end id="6955" timestamp="2019-08-08T12:08:46.898" threadId="000000000236A888" success="true" />
<exclusive-end id="6956" timestamp="2019-08-08T12:08:46.898" durationms="52.375" />

<concurrent-kickoff id="6957" timestamp="2019-08-08T12:08:46.902">
  <kickoff reason="threshold reached" targetBytes="5677506" thresholdFreeBytes="766634" remainingFree="645832" tenureFreeBytes="645832" />
</concurrent-kickoff>
<exclusive-start id="6958" timestamp="2019-08-08T12:08:46.902" intervalms="55.995">
  <response-info timems="0.022" idlems="0.022" threads="0" lastid="0000000002369F00" lastname="main" />
</exclusive-start>
<cycle-start id="6959" type="global" contextid="0" timestamp="2019-08-08T12:08:46.902" intervalms="55.935" />
<exclusive-end id="6960" timestamp="2019-08-08T12:08:46.902" durationms="0.022" />

<exclusive-start id="6961" timestamp="2019-08-08T12:08:46.902" intervalms="0.201">
  <response-info timems="0.007" idlems="0.007" threads="0" lastid="0000000002369F00" lastname="main" />
</exclusive-start>
<af-start id="6962" threadId="000000000236A888" totalBytesRequested="1168" timestamp="2019-08-08T12:08:46.902" intervalms="56.204" />
<concurrent-aborted id="6963" timestamp="2019-08-08T12:08:46.902">
  <reason value="insufficient progress made" />
</concurrent-aborted>
<cycle-end id="6964" type="global" contextid="6959" timestamp="2019-08-08T12:08:46.902" />
  <attribute name="elasticGC enabled" value="1" />
  <attribute name= "numThreadsSpecified" value="16" />
  <attribute name="heapSize specified" value="50462720" />
  <attribute name="Current GC Util" value="51" />
  <attribute name= "Current Time Running" value="161388" />
  <attribute name ="GC Interval" value="0" />
  <attribute name="Target GC Util Change" value ="80.000000" />
  <attribute name="Current GC Util Change" value="51.000000"/>
  <attribute name="Current Error" value="90.000000" />
  <attribute name="Output H" value="50538504"/>
  <attribute name="Output I" value="2168"/>
  <attribute name="Output T" value="16"/>
  <attribute name= "Current Time Running" value="161388" />
  <attribute name="GC Util currently" value="51" />
  <attribute name="CPU Util currently" value="42349093525" />
<cycle-start id="6965" type="global" contextid="0" timestamp="2019-08-08T12:08:46.902" intervalms="0.267" />
<gc-start id="6966" type="global" contextid="6965" timestamp="2019-08-08T12:08:46.902">
  <mem-info id="6967" free="505856" total="50593792" percent="0">
    <mem type="tenure" free="505856" total="50593792" percent="0">
      <mem type="soa" free="0" total="50087936" percent="0" />
      <mem type="loa" free="505856" total="505856" percent="100" />
    </mem>
  </mem-info>
</gc-start>
<allocation-stats totalBytes="32018048" >
  <allocated-bytes non-tlh="0" tlh="32018048" />
  <largest-consumer threadName="main" threadId="0000000002369F00" bytes="32018048" />
</allocation-stats>
<gc-op id="6968" type="mark" timems="16.967" contextid="6965" timestamp="2019-08-08T12:08:46.919">
  <trace-info objectcount="596189" scancount="517182" scanbytes="13270828" />
  <finalization candidates="80" enqueued="0" />
  <ownableSynchronizers candidates="21" cleared="0" />
  <references type="soft" candidates="1843" cleared="0" enqueued="0" dynamicThreshold="20" maxThreshold="32" />
  <references type="weak" candidates="5700" cleared="0" enqueued="0" />
  <references type="phantom" candidates="97" cleared="0" enqueued="0" />
  <stringconstants candidates="13272" cleared="0"  />
</gc-op>
<gc-op id="6969" type="sweep" timems="5.680" contextid="6965" timestamp="2019-08-08T12:08:46.925" />
<mem-info id="6970" free="32725480" total="50593792" percent="64">
  <mem type="tenure" free="32725480" total="50593792" percent="64" micro-fragmented="0">
    <mem type="soa" free="32219624" total="50087936" percent="64" />
    <mem type="loa" free="505856" total="505856" percent="100" />
  </mem>
</mem-info>
<gc-op id="6971" type="compact" timems="28.757" contextid="6965" timestamp="2019-08-08T12:08:46.954">
  <compact-info movecount="2" movebytes="64" reason="compact to aid heap contraction" />
</gc-op>
<heap-resize id="6972" type="expand" space="tenure" amount="131072" count="1" timems="0.029" reason="satisfy allocation request" timestamp="2019-08-08T12:08:46.954" />
<gc-end id="6973" type="global" contextid="6965" durationms="52.221" usertimems="108.464" systemtimems="0.000" timestamp="2019-08-08T12:08:46.954" activeThreads="16">
  <mem-info id="6974" free="32791240" total="50724864" percent="64">
    <mem type="tenure" free="32791240" total="50724864" percent="64">
      <mem type="soa" free="32284360" total="50217984" percent="64" />
      <mem type="loa" free="506880" total="506880" percent="100" />
    </mem>
  </mem-info>
</gc-end>
<cycle-end id="6975" type="global" contextid="6965" timestamp="2019-08-08T12:08:46.955" />
  <attribute name="elasticGC enabled" value="1" />
  <attribute name= "numThreadsSpecified" value="16" />
  <attribute name="heapSize specified" value="50593792" />
  <attribute name="Current GC Util" value="40" />
  <attribute name= "Current Time Running" value="161444" />
  <attribute name ="GC Interval" value="0" />
  <attribute name="Target GC Util Change" value ="80.000000" />
  <attribute name="Current GC Util Change" value="40.000000"/>
  <attribute name="Current Error" value="40.000000" />
  <attribute name="Output H" value="50669520"/>
  <attribute name="Output I" value="2080"/>
  <attribute name="Output T" value="16"/>
  <attribute name= "Current Time Running" value="161444" />
  <attribute name="GC Util currently" value="40" />
  <attribute name="CPU Util currently" value="40036223711" />
<allocation-satisfied id="6976" threadId="0000000002369F00" bytesRequested="1168" />
<af-end id="6977" timestamp="2019-08-08T12:08:46.955" threadId="000000000236A888" success="true" />
<exclusive-end id="6978" timestamp="2019-08-08T12:08:46.955" durationms="52.429" />

<concurrent-kickoff id="6979" timestamp="2019-08-08T12:08:46.958">
  <kickoff reason="threshold reached" targetBytes="5692215" thresholdFreeBytes="768619" remainingFree="645832" tenureFreeBytes="645832" />
</concurrent-kickoff>
<exclusive-start id="6980" timestamp="2019-08-08T12:08:46.958" intervalms="55.803">
  <response-info timems="0.024" idlems="0.024" threads="0" lastid="0000000002369F00" lastname="main" />
</exclusive-start>
<cycle-start id="6981" type="global" contextid="0" timestamp="2019-08-08T12:08:46.958" intervalms="55.742" />
<exclusive-end id="6982" timestamp="2019-08-08T12:08:46.958" durationms="0.026" />

<exclusive-start id="6983" timestamp="2019-08-08T12:08:46.958" intervalms="0.213">
  <response-info timems="0.007" idlems="0.007" threads="0" lastid="0000000002369F00" lastname="main" />
</exclusive-start>
<af-start id="6984" threadId="000000000236A888" totalBytesRequested="1168" timestamp="2019-08-08T12:08:46.958" intervalms="56.005" />
<concurrent-aborted id="6985" timestamp="2019-08-08T12:08:46.958">
  <reason value="insufficient progress made" />
</concurrent-aborted>
<cycle-end id="6986" type="global" contextid="6981" timestamp="2019-08-08T12:08:46.958" />
  <attribute name="elasticGC enabled" value="1" />
  <attribute name= "numThreadsSpecified" value="16" />
  <attribute name="heapSize specified" value="50593792" />
  <attribute name="Current GC Util" value="40" />
  <attribute name= "Current Time Running" value="161444" />
  <attribute name ="GC Interval" value="0" />
  <attribute name="Target GC Util Change" value ="80.000000" />
  <attribute name="Current GC Util Change" value="40.000000"/>
  <attribute name="Current Error" value="40.000000" />
  <attribute name="Output H" value="50669520"/>
  <attribute name="Output I" value="2080"/>
  <attribute name="Output T" value="16"/>
  <attribute name= "Current Time Running" value="161444" />
  <attribute name="GC Util currently" value="40" />
  <attribute name="CPU Util currently" value="40036223711" />
<cycle-start id="6987" type="global" contextid="0" timestamp="2019-08-08T12:08:46.958" intervalms="0.261" />
<gc-start id="6988" type="global" contextid="6987" timestamp="2019-08-08T12:08:46.958">
  <mem-info id="6989" free="506880" total="50724864" percent="0">
    <mem type="tenure" free="506880" total="50724864" percent="0">
      <mem type="soa" free="0" total="50217984" percent="0" />
      <mem type="loa" free="506880" total="506880" percent="100" />
    </mem>
  </mem-info>
</gc-start>
<allocation-stats totalBytes="32147032" >
  <allocated-bytes non-tlh="0" tlh="32147032" />
  <largest-consumer threadName="main" threadId="0000000002369F00" bytes="32147032" />
</allocation-stats>
<gc-op id="6990" type="mark" timems="15.438" contextid="6987" timestamp="2019-08-08T12:08:46.974">
  <trace-info objectcount="596189" scancount="517181" scanbytes="13270828" />
  <finalization candidates="80" enqueued="0" />
  <ownableSynchronizers candidates="21" cleared="0" />
  <references type="soft" candidates="1843" cleared="0" enqueued="0" dynamicThreshold="20" maxThreshold="32" />
  <references type="weak" candidates="5700" cleared="0" enqueued="0" />
  <references type="phantom" candidates="97" cleared="0" enqueued="0" />
  <stringconstants candidates="13272" cleared="0"  />
</gc-op>
<gc-op id="6991" type="sweep" timems="5.712" contextid="6987" timestamp="2019-08-08T12:08:46.979" />
<mem-info id="6992" free="32856336" total="50724864" percent="64">
  <mem type="tenure" free="32856336" total="50724864" percent="64" micro-fragmented="0">
    <mem type="soa" free="32349456" total="50217984" percent="64" />
    <mem type="loa" free="506880" total="506880" percent="100" />
  </mem>
</mem-info>
<gc-op id="6993" type="compact" timems="28.681" contextid="6987" timestamp="2019-08-08T12:08:47.008">
  <compact-info movecount="2" movebytes="64" reason="compact to aid heap contraction" />
</gc-op>
<heap-resize id="6994" type="expand" space="tenure" amount="131072" count="1" timems="0.022" reason="satisfy allocation request" timestamp="2019-08-08T12:08:47.009" />
<gc-end id="6995" type="global" contextid="6987" durationms="50.513" usertimems="103.256" systemtimems="0.000" timestamp="2019-08-08T12:08:47.009" activeThreads="16">
  <mem-info id="6996" free="32922312" total="50855936" percent="64">
    <mem type="tenure" free="32922312" total="50855936" percent="64">
      <mem type="soa" free="32414408" total="50348032" percent="64" />
      <mem type="loa" free="507904" total="507904" percent="100" />
    </mem>
  </mem-info>
</gc-end>
<cycle-end id="6997" type="global" contextid="6987" timestamp="2019-08-08T12:08:47.009" />
  <attribute name="elasticGC enabled" value="1" />
  <attribute name= "numThreadsSpecified" value="16" />
  <attribute name="heapSize specified" value="50724864" />
  <attribute name="Current GC Util" value="58" />
  <attribute name= "Current Time Running" value="161498" />
  <attribute name ="GC Interval" value="0" />
  <attribute name="Target GC Util Change" value ="80.000000" />
  <attribute name="Current GC Util Change" value="58.000000"/>
  <attribute name="Current Error" value="-739.000000" />
  <attribute name="Output H" value="50799696"/>
  <attribute name="Output I" value="688"/>
  <attribute name="Output T" value="16"/>
  <attribute name= "Current Time Running" value="161498" />
  <attribute name="GC Util currently" value="58" />
  <attribute name="CPU Util currently" value="40127188267" />
<allocation-satisfied id="6998" threadId="0000000002369F00" bytesRequested="1168" />
<af-end id="6999" timestamp="2019-08-08T12:08:47.009" threadId="000000000236A888" success="true" />
<exclusive-end id="7000" timestamp="2019-08-08T12:08:47.009" durationms="50.722" />

<concurrent-kickoff id="7001" timestamp="2019-08-08T12:08:47.012">
  <kickoff reason="threshold reached" targetBytes="5706924" thresholdFreeBytes="770606" remainingFree="744136" tenureFreeBytes="744136" />
</concurrent-kickoff>
<exclusive-start id="7002" timestamp="2019-08-08T12:08:47.012" intervalms="54.330">
  <response-info timems="0.028" idlems="0.028" threads="0" lastid="0000000002369F00" lastname="main" />
</exclusive-start>
<cycle-start id="7003" type="global" contextid="0" timestamp="2019-08-08T12:08:47.013" intervalms="54.271" />
<exclusive-end id="7004" timestamp="2019-08-08T12:08:47.013" durationms="0.020" />

<exclusive-start id="7005" timestamp="2019-08-08T12:08:47.013" intervalms="0.321">
  <response-info timems="0.039" idlems="0.039" threads="0" lastid="0000000002369F00" lastname="main" />
</exclusive-start>
<af-start id="7006" threadId="000000000236A888" totalBytesRequested="1168" timestamp="2019-08-08T12:08:47.013" intervalms="54.656" />
<concurrent-aborted id="7007" timestamp="2019-08-08T12:08:47.013">
  <reason value="insufficient progress made" />
</concurrent-aborted>
<cycle-end id="7008" type="global" contextid="7003" timestamp="2019-08-08T12:08:47.013" />
  <attribute name="elasticGC enabled" value="1" />
  <attribute name= "numThreadsSpecified" value="16" />
  <attribute name="heapSize specified" value="50724864" />
  <attribute name="Current GC Util" value="58" />
  <attribute name= "Current Time Running" value="161498" />
  <attribute name ="GC Interval" value="0" />
  <attribute name="Target GC Util Change" value ="80.000000" />
  <attribute name="Current GC Util Change" value="58.000000"/>
  <attribute name="Current Error" value="-739.000000" />
  <attribute name="Output H" value="50799696"/>
  <attribute name="Output I" value="688"/>
  <attribute name="Output T" value="16"/>
  <attribute name= "Current Time Running" value="161498" />
  <attribute name="GC Util currently" value="58" />
  <attribute name="CPU Util currently" value="40127188267" />
<cycle-start id="7009" type="global" contextid="0" timestamp="2019-08-08T12:08:47.013" intervalms="0.412" />
<gc-start id="7010" type="global" contextid="7009" timestamp="2019-08-08T12:08:47.013">
  <mem-info id="7011" free="507904" total="50855936" percent="0">
    <mem type="tenure" free="507904" total="50855936" percent="0">
      <mem type="soa" free="0" total="50348032" percent="0" />
      <mem type="loa" free="507904" total="507904" percent="100" />
    </mem>
  </mem-info>
</gc-start>
<allocation-stats totalBytes="32277280" >
  <allocated-bytes non-tlh="0" tlh="32277280" />
  <largest-consumer threadName="main" threadId="0000000002369F00" bytes="32277280" />
</allocation-stats>
<gc-op id="7012" type="mark" timems="13.046" contextid="7009" timestamp="2019-08-08T12:08:47.026">
  <trace-info objectcount="596189" scancount="517182" scanbytes="13270828" />
  <finalization candidates="80" enqueued="0" />
  <ownableSynchronizers candidates="21" cleared="0" />
  <references type="soft" candidates="1843" cleared="0" enqueued="0" dynamicThreshold="20" maxThreshold="32" />
  <references type="weak" candidates="5700" cleared="0" enqueued="0" />
  <references type="phantom" candidates="97" cleared="0" enqueued="0" />
  <stringconstants candidates="13272" cleared="0"  />
</gc-op>
<gc-op id="7013" type="sweep" timems="8.790" contextid="7009" timestamp="2019-08-08T12:08:47.035" />
<mem-info id="7014" free="32987848" total="50855936" percent="64">
  <mem type="tenure" free="32987848" total="50855936" percent="64" micro-fragmented="0">
    <mem type="soa" free="32479944" total="50348032" percent="64" />
    <mem type="loa" free="507904" total="507904" percent="100" />
  </mem>
</mem-info>
<gc-op id="7015" type="compact" timems="30.821" contextid="7009" timestamp="2019-08-08T12:08:47.066">
  <compact-info movecount="2" movebytes="64" reason="compact to aid heap contraction" />
</gc-op>
<heap-resize id="7016" type="expand" space="tenure" amount="131072" count="1" timems="0.022" reason="satisfy allocation request" timestamp="2019-08-08T12:08:47.066" />
<gc-end id="7017" type="global" contextid="7009" durationms="53.562" usertimems="108.893" systemtimems="0.000" timestamp="2019-08-08T12:08:47.067" activeThreads="16">
  <mem-info id="7018" free="33053384" total="50987008" percent="64">
    <mem type="tenure" free="33053384" total="50987008" percent="64">
      <mem type="soa" free="32544456" total="50478080" percent="64" />
      <mem type="loa" free="508928" total="508928" percent="100" />
    </mem>
  </mem-info>
</gc-end>
<cycle-end id="7019" type="global" contextid="7009" timestamp="2019-08-08T12:08:47.067" />
  <attribute name="elasticGC enabled" value="1" />
  <attribute name= "numThreadsSpecified" value="16" />
  <attribute name="heapSize specified" value="50855936" />
  <attribute name="Current GC Util" value="48" />
  <attribute name= "Current Time Running" value="161556" />
  <attribute name ="GC Interval" value="0" />
  <attribute name="Target GC Util Change" value ="80.000000" />
  <attribute name="Current GC Util Change" value="48.000000"/>
  <attribute name="Current Error" value="-827.000000" />
  <attribute name="Output H" value="50930664"/>
  <attribute name="Output I" value="536"/>
  <attribute name="Output T" value="16"/>
  <attribute name= "Current Time Running" value="161556" />
  <attribute name="GC Util currently" value="48" />
  <attribute name="CPU Util currently" value="37351454374" />
<allocation-satisfied id="7020" threadId="0000000002369F00" bytesRequested="1168" />
<af-end id="7021" timestamp="2019-08-08T12:08:47.067" threadId="000000000236A888" success="true" />
<exclusive-end id="7022" timestamp="2019-08-08T12:08:47.067" durationms="53.802" />

<concurrent-kickoff id="7023" timestamp="2019-08-08T12:08:47.070">
  <kickoff reason="threshold reached" targetBytes="5721632" thresholdFreeBytes="772591" remainingFree="645832" tenureFreeBytes="645832" />
</concurrent-kickoff>
<exclusive-start id="7024" timestamp="2019-08-08T12:08:47.070" intervalms="57.257">
  <response-info timems="0.039" idlems="0.039" threads="0" lastid="0000000002369F00" lastname="main" />
</exclusive-start>
<cycle-start id="7025" type="global" contextid="0" timestamp="2019-08-08T12:08:47.070" intervalms="57.174" />
<exclusive-end id="7026" timestamp="2019-08-08T12:08:47.070" durationms="0.024" />

<exclusive-start id="7027" timestamp="2019-08-08T12:08:47.070" intervalms="0.214">
  <response-info timems="0.008" idlems="0.008" threads="0" lastid="0000000002369F00" lastname="main" />
</exclusive-start>
<af-start id="7028" threadId="000000000236A888" totalBytesRequested="1168" timestamp="2019-08-08T12:08:47.070" intervalms="57.476" />
<concurrent-aborted id="7029" timestamp="2019-08-08T12:08:47.070">
  <reason value="insufficient progress made" />
</concurrent-aborted>
<cycle-end id="7030" type="global" contextid="7025" timestamp="2019-08-08T12:08:47.070" />
  <attribute name="elasticGC enabled" value="1" />
  <attribute name= "numThreadsSpecified" value="16" />
  <attribute name="heapSize specified" value="50855936" />
  <attribute name="Current GC Util" value="48" />
  <attribute name= "Current Time Running" value="161556" />
  <attribute name ="GC Interval" value="0" />
  <attribute name="Target GC Util Change" value ="80.000000" />
  <attribute name="Current GC Util Change" value="48.000000"/>
  <attribute name="Current Error" value="-827.000000" />
  <attribute name="Output H" value="50930664"/>
  <attribute name="Output I" value="536"/>
  <attribute name="Output T" value="16"/>
  <attribute name= "Current Time Running" value="161556" />
  <attribute name="GC Util currently" value="48" />
  <attribute name="CPU Util currently" value="37351454374" />
<cycle-start id="7031" type="global" contextid="0" timestamp="2019-08-08T12:08:47.070" intervalms="0.275" />
<gc-start id="7032" type="global" contextid="7031" timestamp="2019-08-08T12:08:47.070">
  <mem-info id="7033" free="508928" total="50987008" percent="0">
    <mem type="tenure" free="508928" total="50987008" percent="0">
      <mem type="soa" free="0" total="50478080" percent="0" />
      <mem type="loa" free="508928" total="508928" percent="100" />
    </mem>
  </mem-info>
</gc-start>
<allocation-stats totalBytes="32405072" >
  <allocated-bytes non-tlh="0" tlh="32405072" />
  <largest-consumer threadName="main" threadId="0000000002369F00" bytes="32405072" />
</allocation-stats>
<gc-op id="7034" type="mark" timems="31.055" contextid="7031" timestamp="2019-08-08T12:08:47.102">
  <trace-info objectcount="596189" scancount="517182" scanbytes="13270828" />
  <finalization candidates="80" enqueued="0" />
  <ownableSynchronizers candidates="21" cleared="0" />
  <references type="soft" candidates="1843" cleared="0" enqueued="0" dynamicThreshold="20" maxThreshold="32" />
  <references type="weak" candidates="5700" cleared="0" enqueued="0" />
  <references type="phantom" candidates="97" cleared="0" enqueued="0" />
  <stringconstants candidates="13272" cleared="0"  />
</gc-op>
<gc-op id="7035" type="sweep" timems="6.498" contextid="7031" timestamp="2019-08-08T12:08:47.108" />
<mem-info id="7036" free="33118920" total="50987008" percent="64">
  <mem type="tenure" free="33118920" total="50987008" percent="64" micro-fragmented="0">
    <mem type="soa" free="32609992" total="50478080" percent="64" />
    <mem type="loa" free="508928" total="508928" percent="100" />
  </mem>
</mem-info>
<gc-op id="7037" type="compact" timems="24.480" contextid="7031" timestamp="2019-08-08T12:08:47.133">
  <compact-info movecount="2" movebytes="64" reason="compact to aid heap contraction" />
</gc-op>
<heap-resize id="7038" type="expand" space="tenure" amount="131072" count="1" timems="0.028" reason="satisfy allocation request" timestamp="2019-08-08T12:08:47.133" />
<gc-end id="7039" type="global" contextid="7031" durationms="63.009" usertimems="183.622" systemtimems="0.000" timestamp="2019-08-08T12:08:47.133" activeThreads="16">
  <mem-info id="7040" free="33184456" total="51118080" percent="64">
    <mem type="tenure" free="33184456" total="51118080" percent="64">
      <mem type="soa" free="32673480" total="50607104" percent="64" />
      <mem type="loa" free="510976" total="510976" percent="100" />
    </mem>
  </mem-info>
</gc-end>
<cycle-end id="7041" type="global" contextid="7031" timestamp="2019-08-08T12:08:47.133" />
  <attribute name="elasticGC enabled" value="1" />
  <attribute name= "numThreadsSpecified" value="16" />
  <attribute name="heapSize specified" value="50987008" />
  <attribute name="Current GC Util" value="42" />
  <attribute name= "Current Time Running" value="161623" />
  <attribute name ="GC Interval" value="0" />
  <attribute name="Target GC Util Change" value ="80.000000" />
  <attribute name="Current GC Util Change" value="42.000000"/>
  <attribute name="Current Error" value="-268.000000" />
  <attribute name="Output H" value="51062384"/>
  <attribute name="Output I" value="1536"/>
  <attribute name="Output T" value="16"/>
  <attribute name= "Current Time Running" value="161623" />
  <attribute name="GC Util currently" value="42" />
  <attribute name="CPU Util currently" value="47010082652" />
<allocation-satisfied id="7042" threadId="0000000002369F00" bytesRequested="1168" />
<af-end id="7043" timestamp="2019-08-08T12:08:47.134" threadId="000000000236A888" success="true" />
<exclusive-end id="7044" timestamp="2019-08-08T12:08:47.134" durationms="63.245" />

<concurrent-kickoff id="7045" timestamp="2019-08-08T12:08:47.137">
  <kickoff reason="threshold reached" targetBytes="5736340" thresholdFreeBytes="774578" remainingFree="744136" tenureFreeBytes="744136" />
</concurrent-kickoff>
<exclusive-start id="7046" timestamp="2019-08-08T12:08:47.137" intervalms="67.196">
  <response-info timems="0.020" idlems="0.020" threads="0" lastid="0000000002369F00" lastname="main" />
</exclusive-start>
<cycle-start id="7047" type="global" contextid="0" timestamp="2019-08-08T12:08:47.137" intervalms="67.131" />
<exclusive-end id="7048" timestamp="2019-08-08T12:08:47.137" durationms="0.019" />

<exclusive-start id="7049" timestamp="2019-08-08T12:08:47.138" intervalms="0.352">
  <response-info timems="0.028" idlems="0.028" threads="0" lastid="0000000002369F00" lastname="main" />
</exclusive-start>
<af-start id="7050" threadId="000000000236A888" totalBytesRequested="1168" timestamp="2019-08-08T12:08:47.138" intervalms="67.552" />
<concurrent-aborted id="7051" timestamp="2019-08-08T12:08:47.138">
  <reason value="insufficient progress made" />
</concurrent-aborted>
<cycle-end id="7052" type="global" contextid="7047" timestamp="2019-08-08T12:08:47.138" />
  <attribute name="elasticGC enabled" value="1" />
  <attribute name= "numThreadsSpecified" value="16" />
  <attribute name="heapSize specified" value="50987008" />
  <attribute name="Current GC Util" value="42" />
  <attribute name= "Current Time Running" value="161623" />
  <attribute name ="GC Interval" value="0" />
  <attribute name="Target GC Util Change" value ="80.000000" />
  <attribute name="Current GC Util Change" value="42.000000"/>
  <attribute name="Current Error" value="-268.000000" />
  <attribute name="Output H" value="51062384"/>
  <attribute name="Output I" value="1536"/>
  <attribute name="Output T" value="16"/>
  <attribute name= "Current Time Running" value="161623" />
  <attribute name="GC Util currently" value="42" />
  <attribute name="CPU Util currently" value="47010082652" />
<cycle-start id="7053" type="global" contextid="0" timestamp="2019-08-08T12:08:47.138" intervalms="0.459" />
<gc-start id="7054" type="global" contextid="7053" timestamp="2019-08-08T12:08:47.138">
  <mem-info id="7055" free="510976" total="51118080" percent="0">
    <mem type="tenure" free="510976" total="51118080" percent="0">
      <mem type="soa" free="0" total="50607104" percent="0" />
      <mem type="loa" free="510976" total="510976" percent="100" />
    </mem>
  </mem-info>
</gc-start>
<allocation-stats totalBytes="32535296" >
  <allocated-bytes non-tlh="0" tlh="32535296" />
  <largest-consumer threadName="main" threadId="0000000002369F00" bytes="32535296" />
</allocation-stats>
<gc-op id="7056" type="mark" timems="11.955" contextid="7053" timestamp="2019-08-08T12:08:47.150">
  <trace-info objectcount="596189" scancount="517177" scanbytes="13270828" />
  <finalization candidates="80" enqueued="0" />
  <ownableSynchronizers candidates="21" cleared="0" />
  <references type="soft" candidates="1843" cleared="0" enqueued="0" dynamicThreshold="20" maxThreshold="32" />
  <references type="weak" candidates="5700" cleared="0" enqueued="0" />
  <references type="phantom" candidates="97" cleared="0" enqueued="0" />
  <stringconstants candidates="13272" cleared="0"  />
</gc-op>
<gc-op id="7057" type="sweep" timems="5.451" contextid="7053" timestamp="2019-08-08T12:08:47.156" />
<mem-info id="7058" free="33249608" total="51118080" percent="65">
  <mem type="tenure" free="33249608" total="51118080" percent="65" micro-fragmented="0">
    <mem type="soa" free="32738632" total="50607104" percent="64" />
    <mem type="loa" free="510976" total="510976" percent="100" />
  </mem>
</mem-info>
<gc-op id="7059" type="compact" timems="30.797" contextid="7053" timestamp="2019-08-08T12:08:47.186">
  <compact-info movecount="2" movebytes="64" reason="compact to aid heap contraction" />
</gc-op>
<heap-resize id="7060" type="expand" space="tenure" amount="131072" count="1" timems="0.021" reason="satisfy allocation request" timestamp="2019-08-08T12:08:47.187" />
<gc-end id="7061" type="global" contextid="7053" durationms="49.541" usertimems="90.573" systemtimems="0.000" timestamp="2019-08-08T12:08:47.188" activeThreads="16">
  <mem-info id="7062" free="33315528" total="51249152" percent="65">
    <mem type="tenure" free="33315528" total="51249152" percent="65">
      <mem type="soa" free="32803528" total="50737152" percent="64" />
      <mem type="loa" free="512000" total="512000" percent="100" />
    </mem>
  </mem-info>
</gc-end>
<cycle-end id="7063" type="global" contextid="7053" timestamp="2019-08-08T12:08:47.188" />
  <attribute name="elasticGC enabled" value="1" />
  <attribute name= "numThreadsSpecified" value="16" />
  <attribute name="heapSize specified" value="51118080" />
  <attribute name="Current GC Util" value="30" />
  <attribute name= "Current Time Running" value="161676" />
  <attribute name ="GC Interval" value="0" />
  <attribute name="Target GC Util Change" value ="80.000000" />
  <attribute name="Current GC Util Change" value="30.000000"/>
  <attribute name="Current Error" value="118.000000" />
  <attribute name="Output H" value="51193896"/>
  <attribute name="Output I" value="2224"/>
  <attribute name="Output T" value="16"/>
  <attribute name= "Current Time Running" value="161676" />
  <attribute name="GC Util currently" value="30" />
  <attribute name="CPU Util currently" value="37407516809" />
<allocation-satisfied id="7064" threadId="0000000002369F00" bytesRequested="1168" />
<af-end id="7065" timestamp="2019-08-08T12:08:47.188" threadId="000000000236A888" success="true" />
<exclusive-end id="7066" timestamp="2019-08-08T12:08:47.188" durationms="49.841" />

<concurrent-kickoff id="7067" timestamp="2019-08-08T12:08:47.192">
  <kickoff reason="threshold reached" targetBytes="5751050" thresholdFreeBytes="776563" remainingFree="645832" tenureFreeBytes="645832" />
</concurrent-kickoff>
<exclusive-start id="7068" timestamp="2019-08-08T12:08:47.192" intervalms="54.313">
  <response-info timems="0.026" idlems="0.026" threads="0" lastid="0000000002369F00" lastname="main" />
</exclusive-start>
<cycle-start id="7069" type="global" contextid="0" timestamp="2019-08-08T12:08:47.192" intervalms="54.200" />
<exclusive-end id="7070" timestamp="2019-08-08T12:08:47.192" durationms="0.014" />

<exclusive-start id="7071" timestamp="2019-08-08T12:08:47.192" intervalms="0.210">
  <response-info timems="0.009" idlems="0.009" threads="0" lastid="0000000002369F00" lastname="main" />
</exclusive-start>
<af-start id="7072" threadId="000000000236A888" totalBytesRequested="1168" timestamp="2019-08-08T12:08:47.192" intervalms="54.501" />
<concurrent-aborted id="7073" timestamp="2019-08-08T12:08:47.192">
  <reason value="insufficient progress made" />
</concurrent-aborted>
<cycle-end id="7074" type="global" contextid="7069" timestamp="2019-08-08T12:08:47.192" />
  <attribute name="elasticGC enabled" value="1" />
  <attribute name= "numThreadsSpecified" value="16" />
  <attribute name="heapSize specified" value="51118080" />
  <attribute name="Current GC Util" value="30" />
  <attribute name= "Current Time Running" value="161676" />
  <attribute name ="GC Interval" value="0" />
  <attribute name="Target GC Util Change" value ="80.000000" />
  <attribute name="Current GC Util Change" value="30.000000"/>
  <attribute name="Current Error" value="118.000000" />
  <attribute name="Output H" value="51193896"/>
  <attribute name="Output I" value="2224"/>
  <attribute name="Output T" value="16"/>
  <attribute name= "Current Time Running" value="161676" />
  <attribute name="GC Util currently" value="30" />
  <attribute name="CPU Util currently" value="37407516809" />
<cycle-start id="7075" type="global" contextid="0" timestamp="2019-08-08T12:08:47.192" intervalms="0.261" />
<gc-start id="7076" type="global" contextid="7075" timestamp="2019-08-08T12:08:47.192">
  <mem-info id="7077" free="512000" total="51249152" percent="0">
    <mem type="tenure" free="512000" total="51249152" percent="0">
      <mem type="soa" free="0" total="50737152" percent="0" />
      <mem type="loa" free="512000" total="512000" percent="100" />
    </mem>
  </mem-info>
</gc-start>
<allocation-stats totalBytes="32663088" >
  <allocated-bytes non-tlh="0" tlh="32663088" />
  <largest-consumer threadName="main" threadId="0000000002369F00" bytes="32663088" />
</allocation-stats>
<gc-op id="7078" type="mark" timems="12.588" contextid="7075" timestamp="2019-08-08T12:08:47.205">
  <trace-info objectcount="596189" scancount="517181" scanbytes="13270828" />
  <finalization candidates="80" enqueued="0" />
  <ownableSynchronizers candidates="21" cleared="0" />
  <references type="soft" candidates="1843" cleared="0" enqueued="0" dynamicThreshold="20" maxThreshold="32" />
  <references type="weak" candidates="5700" cleared="0" enqueued="0" />
  <references type="phantom" candidates="97" cleared="0" enqueued="0" />
  <stringconstants candidates="13272" cleared="0"  />
</gc-op>
<gc-op id="7079" type="sweep" timems="7.812" contextid="7075" timestamp="2019-08-08T12:08:47.213" />
<mem-info id="7080" free="33380784" total="51249152" percent="65">
  <mem type="tenure" free="33380784" total="51249152" percent="65" micro-fragmented="0">
    <mem type="soa" free="32868784" total="50737152" percent="64" />
    <mem type="loa" free="512000" total="512000" percent="100" />
  </mem>
</mem-info>
<gc-op id="7081" type="compact" timems="38.670" contextid="7075" timestamp="2019-08-08T12:08:47.252">
  <compact-info movecount="2" movebytes="64" reason="compact to aid heap contraction" />
</gc-op>
<heap-resize id="7082" type="expand" space="tenure" amount="131072" count="1" timems="0.020" reason="satisfy allocation request" timestamp="2019-08-08T12:08:47.252" />
<gc-end id="7083" type="global" contextid="7075" durationms="59.961" usertimems="112.834" systemtimems="0.000" timestamp="2019-08-08T12:08:47.252" activeThreads="16">
  <mem-info id="7084" free="33446600" total="51380224" percent="65">
    <mem type="tenure" free="33446600" total="51380224" percent="65">
      <mem type="soa" free="32933576" total="50867200" percent="64" />
      <mem type="loa" free="513024" total="513024" percent="100" />
    </mem>
  </mem-info>
</gc-end>
<cycle-end id="7085" type="global" contextid="7075" timestamp="2019-08-08T12:08:47.252" />
  <attribute name="elasticGC enabled" value="1" />
  <attribute name= "numThreadsSpecified" value="16" />
  <attribute name="heapSize specified" value="51249152" />
  <attribute name="Current GC Util" value="46" />
  <attribute name= "Current Time Running" value="161742" />
  <attribute name ="GC Interval" value="0" />
  <attribute name="Target GC Util Change" value ="80.000000" />
  <attribute name="Current GC Util Change" value="46.000000"/>
  <attribute name="Current Error" value="22.000000" />
  <attribute name="Output H" value="51324864"/>
  <attribute name="Output I" value="2048"/>
  <attribute name="Output T" value="16"/>
  <attribute name= "Current Time Running" value="161742" />
  <attribute name="GC Util currently" value="46" />
  <attribute name="CPU Util currently" value="29753512325" />
<allocation-satisfied id="7086" threadId="0000000002369F00" bytesRequested="1168" />
<af-end id="7087" timestamp="2019-08-08T12:08:47.252" threadId="000000000236A888" success="true" />
<exclusive-end id="7088" timestamp="2019-08-08T12:08:47.252" durationms="60.144" />

<concurrent-kickoff id="7089" timestamp="2019-08-08T12:08:47.256">
  <kickoff reason="threshold reached" targetBytes="5765758" thresholdFreeBytes="778550" remainingFree="744136" tenureFreeBytes="744136" />
</concurrent-kickoff>
<exclusive-start id="7090" timestamp="2019-08-08T12:08:47.256" intervalms="63.931">
  <response-info timems="0.021" idlems="0.021" threads="0" lastid="0000000002369F00" lastname="main" />
</exclusive-start>
<cycle-start id="7091" type="global" contextid="0" timestamp="2019-08-08T12:08:47.256" intervalms="63.902" />
<exclusive-end id="7092" timestamp="2019-08-08T12:08:47.256" durationms="0.035" />

<exclusive-start id="7093" timestamp="2019-08-08T12:08:47.257" intervalms="0.346">
  <response-info timems="0.063" idlems="0.063" threads="0" lastid="0000000002369F00" lastname="main" />
</exclusive-start>
<af-start id="7094" threadId="000000000236A888" totalBytesRequested="1168" timestamp="2019-08-08T12:08:47.257" intervalms="64.276" />
<concurrent-aborted id="7095" timestamp="2019-08-08T12:08:47.257">
  <reason value="insufficient progress made" />
</concurrent-aborted>
<cycle-end id="7096" type="global" contextid="7091" timestamp="2019-08-08T12:08:47.257" />
  <attribute name="elasticGC enabled" value="1" />
  <attribute name= "numThreadsSpecified" value="16" />
  <attribute name="heapSize specified" value="51249152" />
  <attribute name="Current GC Util" value="46" />
  <attribute name= "Current Time Running" value="161742" />
  <attribute name ="GC Interval" value="0" />
  <attribute name="Target GC Util Change" value ="80.000000" />
  <attribute name="Current GC Util Change" value="46.000000"/>
  <attribute name="Current Error" value="22.000000" />
  <attribute name="Output H" value="51324864"/>
  <attribute name="Output I" value="2048"/>
  <attribute name="Output T" value="16"/>
  <attribute name= "Current Time Running" value="161742" />
  <attribute name="GC Util currently" value="46" />
  <attribute name="CPU Util currently" value="29753512325" />
<cycle-start id="7097" type="global" contextid="0" timestamp="2019-08-08T12:08:47.257" intervalms="0.374" />
<gc-start id="7098" type="global" contextid="7097" timestamp="2019-08-08T12:08:47.257">
  <mem-info id="7099" free="513024" total="51380224" percent="0">
    <mem type="tenure" free="513024" total="51380224" percent="0">
      <mem type="soa" free="0" total="50867200" percent="0" />
      <mem type="loa" free="513024" total="513024" percent="100" />
    </mem>
  </mem-info>
</gc-start>
<allocation-stats totalBytes="32793336" >
  <allocated-bytes non-tlh="0" tlh="32793336" />
  <largest-consumer threadName="main" threadId="0000000002369F00" bytes="32793336" />
</allocation-stats>
<gc-op id="7100" type="mark" timems="14.959" contextid="7097" timestamp="2019-08-08T12:08:47.272">
  <trace-info objectcount="596189" scancount="517180" scanbytes="13270828" />
  <finalization candidates="80" enqueued="0" />
  <ownableSynchronizers candidates="21" cleared="0" />
  <references type="soft" candidates="1843" cleared="0" enqueued="0" dynamicThreshold="20" maxThreshold="32" />
  <references type="weak" candidates="5700" cleared="0" enqueued="0" />
  <references type="phantom" candidates="97" cleared="0" enqueued="0" />
  <stringconstants candidates="13272" cleared="0"  />
</gc-op>
<gc-op id="7101" type="sweep" timems="7.467" contextid="7097" timestamp="2019-08-08T12:08:47.279" />
<mem-info id="7102" free="33512136" total="51380224" percent="65">
  <mem type="tenure" free="33512136" total="51380224" percent="65" micro-fragmented="0">
    <mem type="soa" free="32999112" total="50867200" percent="64" />
    <mem type="loa" free="513024" total="513024" percent="100" />
  </mem>
</mem-info>
<gc-op id="7103" type="compact" timems="32.365" contextid="7097" timestamp="2019-08-08T12:08:47.312">
  <compact-info movecount="2" movebytes="64" reason="compact to aid heap contraction" />
</gc-op>
<heap-resize id="7104" type="expand" space="tenure" amount="131072" count="1" timems="0.026" reason="satisfy allocation request" timestamp="2019-08-08T12:08:47.313" />
<gc-end id="7105" type="global" contextid="7097" durationms="55.878" usertimems="112.830" systemtimems="0.000" timestamp="2019-08-08T12:08:47.313" activeThreads="16">
  <mem-info id="7106" free="33577672" total="51511296" percent="65">
    <mem type="tenure" free="33577672" total="51511296" percent="65">
      <mem type="soa" free="33062600" total="50996224" percent="64" />
      <mem type="loa" free="515072" total="515072" percent="100" />
    </mem>
  </mem-info>
</gc-end>
<cycle-end id="7107" type="global" contextid="7097" timestamp="2019-08-08T12:08:47.313" />
  <attribute name="elasticGC enabled" value="1" />
  <attribute name= "numThreadsSpecified" value="16" />
  <attribute name="heapSize specified" value="51380224" />
  <attribute name="Current GC Util" value="75" />
  <attribute name= "Current Time Running" value="161802" />
  <attribute name ="GC Interval" value="0" />
  <attribute name="Target GC Util Change" value ="80.000000" />
  <attribute name="Current GC Util Change" value="75.000000"/>
  <attribute name="Current Error" value="5.000000" />
  <attribute name="Output H" value="51455912"/>
  <attribute name="Output I" value="2016"/>
  <attribute name="Output T" value="16"/>
  <attribute name= "Current Time Running" value="161802" />
  <attribute name="GC Util currently" value="75" />
  <attribute name="CPU Util currently" value="35530768793" />
<allocation-satisfied id="7108" threadId="0000000002369F00" bytesRequested="1168" />
<af-end id="7109" timestamp="2019-08-08T12:08:47.313" threadId="000000000236A888" success="true" />
<exclusive-end id="7110" timestamp="2019-08-08T12:08:47.313" durationms="56.348" />

<concurrent-kickoff id="7111" timestamp="2019-08-08T12:08:47.318">
  <kickoff reason="threshold reached" targetBytes="5780466" thresholdFreeBytes="780535" remainingFree="776904" tenureFreeBytes="776904" />
</concurrent-kickoff>
<exclusive-start id="7112" timestamp="2019-08-08T12:08:47.318" intervalms="61.567">
  <response-info timems="0.022" idlems="0.022" threads="0" lastid="0000000002369F00" lastname="main" />
</exclusive-start>
<cycle-start id="7113" type="global" contextid="0" timestamp="2019-08-08T12:08:47.318" intervalms="61.547" />
<exclusive-end id="7114" timestamp="2019-08-08T12:08:47.318" durationms="0.051" />

<exclusive-start id="7115" timestamp="2019-08-08T12:08:47.319" intervalms="0.329">
  <response-info timems="0.030" idlems="0.030" threads="0" lastid="0000000002369F00" lastname="main" />
</exclusive-start>
<af-start id="7116" threadId="000000000236A888" totalBytesRequested="1168" timestamp="2019-08-08T12:08:47.319" intervalms="61.919" />
<concurrent-aborted id="7117" timestamp="2019-08-08T12:08:47.319">
  <reason value="insufficient progress made" />
</concurrent-aborted>
<cycle-end id="7118" type="global" contextid="7113" timestamp="2019-08-08T12:08:47.319" />
  <attribute name="elasticGC enabled" value="1" />
  <attribute name= "numThreadsSpecified" value="16" />
  <attribute name="heapSize specified" value="51380224" />
  <attribute name="Current GC Util" value="75" />
  <attribute name= "Current Time Running" value="161802" />
  <attribute name ="GC Interval" value="0" />
  <attribute name="Target GC Util Change" value ="80.000000" />
  <attribute name="Current GC Util Change" value="75.000000"/>
  <attribute name="Current Error" value="5.000000" />
  <attribute name="Output H" value="51455912"/>
  <attribute name="Output I" value="2016"/>
  <attribute name="Output T" value="16"/>
  <attribute name= "Current Time Running" value="161802" />
  <attribute name="GC Util currently" value="75" />
  <attribute name="CPU Util currently" value="35530768793" />
<cycle-start id="7119" type="global" contextid="0" timestamp="2019-08-08T12:08:47.319" intervalms="0.385" />
<gc-start id="7120" type="global" contextid="7119" timestamp="2019-08-08T12:08:47.319">
  <mem-info id="7121" free="515072" total="51511296" percent="0">
    <mem type="tenure" free="515072" total="51511296" percent="0">
      <mem type="soa" free="0" total="50996224" percent="0" />
      <mem type="loa" free="515072" total="515072" percent="100" />
    </mem>
  </mem-info>
</gc-start>
<allocation-stats totalBytes="32921080" >
  <allocated-bytes non-tlh="0" tlh="32921080" />
  <largest-consumer threadName="main" threadId="0000000002369F00" bytes="32921080" />
</allocation-stats>
<gc-op id="7122" type="mark" timems="38.786" contextid="7119" timestamp="2019-08-08T12:08:47.358">
  <trace-info objectcount="596189" scancount="517182" scanbytes="13270828" />
  <finalization candidates="80" enqueued="0" />
  <ownableSynchronizers candidates="21" cleared="0" />
  <references type="soft" candidates="1843" cleared="0" enqueued="0" dynamicThreshold="20" maxThreshold="32" />
  <references type="weak" candidates="5700" cleared="0" enqueued="0" />
  <references type="phantom" candidates="97" cleared="0" enqueued="0" />
  <stringconstants candidates="13272" cleared="0"  />
</gc-op>
<gc-op id="7123" type="sweep" timems="5.629" contextid="7119" timestamp="2019-08-08T12:08:47.363" />
<mem-info id="7124" free="33642696" total="51511296" percent="65">
  <mem type="tenure" free="33642696" total="51511296" percent="65" micro-fragmented="0">
    <mem type="soa" free="33127624" total="50996224" percent="64" />
    <mem type="loa" free="515072" total="515072" percent="100" />
  </mem>
</mem-info>
<gc-op id="7125" type="compact" timems="26.421" contextid="7119" timestamp="2019-08-08T12:08:47.390">
  <compact-info movecount="2" movebytes="64" reason="compact to aid heap contraction" />
</gc-op>
<heap-resize id="7126" type="expand" space="tenure" amount="131072" count="1" timems="0.017" reason="satisfy allocation request" timestamp="2019-08-08T12:08:47.391" />
<gc-end id="7127" type="global" contextid="7119" durationms="72.263" usertimems="193.014" systemtimems="0.000" timestamp="2019-08-08T12:08:47.391" activeThreads="16">
  <mem-info id="7128" free="33708744" total="51642368" percent="65">
    <mem type="tenure" free="33708744" total="51642368" percent="65">
      <mem type="soa" free="33192648" total="51126272" percent="64" />
      <mem type="loa" free="516096" total="516096" percent="100" />
    </mem>
  </mem-info>
</gc-end>
<cycle-end id="7129" type="global" contextid="7119" timestamp="2019-08-08T12:08:47.391" />
  <attribute name="elasticGC enabled" value="1" />
  <attribute name= "numThreadsSpecified" value="16" />
  <attribute name="heapSize specified" value="51511296" />
  <attribute name="Current GC Util" value="47" />
  <attribute name= "Current Time Running" value="161880" />
  <attribute name ="GC Interval" value="0" />
  <attribute name="Target GC Util Change" value ="80.000000" />
  <attribute name="Current GC Util Change" value="47.000000"/>
  <attribute name="Current Error" value="-597.000000" />
  <attribute name="Output H" value="51586288"/>
  <attribute name="Output I" value="944"/>
  <attribute name="Output T" value="16"/>
  <attribute name= "Current Time Running" value="161880" />
  <attribute name="GC Util currently" value="47" />
  <attribute name="CPU Util currently" value="43487942707" />
<allocation-satisfied id="7130" threadId="0000000002369F00" bytesRequested="1168" />
<af-end id="7131" timestamp="2019-08-08T12:08:47.391" threadId="000000000236A888" success="true" />
<exclusive-end id="7132" timestamp="2019-08-08T12:08:47.391" durationms="72.619" />

<concurrent-kickoff id="7133" timestamp="2019-08-08T12:08:47.421">
  <kickoff reason="threshold reached" targetBytes="5795174" thresholdFreeBytes="782522" remainingFree="772808" tenureFreeBytes="772808" />
</concurrent-kickoff>
<exclusive-start id="7134" timestamp="2019-08-08T12:08:47.422" intervalms="103.004">
  <response-info timems="0.022" idlems="0.022" threads="0" lastid="0000000002369F00" lastname="main" />
</exclusive-start>
<cycle-start id="7135" type="global" contextid="0" timestamp="2019-08-08T12:08:47.422" intervalms="102.928" />
<exclusive-end id="7136" timestamp="2019-08-08T12:08:47.422" durationms="0.029" />

<exclusive-start id="7137" timestamp="2019-08-08T12:08:47.422" intervalms="0.713">
  <response-info timems="0.009" idlems="0.009" threads="0" lastid="0000000002369F00" lastname="main" />
</exclusive-start>
<af-start id="7138" threadId="000000000236A888" totalBytesRequested="24" timestamp="2019-08-08T12:08:47.422" intervalms="103.729" />
<concurrent-aborted id="7139" timestamp="2019-08-08T12:08:47.422">
  <reason value="insufficient progress made" />
</concurrent-aborted>
<cycle-end id="7140" type="global" contextid="7135" timestamp="2019-08-08T12:08:47.422" />
  <attribute name="elasticGC enabled" value="1" />
  <attribute name= "numThreadsSpecified" value="16" />
  <attribute name="heapSize specified" value="51511296" />
  <attribute name="Current GC Util" value="47" />
  <attribute name= "Current Time Running" value="161880" />
  <attribute name ="GC Interval" value="0" />
  <attribute name="Target GC Util Change" value ="80.000000" />
  <attribute name="Current GC Util Change" value="47.000000"/>
  <attribute name="Current Error" value="-597.000000" />
  <attribute name="Output H" value="51586288"/>
  <attribute name="Output I" value="944"/>
  <attribute name="Output T" value="16"/>
  <attribute name= "Current Time Running" value="161880" />
  <attribute name="GC Util currently" value="47" />
  <attribute name="CPU Util currently" value="43487942707" />
<cycle-start id="7141" type="global" contextid="0" timestamp="2019-08-08T12:08:47.422" intervalms="0.810" />
<gc-start id="7142" type="global" contextid="7141" timestamp="2019-08-08T12:08:47.422">
  <mem-info id="7143" free="516096" total="51642368" percent="0">
    <mem type="tenure" free="516096" total="51642368" percent="0">
      <mem type="soa" free="0" total="51126272" percent="0" />
      <mem type="loa" free="516096" total="516096" percent="100" />
    </mem>
  </mem-info>
</gc-start>
<allocation-stats totalBytes="33250224" >
  <allocated-bytes non-tlh="0" tlh="33250224" />
  <largest-consumer threadName="main" threadId="0000000002369F00" bytes="33250224" />
</allocation-stats>
<gc-op id="7144" type="mark" timems="11.087" contextid="7141" timestamp="2019-08-08T12:08:47.434">
  <trace-info objectcount="596314" scancount="517309" scanbytes="13275060" />
  <finalization candidates="80" enqueued="0" />
  <ownableSynchronizers candidates="21" cleared="0" />
  <references type="soft" candidates="1843" cleared="0" enqueued="0" dynamicThreshold="20" maxThreshold="32" />
  <references type="weak" candidates="5700" cleared="0" enqueued="0" />
  <references type="phantom" candidates="97" cleared="0" enqueued="0" />
  <stringconstants candidates="13272" cleared="0"  />
</gc-op>
<gc-op id="7145" type="sweep" timems="19.091" contextid="7141" timestamp="2019-08-08T12:08:47.453" />
<mem-info id="7146" free="33767720" total="51642368" percent="65">
  <mem type="tenure" free="33767720" total="51642368" percent="65" micro-fragmented="0">
    <mem type="soa" free="33251624" total="51126272" percent="65" />
    <mem type="loa" free="516096" total="516096" percent="100" />
  </mem>
</mem-info>
<gc-op id="7147" type="compact" timems="34.388" contextid="7141" timestamp="2019-08-08T12:08:47.487">
  <compact-info movecount="1726" movebytes="56504" reason="compact to aid heap contraction" />
</gc-op>
<heap-resize id="7148" type="expand" space="tenure" amount="131072" count="1" timems="0.022" reason="satisfy allocation request" timestamp="2019-08-08T12:08:47.488" />
<gc-end id="7149" type="global" contextid="7141" durationms="65.482" usertimems="118.261" systemtimems="0.000" timestamp="2019-08-08T12:08:47.488" activeThreads="16">
  <mem-info id="7150" free="33836760" total="51773440" percent="65">
    <mem type="tenure" free="33836760" total="51773440" percent="65">
      <mem type="soa" free="33319640" total="51256320" percent="65" />
      <mem type="loa" free="517120" total="517120" percent="100" />
    </mem>
  </mem-info>
</gc-end>
<cycle-end id="7151" type="global" contextid="7141" timestamp="2019-08-08T12:08:47.488" />
  <attribute name="elasticGC enabled" value="1" />
  <attribute name= "numThreadsSpecified" value="16" />
  <attribute name="heapSize specified" value="51642368" />
  <attribute name="Current GC Util" value="83" />
  <attribute name= "Current Time Running" value="161977" />
  <attribute name ="GC Interval" value="0" />
  <attribute name="Target GC Util Change" value ="80.000000" />
  <attribute name="Current GC Util Change" value="83.000000"/>
  <attribute name="Current Error" value="-386.000000" />
  <attribute name="Output H" value="51717608"/>
  <attribute name="Output I" value="1320"/>
  <attribute name="Output T" value="16"/>
  <attribute name= "Current Time Running" value="161977" />
  <attribute name="GC Util currently" value="83" />
  <attribute name="CPU Util currently" value="33449481834" />
<allocation-satisfied id="7152" threadId="0000000002369F00" bytesRequested="24" />
<af-end id="7153" timestamp="2019-08-08T12:08:47.488" threadId="000000000236A888" success="true" />
<exclusive-end id="7154" timestamp="2019-08-08T12:08:47.488" durationms="65.750" />

<concurrent-kickoff id="7155" timestamp="2019-08-08T12:08:47.523">
  <kickoff reason="threshold reached" targetBytes="5809883" thresholdFreeBytes="784507" remainingFree="773848" tenureFreeBytes="773848" />
</concurrent-kickoff>
<exclusive-start id="7156" timestamp="2019-08-08T12:08:47.523" intervalms="101.095">
  <response-info timems="0.270" idlems="0.270" threads="0" lastid="0000000002369F00" lastname="main" />
</exclusive-start>
<cycle-start id="7157" type="global" contextid="0" timestamp="2019-08-08T12:08:47.523" intervalms="101.042" />
<exclusive-end id="7158" timestamp="2019-08-08T12:08:47.523" durationms="0.069" />

<exclusive-start id="7159" timestamp="2019-08-08T12:08:47.525" intervalms="1.187">
  <response-info timems="0.011" idlems="0.011" threads="0" lastid="0000000002369F00" lastname="main" />
</exclusive-start>
<af-start id="7160" threadId="000000000236A888" totalBytesRequested="24" timestamp="2019-08-08T12:08:47.525" intervalms="102.275" />
<concurrent-aborted id="7161" timestamp="2019-08-08T12:08:47.525">
  <reason value="insufficient progress made" />
</concurrent-aborted>
<cycle-end id="7162" type="global" contextid="7157" timestamp="2019-08-08T12:08:47.525" />
  <attribute name="elasticGC enabled" value="1" />
  <attribute name= "numThreadsSpecified" value="16" />
  <attribute name="heapSize specified" value="51642368" />
  <attribute name="Current GC Util" value="83" />
  <attribute name= "Current Time Running" value="161977" />
  <attribute name ="GC Interval" value="0" />
  <attribute name="Target GC Util Change" value ="80.000000" />
  <attribute name="Current GC Util Change" value="83.000000"/>
  <attribute name="Current Error" value="-386.000000" />
  <attribute name="Output H" value="51717608"/>
  <attribute name="Output I" value="1320"/>
  <attribute name="Output T" value="16"/>
  <attribute name= "Current Time Running" value="161977" />
  <attribute name="GC Util currently" value="83" />
  <attribute name="CPU Util currently" value="33449481834" />
<cycle-start id="7163" type="global" contextid="0" timestamp="2019-08-08T12:08:47.525" intervalms="1.218" />
<gc-start id="7164" type="global" contextid="7163" timestamp="2019-08-08T12:08:47.525">
  <mem-info id="7165" free="517120" total="51773440" percent="0">
    <mem type="tenure" free="517120" total="51773440" percent="0">
      <mem type="soa" free="0" total="51256320" percent="0" />
      <mem type="loa" free="517120" total="517120" percent="100" />
    </mem>
  </mem-info>
</gc-start>
<allocation-stats totalBytes="33380664" >
  <allocated-bytes non-tlh="0" tlh="33380664" />
  <largest-consumer threadName="main" threadId="0000000002369F00" bytes="33380664" />
</allocation-stats>
<gc-op id="7166" type="mark" timems="9.391" contextid="7163" timestamp="2019-08-08T12:08:47.534">
  <trace-info objectcount="596386" scancount="517381" scanbytes="13277420" />
  <finalization candidates="80" enqueued="0" />
  <ownableSynchronizers candidates="21" cleared="0" />
  <references type="soft" candidates="1843" cleared="0" enqueued="0" dynamicThreshold="20" maxThreshold="32" />
  <references type="weak" candidates="5725" cleared="0" enqueued="0" />
  <references type="phantom" candidates="97" cleared="0" enqueued="0" />
  <stringconstants candidates="13272" cleared="0"  />
</gc-op>
<gc-op id="7167" type="sweep" timems="9.496" contextid="7163" timestamp="2019-08-08T12:08:47.544" />
<mem-info id="7168" free="33887776" total="51773440" percent="65">
  <mem type="tenure" free="33887776" total="51773440" percent="65" micro-fragmented="0">
    <mem type="soa" free="33370656" total="51256320" percent="65" />
    <mem type="loa" free="517120" total="517120" percent="100" />
  </mem>
</mem-info>
<gc-op id="7169" type="compact" timems="140.506" contextid="7163" timestamp="2019-08-08T12:08:47.684">
  <compact-info movecount="552320" movebytes="15327008" reason="compact to aid heap contraction" />
</gc-op>
<heap-resize id="7170" type="expand" space="tenure" amount="131072" count="1" timems="0.021" reason="satisfy allocation request" timestamp="2019-08-08T12:08:47.685" />
<gc-end id="7171" type="global" contextid="7163" durationms="159.989" usertimems="204.715" systemtimems="0.000" timestamp="2019-08-08T12:08:47.685" activeThreads="16">
  <mem-info id="7172" free="33965440" total="51904512" percent="65">
    <mem type="tenure" free="33965440" total="51904512" percent="65">
      <mem type="soa" free="33447296" total="51386368" percent="65" />
      <mem type="loa" free="518144" total="518144" percent="100" />
    </mem>
  </mem-info>
</gc-end>
<cycle-end id="7173" type="global" contextid="7163" timestamp="2019-08-08T12:08:47.685" />
  <attribute name="elasticGC enabled" value="1" />
  <attribute name= "numThreadsSpecified" value="16" />
  <attribute name="heapSize specified" value="51773440" />
  <attribute name="Current GC Util" value="12" />
  <attribute name= "Current Time Running" value="162174" />
  <attribute name ="GC Interval" value="0" />
  <attribute name="Target GC Util Change" value ="80.000000" />
  <attribute name="Current GC Util Change" value="12.000000"/>
  <attribute name="Current Error" value="-284.000000" />
  <attribute name="Output H" value="51848800"/>
  <attribute name="Output I" value="1504"/>
  <attribute name="Output T" value="16"/>
  <attribute name= "Current Time Running" value="162174" />
  <attribute name="GC Util currently" value="12" />
  <attribute name="CPU Util currently" value="8204003096" />
<allocation-satisfied id="7174" threadId="0000000002369F00" bytesRequested="24" />
<af-end id="7175" timestamp="2019-08-08T12:08:47.685" threadId="000000000236A888" success="true" />
<exclusive-end id="7176" timestamp="2019-08-08T12:08:47.685" durationms="160.318" />

<concurrent-kickoff id="7177" timestamp="2019-08-08T12:08:47.719">
  <kickoff reason="threshold reached" targetBytes="5824592" thresholdFreeBytes="786494" remainingFree="771456" tenureFreeBytes="771456" />
</concurrent-kickoff>
<exclusive-start id="7178" timestamp="2019-08-08T12:08:47.719" intervalms="194.851">
  <response-info timems="0.036" idlems="0.036" threads="0" lastid="0000000002369F00" lastname="main" />
</exclusive-start>
<cycle-start id="7179" type="global" contextid="0" timestamp="2019-08-08T12:08:47.719" intervalms="194.775" />
<exclusive-end id="7180" timestamp="2019-08-08T12:08:47.719" durationms="0.025" />

<exclusive-start id="7181" timestamp="2019-08-08T12:08:47.720" intervalms="0.306">
  <response-info timems="0.025" idlems="0.025" threads="0" lastid="0000000002369F00" lastname="main" />
</exclusive-start>
<af-start id="7182" threadId="000000000236A888" totalBytesRequested="264" timestamp="2019-08-08T12:08:47.720" intervalms="195.142" />
<concurrent-aborted id="7183" timestamp="2019-08-08T12:08:47.720">
  <reason value="insufficient progress made" />
</concurrent-aborted>
<cycle-end id="7184" type="global" contextid="7179" timestamp="2019-08-08T12:08:47.720" />
  <attribute name="elasticGC enabled" value="1" />
  <attribute name= "numThreadsSpecified" value="16" />
  <attribute name="heapSize specified" value="51773440" />
  <attribute name="Current GC Util" value="12" />
  <attribute name= "Current Time Running" value="162174" />
  <attribute name ="GC Interval" value="0" />
  <attribute name="Target GC Util Change" value ="80.000000" />
  <attribute name="Current GC Util Change" value="12.000000"/>
  <attribute name="Current Error" value="-284.000000" />
  <attribute name="Output H" value="51848800"/>
  <attribute name="Output I" value="1504"/>
  <attribute name="Output T" value="16"/>
  <attribute name= "Current Time Running" value="162174" />
  <attribute name="GC Util currently" value="12" />
  <attribute name="CPU Util currently" value="8204003096" />
<cycle-start id="7185" type="global" contextid="0" timestamp="2019-08-08T12:08:47.720" intervalms="0.372" />
<gc-start id="7186" type="global" contextid="7185" timestamp="2019-08-08T12:08:47.720">
  <mem-info id="7187" free="518144" total="51904512" percent="0">
    <mem type="tenure" free="518144" total="51904512" percent="0">
      <mem type="soa" free="0" total="51386368" percent="0" />
      <mem type="loa" free="518144" total="518144" percent="100" />
    </mem>
  </mem-info>
</gc-start>
<allocation-stats totalBytes="33508104" >
  <allocated-bytes non-tlh="0" tlh="33508104" />
  <largest-consumer threadName="main" threadId="0000000002369F00" bytes="33508104" />
</allocation-stats>
<gc-op id="7188" type="mark" timems="11.696" contextid="7185" timestamp="2019-08-08T12:08:47.732">
  <trace-info objectcount="596212" scancount="517208" scanbytes="13271524" />
  <finalization candidates="80" enqueued="0" />
  <ownableSynchronizers candidates="21" cleared="0" />
  <references type="soft" candidates="1843" cleared="0" enqueued="0" dynamicThreshold="20" maxThreshold="32" />
  <references type="weak" candidates="5725" cleared="7" enqueued="3" />
  <references type="phantom" candidates="97" cleared="0" enqueued="0" />
  <stringconstants candidates="13272" cleared="0"  />
</gc-op>
<gc-op id="7189" type="sweep" timems="13.178" contextid="7185" timestamp="2019-08-08T12:08:47.745" />
<mem-info id="7190" free="34034408" total="51904512" percent="65">
  <mem type="tenure" free="34034408" total="51904512" percent="65" micro-fragmented="0">
    <mem type="soa" free="33516264" total="51386368" percent="65" />
    <mem type="loa" free="518144" total="518144" percent="100" />
  </mem>
  <pending-finalizers system="0" default="0" reference="3" classloader="0" />
</mem-info>
<gc-op id="7191" type="compact" timems="25.664" contextid="7185" timestamp="2019-08-08T12:08:47.771">
  <compact-info movecount="1595" movebytes="52384" reason="compact to aid heap contraction" />
</gc-op>
<heap-resize id="7192" type="expand" space="tenure" amount="131072" count="1" timems="0.027" reason="satisfy allocation request" timestamp="2019-08-08T12:08:47.771" />
<gc-end id="7193" type="global" contextid="7185" durationms="51.703" usertimems="95.046" systemtimems="0.000" timestamp="2019-08-08T12:08:47.772" activeThreads="16">
  <mem-info id="7194" free="34102176" total="52035584" percent="65">
    <mem type="tenure" free="34102176" total="52035584" percent="65">
      <mem type="soa" free="33581984" total="51515392" percent="65" />
      <mem type="loa" free="520192" total="520192" percent="100" />
    </mem>
    <pending-finalizers system="0" default="0" reference="3" classloader="0" />
  </mem-info>
</gc-end>
<cycle-end id="7195" type="global" contextid="7185" timestamp="2019-08-08T12:08:47.772" />
  <attribute name="elasticGC enabled" value="1" />
  <attribute name= "numThreadsSpecified" value="16" />
  <attribute name="heapSize specified" value="51904512" />
  <attribute name="Current GC Util" value="48" />
  <attribute name= "Current Time Running" value="162261" />
  <attribute name ="GC Interval" value="0" />
  <attribute name="Target GC Util Change" value ="80.000000" />
  <attribute name="Current GC Util Change" value="48.000000"/>
  <attribute name="Current Error" value="27.000000" />
  <attribute name="Output H" value="51980224"/>
  <attribute name="Output I" value="2056"/>
  <attribute name="Output T" value="16"/>
  <attribute name= "Current Time Running" value="162261" />
  <attribute name="GC Util currently" value="48" />
  <attribute name="CPU Util currently" value="44883475018" />
<allocation-satisfied id="7196" threadId="0000000002369F00" bytesRequested="264" />
<af-end id="7197" timestamp="2019-08-08T12:08:47.772" threadId="000000000236A888" success="true" />
<exclusive-end id="7198" timestamp="2019-08-08T12:08:47.772" durationms="52.009" />

<concurrent-kickoff id="7199" timestamp="2019-08-08T12:08:47.778">
  <kickoff reason="threshold reached" targetBytes="5839301" thresholdFreeBytes="788480" remainingFree="777120" tenureFreeBytes="777120" />
</concurrent-kickoff>
<exclusive-start id="7200" timestamp="2019-08-08T12:08:47.779" intervalms="58.873">
  <response-info timems="0.023" idlems="0.023" threads="0" lastid="0000000002369F00" lastname="main" />
</exclusive-start>
<cycle-start id="7201" type="global" contextid="0" timestamp="2019-08-08T12:08:47.779" intervalms="58.799" />
<exclusive-end id="7202" timestamp="2019-08-08T12:08:47.779" durationms="0.014" />

<exclusive-start id="7203" timestamp="2019-08-08T12:08:47.779" intervalms="0.495">
  <response-info timems="0.038" idlems="0.038" threads="0" lastid="0000000002369F00" lastname="main" />
</exclusive-start>
<af-start id="7204" threadId="000000000236A888" totalBytesRequested="16" timestamp="2019-08-08T12:08:47.779" intervalms="59.369" />
<concurrent-aborted id="7205" timestamp="2019-08-08T12:08:47.779">
  <reason value="insufficient progress made" />
</concurrent-aborted>
<cycle-end id="7206" type="global" contextid="7201" timestamp="2019-08-08T12:08:47.779" />
  <attribute name="elasticGC enabled" value="1" />
  <attribute name= "numThreadsSpecified" value="16" />
  <attribute name="heapSize specified" value="51904512" />
  <attribute name="Current GC Util" value="48" />
  <attribute name= "Current Time Running" value="162261" />
  <attribute name ="GC Interval" value="0" />
  <attribute name="Target GC Util Change" value ="80.000000" />
  <attribute name="Current GC Util Change" value="48.000000"/>
  <attribute name="Current Error" value="27.000000" />
  <attribute name="Output H" value="51980224"/>
  <attribute name="Output I" value="2056"/>
  <attribute name="Output T" value="16"/>
  <attribute name= "Current Time Running" value="162261" />
  <attribute name="GC Util currently" value="48" />
  <attribute name="CPU Util currently" value="44883475018" />
<cycle-start id="7207" type="global" contextid="0" timestamp="2019-08-08T12:08:47.779" intervalms="0.558" />
<gc-start id="7208" type="global" contextid="7207" timestamp="2019-08-08T12:08:47.779">
  <mem-info id="7209" free="520192" total="52035584" percent="0">
    <mem type="tenure" free="520192" total="52035584" percent="0">
      <mem type="soa" free="0" total="51515392" percent="0" />
      <mem type="loa" free="520192" total="520192" percent="100" />
    </mem>
  </mem-info>
</gc-start>
<allocation-stats totalBytes="33627200" >
  <allocated-bytes non-tlh="0" tlh="33627200" />
  <largest-consumer threadName="main" threadId="0000000002369F00" bytes="33627200" />
</allocation-stats>
<gc-op id="7210" type="mark" timems="29.157" contextid="7207" timestamp="2019-08-08T12:08:47.808">
  <trace-info objectcount="596215" scancount="517206" scanbytes="13271564" />
  <finalization candidates="80" enqueued="0" />
  <ownableSynchronizers candidates="21" cleared="0" />
  <references type="soft" candidates="1843" cleared="0" enqueued="0" dynamicThreshold="20" maxThreshold="32" />
  <references type="weak" candidates="5718" cleared="0" enqueued="0" />
  <references type="phantom" candidates="97" cleared="0" enqueued="0" />
  <stringconstants candidates="13272" cleared="0"  />
</gc-op>
<gc-op id="7211" type="sweep" timems="9.601" contextid="7207" timestamp="2019-08-08T12:08:47.818" />
<mem-info id="7212" free="34167728" total="52035584" percent="65">
  <mem type="tenure" free="34167728" total="52035584" percent="65" micro-fragmented="0">
    <mem type="soa" free="33647536" total="51515392" percent="65" />
    <mem type="loa" free="520192" total="520192" percent="100" />
  </mem>
</mem-info>
<gc-op id="7213" type="compact" timems="30.780" contextid="7207" timestamp="2019-08-08T12:08:47.849">
  <compact-info movecount="8" movebytes="328" reason="compact to aid heap contraction" />
</gc-op>
<heap-resize id="7214" type="expand" space="tenure" amount="131072" count="1" timems="0.017" reason="satisfy allocation request" timestamp="2019-08-08T12:08:47.849" />
<gc-end id="7215" type="global" contextid="7207" durationms="70.229" usertimems="138.811" systemtimems="0.000" timestamp="2019-08-08T12:08:47.849" activeThreads="16">
  <mem-info id="7216" free="34233272" total="52166656" percent="65">
    <mem type="tenure" free="34233272" total="52166656" percent="65">
      <mem type="soa" free="33712056" total="51645440" percent="65" />
      <mem type="loa" free="521216" total="521216" percent="100" />
    </mem>
  </mem-info>
</gc-end>
<cycle-end id="7217" type="global" contextid="7207" timestamp="2019-08-08T12:08:47.849" />
  <attribute name="elasticGC enabled" value="1" />
  <attribute name= "numThreadsSpecified" value="16" />
  <attribute name="heapSize specified" value="52035584" />
  <attribute name="Current GC Util" value="37" />
  <attribute name= "Current Time Running" value="162339" />
  <attribute name ="GC Interval" value="0" />
  <attribute name="Target GC Util Change" value ="80.000000" />
  <attribute name="Current GC Util Change" value="37.000000"/>
  <attribute name="Current Error" value="109.000000" />
  <attribute name="Output H" value="52111392"/>
  <attribute name="Output I" value="2208"/>
  <attribute name="Output T" value="16"/>
  <attribute name= "Current Time Running" value="162339" />
  <attribute name="GC Util currently" value="37" />
  <attribute name="CPU Util currently" value="37430483336" />
<allocation-satisfied id="7218" threadId="0000000002369F00" bytesRequested="16" />
<af-end id="7219" timestamp="2019-08-08T12:08:47.850" threadId="000000000236A888" success="true" />
<exclusive-end id="7220" timestamp="2019-08-08T12:08:47.850" durationms="70.479" />

<concurrent-kickoff id="7221" timestamp="2019-08-08T12:08:47.864">
  <kickoff reason="threshold reached" targetBytes="5854009" thresholdFreeBytes="790466" remainingFree="777144" tenureFreeBytes="777144" />
</concurrent-kickoff>
<exclusive-start id="7222" timestamp="2019-08-08T12:08:47.864" intervalms="85.304">
  <response-info timems="0.021" idlems="0.021" threads="0" lastid="0000000002369F00" lastname="main" />
</exclusive-start>
<cycle-start id="7223" type="global" contextid="0" timestamp="2019-08-08T12:08:47.864" intervalms="85.239" />
<exclusive-end id="7224" timestamp="2019-08-08T12:08:47.864" durationms="0.013" />

<exclusive-start id="7225" timestamp="2019-08-08T12:08:47.865" intervalms="0.302">
  <response-info timems="0.015" idlems="0.015" threads="0" lastid="0000000002369F00" lastname="main" />
</exclusive-start>
<af-start id="7226" threadId="000000000236A888" totalBytesRequested="216" timestamp="2019-08-08T12:08:47.865" intervalms="85.603" />
<concurrent-aborted id="7227" timestamp="2019-08-08T12:08:47.865">
  <reason value="insufficient progress made" />
</concurrent-aborted>
<cycle-end id="7228" type="global" contextid="7223" timestamp="2019-08-08T12:08:47.865" />
  <attribute name="elasticGC enabled" value="1" />
  <attribute name= "numThreadsSpecified" value="16" />
  <attribute name="heapSize specified" value="52035584" />
  <attribute name="Current GC Util" value="37" />
  <attribute name= "Current Time Running" value="162339" />
  <attribute name ="GC Interval" value="0" />
  <attribute name="Target GC Util Change" value ="80.000000" />
  <attribute name="Current GC Util Change" value="37.000000"/>
  <attribute name="Current Error" value="109.000000" />
  <attribute name="Output H" value="52111392"/>
  <attribute name="Output I" value="2208"/>
  <attribute name="Output T" value="16"/>
  <attribute name= "Current Time Running" value="162339" />
  <attribute name="GC Util currently" value="37" />
  <attribute name="CPU Util currently" value="37430483336" />
<cycle-start id="7229" type="global" contextid="0" timestamp="2019-08-08T12:08:47.865" intervalms="0.371" />
<gc-start id="7230" type="global" contextid="7229" timestamp="2019-08-08T12:08:47.865">
  <mem-info id="7231" free="521216" total="52166656" percent="0">
    <mem type="tenure" free="521216" total="52166656" percent="0">
      <mem type="soa" free="0" total="51645440" percent="0" />
      <mem type="loa" free="521216" total="521216" percent="100" />
    </mem>
  </mem-info>
</gc-start>
<allocation-stats totalBytes="33759256" >
  <allocated-bytes non-tlh="0" tlh="33759256" />
  <largest-consumer threadName="main" threadId="0000000002369F00" bytes="33759256" />
</allocation-stats>
<gc-op id="7232" type="mark" timems="12.806" contextid="7229" timestamp="2019-08-08T12:08:47.878">
  <trace-info objectcount="596213" scancount="517228" scanbytes="13271548" />
  <finalization candidates="80" enqueued="0" />
  <ownableSynchronizers candidates="21" cleared="0" />
  <references type="soft" candidates="1843" cleared="0" enqueued="0" dynamicThreshold="20" maxThreshold="32" />
  <references type="weak" candidates="5718" cleared="0" enqueued="0" />
  <references type="phantom" candidates="97" cleared="0" enqueued="0" />
  <stringconstants candidates="13272" cleared="0"  />
</gc-op>
<gc-op id="7233" type="sweep" timems="9.113" contextid="7229" timestamp="2019-08-08T12:08:47.887" />
<mem-info id="7234" free="34298728" total="52166656" percent="65">
  <mem type="tenure" free="34298728" total="52166656" percent="65" micro-fragmented="0">
    <mem type="soa" free="33777512" total="51645440" percent="65" />
    <mem type="loa" free="521216" total="521216" percent="100" />
  </mem>
</mem-info>
<gc-op id="7235" type="compact" timems="24.395" contextid="7229" timestamp="2019-08-08T12:08:47.911">
  <compact-info movecount="6" movebytes="328" reason="compact to aid heap contraction" />
</gc-op>
<heap-resize id="7236" type="expand" space="tenure" amount="131072" count="1" timems="0.022" reason="satisfy allocation request" timestamp="2019-08-08T12:08:47.912" />
<gc-end id="7237" type="global" contextid="7229" durationms="47.823" usertimems="87.093" systemtimems="0.000" timestamp="2019-08-08T12:08:47.913" activeThreads="16">
  <mem-info id="7238" free="34364344" total="52297728" percent="65">
    <mem type="tenure" free="34364344" total="52297728" percent="65">
      <mem type="soa" free="33842104" total="51775488" percent="65" />
      <mem type="loa" free="522240" total="522240" percent="100" />
    </mem>
  </mem-info>
</gc-end>
<cycle-end id="7239" type="global" contextid="7229" timestamp="2019-08-08T12:08:47.913" />
  <attribute name="elasticGC enabled" value="1" />
  <attribute name= "numThreadsSpecified" value="16" />
  <attribute name="heapSize specified" value="52166656" />
  <attribute name="Current GC Util" value="55" />
  <attribute name= "Current Time Running" value="162401" />
  <attribute name ="GC Interval" value="0" />
  <attribute name="Target GC Util Change" value ="80.000000" />
  <attribute name="Current GC Util Change" value="55.000000"/>
  <attribute name="Current Error" value="25.000000" />
  <attribute name="Output H" value="52242368"/>
  <attribute name="Output I" value="2056"/>
  <attribute name="Output T" value="16"/>
  <attribute name= "Current Time Running" value="162401" />
  <attribute name="GC Util currently" value="55" />
  <attribute name="CPU Util currently" value="47213826804" />
<allocation-satisfied id="7240" threadId="0000000002369F00" bytesRequested="216" />
<af-end id="7241" timestamp="2019-08-08T12:08:47.913" threadId="000000000236A888" success="true" />
<exclusive-end id="7242" timestamp="2019-08-08T12:08:47.913" durationms="48.067" />

<concurrent-kickoff id="7243" timestamp="2019-08-08T12:08:47.920">
  <kickoff reason="threshold reached" targetBytes="5868718" thresholdFreeBytes="792452" remainingFree="777144" tenureFreeBytes="777144" />
</concurrent-kickoff>
<exclusive-start id="7244" timestamp="2019-08-08T12:08:47.920" intervalms="55.719">
  <response-info timems="0.021" idlems="0.021" threads="0" lastid="0000000002369F00" lastname="main" />
</exclusive-start>
<cycle-start id="7245" type="global" contextid="0" timestamp="2019-08-08T12:08:47.920" intervalms="55.671" />
<exclusive-end id="7246" timestamp="2019-08-08T12:08:47.920" durationms="0.035" />

<exclusive-start id="7247" timestamp="2019-08-08T12:08:47.921" intervalms="0.472">
  <response-info timems="0.100" idlems="0.100" threads="0" lastid="0000000002369F00" lastname="main" />
</exclusive-start>
<af-start id="7248" threadId="000000000236A888" totalBytesRequested="224" timestamp="2019-08-08T12:08:47.921" intervalms="56.194" />
<concurrent-aborted id="7249" timestamp="2019-08-08T12:08:47.921">
  <reason value="insufficient progress made" />
</concurrent-aborted>
<cycle-end id="7250" type="global" contextid="7245" timestamp="2019-08-08T12:08:47.921" />
  <attribute name="elasticGC enabled" value="1" />
  <attribute name= "numThreadsSpecified" value="16" />
  <attribute name="heapSize specified" value="52166656" />
  <attribute name="Current GC Util" value="55" />
  <attribute name= "Current Time Running" value="162401" />
  <attribute name ="GC Interval" value="0" />
  <attribute name="Target GC Util Change" value ="80.000000" />
  <attribute name="Current GC Util Change" value="55.000000"/>
  <attribute name="Current Error" value="25.000000" />
  <attribute name="Output H" value="52242368"/>
  <attribute name="Output I" value="2056"/>
  <attribute name="Output T" value="16"/>
  <attribute name= "Current Time Running" value="162401" />
  <attribute name="GC Util currently" value="55" />
  <attribute name="CPU Util currently" value="47213826804" />
<cycle-start id="7251" type="global" contextid="0" timestamp="2019-08-08T12:08:47.921" intervalms="0.515" />
<gc-start id="7252" type="global" contextid="7251" timestamp="2019-08-08T12:08:47.921">
  <mem-info id="7253" free="522240" total="52297728" percent="0">
    <mem type="tenure" free="522240" total="52297728" percent="0">
      <mem type="soa" free="0" total="51775488" percent="0" />
      <mem type="loa" free="522240" total="522240" percent="100" />
    </mem>
  </mem-info>
</gc-start>
<allocation-stats totalBytes="33890784" >
  <allocated-bytes non-tlh="0" tlh="33890784" />
  <largest-consumer threadName="main" threadId="0000000002369F00" bytes="33890784" />
</allocation-stats>
<gc-op id="7254" type="mark" timems="11.006" contextid="7251" timestamp="2019-08-08T12:08:47.932">
  <trace-info objectcount="596213" scancount="517208" scanbytes="13271548" />
  <finalization candidates="80" enqueued="0" />
  <ownableSynchronizers candidates="21" cleared="0" />
  <references type="soft" candidates="1843" cleared="0" enqueued="0" dynamicThreshold="21" maxThreshold="32" />
  <references type="weak" candidates="5718" cleared="0" enqueued="0" />
  <references type="phantom" candidates="97" cleared="0" enqueued="0" />
  <stringconstants candidates="13272" cleared="0"  />
</gc-op>
<gc-op id="7255" type="sweep" timems="14.771" contextid="7251" timestamp="2019-08-08T12:08:47.947" />
<mem-info id="7256" free="34429816" total="52297728" percent="65">
  <mem type="tenure" free="34429816" total="52297728" percent="65" micro-fragmented="0">
    <mem type="soa" free="33907576" total="51775488" percent="65" />
    <mem type="loa" free="522240" total="522240" percent="100" />
  </mem>
</mem-info>
<gc-op id="7257" type="compact" timems="27.881" contextid="7251" timestamp="2019-08-08T12:08:47.975">
  <compact-info movecount="6" movebytes="336" reason="compact to aid heap contraction" />
</gc-op>
<heap-resize id="7258" type="expand" space="tenure" amount="131072" count="1" timems="0.026" reason="satisfy allocation request" timestamp="2019-08-08T12:08:47.976" />
<gc-end id="7259" type="global" contextid="7251" durationms="55.346" usertimems="107.956" systemtimems="0.000" timestamp="2019-08-08T12:08:47.976" activeThreads="16">
  <mem-info id="7260" free="34495408" total="52428800" percent="65">
    <mem type="tenure" free="34495408" total="52428800" percent="65">
      <mem type="soa" free="33971120" total="51904512" percent="65" />
      <mem type="loa" free="524288" total="524288" percent="100" />
    </mem>
  </mem-info>
</gc-end>
<cycle-end id="7261" type="global" contextid="7251" timestamp="2019-08-08T12:08:47.976" />
  <attribute name="elasticGC enabled" value="1" />
  <attribute name= "numThreadsSpecified" value="16" />
  <attribute name="heapSize specified" value="52297728" />
  <attribute name="Current GC Util" value="45" />
  <attribute name= "Current Time Running" value="162465" />
  <attribute name ="GC Interval" value="0" />
  <attribute name="Target GC Util Change" value ="80.000000" />
  <attribute name="Current GC Util Change" value="45.000000"/>
  <attribute name="Current Error" value="-405.000000" />
  <attribute name="Output H" value="52372944"/>
  <attribute name="Output I" value="1288"/>
  <attribute name="Output T" value="16"/>
  <attribute name= "Current Time Running" value="162465" />
  <attribute name="GC Util currently" value="45" />
  <attribute name="CPU Util currently" value="41074406055" />
<allocation-satisfied id="7262" threadId="0000000002369F00" bytesRequested="224" />
<af-end id="7263" timestamp="2019-08-08T12:08:47.976" threadId="000000000236A888" success="true" />
<exclusive-end id="7264" timestamp="2019-08-08T12:08:47.977" durationms="55.685" />

<concurrent-kickoff id="7265" timestamp="2019-08-08T12:08:47.984">
  <kickoff reason="threshold reached" targetBytes="5883427" thresholdFreeBytes="794438" remainingFree="777136" tenureFreeBytes="777136" />
</concurrent-kickoff>
<exclusive-start id="7266" timestamp="2019-08-08T12:08:47.984" intervalms="63.177">
  <response-info timems="0.026" idlems="0.026" threads="0" lastid="0000000002369F00" lastname="main" />
</exclusive-start>
<cycle-start id="7267" type="global" contextid="0" timestamp="2019-08-08T12:08:47.984" intervalms="63.116" />
<exclusive-end id="7268" timestamp="2019-08-08T12:08:47.984" durationms="0.017" />

<exclusive-start id="7269" timestamp="2019-08-08T12:08:47.985" intervalms="0.543">
  <response-info timems="0.036" idlems="0.036" threads="0" lastid="0000000002369F00" lastname="main" />
</exclusive-start>
<af-start id="7270" threadId="000000000236A888" totalBytesRequested="16" timestamp="2019-08-08T12:08:47.985" intervalms="63.721" />
<concurrent-aborted id="7271" timestamp="2019-08-08T12:08:47.985">
  <reason value="insufficient progress made" />
</concurrent-aborted>
<cycle-end id="7272" type="global" contextid="7267" timestamp="2019-08-08T12:08:47.985" />
  <attribute name="elasticGC enabled" value="1" />
  <attribute name= "numThreadsSpecified" value="16" />
  <attribute name="heapSize specified" value="52297728" />
  <attribute name="Current GC Util" value="45" />
  <attribute name= "Current Time Running" value="162465" />
  <attribute name ="GC Interval" value="0" />
  <attribute name="Target GC Util Change" value ="80.000000" />
  <attribute name="Current GC Util Change" value="45.000000"/>
  <attribute name="Current Error" value="-405.000000" />
  <attribute name="Output H" value="52372944"/>
  <attribute name="Output I" value="1288"/>
  <attribute name="Output T" value="16"/>
  <attribute name= "Current Time Running" value="162465" />
  <attribute name="GC Util currently" value="45" />
  <attribute name="CPU Util currently" value="41074406055" />
<cycle-start id="7273" type="global" contextid="0" timestamp="2019-08-08T12:08:47.985" intervalms="0.646" />
<gc-start id="7274" type="global" contextid="7273" timestamp="2019-08-08T12:08:47.985">
  <mem-info id="7275" free="524288" total="52428800" percent="1">
    <mem type="tenure" free="524288" total="52428800" percent="1">
      <mem type="soa" free="0" total="51904512" percent="0" />
      <mem type="loa" free="524288" total="524288" percent="100" />
    </mem>
  </mem-info>
</gc-start>
<allocation-stats totalBytes="34019256" >
  <allocated-bytes non-tlh="0" tlh="34019256" />
  <largest-consumer threadName="main" threadId="0000000002369F00" bytes="34019256" />
</allocation-stats>
<gc-op id="7276" type="mark" timems="13.345" contextid="7273" timestamp="2019-08-08T12:08:47.998">
  <trace-info objectcount="596214" scancount="517206" scanbytes="13271548" />
  <finalization candidates="80" enqueued="0" />
  <ownableSynchronizers candidates="21" cleared="0" />
  <references type="soft" candidates="1843" cleared="0" enqueued="0" dynamicThreshold="21" maxThreshold="32" />
  <references type="weak" candidates="5718" cleared="0" enqueued="0" />
  <references type="phantom" candidates="97" cleared="0" enqueued="0" />
  <stringconstants candidates="13272" cleared="0"  />
</gc-op>
<gc-op id="7277" type="sweep" timems="6.977" contextid="7273" timestamp="2019-08-08T12:08:48.005" />
<mem-info id="7278" free="34560912" total="52428800" percent="65">
  <mem type="tenure" free="34560912" total="52428800" percent="65" micro-fragmented="0">
    <mem type="soa" free="34036624" total="51904512" percent="65" />
    <mem type="loa" free="524288" total="524288" percent="100" />
  </mem>
</mem-info>
<gc-op id="7279" type="compact" timems="28.985" contextid="7273" timestamp="2019-08-08T12:08:48.034">
  <compact-info movecount="7" movebytes="192" reason="compact to aid heap contraction" />
</gc-op>
<heap-resize id="7280" type="expand" space="tenure" amount="131072" count="1" timems="0.023" reason="satisfy allocation request" timestamp="2019-08-08T12:08:48.035" />
<gc-end id="7281" type="global" contextid="7273" durationms="50.602" usertimems="121.776" systemtimems="0.000" timestamp="2019-08-08T12:08:48.036" activeThreads="16">
  <mem-info id="7282" free="34626624" total="52559872" percent="65">
    <mem type="tenure" free="34626624" total="52559872" percent="65">
      <mem type="soa" free="34101312" total="52034560" percent="65" />
      <mem type="loa" free="525312" total="525312" percent="100" />
    </mem>
  </mem-info>
</gc-end>
<cycle-end id="7283" type="global" contextid="7273" timestamp="2019-08-08T12:08:48.036" />
  <attribute name="elasticGC enabled" value="1" />
  <attribute name= "numThreadsSpecified" value="16" />
  <attribute name="heapSize specified" value="52428800" />
  <attribute name="Current GC Util" value="54" />
  <attribute name= "Current Time Running" value="162524" />
  <attribute name ="GC Interval" value="0" />
  <attribute name="Target GC Util Change" value ="80.000000" />
  <attribute name="Current GC Util Change" value="54.000000"/>
  <attribute name="Current Error" value="-638.000000" />
  <attribute name="Output H" value="52503744"/>
  <attribute name="Output I" value="872"/>
  <attribute name="Output T" value="16"/>
  <attribute name= "Current Time Running" value="162524" />
  <attribute name="GC Util currently" value="54" />
  <attribute name="CPU Util currently" value="39731404318" />
<allocation-satisfied id="7284" threadId="0000000002369F00" bytesRequested="16" />
<af-end id="7285" timestamp="2019-08-08T12:08:48.036" threadId="000000000236A888" success="true" />
<exclusive-end id="7286" timestamp="2019-08-08T12:08:48.036" durationms="51.148" />

<concurrent-kickoff id="7287" timestamp="2019-08-08T12:08:48.043">
  <kickoff reason="threshold reached" targetBytes="5898135" thresholdFreeBytes="796424" remainingFree="777280" tenureFreeBytes="777280" />
</concurrent-kickoff>
<exclusive-start id="7288" timestamp="2019-08-08T12:08:48.043" intervalms="58.504">
  <response-info timems="0.020" idlems="0.020" threads="0" lastid="0000000002369F00" lastname="main" />
</exclusive-start>
<cycle-start id="7289" type="global" contextid="0" timestamp="2019-08-08T12:08:48.043" intervalms="58.410" />
<exclusive-end id="7290" timestamp="2019-08-08T12:08:48.043" durationms="0.025" />

<exclusive-start id="7291" timestamp="2019-08-08T12:08:48.043" intervalms="0.313">
  <response-info timems="0.029" idlems="0.029" threads="0" lastid="0000000002369F00" lastname="main" />
</exclusive-start>
<af-start id="7292" threadId="000000000236A888" totalBytesRequested="56" timestamp="2019-08-08T12:08:48.043" intervalms="58.809" />
<concurrent-aborted id="7293" timestamp="2019-08-08T12:08:48.043">
  <reason value="insufficient progress made" />
</concurrent-aborted>
<cycle-end id="7294" type="global" contextid="7289" timestamp="2019-08-08T12:08:48.043" />
  <attribute name="elasticGC enabled" value="1" />
  <attribute name= "numThreadsSpecified" value="16" />
  <attribute name="heapSize specified" value="52428800" />
  <attribute name="Current GC Util" value="54" />
  <attribute name= "Current Time Running" value="162524" />
  <attribute name ="GC Interval" value="0" />
  <attribute name="Target GC Util Change" value ="80.000000" />
  <attribute name="Current GC Util Change" value="54.000000"/>
  <attribute name="Current Error" value="-638.000000" />
  <attribute name="Output H" value="52503744"/>
  <attribute name="Output I" value="872"/>
  <attribute name="Output T" value="16"/>
  <attribute name= "Current Time Running" value="162524" />
  <attribute name="GC Util currently" value="54" />
  <attribute name="CPU Util currently" value="39731404318" />
<cycle-start id="7295" type="global" contextid="0" timestamp="2019-08-08T12:08:48.043" intervalms="0.363" />
<gc-start id="7296" type="global" contextid="7295" timestamp="2019-08-08T12:08:48.044">
  <mem-info id="7297" free="525312" total="52559872" percent="0">
    <mem type="tenure" free="525312" total="52559872" percent="0">
      <mem type="soa" free="0" total="52034560" percent="0" />
      <mem type="loa" free="525312" total="525312" percent="100" />
    </mem>
  </mem-info>
</gc-start>
<allocation-stats totalBytes="34149216" >
  <allocated-bytes non-tlh="0" tlh="34149216" />
  <largest-consumer threadName="main" threadId="0000000002369F00" bytes="34149216" />
</allocation-stats>
<gc-op id="7298" type="mark" timems="9.972" contextid="7295" timestamp="2019-08-08T12:08:48.054">
  <trace-info objectcount="596213" scancount="517205" scanbytes="13271548" />
  <finalization candidates="80" enqueued="0" />
  <ownableSynchronizers candidates="21" cleared="0" />
  <references type="soft" candidates="1843" cleared="0" enqueued="0" dynamicThreshold="21" maxThreshold="32" />
  <references type="weak" candidates="5718" cleared="0" enqueued="0" />
  <references type="phantom" candidates="97" cleared="0" enqueued="0" />
  <stringconstants candidates="13272" cleared="0"  />
</gc-op>
<gc-op id="7299" type="sweep" timems="10.708" contextid="7295" timestamp="2019-08-08T12:08:48.064" />
<mem-info id="7300" free="34691656" total="52559872" percent="66">
  <mem type="tenure" free="34691656" total="52559872" percent="66" micro-fragmented="0">
    <mem type="soa" free="34166344" total="52034560" percent="65" />
    <mem type="loa" free="525312" total="525312" percent="100" />
  </mem>
</mem-info>
<gc-op id="7301" type="compact" timems="33.222" contextid="7295" timestamp="2019-08-08T12:08:48.098">
  <compact-info movecount="6" movebytes="168" reason="compact to aid heap contraction" />
</gc-op>
<heap-resize id="7302" type="expand" space="tenure" amount="131072" count="1" timems="0.023" reason="satisfy allocation request" timestamp="2019-08-08T12:08:48.098" />
<gc-end id="7303" type="global" contextid="7295" durationms="54.835" usertimems="106.696" systemtimems="0.000" timestamp="2019-08-08T12:08:48.098" activeThreads="16">
  <mem-info id="7304" free="34757720" total="52690944" percent="65">
    <mem type="tenure" free="34757720" total="52690944" percent="65">
      <mem type="soa" free="34231384" total="52164608" percent="65" />
      <mem type="loa" free="526336" total="526336" percent="100" />
    </mem>
  </mem-info>
</gc-end>
<cycle-end id="7305" type="global" contextid="7295" timestamp="2019-08-08T12:08:48.099" />
  <attribute name="elasticGC enabled" value="1" />
  <attribute name= "numThreadsSpecified" value="16" />
  <attribute name="heapSize specified" value="52559872" />
  <attribute name="Current GC Util" value="50" />
  <attribute name= "Current Time Running" value="162588" />
  <attribute name ="GC Interval" value="0" />
  <attribute name="Target GC Util Change" value ="80.000000" />
  <attribute name="Current GC Util Change" value="50.000000"/>
  <attribute name="Current Error" value="-301.000000" />
  <attribute name="Output H" value="52635208"/>
  <attribute name="Output I" value="1472"/>
  <attribute name="Output T" value="16"/>
  <attribute name= "Current Time Running" value="162588" />
  <attribute name="GC Util currently" value="50" />
  <attribute name="CPU Util currently" value="34538386343" />
<allocation-satisfied id="7306" threadId="0000000002369F00" bytesRequested="56" />
<af-end id="7307" timestamp="2019-08-08T12:08:48.099" threadId="000000000236A888" success="true" />
<exclusive-end id="7308" timestamp="2019-08-08T12:08:48.099" durationms="55.189" />

<concurrent-kickoff id="7309" timestamp="2019-08-08T12:08:48.105">
  <kickoff reason="threshold reached" targetBytes="5912843" thresholdFreeBytes="798410" remainingFree="777304" tenureFreeBytes="777304" />
</concurrent-kickoff>
<exclusive-start id="7310" timestamp="2019-08-08T12:08:48.105" intervalms="61.725">
  <response-info timems="0.023" idlems="0.023" threads="0" lastid="0000000002369F00" lastname="main" />
</exclusive-start>
<cycle-start id="7311" type="global" contextid="0" timestamp="2019-08-08T12:08:48.105" intervalms="61.681" />
<exclusive-end id="7312" timestamp="2019-08-08T12:08:48.105" durationms="0.034" />

<exclusive-start id="7313" timestamp="2019-08-08T12:08:48.106" intervalms="0.395">
  <response-info timems="0.029" idlems="0.029" threads="0" lastid="0000000002369F00" lastname="main" />
</exclusive-start>
<af-start id="7314" threadId="000000000236A888" totalBytesRequested="248" timestamp="2019-08-08T12:08:48.106" intervalms="62.129" />
<concurrent-aborted id="7315" timestamp="2019-08-08T12:08:48.106">
  <reason value="insufficient progress made" />
</concurrent-aborted>
<cycle-end id="7316" type="global" contextid="7311" timestamp="2019-08-08T12:08:48.106" />
  <attribute name="elasticGC enabled" value="1" />
  <attribute name= "numThreadsSpecified" value="16" />
  <attribute name="heapSize specified" value="52559872" />
  <attribute name="Current GC Util" value="50" />
  <attribute name= "Current Time Running" value="162588" />
  <attribute name ="GC Interval" value="0" />
  <attribute name="Target GC Util Change" value ="80.000000" />
  <attribute name="Current GC Util Change" value="50.000000"/>
  <attribute name="Current Error" value="-301.000000" />
  <attribute name="Output H" value="52635208"/>
  <attribute name="Output I" value="1472"/>
  <attribute name="Output T" value="16"/>
  <attribute name= "Current Time Running" value="162588" />
  <attribute name="GC Util currently" value="50" />
  <attribute name="CPU Util currently" value="34538386343" />
<cycle-start id="7317" type="global" contextid="0" timestamp="2019-08-08T12:08:48.106" intervalms="0.573" />
<gc-start id="7318" type="global" contextid="7317" timestamp="2019-08-08T12:08:48.106">
  <mem-info id="7319" free="526336" total="52690944" percent="0">
    <mem type="tenure" free="526336" total="52690944" percent="0">
      <mem type="soa" free="0" total="52164608" percent="0" />
      <mem type="loa" free="526336" total="526336" percent="100" />
    </mem>
  </mem-info>
</gc-start>
<allocation-stats totalBytes="34279504" >
  <allocated-bytes non-tlh="0" tlh="34279504" />
  <largest-consumer threadName="main" threadId="0000000002369F00" bytes="34279504" />
</allocation-stats>
<gc-op id="7320" type="mark" timems="11.367" contextid="7317" timestamp="2019-08-08T12:08:48.117">
  <trace-info objectcount="596213" scancount="517208" scanbytes="13271548" />
  <finalization candidates="80" enqueued="0" />
  <ownableSynchronizers candidates="21" cleared="0" />
  <references type="soft" candidates="1843" cleared="0" enqueued="0" dynamicThreshold="21" maxThreshold="32" />
  <references type="weak" candidates="5718" cleared="0" enqueued="0" />
  <references type="phantom" candidates="97" cleared="0" enqueued="0" />
  <stringconstants candidates="13272" cleared="0"  />
</gc-op>
<gc-op id="7321" type="sweep" timems="11.098" contextid="7317" timestamp="2019-08-08T12:08:48.128" />
<mem-info id="7322" free="34822872" total="52690944" percent="66">
  <mem type="tenure" free="34822872" total="52690944" percent="66" micro-fragmented="0">
    <mem type="soa" free="34296536" total="52164608" percent="65" />
    <mem type="loa" free="526336" total="526336" percent="100" />
  </mem>
</mem-info>
<gc-op id="7323" type="compact" timems="35.181" contextid="7317" timestamp="2019-08-08T12:08:48.164">
  <compact-info movecount="6" movebytes="360" reason="compact to aid heap contraction" />
</gc-op>
<heap-resize id="7324" type="expand" space="tenure" amount="131072" count="1" timems="0.025" reason="satisfy allocation request" timestamp="2019-08-08T12:08:48.164" />
<gc-end id="7325" type="global" contextid="7317" durationms="58.571" usertimems="104.735" systemtimems="0.000" timestamp="2019-08-08T12:08:48.164" activeThreads="16">
  <mem-info id="7326" free="34888600" total="52822016" percent="66">
    <mem type="tenure" free="34888600" total="52822016" percent="66">
      <mem type="soa" free="34361240" total="52294656" percent="65" />
      <mem type="loa" free="527360" total="527360" percent="100" />
    </mem>
  </mem-info>
</gc-end>
<cycle-end id="7327" type="global" contextid="7317" timestamp="2019-08-08T12:08:48.164" />
  <attribute name="elasticGC enabled" value="1" />
  <attribute name= "numThreadsSpecified" value="16" />
  <attribute name="heapSize specified" value="52690944" />
  <attribute name="Current GC Util" value="30" />
  <attribute name= "Current Time Running" value="162654" />
  <attribute name ="GC Interval" value="0" />
  <attribute name="Target GC Util Change" value ="80.000000" />
  <attribute name="Current GC Util Change" value="30.000000"/>
  <attribute name="Current Error" value="148.000000" />
  <attribute name="Output H" value="52766800"/>
  <attribute name="Output I" value="2272"/>
  <attribute name="Output T" value="16"/>
  <attribute name= "Current Time Running" value="162654" />
  <attribute name="GC Util currently" value="30" />
  <attribute name="CPU Util currently" value="32655595565" />
<allocation-satisfied id="7328" threadId="0000000002369F00" bytesRequested="248" />
<af-end id="7329" timestamp="2019-08-08T12:08:48.164" threadId="000000000236A888" success="true" />
<exclusive-end id="7330" timestamp="2019-08-08T12:08:48.164" durationms="58.963" />

<concurrent-kickoff id="7331" timestamp="2019-08-08T12:08:48.174">
  <kickoff reason="threshold reached" targetBytes="5927553" thresholdFreeBytes="800397" remainingFree="777112" tenureFreeBytes="777112" />
</concurrent-kickoff>
<exclusive-start id="7332" timestamp="2019-08-08T12:08:48.174" intervalms="68.927">
  <response-info timems="0.024" idlems="0.024" threads="0" lastid="0000000002369F00" lastname="main" />
</exclusive-start>
<cycle-start id="7333" type="global" contextid="0" timestamp="2019-08-08T12:08:48.174" intervalms="68.735" />
<exclusive-end id="7334" timestamp="2019-08-08T12:08:48.174" durationms="0.018" />

<exclusive-start id="7335" timestamp="2019-08-08T12:08:48.175" intervalms="0.608">
  <response-info timems="0.031" idlems="0.031" threads="0" lastid="0000000002369F00" lastname="main" />
</exclusive-start>
<af-start id="7336" threadId="000000000236A888" totalBytesRequested="104" timestamp="2019-08-08T12:08:48.175" intervalms="69.539" />
<concurrent-aborted id="7337" timestamp="2019-08-08T12:08:48.175">
  <reason value="insufficient progress made" />
</concurrent-aborted>
<cycle-end id="7338" type="global" contextid="7333" timestamp="2019-08-08T12:08:48.175" />
  <attribute name="elasticGC enabled" value="1" />
  <attribute name= "numThreadsSpecified" value="16" />
  <attribute name="heapSize specified" value="52690944" />
  <attribute name="Current GC Util" value="30" />
  <attribute name= "Current Time Running" value="162654" />
  <attribute name ="GC Interval" value="0" />
  <attribute name="Target GC Util Change" value ="80.000000" />
  <attribute name="Current GC Util Change" value="30.000000"/>
  <attribute name="Current Error" value="148.000000" />
  <attribute name="Output H" value="52766800"/>
  <attribute name="Output I" value="2272"/>
  <attribute name="Output T" value="16"/>
  <attribute name= "Current Time Running" value="162654" />
  <attribute name="GC Util currently" value="30" />
  <attribute name="CPU Util currently" value="32655595565" />
<cycle-start id="7339" type="global" contextid="0" timestamp="2019-08-08T12:08:48.175" intervalms="0.931" />
<gc-start id="7340" type="global" contextid="7339" timestamp="2019-08-08T12:08:48.175">
  <mem-info id="7341" free="527360" total="52822016" percent="0">
    <mem type="tenure" free="527360" total="52822016" percent="0">
      <mem type="soa" free="0" total="52294656" percent="0" />
      <mem type="loa" free="527360" total="527360" percent="100" />
    </mem>
  </mem-info>
</gc-start>
<allocation-stats totalBytes="34406168" >
  <allocated-bytes non-tlh="0" tlh="34406168" />
  <largest-consumer threadName="main" threadId="0000000002369F00" bytes="34406168" />
</allocation-stats>
<gc-op id="7342" type="mark" timems="27.046" contextid="7339" timestamp="2019-08-08T12:08:48.203">
  <trace-info objectcount="596214" scancount="517205" scanbytes="13271592" />
  <finalization candidates="80" enqueued="0" />
  <ownableSynchronizers candidates="21" cleared="0" />
  <references type="soft" candidates="1843" cleared="0" enqueued="0" dynamicThreshold="21" maxThreshold="32" />
  <references type="weak" candidates="5718" cleared="0" enqueued="0" />
  <references type="phantom" candidates="97" cleared="0" enqueued="0" />
  <stringconstants candidates="13272" cleared="0"  />
</gc-op>
<gc-op id="7343" type="sweep" timems="9.809" contextid="7339" timestamp="2019-08-08T12:08:48.212" />
<mem-info id="7344" free="34953616" total="52822016" percent="66">
  <mem type="tenure" free="34953616" total="52822016" percent="66" micro-fragmented="0">
    <mem type="soa" free="34426256" total="52294656" percent="65" />
    <mem type="loa" free="527360" total="527360" percent="100" />
  </mem>
</mem-info>
<gc-op id="7345" type="compact" timems="26.972" contextid="7339" timestamp="2019-08-08T12:08:48.239">
  <compact-info movecount="1594" movebytes="51720" reason="compact to aid heap contraction" />
</gc-op>
<heap-resize id="7346" type="expand" space="tenure" amount="131072" count="1" timems="0.025" reason="satisfy allocation request" timestamp="2019-08-08T12:08:48.243" />
<gc-end id="7347" type="global" contextid="7339" durationms="67.923" usertimems="118.952" systemtimems="0.000" timestamp="2019-08-08T12:08:48.243" activeThreads="16">
  <mem-info id="7348" free="35019776" total="52953088" percent="66">
    <mem type="tenure" free="35019776" total="52953088" percent="66">
      <mem type="soa" free="34490368" total="52423680" percent="65" />
      <mem type="loa" free="529408" total="529408" percent="100" />
    </mem>
  </mem-info>
</gc-end>
<cycle-end id="7349" type="global" contextid="7339" timestamp="2019-08-08T12:08:48.243" />
  <attribute name="elasticGC enabled" value="1" />
  <attribute name= "numThreadsSpecified" value="16" />
  <attribute name="heapSize specified" value="52822016" />
  <attribute name="Current GC Util" value="33" />
  <attribute name= "Current Time Running" value="162730" />
  <attribute name ="GC Interval" value="0" />
  <attribute name="Target GC Util Change" value ="80.000000" />
  <attribute name="Current GC Util Change" value="33.000000"/>
  <attribute name="Current Error" value="112.000000" />
  <attribute name="Output H" value="52897832"/>
  <attribute name="Output I" value="2208"/>
  <attribute name="Output T" value="16"/>
  <attribute name= "Current Time Running" value="162730" />
  <attribute name="GC Util currently" value="33" />
  <attribute name="CPU Util currently" value="42669039194" />
<allocation-satisfied id="7350" threadId="0000000002369F00" bytesRequested="104" />
<af-end id="7351" timestamp="2019-08-08T12:08:48.243" threadId="000000000236A888" success="true" />
<exclusive-end id="7352" timestamp="2019-08-08T12:08:48.243" durationms="68.412" />

<concurrent-kickoff id="7353" timestamp="2019-08-08T12:08:48.251">
  <kickoff reason="threshold reached" targetBytes="5942261" thresholdFreeBytes="802382" remainingFree="777216" tenureFreeBytes="777216" />
</concurrent-kickoff>
<exclusive-start id="7354" timestamp="2019-08-08T12:08:48.251" intervalms="76.267">
  <response-info timems="0.034" idlems="0.034" threads="0" lastid="0000000002369F00" lastname="main" />
</exclusive-start>
<cycle-start id="7355" type="global" contextid="0" timestamp="2019-08-08T12:08:48.251" intervalms="75.954" />
<exclusive-end id="7356" timestamp="2019-08-08T12:08:48.251" durationms="0.028" />

<exclusive-start id="7357" timestamp="2019-08-08T12:08:48.252" intervalms="0.385">
  <response-info timems="0.036" idlems="0.036" threads="0" lastid="0000000002369F00" lastname="main" />
</exclusive-start>
<af-start id="7358" threadId="000000000236A888" totalBytesRequested="16" timestamp="2019-08-08T12:08:48.252" intervalms="76.687" />
<concurrent-aborted id="7359" timestamp="2019-08-08T12:08:48.252">
  <reason value="insufficient progress made" />
</concurrent-aborted>
<cycle-end id="7360" type="global" contextid="7355" timestamp="2019-08-08T12:08:48.252" />
  <attribute name="elasticGC enabled" value="1" />
  <attribute name= "numThreadsSpecified" value="16" />
  <attribute name="heapSize specified" value="52822016" />
  <attribute name="Current GC Util" value="33" />
  <attribute name= "Current Time Running" value="162730" />
  <attribute name ="GC Interval" value="0" />
  <attribute name="Target GC Util Change" value ="80.000000" />
  <attribute name="Current GC Util Change" value="33.000000"/>
  <attribute name="Current Error" value="112.000000" />
  <attribute name="Output H" value="52897832"/>
  <attribute name="Output I" value="2208"/>
  <attribute name="Output T" value="16"/>
  <attribute name= "Current Time Running" value="162730" />
  <attribute name="GC Util currently" value="33" />
  <attribute name="CPU Util currently" value="42669039194" />
<cycle-start id="7361" type="global" contextid="0" timestamp="2019-08-08T12:08:48.252" intervalms="0.520" />
<gc-start id="7362" type="global" contextid="7361" timestamp="2019-08-08T12:08:48.252">
  <mem-info id="7363" free="529408" total="52953088" percent="0">
    <mem type="tenure" free="529408" total="52953088" percent="0">
      <mem type="soa" free="0" total="52423680" percent="0" />
      <mem type="loa" free="529408" total="529408" percent="100" />
    </mem>
  </mem-info>
</gc-start>
<allocation-stats totalBytes="34524928" >
  <allocated-bytes non-tlh="0" tlh="34524928" />
  <largest-consumer threadName="main" threadId="0000000002369F00" bytes="34524928" />
</allocation-stats>
<gc-op id="7364" type="mark" timems="19.550" contextid="7361" timestamp="2019-08-08T12:08:48.271">
  <trace-info objectcount="596216" scancount="517209" scanbytes="13271608" />
  <finalization candidates="80" enqueued="0" />
  <ownableSynchronizers candidates="21" cleared="0" />
  <references type="soft" candidates="1843" cleared="0" enqueued="0" dynamicThreshold="21" maxThreshold="32" />
  <references type="weak" candidates="5718" cleared="0" enqueued="0" />
  <references type="phantom" candidates="97" cleared="0" enqueued="0" />
  <stringconstants candidates="13272" cleared="0"  />
</gc-op>
<gc-op id="7365" type="sweep" timems="7.565" contextid="7361" timestamp="2019-08-08T12:08:48.279" />
<mem-info id="7366" free="35085144" total="52953088" percent="66">
  <mem type="tenure" free="35085144" total="52953088" percent="66" micro-fragmented="0">
    <mem type="soa" free="34555736" total="52423680" percent="65" />
    <mem type="loa" free="529408" total="529408" percent="100" />
  </mem>
</mem-info>
<gc-op id="7367" type="compact" timems="23.031" contextid="7361" timestamp="2019-08-08T12:08:48.302">
  <compact-info movecount="8" movebytes="392" reason="compact to aid heap contraction" />
</gc-op>
<heap-resize id="7368" type="expand" space="tenure" amount="131072" count="1" timems="0.025" reason="satisfy allocation request" timestamp="2019-08-08T12:08:48.303" />
<gc-end id="7369" type="global" contextid="7361" durationms="50.969" usertimems="90.270" systemtimems="0.000" timestamp="2019-08-08T12:08:48.303" activeThreads="16">
  <mem-info id="7370" free="35150688" total="53084160" percent="66">
    <mem type="tenure" free="35150688" total="53084160" percent="66">
      <mem type="soa" free="34620256" total="52553728" percent="65" />
      <mem type="loa" free="530432" total="530432" percent="100" />
    </mem>
  </mem-info>
</gc-end>
<cycle-end id="7371" type="global" contextid="7361" timestamp="2019-08-08T12:08:48.303" />
  <attribute name="elasticGC enabled" value="1" />
  <attribute name= "numThreadsSpecified" value="16" />
  <attribute name="heapSize specified" value="52953088" />
  <attribute name="Current GC Util" value="44" />
  <attribute name= "Current Time Running" value="162792" />
  <attribute name ="GC Interval" value="0" />
  <attribute name="Target GC Util Change" value ="80.000000" />
  <attribute name="Current GC Util Change" value="44.000000"/>
  <attribute name="Current Error" value="36.000000" />
  <attribute name="Output H" value="53028816"/>
  <attribute name="Output I" value="2072"/>
  <attribute name="Output T" value="16"/>
  <attribute name= "Current Time Running" value="162792" />
  <attribute name="GC Util currently" value="44" />
  <attribute name="CPU Util currently" value="49993518551" />
<allocation-satisfied id="7372" threadId="0000000002369F00" bytesRequested="16" />
<af-end id="7373" timestamp="2019-08-08T12:08:48.303" threadId="000000000236A888" success="true" />
<exclusive-end id="7374" timestamp="2019-08-08T12:08:48.303" durationms="51.261" />

<concurrent-kickoff id="7375" timestamp="2019-08-08T12:08:48.312">
  <kickoff reason="threshold reached" targetBytes="5956969" thresholdFreeBytes="804369" remainingFree="777056" tenureFreeBytes="777056" />
</concurrent-kickoff>
<exclusive-start id="7376" timestamp="2019-08-08T12:08:48.312" intervalms="60.472">
  <response-info timems="0.018" idlems="0.018" threads="0" lastid="0000000002369F00" lastname="main" />
</exclusive-start>
<cycle-start id="7377" type="global" contextid="0" timestamp="2019-08-08T12:08:48.312" intervalms="60.324" />
<exclusive-end id="7378" timestamp="2019-08-08T12:08:48.312" durationms="0.012" />

<exclusive-start id="7379" timestamp="2019-08-08T12:08:48.313" intervalms="0.432">
  <response-info timems="0.141" idlems="0.141" threads="0" lastid="0000000002369F00" lastname="main" />
</exclusive-start>
<af-start id="7380" threadId="000000000236A888" totalBytesRequested="168" timestamp="2019-08-08T12:08:48.313" intervalms="60.857" />
<concurrent-aborted id="7381" timestamp="2019-08-08T12:08:48.313">
  <reason value="insufficient progress made" />
</concurrent-aborted>
<cycle-end id="7382" type="global" contextid="7377" timestamp="2019-08-08T12:08:48.313" />
  <attribute name="elasticGC enabled" value="1" />
  <attribute name= "numThreadsSpecified" value="16" />
  <attribute name="heapSize specified" value="52953088" />
  <attribute name="Current GC Util" value="44" />
  <attribute name= "Current Time Running" value="162792" />
  <attribute name ="GC Interval" value="0" />
  <attribute name="Target GC Util Change" value ="80.000000" />
  <attribute name="Current GC Util Change" value="44.000000"/>
  <attribute name="Current Error" value="36.000000" />
  <attribute name="Output H" value="53028816"/>
  <attribute name="Output I" value="2072"/>
  <attribute name="Output T" value="16"/>
  <attribute name= "Current Time Running" value="162792" />
  <attribute name="GC Util currently" value="44" />
  <attribute name="CPU Util currently" value="49993518551" />
<cycle-start id="7383" type="global" contextid="0" timestamp="2019-08-08T12:08:48.313" intervalms="0.501" />
<gc-start id="7384" type="global" contextid="7383" timestamp="2019-08-08T12:08:48.313">
  <mem-info id="7385" free="530432" total="53084160" percent="0">
    <mem type="tenure" free="530432" total="53084160" percent="0">
      <mem type="soa" free="0" total="52553728" percent="0" />
      <mem type="loa" free="530432" total="530432" percent="100" />
    </mem>
  </mem-info>
</gc-start>
<allocation-stats totalBytes="34653872" >
  <allocated-bytes non-tlh="0" tlh="34653872" />
  <largest-consumer threadName="main" threadId="0000000002369F00" bytes="34653872" />
</allocation-stats>
<gc-op id="7386" type="mark" timems="15.430" contextid="7383" timestamp="2019-08-08T12:08:48.328">
  <trace-info objectcount="596214" scancount="517208" scanbytes="13271592" />
  <finalization candidates="80" enqueued="0" />
  <ownableSynchronizers candidates="21" cleared="0" />
  <references type="soft" candidates="1843" cleared="0" enqueued="0" dynamicThreshold="21" maxThreshold="32" />
  <references type="weak" candidates="5718" cleared="0" enqueued="0" />
  <references type="phantom" candidates="97" cleared="0" enqueued="0" />
  <stringconstants candidates="13272" cleared="0"  />
</gc-op>
<gc-op id="7387" type="sweep" timems="8.882" contextid="7383" timestamp="2019-08-08T12:08:48.337" />
<mem-info id="7388" free="35216152" total="53084160" percent="66">
  <mem type="tenure" free="35216152" total="53084160" percent="66" micro-fragmented="0">
    <mem type="soa" free="34685720" total="52553728" percent="66" />
    <mem type="loa" free="530432" total="530432" percent="100" />
  </mem>
</mem-info>
<gc-op id="7389" type="compact" timems="28.345" contextid="7383" timestamp="2019-08-08T12:08:48.365">
  <compact-info movecount="6" movebytes="304" reason="compact to aid heap contraction" />
</gc-op>
<heap-resize id="7390" type="expand" space="tenure" amount="131072" count="1" timems="0.024" reason="satisfy allocation request" timestamp="2019-08-08T12:08:48.366" />
<gc-end id="7391" type="global" contextid="7383" durationms="53.584" usertimems="94.805" systemtimems="0.000" timestamp="2019-08-08T12:08:48.366" activeThreads="16">
  <mem-info id="7392" free="35281848" total="53215232" percent="66">
    <mem type="tenure" free="35281848" total="53215232" percent="66">
      <mem type="soa" free="34750392" total="52683776" percent="65" />
      <mem type="loa" free="531456" total="531456" percent="100" />
    </mem>
  </mem-info>
</gc-end>
<cycle-end id="7393" type="global" contextid="7383" timestamp="2019-08-08T12:08:48.366" />
  <attribute name="elasticGC enabled" value="1" />
  <attribute name= "numThreadsSpecified" value="16" />
  <attribute name="heapSize specified" value="53084160" />
  <attribute name="Current GC Util" value="43" />
  <attribute name= "Current Time Running" value="162856" />
  <attribute name ="GC Interval" value="0" />
  <attribute name="Target GC Util Change" value ="80.000000" />
  <attribute name="Current GC Util Change" value="43.000000"/>
  <attribute name="Current Error" value="-290.000000" />
  <attribute name="Output H" value="53159512"/>
  <attribute name="Output I" value="1496"/>
  <attribute name="Output T" value="16"/>
  <attribute name= "Current Time Running" value="162856" />
  <attribute name="GC Util currently" value="43" />
  <attribute name="CPU Util currently" value="40600537323" />
<allocation-satisfied id="7394" threadId="0000000002369F00" bytesRequested="168" />
<af-end id="7395" timestamp="2019-08-08T12:08:48.366" threadId="000000000236A888" success="true" />
<exclusive-end id="7396" timestamp="2019-08-08T12:08:48.366" durationms="53.789" />

<concurrent-kickoff id="7397" timestamp="2019-08-08T12:08:48.381">
  <kickoff reason="threshold reached" targetBytes="5971677" thresholdFreeBytes="806355" remainingFree="777144" tenureFreeBytes="777144" />
</concurrent-kickoff>
<exclusive-start id="7398" timestamp="2019-08-08T12:08:48.381" intervalms="68.080">
  <response-info timems="0.027" idlems="0.027" threads="0" lastid="0000000002369F00" lastname="main" />
</exclusive-start>
<cycle-start id="7399" type="global" contextid="0" timestamp="2019-08-08T12:08:48.381" intervalms="68.027" />
<exclusive-end id="7400" timestamp="2019-08-08T12:08:48.381" durationms="0.033" />

<exclusive-start id="7401" timestamp="2019-08-08T12:08:48.381" intervalms="0.530">
  <response-info timems="0.035" idlems="0.035" threads="0" lastid="0000000002369F00" lastname="main" />
</exclusive-start>
<af-start id="7402" threadId="000000000236A888" totalBytesRequested="64" timestamp="2019-08-08T12:08:48.381" intervalms="68.627" />
<concurrent-aborted id="7403" timestamp="2019-08-08T12:08:48.381">
  <reason value="insufficient progress made" />
</concurrent-aborted>
<cycle-end id="7404" type="global" contextid="7399" timestamp="2019-08-08T12:08:48.381" />
  <attribute name="elasticGC enabled" value="1" />
  <attribute name= "numThreadsSpecified" value="16" />
  <attribute name="heapSize specified" value="53084160" />
  <attribute name="Current GC Util" value="43" />
  <attribute name= "Current Time Running" value="162856" />
  <attribute name ="GC Interval" value="0" />
  <attribute name="Target GC Util Change" value ="80.000000" />
  <attribute name="Current GC Util Change" value="43.000000"/>
  <attribute name="Current Error" value="-290.000000" />
  <attribute name="Output H" value="53159512"/>
  <attribute name="Output I" value="1496"/>
  <attribute name="Output T" value="16"/>
  <attribute name= "Current Time Running" value="162856" />
  <attribute name="GC Util currently" value="43" />
  <attribute name="CPU Util currently" value="40600537323" />
<cycle-start id="7405" type="global" contextid="0" timestamp="2019-08-08T12:08:48.381" intervalms="0.608" />
<gc-start id="7406" type="global" contextid="7405" timestamp="2019-08-08T12:08:48.381">
  <mem-info id="7407" free="531456" total="53215232" percent="0">
    <mem type="tenure" free="531456" total="53215232" percent="0">
      <mem type="soa" free="0" total="52683776" percent="0" />
      <mem type="loa" free="531456" total="531456" percent="100" />
    </mem>
  </mem-info>
</gc-start>
<allocation-stats totalBytes="34801360" >
  <allocated-bytes non-tlh="0" tlh="34801360" />
  <largest-consumer threadName="main" threadId="0000000002369F00" bytes="34801360" />
</allocation-stats>
<gc-op id="7408" type="mark" timems="12.721" contextid="7405" timestamp="2019-08-08T12:08:48.394">
  <trace-info objectcount="596226" scancount="517221" scanbytes="13272228" />
  <finalization candidates="80" enqueued="0" />
  <ownableSynchronizers candidates="21" cleared="0" />
  <references type="soft" candidates="1843" cleared="0" enqueued="0" dynamicThreshold="21" maxThreshold="32" />
  <references type="weak" candidates="5718" cleared="0" enqueued="0" />
  <references type="phantom" candidates="97" cleared="0" enqueued="0" />
  <stringconstants candidates="13272" cleared="0"  />
</gc-op>
<gc-op id="7409" type="sweep" timems="8.784" contextid="7405" timestamp="2019-08-08T12:08:48.403" />
<mem-info id="7410" free="35346272" total="53215232" percent="66">
  <mem type="tenure" free="35346272" total="53215232" percent="66" micro-fragmented="0">
    <mem type="soa" free="34814816" total="52683776" percent="66" />
    <mem type="loa" free="531456" total="531456" percent="100" />
  </mem>
</mem-info>
<gc-op id="7411" type="compact" timems="27.714" contextid="7405" timestamp="2019-08-08T12:08:48.431">
  <compact-info movecount="1604" movebytes="52208" reason="compact to aid heap contraction" />
</gc-op>
<heap-resize id="7412" type="expand" space="tenure" amount="131072" count="1" timems="0.021" reason="satisfy allocation request" timestamp="2019-08-08T12:08:48.431" />
<gc-end id="7413" type="global" contextid="7405" durationms="50.112" usertimems="118.584" systemtimems="0.000" timestamp="2019-08-08T12:08:48.431" activeThreads="16">
  <mem-info id="7414" free="35412456" total="53346304" percent="66">
    <mem type="tenure" free="35412456" total="53346304" percent="66">
      <mem type="soa" free="34879976" total="52813824" percent="66" />
      <mem type="loa" free="532480" total="532480" percent="100" />
    </mem>
  </mem-info>
</gc-end>
<cycle-end id="7415" type="global" contextid="7405" timestamp="2019-08-08T12:08:48.432" />
  <attribute name="elasticGC enabled" value="1" />
  <attribute name= "numThreadsSpecified" value="16" />
  <attribute name="heapSize specified" value="53215232" />
  <attribute name="Current GC Util" value="40" />
  <attribute name= "Current Time Running" value="162921" />
  <attribute name ="GC Interval" value="0" />
  <attribute name="Target GC Util Change" value ="80.000000" />
  <attribute name="Current GC Util Change" value="40.000000"/>
  <attribute name="Current Error" value="-494.000000" />
  <attribute name="Output H" value="53290344"/>
  <attribute name="Output I" value="1128"/>
  <attribute name="Output T" value="16"/>
  <attribute name= "Current Time Running" value="162921" />
  <attribute name="GC Util currently" value="40" />
  <attribute name="CPU Util currently" value="41476800012" />
<allocation-satisfied id="7416" threadId="0000000002369F00" bytesRequested="64" />
<af-end id="7417" timestamp="2019-08-08T12:08:48.432" threadId="000000000236A888" success="true" />
<exclusive-end id="7418" timestamp="2019-08-08T12:08:48.432" durationms="50.336" />

<concurrent-kickoff id="7419" timestamp="2019-08-08T12:08:48.445">
  <kickoff reason="threshold reached" targetBytes="5986386" thresholdFreeBytes="808341" remainingFree="776680" tenureFreeBytes="776680" />
</concurrent-kickoff>
<exclusive-start id="7420" timestamp="2019-08-08T12:08:48.445" intervalms="63.648">
  <response-info timems="0.025" idlems="0.025" threads="0" lastid="0000000002369F00" lastname="main" />
</exclusive-start>
<cycle-start id="7421" type="global" contextid="0" timestamp="2019-08-08T12:08:48.445" intervalms="63.555" />
<exclusive-end id="7422" timestamp="2019-08-08T12:08:48.445" durationms="0.016" />

<exclusive-start id="7423" timestamp="2019-08-08T12:08:48.445" intervalms="0.371">
  <response-info timems="0.022" idlems="0.022" threads="0" lastid="0000000002369F00" lastname="main" />
</exclusive-start>
<af-start id="7424" threadId="000000000236A888" totalBytesRequested="32" timestamp="2019-08-08T12:08:48.445" intervalms="64.000" />
<concurrent-aborted id="7425" timestamp="2019-08-08T12:08:48.445">
  <reason value="insufficient progress made" />
</concurrent-aborted>
<cycle-end id="7426" type="global" contextid="7421" timestamp="2019-08-08T12:08:48.445" />
  <attribute name="elasticGC enabled" value="1" />
  <attribute name= "numThreadsSpecified" value="16" />
  <attribute name="heapSize specified" value="53215232" />
  <attribute name="Current GC Util" value="40" />
  <attribute name= "Current Time Running" value="162921" />
  <attribute name ="GC Interval" value="0" />
  <attribute name="Target GC Util Change" value ="80.000000" />
  <attribute name="Current GC Util Change" value="40.000000"/>
  <attribute name="Current Error" value="-494.000000" />
  <attribute name="Output H" value="53290344"/>
  <attribute name="Output I" value="1128"/>
  <attribute name="Output T" value="16"/>
  <attribute name= "Current Time Running" value="162921" />
  <attribute name="GC Util currently" value="40" />
  <attribute name="CPU Util currently" value="41476800012" />
<cycle-start id="7427" type="global" contextid="0" timestamp="2019-08-08T12:08:48.445" intervalms="0.425" />
<gc-start id="7428" type="global" contextid="7427" timestamp="2019-08-08T12:08:48.445">
  <mem-info id="7429" free="532480" total="53346304" percent="0">
    <mem type="tenure" free="532480" total="53346304" percent="0">
      <mem type="soa" free="0" total="52813824" percent="0" />
      <mem type="loa" free="532480" total="532480" percent="100" />
    </mem>
  </mem-info>
</gc-start>
<allocation-stats totalBytes="34938016" >
  <allocated-bytes non-tlh="0" tlh="34938016" />
  <largest-consumer threadName="main" threadId="0000000002369F00" bytes="34938016" />
</allocation-stats>
<gc-op id="7430" type="mark" timems="9.925" contextid="7427" timestamp="2019-08-08T12:08:48.455">
  <trace-info objectcount="596236" scancount="517231" scanbytes="13272796" />
  <finalization candidates="80" enqueued="0" />
  <ownableSynchronizers candidates="21" cleared="0" />
  <references type="soft" candidates="1843" cleared="0" enqueued="0" dynamicThreshold="21" maxThreshold="32" />
  <references type="weak" candidates="5718" cleared="0" enqueued="0" />
  <references type="phantom" candidates="97" cleared="0" enqueued="0" />
  <stringconstants candidates="13272" cleared="0"  />
</gc-op>
<gc-op id="7431" type="sweep" timems="7.744" contextid="7427" timestamp="2019-08-08T12:08:48.463" />
<mem-info id="7432" free="35477288" total="53346304" percent="66">
  <mem type="tenure" free="35477288" total="53346304" percent="66" micro-fragmented="0">
    <mem type="soa" free="34944808" total="52813824" percent="66" />
    <mem type="loa" free="532480" total="532480" percent="100" />
  </mem>
</mem-info>
<gc-op id="7433" type="compact" timems="23.116" contextid="7427" timestamp="2019-08-08T12:08:48.486">
  <compact-info movecount="27" movebytes="1296" reason="compact to aid heap contraction" />
</gc-op>
<heap-resize id="7434" type="expand" space="tenure" amount="131072" count="1" timems="0.020" reason="satisfy allocation request" timestamp="2019-08-08T12:08:48.490" />
<gc-end id="7435" type="global" contextid="7427" durationms="45.072" usertimems="86.391" systemtimems="2.475" timestamp="2019-08-08T12:08:48.490" activeThreads="16">
  <mem-info id="7436" free="35542960" total="53477376" percent="66">
    <mem type="tenure" free="35542960" total="53477376" percent="66">
      <mem type="soa" free="35008432" total="52942848" percent="66" />
      <mem type="loa" free="534528" total="534528" percent="100" />
    </mem>
  </mem-info>
</gc-end>
<cycle-end id="7437" type="global" contextid="7427" timestamp="2019-08-08T12:08:48.490" />
  <attribute name="elasticGC enabled" value="1" />
  <attribute name= "numThreadsSpecified" value="16" />
  <attribute name="heapSize specified" value="53346304" />
  <attribute name="Current GC Util" value="53" />
  <attribute name= "Current Time Running" value="162976" />
  <attribute name ="GC Interval" value="0" />
  <attribute name="Target GC Util Change" value ="80.000000" />
  <attribute name="Current GC Util Change" value="53.000000"/>
  <attribute name="Current Error" value="-176.000000" />
  <attribute name="Output H" value="53421784"/>
  <attribute name="Output I" value="1696"/>
  <attribute name="Output T" value="16"/>
  <attribute name= "Current Time Running" value="162976" />
  <attribute name="GC Util currently" value="53" />
  <attribute name="CPU Util currently" value="49821515164" />
<allocation-satisfied id="7438" threadId="0000000002369F00" bytesRequested="32" />
<af-end id="7439" timestamp="2019-08-08T12:08:48.490" threadId="000000000236A888" success="true" />
<exclusive-end id="7440" timestamp="2019-08-08T12:08:48.490" durationms="45.250" />

<concurrent-kickoff id="7441" timestamp="2019-08-08T12:08:48.661">
  <kickoff reason="threshold reached" targetBytes="6001095" thresholdFreeBytes="810327" remainingFree="776112" tenureFreeBytes="776112" />
</concurrent-kickoff>
<exclusive-start id="7442" timestamp="2019-08-08T12:08:48.661" intervalms="215.991">
  <response-info timems="0.022" idlems="0.022" threads="0" lastid="0000000002369F00" lastname="main" />
</exclusive-start>
<cycle-start id="7443" type="global" contextid="0" timestamp="2019-08-08T12:08:48.661" intervalms="215.961" />
<exclusive-end id="7444" timestamp="2019-08-08T12:08:48.661" durationms="0.039" />

<exclusive-start id="7445" timestamp="2019-08-08T12:08:48.662" intervalms="0.917">
  <response-info timems="0.056" idlems="0.056" threads="0" lastid="0000000002369F00" lastname="main" />
</exclusive-start>
<af-start id="7446" threadId="000000000236A888" totalBytesRequested="15688" timestamp="2019-08-08T12:08:48.662" intervalms="216.913" />
<concurrent-aborted id="7447" timestamp="2019-08-08T12:08:48.662">
  <reason value="insufficient progress made" />
</concurrent-aborted>
<cycle-end id="7448" type="global" contextid="7443" timestamp="2019-08-08T12:08:48.662" />
  <attribute name="elasticGC enabled" value="1" />
  <attribute name= "numThreadsSpecified" value="16" />
  <attribute name="heapSize specified" value="53346304" />
  <attribute name="Current GC Util" value="53" />
  <attribute name= "Current Time Running" value="162976" />
  <attribute name ="GC Interval" value="0" />
  <attribute name="Target GC Util Change" value ="80.000000" />
  <attribute name="Current GC Util Change" value="53.000000"/>
  <attribute name="Current Error" value="-176.000000" />
  <attribute name="Output H" value="53421784"/>
  <attribute name="Output I" value="1696"/>
  <attribute name="Output T" value="16"/>
  <attribute name= "Current Time Running" value="162976" />
  <attribute name="GC Util currently" value="53" />
  <attribute name="CPU Util currently" value="49821515164" />
<cycle-start id="7449" type="global" contextid="0" timestamp="2019-08-08T12:08:48.662" intervalms="0.955" />
<gc-start id="7450" type="global" contextid="7449" timestamp="2019-08-08T12:08:48.662">
  <mem-info id="7451" free="534528" total="53477376" percent="0">
    <mem type="tenure" free="534528" total="53477376" percent="0">
      <mem type="soa" free="0" total="52942848" percent="0" />
      <mem type="loa" free="534528" total="534528" percent="100" />
    </mem>
  </mem-info>
</gc-start>
<allocation-stats totalBytes="34510752" >
  <allocated-bytes non-tlh="0" tlh="34510752" />
  <largest-consumer threadName="main" threadId="0000000002369F00" bytes="34510752" />
</allocation-stats>
<gc-op id="7452" type="mark" timems="9.679" contextid="7449" timestamp="2019-08-08T12:08:48.672">
  <trace-info objectcount="596235" scancount="517229" scanbytes="13308508" />
  <finalization candidates="80" enqueued="0" />
  <ownableSynchronizers candidates="21" cleared="0" />
  <references type="soft" candidates="1843" cleared="0" enqueued="0" dynamicThreshold="21" maxThreshold="32" />
  <references type="weak" candidates="5718" cleared="0" enqueued="0" />
  <references type="phantom" candidates="97" cleared="0" enqueued="0" />
  <stringconstants candidates="13272" cleared="0"  />
</gc-op>
<gc-op id="7453" type="sweep" timems="4.382" contextid="7449" timestamp="2019-08-08T12:08:48.676" />
<mem-info id="7454" free="35570312" total="53477376" percent="66">
  <mem type="tenure" free="35570312" total="53477376" percent="66" micro-fragmented="0">
    <mem type="soa" free="35035784" total="52942848" percent="66" />
    <mem type="loa" free="534528" total="534528" percent="100" />
  </mem>
</mem-info>
<gc-op id="7455" type="compact" timems="22.941" contextid="7449" timestamp="2019-08-08T12:08:48.699">
  <compact-info movecount="1611" movebytes="88424" reason="compact to aid heap contraction" />
</gc-op>
<heap-resize id="7456" type="expand" space="tenure" amount="131072" count="1" timems="0.022" reason="satisfy allocation request" timestamp="2019-08-08T12:08:48.700" />
<gc-end id="7457" type="global" contextid="7449" durationms="37.848" usertimems="81.919" systemtimems="0.000" timestamp="2019-08-08T12:08:48.700" activeThreads="16">
  <mem-info id="7458" free="35638336" total="53608448" percent="66">
    <mem type="tenure" free="35638336" total="53608448" percent="66">
      <mem type="soa" free="35102784" total="53072896" percent="66" />
      <mem type="loa" free="535552" total="535552" percent="100" />
    </mem>
  </mem-info>
</gc-end>
<cycle-end id="7459" type="global" contextid="7449" timestamp="2019-08-08T12:08:48.700" />
  <attribute name="elasticGC enabled" value="1" />
  <attribute name= "numThreadsSpecified" value="16" />
  <attribute name="heapSize specified" value="53477376" />
  <attribute name="Current GC Util" value="47" />
  <attribute name= "Current Time Running" value="163190" />
  <attribute name ="GC Interval" value="0" />
  <attribute name="Target GC Util Change" value ="80.000000" />
  <attribute name="Current GC Util Change" value="47.000000"/>
  <attribute name="Current Error" value="40.000000" />
  <attribute name="Output H" value="53553104"/>
  <attribute name="Output I" value="2080"/>
  <attribute name="Output T" value="16"/>
  <attribute name= "Current Time Running" value="163190" />
  <attribute name="GC Util currently" value="47" />
  <attribute name="CPU Util currently" value="50162313186" />
<allocation-satisfied id="7460" threadId="0000000002369F00" bytesRequested="15688" />
<af-end id="7461" timestamp="2019-08-08T12:08:48.700" threadId="000000000236A888" success="true" />
<exclusive-end id="7462" timestamp="2019-08-08T12:08:48.700" durationms="38.094" />

<concurrent-kickoff id="7463" timestamp="2019-08-08T12:08:48.707">
  <kickoff reason="threshold reached" targetBytes="6015804" thresholdFreeBytes="812313" remainingFree="683072" tenureFreeBytes="683072" />
</concurrent-kickoff>
<exclusive-start id="7464" timestamp="2019-08-08T12:08:48.707" intervalms="44.598">
  <response-info timems="0.031" idlems="0.031" threads="0" lastid="0000000002369F00" lastname="main" />
</exclusive-start>
<cycle-start id="7465" type="global" contextid="0" timestamp="2019-08-08T12:08:48.707" intervalms="44.539" />
<exclusive-end id="7466" timestamp="2019-08-08T12:08:48.707" durationms="0.019" />

<exclusive-start id="7467" timestamp="2019-08-08T12:08:48.707" intervalms="0.337">
  <response-info timems="0.027" idlems="0.027" threads="0" lastid="0000000002369F00" lastname="main" />
</exclusive-start>
<af-start id="7468" threadId="000000000236A888" totalBytesRequested="5496" timestamp="2019-08-08T12:08:48.707" intervalms="44.948" />
<concurrent-aborted id="7469" timestamp="2019-08-08T12:08:48.707">
  <reason value="insufficient progress made" />
</concurrent-aborted>
<cycle-end id="7470" type="global" contextid="7465" timestamp="2019-08-08T12:08:48.707" />
  <attribute name="elasticGC enabled" value="1" />
  <attribute name= "numThreadsSpecified" value="16" />
  <attribute name="heapSize specified" value="53477376" />
  <attribute name="Current GC Util" value="47" />
  <attribute name= "Current Time Running" value="163190" />
  <attribute name ="GC Interval" value="0" />
  <attribute name="Target GC Util Change" value ="80.000000" />
  <attribute name="Current GC Util Change" value="47.000000"/>
  <attribute name="Current Error" value="40.000000" />
  <attribute name="Output H" value="53553104"/>
  <attribute name="Output I" value="2080"/>
  <attribute name="Output T" value="16"/>
  <attribute name= "Current Time Running" value="163190" />
  <attribute name="GC Util currently" value="47" />
  <attribute name="CPU Util currently" value="50162313186" />
<cycle-start id="7471" type="global" contextid="0" timestamp="2019-08-08T12:08:48.707" intervalms="0.412" />
<gc-start id="7472" type="global" contextid="7471" timestamp="2019-08-08T12:08:48.707">
  <mem-info id="7473" free="535552" total="53608448" percent="0">
    <mem type="tenure" free="535552" total="53608448" percent="0">
      <mem type="soa" free="0" total="53072896" percent="0" />
      <mem type="loa" free="535552" total="535552" percent="100" />
    </mem>
  </mem-info>
</gc-start>
<allocation-stats totalBytes="33000328" >
  <allocated-bytes non-tlh="0" tlh="33000328" />
  <largest-consumer threadName="main" threadId="0000000002369F00" bytes="33000328" />
</allocation-stats>
<gc-op id="7474" type="mark" timems="11.232" contextid="7471" timestamp="2019-08-08T12:08:48.718">
  <trace-info objectcount="596235" scancount="517229" scanbytes="13278620" />
  <finalization candidates="80" enqueued="0" />
  <ownableSynchronizers candidates="21" cleared="0" />
  <references type="soft" candidates="1843" cleared="0" enqueued="0" dynamicThreshold="21" maxThreshold="32" />
  <references type="weak" candidates="5718" cleared="0" enqueued="0" />
  <references type="phantom" candidates="97" cleared="0" enqueued="0" />
  <stringconstants candidates="13272" cleared="0"  />
</gc-op>
<gc-op id="7475" type="sweep" timems="2.176" contextid="7471" timestamp="2019-08-08T12:08:48.721" />
<mem-info id="7476" free="35732768" total="53608448" percent="66">
  <mem type="tenure" free="35732768" total="53608448" percent="66" micro-fragmented="0">
    <mem type="soa" free="35197216" total="53072896" percent="66" />
    <mem type="loa" free="535552" total="535552" percent="100" />
  </mem>
</mem-info>
<gc-op id="7477" type="compact" timems="24.974" contextid="7471" timestamp="2019-08-08T12:08:48.746">
  <compact-info movecount="12" movebytes="6296" reason="compact to aid heap contraction" />
</gc-op>
<heap-resize id="7478" type="expand" space="tenure" amount="131072" count="1" timems="0.020" reason="satisfy allocation request" timestamp="2019-08-08T12:08:48.746" />
<gc-end id="7479" type="global" contextid="7471" durationms="39.105" usertimems="88.162" systemtimems="6.558" timestamp="2019-08-08T12:08:48.746" activeThreads="16">
  <mem-info id="7480" free="35799296" total="53739520" percent="66">
    <mem type="tenure" free="35799296" total="53739520" percent="66">
      <mem type="soa" free="35262720" total="53202944" percent="66" />
      <mem type="loa" free="536576" total="536576" percent="100" />
    </mem>
  </mem-info>
</gc-end>
<cycle-end id="7481" type="global" contextid="7471" timestamp="2019-08-08T12:08:48.746" />
  <attribute name="elasticGC enabled" value="1" />
  <attribute name= "numThreadsSpecified" value="16" />
  <attribute name="heapSize specified" value="53608448" />
  <attribute name="Current GC Util" value="35" />
  <attribute name= "Current Time Running" value="163236" />
  <attribute name ="GC Interval" value="0" />
  <attribute name="Target GC Util Change" value ="80.000000" />
  <attribute name="Current GC Util Change" value="35.000000"/>
  <attribute name="Current Error" value="49.000000" />
  <attribute name="Output H" value="53684184"/>
  <attribute name="Output I" value="2096"/>
  <attribute name="Output T" value="16"/>
  <attribute name= "Current Time Running" value="163236" />
  <attribute name="GC Util currently" value="35" />
  <attribute name="CPU Util currently" value="46066435917" />
<allocation-satisfied id="7482" threadId="0000000002369F00" bytesRequested="5496" />
<af-end id="7483" timestamp="2019-08-08T12:08:48.746" threadId="000000000236A888" success="true" />
<exclusive-end id="7484" timestamp="2019-08-08T12:08:48.746" durationms="39.310" />

<concurrent-kickoff id="7485" timestamp="2019-08-08T12:08:48.801">
  <kickoff reason="threshold reached" targetBytes="6030512" thresholdFreeBytes="814299" remainingFree="753920" tenureFreeBytes="753920" />
</concurrent-kickoff>
<exclusive-start id="7486" timestamp="2019-08-08T12:08:48.801" intervalms="94.256">
  <response-info timems="0.020" idlems="0.020" threads="0" lastid="0000000002369F00" lastname="main" />
</exclusive-start>
<cycle-start id="7487" type="global" contextid="0" timestamp="2019-08-08T12:08:48.801" intervalms="94.176" />
<exclusive-end id="7488" timestamp="2019-08-08T12:08:48.801" durationms="0.026" />

<exclusive-start id="7489" timestamp="2019-08-08T12:08:48.804" intervalms="2.218">
  <response-info timems="0.024" idlems="0.024" threads="0" lastid="0000000002369F00" lastname="main" />
</exclusive-start>
<af-start id="7490" threadId="000000000236A888" totalBytesRequested="32" timestamp="2019-08-08T12:08:48.804" intervalms="96.460" />
<concurrent-aborted id="7491" timestamp="2019-08-08T12:08:48.804">
  <reason value="insufficient progress made" />
</concurrent-aborted>
<cycle-end id="7492" type="global" contextid="7487" timestamp="2019-08-08T12:08:48.804" />
  <attribute name="elasticGC enabled" value="1" />
  <attribute name= "numThreadsSpecified" value="16" />
  <attribute name="heapSize specified" value="53608448" />
  <attribute name="Current GC Util" value="35" />
  <attribute name= "Current Time Running" value="163236" />
  <attribute name ="GC Interval" value="0" />
  <attribute name="Target GC Util Change" value ="80.000000" />
  <attribute name="Current GC Util Change" value="35.000000"/>
  <attribute name="Current Error" value="49.000000" />
  <attribute name="Output H" value="53684184"/>
  <attribute name="Output I" value="2096"/>
  <attribute name="Output T" value="16"/>
  <attribute name= "Current Time Running" value="163236" />
  <attribute name="GC Util currently" value="35" />
  <attribute name="CPU Util currently" value="46066435917" />
<cycle-start id="7493" type="global" contextid="0" timestamp="2019-08-08T12:08:48.804" intervalms="2.278" />
<gc-start id="7494" type="global" contextid="7493" timestamp="2019-08-08T12:08:48.804">
  <mem-info id="7495" free="536576" total="53739520" percent="0">
    <mem type="tenure" free="536576" total="53739520" percent="0">
      <mem type="soa" free="0" total="53202944" percent="0" />
      <mem type="loa" free="536576" total="536576" percent="100" />
    </mem>
  </mem-info>
</gc-start>
<allocation-stats totalBytes="35324888" >
  <allocated-bytes non-tlh="0" tlh="35324888" />
  <largest-consumer threadName="main" threadId="0000000002369F00" bytes="35324888" />
</allocation-stats>
<gc-op id="7496" type="mark" timems="12.757" contextid="7493" timestamp="2019-08-08T12:08:48.816">
  <trace-info objectcount="596330" scancount="517324" scanbytes="13278460" />
  <finalization candidates="80" enqueued="0" />
  <ownableSynchronizers candidates="21" cleared="0" />
  <references type="soft" candidates="1843" cleared="0" enqueued="0" dynamicThreshold="21" maxThreshold="32" />
  <references type="weak" candidates="5718" cleared="0" enqueued="0" />
  <references type="phantom" candidates="97" cleared="0" enqueued="0" />
  <stringconstants candidates="13272" cleared="0"  />
</gc-op>
<gc-op id="7497" type="sweep" timems="2.939" contextid="7493" timestamp="2019-08-08T12:08:48.819" />
<mem-info id="7498" free="35864240" total="53739520" percent="66">
  <mem type="tenure" free="35864240" total="53739520" percent="66" micro-fragmented="0">
    <mem type="soa" free="35327664" total="53202944" percent="66" />
    <mem type="loa" free="536576" total="536576" percent="100" />
  </mem>
</mem-info>
<gc-op id="7499" type="compact" timems="26.317" contextid="7493" timestamp="2019-08-08T12:08:48.846">
  <compact-info movecount="1694" movebytes="58080" reason="compact to aid heap contraction" />
</gc-op>
<heap-resize id="7500" type="expand" space="tenure" amount="131072" count="1" timems="0.023" reason="satisfy allocation request" timestamp="2019-08-08T12:08:48.847" />
<gc-end id="7501" type="global" contextid="7493" durationms="43.480" usertimems="81.424" systemtimems="19.792" timestamp="2019-08-08T12:08:48.847" activeThreads="16">
  <mem-info id="7502" free="35930536" total="53870592" percent="66">
    <mem type="tenure" free="35930536" total="53870592" percent="66">
      <mem type="soa" free="35391912" total="53331968" percent="66" />
      <mem type="loa" free="538624" total="538624" percent="100" />
    </mem>
  </mem-info>
</gc-end>
<cycle-end id="7503" type="global" contextid="7493" timestamp="2019-08-08T12:08:48.847" />
  <attribute name="elasticGC enabled" value="1" />
  <attribute name= "numThreadsSpecified" value="16" />
  <attribute name="heapSize specified" value="53739520" />
  <attribute name="Current GC Util" value="36" />
  <attribute name= "Current Time Running" value="163336" />
  <attribute name ="GC Interval" value="0" />
  <attribute name="Target GC Util Change" value ="80.000000" />
  <attribute name="Current GC Util Change" value="36.000000"/>
  <attribute name="Current Error" value="44.000000" />
  <attribute name="Output H" value="53815256"/>
  <attribute name="Output I" value="2088"/>
  <attribute name="Output T" value="16"/>
  <attribute name= "Current Time Running" value="163336" />
  <attribute name="GC Util currently" value="36" />
  <attribute name="CPU Util currently" value="43673306777" />
<allocation-satisfied id="7504" threadId="0000000002369F00" bytesRequested="32" />
<af-end id="7505" timestamp="2019-08-08T12:08:48.847" threadId="000000000236A888" success="true" />
<exclusive-end id="7506" timestamp="2019-08-08T12:08:48.847" durationms="43.702" />

<concurrent-kickoff id="7507" timestamp="2019-08-08T12:08:48.935">
  <kickoff reason="threshold reached" targetBytes="6045221" thresholdFreeBytes="816285" remainingFree="770472" tenureFreeBytes="770472" />
</concurrent-kickoff>
<exclusive-start id="7508" timestamp="2019-08-08T12:08:48.935" intervalms="131.758">
  <response-info timems="0.020" idlems="0.020" threads="0" lastid="0000000002369F00" lastname="main" />
</exclusive-start>
<cycle-start id="7509" type="global" contextid="0" timestamp="2019-08-08T12:08:48.935" intervalms="131.709" />
<exclusive-end id="7510" timestamp="2019-08-08T12:08:48.935" durationms="0.023" />

<exclusive-start id="7511" timestamp="2019-08-08T12:08:48.936" intervalms="0.442">
  <response-info timems="0.034" idlems="0.034" threads="0" lastid="0000000002369F00" lastname="main" />
</exclusive-start>
<af-start id="7512" threadId="000000000236A888" totalBytesRequested="80" timestamp="2019-08-08T12:08:48.936" intervalms="132.218" />
<concurrent-aborted id="7513" timestamp="2019-08-08T12:08:48.936">
  <reason value="insufficient progress made" />
</concurrent-aborted>
<cycle-end id="7514" type="global" contextid="7509" timestamp="2019-08-08T12:08:48.936" />
  <attribute name="elasticGC enabled" value="1" />
  <attribute name= "numThreadsSpecified" value="16" />
  <attribute name="heapSize specified" value="53739520" />
  <attribute name="Current GC Util" value="36" />
  <attribute name= "Current Time Running" value="163336" />
  <attribute name ="GC Interval" value="0" />
  <attribute name="Target GC Util Change" value ="80.000000" />
  <attribute name="Current GC Util Change" value="36.000000"/>
  <attribute name="Current Error" value="44.000000" />
  <attribute name="Output H" value="53815256"/>
  <attribute name="Output I" value="2088"/>
  <attribute name="Output T" value="16"/>
  <attribute name= "Current Time Running" value="163336" />
  <attribute name="GC Util currently" value="36" />
  <attribute name="CPU Util currently" value="43673306777" />
<cycle-start id="7515" type="global" contextid="0" timestamp="2019-08-08T12:08:48.936" intervalms="0.510" />
<gc-start id="7516" type="global" contextid="7515" timestamp="2019-08-08T12:08:48.936">
  <mem-info id="7517" free="538624" total="53870592" percent="0">
    <mem type="tenure" free="538624" total="53870592" percent="0">
      <mem type="soa" free="0" total="53331968" percent="0" />
      <mem type="loa" free="538624" total="538624" percent="100" />
    </mem>
  </mem-info>
</gc-start>
<allocation-stats totalBytes="35453240" >
  <allocated-bytes non-tlh="0" tlh="35453240" />
  <largest-consumer threadName="main" threadId="0000000002369F00" bytes="35453240" />
</allocation-stats>
<gc-op id="7518" type="mark" timems="10.106" contextid="7515" timestamp="2019-08-08T12:08:48.946">
  <trace-info objectcount="596220" scancount="517214" scanbytes="13271784" />
  <finalization candidates="80" enqueued="0" />
  <ownableSynchronizers candidates="21" cleared="0" />
  <references type="soft" candidates="1843" cleared="0" enqueued="0" dynamicThreshold="21" maxThreshold="32" />
  <references type="weak" candidates="5718" cleared="0" enqueued="0" />
  <references type="phantom" candidates="97" cleared="0" enqueued="0" />
  <stringconstants candidates="13272" cleared="0"  />
</gc-op>
<gc-op id="7519" type="sweep" timems="15.580" contextid="7515" timestamp="2019-08-08T12:08:48.962" />
<mem-info id="7520" free="36001616" total="53870592" percent="66">
  <mem type="tenure" free="36001616" total="53870592" percent="66" micro-fragmented="0">
    <mem type="soa" free="35462992" total="53331968" percent="66" />
    <mem type="loa" free="538624" total="538624" percent="100" />
  </mem>
</mem-info>
<gc-op id="7521" type="compact" timems="26.152" contextid="7515" timestamp="2019-08-08T12:08:48.988">
  <compact-info movecount="1582" movebytes="51336" reason="compact to aid heap contraction" />
</gc-op>
<heap-resize id="7522" type="expand" space="tenure" amount="131072" count="1" timems="0.016" reason="satisfy allocation request" timestamp="2019-08-08T12:08:48.988" />
<gc-end id="7523" type="global" contextid="7515" durationms="52.480" usertimems="103.429" systemtimems="1.333" timestamp="2019-08-08T12:08:48.988" activeThreads="16">
  <mem-info id="7524" free="36068304" total="54001664" percent="66">
    <mem type="tenure" free="36068304" total="54001664" percent="66">
      <mem type="soa" free="35528656" total="53462016" percent="66" />
      <mem type="loa" free="539648" total="539648" percent="100" />
    </mem>
  </mem-info>
</gc-end>
<cycle-end id="7525" type="global" contextid="7515" timestamp="2019-08-08T12:08:48.988" />
  <attribute name="elasticGC enabled" value="1" />
  <attribute name= "numThreadsSpecified" value="16" />
  <attribute name="heapSize specified" value="53870592" />
  <attribute name="Current GC Util" value="42" />
  <attribute name= "Current Time Running" value="163478" />
  <attribute name ="GC Interval" value="0" />
  <attribute name="Target GC Util Change" value ="80.000000" />
  <attribute name="Current GC Util Change" value="42.000000"/>
  <attribute name="Current Error" value="-171.000000" />
  <attribute name="Output H" value="53946080"/>
  <attribute name="Output I" value="1704"/>
  <attribute name="Output T" value="16"/>
  <attribute name= "Current Time Running" value="163478" />
  <attribute name="GC Util currently" value="42" />
  <attribute name="CPU Util currently" value="44054090439" />
<allocation-satisfied id="7526" threadId="0000000002369F00" bytesRequested="80" />
<af-end id="7527" timestamp="2019-08-08T12:08:48.988" threadId="000000000236A888" success="true" />
<exclusive-end id="7528" timestamp="2019-08-08T12:08:48.988" durationms="52.692" />

<concurrent-kickoff id="7529" timestamp="2019-08-08T12:08:49.016">
  <kickoff reason="threshold reached" targetBytes="6059930" thresholdFreeBytes="818271" remainingFree="777168" tenureFreeBytes="777168" />
</concurrent-kickoff>
<exclusive-start id="7530" timestamp="2019-08-08T12:08:49.017" intervalms="80.863">
  <response-info timems="0.024" idlems="0.024" threads="0" lastid="0000000002369F00" lastname="main" />
</exclusive-start>
<cycle-start id="7531" type="global" contextid="0" timestamp="2019-08-08T12:08:49.017" intervalms="80.805" />
<exclusive-end id="7532" timestamp="2019-08-08T12:08:49.017" durationms="0.036" />

<exclusive-start id="7533" timestamp="2019-08-08T12:08:49.018" intervalms="0.957">
  <response-info timems="0.024" idlems="0.024" threads="0" lastid="0000000002369F00" lastname="main" />
</exclusive-start>
<af-start id="7534" threadId="000000000236A888" totalBytesRequested="16" timestamp="2019-08-08T12:08:49.018" intervalms="81.805" />
<concurrent-aborted id="7535" timestamp="2019-08-08T12:08:49.018">
  <reason value="insufficient progress made" />
</concurrent-aborted>
<cycle-end id="7536" type="global" contextid="7531" timestamp="2019-08-08T12:08:49.018" />
  <attribute name="elasticGC enabled" value="1" />
  <attribute name= "numThreadsSpecified" value="16" />
  <attribute name="heapSize specified" value="53870592" />
  <attribute name="Current GC Util" value="42" />
  <attribute name= "Current Time Running" value="163478" />
  <attribute name ="GC Interval" value="0" />
  <attribute name="Target GC Util Change" value ="80.000000" />
  <attribute name="Current GC Util Change" value="42.000000"/>
  <attribute name="Current Error" value="-171.000000" />
  <attribute name="Output H" value="53946080"/>
  <attribute name="Output I" value="1704"/>
  <attribute name="Output T" value="16"/>
  <attribute name= "Current Time Running" value="163478" />
  <attribute name="GC Util currently" value="42" />
  <attribute name="CPU Util currently" value="44054090439" />
<cycle-start id="7537" type="global" contextid="0" timestamp="2019-08-08T12:08:49.018" intervalms="1.009" />
<gc-start id="7538" type="global" contextid="7537" timestamp="2019-08-08T12:08:49.018">
  <mem-info id="7539" free="539648" total="54001664" percent="0">
    <mem type="tenure" free="539648" total="54001664" percent="0">
      <mem type="soa" free="0" total="53462016" percent="0" />
      <mem type="loa" free="539648" total="539648" percent="100" />
    </mem>
  </mem-info>
</gc-start>
<allocation-stats totalBytes="35588800" >
  <allocated-bytes non-tlh="0" tlh="35588800" />
  <largest-consumer threadName="main" threadId="0000000002369F00" bytes="35588800" />
</allocation-stats>
<gc-op id="7540" type="mark" timems="10.531" contextid="7537" timestamp="2019-08-08T12:08:49.028">
  <trace-info objectcount="596248" scancount="517246" scanbytes="13272760" />
  <finalization candidates="80" enqueued="0" />
  <ownableSynchronizers candidates="21" cleared="0" />
  <references type="soft" candidates="1843" cleared="0" enqueued="0" dynamicThreshold="21" maxThreshold="32" />
  <references type="weak" candidates="5718" cleared="0" enqueued="0" />
  <references type="phantom" candidates="97" cleared="0" enqueued="0" />
  <stringconstants candidates="13272" cleared="0"  />
</gc-op>
<gc-op id="7541" type="sweep" timems="8.977" contextid="7537" timestamp="2019-08-08T12:08:49.037" />
<mem-info id="7542" free="36130824" total="54001664" percent="66">
  <mem type="tenure" free="36130824" total="54001664" percent="66" micro-fragmented="0">
    <mem type="soa" free="35591176" total="53462016" percent="66" />
    <mem type="loa" free="539648" total="539648" percent="100" />
  </mem>
</mem-info>
<gc-op id="7543" type="compact" timems="24.025" contextid="7537" timestamp="2019-08-08T12:08:49.061">
  <compact-info movecount="1599" movebytes="51936" reason="compact to aid heap contraction" />
</gc-op>
<heap-resize id="7544" type="expand" space="tenure" amount="131072" count="1" timems="0.022" reason="satisfy allocation request" timestamp="2019-08-08T12:08:49.062" />
<gc-end id="7545" type="global" contextid="7537" durationms="44.182" usertimems="83.490" systemtimems="10.413" timestamp="2019-08-08T12:08:49.062" activeThreads="16">
  <mem-info id="7546" free="36198400" total="54132736" percent="66">
    <mem type="tenure" free="36198400" total="54132736" percent="66">
      <mem type="soa" free="35657728" total="53592064" percent="66" />
      <mem type="loa" free="540672" total="540672" percent="100" />
    </mem>
  </mem-info>
</gc-end>
<cycle-end id="7547" type="global" contextid="7537" timestamp="2019-08-08T12:08:49.062" />
  <attribute name="elasticGC enabled" value="1" />
  <attribute name= "numThreadsSpecified" value="16" />
  <attribute name="heapSize specified" value="54001664" />
  <attribute name="Current GC Util" value="33" />
  <attribute name= "Current Time Running" value="163551" />
  <attribute name ="GC Interval" value="0" />
  <attribute name="Target GC Util Change" value ="80.000000" />
  <attribute name="Current GC Util Change" value="33.000000"/>
  <attribute name="Current Error" value="-260.000000" />
  <attribute name="Output H" value="54077048"/>
  <attribute name="Output I" value="1544"/>
  <attribute name="Output T" value="16"/>
  <attribute name= "Current Time Running" value="163551" />
  <attribute name="GC Util currently" value="33" />
  <attribute name="CPU Util currently" value="47941763785" />
<allocation-satisfied id="7548" threadId="0000000002369F00" bytesRequested="16" />
<af-end id="7549" timestamp="2019-08-08T12:08:49.062" threadId="000000000236A888" success="true" />
<exclusive-end id="7550" timestamp="2019-08-08T12:08:49.062" durationms="44.378" />

<concurrent-kickoff id="7551" timestamp="2019-08-08T12:08:49.096">
  <kickoff reason="threshold reached" targetBytes="6074638" thresholdFreeBytes="820257" remainingFree="776192" tenureFreeBytes="776192" />
</concurrent-kickoff>
<exclusive-start id="7552" timestamp="2019-08-08T12:08:49.096" intervalms="78.080">
  <response-info timems="0.022" idlems="0.022" threads="0" lastid="0000000002369F00" lastname="main" />
</exclusive-start>
<cycle-start id="7553" type="global" contextid="0" timestamp="2019-08-08T12:08:49.096" intervalms="78.009" />
<exclusive-end id="7554" timestamp="2019-08-08T12:08:49.096" durationms="0.015" />

<exclusive-start id="7555" timestamp="2019-08-08T12:08:49.096" intervalms="0.843">
  <response-info timems="0.065" idlems="0.065" threads="0" lastid="0000000002369F00" lastname="main" />
</exclusive-start>
<af-start id="7556" threadId="000000000236A888" totalBytesRequested="80" timestamp="2019-08-08T12:08:49.097" intervalms="78.932" />
<concurrent-aborted id="7557" timestamp="2019-08-08T12:08:49.097">
  <reason value="insufficient progress made" />
</concurrent-aborted>
<cycle-end id="7558" type="global" contextid="7553" timestamp="2019-08-08T12:08:49.097" />
  <attribute name="elasticGC enabled" value="1" />
  <attribute name= "numThreadsSpecified" value="16" />
  <attribute name="heapSize specified" value="54001664" />
  <attribute name="Current GC Util" value="33" />
  <attribute name= "Current Time Running" value="163551" />
  <attribute name ="GC Interval" value="0" />
  <attribute name="Target GC Util Change" value ="80.000000" />
  <attribute name="Current GC Util Change" value="33.000000"/>
  <attribute name="Current Error" value="-260.000000" />
  <attribute name="Output H" value="54077048"/>
  <attribute name="Output I" value="1544"/>
  <attribute name="Output T" value="16"/>
  <attribute name= "Current Time Running" value="163551" />
  <attribute name="GC Util currently" value="33" />
  <attribute name="CPU Util currently" value="47941763785" />
<cycle-start id="7559" type="global" contextid="0" timestamp="2019-08-08T12:08:49.097" intervalms="0.918" />
<gc-start id="7560" type="global" contextid="7559" timestamp="2019-08-08T12:08:49.097">
  <mem-info id="7561" free="540672" total="54132736" percent="0">
    <mem type="tenure" free="540672" total="54132736" percent="0">
      <mem type="soa" free="0" total="53592064" percent="0" />
      <mem type="loa" free="540672" total="540672" percent="100" />
    </mem>
  </mem-info>
</gc-start>
<allocation-stats totalBytes="35713096" >
  <allocated-bytes non-tlh="0" tlh="35713096" />
  <largest-consumer threadName="main" threadId="0000000002369F00" bytes="35713096" />
</allocation-stats>
<gc-op id="7562" type="mark" timems="12.358" contextid="7559" timestamp="2019-08-08T12:08:49.109">
  <trace-info objectcount="596236" scancount="517231" scanbytes="13272484" />
  <finalization candidates="80" enqueued="0" />
  <ownableSynchronizers candidates="21" cleared="0" />
  <references type="soft" candidates="1843" cleared="0" enqueued="0" dynamicThreshold="21" maxThreshold="32" />
  <references type="weak" candidates="5718" cleared="0" enqueued="0" />
  <references type="phantom" candidates="97" cleared="0" enqueued="0" />
  <stringconstants candidates="13272" cleared="0"  />
</gc-op>
<gc-op id="7563" type="sweep" timems="8.589" contextid="7559" timestamp="2019-08-08T12:08:49.118" />
<mem-info id="7564" free="36263472" total="54132736" percent="66">
  <mem type="tenure" free="36263472" total="54132736" percent="66" micro-fragmented="0">
    <mem type="soa" free="35722800" total="53592064" percent="66" />
    <mem type="loa" free="540672" total="540672" percent="100" />
  </mem>
</mem-info>
<gc-op id="7565" type="compact" timems="22.977" contextid="7559" timestamp="2019-08-08T12:08:49.141">
  <compact-info movecount="1583" movebytes="51600" reason="compact to aid heap contraction" />
</gc-op>
<heap-resize id="7566" type="expand" space="tenure" amount="131072" count="1" timems="0.021" reason="satisfy allocation request" timestamp="2019-08-08T12:08:49.142" />
<gc-end id="7567" type="global" contextid="7559" durationms="45.340" usertimems="80.157" systemtimems="6.652" timestamp="2019-08-08T12:08:49.142" activeThreads="16">
  <mem-info id="7568" free="36329728" total="54263808" percent="66">
    <mem type="tenure" free="36329728" total="54263808" percent="66">
      <mem type="soa" free="35788032" total="53722112" percent="66" />
      <mem type="loa" free="541696" total="541696" percent="100" />
    </mem>
  </mem-info>
</gc-end>
<cycle-end id="7569" type="global" contextid="7559" timestamp="2019-08-08T12:08:49.142" />
  <attribute name="elasticGC enabled" value="1" />
  <attribute name= "numThreadsSpecified" value="16" />
  <attribute name="heapSize specified" value="54132736" />
  <attribute name="Current GC Util" value="35" />
  <attribute name= "Current Time Running" value="163631" />
  <attribute name ="GC Interval" value="0" />
  <attribute name="Target GC Util Change" value ="80.000000" />
  <attribute name="Current GC Util Change" value="35.000000"/>
  <attribute name="Current Error" value="-106.000000" />
  <attribute name="Output H" value="54208296"/>
  <attribute name="Output I" value="1824"/>
  <attribute name="Output T" value="16"/>
  <attribute name= "Current Time Running" value="163631" />
  <attribute name="GC Util currently" value="35" />
  <attribute name="CPU Util currently" value="50112437878" />
<allocation-satisfied id="7570" threadId="0000000002369F00" bytesRequested="80" />
<af-end id="7571" timestamp="2019-08-08T12:08:49.142" threadId="000000000236A888" success="true" />
<exclusive-end id="7572" timestamp="2019-08-08T12:08:49.142" durationms="45.547" />

<concurrent-kickoff id="7573" timestamp="2019-08-08T12:08:49.184">
  <kickoff reason="threshold reached" targetBytes="6089346" thresholdFreeBytes="822243" remainingFree="776448" tenureFreeBytes="776448" />
</concurrent-kickoff>
<exclusive-start id="7574" timestamp="2019-08-08T12:08:49.184" intervalms="87.882">
  <response-info timems="0.033" idlems="0.033" threads="0" lastid="0000000002369F00" lastname="main" />
</exclusive-start>
<cycle-start id="7575" type="global" contextid="0" timestamp="2019-08-08T12:08:49.184" intervalms="87.807" />
<exclusive-end id="7576" timestamp="2019-08-08T12:08:49.184" durationms="0.014" />

<exclusive-start id="7577" timestamp="2019-08-08T12:08:49.185" intervalms="0.812">
  <response-info timems="0.055" idlems="0.055" threads="0" lastid="0000000002369F00" lastname="main" />
</exclusive-start>
<af-start id="7578" threadId="000000000236A888" totalBytesRequested="24" timestamp="2019-08-08T12:08:49.185" intervalms="88.680" />
<concurrent-aborted id="7579" timestamp="2019-08-08T12:08:49.185">
  <reason value="insufficient progress made" />
</concurrent-aborted>
<cycle-end id="7580" type="global" contextid="7575" timestamp="2019-08-08T12:08:49.185" />
  <attribute name="elasticGC enabled" value="1" />
  <attribute name= "numThreadsSpecified" value="16" />
  <attribute name="heapSize specified" value="54132736" />
  <attribute name="Current GC Util" value="35" />
  <attribute name= "Current Time Running" value="163631" />
  <attribute name ="GC Interval" value="0" />
  <attribute name="Target GC Util Change" value ="80.000000" />
  <attribute name="Current GC Util Change" value="35.000000"/>
  <attribute name="Current Error" value="-106.000000" />
  <attribute name="Output H" value="54208296"/>
  <attribute name="Output I" value="1824"/>
  <attribute name="Output T" value="16"/>
  <attribute name= "Current Time Running" value="163631" />
  <attribute name="GC Util currently" value="35" />
  <attribute name="CPU Util currently" value="50112437878" />
<cycle-start id="7581" type="global" contextid="0" timestamp="2019-08-08T12:08:49.185" intervalms="0.869" />
<gc-start id="7582" type="global" contextid="7581" timestamp="2019-08-08T12:08:49.185">
  <mem-info id="7583" free="541696" total="54263808" percent="0">
    <mem type="tenure" free="541696" total="54263808" percent="0">
      <mem type="soa" free="0" total="53722112" percent="0" />
      <mem type="loa" free="541696" total="541696" percent="100" />
    </mem>
  </mem-info>
</gc-start>
<allocation-stats totalBytes="35841016" >
  <allocated-bytes non-tlh="0" tlh="35841016" />
  <largest-consumer threadName="main" threadId="0000000002369F00" bytes="35841016" />
</allocation-stats>
<gc-op id="7584" type="mark" timems="9.329" contextid="7581" timestamp="2019-08-08T12:08:49.195">
  <trace-info objectcount="596229" scancount="517222" scanbytes="13272072" />
  <finalization candidates="80" enqueued="0" />
  <ownableSynchronizers candidates="21" cleared="0" />
  <references type="soft" candidates="1843" cleared="0" enqueued="0" dynamicThreshold="21" maxThreshold="32" />
  <references type="weak" candidates="5718" cleared="0" enqueued="0" />
  <references type="phantom" candidates="97" cleared="0" enqueued="0" />
  <stringconstants candidates="13272" cleared="0"  />
</gc-op>
<gc-op id="7585" type="sweep" timems="6.692" contextid="7581" timestamp="2019-08-08T12:08:49.201" />
<mem-info id="7586" free="36394504" total="54263808" percent="67">
  <mem type="tenure" free="36394504" total="54263808" percent="67" micro-fragmented="0">
    <mem type="soa" free="35852808" total="53722112" percent="66" />
    <mem type="loa" free="541696" total="541696" percent="100" />
  </mem>
</mem-info>
<gc-op id="7587" type="compact" timems="32.043" contextid="7581" timestamp="2019-08-08T12:08:49.233">
  <compact-info movecount="1574" movebytes="51112" reason="compact to aid heap contraction" />
</gc-op>
<heap-resize id="7588" type="expand" space="tenure" amount="131072" count="1" timems="0.019" reason="satisfy allocation request" timestamp="2019-08-08T12:08:49.234" />
<gc-end id="7589" type="global" contextid="7581" durationms="48.727" usertimems="86.411" systemtimems="6.231" timestamp="2019-08-08T12:08:49.234" activeThreads="16">
  <mem-info id="7590" free="36461240" total="54394880" percent="67">
    <mem type="tenure" free="36461240" total="54394880" percent="67">
      <mem type="soa" free="35917496" total="53851136" percent="66" />
      <mem type="loa" free="543744" total="543744" percent="100" />
    </mem>
  </mem-info>
</gc-end>
<cycle-end id="7591" type="global" contextid="7581" timestamp="2019-08-08T12:08:49.234" />
  <attribute name="elasticGC enabled" value="1" />
  <attribute name= "numThreadsSpecified" value="16" />
  <attribute name="heapSize specified" value="54263808" />
  <attribute name="Current GC Util" value="38" />
  <attribute name= "Current Time Running" value="163724" />
  <attribute name ="GC Interval" value="0" />
  <attribute name="Target GC Util Change" value ="80.000000" />
  <attribute name="Current GC Util Change" value="38.000000"/>
  <attribute name="Current Error" value="135.000000" />
  <attribute name="Output H" value="54339648"/>
  <attribute name="Output I" value="2256"/>
  <attribute name="Output T" value="16"/>
  <attribute name= "Current Time Running" value="163724" />
  <attribute name="GC Util currently" value="38" />
  <attribute name="CPU Util currently" value="35951480621" />
<allocation-satisfied id="7592" threadId="0000000002369F00" bytesRequested="24" />
<af-end id="7593" timestamp="2019-08-08T12:08:49.234" threadId="000000000236A888" success="true" />
<exclusive-end id="7594" timestamp="2019-08-08T12:08:49.234" durationms="48.907" />

<concurrent-kickoff id="7595" timestamp="2019-08-08T12:08:49.317">
  <kickoff reason="threshold reached" targetBytes="6104055" thresholdFreeBytes="824230" remainingFree="776888" tenureFreeBytes="776888" />
</concurrent-kickoff>
<exclusive-start id="7596" timestamp="2019-08-08T12:08:49.317" intervalms="132.227">
  <response-info timems="0.057" idlems="0.057" threads="0" lastid="0000000002369F00" lastname="main" />
</exclusive-start>
<cycle-start id="7597" type="global" contextid="0" timestamp="2019-08-08T12:08:49.317" intervalms="132.172" />
<exclusive-end id="7598" timestamp="2019-08-08T12:08:49.317" durationms="0.018" />

<exclusive-start id="7599" timestamp="2019-08-08T12:08:49.318" intervalms="1.021">
  <response-info timems="0.061" idlems="0.061" threads="0" lastid="0000000002369F00" lastname="main" />
</exclusive-start>
<af-start id="7600" threadId="000000000236A888" totalBytesRequested="32" timestamp="2019-08-08T12:08:49.318" intervalms="133.256" />
<concurrent-aborted id="7601" timestamp="2019-08-08T12:08:49.318">
  <reason value="insufficient progress made" />
</concurrent-aborted>
<cycle-end id="7602" type="global" contextid="7597" timestamp="2019-08-08T12:08:49.318" />
  <attribute name="elasticGC enabled" value="1" />
  <attribute name= "numThreadsSpecified" value="16" />
  <attribute name="heapSize specified" value="54263808" />
  <attribute name="Current GC Util" value="38" />
  <attribute name= "Current Time Running" value="163724" />
  <attribute name ="GC Interval" value="0" />
  <attribute name="Target GC Util Change" value ="80.000000" />
  <attribute name="Current GC Util Change" value="38.000000"/>
  <attribute name="Current Error" value="135.000000" />
  <attribute name="Output H" value="54339648"/>
  <attribute name="Output I" value="2256"/>
  <attribute name="Output T" value="16"/>
  <attribute name= "Current Time Running" value="163724" />
  <attribute name="GC Util currently" value="38" />
  <attribute name="CPU Util currently" value="35951480621" />
<cycle-start id="7603" type="global" contextid="0" timestamp="2019-08-08T12:08:49.319" intervalms="1.096" />
<gc-start id="7604" type="global" contextid="7603" timestamp="2019-08-08T12:08:49.319">
  <mem-info id="7605" free="543744" total="54394880" percent="0">
    <mem type="tenure" free="543744" total="54394880" percent="0">
      <mem type="soa" free="0" total="53851136" percent="0" />
      <mem type="loa" free="543744" total="543744" percent="100" />
    </mem>
  </mem-info>
</gc-start>
<allocation-stats totalBytes="35980264" >
  <allocated-bytes non-tlh="0" tlh="35980264" />
  <largest-consumer threadName="main" threadId="0000000002369F00" bytes="35980264" />
</allocation-stats>
<gc-op id="7606" type="mark" timems="12.565" contextid="7603" timestamp="2019-08-08T12:08:49.331">
  <trace-info objectcount="596231" scancount="517225" scanbytes="13272124" />
  <finalization candidates="80" enqueued="0" />
  <ownableSynchronizers candidates="21" cleared="0" />
  <references type="soft" candidates="1843" cleared="0" enqueued="0" dynamicThreshold="21" maxThreshold="32" />
  <references type="weak" candidates="5718" cleared="0" enqueued="0" />
  <references type="phantom" candidates="97" cleared="0" enqueued="0" />
  <stringconstants candidates="13272" cleared="0"  />
</gc-op>
<gc-op id="7607" type="sweep" timems="15.408" contextid="7603" timestamp="2019-08-08T12:08:49.347" />
<mem-info id="7608" free="36525816" total="54394880" percent="67">
  <mem type="tenure" free="36525816" total="54394880" percent="67" micro-fragmented="0">
    <mem type="soa" free="35982072" total="53851136" percent="66" />
    <mem type="loa" free="543744" total="543744" percent="100" />
  </mem>
</mem-info>
<gc-op id="7609" type="compact" timems="39.386" contextid="7603" timestamp="2019-08-08T12:08:49.386">
  <compact-info movecount="1574" movebytes="51112" reason="compact to aid heap contraction" />
</gc-op>
<heap-resize id="7610" type="expand" space="tenure" amount="131072" count="1" timems="0.015" reason="satisfy allocation request" timestamp="2019-08-08T12:08:49.387" />
<gc-end id="7611" type="global" contextid="7603" durationms="68.265" usertimems="114.652" systemtimems="4.071" timestamp="2019-08-08T12:08:49.387" activeThreads="16">
  <mem-info id="7612" free="36592264" total="54525952" percent="67">
    <mem type="tenure" free="36592264" total="54525952" percent="67">
      <mem type="soa" free="36047496" total="53981184" percent="66" />
      <mem type="loa" free="544768" total="544768" percent="100" />
    </mem>
  </mem-info>
</gc-end>
<cycle-end id="7613" type="global" contextid="7603" timestamp="2019-08-08T12:08:49.387" />
  <attribute name="elasticGC enabled" value="1" />
  <attribute name= "numThreadsSpecified" value="16" />
  <attribute name="heapSize specified" value="54394880" />
  <attribute name="Current GC Util" value="32" />
  <attribute name= "Current Time Running" value="163876" />
  <attribute name ="GC Interval" value="0" />
  <attribute name="Target GC Util Change" value ="80.000000" />
  <attribute name="Current GC Util Change" value="32.000000"/>
  <attribute name="Current Error" value="123.000000" />
  <attribute name="Output H" value="54470704"/>
  <attribute name="Output I" value="2232"/>
  <attribute name="Output T" value="16"/>
  <attribute name= "Current Time Running" value="163876" />
  <attribute name="GC Util currently" value="32" />
  <attribute name="CPU Util currently" value="29341075639" />
<allocation-satisfied id="7614" threadId="0000000002369F00" bytesRequested="32" />
<af-end id="7615" timestamp="2019-08-08T12:08:49.387" threadId="000000000236A888" success="true" />
<exclusive-end id="7616" timestamp="2019-08-08T12:08:49.387" durationms="68.523" />

<concurrent-kickoff id="7617" timestamp="2019-08-08T12:08:49.433">
  <kickoff reason="threshold reached" targetBytes="6118764" thresholdFreeBytes="826215" remainingFree="776840" tenureFreeBytes="776840" />
</concurrent-kickoff>
<exclusive-start id="7618" timestamp="2019-08-08T12:08:49.433" intervalms="114.869">
  <response-info timems="0.114" idlems="0.114" threads="0" lastid="0000000002369F00" lastname="main" />
</exclusive-start>
<cycle-start id="7619" type="global" contextid="0" timestamp="2019-08-08T12:08:49.433" intervalms="114.805" />
<exclusive-end id="7620" timestamp="2019-08-08T12:08:49.433" durationms="0.031" />

<exclusive-start id="7621" timestamp="2019-08-08T12:08:49.434" intervalms="0.849">
  <response-info timems="0.039" idlems="0.039" threads="0" lastid="0000000002369F00" lastname="main" />
</exclusive-start>
<af-start id="7622" threadId="000000000236A888" totalBytesRequested="24" timestamp="2019-08-08T12:08:49.434" intervalms="115.718" />
<concurrent-aborted id="7623" timestamp="2019-08-08T12:08:49.434">
  <reason value="insufficient progress made" />
</concurrent-aborted>
<cycle-end id="7624" type="global" contextid="7619" timestamp="2019-08-08T12:08:49.434" />
  <attribute name="elasticGC enabled" value="1" />
  <attribute name= "numThreadsSpecified" value="16" />
  <attribute name="heapSize specified" value="54394880" />
  <attribute name="Current GC Util" value="32" />
  <attribute name= "Current Time Running" value="163876" />
  <attribute name ="GC Interval" value="0" />
  <attribute name="Target GC Util Change" value ="80.000000" />
  <attribute name="Current GC Util Change" value="32.000000"/>
  <attribute name="Current Error" value="123.000000" />
  <attribute name="Output H" value="54470704"/>
  <attribute name="Output I" value="2232"/>
  <attribute name="Output T" value="16"/>
  <attribute name= "Current Time Running" value="163876" />
  <attribute name="GC Util currently" value="32" />
  <attribute name="CPU Util currently" value="29341075639" />
<cycle-start id="7625" type="global" contextid="0" timestamp="2019-08-08T12:08:49.434" intervalms="0.911" />
<gc-start id="7626" type="global" contextid="7625" timestamp="2019-08-08T12:08:49.434">
  <mem-info id="7627" free="544768" total="54525952" percent="0">
    <mem type="tenure" free="544768" total="54525952" percent="0">
      <mem type="soa" free="0" total="53981184" percent="0" />
      <mem type="loa" free="544768" total="544768" percent="100" />
    </mem>
  </mem-info>
</gc-start>
<allocation-stats totalBytes="36108296" >
  <allocated-bytes non-tlh="0" tlh="36108296" />
  <largest-consumer threadName="main" threadId="0000000002369F00" bytes="36108296" />
</allocation-stats>
<gc-op id="7628" type="mark" timems="15.570" contextid="7625" timestamp="2019-08-08T12:08:49.450">
  <trace-info objectcount="596239" scancount="517231" scanbytes="13272256" />
  <finalization candidates="80" enqueued="0" />
  <ownableSynchronizers candidates="21" cleared="0" />
  <references type="soft" candidates="1843" cleared="0" enqueued="0" dynamicThreshold="21" maxThreshold="32" />
  <references type="weak" candidates="5718" cleared="0" enqueued="0" />
  <references type="phantom" candidates="97" cleared="0" enqueued="0" />
  <stringconstants candidates="13272" cleared="0"  />
</gc-op>
<gc-op id="7629" type="sweep" timems="13.161" contextid="7625" timestamp="2019-08-08T12:08:49.463" />
<mem-info id="7630" free="36656376" total="54525952" percent="67">
  <mem type="tenure" free="36656376" total="54525952" percent="67" micro-fragmented="0">
    <mem type="soa" free="36111608" total="53981184" percent="66" />
    <mem type="loa" free="544768" total="544768" percent="100" />
  </mem>
</mem-info>
<gc-op id="7631" type="compact" timems="22.010" contextid="7625" timestamp="2019-08-08T12:08:49.485">
  <compact-info movecount="1580" movebytes="51256" reason="compact to aid heap contraction" />
</gc-op>
<heap-resize id="7632" type="expand" space="tenure" amount="131072" count="1" timems="0.022" reason="satisfy allocation request" timestamp="2019-08-08T12:08:49.486" />
<gc-end id="7633" type="global" contextid="7625" durationms="51.738" usertimems="84.149" systemtimems="8.682" timestamp="2019-08-08T12:08:49.486" activeThreads="16">
  <mem-info id="7634" free="36723144" total="54657024" percent="67">
    <mem type="tenure" free="36723144" total="54657024" percent="67">
      <mem type="soa" free="36177352" total="54111232" percent="66" />
      <mem type="loa" free="545792" total="545792" percent="100" />
    </mem>
  </mem-info>
</gc-end>
<cycle-end id="7635" type="global" contextid="7625" timestamp="2019-08-08T12:08:49.486" />
  <attribute name="elasticGC enabled" value="1" />
  <attribute name= "numThreadsSpecified" value="16" />
  <attribute name="heapSize specified" value="54525952" />
  <attribute name="Current GC Util" value="25" />
  <attribute name= "Current Time Running" value="163975" />
  <attribute name ="GC Interval" value="0" />
  <attribute name="Target GC Util Change" value ="80.000000" />
  <attribute name="Current GC Util Change" value="25.000000"/>
  <attribute name="Current Error" value="55.000000" />
  <attribute name="Output H" value="54601696"/>
  <attribute name="Output I" value="2112"/>
  <attribute name="Output T" value="16"/>
  <attribute name= "Current Time Running" value="163975" />
  <attribute name="GC Util currently" value="25" />
  <attribute name="CPU Util currently" value="52322678403" />
<allocation-satisfied id="7636" threadId="0000000002369F00" bytesRequested="24" />
<af-end id="7637" timestamp="2019-08-08T12:08:49.486" threadId="000000000236A888" success="true" />
<exclusive-end id="7638" timestamp="2019-08-08T12:08:49.486" durationms="51.961" />

<concurrent-kickoff id="7639" timestamp="2019-08-08T12:08:49.525">
  <kickoff reason="threshold reached" targetBytes="6133472" thresholdFreeBytes="828202" remainingFree="776648" tenureFreeBytes="776648" />
</concurrent-kickoff>
<exclusive-start id="7640" timestamp="2019-08-08T12:08:49.525" intervalms="90.719">
  <response-info timems="0.146" idlems="0.146" threads="0" lastid="0000000002369F00" lastname="main" />
</exclusive-start>
<cycle-start id="7641" type="global" contextid="0" timestamp="2019-08-08T12:08:49.525" intervalms="90.669" />
<exclusive-end id="7642" timestamp="2019-08-08T12:08:49.525" durationms="0.040" />

<exclusive-start id="7643" timestamp="2019-08-08T12:08:49.525" intervalms="0.489">
  <response-info timems="0.048" idlems="0.048" threads="0" lastid="0000000002369F00" lastname="main" />
</exclusive-start>
<af-start id="7644" threadId="000000000236A888" totalBytesRequested="32" timestamp="2019-08-08T12:08:49.525" intervalms="91.201" />
<concurrent-aborted id="7645" timestamp="2019-08-08T12:08:49.525">
  <reason value="insufficient progress made" />
</concurrent-aborted>
<cycle-end id="7646" type="global" contextid="7641" timestamp="2019-08-08T12:08:49.525" />
  <attribute name="elasticGC enabled" value="1" />
  <attribute name= "numThreadsSpecified" value="16" />
  <attribute name="heapSize specified" value="54525952" />
  <attribute name="Current GC Util" value="25" />
  <attribute name= "Current Time Running" value="163975" />
  <attribute name ="GC Interval" value="0" />
  <attribute name="Target GC Util Change" value ="80.000000" />
  <attribute name="Current GC Util Change" value="25.000000"/>
  <attribute name="Current Error" value="55.000000" />
  <attribute name="Output H" value="54601696"/>
  <attribute name="Output I" value="2112"/>
  <attribute name="Output T" value="16"/>
  <attribute name= "Current Time Running" value="163975" />
  <attribute name="GC Util currently" value="25" />
  <attribute name="CPU Util currently" value="52322678403" />
<cycle-start id="7647" type="global" contextid="0" timestamp="2019-08-08T12:08:49.525" intervalms="0.524" />
<gc-start id="7648" type="global" contextid="7647" timestamp="2019-08-08T12:08:49.525">
  <mem-info id="7649" free="545792" total="54657024" percent="0">
    <mem type="tenure" free="545792" total="54657024" percent="0">
      <mem type="soa" free="0" total="54111232" percent="0" />
      <mem type="loa" free="545792" total="545792" percent="100" />
    </mem>
  </mem-info>
</gc-start>
<allocation-stats totalBytes="36239032" >
  <allocated-bytes non-tlh="0" tlh="36239032" />
  <largest-consumer threadName="main" threadId="0000000002369F00" bytes="36239032" />
</allocation-stats>
<gc-op id="7650" type="mark" timems="10.449" contextid="7647" timestamp="2019-08-08T12:08:49.536">
  <trace-info objectcount="596229" scancount="517224" scanbytes="13272060" />
  <finalization candidates="80" enqueued="0" />
  <ownableSynchronizers candidates="21" cleared="0" />
  <references type="soft" candidates="1843" cleared="0" enqueued="0" dynamicThreshold="21" maxThreshold="32" />
  <references type="weak" candidates="5718" cleared="0" enqueued="0" />
  <references type="phantom" candidates="97" cleared="0" enqueued="0" />
  <stringconstants candidates="13272" cleared="0"  />
</gc-op>
<gc-op id="7651" type="sweep" timems="24.490" contextid="7647" timestamp="2019-08-08T12:08:49.560" />
<mem-info id="7652" free="36788136" total="54657024" percent="67">
  <mem type="tenure" free="36788136" total="54657024" percent="67" micro-fragmented="0">
    <mem type="soa" free="36242344" total="54111232" percent="66" />
    <mem type="loa" free="545792" total="545792" percent="100" />
  </mem>
</mem-info>
<gc-op id="7653" type="compact" timems="36.103" contextid="7647" timestamp="2019-08-08T12:08:49.597">
  <compact-info movecount="1568" movebytes="50944" reason="compact to aid heap contraction" />
</gc-op>
<heap-resize id="7654" type="expand" space="tenure" amount="131072" count="1" timems="0.023" reason="satisfy allocation request" timestamp="2019-08-08T12:08:49.598" />
<gc-end id="7655" type="global" contextid="7647" durationms="72.395" usertimems="189.152" systemtimems="0.000" timestamp="2019-08-08T12:08:49.598" activeThreads="16">
  <mem-info id="7656" free="36854480" total="54788096" percent="67">
    <mem type="tenure" free="36854480" total="54788096" percent="67">
      <mem type="soa" free="36306640" total="54240256" percent="66" />
      <mem type="loa" free="547840" total="547840" percent="100" />
    </mem>
  </mem-info>
</gc-end>
<cycle-end id="7657" type="global" contextid="7647" timestamp="2019-08-08T12:08:49.598" />
  <attribute name="elasticGC enabled" value="1" />
  <attribute name= "numThreadsSpecified" value="16" />
  <attribute name="heapSize specified" value="54657024" />
  <attribute name="Current GC Util" value="44" />
  <attribute name= "Current Time Running" value="164087" />
  <attribute name ="GC Interval" value="0" />
  <attribute name="Target GC Util Change" value ="80.000000" />
  <attribute name="Current GC Util Change" value="44.000000"/>
  <attribute name="Current Error" value="-75.000000" />
  <attribute name="Output H" value="54732624"/>
  <attribute name="Output I" value="1880"/>
  <attribute name="Output T" value="16"/>
  <attribute name= "Current Time Running" value="164087" />
  <attribute name="GC Util currently" value="44" />
  <attribute name="CPU Util currently" value="31904296050" />
<allocation-satisfied id="7658" threadId="0000000002369F00" bytesRequested="32" />
<af-end id="7659" timestamp="2019-08-08T12:08:49.598" threadId="000000000236A888" success="true" />
<exclusive-end id="7660" timestamp="2019-08-08T12:08:49.598" durationms="72.603" />

<concurrent-kickoff id="7661" timestamp="2019-08-08T12:08:49.664">
  <kickoff reason="threshold reached" targetBytes="6148180" thresholdFreeBytes="830187" remainingFree="776912" tenureFreeBytes="776912" />
</concurrent-kickoff>
<exclusive-start id="7662" timestamp="2019-08-08T12:08:49.664" intervalms="138.898">
  <response-info timems="0.023" idlems="0.023" threads="0" lastid="0000000002369F00" lastname="main" />
</exclusive-start>
<cycle-start id="7663" type="global" contextid="0" timestamp="2019-08-08T12:08:49.664" intervalms="138.837" />
<exclusive-end id="7664" timestamp="2019-08-08T12:08:49.664" durationms="0.014" />

<exclusive-start id="7665" timestamp="2019-08-08T12:08:49.665" intervalms="0.633">
  <response-info timems="0.032" idlems="0.032" threads="0" lastid="0000000002369F00" lastname="main" />
</exclusive-start>
<af-start id="7666" threadId="000000000236A888" totalBytesRequested="24" timestamp="2019-08-08T12:08:49.665" intervalms="139.541" />
<concurrent-aborted id="7667" timestamp="2019-08-08T12:08:49.665">
  <reason value="insufficient progress made" />
</concurrent-aborted>
<cycle-end id="7668" type="global" contextid="7663" timestamp="2019-08-08T12:08:49.665" />
  <attribute name="elasticGC enabled" value="1" />
  <attribute name= "numThreadsSpecified" value="16" />
  <attribute name="heapSize specified" value="54657024" />
  <attribute name="Current GC Util" value="44" />
  <attribute name= "Current Time Running" value="164087" />
  <attribute name ="GC Interval" value="0" />
  <attribute name="Target GC Util Change" value ="80.000000" />
  <attribute name="Current GC Util Change" value="44.000000"/>
  <attribute name="Current Error" value="-75.000000" />
  <attribute name="Output H" value="54732624"/>
  <attribute name="Output I" value="1880"/>
  <attribute name="Output T" value="16"/>
  <attribute name= "Current Time Running" value="164087" />
  <attribute name="GC Util currently" value="44" />
  <attribute name="CPU Util currently" value="31904296050" />
<cycle-start id="7669" type="global" contextid="0" timestamp="2019-08-08T12:08:49.665" intervalms="0.705" />
<gc-start id="7670" type="global" contextid="7669" timestamp="2019-08-08T12:08:49.665">
  <mem-info id="7671" free="547840" total="54788096" percent="0">
    <mem type="tenure" free="547840" total="54788096" percent="0">
      <mem type="soa" free="0" total="54240256" percent="0" />
      <mem type="loa" free="547840" total="547840" percent="100" />
    </mem>
  </mem-info>
</gc-start>
<allocation-stats totalBytes="36370464" >
  <allocated-bytes non-tlh="0" tlh="36370464" />
  <largest-consumer threadName="main" threadId="0000000002369F00" bytes="36370464" />
</allocation-stats>
<gc-op id="7672" type="mark" timems="8.224" contextid="7669" timestamp="2019-08-08T12:08:49.673">
  <trace-info objectcount="596229" scancount="517218" scanbytes="13272044" />
  <finalization candidates="80" enqueued="0" />
  <ownableSynchronizers candidates="21" cleared="0" />
  <references type="soft" candidates="1843" cleared="0" enqueued="0" dynamicThreshold="21" maxThreshold="32" />
  <references type="weak" candidates="5718" cleared="0" enqueued="0" />
  <references type="phantom" candidates="97" cleared="0" enqueued="0" />
  <stringconstants candidates="13272" cleared="0"  />
</gc-op>
<gc-op id="7673" type="sweep" timems="6.812" contextid="7669" timestamp="2019-08-08T12:08:49.680" />
<mem-info id="7674" free="36919096" total="54788096" percent="67">
  <mem type="tenure" free="36919096" total="54788096" percent="67" micro-fragmented="0">
    <mem type="soa" free="36371256" total="54240256" percent="67" />
    <mem type="loa" free="547840" total="547840" percent="100" />
  </mem>
</mem-info>
<gc-op id="7675" type="compact" timems="30.296" contextid="7669" timestamp="2019-08-08T12:08:49.710">
  <compact-info movecount="1566" movebytes="50872" reason="compact to aid heap contraction" />
</gc-op>
<heap-resize id="7676" type="expand" space="tenure" amount="131072" count="1" timems="0.026" reason="satisfy allocation request" timestamp="2019-08-08T12:08:49.711" />
<gc-end id="7677" type="global" contextid="7669" durationms="46.403" usertimems="85.603" systemtimems="0.000" timestamp="2019-08-08T12:08:49.711" activeThreads="16">
  <mem-info id="7678" free="36985576" total="54919168" percent="67">
    <mem type="tenure" free="36985576" total="54919168" percent="67">
      <mem type="soa" free="36436712" total="54370304" percent="67" />
      <mem type="loa" free="548864" total="548864" percent="100" />
    </mem>
  </mem-info>
</gc-end>
<cycle-end id="7679" type="global" contextid="7669" timestamp="2019-08-08T12:08:49.711" />
  <attribute name="elasticGC enabled" value="1" />
  <attribute name= "numThreadsSpecified" value="16" />
  <attribute name="heapSize specified" value="54788096" />
  <attribute name="Current GC Util" value="34" />
  <attribute name= "Current Time Running" value="164201" />
  <attribute name ="GC Interval" value="0" />
  <attribute name="Target GC Util Change" value ="80.000000" />
  <attribute name="Current GC Util Change" value="34.000000"/>
  <attribute name="Current Error" value="-250.000000" />
  <attribute name="Output H" value="54863488"/>
  <attribute name="Output I" value="1568"/>
  <attribute name="Output T" value="16"/>
  <attribute name= "Current Time Running" value="164201" />
  <attribute name="GC Util currently" value="34" />
  <attribute name="CPU Util currently" value="37981117662" />
<allocation-satisfied id="7680" threadId="0000000002369F00" bytesRequested="24" />
<af-end id="7681" timestamp="2019-08-08T12:08:49.711" threadId="000000000236A888" success="true" />
<exclusive-end id="7682" timestamp="2019-08-08T12:08:49.711" durationms="46.606" />

<concurrent-kickoff id="7683" timestamp="2019-08-08T12:08:49.812">
  <kickoff reason="threshold reached" targetBytes="6162889" thresholdFreeBytes="832174" remainingFree="776936" tenureFreeBytes="776936" />
</concurrent-kickoff>
<exclusive-start id="7684" timestamp="2019-08-08T12:08:49.812" intervalms="147.578">
  <response-info timems="0.021" idlems="0.021" threads="0" lastid="0000000002369F00" lastname="main" />
</exclusive-start>
<cycle-start id="7685" type="global" contextid="0" timestamp="2019-08-08T12:08:49.812" intervalms="147.512" />
<exclusive-end id="7686" timestamp="2019-08-08T12:08:49.812" durationms="0.021" />

<exclusive-start id="7687" timestamp="2019-08-08T12:08:49.813" intervalms="0.560">
  <response-info timems="0.028" idlems="0.028" threads="0" lastid="0000000002369F00" lastname="main" />
</exclusive-start>
<af-start id="7688" threadId="000000000236A888" totalBytesRequested="24" timestamp="2019-08-08T12:08:49.813" intervalms="148.130" />
<concurrent-aborted id="7689" timestamp="2019-08-08T12:08:49.813">
  <reason value="insufficient progress made" />
</concurrent-aborted>
<cycle-end id="7690" type="global" contextid="7685" timestamp="2019-08-08T12:08:49.813" />
  <attribute name="elasticGC enabled" value="1" />
  <attribute name= "numThreadsSpecified" value="16" />
  <attribute name="heapSize specified" value="54788096" />
  <attribute name="Current GC Util" value="34" />
  <attribute name= "Current Time Running" value="164201" />
  <attribute name ="GC Interval" value="0" />
  <attribute name="Target GC Util Change" value ="80.000000" />
  <attribute name="Current GC Util Change" value="34.000000"/>
  <attribute name="Current Error" value="-250.000000" />
  <attribute name="Output H" value="54863488"/>
  <attribute name="Output I" value="1568"/>
  <attribute name="Output T" value="16"/>
  <attribute name= "Current Time Running" value="164201" />
  <attribute name="GC Util currently" value="34" />
  <attribute name="CPU Util currently" value="37981117662" />
<cycle-start id="7691" type="global" contextid="0" timestamp="2019-08-08T12:08:49.813" intervalms="0.617" />
<gc-start id="7692" type="global" contextid="7691" timestamp="2019-08-08T12:08:49.813">
  <mem-info id="7693" free="548864" total="54919168" percent="0">
    <mem type="tenure" free="548864" total="54919168" percent="0">
      <mem type="soa" free="0" total="54370304" percent="0" />
      <mem type="loa" free="548864" total="548864" percent="100" />
    </mem>
  </mem-info>
</gc-start>
<allocation-stats totalBytes="36500072" >
  <allocated-bytes non-tlh="0" tlh="36500072" />
  <largest-consumer threadName="main" threadId="0000000002369F00" bytes="36500072" />
</allocation-stats>
<gc-op id="7694" type="mark" timems="8.434" contextid="7691" timestamp="2019-08-08T12:08:49.822">
  <trace-info objectcount="596237" scancount="517230" scanbytes="13272212" />
  <finalization candidates="80" enqueued="0" />
  <ownableSynchronizers candidates="21" cleared="0" />
  <references type="soft" candidates="1843" cleared="0" enqueued="0" dynamicThreshold="21" maxThreshold="32" />
  <references type="weak" candidates="5718" cleared="0" enqueued="0" />
  <references type="phantom" candidates="97" cleared="0" enqueued="0" />
  <stringconstants candidates="13272" cleared="0"  />
</gc-op>
<gc-op id="7695" type="sweep" timems="14.213" contextid="7691" timestamp="2019-08-08T12:08:49.836" />
<mem-info id="7696" free="37049776" total="54919168" percent="67">
  <mem type="tenure" free="37049776" total="54919168" percent="67" micro-fragmented="0">
    <mem type="soa" free="36500912" total="54370304" percent="67" />
    <mem type="loa" free="548864" total="548864" percent="100" />
  </mem>
</mem-info>
<gc-op id="7697" type="compact" timems="23.222" contextid="7691" timestamp="2019-08-08T12:08:49.859">
  <compact-info movecount="1570" movebytes="50960" reason="compact to aid heap contraction" />
</gc-op>
<heap-resize id="7698" type="expand" space="tenure" amount="131072" count="1" timems="0.020" reason="satisfy allocation request" timestamp="2019-08-08T12:08:49.860" />
<gc-end id="7699" type="global" contextid="7691" durationms="46.617" usertimems="87.866" systemtimems="3.677" timestamp="2019-08-08T12:08:49.860" activeThreads="16">
  <mem-info id="7700" free="37116464" total="55050240" percent="67">
    <mem type="tenure" free="37116464" total="55050240" percent="67">
      <mem type="soa" free="36566576" total="54500352" percent="67" />
      <mem type="loa" free="549888" total="549888" percent="100" />
    </mem>
  </mem-info>
</gc-end>
<cycle-end id="7701" type="global" contextid="7691" timestamp="2019-08-08T12:08:49.860" />
  <attribute name="elasticGC enabled" value="1" />
  <attribute name= "numThreadsSpecified" value="16" />
  <attribute name="heapSize specified" value="54919168" />
  <attribute name="Current GC Util" value="35" />
  <attribute name= "Current Time Running" value="164349" />
  <attribute name ="GC Interval" value="0" />
  <attribute name="Target GC Util Change" value ="80.000000" />
  <attribute name="Current GC Util Change" value="35.000000"/>
  <attribute name="Current Error" value="-228.000000" />
  <attribute name="Output H" value="54994592"/>
  <attribute name="Output I" value="1608"/>
  <attribute name="Output T" value="16"/>
  <attribute name= "Current Time Running" value="164349" />
  <attribute name="GC Util currently" value="35" />
  <attribute name="CPU Util currently" value="49580085175" />
<allocation-satisfied id="7702" threadId="0000000002369F00" bytesRequested="24" />
<af-end id="7703" timestamp="2019-08-08T12:08:49.860" threadId="000000000236A888" success="true" />
<exclusive-end id="7704" timestamp="2019-08-08T12:08:49.860" durationms="46.825" />

<concurrent-kickoff id="7705" timestamp="2019-08-08T12:08:49.874">
  <kickoff reason="threshold reached" targetBytes="6177598" thresholdFreeBytes="834160" remainingFree="776752" tenureFreeBytes="776752" />
</concurrent-kickoff>
<exclusive-start id="7706" timestamp="2019-08-08T12:08:49.874" intervalms="61.397">
  <response-info timems="0.019" idlems="0.019" threads="0" lastid="0000000002369F00" lastname="main" />
</exclusive-start>
<cycle-start id="7707" type="global" contextid="0" timestamp="2019-08-08T12:08:49.874" intervalms="61.405" />
<exclusive-end id="7708" timestamp="2019-08-08T12:08:49.875" durationms="0.086" />

<exclusive-start id="7709" timestamp="2019-08-08T12:08:49.875" intervalms="0.776">
  <response-info timems="0.038" idlems="0.038" threads="0" lastid="0000000002369F00" lastname="main" />
</exclusive-start>
<af-start id="7710" threadId="000000000236A888" totalBytesRequested="16" timestamp="2019-08-08T12:08:49.875" intervalms="62.179" />
<concurrent-aborted id="7711" timestamp="2019-08-08T12:08:49.875">
  <reason value="insufficient progress made" />
</concurrent-aborted>
<cycle-end id="7712" type="global" contextid="7707" timestamp="2019-08-08T12:08:49.875" />
  <attribute name="elasticGC enabled" value="1" />
  <attribute name= "numThreadsSpecified" value="16" />
  <attribute name="heapSize specified" value="54919168" />
  <attribute name="Current GC Util" value="35" />
  <attribute name= "Current Time Running" value="164349" />
  <attribute name ="GC Interval" value="0" />
  <attribute name="Target GC Util Change" value ="80.000000" />
  <attribute name="Current GC Util Change" value="35.000000"/>
  <attribute name="Current Error" value="-228.000000" />
  <attribute name="Output H" value="54994592"/>
  <attribute name="Output I" value="1608"/>
  <attribute name="Output T" value="16"/>
  <attribute name= "Current Time Running" value="164349" />
  <attribute name="GC Util currently" value="35" />
  <attribute name="CPU Util currently" value="49580085175" />
<cycle-start id="7713" type="global" contextid="0" timestamp="2019-08-08T12:08:49.875" intervalms="0.796" />
