<?xml version="1.0" ?>

<verbosegc xmlns="http://www.ibm.com/j9/verbosegc" version="10b4217_CMPRSS">

<initialized id="1" timestamp="2019-06-17T06:47:33.005">
  <attribute name="gcPolicy" value="-Xgcpolicy:optthruput" />
  <attribute name="elasticGC enabled" value="1" />
  <attribute name= "numThreadsSpecified" value="0" />
  <attribute name="heapSize specified" value="0" />
  <attribute name="Current GC Util" value="0" />
  <attribute name= "Current Time Running" value="0" />
  <attribute name ="GC Interval" value="0" />
  <attribute name="ProportionalT" value="0.000000" />
  <attribute name="ProportionalI" value="0.000000" />
  <attribute name="ProportionalH" value="0.000000" />
  <attribute name="IntegralT" value="0.000000" />
  <attribute name="IntegralI" value="0.000000" />
  <attribute name="IntegralH" value="0.000000" />
  <attribute name="DerivativeT" value="0.000000" />
  <attribute name="DerivativeI" value="0.000000" />
  <attribute name="DerivativeH" value="0.000000" />
  <attribute name="Target GC Util Change" value ="0.000000" />
  <attribute name="Current GC Util Change" value="0.000000"/>
  <attribute name="Current Error" value="0.000000" />
  <attribute name="Loop Time for DT" value="0.000000" />
  <attribute name="Output H" value="0"/>
  <attribute name="Output I" value="0"/>
  <attribute name="Output T" value="0"/>
  <attribute name="GC Util currently" value="0" />
  <attribute name="CPU Util currently" value="0" />
  <attribute name="maxHeapSize" value="0x7cbc0000" />
  <attribute name="initialHeapSize" value="0x800000" />
  <attribute name="compressedRefs" value="true" />
  <attribute name="compressedRefsDisplacement" value="0x0" />
  <attribute name="compressedRefsShift" value="0x0" />
  <attribute name="pageSize" value="0x1000" />
  <attribute name="pageType" value="not used" />
  <attribute name="requestedPageSize" value="0x1000" />
  <attribute name="requestedPageType" value="not used" />
  <attribute name="gcthreads" value="4" />
  <attribute name="packetListSplit" value="4" />
  <attribute name="cacheListSplit" value="4" />
  <attribute name="splitFreeListSplitAmount" value="1" />
  <attribute name="numaNodes" value="0" />
  <system>
    <attribute name="physicalMemory" value="8370962432" />
    <attribute name="numCPUs" value="4" />
    <attribute name="architecture" value="amd64" />
    <attribute name="os" value="Linux" />
    <attribute name="osVersion" value="4.4.0-148-generic" />
  </system>
  <vmargs>
    <vmarg name="-Xoptionsfile=/vagrant/jdk/lib/options.default" />
    <vmarg name="-Xlockword:mode=default,noLockword=java/lang/String,noLockword=java/util/MapEntry,noLockword=java/util/HashMap$Entry,noLockword..." />
    <vmarg name="-Xjcl:jclse29" />
    <vmarg name="-Dcom.ibm.oti.vm.bootstrap.library.path=/vagrant/jdk/lib/compressedrefs:/vagrant/jdk/lib" />
    <vmarg name="-Dsun.boot.library.path=/vagrant/jdk/lib/compressedrefs:/vagrant/jdk/lib" />
    <vmarg name="-Djava.library.path=/vagrant/jdk/lib/compressedrefs:/vagrant/jdk/lib:/usr/lib64:/usr/lib" />
    <vmarg name="-Djava.home=/vagrant/jdk" />
    <vmarg name="-Duser.dir=/vagrant" />
    <vmarg name="-Xgcpolicy:optthruput" />
    <vmarg name="-Xgcelastic" />
    <vmarg name="-Xcheck:gc:::elasticGC" />
    <vmarg name="-verbose:gc" />
    <vmarg name="-Xloggc:default-OPTTHRUPUT-jdk-1-1-1-verbose9jython.txt" />
    <vmarg name="-Djava.class.path=dacapo-9.12-MR1-bach.jar" />
    <vmarg name="-Dsun.java.command=dacapo-9.12-MR1-bach.jar jython --size=default" />
    <vmarg name="-Dsun.java.launcher=SUN_STANDARD" />
    <vmarg name="-Dsun.java.launcher.pid=21891" />
  </vmargs>
</initialized>

<exclusive-start id="2" timestamp="2019-06-17T06:47:34.640" intervalms="1635.141">
  <response-info timems="0.022" idlems="0.022" threads="0" lastid="0000000000DB2700" lastname="main" />
</exclusive-start>
<af-start id="3" threadId="0000000000DB3088" totalBytesRequested="2056" timestamp="2019-06-17T06:47:34.641" intervalms="1635.372" />
<cycle-start id="4" type="global" contextid="0" timestamp="2019-06-17T06:47:34.641" intervalms="1635.607" />
<gc-start id="5" type="global" contextid="4" timestamp="2019-06-17T06:47:34.641">
  <mem-info id="6" free="418816" total="8388608" percent="4">
    <mem type="tenure" free="418816" total="8388608" percent="4">
      <mem type="soa" free="0" total="7969792" percent="0" />
      <mem type="loa" free="418816" total="418816" percent="100" />
    </mem>
  </mem-info>
</gc-start>
<allocation-stats totalBytes="7881008" >
  <allocated-bytes non-tlh="357688" tlh="7523320" />
  <largest-consumer threadName="main" threadId="0000000000DB2700" bytes="7808536" />
</allocation-stats>
<gc-op id="7" type="mark" timems="2.136" contextid="4" timestamp="2019-06-17T06:47:34.643">
  <trace-info objectcount="17668" scancount="14607" scanbytes="460792" />
  <finalization candidates="14" enqueued="1" />
  <references type="soft" candidates="63" cleared="0" enqueued="0" dynamicThreshold="32" maxThreshold="32" />
  <references type="weak" candidates="544" cleared="401" enqueued="362" />
  <references type="phantom" candidates="105" cleared="44" enqueued="44" />
  <stringconstants candidates="2406" cleared="0"  />
</gc-op>
<gc-op id="8" type="classunload" timems="0.042" contextid="4" timestamp="2019-06-17T06:47:34.643">
  <classunload-info classloadercandidates="5" classloadersunloaded="0" classesunloaded="0" anonymousclassesunloaded="0" quiescems="0.000" setupms="0.042" scanms="0.000" postms="0.000" />
</gc-op>
<gc-op id="9" type="sweep" timems="0.579" contextid="4" timestamp="2019-06-17T06:47:34.644" />
<mem-info id="10" free="7188016" total="8388608" percent="85">
  <mem type="tenure" free="7188016" total="8388608" percent="85" micro-fragmented="175213" macro-fragmented="0">
    <mem type="soa" free="6769200" total="7969792" percent="84" />
    <mem type="loa" free="418816" total="418816" percent="100" />
  </mem>
  <pending-finalizers system="1" default="0" reference="406" classloader="0" />
</mem-info>
<gc-op id="11" type="compact" timems="4.407" contextid="4" timestamp="2019-06-17T06:47:34.649">
  <compact-info movecount="17667" movebytes="963240" reason="compact to aid heap contraction" />
</gc-op>
<heap-resize id="12" type="expand" space="tenure" amount="2084241408" count="1" timems="0.137" reason="satisfy allocation request" timestamp="2019-06-17T06:47:34.649" />
<gc-end id="13" type="global" contextid="4" durationms="8.606" usertimems="8.000" systemtimems="4.000" timestamp="2019-06-17T06:47:34.650" activeThreads="4">
  <mem-info id="14" free="2091601152" total="2092630016" percent="99">
    <mem type="tenure" free="2091601152" total="2092630016" percent="99">
      <mem type="soa" free="1986969856" total="1987998720" percent="99" />
      <mem type="loa" free="104631296" total="104631296" percent="100" />
    </mem>
    <pending-finalizers system="1" default="0" reference="406" classloader="0" />
  </mem-info>
</gc-end>
<cycle-end id="15" type="global" contextid="4" timestamp="2019-06-17T06:47:34.650" />
  <attribute name="elasticGC enabled" value="1" />
  <attribute name= "numThreadsSpecified" value="4" />
  <attribute name="heapSize specified" value="8388608" />
  <attribute name="Current GC Util" value="34" />
  <attribute name= "Current Time Running" value="1530" />
  <attribute name ="GC Interval" value="0" />
  <attribute name="ProportionalT" value="14.000000" />
  <attribute name="ProportionalI" value="14.000000" />
  <attribute name="ProportionalH" value="14.000000" />
  <attribute name="Current Error" value="14.000000" />
  <attribute name="IntegralT" value="-30267.000000" />
  <attribute name="IntegralI" value="-30267.000000" />
  <attribute name="IntegralH" value="-30267.000000" />
  <attribute name="DerivativeT" value="3.500000" />
  <attribute name="DerivativeI" value="3.500000" />
  <attribute name="DerivativeH" value="3.500000" />
  <attribute name="Loop Time for DT" value="4.000000" />
  <attribute name="Output H" value="2092630016"/>
  <attribute name="Output I" value="200"/>
  <attribute name="Output T" value="4"/>
  <attribute name="Target GC Util Change" value ="20.000000" />
  <attribute name="Current GC Util Change" value="34.000000"/>
  <attribute name="GC Util currently" value="34" />
  <attribute name="CPU Util currently" value="34" />
<allocation-satisfied id="16" threadId="0000000000DB2700" bytesRequested="2056" />
<af-end id="17" timestamp="2019-06-17T06:47:34.650" threadId="0000000000DB3088" success="true" />
<exclusive-end id="18" timestamp="2019-06-17T06:47:34.650" durationms="9.653" />

<exclusive-start id="19" timestamp="2019-06-17T06:47:39.467" intervalms="4826.301">
  <response-info timems="0.021" idlems="0.021" threads="0" lastid="0000000000DB2700" lastname="main" />
</exclusive-start>
<sys-start reason="explicit" id="20" timestamp="2019-06-17T06:47:39.467" intervalms="6461.563" />
<cycle-start id="21" type="global" contextid="0" timestamp="2019-06-17T06:47:39.467" intervalms="4826.039" />
<gc-start id="22" type="global" contextid="21" timestamp="2019-06-17T06:47:39.467">
  <mem-info id="23" free="2021470552" total="2092630016" percent="96">
    <mem type="tenure" free="2021470552" total="2092630016" percent="96">
      <mem type="soa" free="1916839256" total="1987998720" percent="96" />
      <mem type="loa" free="104631296" total="104631296" percent="100" />
    </mem>
  </mem-info>
</gc-start>
<allocation-stats totalBytes="70154208" >
  <allocated-bytes non-tlh="3484584" tlh="66669624" />
  <largest-consumer threadName="main" threadId="0000000000DB2700" bytes="70105152" />
</allocation-stats>
<gc-op id="24" type="mark" timems="11.634" contextid="21" timestamp="2019-06-17T06:47:39.479">
  <trace-info objectcount="75475" scancount="63010" scanbytes="2110724" />
  <finalization candidates="81" enqueued="1" />
  <ownableSynchronizers candidates="21" cleared="0" />
  <references type="soft" candidates="1640" cleared="0" enqueued="0" dynamicThreshold="31" maxThreshold="32" />
  <references type="weak" candidates="5223" cleared="734" enqueued="570" />
  <references type="phantom" candidates="115" cleared="15" enqueued="15" />
  <stringconstants candidates="8680" cleared="15"  />
</gc-op>
<gc-op id="25" type="classunload" timems="0.456" contextid="21" timestamp="2019-06-17T06:47:39.479">
  <classunload-info classloadercandidates="17" classloadersunloaded="1" classesunloaded="1" anonymousclassesunloaded="0" quiescems="0.000" setupms="0.445" scanms="0.009" postms="0.002" />
</gc-op>
<gc-op id="26" type="sweep" timems="2.103" contextid="21" timestamp="2019-06-17T06:47:39.482" />
<mem-info id="27" free="2087365208" total="2092630016" percent="99">
  <mem type="tenure" free="2087365208" total="2092630016" percent="99" micro-fragmented="775611" macro-fragmented="0">
    <mem type="soa" free="1982733912" total="1987998720" percent="99" />
    <mem type="loa" free="104631296" total="104631296" percent="100" />
  </mem>
  <pending-finalizers system="1" default="0" reference="585" classloader="0" />
</mem-info>
<gc-op id="28" type="compact" timems="16.168" contextid="21" timestamp="2019-06-17T06:47:39.498">
  <compact-info movecount="74807" movebytes="4256832" reason="compact to aid heap contraction" />
</gc-op>
<gc-end id="29" type="global" contextid="21" durationms="31.651" usertimems="48.000" systemtimems="8.000" timestamp="2019-06-17T06:47:39.499" activeThreads="4">
  <mem-info id="30" free="2088354640" total="2092630016" percent="99">
    <mem type="tenure" free="2088354640" total="2092630016" percent="99">
      <mem type="soa" free="1983723344" total="1987998720" percent="99" />
      <mem type="loa" free="104631296" total="104631296" percent="100" />
    </mem>
    <pending-finalizers system="1" default="0" reference="585" classloader="0" />
  </mem-info>
</gc-end>
<cycle-end id="31" type="global" contextid="21" timestamp="2019-06-17T06:47:39.499" />
  <attribute name="elasticGC enabled" value="1" />
  <attribute name= "numThreadsSpecified" value="4" />
  <attribute name="heapSize specified" value="2092630016" />
  <attribute name="Current GC Util" value="103" />
  <attribute name= "Current Time Running" value="6380" />
  <attribute name ="GC Interval" value="0" />
  <attribute name="ProportionalT" value="83.000000" />
  <attribute name="ProportionalI" value="83.000000" />
  <attribute name="ProportionalH" value="83.000000" />
  <attribute name="Current Error" value="83.000000" />
  <attribute name="IntegralT" value="1328.000000" />
  <attribute name="IntegralI" value="1328.000000" />
  <attribute name="IntegralH" value="1328.000000" />
  <attribute name="DerivativeT" value="1.500000" />
  <attribute name="DerivativeI" value="1.500000" />
  <attribute name="DerivativeH" value="1.500000" />
  <attribute name="Loop Time for DT" value="16.000000" />
  <attribute name="Output H" value="8388608"/>
  <attribute name="Output I" value="1416"/>
  <attribute name="Output T" value="4"/>
  <attribute name="Target GC Util Change" value ="20.000000" />
  <attribute name="Current GC Util Change" value="103.000000"/>
  <attribute name="GC Util currently" value="103" />
  <attribute name="CPU Util currently" value="282403734045" />
<sys-end id="32" timestamp="2019-06-17T06:47:39.499" />
<exclusive-end id="33" timestamp="2019-06-17T06:47:39.499" durationms="32.331" />

<exclusive-start id="34" timestamp="2019-06-17T06:47:48.452" intervalms="8985.258">
  <response-info timems="0.062" idlems="0.062" threads="0" lastid="0000000000DB2700" lastname="main" />
</exclusive-start>
<af-start id="35" threadId="0000000000DB3088" totalBytesRequested="24" timestamp="2019-06-17T06:47:48.452" intervalms="13811.585" />
<cycle-start id="36" type="global" contextid="0" timestamp="2019-06-17T06:47:48.452" intervalms="8985.569" />
<gc-start id="37" type="global" contextid="36" timestamp="2019-06-17T06:47:48.453">
  <mem-info id="38" free="104631296" total="2092630016" percent="4">
    <mem type="tenure" free="104631296" total="2092630016" percent="4">
      <mem type="soa" free="0" total="1987998720" percent="0" />
      <mem type="loa" free="104631296" total="104631296" percent="100" />
    </mem>
  </mem-info>
</gc-start>
<allocation-stats totalBytes="1981940728" >
  <allocated-bytes non-tlh="14478376" tlh="1967462352" />
  <largest-consumer threadName="main" threadId="0000000000DB2700" bytes="1981912848" />
</allocation-stats>
<gc-op id="39" type="mark" timems="14.032" contextid="36" timestamp="2019-06-17T06:47:48.467">
  <trace-info objectcount="609834" scancount="530154" scanbytes="13680944" />
  <finalization candidates="85" enqueued="5" />
  <ownableSynchronizers candidates="21" cleared="0" />
  <references type="soft" candidates="4868" cleared="0" enqueued="0" dynamicThreshold="31" maxThreshold="32" />
  <references type="weak" candidates="5774" cleared="83" enqueued="76" />
  <references type="phantom" candidates="107" cleared="5" enqueued="5" />
  <stringconstants candidates="13839" cleared="18"  />
</gc-op>
<gc-op id="40" type="sweep" timems="3.812" contextid="36" timestamp="2019-06-17T06:47:48.471" />
<mem-info id="41" free="2063002648" total="2092630016" percent="98">
  <mem type="tenure" free="2063002648" total="2092630016" percent="98" micro-fragmented="1754755" macro-fragmented="0">
    <mem type="soa" free="1958371352" total="1987998720" percent="98" />
    <mem type="loa" free="104631296" total="104631296" percent="100" />
  </mem>
  <pending-finalizers system="0" default="5" reference="81" classloader="0" />
</mem-info>
<gc-op id="42" type="compact" timems="44.097" contextid="36" timestamp="2019-06-17T06:47:48.515">
  <compact-info movecount="607944" movebytes="18178456" reason="compact to aid heap contraction" />
</gc-op>
<gc-end id="43" type="global" contextid="36" durationms="63.401" usertimems="224.000" systemtimems="0.000" timestamp="2019-06-17T06:47:48.516" activeThreads="4">
  <mem-info id="44" free="2074221504" total="2092630016" percent="99">
    <mem type="tenure" free="2074221504" total="2092630016" percent="99">
      <mem type="soa" free="1969590208" total="1987998720" percent="99" />
      <mem type="loa" free="104631296" total="104631296" percent="100" />
    </mem>
    <pending-finalizers system="0" default="5" reference="81" classloader="0" />
  </mem-info>
</gc-end>
<cycle-end id="45" type="global" contextid="36" timestamp="2019-06-17T06:47:48.517" />
  <attribute name="elasticGC enabled" value="1" />
  <attribute name= "numThreadsSpecified" value="4" />
  <attribute name="heapSize specified" value="2092630016" />
  <attribute name="Current GC Util" value="188" />
  <attribute name= "Current Time Running" value="15397" />
  <attribute name ="GC Interval" value="0" />
  <attribute name="ProportionalT" value="168.000000" />
  <attribute name="ProportionalI" value="168.000000" />
  <attribute name="ProportionalH" value="168.000000" />
  <attribute name="Current Error" value="168.000000" />
  <attribute name="IntegralT" value="7392.000000" />
  <attribute name="IntegralI" value="7392.000000" />
  <attribute name="IntegralH" value="7392.000000" />
  <attribute name="DerivativeT" value="0.227273" />
  <attribute name="DerivativeI" value="0.227273" />
  <attribute name="DerivativeH" value="0.227273" />
  <attribute name="Loop Time for DT" value="44.000000" />
  <attribute name="Output H" value="8388608"/>
  <attribute name="Output I" value="4000"/>
  <attribute name="Output T" value="4"/>
  <attribute name="Target GC Util Change" value ="20.000000" />
  <attribute name="Current GC Util Change" value="188.000000"/>
  <attribute name="GC Util currently" value="188" />
  <attribute name="CPU Util currently" value="104111685064" />
<allocation-satisfied id="46" threadId="0000000000DB2700" bytesRequested="24" />
<af-end id="47" timestamp="2019-06-17T06:47:48.517" threadId="0000000000DB3088" success="true" />
<exclusive-end id="48" timestamp="2019-06-17T06:47:48.518" durationms="65.668" />

</verbosegc>

