<?xml version="1.0" ?>

<verbosegc xmlns="http://www.ibm.com/j9/verbosegc" version="10b4217_CMPRSS">

<initialized id="1" timestamp="2019-06-14T20:05:47.105">
  <attribute name="gcPolicy" value="-Xgcpolicy:gencon" />
  <attribute name="elasticGC enabled" value="1" />
  <attribute name= "numThreadsSpecified" value="0" />
  <attribute name="heapSize specified" value="0" />
  <attribute name="Current GC Util" value="0" />
  <attribute name= "Current Time Running" value="0" />
  <attribute name ="GC Interval" value="0" />
  <attribute name="ProportionalT" value="0.000000" />
  <attribute name="ProportionalI" value="0.000000" />
  <attribute name="ProportionalH" value="0.000000" />
  <attribute name="IntegralT" value="0.000000" />
  <attribute name="IntegralI" value="0.000000" />
  <attribute name="IntegralH" value="0.000000" />
  <attribute name="DerivativeT" value="0.000000" />
  <attribute name="DerivativeI" value="0.000000" />
  <attribute name="DerivativeH" value="0.000000" />
  <attribute name="Target GC Util Change" value ="0.000000" />
  <attribute name="Current GC Util Change" value="0.000000"/>
  <attribute name="Current Error" value="0.000000" />
  <attribute name="Loop Time for DT" value="0.000000" />
  <attribute name="Output H" value="0"/>
  <attribute name="Output I" value="0"/>
  <attribute name="Output T" value="0"/>
  <attribute name="GC Util currently" value="0" />
  <attribute name="CPU Util currently" value="0" />
  <attribute name="maxHeapSize" value="0x7cbc0000" />
  <attribute name="initialHeapSize" value="0x800000" />
  <attribute name="compressedRefs" value="true" />
  <attribute name="compressedRefsDisplacement" value="0x0" />
  <attribute name="compressedRefsShift" value="0x0" />
  <attribute name="pageSize" value="0x1000" />
  <attribute name="pageType" value="not used" />
  <attribute name="requestedPageSize" value="0x1000" />
  <attribute name="requestedPageType" value="not used" />
  <attribute name="gcthreads" value="4" />
  <attribute name="gcthreads Concurrent Mark" value="1" />
  <attribute name="packetListSplit" value="4" />
  <attribute name="cacheListSplit" value="4" />
  <attribute name="splitFreeListSplitAmount" value="1" />
  <attribute name="numaNodes" value="0" />
  <system>
    <attribute name="physicalMemory" value="8370962432" />
    <attribute name="numCPUs" value="4" />
    <attribute name="architecture" value="amd64" />
    <attribute name="os" value="Linux" />
    <attribute name="osVersion" value="4.4.0-148-generic" />
  </system>
  <vmargs>
    <vmarg name="-Xoptionsfile=/vagrant/jdk/lib/options.default" />
    <vmarg name="-Xlockword:mode=default,noLockword=java/lang/String,noLockword=java/util/MapEntry,noLockword=java/util/HashMap$Entry,noLockword..." />
    <vmarg name="-Xjcl:jclse29" />
    <vmarg name="-Dcom.ibm.oti.vm.bootstrap.library.path=/vagrant/jdk/lib/compressedrefs:/vagrant/jdk/lib" />
    <vmarg name="-Dsun.boot.library.path=/vagrant/jdk/lib/compressedrefs:/vagrant/jdk/lib" />
    <vmarg name="-Djava.library.path=/vagrant/jdk/lib/compressedrefs:/vagrant/jdk/lib:/usr/lib64:/usr/lib" />
    <vmarg name="-Djava.home=/vagrant/jdk" />
    <vmarg name="-Duser.dir=/vagrant" />
    <vmarg name="-verbose:gc" />
    <vmarg name="-Xgcelastic" />
    <vmarg name="-Xcheck:gc:::elasticGC" />
    <vmarg name="-Xloggc:large-jdk0.5-1-0.5-verbose16pmd.txt" />
    <vmarg name="-Djava.class.path=dacapo-9.12-MR1-bach.jar" />
    <vmarg name="-Dsun.java.command=dacapo-9.12-MR1-bach.jar pmd --size=large" />
    <vmarg name="-Dsun.java.launcher=SUN_STANDARD" />
    <vmarg name="-Dsun.java.launcher.pid=19253" />
  </vmargs>
</initialized>

<exclusive-start id="2" timestamp="2019-06-14T20:05:47.303" intervalms="197.307">
  <response-info timems="0.021" idlems="0.021" threads="0" lastid="00000000014C6700" lastname="main" />
</exclusive-start>
<af-start id="3" threadId="00000000014C7088" totalBytesRequested="7176" timestamp="2019-06-14T20:05:47.303" intervalms="197.649" type="nursery" />
<cycle-start id="4" type="scavenge" contextid="0" timestamp="2019-06-14T20:05:47.303" intervalms="198.137" />
<gc-start id="5" type="scavenge" contextid="4" timestamp="2019-06-14T20:05:47.309">
  <mem-info id="6" free="6062624" total="8388608" percent="72">
    <mem type="nursery" free="0" total="2097152" percent="0">
      <mem type="allocate" free="0" total="1048576" percent="0" />
      <mem type="survivor" free="0" total="1048576" percent="0" />
    </mem>
    <mem type="tenure" free="6062624" total="6291456" percent="96">
      <mem type="soa" free="5748256" total="5977088" percent="96" />
      <mem type="loa" free="314368" total="314368" percent="100" />
    </mem>
    <remembered-set count="3161" />
  </mem-info>
</gc-start>
<allocation-stats totalBytes="1275512" >
  <allocated-bytes non-tlh="344784" tlh="930728" />
  <largest-consumer threadName="main" threadId="00000000014C6700" bytes="1198952" />
</allocation-stats>
<gc-op id="7" type="scavenge" timems="1.679" contextid="4" timestamp="2019-06-14T20:05:47.311">
  <scavenger-info tenureage="2" tenuremask="fffc" tiltratio="50" />
  <memory-copied type="nursery" objects="10578" bytes="479592" bytesdiscarded="199160" />
  <finalization candidates="11" enqueued="0" />
  <references type="soft" candidates="62" cleared="0" enqueued="0" dynamicThreshold="32" maxThreshold="32" />
  <references type="weak" candidates="309" cleared="177" enqueued="141" />
  <references type="phantom" candidates="25" cleared="6" enqueued="6" />
</gc-op>
<gc-end id="8" type="scavenge" contextid="4" durationms="5.204" usertimems="4.000" systemtimems="4.000" timestamp="2019-06-14T20:05:47.314" activeThreads="4">
  <mem-info id="9" free="6430352" total="8388608" percent="76">
    <mem type="nursery" free="367728" total="2097152" percent="17">
      <mem type="allocate" free="367728" total="1048576" percent="35" />
      <mem type="survivor" free="0" total="1048576" percent="0" />
    </mem>
    <mem type="tenure" free="6062624" total="6291456" percent="96">
      <mem type="soa" free="5748256" total="5977088" percent="96" />
      <mem type="loa" free="314368" total="314368" percent="100" />
    </mem>
    <pending-finalizers system="0" default="0" reference="147" classloader="0" />
    <remembered-set count="3161" />
  </mem-info>
</gc-end>
<cycle-end id="10" type="scavenge" contextid="4" timestamp="2019-06-14T20:05:47.314" />
  <attribute name="elasticGC enabled" value="1" />
  <attribute name= "numThreadsSpecified" value="0" />
  <attribute name="heapSize specified" value="0" />
  <attribute name="Current GC Util" value="0" />
  <attribute name= "Current Time Running" value="78" />
  <attribute name ="GC Interval" value="1" />
  <attribute name="ProportionalT" value="0.000000" />
  <attribute name="ProportionalI" value="0.000000" />
  <attribute name="ProportionalH" value="0.000000" />
  <attribute name="Current Error" value="0.000000" />
  <attribute name="IntegralT" value="0.000000" />
  <attribute name="IntegralI" value="0.000000" />
  <attribute name="IntegralH" value="0.000000" />
  <attribute name="DerivativeT" value="0.000000" />
  <attribute name="DerivativeI" value="0.000000" />
  <attribute name="DerivativeH" value="0.000000" />
  <attribute name="Loop Time for DT" value="0.000000" />
  <attribute name="Output H" value="0"/>
  <attribute name="Output I" value="0"/>
  <attribute name="Output T" value="0"/>
  <attribute name="Target GC Util Change" value ="20.000000" />
  <attribute name="Current GC Util Change" value="0.000000"/>
  <attribute name="GC Util currently" value="0" />
  <attribute name="CPU Util currently" value="22" />
<allocation-satisfied id="11" threadId="00000000014C6700" bytesRequested="7176" />
<af-end id="12" timestamp="2019-06-14T20:05:47.314" threadId="00000000014C7088" success="true" from="nursery"/>
<exclusive-end id="13" timestamp="2019-06-14T20:05:47.314" durationms="11.906" />

<exclusive-start id="14" timestamp="2019-06-14T20:05:47.330" intervalms="27.127">
  <response-info timems="0.033" idlems="0.033" threads="0" lastid="00000000014C6700" lastname="main" />
</exclusive-start>
<af-start id="15" threadId="00000000014C7088" totalBytesRequested="56" timestamp="2019-06-14T20:05:47.330" intervalms="26.867" type="nursery" />
<cycle-start id="16" type="scavenge" contextid="0" timestamp="2019-06-14T20:05:47.330" intervalms="26.454" />
<gc-start id="17" type="scavenge" contextid="16" timestamp="2019-06-14T20:05:47.334">
  <mem-info id="18" free="6054976" total="8388608" percent="72">
    <mem type="nursery" free="0" total="2097152" percent="0">
      <mem type="allocate" free="0" total="1048576" percent="0" />
      <mem type="survivor" free="0" total="1048576" percent="0" />
    </mem>
    <mem type="tenure" free="6054976" total="6291456" percent="96">
      <mem type="soa" free="5740608" total="5977088" percent="96" />
      <mem type="loa" free="314368" total="314368" percent="100" />
    </mem>
    <remembered-set count="3261" />
  </mem-info>
</gc-start>
<allocation-stats totalBytes="374224" >
  <allocated-bytes non-tlh="14824" tlh="359400" />
  <largest-consumer threadName="main" threadId="00000000014C6700" bytes="362248" />
</allocation-stats>
<gc-op id="19" type="scavenge" timems="0.765" contextid="16" timestamp="2019-06-14T20:05:47.335">
  <scavenger-info tenureage="5" tenuremask="7fe0" tiltratio="50" />
  <memory-copied type="nursery" objects="10880" bytes="483968" bytesdiscarded="163952" />
  <finalization candidates="11" enqueued="0" />
  <references type="soft" candidates="62" cleared="0" enqueued="0" dynamicThreshold="32" maxThreshold="32" />
  <references type="weak" candidates="235" cleared="91" enqueued="88" />
  <references type="phantom" candidates="35" cleared="11" enqueued="11" />
</gc-op>
<gc-end id="20" type="scavenge" contextid="16" durationms="1.179" usertimems="0.000" systemtimems="4.000" timestamp="2019-06-14T20:05:47.335" activeThreads="4">
  <mem-info id="21" free="6454176" total="8388608" percent="76">
    <mem type="nursery" free="399200" total="2097152" percent="19">
      <mem type="allocate" free="399200" total="1048576" percent="38" />
      <mem type="survivor" free="0" total="1048576" percent="0" />
    </mem>
    <mem type="tenure" free="6054976" total="6291456" percent="96">
      <mem type="soa" free="5740608" total="5977088" percent="96" />
      <mem type="loa" free="314368" total="314368" percent="100" />
    </mem>
    <pending-finalizers system="0" default="0" reference="99" classloader="0" />
    <remembered-set count="3261" />
  </mem-info>
</gc-end>
<cycle-end id="22" type="scavenge" contextid="16" timestamp="2019-06-14T20:05:47.335" />
  <attribute name="elasticGC enabled" value="1" />
  <attribute name= "numThreadsSpecified" value="4" />
  <attribute name="heapSize specified" value="0" />
  <attribute name="Current GC Util" value="43" />
  <attribute name= "Current Time Running" value="103" />
  <attribute name ="GC Interval" value="592" />
  <attribute name="ProportionalT" value="11.500000" />
  <attribute name="ProportionalI" value="11.500000" />
  <attribute name="ProportionalH" value="11.500000" />
  <attribute name="Current Error" value="23.000000" />
  <attribute name="IntegralT" value="575.000000" />
  <attribute name="IntegralI" value="575.000000" />
  <attribute name="IntegralH" value="575.000000" />
  <attribute name="DerivativeT" value="0.460000" />
  <attribute name="DerivativeI" value="0.460000" />
  <attribute name="DerivativeH" value="0.460000" />
  <attribute name="Loop Time for DT" value="25.000000" />
  <attribute name="Output H" value="8388608"/>
  <attribute name="Output I" value="592"/>
  <attribute name="Output T" value="4"/>
  <attribute name="Target GC Util Change" value ="20.000000" />
  <attribute name="Current GC Util Change" value="43.000000"/>
  <attribute name="GC Util currently" value="43" />
  <attribute name="CPU Util currently" value="9" />
<allocation-satisfied id="23" threadId="00000000014C6700" bytesRequested="56" />
<af-end id="24" timestamp="2019-06-14T20:05:47.335" threadId="00000000014C7088" success="true" from="nursery"/>
<exclusive-end id="25" timestamp="2019-06-14T20:05:47.335" durationms="5.315" />

<exclusive-start id="26" timestamp="2019-06-14T20:05:47.349" intervalms="19.747">
  <response-info timems="0.068" idlems="0.068" threads="0" lastid="00000000014C6700" lastname="main" />
</exclusive-start>
<af-start id="27" threadId="00000000014C7088" totalBytesRequested="8184" timestamp="2019-06-14T20:05:47.349" intervalms="19.807" type="nursery" />
<cycle-start id="28" type="scavenge" contextid="0" timestamp="2019-06-14T20:05:47.350" intervalms="19.862" />
<gc-start id="29" type="scavenge" contextid="28" timestamp="2019-06-14T20:05:47.350">
  <mem-info id="30" free="6052896" total="8388608" percent="72">
    <mem type="nursery" free="0" total="2097152" percent="0">
      <mem type="allocate" free="0" total="1048576" percent="0" />
      <mem type="survivor" free="0" total="1048576" percent="0" />
    </mem>
    <mem type="tenure" free="6052896" total="6291456" percent="96">
      <mem type="soa" free="5738528" total="5977088" percent="96" />
      <mem type="loa" free="314368" total="314368" percent="100" />
    </mem>
    <remembered-set count="3286" />
  </mem-info>
</gc-start>
<allocation-stats totalBytes="388696" >
  <allocated-bytes non-tlh="2136" tlh="386560" />
  <largest-consumer threadName="main" threadId="00000000014C6700" bytes="380504" />
</allocation-stats>
<gc-op id="31" type="scavenge" timems="0.812" contextid="28" timestamp="2019-06-14T20:05:47.351">
  <scavenger-info tenureage="4" tenuremask="7ff0" tiltratio="50" />
  <memory-copied type="nursery" objects="10918" bytes="506416" bytesdiscarded="184720" />
  <finalization candidates="11" enqueued="0" />
  <references type="soft" candidates="62" cleared="0" enqueued="0" dynamicThreshold="32" maxThreshold="32" />
  <references type="weak" candidates="223" cleared="75" enqueued="75" />
  <references type="phantom" candidates="37" cleared="10" enqueued="10" />
</gc-op>
<gc-end id="32" type="scavenge" contextid="28" durationms="1.159" usertimems="0.000" systemtimems="0.000" timestamp="2019-06-14T20:05:47.351" activeThreads="4">
  <mem-info id="33" free="6408872" total="8388608" percent="76">
    <mem type="nursery" free="355976" total="2097152" percent="16">
      <mem type="allocate" free="355976" total="1048576" percent="33" />
      <mem type="survivor" free="0" total="1048576" percent="0" />
    </mem>
    <mem type="tenure" free="6052896" total="6291456" percent="96">
      <mem type="soa" free="5738528" total="5977088" percent="96" />
      <mem type="loa" free="314368" total="314368" percent="100" />
    </mem>
    <pending-finalizers system="0" default="0" reference="85" classloader="0" />
    <remembered-set count="1016" />
  </mem-info>
</gc-end>
<cycle-end id="34" type="scavenge" contextid="28" timestamp="2019-06-14T20:05:47.351" />
  <attribute name="elasticGC enabled" value="1" />
  <attribute name= "numThreadsSpecified" value="4" />
  <attribute name="heapSize specified" value="0" />
  <attribute name="Current GC Util" value="31" />
  <attribute name= "Current Time Running" value="119" />
  <attribute name ="GC Interval" value="760" />
  <attribute name="ProportionalT" value="5.500000" />
  <attribute name="ProportionalI" value="5.500000" />
  <attribute name="ProportionalH" value="5.500000" />
  <attribute name="Current Error" value="11.000000" />
  <attribute name="IntegralT" value="751.000000" />
  <attribute name="IntegralI" value="751.000000" />
  <attribute name="IntegralH" value="751.000000" />
  <attribute name="DerivativeT" value="-0.375000" />
  <attribute name="DerivativeI" value="-0.375000" />
  <attribute name="DerivativeH" value="-0.375000" />
  <attribute name="Loop Time for DT" value="16.000000" />
  <attribute name="Output H" value="8388608"/>
  <attribute name="Output I" value="760"/>
  <attribute name="Output T" value="4"/>
  <attribute name="Target GC Util Change" value ="20.000000" />
  <attribute name="Current GC Util Change" value="31.000000"/>
  <attribute name="GC Util currently" value="31" />
  <attribute name="CPU Util currently" value="6" />
<allocation-satisfied id="35" threadId="00000000014C6700" bytesRequested="8184" />
<af-end id="36" timestamp="2019-06-14T20:05:47.351" threadId="00000000014C7088" success="true" from="nursery"/>
<exclusive-end id="37" timestamp="2019-06-14T20:05:47.351" durationms="1.943" />

<exclusive-start id="38" timestamp="2019-06-14T20:05:47.364" intervalms="14.516">
  <response-info timems="0.026" idlems="0.026" threads="0" lastid="00000000014C6700" lastname="main" />
</exclusive-start>
<af-start id="39" threadId="00000000014C7088" totalBytesRequested="64" timestamp="2019-06-14T20:05:47.364" intervalms="14.446" type="nursery" />
<cycle-start id="40" type="scavenge" contextid="0" timestamp="2019-06-14T20:05:47.364" intervalms="14.377" />
<gc-start id="41" type="scavenge" contextid="40" timestamp="2019-06-14T20:05:47.364">
  <mem-info id="42" free="6048488" total="8388608" percent="72">
    <mem type="nursery" free="0" total="2097152" percent="0">
      <mem type="allocate" free="0" total="1048576" percent="0" />
      <mem type="survivor" free="0" total="1048576" percent="0" />
    </mem>
    <mem type="tenure" free="6048488" total="6291456" percent="96">
      <mem type="soa" free="5734120" total="5977088" percent="95" />
      <mem type="loa" free="314368" total="314368" percent="100" />
    </mem>
    <remembered-set count="1091" />
  </mem-info>
</gc-start>
<allocation-stats totalBytes="359344" >
  <allocated-bytes non-tlh="12592" tlh="346752" />
  <largest-consumer threadName="main" threadId="00000000014C6700" bytes="359344" />
</allocation-stats>
<gc-op id="43" type="scavenge" timems="0.946" contextid="40" timestamp="2019-06-14T20:05:47.365">
  <scavenger-info tenureage="3" tenuremask="fff8" tiltratio="50" />
  <memory-copied type="nursery" objects="770" bytes="82024" bytesdiscarded="66144" />
  <memory-copied type="tenure" objects="10290" bytes="460032" bytesdiscarded="120" />
  <finalization candidates="13" enqueued="0" />
  <references type="soft" candidates="1" cleared="0" enqueued="0" dynamicThreshold="32" maxThreshold="32" />
  <references type="weak" candidates="62" cleared="47" enqueued="47" />
  <references type="phantom" candidates="16" cleared="8" enqueued="8" />
</gc-op>
<heap-resize id="44" type="expand" space="nursery" amount="131072" count="1" timems="0.060" reason="excessive time being spent scavenging" timestamp="2019-06-14T20:05:47.365" />
<gc-end id="45" type="scavenge" contextid="40" durationms="1.342" usertimems="0.000" systemtimems="0.000" timestamp="2019-06-14T20:05:47.365" activeThreads="4">
  <mem-info id="46" free="6479432" total="8519680" percent="76">
    <mem type="nursery" free="965888" total="2228224" percent="43">
      <mem type="allocate" free="965888" total="1114112" percent="86" />
      <mem type="survivor" free="0" total="1114112" percent="0" />
    </mem>
    <mem type="tenure" free="5513544" total="6291456" percent="87">
      <mem type="soa" free="5199176" total="5977088" percent="86" />
      <mem type="loa" free="314368" total="314368" percent="100" />
    </mem>
    <pending-finalizers system="0" default="0" reference="55" classloader="0" />
    <remembered-set count="210" />
  </mem-info>
</gc-end>
<cycle-end id="47" type="scavenge" contextid="40" timestamp="2019-06-14T20:05:47.365" />
  <attribute name="elasticGC enabled" value="1" />
  <attribute name= "numThreadsSpecified" value="4" />
  <attribute name="heapSize specified" value="0" />
  <attribute name="Current GC Util" value="11" />
  <attribute name= "Current Time Running" value="133" />
  <attribute name ="GC Interval" value="624" />
  <attribute name="ProportionalT" value="-4.500000" />
  <attribute name="ProportionalI" value="-4.500000" />
  <attribute name="ProportionalH" value="-4.500000" />
  <attribute name="Current Error" value="-9.000000" />
  <attribute name="IntegralT" value="625.000000" />
  <attribute name="IntegralI" value="625.000000" />
  <attribute name="IntegralH" value="625.000000" />
  <attribute name="DerivativeT" value="-0.714286" />
  <attribute name="DerivativeI" value="-0.714286" />
  <attribute name="DerivativeH" value="-0.714286" />
  <attribute name="Loop Time for DT" value="14.000000" />
  <attribute name="Output H" value="8388608"/>
  <attribute name="Output I" value="624"/>
  <attribute name="Output T" value="4"/>
  <attribute name="Target GC Util Change" value ="20.000000" />
  <attribute name="Current GC Util Change" value="11.000000"/>
  <attribute name="GC Util currently" value="11" />
  <attribute name="CPU Util currently" value="21" />
<allocation-satisfied id="48" threadId="00000000014C6700" bytesRequested="64" />
<af-end id="49" timestamp="2019-06-14T20:05:47.366" threadId="00000000014C7088" success="true" from="nursery"/>
<exclusive-end id="50" timestamp="2019-06-14T20:05:47.366" durationms="1.757" />

<exclusive-start id="51" timestamp="2019-06-14T20:05:47.570" intervalms="206.091">
  <response-info timems="0.024" idlems="0.024" threads="0" lastid="00000000014C6700" lastname="main" />
</exclusive-start>
<af-start id="52" threadId="00000000014C7088" totalBytesRequested="2056" timestamp="2019-06-14T20:05:47.570" intervalms="206.108" type="nursery" />
<cycle-start id="53" type="scavenge" contextid="0" timestamp="2019-06-14T20:05:47.570" intervalms="206.106" />
<gc-start id="54" type="scavenge" contextid="53" timestamp="2019-06-14T20:05:47.570">
  <mem-info id="55" free="5512624" total="8519680" percent="64">
    <mem type="nursery" free="0" total="2228224" percent="0">
      <mem type="allocate" free="0" total="1114112" percent="0" />
      <mem type="survivor" free="0" total="1114112" percent="0" />
    </mem>
    <mem type="tenure" free="5512624" total="6291456" percent="87">
      <mem type="soa" free="5198256" total="5977088" percent="86" />
      <mem type="loa" free="314368" total="314368" percent="100" />
    </mem>
    <remembered-set count="231" />
  </mem-info>
</gc-start>
<allocation-stats totalBytes="960736" >
  <allocated-bytes non-tlh="44032" tlh="916704" />
  <largest-consumer threadName="main" threadId="00000000014C6700" bytes="960736" />
</allocation-stats>
<gc-op id="56" type="scavenge" timems="0.475" contextid="53" timestamp="2019-06-14T20:05:47.571">
  <scavenger-info tenureage="3" tenuremask="fff8" tiltratio="50" />
  <memory-copied type="nursery" objects="501" bytes="172072" bytesdiscarded="99272" />
  <memory-copied type="tenure" objects="298" bytes="14968" bytesdiscarded="0" />
  <finalization candidates="3" enqueued="1" />
  <references type="soft" candidates="1" cleared="0" enqueued="0" dynamicThreshold="32" maxThreshold="32" />
  <references type="weak" candidates="12" cleared="10" enqueued="10" />
  <references type="phantom" candidates="11" cleared="6" enqueued="6" />
</gc-op>
<gc-end id="57" type="scavenge" contextid="53" durationms="0.650" usertimems="0.000" systemtimems="0.000" timestamp="2019-06-14T20:05:47.571" activeThreads="4">
  <mem-info id="58" free="6316144" total="8519680" percent="74">
    <mem type="nursery" free="842688" total="2228224" percent="37">
      <mem type="allocate" free="842688" total="1114112" percent="75" />
      <mem type="survivor" free="0" total="1114112" percent="0" />
    </mem>
    <mem type="tenure" free="5473456" total="6291456" percent="86">
      <mem type="soa" free="5159088" total="5977088" percent="86" />
      <mem type="loa" free="314368" total="314368" percent="100" />
    </mem>
    <pending-finalizers system="1" default="0" reference="16" classloader="0" />
    <remembered-set count="186" />
  </mem-info>
</gc-end>
<cycle-end id="59" type="scavenge" contextid="53" timestamp="2019-06-14T20:05:47.571" />
  <attribute name="elasticGC enabled" value="1" />
  <attribute name= "numThreadsSpecified" value="4" />
  <attribute name="heapSize specified" value="0" />
  <attribute name="Current GC Util" value="0" />
  <attribute name= "Current Time Running" value="340" />
  <attribute name ="GC Interval" value="200" />
  <attribute name="ProportionalT" value="-10.000000" />
  <attribute name="ProportionalI" value="-10.000000" />
  <attribute name="ProportionalH" value="-10.000000" />
  <attribute name="Current Error" value="-20.000000" />
  <attribute name="IntegralT" value="-3515.000000" />
  <attribute name="IntegralI" value="-3515.000000" />
  <attribute name="IntegralH" value="-3515.000000" />
  <attribute name="DerivativeT" value="-0.048309" />
  <attribute name="DerivativeI" value="-0.048309" />
  <attribute name="DerivativeH" value="-0.048309" />
  <attribute name="Loop Time for DT" value="207.000000" />
  <attribute name="Output H" value="2092630016"/>
  <attribute name="Output I" value="200"/>
  <attribute name="Output T" value="4"/>
  <attribute name="Target GC Util Change" value ="20.000000" />
  <attribute name="Current GC Util Change" value="0.000000"/>
  <attribute name="GC Util currently" value="0" />
  <attribute name="CPU Util currently" value="9" />
<allocation-satisfied id="60" threadId="00000000014C6700" bytesRequested="2056" />
<af-end id="61" timestamp="2019-06-14T20:05:47.571" threadId="00000000014C7088" success="true" from="nursery"/>
<exclusive-end id="62" timestamp="2019-06-14T20:05:47.571" durationms="1.132" />

<exclusive-start id="63" timestamp="2019-06-14T20:05:47.677" intervalms="107.337">
  <response-info timems="0.026" idlems="0.026" threads="0" lastid="00000000014C6700" lastname="main" />
</exclusive-start>
<af-start id="64" threadId="00000000014C7088" totalBytesRequested="2056" timestamp="2019-06-14T20:05:47.677" intervalms="107.318" type="nursery" />
<cycle-start id="65" type="scavenge" contextid="0" timestamp="2019-06-14T20:05:47.677" intervalms="107.318" />
<gc-start id="66" type="scavenge" contextid="65" timestamp="2019-06-14T20:05:47.677">
  <mem-info id="67" free="5473456" total="8519680" percent="64">
    <mem type="nursery" free="0" total="2228224" percent="0">
      <mem type="allocate" free="0" total="1114112" percent="0" />
      <mem type="survivor" free="0" total="1114112" percent="0" />
    </mem>
    <mem type="tenure" free="5473456" total="6291456" percent="86">
      <mem type="soa" free="5159088" total="5977088" percent="86" />
      <mem type="loa" free="314368" total="314368" percent="100" />
    </mem>
    <remembered-set count="188" />
  </mem-info>
</gc-start>
<allocation-stats totalBytes="836544" >
  <allocated-bytes non-tlh="2056" tlh="834488" />
  <largest-consumer threadName="main" threadId="00000000014C6700" bytes="836544" />
</allocation-stats>
<gc-op id="68" type="scavenge" timems="0.257" contextid="65" timestamp="2019-06-14T20:05:47.678">
  <scavenger-info tenureage="4" tenuremask="fff0" tiltratio="50" />
  <memory-copied type="nursery" objects="461" bytes="86792" bytesdiscarded="85944" />
  <finalization candidates="2" enqueued="0" />
  <references type="soft" candidates="1" cleared="0" enqueued="0" dynamicThreshold="32" maxThreshold="32" />
  <references type="weak" candidates="2" cleared="0" enqueued="0" />
  <references type="phantom" candidates="5" cleared="0" enqueued="0" />
</gc-op>
<gc-end id="69" type="scavenge" contextid="65" durationms="0.472" usertimems="0.000" systemtimems="0.000" timestamp="2019-06-14T20:05:47.678" activeThreads="4">
  <mem-info id="70" free="6545824" total="8519680" percent="76">
    <mem type="nursery" free="1072368" total="2228224" percent="48">
      <mem type="allocate" free="1072368" total="1245184" percent="86" />
      <mem type="survivor" free="0" total="983040" percent="0" />
    </mem>
    <mem type="tenure" free="5473456" total="6291456" percent="86">
      <mem type="soa" free="5159088" total="5977088" percent="86" />
      <mem type="loa" free="314368" total="314368" percent="100" />
    </mem>
    <remembered-set count="106" />
  </mem-info>
</gc-end>
<cycle-end id="71" type="scavenge" contextid="65" timestamp="2019-06-14T20:05:47.678" />
  <attribute name="elasticGC enabled" value="1" />
  <attribute name= "numThreadsSpecified" value="4" />
  <attribute name="heapSize specified" value="0" />
  <attribute name="Current GC Util" value="0" />
  <attribute name= "Current Time Running" value="447" />
  <attribute name ="GC Interval" value="200" />
  <attribute name="ProportionalT" value="-10.000000" />
  <attribute name="ProportionalI" value="-10.000000" />
  <attribute name="ProportionalH" value="-10.000000" />
  <attribute name="Current Error" value="-20.000000" />
  <attribute name="IntegralT" value="-5655.000000" />
  <attribute name="IntegralI" value="-5655.000000" />
  <attribute name="IntegralH" value="-5655.000000" />
  <attribute name="DerivativeT" value="-0.093458" />
  <attribute name="DerivativeI" value="-0.093458" />
  <attribute name="DerivativeH" value="-0.093458" />
  <attribute name="Loop Time for DT" value="107.000000" />
  <attribute name="Output H" value="2092630016"/>
  <attribute name="Output I" value="200"/>
  <attribute name="Output T" value="4"/>
  <attribute name="Target GC Util Change" value ="20.000000" />
  <attribute name="Current GC Util Change" value="0.000000"/>
  <attribute name="GC Util currently" value="0" />
  <attribute name="CPU Util currently" value="4" />
<allocation-satisfied id="72" threadId="00000000014C6700" bytesRequested="2056" />
<af-end id="73" timestamp="2019-06-14T20:05:47.678" threadId="00000000014C7088" success="true" from="nursery"/>
<exclusive-end id="74" timestamp="2019-06-14T20:05:47.678" durationms="0.887" />

<exclusive-start id="75" timestamp="2019-06-14T20:05:47.805" intervalms="127.350">
  <response-info timems="0.030" idlems="0.030" threads="0" lastid="00000000014C6700" lastname="main" />
</exclusive-start>
<af-start id="76" threadId="00000000014C7088" totalBytesRequested="2056" timestamp="2019-06-14T20:05:47.805" intervalms="127.355" type="nursery" />
<cycle-start id="77" type="scavenge" contextid="0" timestamp="2019-06-14T20:05:47.805" intervalms="127.356" />
<gc-start id="78" type="scavenge" contextid="77" timestamp="2019-06-14T20:05:47.805">
  <mem-info id="79" free="5473456" total="8519680" percent="64">
    <mem type="nursery" free="0" total="2228224" percent="0">
      <mem type="allocate" free="0" total="1245184" percent="0" />
      <mem type="survivor" free="0" total="983040" percent="0" />
    </mem>
    <mem type="tenure" free="5473456" total="6291456" percent="86">
      <mem type="soa" free="5159088" total="5977088" percent="86" />
      <mem type="loa" free="314368" total="314368" percent="100" />
    </mem>
    <remembered-set count="106" />
  </mem-info>
</gc-start>
<allocation-stats totalBytes="1065936" >
  <allocated-bytes non-tlh="4112" tlh="1061824" />
  <largest-consumer threadName="main" threadId="00000000014C6700" bytes="1065936" />
</allocation-stats>
<gc-op id="80" type="scavenge" timems="0.302" contextid="77" timestamp="2019-06-14T20:05:47.805">
  <scavenger-info tenureage="3" tenuremask="fff8" tiltratio="55" />
  <memory-copied type="nursery" objects="131" bytes="24336" bytesdiscarded="53968" />
  <memory-copied type="tenure" objects="330" bytes="62504" bytesdiscarded="0" />
  <finalization candidates="2" enqueued="0" />
  <references type="weak" candidates="1" cleared="0" enqueued="0" />
  <references type="phantom" candidates="3" cleared="0" enqueued="0" />
</gc-op>
<gc-end id="81" type="scavenge" contextid="77" durationms="0.476" usertimems="4.000" systemtimems="0.000" timestamp="2019-06-14T20:05:47.805" activeThreads="4">
  <mem-info id="82" free="6748560" total="8519680" percent="79">
    <mem type="nursery" free="1363456" total="2228224" percent="61">
      <mem type="allocate" free="1363456" total="1441792" percent="94" />
      <mem type="survivor" free="0" total="786432" percent="0" />
    </mem>
    <mem type="tenure" free="5385104" total="6291456" percent="85">
      <mem type="soa" free="5070736" total="5977088" percent="84" />
      <mem type="loa" free="314368" total="314368" percent="100" />
    </mem>
    <remembered-set count="76" />
  </mem-info>
</gc-end>
<cycle-end id="83" type="scavenge" contextid="77" timestamp="2019-06-14T20:05:47.805" />
  <attribute name="elasticGC enabled" value="1" />
  <attribute name= "numThreadsSpecified" value="4" />
  <attribute name="heapSize specified" value="0" />
  <attribute name="Current GC Util" value="0" />
  <attribute name= "Current Time Running" value="574" />
  <attribute name ="GC Interval" value="200" />
  <attribute name="ProportionalT" value="-10.000000" />
  <attribute name="ProportionalI" value="-10.000000" />
  <attribute name="ProportionalH" value="-10.000000" />
  <attribute name="Current Error" value="-20.000000" />
  <attribute name="IntegralT" value="-2540.000000" />
  <attribute name="IntegralI" value="-2540.000000" />
  <attribute name="IntegralH" value="-2540.000000" />
  <attribute name="DerivativeT" value="-0.078740" />
  <attribute name="DerivativeI" value="-0.078740" />
  <attribute name="DerivativeH" value="-0.078740" />
  <attribute name="Loop Time for DT" value="127.000000" />
  <attribute name="Output H" value="2092630016"/>
  <attribute name="Output I" value="200"/>
  <attribute name="Output T" value="4"/>
  <attribute name="Target GC Util Change" value ="20.000000" />
  <attribute name="Current GC Util Change" value="0.000000"/>
  <attribute name="GC Util currently" value="0" />
  <attribute name="CPU Util currently" value="7" />
<allocation-satisfied id="84" threadId="00000000014C6700" bytesRequested="2056" />
<af-end id="85" timestamp="2019-06-14T20:05:47.805" threadId="00000000014C7088" success="true" from="nursery"/>
<exclusive-end id="86" timestamp="2019-06-14T20:05:47.806" durationms="0.896" />

<exclusive-start id="87" timestamp="2019-06-14T20:05:47.919" intervalms="114.521">
  <response-info timems="0.058" idlems="0.058" threads="0" lastid="00000000014C6700" lastname="main" />
</exclusive-start>
<af-start id="88" threadId="00000000014C7088" totalBytesRequested="240" timestamp="2019-06-14T20:05:47.919" intervalms="114.547" type="nursery" />
<cycle-start id="89" type="scavenge" contextid="0" timestamp="2019-06-14T20:05:47.919" intervalms="114.555" />
<gc-start id="90" type="scavenge" contextid="89" timestamp="2019-06-14T20:05:47.919">
  <mem-info id="91" free="5379848" total="8519680" percent="63">
    <mem type="nursery" free="0" total="2228224" percent="0">
      <mem type="allocate" free="0" total="1441792" percent="0" />
      <mem type="survivor" free="0" total="786432" percent="0" />
    </mem>
    <mem type="tenure" free="5379848" total="6291456" percent="85">
      <mem type="soa" free="5065480" total="5977088" percent="84" />
      <mem type="loa" free="314368" total="314368" percent="100" />
    </mem>
    <remembered-set count="159" />
  </mem-info>
</gc-start>
<allocation-stats totalBytes="1366504" >
  <allocated-bytes non-tlh="96720" tlh="1269784" />
  <largest-consumer threadName="main" threadId="00000000014C6700" bytes="1366504" />
</allocation-stats>
<gc-op id="92" type="scavenge" timems="0.370" contextid="89" timestamp="2019-06-14T20:05:47.920">
  <scavenger-info tenureage="3" tenuremask="ffc8" tiltratio="64" />
  <memory-copied type="nursery" objects="864" bytes="336096" bytesdiscarded="50240" />
  <memory-copied type="tenure" objects="71" bytes="2664" bytesdiscarded="496" />
  <references type="soft" candidates="1" cleared="0" enqueued="0" dynamicThreshold="32" maxThreshold="32" />
  <references type="weak" candidates="186" cleared="124" enqueued="93" />
  <references type="phantom" candidates="24" cleared="0" enqueued="0" />
</gc-op>
<gc-end id="93" type="scavenge" contextid="89" durationms="0.557" usertimems="0.000" systemtimems="0.000" timestamp="2019-06-14T20:05:47.920" activeThreads="4">
  <mem-info id="94" free="6435272" total="8519680" percent="75">
    <mem type="nursery" free="1055424" total="2228224" percent="47">
      <mem type="allocate" free="1055424" total="1441792" percent="73" />
      <mem type="survivor" free="0" total="786432" percent="0" />
    </mem>
    <mem type="tenure" free="5379848" total="6291456" percent="85">
      <mem type="soa" free="5065480" total="5977088" percent="84" />
      <mem type="loa" free="314368" total="314368" percent="100" />
    </mem>
    <pending-finalizers system="0" default="0" reference="93" classloader="0" />
    <remembered-set count="151" />
  </mem-info>
</gc-end>
<cycle-end id="95" type="scavenge" contextid="89" timestamp="2019-06-14T20:05:47.920" />
  <attribute name="elasticGC enabled" value="1" />
  <attribute name= "numThreadsSpecified" value="4" />
  <attribute name="heapSize specified" value="0" />
  <attribute name="Current GC Util" value="0" />
  <attribute name= "Current Time Running" value="689" />
  <attribute name ="GC Interval" value="200" />
  <attribute name="ProportionalT" value="-10.000000" />
  <attribute name="ProportionalI" value="-10.000000" />
  <attribute name="ProportionalH" value="-10.000000" />
  <attribute name="Current Error" value="-20.000000" />
  <attribute name="IntegralT" value="-2300.000000" />
  <attribute name="IntegralI" value="-2300.000000" />
  <attribute name="IntegralH" value="-2300.000000" />
  <attribute name="DerivativeT" value="-0.086957" />
  <attribute name="DerivativeI" value="-0.086957" />
  <attribute name="DerivativeH" value="-0.086957" />
  <attribute name="Loop Time for DT" value="115.000000" />
  <attribute name="Output H" value="2092630016"/>
  <attribute name="Output I" value="200"/>
  <attribute name="Output T" value="4"/>
  <attribute name="Target GC Util Change" value ="20.000000" />
  <attribute name="Current GC Util Change" value="0.000000"/>
  <attribute name="GC Util currently" value="0" />
  <attribute name="CPU Util currently" value="23" />
<allocation-satisfied id="96" threadId="00000000014C6700" bytesRequested="240" />
<af-end id="97" timestamp="2019-06-14T20:05:47.920" threadId="00000000014C7088" success="true" from="nursery"/>
<exclusive-end id="98" timestamp="2019-06-14T20:05:47.920" durationms="1.028" />

<exclusive-start id="99" timestamp="2019-06-14T20:05:47.946" intervalms="26.735">
  <response-info timems="0.055" idlems="0.055" threads="0" lastid="00000000014C6700" lastname="main" />
</exclusive-start>
<af-start id="100" threadId="00000000014C7088" totalBytesRequested="4128" timestamp="2019-06-14T20:05:47.946" intervalms="26.788" type="nursery" />
<cycle-start id="101" type="scavenge" contextid="0" timestamp="2019-06-14T20:05:47.946" intervalms="26.802" />
<gc-start id="102" type="scavenge" contextid="101" timestamp="2019-06-14T20:05:47.946">
  <mem-info id="103" free="5369296" total="8519680" percent="63">
    <mem type="nursery" free="0" total="2228224" percent="0">
      <mem type="allocate" free="0" total="1441792" percent="0" />
      <mem type="survivor" free="0" total="786432" percent="0" />
    </mem>
    <mem type="tenure" free="5369296" total="6291456" percent="85">
      <mem type="soa" free="5054928" total="5977088" percent="84" />
      <mem type="loa" free="314368" total="314368" percent="100" />
    </mem>
    <remembered-set count="342" />
  </mem-info>
</gc-start>
<allocation-stats totalBytes="1050304" >
  <allocated-bytes non-tlh="10792" tlh="1039512" />
  <largest-consumer threadName="main" threadId="00000000014C6700" bytes="1050304" />
</allocation-stats>
<gc-op id="104" type="scavenge" timems="0.469" contextid="101" timestamp="2019-06-14T20:05:47.947">
  <scavenger-info tenureage="3" tenuremask="ffe8" tiltratio="64" />
  <memory-copied type="nursery" objects="3788" bytes="495256" bytesdiscarded="40240" />
  <finalization candidates="32" enqueued="0" />
  <ownableSynchronizers candidates="4" cleared="3" />
  <references type="soft" candidates="3" cleared="0" enqueued="0" dynamicThreshold="32" maxThreshold="32" />
  <references type="weak" candidates="363" cleared="112" enqueued="79" />
  <references type="phantom" candidates="27" cleared="3" enqueued="3" />
</gc-op>
<gc-end id="105" type="scavenge" contextid="101" durationms="0.734" usertimems="0.000" systemtimems="0.000" timestamp="2019-06-14T20:05:47.947" activeThreads="4">
  <mem-info id="106" free="6341000" total="8519680" percent="74">
    <mem type="nursery" free="971704" total="2228224" percent="43">
      <mem type="allocate" free="971704" total="1507328" percent="64" />
      <mem type="survivor" free="0" total="720896" percent="0" />
    </mem>
    <mem type="tenure" free="5369296" total="6291456" percent="85">
      <mem type="soa" free="5054928" total="5977088" percent="84" />
      <mem type="loa" free="314368" total="314368" percent="100" />
    </mem>
    <pending-finalizers system="0" default="0" reference="82" classloader="0" />
    <remembered-set count="339" />
  </mem-info>
</gc-end>
<cycle-end id="107" type="scavenge" contextid="101" timestamp="2019-06-14T20:05:47.947" />
  <attribute name="elasticGC enabled" value="1" />
  <attribute name= "numThreadsSpecified" value="4" />
  <attribute name="heapSize specified" value="0" />
  <attribute name="Current GC Util" value="2" />
  <attribute name= "Current Time Running" value="716" />
  <attribute name ="GC Interval" value="200" />
  <attribute name="ProportionalT" value="-9.000000" />
  <attribute name="ProportionalI" value="-9.000000" />
  <attribute name="ProportionalH" value="-9.000000" />
  <attribute name="Current Error" value="-18.000000" />
  <attribute name="IntegralT" value="-486.000000" />
  <attribute name="IntegralI" value="-486.000000" />
  <attribute name="IntegralH" value="-486.000000" />
  <attribute name="DerivativeT" value="-0.333333" />
  <attribute name="DerivativeI" value="-0.333333" />
  <attribute name="DerivativeH" value="-0.333333" />
  <attribute name="Loop Time for DT" value="27.000000" />
  <attribute name="Output H" value="2092630016"/>
  <attribute name="Output I" value="200"/>
  <attribute name="Output T" value="4"/>
  <attribute name="Target GC Util Change" value ="20.000000" />
  <attribute name="Current GC Util Change" value="2.000000"/>
  <attribute name="GC Util currently" value="2" />
  <attribute name="CPU Util currently" value="26" />
<allocation-satisfied id="108" threadId="00000000014C6700" bytesRequested="4128" />
<af-end id="109" timestamp="2019-06-14T20:05:47.947" threadId="00000000014C7088" success="true" from="nursery"/>
<exclusive-end id="110" timestamp="2019-06-14T20:05:47.947" durationms="1.540" />

<exclusive-start id="111" timestamp="2019-06-14T20:05:47.948" intervalms="1.784">
  <response-info timems="0.070" idlems="0.070" threads="0" lastid="00000000014C6700" lastname="main" />
</exclusive-start>
<af-start id="112" threadId="00000000014C7088" totalBytesRequested="6784" timestamp="2019-06-14T20:05:47.948" intervalms="1.747" type="nursery" />
<cycle-start id="113" type="scavenge" contextid="0" timestamp="2019-06-14T20:05:47.948" intervalms="1.750" />
<gc-start id="114" type="scavenge" contextid="113" timestamp="2019-06-14T20:05:47.948">
  <mem-info id="115" free="5369296" total="8519680" percent="63">
    <mem type="nursery" free="0" total="2228224" percent="0">
      <mem type="allocate" free="0" total="1507328" percent="0" />
      <mem type="survivor" free="0" total="720896" percent="0" />
    </mem>
    <mem type="tenure" free="5369296" total="6291456" percent="85">
      <mem type="soa" free="5054928" total="5977088" percent="84" />
      <mem type="loa" free="314368" total="314368" percent="100" />
    </mem>
    <remembered-set count="341" />
  </mem-info>
</gc-start>
<allocation-stats totalBytes="944000" >
  <allocated-bytes non-tlh="4128" tlh="939872" />
  <largest-consumer threadName="main" threadId="00000000014C6700" bytes="939904" />
</allocation-stats>
<gc-op id="116" type="scavenge" timems="0.401" contextid="113" timestamp="2019-06-14T20:05:47.948">
  <scavenger-info tenureage="3" tenuremask="fff8" tiltratio="67" />
  <memory-copied type="nursery" objects="3751" bytes="501568" bytesdiscarded="39504" />
  <finalization candidates="32" enqueued="0" />
  <ownableSynchronizers candidates="1" cleared="0" />
  <references type="soft" candidates="3" cleared="0" enqueued="0" dynamicThreshold="32" maxThreshold="32" />
  <references type="weak" candidates="251" cleared="0" enqueued="0" />
  <references type="phantom" candidates="24" cleared="0" enqueued="0" />
</gc-op>
<gc-end id="117" type="scavenge" contextid="113" durationms="0.564" usertimems="0.000" systemtimems="0.000" timestamp="2019-06-14T20:05:47.949" activeThreads="4">
  <mem-info id="118" free="6466512" total="8519680" percent="75">
    <mem type="nursery" free="1097216" total="2228224" percent="49">
      <mem type="allocate" free="1097216" total="1638400" percent="66" />
      <mem type="survivor" free="0" total="589824" percent="0" />
    </mem>
    <mem type="tenure" free="5369296" total="6291456" percent="85">
      <mem type="soa" free="5054928" total="5977088" percent="84" />
      <mem type="loa" free="314368" total="314368" percent="100" />
    </mem>
    <remembered-set count="291" />
  </mem-info>
</gc-end>
<cycle-end id="119" type="scavenge" contextid="113" timestamp="2019-06-14T20:05:47.949" />
  <attribute name="elasticGC enabled" value="1" />
  <attribute name= "numThreadsSpecified" value="4" />
  <attribute name="heapSize specified" value="0" />
  <attribute name="Current GC Util" value="58" />
  <attribute name= "Current Time Running" value="717" />
  <attribute name ="GC Interval" value="200" />
  <attribute name="ProportionalT" value="19.000000" />
  <attribute name="ProportionalI" value="19.000000" />
  <attribute name="ProportionalH" value="19.000000" />
  <attribute name="Current Error" value="38.000000" />
  <attribute name="IntegralT" value="38.000000" />
  <attribute name="IntegralI" value="38.000000" />
  <attribute name="IntegralH" value="38.000000" />
  <attribute name="DerivativeT" value="19.000000" />
  <attribute name="DerivativeI" value="19.000000" />
  <attribute name="DerivativeH" value="19.000000" />
  <attribute name="Loop Time for DT" value="1.000000" />
  <attribute name="Output H" value="8388608"/>
  <attribute name="Output I" value="200"/>
  <attribute name="Output T" value="4"/>
  <attribute name="Target GC Util Change" value ="20.000000" />
  <attribute name="Current GC Util Change" value="58.000000"/>
  <attribute name="GC Util currently" value="58" />
  <attribute name="CPU Util currently" value="2770520197639" />
<allocation-satisfied id="120" threadId="00000000014C6700" bytesRequested="6784" />
<af-end id="121" timestamp="2019-06-14T20:05:47.949" threadId="00000000014C7088" success="true" from="nursery"/>
<exclusive-end id="122" timestamp="2019-06-14T20:05:47.949" durationms="1.042" />

<exclusive-start id="123" timestamp="2019-06-14T20:05:47.949" intervalms="1.217">
  <response-info timems="0.023" idlems="0.023" threads="0" lastid="00000000014C6700" lastname="main" />
</exclusive-start>
<af-start id="124" threadId="00000000014C7088" totalBytesRequested="8896" timestamp="2019-06-14T20:05:47.949" intervalms="1.158" type="nursery" />
<cycle-start id="125" type="scavenge" contextid="0" timestamp="2019-06-14T20:05:47.949" intervalms="1.128" />
<gc-start id="126" type="scavenge" contextid="125" timestamp="2019-06-14T20:05:47.949">
  <mem-info id="127" free="5369296" total="8519680" percent="63">
    <mem type="nursery" free="0" total="2228224" percent="0">
      <mem type="allocate" free="0" total="1638400" percent="0" />
      <mem type="survivor" free="0" total="589824" percent="0" />
    </mem>
    <mem type="tenure" free="5369296" total="6291456" percent="85">
      <mem type="soa" free="5054928" total="5977088" percent="84" />
      <mem type="loa" free="314368" total="314368" percent="100" />
    </mem>
    <remembered-set count="291" />
  </mem-info>
</gc-start>
<allocation-stats totalBytes="1030960" >
  <allocated-bytes non-tlh="6784" tlh="1024176" />
  <largest-consumer threadName="main" threadId="00000000014C6700" bytes="1030960" />
</allocation-stats>
<gc-op id="128" type="scavenge" timems="0.415" contextid="125" timestamp="2019-06-14T20:05:47.950">
  <scavenger-info tenureage="3" tenuremask="fff8" tiltratio="73" />
  <memory-copied type="nursery" objects="3019" bytes="173864" bytesdiscarded="223760" />
  <memory-copied type="tenure" objects="728" bytes="331584" bytesdiscarded="448" />
  <finalization candidates="32" enqueued="0" />
  <ownableSynchronizers candidates="1" cleared="0" />
  <references type="soft" candidates="2" cleared="0" enqueued="0" dynamicThreshold="32" maxThreshold="32" />
  <references type="weak" candidates="189" cleared="0" enqueued="0" />
</gc-op>
<gc-end id="129" type="scavenge" contextid="125" durationms="0.585" usertimems="0.000" systemtimems="0.000" timestamp="2019-06-14T20:05:47.950" activeThreads="4">
  <mem-info id="130" free="6239952" total="8519680" percent="73">
    <mem type="nursery" free="1240696" total="2228224" percent="55">
      <mem type="allocate" free="1240696" total="1638400" percent="75" />
      <mem type="survivor" free="0" total="589824" percent="0" />
    </mem>
    <mem type="tenure" free="4999256" total="6291456" percent="79">
      <mem type="soa" free="4684888" total="5977088" percent="78" />
      <mem type="loa" free="314368" total="314368" percent="100" />
    </mem>
    <remembered-set count="166" />
  </mem-info>
</gc-end>
<cycle-end id="131" type="scavenge" contextid="125" timestamp="2019-06-14T20:05:47.950" />
  <attribute name="elasticGC enabled" value="1" />
  <attribute name= "numThreadsSpecified" value="4" />
  <attribute name="heapSize specified" value="0" />
  <attribute name="Current GC Util" value="63" />
  <attribute name= "Current Time Running" value="719" />
  <attribute name ="GC Interval" value="200" />
  <attribute name="ProportionalT" value="21.500000" />
  <attribute name="ProportionalI" value="21.500000" />
  <attribute name="ProportionalH" value="21.500000" />
  <attribute name="Current Error" value="43.000000" />
  <attribute name="IntegralT" value="86.000000" />
  <attribute name="IntegralI" value="86.000000" />
  <attribute name="IntegralH" value="86.000000" />
  <attribute name="DerivativeT" value="1.250000" />
  <attribute name="DerivativeI" value="1.250000" />
  <attribute name="DerivativeH" value="1.250000" />
  <attribute name="Loop Time for DT" value="2.000000" />
  <attribute name="Output H" value="8388608"/>
  <attribute name="Output I" value="200"/>
  <attribute name="Output T" value="4"/>
  <attribute name="Target GC Util Change" value ="20.000000" />
  <attribute name="Current GC Util Change" value="63.000000"/>
  <attribute name="GC Util currently" value="63" />
  <attribute name="CPU Util currently" value="4083031439210" />
<allocation-satisfied id="132" threadId="00000000014C6700" bytesRequested="8896" />
<af-end id="133" timestamp="2019-06-14T20:05:47.950" threadId="00000000014C7088" success="true" from="nursery"/>
<exclusive-end id="134" timestamp="2019-06-14T20:05:47.950" durationms="0.971" />

<exclusive-start id="135" timestamp="2019-06-14T20:05:47.950" intervalms="1.141">
  <response-info timems="0.019" idlems="0.019" threads="0" lastid="00000000014C6700" lastname="main" />
</exclusive-start>
<af-start id="136" threadId="00000000014C7088" totalBytesRequested="10656" timestamp="2019-06-14T20:05:47.950" intervalms="1.142" type="nursery" />
<cycle-start id="137" type="scavenge" contextid="0" timestamp="2019-06-14T20:05:47.950" intervalms="1.143" />
<gc-start id="138" type="scavenge" contextid="137" timestamp="2019-06-14T20:05:47.950">
  <mem-info id="139" free="4999256" total="8519680" percent="58">
    <mem type="nursery" free="0" total="2228224" percent="0">
      <mem type="allocate" free="0" total="1638400" percent="0" />
      <mem type="survivor" free="0" total="589824" percent="0" />
    </mem>
    <mem type="tenure" free="4999256" total="6291456" percent="79">
      <mem type="soa" free="4684888" total="5977088" percent="78" />
      <mem type="loa" free="314368" total="314368" percent="100" />
    </mem>
    <remembered-set count="166" />
  </mem-info>
</gc-start>
<allocation-stats totalBytes="1142904" >
  <allocated-bytes non-tlh="8896" tlh="1134008" />
  <largest-consumer threadName="main" threadId="00000000014C6700" bytes="1142904" />
</allocation-stats>
<gc-op id="140" type="scavenge" timems="0.320" contextid="137" timestamp="2019-06-14T20:05:47.951">
  <scavenger-info tenureage="3" tenuremask="fff8" tiltratio="73" />
  <memory-copied type="nursery" objects="8" bytes="12816" bytesdiscarded="96240" />
  <memory-copied type="tenure" objects="3013" bytes="154224" bytesdiscarded="40" />
  <finalization candidates="32" enqueued="0" />
  <ownableSynchronizers candidates="1" cleared="0" />
</gc-op>
<gc-end id="141" type="scavenge" contextid="137" durationms="0.484" usertimems="0.000" systemtimems="0.000" timestamp="2019-06-14T20:05:47.951" activeThreads="4">
  <mem-info id="142" free="6454360" total="8519680" percent="75">
    <mem type="nursery" free="1594880" total="2228224" percent="71">
      <mem type="allocate" free="1594880" total="1703936" percent="93" />
      <mem type="survivor" free="0" total="524288" percent="0" />
    </mem>
    <mem type="tenure" free="4859480" total="6291456" percent="77">
      <mem type="soa" free="4545112" total="5977088" percent="76" />
      <mem type="loa" free="314368" total="314368" percent="100" />
    </mem>
    <remembered-set count="61" />
  </mem-info>
</gc-end>
<cycle-end id="143" type="scavenge" contextid="137" timestamp="2019-06-14T20:05:47.951" />
  <attribute name="elasticGC enabled" value="1" />
  <attribute name= "numThreadsSpecified" value="4" />
  <attribute name="heapSize specified" value="0" />
  <attribute name="Current GC Util" value="69" />
  <attribute name= "Current Time Running" value="720" />
  <attribute name ="GC Interval" value="200" />
  <attribute name="ProportionalT" value="24.500000" />
  <attribute name="ProportionalI" value="24.500000" />
  <attribute name="ProportionalH" value="24.500000" />
  <attribute name="Current Error" value="49.000000" />
  <attribute name="IntegralT" value="49.000000" />
  <attribute name="IntegralI" value="49.000000" />
  <attribute name="IntegralH" value="49.000000" />
  <attribute name="DerivativeT" value="3.000000" />
  <attribute name="DerivativeI" value="3.000000" />
  <attribute name="DerivativeH" value="3.000000" />
  <attribute name="Loop Time for DT" value="1.000000" />
  <attribute name="Output H" value="8388608"/>
  <attribute name="Output I" value="200"/>
  <attribute name="Output T" value="4"/>
  <attribute name="Target GC Util Change" value ="20.000000" />
  <attribute name="Current GC Util Change" value="69.000000"/>
  <attribute name="GC Util currently" value="69" />
  <attribute name="CPU Util currently" value="4041035264038" />
<allocation-satisfied id="144" threadId="00000000014C6700" bytesRequested="10656" />
<af-end id="145" timestamp="2019-06-14T20:05:47.951" threadId="00000000014C7088" success="true" from="nursery"/>
<exclusive-end id="146" timestamp="2019-06-14T20:05:47.951" durationms="0.942" />

<exclusive-start id="147" timestamp="2019-06-14T20:05:47.951" intervalms="1.146">
  <response-info timems="0.031" idlems="0.031" threads="0" lastid="00000000014C6700" lastname="main" />
</exclusive-start>
<af-start id="148" threadId="00000000014C7088" totalBytesRequested="25024" timestamp="2019-06-14T20:05:47.951" intervalms="1.144" type="nursery" />
<cycle-start id="149" type="scavenge" contextid="0" timestamp="2019-06-14T20:05:47.951" intervalms="1.170" />
<gc-start id="150" type="scavenge" contextid="149" timestamp="2019-06-14T20:05:47.951">
  <mem-info id="151" free="4859480" total="8519680" percent="57">
    <mem type="nursery" free="0" total="2228224" percent="0">
      <mem type="allocate" free="0" total="1703936" percent="0" />
      <mem type="survivor" free="0" total="524288" percent="0" />
    </mem>
    <mem type="tenure" free="4859480" total="6291456" percent="77">
      <mem type="soa" free="4545112" total="5977088" percent="76" />
      <mem type="loa" free="314368" total="314368" percent="100" />
    </mem>
    <remembered-set count="61" />
  </mem-info>
</gc-start>
<allocation-stats totalBytes="1405960" >
  <allocated-bytes non-tlh="10656" tlh="1395304" />
  <largest-consumer threadName="main" threadId="00000000014C6700" bytes="1405960" />
</allocation-stats>
<gc-op id="152" type="scavenge" timems="0.151" contextid="149" timestamp="2019-06-14T20:05:47.952">
  <scavenger-info tenureage="3" tenuremask="ffe8" tiltratio="76" />
  <memory-copied type="nursery" objects="2" bytes="12544" bytesdiscarded="26624" />
  <memory-copied type="tenure" objects="4" bytes="2080" bytesdiscarded="0" />
</gc-op>
<gc-end id="153" type="scavenge" contextid="149" durationms="0.313" usertimems="0.000" systemtimems="0.000" timestamp="2019-06-14T20:05:47.952" activeThreads="4">
  <mem-info id="154" free="6589784" total="8519680" percent="77">
    <mem type="nursery" free="1730304" total="2228224" percent="77">
      <mem type="allocate" free="1730304" total="1769472" percent="97" />
      <mem type="survivor" free="0" total="458752" percent="0" />
    </mem>
    <mem type="tenure" free="4859480" total="6291456" percent="77">
      <mem type="soa" free="4545112" total="5977088" percent="76" />
      <mem type="loa" free="314368" total="314368" percent="100" />
    </mem>
    <remembered-set count="57" />
  </mem-info>
</gc-end>
<cycle-end id="155" type="scavenge" contextid="149" timestamp="2019-06-14T20:05:47.952" />
  <attribute name="elasticGC enabled" value="1" />
  <attribute name= "numThreadsSpecified" value="4" />
  <attribute name="heapSize specified" value="0" />
  <attribute name="Current GC Util" value="54" />
  <attribute name= "Current Time Running" value="721" />
  <attribute name ="GC Interval" value="200" />
  <attribute name="ProportionalT" value="17.000000" />
  <attribute name="ProportionalI" value="17.000000" />
  <attribute name="ProportionalH" value="17.000000" />
  <attribute name="Current Error" value="34.000000" />
  <attribute name="IntegralT" value="34.000000" />
  <attribute name="IntegralI" value="34.000000" />
  <attribute name="IntegralH" value="34.000000" />
  <attribute name="DerivativeT" value="-7.500000" />
  <attribute name="DerivativeI" value="-7.500000" />
  <attribute name="DerivativeH" value="-7.500000" />
  <attribute name="Loop Time for DT" value="1.000000" />
  <attribute name="Output H" value="8388608"/>
  <attribute name="Output I" value="200"/>
  <attribute name="Output T" value="4"/>
  <attribute name="Target GC Util Change" value ="20.000000" />
  <attribute name="Current GC Util Change" value="54.000000"/>
  <attribute name="GC Util currently" value="54" />
  <attribute name="CPU Util currently" value="3936393735994" />
<allocation-satisfied id="156" threadId="00000000014C6700" bytesRequested="25024" />
<af-end id="157" timestamp="2019-06-14T20:05:47.952" threadId="00000000014C7088" success="true" from="nursery"/>
<exclusive-end id="158" timestamp="2019-06-14T20:05:47.952" durationms="0.725" />

<exclusive-start id="159" timestamp="2019-06-14T20:05:47.952" intervalms="0.917">
  <response-info timems="0.023" idlems="0.023" threads="0" lastid="00000000014C6700" lastname="main" />
</exclusive-start>
<af-start id="160" threadId="00000000014C7088" totalBytesRequested="14376" timestamp="2019-06-14T20:05:47.952" intervalms="0.918" type="nursery" />
<cycle-start id="161" type="scavenge" contextid="0" timestamp="2019-06-14T20:05:47.952" intervalms="0.894" />
<gc-start id="162" type="scavenge" contextid="161" timestamp="2019-06-14T20:05:47.952">
  <mem-info id="163" free="4859480" total="8519680" percent="57">
    <mem type="nursery" free="0" total="2228224" percent="0">
      <mem type="allocate" free="0" total="1769472" percent="0" />
      <mem type="survivor" free="0" total="458752" percent="0" />
    </mem>
    <mem type="tenure" free="4859480" total="6291456" percent="77">
      <mem type="soa" free="4545112" total="5977088" percent="76" />
      <mem type="loa" free="314368" total="314368" percent="100" />
    </mem>
    <remembered-set count="57" />
  </mem-info>
</gc-start>
<allocation-stats totalBytes="1588168" >
  <allocated-bytes non-tlh="25024" tlh="1563144" />
  <largest-consumer threadName="main" threadId="00000000014C6700" bytes="1588168" />
</allocation-stats>
<gc-op id="164" type="scavenge" timems="0.136" contextid="161" timestamp="2019-06-14T20:05:47.953">
  <scavenger-info tenureage="3" tenuremask="ffe8" tiltratio="79" />
  <memory-copied type="nursery" objects="2" bytes="28760" bytesdiscarded="39152" />
</gc-op>
<gc-end id="165" type="scavenge" contextid="161" durationms="0.298" usertimems="0.000" systemtimems="0.000" timestamp="2019-06-14T20:05:47.953" activeThreads="4">
  <mem-info id="166" free="6626576" total="8519680" percent="77">
    <mem type="nursery" free="1767096" total="2228224" percent="79">
      <mem type="allocate" free="1767096" total="1835008" percent="96" />
      <mem type="survivor" free="0" total="393216" percent="0" />
    </mem>
    <mem type="tenure" free="4859480" total="6291456" percent="77">
      <mem type="soa" free="4545112" total="5977088" percent="76" />
      <mem type="loa" free="314368" total="314368" percent="100" />
    </mem>
    <remembered-set count="56" />
  </mem-info>
</gc-end>
<cycle-end id="167" type="scavenge" contextid="161" timestamp="2019-06-14T20:05:47.953" />
  <attribute name="elasticGC enabled" value="1" />
  <attribute name= "numThreadsSpecified" value="4" />
  <attribute name="heapSize specified" value="0" />
  <attribute name="Current GC Util" value="40" />
  <attribute name= "Current Time Running" value="722" />
  <attribute name ="GC Interval" value="200" />
  <attribute name="ProportionalT" value="10.000000" />
  <attribute name="ProportionalI" value="10.000000" />
  <attribute name="ProportionalH" value="10.000000" />
  <attribute name="Current Error" value="20.000000" />
  <attribute name="IntegralT" value="20.000000" />
  <attribute name="IntegralI" value="20.000000" />
  <attribute name="IntegralH" value="20.000000" />
  <attribute name="DerivativeT" value="-7.000000" />
  <attribute name="DerivativeI" value="-7.000000" />
  <attribute name="DerivativeH" value="-7.000000" />
  <attribute name="Loop Time for DT" value="1.000000" />
  <attribute name="Output H" value="8388608"/>
  <attribute name="Output I" value="200"/>
  <attribute name="Output T" value="4"/>
  <attribute name="Target GC Util Change" value ="20.000000" />
  <attribute name="Current GC Util Change" value="40.000000"/>
  <attribute name="GC Util currently" value="40" />
  <attribute name="CPU Util currently" value="5151518827491" />
<allocation-satisfied id="168" threadId="00000000014C6700" bytesRequested="14376" />
<af-end id="169" timestamp="2019-06-14T20:05:47.953" threadId="00000000014C7088" success="true" from="nursery"/>
<exclusive-end id="170" timestamp="2019-06-14T20:05:47.953" durationms="0.682" />

<exclusive-start id="171" timestamp="2019-06-14T20:05:47.953" intervalms="0.871">
  <response-info timems="0.023" idlems="0.023" threads="0" lastid="00000000014C6700" lastname="main" />
</exclusive-start>
<af-start id="172" threadId="00000000014C7088" totalBytesRequested="15888" timestamp="2019-06-14T20:05:47.953" intervalms="0.870" type="nursery" />
<cycle-start id="173" type="scavenge" contextid="0" timestamp="2019-06-14T20:05:47.953" intervalms="0.865" />
<gc-start id="174" type="scavenge" contextid="173" timestamp="2019-06-14T20:05:47.953">
  <mem-info id="175" free="4859480" total="8519680" percent="57">
    <mem type="nursery" free="0" total="2228224" percent="0">
      <mem type="allocate" free="0" total="1835008" percent="0" />
      <mem type="survivor" free="0" total="393216" percent="0" />
    </mem>
    <mem type="tenure" free="4859480" total="6291456" percent="77">
      <mem type="soa" free="4545112" total="5977088" percent="76" />
      <mem type="loa" free="314368" total="314368" percent="100" />
    </mem>
    <remembered-set count="56" />
  </mem-info>
</gc-start>
<allocation-stats totalBytes="1591624" >
  <allocated-bytes non-tlh="14376" tlh="1577248" />
  <largest-consumer threadName="main" threadId="00000000014C6700" bytes="1591624" />
</allocation-stats>
<gc-op id="176" type="scavenge" timems="0.134" contextid="173" timestamp="2019-06-14T20:05:47.953">
  <scavenger-info tenureage="3" tenuremask="fff8" tiltratio="82" />
  <memory-copied type="nursery" objects="4" bytes="15968" bytesdiscarded="23200" />
</gc-op>
<gc-end id="177" type="scavenge" contextid="173" durationms="0.289" usertimems="0.000" systemtimems="0.000" timestamp="2019-06-14T20:05:47.953" activeThreads="4">
  <mem-info id="178" free="6720856" total="8519680" percent="78">
    <mem type="nursery" free="1861376" total="2228224" percent="83">
      <mem type="allocate" free="1861376" total="1900544" percent="97" />
      <mem type="survivor" free="0" total="327680" percent="0" />
    </mem>
    <mem type="tenure" free="4859480" total="6291456" percent="77">
      <mem type="soa" free="4545112" total="5977088" percent="76" />
      <mem type="loa" free="314368" total="314368" percent="100" />
    </mem>
    <remembered-set count="56" />
  </mem-info>
</gc-end>
<cycle-end id="179" type="scavenge" contextid="173" timestamp="2019-06-14T20:05:47.953" />
  <attribute name="elasticGC enabled" value="1" />
  <attribute name= "numThreadsSpecified" value="4" />
  <attribute name="heapSize specified" value="0" />
  <attribute name="Current GC Util" value="37" />
  <attribute name= "Current Time Running" value="723" />
  <attribute name ="GC Interval" value="200" />
  <attribute name="ProportionalT" value="8.500000" />
  <attribute name="ProportionalI" value="8.500000" />
  <attribute name="ProportionalH" value="8.500000" />
  <attribute name="Current Error" value="17.000000" />
  <attribute name="IntegralT" value="17.000000" />
  <attribute name="IntegralI" value="17.000000" />
  <attribute name="IntegralH" value="17.000000" />
  <attribute name="DerivativeT" value="-1.500000" />
  <attribute name="DerivativeI" value="-1.500000" />
  <attribute name="DerivativeH" value="-1.500000" />
  <attribute name="Loop Time for DT" value="1.000000" />
  <attribute name="Output H" value="8388608"/>
  <attribute name="Output I" value="200"/>
  <attribute name="Output T" value="4"/>
  <attribute name="Target GC Util Change" value ="20.000000" />
  <attribute name="Current GC Util Change" value="37.000000"/>
  <attribute name="GC Util currently" value="37" />
  <attribute name="CPU Util currently" value="5384923310740" />
<allocation-satisfied id="180" threadId="00000000014C6700" bytesRequested="15888" />
<af-end id="181" timestamp="2019-06-14T20:05:47.954" threadId="00000000014C7088" success="true" from="nursery"/>
<exclusive-end id="182" timestamp="2019-06-14T20:05:47.954" durationms="0.661" />

<exclusive-start id="183" timestamp="2019-06-14T20:05:47.954" intervalms="0.844">
  <response-info timems="0.023" idlems="0.023" threads="0" lastid="00000000014C6700" lastname="main" />
</exclusive-start>
<af-start id="184" threadId="00000000014C7088" totalBytesRequested="34736" timestamp="2019-06-14T20:05:47.954" intervalms="0.844" type="nursery" />
<cycle-start id="185" type="scavenge" contextid="0" timestamp="2019-06-14T20:05:47.954" intervalms="0.849" />
<gc-start id="186" type="scavenge" contextid="185" timestamp="2019-06-14T20:05:47.954">
  <mem-info id="187" free="4859480" total="8519680" percent="57">
    <mem type="nursery" free="0" total="2228224" percent="0">
      <mem type="allocate" free="0" total="1900544" percent="0" />
      <mem type="survivor" free="0" total="327680" percent="0" />
    </mem>
    <mem type="tenure" free="4859480" total="6291456" percent="77">
      <mem type="soa" free="4545112" total="5977088" percent="76" />
      <mem type="loa" free="314368" total="314368" percent="100" />
    </mem>
    <remembered-set count="56" />
  </mem-info>
</gc-start>
<allocation-stats totalBytes="1617880" >
  <allocated-bytes non-tlh="15888" tlh="1601992" />
  <largest-consumer threadName="main" threadId="00000000014C6700" bytes="1617880" />
</allocation-stats>
<gc-op id="188" type="scavenge" timems="0.130" contextid="185" timestamp="2019-06-14T20:05:47.954">
  <scavenger-info tenureage="3" tenuremask="fff8" tiltratio="85" />
  <memory-copied type="nursery" objects="2" bytes="17392" bytesdiscarded="21776" />
</gc-op>
<gc-end id="189" type="scavenge" contextid="185" durationms="0.287" usertimems="0.000" systemtimems="0.000" timestamp="2019-06-14T20:05:47.954" activeThreads="4">
  <mem-info id="190" free="6786392" total="8519680" percent="79">
    <mem type="nursery" free="1926912" total="2228224" percent="86">
      <mem type="allocate" free="1926912" total="1966080" percent="98" />
      <mem type="survivor" free="0" total="262144" percent="0" />
    </mem>
    <mem type="tenure" free="4859480" total="6291456" percent="77">
      <mem type="soa" free="4545112" total="5977088" percent="76" />
      <mem type="loa" free="314368" total="314368" percent="100" />
    </mem>
    <remembered-set count="56" />
  </mem-info>
</gc-end>
<cycle-end id="191" type="scavenge" contextid="185" timestamp="2019-06-14T20:05:47.954" />
  <attribute name="elasticGC enabled" value="1" />
  <attribute name= "numThreadsSpecified" value="4" />
  <attribute name="heapSize specified" value="0" />
  <attribute name="Current GC Util" value="37" />
  <attribute name= "Current Time Running" value="723" />
  <attribute name ="GC Interval" value="200" />
  <attribute name="ProportionalT" value="8.500000" />
  <attribute name="ProportionalI" value="8.500000" />
  <attribute name="ProportionalH" value="8.500000" />
  <attribute name="Current Error" value="17.000000" />
  <attribute name="IntegralT" value="0.000000" />
  <attribute name="IntegralI" value="0.000000" />
  <attribute name="IntegralH" value="0.000000" />
  <attribute name="DerivativeT" value="-nan" />
  <attribute name="DerivativeI" value="-nan" />
  <attribute name="DerivativeH" value="-nan" />
  <attribute name="Loop Time for DT" value="0.000000" />
  <attribute name="Output H" value="2092630016"/>
  <attribute name="Output I" value="200"/>
  <attribute name="Output T" value="4"/>
  <attribute name="Target GC Util Change" value ="20.000000" />
  <attribute name="Current GC Util Change" value="37.000000"/>
  <attribute name="GC Util currently" value="37" />
  <attribute name="CPU Util currently" value="5397338853272" />
<allocation-satisfied id="192" threadId="00000000014C6700" bytesRequested="34736" />
<af-end id="193" timestamp="2019-06-14T20:05:47.954" threadId="00000000014C7088" success="true" from="nursery"/>
<exclusive-end id="194" timestamp="2019-06-14T20:05:47.954" durationms="0.675" />

<exclusive-start id="195" timestamp="2019-06-14T20:05:47.955" intervalms="0.867">
  <response-info timems="0.023" idlems="0.023" threads="0" lastid="00000000014C6700" lastname="main" />
</exclusive-start>
<af-start id="196" threadId="00000000014C7088" totalBytesRequested="37400" timestamp="2019-06-14T20:05:47.955" intervalms="0.868" type="nursery" />
<cycle-start id="197" type="scavenge" contextid="0" timestamp="2019-06-14T20:05:47.955" intervalms="0.867" />
<gc-start id="198" type="scavenge" contextid="197" timestamp="2019-06-14T20:05:47.955">
  <mem-info id="199" free="4859480" total="8519680" percent="57">
    <mem type="nursery" free="0" total="2228224" percent="0">
      <mem type="allocate" free="0" total="1966080" percent="0" />
      <mem type="survivor" free="0" total="262144" percent="0" />
    </mem>
    <mem type="tenure" free="4859480" total="6291456" percent="77">
      <mem type="soa" free="4545112" total="5977088" percent="76" />
      <mem type="loa" free="314368" total="314368" percent="100" />
    </mem>
    <remembered-set count="56" />
  </mem-info>
</gc-start>
<allocation-stats totalBytes="1661448" >
  <allocated-bytes non-tlh="69680" tlh="1591768" />
  <largest-consumer threadName="main" threadId="00000000014C6700" bytes="1661448" />
</allocation-stats>
<gc-op id="200" type="scavenge" timems="0.133" contextid="197" timestamp="2019-06-14T20:05:47.955">
  <scavenger-info tenureage="3" tenuremask="fff8" tiltratio="88" />
  <memory-copied type="nursery" objects="2" bytes="18728" bytesdiscarded="20440" />
</gc-op>
<gc-end id="201" type="scavenge" contextid="197" durationms="0.294" usertimems="0.000" systemtimems="0.000" timestamp="2019-06-14T20:05:47.955" activeThreads="4">
  <mem-info id="202" free="6786392" total="8519680" percent="79">
    <mem type="nursery" free="1926912" total="2228224" percent="86">
      <mem type="allocate" free="1926912" total="1966080" percent="98" />
      <mem type="survivor" free="0" total="262144" percent="0" />
    </mem>
    <mem type="tenure" free="4859480" total="6291456" percent="77">
      <mem type="soa" free="4545112" total="5977088" percent="76" />
      <mem type="loa" free="314368" total="314368" percent="100" />
    </mem>
    <remembered-set count="56" />
  </mem-info>
</gc-end>
<cycle-end id="203" type="scavenge" contextid="197" timestamp="2019-06-14T20:05:47.955" />
  <attribute name="elasticGC enabled" value="1" />
  <attribute name= "numThreadsSpecified" value="4" />
  <attribute name="heapSize specified" value="0" />
  <attribute name="Current GC Util" value="36" />
  <attribute name= "Current Time Running" value="724" />
  <attribute name ="GC Interval" value="200" />
  <attribute name="ProportionalT" value="8.000000" />
  <attribute name="ProportionalI" value="8.000000" />
  <attribute name="ProportionalH" value="8.000000" />
  <attribute name="Current Error" value="16.000000" />
  <attribute name="IntegralT" value="16.000000" />
  <attribute name="IntegralI" value="16.000000" />
  <attribute name="IntegralH" value="16.000000" />
  <attribute name="DerivativeT" value="-0.500000" />
  <attribute name="DerivativeI" value="-0.500000" />
  <attribute name="DerivativeH" value="-0.500000" />
  <attribute name="Loop Time for DT" value="1.000000" />
  <attribute name="Output H" value="8388608"/>
  <attribute name="Output I" value="200"/>
  <attribute name="Output T" value="4"/>
  <attribute name="Target GC Util Change" value ="20.000000" />
  <attribute name="Current GC Util Change" value="36.000000"/>
  <attribute name="GC Util currently" value="36" />
  <attribute name="CPU Util currently" value="5298084676056" />
<allocation-satisfied id="204" threadId="00000000014C6700" bytesRequested="37400" />
<af-end id="205" timestamp="2019-06-14T20:05:47.955" threadId="00000000014C7088" success="true" from="nursery"/>
<exclusive-end id="206" timestamp="2019-06-14T20:05:47.955" durationms="0.679" />

<exclusive-start id="207" timestamp="2019-06-14T20:05:47.956" intervalms="0.885">
  <response-info timems="0.039" idlems="0.039" threads="0" lastid="00000000014C6700" lastname="main" />
</exclusive-start>
<af-start id="208" threadId="00000000014C7088" totalBytesRequested="20040" timestamp="2019-06-14T20:05:47.956" intervalms="0.884" type="nursery" />
<cycle-start id="209" type="scavenge" contextid="0" timestamp="2019-06-14T20:05:47.956" intervalms="0.881" />
<gc-start id="210" type="scavenge" contextid="209" timestamp="2019-06-14T20:05:47.956">
  <mem-info id="211" free="4859480" total="8519680" percent="57">
    <mem type="nursery" free="0" total="2228224" percent="0">
      <mem type="allocate" free="0" total="1966080" percent="0" />
      <mem type="survivor" free="0" total="262144" percent="0" />
    </mem>
    <mem type="tenure" free="4859480" total="6291456" percent="77">
      <mem type="soa" free="4545112" total="5977088" percent="76" />
      <mem type="loa" free="314368" total="314368" percent="100" />
    </mem>
    <remembered-set count="56" />
  </mem-info>
</gc-start>
<allocation-stats totalBytes="1683952" >
  <allocated-bytes non-tlh="74808" tlh="1609144" />
  <largest-consumer threadName="main" threadId="00000000014C6700" bytes="1683952" />
</allocation-stats>
<gc-op id="212" type="scavenge" timems="0.131" contextid="209" timestamp="2019-06-14T20:05:47.956">
  <scavenger-info tenureage="3" tenuremask="fff8" tiltratio="88" />
  <memory-copied type="nursery" objects="4" bytes="20120" bytesdiscarded="19048" />
</gc-op>
<gc-end id="213" type="scavenge" contextid="209" durationms="0.289" usertimems="0.000" systemtimems="0.000" timestamp="2019-06-14T20:05:47.956" activeThreads="4">
  <mem-info id="214" free="6786392" total="8519680" percent="79">
    <mem type="nursery" free="1926912" total="2228224" percent="86">
      <mem type="allocate" free="1926912" total="1966080" percent="98" />
      <mem type="survivor" free="0" total="262144" percent="0" />
    </mem>
    <mem type="tenure" free="4859480" total="6291456" percent="77">
      <mem type="soa" free="4545112" total="5977088" percent="76" />
      <mem type="loa" free="314368" total="314368" percent="100" />
    </mem>
    <remembered-set count="56" />
  </mem-info>
</gc-end>
<cycle-end id="215" type="scavenge" contextid="209" timestamp="2019-06-14T20:05:47.956" />
  <attribute name="elasticGC enabled" value="1" />
  <attribute name= "numThreadsSpecified" value="4" />
  <attribute name="heapSize specified" value="0" />
  <attribute name="Current GC Util" value="36" />
  <attribute name= "Current Time Running" value="725" />
  <attribute name ="GC Interval" value="200" />
  <attribute name="ProportionalT" value="8.000000" />
  <attribute name="ProportionalI" value="8.000000" />
  <attribute name="ProportionalH" value="8.000000" />
  <attribute name="Current Error" value="16.000000" />
  <attribute name="IntegralT" value="16.000000" />
  <attribute name="IntegralI" value="16.000000" />
  <attribute name="IntegralH" value="16.000000" />
  <attribute name="DerivativeT" value="0.000000" />
  <attribute name="DerivativeI" value="0.000000" />
  <attribute name="DerivativeH" value="0.000000" />
  <attribute name="Loop Time for DT" value="1.000000" />
  <attribute name="Output H" value="8388608"/>
  <attribute name="Output I" value="200"/>
  <attribute name="Output T" value="4"/>
  <attribute name="Target GC Util Change" value ="20.000000" />
  <attribute name="Current GC Util Change" value="36.000000"/>
  <attribute name="GC Util currently" value="36" />
  <attribute name="CPU Util currently" value="5247690344431" />
<allocation-satisfied id="216" threadId="00000000014C6700" bytesRequested="20040" />
<af-end id="217" timestamp="2019-06-14T20:05:47.956" threadId="00000000014C7088" success="true" from="nursery"/>
<exclusive-end id="218" timestamp="2019-06-14T20:05:47.956" durationms="0.670" />

<exclusive-start id="219" timestamp="2019-06-14T20:05:47.956" intervalms="0.862">
  <response-info timems="0.026" idlems="0.014" threads="1" lastid="00000000014CA300" lastname="JIT Compilation Thread-0" />
</exclusive-start>
<af-start id="220" threadId="00000000014C7088" totalBytesRequested="42304" timestamp="2019-06-14T20:05:47.956" intervalms="0.861" type="nursery" />
<cycle-start id="221" type="scavenge" contextid="0" timestamp="2019-06-14T20:05:47.957" intervalms="0.863" />
<gc-start id="222" type="scavenge" contextid="221" timestamp="2019-06-14T20:05:47.957">
  <mem-info id="223" free="4859480" total="8519680" percent="57">
    <mem type="nursery" free="0" total="2228224" percent="0">
      <mem type="allocate" free="0" total="1966080" percent="0" />
      <mem type="survivor" free="0" total="262144" percent="0" />
    </mem>
    <mem type="tenure" free="4859480" total="6291456" percent="77">
      <mem type="soa" free="4545112" total="5977088" percent="76" />
      <mem type="loa" free="314368" total="314368" percent="100" />
    </mem>
    <remembered-set count="56" />
  </mem-info>
</gc-start>
<allocation-stats totalBytes="1667424" >
  <allocated-bytes non-tlh="100200" tlh="1567224" />
  <largest-consumer threadName="main" threadId="00000000014C6700" bytes="1667424" />
</allocation-stats>
<gc-op id="224" type="scavenge" timems="0.128" contextid="221" timestamp="2019-06-14T20:05:47.957">
  <scavenger-info tenureage="3" tenuremask="fff8" tiltratio="88" />
  <memory-copied type="nursery" objects="2" bytes="21176" bytesdiscarded="17992" />
</gc-op>
<gc-end id="225" type="scavenge" contextid="221" durationms="0.290" usertimems="0.000" systemtimems="0.000" timestamp="2019-06-14T20:05:47.957" activeThreads="4">
  <mem-info id="226" free="6786392" total="8519680" percent="79">
    <mem type="nursery" free="1926912" total="2228224" percent="86">
      <mem type="allocate" free="1926912" total="1966080" percent="98" />
      <mem type="survivor" free="0" total="262144" percent="0" />
    </mem>
    <mem type="tenure" free="4859480" total="6291456" percent="77">
      <mem type="soa" free="4545112" total="5977088" percent="76" />
      <mem type="loa" free="314368" total="314368" percent="100" />
    </mem>
    <remembered-set count="56" />
  </mem-info>
</gc-end>
<cycle-end id="227" type="scavenge" contextid="221" timestamp="2019-06-14T20:05:47.957" />
  <attribute name="elasticGC enabled" value="1" />
  <attribute name= "numThreadsSpecified" value="4" />
  <attribute name="heapSize specified" value="0" />
  <attribute name="Current GC Util" value="36" />
  <attribute name= "Current Time Running" value="726" />
  <attribute name ="GC Interval" value="200" />
  <attribute name="ProportionalT" value="8.000000" />
  <attribute name="ProportionalI" value="8.000000" />
  <attribute name="ProportionalH" value="8.000000" />
  <attribute name="Current Error" value="16.000000" />
  <attribute name="IntegralT" value="16.000000" />
  <attribute name="IntegralI" value="16.000000" />
  <attribute name="IntegralH" value="16.000000" />
  <attribute name="DerivativeT" value="0.000000" />
  <attribute name="DerivativeI" value="0.000000" />
  <attribute name="DerivativeH" value="0.000000" />
  <attribute name="Loop Time for DT" value="1.000000" />
  <attribute name="Output H" value="8388608"/>
  <attribute name="Output I" value="200"/>
  <attribute name="Output T" value="4"/>
  <attribute name="Target GC Util Change" value ="20.000000" />
  <attribute name="Current GC Util Change" value="36.000000"/>
  <attribute name="GC Util currently" value="36" />
  <attribute name="CPU Util currently" value="5334179262081" />
<allocation-satisfied id="228" threadId="00000000014C6700" bytesRequested="42304" />
<af-end id="229" timestamp="2019-06-14T20:05:47.957" threadId="00000000014C7088" success="true" from="nursery"/>
<exclusive-end id="230" timestamp="2019-06-14T20:05:47.957" durationms="0.669" />

<exclusive-start id="231" timestamp="2019-06-14T20:05:47.957" intervalms="0.845">
  <response-info timems="0.019" idlems="0.019" threads="0" lastid="00000000014C6700" lastname="main" />
</exclusive-start>
<af-start id="232" threadId="00000000014C7088" totalBytesRequested="44280" timestamp="2019-06-14T20:05:47.957" intervalms="0.847" type="nursery" />
<cycle-start id="233" type="scavenge" contextid="0" timestamp="2019-06-14T20:05:47.957" intervalms="0.847" />
<gc-start id="234" type="scavenge" contextid="233" timestamp="2019-06-14T20:05:47.957">
  <mem-info id="235" free="4859480" total="8519680" percent="57">
    <mem type="nursery" free="0" total="2228224" percent="0">
      <mem type="allocate" free="0" total="1966080" percent="0" />
      <mem type="survivor" free="0" total="262144" percent="0" />
    </mem>
    <mem type="tenure" free="4859480" total="6291456" percent="77">
      <mem type="soa" free="4545112" total="5977088" percent="76" />
      <mem type="loa" free="314368" total="314368" percent="100" />
    </mem>
    <remembered-set count="56" />
  </mem-info>
</gc-start>
<allocation-stats totalBytes="1558216" >
  <allocated-bytes non-tlh="127136" tlh="1431080" />
  <largest-consumer threadName="main" threadId="00000000014C6700" bytes="1558216" />
</allocation-stats>
<gc-op id="236" type="scavenge" timems="0.130" contextid="233" timestamp="2019-06-14T20:05:47.958">
  <scavenger-info tenureage="3" tenuremask="fff8" tiltratio="88" />
  <memory-copied type="nursery" objects="2" bytes="22168" bytesdiscarded="17000" />
</gc-op>
<gc-end id="237" type="scavenge" contextid="233" durationms="0.291" usertimems="0.000" systemtimems="0.000" timestamp="2019-06-14T20:05:47.958" activeThreads="4">
  <mem-info id="238" free="6786392" total="8519680" percent="79">
    <mem type="nursery" free="1926912" total="2228224" percent="86">
      <mem type="allocate" free="1926912" total="1966080" percent="98" />
      <mem type="survivor" free="0" total="262144" percent="0" />
    </mem>
    <mem type="tenure" free="4859480" total="6291456" percent="77">
      <mem type="soa" free="4545112" total="5977088" percent="76" />
      <mem type="loa" free="314368" total="314368" percent="100" />
    </mem>
    <remembered-set count="56" />
  </mem-info>
</gc-end>
<cycle-end id="239" type="scavenge" contextid="233" timestamp="2019-06-14T20:05:47.958" />
  <attribute name="elasticGC enabled" value="1" />
  <attribute name= "numThreadsSpecified" value="4" />
  <attribute name="heapSize specified" value="0" />
  <attribute name="Current GC Util" value="36" />
  <attribute name= "Current Time Running" value="727" />
  <attribute name ="GC Interval" value="200" />
  <attribute name="ProportionalT" value="8.000000" />
  <attribute name="ProportionalI" value="8.000000" />
  <attribute name="ProportionalH" value="8.000000" />
  <attribute name="Current Error" value="16.000000" />
  <attribute name="IntegralT" value="16.000000" />
  <attribute name="IntegralI" value="16.000000" />
  <attribute name="IntegralH" value="16.000000" />
  <attribute name="DerivativeT" value="0.000000" />
  <attribute name="DerivativeI" value="0.000000" />
  <attribute name="DerivativeH" value="0.000000" />
  <attribute name="Loop Time for DT" value="1.000000" />
  <attribute name="Output H" value="8388608"/>
  <attribute name="Output I" value="200"/>
  <attribute name="Output T" value="4"/>
  <attribute name="Target GC Util Change" value ="20.000000" />
  <attribute name="Current GC Util Change" value="36.000000"/>
  <attribute name="GC Util currently" value="36" />
  <attribute name="CPU Util currently" value="5448763154946" />
<allocation-satisfied id="240" threadId="00000000014C6700" bytesRequested="44280" />
<af-end id="241" timestamp="2019-06-14T20:05:47.958" threadId="00000000014C7088" success="true" from="nursery"/>
<exclusive-end id="242" timestamp="2019-06-14T20:05:47.958" durationms="0.670" />

<exclusive-start id="243" timestamp="2019-06-14T20:05:47.958" intervalms="0.852">
  <response-info timems="0.024" idlems="0.024" threads="0" lastid="00000000014C6700" lastname="main" />
</exclusive-start>
<af-start id="244" threadId="00000000014C7088" totalBytesRequested="23168" timestamp="2019-06-14T20:05:47.958" intervalms="0.853" type="nursery" />
<cycle-start id="245" type="scavenge" contextid="0" timestamp="2019-06-14T20:05:47.958" intervalms="0.851" />
<gc-start id="246" type="scavenge" contextid="245" timestamp="2019-06-14T20:05:47.958">
  <mem-info id="247" free="4859480" total="8519680" percent="57">
    <mem type="nursery" free="0" total="2228224" percent="0">
      <mem type="allocate" free="0" total="1966080" percent="0" />
      <mem type="survivor" free="0" total="262144" percent="0" />
    </mem>
    <mem type="tenure" free="4859480" total="6291456" percent="77">
      <mem type="soa" free="4545112" total="5977088" percent="76" />
      <mem type="loa" free="314368" total="314368" percent="100" />
    </mem>
    <remembered-set count="56" />
  </mem-info>
</gc-start>
<allocation-stats totalBytes="1584824" >
  <allocated-bytes non-tlh="133088" tlh="1451736" />
  <largest-consumer threadName="main" threadId="00000000014C6700" bytes="1584824" />
</allocation-stats>
<gc-op id="248" type="scavenge" timems="0.139" contextid="245" timestamp="2019-06-14T20:05:47.959">
  <scavenger-info tenureage="3" tenuremask="fff8" tiltratio="88" />
  <memory-copied type="nursery" objects="2" bytes="46152" bytesdiscarded="39152" />
</gc-op>
<gc-end id="249" type="scavenge" contextid="245" durationms="0.298" usertimems="0.000" systemtimems="0.000" timestamp="2019-06-14T20:05:47.959" activeThreads="4">
  <mem-info id="250" free="6740256" total="8519680" percent="79">
    <mem type="nursery" free="1880776" total="2228224" percent="84">
      <mem type="allocate" free="1880776" total="1966080" percent="95" />
      <mem type="survivor" free="0" total="262144" percent="0" />
    </mem>
    <mem type="tenure" free="4859480" total="6291456" percent="77">
      <mem type="soa" free="4545112" total="5977088" percent="76" />
      <mem type="loa" free="314368" total="314368" percent="100" />
    </mem>
    <remembered-set count="56" />
  </mem-info>
</gc-end>
<cycle-end id="251" type="scavenge" contextid="245" timestamp="2019-06-14T20:05:47.959" />
  <attribute name="elasticGC enabled" value="1" />
  <attribute name= "numThreadsSpecified" value="4" />
  <attribute name="heapSize specified" value="0" />
  <attribute name="Current GC Util" value="36" />
  <attribute name= "Current Time Running" value="728" />
  <attribute name ="GC Interval" value="200" />
  <attribute name="ProportionalT" value="8.000000" />
  <attribute name="ProportionalI" value="8.000000" />
  <attribute name="ProportionalH" value="8.000000" />
  <attribute name="Current Error" value="16.000000" />
  <attribute name="IntegralT" value="16.000000" />
  <attribute name="IntegralI" value="16.000000" />
  <attribute name="IntegralH" value="16.000000" />
  <attribute name="DerivativeT" value="0.000000" />
  <attribute name="DerivativeI" value="0.000000" />
  <attribute name="DerivativeH" value="0.000000" />
  <attribute name="Loop Time for DT" value="1.000000" />
  <attribute name="Output H" value="8388608"/>
  <attribute name="Output I" value="200"/>
  <attribute name="Output T" value="4"/>
  <attribute name="Target GC Util Change" value ="20.000000" />
  <attribute name="Current GC Util Change" value="36.000000"/>
  <attribute name="GC Util currently" value="36" />
  <attribute name="CPU Util currently" value="5407097025699" />
<allocation-satisfied id="252" threadId="00000000014C6700" bytesRequested="23168" />
<af-end id="253" timestamp="2019-06-14T20:05:47.959" threadId="00000000014C7088" success="true" from="nursery"/>
<exclusive-end id="254" timestamp="2019-06-14T20:05:47.959" durationms="0.682" />

<exclusive-start id="255" timestamp="2019-06-14T20:05:47.959" intervalms="0.865">
  <response-info timems="0.024" idlems="0.024" threads="0" lastid="00000000014C6700" lastname="main" />
</exclusive-start>
<af-start id="256" threadId="00000000014C7088" totalBytesRequested="48136" timestamp="2019-06-14T20:05:47.959" intervalms="0.864" type="nursery" />
<cycle-start id="257" type="scavenge" contextid="0" timestamp="2019-06-14T20:05:47.959" intervalms="0.867" />
<gc-start id="258" type="scavenge" contextid="257" timestamp="2019-06-14T20:05:47.959">
  <mem-info id="259" free="4859480" total="8519680" percent="57">
    <mem type="nursery" free="0" total="2228224" percent="0">
      <mem type="allocate" free="0" total="1966080" percent="0" />
      <mem type="survivor" free="0" total="262144" percent="0" />
    </mem>
    <mem type="tenure" free="4859480" total="6291456" percent="77">
      <mem type="soa" free="4545112" total="5977088" percent="76" />
      <mem type="loa" free="314368" total="314368" percent="100" />
    </mem>
    <remembered-set count="56" />
  </mem-info>
</gc-start>
<allocation-stats totalBytes="1557320" >
  <allocated-bytes non-tlh="116040" tlh="1441280" />
  <largest-consumer threadName="main" threadId="00000000014C6700" bytes="1557320" />
</allocation-stats>
<gc-op id="260" type="scavenge" timems="0.131" contextid="257" timestamp="2019-06-14T20:05:47.959">
  <scavenger-info tenureage="3" tenuremask="fff8" tiltratio="88" />
  <memory-copied type="nursery" objects="2" bytes="24096" bytesdiscarded="15072" />
</gc-op>
<gc-end id="261" type="scavenge" contextid="257" durationms="0.291" usertimems="0.000" systemtimems="0.000" timestamp="2019-06-14T20:05:47.959" activeThreads="4">
  <mem-info id="262" free="6786392" total="8519680" percent="79">
    <mem type="nursery" free="1926912" total="2228224" percent="86">
      <mem type="allocate" free="1926912" total="1966080" percent="98" />
      <mem type="survivor" free="0" total="262144" percent="0" />
    </mem>
    <mem type="tenure" free="4859480" total="6291456" percent="77">
      <mem type="soa" free="4545112" total="5977088" percent="76" />
      <mem type="loa" free="314368" total="314368" percent="100" />
    </mem>
    <remembered-set count="56" />
  </mem-info>
</gc-end>
<cycle-end id="263" type="scavenge" contextid="257" timestamp="2019-06-14T20:05:47.960" />
  <attribute name="elasticGC enabled" value="1" />
  <attribute name= "numThreadsSpecified" value="4" />
  <attribute name="heapSize specified" value="0" />
  <attribute name="Current GC Util" value="37" />
  <attribute name= "Current Time Running" value="729" />
  <attribute name ="GC Interval" value="200" />
  <attribute name="ProportionalT" value="8.500000" />
  <attribute name="ProportionalI" value="8.500000" />
  <attribute name="ProportionalH" value="8.500000" />
  <attribute name="Current Error" value="17.000000" />
  <attribute name="IntegralT" value="17.000000" />
  <attribute name="IntegralI" value="17.000000" />
  <attribute name="IntegralH" value="17.000000" />
  <attribute name="DerivativeT" value="0.500000" />
  <attribute name="DerivativeI" value="0.500000" />
  <attribute name="DerivativeH" value="0.500000" />
  <attribute name="Loop Time for DT" value="1.000000" />
  <attribute name="Output H" value="8388608"/>
  <attribute name="Output I" value="200"/>
  <attribute name="Output T" value="4"/>
  <attribute name="Target GC Util Change" value ="20.000000" />
  <attribute name="Current GC Util Change" value="37.000000"/>
  <attribute name="GC Util currently" value="37" />
  <attribute name="CPU Util currently" value="5324338011949" />
<allocation-satisfied id="264" threadId="00000000014C6700" bytesRequested="48136" />
<af-end id="265" timestamp="2019-06-14T20:05:47.960" threadId="00000000014C7088" success="true" from="nursery"/>
<exclusive-end id="266" timestamp="2019-06-14T20:05:47.960" durationms="0.678" />

<exclusive-start id="267" timestamp="2019-06-14T20:05:47.960" intervalms="0.871">
  <response-info timems="0.023" idlems="0.023" threads="0" lastid="00000000014C6700" lastname="main" />
</exclusive-start>
<af-start id="268" threadId="00000000014C7088" totalBytesRequested="25216" timestamp="2019-06-14T20:05:47.960" intervalms="0.873" type="nursery" />
<cycle-start id="269" type="scavenge" contextid="0" timestamp="2019-06-14T20:05:47.960" intervalms="0.871" />
<gc-start id="270" type="scavenge" contextid="269" timestamp="2019-06-14T20:05:47.960">
  <mem-info id="271" free="4859480" total="8519680" percent="57">
    <mem type="nursery" free="0" total="2228224" percent="0">
      <mem type="allocate" free="0" total="1966080" percent="0" />
      <mem type="survivor" free="0" total="262144" percent="0" />
    </mem>
    <mem type="tenure" free="4859480" total="6291456" percent="77">
      <mem type="soa" free="4545112" total="5977088" percent="76" />
      <mem type="loa" free="314368" total="314368" percent="100" />
    </mem>
    <remembered-set count="56" />
  </mem-info>
</gc-start>
<allocation-stats totalBytes="1748016" >
  <allocated-bytes non-tlh="193304" tlh="1554712" />
  <largest-consumer threadName="main" threadId="00000000014C6700" bytes="1748016" />
</allocation-stats>
<gc-op id="272" type="scavenge" timems="0.130" contextid="269" timestamp="2019-06-14T20:05:47.960">
  <scavenger-info tenureage="3" tenuremask="fff8" tiltratio="88" />
  <memory-copied type="nursery" objects="4" bytes="25296" bytesdiscarded="13872" />
</gc-op>
<gc-end id="273" type="scavenge" contextid="269" durationms="0.290" usertimems="0.000" systemtimems="0.000" timestamp="2019-06-14T20:05:47.960" activeThreads="4">
  <mem-info id="274" free="6786392" total="8519680" percent="79">
    <mem type="nursery" free="1926912" total="2228224" percent="86">
      <mem type="allocate" free="1926912" total="1966080" percent="98" />
      <mem type="survivor" free="0" total="262144" percent="0" />
    </mem>
    <mem type="tenure" free="4859480" total="6291456" percent="77">
      <mem type="soa" free="4545112" total="5977088" percent="76" />
      <mem type="loa" free="314368" total="314368" percent="100" />
    </mem>
    <remembered-set count="56" />
  </mem-info>
</gc-end>
<cycle-end id="275" type="scavenge" contextid="269" timestamp="2019-06-14T20:05:47.960" />
  <attribute name="elasticGC enabled" value="1" />
  <attribute name= "numThreadsSpecified" value="4" />
  <attribute name="heapSize specified" value="0" />
  <attribute name="Current GC Util" value="36" />
  <attribute name= "Current Time Running" value="729" />
  <attribute name ="GC Interval" value="200" />
  <attribute name="ProportionalT" value="8.000000" />
  <attribute name="ProportionalI" value="8.000000" />
  <attribute name="ProportionalH" value="8.000000" />
  <attribute name="Current Error" value="16.000000" />
  <attribute name="IntegralT" value="0.000000" />
  <attribute name="IntegralI" value="0.000000" />
  <attribute name="IntegralH" value="0.000000" />
  <attribute name="DerivativeT" value="-inf" />
  <attribute name="DerivativeI" value="-inf" />
  <attribute name="DerivativeH" value="-inf" />
  <attribute name="Loop Time for DT" value="0.000000" />
  <attribute name="Output H" value="2092630016"/>
  <attribute name="Output I" value="200"/>
  <attribute name="Output T" value="4"/>
  <attribute name="Target GC Util Change" value ="20.000000" />
  <attribute name="Current GC Util Change" value="36.000000"/>
  <attribute name="GC Util currently" value="36" />
  <attribute name="CPU Util currently" value="5301995187086" />
<allocation-satisfied id="276" threadId="00000000014C6700" bytesRequested="25216" />
<af-end id="277" timestamp="2019-06-14T20:05:47.960" threadId="00000000014C7088" success="true" from="nursery"/>
<exclusive-end id="278" timestamp="2019-06-14T20:05:47.961" durationms="0.673" />

<exclusive-start id="279" timestamp="2019-06-14T20:05:47.961" intervalms="0.859">
  <response-info timems="0.023" idlems="0.023" threads="0" lastid="00000000014C6700" lastname="main" />
</exclusive-start>
<af-start id="280" threadId="00000000014C7088" totalBytesRequested="26176" timestamp="2019-06-14T20:05:47.961" intervalms="0.857" type="nursery" />
<cycle-start id="281" type="scavenge" contextid="0" timestamp="2019-06-14T20:05:47.961" intervalms="0.856" />
<gc-start id="282" type="scavenge" contextid="281" timestamp="2019-06-14T20:05:47.961">
  <mem-info id="283" free="4859480" total="8519680" percent="57">
    <mem type="nursery" free="0" total="2228224" percent="0">
      <mem type="allocate" free="0" total="1966080" percent="0" />
      <mem type="survivor" free="0" total="262144" percent="0" />
    </mem>
    <mem type="tenure" free="4859480" total="6291456" percent="77">
      <mem type="soa" free="4545112" total="5977088" percent="76" />
      <mem type="loa" free="314368" total="314368" percent="100" />
    </mem>
    <remembered-set count="56" />
  </mem-info>
</gc-start>
<allocation-stats totalBytes="1643920" >
  <allocated-bytes non-tlh="227704" tlh="1416216" />
  <largest-consumer threadName="main" threadId="00000000014C6700" bytes="1643920" />
</allocation-stats>
<gc-op id="284" type="scavenge" timems="0.130" contextid="281" timestamp="2019-06-14T20:05:47.961">
  <scavenger-info tenureage="3" tenuremask="fff8" tiltratio="88" />
  <memory-copied type="nursery" objects="4" bytes="26256" bytesdiscarded="12912" />
</gc-op>
<gc-end id="285" type="scavenge" contextid="281" durationms="0.285" usertimems="0.000" systemtimems="0.000" timestamp="2019-06-14T20:05:47.961" activeThreads="4">
  <mem-info id="286" free="6786392" total="8519680" percent="79">
    <mem type="nursery" free="1926912" total="2228224" percent="86">
      <mem type="allocate" free="1926912" total="1966080" percent="98" />
      <mem type="survivor" free="0" total="262144" percent="0" />
    </mem>
    <mem type="tenure" free="4859480" total="6291456" percent="77">
      <mem type="soa" free="4545112" total="5977088" percent="76" />
      <mem type="loa" free="314368" total="314368" percent="100" />
    </mem>
    <remembered-set count="56" />
  </mem-info>
</gc-end>
<cycle-end id="287" type="scavenge" contextid="281" timestamp="2019-06-14T20:05:47.961" />
  <attribute name="elasticGC enabled" value="1" />
  <attribute name= "numThreadsSpecified" value="4" />
  <attribute name="heapSize specified" value="0" />
  <attribute name="Current GC Util" value="36" />
  <attribute name= "Current Time Running" value="730" />
  <attribute name ="GC Interval" value="200" />
  <attribute name="ProportionalT" value="8.000000" />
  <attribute name="ProportionalI" value="8.000000" />
  <attribute name="ProportionalH" value="8.000000" />
  <attribute name="Current Error" value="16.000000" />
  <attribute name="IntegralT" value="16.000000" />
  <attribute name="IntegralI" value="16.000000" />
  <attribute name="IntegralH" value="16.000000" />
  <attribute name="DerivativeT" value="0.000000" />
  <attribute name="DerivativeI" value="0.000000" />
  <attribute name="DerivativeH" value="0.000000" />
  <attribute name="Loop Time for DT" value="1.000000" />
  <attribute name="Output H" value="8388608"/>
  <attribute name="Output I" value="200"/>
  <attribute name="Output T" value="4"/>
  <attribute name="Target GC Util Change" value ="20.000000" />
  <attribute name="Current GC Util Change" value="36.000000"/>
  <attribute name="GC Util currently" value="36" />
  <attribute name="CPU Util currently" value="5427569052876" />
<allocation-satisfied id="288" threadId="00000000014C6700" bytesRequested="26176" />
<af-end id="289" timestamp="2019-06-14T20:05:47.961" threadId="00000000014C7088" success="true" from="nursery"/>
<exclusive-end id="290" timestamp="2019-06-14T20:05:47.961" durationms="0.654" />

<exclusive-start id="291" timestamp="2019-06-14T20:05:47.962" intervalms="0.856">
  <response-info timems="0.026" idlems="0.026" threads="0" lastid="00000000014C6700" lastname="main" />
</exclusive-start>
<af-start id="292" threadId="00000000014C7088" totalBytesRequested="27144" timestamp="2019-06-14T20:05:47.962" intervalms="0.858" type="nursery" />
<cycle-start id="293" type="scavenge" contextid="0" timestamp="2019-06-14T20:05:47.962" intervalms="0.859" />
<gc-start id="294" type="scavenge" contextid="293" timestamp="2019-06-14T20:05:47.962">
  <mem-info id="295" free="4859480" total="8519680" percent="57">
    <mem type="nursery" free="0" total="2228224" percent="0">
      <mem type="allocate" free="0" total="1966080" percent="0" />
      <mem type="survivor" free="0" total="262144" percent="0" />
    </mem>
    <mem type="tenure" free="4859480" total="6291456" percent="77">
      <mem type="soa" free="4545112" total="5977088" percent="76" />
      <mem type="loa" free="314368" total="314368" percent="100" />
    </mem>
    <remembered-set count="56" />
  </mem-info>
</gc-start>
<allocation-stats totalBytes="1675912" >
  <allocated-bytes non-tlh="315808" tlh="1360104" />
  <largest-consumer threadName="main" threadId="00000000014C6700" bytes="1675912" />
</allocation-stats>
<gc-op id="296" type="scavenge" timems="0.133" contextid="293" timestamp="2019-06-14T20:05:47.962">
  <scavenger-info tenureage="14" tenuremask="4000" tiltratio="88" />
  <memory-copied type="nursery" objects="2" bytes="54032" bytesdiscarded="39152" />
</gc-op>
<gc-end id="297" type="scavenge" contextid="293" durationms="0.290" usertimems="0.000" systemtimems="0.000" timestamp="2019-06-14T20:05:47.962" activeThreads="4">
  <mem-info id="298" free="6732376" total="8519680" percent="79">
    <mem type="nursery" free="1872896" total="2228224" percent="84">
      <mem type="allocate" free="1872896" total="1966080" percent="95" />
      <mem type="survivor" free="0" total="262144" percent="0" />
    </mem>
    <mem type="tenure" free="4859480" total="6291456" percent="77">
      <mem type="soa" free="4545112" total="5977088" percent="76" />
      <mem type="loa" free="314368" total="314368" percent="100" />
    </mem>
    <remembered-set count="56" />
  </mem-info>
</gc-end>
<cycle-end id="299" type="scavenge" contextid="293" timestamp="2019-06-14T20:05:47.962" />
  <attribute name="elasticGC enabled" value="1" />
  <attribute name= "numThreadsSpecified" value="4" />
  <attribute name="heapSize specified" value="0" />
  <attribute name="Current GC Util" value="36" />
  <attribute name= "Current Time Running" value="731" />
  <attribute name ="GC Interval" value="200" />
  <attribute name="ProportionalT" value="8.000000" />
  <attribute name="ProportionalI" value="8.000000" />
  <attribute name="ProportionalH" value="8.000000" />
  <attribute name="Current Error" value="16.000000" />
  <attribute name="IntegralT" value="16.000000" />
  <attribute name="IntegralI" value="16.000000" />
  <attribute name="IntegralH" value="16.000000" />
  <attribute name="DerivativeT" value="0.000000" />
  <attribute name="DerivativeI" value="0.000000" />
  <attribute name="DerivativeH" value="0.000000" />
  <attribute name="Loop Time for DT" value="1.000000" />
  <attribute name="Output H" value="8388608"/>
  <attribute name="Output I" value="200"/>
  <attribute name="Output T" value="4"/>
  <attribute name="Target GC Util Change" value ="20.000000" />
  <attribute name="Current GC Util Change" value="36.000000"/>
  <attribute name="GC Util currently" value="36" />
  <attribute name="CPU Util currently" value="5351827738446" />
<allocation-satisfied id="300" threadId="00000000014C6700" bytesRequested="27144" />
<af-end id="301" timestamp="2019-06-14T20:05:47.962" threadId="00000000014C7088" success="true" from="nursery"/>
<exclusive-end id="302" timestamp="2019-06-14T20:05:47.962" durationms="0.673" />

<exclusive-start id="303" timestamp="2019-06-14T20:05:47.962" intervalms="0.875">
  <response-info timems="0.027" idlems="0.027" threads="0" lastid="00000000014C6700" lastname="main" />
</exclusive-start>
<af-start id="304" threadId="00000000014C7088" totalBytesRequested="28048" timestamp="2019-06-14T20:05:47.963" intervalms="0.874" type="nursery" />
<cycle-start id="305" type="scavenge" contextid="0" timestamp="2019-06-14T20:05:47.963" intervalms="0.875" />
<gc-start id="306" type="scavenge" contextid="305" timestamp="2019-06-14T20:05:47.963">
  <mem-info id="307" free="4859480" total="8519680" percent="57">
    <mem type="nursery" free="0" total="2228224" percent="0">
      <mem type="allocate" free="0" total="1966080" percent="0" />
      <mem type="survivor" free="0" total="262144" percent="0" />
    </mem>
    <mem type="tenure" free="4859480" total="6291456" percent="77">
      <mem type="soa" free="4545112" total="5977088" percent="76" />
      <mem type="loa" free="314368" total="314368" percent="100" />
    </mem>
    <remembered-set count="56" />
  </mem-info>
</gc-start>
<allocation-stats totalBytes="1683296" >
  <allocated-bytes non-tlh="245064" tlh="1438232" />
  <largest-consumer threadName="main" threadId="00000000014C6700" bytes="1683296" />
</allocation-stats>
<gc-op id="308" type="scavenge" timems="0.131" contextid="305" timestamp="2019-06-14T20:05:47.963">
  <scavenger-info tenureage="14" tenuremask="4000" tiltratio="88" />
  <memory-copied type="nursery" objects="4" bytes="28128" bytesdiscarded="11040" />
</gc-op>
<gc-end id="309" type="scavenge" contextid="305" durationms="0.288" usertimems="0.000" systemtimems="4.000" timestamp="2019-06-14T20:05:47.963" activeThreads="4">
  <mem-info id="310" free="6786392" total="8519680" percent="79">
    <mem type="nursery" free="1926912" total="2228224" percent="86">
      <mem type="allocate" free="1926912" total="1966080" percent="98" />
      <mem type="survivor" free="0" total="262144" percent="0" />
    </mem>
    <mem type="tenure" free="4859480" total="6291456" percent="77">
      <mem type="soa" free="4545112" total="5977088" percent="76" />
      <mem type="loa" free="314368" total="314368" percent="100" />
    </mem>
    <remembered-set count="56" />
  </mem-info>
</gc-end>
<cycle-end id="311" type="scavenge" contextid="305" timestamp="2019-06-14T20:05:47.963" />
  <attribute name="elasticGC enabled" value="1" />
  <attribute name= "numThreadsSpecified" value="4" />
  <attribute name="heapSize specified" value="0" />
  <attribute name="Current GC Util" value="36" />
  <attribute name= "Current Time Running" value="732" />
  <attribute name ="GC Interval" value="200" />
  <attribute name="ProportionalT" value="8.000000" />
  <attribute name="ProportionalI" value="8.000000" />
  <attribute name="ProportionalH" value="8.000000" />
  <attribute name="Current Error" value="16.000000" />
  <attribute name="IntegralT" value="16.000000" />
  <attribute name="IntegralI" value="16.000000" />
  <attribute name="IntegralH" value="16.000000" />
  <attribute name="DerivativeT" value="0.000000" />
  <attribute name="DerivativeI" value="0.000000" />
  <attribute name="DerivativeH" value="0.000000" />
  <attribute name="Loop Time for DT" value="1.000000" />
  <attribute name="Output H" value="8388608"/>
  <attribute name="Output I" value="200"/>
  <attribute name="Output T" value="4"/>
  <attribute name="Target GC Util Change" value ="20.000000" />
  <attribute name="Current GC Util Change" value="36.000000"/>
  <attribute name="GC Util currently" value="36" />
  <attribute name="CPU Util currently" value="5271082643098" />
<allocation-satisfied id="312" threadId="00000000014C6700" bytesRequested="28048" />
<af-end id="313" timestamp="2019-06-14T20:05:47.963" threadId="00000000014C7088" success="true" from="nursery"/>
<exclusive-end id="314" timestamp="2019-06-14T20:05:47.963" durationms="0.672" />

<exclusive-start id="315" timestamp="2019-06-14T20:05:47.963" intervalms="0.877">
  <response-info timems="0.025" idlems="0.025" threads="0" lastid="00000000014C6700" lastname="main" />
</exclusive-start>
<af-start id="316" threadId="00000000014C7088" totalBytesRequested="29080" timestamp="2019-06-14T20:05:47.963" intervalms="0.876" type="nursery" />
<cycle-start id="317" type="scavenge" contextid="0" timestamp="2019-06-14T20:05:47.963" intervalms="0.873" />
<gc-start id="318" type="scavenge" contextid="317" timestamp="2019-06-14T20:05:47.964">
  <mem-info id="319" free="4859480" total="8519680" percent="57">
    <mem type="nursery" free="0" total="2228224" percent="0">
      <mem type="allocate" free="0" total="1966080" percent="0" />
      <mem type="survivor" free="0" total="262144" percent="0" />
    </mem>
    <mem type="tenure" free="4859480" total="6291456" percent="77">
      <mem type="soa" free="4545112" total="5977088" percent="76" />
      <mem type="loa" free="314368" total="314368" percent="100" />
    </mem>
    <remembered-set count="56" />
  </mem-info>
</gc-start>
<allocation-stats totalBytes="1712272" >
  <allocated-bytes non-tlh="367984" tlh="1344288" />
  <largest-consumer threadName="main" threadId="00000000014C6700" bytes="1712272" />
</allocation-stats>
<gc-op id="320" type="scavenge" timems="0.106" contextid="317" timestamp="2019-06-14T20:05:47.964">
  <scavenger-info tenureage="14" tenuremask="4000" tiltratio="88" />
  <memory-copied type="nursery" objects="4" bytes="29160" bytesdiscarded="10008" />
</gc-op>
<gc-end id="321" type="scavenge" contextid="317" durationms="0.285" usertimems="0.000" systemtimems="0.000" timestamp="2019-06-14T20:05:47.964" activeThreads="4">
  <mem-info id="322" free="6786392" total="8519680" percent="79">
    <mem type="nursery" free="1926912" total="2228224" percent="86">
      <mem type="allocate" free="1926912" total="1966080" percent="98" />
      <mem type="survivor" free="0" total="262144" percent="0" />
    </mem>
    <mem type="tenure" free="4859480" total="6291456" percent="77">
      <mem type="soa" free="4545112" total="5977088" percent="76" />
      <mem type="loa" free="314368" total="314368" percent="100" />
    </mem>
    <remembered-set count="56" />
  </mem-info>
</gc-end>
<cycle-end id="323" type="scavenge" contextid="317" timestamp="2019-06-14T20:05:47.964" />
  <attribute name="elasticGC enabled" value="1" />
  <attribute name= "numThreadsSpecified" value="4" />
  <attribute name="heapSize specified" value="0" />
  <attribute name="Current GC Util" value="35" />
  <attribute name= "Current Time Running" value="733" />
  <attribute name ="GC Interval" value="200" />
  <attribute name="ProportionalT" value="7.500000" />
  <attribute name="ProportionalI" value="7.500000" />
  <attribute name="ProportionalH" value="7.500000" />
  <attribute name="Current Error" value="15.000000" />
  <attribute name="IntegralT" value="15.000000" />
  <attribute name="IntegralI" value="15.000000" />
  <attribute name="IntegralH" value="15.000000" />
  <attribute name="DerivativeT" value="-0.500000" />
  <attribute name="DerivativeI" value="-0.500000" />
  <attribute name="DerivativeH" value="-0.500000" />
  <attribute name="Loop Time for DT" value="1.000000" />
  <attribute name="Output H" value="8388608"/>
  <attribute name="Output I" value="200"/>
  <attribute name="Output T" value="4"/>
  <attribute name="Target GC Util Change" value ="20.000000" />
  <attribute name="Current GC Util Change" value="35.000000"/>
  <attribute name="GC Util currently" value="35" />
  <attribute name="CPU Util currently" value="5157008751338" />
<allocation-satisfied id="324" threadId="00000000014C6700" bytesRequested="29080" />
<af-end id="325" timestamp="2019-06-14T20:05:47.964" threadId="00000000014C7088" success="true" from="nursery"/>
<exclusive-end id="326" timestamp="2019-06-14T20:05:47.964" durationms="0.668" />

<exclusive-start id="327" timestamp="2019-06-14T20:05:47.964" intervalms="0.862">
  <response-info timems="0.019" idlems="0.019" threads="0" lastid="00000000014C6700" lastname="main" />
</exclusive-start>
<af-start id="328" threadId="00000000014C7088" totalBytesRequested="29936" timestamp="2019-06-14T20:05:47.964" intervalms="0.859" type="nursery" />
<cycle-start id="329" type="scavenge" contextid="0" timestamp="2019-06-14T20:05:47.964" intervalms="0.862" />
<gc-start id="330" type="scavenge" contextid="329" timestamp="2019-06-14T20:05:47.964">
  <mem-info id="331" free="4859480" total="8519680" percent="57">
    <mem type="nursery" free="0" total="2228224" percent="0">
      <mem type="allocate" free="0" total="1966080" percent="0" />
      <mem type="survivor" free="0" total="262144" percent="0" />
    </mem>
    <mem type="tenure" free="4859480" total="6291456" percent="77">
      <mem type="soa" free="4545112" total="5977088" percent="76" />
      <mem type="loa" free="314368" total="314368" percent="100" />
    </mem>
    <remembered-set count="56" />
  </mem-info>
</gc-start>
<allocation-stats totalBytes="1741136" >
  <allocated-bytes non-tlh="379936" tlh="1361200" />
  <largest-consumer threadName="main" threadId="00000000014C6700" bytes="1741136" />
</allocation-stats>
<gc-op id="332" type="scavenge" timems="0.137" contextid="329" timestamp="2019-06-14T20:05:47.965">
  <scavenger-info tenureage="14" tenuremask="4000" tiltratio="88" />
  <memory-copied type="nursery" objects="2" bytes="59880" bytesdiscarded="39152" />
</gc-op>
<gc-end id="333" type="scavenge" contextid="329" durationms="0.296" usertimems="0.000" systemtimems="0.000" timestamp="2019-06-14T20:05:47.965" activeThreads="4">
  <mem-info id="334" free="6726528" total="8519680" percent="78">
    <mem type="nursery" free="1867048" total="2228224" percent="83">
      <mem type="allocate" free="1867048" total="1966080" percent="94" />
      <mem type="survivor" free="0" total="262144" percent="0" />
    </mem>
    <mem type="tenure" free="4859480" total="6291456" percent="77">
      <mem type="soa" free="4545112" total="5977088" percent="76" />
      <mem type="loa" free="314368" total="314368" percent="100" />
    </mem>
    <remembered-set count="56" />
  </mem-info>
</gc-end>
<cycle-end id="335" type="scavenge" contextid="329" timestamp="2019-06-14T20:05:47.965" />
  <attribute name="elasticGC enabled" value="1" />
  <attribute name= "numThreadsSpecified" value="4" />
  <attribute name="heapSize specified" value="0" />
  <attribute name="Current GC Util" value="39" />
  <attribute name= "Current Time Running" value="734" />
  <attribute name ="GC Interval" value="200" />
  <attribute name="ProportionalT" value="9.500000" />
  <attribute name="ProportionalI" value="9.500000" />
  <attribute name="ProportionalH" value="9.500000" />
  <attribute name="Current Error" value="19.000000" />
  <attribute name="IntegralT" value="19.000000" />
  <attribute name="IntegralI" value="19.000000" />
  <attribute name="IntegralH" value="19.000000" />
  <attribute name="DerivativeT" value="2.000000" />
  <attribute name="DerivativeI" value="2.000000" />
  <attribute name="DerivativeH" value="2.000000" />
  <attribute name="Loop Time for DT" value="1.000000" />
  <attribute name="Output H" value="8388608"/>
  <attribute name="Output I" value="200"/>
  <attribute name="Output T" value="4"/>
  <attribute name="Target GC Util Change" value ="20.000000" />
  <attribute name="Current GC Util Change" value="39.000000"/>
  <attribute name="GC Util currently" value="39" />
  <attribute name="CPU Util currently" value="5487404428154" />
<allocation-satisfied id="336" threadId="00000000014C6700" bytesRequested="29936" />
<af-end id="337" timestamp="2019-06-14T20:05:47.965" threadId="00000000014C7088" success="true" from="nursery"/>
<exclusive-end id="338" timestamp="2019-06-14T20:05:47.965" durationms="0.676" />

<exclusive-start id="339" timestamp="2019-06-14T20:05:47.965" intervalms="0.861">
  <response-info timems="0.019" idlems="0.019" threads="0" lastid="00000000014C6700" lastname="main" />
</exclusive-start>
<af-start id="340" threadId="00000000014C7088" totalBytesRequested="61544" timestamp="2019-06-14T20:05:47.965" intervalms="0.861" type="nursery" />
<cycle-start id="341" type="scavenge" contextid="0" timestamp="2019-06-14T20:05:47.965" intervalms="0.861" />
<gc-start id="342" type="scavenge" contextid="341" timestamp="2019-06-14T20:05:47.965">
  <mem-info id="343" free="4859480" total="8519680" percent="57">
    <mem type="nursery" free="0" total="2228224" percent="0">
      <mem type="allocate" free="0" total="1966080" percent="0" />
      <mem type="survivor" free="0" total="262144" percent="0" />
    </mem>
    <mem type="tenure" free="4859480" total="6291456" percent="77">
      <mem type="soa" free="4545112" total="5977088" percent="76" />
      <mem type="loa" free="314368" total="314368" percent="100" />
    </mem>
    <remembered-set count="56" />
  </mem-info>
</gc-start>
<allocation-stats totalBytes="1639432" >
  <allocated-bytes non-tlh="391744" tlh="1247688" />
  <largest-consumer threadName="main" threadId="00000000014C6700" bytes="1639432" />
</allocation-stats>
<gc-op id="344" type="scavenge" timems="0.104" contextid="341" timestamp="2019-06-14T20:05:47.965">
  <scavenger-info tenureage="14" tenuremask="4000" tiltratio="88" />
  <memory-copied type="nursery" objects="2" bytes="30800" bytesdiscarded="8368" />
</gc-op>
<gc-end id="345" type="scavenge" contextid="341" durationms="0.261" usertimems="0.000" systemtimems="0.000" timestamp="2019-06-14T20:05:47.965" activeThreads="4">
  <mem-info id="346" free="6786392" total="8519680" percent="79">
    <mem type="nursery" free="1926912" total="2228224" percent="86">
      <mem type="allocate" free="1926912" total="1966080" percent="98" />
      <mem type="survivor" free="0" total="262144" percent="0" />
    </mem>
    <mem type="tenure" free="4859480" total="6291456" percent="77">
      <mem type="soa" free="4545112" total="5977088" percent="76" />
      <mem type="loa" free="314368" total="314368" percent="100" />
    </mem>
    <remembered-set count="56" />
  </mem-info>
</gc-end>
<cycle-end id="347" type="scavenge" contextid="341" timestamp="2019-06-14T20:05:47.966" />
  <attribute name="elasticGC enabled" value="1" />
  <attribute name= "numThreadsSpecified" value="4" />
  <attribute name="heapSize specified" value="0" />
  <attribute name="Current GC Util" value="37" />
  <attribute name= "Current Time Running" value="735" />
  <attribute name ="GC Interval" value="200" />
  <attribute name="ProportionalT" value="8.500000" />
  <attribute name="ProportionalI" value="8.500000" />
  <attribute name="ProportionalH" value="8.500000" />
  <attribute name="Current Error" value="17.000000" />
  <attribute name="IntegralT" value="17.000000" />
  <attribute name="IntegralI" value="17.000000" />
  <attribute name="IntegralH" value="17.000000" />
  <attribute name="DerivativeT" value="-1.000000" />
  <attribute name="DerivativeI" value="-1.000000" />
  <attribute name="DerivativeH" value="-1.000000" />
  <attribute name="Loop Time for DT" value="1.000000" />
  <attribute name="Output H" value="8388608"/>
  <attribute name="Output I" value="200"/>
  <attribute name="Output T" value="4"/>
  <attribute name="Target GC Util Change" value ="20.000000" />
  <attribute name="Current GC Util Change" value="37.000000"/>
  <attribute name="GC Util currently" value="37" />
  <attribute name="CPU Util currently" value="5364939637609" />
<allocation-satisfied id="348" threadId="00000000014C6700" bytesRequested="61544" />
<af-end id="349" timestamp="2019-06-14T20:05:47.966" threadId="00000000014C7088" success="true" from="nursery"/>
<exclusive-end id="350" timestamp="2019-06-14T20:05:47.966" durationms="0.643" />

<exclusive-start id="351" timestamp="2019-06-14T20:05:47.966" intervalms="0.834">
  <response-info timems="0.019" idlems="0.019" threads="0" lastid="00000000014C6700" lastname="main" />
</exclusive-start>
<af-start id="352" threadId="00000000014C7088" totalBytesRequested="31664" timestamp="2019-06-14T20:05:47.966" intervalms="0.835" type="nursery" />
<cycle-start id="353" type="scavenge" contextid="0" timestamp="2019-06-14T20:05:47.966" intervalms="0.834" />
<gc-start id="354" type="scavenge" contextid="353" timestamp="2019-06-14T20:05:47.966">
  <mem-info id="355" free="4859480" total="8519680" percent="57">
    <mem type="nursery" free="0" total="2228224" percent="0">
      <mem type="allocate" free="0" total="1966080" percent="0" />
      <mem type="survivor" free="0" total="262144" percent="0" />
    </mem>
    <mem type="tenure" free="4859480" total="6291456" percent="77">
      <mem type="soa" free="4545112" total="5977088" percent="76" />
      <mem type="loa" free="314368" total="314368" percent="100" />
    </mem>
    <remembered-set count="56" />
  </mem-info>
</gc-start>
<allocation-stats totalBytes="1716048" >
  <allocated-bytes non-tlh="433104" tlh="1282944" />
  <largest-consumer threadName="main" threadId="00000000014C6700" bytes="1716048" />
</allocation-stats>
<gc-op id="356" type="scavenge" timems="0.133" contextid="353" timestamp="2019-06-14T20:05:47.966">
  <scavenger-info tenureage="14" tenuremask="4000" tiltratio="88" />
  <memory-copied type="nursery" objects="4" bytes="31744" bytesdiscarded="7424" />
</gc-op>
<gc-end id="357" type="scavenge" contextid="353" durationms="0.288" usertimems="0.000" systemtimems="0.000" timestamp="2019-06-14T20:05:47.966" activeThreads="4">
  <mem-info id="358" free="6786392" total="8519680" percent="79">
    <mem type="nursery" free="1926912" total="2228224" percent="86">
      <mem type="allocate" free="1926912" total="1966080" percent="98" />
      <mem type="survivor" free="0" total="262144" percent="0" />
    </mem>
    <mem type="tenure" free="4859480" total="6291456" percent="77">
      <mem type="soa" free="4545112" total="5977088" percent="76" />
      <mem type="loa" free="314368" total="314368" percent="100" />
    </mem>
    <remembered-set count="56" />
  </mem-info>
</gc-end>
<cycle-end id="359" type="scavenge" contextid="353" timestamp="2019-06-14T20:05:47.966" />
  <attribute name="elasticGC enabled" value="1" />
  <attribute name= "numThreadsSpecified" value="4" />
  <attribute name="heapSize specified" value="0" />
  <attribute name="Current GC Util" value="37" />
  <attribute name= "Current Time Running" value="735" />
  <attribute name ="GC Interval" value="200" />
  <attribute name="ProportionalT" value="8.500000" />
  <attribute name="ProportionalI" value="8.500000" />
  <attribute name="ProportionalH" value="8.500000" />
  <attribute name="Current Error" value="17.000000" />
  <attribute name="IntegralT" value="0.000000" />
  <attribute name="IntegralI" value="0.000000" />
  <attribute name="IntegralH" value="0.000000" />
  <attribute name="DerivativeT" value="-nan" />
  <attribute name="DerivativeI" value="-nan" />
  <attribute name="DerivativeH" value="-nan" />
  <attribute name="Loop Time for DT" value="0.000000" />
  <attribute name="Output H" value="2092630016"/>
  <attribute name="Output I" value="200"/>
  <attribute name="Output T" value="4"/>
  <attribute name="Target GC Util Change" value ="20.000000" />
  <attribute name="Current GC Util Change" value="37.000000"/>
  <attribute name="GC Util currently" value="37" />
  <attribute name="CPU Util currently" value="5526445359318" />
<allocation-satisfied id="360" threadId="00000000014C6700" bytesRequested="31664" />
<af-end id="361" timestamp="2019-06-14T20:05:47.967" threadId="00000000014C7088" success="true" from="nursery"/>
<exclusive-end id="362" timestamp="2019-06-14T20:05:47.967" durationms="0.678" />

<exclusive-start id="363" timestamp="2019-06-14T20:05:47.967" intervalms="0.876">
  <response-info timems="0.028" idlems="0.028" threads="0" lastid="00000000014C6700" lastname="main" />
</exclusive-start>
<af-start id="364" threadId="00000000014C7088" totalBytesRequested="32448" timestamp="2019-06-14T20:05:47.967" intervalms="0.874" type="nursery" />
<cycle-start id="365" type="scavenge" contextid="0" timestamp="2019-06-14T20:05:47.967" intervalms="0.875" />
<gc-start id="366" type="scavenge" contextid="365" timestamp="2019-06-14T20:05:47.967">
  <mem-info id="367" free="4859480" total="8519680" percent="57">
    <mem type="nursery" free="0" total="2228224" percent="0">
      <mem type="allocate" free="0" total="1966080" percent="0" />
      <mem type="survivor" free="0" total="262144" percent="0" />
    </mem>
    <mem type="tenure" free="4859480" total="6291456" percent="77">
      <mem type="soa" free="4545112" total="5977088" percent="76" />
      <mem type="loa" free="314368" total="314368" percent="100" />
    </mem>
    <remembered-set count="56" />
  </mem-info>
</gc-start>
<allocation-stats totalBytes="1666824" >
  <allocated-bytes non-tlh="541832" tlh="1124992" />
  <largest-consumer threadName="main" threadId="00000000014C6700" bytes="1666824" />
</allocation-stats>
<gc-op id="368" type="scavenge" timems="0.132" contextid="365" timestamp="2019-06-14T20:05:47.967">
  <scavenger-info tenureage="14" tenuremask="4000" tiltratio="88" />
  <memory-copied type="nursery" objects="4" bytes="32528" bytesdiscarded="6640" />
</gc-op>
<gc-end id="369" type="scavenge" contextid="365" durationms="0.289" usertimems="0.000" systemtimems="0.000" timestamp="2019-06-14T20:05:47.967" activeThreads="4">
  <mem-info id="370" free="6786392" total="8519680" percent="79">
    <mem type="nursery" free="1926912" total="2228224" percent="86">
      <mem type="allocate" free="1926912" total="1966080" percent="98" />
      <mem type="survivor" free="0" total="262144" percent="0" />
    </mem>
    <mem type="tenure" free="4859480" total="6291456" percent="77">
      <mem type="soa" free="4545112" total="5977088" percent="76" />
      <mem type="loa" free="314368" total="314368" percent="100" />
    </mem>
    <remembered-set count="56" />
  </mem-info>
</gc-end>
<cycle-end id="371" type="scavenge" contextid="365" timestamp="2019-06-14T20:05:47.967" />
  <attribute name="elasticGC enabled" value="1" />
  <attribute name= "numThreadsSpecified" value="4" />
  <attribute name="heapSize specified" value="0" />
  <attribute name="Current GC Util" value="35" />
  <attribute name= "Current Time Running" value="736" />
  <attribute name ="GC Interval" value="200" />
  <attribute name="ProportionalT" value="7.500000" />
  <attribute name="ProportionalI" value="7.500000" />
  <attribute name="ProportionalH" value="7.500000" />
  <attribute name="Current Error" value="15.000000" />
  <attribute name="IntegralT" value="15.000000" />
  <attribute name="IntegralI" value="15.000000" />
  <attribute name="IntegralH" value="15.000000" />
  <attribute name="DerivativeT" value="-1.000000" />
  <attribute name="DerivativeI" value="-1.000000" />
  <attribute name="DerivativeH" value="-1.000000" />
  <attribute name="Loop Time for DT" value="1.000000" />
  <attribute name="Output H" value="8388608"/>
  <attribute name="Output I" value="200"/>
  <attribute name="Output T" value="4"/>
  <attribute name="Target GC Util Change" value ="20.000000" />
  <attribute name="Current GC Util Change" value="35.000000"/>
  <attribute name="GC Util currently" value="35" />
  <attribute name="CPU Util currently" value="5275345594871" />
<allocation-satisfied id="372" threadId="00000000014C6700" bytesRequested="32448" />
<af-end id="373" timestamp="2019-06-14T20:05:47.967" threadId="00000000014C7088" success="true" from="nursery"/>
<exclusive-end id="374" timestamp="2019-06-14T20:05:47.967" durationms="0.668" />

<exclusive-start id="375" timestamp="2019-06-14T20:05:47.968" intervalms="0.878">
  <response-info timems="0.020" idlems="0.020" threads="0" lastid="00000000014C6700" lastname="main" />
</exclusive-start>
<af-start id="376" threadId="00000000014C7088" totalBytesRequested="33328" timestamp="2019-06-14T20:05:47.968" intervalms="0.879" type="nursery" />
<cycle-start id="377" type="scavenge" contextid="0" timestamp="2019-06-14T20:05:47.968" intervalms="0.878" />
<gc-start id="378" type="scavenge" contextid="377" timestamp="2019-06-14T20:05:47.968">
  <mem-info id="379" free="4859480" total="8519680" percent="57">
    <mem type="nursery" free="0" total="2228224" percent="0">
      <mem type="allocate" free="0" total="1966080" percent="0" />
      <mem type="survivor" free="0" total="262144" percent="0" />
    </mem>
    <mem type="tenure" free="4859480" total="6291456" percent="77">
      <mem type="soa" free="4545112" total="5977088" percent="76" />
      <mem type="loa" free="314368" total="314368" percent="100" />
    </mem>
    <remembered-set count="56" />
  </mem-info>
</gc-start>
<allocation-stats totalBytes="1677352" >
  <allocated-bytes non-tlh="622632" tlh="1054720" />
  <largest-consumer threadName="main" threadId="00000000014C6700" bytes="1677352" />
</allocation-stats>
<gc-op id="380" type="scavenge" timems="0.110" contextid="377" timestamp="2019-06-14T20:05:47.968">
  <scavenger-info tenureage="14" tenuremask="4000" tiltratio="88" />
  <memory-copied type="nursery" objects="2" bytes="66432" bytesdiscarded="39152" />
</gc-op>
<gc-end id="381" type="scavenge" contextid="377" durationms="0.271" usertimems="0.000" systemtimems="0.000" timestamp="2019-06-14T20:05:47.968" activeThreads="4">
  <mem-info id="382" free="6719976" total="8519680" percent="78">
    <mem type="nursery" free="1860496" total="2228224" percent="83">
      <mem type="allocate" free="1860496" total="1966080" percent="94" />
      <mem type="survivor" free="0" total="262144" percent="0" />
    </mem>
    <mem type="tenure" free="4859480" total="6291456" percent="77">
      <mem type="soa" free="4545112" total="5977088" percent="76" />
      <mem type="loa" free="314368" total="314368" percent="100" />
    </mem>
    <remembered-set count="56" />
  </mem-info>
</gc-end>
<cycle-end id="383" type="scavenge" contextid="377" timestamp="2019-06-14T20:05:47.968" />
  <attribute name="elasticGC enabled" value="1" />
  <attribute name= "numThreadsSpecified" value="4" />
  <attribute name="heapSize specified" value="0" />
  <attribute name="Current GC Util" value="35" />
  <attribute name= "Current Time Running" value="737" />
  <attribute name ="GC Interval" value="200" />
  <attribute name="ProportionalT" value="7.500000" />
  <attribute name="ProportionalI" value="7.500000" />
  <attribute name="ProportionalH" value="7.500000" />
  <attribute name="Current Error" value="15.000000" />
  <attribute name="IntegralT" value="15.000000" />
  <attribute name="IntegralI" value="15.000000" />
  <attribute name="IntegralH" value="15.000000" />
  <attribute name="DerivativeT" value="0.000000" />
  <attribute name="DerivativeI" value="0.000000" />
  <attribute name="DerivativeH" value="0.000000" />
  <attribute name="Loop Time for DT" value="1.000000" />
  <attribute name="Output H" value="8388608"/>
  <attribute name="Output I" value="200"/>
  <attribute name="Output T" value="4"/>
  <attribute name="Target GC Util Change" value ="20.000000" />
  <attribute name="Current GC Util Change" value="35.000000"/>
  <attribute name="GC Util currently" value="35" />
  <attribute name="CPU Util currently" value="5227193250031" />
<allocation-satisfied id="384" threadId="00000000014C6700" bytesRequested="33328" />
<af-end id="385" timestamp="2019-06-14T20:05:47.968" threadId="00000000014C7088" success="true" from="nursery"/>
<exclusive-end id="386" timestamp="2019-06-14T20:05:47.968" durationms="0.651" />

<exclusive-start id="387" timestamp="2019-06-14T20:05:47.968" intervalms="0.831">
  <response-info timems="0.019" idlems="0.019" threads="0" lastid="00000000014C6700" lastname="main" />
</exclusive-start>
<af-start id="388" threadId="00000000014C7088" totalBytesRequested="67920" timestamp="2019-06-14T20:05:47.969" intervalms="0.830" type="nursery" />
<cycle-start id="389" type="scavenge" contextid="0" timestamp="2019-06-14T20:05:47.969" intervalms="0.830" />
<gc-start id="390" type="scavenge" contextid="389" timestamp="2019-06-14T20:05:47.969">
  <mem-info id="391" free="4884968" total="8519680" percent="57">
    <mem type="nursery" free="25488" total="2228224" percent="1">
      <mem type="allocate" free="25488" total="1966080" percent="1" />
      <mem type="survivor" free="0" total="262144" percent="0" />
    </mem>
    <mem type="tenure" free="4859480" total="6291456" percent="77">
      <mem type="soa" free="4545112" total="5977088" percent="76" />
      <mem type="loa" free="314368" total="314368" percent="100" />
    </mem>
    <remembered-set count="56" />
  </mem-info>
</gc-start>
<allocation-stats totalBytes="1610712" >
  <allocated-bytes non-tlh="569736" tlh="1040976" />
  <largest-consumer threadName="main" threadId="00000000014C6700" bytes="1610712" />
</allocation-stats>
<gc-op id="392" type="scavenge" timems="0.133" contextid="389" timestamp="2019-06-14T20:05:47.969">
  <scavenger-info tenureage="14" tenuremask="4000" tiltratio="88" />
  <memory-copied type="nursery" objects="2" bytes="33984" bytesdiscarded="5184" />
</gc-op>
<gc-end id="393" type="scavenge" contextid="389" durationms="0.289" usertimems="0.000" systemtimems="0.000" timestamp="2019-06-14T20:05:47.969" activeThreads="4">
  <mem-info id="394" free="6786392" total="8519680" percent="79">
    <mem type="nursery" free="1926912" total="2228224" percent="86">
      <mem type="allocate" free="1926912" total="1966080" percent="98" />
      <mem type="survivor" free="0" total="262144" percent="0" />
    </mem>
    <mem type="tenure" free="4859480" total="6291456" percent="77">
      <mem type="soa" free="4545112" total="5977088" percent="76" />
      <mem type="loa" free="314368" total="314368" percent="100" />
    </mem>
    <remembered-set count="56" />
  </mem-info>
</gc-end>
<cycle-end id="395" type="scavenge" contextid="389" timestamp="2019-06-14T20:05:47.969" />
  <attribute name="elasticGC enabled" value="1" />
  <attribute name= "numThreadsSpecified" value="4" />
  <attribute name="heapSize specified" value="0" />
  <attribute name="Current GC Util" value="37" />
  <attribute name= "Current Time Running" value="738" />
  <attribute name ="GC Interval" value="200" />
  <attribute name="ProportionalT" value="8.500000" />
  <attribute name="ProportionalI" value="8.500000" />
  <attribute name="ProportionalH" value="8.500000" />
  <attribute name="Current Error" value="17.000000" />
  <attribute name="IntegralT" value="17.000000" />
  <attribute name="IntegralI" value="17.000000" />
  <attribute name="IntegralH" value="17.000000" />
  <attribute name="DerivativeT" value="1.000000" />
  <attribute name="DerivativeI" value="1.000000" />
  <attribute name="DerivativeH" value="1.000000" />
  <attribute name="Loop Time for DT" value="1.000000" />
  <attribute name="Output H" value="8388608"/>
  <attribute name="Output I" value="200"/>
  <attribute name="Output T" value="4"/>
  <attribute name="Target GC Util Change" value ="20.000000" />
  <attribute name="Current GC Util Change" value="37.000000"/>
  <attribute name="GC Util currently" value="37" />
  <attribute name="CPU Util currently" value="5571714757155" />
<allocation-satisfied id="396" threadId="00000000014C6700" bytesRequested="67920" />
<af-end id="397" timestamp="2019-06-14T20:05:47.969" threadId="00000000014C7088" success="true" from="nursery"/>
<exclusive-end id="398" timestamp="2019-06-14T20:05:47.969" durationms="0.668" />

<exclusive-start id="399" timestamp="2019-06-14T20:05:47.969" intervalms="0.852">
  <response-info timems="0.018" idlems="0.018" threads="0" lastid="00000000014C6700" lastname="main" />
</exclusive-start>
<af-start id="400" threadId="00000000014C7088" totalBytesRequested="69464" timestamp="2019-06-14T20:05:47.969" intervalms="0.853" type="nursery" />
<cycle-start id="401" type="scavenge" contextid="0" timestamp="2019-06-14T20:05:47.969" intervalms="0.854" />
<gc-start id="402" type="scavenge" contextid="401" timestamp="2019-06-14T20:05:47.969">
  <mem-info id="403" free="4859480" total="8519680" percent="57">
    <mem type="nursery" free="0" total="2228224" percent="0">
      <mem type="allocate" free="0" total="1966080" percent="0" />
      <mem type="survivor" free="0" total="262144" percent="0" />
    </mem>
    <mem type="tenure" free="4859480" total="6291456" percent="77">
      <mem type="soa" free="4545112" total="5977088" percent="76" />
      <mem type="loa" free="314368" total="314368" percent="100" />
    </mem>
    <remembered-set count="56" />
  </mem-info>
</gc-start>
<allocation-stats totalBytes="1693424" >
  <allocated-bytes non-tlh="617616" tlh="1075808" />
  <largest-consumer threadName="main" threadId="00000000014C6700" bytes="1693424" />
</allocation-stats>
<gc-op id="404" type="scavenge" timems="0.132" contextid="401" timestamp="2019-06-14T20:05:47.970">
  <scavenger-info tenureage="14" tenuremask="4000" tiltratio="88" />
  <memory-copied type="nursery" objects="2" bytes="34760" bytesdiscarded="4408" />
</gc-op>
<gc-end id="405" type="scavenge" contextid="401" durationms="0.288" usertimems="0.000" systemtimems="0.000" timestamp="2019-06-14T20:05:47.970" activeThreads="4">
  <mem-info id="406" free="6786392" total="8519680" percent="79">
    <mem type="nursery" free="1926912" total="2228224" percent="86">
      <mem type="allocate" free="1926912" total="1966080" percent="98" />
      <mem type="survivor" free="0" total="262144" percent="0" />
    </mem>
    <mem type="tenure" free="4859480" total="6291456" percent="77">
      <mem type="soa" free="4545112" total="5977088" percent="76" />
      <mem type="loa" free="314368" total="314368" percent="100" />
    </mem>
    <remembered-set count="56" />
  </mem-info>
</gc-end>
<cycle-end id="407" type="scavenge" contextid="401" timestamp="2019-06-14T20:05:47.970" />
  <attribute name="elasticGC enabled" value="1" />
  <attribute name= "numThreadsSpecified" value="4" />
  <attribute name="heapSize specified" value="0" />
  <attribute name="Current GC Util" value="37" />
  <attribute name= "Current Time Running" value="739" />
  <attribute name ="GC Interval" value="200" />
  <attribute name="ProportionalT" value="8.500000" />
  <attribute name="ProportionalI" value="8.500000" />
  <attribute name="ProportionalH" value="8.500000" />
  <attribute name="Current Error" value="17.000000" />
  <attribute name="IntegralT" value="17.000000" />
  <attribute name="IntegralI" value="17.000000" />
  <attribute name="IntegralH" value="17.000000" />
  <attribute name="DerivativeT" value="0.000000" />
  <attribute name="DerivativeI" value="0.000000" />
  <attribute name="DerivativeH" value="0.000000" />
  <attribute name="Loop Time for DT" value="1.000000" />
  <attribute name="Output H" value="8388608"/>
  <attribute name="Output I" value="200"/>
  <attribute name="Output T" value="4"/>
  <attribute name="Target GC Util Change" value ="20.000000" />
  <attribute name="Current GC Util Change" value="37.000000"/>
  <attribute name="GC Util currently" value="37" />
  <attribute name="CPU Util currently" value="5405468213906" />
<allocation-satisfied id="408" threadId="00000000014C6700" bytesRequested="69464" />
<af-end id="409" timestamp="2019-06-14T20:05:47.970" threadId="00000000014C7088" success="true" from="nursery"/>
<exclusive-end id="410" timestamp="2019-06-14T20:05:47.970" durationms="0.669" />

<exclusive-start id="411" timestamp="2019-06-14T20:05:47.970" intervalms="0.863">
  <response-info timems="0.018" idlems="0.018" threads="0" lastid="00000000014C6700" lastname="main" />
</exclusive-start>
<af-start id="412" threadId="00000000014C7088" totalBytesRequested="71000" timestamp="2019-06-14T20:05:47.970" intervalms="0.862" type="nursery" />
<cycle-start id="413" type="scavenge" contextid="0" timestamp="2019-06-14T20:05:47.970" intervalms="0.861" />
<gc-start id="414" type="scavenge" contextid="413" timestamp="2019-06-14T20:05:47.970">
  <mem-info id="415" free="4859480" total="8519680" percent="57">
    <mem type="nursery" free="0" total="2228224" percent="0">
      <mem type="allocate" free="0" total="1966080" percent="0" />
      <mem type="survivor" free="0" total="262144" percent="0" />
    </mem>
    <mem type="tenure" free="4859480" total="6291456" percent="77">
      <mem type="soa" free="4545112" total="5977088" percent="76" />
      <mem type="loa" free="314368" total="314368" percent="100" />
    </mem>
    <remembered-set count="56" />
  </mem-info>
</gc-start>
<allocation-stats totalBytes="1698504" >
  <allocated-bytes non-tlh="736496" tlh="962008" />
  <largest-consumer threadName="main" threadId="00000000014C6700" bytes="1698504" />
</allocation-stats>
<gc-op id="416" type="scavenge" timems="0.098" contextid="413" timestamp="2019-06-14T20:05:47.971">
  <scavenger-info tenureage="14" tenuremask="4000" tiltratio="88" />
  <memory-copied type="nursery" objects="2" bytes="35528" bytesdiscarded="3640" />
</gc-op>
<gc-end id="417" type="scavenge" contextid="413" durationms="0.264" usertimems="0.000" systemtimems="0.000" timestamp="2019-06-14T20:05:47.971" activeThreads="4">
  <mem-info id="418" free="6786392" total="8519680" percent="79">
    <mem type="nursery" free="1926912" total="2228224" percent="86">
      <mem type="allocate" free="1926912" total="1966080" percent="98" />
      <mem type="survivor" free="0" total="262144" percent="0" />
    </mem>
    <mem type="tenure" free="4859480" total="6291456" percent="77">
      <mem type="soa" free="4545112" total="5977088" percent="76" />
      <mem type="loa" free="314368" total="314368" percent="100" />
    </mem>
    <remembered-set count="56" />
  </mem-info>
</gc-end>
<cycle-end id="419" type="scavenge" contextid="413" timestamp="2019-06-14T20:05:47.971" />
  <attribute name="elasticGC enabled" value="1" />
  <attribute name= "numThreadsSpecified" value="4" />
  <attribute name="heapSize specified" value="0" />
  <attribute name="Current GC Util" value="36" />
  <attribute name= "Current Time Running" value="740" />
  <attribute name ="GC Interval" value="200" />
  <attribute name="ProportionalT" value="8.000000" />
  <attribute name="ProportionalI" value="8.000000" />
  <attribute name="ProportionalH" value="8.000000" />
  <attribute name="Current Error" value="16.000000" />
  <attribute name="IntegralT" value="16.000000" />
  <attribute name="IntegralI" value="16.000000" />
  <attribute name="IntegralH" value="16.000000" />
  <attribute name="DerivativeT" value="-0.500000" />
  <attribute name="DerivativeI" value="-0.500000" />
  <attribute name="DerivativeH" value="-0.500000" />
  <attribute name="Loop Time for DT" value="1.000000" />
  <attribute name="Output H" value="8388608"/>
  <attribute name="Output I" value="200"/>
  <attribute name="Output T" value="4"/>
  <attribute name="Target GC Util Change" value ="20.000000" />
  <attribute name="Current GC Util Change" value="36.000000"/>
  <attribute name="GC Util currently" value="36" />
  <attribute name="CPU Util currently" value="5318774542906" />
<allocation-satisfied id="420" threadId="00000000014C6700" bytesRequested="71000" />
<af-end id="421" timestamp="2019-06-14T20:05:47.971" threadId="00000000014C7088" success="true" from="nursery"/>
<exclusive-end id="422" timestamp="2019-06-14T20:05:47.971" durationms="0.644" />

<exclusive-start id="423" timestamp="2019-06-14T20:05:47.971" intervalms="0.832">
  <response-info timems="0.019" idlems="0.019" threads="0" lastid="00000000014C6700" lastname="main" />
</exclusive-start>
<af-start id="424" threadId="00000000014C7088" totalBytesRequested="72432" timestamp="2019-06-14T20:05:47.971" intervalms="0.832" type="nursery" />
<cycle-start id="425" type="scavenge" contextid="0" timestamp="2019-06-14T20:05:47.971" intervalms="0.832" />
<gc-start id="426" type="scavenge" contextid="425" timestamp="2019-06-14T20:05:47.971">
  <mem-info id="427" free="4859480" total="8519680" percent="57">
    <mem type="nursery" free="0" total="2228224" percent="0">
      <mem type="allocate" free="0" total="1966080" percent="0" />
      <mem type="survivor" free="0" total="262144" percent="0" />
    </mem>
    <mem type="tenure" free="4859480" total="6291456" percent="77">
      <mem type="soa" free="4545112" total="5977088" percent="76" />
      <mem type="loa" free="314368" total="314368" percent="100" />
    </mem>
    <remembered-set count="56" />
  </mem-info>
</gc-start>
<allocation-stats totalBytes="1727288" >
  <allocated-bytes non-tlh="679984" tlh="1047304" />
  <largest-consumer threadName="main" threadId="00000000014C6700" bytes="1727288" />
</allocation-stats>
<gc-op id="428" type="scavenge" timems="0.132" contextid="425" timestamp="2019-06-14T20:05:47.971">
  <scavenger-info tenureage="14" tenuremask="4000" tiltratio="88" />
  <memory-copied type="nursery" objects="2" bytes="36248" bytesdiscarded="2920" />
</gc-op>
<gc-end id="429" type="scavenge" contextid="425" durationms="0.293" usertimems="0.000" systemtimems="0.000" timestamp="2019-06-14T20:05:47.971" activeThreads="4">
  <mem-info id="430" free="6786392" total="8519680" percent="79">
    <mem type="nursery" free="1926912" total="2228224" percent="86">
      <mem type="allocate" free="1926912" total="1966080" percent="98" />
      <mem type="survivor" free="0" total="262144" percent="0" />
    </mem>
    <mem type="tenure" free="4859480" total="6291456" percent="77">
      <mem type="soa" free="4545112" total="5977088" percent="76" />
      <mem type="loa" free="314368" total="314368" percent="100" />
    </mem>
    <remembered-set count="56" />
  </mem-info>
</gc-end>
<cycle-end id="431" type="scavenge" contextid="425" timestamp="2019-06-14T20:05:47.972" />
  <attribute name="elasticGC enabled" value="1" />
  <attribute name= "numThreadsSpecified" value="4" />
  <attribute name="heapSize specified" value="0" />
  <attribute name="Current GC Util" value="37" />
  <attribute name= "Current Time Running" value="741" />
  <attribute name ="GC Interval" value="200" />
  <attribute name="ProportionalT" value="8.500000" />
  <attribute name="ProportionalI" value="8.500000" />
  <attribute name="ProportionalH" value="8.500000" />
  <attribute name="Current Error" value="17.000000" />
  <attribute name="IntegralT" value="17.000000" />
  <attribute name="IntegralI" value="17.000000" />
  <attribute name="IntegralH" value="17.000000" />
  <attribute name="DerivativeT" value="0.500000" />
  <attribute name="DerivativeI" value="0.500000" />
  <attribute name="DerivativeH" value="0.500000" />
  <attribute name="Loop Time for DT" value="1.000000" />
  <attribute name="Output H" value="8388608"/>
  <attribute name="Output I" value="200"/>
  <attribute name="Output T" value="4"/>
  <attribute name="Target GC Util Change" value ="20.000000" />
  <attribute name="Current GC Util Change" value="37.000000"/>
  <attribute name="GC Util currently" value="37" />
  <attribute name="CPU Util currently" value="5555933600886" />
<allocation-satisfied id="432" threadId="00000000014C6700" bytesRequested="72432" />
<af-end id="433" timestamp="2019-06-14T20:05:47.972" threadId="00000000014C7088" success="true" from="nursery"/>
<exclusive-end id="434" timestamp="2019-06-14T20:05:47.972" durationms="0.642" />

<exclusive-start id="435" timestamp="2019-06-14T20:05:47.972" intervalms="0.826">
  <response-info timems="0.020" idlems="0.020" threads="0" lastid="00000000014C6700" lastname="main" />
</exclusive-start>
<af-start id="436" threadId="00000000014C7088" totalBytesRequested="73768" timestamp="2019-06-14T20:05:47.972" intervalms="0.831" type="nursery" />
<cycle-start id="437" type="scavenge" contextid="0" timestamp="2019-06-14T20:05:47.972" intervalms="0.831" />
<gc-start id="438" type="scavenge" contextid="437" timestamp="2019-06-14T20:05:47.972">
  <mem-info id="439" free="4859480" total="8519680" percent="57">
    <mem type="nursery" free="0" total="2228224" percent="0">
      <mem type="allocate" free="0" total="1966080" percent="0" />
      <mem type="survivor" free="0" total="262144" percent="0" />
    </mem>
    <mem type="tenure" free="4859480" total="6291456" percent="77">
      <mem type="soa" free="4545112" total="5977088" percent="76" />
      <mem type="loa" free="314368" total="314368" percent="100" />
    </mem>
    <remembered-set count="56" />
  </mem-info>
</gc-start>
<allocation-stats totalBytes="1759408" >
  <allocated-bytes non-tlh="766992" tlh="992416" />
  <largest-consumer threadName="main" threadId="00000000014C6700" bytes="1759408" />
</allocation-stats>
<gc-op id="440" type="scavenge" timems="0.087" contextid="437" timestamp="2019-06-14T20:05:47.972">
  <scavenger-info tenureage="14" tenuremask="4000" tiltratio="88" />
  <memory-copied type="nursery" objects="2" bytes="36912" bytesdiscarded="2256" />
</gc-op>
<gc-end id="441" type="scavenge" contextid="437" durationms="0.243" usertimems="0.000" systemtimems="0.000" timestamp="2019-06-14T20:05:47.972" activeThreads="1">
  <mem-info id="442" free="6786392" total="8519680" percent="79">
    <mem type="nursery" free="1926912" total="2228224" percent="86">
      <mem type="allocate" free="1926912" total="1966080" percent="98" />
      <mem type="survivor" free="0" total="262144" percent="0" />
    </mem>
    <mem type="tenure" free="4859480" total="6291456" percent="77">
      <mem type="soa" free="4545112" total="5977088" percent="76" />
      <mem type="loa" free="314368" total="314368" percent="100" />
    </mem>
    <remembered-set count="56" />
  </mem-info>
</gc-end>
<cycle-end id="443" type="scavenge" contextid="437" timestamp="2019-06-14T20:05:47.972" />
  <attribute name="elasticGC enabled" value="1" />
  <attribute name= "numThreadsSpecified" value="1" />
  <attribute name="heapSize specified" value="0" />
  <attribute name="Current GC Util" value="39" />
  <attribute name= "Current Time Running" value="741" />
  <attribute name ="GC Interval" value="200" />
  <attribute name="ProportionalT" value="9.500000" />
  <attribute name="ProportionalI" value="9.500000" />
  <attribute name="ProportionalH" value="9.500000" />
  <attribute name="Current Error" value="19.000000" />
  <attribute name="IntegralT" value="0.000000" />
  <attribute name="IntegralI" value="0.000000" />
  <attribute name="IntegralH" value="0.000000" />
  <attribute name="DerivativeT" value="inf" />
  <attribute name="DerivativeI" value="inf" />
  <attribute name="DerivativeH" value="inf" />
  <attribute name="Loop Time for DT" value="0.000000" />
  <attribute name="Output H" value="8388608"/>
  <attribute name="Output I" value="200"/>
  <attribute name="Output T" value="1"/>
  <attribute name="Target GC Util Change" value ="20.000000" />
  <attribute name="Current GC Util Change" value="39.000000"/>
  <attribute name="GC Util currently" value="39" />
  <attribute name="CPU Util currently" value="5569635470929" />
<allocation-satisfied id="444" threadId="00000000014C6700" bytesRequested="73768" />
<af-end id="445" timestamp="2019-06-14T20:05:47.972" threadId="00000000014C7088" success="true" from="nursery"/>
<exclusive-end id="446" timestamp="2019-06-14T20:05:47.972" durationms="0.627" />

<exclusive-start id="447" timestamp="2019-06-14T20:05:47.973" intervalms="0.808">
  <response-info timems="0.029" idlems="0.029" threads="0" lastid="00000000014C6700" lastname="main" />
</exclusive-start>
<af-start id="448" threadId="00000000014C7088" totalBytesRequested="75344" timestamp="2019-06-14T20:05:47.973" intervalms="0.806" type="nursery" />
<cycle-start id="449" type="scavenge" contextid="0" timestamp="2019-06-14T20:05:47.973" intervalms="0.806" />
<gc-start id="450" type="scavenge" contextid="449" timestamp="2019-06-14T20:05:47.973">
  <mem-info id="451" free="4904632" total="8519680" percent="57">
    <mem type="nursery" free="45152" total="2228224" percent="2">
      <mem type="allocate" free="45152" total="1966080" percent="2" />
      <mem type="survivor" free="0" total="262144" percent="0" />
    </mem>
    <mem type="tenure" free="4859480" total="6291456" percent="77">
      <mem type="soa" free="4545112" total="5977088" percent="76" />
      <mem type="loa" free="314368" total="314368" percent="100" />
    </mem>
    <remembered-set count="56" />
  </mem-info>
</gc-start>
<allocation-stats totalBytes="1696432" >
  <allocated-bytes non-tlh="706208" tlh="990224" />
  <largest-consumer threadName="main" threadId="00000000014C6700" bytes="1696432" />
</allocation-stats>
<gc-op id="452" type="scavenge" timems="0.137" contextid="449" timestamp="2019-06-14T20:05:47.973">
  <scavenger-info tenureage="14" tenuremask="4000" tiltratio="88" />
  <memory-copied type="nursery" objects="2" bytes="37696" bytesdiscarded="1472" />
</gc-op>
<gc-end id="453" type="scavenge" contextid="449" durationms="0.294" usertimems="0.000" systemtimems="4.000" timestamp="2019-06-14T20:05:47.973" activeThreads="4">
  <mem-info id="454" free="6786392" total="8519680" percent="79">
    <mem type="nursery" free="1926912" total="2228224" percent="86">
      <mem type="allocate" free="1926912" total="1966080" percent="98" />
      <mem type="survivor" free="0" total="262144" percent="0" />
    </mem>
    <mem type="tenure" free="4859480" total="6291456" percent="77">
      <mem type="soa" free="4545112" total="5977088" percent="76" />
      <mem type="loa" free="314368" total="314368" percent="100" />
    </mem>
    <remembered-set count="56" />
  </mem-info>
</gc-end>
<cycle-end id="455" type="scavenge" contextid="449" timestamp="2019-06-14T20:05:47.973" />
  <attribute name="elasticGC enabled" value="1" />
  <attribute name= "numThreadsSpecified" value="4" />
  <attribute name="heapSize specified" value="0" />
  <attribute name="Current GC Util" value="33" />
  <attribute name= "Current Time Running" value="742" />
  <attribute name ="GC Interval" value="200" />
  <attribute name="ProportionalT" value="6.500000" />
  <attribute name="ProportionalI" value="6.500000" />
  <attribute name="ProportionalH" value="6.500000" />
  <attribute name="Current Error" value="13.000000" />
  <attribute name="IntegralT" value="13.000000" />
  <attribute name="IntegralI" value="13.000000" />
  <attribute name="IntegralH" value="13.000000" />
  <attribute name="DerivativeT" value="-3.000000" />
  <attribute name="DerivativeI" value="-3.000000" />
  <attribute name="DerivativeH" value="-3.000000" />
  <attribute name="Loop Time for DT" value="1.000000" />
  <attribute name="Output H" value="8388608"/>
  <attribute name="Output I" value="200"/>
  <attribute name="Output T" value="4"/>
  <attribute name="Target GC Util Change" value ="20.000000" />
  <attribute name="Current GC Util Change" value="33.000000"/>
  <attribute name="GC Util currently" value="33" />
  <attribute name="CPU Util currently" value="5720559216037" />
<allocation-satisfied id="456" threadId="00000000014C6700" bytesRequested="75344" />
<af-end id="457" timestamp="2019-06-14T20:05:47.973" threadId="00000000014C7088" success="true" from="nursery"/>
<exclusive-end id="458" timestamp="2019-06-14T20:05:47.973" durationms="0.675" />

<exclusive-start id="459" timestamp="2019-06-14T20:05:47.974" intervalms="0.853">
  <response-info timems="0.019" idlems="0.019" threads="0" lastid="00000000014C6700" lastname="main" />
</exclusive-start>
<af-start id="460" threadId="00000000014C7088" totalBytesRequested="76664" timestamp="2019-06-14T20:05:47.974" intervalms="0.853" type="nursery" />
<cycle-start id="461" type="scavenge" contextid="0" timestamp="2019-06-14T20:05:47.974" intervalms="0.854" />
<gc-start id="462" type="scavenge" contextid="461" timestamp="2019-06-14T20:05:47.974">
  <mem-info id="463" free="4874728" total="8519680" percent="57">
    <mem type="nursery" free="15248" total="2228224" percent="0">
      <mem type="allocate" free="15248" total="1966080" percent="0" />
      <mem type="survivor" free="0" total="262144" percent="0" />
    </mem>
    <mem type="tenure" free="4859480" total="6291456" percent="77">
      <mem type="soa" free="4545112" total="5977088" percent="76" />
      <mem type="loa" free="314368" total="314368" percent="100" />
    </mem>
    <remembered-set count="56" />
  </mem-info>
</gc-start>
<allocation-stats totalBytes="1727480" >
  <allocated-bytes non-tlh="796696" tlh="930784" />
  <largest-consumer threadName="main" threadId="00000000014C6700" bytes="1727480" />
</allocation-stats>
<gc-op id="464" type="scavenge" timems="0.132" contextid="461" timestamp="2019-06-14T20:05:47.974">
  <scavenger-info tenureage="14" tenuremask="4000" tiltratio="88" />
  <memory-copied type="nursery" objects="2" bytes="38360" bytesdiscarded="808" />
</gc-op>
<gc-end id="465" type="scavenge" contextid="461" durationms="0.289" usertimems="0.000" systemtimems="0.000" timestamp="2019-06-14T20:05:47.974" activeThreads="4">
  <mem-info id="466" free="6786392" total="8519680" percent="79">
    <mem type="nursery" free="1926912" total="2228224" percent="86">
      <mem type="allocate" free="1926912" total="1966080" percent="98" />
      <mem type="survivor" free="0" total="262144" percent="0" />
    </mem>
    <mem type="tenure" free="4859480" total="6291456" percent="77">
      <mem type="soa" free="4545112" total="5977088" percent="76" />
      <mem type="loa" free="314368" total="314368" percent="100" />
    </mem>
    <remembered-set count="56" />
  </mem-info>
</gc-end>
<cycle-end id="467" type="scavenge" contextid="461" timestamp="2019-06-14T20:05:47.974" />
  <attribute name="elasticGC enabled" value="1" />
  <attribute name= "numThreadsSpecified" value="4" />
  <attribute name="heapSize specified" value="0" />
  <attribute name="Current GC Util" value="38" />
  <attribute name= "Current Time Running" value="743" />
  <attribute name ="GC Interval" value="200" />
  <attribute name="ProportionalT" value="9.000000" />
  <attribute name="ProportionalI" value="9.000000" />
  <attribute name="ProportionalH" value="9.000000" />
  <attribute name="Current Error" value="18.000000" />
  <attribute name="IntegralT" value="18.000000" />
  <attribute name="IntegralI" value="18.000000" />
  <attribute name="IntegralH" value="18.000000" />
  <attribute name="DerivativeT" value="2.500000" />
  <attribute name="DerivativeI" value="2.500000" />
  <attribute name="DerivativeH" value="2.500000" />
  <attribute name="Loop Time for DT" value="1.000000" />
  <attribute name="Output H" value="8388608"/>
  <attribute name="Output I" value="200"/>
  <attribute name="Output T" value="4"/>
  <attribute name="Target GC Util Change" value ="20.000000" />
  <attribute name="Current GC Util Change" value="38.000000"/>
  <attribute name="GC Util currently" value="38" />
  <attribute name="CPU Util currently" value="5405506229405" />
<allocation-satisfied id="468" threadId="00000000014C6700" bytesRequested="76664" />
<af-end id="469" timestamp="2019-06-14T20:05:47.974" threadId="00000000014C7088" success="true" from="nursery"/>
<exclusive-end id="470" timestamp="2019-06-14T20:05:47.974" durationms="0.670" />

<exclusive-start id="471" timestamp="2019-06-14T20:05:47.974" intervalms="0.849">
  <response-info timems="0.020" idlems="0.020" threads="0" lastid="00000000014C6700" lastname="main" />
</exclusive-start>
<af-start id="472" threadId="00000000014C7088" totalBytesRequested="78112" timestamp="2019-06-14T20:05:47.974" intervalms="0.851" type="nursery" />
<cycle-start id="473" type="scavenge" contextid="0" timestamp="2019-06-14T20:05:47.974" intervalms="0.857" />
<gc-start id="474" type="scavenge" contextid="473" timestamp="2019-06-14T20:05:47.975">
  <mem-info id="475" free="4877432" total="8519680" percent="57">
    <mem type="nursery" free="17952" total="2228224" percent="0">
      <mem type="allocate" free="17952" total="1966080" percent="0" />
      <mem type="survivor" free="0" total="262144" percent="0" />
    </mem>
    <mem type="tenure" free="4859480" total="6291456" percent="77">
      <mem type="soa" free="4545112" total="5977088" percent="76" />
      <mem type="loa" free="314368" total="314368" percent="100" />
    </mem>
    <remembered-set count="56" />
  </mem-info>
</gc-start>
<allocation-stats totalBytes="1756176" >
  <allocated-bytes non-tlh="733408" tlh="1022768" />
  <largest-consumer threadName="main" threadId="00000000014C6700" bytes="1756176" />
</allocation-stats>
<gc-op id="476" type="scavenge" timems="0.134" contextid="473" timestamp="2019-06-14T20:05:47.975">
  <scavenger-info tenureage="14" tenuremask="4000" tiltratio="88" />
  <memory-copied type="nursery" objects="2" bytes="39080" bytesdiscarded="88" />
</gc-op>
<gc-end id="477" type="scavenge" contextid="473" durationms="0.315" usertimems="0.000" systemtimems="0.000" timestamp="2019-06-14T20:05:47.975" activeThreads="4">
  <mem-info id="478" free="6786392" total="8519680" percent="79">
    <mem type="nursery" free="1926912" total="2228224" percent="86">
      <mem type="allocate" free="1926912" total="1966080" percent="98" />
      <mem type="survivor" free="0" total="262144" percent="0" />
    </mem>
    <mem type="tenure" free="4859480" total="6291456" percent="77">
      <mem type="soa" free="4545112" total="5977088" percent="76" />
      <mem type="loa" free="314368" total="314368" percent="100" />
    </mem>
    <remembered-set count="56" />
  </mem-info>
</gc-end>
<cycle-end id="479" type="scavenge" contextid="473" timestamp="2019-06-14T20:05:47.975" />
  <attribute name="elasticGC enabled" value="1" />
  <attribute name= "numThreadsSpecified" value="4" />
  <attribute name="heapSize specified" value="0" />
  <attribute name="Current GC Util" value="36" />
  <attribute name= "Current Time Running" value="744" />
  <attribute name ="GC Interval" value="200" />
  <attribute name="ProportionalT" value="8.000000" />
  <attribute name="ProportionalI" value="8.000000" />
  <attribute name="ProportionalH" value="8.000000" />
  <attribute name="Current Error" value="16.000000" />
  <attribute name="IntegralT" value="16.000000" />
  <attribute name="IntegralI" value="16.000000" />
  <attribute name="IntegralH" value="16.000000" />
  <attribute name="DerivativeT" value="-1.000000" />
  <attribute name="DerivativeI" value="-1.000000" />
  <attribute name="DerivativeH" value="-1.000000" />
  <attribute name="Loop Time for DT" value="1.000000" />
  <attribute name="Output H" value="8388608"/>
  <attribute name="Output I" value="200"/>
  <attribute name="Output T" value="4"/>
  <attribute name="Target GC Util Change" value ="20.000000" />
  <attribute name="Current GC Util Change" value="36.000000"/>
  <attribute name="GC Util currently" value="36" />
  <attribute name="CPU Util currently" value="5245022482324" />
<allocation-satisfied id="480" threadId="00000000014C6700" bytesRequested="78112" />
<af-end id="481" timestamp="2019-06-14T20:05:47.975" threadId="00000000014C7088" success="true" from="nursery"/>
<exclusive-end id="482" timestamp="2019-06-14T20:05:47.975" durationms="0.741" />

<exclusive-start id="483" timestamp="2019-06-14T20:05:47.975" intervalms="0.956">
  <response-info timems="0.030" idlems="0.030" threads="0" lastid="00000000014C6700" lastname="main" />
</exclusive-start>
<af-start id="484" threadId="00000000014C7088" totalBytesRequested="79384" timestamp="2019-06-14T20:05:47.975" intervalms="0.961" type="nursery" />
<cycle-start id="485" type="scavenge" contextid="0" timestamp="2019-06-14T20:05:47.975" intervalms="0.960" />
<gc-start id="486" type="scavenge" contextid="485" timestamp="2019-06-14T20:05:47.976">
  <mem-info id="487" free="4859480" total="8519680" percent="57">
    <mem type="nursery" free="0" total="2228224" percent="0">
      <mem type="allocate" free="0" total="1966080" percent="0" />
      <mem type="survivor" free="0" total="262144" percent="0" />
    </mem>
    <mem type="tenure" free="4859480" total="6291456" percent="77">
      <mem type="soa" free="4545112" total="5977088" percent="76" />
      <mem type="loa" free="314368" total="314368" percent="100" />
    </mem>
    <remembered-set count="56" />
  </mem-info>
</gc-start>
<allocation-stats totalBytes="1745880" >
  <allocated-bytes non-tlh="706432" tlh="1039448" />
  <largest-consumer threadName="main" threadId="00000000014C6700" bytes="1745880" />
</allocation-stats>
<gc-op id="488" type="scavenge" timems="0.132" contextid="485" timestamp="2019-06-14T20:05:47.976">
  <scavenger-info tenureage="14" tenuremask="4000" tiltratio="88" />
  <memory-copied type="nursery" objects="2" bytes="39720" bytesdiscarded="39144" />
</gc-op>
<gc-end id="489" type="scavenge" contextid="485" durationms="0.316" usertimems="0.000" systemtimems="0.000" timestamp="2019-06-14T20:05:47.976" activeThreads="4">
  <mem-info id="490" free="6746696" total="8519680" percent="79">
    <mem type="nursery" free="1887216" total="2228224" percent="84">
      <mem type="allocate" free="1887216" total="1966080" percent="95" />
      <mem type="survivor" free="0" total="262144" percent="0" />
    </mem>
    <mem type="tenure" free="4859480" total="6291456" percent="77">
      <mem type="soa" free="4545112" total="5977088" percent="76" />
      <mem type="loa" free="314368" total="314368" percent="100" />
    </mem>
    <remembered-set count="56" />
  </mem-info>
</gc-end>
<cycle-end id="491" type="scavenge" contextid="485" timestamp="2019-06-14T20:05:47.976" />
  <attribute name="elasticGC enabled" value="1" />
  <attribute name= "numThreadsSpecified" value="4" />
  <attribute name="heapSize specified" value="0" />
  <attribute name="Current GC Util" value="34" />
  <attribute name= "Current Time Running" value="745" />
  <attribute name ="GC Interval" value="200" />
  <attribute name="ProportionalT" value="7.000000" />
  <attribute name="ProportionalI" value="7.000000" />
  <attribute name="ProportionalH" value="7.000000" />
  <attribute name="Current Error" value="14.000000" />
  <attribute name="IntegralT" value="14.000000" />
  <attribute name="IntegralI" value="14.000000" />
  <attribute name="IntegralH" value="14.000000" />
  <attribute name="DerivativeT" value="-1.000000" />
  <attribute name="DerivativeI" value="-1.000000" />
  <attribute name="DerivativeH" value="-1.000000" />
  <attribute name="Loop Time for DT" value="1.000000" />
  <attribute name="Output H" value="8388608"/>
  <attribute name="Output I" value="200"/>
  <attribute name="Output T" value="4"/>
  <attribute name="Target GC Util Change" value ="20.000000" />
  <attribute name="Current GC Util Change" value="34.000000"/>
  <attribute name="GC Util currently" value="34" />
  <attribute name="CPU Util currently" value="4805982268736" />
<allocation-satisfied id="492" threadId="00000000014C6700" bytesRequested="79384" />
<af-end id="493" timestamp="2019-06-14T20:05:47.976" threadId="00000000014C7088" success="true" from="nursery"/>
<exclusive-end id="494" timestamp="2019-06-14T20:05:47.976" durationms="0.743" />

<exclusive-start id="495" timestamp="2019-06-14T20:05:47.976" intervalms="0.963">
  <response-info timems="0.040" idlems="0.040" threads="0" lastid="00000000014C6700" lastname="main" />
</exclusive-start>
<af-start id="496" threadId="00000000014C7088" totalBytesRequested="40456" timestamp="2019-06-14T20:05:47.976" intervalms="0.965" type="nursery" />
<cycle-start id="497" type="scavenge" contextid="0" timestamp="2019-06-14T20:05:47.976" intervalms="0.966" />
<gc-start id="498" type="scavenge" contextid="497" timestamp="2019-06-14T20:05:47.976">
  <mem-info id="499" free="4859480" total="8519680" percent="57">
    <mem type="nursery" free="0" total="2228224" percent="0">
      <mem type="allocate" free="0" total="1966080" percent="0" />
      <mem type="survivor" free="0" total="262144" percent="0" />
    </mem>
    <mem type="tenure" free="4859480" total="6291456" percent="77">
      <mem type="soa" free="4545112" total="5977088" percent="76" />
      <mem type="loa" free="314368" total="314368" percent="100" />
    </mem>
    <remembered-set count="56" />
  </mem-info>
</gc-start>
<allocation-stats totalBytes="1724088" >
  <allocated-bytes non-tlh="799608" tlh="924480" />
  <largest-consumer threadName="main" threadId="00000000014C6700" bytes="1724088" />
</allocation-stats>
<gc-op id="500" type="scavenge" timems="0.120" contextid="497" timestamp="2019-06-14T20:05:47.977">
  <scavenger-info tenureage="14" tenuremask="4000" tiltratio="88" />
  <memory-copied type="nursery" objects="4" bytes="40536" bytesdiscarded="39088" />
</gc-op>
<gc-end id="501" type="scavenge" contextid="497" durationms="0.301" usertimems="0.000" systemtimems="0.000" timestamp="2019-06-14T20:05:47.977" activeThreads="4">
  <mem-info id="502" free="6745936" total="8519680" percent="79">
    <mem type="nursery" free="1886456" total="2228224" percent="84">
      <mem type="allocate" free="1886456" total="1966080" percent="95" />
      <mem type="survivor" free="0" total="262144" percent="0" />
    </mem>
    <mem type="tenure" free="4859480" total="6291456" percent="77">
      <mem type="soa" free="4545112" total="5977088" percent="76" />
      <mem type="loa" free="314368" total="314368" percent="100" />
    </mem>
    <remembered-set count="56" />
  </mem-info>
</gc-end>
<cycle-end id="503" type="scavenge" contextid="497" timestamp="2019-06-14T20:05:47.977" />
  <attribute name="elasticGC enabled" value="1" />
  <attribute name= "numThreadsSpecified" value="4" />
  <attribute name="heapSize specified" value="0" />
  <attribute name="Current GC Util" value="34" />
  <attribute name= "Current Time Running" value="746" />
  <attribute name ="GC Interval" value="200" />
  <attribute name="ProportionalT" value="7.000000" />
  <attribute name="ProportionalI" value="7.000000" />
  <attribute name="ProportionalH" value="7.000000" />
  <attribute name="Current Error" value="14.000000" />
  <attribute name="IntegralT" value="14.000000" />
  <attribute name="IntegralI" value="14.000000" />
  <attribute name="IntegralH" value="14.000000" />
  <attribute name="DerivativeT" value="0.000000" />
  <attribute name="DerivativeI" value="0.000000" />
  <attribute name="DerivativeH" value="0.000000" />
  <attribute name="Loop Time for DT" value="1.000000" />
  <attribute name="Output H" value="8388608"/>
  <attribute name="Output I" value="200"/>
  <attribute name="Output T" value="4"/>
  <attribute name="Target GC Util Change" value ="20.000000" />
  <attribute name="Current GC Util Change" value="34.000000"/>
  <attribute name="GC Util currently" value="34" />
  <attribute name="CPU Util currently" value="4780940886843" />
<allocation-satisfied id="504" threadId="00000000014C6700" bytesRequested="40456" />
<af-end id="505" timestamp="2019-06-14T20:05:47.977" threadId="00000000014C7088" success="true" from="nursery"/>
<exclusive-end id="506" timestamp="2019-06-14T20:05:47.977" durationms="0.731" />

<exclusive-start id="507" timestamp="2019-06-14T20:05:47.977" intervalms="0.949">
  <response-info timems="0.037" idlems="0.037" threads="0" lastid="00000000014C6700" lastname="main" />
</exclusive-start>
<af-start id="508" threadId="00000000014C7088" totalBytesRequested="81936" timestamp="2019-06-14T20:05:47.977" intervalms="0.948" type="nursery" />
<cycle-start id="509" type="scavenge" contextid="0" timestamp="2019-06-14T20:05:47.977" intervalms="0.948" />
<gc-start id="510" type="scavenge" contextid="509" timestamp="2019-06-14T20:05:47.977">
  <mem-info id="511" free="4919280" total="8519680" percent="57">
    <mem type="nursery" free="59800" total="2228224" percent="2">
      <mem type="allocate" free="59800" total="1966080" percent="3" />
      <mem type="survivor" free="0" total="262144" percent="0" />
    </mem>
    <mem type="tenure" free="4859480" total="6291456" percent="77">
      <mem type="soa" free="4545112" total="5977088" percent="76" />
      <mem type="loa" free="314368" total="314368" percent="100" />
    </mem>
    <remembered-set count="56" />
  </mem-info>
</gc-start>
<allocation-stats totalBytes="1696192" >
  <allocated-bytes non-tlh="853640" tlh="842552" />
  <largest-consumer threadName="main" threadId="00000000014C6700" bytes="1696192" />
</allocation-stats>
<gc-op id="512" type="scavenge" timems="0.121" contextid="509" timestamp="2019-06-14T20:05:47.978">
  <scavenger-info tenureage="14" tenuremask="4000" tiltratio="88" />
  <memory-copied type="nursery" objects="2" bytes="41000" bytesdiscarded="39144" />
</gc-op>
<gc-end id="513" type="scavenge" contextid="509" durationms="0.303" usertimems="0.000" systemtimems="0.000" timestamp="2019-06-14T20:05:47.978" activeThreads="4">
  <mem-info id="514" free="6745416" total="8519680" percent="79">
    <mem type="nursery" free="1885936" total="2228224" percent="84">
      <mem type="allocate" free="1885936" total="1966080" percent="95" />
      <mem type="survivor" free="0" total="262144" percent="0" />
    </mem>
    <mem type="tenure" free="4859480" total="6291456" percent="77">
      <mem type="soa" free="4545112" total="5977088" percent="76" />
      <mem type="loa" free="314368" total="314368" percent="100" />
    </mem>
    <remembered-set count="56" />
  </mem-info>
</gc-end>
<cycle-end id="515" type="scavenge" contextid="509" timestamp="2019-06-14T20:05:47.978" />
  <attribute name="elasticGC enabled" value="1" />
  <attribute name= "numThreadsSpecified" value="4" />
  <attribute name="heapSize specified" value="0" />
  <attribute name="Current GC Util" value="34" />
  <attribute name= "Current Time Running" value="747" />
  <attribute name ="GC Interval" value="200" />
  <attribute name="ProportionalT" value="7.000000" />
  <attribute name="ProportionalI" value="7.000000" />
  <attribute name="ProportionalH" value="7.000000" />
  <attribute name="Current Error" value="14.000000" />
  <attribute name="IntegralT" value="14.000000" />
  <attribute name="IntegralI" value="14.000000" />
  <attribute name="IntegralH" value="14.000000" />
  <attribute name="DerivativeT" value="0.000000" />
  <attribute name="DerivativeI" value="0.000000" />
  <attribute name="DerivativeH" value="0.000000" />
  <attribute name="Loop Time for DT" value="1.000000" />
  <attribute name="Output H" value="8388608"/>
  <attribute name="Output I" value="200"/>
  <attribute name="Output T" value="4"/>
  <attribute name="Target GC Util Change" value ="20.000000" />
  <attribute name="Current GC Util Change" value="34.000000"/>
  <attribute name="GC Util currently" value="34" />
  <attribute name="CPU Util currently" value="4865340546976" />
<allocation-satisfied id="516" threadId="00000000014C6700" bytesRequested="81936" />
<af-end id="517" timestamp="2019-06-14T20:05:47.978" threadId="00000000014C7088" success="true" from="nursery"/>
<exclusive-end id="518" timestamp="2019-06-14T20:05:47.978" durationms="0.732" />

<exclusive-start id="519" timestamp="2019-06-14T20:05:47.978" intervalms="0.931">
  <response-info timems="0.031" idlems="0.031" threads="0" lastid="00000000014C6700" lastname="main" />
</exclusive-start>
<af-start id="520" threadId="00000000014C7088" totalBytesRequested="83144" timestamp="2019-06-14T20:05:47.978" intervalms="0.928" type="nursery" />
<cycle-start id="521" type="scavenge" contextid="0" timestamp="2019-06-14T20:05:47.978" intervalms="0.928" />
<gc-start id="522" type="scavenge" contextid="521" timestamp="2019-06-14T20:05:47.978">
  <mem-info id="523" free="4890056" total="8519680" percent="57">
    <mem type="nursery" free="30576" total="2228224" percent="1">
      <mem type="allocate" free="30576" total="1966080" percent="1" />
      <mem type="survivor" free="0" total="262144" percent="0" />
    </mem>
    <mem type="tenure" free="4859480" total="6291456" percent="77">
      <mem type="soa" free="4545112" total="5977088" percent="76" />
      <mem type="loa" free="314368" total="314368" percent="100" />
    </mem>
    <remembered-set count="56" />
  </mem-info>
</gc-start>
<allocation-stats totalBytes="1697664" >
  <allocated-bytes non-tlh="864128" tlh="833536" />
  <largest-consumer threadName="main" threadId="00000000014C6700" bytes="1697664" />
</allocation-stats>
<gc-op id="524" type="scavenge" timems="0.099" contextid="521" timestamp="2019-06-14T20:05:47.979">
  <scavenger-info tenureage="14" tenuremask="4000" tiltratio="88" />
  <memory-copied type="nursery" objects="2" bytes="41600" bytesdiscarded="39144" />
</gc-op>
<gc-end id="525" type="scavenge" contextid="521" durationms="0.285" usertimems="0.000" systemtimems="0.000" timestamp="2019-06-14T20:05:47.979" activeThreads="4">
  <mem-info id="526" free="6744816" total="8519680" percent="79">
    <mem type="nursery" free="1885336" total="2228224" percent="84">
      <mem type="allocate" free="1885336" total="1966080" percent="95" />
      <mem type="survivor" free="0" total="262144" percent="0" />
    </mem>
    <mem type="tenure" free="4859480" total="6291456" percent="77">
      <mem type="soa" free="4545112" total="5977088" percent="76" />
      <mem type="loa" free="314368" total="314368" percent="100" />
    </mem>
    <remembered-set count="56" />
  </mem-info>
</gc-end>
<cycle-end id="527" type="scavenge" contextid="521" timestamp="2019-06-14T20:05:47.979" />
  <attribute name="elasticGC enabled" value="1" />
  <attribute name= "numThreadsSpecified" value="4" />
  <attribute name="heapSize specified" value="0" />
  <attribute name="Current GC Util" value="34" />
  <attribute name= "Current Time Running" value="748" />
  <attribute name ="GC Interval" value="200" />
  <attribute name="ProportionalT" value="7.000000" />
  <attribute name="ProportionalI" value="7.000000" />
  <attribute name="ProportionalH" value="7.000000" />
  <attribute name="Current Error" value="14.000000" />
  <attribute name="IntegralT" value="14.000000" />
  <attribute name="IntegralI" value="14.000000" />
  <attribute name="IntegralH" value="14.000000" />
  <attribute name="DerivativeT" value="0.000000" />
  <attribute name="DerivativeI" value="0.000000" />
  <attribute name="DerivativeH" value="0.000000" />
  <attribute name="Loop Time for DT" value="1.000000" />
  <attribute name="Output H" value="8388608"/>
  <attribute name="Output I" value="200"/>
  <attribute name="Output T" value="4"/>
  <attribute name="Target GC Util Change" value ="20.000000" />
  <attribute name="Current GC Util Change" value="34.000000"/>
  <attribute name="GC Util currently" value="34" />
  <attribute name="CPU Util currently" value="4885286487271" />
<allocation-satisfied id="528" threadId="00000000014C6700" bytesRequested="83144" />
<af-end id="529" timestamp="2019-06-14T20:05:47.979" threadId="00000000014C7088" success="true" from="nursery"/>
<exclusive-end id="530" timestamp="2019-06-14T20:05:47.979" durationms="0.687" />

<exclusive-start id="531" timestamp="2019-06-14T20:05:47.979" intervalms="0.864">
  <response-info timems="0.019" idlems="0.019" threads="0" lastid="00000000014C6700" lastname="main" />
</exclusive-start>
<af-start id="532" threadId="00000000014C7088" totalBytesRequested="84552" timestamp="2019-06-14T20:05:47.979" intervalms="0.860" type="nursery" />
<cycle-start id="533" type="scavenge" contextid="0" timestamp="2019-06-14T20:05:47.979" intervalms="0.854" />
<gc-start id="534" type="scavenge" contextid="533" timestamp="2019-06-14T20:05:47.979">
  <mem-info id="535" free="4859480" total="8519680" percent="57">
    <mem type="nursery" free="0" total="2228224" percent="0">
      <mem type="allocate" free="0" total="1966080" percent="0" />
      <mem type="survivor" free="0" total="262144" percent="0" />
    </mem>
    <mem type="tenure" free="4859480" total="6291456" percent="77">
      <mem type="soa" free="4545112" total="5977088" percent="76" />
      <mem type="loa" free="314368" total="314368" percent="100" />
    </mem>
    <remembered-set count="56" />
  </mem-info>
</gc-start>
<allocation-stats totalBytes="1730952" >
  <allocated-bytes non-tlh="961896" tlh="769056" />
  <largest-consumer threadName="main" threadId="00000000014C6700" bytes="1730952" />
</allocation-stats>
<gc-op id="536" type="scavenge" timems="0.135" contextid="533" timestamp="2019-06-14T20:05:47.979">
  <scavenger-info tenureage="14" tenuremask="4000" tiltratio="88" />
  <memory-copied type="nursery" objects="2" bytes="42304" bytesdiscarded="39144" />
</gc-op>
<gc-end id="537" type="scavenge" contextid="533" durationms="0.292" usertimems="0.000" systemtimems="0.000" timestamp="2019-06-14T20:05:47.979" activeThreads="4">
  <mem-info id="538" free="6744112" total="8519680" percent="79">
    <mem type="nursery" free="1884632" total="2228224" percent="84">
      <mem type="allocate" free="1884632" total="1966080" percent="95" />
      <mem type="survivor" free="0" total="262144" percent="0" />
    </mem>
    <mem type="tenure" free="4859480" total="6291456" percent="77">
      <mem type="soa" free="4545112" total="5977088" percent="76" />
      <mem type="loa" free="314368" total="314368" percent="100" />
    </mem>
    <remembered-set count="56" />
  </mem-info>
</gc-end>
<cycle-end id="539" type="scavenge" contextid="533" timestamp="2019-06-14T20:05:47.980" />
  <attribute name="elasticGC enabled" value="1" />
  <attribute name= "numThreadsSpecified" value="4" />
  <attribute name="heapSize specified" value="0" />
  <attribute name="Current GC Util" value="38" />
  <attribute name= "Current Time Running" value="749" />
  <attribute name ="GC Interval" value="200" />
  <attribute name="ProportionalT" value="9.000000" />
  <attribute name="ProportionalI" value="9.000000" />
  <attribute name="ProportionalH" value="9.000000" />
  <attribute name="Current Error" value="18.000000" />
  <attribute name="IntegralT" value="18.000000" />
  <attribute name="IntegralI" value="18.000000" />
  <attribute name="IntegralH" value="18.000000" />
  <attribute name="DerivativeT" value="2.000000" />
  <attribute name="DerivativeI" value="2.000000" />
  <attribute name="DerivativeH" value="2.000000" />
  <attribute name="Loop Time for DT" value="1.000000" />
  <attribute name="Output H" value="8388608"/>
  <attribute name="Output I" value="200"/>
  <attribute name="Output T" value="4"/>
  <attribute name="Target GC Util Change" value ="20.000000" />
  <attribute name="Current GC Util Change" value="38.000000"/>
  <attribute name="GC Util currently" value="38" />
  <attribute name="CPU Util currently" value="5641765138250" />
<allocation-satisfied id="540" threadId="00000000014C6700" bytesRequested="84552" />
<af-end id="541" timestamp="2019-06-14T20:05:47.980" threadId="00000000014C7088" success="true" from="nursery"/>
<exclusive-end id="542" timestamp="2019-06-14T20:05:47.980" durationms="0.648" />

<exclusive-start id="543" timestamp="2019-06-14T20:05:47.980" intervalms="0.823">
  <response-info timems="0.019" idlems="0.019" threads="0" lastid="00000000014C6700" lastname="main" />
</exclusive-start>
<af-start id="544" threadId="00000000014C7088" totalBytesRequested="86096" timestamp="2019-06-14T20:05:47.980" intervalms="0.824" type="nursery" />
<cycle-start id="545" type="scavenge" contextid="0" timestamp="2019-06-14T20:05:47.980" intervalms="0.823" />
<gc-start id="546" type="scavenge" contextid="545" timestamp="2019-06-14T20:05:47.980">
  <mem-info id="547" free="4859480" total="8519680" percent="57">
    <mem type="nursery" free="0" total="2228224" percent="0">
      <mem type="allocate" free="0" total="1966080" percent="0" />
      <mem type="survivor" free="0" total="262144" percent="0" />
    </mem>
    <mem type="tenure" free="4859480" total="6291456" percent="77">
      <mem type="soa" free="4545112" total="5977088" percent="76" />
      <mem type="loa" free="314368" total="314368" percent="100" />
    </mem>
    <remembered-set count="56" />
  </mem-info>
</gc-start>
<allocation-stats totalBytes="1751184" >
  <allocated-bytes non-tlh="893152" tlh="858032" />
  <largest-consumer threadName="main" threadId="00000000014C6700" bytes="1751184" />
</allocation-stats>
<gc-op id="548" type="scavenge" timems="0.089" contextid="545" timestamp="2019-06-14T20:05:47.980">
  <scavenger-info tenureage="14" tenuremask="4000" tiltratio="88" />
  <memory-copied type="nursery" objects="2" bytes="43072" bytesdiscarded="39144" />
</gc-op>
<gc-end id="549" type="scavenge" contextid="545" durationms="0.246" usertimems="0.000" systemtimems="0.000" timestamp="2019-06-14T20:05:47.980" activeThreads="1">
  <mem-info id="550" free="6743344" total="8519680" percent="79">
    <mem type="nursery" free="1883864" total="2228224" percent="84">
      <mem type="allocate" free="1883864" total="1966080" percent="95" />
      <mem type="survivor" free="0" total="262144" percent="0" />
    </mem>
    <mem type="tenure" free="4859480" total="6291456" percent="77">
      <mem type="soa" free="4545112" total="5977088" percent="76" />
      <mem type="loa" free="314368" total="314368" percent="100" />
    </mem>
    <remembered-set count="56" />
  </mem-info>
</gc-end>
<cycle-end id="551" type="scavenge" contextid="545" timestamp="2019-06-14T20:05:47.980" />
  <attribute name="elasticGC enabled" value="1" />
  <attribute name= "numThreadsSpecified" value="1" />
  <attribute name="heapSize specified" value="0" />
  <attribute name="Current GC Util" value="42" />
  <attribute name= "Current Time Running" value="749" />
  <attribute name ="GC Interval" value="200" />
  <attribute name="ProportionalT" value="11.000000" />
  <attribute name="ProportionalI" value="11.000000" />
  <attribute name="ProportionalH" value="11.000000" />
  <attribute name="Current Error" value="22.000000" />
  <attribute name="IntegralT" value="0.000000" />
  <attribute name="IntegralI" value="0.000000" />
  <attribute name="IntegralH" value="0.000000" />
  <attribute name="DerivativeT" value="inf" />
  <attribute name="DerivativeI" value="inf" />
  <attribute name="DerivativeH" value="inf" />
  <attribute name="Loop Time for DT" value="0.000000" />
  <attribute name="Output H" value="8388608"/>
  <attribute name="Output I" value="200"/>
  <attribute name="Output T" value="1"/>
  <attribute name="Target GC Util Change" value ="20.000000" />
  <attribute name="Current GC Util Change" value="42.000000"/>
  <attribute name="GC Util currently" value="42" />
  <attribute name="CPU Util currently" value="5591555857571" />
<allocation-satisfied id="552" threadId="00000000014C6700" bytesRequested="86096" />
<af-end id="553" timestamp="2019-06-14T20:05:47.980" threadId="00000000014C7088" success="true" from="nursery"/>
<exclusive-end id="554" timestamp="2019-06-14T20:05:47.980" durationms="0.630" />

<exclusive-start id="555" timestamp="2019-06-14T20:05:47.981" intervalms="0.817">
  <response-info timems="0.027" idlems="0.027" threads="0" lastid="00000000014C6700" lastname="main" />
</exclusive-start>
<af-start id="556" threadId="00000000014C7088" totalBytesRequested="87520" timestamp="2019-06-14T20:05:47.981" intervalms="0.815" type="nursery" />
<cycle-start id="557" type="scavenge" contextid="0" timestamp="2019-06-14T20:05:47.981" intervalms="0.815" />
<gc-start id="558" type="scavenge" contextid="557" timestamp="2019-06-14T20:05:47.981">
  <mem-info id="559" free="4859480" total="8519680" percent="57">
    <mem type="nursery" free="0" total="2228224" percent="0">
      <mem type="allocate" free="0" total="1966080" percent="0" />
      <mem type="survivor" free="0" total="262144" percent="0" />
    </mem>
    <mem type="tenure" free="4859480" total="6291456" percent="77">
      <mem type="soa" free="4545112" total="5977088" percent="76" />
      <mem type="loa" free="314368" total="314368" percent="100" />
    </mem>
    <remembered-set count="56" />
  </mem-info>
</gc-start>
<allocation-stats totalBytes="1740968" >
  <allocated-bytes non-tlh="996240" tlh="744728" />
  <largest-consumer threadName="main" threadId="00000000014C6700" bytes="1740968" />
</allocation-stats>
<gc-op id="560" type="scavenge" timems="0.134" contextid="557" timestamp="2019-06-14T20:05:47.981">
  <scavenger-info tenureage="14" tenuremask="4000" tiltratio="88" />
  <memory-copied type="nursery" objects="2" bytes="43784" bytesdiscarded="39144" />
</gc-op>
<gc-end id="561" type="scavenge" contextid="557" durationms="0.291" usertimems="0.000" systemtimems="0.000" timestamp="2019-06-14T20:05:47.981" activeThreads="4">
  <mem-info id="562" free="6742632" total="8519680" percent="79">
    <mem type="nursery" free="1883152" total="2228224" percent="84">
      <mem type="allocate" free="1883152" total="1966080" percent="95" />
      <mem type="survivor" free="0" total="262144" percent="0" />
    </mem>
    <mem type="tenure" free="4859480" total="6291456" percent="77">
      <mem type="soa" free="4545112" total="5977088" percent="76" />
      <mem type="loa" free="314368" total="314368" percent="100" />
    </mem>
    <remembered-set count="56" />
  </mem-info>
</gc-end>
<cycle-end id="563" type="scavenge" contextid="557" timestamp="2019-06-14T20:05:47.981" />
  <attribute name="elasticGC enabled" value="1" />
  <attribute name= "numThreadsSpecified" value="4" />
  <attribute name="heapSize specified" value="0" />
  <attribute name="Current GC Util" value="33" />
  <attribute name= "Current Time Running" value="750" />
  <attribute name ="GC Interval" value="200" />
  <attribute name="ProportionalT" value="6.500000" />
  <attribute name="ProportionalI" value="6.500000" />
  <attribute name="ProportionalH" value="6.500000" />
  <attribute name="Current Error" value="13.000000" />
  <attribute name="IntegralT" value="13.000000" />
  <attribute name="IntegralI" value="13.000000" />
  <attribute name="IntegralH" value="13.000000" />
  <attribute name="DerivativeT" value="-4.500000" />
  <attribute name="DerivativeI" value="-4.500000" />
  <attribute name="DerivativeH" value="-4.500000" />
  <attribute name="Loop Time for DT" value="1.000000" />
  <attribute name="Output H" value="8388608"/>
  <attribute name="Output I" value="200"/>
  <attribute name="Output T" value="4"/>
  <attribute name="Target GC Util Change" value ="20.000000" />
  <attribute name="Current GC Util Change" value="33.000000"/>
  <attribute name="GC Util currently" value="33" />
  <attribute name="CPU Util currently" value="5666234606350" />
<allocation-satisfied id="564" threadId="00000000014C6700" bytesRequested="87520" />
<af-end id="565" timestamp="2019-06-14T20:05:47.981" threadId="00000000014C7088" success="true" from="nursery"/>
<exclusive-end id="566" timestamp="2019-06-14T20:05:47.981" durationms="0.673" />

<exclusive-start id="567" timestamp="2019-06-14T20:05:47.982" intervalms="0.850">
  <response-info timems="0.024" idlems="0.024" threads="0" lastid="00000000014C6700" lastname="main" />
</exclusive-start>
<af-start id="568" threadId="00000000014C7088" totalBytesRequested="44464" timestamp="2019-06-14T20:05:47.982" intervalms="0.853" type="nursery" />
<cycle-start id="569" type="scavenge" contextid="0" timestamp="2019-06-14T20:05:47.982" intervalms="0.854" />
<gc-start id="570" type="scavenge" contextid="569" timestamp="2019-06-14T20:05:47.982">
  <mem-info id="571" free="4859480" total="8519680" percent="57">
    <mem type="nursery" free="0" total="2228224" percent="0">
      <mem type="allocate" free="0" total="1966080" percent="0" />
      <mem type="survivor" free="0" total="262144" percent="0" />
    </mem>
    <mem type="tenure" free="4859480" total="6291456" percent="77">
      <mem type="soa" free="4545112" total="5977088" percent="76" />
      <mem type="loa" free="314368" total="314368" percent="100" />
    </mem>
    <remembered-set count="56" />
  </mem-info>
</gc-start>
<allocation-stats totalBytes="1674848" >
  <allocated-bytes non-tlh="1012376" tlh="662472" />
  <largest-consumer threadName="main" threadId="00000000014C6700" bytes="1674848" />
</allocation-stats>
<gc-op id="572" type="scavenge" timems="0.140" contextid="569" timestamp="2019-06-14T20:05:47.982">
  <scavenger-info tenureage="14" tenuremask="4000" tiltratio="88" />
  <memory-copied type="nursery" objects="2" bytes="88640" bytesdiscarded="39152" />
</gc-op>
<gc-end id="573" type="scavenge" contextid="569" durationms="0.304" usertimems="0.000" systemtimems="0.000" timestamp="2019-06-14T20:05:47.982" activeThreads="4">
  <mem-info id="574" free="6697768" total="8519680" percent="78">
    <mem type="nursery" free="1838288" total="2228224" percent="82">
      <mem type="allocate" free="1838288" total="1966080" percent="93" />
      <mem type="survivor" free="0" total="262144" percent="0" />
    </mem>
    <mem type="tenure" free="4859480" total="6291456" percent="77">
      <mem type="soa" free="4545112" total="5977088" percent="76" />
      <mem type="loa" free="314368" total="314368" percent="100" />
    </mem>
    <remembered-set count="56" />
  </mem-info>
</gc-end>
<cycle-end id="575" type="scavenge" contextid="569" timestamp="2019-06-14T20:05:47.982" />
  <attribute name="elasticGC enabled" value="1" />
  <attribute name= "numThreadsSpecified" value="4" />
  <attribute name="heapSize specified" value="0" />
  <attribute name="Current GC Util" value="38" />
  <attribute name= "Current Time Running" value="751" />
  <attribute name ="GC Interval" value="200" />
  <attribute name="ProportionalT" value="9.000000" />
  <attribute name="ProportionalI" value="9.000000" />
  <attribute name="ProportionalH" value="9.000000" />
  <attribute name="Current Error" value="18.000000" />
  <attribute name="IntegralT" value="18.000000" />
  <attribute name="IntegralI" value="18.000000" />
  <attribute name="IntegralH" value="18.000000" />
  <attribute name="DerivativeT" value="2.500000" />
  <attribute name="DerivativeI" value="2.500000" />
  <attribute name="DerivativeH" value="2.500000" />
  <attribute name="Loop Time for DT" value="1.000000" />
  <attribute name="Output H" value="8388608"/>
  <attribute name="Output I" value="200"/>
  <attribute name="Output T" value="4"/>
  <attribute name="Target GC Util Change" value ="20.000000" />
  <attribute name="Current GC Util Change" value="38.000000"/>
  <attribute name="GC Util currently" value="38" />
  <attribute name="CPU Util currently" value="5371225668007" />
<allocation-satisfied id="576" threadId="00000000014C6700" bytesRequested="44464" />
<af-end id="577" timestamp="2019-06-14T20:05:47.982" threadId="00000000014C7088" success="true" from="nursery"/>
<exclusive-end id="578" timestamp="2019-06-14T20:05:47.982" durationms="0.689" />

<exclusive-start id="579" timestamp="2019-06-14T20:05:47.982" intervalms="0.863">
  <response-info timems="0.019" idlems="0.019" threads="0" lastid="00000000014C6700" lastname="main" />
</exclusive-start>
<af-start id="580" threadId="00000000014C7088" totalBytesRequested="45032" timestamp="2019-06-14T20:05:47.982" intervalms="0.861" type="nursery" />
<cycle-start id="581" type="scavenge" contextid="0" timestamp="2019-06-14T20:05:47.983" intervalms="0.909" />
<gc-start id="582" type="scavenge" contextid="581" timestamp="2019-06-14T20:05:47.983">
  <mem-info id="583" free="4859480" total="8519680" percent="57">
    <mem type="nursery" free="0" total="2228224" percent="0">
      <mem type="allocate" free="0" total="1966080" percent="0" />
      <mem type="survivor" free="0" total="262144" percent="0" />
    </mem>
    <mem type="tenure" free="4859480" total="6291456" percent="77">
      <mem type="soa" free="4545112" total="5977088" percent="76" />
      <mem type="loa" free="314368" total="314368" percent="100" />
    </mem>
    <remembered-set count="56" />
  </mem-info>
</gc-start>
<allocation-stats totalBytes="1610416" >
  <allocated-bytes non-tlh="982808" tlh="627608" />
  <largest-consumer threadName="main" threadId="00000000014C6700" bytes="1610416" />
</allocation-stats>
<gc-op id="584" type="scavenge" timems="0.119" contextid="581" timestamp="2019-06-14T20:05:47.983">
  <scavenger-info tenureage="14" tenuremask="4000" tiltratio="88" />
  <memory-copied type="nursery" objects="2" bytes="90072" bytesdiscarded="39152" />
</gc-op>
<gc-end id="585" type="scavenge" contextid="581" durationms="0.277" usertimems="0.000" systemtimems="0.000" timestamp="2019-06-14T20:05:47.983" activeThreads="4">
  <mem-info id="586" free="6696336" total="8519680" percent="78">
    <mem type="nursery" free="1836856" total="2228224" percent="82">
      <mem type="allocate" free="1836856" total="1966080" percent="93" />
      <mem type="survivor" free="0" total="262144" percent="0" />
    </mem>
    <mem type="tenure" free="4859480" total="6291456" percent="77">
      <mem type="soa" free="4545112" total="5977088" percent="76" />
      <mem type="loa" free="314368" total="314368" percent="100" />
    </mem>
    <remembered-set count="56" />
  </mem-info>
</gc-end>
<cycle-end id="587" type="scavenge" contextid="581" timestamp="2019-06-14T20:05:47.983" />
  <attribute name="elasticGC enabled" value="1" />
  <attribute name= "numThreadsSpecified" value="4" />
  <attribute name="heapSize specified" value="0" />
  <attribute name="Current GC Util" value="36" />
  <attribute name= "Current Time Running" value="752" />
  <attribute name ="GC Interval" value="200" />
  <attribute name="ProportionalT" value="8.000000" />
  <attribute name="ProportionalI" value="8.000000" />
  <attribute name="ProportionalH" value="8.000000" />
  <attribute name="Current Error" value="16.000000" />
  <attribute name="IntegralT" value="16.000000" />
  <attribute name="IntegralI" value="16.000000" />
  <attribute name="IntegralH" value="16.000000" />
  <attribute name="DerivativeT" value="-1.000000" />
  <attribute name="DerivativeI" value="-1.000000" />
  <attribute name="DerivativeH" value="-1.000000" />
  <attribute name="Loop Time for DT" value="1.000000" />
  <attribute name="Output H" value="8388608"/>
  <attribute name="Output I" value="200"/>
  <attribute name="Output T" value="4"/>
  <attribute name="Target GC Util Change" value ="20.000000" />
  <attribute name="Current GC Util Change" value="36.000000"/>
  <attribute name="GC Util currently" value="36" />
  <attribute name="CPU Util currently" value="5109969348635" />
<allocation-satisfied id="588" threadId="00000000014C6700" bytesRequested="45032" />
<af-end id="589" timestamp="2019-06-14T20:05:47.983" threadId="00000000014C7088" success="true" from="nursery"/>
<exclusive-end id="590" timestamp="2019-06-14T20:05:47.983" durationms="0.851" />

<exclusive-start id="591" timestamp="2019-06-14T20:05:47.983" intervalms="1.093">
  <response-info timems="0.051" idlems="0.051" threads="0" lastid="00000000014C6700" lastname="main" />
</exclusive-start>
<af-start id="592" threadId="00000000014C7088" totalBytesRequested="45768" timestamp="2019-06-14T20:05:47.984" intervalms="1.137" type="nursery" />
<cycle-start id="593" type="scavenge" contextid="0" timestamp="2019-06-14T20:05:47.984" intervalms="1.091" />
<gc-start id="594" type="scavenge" contextid="593" timestamp="2019-06-14T20:05:47.984">
  <mem-info id="595" free="4859480" total="8519680" percent="57">
    <mem type="nursery" free="0" total="2228224" percent="0">
      <mem type="allocate" free="0" total="1966080" percent="0" />
      <mem type="survivor" free="0" total="262144" percent="0" />
    </mem>
    <mem type="tenure" free="4859480" total="6291456" percent="77">
      <mem type="soa" free="4545112" total="5977088" percent="76" />
      <mem type="loa" free="314368" total="314368" percent="100" />
    </mem>
    <remembered-set count="56" />
  </mem-info>
</gc-start>
<allocation-stats totalBytes="1633472" >
  <allocated-bytes non-tlh="1042040" tlh="591432" />
  <largest-consumer threadName="main" threadId="00000000014C6700" bytes="1633472" />
</allocation-stats>
<gc-op id="596" type="scavenge" timems="0.137" contextid="593" timestamp="2019-06-14T20:05:47.984">
  <scavenger-info tenureage="14" tenuremask="4000" tiltratio="88" />
  <memory-copied type="nursery" objects="2" bytes="91240" bytesdiscarded="39152" />
</gc-op>
<gc-end id="597" type="scavenge" contextid="593" durationms="0.298" usertimems="0.000" systemtimems="0.000" timestamp="2019-06-14T20:05:47.984" activeThreads="4">
  <mem-info id="598" free="6695168" total="8519680" percent="78">
    <mem type="nursery" free="1835688" total="2228224" percent="82">
      <mem type="allocate" free="1835688" total="1966080" percent="93" />
      <mem type="survivor" free="0" total="262144" percent="0" />
    </mem>
    <mem type="tenure" free="4859480" total="6291456" percent="77">
      <mem type="soa" free="4545112" total="5977088" percent="76" />
      <mem type="loa" free="314368" total="314368" percent="100" />
    </mem>
    <remembered-set count="56" />
  </mem-info>
</gc-end>
<cycle-end id="599" type="scavenge" contextid="593" timestamp="2019-06-14T20:05:47.984" />
  <attribute name="elasticGC enabled" value="1" />
  <attribute name= "numThreadsSpecified" value="4" />
  <attribute name="heapSize specified" value="0" />
  <attribute name="Current GC Util" value="30" />
  <attribute name= "Current Time Running" value="753" />
  <attribute name ="GC Interval" value="200" />
  <attribute name="ProportionalT" value="5.000000" />
  <attribute name="ProportionalI" value="5.000000" />
  <attribute name="ProportionalH" value="5.000000" />
  <attribute name="Current Error" value="10.000000" />
  <attribute name="IntegralT" value="10.000000" />
  <attribute name="IntegralI" value="10.000000" />
  <attribute name="IntegralH" value="10.000000" />
  <attribute name="DerivativeT" value="-3.000000" />
  <attribute name="DerivativeI" value="-3.000000" />
  <attribute name="DerivativeH" value="-3.000000" />
  <attribute name="Loop Time for DT" value="1.000000" />
  <attribute name="Output H" value="8388608"/>
  <attribute name="Output I" value="200"/>
  <attribute name="Output T" value="4"/>
  <attribute name="Target GC Util Change" value ="20.000000" />
  <attribute name="Current GC Util Change" value="30.000000"/>
  <attribute name="GC Util currently" value="30" />
  <attribute name="CPU Util currently" value="4209113751243" />
<allocation-satisfied id="600" threadId="00000000014C6700" bytesRequested="45768" />
<af-end id="601" timestamp="2019-06-14T20:05:47.984" threadId="00000000014C7088" success="true" from="nursery"/>
<exclusive-end id="602" timestamp="2019-06-14T20:05:47.984" durationms="0.728" />

<exclusive-start id="603" timestamp="2019-06-14T20:05:47.984" intervalms="0.909">
  <response-info timems="0.023" idlems="0.023" threads="0" lastid="00000000014C6700" lastname="main" />
</exclusive-start>
<af-start id="604" threadId="00000000014C7088" totalBytesRequested="46344" timestamp="2019-06-14T20:05:47.984" intervalms="0.866" type="nursery" />
<cycle-start id="605" type="scavenge" contextid="0" timestamp="2019-06-14T20:05:47.984" intervalms="0.863" />
<gc-start id="606" type="scavenge" contextid="605" timestamp="2019-06-14T20:05:47.985">
  <mem-info id="607" free="4859480" total="8519680" percent="57">
    <mem type="nursery" free="0" total="2228224" percent="0">
      <mem type="allocate" free="0" total="1966080" percent="0" />
      <mem type="survivor" free="0" total="262144" percent="0" />
    </mem>
    <mem type="tenure" free="4859480" total="6291456" percent="77">
      <mem type="soa" free="4545112" total="5977088" percent="76" />
      <mem type="loa" free="314368" total="314368" percent="100" />
    </mem>
    <remembered-set count="56" />
  </mem-info>
</gc-start>
<allocation-stats totalBytes="1657624" >
  <allocated-bytes non-tlh="1057536" tlh="600088" />
  <largest-consumer threadName="main" threadId="00000000014C6700" bytes="1657624" />
</allocation-stats>
<gc-op id="608" type="scavenge" timems="0.107" contextid="605" timestamp="2019-06-14T20:05:47.985">
  <scavenger-info tenureage="14" tenuremask="4000" tiltratio="88" />
  <memory-copied type="nursery" objects="2" bytes="92696" bytesdiscarded="39152" />
</gc-op>
<gc-end id="609" type="scavenge" contextid="605" durationms="0.266" usertimems="0.000" systemtimems="0.000" timestamp="2019-06-14T20:05:47.985" activeThreads="4">
  <mem-info id="610" free="6693712" total="8519680" percent="78">
    <mem type="nursery" free="1834232" total="2228224" percent="82">
      <mem type="allocate" free="1834232" total="1966080" percent="93" />
      <mem type="survivor" free="0" total="262144" percent="0" />
    </mem>
    <mem type="tenure" free="4859480" total="6291456" percent="77">
      <mem type="soa" free="4545112" total="5977088" percent="76" />
      <mem type="loa" free="314368" total="314368" percent="100" />
    </mem>
    <remembered-set count="56" />
  </mem-info>
</gc-end>
<cycle-end id="611" type="scavenge" contextid="605" timestamp="2019-06-14T20:05:47.985" />
  <attribute name="elasticGC enabled" value="1" />
  <attribute name= "numThreadsSpecified" value="4" />
  <attribute name="heapSize specified" value="0" />
  <attribute name="Current GC Util" value="38" />
  <attribute name= "Current Time Running" value="754" />
  <attribute name ="GC Interval" value="200" />
  <attribute name="ProportionalT" value="9.000000" />
  <attribute name="ProportionalI" value="9.000000" />
  <attribute name="ProportionalH" value="9.000000" />
  <attribute name="Current Error" value="18.000000" />
  <attribute name="IntegralT" value="18.000000" />
  <attribute name="IntegralI" value="18.000000" />
  <attribute name="IntegralH" value="18.000000" />
  <attribute name="DerivativeT" value="4.000000" />
  <attribute name="DerivativeI" value="4.000000" />
  <attribute name="DerivativeH" value="4.000000" />
  <attribute name="Loop Time for DT" value="1.000000" />
  <attribute name="Output H" value="8388608"/>
  <attribute name="Output I" value="200"/>
  <attribute name="Output T" value="4"/>
  <attribute name="Target GC Util Change" value ="20.000000" />
  <attribute name="Current GC Util Change" value="38.000000"/>
  <attribute name="GC Util currently" value="38" />
  <attribute name="CPU Util currently" value="5372151694981" />
<allocation-satisfied id="612" threadId="00000000014C6700" bytesRequested="46344" />
<af-end id="613" timestamp="2019-06-14T20:05:47.985" threadId="00000000014C7088" success="true" from="nursery"/>
<exclusive-end id="614" timestamp="2019-06-14T20:05:47.985" durationms="0.645" />

<exclusive-start id="615" timestamp="2019-06-14T20:05:47.985" intervalms="0.817">
  <response-info timems="0.023" idlems="0.023" threads="0" lastid="00000000014C6700" lastname="main" />
</exclusive-start>
<af-start id="616" threadId="00000000014C7088" totalBytesRequested="93776" timestamp="2019-06-14T20:05:47.985" intervalms="0.817" type="nursery" />
<cycle-start id="617" type="scavenge" contextid="0" timestamp="2019-06-14T20:05:47.985" intervalms="0.818" />
<gc-start id="618" type="scavenge" contextid="617" timestamp="2019-06-14T20:05:47.985">
  <mem-info id="619" free="4945584" total="8519680" percent="58">
    <mem type="nursery" free="86104" total="2228224" percent="3">
      <mem type="allocate" free="86104" total="1966080" percent="4" />
      <mem type="survivor" free="0" total="262144" percent="0" />
    </mem>
    <mem type="tenure" free="4859480" total="6291456" percent="77">
      <mem type="soa" free="4545112" total="5977088" percent="76" />
      <mem type="loa" free="314368" total="314368" percent="100" />
    </mem>
    <remembered-set count="56" />
  </mem-info>
</gc-start>
<allocation-stats totalBytes="1623400" >
  <allocated-bytes non-tlh="978080" tlh="645320" />
  <largest-consumer threadName="main" threadId="00000000014C6700" bytes="1623400" />
</allocation-stats>
<gc-op id="620" type="scavenge" timems="0.138" contextid="617" timestamp="2019-06-14T20:05:47.986">
  <scavenger-info tenureage="14" tenuremask="4000" tiltratio="88" />
  <memory-copied type="nursery" objects="2" bytes="46920" bytesdiscarded="39144" />
</gc-op>
<gc-end id="621" type="scavenge" contextid="617" durationms="0.293" usertimems="0.000" systemtimems="0.000" timestamp="2019-06-14T20:05:47.986" activeThreads="4">
  <mem-info id="622" free="6739496" total="8519680" percent="79">
    <mem type="nursery" free="1880016" total="2228224" percent="84">
      <mem type="allocate" free="1880016" total="1966080" percent="95" />
      <mem type="survivor" free="0" total="262144" percent="0" />
    </mem>
    <mem type="tenure" free="4859480" total="6291456" percent="77">
      <mem type="soa" free="4545112" total="5977088" percent="76" />
      <mem type="loa" free="314368" total="314368" percent="100" />
    </mem>
    <remembered-set count="56" />
  </mem-info>
</gc-end>
<cycle-end id="623" type="scavenge" contextid="617" timestamp="2019-06-14T20:05:47.986" />
  <attribute name="elasticGC enabled" value="1" />
  <attribute name= "numThreadsSpecified" value="4" />
  <attribute name="heapSize specified" value="0" />
  <attribute name="Current GC Util" value="38" />
  <attribute name= "Current Time Running" value="755" />
  <attribute name ="GC Interval" value="200" />
  <attribute name="ProportionalT" value="9.000000" />
  <attribute name="ProportionalI" value="9.000000" />
  <attribute name="ProportionalH" value="9.000000" />
  <attribute name="Current Error" value="18.000000" />
  <attribute name="IntegralT" value="18.000000" />
  <attribute name="IntegralI" value="18.000000" />
  <attribute name="IntegralH" value="18.000000" />
  <attribute name="DerivativeT" value="0.000000" />
  <attribute name="DerivativeI" value="0.000000" />
  <attribute name="DerivativeH" value="0.000000" />
  <attribute name="Loop Time for DT" value="1.000000" />
  <attribute name="Output H" value="8388608"/>
  <attribute name="Output I" value="200"/>
  <attribute name="Output T" value="4"/>
  <attribute name="Target GC Util Change" value ="20.000000" />
  <attribute name="Current GC Util Change" value="38.000000"/>
  <attribute name="GC Util currently" value="38" />
  <attribute name="CPU Util currently" value="5643760500149" />
<allocation-satisfied id="624" threadId="00000000014C6700" bytesRequested="93776" />
<af-end id="625" timestamp="2019-06-14T20:05:47.986" threadId="00000000014C7088" success="true" from="nursery"/>
<exclusive-end id="626" timestamp="2019-06-14T20:05:47.986" durationms="0.676" />

<exclusive-start id="627" timestamp="2019-06-14T20:05:47.986" intervalms="0.857">
  <response-info timems="0.023" idlems="0.023" threads="0" lastid="00000000014C6700" lastname="main" />
</exclusive-start>
<af-start id="628" threadId="00000000014C7088" totalBytesRequested="95208" timestamp="2019-06-14T20:05:47.986" intervalms="0.859" type="nursery" />
<cycle-start id="629" type="scavenge" contextid="0" timestamp="2019-06-14T20:05:47.986" intervalms="0.857" />
<gc-start id="630" type="scavenge" contextid="629" timestamp="2019-06-14T20:05:47.986">
  <mem-info id="631" free="4859480" total="8519680" percent="57">
    <mem type="nursery" free="0" total="2228224" percent="0">
      <mem type="allocate" free="0" total="1966080" percent="0" />
      <mem type="survivor" free="0" total="262144" percent="0" />
    </mem>
    <mem type="tenure" free="4859480" total="6291456" percent="77">
      <mem type="soa" free="4545112" total="5977088" percent="76" />
      <mem type="loa" free="314368" total="314368" percent="100" />
    </mem>
    <remembered-set count="56" />
  </mem-info>
</gc-start>
<allocation-stats totalBytes="1735192" >
  <allocated-bytes non-tlh="1085184" tlh="650008" />
  <largest-consumer threadName="main" threadId="00000000014C6700" bytes="1735192" />
</allocation-stats>
<gc-op id="632" type="scavenge" timems="0.105" contextid="629" timestamp="2019-06-14T20:05:47.986">
  <scavenger-info tenureage="14" tenuremask="4000" tiltratio="88" />
  <memory-copied type="nursery" objects="2" bytes="47632" bytesdiscarded="39144" />
</gc-op>
<gc-end id="633" type="scavenge" contextid="629" durationms="0.270" usertimems="0.000" systemtimems="0.000" timestamp="2019-06-14T20:05:47.986" activeThreads="4">
  <mem-info id="634" free="6738784" total="8519680" percent="79">
    <mem type="nursery" free="1879304" total="2228224" percent="84">
      <mem type="allocate" free="1879304" total="1966080" percent="95" />
      <mem type="survivor" free="0" total="262144" percent="0" />
    </mem>
    <mem type="tenure" free="4859480" total="6291456" percent="77">
      <mem type="soa" free="4545112" total="5977088" percent="76" />
      <mem type="loa" free="314368" total="314368" percent="100" />
    </mem>
    <remembered-set count="56" />
  </mem-info>
</gc-end>
<cycle-end id="635" type="scavenge" contextid="629" timestamp="2019-06-14T20:05:47.987" />
  <attribute name="elasticGC enabled" value="1" />
  <attribute name= "numThreadsSpecified" value="4" />
  <attribute name="heapSize specified" value="0" />
  <attribute name="Current GC Util" value="37" />
  <attribute name= "Current Time Running" value="756" />
  <attribute name ="GC Interval" value="200" />
  <attribute name="ProportionalT" value="8.500000" />
  <attribute name="ProportionalI" value="8.500000" />
  <attribute name="ProportionalH" value="8.500000" />
  <attribute name="Current Error" value="17.000000" />
  <attribute name="IntegralT" value="17.000000" />
  <attribute name="IntegralI" value="17.000000" />
  <attribute name="IntegralH" value="17.000000" />
  <attribute name="DerivativeT" value="-0.500000" />
  <attribute name="DerivativeI" value="-0.500000" />
  <attribute name="DerivativeH" value="-0.500000" />
  <attribute name="Loop Time for DT" value="1.000000" />
  <attribute name="Output H" value="8388608"/>
  <attribute name="Output I" value="200"/>
  <attribute name="Output T" value="4"/>
  <attribute name="Target GC Util Change" value ="20.000000" />
  <attribute name="Current GC Util Change" value="37.000000"/>
  <attribute name="GC Util currently" value="37" />
  <attribute name="CPU Util currently" value="5367837130548" />
<allocation-satisfied id="636" threadId="00000000014C6700" bytesRequested="95208" />
<af-end id="637" timestamp="2019-06-14T20:05:47.987" threadId="00000000014C7088" success="true" from="nursery"/>
<exclusive-end id="638" timestamp="2019-06-14T20:05:47.987" durationms="0.656" />

<exclusive-start id="639" timestamp="2019-06-14T20:05:47.987" intervalms="0.833">
  <response-info timems="0.023" idlems="0.023" threads="0" lastid="00000000014C6700" lastname="main" />
</exclusive-start>
<af-start id="640" threadId="00000000014C7088" totalBytesRequested="96304" timestamp="2019-06-14T20:05:47.987" intervalms="0.830" type="nursery" />
<cycle-start id="641" type="scavenge" contextid="0" timestamp="2019-06-14T20:05:47.987" intervalms="0.829" />
<gc-start id="642" type="scavenge" contextid="641" timestamp="2019-06-14T20:05:47.987">
  <mem-info id="643" free="4859480" total="8519680" percent="57">
    <mem type="nursery" free="0" total="2228224" percent="0">
      <mem type="allocate" free="0" total="1966080" percent="0" />
      <mem type="survivor" free="0" total="262144" percent="0" />
    </mem>
    <mem type="tenure" free="4859480" total="6291456" percent="77">
      <mem type="soa" free="4545112" total="5977088" percent="76" />
      <mem type="loa" free="314368" total="314368" percent="100" />
    </mem>
    <remembered-set count="56" />
  </mem-info>
</gc-start>
<allocation-stats totalBytes="1752144" >
  <allocated-bytes non-tlh="1099936" tlh="652208" />
  <largest-consumer threadName="main" threadId="00000000014C6700" bytes="1752144" />
</allocation-stats>
<gc-op id="644" type="scavenge" timems="0.088" contextid="641" timestamp="2019-06-14T20:05:47.987">
  <scavenger-info tenureage="14" tenuremask="4000" tiltratio="88" />
  <memory-copied type="nursery" objects="2" bytes="48184" bytesdiscarded="39144" />
</gc-op>
<gc-end id="645" type="scavenge" contextid="641" durationms="0.246" usertimems="4.000" systemtimems="0.000" timestamp="2019-06-14T20:05:47.987" activeThreads="1">
  <mem-info id="646" free="6738232" total="8519680" percent="79">
    <mem type="nursery" free="1878752" total="2228224" percent="84">
      <mem type="allocate" free="1878752" total="1966080" percent="95" />
      <mem type="survivor" free="0" total="262144" percent="0" />
    </mem>
    <mem type="tenure" free="4859480" total="6291456" percent="77">
      <mem type="soa" free="4545112" total="5977088" percent="76" />
      <mem type="loa" free="314368" total="314368" percent="100" />
    </mem>
    <remembered-set count="56" />
  </mem-info>
</gc-end>
<cycle-end id="647" type="scavenge" contextid="641" timestamp="2019-06-14T20:05:47.987" />
  <attribute name="elasticGC enabled" value="1" />
  <attribute name= "numThreadsSpecified" value="1" />
  <attribute name="heapSize specified" value="0" />
  <attribute name="Current GC Util" value="38" />
  <attribute name= "Current Time Running" value="756" />
  <attribute name ="GC Interval" value="200" />
  <attribute name="ProportionalT" value="9.000000" />
  <attribute name="ProportionalI" value="9.000000" />
  <attribute name="ProportionalH" value="9.000000" />
  <attribute name="Current Error" value="18.000000" />
  <attribute name="IntegralT" value="0.000000" />
  <attribute name="IntegralI" value="0.000000" />
  <attribute name="IntegralH" value="0.000000" />
  <attribute name="DerivativeT" value="inf" />
  <attribute name="DerivativeI" value="inf" />
  <attribute name="DerivativeH" value="inf" />
  <attribute name="Loop Time for DT" value="0.000000" />
  <attribute name="Output H" value="8388608"/>
  <attribute name="Output I" value="200"/>
  <attribute name="Output T" value="1"/>
  <attribute name="Target GC Util Change" value ="20.000000" />
  <attribute name="Current GC Util Change" value="38.000000"/>
  <attribute name="GC Util currently" value="38" />
  <attribute name="CPU Util currently" value="5596258087909" />
<allocation-satisfied id="648" threadId="00000000014C6700" bytesRequested="96304" />
<af-end id="649" timestamp="2019-06-14T20:05:47.987" threadId="00000000014C7088" success="true" from="nursery"/>
<exclusive-end id="650" timestamp="2019-06-14T20:05:47.988" durationms="0.627" />

<exclusive-start id="651" timestamp="2019-06-14T20:05:47.988" intervalms="0.812">
  <response-info timems="0.019" idlems="0.019" threads="0" lastid="00000000014C6700" lastname="main" />
</exclusive-start>
<af-start id="652" threadId="00000000014C7088" totalBytesRequested="48896" timestamp="2019-06-14T20:05:47.988" intervalms="0.812" type="nursery" />
<cycle-start id="653" type="scavenge" contextid="0" timestamp="2019-06-14T20:05:47.988" intervalms="0.815" />
<gc-start id="654" type="scavenge" contextid="653" timestamp="2019-06-14T20:05:47.988">
  <mem-info id="655" free="4859480" total="8519680" percent="57">
    <mem type="nursery" free="0" total="2228224" percent="0">
      <mem type="allocate" free="0" total="1966080" percent="0" />
      <mem type="survivor" free="0" total="262144" percent="0" />
    </mem>
    <mem type="tenure" free="4859480" total="6291456" percent="77">
      <mem type="soa" free="4545112" total="5977088" percent="76" />
      <mem type="loa" free="314368" total="314368" percent="100" />
    </mem>
    <remembered-set count="56" />
  </mem-info>
</gc-start>
<allocation-stats totalBytes="1699544" >
  <allocated-bytes non-tlh="1163912" tlh="535632" />
  <largest-consumer threadName="main" threadId="00000000014C6700" bytes="1699544" />
</allocation-stats>
<gc-op id="656" type="scavenge" timems="0.137" contextid="653" timestamp="2019-06-14T20:05:47.988">
  <scavenger-info tenureage="14" tenuremask="4000" tiltratio="88" />
  <memory-copied type="nursery" objects="4" bytes="48976" bytesdiscarded="39088" />
</gc-op>
<gc-end id="657" type="scavenge" contextid="653" durationms="0.294" usertimems="0.000" systemtimems="0.000" timestamp="2019-06-14T20:05:47.988" activeThreads="4">
  <mem-info id="658" free="6737496" total="8519680" percent="79">
    <mem type="nursery" free="1878016" total="2228224" percent="84">
      <mem type="allocate" free="1878016" total="1966080" percent="95" />
      <mem type="survivor" free="0" total="262144" percent="0" />
    </mem>
    <mem type="tenure" free="4859480" total="6291456" percent="77">
      <mem type="soa" free="4545112" total="5977088" percent="76" />
      <mem type="loa" free="314368" total="314368" percent="100" />
    </mem>
    <remembered-set count="56" />
  </mem-info>
</gc-end>
<cycle-end id="659" type="scavenge" contextid="653" timestamp="2019-06-14T20:05:47.988" />
  <attribute name="elasticGC enabled" value="1" />
  <attribute name= "numThreadsSpecified" value="4" />
  <attribute name="heapSize specified" value="0" />
  <attribute name="Current GC Util" value="32" />
  <attribute name= "Current Time Running" value="757" />
  <attribute name ="GC Interval" value="200" />
  <attribute name="ProportionalT" value="6.000000" />
  <attribute name="ProportionalI" value="6.000000" />
  <attribute name="ProportionalH" value="6.000000" />
  <attribute name="Current Error" value="12.000000" />
  <attribute name="IntegralT" value="12.000000" />
  <attribute name="IntegralI" value="12.000000" />
  <attribute name="IntegralH" value="12.000000" />
  <attribute name="DerivativeT" value="-3.000000" />
  <attribute name="DerivativeI" value="-3.000000" />
  <attribute name="DerivativeH" value="-3.000000" />
  <attribute name="Loop Time for DT" value="1.000000" />
  <attribute name="Output H" value="8388608"/>
  <attribute name="Output I" value="200"/>
  <attribute name="Output T" value="4"/>
  <attribute name="Target GC Util Change" value ="20.000000" />
  <attribute name="Current GC Util Change" value="32.000000"/>
  <attribute name="GC Util currently" value="32" />
  <attribute name="CPU Util currently" value="5625118642298" />
<allocation-satisfied id="660" threadId="00000000014C6700" bytesRequested="48896" />
<af-end id="661" timestamp="2019-06-14T20:05:47.988" threadId="00000000014C7088" success="true" from="nursery"/>
<exclusive-end id="662" timestamp="2019-06-14T20:05:47.988" durationms="0.680" />

<exclusive-start id="663" timestamp="2019-06-14T20:05:47.989" intervalms="0.847">
  <response-info timems="0.020" idlems="0.020" threads="0" lastid="00000000014C6700" lastname="main" />
</exclusive-start>
<af-start id="664" threadId="00000000014C7088" totalBytesRequested="98848" timestamp="2019-06-14T20:05:47.989" intervalms="0.847" type="nursery" />
<cycle-start id="665" type="scavenge" contextid="0" timestamp="2019-06-14T20:05:47.989" intervalms="0.846" />
<gc-start id="666" type="scavenge" contextid="665" timestamp="2019-06-14T20:05:47.989">
  <mem-info id="667" free="4933072" total="8519680" percent="57">
    <mem type="nursery" free="73592" total="2228224" percent="3">
      <mem type="allocate" free="73592" total="1966080" percent="3" />
      <mem type="survivor" free="0" total="262144" percent="0" />
    </mem>
    <mem type="tenure" free="4859480" total="6291456" percent="77">
      <mem type="soa" free="4545112" total="5977088" percent="76" />
      <mem type="loa" free="314368" total="314368" percent="100" />
    </mem>
    <remembered-set count="56" />
  </mem-info>
</gc-start>
<allocation-stats totalBytes="1703128" >
  <allocated-bytes non-tlh="1030280" tlh="672848" />
  <largest-consumer threadName="main" threadId="00000000014C6700" bytes="1703128" />
</allocation-stats>
<gc-op id="668" type="scavenge" timems="0.134" contextid="665" timestamp="2019-06-14T20:05:47.989">
  <scavenger-info tenureage="14" tenuremask="4000" tiltratio="88" />
  <memory-copied type="nursery" objects="2" bytes="49448" bytesdiscarded="39144" />
</gc-op>
<gc-end id="669" type="scavenge" contextid="665" durationms="0.301" usertimems="0.000" systemtimems="0.000" timestamp="2019-06-14T20:05:47.989" activeThreads="4">
  <mem-info id="670" free="6736968" total="8519680" percent="79">
    <mem type="nursery" free="1877488" total="2228224" percent="84">
      <mem type="allocate" free="1877488" total="1966080" percent="95" />
      <mem type="survivor" free="0" total="262144" percent="0" />
    </mem>
    <mem type="tenure" free="4859480" total="6291456" percent="77">
      <mem type="soa" free="4545112" total="5977088" percent="76" />
      <mem type="loa" free="314368" total="314368" percent="100" />
    </mem>
    <remembered-set count="56" />
  </mem-info>
</gc-end>
<cycle-end id="671" type="scavenge" contextid="665" timestamp="2019-06-14T20:05:47.989" />
  <attribute name="elasticGC enabled" value="1" />
  <attribute name= "numThreadsSpecified" value="4" />
  <attribute name="heapSize specified" value="0" />
  <attribute name="Current GC Util" value="38" />
  <attribute name= "Current Time Running" value="758" />
  <attribute name ="GC Interval" value="200" />
  <attribute name="ProportionalT" value="9.000000" />
  <attribute name="ProportionalI" value="9.000000" />
  <attribute name="ProportionalH" value="9.000000" />
  <attribute name="Current Error" value="18.000000" />
  <attribute name="IntegralT" value="18.000000" />
  <attribute name="IntegralI" value="18.000000" />
  <attribute name="IntegralH" value="18.000000" />
  <attribute name="DerivativeT" value="3.000000" />
  <attribute name="DerivativeI" value="3.000000" />
  <attribute name="DerivativeH" value="3.000000" />
  <attribute name="Loop Time for DT" value="1.000000" />
  <attribute name="Output H" value="8388608"/>
  <attribute name="Output I" value="200"/>
  <attribute name="Output T" value="4"/>
  <attribute name="Target GC Util Change" value ="20.000000" />
  <attribute name="Current GC Util Change" value="38.000000"/>
  <attribute name="GC Util currently" value="38" />
  <attribute name="CPU Util currently" value="5380242964440" />
<allocation-satisfied id="672" threadId="00000000014C6700" bytesRequested="98848" />
<af-end id="673" timestamp="2019-06-14T20:05:47.989" threadId="00000000014C7088" success="true" from="nursery"/>
<exclusive-end id="674" timestamp="2019-06-14T20:05:47.989" durationms="0.686" />

<exclusive-start id="675" timestamp="2019-06-14T20:05:47.989" intervalms="0.872">
  <response-info timems="0.027" idlems="0.027" threads="0" lastid="00000000014C6700" lastname="main" />
</exclusive-start>
<af-start id="676" threadId="00000000014C7088" totalBytesRequested="50016" timestamp="2019-06-14T20:05:47.989" intervalms="0.870" type="nursery" />
<cycle-start id="677" type="scavenge" contextid="0" timestamp="2019-06-14T20:05:47.990" intervalms="0.871" />
<gc-start id="678" type="scavenge" contextid="677" timestamp="2019-06-14T20:05:47.990">
  <mem-info id="679" free="4859480" total="8519680" percent="57">
    <mem type="nursery" free="0" total="2228224" percent="0">
      <mem type="allocate" free="0" total="1966080" percent="0" />
      <mem type="survivor" free="0" total="262144" percent="0" />
    </mem>
    <mem type="tenure" free="4859480" total="6291456" percent="77">
      <mem type="soa" free="4545112" total="5977088" percent="76" />
      <mem type="loa" free="314368" total="314368" percent="100" />
    </mem>
    <remembered-set count="56" />
  </mem-info>
</gc-start>
<allocation-stats totalBytes="1740336" >
  <allocated-bytes non-tlh="1191928" tlh="548408" />
  <largest-consumer threadName="main" threadId="00000000014C6700" bytes="1740336" />
</allocation-stats>
<gc-op id="680" type="scavenge" timems="0.138" contextid="677" timestamp="2019-06-14T20:05:47.990">
  <scavenger-info tenureage="14" tenuremask="4000" tiltratio="88" />
  <memory-copied type="nursery" objects="4" bytes="50096" bytesdiscarded="39088" />
</gc-op>
<gc-end id="681" type="scavenge" contextid="677" durationms="0.308" usertimems="0.000" systemtimems="0.000" timestamp="2019-06-14T20:05:47.990" activeThreads="4">
  <mem-info id="682" free="6736376" total="8519680" percent="79">
    <mem type="nursery" free="1876896" total="2228224" percent="84">
      <mem type="allocate" free="1876896" total="1966080" percent="95" />
      <mem type="survivor" free="0" total="262144" percent="0" />
    </mem>
    <mem type="tenure" free="4859480" total="6291456" percent="77">
      <mem type="soa" free="4545112" total="5977088" percent="76" />
      <mem type="loa" free="314368" total="314368" percent="100" />
    </mem>
    <remembered-set count="56" />
  </mem-info>
</gc-end>
<cycle-end id="683" type="scavenge" contextid="677" timestamp="2019-06-14T20:05:47.990" />
  <attribute name="elasticGC enabled" value="1" />
  <attribute name= "numThreadsSpecified" value="4" />
  <attribute name="heapSize specified" value="0" />
  <attribute name="Current GC Util" value="37" />
  <attribute name= "Current Time Running" value="759" />
  <attribute name ="GC Interval" value="200" />
  <attribute name="ProportionalT" value="8.500000" />
  <attribute name="ProportionalI" value="8.500000" />
  <attribute name="ProportionalH" value="8.500000" />
  <attribute name="Current Error" value="17.000000" />
  <attribute name="IntegralT" value="17.000000" />
  <attribute name="IntegralI" value="17.000000" />
  <attribute name="IntegralH" value="17.000000" />
  <attribute name="DerivativeT" value="-0.500000" />
  <attribute name="DerivativeI" value="-0.500000" />
  <attribute name="DerivativeH" value="-0.500000" />
  <attribute name="Loop Time for DT" value="1.000000" />
  <attribute name="Output H" value="8388608"/>
  <attribute name="Output I" value="200"/>
  <attribute name="Output T" value="4"/>
  <attribute name="Target GC Util Change" value ="20.000000" />
  <attribute name="Current GC Util Change" value="37.000000"/>
  <attribute name="GC Util currently" value="37" />
  <attribute name="CPU Util currently" value="5354648908095" />
<allocation-satisfied id="684" threadId="00000000014C6700" bytesRequested="50016" />
<af-end id="685" timestamp="2019-06-14T20:05:47.990" threadId="00000000014C7088" success="true" from="nursery"/>
<exclusive-end id="686" timestamp="2019-06-14T20:05:47.990" durationms="0.692" />

<exclusive-start id="687" timestamp="2019-06-14T20:05:47.990" intervalms="0.869">
  <response-info timems="0.026" idlems="0.026" threads="0" lastid="00000000014C6700" lastname="main" />
</exclusive-start>
<af-start id="688" threadId="00000000014C7088" totalBytesRequested="101160" timestamp="2019-06-14T20:05:47.990" intervalms="0.870" type="nursery" />
<cycle-start id="689" type="scavenge" contextid="0" timestamp="2019-06-14T20:05:47.990" intervalms="0.870" />
<gc-start id="690" type="scavenge" contextid="689" timestamp="2019-06-14T20:05:47.990">
  <mem-info id="691" free="4955048" total="8519680" percent="58">
    <mem type="nursery" free="95568" total="2228224" percent="4">
      <mem type="allocate" free="95568" total="1966080" percent="4" />
      <mem type="survivor" free="0" total="262144" percent="0" />
    </mem>
    <mem type="tenure" free="4859480" total="6291456" percent="77">
      <mem type="soa" free="4545112" total="5977088" percent="76" />
      <mem type="loa" free="314368" total="314368" percent="100" />
    </mem>
    <remembered-set count="56" />
  </mem-info>
</gc-start>
<allocation-stats totalBytes="1690632" >
  <allocated-bytes non-tlh="1105488" tlh="585144" />
  <largest-consumer threadName="main" threadId="00000000014C6700" bytes="1690632" />
</allocation-stats>
<gc-op id="692" type="scavenge" timems="0.111" contextid="689" timestamp="2019-06-14T20:05:47.991">
  <scavenger-info tenureage="14" tenuremask="4000" tiltratio="88" />
  <memory-copied type="nursery" objects="2" bytes="50608" bytesdiscarded="39144" />
</gc-op>
<gc-end id="693" type="scavenge" contextid="689" durationms="0.351" usertimems="0.000" systemtimems="0.000" timestamp="2019-06-14T20:05:47.991" activeThreads="4">
  <mem-info id="694" free="6735808" total="8519680" percent="79">
    <mem type="nursery" free="1876328" total="2228224" percent="84">
      <mem type="allocate" free="1876328" total="1966080" percent="95" />
      <mem type="survivor" free="0" total="262144" percent="0" />
    </mem>
    <mem type="tenure" free="4859480" total="6291456" percent="77">
      <mem type="soa" free="4545112" total="5977088" percent="76" />
      <mem type="loa" free="314368" total="314368" percent="100" />
    </mem>
    <remembered-set count="56" />
  </mem-info>
</gc-end>
<cycle-end id="695" type="scavenge" contextid="689" timestamp="2019-06-14T20:05:47.991" />
  <attribute name="elasticGC enabled" value="1" />
  <attribute name= "numThreadsSpecified" value="4" />
  <attribute name="heapSize specified" value="0" />
  <attribute name="Current GC Util" value="35" />
  <attribute name= "Current Time Running" value="760" />
  <attribute name ="GC Interval" value="200" />
  <attribute name="ProportionalT" value="7.500000" />
  <attribute name="ProportionalI" value="7.500000" />
  <attribute name="ProportionalH" value="7.500000" />
  <attribute name="Current Error" value="15.000000" />
  <attribute name="IntegralT" value="15.000000" />
  <attribute name="IntegralI" value="15.000000" />
  <attribute name="IntegralH" value="15.000000" />
  <attribute name="DerivativeT" value="-1.000000" />
  <attribute name="DerivativeI" value="-1.000000" />
  <attribute name="DerivativeH" value="-1.000000" />
  <attribute name="Loop Time for DT" value="1.000000" />
  <attribute name="Output H" value="8388608"/>
  <attribute name="Output I" value="200"/>
  <attribute name="Output T" value="4"/>
  <attribute name="Target GC Util Change" value ="20.000000" />
  <attribute name="Current GC Util Change" value="35.000000"/>
  <attribute name="GC Util currently" value="35" />
  <attribute name="CPU Util currently" value="5016011670134" />
<allocation-satisfied id="696" threadId="00000000014C6700" bytesRequested="101160" />
<af-end id="697" timestamp="2019-06-14T20:05:47.991" threadId="00000000014C7088" success="true" from="nursery"/>
<exclusive-end id="698" timestamp="2019-06-14T20:05:47.991" durationms="1.003" />

<exclusive-start id="699" timestamp="2019-06-14T20:05:47.991" intervalms="1.187">
  <response-info timems="0.027" idlems="0.027" threads="0" lastid="00000000014C6700" lastname="main" />
</exclusive-start>
<af-start id="700" threadId="00000000014C7088" totalBytesRequested="51344" timestamp="2019-06-14T20:05:47.992" intervalms="1.223" type="nursery" />
<cycle-start id="701" type="scavenge" contextid="0" timestamp="2019-06-14T20:05:47.992" intervalms="1.208" />
<gc-start id="702" type="scavenge" contextid="701" timestamp="2019-06-14T20:05:47.992">
  <mem-info id="703" free="4859480" total="8519680" percent="57">
    <mem type="nursery" free="0" total="2228224" percent="0">
      <mem type="allocate" free="0" total="1966080" percent="0" />
      <mem type="survivor" free="0" total="262144" percent="0" />
    </mem>
    <mem type="tenure" free="4859480" total="6291456" percent="77">
      <mem type="soa" free="4545112" total="5977088" percent="76" />
      <mem type="loa" free="314368" total="314368" percent="100" />
    </mem>
    <remembered-set count="56" />
  </mem-info>
</gc-start>
<allocation-stats totalBytes="1784288" >
  <allocated-bytes non-tlh="1170712" tlh="613576" />
  <largest-consumer threadName="main" threadId="00000000014C6700" bytes="1784288" />
</allocation-stats>
<gc-op id="704" type="scavenge" timems="0.133" contextid="701" timestamp="2019-06-14T20:05:47.992">
  <scavenger-info tenureage="14" tenuremask="4000" tiltratio="88" />
  <memory-copied type="nursery" objects="4" bytes="51424" bytesdiscarded="39088" />
</gc-op>
<gc-end id="705" type="scavenge" contextid="701" durationms="0.296" usertimems="0.000" systemtimems="0.000" timestamp="2019-06-14T20:05:47.992" activeThreads="4">
  <mem-info id="706" free="6735048" total="8519680" percent="79">
    <mem type="nursery" free="1875568" total="2228224" percent="84">
      <mem type="allocate" free="1875568" total="1966080" percent="95" />
      <mem type="survivor" free="0" total="262144" percent="0" />
    </mem>
    <mem type="tenure" free="4859480" total="6291456" percent="77">
      <mem type="soa" free="4545112" total="5977088" percent="76" />
      <mem type="loa" free="314368" total="314368" percent="100" />
    </mem>
    <remembered-set count="56" />
  </mem-info>
</gc-end>
<cycle-end id="707" type="scavenge" contextid="701" timestamp="2019-06-14T20:05:47.992" />
  <attribute name="elasticGC enabled" value="1" />
  <attribute name= "numThreadsSpecified" value="4" />
  <attribute name="heapSize specified" value="0" />
  <attribute name="Current GC Util" value="27" />
  <attribute name= "Current Time Running" value="761" />
  <attribute name ="GC Interval" value="200" />
  <attribute name="ProportionalT" value="3.500000" />
  <attribute name="ProportionalI" value="3.500000" />
  <attribute name="ProportionalH" value="3.500000" />
  <attribute name="Current Error" value="7.000000" />
  <attribute name="IntegralT" value="7.000000" />
  <attribute name="IntegralI" value="7.000000" />
  <attribute name="IntegralH" value="7.000000" />
  <attribute name="DerivativeT" value="-4.000000" />
  <attribute name="DerivativeI" value="-4.000000" />
  <attribute name="DerivativeH" value="-4.000000" />
  <attribute name="Loop Time for DT" value="1.000000" />
  <attribute name="Output H" value="8388608"/>
  <attribute name="Output I" value="200"/>
  <attribute name="Output T" value="4"/>
  <attribute name="Target GC Util Change" value ="20.000000" />
  <attribute name="Current GC Util Change" value="27.000000"/>
  <attribute name="GC Util currently" value="27" />
  <attribute name="CPU Util currently" value="3969930820564" />
<allocation-satisfied id="708" threadId="00000000014C6700" bytesRequested="51344" />
<af-end id="709" timestamp="2019-06-14T20:05:47.992" threadId="00000000014C7088" success="true" from="nursery"/>
<exclusive-end id="710" timestamp="2019-06-14T20:05:47.992" durationms="0.700" />

<exclusive-start id="711" timestamp="2019-06-14T20:05:47.992" intervalms="0.880">
  <response-info timems="0.024" idlems="0.024" threads="0" lastid="00000000014C6700" lastname="main" />
</exclusive-start>
<af-start id="712" threadId="00000000014C7088" totalBytesRequested="103816" timestamp="2019-06-14T20:05:47.992" intervalms="0.846" type="nursery" />
<cycle-start id="713" type="scavenge" contextid="0" timestamp="2019-06-14T20:05:47.992" intervalms="0.860" />
<gc-start id="714" type="scavenge" contextid="713" timestamp="2019-06-14T20:05:47.993">
  <mem-info id="715" free="4925864" total="8519680" percent="57">
    <mem type="nursery" free="66384" total="2228224" percent="2">
      <mem type="allocate" free="66384" total="1966080" percent="3" />
      <mem type="survivor" free="0" total="262144" percent="0" />
    </mem>
    <mem type="tenure" free="4859480" total="6291456" percent="77">
      <mem type="soa" free="4545112" total="5977088" percent="76" />
      <mem type="loa" free="314368" total="314368" percent="100" />
    </mem>
    <remembered-set count="56" />
  </mem-info>
</gc-start>
<allocation-stats totalBytes="1729792" >
  <allocated-bytes non-tlh="1133344" tlh="596448" />
  <largest-consumer threadName="main" threadId="00000000014C6700" bytes="1729792" />
</allocation-stats>
<gc-op id="716" type="scavenge" timems="0.142" contextid="713" timestamp="2019-06-14T20:05:47.993">
  <scavenger-info tenureage="14" tenuremask="4000" tiltratio="88" />
  <memory-copied type="nursery" objects="2" bytes="51936" bytesdiscarded="39144" />
</gc-op>
<gc-end id="717" type="scavenge" contextid="713" durationms="0.301" usertimems="0.000" systemtimems="0.000" timestamp="2019-06-14T20:05:47.993" activeThreads="4">
  <mem-info id="718" free="6734480" total="8519680" percent="79">
    <mem type="nursery" free="1875000" total="2228224" percent="84">
      <mem type="allocate" free="1875000" total="1966080" percent="95" />
      <mem type="survivor" free="0" total="262144" percent="0" />
    </mem>
    <mem type="tenure" free="4859480" total="6291456" percent="77">
      <mem type="soa" free="4545112" total="5977088" percent="76" />
      <mem type="loa" free="314368" total="314368" percent="100" />
    </mem>
    <remembered-set count="56" />
  </mem-info>
</gc-end>
<cycle-end id="719" type="scavenge" contextid="713" timestamp="2019-06-14T20:05:47.993" />
  <attribute name="elasticGC enabled" value="1" />
  <attribute name= "numThreadsSpecified" value="4" />
  <attribute name="heapSize specified" value="0" />
  <attribute name="Current GC Util" value="37" />
  <attribute name= "Current Time Running" value="762" />
  <attribute name ="GC Interval" value="200" />
  <attribute name="ProportionalT" value="8.500000" />
  <attribute name="ProportionalI" value="8.500000" />
  <attribute name="ProportionalH" value="8.500000" />
  <attribute name="Current Error" value="17.000000" />
  <attribute name="IntegralT" value="17.000000" />
  <attribute name="IntegralI" value="17.000000" />
  <attribute name="IntegralH" value="17.000000" />
  <attribute name="DerivativeT" value="5.000000" />
  <attribute name="DerivativeI" value="5.000000" />
  <attribute name="DerivativeH" value="5.000000" />
  <attribute name="Loop Time for DT" value="1.000000" />
  <attribute name="Output H" value="8388608"/>
  <attribute name="Output I" value="200"/>
  <attribute name="Output T" value="4"/>
  <attribute name="Target GC Util Change" value ="20.000000" />
  <attribute name="Current GC Util Change" value="37.000000"/>
  <attribute name="GC Util currently" value="37" />
  <attribute name="CPU Util currently" value="5366650278677" />
<allocation-satisfied id="720" threadId="00000000014C6700" bytesRequested="103816" />
<af-end id="721" timestamp="2019-06-14T20:05:47.993" threadId="00000000014C7088" success="true" from="nursery"/>
<exclusive-end id="722" timestamp="2019-06-14T20:05:47.993" durationms="0.686" />

<exclusive-start id="723" timestamp="2019-06-14T20:05:47.993" intervalms="0.868">
  <response-info timems="0.024" idlems="0.024" threads="0" lastid="00000000014C6700" lastname="main" />
</exclusive-start>
<af-start id="724" threadId="00000000014C7088" totalBytesRequested="52600" timestamp="2019-06-14T20:05:47.993" intervalms="0.867" type="nursery" />
<cycle-start id="725" type="scavenge" contextid="0" timestamp="2019-06-14T20:05:47.993" intervalms="0.867" />
<gc-start id="726" type="scavenge" contextid="725" timestamp="2019-06-14T20:05:47.993">
  <mem-info id="727" free="4859480" total="8519680" percent="57">
    <mem type="nursery" free="0" total="2228224" percent="0">
      <mem type="allocate" free="0" total="1966080" percent="0" />
      <mem type="survivor" free="0" total="262144" percent="0" />
    </mem>
    <mem type="tenure" free="4859480" total="6291456" percent="77">
      <mem type="soa" free="4545112" total="5977088" percent="76" />
      <mem type="loa" free="314368" total="314368" percent="100" />
    </mem>
    <remembered-set count="56" />
  </mem-info>
</gc-start>
<allocation-stats totalBytes="1776584" >
  <allocated-bytes non-tlh="1304920" tlh="471664" />
  <largest-consumer threadName="main" threadId="00000000014C6700" bytes="1776584" />
</allocation-stats>
<gc-op id="728" type="scavenge" timems="0.137" contextid="725" timestamp="2019-06-14T20:05:47.994">
  <scavenger-info tenureage="14" tenuremask="4000" tiltratio="88" />
  <memory-copied type="nursery" objects="2" bytes="105200" bytesdiscarded="39152" />
</gc-op>
<gc-end id="729" type="scavenge" contextid="725" durationms="0.295" usertimems="0.000" systemtimems="0.000" timestamp="2019-06-14T20:05:47.994" activeThreads="4">
  <mem-info id="730" free="6681208" total="8519680" percent="78">
    <mem type="nursery" free="1821728" total="2228224" percent="81">
      <mem type="allocate" free="1821728" total="1966080" percent="92" />
      <mem type="survivor" free="0" total="262144" percent="0" />
    </mem>
    <mem type="tenure" free="4859480" total="6291456" percent="77">
      <mem type="soa" free="4545112" total="5977088" percent="76" />
      <mem type="loa" free="314368" total="314368" percent="100" />
    </mem>
    <remembered-set count="56" />
  </mem-info>
</gc-end>
<cycle-end id="731" type="scavenge" contextid="725" timestamp="2019-06-14T20:05:47.994" />
  <attribute name="elasticGC enabled" value="1" />
  <attribute name= "numThreadsSpecified" value="4" />
  <attribute name="heapSize specified" value="0" />
  <attribute name="Current GC Util" value="38" />
  <attribute name= "Current Time Running" value="763" />
  <attribute name ="GC Interval" value="200" />
  <attribute name="ProportionalT" value="9.000000" />
  <attribute name="ProportionalI" value="9.000000" />
  <attribute name="ProportionalH" value="9.000000" />
  <attribute name="Current Error" value="18.000000" />
  <attribute name="IntegralT" value="18.000000" />
  <attribute name="IntegralI" value="18.000000" />
  <attribute name="IntegralH" value="18.000000" />
  <attribute name="DerivativeT" value="0.500000" />
  <attribute name="DerivativeI" value="0.500000" />
  <attribute name="DerivativeH" value="0.500000" />
  <attribute name="Loop Time for DT" value="1.000000" />
  <attribute name="Output H" value="8388608"/>
  <attribute name="Output I" value="200"/>
  <attribute name="Output T" value="4"/>
  <attribute name="Target GC Util Change" value ="20.000000" />
  <attribute name="Current GC Util Change" value="38.000000"/>
  <attribute name="GC Util currently" value="38" />
  <attribute name="CPU Util currently" value="5332507752916" />
<allocation-satisfied id="732" threadId="00000000014C6700" bytesRequested="52600" />
<af-end id="733" timestamp="2019-06-14T20:05:47.994" threadId="00000000014C7088" success="true" from="nursery"/>
<exclusive-end id="734" timestamp="2019-06-14T20:05:47.994" durationms="0.677" />

<exclusive-start id="735" timestamp="2019-06-14T20:05:47.994" intervalms="0.851">
  <response-info timems="0.019" idlems="0.019" threads="0" lastid="00000000014C6700" lastname="main" />
</exclusive-start>
<af-start id="736" threadId="00000000014C7088" totalBytesRequested="53240" timestamp="2019-06-14T20:05:47.994" intervalms="0.851" type="nursery" />
<cycle-start id="737" type="scavenge" contextid="0" timestamp="2019-06-14T20:05:47.994" intervalms="0.851" />
<gc-start id="738" type="scavenge" contextid="737" timestamp="2019-06-14T20:05:47.994">
  <mem-info id="739" free="4859480" total="8519680" percent="57">
    <mem type="nursery" free="0" total="2228224" percent="0">
      <mem type="allocate" free="0" total="1966080" percent="0" />
      <mem type="survivor" free="0" total="262144" percent="0" />
    </mem>
    <mem type="tenure" free="4859480" total="6291456" percent="77">
      <mem type="soa" free="4545112" total="5977088" percent="76" />
      <mem type="loa" free="314368" total="314368" percent="100" />
    </mem>
    <remembered-set count="56" />
  </mem-info>
</gc-start>
<allocation-stats totalBytes="1694720" >
  <allocated-bytes non-tlh="1216648" tlh="478072" />
  <largest-consumer threadName="main" threadId="00000000014C6700" bytes="1694720" />
</allocation-stats>
<gc-op id="740" type="scavenge" timems="0.141" contextid="737" timestamp="2019-06-14T20:05:47.994">
  <scavenger-info tenureage="14" tenuremask="4000" tiltratio="88" />
  <memory-copied type="nursery" objects="2" bytes="106480" bytesdiscarded="39152" />
</gc-op>
<gc-end id="741" type="scavenge" contextid="737" durationms="0.296" usertimems="0.000" systemtimems="0.000" timestamp="2019-06-14T20:05:47.995" activeThreads="4">
  <mem-info id="742" free="6679928" total="8519680" percent="78">
    <mem type="nursery" free="1820448" total="2228224" percent="81">
      <mem type="allocate" free="1820448" total="1966080" percent="92" />
      <mem type="survivor" free="0" total="262144" percent="0" />
    </mem>
    <mem type="tenure" free="4859480" total="6291456" percent="77">
      <mem type="soa" free="4545112" total="5977088" percent="76" />
      <mem type="loa" free="314368" total="314368" percent="100" />
    </mem>
    <remembered-set count="56" />
  </mem-info>
</gc-end>
<cycle-end id="743" type="scavenge" contextid="737" timestamp="2019-06-14T20:05:47.995" />
  <attribute name="elasticGC enabled" value="1" />
  <attribute name= "numThreadsSpecified" value="4" />
  <attribute name="heapSize specified" value="0" />
  <attribute name="Current GC Util" value="38" />
  <attribute name= "Current Time Running" value="764" />
  <attribute name ="GC Interval" value="200" />
  <attribute name="ProportionalT" value="9.000000" />
  <attribute name="ProportionalI" value="9.000000" />
  <attribute name="ProportionalH" value="9.000000" />
  <attribute name="Current Error" value="18.000000" />
  <attribute name="IntegralT" value="18.000000" />
  <attribute name="IntegralI" value="18.000000" />
  <attribute name="IntegralH" value="18.000000" />
  <attribute name="DerivativeT" value="0.000000" />
  <attribute name="DerivativeI" value="0.000000" />
  <attribute name="DerivativeH" value="0.000000" />
  <attribute name="Loop Time for DT" value="1.000000" />
  <attribute name="Output H" value="8388608"/>
  <attribute name="Output I" value="200"/>
  <attribute name="Output T" value="4"/>
  <attribute name="Target GC Util Change" value ="20.000000" />
  <attribute name="Current GC Util Change" value="38.000000"/>
  <attribute name="GC Util currently" value="38" />
  <attribute name="CPU Util currently" value="5430374744221" />
<allocation-satisfied id="744" threadId="00000000014C6700" bytesRequested="53240" />
<af-end id="745" timestamp="2019-06-14T20:05:47.995" threadId="00000000014C7088" success="true" from="nursery"/>
<exclusive-end id="746" timestamp="2019-06-14T20:05:47.995" durationms="0.678" />

<exclusive-start id="747" timestamp="2019-06-14T20:05:47.995" intervalms="0.859">
  <response-info timems="0.024" idlems="0.024" threads="0" lastid="00000000014C6700" lastname="main" />
</exclusive-start>
<af-start id="748" threadId="00000000014C7088" totalBytesRequested="53864" timestamp="2019-06-14T20:05:47.995" intervalms="0.860" type="nursery" />
<cycle-start id="749" type="scavenge" contextid="0" timestamp="2019-06-14T20:05:47.995" intervalms="0.860" />
<gc-start id="750" type="scavenge" contextid="749" timestamp="2019-06-14T20:05:47.995">
  <mem-info id="751" free="4859480" total="8519680" percent="57">
    <mem type="nursery" free="0" total="2228224" percent="0">
      <mem type="allocate" free="0" total="1966080" percent="0" />
      <mem type="survivor" free="0" total="262144" percent="0" />
    </mem>
    <mem type="tenure" free="4859480" total="6291456" percent="77">
      <mem type="soa" free="4545112" total="5977088" percent="76" />
      <mem type="loa" free="314368" total="314368" percent="100" />
    </mem>
    <remembered-set count="56" />
  </mem-info>
</gc-start>
<allocation-stats totalBytes="1722824" >
  <allocated-bytes non-tlh="1230464" tlh="492360" />
  <largest-consumer threadName="main" threadId="00000000014C6700" bytes="1722824" />
</allocation-stats>
<gc-op id="752" type="scavenge" timems="0.113" contextid="749" timestamp="2019-06-14T20:05:47.995">
  <scavenger-info tenureage="14" tenuremask="4000" tiltratio="88" />
  <memory-copied type="nursery" objects="2" bytes="107728" bytesdiscarded="39152" />
</gc-op>
<gc-end id="753" type="scavenge" contextid="749" durationms="0.270" usertimems="0.000" systemtimems="0.000" timestamp="2019-06-14T20:05:47.995" activeThreads="4">
  <mem-info id="754" free="6678680" total="8519680" percent="78">
    <mem type="nursery" free="1819200" total="2228224" percent="81">
      <mem type="allocate" free="1819200" total="1966080" percent="92" />
      <mem type="survivor" free="0" total="262144" percent="0" />
    </mem>
    <mem type="tenure" free="4859480" total="6291456" percent="77">
      <mem type="soa" free="4545112" total="5977088" percent="76" />
      <mem type="loa" free="314368" total="314368" percent="100" />
    </mem>
    <remembered-set count="56" />
  </mem-info>
</gc-end>
<cycle-end id="755" type="scavenge" contextid="749" timestamp="2019-06-14T20:05:47.995" />
  <attribute name="elasticGC enabled" value="1" />
  <attribute name= "numThreadsSpecified" value="4" />
  <attribute name="heapSize specified" value="0" />
  <attribute name="Current GC Util" value="38" />
  <attribute name= "Current Time Running" value="765" />
  <attribute name ="GC Interval" value="200" />
  <attribute name="ProportionalT" value="9.000000" />
  <attribute name="ProportionalI" value="9.000000" />
  <attribute name="ProportionalH" value="9.000000" />
  <attribute name="Current Error" value="18.000000" />
  <attribute name="IntegralT" value="18.000000" />
  <attribute name="IntegralI" value="18.000000" />
  <attribute name="IntegralH" value="18.000000" />
  <attribute name="DerivativeT" value="0.000000" />
  <attribute name="DerivativeI" value="0.000000" />
  <attribute name="DerivativeH" value="0.000000" />
  <attribute name="Loop Time for DT" value="1.000000" />
  <attribute name="Output H" value="8388608"/>
  <attribute name="Output I" value="200"/>
  <attribute name="Output T" value="4"/>
  <attribute name="Target GC Util Change" value ="20.000000" />
  <attribute name="Current GC Util Change" value="38.000000"/>
  <attribute name="GC Util currently" value="38" />
  <attribute name="CPU Util currently" value="5393765890177" />
<allocation-satisfied id="756" threadId="00000000014C6700" bytesRequested="53864" />
<af-end id="757" timestamp="2019-06-14T20:05:47.996" threadId="00000000014C7088" success="true" from="nursery"/>
<exclusive-end id="758" timestamp="2019-06-14T20:05:47.996" durationms="0.649" />

<exclusive-start id="759" timestamp="2019-06-14T20:05:47.996" intervalms="0.868">
  <response-info timems="0.068" idlems="0.068" threads="0" lastid="00000000014C6700" lastname="main" />
</exclusive-start>
<af-start id="760" threadId="00000000014C7088" totalBytesRequested="54496" timestamp="2019-06-14T20:05:47.996" intervalms="0.864" type="nursery" />
<cycle-start id="761" type="scavenge" contextid="0" timestamp="2019-06-14T20:05:47.996" intervalms="0.861" />
<gc-start id="762" type="scavenge" contextid="761" timestamp="2019-06-14T20:05:47.996">
  <mem-info id="763" free="4859480" total="8519680" percent="57">
    <mem type="nursery" free="0" total="2228224" percent="0">
      <mem type="allocate" free="0" total="1966080" percent="0" />
      <mem type="survivor" free="0" total="262144" percent="0" />
    </mem>
    <mem type="tenure" free="4859480" total="6291456" percent="77">
      <mem type="soa" free="4545112" total="5977088" percent="76" />
      <mem type="loa" free="314368" total="314368" percent="100" />
    </mem>
    <remembered-set count="56" />
  </mem-info>
</gc-start>
<allocation-stats totalBytes="1734176" >
  <allocated-bytes non-tlh="1245000" tlh="489176" />
  <largest-consumer threadName="main" threadId="00000000014C6700" bytes="1734176" />
</allocation-stats>
<gc-op id="764" type="scavenge" timems="0.113" contextid="761" timestamp="2019-06-14T20:05:47.996">
  <scavenger-info tenureage="14" tenuremask="4000" tiltratio="88" />
  <memory-copied type="nursery" objects="2" bytes="108992" bytesdiscarded="39152" />
</gc-op>
<gc-end id="765" type="scavenge" contextid="761" durationms="0.272" usertimems="0.000" systemtimems="0.000" timestamp="2019-06-14T20:05:47.996" activeThreads="4">
  <mem-info id="766" free="6677416" total="8519680" percent="78">
    <mem type="nursery" free="1817936" total="2228224" percent="81">
      <mem type="allocate" free="1817936" total="1966080" percent="92" />
      <mem type="survivor" free="0" total="262144" percent="0" />
    </mem>
    <mem type="tenure" free="4859480" total="6291456" percent="77">
      <mem type="soa" free="4545112" total="5977088" percent="76" />
      <mem type="loa" free="314368" total="314368" percent="100" />
    </mem>
    <remembered-set count="56" />
  </mem-info>
</gc-end>
<cycle-end id="767" type="scavenge" contextid="761" timestamp="2019-06-14T20:05:47.996" />
  <attribute name="elasticGC enabled" value="1" />
  <attribute name= "numThreadsSpecified" value="4" />
  <attribute name="heapSize specified" value="0" />
  <attribute name="Current GC Util" value="37" />
  <attribute name= "Current Time Running" value="765" />
  <attribute name ="GC Interval" value="200" />
  <attribute name="ProportionalT" value="8.500000" />
  <attribute name="ProportionalI" value="8.500000" />
  <attribute name="ProportionalH" value="8.500000" />
  <attribute name="Current Error" value="17.000000" />
  <attribute name="IntegralT" value="0.000000" />
  <attribute name="IntegralI" value="0.000000" />
  <attribute name="IntegralH" value="0.000000" />
  <attribute name="DerivativeT" value="-inf" />
  <attribute name="DerivativeI" value="-inf" />
  <attribute name="DerivativeH" value="-inf" />
  <attribute name="Loop Time for DT" value="0.000000" />
  <attribute name="Output H" value="2092630016"/>
  <attribute name="Output I" value="200"/>
  <attribute name="Output T" value="4"/>
  <attribute name="Target GC Util Change" value ="20.000000" />
  <attribute name="Current GC Util Change" value="37.000000"/>
  <attribute name="GC Util currently" value="37" />
  <attribute name="CPU Util currently" value="5322267238697" />
<allocation-satisfied id="768" threadId="00000000014C6700" bytesRequested="54496" />
<af-end id="769" timestamp="2019-06-14T20:05:47.996" threadId="00000000014C7088" success="true" from="nursery"/>
<exclusive-end id="770" timestamp="2019-06-14T20:05:47.996" durationms="0.646" />

<exclusive-start id="771" timestamp="2019-06-14T20:05:47.997" intervalms="0.827">
  <response-info timems="0.023" idlems="0.023" threads="0" lastid="00000000014C6700" lastname="main" />
</exclusive-start>
<af-start id="772" threadId="00000000014C7088" totalBytesRequested="55120" timestamp="2019-06-14T20:05:47.997" intervalms="0.829" type="nursery" />
<cycle-start id="773" type="scavenge" contextid="0" timestamp="2019-06-14T20:05:47.997" intervalms="0.831" />
<gc-start id="774" type="scavenge" contextid="773" timestamp="2019-06-14T20:05:47.997">
  <mem-info id="775" free="4859480" total="8519680" percent="57">
    <mem type="nursery" free="0" total="2228224" percent="0">
      <mem type="allocate" free="0" total="1966080" percent="0" />
      <mem type="survivor" free="0" total="262144" percent="0" />
    </mem>
    <mem type="tenure" free="4859480" total="6291456" percent="77">
      <mem type="soa" free="4545112" total="5977088" percent="76" />
      <mem type="loa" free="314368" total="314368" percent="100" />
    </mem>
    <remembered-set count="56" />
  </mem-info>
</gc-start>
<allocation-stats totalBytes="1758520" >
  <allocated-bytes non-tlh="1259808" tlh="498712" />
  <largest-consumer threadName="main" threadId="00000000014C6700" bytes="1758520" />
</allocation-stats>
<gc-op id="776" type="scavenge" timems="0.137" contextid="773" timestamp="2019-06-14T20:05:47.997">
  <scavenger-info tenureage="14" tenuremask="4000" tiltratio="88" />
  <memory-copied type="nursery" objects="2" bytes="110248" bytesdiscarded="39152" />
</gc-op>
<gc-end id="777" type="scavenge" contextid="773" durationms="0.294" usertimems="0.000" systemtimems="0.000" timestamp="2019-06-14T20:05:47.997" activeThreads="4">
  <mem-info id="778" free="6676160" total="8519680" percent="78">
    <mem type="nursery" free="1816680" total="2228224" percent="81">
      <mem type="allocate" free="1816680" total="1966080" percent="92" />
      <mem type="survivor" free="0" total="262144" percent="0" />
    </mem>
    <mem type="tenure" free="4859480" total="6291456" percent="77">
      <mem type="soa" free="4545112" total="5977088" percent="76" />
      <mem type="loa" free="314368" total="314368" percent="100" />
    </mem>
    <remembered-set count="56" />
  </mem-info>
</gc-end>
<cycle-end id="779" type="scavenge" contextid="773" timestamp="2019-06-14T20:05:47.997" />
  <attribute name="elasticGC enabled" value="1" />
  <attribute name= "numThreadsSpecified" value="4" />
  <attribute name="heapSize specified" value="0" />
  <attribute name="Current GC Util" value="38" />
  <attribute name= "Current Time Running" value="766" />
  <attribute name ="GC Interval" value="200" />
  <attribute name="ProportionalT" value="9.000000" />
  <attribute name="ProportionalI" value="9.000000" />
  <attribute name="ProportionalH" value="9.000000" />
  <attribute name="Current Error" value="18.000000" />
  <attribute name="IntegralT" value="18.000000" />
  <attribute name="IntegralI" value="18.000000" />
  <attribute name="IntegralH" value="18.000000" />
  <attribute name="DerivativeT" value="0.500000" />
  <attribute name="DerivativeI" value="0.500000" />
  <attribute name="DerivativeH" value="0.500000" />
  <attribute name="Loop Time for DT" value="1.000000" />
  <attribute name="Output H" value="8388608"/>
  <attribute name="Output I" value="200"/>
  <attribute name="Output T" value="4"/>
  <attribute name="Target GC Util Change" value ="20.000000" />
  <attribute name="Current GC Util Change" value="38.000000"/>
  <attribute name="GC Util currently" value="38" />
  <attribute name="CPU Util currently" value="5575857766510" />
<allocation-satisfied id="780" threadId="00000000014C6700" bytesRequested="55120" />
<af-end id="781" timestamp="2019-06-14T20:05:47.997" threadId="00000000014C7088" success="true" from="nursery"/>
<exclusive-end id="782" timestamp="2019-06-14T20:05:47.997" durationms="0.669" />

<exclusive-start id="783" timestamp="2019-06-14T20:05:47.997" intervalms="0.839">
  <response-info timems="0.023" idlems="0.023" threads="0" lastid="00000000014C6700" lastname="main" />
</exclusive-start>
<af-start id="784" threadId="00000000014C7088" totalBytesRequested="111400" timestamp="2019-06-14T20:05:47.998" intervalms="0.841" type="nursery" />
<cycle-start id="785" type="scavenge" contextid="0" timestamp="2019-06-14T20:05:47.998" intervalms="0.843" />
<gc-start id="786" type="scavenge" contextid="785" timestamp="2019-06-14T20:05:47.998">
  <mem-info id="787" free="4893344" total="8519680" percent="57">
    <mem type="nursery" free="33864" total="2228224" percent="1">
      <mem type="allocate" free="33864" total="1966080" percent="1" />
      <mem type="survivor" free="0" total="262144" percent="0" />
    </mem>
    <mem type="tenure" free="4859480" total="6291456" percent="77">
      <mem type="soa" free="4545112" total="5977088" percent="76" />
      <mem type="loa" free="314368" total="314368" percent="100" />
    </mem>
    <remembered-set count="56" />
  </mem-info>
</gc-start>
<allocation-stats totalBytes="1737720" >
  <allocated-bytes non-tlh="1217568" tlh="520152" />
  <largest-consumer threadName="main" threadId="00000000014C6700" bytes="1737720" />
</allocation-stats>
<gc-op id="788" type="scavenge" timems="0.135" contextid="785" timestamp="2019-06-14T20:05:47.998">
  <scavenger-info tenureage="14" tenuremask="4000" tiltratio="88" />
  <memory-copied type="nursery" objects="2" bytes="55728" bytesdiscarded="39144" />
</gc-op>
<gc-end id="789" type="scavenge" contextid="785" durationms="0.293" usertimems="0.000" systemtimems="0.000" timestamp="2019-06-14T20:05:47.998" activeThreads="4">
  <mem-info id="790" free="6730688" total="8519680" percent="79">
    <mem type="nursery" free="1871208" total="2228224" percent="83">
      <mem type="allocate" free="1871208" total="1966080" percent="95" />
      <mem type="survivor" free="0" total="262144" percent="0" />
    </mem>
    <mem type="tenure" free="4859480" total="6291456" percent="77">
      <mem type="soa" free="4545112" total="5977088" percent="76" />
      <mem type="loa" free="314368" total="314368" percent="100" />
    </mem>
    <remembered-set count="56" />
  </mem-info>
</gc-end>
<cycle-end id="791" type="scavenge" contextid="785" timestamp="2019-06-14T20:05:47.998" />
  <attribute name="elasticGC enabled" value="1" />
  <attribute name= "numThreadsSpecified" value="4" />
  <attribute name="heapSize specified" value="0" />
  <attribute name="Current GC Util" value="38" />
  <attribute name= "Current Time Running" value="767" />
  <attribute name ="GC Interval" value="200" />
  <attribute name="ProportionalT" value="9.000000" />
  <attribute name="ProportionalI" value="9.000000" />
  <attribute name="ProportionalH" value="9.000000" />
  <attribute name="Current Error" value="18.000000" />
  <attribute name="IntegralT" value="18.000000" />
  <attribute name="IntegralI" value="18.000000" />
  <attribute name="IntegralH" value="18.000000" />
  <attribute name="DerivativeT" value="0.000000" />
  <attribute name="DerivativeI" value="0.000000" />
  <attribute name="DerivativeH" value="0.000000" />
  <attribute name="Loop Time for DT" value="1.000000" />
  <attribute name="Output H" value="8388608"/>
  <attribute name="Output I" value="200"/>
  <attribute name="Output T" value="4"/>
  <attribute name="Target GC Util Change" value ="20.000000" />
  <attribute name="Current GC Util Change" value="38.000000"/>
  <attribute name="GC Util currently" value="38" />
  <attribute name="CPU Util currently" value="5444260432542" />
<allocation-satisfied id="792" threadId="00000000014C6700" bytesRequested="111400" />
<af-end id="793" timestamp="2019-06-14T20:05:47.998" threadId="00000000014C7088" success="true" from="nursery"/>
<exclusive-end id="794" timestamp="2019-06-14T20:05:47.998" durationms="0.677" />

<exclusive-start id="795" timestamp="2019-06-14T20:05:47.998" intervalms="0.859">
  <response-info timems="0.026" idlems="0.026" threads="0" lastid="00000000014C6700" lastname="main" />
</exclusive-start>
<af-start id="796" threadId="00000000014C7088" totalBytesRequested="56312" timestamp="2019-06-14T20:05:47.998" intervalms="0.856" type="nursery" />
<cycle-start id="797" type="scavenge" contextid="0" timestamp="2019-06-14T20:05:47.998" intervalms="0.855" />
<gc-start id="798" type="scavenge" contextid="797" timestamp="2019-06-14T20:05:47.998">
  <mem-info id="799" free="4859480" total="8519680" percent="57">
    <mem type="nursery" free="0" total="2228224" percent="0">
      <mem type="allocate" free="0" total="1966080" percent="0" />
      <mem type="survivor" free="0" total="262144" percent="0" />
    </mem>
    <mem type="tenure" free="4859480" total="6291456" percent="77">
      <mem type="soa" free="4545112" total="5977088" percent="76" />
      <mem type="loa" free="314368" total="314368" percent="100" />
    </mem>
    <remembered-set count="56" />
  </mem-info>
</gc-start>
<allocation-stats totalBytes="1735536" >
  <allocated-bytes non-tlh="1286144" tlh="449392" />
  <largest-consumer threadName="main" threadId="00000000014C6700" bytes="1735536" />
</allocation-stats>
<gc-op id="800" type="scavenge" timems="0.111" contextid="797" timestamp="2019-06-14T20:05:47.999">
  <scavenger-info tenureage="14" tenuremask="4000" tiltratio="88" />
  <memory-copied type="nursery" objects="4" bytes="56392" bytesdiscarded="39088" />
</gc-op>
<gc-end id="801" type="scavenge" contextid="797" durationms="0.272" usertimems="0.000" systemtimems="0.000" timestamp="2019-06-14T20:05:47.999" activeThreads="4">
  <mem-info id="802" free="6730080" total="8519680" percent="78">
    <mem type="nursery" free="1870600" total="2228224" percent="83">
      <mem type="allocate" free="1870600" total="1966080" percent="95" />
      <mem type="survivor" free="0" total="262144" percent="0" />
    </mem>
    <mem type="tenure" free="4859480" total="6291456" percent="77">
      <mem type="soa" free="4545112" total="5977088" percent="76" />
      <mem type="loa" free="314368" total="314368" percent="100" />
    </mem>
    <remembered-set count="56" />
  </mem-info>
</gc-end>
<cycle-end id="803" type="scavenge" contextid="797" timestamp="2019-06-14T20:05:47.999" />
  <attribute name="elasticGC enabled" value="1" />
  <attribute name= "numThreadsSpecified" value="4" />
  <attribute name="heapSize specified" value="0" />
  <attribute name="Current GC Util" value="37" />
  <attribute name= "Current Time Running" value="768" />
  <attribute name ="GC Interval" value="200" />
  <attribute name="ProportionalT" value="8.500000" />
  <attribute name="ProportionalI" value="8.500000" />
  <attribute name="ProportionalH" value="8.500000" />
  <attribute name="Current Error" value="17.000000" />
  <attribute name="IntegralT" value="17.000000" />
  <attribute name="IntegralI" value="17.000000" />
  <attribute name="IntegralH" value="17.000000" />
  <attribute name="DerivativeT" value="-0.500000" />
  <attribute name="DerivativeI" value="-0.500000" />
  <attribute name="DerivativeH" value="-0.500000" />
  <attribute name="Loop Time for DT" value="1.000000" />
  <attribute name="Output H" value="8388608"/>
  <attribute name="Output I" value="200"/>
  <attribute name="Output T" value="4"/>
  <attribute name="Target GC Util Change" value ="20.000000" />
  <attribute name="Current GC Util Change" value="37.000000"/>
  <attribute name="GC Util currently" value="37" />
  <attribute name="CPU Util currently" value="5337698403404" />
<allocation-satisfied id="804" threadId="00000000014C6700" bytesRequested="56312" />
<af-end id="805" timestamp="2019-06-14T20:05:47.999" threadId="00000000014C7088" success="true" from="nursery"/>
<exclusive-end id="806" timestamp="2019-06-14T20:05:47.999" durationms="0.803" />

<exclusive-start id="807" timestamp="2019-06-14T20:05:47.999" intervalms="1.044">
  <response-info timems="0.043" idlems="0.043" threads="0" lastid="00000000014C6700" lastname="main" />
</exclusive-start>
<af-start id="808" threadId="00000000014C7088" totalBytesRequested="56872" timestamp="2019-06-14T20:05:47.999" intervalms="1.079" type="nursery" />
<cycle-start id="809" type="scavenge" contextid="0" timestamp="2019-06-14T20:05:48.000" intervalms="1.081" />
<gc-start id="810" type="scavenge" contextid="809" timestamp="2019-06-14T20:05:48.000">
  <mem-info id="811" free="4859480" total="8519680" percent="57">
    <mem type="nursery" free="0" total="2228224" percent="0">
      <mem type="allocate" free="0" total="1966080" percent="0" />
      <mem type="survivor" free="0" total="262144" percent="0" />
    </mem>
    <mem type="tenure" free="4859480" total="6291456" percent="77">
      <mem type="soa" free="4545112" total="5977088" percent="76" />
      <mem type="loa" free="314368" total="314368" percent="100" />
    </mem>
    <remembered-set count="56" />
  </mem-info>
</gc-start>
<allocation-stats totalBytes="1809792" >
  <allocated-bytes non-tlh="1355840" tlh="453952" />
  <largest-consumer threadName="main" threadId="00000000014C6700" bytes="1809792" />
</allocation-stats>
<gc-op id="812" type="scavenge" timems="0.112" contextid="809" timestamp="2019-06-14T20:05:48.000">
  <scavenger-info tenureage="14" tenuremask="4000" tiltratio="88" />
  <memory-copied type="nursery" objects="4" bytes="56952" bytesdiscarded="39088" />
</gc-op>
<gc-end id="813" type="scavenge" contextid="809" durationms="0.276" usertimems="0.000" systemtimems="0.000" timestamp="2019-06-14T20:05:48.000" activeThreads="4">
  <mem-info id="814" free="6729520" total="8519680" percent="78">
    <mem type="nursery" free="1870040" total="2228224" percent="83">
      <mem type="allocate" free="1870040" total="1966080" percent="95" />
      <mem type="survivor" free="0" total="262144" percent="0" />
    </mem>
    <mem type="tenure" free="4859480" total="6291456" percent="77">
      <mem type="soa" free="4545112" total="5977088" percent="76" />
      <mem type="loa" free="314368" total="314368" percent="100" />
    </mem>
    <remembered-set count="56" />
  </mem-info>
</gc-end>
<cycle-end id="815" type="scavenge" contextid="809" timestamp="2019-06-14T20:05:48.000" />
  <attribute name="elasticGC enabled" value="1" />
  <attribute name= "numThreadsSpecified" value="4" />
  <attribute name="heapSize specified" value="0" />
  <attribute name="Current GC Util" value="30" />
  <attribute name= "Current Time Running" value="769" />
  <attribute name ="GC Interval" value="200" />
  <attribute name="ProportionalT" value="5.000000" />
  <attribute name="ProportionalI" value="5.000000" />
  <attribute name="ProportionalH" value="5.000000" />
  <attribute name="Current Error" value="10.000000" />
  <attribute name="IntegralT" value="10.000000" />
  <attribute name="IntegralI" value="10.000000" />
  <attribute name="IntegralH" value="10.000000" />
  <attribute name="DerivativeT" value="-3.500000" />
  <attribute name="DerivativeI" value="-3.500000" />
  <attribute name="DerivativeH" value="-3.500000" />
  <attribute name="Loop Time for DT" value="1.000000" />
  <attribute name="Output H" value="8388608"/>
  <attribute name="Output I" value="200"/>
  <attribute name="Output T" value="4"/>
  <attribute name="Target GC Util Change" value ="20.000000" />
  <attribute name="Current GC Util Change" value="30.000000"/>
  <attribute name="GC Util currently" value="30" />
  <attribute name="CPU Util currently" value="4354303157707" />
<allocation-satisfied id="816" threadId="00000000014C6700" bytesRequested="56872" />
<af-end id="817" timestamp="2019-06-14T20:05:48.000" threadId="00000000014C7088" success="true" from="nursery"/>
<exclusive-end id="818" timestamp="2019-06-14T20:05:48.000" durationms="0.674" />

<exclusive-start id="819" timestamp="2019-06-14T20:05:48.000" intervalms="0.851">
  <response-info timems="0.023" idlems="0.023" threads="0" lastid="00000000014C6700" lastname="main" />
</exclusive-start>
<af-start id="820" threadId="00000000014C7088" totalBytesRequested="57392" timestamp="2019-06-14T20:05:48.000" intervalms="0.819" type="nursery" />
<cycle-start id="821" type="scavenge" contextid="0" timestamp="2019-06-14T20:05:48.000" intervalms="0.816" />
<gc-start id="822" type="scavenge" contextid="821" timestamp="2019-06-14T20:05:48.000">
  <mem-info id="823" free="4859480" total="8519680" percent="57">
    <mem type="nursery" free="0" total="2228224" percent="0">
      <mem type="allocate" free="0" total="1966080" percent="0" />
      <mem type="survivor" free="0" total="262144" percent="0" />
    </mem>
    <mem type="tenure" free="4859480" total="6291456" percent="77">
      <mem type="soa" free="4545112" total="5977088" percent="76" />
      <mem type="loa" free="314368" total="314368" percent="100" />
    </mem>
    <remembered-set count="56" />
  </mem-info>
</gc-start>
<allocation-stats totalBytes="1821320" >
  <allocated-bytes non-tlh="1368968" tlh="452352" />
  <largest-consumer threadName="main" threadId="00000000014C6700" bytes="1821320" />
</allocation-stats>
<gc-op id="824" type="scavenge" timems="0.118" contextid="821" timestamp="2019-06-14T20:05:48.001">
  <scavenger-info tenureage="14" tenuremask="4000" tiltratio="88" />
  <memory-copied type="nursery" objects="2" bytes="114544" bytesdiscarded="39152" />
</gc-op>
<gc-end id="825" type="scavenge" contextid="821" durationms="0.275" usertimems="0.000" systemtimems="0.000" timestamp="2019-06-14T20:05:48.001" activeThreads="4">
  <mem-info id="826" free="6671864" total="8519680" percent="78">
    <mem type="nursery" free="1812384" total="2228224" percent="81">
      <mem type="allocate" free="1812384" total="1966080" percent="92" />
      <mem type="survivor" free="0" total="262144" percent="0" />
    </mem>
    <mem type="tenure" free="4859480" total="6291456" percent="77">
      <mem type="soa" free="4545112" total="5977088" percent="76" />
      <mem type="loa" free="314368" total="314368" percent="100" />
    </mem>
    <remembered-set count="56" />
  </mem-info>
</gc-end>
<cycle-end id="827" type="scavenge" contextid="821" timestamp="2019-06-14T20:05:48.001" />
  <attribute name="elasticGC enabled" value="1" />
  <attribute name= "numThreadsSpecified" value="4" />
  <attribute name="heapSize specified" value="0" />
  <attribute name="Current GC Util" value="39" />
  <attribute name= "Current Time Running" value="770" />
  <attribute name ="GC Interval" value="200" />
  <attribute name="ProportionalT" value="9.500000" />
  <attribute name="ProportionalI" value="9.500000" />
  <attribute name="ProportionalH" value="9.500000" />
  <attribute name="Current Error" value="19.000000" />
  <attribute name="IntegralT" value="19.000000" />
  <attribute name="IntegralI" value="19.000000" />
  <attribute name="IntegralH" value="19.000000" />
  <attribute name="DerivativeT" value="4.500000" />
  <attribute name="DerivativeI" value="4.500000" />
  <attribute name="DerivativeH" value="4.500000" />
  <attribute name="Loop Time for DT" value="1.000000" />
  <attribute name="Output H" value="8388608"/>
  <attribute name="Output I" value="200"/>
  <attribute name="Output T" value="4"/>
  <attribute name="Target GC Util Change" value ="20.000000" />
  <attribute name="Current GC Util Change" value="39.000000"/>
  <attribute name="GC Util currently" value="39" />
  <attribute name="CPU Util currently" value="5585454082008" />
<allocation-satisfied id="828" threadId="00000000014C6700" bytesRequested="57392" />
<af-end id="829" timestamp="2019-06-14T20:05:48.001" threadId="00000000014C7088" success="true" from="nursery"/>
<exclusive-end id="830" timestamp="2019-06-14T20:05:48.001" durationms="0.646" />

<exclusive-start id="831" timestamp="2019-06-14T20:05:48.001" intervalms="0.818">
  <response-info timems="0.023" idlems="0.023" threads="0" lastid="00000000014C6700" lastname="main" />
</exclusive-start>
<af-start id="832" threadId="00000000014C7088" totalBytesRequested="115632" timestamp="2019-06-14T20:05:48.001" intervalms="0.815" type="nursery" />
<cycle-start id="833" type="scavenge" contextid="0" timestamp="2019-06-14T20:05:48.001" intervalms="0.814" />
<gc-start id="834" type="scavenge" contextid="833" timestamp="2019-06-14T20:05:48.001">
  <mem-info id="835" free="4897576" total="8519680" percent="57">
    <mem type="nursery" free="38096" total="2228224" percent="1">
      <mem type="allocate" free="38096" total="1966080" percent="1" />
      <mem type="survivor" free="0" total="262144" percent="0" />
    </mem>
    <mem type="tenure" free="4859480" total="6291456" percent="77">
      <mem type="soa" free="4545112" total="5977088" percent="76" />
      <mem type="loa" free="314368" total="314368" percent="100" />
    </mem>
    <remembered-set count="56" />
  </mem-info>
</gc-start>
<allocation-stats totalBytes="1743744" >
  <allocated-bytes non-tlh="1323728" tlh="420016" />
  <largest-consumer threadName="main" threadId="00000000014C6700" bytes="1743744" />
</allocation-stats>
<gc-op id="836" type="scavenge" timems="0.137" contextid="833" timestamp="2019-06-14T20:05:48.001">
  <scavenger-info tenureage="14" tenuremask="4000" tiltratio="88" />
  <memory-copied type="nursery" objects="2" bytes="57848" bytesdiscarded="39144" />
</gc-op>
<gc-end id="837" type="scavenge" contextid="833" durationms="0.294" usertimems="0.000" systemtimems="0.000" timestamp="2019-06-14T20:05:48.001" activeThreads="4">
  <mem-info id="838" free="6728568" total="8519680" percent="78">
    <mem type="nursery" free="1869088" total="2228224" percent="83">
      <mem type="allocate" free="1869088" total="1966080" percent="95" />
      <mem type="survivor" free="0" total="262144" percent="0" />
    </mem>
    <mem type="tenure" free="4859480" total="6291456" percent="77">
      <mem type="soa" free="4545112" total="5977088" percent="76" />
      <mem type="loa" free="314368" total="314368" percent="100" />
    </mem>
    <remembered-set count="56" />
  </mem-info>
</gc-end>
<cycle-end id="839" type="scavenge" contextid="833" timestamp="2019-06-14T20:05:48.002" />
  <attribute name="elasticGC enabled" value="1" />
  <attribute name= "numThreadsSpecified" value="4" />
  <attribute name="heapSize specified" value="0" />
  <attribute name="Current GC Util" value="39" />
  <attribute name= "Current Time Running" value="771" />
  <attribute name ="GC Interval" value="200" />
  <attribute name="ProportionalT" value="9.500000" />
  <attribute name="ProportionalI" value="9.500000" />
  <attribute name="ProportionalH" value="9.500000" />
  <attribute name="Current Error" value="19.000000" />
  <attribute name="IntegralT" value="19.000000" />
  <attribute name="IntegralI" value="19.000000" />
  <attribute name="IntegralH" value="19.000000" />
  <attribute name="DerivativeT" value="0.000000" />
  <attribute name="DerivativeI" value="0.000000" />
  <attribute name="DerivativeH" value="0.000000" />
  <attribute name="Loop Time for DT" value="1.000000" />
  <attribute name="Output H" value="8388608"/>
  <attribute name="Output I" value="200"/>
  <attribute name="Output T" value="4"/>
  <attribute name="Target GC Util Change" value ="20.000000" />
  <attribute name="Current GC Util Change" value="39.000000"/>
  <attribute name="GC Util currently" value="39" />
  <attribute name="CPU Util currently" value="5666875175680" />
<allocation-satisfied id="840" threadId="00000000014C6700" bytesRequested="115632" />
<af-end id="841" timestamp="2019-06-14T20:05:48.002" threadId="00000000014C7088" success="true" from="nursery"/>
<exclusive-end id="842" timestamp="2019-06-14T20:05:48.002" durationms="0.667" />

<exclusive-start id="843" timestamp="2019-06-14T20:05:48.002" intervalms="0.849">
  <response-info timems="0.024" idlems="0.024" threads="0" lastid="00000000014C6700" lastname="main" />
</exclusive-start>
<af-start id="844" threadId="00000000014C7088" totalBytesRequested="58264" timestamp="2019-06-14T20:05:48.002" intervalms="0.851" type="nursery" />
<cycle-start id="845" type="scavenge" contextid="0" timestamp="2019-06-14T20:05:48.002" intervalms="0.854" />
<gc-start id="846" type="scavenge" contextid="845" timestamp="2019-06-14T20:05:48.002">
  <mem-info id="847" free="4859480" total="8519680" percent="57">
    <mem type="nursery" free="0" total="2228224" percent="0">
      <mem type="allocate" free="0" total="1966080" percent="0" />
      <mem type="survivor" free="0" total="262144" percent="0" />
    </mem>
    <mem type="tenure" free="4859480" total="6291456" percent="77">
      <mem type="soa" free="4545112" total="5977088" percent="76" />
      <mem type="loa" free="314368" total="314368" percent="100" />
    </mem>
    <remembered-set count="56" />
  </mem-info>
</gc-start>
<allocation-stats totalBytes="1800192" >
  <allocated-bytes non-tlh="1392448" tlh="407744" />
  <largest-consumer threadName="main" threadId="00000000014C6700" bytes="1800192" />
</allocation-stats>
<gc-op id="848" type="scavenge" timems="0.111" contextid="845" timestamp="2019-06-14T20:05:48.002">
  <scavenger-info tenureage="14" tenuremask="4000" tiltratio="88" />
  <memory-copied type="nursery" objects="4" bytes="58344" bytesdiscarded="39088" />
</gc-op>
<gc-end id="849" type="scavenge" contextid="845" durationms="0.269" usertimems="0.000" systemtimems="0.000" timestamp="2019-06-14T20:05:48.002" activeThreads="4">
  <mem-info id="850" free="6728128" total="8519680" percent="78">
    <mem type="nursery" free="1868648" total="2228224" percent="83">
      <mem type="allocate" free="1868648" total="1966080" percent="95" />
      <mem type="survivor" free="0" total="262144" percent="0" />
    </mem>
    <mem type="tenure" free="4859480" total="6291456" percent="77">
      <mem type="soa" free="4545112" total="5977088" percent="76" />
      <mem type="loa" free="314368" total="314368" percent="100" />
    </mem>
    <remembered-set count="56" />
  </mem-info>
</gc-end>
<cycle-end id="851" type="scavenge" contextid="845" timestamp="2019-06-14T20:05:48.002" />
  <attribute name="elasticGC enabled" value="1" />
  <attribute name= "numThreadsSpecified" value="4" />
  <attribute name="heapSize specified" value="0" />
  <attribute name="Current GC Util" value="37" />
  <attribute name= "Current Time Running" value="771" />
  <attribute name ="GC Interval" value="200" />
  <attribute name="ProportionalT" value="8.500000" />
  <attribute name="ProportionalI" value="8.500000" />
  <attribute name="ProportionalH" value="8.500000" />
  <attribute name="Current Error" value="17.000000" />
  <attribute name="IntegralT" value="0.000000" />
  <attribute name="IntegralI" value="0.000000" />
  <attribute name="IntegralH" value="0.000000" />
  <attribute name="DerivativeT" value="-inf" />
  <attribute name="DerivativeI" value="-inf" />
  <attribute name="DerivativeH" value="-inf" />
  <attribute name="Loop Time for DT" value="0.000000" />
  <attribute name="Output H" value="2092630016"/>
  <attribute name="Output I" value="200"/>
  <attribute name="Output T" value="4"/>
  <attribute name="Target GC Util Change" value ="20.000000" />
  <attribute name="Current GC Util Change" value="37.000000"/>
  <attribute name="GC Util currently" value="37" />
  <attribute name="CPU Util currently" value="5373528811666" />
<allocation-satisfied id="852" threadId="00000000014C6700" bytesRequested="58264" />
<af-end id="853" timestamp="2019-06-14T20:05:48.002" threadId="00000000014C7088" success="true" from="nursery"/>
<exclusive-end id="854" timestamp="2019-06-14T20:05:48.003" durationms="0.655" />

<exclusive-start id="855" timestamp="2019-06-14T20:05:48.003" intervalms="0.833">
  <response-info timems="0.025" idlems="0.025" threads="0" lastid="00000000014C6700" lastname="main" />
</exclusive-start>
<af-start id="856" threadId="00000000014C7088" totalBytesRequested="58680" timestamp="2019-06-14T20:05:48.003" intervalms="0.833" type="nursery" />
<cycle-start id="857" type="scavenge" contextid="0" timestamp="2019-06-14T20:05:48.003" intervalms="0.866" />
<gc-start id="858" type="scavenge" contextid="857" timestamp="2019-06-14T20:05:48.003">
  <mem-info id="859" free="4859480" total="8519680" percent="57">
    <mem type="nursery" free="0" total="2228224" percent="0">
      <mem type="allocate" free="0" total="1966080" percent="0" />
      <mem type="survivor" free="0" total="262144" percent="0" />
    </mem>
    <mem type="tenure" free="4859480" total="6291456" percent="77">
      <mem type="soa" free="4545112" total="5977088" percent="76" />
      <mem type="loa" free="314368" total="314368" percent="100" />
    </mem>
    <remembered-set count="56" />
  </mem-info>
</gc-start>
<allocation-stats totalBytes="1813336" >
  <allocated-bytes non-tlh="1402728" tlh="410608" />
  <largest-consumer threadName="main" threadId="00000000014C6700" bytes="1813336" />
</allocation-stats>
<gc-op id="860" type="scavenge" timems="0.116" contextid="857" timestamp="2019-06-14T20:05:48.003">
  <scavenger-info tenureage="14" tenuremask="4000" tiltratio="88" />
  <memory-copied type="nursery" objects="2" bytes="117368" bytesdiscarded="39152" />
</gc-op>
<gc-end id="861" type="scavenge" contextid="857" durationms="0.277" usertimems="0.000" systemtimems="4.000" timestamp="2019-06-14T20:05:48.003" activeThreads="4">
  <mem-info id="862" free="6669040" total="8519680" percent="78">
    <mem type="nursery" free="1809560" total="2228224" percent="81">
      <mem type="allocate" free="1809560" total="1966080" percent="92" />
      <mem type="survivor" free="0" total="262144" percent="0" />
    </mem>
    <mem type="tenure" free="4859480" total="6291456" percent="77">
      <mem type="soa" free="4545112" total="5977088" percent="76" />
      <mem type="loa" free="314368" total="314368" percent="100" />
    </mem>
    <remembered-set count="56" />
  </mem-info>
</gc-end>
<cycle-end id="863" type="scavenge" contextid="857" timestamp="2019-06-14T20:05:48.003" />
  <attribute name="elasticGC enabled" value="1" />
  <attribute name= "numThreadsSpecified" value="4" />
  <attribute name="heapSize specified" value="0" />
  <attribute name="Current GC Util" value="36" />
  <attribute name= "Current Time Running" value="772" />
  <attribute name ="GC Interval" value="200" />
  <attribute name="ProportionalT" value="8.000000" />
  <attribute name="ProportionalI" value="8.000000" />
  <attribute name="ProportionalH" value="8.000000" />
  <attribute name="Current Error" value="16.000000" />
  <attribute name="IntegralT" value="16.000000" />
  <attribute name="IntegralI" value="16.000000" />
  <attribute name="IntegralH" value="16.000000" />
  <attribute name="DerivativeT" value="-0.500000" />
  <attribute name="DerivativeI" value="-0.500000" />
  <attribute name="DerivativeH" value="-0.500000" />
  <attribute name="Loop Time for DT" value="1.000000" />
  <attribute name="Output H" value="8388608"/>
  <attribute name="Output I" value="200"/>
  <attribute name="Output T" value="4"/>
  <attribute name="Target GC Util Change" value ="20.000000" />
  <attribute name="Current GC Util Change" value="36.000000"/>
  <attribute name="GC Util currently" value="36" />
  <attribute name="CPU Util currently" value="5321198686602" />
<allocation-satisfied id="864" threadId="00000000014C6700" bytesRequested="58680" />
<af-end id="865" timestamp="2019-06-14T20:05:48.003" threadId="00000000014C7088" success="true" from="nursery"/>
<exclusive-end id="866" timestamp="2019-06-14T20:05:48.003" durationms="0.693" />

<exclusive-start id="867" timestamp="2019-06-14T20:05:48.004" intervalms="0.883">
  <response-info timems="0.023" idlems="0.023" threads="0" lastid="00000000014C6700" lastname="main" />
</exclusive-start>
<af-start id="868" threadId="00000000014C7088" totalBytesRequested="59168" timestamp="2019-06-14T20:05:48.004" intervalms="0.885" type="nursery" />
<cycle-start id="869" type="scavenge" contextid="0" timestamp="2019-06-14T20:05:48.004" intervalms="0.851" />
<gc-start id="870" type="scavenge" contextid="869" timestamp="2019-06-14T20:05:48.004">
  <mem-info id="871" free="4859480" total="8519680" percent="57">
    <mem type="nursery" free="0" total="2228224" percent="0">
      <mem type="allocate" free="0" total="1966080" percent="0" />
      <mem type="survivor" free="0" total="262144" percent="0" />
    </mem>
    <mem type="tenure" free="4859480" total="6291456" percent="77">
      <mem type="soa" free="4545112" total="5977088" percent="76" />
      <mem type="loa" free="314368" total="314368" percent="100" />
    </mem>
    <remembered-set count="56" />
  </mem-info>
</gc-start>
<allocation-stats totalBytes="1708816" >
  <allocated-bytes non-tlh="1413304" tlh="295512" />
  <largest-consumer threadName="main" threadId="00000000014C6700" bytes="1708816" />
</allocation-stats>
<gc-op id="872" type="scavenge" timems="0.144" contextid="869" timestamp="2019-06-14T20:05:48.004">
  <scavenger-info tenureage="14" tenuremask="4000" tiltratio="88" />
  <memory-copied type="nursery" objects="4" bytes="59248" bytesdiscarded="39088" />
</gc-op>
<gc-end id="873" type="scavenge" contextid="869" durationms="0.299" usertimems="0.000" systemtimems="0.000" timestamp="2019-06-14T20:05:48.004" activeThreads="4">
  <mem-info id="874" free="6727224" total="8519680" percent="78">
    <mem type="nursery" free="1867744" total="2228224" percent="83">
      <mem type="allocate" free="1867744" total="1966080" percent="94" />
      <mem type="survivor" free="0" total="262144" percent="0" />
    </mem>
    <mem type="tenure" free="4859480" total="6291456" percent="77">
      <mem type="soa" free="4545112" total="5977088" percent="76" />
      <mem type="loa" free="314368" total="314368" percent="100" />
    </mem>
    <remembered-set count="56" />
  </mem-info>
</gc-end>
<cycle-end id="875" type="scavenge" contextid="869" timestamp="2019-06-14T20:05:48.004" />
  <attribute name="elasticGC enabled" value="1" />
  <attribute name= "numThreadsSpecified" value="4" />
  <attribute name="heapSize specified" value="0" />
  <attribute name="Current GC Util" value="38" />
  <attribute name= "Current Time Running" value="773" />
  <attribute name ="GC Interval" value="200" />
  <attribute name="ProportionalT" value="9.000000" />
  <attribute name="ProportionalI" value="9.000000" />
  <attribute name="ProportionalH" value="9.000000" />
  <attribute name="Current Error" value="18.000000" />
  <attribute name="IntegralT" value="18.000000" />
  <attribute name="IntegralI" value="18.000000" />
  <attribute name="IntegralH" value="18.000000" />
  <attribute name="DerivativeT" value="1.000000" />
  <attribute name="DerivativeI" value="1.000000" />
  <attribute name="DerivativeH" value="1.000000" />
  <attribute name="Loop Time for DT" value="1.000000" />
  <attribute name="Output H" value="8388608"/>
  <attribute name="Output I" value="200"/>
  <attribute name="Output T" value="4"/>
  <attribute name="Target GC Util Change" value ="20.000000" />
  <attribute name="Current GC Util Change" value="38.000000"/>
  <attribute name="GC Util currently" value="38" />
  <attribute name="CPU Util currently" value="5399089184191" />
<allocation-satisfied id="876" threadId="00000000014C6700" bytesRequested="59168" />
<af-end id="877" timestamp="2019-06-14T20:05:48.004" threadId="00000000014C7088" success="true" from="nursery"/>
<exclusive-end id="878" timestamp="2019-06-14T20:05:48.004" durationms="0.686" />

<exclusive-start id="879" timestamp="2019-06-14T20:05:48.004" intervalms="0.862">
  <response-info timems="0.022" idlems="0.022" threads="0" lastid="00000000014C6700" lastname="main" />
</exclusive-start>
<af-start id="880" threadId="00000000014C7088" totalBytesRequested="119056" timestamp="2019-06-14T20:05:48.005" intervalms="0.860" type="nursery" />
<cycle-start id="881" type="scavenge" contextid="0" timestamp="2019-06-14T20:05:48.005" intervalms="0.858" />
<gc-start id="882" type="scavenge" contextid="881" timestamp="2019-06-14T20:05:48.005">
  <mem-info id="883" free="4859480" total="8519680" percent="57">
    <mem type="nursery" free="0" total="2228224" percent="0">
      <mem type="allocate" free="0" total="1966080" percent="0" />
      <mem type="survivor" free="0" total="262144" percent="0" />
    </mem>
    <mem type="tenure" free="4859480" total="6291456" percent="77">
      <mem type="soa" free="4545112" total="5977088" percent="76" />
      <mem type="loa" free="314368" total="314368" percent="100" />
    </mem>
    <remembered-set count="56" />
  </mem-info>
</gc-start>
<allocation-stats totalBytes="1782480" >
  <allocated-bytes non-tlh="1304480" tlh="478000" />
  <largest-consumer threadName="main" threadId="00000000014C6700" bytes="1782480" />
</allocation-stats>
<gc-op id="884" type="scavenge" timems="0.138" contextid="881" timestamp="2019-06-14T20:05:48.005">
  <scavenger-info tenureage="14" tenuremask="4000" tiltratio="88" />
  <memory-copied type="nursery" objects="2" bytes="59560" bytesdiscarded="39144" />
</gc-op>
<gc-end id="885" type="scavenge" contextid="881" durationms="0.297" usertimems="0.000" systemtimems="0.000" timestamp="2019-06-14T20:05:48.005" activeThreads="4">
  <mem-info id="886" free="6726856" total="8519680" percent="78">
    <mem type="nursery" free="1867376" total="2228224" percent="83">
      <mem type="allocate" free="1867376" total="1966080" percent="94" />
      <mem type="survivor" free="0" total="262144" percent="0" />
    </mem>
    <mem type="tenure" free="4859480" total="6291456" percent="77">
      <mem type="soa" free="4545112" total="5977088" percent="76" />
      <mem type="loa" free="314368" total="314368" percent="100" />
    </mem>
    <remembered-set count="56" />
  </mem-info>
</gc-end>
<cycle-end id="887" type="scavenge" contextid="881" timestamp="2019-06-14T20:05:48.005" />
  <attribute name="elasticGC enabled" value="1" />
  <attribute name= "numThreadsSpecified" value="4" />
  <attribute name="heapSize specified" value="0" />
  <attribute name="Current GC Util" value="38" />
  <attribute name= "Current Time Running" value="774" />
  <attribute name ="GC Interval" value="200" />
  <attribute name="ProportionalT" value="9.000000" />
  <attribute name="ProportionalI" value="9.000000" />
  <attribute name="ProportionalH" value="9.000000" />
  <attribute name="Current Error" value="18.000000" />
  <attribute name="IntegralT" value="18.000000" />
  <attribute name="IntegralI" value="18.000000" />
  <attribute name="IntegralH" value="18.000000" />
  <attribute name="DerivativeT" value="0.000000" />
  <attribute name="DerivativeI" value="0.000000" />
  <attribute name="DerivativeH" value="0.000000" />
  <attribute name="Loop Time for DT" value="1.000000" />
  <attribute name="Output H" value="8388608"/>
  <attribute name="Output I" value="200"/>
  <attribute name="Output T" value="4"/>
  <attribute name="Target GC Util Change" value ="20.000000" />
  <attribute name="Current GC Util Change" value="38.000000"/>
  <attribute name="GC Util currently" value="38" />
  <attribute name="CPU Util currently" value="5435315713293" />
<allocation-satisfied id="888" threadId="00000000014C6700" bytesRequested="119056" />
<af-end id="889" timestamp="2019-06-14T20:05:48.005" threadId="00000000014C7088" success="true" from="nursery"/>
<exclusive-end id="890" timestamp="2019-06-14T20:05:48.005" durationms="0.677" />

<exclusive-start id="891" timestamp="2019-06-14T20:05:48.005" intervalms="0.854">
  <response-info timems="0.019" idlems="0.019" threads="0" lastid="00000000014C6700" lastname="main" />
</exclusive-start>
<af-start id="892" threadId="00000000014C7088" totalBytesRequested="60112" timestamp="2019-06-14T20:05:48.005" intervalms="0.855" type="nursery" />
<cycle-start id="893" type="scavenge" contextid="0" timestamp="2019-06-14T20:05:48.005" intervalms="0.858" />
<gc-start id="894" type="scavenge" contextid="893" timestamp="2019-06-14T20:05:48.005">
  <mem-info id="895" free="4859480" total="8519680" percent="57">
    <mem type="nursery" free="0" total="2228224" percent="0">
      <mem type="allocate" free="0" total="1966080" percent="0" />
      <mem type="survivor" free="0" total="262144" percent="0" />
    </mem>
    <mem type="tenure" free="4859480" total="6291456" percent="77">
      <mem type="soa" free="4545112" total="5977088" percent="76" />
      <mem type="loa" free="314368" total="314368" percent="100" />
    </mem>
    <remembered-set count="56" />
  </mem-info>
</gc-start>
<allocation-stats totalBytes="1838912" >
  <allocated-bytes non-tlh="1495288" tlh="343624" />
  <largest-consumer threadName="main" threadId="00000000014C6700" bytes="1838912" />
</allocation-stats>
<gc-op id="896" type="scavenge" timems="0.136" contextid="893" timestamp="2019-06-14T20:05:48.006">
  <scavenger-info tenureage="14" tenuremask="4000" tiltratio="88" />
  <memory-copied type="nursery" objects="2" bytes="120224" bytesdiscarded="39152" />
</gc-op>
<gc-end id="897" type="scavenge" contextid="893" durationms="0.296" usertimems="0.000" systemtimems="0.000" timestamp="2019-06-14T20:05:48.006" activeThreads="4">
  <mem-info id="898" free="6666184" total="8519680" percent="78">
    <mem type="nursery" free="1806704" total="2228224" percent="81">
      <mem type="allocate" free="1806704" total="1966080" percent="91" />
      <mem type="survivor" free="0" total="262144" percent="0" />
    </mem>
    <mem type="tenure" free="4859480" total="6291456" percent="77">
      <mem type="soa" free="4545112" total="5977088" percent="76" />
      <mem type="loa" free="314368" total="314368" percent="100" />
    </mem>
    <remembered-set count="56" />
  </mem-info>
</gc-end>
<cycle-end id="899" type="scavenge" contextid="893" timestamp="2019-06-14T20:05:48.006" />
  <attribute name="elasticGC enabled" value="1" />
  <attribute name= "numThreadsSpecified" value="4" />
  <attribute name="heapSize specified" value="0" />
  <attribute name="Current GC Util" value="37" />
  <attribute name= "Current Time Running" value="775" />
  <attribute name ="GC Interval" value="200" />
  <attribute name="ProportionalT" value="8.500000" />
  <attribute name="ProportionalI" value="8.500000" />
  <attribute name="ProportionalH" value="8.500000" />
  <attribute name="Current Error" value="17.000000" />
  <attribute name="IntegralT" value="17.000000" />
  <attribute name="IntegralI" value="17.000000" />
  <attribute name="IntegralH" value="17.000000" />
  <attribute name="DerivativeT" value="-0.500000" />
  <attribute name="DerivativeI" value="-0.500000" />
  <attribute name="DerivativeH" value="-0.500000" />
  <attribute name="Loop Time for DT" value="1.000000" />
  <attribute name="Output H" value="8388608"/>
  <attribute name="Output I" value="200"/>
  <attribute name="Output T" value="4"/>
  <attribute name="Target GC Util Change" value ="20.000000" />
  <attribute name="Current GC Util Change" value="37.000000"/>
  <attribute name="GC Util currently" value="37" />
  <attribute name="CPU Util currently" value="5336271665387" />
<allocation-satisfied id="900" threadId="00000000014C6700" bytesRequested="60112" />
<af-end id="901" timestamp="2019-06-14T20:05:48.006" threadId="00000000014C7088" success="true" from="nursery"/>
<exclusive-end id="902" timestamp="2019-06-14T20:05:48.006" durationms="0.679" />

<exclusive-start id="903" timestamp="2019-06-14T20:05:48.006" intervalms="0.858">
  <response-info timems="0.024" idlems="0.024" threads="0" lastid="00000000014C6700" lastname="main" />
</exclusive-start>
<af-start id="904" threadId="00000000014C7088" totalBytesRequested="60720" timestamp="2019-06-14T20:05:48.006" intervalms="0.857" type="nursery" />
<cycle-start id="905" type="scavenge" contextid="0" timestamp="2019-06-14T20:05:48.006" intervalms="0.857" />
<gc-start id="906" type="scavenge" contextid="905" timestamp="2019-06-14T20:05:48.006">
  <mem-info id="907" free="4859480" total="8519680" percent="57">
    <mem type="nursery" free="0" total="2228224" percent="0">
      <mem type="allocate" free="0" total="1966080" percent="0" />
      <mem type="survivor" free="0" total="262144" percent="0" />
    </mem>
    <mem type="tenure" free="4859480" total="6291456" percent="77">
      <mem type="soa" free="4545112" total="5977088" percent="76" />
      <mem type="loa" free="314368" total="314368" percent="100" />
    </mem>
    <remembered-set count="56" />
  </mem-info>
</gc-start>
<allocation-stats totalBytes="1751408" >
  <allocated-bytes non-tlh="1387744" tlh="363664" />
  <largest-consumer threadName="main" threadId="00000000014C6700" bytes="1751408" />
</allocation-stats>
<gc-op id="908" type="scavenge" timems="0.117" contextid="905" timestamp="2019-06-14T20:05:48.007">
  <scavenger-info tenureage="14" tenuremask="4000" tiltratio="88" />
  <memory-copied type="nursery" objects="4" bytes="60800" bytesdiscarded="39088" />
</gc-op>
<gc-end id="909" type="scavenge" contextid="905" durationms="0.270" usertimems="0.000" systemtimems="0.000" timestamp="2019-06-14T20:05:48.007" activeThreads="4">
  <mem-info id="910" free="6725672" total="8519680" percent="78">
    <mem type="nursery" free="1866192" total="2228224" percent="83">
      <mem type="allocate" free="1866192" total="1966080" percent="94" />
      <mem type="survivor" free="0" total="262144" percent="0" />
    </mem>
    <mem type="tenure" free="4859480" total="6291456" percent="77">
      <mem type="soa" free="4545112" total="5977088" percent="76" />
      <mem type="loa" free="314368" total="314368" percent="100" />
    </mem>
    <remembered-set count="56" />
  </mem-info>
</gc-end>
<cycle-end id="911" type="scavenge" contextid="905" timestamp="2019-06-14T20:05:48.007" />
  <attribute name="elasticGC enabled" value="1" />
  <attribute name= "numThreadsSpecified" value="4" />
  <attribute name="heapSize specified" value="0" />
  <attribute name="Current GC Util" value="38" />
  <attribute name= "Current Time Running" value="776" />
  <attribute name ="GC Interval" value="200" />
  <attribute name="ProportionalT" value="9.000000" />
  <attribute name="ProportionalI" value="9.000000" />
  <attribute name="ProportionalH" value="9.000000" />
  <attribute name="Current Error" value="18.000000" />
  <attribute name="IntegralT" value="18.000000" />
  <attribute name="IntegralI" value="18.000000" />
  <attribute name="IntegralH" value="18.000000" />
  <attribute name="DerivativeT" value="0.500000" />
  <attribute name="DerivativeI" value="0.500000" />
  <attribute name="DerivativeH" value="0.500000" />
  <attribute name="Loop Time for DT" value="1.000000" />
  <attribute name="Output H" value="8388608"/>
  <attribute name="Output I" value="200"/>
  <attribute name="Output T" value="4"/>
  <attribute name="Target GC Util Change" value ="20.000000" />
  <attribute name="Current GC Util Change" value="38.000000"/>
  <attribute name="GC Util currently" value="38" />
  <attribute name="CPU Util currently" value="5392674744490" />
<allocation-satisfied id="912" threadId="00000000014C6700" bytesRequested="60720" />
<af-end id="913" timestamp="2019-06-14T20:05:48.007" threadId="00000000014C7088" success="true" from="nursery"/>
<exclusive-end id="914" timestamp="2019-06-14T20:05:48.007" durationms="0.837" />

<exclusive-start id="915" timestamp="2019-06-14T20:05:48.007" intervalms="1.053">
  <response-info timems="0.026" idlems="0.026" threads="0" lastid="00000000014C6700" lastname="main" />
</exclusive-start>
<af-start id="916" threadId="00000000014C7088" totalBytesRequested="122216" timestamp="2019-06-14T20:05:48.007" intervalms="1.091" type="nursery" />
<cycle-start id="917" type="scavenge" contextid="0" timestamp="2019-06-14T20:05:48.007" intervalms="1.124" />
<gc-start id="918" type="scavenge" contextid="917" timestamp="2019-06-14T20:05:48.007">
  <mem-info id="919" free="4899520" total="8519680" percent="57">
    <mem type="nursery" free="40040" total="2228224" percent="1">
      <mem type="allocate" free="40040" total="1966080" percent="2" />
      <mem type="survivor" free="0" total="262144" percent="0" />
    </mem>
    <mem type="tenure" free="4859480" total="6291456" percent="77">
      <mem type="soa" free="4545112" total="5977088" percent="76" />
      <mem type="loa" free="314368" total="314368" percent="100" />
    </mem>
    <remembered-set count="56" />
  </mem-info>
</gc-start>
<allocation-stats totalBytes="1808192" >
  <allocated-bytes non-tlh="1400416" tlh="407776" />
  <largest-consumer threadName="main" threadId="00000000014C6700" bytes="1808192" />
</allocation-stats>
<gc-op id="920" type="scavenge" timems="0.148" contextid="917" timestamp="2019-06-14T20:05:48.008">
  <scavenger-info tenureage="14" tenuremask="4000" tiltratio="88" />
  <memory-copied type="nursery" objects="2" bytes="61136" bytesdiscarded="39144" />
</gc-op>
<gc-end id="921" type="scavenge" contextid="917" durationms="0.308" usertimems="0.000" systemtimems="0.000" timestamp="2019-06-14T20:05:48.008" activeThreads="4">
  <mem-info id="922" free="6725280" total="8519680" percent="78">
    <mem type="nursery" free="1865800" total="2228224" percent="83">
      <mem type="allocate" free="1865800" total="1966080" percent="94" />
      <mem type="survivor" free="0" total="262144" percent="0" />
    </mem>
    <mem type="tenure" free="4859480" total="6291456" percent="77">
      <mem type="soa" free="4545112" total="5977088" percent="76" />
      <mem type="loa" free="314368" total="314368" percent="100" />
    </mem>
    <remembered-set count="56" />
  </mem-info>
</gc-end>
<cycle-end id="923" type="scavenge" contextid="917" timestamp="2019-06-14T20:05:48.008" />
  <attribute name="elasticGC enabled" value="1" />
  <attribute name= "numThreadsSpecified" value="4" />
  <attribute name="heapSize specified" value="0" />
  <attribute name="Current GC Util" value="28" />
  <attribute name= "Current Time Running" value="777" />
  <attribute name ="GC Interval" value="200" />
  <attribute name="ProportionalT" value="4.000000" />
  <attribute name="ProportionalI" value="4.000000" />
  <attribute name="ProportionalH" value="4.000000" />
  <attribute name="Current Error" value="8.000000" />
  <attribute name="IntegralT" value="8.000000" />
  <attribute name="IntegralI" value="8.000000" />
  <attribute name="IntegralH" value="8.000000" />
  <attribute name="DerivativeT" value="-5.000000" />
  <attribute name="DerivativeI" value="-5.000000" />
  <attribute name="DerivativeH" value="-5.000000" />
  <attribute name="Loop Time for DT" value="1.000000" />
  <attribute name="Output H" value="8388608"/>
  <attribute name="Output I" value="200"/>
  <attribute name="Output T" value="4"/>
  <attribute name="Target GC Util Change" value ="20.000000" />
  <attribute name="Current GC Util Change" value="28.000000"/>
  <attribute name="GC Util currently" value="28" />
  <attribute name="CPU Util currently" value="4086320100876" />
<allocation-satisfied id="924" threadId="00000000014C6700" bytesRequested="122216" />
<af-end id="925" timestamp="2019-06-14T20:05:48.008" threadId="00000000014C7088" success="true" from="nursery"/>
<exclusive-end id="926" timestamp="2019-06-14T20:05:48.008" durationms="0.764" />

<exclusive-start id="927" timestamp="2019-06-14T20:05:48.008" intervalms="0.932">
  <response-info timems="0.020" idlems="0.020" threads="0" lastid="00000000014C6700" lastname="main" />
</exclusive-start>
<af-start id="928" threadId="00000000014C7088" totalBytesRequested="61616" timestamp="2019-06-14T20:05:48.008" intervalms="0.895" type="nursery" />
<cycle-start id="929" type="scavenge" contextid="0" timestamp="2019-06-14T20:05:48.008" intervalms="0.861" />
<gc-start id="930" type="scavenge" contextid="929" timestamp="2019-06-14T20:05:48.008">
  <mem-info id="931" free="4859480" total="8519680" percent="57">
    <mem type="nursery" free="0" total="2228224" percent="0">
      <mem type="allocate" free="0" total="1966080" percent="0" />
      <mem type="survivor" free="0" total="262144" percent="0" />
    </mem>
    <mem type="tenure" free="4859480" total="6291456" percent="77">
      <mem type="soa" free="4545112" total="5977088" percent="76" />
      <mem type="loa" free="314368" total="314368" percent="100" />
    </mem>
    <remembered-set count="56" />
  </mem-info>
</gc-start>
<allocation-stats totalBytes="1841464" >
  <allocated-bytes non-tlh="1533464" tlh="308000" />
  <largest-consumer threadName="main" threadId="00000000014C6700" bytes="1841464" />
</allocation-stats>
<gc-op id="932" type="scavenge" timems="0.117" contextid="929" timestamp="2019-06-14T20:05:48.009">
  <scavenger-info tenureage="14" tenuremask="4000" tiltratio="88" />
  <memory-copied type="nursery" objects="2" bytes="123232" bytesdiscarded="39152" />
</gc-op>
<gc-end id="933" type="scavenge" contextid="929" durationms="0.273" usertimems="0.000" systemtimems="0.000" timestamp="2019-06-14T20:05:48.009" activeThreads="4">
  <mem-info id="934" free="6663176" total="8519680" percent="78">
    <mem type="nursery" free="1803696" total="2228224" percent="80">
      <mem type="allocate" free="1803696" total="1966080" percent="91" />
      <mem type="survivor" free="0" total="262144" percent="0" />
    </mem>
    <mem type="tenure" free="4859480" total="6291456" percent="77">
      <mem type="soa" free="4545112" total="5977088" percent="76" />
      <mem type="loa" free="314368" total="314368" percent="100" />
    </mem>
    <remembered-set count="56" />
  </mem-info>
</gc-end>
<cycle-end id="935" type="scavenge" contextid="929" timestamp="2019-06-14T20:05:48.009" />
  <attribute name="elasticGC enabled" value="1" />
  <attribute name= "numThreadsSpecified" value="4" />
  <attribute name="heapSize specified" value="0" />
  <attribute name="Current GC Util" value="39" />
  <attribute name= "Current Time Running" value="778" />
  <attribute name ="GC Interval" value="200" />
  <attribute name="ProportionalT" value="9.500000" />
  <attribute name="ProportionalI" value="9.500000" />
  <attribute name="ProportionalH" value="9.500000" />
  <attribute name="Current Error" value="19.000000" />
  <attribute name="IntegralT" value="19.000000" />
  <attribute name="IntegralI" value="19.000000" />
  <attribute name="IntegralH" value="19.000000" />
  <attribute name="DerivativeT" value="5.500000" />
  <attribute name="DerivativeI" value="5.500000" />
  <attribute name="DerivativeH" value="5.500000" />
  <attribute name="Loop Time for DT" value="1.000000" />
  <attribute name="Output H" value="8388608"/>
  <attribute name="Output I" value="200"/>
  <attribute name="Output T" value="4"/>
  <attribute name="Target GC Util Change" value ="20.000000" />
  <attribute name="Current GC Util Change" value="39.000000"/>
  <attribute name="GC Util currently" value="39" />
  <attribute name="CPU Util currently" value="5385602479423" />
<allocation-satisfied id="936" threadId="00000000014C6700" bytesRequested="61616" />
<af-end id="937" timestamp="2019-06-14T20:05:48.009" threadId="00000000014C7088" success="true" from="nursery"/>
<exclusive-end id="938" timestamp="2019-06-14T20:05:48.009" durationms="0.658" />

<exclusive-start id="939" timestamp="2019-06-14T20:05:48.009" intervalms="0.827">
  <response-info timems="0.028" idlems="0.028" threads="0" lastid="00000000014C6700" lastname="main" />
</exclusive-start>
<af-start id="940" threadId="00000000014C7088" totalBytesRequested="124008" timestamp="2019-06-14T20:05:48.009" intervalms="0.824" type="nursery" />
<cycle-start id="941" type="scavenge" contextid="0" timestamp="2019-06-14T20:05:48.009" intervalms="0.824" />
<gc-start id="942" type="scavenge" contextid="941" timestamp="2019-06-14T20:05:48.009">
  <mem-info id="943" free="4979656" total="8519680" percent="58">
    <mem type="nursery" free="120176" total="2228224" percent="5">
      <mem type="allocate" free="120176" total="1966080" percent="6" />
      <mem type="survivor" free="0" total="262144" percent="0" />
    </mem>
    <mem type="tenure" free="4859480" total="6291456" percent="77">
      <mem type="soa" free="4545112" total="5977088" percent="76" />
      <mem type="loa" free="314368" total="314368" percent="100" />
    </mem>
    <remembered-set count="56" />
  </mem-info>
</gc-start>
<allocation-stats totalBytes="1677184" >
  <allocated-bytes non-tlh="1359936" tlh="317248" />
  <largest-consumer threadName="main" threadId="00000000014C6700" bytes="1677184" />
</allocation-stats>
<gc-op id="944" type="scavenge" timems="0.141" contextid="941" timestamp="2019-06-14T20:05:48.009">
  <scavenger-info tenureage="14" tenuremask="4000" tiltratio="88" />
  <memory-copied type="nursery" objects="2" bytes="62032" bytesdiscarded="39144" />
</gc-op>
<gc-end id="945" type="scavenge" contextid="941" durationms="0.297" usertimems="0.000" systemtimems="0.000" timestamp="2019-06-14T20:05:48.009" activeThreads="4">
  <mem-info id="946" free="6724384" total="8519680" percent="78">
    <mem type="nursery" free="1864904" total="2228224" percent="83">
      <mem type="allocate" free="1864904" total="1966080" percent="94" />
      <mem type="survivor" free="0" total="262144" percent="0" />
    </mem>
    <mem type="tenure" free="4859480" total="6291456" percent="77">
      <mem type="soa" free="4545112" total="5977088" percent="76" />
      <mem type="loa" free="314368" total="314368" percent="100" />
    </mem>
    <remembered-set count="56" />
  </mem-info>
</gc-end>
<cycle-end id="947" type="scavenge" contextid="941" timestamp="2019-06-14T20:05:48.010" />
  <attribute name="elasticGC enabled" value="1" />
  <attribute name= "numThreadsSpecified" value="4" />
  <attribute name="heapSize specified" value="0" />
  <attribute name="Current GC Util" value="39" />
  <attribute name= "Current Time Running" value="779" />
  <attribute name ="GC Interval" value="200" />
  <attribute name="ProportionalT" value="9.500000" />
  <attribute name="ProportionalI" value="9.500000" />
  <attribute name="ProportionalH" value="9.500000" />
  <attribute name="Current Error" value="19.000000" />
  <attribute name="IntegralT" value="19.000000" />
  <attribute name="IntegralI" value="19.000000" />
  <attribute name="IntegralH" value="19.000000" />
  <attribute name="DerivativeT" value="0.000000" />
  <attribute name="DerivativeI" value="0.000000" />
  <attribute name="DerivativeH" value="0.000000" />
  <attribute name="Loop Time for DT" value="1.000000" />
  <attribute name="Output H" value="8388608"/>
  <attribute name="Output I" value="200"/>
  <attribute name="Output T" value="4"/>
  <attribute name="Target GC Util Change" value ="20.000000" />
  <attribute name="Current GC Util Change" value="39.000000"/>
  <attribute name="GC Util currently" value="39" />
  <attribute name="CPU Util currently" value="5595069909492" />
<allocation-satisfied id="948" threadId="00000000014C6700" bytesRequested="124008" />
<af-end id="949" timestamp="2019-06-14T20:05:48.010" threadId="00000000014C7088" success="true" from="nursery"/>
<exclusive-end id="950" timestamp="2019-06-14T20:05:48.010" durationms="0.682" />

<exclusive-start id="951" timestamp="2019-06-14T20:05:48.010" intervalms="0.851">
  <response-info timems="0.024" idlems="0.024" threads="0" lastid="00000000014C6700" lastname="main" />
</exclusive-start>
<af-start id="952" threadId="00000000014C7088" totalBytesRequested="125120" timestamp="2019-06-14T20:05:48.010" intervalms="0.854" type="nursery" />
<cycle-start id="953" type="scavenge" contextid="0" timestamp="2019-06-14T20:05:48.010" intervalms="0.853" />
<gc-start id="954" type="scavenge" contextid="953" timestamp="2019-06-14T20:05:48.010">
  <mem-info id="955" free="4968688" total="8519680" percent="58">
    <mem type="nursery" free="109208" total="2228224" percent="4">
      <mem type="allocate" free="109208" total="1966080" percent="5" />
      <mem type="survivor" free="0" total="262144" percent="0" />
    </mem>
    <mem type="tenure" free="4859480" total="6291456" percent="77">
      <mem type="soa" free="4545112" total="5977088" percent="76" />
      <mem type="loa" free="314368" total="314368" percent="100" />
    </mem>
    <remembered-set count="56" />
  </mem-info>
</gc-start>
<allocation-stats totalBytes="1750704" >
  <allocated-bytes non-tlh="1432112" tlh="318592" />
  <largest-consumer threadName="main" threadId="00000000014C6700" bytes="1750704" />
</allocation-stats>
<gc-op id="956" type="scavenge" timems="0.105" contextid="953" timestamp="2019-06-14T20:05:48.010">
  <scavenger-info tenureage="14" tenuremask="4000" tiltratio="88" />
  <memory-copied type="nursery" objects="2" bytes="62592" bytesdiscarded="39144" />
</gc-op>
<gc-end id="957" type="scavenge" contextid="953" durationms="0.266" usertimems="0.000" systemtimems="0.000" timestamp="2019-06-14T20:05:48.010" activeThreads="4">
  <mem-info id="958" free="6723824" total="8519680" percent="78">
    <mem type="nursery" free="1864344" total="2228224" percent="83">
      <mem type="allocate" free="1864344" total="1966080" percent="94" />
      <mem type="survivor" free="0" total="262144" percent="0" />
    </mem>
    <mem type="tenure" free="4859480" total="6291456" percent="77">
      <mem type="soa" free="4545112" total="5977088" percent="76" />
      <mem type="loa" free="314368" total="314368" percent="100" />
    </mem>
    <remembered-set count="56" />
  </mem-info>
</gc-end>
<cycle-end id="959" type="scavenge" contextid="953" timestamp="2019-06-14T20:05:48.010" />
  <attribute name="elasticGC enabled" value="1" />
  <attribute name= "numThreadsSpecified" value="4" />
  <attribute name="heapSize specified" value="0" />
  <attribute name="Current GC Util" value="37" />
  <attribute name= "Current Time Running" value="779" />
  <attribute name ="GC Interval" value="200" />
  <attribute name="ProportionalT" value="8.500000" />
  <attribute name="ProportionalI" value="8.500000" />
  <attribute name="ProportionalH" value="8.500000" />
  <attribute name="Current Error" value="17.000000" />
  <attribute name="IntegralT" value="0.000000" />
  <attribute name="IntegralI" value="0.000000" />
  <attribute name="IntegralH" value="0.000000" />
  <attribute name="DerivativeT" value="-inf" />
  <attribute name="DerivativeI" value="-inf" />
  <attribute name="DerivativeH" value="-inf" />
  <attribute name="Loop Time for DT" value="0.000000" />
  <attribute name="Output H" value="2092630016"/>
  <attribute name="Output I" value="200"/>
  <attribute name="Output T" value="4"/>
  <attribute name="Target GC Util Change" value ="20.000000" />
  <attribute name="Current GC Util Change" value="37.000000"/>
  <attribute name="GC Util currently" value="37" />
  <attribute name="CPU Util currently" value="5373002920006" />
<allocation-satisfied id="960" threadId="00000000014C6700" bytesRequested="125120" />
<af-end id="961" timestamp="2019-06-14T20:05:48.010" threadId="00000000014C7088" success="true" from="nursery"/>
<exclusive-end id="962" timestamp="2019-06-14T20:05:48.010" durationms="0.656" />

<exclusive-start id="963" timestamp="2019-06-14T20:05:48.011" intervalms="0.826">
  <response-info timems="0.024" idlems="0.024" threads="0" lastid="00000000014C6700" lastname="main" />
</exclusive-start>
<af-start id="964" threadId="00000000014C7088" totalBytesRequested="125936" timestamp="2019-06-14T20:05:48.011" intervalms="0.824" type="nursery" />
<cycle-start id="965" type="scavenge" contextid="0" timestamp="2019-06-14T20:05:48.011" intervalms="0.860" />
<gc-start id="966" type="scavenge" contextid="965" timestamp="2019-06-14T20:05:48.011">
  <mem-info id="967" free="4888816" total="8519680" percent="57">
    <mem type="nursery" free="29336" total="2228224" percent="1">
      <mem type="allocate" free="29336" total="1966080" percent="1" />
      <mem type="survivor" free="0" total="262144" percent="0" />
    </mem>
    <mem type="tenure" free="4859480" total="6291456" percent="77">
      <mem type="soa" free="4545112" total="5977088" percent="76" />
      <mem type="loa" free="314368" total="314368" percent="100" />
    </mem>
    <remembered-set count="56" />
  </mem-info>
</gc-start>
<allocation-stats totalBytes="1826240" >
  <allocated-bytes non-tlh="1443128" tlh="383112" />
  <largest-consumer threadName="main" threadId="00000000014C6700" bytes="1826240" />
</allocation-stats>
<gc-op id="968" type="scavenge" timems="0.111" contextid="965" timestamp="2019-06-14T20:05:48.011">
  <scavenger-info tenureage="14" tenuremask="4000" tiltratio="88" />
  <memory-copied type="nursery" objects="2" bytes="63000" bytesdiscarded="39144" />
</gc-op>
<gc-end id="969" type="scavenge" contextid="965" durationms="0.271" usertimems="0.000" systemtimems="0.000" timestamp="2019-06-14T20:05:48.011" activeThreads="4">
  <mem-info id="970" free="6723416" total="8519680" percent="78">
    <mem type="nursery" free="1863936" total="2228224" percent="83">
      <mem type="allocate" free="1863936" total="1966080" percent="94" />
      <mem type="survivor" free="0" total="262144" percent="0" />
    </mem>
    <mem type="tenure" free="4859480" total="6291456" percent="77">
      <mem type="soa" free="4545112" total="5977088" percent="76" />
      <mem type="loa" free="314368" total="314368" percent="100" />
    </mem>
    <remembered-set count="56" />
  </mem-info>
</gc-end>
<cycle-end id="971" type="scavenge" contextid="965" timestamp="2019-06-14T20:05:48.011" />
  <attribute name="elasticGC enabled" value="1" />
  <attribute name= "numThreadsSpecified" value="4" />
  <attribute name="heapSize specified" value="0" />
  <attribute name="Current GC Util" value="36" />
  <attribute name= "Current Time Running" value="780" />
  <attribute name ="GC Interval" value="200" />
  <attribute name="ProportionalT" value="8.000000" />
  <attribute name="ProportionalI" value="8.000000" />
  <attribute name="ProportionalH" value="8.000000" />
  <attribute name="Current Error" value="16.000000" />
  <attribute name="IntegralT" value="16.000000" />
  <attribute name="IntegralI" value="16.000000" />
  <attribute name="IntegralH" value="16.000000" />
  <attribute name="DerivativeT" value="-0.500000" />
  <attribute name="DerivativeI" value="-0.500000" />
  <attribute name="DerivativeH" value="-0.500000" />
  <attribute name="Loop Time for DT" value="1.000000" />
  <attribute name="Output H" value="8388608"/>
  <attribute name="Output I" value="200"/>
  <attribute name="Output T" value="4"/>
  <attribute name="Target GC Util Change" value ="20.000000" />
  <attribute name="Current GC Util Change" value="36.000000"/>
  <attribute name="GC Util currently" value="36" />
  <attribute name="CPU Util currently" value="5403264226425" />
<allocation-satisfied id="972" threadId="00000000014C6700" bytesRequested="125936" />
<af-end id="973" timestamp="2019-06-14T20:05:48.011" threadId="00000000014C7088" success="true" from="nursery"/>
<exclusive-end id="974" timestamp="2019-06-14T20:05:48.011" durationms="0.689" />

<exclusive-start id="975" timestamp="2019-06-14T20:05:48.012" intervalms="0.861">
  <response-info timems="0.025" idlems="0.025" threads="0" lastid="00000000014C6700" lastname="main" />
</exclusive-start>
<af-start id="976" threadId="00000000014C7088" totalBytesRequested="126944" timestamp="2019-06-14T20:05:48.012" intervalms="0.873" type="nursery" />
<cycle-start id="977" type="scavenge" contextid="0" timestamp="2019-06-14T20:05:48.012" intervalms="0.840" />
<gc-start id="978" type="scavenge" contextid="977" timestamp="2019-06-14T20:05:48.012">
  <mem-info id="979" free="4946272" total="8519680" percent="58">
    <mem type="nursery" free="86792" total="2228224" percent="3">
      <mem type="allocate" free="86792" total="1966080" percent="4" />
      <mem type="survivor" free="0" total="262144" percent="0" />
    </mem>
    <mem type="tenure" free="4859480" total="6291456" percent="77">
      <mem type="soa" free="4545112" total="5977088" percent="76" />
      <mem type="loa" free="314368" total="314368" percent="100" />
    </mem>
    <remembered-set count="56" />
  </mem-info>
</gc-start>
<allocation-stats totalBytes="1774960" >
  <allocated-bytes non-tlh="1453560" tlh="321400" />
  <largest-consumer threadName="main" threadId="00000000014C6700" bytes="1774960" />
</allocation-stats>
<gc-op id="980" type="scavenge" timems="0.111" contextid="977" timestamp="2019-06-14T20:05:48.012">
  <scavenger-info tenureage="14" tenuremask="4000" tiltratio="88" />
  <memory-copied type="nursery" objects="2" bytes="63504" bytesdiscarded="39144" />
</gc-op>
<gc-end id="981" type="scavenge" contextid="977" durationms="0.268" usertimems="0.000" systemtimems="0.000" timestamp="2019-06-14T20:05:48.012" activeThreads="4">
  <mem-info id="982" free="6722912" total="8519680" percent="78">
    <mem type="nursery" free="1863432" total="2228224" percent="83">
      <mem type="allocate" free="1863432" total="1966080" percent="94" />
      <mem type="survivor" free="0" total="262144" percent="0" />
    </mem>
    <mem type="tenure" free="4859480" total="6291456" percent="77">
      <mem type="soa" free="4545112" total="5977088" percent="76" />
      <mem type="loa" free="314368" total="314368" percent="100" />
    </mem>
    <remembered-set count="56" />
  </mem-info>
</gc-end>
<cycle-end id="983" type="scavenge" contextid="977" timestamp="2019-06-14T20:05:48.012" />
  <attribute name="elasticGC enabled" value="1" />
  <attribute name= "numThreadsSpecified" value="4" />
  <attribute name="heapSize specified" value="0" />
  <attribute name="Current GC Util" value="37" />
  <attribute name= "Current Time Running" value="781" />
  <attribute name ="GC Interval" value="200" />
  <attribute name="ProportionalT" value="8.500000" />
  <attribute name="ProportionalI" value="8.500000" />
  <attribute name="ProportionalH" value="8.500000" />
  <attribute name="Current Error" value="17.000000" />
  <attribute name="IntegralT" value="17.000000" />
  <attribute name="IntegralI" value="17.000000" />
  <attribute name="IntegralH" value="17.000000" />
  <attribute name="DerivativeT" value="0.500000" />
  <attribute name="DerivativeI" value="0.500000" />
  <attribute name="DerivativeH" value="0.500000" />
  <attribute name="Loop Time for DT" value="1.000000" />
  <attribute name="Output H" value="8388608"/>
  <attribute name="Output I" value="200"/>
  <attribute name="Output T" value="4"/>
  <attribute name="Target GC Util Change" value ="20.000000" />
  <attribute name="Current GC Util Change" value="37.000000"/>
  <attribute name="GC Util currently" value="37" />
  <attribute name="CPU Util currently" value="5455234362149" />
<allocation-satisfied id="984" threadId="00000000014C6700" bytesRequested="126944" />
<af-end id="985" timestamp="2019-06-14T20:05:48.012" threadId="00000000014C7088" success="true" from="nursery"/>
<exclusive-end id="986" timestamp="2019-06-14T20:05:48.012" durationms="0.669" />

<exclusive-start id="987" timestamp="2019-06-14T20:05:48.012" intervalms="0.843">
  <response-info timems="0.024" idlems="0.024" threads="0" lastid="00000000014C6700" lastname="main" />
</exclusive-start>
<af-start id="988" threadId="00000000014C7088" totalBytesRequested="127760" timestamp="2019-06-14T20:05:48.012" intervalms="0.831" type="nursery" />
<cycle-start id="989" type="scavenge" contextid="0" timestamp="2019-06-14T20:05:48.012" intervalms="0.828" />
<gc-start id="990" type="scavenge" contextid="989" timestamp="2019-06-14T20:05:48.013">
  <mem-info id="991" free="4891224" total="8519680" percent="57">
    <mem type="nursery" free="31744" total="2228224" percent="1">
      <mem type="allocate" free="31744" total="1966080" percent="1" />
      <mem type="survivor" free="0" total="262144" percent="0" />
    </mem>
    <mem type="tenure" free="4859480" total="6291456" percent="77">
      <mem type="soa" free="4545112" total="5977088" percent="76" />
      <mem type="loa" free="314368" total="314368" percent="100" />
    </mem>
    <remembered-set count="56" />
  </mem-info>
</gc-start>
<allocation-stats totalBytes="1826880" >
  <allocated-bytes non-tlh="1528016" tlh="298864" />
  <largest-consumer threadName="main" threadId="00000000014C6700" bytes="1826880" />
</allocation-stats>
<gc-op id="992" type="scavenge" timems="0.112" contextid="989" timestamp="2019-06-14T20:05:48.013">
  <scavenger-info tenureage="14" tenuremask="4000" tiltratio="88" />
  <memory-copied type="nursery" objects="2" bytes="63904" bytesdiscarded="39144" />
</gc-op>
<gc-end id="993" type="scavenge" contextid="989" durationms="0.267" usertimems="0.000" systemtimems="0.000" timestamp="2019-06-14T20:05:48.013" activeThreads="4">
  <mem-info id="994" free="6722512" total="8519680" percent="78">
    <mem type="nursery" free="1863032" total="2228224" percent="83">
      <mem type="allocate" free="1863032" total="1966080" percent="94" />
      <mem type="survivor" free="0" total="262144" percent="0" />
    </mem>
    <mem type="tenure" free="4859480" total="6291456" percent="77">
      <mem type="soa" free="4545112" total="5977088" percent="76" />
      <mem type="loa" free="314368" total="314368" percent="100" />
    </mem>
    <remembered-set count="56" />
  </mem-info>
</gc-end>
<cycle-end id="995" type="scavenge" contextid="989" timestamp="2019-06-14T20:05:48.013" />
  <attribute name="elasticGC enabled" value="1" />
  <attribute name= "numThreadsSpecified" value="4" />
  <attribute name="heapSize specified" value="0" />
  <attribute name="Current GC Util" value="38" />
  <attribute name= "Current Time Running" value="782" />
  <attribute name ="GC Interval" value="200" />
  <attribute name="ProportionalT" value="9.000000" />
  <attribute name="ProportionalI" value="9.000000" />
  <attribute name="ProportionalH" value="9.000000" />
  <attribute name="Current Error" value="18.000000" />
  <attribute name="IntegralT" value="18.000000" />
  <attribute name="IntegralI" value="18.000000" />
  <attribute name="IntegralH" value="18.000000" />
  <attribute name="DerivativeT" value="0.500000" />
  <attribute name="DerivativeI" value="0.500000" />
  <attribute name="DerivativeH" value="0.500000" />
  <attribute name="Loop Time for DT" value="1.000000" />
  <attribute name="Output H" value="8388608"/>
  <attribute name="Output I" value="200"/>
  <attribute name="Output T" value="4"/>
  <attribute name="Target GC Util Change" value ="20.000000" />
  <attribute name="Current GC Util Change" value="38.000000"/>
  <attribute name="GC Util currently" value="38" />
  <attribute name="CPU Util currently" value="5610917478173" />
<allocation-satisfied id="996" threadId="00000000014C6700" bytesRequested="127760" />
<af-end id="997" timestamp="2019-06-14T20:05:48.013" threadId="00000000014C7088" success="true" from="nursery"/>
<exclusive-end id="998" timestamp="2019-06-14T20:05:48.013" durationms="0.641" />

<exclusive-start id="999" timestamp="2019-06-14T20:05:48.013" intervalms="0.817">
  <response-info timems="0.024" idlems="0.024" threads="0" lastid="00000000014C6700" lastname="main" />
</exclusive-start>
<af-start id="1000" threadId="00000000014C7088" totalBytesRequested="128864" timestamp="2019-06-14T20:05:48.013" intervalms="0.820" type="nursery" />
<cycle-start id="1001" type="scavenge" contextid="0" timestamp="2019-06-14T20:05:48.013" intervalms="0.821" />
<gc-start id="1002" type="scavenge" contextid="1001" timestamp="2019-06-14T20:05:48.013">
  <mem-info id="1003" free="4859480" total="8519680" percent="57">
    <mem type="nursery" free="0" total="2228224" percent="0">
      <mem type="allocate" free="0" total="1966080" percent="0" />
      <mem type="survivor" free="0" total="262144" percent="0" />
    </mem>
    <mem type="tenure" free="4859480" total="6291456" percent="77">
      <mem type="soa" free="4545112" total="5977088" percent="76" />
      <mem type="loa" free="314368" total="314368" percent="100" />
    </mem>
    <remembered-set count="56" />
  </mem-info>
</gc-start>
<allocation-stats totalBytes="1859704" >
  <allocated-bytes non-tlh="1538752" tlh="320952" />
  <largest-consumer threadName="main" threadId="00000000014C6700" bytes="1859704" />
</allocation-stats>
<gc-op id="1004" type="scavenge" timems="0.138" contextid="1001" timestamp="2019-06-14T20:05:48.014">
  <scavenger-info tenureage="14" tenuremask="4000" tiltratio="88" />
  <memory-copied type="nursery" objects="2" bytes="64456" bytesdiscarded="39144" />
</gc-op>
<gc-end id="1005" type="scavenge" contextid="1001" durationms="0.296" usertimems="0.000" systemtimems="0.000" timestamp="2019-06-14T20:05:48.014" activeThreads="4">
  <mem-info id="1006" free="6721960" total="8519680" percent="78">
    <mem type="nursery" free="1862480" total="2228224" percent="83">
      <mem type="allocate" free="1862480" total="1966080" percent="94" />
      <mem type="survivor" free="0" total="262144" percent="0" />
    </mem>
    <mem type="tenure" free="4859480" total="6291456" percent="77">
      <mem type="soa" free="4545112" total="5977088" percent="76" />
      <mem type="loa" free="314368" total="314368" percent="100" />
    </mem>
    <remembered-set count="56" />
  </mem-info>
</gc-end>
<cycle-end id="1007" type="scavenge" contextid="1001" timestamp="2019-06-14T20:05:48.014" />
  <attribute name="elasticGC enabled" value="1" />
  <attribute name= "numThreadsSpecified" value="4" />
  <attribute name="heapSize specified" value="0" />
  <attribute name="Current GC Util" value="37" />
  <attribute name= "Current Time Running" value="783" />
  <attribute name ="GC Interval" value="200" />
  <attribute name="ProportionalT" value="8.500000" />
  <attribute name="ProportionalI" value="8.500000" />
  <attribute name="ProportionalH" value="8.500000" />
  <attribute name="Current Error" value="17.000000" />
  <attribute name="IntegralT" value="17.000000" />
  <attribute name="IntegralI" value="17.000000" />
  <attribute name="IntegralH" value="17.000000" />
  <attribute name="DerivativeT" value="-0.500000" />
  <attribute name="DerivativeI" value="-0.500000" />
  <attribute name="DerivativeH" value="-0.500000" />
  <attribute name="Loop Time for DT" value="1.000000" />
  <attribute name="Output H" value="8388608"/>
  <attribute name="Output I" value="200"/>
  <attribute name="Output T" value="4"/>
  <attribute name="Target GC Util Change" value ="20.000000" />
  <attribute name="Current GC Util Change" value="37.000000"/>
  <attribute name="GC Util currently" value="37" />
  <attribute name="CPU Util currently" value="5600743760951" />
<allocation-satisfied id="1008" threadId="00000000014C6700" bytesRequested="128864" />
<af-end id="1009" timestamp="2019-06-14T20:05:48.014" threadId="00000000014C7088" success="true" from="nursery"/>
<exclusive-end id="1010" timestamp="2019-06-14T20:05:48.014" durationms="0.681" />

<exclusive-start id="1011" timestamp="2019-06-14T20:05:48.014" intervalms="0.860">
  <response-info timems="0.023" idlems="0.023" threads="0" lastid="00000000014C6700" lastname="main" />
</exclusive-start>
<af-start id="1012" threadId="00000000014C7088" totalBytesRequested="129488" timestamp="2019-06-14T20:05:48.014" intervalms="0.858" type="nursery" />
<cycle-start id="1013" type="scavenge" contextid="0" timestamp="2019-06-14T20:05:48.014" intervalms="0.856" />
<gc-start id="1014" type="scavenge" contextid="1013" timestamp="2019-06-14T20:05:48.014">
  <mem-info id="1015" free="4888536" total="8519680" percent="57">
    <mem type="nursery" free="29056" total="2228224" percent="1">
      <mem type="allocate" free="29056" total="1966080" percent="1" />
      <mem type="survivor" free="0" total="262144" percent="0" />
    </mem>
    <mem type="tenure" free="4859480" total="6291456" percent="77">
      <mem type="soa" free="4545112" total="5977088" percent="76" />
      <mem type="loa" free="314368" total="314368" percent="100" />
    </mem>
    <remembered-set count="56" />
  </mem-info>
</gc-start>
<allocation-stats totalBytes="1831312" >
  <allocated-bytes non-tlh="1549840" tlh="281472" />
  <largest-consumer threadName="main" threadId="00000000014C6700" bytes="1831312" />
</allocation-stats>
<gc-op id="1016" type="scavenge" timems="0.112" contextid="1013" timestamp="2019-06-14T20:05:48.014">
  <scavenger-info tenureage="14" tenuremask="4000" tiltratio="88" />
  <memory-copied type="nursery" objects="2" bytes="64776" bytesdiscarded="39144" />
</gc-op>
<gc-end id="1017" type="scavenge" contextid="1013" durationms="0.274" usertimems="0.000" systemtimems="0.000" timestamp="2019-06-14T20:05:48.014" activeThreads="4">
  <mem-info id="1018" free="6721640" total="8519680" percent="78">
    <mem type="nursery" free="1862160" total="2228224" percent="83">
      <mem type="allocate" free="1862160" total="1966080" percent="94" />
      <mem type="survivor" free="0" total="262144" percent="0" />
    </mem>
    <mem type="tenure" free="4859480" total="6291456" percent="77">
      <mem type="soa" free="4545112" total="5977088" percent="76" />
      <mem type="loa" free="314368" total="314368" percent="100" />
    </mem>
    <remembered-set count="56" />
  </mem-info>
</gc-end>
<cycle-end id="1019" type="scavenge" contextid="1013" timestamp="2019-06-14T20:05:48.015" />
  <attribute name="elasticGC enabled" value="1" />
  <attribute name= "numThreadsSpecified" value="4" />
  <attribute name="heapSize specified" value="0" />
  <attribute name="Current GC Util" value="37" />
  <attribute name= "Current Time Running" value="784" />
  <attribute name ="GC Interval" value="200" />
  <attribute name="ProportionalT" value="8.500000" />
  <attribute name="ProportionalI" value="8.500000" />
  <attribute name="ProportionalH" value="8.500000" />
  <attribute name="Current Error" value="17.000000" />
  <attribute name="IntegralT" value="17.000000" />
  <attribute name="IntegralI" value="17.000000" />
  <attribute name="IntegralH" value="17.000000" />
  <attribute name="DerivativeT" value="0.000000" />
  <attribute name="DerivativeI" value="0.000000" />
  <attribute name="DerivativeH" value="0.000000" />
  <attribute name="Loop Time for DT" value="1.000000" />
  <attribute name="Output H" value="8388608"/>
  <attribute name="Output I" value="200"/>
  <attribute name="Output T" value="4"/>
  <attribute name="Target GC Util Change" value ="20.000000" />
  <attribute name="Current GC Util Change" value="37.000000"/>
  <attribute name="GC Util currently" value="37" />
  <attribute name="CPU Util currently" value="5372777569365" />
<allocation-satisfied id="1020" threadId="00000000014C6700" bytesRequested="129488" />
<af-end id="1021" timestamp="2019-06-14T20:05:48.015" threadId="00000000014C7088" success="true" from="nursery"/>
<exclusive-end id="1022" timestamp="2019-06-14T20:05:48.015" durationms="0.782" />

<exclusive-start id="1023" timestamp="2019-06-14T20:05:48.015" intervalms="0.982">
  <response-info timems="0.024" idlems="0.024" threads="0" lastid="00000000014C6700" lastname="main" />
</exclusive-start>
<af-start id="1024" threadId="00000000014C7088" totalBytesRequested="130416" timestamp="2019-06-14T20:05:48.015" intervalms="1.005" type="nursery" />
<cycle-start id="1025" type="scavenge" contextid="0" timestamp="2019-06-14T20:05:48.015" intervalms="1.040" />
<gc-start id="1026" type="scavenge" contextid="1025" timestamp="2019-06-14T20:05:48.015">
  <mem-info id="1027" free="4859480" total="8519680" percent="57">
    <mem type="nursery" free="0" total="2228224" percent="0">
      <mem type="allocate" free="0" total="1966080" percent="0" />
      <mem type="survivor" free="0" total="262144" percent="0" />
    </mem>
    <mem type="tenure" free="4859480" total="6291456" percent="77">
      <mem type="soa" free="4545112" total="5977088" percent="76" />
      <mem type="loa" free="314368" total="314368" percent="100" />
    </mem>
    <remembered-set count="56" />
  </mem-info>
</gc-start>
<allocation-stats totalBytes="1861240" >
  <allocated-bytes non-tlh="1558528" tlh="302712" />
  <largest-consumer threadName="main" threadId="00000000014C6700" bytes="1861240" />
</allocation-stats>
<gc-op id="1028" type="scavenge" timems="0.138" contextid="1025" timestamp="2019-06-14T20:05:48.015">
  <scavenger-info tenureage="14" tenuremask="4000" tiltratio="88" />
  <memory-copied type="nursery" objects="2" bytes="65232" bytesdiscarded="39144" />
</gc-op>
<gc-end id="1029" type="scavenge" contextid="1025" durationms="0.296" usertimems="0.000" systemtimems="0.000" timestamp="2019-06-14T20:05:48.016" activeThreads="4">
  <mem-info id="1030" free="6721184" total="8519680" percent="78">
    <mem type="nursery" free="1861704" total="2228224" percent="83">
      <mem type="allocate" free="1861704" total="1966080" percent="94" />
      <mem type="survivor" free="0" total="262144" percent="0" />
    </mem>
    <mem type="tenure" free="4859480" total="6291456" percent="77">
      <mem type="soa" free="4545112" total="5977088" percent="76" />
      <mem type="loa" free="314368" total="314368" percent="100" />
    </mem>
    <remembered-set count="56" />
  </mem-info>
</gc-end>
<cycle-end id="1031" type="scavenge" contextid="1025" timestamp="2019-06-14T20:05:48.016" />
  <attribute name="elasticGC enabled" value="1" />
  <attribute name= "numThreadsSpecified" value="4" />
  <attribute name="heapSize specified" value="0" />
  <attribute name="Current GC Util" value="30" />
  <attribute name= "Current Time Running" value="785" />
  <attribute name ="GC Interval" value="200" />
  <attribute name="ProportionalT" value="5.000000" />
  <attribute name="ProportionalI" value="5.000000" />
  <attribute name="ProportionalH" value="5.000000" />
  <attribute name="Current Error" value="10.000000" />
  <attribute name="IntegralT" value="10.000000" />
  <attribute name="IntegralI" value="10.000000" />
  <attribute name="IntegralH" value="10.000000" />
  <attribute name="DerivativeT" value="-3.500000" />
  <attribute name="DerivativeI" value="-3.500000" />
  <attribute name="DerivativeH" value="-3.500000" />
  <attribute name="Loop Time for DT" value="1.000000" />
  <attribute name="Output H" value="8388608"/>
  <attribute name="Output I" value="200"/>
  <attribute name="Output T" value="4"/>
  <attribute name="Target GC Util Change" value ="20.000000" />
  <attribute name="Current GC Util Change" value="30.000000"/>
  <attribute name="GC Util currently" value="30" />
  <attribute name="CPU Util currently" value="4454069847520" />
<allocation-satisfied id="1032" threadId="00000000014C6700" bytesRequested="130416" />
<af-end id="1033" timestamp="2019-06-14T20:05:48.016" threadId="00000000014C7088" success="true" from="nursery"/>
<exclusive-end id="1034" timestamp="2019-06-14T20:05:48.016" durationms="0.712" />

<exclusive-start id="1035" timestamp="2019-06-14T20:05:48.016" intervalms="0.885">
  <response-info timems="0.025" idlems="0.025" threads="0" lastid="00000000014C6700" lastname="main" />
</exclusive-start>
<af-start id="1036" threadId="00000000014C7088" totalBytesRequested="65712" timestamp="2019-06-14T20:05:48.016" intervalms="0.862" type="nursery" />
<cycle-start id="1037" type="scavenge" contextid="0" timestamp="2019-06-14T20:05:48.016" intervalms="0.829" />
<gc-start id="1038" type="scavenge" contextid="1037" timestamp="2019-06-14T20:05:48.016">
  <mem-info id="1039" free="4908856" total="8519680" percent="57">
    <mem type="nursery" free="49376" total="2228224" percent="2">
      <mem type="allocate" free="49376" total="1966080" percent="2" />
      <mem type="survivor" free="0" total="262144" percent="0" />
    </mem>
    <mem type="tenure" free="4859480" total="6291456" percent="77">
      <mem type="soa" free="4545112" total="5977088" percent="76" />
      <mem type="loa" free="314368" total="314368" percent="100" />
    </mem>
    <remembered-set count="56" />
  </mem-info>
</gc-start>
<allocation-stats totalBytes="1812328" >
  <allocated-bytes non-tlh="1636200" tlh="176128" />
  <largest-consumer threadName="main" threadId="00000000014C6700" bytes="1812328" />
</allocation-stats>
<gc-op id="1040" type="scavenge" timems="0.137" contextid="1037" timestamp="2019-06-14T20:05:48.016">
  <scavenger-info tenureage="14" tenuremask="4000" tiltratio="88" />
  <memory-copied type="nursery" objects="4" bytes="65792" bytesdiscarded="39088" />
</gc-op>
<gc-end id="1041" type="scavenge" contextid="1037" durationms="0.298" usertimems="0.000" systemtimems="0.000" timestamp="2019-06-14T20:05:48.016" activeThreads="4">
  <mem-info id="1042" free="6720680" total="8519680" percent="78">
    <mem type="nursery" free="1861200" total="2228224" percent="83">
      <mem type="allocate" free="1861200" total="1966080" percent="94" />
      <mem type="survivor" free="0" total="262144" percent="0" />
    </mem>
    <mem type="tenure" free="4859480" total="6291456" percent="77">
      <mem type="soa" free="4545112" total="5977088" percent="76" />
      <mem type="loa" free="314368" total="314368" percent="100" />
    </mem>
    <remembered-set count="56" />
  </mem-info>
</gc-end>
<cycle-end id="1043" type="scavenge" contextid="1037" timestamp="2019-06-14T20:05:48.016" />
  <attribute name="elasticGC enabled" value="1" />
  <attribute name= "numThreadsSpecified" value="4" />
  <attribute name="heapSize specified" value="0" />
  <attribute name="Current GC Util" value="39" />
  <attribute name= "Current Time Running" value="786" />
  <attribute name ="GC Interval" value="200" />
  <attribute name="ProportionalT" value="9.500000" />
  <attribute name="ProportionalI" value="9.500000" />
  <attribute name="ProportionalH" value="9.500000" />
  <attribute name="Current Error" value="19.000000" />
  <attribute name="IntegralT" value="19.000000" />
  <attribute name="IntegralI" value="19.000000" />
  <attribute name="IntegralH" value="19.000000" />
  <attribute name="DerivativeT" value="4.500000" />
  <attribute name="DerivativeI" value="4.500000" />
  <attribute name="DerivativeH" value="4.500000" />
  <attribute name="Loop Time for DT" value="1.000000" />
  <attribute name="Output H" value="8388608"/>
  <attribute name="Output I" value="200"/>
  <attribute name="Output T" value="4"/>
  <attribute name="Target GC Util Change" value ="20.000000" />
  <attribute name="Current GC Util Change" value="39.000000"/>
  <attribute name="GC Util currently" value="39" />
  <attribute name="CPU Util currently" value="5522375426398" />
<allocation-satisfied id="1044" threadId="00000000014C6700" bytesRequested="65712" />
<af-end id="1045" timestamp="2019-06-14T20:05:48.017" threadId="00000000014C7088" success="true" from="nursery"/>
<exclusive-end id="1046" timestamp="2019-06-14T20:05:48.017" durationms="0.679" />

<exclusive-start id="1047" timestamp="2019-06-14T20:05:48.017" intervalms="0.853">
  <response-info timems="0.023" idlems="0.023" threads="0" lastid="00000000014C6700" lastname="main" />
</exclusive-start>
<af-start id="1048" threadId="00000000014C7088" totalBytesRequested="66320" timestamp="2019-06-14T20:05:48.017" intervalms="0.852" type="nursery" />
<cycle-start id="1049" type="scavenge" contextid="0" timestamp="2019-06-14T20:05:48.017" intervalms="0.851" />
<gc-start id="1050" type="scavenge" contextid="1049" timestamp="2019-06-14T20:05:48.017">
  <mem-info id="1051" free="4873552" total="8519680" percent="57">
    <mem type="nursery" free="14072" total="2228224" percent="0">
      <mem type="allocate" free="14072" total="1966080" percent="0" />
      <mem type="survivor" free="0" total="262144" percent="0" />
    </mem>
    <mem type="tenure" free="4859480" total="6291456" percent="77">
      <mem type="soa" free="4545112" total="5977088" percent="76" />
      <mem type="loa" free="314368" total="314368" percent="100" />
    </mem>
    <remembered-set count="56" />
  </mem-info>
</gc-start>
<allocation-stats totalBytes="1847128" >
  <allocated-bytes non-tlh="1781592" tlh="65536" />
  <largest-consumer threadName="main" threadId="00000000014C6700" bytes="1847128" />
</allocation-stats>
<gc-op id="1052" type="scavenge" timems="0.118" contextid="1049" timestamp="2019-06-14T20:05:48.017">
  <scavenger-info tenureage="14" tenuremask="4000" tiltratio="88" />
  <memory-copied type="nursery" objects="2" bytes="132352" bytesdiscarded="39152" />
</gc-op>
<gc-end id="1053" type="scavenge" contextid="1049" durationms="0.275" usertimems="0.000" systemtimems="0.000" timestamp="2019-06-14T20:05:48.017" activeThreads="4">
  <mem-info id="1054" free="6654056" total="8519680" percent="78">
    <mem type="nursery" free="1794576" total="2228224" percent="80">
      <mem type="allocate" free="1794576" total="1966080" percent="91" />
      <mem type="survivor" free="0" total="262144" percent="0" />
    </mem>
    <mem type="tenure" free="4859480" total="6291456" percent="77">
      <mem type="soa" free="4545112" total="5977088" percent="76" />
      <mem type="loa" free="314368" total="314368" percent="100" />
    </mem>
    <remembered-set count="56" />
  </mem-info>
</gc-end>
<cycle-end id="1055" type="scavenge" contextid="1049" timestamp="2019-06-14T20:05:48.017" />
  <attribute name="elasticGC enabled" value="1" />
  <attribute name= "numThreadsSpecified" value="4" />
  <attribute name="heapSize specified" value="0" />
  <attribute name="Current GC Util" value="38" />
  <attribute name= "Current Time Running" value="786" />
  <attribute name ="GC Interval" value="200" />
  <attribute name="ProportionalT" value="9.000000" />
  <attribute name="ProportionalI" value="9.000000" />
  <attribute name="ProportionalH" value="9.000000" />
  <attribute name="Current Error" value="18.000000" />
  <attribute name="IntegralT" value="0.000000" />
  <attribute name="IntegralI" value="0.000000" />
  <attribute name="IntegralH" value="0.000000" />
  <attribute name="DerivativeT" value="-inf" />
  <attribute name="DerivativeI" value="-inf" />
  <attribute name="DerivativeH" value="-inf" />
  <attribute name="Loop Time for DT" value="0.000000" />
  <attribute name="Output H" value="2092630016"/>
  <attribute name="Output I" value="200"/>
  <attribute name="Output T" value="4"/>
  <attribute name="Target GC Util Change" value ="20.000000" />
  <attribute name="Current GC Util Change" value="38.000000"/>
  <attribute name="GC Util currently" value="38" />
  <attribute name="CPU Util currently" value="5441954064984" />
<allocation-satisfied id="1056" threadId="00000000014C6700" bytesRequested="66320" />
<af-end id="1057" timestamp="2019-06-14T20:05:48.017" threadId="00000000014C7088" success="true" from="nursery"/>
<exclusive-end id="1058" timestamp="2019-06-14T20:05:48.017" durationms="0.655" />

<exclusive-start id="1059" timestamp="2019-06-14T20:05:48.018" intervalms="0.820">
  <response-info timems="0.023" idlems="0.023" threads="0" lastid="00000000014C6700" lastname="main" />
</exclusive-start>
<af-start id="1060" threadId="00000000014C7088" totalBytesRequested="66696" timestamp="2019-06-14T20:05:48.018" intervalms="0.820" type="nursery" />
<cycle-start id="1061" type="scavenge" contextid="0" timestamp="2019-06-14T20:05:48.018" intervalms="0.822" />
<gc-start id="1062" type="scavenge" contextid="1061" timestamp="2019-06-14T20:05:48.018">
  <mem-info id="1063" free="4926800" total="8519680" percent="57">
    <mem type="nursery" free="67320" total="2228224" percent="3">
      <mem type="allocate" free="67320" total="1966080" percent="3" />
      <mem type="survivor" free="0" total="262144" percent="0" />
    </mem>
    <mem type="tenure" free="4859480" total="6291456" percent="77">
      <mem type="soa" free="4545112" total="5977088" percent="76" />
      <mem type="loa" free="314368" total="314368" percent="100" />
    </mem>
    <remembered-set count="56" />
  </mem-info>
</gc-start>
<allocation-stats totalBytes="1727256" >
  <allocated-bytes non-tlh="1661720" tlh="65536" />
  <largest-consumer threadName="main" threadId="00000000014C6700" bytes="1727256" />
</allocation-stats>
<gc-op id="1064" type="scavenge" timems="0.114" contextid="1061" timestamp="2019-06-14T20:05:48.018">
  <scavenger-info tenureage="14" tenuremask="4000" tiltratio="88" />
  <memory-copied type="nursery" objects="4" bytes="66776" bytesdiscarded="39088" />
</gc-op>
<gc-end id="1065" type="scavenge" contextid="1061" durationms="0.271" usertimems="0.000" systemtimems="0.000" timestamp="2019-06-14T20:05:48.018" activeThreads="4">
  <mem-info id="1066" free="6719696" total="8519680" percent="78">
    <mem type="nursery" free="1860216" total="2228224" percent="83">
      <mem type="allocate" free="1860216" total="1966080" percent="94" />
      <mem type="survivor" free="0" total="262144" percent="0" />
    </mem>
    <mem type="tenure" free="4859480" total="6291456" percent="77">
      <mem type="soa" free="4545112" total="5977088" percent="76" />
      <mem type="loa" free="314368" total="314368" percent="100" />
    </mem>
    <remembered-set count="56" />
  </mem-info>
</gc-end>
<cycle-end id="1067" type="scavenge" contextid="1061" timestamp="2019-06-14T20:05:48.018" />
  <attribute name="elasticGC enabled" value="1" />
  <attribute name= "numThreadsSpecified" value="4" />
  <attribute name="heapSize specified" value="0" />
  <attribute name="Current GC Util" value="39" />
  <attribute name= "Current Time Running" value="787" />
  <attribute name ="GC Interval" value="200" />
  <attribute name="ProportionalT" value="9.500000" />
  <attribute name="ProportionalI" value="9.500000" />
  <attribute name="ProportionalH" value="9.500000" />
  <attribute name="Current Error" value="19.000000" />
  <attribute name="IntegralT" value="19.000000" />
  <attribute name="IntegralI" value="19.000000" />
  <attribute name="IntegralH" value="19.000000" />
  <attribute name="DerivativeT" value="0.500000" />
  <attribute name="DerivativeI" value="0.500000" />
  <attribute name="DerivativeH" value="0.500000" />
  <attribute name="Loop Time for DT" value="1.000000" />
  <attribute name="Output H" value="8388608"/>
  <attribute name="Output I" value="200"/>
  <attribute name="Output T" value="4"/>
  <attribute name="Target GC Util Change" value ="20.000000" />
  <attribute name="Current GC Util Change" value="39.000000"/>
  <attribute name="GC Util currently" value="39" />
  <attribute name="CPU Util currently" value="5595585856218" />
<allocation-satisfied id="1068" threadId="00000000014C6700" bytesRequested="66696" />
<af-end id="1069" timestamp="2019-06-14T20:05:48.018" threadId="00000000014C7088" success="true" from="nursery"/>
<exclusive-end id="1070" timestamp="2019-06-14T20:05:48.018" durationms="0.653" />

<exclusive-start id="1071" timestamp="2019-06-14T20:05:48.018" intervalms="0.820">
  <response-info timems="0.023" idlems="0.023" threads="0" lastid="00000000014C6700" lastname="main" />
</exclusive-start>
<af-start id="1072" threadId="00000000014C7088" totalBytesRequested="134072" timestamp="2019-06-14T20:05:48.018" intervalms="0.823" type="nursery" />
<cycle-start id="1073" type="scavenge" contextid="0" timestamp="2019-06-14T20:05:48.019" intervalms="0.860" />
<gc-start id="1074" type="scavenge" contextid="1073" timestamp="2019-06-14T20:05:48.019">
  <mem-info id="1075" free="4983400" total="8519680" percent="58">
    <mem type="nursery" free="123920" total="2228224" percent="5">
      <mem type="allocate" free="123920" total="1966080" percent="6" />
      <mem type="survivor" free="0" total="262144" percent="0" />
    </mem>
    <mem type="tenure" free="4859480" total="6291456" percent="77">
      <mem type="soa" free="4545112" total="5977088" percent="76" />
      <mem type="loa" free="314368" total="314368" percent="100" />
    </mem>
    <remembered-set count="56" />
  </mem-info>
</gc-start>
<allocation-stats totalBytes="1736296" >
  <allocated-bytes non-tlh="1670760" tlh="65536" />
  <largest-consumer threadName="main" threadId="00000000014C6700" bytes="1736296" />
</allocation-stats>
<gc-op id="1076" type="scavenge" timems="0.111" contextid="1073" timestamp="2019-06-14T20:05:48.019">
  <scavenger-info tenureage="14" tenuremask="4000" tiltratio="88" />
  <memory-copied type="nursery" objects="2" bytes="67064" bytesdiscarded="39144" />
</gc-op>
<gc-end id="1077" type="scavenge" contextid="1073" durationms="0.269" usertimems="0.000" systemtimems="0.000" timestamp="2019-06-14T20:05:48.019" activeThreads="4">
  <mem-info id="1078" free="6719352" total="8519680" percent="78">
    <mem type="nursery" free="1859872" total="2228224" percent="83">
      <mem type="allocate" free="1859872" total="1966080" percent="94" />
      <mem type="survivor" free="0" total="262144" percent="0" />
    </mem>
    <mem type="tenure" free="4859480" total="6291456" percent="77">
      <mem type="soa" free="4545112" total="5977088" percent="76" />
      <mem type="loa" free="314368" total="314368" percent="100" />
    </mem>
    <remembered-set count="56" />
  </mem-info>
</gc-end>
<cycle-end id="1079" type="scavenge" contextid="1073" timestamp="2019-06-14T20:05:48.019" />
  <attribute name="elasticGC enabled" value="1" />
  <attribute name= "numThreadsSpecified" value="4" />
  <attribute name="heapSize specified" value="0" />
  <attribute name="Current GC Util" value="36" />
  <attribute name= "Current Time Running" value="788" />
  <attribute name ="GC Interval" value="200" />
  <attribute name="ProportionalT" value="8.000000" />
  <attribute name="ProportionalI" value="8.000000" />
  <attribute name="ProportionalH" value="8.000000" />
  <attribute name="Current Error" value="16.000000" />
  <attribute name="IntegralT" value="16.000000" />
  <attribute name="IntegralI" value="16.000000" />
  <attribute name="IntegralH" value="16.000000" />
  <attribute name="DerivativeT" value="-1.500000" />
  <attribute name="DerivativeI" value="-1.500000" />
  <attribute name="DerivativeH" value="-1.500000" />
  <attribute name="Loop Time for DT" value="1.000000" />
  <attribute name="Output H" value="8388608"/>
  <attribute name="Output I" value="200"/>
  <attribute name="Output T" value="4"/>
  <attribute name="Target GC Util Change" value ="20.000000" />
  <attribute name="Current GC Util Change" value="36.000000"/>
  <attribute name="GC Util currently" value="36" />
  <attribute name="CPU Util currently" value="5387804667313" />
<allocation-satisfied id="1080" threadId="00000000014C6700" bytesRequested="134072" />
<af-end id="1081" timestamp="2019-06-14T20:05:48.019" threadId="00000000014C7088" success="true" from="nursery"/>
<exclusive-end id="1082" timestamp="2019-06-14T20:05:48.019" durationms="0.811" />

<exclusive-start id="1083" timestamp="2019-06-14T20:05:48.019" intervalms="0.980">
  <response-info timems="0.025" idlems="0.025" threads="0" lastid="00000000014C6700" lastname="main" />
</exclusive-start>
<af-start id="1084" threadId="00000000014C7088" totalBytesRequested="67424" timestamp="2019-06-14T20:05:48.019" intervalms="1.008" type="nursery" />
<cycle-start id="1085" type="scavenge" contextid="0" timestamp="2019-06-14T20:05:48.020" intervalms="0.971" />
<gc-start id="1086" type="scavenge" contextid="1085" timestamp="2019-06-14T20:05:48.020">
  <mem-info id="1087" free="4910512" total="8519680" percent="57">
    <mem type="nursery" free="51032" total="2228224" percent="2">
      <mem type="allocate" free="51032" total="1966080" percent="2" />
      <mem type="survivor" free="0" total="262144" percent="0" />
    </mem>
    <mem type="tenure" free="4859480" total="6291456" percent="77">
      <mem type="soa" free="4545112" total="5977088" percent="76" />
      <mem type="loa" free="314368" total="314368" percent="100" />
    </mem>
    <remembered-set count="56" />
  </mem-info>
</gc-start>
<allocation-stats totalBytes="1808840" >
  <allocated-bytes non-tlh="1747400" tlh="61440" />
  <largest-consumer threadName="main" threadId="00000000014C6700" bytes="1808840" />
</allocation-stats>
<gc-op id="1088" type="scavenge" timems="0.138" contextid="1085" timestamp="2019-06-14T20:05:48.020">
  <scavenger-info tenureage="14" tenuremask="4000" tiltratio="88" />
  <memory-copied type="nursery" objects="2" bytes="134856" bytesdiscarded="39152" />
</gc-op>
<gc-end id="1089" type="scavenge" contextid="1085" durationms="0.302" usertimems="0.000" systemtimems="0.000" timestamp="2019-06-14T20:05:48.020" activeThreads="4">
  <mem-info id="1090" free="6651552" total="8519680" percent="78">
    <mem type="nursery" free="1792072" total="2228224" percent="80">
      <mem type="allocate" free="1792072" total="1966080" percent="91" />
      <mem type="survivor" free="0" total="262144" percent="0" />
    </mem>
    <mem type="tenure" free="4859480" total="6291456" percent="77">
      <mem type="soa" free="4545112" total="5977088" percent="76" />
      <mem type="loa" free="314368" total="314368" percent="100" />
    </mem>
    <remembered-set count="56" />
  </mem-info>
</gc-end>
<cycle-end id="1091" type="scavenge" contextid="1085" timestamp="2019-06-14T20:05:48.020" />
  <attribute name="elasticGC enabled" value="1" />
  <attribute name= "numThreadsSpecified" value="4" />
  <attribute name="heapSize specified" value="0" />
  <attribute name="Current GC Util" value="31" />
  <attribute name= "Current Time Running" value="789" />
  <attribute name ="GC Interval" value="200" />
  <attribute name="ProportionalT" value="5.500000" />
  <attribute name="ProportionalI" value="5.500000" />
  <attribute name="ProportionalH" value="5.500000" />
  <attribute name="Current Error" value="11.000000" />
  <attribute name="IntegralT" value="11.000000" />
  <attribute name="IntegralI" value="11.000000" />
  <attribute name="IntegralH" value="11.000000" />
  <attribute name="DerivativeT" value="-2.500000" />
  <attribute name="DerivativeI" value="-2.500000" />
  <attribute name="DerivativeH" value="-2.500000" />
  <attribute name="Loop Time for DT" value="1.000000" />
  <attribute name="Output H" value="8388608"/>
  <attribute name="Output I" value="200"/>
  <attribute name="Output T" value="4"/>
  <attribute name="Target GC Util Change" value ="20.000000" />
  <attribute name="Current GC Util Change" value="31.000000"/>
  <attribute name="GC Util currently" value="31" />
  <attribute name="CPU Util currently" value="4602517801962" />
<allocation-satisfied id="1092" threadId="00000000014C6700" bytesRequested="67424" />
<af-end id="1093" timestamp="2019-06-14T20:05:48.020" threadId="00000000014C7088" success="true" from="nursery"/>
<exclusive-end id="1094" timestamp="2019-06-14T20:05:48.020" durationms="0.737" />

<exclusive-start id="1095" timestamp="2019-06-14T20:05:48.020" intervalms="0.903">
  <response-info timems="0.023" idlems="0.023" threads="0" lastid="00000000014C6700" lastname="main" />
</exclusive-start>
<af-start id="1096" threadId="00000000014C7088" totalBytesRequested="67824" timestamp="2019-06-14T20:05:48.020" intervalms="0.873" type="nursery" />
<cycle-start id="1097" type="scavenge" contextid="0" timestamp="2019-06-14T20:05:48.020" intervalms="0.873" />
<gc-start id="1098" type="scavenge" contextid="1097" timestamp="2019-06-14T20:05:48.020">
  <mem-info id="1099" free="4899224" total="8519680" percent="57">
    <mem type="nursery" free="39744" total="2228224" percent="1">
      <mem type="allocate" free="39744" total="1966080" percent="2" />
      <mem type="survivor" free="0" total="262144" percent="0" />
    </mem>
    <mem type="tenure" free="4859480" total="6291456" percent="77">
      <mem type="soa" free="4545112" total="5977088" percent="76" />
      <mem type="loa" free="314368" total="314368" percent="100" />
    </mem>
    <remembered-set count="56" />
  </mem-info>
</gc-start>
<allocation-stats totalBytes="1752328" >
  <allocated-bytes non-tlh="1690888" tlh="61440" />
  <largest-consumer threadName="main" threadId="00000000014C6700" bytes="1752328" />
</allocation-stats>
<gc-op id="1100" type="scavenge" timems="0.135" contextid="1097" timestamp="2019-06-14T20:05:48.021">
  <scavenger-info tenureage="14" tenuremask="4000" tiltratio="88" />
  <memory-copied type="nursery" objects="4" bytes="67904" bytesdiscarded="39088" />
</gc-op>
<gc-end id="1101" type="scavenge" contextid="1097" durationms="0.296" usertimems="0.000" systemtimems="0.000" timestamp="2019-06-14T20:05:48.021" activeThreads="4">
  <mem-info id="1102" free="6718568" total="8519680" percent="78">
    <mem type="nursery" free="1859088" total="2228224" percent="83">
      <mem type="allocate" free="1859088" total="1966080" percent="94" />
      <mem type="survivor" free="0" total="262144" percent="0" />
    </mem>
    <mem type="tenure" free="4859480" total="6291456" percent="77">
      <mem type="soa" free="4545112" total="5977088" percent="76" />
      <mem type="loa" free="314368" total="314368" percent="100" />
    </mem>
    <remembered-set count="56" />
  </mem-info>
</gc-end>
<cycle-end id="1103" type="scavenge" contextid="1097" timestamp="2019-06-14T20:05:48.021" />
  <attribute name="elasticGC enabled" value="1" />
  <attribute name= "numThreadsSpecified" value="4" />
  <attribute name="heapSize specified" value="0" />
  <attribute name="Current GC Util" value="41" />
  <attribute name= "Current Time Running" value="790" />
  <attribute name ="GC Interval" value="200" />
  <attribute name="ProportionalT" value="10.500000" />
  <attribute name="ProportionalI" value="10.500000" />
  <attribute name="ProportionalH" value="10.500000" />
  <attribute name="Current Error" value="21.000000" />
  <attribute name="IntegralT" value="21.000000" />
  <attribute name="IntegralI" value="21.000000" />
  <attribute name="IntegralH" value="21.000000" />
  <attribute name="DerivativeT" value="5.000000" />
  <attribute name="DerivativeI" value="5.000000" />
  <attribute name="DerivativeH" value="5.000000" />
  <attribute name="Loop Time for DT" value="1.000000" />
  <attribute name="Output H" value="8388608"/>
  <attribute name="Output I" value="200"/>
  <attribute name="Output T" value="4"/>
  <attribute name="Target GC Util Change" value ="20.000000" />
  <attribute name="Current GC Util Change" value="41.000000"/>
  <attribute name="GC Util currently" value="41" />
  <attribute name="CPU Util currently" value="5448975609289" />
<allocation-satisfied id="1104" threadId="00000000014C6700" bytesRequested="67824" />
<af-end id="1105" timestamp="2019-06-14T20:05:48.021" threadId="00000000014C7088" success="true" from="nursery"/>
<exclusive-end id="1106" timestamp="2019-06-14T20:05:48.021" durationms="0.676" />

<exclusive-start id="1107" timestamp="2019-06-14T20:05:48.021" intervalms="0.843">
  <response-info timems="0.019" idlems="0.019" threads="0" lastid="00000000014C6700" lastname="main" />
</exclusive-start>
<af-start id="1108" threadId="00000000014C7088" totalBytesRequested="136384" timestamp="2019-06-14T20:05:48.021" intervalms="0.844" type="nursery" />
<cycle-start id="1109" type="scavenge" contextid="0" timestamp="2019-06-14T20:05:48.021" intervalms="0.843" />
<gc-start id="1110" type="scavenge" contextid="1109" timestamp="2019-06-14T20:05:48.021">
  <mem-info id="1111" free="4956264" total="8519680" percent="58">
    <mem type="nursery" free="96784" total="2228224" percent="4">
      <mem type="allocate" free="96784" total="1966080" percent="4" />
      <mem type="survivor" free="0" total="262144" percent="0" />
    </mem>
    <mem type="tenure" free="4859480" total="6291456" percent="77">
      <mem type="soa" free="4545112" total="5977088" percent="76" />
      <mem type="loa" free="314368" total="314368" percent="100" />
    </mem>
    <remembered-set count="56" />
  </mem-info>
</gc-start>
<allocation-stats totalBytes="1762304" >
  <allocated-bytes non-tlh="1700864" tlh="61440" />
  <largest-consumer threadName="main" threadId="00000000014C6700" bytes="1762304" />
</allocation-stats>
<gc-op id="1112" type="scavenge" timems="0.111" contextid="1109" timestamp="2019-06-14T20:05:48.022">
  <scavenger-info tenureage="14" tenuremask="4000" tiltratio="88" />
  <memory-copied type="nursery" objects="2" bytes="68216" bytesdiscarded="39144" />
</gc-op>
<gc-end id="1113" type="scavenge" contextid="1109" durationms="0.273" usertimems="0.000" systemtimems="0.000" timestamp="2019-06-14T20:05:48.022" activeThreads="4">
  <mem-info id="1114" free="6718200" total="8519680" percent="78">
    <mem type="nursery" free="1858720" total="2228224" percent="83">
      <mem type="allocate" free="1858720" total="1966080" percent="94" />
      <mem type="survivor" free="0" total="262144" percent="0" />
    </mem>
    <mem type="tenure" free="4859480" total="6291456" percent="77">
      <mem type="soa" free="4545112" total="5977088" percent="76" />
      <mem type="loa" free="314368" total="314368" percent="100" />
    </mem>
    <remembered-set count="56" />
  </mem-info>
</gc-end>
<cycle-end id="1115" type="scavenge" contextid="1109" timestamp="2019-06-14T20:05:48.022" />
  <attribute name="elasticGC enabled" value="1" />
  <attribute name= "numThreadsSpecified" value="4" />
  <attribute name="heapSize specified" value="0" />
  <attribute name="Current GC Util" value="38" />
  <attribute name= "Current Time Running" value="791" />
  <attribute name ="GC Interval" value="200" />
  <attribute name="ProportionalT" value="9.000000" />
  <attribute name="ProportionalI" value="9.000000" />
  <attribute name="ProportionalH" value="9.000000" />
  <attribute name="Current Error" value="18.000000" />
  <attribute name="IntegralT" value="18.000000" />
  <attribute name="IntegralI" value="18.000000" />
  <attribute name="IntegralH" value="18.000000" />
  <attribute name="DerivativeT" value="-1.500000" />
  <attribute name="DerivativeI" value="-1.500000" />
  <attribute name="DerivativeH" value="-1.500000" />
  <attribute name="Loop Time for DT" value="1.000000" />
  <attribute name="Output H" value="8388608"/>
  <attribute name="Output I" value="200"/>
  <attribute name="Output T" value="4"/>
  <attribute name="Target GC Util Change" value ="20.000000" />
  <attribute name="Current GC Util Change" value="38.000000"/>
  <attribute name="GC Util currently" value="38" />
  <attribute name="CPU Util currently" value="5466084167257" />
<allocation-satisfied id="1116" threadId="00000000014C6700" bytesRequested="136384" />
<af-end id="1117" timestamp="2019-06-14T20:05:48.022" threadId="00000000014C7088" success="true" from="nursery"/>
<exclusive-end id="1118" timestamp="2019-06-14T20:05:48.022" durationms="0.654" />

<exclusive-start id="1119" timestamp="2019-06-14T20:05:48.022" intervalms="0.823">
  <response-info timems="0.020" idlems="0.020" threads="0" lastid="00000000014C6700" lastname="main" />
</exclusive-start>
<af-start id="1120" threadId="00000000014C7088" totalBytesRequested="68744" timestamp="2019-06-14T20:05:48.022" intervalms="0.822" type="nursery" />
<cycle-start id="1121" type="scavenge" contextid="0" timestamp="2019-06-14T20:05:48.022" intervalms="0.822" />
<gc-start id="1122" type="scavenge" contextid="1121" timestamp="2019-06-14T20:05:48.022">
  <mem-info id="1123" free="4880968" total="8519680" percent="57">
    <mem type="nursery" free="21488" total="2228224" percent="0">
      <mem type="allocate" free="21488" total="1966080" percent="1" />
      <mem type="survivor" free="0" total="262144" percent="0" />
    </mem>
    <mem type="tenure" free="4859480" total="6291456" percent="77">
      <mem type="soa" free="4545112" total="5977088" percent="76" />
      <mem type="loa" free="314368" total="314368" percent="100" />
    </mem>
    <remembered-set count="56" />
  </mem-info>
</gc-start>
<allocation-stats totalBytes="1837232" >
  <allocated-bytes non-tlh="1779888" tlh="57344" />
  <largest-consumer threadName="main" threadId="00000000014C6700" bytes="1837232" />
</allocation-stats>
<gc-op id="1124" type="scavenge" timems="0.138" contextid="1121" timestamp="2019-06-14T20:05:48.022">
  <scavenger-info tenureage="14" tenuremask="4000" tiltratio="88" />
  <memory-copied type="nursery" objects="2" bytes="137232" bytesdiscarded="39152" />
</gc-op>
<gc-end id="1125" type="scavenge" contextid="1121" durationms="0.299" usertimems="0.000" systemtimems="0.000" timestamp="2019-06-14T20:05:48.022" activeThreads="4">
  <mem-info id="1126" free="6649176" total="8519680" percent="78">
    <mem type="nursery" free="1789696" total="2228224" percent="80">
      <mem type="allocate" free="1789696" total="1966080" percent="91" />
      <mem type="survivor" free="0" total="262144" percent="0" />
    </mem>
    <mem type="tenure" free="4859480" total="6291456" percent="77">
      <mem type="soa" free="4545112" total="5977088" percent="76" />
      <mem type="loa" free="314368" total="314368" percent="100" />
    </mem>
    <remembered-set count="56" />
  </mem-info>
</gc-end>
<cycle-end id="1127" type="scavenge" contextid="1121" timestamp="2019-06-14T20:05:48.022" />
  <attribute name="elasticGC enabled" value="1" />
  <attribute name= "numThreadsSpecified" value="4" />
  <attribute name="heapSize specified" value="0" />
  <attribute name="Current GC Util" value="38" />
  <attribute name= "Current Time Running" value="792" />
  <attribute name ="GC Interval" value="200" />
  <attribute name="ProportionalT" value="9.000000" />
  <attribute name="ProportionalI" value="9.000000" />
  <attribute name="ProportionalH" value="9.000000" />
  <attribute name="Current Error" value="18.000000" />
  <attribute name="IntegralT" value="18.000000" />
  <attribute name="IntegralI" value="18.000000" />
  <attribute name="IntegralH" value="18.000000" />
  <attribute name="DerivativeT" value="0.000000" />
  <attribute name="DerivativeI" value="0.000000" />
  <attribute name="DerivativeH" value="0.000000" />
  <attribute name="Loop Time for DT" value="1.000000" />
  <attribute name="Output H" value="8388608"/>
  <attribute name="Output I" value="200"/>
  <attribute name="Output T" value="4"/>
  <attribute name="Target GC Util Change" value ="20.000000" />
  <attribute name="Current GC Util Change" value="38.000000"/>
  <attribute name="GC Util currently" value="38" />
  <attribute name="CPU Util currently" value="5615187385119" />
<allocation-satisfied id="1128" threadId="00000000014C6700" bytesRequested="68744" />
<af-end id="1129" timestamp="2019-06-14T20:05:48.023" threadId="00000000014C7088" success="true" from="nursery"/>
<exclusive-end id="1130" timestamp="2019-06-14T20:05:48.023" durationms="0.683" />

<exclusive-start id="1131" timestamp="2019-06-14T20:05:48.023" intervalms="0.838">
  <response-info timems="0.020" idlems="0.020" threads="0" lastid="00000000014C6700" lastname="main" />
</exclusive-start>
<af-start id="1132" threadId="00000000014C7088" totalBytesRequested="138000" timestamp="2019-06-14T20:05:48.023" intervalms="0.838" type="nursery" />
<cycle-start id="1133" type="scavenge" contextid="0" timestamp="2019-06-14T20:05:48.023" intervalms="0.838" />
<gc-start id="1134" type="scavenge" contextid="1133" timestamp="2019-06-14T20:05:48.023">
  <mem-info id="1135" free="5072688" total="8519680" percent="59">
    <mem type="nursery" free="213208" total="2228224" percent="9">
      <mem type="allocate" free="213208" total="1966080" percent="10" />
      <mem type="survivor" free="0" total="262144" percent="0" />
    </mem>
    <mem type="tenure" free="4859480" total="6291456" percent="77">
      <mem type="soa" free="4545112" total="5977088" percent="76" />
      <mem type="loa" free="314368" total="314368" percent="100" />
    </mem>
    <remembered-set count="56" />
  </mem-info>
</gc-start>
<allocation-stats totalBytes="1576488" >
  <allocated-bytes non-tlh="1515048" tlh="61440" />
  <largest-consumer threadName="main" threadId="00000000014C6700" bytes="1576488" />
</allocation-stats>
<gc-op id="1136" type="scavenge" timems="0.089" contextid="1133" timestamp="2019-06-14T20:05:48.023">
  <scavenger-info tenureage="14" tenuremask="4000" tiltratio="88" />
  <memory-copied type="nursery" objects="2" bytes="69032" bytesdiscarded="39144" />
</gc-op>
<gc-end id="1137" type="scavenge" contextid="1133" durationms="0.249" usertimems="0.000" systemtimems="0.000" timestamp="2019-06-14T20:05:48.023" activeThreads="1">
  <mem-info id="1138" free="6717384" total="8519680" percent="78">
    <mem type="nursery" free="1857904" total="2228224" percent="83">
      <mem type="allocate" free="1857904" total="1966080" percent="94" />
      <mem type="survivor" free="0" total="262144" percent="0" />
    </mem>
    <mem type="tenure" free="4859480" total="6291456" percent="77">
      <mem type="soa" free="4545112" total="5977088" percent="76" />
      <mem type="loa" free="314368" total="314368" percent="100" />
    </mem>
    <remembered-set count="56" />
  </mem-info>
</gc-end>
<cycle-end id="1139" type="scavenge" contextid="1133" timestamp="2019-06-14T20:05:48.023" />
  <attribute name="elasticGC enabled" value="1" />
  <attribute name= "numThreadsSpecified" value="1" />
  <attribute name="heapSize specified" value="0" />
  <attribute name="Current GC Util" value="39" />
  <attribute name= "Current Time Running" value="792" />
  <attribute name ="GC Interval" value="200" />
  <attribute name="ProportionalT" value="9.500000" />
  <attribute name="ProportionalI" value="9.500000" />
  <attribute name="ProportionalH" value="9.500000" />
  <attribute name="Current Error" value="19.000000" />
  <attribute name="IntegralT" value="0.000000" />
  <attribute name="IntegralI" value="0.000000" />
  <attribute name="IntegralH" value="0.000000" />
  <attribute name="DerivativeT" value="inf" />
  <attribute name="DerivativeI" value="inf" />
  <attribute name="DerivativeH" value="inf" />
  <attribute name="Loop Time for DT" value="0.000000" />
  <attribute name="Output H" value="8388608"/>
  <attribute name="Output I" value="200"/>
  <attribute name="Output T" value="1"/>
  <attribute name="Target GC Util Change" value ="20.000000" />
  <attribute name="Current GC Util Change" value="39.000000"/>
  <attribute name="GC Util currently" value="39" />
  <attribute name="CPU Util currently" value="5510938999289" />
<allocation-satisfied id="1140" threadId="00000000014C6700" bytesRequested="138000" />
<af-end id="1141" timestamp="2019-06-14T20:05:48.023" threadId="00000000014C7088" success="true" from="nursery"/>
<exclusive-end id="1142" timestamp="2019-06-14T20:05:48.023" durationms="0.628" />

<exclusive-start id="1143" timestamp="2019-06-14T20:05:48.024" intervalms="0.816">
  <response-info timems="0.019" idlems="0.019" threads="0" lastid="00000000014C6700" lastname="main" />
</exclusive-start>
<af-start id="1144" threadId="00000000014C7088" totalBytesRequested="69504" timestamp="2019-06-14T20:05:48.024" intervalms="0.816" type="nursery" />
<cycle-start id="1145" type="scavenge" contextid="0" timestamp="2019-06-14T20:05:48.024" intervalms="0.817" />
<gc-start id="1146" type="scavenge" contextid="1145" timestamp="2019-06-14T20:05:48.024">
  <mem-info id="1147" free="4860256" total="8519680" percent="57">
    <mem type="nursery" free="776" total="2228224" percent="0">
      <mem type="allocate" free="776" total="1966080" percent="0" />
      <mem type="survivor" free="0" total="262144" percent="0" />
    </mem>
    <mem type="tenure" free="4859480" total="6291456" percent="77">
      <mem type="soa" free="4545112" total="5977088" percent="76" />
      <mem type="loa" free="314368" total="314368" percent="100" />
    </mem>
    <remembered-set count="56" />
  </mem-info>
</gc-start>
<allocation-stats totalBytes="1857128" >
  <allocated-bytes non-tlh="1799784" tlh="57344" />
  <largest-consumer threadName="main" threadId="00000000014C6700" bytes="1857128" />
</allocation-stats>
<gc-op id="1148" type="scavenge" timems="0.134" contextid="1145" timestamp="2019-06-14T20:05:48.024">
  <scavenger-info tenureage="14" tenuremask="4000" tiltratio="88" />
  <memory-copied type="nursery" objects="2" bytes="138736" bytesdiscarded="39152" />
</gc-op>
<gc-end id="1149" type="scavenge" contextid="1145" durationms="0.296" usertimems="0.000" systemtimems="0.000" timestamp="2019-06-14T20:05:48.024" activeThreads="4">
  <mem-info id="1150" free="6647672" total="8519680" percent="78">
    <mem type="nursery" free="1788192" total="2228224" percent="80">
      <mem type="allocate" free="1788192" total="1966080" percent="90" />
      <mem type="survivor" free="0" total="262144" percent="0" />
    </mem>
    <mem type="tenure" free="4859480" total="6291456" percent="77">
      <mem type="soa" free="4545112" total="5977088" percent="76" />
      <mem type="loa" free="314368" total="314368" percent="100" />
    </mem>
    <remembered-set count="56" />
  </mem-info>
</gc-end>
<cycle-end id="1151" type="scavenge" contextid="1145" timestamp="2019-06-14T20:05:48.024" />
  <attribute name="elasticGC enabled" value="1" />
  <attribute name= "numThreadsSpecified" value="4" />
  <attribute name="heapSize specified" value="0" />
  <attribute name="Current GC Util" value="33" />
  <attribute name= "Current Time Running" value="793" />
  <attribute name ="GC Interval" value="200" />
  <attribute name="ProportionalT" value="6.500000" />
  <attribute name="ProportionalI" value="6.500000" />
  <attribute name="ProportionalH" value="6.500000" />
  <attribute name="Current Error" value="13.000000" />
  <attribute name="IntegralT" value="13.000000" />
  <attribute name="IntegralI" value="13.000000" />
  <attribute name="IntegralH" value="13.000000" />
  <attribute name="DerivativeT" value="-3.000000" />
  <attribute name="DerivativeI" value="-3.000000" />
  <attribute name="DerivativeH" value="-3.000000" />
  <attribute name="Loop Time for DT" value="1.000000" />
  <attribute name="Output H" value="8388608"/>
  <attribute name="Output I" value="200"/>
  <attribute name="Output T" value="4"/>
  <attribute name="Target GC Util Change" value ="20.000000" />
  <attribute name="Current GC Util Change" value="33.000000"/>
  <attribute name="GC Util currently" value="33" />
  <attribute name="CPU Util currently" value="5631431212531" />
<allocation-satisfied id="1152" threadId="00000000014C6700" bytesRequested="69504" />
<af-end id="1153" timestamp="2019-06-14T20:05:48.024" threadId="00000000014C7088" success="true" from="nursery"/>
<exclusive-end id="1154" timestamp="2019-06-14T20:05:48.024" durationms="0.678" />

<exclusive-start id="1155" timestamp="2019-06-14T20:05:48.024" intervalms="0.834">
  <response-info timems="0.019" idlems="0.019" threads="0" lastid="00000000014C6700" lastname="main" />
</exclusive-start>
<af-start id="1156" threadId="00000000014C7088" totalBytesRequested="139464" timestamp="2019-06-14T20:05:48.024" intervalms="0.834" type="nursery" />
<cycle-start id="1157" type="scavenge" contextid="0" timestamp="2019-06-14T20:05:48.025" intervalms="0.833" />
<gc-start id="1158" type="scavenge" contextid="1157" timestamp="2019-06-14T20:05:48.025">
  <mem-info id="1159" free="5054944" total="8519680" percent="59">
    <mem type="nursery" free="195464" total="2228224" percent="8">
      <mem type="allocate" free="195464" total="1966080" percent="9" />
      <mem type="survivor" free="0" total="262144" percent="0" />
    </mem>
    <mem type="tenure" free="4859480" total="6291456" percent="77">
      <mem type="soa" free="4545112" total="5977088" percent="76" />
      <mem type="loa" free="314368" total="314368" percent="100" />
    </mem>
    <remembered-set count="56" />
  </mem-info>
</gc-start>
<allocation-stats totalBytes="1592728" >
  <allocated-bytes non-tlh="1531288" tlh="61440" />
  <largest-consumer threadName="main" threadId="00000000014C6700" bytes="1592728" />
</allocation-stats>
<gc-op id="1160" type="scavenge" timems="0.130" contextid="1157" timestamp="2019-06-14T20:05:48.025">
  <scavenger-info tenureage="14" tenuremask="4000" tiltratio="88" />
  <memory-copied type="nursery" objects="2" bytes="69760" bytesdiscarded="39144" />
</gc-op>
<gc-end id="1161" type="scavenge" contextid="1157" durationms="0.291" usertimems="0.000" systemtimems="0.000" timestamp="2019-06-14T20:05:48.025" activeThreads="4">
  <mem-info id="1162" free="6716656" total="8519680" percent="78">
    <mem type="nursery" free="1857176" total="2228224" percent="83">
      <mem type="allocate" free="1857176" total="1966080" percent="94" />
      <mem type="survivor" free="0" total="262144" percent="0" />
    </mem>
    <mem type="tenure" free="4859480" total="6291456" percent="77">
      <mem type="soa" free="4545112" total="5977088" percent="76" />
      <mem type="loa" free="314368" total="314368" percent="100" />
    </mem>
    <remembered-set count="56" />
  </mem-info>
</gc-end>
<cycle-end id="1163" type="scavenge" contextid="1157" timestamp="2019-06-14T20:05:48.025" />
  <attribute name="elasticGC enabled" value="1" />
  <attribute name= "numThreadsSpecified" value="4" />
  <attribute name="heapSize specified" value="0" />
  <attribute name="Current GC Util" value="40" />
  <attribute name= "Current Time Running" value="794" />
  <attribute name ="GC Interval" value="200" />
  <attribute name="ProportionalT" value="10.000000" />
  <attribute name="ProportionalI" value="10.000000" />
  <attribute name="ProportionalH" value="10.000000" />
  <attribute name="Current Error" value="20.000000" />
  <attribute name="IntegralT" value="20.000000" />
  <attribute name="IntegralI" value="20.000000" />
  <attribute name="IntegralH" value="20.000000" />
  <attribute name="DerivativeT" value="3.500000" />
  <attribute name="DerivativeI" value="3.500000" />
  <attribute name="DerivativeH" value="3.500000" />
  <attribute name="Loop Time for DT" value="1.000000" />
  <attribute name="Output H" value="8388608"/>
  <attribute name="Output I" value="200"/>
  <attribute name="Output T" value="4"/>
  <attribute name="Target GC Util Change" value ="20.000000" />
  <attribute name="Current GC Util Change" value="40.000000"/>
  <attribute name="GC Util currently" value="40" />
  <attribute name="CPU Util currently" value="5541533106217" />
<allocation-satisfied id="1164" threadId="00000000014C6700" bytesRequested="139464" />
<af-end id="1165" timestamp="2019-06-14T20:05:48.025" threadId="00000000014C7088" success="true" from="nursery"/>
<exclusive-end id="1166" timestamp="2019-06-14T20:05:48.025" durationms="0.672" />

<exclusive-start id="1167" timestamp="2019-06-14T20:05:48.025" intervalms="0.831">
  <response-info timems="0.020" idlems="0.020" threads="0" lastid="00000000014C6700" lastname="main" />
</exclusive-start>
<af-start id="1168" threadId="00000000014C7088" totalBytesRequested="140160" timestamp="2019-06-14T20:05:48.025" intervalms="0.830" type="nursery" />
<cycle-start id="1169" type="scavenge" contextid="0" timestamp="2019-06-14T20:05:48.025" intervalms="0.830" />
<gc-start id="1170" type="scavenge" contextid="1169" timestamp="2019-06-14T20:05:48.025">
  <mem-info id="1171" free="4980792" total="8519680" percent="58">
    <mem type="nursery" free="121312" total="2228224" percent="5">
      <mem type="allocate" free="121312" total="1966080" percent="6" />
      <mem type="survivor" free="0" total="262144" percent="0" />
    </mem>
    <mem type="tenure" free="4859480" total="6291456" percent="77">
      <mem type="soa" free="4545112" total="5977088" percent="76" />
      <mem type="loa" free="314368" total="314368" percent="100" />
    </mem>
    <remembered-set count="56" />
  </mem-info>
</gc-start>
<allocation-stats totalBytes="1735864" >
  <allocated-bytes non-tlh="1678520" tlh="57344" />
  <largest-consumer threadName="main" threadId="00000000014C6700" bytes="1735864" />
</allocation-stats>
<gc-op id="1172" type="scavenge" timems="0.134" contextid="1169" timestamp="2019-06-14T20:05:48.026">
  <scavenger-info tenureage="14" tenuremask="4000" tiltratio="88" />
  <memory-copied type="nursery" objects="2" bytes="70104" bytesdiscarded="39144" />
</gc-op>
<gc-end id="1173" type="scavenge" contextid="1169" durationms="0.293" usertimems="0.000" systemtimems="0.000" timestamp="2019-06-14T20:05:48.026" activeThreads="4">
  <mem-info id="1174" free="6716312" total="8519680" percent="78">
    <mem type="nursery" free="1856832" total="2228224" percent="83">
      <mem type="allocate" free="1856832" total="1966080" percent="94" />
      <mem type="survivor" free="0" total="262144" percent="0" />
    </mem>
    <mem type="tenure" free="4859480" total="6291456" percent="77">
      <mem type="soa" free="4545112" total="5977088" percent="76" />
      <mem type="loa" free="314368" total="314368" percent="100" />
    </mem>
    <remembered-set count="56" />
  </mem-info>
</gc-end>
<cycle-end id="1175" type="scavenge" contextid="1169" timestamp="2019-06-14T20:05:48.026" />
  <attribute name="elasticGC enabled" value="1" />
  <attribute name= "numThreadsSpecified" value="4" />
  <attribute name="heapSize specified" value="0" />
  <attribute name="Current GC Util" value="38" />
  <attribute name= "Current Time Running" value="795" />
  <attribute name ="GC Interval" value="200" />
  <attribute name="ProportionalT" value="9.000000" />
  <attribute name="ProportionalI" value="9.000000" />
  <attribute name="ProportionalH" value="9.000000" />
  <attribute name="Current Error" value="18.000000" />
  <attribute name="IntegralT" value="18.000000" />
  <attribute name="IntegralI" value="18.000000" />
  <attribute name="IntegralH" value="18.000000" />
  <attribute name="DerivativeT" value="-1.000000" />
  <attribute name="DerivativeI" value="-1.000000" />
  <attribute name="DerivativeH" value="-1.000000" />
  <attribute name="Loop Time for DT" value="1.000000" />
  <attribute name="Output H" value="8388608"/>
  <attribute name="Output I" value="200"/>
  <attribute name="Output T" value="4"/>
  <attribute name="Target GC Util Change" value ="20.000000" />
  <attribute name="Current GC Util Change" value="38.000000"/>
  <attribute name="GC Util currently" value="38" />
  <attribute name="CPU Util currently" value="5553143805292" />
<allocation-satisfied id="1176" threadId="00000000014C6700" bytesRequested="140160" />
<af-end id="1177" timestamp="2019-06-14T20:05:48.026" threadId="00000000014C7088" success="true" from="nursery"/>
<exclusive-end id="1178" timestamp="2019-06-14T20:05:48.026" durationms="0.675" />

<exclusive-start id="1179" timestamp="2019-06-14T20:05:48.026" intervalms="0.837">
  <response-info timems="0.019" idlems="0.019" threads="0" lastid="00000000014C6700" lastname="main" />
</exclusive-start>
<af-start id="1180" threadId="00000000014C7088" totalBytesRequested="140848" timestamp="2019-06-14T20:05:48.026" intervalms="0.838" type="nursery" />
<cycle-start id="1181" type="scavenge" contextid="0" timestamp="2019-06-14T20:05:48.026" intervalms="0.837" />
<gc-start id="1182" type="scavenge" contextid="1181" timestamp="2019-06-14T20:05:48.026">
  <mem-info id="1183" free="4972160" total="8519680" percent="58">
    <mem type="nursery" free="112680" total="2228224" percent="5">
      <mem type="allocate" free="112680" total="1966080" percent="5" />
      <mem type="survivor" free="0" total="262144" percent="0" />
    </mem>
    <mem type="tenure" free="4859480" total="6291456" percent="77">
      <mem type="soa" free="4545112" total="5977088" percent="76" />
      <mem type="loa" free="314368" total="314368" percent="100" />
    </mem>
    <remembered-set count="56" />
  </mem-info>
</gc-start>
<allocation-stats totalBytes="1744152" >
  <allocated-bytes non-tlh="1686808" tlh="57344" />
  <largest-consumer threadName="main" threadId="00000000014C6700" bytes="1744152" />
</allocation-stats>
<gc-op id="1184" type="scavenge" timems="0.138" contextid="1181" timestamp="2019-06-14T20:05:48.027">
  <scavenger-info tenureage="14" tenuremask="4000" tiltratio="88" />
  <memory-copied type="nursery" objects="2" bytes="70448" bytesdiscarded="39144" />
</gc-op>
<gc-end id="1185" type="scavenge" contextid="1181" durationms="0.295" usertimems="0.000" systemtimems="0.000" timestamp="2019-06-14T20:05:48.027" activeThreads="4">
  <mem-info id="1186" free="6715968" total="8519680" percent="78">
    <mem type="nursery" free="1856488" total="2228224" percent="83">
      <mem type="allocate" free="1856488" total="1966080" percent="94" />
      <mem type="survivor" free="0" total="262144" percent="0" />
    </mem>
    <mem type="tenure" free="4859480" total="6291456" percent="77">
      <mem type="soa" free="4545112" total="5977088" percent="76" />
      <mem type="loa" free="314368" total="314368" percent="100" />
    </mem>
    <remembered-set count="56" />
  </mem-info>
</gc-end>
<cycle-end id="1187" type="scavenge" contextid="1181" timestamp="2019-06-14T20:05:48.027" />
  <attribute name="elasticGC enabled" value="1" />
  <attribute name= "numThreadsSpecified" value="4" />
  <attribute name="heapSize specified" value="0" />
  <attribute name="Current GC Util" value="38" />
  <attribute name= "Current Time Running" value="796" />
  <attribute name ="GC Interval" value="200" />
  <attribute name="ProportionalT" value="9.000000" />
  <attribute name="ProportionalI" value="9.000000" />
  <attribute name="ProportionalH" value="9.000000" />
  <attribute name="Current Error" value="18.000000" />
  <attribute name="IntegralT" value="18.000000" />
  <attribute name="IntegralI" value="18.000000" />
  <attribute name="IntegralH" value="18.000000" />
  <attribute name="DerivativeT" value="0.000000" />
  <attribute name="DerivativeI" value="0.000000" />
  <attribute name="DerivativeH" value="0.000000" />
  <attribute name="Loop Time for DT" value="1.000000" />
  <attribute name="Output H" value="8388608"/>
  <attribute name="Output I" value="200"/>
  <attribute name="Output T" value="4"/>
  <attribute name="Target GC Util Change" value ="20.000000" />
  <attribute name="Current GC Util Change" value="38.000000"/>
  <attribute name="GC Util currently" value="38" />
  <attribute name="CPU Util currently" value="5526306286434" />
<allocation-satisfied id="1188" threadId="00000000014C6700" bytesRequested="140848" />
<af-end id="1189" timestamp="2019-06-14T20:05:48.027" threadId="00000000014C7088" success="true" from="nursery"/>
<exclusive-end id="1190" timestamp="2019-06-14T20:05:48.027" durationms="0.679" />

<exclusive-start id="1191" timestamp="2019-06-14T20:05:48.027" intervalms="0.845">
  <response-info timems="0.023" idlems="0.023" threads="0" lastid="00000000014C6700" lastname="main" />
</exclusive-start>
<af-start id="1192" threadId="00000000014C7088" totalBytesRequested="141696" timestamp="2019-06-14T20:05:48.027" intervalms="0.845" type="nursery" />
<cycle-start id="1193" type="scavenge" contextid="0" timestamp="2019-06-14T20:05:48.027" intervalms="0.848" />
<gc-start id="1194" type="scavenge" contextid="1193" timestamp="2019-06-14T20:05:48.027">
  <mem-info id="1195" free="4962632" total="8519680" percent="58">
    <mem type="nursery" free="103152" total="2228224" percent="4">
      <mem type="allocate" free="103152" total="1966080" percent="5" />
      <mem type="survivor" free="0" total="262144" percent="0" />
    </mem>
    <mem type="tenure" free="4859480" total="6291456" percent="77">
      <mem type="soa" free="4545112" total="5977088" percent="76" />
      <mem type="loa" free="314368" total="314368" percent="100" />
    </mem>
    <remembered-set count="56" />
  </mem-info>
</gc-start>
<allocation-stats totalBytes="1753336" >
  <allocated-bytes non-tlh="1695992" tlh="57344" />
  <largest-consumer threadName="main" threadId="00000000014C6700" bytes="1753336" />
</allocation-stats>
<gc-op id="1196" type="scavenge" timems="0.136" contextid="1193" timestamp="2019-06-14T20:05:48.027">
  <scavenger-info tenureage="14" tenuremask="4000" tiltratio="88" />
  <memory-copied type="nursery" objects="2" bytes="70872" bytesdiscarded="39144" />
</gc-op>
<gc-end id="1197" type="scavenge" contextid="1193" durationms="0.293" usertimems="0.000" systemtimems="0.000" timestamp="2019-06-14T20:05:48.027" activeThreads="4">
  <mem-info id="1198" free="6715544" total="8519680" percent="78">
    <mem type="nursery" free="1856064" total="2228224" percent="83">
      <mem type="allocate" free="1856064" total="1966080" percent="94" />
      <mem type="survivor" free="0" total="262144" percent="0" />
    </mem>
    <mem type="tenure" free="4859480" total="6291456" percent="77">
      <mem type="soa" free="4545112" total="5977088" percent="76" />
      <mem type="loa" free="314368" total="314368" percent="100" />
    </mem>
    <remembered-set count="56" />
  </mem-info>
</gc-end>
<cycle-end id="1199" type="scavenge" contextid="1193" timestamp="2019-06-14T20:05:48.027" />
  <attribute name="elasticGC enabled" value="1" />
  <attribute name= "numThreadsSpecified" value="4" />
  <attribute name="heapSize specified" value="0" />
  <attribute name="Current GC Util" value="38" />
  <attribute name= "Current Time Running" value="797" />
  <attribute name ="GC Interval" value="200" />
  <attribute name="ProportionalT" value="9.000000" />
  <attribute name="ProportionalI" value="9.000000" />
  <attribute name="ProportionalH" value="9.000000" />
  <attribute name="Current Error" value="18.000000" />
  <attribute name="IntegralT" value="18.000000" />
  <attribute name="IntegralI" value="18.000000" />
  <attribute name="IntegralH" value="18.000000" />
  <attribute name="DerivativeT" value="0.000000" />
  <attribute name="DerivativeI" value="0.000000" />
  <attribute name="DerivativeH" value="0.000000" />
  <attribute name="Loop Time for DT" value="1.000000" />
  <attribute name="Output H" value="8388608"/>
  <attribute name="Output I" value="200"/>
  <attribute name="Output T" value="4"/>
  <attribute name="Target GC Util Change" value ="20.000000" />
  <attribute name="Current GC Util Change" value="38.000000"/>
  <attribute name="GC Util currently" value="38" />
  <attribute name="CPU Util currently" value="5437090766340" />
<allocation-satisfied id="1200" threadId="00000000014C6700" bytesRequested="141696" />
<af-end id="1201" timestamp="2019-06-14T20:05:48.028" threadId="00000000014C7088" success="true" from="nursery"/>
<exclusive-end id="1202" timestamp="2019-06-14T20:05:48.028" durationms="0.683" />

<exclusive-start id="1203" timestamp="2019-06-14T20:05:48.028" intervalms="0.852">
  <response-info timems="0.023" idlems="0.023" threads="0" lastid="00000000014C6700" lastname="main" />
</exclusive-start>
<af-start id="1204" threadId="00000000014C7088" totalBytesRequested="142576" timestamp="2019-06-14T20:05:48.028" intervalms="0.851" type="nursery" />
<cycle-start id="1205" type="scavenge" contextid="0" timestamp="2019-06-14T20:05:48.028" intervalms="0.848" />
<gc-start id="1206" type="scavenge" contextid="1205" timestamp="2019-06-14T20:05:48.028">
  <mem-info id="1207" free="4951896" total="8519680" percent="58">
    <mem type="nursery" free="92416" total="2228224" percent="4">
      <mem type="allocate" free="92416" total="1966080" percent="4" />
      <mem type="survivor" free="0" total="262144" percent="0" />
    </mem>
    <mem type="tenure" free="4859480" total="6291456" percent="77">
      <mem type="soa" free="4545112" total="5977088" percent="76" />
      <mem type="loa" free="314368" total="314368" percent="100" />
    </mem>
    <remembered-set count="56" />
  </mem-info>
</gc-start>
<allocation-stats totalBytes="1763648" >
  <allocated-bytes non-tlh="1706304" tlh="57344" />
  <largest-consumer threadName="main" threadId="00000000014C6700" bytes="1763648" />
</allocation-stats>
<gc-op id="1208" type="scavenge" timems="0.111" contextid="1205" timestamp="2019-06-14T20:05:48.028">
  <scavenger-info tenureage="14" tenuremask="4000" tiltratio="88" />
  <memory-copied type="nursery" objects="2" bytes="71312" bytesdiscarded="39144" />
</gc-op>
<gc-end id="1209" type="scavenge" contextid="1205" durationms="0.267" usertimems="0.000" systemtimems="0.000" timestamp="2019-06-14T20:05:48.028" activeThreads="4">
  <mem-info id="1210" free="6715104" total="8519680" percent="78">
    <mem type="nursery" free="1855624" total="2228224" percent="83">
      <mem type="allocate" free="1855624" total="1966080" percent="94" />
      <mem type="survivor" free="0" total="262144" percent="0" />
    </mem>
    <mem type="tenure" free="4859480" total="6291456" percent="77">
      <mem type="soa" free="4545112" total="5977088" percent="76" />
      <mem type="loa" free="314368" total="314368" percent="100" />
    </mem>
    <remembered-set count="56" />
  </mem-info>
</gc-end>
<cycle-end id="1211" type="scavenge" contextid="1205" timestamp="2019-06-14T20:05:48.028" />
  <attribute name="elasticGC enabled" value="1" />
  <attribute name= "numThreadsSpecified" value="4" />
  <attribute name="heapSize specified" value="0" />
  <attribute name="Current GC Util" value="37" />
  <attribute name= "Current Time Running" value="797" />
  <attribute name ="GC Interval" value="200" />
  <attribute name="ProportionalT" value="8.500000" />
  <attribute name="ProportionalI" value="8.500000" />
  <attribute name="ProportionalH" value="8.500000" />
  <attribute name="Current Error" value="17.000000" />
  <attribute name="IntegralT" value="0.000000" />
  <attribute name="IntegralI" value="0.000000" />
  <attribute name="IntegralH" value="0.000000" />
  <attribute name="DerivativeT" value="-inf" />
  <attribute name="DerivativeI" value="-inf" />
  <attribute name="DerivativeH" value="-inf" />
  <attribute name="Loop Time for DT" value="0.000000" />
  <attribute name="Output H" value="2092630016"/>
  <attribute name="Output I" value="200"/>
  <attribute name="Output T" value="4"/>
  <attribute name="Target GC Util Change" value ="20.000000" />
  <attribute name="Current GC Util Change" value="37.000000"/>
  <attribute name="GC Util currently" value="37" />
  <attribute name="CPU Util currently" value="5454466553155" />
<allocation-satisfied id="1212" threadId="00000000014C6700" bytesRequested="142576" />
<af-end id="1213" timestamp="2019-06-14T20:05:48.028" threadId="00000000014C7088" success="true" from="nursery"/>
<exclusive-end id="1214" timestamp="2019-06-14T20:05:48.028" durationms="0.649" />

<exclusive-start id="1215" timestamp="2019-06-14T20:05:48.029" intervalms="0.814">
  <response-info timems="0.023" idlems="0.023" threads="0" lastid="00000000014C6700" lastname="main" />
</exclusive-start>
<af-start id="1216" threadId="00000000014C7088" totalBytesRequested="143528" timestamp="2019-06-14T20:05:48.029" intervalms="0.814" type="nursery" />
<cycle-start id="1217" type="scavenge" contextid="0" timestamp="2019-06-14T20:05:48.029" intervalms="0.815" />
<gc-start id="1218" type="scavenge" contextid="1217" timestamp="2019-06-14T20:05:48.029">
  <mem-info id="1219" free="4940120" total="8519680" percent="57">
    <mem type="nursery" free="80640" total="2228224" percent="3">
      <mem type="allocate" free="80640" total="1966080" percent="4" />
      <mem type="survivor" free="0" total="262144" percent="0" />
    </mem>
    <mem type="tenure" free="4859480" total="6291456" percent="77">
      <mem type="soa" free="4545112" total="5977088" percent="76" />
      <mem type="loa" free="314368" total="314368" percent="100" />
    </mem>
    <remembered-set count="56" />
  </mem-info>
</gc-start>
<allocation-stats totalBytes="1774984" >
  <allocated-bytes non-tlh="1717640" tlh="57344" />
  <largest-consumer threadName="main" threadId="00000000014C6700" bytes="1774984" />
</allocation-stats>
<gc-op id="1220" type="scavenge" timems="0.135" contextid="1217" timestamp="2019-06-14T20:05:48.029">
  <scavenger-info tenureage="14" tenuremask="4000" tiltratio="88" />
  <memory-copied type="nursery" objects="2" bytes="71792" bytesdiscarded="39144" />
</gc-op>
<gc-end id="1221" type="scavenge" contextid="1217" durationms="0.293" usertimems="0.000" systemtimems="0.000" timestamp="2019-06-14T20:05:48.029" activeThreads="4">
  <mem-info id="1222" free="6714624" total="8519680" percent="78">
    <mem type="nursery" free="1855144" total="2228224" percent="83">
      <mem type="allocate" free="1855144" total="1966080" percent="94" />
      <mem type="survivor" free="0" total="262144" percent="0" />
    </mem>
    <mem type="tenure" free="4859480" total="6291456" percent="77">
      <mem type="soa" free="4545112" total="5977088" percent="76" />
      <mem type="loa" free="314368" total="314368" percent="100" />
    </mem>
    <remembered-set count="56" />
  </mem-info>
</gc-end>
<cycle-end id="1223" type="scavenge" contextid="1217" timestamp="2019-06-14T20:05:48.029" />
  <attribute name="elasticGC enabled" value="1" />
  <attribute name= "numThreadsSpecified" value="4" />
  <attribute name="heapSize specified" value="0" />
  <attribute name="Current GC Util" value="38" />
  <attribute name= "Current Time Running" value="798" />
  <attribute name ="GC Interval" value="200" />
  <attribute name="ProportionalT" value="9.000000" />
  <attribute name="ProportionalI" value="9.000000" />
  <attribute name="ProportionalH" value="9.000000" />
  <attribute name="Current Error" value="18.000000" />
  <attribute name="IntegralT" value="18.000000" />
  <attribute name="IntegralI" value="18.000000" />
  <attribute name="IntegralH" value="18.000000" />
  <attribute name="DerivativeT" value="0.500000" />
  <attribute name="DerivativeI" value="0.500000" />
  <attribute name="DerivativeH" value="0.500000" />
  <attribute name="Loop Time for DT" value="1.000000" />
  <attribute name="Output H" value="8388608"/>
  <attribute name="Output I" value="200"/>
  <attribute name="Output T" value="4"/>
  <attribute name="Target GC Util Change" value ="20.000000" />
  <attribute name="Current GC Util Change" value="38.000000"/>
  <attribute name="GC Util currently" value="38" />
  <attribute name="CPU Util currently" value="5633412388593" />
<allocation-satisfied id="1224" threadId="00000000014C6700" bytesRequested="143528" />
<af-end id="1225" timestamp="2019-06-14T20:05:48.029" threadId="00000000014C7088" success="true" from="nursery"/>
<exclusive-end id="1226" timestamp="2019-06-14T20:05:48.029" durationms="0.675" />

<exclusive-start id="1227" timestamp="2019-06-14T20:05:48.029" intervalms="0.845">
  <response-info timems="0.024" idlems="0.024" threads="0" lastid="00000000014C6700" lastname="main" />
</exclusive-start>
<af-start id="1228" threadId="00000000014C7088" totalBytesRequested="144344" timestamp="2019-06-14T20:05:48.030" intervalms="0.846" type="nursery" />
<cycle-start id="1229" type="scavenge" contextid="0" timestamp="2019-06-14T20:05:48.030" intervalms="0.843" />
<gc-start id="1230" type="scavenge" contextid="1229" timestamp="2019-06-14T20:05:48.030">
  <mem-info id="1231" free="4929128" total="8519680" percent="57">
    <mem type="nursery" free="69648" total="2228224" percent="3">
      <mem type="allocate" free="69648" total="1966080" percent="3" />
      <mem type="survivor" free="0" total="262144" percent="0" />
    </mem>
    <mem type="tenure" free="4859480" total="6291456" percent="77">
      <mem type="soa" free="4545112" total="5977088" percent="76" />
      <mem type="loa" free="314368" total="314368" percent="100" />
    </mem>
    <remembered-set count="56" />
  </mem-info>
</gc-start>
<allocation-stats totalBytes="1785496" >
  <allocated-bytes non-tlh="1728152" tlh="57344" />
  <largest-consumer threadName="main" threadId="00000000014C6700" bytes="1785496" />
</allocation-stats>
<gc-op id="1232" type="scavenge" timems="0.111" contextid="1229" timestamp="2019-06-14T20:05:48.030">
  <scavenger-info tenureage="14" tenuremask="4000" tiltratio="88" />
  <memory-copied type="nursery" objects="2" bytes="72200" bytesdiscarded="39144" />
</gc-op>
<gc-end id="1233" type="scavenge" contextid="1229" durationms="0.268" usertimems="0.000" systemtimems="0.000" timestamp="2019-06-14T20:05:48.030" activeThreads="4">
  <mem-info id="1234" free="6714216" total="8519680" percent="78">
    <mem type="nursery" free="1854736" total="2228224" percent="83">
      <mem type="allocate" free="1854736" total="1966080" percent="94" />
      <mem type="survivor" free="0" total="262144" percent="0" />
    </mem>
    <mem type="tenure" free="4859480" total="6291456" percent="77">
      <mem type="soa" free="4545112" total="5977088" percent="76" />
      <mem type="loa" free="314368" total="314368" percent="100" />
    </mem>
    <remembered-set count="56" />
  </mem-info>
</gc-end>
<cycle-end id="1235" type="scavenge" contextid="1229" timestamp="2019-06-14T20:05:48.030" />
  <attribute name="elasticGC enabled" value="1" />
  <attribute name= "numThreadsSpecified" value="4" />
  <attribute name="heapSize specified" value="0" />
  <attribute name="Current GC Util" value="37" />
  <attribute name= "Current Time Running" value="799" />
  <attribute name ="GC Interval" value="200" />
  <attribute name="ProportionalT" value="8.500000" />
  <attribute name="ProportionalI" value="8.500000" />
  <attribute name="ProportionalH" value="8.500000" />
  <attribute name="Current Error" value="17.000000" />
  <attribute name="IntegralT" value="17.000000" />
  <attribute name="IntegralI" value="17.000000" />
  <attribute name="IntegralH" value="17.000000" />
  <attribute name="DerivativeT" value="-0.500000" />
  <attribute name="DerivativeI" value="-0.500000" />
  <attribute name="DerivativeH" value="-0.500000" />
  <attribute name="Loop Time for DT" value="1.000000" />
  <attribute name="Output H" value="8388608"/>
  <attribute name="Output I" value="200"/>
  <attribute name="Output T" value="4"/>
  <attribute name="Target GC Util Change" value ="20.000000" />
  <attribute name="Current GC Util Change" value="37.000000"/>
  <attribute name="GC Util currently" value="37" />
  <attribute name="CPU Util currently" value="5474968025385" />
<allocation-satisfied id="1236" threadId="00000000014C6700" bytesRequested="144344" />
<af-end id="1237" timestamp="2019-06-14T20:05:48.030" threadId="00000000014C7088" success="true" from="nursery"/>
<exclusive-end id="1238" timestamp="2019-06-14T20:05:48.030" durationms="0.652" />

<exclusive-start id="1239" timestamp="2019-06-14T20:05:48.030" intervalms="0.817">
  <response-info timems="0.024" idlems="0.024" threads="0" lastid="00000000014C6700" lastname="main" />
</exclusive-start>
<af-start id="1240" threadId="00000000014C7088" totalBytesRequested="145248" timestamp="2019-06-14T20:05:48.030" intervalms="0.815" type="nursery" />
<cycle-start id="1241" type="scavenge" contextid="0" timestamp="2019-06-14T20:05:48.030" intervalms="0.819" />
<gc-start id="1242" type="scavenge" contextid="1241" timestamp="2019-06-14T20:05:48.030">
  <mem-info id="1243" free="4918352" total="8519680" percent="57">
    <mem type="nursery" free="58872" total="2228224" percent="2">
      <mem type="allocate" free="58872" total="1966080" percent="2" />
      <mem type="survivor" free="0" total="262144" percent="0" />
    </mem>
    <mem type="tenure" free="4859480" total="6291456" percent="77">
      <mem type="soa" free="4545112" total="5977088" percent="76" />
      <mem type="loa" free="314368" total="314368" percent="100" />
    </mem>
    <remembered-set count="56" />
  </mem-info>
</gc-start>
<allocation-stats totalBytes="1795864" >
  <allocated-bytes non-tlh="1738520" tlh="57344" />
  <largest-consumer threadName="main" threadId="00000000014C6700" bytes="1795864" />
</allocation-stats>
<gc-op id="1244" type="scavenge" timems="0.110" contextid="1241" timestamp="2019-06-14T20:05:48.031">
  <scavenger-info tenureage="14" tenuremask="4000" tiltratio="88" />
  <memory-copied type="nursery" objects="2" bytes="72648" bytesdiscarded="39144" />
</gc-op>
<gc-end id="1245" type="scavenge" contextid="1241" durationms="0.268" usertimems="4.000" systemtimems="0.000" timestamp="2019-06-14T20:05:48.031" activeThreads="4">
  <mem-info id="1246" free="6713768" total="8519680" percent="78">
    <mem type="nursery" free="1854288" total="2228224" percent="83">
      <mem type="allocate" free="1854288" total="1966080" percent="94" />
      <mem type="survivor" free="0" total="262144" percent="0" />
    </mem>
    <mem type="tenure" free="4859480" total="6291456" percent="77">
      <mem type="soa" free="4545112" total="5977088" percent="76" />
      <mem type="loa" free="314368" total="314368" percent="100" />
    </mem>
    <remembered-set count="56" />
  </mem-info>
</gc-end>
<cycle-end id="1247" type="scavenge" contextid="1241" timestamp="2019-06-14T20:05:48.031" />
  <attribute name="elasticGC enabled" value="1" />
  <attribute name= "numThreadsSpecified" value="4" />
  <attribute name="heapSize specified" value="0" />
  <attribute name="Current GC Util" value="38" />
  <attribute name= "Current Time Running" value="800" />
  <attribute name ="GC Interval" value="200" />
  <attribute name="ProportionalT" value="9.000000" />
  <attribute name="ProportionalI" value="9.000000" />
  <attribute name="ProportionalH" value="9.000000" />
  <attribute name="Current Error" value="18.000000" />
  <attribute name="IntegralT" value="18.000000" />
  <attribute name="IntegralI" value="18.000000" />
  <attribute name="IntegralH" value="18.000000" />
  <attribute name="DerivativeT" value="0.500000" />
  <attribute name="DerivativeI" value="0.500000" />
  <attribute name="DerivativeH" value="0.500000" />
  <attribute name="Loop Time for DT" value="1.000000" />
  <attribute name="Output H" value="8388608"/>
  <attribute name="Output I" value="200"/>
  <attribute name="Output T" value="4"/>
  <attribute name="Target GC Util Change" value ="20.000000" />
  <attribute name="Current GC Util Change" value="38.000000"/>
  <attribute name="GC Util currently" value="38" />
  <attribute name="CPU Util currently" value="5607908537041" />
<allocation-satisfied id="1248" threadId="00000000014C6700" bytesRequested="145248" />
<af-end id="1249" timestamp="2019-06-14T20:05:48.031" threadId="00000000014C7088" success="true" from="nursery"/>
<exclusive-end id="1250" timestamp="2019-06-14T20:05:48.031" durationms="0.847" />

<exclusive-start id="1251" timestamp="2019-06-14T20:05:48.031" intervalms="1.091">
  <response-info timems="0.057" idlems="0.057" threads="0" lastid="00000000014C6700" lastname="main" />
</exclusive-start>
<af-start id="1252" threadId="00000000014C7088" totalBytesRequested="146088" timestamp="2019-06-14T20:05:48.031" intervalms="1.094" type="nursery" />
<cycle-start id="1253" type="scavenge" contextid="0" timestamp="2019-06-14T20:05:48.031" intervalms="1.096" />
<gc-start id="1254" type="scavenge" contextid="1253" timestamp="2019-06-14T20:05:48.032">
  <mem-info id="1255" free="4907304" total="8519680" percent="57">
    <mem type="nursery" free="47824" total="2228224" percent="2">
      <mem type="allocate" free="47824" total="1966080" percent="2" />
      <mem type="survivor" free="0" total="262144" percent="0" />
    </mem>
    <mem type="tenure" free="4859480" total="6291456" percent="77">
      <mem type="soa" free="4545112" total="5977088" percent="76" />
      <mem type="loa" free="314368" total="314368" percent="100" />
    </mem>
    <remembered-set count="56" />
  </mem-info>
</gc-start>
<allocation-stats totalBytes="1806464" >
  <allocated-bytes non-tlh="1749120" tlh="57344" />
  <largest-consumer threadName="main" threadId="00000000014C6700" bytes="1806464" />
</allocation-stats>
<gc-op id="1256" type="scavenge" timems="0.138" contextid="1253" timestamp="2019-06-14T20:05:48.032">
  <scavenger-info tenureage="14" tenuremask="4000" tiltratio="88" />
  <memory-copied type="nursery" objects="2" bytes="73072" bytesdiscarded="39144" />
</gc-op>
<gc-end id="1257" type="scavenge" contextid="1253" durationms="0.296" usertimems="0.000" systemtimems="0.000" timestamp="2019-06-14T20:05:48.032" activeThreads="4">
  <mem-info id="1258" free="6713344" total="8519680" percent="78">
    <mem type="nursery" free="1853864" total="2228224" percent="83">
      <mem type="allocate" free="1853864" total="1966080" percent="94" />
      <mem type="survivor" free="0" total="262144" percent="0" />
    </mem>
    <mem type="tenure" free="4859480" total="6291456" percent="77">
      <mem type="soa" free="4545112" total="5977088" percent="76" />
      <mem type="loa" free="314368" total="314368" percent="100" />
    </mem>
    <remembered-set count="56" />
  </mem-info>
</gc-end>
<cycle-end id="1259" type="scavenge" contextid="1253" timestamp="2019-06-14T20:05:48.032" />
  <attribute name="elasticGC enabled" value="1" />
  <attribute name= "numThreadsSpecified" value="4" />
  <attribute name="heapSize specified" value="0" />
  <attribute name="Current GC Util" value="29" />
  <attribute name= "Current Time Running" value="801" />
  <attribute name ="GC Interval" value="200" />
  <attribute name="ProportionalT" value="4.500000" />
  <attribute name="ProportionalI" value="4.500000" />
  <attribute name="ProportionalH" value="4.500000" />
  <attribute name="Current Error" value="9.000000" />
  <attribute name="IntegralT" value="9.000000" />
  <attribute name="IntegralI" value="9.000000" />
  <attribute name="IntegralH" value="9.000000" />
  <attribute name="DerivativeT" value="-4.500000" />
  <attribute name="DerivativeI" value="-4.500000" />
  <attribute name="DerivativeH" value="-4.500000" />
  <attribute name="Loop Time for DT" value="1.000000" />
  <attribute name="Output H" value="8388608"/>
  <attribute name="Output I" value="200"/>
  <attribute name="Output T" value="4"/>
  <attribute name="Target GC Util Change" value ="20.000000" />
  <attribute name="Current GC Util Change" value="29.000000"/>
  <attribute name="GC Util currently" value="29" />
  <attribute name="CPU Util currently" value="4220658856631" />
<allocation-satisfied id="1260" threadId="00000000014C6700" bytesRequested="146088" />
<af-end id="1261" timestamp="2019-06-14T20:05:48.032" threadId="00000000014C7088" success="true" from="nursery"/>
<exclusive-end id="1262" timestamp="2019-06-14T20:05:48.032" durationms="0.686" />

<exclusive-start id="1263" timestamp="2019-06-14T20:05:48.032" intervalms="0.906">
  <response-info timems="0.024" idlems="0.024" threads="0" lastid="00000000014C6700" lastname="main" />
</exclusive-start>
<sys-start reason="explicit" id="1264" timestamp="2019-06-14T20:05:48.032" intervalms="927.171" />
<cycle-start id="1265" type="global" contextid="0" timestamp="2019-06-14T20:05:48.032" intervalms="927.302" />
<gc-start id="1266" type="global" contextid="1265" timestamp="2019-06-14T20:05:48.033">
  <mem-info id="1267" free="5265080" total="8519680" percent="61">
    <mem type="nursery" free="405600" total="2228224" percent="18">
      <mem type="allocate" free="405600" total="1966080" percent="20" />
      <mem type="survivor" free="0" total="262144" percent="0" />
    </mem>
    <mem type="tenure" free="4859480" total="6291456" percent="77">
      <mem type="soa" free="4545112" total="5977088" percent="76" />
      <mem type="loa" free="314368" total="314368" percent="100" />
    </mem>
    <remembered-set count="56" />
  </mem-info>
</gc-start>
<allocation-stats totalBytes="1448264" >
  <allocated-bytes non-tlh="1390920" tlh="57344" />
  <largest-consumer threadName="main" threadId="00000000014C6700" bytes="1448264" />
</allocation-stats>
<gc-op id="1268" type="mark" timems="1.336" contextid="1265" timestamp="2019-06-14T20:05:48.034">
  <trace-info objectcount="18969" scancount="15684" scanbytes="514516" />
  <finalization candidates="45" enqueued="0" />
  <ownableSynchronizers candidates="1" cleared="0" />
  <references type="soft" candidates="66" cleared="0" enqueued="0" dynamicThreshold="32" maxThreshold="32" />
  <references type="weak" candidates="396" cleared="28" enqueued="14" />
  <references type="phantom" candidates="50" cleared="0" enqueued="0" />
  <stringconstants candidates="2485" cleared="0"  />
</gc-op>
<gc-op id="1269" type="classunload" timems="0.043" contextid="1265" timestamp="2019-06-14T20:05:48.034">
  <classunload-info classloadercandidates="6" classloadersunloaded="0" classesunloaded="0" anonymousclassesunloaded="0" quiescems="0.188" setupms="0.042" scanms="0.000" postms="0.001" />
</gc-op>
<gc-op id="1270" type="sweep" timems="0.664" contextid="1265" timestamp="2019-06-14T20:05:48.035" />
<mem-info id="1271" free="6995744" total="8519680" percent="82">
  <mem type="nursery" free="1887824" total="2228224" percent="84">
    <mem type="allocate" free="1887824" total="1966080" percent="96" />
    <mem type="survivor" free="0" total="262144" percent="0" />
  </mem>
  <mem type="tenure" free="5107920" total="6291456" percent="81" micro-fragmented="0" macro-fragmented="0">
    <mem type="soa" free="4793552" total="5977088" percent="80" />
    <mem type="loa" free="314368" total="314368" percent="100" />
  </mem>
  <pending-finalizers system="0" default="0" reference="14" classloader="0" />
  <remembered-set count="54" />
</mem-info>
<gc-op id="1272" type="compact" timems="3.933" contextid="1265" timestamp="2019-06-14T20:05:48.039">
  <compact-info movecount="14546" movebytes="1068672" reason="compact to aid heap contraction" />
</gc-op>
<heap-resize id="1273" type="contract" space="tenure" amount="131072" count="1" timems="0.245" reason="heap reconfiguration" timestamp="2019-06-14T20:05:48.040" />
<gc-end id="1274" type="global" contextid="1265" durationms="7.491" usertimems="4.000" systemtimems="4.000" timestamp="2019-06-14T20:05:48.040" activeThreads="4">
  <mem-info id="1275" free="6873984" total="8388608" percent="81">
    <mem type="nursery" free="1890912" total="2228224" percent="84">
      <mem type="allocate" free="1890912" total="1966080" percent="96" />
      <mem type="survivor" free="0" total="262144" percent="0" />
    </mem>
    <mem type="tenure" free="4983072" total="6160384" percent="80">
      <mem type="soa" free="4675872" total="5853184" percent="79" />
      <mem type="loa" free="307200" total="307200" percent="100" />
    </mem>
    <pending-finalizers system="0" default="0" reference="14" classloader="0" />
    <remembered-set count="54" />
  </mem-info>
</gc-end>
<cycle-end id="1276" type="global" contextid="1265" timestamp="2019-06-14T20:05:48.040" />
  <attribute name="elasticGC enabled" value="1" />
  <attribute name= "numThreadsSpecified" value="4" />
  <attribute name="heapSize specified" value="8519680" />
  <attribute name="Current GC Util" value="22" />
  <attribute name= "Current Time Running" value="809" />
  <attribute name ="GC Interval" value="200" />
  <attribute name="ProportionalT" value="1.000000" />
  <attribute name="ProportionalI" value="1.000000" />
  <attribute name="ProportionalH" value="1.000000" />
  <attribute name="Current Error" value="2.000000" />
  <attribute name="IntegralT" value="8.000000" />
  <attribute name="IntegralI" value="8.000000" />
  <attribute name="IntegralH" value="8.000000" />
  <attribute name="DerivativeT" value="0.250000" />
  <attribute name="DerivativeI" value="0.250000" />
  <attribute name="DerivativeH" value="0.250000" />
  <attribute name="Loop Time for DT" value="4.000000" />
  <attribute name="Output H" value="8388608"/>
  <attribute name="Output I" value="200"/>
  <attribute name="Output T" value="4"/>
  <attribute name="Target GC Util Change" value ="20.000000" />
  <attribute name="Current GC Util Change" value="22.000000"/>
  <attribute name="GC Util currently" value="22" />
  <attribute name="CPU Util currently" value="1132018777585" />
<sys-end id="1277" timestamp="2019-06-14T20:05:48.040" />
<exclusive-end id="1278" timestamp="2019-06-14T20:05:48.040" durationms="8.126" />

<exclusive-start id="1279" timestamp="2019-06-14T20:05:48.481" intervalms="449.190">
  <response-info timems="0.054" idlems="0.054" threads="0" lastid="00000000014C6700" lastname="main" />
</exclusive-start>
<af-start id="1280" threadId="00000000014C7088" totalBytesRequested="23168" timestamp="2019-06-14T20:05:48.482" intervalms="450.135" type="nursery" />
<cycle-start id="1281" type="scavenge" contextid="0" timestamp="2019-06-14T20:05:48.482" intervalms="450.146" />
<gc-start id="1282" type="scavenge" contextid="1281" timestamp="2019-06-14T20:05:48.482">
  <mem-info id="1283" free="4957328" total="8388608" percent="59">
    <mem type="nursery" free="0" total="2228224" percent="0">
      <mem type="allocate" free="0" total="1966080" percent="0" />
      <mem type="survivor" free="0" total="262144" percent="0" />
    </mem>
    <mem type="tenure" free="4957328" total="6160384" percent="80">
      <mem type="soa" free="4650128" total="5853184" percent="79" />
      <mem type="loa" free="307200" total="307200" percent="100" />
    </mem>
    <remembered-set count="433" />
  </mem-info>
</gc-start>
<allocation-stats totalBytes="1911896" >
  <allocated-bytes non-tlh="25744" tlh="1886152" />
  <largest-consumer threadName="main" threadId="00000000014C6700" bytes="1907800" />
</allocation-stats>
<gc-op id="1284" type="scavenge" timems="0.425" contextid="1281" timestamp="2019-06-14T20:05:48.482">
  <scavenger-info tenureage="14" tenuremask="4000" tiltratio="88" />
  <memory-copied type="nursery" objects="3215" bytes="231280" bytesdiscarded="30792" />
  <memory-copied type="tenure" objects="285" bytes="13304" bytesdiscarded="0" />
  <copy-failed type="nursery" objects="285" bytes="13304" />
  <ownableSynchronizers candidates="2" cleared="2" />
  <references type="soft" candidates="2" cleared="0" enqueued="0" dynamicThreshold="25" maxThreshold="32" />
  <references type="weak" candidates="49" cleared="45" enqueued="45" />
  <references type="phantom" candidates="7" cleared="2" enqueued="2" />
</gc-op>
<gc-end id="1285" type="scavenge" contextid="1281" durationms="0.611" usertimems="0.000" systemtimems="0.000" timestamp="2019-06-14T20:05:48.482" activeThreads="4">
  <mem-info id="1286" free="6425488" total="8388608" percent="76">
    <mem type="nursery" free="1507328" total="2228224" percent="67">
      <mem type="allocate" free="1507328" total="1769472" percent="85" />
      <mem type="survivor" free="0" total="458752" percent="0" />
    </mem>
    <mem type="tenure" free="4918160" total="6160384" percent="79">
      <mem type="soa" free="4610960" total="5853184" percent="78" />
      <mem type="loa" free="307200" total="307200" percent="100" />
    </mem>
    <pending-finalizers system="0" default="0" reference="47" classloader="0" />
    <remembered-set count="439" />
  </mem-info>
</gc-end>
<cycle-end id="1287" type="scavenge" contextid="1281" timestamp="2019-06-14T20:05:48.482" />
  <attribute name="elasticGC enabled" value="1" />
  <attribute name= "numThreadsSpecified" value="4" />
  <attribute name="heapSize specified" value="8519680" />
  <attribute name="Current GC Util" value="1" />
  <attribute name= "Current Time Running" value="1251" />
  <attribute name ="GC Interval" value="200" />
  <attribute name="ProportionalT" value="-9.500000" />
  <attribute name="ProportionalI" value="-9.500000" />
  <attribute name="ProportionalH" value="-9.500000" />
  <attribute name="Current Error" value="-19.000000" />
  <attribute name="IntegralT" value="-8398.000000" />
  <attribute name="IntegralI" value="-8398.000000" />
  <attribute name="IntegralH" value="-8398.000000" />
  <attribute name="DerivativeT" value="-0.023756" />
  <attribute name="DerivativeI" value="-0.023756" />
  <attribute name="DerivativeH" value="-0.023756" />
  <attribute name="Loop Time for DT" value="442.000000" />
  <attribute name="Output H" value="2092630016"/>
  <attribute name="Output I" value="200"/>
  <attribute name="Output T" value="4"/>
  <attribute name="Target GC Util Change" value ="20.000000" />
  <attribute name="Current GC Util Change" value="1.000000"/>
  <attribute name="GC Util currently" value="1" />
  <attribute name="CPU Util currently" value="3" />
<allocation-satisfied id="1288" threadId="00000000014C6700" bytesRequested="23168" />
<af-end id="1289" timestamp="2019-06-14T20:05:48.483" threadId="00000000014C7088" success="true" from="nursery"/>
<exclusive-end id="1290" timestamp="2019-06-14T20:05:48.483" durationms="1.121" />

<exclusive-start id="1291" timestamp="2019-06-14T20:05:48.514" intervalms="32.520">
  <response-info timems="0.031" idlems="0.031" threads="0" lastid="00000000014C6700" lastname="main" />
</exclusive-start>
<af-start id="1292" threadId="00000000014C7088" totalBytesRequested="1224" timestamp="2019-06-14T20:05:48.514" intervalms="32.504" type="nursery" />
<cycle-start id="1293" type="scavenge" contextid="0" timestamp="2019-06-14T20:05:48.514" intervalms="32.496" />
<gc-start id="1294" type="scavenge" contextid="1293" timestamp="2019-06-14T20:05:48.514">
  <mem-info id="1295" free="4892808" total="8388608" percent="58">
    <mem type="nursery" free="0" total="2228224" percent="0">
      <mem type="allocate" free="0" total="1769472" percent="0" />
      <mem type="survivor" free="0" total="458752" percent="0" />
    </mem>
    <mem type="tenure" free="4892808" total="6160384" percent="79">
      <mem type="soa" free="4585608" total="5853184" percent="78" />
      <mem type="loa" free="307200" total="307200" percent="100" />
    </mem>
    <remembered-set count="686" />
  </mem-info>
</gc-start>
<allocation-stats totalBytes="1529960" >
  <allocated-bytes non-tlh="48520" tlh="1481440" />
  <largest-consumer threadName="main" threadId="00000000014C6700" bytes="1525864" />
</allocation-stats>
<gc-op id="1296" type="scavenge" timems="0.411" contextid="1293" timestamp="2019-06-14T20:05:48.515">
  <scavenger-info tenureage="14" tenuremask="4000" tiltratio="79" />
  <memory-copied type="nursery" objects="3277" bytes="227624" bytesdiscarded="72232" />
  <references type="soft" candidates="2" cleared="0" enqueued="0" dynamicThreshold="25" maxThreshold="32" />
  <references type="weak" candidates="13" cleared="9" enqueued="9" />
  <references type="phantom" candidates="5" cleared="0" enqueued="0" />
</gc-op>
<gc-end id="1297" type="scavenge" contextid="1293" durationms="0.587" usertimems="0.000" systemtimems="0.000" timestamp="2019-06-14T20:05:48.515" activeThreads="4">
  <mem-info id="1298" free="6362344" total="8388608" percent="75">
    <mem type="nursery" free="1469536" total="2228224" percent="65">
      <mem type="allocate" free="1469536" total="1769472" percent="83" />
      <mem type="survivor" free="0" total="458752" percent="0" />
    </mem>
    <mem type="tenure" free="4892808" total="6160384" percent="79">
      <mem type="soa" free="4585608" total="5853184" percent="78" />
      <mem type="loa" free="307200" total="307200" percent="100" />
    </mem>
    <pending-finalizers system="0" default="0" reference="9" classloader="0" />
    <remembered-set count="680" />
  </mem-info>
</gc-end>
<cycle-end id="1299" type="scavenge" contextid="1293" timestamp="2019-06-14T20:05:48.515" />
  <attribute name="elasticGC enabled" value="1" />
  <attribute name= "numThreadsSpecified" value="4" />
  <attribute name="heapSize specified" value="8519680" />
  <attribute name="Current GC Util" value="2" />
  <attribute name= "Current Time Running" value="1284" />
  <attribute name ="GC Interval" value="200" />
  <attribute name="ProportionalT" value="-9.000000" />
  <attribute name="ProportionalI" value="-9.000000" />
  <attribute name="ProportionalH" value="-9.000000" />
  <attribute name="Current Error" value="-18.000000" />
  <attribute name="IntegralT" value="-594.000000" />
  <attribute name="IntegralI" value="-594.000000" />
  <attribute name="IntegralH" value="-594.000000" />
  <attribute name="DerivativeT" value="-0.272727" />
  <attribute name="DerivativeI" value="-0.272727" />
  <attribute name="DerivativeH" value="-0.272727" />
  <attribute name="Loop Time for DT" value="33.000000" />
  <attribute name="Output H" value="2092630016"/>
  <attribute name="Output I" value="200"/>
  <attribute name="Output T" value="4"/>
  <attribute name="Target GC Util Change" value ="20.000000" />
  <attribute name="Current GC Util Change" value="2.000000"/>
  <attribute name="GC Util currently" value="2" />
  <attribute name="CPU Util currently" value="141969404798" />
<allocation-satisfied id="1300" threadId="00000000014C6700" bytesRequested="1224" />
<af-end id="1301" timestamp="2019-06-14T20:05:48.515" threadId="00000000014C7088" success="true" from="nursery"/>
<exclusive-end id="1302" timestamp="2019-06-14T20:05:48.515" durationms="1.024" />

<exclusive-start id="1303" timestamp="2019-06-14T20:05:48.573" intervalms="58.611">
  <response-info timems="0.074" idlems="0.074" threads="0" lastid="00000000014C6700" lastname="main" />
</exclusive-start>
<af-start id="1304" threadId="00000000014C7088" totalBytesRequested="1032" timestamp="2019-06-14T20:05:48.573" intervalms="58.616" type="nursery" />
<cycle-start id="1305" type="scavenge" contextid="0" timestamp="2019-06-14T20:05:48.573" intervalms="58.645" />
<gc-start id="1306" type="scavenge" contextid="1305" timestamp="2019-06-14T20:05:48.573">
  <mem-info id="1307" free="4859208" total="8388608" percent="57">
    <mem type="nursery" free="0" total="2228224" percent="0">
      <mem type="allocate" free="0" total="1769472" percent="0" />
      <mem type="survivor" free="0" total="458752" percent="0" />
    </mem>
    <mem type="tenure" free="4859208" total="6160384" percent="78">
      <mem type="soa" free="4552008" total="5853184" percent="77" />
      <mem type="loa" free="307200" total="307200" percent="100" />
    </mem>
    <remembered-set count="1083" />
  </mem-info>
</gc-start>
<allocation-stats totalBytes="1501208" >
  <allocated-bytes non-tlh="34824" tlh="1466384" />
  <largest-consumer threadName="main" threadId="00000000014C6700" bytes="1501208" />
</allocation-stats>
<gc-op id="1308" type="scavenge" timems="0.484" contextid="1305" timestamp="2019-06-14T20:05:48.573">
  <scavenger-info tenureage="14" tenuremask="4000" tiltratio="79" />
  <memory-copied type="nursery" objects="4777" bytes="425352" bytesdiscarded="33312" />
  <memory-copied type="tenure" objects="1153" bytes="41112" bytesdiscarded="0" />
  <copy-failed type="nursery" objects="1153" bytes="41168" />
  <references type="soft" candidates="2" cleared="0" enqueued="0" dynamicThreshold="25" maxThreshold="32" />
  <references type="weak" candidates="12" cleared="7" enqueued="7" />
  <references type="phantom" candidates="5" cleared="0" enqueued="0" />
</gc-op>
<gc-end id="1309" type="scavenge" contextid="1305" durationms="0.668" usertimems="0.000" systemtimems="4.000" timestamp="2019-06-14T20:05:48.574" activeThreads="4">
  <mem-info id="1310" free="5710920" total="8388608" percent="68">
    <mem type="nursery" free="983040" total="2228224" percent="44">
      <mem type="allocate" free="983040" total="1441792" percent="68" />
      <mem type="survivor" free="0" total="786432" percent="0" />
    </mem>
    <mem type="tenure" free="4727880" total="6160384" percent="76">
      <mem type="soa" free="4420680" total="5853184" percent="75" />
      <mem type="loa" free="307200" total="307200" percent="100" />
    </mem>
    <pending-finalizers system="0" default="0" reference="7" classloader="0" />
    <remembered-set count="810" />
  </mem-info>
</gc-end>
<cycle-end id="1311" type="scavenge" contextid="1305" timestamp="2019-06-14T20:05:48.574" />
  <attribute name="elasticGC enabled" value="1" />
  <attribute name= "numThreadsSpecified" value="4" />
  <attribute name="heapSize specified" value="8519680" />
  <attribute name="Current GC Util" value="1" />
  <attribute name= "Current Time Running" value="1342" />
  <attribute name ="GC Interval" value="200" />
  <attribute name="ProportionalT" value="-9.500000" />
  <attribute name="ProportionalI" value="-9.500000" />
  <attribute name="ProportionalH" value="-9.500000" />
  <attribute name="Current Error" value="-19.000000" />
  <attribute name="IntegralT" value="-1102.000000" />
  <attribute name="IntegralI" value="-1102.000000" />
  <attribute name="IntegralH" value="-1102.000000" />
  <attribute name="DerivativeT" value="-0.163793" />
  <attribute name="DerivativeI" value="-0.163793" />
  <attribute name="DerivativeH" value="-0.163793" />
  <attribute name="Loop Time for DT" value="58.000000" />
  <attribute name="Output H" value="2092630016"/>
  <attribute name="Output I" value="200"/>
  <attribute name="Output T" value="4"/>
  <attribute name="Target GC Util Change" value ="20.000000" />
  <attribute name="Current GC Util Change" value="1.000000"/>
  <attribute name="GC Util currently" value="1" />
  <attribute name="CPU Util currently" value="78625453343" />
<allocation-satisfied id="1312" threadId="00000000014C6700" bytesRequested="1032" />
<af-end id="1313" timestamp="2019-06-14T20:05:48.574" threadId="00000000014C7088" success="true" from="nursery"/>
<exclusive-end id="1314" timestamp="2019-06-14T20:05:48.574" durationms="1.166" />

<exclusive-start id="1315" timestamp="2019-06-14T20:05:48.605" intervalms="32.193">
  <response-info timems="0.025" idlems="0.025" threads="0" lastid="00000000014C6700" lastname="main" />
</exclusive-start>
<af-start id="1316" threadId="00000000014C7088" totalBytesRequested="984" timestamp="2019-06-14T20:05:48.605" intervalms="32.186" type="nursery" />
<cycle-start id="1317" type="scavenge" contextid="0" timestamp="2019-06-14T20:05:48.605" intervalms="32.159" />
<gc-start id="1318" type="scavenge" contextid="1317" timestamp="2019-06-14T20:05:48.605">
  <mem-info id="1319" free="4705000" total="8388608" percent="56">
    <mem type="nursery" free="0" total="2228224" percent="0">
      <mem type="allocate" free="0" total="1441792" percent="0" />
      <mem type="survivor" free="0" total="786432" percent="0" />
    </mem>
    <mem type="tenure" free="4705000" total="6160384" percent="76">
      <mem type="soa" free="4397800" total="5853184" percent="75" />
      <mem type="loa" free="307200" total="307200" percent="100" />
    </mem>
    <remembered-set count="1045" />
  </mem-info>
</gc-start>
<allocation-stats totalBytes="1002048" >
  <allocated-bytes non-tlh="23912" tlh="978136" />
  <largest-consumer threadName="main" threadId="00000000014C6700" bytes="1002048" />
</allocation-stats>
<gc-op id="1320" type="scavenge" timems="0.462" contextid="1317" timestamp="2019-06-14T20:05:48.606">
  <scavenger-info tenureage="3" tenuremask="4008" tiltratio="64" />
  <memory-copied type="nursery" objects="2212" bytes="219488" bytesdiscarded="113384" />
  <memory-copied type="tenure" objects="2750" bytes="203888" bytesdiscarded="32" />
  <references type="weak" candidates="1" cleared="1" enqueued="1" />
</gc-op>
<gc-end id="1321" type="scavenge" contextid="1317" durationms="0.646" usertimems="0.000" systemtimems="4.000" timestamp="2019-06-14T20:05:48.606" activeThreads="4">
  <mem-info id="1322" free="5639040" total="8388608" percent="67">
    <mem type="nursery" free="1174424" total="2228224" percent="52">
      <mem type="allocate" free="1174424" total="1507328" percent="77" />
      <mem type="survivor" free="0" total="720896" percent="0" />
    </mem>
    <mem type="tenure" free="4464616" total="6160384" percent="72">
      <mem type="soa" free="4157416" total="5853184" percent="71" />
      <mem type="loa" free="307200" total="307200" percent="100" />
    </mem>
    <pending-finalizers system="0" default="0" reference="1" classloader="0" />
    <remembered-set count="786" />
  </mem-info>
</gc-end>
<cycle-end id="1323" type="scavenge" contextid="1317" timestamp="2019-06-14T20:05:48.606" />
  <attribute name="elasticGC enabled" value="1" />
  <attribute name= "numThreadsSpecified" value="4" />
  <attribute name="heapSize specified" value="8519680" />
  <attribute name="Current GC Util" value="3" />
  <attribute name= "Current Time Running" value="1374" />
  <attribute name ="GC Interval" value="200" />
  <attribute name="ProportionalT" value="-8.500000" />
  <attribute name="ProportionalI" value="-8.500000" />
  <attribute name="ProportionalH" value="-8.500000" />
  <attribute name="Current Error" value="-17.000000" />
  <attribute name="IntegralT" value="-544.000000" />
  <attribute name="IntegralI" value="-544.000000" />
  <attribute name="IntegralH" value="-544.000000" />
  <attribute name="DerivativeT" value="-0.265625" />
  <attribute name="DerivativeI" value="-0.265625" />
  <attribute name="DerivativeH" value="-0.265625" />
  <attribute name="Loop Time for DT" value="32.000000" />
  <attribute name="Output H" value="2092630016"/>
  <attribute name="Output I" value="200"/>
  <attribute name="Output T" value="4"/>
  <attribute name="Target GC Util Change" value ="20.000000" />
  <attribute name="Current GC Util Change" value="3.000000"/>
  <attribute name="GC Util currently" value="3" />
  <attribute name="CPU Util currently" value="143419928571" />
<allocation-satisfied id="1324" threadId="00000000014C6700" bytesRequested="984" />
<af-end id="1325" timestamp="2019-06-14T20:05:48.606" threadId="00000000014C7088" success="true" from="nursery"/>
<exclusive-end id="1326" timestamp="2019-06-14T20:05:48.606" durationms="1.084" />

<exclusive-start id="1327" timestamp="2019-06-14T20:05:48.875" intervalms="270.109">
  <response-info timems="0.021" idlems="0.021" threads="0" lastid="00000000014C6700" lastname="main" />
</exclusive-start>
<af-start id="1328" threadId="00000000014C7088" totalBytesRequested="32" timestamp="2019-06-14T20:05:48.875" intervalms="270.122" type="nursery" />
<cycle-start id="1329" type="scavenge" contextid="0" timestamp="2019-06-14T20:05:48.875" intervalms="270.128" />
<gc-start id="1330" type="scavenge" contextid="1329" timestamp="2019-06-14T20:05:48.875">
  <mem-info id="1331" free="4445544" total="8388608" percent="52">
    <mem type="nursery" free="0" total="2228224" percent="0">
      <mem type="allocate" free="0" total="1507328" percent="0" />
      <mem type="survivor" free="0" total="720896" percent="0" />
    </mem>
    <mem type="tenure" free="4445544" total="6160384" percent="72">
      <mem type="soa" free="4138344" total="5853184" percent="70" />
      <mem type="loa" free="307200" total="307200" percent="100" />
    </mem>
    <remembered-set count="1073" />
  </mem-info>
</gc-start>
<allocation-stats totalBytes="1192528" >
  <allocated-bytes non-tlh="20056" tlh="1172472" />
  <largest-consumer threadName="main" threadId="00000000014C6700" bytes="1192528" />
</allocation-stats>
<gc-op id="1332" type="scavenge" timems="0.694" contextid="1329" timestamp="2019-06-14T20:05:48.876">
  <scavenger-info tenureage="14" tenuremask="4000" tiltratio="67" />
  <memory-copied type="nursery" objects="5526" bytes="426512" bytesdiscarded="99520" />
  <finalization candidates="5" enqueued="0" />
  <references type="soft" candidates="1" cleared="0" enqueued="0" dynamicThreshold="25" maxThreshold="32" />
  <references type="weak" candidates="105" cleared="35" enqueued="24" />
  <references type="phantom" candidates="2" cleared="1" enqueued="1" />
</gc-op>
<gc-end id="1333" type="scavenge" contextid="1329" durationms="0.882" usertimems="0.000" systemtimems="0.000" timestamp="2019-06-14T20:05:48.876" activeThreads="4">
  <mem-info id="1334" free="5426808" total="8388608" percent="64">
    <mem type="nursery" free="981264" total="2228224" percent="44">
      <mem type="allocate" free="981264" total="1507328" percent="65" />
      <mem type="survivor" free="0" total="720896" percent="0" />
    </mem>
    <mem type="tenure" free="4445544" total="6160384" percent="72">
      <mem type="soa" free="4138344" total="5853184" percent="70" />
      <mem type="loa" free="307200" total="307200" percent="100" />
    </mem>
    <pending-finalizers system="0" default="0" reference="25" classloader="0" />
    <remembered-set count="734" />
  </mem-info>
</gc-end>
<cycle-end id="1335" type="scavenge" contextid="1329" timestamp="2019-06-14T20:05:48.876" />
  <attribute name="elasticGC enabled" value="1" />
  <attribute name= "numThreadsSpecified" value="4" />
  <attribute name="heapSize specified" value="8519680" />
  <attribute name="Current GC Util" value="0" />
  <attribute name= "Current Time Running" value="1645" />
  <attribute name ="GC Interval" value="200" />
  <attribute name="ProportionalT" value="-10.000000" />
  <attribute name="ProportionalI" value="-10.000000" />
  <attribute name="ProportionalH" value="-10.000000" />
  <attribute name="Current Error" value="-20.000000" />
  <attribute name="IntegralT" value="-5420.000000" />
  <attribute name="IntegralI" value="-5420.000000" />
  <attribute name="IntegralH" value="-5420.000000" />
  <attribute name="DerivativeT" value="-0.036900" />
  <attribute name="DerivativeI" value="-0.036900" />
  <attribute name="DerivativeH" value="-0.036900" />
  <attribute name="Loop Time for DT" value="271.000000" />
  <attribute name="Output H" value="2092630016"/>
  <attribute name="Output I" value="200"/>
  <attribute name="Output T" value="4"/>
  <attribute name="Target GC Util Change" value ="20.000000" />
  <attribute name="Current GC Util Change" value="0.000000"/>
  <attribute name="GC Util currently" value="0" />
  <attribute name="CPU Util currently" value="17071573829" />
<allocation-satisfied id="1336" threadId="00000000014C6700" bytesRequested="32" />
<af-end id="1337" timestamp="2019-06-14T20:05:48.876" threadId="00000000014C7088" success="true" from="nursery"/>
<exclusive-end id="1338" timestamp="2019-06-14T20:05:48.876" durationms="1.353" />

<exclusive-start id="1339" timestamp="2019-06-14T20:05:49.376" intervalms="501.579">
  <response-info timems="0.028" idlems="0.028" threads="0" lastid="00000000014C6700" lastname="main" />
</exclusive-start>
<af-start id="1340" threadId="00000000014C7088" totalBytesRequested="168" timestamp="2019-06-14T20:05:49.377" intervalms="501.579" type="nursery" />
<cycle-start id="1341" type="scavenge" contextid="0" timestamp="2019-06-14T20:05:49.377" intervalms="501.575" />
<gc-start id="1342" type="scavenge" contextid="1341" timestamp="2019-06-14T20:05:49.377">
  <mem-info id="1343" free="4445544" total="8388608" percent="52">
    <mem type="nursery" free="0" total="2228224" percent="0">
      <mem type="allocate" free="0" total="1507328" percent="0" />
      <mem type="survivor" free="0" total="720896" percent="0" />
    </mem>
    <mem type="tenure" free="4445544" total="6160384" percent="72">
      <mem type="soa" free="4138344" total="5853184" percent="70" />
      <mem type="loa" free="307200" total="307200" percent="100" />
    </mem>
    <remembered-set count="739" />
  </mem-info>
</gc-start>
<allocation-stats totalBytes="980248" >
  <allocated-bytes non-tlh="32" tlh="980216" />
  <largest-consumer threadName="main" threadId="00000000014C6700" bytes="968416" />
</allocation-stats>
<gc-op id="1344" type="scavenge" timems="0.593" contextid="1341" timestamp="2019-06-14T20:05:49.377">
  <scavenger-info tenureage="14" tenuremask="4000" tiltratio="67" />
  <memory-copied type="nursery" objects="5767" bytes="453592" bytesdiscarded="142656" />
  <finalization candidates="5" enqueued="0" />
  <references type="soft" candidates="1" cleared="0" enqueued="0" dynamicThreshold="25" maxThreshold="32" />
  <references type="weak" candidates="70" cleared="0" enqueued="0" />
  <references type="phantom" candidates="1" cleared="0" enqueued="0" />
</gc-op>
<gc-end id="1345" type="scavenge" contextid="1341" durationms="0.773" usertimems="0.000" systemtimems="0.000" timestamp="2019-06-14T20:05:49.377" activeThreads="4">
  <mem-info id="1346" free="5487664" total="8388608" percent="65">
    <mem type="nursery" free="1042120" total="2228224" percent="46">
      <mem type="allocate" free="1042120" total="1638400" percent="63" />
      <mem type="survivor" free="0" total="589824" percent="0" />
    </mem>
    <mem type="tenure" free="4445544" total="6160384" percent="72">
      <mem type="soa" free="4138344" total="5853184" percent="70" />
      <mem type="loa" free="307200" total="307200" percent="100" />
    </mem>
    <remembered-set count="610" />
  </mem-info>
</gc-end>
<cycle-end id="1347" type="scavenge" contextid="1341" timestamp="2019-06-14T20:05:49.378" />
  <attribute name="elasticGC enabled" value="1" />
  <attribute name= "numThreadsSpecified" value="4" />
  <attribute name="heapSize specified" value="8519680" />
  <attribute name="Current GC Util" value="0" />
  <attribute name= "Current Time Running" value="2146" />
  <attribute name ="GC Interval" value="200" />
  <attribute name="ProportionalT" value="-10.000000" />
  <attribute name="ProportionalI" value="-10.000000" />
  <attribute name="ProportionalH" value="-10.000000" />
  <attribute name="Current Error" value="-20.000000" />
  <attribute name="IntegralT" value="-10020.000000" />
  <attribute name="IntegralI" value="-10020.000000" />
  <attribute name="IntegralH" value="-10020.000000" />
  <attribute name="DerivativeT" value="-0.019960" />
  <attribute name="DerivativeI" value="-0.019960" />
  <attribute name="DerivativeH" value="-0.019960" />
  <attribute name="Loop Time for DT" value="501.000000" />
  <attribute name="Output H" value="2092630016"/>
  <attribute name="Output I" value="200"/>
  <attribute name="Output T" value="4"/>
  <attribute name="Target GC Util Change" value ="20.000000" />
  <attribute name="Current GC Util Change" value="0.000000"/>
  <attribute name="GC Util currently" value="0" />
  <attribute name="CPU Util currently" value="5" />
<allocation-satisfied id="1348" threadId="00000000014C6700" bytesRequested="168" />
<af-end id="1349" timestamp="2019-06-14T20:05:49.378" threadId="00000000014C7088" success="true" from="nursery"/>
<exclusive-end id="1350" timestamp="2019-06-14T20:05:49.378" durationms="1.273" />

<exclusive-start id="1351" timestamp="2019-06-14T20:05:49.679" intervalms="302.406">
  <response-info timems="0.035" idlems="0.035" threads="0" lastid="00000000014C6700" lastname="main" />
</exclusive-start>
<af-start id="1352" threadId="00000000014C7088" totalBytesRequested="152" timestamp="2019-06-14T20:05:49.679" intervalms="302.437" type="nursery" />
<cycle-start id="1353" type="scavenge" contextid="0" timestamp="2019-06-14T20:05:49.679" intervalms="302.476" />
<gc-start id="1354" type="scavenge" contextid="1353" timestamp="2019-06-14T20:05:49.679">
  <mem-info id="1355" free="4445168" total="8388608" percent="52">
    <mem type="nursery" free="0" total="2228224" percent="0">
      <mem type="allocate" free="0" total="1638400" percent="0" />
      <mem type="survivor" free="0" total="589824" percent="0" />
    </mem>
    <mem type="tenure" free="4445168" total="6160384" percent="72">
      <mem type="soa" free="4137968" total="5853184" percent="70" />
      <mem type="loa" free="307200" total="307200" percent="100" />
    </mem>
    <remembered-set count="618" />
  </mem-info>
</gc-start>
<allocation-stats totalBytes="1041680" >
  <allocated-bytes non-tlh="544" tlh="1041136" />
  <largest-consumer threadName="main" threadId="00000000014C6700" bytes="1041680" />
</allocation-stats>
<gc-op id="1356" type="scavenge" timems="0.789" contextid="1353" timestamp="2019-06-14T20:05:49.680">
  <scavenger-info tenureage="4" tenuremask="4010" tiltratio="73" />
  <memory-copied type="nursery" objects="4839" bytes="325760" bytesdiscarded="18288" />
  <memory-copied type="tenure" objects="1728" bytes="193592" bytesdiscarded="56" />
  <finalization candidates="5" enqueued="0" />
  <references type="soft" candidates="1" cleared="0" enqueued="0" dynamicThreshold="25" maxThreshold="32" />
  <references type="weak" candidates="70" cleared="0" enqueued="0" />
  <references type="phantom" candidates="1" cleared="0" enqueued="0" />
</gc-op>
<gc-end id="1357" type="scavenge" contextid="1353" durationms="1.084" usertimems="0.000" systemtimems="0.000" timestamp="2019-06-14T20:05:49.680" activeThreads="4">
  <mem-info id="1358" free="5572992" total="8388608" percent="66">
    <mem type="nursery" free="1294336" total="2228224" percent="58">
      <mem type="allocate" free="1294336" total="1638400" percent="79" />
      <mem type="survivor" free="0" total="589824" percent="0" />
    </mem>
    <mem type="tenure" free="4278656" total="6160384" percent="69">
      <mem type="soa" free="3971456" total="5853184" percent="67" />
      <mem type="loa" free="307200" total="307200" percent="100" />
    </mem>
    <remembered-set count="376" />
  </mem-info>
</gc-end>
<cycle-end id="1359" type="scavenge" contextid="1353" timestamp="2019-06-14T20:05:49.680" />
  <attribute name="elasticGC enabled" value="1" />
  <attribute name= "numThreadsSpecified" value="4" />
  <attribute name="heapSize specified" value="8519680" />
  <attribute name="Current GC Util" value="0" />
  <attribute name= "Current Time Running" value="2449" />
  <attribute name ="GC Interval" value="200" />
  <attribute name="ProportionalT" value="-10.000000" />
  <attribute name="ProportionalI" value="-10.000000" />
  <attribute name="ProportionalH" value="-10.000000" />
  <attribute name="Current Error" value="-20.000000" />
  <attribute name="IntegralT" value="-6060.000000" />
  <attribute name="IntegralI" value="-6060.000000" />
  <attribute name="IntegralH" value="-6060.000000" />
  <attribute name="DerivativeT" value="-0.033003" />
  <attribute name="DerivativeI" value="-0.033003" />
  <attribute name="DerivativeH" value="-0.033003" />
  <attribute name="Loop Time for DT" value="303.000000" />
  <attribute name="Output H" value="2092630016"/>
  <attribute name="Output I" value="200"/>
  <attribute name="Output T" value="4"/>
  <attribute name="Target GC Util Change" value ="20.000000" />
  <attribute name="Current GC Util Change" value="0.000000"/>
  <attribute name="GC Util currently" value="0" />
  <attribute name="CPU Util currently" value="9" />
<allocation-satisfied id="1360" threadId="00000000014C6700" bytesRequested="152" />
<af-end id="1361" timestamp="2019-06-14T20:05:49.681" threadId="00000000014C7088" success="true" from="nursery"/>
<exclusive-end id="1362" timestamp="2019-06-14T20:05:49.681" durationms="1.675" />

<exclusive-start id="1363" timestamp="2019-06-14T20:05:49.741" intervalms="62.165">
  <response-info timems="0.050" idlems="0.027" threads="1" lastid="00000000017E6000" lastname="PmdThread 4" />
</exclusive-start>
<af-start id="1364" threadId="00000000017DB188" totalBytesRequested="1400" timestamp="2019-06-14T20:05:49.741" intervalms="62.144" type="nursery" />
<cycle-start id="1365" type="scavenge" contextid="0" timestamp="2019-06-14T20:05:49.741" intervalms="62.109" />
<gc-start id="1366" type="scavenge" contextid="1365" timestamp="2019-06-14T20:05:49.741">
  <mem-info id="1367" free="4276160" total="8388608" percent="50">
    <mem type="nursery" free="0" total="2228224" percent="0">
      <mem type="allocate" free="0" total="1638400" percent="0" />
      <mem type="survivor" free="0" total="589824" percent="0" />
    </mem>
    <mem type="tenure" free="4276160" total="6160384" percent="69">
      <mem type="soa" free="3968960" total="5853184" percent="67" />
      <mem type="loa" free="307200" total="307200" percent="100" />
    </mem>
    <remembered-set count="435" />
  </mem-info>
</gc-start>
<allocation-stats totalBytes="1244416" >
  <allocated-bytes non-tlh="2648" tlh="1241768" />
  <largest-consumer threadName="PmdThread 1" threadId="00000000017D6C00" bytes="464024" />
</allocation-stats>
<gc-op id="1368" type="scavenge" timems="5.806" contextid="1365" timestamp="2019-06-14T20:05:49.747">
  <scavenger-info tenureage="3" tenuremask="4008" tiltratio="73" />
  <memory-copied type="nursery" objects="8617" bytes="589408" bytesdiscarded="304" />
  <memory-copied type="tenure" objects="6779" bytes="498040" bytesdiscarded="304" />
  <copy-failed type="nursery" objects="4295" bytes="338864" />
  <finalization candidates="6" enqueued="0" />
  <ownableSynchronizers candidates="7" cleared="0" />
  <references type="weak" candidates="341" cleared="188" enqueued="126" />
  <references type="phantom" candidates="2" cleared="0" enqueued="0" />
</gc-op>
<heap-resize id="1369" type="expand" space="nursery" amount="131072" count="1" timems="0.135" reason="excessive time being spent scavenging" timestamp="2019-06-14T20:05:49.748" />
<gc-end id="1370" type="scavenge" contextid="1365" durationms="6.498" usertimems="8.000" systemtimems="0.000" timestamp="2019-06-14T20:05:49.748" activeThreads="4">
  <mem-info id="1371" free="4393664" total="8519680" percent="51">
    <mem type="nursery" free="589824" total="2359296" percent="25">
      <mem type="allocate" free="589824" total="1179648" percent="50" />
      <mem type="survivor" free="0" total="1179648" percent="0" />
    </mem>
    <mem type="tenure" free="3803840" total="6160384" percent="61">
      <mem type="soa" free="3496640" total="5853184" percent="59" />
      <mem type="loa" free="307200" total="307200" percent="100" />
    </mem>
    <pending-finalizers system="0" default="0" reference="126" classloader="0" />
    <remembered-set count="869" />
  </mem-info>
</gc-end>
<cycle-end id="1372" type="scavenge" contextid="1365" timestamp="2019-06-14T20:05:49.748" />
  <attribute name="elasticGC enabled" value="1" />
  <attribute name= "numThreadsSpecified" value="4" />
  <attribute name="heapSize specified" value="8519680" />
  <attribute name="Current GC Util" value="2" />
  <attribute name= "Current Time Running" value="2511" />
  <attribute name ="GC Interval" value="200" />
  <attribute name="ProportionalT" value="-9.000000" />
  <attribute name="ProportionalI" value="-9.000000" />
  <attribute name="ProportionalH" value="-9.000000" />
  <attribute name="Current Error" value="-18.000000" />
  <attribute name="IntegralT" value="-1116.000000" />
  <attribute name="IntegralI" value="-1116.000000" />
  <attribute name="IntegralH" value="-1116.000000" />
  <attribute name="DerivativeT" value="-0.145161" />
  <attribute name="DerivativeI" value="-0.145161" />
  <attribute name="DerivativeH" value="-0.145161" />
  <attribute name="Loop Time for DT" value="62.000000" />
  <attribute name="Output H" value="2092630016"/>
  <attribute name="Output I" value="200"/>
  <attribute name="Output T" value="4"/>
  <attribute name="Target GC Util Change" value ="20.000000" />
  <attribute name="Current GC Util Change" value="2.000000"/>
  <attribute name="GC Util currently" value="2" />
  <attribute name="CPU Util currently" value="52" />
<allocation-satisfied id="1373" threadId="00000000017DA800" bytesRequested="1400" />
<af-end id="1374" timestamp="2019-06-14T20:05:49.748" threadId="00000000017DB188" success="true" from="nursery"/>
<exclusive-end id="1375" timestamp="2019-06-14T20:05:49.748" durationms="7.313" />

<exclusive-start id="1376" timestamp="2019-06-14T20:05:49.766" intervalms="24.742">
  <response-info timems="0.083" idlems="0.083" threads="0" lastid="00000000017DA800" lastname="PmdThread 2" />
</exclusive-start>
<af-start id="1377" threadId="00000000017DB188" totalBytesRequested="64520" timestamp="2019-06-14T20:05:49.766" intervalms="24.720" type="nursery" />
<cycle-start id="1378" type="scavenge" contextid="0" timestamp="2019-06-14T20:05:49.766" intervalms="24.738" />
<gc-start id="1379" type="scavenge" contextid="1378" timestamp="2019-06-14T20:05:49.766">
  <mem-info id="1380" free="3852440" total="8519680" percent="45">
    <mem type="nursery" free="53248" total="2359296" percent="2">
      <mem type="allocate" free="53248" total="1179648" percent="4" />
      <mem type="survivor" free="0" total="1179648" percent="0" />
    </mem>
    <mem type="tenure" free="3799192" total="6160384" percent="61">
      <mem type="soa" free="3491992" total="5853184" percent="59" />
      <mem type="loa" free="307200" total="307200" percent="100" />
    </mem>
    <remembered-set count="927" />
  </mem-info>
</gc-start>
<allocation-stats totalBytes="539592" >
  <allocated-bytes non-tlh="6048" tlh="533544" />
  <largest-consumer threadName="PmdThread 2" threadId="00000000017DA800" bytes="424904" />
</allocation-stats>
<gc-op id="1381" type="scavenge" timems="2.375" contextid="1378" timestamp="2019-06-14T20:05:49.769">
  <scavenger-info tenureage="5" tenuremask="ffe0" tiltratio="50" />
  <memory-copied type="nursery" objects="10053" bytes="733768" bytesdiscarded="116464" />
  <memory-copied type="tenure" objects="336" bytes="10776" bytesdiscarded="0" />
  <finalization candidates="1" enqueued="0" />
  <ownableSynchronizers candidates="7" cleared="0" />
  <references type="weak" candidates="154" cleared="0" enqueued="0" />
  <references type="phantom" candidates="4" cleared="0" enqueued="0" />
</gc-op>
<heap-resize id="1382" type="expand" space="nursery" amount="131072" count="1" timems="0.026" reason="excessive time being spent scavenging" timestamp="2019-06-14T20:05:49.769" />
<gc-end id="1383" type="scavenge" contextid="1378" durationms="2.662" usertimems="4.000" systemtimems="0.000" timestamp="2019-06-14T20:05:49.769" activeThreads="4">
  <mem-info id="1384" free="4194024" total="8650752" percent="48">
    <mem type="nursery" free="394832" total="2490368" percent="15">
      <mem type="allocate" free="394832" total="1245184" percent="31" />
      <mem type="survivor" free="0" total="1245184" percent="0" />
    </mem>
    <mem type="tenure" free="3799192" total="6160384" percent="61">
      <mem type="soa" free="3491992" total="5853184" percent="59" />
      <mem type="loa" free="307200" total="307200" percent="100" />
    </mem>
    <remembered-set count="233" />
  </mem-info>
</gc-end>
<cycle-end id="1385" type="scavenge" contextid="1378" timestamp="2019-06-14T20:05:49.769" />
  <attribute name="elasticGC enabled" value="1" />
  <attribute name= "numThreadsSpecified" value="4" />
  <attribute name="heapSize specified" value="8519680" />
  <attribute name="Current GC Util" value="24" />
  <attribute name= "Current Time Running" value="2535" />
  <attribute name ="GC Interval" value="200" />
  <attribute name="ProportionalT" value="2.000000" />
  <attribute name="ProportionalI" value="2.000000" />
  <attribute name="ProportionalH" value="2.000000" />
  <attribute name="Current Error" value="4.000000" />
  <attribute name="IntegralT" value="96.000000" />
  <attribute name="IntegralI" value="96.000000" />
  <attribute name="IntegralH" value="96.000000" />
  <attribute name="DerivativeT" value="0.083333" />
  <attribute name="DerivativeI" value="0.083333" />
  <attribute name="DerivativeH" value="0.083333" />
  <attribute name="Loop Time for DT" value="24.000000" />
  <attribute name="Output H" value="8388608"/>
  <attribute name="Output I" value="200"/>
  <attribute name="Output T" value="4"/>
  <attribute name="Target GC Util Change" value ="20.000000" />
  <attribute name="Current GC Util Change" value="24.000000"/>
  <attribute name="GC Util currently" value="24" />
  <attribute name="CPU Util currently" value="186410833310" />
<allocation-satisfied id="1386" threadId="00000000017DA800" bytesRequested="64520" />
<af-end id="1387" timestamp="2019-06-14T20:05:49.769" threadId="00000000017DB188" success="true" from="nursery"/>
<exclusive-end id="1388" timestamp="2019-06-14T20:05:49.769" durationms="3.147" />

<exclusive-start id="1389" timestamp="2019-06-14T20:05:49.780" intervalms="14.135">
  <response-info timems="0.097" idlems="0.097" threads="0" lastid="00000000017DA800" lastname="PmdThread 2" />
</exclusive-start>
<af-start id="1390" threadId="00000000017DB188" totalBytesRequested="130056" timestamp="2019-06-14T20:05:49.780" intervalms="14.151" type="nursery" />
<cycle-start id="1391" type="scavenge" contextid="0" timestamp="2019-06-14T20:05:49.780" intervalms="14.179" />
<gc-start id="1392" type="scavenge" contextid="1391" timestamp="2019-06-14T20:05:49.780">
  <mem-info id="1393" free="3915496" total="8650752" percent="45">
    <mem type="nursery" free="116304" total="2490368" percent="4">
      <mem type="allocate" free="116304" total="1245184" percent="9" />
      <mem type="survivor" free="0" total="1245184" percent="0" />
    </mem>
    <mem type="tenure" free="3799192" total="6160384" percent="61">
      <mem type="soa" free="3491992" total="5853184" percent="59" />
      <mem type="loa" free="307200" total="307200" percent="100" />
    </mem>
    <remembered-set count="234" />
  </mem-info>
</gc-start>
<allocation-stats totalBytes="278280" >
  <allocated-bytes non-tlh="64520" tlh="213760" />
  <largest-consumer threadName="PmdThread 1" threadId="00000000017D6C00" bytes="106464" />
</allocation-stats>
<gc-op id="1394" type="scavenge" timems="2.627" contextid="1391" timestamp="2019-06-14T20:05:49.783">
  <scavenger-info tenureage="2" tenuremask="fea4" tiltratio="50" />
  <memory-copied type="nursery" objects="4934" bytes="345368" bytesdiscarded="121912" />
  <memory-copied type="tenure" objects="6728" bytes="478648" bytesdiscarded="576" />
  <finalization candidates="1" enqueued="0" />
  <ownableSynchronizers candidates="7" cleared="0" />
  <references type="weak" candidates="1" cleared="0" enqueued="0" />
  <references type="phantom" candidates="2" cleared="0" enqueued="0" />
</gc-op>
<heap-resize id="1395" type="expand" space="nursery" amount="262144" count="1" timems="0.024" reason="excessive time being spent scavenging" timestamp="2019-06-14T20:05:49.783" />
<gc-end id="1396" type="scavenge" contextid="1391" durationms="2.881" usertimems="0.000" systemtimems="4.000" timestamp="2019-06-14T20:05:49.783" activeThreads="4">
  <mem-info id="1397" free="4161192" total="8912896" percent="46">
    <mem type="nursery" free="908912" total="2752512" percent="33">
      <mem type="allocate" free="908912" total="1376256" percent="66" />
      <mem type="survivor" free="0" total="1376256" percent="0" />
    </mem>
    <mem type="tenure" free="3252280" total="6160384" percent="52">
      <mem type="soa" free="2945080" total="5853184" percent="50" />
      <mem type="loa" free="307200" total="307200" percent="100" />
    </mem>
    <remembered-set count="267" />
  </mem-info>
</gc-end>
<cycle-end id="1398" type="scavenge" contextid="1391" timestamp="2019-06-14T20:05:49.783" />
  <attribute name="elasticGC enabled" value="1" />
  <attribute name= "numThreadsSpecified" value="4" />
  <attribute name="heapSize specified" value="8519680" />
  <attribute name="Current GC Util" value="21" />
  <attribute name= "Current Time Running" value="2550" />
  <attribute name ="GC Interval" value="200" />
  <attribute name="ProportionalT" value="0.500000" />
  <attribute name="ProportionalI" value="0.500000" />
  <attribute name="ProportionalH" value="0.500000" />
  <attribute name="Current Error" value="1.000000" />
  <attribute name="IntegralT" value="15.000000" />
  <attribute name="IntegralI" value="15.000000" />
  <attribute name="IntegralH" value="15.000000" />
  <attribute name="DerivativeT" value="-0.100000" />
  <attribute name="DerivativeI" value="-0.100000" />
  <attribute name="DerivativeH" value="-0.100000" />
  <attribute name="Loop Time for DT" value="15.000000" />
  <attribute name="Output H" value="8388608"/>
  <attribute name="Output I" value="200"/>
  <attribute name="Output T" value="4"/>
  <attribute name="Target GC Util Change" value ="20.000000" />
  <attribute name="Current GC Util Change" value="21.000000"/>
  <attribute name="GC Util currently" value="21" />
  <attribute name="CPU Util currently" value="326431305666" />
<allocation-satisfied id="1399" threadId="00000000017DA800" bytesRequested="130056" />
<af-end id="1400" timestamp="2019-06-14T20:05:49.783" threadId="00000000017DB188" success="true" from="nursery"/>
<exclusive-end id="1401" timestamp="2019-06-14T20:05:49.783" durationms="3.408" />

<exclusive-start id="1402" timestamp="2019-06-14T20:05:49.807" intervalms="27.488">
  <response-info timems="0.070" idlems="0.070" threads="0" lastid="00000000017E6000" lastname="PmdThread 4" />
</exclusive-start>
<af-start id="1403" threadId="00000000017E6988" totalBytesRequested="160" timestamp="2019-06-14T20:05:49.808" intervalms="27.482" type="nursery" />
<cycle-start id="1404" type="scavenge" contextid="0" timestamp="2019-06-14T20:05:49.808" intervalms="27.452" />
<gc-start id="1405" type="scavenge" contextid="1404" timestamp="2019-06-14T20:05:49.808">
  <mem-info id="1406" free="3247256" total="8912896" percent="36">
    <mem type="nursery" free="0" total="2752512" percent="0">
      <mem type="allocate" free="0" total="1376256" percent="0" />
      <mem type="survivor" free="0" total="1376256" percent="0" />
    </mem>
    <mem type="tenure" free="3247256" total="6160384" percent="52">
      <mem type="soa" free="2940056" total="5853184" percent="50" />
      <mem type="loa" free="307200" total="307200" percent="100" />
    </mem>
    <remembered-set count="385" />
  </mem-info>
</gc-start>
<allocation-stats totalBytes="894640" >
  <allocated-bytes non-tlh="419160" tlh="475480" />
  <largest-consumer threadName="PmdThread 2" threadId="00000000017DA800" bytes="425248" />
</allocation-stats>
<gc-op id="1407" type="scavenge" timems="2.544" contextid="1404" timestamp="2019-06-14T20:05:49.810">
  <scavenger-info tenureage="5" tenuremask="ffe0" tiltratio="50" />
  <memory-copied type="nursery" objects="8397" bytes="538296" bytesdiscarded="93656" />
  <memory-copied type="tenure" objects="11" bytes="6752" bytesdiscarded="0" />
  <references type="phantom" candidates="2" cleared="0" enqueued="0" />
</gc-op>
<gc-end id="1408" type="scavenge" contextid="1404" durationms="2.737" usertimems="4.000" systemtimems="4.000" timestamp="2019-06-14T20:05:49.810" activeThreads="4">
  <mem-info id="1409" free="4015808" total="8912896" percent="45">
    <mem type="nursery" free="809776" total="2752512" percent="29">
      <mem type="allocate" free="809776" total="1441792" percent="56" />
      <mem type="survivor" free="0" total="1310720" percent="0" />
    </mem>
    <mem type="tenure" free="3206032" total="6160384" percent="52">
      <mem type="soa" free="2898832" total="5853184" percent="49" />
      <mem type="loa" free="307200" total="307200" percent="100" />
    </mem>
    <remembered-set count="327" />
  </mem-info>
</gc-end>
<cycle-end id="1410" type="scavenge" contextid="1404" timestamp="2019-06-14T20:05:49.810" />
  <attribute name="elasticGC enabled" value="1" />
  <attribute name= "numThreadsSpecified" value="4" />
  <attribute name="heapSize specified" value="8519680" />
  <attribute name="Current GC Util" value="15" />
  <attribute name= "Current Time Running" value="2577" />
  <attribute name ="GC Interval" value="200" />
  <attribute name="ProportionalT" value="-2.500000" />
  <attribute name="ProportionalI" value="-2.500000" />
  <attribute name="ProportionalH" value="-2.500000" />
  <attribute name="Current Error" value="-5.000000" />
  <attribute name="IntegralT" value="-135.000000" />
  <attribute name="IntegralI" value="-135.000000" />
  <attribute name="IntegralH" value="-135.000000" />
  <attribute name="DerivativeT" value="-0.111111" />
  <attribute name="DerivativeI" value="-0.111111" />
  <attribute name="DerivativeH" value="-0.111111" />
  <attribute name="Loop Time for DT" value="27.000000" />
  <attribute name="Output H" value="2092630016"/>
  <attribute name="Output I" value="200"/>
  <attribute name="Output T" value="4"/>
  <attribute name="Target GC Util Change" value ="20.000000" />
  <attribute name="Current GC Util Change" value="15.000000"/>
  <attribute name="GC Util currently" value="15" />
  <attribute name="CPU Util currently" value="24" />
<allocation-satisfied id="1411" threadId="00000000017E6000" bytesRequested="160" />
<af-end id="1412" timestamp="2019-06-14T20:05:49.811" threadId="00000000017E6988" success="true" from="nursery"/>
<exclusive-end id="1413" timestamp="2019-06-14T20:05:49.811" durationms="3.242" />

<exclusive-start id="1414" timestamp="2019-06-14T20:05:49.828" intervalms="21.073">
  <response-info timems="0.618" idlems="0.393" threads="1" lastid="00000000017D6C00" lastname="PmdThread 1" />
</exclusive-start>
<af-start id="1415" threadId="00000000017E2D88" totalBytesRequested="8200" timestamp="2019-06-14T20:05:49.829" intervalms="21.090" type="nursery" />
<cycle-start id="1416" type="scavenge" contextid="0" timestamp="2019-06-14T20:05:49.829" intervalms="21.077" />
<gc-start id="1417" type="scavenge" contextid="1416" timestamp="2019-06-14T20:05:49.829">
  <mem-info id="1418" free="3205192" total="8912896" percent="35">
    <mem type="nursery" free="0" total="2752512" percent="0">
      <mem type="allocate" free="0" total="1441792" percent="0" />
      <mem type="survivor" free="0" total="1310720" percent="0" />
    </mem>
    <mem type="tenure" free="3205192" total="6160384" percent="52">
      <mem type="soa" free="2897992" total="5853184" percent="49" />
      <mem type="loa" free="307200" total="307200" percent="100" />
    </mem>
    <remembered-set count="349" />
  </mem-info>
</gc-start>
<allocation-stats totalBytes="805240" >
  <allocated-bytes non-tlh="1000" tlh="804240" />
  <largest-consumer threadName="PmdThread 3" threadId="00000000017E2400" bytes="290176" />
</allocation-stats>
<gc-op id="1419" type="scavenge" timems="1.119" contextid="1416" timestamp="2019-06-14T20:05:49.830">
  <scavenger-info tenureage="4" tenuremask="ffb0" tiltratio="52" />
  <memory-copied type="nursery" objects="11529" bytes="757048" bytesdiscarded="120856" />
  <memory-copied type="tenure" objects="1381" bytes="84272" bytesdiscarded="160" />
  <references type="phantom" candidates="3" cleared="0" enqueued="0" />
</gc-op>
<gc-end id="1420" type="scavenge" contextid="1416" durationms="1.502" usertimems="4.000" systemtimems="0.000" timestamp="2019-06-14T20:05:49.830" activeThreads="4">
  <mem-info id="1421" free="3725232" total="8912896" percent="41">
    <mem type="nursery" free="760424" total="2752512" percent="27">
      <mem type="allocate" free="760424" total="1638400" percent="46" />
      <mem type="survivor" free="0" total="1114112" percent="0" />
    </mem>
    <mem type="tenure" free="2964808" total="6160384" percent="48">
      <mem type="soa" free="2657608" total="5853184" percent="45" />
      <mem type="loa" free="307200" total="307200" percent="100" />
    </mem>
    <remembered-set count="301" />
  </mem-info>
</gc-end>
<cycle-end id="1422" type="scavenge" contextid="1416" timestamp="2019-06-14T20:05:49.830" />
  <attribute name="elasticGC enabled" value="1" />
  <attribute name= "numThreadsSpecified" value="4" />
  <attribute name="heapSize specified" value="8519680" />
  <attribute name="Current GC Util" value="17" />
  <attribute name= "Current Time Running" value="2598" />
  <attribute name ="GC Interval" value="200" />
  <attribute name="ProportionalT" value="-1.500000" />
  <attribute name="ProportionalI" value="-1.500000" />
  <attribute name="ProportionalH" value="-1.500000" />
  <attribute name="Current Error" value="-3.000000" />
  <attribute name="IntegralT" value="-63.000000" />
  <attribute name="IntegralI" value="-63.000000" />
  <attribute name="IntegralH" value="-63.000000" />
  <attribute name="DerivativeT" value="-0.071429" />
  <attribute name="DerivativeI" value="-0.071429" />
  <attribute name="DerivativeH" value="-0.071429" />
  <attribute name="Loop Time for DT" value="21.000000" />
  <attribute name="Output H" value="2092630016"/>
  <attribute name="Output I" value="200"/>
  <attribute name="Output T" value="4"/>
  <attribute name="Target GC Util Change" value ="20.000000" />
  <attribute name="Current GC Util Change" value="17.000000"/>
  <attribute name="GC Util currently" value="17" />
  <attribute name="CPU Util currently" value="218523311017" />
<allocation-satisfied id="1423" threadId="00000000017E2400" bytesRequested="8200" />
<af-end id="1424" timestamp="2019-06-14T20:05:49.830" threadId="00000000017E2D88" success="true" from="nursery"/>
<exclusive-end id="1425" timestamp="2019-06-14T20:05:49.831" durationms="2.013" />

<exclusive-start id="1426" timestamp="2019-06-14T20:05:49.854" intervalms="25.578">
  <response-info timems="0.229" idlems="0.194" threads="2" lastid="00000000014CA300" lastname="JIT Compilation Thread-0" />
</exclusive-start>
<af-start id="1427" threadId="00000000017E2D88" totalBytesRequested="4136" timestamp="2019-06-14T20:05:49.854" intervalms="25.567" type="nursery" />
<cycle-start id="1428" type="scavenge" contextid="0" timestamp="2019-06-14T20:05:49.854" intervalms="25.561" />
<gc-start id="1429" type="scavenge" contextid="1428" timestamp="2019-06-14T20:05:49.854">
  <mem-info id="1430" free="2963120" total="8912896" percent="33">
    <mem type="nursery" free="0" total="2752512" percent="0">
      <mem type="allocate" free="0" total="1638400" percent="0" />
      <mem type="survivor" free="0" total="1114112" percent="0" />
    </mem>
    <mem type="tenure" free="2963120" total="6160384" percent="48">
      <mem type="soa" free="2655920" total="5853184" percent="45" />
      <mem type="loa" free="307200" total="307200" percent="100" />
    </mem>
    <remembered-set count="324" />
  </mem-info>
</gc-start>
<allocation-stats totalBytes="756072" >
  <allocated-bytes non-tlh="66920" tlh="689152" />
  <largest-consumer threadName="PmdThread 2" threadId="00000000017DA800" bytes="209296" />
</allocation-stats>
<gc-op id="1431" type="scavenge" timems="1.416" contextid="1428" timestamp="2019-06-14T20:05:49.856">
  <scavenger-info tenureage="10" tenuremask="7c00" tiltratio="59" />
  <memory-copied type="nursery" objects="15378" bytes="1008944" bytesdiscarded="105096" />
  <references type="phantom" candidates="3" cleared="0" enqueued="0" />
</gc-op>
<gc-end id="1432" type="scavenge" contextid="1428" durationms="1.784" usertimems="0.000" systemtimems="4.000" timestamp="2019-06-14T20:05:49.856" activeThreads="4">
  <mem-info id="1433" free="3290800" total="8912896" percent="36">
    <mem type="nursery" free="327680" total="2752512" percent="11">
      <mem type="allocate" free="327680" total="1441792" percent="22" />
      <mem type="survivor" free="0" total="1310720" percent="0" />
    </mem>
    <mem type="tenure" free="2963120" total="6160384" percent="48">
      <mem type="soa" free="2655920" total="5853184" percent="45" />
      <mem type="loa" free="307200" total="307200" percent="100" />
    </mem>
    <remembered-set count="226" />
  </mem-info>
</gc-end>
<cycle-end id="1434" type="scavenge" contextid="1428" timestamp="2019-06-14T20:05:49.856" />
  <attribute name="elasticGC enabled" value="1" />
  <attribute name= "numThreadsSpecified" value="4" />
  <attribute name="heapSize specified" value="8519680" />
  <attribute name="Current GC Util" value="8" />
  <attribute name= "Current Time Running" value="2624" />
  <attribute name ="GC Interval" value="200" />
  <attribute name="ProportionalT" value="-6.000000" />
  <attribute name="ProportionalI" value="-6.000000" />
  <attribute name="ProportionalH" value="-6.000000" />
  <attribute name="Current Error" value="-12.000000" />
  <attribute name="IntegralT" value="-312.000000" />
  <attribute name="IntegralI" value="-312.000000" />
  <attribute name="IntegralH" value="-312.000000" />
  <attribute name="DerivativeT" value="-0.230769" />
  <attribute name="DerivativeI" value="-0.230769" />
  <attribute name="DerivativeH" value="-0.230769" />
  <attribute name="Loop Time for DT" value="26.000000" />
  <attribute name="Output H" value="2092630016"/>
  <attribute name="Output I" value="200"/>
  <attribute name="Output T" value="4"/>
  <attribute name="Target GC Util Change" value ="20.000000" />
  <attribute name="Current GC Util Change" value="8.000000"/>
  <attribute name="GC Util currently" value="8" />
  <attribute name="CPU Util currently" value="10" />
<allocation-satisfied id="1435" threadId="00000000017E2400" bytesRequested="4136" />
<af-end id="1436" timestamp="2019-06-14T20:05:49.856" threadId="00000000017E2D88" success="true" from="nursery"/>
<exclusive-end id="1437" timestamp="2019-06-14T20:05:49.856" durationms="2.371" />

<exclusive-start id="1438" timestamp="2019-06-14T20:05:49.869" intervalms="14.543">
  <response-info timems="0.070" idlems="0.036" threads="1" lastid="00000000017E6000" lastname="PmdThread 4" />
</exclusive-start>
<af-start id="1439" threadId="00000000017DB188" totalBytesRequested="16" timestamp="2019-06-14T20:05:49.869" intervalms="14.557" type="nursery" />
<cycle-start id="1440" type="scavenge" contextid="0" timestamp="2019-06-14T20:05:49.869" intervalms="14.535" />
<gc-start id="1441" type="scavenge" contextid="1440" timestamp="2019-06-14T20:05:49.869">
  <mem-info id="1442" free="2960952" total="8912896" percent="33">
    <mem type="nursery" free="0" total="2752512" percent="0">
      <mem type="allocate" free="0" total="1441792" percent="0" />
      <mem type="survivor" free="0" total="1310720" percent="0" />
    </mem>
    <mem type="tenure" free="2960952" total="6160384" percent="48">
      <mem type="soa" free="2653752" total="5853184" percent="45" />
      <mem type="loa" free="307200" total="307200" percent="100" />
    </mem>
    <remembered-set count="251" />
  </mem-info>
</gc-start>
<allocation-stats totalBytes="328792" >
  <allocated-bytes non-tlh="6304" tlh="322488" />
  <largest-consumer threadName="PmdThread 4" threadId="00000000017E6000" bytes="139152" />
</allocation-stats>
<gc-op id="1443" type="scavenge" timems="2.599" contextid="1440" timestamp="2019-06-14T20:05:49.872">
  <scavenger-info tenureage="3" tenuremask="7e38" tiltratio="52" />
  <memory-copied type="nursery" objects="9926" bytes="619624" bytesdiscarded="194080" />
  <memory-copied type="tenure" objects="6710" bytes="432560" bytesdiscarded="168" />
  <references type="weak" candidates="3" cleared="1" enqueued="1" />
  <references type="phantom" candidates="2" cleared="0" enqueued="0" />
</gc-op>
<heap-resize id="1444" type="expand" space="nursery" amount="262144" count="1" timems="0.023" reason="excessive time being spent scavenging" timestamp="2019-06-14T20:05:49.872" />
<gc-end id="1445" type="scavenge" contextid="1440" durationms="2.911" usertimems="4.000" systemtimems="0.000" timestamp="2019-06-14T20:05:49.872" activeThreads="4">
  <mem-info id="1446" free="3251088" total="9175040" percent="35">
    <mem type="nursery" free="759152" total="3014656" percent="25">
      <mem type="allocate" free="759152" total="1572864" percent="48" />
      <mem type="survivor" free="0" total="1441792" percent="0" />
    </mem>
    <mem type="tenure" free="2491936" total="6160384" percent="40">
      <mem type="soa" free="2184736" total="5853184" percent="37" />
      <mem type="loa" free="307200" total="307200" percent="100" />
    </mem>
    <pending-finalizers system="0" default="0" reference="1" classloader="0" />
    <remembered-set count="241" />
  </mem-info>
</gc-end>
<cycle-end id="1447" type="scavenge" contextid="1440" timestamp="2019-06-14T20:05:49.872" />
  <attribute name="elasticGC enabled" value="1" />
  <attribute name= "numThreadsSpecified" value="4" />
  <attribute name="heapSize specified" value="8519680" />
  <attribute name="Current GC Util" value="19" />
  <attribute name= "Current Time Running" value="2638" />
  <attribute name ="GC Interval" value="200" />
  <attribute name="ProportionalT" value="-0.500000" />
  <attribute name="ProportionalI" value="-0.500000" />
  <attribute name="ProportionalH" value="-0.500000" />
  <attribute name="Current Error" value="-1.000000" />
  <attribute name="IntegralT" value="-14.000000" />
  <attribute name="IntegralI" value="-14.000000" />
  <attribute name="IntegralH" value="-14.000000" />
  <attribute name="DerivativeT" value="-0.035714" />
  <attribute name="DerivativeI" value="-0.035714" />
  <attribute name="DerivativeH" value="-0.035714" />
  <attribute name="Loop Time for DT" value="14.000000" />
  <attribute name="Output H" value="2092630016"/>
  <attribute name="Output I" value="200"/>
  <attribute name="Output T" value="4"/>
  <attribute name="Target GC Util Change" value ="20.000000" />
  <attribute name="Current GC Util Change" value="19.000000"/>
  <attribute name="GC Util currently" value="19" />
  <attribute name="CPU Util currently" value="317773894502" />
<allocation-satisfied id="1448" threadId="00000000017DA800" bytesRequested="16" />
<af-end id="1449" timestamp="2019-06-14T20:05:49.872" threadId="00000000017DB188" success="true" from="nursery"/>
<exclusive-end id="1450" timestamp="2019-06-14T20:05:49.872" durationms="3.460" />

<exclusive-start id="1451" timestamp="2019-06-14T20:05:49.892" intervalms="22.986">
  <response-info timems="2.016" idlems="1.325" threads="2" lastid="00000000014D1B00" lastname="JIT Compilation Thread-2" />
</exclusive-start>
<af-start id="1452" threadId="00000000017DB188" totalBytesRequested="16" timestamp="2019-06-14T20:05:49.892" intervalms="22.985" type="nursery" />
<cycle-start id="1453" type="scavenge" contextid="0" timestamp="2019-06-14T20:05:49.892" intervalms="23.022" />
<gc-start id="1454" type="scavenge" contextid="1453" timestamp="2019-06-14T20:05:49.892">
  <mem-info id="1455" free="2483472" total="9175040" percent="27">
    <mem type="nursery" free="0" total="3014656" percent="0">
      <mem type="allocate" free="0" total="1572864" percent="0" />
      <mem type="survivor" free="0" total="1441792" percent="0" />
    </mem>
    <mem type="tenure" free="2483472" total="6160384" percent="40">
      <mem type="soa" free="2176272" total="5853184" percent="37" />
      <mem type="loa" free="307200" total="307200" percent="100" />
    </mem>
    <remembered-set count="364" />
  </mem-info>
</gc-start>
<allocation-stats totalBytes="748224" >
  <allocated-bytes non-tlh="53760" tlh="694464" />
  <largest-consumer threadName="PmdThread 3" threadId="00000000017E2400" bytes="408440" />
</allocation-stats>
<gc-op id="1456" type="scavenge" timems="3.311" contextid="1453" timestamp="2019-06-14T20:05:49.895">
  <scavenger-info tenureage="3" tenuremask="7f08" tiltratio="52" />
  <memory-copied type="nursery" objects="8000" bytes="404016" bytesdiscarded="222720" />
  <memory-copied type="tenure" objects="4392" bytes="295464" bytesdiscarded="1448" />
  <finalization candidates="1" enqueued="0" />
  <references type="soft" candidates="2" cleared="0" enqueued="0" dynamicThreshold="25" maxThreshold="32" />
  <references type="weak" candidates="15" cleared="4" enqueued="4" />
  <references type="phantom" candidates="5" cleared="2" enqueued="2" />
</gc-op>
<heap-resize id="1457" type="expand" space="nursery" amount="262144" count="1" timems="0.021" reason="excessive time being spent scavenging" timestamp="2019-06-14T20:05:49.895" />
<gc-end id="1458" type="scavenge" contextid="1453" durationms="3.752" usertimems="8.000" systemtimems="0.000" timestamp="2019-06-14T20:05:49.896" activeThreads="4">
  <mem-info id="1459" free="3484504" total="9437184" percent="36">
    <mem type="nursery" free="1339304" total="3276800" percent="40">
      <mem type="allocate" free="1339304" total="1966080" percent="68" />
      <mem type="survivor" free="0" total="1310720" percent="0" />
    </mem>
    <mem type="tenure" free="2145200" total="6160384" percent="34">
      <mem type="soa" free="1838000" total="5853184" percent="31" />
      <mem type="loa" free="307200" total="307200" percent="100" />
    </mem>
    <pending-finalizers system="0" default="0" reference="6" classloader="0" />
    <remembered-set count="389" />
  </mem-info>
</gc-end>
<cycle-end id="1460" type="scavenge" contextid="1453" timestamp="2019-06-14T20:05:49.896" />
  <attribute name="elasticGC enabled" value="1" />
  <attribute name= "numThreadsSpecified" value="4" />
  <attribute name="heapSize specified" value="8519680" />
  <attribute name="Current GC Util" value="18" />
  <attribute name= "Current Time Running" value="2661" />
  <attribute name ="GC Interval" value="200" />
  <attribute name="ProportionalT" value="-1.000000" />
  <attribute name="ProportionalI" value="-1.000000" />
  <attribute name="ProportionalH" value="-1.000000" />
  <attribute name="Current Error" value="-2.000000" />
  <attribute name="IntegralT" value="-46.000000" />
  <attribute name="IntegralI" value="-46.000000" />
  <attribute name="IntegralH" value="-46.000000" />
  <attribute name="DerivativeT" value="-0.043478" />
  <attribute name="DerivativeI" value="-0.043478" />
  <attribute name="DerivativeH" value="-0.043478" />
  <attribute name="Loop Time for DT" value="23.000000" />
  <attribute name="Output H" value="2092630016"/>
  <attribute name="Output I" value="200"/>
  <attribute name="Output T" value="4"/>
  <attribute name="Target GC Util Change" value ="20.000000" />
  <attribute name="Current GC Util Change" value="18.000000"/>
  <attribute name="GC Util currently" value="18" />
  <attribute name="CPU Util currently" value="199598301315" />
<allocation-satisfied id="1461" threadId="00000000017DA800" bytesRequested="16" />
<af-end id="1462" timestamp="2019-06-14T20:05:49.896" threadId="00000000017DB188" success="true" from="nursery"/>
<exclusive-end id="1463" timestamp="2019-06-14T20:05:49.896" durationms="4.379" />

<exclusive-start id="1464" timestamp="2019-06-14T20:05:49.936" intervalms="44.359">
  <response-info timems="0.098" idlems="0.098" threads="0" lastid="00000000017D6C00" lastname="PmdThread 1" />
</exclusive-start>
<af-start id="1465" threadId="00000000017D7588" totalBytesRequested="216" timestamp="2019-06-14T20:05:49.936" intervalms="44.364" type="nursery" />
<cycle-start id="1466" type="scavenge" contextid="0" timestamp="2019-06-14T20:05:49.936" intervalms="44.369" />
<gc-start id="1467" type="scavenge" contextid="1466" timestamp="2019-06-14T20:05:49.936">
  <mem-info id="1468" free="2109552" total="9437184" percent="22">
    <mem type="nursery" free="0" total="3276800" percent="0">
      <mem type="allocate" free="0" total="1966080" percent="0" />
      <mem type="survivor" free="0" total="1310720" percent="0" />
    </mem>
    <mem type="tenure" free="2109552" total="6160384" percent="34">
      <mem type="soa" free="1802352" total="5853184" percent="30" />
      <mem type="loa" free="307200" total="307200" percent="100" />
    </mem>
    <remembered-set count="937" />
  </mem-info>
</gc-start>
<allocation-stats totalBytes="1373320" >
  <allocated-bytes non-tlh="35664" tlh="1337656" />
  <largest-consumer threadName="PmdThread 3" threadId="00000000017E2400" bytes="422416" />
</allocation-stats>
<gc-op id="1469" type="scavenge" timems="2.490" contextid="1466" timestamp="2019-06-14T20:05:49.939">
  <scavenger-info tenureage="8" tenuremask="7f00" tiltratio="60" />
  <memory-copied type="nursery" objects="13521" bytes="607960" bytesdiscarded="78304" />
  <finalization candidates="1" enqueued="0" />
  <references type="soft" candidates="21" cleared="0" enqueued="0" dynamicThreshold="25" maxThreshold="32" />
  <references type="weak" candidates="76" cleared="23" enqueued="18" />
  <references type="phantom" candidates="6" cleared="2" enqueued="2" />
</gc-op>
<gc-end id="1470" type="scavenge" contextid="1466" durationms="2.846" usertimems="4.000" systemtimems="0.000" timestamp="2019-06-14T20:05:49.939" activeThreads="4">
  <mem-info id="1471" free="3585728" total="9437184" percent="37">
    <mem type="nursery" free="1476176" total="3276800" percent="45">
      <mem type="allocate" free="1476176" total="2162688" percent="68" />
      <mem type="survivor" free="0" total="1114112" percent="0" />
    </mem>
    <mem type="tenure" free="2109552" total="6160384" percent="34">
      <mem type="soa" free="1802352" total="5853184" percent="30" />
      <mem type="loa" free="307200" total="307200" percent="100" />
    </mem>
    <pending-finalizers system="0" default="0" reference="20" classloader="0" />
    <remembered-set count="912" />
  </mem-info>
</gc-end>
<cycle-end id="1472" type="scavenge" contextid="1466" timestamp="2019-06-14T20:05:49.939" />
  <attribute name="elasticGC enabled" value="1" />
  <attribute name= "numThreadsSpecified" value="4" />
  <attribute name="heapSize specified" value="8519680" />
  <attribute name="Current GC Util" value="10" />
  <attribute name= "Current Time Running" value="2706" />
  <attribute name ="GC Interval" value="200" />
  <attribute name="ProportionalT" value="-5.000000" />
  <attribute name="ProportionalI" value="-5.000000" />
  <attribute name="ProportionalH" value="-5.000000" />
  <attribute name="Current Error" value="-10.000000" />
  <attribute name="IntegralT" value="-450.000000" />
  <attribute name="IntegralI" value="-450.000000" />
  <attribute name="IntegralH" value="-450.000000" />
  <attribute name="DerivativeT" value="-0.111111" />
  <attribute name="DerivativeI" value="-0.111111" />
  <attribute name="DerivativeH" value="-0.111111" />
  <attribute name="Loop Time for DT" value="45.000000" />
  <attribute name="Output H" value="2092630016"/>
  <attribute name="Output I" value="200"/>
  <attribute name="Output T" value="4"/>
  <attribute name="Target GC Util Change" value ="20.000000" />
  <attribute name="Current GC Util Change" value="10.000000"/>
  <attribute name="GC Util currently" value="10" />
  <attribute name="CPU Util currently" value="27" />
<allocation-satisfied id="1473" threadId="00000000017D6C00" bytesRequested="216" />
<af-end id="1474" timestamp="2019-06-14T20:05:49.940" threadId="00000000017D7588" success="true" from="nursery"/>
<exclusive-end id="1475" timestamp="2019-06-14T20:05:49.940" durationms="3.680" />

<exclusive-start id="1476" timestamp="2019-06-14T20:05:49.975" intervalms="38.853">
  <response-info timems="0.564" idlems="0.359" threads="2" lastid="00000000017DA800" lastname="PmdThread 2" />
</exclusive-start>
<af-start id="1477" threadId="00000000017E6988" totalBytesRequested="16" timestamp="2019-06-14T20:05:49.975" intervalms="38.831" type="nursery" />
<cycle-start id="1478" type="scavenge" contextid="0" timestamp="2019-06-14T20:05:49.975" intervalms="38.814" />
<gc-start id="1479" type="scavenge" contextid="1478" timestamp="2019-06-14T20:05:49.975">
  <mem-info id="1480" free="2068496" total="9437184" percent="21">
    <mem type="nursery" free="0" total="3276800" percent="0">
      <mem type="allocate" free="0" total="2162688" percent="0" />
      <mem type="survivor" free="0" total="1114112" percent="0" />
    </mem>
    <mem type="tenure" free="2068496" total="6160384" percent="33">
      <mem type="soa" free="1761296" total="5853184" percent="30" />
      <mem type="loa" free="307200" total="307200" percent="100" />
    </mem>
    <remembered-set count="1608" />
  </mem-info>
</gc-start>
<allocation-stats totalBytes="1513520" >
  <allocated-bytes non-tlh="41272" tlh="1472248" />
  <largest-consumer threadName="PmdThread 3" threadId="00000000017E2400" bytes="518424" />
</allocation-stats>
<gc-op id="1481" type="scavenge" timems="2.285" contextid="1478" timestamp="2019-06-14T20:05:49.977">
  <scavenger-info tenureage="4" tenuremask="7f10" tiltratio="66" />
  <memory-copied type="nursery" objects="16078" bytes="614488" bytesdiscarded="66848" />
  <memory-copied type="tenure" objects="2883" bytes="157248" bytesdiscarded="24" />
  <finalization candidates="6" enqueued="0" />
  <references type="soft" candidates="32" cleared="0" enqueued="0" dynamicThreshold="25" maxThreshold="32" />
  <references type="weak" candidates="127" cleared="31" enqueued="22" />
  <references type="phantom" candidates="5" cleared="0" enqueued="0" />
</gc-op>
<gc-end id="1482" type="scavenge" contextid="1478" durationms="2.695" usertimems="8.000" systemtimems="0.000" timestamp="2019-06-14T20:05:49.978" activeThreads="4">
  <mem-info id="1483" free="3481320" total="9437184" percent="36">
    <mem type="nursery" free="1546472" total="3276800" percent="47">
      <mem type="allocate" free="1546472" total="2228224" percent="69" />
      <mem type="survivor" free="0" total="1048576" percent="0" />
    </mem>
    <mem type="tenure" free="1934848" total="6160384" percent="31">
      <mem type="soa" free="1627648" total="5853184" percent="27" />
      <mem type="loa" free="307200" total="307200" percent="100" />
    </mem>
    <pending-finalizers system="0" default="0" reference="22" classloader="0" />
    <remembered-set count="1613" />
  </mem-info>
</gc-end>
<cycle-end id="1484" type="scavenge" contextid="1478" timestamp="2019-06-14T20:05:49.978" />
  <attribute name="elasticGC enabled" value="1" />
  <attribute name= "numThreadsSpecified" value="4" />
  <attribute name="heapSize specified" value="8519680" />
  <attribute name="Current GC Util" value="9" />
  <attribute name= "Current Time Running" value="2745" />
  <attribute name ="GC Interval" value="200" />
  <attribute name="ProportionalT" value="-5.500000" />
  <attribute name="ProportionalI" value="-5.500000" />
  <attribute name="ProportionalH" value="-5.500000" />
  <attribute name="Current Error" value="-11.000000" />
  <attribute name="IntegralT" value="-429.000000" />
  <attribute name="IntegralI" value="-429.000000" />
  <attribute name="IntegralH" value="-429.000000" />
  <attribute name="DerivativeT" value="-0.141026" />
  <attribute name="DerivativeI" value="-0.141026" />
  <attribute name="DerivativeH" value="-0.141026" />
  <attribute name="Loop Time for DT" value="39.000000" />
  <attribute name="Output H" value="2092630016"/>
  <attribute name="Output I" value="200"/>
  <attribute name="Output T" value="4"/>
  <attribute name="Target GC Util Change" value ="20.000000" />
  <attribute name="Current GC Util Change" value="9.000000"/>
  <attribute name="GC Util currently" value="9" />
  <attribute name="CPU Util currently" value="118940118221" />
<allocation-satisfied id="1485" threadId="00000000017E6000" bytesRequested="16" />
<af-end id="1486" timestamp="2019-06-14T20:05:49.978" threadId="00000000017E6988" success="true" from="nursery"/>
<exclusive-end id="1487" timestamp="2019-06-14T20:05:49.978" durationms="3.380" />

<exclusive-start id="1488" timestamp="2019-06-14T20:05:50.026" intervalms="50.837">
  <response-info timems="0.200" idlems="0.122" threads="3" lastid="00000000017DA800" lastname="PmdThread 2" />
</exclusive-start>
<af-start id="1489" threadId="00000000017E6988" totalBytesRequested="40" timestamp="2019-06-14T20:05:50.026" intervalms="50.877" type="nursery" />
<cycle-start id="1490" type="scavenge" contextid="0" timestamp="2019-06-14T20:05:50.026" intervalms="50.871" />
<gc-start id="1491" type="scavenge" contextid="1490" timestamp="2019-06-14T20:05:50.026">
  <mem-info id="1492" free="1926472" total="9437184" percent="20">
    <mem type="nursery" free="0" total="3276800" percent="0">
      <mem type="allocate" free="0" total="2228224" percent="0" />
      <mem type="survivor" free="0" total="1048576" percent="0" />
    </mem>
    <mem type="tenure" free="1926472" total="6160384" percent="31">
      <mem type="soa" free="1619272" total="5853184" percent="27" />
      <mem type="loa" free="307200" total="307200" percent="100" />
    </mem>
    <remembered-set count="1850" />
  </mem-info>
</gc-start>
<allocation-stats totalBytes="1553088" >
  <allocated-bytes non-tlh="8392" tlh="1544696" />
  <largest-consumer threadName="PmdThread 4" threadId="00000000017E6000" bytes="698312" />
</allocation-stats>
<gc-op id="1493" type="scavenge" timems="1.942" contextid="1490" timestamp="2019-06-14T20:05:50.028">
  <scavenger-info tenureage="8" tenuremask="7f00" tiltratio="68" />
  <memory-copied type="nursery" objects="24122" bytes="888288" bytesdiscarded="12792" />
  <finalization candidates="6" enqueued="0" />
  <references type="soft" candidates="32" cleared="0" enqueued="0" dynamicThreshold="25" maxThreshold="32" />
  <references type="weak" candidates="97" cleared="0" enqueued="0" />
  <references type="phantom" candidates="4" cleared="0" enqueued="0" />
</gc-op>
<gc-end id="1494" type="scavenge" contextid="1490" durationms="2.376" usertimems="4.000" systemtimems="0.000" timestamp="2019-06-14T20:05:50.028" activeThreads="4">
  <mem-info id="1495" free="3056424" total="9437184" percent="32">
    <mem type="nursery" free="1129952" total="3276800" percent="34">
      <mem type="allocate" free="1129952" total="2031616" percent="55" />
      <mem type="survivor" free="0" total="1245184" percent="0" />
    </mem>
    <mem type="tenure" free="1926472" total="6160384" percent="31">
      <mem type="soa" free="1619272" total="5853184" percent="27" />
      <mem type="loa" free="307200" total="307200" percent="100" />
    </mem>
    <remembered-set count="1411" />
  </mem-info>
</gc-end>
<cycle-end id="1496" type="scavenge" contextid="1490" timestamp="2019-06-14T20:05:50.028" />
  <attribute name="elasticGC enabled" value="1" />
  <attribute name= "numThreadsSpecified" value="4" />
  <attribute name="heapSize specified" value="8519680" />
  <attribute name="Current GC Util" value="6" />
  <attribute name= "Current Time Running" value="2795" />
  <attribute name ="GC Interval" value="200" />
  <attribute name="ProportionalT" value="-7.000000" />
  <attribute name="ProportionalI" value="-7.000000" />
  <attribute name="ProportionalH" value="-7.000000" />
  <attribute name="Current Error" value="-14.000000" />
  <attribute name="IntegralT" value="-700.000000" />
  <attribute name="IntegralI" value="-700.000000" />
  <attribute name="IntegralH" value="-700.000000" />
  <attribute name="DerivativeT" value="-0.140000" />
  <attribute name="DerivativeI" value="-0.140000" />
  <attribute name="DerivativeH" value="-0.140000" />
  <attribute name="Loop Time for DT" value="50.000000" />
  <attribute name="Output H" value="2092630016"/>
  <attribute name="Output I" value="200"/>
  <attribute name="Output T" value="4"/>
  <attribute name="Target GC Util Change" value ="20.000000" />
  <attribute name="Current GC Util Change" value="6.000000"/>
  <attribute name="GC Util currently" value="6" />
  <attribute name="CPU Util currently" value="40" />
<allocation-satisfied id="1497" threadId="00000000017E6000" bytesRequested="40" />
<af-end id="1498" timestamp="2019-06-14T20:05:50.029" threadId="00000000017E6988" success="true" from="nursery"/>
<exclusive-end id="1499" timestamp="2019-06-14T20:05:50.029" durationms="3.202" />

<exclusive-start id="1500" timestamp="2019-06-14T20:05:50.051" intervalms="25.814">
  <response-info timems="0.223" idlems="0.223" threads="0" lastid="00000000017DA800" lastname="PmdThread 2" />
</exclusive-start>
<af-start id="1501" threadId="00000000017DB188" totalBytesRequested="72" timestamp="2019-06-14T20:05:50.052" intervalms="25.793" type="nursery" />
<cycle-start id="1502" type="scavenge" contextid="0" timestamp="2019-06-14T20:05:50.052" intervalms="25.791" />
<gc-start id="1503" type="scavenge" contextid="1502" timestamp="2019-06-14T20:05:50.052">
  <mem-info id="1504" free="1925744" total="9437184" percent="20">
    <mem type="nursery" free="0" total="3276800" percent="0">
      <mem type="allocate" free="0" total="2031616" percent="0" />
      <mem type="survivor" free="0" total="1245184" percent="0" />
    </mem>
    <mem type="tenure" free="1925744" total="6160384" percent="31">
      <mem type="soa" free="1618544" total="5853184" percent="27" />
      <mem type="loa" free="307200" total="307200" percent="100" />
    </mem>
    <remembered-set count="1526" />
  </mem-info>
</gc-start>
<allocation-stats totalBytes="1129584" >
  <allocated-bytes non-tlh="768" tlh="1128816" />
  <largest-consumer threadName="PmdThread 4" threadId="00000000017E6000" bytes="401320" />
</allocation-stats>
<gc-op id="1505" type="scavenge" timems="1.545" contextid="1502" timestamp="2019-06-14T20:05:50.053">
  <scavenger-info tenureage="3" tenuremask="7f98" tiltratio="62" />
  <memory-copied type="nursery" objects="21485" bytes="755648" bytesdiscarded="63936" />
  <memory-copied type="tenure" objects="6448" bytes="229368" bytesdiscarded="824" />
  <finalization candidates="6" enqueued="0" />
  <references type="soft" candidates="11" cleared="0" enqueued="0" dynamicThreshold="25" maxThreshold="32" />
  <references type="weak" candidates="46" cleared="0" enqueued="0" />
</gc-op>
<gc-end id="1506" type="scavenge" contextid="1502" durationms="1.810" usertimems="0.000" systemtimems="4.000" timestamp="2019-06-14T20:05:50.054" activeThreads="4">
  <mem-info id="1507" free="3045968" total="9437184" percent="32">
    <mem type="nursery" free="1276896" total="3276800" percent="38">
      <mem type="allocate" free="1276896" total="2097152" percent="60" />
      <mem type="survivor" free="0" total="1179648" percent="0" />
    </mem>
    <mem type="tenure" free="1769072" total="6160384" percent="28">
      <mem type="soa" free="1461872" total="5853184" percent="24" />
      <mem type="loa" free="307200" total="307200" percent="100" />
    </mem>
    <remembered-set count="971" />
  </mem-info>
</gc-end>
<cycle-end id="1508" type="scavenge" contextid="1502" timestamp="2019-06-14T20:05:50.054" />
  <attribute name="elasticGC enabled" value="1" />
  <attribute name= "numThreadsSpecified" value="4" />
  <attribute name="heapSize specified" value="8519680" />
  <attribute name="Current GC Util" value="14" />
  <attribute name= "Current Time Running" value="2821" />
  <attribute name ="GC Interval" value="200" />
  <attribute name="ProportionalT" value="-3.000000" />
  <attribute name="ProportionalI" value="-3.000000" />
  <attribute name="ProportionalH" value="-3.000000" />
  <attribute name="Current Error" value="-6.000000" />
  <attribute name="IntegralT" value="-156.000000" />
  <attribute name="IntegralI" value="-156.000000" />
  <attribute name="IntegralH" value="-156.000000" />
  <attribute name="DerivativeT" value="-0.115385" />
  <attribute name="DerivativeI" value="-0.115385" />
  <attribute name="DerivativeH" value="-0.115385" />
  <attribute name="Loop Time for DT" value="26.000000" />
  <attribute name="Output H" value="2092630016"/>
  <attribute name="Output I" value="200"/>
  <attribute name="Output T" value="4"/>
  <attribute name="Target GC Util Change" value ="20.000000" />
  <attribute name="Current GC Util Change" value="14.000000"/>
  <attribute name="GC Util currently" value="14" />
  <attribute name="CPU Util currently" value="178111922843" />
<allocation-satisfied id="1509" threadId="00000000017DA800" bytesRequested="72" />
<af-end id="1510" timestamp="2019-06-14T20:05:50.054" threadId="00000000017DB188" success="true" from="nursery"/>
<exclusive-end id="1511" timestamp="2019-06-14T20:05:50.054" durationms="2.319" />

<exclusive-start id="1512" timestamp="2019-06-14T20:05:50.072" intervalms="20.479">
  <response-info timems="0.069" idlems="0.069" threads="0" lastid="00000000017DA800" lastname="PmdThread 2" />
</exclusive-start>
<af-start id="1513" threadId="00000000017DB188" totalBytesRequested="27656" timestamp="2019-06-14T20:05:50.073" intervalms="20.959" type="nursery" />
<cycle-start id="1514" type="scavenge" contextid="0" timestamp="2019-06-14T20:05:50.073" intervalms="20.956" />
<gc-start id="1515" type="scavenge" contextid="1514" timestamp="2019-06-14T20:05:50.073">
  <mem-info id="1516" free="1769008" total="9437184" percent="18">
    <mem type="nursery" free="0" total="3276800" percent="0">
      <mem type="allocate" free="0" total="2097152" percent="0" />
      <mem type="survivor" free="0" total="1179648" percent="0" />
    </mem>
    <mem type="tenure" free="1769008" total="6160384" percent="28">
      <mem type="soa" free="1461808" total="5853184" percent="24" />
      <mem type="loa" free="307200" total="307200" percent="100" />
    </mem>
    <remembered-set count="1101" />
  </mem-info>
</gc-start>
<allocation-stats totalBytes="1239680" >
  <allocated-bytes non-tlh="55456" tlh="1184224" />
  <largest-consumer threadName="PmdThread 3" threadId="00000000017E2400" bytes="556808" />
</allocation-stats>
<gc-op id="1517" type="scavenge" timems="1.695" contextid="1514" timestamp="2019-06-14T20:05:50.074">
  <scavenger-info tenureage="3" tenuremask="7fc8" tiltratio="64" />
  <memory-copied type="nursery" objects="17378" bytes="602400" bytesdiscarded="129568" />
  <memory-copied type="tenure" objects="9049" bytes="362104" bytesdiscarded="464" />
  <finalization candidates="5" enqueued="0" />
  <references type="soft" candidates="1" cleared="0" enqueued="0" dynamicThreshold="25" maxThreshold="32" />
  <references type="weak" candidates="5" cleared="2" enqueued="2" />
  <references type="phantom" candidates="2" cleared="2" enqueued="2" />
</gc-op>
<gc-end id="1518" type="scavenge" contextid="1514" durationms="1.857" usertimems="4.000" systemtimems="0.000" timestamp="2019-06-14T20:05:50.075" activeThreads="4">
  <mem-info id="1519" free="2799880" total="9437184" percent="29">
    <mem type="nursery" free="1430000" total="3276800" percent="43">
      <mem type="allocate" free="1430000" total="2162688" percent="66" />
      <mem type="survivor" free="0" total="1114112" percent="0" />
    </mem>
    <mem type="tenure" free="1369880" total="6160384" percent="22">
      <mem type="soa" free="1062680" total="5853184" percent="18" />
      <mem type="loa" free="307200" total="307200" percent="100" />
    </mem>
    <pending-finalizers system="0" default="0" reference="4" classloader="0" />
    <remembered-set count="1225" />
  </mem-info>
</gc-end>
<cycle-end id="1520" type="scavenge" contextid="1514" timestamp="2019-06-14T20:05:50.075" />
  <attribute name="elasticGC enabled" value="1" />
  <attribute name= "numThreadsSpecified" value="4" />
  <attribute name="heapSize specified" value="8519680" />
  <attribute name="Current GC Util" value="15" />
  <attribute name= "Current Time Running" value="2842" />
  <attribute name ="GC Interval" value="200" />
  <attribute name="ProportionalT" value="-2.500000" />
  <attribute name="ProportionalI" value="-2.500000" />
  <attribute name="ProportionalH" value="-2.500000" />
  <attribute name="Current Error" value="-5.000000" />
  <attribute name="IntegralT" value="-105.000000" />
  <attribute name="IntegralI" value="-105.000000" />
  <attribute name="IntegralH" value="-105.000000" />
  <attribute name="DerivativeT" value="-0.119048" />
  <attribute name="DerivativeI" value="-0.119048" />
  <attribute name="DerivativeH" value="-0.119048" />
  <attribute name="Loop Time for DT" value="21.000000" />
  <attribute name="Output H" value="2092630016"/>
  <attribute name="Output I" value="200"/>
  <attribute name="Output T" value="4"/>
  <attribute name="Target GC Util Change" value ="20.000000" />
  <attribute name="Current GC Util Change" value="15.000000"/>
  <attribute name="GC Util currently" value="15" />
  <attribute name="CPU Util currently" value="221520097223" />
<allocation-satisfied id="1521" threadId="00000000017DA800" bytesRequested="27656" />
<af-end id="1522" timestamp="2019-06-14T20:05:50.075" threadId="00000000017DB188" success="true" from="nursery"/>
<exclusive-end id="1523" timestamp="2019-06-14T20:05:50.075" durationms="2.820" />

<exclusive-start id="1524" timestamp="2019-06-14T20:05:50.099" intervalms="27.240">
  <response-info timems="0.089" idlems="0.040" threads="3" lastid="00000000014CA300" lastname="JIT Compilation Thread-0" />
</exclusive-start>
<af-start id="1525" threadId="00000000017DB188" totalBytesRequested="176" timestamp="2019-06-14T20:05:50.099" intervalms="26.739" type="nursery" />
<cycle-start id="1526" type="scavenge" contextid="0" timestamp="2019-06-14T20:05:50.099" intervalms="26.808" />
<gc-start id="1527" type="scavenge" contextid="1526" timestamp="2019-06-14T20:05:50.100">
  <mem-info id="1528" free="1352552" total="9437184" percent="14">
    <mem type="nursery" free="0" total="3276800" percent="0">
      <mem type="allocate" free="0" total="2162688" percent="0" />
      <mem type="survivor" free="0" total="1114112" percent="0" />
    </mem>
    <mem type="tenure" free="1352552" total="6160384" percent="21">
      <mem type="soa" free="1045352" total="5853184" percent="17" />
      <mem type="loa" free="307200" total="307200" percent="100" />
    </mem>
    <remembered-set count="1527" />
  </mem-info>
</gc-start>
<allocation-stats totalBytes="1438192" >
  <allocated-bytes non-tlh="44984" tlh="1393208" />
  <largest-consumer threadName="PmdThread 4" threadId="00000000017E6000" bytes="571544" />
</allocation-stats>
<gc-op id="1529" type="scavenge" timems="1.484" contextid="1526" timestamp="2019-06-14T20:05:50.101">
  <scavenger-info tenureage="3" tenuremask="7fc8" tiltratio="66" />
  <memory-copied type="nursery" objects="12531" bytes="399312" bytesdiscarded="73416" />
  <memory-copied type="tenure" objects="8291" bytes="289496" bytesdiscarded="72" />
  <references type="soft" candidates="88" cleared="0" enqueued="0" dynamicThreshold="25" maxThreshold="32" />
  <references type="weak" candidates="21" cleared="19" enqueued="19" />
</gc-op>
<gc-end id="1530" type="scavenge" contextid="1526" durationms="1.675" usertimems="4.000" systemtimems="0.000" timestamp="2019-06-14T20:05:50.101" activeThreads="4">
  <mem-info id="1531" free="2950728" total="9437184" percent="31">
    <mem type="nursery" free="1754848" total="3276800" percent="53">
      <mem type="allocate" free="1754848" total="2228224" percent="78" />
      <mem type="survivor" free="0" total="1048576" percent="0" />
    </mem>
    <mem type="tenure" free="1195880" total="6160384" percent="19">
      <mem type="soa" free="888680" total="5853184" percent="15" />
      <mem type="loa" free="307200" total="307200" percent="100" />
    </mem>
    <pending-finalizers system="0" default="0" reference="19" classloader="0" />
    <remembered-set count="1106" />
  </mem-info>
</gc-end>
<cycle-end id="1532" type="scavenge" contextid="1526" timestamp="2019-06-14T20:05:50.101" />
  <attribute name="elasticGC enabled" value="1" />
  <attribute name= "numThreadsSpecified" value="4" />
  <attribute name="heapSize specified" value="8519680" />
  <attribute name="Current GC Util" value="11" />
  <attribute name= "Current Time Running" value="2869" />
  <attribute name ="GC Interval" value="200" />
  <attribute name="ProportionalT" value="-4.500000" />
  <attribute name="ProportionalI" value="-4.500000" />
  <attribute name="ProportionalH" value="-4.500000" />
  <attribute name="Current Error" value="-9.000000" />
  <attribute name="IntegralT" value="-243.000000" />
  <attribute name="IntegralI" value="-243.000000" />
  <attribute name="IntegralH" value="-243.000000" />
  <attribute name="DerivativeT" value="-0.166667" />
  <attribute name="DerivativeI" value="-0.166667" />
  <attribute name="DerivativeH" value="-0.166667" />
  <attribute name="Loop Time for DT" value="27.000000" />
  <attribute name="Output H" value="2092630016"/>
  <attribute name="Output I" value="200"/>
  <attribute name="Output T" value="4"/>
  <attribute name="Target GC Util Change" value ="20.000000" />
  <attribute name="Current GC Util Change" value="11.000000"/>
  <attribute name="GC Util currently" value="11" />
  <attribute name="CPU Util currently" value="171488377189" />
<allocation-satisfied id="1533" threadId="00000000017DA800" bytesRequested="176" />
<af-end id="1534" timestamp="2019-06-14T20:05:50.101" threadId="00000000017DB188" success="true" from="nursery"/>
<exclusive-end id="1535" timestamp="2019-06-14T20:05:50.101" durationms="2.178" />

<exclusive-start id="1536" timestamp="2019-06-14T20:05:50.123" intervalms="23.686">
  <response-info timems="0.071" idlems="0.071" threads="0" lastid="00000000017DA800" lastname="PmdThread 2" />
</exclusive-start>
<af-start id="1537" threadId="00000000017DB188" totalBytesRequested="48" timestamp="2019-06-14T20:05:50.124" intervalms="24.507" type="nursery" />
<cycle-start id="1538" type="scavenge" contextid="0" timestamp="2019-06-14T20:05:50.124" intervalms="24.440" />
<gc-start id="1539" type="scavenge" contextid="1538" timestamp="2019-06-14T20:05:50.124">
  <mem-info id="1540" free="1193856" total="9437184" percent="12">
    <mem type="nursery" free="0" total="3276800" percent="0">
      <mem type="allocate" free="0" total="2228224" percent="0" />
      <mem type="survivor" free="0" total="1048576" percent="0" />
    </mem>
    <mem type="tenure" free="1193856" total="6160384" percent="19">
      <mem type="soa" free="886656" total="5853184" percent="15" />
      <mem type="loa" free="307200" total="307200" percent="100" />
    </mem>
    <remembered-set count="1171" />
  </mem-info>
</gc-start>
<allocation-stats totalBytes="1755544" >
  <allocated-bytes non-tlh="2200" tlh="1753344" />
  <largest-consumer threadName="PmdThread 4" threadId="00000000017E6000" bytes="736616" />
</allocation-stats>
<gc-op id="1541" type="scavenge" timems="1.069" contextid="1538" timestamp="2019-06-14T20:05:50.125">
  <scavenger-info tenureage="3" tenuremask="7fc8" tiltratio="68" />
  <memory-copied type="nursery" objects="11396" bytes="399496" bytesdiscarded="91960" />
  <memory-copied type="tenure" objects="3896" bytes="98496" bytesdiscarded="48" />
  <references type="soft" candidates="96" cleared="0" enqueued="0" dynamicThreshold="25" maxThreshold="32" />
  <references type="weak" candidates="59" cleared="57" enqueued="57" />
  <references type="phantom" candidates="1" cleared="0" enqueued="0" />
</gc-op>
<gc-end id="1542" type="scavenge" contextid="1538" durationms="1.229" usertimems="4.000" systemtimems="0.000" timestamp="2019-06-14T20:05:50.125" activeThreads="4">
  <mem-info id="1543" free="2943608" total="9437184" percent="31">
    <mem type="nursery" free="1867256" total="3276800" percent="56">
      <mem type="allocate" free="1867256" total="2359296" percent="79" />
      <mem type="survivor" free="0" total="917504" percent="0" />
    </mem>
    <mem type="tenure" free="1076352" total="6160384" percent="17">
      <mem type="soa" free="769152" total="5853184" percent="13" />
      <mem type="loa" free="307200" total="307200" percent="100" />
    </mem>
    <pending-finalizers system="0" default="0" reference="57" classloader="0" />
    <remembered-set count="857" />
  </mem-info>
</gc-end>
<cycle-end id="1544" type="scavenge" contextid="1538" timestamp="2019-06-14T20:05:50.125" />
  <attribute name="elasticGC enabled" value="1" />
  <attribute name= "numThreadsSpecified" value="4" />
  <attribute name="heapSize specified" value="8519680" />
  <attribute name="Current GC Util" value="10" />
  <attribute name= "Current Time Running" value="2893" />
  <attribute name ="GC Interval" value="200" />
  <attribute name="ProportionalT" value="-5.000000" />
  <attribute name="ProportionalI" value="-5.000000" />
  <attribute name="ProportionalH" value="-5.000000" />
  <attribute name="Current Error" value="-10.000000" />
  <attribute name="IntegralT" value="-240.000000" />
  <attribute name="IntegralI" value="-240.000000" />
  <attribute name="IntegralH" value="-240.000000" />
  <attribute name="DerivativeT" value="-0.208333" />
  <attribute name="DerivativeI" value="-0.208333" />
  <attribute name="DerivativeH" value="-0.208333" />
  <attribute name="Loop Time for DT" value="24.000000" />
  <attribute name="Output H" value="2092630016"/>
  <attribute name="Output I" value="200"/>
  <attribute name="Output T" value="4"/>
  <attribute name="Target GC Util Change" value ="20.000000" />
  <attribute name="Current GC Util Change" value="10.000000"/>
  <attribute name="GC Util currently" value="10" />
  <attribute name="CPU Util currently" value="189311078229" />
<allocation-satisfied id="1545" threadId="00000000017DA800" bytesRequested="48" />
<af-end id="1546" timestamp="2019-06-14T20:05:50.125" threadId="00000000017DB188" success="true" from="nursery"/>
<exclusive-end id="1547" timestamp="2019-06-14T20:05:50.125" durationms="2.460" />

<exclusive-start id="1548" timestamp="2019-06-14T20:05:50.143" intervalms="19.927">
  <response-info timems="0.060" idlems="0.060" threads="0" lastid="00000000017DA800" lastname="PmdThread 2" />
</exclusive-start>
<af-start id="1549" threadId="00000000017DB188" totalBytesRequested="56" timestamp="2019-06-14T20:05:50.143" intervalms="19.113" type="nursery" />
<cycle-start id="1550" type="scavenge" contextid="0" timestamp="2019-06-14T20:05:50.143" intervalms="19.295" />
<gc-start id="1551" type="scavenge" contextid="1550" timestamp="2019-06-14T20:05:50.143">
  <mem-info id="1552" free="1076216" total="9437184" percent="11">
    <mem type="nursery" free="0" total="3276800" percent="0">
      <mem type="allocate" free="0" total="2359296" percent="0" />
      <mem type="survivor" free="0" total="917504" percent="0" />
    </mem>
    <mem type="tenure" free="1076216" total="6160384" percent="17">
      <mem type="soa" free="769016" total="5853184" percent="13" />
      <mem type="loa" free="307200" total="307200" percent="100" />
    </mem>
    <remembered-set count="882" />
  </mem-info>
</gc-start>
<allocation-stats totalBytes="1864864" >
  <allocated-bytes non-tlh="184" tlh="1864680" />
  <largest-consumer threadName="PmdThread 2" threadId="00000000017DA800" bytes="932144" />
</allocation-stats>
<gc-op id="1553" type="scavenge" timems="1.178" contextid="1550" timestamp="2019-06-14T20:05:50.144">
  <scavenger-info tenureage="3" tenuremask="7fc8" tiltratio="72" />
  <memory-copied type="nursery" objects="10989" bytes="469600" bytesdiscarded="57040" />
  <memory-copied type="tenure" objects="4974" bytes="130592" bytesdiscarded="32" />
  <references type="soft" candidates="100" cleared="0" enqueued="0" dynamicThreshold="25" maxThreshold="32" />
  <references type="weak" candidates="95" cleared="94" enqueued="94" />
  <references type="phantom" candidates="2" cleared="0" enqueued="0" />
</gc-op>
<gc-end id="1554" type="scavenge" contextid="1550" durationms="1.352" usertimems="0.000" systemtimems="0.000" timestamp="2019-06-14T20:05:50.145" activeThreads="4">
  <mem-info id="1555" free="2856392" total="9437184" percent="30">
    <mem type="nursery" free="1897680" total="3276800" percent="57">
      <mem type="allocate" free="1897680" total="2424832" percent="78" />
      <mem type="survivor" free="0" total="851968" percent="0" />
    </mem>
    <mem type="tenure" free="958712" total="6160384" percent="15">
      <mem type="soa" free="651512" total="5853184" percent="11" />
      <mem type="loa" free="307200" total="307200" percent="100" />
    </mem>
    <pending-finalizers system="0" default="0" reference="94" classloader="0" />
    <remembered-set count="278" />
  </mem-info>
</gc-end>
<cycle-end id="1556" type="scavenge" contextid="1550" timestamp="2019-06-14T20:05:50.145" />
  <attribute name="elasticGC enabled" value="1" />
  <attribute name= "numThreadsSpecified" value="4" />
  <attribute name="heapSize specified" value="8519680" />
  <attribute name="Current GC Util" value="8" />
  <attribute name= "Current Time Running" value="2913" />
  <attribute name ="GC Interval" value="200" />
  <attribute name="ProportionalT" value="-6.000000" />
  <attribute name="ProportionalI" value="-6.000000" />
  <attribute name="ProportionalH" value="-6.000000" />
  <attribute name="Current Error" value="-12.000000" />
  <attribute name="IntegralT" value="-240.000000" />
  <attribute name="IntegralI" value="-240.000000" />
  <attribute name="IntegralH" value="-240.000000" />
  <attribute name="DerivativeT" value="-0.300000" />
  <attribute name="DerivativeI" value="-0.300000" />
  <attribute name="DerivativeH" value="-0.300000" />
  <attribute name="Loop Time for DT" value="20.000000" />
  <attribute name="Output H" value="2092630016"/>
  <attribute name="Output I" value="200"/>
  <attribute name="Output T" value="4"/>
  <attribute name="Target GC Util Change" value ="20.000000" />
  <attribute name="Current GC Util Change" value="8.000000"/>
  <attribute name="GC Util currently" value="8" />
  <attribute name="CPU Util currently" value="239019279270" />
<allocation-satisfied id="1557" threadId="00000000017DA800" bytesRequested="56" />
<af-end id="1558" timestamp="2019-06-14T20:05:50.145" threadId="00000000017DB188" success="true" from="nursery"/>
<exclusive-end id="1559" timestamp="2019-06-14T20:05:50.145" durationms="2.068" />

<exclusive-start id="1560" timestamp="2019-06-14T20:05:50.165" intervalms="21.874">
  <response-info timems="0.041" idlems="0.041" threads="0" lastid="00000000017DA800" lastname="PmdThread 2" />
</exclusive-start>
<af-start id="1561" threadId="00000000017DB188" totalBytesRequested="16" timestamp="2019-06-14T20:05:50.165" intervalms="21.855" type="nursery" />
<cycle-start id="1562" type="scavenge" contextid="0" timestamp="2019-06-14T20:05:50.165" intervalms="21.669" />
<gc-start id="1563" type="scavenge" contextid="1562" timestamp="2019-06-14T20:05:50.165">
  <mem-info id="1564" free="956304" total="9437184" percent="10">
    <mem type="nursery" free="0" total="3276800" percent="0">
      <mem type="allocate" free="0" total="2424832" percent="0" />
      <mem type="survivor" free="0" total="851968" percent="0" />
    </mem>
    <mem type="tenure" free="956304" total="6160384" percent="15">
      <mem type="soa" free="649104" total="5853184" percent="11" />
      <mem type="loa" free="307200" total="307200" percent="100" />
    </mem>
    <remembered-set count="341" />
  </mem-info>
</gc-start>
<allocation-stats totalBytes="1898784" >
  <allocated-bytes non-tlh="10664" tlh="1888120" />
  <largest-consumer threadName="PmdThread 2" threadId="00000000017DA800" bytes="1077816" />
</allocation-stats>
<gc-op id="1565" type="scavenge" timems="1.425" contextid="1562" timestamp="2019-06-14T20:05:50.166">
  <scavenger-info tenureage="6" tenuremask="7fc0" tiltratio="74" />
  <memory-copied type="nursery" objects="15536" bytes="694376" bytesdiscarded="83072" />
  <references type="soft" candidates="109" cleared="0" enqueued="0" dynamicThreshold="25" maxThreshold="32" />
  <references type="weak" candidates="106" cleared="105" enqueued="105" />
  <references type="phantom" candidates="2" cleared="1" enqueued="1" />
</gc-op>
<gc-end id="1566" type="scavenge" contextid="1562" durationms="1.806" usertimems="4.000" systemtimems="0.000" timestamp="2019-06-14T20:05:50.167" activeThreads="4">
  <mem-info id="1567" free="2472016" total="9437184" percent="26">
    <mem type="nursery" free="1515712" total="3276800" percent="46">
      <mem type="allocate" free="1515712" total="2293760" percent="66" />
      <mem type="survivor" free="0" total="983040" percent="0" />
    </mem>
    <mem type="tenure" free="956304" total="6160384" percent="15">
      <mem type="soa" free="649104" total="5853184" percent="11" />
      <mem type="loa" free="307200" total="307200" percent="100" />
    </mem>
    <pending-finalizers system="0" default="0" reference="106" classloader="0" />
    <remembered-set count="311" />
  </mem-info>
</gc-end>
<cycle-end id="1568" type="scavenge" contextid="1562" timestamp="2019-06-14T20:05:50.167" />
  <attribute name="elasticGC enabled" value="1" />
  <attribute name= "numThreadsSpecified" value="4" />
  <attribute name="heapSize specified" value="8519680" />
  <attribute name="Current GC Util" value="9" />
  <attribute name= "Current Time Running" value="2934" />
  <attribute name ="GC Interval" value="200" />
  <attribute name="ProportionalT" value="-5.500000" />
  <attribute name="ProportionalI" value="-5.500000" />
  <attribute name="ProportionalH" value="-5.500000" />
  <attribute name="Current Error" value="-11.000000" />
  <attribute name="IntegralT" value="-231.000000" />
  <attribute name="IntegralI" value="-231.000000" />
  <attribute name="IntegralH" value="-231.000000" />
  <attribute name="DerivativeT" value="-0.261905" />
  <attribute name="DerivativeI" value="-0.261905" />
  <attribute name="DerivativeH" value="-0.261905" />
  <attribute name="Loop Time for DT" value="21.000000" />
  <attribute name="Output H" value="2092630016"/>
  <attribute name="Output I" value="200"/>
  <attribute name="Output T" value="4"/>
  <attribute name="Target GC Util Change" value ="20.000000" />
  <attribute name="Current GC Util Change" value="9.000000"/>
  <attribute name="GC Util currently" value="9" />
  <attribute name="CPU Util currently" value="212472320961" />
<allocation-satisfied id="1569" threadId="00000000017DA800" bytesRequested="16" />
<af-end id="1570" timestamp="2019-06-14T20:05:50.167" threadId="00000000017DB188" success="true" from="nursery"/>
<exclusive-end id="1571" timestamp="2019-06-14T20:05:50.167" durationms="2.388" />

<exclusive-start id="1572" timestamp="2019-06-14T20:05:50.186" intervalms="21.655">
  <response-info timems="0.037" idlems="0.037" threads="0" lastid="00000000014C6700" lastname="main" />
</exclusive-start>
<af-start id="1573" threadId="00000000014C7088" totalBytesRequested="72" timestamp="2019-06-14T20:05:50.186" intervalms="21.667" type="nursery" />
<cycle-start id="1574" type="scavenge" contextid="0" timestamp="2019-06-14T20:05:50.186" intervalms="21.674" />
<gc-start id="1575" type="scavenge" contextid="1574" timestamp="2019-06-14T20:05:50.187">
  <mem-info id="1576" free="954464" total="9437184" percent="10">
    <mem type="nursery" free="0" total="3276800" percent="0">
      <mem type="allocate" free="0" total="2293760" percent="0" />
      <mem type="survivor" free="0" total="983040" percent="0" />
    </mem>
    <mem type="tenure" free="954464" total="6160384" percent="15">
      <mem type="soa" free="647264" total="5853184" percent="11" />
      <mem type="loa" free="307200" total="307200" percent="100" />
    </mem>
    <remembered-set count="355" />
  </mem-info>
</gc-start>
<allocation-stats totalBytes="1516304" >
  <allocated-bytes non-tlh="1856" tlh="1514448" />
  <largest-consumer threadName="PmdThread 1" threadId="00000000017D6C00" bytes="524784" />
</allocation-stats>
<gc-op id="1577" type="scavenge" timems="1.080" contextid="1574" timestamp="2019-06-14T20:05:50.188">
  <scavenger-info tenureage="3" tenuremask="7ff8" tiltratio="70" />
  <memory-copied type="nursery" objects="12716" bytes="570616" bytesdiscarded="87368" />
  <memory-copied type="tenure" objects="5986" bytes="247464" bytesdiscarded="64" />
  <references type="soft" candidates="14" cleared="0" enqueued="0" dynamicThreshold="25" maxThreshold="32" />
  <references type="weak" candidates="58" cleared="56" enqueued="56" />
  <references type="phantom" candidates="4" cleared="2" enqueued="2" />
</gc-op>
<gc-end id="1578" type="scavenge" contextid="1574" durationms="1.254" usertimems="0.000" systemtimems="4.000" timestamp="2019-06-14T20:05:50.188" activeThreads="4">
  <mem-info id="1579" free="2343192" total="9437184" percent="24">
    <mem type="nursery" free="1700816" total="3276800" percent="51">
      <mem type="allocate" free="1700816" total="2359296" percent="72" />
      <mem type="survivor" free="0" total="917504" percent="0" />
    </mem>
    <mem type="tenure" free="642376" total="6160384" percent="10">
      <mem type="soa" free="335176" total="5853184" percent="5" />
      <mem type="loa" free="307200" total="307200" percent="100" />
    </mem>
    <pending-finalizers system="0" default="0" reference="58" classloader="0" />
    <remembered-set count="366" />
  </mem-info>
</gc-end>
<cycle-end id="1580" type="scavenge" contextid="1574" timestamp="2019-06-14T20:05:50.188" />
  <attribute name="elasticGC enabled" value="1" />
  <attribute name= "numThreadsSpecified" value="4" />
  <attribute name="heapSize specified" value="8519680" />
  <attribute name="Current GC Util" value="12" />
  <attribute name= "Current Time Running" value="2956" />
  <attribute name ="GC Interval" value="200" />
  <attribute name="ProportionalT" value="-4.000000" />
  <attribute name="ProportionalI" value="-4.000000" />
  <attribute name="ProportionalH" value="-4.000000" />
  <attribute name="Current Error" value="-8.000000" />
  <attribute name="IntegralT" value="-176.000000" />
  <attribute name="IntegralI" value="-176.000000" />
  <attribute name="IntegralH" value="-176.000000" />
  <attribute name="DerivativeT" value="-0.181818" />
  <attribute name="DerivativeI" value="-0.181818" />
  <attribute name="DerivativeH" value="-0.181818" />
  <attribute name="Loop Time for DT" value="22.000000" />
  <attribute name="Output H" value="2092630016"/>
  <attribute name="Output I" value="200"/>
  <attribute name="Output T" value="4"/>
  <attribute name="Target GC Util Change" value ="20.000000" />
  <attribute name="Current GC Util Change" value="12.000000"/>
  <attribute name="GC Util currently" value="12" />
  <attribute name="CPU Util currently" value="213049250354" />
<allocation-satisfied id="1581" threadId="00000000014C6700" bytesRequested="72" />
<af-end id="1582" timestamp="2019-06-14T20:05:50.188" threadId="00000000014C7088" success="true" from="nursery"/>
<exclusive-end id="1583" timestamp="2019-06-14T20:05:50.188" durationms="1.671" />

<exclusive-start id="1584" timestamp="2019-06-14T20:05:50.205" intervalms="18.265">
  <response-info timems="0.216" idlems="0.180" threads="2" lastid="00000000017E6000" lastname="PmdThread 4" />
</exclusive-start>
<af-start id="1585" threadId="00000000017DB188" totalBytesRequested="56" timestamp="2019-06-14T20:05:50.205" intervalms="18.267" type="nursery" />
<cycle-start id="1586" type="scavenge" contextid="0" timestamp="2019-06-14T20:05:50.205" intervalms="18.270" />
<gc-start id="1587" type="scavenge" contextid="1586" timestamp="2019-06-14T20:05:50.205">
  <mem-info id="1588" free="642248" total="9437184" percent="6">
    <mem type="nursery" free="0" total="3276800" percent="0">
      <mem type="allocate" free="0" total="2359296" percent="0" />
      <mem type="survivor" free="0" total="917504" percent="0" />
    </mem>
    <mem type="tenure" free="642248" total="6160384" percent="10">
      <mem type="soa" free="335048" total="5853184" percent="5" />
      <mem type="loa" free="307200" total="307200" percent="100" />
    </mem>
    <remembered-set count="380" />
  </mem-info>
</gc-start>
<allocation-stats totalBytes="1697760" >
  <allocated-bytes non-tlh="200" tlh="1697560" />
  <largest-consumer threadName="PmdThread 2" threadId="00000000017DA800" bytes="695736" />
</allocation-stats>
<gc-op id="1589" type="scavenge" timems="1.785" contextid="1586" timestamp="2019-06-14T20:05:50.207">
  <scavenger-info tenureage="5" tenuremask="7fe0" tiltratio="72" />
  <memory-copied type="nursery" objects="13637" bytes="652736" bytesdiscarded="128096" />
  <references type="soft" candidates="16" cleared="0" enqueued="0" dynamicThreshold="25" maxThreshold="32" />
  <references type="weak" candidates="90" cleared="90" enqueued="90" />
  <references type="phantom" candidates="4" cleared="2" enqueued="2" />
</gc-op>
<heap-resize id="1590" type="expand" space="nursery" amount="262144" count="1" timems="0.015" reason="excessive time being spent scavenging" timestamp="2019-06-14T20:05:50.207" />
<gc-end id="1591" type="scavenge" contextid="1586" durationms="2.287" usertimems="4.000" systemtimems="0.000" timestamp="2019-06-14T20:05:50.207" activeThreads="4">
  <mem-info id="1592" free="2351024" total="9699328" percent="24">
    <mem type="nursery" free="1708776" total="3538944" percent="48">
      <mem type="allocate" free="1708776" total="2490368" percent="68" />
      <mem type="survivor" free="0" total="1048576" percent="0" />
    </mem>
    <mem type="tenure" free="642248" total="6160384" percent="10">
      <mem type="soa" free="335048" total="5853184" percent="5" />
      <mem type="loa" free="307200" total="307200" percent="100" />
    </mem>
    <pending-finalizers system="0" default="0" reference="92" classloader="0" />
    <remembered-set count="326" />
  </mem-info>
</gc-end>
<cycle-end id="1593" type="scavenge" contextid="1586" timestamp="2019-06-14T20:05:50.207" />
  <attribute name="elasticGC enabled" value="1" />
  <attribute name= "numThreadsSpecified" value="4" />
  <attribute name="heapSize specified" value="8519680" />
  <attribute name="Current GC Util" value="12" />
  <attribute name= "Current Time Running" value="2974" />
  <attribute name ="GC Interval" value="200" />
  <attribute name="ProportionalT" value="-4.000000" />
  <attribute name="ProportionalI" value="-4.000000" />
  <attribute name="ProportionalH" value="-4.000000" />
  <attribute name="Current Error" value="-8.000000" />
  <attribute name="IntegralT" value="-144.000000" />
  <attribute name="IntegralI" value="-144.000000" />
  <attribute name="IntegralH" value="-144.000000" />
  <attribute name="DerivativeT" value="-0.222222" />
  <attribute name="DerivativeI" value="-0.222222" />
  <attribute name="DerivativeH" value="-0.222222" />
  <attribute name="Loop Time for DT" value="18.000000" />
  <attribute name="Output H" value="2092630016"/>
  <attribute name="Output I" value="200"/>
  <attribute name="Output T" value="4"/>
  <attribute name="Target GC Util Change" value ="20.000000" />
  <attribute name="Current GC Util Change" value="12.000000"/>
  <attribute name="GC Util currently" value="12" />
  <attribute name="CPU Util currently" value="251911905944" />
<allocation-satisfied id="1594" threadId="00000000017DA800" bytesRequested="56" />
<af-end id="1595" timestamp="2019-06-14T20:05:50.208" threadId="00000000017DB188" success="true" from="nursery"/>
<exclusive-end id="1596" timestamp="2019-06-14T20:05:50.208" durationms="3.079" />

<exclusive-start id="1597" timestamp="2019-06-14T20:05:50.238" intervalms="32.972">
  <response-info timems="0.057" idlems="0.057" threads="0" lastid="00000000017E6000" lastname="PmdThread 4" />
</exclusive-start>
<af-start id="1598" threadId="00000000017E6988" totalBytesRequested="32" timestamp="2019-06-14T20:05:50.238" intervalms="32.974" type="nursery" />
<cycle-start id="1599" type="scavenge" contextid="0" timestamp="2019-06-14T20:05:50.238" intervalms="32.991" />
<gc-start id="1600" type="scavenge" contextid="1599" timestamp="2019-06-14T20:05:50.238">
  <mem-info id="1601" free="641656" total="9699328" percent="6">
    <mem type="nursery" free="0" total="3538944" percent="0">
      <mem type="allocate" free="0" total="2490368" percent="0" />
      <mem type="survivor" free="0" total="1048576" percent="0" />
    </mem>
    <mem type="tenure" free="641656" total="6160384" percent="10">
      <mem type="soa" free="334456" total="5853184" percent="5" />
      <mem type="loa" free="307200" total="307200" percent="100" />
    </mem>
    <remembered-set count="395" />
  </mem-info>
</gc-start>
<allocation-stats totalBytes="1701512" >
  <allocated-bytes non-tlh="648" tlh="1700864" />
  <largest-consumer threadName="PmdThread 3" threadId="00000000017E2400" bytes="662568" />
</allocation-stats>
<gc-op id="1602" type="scavenge" timems="1.626" contextid="1599" timestamp="2019-06-14T20:05:50.240">
  <scavenger-info tenureage="5" tenuremask="7fe0" tiltratio="70" />
  <memory-copied type="nursery" objects="12398" bytes="550640" bytesdiscarded="52368" />
  <references type="soft" candidates="28" cleared="0" enqueued="0" dynamicThreshold="25" maxThreshold="32" />
  <references type="weak" candidates="57" cleared="57" enqueued="57" />
  <references type="phantom" candidates="3" cleared="1" enqueued="1" />
</gc-op>
<gc-end id="1603" type="scavenge" contextid="1599" durationms="2.027" usertimems="4.000" systemtimems="0.000" timestamp="2019-06-14T20:05:50.240" activeThreads="4">
  <mem-info id="1604" free="2657856" total="9699328" percent="27">
    <mem type="nursery" free="2016200" total="3538944" percent="56">
      <mem type="allocate" free="2016200" total="2621440" percent="76" />
      <mem type="survivor" free="0" total="917504" percent="0" />
    </mem>
    <mem type="tenure" free="641656" total="6160384" percent="10">
      <mem type="soa" free="334456" total="5853184" percent="5" />
      <mem type="loa" free="307200" total="307200" percent="100" />
    </mem>
    <pending-finalizers system="0" default="0" reference="58" classloader="0" />
    <remembered-set count="367" />
  </mem-info>
</gc-end>
<cycle-end id="1605" type="scavenge" contextid="1599" timestamp="2019-06-14T20:05:50.240" />
  <attribute name="elasticGC enabled" value="1" />
  <attribute name= "numThreadsSpecified" value="4" />
  <attribute name="heapSize specified" value="8519680" />
  <attribute name="Current GC Util" value="9" />
  <attribute name= "Current Time Running" value="3007" />
  <attribute name ="GC Interval" value="200" />
  <attribute name="ProportionalT" value="-5.500000" />
  <attribute name="ProportionalI" value="-5.500000" />
  <attribute name="ProportionalH" value="-5.500000" />
  <attribute name="Current Error" value="-11.000000" />
  <attribute name="IntegralT" value="-363.000000" />
  <attribute name="IntegralI" value="-363.000000" />
  <attribute name="IntegralH" value="-363.000000" />
  <attribute name="DerivativeT" value="-0.166667" />
  <attribute name="DerivativeI" value="-0.166667" />
  <attribute name="DerivativeH" value="-0.166667" />
  <attribute name="Loop Time for DT" value="33.000000" />
  <attribute name="Output H" value="2092630016"/>
  <attribute name="Output I" value="200"/>
  <attribute name="Output T" value="4"/>
  <attribute name="Target GC Util Change" value ="20.000000" />
  <attribute name="Current GC Util Change" value="9.000000"/>
  <attribute name="GC Util currently" value="9" />
  <attribute name="CPU Util currently" value="139616288755" />
<allocation-satisfied id="1606" threadId="00000000017E6000" bytesRequested="32" />
<af-end id="1607" timestamp="2019-06-14T20:05:50.240" threadId="00000000017E6988" success="true" from="nursery"/>
<exclusive-end id="1608" timestamp="2019-06-14T20:05:50.240" durationms="2.764" />

<exclusive-start id="1609" timestamp="2019-06-14T20:05:50.253" intervalms="15.397">
  <response-info timems="0.033" idlems="0.033" threads="0" lastid="00000000017DA800" lastname="PmdThread 2" />
</exclusive-start>
<af-start id="1610" threadId="00000000017DB188" totalBytesRequested="864" timestamp="2019-06-14T20:05:50.253" intervalms="15.480" type="nursery" />
<cycle-start id="1611" type="scavenge" contextid="0" timestamp="2019-06-14T20:05:50.253" intervalms="15.472" />
<gc-start id="1612" type="scavenge" contextid="1611" timestamp="2019-06-14T20:05:50.253">
  <mem-info id="1613" free="641488" total="9699328" percent="6">
    <mem type="nursery" free="0" total="3538944" percent="0">
      <mem type="allocate" free="0" total="2621440" percent="0" />
      <mem type="survivor" free="0" total="917504" percent="0" />
    </mem>
    <mem type="tenure" free="641488" total="6160384" percent="10">
      <mem type="soa" free="334288" total="5853184" percent="5" />
      <mem type="loa" free="307200" total="307200" percent="100" />
    </mem>
    <remembered-set count="402" />
  </mem-info>
</gc-start>
<allocation-stats totalBytes="2015200" >
  <allocated-bytes non-tlh="200" tlh="2015000" />
  <largest-consumer threadName="PmdThread 4" threadId="00000000017E6000" bytes="1019752" />
</allocation-stats>
<gc-op id="1614" type="scavenge" timems="1.002" contextid="1611" timestamp="2019-06-14T20:05:50.254">
  <scavenger-info tenureage="4" tenuremask="7ff0" tiltratio="74" />
  <memory-copied type="nursery" objects="12998" bytes="732168" bytesdiscarded="99920" />
  <memory-copied type="tenure" objects="7686" bytes="257728" bytesdiscarded="152" />
  <references type="soft" candidates="14" cleared="0" enqueued="0" dynamicThreshold="25" maxThreshold="32" />
  <references type="weak" candidates="61" cleared="61" enqueued="61" />
  <references type="phantom" candidates="3" cleared="1" enqueued="1" />
</gc-op>
<heap-resize id="1615" type="expand" space="nursery" amount="262144" count="1" timems="0.015" reason="excessive time being spent scavenging" timestamp="2019-06-14T20:05:50.255" />
<gc-end id="1616" type="scavenge" contextid="1611" durationms="1.356" usertimems="4.000" systemtimems="0.000" timestamp="2019-06-14T20:05:50.255" activeThreads="4">
  <mem-info id="1617" free="2161560" total="9961472" percent="21">
    <mem type="nursery" free="1854360" total="3801088" percent="48">
      <mem type="allocate" free="1854360" total="2686976" percent="69" />
      <mem type="survivor" free="0" total="1114112" percent="0" />
    </mem>
    <mem type="tenure" free="307200" total="6160384" percent="4">
      <mem type="soa" free="0" total="5853184" percent="0" />
      <mem type="loa" free="307200" total="307200" percent="100" />
    </mem>
    <pending-finalizers system="0" default="0" reference="62" classloader="0" />
    <remembered-set count="600" />
  </mem-info>
</gc-end>
<cycle-end id="1618" type="scavenge" contextid="1611" timestamp="2019-06-14T20:05:50.255" />
  <attribute name="elasticGC enabled" value="1" />
  <attribute name= "numThreadsSpecified" value="4" />
  <attribute name="heapSize specified" value="8519680" />
  <attribute name="Current GC Util" value="19" />
  <attribute name= "Current Time Running" value="3023" />
  <attribute name ="GC Interval" value="200" />
  <attribute name="ProportionalT" value="-0.500000" />
  <attribute name="ProportionalI" value="-0.500000" />
  <attribute name="ProportionalH" value="-0.500000" />
  <attribute name="Current Error" value="-1.000000" />
  <attribute name="IntegralT" value="-16.000000" />
  <attribute name="IntegralI" value="-16.000000" />
  <attribute name="IntegralH" value="-16.000000" />
  <attribute name="DerivativeT" value="-0.031250" />
  <attribute name="DerivativeI" value="-0.031250" />
  <attribute name="DerivativeH" value="-0.031250" />
  <attribute name="Loop Time for DT" value="16.000000" />
  <attribute name="Output H" value="2092630016"/>
  <attribute name="Output I" value="200"/>
  <attribute name="Output T" value="4"/>
  <attribute name="Target GC Util Change" value ="20.000000" />
  <attribute name="Current GC Util Change" value="19.000000"/>
  <attribute name="GC Util currently" value="19" />
  <attribute name="CPU Util currently" value="297820570685" />
<allocation-satisfied id="1619" threadId="00000000017DA800" bytesRequested="864" />
<af-end id="1620" timestamp="2019-06-14T20:05:50.255" threadId="00000000017DB188" success="true" from="nursery"/>
<exclusive-end id="1621" timestamp="2019-06-14T20:05:50.255" durationms="2.180" />

<exclusive-start id="1622" timestamp="2019-06-14T20:05:50.257" intervalms="3.901">
  <response-info timems="0.044" idlems="0.044" threads="0" lastid="00000000017D6C00" lastname="PmdThread 1" />
</exclusive-start>
<af-start id="1623" threadId="00000000017D7588" totalBytesRequested="88" timestamp="2019-06-14T20:05:50.257" intervalms="3.798" type="tenure" />
<cycle-start id="1624" type="global" contextid="0" timestamp="2019-06-14T20:05:50.257" intervalms="2224.503" />
<gc-start id="1625" type="global" contextid="1624" timestamp="2019-06-14T20:05:50.257">
  <mem-info id="1626" free="1665944" total="9961472" percent="16">
    <mem type="nursery" free="1358744" total="3801088" percent="35">
      <mem type="allocate" free="1358744" total="2686976" percent="50" />
      <mem type="survivor" free="0" total="1114112" percent="0" />
    </mem>
    <mem type="tenure" free="307200" total="6160384" percent="4">
      <mem type="soa" free="0" total="5853184" percent="0" />
      <mem type="loa" free="307200" total="307200" percent="100" />
    </mem>
    <remembered-set count="607" />
  </mem-info>
</gc-start>
<allocation-stats totalBytes="495448" >
  <allocated-bytes non-tlh="864" tlh="494584" />
  <largest-consumer threadName="PmdThread 4" threadId="00000000017E6000" bytes="171144" />
</allocation-stats>
<gc-op id="1627" type="mark" timems="2.858" contextid="1624" timestamp="2019-06-14T20:05:50.260">
  <trace-info objectcount="95540" scancount="82154" scanbytes="2600924" />
  <finalization candidates="57" enqueued="0" />
  <ownableSynchronizers candidates="8" cleared="0" />
  <references type="soft" candidates="225" cleared="0" enqueued="0" dynamicThreshold="25" maxThreshold="32" />
  <references type="weak" candidates="722" cleared="68" enqueued="48" />
  <references type="phantom" candidates="62" cleared="3" enqueued="3" />
  <stringconstants candidates="4902" cleared="5"  />
</gc-op>
<gc-op id="1628" type="classunload" timems="0.260" contextid="1624" timestamp="2019-06-14T20:05:50.260">
  <classunload-info classloadercandidates="11" classloadersunloaded="1" classesunloaded="1" anonymousclassesunloaded="0" quiescems="0.000" setupms="0.253" scanms="0.005" postms="0.002" />
</gc-op>
<gc-op id="1629" type="sweep" timems="0.227" contextid="1624" timestamp="2019-06-14T20:05:50.261" />
<mem-info id="1630" free="4071640" total="9961472" percent="40">
  <mem type="nursery" free="1944936" total="3801088" percent="51">
    <mem type="allocate" free="1944936" total="2686976" percent="72" />
    <mem type="survivor" free="0" total="1114112" percent="0" />
  </mem>
  <mem type="tenure" free="2126704" total="6160384" percent="34" micro-fragmented="64740" macro-fragmented="0">
    <mem type="soa" free="1819504" total="5853184" percent="31" />
    <mem type="loa" free="307200" total="307200" percent="100" />
  </mem>
  <pending-finalizers system="0" default="0" reference="51" classloader="0" />
  <remembered-set count="597" />
</mem-info>
<gc-op id="1631" type="compact" timems="16.414" contextid="1624" timestamp="2019-06-14T20:05:50.277">
  <compact-info movecount="89678" movebytes="4373544" reason="compact to aid heap contraction" />
</gc-op>
<heap-resize id="1632" type="contract" space="tenure" amount="262144" count="1" timems="0.073" reason="heap reconfiguration" timestamp="2019-06-14T20:05:50.278" />
<gc-end id="1633" type="global" contextid="1624" durationms="21.046" usertimems="24.000" systemtimems="0.000" timestamp="2019-06-14T20:05:50.278" activeThreads="4">
  <mem-info id="1634" free="3918888" total="9699328" percent="40">
    <mem type="nursery" free="1989824" total="3801088" percent="52">
      <mem type="allocate" free="1989824" total="2686976" percent="74" />
      <mem type="survivor" free="0" total="1114112" percent="0" />
    </mem>
    <mem type="tenure" free="1929064" total="5898240" percent="32">
      <mem type="soa" free="1679208" total="5603328" percent="29" />
      <mem type="loa" free="249856" total="294912" percent="84" />
    </mem>
    <pending-finalizers system="0" default="0" reference="51" classloader="0" />
    <remembered-set count="597" />
  </mem-info>
</gc-end>
<cycle-end id="1635" type="global" contextid="1624" timestamp="2019-06-14T20:05:50.278" />
  <attribute name="elasticGC enabled" value="1" />
  <attribute name= "numThreadsSpecified" value="4" />
  <attribute name="heapSize specified" value="9961472" />
  <attribute name="Current GC Util" value="114" />
  <attribute name= "Current Time Running" value="3047" />
  <attribute name ="GC Interval" value="200" />
  <attribute name="ProportionalT" value="47.000000" />
  <attribute name="ProportionalI" value="47.000000" />
  <attribute name="ProportionalH" value="47.000000" />
  <attribute name="Current Error" value="94.000000" />
  <attribute name="IntegralT" value="1598.000000" />
  <attribute name="IntegralI" value="1598.000000" />
  <attribute name="IntegralH" value="1598.000000" />
  <attribute name="DerivativeT" value="2.764706" />
  <attribute name="DerivativeI" value="2.764706" />
  <attribute name="DerivativeH" value="2.764706" />
  <attribute name="Loop Time for DT" value="17.000000" />
  <attribute name="Output H" value="8388608"/>
  <attribute name="Output I" value="1648"/>
  <attribute name="Output T" value="4"/>
  <attribute name="Target GC Util Change" value ="20.000000" />
  <attribute name="Current GC Util Change" value="114.000000"/>
  <attribute name="GC Util currently" value="114" />
  <attribute name="CPU Util currently" value="277163930405" />
<allocation-satisfied id="1636" threadId="00000000017D6C00" bytesRequested="88" />
<af-end id="1637" timestamp="2019-06-14T20:05:50.278" threadId="00000000017D7588" success="true" from="tenure-soa"/>
<exclusive-end id="1638" timestamp="2019-06-14T20:05:50.278" durationms="21.538" />

<exclusive-start id="1639" timestamp="2019-06-14T20:05:50.293" intervalms="35.926">
  <response-info timems="0.082" idlems="0.038" threads="2" lastid="00000000017DA800" lastname="PmdThread 2" />
</exclusive-start>
<af-start id="1640" threadId="00000000017E6988" totalBytesRequested="32" timestamp="2019-06-14T20:05:50.293" intervalms="35.970" type="nursery" />
<cycle-start id="1641" type="scavenge" contextid="0" timestamp="2019-06-14T20:05:50.293" intervalms="39.736" />
<gc-start id="1642" type="scavenge" contextid="1641" timestamp="2019-06-14T20:05:50.293">
  <mem-info id="1643" free="1928944" total="9699328" percent="19">
    <mem type="nursery" free="0" total="3801088" percent="0">
      <mem type="allocate" free="0" total="2686976" percent="0" />
      <mem type="survivor" free="0" total="1114112" percent="0" />
    </mem>
    <mem type="tenure" free="1928944" total="5898240" percent="32">
      <mem type="soa" free="1679088" total="5603328" percent="29" />
      <mem type="loa" free="249856" total="294912" percent="84" />
    </mem>
    <remembered-set count="655" />
  </mem-info>
</gc-start>
<allocation-stats totalBytes="1988104" >
  <allocated-bytes non-tlh="16600" tlh="1971504" />
  <largest-consumer threadName="PmdThread 1" threadId="00000000017D6C00" bytes="990896" />
</allocation-stats>
<gc-op id="1644" type="scavenge" timems="1.314" contextid="1641" timestamp="2019-06-14T20:05:50.294">
  <scavenger-info tenureage="5" tenuremask="7fe0" tiltratio="70" />
  <memory-copied type="nursery" objects="19521" bytes="918520" bytesdiscarded="132672" />
  <ownableSynchronizers candidates="16" cleared="16" />
  <references type="soft" candidates="14" cleared="0" enqueued="0" dynamicThreshold="10" maxThreshold="32" />
  <references type="weak" candidates="65" cleared="65" enqueued="65" />
  <references type="phantom" candidates="3" cleared="1" enqueued="1" />
</gc-op>
<gc-end id="1645" type="scavenge" contextid="1641" durationms="1.468" usertimems="4.000" systemtimems="0.000" timestamp="2019-06-14T20:05:50.294" activeThreads="4">
  <mem-info id="1646" free="3498904" total="9699328" percent="36">
    <mem type="nursery" free="1569960" total="3801088" percent="41">
      <mem type="allocate" free="1569960" total="2621440" percent="59" />
      <mem type="survivor" free="0" total="1179648" percent="0" />
    </mem>
    <mem type="tenure" free="1928944" total="5898240" percent="32">
      <mem type="soa" free="1679088" total="5603328" percent="29" />
      <mem type="loa" free="249856" total="294912" percent="84" />
    </mem>
    <pending-finalizers system="0" default="0" reference="66" classloader="0" />
    <remembered-set count="611" />
  </mem-info>
</gc-end>
<cycle-end id="1647" type="scavenge" contextid="1641" timestamp="2019-06-14T20:05:50.295" />
  <attribute name="elasticGC enabled" value="1" />
  <attribute name= "numThreadsSpecified" value="4" />
  <attribute name="heapSize specified" value="9961472" />
  <attribute name="Current GC Util" value="18" />
  <attribute name= "Current Time Running" value="3062" />
  <attribute name ="GC Interval" value="200" />
  <attribute name="ProportionalT" value="-1.000000" />
  <attribute name="ProportionalI" value="-1.000000" />
  <attribute name="ProportionalH" value="-1.000000" />
  <attribute name="Current Error" value="-2.000000" />
  <attribute name="IntegralT" value="-30.000000" />
  <attribute name="IntegralI" value="-30.000000" />
  <attribute name="IntegralH" value="-30.000000" />
  <attribute name="DerivativeT" value="-3.200000" />
  <attribute name="DerivativeI" value="-3.200000" />
  <attribute name="DerivativeH" value="-3.200000" />
  <attribute name="Loop Time for DT" value="15.000000" />
  <attribute name="Output H" value="2092630016"/>
  <attribute name="Output I" value="200"/>
  <attribute name="Output T" value="4"/>
  <attribute name="Target GC Util Change" value ="20.000000" />
  <attribute name="Current GC Util Change" value="18.000000"/>
  <attribute name="GC Util currently" value="18" />
  <attribute name="CPU Util currently" value="295424838634" />
<allocation-satisfied id="1648" threadId="00000000017E6000" bytesRequested="32" />
<af-end id="1649" timestamp="2019-06-14T20:05:50.295" threadId="00000000017E6988" success="true" from="nursery"/>
<exclusive-end id="1650" timestamp="2019-06-14T20:05:50.295" durationms="2.001" />

<exclusive-start id="1651" timestamp="2019-06-14T20:05:50.299" intervalms="5.906">
  <response-info timems="0.041" idlems="0.021" threads="1" lastid="00000000014CDF00" lastname="JIT Compilation Thread-1" />
</exclusive-start>
<af-start id="1652" threadId="00000000017E6988" totalBytesRequested="16" timestamp="2019-06-14T20:05:50.299" intervalms="5.893" type="nursery" />
<cycle-start id="1653" type="scavenge" contextid="0" timestamp="2019-06-14T20:05:50.299" intervalms="5.939" />
<gc-start id="1654" type="scavenge" contextid="1653" timestamp="2019-06-14T20:05:50.299">
  <mem-info id="1655" free="1928944" total="9699328" percent="19">
    <mem type="nursery" free="0" total="3801088" percent="0">
      <mem type="allocate" free="0" total="2621440" percent="0" />
      <mem type="survivor" free="0" total="1179648" percent="0" />
    </mem>
    <mem type="tenure" free="1928944" total="5898240" percent="32">
      <mem type="soa" free="1679088" total="5603328" percent="29" />
      <mem type="loa" free="249856" total="294912" percent="84" />
    </mem>
    <remembered-set count="652" />
  </mem-info>
</gc-start>
<allocation-stats totalBytes="1566864" >
  <allocated-bytes non-tlh="32" tlh="1566832" />
  <largest-consumer threadName="PmdThread 2" threadId="00000000017DA800" bytes="701864" />
</allocation-stats>
<gc-op id="1656" type="scavenge" timems="2.539" contextid="1653" timestamp="2019-06-14T20:05:50.302">
  <scavenger-info tenureage="4" tenuremask="7ff0" tiltratio="68" />
  <memory-copied type="nursery" objects="21316" bytes="1006592" bytesdiscarded="138176" />
  <memory-copied type="tenure" objects="2799" bytes="93216" bytesdiscarded="40" />
  <references type="soft" candidates="12" cleared="0" enqueued="0" dynamicThreshold="10" maxThreshold="32" />
  <references type="weak" candidates="59" cleared="59" enqueued="59" />
  <references type="phantom" candidates="2" cleared="1" enqueued="1" />
</gc-op>
<heap-resize id="1657" type="expand" space="nursery" amount="524288" count="1" timems="0.016" reason="excessive time being spent scavenging" timestamp="2019-06-14T20:05:50.302" />
<gc-end id="1658" type="scavenge" contextid="1653" durationms="2.968" usertimems="4.000" systemtimems="0.000" timestamp="2019-06-14T20:05:50.302" activeThreads="4">
  <mem-info id="1659" free="3537336" total="10223616" percent="34">
    <mem type="nursery" free="1804232" total="4325376" percent="41">
      <mem type="allocate" free="1804232" total="2949120" percent="61" />
      <mem type="survivor" free="0" total="1376256" percent="0" />
    </mem>
    <mem type="tenure" free="1733104" total="5898240" percent="29">
      <mem type="soa" free="1483248" total="5603328" percent="26" />
      <mem type="loa" free="249856" total="294912" percent="84" />
    </mem>
    <pending-finalizers system="0" default="0" reference="60" classloader="0" />
    <remembered-set count="211" />
  </mem-info>
</gc-end>
<cycle-end id="1660" type="scavenge" contextid="1653" timestamp="2019-06-14T20:05:50.302" />
  <attribute name="elasticGC enabled" value="1" />
  <attribute name= "numThreadsSpecified" value="4" />
  <attribute name="heapSize specified" value="9961472" />
  <attribute name="Current GC Util" value="36" />
  <attribute name= "Current Time Running" value="3068" />
  <attribute name ="GC Interval" value="200" />
  <attribute name="ProportionalT" value="8.000000" />
  <attribute name="ProportionalI" value="8.000000" />
  <attribute name="ProportionalH" value="8.000000" />
  <attribute name="Current Error" value="16.000000" />
  <attribute name="IntegralT" value="96.000000" />
  <attribute name="IntegralI" value="96.000000" />
  <attribute name="IntegralH" value="96.000000" />
  <attribute name="DerivativeT" value="1.333333" />
  <attribute name="DerivativeI" value="1.333333" />
  <attribute name="DerivativeH" value="1.333333" />
  <attribute name="Loop Time for DT" value="6.000000" />
  <attribute name="Output H" value="8388608"/>
  <attribute name="Output I" value="200"/>
  <attribute name="Output T" value="4"/>
  <attribute name="Target GC Util Change" value ="20.000000" />
  <attribute name="Current GC Util Change" value="36.000000"/>
  <attribute name="GC Util currently" value="36" />
  <attribute name="CPU Util currently" value="770765027138" />
<allocation-satisfied id="1661" threadId="00000000017E6000" bytesRequested="16" />
<af-end id="1662" timestamp="2019-06-14T20:05:50.302" threadId="00000000017E6988" success="true" from="nursery"/>
<exclusive-end id="1663" timestamp="2019-06-14T20:05:50.302" durationms="3.649" />

<exclusive-start id="1664" timestamp="2019-06-14T20:05:50.317" intervalms="18.437">
  <response-info timems="0.096" idlems="0.096" threads="0" lastid="00000000017D6C00" lastname="PmdThread 1" />
</exclusive-start>
<af-start id="1665" threadId="00000000017D7588" totalBytesRequested="144" timestamp="2019-06-14T20:05:50.317" intervalms="18.443" type="nursery" />
<cycle-start id="1666" type="scavenge" contextid="0" timestamp="2019-06-14T20:05:50.317" intervalms="18.408" />
<gc-start id="1667" type="scavenge" contextid="1666" timestamp="2019-06-14T20:05:50.317">
  <mem-info id="1668" free="1732608" total="10223616" percent="16">
    <mem type="nursery" free="0" total="4325376" percent="0">
      <mem type="allocate" free="0" total="2949120" percent="0" />
      <mem type="survivor" free="0" total="1376256" percent="0" />
    </mem>
    <mem type="tenure" free="1732608" total="5898240" percent="29">
      <mem type="soa" free="1482752" total="5603328" percent="26" />
      <mem type="loa" free="249856" total="294912" percent="84" />
    </mem>
    <remembered-set count="259" />
  </mem-info>
</gc-start>
<allocation-stats totalBytes="1803712" >
  <allocated-bytes non-tlh="512" tlh="1803200" />
  <largest-consumer threadName="PmdThread 4" threadId="00000000017E6000" bytes="1081136" />
</allocation-stats>
<gc-op id="1669" type="scavenge" timems="2.604" contextid="1666" timestamp="2019-06-14T20:05:50.320">
  <scavenger-info tenureage="3" tenuremask="7ff8" tiltratio="68" />
  <memory-copied type="nursery" objects="19525" bytes="790080" bytesdiscarded="107248" />
  <memory-copied type="tenure" objects="7096" bytes="345472" bytesdiscarded="736" />
  <references type="weak" candidates="21" cleared="20" enqueued="20" />
  <references type="phantom" candidates="5" cleared="4" enqueued="4" />
</gc-op>
<heap-resize id="1670" type="expand" space="nursery" amount="262144" count="1" timems="0.012" reason="excessive time being spent scavenging" timestamp="2019-06-14T20:05:50.320" />
<gc-end id="1671" type="scavenge" contextid="1666" durationms="2.883" usertimems="4.000" systemtimems="0.000" timestamp="2019-06-14T20:05:50.320" activeThreads="4">
  <mem-info id="1672" free="3756560" total="10485760" percent="35">
    <mem type="nursery" free="2379120" total="4587520" percent="51">
      <mem type="allocate" free="2379120" total="3276800" percent="72" />
      <mem type="survivor" free="0" total="1310720" percent="0" />
    </mem>
    <mem type="tenure" free="1377440" total="5898240" percent="23">
      <mem type="soa" free="1127584" total="5603328" percent="20" />
      <mem type="loa" free="249856" total="294912" percent="84" />
    </mem>
    <pending-finalizers system="0" default="0" reference="24" classloader="0" />
    <remembered-set count="645" />
  </mem-info>
</gc-end>
<cycle-end id="1673" type="scavenge" contextid="1666" timestamp="2019-06-14T20:05:50.320" />
  <attribute name="elasticGC enabled" value="1" />
  <attribute name= "numThreadsSpecified" value="4" />
  <attribute name="heapSize specified" value="9961472" />
  <attribute name="Current GC Util" value="23" />
  <attribute name= "Current Time Running" value="3087" />
  <attribute name ="GC Interval" value="200" />
  <attribute name="ProportionalT" value="1.500000" />
  <attribute name="ProportionalI" value="1.500000" />
  <attribute name="ProportionalH" value="1.500000" />
  <attribute name="Current Error" value="3.000000" />
  <attribute name="IntegralT" value="57.000000" />
  <attribute name="IntegralI" value="57.000000" />
  <attribute name="IntegralH" value="57.000000" />
  <attribute name="DerivativeT" value="-0.342105" />
  <attribute name="DerivativeI" value="-0.342105" />
  <attribute name="DerivativeH" value="-0.342105" />
  <attribute name="Loop Time for DT" value="19.000000" />
  <attribute name="Output H" value="8388608"/>
  <attribute name="Output I" value="200"/>
  <attribute name="Output T" value="4"/>
  <attribute name="Target GC Util Change" value ="20.000000" />
  <attribute name="Current GC Util Change" value="23.000000"/>
  <attribute name="GC Util currently" value="23" />
  <attribute name="CPU Util currently" value="250196191984" />
<allocation-satisfied id="1674" threadId="00000000017D6C00" bytesRequested="144" />
<af-end id="1675" timestamp="2019-06-14T20:05:50.321" threadId="00000000017D7588" success="true" from="nursery"/>
<exclusive-end id="1676" timestamp="2019-06-14T20:05:50.321" durationms="3.558" />

<exclusive-start id="1677" timestamp="2019-06-14T20:05:50.332" intervalms="14.497">
  <response-info timems="0.063" idlems="0.063" threads="0" lastid="00000000017D6C00" lastname="PmdThread 1" />
</exclusive-start>
<af-start id="1678" threadId="00000000017D7588" totalBytesRequested="16" timestamp="2019-06-14T20:05:50.332" intervalms="14.504" type="nursery" />
<cycle-start id="1679" type="scavenge" contextid="0" timestamp="2019-06-14T20:05:50.332" intervalms="14.517" />
<gc-start id="1680" type="scavenge" contextid="1679" timestamp="2019-06-14T20:05:50.332">
  <mem-info id="1681" free="1374800" total="10485760" percent="13">
    <mem type="nursery" free="0" total="4587520" percent="0">
      <mem type="allocate" free="0" total="3276800" percent="0" />
      <mem type="survivor" free="0" total="1310720" percent="0" />
    </mem>
    <mem type="tenure" free="1374800" total="5898240" percent="23">
      <mem type="soa" free="1124944" total="5603328" percent="20" />
      <mem type="loa" free="249856" total="294912" percent="84" />
    </mem>
    <remembered-set count="729" />
  </mem-info>
</gc-start>
<allocation-stats totalBytes="2379336" >
  <allocated-bytes non-tlh="35568" tlh="2343768" />
  <largest-consumer threadName="PmdThread 4" threadId="00000000017E6000" bytes="1078352" />
</allocation-stats>
<gc-op id="1682" type="scavenge" timems="2.870" contextid="1679" timestamp="2019-06-14T20:05:50.335">
  <scavenger-info tenureage="3" tenuremask="7ff8" tiltratio="71" />
  <memory-copied type="nursery" objects="14541" bytes="543224" bytesdiscarded="60944" />
  <memory-copied type="tenure" objects="8529" bytes="439688" bytesdiscarded="136" />
  <references type="weak" candidates="48" cleared="47" enqueued="47" />
  <references type="phantom" candidates="9" cleared="6" enqueued="6" />
</gc-op>
<heap-resize id="1683" type="expand" space="nursery" amount="524288" count="1" timems="0.014" reason="excessive time being spent scavenging" timestamp="2019-06-14T20:05:50.335" />
<gc-end id="1684" type="scavenge" contextid="1679" durationms="3.163" usertimems="0.000" systemtimems="4.000" timestamp="2019-06-14T20:05:50.335" activeThreads="4">
  <mem-info id="1685" free="4210792" total="11010048" percent="38">
    <mem type="nursery" free="3262024" total="5111808" percent="63">
      <mem type="allocate" free="3262024" total="3866624" percent="84" />
      <mem type="survivor" free="0" total="1245184" percent="0" />
    </mem>
    <mem type="tenure" free="948768" total="5898240" percent="16">
      <mem type="soa" free="698912" total="5603328" percent="12" />
      <mem type="loa" free="249856" total="294912" percent="84" />
    </mem>
    <pending-finalizers system="0" default="0" reference="53" classloader="0" />
    <remembered-set count="1083" />
  </mem-info>
</gc-end>
<cycle-end id="1686" type="scavenge" contextid="1679" timestamp="2019-06-14T20:05:50.335" />
  <attribute name="elasticGC enabled" value="1" />
  <attribute name= "numThreadsSpecified" value="4" />
  <attribute name="heapSize specified" value="9961472" />
  <attribute name="Current GC Util" value="31" />
  <attribute name= "Current Time Running" value="3101" />
  <attribute name ="GC Interval" value="200" />
  <attribute name="ProportionalT" value="5.500000" />
  <attribute name="ProportionalI" value="5.500000" />
  <attribute name="ProportionalH" value="5.500000" />
  <attribute name="Current Error" value="11.000000" />
  <attribute name="IntegralT" value="154.000000" />
  <attribute name="IntegralI" value="154.000000" />
  <attribute name="IntegralH" value="154.000000" />
  <attribute name="DerivativeT" value="0.285714" />
  <attribute name="DerivativeI" value="0.285714" />
  <attribute name="DerivativeH" value="0.285714" />
  <attribute name="Loop Time for DT" value="14.000000" />
  <attribute name="Output H" value="8388608"/>
  <attribute name="Output I" value="200"/>
  <attribute name="Output T" value="4"/>
  <attribute name="Target GC Util Change" value ="20.000000" />
  <attribute name="Current GC Util Change" value="31.000000"/>
  <attribute name="GC Util currently" value="31" />
  <attribute name="CPU Util currently" value="318384953151" />
<allocation-satisfied id="1687" threadId="00000000017D6C00" bytesRequested="16" />
<af-end id="1688" timestamp="2019-06-14T20:05:50.335" threadId="00000000017D7588" success="true" from="nursery"/>
<exclusive-end id="1689" timestamp="2019-06-14T20:05:50.336" durationms="3.955" />

<exclusive-start id="1690" timestamp="2019-06-14T20:05:50.351" intervalms="18.955">
  <response-info timems="0.054" idlems="0.054" threads="0" lastid="00000000017D6C00" lastname="PmdThread 1" />
</exclusive-start>
<af-start id="1691" threadId="00000000017D7588" totalBytesRequested="64" timestamp="2019-06-14T20:05:50.351" intervalms="18.935" type="nursery" />
<cycle-start id="1692" type="scavenge" contextid="0" timestamp="2019-06-14T20:05:50.351" intervalms="18.924" />
<gc-start id="1693" type="scavenge" contextid="1692" timestamp="2019-06-14T20:05:50.351">
  <mem-info id="1694" free="948024" total="11010048" percent="8">
    <mem type="nursery" free="0" total="5111808" percent="0">
      <mem type="allocate" free="0" total="3866624" percent="0" />
      <mem type="survivor" free="0" total="1245184" percent="0" />
    </mem>
    <mem type="tenure" free="948024" total="5898240" percent="16">
      <mem type="soa" free="698168" total="5603328" percent="12" />
      <mem type="loa" free="249856" total="294912" percent="84" />
    </mem>
    <remembered-set count="1420" />
  </mem-info>
</gc-start>
<allocation-stats totalBytes="3257752" >
  <allocated-bytes non-tlh="760" tlh="3256992" />
  <largest-consumer threadName="PmdThread 4" threadId="00000000017E6000" bytes="2032320" />
</allocation-stats>
<gc-op id="1695" type="scavenge" timems="2.107" contextid="1692" timestamp="2019-06-14T20:05:50.353">
  <scavenger-info tenureage="3" tenuremask="7ff8" tiltratio="75" />
  <memory-copied type="nursery" objects="13831" bytes="618992" bytesdiscarded="127648" />
  <memory-copied type="tenure" objects="4007" bytes="145480" bytesdiscarded="80" />
  <references type="weak" candidates="103" cleared="102" enqueued="102" />
  <references type="phantom" candidates="6" cleared="3" enqueued="3" />
</gc-op>
<heap-resize id="1696" type="expand" space="nursery" amount="262144" count="1" timems="0.013" reason="excessive time being spent scavenging" timestamp="2019-06-14T20:05:50.353" />
<gc-end id="1697" type="scavenge" contextid="1692" durationms="2.403" usertimems="4.000" systemtimems="0.000" timestamp="2019-06-14T20:05:50.353" activeThreads="4">
  <mem-info id="1698" free="4312560" total="11272192" percent="38">
    <mem type="nursery" free="3512760" total="5373952" percent="65">
      <mem type="allocate" free="3512760" total="4259840" percent="82" />
      <mem type="survivor" free="0" total="1114112" percent="0" />
    </mem>
    <mem type="tenure" free="799800" total="5898240" percent="13">
      <mem type="soa" free="549944" total="5603328" percent="9" />
      <mem type="loa" free="249856" total="294912" percent="84" />
    </mem>
    <pending-finalizers system="0" default="0" reference="105" classloader="0" />
    <remembered-set count="1222" />
  </mem-info>
</gc-end>
<cycle-end id="1699" type="scavenge" contextid="1692" timestamp="2019-06-14T20:05:50.353" />
  <attribute name="elasticGC enabled" value="1" />
  <attribute name= "numThreadsSpecified" value="4" />
  <attribute name="heapSize specified" value="9961472" />
  <attribute name="Current GC Util" value="24" />
  <attribute name= "Current Time Running" value="3120" />
  <attribute name ="GC Interval" value="200" />
  <attribute name="ProportionalT" value="2.000000" />
  <attribute name="ProportionalI" value="2.000000" />
  <attribute name="ProportionalH" value="2.000000" />
  <attribute name="Current Error" value="4.000000" />
  <attribute name="IntegralT" value="76.000000" />
  <attribute name="IntegralI" value="76.000000" />
  <attribute name="IntegralH" value="76.000000" />
  <attribute name="DerivativeT" value="-0.184211" />
  <attribute name="DerivativeI" value="-0.184211" />
  <attribute name="DerivativeH" value="-0.184211" />
  <attribute name="Loop Time for DT" value="19.000000" />
  <attribute name="Output H" value="8388608"/>
  <attribute name="Output I" value="200"/>
  <attribute name="Output T" value="4"/>
  <attribute name="Target GC Util Change" value ="20.000000" />
  <attribute name="Current GC Util Change" value="24.000000"/>
  <attribute name="GC Util currently" value="24" />
  <attribute name="CPU Util currently" value="243858906657" />
<allocation-satisfied id="1700" threadId="00000000017D6C00" bytesRequested="64" />
<af-end id="1701" timestamp="2019-06-14T20:05:50.353" threadId="00000000017D7588" success="true" from="nursery"/>
<exclusive-end id="1702" timestamp="2019-06-14T20:05:50.354" durationms="2.988" />

<exclusive-start id="1703" timestamp="2019-06-14T20:05:50.370" intervalms="19.059">
  <response-info timems="0.055" idlems="0.055" threads="0" lastid="00000000017D6C00" lastname="PmdThread 1" />
</exclusive-start>
<af-start id="1704" threadId="00000000017D7588" totalBytesRequested="8200" timestamp="2019-06-14T20:05:50.370" intervalms="19.048" type="nursery" />
<cycle-start id="1705" type="scavenge" contextid="0" timestamp="2019-06-14T20:05:50.370" intervalms="19.076" />
<gc-start id="1706" type="scavenge" contextid="1705" timestamp="2019-06-14T20:05:50.370">
  <mem-info id="1707" free="799768" total="11272192" percent="7">
    <mem type="nursery" free="0" total="5373952" percent="0">
      <mem type="allocate" free="0" total="4259840" percent="0" />
      <mem type="survivor" free="0" total="1114112" percent="0" />
    </mem>
    <mem type="tenure" free="799768" total="5898240" percent="13">
      <mem type="soa" free="549912" total="5603328" percent="9" />
      <mem type="loa" free="249856" total="294912" percent="84" />
    </mem>
    <remembered-set count="1265" />
  </mem-info>
</gc-start>
<allocation-stats totalBytes="3491200" >
  <allocated-bytes non-tlh="96" tlh="3491104" />
  <largest-consumer threadName="PmdThread 4" threadId="00000000017E6000" bytes="1339264" />
</allocation-stats>
<gc-op id="1708" type="scavenge" timems="1.611" contextid="1705" timestamp="2019-06-14T20:05:50.372">
  <scavenger-info tenureage="3" tenuremask="7ff8" tiltratio="79" />
  <memory-copied type="nursery" objects="6311" bytes="415304" bytesdiscarded="7216" />
  <memory-copied type="tenure" objects="6619" bytes="189896" bytesdiscarded="56" />
  <references type="soft" candidates="5" cleared="0" enqueued="0" dynamicThreshold="10" maxThreshold="32" />
  <references type="weak" candidates="26" cleared="26" enqueued="26" />
  <references type="phantom" candidates="6" cleared="2" enqueued="2" />
</gc-op>
<gc-end id="1709" type="scavenge" contextid="1705" durationms="1.829" usertimems="0.000" systemtimems="0.000" timestamp="2019-06-14T20:05:50.372" activeThreads="1">
  <mem-info id="1710" free="4557792" total="11272192" percent="40">
    <mem type="nursery" free="3967688" total="5373952" percent="73">
      <mem type="allocate" free="3967688" total="4390912" percent="90" />
      <mem type="survivor" free="0" total="983040" percent="0" />
    </mem>
    <mem type="tenure" free="590104" total="5898240" percent="10">
      <mem type="soa" free="340248" total="5603328" percent="6" />
      <mem type="loa" free="249856" total="294912" percent="84" />
    </mem>
    <pending-finalizers system="0" default="0" reference="28" classloader="0" />
    <remembered-set count="342" />
  </mem-info>
</gc-end>
<cycle-end id="1711" type="scavenge" contextid="1705" timestamp="2019-06-14T20:05:50.372" />
  <attribute name="elasticGC enabled" value="1" />
  <attribute name= "numThreadsSpecified" value="1" />
  <attribute name="heapSize specified" value="9961472" />
  <attribute name="Current GC Util" value="20" />
  <attribute name= "Current Time Running" value="3140" />
  <attribute name ="GC Interval" value="200" />
  <attribute name="ProportionalT" value="0.000000" />
  <attribute name="ProportionalI" value="0.000000" />
  <attribute name="ProportionalH" value="0.000000" />
  <attribute name="Current Error" value="0.000000" />
  <attribute name="IntegralT" value="0.000000" />
  <attribute name="IntegralI" value="0.000000" />
  <attribute name="IntegralH" value="0.000000" />
  <attribute name="DerivativeT" value="-0.100000" />
  <attribute name="DerivativeI" value="-0.100000" />
  <attribute name="DerivativeH" value="-0.100000" />
  <attribute name="Loop Time for DT" value="20.000000" />
  <attribute name="Output H" value="8388608"/>
  <attribute name="Output I" value="200"/>
  <attribute name="Output T" value="1"/>
  <attribute name="Target GC Util Change" value ="20.000000" />
  <attribute name="Current GC Util Change" value="20.000000"/>
  <attribute name="GC Util currently" value="20" />
  <attribute name="CPU Util currently" value="239404289974" />
<allocation-satisfied id="1712" threadId="00000000017D6C00" bytesRequested="8200" />
<af-end id="1713" timestamp="2019-06-14T20:05:50.372" threadId="00000000017D7588" success="true" from="nursery"/>
<exclusive-end id="1714" timestamp="2019-06-14T20:05:50.372" durationms="2.529" />

<concurrent-kickoff id="1715" timestamp="2019-06-14T20:05:50.395">
  <kickoff reason="threshold reached" targetBytes="1750597" thresholdFreeBytes="242796"  remainingFree="232128" tenureFreeBytes="589920" nurseryFreeBytes="232128" />
</concurrent-kickoff>
<exclusive-start id="1716" timestamp="2019-06-14T20:05:50.395" intervalms="25.353">
  <response-info timems="0.067" idlems="0.067" threads="0" lastid="00000000017D6C00" lastname="PmdThread 1" />
</exclusive-start>
<cycle-start id="1717" type="global" contextid="0" timestamp="2019-06-14T20:05:50.395" intervalms="138.085" />
<exclusive-end id="1718" timestamp="2019-06-14T20:05:50.395" durationms="0.161" />

<exclusive-start id="1719" timestamp="2019-06-14T20:05:50.396" intervalms="1.241">
  <response-info timems="0.044" idlems="0.044" threads="0" lastid="00000000017DA800" lastname="PmdThread 2" />
</exclusive-start>
<af-start id="1720" threadId="00000000017DB188" totalBytesRequested="72" timestamp="2019-06-14T20:05:50.396" intervalms="26.596" type="nursery" />
<cycle-start id="1721" type="scavenge" contextid="0" timestamp="2019-06-14T20:05:50.396" intervalms="26.578" />
<gc-start id="1722" type="scavenge" contextid="1721" timestamp="2019-06-14T20:05:50.396">
  <mem-info id="1723" free="589920" total="11272192" percent="5">
    <mem type="nursery" free="0" total="5373952" percent="0">
      <mem type="allocate" free="0" total="4390912" percent="0" />
      <mem type="survivor" free="0" total="983040" percent="0" />
    </mem>
    <mem type="tenure" free="589920" total="5898240" percent="10">
      <mem type="soa" free="340064" total="5603328" percent="6" />
      <mem type="loa" free="249856" total="294912" percent="84" />
    </mem>
    <remembered-set count="383" />
  </mem-info>
</gc-start>
<allocation-stats totalBytes="3966072" >
  <allocated-bytes non-tlh="8384" tlh="3957688" />
  <largest-consumer threadName="PmdThread 1" threadId="00000000017D6C00" bytes="1726008" />
</allocation-stats>
<gc-op id="1724" type="scavenge" timems="0.892" contextid="1721" timestamp="2019-06-14T20:05:50.397">
  <scavenger-info tenureage="4" tenuremask="7ff0" tiltratio="81" />
  <memory-copied type="nursery" objects="15400" bytes="817232" bytesdiscarded="133056" />
  <references type="soft" candidates="5" cleared="0" enqueued="0" dynamicThreshold="10" maxThreshold="32" />
  <references type="weak" candidates="28" cleared="27" enqueued="26" />
  <references type="phantom" candidates="5" cleared="2" enqueued="2" />
</gc-op>
<gc-end id="1725" type="scavenge" contextid="1721" durationms="1.062" usertimems="4.000" systemtimems="0.000" timestamp="2019-06-14T20:05:50.398" activeThreads="4">
  <mem-info id="1726" free="3766960" total="11272192" percent="33">
    <mem type="nursery" free="3177040" total="5373952" percent="59">
      <mem type="allocate" free="3177040" total="4128768" percent="76" />
      <mem type="survivor" free="0" total="1245184" percent="0" />
    </mem>
    <mem type="tenure" free="589920" total="5898240" percent="10">
      <mem type="soa" free="340064" total="5603328" percent="6" />
      <mem type="loa" free="249856" total="294912" percent="84" />
    </mem>
    <pending-finalizers system="0" default="0" reference="28" classloader="0" />
    <remembered-set count="364" />
  </mem-info>
</gc-end>
<cycle-end id="1727" type="scavenge" contextid="1721" timestamp="2019-06-14T20:05:50.398" />
  <attribute name="elasticGC enabled" value="1" />
  <attribute name= "numThreadsSpecified" value="4" />
  <attribute name="heapSize specified" value="9961472" />
  <attribute name="Current GC Util" value="5" />
  <attribute name= "Current Time Running" value="3166" />
  <attribute name ="GC Interval" value="200" />
  <attribute name="ProportionalT" value="-7.500000" />
  <attribute name="ProportionalI" value="-7.500000" />
  <attribute name="ProportionalH" value="-7.500000" />
  <attribute name="Current Error" value="-15.000000" />
  <attribute name="IntegralT" value="-390.000000" />
  <attribute name="IntegralI" value="-390.000000" />
  <attribute name="IntegralH" value="-390.000000" />
  <attribute name="DerivativeT" value="-0.288462" />
  <attribute name="DerivativeI" value="-0.288462" />
  <attribute name="DerivativeH" value="-0.288462" />
  <attribute name="Loop Time for DT" value="26.000000" />
  <attribute name="Output H" value="2092630016"/>
  <attribute name="Output I" value="200"/>
  <attribute name="Output T" value="4"/>
  <attribute name="Target GC Util Change" value ="20.000000" />
  <attribute name="Current GC Util Change" value="5.000000"/>
  <attribute name="GC Util currently" value="5" />
  <attribute name="CPU Util currently" value="174669951544" />
<allocation-satisfied id="1728" threadId="00000000017DA800" bytesRequested="72" />
<af-end id="1729" timestamp="2019-06-14T20:05:50.398" threadId="00000000017DB188" success="true" from="nursery"/>
<exclusive-end id="1730" timestamp="2019-06-14T20:05:50.398" durationms="1.551" />

<exclusive-start id="1731" timestamp="2019-06-14T20:05:50.416" intervalms="19.663">
  <response-info timems="0.057" idlems="0.057" threads="0" lastid="00000000017E6000" lastname="PmdThread 4" />
</exclusive-start>
<af-start id="1732" threadId="00000000017E6988" totalBytesRequested="40" timestamp="2019-06-14T20:05:50.416" intervalms="19.651" type="nursery" />
<cycle-start id="1733" type="scavenge" contextid="0" timestamp="2019-06-14T20:05:50.416" intervalms="19.658" />
<gc-start id="1734" type="scavenge" contextid="1733" timestamp="2019-06-14T20:05:50.416">
  <mem-info id="1735" free="589920" total="11272192" percent="5">
    <mem type="nursery" free="0" total="5373952" percent="0">
      <mem type="allocate" free="0" total="4128768" percent="0" />
      <mem type="survivor" free="0" total="1245184" percent="0" />
    </mem>
    <mem type="tenure" free="589920" total="5898240" percent="10">
      <mem type="soa" free="340064" total="5603328" percent="6" />
      <mem type="loa" free="249856" total="294912" percent="84" />
    </mem>
    <remembered-set count="385" />
  </mem-info>
</gc-start>
<allocation-stats totalBytes="3176216" >
  <allocated-bytes non-tlh="72" tlh="3176144" />
  <largest-consumer threadName="PmdThread 1" threadId="00000000017D6C00" bytes="1363656" />
</allocation-stats>
<gc-op id="1736" type="scavenge" timems="1.758" contextid="1733" timestamp="2019-06-14T20:05:50.418">
  <scavenger-info tenureage="4" tenuremask="7ff0" tiltratio="76" />
  <memory-copied type="nursery" objects="18501" bytes="1150288" bytesdiscarded="94672" />
  <memory-copied type="tenure" objects="3800" bytes="119328" bytesdiscarded="160" />
  <copy-failed type="nursery" objects="531" bytes="25408" />
  <references type="soft" candidates="5" cleared="0" enqueued="0" dynamicThreshold="10" maxThreshold="32" />
  <references type="weak" candidates="32" cleared="31" enqueued="31" />
  <references type="phantom" candidates="6" cleared="3" enqueued="3" />
</gc-op>
<heap-resize id="1737" type="expand" space="nursery" amount="393216" count="1" timems="0.014" reason="excessive time being spent scavenging" timestamp="2019-06-14T20:05:50.418" />
<gc-end id="1738" type="scavenge" contextid="1733" durationms="2.182" usertimems="4.000" systemtimems="0.000" timestamp="2019-06-14T20:05:50.418" activeThreads="4">
  <mem-info id="1739" free="3159392" total="11665408" percent="27">
    <mem type="nursery" free="2686976" total="5767168" percent="46">
      <mem type="allocate" free="2686976" total="3932160" percent="68" />
      <mem type="survivor" free="0" total="1835008" percent="0" />
    </mem>
    <mem type="tenure" free="472416" total="5898240" percent="8">
      <mem type="soa" free="222560" total="5603328" percent="3" />
      <mem type="loa" free="249856" total="294912" percent="84" />
    </mem>
    <pending-finalizers system="0" default="0" reference="34" classloader="0" />
    <remembered-set count="356" />
  </mem-info>
</gc-end>
<cycle-end id="1740" type="scavenge" contextid="1733" timestamp="2019-06-14T20:05:50.418" />
  <attribute name="elasticGC enabled" value="1" />
  <attribute name= "numThreadsSpecified" value="4" />
  <attribute name="heapSize specified" value="9961472" />
  <attribute name="Current GC Util" value="14" />
  <attribute name= "Current Time Running" value="3186" />
  <attribute name ="GC Interval" value="200" />
  <attribute name="ProportionalT" value="-3.000000" />
  <attribute name="ProportionalI" value="-3.000000" />
  <attribute name="ProportionalH" value="-3.000000" />
  <attribute name="Current Error" value="-6.000000" />
  <attribute name="IntegralT" value="-120.000000" />
  <attribute name="IntegralI" value="-120.000000" />
  <attribute name="IntegralH" value="-120.000000" />
  <attribute name="DerivativeT" value="-0.150000" />
  <attribute name="DerivativeI" value="-0.150000" />
  <attribute name="DerivativeH" value="-0.150000" />
  <attribute name="Loop Time for DT" value="20.000000" />
  <attribute name="Output H" value="2092630016"/>
  <attribute name="Output I" value="200"/>
  <attribute name="Output T" value="4"/>
  <attribute name="Target GC Util Change" value ="20.000000" />
  <attribute name="Current GC Util Change" value="14.000000"/>
  <attribute name="GC Util currently" value="14" />
  <attribute name="CPU Util currently" value="234384767759" />
<allocation-satisfied id="1741" threadId="00000000017E6000" bytesRequested="40" />
<af-end id="1742" timestamp="2019-06-14T20:05:50.419" threadId="00000000017E6988" success="true" from="nursery"/>
<exclusive-end id="1743" timestamp="2019-06-14T20:05:50.419" durationms="2.776" />

<exclusive-start id="1744" timestamp="2019-06-14T20:05:50.439" intervalms="22.908">
  <response-info timems="0.048" idlems="0.048" threads="0" lastid="00000000017E6000" lastname="PmdThread 4" />
</exclusive-start>
<af-start id="1745" threadId="00000000017E6988" totalBytesRequested="48" timestamp="2019-06-14T20:05:50.439" intervalms="22.887" type="nursery" />
<cycle-start id="1746" type="scavenge" contextid="0" timestamp="2019-06-14T20:05:50.439" intervalms="22.874" />
<gc-start id="1747" type="scavenge" contextid="1746" timestamp="2019-06-14T20:05:50.439">
  <mem-info id="1748" free="472232" total="11665408" percent="4">
    <mem type="nursery" free="0" total="5767168" percent="0">
      <mem type="allocate" free="0" total="3932160" percent="0" />
      <mem type="survivor" free="0" total="1835008" percent="0" />
    </mem>
    <mem type="tenure" free="472232" total="5898240" percent="8">
      <mem type="soa" free="222376" total="5603328" percent="3" />
      <mem type="loa" free="249856" total="294912" percent="84" />
    </mem>
    <remembered-set count="379" />
  </mem-info>
</gc-start>
<allocation-stats totalBytes="2683248" >
  <allocated-bytes non-tlh="224" tlh="2683024" />
  <largest-consumer threadName="PmdThread 3" threadId="00000000017E2400" bytes="1020304" />
</allocation-stats>
<gc-op id="1749" type="scavenge" timems="2.533" contextid="1746" timestamp="2019-06-14T20:05:50.442">
  <scavenger-info tenureage="4" tenuremask="7ff0" tiltratio="68" />
  <memory-copied type="nursery" objects="17752" bytes="1159496" bytesdiscarded="122120" />
  <memory-copied type="tenure" objects="64" bytes="7968" bytesdiscarded="0" />
  <references type="soft" candidates="5" cleared="0" enqueued="0" dynamicThreshold="10" maxThreshold="32" />
  <references type="weak" candidates="4" cleared="3" enqueued="2" />
  <references type="phantom" candidates="3" cleared="2" enqueued="2" />
</gc-op>
<heap-resize id="1750" type="expand" space="nursery" amount="262144" count="1" timems="0.014" reason="excessive time being spent scavenging" timestamp="2019-06-14T20:05:50.442" />
<gc-end id="1751" type="scavenge" contextid="1746" durationms="2.992" usertimems="8.000" systemtimems="0.000" timestamp="2019-06-14T20:05:50.442" activeThreads="4">
  <mem-info id="1752" free="3449360" total="11927552" percent="28">
    <mem type="nursery" free="2977128" total="6029312" percent="49">
      <mem type="allocate" free="2977128" total="4259840" percent="69" />
      <mem type="survivor" free="0" total="1769472" percent="0" />
    </mem>
    <mem type="tenure" free="472232" total="5898240" percent="8">
      <mem type="soa" free="222376" total="5603328" percent="3" />
      <mem type="loa" free="249856" total="294912" percent="84" />
    </mem>
    <pending-finalizers system="0" default="0" reference="4" classloader="0" />
    <remembered-set count="346" />
  </mem-info>
</gc-end>
<cycle-end id="1753" type="scavenge" contextid="1746" timestamp="2019-06-14T20:05:50.442" />
  <attribute name="elasticGC enabled" value="1" />
  <attribute name= "numThreadsSpecified" value="4" />
  <attribute name="heapSize specified" value="9961472" />
  <attribute name="Current GC Util" value="17" />
  <attribute name= "Current Time Running" value="3208" />
  <attribute name ="GC Interval" value="200" />
  <attribute name="ProportionalT" value="-1.500000" />
  <attribute name="ProportionalI" value="-1.500000" />
  <attribute name="ProportionalH" value="-1.500000" />
  <attribute name="Current Error" value="-3.000000" />
  <attribute name="IntegralT" value="-66.000000" />
  <attribute name="IntegralI" value="-66.000000" />
  <attribute name="IntegralH" value="-66.000000" />
  <attribute name="DerivativeT" value="-0.068182" />
  <attribute name="DerivativeI" value="-0.068182" />
  <attribute name="DerivativeH" value="-0.068182" />
  <attribute name="Loop Time for DT" value="22.000000" />
  <attribute name="Output H" value="2092630016"/>
  <attribute name="Output I" value="200"/>
  <attribute name="Output T" value="4"/>
  <attribute name="Target GC Util Change" value ="20.000000" />
  <attribute name="Current GC Util Change" value="17.000000"/>
  <attribute name="GC Util currently" value="17" />
  <attribute name="CPU Util currently" value="201887709240" />
<allocation-satisfied id="1754" threadId="00000000017E6000" bytesRequested="48" />
<af-end id="1755" timestamp="2019-06-14T20:05:50.443" threadId="00000000017E6988" success="true" from="nursery"/>
<exclusive-end id="1756" timestamp="2019-06-14T20:05:50.443" durationms="3.859" />

<exclusive-start id="1757" timestamp="2019-06-14T20:05:50.443" intervalms="4.236">
  <response-info timems="0.186" idlems="0.186" threads="0" lastid="00000000014C6700" lastname="main" />
</exclusive-start>
<concurrent-collection-start id="1758" timestamp="2019-06-14T20:05:50.443" intervalms="3338.019" >
  <concurrent-trace-info reason="card cleaning threshold reached" tracedByMutators="2018884" tracedByHelpers="827580" cardsCleaned="183" workStackOverflowCount="0" />
</concurrent-collection-start>
<gc-start id="1759" type="global" contextid="1717" timestamp="2019-06-14T20:05:50.443">
  <mem-info id="1760" free="3387872" total="11927552" percent="28">
    <mem type="nursery" free="2915640" total="6029312" percent="48">
      <mem type="allocate" free="2915640" total="4259840" percent="68" />
      <mem type="survivor" free="0" total="1769472" percent="0" />
    </mem>
    <mem type="tenure" free="472232" total="5898240" percent="8">
      <mem type="soa" free="222376" total="5603328" percent="3" />
      <mem type="loa" free="249856" total="294912" percent="84" />
    </mem>
    <pending-finalizers system="0" default="0" reference="4" classloader="0" />
    <remembered-set count="346" />
  </mem-info>
</gc-start>
<allocation-stats totalBytes="61488" >
  <allocated-bytes non-tlh="48" tlh="61440" />
  <largest-consumer threadName="PmdThread 4" threadId="00000000017E6000" bytes="53296" />
</allocation-stats>
<gc-op id="1761" type="rs-scan" timems="0.451" contextid="1717" timestamp="2019-06-14T20:05:50.444">
  <scan objectsFound="178" bytesTraced="126352" workStackOverflowCount="0" />
</gc-op>
<gc-op id="1762" type="card-cleaning" timems="0.232" contextid="1717" timestamp="2019-06-14T20:05:50.444">
  <card-cleaning cardsCleaned="36" bytesTraced="31808" workStackOverflowCount="0" />
</gc-op>
<gc-op id="1763" type="mark" timems="0.798" contextid="1717" timestamp="2019-06-14T20:05:50.445">
  <trace-info objectcount="13577" scancount="12252" scanbytes="425100" />
  <finalization candidates="57" enqueued="0" />
  <ownableSynchronizers candidates="8" cleared="0" />
  <references type="soft" candidates="230" cleared="0" enqueued="0" dynamicThreshold="10" maxThreshold="32" />
  <references type="weak" candidates="656" cleared="0" enqueued="0" />
  <references type="phantom" candidates="62" cleared="0" enqueued="0" />
  <stringconstants candidates="4941" cleared="0"  />
</gc-op>
<gc-op id="1764" type="sweep" timems="0.249" contextid="1717" timestamp="2019-06-14T20:05:50.446" />
<mem-info id="1765" free="4390408" total="11927552" percent="36">
  <mem type="nursery" free="3168880" total="6029312" percent="52">
    <mem type="allocate" free="3168880" total="4259840" percent="74" />
    <mem type="survivor" free="0" total="1769472" percent="0" />
  </mem>
  <mem type="tenure" free="1221528" total="5898240" percent="20" micro-fragmented="68361" macro-fragmented="0">
    <mem type="soa" free="926616" total="5603328" percent="16" />
    <mem type="loa" free="294912" total="294912" percent="100" />
  </mem>
  <pending-finalizers system="0" default="0" reference="4" classloader="0" />
  <remembered-set count="231" />
</mem-info>
<gc-op id="1766" type="compact" timems="19.313" contextid="1717" timestamp="2019-06-14T20:05:50.465">
  <compact-info movecount="103730" movebytes="5025688" reason="compact to aid heap contraction" />
</gc-op>
<heap-resize id="1767" type="contract" space="tenure" amount="262144" count="1" timems="0.083" reason="heap reconfiguration" timestamp="2019-06-14T20:05:50.466" />
<gc-end id="1768" type="global" contextid="1717" durationms="22.438" usertimems="28.000" systemtimems="0.000" timestamp="2019-06-14T20:05:50.466" activeThreads="4">
  <mem-info id="1769" free="4124936" total="11665408" percent="35">
    <mem type="nursery" free="3175568" total="6029312" percent="52">
      <mem type="allocate" free="3175568" total="4259840" percent="74" />
      <mem type="survivor" free="0" total="1769472" percent="0" />
    </mem>
    <mem type="tenure" free="949368" total="5636096" percent="16">
      <mem type="soa" free="700536" total="5354496" percent="13" />
      <mem type="loa" free="248832" total="281600" percent="88" />
    </mem>
    <pending-finalizers system="0" default="0" reference="4" classloader="0" />
    <remembered-set count="231" />
  </mem-info>
</gc-end>
<cycle-end id="1770" type="global" contextid="1717" timestamp="2019-06-14T20:05:50.466" />
  <attribute name="elasticGC enabled" value="1" />
  <attribute name= "numThreadsSpecified" value="4" />
  <attribute name="heapSize specified" value="11927552" />
  <attribute name="Current GC Util" value="115" />
  <attribute name= "Current Time Running" value="3235" />
  <attribute name ="GC Interval" value="200" />
  <attribute name="ProportionalT" value="47.500000" />
  <attribute name="ProportionalI" value="47.500000" />
  <attribute name="ProportionalH" value="47.500000" />
  <attribute name="Current Error" value="95.000000" />
  <attribute name="IntegralT" value="1900.000000" />
  <attribute name="IntegralI" value="1900.000000" />
  <attribute name="IntegralH" value="1900.000000" />
  <attribute name="DerivativeT" value="2.375000" />
  <attribute name="DerivativeI" value="2.375000" />
  <attribute name="DerivativeH" value="2.375000" />
  <attribute name="Loop Time for DT" value="20.000000" />
  <attribute name="Output H" value="8388608"/>
  <attribute name="Output I" value="1952"/>
  <attribute name="Output T" value="4"/>
  <attribute name="Target GC Util Change" value ="20.000000" />
  <attribute name="Current GC Util Change" value="115.000000"/>
  <attribute name="GC Util currently" value="115" />
  <attribute name="CPU Util currently" value="236748643484" />
<concurrent-collection-end id="1771" timestamp="2019-06-14T20:05:50.466" />
<exclusive-end id="1772" timestamp="2019-06-14T20:05:50.466" durationms="23.100" />

<exclusive-start id="1773" timestamp="2019-06-14T20:05:50.477" intervalms="34.187">
  <response-info timems="0.059" idlems="0.059" threads="0" lastid="00000000017D6C00" lastname="PmdThread 1" />
</exclusive-start>
<af-start id="1774" threadId="00000000017D7588" totalBytesRequested="24" timestamp="2019-06-14T20:05:50.477" intervalms="38.461" type="nursery" />
<cycle-start id="1775" type="scavenge" contextid="0" timestamp="2019-06-14T20:05:50.477" intervalms="38.463" />
<gc-start id="1776" type="scavenge" contextid="1775" timestamp="2019-06-14T20:05:50.477">
  <mem-info id="1777" free="949176" total="11665408" percent="8">
    <mem type="nursery" free="0" total="6029312" percent="0">
      <mem type="allocate" free="0" total="4259840" percent="0" />
      <mem type="survivor" free="0" total="1769472" percent="0" />
    </mem>
    <mem type="tenure" free="949176" total="5636096" percent="16">
      <mem type="soa" free="700344" total="5354496" percent="13" />
      <mem type="loa" free="248832" total="281600" percent="88" />
    </mem>
    <remembered-set count="277" />
  </mem-info>
</gc-start>
<allocation-stats totalBytes="3167544" >
  <allocated-bytes non-tlh="192" tlh="3167352" />
  <largest-consumer threadName="PmdThread 2" threadId="00000000017DA800" bytes="1019080" />
</allocation-stats>
<gc-op id="1778" type="scavenge" timems="1.052" contextid="1775" timestamp="2019-06-14T20:05:50.479">
  <scavenger-info tenureage="4" tenuremask="7ff0" tiltratio="70" />
  <memory-copied type="nursery" objects="14744" bytes="1079272" bytesdiscarded="201192" />
  <memory-copied type="tenure" objects="613" bytes="81544" bytesdiscarded="0" />
  <ownableSynchronizers candidates="16" cleared="16" />
  <references type="weak" candidates="44" cleared="43" enqueued="42" />
  <references type="phantom" candidates="7" cleared="6" enqueued="6" />
</gc-op>
<gc-end id="1779" type="scavenge" contextid="1775" durationms="1.225" usertimems="0.000" systemtimems="0.000" timestamp="2019-06-14T20:05:50.479" activeThreads="4">
  <mem-info id="1780" free="3895848" total="11665408" percent="33">
    <mem type="nursery" free="3172728" total="6029312" percent="52">
      <mem type="allocate" free="3172728" total="4456448" percent="71" />
      <mem type="survivor" free="0" total="1572864" percent="0" />
    </mem>
    <mem type="tenure" free="723120" total="5636096" percent="12">
      <mem type="soa" free="474288" total="5354496" percent="8" />
      <mem type="loa" free="248832" total="281600" percent="88" />
    </mem>
    <pending-finalizers system="0" default="0" reference="48" classloader="0" />
    <remembered-set count="226" />
  </mem-info>
</gc-end>
<cycle-end id="1781" type="scavenge" contextid="1775" timestamp="2019-06-14T20:05:50.479" />
  <attribute name="elasticGC enabled" value="1" />
  <attribute name= "numThreadsSpecified" value="4" />
  <attribute name="heapSize specified" value="11927552" />
  <attribute name="Current GC Util" value="30" />
  <attribute name= "Current Time Running" value="3247" />
  <attribute name ="GC Interval" value="200" />
  <attribute name="ProportionalT" value="5.000000" />
  <attribute name="ProportionalI" value="5.000000" />
  <attribute name="ProportionalH" value="5.000000" />
  <attribute name="Current Error" value="10.000000" />
  <attribute name="IntegralT" value="120.000000" />
  <attribute name="IntegralI" value="120.000000" />
  <attribute name="IntegralH" value="120.000000" />
  <attribute name="DerivativeT" value="-3.541667" />
  <attribute name="DerivativeI" value="-3.541667" />
  <attribute name="DerivativeH" value="-3.541667" />
  <attribute name="Loop Time for DT" value="12.000000" />
  <attribute name="Output H" value="8388608"/>
  <attribute name="Output I" value="200"/>
  <attribute name="Output T" value="4"/>
  <attribute name="Target GC Util Change" value ="20.000000" />
  <attribute name="Current GC Util Change" value="30.000000"/>
  <attribute name="GC Util currently" value="30" />
  <attribute name="CPU Util currently" value="380100719846" />
<allocation-satisfied id="1782" threadId="00000000017D6C00" bytesRequested="24" />
<af-end id="1783" timestamp="2019-06-14T20:05:50.479" threadId="00000000017D7588" success="true" from="nursery"/>
<exclusive-end id="1784" timestamp="2019-06-14T20:05:50.479" durationms="1.768" />

<exclusive-start id="1785" timestamp="2019-06-14T20:05:50.491" intervalms="13.879">
  <response-info timems="0.104" idlems="0.104" threads="0" lastid="00000000017D6C00" lastname="PmdThread 1" />
</exclusive-start>
<af-start id="1786" threadId="00000000017D7588" totalBytesRequested="56" timestamp="2019-06-14T20:05:50.491" intervalms="13.866" type="nursery" />
<cycle-start id="1787" type="scavenge" contextid="0" timestamp="2019-06-14T20:05:50.491" intervalms="13.859" />
<gc-start id="1788" type="scavenge" contextid="1787" timestamp="2019-06-14T20:05:50.491">
  <mem-info id="1789" free="722592" total="11665408" percent="6">
    <mem type="nursery" free="0" total="6029312" percent="0">
      <mem type="allocate" free="0" total="4456448" percent="0" />
      <mem type="survivor" free="0" total="1572864" percent="0" />
    </mem>
    <mem type="tenure" free="722592" total="5636096" percent="12">
      <mem type="soa" free="473760" total="5354496" percent="8" />
      <mem type="loa" free="248832" total="281600" percent="88" />
    </mem>
    <remembered-set count="277" />
  </mem-info>
</gc-start>
<allocation-stats totalBytes="3170000" >
  <allocated-bytes non-tlh="552" tlh="3169448" />
  <largest-consumer threadName="PmdThread 1" threadId="00000000017D6C00" bytes="1132696" />
</allocation-stats>
<gc-op id="1790" type="scavenge" timems="1.877" contextid="1787" timestamp="2019-06-14T20:05:50.493">
  <scavenger-info tenureage="4" tenuremask="7ff0" tiltratio="73" />
  <memory-copied type="nursery" objects="8947" bytes="876768" bytesdiscarded="82392" />
  <memory-copied type="tenure" objects="91" bytes="3096" bytesdiscarded="0" />
  <references type="weak" candidates="42" cleared="42" enqueued="42" />
  <references type="phantom" candidates="17" cleared="10" enqueued="10" />
</gc-op>
<heap-resize id="1791" type="expand" space="nursery" amount="393216" count="1" timems="0.016" reason="excessive time being spent scavenging" timestamp="2019-06-14T20:05:50.493" />
<gc-end id="1792" type="scavenge" contextid="1787" durationms="2.117" usertimems="4.000" systemtimems="0.000" timestamp="2019-06-14T20:05:50.493" activeThreads="4">
  <mem-info id="1793" free="4546760" total="12058624" percent="37">
    <mem type="nursery" free="3824168" total="6422528" percent="59">
      <mem type="allocate" free="3824168" total="4784128" percent="79" />
      <mem type="survivor" free="0" total="1638400" percent="0" />
    </mem>
    <mem type="tenure" free="722592" total="5636096" percent="12">
      <mem type="soa" free="473760" total="5354496" percent="8" />
      <mem type="loa" free="248832" total="281600" percent="88" />
    </mem>
    <pending-finalizers system="0" default="0" reference="52" classloader="0" />
    <remembered-set count="220" />
  </mem-info>
</gc-end>
<cycle-end id="1794" type="scavenge" contextid="1787" timestamp="2019-06-14T20:05:50.493" />
  <attribute name="elasticGC enabled" value="1" />
  <attribute name= "numThreadsSpecified" value="4" />
  <attribute name="heapSize specified" value="11927552" />
  <attribute name="Current GC Util" value="15" />
  <attribute name= "Current Time Running" value="3261" />
  <attribute name ="GC Interval" value="200" />
  <attribute name="ProportionalT" value="-2.500000" />
  <attribute name="ProportionalI" value="-2.500000" />
  <attribute name="ProportionalH" value="-2.500000" />
  <attribute name="Current Error" value="-5.000000" />
  <attribute name="IntegralT" value="-70.000000" />
  <attribute name="IntegralI" value="-70.000000" />
  <attribute name="IntegralH" value="-70.000000" />
  <attribute name="DerivativeT" value="-0.535714" />
  <attribute name="DerivativeI" value="-0.535714" />
  <attribute name="DerivativeH" value="-0.535714" />
  <attribute name="Loop Time for DT" value="14.000000" />
  <attribute name="Output H" value="2092630016"/>
  <attribute name="Output I" value="200"/>
  <attribute name="Output T" value="4"/>
  <attribute name="Target GC Util Change" value ="20.000000" />
  <attribute name="Current GC Util Change" value="15.000000"/>
  <attribute name="GC Util currently" value="15" />
  <attribute name="CPU Util currently" value="332737175719" />
<allocation-satisfied id="1795" threadId="00000000017D6C00" bytesRequested="56" />
<af-end id="1796" timestamp="2019-06-14T20:05:50.494" threadId="00000000017D7588" success="true" from="nursery"/>
<exclusive-end id="1797" timestamp="2019-06-14T20:05:50.494" durationms="2.678" />

<exclusive-start id="1798" timestamp="2019-06-14T20:05:50.510" intervalms="19.304">
  <response-info timems="0.045" idlems="0.024" threads="1" lastid="00000000017E6000" lastname="PmdThread 4" />
</exclusive-start>
<af-start id="1799" threadId="00000000017DB188" totalBytesRequested="1992" timestamp="2019-06-14T20:05:50.510" intervalms="19.303" type="nursery" />
<cycle-start id="1800" type="scavenge" contextid="0" timestamp="2019-06-14T20:05:50.511" intervalms="19.306" />
<gc-start id="1801" type="scavenge" contextid="1800" timestamp="2019-06-14T20:05:50.511">
  <mem-info id="1802" free="718072" total="12058624" percent="5">
    <mem type="nursery" free="0" total="6422528" percent="0">
      <mem type="allocate" free="0" total="4784128" percent="0" />
      <mem type="survivor" free="0" total="1638400" percent="0" />
    </mem>
    <mem type="tenure" free="718072" total="5636096" percent="12">
      <mem type="soa" free="469240" total="5354496" percent="8" />
      <mem type="loa" free="248832" total="281600" percent="88" />
    </mem>
    <remembered-set count="337" />
  </mem-info>
</gc-start>
<allocation-stats totalBytes="3811240" >
  <allocated-bytes non-tlh="4576" tlh="3806664" />
  <largest-consumer threadName="PmdThread 1" threadId="00000000017D6C00" bytes="1190688" />
</allocation-stats>
<gc-op id="1803" type="scavenge" timems="2.828" contextid="1800" timestamp="2019-06-14T20:05:50.513">
  <scavenger-info tenureage="4" tenuremask="7ff0" tiltratio="74" />
  <memory-copied type="nursery" objects="19278" bytes="1246200" bytesdiscarded="115888" />
  <memory-copied type="tenure" objects="448" bytes="66096" bytesdiscarded="0" />
  <references type="weak" candidates="52" cleared="51" enqueued="51" />
  <references type="phantom" candidates="23" cleared="13" enqueued="13" />
</gc-op>
<heap-resize id="1804" type="expand" space="nursery" amount="524288" count="1" timems="0.015" reason="excessive time being spent scavenging" timestamp="2019-06-14T20:05:50.514" />
<gc-end id="1805" type="scavenge" contextid="1800" durationms="3.306" usertimems="8.000" systemtimems="0.000" timestamp="2019-06-14T20:05:50.514" activeThreads="4">
  <mem-info id="1806" free="4298288" total="12582912" percent="34">
    <mem type="nursery" free="3683144" total="6946816" percent="53">
      <mem type="allocate" free="3683144" total="5046272" percent="72" />
      <mem type="survivor" free="0" total="1900544" percent="0" />
    </mem>
    <mem type="tenure" free="615144" total="5636096" percent="10">
      <mem type="soa" free="366312" total="5354496" percent="6" />
      <mem type="loa" free="248832" total="281600" percent="88" />
    </mem>
    <pending-finalizers system="0" default="0" reference="64" classloader="0" />
    <remembered-set count="311" />
  </mem-info>
</gc-end>
<cycle-end id="1807" type="scavenge" contextid="1800" timestamp="2019-06-14T20:05:50.514" />
  <attribute name="elasticGC enabled" value="1" />
  <attribute name= "numThreadsSpecified" value="4" />
  <attribute name="heapSize specified" value="11927552" />
  <attribute name="Current GC Util" value="21" />
  <attribute name= "Current Time Running" value="3280" />
  <attribute name ="GC Interval" value="200" />
  <attribute name="ProportionalT" value="0.500000" />
  <attribute name="ProportionalI" value="0.500000" />
  <attribute name="ProportionalH" value="0.500000" />
  <attribute name="Current Error" value="1.000000" />
  <attribute name="IntegralT" value="19.000000" />
  <attribute name="IntegralI" value="19.000000" />
  <attribute name="IntegralH" value="19.000000" />
  <attribute name="DerivativeT" value="0.026316" />
  <attribute name="DerivativeI" value="0.026316" />
  <attribute name="DerivativeH" value="0.026316" />
  <attribute name="Loop Time for DT" value="19.000000" />
  <attribute name="Output H" value="8388608"/>
  <attribute name="Output I" value="200"/>
  <attribute name="Output T" value="4"/>
  <attribute name="Target GC Util Change" value ="20.000000" />
  <attribute name="Current GC Util Change" value="21.000000"/>
  <attribute name="GC Util currently" value="21" />
  <attribute name="CPU Util currently" value="238997577074" />
<allocation-satisfied id="1808" threadId="00000000017DA800" bytesRequested="1992" />
<af-end id="1809" timestamp="2019-06-14T20:05:50.514" threadId="00000000017DB188" success="true" from="nursery"/>
<exclusive-end id="1810" timestamp="2019-06-14T20:05:50.514" durationms="3.914" />

<exclusive-start id="1811" timestamp="2019-06-14T20:05:50.532" intervalms="21.718">
  <response-info timems="0.061" idlems="0.032" threads="1" lastid="00000000017DA800" lastname="PmdThread 2" />
</exclusive-start>
<af-start id="1812" threadId="00000000017E6988" totalBytesRequested="48" timestamp="2019-06-14T20:05:50.532" intervalms="21.724" type="nursery" />
<cycle-start id="1813" type="scavenge" contextid="0" timestamp="2019-06-14T20:05:50.532" intervalms="21.723" />
<gc-start id="1814" type="scavenge" contextid="1813" timestamp="2019-06-14T20:05:50.532">
  <mem-info id="1815" free="614736" total="12582912" percent="4">
    <mem type="nursery" free="0" total="6946816" percent="0">
      <mem type="allocate" free="0" total="5046272" percent="0" />
      <mem type="survivor" free="0" total="1900544" percent="0" />
    </mem>
    <mem type="tenure" free="614736" total="5636096" percent="10">
      <mem type="soa" free="365904" total="5354496" percent="6" />
      <mem type="loa" free="248832" total="281600" percent="88" />
    </mem>
    <remembered-set count="352" />
  </mem-info>
</gc-start>
<allocation-stats totalBytes="3680272" >
  <allocated-bytes non-tlh="2400" tlh="3677872" />
  <largest-consumer threadName="PmdThread 1" threadId="00000000017D6C00" bytes="1482024" />
</allocation-stats>
<gc-op id="1816" type="scavenge" timems="2.547" contextid="1813" timestamp="2019-06-14T20:05:50.535">
  <scavenger-info tenureage="4" tenuremask="7ff0" tiltratio="72" />
  <memory-copied type="nursery" objects="20066" bytes="1320432" bytesdiscarded="83136" />
  <memory-copied type="tenure" objects="197" bytes="8976" bytesdiscarded="0" />
  <references type="weak" candidates="123" cleared="122" enqueued="122" />
  <references type="phantom" candidates="22" cleared="13" enqueued="13" />
</gc-op>
<heap-resize id="1817" type="expand" space="nursery" amount="393216" count="1" timems="0.014" reason="excessive time being spent scavenging" timestamp="2019-06-14T20:05:50.535" />
<gc-end id="1818" type="scavenge" contextid="1813" durationms="2.952" usertimems="0.000" systemtimems="4.000" timestamp="2019-06-14T20:05:50.535" activeThreads="4">
  <mem-info id="1819" free="4806224" total="12976128" percent="37">
    <mem type="nursery" free="4230656" total="7340032" percent="57">
      <mem type="allocate" free="4230656" total="5636096" percent="75" />
      <mem type="survivor" free="0" total="1703936" percent="0" />
    </mem>
    <mem type="tenure" free="575568" total="5636096" percent="10">
      <mem type="soa" free="326736" total="5354496" percent="6" />
      <mem type="loa" free="248832" total="281600" percent="88" />
    </mem>
    <pending-finalizers system="0" default="0" reference="135" classloader="0" />
    <remembered-set count="319" />
  </mem-info>
</gc-end>
<cycle-end id="1820" type="scavenge" contextid="1813" timestamp="2019-06-14T20:05:50.535" />
  <attribute name="elasticGC enabled" value="1" />
  <attribute name= "numThreadsSpecified" value="4" />
  <attribute name="heapSize specified" value="11927552" />
  <attribute name="Current GC Util" value="30" />
  <attribute name= "Current Time Running" value="3302" />
  <attribute name ="GC Interval" value="232" />
  <attribute name="ProportionalT" value="5.000000" />
  <attribute name="ProportionalI" value="5.000000" />
  <attribute name="ProportionalH" value="5.000000" />
  <attribute name="Current Error" value="10.000000" />
  <attribute name="IntegralT" value="220.000000" />
  <attribute name="IntegralI" value="220.000000" />
  <attribute name="IntegralH" value="220.000000" />
  <attribute name="DerivativeT" value="0.204545" />
  <attribute name="DerivativeI" value="0.204545" />
  <attribute name="DerivativeH" value="0.204545" />
  <attribute name="Loop Time for DT" value="22.000000" />
  <attribute name="Output H" value="8388608"/>
  <attribute name="Output I" value="232"/>
  <attribute name="Output T" value="4"/>
  <attribute name="Target GC Util Change" value ="20.000000" />
  <attribute name="Current GC Util Change" value="30.000000"/>
  <attribute name="GC Util currently" value="30" />
  <attribute name="CPU Util currently" value="212149066610" />
<allocation-satisfied id="1821" threadId="00000000017E6000" bytesRequested="48" />
<af-end id="1822" timestamp="2019-06-14T20:05:50.536" threadId="00000000017E6988" success="true" from="nursery"/>
<exclusive-end id="1823" timestamp="2019-06-14T20:05:50.536" durationms="3.731" />

<exclusive-start id="1824" timestamp="2019-06-14T20:05:50.550" intervalms="18.301">
  <response-info timems="0.055" idlems="0.055" threads="0" lastid="00000000017DA800" lastname="PmdThread 2" />
</exclusive-start>
<af-start id="1825" threadId="00000000017DB188" totalBytesRequested="56" timestamp="2019-06-14T20:05:50.551" intervalms="18.311" type="nursery" />
<cycle-start id="1826" type="scavenge" contextid="0" timestamp="2019-06-14T20:05:50.551" intervalms="18.292" />
<gc-start id="1827" type="scavenge" contextid="1826" timestamp="2019-06-14T20:05:50.551">
  <mem-info id="1828" free="575240" total="12976128" percent="4">
    <mem type="nursery" free="0" total="7340032" percent="0">
      <mem type="allocate" free="0" total="5636096" percent="0" />
      <mem type="survivor" free="0" total="1703936" percent="0" />
    </mem>
    <mem type="tenure" free="575240" total="5636096" percent="10">
      <mem type="soa" free="326408" total="5354496" percent="6" />
      <mem type="loa" free="248832" total="281600" percent="88" />
    </mem>
    <remembered-set count="369" />
  </mem-info>
</gc-start>
<allocation-stats totalBytes="4219728" >
  <allocated-bytes non-tlh="376" tlh="4219352" />
  <largest-consumer threadName="PmdThread 1" threadId="00000000017D6C00" bytes="1760304" />
</allocation-stats>
<gc-op id="1829" type="scavenge" timems="3.520" contextid="1826" timestamp="2019-06-14T20:05:50.554">
  <scavenger-info tenureage="3" tenuremask="7ff8" tiltratio="76" />
  <memory-copied type="nursery" objects="16215" bytes="959248" bytesdiscarded="62048" />
  <memory-copied type="tenure" objects="4426" bytes="343816" bytesdiscarded="104" />
  <references type="soft" candidates="11" cleared="0" enqueued="0" dynamicThreshold="5" maxThreshold="32" />
  <references type="weak" candidates="92" cleared="92" enqueued="92" />
  <references type="phantom" candidates="14" cleared="8" enqueued="8" />
</gc-op>
<heap-resize id="1830" type="expand" space="nursery" amount="655360" count="1" timems="0.021" reason="excessive time being spent scavenging" timestamp="2019-06-14T20:05:50.554" />
<gc-end id="1831" type="scavenge" contextid="1826" durationms="3.968" usertimems="8.000" systemtimems="0.000" timestamp="2019-06-14T20:05:50.555" activeThreads="4">
  <mem-info id="1832" free="5482560" total="13631488" percent="40">
    <mem type="nursery" free="5201272" total="7995392" percent="65">
      <mem type="allocate" free="5201272" total="6225920" percent="83" />
      <mem type="survivor" free="0" total="1769472" percent="0" />
    </mem>
    <mem type="tenure" free="281288" total="5636096" percent="4">
      <mem type="soa" free="32456" total="5354496" percent="0" />
      <mem type="loa" free="248832" total="281600" percent="88" />
    </mem>
    <pending-finalizers system="0" default="0" reference="100" classloader="0" />
    <remembered-set count="580" />
  </mem-info>
</gc-end>
<cycle-end id="1833" type="scavenge" contextid="1826" timestamp="2019-06-14T20:05:50.555" />
  <attribute name="elasticGC enabled" value="1" />
  <attribute name= "numThreadsSpecified" value="4" />
  <attribute name="heapSize specified" value="11927552" />
  <attribute name="Current GC Util" value="33" />
  <attribute name= "Current Time Running" value="3320" />
  <attribute name ="GC Interval" value="240" />
  <attribute name="ProportionalT" value="6.500000" />
  <attribute name="ProportionalI" value="6.500000" />
  <attribute name="ProportionalH" value="6.500000" />
  <attribute name="Current Error" value="13.000000" />
  <attribute name="IntegralT" value="234.000000" />
  <attribute name="IntegralI" value="234.000000" />
  <attribute name="IntegralH" value="234.000000" />
  <attribute name="DerivativeT" value="0.083333" />
  <attribute name="DerivativeI" value="0.083333" />
  <attribute name="DerivativeH" value="0.083333" />
  <attribute name="Loop Time for DT" value="18.000000" />
  <attribute name="Output H" value="8388608"/>
  <attribute name="Output I" value="240"/>
  <attribute name="Output T" value="4"/>
  <attribute name="Target GC Util Change" value ="20.000000" />
  <attribute name="Current GC Util Change" value="33.000000"/>
  <attribute name="GC Util currently" value="33" />
  <attribute name="CPU Util currently" value="252405141639" />
<allocation-satisfied id="1834" threadId="00000000017DA800" bytesRequested="56" />
<af-end id="1835" timestamp="2019-06-14T20:05:50.555" threadId="00000000017DB188" success="true" from="nursery"/>
<exclusive-end id="1836" timestamp="2019-06-14T20:05:50.555" durationms="4.685" />

<concurrent-kickoff id="1837" timestamp="2019-06-14T20:05:50.573">
  <kickoff reason="threshold reached" targetBytes="1865505" thresholdFreeBytes="259498"  remainingFree="134520" tenureFreeBytes="281288" nurseryFreeBytes="134520" />
</concurrent-kickoff>
<exclusive-start id="1838" timestamp="2019-06-14T20:05:50.573" intervalms="22.581">
  <response-info timems="0.073" idlems="0.073" threads="0" lastid="00000000017D6C00" lastname="PmdThread 1" />
</exclusive-start>
<cycle-start id="1839" type="global" contextid="0" timestamp="2019-06-14T20:05:50.573" intervalms="177.981" />
<exclusive-end id="1840" timestamp="2019-06-14T20:05:50.573" durationms="0.081" />

<exclusive-start id="1841" timestamp="2019-06-14T20:05:50.576" intervalms="2.526">
  <response-info timems="0.077" idlems="0.077" threads="0" lastid="00000000017E2400" lastname="PmdThread 3" />
</exclusive-start>
<af-start id="1842" threadId="00000000017E2D88" totalBytesRequested="40" timestamp="2019-06-14T20:05:50.576" intervalms="25.285" type="nursery" />
<cycle-start id="1843" type="scavenge" contextid="0" timestamp="2019-06-14T20:05:50.576" intervalms="25.320" />
<gc-start id="1844" type="scavenge" contextid="1843" timestamp="2019-06-14T20:05:50.576">
  <mem-info id="1845" free="281288" total="13631488" percent="2">
    <mem type="nursery" free="0" total="7995392" percent="0">
      <mem type="allocate" free="0" total="6225920" percent="0" />
      <mem type="survivor" free="0" total="1769472" percent="0" />
    </mem>
    <mem type="tenure" free="281288" total="5636096" percent="4">
      <mem type="soa" free="32456" total="5354496" percent="0" />
      <mem type="loa" free="248832" total="281600" percent="88" />
    </mem>
    <remembered-set count="635" />
  </mem-info>
</gc-start>
<allocation-stats totalBytes="5174496" >
  <allocated-bytes non-tlh="56" tlh="5174440" />
  <largest-consumer threadName="PmdThread 1" threadId="00000000017D6C00" bytes="1666744" />
</allocation-stats>
<gc-op id="1846" type="scavenge" timems="1.488" contextid="1843" timestamp="2019-06-14T20:05:50.578">
  <scavenger-info tenureage="3" tenuremask="7ff8" tiltratio="77" />
  <memory-copied type="nursery" objects="17032" bytes="1170032" bytesdiscarded="124664" />
  <memory-copied type="tenure" objects="1622" bytes="63432" bytesdiscarded="0" />
  <copy-failed type="tenure" objects="9354" bytes="392184" />
  <references type="soft" candidates="11" cleared="0" enqueued="0" dynamicThreshold="5" maxThreshold="32" />
  <references type="weak" candidates="118" cleared="118" enqueued="118" />
  <references type="phantom" candidates="29" cleared="20" enqueued="20" />
</gc-op>
<gc-end id="1847" type="scavenge" contextid="1843" durationms="1.645" usertimems="4.000" systemtimems="0.000" timestamp="2019-06-14T20:05:50.578" activeThreads="4">
  <mem-info id="1848" free="5375848" total="13631488" percent="39">
    <mem type="nursery" free="5127016" total="7995392" percent="64">
      <mem type="allocate" free="5127016" total="6422528" percent="79" />
      <mem type="survivor" free="0" total="1572864" percent="0" />
    </mem>
    <mem type="tenure" free="248832" total="5636096" percent="4">
      <mem type="soa" free="0" total="5354496" percent="0" />
      <mem type="loa" free="248832" total="281600" percent="88" />
    </mem>
    <pending-finalizers system="0" default="0" reference="138" classloader="0" />
    <remembered-set count="951" />
  </mem-info>
</gc-end>
<cycle-end id="1849" type="scavenge" contextid="1843" timestamp="2019-06-14T20:05:50.578" />
  <attribute name="elasticGC enabled" value="1" />
  <attribute name= "numThreadsSpecified" value="4" />
  <attribute name="heapSize specified" value="11927552" />
  <attribute name="Current GC Util" value="32" />
  <attribute name= "Current Time Running" value="3345" />
  <attribute name ="GC Interval" value="312" />
  <attribute name="ProportionalT" value="6.000000" />
  <attribute name="ProportionalI" value="6.000000" />
  <attribute name="ProportionalH" value="6.000000" />
  <attribute name="Current Error" value="12.000000" />
  <attribute name="IntegralT" value="300.000000" />
  <attribute name="IntegralI" value="300.000000" />
  <attribute name="IntegralH" value="300.000000" />
  <attribute name="DerivativeT" value="-0.020000" />
  <attribute name="DerivativeI" value="-0.020000" />
  <attribute name="DerivativeH" value="-0.020000" />
  <attribute name="Loop Time for DT" value="25.000000" />
  <attribute name="Output H" value="8388608"/>
  <attribute name="Output I" value="312"/>
  <attribute name="Output T" value="4"/>
  <attribute name="Target GC Util Change" value ="20.000000" />
  <attribute name="Current GC Util Change" value="32.000000"/>
  <attribute name="GC Util currently" value="32" />
  <attribute name="CPU Util currently" value="181983432227" />
<allocation-satisfied id="1850" threadId="00000000017E2400" bytesRequested="40" />
<af-end id="1851" timestamp="2019-06-14T20:05:50.578" threadId="00000000017E2D88" success="true" from="nursery"/>
<exclusive-end id="1852" timestamp="2019-06-14T20:05:50.578" durationms="2.265" />

<exclusive-start id="1853" timestamp="2019-06-14T20:05:50.594" intervalms="17.997">
  <response-info timems="0.059" idlems="0.059" threads="0" lastid="00000000017E6000" lastname="PmdThread 4" />
</exclusive-start>
<af-start id="1854" threadId="00000000017E6988" totalBytesRequested="32" timestamp="2019-06-14T20:05:50.594" intervalms="17.799" type="nursery" />
<percolate-collect id="1855" from="nursery" to="global" reason="failed tenure threshold reached" timestamp="2019-06-14T20:05:50.594"/>
<gc-start id="1856" type="global" contextid="1839" timestamp="2019-06-14T20:05:50.594">
  <mem-info id="1857" free="248832" total="13631488" percent="1">
    <mem type="nursery" free="0" total="7995392" percent="0">
      <mem type="allocate" free="0" total="6422528" percent="0" />
      <mem type="survivor" free="0" total="1572864" percent="0" />
    </mem>
    <mem type="tenure" free="248832" total="5636096" percent="4">
      <mem type="soa" free="0" total="5354496" percent="0" />
      <mem type="loa" free="248832" total="281600" percent="88" />
    </mem>
    <remembered-set count="998" />
  </mem-info>
</gc-start>
<allocation-stats totalBytes="5116840" >
  <allocated-bytes non-tlh="40" tlh="5116800" />
  <largest-consumer threadName="PmdThread 1" threadId="00000000017D6C00" bytes="1947440" />
</allocation-stats>
<concurrent-halted id="1858" timestamp="2019-06-14T20:05:50.594">
  <halted state="Class scanning incomplete" status="clean trace" />
  <traced bytesTarget="1865505" bytesTotal="1200736" bytesByMutator="529552" bytesByHelper="671184" percent="64" />
  <cards cleaned="118" thresholdBytes="102226" />
</concurrent-halted>
<gc-op id="1859" type="tracing" timems="0.691" contextid="1839" timestamp="2019-06-14T20:05:50.594">
  <trace bytesTraced="412412" workStackOverflowCount="0" />
</gc-op>
<gc-op id="1860" type="rs-scan" timems="0.765" contextid="1839" timestamp="2019-06-14T20:05:50.595">
  <scan objectsFound="353" bytesTraced="241296" workStackOverflowCount="0" />
</gc-op>
<gc-op id="1861" type="card-cleaning" timems="0.662" contextid="1839" timestamp="2019-06-14T20:05:50.596">
  <card-cleaning cardsCleaned="2" bytesTraced="155044" workStackOverflowCount="0" />
</gc-op>
<gc-op id="1862" type="mark" timems="1.178" contextid="1839" timestamp="2019-06-14T20:05:50.597">
  <trace-info objectcount="4114" scancount="3625" scanbytes="123692" />
  <finalization candidates="57" enqueued="0" />
  <ownableSynchronizers candidates="8" cleared="0" />
  <references type="soft" candidates="241" cleared="0" enqueued="0" dynamicThreshold="5" maxThreshold="32" />
  <references type="weak" candidates="766" cleared="110" enqueued="110" />
  <references type="phantom" candidates="91" cleared="15" enqueued="15" />
  <stringconstants candidates="5029" cleared="0"  />
</gc-op>
<gc-op id="1863" type="sweep" timems="0.713" contextid="1839" timestamp="2019-06-14T20:05:50.598" />
<mem-info id="1864" free="7185720" total="13631488" percent="52">
  <mem type="nursery" free="4908024" total="7995392" percent="61">
    <mem type="allocate" free="4908024" total="6422528" percent="76" />
    <mem type="survivor" free="0" total="1572864" percent="0" />
  </mem>
  <mem type="tenure" free="2277696" total="5636096" percent="40" micro-fragmented="69222" macro-fragmented="0">
    <mem type="soa" free="1996096" total="5354496" percent="37" />
    <mem type="loa" free="281600" total="281600" percent="100" />
  </mem>
  <pending-finalizers system="0" default="0" reference="125" classloader="0" />
  <remembered-set count="439" />
</mem-info>
<gc-op id="1865" type="compact" timems="12.882" contextid="1839" timestamp="2019-06-14T20:05:50.611">
  <compact-info movecount="67033" movebytes="3682456" reason="compact to aid heap contraction" />
</gc-op>
<heap-resize id="1866" type="contract" space="tenure" amount="262144" count="1" timems="0.089" reason="heap reconfiguration" timestamp="2019-06-14T20:05:50.612" />
<gc-end id="1867" type="global" contextid="1839" durationms="18.178" usertimems="16.000" systemtimems="12.000" timestamp="2019-06-14T20:05:50.612" activeThreads="4">
  <mem-info id="1868" free="7395616" total="13369344" percent="55">
    <mem type="nursery" free="5313248" total="7995392" percent="66">
      <mem type="allocate" free="5313248" total="6422528" percent="82" />
      <mem type="survivor" free="0" total="1572864" percent="0" />
    </mem>
    <mem type="tenure" free="2082368" total="5373952" percent="38">
      <mem type="soa" free="1833536" total="5105664" percent="35" />
      <mem type="loa" free="248832" total="268288" percent="92" />
    </mem>
    <pending-finalizers system="0" default="0" reference="125" classloader="0" />
    <remembered-set count="439" />
  </mem-info>
</gc-end>
<cycle-end id="1869" type="global" contextid="1839" timestamp="2019-06-14T20:05:50.612" />
  <attribute name="elasticGC enabled" value="1" />
  <attribute name= "numThreadsSpecified" value="4" />
  <attribute name="heapSize specified" value="13631488" />
  <attribute name="Current GC Util" value="67" />
  <attribute name= "Current Time Running" value="3381" />
  <attribute name ="GC Interval" value="312" />
  <attribute name="ProportionalT" value="23.500000" />
  <attribute name="ProportionalI" value="23.500000" />
  <attribute name="ProportionalH" value="23.500000" />
  <attribute name="Current Error" value="47.000000" />
  <attribute name="IntegralT" value="611.000000" />
  <attribute name="IntegralI" value="611.000000" />
  <attribute name="IntegralH" value="611.000000" />
  <attribute name="DerivativeT" value="-5.846154" />
  <attribute name="DerivativeI" value="-5.846154" />
  <attribute name="DerivativeH" value="-5.846154" />
  <attribute name="Loop Time for DT" value="13.000000" />
  <attribute name="Output H" value="8388608"/>
  <attribute name="Output I" value="632"/>
  <attribute name="Output T" value="4"/>
  <attribute name="Target GC Util Change" value ="20.000000" />
  <attribute name="Current GC Util Change" value="67.000000"/>
  <attribute name="GC Util currently" value="67" />
  <attribute name="CPU Util currently" value="353647980212" />
<allocation-satisfied id="1870" threadId="00000000017E6000" bytesRequested="32" />
<af-end id="1871" timestamp="2019-06-14T20:05:50.612" threadId="00000000017E6988" success="true" from="nursery"/>
<exclusive-end id="1872" timestamp="2019-06-14T20:05:50.612" durationms="18.820" />

<exclusive-start id="1873" timestamp="2019-06-14T20:05:50.633" intervalms="39.496">
  <response-info timems="0.094" idlems="0.069" threads="1" lastid="00000000017E2400" lastname="PmdThread 3" />
</exclusive-start>
<af-start id="1874" threadId="00000000017E6988" totalBytesRequested="16" timestamp="2019-06-14T20:05:50.633" intervalms="39.507" type="nursery" />
<cycle-start id="1875" type="scavenge" contextid="0" timestamp="2019-06-14T20:05:50.633" intervalms="57.270" />
<gc-start id="1876" type="scavenge" contextid="1875" timestamp="2019-06-14T20:05:50.633">
  <mem-info id="1877" free="2082368" total="13369344" percent="15">
    <mem type="nursery" free="0" total="7995392" percent="0">
      <mem type="allocate" free="0" total="6422528" percent="0" />
      <mem type="survivor" free="0" total="1572864" percent="0" />
    </mem>
    <mem type="tenure" free="2082368" total="5373952" percent="38">
      <mem type="soa" free="1833536" total="5105664" percent="35" />
      <mem type="loa" free="248832" total="268288" percent="92" />
    </mem>
    <remembered-set count="486" />
  </mem-info>
</gc-start>
<allocation-stats totalBytes="5309872" >
  <allocated-bytes non-tlh="32" tlh="5309840" />
  <largest-consumer threadName="PmdThread 2" threadId="00000000017DA800" bytes="1911648" />
</allocation-stats>
<gc-op id="1878" type="scavenge" timems="2.886" contextid="1875" timestamp="2019-06-14T20:05:50.636">
  <scavenger-info tenureage="4" tenuremask="7ff0" tiltratio="80" />
  <memory-copied type="nursery" objects="11105" bytes="944584" bytesdiscarded="116488" />
  <memory-copied type="tenure" objects="4187" bytes="210248" bytesdiscarded="56" />
  <ownableSynchronizers candidates="16" cleared="16" />
  <references type="soft" candidates="11" cleared="0" enqueued="0" dynamicThreshold="12" maxThreshold="32" />
  <references type="weak" candidates="123" cleared="122" enqueued="122" />
  <references type="phantom" candidates="27" cleared="19" enqueued="19" />
</gc-op>
<gc-end id="1879" type="scavenge" contextid="1875" durationms="3.070" usertimems="8.000" systemtimems="0.000" timestamp="2019-06-14T20:05:50.636" activeThreads="4">
  <mem-info id="1880" free="7217816" total="13369344" percent="53">
    <mem type="nursery" free="5425520" total="7995392" percent="67">
      <mem type="allocate" free="5425520" total="6488064" percent="83" />
      <mem type="survivor" free="0" total="1507328" percent="0" />
    </mem>
    <mem type="tenure" free="1792296" total="5373952" percent="33">
      <mem type="soa" free="1543464" total="5105664" percent="30" />
      <mem type="loa" free="248832" total="268288" percent="92" />
    </mem>
    <pending-finalizers system="0" default="0" reference="141" classloader="0" />
    <remembered-set count="347" />
  </mem-info>
</gc-end>
<cycle-end id="1881" type="scavenge" contextid="1875" timestamp="2019-06-14T20:05:50.636" />
  <attribute name="elasticGC enabled" value="1" />
  <attribute name= "numThreadsSpecified" value="4" />
  <attribute name="heapSize specified" value="13631488" />
  <attribute name="Current GC Util" value="119" />
  <attribute name= "Current Time Running" value="3403" />
  <attribute name ="GC Interval" value="2232" />
  <attribute name="ProportionalT" value="49.500000" />
  <attribute name="ProportionalI" value="49.500000" />
  <attribute name="ProportionalH" value="49.500000" />
  <attribute name="Current Error" value="99.000000" />
  <attribute name="IntegralT" value="2178.000000" />
  <attribute name="IntegralI" value="2178.000000" />
  <attribute name="IntegralH" value="2178.000000" />
  <attribute name="DerivativeT" value="1.181818" />
  <attribute name="DerivativeI" value="1.181818" />
  <attribute name="DerivativeH" value="1.181818" />
  <attribute name="Loop Time for DT" value="22.000000" />
  <attribute name="Output H" value="8388608"/>
  <attribute name="Output I" value="2232"/>
  <attribute name="Output T" value="4"/>
  <attribute name="Target GC Util Change" value ="20.000000" />
  <attribute name="Current GC Util Change" value="119.000000"/>
  <attribute name="GC Util currently" value="119" />
  <attribute name="CPU Util currently" value="211536535608" />
<allocation-satisfied id="1882" threadId="00000000017E6000" bytesRequested="16" />
<af-end id="1883" timestamp="2019-06-14T20:05:50.637" threadId="00000000017E6988" success="true" from="nursery"/>
<exclusive-end id="1884" timestamp="2019-06-14T20:05:50.637" durationms="3.675" />

<exclusive-start id="1885" timestamp="2019-06-14T20:05:50.661" intervalms="27.512">
  <response-info timems="0.062" idlems="0.038" threads="1" lastid="00000000017E2400" lastname="PmdThread 3" />
</exclusive-start>
<af-start id="1886" threadId="00000000017DB188" totalBytesRequested="24" timestamp="2019-06-14T20:05:50.661" intervalms="27.501" type="nursery" />
<cycle-start id="1887" type="scavenge" contextid="0" timestamp="2019-06-14T20:05:50.661" intervalms="27.521" />
<gc-start id="1888" type="scavenge" contextid="1887" timestamp="2019-06-14T20:05:50.661">
  <mem-info id="1889" free="1792296" total="13369344" percent="13">
    <mem type="nursery" free="0" total="7995392" percent="0">
      <mem type="allocate" free="0" total="6488064" percent="0" />
      <mem type="survivor" free="0" total="1507328" percent="0" />
    </mem>
    <mem type="tenure" free="1792296" total="5373952" percent="33">
      <mem type="soa" free="1543464" total="5105664" percent="30" />
      <mem type="loa" free="248832" total="268288" percent="92" />
    </mem>
    <remembered-set count="419" />
  </mem-info>
</gc-start>
<allocation-stats totalBytes="5414616" >
  <allocated-bytes non-tlh="16" tlh="5414600" />
  <largest-consumer threadName="PmdThread 2" threadId="00000000017DA800" bytes="2410416" />
</allocation-stats>
<gc-op id="1890" type="scavenge" timems="1.600" contextid="1887" timestamp="2019-06-14T20:05:50.662">
  <scavenger-info tenureage="4" tenuremask="7ff0" tiltratio="81" />
  <memory-copied type="nursery" objects="11102" bytes="1024872" bytesdiscarded="111232" />
  <memory-copied type="tenure" objects="377" bytes="13144" bytesdiscarded="0" />
  <references type="soft" candidates="11" cleared="0" enqueued="0" dynamicThreshold="12" maxThreshold="32" />
  <references type="weak" candidates="118" cleared="118" enqueued="118" />
  <references type="phantom" candidates="33" cleared="22" enqueued="22" />
</gc-op>
<gc-end id="1891" type="scavenge" contextid="1887" durationms="1.791" usertimems="4.000" systemtimems="0.000" timestamp="2019-06-14T20:05:50.663" activeThreads="4">
  <mem-info id="1892" free="7138816" total="13369344" percent="53">
    <mem type="nursery" free="5416408" total="7995392" percent="67">
      <mem type="allocate" free="5416408" total="6553600" percent="82" />
      <mem type="survivor" free="0" total="1441792" percent="0" />
    </mem>
    <mem type="tenure" free="1722408" total="5373952" percent="32">
      <mem type="soa" free="1473576" total="5105664" percent="28" />
      <mem type="loa" free="248832" total="268288" percent="92" />
    </mem>
    <pending-finalizers system="0" default="0" reference="140" classloader="0" />
    <remembered-set count="341" />
  </mem-info>
</gc-end>
<cycle-end id="1893" type="scavenge" contextid="1887" timestamp="2019-06-14T20:05:50.663" />
  <attribute name="elasticGC enabled" value="1" />
  <attribute name= "numThreadsSpecified" value="4" />
  <attribute name="heapSize specified" value="13631488" />
  <attribute name="Current GC Util" value="18" />
  <attribute name= "Current Time Running" value="3430" />
  <attribute name ="GC Interval" value="200" />
  <attribute name="ProportionalT" value="-1.000000" />
  <attribute name="ProportionalI" value="-1.000000" />
  <attribute name="ProportionalH" value="-1.000000" />
  <attribute name="Current Error" value="-2.000000" />
  <attribute name="IntegralT" value="-54.000000" />
  <attribute name="IntegralI" value="-54.000000" />
  <attribute name="IntegralH" value="-54.000000" />
  <attribute name="DerivativeT" value="-1.870370" />
  <attribute name="DerivativeI" value="-1.870370" />
  <attribute name="DerivativeH" value="-1.870370" />
  <attribute name="Loop Time for DT" value="27.000000" />
  <attribute name="Output H" value="2092630016"/>
  <attribute name="Output I" value="200"/>
  <attribute name="Output T" value="4"/>
  <attribute name="Target GC Util Change" value ="20.000000" />
  <attribute name="Current GC Util Change" value="18.000000"/>
  <attribute name="GC Util currently" value="18" />
  <attribute name="CPU Util currently" value="167414322932" />
<allocation-satisfied id="1894" threadId="00000000017DA800" bytesRequested="24" />
<af-end id="1895" timestamp="2019-06-14T20:05:50.663" threadId="00000000017DB188" success="true" from="nursery"/>
<exclusive-end id="1896" timestamp="2019-06-14T20:05:50.663" durationms="2.333" />

<exclusive-start id="1897" timestamp="2019-06-14T20:05:50.689" intervalms="28.446">
  <response-info timems="0.044" idlems="0.024" threads="1" lastid="00000000017D6C00" lastname="PmdThread 1" />
</exclusive-start>
<af-start id="1898" threadId="00000000017E6988" totalBytesRequested="56" timestamp="2019-06-14T20:05:50.689" intervalms="28.460" type="nursery" />
<cycle-start id="1899" type="scavenge" contextid="0" timestamp="2019-06-14T20:05:50.689" intervalms="28.460" />
<gc-start id="1900" type="scavenge" contextid="1899" timestamp="2019-06-14T20:05:50.689">
  <mem-info id="1901" free="1721352" total="13369344" percent="12">
    <mem type="nursery" free="0" total="7995392" percent="0">
      <mem type="allocate" free="0" total="6553600" percent="0" />
      <mem type="survivor" free="0" total="1441792" percent="0" />
    </mem>
    <mem type="tenure" free="1721352" total="5373952" percent="32">
      <mem type="soa" free="1472520" total="5105664" percent="28" />
      <mem type="loa" free="248832" total="268288" percent="92" />
    </mem>
    <remembered-set count="416" />
  </mem-info>
</gc-start>
<allocation-stats totalBytes="5413912" >
  <allocated-bytes non-tlh="1080" tlh="5412832" />
  <largest-consumer threadName="PmdThread 2" threadId="00000000017DA800" bytes="2393792" />
</allocation-stats>
<gc-op id="1902" type="scavenge" timems="1.792" contextid="1899" timestamp="2019-06-14T20:05:50.691">
  <scavenger-info tenureage="4" tenuremask="7ff0" tiltratio="81" />
  <memory-copied type="nursery" objects="15619" bytes="1292584" bytesdiscarded="146928" />
  <memory-copied type="tenure" objects="392" bytes="15752" bytesdiscarded="0" />
  <references type="soft" candidates="2" cleared="0" enqueued="0" dynamicThreshold="12" maxThreshold="32" />
  <references type="weak" candidates="123" cleared="123" enqueued="123" />
  <references type="phantom" candidates="28" cleared="19" enqueued="19" />
</gc-op>
<gc-end id="1903" type="scavenge" contextid="1899" durationms="1.959" usertimems="4.000" systemtimems="0.000" timestamp="2019-06-14T20:05:50.691" activeThreads="4">
  <mem-info id="1904" free="6505224" total="13369344" percent="48">
    <mem type="nursery" free="4915200" total="7995392" percent="61">
      <mem type="allocate" free="4915200" total="6356992" percent="77" />
      <mem type="survivor" free="0" total="1638400" percent="0" />
    </mem>
    <mem type="tenure" free="1590024" total="5373952" percent="29">
      <mem type="soa" free="1341192" total="5105664" percent="26" />
      <mem type="loa" free="248832" total="268288" percent="92" />
    </mem>
    <pending-finalizers system="0" default="0" reference="142" classloader="0" />
    <remembered-set count="359" />
  </mem-info>
</gc-end>
<cycle-end id="1905" type="scavenge" contextid="1899" timestamp="2019-06-14T20:05:50.691" />
  <attribute name="elasticGC enabled" value="1" />
  <attribute name= "numThreadsSpecified" value="4" />
  <attribute name="heapSize specified" value="13631488" />
  <attribute name="Current GC Util" value="11" />
  <attribute name= "Current Time Running" value="3459" />
  <attribute name ="GC Interval" value="200" />
  <attribute name="ProportionalT" value="-4.500000" />
  <attribute name="ProportionalI" value="-4.500000" />
  <attribute name="ProportionalH" value="-4.500000" />
  <attribute name="Current Error" value="-9.000000" />
  <attribute name="IntegralT" value="-261.000000" />
  <attribute name="IntegralI" value="-261.000000" />
  <attribute name="IntegralH" value="-261.000000" />
  <attribute name="DerivativeT" value="-0.155172" />
  <attribute name="DerivativeI" value="-0.155172" />
  <attribute name="DerivativeH" value="-0.155172" />
  <attribute name="Loop Time for DT" value="29.000000" />
  <attribute name="Output H" value="2092630016"/>
  <attribute name="Output I" value="200"/>
  <attribute name="Output T" value="4"/>
  <attribute name="Target GC Util Change" value ="20.000000" />
  <attribute name="Current GC Util Change" value="11.000000"/>
  <attribute name="GC Util currently" value="11" />
  <attribute name="CPU Util currently" value="162129737143" />
<allocation-satisfied id="1906" threadId="00000000017E6000" bytesRequested="56" />
<af-end id="1907" timestamp="2019-06-14T20:05:50.691" threadId="00000000017E6988" success="true" from="nursery"/>
<exclusive-end id="1908" timestamp="2019-06-14T20:05:50.692" durationms="2.528" />

<exclusive-start id="1909" timestamp="2019-06-14T20:05:50.709" intervalms="19.726">
  <response-info timems="0.055" idlems="0.055" threads="0" lastid="00000000017D6C00" lastname="PmdThread 1" />
</exclusive-start>
<af-start id="1910" threadId="00000000017D7588" totalBytesRequested="40" timestamp="2019-06-14T20:05:50.709" intervalms="19.718" type="nursery" />
<cycle-start id="1911" type="scavenge" contextid="0" timestamp="2019-06-14T20:05:50.709" intervalms="19.722" />
<gc-start id="1912" type="scavenge" contextid="1911" timestamp="2019-06-14T20:05:50.709">
  <mem-info id="1913" free="1590024" total="13369344" percent="11">
    <mem type="nursery" free="0" total="7995392" percent="0">
      <mem type="allocate" free="0" total="6356992" percent="0" />
      <mem type="survivor" free="0" total="1638400" percent="0" />
    </mem>
    <mem type="tenure" free="1590024" total="5373952" percent="29">
      <mem type="soa" free="1341192" total="5105664" percent="26" />
      <mem type="loa" free="248832" total="268288" percent="92" />
    </mem>
    <remembered-set count="375" />
  </mem-info>
</gc-start>
<allocation-stats totalBytes="4914304" >
  <allocated-bytes non-tlh="56" tlh="4914248" />
  <largest-consumer threadName="PmdThread 3" threadId="00000000017E2400" bytes="1773208" />
</allocation-stats>
<gc-op id="1914" type="scavenge" timems="2.701" contextid="1911" timestamp="2019-06-14T20:05:50.712">
  <scavenger-info tenureage="4" tenuremask="7ff0" tiltratio="79" />
  <memory-copied type="nursery" objects="34321" bytes="1634336" bytesdiscarded="528" />
  <memory-copied type="tenure" objects="5767" bytes="480624" bytesdiscarded="456" />
  <copy-failed type="nursery" objects="5296" bytes="463632" />
  <references type="soft" candidates="2" cleared="0" enqueued="0" dynamicThreshold="12" maxThreshold="32" />
  <references type="weak" candidates="17" cleared="17" enqueued="17" />
  <references type="phantom" candidates="7" cleared="3" enqueued="3" />
</gc-op>
<heap-resize id="1915" type="expand" space="nursery" amount="655360" count="1" timems="0.015" reason="excessive time being spent scavenging" timestamp="2019-06-14T20:05:50.712" />
<gc-end id="1916" type="scavenge" contextid="1911" durationms="3.140" usertimems="0.000" systemtimems="8.000" timestamp="2019-06-14T20:05:50.712" activeThreads="4">
  <mem-info id="1917" free="4748504" total="14024704" percent="33">
    <mem type="nursery" free="3604480" total="8650752" percent="41">
      <mem type="allocate" free="3604480" total="5242880" percent="68" />
      <mem type="survivor" free="0" total="3407872" percent="0" />
    </mem>
    <mem type="tenure" free="1144024" total="5373952" percent="21">
      <mem type="soa" free="895192" total="5105664" percent="17" />
      <mem type="loa" free="248832" total="268288" percent="92" />
    </mem>
    <pending-finalizers system="0" default="0" reference="20" classloader="0" />
    <remembered-set count="1740" />
  </mem-info>
</gc-end>
<cycle-end id="1918" type="scavenge" contextid="1911" timestamp="2019-06-14T20:05:50.712" />
  <attribute name="elasticGC enabled" value="1" />
  <attribute name= "numThreadsSpecified" value="4" />
  <attribute name="heapSize specified" value="13631488" />
  <attribute name="Current GC Util" value="23" />
  <attribute name= "Current Time Running" value="3478" />
  <attribute name ="GC Interval" value="200" />
  <attribute name="ProportionalT" value="1.500000" />
  <attribute name="ProportionalI" value="1.500000" />
  <attribute name="ProportionalH" value="1.500000" />
  <attribute name="Current Error" value="3.000000" />
  <attribute name="IntegralT" value="57.000000" />
  <attribute name="IntegralI" value="57.000000" />
  <attribute name="IntegralH" value="57.000000" />
  <attribute name="DerivativeT" value="0.078947" />
  <attribute name="DerivativeI" value="0.078947" />
  <attribute name="DerivativeH" value="0.078947" />
  <attribute name="Loop Time for DT" value="19.000000" />
  <attribute name="Output H" value="8388608"/>
  <attribute name="Output I" value="200"/>
  <attribute name="Output T" value="4"/>
  <attribute name="Target GC Util Change" value ="20.000000" />
  <attribute name="Current GC Util Change" value="23.000000"/>
  <attribute name="GC Util currently" value="23" />
  <attribute name="CPU Util currently" value="232677784069" />
<allocation-satisfied id="1919" threadId="00000000017D6C00" bytesRequested="40" />
<af-end id="1920" timestamp="2019-06-14T20:05:50.712" threadId="00000000017D7588" success="true" from="nursery"/>
<exclusive-end id="1921" timestamp="2019-06-14T20:05:50.713" durationms="3.828" />

<exclusive-start id="1922" timestamp="2019-06-14T20:05:50.719" intervalms="10.789">
  <response-info timems="0.067" idlems="0.035" threads="1" lastid="00000000017D6C00" lastname="PmdThread 1" />
</exclusive-start>
<af-start id="1923" threadId="00000000017E6988" totalBytesRequested="80" timestamp="2019-06-14T20:05:50.720" intervalms="10.809" type="nursery" />
<cycle-start id="1924" type="scavenge" contextid="0" timestamp="2019-06-14T20:05:50.720" intervalms="10.837" />
<gc-start id="1925" type="scavenge" contextid="1924" timestamp="2019-06-14T20:05:50.720">
  <mem-info id="1926" free="1144024" total="14024704" percent="8">
    <mem type="nursery" free="0" total="8650752" percent="0">
      <mem type="allocate" free="0" total="5242880" percent="0" />
      <mem type="survivor" free="0" total="3407872" percent="0" />
    </mem>
    <mem type="tenure" free="1144024" total="5373952" percent="21">
      <mem type="soa" free="895192" total="5105664" percent="17" />
      <mem type="loa" free="248832" total="268288" percent="92" />
    </mem>
    <remembered-set count="1748" />
  </mem-info>
</gc-start>
<allocation-stats totalBytes="3603616" >
  <allocated-bytes non-tlh="40" tlh="3603576" />
  <largest-consumer threadName="PmdThread 3" threadId="00000000017E2400" bytes="1650296" />
</allocation-stats>
<gc-op id="1927" type="scavenge" timems="3.189" contextid="1924" timestamp="2019-06-14T20:05:50.723">
  <scavenger-info tenureage="3" tenuremask="7ff8" tiltratio="60" />
  <memory-copied type="nursery" objects="47773" bytes="2183368" bytesdiscarded="96120" />
  <memory-copied type="tenure" objects="2226" bytes="101472" bytesdiscarded="16" />
  <references type="soft" candidates="2" cleared="0" enqueued="0" dynamicThreshold="12" maxThreshold="32" />
  <references type="weak" candidates="17" cleared="16" enqueued="16" />
  <references type="phantom" candidates="3" cleared="1" enqueued="1" />
</gc-op>
<heap-resize id="1928" type="expand" space="nursery" amount="1179648" count="1" timems="0.015" reason="excessive time being spent scavenging" timestamp="2019-06-14T20:05:50.723" />
<gc-end id="1929" type="scavenge" contextid="1924" durationms="3.445" usertimems="0.000" systemtimems="4.000" timestamp="2019-06-14T20:05:50.723" activeThreads="4">
  <mem-info id="1930" free="5585488" total="15204352" percent="36">
    <mem type="nursery" free="4536192" total="9830400" percent="46">
      <mem type="allocate" free="4536192" total="6815744" percent="66" />
      <mem type="survivor" free="0" total="3014656" percent="0" />
    </mem>
    <mem type="tenure" free="1049296" total="5373952" percent="19">
      <mem type="soa" free="800464" total="5105664" percent="15" />
      <mem type="loa" free="248832" total="268288" percent="92" />
    </mem>
    <pending-finalizers system="0" default="0" reference="17" classloader="0" />
    <remembered-set count="657" />
  </mem-info>
</gc-end>
<cycle-end id="1931" type="scavenge" contextid="1924" timestamp="2019-06-14T20:05:50.723" />
  <attribute name="elasticGC enabled" value="1" />
  <attribute name= "numThreadsSpecified" value="4" />
  <attribute name="heapSize specified" value="13631488" />
  <attribute name="Current GC Util" value="56" />
  <attribute name= "Current Time Running" value="3489" />
  <attribute name ="GC Interval" value="416" />
  <attribute name="ProportionalT" value="18.000000" />
  <attribute name="ProportionalI" value="18.000000" />
  <attribute name="ProportionalH" value="18.000000" />
  <attribute name="Current Error" value="36.000000" />
  <attribute name="IntegralT" value="396.000000" />
  <attribute name="IntegralI" value="396.000000" />
  <attribute name="IntegralH" value="396.000000" />
  <attribute name="DerivativeT" value="1.500000" />
  <attribute name="DerivativeI" value="1.500000" />
  <attribute name="DerivativeH" value="1.500000" />
  <attribute name="Loop Time for DT" value="11.000000" />
  <attribute name="Output H" value="8388608"/>
  <attribute name="Output I" value="416"/>
  <attribute name="Output T" value="4"/>
  <attribute name="Target GC Util Change" value ="20.000000" />
  <attribute name="Current GC Util Change" value="56.000000"/>
  <attribute name="GC Util currently" value="56" />
  <attribute name="CPU Util currently" value="428223603563" />
<allocation-satisfied id="1932" threadId="00000000017E6000" bytesRequested="80" />
<af-end id="1933" timestamp="2019-06-14T20:05:50.723" threadId="00000000017E6988" success="true" from="nursery"/>
<exclusive-end id="1934" timestamp="2019-06-14T20:05:50.724" durationms="4.030" />

<exclusive-start id="1935" timestamp="2019-06-14T20:05:50.745" intervalms="25.026">
  <response-info timems="0.081" idlems="0.043" threads="1" lastid="00000000014CDF00" lastname="JIT Compilation Thread-1" />
</exclusive-start>
<af-start id="1936" threadId="00000000017E2D88" totalBytesRequested="56" timestamp="2019-06-14T20:05:50.745" intervalms="25.175" type="nursery" />
<cycle-start id="1937" type="scavenge" contextid="0" timestamp="2019-06-14T20:05:50.745" intervalms="25.240" />
<gc-start id="1938" type="scavenge" contextid="1937" timestamp="2019-06-14T20:05:50.745">
  <mem-info id="1939" free="1049296" total="15204352" percent="6">
    <mem type="nursery" free="0" total="9830400" percent="0">
      <mem type="allocate" free="0" total="6815744" percent="0" />
      <mem type="survivor" free="0" total="3014656" percent="0" />
    </mem>
    <mem type="tenure" free="1049296" total="5373952" percent="19">
      <mem type="soa" free="800464" total="5105664" percent="15" />
      <mem type="loa" free="248832" total="268288" percent="92" />
    </mem>
    <remembered-set count="675" />
  </mem-info>
</gc-start>
<allocation-stats totalBytes="4535456" >
  <allocated-bytes non-tlh="80" tlh="4535376" />
  <largest-consumer threadName="PmdThread 1" threadId="00000000017D6C00" bytes="2002592" />
</allocation-stats>
<gc-op id="1940" type="scavenge" timems="2.660" contextid="1937" timestamp="2019-06-14T20:05:50.748">
  <scavenger-info tenureage="2" tenuremask="7ffc" tiltratio="69" />
  <memory-copied type="nursery" objects="52034" bytes="2095208" bytesdiscarded="137008" />
  <memory-copied type="tenure" objects="16639" bytes="858600" bytesdiscarded="576" />
  <copy-failed type="tenure" objects="14657" bytes="637248" />
  <references type="soft" candidates="2" cleared="0" enqueued="0" dynamicThreshold="12" maxThreshold="32" />
  <references type="weak" candidates="7" cleared="7" enqueued="7" />
  <references type="phantom" candidates="1" cleared="1" enqueued="1" />
</gc-op>
<heap-resize id="1941" type="expand" space="nursery" amount="524288" count="1" timems="0.015" reason="excessive time being spent scavenging" timestamp="2019-06-14T20:05:50.748" />
<gc-end id="1942" type="scavenge" contextid="1937" durationms="3.149" usertimems="4.000" systemtimems="0.000" timestamp="2019-06-14T20:05:50.748" activeThreads="4">
  <mem-info id="1943" free="5616104" total="15728640" percent="35">
    <mem type="nursery" free="5367272" total="10354688" percent="51">
      <mem type="allocate" free="5367272" total="7602176" percent="70" />
      <mem type="survivor" free="0" total="2752512" percent="0" />
    </mem>
    <mem type="tenure" free="248832" total="5373952" percent="4">
      <mem type="soa" free="0" total="5105664" percent="0" />
      <mem type="loa" free="248832" total="268288" percent="92" />
    </mem>
    <pending-finalizers system="0" default="0" reference="8" classloader="0" />
    <remembered-set count="2069" />
  </mem-info>
</gc-end>
<cycle-end id="1944" type="scavenge" contextid="1937" timestamp="2019-06-14T20:05:50.748" />
  <attribute name="elasticGC enabled" value="1" />
  <attribute name= "numThreadsSpecified" value="4" />
  <attribute name="heapSize specified" value="13631488" />
  <attribute name="Current GC Util" value="25" />
  <attribute name= "Current Time Running" value="3515" />
  <attribute name ="GC Interval" value="200" />
  <attribute name="ProportionalT" value="2.500000" />
  <attribute name="ProportionalI" value="2.500000" />
  <attribute name="ProportionalH" value="2.500000" />
  <attribute name="Current Error" value="5.000000" />
  <attribute name="IntegralT" value="130.000000" />
  <attribute name="IntegralI" value="130.000000" />
  <attribute name="IntegralH" value="130.000000" />
  <attribute name="DerivativeT" value="-0.596154" />
  <attribute name="DerivativeI" value="-0.596154" />
  <attribute name="DerivativeH" value="-0.596154" />
  <attribute name="Loop Time for DT" value="26.000000" />
  <attribute name="Output H" value="8388608"/>
  <attribute name="Output I" value="200"/>
  <attribute name="Output T" value="4"/>
  <attribute name="Target GC Util Change" value ="20.000000" />
  <attribute name="Current GC Util Change" value="25.000000"/>
  <attribute name="GC Util currently" value="25" />
  <attribute name="CPU Util currently" value="180407979519" />
<allocation-satisfied id="1945" threadId="00000000017E2400" bytesRequested="56" />
<af-end id="1946" timestamp="2019-06-14T20:05:50.749" threadId="00000000017E2D88" success="true" from="nursery"/>
<exclusive-end id="1947" timestamp="2019-06-14T20:05:50.749" durationms="4.106" />

<concurrent-kickoff id="1948" timestamp="2019-06-14T20:05:50.774">
  <kickoff reason="next scavenge will percolate" targetBytes="1687555" thresholdFreeBytes="235667"  remainingFree="165352" tenureFreeBytes="248832" nurseryFreeBytes="165352" />
</concurrent-kickoff>
<exclusive-start id="1949" timestamp="2019-06-14T20:05:50.774" intervalms="29.820">
  <response-info timems="0.070" idlems="0.070" threads="0" lastid="00000000017D6C00" lastname="PmdThread 1" />
</exclusive-start>
<cycle-start id="1950" type="global" contextid="0" timestamp="2019-06-14T20:05:50.774" intervalms="201.367" />
<exclusive-end id="1951" timestamp="2019-06-14T20:05:50.774" durationms="0.103" />

<exclusive-start id="1952" timestamp="2019-06-14T20:05:50.776" intervalms="1.448">
  <response-info timems="0.256" idlems="0.199" threads="3" lastid="00000000017E6000" lastname="PmdThread 4" />
</exclusive-start>
<af-start id="1953" threadId="00000000017DB188" totalBytesRequested="56" timestamp="2019-06-14T20:05:50.776" intervalms="31.131" type="nursery" />
<percolate-collect id="1954" from="nursery" to="global" reason="failed tenure threshold reached" timestamp="2019-06-14T20:05:50.776"/>
<concurrent-aborted id="1955" timestamp="2019-06-14T20:05:50.776">
  <reason value="insufficient progress made" />
</concurrent-aborted>
<cycle-end id="1956" type="global" contextid="1950" timestamp="2019-06-14T20:05:50.776" />
  <attribute name="elasticGC enabled" value="1" />
  <attribute name= "numThreadsSpecified" value="4" />
  <attribute name="heapSize specified" value="13631488" />
  <attribute name="Current GC Util" value="25" />
  <attribute name= "Current Time Running" value="3515" />
  <attribute name ="GC Interval" value="200" />
  <attribute name="ProportionalT" value="2.500000" />
  <attribute name="ProportionalI" value="2.500000" />
  <attribute name="ProportionalH" value="2.500000" />
  <attribute name="Current Error" value="5.000000" />
  <attribute name="IntegralT" value="130.000000" />
  <attribute name="IntegralI" value="130.000000" />
  <attribute name="IntegralH" value="130.000000" />
  <attribute name="DerivativeT" value="-0.596154" />
  <attribute name="DerivativeI" value="-0.596154" />
  <attribute name="DerivativeH" value="-0.596154" />
  <attribute name="Loop Time for DT" value="26.000000" />
  <attribute name="Output H" value="8388608"/>
  <attribute name="Output I" value="200"/>
  <attribute name="Output T" value="4"/>
  <attribute name="Target GC Util Change" value ="20.000000" />
  <attribute name="Current GC Util Change" value="25.000000"/>
  <attribute name="GC Util currently" value="25" />
  <attribute name="CPU Util currently" value="180407979519" />
<cycle-start id="1957" type="global" contextid="0" timestamp="2019-06-14T20:05:50.776" intervalms="1.785" />
<gc-start id="1958" type="global" contextid="1957" timestamp="2019-06-14T20:05:50.776">
  <mem-info id="1959" free="248832" total="15728640" percent="1">
    <mem type="nursery" free="0" total="10354688" percent="0">
      <mem type="allocate" free="0" total="7602176" percent="0" />
      <mem type="survivor" free="0" total="2752512" percent="0" />
    </mem>
    <mem type="tenure" free="248832" total="5373952" percent="4">
      <mem type="soa" free="0" total="5105664" percent="0" />
      <mem type="loa" free="248832" total="268288" percent="92" />
    </mem>
    <remembered-set count="2095" />
  </mem-info>
</gc-start>
<allocation-stats totalBytes="5365984" >
  <allocated-bytes non-tlh="56" tlh="5365928" />
  <largest-consumer threadName="PmdThread 1" threadId="00000000017D6C00" bytes="2035384" />
</allocation-stats>
<gc-op id="1960" type="mark" timems="3.284" contextid="1957" timestamp="2019-06-14T20:05:50.780">
  <trace-info objectcount="173772" scancount="154080" scanbytes="5173420" />
  <finalization candidates="57" enqueued="0" />
  <ownableSynchronizers candidates="8" cleared="0" />
  <references type="soft" candidates="243" cleared="0" enqueued="0" dynamicThreshold="12" maxThreshold="32" />
  <references type="weak" candidates="817" cleared="160" enqueued="160" />
  <references type="phantom" candidates="81" cleared="1" enqueued="1" />
  <stringconstants candidates="5041" cleared="0"  />
</gc-op>
<gc-op id="1961" type="sweep" timems="0.379" contextid="1957" timestamp="2019-06-14T20:05:50.780" />
<mem-info id="1962" free="3555024" total="15728640" percent="22">
  <mem type="nursery" free="2542920" total="10354688" percent="24">
    <mem type="allocate" free="2542920" total="7602176" percent="33" />
    <mem type="survivor" free="0" total="2752512" percent="0" />
  </mem>
  <mem type="tenure" free="1012104" total="5373952" percent="18" micro-fragmented="2825" macro-fragmented="0">
    <mem type="soa" free="743816" total="5105664" percent="14" />
    <mem type="loa" free="268288" total="268288" percent="100" />
  </mem>
  <pending-finalizers system="0" default="0" reference="161" classloader="0" />
  <remembered-set count="2007" />
</mem-info>
<gc-op id="1963" type="compact" timems="17.715" contextid="1957" timestamp="2019-06-14T20:05:50.798">
  <compact-info movecount="167839" movebytes="7560040" reason="compact to aid heap contraction" />
</gc-op>
<heap-resize id="1964" type="contract" space="tenure" amount="196608" count="1" timems="0.083" reason="heap reconfiguration" timestamp="2019-06-14T20:05:50.799" />
<gc-end id="1965" type="global" contextid="1957" durationms="22.546" usertimems="44.000" systemtimems="4.000" timestamp="2019-06-14T20:05:50.799" activeThreads="4">
  <mem-info id="1966" free="4970224" total="15532032" percent="31">
    <mem type="nursery" free="4112848" total="10354688" percent="39">
      <mem type="allocate" free="4112848" total="7602176" percent="54" />
      <mem type="survivor" free="0" total="2752512" percent="0" />
    </mem>
    <mem type="tenure" free="857376" total="5177344" percent="16">
      <mem type="soa" free="599328" total="4919296" percent="12" />
      <mem type="loa" free="258048" total="258048" percent="100" />
    </mem>
    <pending-finalizers system="0" default="0" reference="161" classloader="0" />
    <remembered-set count="2007" />
  </mem-info>
</gc-end>
<cycle-end id="1967" type="global" contextid="1957" timestamp="2019-06-14T20:05:50.799" />
  <attribute name="elasticGC enabled" value="1" />
  <attribute name= "numThreadsSpecified" value="4" />
  <attribute name="heapSize specified" value="15728640" />
  <attribute name="Current GC Util" value="184" />
  <attribute name= "Current Time Running" value="3568" />
  <attribute name ="GC Interval" value="200" />
  <attribute name="ProportionalT" value="82.000000" />
  <attribute name="ProportionalI" value="82.000000" />
  <attribute name="ProportionalH" value="82.000000" />
  <attribute name="Current Error" value="164.000000" />
  <attribute name="IntegralT" value="2952.000000" />
  <attribute name="IntegralI" value="2952.000000" />
  <attribute name="IntegralH" value="2952.000000" />
  <attribute name="DerivativeT" value="3.472222" />
  <attribute name="DerivativeI" value="3.472222" />
  <attribute name="DerivativeH" value="3.472222" />
  <attribute name="Loop Time for DT" value="18.000000" />
  <attribute name="Output H" value="8388608"/>
  <attribute name="Output I" value="3040"/>
  <attribute name="Output T" value="4"/>
  <attribute name="Target GC Util Change" value ="20.000000" />
  <attribute name="Current GC Util Change" value="184.000000"/>
  <attribute name="GC Util currently" value="184" />
  <attribute name="CPU Util currently" value="257144871418" />
<allocation-satisfied id="1968" threadId="00000000017DA800" bytesRequested="56" />
<af-end id="1969" timestamp="2019-06-14T20:05:50.799" threadId="00000000017DB188" success="true" from="nursery"/>
<exclusive-end id="1970" timestamp="2019-06-14T20:05:50.799" durationms="23.645" />

<exclusive-start id="1971" timestamp="2019-06-14T20:05:50.812" intervalms="36.166">
  <response-info timems="0.100" idlems="0.055" threads="1" lastid="00000000017E2400" lastname="PmdThread 3" />
</exclusive-start>
<af-start id="1972" threadId="00000000017DB188" totalBytesRequested="32" timestamp="2019-06-14T20:05:50.812" intervalms="36.130" type="nursery" />
<cycle-start id="1973" type="scavenge" contextid="0" timestamp="2019-06-14T20:05:50.812" intervalms="67.174" />
<gc-start id="1974" type="scavenge" contextid="1973" timestamp="2019-06-14T20:05:50.812">
  <mem-info id="1975" free="857376" total="15532032" percent="5">
    <mem type="nursery" free="0" total="10354688" percent="0">
      <mem type="allocate" free="0" total="7602176" percent="0" />
      <mem type="survivor" free="0" total="2752512" percent="0" />
    </mem>
    <mem type="tenure" free="857376" total="5177344" percent="16">
      <mem type="soa" free="599328" total="4919296" percent="12" />
      <mem type="loa" free="258048" total="258048" percent="100" />
    </mem>
    <remembered-set count="2015" />
  </mem-info>
</gc-start>
<allocation-stats totalBytes="4111104" >
  <allocated-bytes non-tlh="56" tlh="4111048" />
  <largest-consumer threadName="PmdThread 3" threadId="00000000017E2400" bytes="1511048" />
</allocation-stats>
<gc-op id="1976" type="scavenge" timems="10.721" contextid="1973" timestamp="2019-06-14T20:05:50.823">
  <scavenger-info tenureage="2" tenuremask="7ffc" tiltratio="73" />
  <memory-copied type="nursery" objects="65328" bytes="2719368" bytesdiscarded="30464" />
  <memory-copied type="tenure" objects="14009" bytes="560688" bytesdiscarded="240" />
  <copy-failed type="nursery" objects="2" bytes="104" />
  <copy-failed type="tenure" objects="2933" bytes="216592" />
  <ownableSynchronizers candidates="16" cleared="0" />
  <warning details="aborted collection due to insufficient free space" />
</gc-op>
<gc-end id="1977" type="scavenge" contextid="1973" durationms="11.162" usertimems="16.000" systemtimems="0.000" timestamp="2019-06-14T20:05:50.823" activeThreads="4">
  <mem-info id="1978" free="258048" total="15532032" percent="1">
    <mem type="nursery" free="0" total="10354688" percent="0">
      <mem type="allocate" free="0" total="7602176" percent="0" />
      <mem type="survivor" free="0" total="2752512" percent="0" />
    </mem>
    <mem type="tenure" free="258048" total="5177344" percent="4">
      <mem type="soa" free="0" total="4919296" percent="0" />
      <mem type="loa" free="258048" total="258048" percent="100" />
    </mem>
    <remembered-set count="2015" />
  </mem-info>
</gc-end>
<cycle-end id="1979" type="scavenge" contextid="1973" timestamp="2019-06-14T20:05:50.824" />
  <attribute name="elasticGC enabled" value="1" />
  <attribute name= "numThreadsSpecified" value="4" />
  <attribute name="heapSize specified" value="15728640" />
  <attribute name="Current GC Util" value="44" />
  <attribute name= "Current Time Running" value="3582" />
  <attribute name ="GC Interval" value="344" />
  <attribute name="ProportionalT" value="12.000000" />
  <attribute name="ProportionalI" value="12.000000" />
  <attribute name="ProportionalH" value="12.000000" />
  <attribute name="Current Error" value="24.000000" />
  <attribute name="IntegralT" value="336.000000" />
  <attribute name="IntegralI" value="336.000000" />
  <attribute name="IntegralH" value="336.000000" />
  <attribute name="DerivativeT" value="-5.000000" />
  <attribute name="DerivativeI" value="-5.000000" />
  <attribute name="DerivativeH" value="-5.000000" />
  <attribute name="Loop Time for DT" value="14.000000" />
  <attribute name="Output H" value="8388608"/>
  <attribute name="Output I" value="344"/>
  <attribute name="Output T" value="4"/>
  <attribute name="Target GC Util Change" value ="20.000000" />
  <attribute name="Current GC Util Change" value="44.000000"/>
  <attribute name="GC Util currently" value="44" />
  <attribute name="CPU Util currently" value="330772304083" />
<percolate-collect id="1980" from="nursery" to="global" reason="failed tenure threshold reached" timestamp="2019-06-14T20:05:50.824"/>
<cycle-start id="1981" type="global" contextid="0" timestamp="2019-06-14T20:05:50.824" intervalms="47.638" />
<gc-start id="1982" type="global" contextid="1981" timestamp="2019-06-14T20:05:50.824">
  <mem-info id="1983" free="258048" total="15532032" percent="1">
    <mem type="nursery" free="0" total="10354688" percent="0">
      <mem type="allocate" free="0" total="7602176" percent="0" />
      <mem type="survivor" free="0" total="2752512" percent="0" />
    </mem>
    <mem type="tenure" free="258048" total="5177344" percent="4">
      <mem type="soa" free="0" total="4919296" percent="0" />
      <mem type="loa" free="258048" total="258048" percent="100" />
    </mem>
    <remembered-set count="2015" />
  </mem-info>
</gc-start>
<allocation-stats totalBytes="0" >
  <allocated-bytes non-tlh="0" tlh="0" />
</allocation-stats>
<heap-resize id="1984" type="loa contract" space="tenure" amount="206848" count="1" timems="0.083" reason="contract on aggressive gc" timestamp="2019-06-14T20:05:50.824" />
<gc-op id="1985" type="mark" timems="3.603" contextid="1981" timestamp="2019-06-14T20:05:50.828">
  <trace-info objectcount="192481" scancount="171869" scanbytes="5821976" />
  <finalization candidates="57" enqueued="0" />
  <ownableSynchronizers candidates="8" cleared="0" />
  <references type="soft" candidates="243" cleared="145" enqueued="132" dynamicThreshold="5" maxThreshold="32" />
  <references type="weak" candidates="719" cleared="62" enqueued="62" />
  <references type="phantom" candidates="81" cleared="1" enqueued="1" />
  <stringconstants candidates="5041" cleared="1"  />
</gc-op>
<gc-op id="1986" type="classunload" timems="0.002" contextid="1981" timestamp="2019-06-14T20:05:50.828">
  <classunload-info classloadercandidates="10" classloadersunloaded="0" classesunloaded="0" anonymousclassesunloaded="0" quiescems="0.000" setupms="0.002" scanms="0.000" postms="0.000" />
</gc-op>
<gc-op id="1987" type="sweep" timems="0.383" contextid="1981" timestamp="2019-06-14T20:05:50.828" />
<mem-info id="1988" free="3083960" total="15532032" percent="19">
  <mem type="nursery" free="2176096" total="10354688" percent="21">
    <mem type="allocate" free="2176096" total="7602176" percent="28" />
    <mem type="survivor" free="0" total="2752512" percent="0" />
  </mem>
  <mem type="tenure" free="907864" total="5177344" percent="17" micro-fragmented="26199" macro-fragmented="0">
    <mem type="soa" free="907864" total="5177344" percent="17" />
    <mem type="loa" free="0" total="0" percent="0" />
  </mem>
  <pending-finalizers system="0" default="0" reference="195" classloader="0" />
  <remembered-set count="1991" />
</mem-info>
<gc-op id="1989" type="compact" timems="21.058" contextid="1981" timestamp="2019-06-14T20:05:50.850">
  <compact-info movecount="181850" movebytes="8091784" reason="compact to aid heap contraction" />
</gc-op>
<heap-resize id="1990" type="contract" space="tenure" amount="917504" count="1" timems="0.088" reason="heap reconfiguration" timestamp="2019-06-14T20:05:50.850" />
<gc-end id="1991" type="global" contextid="1981" durationms="26.218" usertimems="48.000" systemtimems="4.000" timestamp="2019-06-14T20:05:50.850" activeThreads="4">
  <mem-info id="1992" free="3321072" total="14614528" percent="22">
    <mem type="nursery" free="3288144" total="10354688" percent="31">
      <mem type="allocate" free="3288144" total="7602176" percent="43" />
      <mem type="survivor" free="0" total="2752512" percent="0" />
    </mem>
    <mem type="tenure" free="32928" total="4259840" percent="0">
      <mem type="soa" free="32928" total="4259840" percent="0" />
      <mem type="loa" free="0" total="0" percent="0" />
    </mem>
    <pending-finalizers system="0" default="0" reference="195" classloader="0" />
    <remembered-set count="1991" />
  </mem-info>
</gc-end>
<cycle-end id="1993" type="global" contextid="1981" timestamp="2019-06-14T20:05:50.850" />
  <attribute name="elasticGC enabled" value="1" />
  <attribute name= "numThreadsSpecified" value="4" />
  <attribute name="heapSize specified" value="15532032" />
  <attribute name="Current GC Util" value="166" />
  <attribute name= "Current Time Running" value="3619" />
  <attribute name ="GC Interval" value="344" />
  <attribute name="ProportionalT" value="73.000000" />
  <attribute name="ProportionalI" value="73.000000" />
  <attribute name="ProportionalH" value="73.000000" />
  <attribute name="Current Error" value="146.000000" />
  <attribute name="IntegralT" value="3066.000000" />
  <attribute name="IntegralI" value="3066.000000" />
  <attribute name="IntegralH" value="3066.000000" />
  <attribute name="DerivativeT" value="2.738095" />
  <attribute name="DerivativeI" value="2.738095" />
  <attribute name="DerivativeH" value="2.738095" />
  <attribute name="Loop Time for DT" value="21.000000" />
  <attribute name="Output H" value="8388608"/>
  <attribute name="Output I" value="3144"/>
  <attribute name="Output T" value="4"/>
  <attribute name="Target GC Util Change" value ="20.000000" />
  <attribute name="Current GC Util Change" value="166.000000"/>
  <attribute name="GC Util currently" value="166" />
  <attribute name="CPU Util currently" value="217453224383" />
<allocation-satisfied id="1994" threadId="00000000017DA800" bytesRequested="32" />
<af-end id="1995" timestamp="2019-06-14T20:05:50.851" threadId="00000000017DB188" success="true" from="nursery"/>
<exclusive-end id="1996" timestamp="2019-06-14T20:05:50.851" durationms="38.711" />

<concurrent-kickoff id="1997" timestamp="2019-06-14T20:05:50.862">
  <kickoff reason="threshold reached" targetBytes="1337696" thresholdFreeBytes="187385"  remainingFree="183344" tenureFreeBytes="32928" nurseryFreeBytes="183344" />
</concurrent-kickoff>
<exclusive-start id="1998" timestamp="2019-06-14T20:05:50.863" intervalms="50.751">
  <response-info timems="0.198" idlems="0.098" threads="3" lastid="00000000017E2400" lastname="PmdThread 3" />
</exclusive-start>
<cycle-start id="1999" type="global" contextid="0" timestamp="2019-06-14T20:05:50.863" intervalms="38.938" />
<exclusive-end id="2000" timestamp="2019-06-14T20:05:50.863" durationms="0.110" />

<exclusive-start id="2001" timestamp="2019-06-14T20:05:50.863" intervalms="0.778">
  <response-info timems="0.064" idlems="0.035" threads="2" lastid="00000000014CDF00" lastname="JIT Compilation Thread-1" />
</exclusive-start>
<af-start id="2002" threadId="00000000017D7588" totalBytesRequested="40" timestamp="2019-06-14T20:05:50.864" intervalms="51.537" type="nursery" />
<cycle-start id="2003" type="scavenge" contextid="0" timestamp="2019-06-14T20:05:50.864" intervalms="51.532" />
<gc-start id="2004" type="scavenge" contextid="2003" timestamp="2019-06-14T20:05:50.864">
  <mem-info id="2005" free="32928" total="14614528" percent="0">
    <mem type="nursery" free="0" total="10354688" percent="0">
      <mem type="allocate" free="0" total="7602176" percent="0" />
      <mem type="survivor" free="0" total="2752512" percent="0" />
    </mem>
    <mem type="tenure" free="32928" total="4259840" percent="0">
      <mem type="soa" free="32928" total="4259840" percent="0" />
      <mem type="loa" free="0" total="0" percent="0" />
    </mem>
    <remembered-set count="2194" />
  </mem-info>
</gc-start>
<allocation-stats totalBytes="3286528" >
  <allocated-bytes non-tlh="32" tlh="3286496" />
  <largest-consumer threadName="PmdThread 3" threadId="00000000017E2400" bytes="1916568" />
</allocation-stats>
<gc-op id="2006" type="scavenge" timems="6.708" contextid="2003" timestamp="2019-06-14T20:05:50.871">
  <scavenger-info tenureage="2" tenuremask="7ffc" tiltratio="73" />
  <memory-copied type="nursery" objects="63053" bytes="2687496" bytesdiscarded="64464" />
  <memory-copied type="tenure" objects="852" bytes="32920" bytesdiscarded="8" />
  <copy-failed type="nursery" objects="1" bytes="56" />
  <copy-failed type="tenure" objects="23431" bytes="934568" />
  <ownableSynchronizers candidates="16" cleared="0" />
  <warning details="aborted collection due to insufficient free space" />
</gc-op>
<gc-end id="2007" type="scavenge" contextid="2003" durationms="6.964" usertimems="12.000" systemtimems="0.000" timestamp="2019-06-14T20:05:50.871" activeThreads="4">
  <mem-info id="2008" free="0" total="14614528" percent="0">
    <mem type="nursery" free="0" total="10354688" percent="0">
      <mem type="allocate" free="0" total="7602176" percent="0" />
      <mem type="survivor" free="0" total="2752512" percent="0" />
    </mem>
    <mem type="tenure" free="0" total="4259840" percent="0">
      <mem type="soa" free="0" total="4259840" percent="0" />
      <mem type="loa" free="0" total="0" percent="0" />
    </mem>
    <remembered-set count="2194" />
  </mem-info>
</gc-end>
<cycle-end id="2009" type="scavenge" contextid="2003" timestamp="2019-06-14T20:05:50.871" />
  <attribute name="elasticGC enabled" value="1" />
  <attribute name= "numThreadsSpecified" value="4" />
  <attribute name="heapSize specified" value="15532032" />
  <attribute name="Current GC Util" value="94" />
  <attribute name= "Current Time Running" value="3633" />
  <attribute name ="GC Interval" value="1072" />
  <attribute name="ProportionalT" value="37.000000" />
  <attribute name="ProportionalI" value="37.000000" />
  <attribute name="ProportionalH" value="37.000000" />
  <attribute name="Current Error" value="74.000000" />
  <attribute name="IntegralT" value="1036.000000" />
  <attribute name="IntegralI" value="1036.000000" />
  <attribute name="IntegralH" value="1036.000000" />
  <attribute name="DerivativeT" value="-2.571429" />
  <attribute name="DerivativeI" value="-2.571429" />
  <attribute name="DerivativeH" value="-2.571429" />
  <attribute name="Loop Time for DT" value="14.000000" />
  <attribute name="Output H" value="8388608"/>
  <attribute name="Output I" value="1072"/>
  <attribute name="Output T" value="4"/>
  <attribute name="Target GC Util Change" value ="20.000000" />
  <attribute name="Current GC Util Change" value="94.000000"/>
  <attribute name="GC Util currently" value="94" />
  <attribute name="CPU Util currently" value="329297710412" />
<percolate-collect id="2010" from="nursery" to="global" reason="failed tenure threshold reached" timestamp="2019-06-14T20:05:50.871"/>
<concurrent-aborted id="2011" timestamp="2019-06-14T20:05:50.871">
  <reason value="insufficient progress made" />
</concurrent-aborted>
<cycle-end id="2012" type="global" contextid="1999" timestamp="2019-06-14T20:05:50.871" />
  <attribute name="elasticGC enabled" value="1" />
  <attribute name= "numThreadsSpecified" value="4" />
  <attribute name="heapSize specified" value="15532032" />
  <attribute name="Current GC Util" value="94" />
  <attribute name= "Current Time Running" value="3633" />
  <attribute name ="GC Interval" value="1072" />
  <attribute name="ProportionalT" value="37.000000" />
  <attribute name="ProportionalI" value="37.000000" />
  <attribute name="ProportionalH" value="37.000000" />
  <attribute name="Current Error" value="74.000000" />
  <attribute name="IntegralT" value="1036.000000" />
  <attribute name="IntegralI" value="1036.000000" />
  <attribute name="IntegralH" value="1036.000000" />
  <attribute name="DerivativeT" value="-2.571429" />
  <attribute name="DerivativeI" value="-2.571429" />
  <attribute name="DerivativeH" value="-2.571429" />
  <attribute name="Loop Time for DT" value="14.000000" />
  <attribute name="Output H" value="8388608"/>
  <attribute name="Output I" value="1072"/>
  <attribute name="Output T" value="4"/>
  <attribute name="Target GC Util Change" value ="20.000000" />
  <attribute name="Current GC Util Change" value="94.000000"/>
  <attribute name="GC Util currently" value="94" />
  <attribute name="CPU Util currently" value="329297710412" />
<cycle-start id="2013" type="global" contextid="0" timestamp="2019-06-14T20:05:50.871" intervalms="8.613" />
<gc-start id="2014" type="global" contextid="2013" timestamp="2019-06-14T20:05:50.871">
  <mem-info id="2015" free="0" total="14614528" percent="0">
    <mem type="nursery" free="0" total="10354688" percent="0">
      <mem type="allocate" free="0" total="7602176" percent="0" />
      <mem type="survivor" free="0" total="2752512" percent="0" />
    </mem>
    <mem type="tenure" free="0" total="4259840" percent="0">
      <mem type="soa" free="0" total="4259840" percent="0" />
      <mem type="loa" free="0" total="0" percent="0" />
    </mem>
    <remembered-set count="2194" />
  </mem-info>
</gc-start>
<allocation-stats totalBytes="0" >
  <allocated-bytes non-tlh="0" tlh="0" />
</allocation-stats>
<gc-op id="2016" type="mark" timems="4.178" contextid="2013" timestamp="2019-06-14T20:05:50.876">
  <trace-info objectcount="193141" scancount="172097" scanbytes="5852064" />
  <finalization candidates="57" enqueued="0" />
  <ownableSynchronizers candidates="8" cleared="0" />
  <references type="soft" candidates="102" cleared="4" enqueued="0" dynamicThreshold="0" maxThreshold="32" />
  <references type="weak" candidates="683" cleared="27" enqueued="27" />
  <references type="phantom" candidates="82" cleared="3" enqueued="3" />
  <stringconstants candidates="5040" cleared="53"  />
</gc-op>
<gc-op id="2017" type="classunload" timems="0.002" contextid="2013" timestamp="2019-06-14T20:05:50.876">
  <classunload-info classloadercandidates="10" classloadersunloaded="0" classesunloaded="0" anonymousclassesunloaded="0" quiescems="0.000" setupms="0.001" scanms="0.001" postms="0.000" />
</gc-op>
<gc-op id="2018" type="sweep" timems="0.387" contextid="2013" timestamp="2019-06-14T20:05:50.876" />
<mem-info id="2019" free="2183648" total="14614528" percent="14">
  <mem type="nursery" free="1842344" total="10354688" percent="17">
    <mem type="allocate" free="1842344" total="7602176" percent="24" />
    <mem type="survivor" free="0" total="2752512" percent="0" />
  </mem>
  <mem type="tenure" free="341304" total="4259840" percent="8" micro-fragmented="38277" macro-fragmented="0">
    <mem type="soa" free="341304" total="4259840" percent="8" />
    <mem type="loa" free="0" total="0" percent="0" />
  </mem>
  <pending-finalizers system="0" default="0" reference="30" classloader="0" />
  <remembered-set count="868" />
</mem-info>
<gc-op id="2020" type="compact" timems="23.479" contextid="2013" timestamp="2019-06-14T20:05:50.900">
  <compact-info movecount="187384" movebytes="8335544" reason="compact to aid heap contraction" />
</gc-op>
<heap-resize id="2021" type="contract" space="tenure" amount="327680" count="1" timems="0.106" reason="heap reconfiguration" timestamp="2019-06-14T20:05:50.901" />
<gc-end id="2022" type="global" contextid="2013" durationms="29.320" usertimems="40.000" systemtimems="8.000" timestamp="2019-06-14T20:05:50.901" activeThreads="4">
  <mem-info id="2023" free="2956120" total="14286848" percent="20">
    <mem type="nursery" free="2922416" total="10354688" percent="28">
      <mem type="allocate" free="2922416" total="7602176" percent="38" />
      <mem type="survivor" free="0" total="2752512" percent="0" />
    </mem>
    <mem type="tenure" free="33704" total="3932160" percent="0">
      <mem type="soa" free="33704" total="3932160" percent="0" />
      <mem type="loa" free="0" total="0" percent="0" />
    </mem>
    <pending-finalizers system="0" default="0" reference="30" classloader="0" />
    <remembered-set count="868" />
  </mem-info>
</gc-end>
<cycle-end id="2024" type="global" contextid="2013" timestamp="2019-06-14T20:05:50.901" />
  <attribute name="elasticGC enabled" value="1" />
  <attribute name= "numThreadsSpecified" value="4" />
  <attribute name="heapSize specified" value="14614528" />
  <attribute name="Current GC Util" value="74" />
  <attribute name= "Current Time Running" value="3670" />
  <attribute name ="GC Interval" value="1072" />
  <attribute name="ProportionalT" value="27.000000" />
  <attribute name="ProportionalI" value="27.000000" />
  <attribute name="ProportionalH" value="27.000000" />
  <attribute name="Current Error" value="54.000000" />
  <attribute name="IntegralT" value="1296.000000" />
  <attribute name="IntegralI" value="1296.000000" />
  <attribute name="IntegralH" value="1296.000000" />
  <attribute name="DerivativeT" value="0.666667" />
  <attribute name="DerivativeI" value="0.666667" />
  <attribute name="DerivativeH" value="0.666667" />
  <attribute name="Loop Time for DT" value="24.000000" />
  <attribute name="Output H" value="8388608"/>
  <attribute name="Output I" value="1328"/>
  <attribute name="Output T" value="4"/>
  <attribute name="Target GC Util Change" value ="20.000000" />
  <attribute name="Current GC Util Change" value="74.000000"/>
  <attribute name="GC Util currently" value="74" />
  <attribute name="CPU Util currently" value="194540301312" />
<allocation-satisfied id="2025" threadId="00000000017D6C00" bytesRequested="40" />
<af-end id="2026" timestamp="2019-06-14T20:05:50.901" threadId="00000000017D7588" success="true" from="nursery"/>
<exclusive-end id="2027" timestamp="2019-06-14T20:05:50.901" durationms="37.814" />

<concurrent-kickoff id="2028" timestamp="2019-06-14T20:05:50.910">
  <kickoff reason="threshold reached" targetBytes="1234796" thresholdFreeBytes="173184"  remainingFree="145600" tenureFreeBytes="33704" nurseryFreeBytes="145600" />
</concurrent-kickoff>
<exclusive-start id="2029" timestamp="2019-06-14T20:05:50.910" intervalms="46.428">
  <response-info timems="0.066" idlems="0.032" threads="2" lastid="00000000017E2400" lastname="PmdThread 3" />
</exclusive-start>
<cycle-start id="2030" type="global" contextid="0" timestamp="2019-06-14T20:05:50.910" intervalms="38.621" />
<exclusive-end id="2031" timestamp="2019-06-14T20:05:50.910" durationms="0.208" />

<exclusive-start id="2032" timestamp="2019-06-14T20:05:50.911" intervalms="1.026">
  <response-info timems="0.041" idlems="0.041" threads="0" lastid="00000000017E6000" lastname="PmdThread 4" />
</exclusive-start>
<af-start id="2033" threadId="00000000017E6988" totalBytesRequested="56" timestamp="2019-06-14T20:05:50.911" intervalms="47.432" type="nursery" />
<cycle-start id="2034" type="scavenge" contextid="0" timestamp="2019-06-14T20:05:50.911" intervalms="47.440" />
<gc-start id="2035" type="scavenge" contextid="2034" timestamp="2019-06-14T20:05:50.911">
  <mem-info id="2036" free="33704" total="14286848" percent="0">
    <mem type="nursery" free="0" total="10354688" percent="0">
      <mem type="allocate" free="0" total="7602176" percent="0" />
      <mem type="survivor" free="0" total="2752512" percent="0" />
    </mem>
    <mem type="tenure" free="33704" total="3932160" percent="0">
      <mem type="soa" free="33704" total="3932160" percent="0" />
      <mem type="loa" free="0" total="0" percent="0" />
    </mem>
    <remembered-set count="880" />
  </mem-info>
</gc-start>
<allocation-stats totalBytes="2920048" >
  <allocated-bytes non-tlh="98032" tlh="2822016" />
  <largest-consumer threadName="PmdThread 2" threadId="00000000017DA800" bytes="923688" />
</allocation-stats>
<gc-op id="2037" type="scavenge" timems="6.631" contextid="2034" timestamp="2019-06-14T20:05:50.918">
  <scavenger-info tenureage="2" tenuremask="7ffc" tiltratio="73" />
  <memory-copied type="nursery" objects="61172" bytes="2641864" bytesdiscarded="109464" />
  <memory-copied type="tenure" objects="527" bytes="33696" bytesdiscarded="8" />
  <copy-failed type="nursery" objects="1" bytes="56" />
  <copy-failed type="tenure" objects="23995" bytes="1044992" />
  <ownableSynchronizers candidates="16" cleared="0" />
  <warning details="aborted collection due to insufficient free space" />
</gc-op>
<gc-end id="2038" type="scavenge" contextid="2034" durationms="6.832" usertimems="12.000" systemtimems="0.000" timestamp="2019-06-14T20:05:50.918" activeThreads="4">
  <mem-info id="2039" free="0" total="14286848" percent="0">
    <mem type="nursery" free="0" total="10354688" percent="0">
      <mem type="allocate" free="0" total="7602176" percent="0" />
      <mem type="survivor" free="0" total="2752512" percent="0" />
    </mem>
    <mem type="tenure" free="0" total="3932160" percent="0">
      <mem type="soa" free="0" total="3932160" percent="0" />
      <mem type="loa" free="0" total="0" percent="0" />
    </mem>
    <remembered-set count="880" />
  </mem-info>
</gc-end>
<cycle-end id="2040" type="scavenge" contextid="2034" timestamp="2019-06-14T20:05:50.918" />
  <attribute name="elasticGC enabled" value="1" />
  <attribute name= "numThreadsSpecified" value="4" />
  <attribute name="heapSize specified" value="14614528" />
  <attribute name="Current GC Util" value="431" />
  <attribute name= "Current Time Running" value="3681" />
  <attribute name ="GC Interval" value="4000" />
  <attribute name="ProportionalT" value="205.500000" />
  <attribute name="ProportionalI" value="205.500000" />
  <attribute name="ProportionalH" value="205.500000" />
  <attribute name="Current Error" value="411.000000" />
  <attribute name="IntegralT" value="4521.000000" />
  <attribute name="IntegralI" value="4521.000000" />
  <attribute name="IntegralH" value="4521.000000" />
  <attribute name="DerivativeT" value="16.227273" />
  <attribute name="DerivativeI" value="16.227273" />
  <attribute name="DerivativeH" value="16.227273" />
  <attribute name="Loop Time for DT" value="11.000000" />
  <attribute name="Output H" value="8388608"/>
  <attribute name="Output I" value="4000"/>
  <attribute name="Output T" value="4"/>
  <attribute name="Target GC Util Change" value ="20.000000" />
  <attribute name="Current GC Util Change" value="431.000000"/>
  <attribute name="GC Util currently" value="431" />
  <attribute name="CPU Util currently" value="421328840848" />
<percolate-collect id="2041" from="nursery" to="global" reason="failed tenure threshold reached" timestamp="2019-06-14T20:05:50.918"/>
<concurrent-aborted id="2042" timestamp="2019-06-14T20:05:50.918">
  <reason value="insufficient progress made" />
</concurrent-aborted>
<cycle-end id="2043" type="global" contextid="2030" timestamp="2019-06-14T20:05:50.918" />
  <attribute name="elasticGC enabled" value="1" />
  <attribute name= "numThreadsSpecified" value="4" />
  <attribute name="heapSize specified" value="14614528" />
  <attribute name="Current GC Util" value="431" />
  <attribute name= "Current Time Running" value="3681" />
  <attribute name ="GC Interval" value="4000" />
  <attribute name="ProportionalT" value="205.500000" />
  <attribute name="ProportionalI" value="205.500000" />
  <attribute name="ProportionalH" value="205.500000" />
  <attribute name="Current Error" value="411.000000" />
  <attribute name="IntegralT" value="4521.000000" />
  <attribute name="IntegralI" value="4521.000000" />
  <attribute name="IntegralH" value="4521.000000" />
  <attribute name="DerivativeT" value="16.227273" />
  <attribute name="DerivativeI" value="16.227273" />
  <attribute name="DerivativeH" value="16.227273" />
  <attribute name="Loop Time for DT" value="11.000000" />
  <attribute name="Output H" value="8388608"/>
  <attribute name="Output I" value="4000"/>
  <attribute name="Output T" value="4"/>
  <attribute name="Target GC Util Change" value ="20.000000" />
  <attribute name="Current GC Util Change" value="431.000000"/>
  <attribute name="GC Util currently" value="431" />
  <attribute name="CPU Util currently" value="421328840848" />
<cycle-start id="2044" type="global" contextid="0" timestamp="2019-06-14T20:05:50.919" intervalms="8.535" />
<gc-start id="2045" type="global" contextid="2044" timestamp="2019-06-14T20:05:50.919">
  <mem-info id="2046" free="0" total="14286848" percent="0">
    <mem type="nursery" free="0" total="10354688" percent="0">
      <mem type="allocate" free="0" total="7602176" percent="0" />
      <mem type="survivor" free="0" total="2752512" percent="0" />
    </mem>
    <mem type="tenure" free="0" total="3932160" percent="0">
      <mem type="soa" free="0" total="3932160" percent="0" />
      <mem type="loa" free="0" total="0" percent="0" />
    </mem>
    <remembered-set count="880" />
  </mem-info>
</gc-start>
<allocation-stats totalBytes="0" >
  <allocated-bytes non-tlh="0" tlh="0" />
</allocation-stats>
<gc-op id="2047" type="mark" timems="3.817" contextid="2044" timestamp="2019-06-14T20:05:50.923">
  <trace-info objectcount="201008" scancount="179568" scanbytes="6128480" />
  <finalization candidates="57" enqueued="0" />
  <ownableSynchronizers candidates="8" cleared="0" />
  <references type="soft" candidates="103" cleared="5" enqueued="0" dynamicThreshold="0" maxThreshold="32" />
  <references type="weak" candidates="706" cleared="50" enqueued="50" />
  <references type="phantom" candidates="82" cleared="2" enqueued="2" />
  <stringconstants candidates="4987" cleared="0"  />
</gc-op>
<gc-op id="2048" type="classunload" timems="0.002" contextid="2044" timestamp="2019-06-14T20:05:50.923">
  <classunload-info classloadercandidates="10" classloadersunloaded="0" classesunloaded="0" anonymousclassesunloaded="0" quiescems="0.000" setupms="0.002" scanms="0.000" postms="0.000" />
</gc-op>
<gc-op id="2049" type="sweep" timems="0.356" contextid="2044" timestamp="2019-06-14T20:05:50.923" />
<mem-info id="2050" free="2152144" total="14286848" percent="15">
  <mem type="nursery" free="2118440" total="10354688" percent="20">
    <mem type="allocate" free="2118440" total="7602176" percent="27" />
    <mem type="survivor" free="0" total="2752512" percent="0" />
  </mem>
  <mem type="tenure" free="33704" total="3932160" percent="0" micro-fragmented="0" macro-fragmented="0">
    <mem type="soa" free="33704" total="3932160" percent="0" />
    <mem type="loa" free="0" total="0" percent="0" />
  </mem>
  <pending-finalizers system="0" default="0" reference="52" classloader="0" />
  <remembered-set count="879" />
</mem-info>
<gc-op id="2051" type="compact" timems="24.103" contextid="2044" timestamp="2019-06-14T20:05:50.948">
  <compact-info movecount="160797" movebytes="6533224" reason="compact to aid heap contraction" />
</gc-op>
<gc-end id="2052" type="global" contextid="2044" durationms="29.257" usertimems="44.000" systemtimems="0.000" timestamp="2019-06-14T20:05:50.948" activeThreads="4">
  <mem-info id="2053" free="2680840" total="14286848" percent="18">
    <mem type="nursery" free="2646328" total="10354688" percent="25">
      <mem type="allocate" free="2646328" total="7602176" percent="34" />
      <mem type="survivor" free="0" total="2752512" percent="0" />
    </mem>
    <mem type="tenure" free="34512" total="3932160" percent="0">
      <mem type="soa" free="34512" total="3932160" percent="0" />
      <mem type="loa" free="0" total="0" percent="0" />
    </mem>
    <pending-finalizers system="0" default="0" reference="52" classloader="0" />
    <remembered-set count="879" />
  </mem-info>
</gc-end>
<cycle-end id="2054" type="global" contextid="2044" timestamp="2019-06-14T20:05:50.948" />
  <attribute name="elasticGC enabled" value="1" />
  <attribute name= "numThreadsSpecified" value="4" />
  <attribute name="heapSize specified" value="14286848" />
  <attribute name="Current GC Util" value="53" />
  <attribute name= "Current Time Running" value="3717" />
  <attribute name ="GC Interval" value="4000" />
  <attribute name="ProportionalT" value="16.500000" />
  <attribute name="ProportionalI" value="16.500000" />
  <attribute name="ProportionalH" value="16.500000" />
  <attribute name="Current Error" value="33.000000" />
  <attribute name="IntegralT" value="792.000000" />
  <attribute name="IntegralI" value="792.000000" />
  <attribute name="IntegralH" value="792.000000" />
  <attribute name="DerivativeT" value="0.354167" />
  <attribute name="DerivativeI" value="0.354167" />
  <attribute name="DerivativeH" value="0.354167" />
  <attribute name="Loop Time for DT" value="24.000000" />
  <attribute name="Output H" value="8388608"/>
  <attribute name="Output I" value="808"/>
  <attribute name="Output T" value="4"/>
  <attribute name="Target GC Util Change" value ="20.000000" />
  <attribute name="Current GC Util Change" value="53.000000"/>
  <attribute name="GC Util currently" value="53" />
  <attribute name="CPU Util currently" value="190116485404" />
<allocation-satisfied id="2055" threadId="00000000017E6000" bytesRequested="56" />
<af-end id="2056" timestamp="2019-06-14T20:05:50.948" threadId="00000000017E6988" success="true" from="nursery"/>
<exclusive-end id="2057" timestamp="2019-06-14T20:05:50.948" durationms="37.493" />

<concurrent-kickoff id="2058" timestamp="2019-06-14T20:05:50.965">
  <kickoff reason="threshold reached" targetBytes="1234796" thresholdFreeBytes="173184"  remainingFree="110848" tenureFreeBytes="34512" nurseryFreeBytes="110848" />
</concurrent-kickoff>
<exclusive-start id="2059" timestamp="2019-06-14T20:05:50.965" intervalms="53.954">
  <response-info timems="0.052" idlems="0.028" threads="1" lastid="00000000017E2400" lastname="PmdThread 3" />
</exclusive-start>
<cycle-start id="2060" type="global" contextid="0" timestamp="2019-06-14T20:05:50.965" intervalms="46.448" />
<exclusive-end id="2061" timestamp="2019-06-14T20:05:50.965" durationms="0.205" />

<exclusive-start id="2062" timestamp="2019-06-14T20:05:50.966" intervalms="0.904">
  <response-info timems="0.114" idlems="0.086" threads="1" lastid="00000000017D6C00" lastname="PmdThread 1" />
</exclusive-start>
<af-start id="2063" threadId="00000000017E6988" totalBytesRequested="40" timestamp="2019-06-14T20:05:50.966" intervalms="54.917" type="nursery" />
<cycle-start id="2064" type="scavenge" contextid="0" timestamp="2019-06-14T20:05:50.966" intervalms="54.899" />
<gc-start id="2065" type="scavenge" contextid="2064" timestamp="2019-06-14T20:05:50.966">
  <mem-info id="2066" free="34512" total="14286848" percent="0">
    <mem type="nursery" free="0" total="10354688" percent="0">
      <mem type="allocate" free="0" total="7602176" percent="0" />
      <mem type="survivor" free="0" total="2752512" percent="0" />
    </mem>
    <mem type="tenure" free="34512" total="3932160" percent="0">
      <mem type="soa" free="34512" total="3932160" percent="0" />
      <mem type="loa" free="0" total="0" percent="0" />
    </mem>
    <remembered-set count="948" />
  </mem-info>
</gc-start>
<allocation-stats totalBytes="2643832" >
  <allocated-bytes non-tlh="56" tlh="2643776" />
  <largest-consumer threadName="PmdThread 1" threadId="00000000017D6C00" bytes="1203912" />
</allocation-stats>
<gc-op id="2067" type="scavenge" timems="7.446" contextid="2064" timestamp="2019-06-14T20:05:50.974">
  <scavenger-info tenureage="2" tenuremask="7ffc" tiltratio="73" />
  <memory-copied type="nursery" objects="63205" bytes="2706088" bytesdiscarded="45480" />
  <memory-copied type="tenure" objects="932" bytes="34504" bytesdiscarded="8" />
  <copy-failed type="nursery" objects="1" bytes="56" />
  <copy-failed type="tenure" objects="40955" bytes="1821904" />
  <ownableSynchronizers candidates="16" cleared="0" />
  <warning details="aborted collection due to insufficient free space" />
</gc-op>
<gc-end id="2068" type="scavenge" contextid="2064" durationms="7.687" usertimems="12.000" systemtimems="4.000" timestamp="2019-06-14T20:05:50.974" activeThreads="4">
  <mem-info id="2069" free="0" total="14286848" percent="0">
    <mem type="nursery" free="0" total="10354688" percent="0">
      <mem type="allocate" free="0" total="7602176" percent="0" />
      <mem type="survivor" free="0" total="2752512" percent="0" />
    </mem>
    <mem type="tenure" free="0" total="3932160" percent="0">
      <mem type="soa" free="0" total="3932160" percent="0" />
      <mem type="loa" free="0" total="0" percent="0" />
    </mem>
    <remembered-set count="948" />
  </mem-info>
</gc-end>
<cycle-end id="2070" type="scavenge" contextid="2064" timestamp="2019-06-14T20:05:50.974" />
  <attribute name="elasticGC enabled" value="1" />
  <attribute name= "numThreadsSpecified" value="4" />
  <attribute name="heapSize specified" value="14286848" />
  <attribute name="Current GC Util" value="285" />
  <attribute name= "Current Time Running" value="3736" />
  <attribute name ="GC Interval" value="4000" />
  <attribute name="ProportionalT" value="132.500000" />
  <attribute name="ProportionalI" value="132.500000" />
  <attribute name="ProportionalH" value="132.500000" />
  <attribute name="Current Error" value="265.000000" />
  <attribute name="IntegralT" value="5035.000000" />
  <attribute name="IntegralI" value="5035.000000" />
  <attribute name="IntegralH" value="5035.000000" />
  <attribute name="DerivativeT" value="6.105263" />
  <attribute name="DerivativeI" value="6.105263" />
  <attribute name="DerivativeH" value="6.105263" />
  <attribute name="Loop Time for DT" value="19.000000" />
  <attribute name="Output H" value="8388608"/>
  <attribute name="Output I" value="4000"/>
  <attribute name="Output T" value="4"/>
  <attribute name="Target GC Util Change" value ="20.000000" />
  <attribute name="Current GC Util Change" value="285.000000"/>
  <attribute name="GC Util currently" value="285" />
  <attribute name="CPU Util currently" value="250108047010" />
<percolate-collect id="2071" from="nursery" to="global" reason="failed tenure threshold reached" timestamp="2019-06-14T20:05:50.974"/>
<concurrent-aborted id="2072" timestamp="2019-06-14T20:05:50.974">
  <reason value="insufficient progress made" />
</concurrent-aborted>
<cycle-end id="2073" type="global" contextid="2060" timestamp="2019-06-14T20:05:50.974" />
  <attribute name="elasticGC enabled" value="1" />
  <attribute name= "numThreadsSpecified" value="4" />
  <attribute name="heapSize specified" value="14286848" />
  <attribute name="Current GC Util" value="285" />
  <attribute name= "Current Time Running" value="3736" />
  <attribute name ="GC Interval" value="4000" />
  <attribute name="ProportionalT" value="132.500000" />
  <attribute name="ProportionalI" value="132.500000" />
  <attribute name="ProportionalH" value="132.500000" />
  <attribute name="Current Error" value="265.000000" />
  <attribute name="IntegralT" value="5035.000000" />
  <attribute name="IntegralI" value="5035.000000" />
  <attribute name="IntegralH" value="5035.000000" />
  <attribute name="DerivativeT" value="6.105263" />
  <attribute name="DerivativeI" value="6.105263" />
  <attribute name="DerivativeH" value="6.105263" />
  <attribute name="Loop Time for DT" value="19.000000" />
  <attribute name="Output H" value="8388608"/>
  <attribute name="Output I" value="4000"/>
  <attribute name="Output T" value="4"/>
  <attribute name="Target GC Util Change" value ="20.000000" />
  <attribute name="Current GC Util Change" value="285.000000"/>
  <attribute name="GC Util currently" value="285" />
  <attribute name="CPU Util currently" value="250108047010" />
<cycle-start id="2074" type="global" contextid="0" timestamp="2019-06-14T20:05:50.974" intervalms="9.088" />
<gc-start id="2075" type="global" contextid="2074" timestamp="2019-06-14T20:05:50.974">
  <mem-info id="2076" free="0" total="14286848" percent="0">
    <mem type="nursery" free="0" total="10354688" percent="0">
      <mem type="allocate" free="0" total="7602176" percent="0" />
      <mem type="survivor" free="0" total="2752512" percent="0" />
    </mem>
    <mem type="tenure" free="0" total="3932160" percent="0">
      <mem type="soa" free="0" total="3932160" percent="0" />
      <mem type="loa" free="0" total="0" percent="0" />
    </mem>
    <remembered-set count="948" />
  </mem-info>
</gc-start>
<allocation-stats totalBytes="0" >
  <allocated-bytes non-tlh="0" tlh="0" />
</allocation-stats>
<gc-op id="2077" type="mark" timems="5.197" contextid="2074" timestamp="2019-06-14T20:05:50.979">
  <trace-info objectcount="214474" scancount="192436" scanbytes="6577888" />
  <finalization candidates="57" enqueued="0" />
  <ownableSynchronizers candidates="8" cleared="0" />
  <references type="soft" candidates="102" cleared="4" enqueued="0" dynamicThreshold="0" maxThreshold="32" />
  <references type="weak" candidates="749" cleared="93" enqueued="93" />
  <references type="phantom" candidates="79" cleared="1" enqueued="1" />
  <stringconstants candidates="4987" cleared="0"  />
</gc-op>
<gc-op id="2078" type="classunload" timems="0.009" contextid="2074" timestamp="2019-06-14T20:05:50.980">
  <classunload-info classloadercandidates="10" classloadersunloaded="0" classesunloaded="0" anonymousclassesunloaded="0" quiescems="0.000" setupms="0.001" scanms="0.001" postms="0.007" />
</gc-op>
<gc-op id="2079" type="sweep" timems="0.543" contextid="2074" timestamp="2019-06-14T20:05:50.980" />
<mem-info id="2080" free="1599424" total="14286848" percent="11">
  <mem type="nursery" free="1556712" total="10354688" percent="15">
    <mem type="allocate" free="1556712" total="7602176" percent="20" />
    <mem type="survivor" free="0" total="2752512" percent="0" />
  </mem>
  <mem type="tenure" free="42712" total="3932160" percent="1" micro-fragmented="4619" macro-fragmented="0">
    <mem type="soa" free="42712" total="3932160" percent="1" />
    <mem type="loa" free="0" total="0" percent="0" />
  </mem>
  <pending-finalizers system="0" default="0" reference="94" classloader="0" />
  <remembered-set count="946" />
</mem-info>
<gc-op id="2081" type="compact" timems="26.675" contextid="2074" timestamp="2019-06-14T20:05:51.007">
  <compact-info movecount="166295" movebytes="6631480" reason="compact to aid heap contraction" />
</gc-op>
<gc-end id="2082" type="global" contextid="2074" durationms="33.478" usertimems="52.000" systemtimems="0.000" timestamp="2019-06-14T20:05:51.008" activeThreads="4">
  <mem-info id="2083" free="2234968" total="14286848" percent="15">
    <mem type="nursery" free="2189352" total="10354688" percent="21">
      <mem type="allocate" free="2189352" total="7602176" percent="28" />
      <mem type="survivor" free="0" total="2752512" percent="0" />
    </mem>
    <mem type="tenure" free="45616" total="3932160" percent="1">
      <mem type="soa" free="45616" total="3932160" percent="1" />
      <mem type="loa" free="0" total="0" percent="0" />
    </mem>
    <pending-finalizers system="0" default="0" reference="94" classloader="0" />
    <remembered-set count="946" />
  </mem-info>
</gc-end>
<cycle-end id="2084" type="global" contextid="2074" timestamp="2019-06-14T20:05:51.008" />
  <attribute name="elasticGC enabled" value="1" />
  <attribute name= "numThreadsSpecified" value="4" />
  <attribute name="heapSize specified" value="14286848" />
  <attribute name="Current GC Util" value="132" />
  <attribute name= "Current Time Running" value="3777" />
  <attribute name ="GC Interval" value="4000" />
  <attribute name="ProportionalT" value="56.000000" />
  <attribute name="ProportionalI" value="56.000000" />
  <attribute name="ProportionalH" value="56.000000" />
  <attribute name="Current Error" value="112.000000" />
  <attribute name="IntegralT" value="3024.000000" />
  <attribute name="IntegralI" value="3024.000000" />
  <attribute name="IntegralH" value="3024.000000" />
  <attribute name="DerivativeT" value="1.148148" />
  <attribute name="DerivativeI" value="1.148148" />
  <attribute name="DerivativeH" value="1.148148" />
  <attribute name="Loop Time for DT" value="27.000000" />
  <attribute name="Output H" value="8388608"/>
  <attribute name="Output I" value="3088"/>
  <attribute name="Output T" value="4"/>
  <attribute name="Target GC Util Change" value ="20.000000" />
  <attribute name="Current GC Util Change" value="132.000000"/>
  <attribute name="GC Util currently" value="132" />
  <attribute name="CPU Util currently" value="171434521470" />
<allocation-satisfied id="2085" threadId="00000000017E6000" bytesRequested="40" />
<af-end id="2086" timestamp="2019-06-14T20:05:51.008" threadId="00000000017E6988" success="true" from="nursery"/>
<exclusive-end id="2087" timestamp="2019-06-14T20:05:51.008" durationms="42.436" />

<concurrent-kickoff id="2088" timestamp="2019-06-14T20:05:51.014">
  <kickoff reason="threshold reached" targetBytes="1234796" thresholdFreeBytes="173184"  remainingFree="120832" tenureFreeBytes="45616" nurseryFreeBytes="120832" />
</concurrent-kickoff>
<exclusive-start id="2089" timestamp="2019-06-14T20:05:51.015" intervalms="49.022">
  <response-info timems="0.439" idlems="0.249" threads="1" lastid="00000000014CDF00" lastname="JIT Compilation Thread-1" />
</exclusive-start>
<cycle-start id="2090" type="global" contextid="0" timestamp="2019-06-14T20:05:51.015" intervalms="40.806" />
<exclusive-end id="2091" timestamp="2019-06-14T20:05:51.015" durationms="0.086" />

<exclusive-start id="2092" timestamp="2019-06-14T20:05:51.016" intervalms="1.330">
  <response-info timems="0.055" idlems="0.055" threads="0" lastid="00000000017E6000" lastname="PmdThread 4" />
</exclusive-start>
<af-start id="2093" threadId="00000000017E6988" totalBytesRequested="40" timestamp="2019-06-14T20:05:51.016" intervalms="50.296" type="nursery" />
<cycle-start id="2094" type="scavenge" contextid="0" timestamp="2019-06-14T20:05:51.016" intervalms="50.322" />
<gc-start id="2095" type="scavenge" contextid="2094" timestamp="2019-06-14T20:05:51.016">
  <mem-info id="2096" free="45616" total="14286848" percent="0">
    <mem type="nursery" free="0" total="10354688" percent="0">
      <mem type="allocate" free="0" total="7602176" percent="0" />
      <mem type="survivor" free="0" total="2752512" percent="0" />
    </mem>
    <mem type="tenure" free="45616" total="3932160" percent="1">
      <mem type="soa" free="45616" total="3932160" percent="1" />
      <mem type="loa" free="0" total="0" percent="0" />
    </mem>
    <remembered-set count="981" />
  </mem-info>
</gc-start>
<allocation-stats totalBytes="2188768" >
  <allocated-bytes non-tlh="40" tlh="2188728" />
  <largest-consumer threadName="PmdThread 3" threadId="00000000017E2400" bytes="1424984" />
</allocation-stats>
<gc-op id="2097" type="scavenge" timems="6.407" contextid="2094" timestamp="2019-06-14T20:05:51.023">
  <scavenger-info tenureage="2" tenuremask="7ffc" tiltratio="73" />
  <memory-copied type="nursery" objects="59303" bytes="2591456" bytesdiscarded="160872" />
  <memory-copied type="tenure" objects="178" bytes="45616" bytesdiscarded="0" />
  <copy-failed type="nursery" objects="1" bytes="56" />
  <copy-failed type="tenure" objects="46311" bytes="1996176" />
  <ownableSynchronizers candidates="16" cleared="0" />
  <warning details="aborted collection due to insufficient free space" />
</gc-op>
<gc-end id="2098" type="scavenge" contextid="2094" durationms="6.622" usertimems="8.000" systemtimems="0.000" timestamp="2019-06-14T20:05:51.023" activeThreads="4">
  <mem-info id="2099" free="0" total="14286848" percent="0">
    <mem type="nursery" free="0" total="10354688" percent="0">
      <mem type="allocate" free="0" total="7602176" percent="0" />
      <mem type="survivor" free="0" total="2752512" percent="0" />
    </mem>
    <mem type="tenure" free="0" total="3932160" percent="0">
      <mem type="soa" free="0" total="3932160" percent="0" />
      <mem type="loa" free="0" total="0" percent="0" />
    </mem>
    <remembered-set count="981" />
  </mem-info>
</gc-end>
<cycle-end id="2100" type="scavenge" contextid="2094" timestamp="2019-06-14T20:05:51.023" />
  <attribute name="elasticGC enabled" value="1" />
  <attribute name= "numThreadsSpecified" value="4" />
  <attribute name="heapSize specified" value="14286848" />
  <attribute name="Current GC Util" value="183" />
  <attribute name= "Current Time Running" value="3786" />
  <attribute name ="GC Interval" value="1552" />
  <attribute name="ProportionalT" value="81.500000" />
  <attribute name="ProportionalI" value="81.500000" />
  <attribute name="ProportionalH" value="81.500000" />
  <attribute name="Current Error" value="163.000000" />
  <attribute name="IntegralT" value="1467.000000" />
  <attribute name="IntegralI" value="1467.000000" />
  <attribute name="IntegralH" value="1467.000000" />
  <attribute name="DerivativeT" value="2.833333" />
  <attribute name="DerivativeI" value="2.833333" />
  <attribute name="DerivativeH" value="2.833333" />
  <attribute name="Loop Time for DT" value="9.000000" />
  <attribute name="Output H" value="8388608"/>
  <attribute name="Output I" value="1552"/>
  <attribute name="Output T" value="4"/>
  <attribute name="Target GC Util Change" value ="20.000000" />
  <attribute name="Current GC Util Change" value="183.000000"/>
  <attribute name="GC Util currently" value="183" />
  <attribute name="CPU Util currently" value="510009282087" />
<percolate-collect id="2101" from="nursery" to="global" reason="failed tenure threshold reached" timestamp="2019-06-14T20:05:51.023"/>
<gc-start id="2102" type="global" contextid="2090" timestamp="2019-06-14T20:05:51.023">
  <mem-info id="2103" free="0" total="14286848" percent="0">
    <mem type="nursery" free="0" total="10354688" percent="0">
      <mem type="allocate" free="0" total="7602176" percent="0" />
      <mem type="survivor" free="0" total="2752512" percent="0" />
    </mem>
    <mem type="tenure" free="0" total="3932160" percent="0">
      <mem type="soa" free="0" total="3932160" percent="0" />
      <mem type="loa" free="0" total="0" percent="0" />
    </mem>
    <remembered-set count="981" />
  </mem-info>
</gc-start>
<allocation-stats totalBytes="0" >
  <allocated-bytes non-tlh="0" tlh="0" />
</allocation-stats>
<concurrent-halted id="2104" timestamp="2019-06-14T20:05:51.024">
  <halted state="Class scanning incomplete" status="clean trace" />
  <traced bytesTarget="1234796" bytesTotal="430068" bytesByMutator="32768" bytesByHelper="397300" percent="34" />
  <cards cleaned="0" thresholdBytes="68224" />
</concurrent-halted>
<gc-op id="2105" type="tracing" timems="0.700" contextid="2090" timestamp="2019-06-14T20:05:51.024">
  <trace bytesTraced="1145788" workStackOverflowCount="0" />
</gc-op>
<gc-op id="2106" type="rs-scan" timems="0.582" contextid="2090" timestamp="2019-06-14T20:05:51.025">
  <scan objectsFound="597" bytesTraced="390876" workStackOverflowCount="0" />
</gc-op>
<gc-op id="2107" type="card-cleaning" timems="1.158" contextid="2090" timestamp="2019-06-14T20:05:51.026">
  <card-cleaning cardsCleaned="15" bytesTraced="2288876" workStackOverflowCount="0" />
</gc-op>
<gc-op id="2108" type="mark" timems="2.139" contextid="2090" timestamp="2019-06-14T20:05:51.029">
  <trace-info objectcount="71273" scancount="66021" scanbytes="2374324" />
  <finalization candidates="57" enqueued="0" />
  <ownableSynchronizers candidates="8" cleared="0" />
  <references type="soft" candidates="102" cleared="4" enqueued="0" dynamicThreshold="0" maxThreshold="32" />
  <references type="weak" candidates="678" cleared="22" enqueued="22" />
  <references type="phantom" candidates="80" cleared="2" enqueued="2" />
  <stringconstants candidates="4987" cleared="0"  />
</gc-op>
<gc-op id="2109" type="classunload" timems="0.002" contextid="2090" timestamp="2019-06-14T20:05:51.029">
  <classunload-info classloadercandidates="10" classloadersunloaded="0" classesunloaded="0" anonymousclassesunloaded="0" quiescems="0.000" setupms="0.002" scanms="0.000" postms="0.000" />
</gc-op>
<gc-op id="2110" type="sweep" timems="0.375" contextid="2090" timestamp="2019-06-14T20:05:51.029" />
<mem-info id="2111" free="1845544" total="14286848" percent="12">
  <mem type="nursery" free="1799928" total="10354688" percent="17">
    <mem type="allocate" free="1799928" total="7602176" percent="23" />
    <mem type="survivor" free="0" total="2752512" percent="0" />
  </mem>
  <mem type="tenure" free="45616" total="3932160" percent="1" micro-fragmented="0" macro-fragmented="0">
    <mem type="soa" free="45616" total="3932160" percent="1" />
    <mem type="loa" free="0" total="0" percent="0" />
  </mem>
  <pending-finalizers system="0" default="0" reference="24" classloader="0" />
  <remembered-set count="981" />
</mem-info>
<gc-op id="2112" type="compact" timems="30.979" contextid="2090" timestamp="2019-06-14T20:05:51.060">
  <compact-info movecount="170035" movebytes="6893800" reason="compact to aid heap contraction" />
</gc-op>
<gc-end id="2113" type="global" contextid="2090" durationms="37.368" usertimems="52.000" systemtimems="0.000" timestamp="2019-06-14T20:05:51.061" activeThreads="4">
  <mem-info id="2114" free="2203104" total="14286848" percent="15">
    <mem type="nursery" free="2155152" total="10354688" percent="20">
      <mem type="allocate" free="2155152" total="7602176" percent="28" />
      <mem type="survivor" free="0" total="2752512" percent="0" />
    </mem>
    <mem type="tenure" free="47952" total="3932160" percent="1">
      <mem type="soa" free="47952" total="3932160" percent="1" />
      <mem type="loa" free="0" total="0" percent="0" />
    </mem>
    <pending-finalizers system="0" default="0" reference="24" classloader="0" />
    <remembered-set count="981" />
  </mem-info>
</gc-end>
<cycle-end id="2115" type="global" contextid="2090" timestamp="2019-06-14T20:05:51.061" />
  <attribute name="elasticGC enabled" value="1" />
  <attribute name= "numThreadsSpecified" value="4" />
  <attribute name="heapSize specified" value="14286848" />
  <attribute name="Current GC Util" value="123" />
  <attribute name= "Current Time Running" value="3830" />
  <attribute name ="GC Interval" value="1552" />
  <attribute name="ProportionalT" value="51.500000" />
  <attribute name="ProportionalI" value="51.500000" />
  <attribute name="ProportionalH" value="51.500000" />
  <attribute name="Current Error" value="103.000000" />
  <attribute name="IntegralT" value="3193.000000" />
  <attribute name="IntegralI" value="3193.000000" />
  <attribute name="IntegralH" value="3193.000000" />
  <attribute name="DerivativeT" value="1.354839" />
  <attribute name="DerivativeI" value="1.354839" />
  <attribute name="DerivativeH" value="1.354839" />
  <attribute name="Loop Time for DT" value="31.000000" />
  <attribute name="Output H" value="8388608"/>
  <attribute name="Output I" value="3248"/>
  <attribute name="Output T" value="4"/>
  <attribute name="Target GC Util Change" value ="20.000000" />
  <attribute name="Current GC Util Change" value="123.000000"/>
  <attribute name="GC Util currently" value="123" />
  <attribute name="CPU Util currently" value="147816053428" />
<allocation-satisfied id="2116" threadId="00000000017E6000" bytesRequested="40" />
<af-end id="2117" timestamp="2019-06-14T20:05:51.061" threadId="00000000017E6988" success="true" from="nursery"/>
<exclusive-end id="2118" timestamp="2019-06-14T20:05:51.061" durationms="45.298" />

<concurrent-kickoff id="2119" timestamp="2019-06-14T20:05:51.067">
  <kickoff reason="threshold reached" targetBytes="3864732" thresholdFreeBytes="535319"  remainingFree="524904" tenureFreeBytes="47952" nurseryFreeBytes="524904" />
</concurrent-kickoff>
<exclusive-start id="2120" timestamp="2019-06-14T20:05:51.068" intervalms="51.373">
  <response-info timems="0.191" idlems="0.115" threads="3" lastid="00000000017E6000" lastname="PmdThread 4" />
</exclusive-start>
<cycle-start id="2121" type="global" contextid="0" timestamp="2019-06-14T20:05:51.068" intervalms="52.786" />
<exclusive-end id="2122" timestamp="2019-06-14T20:05:51.068" durationms="0.195" />

<exclusive-start id="2123" timestamp="2019-06-14T20:05:51.071" intervalms="3.684">
  <response-info timems="0.052" idlems="0.028" threads="1" lastid="00000000017DA800" lastname="PmdThread 2" />
</exclusive-start>
<af-start id="2124" threadId="00000000017D7588" totalBytesRequested="16" timestamp="2019-06-14T20:05:51.071" intervalms="55.076" type="nursery" />
<percolate-collect id="2125" from="nursery" to="global" reason="concurrent mark exhausted" timestamp="2019-06-14T20:05:51.071"/>
<gc-start id="2126" type="global" contextid="2121" timestamp="2019-06-14T20:05:51.071">
  <mem-info id="2127" free="47952" total="14286848" percent="0">
    <mem type="nursery" free="0" total="10354688" percent="0">
      <mem type="allocate" free="0" total="7602176" percent="0" />
      <mem type="survivor" free="0" total="2752512" percent="0" />
    </mem>
    <mem type="tenure" free="47952" total="3932160" percent="1">
      <mem type="soa" free="47952" total="3932160" percent="1" />
      <mem type="loa" free="0" total="0" percent="0" />
    </mem>
    <remembered-set count="989" />
  </mem-info>
</gc-start>
<allocation-stats totalBytes="2152800" >
  <allocated-bytes non-tlh="40" tlh="2152760" />
  <largest-consumer threadName="PmdThread 3" threadId="00000000017E2400" bytes="950072" />
</allocation-stats>
<concurrent-halted id="2128" timestamp="2019-06-14T20:05:51.072">
  <halted state="Complete" status="exhausted" />
  <traced bytesTarget="3864732" bytesTotal="1703144" bytesByMutator="1094540" bytesByHelper="608604" percent="44" />
  <cards cleaned="24" thresholdBytes="210883" />
</concurrent-halted>
<gc-op id="2129" type="rs-scan" timems="1.639" contextid="2121" timestamp="2019-06-14T20:05:51.073">
  <scan objectsFound="617" bytesTraced="398872" workStackOverflowCount="0" />
</gc-op>
<gc-op id="2130" type="card-cleaning" timems="2.727" contextid="2121" timestamp="2019-06-14T20:05:51.076">
  <card-cleaning cardsCleaned="7" bytesTraced="2354744" workStackOverflowCount="0" />
</gc-op>
<gc-op id="2131" type="mark" timems="3.470" contextid="2121" timestamp="2019-06-14T20:05:51.080">
  <trace-info objectcount="66000" scancount="62604" scanbytes="2262376" />
  <finalization candidates="57" enqueued="0" />
  <ownableSynchronizers candidates="8" cleared="0" />
  <references type="soft" candidates="102" cleared="3" enqueued="0" dynamicThreshold="0" maxThreshold="32" />
  <references type="weak" candidates="707" cleared="51" enqueued="51" />
  <references type="phantom" candidates="80" cleared="1" enqueued="1" />
  <stringconstants candidates="4987" cleared="0"  />
</gc-op>
<gc-op id="2132" type="sweep" timems="0.430" contextid="2121" timestamp="2019-06-14T20:05:51.080" />
<mem-info id="2133" free="1891120" total="14286848" percent="13">
  <mem type="nursery" free="1843168" total="10354688" percent="17">
    <mem type="allocate" free="1843168" total="7602176" percent="24" />
    <mem type="survivor" free="0" total="2752512" percent="0" />
  </mem>
  <mem type="tenure" free="47952" total="3932160" percent="1" micro-fragmented="6659" macro-fragmented="0">
    <mem type="soa" free="47952" total="3932160" percent="1" />
    <mem type="loa" free="0" total="0" percent="0" />
  </mem>
  <pending-finalizers system="0" default="0" reference="52" classloader="0" />
  <remembered-set count="989" />
</mem-info>
<gc-op id="2134" type="compact" timems="29.174" contextid="2121" timestamp="2019-06-14T20:05:51.110">
  <compact-info movecount="178634" movebytes="7306048" reason="compact to aid heap contraction" />
</gc-op>
<gc-end id="2135" type="global" contextid="2121" durationms="38.541" usertimems="44.000" systemtimems="8.000" timestamp="2019-06-14T20:05:51.110" activeThreads="4">
  <mem-info id="2136" free="2131880" total="14286848" percent="14">
    <mem type="nursery" free="2082464" total="10354688" percent="20">
      <mem type="allocate" free="2082464" total="7602176" percent="27" />
      <mem type="survivor" free="0" total="2752512" percent="0" />
    </mem>
    <mem type="tenure" free="49416" total="3932160" percent="1">
      <mem type="soa" free="49416" total="3932160" percent="1" />
      <mem type="loa" free="0" total="0" percent="0" />
    </mem>
    <pending-finalizers system="0" default="0" reference="52" classloader="0" />
    <remembered-set count="989" />
  </mem-info>
</gc-end>
<cycle-end id="2137" type="global" contextid="2121" timestamp="2019-06-14T20:05:51.110" />
  <attribute name="elasticGC enabled" value="1" />
  <attribute name= "numThreadsSpecified" value="4" />
  <attribute name="heapSize specified" value="14286848" />
  <attribute name="Current GC Util" value="126" />
  <attribute name= "Current Time Running" value="3879" />
  <attribute name ="GC Interval" value="1552" />
  <attribute name="ProportionalT" value="53.000000" />
  <attribute name="ProportionalI" value="53.000000" />
  <attribute name="ProportionalH" value="53.000000" />
  <attribute name="Current Error" value="106.000000" />
  <attribute name="IntegralT" value="3074.000000" />
  <attribute name="IntegralI" value="3074.000000" />
  <attribute name="IntegralH" value="3074.000000" />
  <attribute name="DerivativeT" value="1.586207" />
  <attribute name="DerivativeI" value="1.586207" />
  <attribute name="DerivativeH" value="1.586207" />
  <attribute name="Loop Time for DT" value="29.000000" />
  <attribute name="Output H" value="8388608"/>
  <attribute name="Output I" value="3128"/>
  <attribute name="Output T" value="4"/>
  <attribute name="Target GC Util Change" value ="20.000000" />
  <attribute name="Current GC Util Change" value="126.000000"/>
  <attribute name="GC Util currently" value="126" />
  <attribute name="CPU Util currently" value="157140783436" />
<allocation-satisfied id="2138" threadId="00000000017D6C00" bytesRequested="16" />
<af-end id="2139" timestamp="2019-06-14T20:05:51.110" threadId="00000000017D7588" success="true" from="nursery"/>
<exclusive-end id="2140" timestamp="2019-06-14T20:05:51.111" durationms="39.375" />

<concurrent-kickoff id="2141" timestamp="2019-06-14T20:05:51.116">
  <kickoff reason="threshold reached" targetBytes="3433145" thresholdFreeBytes="471968"  remainingFree="409352" tenureFreeBytes="49416" nurseryFreeBytes="409352" />
</concurrent-kickoff>
<exclusive-start id="2142" timestamp="2019-06-14T20:05:51.117" intervalms="45.329">
  <response-info timems="0.053" idlems="0.028" threads="1" lastid="00000000017DA800" lastname="PmdThread 2" />
</exclusive-start>
<cycle-start id="2143" type="global" contextid="0" timestamp="2019-06-14T20:05:51.117" intervalms="48.903" />
<exclusive-end id="2144" timestamp="2019-06-14T20:05:51.117" durationms="0.075" />

<exclusive-start id="2145" timestamp="2019-06-14T20:05:51.119" intervalms="2.785">
  <response-info timems="0.130" idlems="0.052" threads="3" lastid="00000000017DA800" lastname="PmdThread 2" />
</exclusive-start>
<af-start id="2146" threadId="00000000017E2D88" totalBytesRequested="48" timestamp="2019-06-14T20:05:51.119" intervalms="48.110" type="nursery" />
<cycle-start id="2147" type="scavenge" contextid="0" timestamp="2019-06-14T20:05:51.119" intervalms="103.197" />
<gc-start id="2148" type="scavenge" contextid="2147" timestamp="2019-06-14T20:05:51.120">
  <mem-info id="2149" free="49416" total="14286848" percent="0">
    <mem type="nursery" free="0" total="10354688" percent="0">
      <mem type="allocate" free="0" total="7602176" percent="0" />
      <mem type="survivor" free="0" total="2752512" percent="0" />
    </mem>
    <mem type="tenure" free="49416" total="3932160" percent="1">
      <mem type="soa" free="49416" total="3932160" percent="1" />
      <mem type="loa" free="0" total="0" percent="0" />
    </mem>
    <remembered-set count="993" />
  </mem-info>
</gc-start>
<allocation-stats totalBytes="2080168" >
  <allocated-bytes non-tlh="145304" tlh="1934864" />
  <largest-consumer threadName="PmdThread 1" threadId="00000000017D6C00" bytes="692048" />
</allocation-stats>
<gc-op id="2150" type="scavenge" timems="8.062" contextid="2147" timestamp="2019-06-14T20:05:51.128">
  <scavenger-info tenureage="2" tenuremask="7ffc" tiltratio="73" />
  <memory-copied type="nursery" objects="64588" bytes="2667872" bytesdiscarded="84568" />
  <memory-copied type="tenure" objects="604" bytes="49384" bytesdiscarded="16" />
  <copy-failed type="nursery" objects="1" bytes="56" />
  <copy-failed type="tenure" objects="38817" bytes="1554632" />
  <ownableSynchronizers candidates="16" cleared="0" />
  <warning details="aborted collection due to insufficient free space" />
</gc-op>
<gc-end id="2151" type="scavenge" contextid="2147" durationms="8.350" usertimems="12.000" systemtimems="0.000" timestamp="2019-06-14T20:05:51.128" activeThreads="4">
  <mem-info id="2152" free="0" total="14286848" percent="0">
    <mem type="nursery" free="0" total="10354688" percent="0">
      <mem type="allocate" free="0" total="7602176" percent="0" />
      <mem type="survivor" free="0" total="2752512" percent="0" />
    </mem>
    <mem type="tenure" free="0" total="3932160" percent="0">
      <mem type="soa" free="0" total="3932160" percent="0" />
      <mem type="loa" free="0" total="0" percent="0" />
    </mem>
    <remembered-set count="993" />
  </mem-info>
</gc-end>
<cycle-end id="2153" type="scavenge" contextid="2147" timestamp="2019-06-14T20:05:51.128" />
  <attribute name="elasticGC enabled" value="1" />
  <attribute name= "numThreadsSpecified" value="4" />
  <attribute name="heapSize specified" value="14286848" />
  <attribute name="Current GC Util" value="131" />
  <attribute name= "Current Time Running" value="3889" />
  <attribute name ="GC Interval" value="1168" />
  <attribute name="ProportionalT" value="55.500000" />
  <attribute name="ProportionalI" value="55.500000" />
  <attribute name="ProportionalH" value="55.500000" />
  <attribute name="Current Error" value="111.000000" />
  <attribute name="IntegralT" value="1110.000000" />
  <attribute name="IntegralI" value="1110.000000" />
  <attribute name="IntegralH" value="1110.000000" />
  <attribute name="DerivativeT" value="0.250000" />
  <attribute name="DerivativeI" value="0.250000" />
  <attribute name="DerivativeH" value="0.250000" />
  <attribute name="Loop Time for DT" value="10.000000" />
  <attribute name="Output H" value="8388608"/>
  <attribute name="Output I" value="1168"/>
  <attribute name="Output T" value="4"/>
  <attribute name="Target GC Util Change" value ="20.000000" />
  <attribute name="Current GC Util Change" value="131.000000"/>
  <attribute name="GC Util currently" value="131" />
  <attribute name="CPU Util currently" value="466167594719" />
<percolate-collect id="2154" from="nursery" to="global" reason="failed tenure threshold reached" timestamp="2019-06-14T20:05:51.128"/>
<gc-start id="2155" type="global" contextid="2143" timestamp="2019-06-14T20:05:51.128">
  <mem-info id="2156" free="0" total="14286848" percent="0">
    <mem type="nursery" free="0" total="10354688" percent="0">
      <mem type="allocate" free="0" total="7602176" percent="0" />
      <mem type="survivor" free="0" total="2752512" percent="0" />
    </mem>
    <mem type="tenure" free="0" total="3932160" percent="0">
      <mem type="soa" free="0" total="3932160" percent="0" />
      <mem type="loa" free="0" total="0" percent="0" />
    </mem>
    <remembered-set count="993" />
  </mem-info>
</gc-start>
<allocation-stats totalBytes="0" >
  <allocated-bytes non-tlh="0" tlh="0" />
</allocation-stats>
<concurrent-halted id="2157" timestamp="2019-06-14T20:05:51.129">
  <halted state="Tracing incomplete" status="clean trace" />
  <traced bytesTarget="3433145" bytesTotal="1565456" bytesByMutator="871860" bytesByHelper="693596" percent="45" />
  <cards cleaned="10" thresholdBytes="185926" />
</concurrent-halted>
<gc-op id="2158" type="tracing" timems="0.257" contextid="2143" timestamp="2019-06-14T20:05:51.129">
  <trace bytesTraced="4792" workStackOverflowCount="0" />
</gc-op>
<gc-op id="2159" type="rs-scan" timems="2.785" contextid="2143" timestamp="2019-06-14T20:05:51.132">
  <scan objectsFound="769" bytesTraced="2243584" workStackOverflowCount="0" />
</gc-op>
<gc-op id="2160" type="card-cleaning" timems="2.230" contextid="2143" timestamp="2019-06-14T20:05:51.134">
  <card-cleaning cardsCleaned="0" bytesTraced="2508916" workStackOverflowCount="0" />
</gc-op>
<gc-op id="2161" type="mark" timems="2.833" contextid="2143" timestamp="2019-06-14T20:05:51.137">
  <trace-info objectcount="21235" scancount="19534" scanbytes="652528" />
  <finalization candidates="57" enqueued="0" />
  <ownableSynchronizers candidates="8" cleared="0" />
  <references type="soft" candidates="102" cleared="4" enqueued="0" dynamicThreshold="0" maxThreshold="32" />
  <references type="weak" candidates="696" cleared="40" enqueued="40" />
  <references type="phantom" candidates="81" cleared="2" enqueued="2" />
  <stringconstants candidates="4987" cleared="0"  />
</gc-op>
<gc-op id="2162" type="classunload" timems="0.002" contextid="2143" timestamp="2019-06-14T20:05:51.137">
  <classunload-info classloadercandidates="10" classloadersunloaded="0" classesunloaded="0" anonymousclassesunloaded="0" quiescems="0.000" setupms="0.001" scanms="0.001" postms="0.000" />
</gc-op>
<gc-op id="2163" type="sweep" timems="0.778" contextid="2143" timestamp="2019-06-14T20:05:51.138" />
<mem-info id="2164" free="1390792" total="14286848" percent="9">
  <mem type="nursery" free="1341376" total="10354688" percent="12">
    <mem type="allocate" free="1341376" total="7602176" percent="17" />
    <mem type="survivor" free="0" total="2752512" percent="0" />
  </mem>
  <mem type="tenure" free="49416" total="3932160" percent="1" micro-fragmented="15872" macro-fragmented="0">
    <mem type="soa" free="49416" total="3932160" percent="1" />
    <mem type="loa" free="0" total="0" percent="0" />
  </mem>
  <pending-finalizers system="0" default="0" reference="42" classloader="0" />
  <remembered-set count="992" />
</mem-info>
<gc-op id="2165" type="compact" timems="30.561" contextid="2143" timestamp="2019-06-14T20:05:51.169">
  <compact-info movecount="180645" movebytes="7373376" reason="compact to aid heap contraction" />
</gc-op>
<gc-end id="2166" type="global" contextid="2143" durationms="41.035" usertimems="56.000" systemtimems="0.000" timestamp="2019-06-14T20:05:51.169" activeThreads="4">
  <mem-info id="2167" free="1805056" total="14286848" percent="12">
    <mem type="nursery" free="1752984" total="10354688" percent="16">
      <mem type="allocate" free="1752984" total="7602176" percent="23" />
      <mem type="survivor" free="0" total="2752512" percent="0" />
    </mem>
    <mem type="tenure" free="52072" total="3932160" percent="1">
      <mem type="soa" free="52072" total="3932160" percent="1" />
      <mem type="loa" free="0" total="0" percent="0" />
    </mem>
    <pending-finalizers system="0" default="0" reference="42" classloader="0" />
    <remembered-set count="992" />
  </mem-info>
</gc-end>
<cycle-end id="2168" type="global" contextid="2143" timestamp="2019-06-14T20:05:51.170" />
  <attribute name="elasticGC enabled" value="1" />
  <attribute name= "numThreadsSpecified" value="4" />
  <attribute name="heapSize specified" value="14286848" />
  <attribute name="Current GC Util" value="137" />
  <attribute name= "Current Time Running" value="3939" />
  <attribute name ="GC Interval" value="1168" />
  <attribute name="ProportionalT" value="58.500000" />
  <attribute name="ProportionalI" value="58.500000" />
  <attribute name="ProportionalH" value="58.500000" />
  <attribute name="Current Error" value="117.000000" />
  <attribute name="IntegralT" value="3627.000000" />
  <attribute name="IntegralI" value="3627.000000" />
  <attribute name="IntegralH" value="3627.000000" />
  <attribute name="DerivativeT" value="0.435484" />
  <attribute name="DerivativeI" value="0.435484" />
  <attribute name="DerivativeH" value="0.435484" />
  <attribute name="Loop Time for DT" value="31.000000" />
  <attribute name="Output H" value="8388608"/>
  <attribute name="Output I" value="3688"/>
  <attribute name="Output T" value="4"/>
  <attribute name="Target GC Util Change" value ="20.000000" />
  <attribute name="Current GC Util Change" value="137.000000"/>
  <attribute name="GC Util currently" value="137" />
  <attribute name="CPU Util currently" value="149825432632" />
<allocation-satisfied id="2169" threadId="00000000017E2400" bytesRequested="48" />
<af-end id="2170" timestamp="2019-06-14T20:05:51.170" threadId="00000000017E2D88" success="true" from="nursery"/>
<exclusive-end id="2171" timestamp="2019-06-14T20:05:51.170" durationms="50.850" />

<concurrent-kickoff id="2172" timestamp="2019-06-14T20:05:51.176">
  <kickoff reason="threshold reached" targetBytes="4079164" thresholdFreeBytes="555134"  remainingFree="495464" tenureFreeBytes="52072" nurseryFreeBytes="495464" />
</concurrent-kickoff>
<exclusive-start id="2173" timestamp="2019-06-14T20:05:51.176" intervalms="56.901">
  <response-info timems="0.127" idlems="0.065" threads="1" lastid="00000000017DA800" lastname="PmdThread 2" />
</exclusive-start>
<cycle-start id="2174" type="global" contextid="0" timestamp="2019-06-14T20:05:51.176" intervalms="59.743" />
<exclusive-end id="2175" timestamp="2019-06-14T20:05:51.176" durationms="0.232" />

<exclusive-start id="2176" timestamp="2019-06-14T20:05:51.180" intervalms="3.417">
  <response-info timems="0.249" idlems="0.224" threads="1" lastid="00000000017E6000" lastname="PmdThread 4" />
</exclusive-start>
<concurrent-collection-start id="2177" timestamp="2019-06-14T20:05:51.180" intervalms="736.561" >
  <concurrent-trace-info reason="card cleaning threshold reached" tracedByMutators="771176" tracedByHelpers="799336" cardsCleaned="152" workStackOverflowCount="0" />
</concurrent-collection-start>
<gc-start id="2178" type="global" contextid="2174" timestamp="2019-06-14T20:05:51.180">
  <mem-info id="2179" free="80592" total="14286848" percent="0">
    <mem type="nursery" free="28520" total="10354688" percent="0">
      <mem type="allocate" free="28520" total="7602176" percent="0" />
      <mem type="survivor" free="0" total="2752512" percent="0" />
    </mem>
    <mem type="tenure" free="52072" total="3932160" percent="1">
      <mem type="soa" free="52072" total="3932160" percent="1" />
      <mem type="loa" free="0" total="0" percent="0" />
    </mem>
    <remembered-set count="992" />
  </mem-info>
</gc-start>
<allocation-stats totalBytes="1721440" >
  <allocated-bytes non-tlh="48" tlh="1721392" />
  <largest-consumer threadName="PmdThread 2" threadId="00000000017DA800" bytes="751288" />
</allocation-stats>
<gc-op id="2180" type="rs-scan" timems="4.119" contextid="2174" timestamp="2019-06-14T20:05:51.184">
  <scan objectsFound="801" bytesTraced="2245220" workStackOverflowCount="0" />
</gc-op>
<gc-op id="2181" type="card-cleaning" timems="1.388" contextid="2174" timestamp="2019-06-14T20:05:51.186">
  <card-cleaning cardsCleaned="5" bytesTraced="2656804" workStackOverflowCount="0" />
</gc-op>
<gc-op id="2182" type="mark" timems="1.199" contextid="2174" timestamp="2019-06-14T20:05:51.187">
  <trace-info objectcount="22014" scancount="20393" scanbytes="684716" />
  <finalization candidates="57" enqueued="0" />
  <ownableSynchronizers candidates="8" cleared="0" />
  <references type="soft" candidates="98" cleared="0" enqueued="0" dynamicThreshold="0" maxThreshold="32" />
  <references type="weak" candidates="759" cleared="103" enqueued="103" />
  <references type="phantom" candidates="79" cleared="0" enqueued="0" />
  <stringconstants candidates="4987" cleared="0"  />
</gc-op>
<gc-op id="2183" type="sweep" timems="0.328" contextid="2174" timestamp="2019-06-14T20:05:51.187" />
<mem-info id="2184" free="1323824" total="14286848" percent="9">
  <mem type="nursery" free="1271752" total="10354688" percent="12">
    <mem type="allocate" free="1271752" total="7602176" percent="16" />
    <mem type="survivor" free="0" total="2752512" percent="0" />
  </mem>
  <mem type="tenure" free="52072" total="3932160" percent="1" micro-fragmented="0" macro-fragmented="0">
    <mem type="soa" free="52072" total="3932160" percent="1" />
    <mem type="loa" free="0" total="0" percent="0" />
  </mem>
  <pending-finalizers system="0" default="0" reference="103" classloader="0" />
  <remembered-set count="992" />
</mem-info>
<gc-op id="2185" type="compact" timems="28.126" contextid="2174" timestamp="2019-06-14T20:05:51.216">
  <compact-info movecount="184320" movebytes="7479056" reason="compact to aid heap contraction" />
</gc-op>
<gc-end id="2186" type="global" contextid="2174" durationms="36.133" usertimems="52.000" systemtimems="4.000" timestamp="2019-06-14T20:05:51.216" activeThreads="4">
  <mem-info id="2187" free="1648600" total="14286848" percent="11">
    <mem type="nursery" free="1596072" total="10354688" percent="15">
      <mem type="allocate" free="1596072" total="7602176" percent="20" />
      <mem type="survivor" free="0" total="2752512" percent="0" />
    </mem>
    <mem type="tenure" free="52528" total="3932160" percent="1">
      <mem type="soa" free="52528" total="3932160" percent="1" />
      <mem type="loa" free="0" total="0" percent="0" />
    </mem>
    <pending-finalizers system="0" default="0" reference="103" classloader="0" />
    <remembered-set count="992" />
  </mem-info>
</gc-end>
<cycle-end id="2188" type="global" contextid="2174" timestamp="2019-06-14T20:05:51.216" />
  <attribute name="elasticGC enabled" value="1" />
  <attribute name= "numThreadsSpecified" value="4" />
  <attribute name="heapSize specified" value="14286848" />
  <attribute name="Current GC Util" value="51" />
  <attribute name= "Current Time Running" value="3985" />
  <attribute name ="GC Interval" value="1168" />
  <attribute name="ProportionalT" value="15.500000" />
  <attribute name="ProportionalI" value="15.500000" />
  <attribute name="ProportionalH" value="15.500000" />
  <attribute name="Current Error" value="31.000000" />
  <attribute name="IntegralT" value="868.000000" />
  <attribute name="IntegralI" value="868.000000" />
  <attribute name="IntegralH" value="868.000000" />
  <attribute name="DerivativeT" value="-0.017857" />
  <attribute name="DerivativeI" value="-0.017857" />
  <attribute name="DerivativeH" value="-0.017857" />
  <attribute name="Loop Time for DT" value="28.000000" />
  <attribute name="Output H" value="8388608"/>
  <attribute name="Output I" value="888"/>
  <attribute name="Output T" value="4"/>
  <attribute name="Target GC Util Change" value ="20.000000" />
  <attribute name="Current GC Util Change" value="51.000000"/>
  <attribute name="GC Util currently" value="51" />
  <attribute name="CPU Util currently" value="163060175976" />
<concurrent-collection-end id="2189" timestamp="2019-06-14T20:05:51.216" />
<exclusive-end id="2190" timestamp="2019-06-14T20:05:51.216" durationms="36.749" />

<concurrent-kickoff id="2191" timestamp="2019-06-14T20:05:51.224">
  <kickoff reason="threshold reached" targetBytes="3577366" thresholdFreeBytes="488083"  remainingFree="465576" tenureFreeBytes="52528" nurseryFreeBytes="465576" />
</concurrent-kickoff>
<exclusive-start id="2192" timestamp="2019-06-14T20:05:51.225" intervalms="45.108">
  <response-info timems="0.064" idlems="0.021" threads="3" lastid="00000000017E6000" lastname="PmdThread 4" />
</exclusive-start>
<cycle-start id="2193" type="global" contextid="0" timestamp="2019-06-14T20:05:51.225" intervalms="48.562" />
<exclusive-end id="2194" timestamp="2019-06-14T20:05:51.225" durationms="0.210" />

<exclusive-start id="2195" timestamp="2019-06-14T20:05:51.229" intervalms="3.858">
  <response-info timems="0.911" idlems="0.317" threads="2" lastid="00000000017E2400" lastname="PmdThread 3" />
</exclusive-start>
<concurrent-collection-start id="2196" timestamp="2019-06-14T20:05:51.229" intervalms="48.936" >
  <concurrent-trace-info reason="card cleaning threshold reached" tracedByMutators="607196" tracedByHelpers="958020" cardsCleaned="5" workStackOverflowCount="0" />
</concurrent-collection-start>
<gc-start id="2197" type="global" contextid="2193" timestamp="2019-06-14T20:05:51.229">
  <mem-info id="2198" free="52528" total="14286848" percent="0">
    <mem type="nursery" free="0" total="10354688" percent="0">
      <mem type="allocate" free="0" total="7602176" percent="0" />
      <mem type="survivor" free="0" total="2752512" percent="0" />
    </mem>
    <mem type="tenure" free="52528" total="3932160" percent="1">
      <mem type="soa" free="52528" total="3932160" percent="1" />
      <mem type="loa" free="0" total="0" percent="0" />
    </mem>
    <remembered-set count="994" />
  </mem-info>
</gc-start>
<allocation-stats totalBytes="1594536" >
  <allocated-bytes non-tlh="0" tlh="1594536" />
  <largest-consumer threadName="PmdThread 2" threadId="00000000017DA800" bytes="592720" />
</allocation-stats>
<gc-op id="2199" type="rs-scan" timems="0.905" contextid="2193" timestamp="2019-06-14T20:05:51.230">
  <scan objectsFound="567" bytesTraced="644920" workStackOverflowCount="0" />
</gc-op>
<gc-op id="2200" type="card-cleaning" timems="0.255" contextid="2193" timestamp="2019-06-14T20:05:51.230">
  <card-cleaning cardsCleaned="12" bytesTraced="133732" workStackOverflowCount="0" />
</gc-op>
<gc-op id="2201" type="mark" timems="2.544" contextid="2193" timestamp="2019-06-14T20:05:51.233">
  <trace-info objectcount="143204" scancount="133952" scanbytes="4842412" />
  <finalization candidates="57" enqueued="0" />
  <ownableSynchronizers candidates="8" cleared="0" />
  <references type="soft" candidates="98" cleared="0" enqueued="0" dynamicThreshold="0" maxThreshold="32" />
  <references type="weak" candidates="693" cleared="37" enqueued="37" />
  <references type="phantom" candidates="78" cleared="0" enqueued="0" />
  <stringconstants candidates="4987" cleared="0"  />
</gc-op>
<gc-op id="2202" type="sweep" timems="0.358" contextid="2193" timestamp="2019-06-14T20:05:51.233" />
<mem-info id="2203" free="1352488" total="14286848" percent="9">
  <mem type="nursery" free="1299960" total="10354688" percent="12">
    <mem type="allocate" free="1299960" total="7602176" percent="17" />
    <mem type="survivor" free="0" total="2752512" percent="0" />
  </mem>
  <mem type="tenure" free="52528" total="3932160" percent="1" micro-fragmented="10272" macro-fragmented="0">
    <mem type="soa" free="52528" total="3932160" percent="1" />
    <mem type="loa" free="0" total="0" percent="0" />
  </mem>
  <pending-finalizers system="0" default="0" reference="37" classloader="0" />
  <remembered-set count="994" />
</mem-info>
<gc-op id="2204" type="compact" timems="30.502" contextid="2193" timestamp="2019-06-14T20:05:51.264">
  <compact-info movecount="182315" movebytes="7326328" reason="compact to aid heap contraction" />
</gc-op>
<gc-end id="2205" type="global" contextid="2193" durationms="35.595" usertimems="48.000" systemtimems="4.000" timestamp="2019-06-14T20:05:51.264" activeThreads="4">
  <mem-info id="2206" free="1686368" total="14286848" percent="11">
    <mem type="nursery" free="1633096" total="10354688" percent="15">
      <mem type="allocate" free="1633096" total="7602176" percent="21" />
      <mem type="survivor" free="0" total="2752512" percent="0" />
    </mem>
    <mem type="tenure" free="53272" total="3932160" percent="1">
      <mem type="soa" free="53272" total="3932160" percent="1" />
      <mem type="loa" free="0" total="0" percent="0" />
    </mem>
    <pending-finalizers system="0" default="0" reference="37" classloader="0" />
    <remembered-set count="994" />
  </mem-info>
</gc-end>
<cycle-end id="2207" type="global" contextid="2193" timestamp="2019-06-14T20:05:51.265" />
  <attribute name="elasticGC enabled" value="1" />
  <attribute name= "numThreadsSpecified" value="4" />
  <attribute name="heapSize specified" value="14286848" />
  <attribute name="Current GC Util" value="48" />
  <attribute name= "Current Time Running" value="4033" />
  <attribute name ="GC Interval" value="1168" />
  <attribute name="ProportionalT" value="14.000000" />
  <attribute name="ProportionalI" value="14.000000" />
  <attribute name="ProportionalH" value="14.000000" />
  <attribute name="Current Error" value="28.000000" />
  <attribute name="IntegralT" value="840.000000" />
  <attribute name="IntegralI" value="840.000000" />
  <attribute name="IntegralH" value="840.000000" />
  <attribute name="DerivativeT" value="0.166667" />
  <attribute name="DerivativeI" value="0.166667" />
  <attribute name="DerivativeH" value="0.166667" />
  <attribute name="Loop Time for DT" value="30.000000" />
  <attribute name="Output H" value="8388608"/>
  <attribute name="Output I" value="856"/>
  <attribute name="Output T" value="4"/>
  <attribute name="Target GC Util Change" value ="20.000000" />
  <attribute name="Current GC Util Change" value="48.000000"/>
  <attribute name="GC Util currently" value="48" />
  <attribute name="CPU Util currently" value="150122645241" />
<concurrent-collection-end id="2208" timestamp="2019-06-14T20:05:51.265" />
<exclusive-end id="2209" timestamp="2019-06-14T20:05:51.265" durationms="36.394" />

<exclusive-start id="2210" timestamp="2019-06-14T20:05:51.266" intervalms="36.967">
  <response-info timems="0.268" idlems="0.106" threads="2" lastid="00000000014CA300" lastname="JIT Compilation Thread-0" />
</exclusive-start>
<af-start id="2211" threadId="00000000017D7588" totalBytesRequested="56" timestamp="2019-06-14T20:05:51.266" intervalms="146.262" type="nursery" />
<cycle-start id="2212" type="scavenge" contextid="0" timestamp="2019-06-14T20:05:51.266" intervalms="146.266" />
<gc-start id="2213" type="scavenge" contextid="2212" timestamp="2019-06-14T20:05:51.266">
  <mem-info id="2214" free="1649504" total="14286848" percent="11">
    <mem type="nursery" free="1596232" total="10354688" percent="15">
      <mem type="allocate" free="1596232" total="7602176" percent="20" />
      <mem type="survivor" free="0" total="2752512" percent="0" />
    </mem>
    <mem type="tenure" free="53272" total="3932160" percent="1">
      <mem type="soa" free="53272" total="3932160" percent="1" />
      <mem type="loa" free="0" total="0" percent="0" />
    </mem>
    <remembered-set count="994" />
  </mem-info>
</gc-start>
<allocation-stats totalBytes="36864" >
  <allocated-bytes non-tlh="0" tlh="36864" />
  <largest-consumer threadName="PmdThread 4" threadId="00000000017E6000" bytes="32768" />
</allocation-stats>
<gc-op id="2215" type="scavenge" timems="5.951" contextid="2212" timestamp="2019-06-14T20:05:51.272">
  <scavenger-info tenureage="2" tenuremask="7ffc" tiltratio="73" />
  <memory-copied type="nursery" objects="63966" bytes="2649784" bytesdiscarded="100792" />
  <memory-copied type="tenure" objects="1422" bytes="53224" bytesdiscarded="8" />
  <copy-failed type="nursery" objects="1" bytes="16" />
  <copy-failed type="tenure" objects="51300" bytes="2012832" />
  <ownableSynchronizers candidates="16" cleared="0" />
  <warning details="aborted collection due to insufficient free space" />
</gc-op>
<gc-end id="2216" type="scavenge" contextid="2212" durationms="6.187" usertimems="12.000" systemtimems="0.000" timestamp="2019-06-14T20:05:51.272" activeThreads="4">
  <mem-info id="2217" free="1596232" total="14286848" percent="11">
    <mem type="nursery" free="1596232" total="10354688" percent="15">
      <mem type="allocate" free="1596232" total="7602176" percent="20" />
      <mem type="survivor" free="0" total="2752512" percent="0" />
    </mem>
    <mem type="tenure" free="0" total="3932160" percent="0">
      <mem type="soa" free="0" total="3932160" percent="0" />
      <mem type="loa" free="0" total="0" percent="0" />
    </mem>
    <remembered-set count="994" />
  </mem-info>
</gc-end>
<cycle-end id="2218" type="scavenge" contextid="2212" timestamp="2019-06-14T20:05:51.272" />
  <attribute name="elasticGC enabled" value="1" />
  <attribute name= "numThreadsSpecified" value="4" />
  <attribute name="heapSize specified" value="14286848" />
  <attribute name="Current GC Util" value="1773" />
  <attribute name= "Current Time Running" value="4035" />
  <attribute name ="GC Interval" value="4000" />
  <attribute name="ProportionalT" value="876.500000" />
  <attribute name="ProportionalI" value="876.500000" />
  <attribute name="ProportionalH" value="876.500000" />
  <attribute name="Current Error" value="1753.000000" />
  <attribute name="IntegralT" value="3506.000000" />
  <attribute name="IntegralI" value="3506.000000" />
  <attribute name="IntegralH" value="3506.000000" />
  <attribute name="DerivativeT" value="431.250000" />
  <attribute name="DerivativeI" value="431.250000" />
  <attribute name="DerivativeH" value="431.250000" />
  <attribute name="Loop Time for DT" value="2.000000" />
  <attribute name="Output H" value="8388608"/>
  <attribute name="Output I" value="4000"/>
  <attribute name="Output T" value="4"/>
  <attribute name="Target GC Util Change" value ="20.000000" />
  <attribute name="Current GC Util Change" value="1773.000000"/>
  <attribute name="GC Util currently" value="1773" />
  <attribute name="CPU Util currently" value="2500945507207" />
<allocation-satisfied id="2219" threadId="00000000017D6C00" bytesRequested="56" />
<af-end id="2220" timestamp="2019-06-14T20:05:51.272" threadId="00000000017D7588" success="true" from="nursery"/>
<exclusive-end id="2221" timestamp="2019-06-14T20:05:51.272" durationms="6.906" />

<concurrent-kickoff id="2222" timestamp="2019-06-14T20:05:51.277">
  <kickoff reason="next scavenge will percolate" targetBytes="3175125" thresholdFreeBytes="430092"  remainingFree="367376" tenureFreeBytes="0" nurseryFreeBytes="367376" />
</concurrent-kickoff>
<exclusive-start id="2223" timestamp="2019-06-14T20:05:51.277" intervalms="11.840">
  <response-info timems="0.379" idlems="0.186" threads="3" lastid="00000000017DA800" lastname="PmdThread 2" />
</exclusive-start>
<cycle-start id="2224" type="global" contextid="0" timestamp="2019-06-14T20:05:51.277" intervalms="52.594" />
<exclusive-end id="2225" timestamp="2019-06-14T20:05:51.278" durationms="0.102" />

<exclusive-start id="2226" timestamp="2019-06-14T20:05:51.282" intervalms="4.864">
  <response-info timems="0.173" idlems="0.094" threads="1" lastid="00000000017D6C00" lastname="PmdThread 1" />
</exclusive-start>
<concurrent-collection-start id="2227" timestamp="2019-06-14T20:05:51.282" intervalms="53.686" >
  <concurrent-trace-info reason="card cleaning threshold reached" tracedByMutators="900232" tracedByHelpers="668276" cardsCleaned="6" workStackOverflowCount="0" />
</concurrent-collection-start>
<gc-start id="2228" type="global" contextid="2224" timestamp="2019-06-14T20:05:51.282">
  <mem-info id="2229" free="0" total="14286848" percent="0">
    <mem type="nursery" free="0" total="10354688" percent="0">
      <mem type="allocate" free="0" total="7602176" percent="0" />
      <mem type="survivor" free="0" total="2752512" percent="0" />
    </mem>
    <mem type="tenure" free="0" total="3932160" percent="0">
      <mem type="soa" free="0" total="3932160" percent="0" />
      <mem type="loa" free="0" total="0" percent="0" />
    </mem>
    <remembered-set count="996" />
  </mem-info>
</gc-start>
<allocation-stats totalBytes="1594744" >
  <allocated-bytes non-tlh="56" tlh="1594688" />
  <largest-consumer threadName="PmdThread 1" threadId="00000000017D6C00" bytes="1089312" />
</allocation-stats>
<gc-op id="2230" type="rs-scan" timems="3.387" contextid="2224" timestamp="2019-06-14T20:05:51.286">
  <scan objectsFound="740" bytesTraced="2497984" workStackOverflowCount="0" />
</gc-op>
<gc-op id="2231" type="card-cleaning" timems="1.579" contextid="2224" timestamp="2019-06-14T20:05:51.288">
  <card-cleaning cardsCleaned="6" bytesTraced="3042672" workStackOverflowCount="0" />
</gc-op>
<gc-op id="2232" type="mark" timems="1.399" contextid="2224" timestamp="2019-06-14T20:05:51.289">
  <trace-info objectcount="12200" scancount="10992" scanbytes="347692" />
  <finalization candidates="57" enqueued="0" />
  <ownableSynchronizers candidates="8" cleared="0" />
  <references type="soft" candidates="102" cleared="4" enqueued="0" dynamicThreshold="0" maxThreshold="32" />
  <references type="weak" candidates="668" cleared="12" enqueued="12" />
  <references type="phantom" candidates="79" cleared="1" enqueued="1" />
  <stringconstants candidates="4987" cleared="0"  />
</gc-op>
<gc-op id="2233" type="sweep" timems="0.486" contextid="2224" timestamp="2019-06-14T20:05:51.290" />
<mem-info id="2234" free="921104" total="14286848" percent="6">
  <mem type="nursery" free="867832" total="10354688" percent="8">
    <mem type="allocate" free="867832" total="7602176" percent="11" />
    <mem type="survivor" free="0" total="2752512" percent="0" />
  </mem>
  <mem type="tenure" free="53272" total="3932160" percent="1" micro-fragmented="10021" macro-fragmented="0">
    <mem type="soa" free="53272" total="3932160" percent="1" />
    <mem type="loa" free="0" total="0" percent="0" />
  </mem>
  <pending-finalizers system="0" default="0" reference="13" classloader="0" />
  <remembered-set count="996" />
</mem-info>
<gc-op id="2235" type="compact" timems="13.737" contextid="2224" timestamp="2019-06-14T20:05:51.304">
  <compact-info movecount="73671" movebytes="3066520" reason="compact to aid heap contraction" />
</gc-op>
<gc-end id="2236" type="global" contextid="2224" durationms="21.583" usertimems="32.000" systemtimems="0.000" timestamp="2019-06-14T20:05:51.304" activeThreads="4">
  <mem-info id="2237" free="1382408" total="14286848" percent="9">
    <mem type="nursery" free="1328048" total="10354688" percent="12">
      <mem type="allocate" free="1328048" total="7602176" percent="17" />
      <mem type="survivor" free="0" total="2752512" percent="0" />
    </mem>
    <mem type="tenure" free="54360" total="3932160" percent="1">
      <mem type="soa" free="54360" total="3932160" percent="1" />
      <mem type="loa" free="0" total="0" percent="0" />
    </mem>
    <pending-finalizers system="0" default="0" reference="13" classloader="0" />
    <remembered-set count="996" />
  </mem-info>
</gc-end>
<cycle-end id="2238" type="global" contextid="2224" timestamp="2019-06-14T20:05:51.304" />
  <attribute name="elasticGC enabled" value="1" />
  <attribute name= "numThreadsSpecified" value="4" />
  <attribute name="heapSize specified" value="14286848" />
  <attribute name="Current GC Util" value="72" />
  <attribute name= "Current Time Running" value="4073" />
  <attribute name ="GC Interval" value="4000" />
  <attribute name="ProportionalT" value="26.000000" />
  <attribute name="ProportionalI" value="26.000000" />
  <attribute name="ProportionalH" value="26.000000" />
  <attribute name="Current Error" value="52.000000" />
  <attribute name="IntegralT" value="728.000000" />
  <attribute name="IntegralI" value="728.000000" />
  <attribute name="IntegralH" value="728.000000" />
  <attribute name="DerivativeT" value="-0.107143" />
  <attribute name="DerivativeI" value="-0.107143" />
  <attribute name="DerivativeH" value="-0.107143" />
  <attribute name="Loop Time for DT" value="14.000000" />
  <attribute name="Output H" value="8388608"/>
  <attribute name="Output I" value="760"/>
  <attribute name="Output T" value="4"/>
  <attribute name="Target GC Util Change" value ="20.000000" />
  <attribute name="Current GC Util Change" value="72.000000"/>
  <attribute name="GC Util currently" value="72" />
  <attribute name="CPU Util currently" value="331937784449" />
<concurrent-collection-end id="2239" timestamp="2019-06-14T20:05:51.304" />
<exclusive-end id="2240" timestamp="2019-06-14T20:05:51.304" durationms="22.211" />

<concurrent-kickoff id="2241" timestamp="2019-06-14T20:05:51.309">
  <kickoff reason="threshold reached" targetBytes="2853632" thresholdFreeBytes="381431"  remainingFree="369584" tenureFreeBytes="54360" nurseryFreeBytes="369584" />
</concurrent-kickoff>
<exclusive-start id="2242" timestamp="2019-06-14T20:05:51.310" intervalms="27.582">
  <response-info timems="0.130" idlems="0.130" threads="0" lastid="00000000017E6000" lastname="PmdThread 4" />
</exclusive-start>
<cycle-start id="2243" type="global" contextid="0" timestamp="2019-06-14T20:05:51.310" intervalms="32.469" />
<exclusive-end id="2244" timestamp="2019-06-14T20:05:51.310" durationms="0.132" />

<exclusive-start id="2245" timestamp="2019-06-14T20:05:51.313" intervalms="3.278">
  <response-info timems="0.088" idlems="0.060" threads="2" lastid="00000000014CDF00" lastname="JIT Compilation Thread-1" />
</exclusive-start>
<af-start id="2246" threadId="00000000017D7588" totalBytesRequested="16" timestamp="2019-06-14T20:05:51.313" intervalms="47.576" type="nursery" />
<cycle-start id="2247" type="scavenge" contextid="0" timestamp="2019-06-14T20:05:51.313" intervalms="47.554" />
<gc-start id="2248" type="scavenge" contextid="2247" timestamp="2019-06-14T20:05:51.313">
  <mem-info id="2249" free="54360" total="14286848" percent="0">
    <mem type="nursery" free="0" total="10354688" percent="0">
      <mem type="allocate" free="0" total="7602176" percent="0" />
      <mem type="survivor" free="0" total="2752512" percent="0" />
    </mem>
    <mem type="tenure" free="54360" total="3932160" percent="1">
      <mem type="soa" free="54360" total="3932160" percent="1" />
      <mem type="loa" free="0" total="0" percent="0" />
    </mem>
    <remembered-set count="999" />
  </mem-info>
</gc-start>
<allocation-stats totalBytes="1326320" >
  <allocated-bytes non-tlh="0" tlh="1326320" />
  <largest-consumer threadName="PmdThread 4" threadId="00000000017E6000" bytes="735800" />
</allocation-stats>
<gc-op id="2250" type="scavenge" timems="8.042" contextid="2247" timestamp="2019-06-14T20:05:51.322">
  <scavenger-info tenureage="2" tenuremask="7ffc" tiltratio="73" />
  <memory-copied type="nursery" objects="64511" bytes="2608576" bytesdiscarded="138560" />
  <memory-copied type="tenure" objects="1021" bytes="52936" bytesdiscarded="0" />
  <copy-failed type="nursery" objects="1" bytes="64" />
  <copy-failed type="tenure" objects="51650" bytes="2114536" />
  <ownableSynchronizers candidates="16" cleared="0" />
  <warning details="aborted collection due to insufficient free space" />
</gc-op>
<gc-end id="2251" type="scavenge" contextid="2247" durationms="8.431" usertimems="12.000" systemtimems="0.000" timestamp="2019-06-14T20:05:51.322" activeThreads="4">
  <mem-info id="2252" free="0" total="14286848" percent="0">
    <mem type="nursery" free="0" total="10354688" percent="0">
      <mem type="allocate" free="0" total="7602176" percent="0" />
      <mem type="survivor" free="0" total="2752512" percent="0" />
    </mem>
    <mem type="tenure" free="0" total="3932160" percent="0">
      <mem type="soa" free="0" total="3932160" percent="0" />
      <mem type="loa" free="0" total="0" percent="0" />
    </mem>
    <remembered-set count="999" />
  </mem-info>
</gc-end>
<cycle-end id="2253" type="scavenge" contextid="2247" timestamp="2019-06-14T20:05:51.322" />
  <attribute name="elasticGC enabled" value="1" />
  <attribute name= "numThreadsSpecified" value="4" />
  <attribute name="heapSize specified" value="14286848" />
  <attribute name="Current GC Util" value="193" />
  <attribute name= "Current Time Running" value="4083" />
  <attribute name ="GC Interval" value="1824" />
  <attribute name="ProportionalT" value="86.500000" />
  <attribute name="ProportionalI" value="86.500000" />
  <attribute name="ProportionalH" value="86.500000" />
  <attribute name="Current Error" value="173.000000" />
  <attribute name="IntegralT" value="1730.000000" />
  <attribute name="IntegralI" value="1730.000000" />
  <attribute name="IntegralH" value="1730.000000" />
  <attribute name="DerivativeT" value="6.050000" />
  <attribute name="DerivativeI" value="6.050000" />
  <attribute name="DerivativeH" value="6.050000" />
  <attribute name="Loop Time for DT" value="10.000000" />
  <attribute name="Output H" value="8388608"/>
  <attribute name="Output I" value="1824"/>
  <attribute name="Output T" value="4"/>
  <attribute name="Target GC Util Change" value ="20.000000" />
  <attribute name="Current GC Util Change" value="193.000000"/>
  <attribute name="GC Util currently" value="193" />
  <attribute name="CPU Util currently" value="476796658763" />
<percolate-collect id="2254" from="nursery" to="global" reason="failed tenure threshold reached" timestamp="2019-06-14T20:05:51.322"/>
<gc-start id="2255" type="global" contextid="2243" timestamp="2019-06-14T20:05:51.322">
  <mem-info id="2256" free="0" total="14286848" percent="0">
    <mem type="nursery" free="0" total="10354688" percent="0">
      <mem type="allocate" free="0" total="7602176" percent="0" />
      <mem type="survivor" free="0" total="2752512" percent="0" />
    </mem>
    <mem type="tenure" free="0" total="3932160" percent="0">
      <mem type="soa" free="0" total="3932160" percent="0" />
      <mem type="loa" free="0" total="0" percent="0" />
    </mem>
    <remembered-set count="999" />
  </mem-info>
</gc-start>
<allocation-stats totalBytes="0" >
  <allocated-bytes non-tlh="0" tlh="0" />
</allocation-stats>
<concurrent-halted id="2257" timestamp="2019-06-14T20:05:51.322">
  <halted state="Class scanning incomplete" status="clean trace" />
  <traced bytesTarget="2853632" bytesTotal="739244" bytesByMutator="345536" bytesByHelper="393708" percent="25" />
  <cards cleaned="0" thresholdBytes="150260" />
</concurrent-halted>
<gc-op id="2258" type="tracing" timems="0.558" contextid="2243" timestamp="2019-06-14T20:05:51.323">
  <trace bytesTraced="676504" workStackOverflowCount="0" />
</gc-op>
<gc-op id="2259" type="rs-scan" timems="3.141" contextid="2243" timestamp="2019-06-14T20:05:51.326">
  <scan objectsFound="716" bytesTraced="2697432" workStackOverflowCount="0" />
</gc-op>
<gc-op id="2260" type="card-cleaning" timems="1.750" contextid="2243" timestamp="2019-06-14T20:05:51.328">
  <card-cleaning cardsCleaned="7" bytesTraced="3082456" workStackOverflowCount="0" />
</gc-op>
<gc-op id="2261" type="mark" timems="1.407" contextid="2243" timestamp="2019-06-14T20:05:51.329">
  <trace-info objectcount="11691" scancount="9489" scanbytes="272364" />
  <finalization candidates="57" enqueued="0" />
  <ownableSynchronizers candidates="8" cleared="0" />
  <references type="soft" candidates="98" cleared="0" enqueued="0" dynamicThreshold="0" maxThreshold="32" />
  <references type="weak" candidates="689" cleared="33" enqueued="33" />
  <references type="phantom" candidates="78" cleared="0" enqueued="0" />
  <stringconstants candidates="4987" cleared="0"  />
</gc-op>
<gc-op id="2262" type="sweep" timems="0.501" contextid="2243" timestamp="2019-06-14T20:05:51.330" />
<mem-info id="2263" free="1394992" total="14286848" percent="9">
  <mem type="nursery" free="1340632" total="10354688" percent="12">
    <mem type="allocate" free="1340632" total="7602176" percent="17" />
    <mem type="survivor" free="0" total="2752512" percent="0" />
  </mem>
  <mem type="tenure" free="54360" total="3932160" percent="1" micro-fragmented="0" macro-fragmented="0">
    <mem type="soa" free="54360" total="3932160" percent="1" />
    <mem type="loa" free="0" total="0" percent="0" />
  </mem>
  <pending-finalizers system="0" default="0" reference="33" classloader="0" />
  <remembered-set count="999" />
</mem-info>
<gc-op id="2264" type="compact" timems="20.572" contextid="2243" timestamp="2019-06-14T20:05:51.351">
  <compact-info movecount="91872" movebytes="3745064" reason="compact to aid heap contraction" />
</gc-op>
<gc-end id="2265" type="global" contextid="2243" durationms="29.009" usertimems="44.000" systemtimems="0.000" timestamp="2019-06-14T20:05:51.351" activeThreads="4">
  <mem-info id="2266" free="1438480" total="14286848" percent="10">
    <mem type="nursery" free="1383752" total="10354688" percent="13">
      <mem type="allocate" free="1383752" total="7602176" percent="18" />
      <mem type="survivor" free="0" total="2752512" percent="0" />
    </mem>
    <mem type="tenure" free="54728" total="3932160" percent="1">
      <mem type="soa" free="54728" total="3932160" percent="1" />
      <mem type="loa" free="0" total="0" percent="0" />
    </mem>
    <pending-finalizers system="0" default="0" reference="33" classloader="0" />
    <remembered-set count="999" />
  </mem-info>
</gc-end>
<cycle-end id="2267" type="global" contextid="2243" timestamp="2019-06-14T20:05:51.351" />
  <attribute name="elasticGC enabled" value="1" />
  <attribute name= "numThreadsSpecified" value="4" />
  <attribute name="heapSize specified" value="14286848" />
  <attribute name="Current GC Util" value="133" />
  <attribute name= "Current Time Running" value="4120" />
  <attribute name ="GC Interval" value="1824" />
  <attribute name="ProportionalT" value="56.500000" />
  <attribute name="ProportionalI" value="56.500000" />
  <attribute name="ProportionalH" value="56.500000" />
  <attribute name="Current Error" value="113.000000" />
  <attribute name="IntegralT" value="2260.000000" />
  <attribute name="IntegralI" value="2260.000000" />
  <attribute name="IntegralH" value="2260.000000" />
  <attribute name="DerivativeT" value="1.275000" />
  <attribute name="DerivativeI" value="1.275000" />
  <attribute name="DerivativeH" value="1.275000" />
  <attribute name="Loop Time for DT" value="20.000000" />
  <attribute name="Output H" value="8388608"/>
  <attribute name="Output I" value="2320"/>
  <attribute name="Output T" value="4"/>
  <attribute name="Target GC Util Change" value ="20.000000" />
  <attribute name="Current GC Util Change" value="133.000000"/>
  <attribute name="GC Util currently" value="133" />
  <attribute name="CPU Util currently" value="222179151209" />
<allocation-satisfied id="2268" threadId="00000000017D6C00" bytesRequested="16" />
<af-end id="2269" timestamp="2019-06-14T20:05:51.352" threadId="00000000017D7588" success="true" from="nursery"/>
<exclusive-end id="2270" timestamp="2019-06-14T20:05:51.352" durationms="38.567" />

<concurrent-kickoff id="2271" timestamp="2019-06-14T20:05:51.356">
  <kickoff reason="threshold reached" targetBytes="4498204" thresholdFreeBytes="588442"  remainingFree="544056" tenureFreeBytes="54664" nurseryFreeBytes="544056" />
</concurrent-kickoff>
<exclusive-start id="2272" timestamp="2019-06-14T20:05:51.364" intervalms="51.080">
  <response-info timems="7.684" idlems="7.684" threads="0" lastid="00000000017DA800" lastname="PmdThread 2" />
</exclusive-start>
<cycle-start id="2273" type="global" contextid="0" timestamp="2019-06-14T20:05:51.364" intervalms="54.374" />
<exclusive-end id="2274" timestamp="2019-06-14T20:05:51.364" durationms="0.163" />

<exclusive-start id="2275" timestamp="2019-06-14T20:05:51.367" intervalms="2.367">
  <response-info timems="0.049" idlems="0.026" threads="1" lastid="00000000017DA800" lastname="PmdThread 2" />
</exclusive-start>
<concurrent-collection-start id="2276" timestamp="2019-06-14T20:05:51.367" intervalms="84.322" >
  <concurrent-trace-info reason="card cleaning threshold reached" tracedByMutators="949208" tracedByHelpers="618612" cardsCleaned="10" workStackOverflowCount="0" />
</concurrent-collection-start>
<gc-start id="2277" type="global" contextid="2273" timestamp="2019-06-14T20:05:51.367">
  <mem-info id="2278" free="139968" total="14286848" percent="0">
    <mem type="nursery" free="85304" total="10354688" percent="0">
      <mem type="allocate" free="85304" total="7602176" percent="1" />
      <mem type="survivor" free="0" total="2752512" percent="0" />
    </mem>
    <mem type="tenure" free="54664" total="3932160" percent="1">
      <mem type="soa" free="54664" total="3932160" percent="1" />
      <mem type="loa" free="0" total="0" percent="0" />
    </mem>
    <remembered-set count="1007" />
  </mem-info>
</gc-start>
<allocation-stats totalBytes="1292704" >
  <allocated-bytes non-tlh="80" tlh="1292624" />
  <largest-consumer threadName="PmdThread 4" threadId="00000000017E6000" bytes="634368" />
</allocation-stats>
<gc-op id="2279" type="rs-scan" timems="3.573" contextid="2273" timestamp="2019-06-14T20:05:51.371">
  <scan objectsFound="750" bytesTraced="2589976" workStackOverflowCount="0" />
</gc-op>
<gc-op id="2280" type="card-cleaning" timems="1.624" contextid="2273" timestamp="2019-06-14T20:05:51.372">
  <card-cleaning cardsCleaned="5" bytesTraced="3105644" workStackOverflowCount="0" />
</gc-op>
<gc-op id="2281" type="mark" timems="0.919" contextid="2273" timestamp="2019-06-14T20:05:51.373">
  <trace-info objectcount="5644" scancount="4848" scanbytes="132808" />
  <finalization candidates="57" enqueued="0" />
  <ownableSynchronizers candidates="8" cleared="0" />
  <references type="soft" candidates="98" cleared="0" enqueued="0" dynamicThreshold="0" maxThreshold="32" />
  <references type="weak" candidates="678" cleared="22" enqueued="22" />
  <references type="phantom" candidates="79" cleared="0" enqueued="0" />
  <stringconstants candidates="4988" cleared="0"  />
</gc-op>
<gc-op id="2282" type="sweep" timems="0.335" contextid="2273" timestamp="2019-06-14T20:05:51.374" />
<mem-info id="2283" free="1482368" total="14286848" percent="10">
  <mem type="nursery" free="1427704" total="10354688" percent="13">
    <mem type="allocate" free="1427704" total="7602176" percent="18" />
    <mem type="survivor" free="0" total="2752512" percent="0" />
  </mem>
  <mem type="tenure" free="54664" total="3932160" percent="1" micro-fragmented="513" macro-fragmented="0">
    <mem type="soa" free="54664" total="3932160" percent="1" />
    <mem type="loa" free="0" total="0" percent="0" />
  </mem>
  <pending-finalizers system="0" default="0" reference="22" classloader="0" />
  <remembered-set count="1007" />
</mem-info>
<gc-op id="2284" type="compact" timems="19.588" contextid="2273" timestamp="2019-06-14T20:05:51.394">
  <compact-info movecount="123695" movebytes="5567824" reason="compact to aid heap contraction" />
</gc-op>
<gc-end id="2285" type="global" contextid="2273" durationms="27.094" usertimems="44.000" systemtimems="0.000" timestamp="2019-06-14T20:05:51.394" activeThreads="4">
  <mem-info id="2286" free="1529584" total="14286848" percent="10">
    <mem type="nursery" free="1473280" total="10354688" percent="14">
      <mem type="allocate" free="1473280" total="7602176" percent="19" />
      <mem type="survivor" free="0" total="2752512" percent="0" />
    </mem>
    <mem type="tenure" free="56304" total="3932160" percent="1">
      <mem type="soa" free="56304" total="3932160" percent="1" />
      <mem type="loa" free="0" total="0" percent="0" />
    </mem>
    <pending-finalizers system="0" default="0" reference="22" classloader="0" />
    <remembered-set count="1007" />
  </mem-info>
</gc-end>
<cycle-end id="2287" type="global" contextid="2273" timestamp="2019-06-14T20:05:51.394" />
  <attribute name="elasticGC enabled" value="1" />
  <attribute name= "numThreadsSpecified" value="4" />
  <attribute name="heapSize specified" value="14286848" />
  <attribute name="Current GC Util" value="78" />
  <attribute name= "Current Time Running" value="4163" />
  <attribute name ="GC Interval" value="1824" />
  <attribute name="ProportionalT" value="29.000000" />
  <attribute name="ProportionalI" value="29.000000" />
  <attribute name="ProportionalH" value="29.000000" />
  <attribute name="Current Error" value="58.000000" />
  <attribute name="IntegralT" value="1160.000000" />
  <attribute name="IntegralI" value="1160.000000" />
  <attribute name="IntegralH" value="1160.000000" />
  <attribute name="DerivativeT" value="1.000000" />
  <attribute name="DerivativeI" value="1.000000" />
  <attribute name="DerivativeH" value="1.000000" />
  <attribute name="Loop Time for DT" value="20.000000" />
  <attribute name="Output H" value="8388608"/>
  <attribute name="Output I" value="1192"/>
  <attribute name="Output T" value="4"/>
  <attribute name="Target GC Util Change" value ="20.000000" />
  <attribute name="Current GC Util Change" value="78.000000"/>
  <attribute name="GC Util currently" value="78" />
  <attribute name="CPU Util currently" value="233620312322" />
<concurrent-collection-end id="2288" timestamp="2019-06-14T20:05:51.394" />
<exclusive-end id="2289" timestamp="2019-06-14T20:05:51.394" durationms="27.681" />

<concurrent-kickoff id="2290" timestamp="2019-06-14T20:05:51.396">
  <kickoff reason="threshold reached" targetBytes="3912171" thresholdFreeBytes="511248"  remainingFree="453376" tenureFreeBytes="56304" nurseryFreeBytes="453376" />
</concurrent-kickoff>
<exclusive-start id="2291" timestamp="2019-06-14T20:05:51.400" intervalms="33.535">
  <response-info timems="3.622" idlems="2.039" threads="1" lastid="00000000014D1B00" lastname="JIT Compilation Thread-2" />
</exclusive-start>
<cycle-start id="2292" type="global" contextid="0" timestamp="2019-06-14T20:05:51.400" intervalms="35.870" />
<exclusive-end id="2293" timestamp="2019-06-14T20:05:51.400" durationms="0.108" />

<exclusive-start id="2294" timestamp="2019-06-14T20:05:51.404" intervalms="4.379">
  <response-info timems="1.333" idlems="0.457" threads="2" lastid="00000000014CA300" lastname="JIT Compilation Thread-0" />
</exclusive-start>
<af-start id="2295" threadId="00000000017DB188" totalBytesRequested="48" timestamp="2019-06-14T20:05:51.405" intervalms="91.339" type="nursery" />
<cycle-start id="2296" type="scavenge" contextid="0" timestamp="2019-06-14T20:05:51.405" intervalms="91.332" />
<gc-start id="2297" type="scavenge" contextid="2296" timestamp="2019-06-14T20:05:51.405">
  <mem-info id="2298" free="56304" total="14286848" percent="0">
    <mem type="nursery" free="0" total="10354688" percent="0">
      <mem type="allocate" free="0" total="7602176" percent="0" />
      <mem type="survivor" free="0" total="2752512" percent="0" />
    </mem>
    <mem type="tenure" free="56304" total="3932160" percent="1">
      <mem type="soa" free="56304" total="3932160" percent="1" />
      <mem type="loa" free="0" total="0" percent="0" />
    </mem>
    <remembered-set count="1011" />
  </mem-info>
</gc-start>
<allocation-stats totalBytes="1472848" >
  <allocated-bytes non-tlh="0" tlh="1472848" />
  <largest-consumer threadName="PmdThread 2" threadId="00000000017DA800" bytes="764488" />
</allocation-stats>
<gc-op id="2299" type="scavenge" timems="7.094" contextid="2296" timestamp="2019-06-14T20:05:51.412">
  <scavenger-info tenureage="2" tenuremask="7ffc" tiltratio="73" />
  <memory-copied type="nursery" objects="64955" bytes="2699376" bytesdiscarded="47256" />
  <memory-copied type="tenure" objects="1267" bytes="53376" bytesdiscarded="0" />
  <copy-failed type="nursery" objects="1" bytes="56" />
  <copy-failed type="tenure" objects="58236" bytes="2387320" />
  <ownableSynchronizers candidates="16" cleared="0" />
  <warning details="aborted collection due to insufficient free space" />
</gc-op>
<gc-end id="2300" type="scavenge" contextid="2296" durationms="7.378" usertimems="12.000" systemtimems="0.000" timestamp="2019-06-14T20:05:51.412" activeThreads="4">
  <mem-info id="2301" free="0" total="14286848" percent="0">
    <mem type="nursery" free="0" total="10354688" percent="0">
      <mem type="allocate" free="0" total="7602176" percent="0" />
      <mem type="survivor" free="0" total="2752512" percent="0" />
    </mem>
    <mem type="tenure" free="0" total="3932160" percent="0">
      <mem type="soa" free="0" total="3932160" percent="0" />
      <mem type="loa" free="0" total="0" percent="0" />
    </mem>
    <remembered-set count="1011" />
  </mem-info>
</gc-end>
<cycle-end id="2302" type="scavenge" contextid="2296" timestamp="2019-06-14T20:05:51.412" />
  <attribute name="elasticGC enabled" value="1" />
  <attribute name= "numThreadsSpecified" value="4" />
  <attribute name="heapSize specified" value="14286848" />
  <attribute name="Current GC Util" value="222" />
  <attribute name= "Current Time Running" value="4174" />
  <attribute name ="GC Interval" value="2336" />
  <attribute name="ProportionalT" value="101.000000" />
  <attribute name="ProportionalI" value="101.000000" />
  <attribute name="ProportionalH" value="101.000000" />
  <attribute name="Current Error" value="202.000000" />
  <attribute name="IntegralT" value="2222.000000" />
  <attribute name="IntegralI" value="2222.000000" />
  <attribute name="IntegralH" value="2222.000000" />
  <attribute name="DerivativeT" value="6.545455" />
  <attribute name="DerivativeI" value="6.545455" />
  <attribute name="DerivativeH" value="6.545455" />
  <attribute name="Loop Time for DT" value="11.000000" />
  <attribute name="Output H" value="8388608"/>
  <attribute name="Output I" value="2336"/>
  <attribute name="Output T" value="4"/>
  <attribute name="Target GC Util Change" value ="20.000000" />
  <attribute name="Current GC Util Change" value="222.000000"/>
  <attribute name="GC Util currently" value="222" />
  <attribute name="CPU Util currently" value="415365797197" />
<percolate-collect id="2303" from="nursery" to="global" reason="failed tenure threshold reached" timestamp="2019-06-14T20:05:51.412"/>
<gc-start id="2304" type="global" contextid="2292" timestamp="2019-06-14T20:05:51.413">
  <mem-info id="2305" free="0" total="14286848" percent="0">
    <mem type="nursery" free="0" total="10354688" percent="0">
      <mem type="allocate" free="0" total="7602176" percent="0" />
      <mem type="survivor" free="0" total="2752512" percent="0" />
    </mem>
    <mem type="tenure" free="0" total="3932160" percent="0">
      <mem type="soa" free="0" total="3932160" percent="0" />
      <mem type="loa" free="0" total="0" percent="0" />
    </mem>
    <remembered-set count="1011" />
  </mem-info>
</gc-start>
<allocation-stats totalBytes="0" >
  <allocated-bytes non-tlh="0" tlh="0" />
</allocation-stats>
<concurrent-halted id="2306" timestamp="2019-06-14T20:05:51.413">
  <halted state="Class scanning incomplete" status="clean trace" />
  <traced bytesTarget="3912171" bytesTotal="1463756" bytesByMutator="1063888" bytesByHelper="399868" percent="37" />
  <cards cleaned="22" thresholdBytes="201400" />
</concurrent-halted>
<gc-op id="2307" type="tracing" timems="0.377" contextid="2292" timestamp="2019-06-14T20:05:51.413">
  <trace bytesTraced="232860" workStackOverflowCount="0" />
</gc-op>
<gc-op id="2308" type="rs-scan" timems="6.150" contextid="2292" timestamp="2019-06-14T20:05:51.419">
  <scan objectsFound="835" bytesTraced="5813000" workStackOverflowCount="0" />
</gc-op>
<gc-op id="2309" type="card-cleaning" timems="0.195" contextid="2292" timestamp="2019-06-14T20:05:51.420">
  <card-cleaning cardsCleaned="5" bytesTraced="8900" workStackOverflowCount="0" />
</gc-op>
<gc-op id="2310" type="mark" timems="2.464" contextid="2292" timestamp="2019-06-14T20:05:51.422">
  <trace-info objectcount="74" scancount="72" scanbytes="2080" />
  <finalization candidates="57" enqueued="0" />
  <ownableSynchronizers candidates="8" cleared="0" />
  <references type="soft" candidates="102" cleared="4" enqueued="0" dynamicThreshold="0" maxThreshold="32" />
  <references type="weak" candidates="663" cleared="7" enqueued="7" />
  <references type="phantom" candidates="79" cleared="1" enqueued="1" />
  <stringconstants candidates="4988" cleared="0"  />
</gc-op>
<gc-op id="2311" type="classunload" timems="0.002" contextid="2292" timestamp="2019-06-14T20:05:51.423">
  <classunload-info classloadercandidates="10" classloadersunloaded="0" classesunloaded="0" anonymousclassesunloaded="0" quiescems="0.000" setupms="0.001" scanms="0.001" postms="0.000" />
</gc-op>
<gc-op id="2312" type="sweep" timems="0.560" contextid="2292" timestamp="2019-06-14T20:05:51.423" />
<mem-info id="2313" free="1177392" total="14286848" percent="8">
  <mem type="nursery" free="1121088" total="10354688" percent="10">
    <mem type="allocate" free="1121088" total="7602176" percent="14" />
    <mem type="survivor" free="0" total="2752512" percent="0" />
  </mem>
  <mem type="tenure" free="56304" total="3932160" percent="1" micro-fragmented="4626" macro-fragmented="0">
    <mem type="soa" free="56304" total="3932160" percent="1" />
    <mem type="loa" free="0" total="0" percent="0" />
  </mem>
  <pending-finalizers system="0" default="0" reference="8" classloader="0" />
  <remembered-set count="1011" />
</mem-info>
<gc-op id="2314" type="compact" timems="10.733" contextid="2292" timestamp="2019-06-14T20:05:51.434">
  <compact-info movecount="48827" movebytes="2094664" reason="compact to aid heap contraction" />
</gc-op>
<gc-end id="2315" type="global" contextid="2292" durationms="22.036" usertimems="32.000" systemtimems="0.000" timestamp="2019-06-14T20:05:51.435" activeThreads="4">
  <mem-info id="2316" free="1399576" total="14286848" percent="9">
    <mem type="nursery" free="1341840" total="10354688" percent="12">
      <mem type="allocate" free="1341840" total="7602176" percent="17" />
      <mem type="survivor" free="0" total="2752512" percent="0" />
    </mem>
    <mem type="tenure" free="57736" total="3932160" percent="1">
      <mem type="soa" free="57736" total="3932160" percent="1" />
      <mem type="loa" free="0" total="0" percent="0" />
    </mem>
    <pending-finalizers system="0" default="0" reference="8" classloader="0" />
    <remembered-set count="1011" />
  </mem-info>
</gc-end>
<cycle-end id="2317" type="global" contextid="2292" timestamp="2019-06-14T20:05:51.435" />
  <attribute name="elasticGC enabled" value="1" />
  <attribute name= "numThreadsSpecified" value="4" />
  <attribute name="heapSize specified" value="14286848" />
  <attribute name="Current GC Util" value="98" />
  <attribute name= "Current Time Running" value="4204" />
  <attribute name ="GC Interval" value="2336" />
  <attribute name="ProportionalT" value="39.000000" />
  <attribute name="ProportionalI" value="39.000000" />
  <attribute name="ProportionalH" value="39.000000" />
  <attribute name="Current Error" value="78.000000" />
  <attribute name="IntegralT" value="858.000000" />
  <attribute name="IntegralI" value="858.000000" />
  <attribute name="IntegralH" value="858.000000" />
  <attribute name="DerivativeT" value="1.636364" />
  <attribute name="DerivativeI" value="1.636364" />
  <attribute name="DerivativeH" value="1.636364" />
  <attribute name="Loop Time for DT" value="11.000000" />
  <attribute name="Output H" value="8388608"/>
  <attribute name="Output I" value="904"/>
  <attribute name="Output T" value="4"/>
  <attribute name="Target GC Util Change" value ="20.000000" />
  <attribute name="Current GC Util Change" value="98.000000"/>
  <attribute name="GC Util currently" value="98" />
  <attribute name="CPU Util currently" value="423906886864" />
<allocation-satisfied id="2318" threadId="00000000017DA800" bytesRequested="48" />
<af-end id="2319" timestamp="2019-06-14T20:05:51.435" threadId="00000000017DB188" success="true" from="nursery"/>
<exclusive-end id="2320" timestamp="2019-06-14T20:05:51.435" durationms="30.649" />

<concurrent-kickoff id="2321" timestamp="2019-06-14T20:05:51.440">
  <kickoff reason="threshold reached" targetBytes="1705516" thresholdFreeBytes="224430"  remainingFree="219464" tenureFreeBytes="57736" nurseryFreeBytes="219464" />
</concurrent-kickoff>
<exclusive-start id="2322" timestamp="2019-06-14T20:05:51.440" intervalms="35.984">
  <response-info timems="0.044" idlems="0.044" threads="0" lastid="00000000017E6000" lastname="PmdThread 4" />
</exclusive-start>
<cycle-start id="2323" type="global" contextid="0" timestamp="2019-06-14T20:05:51.441" intervalms="40.355" />
<exclusive-end id="2324" timestamp="2019-06-14T20:05:51.441" durationms="0.103" />

<exclusive-start id="2325" timestamp="2019-06-14T20:05:51.444" intervalms="3.639">
  <response-info timems="1.170" idlems="1.167" threads="1" lastid="00000000017DA800" lastname="PmdThread 2" />
</exclusive-start>
<af-start id="2326" threadId="00000000017D7588" totalBytesRequested="40" timestamp="2019-06-14T20:05:51.444" intervalms="39.662" type="nursery" />
<cycle-start id="2327" type="scavenge" contextid="0" timestamp="2019-06-14T20:05:51.444" intervalms="39.663" />
<gc-start id="2328" type="scavenge" contextid="2327" timestamp="2019-06-14T20:05:51.444">
  <mem-info id="2329" free="57736" total="14286848" percent="0">
    <mem type="nursery" free="0" total="10354688" percent="0">
      <mem type="allocate" free="0" total="7602176" percent="0" />
      <mem type="survivor" free="0" total="2752512" percent="0" />
    </mem>
    <mem type="tenure" free="57736" total="3932160" percent="1">
      <mem type="soa" free="57736" total="3932160" percent="1" />
      <mem type="loa" free="0" total="0" percent="0" />
    </mem>
    <remembered-set count="1028" />
  </mem-info>
</gc-start>
<allocation-stats totalBytes="1326688" >
  <allocated-bytes non-tlh="41032" tlh="1285656" />
  <largest-consumer threadName="PmdThread 1" threadId="00000000017D6C00" bytes="587856" />
</allocation-stats>
<gc-op id="2330" type="scavenge" timems="7.591" contextid="2327" timestamp="2019-06-14T20:05:51.452">
  <scavenger-info tenureage="2" tenuremask="7ffc" tiltratio="73" />
  <memory-copied type="nursery" objects="63507" bytes="2649128" bytesdiscarded="96632" />
  <memory-copied type="tenure" objects="1250" bytes="54464" bytesdiscarded="8" />
  <copy-failed type="nursery" objects="1" bytes="16" />
  <copy-failed type="tenure" objects="52254" bytes="2108440" />
  <ownableSynchronizers candidates="16" cleared="0" />
  <warning details="aborted collection due to insufficient free space" />
</gc-op>
<gc-end id="2331" type="scavenge" contextid="2327" durationms="7.968" usertimems="12.000" systemtimems="0.000" timestamp="2019-06-14T20:05:51.452" activeThreads="4">
  <mem-info id="2332" free="0" total="14286848" percent="0">
    <mem type="nursery" free="0" total="10354688" percent="0">
      <mem type="allocate" free="0" total="7602176" percent="0" />
      <mem type="survivor" free="0" total="2752512" percent="0" />
    </mem>
    <mem type="tenure" free="0" total="3932160" percent="0">
      <mem type="soa" free="0" total="3932160" percent="0" />
      <mem type="loa" free="0" total="0" percent="0" />
    </mem>
    <remembered-set count="1028" />
  </mem-info>
</gc-end>
<cycle-end id="2333" type="scavenge" contextid="2327" timestamp="2019-06-14T20:05:51.453" />
  <attribute name="elasticGC enabled" value="1" />
  <attribute name= "numThreadsSpecified" value="4" />
  <attribute name="heapSize specified" value="14286848" />
  <attribute name="Current GC Util" value="370" />
  <attribute name= "Current Time Running" value="4214" />
  <attribute name ="GC Interval" value="3688" />
  <attribute name="ProportionalT" value="175.000000" />
  <attribute name="ProportionalI" value="175.000000" />
  <attribute name="ProportionalH" value="175.000000" />
  <attribute name="Current Error" value="350.000000" />
  <attribute name="IntegralT" value="3500.000000" />
  <attribute name="IntegralI" value="3500.000000" />
  <attribute name="IntegralH" value="3500.000000" />
  <attribute name="DerivativeT" value="13.600000" />
  <attribute name="DerivativeI" value="13.600000" />
  <attribute name="DerivativeH" value="13.600000" />
  <attribute name="Loop Time for DT" value="10.000000" />
  <attribute name="Output H" value="8388608"/>
  <attribute name="Output I" value="3688"/>
  <attribute name="Output T" value="4"/>
  <attribute name="Target GC Util Change" value ="20.000000" />
  <attribute name="Current GC Util Change" value="370.000000"/>
  <attribute name="GC Util currently" value="370" />
  <attribute name="CPU Util currently" value="456983543594" />
<percolate-collect id="2334" from="nursery" to="global" reason="failed tenure threshold reached" timestamp="2019-06-14T20:05:51.453"/>
<gc-start id="2335" type="global" contextid="2323" timestamp="2019-06-14T20:05:51.453">
  <mem-info id="2336" free="0" total="14286848" percent="0">
    <mem type="nursery" free="0" total="10354688" percent="0">
      <mem type="allocate" free="0" total="7602176" percent="0" />
      <mem type="survivor" free="0" total="2752512" percent="0" />
    </mem>
    <mem type="tenure" free="0" total="3932160" percent="0">
      <mem type="soa" free="0" total="3932160" percent="0" />
      <mem type="loa" free="0" total="0" percent="0" />
    </mem>
    <remembered-set count="1028" />
  </mem-info>
</gc-start>
<allocation-stats totalBytes="0" >
  <allocated-bytes non-tlh="0" tlh="0" />
</allocation-stats>
<concurrent-halted id="2337" timestamp="2019-06-14T20:05:51.453">
  <halted state="Class scanning incomplete" status="clean trace" />
  <traced bytesTarget="1705516" bytesTotal="1494108" bytesByMutator="38024" bytesByHelper="1456084" percent="87" />
  <cards cleaned="0" thresholdBytes="88411" />
</concurrent-halted>
<gc-op id="2338" type="rs-scan" timems="2.553" contextid="2323" timestamp="2019-06-14T20:05:51.455">
  <scan objectsFound="397" bytesTraced="2194108" workStackOverflowCount="0" />
</gc-op>
<gc-op id="2339" type="card-cleaning" timems="1.631" contextid="2323" timestamp="2019-06-14T20:05:51.457">
  <card-cleaning cardsCleaned="28" bytesTraced="3431304" workStackOverflowCount="0" />
</gc-op>
<gc-op id="2340" type="mark" timems="2.561" contextid="2323" timestamp="2019-06-14T20:05:51.460">
  <trace-info objectcount="6494" scancount="5412" scanbytes="150664" />
  <finalization candidates="57" enqueued="0" />
  <ownableSynchronizers candidates="8" cleared="0" />
  <references type="soft" candidates="102" cleared="4" enqueued="0" dynamicThreshold="0" maxThreshold="32" />
  <references type="weak" candidates="687" cleared="31" enqueued="31" />
  <references type="phantom" candidates="81" cleared="2" enqueued="2" />
  <stringconstants candidates="4988" cleared="0"  />
</gc-op>
<gc-op id="2341" type="classunload" timems="0.002" contextid="2323" timestamp="2019-06-14T20:05:51.460">
  <classunload-info classloadercandidates="10" classloadersunloaded="0" classesunloaded="0" anonymousclassesunloaded="0" quiescems="0.000" setupms="0.002" scanms="0.000" postms="0.000" />
</gc-op>
<gc-op id="2342" type="sweep" timems="0.473" contextid="2323" timestamp="2019-06-14T20:05:51.460" />
<mem-info id="2343" free="1458112" total="14286848" percent="10">
  <mem type="nursery" free="1204968" total="10354688" percent="11">
    <mem type="allocate" free="1204968" total="7602176" percent="15" />
    <mem type="survivor" free="0" total="2752512" percent="0" />
  </mem>
  <mem type="tenure" free="253144" total="3932160" percent="6" micro-fragmented="6153" macro-fragmented="0">
    <mem type="soa" free="253144" total="3932160" percent="6" />
    <mem type="loa" free="0" total="0" percent="0" />
  </mem>
  <pending-finalizers system="0" default="0" reference="33" classloader="0" />
  <remembered-set count="624" />
</mem-info>
<gc-op id="2344" type="compact" timems="33.412" contextid="2323" timestamp="2019-06-14T20:05:51.494">
  <compact-info movecount="173027" movebytes="6777056" reason="compact to aid heap contraction" />
</gc-op>
<heap-resize id="2345" type="contract" space="tenure" amount="196608" count="1" timems="0.069" reason="heap reconfiguration" timestamp="2019-06-14T20:05:51.494" />
<gc-end id="2346" type="global" contextid="2323" durationms="41.852" usertimems="56.000" systemtimems="0.000" timestamp="2019-06-14T20:05:51.495" activeThreads="4">
  <mem-info id="2347" free="1521520" total="14090240" percent="10">
    <mem type="nursery" free="1460504" total="10354688" percent="14">
      <mem type="allocate" free="1460504" total="7602176" percent="19" />
      <mem type="survivor" free="0" total="2752512" percent="0" />
    </mem>
    <mem type="tenure" free="61016" total="3735552" percent="1">
      <mem type="soa" free="61016" total="3735552" percent="1" />
      <mem type="loa" free="0" total="0" percent="0" />
    </mem>
    <pending-finalizers system="0" default="0" reference="33" classloader="0" />
    <remembered-set count="624" />
  </mem-info>
</gc-end>
<cycle-end id="2348" type="global" contextid="2323" timestamp="2019-06-14T20:05:51.495" />
  <attribute name="elasticGC enabled" value="1" />
  <attribute name= "numThreadsSpecified" value="4" />
  <attribute name="heapSize specified" value="14286848" />
  <attribute name="Current GC Util" value="38" />
  <attribute name= "Current Time Running" value="4264" />
  <attribute name ="GC Interval" value="3688" />
  <attribute name="ProportionalT" value="9.000000" />
  <attribute name="ProportionalI" value="9.000000" />
  <attribute name="ProportionalH" value="9.000000" />
  <attribute name="Current Error" value="18.000000" />
  <attribute name="IntegralT" value="612.000000" />
  <attribute name="IntegralI" value="612.000000" />
  <attribute name="IntegralH" value="612.000000" />
  <attribute name="DerivativeT" value="-0.617647" />
  <attribute name="DerivativeI" value="-0.617647" />
  <attribute name="DerivativeH" value="-0.617647" />
  <attribute name="Loop Time for DT" value="34.000000" />
  <attribute name="Output H" value="8388608"/>
  <attribute name="Output I" value="624"/>
  <attribute name="Output T" value="4"/>
  <attribute name="Target GC Util Change" value ="20.000000" />
  <attribute name="Current GC Util Change" value="38.000000"/>
  <attribute name="GC Util currently" value="38" />
  <attribute name="CPU Util currently" value="137354569471" />
<allocation-satisfied id="2349" threadId="00000000017D6C00" bytesRequested="40" />
<af-end id="2350" timestamp="2019-06-14T20:05:51.495" threadId="00000000017D7588" success="true" from="nursery"/>
<exclusive-end id="2351" timestamp="2019-06-14T20:05:51.495" durationms="50.952" />

<concurrent-kickoff id="2352" timestamp="2019-06-14T20:05:51.501">
  <kickoff reason="threshold reached" targetBytes="2439412" thresholdFreeBytes="319236"  remainingFree="308488" tenureFreeBytes="61016" nurseryFreeBytes="308488" />
</concurrent-kickoff>
<exclusive-start id="2353" timestamp="2019-06-14T20:05:51.502" intervalms="57.590">
  <response-info timems="0.184" idlems="0.056" threads="3" lastid="00000000017DA800" lastname="PmdThread 2" />
</exclusive-start>
<cycle-start id="2354" type="global" contextid="0" timestamp="2019-06-14T20:05:51.502" intervalms="61.210" />
<exclusive-end id="2355" timestamp="2019-06-14T20:05:51.502" durationms="0.080" />

<exclusive-start id="2356" timestamp="2019-06-14T20:05:51.504" intervalms="2.108">
  <response-info timems="0.133" idlems="0.072" threads="1" lastid="00000000014CA300" lastname="JIT Compilation Thread-0" />
</exclusive-start>
<af-start id="2357" threadId="00000000017E2D88" totalBytesRequested="24" timestamp="2019-06-14T20:05:51.504" intervalms="59.641" type="nursery" />
<cycle-start id="2358" type="scavenge" contextid="0" timestamp="2019-06-14T20:05:51.504" intervalms="59.630" />
<gc-start id="2359" type="scavenge" contextid="2358" timestamp="2019-06-14T20:05:51.504">
  <mem-info id="2360" free="61016" total="14090240" percent="0">
    <mem type="nursery" free="0" total="10354688" percent="0">
      <mem type="allocate" free="0" total="7602176" percent="0" />
      <mem type="survivor" free="0" total="2752512" percent="0" />
    </mem>
    <mem type="tenure" free="61016" total="3735552" percent="1">
      <mem type="soa" free="61016" total="3735552" percent="1" />
      <mem type="loa" free="0" total="0" percent="0" />
    </mem>
    <remembered-set count="635" />
  </mem-info>
</gc-start>
<allocation-stats totalBytes="1457392" >
  <allocated-bytes non-tlh="74768" tlh="1382624" />
  <largest-consumer threadName="PmdThread 1" threadId="00000000017D6C00" bytes="995064" />
</allocation-stats>
<gc-op id="2361" type="scavenge" timems="8.074" contextid="2358" timestamp="2019-06-14T20:05:51.512">
  <scavenger-info tenureage="2" tenuremask="7ffc" tiltratio="73" />
  <memory-copied type="nursery" objects="65487" bytes="2720536" bytesdiscarded="27496" />
  <memory-copied type="tenure" objects="1263" bytes="59136" bytesdiscarded="0" />
  <copy-failed type="nursery" objects="1" bytes="56" />
  <copy-failed type="tenure" objects="62482" bytes="2446840" />
  <ownableSynchronizers candidates="16" cleared="0" />
  <warning details="aborted collection due to insufficient free space" />
</gc-op>
<gc-end id="2362" type="scavenge" contextid="2358" durationms="8.371" usertimems="12.000" systemtimems="0.000" timestamp="2019-06-14T20:05:51.512" activeThreads="4">
  <mem-info id="2363" free="0" total="14090240" percent="0">
    <mem type="nursery" free="0" total="10354688" percent="0">
      <mem type="allocate" free="0" total="7602176" percent="0" />
      <mem type="survivor" free="0" total="2752512" percent="0" />
    </mem>
    <mem type="tenure" free="0" total="3735552" percent="0">
      <mem type="soa" free="0" total="3735552" percent="0" />
      <mem type="loa" free="0" total="0" percent="0" />
    </mem>
    <remembered-set count="635" />
  </mem-info>
</gc-end>
<cycle-end id="2364" type="scavenge" contextid="2358" timestamp="2019-06-14T20:05:51.513" />
  <attribute name="elasticGC enabled" value="1" />
  <attribute name= "numThreadsSpecified" value="4" />
  <attribute name="heapSize specified" value="14286848" />
  <attribute name="Current GC Util" value="767" />
  <attribute name= "Current Time Running" value="4273" />
  <attribute name ="GC Interval" value="4000" />
  <attribute name="ProportionalT" value="373.500000" />
  <attribute name="ProportionalI" value="373.500000" />
  <attribute name="ProportionalH" value="373.500000" />
  <attribute name="Current Error" value="747.000000" />
  <attribute name="IntegralT" value="6723.000000" />
  <attribute name="IntegralI" value="6723.000000" />
  <attribute name="IntegralH" value="6723.000000" />
  <attribute name="DerivativeT" value="40.500000" />
  <attribute name="DerivativeI" value="40.500000" />
  <attribute name="DerivativeH" value="40.500000" />
  <attribute name="Loop Time for DT" value="9.000000" />
  <attribute name="Output H" value="8388608"/>
  <attribute name="Output I" value="4000"/>
  <attribute name="Output T" value="4"/>
  <attribute name="Target GC Util Change" value ="20.000000" />
  <attribute name="Current GC Util Change" value="767.000000"/>
  <attribute name="GC Util currently" value="767" />
  <attribute name="CPU Util currently" value="465167597940" />
<percolate-collect id="2365" from="nursery" to="global" reason="failed tenure threshold reached" timestamp="2019-06-14T20:05:51.513"/>
<gc-start id="2366" type="global" contextid="2354" timestamp="2019-06-14T20:05:51.513">
  <mem-info id="2367" free="0" total="14090240" percent="0">
    <mem type="nursery" free="0" total="10354688" percent="0">
      <mem type="allocate" free="0" total="7602176" percent="0" />
      <mem type="survivor" free="0" total="2752512" percent="0" />
    </mem>
    <mem type="tenure" free="0" total="3735552" percent="0">
      <mem type="soa" free="0" total="3735552" percent="0" />
      <mem type="loa" free="0" total="0" percent="0" />
    </mem>
    <remembered-set count="635" />
  </mem-info>
</gc-start>
<allocation-stats totalBytes="0" >
  <allocated-bytes non-tlh="0" tlh="0" />
</allocation-stats>
<concurrent-halted id="2368" timestamp="2019-06-14T20:05:51.513">
  <halted state="Class scanning incomplete" status="clean trace" />
  <traced bytesTarget="2439412" bytesTotal="756700" bytesByMutator="470208" bytesByHelper="286492" percent="31" />
  <cards cleaned="14" thresholdBytes="125759" />
</concurrent-halted>
<gc-op id="2369" type="tracing" timems="1.190" contextid="2354" timestamp="2019-06-14T20:05:51.514">
  <trace bytesTraced="573652" workStackOverflowCount="0" />
</gc-op>
<gc-op id="2370" type="rs-scan" timems="3.402" contextid="2354" timestamp="2019-06-14T20:05:51.518">
  <scan objectsFound="466" bytesTraced="2268920" workStackOverflowCount="0" />
</gc-op>
<gc-op id="2371" type="card-cleaning" timems="3.269" contextid="2354" timestamp="2019-06-14T20:05:51.521">
  <card-cleaning cardsCleaned="5" bytesTraced="3627412" workStackOverflowCount="0" />
</gc-op>
<gc-op id="2372" type="mark" timems="5.005" contextid="2354" timestamp="2019-06-14T20:05:51.526">
  <trace-info objectcount="14496" scancount="11951" scanbytes="353988" />
  <finalization candidates="57" enqueued="0" />
  <ownableSynchronizers candidates="8" cleared="0" />
  <references type="soft" candidates="102" cleared="4" enqueued="0" dynamicThreshold="0" maxThreshold="32" />
  <references type="weak" candidates="659" cleared="3" enqueued="3" />
  <references type="phantom" candidates="81" cleared="1" enqueued="1" />
  <stringconstants candidates="4988" cleared="0"  />
</gc-op>
<gc-op id="2373" type="classunload" timems="0.003" contextid="2354" timestamp="2019-06-14T20:05:51.527">
  <classunload-info classloadercandidates="10" classloadersunloaded="0" classesunloaded="0" anonymousclassesunloaded="0" quiescems="0.000" setupms="0.002" scanms="0.000" postms="0.001" />
</gc-op>
<gc-op id="2374" type="sweep" timems="1.507" contextid="2354" timestamp="2019-06-14T20:05:51.528" />
<mem-info id="2375" free="690584" total="14090240" percent="4">
  <mem type="nursery" free="629568" total="10354688" percent="6">
    <mem type="allocate" free="629568" total="7602176" percent="8" />
    <mem type="survivor" free="0" total="2752512" percent="0" />
  </mem>
  <mem type="tenure" free="61016" total="3735552" percent="1" micro-fragmented="1543" macro-fragmented="0">
    <mem type="soa" free="61016" total="3735552" percent="1" />
    <mem type="loa" free="0" total="0" percent="0" />
  </mem>
  <pending-finalizers system="0" default="0" reference="4" classloader="0" />
  <remembered-set count="633" />
</mem-info>
<gc-op id="2376" type="compact" timems="18.974" contextid="2354" timestamp="2019-06-14T20:05:51.548">
  <compact-info movecount="78647" movebytes="3355456" reason="compact to aid heap contraction" />
</gc-op>
<gc-end id="2377" type="global" contextid="2354" durationms="35.324" usertimems="48.000" systemtimems="4.000" timestamp="2019-06-14T20:05:51.548" activeThreads="4">
  <mem-info id="2378" free="1040224" total="14090240" percent="7">
    <mem type="nursery" free="977096" total="10354688" percent="9">
      <mem type="allocate" free="977096" total="7602176" percent="12" />
      <mem type="survivor" free="0" total="2752512" percent="0" />
    </mem>
    <mem type="tenure" free="63128" total="3735552" percent="1">
      <mem type="soa" free="63128" total="3735552" percent="1" />
      <mem type="loa" free="0" total="0" percent="0" />
    </mem>
    <pending-finalizers system="0" default="0" reference="4" classloader="0" />
    <remembered-set count="633" />
  </mem-info>
</gc-end>
<cycle-end id="2379" type="global" contextid="2354" timestamp="2019-06-14T20:05:51.548" />
  <attribute name="elasticGC enabled" value="1" />
  <attribute name= "numThreadsSpecified" value="4" />
  <attribute name="heapSize specified" value="14090240" />
  <attribute name="Current GC Util" value="147" />
  <attribute name= "Current Time Running" value="4317" />
  <attribute name ="GC Interval" value="4000" />
  <attribute name="ProportionalT" value="63.500000" />
  <attribute name="ProportionalI" value="63.500000" />
  <attribute name="ProportionalH" value="63.500000" />
  <attribute name="Current Error" value="127.000000" />
  <attribute name="IntegralT" value="2413.000000" />
  <attribute name="IntegralI" value="2413.000000" />
  <attribute name="IntegralH" value="2413.000000" />
  <attribute name="DerivativeT" value="1.263158" />
  <attribute name="DerivativeI" value="1.263158" />
  <attribute name="DerivativeH" value="1.263158" />
  <attribute name="Loop Time for DT" value="19.000000" />
  <attribute name="Output H" value="8388608"/>
  <attribute name="Output I" value="2480"/>
  <attribute name="Output T" value="4"/>
  <attribute name="Target GC Util Change" value ="20.000000" />
  <attribute name="Current GC Util Change" value="147.000000"/>
  <attribute name="GC Util currently" value="147" />
  <attribute name="CPU Util currently" value="240744801163" />
<allocation-satisfied id="2380" threadId="00000000017E2400" bytesRequested="24" />
<af-end id="2381" timestamp="2019-06-14T20:05:51.549" threadId="00000000017E2D88" success="true" from="nursery"/>
<exclusive-end id="2382" timestamp="2019-06-14T20:05:51.549" durationms="44.981" />

<concurrent-kickoff id="2383" timestamp="2019-06-14T20:05:51.549">
  <kickoff reason="threshold reached" targetBytes="4957764" thresholdFreeBytes="644774"  remainingFree="616624" tenureFreeBytes="63128" nurseryFreeBytes="616624" />
</concurrent-kickoff>
<exclusive-start id="2384" timestamp="2019-06-14T20:05:51.550" intervalms="46.054">
  <response-info timems="0.403" idlems="0.194" threads="3" lastid="00000000017DA800" lastname="PmdThread 2" />
</exclusive-start>
<cycle-start id="2385" type="global" contextid="0" timestamp="2019-06-14T20:05:51.550" intervalms="48.182" />
<exclusive-end id="2386" timestamp="2019-06-14T20:05:51.550" durationms="0.095" />

<exclusive-start id="2387" timestamp="2019-06-14T20:05:51.552" intervalms="2.603">
  <response-info timems="0.027" idlems="0.027" threads="0" lastid="00000000017D6C00" lastname="PmdThread 1" />
</exclusive-start>
<concurrent-collection-start id="2388" timestamp="2019-06-14T20:05:51.553" intervalms="185.922" >
  <concurrent-trace-info reason="card cleaning threshold reached" tracedByMutators="1416040" tracedByHelpers="248156" cardsCleaned="31" workStackOverflowCount="0" />
</concurrent-collection-start>
<gc-start id="2389" type="global" contextid="2385" timestamp="2019-06-14T20:05:51.553">
  <mem-info id="2390" free="196424" total="14090240" percent="1">
    <mem type="nursery" free="133296" total="10354688" percent="1">
      <mem type="allocate" free="133296" total="7602176" percent="1" />
      <mem type="survivor" free="0" total="2752512" percent="0" />
    </mem>
    <mem type="tenure" free="63128" total="3735552" percent="1">
      <mem type="soa" free="63128" total="3735552" percent="1" />
      <mem type="loa" free="0" total="0" percent="0" />
    </mem>
    <remembered-set count="640" />
  </mem-info>
</gc-start>
<allocation-stats totalBytes="842808" >
  <allocated-bytes non-tlh="24" tlh="842784" />
  <largest-consumer threadName="PmdThread 1" threadId="00000000017D6C00" bytes="368536" />
</allocation-stats>
<gc-op id="2391" type="rs-scan" timems="3.607" contextid="2385" timestamp="2019-06-14T20:05:51.556">
  <scan objectsFound="537" bytesTraced="2418420" workStackOverflowCount="0" />
</gc-op>
<gc-op id="2392" type="card-cleaning" timems="1.867" contextid="2385" timestamp="2019-06-14T20:05:51.558">
  <card-cleaning cardsCleaned="9" bytesTraced="3566324" workStackOverflowCount="0" />
</gc-op>
<gc-op id="2393" type="mark" timems="1.444" contextid="2385" timestamp="2019-06-14T20:05:51.560">
  <trace-info objectcount="1576" scancount="1307" scanbytes="44372" />
  <finalization candidates="57" enqueued="0" />
  <ownableSynchronizers candidates="8" cleared="0" />
  <references type="soft" candidates="99" cleared="0" enqueued="0" dynamicThreshold="0" maxThreshold="32" />
  <references type="weak" candidates="660" cleared="1" enqueued="1" />
  <references type="phantom" candidates="82" cleared="1" enqueued="1" />
  <stringconstants candidates="4988" cleared="0"  />
</gc-op>
<gc-op id="2394" type="sweep" timems="0.652" contextid="2385" timestamp="2019-06-14T20:05:51.561" />
<mem-info id="2395" free="788432" total="14090240" percent="5">
  <mem type="nursery" free="725304" total="10354688" percent="7">
    <mem type="allocate" free="725304" total="7602176" percent="9" />
    <mem type="survivor" free="0" total="2752512" percent="0" />
  </mem>
  <mem type="tenure" free="63128" total="3735552" percent="1" micro-fragmented="0" macro-fragmented="0">
    <mem type="soa" free="63128" total="3735552" percent="1" />
    <mem type="loa" free="0" total="0" percent="0" />
  </mem>
  <pending-finalizers system="0" default="0" reference="2" classloader="0" />
  <remembered-set count="640" />
</mem-info>
<gc-op id="2396" type="compact" timems="13.609" contextid="2385" timestamp="2019-06-14T20:05:51.575">
  <compact-info movecount="52499" movebytes="2211368" reason="compact to aid heap contraction" />
</gc-op>
<gc-end id="2397" type="global" contextid="2385" durationms="22.224" usertimems="36.000" systemtimems="4.000" timestamp="2019-06-14T20:05:51.575" activeThreads="4">
  <mem-info id="2398" free="929872" total="14090240" percent="6">
    <mem type="nursery" free="866008" total="10354688" percent="8">
      <mem type="allocate" free="866008" total="7602176" percent="11" />
      <mem type="survivor" free="0" total="2752512" percent="0" />
    </mem>
    <mem type="tenure" free="63864" total="3735552" percent="1">
      <mem type="soa" free="63864" total="3735552" percent="1" />
      <mem type="loa" free="0" total="0" percent="0" />
    </mem>
    <pending-finalizers system="0" default="0" reference="2" classloader="0" />
    <remembered-set count="640" />
  </mem-info>
</gc-end>
<cycle-end id="2399" type="global" contextid="2385" timestamp="2019-06-14T20:05:51.575" />
  <attribute name="elasticGC enabled" value="1" />
  <attribute name= "numThreadsSpecified" value="4" />
  <attribute name="heapSize specified" value="14090240" />
  <attribute name="Current GC Util" value="157" />
  <attribute name= "Current Time Running" value="4344" />
  <attribute name ="GC Interval" value="4000" />
  <attribute name="ProportionalT" value="68.500000" />
  <attribute name="ProportionalI" value="68.500000" />
  <attribute name="ProportionalH" value="68.500000" />
  <attribute name="Current Error" value="137.000000" />
  <attribute name="IntegralT" value="1918.000000" />
  <attribute name="IntegralI" value="1918.000000" />
  <attribute name="IntegralH" value="1918.000000" />
  <attribute name="DerivativeT" value="1.857143" />
  <attribute name="DerivativeI" value="1.857143" />
  <attribute name="DerivativeH" value="1.857143" />
  <attribute name="Loop Time for DT" value="14.000000" />
  <attribute name="Output H" value="8388608"/>
  <attribute name="Output I" value="1992"/>
  <attribute name="Output T" value="4"/>
  <attribute name="Target GC Util Change" value ="20.000000" />
  <attribute name="Current GC Util Change" value="157.000000"/>
  <attribute name="GC Util currently" value="157" />
  <attribute name="CPU Util currently" value="334867787455" />
<concurrent-collection-end id="2400" timestamp="2019-06-14T20:05:51.575" />
<exclusive-end id="2401" timestamp="2019-06-14T20:05:51.575" durationms="22.899" />

<concurrent-kickoff id="2402" timestamp="2019-06-14T20:05:51.576">
  <kickoff reason="threshold reached" targetBytes="4299425" thresholdFreeBytes="556178"  remainingFree="546520" tenureFreeBytes="63496" nurseryFreeBytes="546520" />
</concurrent-kickoff>
<exclusive-start id="2403" timestamp="2019-06-14T20:05:51.576" intervalms="23.690">
  <response-info timems="0.071" idlems="0.071" threads="0" lastid="00000000017E6000" lastname="PmdThread 4" />
</exclusive-start>
<cycle-start id="2404" type="global" contextid="0" timestamp="2019-06-14T20:05:51.576" intervalms="26.354" />
<exclusive-end id="2405" timestamp="2019-06-14T20:05:51.576" durationms="0.226" />

<exclusive-start id="2406" timestamp="2019-06-14T20:05:51.578" intervalms="2.010">
  <response-info timems="0.023" idlems="0.023" threads="0" lastid="00000000017E6000" lastname="PmdThread 4" />
</exclusive-start>
<concurrent-collection-start id="2407" timestamp="2019-06-14T20:05:51.578" intervalms="25.629" >
  <concurrent-trace-info reason="card cleaning threshold reached" tracedByMutators="807044" tracedByHelpers="726636" cardsCleaned="12" workStackOverflowCount="0" />
</concurrent-collection-start>
<gc-start id="2408" type="global" contextid="2404" timestamp="2019-06-14T20:05:51.578">
  <mem-info id="2409" free="257688" total="14090240" percent="1">
    <mem type="nursery" free="194264" total="10354688" percent="1">
      <mem type="allocate" free="194264" total="7602176" percent="2" />
      <mem type="survivor" free="0" total="2752512" percent="0" />
    </mem>
    <mem type="tenure" free="63424" total="3735552" percent="1">
      <mem type="soa" free="63424" total="3735552" percent="1" />
      <mem type="loa" free="0" total="0" percent="0" />
    </mem>
    <remembered-set count="648" />
  </mem-info>
</gc-start>
<allocation-stats totalBytes="671936" >
  <allocated-bytes non-tlh="440" tlh="671496" />
  <largest-consumer threadName="PmdThread 1" threadId="00000000017D6C00" bytes="315248" />
</allocation-stats>
<gc-op id="2410" type="rs-scan" timems="8.059" contextid="2404" timestamp="2019-06-14T20:05:51.586">
  <scan objectsFound="502" bytesTraced="6038004" workStackOverflowCount="0" />
</gc-op>
<gc-op id="2411" type="card-cleaning" timems="0.253" contextid="2404" timestamp="2019-06-14T20:05:51.587">
  <card-cleaning cardsCleaned="3" bytesTraced="2364" workStackOverflowCount="0" />
</gc-op>
<gc-op id="2412" type="mark" timems="1.555" contextid="2404" timestamp="2019-06-14T20:05:51.589">
  <trace-info objectcount="7134" scancount="6093" scanbytes="174908" />
  <finalization candidates="57" enqueued="0" />
  <ownableSynchronizers candidates="8" cleared="0" />
  <references type="soft" candidates="103" cleared="5" enqueued="0" dynamicThreshold="0" maxThreshold="32" />
  <references type="weak" candidates="659" cleared="1" enqueued="1" />
  <references type="phantom" candidates="81" cleared="1" enqueued="1" />
  <stringconstants candidates="4990" cleared="0"  />
</gc-op>
<gc-op id="2413" type="sweep" timems="0.370" contextid="2404" timestamp="2019-06-14T20:05:51.589" />
<mem-info id="2414" free="767896" total="14090240" percent="5">
  <mem type="nursery" free="704472" total="10354688" percent="6">
    <mem type="allocate" free="704472" total="7602176" percent="9" />
    <mem type="survivor" free="0" total="2752512" percent="0" />
  </mem>
  <mem type="tenure" free="63424" total="3735552" percent="1" micro-fragmented="0" macro-fragmented="0">
    <mem type="soa" free="63424" total="3735552" percent="1" />
    <mem type="loa" free="0" total="0" percent="0" />
  </mem>
  <pending-finalizers system="0" default="0" reference="2" classloader="0" />
  <remembered-set count="647" />
</mem-info>
<gc-op id="2415" type="compact" timems="14.190" contextid="2404" timestamp="2019-06-14T20:05:51.604">
  <compact-info movecount="69591" movebytes="3353088" reason="compact to aid heap contraction" />
</gc-op>
<gc-end id="2416" type="global" contextid="2404" durationms="25.659" usertimems="32.000" systemtimems="8.000" timestamp="2019-06-14T20:05:51.604" activeThreads="4">
  <mem-info id="2417" free="863336" total="14090240" percent="6">
    <mem type="nursery" free="799184" total="10354688" percent="7">
      <mem type="allocate" free="799184" total="7602176" percent="10" />
      <mem type="survivor" free="0" total="2752512" percent="0" />
    </mem>
    <mem type="tenure" free="64152" total="3735552" percent="1">
      <mem type="soa" free="64152" total="3735552" percent="1" />
      <mem type="loa" free="0" total="0" percent="0" />
    </mem>
    <pending-finalizers system="0" default="0" reference="2" classloader="0" />
    <remembered-set count="647" />
  </mem-info>
</gc-end>
<cycle-end id="2418" type="global" contextid="2404" timestamp="2019-06-14T20:05:51.604" />
  <attribute name="elasticGC enabled" value="1" />
  <attribute name= "numThreadsSpecified" value="4" />
  <attribute name="heapSize specified" value="14090240" />
  <attribute name="Current GC Util" value="170" />
  <attribute name= "Current Time Running" value="4373" />
  <attribute name ="GC Interval" value="4000" />
  <attribute name="ProportionalT" value="75.000000" />
  <attribute name="ProportionalI" value="75.000000" />
  <attribute name="ProportionalH" value="75.000000" />
  <attribute name="Current Error" value="150.000000" />
  <attribute name="IntegralT" value="2100.000000" />
  <attribute name="IntegralI" value="2100.000000" />
  <attribute name="IntegralH" value="2100.000000" />
  <attribute name="DerivativeT" value="4.750000" />
  <attribute name="DerivativeI" value="4.750000" />
  <attribute name="DerivativeH" value="4.750000" />
  <attribute name="Loop Time for DT" value="14.000000" />
  <attribute name="Output H" value="8388608"/>
  <attribute name="Output I" value="2184"/>
  <attribute name="Output T" value="4"/>
  <attribute name="Target GC Util Change" value ="20.000000" />
  <attribute name="Current GC Util Change" value="170.000000"/>
  <attribute name="GC Util currently" value="170" />
  <attribute name="CPU Util currently" value="319725204952" />
<concurrent-collection-end id="2419" timestamp="2019-06-14T20:05:51.604" />
<exclusive-end id="2420" timestamp="2019-06-14T20:05:51.604" durationms="26.290" />

<concurrent-kickoff id="2421" timestamp="2019-06-14T20:05:51.608">
  <kickoff reason="threshold reached" targetBytes="3745945" thresholdFreeBytes="484844"  remainingFree="463312" tenureFreeBytes="64152" nurseryFreeBytes="463312" />
</concurrent-kickoff>
<exclusive-start id="2422" timestamp="2019-06-14T20:05:51.609" intervalms="30.722">
  <response-info timems="0.762" idlems="0.420" threads="1" lastid="00000000017DA800" lastname="PmdThread 2" />
</exclusive-start>
<cycle-start id="2423" type="global" contextid="0" timestamp="2019-06-14T20:05:51.609" intervalms="32.688" />
<exclusive-end id="2424" timestamp="2019-06-14T20:05:51.609" durationms="0.183" />

<exclusive-start id="2425" timestamp="2019-06-14T20:05:51.615" intervalms="5.810">
  <response-info timems="3.530" idlems="2.360" threads="2" lastid="00000000017DA800" lastname="PmdThread 2" />
</exclusive-start>
<concurrent-collection-start id="2426" timestamp="2019-06-14T20:05:51.615" intervalms="36.558" >
  <concurrent-trace-info reason="card cleaning threshold reached" tracedByMutators="1097776" tracedByHelpers="436496" cardsCleaned="10" workStackOverflowCount="0" />
</concurrent-collection-start>
<gc-start id="2427" type="global" contextid="2423" timestamp="2019-06-14T20:05:51.615">
  <mem-info id="2428" free="64152" total="14090240" percent="0">
    <mem type="nursery" free="0" total="10354688" percent="0">
      <mem type="allocate" free="0" total="7602176" percent="0" />
      <mem type="survivor" free="0" total="2752512" percent="0" />
    </mem>
    <mem type="tenure" free="64152" total="3735552" percent="1">
      <mem type="soa" free="64152" total="3735552" percent="1" />
      <mem type="loa" free="0" total="0" percent="0" />
    </mem>
    <remembered-set count="647" />
  </mem-info>
</gc-start>
<allocation-stats totalBytes="798936" >
  <allocated-bytes non-tlh="0" tlh="798936" />
  <largest-consumer threadName="PmdThread 1" threadId="00000000017D6C00" bytes="315344" />
</allocation-stats>
<gc-op id="2429" type="rs-scan" timems="7.865" contextid="2423" timestamp="2019-06-14T20:05:51.623">
  <scan objectsFound="489" bytesTraced="6100880" workStackOverflowCount="0" />
</gc-op>
<gc-op id="2430" type="card-cleaning" timems="0.323" contextid="2423" timestamp="2019-06-14T20:05:51.623">
  <card-cleaning cardsCleaned="8" bytesTraced="5492" workStackOverflowCount="0" />
</gc-op>
<gc-op id="2431" type="mark" timems="1.549" contextid="2423" timestamp="2019-06-14T20:05:51.625">
  <trace-info objectcount="8120" scancount="7005" scanbytes="210788" />
  <finalization candidates="57" enqueued="0" />
  <ownableSynchronizers candidates="8" cleared="0" />
  <references type="soft" candidates="98" cleared="0" enqueued="0" dynamicThreshold="0" maxThreshold="32" />
  <references type="weak" candidates="665" cleared="6" enqueued="6" />
  <references type="phantom" candidates="81" cleared="0" enqueued="0" />
  <stringconstants candidates="4991" cleared="0"  />
</gc-op>
<gc-op id="2432" type="sweep" timems="0.485" contextid="2423" timestamp="2019-06-14T20:05:51.626" />
<mem-info id="2433" free="615680" total="14090240" percent="4">
  <mem type="nursery" free="551528" total="10354688" percent="5">
    <mem type="allocate" free="551528" total="7602176" percent="7" />
    <mem type="survivor" free="0" total="2752512" percent="0" />
  </mem>
  <mem type="tenure" free="64152" total="3735552" percent="1" micro-fragmented="0" macro-fragmented="0">
    <mem type="soa" free="64152" total="3735552" percent="1" />
    <mem type="loa" free="0" total="0" percent="0" />
  </mem>
  <pending-finalizers system="0" default="0" reference="6" classloader="0" />
  <remembered-set count="647" />
</mem-info>
<gc-op id="2434" type="compact" timems="11.981" contextid="2423" timestamp="2019-06-14T20:05:51.638">
  <compact-info movecount="36592" movebytes="1667520" reason="compact to aid heap contraction" />
</gc-op>
<gc-end id="2435" type="global" contextid="2423" durationms="23.175" usertimems="32.000" systemtimems="0.000" timestamp="2019-06-14T20:05:51.638" activeThreads="4">
  <mem-info id="2436" free="750792" total="14090240" percent="5">
    <mem type="nursery" free="686240" total="10354688" percent="6">
      <mem type="allocate" free="686240" total="7602176" percent="9" />
      <mem type="survivor" free="0" total="2752512" percent="0" />
    </mem>
    <mem type="tenure" free="64552" total="3735552" percent="1">
      <mem type="soa" free="64552" total="3735552" percent="1" />
      <mem type="loa" free="0" total="0" percent="0" />
    </mem>
    <pending-finalizers system="0" default="0" reference="6" classloader="0" />
    <remembered-set count="647" />
  </mem-info>
</gc-end>
<cycle-end id="2437" type="global" contextid="2423" timestamp="2019-06-14T20:05:51.638" />
  <attribute name="elasticGC enabled" value="1" />
  <attribute name= "numThreadsSpecified" value="4" />
  <attribute name="heapSize specified" value="14090240" />
  <attribute name="Current GC Util" value="71" />
  <attribute name= "Current Time Running" value="4407" />
  <attribute name ="GC Interval" value="4000" />
  <attribute name="ProportionalT" value="25.500000" />
  <attribute name="ProportionalI" value="25.500000" />
  <attribute name="ProportionalH" value="25.500000" />
  <attribute name="Current Error" value="51.000000" />
  <attribute name="IntegralT" value="612.000000" />
  <attribute name="IntegralI" value="612.000000" />
  <attribute name="IntegralH" value="612.000000" />
  <attribute name="DerivativeT" value="-0.583333" />
  <attribute name="DerivativeI" value="-0.583333" />
  <attribute name="DerivativeH" value="-0.583333" />
  <attribute name="Loop Time for DT" value="12.000000" />
  <attribute name="Output H" value="8388608"/>
  <attribute name="Output I" value="640"/>
  <attribute name="Output T" value="4"/>
  <attribute name="Target GC Util Change" value ="20.000000" />
  <attribute name="Current GC Util Change" value="71.000000"/>
  <attribute name="GC Util currently" value="71" />
  <attribute name="CPU Util currently" value="381356167580" />
<concurrent-collection-end id="2438" timestamp="2019-06-14T20:05:51.638" />
<exclusive-end id="2439" timestamp="2019-06-14T20:05:51.638" durationms="23.752" />

<concurrent-kickoff id="2440" timestamp="2019-06-14T20:05:51.639">
  <kickoff reason="threshold reached" targetBytes="3303369" thresholdFreeBytes="416099"  remainingFree="379040" tenureFreeBytes="64552" nurseryFreeBytes="379040" />
</concurrent-kickoff>
<exclusive-start id="2441" timestamp="2019-06-14T20:05:51.644" intervalms="28.955">
  <response-info timems="0.027" idlems="0.027" threads="0" lastid="00000000017E6000" lastname="PmdThread 4" />
</exclusive-start>
<af-start id="2442" threadId="00000000017E6988" totalBytesRequested="24" timestamp="2019-06-14T20:05:51.644" intervalms="139.934" type="nursery" />
<cycle-start id="2443" type="scavenge" contextid="0" timestamp="2019-06-14T20:05:51.644" intervalms="140.048" />
<gc-start id="2444" type="scavenge" contextid="2443" timestamp="2019-06-14T20:05:51.644">
  <mem-info id="2445" free="439496" total="14090240" percent="3">
    <mem type="nursery" free="374944" total="10354688" percent="3">
      <mem type="allocate" free="374944" total="7602176" percent="4" />
      <mem type="survivor" free="0" total="2752512" percent="0" />
    </mem>
    <mem type="tenure" free="64552" total="3735552" percent="1">
      <mem type="soa" free="64552" total="3735552" percent="1" />
      <mem type="loa" free="0" total="0" percent="0" />
    </mem>
    <pending-finalizers system="0" default="0" reference="5" classloader="0" />
    <remembered-set count="647" />
  </mem-info>
</gc-start>
<allocation-stats totalBytes="311264" >
  <allocated-bytes non-tlh="0" tlh="311264" />
  <largest-consumer threadName="PmdThread 3" threadId="00000000017E2400" bytes="286688" />
</allocation-stats>
<gc-op id="2446" type="scavenge" timems="7.572" contextid="2443" timestamp="2019-06-14T20:05:51.652">
  <scavenger-info tenureage="2" tenuremask="7ffc" tiltratio="73" />
  <memory-copied type="nursery" objects="67289" bytes="2733952" bytesdiscarded="11568" />
  <memory-copied type="tenure" objects="441" bytes="63912" bytesdiscarded="8" />
  <copy-failed type="nursery" objects="2" bytes="80" />
  <copy-failed type="tenure" objects="60298" bytes="2299832" />
  <ownableSynchronizers candidates="16" cleared="0" />
  <warning details="aborted collection due to insufficient free space" />
</gc-op>
<gc-end id="2447" type="scavenge" contextid="2443" durationms="7.974" usertimems="12.000" systemtimems="0.000" timestamp="2019-06-14T20:05:51.652" activeThreads="4">
  <mem-info id="2448" free="374944" total="14090240" percent="2">
    <mem type="nursery" free="374944" total="10354688" percent="3">
      <mem type="allocate" free="374944" total="7602176" percent="4" />
      <mem type="survivor" free="0" total="2752512" percent="0" />
    </mem>
    <mem type="tenure" free="0" total="3735552" percent="0">
      <mem type="soa" free="0" total="3735552" percent="0" />
      <mem type="loa" free="0" total="0" percent="0" />
    </mem>
    <pending-finalizers system="0" default="0" reference="5" classloader="0" />
    <remembered-set count="647" />
  </mem-info>
</gc-end>
<cycle-end id="2449" type="scavenge" contextid="2443" timestamp="2019-06-14T20:05:51.652" />
  <attribute name="elasticGC enabled" value="1" />
  <attribute name= "numThreadsSpecified" value="4" />
  <attribute name="heapSize specified" value="14090240" />
  <attribute name="Current GC Util" value="320" />
  <attribute name= "Current Time Running" value="4414" />
  <attribute name ="GC Interval" value="2272" />
  <attribute name="ProportionalT" value="150.000000" />
  <attribute name="ProportionalI" value="150.000000" />
  <attribute name="ProportionalH" value="150.000000" />
  <attribute name="Current Error" value="300.000000" />
  <attribute name="IntegralT" value="2100.000000" />
  <attribute name="IntegralI" value="2100.000000" />
  <attribute name="IntegralH" value="2100.000000" />
  <attribute name="DerivativeT" value="17.785714" />
  <attribute name="DerivativeI" value="17.785714" />
  <attribute name="DerivativeH" value="17.785714" />
  <attribute name="Loop Time for DT" value="7.000000" />
  <attribute name="Output H" value="8388608"/>
  <attribute name="Output I" value="2272"/>
  <attribute name="Output T" value="4"/>
  <attribute name="Target GC Util Change" value ="20.000000" />
  <attribute name="Current GC Util Change" value="320.000000"/>
  <attribute name="GC Util currently" value="320" />
  <attribute name="CPU Util currently" value="709441581531" />
<cycle-start id="2450" type="global" contextid="0" timestamp="2019-06-14T20:05:51.652" intervalms="43.478" />
<allocation-satisfied id="2451" threadId="00000000017E6000" bytesRequested="24" />
<af-end id="2452" timestamp="2019-06-14T20:05:51.653" threadId="00000000017E6988" success="true" from="nursery"/>
<exclusive-end id="2453" timestamp="2019-06-14T20:05:51.653" durationms="9.095" />

<exclusive-start id="2454" timestamp="2019-06-14T20:05:51.656" intervalms="12.747">
  <response-info timems="0.398" idlems="0.282" threads="1" lastid="00000000017E6000" lastname="PmdThread 4" />
</exclusive-start>
<concurrent-collection-start id="2455" timestamp="2019-06-14T20:05:51.656" intervalms="41.659" >
  <concurrent-trace-info reason="card cleaning threshold reached" tracedByMutators="137908" tracedByHelpers="1527488" cardsCleaned="20" workStackOverflowCount="0" />
</concurrent-collection-start>
<gc-start id="2456" type="global" contextid="2450" timestamp="2019-06-14T20:05:51.657">
  <mem-info id="2457" free="0" total="14090240" percent="0">
    <mem type="nursery" free="0" total="10354688" percent="0">
      <mem type="allocate" free="0" total="7602176" percent="0" />
      <mem type="survivor" free="0" total="2752512" percent="0" />
    </mem>
    <mem type="tenure" free="0" total="3735552" percent="0">
      <mem type="soa" free="0" total="3735552" percent="0" />
      <mem type="loa" free="0" total="0" percent="0" />
    </mem>
    <remembered-set count="647" />
  </mem-info>
</gc-start>
<allocation-stats totalBytes="374784" >
  <allocated-bytes non-tlh="24" tlh="374760" />
  <largest-consumer threadName="PmdThread 1" threadId="00000000017D6C00" bytes="370664" />
</allocation-stats>
<gc-op id="2458" type="rs-scan" timems="3.309" contextid="2450" timestamp="2019-06-14T20:05:51.660">
  <scan objectsFound="546" bytesTraced="2420332" workStackOverflowCount="0" />
</gc-op>
<gc-op id="2459" type="card-cleaning" timems="2.542" contextid="2450" timestamp="2019-06-14T20:05:51.663">
  <card-cleaning cardsCleaned="5" bytesTraced="3788056" workStackOverflowCount="0" />
</gc-op>
<gc-op id="2460" type="mark" timems="2.013" contextid="2450" timestamp="2019-06-14T20:05:51.665">
  <trace-info objectcount="2825" scancount="2449" scanbytes="86972" />
  <finalization candidates="57" enqueued="0" />
  <ownableSynchronizers candidates="8" cleared="0" />
  <references type="soft" candidates="98" cleared="0" enqueued="0" dynamicThreshold="0" maxThreshold="32" />
  <references type="weak" candidates="659" cleared="0" enqueued="0" />
  <references type="phantom" candidates="80" cleared="0" enqueued="0" />
  <stringconstants candidates="4991" cleared="0"  />
</gc-op>
<gc-op id="2461" type="sweep" timems="0.789" contextid="2450" timestamp="2019-06-14T20:05:51.666" />
<mem-info id="2462" free="529584" total="14090240" percent="3">
  <mem type="nursery" free="465032" total="10354688" percent="4">
    <mem type="allocate" free="465032" total="7602176" percent="6" />
    <mem type="survivor" free="0" total="2752512" percent="0" />
  </mem>
  <mem type="tenure" free="64552" total="3735552" percent="1" micro-fragmented="0" macro-fragmented="0">
    <mem type="soa" free="64552" total="3735552" percent="1" />
    <mem type="loa" free="0" total="0" percent="0" />
  </mem>
  <remembered-set count="647" />
</mem-info>
<gc-op id="2463" type="compact" timems="17.455" contextid="2450" timestamp="2019-06-14T20:05:51.683">
  <compact-info movecount="40831" movebytes="1931704" reason="compact to aid heap contraction" />
</gc-op>
<gc-end id="2464" type="global" contextid="2450" durationms="27.238" usertimems="40.000" systemtimems="0.000" timestamp="2019-06-14T20:05:51.684" activeThreads="4">
  <mem-info id="2465" free="648544" total="14090240" percent="4">
    <mem type="nursery" free="583624" total="10354688" percent="5">
      <mem type="allocate" free="583624" total="7602176" percent="7" />
      <mem type="survivor" free="0" total="2752512" percent="0" />
    </mem>
    <mem type="tenure" free="64920" total="3735552" percent="1">
      <mem type="soa" free="64920" total="3735552" percent="1" />
      <mem type="loa" free="0" total="0" percent="0" />
    </mem>
    <remembered-set count="647" />
  </mem-info>
</gc-end>
<cycle-end id="2466" type="global" contextid="2450" timestamp="2019-06-14T20:05:51.684" />
  <attribute name="elasticGC enabled" value="1" />
  <attribute name= "numThreadsSpecified" value="4" />
  <attribute name="heapSize specified" value="14090240" />
  <attribute name="Current GC Util" value="48" />
  <attribute name= "Current Time Running" value="4453" />
  <attribute name ="GC Interval" value="2272" />
  <attribute name="ProportionalT" value="14.000000" />
  <attribute name="ProportionalI" value="14.000000" />
  <attribute name="ProportionalH" value="14.000000" />
  <attribute name="Current Error" value="28.000000" />
  <attribute name="IntegralT" value="504.000000" />
  <attribute name="IntegralI" value="504.000000" />
  <attribute name="IntegralH" value="504.000000" />
  <attribute name="DerivativeT" value="-0.166667" />
  <attribute name="DerivativeI" value="-0.166667" />
  <attribute name="DerivativeH" value="-0.166667" />
  <attribute name="Loop Time for DT" value="18.000000" />
  <attribute name="Output H" value="8388608"/>
  <attribute name="Output I" value="520"/>
  <attribute name="Output T" value="4"/>
  <attribute name="Target GC Util Change" value ="20.000000" />
  <attribute name="Current GC Util Change" value="48.000000"/>
  <attribute name="GC Util currently" value="48" />
  <attribute name="CPU Util currently" value="261656639926" />
<concurrent-collection-end id="2467" timestamp="2019-06-14T20:05:51.684" />
<exclusive-end id="2468" timestamp="2019-06-14T20:05:51.684" durationms="27.965" />

<exclusive-start id="2469" timestamp="2019-06-14T20:05:51.685" intervalms="28.918">
  <response-info timems="0.641" idlems="0.403" threads="1" lastid="00000000017D6C00" lastname="PmdThread 1" />
</exclusive-start>
<af-start id="2470" threadId="00000000017E2D88" totalBytesRequested="24" timestamp="2019-06-14T20:05:51.685" intervalms="41.654" type="nursery" />
<cycle-start id="2471" type="scavenge" contextid="0" timestamp="2019-06-14T20:05:51.686" intervalms="41.637" />
<gc-start id="2472" type="scavenge" contextid="2471" timestamp="2019-06-14T20:05:51.686">
  <mem-info id="2473" free="636248" total="14090240" percent="4">
    <mem type="nursery" free="571328" total="10354688" percent="5">
      <mem type="allocate" free="571328" total="7602176" percent="7" />
      <mem type="survivor" free="0" total="2752512" percent="0" />
    </mem>
    <mem type="tenure" free="64920" total="3735552" percent="1">
      <mem type="soa" free="64920" total="3735552" percent="1" />
      <mem type="loa" free="0" total="0" percent="0" />
    </mem>
    <remembered-set count="647" />
  </mem-info>
</gc-start>
<allocation-stats totalBytes="12296" >
  <allocated-bytes non-tlh="8200" tlh="4096" />
  <largest-consumer threadName="PmdThread 4" threadId="00000000017E6000" bytes="12296" />
</allocation-stats>
<gc-op id="2474" type="scavenge" timems="7.647" contextid="2471" timestamp="2019-06-14T20:05:51.694">
  <scavenger-info tenureage="2" tenuremask="7ffc" tiltratio="73" />
  <memory-copied type="nursery" objects="64719" bytes="2745112" bytesdiscarded="1152" />
  <memory-copied type="tenure" objects="708" bytes="62728" bytesdiscarded="232" />
  <copy-failed type="nursery" objects="1" bytes="56" />
  <copy-failed type="tenure" objects="59474" bytes="2447112" />
  <ownableSynchronizers candidates="16" cleared="0" />
  <warning details="aborted collection due to insufficient free space" />
</gc-op>
<gc-end id="2475" type="scavenge" contextid="2471" durationms="8.125" usertimems="12.000" systemtimems="0.000" timestamp="2019-06-14T20:05:51.694" activeThreads="4">
  <mem-info id="2476" free="571328" total="14090240" percent="4">
    <mem type="nursery" free="571328" total="10354688" percent="5">
      <mem type="allocate" free="571328" total="7602176" percent="7" />
      <mem type="survivor" free="0" total="2752512" percent="0" />
    </mem>
    <mem type="tenure" free="0" total="3735552" percent="0">
      <mem type="soa" free="0" total="3735552" percent="0" />
      <mem type="loa" free="0" total="0" percent="0" />
    </mem>
    <remembered-set count="647" />
  </mem-info>
</gc-end>
<cycle-end id="2477" type="scavenge" contextid="2471" timestamp="2019-06-14T20:05:51.694" />
  <attribute name="elasticGC enabled" value="1" />
  <attribute name= "numThreadsSpecified" value="4" />
  <attribute name="heapSize specified" value="14090240" />
  <attribute name="Current GC Util" value="950" />
  <attribute name= "Current Time Running" value="4455" />
  <attribute name ="GC Interval" value="2552" />
  <attribute name="ProportionalT" value="465.000000" />
  <attribute name="ProportionalI" value="465.000000" />
  <attribute name="ProportionalH" value="465.000000" />
  <attribute name="Current Error" value="930.000000" />
  <attribute name="IntegralT" value="1860.000000" />
  <attribute name="IntegralI" value="1860.000000" />
  <attribute name="IntegralH" value="1860.000000" />
  <attribute name="DerivativeT" value="225.500000" />
  <attribute name="DerivativeI" value="225.500000" />
  <attribute name="DerivativeH" value="225.500000" />
  <attribute name="Loop Time for DT" value="2.000000" />
  <attribute name="Output H" value="8388608"/>
  <attribute name="Output I" value="2552"/>
  <attribute name="Output T" value="4"/>
  <attribute name="Target GC Util Change" value ="20.000000" />
  <attribute name="Current GC Util Change" value="950.000000"/>
  <attribute name="GC Util currently" value="950" />
  <attribute name="CPU Util currently" value="1850900079404" />
<allocation-satisfied id="2478" threadId="00000000017E2400" bytesRequested="24" />
<af-end id="2479" timestamp="2019-06-14T20:05:51.694" threadId="00000000017E2D88" success="true" from="nursery"/>
<exclusive-end id="2480" timestamp="2019-06-14T20:05:51.694" durationms="8.992" />

<exclusive-start id="2481" timestamp="2019-06-14T20:05:51.695" intervalms="9.888">
  <response-info timems="0.242" idlems="0.214" threads="1" lastid="00000000017E2400" lastname="PmdThread 3" />
</exclusive-start>
<af-start id="2482" threadId="00000000017E6988" totalBytesRequested="88" timestamp="2019-06-14T20:05:51.695" intervalms="9.808" type="tenure" />
<cycle-start id="2483" type="global" contextid="0" timestamp="2019-06-14T20:05:51.695" intervalms="42.880" />
<gc-start id="2484" type="global" contextid="2483" timestamp="2019-06-14T20:05:51.695">
  <mem-info id="2485" free="522152" total="14090240" percent="3">
    <mem type="nursery" free="522152" total="10354688" percent="5">
      <mem type="allocate" free="522152" total="7602176" percent="6" />
      <mem type="survivor" free="0" total="2752512" percent="0" />
    </mem>
    <mem type="tenure" free="0" total="3735552" percent="0">
      <mem type="soa" free="0" total="3735552" percent="0" />
      <mem type="loa" free="0" total="0" percent="0" />
    </mem>
    <remembered-set count="647" />
  </mem-info>
</gc-start>
<allocation-stats totalBytes="49160" >
  <allocated-bytes non-tlh="24" tlh="49136" />
  <largest-consumer threadName="PmdThread 3" threadId="00000000017E2400" bytes="36872" />
</allocation-stats>
<gc-op id="2486" type="mark" timems="6.949" contextid="2483" timestamp="2019-06-14T20:05:51.702">
  <trace-info objectcount="250939" scancount="228182" scanbytes="7901672" />
  <finalization candidates="57" enqueued="0" />
  <ownableSynchronizers candidates="8" cleared="0" />
  <references type="soft" candidates="99" cleared="0" enqueued="0" dynamicThreshold="0" maxThreshold="32" />
  <references type="weak" candidates="659" cleared="1" enqueued="1" />
  <references type="phantom" candidates="80" cleared="1" enqueued="1" />
  <stringconstants candidates="4991" cleared="0"  />
</gc-op>
<gc-op id="2487" type="sweep" timems="1.082" contextid="2483" timestamp="2019-06-14T20:05:51.704" />
<mem-info id="2488" free="644520" total="14090240" percent="4">
  <mem type="nursery" free="579600" total="10354688" percent="5">
    <mem type="allocate" free="579600" total="7602176" percent="7" />
    <mem type="survivor" free="0" total="2752512" percent="0" />
  </mem>
  <mem type="tenure" free="64920" total="3735552" percent="1" micro-fragmented="0" macro-fragmented="0">
    <mem type="soa" free="64920" total="3735552" percent="1" />
    <mem type="loa" free="0" total="0" percent="0" />
  </mem>
  <pending-finalizers system="0" default="0" reference="2" classloader="0" />
  <remembered-set count="647" />
</mem-info>
<gc-op id="2489" type="compact" timems="14.887" contextid="2483" timestamp="2019-06-14T20:05:51.719">
  <compact-info movecount="30281" movebytes="1344304" reason="compact to aid heap contraction" />
</gc-op>
<heap-resize id="2490" type="contract" space="tenure" amount="65536" count="1" timems="0.105" reason="heap reconfiguration" timestamp="2019-06-14T20:05:51.719" />
<gc-end id="2491" type="global" contextid="2483" durationms="23.984" usertimems="32.000" systemtimems="8.000" timestamp="2019-06-14T20:05:51.719" activeThreads="4">
  <mem-info id="2492" free="581720" total="14024704" percent="4">
    <mem type="nursery" free="581720" total="10354688" percent="5">
      <mem type="allocate" free="581720" total="7602176" percent="7" />
      <mem type="survivor" free="0" total="2752512" percent="0" />
    </mem>
    <mem type="tenure" free="0" total="3670016" percent="0">
      <mem type="soa" free="0" total="3670016" percent="0" />
      <mem type="loa" free="0" total="0" percent="0" />
    </mem>
    <pending-finalizers system="0" default="0" reference="2" classloader="0" />
    <remembered-set count="647" />
  </mem-info>
</gc-end>
<cycle-end id="2493" type="global" contextid="2483" timestamp="2019-06-14T20:05:51.720" />
  <attribute name="elasticGC enabled" value="1" />
  <attribute name= "numThreadsSpecified" value="4" />
  <attribute name="heapSize specified" value="14090240" />
  <attribute name="Current GC Util" value="59" />
  <attribute name= "Current Time Running" value="4488" />
  <attribute name ="GC Interval" value="2552" />
  <attribute name="ProportionalT" value="19.500000" />
  <attribute name="ProportionalI" value="19.500000" />
  <attribute name="ProportionalH" value="19.500000" />
  <attribute name="Current Error" value="39.000000" />
  <attribute name="IntegralT" value="585.000000" />
  <attribute name="IntegralI" value="585.000000" />
  <attribute name="IntegralH" value="585.000000" />
  <attribute name="DerivativeT" value="-0.266667" />
  <attribute name="DerivativeI" value="-0.266667" />
  <attribute name="DerivativeH" value="-0.266667" />
  <attribute name="Loop Time for DT" value="15.000000" />
  <attribute name="Output H" value="8388608"/>
  <attribute name="Output I" value="608"/>
  <attribute name="Output T" value="4"/>
  <attribute name="Target GC Util Change" value ="20.000000" />
  <attribute name="Current GC Util Change" value="59.000000"/>
  <attribute name="GC Util currently" value="59" />
  <attribute name="CPU Util currently" value="306099282852" />
<cycle-start id="2494" type="global" contextid="0" timestamp="2019-06-14T20:05:51.720" intervalms="24.342" />
<gc-start id="2495" type="global" contextid="2494" timestamp="2019-06-14T20:05:51.720">
  <mem-info id="2496" free="581720" total="14024704" percent="4">
    <mem type="nursery" free="581720" total="10354688" percent="5">
      <mem type="allocate" free="581720" total="7602176" percent="7" />
      <mem type="survivor" free="0" total="2752512" percent="0" />
    </mem>
    <mem type="tenure" free="0" total="3670016" percent="0">
      <mem type="soa" free="0" total="3670016" percent="0" />
      <mem type="loa" free="0" total="0" percent="0" />
    </mem>
    <pending-finalizers system="0" default="0" reference="2" classloader="0" />
    <remembered-set count="647" />
  </mem-info>
</gc-start>
<allocation-stats totalBytes="0" >
  <allocated-bytes non-tlh="0" tlh="0" />
</allocation-stats>
<gc-op id="2497" type="mark" timems="7.937" contextid="2494" timestamp="2019-06-14T20:05:51.728">
  <trace-info objectcount="250939" scancount="228187" scanbytes="7901672" />
  <finalization candidates="57" enqueued="0" />
  <ownableSynchronizers candidates="8" cleared="0" />
  <references type="soft" candidates="99" cleared="0" enqueued="0" dynamicThreshold="0" maxThreshold="32" />
  <references type="weak" candidates="658" cleared="0" enqueued="0" />
  <references type="phantom" candidates="79" cleared="0" enqueued="0" />
  <stringconstants candidates="4991" cleared="0"  />
</gc-op>
<gc-op id="2498" type="classunload" timems="0.002" contextid="2494" timestamp="2019-06-14T20:05:51.728">
  <classunload-info classloadercandidates="10" classloadersunloaded="0" classesunloaded="0" anonymousclassesunloaded="0" quiescems="0.000" setupms="0.002" scanms="0.000" postms="0.000" />
</gc-op>
<gc-op id="2499" type="sweep" timems="1.018" contextid="2494" timestamp="2019-06-14T20:05:51.729" />
<mem-info id="2500" free="581720" total="14024704" percent="4">
  <mem type="nursery" free="581720" total="10354688" percent="5">
    <mem type="allocate" free="581720" total="7602176" percent="7" />
    <mem type="survivor" free="0" total="2752512" percent="0" />
  </mem>
  <mem type="tenure" free="0" total="3670016" percent="0" micro-fragmented="0" macro-fragmented="0">
    <mem type="soa" free="0" total="3670016" percent="0" />
    <mem type="loa" free="0" total="0" percent="0" />
  </mem>
  <pending-finalizers system="0" default="0" reference="2" classloader="0" />
  <remembered-set count="647" />
</mem-info>
<gc-op id="2501" type="compact" timems="12.499" contextid="2494" timestamp="2019-06-14T20:05:51.742">
  <compact-info movecount="0" movebytes="0" reason="compact to aid heap contraction" />
</gc-op>
<gc-end id="2502" type="global" contextid="2494" durationms="22.384" usertimems="24.000" systemtimems="4.000" timestamp="2019-06-14T20:05:51.742" activeThreads="1">
  <mem-info id="2503" free="581720" total="14024704" percent="4">
    <mem type="nursery" free="581720" total="10354688" percent="5">
      <mem type="allocate" free="581720" total="7602176" percent="7" />
      <mem type="survivor" free="0" total="2752512" percent="0" />
    </mem>
    <mem type="tenure" free="0" total="3670016" percent="0">
      <mem type="soa" free="0" total="3670016" percent="0" />
      <mem type="loa" free="0" total="0" percent="0" />
    </mem>
    <pending-finalizers system="0" default="0" reference="2" classloader="0" />
    <remembered-set count="647" />
  </mem-info>
</gc-end>
<cycle-end id="2504" type="global" contextid="2494" timestamp="2019-06-14T20:05:51.742" />
  <attribute name="elasticGC enabled" value="1" />
  <attribute name= "numThreadsSpecified" value="1" />
  <attribute name="heapSize specified" value="14024704" />
  <attribute name="Current GC Util" value="20" />
  <attribute name= "Current Time Running" value="4511" />
  <attribute name ="GC Interval" value="2552" />
  <attribute name="ProportionalT" value="0.000000" />
  <attribute name="ProportionalI" value="0.000000" />
  <attribute name="ProportionalH" value="0.000000" />
  <attribute name="Current Error" value="0.000000" />
  <attribute name="IntegralT" value="0.000000" />
  <attribute name="IntegralI" value="0.000000" />
  <attribute name="IntegralH" value="0.000000" />
  <attribute name="DerivativeT" value="-2.083333" />
  <attribute name="DerivativeI" value="-2.083333" />
  <attribute name="DerivativeH" value="-2.083333" />
  <attribute name="Loop Time for DT" value="12.000000" />
  <attribute name="Output H" value="8388608"/>
  <attribute name="Output I" value="200"/>
  <attribute name="Output T" value="1"/>
  <attribute name="Target GC Util Change" value ="20.000000" />
  <attribute name="Current GC Util Change" value="20.000000"/>
  <attribute name="GC Util currently" value="20" />
  <attribute name="CPU Util currently" value="364542952303" />
<allocation-unsatisfied id="2505" threadId="00000000017E6000" bytesRequested="88" />
<af-end id="2506" timestamp="2019-06-14T20:05:51.743" threadId="00000000017E6988" success="false" />
<exclusive-end id="2507" timestamp="2019-06-14T20:05:51.743" durationms="47.559" />

<concurrent-kickoff id="2508" timestamp="2019-06-14T20:05:51.749">
  <kickoff reason="threshold reached" targetBytes="2071114" thresholdFreeBytes="259120"  remainingFree="233560" tenureFreeBytes="0" nurseryFreeBytes="233560" />
</concurrent-kickoff>
<exclusive-start id="2509" timestamp="2019-06-14T20:05:51.752" intervalms="56.885">
  <response-info timems="2.542" idlems="1.725" threads="2" lastid="00000000017E6000" lastname="PmdThread 4" />
</exclusive-start>
<cycle-start id="2510" type="global" contextid="0" timestamp="2019-06-14T20:05:51.752" intervalms="32.485" />
<exclusive-end id="2511" timestamp="2019-06-14T20:05:51.752" durationms="0.101" />

<exclusive-start id="2512" timestamp="2019-06-14T20:05:56.348" intervalms="4595.743">
  <response-info timems="4.467" idlems="2.269" threads="1" lastid="00000000014C6700" lastname="main" />
</exclusive-start>
<af-start id="2513" threadId="00000000017D7588" totalBytesRequested="64" timestamp="2019-06-14T20:05:56.348" intervalms="4652.772" type="nursery" />
<percolate-collect id="2514" from="nursery" to="global" reason="concurrent mark exhausted" timestamp="2019-06-14T20:05:56.348"/>
<gc-start id="2515" type="global" contextid="2510" timestamp="2019-06-14T20:05:56.348">
  <mem-info id="2516" free="0" total="14024704" percent="0">
    <mem type="nursery" free="0" total="10354688" percent="0">
      <mem type="allocate" free="0" total="7602176" percent="0" />
      <mem type="survivor" free="0" total="2752512" percent="0" />
    </mem>
    <mem type="tenure" free="0" total="3670016" percent="0">
      <mem type="soa" free="0" total="3670016" percent="0" />
      <mem type="loa" free="0" total="0" percent="0" />
    </mem>
    <remembered-set count="648" />
  </mem-info>
</gc-start>
<allocation-stats totalBytes="581520" >
  <allocated-bytes non-tlh="0" tlh="581520" />
  <largest-consumer threadName="PmdThread 3" threadId="00000000017E2400" bytes="163896" />
</allocation-stats>
<concurrent-halted id="2517" timestamp="2019-06-14T20:05:56.349">
  <halted state="Complete" status="exhausted" />
  <traced bytesTarget="2071114" bytesTotal="1527724" bytesByMutator="1527724" bytesByHelper="0" percent="73" />
  <cards cleaned="11" thresholdBytes="102077" />
</concurrent-halted>
<gc-op id="2518" type="rs-scan" timems="3.286" contextid="2510" timestamp="2019-06-14T20:05:56.352">
  <scan objectsFound="463" bytesTraced="2422184" workStackOverflowCount="0" />
</gc-op>
<gc-op id="2519" type="card-cleaning" timems="0.146" contextid="2510" timestamp="2019-06-14T20:05:56.352">
  <card-cleaning cardsCleaned="5" bytesTraced="1064" workStackOverflowCount="0" />
</gc-op>
<gc-op id="2520" type="mark" timems="2.926" contextid="2510" timestamp="2019-06-14T20:05:56.355">
  <trace-info objectcount="119167" scancount="110580" scanbytes="4012820" />
  <finalization candidates="57" enqueued="0" />
  <ownableSynchronizers candidates="8" cleared="0" />
  <references type="soft" candidates="99" cleared="0" enqueued="0" dynamicThreshold="0" maxThreshold="32" />
  <references type="weak" candidates="658" cleared="0" enqueued="0" />
  <references type="phantom" candidates="79" cleared="0" enqueued="0" />
  <stringconstants candidates="4991" cleared="0"  />
</gc-op>
<gc-op id="2521" type="sweep" timems="0.372" contextid="2510" timestamp="2019-06-14T20:05:56.356" />
<mem-info id="2522" free="530880" total="14024704" percent="3">
  <mem type="nursery" free="530880" total="10354688" percent="5">
    <mem type="allocate" free="530880" total="7602176" percent="6" />
    <mem type="survivor" free="0" total="2752512" percent="0" />
  </mem>
  <mem type="tenure" free="0" total="3670016" percent="0" micro-fragmented="0" macro-fragmented="0">
    <mem type="soa" free="0" total="3670016" percent="0" />
    <mem type="loa" free="0" total="0" percent="0" />
  </mem>
  <remembered-set count="648" />
</mem-info>
<gc-op id="2523" type="compact" timems="24.790" contextid="2510" timestamp="2019-06-14T20:05:56.381">
  <compact-info movecount="65284" movebytes="2847696" reason="compact to aid heap contraction" />
</gc-op>
<gc-end id="2524" type="global" contextid="2510" durationms="33.183" usertimems="32.000" systemtimems="8.000" timestamp="2019-06-14T20:05:56.382" activeThreads="4">
  <mem-info id="2525" free="563632" total="14024704" percent="4">
    <mem type="nursery" free="563632" total="10354688" percent="5">
      <mem type="allocate" free="563632" total="7602176" percent="7" />
      <mem type="survivor" free="0" total="2752512" percent="0" />
    </mem>
    <mem type="tenure" free="0" total="3670016" percent="0">
      <mem type="soa" free="0" total="3670016" percent="0" />
      <mem type="loa" free="0" total="0" percent="0" />
    </mem>
    <remembered-set count="648" />
  </mem-info>
</gc-end>
<cycle-end id="2526" type="global" contextid="2510" timestamp="2019-06-14T20:05:56.382" />
  <attribute name="elasticGC enabled" value="1" />
  <attribute name= "numThreadsSpecified" value="4" />
  <attribute name="heapSize specified" value="14024704" />
  <attribute name="Current GC Util" value="39" />
  <attribute name= "Current Time Running" value="9151" />
  <attribute name ="GC Interval" value="2552" />
  <attribute name="ProportionalT" value="9.500000" />
  <attribute name="ProportionalI" value="9.500000" />
  <attribute name="ProportionalH" value="9.500000" />
  <attribute name="Current Error" value="19.000000" />
  <attribute name="IntegralT" value="475.000000" />
  <attribute name="IntegralI" value="475.000000" />
  <attribute name="IntegralH" value="475.000000" />
  <attribute name="DerivativeT" value="0.160000" />
  <attribute name="DerivativeI" value="0.160000" />
  <attribute name="DerivativeH" value="0.160000" />
  <attribute name="Loop Time for DT" value="25.000000" />
  <attribute name="Output H" value="8388608"/>
  <attribute name="Output I" value="488"/>
  <attribute name="Output T" value="4"/>
  <attribute name="Target GC Util Change" value ="20.000000" />
  <attribute name="Current GC Util Change" value="39.000000"/>
  <attribute name="GC Util currently" value="39" />
  <attribute name="CPU Util currently" value="184426422683" />
<allocation-satisfied id="2527" threadId="00000000017D6C00" bytesRequested="64" />
<af-end id="2528" timestamp="2019-06-14T20:05:56.382" threadId="00000000017D7588" success="true" from="nursery"/>
<exclusive-end id="2529" timestamp="2019-06-14T20:05:56.383" durationms="34.672" />

<concurrent-kickoff id="2530" timestamp="2019-06-14T20:05:56.490">
  <kickoff reason="threshold reached" targetBytes="1961398" thresholdFreeBytes="249964"  remainingFree="207216" tenureFreeBytes="0" nurseryFreeBytes="207216" />
</concurrent-kickoff>
<exclusive-start id="2531" timestamp="2019-06-14T20:05:56.491" intervalms="143.462">
  <response-info timems="1.195" idlems="0.728" threads="1" lastid="00000000017E6000" lastname="PmdThread 4" />
</exclusive-start>
<cycle-start id="2532" type="global" contextid="0" timestamp="2019-06-14T20:05:56.491" intervalms="4739.215" />
<exclusive-end id="2533" timestamp="2019-06-14T20:05:56.491" durationms="0.121" />

<exclusive-start id="2534" timestamp="2019-06-14T20:05:56.515" intervalms="23.940">
  <response-info timems="0.117" idlems="0.084" threads="2" lastid="00000000017E2400" lastname="PmdThread 3" />
</exclusive-start>
<af-start id="2535" threadId="00000000017DB188" totalBytesRequested="32" timestamp="2019-06-14T20:05:56.515" intervalms="167.276" type="nursery" />
<cycle-start id="2536" type="scavenge" contextid="0" timestamp="2019-06-14T20:05:56.515" intervalms="4829.744" />
<gc-start id="2537" type="scavenge" contextid="2536" timestamp="2019-06-14T20:05:56.515">
  <mem-info id="2538" free="0" total="14024704" percent="0">
    <mem type="nursery" free="0" total="10354688" percent="0">
      <mem type="allocate" free="0" total="7602176" percent="0" />
      <mem type="survivor" free="0" total="2752512" percent="0" />
    </mem>
    <mem type="tenure" free="0" total="3670016" percent="0">
      <mem type="soa" free="0" total="3670016" percent="0" />
      <mem type="loa" free="0" total="0" percent="0" />
    </mem>
    <remembered-set count="648" />
  </mem-info>
</gc-start>
<allocation-stats totalBytes="563488" >
  <allocated-bytes non-tlh="64" tlh="563424" />
  <largest-consumer threadName="PmdThread 1" threadId="00000000017D6C00" bytes="522464" />
</allocation-stats>
<gc-op id="2539" type="scavenge" timems="7.532" contextid="2536" timestamp="2019-06-14T20:05:56.523">
  <scavenger-info tenureage="2" tenuremask="7ffc" tiltratio="73" />
  <memory-copied type="nursery" objects="62378" bytes="2589808" bytesdiscarded="153792" />
  <copy-failed type="nursery" objects="1" bytes="56" />
  <copy-failed type="tenure" objects="60768" bytes="2399216" />
  <ownableSynchronizers candidates="16" cleared="0" />
  <warning details="aborted collection due to insufficient free space" />
</gc-op>
<gc-end id="2540" type="scavenge" contextid="2536" durationms="7.787" usertimems="4.000" systemtimems="8.000" timestamp="2019-06-14T20:05:56.523" activeThreads="4">
  <mem-info id="2541" free="0" total="14024704" percent="0">
    <mem type="nursery" free="0" total="10354688" percent="0">
      <mem type="allocate" free="0" total="7602176" percent="0" />
      <mem type="survivor" free="0" total="2752512" percent="0" />
    </mem>
    <mem type="tenure" free="0" total="3670016" percent="0">
      <mem type="soa" free="0" total="3670016" percent="0" />
      <mem type="loa" free="0" total="0" percent="0" />
    </mem>
    <remembered-set count="648" />
  </mem-info>
</gc-end>
<cycle-end id="2542" type="scavenge" contextid="2536" timestamp="2019-06-14T20:05:56.523" />
  <attribute name="elasticGC enabled" value="1" />
  <attribute name= "numThreadsSpecified" value="4" />
  <attribute name="heapSize specified" value="14024704" />
  <attribute name="Current GC Util" value="44" />
  <attribute name= "Current Time Running" value="9285" />
  <attribute name ="GC Interval" value="3232" />
  <attribute name="ProportionalT" value="12.000000" />
  <attribute name="ProportionalI" value="12.000000" />
  <attribute name="ProportionalH" value="12.000000" />
  <attribute name="Current Error" value="24.000000" />
  <attribute name="IntegralT" value="3216.000000" />
  <attribute name="IntegralI" value="3216.000000" />
  <attribute name="IntegralH" value="3216.000000" />
  <attribute name="DerivativeT" value="0.018657" />
  <attribute name="DerivativeI" value="0.018657" />
  <attribute name="DerivativeH" value="0.018657" />
  <attribute name="Loop Time for DT" value="134.000000" />
  <attribute name="Output H" value="8388608"/>
  <attribute name="Output I" value="3232"/>
  <attribute name="Output T" value="4"/>
  <attribute name="Target GC Util Change" value ="20.000000" />
  <attribute name="Current GC Util Change" value="44.000000"/>
  <attribute name="GC Util currently" value="44" />
  <attribute name="CPU Util currently" value="34369248542" />
<percolate-collect id="2543" from="nursery" to="global" reason="failed tenure threshold reached" timestamp="2019-06-14T20:05:56.523"/>
<gc-start id="2544" type="global" contextid="2532" timestamp="2019-06-14T20:05:56.524">
  <mem-info id="2545" free="0" total="14024704" percent="0">
    <mem type="nursery" free="0" total="10354688" percent="0">
      <mem type="allocate" free="0" total="7602176" percent="0" />
      <mem type="survivor" free="0" total="2752512" percent="0" />
    </mem>
    <mem type="tenure" free="0" total="3670016" percent="0">
      <mem type="soa" free="0" total="3670016" percent="0" />
      <mem type="loa" free="0" total="0" percent="0" />
    </mem>
    <remembered-set count="648" />
  </mem-info>
</gc-start>
<allocation-stats totalBytes="0" >
  <allocated-bytes non-tlh="0" tlh="0" />
</allocation-stats>
<concurrent-halted id="2546" timestamp="2019-06-14T20:05:56.524">
  <halted state="Tracing incomplete" status="clean trace" />
  <traced bytesTarget="1961398" bytesTotal="890628" bytesByMutator="890628" bytesByHelper="0" percent="45" />
  <cards cleaned="0" thresholdBytes="98470" />
</concurrent-halted>
<gc-op id="2547" type="tracing" timems="0.151" contextid="2532" timestamp="2019-06-14T20:05:56.524">
  <trace bytesTraced="59832" workStackOverflowCount="0" />
</gc-op>
<gc-op id="2548" type="rs-scan" timems="2.661" contextid="2532" timestamp="2019-06-14T20:05:56.527">
  <scan objectsFound="378" bytesTraced="2254888" workStackOverflowCount="0" />
</gc-op>
<gc-op id="2549" type="card-cleaning" timems="0.282" contextid="2532" timestamp="2019-06-14T20:05:56.527">
  <card-cleaning cardsCleaned="10" bytesTraced="233392" workStackOverflowCount="0" />
</gc-op>
<gc-op id="2550" type="mark" timems="2.977" contextid="2532" timestamp="2019-06-14T20:05:56.530">
  <trace-info objectcount="143389" scancount="129551" scanbytes="4647444" />
  <finalization candidates="57" enqueued="0" />
  <ownableSynchronizers candidates="8" cleared="0" />
  <references type="soft" candidates="99" cleared="1" enqueued="0" dynamicThreshold="0" maxThreshold="32" />
  <references type="weak" candidates="658" cleared="0" enqueued="0" />
  <references type="phantom" candidates="79" cleared="0" enqueued="0" />
  <stringconstants candidates="4991" cleared="0"  />
</gc-op>
<gc-op id="2551" type="classunload" timems="0.002" contextid="2532" timestamp="2019-06-14T20:05:56.530">
  <classunload-info classloadercandidates="10" classloadersunloaded="0" classesunloaded="0" anonymousclassesunloaded="0" quiescems="0.000" setupms="0.002" scanms="0.000" postms="0.000" />
</gc-op>
<gc-op id="2552" type="sweep" timems="0.407" contextid="2532" timestamp="2019-06-14T20:05:56.531" />
<mem-info id="2553" free="267472" total="14024704" percent="1">
  <mem type="nursery" free="267472" total="10354688" percent="2">
    <mem type="allocate" free="267472" total="7602176" percent="3" />
    <mem type="survivor" free="0" total="2752512" percent="0" />
  </mem>
  <mem type="tenure" free="0" total="3670016" percent="0" micro-fragmented="13867" macro-fragmented="0">
    <mem type="soa" free="0" total="3670016" percent="0" />
    <mem type="loa" free="0" total="0" percent="0" />
  </mem>
  <remembered-set count="647" />
</mem-info>
<gc-op id="2554" type="compact" timems="12.917" contextid="2532" timestamp="2019-06-14T20:05:56.544">
  <compact-info movecount="29043" movebytes="1296184" reason="compact to aid heap contraction" />
</gc-op>
<gc-end id="2555" type="global" contextid="2532" durationms="20.707" usertimems="32.000" systemtimems="0.000" timestamp="2019-06-14T20:05:56.544" activeThreads="4">
  <mem-info id="2556" free="425120" total="14024704" percent="3">
    <mem type="nursery" free="425120" total="10354688" percent="4">
      <mem type="allocate" free="425120" total="7602176" percent="5" />
      <mem type="survivor" free="0" total="2752512" percent="0" />
    </mem>
    <mem type="tenure" free="0" total="3670016" percent="0">
      <mem type="soa" free="0" total="3670016" percent="0" />
      <mem type="loa" free="0" total="0" percent="0" />
    </mem>
    <remembered-set count="647" />
  </mem-info>
</gc-end>
<cycle-end id="2557" type="global" contextid="2532" timestamp="2019-06-14T20:05:56.544" />
  <attribute name="elasticGC enabled" value="1" />
  <attribute name= "numThreadsSpecified" value="4" />
  <attribute name="heapSize specified" value="14024704" />
  <attribute name="Current GC Util" value="137" />
  <attribute name= "Current Time Running" value="9313" />
  <attribute name ="GC Interval" value="3232" />
  <attribute name="ProportionalT" value="58.500000" />
  <attribute name="ProportionalI" value="58.500000" />
  <attribute name="ProportionalH" value="58.500000" />
  <attribute name="Current Error" value="117.000000" />
  <attribute name="IntegralT" value="1521.000000" />
  <attribute name="IntegralI" value="1521.000000" />
  <attribute name="IntegralH" value="1521.000000" />
  <attribute name="DerivativeT" value="3.461538" />
  <attribute name="DerivativeI" value="3.461538" />
  <attribute name="DerivativeH" value="3.461538" />
  <attribute name="Loop Time for DT" value="13.000000" />
  <attribute name="Output H" value="8388608"/>
  <attribute name="Output I" value="1584"/>
  <attribute name="Output T" value="4"/>
  <attribute name="Target GC Util Change" value ="20.000000" />
  <attribute name="Current GC Util Change" value="137.000000"/>
  <attribute name="GC Util currently" value="137" />
  <attribute name="CPU Util currently" value="352778335825" />
<allocation-satisfied id="2558" threadId="00000000017DA800" bytesRequested="32" />
<af-end id="2559" timestamp="2019-06-14T20:05:56.545" threadId="00000000017DB188" success="true" from="nursery"/>
<exclusive-end id="2560" timestamp="2019-06-14T20:05:56.545" durationms="29.667" />

<exclusive-start id="2561" timestamp="2019-06-14T20:05:56.545" intervalms="30.097">
  <response-info timems="0.046" idlems="0.046" threads="0" lastid="0000000001633500" lastname="Attach API wait loop" />
</exclusive-start>
<af-start id="2562" threadId="0000000001633E88" totalBytesRequested="16" timestamp="2019-06-14T20:05:56.545" intervalms="30.162" type="tenure" />
<cycle-start id="2563" type="global" contextid="0" timestamp="2019-06-14T20:05:56.546" intervalms="54.217" />
<gc-start id="2564" type="global" contextid="2563" timestamp="2019-06-14T20:05:56.546">
  <mem-info id="2565" free="261248" total="14024704" percent="1">
    <mem type="nursery" free="261248" total="10354688" percent="2">
      <mem type="allocate" free="261248" total="7602176" percent="3" />
      <mem type="survivor" free="0" total="2752512" percent="0" />
    </mem>
    <mem type="tenure" free="0" total="3670016" percent="0">
      <mem type="soa" free="0" total="3670016" percent="0" />
      <mem type="loa" free="0" total="0" percent="0" />
    </mem>
    <remembered-set count="647" />
  </mem-info>
</gc-start>
<allocation-stats totalBytes="163824" >
  <allocated-bytes non-tlh="32" tlh="163792" />
  <largest-consumer threadName="PmdThread 3" threadId="00000000017E2400" bytes="102376" />
</allocation-stats>
<gc-op id="2566" type="mark" timems="6.070" contextid="2563" timestamp="2019-06-14T20:05:56.552">
  <trace-info objectcount="255215" scancount="232289" scanbytes="8055040" />
  <finalization candidates="57" enqueued="0" />
  <ownableSynchronizers candidates="8" cleared="0" />
  <references type="soft" candidates="98" cleared="0" enqueued="0" dynamicThreshold="0" maxThreshold="32" />
  <references type="weak" candidates="658" cleared="0" enqueued="0" />
  <references type="phantom" candidates="79" cleared="0" enqueued="0" />
  <stringconstants candidates="4991" cleared="0"  />
</gc-op>
<gc-op id="2567" type="sweep" timems="0.354" contextid="2563" timestamp="2019-06-14T20:05:56.552" />
<mem-info id="2568" free="399736" total="14024704" percent="2">
  <mem type="nursery" free="399736" total="10354688" percent="3">
    <mem type="allocate" free="399736" total="7602176" percent="5" />
    <mem type="survivor" free="0" total="2752512" percent="0" />
  </mem>
  <mem type="tenure" free="0" total="3670016" percent="0" micro-fragmented="4621" macro-fragmented="0">
    <mem type="soa" free="0" total="3670016" percent="0" />
    <mem type="loa" free="0" total="0" percent="0" />
  </mem>
  <remembered-set count="647" />
</mem-info>
<gc-op id="2569" type="compact" timems="18.399" contextid="2563" timestamp="2019-06-14T20:05:56.571">
  <compact-info movecount="36986" movebytes="1621896" reason="compact to aid heap contraction" />
</gc-op>
<gc-end id="2570" type="global" contextid="2563" durationms="25.465" usertimems="40.000" systemtimems="4.000" timestamp="2019-06-14T20:05:56.571" activeThreads="4">
  <mem-info id="2571" free="417136" total="14024704" percent="2">
    <mem type="nursery" free="417136" total="10354688" percent="4">
      <mem type="allocate" free="417136" total="7602176" percent="5" />
      <mem type="survivor" free="0" total="2752512" percent="0" />
    </mem>
    <mem type="tenure" free="0" total="3670016" percent="0">
      <mem type="soa" free="0" total="3670016" percent="0" />
      <mem type="loa" free="0" total="0" percent="0" />
    </mem>
    <remembered-set count="647" />
  </mem-info>
</gc-end>
<cycle-end id="2572" type="global" contextid="2563" timestamp="2019-06-14T20:05:56.571" />
  <attribute name="elasticGC enabled" value="1" />
  <attribute name= "numThreadsSpecified" value="4" />
  <attribute name="heapSize specified" value="14024704" />
  <attribute name="Current GC Util" value="139" />
  <attribute name= "Current Time Running" value="9340" />
  <attribute name ="GC Interval" value="3232" />
  <attribute name="ProportionalT" value="59.500000" />
  <attribute name="ProportionalI" value="59.500000" />
  <attribute name="ProportionalH" value="59.500000" />
  <attribute name="Current Error" value="119.000000" />
  <attribute name="IntegralT" value="2142.000000" />
  <attribute name="IntegralI" value="2142.000000" />
  <attribute name="IntegralH" value="2142.000000" />
  <attribute name="DerivativeT" value="2.305556" />
  <attribute name="DerivativeI" value="2.305556" />
  <attribute name="DerivativeH" value="2.305556" />
  <attribute name="Loop Time for DT" value="18.000000" />
  <attribute name="Output H" value="8388608"/>
  <attribute name="Output I" value="2208"/>
  <attribute name="Output T" value="4"/>
  <attribute name="Target GC Util Change" value ="20.000000" />
  <attribute name="Current GC Util Change" value="139.000000"/>
  <attribute name="GC Util currently" value="139" />
  <attribute name="CPU Util currently" value="248537344047" />
<cycle-start id="2573" type="global" contextid="0" timestamp="2019-06-14T20:05:56.571" intervalms="25.866" />
<gc-start id="2574" type="global" contextid="2573" timestamp="2019-06-14T20:05:56.572">
  <mem-info id="2575" free="417136" total="14024704" percent="2">
    <mem type="nursery" free="417136" total="10354688" percent="4">
      <mem type="allocate" free="417136" total="7602176" percent="5" />
      <mem type="survivor" free="0" total="2752512" percent="0" />
    </mem>
    <mem type="tenure" free="0" total="3670016" percent="0">
      <mem type="soa" free="0" total="3670016" percent="0" />
      <mem type="loa" free="0" total="0" percent="0" />
    </mem>
    <remembered-set count="647" />
  </mem-info>
</gc-start>
<allocation-stats totalBytes="0" >
  <allocated-bytes non-tlh="0" tlh="0" />
</allocation-stats>
<gc-op id="2576" type="mark" timems="7.964" contextid="2573" timestamp="2019-06-14T20:05:56.580">
  <trace-info objectcount="255215" scancount="232285" scanbytes="8055040" />
  <finalization candidates="57" enqueued="0" />
  <ownableSynchronizers candidates="8" cleared="0" />
  <references type="soft" candidates="98" cleared="0" enqueued="0" dynamicThreshold="0" maxThreshold="32" />
  <references type="weak" candidates="658" cleared="0" enqueued="0" />
  <references type="phantom" candidates="79" cleared="0" enqueued="0" />
  <stringconstants candidates="4991" cleared="0"  />
</gc-op>
<gc-op id="2577" type="classunload" timems="0.002" contextid="2573" timestamp="2019-06-14T20:05:56.580">
  <classunload-info classloadercandidates="10" classloadersunloaded="0" classesunloaded="0" anonymousclassesunloaded="0" quiescems="0.000" setupms="0.001" scanms="0.001" postms="0.000" />
</gc-op>
<gc-op id="2578" type="sweep" timems="0.348" contextid="2573" timestamp="2019-06-14T20:05:56.580" />
<mem-info id="2579" free="417136" total="14024704" percent="2">
  <mem type="nursery" free="417136" total="10354688" percent="4">
    <mem type="allocate" free="417136" total="7602176" percent="5" />
    <mem type="survivor" free="0" total="2752512" percent="0" />
  </mem>
  <mem type="tenure" free="0" total="3670016" percent="0" micro-fragmented="0" macro-fragmented="0">
    <mem type="soa" free="0" total="3670016" percent="0" />
    <mem type="loa" free="0" total="0" percent="0" />
  </mem>
  <remembered-set count="647" />
</mem-info>
<gc-op id="2580" type="compact" timems="11.224" contextid="2573" timestamp="2019-06-14T20:05:56.592">
  <compact-info movecount="0" movebytes="0" reason="compact to aid heap contraction" />
</gc-op>
<heap-resize id="2581" type="expand" space="tenure" amount="2078605312" count="1" timems="0.026" reason="satisfy allocation request" timestamp="2019-06-14T20:05:56.592" />
<gc-end id="2582" type="global" contextid="2573" durationms="20.617" usertimems="32.000" systemtimems="0.000" timestamp="2019-06-14T20:05:56.592" activeThreads="4">
  <mem-info id="2583" free="2079022432" total="2092630016" percent="99">
    <mem type="nursery" free="417136" total="10354688" percent="4">
      <mem type="allocate" free="417136" total="7602176" percent="5" />
      <mem type="survivor" free="0" total="2752512" percent="0" />
    </mem>
    <mem type="tenure" free="2078605296" total="2082275328" percent="99">
      <mem type="soa" free="2078605296" total="2082275328" percent="99" />
      <mem type="loa" free="0" total="0" percent="0" />
    </mem>
    <remembered-set count="647" />
  </mem-info>
</gc-end>
<cycle-end id="2584" type="global" contextid="2573" timestamp="2019-06-14T20:05:56.592" />
  <attribute name="elasticGC enabled" value="1" />
  <attribute name= "numThreadsSpecified" value="4" />
  <attribute name="heapSize specified" value="14024704" />
  <attribute name="Current GC Util" value="7" />
  <attribute name= "Current Time Running" value="9361" />
  <attribute name ="GC Interval" value="3232" />
  <attribute name="ProportionalT" value="-6.500000" />
  <attribute name="ProportionalI" value="-6.500000" />
  <attribute name="ProportionalH" value="-6.500000" />
  <attribute name="Current Error" value="-13.000000" />
  <attribute name="IntegralT" value="-143.000000" />
  <attribute name="IntegralI" value="-143.000000" />
  <attribute name="IntegralH" value="-143.000000" />
  <attribute name="DerivativeT" value="-1.545455" />
  <attribute name="DerivativeI" value="-1.545455" />
  <attribute name="DerivativeH" value="-1.545455" />
  <attribute name="Loop Time for DT" value="11.000000" />
  <attribute name="Output H" value="2092630016"/>
  <attribute name="Output I" value="200"/>
  <attribute name="Output T" value="4"/>
  <attribute name="Target GC Util Change" value ="20.000000" />
  <attribute name="Current GC Util Change" value="7.000000"/>
  <attribute name="GC Util currently" value="7" />
  <attribute name="CPU Util currently" value="406103661720" />
<allocation-satisfied id="2585" threadId="0000000001633500" bytesRequested="16" />
<af-end id="2586" timestamp="2019-06-14T20:05:56.593" threadId="0000000001633E88" success="true" from="tenure-soa"/>
<exclusive-end id="2587" timestamp="2019-06-14T20:05:56.593" durationms="47.285" />

<exclusive-start id="2588" timestamp="2019-06-14T20:05:56.594" intervalms="49.012">
  <response-info timems="0.396" idlems="0.234" threads="3" lastid="0000000001633500" lastname="Attach API wait loop" />
</exclusive-start>
<af-start id="2589" threadId="00000000017D7588" totalBytesRequested="64" timestamp="2019-06-14T20:05:56.594" intervalms="48.937" type="nursery" />
<cycle-start id="2590" type="scavenge" contextid="0" timestamp="2019-06-14T20:05:56.594" intervalms="79.127" />
<gc-start id="2591" type="scavenge" contextid="2590" timestamp="2019-06-14T20:05:56.595">
  <mem-info id="2592" free="2078605216" total="2092630016" percent="99">
    <mem type="nursery" free="0" total="10354688" percent="0">
      <mem type="allocate" free="0" total="7602176" percent="0" />
      <mem type="survivor" free="0" total="2752512" percent="0" />
    </mem>
    <mem type="tenure" free="2078605216" total="2082275328" percent="99">
      <mem type="soa" free="2078605216" total="2082275328" percent="99" />
      <mem type="loa" free="0" total="0" percent="0" />
    </mem>
    <remembered-set count="648" />
  </mem-info>
</gc-start>
<allocation-stats totalBytes="416984" >
  <allocated-bytes non-tlh="96" tlh="416888" />
  <largest-consumer threadName="PmdThread 1" threadId="00000000017D6C00" bytes="416888" />
</allocation-stats>
<gc-op id="2593" type="scavenge" timems="8.181" contextid="2590" timestamp="2019-06-14T20:05:56.603">
  <scavenger-info tenureage="2" tenuremask="7ffc" tiltratio="73" />
  <memory-copied type="nursery" objects="69953" bytes="2669616" bytesdiscarded="80904" />
  <memory-copied type="tenure" objects="113730" bytes="4629720" bytesdiscarded="1112" />
  <copy-failed type="nursery" objects="950" bytes="34080" />
  <ownableSynchronizers candidates="16" cleared="16" />
</gc-op>
<gc-end id="2594" type="scavenge" contextid="2590" durationms="8.465" usertimems="20.000" systemtimems="0.000" timestamp="2019-06-14T20:05:56.603" activeThreads="4">
  <mem-info id="2595" free="2077854360" total="2092630016" percent="99">
    <mem type="nursery" free="3997696" total="10354688" percent="38">
      <mem type="allocate" free="3997696" total="6750208" percent="59" />
      <mem type="survivor" free="0" total="3604480" percent="0" />
    </mem>
    <mem type="tenure" free="2073856664" total="2082275328" percent="99">
      <mem type="soa" free="2073856664" total="2082275328" percent="99" />
      <mem type="loa" free="0" total="0" percent="0" />
    </mem>
    <remembered-set count="2862" />
  </mem-info>
</gc-end>
<cycle-end id="2596" type="scavenge" contextid="2590" timestamp="2019-06-14T20:05:56.603" />
  <attribute name="elasticGC enabled" value="1" />
  <attribute name= "numThreadsSpecified" value="4" />
  <attribute name="heapSize specified" value="14024704" />
  <attribute name="Current GC Util" value="652" />
  <attribute name= "Current Time Running" value="9364" />
  <attribute name ="GC Interval" value="2320" />
  <attribute name="ProportionalT" value="316.000000" />
  <attribute name="ProportionalI" value="316.000000" />
  <attribute name="ProportionalH" value="316.000000" />
  <attribute name="Current Error" value="632.000000" />
  <attribute name="IntegralT" value="1896.000000" />
  <attribute name="IntegralI" value="1896.000000" />
  <attribute name="IntegralH" value="1896.000000" />
  <attribute name="DerivativeT" value="105.333333" />
  <attribute name="DerivativeI" value="105.333333" />
  <attribute name="DerivativeH" value="105.333333" />
  <attribute name="Loop Time for DT" value="3.000000" />
  <attribute name="Output H" value="8388608"/>
  <attribute name="Output I" value="2320"/>
  <attribute name="Output T" value="4"/>
  <attribute name="Target GC Util Change" value ="20.000000" />
  <attribute name="Current GC Util Change" value="652.000000"/>
  <attribute name="GC Util currently" value="652" />
  <attribute name="CPU Util currently" value="1688152903498" />
<allocation-satisfied id="2597" threadId="00000000017D6C00" bytesRequested="64" />
<af-end id="2598" timestamp="2019-06-14T20:05:56.603" threadId="00000000017D7588" success="true" from="nursery"/>
<exclusive-end id="2599" timestamp="2019-06-14T20:05:56.604" durationms="9.247" />

<exclusive-start id="2600" timestamp="2019-06-14T20:05:56.613" intervalms="18.647">
  <response-info timems="0.391" idlems="0.283" threads="1" lastid="0000000001633500" lastname="Attach API wait loop" />
</exclusive-start>
<af-start id="2601" threadId="00000000017E2D88" totalBytesRequested="24" timestamp="2019-06-14T20:05:56.613" intervalms="18.670" type="nursery" />
<cycle-start id="2602" type="scavenge" contextid="0" timestamp="2019-06-14T20:05:56.613" intervalms="18.678" />
<gc-start id="2603" type="scavenge" contextid="2602" timestamp="2019-06-14T20:05:56.613">
  <mem-info id="2604" free="2073856272" total="2092630016" percent="99">
    <mem type="nursery" free="0" total="10354688" percent="0">
      <mem type="allocate" free="0" total="6750208" percent="0" />
      <mem type="survivor" free="0" total="3604480" percent="0" />
    </mem>
    <mem type="tenure" free="2073856272" total="2082275328" percent="99">
      <mem type="soa" free="2073856272" total="2082275328" percent="99" />
      <mem type="loa" free="0" total="0" percent="0" />
    </mem>
    <remembered-set count="2930" />
  </mem-info>
</gc-start>
<allocation-stats totalBytes="3997072" >
  <allocated-bytes non-tlh="8656" tlh="3988416" />
  <largest-consumer threadName="PmdThread 1" threadId="00000000017D6C00" bytes="3648952" />
</allocation-stats>
<gc-op id="2605" type="scavenge" timems="7.738" contextid="2602" timestamp="2019-06-14T20:05:56.621">
  <scavenger-info tenureage="1" tenuremask="7ffe" tiltratio="65" />
  <memory-copied type="nursery" objects="26713" bytes="1027280" bytesdiscarded="101664" />
  <memory-copied type="tenure" objects="69866" bytes="2667872" bytesdiscarded="736" />
  <references type="soft" candidates="1" cleared="0" enqueued="0" dynamicThreshold="31" maxThreshold="32" />
  <references type="weak" candidates="7" cleared="2" enqueued="2" />
  <references type="phantom" candidates="2" cleared="0" enqueued="0" />
</gc-op>
<gc-end id="2606" type="scavenge" contextid="2602" durationms="8.016" usertimems="16.000" systemtimems="0.000" timestamp="2019-06-14T20:05:56.621" activeThreads="4">
  <mem-info id="2607" free="2076911376" total="2092630016" percent="99">
    <mem type="nursery" free="5752320" total="10354688" percent="55">
      <mem type="allocate" free="5752320" total="6881280" percent="83" />
      <mem type="survivor" free="0" total="3473408" percent="0" />
    </mem>
    <mem type="tenure" free="2071159056" total="2082275328" percent="99">
      <mem type="soa" free="2071159056" total="2082275328" percent="99" />
      <mem type="loa" free="0" total="0" percent="0" />
    </mem>
    <pending-finalizers system="0" default="0" reference="2" classloader="0" />
    <remembered-set count="256" />
  </mem-info>
</gc-end>
<cycle-end id="2608" type="scavenge" contextid="2602" timestamp="2019-06-14T20:05:56.621" />
  <attribute name="elasticGC enabled" value="1" />
  <attribute name= "numThreadsSpecified" value="4" />
  <attribute name="heapSize specified" value="14024704" />
  <attribute name="Current GC Util" value="111" />
  <attribute name= "Current Time Running" value="9383" />
  <attribute name ="GC Interval" value="1760" />
  <attribute name="ProportionalT" value="45.500000" />
  <attribute name="ProportionalI" value="45.500000" />
  <attribute name="ProportionalH" value="45.500000" />
  <attribute name="Current Error" value="91.000000" />
  <attribute name="IntegralT" value="1729.000000" />
  <attribute name="IntegralI" value="1729.000000" />
  <attribute name="IntegralH" value="1729.000000" />
  <attribute name="DerivativeT" value="-14.236842" />
  <attribute name="DerivativeI" value="-14.236842" />
  <attribute name="DerivativeH" value="-14.236842" />
  <attribute name="Loop Time for DT" value="19.000000" />
  <attribute name="Output H" value="8388608"/>
  <attribute name="Output I" value="1760"/>
  <attribute name="Output T" value="4"/>
  <attribute name="Target GC Util Change" value ="20.000000" />
  <attribute name="Current GC Util Change" value="111.000000"/>
  <attribute name="GC Util currently" value="111" />
  <attribute name="CPU Util currently" value="246555761769" />
<allocation-satisfied id="2609" threadId="00000000017E2400" bytesRequested="24" />
<af-end id="2610" timestamp="2019-06-14T20:05:56.622" threadId="00000000017E2D88" success="true" from="nursery"/>
<exclusive-end id="2611" timestamp="2019-06-14T20:05:56.622" durationms="8.682" />

<exclusive-start id="2612" timestamp="2019-06-14T20:05:56.631" intervalms="17.684">
  <response-info timems="0.070" idlems="0.070" threads="0" lastid="00000000017E6000" lastname="PmdThread 4" />
</exclusive-start>
<af-start id="2613" threadId="00000000017E6988" totalBytesRequested="8200" timestamp="2019-06-14T20:05:56.631" intervalms="17.783" type="nursery" />
<cycle-start id="2614" type="scavenge" contextid="0" timestamp="2019-06-14T20:05:56.631" intervalms="17.943" />
<gc-start id="2615" type="scavenge" contextid="2614" timestamp="2019-06-14T20:05:56.631">
  <mem-info id="2616" free="2071158616" total="2092630016" percent="98">
    <mem type="nursery" free="0" total="10354688" percent="0">
      <mem type="allocate" free="0" total="6881280" percent="0" />
      <mem type="survivor" free="0" total="3473408" percent="0" />
    </mem>
    <mem type="tenure" free="2071158616" total="2082275328" percent="99">
      <mem type="soa" free="2071158616" total="2082275328" percent="99" />
      <mem type="loa" free="0" total="0" percent="0" />
    </mem>
    <remembered-set count="311" />
  </mem-info>
</gc-start>
<allocation-stats totalBytes="5740088" >
  <allocated-bytes non-tlh="464" tlh="5739624" />
  <largest-consumer threadName="PmdThread 3" threadId="00000000017E2400" bytes="3673728" />
</allocation-stats>
<gc-op id="2617" type="scavenge" timems="1.841" contextid="2614" timestamp="2019-06-14T20:05:56.633">
  <scavenger-info tenureage="1" tenuremask="fffe" tiltratio="66" />
  <memory-copied type="nursery" objects="11699" bytes="467312" bytesdiscarded="41856" />
  <memory-copied type="tenure" objects="26370" bytes="1006416" bytesdiscarded="448" />
  <references type="soft" candidates="5" cleared="0" enqueued="0" dynamicThreshold="31" maxThreshold="32" />
  <references type="weak" candidates="13" cleared="13" enqueued="13" />
  <references type="phantom" candidates="2" cleared="1" enqueued="1" />
</gc-op>
<gc-end id="2618" type="scavenge" contextid="2614" durationms="2.311" usertimems="4.000" systemtimems="0.000" timestamp="2019-06-14T20:05:56.634" activeThreads="4">
  <mem-info id="2619" free="2076996440" total="2092630016" percent="99">
    <mem type="nursery" free="6830848" total="10354688" percent="65">
      <mem type="allocate" free="6830848" total="7340032" percent="93" />
      <mem type="survivor" free="0" total="3014656" percent="0" />
    </mem>
    <mem type="tenure" free="2070165592" total="2082275328" percent="99">
      <mem type="soa" free="2070165592" total="2082275328" percent="99" />
      <mem type="loa" free="0" total="0" percent="0" />
    </mem>
    <pending-finalizers system="0" default="0" reference="14" classloader="0" />
    <remembered-set count="171" />
  </mem-info>
</gc-end>
<cycle-end id="2620" type="scavenge" contextid="2614" timestamp="2019-06-14T20:05:56.634" />
  <attribute name="elasticGC enabled" value="1" />
  <attribute name= "numThreadsSpecified" value="4" />
  <attribute name="heapSize specified" value="14024704" />
  <attribute name="Current GC Util" value="85" />
  <attribute name= "Current Time Running" value="9401" />
  <attribute name ="GC Interval" value="1208" />
  <attribute name="ProportionalT" value="32.500000" />
  <attribute name="ProportionalI" value="32.500000" />
  <attribute name="ProportionalH" value="32.500000" />
  <attribute name="Current Error" value="65.000000" />
  <attribute name="IntegralT" value="1170.000000" />
  <attribute name="IntegralI" value="1170.000000" />
  <attribute name="IntegralH" value="1170.000000" />
  <attribute name="DerivativeT" value="-0.722222" />
  <attribute name="DerivativeI" value="-0.722222" />
  <attribute name="DerivativeH" value="-0.722222" />
  <attribute name="Loop Time for DT" value="18.000000" />
  <attribute name="Output H" value="8388608"/>
  <attribute name="Output I" value="1208"/>
  <attribute name="Output T" value="4"/>
  <attribute name="Target GC Util Change" value ="20.000000" />
  <attribute name="Current GC Util Change" value="85.000000"/>
  <attribute name="GC Util currently" value="85" />
  <attribute name="CPU Util currently" value="253227635240" />
<allocation-satisfied id="2621" threadId="00000000017E6000" bytesRequested="8200" />
<af-end id="2622" timestamp="2019-06-14T20:05:56.634" threadId="00000000017E6988" success="true" from="nursery"/>
<exclusive-end id="2623" timestamp="2019-06-14T20:05:56.634" durationms="3.076" />

<exclusive-start id="2624" timestamp="2019-06-14T20:05:56.668" intervalms="36.935">
  <response-info timems="0.065" idlems="0.065" threads="0" lastid="00000000017E2400" lastname="PmdThread 3" />
</exclusive-start>
<af-start id="2625" threadId="00000000017E2D88" totalBytesRequested="88" timestamp="2019-06-14T20:05:56.668" intervalms="36.855" type="nursery" />
<cycle-start id="2626" type="scavenge" contextid="0" timestamp="2019-06-14T20:05:56.668" intervalms="36.701" />
<gc-start id="2627" type="scavenge" contextid="2626" timestamp="2019-06-14T20:05:56.668">
  <mem-info id="2628" free="2070162328" total="2092630016" percent="98">
    <mem type="nursery" free="0" total="10354688" percent="0">
      <mem type="allocate" free="0" total="7340032" percent="0" />
      <mem type="survivor" free="0" total="3014656" percent="0" />
    </mem>
    <mem type="tenure" free="2070162328" total="2082275328" percent="99">
      <mem type="soa" free="2070162328" total="2082275328" percent="99" />
      <mem type="loa" free="0" total="0" percent="0" />
    </mem>
    <remembered-set count="298" />
  </mem-info>
</gc-start>
<allocation-stats totalBytes="6832288" >
  <allocated-bytes non-tlh="60640" tlh="6771648" />
  <largest-consumer threadName="PmdThread 2" threadId="00000000017DA800" bytes="2225328" />
</allocation-stats>
<gc-op id="2629" type="scavenge" timems="2.422" contextid="2626" timestamp="2019-06-14T20:05:56.670">
  <scavenger-info tenureage="2" tenuremask="fffc" tiltratio="70" />
  <memory-copied type="nursery" objects="37880" bytes="1658392" bytesdiscarded="24424" />
  <references type="soft" candidates="6" cleared="0" enqueued="0" dynamicThreshold="31" maxThreshold="32" />
  <references type="weak" candidates="61" cleared="61" enqueued="61" />
  <references type="phantom" candidates="7" cleared="7" enqueued="7" />
</gc-op>
<gc-end id="2630" type="scavenge" contextid="2626" durationms="2.637" usertimems="0.000" systemtimems="4.000" timestamp="2019-06-14T20:05:56.671" activeThreads="4">
  <mem-info id="2631" free="2075817656" total="2092630016" percent="99">
    <mem type="nursery" free="5655328" total="10354688" percent="54">
      <mem type="allocate" free="5655328" total="7340032" percent="77" />
      <mem type="survivor" free="0" total="3014656" percent="0" />
    </mem>
    <mem type="tenure" free="2070162328" total="2082275328" percent="99">
      <mem type="soa" free="2070162328" total="2082275328" percent="99" />
      <mem type="loa" free="0" total="0" percent="0" />
    </mem>
    <pending-finalizers system="0" default="0" reference="68" classloader="0" />
    <remembered-set count="247" />
  </mem-info>
</gc-end>
<cycle-end id="2632" type="scavenge" contextid="2626" timestamp="2019-06-14T20:05:56.671" />
  <attribute name="elasticGC enabled" value="1" />
  <attribute name= "numThreadsSpecified" value="4" />
  <attribute name="heapSize specified" value="14024704" />
  <attribute name="Current GC Util" value="10" />
  <attribute name= "Current Time Running" value="9437" />
  <attribute name ="GC Interval" value="200" />
  <attribute name="ProportionalT" value="-5.000000" />
  <attribute name="ProportionalI" value="-5.000000" />
  <attribute name="ProportionalH" value="-5.000000" />
  <attribute name="Current Error" value="-10.000000" />
  <attribute name="IntegralT" value="-360.000000" />
  <attribute name="IntegralI" value="-360.000000" />
  <attribute name="IntegralH" value="-360.000000" />
  <attribute name="DerivativeT" value="-1.041667" />
  <attribute name="DerivativeI" value="-1.041667" />
  <attribute name="DerivativeH" value="-1.041667" />
  <attribute name="Loop Time for DT" value="36.000000" />
  <attribute name="Output H" value="2092630016"/>
  <attribute name="Output I" value="200"/>
  <attribute name="Output T" value="4"/>
  <attribute name="Target GC Util Change" value ="20.000000" />
  <attribute name="Current GC Util Change" value="10.000000"/>
  <attribute name="GC Util currently" value="10" />
  <attribute name="CPU Util currently" value="126670282143" />
<allocation-satisfied id="2633" threadId="00000000017E2400" bytesRequested="88" />
<af-end id="2634" timestamp="2019-06-14T20:05:56.671" threadId="00000000017E2D88" success="true" from="nursery"/>
<exclusive-end id="2635" timestamp="2019-06-14T20:05:56.671" durationms="3.142" />

<exclusive-start id="2636" timestamp="2019-06-14T20:05:56.708" intervalms="40.310">
  <response-info timems="1.655" idlems="1.082" threads="2" lastid="00000000017D6C00" lastname="PmdThread 1" />
</exclusive-start>
<af-start id="2637" threadId="00000000017E6988" totalBytesRequested="16" timestamp="2019-06-14T20:05:56.708" intervalms="40.314" type="nursery" />
<cycle-start id="2638" type="scavenge" contextid="0" timestamp="2019-06-14T20:05:56.708" intervalms="40.351" />
<gc-start id="2639" type="scavenge" contextid="2638" timestamp="2019-06-14T20:05:56.708">
  <mem-info id="2640" free="2070159472" total="2092630016" percent="98">
    <mem type="nursery" free="0" total="10354688" percent="0">
      <mem type="allocate" free="0" total="7340032" percent="0" />
      <mem type="survivor" free="0" total="3014656" percent="0" />
    </mem>
    <mem type="tenure" free="2070159472" total="2082275328" percent="99">
      <mem type="soa" free="2070159472" total="2082275328" percent="99" />
      <mem type="loa" free="0" total="0" percent="0" />
    </mem>
    <remembered-set count="5461" />
  </mem-info>
</gc-start>
<allocation-stats totalBytes="5654848" >
  <allocated-bytes non-tlh="2944" tlh="5651904" />
  <largest-consumer threadName="PmdThread 2" threadId="00000000017DA800" bytes="2212104" />
</allocation-stats>
<gc-op id="2641" type="scavenge" timems="2.667" contextid="2638" timestamp="2019-06-14T20:05:56.711">
  <scavenger-info tenureage="2" tenuremask="fffc" tiltratio="70" />
  <memory-copied type="nursery" objects="45208" bytes="1855136" bytesdiscarded="50040" />
  <memory-copied type="tenure" objects="11575" bytes="444096" bytesdiscarded="40" />
  <references type="soft" candidates="1" cleared="0" enqueued="0" dynamicThreshold="31" maxThreshold="32" />
  <references type="weak" candidates="95" cleared="95" enqueued="95" />
  <references type="phantom" candidates="9" cleared="8" enqueued="8" />
</gc-op>
<gc-end id="2642" type="scavenge" contextid="2638" durationms="3.000" usertimems="8.000" systemtimems="0.000" timestamp="2019-06-14T20:05:56.711" activeThreads="4">
  <mem-info id="2643" free="2075121256" total="2092630016" percent="99">
    <mem type="nursery" free="5565432" total="10354688" percent="53">
      <mem type="allocate" free="5565432" total="7471104" percent="74" />
      <mem type="survivor" free="0" total="2883584" percent="0" />
    </mem>
    <mem type="tenure" free="2069555824" total="2082275328" percent="99">
      <mem type="soa" free="2069555824" total="2082275328" percent="99" />
      <mem type="loa" free="0" total="0" percent="0" />
    </mem>
    <pending-finalizers system="0" default="0" reference="103" classloader="0" />
    <remembered-set count="5866" />
  </mem-info>
</gc-end>
<cycle-end id="2644" type="scavenge" contextid="2638" timestamp="2019-06-14T20:05:56.711" />
  <attribute name="elasticGC enabled" value="1" />
  <attribute name= "numThreadsSpecified" value="4" />
  <attribute name="heapSize specified" value="14024704" />
  <attribute name="Current GC Util" value="9" />
  <attribute name= "Current Time Running" value="9478" />
  <attribute name ="GC Interval" value="200" />
  <attribute name="ProportionalT" value="-5.500000" />
  <attribute name="ProportionalI" value="-5.500000" />
  <attribute name="ProportionalH" value="-5.500000" />
  <attribute name="Current Error" value="-11.000000" />
  <attribute name="IntegralT" value="-451.000000" />
  <attribute name="IntegralI" value="-451.000000" />
  <attribute name="IntegralH" value="-451.000000" />
  <attribute name="DerivativeT" value="-0.134146" />
  <attribute name="DerivativeI" value="-0.134146" />
  <attribute name="DerivativeH" value="-0.134146" />
  <attribute name="Loop Time for DT" value="41.000000" />
  <attribute name="Output H" value="2092630016"/>
  <attribute name="Output I" value="200"/>
  <attribute name="Output T" value="4"/>
  <attribute name="Target GC Util Change" value ="20.000000" />
  <attribute name="Current GC Util Change" value="9.000000"/>
  <attribute name="GC Util currently" value="9" />
  <attribute name="CPU Util currently" value="113769467363" />
<allocation-satisfied id="2645" threadId="00000000017E6000" bytesRequested="16" />
<af-end id="2646" timestamp="2019-06-14T20:05:56.712" threadId="00000000017E6988" success="true" from="nursery"/>
<exclusive-end id="2647" timestamp="2019-06-14T20:05:56.712" durationms="3.649" />

<exclusive-start id="2648" timestamp="2019-06-14T20:05:56.742" intervalms="33.861">
  <response-info timems="0.060" idlems="0.060" threads="0" lastid="00000000017E2400" lastname="PmdThread 3" />
</exclusive-start>
<af-start id="2649" threadId="00000000017E2D88" totalBytesRequested="112" timestamp="2019-06-14T20:05:56.742" intervalms="33.834" type="nursery" />
<cycle-start id="2650" type="scavenge" contextid="0" timestamp="2019-06-14T20:05:56.742" intervalms="33.785" />
<gc-start id="2651" type="scavenge" contextid="2650" timestamp="2019-06-14T20:05:56.742">
  <mem-info id="2652" free="2069555152" total="2092630016" percent="98">
    <mem type="nursery" free="0" total="10354688" percent="0">
      <mem type="allocate" free="0" total="7471104" percent="0" />
      <mem type="survivor" free="0" total="2883584" percent="0" />
    </mem>
    <mem type="tenure" free="2069555152" total="2082275328" percent="99">
      <mem type="soa" free="2069555152" total="2082275328" percent="99" />
      <mem type="loa" free="0" total="0" percent="0" />
    </mem>
    <remembered-set count="7010" />
  </mem-info>
</gc-start>
<allocation-stats totalBytes="5564360" >
  <allocated-bytes non-tlh="688" tlh="5563672" />
  <largest-consumer threadName="PmdThread 1" threadId="00000000017D6C00" bytes="2940368" />
</allocation-stats>
<gc-op id="2653" type="scavenge" timems="2.581" contextid="2650" timestamp="2019-06-14T20:05:56.745">
  <scavenger-info tenureage="2" tenuremask="7ffc" tiltratio="72" />
  <memory-copied type="nursery" objects="45434" bytes="1789176" bytesdiscarded="102208" />
  <memory-copied type="tenure" objects="15482" bytes="576128" bytesdiscarded="248" />
  <references type="weak" candidates="39" cleared="39" enqueued="39" />
  <references type="phantom" candidates="1" cleared="1" enqueued="1" />
</gc-op>
<gc-end id="2654" type="scavenge" contextid="2650" durationms="2.805" usertimems="8.000" systemtimems="0.000" timestamp="2019-06-14T20:05:56.745" activeThreads="4">
  <mem-info id="2655" free="2074772160" total="2092630016" percent="99">
    <mem type="nursery" free="5776112" total="10354688" percent="55">
      <mem type="allocate" free="5776112" total="7667712" percent="75" />
      <mem type="survivor" free="0" total="2686976" percent="0" />
    </mem>
    <mem type="tenure" free="2068996048" total="2082275328" percent="99">
      <mem type="soa" free="2068996048" total="2082275328" percent="99" />
      <mem type="loa" free="0" total="0" percent="0" />
    </mem>
    <pending-finalizers system="0" default="0" reference="40" classloader="0" />
    <remembered-set count="7161" />
  </mem-info>
</gc-end>
<cycle-end id="2656" type="scavenge" contextid="2650" timestamp="2019-06-14T20:05:56.745" />
  <attribute name="elasticGC enabled" value="1" />
  <attribute name= "numThreadsSpecified" value="4" />
  <attribute name="heapSize specified" value="14024704" />
  <attribute name="Current GC Util" value="15" />
  <attribute name= "Current Time Running" value="9512" />
  <attribute name ="GC Interval" value="200" />
  <attribute name="ProportionalT" value="-2.500000" />
  <attribute name="ProportionalI" value="-2.500000" />
  <attribute name="ProportionalH" value="-2.500000" />
  <attribute name="Current Error" value="-5.000000" />
  <attribute name="IntegralT" value="-170.000000" />
  <attribute name="IntegralI" value="-170.000000" />
  <attribute name="IntegralH" value="-170.000000" />
  <attribute name="DerivativeT" value="-0.073529" />
  <attribute name="DerivativeI" value="-0.073529" />
  <attribute name="DerivativeH" value="-0.073529" />
  <attribute name="Loop Time for DT" value="34.000000" />
  <attribute name="Output H" value="2092630016"/>
  <attribute name="Output I" value="200"/>
  <attribute name="Output T" value="4"/>
  <attribute name="Target GC Util Change" value ="20.000000" />
  <attribute name="Current GC Util Change" value="15.000000"/>
  <attribute name="GC Util currently" value="15" />
  <attribute name="CPU Util currently" value="137123972388" />
<allocation-satisfied id="2657" threadId="00000000017E2400" bytesRequested="112" />
<af-end id="2658" timestamp="2019-06-14T20:05:56.745" threadId="00000000017E2D88" success="true" from="nursery"/>
<exclusive-end id="2659" timestamp="2019-06-14T20:05:56.745" durationms="3.305" />

<exclusive-start id="2660" timestamp="2019-06-14T20:05:56.773" intervalms="31.402">
  <response-info timems="0.049" idlems="0.049" threads="0" lastid="00000000017DA800" lastname="PmdThread 2" />
</exclusive-start>
<af-start id="2661" threadId="00000000017DB188" totalBytesRequested="40" timestamp="2019-06-14T20:05:56.773" intervalms="31.399" type="nursery" />
<cycle-start id="2662" type="scavenge" contextid="0" timestamp="2019-06-14T20:05:56.773" intervalms="31.397" />
<gc-start id="2663" type="scavenge" contextid="2662" timestamp="2019-06-14T20:05:56.773">
  <mem-info id="2664" free="2068993048" total="2092630016" percent="98">
    <mem type="nursery" free="0" total="10354688" percent="0">
      <mem type="allocate" free="0" total="7667712" percent="0" />
      <mem type="survivor" free="0" total="2686976" percent="0" />
    </mem>
    <mem type="tenure" free="2068993048" total="2082275328" percent="99">
      <mem type="soa" free="2068993048" total="2082275328" percent="99" />
      <mem type="loa" free="0" total="0" percent="0" />
    </mem>
    <remembered-set count="8025" />
  </mem-info>
</gc-start>
<allocation-stats totalBytes="5774904" >
  <allocated-bytes non-tlh="3112" tlh="5771792" />
  <largest-consumer threadName="PmdThread 3" threadId="00000000017E2400" bytes="2144720" />
</allocation-stats>
<gc-op id="2665" type="scavenge" timems="2.610" contextid="2662" timestamp="2019-06-14T20:05:56.776">
  <scavenger-info tenureage="2" tenuremask="7ffc" tiltratio="74" />
  <memory-copied type="nursery" objects="24313" bytes="1140592" bytesdiscarded="204248" />
  <memory-copied type="tenure" objects="22978" bytes="849040" bytesdiscarded="168" />
  <references type="soft" candidates="1" cleared="0" enqueued="0" dynamicThreshold="31" maxThreshold="32" />
  <references type="weak" candidates="110" cleared="109" enqueued="109" />
  <references type="phantom" candidates="14" cleared="12" enqueued="12" />
</gc-op>
<gc-end id="2666" type="scavenge" contextid="2662" durationms="2.827" usertimems="4.000" systemtimems="4.000" timestamp="2019-06-14T20:05:56.776" activeThreads="4">
  <mem-info id="2667" free="2074553272" total="2092630016" percent="99">
    <mem type="nursery" free="6453440" total="10354688" percent="62">
      <mem type="allocate" free="6453440" total="7798784" percent="82" />
      <mem type="survivor" free="0" total="2555904" percent="0" />
    </mem>
    <mem type="tenure" free="2068099832" total="2082275328" percent="99">
      <mem type="soa" free="2068099832" total="2082275328" percent="99" />
      <mem type="loa" free="0" total="0" percent="0" />
    </mem>
    <pending-finalizers system="0" default="0" reference="121" classloader="0" />
    <remembered-set count="2573" />
  </mem-info>
</gc-end>
<cycle-end id="2668" type="scavenge" contextid="2662" timestamp="2019-06-14T20:05:56.776" />
  <attribute name="elasticGC enabled" value="1" />
  <attribute name= "numThreadsSpecified" value="4" />
  <attribute name="heapSize specified" value="14024704" />
  <attribute name="Current GC Util" value="21" />
  <attribute name= "Current Time Running" value="9543" />
  <attribute name ="GC Interval" value="200" />
  <attribute name="ProportionalT" value="0.500000" />
  <attribute name="ProportionalI" value="0.500000" />
  <attribute name="ProportionalH" value="0.500000" />
  <attribute name="Current Error" value="1.000000" />
  <attribute name="IntegralT" value="31.000000" />
  <attribute name="IntegralI" value="31.000000" />
  <attribute name="IntegralH" value="31.000000" />
  <attribute name="DerivativeT" value="0.016129" />
  <attribute name="DerivativeI" value="0.016129" />
  <attribute name="DerivativeH" value="0.016129" />
  <attribute name="Loop Time for DT" value="31.000000" />
  <attribute name="Output H" value="8388608"/>
  <attribute name="Output I" value="200"/>
  <attribute name="Output T" value="4"/>
  <attribute name="Target GC Util Change" value ="20.000000" />
  <attribute name="Current GC Util Change" value="21.000000"/>
  <attribute name="GC Util currently" value="21" />
  <attribute name="CPU Util currently" value="147107063959" />
<allocation-satisfied id="2669" threadId="00000000017DA800" bytesRequested="40" />
<af-end id="2670" timestamp="2019-06-14T20:05:56.776" threadId="00000000017DB188" success="true" from="nursery"/>
<exclusive-end id="2671" timestamp="2019-06-14T20:05:56.777" durationms="3.313" />

<exclusive-start id="2672" timestamp="2019-06-14T20:05:56.806" intervalms="32.360">
  <response-info timems="0.205" idlems="0.186" threads="1" lastid="00000000017D6C00" lastname="PmdThread 1" />
</exclusive-start>
<af-start id="2673" threadId="00000000017E2D88" totalBytesRequested="5376" timestamp="2019-06-14T20:05:56.806" intervalms="32.409" type="nursery" />
<cycle-start id="2674" type="scavenge" contextid="0" timestamp="2019-06-14T20:05:56.806" intervalms="32.419" />
<gc-start id="2675" type="scavenge" contextid="2674" timestamp="2019-06-14T20:05:56.806">
  <mem-info id="2676" free="2068099640" total="2092630016" percent="98">
    <mem type="nursery" free="0" total="10354688" percent="0">
      <mem type="allocate" free="0" total="7798784" percent="0" />
      <mem type="survivor" free="0" total="2555904" percent="0" />
    </mem>
    <mem type="tenure" free="2068099640" total="2082275328" percent="99">
      <mem type="soa" free="2068099640" total="2082275328" percent="99" />
      <mem type="loa" free="0" total="0" percent="0" />
    </mem>
    <remembered-set count="4419" />
  </mem-info>
</gc-start>
<allocation-stats totalBytes="6446184" >
  <allocated-bytes non-tlh="232" tlh="6445952" />
  <largest-consumer threadName="PmdThread 1" threadId="00000000017D6C00" bytes="3636744" />
</allocation-stats>
<gc-op id="2677" type="scavenge" timems="1.834" contextid="2674" timestamp="2019-06-14T20:05:56.808">
  <scavenger-info tenureage="2" tenuremask="7ffc" tiltratio="75" />
  <memory-copied type="nursery" objects="19180" bytes="883624" bytesdiscarded="226080" />
  <memory-copied type="tenure" objects="15634" bytes="517920" bytesdiscarded="216" />
  <references type="soft" candidates="1" cleared="0" enqueued="0" dynamicThreshold="31" maxThreshold="32" />
  <references type="weak" candidates="57" cleared="56" enqueued="56" />
  <references type="phantom" candidates="14" cleared="13" enqueued="13" />
</gc-op>
<gc-end id="2678" type="scavenge" contextid="2674" durationms="2.043" usertimems="8.000" systemtimems="0.000" timestamp="2019-06-14T20:05:56.808" activeThreads="4">
  <mem-info id="2679" free="2074551816" total="2092630016" percent="99">
    <mem type="nursery" free="6949840" total="10354688" percent="67">
      <mem type="allocate" free="6949840" total="8060928" percent="86" />
      <mem type="survivor" free="0" total="2293760" percent="0" />
    </mem>
    <mem type="tenure" free="2067601976" total="2082275328" percent="99">
      <mem type="soa" free="2067601976" total="2082275328" percent="99" />
      <mem type="loa" free="0" total="0" percent="0" />
    </mem>
    <pending-finalizers system="0" default="0" reference="69" classloader="0" />
    <remembered-set count="2804" />
  </mem-info>
</gc-end>
<cycle-end id="2680" type="scavenge" contextid="2674" timestamp="2019-06-14T20:05:56.808" />
  <attribute name="elasticGC enabled" value="1" />
  <attribute name= "numThreadsSpecified" value="4" />
  <attribute name="heapSize specified" value="14024704" />
  <attribute name="Current GC Util" value="21" />
  <attribute name= "Current Time Running" value="9575" />
  <attribute name ="GC Interval" value="200" />
  <attribute name="ProportionalT" value="0.500000" />
  <attribute name="ProportionalI" value="0.500000" />
  <attribute name="ProportionalH" value="0.500000" />
  <attribute name="Current Error" value="1.000000" />
  <attribute name="IntegralT" value="32.000000" />
  <attribute name="IntegralI" value="32.000000" />
  <attribute name="IntegralH" value="32.000000" />
  <attribute name="DerivativeT" value="0.000000" />
  <attribute name="DerivativeI" value="0.000000" />
  <attribute name="DerivativeH" value="0.000000" />
  <attribute name="Loop Time for DT" value="32.000000" />
  <attribute name="Output H" value="8388608"/>
  <attribute name="Output I" value="200"/>
  <attribute name="Output T" value="4"/>
  <attribute name="Target GC Util Change" value ="20.000000" />
  <attribute name="Current GC Util Change" value="21.000000"/>
  <attribute name="GC Util currently" value="21" />
  <attribute name="CPU Util currently" value="142066630283" />
<allocation-satisfied id="2681" threadId="00000000017E2400" bytesRequested="5376" />
<af-end id="2682" timestamp="2019-06-14T20:05:56.808" threadId="00000000017E2D88" success="true" from="nursery"/>
<exclusive-end id="2683" timestamp="2019-06-14T20:05:56.808" durationms="2.555" />

<exclusive-start id="2684" timestamp="2019-06-14T20:05:56.837" intervalms="31.618">
  <response-info timems="0.174" idlems="0.174" threads="0" lastid="00000000017E6000" lastname="PmdThread 4" />
</exclusive-start>
<af-start id="2685" threadId="00000000017E6988" totalBytesRequested="1128" timestamp="2019-06-14T20:05:56.837" intervalms="31.610" type="nursery" />
<cycle-start id="2686" type="scavenge" contextid="0" timestamp="2019-06-14T20:05:56.837" intervalms="31.601" />
<gc-start id="2687" type="scavenge" contextid="2686" timestamp="2019-06-14T20:05:56.838">
  <mem-info id="2688" free="2067596504" total="2092630016" percent="98">
    <mem type="nursery" free="0" total="10354688" percent="0">
      <mem type="allocate" free="0" total="8060928" percent="0" />
      <mem type="survivor" free="0" total="2293760" percent="0" />
    </mem>
    <mem type="tenure" free="2067596504" total="2082275328" percent="99">
      <mem type="soa" free="2067596504" total="2082275328" percent="99" />
      <mem type="loa" free="0" total="0" percent="0" />
    </mem>
    <remembered-set count="4078" />
  </mem-info>
</gc-start>
<allocation-stats totalBytes="6953472" >
  <allocated-bytes non-tlh="10848" tlh="6942624" />
  <largest-consumer threadName="PmdThread 2" threadId="00000000017DA800" bytes="2693544" />
</allocation-stats>
<gc-op id="2689" type="scavenge" timems="0.737" contextid="2686" timestamp="2019-06-14T20:05:56.838">
  <scavenger-info tenureage="2" tenuremask="7ffc" tiltratio="77" />
  <memory-copied type="nursery" objects="10768" bytes="546224" bytesdiscarded="190752" />
  <memory-copied type="tenure" objects="2737" bytes="73608" bytesdiscarded="8" />
  <references type="weak" candidates="116" cleared="116" enqueued="116" />
  <references type="phantom" candidates="30" cleared="26" enqueued="26" />
</gc-op>
<gc-end id="2690" type="scavenge" contextid="2686" durationms="0.964" usertimems="4.000" systemtimems="0.000" timestamp="2019-06-14T20:05:56.838" activeThreads="4">
  <mem-info id="2691" free="2075143184" total="2092630016" percent="99">
    <mem type="nursery" free="7585848" total="10354688" percent="73">
      <mem type="allocate" free="7585848" total="8323072" percent="91" />
      <mem type="survivor" free="0" total="2031616" percent="0" />
    </mem>
    <mem type="tenure" free="2067557336" total="2082275328" percent="99">
      <mem type="soa" free="2067557336" total="2082275328" percent="99" />
      <mem type="loa" free="0" total="0" percent="0" />
    </mem>
    <pending-finalizers system="0" default="0" reference="142" classloader="0" />
    <remembered-set count="3255" />
  </mem-info>
</gc-end>
<cycle-end id="2692" type="scavenge" contextid="2686" timestamp="2019-06-14T20:05:56.839" />
  <attribute name="elasticGC enabled" value="1" />
  <attribute name= "numThreadsSpecified" value="4" />
  <attribute name="heapSize specified" value="14024704" />
  <attribute name="Current GC Util" value="13" />
  <attribute name= "Current Time Running" value="9607" />
  <attribute name ="GC Interval" value="200" />
  <attribute name="ProportionalT" value="-3.500000" />
  <attribute name="ProportionalI" value="-3.500000" />
  <attribute name="ProportionalH" value="-3.500000" />
  <attribute name="Current Error" value="-7.000000" />
  <attribute name="IntegralT" value="-224.000000" />
  <attribute name="IntegralI" value="-224.000000" />
  <attribute name="IntegralH" value="-224.000000" />
  <attribute name="DerivativeT" value="-0.125000" />
  <attribute name="DerivativeI" value="-0.125000" />
  <attribute name="DerivativeH" value="-0.125000" />
  <attribute name="Loop Time for DT" value="32.000000" />
  <attribute name="Output H" value="2092630016"/>
  <attribute name="Output I" value="200"/>
  <attribute name="Output T" value="4"/>
  <attribute name="Target GC Util Change" value ="20.000000" />
  <attribute name="Current GC Util Change" value="13.000000"/>
  <attribute name="GC Util currently" value="13" />
  <attribute name="CPU Util currently" value="145652153727" />
<allocation-satisfied id="2693" threadId="00000000017E6000" bytesRequested="1128" />
<af-end id="2694" timestamp="2019-06-14T20:05:56.839" threadId="00000000017E6988" success="true" from="nursery"/>
<exclusive-end id="2695" timestamp="2019-06-14T20:05:56.839" durationms="1.525" />

<exclusive-start id="2696" timestamp="2019-06-14T20:05:56.863" intervalms="25.547">
  <response-info timems="1.426" idlems="0.708" threads="3" lastid="00000000017DA800" lastname="PmdThread 2" />
</exclusive-start>
<af-start id="2697" threadId="00000000017D7588" totalBytesRequested="16" timestamp="2019-06-14T20:05:56.863" intervalms="25.521" type="nursery" />
<cycle-start id="2698" type="scavenge" contextid="0" timestamp="2019-06-14T20:05:56.863" intervalms="25.523" />
<gc-start id="2699" type="scavenge" contextid="2698" timestamp="2019-06-14T20:05:56.863">
  <mem-info id="2700" free="2067556272" total="2092630016" percent="98">
    <mem type="nursery" free="0" total="10354688" percent="0">
      <mem type="allocate" free="0" total="8323072" percent="0" />
      <mem type="survivor" free="0" total="2031616" percent="0" />
    </mem>
    <mem type="tenure" free="2067556272" total="2082275328" percent="99">
      <mem type="soa" free="2067556272" total="2082275328" percent="99" />
      <mem type="loa" free="0" total="0" percent="0" />
    </mem>
    <remembered-set count="4084" />
  </mem-info>
</gc-start>
<allocation-stats totalBytes="7581392" >
  <allocated-bytes non-tlh="445392" tlh="7136000" />
  <largest-consumer threadName="PmdThread 1" threadId="00000000017D6C00" bytes="4437440" />
</allocation-stats>
<gc-op id="2701" type="scavenge" timems="0.947" contextid="2698" timestamp="2019-06-14T20:05:56.864">
  <scavenger-info tenureage="3" tenuremask="7ff8" tiltratio="80" />
  <memory-copied type="nursery" objects="18590" bytes="1080496" bytesdiscarded="148568" />
  <references type="soft" candidates="1" cleared="0" enqueued="0" dynamicThreshold="31" maxThreshold="32" />
  <references type="weak" candidates="110" cleared="110" enqueued="110" />
  <references type="phantom" candidates="11" cleared="7" enqueued="7" />
</gc-op>
<gc-end id="2702" type="scavenge" contextid="2698" durationms="1.192" usertimems="0.000" systemtimems="0.000" timestamp="2019-06-14T20:05:56.864" activeThreads="4">
  <mem-info id="2703" free="2074715184" total="2092630016" percent="99">
    <mem type="nursery" free="7158912" total="10354688" percent="69">
      <mem type="allocate" free="7158912" total="8388608" percent="85" />
      <mem type="survivor" free="0" total="1966080" percent="0" />
    </mem>
    <mem type="tenure" free="2067556272" total="2082275328" percent="99">
      <mem type="soa" free="2067556272" total="2082275328" percent="99" />
      <mem type="loa" free="0" total="0" percent="0" />
    </mem>
    <pending-finalizers system="0" default="0" reference="117" classloader="0" />
    <remembered-set count="3876" />
  </mem-info>
</gc-end>
<cycle-end id="2704" type="scavenge" contextid="2698" timestamp="2019-06-14T20:05:56.864" />
  <attribute name="elasticGC enabled" value="1" />
  <attribute name= "numThreadsSpecified" value="4" />
  <attribute name="heapSize specified" value="14024704" />
  <attribute name="Current GC Util" value="8" />
  <attribute name= "Current Time Running" value="9632" />
  <attribute name ="GC Interval" value="200" />
  <attribute name="ProportionalT" value="-6.000000" />
  <attribute name="ProportionalI" value="-6.000000" />
  <attribute name="ProportionalH" value="-6.000000" />
  <attribute name="Current Error" value="-12.000000" />
  <attribute name="IntegralT" value="-300.000000" />
  <attribute name="IntegralI" value="-300.000000" />
  <attribute name="IntegralH" value="-300.000000" />
  <attribute name="DerivativeT" value="-0.240000" />
  <attribute name="DerivativeI" value="-0.240000" />
  <attribute name="DerivativeH" value="-0.240000" />
  <attribute name="Loop Time for DT" value="25.000000" />
  <attribute name="Output H" value="2092630016"/>
  <attribute name="Output I" value="200"/>
  <attribute name="Output T" value="4"/>
  <attribute name="Target GC Util Change" value ="20.000000" />
  <attribute name="Current GC Util Change" value="8.000000"/>
  <attribute name="GC Util currently" value="8" />
  <attribute name="CPU Util currently" value="181200516822" />
<allocation-satisfied id="2705" threadId="00000000017D6C00" bytesRequested="16" />
<af-end id="2706" timestamp="2019-06-14T20:05:56.864" threadId="00000000017D7588" success="true" from="nursery"/>
<exclusive-end id="2707" timestamp="2019-06-14T20:05:56.865" durationms="1.802" />

<exclusive-start id="2708" timestamp="2019-06-14T20:05:56.901" intervalms="37.997">
  <response-info timems="0.051" idlems="0.022" threads="2" lastid="00000000017E6000" lastname="PmdThread 4" />
</exclusive-start>
<af-start id="2709" threadId="00000000017DB188" totalBytesRequested="56" timestamp="2019-06-14T20:05:56.901" intervalms="37.995" type="nursery" />
<cycle-start id="2710" type="scavenge" contextid="0" timestamp="2019-06-14T20:05:56.901" intervalms="37.996" />
<gc-start id="2711" type="scavenge" contextid="2710" timestamp="2019-06-14T20:05:56.901">
  <mem-info id="2712" free="2067553920" total="2092630016" percent="98">
    <mem type="nursery" free="0" total="10354688" percent="0">
      <mem type="allocate" free="0" total="8388608" percent="0" />
      <mem type="survivor" free="0" total="1966080" percent="0" />
    </mem>
    <mem type="tenure" free="2067553920" total="2082275328" percent="99">
      <mem type="soa" free="2067553920" total="2082275328" percent="99" />
      <mem type="loa" free="0" total="0" percent="0" />
    </mem>
    <remembered-set count="4210" />
  </mem-info>
</gc-start>
<allocation-stats totalBytes="7157880" >
  <allocated-bytes non-tlh="2368" tlh="7155512" />
  <largest-consumer threadName="PmdThread 2" threadId="00000000017DA800" bytes="2635976" />
</allocation-stats>
<gc-op id="2713" type="scavenge" timems="1.211" contextid="2710" timestamp="2019-06-14T20:05:56.902">
  <scavenger-info tenureage="3" tenuremask="7ff8" tiltratio="81" />
  <memory-copied type="nursery" objects="29028" bytes="1298560" bytesdiscarded="159568" />
  <memory-copied type="tenure" objects="4524" bytes="127712" bytesdiscarded="32" />
  <references type="soft" candidates="1" cleared="0" enqueued="0" dynamicThreshold="31" maxThreshold="32" />
  <references type="weak" candidates="249" cleared="249" enqueued="249" />
  <references type="phantom" candidates="13" cleared="8" enqueued="8" />
</gc-op>
<gc-end id="2714" type="scavenge" contextid="2710" durationms="1.415" usertimems="4.000" systemtimems="0.000" timestamp="2019-06-14T20:05:56.902" activeThreads="4">
  <mem-info id="2715" free="2074478304" total="2092630016" percent="99">
    <mem type="nursery" free="6994272" total="10354688" percent="67">
      <mem type="allocate" free="6994272" total="8454144" percent="82" />
      <mem type="survivor" free="0" total="1900544" percent="0" />
    </mem>
    <mem type="tenure" free="2067484032" total="2082275328" percent="99">
      <mem type="soa" free="2067484032" total="2082275328" percent="99" />
      <mem type="loa" free="0" total="0" percent="0" />
    </mem>
    <pending-finalizers system="0" default="0" reference="257" classloader="0" />
    <remembered-set count="2114" />
  </mem-info>
</gc-end>
<cycle-end id="2716" type="scavenge" contextid="2710" timestamp="2019-06-14T20:05:56.902" />
  <attribute name="elasticGC enabled" value="1" />
  <attribute name= "numThreadsSpecified" value="4" />
  <attribute name="heapSize specified" value="14024704" />
  <attribute name="Current GC Util" value="7" />
  <attribute name= "Current Time Running" value="9670" />
  <attribute name ="GC Interval" value="200" />
  <attribute name="ProportionalT" value="-6.500000" />
  <attribute name="ProportionalI" value="-6.500000" />
  <attribute name="ProportionalH" value="-6.500000" />
  <attribute name="Current Error" value="-13.000000" />
  <attribute name="IntegralT" value="-494.000000" />
  <attribute name="IntegralI" value="-494.000000" />
  <attribute name="IntegralH" value="-494.000000" />
  <attribute name="DerivativeT" value="-0.171053" />
  <attribute name="DerivativeI" value="-0.171053" />
  <attribute name="DerivativeH" value="-0.171053" />
  <attribute name="Loop Time for DT" value="38.000000" />
  <attribute name="Output H" value="2092630016"/>
  <attribute name="Output I" value="200"/>
  <attribute name="Output T" value="4"/>
  <attribute name="Target GC Util Change" value ="20.000000" />
  <attribute name="Current GC Util Change" value="7.000000"/>
  <attribute name="GC Util currently" value="7" />
  <attribute name="CPU Util currently" value="121361629533" />
<allocation-satisfied id="2717" threadId="00000000017DA800" bytesRequested="56" />
<af-end id="2718" timestamp="2019-06-14T20:05:56.903" threadId="00000000017DB188" success="true" from="nursery"/>
<exclusive-end id="2719" timestamp="2019-06-14T20:05:56.903" durationms="1.927" />

<exclusive-start id="2720" timestamp="2019-06-14T20:05:56.922" intervalms="21.579">
  <response-info timems="0.106" idlems="0.034" threads="3" lastid="00000000017DA800" lastname="PmdThread 2" />
</exclusive-start>
<af-start id="2721" threadId="00000000017D7588" totalBytesRequested="88" timestamp="2019-06-14T20:05:56.922" intervalms="21.591" type="nursery" />
<cycle-start id="2722" type="scavenge" contextid="0" timestamp="2019-06-14T20:05:56.922" intervalms="21.571" />
<gc-start id="2723" type="scavenge" contextid="2722" timestamp="2019-06-14T20:05:56.923">
  <mem-info id="2724" free="2067484032" total="2092630016" percent="98">
    <mem type="nursery" free="0" total="10354688" percent="0">
      <mem type="allocate" free="0" total="8454144" percent="0" />
      <mem type="survivor" free="0" total="1900544" percent="0" />
    </mem>
    <mem type="tenure" free="2067484032" total="2082275328" percent="99">
      <mem type="soa" free="2067484032" total="2082275328" percent="99" />
      <mem type="loa" free="0" total="0" percent="0" />
    </mem>
    <remembered-set count="3041" />
  </mem-info>
</gc-start>
<allocation-stats totalBytes="6986192" >
  <allocated-bytes non-tlh="56" tlh="6986136" />
  <largest-consumer threadName="PmdThread 1" threadId="00000000017D6C00" bytes="3260768" />
</allocation-stats>
<gc-op id="2725" type="scavenge" timems="3.243" contextid="2722" timestamp="2019-06-14T20:05:56.926">
  <scavenger-info tenureage="3" tenuremask="7ff8" tiltratio="81" />
  <memory-copied type="nursery" objects="38800" bytes="1757432" bytesdiscarded="139976" />
  <memory-copied type="tenure" objects="5903" bytes="195112" bytesdiscarded="72" />
  <copy-failed type="nursery" objects="3019" bytes="108240" />
  <references type="soft" candidates="1" cleared="0" enqueued="0" dynamicThreshold="31" maxThreshold="32" />
  <references type="weak" candidates="243" cleared="243" enqueued="243" />
  <references type="phantom" candidates="3" cleared="1" enqueued="1" />
</gc-op>
<gc-end id="2726" type="scavenge" contextid="2722" durationms="3.476" usertimems="12.000" systemtimems="0.000" timestamp="2019-06-14T20:05:56.926" activeThreads="4">
  <mem-info id="2727" free="2073002368" total="2092630016" percent="99">
    <mem type="nursery" free="5767168" total="10354688" percent="55">
      <mem type="allocate" free="5767168" total="7667712" percent="75" />
      <mem type="survivor" free="0" total="2686976" percent="0" />
    </mem>
    <mem type="tenure" free="2067235200" total="2082275328" percent="99">
      <mem type="soa" free="2067235200" total="2082275328" percent="99" />
      <mem type="loa" free="0" total="0" percent="0" />
    </mem>
    <pending-finalizers system="0" default="0" reference="244" classloader="0" />
    <remembered-set count="2118" />
  </mem-info>
</gc-end>
<cycle-end id="2728" type="scavenge" contextid="2722" timestamp="2019-06-14T20:05:56.926" />
  <attribute name="elasticGC enabled" value="1" />
  <attribute name= "numThreadsSpecified" value="4" />
  <attribute name="heapSize specified" value="14024704" />
  <attribute name="Current GC Util" value="17" />
  <attribute name= "Current Time Running" value="9692" />
  <attribute name ="GC Interval" value="200" />
  <attribute name="ProportionalT" value="-1.500000" />
  <attribute name="ProportionalI" value="-1.500000" />
  <attribute name="ProportionalH" value="-1.500000" />
  <attribute name="Current Error" value="-3.000000" />
  <attribute name="IntegralT" value="-66.000000" />
  <attribute name="IntegralI" value="-66.000000" />
  <attribute name="IntegralH" value="-66.000000" />
  <attribute name="DerivativeT" value="-0.068182" />
  <attribute name="DerivativeI" value="-0.068182" />
  <attribute name="DerivativeH" value="-0.068182" />
  <attribute name="Loop Time for DT" value="22.000000" />
  <attribute name="Output H" value="2092630016"/>
  <attribute name="Output I" value="200"/>
  <attribute name="Output T" value="4"/>
  <attribute name="Target GC Util Change" value ="20.000000" />
  <attribute name="Current GC Util Change" value="17.000000"/>
  <attribute name="GC Util currently" value="17" />
  <attribute name="CPU Util currently" value="214081057524" />
<allocation-satisfied id="2729" threadId="00000000017D6C00" bytesRequested="88" />
<af-end id="2730" timestamp="2019-06-14T20:05:56.926" threadId="00000000017D7588" success="true" from="nursery"/>
<exclusive-end id="2731" timestamp="2019-06-14T20:05:56.926" durationms="4.058" />

<exclusive-start id="2732" timestamp="2019-06-14T20:05:56.939" intervalms="16.737">
  <response-info timems="0.267" idlems="0.232" threads="1" lastid="00000000017E6000" lastname="PmdThread 4" />
</exclusive-start>
<af-start id="2733" threadId="00000000017E2D88" totalBytesRequested="16" timestamp="2019-06-14T20:05:56.939" intervalms="16.749" type="nursery" />
<cycle-start id="2734" type="scavenge" contextid="0" timestamp="2019-06-14T20:05:56.939" intervalms="16.797" />
<gc-start id="2735" type="scavenge" contextid="2734" timestamp="2019-06-14T20:05:56.939">
  <mem-info id="2736" free="2067234992" total="2092630016" percent="98">
    <mem type="nursery" free="0" total="10354688" percent="0">
      <mem type="allocate" free="0" total="7667712" percent="0" />
      <mem type="survivor" free="0" total="2686976" percent="0" />
    </mem>
    <mem type="tenure" free="2067234992" total="2082275328" percent="99">
      <mem type="soa" free="2067234992" total="2082275328" percent="99" />
      <mem type="loa" free="0" total="0" percent="0" />
    </mem>
    <remembered-set count="2325" />
  </mem-info>
</gc-start>
<allocation-stats totalBytes="5764408" >
  <allocated-bytes non-tlh="296" tlh="5764112" />
  <largest-consumer threadName="PmdThread 4" threadId="00000000017E6000" bytes="2154264" />
</allocation-stats>
<gc-op id="2737" type="scavenge" timems="2.117" contextid="2734" timestamp="2019-06-14T20:05:56.942">
  <scavenger-info tenureage="3" tenuremask="7ff8" tiltratio="74" />
  <memory-copied type="nursery" objects="45769" bytes="1894616" bytesdiscarded="269520" />
  <memory-copied type="tenure" objects="4415" bytes="209624" bytesdiscarded="24" />
  <references type="weak" candidates="154" cleared="154" enqueued="154" />
  <references type="phantom" candidates="1" cleared="1" enqueued="1" />
</gc-op>
<gc-end id="2738" type="scavenge" contextid="2734" durationms="2.351" usertimems="0.000" systemtimems="8.000" timestamp="2019-06-14T20:05:56.942" activeThreads="4">
  <mem-info id="2739" free="2072968536" total="2092630016" percent="99">
    <mem type="nursery" free="5961672" total="10354688" percent="57">
      <mem type="allocate" free="5961672" total="8126464" percent="73" />
      <mem type="survivor" free="0" total="2228224" percent="0" />
    </mem>
    <mem type="tenure" free="2067006864" total="2082275328" percent="99">
      <mem type="soa" free="2067006864" total="2082275328" percent="99" />
      <mem type="loa" free="0" total="0" percent="0" />
    </mem>
    <pending-finalizers system="0" default="0" reference="155" classloader="0" />
    <remembered-set count="1429" />
  </mem-info>
</gc-end>
<cycle-end id="2740" type="scavenge" contextid="2734" timestamp="2019-06-14T20:05:56.942" />
  <attribute name="elasticGC enabled" value="1" />
  <attribute name= "numThreadsSpecified" value="4" />
  <attribute name="heapSize specified" value="14024704" />
  <attribute name="Current GC Util" value="27" />
  <attribute name= "Current Time Running" value="9709" />
  <attribute name ="GC Interval" value="200" />
  <attribute name="ProportionalT" value="3.500000" />
  <attribute name="ProportionalI" value="3.500000" />
  <attribute name="ProportionalH" value="3.500000" />
  <attribute name="Current Error" value="7.000000" />
  <attribute name="IntegralT" value="119.000000" />
  <attribute name="IntegralI" value="119.000000" />
  <attribute name="IntegralH" value="119.000000" />
  <attribute name="DerivativeT" value="0.205882" />
  <attribute name="DerivativeI" value="0.205882" />
  <attribute name="DerivativeH" value="0.205882" />
  <attribute name="Loop Time for DT" value="17.000000" />
  <attribute name="Output H" value="8388608"/>
  <attribute name="Output I" value="200"/>
  <attribute name="Output T" value="4"/>
  <attribute name="Target GC Util Change" value ="20.000000" />
  <attribute name="Current GC Util Change" value="27.000000"/>
  <attribute name="GC Util currently" value="27" />
  <attribute name="CPU Util currently" value="273977140605" />
<allocation-satisfied id="2741" threadId="00000000017E2400" bytesRequested="16" />
<af-end id="2742" timestamp="2019-06-14T20:05:56.942" threadId="00000000017E2D88" success="true" from="nursery"/>
<exclusive-end id="2743" timestamp="2019-06-14T20:05:56.942" durationms="2.954" />

<exclusive-start id="2744" timestamp="2019-06-14T20:05:56.955" intervalms="15.531">
  <response-info timems="0.139" idlems="0.083" threads="1" lastid="00000000017D6C00" lastname="PmdThread 1" />
</exclusive-start>
<af-start id="2745" threadId="00000000017DB188" totalBytesRequested="24" timestamp="2019-06-14T20:05:56.955" intervalms="15.513" type="nursery" />
<cycle-start id="2746" type="scavenge" contextid="0" timestamp="2019-06-14T20:05:56.955" intervalms="15.481" />
<gc-start id="2747" type="scavenge" contextid="2746" timestamp="2019-06-14T20:05:56.955">
  <mem-info id="2748" free="2067006864" total="2092630016" percent="98">
    <mem type="nursery" free="0" total="10354688" percent="0">
      <mem type="allocate" free="0" total="8126464" percent="0" />
      <mem type="survivor" free="0" total="2228224" percent="0" />
    </mem>
    <mem type="tenure" free="2067006864" total="2082275328" percent="99">
      <mem type="soa" free="2067006864" total="2082275328" percent="99" />
      <mem type="loa" free="0" total="0" percent="0" />
    </mem>
    <remembered-set count="1811" />
  </mem-info>
</gc-start>
<allocation-stats totalBytes="5954512" >
  <allocated-bytes non-tlh="16" tlh="5954496" />
  <largest-consumer threadName="PmdThread 3" threadId="00000000017E2400" bytes="2602320" />
</allocation-stats>
<gc-op id="2749" type="scavenge" timems="2.458" contextid="2746" timestamp="2019-06-14T20:05:56.957">
  <scavenger-info tenureage="3" tenuremask="7ff8" tiltratio="78" />
  <memory-copied type="nursery" objects="42080" bytes="1751808" bytesdiscarded="22568" />
  <memory-copied type="tenure" objects="13420" bytes="563312" bytesdiscarded="488" />
  <references type="weak" candidates="223" cleared="223" enqueued="223" />
  <references type="phantom" candidates="1" cleared="1" enqueued="1" />
</gc-op>
<gc-end id="2750" type="scavenge" contextid="2746" durationms="2.859" usertimems="8.000" systemtimems="0.000" timestamp="2019-06-14T20:05:56.958" activeThreads="4">
  <mem-info id="2751" free="2072849272" total="2092630016" percent="99">
    <mem type="nursery" free="6416904" total="10354688" percent="61">
      <mem type="allocate" free="6416904" total="8192000" percent="78" />
      <mem type="survivor" free="0" total="2162688" percent="0" />
    </mem>
    <mem type="tenure" free="2066432368" total="2082275328" percent="99">
      <mem type="soa" free="2066432368" total="2082275328" percent="99" />
      <mem type="loa" free="0" total="0" percent="0" />
    </mem>
    <pending-finalizers system="0" default="0" reference="224" classloader="0" />
    <remembered-set count="1108" />
  </mem-info>
</gc-end>
<cycle-end id="2752" type="scavenge" contextid="2746" timestamp="2019-06-14T20:05:56.958" />
  <attribute name="elasticGC enabled" value="1" />
  <attribute name= "numThreadsSpecified" value="4" />
  <attribute name="heapSize specified" value="14024704" />
  <attribute name="Current GC Util" value="32" />
  <attribute name= "Current Time Running" value="9724" />
  <attribute name ="GC Interval" value="200" />
  <attribute name="ProportionalT" value="6.000000" />
  <attribute name="ProportionalI" value="6.000000" />
  <attribute name="ProportionalH" value="6.000000" />
  <attribute name="Current Error" value="12.000000" />
  <attribute name="IntegralT" value="180.000000" />
  <attribute name="IntegralI" value="180.000000" />
  <attribute name="IntegralH" value="180.000000" />
  <attribute name="DerivativeT" value="0.166667" />
  <attribute name="DerivativeI" value="0.166667" />
  <attribute name="DerivativeH" value="0.166667" />
  <attribute name="Loop Time for DT" value="15.000000" />
  <attribute name="Output H" value="8388608"/>
  <attribute name="Output I" value="200"/>
  <attribute name="Output T" value="4"/>
  <attribute name="Target GC Util Change" value ="20.000000" />
  <attribute name="Current GC Util Change" value="32.000000"/>
  <attribute name="GC Util currently" value="32" />
  <attribute name="CPU Util currently" value="296701306836" />
<allocation-satisfied id="2753" threadId="00000000017DA800" bytesRequested="24" />
<af-end id="2754" timestamp="2019-06-14T20:05:56.958" threadId="00000000017DB188" success="true" from="nursery"/>
<exclusive-end id="2755" timestamp="2019-06-14T20:05:56.958" durationms="3.375" />

<exclusive-start id="2756" timestamp="2019-06-14T20:05:56.975" intervalms="20.495">
  <response-info timems="0.057" idlems="0.057" threads="0" lastid="00000000017D6C00" lastname="PmdThread 1" />
</exclusive-start>
<af-start id="2757" threadId="00000000017D7588" totalBytesRequested="32" timestamp="2019-06-14T20:05:56.975" intervalms="20.514" type="nursery" />
<cycle-start id="2758" type="scavenge" contextid="0" timestamp="2019-06-14T20:05:56.975" intervalms="20.511" />
<gc-start id="2759" type="scavenge" contextid="2758" timestamp="2019-06-14T20:05:56.975">
  <mem-info id="2760" free="2066432032" total="2092630016" percent="98">
    <mem type="nursery" free="0" total="10354688" percent="0">
      <mem type="allocate" free="0" total="8192000" percent="0" />
      <mem type="survivor" free="0" total="2162688" percent="0" />
    </mem>
    <mem type="tenure" free="2066432032" total="2082275328" percent="99">
      <mem type="soa" free="2066432032" total="2082275328" percent="99" />
      <mem type="loa" free="0" total="0" percent="0" />
    </mem>
    <remembered-set count="2078" />
  </mem-info>
</gc-start>
<allocation-stats totalBytes="6410168" >
  <allocated-bytes non-tlh="360" tlh="6409808" />
  <largest-consumer threadName="PmdThread 1" threadId="00000000017D6C00" bytes="2503688" />
</allocation-stats>
<gc-op id="2761" type="scavenge" timems="4.560" contextid="2758" timestamp="2019-06-14T20:05:56.980">
  <scavenger-info tenureage="3" tenuremask="7ff8" tiltratio="79" />
  <memory-copied type="nursery" objects="25695" bytes="1211432" bytesdiscarded="100976" />
  <memory-copied type="tenure" objects="12483" bytes="476656" bytesdiscarded="184" />
  <references type="weak" candidates="331" cleared="331" enqueued="331" />
  <references type="phantom" candidates="5" cleared="4" enqueued="4" />
</gc-op>
<gc-end id="2762" type="scavenge" contextid="2758" durationms="4.827" usertimems="4.000" systemtimems="4.000" timestamp="2019-06-14T20:05:56.980" activeThreads="4">
  <mem-info id="2763" free="2072857392" total="2092630016" percent="99">
    <mem type="nursery" free="6878480" total="10354688" percent="66">
      <mem type="allocate" free="6878480" total="8192000" percent="83" />
      <mem type="survivor" free="0" total="2162688" percent="0" />
    </mem>
    <mem type="tenure" free="2065978912" total="2082275328" percent="99">
      <mem type="soa" free="2065978912" total="2082275328" percent="99" />
      <mem type="loa" free="0" total="0" percent="0" />
    </mem>
    <pending-finalizers system="0" default="0" reference="335" classloader="0" />
    <remembered-set count="1516" />
  </mem-info>
</gc-end>
<cycle-end id="2764" type="scavenge" contextid="2758" timestamp="2019-06-14T20:05:56.980" />
  <attribute name="elasticGC enabled" value="1" />
  <attribute name= "numThreadsSpecified" value="4" />
  <attribute name="heapSize specified" value="14024704" />
  <attribute name="Current GC Util" value="29" />
  <attribute name= "Current Time Running" value="9745" />
  <attribute name ="GC Interval" value="200" />
  <attribute name="ProportionalT" value="4.500000" />
  <attribute name="ProportionalI" value="4.500000" />
  <attribute name="ProportionalH" value="4.500000" />
  <attribute name="Current Error" value="9.000000" />
  <attribute name="IntegralT" value="189.000000" />
  <attribute name="IntegralI" value="189.000000" />
  <attribute name="IntegralH" value="189.000000" />
  <attribute name="DerivativeT" value="-0.071429" />
  <attribute name="DerivativeI" value="-0.071429" />
  <attribute name="DerivativeH" value="-0.071429" />
  <attribute name="Loop Time for DT" value="21.000000" />
  <attribute name="Output H" value="8388608"/>
  <attribute name="Output I" value="200"/>
  <attribute name="Output T" value="4"/>
  <attribute name="Target GC Util Change" value ="20.000000" />
  <attribute name="Current GC Util Change" value="29.000000"/>
  <attribute name="GC Util currently" value="29" />
  <attribute name="CPU Util currently" value="224439733490" />
<allocation-satisfied id="2765" threadId="00000000017D6C00" bytesRequested="32" />
<af-end id="2766" timestamp="2019-06-14T20:05:56.980" threadId="00000000017D7588" success="true" from="nursery"/>
<exclusive-end id="2767" timestamp="2019-06-14T20:05:56.980" durationms="5.385" />

<exclusive-start id="2768" timestamp="2019-06-14T20:05:56.996" intervalms="20.554">
  <response-info timems="1.826" idlems="1.166" threads="2" lastid="00000000017E2400" lastname="PmdThread 3" />
</exclusive-start>
<af-start id="2769" threadId="00000000017DB188" totalBytesRequested="24" timestamp="2019-06-14T20:05:56.996" intervalms="20.520" type="nursery" />
<cycle-start id="2770" type="scavenge" contextid="0" timestamp="2019-06-14T20:05:56.996" intervalms="20.520" />
<gc-start id="2771" type="scavenge" contextid="2770" timestamp="2019-06-14T20:05:56.996">
  <mem-info id="2772" free="2065978040" total="2092630016" percent="98">
    <mem type="nursery" free="0" total="10354688" percent="0">
      <mem type="allocate" free="0" total="8192000" percent="0" />
      <mem type="survivor" free="0" total="2162688" percent="0" />
    </mem>
    <mem type="tenure" free="2065978040" total="2082275328" percent="99">
      <mem type="soa" free="2065978040" total="2082275328" percent="99" />
      <mem type="loa" free="0" total="0" percent="0" />
    </mem>
    <remembered-set count="2165" />
  </mem-info>
</gc-start>
<allocation-stats totalBytes="6870808" >
  <allocated-bytes non-tlh="904" tlh="6869904" />
  <largest-consumer threadName="PmdThread 2" threadId="00000000017DA800" bytes="2798208" />
</allocation-stats>
<gc-op id="2773" type="scavenge" timems="2.712" contextid="2770" timestamp="2019-06-14T20:05:56.999">
  <scavenger-info tenureage="3" tenuremask="7ff8" tiltratio="79" />
  <memory-copied type="nursery" objects="13218" bytes="667776" bytesdiscarded="151944" />
  <memory-copied type="tenure" objects="13339" bytes="498408" bytesdiscarded="936" />
  <references type="weak" candidates="291" cleared="291" enqueued="291" />
  <references type="phantom" candidates="2" cleared="2" enqueued="2" />
</gc-op>
<gc-end id="2774" type="scavenge" contextid="2770" durationms="3.098" usertimems="4.000" systemtimems="4.000" timestamp="2019-06-14T20:05:56.999" activeThreads="4">
  <mem-info id="2775" free="2073123080" total="2092630016" percent="99">
    <mem type="nursery" free="7567440" total="10354688" percent="73">
      <mem type="allocate" free="7567440" total="8388608" percent="90" />
      <mem type="survivor" free="0" total="1966080" percent="0" />
    </mem>
    <mem type="tenure" free="2065555640" total="2082275328" percent="99">
      <mem type="soa" free="2065555640" total="2082275328" percent="99" />
      <mem type="loa" free="0" total="0" percent="0" />
    </mem>
    <pending-finalizers system="0" default="0" reference="293" classloader="0" />
    <remembered-set count="1456" />
  </mem-info>
</gc-end>
<cycle-end id="2776" type="scavenge" contextid="2770" timestamp="2019-06-14T20:05:56.999" />
  <attribute name="elasticGC enabled" value="1" />
  <attribute name= "numThreadsSpecified" value="4" />
  <attribute name="heapSize specified" value="14024704" />
  <attribute name="Current GC Util" value="35" />
  <attribute name= "Current Time Running" value="9765" />
  <attribute name ="GC Interval" value="312" />
  <attribute name="ProportionalT" value="7.500000" />
  <attribute name="ProportionalI" value="7.500000" />
  <attribute name="ProportionalH" value="7.500000" />
  <attribute name="Current Error" value="15.000000" />
  <attribute name="IntegralT" value="300.000000" />
  <attribute name="IntegralI" value="300.000000" />
  <attribute name="IntegralH" value="300.000000" />
  <attribute name="DerivativeT" value="0.150000" />
  <attribute name="DerivativeI" value="0.150000" />
  <attribute name="DerivativeH" value="0.150000" />
  <attribute name="Loop Time for DT" value="20.000000" />
  <attribute name="Output H" value="8388608"/>
  <attribute name="Output I" value="312"/>
  <attribute name="Output T" value="4"/>
  <attribute name="Target GC Util Change" value ="20.000000" />
  <attribute name="Current GC Util Change" value="35.000000"/>
  <attribute name="GC Util currently" value="35" />
  <attribute name="CPU Util currently" value="225914377305" />
<allocation-satisfied id="2777" threadId="00000000017DA800" bytesRequested="24" />
<af-end id="2778" timestamp="2019-06-14T20:05:56.999" threadId="00000000017DB188" success="true" from="nursery"/>
<exclusive-end id="2779" timestamp="2019-06-14T20:05:56.999" durationms="3.639" />

<exclusive-start id="2780" timestamp="2019-06-14T20:05:57.020" intervalms="24.147">
  <response-info timems="0.101" idlems="0.064" threads="1" lastid="00000000014D1B00" lastname="JIT Compilation Thread-2" />
</exclusive-start>
<af-start id="2781" threadId="00000000017D7588" totalBytesRequested="48" timestamp="2019-06-14T20:05:57.020" intervalms="24.193" type="nursery" />
<cycle-start id="2782" type="scavenge" contextid="0" timestamp="2019-06-14T20:05:57.020" intervalms="24.187" />
<gc-start id="2783" type="scavenge" contextid="2782" timestamp="2019-06-14T20:05:57.020">
  <mem-info id="2784" free="2065554848" total="2092630016" percent="98">
    <mem type="nursery" free="0" total="10354688" percent="0">
      <mem type="allocate" free="0" total="8388608" percent="0" />
      <mem type="survivor" free="0" total="1966080" percent="0" />
    </mem>
    <mem type="tenure" free="2065554848" total="2082275328" percent="99">
      <mem type="soa" free="2065554848" total="2082275328" percent="99" />
      <mem type="loa" free="0" total="0" percent="0" />
    </mem>
    <remembered-set count="2411" />
  </mem-info>
</gc-start>
<allocation-stats totalBytes="7561584" >
  <allocated-bytes non-tlh="816" tlh="7560768" />
  <largest-consumer threadName="PmdThread 1" threadId="00000000017D6C00" bytes="4182032" />
</allocation-stats>
<gc-op id="2785" type="scavenge" timems="1.501" contextid="2782" timestamp="2019-06-14T20:05:57.022">
  <scavenger-info tenureage="4" tenuremask="7ff0" tiltratio="81" />
  <memory-copied type="nursery" objects="11295" bytes="533432" bytesdiscarded="196792" />
  <references type="weak" candidates="322" cleared="322" enqueued="322" />
</gc-op>
<gc-end id="2786" type="scavenge" contextid="2782" durationms="1.936" usertimems="4.000" systemtimems="0.000" timestamp="2019-06-14T20:05:57.022" activeThreads="4">
  <mem-info id="2787" free="2073474112" total="2092630016" percent="99">
    <mem type="nursery" free="7919264" total="10354688" percent="76">
      <mem type="allocate" free="7919264" total="8650752" percent="91" />
      <mem type="survivor" free="0" total="1703936" percent="0" />
    </mem>
    <mem type="tenure" free="2065554848" total="2082275328" percent="99">
      <mem type="soa" free="2065554848" total="2082275328" percent="99" />
      <mem type="loa" free="0" total="0" percent="0" />
    </mem>
    <pending-finalizers system="0" default="0" reference="322" classloader="0" />
    <remembered-set count="1453" />
  </mem-info>
</gc-end>
<cycle-end id="2788" type="scavenge" contextid="2782" timestamp="2019-06-14T20:05:57.022" />
  <attribute name="elasticGC enabled" value="1" />
  <attribute name= "numThreadsSpecified" value="4" />
  <attribute name="heapSize specified" value="14024704" />
  <attribute name="Current GC Util" value="21" />
  <attribute name= "Current Time Running" value="9790" />
  <attribute name ="GC Interval" value="200" />
  <attribute name="ProportionalT" value="0.500000" />
  <attribute name="ProportionalI" value="0.500000" />
  <attribute name="ProportionalH" value="0.500000" />
  <attribute name="Current Error" value="1.000000" />
  <attribute name="IntegralT" value="25.000000" />
  <attribute name="IntegralI" value="25.000000" />
  <attribute name="IntegralH" value="25.000000" />
  <attribute name="DerivativeT" value="-0.280000" />
  <attribute name="DerivativeI" value="-0.280000" />
  <attribute name="DerivativeH" value="-0.280000" />
  <attribute name="Loop Time for DT" value="25.000000" />
  <attribute name="Output H" value="8388608"/>
  <attribute name="Output I" value="200"/>
  <attribute name="Output T" value="4"/>
  <attribute name="Target GC Util Change" value ="20.000000" />
  <attribute name="Current GC Util Change" value="21.000000"/>
  <attribute name="GC Util currently" value="21" />
  <attribute name="CPU Util currently" value="188492130398" />
<allocation-satisfied id="2789" threadId="00000000017D6C00" bytesRequested="48" />
<af-end id="2790" timestamp="2019-06-14T20:05:57.022" threadId="00000000017D7588" success="true" from="nursery"/>
<exclusive-end id="2791" timestamp="2019-06-14T20:05:57.022" durationms="2.490" />

<exclusive-start id="2792" timestamp="2019-06-14T20:05:57.041" intervalms="21.411">
  <response-info timems="0.056" idlems="0.056" threads="0" lastid="00000000017E6000" lastname="PmdThread 4" />
</exclusive-start>
<af-start id="2793" threadId="00000000017E6988" totalBytesRequested="168" timestamp="2019-06-14T20:05:57.041" intervalms="21.359" type="nursery" />
<cycle-start id="2794" type="scavenge" contextid="0" timestamp="2019-06-14T20:05:57.041" intervalms="21.364" />
<gc-start id="2795" type="scavenge" contextid="2794" timestamp="2019-06-14T20:05:57.041">
  <mem-info id="2796" free="2065554848" total="2092630016" percent="98">
    <mem type="nursery" free="0" total="10354688" percent="0">
      <mem type="allocate" free="0" total="8650752" percent="0" />
      <mem type="survivor" free="0" total="1703936" percent="0" />
    </mem>
    <mem type="tenure" free="2065554848" total="2082275328" percent="99">
      <mem type="soa" free="2065554848" total="2082275328" percent="99" />
      <mem type="loa" free="0" total="0" percent="0" />
    </mem>
    <remembered-set count="3022" />
  </mem-info>
</gc-start>
<allocation-stats totalBytes="7907216" >
  <allocated-bytes non-tlh="48" tlh="7907168" />
  <largest-consumer threadName="PmdThread 1" threadId="00000000017D6C00" bytes="6812472" />
</allocation-stats>
<gc-op id="2797" type="scavenge" timems="0.878" contextid="2794" timestamp="2019-06-14T20:05:57.042">
  <scavenger-info tenureage="5" tenuremask="7fe0" tiltratio="83" />
  <memory-copied type="nursery" objects="17969" bytes="921040" bytesdiscarded="141960" />
  <references type="weak" candidates="437" cleared="437" enqueued="437" />
  <references type="phantom" candidates="2" cleared="1" enqueued="1" />
</gc-op>
<gc-end id="2798" type="scavenge" contextid="2794" durationms="1.082" usertimems="4.000" systemtimems="0.000" timestamp="2019-06-14T20:05:57.042" activeThreads="4">
  <mem-info id="2799" free="2073142528" total="2092630016" percent="99">
    <mem type="nursery" free="7587680" total="10354688" percent="73">
      <mem type="allocate" free="7587680" total="8650752" percent="87" />
      <mem type="survivor" free="0" total="1703936" percent="0" />
    </mem>
    <mem type="tenure" free="2065554848" total="2082275328" percent="99">
      <mem type="soa" free="2065554848" total="2082275328" percent="99" />
      <mem type="loa" free="0" total="0" percent="0" />
    </mem>
    <pending-finalizers system="0" default="0" reference="438" classloader="0" />
    <remembered-set count="1461" />
  </mem-info>
</gc-end>
<cycle-end id="2800" type="scavenge" contextid="2794" timestamp="2019-06-14T20:05:57.043" />
  <attribute name="elasticGC enabled" value="1" />
  <attribute name= "numThreadsSpecified" value="4" />
  <attribute name="heapSize specified" value="14024704" />
  <attribute name="Current GC Util" value="15" />
  <attribute name= "Current Time Running" value="9811" />
  <attribute name ="GC Interval" value="200" />
  <attribute name="ProportionalT" value="-2.500000" />
  <attribute name="ProportionalI" value="-2.500000" />
  <attribute name="ProportionalH" value="-2.500000" />
  <attribute name="Current Error" value="-5.000000" />
  <attribute name="IntegralT" value="-105.000000" />
  <attribute name="IntegralI" value="-105.000000" />
  <attribute name="IntegralH" value="-105.000000" />
  <attribute name="DerivativeT" value="-0.142857" />
  <attribute name="DerivativeI" value="-0.142857" />
  <attribute name="DerivativeH" value="-0.142857" />
  <attribute name="Loop Time for DT" value="21.000000" />
  <attribute name="Output H" value="2092630016"/>
  <attribute name="Output I" value="200"/>
  <attribute name="Output T" value="4"/>
  <attribute name="Target GC Util Change" value ="20.000000" />
  <attribute name="Current GC Util Change" value="15.000000"/>
  <attribute name="GC Util currently" value="15" />
  <attribute name="CPU Util currently" value="218963209452" />
<allocation-satisfied id="2801" threadId="00000000017E6000" bytesRequested="168" />
<af-end id="2802" timestamp="2019-06-14T20:05:57.043" threadId="00000000017E6988" success="true" from="nursery"/>
<exclusive-end id="2803" timestamp="2019-06-14T20:05:57.043" durationms="1.678" />

<exclusive-start id="2804" timestamp="2019-06-14T20:05:57.064" intervalms="22.542">
  <response-info timems="1.555" idlems="1.084" threads="3" lastid="00000000017DA800" lastname="PmdThread 2" />
</exclusive-start>
<af-start id="2805" threadId="00000000017D7588" totalBytesRequested="1104" timestamp="2019-06-14T20:05:57.064" intervalms="22.553" type="nursery" />
<cycle-start id="2806" type="scavenge" contextid="0" timestamp="2019-06-14T20:05:57.064" intervalms="22.563" />
<gc-start id="2807" type="scavenge" contextid="2806" timestamp="2019-06-14T20:05:57.064">
  <mem-info id="2808" free="2065553312" total="2092630016" percent="98">
    <mem type="nursery" free="0" total="10354688" percent="0">
      <mem type="allocate" free="0" total="8650752" percent="0" />
      <mem type="survivor" free="0" total="1703936" percent="0" />
    </mem>
    <mem type="tenure" free="2065553312" total="2082275328" percent="99">
      <mem type="soa" free="2065553312" total="2082275328" percent="99" />
      <mem type="loa" free="0" total="0" percent="0" />
    </mem>
    <remembered-set count="2409" />
  </mem-info>
</gc-start>
<allocation-stats totalBytes="7581584" >
  <allocated-bytes non-tlh="1704" tlh="7579880" />
  <largest-consumer threadName="PmdThread 1" threadId="00000000017D6C00" bytes="4087360" />
</allocation-stats>
<gc-op id="2809" type="scavenge" timems="2.267" contextid="2806" timestamp="2019-06-14T20:05:57.066">
  <scavenger-info tenureage="4" tenuremask="7ff0" tiltratio="83" />
  <memory-copied type="nursery" objects="15997" bytes="911296" bytesdiscarded="200448" />
  <memory-copied type="tenure" objects="7001" bytes="290328" bytesdiscarded="96" />
  <references type="weak" candidates="359" cleared="359" enqueued="359" />
  <references type="phantom" candidates="4" cleared="3" enqueued="3" />
</gc-op>
<gc-end id="2810" type="scavenge" contextid="2806" durationms="2.504" usertimems="4.000" systemtimems="4.000" timestamp="2019-06-14T20:05:57.066" activeThreads="4">
  <mem-info id="2811" free="2072930336" total="2092630016" percent="99">
    <mem type="nursery" free="7667344" total="10354688" percent="74">
      <mem type="allocate" free="7667344" total="8781824" percent="87" />
      <mem type="survivor" free="0" total="1572864" percent="0" />
    </mem>
    <mem type="tenure" free="2065262992" total="2082275328" percent="99">
      <mem type="soa" free="2065262992" total="2082275328" percent="99" />
      <mem type="loa" free="0" total="0" percent="0" />
    </mem>
    <pending-finalizers system="0" default="0" reference="362" classloader="0" />
    <remembered-set count="192" />
  </mem-info>
</gc-end>
<cycle-end id="2812" type="scavenge" contextid="2806" timestamp="2019-06-14T20:05:57.067" />
  <attribute name="elasticGC enabled" value="1" />
  <attribute name= "numThreadsSpecified" value="4" />
  <attribute name="heapSize specified" value="14024704" />
  <attribute name="Current GC Util" value="11" />
  <attribute name= "Current Time Running" value="9833" />
  <attribute name ="GC Interval" value="200" />
  <attribute name="ProportionalT" value="-4.500000" />
  <attribute name="ProportionalI" value="-4.500000" />
  <attribute name="ProportionalH" value="-4.500000" />
  <attribute name="Current Error" value="-9.000000" />
  <attribute name="IntegralT" value="-198.000000" />
  <attribute name="IntegralI" value="-198.000000" />
  <attribute name="IntegralH" value="-198.000000" />
  <attribute name="DerivativeT" value="-0.204545" />
  <attribute name="DerivativeI" value="-0.204545" />
  <attribute name="DerivativeH" value="-0.204545" />
  <attribute name="Loop Time for DT" value="22.000000" />
  <attribute name="Output H" value="2092630016"/>
  <attribute name="Output I" value="200"/>
  <attribute name="Output T" value="4"/>
  <attribute name="Target GC Util Change" value ="20.000000" />
  <attribute name="Current GC Util Change" value="11.000000"/>
  <attribute name="GC Util currently" value="11" />
  <attribute name="CPU Util currently" value="204068829503" />
<allocation-satisfied id="2813" threadId="00000000017D6C00" bytesRequested="1104" />
<af-end id="2814" timestamp="2019-06-14T20:05:57.067" threadId="00000000017D7588" success="true" from="nursery"/>
<exclusive-end id="2815" timestamp="2019-06-14T20:05:57.067" durationms="3.015" />

<exclusive-start id="2816" timestamp="2019-06-14T20:05:57.085" intervalms="20.814">
  <response-info timems="0.082" idlems="0.082" threads="0" lastid="00000000017D6C00" lastname="PmdThread 1" />
</exclusive-start>
<af-start id="2817" threadId="00000000017D7588" totalBytesRequested="920" timestamp="2019-06-14T20:05:57.085" intervalms="20.841" type="nursery" />
<cycle-start id="2818" type="scavenge" contextid="0" timestamp="2019-06-14T20:05:57.085" intervalms="20.874" />
<gc-start id="2819" type="scavenge" contextid="2818" timestamp="2019-06-14T20:05:57.085">
  <mem-info id="2820" free="2065262624" total="2092630016" percent="98">
    <mem type="nursery" free="0" total="10354688" percent="0">
      <mem type="allocate" free="0" total="8781824" percent="0" />
      <mem type="survivor" free="0" total="1572864" percent="0" />
    </mem>
    <mem type="tenure" free="2065262624" total="2082275328" percent="99">
      <mem type="soa" free="2065262624" total="2082275328" percent="99" />
      <mem type="loa" free="0" total="0" percent="0" />
    </mem>
    <remembered-set count="1307" />
  </mem-info>
</gc-start>
<allocation-stats totalBytes="7659976" >
  <allocated-bytes non-tlh="1472" tlh="7658504" />
  <largest-consumer threadName="PmdThread 1" threadId="00000000017D6C00" bytes="5614152" />
</allocation-stats>
<gc-op id="2821" type="scavenge" timems="2.304" contextid="2818" timestamp="2019-06-14T20:05:57.087">
  <scavenger-info tenureage="5" tenuremask="7fe0" tiltratio="84" />
  <memory-copied type="nursery" objects="16832" bytes="1002952" bytesdiscarded="12528" />
  <references type="weak" candidates="404" cleared="404" enqueued="404" />
  <references type="phantom" candidates="4" cleared="4" enqueued="4" />
</gc-op>
<gc-end id="2822" type="scavenge" contextid="2818" durationms="2.516" usertimems="8.000" systemtimems="0.000" timestamp="2019-06-14T20:05:57.087" activeThreads="4">
  <mem-info id="2823" free="2073093144" total="2092630016" percent="99">
    <mem type="nursery" free="7830520" total="10354688" percent="75">
      <mem type="allocate" free="7830520" total="8847360" percent="88" />
      <mem type="survivor" free="0" total="1507328" percent="0" />
    </mem>
    <mem type="tenure" free="2065262624" total="2082275328" percent="99">
      <mem type="soa" free="2065262624" total="2082275328" percent="99" />
      <mem type="loa" free="0" total="0" percent="0" />
    </mem>
    <pending-finalizers system="0" default="0" reference="408" classloader="0" />
    <remembered-set count="211" />
  </mem-info>
</gc-end>
<cycle-end id="2824" type="scavenge" contextid="2818" timestamp="2019-06-14T20:05:57.087" />
  <attribute name="elasticGC enabled" value="1" />
  <attribute name= "numThreadsSpecified" value="4" />
  <attribute name="heapSize specified" value="14024704" />
  <attribute name="Current GC Util" value="22" />
  <attribute name= "Current Time Running" value="9854" />
  <attribute name ="GC Interval" value="200" />
  <attribute name="ProportionalT" value="1.000000" />
  <attribute name="ProportionalI" value="1.000000" />
  <attribute name="ProportionalH" value="1.000000" />
  <attribute name="Current Error" value="2.000000" />
  <attribute name="IntegralT" value="42.000000" />
  <attribute name="IntegralI" value="42.000000" />
  <attribute name="IntegralH" value="42.000000" />
  <attribute name="DerivativeT" value="0.047619" />
  <attribute name="DerivativeI" value="0.047619" />
  <attribute name="DerivativeH" value="0.047619" />
  <attribute name="Loop Time for DT" value="21.000000" />
  <attribute name="Output H" value="8388608"/>
  <attribute name="Output I" value="200"/>
  <attribute name="Output T" value="4"/>
  <attribute name="Target GC Util Change" value ="20.000000" />
  <attribute name="Current GC Util Change" value="22.000000"/>
  <attribute name="GC Util currently" value="22" />
  <attribute name="CPU Util currently" value="220631005158" />
<allocation-satisfied id="2825" threadId="00000000017D6C00" bytesRequested="920" />
<af-end id="2826" timestamp="2019-06-14T20:05:57.088" threadId="00000000017D7588" success="true" from="nursery"/>
<exclusive-end id="2827" timestamp="2019-06-14T20:05:57.088" durationms="3.152" />

<exclusive-start id="2828" timestamp="2019-06-14T20:05:57.104" intervalms="19.668">
  <response-info timems="0.088" idlems="0.088" threads="0" lastid="00000000017D6C00" lastname="PmdThread 1" />
</exclusive-start>
<af-start id="2829" threadId="00000000017D7588" totalBytesRequested="744" timestamp="2019-06-14T20:05:57.105" intervalms="19.879" type="nursery" />
<cycle-start id="2830" type="scavenge" contextid="0" timestamp="2019-06-14T20:05:57.105" intervalms="19.857" />
<gc-start id="2831" type="scavenge" contextid="2830" timestamp="2019-06-14T20:05:57.105">
  <mem-info id="2832" free="2065262336" total="2092630016" percent="98">
    <mem type="nursery" free="0" total="10354688" percent="0">
      <mem type="allocate" free="0" total="8847360" percent="0" />
      <mem type="survivor" free="0" total="1507328" percent="0" />
    </mem>
    <mem type="tenure" free="2065262336" total="2082275328" percent="99">
      <mem type="soa" free="2065262336" total="2082275328" percent="99" />
      <mem type="loa" free="0" total="0" percent="0" />
    </mem>
    <remembered-set count="1318" />
  </mem-info>
</gc-start>
<allocation-stats totalBytes="7813608" >
  <allocated-bytes non-tlh="1208" tlh="7812400" />
  <largest-consumer threadName="PmdThread 1" threadId="00000000017D6C00" bytes="5339320" />
</allocation-stats>
<gc-op id="2833" type="scavenge" timems="2.052" contextid="2830" timestamp="2019-06-14T20:05:57.107">
  <scavenger-info tenureage="5" tenuremask="7fe0" tiltratio="85" />
  <memory-copied type="nursery" objects="7878" bytes="593736" bytesdiscarded="99968" />
  <memory-copied type="tenure" objects="171" bytes="25560" bytesdiscarded="8" />
  <references type="weak" candidates="438" cleared="438" enqueued="438" />
  <references type="phantom" candidates="4" cleared="3" enqueued="3" />
</gc-op>
<gc-end id="2834" type="scavenge" contextid="2830" durationms="2.260" usertimems="4.000" systemtimems="0.000" timestamp="2019-06-14T20:05:57.107" activeThreads="4">
  <mem-info id="2835" free="2073506192" total="2092630016" percent="99">
    <mem type="nursery" free="8283024" total="10354688" percent="79">
      <mem type="allocate" free="8283024" total="8978432" percent="92" />
      <mem type="survivor" free="0" total="1376256" percent="0" />
    </mem>
    <mem type="tenure" free="2065223168" total="2082275328" percent="99">
      <mem type="soa" free="2065223168" total="2082275328" percent="99" />
      <mem type="loa" free="0" total="0" percent="0" />
    </mem>
    <pending-finalizers system="0" default="0" reference="441" classloader="0" />
    <remembered-set count="218" />
  </mem-info>
</gc-end>
<cycle-end id="2836" type="scavenge" contextid="2830" timestamp="2019-06-14T20:05:57.107" />
  <attribute name="elasticGC enabled" value="1" />
  <attribute name= "numThreadsSpecified" value="4" />
  <attribute name="heapSize specified" value="14024704" />
  <attribute name="Current GC Util" value="25" />
  <attribute name= "Current Time Running" value="9874" />
  <attribute name ="GC Interval" value="200" />
  <attribute name="ProportionalT" value="2.500000" />
  <attribute name="ProportionalI" value="2.500000" />
  <attribute name="ProportionalH" value="2.500000" />
  <attribute name="Current Error" value="5.000000" />
  <attribute name="IntegralT" value="100.000000" />
  <attribute name="IntegralI" value="100.000000" />
  <attribute name="IntegralH" value="100.000000" />
  <attribute name="DerivativeT" value="0.075000" />
  <attribute name="DerivativeI" value="0.075000" />
  <attribute name="DerivativeH" value="0.075000" />
  <attribute name="Loop Time for DT" value="20.000000" />
  <attribute name="Output H" value="8388608"/>
  <attribute name="Output I" value="200"/>
  <attribute name="Output T" value="4"/>
  <attribute name="Target GC Util Change" value ="20.000000" />
  <attribute name="Current GC Util Change" value="25.000000"/>
  <attribute name="GC Util currently" value="25" />
  <attribute name="CPU Util currently" value="232736001094" />
<allocation-satisfied id="2837" threadId="00000000017D6C00" bytesRequested="744" />
<af-end id="2838" timestamp="2019-06-14T20:05:57.107" threadId="00000000017D7588" success="true" from="nursery"/>
<exclusive-end id="2839" timestamp="2019-06-14T20:05:57.107" durationms="3.051" />

<exclusive-start id="2840" timestamp="2019-06-14T20:05:57.121" intervalms="16.823">
  <response-info timems="0.062" idlems="0.062" threads="0" lastid="00000000017D6C00" lastname="PmdThread 1" />
</exclusive-start>
<af-start id="2841" threadId="00000000017D7588" totalBytesRequested="152" timestamp="2019-06-14T20:05:57.121" intervalms="16.603" type="nursery" />
<cycle-start id="2842" type="scavenge" contextid="0" timestamp="2019-06-14T20:05:57.121" intervalms="16.596" />
<gc-start id="2843" type="scavenge" contextid="2842" timestamp="2019-06-14T20:05:57.121">
  <mem-info id="2844" free="2065223168" total="2092630016" percent="98">
    <mem type="nursery" free="0" total="10354688" percent="0">
      <mem type="allocate" free="0" total="8978432" percent="0" />
      <mem type="survivor" free="0" total="1376256" percent="0" />
    </mem>
    <mem type="tenure" free="2065223168" total="2082275328" percent="99">
      <mem type="soa" free="2065223168" total="2082275328" percent="99" />
      <mem type="loa" free="0" total="0" percent="0" />
    </mem>
    <remembered-set count="1001" />
  </mem-info>
</gc-start>
<allocation-stats totalBytes="8276152" >
  <allocated-bytes non-tlh="744" tlh="8275408" />
  <largest-consumer threadName="PmdThread 1" threadId="00000000017D6C00" bytes="3281440" />
</allocation-stats>
<gc-op id="2845" type="scavenge" timems="2.244" contextid="2842" timestamp="2019-06-14T20:05:57.124">
  <scavenger-info tenureage="6" tenuremask="7fc0" tiltratio="86" />
  <memory-copied type="nursery" objects="22850" bytes="1220600" bytesdiscarded="132392" />
  <references type="weak" candidates="343" cleared="342" enqueued="342" />
  <references type="phantom" candidates="7" cleared="6" enqueued="6" />
</gc-op>
<gc-end id="2846" type="scavenge" contextid="2842" durationms="2.458" usertimems="8.000" systemtimems="0.000" timestamp="2019-06-14T20:05:57.124" activeThreads="4">
  <mem-info id="2847" free="2072321888" total="2092630016" percent="99">
    <mem type="nursery" free="7098720" total="10354688" percent="68">
      <mem type="allocate" free="7098720" total="8454144" percent="83" />
      <mem type="survivor" free="0" total="1900544" percent="0" />
    </mem>
    <mem type="tenure" free="2065223168" total="2082275328" percent="99">
      <mem type="soa" free="2065223168" total="2082275328" percent="99" />
      <mem type="loa" free="0" total="0" percent="0" />
    </mem>
    <pending-finalizers system="0" default="0" reference="348" classloader="0" />
    <remembered-set count="231" />
  </mem-info>
</gc-end>
<cycle-end id="2848" type="scavenge" contextid="2842" timestamp="2019-06-14T20:05:57.124" />
  <attribute name="elasticGC enabled" value="1" />
  <attribute name= "numThreadsSpecified" value="4" />
  <attribute name="heapSize specified" value="14024704" />
  <attribute name="Current GC Util" value="24" />
  <attribute name= "Current Time Running" value="9891" />
  <attribute name ="GC Interval" value="200" />
  <attribute name="ProportionalT" value="2.000000" />
  <attribute name="ProportionalI" value="2.000000" />
  <attribute name="ProportionalH" value="2.000000" />
  <attribute name="Current Error" value="4.000000" />
  <attribute name="IntegralT" value="68.000000" />
  <attribute name="IntegralI" value="68.000000" />
  <attribute name="IntegralH" value="68.000000" />
  <attribute name="DerivativeT" value="-0.029412" />
  <attribute name="DerivativeI" value="-0.029412" />
  <attribute name="DerivativeH" value="-0.029412" />
  <attribute name="Loop Time for DT" value="17.000000" />
  <attribute name="Output H" value="8388608"/>
  <attribute name="Output I" value="200"/>
  <attribute name="Output T" value="4"/>
  <attribute name="Target GC Util Change" value ="20.000000" />
  <attribute name="Current GC Util Change" value="24.000000"/>
  <attribute name="GC Util currently" value="24" />
  <attribute name="CPU Util currently" value="277061887311" />
<allocation-satisfied id="2849" threadId="00000000017D6C00" bytesRequested="152" />
<af-end id="2850" timestamp="2019-06-14T20:05:57.124" threadId="00000000017D7588" success="true" from="nursery"/>
<exclusive-end id="2851" timestamp="2019-06-14T20:05:57.124" durationms="3.071" />

<exclusive-start id="2852" timestamp="2019-06-14T20:05:57.151" intervalms="29.543">
  <response-info timems="0.047" idlems="0.025" threads="1" lastid="00000000017E6000" lastname="PmdThread 4" />
</exclusive-start>
<af-start id="2853" threadId="00000000017D7588" totalBytesRequested="752" timestamp="2019-06-14T20:05:57.151" intervalms="29.534" type="nursery" />
<cycle-start id="2854" type="scavenge" contextid="0" timestamp="2019-06-14T20:05:57.151" intervalms="29.532" />
<gc-start id="2855" type="scavenge" contextid="2854" timestamp="2019-06-14T20:05:57.151">
  <mem-info id="2856" free="2065220912" total="2092630016" percent="98">
    <mem type="nursery" free="0" total="10354688" percent="0">
      <mem type="allocate" free="0" total="8454144" percent="0" />
      <mem type="survivor" free="0" total="1900544" percent="0" />
    </mem>
    <mem type="tenure" free="2065220912" total="2082275328" percent="99">
      <mem type="soa" free="2065220912" total="2082275328" percent="99" />
      <mem type="loa" free="0" total="0" percent="0" />
    </mem>
    <remembered-set count="2211" />
  </mem-info>
</gc-start>
<allocation-stats totalBytes="7094296" >
  <allocated-bytes non-tlh="2408" tlh="7091888" />
  <largest-consumer threadName="PmdThread 1" threadId="00000000017D6C00" bytes="3391000" />
</allocation-stats>
<gc-op id="2857" type="scavenge" timems="2.248" contextid="2854" timestamp="2019-06-14T20:05:57.153">
  <scavenger-info tenureage="6" tenuremask="7fc0" tiltratio="81" />
  <memory-copied type="nursery" objects="29618" bytes="1480160" bytesdiscarded="175592" />
  <memory-copied type="tenure" objects="181" bytes="8424" bytesdiscarded="0" />
  <references type="weak" candidates="271" cleared="271" enqueued="271" />
  <references type="phantom" candidates="8" cleared="7" enqueued="7" />
</gc-op>
<gc-end id="2858" type="scavenge" contextid="2854" durationms="2.455" usertimems="4.000" systemtimems="0.000" timestamp="2019-06-14T20:05:57.153" activeThreads="4">
  <mem-info id="2859" free="2072017080" total="2092630016" percent="99">
    <mem type="nursery" free="6796168" total="10354688" percent="65">
      <mem type="allocate" free="6796168" total="8454144" percent="80" />
      <mem type="survivor" free="0" total="1900544" percent="0" />
    </mem>
    <mem type="tenure" free="2065220912" total="2082275328" percent="99">
      <mem type="soa" free="2065220912" total="2082275328" percent="99" />
      <mem type="loa" free="0" total="0" percent="0" />
    </mem>
    <pending-finalizers system="0" default="0" reference="278" classloader="0" />
    <remembered-set count="255" />
  </mem-info>
</gc-end>
<cycle-end id="2860" type="scavenge" contextid="2854" timestamp="2019-06-14T20:05:57.153" />
  <attribute name="elasticGC enabled" value="1" />
  <attribute name= "numThreadsSpecified" value="4" />
  <attribute name="heapSize specified" value="14024704" />
  <attribute name="Current GC Util" value="18" />
  <attribute name= "Current Time Running" value="9920" />
  <attribute name ="GC Interval" value="200" />
  <attribute name="ProportionalT" value="-1.000000" />
  <attribute name="ProportionalI" value="-1.000000" />
  <attribute name="ProportionalH" value="-1.000000" />
  <attribute name="Current Error" value="-2.000000" />
  <attribute name="IntegralT" value="-58.000000" />
  <attribute name="IntegralI" value="-58.000000" />
  <attribute name="IntegralH" value="-58.000000" />
  <attribute name="DerivativeT" value="-0.103448" />
  <attribute name="DerivativeI" value="-0.103448" />
  <attribute name="DerivativeH" value="-0.103448" />
  <attribute name="Loop Time for DT" value="29.000000" />
  <attribute name="Output H" value="2092630016"/>
  <attribute name="Output I" value="200"/>
  <attribute name="Output T" value="4"/>
  <attribute name="Target GC Util Change" value ="20.000000" />
  <attribute name="Current GC Util Change" value="18.000000"/>
  <attribute name="GC Util currently" value="18" />
  <attribute name="CPU Util currently" value="156472823426" />
<allocation-satisfied id="2861" threadId="00000000017D6C00" bytesRequested="752" />
<af-end id="2862" timestamp="2019-06-14T20:05:57.153" threadId="00000000017D7588" success="true" from="nursery"/>
<exclusive-end id="2863" timestamp="2019-06-14T20:05:57.154" durationms="2.956" />

<exclusive-start id="2864" timestamp="2019-06-14T20:05:57.172" intervalms="21.615">
  <response-info timems="0.067" idlems="0.067" threads="1" lastid="00000000017E6000" lastname="PmdThread 4" />
</exclusive-start>
<af-start id="2865" threadId="00000000017E2D88" totalBytesRequested="824" timestamp="2019-06-14T20:05:57.172" intervalms="21.633" type="nursery" />
<cycle-start id="2866" type="scavenge" contextid="0" timestamp="2019-06-14T20:05:57.172" intervalms="21.641" />
<gc-start id="2867" type="scavenge" contextid="2866" timestamp="2019-06-14T20:05:57.173">
  <mem-info id="2868" free="2065219464" total="2092630016" percent="98">
    <mem type="nursery" free="0" total="10354688" percent="0">
      <mem type="allocate" free="0" total="8454144" percent="0" />
      <mem type="survivor" free="0" total="1900544" percent="0" />
    </mem>
    <mem type="tenure" free="2065219464" total="2082275328" percent="99">
      <mem type="soa" free="2065219464" total="2082275328" percent="99" />
      <mem type="loa" free="0" total="0" percent="0" />
    </mem>
    <remembered-set count="1720" />
  </mem-info>
</gc-start>
<allocation-stats totalBytes="6788152" >
  <allocated-bytes non-tlh="2200" tlh="6785952" />
  <largest-consumer threadName="PmdThread 1" threadId="00000000017D6C00" bytes="2584528" />
</allocation-stats>
<gc-op id="2869" type="scavenge" timems="1.087" contextid="2866" timestamp="2019-06-14T20:05:57.174">
  <scavenger-info tenureage="6" tenuremask="7fc0" tiltratio="81" />
  <memory-copied type="nursery" objects="30066" bytes="1467232" bytesdiscarded="134344" />
  <memory-copied type="tenure" objects="282" bytes="11624" bytesdiscarded="40" />
  <references type="weak" candidates="258" cleared="258" enqueued="258" />
  <references type="phantom" candidates="2" cleared="2" enqueued="2" />
</gc-op>
<gc-end id="2870" type="scavenge" contextid="2866" durationms="1.509" usertimems="4.000" systemtimems="0.000" timestamp="2019-06-14T20:05:57.174" activeThreads="4">
  <mem-info id="2871" free="2072197216" total="2092630016" percent="99">
    <mem type="nursery" free="7047640" total="10354688" percent="68">
      <mem type="allocate" free="7047640" total="8650752" percent="81" />
      <mem type="survivor" free="0" total="1703936" percent="0" />
    </mem>
    <mem type="tenure" free="2065149576" total="2082275328" percent="99">
      <mem type="soa" free="2065149576" total="2082275328" percent="99" />
      <mem type="loa" free="0" total="0" percent="0" />
    </mem>
    <pending-finalizers system="0" default="0" reference="260" classloader="0" />
    <remembered-set count="270" />
  </mem-info>
</gc-end>
<cycle-end id="2872" type="scavenge" contextid="2866" timestamp="2019-06-14T20:05:57.174" />
  <attribute name="elasticGC enabled" value="1" />
  <attribute name= "numThreadsSpecified" value="4" />
  <attribute name="heapSize specified" value="14024704" />
  <attribute name="Current GC Util" value="24" />
  <attribute name= "Current Time Running" value="9942" />
  <attribute name ="GC Interval" value="200" />
  <attribute name="ProportionalT" value="2.000000" />
  <attribute name="ProportionalI" value="2.000000" />
  <attribute name="ProportionalH" value="2.000000" />
  <attribute name="Current Error" value="4.000000" />
  <attribute name="IntegralT" value="88.000000" />
  <attribute name="IntegralI" value="88.000000" />
  <attribute name="IntegralH" value="88.000000" />
  <attribute name="DerivativeT" value="0.090909" />
  <attribute name="DerivativeI" value="0.090909" />
  <attribute name="DerivativeH" value="0.090909" />
  <attribute name="Loop Time for DT" value="22.000000" />
  <attribute name="Output H" value="8388608"/>
  <attribute name="Output I" value="200"/>
  <attribute name="Output T" value="4"/>
  <attribute name="Target GC Util Change" value ="20.000000" />
  <attribute name="Current GC Util Change" value="24.000000"/>
  <attribute name="GC Util currently" value="24" />
  <attribute name="CPU Util currently" value="210446427401" />
<allocation-satisfied id="2873" threadId="00000000017E2400" bytesRequested="824" />
<af-end id="2874" timestamp="2019-06-14T20:05:57.174" threadId="00000000017E2D88" success="true" from="nursery"/>
<exclusive-end id="2875" timestamp="2019-06-14T20:05:57.174" durationms="2.099" />

<exclusive-start id="2876" timestamp="2019-06-14T20:05:57.186" intervalms="14.245">
  <response-info timems="0.038" idlems="0.038" threads="0" lastid="00000000017E6000" lastname="PmdThread 4" />
</exclusive-start>
<af-start id="2877" threadId="00000000017E6988" totalBytesRequested="64" timestamp="2019-06-14T20:05:57.187" intervalms="14.223" type="nursery" />
<cycle-start id="2878" type="scavenge" contextid="0" timestamp="2019-06-14T20:05:57.187" intervalms="14.234" />
<gc-start id="2879" type="scavenge" contextid="2878" timestamp="2019-06-14T20:05:57.187">
  <mem-info id="2880" free="2065149576" total="2092630016" percent="98">
    <mem type="nursery" free="0" total="10354688" percent="0">
      <mem type="allocate" free="0" total="8650752" percent="0" />
      <mem type="survivor" free="0" total="1703936" percent="0" />
    </mem>
    <mem type="tenure" free="2065149576" total="2082275328" percent="99">
      <mem type="soa" free="2065149576" total="2082275328" percent="99" />
      <mem type="loa" free="0" total="0" percent="0" />
    </mem>
    <remembered-set count="2051" />
  </mem-info>
</gc-start>
<allocation-stats totalBytes="7038496" >
  <allocated-bytes non-tlh="824" tlh="7037672" />
  <largest-consumer threadName="PmdThread 1" threadId="00000000017D6C00" bytes="2781368" />
</allocation-stats>
<gc-op id="2881" type="scavenge" timems="2.790" contextid="2878" timestamp="2019-06-14T20:05:57.190">
  <scavenger-info tenureage="6" tenuremask="7fc0" tiltratio="83" />
  <memory-copied type="nursery" objects="30070" bytes="1508808" bytesdiscarded="187360" />
  <memory-copied type="tenure" objects="266" bytes="10344" bytesdiscarded="0" />
  <references type="weak" candidates="293" cleared="293" enqueued="293" />
  <references type="phantom" candidates="4" cleared="4" enqueued="4" />
</gc-op>
<gc-end id="2882" type="scavenge" contextid="2878" durationms="3.017" usertimems="8.000" systemtimems="0.000" timestamp="2019-06-14T20:05:57.190" activeThreads="4">
  <mem-info id="2883" free="2071965064" total="2092630016" percent="99">
    <mem type="nursery" free="6946816" total="10354688" percent="67">
      <mem type="allocate" free="6946816" total="8650752" percent="80" />
      <mem type="survivor" free="0" total="1703936" percent="0" />
    </mem>
    <mem type="tenure" free="2065018248" total="2082275328" percent="99">
      <mem type="soa" free="2065018248" total="2082275328" percent="99" />
      <mem type="loa" free="0" total="0" percent="0" />
    </mem>
    <pending-finalizers system="0" default="0" reference="297" classloader="0" />
    <remembered-set count="237" />
  </mem-info>
</gc-end>
<cycle-end id="2884" type="scavenge" contextid="2878" timestamp="2019-06-14T20:05:57.190" />
  <attribute name="elasticGC enabled" value="1" />
  <attribute name= "numThreadsSpecified" value="4" />
  <attribute name="heapSize specified" value="14024704" />
  <attribute name="Current GC Util" value="25" />
  <attribute name= "Current Time Running" value="9956" />
  <attribute name ="GC Interval" value="200" />
  <attribute name="ProportionalT" value="2.500000" />
  <attribute name="ProportionalI" value="2.500000" />
  <attribute name="ProportionalH" value="2.500000" />
  <attribute name="Current Error" value="5.000000" />
  <attribute name="IntegralT" value="70.000000" />
  <attribute name="IntegralI" value="70.000000" />
  <attribute name="IntegralH" value="70.000000" />
  <attribute name="DerivativeT" value="0.035714" />
  <attribute name="DerivativeI" value="0.035714" />
  <attribute name="DerivativeH" value="0.035714" />
  <attribute name="Loop Time for DT" value="14.000000" />
  <attribute name="Output H" value="8388608"/>
  <attribute name="Output I" value="200"/>
  <attribute name="Output T" value="4"/>
  <attribute name="Target GC Util Change" value ="20.000000" />
  <attribute name="Current GC Util Change" value="25.000000"/>
  <attribute name="GC Util currently" value="25" />
  <attribute name="CPU Util currently" value="329210683639" />
<allocation-satisfied id="2885" threadId="00000000017E6000" bytesRequested="64" />
<af-end id="2886" timestamp="2019-06-14T20:05:57.190" threadId="00000000017E6988" success="true" from="nursery"/>
<exclusive-end id="2887" timestamp="2019-06-14T20:05:57.190" durationms="3.576" />

<exclusive-start id="2888" timestamp="2019-06-14T20:05:57.207" intervalms="20.154">
  <response-info timems="1.895" idlems="0.957" threads="1" lastid="00000000017E6000" lastname="PmdThread 4" />
</exclusive-start>
<af-start id="2889" threadId="00000000017D7588" totalBytesRequested="16" timestamp="2019-06-14T20:05:57.207" intervalms="20.149" type="nursery" />
<cycle-start id="2890" type="scavenge" contextid="0" timestamp="2019-06-14T20:05:57.207" intervalms="20.121" />
<gc-start id="2891" type="scavenge" contextid="2890" timestamp="2019-06-14T20:05:57.207">
  <mem-info id="2892" free="2065018040" total="2092630016" percent="98">
    <mem type="nursery" free="0" total="10354688" percent="0">
      <mem type="allocate" free="0" total="8650752" percent="0" />
      <mem type="survivor" free="0" total="1703936" percent="0" />
    </mem>
    <mem type="tenure" free="2065018040" total="2082275328" percent="99">
      <mem type="soa" free="2065018040" total="2082275328" percent="99" />
      <mem type="loa" free="0" total="0" percent="0" />
    </mem>
    <remembered-set count="748" />
  </mem-info>
</gc-start>
<allocation-stats totalBytes="6941784" >
  <allocated-bytes non-tlh="272" tlh="6941512" />
  <largest-consumer threadName="PmdThread 1" threadId="00000000017D6C00" bytes="4671448" />
</allocation-stats>
<gc-op id="2893" type="scavenge" timems="3.591" contextid="2890" timestamp="2019-06-14T20:05:57.211">
  <scavenger-info tenureage="6" tenuremask="7fc0" tiltratio="83" />
  <memory-copied type="nursery" objects="35929" bytes="1703328" bytesdiscarded="352" />
  <memory-copied type="tenure" objects="9881" bytes="423624" bytesdiscarded="128" />
  <copy-failed type="nursery" objects="9731" bytes="416256" />
  <references type="weak" candidates="53" cleared="53" enqueued="53" />
  <references type="phantom" candidates="3" cleared="3" enqueued="3" />
</gc-op>
<gc-end id="2894" type="scavenge" contextid="2890" durationms="3.841" usertimems="8.000" systemtimems="0.000" timestamp="2019-06-14T20:05:57.211" activeThreads="4">
  <mem-info id="2895" free="2070427280" total="2092630016" percent="98">
    <mem type="nursery" free="5701632" total="10354688" percent="55">
      <mem type="allocate" free="5701632" total="7405568" percent="76" />
      <mem type="survivor" free="0" total="2949120" percent="0" />
    </mem>
    <mem type="tenure" free="2064725648" total="2082275328" percent="99">
      <mem type="soa" free="2064725648" total="2082275328" percent="99" />
      <mem type="loa" free="0" total="0" percent="0" />
    </mem>
    <pending-finalizers system="0" default="0" reference="56" classloader="0" />
    <remembered-set count="2718" />
  </mem-info>
</gc-end>
<cycle-end id="2896" type="scavenge" contextid="2890" timestamp="2019-06-14T20:05:57.211" />
  <attribute name="elasticGC enabled" value="1" />
  <attribute name= "numThreadsSpecified" value="4" />
  <attribute name="heapSize specified" value="14024704" />
  <attribute name="Current GC Util" value="28" />
  <attribute name= "Current Time Running" value="9976" />
  <attribute name ="GC Interval" value="200" />
  <attribute name="ProportionalT" value="4.000000" />
  <attribute name="ProportionalI" value="4.000000" />
  <attribute name="ProportionalH" value="4.000000" />
  <attribute name="Current Error" value="8.000000" />
  <attribute name="IntegralT" value="160.000000" />
  <attribute name="IntegralI" value="160.000000" />
  <attribute name="IntegralH" value="160.000000" />
  <attribute name="DerivativeT" value="0.075000" />
  <attribute name="DerivativeI" value="0.075000" />
  <attribute name="DerivativeH" value="0.075000" />
  <attribute name="Loop Time for DT" value="20.000000" />
  <attribute name="Output H" value="8388608"/>
  <attribute name="Output I" value="200"/>
  <attribute name="Output T" value="4"/>
  <attribute name="Target GC Util Change" value ="20.000000" />
  <attribute name="Current GC Util Change" value="28.000000"/>
  <attribute name="GC Util currently" value="28" />
  <attribute name="CPU Util currently" value="229643506515" />
<allocation-satisfied id="2897" threadId="00000000017D6C00" bytesRequested="16" />
<af-end id="2898" timestamp="2019-06-14T20:05:57.211" threadId="00000000017D7588" success="true" from="nursery"/>
<exclusive-end id="2899" timestamp="2019-06-14T20:05:57.211" durationms="4.383" />

<exclusive-start id="2900" timestamp="2019-06-14T20:05:57.221" intervalms="14.698">
  <response-info timems="0.062" idlems="0.062" threads="0" lastid="00000000017E2400" lastname="PmdThread 3" />
</exclusive-start>
<af-start id="2901" threadId="00000000017E2D88" totalBytesRequested="16" timestamp="2019-06-14T20:05:57.221" intervalms="14.686" type="nursery" />
<cycle-start id="2902" type="scavenge" contextid="0" timestamp="2019-06-14T20:05:57.221" intervalms="14.687" />
<gc-start id="2903" type="scavenge" contextid="2902" timestamp="2019-06-14T20:05:57.222">
  <mem-info id="2904" free="2064725408" total="2092630016" percent="98">
    <mem type="nursery" free="0" total="10354688" percent="0">
      <mem type="allocate" free="0" total="7405568" percent="0" />
      <mem type="survivor" free="0" total="2949120" percent="0" />
    </mem>
    <mem type="tenure" free="2064725408" total="2082275328" percent="99">
      <mem type="soa" free="2064725408" total="2082275328" percent="99" />
      <mem type="loa" free="0" total="0" percent="0" />
    </mem>
    <remembered-set count="2757" />
  </mem-info>
</gc-start>
<allocation-stats totalBytes="5699048" >
  <allocated-bytes non-tlh="256" tlh="5698792" />
  <largest-consumer threadName="PmdThread 2" threadId="00000000017DA800" bytes="2939352" />
</allocation-stats>
<gc-op id="2905" type="scavenge" timems="1.099" contextid="2902" timestamp="2019-06-14T20:05:57.223">
  <scavenger-info tenureage="6" tenuremask="7fc0" tiltratio="71" />
  <memory-copied type="nursery" objects="33569" bytes="1719408" bytesdiscarded="112200" />
  <memory-copied type="tenure" objects="122" bytes="5488" bytesdiscarded="0" />
  <references type="weak" candidates="133" cleared="133" enqueued="133" />
  <references type="phantom" candidates="3" cleared="3" enqueued="3" />
</gc-op>
<gc-end id="2906" type="scavenge" contextid="2902" durationms="1.312" usertimems="4.000" systemtimems="0.000" timestamp="2019-06-14T20:05:57.223" activeThreads="4">
  <mem-info id="2907" free="2070426432" total="2092630016" percent="98">
    <mem type="nursery" free="5701024" total="10354688" percent="55">
      <mem type="allocate" free="5701024" total="7536640" percent="75" />
      <mem type="survivor" free="0" total="2818048" percent="0" />
    </mem>
    <mem type="tenure" free="2064725408" total="2082275328" percent="99">
      <mem type="soa" free="2064725408" total="2082275328" percent="99" />
      <mem type="loa" free="0" total="0" percent="0" />
    </mem>
    <pending-finalizers system="0" default="0" reference="136" classloader="0" />
    <remembered-set count="2720" />
  </mem-info>
</gc-end>
<cycle-end id="2908" type="scavenge" contextid="2902" timestamp="2019-06-14T20:05:57.223" />
  <attribute name="elasticGC enabled" value="1" />
  <attribute name= "numThreadsSpecified" value="4" />
  <attribute name="heapSize specified" value="14024704" />
  <attribute name="Current GC Util" value="54" />
  <attribute name= "Current Time Running" value="9991" />
  <attribute name ="GC Interval" value="528" />
  <attribute name="ProportionalT" value="17.000000" />
  <attribute name="ProportionalI" value="17.000000" />
  <attribute name="ProportionalH" value="17.000000" />
  <attribute name="Current Error" value="34.000000" />
  <attribute name="IntegralT" value="510.000000" />
  <attribute name="IntegralI" value="510.000000" />
  <attribute name="IntegralH" value="510.000000" />
  <attribute name="DerivativeT" value="0.866667" />
  <attribute name="DerivativeI" value="0.866667" />
  <attribute name="DerivativeH" value="0.866667" />
  <attribute name="Loop Time for DT" value="15.000000" />
  <attribute name="Output H" value="8388608"/>
  <attribute name="Output I" value="528"/>
  <attribute name="Output T" value="4"/>
  <attribute name="Target GC Util Change" value ="20.000000" />
  <attribute name="Current GC Util Change" value="54.000000"/>
  <attribute name="GC Util currently" value="54" />
  <attribute name="CPU Util currently" value="313898522351" />
<allocation-satisfied id="2909" threadId="00000000017E2400" bytesRequested="16" />
<af-end id="2910" timestamp="2019-06-14T20:05:57.223" threadId="00000000017E2D88" success="true" from="nursery"/>
<exclusive-end id="2911" timestamp="2019-06-14T20:05:57.223" durationms="1.816" />

<exclusive-start id="2912" timestamp="2019-06-14T20:05:57.240" intervalms="18.574">
  <response-info timems="0.089" idlems="0.089" threads="0" lastid="00000000017E2400" lastname="PmdThread 3" />
</exclusive-start>
<af-start id="2913" threadId="00000000017E2D88" totalBytesRequested="32" timestamp="2019-06-14T20:05:57.240" intervalms="18.602" type="nursery" />
<cycle-start id="2914" type="scavenge" contextid="0" timestamp="2019-06-14T20:05:57.240" intervalms="18.612" />
<gc-start id="2915" type="scavenge" contextid="2914" timestamp="2019-06-14T20:05:57.240">
  <mem-info id="2916" free="2064724632" total="2092630016" percent="98">
    <mem type="nursery" free="0" total="10354688" percent="0">
      <mem type="allocate" free="0" total="7536640" percent="0" />
      <mem type="survivor" free="0" total="2818048" percent="0" />
    </mem>
    <mem type="tenure" free="2064724632" total="2082275328" percent="99">
      <mem type="soa" free="2064724632" total="2082275328" percent="99" />
      <mem type="loa" free="0" total="0" percent="0" />
    </mem>
    <remembered-set count="2772" />
  </mem-info>
</gc-start>
<allocation-stats totalBytes="5697312" >
  <allocated-bytes non-tlh="792" tlh="5696520" />
  <largest-consumer threadName="PmdThread 3" threadId="00000000017E2400" bytes="3266544" />
</allocation-stats>
<gc-op id="2917" type="scavenge" timems="1.278" contextid="2914" timestamp="2019-06-14T20:05:57.242">
  <scavenger-info tenureage="3" tenuremask="7ff8" tiltratio="72" />
  <memory-copied type="nursery" objects="21780" bytes="1245640" bytesdiscarded="100856" />
  <memory-copied type="tenure" objects="13222" bytes="668840" bytesdiscarded="160" />
  <references type="weak" candidates="46" cleared="46" enqueued="46" />
  <references type="phantom" candidates="10" cleared="9" enqueued="9" />
</gc-op>
<gc-end id="2918" type="scavenge" contextid="2914" durationms="1.499" usertimems="8.000" systemtimems="0.000" timestamp="2019-06-14T20:05:57.242" activeThreads="4">
  <mem-info id="2919" free="2070218848" total="2092630016" percent="98">
    <mem type="nursery" free="6317296" total="10354688" percent="61">
      <mem type="allocate" free="6317296" total="7667712" percent="82" />
      <mem type="survivor" free="0" total="2686976" percent="0" />
    </mem>
    <mem type="tenure" free="2063901552" total="2082275328" percent="99">
      <mem type="soa" free="2063901552" total="2082275328" percent="99" />
      <mem type="loa" free="0" total="0" percent="0" />
    </mem>
    <pending-finalizers system="0" default="0" reference="55" classloader="0" />
    <remembered-set count="230" />
  </mem-info>
</gc-end>
<cycle-end id="2920" type="scavenge" contextid="2914" timestamp="2019-06-14T20:05:57.242" />
  <attribute name="elasticGC enabled" value="1" />
  <attribute name= "numThreadsSpecified" value="4" />
  <attribute name="heapSize specified" value="14024704" />
  <attribute name="Current GC Util" value="19" />
  <attribute name= "Current Time Running" value="10010" />
  <attribute name ="GC Interval" value="200" />
  <attribute name="ProportionalT" value="-0.500000" />
  <attribute name="ProportionalI" value="-0.500000" />
  <attribute name="ProportionalH" value="-0.500000" />
  <attribute name="Current Error" value="-1.000000" />
  <attribute name="IntegralT" value="-19.000000" />
  <attribute name="IntegralI" value="-19.000000" />
  <attribute name="IntegralH" value="-19.000000" />
  <attribute name="DerivativeT" value="-0.921053" />
  <attribute name="DerivativeI" value="-0.921053" />
  <attribute name="DerivativeH" value="-0.921053" />
  <attribute name="Loop Time for DT" value="19.000000" />
  <attribute name="Output H" value="2092630016"/>
  <attribute name="Output I" value="200"/>
  <attribute name="Output T" value="4"/>
  <attribute name="Target GC Util Change" value ="20.000000" />
  <attribute name="Current GC Util Change" value="19.000000"/>
  <attribute name="GC Util currently" value="19" />
  <attribute name="CPU Util currently" value="246624299033" />
<allocation-satisfied id="2921" threadId="00000000017E2400" bytesRequested="32" />
<af-end id="2922" timestamp="2019-06-14T20:05:57.242" threadId="00000000017E2D88" success="true" from="nursery"/>
<exclusive-end id="2923" timestamp="2019-06-14T20:05:57.242" durationms="2.069" />

<exclusive-start id="2924" timestamp="2019-06-14T20:05:57.258" intervalms="18.320">
  <response-info timems="0.092" idlems="0.038" threads="2" lastid="00000000017DA800" lastname="PmdThread 2" />
</exclusive-start>
<af-start id="2925" threadId="00000000017E2D88" totalBytesRequested="24" timestamp="2019-06-14T20:05:57.258" intervalms="18.348" type="nursery" />
<cycle-start id="2926" type="scavenge" contextid="0" timestamp="2019-06-14T20:05:57.258" intervalms="18.335" />
<gc-start id="2927" type="scavenge" contextid="2926" timestamp="2019-06-14T20:05:57.259">
  <mem-info id="2928" free="2063900976" total="2092630016" percent="98">
    <mem type="nursery" free="0" total="10354688" percent="0">
      <mem type="allocate" free="0" total="7667712" percent="0" />
      <mem type="survivor" free="0" total="2686976" percent="0" />
    </mem>
    <mem type="tenure" free="2063900976" total="2082275328" percent="99">
      <mem type="soa" free="2063900976" total="2082275328" percent="99" />
      <mem type="loa" free="0" total="0" percent="0" />
    </mem>
    <remembered-set count="293" />
  </mem-info>
</gc-start>
<allocation-stats totalBytes="6315992" >
  <allocated-bytes non-tlh="608" tlh="6315384" />
  <largest-consumer threadName="PmdThread 4" threadId="00000000017E6000" bytes="2162208" />
</allocation-stats>
<gc-op id="2929" type="scavenge" timems="1.548" contextid="2926" timestamp="2019-06-14T20:05:57.260">
  <scavenger-info tenureage="3" tenuremask="7fc8" tiltratio="74" />
  <memory-copied type="nursery" objects="24895" bytes="1224568" bytesdiscarded="172008" />
  <memory-copied type="tenure" objects="216" bytes="71912" bytesdiscarded="48" />
  <references type="weak" candidates="56" cleared="56" enqueued="56" />
  <references type="phantom" candidates="10" cleared="8" enqueued="8" />
</gc-op>
<gc-end id="2930" type="scavenge" contextid="2926" durationms="1.848" usertimems="4.000" systemtimems="0.000" timestamp="2019-06-14T20:05:57.260" activeThreads="4">
  <mem-info id="2931" free="2070247216" total="2092630016" percent="98">
    <mem type="nursery" free="6530432" total="10354688" percent="63">
      <mem type="allocate" free="6530432" total="7929856" percent="82" />
      <mem type="survivor" free="0" total="2424832" percent="0" />
    </mem>
    <mem type="tenure" free="2063716784" total="2082275328" percent="99">
      <mem type="soa" free="2063716784" total="2082275328" percent="99" />
      <mem type="loa" free="0" total="0" percent="0" />
    </mem>
    <pending-finalizers system="0" default="0" reference="64" classloader="0" />
    <remembered-set count="241" />
  </mem-info>
</gc-end>
<cycle-end id="2932" type="scavenge" contextid="2926" timestamp="2019-06-14T20:05:57.261" />
  <attribute name="elasticGC enabled" value="1" />
  <attribute name= "numThreadsSpecified" value="4" />
  <attribute name="heapSize specified" value="14024704" />
  <attribute name="Current GC Util" value="22" />
  <attribute name= "Current Time Running" value="10028" />
  <attribute name ="GC Interval" value="200" />
  <attribute name="ProportionalT" value="1.000000" />
  <attribute name="ProportionalI" value="1.000000" />
  <attribute name="ProportionalH" value="1.000000" />
  <attribute name="Current Error" value="2.000000" />
  <attribute name="IntegralT" value="36.000000" />
  <attribute name="IntegralI" value="36.000000" />
  <attribute name="IntegralH" value="36.000000" />
  <attribute name="DerivativeT" value="0.055556" />
  <attribute name="DerivativeI" value="0.055556" />
  <attribute name="DerivativeH" value="0.055556" />
  <attribute name="Loop Time for DT" value="18.000000" />
  <attribute name="Output H" value="8388608"/>
  <attribute name="Output I" value="200"/>
  <attribute name="Output T" value="4"/>
  <attribute name="Target GC Util Change" value ="20.000000" />
  <attribute name="Current GC Util Change" value="22.000000"/>
  <attribute name="GC Util currently" value="22" />
  <attribute name="CPU Util currently" value="249461431721" />
<allocation-satisfied id="2933" threadId="00000000017E2400" bytesRequested="24" />
<af-end id="2934" timestamp="2019-06-14T20:05:57.261" threadId="00000000017E2D88" success="true" from="nursery"/>
<exclusive-end id="2935" timestamp="2019-06-14T20:05:57.261" durationms="2.550" />

<exclusive-start id="2936" timestamp="2019-06-14T20:05:57.282" intervalms="24.192">
  <response-info timems="0.046" idlems="0.046" threads="0" lastid="00000000017E6000" lastname="PmdThread 4" />
</exclusive-start>
<af-start id="2937" threadId="00000000017E6988" totalBytesRequested="248" timestamp="2019-06-14T20:05:57.282" intervalms="24.132" type="nursery" />
<cycle-start id="2938" type="scavenge" contextid="0" timestamp="2019-06-14T20:05:57.283" intervalms="24.150" />
<gc-start id="2939" type="scavenge" contextid="2938" timestamp="2019-06-14T20:05:57.283">
  <mem-info id="2940" free="2063715336" total="2092630016" percent="98">
    <mem type="nursery" free="0" total="10354688" percent="0">
      <mem type="allocate" free="0" total="7929856" percent="0" />
      <mem type="survivor" free="0" total="2424832" percent="0" />
    </mem>
    <mem type="tenure" free="2063715336" total="2082275328" percent="99">
      <mem type="soa" free="2063715336" total="2082275328" percent="99" />
      <mem type="loa" free="0" total="0" percent="0" />
    </mem>
    <remembered-set count="299" />
  </mem-info>
</gc-start>
<allocation-stats totalBytes="6529880" >
  <allocated-bytes non-tlh="1472" tlh="6528408" />
  <largest-consumer threadName="PmdThread 1" threadId="00000000017D6C00" bytes="2850352" />
</allocation-stats>
<gc-op id="2941" type="scavenge" timems="1.619" contextid="2938" timestamp="2019-06-14T20:05:57.284">
  <scavenger-info tenureage="6" tenuremask="7fc0" tiltratio="76" />
  <memory-copied type="nursery" objects="14322" bytes="917552" bytesdiscarded="179896" />
  <references type="weak" candidates="67" cleared="67" enqueued="66" />
  <references type="phantom" candidates="12" cleared="12" enqueued="12" />
</gc-op>
<gc-end id="2942" type="scavenge" contextid="2938" durationms="1.777" usertimems="0.000" systemtimems="4.000" timestamp="2019-06-14T20:05:57.284" activeThreads="4">
  <mem-info id="2943" free="2070807632" total="2092630016" percent="98">
    <mem type="nursery" free="7092296" total="10354688" percent="68">
      <mem type="allocate" free="7092296" total="8192000" percent="86" />
      <mem type="survivor" free="0" total="2162688" percent="0" />
    </mem>
    <mem type="tenure" free="2063715336" total="2082275328" percent="99">
      <mem type="soa" free="2063715336" total="2082275328" percent="99" />
      <mem type="loa" free="0" total="0" percent="0" />
    </mem>
    <pending-finalizers system="0" default="0" reference="78" classloader="0" />
    <remembered-set count="267" />
  </mem-info>
</gc-end>
<cycle-end id="2944" type="scavenge" contextid="2938" timestamp="2019-06-14T20:05:57.284" />
  <attribute name="elasticGC enabled" value="1" />
  <attribute name= "numThreadsSpecified" value="4" />
  <attribute name="heapSize specified" value="14024704" />
  <attribute name="Current GC Util" value="13" />
  <attribute name= "Current Time Running" value="10052" />
  <attribute name ="GC Interval" value="200" />
  <attribute name="ProportionalT" value="-3.500000" />
  <attribute name="ProportionalI" value="-3.500000" />
  <attribute name="ProportionalH" value="-3.500000" />
  <attribute name="Current Error" value="-7.000000" />
  <attribute name="IntegralT" value="-168.000000" />
  <attribute name="IntegralI" value="-168.000000" />
  <attribute name="IntegralH" value="-168.000000" />
  <attribute name="DerivativeT" value="-0.187500" />
  <attribute name="DerivativeI" value="-0.187500" />
  <attribute name="DerivativeH" value="-0.187500" />
  <attribute name="Loop Time for DT" value="24.000000" />
  <attribute name="Output H" value="2092630016"/>
  <attribute name="Output I" value="200"/>
  <attribute name="Output T" value="4"/>
  <attribute name="Target GC Util Change" value ="20.000000" />
  <attribute name="Current GC Util Change" value="13.000000"/>
  <attribute name="GC Util currently" value="13" />
  <attribute name="CPU Util currently" value="193288637424" />
<allocation-satisfied id="2945" threadId="00000000017E6000" bytesRequested="248" />
<af-end id="2946" timestamp="2019-06-14T20:05:57.285" threadId="00000000017E6988" success="true" from="nursery"/>
<exclusive-end id="2947" timestamp="2019-06-14T20:05:57.285" durationms="2.247" />

<exclusive-start id="2948" timestamp="2019-06-14T20:05:57.295" intervalms="12.178">
  <response-info timems="0.040" idlems="0.040" threads="0" lastid="00000000017D6C00" lastname="PmdThread 1" />
</exclusive-start>
<af-start id="2949" threadId="00000000017D7588" totalBytesRequested="24" timestamp="2019-06-14T20:05:57.295" intervalms="12.186" type="nursery" />
<cycle-start id="2950" type="scavenge" contextid="0" timestamp="2019-06-14T20:05:57.295" intervalms="12.170" />
<gc-start id="2951" type="scavenge" contextid="2950" timestamp="2019-06-14T20:05:57.295">
  <mem-info id="2952" free="2063714088" total="2092630016" percent="98">
    <mem type="nursery" free="0" total="10354688" percent="0">
      <mem type="allocate" free="0" total="8192000" percent="0" />
      <mem type="survivor" free="0" total="2162688" percent="0" />
    </mem>
    <mem type="tenure" free="2063714088" total="2082275328" percent="99">
      <mem type="soa" free="2063714088" total="2082275328" percent="99" />
      <mem type="loa" free="0" total="0" percent="0" />
    </mem>
    <remembered-set count="330" />
  </mem-info>
</gc-start>
<allocation-stats totalBytes="7078256" >
  <allocated-bytes non-tlh="1496" tlh="7076760" />
  <largest-consumer threadName="PmdThread 1" threadId="00000000017D6C00" bytes="5199232" />
</allocation-stats>
<gc-op id="2953" type="scavenge" timems="1.956" contextid="2950" timestamp="2019-06-14T20:05:57.297">
  <scavenger-info tenureage="6" tenuremask="7fc0" tiltratio="79" />
  <memory-copied type="nursery" objects="13937" bytes="948040" bytesdiscarded="170696" />
  <references type="weak" candidates="22" cleared="22" enqueued="22" />
  <references type="phantom" candidates="6" cleared="5" enqueued="5" />
</gc-op>
<gc-end id="2954" type="scavenge" contextid="2950" durationms="2.162" usertimems="0.000" systemtimems="4.000" timestamp="2019-06-14T20:05:57.297" activeThreads="4">
  <mem-info id="2955" free="2070981576" total="2092630016" percent="98">
    <mem type="nursery" free="7267488" total="10354688" percent="70">
      <mem type="allocate" free="7267488" total="8388608" percent="86" />
      <mem type="survivor" free="0" total="1966080" percent="0" />
    </mem>
    <mem type="tenure" free="2063714088" total="2082275328" percent="99">
      <mem type="soa" free="2063714088" total="2082275328" percent="99" />
      <mem type="loa" free="0" total="0" percent="0" />
    </mem>
    <pending-finalizers system="0" default="0" reference="27" classloader="0" />
    <remembered-set count="293" />
  </mem-info>
</gc-end>
<cycle-end id="2956" type="scavenge" contextid="2950" timestamp="2019-06-14T20:05:57.297" />
  <attribute name="elasticGC enabled" value="1" />
  <attribute name= "numThreadsSpecified" value="4" />
  <attribute name="heapSize specified" value="14024704" />
  <attribute name="Current GC Util" value="22" />
  <attribute name= "Current Time Running" value="10064" />
  <attribute name ="GC Interval" value="200" />
  <attribute name="ProportionalT" value="1.000000" />
  <attribute name="ProportionalI" value="1.000000" />
  <attribute name="ProportionalH" value="1.000000" />
  <attribute name="Current Error" value="2.000000" />
  <attribute name="IntegralT" value="24.000000" />
  <attribute name="IntegralI" value="24.000000" />
  <attribute name="IntegralH" value="24.000000" />
  <attribute name="DerivativeT" value="0.083333" />
  <attribute name="DerivativeI" value="0.083333" />
  <attribute name="DerivativeH" value="0.083333" />
  <attribute name="Loop Time for DT" value="12.000000" />
  <attribute name="Output H" value="8388608"/>
  <attribute name="Output I" value="200"/>
  <attribute name="Output T" value="4"/>
  <attribute name="Target GC Util Change" value ="20.000000" />
  <attribute name="Current GC Util Change" value="22.000000"/>
  <attribute name="GC Util currently" value="22" />
  <attribute name="CPU Util currently" value="372475660968" />
<allocation-satisfied id="2957" threadId="00000000017D6C00" bytesRequested="24" />
<af-end id="2958" timestamp="2019-06-14T20:05:57.297" threadId="00000000017D7588" success="true" from="nursery"/>
<exclusive-end id="2959" timestamp="2019-06-14T20:05:57.297" durationms="2.800" />

<exclusive-start id="2960" timestamp="2019-06-14T20:05:57.304" intervalms="9.857">
  <response-info timems="0.051" idlems="0.051" threads="0" lastid="00000000017D6C00" lastname="PmdThread 1" />
</exclusive-start>
<af-start id="2961" threadId="00000000017D7588" totalBytesRequested="24" timestamp="2019-06-14T20:05:57.304" intervalms="9.825" type="nursery" />
<cycle-start id="2962" type="scavenge" contextid="0" timestamp="2019-06-14T20:05:57.305" intervalms="9.825" />
<gc-start id="2963" type="scavenge" contextid="2962" timestamp="2019-06-14T20:05:57.305">
  <mem-info id="2964" free="2063713056" total="2092630016" percent="98">
    <mem type="nursery" free="0" total="10354688" percent="0">
      <mem type="allocate" free="0" total="8388608" percent="0" />
      <mem type="survivor" free="0" total="1966080" percent="0" />
    </mem>
    <mem type="tenure" free="2063713056" total="2082275328" percent="99">
      <mem type="soa" free="2063713056" total="2082275328" percent="99" />
      <mem type="loa" free="0" total="0" percent="0" />
    </mem>
    <remembered-set count="327" />
  </mem-info>
</gc-start>
<allocation-stats totalBytes="7261400" >
  <allocated-bytes non-tlh="1056" tlh="7260344" />
  <largest-consumer threadName="PmdThread 1" threadId="00000000017D6C00" bytes="5968344" />
</allocation-stats>
<gc-op id="2965" type="scavenge" timems="1.980" contextid="2962" timestamp="2019-06-14T20:05:57.307">
  <scavenger-info tenureage="6" tenuremask="7fc0" tiltratio="81" />
  <memory-copied type="nursery" objects="16396" bytes="1085664" bytesdiscarded="77392" />
  <references type="weak" candidates="19" cleared="18" enqueued="18" />
  <references type="phantom" candidates="5" cleared="4" enqueued="4" />
</gc-op>
<gc-end id="2966" type="scavenge" contextid="2962" durationms="2.184" usertimems="4.000" systemtimems="0.000" timestamp="2019-06-14T20:05:57.307" activeThreads="4">
  <mem-info id="2967" free="2071069064" total="2092630016" percent="98">
    <mem type="nursery" free="7356008" total="10354688" percent="71">
      <mem type="allocate" free="7356008" total="8519680" percent="86" />
      <mem type="survivor" free="0" total="1835008" percent="0" />
    </mem>
    <mem type="tenure" free="2063713056" total="2082275328" percent="99">
      <mem type="soa" free="2063713056" total="2082275328" percent="99" />
      <mem type="loa" free="0" total="0" percent="0" />
    </mem>
    <pending-finalizers system="0" default="0" reference="22" classloader="0" />
    <remembered-set count="299" />
  </mem-info>
</gc-end>
<cycle-end id="2968" type="scavenge" contextid="2962" timestamp="2019-06-14T20:05:57.307" />
  <attribute name="elasticGC enabled" value="1" />
  <attribute name= "numThreadsSpecified" value="4" />
  <attribute name="heapSize specified" value="14024704" />
  <attribute name="Current GC Util" value="51" />
  <attribute name= "Current Time Running" value="10074" />
  <attribute name ="GC Interval" value="328" />
  <attribute name="ProportionalT" value="15.500000" />
  <attribute name="ProportionalI" value="15.500000" />
  <attribute name="ProportionalH" value="15.500000" />
  <attribute name="Current Error" value="31.000000" />
  <attribute name="IntegralT" value="310.000000" />
  <attribute name="IntegralI" value="310.000000" />
  <attribute name="IntegralH" value="310.000000" />
  <attribute name="DerivativeT" value="1.450000" />
  <attribute name="DerivativeI" value="1.450000" />
  <attribute name="DerivativeH" value="1.450000" />
  <attribute name="Loop Time for DT" value="10.000000" />
  <attribute name="Output H" value="8388608"/>
  <attribute name="Output I" value="328"/>
  <attribute name="Output T" value="4"/>
  <attribute name="Target GC Util Change" value ="20.000000" />
  <attribute name="Current GC Util Change" value="51.000000"/>
  <attribute name="GC Util currently" value="51" />
  <attribute name="CPU Util currently" value="477196481527" />
<allocation-satisfied id="2969" threadId="00000000017D6C00" bytesRequested="24" />
<af-end id="2970" timestamp="2019-06-14T20:05:57.307" threadId="00000000017D7588" success="true" from="nursery"/>
<exclusive-end id="2971" timestamp="2019-06-14T20:05:57.307" durationms="2.636" />

<exclusive-start id="2972" timestamp="2019-06-14T20:05:57.316" intervalms="11.204">
  <response-info timems="0.335" idlems="0.184" threads="3" lastid="00000000017E6000" lastname="PmdThread 4" />
</exclusive-start>
<af-start id="2973" threadId="00000000017D7588" totalBytesRequested="16" timestamp="2019-06-14T20:05:57.316" intervalms="11.228" type="nursery" />
<cycle-start id="2974" type="scavenge" contextid="0" timestamp="2019-06-14T20:05:57.316" intervalms="11.225" />
<gc-start id="2975" type="scavenge" contextid="2974" timestamp="2019-06-14T20:05:57.316">
  <mem-info id="2976" free="2063711840" total="2092630016" percent="98">
    <mem type="nursery" free="0" total="10354688" percent="0">
      <mem type="allocate" free="0" total="8519680" percent="0" />
      <mem type="survivor" free="0" total="1835008" percent="0" />
    </mem>
    <mem type="tenure" free="2063711840" total="2082275328" percent="99">
      <mem type="soa" free="2063711840" total="2082275328" percent="99" />
      <mem type="loa" free="0" total="0" percent="0" />
    </mem>
    <remembered-set count="340" />
  </mem-info>
</gc-start>
<allocation-stats totalBytes="7356024" >
  <allocated-bytes non-tlh="1240" tlh="7354784" />
  <largest-consumer threadName="PmdThread 1" threadId="00000000017D6C00" bytes="5864992" />
</allocation-stats>
<gc-op id="2977" type="scavenge" timems="3.089" contextid="2974" timestamp="2019-06-14T20:05:57.319">
  <scavenger-info tenureage="3" tenuremask="7fc8" tiltratio="82" />
  <memory-copied type="nursery" objects="8105" bytes="670568" bytesdiscarded="102608" />
  <memory-copied type="tenure" objects="7087" bytes="381112" bytesdiscarded="176" />
  <references type="weak" candidates="24" cleared="24" enqueued="24" />
  <references type="phantom" candidates="7" cleared="6" enqueued="6" />
</gc-op>
<gc-end id="2978" type="scavenge" contextid="2974" durationms="3.291" usertimems="8.000" systemtimems="0.000" timestamp="2019-06-14T20:05:57.319" activeThreads="4">
  <mem-info id="2979" free="2071218360" total="2092630016" percent="98">
    <mem type="nursery" free="7877000" total="10354688" percent="76">
      <mem type="allocate" free="7877000" total="8650752" percent="91" />
      <mem type="survivor" free="0" total="1703936" percent="0" />
    </mem>
    <mem type="tenure" free="2063341360" total="2082275328" percent="99">
      <mem type="soa" free="2063341360" total="2082275328" percent="99" />
      <mem type="loa" free="0" total="0" percent="0" />
    </mem>
    <pending-finalizers system="0" default="0" reference="30" classloader="0" />
    <remembered-set count="963" />
  </mem-info>
</gc-end>
<cycle-end id="2980" type="scavenge" contextid="2974" timestamp="2019-06-14T20:05:57.319" />
  <attribute name="elasticGC enabled" value="1" />
  <attribute name= "numThreadsSpecified" value="4" />
  <attribute name="heapSize specified" value="14024704" />
  <attribute name="Current GC Util" value="42" />
  <attribute name= "Current Time Running" value="10085" />
  <attribute name ="GC Interval" value="256" />
  <attribute name="ProportionalT" value="11.000000" />
  <attribute name="ProportionalI" value="11.000000" />
  <attribute name="ProportionalH" value="11.000000" />
  <attribute name="Current Error" value="22.000000" />
  <attribute name="IntegralT" value="242.000000" />
  <attribute name="IntegralI" value="242.000000" />
  <attribute name="IntegralH" value="242.000000" />
  <attribute name="DerivativeT" value="-0.409091" />
  <attribute name="DerivativeI" value="-0.409091" />
  <attribute name="DerivativeH" value="-0.409091" />
  <attribute name="Loop Time for DT" value="11.000000" />
  <attribute name="Output H" value="8388608"/>
  <attribute name="Output I" value="256"/>
  <attribute name="Output T" value="4"/>
  <attribute name="Target GC Util Change" value ="20.000000" />
  <attribute name="Current GC Util Change" value="42.000000"/>
  <attribute name="GC Util currently" value="42" />
  <attribute name="CPU Util currently" value="411320390832" />
<allocation-satisfied id="2981" threadId="00000000017D6C00" bytesRequested="16" />
<af-end id="2982" timestamp="2019-06-14T20:05:57.319" threadId="00000000017D7588" success="true" from="nursery"/>
<exclusive-end id="2983" timestamp="2019-06-14T20:05:57.319" durationms="3.756" />

<exclusive-start id="2984" timestamp="2019-06-14T20:05:57.347" intervalms="30.919">
  <response-info timems="0.056" idlems="0.056" threads="0" lastid="00000000017E6000" lastname="PmdThread 4" />
</exclusive-start>
<af-start id="2985" threadId="00000000017E6988" totalBytesRequested="56" timestamp="2019-06-14T20:05:57.347" intervalms="30.933" type="nursery" />
<cycle-start id="2986" type="scavenge" contextid="0" timestamp="2019-06-14T20:05:57.347" intervalms="30.934" />
<gc-start id="2987" type="scavenge" contextid="2986" timestamp="2019-06-14T20:05:57.347">
  <mem-info id="2988" free="2063340064" total="2092630016" percent="98">
    <mem type="nursery" free="0" total="10354688" percent="0">
      <mem type="allocate" free="0" total="8650752" percent="0" />
      <mem type="survivor" free="0" total="1703936" percent="0" />
    </mem>
    <mem type="tenure" free="2063340064" total="2082275328" percent="99">
      <mem type="soa" free="2063340064" total="2082275328" percent="99" />
      <mem type="loa" free="0" total="0" percent="0" />
    </mem>
    <remembered-set count="1298" />
  </mem-info>
</gc-start>
<allocation-stats totalBytes="7875944" >
  <allocated-bytes non-tlh="1312" tlh="7874632" />
  <largest-consumer threadName="PmdThread 1" threadId="00000000017D6C00" bytes="3112680" />
</allocation-stats>
<gc-op id="2989" type="scavenge" timems="2.648" contextid="2986" timestamp="2019-06-14T20:05:57.349">
  <scavenger-info tenureage="5" tenuremask="7fa0" tiltratio="83" />
  <memory-copied type="nursery" objects="42958" bytes="1645104" bytesdiscarded="55256" />
  <memory-copied type="tenure" objects="3772" bytes="220936" bytesdiscarded="136" />
  <copy-failed type="nursery" objects="660" bytes="36864" />
  <references type="weak" candidates="42" cleared="42" enqueued="42" />
  <references type="phantom" candidates="12" cleared="10" enqueued="10" />
</gc-op>
<gc-end id="2990" type="scavenge" contextid="2986" durationms="3.010" usertimems="8.000" systemtimems="0.000" timestamp="2019-06-14T20:05:57.350" activeThreads="4">
  <mem-info id="2991" free="2068938768" total="2092630016" percent="98">
    <mem type="nursery" free="5701632" total="10354688" percent="55">
      <mem type="allocate" free="5701632" total="7405568" percent="76" />
      <mem type="survivor" free="0" total="2949120" percent="0" />
    </mem>
    <mem type="tenure" free="2063237136" total="2082275328" percent="99">
      <mem type="soa" free="2063237136" total="2082275328" percent="99" />
      <mem type="loa" free="0" total="0" percent="0" />
    </mem>
    <pending-finalizers system="0" default="0" reference="52" classloader="0" />
    <remembered-set count="632" />
  </mem-info>
</gc-end>
<cycle-end id="2992" type="scavenge" contextid="2986" timestamp="2019-06-14T20:05:57.350" />
  <attribute name="elasticGC enabled" value="1" />
  <attribute name= "numThreadsSpecified" value="4" />
  <attribute name="heapSize specified" value="14024704" />
  <attribute name="Current GC Util" value="17" />
  <attribute name= "Current Time Running" value="10116" />
  <attribute name ="GC Interval" value="200" />
  <attribute name="ProportionalT" value="-1.500000" />
  <attribute name="ProportionalI" value="-1.500000" />
  <attribute name="ProportionalH" value="-1.500000" />
  <attribute name="Current Error" value="-3.000000" />
  <attribute name="IntegralT" value="-93.000000" />
  <attribute name="IntegralI" value="-93.000000" />
  <attribute name="IntegralH" value="-93.000000" />
  <attribute name="DerivativeT" value="-0.403226" />
  <attribute name="DerivativeI" value="-0.403226" />
  <attribute name="DerivativeH" value="-0.403226" />
  <attribute name="Loop Time for DT" value="31.000000" />
  <attribute name="Output H" value="2092630016"/>
  <attribute name="Output I" value="200"/>
  <attribute name="Output T" value="4"/>
  <attribute name="Target GC Util Change" value ="20.000000" />
  <attribute name="Current GC Util Change" value="17.000000"/>
  <attribute name="GC Util currently" value="17" />
  <attribute name="CPU Util currently" value="149109487736" />
<allocation-satisfied id="2993" threadId="00000000017E6000" bytesRequested="56" />
<af-end id="2994" timestamp="2019-06-14T20:05:57.350" threadId="00000000017E6988" success="true" from="nursery"/>
<exclusive-end id="2995" timestamp="2019-06-14T20:05:57.350" durationms="3.482" />

<exclusive-start id="2996" timestamp="2019-06-14T20:05:57.361" intervalms="14.652">
  <response-info timems="0.186" idlems="0.102" threads="1" lastid="00000000017E6000" lastname="PmdThread 4" />
</exclusive-start>
<af-start id="2997" threadId="00000000017E2D88" totalBytesRequested="56" timestamp="2019-06-14T20:05:57.361" intervalms="14.647" type="nursery" />
<cycle-start id="2998" type="scavenge" contextid="0" timestamp="2019-06-14T20:05:57.361" intervalms="14.649" />
<gc-start id="2999" type="scavenge" contextid="2998" timestamp="2019-06-14T20:05:57.361">
  <mem-info id="3000" free="2063237016" total="2092630016" percent="98">
    <mem type="nursery" free="0" total="10354688" percent="0">
      <mem type="allocate" free="0" total="7405568" percent="0" />
      <mem type="survivor" free="0" total="2949120" percent="0" />
    </mem>
    <mem type="tenure" free="2063237016" total="2082275328" percent="99">
      <mem type="soa" free="2063237016" total="2082275328" percent="99" />
      <mem type="loa" free="0" total="0" percent="0" />
    </mem>
    <remembered-set count="652" />
  </mem-info>
</gc-start>
<allocation-stats totalBytes="5700320" >
  <allocated-bytes non-tlh="176" tlh="5700144" />
  <largest-consumer threadName="PmdThread 4" threadId="00000000017E6000" bytes="2981568" />
</allocation-stats>
<gc-op id="3001" type="scavenge" timems="4.988" contextid="2998" timestamp="2019-06-14T20:05:57.366">
  <scavenger-info tenureage="7" tenuremask="7f80" tiltratio="71" />
  <memory-copied type="nursery" objects="69825" bytes="2788320" bytesdiscarded="160592" />
  <memory-copied type="tenure" objects="87399" bytes="2272664" bytesdiscarded="576" />
  <copy-failed type="nursery" objects="86442" bytes="2229344" />
  <finalization candidates="1" enqueued="0" />
  <references type="weak" candidates="9" cleared="3" enqueued="3" />
  <references type="phantom" candidates="3" cleared="1" enqueued="1" />
</gc-op>
<gc-end id="3002" type="scavenge" contextid="2998" durationms="5.241" usertimems="12.000" systemtimems="0.000" timestamp="2019-06-14T20:05:57.367" activeThreads="4">
  <mem-info id="3003" free="2063311000" total="2092630016" percent="98">
    <mem type="nursery" free="2228224" total="10354688" percent="21">
      <mem type="allocate" free="2228224" total="5177344" percent="43" />
      <mem type="survivor" free="0" total="5177344" percent="0" />
    </mem>
    <mem type="tenure" free="2061082776" total="2082275328" percent="98">
      <mem type="soa" free="2061082776" total="2082275328" percent="98" />
      <mem type="loa" free="0" total="0" percent="0" />
    </mem>
    <pending-finalizers system="0" default="0" reference="4" classloader="0" />
    <remembered-set count="1642" />
  </mem-info>
</gc-end>
<cycle-end id="3004" type="scavenge" contextid="2998" timestamp="2019-06-14T20:05:57.367" />
  <attribute name="elasticGC enabled" value="1" />
  <attribute name= "numThreadsSpecified" value="4" />
  <attribute name="heapSize specified" value="14024704" />
  <attribute name="Current GC Util" value="44" />
  <attribute name= "Current Time Running" value="10131" />
  <attribute name ="GC Interval" value="376" />
  <attribute name="ProportionalT" value="12.000000" />
  <attribute name="ProportionalI" value="12.000000" />
  <attribute name="ProportionalH" value="12.000000" />
  <attribute name="Current Error" value="24.000000" />
  <attribute name="IntegralT" value="360.000000" />
  <attribute name="IntegralI" value="360.000000" />
  <attribute name="IntegralH" value="360.000000" />
  <attribute name="DerivativeT" value="0.800000" />
  <attribute name="DerivativeI" value="0.800000" />
  <attribute name="DerivativeH" value="0.800000" />
  <attribute name="Loop Time for DT" value="15.000000" />
  <attribute name="Output H" value="8388608"/>
  <attribute name="Output I" value="376"/>
  <attribute name="Output T" value="4"/>
  <attribute name="Target GC Util Change" value ="20.000000" />
  <attribute name="Current GC Util Change" value="44.000000"/>
  <attribute name="GC Util currently" value="44" />
  <attribute name="CPU Util currently" value="314578398020" />
<allocation-satisfied id="3005" threadId="00000000017E2400" bytesRequested="56" />
<af-end id="3006" timestamp="2019-06-14T20:05:57.367" threadId="00000000017E2D88" success="true" from="nursery"/>
<exclusive-end id="3007" timestamp="2019-06-14T20:05:57.367" durationms="5.727" />

<exclusive-start id="3008" timestamp="2019-06-14T20:05:57.370" intervalms="9.160">
  <response-info timems="0.081" idlems="0.039" threads="2" lastid="00000000017E2400" lastname="PmdThread 3" />
</exclusive-start>
<af-start id="3009" threadId="00000000017D7588" totalBytesRequested="768" timestamp="2019-06-14T20:05:57.370" intervalms="9.151" type="nursery" />
<cycle-start id="3010" type="scavenge" contextid="0" timestamp="2019-06-14T20:05:57.370" intervalms="9.159" />
<gc-start id="3011" type="scavenge" contextid="3010" timestamp="2019-06-14T20:05:57.371">
  <mem-info id="3012" free="2061082560" total="2092630016" percent="98">
    <mem type="nursery" free="0" total="10354688" percent="0">
      <mem type="allocate" free="0" total="5177344" percent="0" />
      <mem type="survivor" free="0" total="5177344" percent="0" />
    </mem>
    <mem type="tenure" free="2061082560" total="2082275328" percent="98">
      <mem type="soa" free="2061082560" total="2082275328" percent="98" />
      <mem type="loa" free="0" total="0" percent="0" />
    </mem>
    <remembered-set count="1653" />
  </mem-info>
</gc-start>
<allocation-stats totalBytes="2226360" >
  <allocated-bytes non-tlh="272" tlh="2226088" />
  <largest-consumer threadName="PmdThread 4" threadId="00000000017E6000" bytes="839464" />
</allocation-stats>
<gc-op id="3013" type="scavenge" timems="3.854" contextid="3010" timestamp="2019-06-14T20:05:57.375">
  <scavenger-info tenureage="6" tenuremask="7fc0" tiltratio="50" />
  <memory-copied type="nursery" objects="96781" bytes="3762072" bytesdiscarded="153512" />
  <finalization candidates="1" enqueued="0" />
  <references type="weak" candidates="37" cleared="31" enqueued="31" />
  <references type="phantom" candidates="3" cleared="1" enqueued="1" />
</gc-op>
<gc-end id="3014" type="scavenge" contextid="3010" durationms="4.218" usertimems="12.000" systemtimems="0.000" timestamp="2019-06-14T20:05:57.375" activeThreads="4">
  <mem-info id="3015" free="2062343800" total="2092630016" percent="98">
    <mem type="nursery" free="1261240" total="10354688" percent="12">
      <mem type="allocate" free="1261240" total="5177344" percent="24" />
      <mem type="survivor" free="0" total="5177344" percent="0" />
    </mem>
    <mem type="tenure" free="2061082560" total="2082275328" percent="98">
      <mem type="soa" free="2061082560" total="2082275328" percent="98" />
      <mem type="loa" free="0" total="0" percent="0" />
    </mem>
    <pending-finalizers system="0" default="0" reference="32" classloader="0" />
    <remembered-set count="1626" />
  </mem-info>
</gc-end>
<cycle-end id="3016" type="scavenge" contextid="3010" timestamp="2019-06-14T20:05:57.375" />
  <attribute name="elasticGC enabled" value="1" />
  <attribute name= "numThreadsSpecified" value="4" />
  <attribute name="heapSize specified" value="14024704" />
  <attribute name="Current GC Util" value="124" />
  <attribute name= "Current Time Running" value="10140" />
  <attribute name ="GC Interval" value="992" />
  <attribute name="ProportionalT" value="52.000000" />
  <attribute name="ProportionalI" value="52.000000" />
  <attribute name="ProportionalH" value="52.000000" />
  <attribute name="Current Error" value="104.000000" />
  <attribute name="IntegralT" value="936.000000" />
  <attribute name="IntegralI" value="936.000000" />
  <attribute name="IntegralH" value="936.000000" />
  <attribute name="DerivativeT" value="4.444444" />
  <attribute name="DerivativeI" value="4.444444" />
  <attribute name="DerivativeH" value="4.444444" />
  <attribute name="Loop Time for DT" value="9.000000" />
  <attribute name="Output H" value="8388608"/>
  <attribute name="Output I" value="992"/>
  <attribute name="Output T" value="4"/>
  <attribute name="Target GC Util Change" value ="20.000000" />
  <attribute name="Current GC Util Change" value="124.000000"/>
  <attribute name="GC Util currently" value="124" />
  <attribute name="CPU Util currently" value="495383070772" />
<allocation-satisfied id="3017" threadId="00000000017D6C00" bytesRequested="768" />
<af-end id="3018" timestamp="2019-06-14T20:05:57.375" threadId="00000000017D7588" success="true" from="nursery"/>
<exclusive-end id="3019" timestamp="2019-06-14T20:05:57.375" durationms="4.704" />

<exclusive-start id="3020" timestamp="2019-06-14T20:05:57.377" intervalms="6.952">
  <response-info timems="0.084" idlems="0.084" threads="0" lastid="00000000017E6000" lastname="PmdThread 4" />
</exclusive-start>
<af-start id="3021" threadId="00000000017E6988" totalBytesRequested="56" timestamp="2019-06-14T20:05:57.377" intervalms="6.935" type="nursery" />
<cycle-start id="3022" type="scavenge" contextid="0" timestamp="2019-06-14T20:05:57.377" intervalms="6.917" />
<gc-start id="3023" type="scavenge" contextid="3022" timestamp="2019-06-14T20:05:57.377">
  <mem-info id="3024" free="2061082560" total="2092630016" percent="98">
    <mem type="nursery" free="0" total="10354688" percent="0">
      <mem type="allocate" free="0" total="5177344" percent="0" />
      <mem type="survivor" free="0" total="5177344" percent="0" />
    </mem>
    <mem type="tenure" free="2061082560" total="2082275328" percent="98">
      <mem type="soa" free="2061082560" total="2082275328" percent="98" />
      <mem type="loa" free="0" total="0" percent="0" />
    </mem>
    <remembered-set count="1633" />
  </mem-info>
</gc-start>
<allocation-stats totalBytes="1246808" >
  <allocated-bytes non-tlh="768" tlh="1246040" />
  <largest-consumer threadName="PmdThread 1" threadId="00000000017D6C00" bytes="552320" />
</allocation-stats>
<gc-op id="3025" type="scavenge" timems="4.395" contextid="3022" timestamp="2019-06-14T20:05:57.382">
  <scavenger-info tenureage="2" tenuremask="7fec" tiltratio="50" />
  <memory-copied type="nursery" objects="41702" bytes="1466752" bytesdiscarded="153632" />
  <memory-copied type="tenure" objects="68653" bytes="2683872" bytesdiscarded="1016" />
  <finalization candidates="1" enqueued="0" />
  <references type="weak" candidates="21" cleared="20" enqueued="20" />
  <references type="phantom" candidates="2" cleared="0" enqueued="0" />
</gc-op>
<gc-end id="3026" type="scavenge" contextid="3022" durationms="4.779" usertimems="12.000" systemtimems="4.000" timestamp="2019-06-14T20:05:57.382" activeThreads="4">
  <mem-info id="3027" free="2061932880" total="2092630016" percent="98">
    <mem type="nursery" free="3555016" total="10354688" percent="34">
      <mem type="allocate" free="3555016" total="5177344" percent="68" />
      <mem type="survivor" free="0" total="5177344" percent="0" />
    </mem>
    <mem type="tenure" free="2058377864" total="2082275328" percent="98">
      <mem type="soa" free="2058377864" total="2082275328" percent="98" />
      <mem type="loa" free="0" total="0" percent="0" />
    </mem>
    <pending-finalizers system="0" default="0" reference="20" classloader="0" />
    <remembered-set count="230" />
  </mem-info>
</gc-end>
<cycle-end id="3028" type="scavenge" contextid="3022" timestamp="2019-06-14T20:05:57.382" />
  <attribute name="elasticGC enabled" value="1" />
  <attribute name= "numThreadsSpecified" value="4" />
  <attribute name="heapSize specified" value="14024704" />
  <attribute name="Current GC Util" value="152" />
  <attribute name= "Current Time Running" value="10147" />
  <attribute name ="GC Interval" value="992" />
  <attribute name="ProportionalT" value="66.000000" />
  <attribute name="ProportionalI" value="66.000000" />
  <attribute name="ProportionalH" value="66.000000" />
  <attribute name="Current Error" value="132.000000" />
  <attribute name="IntegralT" value="924.000000" />
  <attribute name="IntegralI" value="924.000000" />
  <attribute name="IntegralH" value="924.000000" />
  <attribute name="DerivativeT" value="2.000000" />
  <attribute name="DerivativeI" value="2.000000" />
  <attribute name="DerivativeH" value="2.000000" />
  <attribute name="Loop Time for DT" value="7.000000" />
  <attribute name="Output H" value="8388608"/>
  <attribute name="Output I" value="992"/>
  <attribute name="Output T" value="4"/>
  <attribute name="Target GC Util Change" value ="20.000000" />
  <attribute name="Current GC Util Change" value="152.000000"/>
  <attribute name="GC Util currently" value="152" />
  <attribute name="CPU Util currently" value="683866715226" />
<allocation-satisfied id="3029" threadId="00000000017E6000" bytesRequested="56" />
<af-end id="3030" timestamp="2019-06-14T20:05:57.382" threadId="00000000017E6988" success="true" from="nursery"/>
<exclusive-end id="3031" timestamp="2019-06-14T20:05:57.382" durationms="5.196" />

<exclusive-start id="3032" timestamp="2019-06-14T20:05:57.393" intervalms="15.840">
  <response-info timems="0.296" idlems="0.157" threads="1" lastid="00000000014CA300" lastname="JIT Compilation Thread-0" />
</exclusive-start>
<af-start id="3033" threadId="00000000017D7588" totalBytesRequested="16" timestamp="2019-06-14T20:05:57.393" intervalms="15.856" type="nursery" />
<cycle-start id="3034" type="scavenge" contextid="0" timestamp="2019-06-14T20:05:57.393" intervalms="15.865" />
<gc-start id="3035" type="scavenge" contextid="3034" timestamp="2019-06-14T20:05:57.393">
  <mem-info id="3036" free="2058377224" total="2092630016" percent="98">
    <mem type="nursery" free="0" total="10354688" percent="0">
      <mem type="allocate" free="0" total="5177344" percent="0" />
      <mem type="survivor" free="0" total="5177344" percent="0" />
    </mem>
    <mem type="tenure" free="2058377224" total="2082275328" percent="98">
      <mem type="soa" free="2058377224" total="2082275328" percent="98" />
      <mem type="loa" free="0" total="0" percent="0" />
    </mem>
    <remembered-set count="731" />
  </mem-info>
</gc-start>
<allocation-stats totalBytes="3552744" >
  <allocated-bytes non-tlh="696" tlh="3552048" />
  <largest-consumer threadName="PmdThread 1" threadId="00000000017D6C00" bytes="1866264" />
</allocation-stats>
<gc-op id="3037" type="scavenge" timems="5.814" contextid="3034" timestamp="2019-06-14T20:05:57.399">
  <scavenger-info tenureage="2" tenuremask="7fe4" tiltratio="50" />
  <memory-copied type="nursery" objects="46040" bytes="1584424" bytesdiscarded="130224" />
  <memory-copied type="tenure" objects="24261" bytes="816728" bytesdiscarded="312" />
  <references type="weak" candidates="74" cleared="74" enqueued="74" />
  <references type="phantom" candidates="7" cleared="6" enqueued="6" />
</gc-op>
<gc-end id="3038" type="scavenge" contextid="3034" durationms="6.080" usertimems="0.000" systemtimems="8.000" timestamp="2019-06-14T20:05:57.399" activeThreads="4">
  <mem-info id="3039" free="2061014200" total="2092630016" percent="98">
    <mem type="nursery" free="3461320" total="10354688" percent="33">
      <mem type="allocate" free="3461320" total="5177344" percent="66" />
      <mem type="survivor" free="0" total="5177344" percent="0" />
    </mem>
    <mem type="tenure" free="2057552880" total="2082275328" percent="98">
      <mem type="soa" free="2057552880" total="2082275328" percent="98" />
      <mem type="loa" free="0" total="0" percent="0" />
    </mem>
    <pending-finalizers system="0" default="0" reference="80" classloader="0" />
    <remembered-set count="709" />
  </mem-info>
</gc-end>
<cycle-end id="3040" type="scavenge" contextid="3034" timestamp="2019-06-14T20:05:57.400" />
  <attribute name="elasticGC enabled" value="1" />
  <attribute name= "numThreadsSpecified" value="4" />
  <attribute name="heapSize specified" value="14024704" />
  <attribute name="Current GC Util" value="66" />
  <attribute name= "Current Time Running" value="10163" />
  <attribute name ="GC Interval" value="760" />
  <attribute name="ProportionalT" value="23.000000" />
  <attribute name="ProportionalI" value="23.000000" />
  <attribute name="ProportionalH" value="23.000000" />
  <attribute name="Current Error" value="46.000000" />
  <attribute name="IntegralT" value="736.000000" />
  <attribute name="IntegralI" value="736.000000" />
  <attribute name="IntegralH" value="736.000000" />
  <attribute name="DerivativeT" value="-2.687500" />
  <attribute name="DerivativeI" value="-2.687500" />
  <attribute name="DerivativeH" value="-2.687500" />
  <attribute name="Loop Time for DT" value="16.000000" />
  <attribute name="Output H" value="8388608"/>
  <attribute name="Output I" value="760"/>
  <attribute name="Output T" value="4"/>
  <attribute name="Target GC Util Change" value ="20.000000" />
  <attribute name="Current GC Util Change" value="66.000000"/>
  <attribute name="GC Util currently" value="66" />
  <attribute name="CPU Util currently" value="290178504565" />
<allocation-satisfied id="3041" threadId="00000000017D6C00" bytesRequested="16" />
<af-end id="3042" timestamp="2019-06-14T20:05:57.400" threadId="00000000017D7588" success="true" from="nursery"/>
<exclusive-end id="3043" timestamp="2019-06-14T20:05:57.400" durationms="6.639" />

<exclusive-start id="3044" timestamp="2019-06-14T20:05:57.411" intervalms="17.629">
  <response-info timems="0.046" idlems="0.024" threads="2" lastid="00000000014CA300" lastname="JIT Compilation Thread-0" />
</exclusive-start>
<af-start id="3045" threadId="00000000017E2D88" totalBytesRequested="16" timestamp="2019-06-14T20:05:57.411" intervalms="17.632" type="nursery" />
<cycle-start id="3046" type="scavenge" contextid="0" timestamp="2019-06-14T20:05:57.411" intervalms="17.631" />
<gc-start id="3047" type="scavenge" contextid="3046" timestamp="2019-06-14T20:05:57.411">
  <mem-info id="3048" free="2057552880" total="2092630016" percent="98">
    <mem type="nursery" free="0" total="10354688" percent="0">
      <mem type="allocate" free="0" total="5177344" percent="0" />
      <mem type="survivor" free="0" total="5177344" percent="0" />
    </mem>
    <mem type="tenure" free="2057552880" total="2082275328" percent="98">
      <mem type="soa" free="2057552880" total="2082275328" percent="98" />
      <mem type="loa" free="0" total="0" percent="0" />
    </mem>
    <remembered-set count="1803" />
  </mem-info>
</gc-start>
<allocation-stats totalBytes="3458592" >
  <allocated-bytes non-tlh="16" tlh="3458576" />
  <largest-consumer threadName="PmdThread 3" threadId="00000000017E2400" bytes="1552328" />
</allocation-stats>
<gc-op id="3049" type="scavenge" timems="4.574" contextid="3046" timestamp="2019-06-14T20:05:57.416">
  <scavenger-info tenureage="4" tenuremask="7ff0" tiltratio="50" />
  <memory-copied type="nursery" objects="72949" bytes="2414208" bytesdiscarded="57968" />
  <references type="weak" candidates="35" cleared="34" enqueued="34" />
  <references type="phantom" candidates="3" cleared="2" enqueued="2" />
</gc-op>
<gc-end id="3050" type="scavenge" contextid="3046" durationms="4.783" usertimems="0.000" systemtimems="4.000" timestamp="2019-06-14T20:05:57.416" activeThreads="4">
  <mem-info id="3051" free="2060257872" total="2092630016" percent="98">
    <mem type="nursery" free="2704992" total="10354688" percent="26">
      <mem type="allocate" free="2704992" total="5177344" percent="52" />
      <mem type="survivor" free="0" total="5177344" percent="0" />
    </mem>
    <mem type="tenure" free="2057552880" total="2082275328" percent="98">
      <mem type="soa" free="2057552880" total="2082275328" percent="98" />
      <mem type="loa" free="0" total="0" percent="0" />
    </mem>
    <pending-finalizers system="0" default="0" reference="36" classloader="0" />
    <remembered-set count="1772" />
  </mem-info>
</gc-end>
<cycle-end id="3052" type="scavenge" contextid="3046" timestamp="2019-06-14T20:05:57.416" />
  <attribute name="elasticGC enabled" value="1" />
  <attribute name= "numThreadsSpecified" value="4" />
  <attribute name="heapSize specified" value="14024704" />
  <attribute name="Current GC Util" value="43" />
  <attribute name= "Current Time Running" value="10180" />
  <attribute name ="GC Interval" value="408" />
  <attribute name="ProportionalT" value="11.500000" />
  <attribute name="ProportionalI" value="11.500000" />
  <attribute name="ProportionalH" value="11.500000" />
  <attribute name="Current Error" value="23.000000" />
  <attribute name="IntegralT" value="391.000000" />
  <attribute name="IntegralI" value="391.000000" />
  <attribute name="IntegralH" value="391.000000" />
  <attribute name="DerivativeT" value="-0.676471" />
  <attribute name="DerivativeI" value="-0.676471" />
  <attribute name="DerivativeH" value="-0.676471" />
  <attribute name="Loop Time for DT" value="17.000000" />
  <attribute name="Output H" value="8388608"/>
  <attribute name="Output I" value="408"/>
  <attribute name="Output T" value="4"/>
  <attribute name="Target GC Util Change" value ="20.000000" />
  <attribute name="Current GC Util Change" value="43.000000"/>
  <attribute name="GC Util currently" value="43" />
  <attribute name="CPU Util currently" value="261541842408" />
<allocation-satisfied id="3053" threadId="00000000017E2400" bytesRequested="16" />
<af-end id="3054" timestamp="2019-06-14T20:05:57.416" threadId="00000000017E2D88" success="true" from="nursery"/>
<exclusive-end id="3055" timestamp="2019-06-14T20:05:57.416" durationms="5.240" />

<exclusive-start id="3056" timestamp="2019-06-14T20:05:57.424" intervalms="12.754">
  <response-info timems="0.041" idlems="0.019" threads="2" lastid="00000000017D6C00" lastname="PmdThread 1" />
</exclusive-start>
<af-start id="3057" threadId="00000000017E2D88" totalBytesRequested="24" timestamp="2019-06-14T20:05:57.424" intervalms="12.746" type="nursery" />
<cycle-start id="3058" type="scavenge" contextid="0" timestamp="2019-06-14T20:05:57.424" intervalms="12.749" />
<gc-start id="3059" type="scavenge" contextid="3058" timestamp="2019-06-14T20:05:57.424">
  <mem-info id="3060" free="2057552592" total="2092630016" percent="98">
    <mem type="nursery" free="0" total="10354688" percent="0">
      <mem type="allocate" free="0" total="5177344" percent="0" />
      <mem type="survivor" free="0" total="5177344" percent="0" />
    </mem>
    <mem type="tenure" free="2057552592" total="2082275328" percent="98">
      <mem type="soa" free="2057552592" total="2082275328" percent="98" />
      <mem type="loa" free="0" total="0" percent="0" />
    </mem>
    <remembered-set count="1859" />
  </mem-info>
</gc-start>
<allocation-stats totalBytes="2704144" >
  <allocated-bytes non-tlh="304" tlh="2703840" />
  <largest-consumer threadName="PmdThread 1" threadId="00000000017D6C00" bytes="1032200" />
</allocation-stats>
<gc-op id="3061" type="scavenge" timems="4.698" contextid="3058" timestamp="2019-06-14T20:05:57.429">
  <scavenger-info tenureage="3" tenuremask="7ff8" tiltratio="50" />
  <memory-copied type="nursery" objects="63281" bytes="2227160" bytesdiscarded="7200" />
  <memory-copied type="tenure" objects="14602" bytes="417968" bytesdiscarded="224" />
  <references type="weak" candidates="17" cleared="17" enqueued="17" />
  <references type="phantom" candidates="3" cleared="3" enqueued="3" />
</gc-op>
<gc-end id="3062" type="scavenge" contextid="3058" durationms="4.909" usertimems="8.000" systemtimems="0.000" timestamp="2019-06-14T20:05:57.429" activeThreads="4">
  <mem-info id="3063" free="2060024224" total="2092630016" percent="98">
    <mem type="nursery" free="2941648" total="10354688" percent="28">
      <mem type="allocate" free="2941648" total="5177344" percent="56" />
      <mem type="survivor" free="0" total="5177344" percent="0" />
    </mem>
    <mem type="tenure" free="2057082576" total="2082275328" percent="98">
      <mem type="soa" free="2057082576" total="2082275328" percent="98" />
      <mem type="loa" free="0" total="0" percent="0" />
    </mem>
    <pending-finalizers system="0" default="0" reference="20" classloader="0" />
    <remembered-set count="1831" />
  </mem-info>
</gc-end>
<cycle-end id="3064" type="scavenge" contextid="3058" timestamp="2019-06-14T20:05:57.429" />
  <attribute name="elasticGC enabled" value="1" />
  <attribute name= "numThreadsSpecified" value="4" />
  <attribute name="heapSize specified" value="14024704" />
  <attribute name="Current GC Util" value="55" />
  <attribute name= "Current Time Running" value="10193" />
  <attribute name ="GC Interval" value="472" />
  <attribute name="ProportionalT" value="17.500000" />
  <attribute name="ProportionalI" value="17.500000" />
  <attribute name="ProportionalH" value="17.500000" />
  <attribute name="Current Error" value="35.000000" />
  <attribute name="IntegralT" value="455.000000" />
  <attribute name="IntegralI" value="455.000000" />
  <attribute name="IntegralH" value="455.000000" />
  <attribute name="DerivativeT" value="0.461538" />
  <attribute name="DerivativeI" value="0.461538" />
  <attribute name="DerivativeH" value="0.461538" />
  <attribute name="Loop Time for DT" value="13.000000" />
  <attribute name="Output H" value="8388608"/>
  <attribute name="Output I" value="472"/>
  <attribute name="Output T" value="4"/>
  <attribute name="Target GC Util Change" value ="20.000000" />
  <attribute name="Current GC Util Change" value="55.000000"/>
  <attribute name="GC Util currently" value="55" />
  <attribute name="CPU Util currently" value="361867092004" />
<allocation-satisfied id="3065" threadId="00000000017E2400" bytesRequested="24" />
<af-end id="3066" timestamp="2019-06-14T20:05:57.429" threadId="00000000017E2D88" success="true" from="nursery"/>
<exclusive-end id="3067" timestamp="2019-06-14T20:05:57.429" durationms="5.362" />

<exclusive-start id="3068" timestamp="2019-06-14T20:05:57.437" intervalms="13.615">
  <response-info timems="0.033" idlems="0.033" threads="0" lastid="00000000017E2400" lastname="PmdThread 3" />
</exclusive-start>
<af-start id="3069" threadId="00000000017E2D88" totalBytesRequested="72" timestamp="2019-06-14T20:05:57.437" intervalms="13.642" type="nursery" />
<cycle-start id="3070" type="scavenge" contextid="0" timestamp="2019-06-14T20:05:57.437" intervalms="13.658" />
<gc-start id="3071" type="scavenge" contextid="3070" timestamp="2019-06-14T20:05:57.437">
  <mem-info id="3072" free="2057081544" total="2092630016" percent="98">
    <mem type="nursery" free="0" total="10354688" percent="0">
      <mem type="allocate" free="0" total="5177344" percent="0" />
      <mem type="survivor" free="0" total="5177344" percent="0" />
    </mem>
    <mem type="tenure" free="2057081544" total="2082275328" percent="98">
      <mem type="soa" free="2057081544" total="2082275328" percent="98" />
      <mem type="loa" free="0" total="0" percent="0" />
    </mem>
    <remembered-set count="1907" />
  </mem-info>
</gc-start>
<allocation-stats totalBytes="2941224" >
  <allocated-bytes non-tlh="1056" tlh="2940168" />
  <largest-consumer threadName="PmdThread 1" threadId="00000000017D6C00" bytes="1024240" />
</allocation-stats>
<gc-op id="3073" type="scavenge" timems="5.666" contextid="3070" timestamp="2019-06-14T20:05:57.443">
  <scavenger-info tenureage="2" tenuremask="7ffc" tiltratio="50" />
  <memory-copied type="nursery" objects="17355" bytes="668136" bytesdiscarded="158792" />
  <memory-copied type="tenure" objects="51038" bytes="1493280" bytesdiscarded="560" />
  <references type="weak" candidates="53" cleared="53" enqueued="53" />
  <references type="phantom" candidates="7" cleared="7" enqueued="7" />
</gc-op>
<gc-end id="3074" type="scavenge" contextid="3070" durationms="5.918" usertimems="8.000" systemtimems="0.000" timestamp="2019-06-14T20:05:57.443" activeThreads="4">
  <mem-info id="3075" free="2060465064" total="2092630016" percent="98">
    <mem type="nursery" free="4871904" total="10354688" percent="47">
      <mem type="allocate" free="4871904" total="5701632" percent="85" />
      <mem type="survivor" free="0" total="4653056" percent="0" />
    </mem>
    <mem type="tenure" free="2055593160" total="2082275328" percent="98">
      <mem type="soa" free="2055593160" total="2082275328" percent="98" />
      <mem type="loa" free="0" total="0" percent="0" />
    </mem>
    <pending-finalizers system="0" default="0" reference="60" classloader="0" />
    <remembered-set count="451" />
  </mem-info>
</gc-end>
<cycle-end id="3076" type="scavenge" contextid="3070" timestamp="2019-06-14T20:05:57.443" />
  <attribute name="elasticGC enabled" value="1" />
  <attribute name= "numThreadsSpecified" value="4" />
  <attribute name="heapSize specified" value="14024704" />
  <attribute name="Current GC Util" value="56" />
  <attribute name= "Current Time Running" value="10207" />
  <attribute name ="GC Interval" value="528" />
  <attribute name="ProportionalT" value="18.000000" />
  <attribute name="ProportionalI" value="18.000000" />
  <attribute name="ProportionalH" value="18.000000" />
  <attribute name="Current Error" value="36.000000" />
  <attribute name="IntegralT" value="504.000000" />
  <attribute name="IntegralI" value="504.000000" />
  <attribute name="IntegralH" value="504.000000" />
  <attribute name="DerivativeT" value="0.035714" />
  <attribute name="DerivativeI" value="0.035714" />
  <attribute name="DerivativeH" value="0.035714" />
  <attribute name="Loop Time for DT" value="14.000000" />
  <attribute name="Output H" value="8388608"/>
  <attribute name="Output I" value="528"/>
  <attribute name="Output T" value="4"/>
  <attribute name="Target GC Util Change" value ="20.000000" />
  <attribute name="Current GC Util Change" value="56.000000"/>
  <attribute name="GC Util currently" value="56" />
  <attribute name="CPU Util currently" value="337577863775" />
<allocation-satisfied id="3077" threadId="00000000017E2400" bytesRequested="72" />
<af-end id="3078" timestamp="2019-06-14T20:05:57.444" threadId="00000000017E2D88" success="true" from="nursery"/>
<exclusive-end id="3079" timestamp="2019-06-14T20:05:57.444" durationms="6.521" />

<exclusive-start id="3080" timestamp="2019-06-14T20:05:57.458" intervalms="21.274">
  <response-info timems="0.104" idlems="0.104" threads="0" lastid="00000000017E2400" lastname="PmdThread 3" />
</exclusive-start>
<af-start id="3081" threadId="00000000017E2D88" totalBytesRequested="656" timestamp="2019-06-14T20:05:57.458" intervalms="21.270" type="nursery" />
<cycle-start id="3082" type="scavenge" contextid="0" timestamp="2019-06-14T20:05:57.459" intervalms="21.267" />
<gc-start id="3083" type="scavenge" contextid="3082" timestamp="2019-06-14T20:05:57.459">
  <mem-info id="3084" free="2055592392" total="2092630016" percent="98">
    <mem type="nursery" free="0" total="10354688" percent="0">
      <mem type="allocate" free="0" total="5701632" percent="0" />
      <mem type="survivor" free="0" total="4653056" percent="0" />
    </mem>
    <mem type="tenure" free="2055592392" total="2082275328" percent="98">
      <mem type="soa" free="2055592392" total="2082275328" percent="98" />
      <mem type="loa" free="0" total="0" percent="0" />
    </mem>
    <remembered-set count="1156" />
  </mem-info>
</gc-start>
<allocation-stats totalBytes="4868840" >
  <allocated-bytes non-tlh="840" tlh="4868000" />
  <largest-consumer threadName="PmdThread 3" threadId="00000000017E2400" bytes="1959160" />
</allocation-stats>
<gc-op id="3085" type="scavenge" timems="3.607" contextid="3082" timestamp="2019-06-14T20:05:57.462">
  <scavenger-info tenureage="2" tenuremask="7ffc" tiltratio="55" />
  <memory-copied type="nursery" objects="38827" bytes="1465664" bytesdiscarded="166608" />
  <memory-copied type="tenure" objects="2846" bytes="84688" bytesdiscarded="24" />
  <references type="weak" candidates="201" cleared="200" enqueued="200" />
  <references type="phantom" candidates="7" cleared="6" enqueued="6" />
</gc-op>
<gc-end id="3086" type="scavenge" contextid="3082" durationms="3.827" usertimems="4.000" systemtimems="0.000" timestamp="2019-06-14T20:05:57.462" activeThreads="4">
  <mem-info id="3087" free="2060041824" total="2092630016" percent="98">
    <mem type="nursery" free="4527768" total="10354688" percent="43">
      <mem type="allocate" free="4527768" total="6160384" percent="73" />
      <mem type="survivor" free="0" total="4194304" percent="0" />
    </mem>
    <mem type="tenure" free="2055514056" total="2082275328" percent="98">
      <mem type="soa" free="2055514056" total="2082275328" percent="98" />
      <mem type="loa" free="0" total="0" percent="0" />
    </mem>
    <pending-finalizers system="0" default="0" reference="206" classloader="0" />
    <remembered-set count="226" />
  </mem-info>
</gc-end>
<cycle-end id="3088" type="scavenge" contextid="3082" timestamp="2019-06-14T20:05:57.463" />
  <attribute name="elasticGC enabled" value="1" />
  <attribute name= "numThreadsSpecified" value="4" />
  <attribute name="heapSize specified" value="14024704" />
  <attribute name="Current GC Util" value="35" />
  <attribute name= "Current Time Running" value="10228" />
  <attribute name ="GC Interval" value="328" />
  <attribute name="ProportionalT" value="7.500000" />
  <attribute name="ProportionalI" value="7.500000" />
  <attribute name="ProportionalH" value="7.500000" />
  <attribute name="Current Error" value="15.000000" />
  <attribute name="IntegralT" value="315.000000" />
  <attribute name="IntegralI" value="315.000000" />
  <attribute name="IntegralH" value="315.000000" />
  <attribute name="DerivativeT" value="-0.500000" />
  <attribute name="DerivativeI" value="-0.500000" />
  <attribute name="DerivativeH" value="-0.500000" />
  <attribute name="Loop Time for DT" value="21.000000" />
  <attribute name="Output H" value="8388608"/>
  <attribute name="Output I" value="328"/>
  <attribute name="Output T" value="4"/>
  <attribute name="Target GC Util Change" value ="20.000000" />
  <attribute name="Current GC Util Change" value="35.000000"/>
  <attribute name="GC Util currently" value="35" />
  <attribute name="CPU Util currently" value="216898307949" />
<allocation-satisfied id="3089" threadId="00000000017E2400" bytesRequested="656" />
<af-end id="3090" timestamp="2019-06-14T20:05:57.463" threadId="00000000017E2D88" success="true" from="nursery"/>
<exclusive-end id="3091" timestamp="2019-06-14T20:05:57.463" durationms="4.450" />

<exclusive-start id="3092" timestamp="2019-06-14T20:05:57.469" intervalms="10.594">
  <response-info timems="0.909" idlems="0.909" threads="0" lastid="00000000017E6000" lastname="PmdThread 4" />
</exclusive-start>
<af-start id="3093" threadId="00000000017E6988" totalBytesRequested="56" timestamp="2019-06-14T20:05:57.469" intervalms="10.614" type="nursery" />
<cycle-start id="3094" type="scavenge" contextid="0" timestamp="2019-06-14T20:05:57.469" intervalms="10.605" />
<gc-start id="3095" type="scavenge" contextid="3094" timestamp="2019-06-14T20:05:57.469">
  <mem-info id="3096" free="2055513848" total="2092630016" percent="98">
    <mem type="nursery" free="0" total="10354688" percent="0">
      <mem type="allocate" free="0" total="6160384" percent="0" />
      <mem type="survivor" free="0" total="4194304" percent="0" />
    </mem>
    <mem type="tenure" free="2055513848" total="2082275328" percent="98">
      <mem type="soa" free="2055513848" total="2082275328" percent="98" />
      <mem type="loa" free="0" total="0" percent="0" />
    </mem>
    <remembered-set count="936" />
  </mem-info>
</gc-start>
<allocation-stats totalBytes="4524720" >
  <allocated-bytes non-tlh="864" tlh="4523856" />
  <largest-consumer threadName="PmdThread 3" threadId="00000000017E2400" bytes="1892560" />
</allocation-stats>
<gc-op id="3097" type="scavenge" timems="3.270" contextid="3094" timestamp="2019-06-14T20:05:57.473">
  <scavenger-info tenureage="2" tenuremask="7ffc" tiltratio="59" />
  <memory-copied type="nursery" objects="55706" bytes="1862528" bytesdiscarded="199248" />
  <memory-copied type="tenure" objects="9648" bytes="272672" bytesdiscarded="88" />
  <references type="weak" candidates="223" cleared="223" enqueued="223" />
  <references type="phantom" candidates="3" cleared="3" enqueued="3" />
</gc-op>
<gc-end id="3098" type="scavenge" contextid="3094" durationms="3.531" usertimems="4.000" systemtimems="0.000" timestamp="2019-06-14T20:05:57.473" activeThreads="4">
  <mem-info id="3099" free="2059664104" total="2092630016" percent="98">
    <mem type="nursery" free="4424432" total="10354688" percent="42">
      <mem type="allocate" free="4424432" total="6488064" percent="68" />
      <mem type="survivor" free="0" total="3866624" percent="0" />
    </mem>
    <mem type="tenure" free="2055239672" total="2082275328" percent="98">
      <mem type="soa" free="2055239672" total="2082275328" percent="98" />
      <mem type="loa" free="0" total="0" percent="0" />
    </mem>
    <pending-finalizers system="0" default="0" reference="226" classloader="0" />
    <remembered-set count="215" />
  </mem-info>
</gc-end>
<cycle-end id="3100" type="scavenge" contextid="3094" timestamp="2019-06-14T20:05:57.473" />
  <attribute name="elasticGC enabled" value="1" />
  <attribute name= "numThreadsSpecified" value="4" />
  <attribute name="heapSize specified" value="14024704" />
  <attribute name="Current GC Util" value="49" />
  <attribute name= "Current Time Running" value="10239" />
  <attribute name ="GC Interval" value="336" />
  <attribute name="ProportionalT" value="14.500000" />
  <attribute name="ProportionalI" value="14.500000" />
  <attribute name="ProportionalH" value="14.500000" />
  <attribute name="Current Error" value="29.000000" />
  <attribute name="IntegralT" value="319.000000" />
  <attribute name="IntegralI" value="319.000000" />
  <attribute name="IntegralH" value="319.000000" />
  <attribute name="DerivativeT" value="0.636364" />
  <attribute name="DerivativeI" value="0.636364" />
  <attribute name="DerivativeH" value="0.636364" />
  <attribute name="Loop Time for DT" value="11.000000" />
  <attribute name="Output H" value="8388608"/>
  <attribute name="Output I" value="336"/>
  <attribute name="Output T" value="4"/>
  <attribute name="Target GC Util Change" value ="20.000000" />
  <attribute name="Current GC Util Change" value="49.000000"/>
  <attribute name="GC Util currently" value="49" />
  <attribute name="CPU Util currently" value="432630270728" />
<allocation-satisfied id="3101" threadId="00000000017E6000" bytesRequested="56" />
<af-end id="3102" timestamp="2019-06-14T20:05:57.473" threadId="00000000017E6988" success="true" from="nursery"/>
<exclusive-end id="3103" timestamp="2019-06-14T20:05:57.473" durationms="4.093" />

<exclusive-start id="3104" timestamp="2019-06-14T20:05:57.490" intervalms="20.903">
  <response-info timems="0.125" idlems="0.125" threads="0" lastid="00000000017DA800" lastname="PmdThread 2" />
</exclusive-start>
<af-start id="3105" threadId="00000000017DB188" totalBytesRequested="128" timestamp="2019-06-14T20:05:57.490" intervalms="20.860" type="nursery" />
<cycle-start id="3106" type="scavenge" contextid="0" timestamp="2019-06-14T20:05:57.490" intervalms="20.868" />
<gc-start id="3107" type="scavenge" contextid="3106" timestamp="2019-06-14T20:05:57.490">
  <mem-info id="3108" free="2055239456" total="2092630016" percent="98">
    <mem type="nursery" free="0" total="10354688" percent="0">
      <mem type="allocate" free="0" total="6488064" percent="0" />
      <mem type="survivor" free="0" total="3866624" percent="0" />
    </mem>
    <mem type="tenure" free="2055239456" total="2082275328" percent="98">
      <mem type="soa" free="2055239456" total="2082275328" percent="98" />
      <mem type="loa" free="0" total="0" percent="0" />
    </mem>
    <remembered-set count="1237" />
  </mem-info>
</gc-start>
<allocation-stats totalBytes="4420872" >
  <allocated-bytes non-tlh="272" tlh="4420600" />
  <largest-consumer threadName="PmdThread 3" threadId="00000000017E2400" bytes="2717072" />
</allocation-stats>
<gc-op id="3109" type="scavenge" timems="5.720" contextid="3106" timestamp="2019-06-14T20:05:57.496">
  <scavenger-info tenureage="2" tenuremask="7ffc" tiltratio="62" />
  <memory-copied type="nursery" objects="45256" bytes="1518632" bytesdiscarded="143392" />
  <memory-copied type="tenure" objects="25911" bytes="835584" bytesdiscarded="456" />
  <references type="weak" candidates="176" cleared="176" enqueued="176" />
  <references type="phantom" candidates="2" cleared="2" enqueued="2" />
</gc-op>
<gc-end id="3110" type="scavenge" contextid="3106" durationms="6.083" usertimems="8.000" systemtimems="0.000" timestamp="2019-06-14T20:05:57.496" activeThreads="4">
  <mem-info id="3111" free="2059641816" total="2092630016" percent="98">
    <mem type="nursery" free="5218512" total="10354688" percent="50">
      <mem type="allocate" free="5218512" total="6881280" percent="75" />
      <mem type="survivor" free="0" total="3473408" percent="0" />
    </mem>
    <mem type="tenure" free="2054423304" total="2082275328" percent="98">
      <mem type="soa" free="2054423304" total="2082275328" percent="98" />
      <mem type="loa" free="0" total="0" percent="0" />
    </mem>
    <pending-finalizers system="0" default="0" reference="178" classloader="0" />
    <remembered-set count="194" />
  </mem-info>
</gc-end>
<cycle-end id="3112" type="scavenge" contextid="3106" timestamp="2019-06-14T20:05:57.496" />
  <attribute name="elasticGC enabled" value="1" />
  <attribute name= "numThreadsSpecified" value="4" />
  <attribute name="heapSize specified" value="14024704" />
  <attribute name="Current GC Util" value="23" />
  <attribute name= "Current Time Running" value="10260" />
  <attribute name ="GC Interval" value="200" />
  <attribute name="ProportionalT" value="1.500000" />
  <attribute name="ProportionalI" value="1.500000" />
  <attribute name="ProportionalH" value="1.500000" />
  <attribute name="Current Error" value="3.000000" />
  <attribute name="IntegralT" value="63.000000" />
  <attribute name="IntegralI" value="63.000000" />
  <attribute name="IntegralH" value="63.000000" />
  <attribute name="DerivativeT" value="-0.619048" />
  <attribute name="DerivativeI" value="-0.619048" />
  <attribute name="DerivativeH" value="-0.619048" />
  <attribute name="Loop Time for DT" value="21.000000" />
  <attribute name="Output H" value="8388608"/>
  <attribute name="Output I" value="200"/>
  <attribute name="Output T" value="4"/>
  <attribute name="Target GC Util Change" value ="20.000000" />
  <attribute name="Current GC Util Change" value="23.000000"/>
  <attribute name="GC Util currently" value="23" />
  <attribute name="CPU Util currently" value="221764033137" />
<allocation-satisfied id="3113" threadId="00000000017DA800" bytesRequested="128" />
<af-end id="3114" timestamp="2019-06-14T20:05:57.496" threadId="00000000017DB188" success="true" from="nursery"/>
<exclusive-end id="3115" timestamp="2019-06-14T20:05:57.496" durationms="6.544" />

<exclusive-start id="3116" timestamp="2019-06-14T20:05:57.501" intervalms="11.471">
  <response-info timems="0.031" idlems="0.031" threads="0" lastid="00000000017D6C00" lastname="PmdThread 1" />
</exclusive-start>
<af-start id="3117" threadId="00000000017D7588" totalBytesRequested="96" timestamp="2019-06-14T20:05:57.501" intervalms="11.482" type="nursery" />
<cycle-start id="3118" type="scavenge" contextid="0" timestamp="2019-06-14T20:05:57.502" intervalms="11.504" />
<gc-start id="3119" type="scavenge" contextid="3118" timestamp="2019-06-14T20:05:57.502">
  <mem-info id="3120" free="2054423096" total="2092630016" percent="98">
    <mem type="nursery" free="0" total="10354688" percent="0">
      <mem type="allocate" free="0" total="6881280" percent="0" />
      <mem type="survivor" free="0" total="3473408" percent="0" />
    </mem>
    <mem type="tenure" free="2054423096" total="2082275328" percent="98">
      <mem type="soa" free="2054423096" total="2082275328" percent="98" />
      <mem type="loa" free="0" total="0" percent="0" />
    </mem>
    <remembered-set count="2420" />
  </mem-info>
</gc-start>
<allocation-stats totalBytes="5217368" >
  <allocated-bytes non-tlh="336" tlh="5217032" />
  <largest-consumer threadName="PmdThread 3" threadId="00000000017E2400" bytes="2969584" />
</allocation-stats>
<gc-op id="3121" type="scavenge" timems="2.576" contextid="3118" timestamp="2019-06-14T20:05:57.504">
  <scavenger-info tenureage="2" tenuremask="7ffc" tiltratio="66" />
  <memory-copied type="nursery" objects="23790" bytes="872328" bytesdiscarded="116040" />
  <memory-copied type="tenure" objects="28026" bytes="897880" bytesdiscarded="120" />
  <references type="weak" candidates="21" cleared="21" enqueued="21" />
  <references type="phantom" candidates="1" cleared="1" enqueued="1" />
</gc-op>
<gc-end id="3122" type="scavenge" contextid="3118" durationms="2.918" usertimems="8.000" systemtimems="0.000" timestamp="2019-06-14T20:05:57.505" activeThreads="4">
  <mem-info id="3123" free="2059855616" total="2092630016" percent="98">
    <mem type="nursery" free="6220512" total="10354688" percent="60">
      <mem type="allocate" free="6220512" total="7208960" percent="86" />
      <mem type="survivor" free="0" total="3145728" percent="0" />
    </mem>
    <mem type="tenure" free="2053635104" total="2082275328" percent="98">
      <mem type="soa" free="2053635104" total="2082275328" percent="98" />
      <mem type="loa" free="0" total="0" percent="0" />
    </mem>
    <pending-finalizers system="0" default="0" reference="22" classloader="0" />
    <remembered-set count="2545" />
  </mem-info>
</gc-end>
<cycle-end id="3124" type="scavenge" contextid="3118" timestamp="2019-06-14T20:05:57.505" />
  <attribute name="elasticGC enabled" value="1" />
  <attribute name= "numThreadsSpecified" value="4" />
  <attribute name="heapSize specified" value="14024704" />
  <attribute name="Current GC Util" value="64" />
  <attribute name= "Current Time Running" value="10271" />
  <attribute name ="GC Interval" value="512" />
  <attribute name="ProportionalT" value="22.000000" />
  <attribute name="ProportionalI" value="22.000000" />
  <attribute name="ProportionalH" value="22.000000" />
  <attribute name="Current Error" value="44.000000" />
  <attribute name="IntegralT" value="484.000000" />
  <attribute name="IntegralI" value="484.000000" />
  <attribute name="IntegralH" value="484.000000" />
  <attribute name="DerivativeT" value="1.863636" />
  <attribute name="DerivativeI" value="1.863636" />
  <attribute name="DerivativeH" value="1.863636" />
  <attribute name="Loop Time for DT" value="11.000000" />
  <attribute name="Output H" value="8388608"/>
  <attribute name="Output I" value="512"/>
  <attribute name="Output T" value="4"/>
  <attribute name="Target GC Util Change" value ="20.000000" />
  <attribute name="Current GC Util Change" value="64.000000"/>
  <attribute name="GC Util currently" value="64" />
  <attribute name="CPU Util currently" value="395425202499" />
<allocation-satisfied id="3125" threadId="00000000017D6C00" bytesRequested="96" />
<af-end id="3126" timestamp="2019-06-14T20:05:57.505" threadId="00000000017D7588" success="true" from="nursery"/>
<exclusive-end id="3127" timestamp="2019-06-14T20:05:57.505" durationms="3.566" />

<exclusive-start id="3128" timestamp="2019-06-14T20:05:57.516" intervalms="14.225">
  <response-info timems="0.831" idlems="0.423" threads="1" lastid="00000000017DA800" lastname="PmdThread 2" />
</exclusive-start>
<af-start id="3129" threadId="00000000017E6988" totalBytesRequested="112" timestamp="2019-06-14T20:05:57.516" intervalms="14.219" type="nursery" />
<cycle-start id="3130" type="scavenge" contextid="0" timestamp="2019-06-14T20:05:57.516" intervalms="14.181" />
<gc-start id="3131" type="scavenge" contextid="3130" timestamp="2019-06-14T20:05:57.516">
  <mem-info id="3132" free="2053634032" total="2092630016" percent="98">
    <mem type="nursery" free="0" total="10354688" percent="0">
      <mem type="allocate" free="0" total="7208960" percent="0" />
      <mem type="survivor" free="0" total="3145728" percent="0" />
    </mem>
    <mem type="tenure" free="2053634032" total="2082275328" percent="98">
      <mem type="soa" free="2053634032" total="2082275328" percent="98" />
      <mem type="loa" free="0" total="0" percent="0" />
    </mem>
    <remembered-set count="3601" />
  </mem-info>
</gc-start>
<allocation-stats totalBytes="6218136" >
  <allocated-bytes non-tlh="1168" tlh="6216968" />
  <largest-consumer threadName="PmdThread 4" threadId="00000000017E6000" bytes="2722072" />
</allocation-stats>
<gc-op id="3133" type="scavenge" timems="2.459" contextid="3130" timestamp="2019-06-14T20:05:57.518">
  <scavenger-info tenureage="2" tenuremask="7ffc" tiltratio="69" />
  <memory-copied type="nursery" objects="14505" bytes="866560" bytesdiscarded="201384" />
  <memory-copied type="tenure" objects="14235" bytes="446280" bytesdiscarded="168" />
  <references type="weak" candidates="33" cleared="32" enqueued="32" />
  <references type="phantom" candidates="7" cleared="6" enqueued="6" />
</gc-op>
<gc-end id="3134" type="scavenge" contextid="3130" durationms="2.835" usertimems="4.000" systemtimems="4.000" timestamp="2019-06-14T20:05:57.519" activeThreads="4">
  <mem-info id="3135" free="2059779696" total="2092630016" percent="98">
    <mem type="nursery" free="6598784" total="10354688" percent="63">
      <mem type="allocate" free="6598784" total="7667712" percent="86" />
      <mem type="survivor" free="0" total="2686976" percent="0" />
    </mem>
    <mem type="tenure" free="2053180912" total="2082275328" percent="98">
      <mem type="soa" free="2053180912" total="2082275328" percent="98" />
      <mem type="loa" free="0" total="0" percent="0" />
    </mem>
    <pending-finalizers system="0" default="0" reference="38" classloader="0" />
    <remembered-set count="3908" />
  </mem-info>
</gc-end>
<cycle-end id="3136" type="scavenge" contextid="3130" timestamp="2019-06-14T20:05:57.519" />
  <attribute name="elasticGC enabled" value="1" />
  <attribute name= "numThreadsSpecified" value="4" />
  <attribute name="heapSize specified" value="14024704" />
  <attribute name="Current GC Util" value="30" />
  <attribute name= "Current Time Running" value="10285" />
  <attribute name ="GC Interval" value="200" />
  <attribute name="ProportionalT" value="5.000000" />
  <attribute name="ProportionalI" value="5.000000" />
  <attribute name="ProportionalH" value="5.000000" />
  <attribute name="Current Error" value="10.000000" />
  <attribute name="IntegralT" value="140.000000" />
  <attribute name="IntegralI" value="140.000000" />
  <attribute name="IntegralH" value="140.000000" />
  <attribute name="DerivativeT" value="-1.214286" />
  <attribute name="DerivativeI" value="-1.214286" />
  <attribute name="DerivativeH" value="-1.214286" />
  <attribute name="Loop Time for DT" value="14.000000" />
  <attribute name="Output H" value="8388608"/>
  <attribute name="Output I" value="200"/>
  <attribute name="Output T" value="4"/>
  <attribute name="Target GC Util Change" value ="20.000000" />
  <attribute name="Current GC Util Change" value="30.000000"/>
  <attribute name="GC Util currently" value="30" />
  <attribute name="CPU Util currently" value="328563047742" />
<allocation-satisfied id="3137" threadId="00000000017E6000" bytesRequested="112" />
<af-end id="3138" timestamp="2019-06-14T20:05:57.519" threadId="00000000017E6988" success="true" from="nursery"/>
<exclusive-end id="3139" timestamp="2019-06-14T20:05:57.519" durationms="3.288" />

<exclusive-start id="3140" timestamp="2019-06-14T20:05:57.532" intervalms="16.471">
  <response-info timems="0.059" idlems="0.035" threads="1" lastid="00000000017DA800" lastname="PmdThread 2" />
</exclusive-start>
<af-start id="3141" threadId="00000000017D7588" totalBytesRequested="104" timestamp="2019-06-14T20:05:57.532" intervalms="16.472" type="nursery" />
<cycle-start id="3142" type="scavenge" contextid="0" timestamp="2019-06-14T20:05:57.532" intervalms="16.469" />
<gc-start id="3143" type="scavenge" contextid="3142" timestamp="2019-06-14T20:05:57.532">
  <mem-info id="3144" free="2053180912" total="2092630016" percent="98">
    <mem type="nursery" free="0" total="10354688" percent="0">
      <mem type="allocate" free="0" total="7667712" percent="0" />
      <mem type="survivor" free="0" total="2686976" percent="0" />
    </mem>
    <mem type="tenure" free="2053180912" total="2082275328" percent="98">
      <mem type="soa" free="2053180912" total="2082275328" percent="98" />
      <mem type="loa" free="0" total="0" percent="0" />
    </mem>
    <remembered-set count="6890" />
  </mem-info>
</gc-start>
<allocation-stats totalBytes="6595536" >
  <allocated-bytes non-tlh="112" tlh="6595424" />
  <largest-consumer threadName="PmdThread 3" threadId="00000000017E2400" bytes="2649344" />
</allocation-stats>
<gc-op id="3145" type="scavenge" timems="1.755" contextid="3142" timestamp="2019-06-14T20:05:57.534">
  <scavenger-info tenureage="2" tenuremask="7ffc" tiltratio="74" />
  <memory-copied type="nursery" objects="18346" bytes="1081608" bytesdiscarded="264208" />
  <memory-copied type="tenure" objects="5766" bytes="165208" bytesdiscarded="40" />
  <references type="weak" candidates="99" cleared="99" enqueued="99" />
  <references type="phantom" candidates="14" cleared="13" enqueued="13" />
</gc-op>
<gc-end id="3146" type="scavenge" contextid="3142" durationms="1.967" usertimems="4.000" systemtimems="0.000" timestamp="2019-06-14T20:05:57.534" activeThreads="4">
  <mem-info id="3147" free="2059462296" total="2092630016" percent="98">
    <mem type="nursery" free="6583208" total="10354688" percent="63">
      <mem type="allocate" free="6583208" total="7929856" percent="83" />
      <mem type="survivor" free="0" total="2424832" percent="0" />
    </mem>
    <mem type="tenure" free="2052879088" total="2082275328" percent="98">
      <mem type="soa" free="2052879088" total="2082275328" percent="98" />
      <mem type="loa" free="0" total="0" percent="0" />
    </mem>
    <pending-finalizers system="0" default="0" reference="112" classloader="0" />
    <remembered-set count="1009" />
  </mem-info>
</gc-end>
<cycle-end id="3148" type="scavenge" contextid="3142" timestamp="2019-06-14T20:05:57.534" />
  <attribute name="elasticGC enabled" value="1" />
  <attribute name= "numThreadsSpecified" value="4" />
  <attribute name="heapSize specified" value="14024704" />
  <attribute name="Current GC Util" value="31" />
  <attribute name= "Current Time Running" value="10302" />
  <attribute name ="GC Interval" value="200" />
  <attribute name="ProportionalT" value="5.500000" />
  <attribute name="ProportionalI" value="5.500000" />
  <attribute name="ProportionalH" value="5.500000" />
  <attribute name="Current Error" value="11.000000" />
  <attribute name="IntegralT" value="187.000000" />
  <attribute name="IntegralI" value="187.000000" />
  <attribute name="IntegralH" value="187.000000" />
  <attribute name="DerivativeT" value="0.029412" />
  <attribute name="DerivativeI" value="0.029412" />
  <attribute name="DerivativeH" value="0.029412" />
  <attribute name="Loop Time for DT" value="17.000000" />
  <attribute name="Output H" value="8388608"/>
  <attribute name="Output I" value="200"/>
  <attribute name="Output T" value="4"/>
  <attribute name="Target GC Util Change" value ="20.000000" />
  <attribute name="Current GC Util Change" value="31.000000"/>
  <attribute name="GC Util currently" value="31" />
  <attribute name="CPU Util currently" value="279925932799" />
<allocation-satisfied id="3149" threadId="00000000017D6C00" bytesRequested="104" />
<af-end id="3150" timestamp="2019-06-14T20:05:57.534" threadId="00000000017D7588" success="true" from="nursery"/>
<exclusive-end id="3151" timestamp="2019-06-14T20:05:57.534" durationms="2.438" />

<exclusive-start id="3152" timestamp="2019-06-14T20:05:57.544" intervalms="12.037">
  <response-info timems="0.080" idlems="0.052" threads="1" lastid="00000000017D6C00" lastname="PmdThread 1" />
</exclusive-start>
<af-start id="3153" threadId="00000000017E6988" totalBytesRequested="24" timestamp="2019-06-14T20:05:57.544" intervalms="12.034" type="nursery" />
<cycle-start id="3154" type="scavenge" contextid="0" timestamp="2019-06-14T20:05:57.544" intervalms="12.036" />
<gc-start id="3155" type="scavenge" contextid="3154" timestamp="2019-06-14T20:05:57.544">
  <mem-info id="3156" free="2052878480" total="2092630016" percent="98">
    <mem type="nursery" free="0" total="10354688" percent="0">
      <mem type="allocate" free="0" total="7929856" percent="0" />
      <mem type="survivor" free="0" total="2424832" percent="0" />
    </mem>
    <mem type="tenure" free="2052878480" total="2082275328" percent="98">
      <mem type="soa" free="2052878480" total="2082275328" percent="98" />
      <mem type="loa" free="0" total="0" percent="0" />
    </mem>
    <remembered-set count="1063" />
  </mem-info>
</gc-start>
<allocation-stats totalBytes="6581984" >
  <allocated-bytes non-tlh="712" tlh="6581272" />
  <largest-consumer threadName="PmdThread 4" threadId="00000000017E6000" bytes="2313976" />
</allocation-stats>
<gc-op id="3157" type="scavenge" timems="2.740" contextid="3154" timestamp="2019-06-14T20:05:57.547">
  <scavenger-info tenureage="2" tenuremask="7ffc" tiltratio="76" />
  <memory-copied type="nursery" objects="17198" bytes="1031040" bytesdiscarded="154568" />
  <memory-copied type="tenure" objects="2308" bytes="70392" bytesdiscarded="48" />
  <references type="weak" candidates="62" cleared="60" enqueued="58" />
  <references type="phantom" candidates="11" cleared="10" enqueued="10" />
</gc-op>
<gc-end id="3158" type="scavenge" contextid="3154" durationms="3.114" usertimems="8.000" systemtimems="4.000" timestamp="2019-06-14T20:05:57.547" activeThreads="4">
  <mem-info id="3159" free="2059843760" total="2092630016" percent="98">
    <mem type="nursery" free="7004448" total="10354688" percent="67">
      <mem type="allocate" free="7004448" total="8192000" percent="85" />
      <mem type="survivor" free="0" total="2162688" percent="0" />
    </mem>
    <mem type="tenure" free="2052839312" total="2082275328" percent="98">
      <mem type="soa" free="2052839312" total="2082275328" percent="98" />
      <mem type="loa" free="0" total="0" percent="0" />
    </mem>
    <pending-finalizers system="0" default="0" reference="68" classloader="0" />
    <remembered-set count="192" />
  </mem-info>
</gc-end>
<cycle-end id="3160" type="scavenge" contextid="3154" timestamp="2019-06-14T20:05:57.547" />
  <attribute name="elasticGC enabled" value="1" />
  <attribute name= "numThreadsSpecified" value="4" />
  <attribute name="heapSize specified" value="14024704" />
  <attribute name="Current GC Util" value="41" />
  <attribute name= "Current Time Running" value="10314" />
  <attribute name ="GC Interval" value="264" />
  <attribute name="ProportionalT" value="10.500000" />
  <attribute name="ProportionalI" value="10.500000" />
  <attribute name="ProportionalH" value="10.500000" />
  <attribute name="Current Error" value="21.000000" />
  <attribute name="IntegralT" value="252.000000" />
  <attribute name="IntegralI" value="252.000000" />
  <attribute name="IntegralH" value="252.000000" />
  <attribute name="DerivativeT" value="0.416667" />
  <attribute name="DerivativeI" value="0.416667" />
  <attribute name="DerivativeH" value="0.416667" />
  <attribute name="Loop Time for DT" value="12.000000" />
  <attribute name="Output H" value="8388608"/>
  <attribute name="Output I" value="264"/>
  <attribute name="Output T" value="4"/>
  <attribute name="Target GC Util Change" value ="20.000000" />
  <attribute name="Current GC Util Change" value="41.000000"/>
  <attribute name="GC Util currently" value="41" />
  <attribute name="CPU Util currently" value="383495942130" />
<allocation-satisfied id="3161" threadId="00000000017E6000" bytesRequested="24" />
<af-end id="3162" timestamp="2019-06-14T20:05:57.548" threadId="00000000017E6988" success="true" from="nursery"/>
<exclusive-end id="3163" timestamp="2019-06-14T20:05:57.548" durationms="3.572" />

<exclusive-start id="3164" timestamp="2019-06-14T20:05:57.560" intervalms="15.658">
  <response-info timems="0.031" idlems="0.031" threads="0" lastid="00000000017DA800" lastname="PmdThread 2" />
</exclusive-start>
<af-start id="3165" threadId="00000000017DB188" totalBytesRequested="64" timestamp="2019-06-14T20:05:57.560" intervalms="15.669" type="nursery" />
<cycle-start id="3166" type="scavenge" contextid="0" timestamp="2019-06-14T20:05:57.560" intervalms="15.675" />
<gc-start id="3167" type="scavenge" contextid="3166" timestamp="2019-06-14T20:05:57.560">
  <mem-info id="3168" free="2052837280" total="2092630016" percent="98">
    <mem type="nursery" free="0" total="10354688" percent="0">
      <mem type="allocate" free="0" total="8192000" percent="0" />
      <mem type="survivor" free="0" total="2162688" percent="0" />
    </mem>
    <mem type="tenure" free="2052837280" total="2082275328" percent="98">
      <mem type="soa" free="2052837280" total="2082275328" percent="98" />
      <mem type="loa" free="0" total="0" percent="0" />
    </mem>
    <remembered-set count="251" />
  </mem-info>
</gc-start>
<allocation-stats totalBytes="7003656" >
  <allocated-bytes non-tlh="2056" tlh="7001600" />
  <largest-consumer threadName="PmdThread 4" threadId="00000000017E6000" bytes="3505752" />
</allocation-stats>
<gc-op id="3169" type="scavenge" timems="2.509" contextid="3166" timestamp="2019-06-14T20:05:57.563">
  <scavenger-info tenureage="2" tenuremask="7ffc" tiltratio="79" />
  <memory-copied type="nursery" objects="22738" bytes="1163080" bytesdiscarded="77096" />
  <memory-copied type="tenure" objects="202" bytes="7480" bytesdiscarded="0" />
  <references type="soft" candidates="1" cleared="0" enqueued="0" dynamicThreshold="31" maxThreshold="32" />
  <references type="weak" candidates="86" cleared="83" enqueued="83" />
  <references type="phantom" candidates="9" cleared="6" enqueued="6" />
</gc-op>
<gc-end id="3170" type="scavenge" contextid="3166" durationms="2.726" usertimems="0.000" systemtimems="4.000" timestamp="2019-06-14T20:05:57.563" activeThreads="4">
  <mem-info id="3171" free="2059917048" total="2092630016" percent="98">
    <mem type="nursery" free="7079768" total="10354688" percent="68">
      <mem type="allocate" free="7079768" total="8323072" percent="85" />
      <mem type="survivor" free="0" total="2031616" percent="0" />
    </mem>
    <mem type="tenure" free="2052837280" total="2082275328" percent="98">
      <mem type="soa" free="2052837280" total="2082275328" percent="98" />
      <mem type="loa" free="0" total="0" percent="0" />
    </mem>
    <pending-finalizers system="0" default="0" reference="89" classloader="0" />
    <remembered-set count="202" />
  </mem-info>
</gc-end>
<cycle-end id="3172" type="scavenge" contextid="3166" timestamp="2019-06-14T20:05:57.563" />
  <attribute name="elasticGC enabled" value="1" />
  <attribute name= "numThreadsSpecified" value="4" />
  <attribute name="heapSize specified" value="14024704" />
  <attribute name="Current GC Util" value="39" />
  <attribute name= "Current Time Running" value="10329" />
  <attribute name ="GC Interval" value="296" />
  <attribute name="ProportionalT" value="9.500000" />
  <attribute name="ProportionalI" value="9.500000" />
  <attribute name="ProportionalH" value="9.500000" />
  <attribute name="Current Error" value="19.000000" />
  <attribute name="IntegralT" value="285.000000" />
  <attribute name="IntegralI" value="285.000000" />
  <attribute name="IntegralH" value="285.000000" />
  <attribute name="DerivativeT" value="-0.066667" />
  <attribute name="DerivativeI" value="-0.066667" />
  <attribute name="DerivativeH" value="-0.066667" />
  <attribute name="Loop Time for DT" value="15.000000" />
  <attribute name="Output H" value="8388608"/>
  <attribute name="Output I" value="296"/>
  <attribute name="Output T" value="4"/>
  <attribute name="Target GC Util Change" value ="20.000000" />
  <attribute name="Current GC Util Change" value="39.000000"/>
  <attribute name="GC Util currently" value="39" />
  <attribute name="CPU Util currently" value="293994446422" />
<allocation-satisfied id="3173" threadId="00000000017DA800" bytesRequested="64" />
<af-end id="3174" timestamp="2019-06-14T20:05:57.563" threadId="00000000017DB188" success="true" from="nursery"/>
<exclusive-end id="3175" timestamp="2019-06-14T20:05:57.563" durationms="3.244" />

<exclusive-start id="3176" timestamp="2019-06-14T20:05:57.577" intervalms="17.501">
  <response-info timems="0.049" idlems="0.049" threads="0" lastid="00000000017D6C00" lastname="PmdThread 1" />
</exclusive-start>
<af-start id="3177" threadId="00000000017D7588" totalBytesRequested="24" timestamp="2019-06-14T20:05:57.577" intervalms="17.493" type="nursery" />
<cycle-start id="3178" type="scavenge" contextid="0" timestamp="2019-06-14T20:05:57.577" intervalms="17.484" />
<gc-start id="3179" type="scavenge" contextid="3178" timestamp="2019-06-14T20:05:57.577">
  <mem-info id="3180" free="2052835440" total="2092630016" percent="98">
    <mem type="nursery" free="0" total="10354688" percent="0">
      <mem type="allocate" free="0" total="8323072" percent="0" />
      <mem type="survivor" free="0" total="2031616" percent="0" />
    </mem>
    <mem type="tenure" free="2052835440" total="2082275328" percent="98">
      <mem type="soa" free="2052835440" total="2082275328" percent="98" />
      <mem type="loa" free="0" total="0" percent="0" />
    </mem>
    <remembered-set count="267" />
  </mem-info>
</gc-start>
<allocation-stats totalBytes="7078416" >
  <allocated-bytes non-tlh="1904" tlh="7076512" />
  <largest-consumer threadName="PmdThread 2" threadId="00000000017DA800" bytes="2457600" />
</allocation-stats>
<gc-op id="3181" type="scavenge" timems="0.630" contextid="3178" timestamp="2019-06-14T20:05:57.578">
  <scavenger-info tenureage="2" tenuremask="7ffc" tiltratio="80" />
  <memory-copied type="nursery" objects="6114" bytes="598848" bytesdiscarded="130888" />
  <memory-copied type="tenure" objects="4351" bytes="239128" bytesdiscarded="56" />
  <references type="soft" candidates="1" cleared="0" enqueued="0" dynamicThreshold="31" maxThreshold="32" />
  <references type="weak" candidates="71" cleared="68" enqueued="68" />
  <references type="phantom" candidates="11" cleared="9" enqueued="9" />
</gc-op>
<gc-end id="3182" type="scavenge" contextid="3178" durationms="0.815" usertimems="0.000" systemtimems="0.000" timestamp="2019-06-14T20:05:57.578" activeThreads="4">
  <mem-info id="3183" free="2060410176" total="2092630016" percent="98">
    <mem type="nursery" free="7722960" total="10354688" percent="74">
      <mem type="allocate" free="7722960" total="8454144" percent="91" />
      <mem type="survivor" free="0" total="1900544" percent="0" />
    </mem>
    <mem type="tenure" free="2052687216" total="2082275328" percent="98">
      <mem type="soa" free="2052687216" total="2082275328" percent="98" />
      <mem type="loa" free="0" total="0" percent="0" />
    </mem>
    <pending-finalizers system="0" default="0" reference="77" classloader="0" />
    <remembered-set count="220" />
  </mem-info>
</gc-end>
<cycle-end id="3184" type="scavenge" contextid="3178" timestamp="2019-06-14T20:05:57.578" />
  <attribute name="elasticGC enabled" value="1" />
  <attribute name= "numThreadsSpecified" value="4" />
  <attribute name="heapSize specified" value="14024704" />
  <attribute name="Current GC Util" value="28" />
  <attribute name= "Current Time Running" value="10347" />
  <attribute name ="GC Interval" value="200" />
  <attribute name="ProportionalT" value="4.000000" />
  <attribute name="ProportionalI" value="4.000000" />
  <attribute name="ProportionalH" value="4.000000" />
  <attribute name="Current Error" value="8.000000" />
  <attribute name="IntegralT" value="144.000000" />
  <attribute name="IntegralI" value="144.000000" />
  <attribute name="IntegralH" value="144.000000" />
  <attribute name="DerivativeT" value="-0.305556" />
  <attribute name="DerivativeI" value="-0.305556" />
  <attribute name="DerivativeH" value="-0.305556" />
  <attribute name="Loop Time for DT" value="18.000000" />
  <attribute name="Output H" value="8388608"/>
  <attribute name="Output I" value="200"/>
  <attribute name="Output T" value="4"/>
  <attribute name="Target GC Util Change" value ="20.000000" />
  <attribute name="Current GC Util Change" value="28.000000"/>
  <attribute name="GC Util currently" value="28" />
  <attribute name="CPU Util currently" value="263998873364" />
<allocation-satisfied id="3185" threadId="00000000017D6C00" bytesRequested="24" />
<af-end id="3186" timestamp="2019-06-14T20:05:57.578" threadId="00000000017D7588" success="true" from="nursery"/>
<exclusive-end id="3187" timestamp="2019-06-14T20:05:57.579" durationms="1.259" />

<exclusive-start id="3188" timestamp="2019-06-14T20:05:57.598" intervalms="20.874">
  <response-info timems="0.061" idlems="0.061" threads="0" lastid="00000000017E6000" lastname="PmdThread 4" />
</exclusive-start>
<af-start id="3189" threadId="00000000017E6988" totalBytesRequested="16" timestamp="2019-06-14T20:05:57.598" intervalms="20.879" type="nursery" />
<cycle-start id="3190" type="scavenge" contextid="0" timestamp="2019-06-14T20:05:57.598" intervalms="20.879" />
<gc-start id="3191" type="scavenge" contextid="3190" timestamp="2019-06-14T20:05:57.598">
  <mem-info id="3192" free="2052686168" total="2092630016" percent="98">
    <mem type="nursery" free="0" total="10354688" percent="0">
      <mem type="allocate" free="0" total="8454144" percent="0" />
      <mem type="survivor" free="0" total="1900544" percent="0" />
    </mem>
    <mem type="tenure" free="2052686168" total="2082275328" percent="98">
      <mem type="soa" free="2052686168" total="2082275328" percent="98" />
      <mem type="loa" free="0" total="0" percent="0" />
    </mem>
    <remembered-set count="278" />
  </mem-info>
</gc-start>
<allocation-stats totalBytes="7721984" >
  <allocated-bytes non-tlh="1072" tlh="7720912" />
  <largest-consumer threadName="PmdThread 1" threadId="00000000017D6C00" bytes="2434432" />
</allocation-stats>
<gc-op id="3193" type="scavenge" timems="2.119" contextid="3190" timestamp="2019-06-14T20:05:57.601">
  <scavenger-info tenureage="3" tenuremask="7ff8" tiltratio="81" />
  <memory-copied type="nursery" objects="26811" bytes="1330280" bytesdiscarded="213128" />
  <references type="soft" candidates="1" cleared="0" enqueued="0" dynamicThreshold="31" maxThreshold="32" />
  <references type="weak" candidates="63" cleared="61" enqueued="60" />
  <references type="phantom" candidates="6" cleared="6" enqueued="6" />
</gc-op>
<gc-end id="3194" type="scavenge" contextid="3190" durationms="2.482" usertimems="8.000" systemtimems="0.000" timestamp="2019-06-14T20:05:57.601" activeThreads="4">
  <mem-info id="3195" free="2059330528" total="2092630016" percent="98">
    <mem type="nursery" free="6644360" total="10354688" percent="64">
      <mem type="allocate" free="6644360" total="8192000" percent="81" />
      <mem type="survivor" free="0" total="2162688" percent="0" />
    </mem>
    <mem type="tenure" free="2052686168" total="2082275328" percent="98">
      <mem type="soa" free="2052686168" total="2082275328" percent="98" />
      <mem type="loa" free="0" total="0" percent="0" />
    </mem>
    <pending-finalizers system="0" default="0" reference="66" classloader="0" />
    <remembered-set count="245" />
  </mem-info>
</gc-end>
<cycle-end id="3196" type="scavenge" contextid="3190" timestamp="2019-06-14T20:05:57.601" />
  <attribute name="elasticGC enabled" value="1" />
  <attribute name= "numThreadsSpecified" value="4" />
  <attribute name="heapSize specified" value="14024704" />
  <attribute name="Current GC Util" value="8" />
  <attribute name= "Current Time Running" value="10368" />
  <attribute name ="GC Interval" value="200" />
  <attribute name="ProportionalT" value="-6.000000" />
  <attribute name="ProportionalI" value="-6.000000" />
  <attribute name="ProportionalH" value="-6.000000" />
  <attribute name="Current Error" value="-12.000000" />
  <attribute name="IntegralT" value="-252.000000" />
  <attribute name="IntegralI" value="-252.000000" />
  <attribute name="IntegralH" value="-252.000000" />
  <attribute name="DerivativeT" value="-0.476190" />
  <attribute name="DerivativeI" value="-0.476190" />
  <attribute name="DerivativeH" value="-0.476190" />
  <attribute name="Loop Time for DT" value="21.000000" />
  <attribute name="Output H" value="2092630016"/>
  <attribute name="Output I" value="200"/>
  <attribute name="Output T" value="4"/>
  <attribute name="Target GC Util Change" value ="20.000000" />
  <attribute name="Current GC Util Change" value="8.000000"/>
  <attribute name="GC Util currently" value="8" />
  <attribute name="CPU Util currently" value="220850066666" />
<allocation-satisfied id="3197" threadId="00000000017E6000" bytesRequested="16" />
<af-end id="3198" timestamp="2019-06-14T20:05:57.601" threadId="00000000017E6988" success="true" from="nursery"/>
<exclusive-end id="3199" timestamp="2019-06-14T20:05:57.601" durationms="2.933" />

<exclusive-start id="3200" timestamp="2019-06-14T20:05:57.624" intervalms="25.800">
  <response-info timems="0.035" idlems="0.035" threads="0" lastid="00000000017D6C00" lastname="PmdThread 1" />
</exclusive-start>
<af-start id="3201" threadId="00000000017D7588" totalBytesRequested="1024" timestamp="2019-06-14T20:05:57.624" intervalms="25.793" type="nursery" />
<cycle-start id="3202" type="scavenge" contextid="0" timestamp="2019-06-14T20:05:57.624" intervalms="25.810" />
<gc-start id="3203" type="scavenge" contextid="3202" timestamp="2019-06-14T20:05:57.624">
  <mem-info id="3204" free="2052683448" total="2092630016" percent="98">
    <mem type="nursery" free="0" total="10354688" percent="0">
      <mem type="allocate" free="0" total="8192000" percent="0" />
      <mem type="survivor" free="0" total="2162688" percent="0" />
    </mem>
    <mem type="tenure" free="2052683448" total="2082275328" percent="98">
      <mem type="soa" free="2052683448" total="2082275328" percent="98" />
      <mem type="loa" free="0" total="0" percent="0" />
    </mem>
    <remembered-set count="340" />
  </mem-info>
</gc-start>
<allocation-stats totalBytes="6643368" >
  <allocated-bytes non-tlh="2736" tlh="6640632" />
  <largest-consumer threadName="PmdThread 1" threadId="00000000017D6C00" bytes="2666248" />
</allocation-stats>
<gc-op id="3205" type="scavenge" timems="1.979" contextid="3202" timestamp="2019-06-14T20:05:57.626">
  <scavenger-info tenureage="3" tenuremask="7ff8" tiltratio="79" />
  <memory-copied type="nursery" objects="15891" bytes="1098424" bytesdiscarded="61736" />
  <memory-copied type="tenure" objects="416" bytes="13928" bytesdiscarded="40" />
  <references type="weak" candidates="70" cleared="70" enqueued="69" />
  <references type="phantom" candidates="20" cleared="20" enqueued="20" />
</gc-op>
<gc-end id="3206" type="scavenge" contextid="3202" durationms="2.183" usertimems="4.000" systemtimems="0.000" timestamp="2019-06-14T20:05:57.626" activeThreads="4">
  <mem-info id="3207" free="2059805040" total="2092630016" percent="98">
    <mem type="nursery" free="7160760" total="10354688" percent="69">
      <mem type="allocate" free="7160760" total="8323072" percent="86" />
      <mem type="survivor" free="0" total="2031616" percent="0" />
    </mem>
    <mem type="tenure" free="2052644280" total="2082275328" percent="98">
      <mem type="soa" free="2052644280" total="2082275328" percent="98" />
      <mem type="loa" free="0" total="0" percent="0" />
    </mem>
    <pending-finalizers system="0" default="0" reference="89" classloader="0" />
    <remembered-set count="272" />
  </mem-info>
</gc-end>
<cycle-end id="3208" type="scavenge" contextid="3202" timestamp="2019-06-14T20:05:57.627" />
  <attribute name="elasticGC enabled" value="1" />
  <attribute name= "numThreadsSpecified" value="4" />
  <attribute name="heapSize specified" value="14024704" />
  <attribute name="Current GC Util" value="22" />
  <attribute name= "Current Time Running" value="10394" />
  <attribute name ="GC Interval" value="200" />
  <attribute name="ProportionalT" value="1.000000" />
  <attribute name="ProportionalI" value="1.000000" />
  <attribute name="ProportionalH" value="1.000000" />
  <attribute name="Current Error" value="2.000000" />
  <attribute name="IntegralT" value="52.000000" />
  <attribute name="IntegralI" value="52.000000" />
  <attribute name="IntegralH" value="52.000000" />
  <attribute name="DerivativeT" value="0.038462" />
  <attribute name="DerivativeI" value="0.038462" />
  <attribute name="DerivativeH" value="0.038462" />
  <attribute name="Loop Time for DT" value="26.000000" />
  <attribute name="Output H" value="8388608"/>
  <attribute name="Output I" value="200"/>
  <attribute name="Output T" value="4"/>
  <attribute name="Target GC Util Change" value ="20.000000" />
  <attribute name="Current GC Util Change" value="22.000000"/>
  <attribute name="GC Util currently" value="22" />
  <attribute name="CPU Util currently" value="178769504001" />
<allocation-satisfied id="3209" threadId="00000000017D6C00" bytesRequested="1024" />
<af-end id="3210" timestamp="2019-06-14T20:05:57.627" threadId="00000000017D7588" success="true" from="nursery"/>
<exclusive-end id="3211" timestamp="2019-06-14T20:05:57.627" durationms="2.784" />

<exclusive-start id="3212" timestamp="2019-06-14T20:05:57.641" intervalms="17.134">
  <response-info timems="0.037" idlems="0.037" threads="0" lastid="00000000017E2400" lastname="PmdThread 3" />
</exclusive-start>
<af-start id="3213" threadId="00000000017E2D88" totalBytesRequested="72" timestamp="2019-06-14T20:05:57.641" intervalms="17.156" type="nursery" />
<cycle-start id="3214" type="scavenge" contextid="0" timestamp="2019-06-14T20:05:57.641" intervalms="17.170" />
<gc-start id="3215" type="scavenge" contextid="3214" timestamp="2019-06-14T20:05:57.641">
  <mem-info id="3216" free="2052643240" total="2092630016" percent="98">
    <mem type="nursery" free="0" total="10354688" percent="0">
      <mem type="allocate" free="0" total="8323072" percent="0" />
      <mem type="survivor" free="0" total="2031616" percent="0" />
    </mem>
    <mem type="tenure" free="2052643240" total="2082275328" percent="98">
      <mem type="soa" free="2052643240" total="2082275328" percent="98" />
      <mem type="loa" free="0" total="0" percent="0" />
    </mem>
    <remembered-set count="350" />
  </mem-info>
</gc-start>
<allocation-stats totalBytes="7153808" >
  <allocated-bytes non-tlh="2064" tlh="7151744" />
  <largest-consumer threadName="PmdThread 3" threadId="00000000017E2400" bytes="2638560" />
</allocation-stats>
<gc-op id="3217" type="scavenge" timems="3.727" contextid="3214" timestamp="2019-06-14T20:05:57.645">
  <scavenger-info tenureage="3" tenuremask="7ff8" tiltratio="80" />
  <memory-copied type="nursery" objects="20745" bytes="1305144" bytesdiscarded="165784" />
  <memory-copied type="tenure" objects="131" bytes="4464" bytesdiscarded="0" />
  <references type="weak" candidates="40" cleared="40" enqueued="40" />
  <references type="phantom" candidates="10" cleared="8" enqueued="8" />
</gc-op>
<gc-end id="3218" type="scavenge" contextid="3214" durationms="3.955" usertimems="4.000" systemtimems="4.000" timestamp="2019-06-14T20:05:57.645" activeThreads="4">
  <mem-info id="3219" free="2059748064" total="2092630016" percent="98">
    <mem type="nursery" free="7104824" total="10354688" percent="68">
      <mem type="allocate" free="7104824" total="8585216" percent="82" />
      <mem type="survivor" free="0" total="1769472" percent="0" />
    </mem>
    <mem type="tenure" free="2052643240" total="2082275328" percent="98">
      <mem type="soa" free="2052643240" total="2082275328" percent="98" />
      <mem type="loa" free="0" total="0" percent="0" />
    </mem>
    <pending-finalizers system="0" default="0" reference="48" classloader="0" />
    <remembered-set count="280" />
  </mem-info>
</gc-end>
<cycle-end id="3220" type="scavenge" contextid="3214" timestamp="2019-06-14T20:05:57.645" />
  <attribute name="elasticGC enabled" value="1" />
  <attribute name= "numThreadsSpecified" value="4" />
  <attribute name="heapSize specified" value="14024704" />
  <attribute name="Current GC Util" value="30" />
  <attribute name= "Current Time Running" value="10411" />
  <attribute name ="GC Interval" value="200" />
  <attribute name="ProportionalT" value="5.000000" />
  <attribute name="ProportionalI" value="5.000000" />
  <attribute name="ProportionalH" value="5.000000" />
  <attribute name="Current Error" value="10.000000" />
  <attribute name="IntegralT" value="170.000000" />
  <attribute name="IntegralI" value="170.000000" />
  <attribute name="IntegralH" value="170.000000" />
  <attribute name="DerivativeT" value="0.235294" />
  <attribute name="DerivativeI" value="0.235294" />
  <attribute name="DerivativeH" value="0.235294" />
  <attribute name="Loop Time for DT" value="17.000000" />
  <attribute name="Output H" value="8388608"/>
  <attribute name="Output I" value="200"/>
  <attribute name="Output T" value="4"/>
  <attribute name="Target GC Util Change" value ="20.000000" />
  <attribute name="Current GC Util Change" value="30.000000"/>
  <attribute name="GC Util currently" value="30" />
  <attribute name="CPU Util currently" value="267477216877" />
<allocation-satisfied id="3221" threadId="00000000017E2400" bytesRequested="72" />
<af-end id="3222" timestamp="2019-06-14T20:05:57.646" threadId="00000000017E2D88" success="true" from="nursery"/>
<exclusive-end id="3223" timestamp="2019-06-14T20:05:57.646" durationms="4.500" />

<exclusive-start id="3224" timestamp="2019-06-14T20:05:57.659" intervalms="17.809">
  <response-info timems="0.054" idlems="0.054" threads="0" lastid="00000000017E6000" lastname="PmdThread 4" />
</exclusive-start>
<af-start id="3225" threadId="00000000017E6988" totalBytesRequested="24" timestamp="2019-06-14T20:05:57.659" intervalms="17.834" type="nursery" />
<cycle-start id="3226" type="scavenge" contextid="0" timestamp="2019-06-14T20:05:57.659" intervalms="17.817" />
<gc-start id="3227" type="scavenge" contextid="3226" timestamp="2019-06-14T20:05:57.659">
  <mem-info id="3228" free="2052641992" total="2092630016" percent="98">
    <mem type="nursery" free="0" total="10354688" percent="0">
      <mem type="allocate" free="0" total="8585216" percent="0" />
      <mem type="survivor" free="0" total="1769472" percent="0" />
    </mem>
    <mem type="tenure" free="2052641992" total="2082275328" percent="98">
      <mem type="soa" free="2052641992" total="2082275328" percent="98" />
      <mem type="loa" free="0" total="0" percent="0" />
    </mem>
    <remembered-set count="344" />
  </mem-info>
</gc-start>
<allocation-stats totalBytes="7103472" >
  <allocated-bytes non-tlh="1320" tlh="7102152" />
  <largest-consumer threadName="PmdThread 4" threadId="00000000017E6000" bytes="2487664" />
</allocation-stats>
<gc-op id="3229" type="scavenge" timems="2.903" contextid="3226" timestamp="2019-06-14T20:05:57.662">
  <scavenger-info tenureage="3" tenuremask="7ff8" tiltratio="82" />
  <memory-copied type="nursery" objects="18570" bytes="1079792" bytesdiscarded="149880" />
  <memory-copied type="tenure" objects="5263" bytes="256640" bytesdiscarded="176" />
  <references type="weak" candidates="72" cleared="71" enqueued="69" />
  <references type="phantom" candidates="10" cleared="9" enqueued="9" />
</gc-op>
<gc-end id="3230" type="scavenge" contextid="3226" durationms="3.120" usertimems="4.000" systemtimems="0.000" timestamp="2019-06-14T20:05:57.662" activeThreads="4">
  <mem-info id="3231" free="2059791320" total="2092630016" percent="98">
    <mem type="nursery" free="7415056" total="10354688" percent="71">
      <mem type="allocate" free="7415056" total="8650752" percent="85" />
      <mem type="survivor" free="0" total="1703936" percent="0" />
    </mem>
    <mem type="tenure" free="2052376264" total="2082275328" percent="98">
      <mem type="soa" free="2052376264" total="2082275328" percent="98" />
      <mem type="loa" free="0" total="0" percent="0" />
    </mem>
    <pending-finalizers system="0" default="0" reference="78" classloader="0" />
    <remembered-set count="366" />
  </mem-info>
</gc-end>
<cycle-end id="3232" type="scavenge" contextid="3226" timestamp="2019-06-14T20:05:57.662" />
  <attribute name="elasticGC enabled" value="1" />
  <attribute name= "numThreadsSpecified" value="4" />
  <attribute name="heapSize specified" value="14024704" />
  <attribute name="Current GC Util" value="40" />
  <attribute name= "Current Time Running" value="10429" />
  <attribute name ="GC Interval" value="376" />
  <attribute name="ProportionalT" value="10.000000" />
  <attribute name="ProportionalI" value="10.000000" />
  <attribute name="ProportionalH" value="10.000000" />
  <attribute name="Current Error" value="20.000000" />
  <attribute name="IntegralT" value="360.000000" />
  <attribute name="IntegralI" value="360.000000" />
  <attribute name="IntegralH" value="360.000000" />
  <attribute name="DerivativeT" value="0.277778" />
  <attribute name="DerivativeI" value="0.277778" />
  <attribute name="DerivativeH" value="0.277778" />
  <attribute name="Loop Time for DT" value="18.000000" />
  <attribute name="Output H" value="8388608"/>
  <attribute name="Output I" value="376"/>
  <attribute name="Output T" value="4"/>
  <attribute name="Target GC Util Change" value ="20.000000" />
  <attribute name="Current GC Util Change" value="40.000000"/>
  <attribute name="GC Util currently" value="40" />
  <attribute name="CPU Util currently" value="259297897305" />
<allocation-satisfied id="3233" threadId="00000000017E6000" bytesRequested="24" />
<af-end id="3234" timestamp="2019-06-14T20:05:57.662" threadId="00000000017E6988" success="true" from="nursery"/>
<exclusive-end id="3235" timestamp="2019-06-14T20:05:57.663" durationms="3.662" />

<exclusive-start id="3236" timestamp="2019-06-14T20:05:57.677" intervalms="18.157">
  <response-info timems="0.050" idlems="0.050" threads="0" lastid="00000000017E6000" lastname="PmdThread 4" />
</exclusive-start>
<af-start id="3237" threadId="00000000017E6988" totalBytesRequested="16392" timestamp="2019-06-14T20:05:57.677" intervalms="18.110" type="nursery" />
<cycle-start id="3238" type="scavenge" contextid="0" timestamp="2019-06-14T20:05:57.677" intervalms="18.099" />
<gc-start id="3239" type="scavenge" contextid="3238" timestamp="2019-06-14T20:05:57.677">
  <mem-info id="3240" free="2052375800" total="2092630016" percent="98">
    <mem type="nursery" free="0" total="10354688" percent="0">
      <mem type="allocate" free="0" total="8650752" percent="0" />
      <mem type="survivor" free="0" total="1703936" percent="0" />
    </mem>
    <mem type="tenure" free="2052375800" total="2082275328" percent="98">
      <mem type="soa" free="2052375800" total="2082275328" percent="98" />
      <mem type="loa" free="0" total="0" percent="0" />
    </mem>
    <remembered-set count="418" />
  </mem-info>
</gc-start>
<allocation-stats totalBytes="7393344" >
  <allocated-bytes non-tlh="488" tlh="7392856" />
  <largest-consumer threadName="PmdThread 2" threadId="00000000017DA800" bytes="3185976" />
</allocation-stats>
<gc-op id="3241" type="scavenge" timems="2.508" contextid="3238" timestamp="2019-06-14T20:05:57.680">
  <scavenger-info tenureage="3" tenuremask="7ff8" tiltratio="83" />
  <memory-copied type="nursery" objects="18237" bytes="1251760" bytesdiscarded="106552" />
  <memory-copied type="tenure" objects="837" bytes="26064" bytesdiscarded="8" />
  <references type="weak" candidates="66" cleared="64" enqueued="63" />
  <references type="phantom" candidates="11" cleared="8" enqueued="8" />
</gc-op>
<gc-end id="3242" type="scavenge" contextid="3238" durationms="2.881" usertimems="4.000" systemtimems="0.000" timestamp="2019-06-14T20:05:57.680" activeThreads="4">
  <mem-info id="3243" free="2059689768" total="2092630016" percent="98">
    <mem type="nursery" free="7353136" total="10354688" percent="71">
      <mem type="allocate" free="7353136" total="8716288" percent="84" />
      <mem type="survivor" free="0" total="1638400" percent="0" />
    </mem>
    <mem type="tenure" free="2052336632" total="2082275328" percent="98">
      <mem type="soa" free="2052336632" total="2082275328" percent="98" />
      <mem type="loa" free="0" total="0" percent="0" />
    </mem>
    <pending-finalizers system="0" default="0" reference="71" classloader="0" />
    <remembered-set count="237" />
  </mem-info>
</gc-end>
<cycle-end id="3244" type="scavenge" contextid="3238" timestamp="2019-06-14T20:05:57.680" />
  <attribute name="elasticGC enabled" value="1" />
  <attribute name= "numThreadsSpecified" value="4" />
  <attribute name="heapSize specified" value="14024704" />
  <attribute name="Current GC Util" value="29" />
  <attribute name= "Current Time Running" value="10447" />
  <attribute name ="GC Interval" value="200" />
  <attribute name="ProportionalT" value="4.500000" />
  <attribute name="ProportionalI" value="4.500000" />
  <attribute name="ProportionalH" value="4.500000" />
  <attribute name="Current Error" value="9.000000" />
  <attribute name="IntegralT" value="162.000000" />
  <attribute name="IntegralI" value="162.000000" />
  <attribute name="IntegralH" value="162.000000" />
  <attribute name="DerivativeT" value="-0.305556" />
  <attribute name="DerivativeI" value="-0.305556" />
  <attribute name="DerivativeH" value="-0.305556" />
  <attribute name="Loop Time for DT" value="18.000000" />
  <attribute name="Output H" value="8388608"/>
  <attribute name="Output I" value="200"/>
  <attribute name="Output T" value="4"/>
  <attribute name="Target GC Util Change" value ="20.000000" />
  <attribute name="Current GC Util Change" value="29.000000"/>
  <attribute name="GC Util currently" value="29" />
  <attribute name="CPU Util currently" value="255116858414" />
<allocation-satisfied id="3245" threadId="00000000017E6000" bytesRequested="16392" />
<af-end id="3246" timestamp="2019-06-14T20:05:57.680" threadId="00000000017E6988" success="true" from="nursery"/>
<exclusive-end id="3247" timestamp="2019-06-14T20:05:57.680" durationms="3.315" />

<exclusive-start id="3248" timestamp="2019-06-14T20:05:57.697" intervalms="19.620">
  <response-info timems="0.046" idlems="0.046" threads="0" lastid="00000000017DA800" lastname="PmdThread 2" />
</exclusive-start>
<af-start id="3249" threadId="00000000017DB188" totalBytesRequested="16" timestamp="2019-06-14T20:05:57.697" intervalms="19.632" type="nursery" />
<cycle-start id="3250" type="scavenge" contextid="0" timestamp="2019-06-14T20:05:57.697" intervalms="19.636" />
<gc-start id="3251" type="scavenge" contextid="3250" timestamp="2019-06-14T20:05:57.697">
  <mem-info id="3252" free="2052333512" total="2092630016" percent="98">
    <mem type="nursery" free="0" total="10354688" percent="0">
      <mem type="allocate" free="0" total="8716288" percent="0" />
      <mem type="survivor" free="0" total="1638400" percent="0" />
    </mem>
    <mem type="tenure" free="2052333512" total="2082275328" percent="98">
      <mem type="soa" free="2052333512" total="2082275328" percent="98" />
      <mem type="loa" free="0" total="0" percent="0" />
    </mem>
    <remembered-set count="343" />
  </mem-info>
</gc-start>
<allocation-stats totalBytes="7337512" >
  <allocated-bytes non-tlh="19512" tlh="7318000" />
  <largest-consumer threadName="PmdThread 2" threadId="00000000017DA800" bytes="2502160" />
</allocation-stats>
<gc-op id="3253" type="scavenge" timems="2.594" contextid="3250" timestamp="2019-06-14T20:05:57.700">
  <scavenger-info tenureage="3" tenuremask="7ff8" tiltratio="84" />
  <memory-copied type="nursery" objects="9613" bytes="928104" bytesdiscarded="138376" />
  <memory-copied type="tenure" objects="254" bytes="8256" bytesdiscarded="0" />
  <references type="weak" candidates="109" cleared="108" enqueued="106" />
  <references type="phantom" candidates="17" cleared="15" enqueued="15" />
</gc-op>
<gc-end id="3254" type="scavenge" contextid="3250" durationms="2.807" usertimems="4.000" systemtimems="0.000" timestamp="2019-06-14T20:05:57.700" activeThreads="4">
  <mem-info id="3255" free="2060046696" total="2092630016" percent="98">
    <mem type="nursery" free="7713184" total="10354688" percent="74">
      <mem type="allocate" free="7713184" total="8781824" percent="87" />
      <mem type="survivor" free="0" total="1572864" percent="0" />
    </mem>
    <mem type="tenure" free="2052333512" total="2082275328" percent="98">
      <mem type="soa" free="2052333512" total="2082275328" percent="98" />
      <mem type="loa" free="0" total="0" percent="0" />
    </mem>
    <pending-finalizers system="0" default="0" reference="121" classloader="0" />
    <remembered-set count="278" />
  </mem-info>
</gc-end>
<cycle-end id="3256" type="scavenge" contextid="3250" timestamp="2019-06-14T20:05:57.700" />
  <attribute name="elasticGC enabled" value="1" />
  <attribute name= "numThreadsSpecified" value="4" />
  <attribute name="heapSize specified" value="14024704" />
  <attribute name="Current GC Util" value="28" />
  <attribute name= "Current Time Running" value="10466" />
  <attribute name ="GC Interval" value="200" />
  <attribute name="ProportionalT" value="4.000000" />
  <attribute name="ProportionalI" value="4.000000" />
  <attribute name="ProportionalH" value="4.000000" />
  <attribute name="Current Error" value="8.000000" />
  <attribute name="IntegralT" value="152.000000" />
  <attribute name="IntegralI" value="152.000000" />
  <attribute name="IntegralH" value="152.000000" />
  <attribute name="DerivativeT" value="-0.026316" />
  <attribute name="DerivativeI" value="-0.026316" />
  <attribute name="DerivativeH" value="-0.026316" />
  <attribute name="Loop Time for DT" value="19.000000" />
  <attribute name="Output H" value="8388608"/>
  <attribute name="Output I" value="200"/>
  <attribute name="Output T" value="4"/>
  <attribute name="Target GC Util Change" value ="20.000000" />
  <attribute name="Current GC Util Change" value="28.000000"/>
  <attribute name="GC Util currently" value="28" />
  <attribute name="CPU Util currently" value="234767132575" />
<allocation-satisfied id="3257" threadId="00000000017DA800" bytesRequested="16" />
<af-end id="3258" timestamp="2019-06-14T20:05:57.700" threadId="00000000017DB188" success="true" from="nursery"/>
<exclusive-end id="3259" timestamp="2019-06-14T20:05:57.700" durationms="3.292" />

<exclusive-start id="3260" timestamp="2019-06-14T20:05:57.715" intervalms="18.766">
  <response-info timems="0.041" idlems="0.041" threads="0" lastid="00000000017E2400" lastname="PmdThread 3" />
</exclusive-start>
<af-start id="3261" threadId="00000000017E2D88" totalBytesRequested="168" timestamp="2019-06-14T20:05:57.715" intervalms="18.755" type="nursery" />
<cycle-start id="3262" type="scavenge" contextid="0" timestamp="2019-06-14T20:05:57.716" intervalms="18.756" />
<gc-start id="3263" type="scavenge" contextid="3262" timestamp="2019-06-14T20:05:57.716">
  <mem-info id="3264" free="2052331776" total="2092630016" percent="98">
    <mem type="nursery" free="0" total="10354688" percent="0">
      <mem type="allocate" free="0" total="8781824" percent="0" />
      <mem type="survivor" free="0" total="1572864" percent="0" />
    </mem>
    <mem type="tenure" free="2052331776" total="2082275328" percent="98">
      <mem type="soa" free="2052331776" total="2082275328" percent="98" />
      <mem type="loa" free="0" total="0" percent="0" />
    </mem>
    <remembered-set count="357" />
  </mem-info>
</gc-start>
<allocation-stats totalBytes="7712232" >
  <allocated-bytes non-tlh="1752" tlh="7710480" />
  <largest-consumer threadName="PmdThread 2" threadId="00000000017DA800" bytes="3292368" />
</allocation-stats>
<gc-op id="3265" type="scavenge" timems="2.640" contextid="3262" timestamp="2019-06-14T20:05:57.718">
  <scavenger-info tenureage="3" tenuremask="7ff8" tiltratio="84" />
  <memory-copied type="nursery" objects="16575" bytes="1044400" bytesdiscarded="134920" />
  <memory-copied type="tenure" objects="254" bytes="8688" bytesdiscarded="0" />
  <references type="weak" candidates="93" cleared="93" enqueued="93" />
  <references type="phantom" candidates="10" cleared="9" enqueued="9" />
</gc-op>
<gc-end id="3266" type="scavenge" contextid="3262" durationms="2.858" usertimems="4.000" systemtimems="4.000" timestamp="2019-06-14T20:05:57.718" activeThreads="4">
  <mem-info id="3267" free="2059928976" total="2092630016" percent="98">
    <mem type="nursery" free="7597200" total="10354688" percent="73">
      <mem type="allocate" free="7597200" total="8781824" percent="86" />
      <mem type="survivor" free="0" total="1572864" percent="0" />
    </mem>
    <mem type="tenure" free="2052331776" total="2082275328" percent="98">
      <mem type="soa" free="2052331776" total="2082275328" percent="98" />
      <mem type="loa" free="0" total="0" percent="0" />
    </mem>
    <pending-finalizers system="0" default="0" reference="102" classloader="0" />
    <remembered-set count="296" />
  </mem-info>
</gc-end>
<cycle-end id="3268" type="scavenge" contextid="3262" timestamp="2019-06-14T20:05:57.719" />
  <attribute name="elasticGC enabled" value="1" />
  <attribute name= "numThreadsSpecified" value="4" />
  <attribute name="heapSize specified" value="14024704" />
  <attribute name="Current GC Util" value="29" />
  <attribute name= "Current Time Running" value="10485" />
  <attribute name ="GC Interval" value="200" />
  <attribute name="ProportionalT" value="4.500000" />
  <attribute name="ProportionalI" value="4.500000" />
  <attribute name="ProportionalH" value="4.500000" />
  <attribute name="Current Error" value="9.000000" />
  <attribute name="IntegralT" value="171.000000" />
  <attribute name="IntegralI" value="171.000000" />
  <attribute name="IntegralH" value="171.000000" />
  <attribute name="DerivativeT" value="0.026316" />
  <attribute name="DerivativeI" value="0.026316" />
  <attribute name="DerivativeH" value="0.026316" />
  <attribute name="Loop Time for DT" value="19.000000" />
  <attribute name="Output H" value="8388608"/>
  <attribute name="Output I" value="200"/>
  <attribute name="Output T" value="4"/>
  <attribute name="Target GC Util Change" value ="20.000000" />
  <attribute name="Current GC Util Change" value="29.000000"/>
  <attribute name="GC Util currently" value="29" />
  <attribute name="CPU Util currently" value="245999172236" />
<allocation-satisfied id="3269" threadId="00000000017E2400" bytesRequested="168" />
<af-end id="3270" timestamp="2019-06-14T20:05:57.719" threadId="00000000017E2D88" success="true" from="nursery"/>
<exclusive-end id="3271" timestamp="2019-06-14T20:05:57.719" durationms="3.337" />

<exclusive-start id="3272" timestamp="2019-06-14T20:05:57.735" intervalms="20.073">
  <response-info timems="0.032" idlems="0.032" threads="0" lastid="00000000017DA800" lastname="PmdThread 2" />
</exclusive-start>
<af-start id="3273" threadId="00000000017DB188" totalBytesRequested="120" timestamp="2019-06-14T20:05:57.736" intervalms="20.076" type="nursery" />
<cycle-start id="3274" type="scavenge" contextid="0" timestamp="2019-06-14T20:05:57.736" intervalms="20.058" />
<gc-start id="3275" type="scavenge" contextid="3274" timestamp="2019-06-14T20:05:57.736">
  <mem-info id="3276" free="2052329152" total="2092630016" percent="98">
    <mem type="nursery" free="0" total="10354688" percent="0">
      <mem type="allocate" free="0" total="8781824" percent="0" />
      <mem type="survivor" free="0" total="1572864" percent="0" />
    </mem>
    <mem type="tenure" free="2052329152" total="2082275328" percent="98">
      <mem type="soa" free="2052329152" total="2082275328" percent="98" />
      <mem type="loa" free="0" total="0" percent="0" />
    </mem>
    <remembered-set count="380" />
  </mem-info>
</gc-start>
<allocation-stats totalBytes="7596936" >
  <allocated-bytes non-tlh="2792" tlh="7594144" />
  <largest-consumer threadName="PmdThread 2" threadId="00000000017DA800" bytes="2809944" />
</allocation-stats>
<gc-op id="3277" type="scavenge" timems="2.895" contextid="3274" timestamp="2019-06-14T20:05:57.739">
  <scavenger-info tenureage="3" tenuremask="7ff8" tiltratio="84" />
  <memory-copied type="nursery" objects="20884" bytes="1300608" bytesdiscarded="208976" />
  <memory-copied type="tenure" objects="204" bytes="6896" bytesdiscarded="0" />
  <references type="weak" candidates="95" cleared="95" enqueued="94" />
  <references type="phantom" candidates="13" cleared="13" enqueued="13" />
</gc-op>
<gc-end id="3278" type="scavenge" contextid="3274" durationms="3.111" usertimems="4.000" systemtimems="0.000" timestamp="2019-06-14T20:05:57.739" activeThreads="4">
  <mem-info id="3279" free="2059465608" total="2092630016" percent="98">
    <mem type="nursery" free="7136456" total="10354688" percent="68">
      <mem type="allocate" free="7136456" total="8650752" percent="82" />
      <mem type="survivor" free="0" total="1703936" percent="0" />
    </mem>
    <mem type="tenure" free="2052329152" total="2082275328" percent="98">
      <mem type="soa" free="2052329152" total="2082275328" percent="98" />
      <mem type="loa" free="0" total="0" percent="0" />
    </mem>
    <pending-finalizers system="0" default="0" reference="107" classloader="0" />
    <remembered-set count="298" />
  </mem-info>
</gc-end>
<cycle-end id="3280" type="scavenge" contextid="3274" timestamp="2019-06-14T20:05:57.739" />
  <attribute name="elasticGC enabled" value="1" />
  <attribute name= "numThreadsSpecified" value="4" />
  <attribute name="heapSize specified" value="14024704" />
  <attribute name="Current GC Util" value="25" />
  <attribute name= "Current Time Running" value="10505" />
  <attribute name ="GC Interval" value="200" />
  <attribute name="ProportionalT" value="2.500000" />
  <attribute name="ProportionalI" value="2.500000" />
  <attribute name="ProportionalH" value="2.500000" />
  <attribute name="Current Error" value="5.000000" />
  <attribute name="IntegralT" value="100.000000" />
  <attribute name="IntegralI" value="100.000000" />
  <attribute name="IntegralH" value="100.000000" />
  <attribute name="DerivativeT" value="-0.100000" />
  <attribute name="DerivativeI" value="-0.100000" />
  <attribute name="DerivativeH" value="-0.100000" />
  <attribute name="Loop Time for DT" value="20.000000" />
  <attribute name="Output H" value="8388608"/>
  <attribute name="Output I" value="200"/>
  <attribute name="Output T" value="4"/>
  <attribute name="Target GC Util Change" value ="20.000000" />
  <attribute name="Current GC Util Change" value="25.000000"/>
  <attribute name="GC Util currently" value="25" />
  <attribute name="CPU Util currently" value="229693123422" />
<allocation-satisfied id="3281" threadId="00000000017DA800" bytesRequested="120" />
<af-end id="3282" timestamp="2019-06-14T20:05:57.739" threadId="00000000017DB188" success="true" from="nursery"/>
<exclusive-end id="3283" timestamp="2019-06-14T20:05:57.739" durationms="3.560" />

<exclusive-start id="3284" timestamp="2019-06-14T20:05:57.755" intervalms="19.895">
  <response-info timems="0.036" idlems="0.036" threads="0" lastid="00000000017D6C00" lastname="PmdThread 1" />
</exclusive-start>
<af-start id="3285" threadId="00000000017D7588" totalBytesRequested="16" timestamp="2019-06-14T20:05:57.755" intervalms="19.898" type="nursery" />
<cycle-start id="3286" type="scavenge" contextid="0" timestamp="2019-06-14T20:05:57.756" intervalms="19.917" />
<gc-start id="3287" type="scavenge" contextid="3286" timestamp="2019-06-14T20:05:57.756">
  <mem-info id="3288" free="2052325432" total="2092630016" percent="98">
    <mem type="nursery" free="0" total="10354688" percent="0">
      <mem type="allocate" free="0" total="8650752" percent="0" />
      <mem type="survivor" free="0" total="1703936" percent="0" />
    </mem>
    <mem type="tenure" free="2052325432" total="2082275328" percent="98">
      <mem type="soa" free="2052325432" total="2082275328" percent="98" />
      <mem type="loa" free="0" total="0" percent="0" />
    </mem>
    <remembered-set count="410" />
  </mem-info>
</gc-start>
<allocation-stats totalBytes="7135840" >
  <allocated-bytes non-tlh="3840" tlh="7132000" />
  <largest-consumer threadName="PmdThread 2" threadId="00000000017DA800" bytes="2438376" />
</allocation-stats>
<gc-op id="3289" type="scavenge" timems="2.429" contextid="3286" timestamp="2019-06-14T20:05:57.758">
  <scavenger-info tenureage="3" tenuremask="7ff8" tiltratio="83" />
  <memory-copied type="nursery" objects="19134" bytes="1303000" bytesdiscarded="104360" />
  <memory-copied type="tenure" objects="269" bytes="9104" bytesdiscarded="0" />
  <references type="weak" candidates="104" cleared="102" enqueued="100" />
  <references type="phantom" candidates="17" cleared="14" enqueued="14" />
</gc-op>
<gc-end id="3290" type="scavenge" contextid="3286" durationms="2.649" usertimems="4.000" systemtimems="0.000" timestamp="2019-06-14T20:05:57.758" activeThreads="4">
  <mem-info id="3291" free="2059760288" total="2092630016" percent="98">
    <mem type="nursery" free="7434856" total="10354688" percent="71">
      <mem type="allocate" free="7434856" total="8847360" percent="84" />
      <mem type="survivor" free="0" total="1507328" percent="0" />
    </mem>
    <mem type="tenure" free="2052325432" total="2082275328" percent="98">
      <mem type="soa" free="2052325432" total="2082275328" percent="98" />
      <mem type="loa" free="0" total="0" percent="0" />
    </mem>
    <pending-finalizers system="0" default="0" reference="114" classloader="0" />
    <remembered-set count="325" />
  </mem-info>
</gc-end>
<cycle-end id="3292" type="scavenge" contextid="3286" timestamp="2019-06-14T20:05:57.758" />
  <attribute name="elasticGC enabled" value="1" />
  <attribute name= "numThreadsSpecified" value="4" />
  <attribute name="heapSize specified" value="14024704" />
  <attribute name="Current GC Util" value="29" />
  <attribute name= "Current Time Running" value="10525" />
  <attribute name ="GC Interval" value="200" />
  <attribute name="ProportionalT" value="4.500000" />
  <attribute name="ProportionalI" value="4.500000" />
  <attribute name="ProportionalH" value="4.500000" />
  <attribute name="Current Error" value="9.000000" />
  <attribute name="IntegralT" value="180.000000" />
  <attribute name="IntegralI" value="180.000000" />
  <attribute name="IntegralH" value="180.000000" />
  <attribute name="DerivativeT" value="0.100000" />
  <attribute name="DerivativeI" value="0.100000" />
  <attribute name="DerivativeH" value="0.100000" />
  <attribute name="Loop Time for DT" value="20.000000" />
  <attribute name="Output H" value="8388608"/>
  <attribute name="Output I" value="200"/>
  <attribute name="Output T" value="4"/>
  <attribute name="Target GC Util Change" value ="20.000000" />
  <attribute name="Current GC Util Change" value="29.000000"/>
  <attribute name="GC Util currently" value="29" />
  <attribute name="CPU Util currently" value="231428851587" />
<allocation-satisfied id="3293" threadId="00000000017D6C00" bytesRequested="16" />
<af-end id="3294" timestamp="2019-06-14T20:05:57.758" threadId="00000000017D7588" success="true" from="nursery"/>
<exclusive-end id="3295" timestamp="2019-06-14T20:05:57.759" durationms="3.142" />

<exclusive-start id="3296" timestamp="2019-06-14T20:05:57.772" intervalms="16.907">
  <response-info timems="0.078" idlems="0.078" threads="0" lastid="00000000017E6000" lastname="PmdThread 4" />
</exclusive-start>
<af-start id="3297" threadId="00000000017E6988" totalBytesRequested="8488" timestamp="2019-06-14T20:05:57.772" intervalms="16.918" type="nursery" />
<cycle-start id="3298" type="scavenge" contextid="0" timestamp="2019-06-14T20:05:57.772" intervalms="16.920" />
<gc-start id="3299" type="scavenge" contextid="3298" timestamp="2019-06-14T20:05:57.773">
  <mem-info id="3300" free="2052323584" total="2092630016" percent="98">
    <mem type="nursery" free="0" total="10354688" percent="0">
      <mem type="allocate" free="0" total="8847360" percent="0" />
      <mem type="survivor" free="0" total="1507328" percent="0" />
    </mem>
    <mem type="tenure" free="2052323584" total="2082275328" percent="98">
      <mem type="soa" free="2052323584" total="2082275328" percent="98" />
      <mem type="loa" free="0" total="0" percent="0" />
    </mem>
    <remembered-set count="400" />
  </mem-info>
</gc-start>
<allocation-stats totalBytes="7431616" >
  <allocated-bytes non-tlh="1864" tlh="7429752" />
  <largest-consumer threadName="PmdThread 3" threadId="00000000017E2400" bytes="2679224" />
</allocation-stats>
<gc-op id="3301" type="scavenge" timems="2.240" contextid="3298" timestamp="2019-06-14T20:05:57.775">
  <scavenger-info tenureage="3" tenuremask="7ff8" tiltratio="85" />
  <memory-copied type="nursery" objects="23975" bytes="1482288" bytesdiscarded="22344" />
  <memory-copied type="tenure" objects="1389" bytes="62560" bytesdiscarded="0" />
  <copy-failed type="nursery" objects="1179" bytes="55728" />
  <references type="weak" candidates="88" cleared="87" enqueued="86" />
  <references type="phantom" candidates="11" cleared="10" enqueued="10" />
</gc-op>
<gc-end id="3302" type="scavenge" contextid="3298" durationms="2.620" usertimems="8.000" systemtimems="0.000" timestamp="2019-06-14T20:05:57.775" activeThreads="4">
  <mem-info id="3303" free="2059204864" total="2092630016" percent="98">
    <mem type="nursery" free="6881280" total="10354688" percent="66">
      <mem type="allocate" free="6881280" total="8388608" percent="82" />
      <mem type="survivor" free="0" total="1966080" percent="0" />
    </mem>
    <mem type="tenure" free="2052323584" total="2082275328" percent="98">
      <mem type="soa" free="2052323584" total="2082275328" percent="98" />
      <mem type="loa" free="0" total="0" percent="0" />
    </mem>
    <pending-finalizers system="0" default="0" reference="96" classloader="0" />
    <remembered-set count="715" />
  </mem-info>
</gc-end>
<cycle-end id="3304" type="scavenge" contextid="3298" timestamp="2019-06-14T20:05:57.775" />
  <attribute name="elasticGC enabled" value="1" />
  <attribute name= "numThreadsSpecified" value="4" />
  <attribute name="heapSize specified" value="14024704" />
  <attribute name="Current GC Util" value="29" />
  <attribute name= "Current Time Running" value="10542" />
  <attribute name ="GC Interval" value="200" />
  <attribute name="ProportionalT" value="4.500000" />
  <attribute name="ProportionalI" value="4.500000" />
  <attribute name="ProportionalH" value="4.500000" />
  <attribute name="Current Error" value="9.000000" />
  <attribute name="IntegralT" value="153.000000" />
  <attribute name="IntegralI" value="153.000000" />
  <attribute name="IntegralH" value="153.000000" />
  <attribute name="DerivativeT" value="0.000000" />
  <attribute name="DerivativeI" value="0.000000" />
  <attribute name="DerivativeH" value="0.000000" />
  <attribute name="Loop Time for DT" value="17.000000" />
  <attribute name="Output H" value="8388608"/>
  <attribute name="Output I" value="200"/>
  <attribute name="Output T" value="4"/>
  <attribute name="Target GC Util Change" value ="20.000000" />
  <attribute name="Current GC Util Change" value="29.000000"/>
  <attribute name="GC Util currently" value="29" />
  <attribute name="CPU Util currently" value="272618999215" />
<allocation-satisfied id="3305" threadId="00000000017E6000" bytesRequested="8488" />
<af-end id="3306" timestamp="2019-06-14T20:05:57.775" threadId="00000000017E6988" success="true" from="nursery"/>
<exclusive-end id="3307" timestamp="2019-06-14T20:05:57.775" durationms="3.102" />

<exclusive-start id="3308" timestamp="2019-06-14T20:05:57.793" intervalms="20.499">
  <response-info timems="0.052" idlems="0.052" threads="0" lastid="00000000017E6000" lastname="PmdThread 4" />
</exclusive-start>
<af-start id="3309" threadId="00000000017E6988" totalBytesRequested="32" timestamp="2019-06-14T20:05:57.793" intervalms="20.477" type="nursery" />
<cycle-start id="3310" type="scavenge" contextid="0" timestamp="2019-06-14T20:05:57.793" intervalms="20.481" />
<gc-start id="3311" type="scavenge" contextid="3310" timestamp="2019-06-14T20:05:57.793">
  <mem-info id="3312" free="2052320528" total="2092630016" percent="98">
    <mem type="nursery" free="0" total="10354688" percent="0">
      <mem type="allocate" free="0" total="8388608" percent="0" />
      <mem type="survivor" free="0" total="1966080" percent="0" />
    </mem>
    <mem type="tenure" free="2052320528" total="2082275328" percent="98">
      <mem type="soa" free="2052320528" total="2082275328" percent="98" />
      <mem type="loa" free="0" total="0" percent="0" />
    </mem>
    <remembered-set count="825" />
  </mem-info>
</gc-start>
<allocation-stats totalBytes="6863584" >
  <allocated-bytes non-tlh="11544" tlh="6852040" />
  <largest-consumer threadName="PmdThread 3" threadId="00000000017E2400" bytes="2709680" />
</allocation-stats>
<gc-op id="3313" type="scavenge" timems="2.235" contextid="3310" timestamp="2019-06-14T20:05:57.795">
  <scavenger-info tenureage="3" tenuremask="7ff8" tiltratio="81" />
  <memory-copied type="nursery" objects="14570" bytes="1073408" bytesdiscarded="199456" />
  <memory-copied type="tenure" objects="310" bytes="10464" bytesdiscarded="0" />
  <references type="weak" candidates="299" cleared="143" enqueued="127" />
  <references type="phantom" candidates="12" cleared="11" enqueued="11" />
</gc-op>
<gc-end id="3314" type="scavenge" contextid="3310" durationms="2.611" usertimems="8.000" systemtimems="0.000" timestamp="2019-06-14T20:05:57.796" activeThreads="4">
  <mem-info id="3315" free="2059498928" total="2092630016" percent="98">
    <mem type="nursery" free="7178400" total="10354688" percent="69">
      <mem type="allocate" free="7178400" total="8454144" percent="84" />
      <mem type="survivor" free="0" total="1900544" percent="0" />
    </mem>
    <mem type="tenure" free="2052320528" total="2082275328" percent="98">
      <mem type="soa" free="2052320528" total="2082275328" percent="98" />
      <mem type="loa" free="0" total="0" percent="0" />
    </mem>
    <pending-finalizers system="0" default="0" reference="138" classloader="0" />
    <remembered-set count="724" />
  </mem-info>
</gc-end>
<cycle-end id="3316" type="scavenge" contextid="3310" timestamp="2019-06-14T20:05:57.796" />
  <attribute name="elasticGC enabled" value="1" />
  <attribute name= "numThreadsSpecified" value="4" />
  <attribute name="heapSize specified" value="14024704" />
  <attribute name="Current GC Util" value="28" />
  <attribute name= "Current Time Running" value="10562" />
  <attribute name ="GC Interval" value="200" />
  <attribute name="ProportionalT" value="4.000000" />
  <attribute name="ProportionalI" value="4.000000" />
  <attribute name="ProportionalH" value="4.000000" />
  <attribute name="Current Error" value="8.000000" />
  <attribute name="IntegralT" value="160.000000" />
  <attribute name="IntegralI" value="160.000000" />
  <attribute name="IntegralH" value="160.000000" />
  <attribute name="DerivativeT" value="-0.025000" />
  <attribute name="DerivativeI" value="-0.025000" />
  <attribute name="DerivativeH" value="-0.025000" />
  <attribute name="Loop Time for DT" value="20.000000" />
  <attribute name="Output H" value="8388608"/>
  <attribute name="Output I" value="200"/>
  <attribute name="Output T" value="4"/>
  <attribute name="Target GC Util Change" value ="20.000000" />
  <attribute name="Current GC Util Change" value="28.000000"/>
  <attribute name="GC Util currently" value="28" />
  <attribute name="CPU Util currently" value="225520086851" />
<allocation-satisfied id="3317" threadId="00000000017E6000" bytesRequested="32" />
<af-end id="3318" timestamp="2019-06-14T20:05:57.796" threadId="00000000017E6988" success="true" from="nursery"/>
<exclusive-end id="3319" timestamp="2019-06-14T20:05:57.796" durationms="3.054" />

<exclusive-start id="3320" timestamp="2019-06-14T20:05:57.813" intervalms="20.640">
  <response-info timems="0.037" idlems="0.022" threads="1" lastid="00000000017DA800" lastname="PmdThread 2" />
</exclusive-start>
<af-start id="3321" threadId="00000000017E2D88" totalBytesRequested="72" timestamp="2019-06-14T20:05:57.814" intervalms="20.658" type="nursery" />
<cycle-start id="3322" type="scavenge" contextid="0" timestamp="2019-06-14T20:05:57.814" intervalms="20.650" />
<gc-start id="3323" type="scavenge" contextid="3322" timestamp="2019-06-14T20:05:57.814">
  <mem-info id="3324" free="2052319200" total="2092630016" percent="98">
    <mem type="nursery" free="0" total="10354688" percent="0">
      <mem type="allocate" free="0" total="8454144" percent="0" />
      <mem type="survivor" free="0" total="1900544" percent="0" />
    </mem>
    <mem type="tenure" free="2052319200" total="2082275328" percent="98">
      <mem type="soa" free="2052319200" total="2082275328" percent="98" />
      <mem type="loa" free="0" total="0" percent="0" />
    </mem>
    <remembered-set count="878" />
  </mem-info>
</gc-start>
<allocation-stats totalBytes="7173536" >
  <allocated-bytes non-tlh="1360" tlh="7172176" />
  <largest-consumer threadName="PmdThread 3" threadId="00000000017E2400" bytes="2789976" />
</allocation-stats>
<gc-op id="3325" type="scavenge" timems="3.028" contextid="3322" timestamp="2019-06-14T20:05:57.817">
  <scavenger-info tenureage="3" tenuremask="7ff8" tiltratio="81" />
  <memory-copied type="nursery" objects="14969" bytes="1137368" bytesdiscarded="215488" />
  <memory-copied type="tenure" objects="1070" bytes="91376" bytesdiscarded="16" />
  <finalization candidates="1" enqueued="0" />
  <references type="weak" candidates="454" cleared="273" enqueued="226" />
  <references type="phantom" candidates="27" cleared="25" enqueued="25" />
</gc-op>
<gc-end id="3326" type="scavenge" contextid="3322" durationms="3.242" usertimems="8.000" systemtimems="0.000" timestamp="2019-06-14T20:05:57.817" activeThreads="4">
  <mem-info id="3327" free="2059447816" total="2092630016" percent="98">
    <mem type="nursery" free="7231544" total="10354688" percent="69">
      <mem type="allocate" free="7231544" total="8585216" percent="84" />
      <mem type="survivor" free="0" total="1769472" percent="0" />
    </mem>
    <mem type="tenure" free="2052216272" total="2082275328" percent="98">
      <mem type="soa" free="2052216272" total="2082275328" percent="98" />
      <mem type="loa" free="0" total="0" percent="0" />
    </mem>
    <pending-finalizers system="0" default="0" reference="251" classloader="0" />
    <remembered-set count="398" />
  </mem-info>
</gc-end>
<cycle-end id="3328" type="scavenge" contextid="3322" timestamp="2019-06-14T20:05:57.817" />
  <attribute name="elasticGC enabled" value="1" />
  <attribute name= "numThreadsSpecified" value="4" />
  <attribute name="heapSize specified" value="14024704" />
  <attribute name="Current GC Util" value="24" />
  <attribute name= "Current Time Running" value="10583" />
  <attribute name ="GC Interval" value="200" />
  <attribute name="ProportionalT" value="2.000000" />
  <attribute name="ProportionalI" value="2.000000" />
  <attribute name="ProportionalH" value="2.000000" />
  <attribute name="Current Error" value="4.000000" />
  <attribute name="IntegralT" value="84.000000" />
  <attribute name="IntegralI" value="84.000000" />
  <attribute name="IntegralH" value="84.000000" />
  <attribute name="DerivativeT" value="-0.095238" />
  <attribute name="DerivativeI" value="-0.095238" />
  <attribute name="DerivativeH" value="-0.095238" />
  <attribute name="Loop Time for DT" value="21.000000" />
  <attribute name="Output H" value="8388608"/>
  <attribute name="Output I" value="200"/>
  <attribute name="Output T" value="4"/>
  <attribute name="Target GC Util Change" value ="20.000000" />
  <attribute name="Current GC Util Change" value="24.000000"/>
  <attribute name="GC Util currently" value="24" />
  <attribute name="CPU Util currently" value="223191784620" />
<allocation-satisfied id="3329" threadId="00000000017E2400" bytesRequested="72" />
<af-end id="3330" timestamp="2019-06-14T20:05:57.817" threadId="00000000017E2D88" success="true" from="nursery"/>
<exclusive-end id="3331" timestamp="2019-06-14T20:05:57.817" durationms="3.744" />

<exclusive-start id="3332" timestamp="2019-06-14T20:05:57.829" intervalms="15.562">
  <response-info timems="0.069" idlems="0.069" threads="0" lastid="00000000017E6000" lastname="PmdThread 4" />
</exclusive-start>
<af-start id="3333" threadId="00000000017E6988" totalBytesRequested="16" timestamp="2019-06-14T20:05:57.829" intervalms="15.547" type="nursery" />
<cycle-start id="3334" type="scavenge" contextid="0" timestamp="2019-06-14T20:05:57.829" intervalms="15.540" />
<gc-start id="3335" type="scavenge" contextid="3334" timestamp="2019-06-14T20:05:57.829">
  <mem-info id="3336" free="2052216272" total="2092630016" percent="98">
    <mem type="nursery" free="0" total="10354688" percent="0">
      <mem type="allocate" free="0" total="8585216" percent="0" />
      <mem type="survivor" free="0" total="1769472" percent="0" />
    </mem>
    <mem type="tenure" free="2052216272" total="2082275328" percent="98">
      <mem type="soa" free="2052216272" total="2082275328" percent="98" />
      <mem type="loa" free="0" total="0" percent="0" />
    </mem>
    <remembered-set count="448" />
  </mem-info>
</gc-start>
<allocation-stats totalBytes="7218824" >
  <allocated-bytes non-tlh="72" tlh="7218752" />
  <largest-consumer threadName="PmdThread 3" threadId="00000000017E2400" bytes="2085392" />
</allocation-stats>
<gc-op id="3337" type="scavenge" timems="2.155" contextid="3334" timestamp="2019-06-14T20:05:57.831">
  <scavenger-info tenureage="3" tenuremask="7ff8" tiltratio="82" />
  <memory-copied type="nursery" objects="21336" bytes="1288464" bytesdiscarded="121320" />
  <memory-copied type="tenure" objects="182" bytes="6312" bytesdiscarded="24" />
  <finalization candidates="1" enqueued="0" />
  <references type="weak" candidates="245" cleared="65" enqueued="65" />
  <references type="phantom" candidates="10" cleared="9" enqueued="9" />
</gc-op>
<gc-end id="3338" type="scavenge" contextid="3334" durationms="2.542" usertimems="4.000" systemtimems="0.000" timestamp="2019-06-14T20:05:57.832" activeThreads="4">
  <mem-info id="3339" free="2059346528" total="2092630016" percent="98">
    <mem type="nursery" free="7169424" total="10354688" percent="69">
      <mem type="allocate" free="7169424" total="8585216" percent="83" />
      <mem type="survivor" free="0" total="1769472" percent="0" />
    </mem>
    <mem type="tenure" free="2052177104" total="2082275328" percent="98">
      <mem type="soa" free="2052177104" total="2082275328" percent="98" />
      <mem type="loa" free="0" total="0" percent="0" />
    </mem>
    <pending-finalizers system="0" default="0" reference="74" classloader="0" />
    <remembered-set count="367" />
  </mem-info>
</gc-end>
<cycle-end id="3340" type="scavenge" contextid="3334" timestamp="2019-06-14T20:05:57.832" />
  <attribute name="elasticGC enabled" value="1" />
  <attribute name= "numThreadsSpecified" value="4" />
  <attribute name="heapSize specified" value="14024704" />
  <attribute name="Current GC Util" value="42" />
  <attribute name= "Current Time Running" value="10599" />
  <attribute name ="GC Interval" value="368" />
  <attribute name="ProportionalT" value="11.000000" />
  <attribute name="ProportionalI" value="11.000000" />
  <attribute name="ProportionalH" value="11.000000" />
  <attribute name="Current Error" value="22.000000" />
  <attribute name="IntegralT" value="352.000000" />
  <attribute name="IntegralI" value="352.000000" />
  <attribute name="IntegralH" value="352.000000" />
  <attribute name="DerivativeT" value="0.562500" />
  <attribute name="DerivativeI" value="0.562500" />
  <attribute name="DerivativeH" value="0.562500" />
  <attribute name="Loop Time for DT" value="16.000000" />
  <attribute name="Output H" value="8388608"/>
  <attribute name="Output I" value="368"/>
  <attribute name="Output T" value="4"/>
  <attribute name="Target GC Util Change" value ="20.000000" />
  <attribute name="Current GC Util Change" value="42.000000"/>
  <attribute name="GC Util currently" value="42" />
  <attribute name="CPU Util currently" value="297018347495" />
<allocation-satisfied id="3341" threadId="00000000017E6000" bytesRequested="16" />
<af-end id="3342" timestamp="2019-06-14T20:05:57.832" threadId="00000000017E6988" success="true" from="nursery"/>
<exclusive-end id="3343" timestamp="2019-06-14T20:05:57.832" durationms="2.989" />

<exclusive-start id="3344" timestamp="2019-06-14T20:05:57.845" intervalms="15.758">
  <response-info timems="0.047" idlems="0.047" threads="0" lastid="00000000017E6000" lastname="PmdThread 4" />
</exclusive-start>
<af-start id="3345" threadId="00000000017E6988" totalBytesRequested="24" timestamp="2019-06-14T20:05:57.845" intervalms="15.759" type="nursery" />
<cycle-start id="3346" type="scavenge" contextid="0" timestamp="2019-06-14T20:05:57.845" intervalms="15.761" />
<gc-start id="3347" type="scavenge" contextid="3346" timestamp="2019-06-14T20:05:57.845">
  <mem-info id="3348" free="2052176912" total="2092630016" percent="98">
    <mem type="nursery" free="0" total="10354688" percent="0">
      <mem type="allocate" free="0" total="8585216" percent="0" />
      <mem type="survivor" free="0" total="1769472" percent="0" />
    </mem>
    <mem type="tenure" free="2052176912" total="2082275328" percent="98">
      <mem type="soa" free="2052176912" total="2082275328" percent="98" />
      <mem type="loa" free="0" total="0" percent="0" />
    </mem>
    <remembered-set count="423" />
  </mem-info>
</gc-start>
<allocation-stats totalBytes="7166608" >
  <allocated-bytes non-tlh="208" tlh="7166400" />
  <largest-consumer threadName="PmdThread 3" threadId="00000000017E2400" bytes="2195256" />
</allocation-stats>
<gc-op id="3349" type="scavenge" timems="3.573" contextid="3346" timestamp="2019-06-14T20:05:57.849">
  <scavenger-info tenureage="3" tenuremask="7ff8" tiltratio="82" />
  <memory-copied type="nursery" objects="30479" bytes="1659056" bytesdiscarded="107928" />
  <memory-copied type="tenure" objects="6637" bytes="263904" bytesdiscarded="64" />
  <copy-failed type="nursery" objects="6066" bytes="238576" />
  <finalization candidates="1" enqueued="0" />
  <references type="weak" candidates="251" cleared="178" enqueued="178" />
  <references type="phantom" candidates="17" cleared="16" enqueued="16" />
</gc-op>
<gc-end id="3350" type="scavenge" contextid="3346" durationms="3.777" usertimems="8.000" systemtimems="0.000" timestamp="2019-06-14T20:05:57.849" activeThreads="4">
  <mem-info id="3351" free="2057813776" total="2092630016" percent="98">
    <mem type="nursery" free="5832704" total="10354688" percent="56">
      <mem type="allocate" free="5832704" total="7602176" percent="76" />
      <mem type="survivor" free="0" total="2752512" percent="0" />
    </mem>
    <mem type="tenure" free="2051981072" total="2082275328" percent="98">
      <mem type="soa" free="2051981072" total="2082275328" percent="98" />
      <mem type="loa" free="0" total="0" percent="0" />
    </mem>
    <pending-finalizers system="0" default="0" reference="194" classloader="0" />
    <remembered-set count="2515" />
  </mem-info>
</gc-end>
<cycle-end id="3352" type="scavenge" contextid="3346" timestamp="2019-06-14T20:05:57.849" />
  <attribute name="elasticGC enabled" value="1" />
  <attribute name= "numThreadsSpecified" value="4" />
  <attribute name="heapSize specified" value="14024704" />
  <attribute name="Current GC Util" value="32" />
  <attribute name= "Current Time Running" value="10614" />
  <attribute name ="GC Interval" value="200" />
  <attribute name="ProportionalT" value="6.000000" />
  <attribute name="ProportionalI" value="6.000000" />
  <attribute name="ProportionalH" value="6.000000" />
  <attribute name="Current Error" value="12.000000" />
  <attribute name="IntegralT" value="180.000000" />
  <attribute name="IntegralI" value="180.000000" />
  <attribute name="IntegralH" value="180.000000" />
  <attribute name="DerivativeT" value="-0.333333" />
  <attribute name="DerivativeI" value="-0.333333" />
  <attribute name="DerivativeH" value="-0.333333" />
  <attribute name="Loop Time for DT" value="15.000000" />
  <attribute name="Output H" value="8388608"/>
  <attribute name="Output I" value="200"/>
  <attribute name="Output T" value="4"/>
  <attribute name="Target GC Util Change" value ="20.000000" />
  <attribute name="Current GC Util Change" value="32.000000"/>
  <attribute name="GC Util currently" value="32" />
  <attribute name="CPU Util currently" value="292615564521" />
<allocation-satisfied id="3353" threadId="00000000017E6000" bytesRequested="24" />
<af-end id="3354" timestamp="2019-06-14T20:05:57.849" threadId="00000000017E6988" success="true" from="nursery"/>
<exclusive-end id="3355" timestamp="2019-06-14T20:05:57.849" durationms="4.247" />

<exclusive-start id="3356" timestamp="2019-06-14T20:05:57.862" intervalms="17.087">
  <response-info timems="0.045" idlems="0.045" threads="0" lastid="00000000017E2400" lastname="PmdThread 3" />
</exclusive-start>
<af-start id="3357" threadId="00000000017E2D88" totalBytesRequested="64" timestamp="2019-06-14T20:05:57.862" intervalms="17.121" type="nursery" />
<cycle-start id="3358" type="scavenge" contextid="0" timestamp="2019-06-14T20:05:57.862" intervalms="17.148" />
<gc-start id="3359" type="scavenge" contextid="3358" timestamp="2019-06-14T20:05:57.862">
  <mem-info id="3360" free="2051980744" total="2092630016" percent="98">
    <mem type="nursery" free="0" total="10354688" percent="0">
      <mem type="allocate" free="0" total="7602176" percent="0" />
      <mem type="survivor" free="0" total="2752512" percent="0" />
    </mem>
    <mem type="tenure" free="2051980744" total="2082275328" percent="98">
      <mem type="soa" free="2051980744" total="2082275328" percent="98" />
      <mem type="loa" free="0" total="0" percent="0" />
    </mem>
    <remembered-set count="2569" />
  </mem-info>
</gc-start>
<allocation-stats totalBytes="5830672" >
  <allocated-bytes non-tlh="352" tlh="5830320" />
  <largest-consumer threadName="PmdThread 2" threadId="00000000017DA800" bytes="3689824" />
</allocation-stats>
<gc-op id="3361" type="scavenge" timems="3.166" contextid="3358" timestamp="2019-06-14T20:05:57.865">
  <scavenger-info tenureage="3" tenuremask="7ff8" tiltratio="73" />
  <memory-copied type="nursery" objects="27711" bytes="1592176" bytesdiscarded="129816" />
  <memory-copied type="tenure" objects="1198" bytes="111712" bytesdiscarded="40" />
  <finalization candidates="1" enqueued="0" />
  <references type="weak" candidates="90" cleared="90" enqueued="90" />
  <references type="phantom" candidates="5" cleared="4" enqueued="4" />
</gc-op>
<gc-end id="3362" type="scavenge" contextid="3358" durationms="3.388" usertimems="4.000" systemtimems="4.000" timestamp="2019-06-14T20:05:57.866" activeThreads="4">
  <mem-info id="3363" free="2057684696" total="2092630016" percent="98">
    <mem type="nursery" free="6001720" total="10354688" percent="57">
      <mem type="allocate" free="6001720" total="7733248" percent="77" />
      <mem type="survivor" free="0" total="2621440" percent="0" />
    </mem>
    <mem type="tenure" free="2051682976" total="2082275328" percent="98">
      <mem type="soa" free="2051682976" total="2082275328" percent="98" />
      <mem type="loa" free="0" total="0" percent="0" />
    </mem>
    <pending-finalizers system="0" default="0" reference="94" classloader="0" />
    <remembered-set count="997" />
  </mem-info>
</gc-end>
<cycle-end id="3364" type="scavenge" contextid="3358" timestamp="2019-06-14T20:05:57.866" />
  <attribute name="elasticGC enabled" value="1" />
  <attribute name= "numThreadsSpecified" value="4" />
  <attribute name="heapSize specified" value="14024704" />
  <attribute name="Current GC Util" value="41" />
  <attribute name= "Current Time Running" value="10632" />
  <attribute name ="GC Interval" value="392" />
  <attribute name="ProportionalT" value="10.500000" />
  <attribute name="ProportionalI" value="10.500000" />
  <attribute name="ProportionalH" value="10.500000" />
  <attribute name="Current Error" value="21.000000" />
  <attribute name="IntegralT" value="378.000000" />
  <attribute name="IntegralI" value="378.000000" />
  <attribute name="IntegralH" value="378.000000" />
  <attribute name="DerivativeT" value="0.250000" />
  <attribute name="DerivativeI" value="0.250000" />
  <attribute name="DerivativeH" value="0.250000" />
  <attribute name="Loop Time for DT" value="18.000000" />
  <attribute name="Output H" value="8388608"/>
  <attribute name="Output I" value="392"/>
  <attribute name="Output T" value="4"/>
  <attribute name="Target GC Util Change" value ="20.000000" />
  <attribute name="Current GC Util Change" value="41.000000"/>
  <attribute name="GC Util currently" value="41" />
  <attribute name="CPU Util currently" value="268173945105" />
<allocation-satisfied id="3365" threadId="00000000017E2400" bytesRequested="64" />
<af-end id="3366" timestamp="2019-06-14T20:05:57.866" threadId="00000000017E2D88" success="true" from="nursery"/>
<exclusive-end id="3367" timestamp="2019-06-14T20:05:57.866" durationms="3.976" />

<exclusive-start id="3368" timestamp="2019-06-14T20:05:57.876" intervalms="14.466">
  <response-info timems="0.051" idlems="0.051" threads="0" lastid="00000000017D6C00" lastname="PmdThread 1" />
</exclusive-start>
<af-start id="3369" threadId="00000000017D7588" totalBytesRequested="24" timestamp="2019-06-14T20:05:57.876" intervalms="14.433" type="nursery" />
<cycle-start id="3370" type="scavenge" contextid="0" timestamp="2019-06-14T20:05:57.876" intervalms="14.413" />
<gc-start id="3371" type="scavenge" contextid="3370" timestamp="2019-06-14T20:05:57.877">
  <mem-info id="3372" free="2051680176" total="2092630016" percent="98">
    <mem type="nursery" free="0" total="10354688" percent="0">
      <mem type="allocate" free="0" total="7733248" percent="0" />
      <mem type="survivor" free="0" total="2621440" percent="0" />
    </mem>
    <mem type="tenure" free="2051680176" total="2082275328" percent="98">
      <mem type="soa" free="2051680176" total="2082275328" percent="98" />
      <mem type="loa" free="0" total="0" percent="0" />
    </mem>
    <remembered-set count="1105" />
  </mem-info>
</gc-start>
<allocation-stats totalBytes="6000952" >
  <allocated-bytes non-tlh="2864" tlh="5998088" />
  <largest-consumer threadName="PmdThread 1" threadId="00000000017D6C00" bytes="2621456" />
</allocation-stats>
<gc-op id="3373" type="scavenge" timems="3.399" contextid="3370" timestamp="2019-06-14T20:05:57.880">
  <scavenger-info tenureage="3" tenuremask="7ff8" tiltratio="74" />
  <memory-copied type="nursery" objects="35235" bytes="1830848" bytesdiscarded="164456" />
  <memory-copied type="tenure" objects="762" bytes="129064" bytesdiscarded="24" />
  <references type="soft" candidates="41" cleared="0" enqueued="0" dynamicThreshold="31" maxThreshold="32" />
  <references type="weak" candidates="99" cleared="99" enqueued="99" />
  <references type="phantom" candidates="11" cleared="10" enqueued="10" />
</gc-op>
<gc-end id="3374" type="scavenge" contextid="3370" durationms="3.609" usertimems="4.000" systemtimems="4.000" timestamp="2019-06-14T20:05:57.880" activeThreads="4">
  <mem-info id="3375" free="2057349984" total="2092630016" percent="98">
    <mem type="nursery" free="5799144" total="10354688" percent="56">
      <mem type="allocate" free="5799144" total="7798784" percent="74" />
      <mem type="survivor" free="0" total="2555904" percent="0" />
    </mem>
    <mem type="tenure" free="2051550840" total="2082275328" percent="98">
      <mem type="soa" free="2051550840" total="2082275328" percent="98" />
      <mem type="loa" free="0" total="0" percent="0" />
    </mem>
    <pending-finalizers system="0" default="0" reference="109" classloader="0" />
    <remembered-set count="336" />
  </mem-info>
</gc-end>
<cycle-end id="3376" type="scavenge" contextid="3370" timestamp="2019-06-14T20:05:57.880" />
  <attribute name="elasticGC enabled" value="1" />
  <attribute name= "numThreadsSpecified" value="4" />
  <attribute name="heapSize specified" value="14024704" />
  <attribute name="Current GC Util" value="42" />
  <attribute name= "Current Time Running" value="10646" />
  <attribute name ="GC Interval" value="320" />
  <attribute name="ProportionalT" value="11.000000" />
  <attribute name="ProportionalI" value="11.000000" />
  <attribute name="ProportionalH" value="11.000000" />
  <attribute name="Current Error" value="22.000000" />
  <attribute name="IntegralT" value="308.000000" />
  <attribute name="IntegralI" value="308.000000" />
  <attribute name="IntegralH" value="308.000000" />
  <attribute name="DerivativeT" value="0.035714" />
  <attribute name="DerivativeI" value="0.035714" />
  <attribute name="DerivativeH" value="0.035714" />
  <attribute name="Loop Time for DT" value="14.000000" />
  <attribute name="Output H" value="8388608"/>
  <attribute name="Output I" value="320"/>
  <attribute name="Output T" value="4"/>
  <attribute name="Target GC Util Change" value ="20.000000" />
  <attribute name="Current GC Util Change" value="42.000000"/>
  <attribute name="GC Util currently" value="42" />
  <attribute name="CPU Util currently" value="321071759573" />
<allocation-satisfied id="3377" threadId="00000000017D6C00" bytesRequested="24" />
<af-end id="3378" timestamp="2019-06-14T20:05:57.880" threadId="00000000017D7588" success="true" from="nursery"/>
<exclusive-end id="3379" timestamp="2019-06-14T20:05:57.880" durationms="4.074" />

<exclusive-start id="3380" timestamp="2019-06-14T20:05:57.892" intervalms="15.297">
  <response-info timems="0.238" idlems="0.126" threads="1" lastid="00000000017DA800" lastname="PmdThread 2" />
</exclusive-start>
<af-start id="3381" threadId="00000000017E2D88" totalBytesRequested="64" timestamp="2019-06-14T20:05:57.892" intervalms="15.297" type="nursery" />
<cycle-start id="3382" type="scavenge" contextid="0" timestamp="2019-06-14T20:05:57.892" intervalms="15.293" />
<gc-start id="3383" type="scavenge" contextid="3382" timestamp="2019-06-14T20:05:57.892">
  <mem-info id="3384" free="2051550360" total="2092630016" percent="98">
    <mem type="nursery" free="0" total="10354688" percent="0">
      <mem type="allocate" free="0" total="7798784" percent="0" />
      <mem type="survivor" free="0" total="2555904" percent="0" />
    </mem>
    <mem type="tenure" free="2051550360" total="2082275328" percent="98">
      <mem type="soa" free="2051550360" total="2082275328" percent="98" />
      <mem type="loa" free="0" total="0" percent="0" />
    </mem>
    <remembered-set count="400" />
  </mem-info>
</gc-start>
<allocation-stats totalBytes="5797232" >
  <allocated-bytes non-tlh="504" tlh="5796728" />
  <largest-consumer threadName="PmdThread 1" threadId="00000000017D6C00" bytes="2181320" />
</allocation-stats>
<gc-op id="3385" type="scavenge" timems="3.831" contextid="3382" timestamp="2019-06-14T20:05:57.896">
  <scavenger-info tenureage="3" tenuremask="7ff8" tiltratio="75" />
  <memory-copied type="nursery" objects="22555" bytes="1293584" bytesdiscarded="106872" />
  <memory-copied type="tenure" objects="16871" bytes="804112" bytesdiscarded="816" />
  <references type="soft" candidates="41" cleared="0" enqueued="0" dynamicThreshold="31" maxThreshold="32" />
  <references type="weak" candidates="54" cleared="54" enqueued="53" />
  <references type="phantom" candidates="10" cleared="9" enqueued="9" />
</gc-op>
<gc-end id="3386" type="scavenge" contextid="3382" durationms="4.042" usertimems="8.000" systemtimems="4.000" timestamp="2019-06-14T20:05:57.896" activeThreads="4">
  <mem-info id="3387" free="2057312208" total="2092630016" percent="98">
    <mem type="nursery" free="6528376" total="10354688" percent="63">
      <mem type="allocate" free="6528376" total="7929856" percent="82" />
      <mem type="survivor" free="0" total="2424832" percent="0" />
    </mem>
    <mem type="tenure" free="2050783832" total="2082275328" percent="98">
      <mem type="soa" free="2050783832" total="2082275328" percent="98" />
      <mem type="loa" free="0" total="0" percent="0" />
    </mem>
    <pending-finalizers system="0" default="0" reference="62" classloader="0" />
    <remembered-set count="744" />
  </mem-info>
</gc-end>
<cycle-end id="3388" type="scavenge" contextid="3382" timestamp="2019-06-14T20:05:57.896" />
  <attribute name="elasticGC enabled" value="1" />
  <attribute name= "numThreadsSpecified" value="4" />
  <attribute name="heapSize specified" value="14024704" />
  <attribute name="Current GC Util" value="50" />
  <attribute name= "Current Time Running" value="10661" />
  <attribute name ="GC Interval" value="472" />
  <attribute name="ProportionalT" value="15.000000" />
  <attribute name="ProportionalI" value="15.000000" />
  <attribute name="ProportionalH" value="15.000000" />
  <attribute name="Current Error" value="30.000000" />
  <attribute name="IntegralT" value="450.000000" />
  <attribute name="IntegralI" value="450.000000" />
  <attribute name="IntegralH" value="450.000000" />
  <attribute name="DerivativeT" value="0.266667" />
  <attribute name="DerivativeI" value="0.266667" />
  <attribute name="DerivativeH" value="0.266667" />
  <attribute name="Loop Time for DT" value="15.000000" />
  <attribute name="Output H" value="8388608"/>
  <attribute name="Output I" value="472"/>
  <attribute name="Output T" value="4"/>
  <attribute name="Target GC Util Change" value ="20.000000" />
  <attribute name="Current GC Util Change" value="50.000000"/>
  <attribute name="GC Util currently" value="50" />
  <attribute name="CPU Util currently" value="301265352554" />
<allocation-satisfied id="3389" threadId="00000000017E2400" bytesRequested="64" />
<af-end id="3390" timestamp="2019-06-14T20:05:57.896" threadId="00000000017E2D88" success="true" from="nursery"/>
<exclusive-end id="3391" timestamp="2019-06-14T20:05:57.896" durationms="4.521" />

<exclusive-start id="3392" timestamp="2019-06-14T20:05:57.909" intervalms="17.247">
  <response-info timems="0.049" idlems="0.049" threads="0" lastid="00000000017D6C00" lastname="PmdThread 1" />
</exclusive-start>
<af-start id="3393" threadId="00000000017D7588" totalBytesRequested="40" timestamp="2019-06-14T20:05:57.909" intervalms="17.268" type="nursery" />
<cycle-start id="3394" type="scavenge" contextid="0" timestamp="2019-06-14T20:05:57.909" intervalms="17.251" />
<gc-start id="3395" type="scavenge" contextid="3394" timestamp="2019-06-14T20:05:57.909">
  <mem-info id="3396" free="2050782056" total="2092630016" percent="98">
    <mem type="nursery" free="0" total="10354688" percent="0">
      <mem type="allocate" free="0" total="7929856" percent="0" />
      <mem type="survivor" free="0" total="2424832" percent="0" />
    </mem>
    <mem type="tenure" free="2050782056" total="2082275328" percent="98">
      <mem type="soa" free="2050782056" total="2082275328" percent="98" />
      <mem type="loa" free="0" total="0" percent="0" />
    </mem>
    <remembered-set count="826" />
  </mem-info>
</gc-start>
<allocation-stats totalBytes="6527536" >
  <allocated-bytes non-tlh="1840" tlh="6525696" />
  <largest-consumer threadName="PmdThread 1" threadId="00000000017D6C00" bytes="2600576" />
</allocation-stats>
<gc-op id="3397" type="scavenge" timems="2.488" contextid="3394" timestamp="2019-06-14T20:05:57.912">
  <scavenger-info tenureage="3" tenuremask="7ff8" tiltratio="76" />
  <memory-copied type="nursery" objects="22477" bytes="1206072" bytesdiscarded="98704" />
  <memory-copied type="tenure" objects="1517" bytes="44472" bytesdiscarded="16" />
  <references type="soft" candidates="41" cleared="0" enqueued="0" dynamicThreshold="31" maxThreshold="32" />
  <references type="weak" candidates="162" cleared="162" enqueued="162" />
  <references type="phantom" candidates="12" cleared="11" enqueued="11" />
</gc-op>
<gc-end id="3398" type="scavenge" contextid="3394" durationms="2.681" usertimems="4.000" systemtimems="0.000" timestamp="2019-06-14T20:05:57.912" activeThreads="4">
  <mem-info id="3399" free="2057561088" total="2092630016" percent="98">
    <mem type="nursery" free="6818200" total="10354688" percent="65">
      <mem type="allocate" free="6818200" total="8126464" percent="83" />
      <mem type="survivor" free="0" total="2228224" percent="0" />
    </mem>
    <mem type="tenure" free="2050742888" total="2082275328" percent="98">
      <mem type="soa" free="2050742888" total="2082275328" percent="98" />
      <mem type="loa" free="0" total="0" percent="0" />
    </mem>
    <pending-finalizers system="0" default="0" reference="173" classloader="0" />
    <remembered-set count="259" />
  </mem-info>
</gc-end>
<cycle-end id="3400" type="scavenge" contextid="3394" timestamp="2019-06-14T20:05:57.912" />
  <attribute name="elasticGC enabled" value="1" />
  <attribute name= "numThreadsSpecified" value="4" />
  <attribute name="heapSize specified" value="14024704" />
  <attribute name="Current GC Util" value="52" />
  <attribute name= "Current Time Running" value="10679" />
  <attribute name ="GC Interval" value="592" />
  <attribute name="ProportionalT" value="16.000000" />
  <attribute name="ProportionalI" value="16.000000" />
  <attribute name="ProportionalH" value="16.000000" />
  <attribute name="Current Error" value="32.000000" />
  <attribute name="IntegralT" value="576.000000" />
  <attribute name="IntegralI" value="576.000000" />
  <attribute name="IntegralH" value="576.000000" />
  <attribute name="DerivativeT" value="0.055556" />
  <attribute name="DerivativeI" value="0.055556" />
  <attribute name="DerivativeH" value="0.055556" />
  <attribute name="Loop Time for DT" value="18.000000" />
  <attribute name="Output H" value="8388608"/>
  <attribute name="Output I" value="592"/>
  <attribute name="Output T" value="4"/>
  <attribute name="Target GC Util Change" value ="20.000000" />
  <attribute name="Current GC Util Change" value="52.000000"/>
  <attribute name="GC Util currently" value="52" />
  <attribute name="CPU Util currently" value="267280803176" />
<allocation-satisfied id="3401" threadId="00000000017D6C00" bytesRequested="40" />
<af-end id="3402" timestamp="2019-06-14T20:05:57.912" threadId="00000000017D7588" success="true" from="nursery"/>
<exclusive-end id="3403" timestamp="2019-06-14T20:05:57.912" durationms="3.224" />

<exclusive-start id="3404" timestamp="2019-06-14T20:05:57.921" intervalms="11.957">
  <response-info timems="0.040" idlems="0.022" threads="1" lastid="00000000017E6000" lastname="PmdThread 4" />
</exclusive-start>
<af-start id="3405" threadId="00000000017E2D88" totalBytesRequested="928" timestamp="2019-06-14T20:05:57.921" intervalms="11.944" type="nursery" />
<cycle-start id="3406" type="scavenge" contextid="0" timestamp="2019-06-14T20:05:57.921" intervalms="11.962" />
<gc-start id="3407" type="scavenge" contextid="3406" timestamp="2019-06-14T20:05:57.921">
  <mem-info id="3408" free="2050741504" total="2092630016" percent="97">
    <mem type="nursery" free="0" total="10354688" percent="0">
      <mem type="allocate" free="0" total="8126464" percent="0" />
      <mem type="survivor" free="0" total="2228224" percent="0" />
    </mem>
    <mem type="tenure" free="2050741504" total="2082275328" percent="98">
      <mem type="soa" free="2050741504" total="2082275328" percent="98" />
      <mem type="loa" free="0" total="0" percent="0" />
    </mem>
    <remembered-set count="304" />
  </mem-info>
</gc-start>
<allocation-stats totalBytes="6806736" >
  <allocated-bytes non-tlh="1424" tlh="6805312" />
  <largest-consumer threadName="PmdThread 1" threadId="00000000017D6C00" bytes="3232040" />
</allocation-stats>
<gc-op id="3409" type="scavenge" timems="4.005" contextid="3406" timestamp="2019-06-14T20:05:57.925">
  <scavenger-info tenureage="3" tenuremask="7ff8" tiltratio="78" />
  <memory-copied type="nursery" objects="44511" bytes="2033016" bytesdiscarded="126312" />
  <memory-copied type="tenure" objects="1367" bytes="111064" bytesdiscarded="48" />
  <references type="weak" candidates="52" cleared="52" enqueued="52" />
  <references type="phantom" candidates="4" cleared="4" enqueued="4" />
</gc-op>
<gc-end id="3410" type="scavenge" contextid="3406" durationms="4.212" usertimems="8.000" systemtimems="4.000" timestamp="2019-06-14T20:05:57.925" activeThreads="4">
  <mem-info id="3411" free="2055797080" total="2092630016" percent="98">
    <mem type="nursery" free="5242464" total="10354688" percent="50">
      <mem type="allocate" free="5242464" total="7405568" percent="70" />
      <mem type="survivor" free="0" total="2949120" percent="0" />
    </mem>
    <mem type="tenure" free="2050554616" total="2082275328" percent="98">
      <mem type="soa" free="2050554616" total="2082275328" percent="98" />
      <mem type="loa" free="0" total="0" percent="0" />
    </mem>
    <pending-finalizers system="0" default="0" reference="56" classloader="0" />
    <remembered-set count="332" />
  </mem-info>
</gc-end>
<cycle-end id="3412" type="scavenge" contextid="3406" timestamp="2019-06-14T20:05:57.925" />
  <attribute name="elasticGC enabled" value="1" />
  <attribute name= "numThreadsSpecified" value="4" />
  <attribute name="heapSize specified" value="14024704" />
  <attribute name="Current GC Util" value="41" />
  <attribute name= "Current Time Running" value="10690" />
  <attribute name ="GC Interval" value="248" />
  <attribute name="ProportionalT" value="10.500000" />
  <attribute name="ProportionalI" value="10.500000" />
  <attribute name="ProportionalH" value="10.500000" />
  <attribute name="Current Error" value="21.000000" />
  <attribute name="IntegralT" value="231.000000" />
  <attribute name="IntegralI" value="231.000000" />
  <attribute name="IntegralH" value="231.000000" />
  <attribute name="DerivativeT" value="-0.500000" />
  <attribute name="DerivativeI" value="-0.500000" />
  <attribute name="DerivativeH" value="-0.500000" />
  <attribute name="Loop Time for DT" value="11.000000" />
  <attribute name="Output H" value="8388608"/>
  <attribute name="Output I" value="248"/>
  <attribute name="Output T" value="4"/>
  <attribute name="Target GC Util Change" value ="20.000000" />
  <attribute name="Current GC Util Change" value="41.000000"/>
  <attribute name="GC Util currently" value="41" />
  <attribute name="CPU Util currently" value="385600403091" />
<allocation-satisfied id="3413" threadId="00000000017E2400" bytesRequested="928" />
<af-end id="3414" timestamp="2019-06-14T20:05:57.925" threadId="00000000017E2D88" success="true" from="nursery"/>
<exclusive-end id="3415" timestamp="2019-06-14T20:05:57.926" durationms="4.745" />

<exclusive-start id="3416" timestamp="2019-06-14T20:05:57.941" intervalms="20.399">
  <response-info timems="0.050" idlems="0.029" threads="1" lastid="00000000017DA800" lastname="PmdThread 2" />
</exclusive-start>
<af-start id="3417" threadId="00000000017D7588" totalBytesRequested="104" timestamp="2019-06-14T20:05:57.941" intervalms="20.399" type="nursery" />
<cycle-start id="3418" type="scavenge" contextid="0" timestamp="2019-06-14T20:05:57.941" intervalms="20.403" />
<gc-start id="3419" type="scavenge" contextid="3418" timestamp="2019-06-14T20:05:57.941">
  <mem-info id="3420" free="2050547624" total="2092630016" percent="97">
    <mem type="nursery" free="0" total="10354688" percent="0">
      <mem type="allocate" free="0" total="7405568" percent="0" />
      <mem type="survivor" free="0" total="2949120" percent="0" />
    </mem>
    <mem type="tenure" free="2050547624" total="2082275328" percent="98">
      <mem type="soa" free="2050547624" total="2082275328" percent="98" />
      <mem type="loa" free="0" total="0" percent="0" />
    </mem>
    <remembered-set count="482" />
  </mem-info>
</gc-start>
<allocation-stats totalBytes="5236680" >
  <allocated-bytes non-tlh="7920" tlh="5228760" />
  <largest-consumer threadName="PmdThread 1" threadId="00000000017D6C00" bytes="1896160" />
</allocation-stats>
<gc-op id="3421" type="scavenge" timems="3.831" contextid="3418" timestamp="2019-06-14T20:05:57.945">
  <scavenger-info tenureage="3" tenuremask="7ff8" tiltratio="71" />
  <memory-copied type="nursery" objects="36182" bytes="1902072" bytesdiscarded="222664" />
  <memory-copied type="tenure" objects="8373" bytes="305088" bytesdiscarded="216" />
  <references type="weak" candidates="191" cleared="191" enqueued="191" />
  <references type="phantom" candidates="24" cleared="23" enqueued="23" />
</gc-op>
<gc-end id="3422" type="scavenge" contextid="3418" durationms="4.047" usertimems="8.000" systemtimems="0.000" timestamp="2019-06-14T20:05:57.945" activeThreads="4">
  <mem-info id="3423" free="2055650320" total="2092630016" percent="98">
    <mem type="nursery" free="5407592" total="10354688" percent="52">
      <mem type="allocate" free="5407592" total="7536640" percent="71" />
      <mem type="survivor" free="0" total="2818048" percent="0" />
    </mem>
    <mem type="tenure" free="2050242728" total="2082275328" percent="98">
      <mem type="soa" free="2050242728" total="2082275328" percent="98" />
      <mem type="loa" free="0" total="0" percent="0" />
    </mem>
    <pending-finalizers system="0" default="0" reference="214" classloader="0" />
    <remembered-set count="315" />
  </mem-info>
</gc-end>
<cycle-end id="3424" type="scavenge" contextid="3418" timestamp="2019-06-14T20:05:57.946" />
  <attribute name="elasticGC enabled" value="1" />
  <attribute name= "numThreadsSpecified" value="4" />
  <attribute name="heapSize specified" value="14024704" />
  <attribute name="Current GC Util" value="45" />
  <attribute name= "Current Time Running" value="10711" />
  <attribute name ="GC Interval" value="544" />
  <attribute name="ProportionalT" value="12.500000" />
  <attribute name="ProportionalI" value="12.500000" />
  <attribute name="ProportionalH" value="12.500000" />
  <attribute name="Current Error" value="25.000000" />
  <attribute name="IntegralT" value="525.000000" />
  <attribute name="IntegralI" value="525.000000" />
  <attribute name="IntegralH" value="525.000000" />
  <attribute name="DerivativeT" value="0.095238" />
  <attribute name="DerivativeI" value="0.095238" />
  <attribute name="DerivativeH" value="0.095238" />
  <attribute name="Loop Time for DT" value="21.000000" />
  <attribute name="Output H" value="8388608"/>
  <attribute name="Output I" value="544"/>
  <attribute name="Output T" value="4"/>
  <attribute name="Target GC Util Change" value ="20.000000" />
  <attribute name="Current GC Util Change" value="45.000000"/>
  <attribute name="GC Util currently" value="45" />
  <attribute name="CPU Util currently" value="226188028514" />
<allocation-satisfied id="3425" threadId="00000000017D6C00" bytesRequested="104" />
<af-end id="3426" timestamp="2019-06-14T20:05:57.946" threadId="00000000017D7588" success="true" from="nursery"/>
<exclusive-end id="3427" timestamp="2019-06-14T20:05:57.946" durationms="4.519" />

<exclusive-start id="3428" timestamp="2019-06-14T20:05:57.956" intervalms="14.513">
  <response-info timems="0.041" idlems="0.041" threads="0" lastid="00000000017D6C00" lastname="PmdThread 1" />
</exclusive-start>
<af-start id="3429" threadId="00000000017D7588" totalBytesRequested="24" timestamp="2019-06-14T20:05:57.956" intervalms="14.516" type="nursery" />
<cycle-start id="3430" type="scavenge" contextid="0" timestamp="2019-06-14T20:05:57.956" intervalms="14.517" />
<gc-start id="3431" type="scavenge" contextid="3430" timestamp="2019-06-14T20:05:57.956">
  <mem-info id="3432" free="2050241000" total="2092630016" percent="97">
    <mem type="nursery" free="0" total="10354688" percent="0">
      <mem type="allocate" free="0" total="7536640" percent="0" />
      <mem type="survivor" free="0" total="2818048" percent="0" />
    </mem>
    <mem type="tenure" free="2050241000" total="2082275328" percent="98">
      <mem type="soa" free="2050241000" total="2082275328" percent="98" />
      <mem type="loa" free="0" total="0" percent="0" />
    </mem>
    <remembered-set count="370" />
  </mem-info>
</gc-start>
<allocation-stats totalBytes="5405168" >
  <allocated-bytes non-tlh="1832" tlh="5403336" />
  <largest-consumer threadName="PmdThread 1" threadId="00000000017D6C00" bytes="3005328" />
</allocation-stats>
<gc-op id="3433" type="scavenge" timems="3.647" contextid="3430" timestamp="2019-06-14T20:05:57.960">
  <scavenger-info tenureage="3" tenuremask="7ff8" tiltratio="72" />
  <memory-copied type="nursery" objects="29614" bytes="1484896" bytesdiscarded="184288" />
  <memory-copied type="tenure" objects="4541" bytes="286912" bytesdiscarded="64" />
  <references type="weak" candidates="219" cleared="219" enqueued="219" />
  <references type="phantom" candidates="9" cleared="9" enqueued="9" />
</gc-op>
<gc-end id="3434" type="scavenge" contextid="3430" durationms="3.871" usertimems="4.000" systemtimems="4.000" timestamp="2019-06-14T20:05:57.960" activeThreads="4">
  <mem-info id="3435" free="2056044088" total="2092630016" percent="98">
    <mem type="nursery" free="5992552" total="10354688" percent="57">
      <mem type="allocate" free="5992552" total="7667712" percent="78" />
      <mem type="survivor" free="0" total="2686976" percent="0" />
    </mem>
    <mem type="tenure" free="2050051536" total="2082275328" percent="98">
      <mem type="soa" free="2050051536" total="2082275328" percent="98" />
      <mem type="loa" free="0" total="0" percent="0" />
    </mem>
    <pending-finalizers system="0" default="0" reference="228" classloader="0" />
    <remembered-set count="426" />
  </mem-info>
</gc-end>
<cycle-end id="3436" type="scavenge" contextid="3430" timestamp="2019-06-14T20:05:57.960" />
  <attribute name="elasticGC enabled" value="1" />
  <attribute name= "numThreadsSpecified" value="4" />
  <attribute name="heapSize specified" value="14024704" />
  <attribute name="Current GC Util" value="52" />
  <attribute name= "Current Time Running" value="10725" />
  <attribute name ="GC Interval" value="464" />
  <attribute name="ProportionalT" value="16.000000" />
  <attribute name="ProportionalI" value="16.000000" />
  <attribute name="ProportionalH" value="16.000000" />
  <attribute name="Current Error" value="32.000000" />
  <attribute name="IntegralT" value="448.000000" />
  <attribute name="IntegralI" value="448.000000" />
  <attribute name="IntegralH" value="448.000000" />
  <attribute name="DerivativeT" value="0.250000" />
  <attribute name="DerivativeI" value="0.250000" />
  <attribute name="DerivativeH" value="0.250000" />
  <attribute name="Loop Time for DT" value="14.000000" />
  <attribute name="Output H" value="8388608"/>
  <attribute name="Output I" value="464"/>
  <attribute name="Output T" value="4"/>
  <attribute name="Target GC Util Change" value ="20.000000" />
  <attribute name="Current GC Util Change" value="52.000000"/>
  <attribute name="GC Util currently" value="52" />
  <attribute name="CPU Util currently" value="317087821953" />
<allocation-satisfied id="3437" threadId="00000000017D6C00" bytesRequested="24" />
<af-end id="3438" timestamp="2019-06-14T20:05:57.960" threadId="00000000017D7588" success="true" from="nursery"/>
<exclusive-end id="3439" timestamp="2019-06-14T20:05:57.960" durationms="4.352" />

<exclusive-start id="3440" timestamp="2019-06-14T20:05:57.972" intervalms="16.121">
  <response-info timems="0.051" idlems="0.027" threads="1" lastid="00000000017E6000" lastname="PmdThread 4" />
</exclusive-start>
<af-start id="3441" threadId="00000000017E2D88" totalBytesRequested="120" timestamp="2019-06-14T20:05:57.972" intervalms="16.123" type="nursery" />
<cycle-start id="3442" type="scavenge" contextid="0" timestamp="2019-06-14T20:05:57.972" intervalms="16.117" />
<gc-start id="3443" type="scavenge" contextid="3442" timestamp="2019-06-14T20:05:57.972">
  <mem-info id="3444" free="2050048960" total="2092630016" percent="97">
    <mem type="nursery" free="0" total="10354688" percent="0">
      <mem type="allocate" free="0" total="7667712" percent="0" />
      <mem type="survivor" free="0" total="2686976" percent="0" />
    </mem>
    <mem type="tenure" free="2050048960" total="2082275328" percent="98">
      <mem type="soa" free="2050048960" total="2082275328" percent="98" />
      <mem type="loa" free="0" total="0" percent="0" />
    </mem>
    <remembered-set count="502" />
  </mem-info>
</gc-start>
<allocation-stats totalBytes="5991184" >
  <allocated-bytes non-tlh="2600" tlh="5988584" />
  <largest-consumer threadName="PmdThread 1" threadId="00000000017D6C00" bytes="3243992" />
</allocation-stats>
<gc-op id="3445" type="scavenge" timems="3.076" contextid="3442" timestamp="2019-06-14T20:05:57.975">
  <scavenger-info tenureage="3" tenuremask="7ff8" tiltratio="74" />
  <memory-copied type="nursery" objects="18492" bytes="1085800" bytesdiscarded="193864" />
  <memory-copied type="tenure" objects="18282" bytes="668776" bytesdiscarded="264" />
  <references type="weak" candidates="187" cleared="187" enqueued="187" />
  <references type="phantom" candidates="10" cleared="9" enqueued="9" />
</gc-op>
<gc-end id="3446" type="scavenge" contextid="3442" durationms="3.291" usertimems="8.000" systemtimems="0.000" timestamp="2019-06-14T20:05:57.975" activeThreads="4">
  <mem-info id="3447" free="2056059464" total="2092630016" percent="98">
    <mem type="nursery" free="6647944" total="10354688" percent="64">
      <mem type="allocate" free="6647944" total="7929856" percent="83" />
      <mem type="survivor" free="0" total="2424832" percent="0" />
    </mem>
    <mem type="tenure" free="2049411520" total="2082275328" percent="98">
      <mem type="soa" free="2049411520" total="2082275328" percent="98" />
      <mem type="loa" free="0" total="0" percent="0" />
    </mem>
    <pending-finalizers system="0" default="0" reference="196" classloader="0" />
    <remembered-set count="466" />
  </mem-info>
</gc-end>
<cycle-end id="3448" type="scavenge" contextid="3442" timestamp="2019-06-14T20:05:57.975" />
  <attribute name="elasticGC enabled" value="1" />
  <attribute name= "numThreadsSpecified" value="4" />
  <attribute name="heapSize specified" value="14024704" />
  <attribute name="Current GC Util" value="51" />
  <attribute name= "Current Time Running" value="10742" />
  <attribute name ="GC Interval" value="544" />
  <attribute name="ProportionalT" value="15.500000" />
  <attribute name="ProportionalI" value="15.500000" />
  <attribute name="ProportionalH" value="15.500000" />
  <attribute name="Current Error" value="31.000000" />
  <attribute name="IntegralT" value="527.000000" />
  <attribute name="IntegralI" value="527.000000" />
  <attribute name="IntegralH" value="527.000000" />
  <attribute name="DerivativeT" value="-0.029412" />
  <attribute name="DerivativeI" value="-0.029412" />
  <attribute name="DerivativeH" value="-0.029412" />
  <attribute name="Loop Time for DT" value="17.000000" />
  <attribute name="Output H" value="8388608"/>
  <attribute name="Output I" value="544"/>
  <attribute name="Output T" value="4"/>
  <attribute name="Target GC Util Change" value ="20.000000" />
  <attribute name="Current GC Util Change" value="51.000000"/>
  <attribute name="GC Util currently" value="51" />
  <attribute name="CPU Util currently" value="286307389133" />
<allocation-satisfied id="3449" threadId="00000000017E2400" bytesRequested="120" />
<af-end id="3450" timestamp="2019-06-14T20:05:57.976" threadId="00000000017E2D88" success="true" from="nursery"/>
<exclusive-end id="3451" timestamp="2019-06-14T20:05:57.976" durationms="3.851" />

<exclusive-start id="3452" timestamp="2019-06-14T20:06:00.306" intervalms="2334.180">
  <response-info timems="0.023" idlems="0.023" threads="0" lastid="00000000014C6700" lastname="main" />
</exclusive-start>
<af-start id="3453" threadId="00000000014C7088" totalBytesRequested="32" timestamp="2019-06-14T20:06:00.306" intervalms="2334.171" type="nursery" />
<cycle-start id="3454" type="scavenge" contextid="0" timestamp="2019-06-14T20:06:00.306" intervalms="2334.186" />
<gc-start id="3455" type="scavenge" contextid="3454" timestamp="2019-06-14T20:06:00.306">
  <mem-info id="3456" free="2049409360" total="2092630016" percent="97">
    <mem type="nursery" free="0" total="10354688" percent="0">
      <mem type="allocate" free="0" total="7929856" percent="0" />
      <mem type="survivor" free="0" total="2424832" percent="0" />
    </mem>
    <mem type="tenure" free="2049409360" total="2082275328" percent="98">
      <mem type="soa" free="2049409360" total="2082275328" percent="98" />
      <mem type="loa" free="0" total="0" percent="0" />
    </mem>
    <remembered-set count="780" />
  </mem-info>
</gc-start>
<allocation-stats totalBytes="6643968" >
  <allocated-bytes non-tlh="2280" tlh="6641688" />
  <largest-consumer threadName="main" threadId="00000000014C6700" bytes="318280" />
</allocation-stats>
<gc-op id="3457" type="scavenge" timems="0.868" contextid="3454" timestamp="2019-06-14T20:06:00.307">
  <scavenger-info tenureage="3" tenuremask="7ff8" tiltratio="76" />
  <memory-copied type="nursery" objects="8670" bytes="668752" bytesdiscarded="231712" />
  <memory-copied type="tenure" objects="678" bytes="20640" bytesdiscarded="0" />
  <references type="weak" candidates="240" cleared="240" enqueued="240" />
  <references type="phantom" candidates="12" cleared="12" enqueued="12" />
</gc-op>
<gc-end id="3458" type="scavenge" contextid="3454" durationms="1.064" usertimems="0.000" systemtimems="0.000" timestamp="2019-06-14T20:06:00.307" activeThreads="4">
  <mem-info id="3459" free="2056594160" total="2092630016" percent="98">
    <mem type="nursery" free="7223968" total="10354688" percent="69">
      <mem type="allocate" free="7223968" total="8126464" percent="88" />
      <mem type="survivor" free="0" total="2228224" percent="0" />
    </mem>
    <mem type="tenure" free="2049370192" total="2082275328" percent="98">
      <mem type="soa" free="2049370192" total="2082275328" percent="98" />
      <mem type="loa" free="0" total="0" percent="0" />
    </mem>
    <pending-finalizers system="0" default="0" reference="252" classloader="0" />
    <remembered-set count="536" />
  </mem-info>
</gc-end>
<cycle-end id="3460" type="scavenge" contextid="3454" timestamp="2019-06-14T20:06:00.307" />
  <attribute name="elasticGC enabled" value="1" />
  <attribute name= "numThreadsSpecified" value="4" />
  <attribute name="heapSize specified" value="14024704" />
  <attribute name="Current GC Util" value="0" />
  <attribute name= "Current Time Running" value="13076" />
  <attribute name ="GC Interval" value="200" />
  <attribute name="ProportionalT" value="-10.000000" />
  <attribute name="ProportionalI" value="-10.000000" />
  <attribute name="ProportionalH" value="-10.000000" />
  <attribute name="Current Error" value="-20.000000" />
  <attribute name="IntegralT" value="-46680.000000" />
  <attribute name="IntegralI" value="-46680.000000" />
  <attribute name="IntegralH" value="-46680.000000" />
  <attribute name="DerivativeT" value="-0.010925" />
  <attribute name="DerivativeI" value="-0.010925" />
  <attribute name="DerivativeH" value="-0.010925" />
  <attribute name="Loop Time for DT" value="2334.000000" />
  <attribute name="Output H" value="2092630016"/>
  <attribute name="Output I" value="200"/>
  <attribute name="Output T" value="4"/>
  <attribute name="Target GC Util Change" value ="20.000000" />
  <attribute name="Current GC Util Change" value="0.000000"/>
  <attribute name="GC Util currently" value="0" />
  <attribute name="CPU Util currently" value="1975714371" />
<allocation-satisfied id="3461" threadId="00000000014C6700" bytesRequested="32" />
<af-end id="3462" timestamp="2019-06-14T20:06:00.308" threadId="00000000014C7088" success="true" from="nursery"/>
<exclusive-end id="3463" timestamp="2019-06-14T20:06:00.308" durationms="1.601" />

</verbosegc>

