<?xml version="1.0" ?>

<verbosegc xmlns="http://www.ibm.com/j9/verbosegc" version="10b4217_CMPRSS">

<initialized id="1" timestamp="2019-06-17T07:46:36.104">
  <attribute name="gcPolicy" value="-Xgcpolicy:optthruput" />
  <attribute name="elasticGC enabled" value="1" />
  <attribute name= "numThreadsSpecified" value="0" />
  <attribute name="heapSize specified" value="0" />
  <attribute name="Current GC Util" value="0" />
  <attribute name= "Current Time Running" value="0" />
  <attribute name ="GC Interval" value="0" />
  <attribute name="ProportionalT" value="0.000000" />
  <attribute name="ProportionalI" value="0.000000" />
  <attribute name="ProportionalH" value="0.000000" />
  <attribute name="IntegralT" value="0.000000" />
  <attribute name="IntegralI" value="0.000000" />
  <attribute name="IntegralH" value="0.000000" />
  <attribute name="DerivativeT" value="0.000000" />
  <attribute name="DerivativeI" value="0.000000" />
  <attribute name="DerivativeH" value="0.000000" />
  <attribute name="Target GC Util Change" value ="0.000000" />
  <attribute name="Current GC Util Change" value="0.000000"/>
  <attribute name="Current Error" value="0.000000" />
  <attribute name="Loop Time for DT" value="0.000000" />
  <attribute name="Output H" value="0"/>
  <attribute name="Output I" value="0"/>
  <attribute name="Output T" value="0"/>
  <attribute name="GC Util currently" value="0" />
  <attribute name="CPU Util currently" value="0" />
  <attribute name="maxHeapSize" value="0x7cbc0000" />
  <attribute name="initialHeapSize" value="0x800000" />
  <attribute name="compressedRefs" value="true" />
  <attribute name="compressedRefsDisplacement" value="0x0" />
  <attribute name="compressedRefsShift" value="0x0" />
  <attribute name="pageSize" value="0x1000" />
  <attribute name="pageType" value="not used" />
  <attribute name="requestedPageSize" value="0x1000" />
  <attribute name="requestedPageType" value="not used" />
  <attribute name="gcthreads" value="4" />
  <attribute name="packetListSplit" value="4" />
  <attribute name="cacheListSplit" value="4" />
  <attribute name="splitFreeListSplitAmount" value="1" />
  <attribute name="numaNodes" value="0" />
  <system>
    <attribute name="physicalMemory" value="8370958336" />
    <attribute name="numCPUs" value="4" />
    <attribute name="architecture" value="amd64" />
    <attribute name="os" value="Linux" />
    <attribute name="osVersion" value="4.4.0-150-generic" />
  </system>
  <vmargs>
    <vmarg name="-Xoptionsfile=/vagrant/jdk/lib/options.default" />
    <vmarg name="-Xlockword:mode=default,noLockword=java/lang/String,noLockword=java/util/MapEntry,noLockword=java/util/HashMap$Entry,noLockword..." />
    <vmarg name="-Xjcl:jclse29" />
    <vmarg name="-Dcom.ibm.oti.vm.bootstrap.library.path=/vagrant/jdk/lib/compressedrefs:/vagrant/jdk/lib" />
    <vmarg name="-Dsun.boot.library.path=/vagrant/jdk/lib/compressedrefs:/vagrant/jdk/lib" />
    <vmarg name="-Djava.library.path=/vagrant/jdk/lib/compressedrefs:/vagrant/jdk/lib:/usr/lib64:/usr/lib" />
    <vmarg name="-Djava.home=/vagrant/jdk" />
    <vmarg name="-Duser.dir=/vagrant" />
    <vmarg name="-Xgcpolicy:optthruput" />
    <vmarg name="-Xgcelastic" />
    <vmarg name="-Xcheck:gc:::elasticGC" />
    <vmarg name="-verbose:gc" />
    <vmarg name="-Xloggc:jdk1.5-1-1.5-large-OTT-4CORE-elasticverbose7xalan.txt" />
    <vmarg name="-Djava.class.path=dacapo-9.12-MR1-bach.jar" />
    <vmarg name="-Dsun.java.command=dacapo-9.12-MR1-bach.jar xalan --size=large" />
    <vmarg name="-Dsun.java.launcher=SUN_STANDARD" />
    <vmarg name="-Dsun.java.launcher.pid=15139" />
  </vmargs>
</initialized>

<exclusive-start id="2" timestamp="2019-06-17T07:46:37.451" intervalms="1347.245">
  <response-info timems="0.023" idlems="0.023" threads="0" lastid="00000000018C5700" lastname="main" />
</exclusive-start>
<af-start id="3" threadId="00000000018C6088" totalBytesRequested="88" timestamp="2019-06-17T07:46:37.451" intervalms="1347.476" />
<cycle-start id="4" type="global" contextid="0" timestamp="2019-06-17T07:46:37.452" intervalms="1347.714" />
<gc-start id="5" type="global" contextid="4" timestamp="2019-06-17T07:46:37.452">
  <mem-info id="6" free="418816" total="8388608" percent="4">
    <mem type="tenure" free="418816" total="8388608" percent="4">
      <mem type="soa" free="0" total="7969792" percent="0" />
      <mem type="loa" free="418816" total="418816" percent="100" />
    </mem>
  </mem-info>
</gc-start>
<allocation-stats totalBytes="7881264" >
  <allocated-bytes non-tlh="758040" tlh="7123224" />
  <largest-consumer threadName="main" threadId="00000000018C5700" bytes="7811936" />
</allocation-stats>
<gc-op id="7" type="mark" timems="1.920" contextid="4" timestamp="2019-06-17T07:46:37.454">
  <trace-info objectcount="21466" scancount="17496" scanbytes="560488" />
  <finalization candidates="15" enqueued="1" />
  <references type="soft" candidates="74" cleared="0" enqueued="0" dynamicThreshold="32" maxThreshold="32" />
  <references type="weak" candidates="575" cleared="432" enqueued="393" />
  <references type="phantom" candidates="127" cleared="44" enqueued="44" />
  <stringconstants candidates="2930" cleared="0"  />
</gc-op>
<gc-op id="8" type="classunload" timems="0.045" contextid="4" timestamp="2019-06-17T07:46:37.454">
  <classunload-info classloadercandidates="6" classloadersunloaded="0" classesunloaded="0" anonymousclassesunloaded="0" quiescems="0.000" setupms="0.045" scanms="0.000" postms="0.000" />
</gc-op>
<gc-op id="9" type="sweep" timems="0.545" contextid="4" timestamp="2019-06-17T07:46:37.455" />
<mem-info id="10" free="6520520" total="8388608" percent="77">
  <mem type="tenure" free="6520520" total="8388608" percent="77" micro-fragmented="233490" macro-fragmented="0">
    <mem type="soa" free="6101704" total="7969792" percent="76" />
    <mem type="loa" free="418816" total="418816" percent="100" />
  </mem>
  <pending-finalizers system="1" default="0" reference="437" classloader="0" />
</mem-info>
<gc-op id="11" type="compact" timems="4.543" contextid="4" timestamp="2019-06-17T07:46:37.459">
  <compact-info movecount="21465" movebytes="1537096" reason="compact to aid heap contraction" />
</gc-op>
<heap-resize id="12" type="expand" space="tenure" amount="2084241408" count="1" timems="0.064" reason="satisfy allocation request" timestamp="2019-06-17T07:46:37.460" />
<gc-end id="13" type="global" contextid="4" durationms="8.159" usertimems="12.000" systemtimems="0.000" timestamp="2019-06-17T07:46:37.460" activeThreads="4">
  <mem-info id="14" free="2091092744" total="2092630016" percent="99">
    <mem type="tenure" free="2091092744" total="2092630016" percent="99">
      <mem type="soa" free="1986461448" total="1987998720" percent="99" />
      <mem type="loa" free="104631296" total="104631296" percent="100" />
    </mem>
    <pending-finalizers system="1" default="0" reference="437" classloader="0" />
  </mem-info>
</gc-end>
<cycle-end id="15" type="global" contextid="4" timestamp="2019-06-17T07:46:37.460" />
  <attribute name="elasticGC enabled" value="1" />
  <attribute name= "numThreadsSpecified" value="4" />
  <attribute name="heapSize specified" value="8388608" />
  <attribute name="Current GC Util" value="31" />
  <attribute name= "Current Time Running" value="1199" />
  <attribute name ="GC Interval" value="0" />
  <attribute name="ProportionalT" value="16.500000" />
  <attribute name="ProportionalI" value="16.500000" />
  <attribute name="ProportionalH" value="16.500000" />
  <attribute name="Current Error" value="11.000000" />
  <attribute name="IntegralT" value="-23667.000000" />
  <attribute name="IntegralI" value="-23667.000000" />
  <attribute name="IntegralH" value="-23667.000000" />
  <attribute name="DerivativeT" value="4.125000" />
  <attribute name="DerivativeI" value="4.125000" />
  <attribute name="DerivativeH" value="4.125000" />
  <attribute name="Loop Time for DT" value="4.000000" />
  <attribute name="Output H" value="2092630016"/>
  <attribute name="Output I" value="200"/>
  <attribute name="Output T" value="4"/>
  <attribute name="Target GC Util Change" value ="20.000000" />
  <attribute name="Current GC Util Change" value="31.000000"/>
  <attribute name="GC Util currently" value="31" />
  <attribute name="CPU Util currently" value="35" />
<allocation-satisfied id="16" threadId="00000000018C5700" bytesRequested="88" />
<af-end id="17" timestamp="2019-06-17T07:46:37.460" threadId="00000000018C6088" success="true" />
<exclusive-end id="18" timestamp="2019-06-17T07:46:37.460" durationms="9.179" />

<exclusive-start id="19" timestamp="2019-06-17T07:46:37.685" intervalms="234.067">
  <response-info timems="0.084" idlems="0.084" threads="0" lastid="00000000018C5700" lastname="main" />
</exclusive-start>
<sys-start reason="explicit" id="20" timestamp="2019-06-17T07:46:37.686" intervalms="1581.616" />
<cycle-start id="21" type="global" contextid="0" timestamp="2019-06-17T07:46:37.691" intervalms="239.340" />
<gc-start id="22" type="global" contextid="21" timestamp="2019-06-17T07:46:37.691">
  <mem-info id="23" free="2084967152" total="2092630016" percent="99">
    <mem type="tenure" free="2084967152" total="2092630016" percent="99">
      <mem type="soa" free="1980335856" total="1987998720" percent="99" />
      <mem type="loa" free="104631296" total="104631296" percent="100" />
    </mem>
  </mem-info>
</gc-start>
<allocation-stats totalBytes="6091816" >
  <allocated-bytes non-tlh="137328" tlh="5954488" />
  <largest-consumer threadName="main" threadId="00000000018C5700" bytes="6071600" />
</allocation-stats>
<gc-op id="24" type="mark" timems="9.030" contextid="21" timestamp="2019-06-17T07:46:37.700">
  <trace-info objectcount="29507" scancount="23878" scanbytes="870920" />
  <finalization candidates="15" enqueued="0" />
  <references type="soft" candidates="133" cleared="0" enqueued="0" dynamicThreshold="31" maxThreshold="32" />
  <references type="weak" candidates="178" cleared="33" enqueued="33" />
  <references type="phantom" candidates="85" cleared="2" enqueued="2" />
  <stringconstants candidates="3535" cleared="22"  />
</gc-op>
<gc-op id="25" type="classunload" timems="0.002" contextid="21" timestamp="2019-06-17T07:46:37.700">
  <classunload-info classloadercandidates="19" classloadersunloaded="0" classesunloaded="0" anonymousclassesunloaded="0" quiescems="0.000" setupms="0.002" scanms="0.000" postms="0.000" />
</gc-op>
<gc-op id="26" type="sweep" timems="1.984" contextid="21" timestamp="2019-06-17T07:46:37.702" />
<mem-info id="27" free="2090302872" total="2092630016" percent="99">
  <mem type="tenure" free="2090302872" total="2092630016" percent="99" micro-fragmented="242512" macro-fragmented="0">
    <mem type="soa" free="1985671576" total="1987998720" percent="99" />
    <mem type="loa" free="104631296" total="104631296" percent="100" />
  </mem>
  <pending-finalizers system="0" default="0" reference="35" classloader="0" />
</mem-info>
<gc-op id="28" type="compact" timems="14.711" contextid="21" timestamp="2019-06-17T07:46:37.717">
  <compact-info movecount="28757" movebytes="1933856" reason="compact to aid heap contraction" />
</gc-op>
<gc-end id="29" type="global" contextid="21" durationms="26.582" usertimems="40.000" systemtimems="0.000" timestamp="2019-06-17T07:46:37.718" activeThreads="4">
  <mem-info id="30" free="2090675072" total="2092630016" percent="99">
    <mem type="tenure" free="2090675072" total="2092630016" percent="99">
      <mem type="soa" free="1986043776" total="1987998720" percent="99" />
      <mem type="loa" free="104631296" total="104631296" percent="100" />
    </mem>
    <pending-finalizers system="0" default="0" reference="35" classloader="0" />
  </mem-info>
</gc-end>
<cycle-end id="31" type="global" contextid="21" timestamp="2019-06-17T07:46:37.718" />
  <attribute name="elasticGC enabled" value="1" />
  <attribute name= "numThreadsSpecified" value="4" />
  <attribute name="heapSize specified" value="2092630016" />
  <attribute name="Current GC Util" value="101" />
  <attribute name= "Current Time Running" value="1457" />
  <attribute name ="GC Interval" value="0" />
  <attribute name="ProportionalT" value="121.500000" />
  <attribute name="ProportionalI" value="121.500000" />
  <attribute name="ProportionalH" value="121.500000" />
  <attribute name="Current Error" value="81.000000" />
  <attribute name="IntegralT" value="1215.000000" />
  <attribute name="IntegralI" value="1215.000000" />
  <attribute name="IntegralH" value="1215.000000" />
  <attribute name="DerivativeT" value="1.600000" />
  <attribute name="DerivativeI" value="1.600000" />
  <attribute name="DerivativeH" value="1.600000" />
  <attribute name="Loop Time for DT" value="15.000000" />
  <attribute name="Output H" value="8388608"/>
  <attribute name="Output I" value="1344"/>
  <attribute name="Output T" value="4"/>
  <attribute name="Target GC Util Change" value ="20.000000" />
  <attribute name="Current GC Util Change" value="101.000000"/>
  <attribute name="GC Util currently" value="101" />
  <attribute name="CPU Util currently" value="310954692415" />
<sys-end id="32" timestamp="2019-06-17T07:46:37.718" />
<exclusive-end id="33" timestamp="2019-06-17T07:46:37.718" durationms="32.837" />

<exclusive-start id="34" timestamp="2019-06-17T07:46:53.643" intervalms="15957.718">
  <response-info timems="0.026" idlems="0.026" threads="0" lastid="0000000001BFA500" lastname="Thread-5" />
</exclusive-start>
<af-start id="35" threadId="0000000001BFAE88" totalBytesRequested="32776" timestamp="2019-06-17T07:46:53.643" intervalms="16191.646" />
<cycle-start id="36" type="global" contextid="0" timestamp="2019-06-17T07:46:53.643" intervalms="15952.143" />
<gc-start id="37" type="global" contextid="36" timestamp="2019-06-17T07:46:53.643">
  <mem-info id="38" free="104631296" total="2092630016" percent="4">
    <mem type="tenure" free="104631296" total="2092630016" percent="4">
      <mem type="soa" free="0" total="1987998720" percent="0" />
      <mem type="loa" free="104631296" total="104631296" percent="100" />
    </mem>
  </mem-info>
</gc-start>
<allocation-stats totalBytes="1985282688" >
  <allocated-bytes non-tlh="346136" tlh="1984936552" />
  <largest-consumer threadName="Thread-4" threadId="0000000001BF6900" bytes="512623512" />
</allocation-stats>
<gc-op id="39" type="mark" timems="5.286" contextid="36" timestamp="2019-06-17T07:46:53.649">
  <trace-info objectcount="52598" scancount="44899" scanbytes="1898740" />
  <finalization candidates="29" enqueued="4" />
  <references type="soft" candidates="164" cleared="0" enqueued="0" dynamicThreshold="31" maxThreshold="32" />
  <references type="weak" candidates="307" cleared="34" enqueued="31" />
  <references type="phantom" candidates="100" cleared="2" enqueued="2" />
  <stringconstants candidates="3963" cleared="0"  />
</gc-op>
<gc-op id="40" type="sweep" timems="2.767" contextid="36" timestamp="2019-06-17T07:46:53.651" />
<mem-info id="41" free="2088834064" total="2092630016" percent="99">
  <mem type="tenure" free="2088834064" total="2092630016" percent="99" micro-fragmented="149744" macro-fragmented="0">
    <mem type="soa" free="1984202768" total="1987998720" percent="99" />
    <mem type="loa" free="104631296" total="104631296" percent="100" />
  </mem>
  <pending-finalizers system="4" default="0" reference="33" classloader="0" />
</mem-info>
<gc-op id="42" type="compact" timems="18.277" contextid="36" timestamp="2019-06-17T07:46:53.670">
  <compact-info movecount="51911" movebytes="3518320" reason="compact to aid heap contraction" />
</gc-op>
<gc-end id="43" type="global" contextid="36" durationms="27.139" usertimems="64.000" systemtimems="4.000" timestamp="2019-06-17T07:46:53.670" activeThreads="4">
  <mem-info id="44" free="2089027264" total="2092630016" percent="99">
    <mem type="tenure" free="2089027264" total="2092630016" percent="99">
      <mem type="soa" free="1984395968" total="1987998720" percent="99" />
      <mem type="loa" free="104631296" total="104631296" percent="100" />
    </mem>
    <pending-finalizers system="4" default="0" reference="33" classloader="0" />
  </mem-info>
</gc-end>
<cycle-end id="45" type="global" contextid="36" timestamp="2019-06-17T07:46:53.672" />
  <attribute name="elasticGC enabled" value="1" />
  <attribute name= "numThreadsSpecified" value="4" />
  <attribute name="heapSize specified" value="2092630016" />
  <attribute name="Current GC Util" value="119" />
  <attribute name= "Current Time Running" value="17410" />
  <attribute name ="GC Interval" value="0" />
  <attribute name="ProportionalT" value="148.500000" />
  <attribute name="ProportionalI" value="148.500000" />
  <attribute name="ProportionalH" value="148.500000" />
  <attribute name="Current Error" value="99.000000" />
  <attribute name="IntegralT" value="1881.000000" />
  <attribute name="IntegralI" value="1881.000000" />
  <attribute name="IntegralH" value="1881.000000" />
  <attribute name="DerivativeT" value="-2.210526" />
  <attribute name="DerivativeI" value="-2.210526" />
  <attribute name="DerivativeH" value="-2.210526" />
  <attribute name="Loop Time for DT" value="19.000000" />
  <attribute name="Output H" value="8388608"/>
  <attribute name="Output I" value="2032"/>
  <attribute name="Output T" value="4"/>
  <attribute name="Target GC Util Change" value ="20.000000" />
  <attribute name="Current GC Util Change" value="119.000000"/>
  <attribute name="GC Util currently" value="119" />
  <attribute name="CPU Util currently" value="250182632603" />
<allocation-satisfied id="46" threadId="0000000001BFA500" bytesRequested="32776" />
<af-end id="47" timestamp="2019-06-17T07:46:53.673" threadId="0000000001BFAE88" success="true" />
<exclusive-end id="48" timestamp="2019-06-17T07:46:53.673" durationms="29.858" />

<exclusive-start id="49" timestamp="2019-06-17T07:47:07.452" intervalms="13808.818">
  <response-info timems="0.032" idlems="0.032" threads="0" lastid="0000000001BF2E00" lastname="Thread-3" />
</exclusive-start>
<af-start id="50" threadId="0000000001BF3788" totalBytesRequested="8200" timestamp="2019-06-17T07:47:07.452" intervalms="13808.839" />
<cycle-start id="51" type="global" contextid="0" timestamp="2019-06-17T07:47:07.452" intervalms="13808.837" />
<gc-start id="52" type="global" contextid="51" timestamp="2019-06-17T07:47:07.452">
  <mem-info id="53" free="104631296" total="2092630016" percent="4">
    <mem type="tenure" free="104631296" total="2092630016" percent="4">
      <mem type="soa" free="0" total="1987998720" percent="0" />
      <mem type="loa" free="104631296" total="104631296" percent="100" />
    </mem>
  </mem-info>
</gc-start>
<allocation-stats totalBytes="1983750064" >
  <allocated-bytes non-tlh="0" tlh="1983750064" />
  <largest-consumer threadName="Thread-6" threadId="0000000001BFE100" bytes="523220856" />
</allocation-stats>
<gc-op id="54" type="mark" timems="4.524" contextid="51" timestamp="2019-06-17T07:47:07.457">
  <trace-info objectcount="49435" scancount="41665" scanbytes="1863924" />
  <finalization candidates="25" enqueued="0" />
  <references type="soft" candidates="164" cleared="0" enqueued="0" dynamicThreshold="31" maxThreshold="32" />
  <references type="weak" candidates="274" cleared="0" enqueued="0" />
  <references type="phantom" candidates="99" cleared="0" enqueued="0" />
  <stringconstants candidates="3963" cleared="0"  />
</gc-op>
<gc-op id="55" type="sweep" timems="2.033" contextid="51" timestamp="2019-06-17T07:47:07.459" />
<mem-info id="56" free="2088960760" total="2092630016" percent="99">
  <mem type="tenure" free="2088960760" total="2092630016" percent="99" micro-fragmented="12659" macro-fragmented="0">
    <mem type="soa" free="1984329464" total="1987998720" percent="99" />
    <mem type="loa" free="104631296" total="104631296" percent="100" />
  </mem>
</mem-info>
<gc-op id="57" type="compact" timems="12.224" contextid="51" timestamp="2019-06-17T07:47:07.471">
  <compact-info movecount="24829" movebytes="2538280" reason="compact to aid heap contraction" />
</gc-op>
<gc-end id="58" type="global" contextid="51" durationms="19.459" usertimems="64.000" systemtimems="0.000" timestamp="2019-06-17T07:47:07.471" activeThreads="4">
  <mem-info id="59" free="2088922552" total="2092630016" percent="99">
    <mem type="tenure" free="2088922552" total="2092630016" percent="99">
      <mem type="soa" free="1984291256" total="1987998720" percent="99" />
      <mem type="loa" free="104631296" total="104631296" percent="100" />
    </mem>
  </mem-info>
</gc-end>
<cycle-end id="60" type="global" contextid="51" timestamp="2019-06-17T07:47:07.472" />
  <attribute name="elasticGC enabled" value="1" />
  <attribute name= "numThreadsSpecified" value="4" />
  <attribute name="heapSize specified" value="2092630016" />
  <attribute name="Current GC Util" value="200" />
  <attribute name= "Current Time Running" value="31211" />
  <attribute name ="GC Interval" value="0" />
  <attribute name="ProportionalT" value="270.000000" />
  <attribute name="ProportionalI" value="270.000000" />
  <attribute name="ProportionalH" value="270.000000" />
  <attribute name="Current Error" value="180.000000" />
  <attribute name="IntegralT" value="2160.000000" />
  <attribute name="IntegralI" value="2160.000000" />
  <attribute name="IntegralH" value="2160.000000" />
  <attribute name="DerivativeT" value="-4.000000" />
  <attribute name="DerivativeI" value="-4.000000" />
  <attribute name="DerivativeH" value="-4.000000" />
  <attribute name="Loop Time for DT" value="12.000000" />
  <attribute name="Output H" value="8388608"/>
  <attribute name="Output I" value="2432"/>
  <attribute name="Output T" value="4"/>
  <attribute name="Target GC Util Change" value ="20.000000" />
  <attribute name="Current GC Util Change" value="200.000000"/>
  <attribute name="GC Util currently" value="200" />
  <attribute name="CPU Util currently" value="372612778064" />
<allocation-satisfied id="61" threadId="0000000001BF2E00" bytesRequested="8200" />
<af-end id="62" timestamp="2019-06-17T07:47:07.472" threadId="0000000001BF3788" success="true" />
<exclusive-end id="63" timestamp="2019-06-17T07:47:07.473" durationms="20.820" />

<exclusive-start id="64" timestamp="2019-06-17T07:47:22.919" intervalms="15467.264">
  <response-info timems="0.038" idlems="0.038" threads="0" lastid="0000000001BFA500" lastname="Thread-5" />
</exclusive-start>
<af-start id="65" threadId="0000000001BFAE88" totalBytesRequested="2056" timestamp="2019-06-17T07:47:22.919" intervalms="15467.408" />
<cycle-start id="66" type="global" contextid="0" timestamp="2019-06-17T07:47:22.919" intervalms="15467.447" />
<gc-start id="67" type="global" contextid="66" timestamp="2019-06-17T07:47:22.920">
  <mem-info id="68" free="104631296" total="2092630016" percent="4">
    <mem type="tenure" free="104631296" total="2092630016" percent="4">
      <mem type="soa" free="0" total="1987998720" percent="0" />
      <mem type="loa" free="104631296" total="104631296" percent="100" />
    </mem>
  </mem-info>
</gc-start>
<allocation-stats totalBytes="1983502512" >
  <allocated-bytes non-tlh="0" tlh="1983502512" />
  <largest-consumer threadName="Thread-5" threadId="0000000001BFA500" bytes="514305176" />
</allocation-stats>
<gc-op id="69" type="mark" timems="4.482" contextid="66" timestamp="2019-06-17T07:47:22.924">
  <trace-info objectcount="45121" scancount="37453" scanbytes="1751612" />
  <finalization candidates="25" enqueued="0" />
  <references type="soft" candidates="164" cleared="0" enqueued="0" dynamicThreshold="31" maxThreshold="32" />
  <references type="weak" candidates="269" cleared="0" enqueued="0" />
  <references type="phantom" candidates="98" cleared="0" enqueued="0" />
  <stringconstants candidates="3963" cleared="0"  />
</gc-op>
<gc-op id="70" type="classunload" timems="0.331" contextid="66" timestamp="2019-06-17T07:47:22.925">
  <classunload-info classloadercandidates="20" classloadersunloaded="0" classesunloaded="2" anonymousclassesunloaded="2" quiescems="0.000" setupms="0.327" scanms="0.004" postms="0.000" />
</gc-op>
<gc-op id="71" type="sweep" timems="1.993" contextid="66" timestamp="2019-06-17T07:47:22.927" />
<mem-info id="72" free="2089171824" total="2092630016" percent="99">
  <mem type="tenure" free="2089171824" total="2092630016" percent="99" micro-fragmented="19936" macro-fragmented="0">
    <mem type="soa" free="1984540528" total="1987998720" percent="99" />
    <mem type="loa" free="104631296" total="104631296" percent="100" />
  </mem>
</mem-info>
<gc-op id="73" type="compact" timems="8.976" contextid="66" timestamp="2019-06-17T07:47:22.936">
  <compact-info movecount="14358" movebytes="1365096" reason="compact to aid heap contraction" />
</gc-op>
<gc-end id="74" type="global" contextid="66" durationms="16.898" usertimems="32.000" systemtimems="0.000" timestamp="2019-06-17T07:47:22.936" activeThreads="4">
  <mem-info id="75" free="2089124776" total="2092630016" percent="99">
    <mem type="tenure" free="2089124776" total="2092630016" percent="99">
      <mem type="soa" free="1984493480" total="1987998720" percent="99" />
      <mem type="loa" free="104631296" total="104631296" percent="100" />
    </mem>
  </mem-info>
</gc-end>
<cycle-end id="76" type="global" contextid="66" timestamp="2019-06-17T07:47:22.937" />
  <attribute name="elasticGC enabled" value="1" />
  <attribute name= "numThreadsSpecified" value="4" />
  <attribute name="heapSize specified" value="2092630016" />
  <attribute name="Current GC Util" value="184" />
  <attribute name= "Current Time Running" value="46676" />
  <attribute name ="GC Interval" value="0" />
  <attribute name="ProportionalT" value="246.000000" />
  <attribute name="ProportionalI" value="246.000000" />
  <attribute name="ProportionalH" value="246.000000" />
  <attribute name="Current Error" value="164.000000" />
  <attribute name="IntegralT" value="1476.000000" />
  <attribute name="IntegralI" value="1476.000000" />
  <attribute name="IntegralH" value="1476.000000" />
  <attribute name="DerivativeT" value="-6.166667" />
  <attribute name="DerivativeI" value="-6.166667" />
  <attribute name="DerivativeH" value="-6.166667" />
  <attribute name="Loop Time for DT" value="9.000000" />
  <attribute name="Output H" value="8388608"/>
  <attribute name="Output I" value="1720"/>
  <attribute name="Output T" value="4"/>
  <attribute name="Target GC Util Change" value ="20.000000" />
  <attribute name="Current GC Util Change" value="184.000000"/>
  <attribute name="GC Util currently" value="184" />
  <attribute name="CPU Util currently" value="504882709645" />
<allocation-satisfied id="77" threadId="0000000001BFA500" bytesRequested="2056" />
<af-end id="78" timestamp="2019-06-17T07:47:22.937" threadId="0000000001BFAE88" success="true" />
<exclusive-end id="79" timestamp="2019-06-17T07:47:22.938" durationms="18.485" />

<exclusive-start id="80" timestamp="2019-06-17T07:47:36.068" intervalms="13148.983">
  <response-info timems="0.033" idlems="0.033" threads="0" lastid="0000000001BFA500" lastname="Thread-5" />
</exclusive-start>
<af-start id="81" threadId="0000000001BFAE88" totalBytesRequested="32776" timestamp="2019-06-17T07:47:36.068" intervalms="13148.820" />
<cycle-start id="82" type="global" contextid="0" timestamp="2019-06-17T07:47:36.068" intervalms="13148.938" />
<gc-start id="83" type="global" contextid="82" timestamp="2019-06-17T07:47:36.068">
  <mem-info id="84" free="104631296" total="2092630016" percent="4">
    <mem type="tenure" free="104631296" total="2092630016" percent="4">
      <mem type="soa" free="0" total="1987998720" percent="0" />
      <mem type="loa" free="104631296" total="104631296" percent="100" />
    </mem>
  </mem-info>
</gc-start>
<allocation-stats totalBytes="1983826528" >
  <allocated-bytes non-tlh="0" tlh="1983826528" />
  <largest-consumer threadName="Thread-6" threadId="0000000001BFE100" bytes="573547344" />
</allocation-stats>
<gc-op id="85" type="mark" timems="3.173" contextid="82" timestamp="2019-06-17T07:47:36.072">
  <trace-info objectcount="41888" scancount="34136" scanbytes="1642368" />
  <finalization candidates="25" enqueued="0" />
  <references type="soft" candidates="164" cleared="0" enqueued="0" dynamicThreshold="31" maxThreshold="32" />
  <references type="weak" candidates="269" cleared="0" enqueued="0" />
  <references type="phantom" candidates="97" cleared="0" enqueued="0" />
  <stringconstants candidates="3963" cleared="0"  />
</gc-op>
<gc-op id="86" type="sweep" timems="1.884" contextid="82" timestamp="2019-06-17T07:47:36.074" />
<mem-info id="87" free="2089227024" total="2092630016" percent="99">
  <mem type="tenure" free="2089227024" total="2092630016" percent="99" micro-fragmented="19948" macro-fragmented="0">
    <mem type="soa" free="1984595728" total="1987998720" percent="99" />
    <mem type="loa" free="104631296" total="104631296" percent="100" />
  </mem>
</mem-info>
<gc-op id="88" type="compact" timems="8.746" contextid="82" timestamp="2019-06-17T07:47:36.083">
  <compact-info movecount="5624" movebytes="1102072" reason="compact to aid heap contraction" />
</gc-op>
<gc-end id="89" type="global" contextid="82" durationms="14.485" usertimems="28.000" systemtimems="0.000" timestamp="2019-06-17T07:47:36.083" activeThreads="4">
  <mem-info id="90" free="2089185512" total="2092630016" percent="99">
    <mem type="tenure" free="2089185512" total="2092630016" percent="99">
      <mem type="soa" free="1984554216" total="1987998720" percent="99" />
      <mem type="loa" free="104631296" total="104631296" percent="100" />
    </mem>
  </mem-info>
</gc-end>
<cycle-end id="91" type="global" contextid="82" timestamp="2019-06-17T07:47:36.083" />
  <attribute name="elasticGC enabled" value="1" />
  <attribute name= "numThreadsSpecified" value="4" />
  <attribute name="heapSize specified" value="2092630016" />
  <attribute name="Current GC Util" value="187" />
  <attribute name= "Current Time Running" value="59822" />
  <attribute name ="GC Interval" value="0" />
  <attribute name="ProportionalT" value="250.500000" />
  <attribute name="ProportionalI" value="250.500000" />
  <attribute name="ProportionalH" value="250.500000" />
  <attribute name="Current Error" value="167.000000" />
  <attribute name="IntegralT" value="1336.000000" />
  <attribute name="IntegralI" value="1336.000000" />
  <attribute name="IntegralH" value="1336.000000" />
  <attribute name="DerivativeT" value="-9.750000" />
  <attribute name="DerivativeI" value="-9.750000" />
  <attribute name="DerivativeH" value="-9.750000" />
  <attribute name="Loop Time for DT" value="8.000000" />
  <attribute name="Output H" value="8388608"/>
  <attribute name="Output I" value="1576"/>
  <attribute name="Output T" value="4"/>
  <attribute name="Target GC Util Change" value ="20.000000" />
  <attribute name="Current GC Util Change" value="187.000000"/>
  <attribute name="GC Util currently" value="187" />
  <attribute name="CPU Util currently" value="520874755771" />
<allocation-satisfied id="92" threadId="0000000001BFA500" bytesRequested="32776" />
<af-end id="93" timestamp="2019-06-17T07:47:36.084" threadId="0000000001BFAE88" success="true" />
<exclusive-end id="94" timestamp="2019-06-17T07:47:36.084" durationms="15.607" />

</verbosegc>

