<?xml version="1.0" ?>

<verbosegc xmlns="http://www.ibm.com/j9/verbosegc" version="10b4217_CMPRSS">

<initialized id="1" timestamp="2019-06-17T07:48:57.220">
  <attribute name="gcPolicy" value="-Xgcpolicy:optthruput" />
  <attribute name="elasticGC enabled" value="1" />
  <attribute name= "numThreadsSpecified" value="0" />
  <attribute name="heapSize specified" value="0" />
  <attribute name="Current GC Util" value="0" />
  <attribute name= "Current Time Running" value="0" />
  <attribute name ="GC Interval" value="0" />
  <attribute name="ProportionalT" value="0.000000" />
  <attribute name="ProportionalI" value="0.000000" />
  <attribute name="ProportionalH" value="0.000000" />
  <attribute name="IntegralT" value="0.000000" />
  <attribute name="IntegralI" value="0.000000" />
  <attribute name="IntegralH" value="0.000000" />
  <attribute name="DerivativeT" value="0.000000" />
  <attribute name="DerivativeI" value="0.000000" />
  <attribute name="DerivativeH" value="0.000000" />
  <attribute name="Target GC Util Change" value ="0.000000" />
  <attribute name="Current GC Util Change" value="0.000000"/>
  <attribute name="Current Error" value="0.000000" />
  <attribute name="Loop Time for DT" value="0.000000" />
  <attribute name="Output H" value="0"/>
  <attribute name="Output I" value="0"/>
  <attribute name="Output T" value="0"/>
  <attribute name="GC Util currently" value="0" />
  <attribute name="CPU Util currently" value="0" />
  <attribute name="maxHeapSize" value="0x7cbc0000" />
  <attribute name="initialHeapSize" value="0x800000" />
  <attribute name="compressedRefs" value="true" />
  <attribute name="compressedRefsDisplacement" value="0x0" />
  <attribute name="compressedRefsShift" value="0x0" />
  <attribute name="pageSize" value="0x1000" />
  <attribute name="pageType" value="not used" />
  <attribute name="requestedPageSize" value="0x1000" />
  <attribute name="requestedPageType" value="not used" />
  <attribute name="gcthreads" value="4" />
  <attribute name="packetListSplit" value="4" />
  <attribute name="cacheListSplit" value="4" />
  <attribute name="splitFreeListSplitAmount" value="1" />
  <attribute name="numaNodes" value="0" />
  <system>
    <attribute name="physicalMemory" value="8370958336" />
    <attribute name="numCPUs" value="4" />
    <attribute name="architecture" value="amd64" />
    <attribute name="os" value="Linux" />
    <attribute name="osVersion" value="4.4.0-150-generic" />
  </system>
  <vmargs>
    <vmarg name="-Xoptionsfile=/vagrant/jdk/lib/options.default" />
    <vmarg name="-Xlockword:mode=default,noLockword=java/lang/String,noLockword=java/util/MapEntry,noLockword=java/util/HashMap$Entry,noLockword..." />
    <vmarg name="-Xjcl:jclse29" />
    <vmarg name="-Dcom.ibm.oti.vm.bootstrap.library.path=/vagrant/jdk/lib/compressedrefs:/vagrant/jdk/lib" />
    <vmarg name="-Dsun.boot.library.path=/vagrant/jdk/lib/compressedrefs:/vagrant/jdk/lib" />
    <vmarg name="-Djava.library.path=/vagrant/jdk/lib/compressedrefs:/vagrant/jdk/lib:/usr/lib64:/usr/lib" />
    <vmarg name="-Djava.home=/vagrant/jdk" />
    <vmarg name="-Duser.dir=/vagrant" />
    <vmarg name="-Xgcpolicy:optthruput" />
    <vmarg name="-Xgcelastic" />
    <vmarg name="-Xcheck:gc:::elasticGC" />
    <vmarg name="-verbose:gc" />
    <vmarg name="-Xloggc:jdk1.5-1-1.5-large-OTT-4CORE-elasticverbose9xalan.txt" />
    <vmarg name="-Djava.class.path=dacapo-9.12-MR1-bach.jar" />
    <vmarg name="-Dsun.java.command=dacapo-9.12-MR1-bach.jar xalan --size=large" />
    <vmarg name="-Dsun.java.launcher=SUN_STANDARD" />
    <vmarg name="-Dsun.java.launcher.pid=15192" />
  </vmargs>
</initialized>

<exclusive-start id="2" timestamp="2019-06-17T07:48:59.010" intervalms="1789.316">
  <response-info timems="0.023" idlems="0.023" threads="0" lastid="0000000002457700" lastname="main" />
</exclusive-start>
<af-start id="3" threadId="0000000002458088" totalBytesRequested="88" timestamp="2019-06-17T07:48:59.010" intervalms="1789.541" />
<cycle-start id="4" type="global" contextid="0" timestamp="2019-06-17T07:48:59.010" intervalms="1789.760" />
<gc-start id="5" type="global" contextid="4" timestamp="2019-06-17T07:48:59.010">
  <mem-info id="6" free="418816" total="8388608" percent="4">
    <mem type="tenure" free="418816" total="8388608" percent="4">
      <mem type="soa" free="0" total="7969792" percent="0" />
      <mem type="loa" free="418816" total="418816" percent="100" />
    </mem>
  </mem-info>
</gc-start>
<allocation-stats totalBytes="7881176" >
  <allocated-bytes non-tlh="758040" tlh="7123136" />
  <largest-consumer threadName="main" threadId="0000000002457700" bytes="7810880" />
</allocation-stats>
<gc-op id="7" type="mark" timems="3.709" contextid="4" timestamp="2019-06-17T07:48:59.014">
  <trace-info objectcount="21466" scancount="17490" scanbytes="560488" />
  <finalization candidates="15" enqueued="1" />
  <references type="soft" candidates="74" cleared="0" enqueued="0" dynamicThreshold="32" maxThreshold="32" />
  <references type="weak" candidates="575" cleared="432" enqueued="393" />
  <references type="phantom" candidates="127" cleared="44" enqueued="44" />
  <stringconstants candidates="2930" cleared="0"  />
</gc-op>
<gc-op id="8" type="classunload" timems="0.047" contextid="4" timestamp="2019-06-17T07:48:59.014">
  <classunload-info classloadercandidates="6" classloadersunloaded="0" classesunloaded="0" anonymousclassesunloaded="0" quiescems="0.000" setupms="0.047" scanms="0.000" postms="0.000" />
</gc-op>
<gc-op id="9" type="sweep" timems="0.530" contextid="4" timestamp="2019-06-17T07:48:59.015" />
<mem-info id="10" free="6521528" total="8388608" percent="77">
  <mem type="tenure" free="6521528" total="8388608" percent="77" micro-fragmented="273705" macro-fragmented="0">
    <mem type="soa" free="6102712" total="7969792" percent="76" />
    <mem type="loa" free="418816" total="418816" percent="100" />
  </mem>
  <pending-finalizers system="1" default="0" reference="437" classloader="0" />
</mem-info>
<gc-op id="11" type="compact" timems="4.721" contextid="4" timestamp="2019-06-17T07:48:59.020">
  <compact-info movecount="21465" movebytes="1537096" reason="compact to aid heap contraction" />
</gc-op>
<heap-resize id="12" type="expand" space="tenure" amount="2084241408" count="1" timems="0.149" reason="satisfy allocation request" timestamp="2019-06-17T07:48:59.021" />
<gc-end id="13" type="global" contextid="4" durationms="10.395" usertimems="12.000" systemtimems="0.000" timestamp="2019-06-17T07:48:59.021" activeThreads="4">
  <mem-info id="14" free="2091092744" total="2092630016" percent="99">
    <mem type="tenure" free="2091092744" total="2092630016" percent="99">
      <mem type="soa" free="1986461448" total="1987998720" percent="99" />
      <mem type="loa" free="104631296" total="104631296" percent="100" />
    </mem>
    <pending-finalizers system="1" default="0" reference="437" classloader="0" />
  </mem-info>
</gc-end>
<cycle-end id="15" type="global" contextid="4" timestamp="2019-06-17T07:48:59.021" />
  <attribute name="elasticGC enabled" value="1" />
  <attribute name= "numThreadsSpecified" value="4" />
  <attribute name="heapSize specified" value="8388608" />
  <attribute name="Current GC Util" value="38" />
  <attribute name= "Current Time Running" value="1678" />
  <attribute name ="GC Interval" value="0" />
  <attribute name="ProportionalT" value="27.000000" />
  <attribute name="ProportionalI" value="27.000000" />
  <attribute name="ProportionalH" value="27.000000" />
  <attribute name="Current Error" value="18.000000" />
  <attribute name="IntegralT" value="-32910.000000" />
  <attribute name="IntegralI" value="-32910.000000" />
  <attribute name="IntegralH" value="-32910.000000" />
  <attribute name="DerivativeT" value="-3.000000" />
  <attribute name="DerivativeI" value="-3.000000" />
  <attribute name="DerivativeH" value="-3.000000" />
  <attribute name="Loop Time for DT" value="5.000000" />
  <attribute name="Output H" value="2092630016"/>
  <attribute name="Output I" value="200"/>
  <attribute name="Output T" value="4"/>
  <attribute name="Target GC Util Change" value ="20.000000" />
  <attribute name="Current GC Util Change" value="38.000000"/>
  <attribute name="GC Util currently" value="38" />
  <attribute name="CPU Util currently" value="964377505110" />
<allocation-satisfied id="16" threadId="0000000002457700" bytesRequested="88" />
<af-end id="17" timestamp="2019-06-17T07:48:59.021" threadId="0000000002458088" success="true" />
<exclusive-end id="18" timestamp="2019-06-17T07:48:59.021" durationms="11.405" />

<exclusive-start id="19" timestamp="2019-06-17T07:48:59.384" intervalms="373.844">
  <response-info timems="0.155" idlems="0.155" threads="0" lastid="0000000002457700" lastname="main" />
</exclusive-start>
<sys-start reason="explicit" id="20" timestamp="2019-06-17T07:48:59.384" intervalms="2163.476" />
<cycle-start id="21" type="global" contextid="0" timestamp="2019-06-17T07:48:59.392" intervalms="381.792" />
<gc-start id="22" type="global" contextid="21" timestamp="2019-06-17T07:48:59.392">
  <mem-info id="23" free="2084963056" total="2092630016" percent="99">
    <mem type="tenure" free="2084963056" total="2092630016" percent="99">
      <mem type="soa" free="1980331760" total="1987998720" percent="99" />
      <mem type="loa" free="104631296" total="104631296" percent="100" />
    </mem>
  </mem-info>
</gc-start>
<allocation-stats totalBytes="6096216" >
  <allocated-bytes non-tlh="137328" tlh="5958888" />
  <largest-consumer threadName="main" threadId="0000000002457700" bytes="6071904" />
</allocation-stats>
<gc-op id="24" type="mark" timems="10.793" contextid="21" timestamp="2019-06-17T07:48:59.404">
  <trace-info objectcount="29509" scancount="23878" scanbytes="870984" />
  <finalization candidates="15" enqueued="0" />
  <references type="soft" candidates="133" cleared="0" enqueued="0" dynamicThreshold="31" maxThreshold="32" />
  <references type="weak" candidates="178" cleared="33" enqueued="33" />
  <references type="phantom" candidates="85" cleared="2" enqueued="2" />
  <stringconstants candidates="3535" cleared="22"  />
</gc-op>
<gc-op id="25" type="classunload" timems="0.004" contextid="21" timestamp="2019-06-17T07:48:59.404">
  <classunload-info classloadercandidates="19" classloadersunloaded="0" classesunloaded="0" anonymousclassesunloaded="0" quiescems="0.000" setupms="0.003" scanms="0.000" postms="0.001" />
</gc-op>
<gc-op id="26" type="sweep" timems="2.097" contextid="21" timestamp="2019-06-17T07:48:59.406" />
<mem-info id="27" free="2090302808" total="2092630016" percent="99">
  <mem type="tenure" free="2090302808" total="2092630016" percent="99" micro-fragmented="244137" macro-fragmented="0">
    <mem type="soa" free="1985671512" total="1987998720" percent="99" />
    <mem type="loa" free="104631296" total="104631296" percent="100" />
  </mem>
  <pending-finalizers system="0" default="0" reference="35" classloader="0" />
</mem-info>
<gc-op id="28" type="compact" timems="17.384" contextid="21" timestamp="2019-06-17T07:48:59.424">
  <compact-info movecount="28761" movebytes="1934096" reason="compact to aid heap contraction" />
</gc-op>
<gc-end id="29" type="global" contextid="21" durationms="32.141" usertimems="56.000" systemtimems="4.000" timestamp="2019-06-17T07:48:59.424" activeThreads="4">
  <mem-info id="30" free="2090675008" total="2092630016" percent="99">
    <mem type="tenure" free="2090675008" total="2092630016" percent="99">
      <mem type="soa" free="1986043712" total="1987998720" percent="99" />
      <mem type="loa" free="104631296" total="104631296" percent="100" />
    </mem>
    <pending-finalizers system="0" default="0" reference="35" classloader="0" />
  </mem-info>
</gc-end>
<cycle-end id="31" type="global" contextid="21" timestamp="2019-06-17T07:48:59.425" />
  <attribute name="elasticGC enabled" value="1" />
  <attribute name= "numThreadsSpecified" value="4" />
  <attribute name="heapSize specified" value="2092630016" />
  <attribute name="Current GC Util" value="123" />
  <attribute name= "Current Time Running" value="2082" />
  <attribute name ="GC Interval" value="0" />
  <attribute name="ProportionalT" value="154.500000" />
  <attribute name="ProportionalI" value="154.500000" />
  <attribute name="ProportionalH" value="154.500000" />
  <attribute name="Current Error" value="103.000000" />
  <attribute name="IntegralT" value="1854.000000" />
  <attribute name="IntegralI" value="1854.000000" />
  <attribute name="IntegralH" value="1854.000000" />
  <attribute name="DerivativeT" value="-0.833333" />
  <attribute name="DerivativeI" value="-0.833333" />
  <attribute name="DerivativeH" value="-0.833333" />
  <attribute name="Loop Time for DT" value="18.000000" />
  <attribute name="Output H" value="8388608"/>
  <attribute name="Output I" value="2008"/>
  <attribute name="Output T" value="4"/>
  <attribute name="Target GC Util Change" value ="20.000000" />
  <attribute name="Current GC Util Change" value="123.000000"/>
  <attribute name="GC Util currently" value="123" />
  <attribute name="CPU Util currently" value="262265024085" />
<sys-end id="32" timestamp="2019-06-17T07:48:59.425" />
<exclusive-end id="33" timestamp="2019-06-17T07:48:59.425" durationms="41.425" />

<exclusive-start id="34" timestamp="2019-06-17T07:49:14.495" intervalms="15111.888">
  <response-info timems="0.030" idlems="0.030" threads="0" lastid="0000000002788900" lastname="Thread-4" />
</exclusive-start>
<af-start id="35" threadId="0000000002789288" totalBytesRequested="16392" timestamp="2019-06-17T07:49:14.496" intervalms="15485.646" />
<cycle-start id="36" type="global" contextid="0" timestamp="2019-06-17T07:49:14.496" intervalms="15103.753" />
<gc-start id="37" type="global" contextid="36" timestamp="2019-06-17T07:49:14.496">
  <mem-info id="38" free="104631296" total="2092630016" percent="4">
    <mem type="tenure" free="104631296" total="2092630016" percent="4">
      <mem type="soa" free="0" total="1987998720" percent="0" />
      <mem type="loa" free="104631296" total="104631296" percent="100" />
    </mem>
  </mem-info>
</gc-start>
<allocation-stats totalBytes="1985240368" >
  <allocated-bytes non-tlh="305136" tlh="1984935232" />
  <largest-consumer threadName="Thread-5" threadId="000000000278C500" bytes="542889056" />
</allocation-stats>
<gc-op id="39" type="mark" timems="5.730" contextid="36" timestamp="2019-06-17T07:49:14.502">
  <trace-info objectcount="52878" scancount="45126" scanbytes="1873004" />
  <finalization candidates="30" enqueued="5" />
  <references type="soft" candidates="164" cleared="0" enqueued="0" dynamicThreshold="31" maxThreshold="32" />
  <references type="weak" candidates="319" cleared="43" enqueued="38" />
  <references type="phantom" candidates="99" cleared="2" enqueued="2" />
  <stringconstants candidates="3963" cleared="0"  />
</gc-op>
<gc-op id="40" type="sweep" timems="2.889" contextid="36" timestamp="2019-06-17T07:49:14.505" />
<mem-info id="41" free="2088795112" total="2092630016" percent="99">
  <mem type="tenure" free="2088795112" total="2092630016" percent="99" micro-fragmented="162368" macro-fragmented="0">
    <mem type="soa" free="1984163816" total="1987998720" percent="99" />
    <mem type="loa" free="104631296" total="104631296" percent="100" />
  </mem>
  <pending-finalizers system="5" default="0" reference="40" classloader="0" />
</mem-info>
<gc-op id="42" type="compact" timems="16.028" contextid="36" timestamp="2019-06-17T07:49:14.521">
  <compact-info movecount="52110" movebytes="3540640" reason="compact to aid heap contraction" />
</gc-op>
<gc-end id="43" type="global" contextid="36" durationms="25.899" usertimems="44.000" systemtimems="0.000" timestamp="2019-06-17T07:49:14.522" activeThreads="4">
  <mem-info id="44" free="2089001048" total="2092630016" percent="99">
    <mem type="tenure" free="2089001048" total="2092630016" percent="99">
      <mem type="soa" free="1984369752" total="1987998720" percent="99" />
      <mem type="loa" free="104631296" total="104631296" percent="100" />
    </mem>
    <pending-finalizers system="5" default="0" reference="40" classloader="0" />
  </mem-info>
</gc-end>
<cycle-end id="45" type="global" contextid="36" timestamp="2019-06-17T07:49:14.523" />
  <attribute name="elasticGC enabled" value="1" />
  <attribute name= "numThreadsSpecified" value="4" />
  <attribute name="heapSize specified" value="2092630016" />
  <attribute name="Current GC Util" value="104" />
  <attribute name= "Current Time Running" value="17179" />
  <attribute name ="GC Interval" value="0" />
  <attribute name="ProportionalT" value="126.000000" />
  <attribute name="ProportionalI" value="126.000000" />
  <attribute name="ProportionalH" value="126.000000" />
  <attribute name="Current Error" value="84.000000" />
  <attribute name="IntegralT" value="1344.000000" />
  <attribute name="IntegralI" value="1344.000000" />
  <attribute name="IntegralH" value="1344.000000" />
  <attribute name="DerivativeT" value="-2.531250" />
  <attribute name="DerivativeI" value="-2.531250" />
  <attribute name="DerivativeH" value="-2.531250" />
  <attribute name="Loop Time for DT" value="16.000000" />
  <attribute name="Output H" value="8388608"/>
  <attribute name="Output I" value="1472"/>
  <attribute name="Output T" value="4"/>
  <attribute name="Target GC Util Change" value ="20.000000" />
  <attribute name="Current GC Util Change" value="104.000000"/>
  <attribute name="GC Util currently" value="104" />
  <attribute name="CPU Util currently" value="283414560385" />
<allocation-satisfied id="46" threadId="0000000002788900" bytesRequested="16392" />
<af-end id="47" timestamp="2019-06-17T07:49:14.523" threadId="0000000002789288" success="true" />
<exclusive-end id="48" timestamp="2019-06-17T07:49:14.524" durationms="28.079" />

<exclusive-start id="49" timestamp="2019-06-17T07:49:28.792" intervalms="14296.957">
  <response-info timems="0.079" idlems="0.079" threads="0" lastid="000000000278C500" lastname="Thread-5" />
</exclusive-start>
<af-start id="50" threadId="000000000278CE88" totalBytesRequested="16392" timestamp="2019-06-17T07:49:28.792" intervalms="14296.898" />
<cycle-start id="51" type="global" contextid="0" timestamp="2019-06-17T07:49:28.793" intervalms="14296.835" />
<gc-start id="52" type="global" contextid="51" timestamp="2019-06-17T07:49:28.793">
  <mem-info id="53" free="104631296" total="2092630016" percent="4">
    <mem type="tenure" free="104631296" total="2092630016" percent="4">
      <mem type="soa" free="0" total="1987998720" percent="0" />
      <mem type="loa" free="104631296" total="104631296" percent="100" />
    </mem>
  </mem-info>
</gc-start>
<allocation-stats totalBytes="1983647104" >
  <allocated-bytes non-tlh="8200" tlh="1983638904" />
  <largest-consumer threadName="Thread-4" threadId="0000000002788900" bytes="527239584" />
</allocation-stats>
<gc-op id="54" type="mark" timems="3.528" contextid="51" timestamp="2019-06-17T07:49:28.796">
  <trace-info objectcount="48553" scancount="40901" scanbytes="1715420" />
  <finalization candidates="25" enqueued="0" />
  <references type="soft" candidates="164" cleared="0" enqueued="0" dynamicThreshold="31" maxThreshold="32" />
  <references type="weak" candidates="269" cleared="0" enqueued="0" />
  <references type="phantom" candidates="98" cleared="0" enqueued="0" />
  <stringconstants candidates="3963" cleared="0"  />
</gc-op>
<gc-op id="55" type="classunload" timems="0.257" contextid="51" timestamp="2019-06-17T07:49:28.797">
  <classunload-info classloadercandidates="20" classloadersunloaded="0" classesunloaded="4" anonymousclassesunloaded="4" quiescems="0.000" setupms="0.252" scanms="0.005" postms="0.000" />
</gc-op>
<gc-op id="56" type="sweep" timems="1.504" contextid="51" timestamp="2019-06-17T07:49:28.798" />
<mem-info id="57" free="2089340040" total="2092630016" percent="99">
  <mem type="tenure" free="2089340040" total="2092630016" percent="99" micro-fragmented="7862" macro-fragmented="0">
    <mem type="soa" free="1984708744" total="1987998720" percent="99" />
    <mem type="loa" free="104631296" total="104631296" percent="100" />
  </mem>
</mem-info>
<gc-op id="58" type="compact" timems="8.244" contextid="51" timestamp="2019-06-17T07:49:28.807">
  <compact-info movecount="24048" movebytes="2180776" reason="compact to aid heap contraction" />
</gc-op>
<gc-end id="59" type="global" contextid="51" durationms="14.406" usertimems="36.000" systemtimems="0.000" timestamp="2019-06-17T07:49:28.807" activeThreads="4">
  <mem-info id="60" free="2089299384" total="2092630016" percent="99">
    <mem type="tenure" free="2089299384" total="2092630016" percent="99">
      <mem type="soa" free="1984668088" total="1987998720" percent="99" />
      <mem type="loa" free="104631296" total="104631296" percent="100" />
    </mem>
  </mem-info>
</gc-end>
<cycle-end id="61" type="global" contextid="51" timestamp="2019-06-17T07:49:28.809" />
  <attribute name="elasticGC enabled" value="1" />
  <attribute name= "numThreadsSpecified" value="4" />
  <attribute name="heapSize specified" value="2092630016" />
  <attribute name="Current GC Util" value="173" />
  <attribute name= "Current Time Running" value="31464" />
  <attribute name ="GC Interval" value="0" />
  <attribute name="ProportionalT" value="229.500000" />
  <attribute name="ProportionalI" value="229.500000" />
  <attribute name="ProportionalH" value="229.500000" />
  <attribute name="Current Error" value="153.000000" />
  <attribute name="IntegralT" value="1224.000000" />
  <attribute name="IntegralI" value="1224.000000" />
  <attribute name="IntegralH" value="1224.000000" />
  <attribute name="DerivativeT" value="-6.750000" />
  <attribute name="DerivativeI" value="-6.750000" />
  <attribute name="DerivativeH" value="-6.750000" />
  <attribute name="Loop Time for DT" value="8.000000" />
  <attribute name="Output H" value="8388608"/>
  <attribute name="Output I" value="1448"/>
  <attribute name="Output T" value="4"/>
  <attribute name="Target GC Util Change" value ="20.000000" />
  <attribute name="Current GC Util Change" value="173.000000"/>
  <attribute name="GC Util currently" value="173" />
  <attribute name="CPU Util currently" value="547871254724" />
<allocation-satisfied id="62" threadId="000000000278C500" bytesRequested="16392" />
<af-end id="63" timestamp="2019-06-17T07:49:28.809" threadId="000000000278CE88" success="true" />
<exclusive-end id="64" timestamp="2019-06-17T07:49:28.809" durationms="16.635" />

<exclusive-start id="65" timestamp="2019-06-17T07:49:43.519" intervalms="14726.592">
  <response-info timems="0.041" idlems="0.041" threads="0" lastid="000000000278C500" lastname="Thread-5" />
</exclusive-start>
<af-start id="66" threadId="000000000278CE88" totalBytesRequested="824" timestamp="2019-06-17T07:49:43.519" intervalms="14726.635" />
<cycle-start id="67" type="global" contextid="0" timestamp="2019-06-17T07:49:43.519" intervalms="14726.657" />
<gc-start id="68" type="global" contextid="67" timestamp="2019-06-17T07:49:43.519">
  <mem-info id="69" free="104631296" total="2092630016" percent="4">
    <mem type="tenure" free="104631296" total="2092630016" percent="4">
      <mem type="soa" free="0" total="1987998720" percent="0" />
      <mem type="loa" free="104631296" total="104631296" percent="100" />
    </mem>
  </mem-info>
</gc-start>
<allocation-stats totalBytes="1983955312" >
  <allocated-bytes non-tlh="32776" tlh="1983922536" />
  <largest-consumer threadName="Thread-6" threadId="0000000002790100" bytes="569622648" />
</allocation-stats>
<gc-op id="70" type="mark" timems="3.800" contextid="67" timestamp="2019-06-17T07:49:43.523">
  <trace-info objectcount="46189" scancount="38338" scanbytes="1784924" />
  <finalization candidates="25" enqueued="0" />
  <references type="soft" candidates="164" cleared="0" enqueued="0" dynamicThreshold="31" maxThreshold="32" />
  <references type="weak" candidates="268" cleared="0" enqueued="0" />
  <references type="phantom" candidates="97" cleared="0" enqueued="0" />
  <stringconstants candidates="3963" cleared="0"  />
</gc-op>
<gc-op id="71" type="sweep" timems="2.191" contextid="67" timestamp="2019-06-17T07:49:43.525" />
<mem-info id="72" free="2089012832" total="2092630016" percent="99">
  <mem type="tenure" free="2089012832" total="2092630016" percent="99" micro-fragmented="17174" macro-fragmented="0">
    <mem type="soa" free="1984381536" total="1987998720" percent="99" />
    <mem type="loa" free="104631296" total="104631296" percent="100" />
  </mem>
</mem-info>
<gc-op id="73" type="compact" timems="10.703" contextid="67" timestamp="2019-06-17T07:49:43.536">
  <compact-info movecount="9432" movebytes="1237984" reason="compact to aid heap contraction" />
</gc-op>
<gc-end id="74" type="global" contextid="67" durationms="17.604" usertimems="52.000" systemtimems="0.000" timestamp="2019-06-17T07:49:43.537" activeThreads="4">
  <mem-info id="75" free="2088971248" total="2092630016" percent="99">
    <mem type="tenure" free="2088971248" total="2092630016" percent="99">
      <mem type="soa" free="1984339952" total="1987998720" percent="99" />
      <mem type="loa" free="104631296" total="104631296" percent="100" />
    </mem>
  </mem-info>
</gc-end>
<cycle-end id="76" type="global" contextid="67" timestamp="2019-06-17T07:49:43.538" />
  <attribute name="elasticGC enabled" value="1" />
  <attribute name= "numThreadsSpecified" value="4" />
  <attribute name="heapSize specified" value="2092630016" />
  <attribute name="Current GC Util" value="152" />
  <attribute name= "Current Time Running" value="46194" />
  <attribute name ="GC Interval" value="0" />
  <attribute name="ProportionalT" value="198.000000" />
  <attribute name="ProportionalI" value="198.000000" />
  <attribute name="ProportionalH" value="198.000000" />
  <attribute name="Current Error" value="132.000000" />
  <attribute name="IntegralT" value="1452.000000" />
  <attribute name="IntegralI" value="1452.000000" />
  <attribute name="IntegralH" value="1452.000000" />
  <attribute name="DerivativeT" value="-10.363636" />
  <attribute name="DerivativeI" value="-10.363636" />
  <attribute name="DerivativeH" value="-10.363636" />
  <attribute name="Loop Time for DT" value="11.000000" />
  <attribute name="Output H" value="8388608"/>
  <attribute name="Output I" value="1640"/>
  <attribute name="Output T" value="4"/>
  <attribute name="Target GC Util Change" value ="20.000000" />
  <attribute name="Current GC Util Change" value="152.000000"/>
  <attribute name="GC Util currently" value="152" />
  <attribute name="CPU Util currently" value="423668008930" />
<allocation-satisfied id="77" threadId="000000000278C500" bytesRequested="824" />
<af-end id="78" timestamp="2019-06-17T07:49:43.538" threadId="000000000278CE88" success="true" />
<exclusive-end id="79" timestamp="2019-06-17T07:49:43.538" durationms="18.934" />

<exclusive-start id="80" timestamp="2019-06-17T07:49:57.239" intervalms="13720.128">
  <response-info timems="0.041" idlems="0.041" threads="0" lastid="000000000278C500" lastname="Thread-5" />
</exclusive-start>
<af-start id="81" threadId="000000000278CE88" totalBytesRequested="32776" timestamp="2019-06-17T07:49:57.239" intervalms="13720.098" />
<cycle-start id="82" type="global" contextid="0" timestamp="2019-06-17T07:49:57.239" intervalms="13720.098" />
<gc-start id="83" type="global" contextid="82" timestamp="2019-06-17T07:49:57.239">
  <mem-info id="84" free="104631296" total="2092630016" percent="4">
    <mem type="tenure" free="104631296" total="2092630016" percent="4">
      <mem type="soa" free="0" total="1987998720" percent="0" />
      <mem type="loa" free="104631296" total="104631296" percent="100" />
    </mem>
  </mem-info>
</gc-start>
<allocation-stats totalBytes="1983614080" >
  <allocated-bytes non-tlh="0" tlh="1983614080" />
  <largest-consumer threadName="Thread-3" threadId="0000000002784E00" bytes="580756744" />
</allocation-stats>
<gc-op id="85" type="mark" timems="2.787" contextid="82" timestamp="2019-06-17T07:49:57.242">
  <trace-info objectcount="41863" scancount="34161" scanbytes="1644808" />
  <finalization candidates="25" enqueued="0" />
  <references type="soft" candidates="164" cleared="0" enqueued="0" dynamicThreshold="31" maxThreshold="32" />
  <references type="weak" candidates="268" cleared="0" enqueued="0" />
  <references type="phantom" candidates="97" cleared="0" enqueued="0" />
  <stringconstants candidates="3963" cleared="0"  />
</gc-op>
<gc-op id="86" type="sweep" timems="1.403" contextid="82" timestamp="2019-06-17T07:49:57.244" />
<mem-info id="87" free="2089301848" total="2092630016" percent="99">
  <mem type="tenure" free="2089301848" total="2092630016" percent="99" micro-fragmented="6218" macro-fragmented="0">
    <mem type="soa" free="1984670552" total="1987998720" percent="99" />
    <mem type="loa" free="104631296" total="104631296" percent="100" />
  </mem>
</mem-info>
<gc-op id="88" type="compact" timems="7.183" contextid="82" timestamp="2019-06-17T07:49:57.251">
  <compact-info movecount="5102" movebytes="955032" reason="compact to aid heap contraction" />
</gc-op>
<gc-end id="89" type="global" contextid="82" durationms="12.071" usertimems="28.000" systemtimems="0.000" timestamp="2019-06-17T07:49:57.251" activeThreads="4">
  <mem-info id="90" free="2089254264" total="2092630016" percent="99">
    <mem type="tenure" free="2089254264" total="2092630016" percent="99">
      <mem type="soa" free="1984622968" total="1987998720" percent="99" />
      <mem type="loa" free="104631296" total="104631296" percent="100" />
    </mem>
  </mem-info>
</gc-end>
<cycle-end id="91" type="global" contextid="82" timestamp="2019-06-17T07:49:57.252" />
  <attribute name="elasticGC enabled" value="1" />
  <attribute name= "numThreadsSpecified" value="4" />
  <attribute name="heapSize specified" value="2092630016" />
  <attribute name="Current GC Util" value="139" />
  <attribute name= "Current Time Running" value="59909" />
  <attribute name ="GC Interval" value="0" />
  <attribute name="ProportionalT" value="178.500000" />
  <attribute name="ProportionalI" value="178.500000" />
  <attribute name="ProportionalH" value="178.500000" />
  <attribute name="Current Error" value="119.000000" />
  <attribute name="IntegralT" value="833.000000" />
  <attribute name="IntegralI" value="833.000000" />
  <attribute name="IntegralH" value="833.000000" />
  <attribute name="DerivativeT" value="-3.428571" />
  <attribute name="DerivativeI" value="-3.428571" />
  <attribute name="DerivativeH" value="-3.428571" />
  <attribute name="Loop Time for DT" value="7.000000" />
  <attribute name="Output H" value="8388608"/>
  <attribute name="Output I" value="1008"/>
  <attribute name="Output T" value="4"/>
  <attribute name="Target GC Util Change" value ="20.000000" />
  <attribute name="Current GC Util Change" value="139.000000"/>
  <attribute name="GC Util currently" value="139" />
  <attribute name="CPU Util currently" value="634897512401" />
<allocation-satisfied id="92" threadId="000000000278C500" bytesRequested="32776" />
<af-end id="93" timestamp="2019-06-17T07:49:57.252" threadId="000000000278CE88" success="true" />
<exclusive-end id="94" timestamp="2019-06-17T07:49:57.252" durationms="13.225" />

</verbosegc>

