<?xml version="1.0" ?>

<verbosegc xmlns="http://www.ibm.com/j9/verbosegc" version="10b4217_CMPRSS">

<initialized id="1" timestamp="2019-06-17T07:56:03.215">
  <attribute name="gcPolicy" value="-Xgcpolicy:optthruput" />
  <attribute name="elasticGC enabled" value="1" />
  <attribute name= "numThreadsSpecified" value="0" />
  <attribute name="heapSize specified" value="0" />
  <attribute name="Current GC Util" value="0" />
  <attribute name= "Current Time Running" value="0" />
  <attribute name ="GC Interval" value="0" />
  <attribute name="ProportionalT" value="0.000000" />
  <attribute name="ProportionalI" value="0.000000" />
  <attribute name="ProportionalH" value="0.000000" />
  <attribute name="IntegralT" value="0.000000" />
  <attribute name="IntegralI" value="0.000000" />
  <attribute name="IntegralH" value="0.000000" />
  <attribute name="DerivativeT" value="0.000000" />
  <attribute name="DerivativeI" value="0.000000" />
  <attribute name="DerivativeH" value="0.000000" />
  <attribute name="Target GC Util Change" value ="0.000000" />
  <attribute name="Current GC Util Change" value="0.000000"/>
  <attribute name="Current Error" value="0.000000" />
  <attribute name="Loop Time for DT" value="0.000000" />
  <attribute name="Output H" value="0"/>
  <attribute name="Output I" value="0"/>
  <attribute name="Output T" value="0"/>
  <attribute name="GC Util currently" value="0" />
  <attribute name="CPU Util currently" value="0" />
  <attribute name="maxHeapSize" value="0x7cbc0000" />
  <attribute name="initialHeapSize" value="0x800000" />
  <attribute name="compressedRefs" value="true" />
  <attribute name="compressedRefsDisplacement" value="0x0" />
  <attribute name="compressedRefsShift" value="0x0" />
  <attribute name="pageSize" value="0x1000" />
  <attribute name="pageType" value="not used" />
  <attribute name="requestedPageSize" value="0x1000" />
  <attribute name="requestedPageType" value="not used" />
  <attribute name="gcthreads" value="4" />
  <attribute name="packetListSplit" value="4" />
  <attribute name="cacheListSplit" value="4" />
  <attribute name="splitFreeListSplitAmount" value="1" />
  <attribute name="numaNodes" value="0" />
  <system>
    <attribute name="physicalMemory" value="8370958336" />
    <attribute name="numCPUs" value="4" />
    <attribute name="architecture" value="amd64" />
    <attribute name="os" value="Linux" />
    <attribute name="osVersion" value="4.4.0-150-generic" />
  </system>
  <vmargs>
    <vmarg name="-Xoptionsfile=/vagrant/jdk/lib/options.default" />
    <vmarg name="-Xlockword:mode=default,noLockword=java/lang/String,noLockword=java/util/MapEntry,noLockword=java/util/HashMap$Entry,noLockword..." />
    <vmarg name="-Xjcl:jclse29" />
    <vmarg name="-Dcom.ibm.oti.vm.bootstrap.library.path=/vagrant/jdk/lib/compressedrefs:/vagrant/jdk/lib" />
    <vmarg name="-Dsun.boot.library.path=/vagrant/jdk/lib/compressedrefs:/vagrant/jdk/lib" />
    <vmarg name="-Djava.library.path=/vagrant/jdk/lib/compressedrefs:/vagrant/jdk/lib:/usr/lib64:/usr/lib" />
    <vmarg name="-Djava.home=/vagrant/jdk" />
    <vmarg name="-Duser.dir=/vagrant" />
    <vmarg name="-Xgcpolicy:optthruput" />
    <vmarg name="-Xgcelastic" />
    <vmarg name="-Xcheck:gc:::elasticGC" />
    <vmarg name="-verbose:gc" />
    <vmarg name="-Xloggc:jdk1.5-1-1.5-large-OTT-4CORE-elasticverbose15xalan.txt" />
    <vmarg name="-Djava.class.path=dacapo-9.12-MR1-bach.jar" />
    <vmarg name="-Dsun.java.command=dacapo-9.12-MR1-bach.jar xalan --size=large" />
    <vmarg name="-Dsun.java.launcher=SUN_STANDARD" />
    <vmarg name="-Dsun.java.launcher.pid=15348" />
  </vmargs>
</initialized>

<exclusive-start id="2" timestamp="2019-06-17T07:56:04.489" intervalms="1273.385">
  <response-info timems="0.055" idlems="0.055" threads="0" lastid="00000000006CA700" lastname="main" />
</exclusive-start>
<af-start id="3" threadId="00000000006CB088" totalBytesRequested="88" timestamp="2019-06-17T07:56:04.489" intervalms="1273.585" />
<cycle-start id="4" type="global" contextid="0" timestamp="2019-06-17T07:56:04.489" intervalms="1273.756" />
<gc-start id="5" type="global" contextid="4" timestamp="2019-06-17T07:56:04.489">
  <mem-info id="6" free="418816" total="8388608" percent="4">
    <mem type="tenure" free="418816" total="8388608" percent="4">
      <mem type="soa" free="0" total="7969792" percent="0" />
      <mem type="loa" free="418816" total="418816" percent="100" />
    </mem>
  </mem-info>
</gc-start>
<allocation-stats totalBytes="7881248" >
  <allocated-bytes non-tlh="758040" tlh="7123208" />
  <largest-consumer threadName="main" threadId="00000000006CA700" bytes="7811696" />
</allocation-stats>
<gc-op id="7" type="mark" timems="2.696" contextid="4" timestamp="2019-06-17T07:56:04.492">
  <trace-info objectcount="21466" scancount="17491" scanbytes="560488" />
  <finalization candidates="15" enqueued="1" />
  <references type="soft" candidates="74" cleared="0" enqueued="0" dynamicThreshold="32" maxThreshold="32" />
  <references type="weak" candidates="575" cleared="432" enqueued="393" />
  <references type="phantom" candidates="127" cleared="44" enqueued="44" />
  <stringconstants candidates="2930" cleared="0"  />
</gc-op>
<gc-op id="8" type="classunload" timems="0.041" contextid="4" timestamp="2019-06-17T07:56:04.492">
  <classunload-info classloadercandidates="6" classloadersunloaded="0" classesunloaded="0" anonymousclassesunloaded="0" quiescems="0.000" setupms="0.040" scanms="0.001" postms="0.000" />
</gc-op>
<gc-op id="9" type="sweep" timems="0.516" contextid="4" timestamp="2019-06-17T07:56:04.493" />
<mem-info id="10" free="6518872" total="8388608" percent="77">
  <mem type="tenure" free="6518872" total="8388608" percent="77" micro-fragmented="274275" macro-fragmented="0">
    <mem type="soa" free="6100056" total="7969792" percent="76" />
    <mem type="loa" free="418816" total="418816" percent="100" />
  </mem>
  <pending-finalizers system="1" default="0" reference="437" classloader="0" />
</mem-info>
<gc-op id="11" type="compact" timems="4.559" contextid="4" timestamp="2019-06-17T07:56:04.497">
  <compact-info movecount="21465" movebytes="1537096" reason="compact to aid heap contraction" />
</gc-op>
<heap-resize id="12" type="expand" space="tenure" amount="2084241408" count="1" timems="0.049" reason="satisfy allocation request" timestamp="2019-06-17T07:56:04.498" />
<gc-end id="13" type="global" contextid="4" durationms="8.609" usertimems="8.000" systemtimems="4.000" timestamp="2019-06-17T07:56:04.498" activeThreads="4">
  <mem-info id="14" free="2091092744" total="2092630016" percent="99">
    <mem type="tenure" free="2091092744" total="2092630016" percent="99">
      <mem type="soa" free="1986461448" total="1987998720" percent="99" />
      <mem type="loa" free="104631296" total="104631296" percent="100" />
    </mem>
    <pending-finalizers system="1" default="0" reference="437" classloader="0" />
  </mem-info>
</gc-end>
<cycle-end id="15" type="global" contextid="4" timestamp="2019-06-17T07:56:04.498" />
  <attribute name="elasticGC enabled" value="1" />
  <attribute name= "numThreadsSpecified" value="4" />
  <attribute name="heapSize specified" value="8388608" />
  <attribute name="Current GC Util" value="32" />
  <attribute name= "Current Time Running" value="1168" />
  <attribute name ="GC Interval" value="0" />
  <attribute name="ProportionalT" value="18.000000" />
  <attribute name="ProportionalI" value="18.000000" />
  <attribute name="ProportionalH" value="18.000000" />
  <attribute name="Current Error" value="12.000000" />
  <attribute name="IntegralT" value="-22968.000000" />
  <attribute name="IntegralI" value="-22968.000000" />
  <attribute name="IntegralH" value="-22968.000000" />
  <attribute name="DerivativeT" value="4.500000" />
  <attribute name="DerivativeI" value="4.500000" />
  <attribute name="DerivativeH" value="4.500000" />
  <attribute name="Loop Time for DT" value="4.000000" />
  <attribute name="Output H" value="2092630016"/>
  <attribute name="Output I" value="200"/>
  <attribute name="Output T" value="4"/>
  <attribute name="Target GC Util Change" value ="20.000000" />
  <attribute name="Current GC Util Change" value="32.000000"/>
  <attribute name="GC Util currently" value="32" />
  <attribute name="CPU Util currently" value="1002574439117" />
<allocation-satisfied id="16" threadId="00000000006CA700" bytesRequested="88" />
<af-end id="17" timestamp="2019-06-17T07:56:04.498" threadId="00000000006CB088" success="true" />
<exclusive-end id="18" timestamp="2019-06-17T07:56:04.498" durationms="9.428" />

<exclusive-start id="19" timestamp="2019-06-17T07:56:04.721" intervalms="232.776">
  <response-info timems="0.166" idlems="0.090" threads="1" lastid="00000000009F7E00" lastname="Thread-3" />
</exclusive-start>
<sys-start reason="explicit" id="20" timestamp="2019-06-17T07:56:04.722" intervalms="1506.459" />
<cycle-start id="21" type="global" contextid="0" timestamp="2019-06-17T07:56:04.793" intervalms="303.910" />
<gc-start id="22" type="global" contextid="21" timestamp="2019-06-17T07:56:04.793">
  <mem-info id="23" free="2084963056" total="2092630016" percent="99">
    <mem type="tenure" free="2084963056" total="2092630016" percent="99">
      <mem type="soa" free="1980331760" total="1987998720" percent="99" />
      <mem type="loa" free="104631296" total="104631296" percent="100" />
    </mem>
  </mem-info>
</gc-start>
<allocation-stats totalBytes="6096168" >
  <allocated-bytes non-tlh="137328" tlh="5958840" />
  <largest-consumer threadName="main" threadId="00000000006CA700" bytes="6071856" />
</allocation-stats>
<gc-op id="24" type="mark" timems="15.797" contextid="21" timestamp="2019-06-17T07:56:04.809">
  <trace-info objectcount="29511" scancount="23879" scanbytes="871000" />
  <finalization candidates="15" enqueued="0" />
  <references type="soft" candidates="133" cleared="0" enqueued="0" dynamicThreshold="31" maxThreshold="32" />
  <references type="weak" candidates="178" cleared="33" enqueued="33" />
  <references type="phantom" candidates="85" cleared="2" enqueued="2" />
  <stringconstants candidates="3535" cleared="22"  />
</gc-op>
<gc-op id="25" type="classunload" timems="0.005" contextid="21" timestamp="2019-06-17T07:56:04.810">
  <classunload-info classloadercandidates="19" classloadersunloaded="0" classesunloaded="0" anonymousclassesunloaded="0" quiescems="0.000" setupms="0.004" scanms="0.000" postms="0.001" />
</gc-op>
<gc-op id="26" type="sweep" timems="3.569" contextid="21" timestamp="2019-06-17T07:56:04.813" />
<mem-info id="27" free="2090302304" total="2092630016" percent="99">
  <mem type="tenure" free="2090302304" total="2092630016" percent="99" micro-fragmented="237190" macro-fragmented="0">
    <mem type="soa" free="1985671008" total="1987998720" percent="99" />
    <mem type="loa" free="104631296" total="104631296" percent="100" />
  </mem>
  <pending-finalizers system="0" default="0" reference="35" classloader="0" />
</mem-info>
<gc-op id="28" type="compact" timems="31.981" contextid="21" timestamp="2019-06-17T07:56:04.846">
  <compact-info movecount="28761" movebytes="1933992" reason="compact to aid heap contraction" />
</gc-op>
<gc-end id="29" type="global" contextid="21" durationms="53.133" usertimems="60.000" systemtimems="24.000" timestamp="2019-06-17T07:56:04.846" activeThreads="4">
  <mem-info id="30" free="2090674936" total="2092630016" percent="99">
    <mem type="tenure" free="2090674936" total="2092630016" percent="99">
      <mem type="soa" free="1986043640" total="1987998720" percent="99" />
      <mem type="loa" free="104631296" total="104631296" percent="100" />
    </mem>
    <pending-finalizers system="0" default="0" reference="35" classloader="0" />
  </mem-info>
</gc-end>
<cycle-end id="31" type="global" contextid="21" timestamp="2019-06-17T07:56:04.846" />
  <attribute name="elasticGC enabled" value="1" />
  <attribute name= "numThreadsSpecified" value="4" />
  <attribute name="heapSize specified" value="2092630016" />
  <attribute name="Current GC Util" value="129" />
  <attribute name= "Current Time Running" value="1517" />
  <attribute name ="GC Interval" value="0" />
  <attribute name="ProportionalT" value="163.500000" />
  <attribute name="ProportionalI" value="163.500000" />
  <attribute name="ProportionalH" value="163.500000" />
  <attribute name="Current Error" value="109.000000" />
  <attribute name="IntegralT" value="3488.000000" />
  <attribute name="IntegralI" value="3488.000000" />
  <attribute name="IntegralH" value="3488.000000" />
  <attribute name="DerivativeT" value="2.296875" />
  <attribute name="DerivativeI" value="2.296875" />
  <attribute name="DerivativeH" value="2.296875" />
  <attribute name="Loop Time for DT" value="32.000000" />
  <attribute name="Output H" value="8388608"/>
  <attribute name="Output I" value="3656"/>
  <attribute name="Output T" value="4"/>
  <attribute name="Target GC Util Change" value ="20.000000" />
  <attribute name="Current GC Util Change" value="129.000000"/>
  <attribute name="GC Util currently" value="129" />
  <attribute name="CPU Util currently" value="143314040175" />
<sys-end id="32" timestamp="2019-06-17T07:56:04.847" />
<exclusive-end id="33" timestamp="2019-06-17T07:56:04.847" durationms="125.431" />

<exclusive-start id="34" timestamp="2019-06-17T07:56:20.445" intervalms="15723.862">
  <response-info timems="0.027" idlems="0.027" threads="0" lastid="00000000009FB900" lastname="Thread-4" />
</exclusive-start>
<af-start id="35" threadId="00000000009FC288" totalBytesRequested="8200" timestamp="2019-06-17T07:56:20.445" intervalms="15956.534" />
<cycle-start id="36" type="global" contextid="0" timestamp="2019-06-17T07:56:20.445" intervalms="15652.531" />
<gc-start id="37" type="global" contextid="36" timestamp="2019-06-17T07:56:20.445">
  <mem-info id="38" free="104631296" total="2092630016" percent="4">
    <mem type="tenure" free="104631296" total="2092630016" percent="4">
      <mem type="soa" free="0" total="1987998720" percent="0" />
      <mem type="loa" free="104631296" total="104631296" percent="100" />
    </mem>
  </mem-info>
</gc-start>
<allocation-stats totalBytes="1985300408" >
  <allocated-bytes non-tlh="317352" tlh="1984983056" />
  <largest-consumer threadName="Thread-4" threadId="00000000009FB900" bytes="509925128" />
</allocation-stats>
<gc-op id="39" type="mark" timems="3.655" contextid="36" timestamp="2019-06-17T07:56:20.449">
  <trace-info objectcount="52867" scancount="45094" scanbytes="1936032" />
  <finalization candidates="26" enqueued="1" />
  <references type="soft" candidates="164" cleared="0" enqueued="0" dynamicThreshold="31" maxThreshold="32" />
  <references type="weak" candidates="304" cleared="36" enqueued="33" />
  <references type="phantom" candidates="98" cleared="2" enqueued="2" />
  <stringconstants candidates="3963" cleared="0"  />
</gc-op>
<gc-op id="40" type="sweep" timems="1.363" contextid="36" timestamp="2019-06-17T07:56:20.451" />
<mem-info id="41" free="2088670472" total="2092630016" percent="99">
  <mem type="tenure" free="2088670472" total="2092630016" percent="99" micro-fragmented="223380" macro-fragmented="0">
    <mem type="soa" free="1984039176" total="1987998720" percent="99" />
    <mem type="loa" free="104631296" total="104631296" percent="100" />
  </mem>
  <pending-finalizers system="1" default="0" reference="35" classloader="0" />
</mem-info>
<gc-op id="42" type="compact" timems="13.803" contextid="36" timestamp="2019-06-17T07:56:20.465">
  <compact-info movecount="52097" movebytes="3671440" reason="compact to aid heap contraction" />
</gc-op>
<gc-end id="43" type="global" contextid="36" durationms="19.571" usertimems="28.000" systemtimems="12.000" timestamp="2019-06-17T07:56:20.465" activeThreads="4">
  <mem-info id="44" free="2088869984" total="2092630016" percent="99">
    <mem type="tenure" free="2088869984" total="2092630016" percent="99">
      <mem type="soa" free="1984238688" total="1987998720" percent="99" />
      <mem type="loa" free="104631296" total="104631296" percent="100" />
    </mem>
    <pending-finalizers system="1" default="0" reference="35" classloader="0" />
  </mem-info>
</gc-end>
<cycle-end id="45" type="global" contextid="36" timestamp="2019-06-17T07:56:20.466" />
  <attribute name="elasticGC enabled" value="1" />
  <attribute name= "numThreadsSpecified" value="4" />
  <attribute name="heapSize specified" value="2092630016" />
  <attribute name="Current GC Util" value="97" />
  <attribute name= "Current Time Running" value="17136" />
  <attribute name ="GC Interval" value="0" />
  <attribute name="ProportionalT" value="115.500000" />
  <attribute name="ProportionalI" value="115.500000" />
  <attribute name="ProportionalH" value="115.500000" />
  <attribute name="Current Error" value="77.000000" />
  <attribute name="IntegralT" value="1078.000000" />
  <attribute name="IntegralI" value="1078.000000" />
  <attribute name="IntegralH" value="1078.000000" />
  <attribute name="DerivativeT" value="-5.464286" />
  <attribute name="DerivativeI" value="-5.464286" />
  <attribute name="DerivativeH" value="-5.464286" />
  <attribute name="Loop Time for DT" value="14.000000" />
  <attribute name="Output H" value="8388608"/>
  <attribute name="Output I" value="1192"/>
  <attribute name="Output T" value="4"/>
  <attribute name="Target GC Util Change" value ="20.000000" />
  <attribute name="Current GC Util Change" value="97.000000"/>
  <attribute name="GC Util currently" value="97" />
  <attribute name="CPU Util currently" value="331447457872" />
<allocation-satisfied id="46" threadId="00000000009FB900" bytesRequested="8200" />
<af-end id="47" timestamp="2019-06-17T07:56:20.466" threadId="00000000009FC288" success="true" />
<exclusive-end id="48" timestamp="2019-06-17T07:56:20.466" durationms="21.222" />

<exclusive-start id="49" timestamp="2019-06-17T07:56:35.505" intervalms="15059.289">
  <response-info timems="0.031" idlems="0.031" threads="0" lastid="00000000009FF500" lastname="Thread-5" />
</exclusive-start>
<af-start id="50" threadId="00000000009FFE88" totalBytesRequested="48" timestamp="2019-06-17T07:56:35.505" intervalms="15059.280" />
<cycle-start id="51" type="global" contextid="0" timestamp="2019-06-17T07:56:35.505" intervalms="15059.290" />
<gc-start id="52" type="global" contextid="51" timestamp="2019-06-17T07:56:35.505">
  <mem-info id="53" free="104631296" total="2092630016" percent="4">
    <mem type="tenure" free="104631296" total="2092630016" percent="4">
      <mem type="soa" free="0" total="1987998720" percent="0" />
      <mem type="loa" free="104631296" total="104631296" percent="100" />
    </mem>
  </mem-info>
</gc-start>
<allocation-stats totalBytes="1983503080" >
  <allocated-bytes non-tlh="16392" tlh="1983486688" />
  <largest-consumer threadName="Thread-4" threadId="00000000009FB900" bytes="553257208" />
</allocation-stats>
<gc-op id="54" type="mark" timems="3.602" contextid="51" timestamp="2019-06-17T07:56:35.508">
  <trace-info objectcount="49552" scancount="41768" scanbytes="1866344" />
  <finalization candidates="25" enqueued="0" />
  <references type="soft" candidates="164" cleared="0" enqueued="0" dynamicThreshold="31" maxThreshold="32" />
  <references type="weak" candidates="264" cleared="0" enqueued="0" />
  <references type="phantom" candidates="95" cleared="0" enqueued="0" />
  <stringconstants candidates="3963" cleared="0"  />
</gc-op>
<gc-op id="55" type="classunload" timems="0.222" contextid="51" timestamp="2019-06-17T07:56:35.509">
  <classunload-info classloadercandidates="20" classloadersunloaded="0" classesunloaded="2" anonymousclassesunloaded="2" quiescems="0.000" setupms="0.219" scanms="0.003" postms="0.000" />
</gc-op>
<gc-op id="56" type="sweep" timems="1.430" contextid="51" timestamp="2019-06-17T07:56:35.510" />
<mem-info id="57" free="2089000168" total="2092630016" percent="99">
  <mem type="tenure" free="2089000168" total="2092630016" percent="99" micro-fragmented="31484" macro-fragmented="0">
    <mem type="soa" free="1984368872" total="1987998720" percent="99" />
    <mem type="loa" free="104631296" total="104631296" percent="100" />
  </mem>
</mem-info>
<gc-op id="58" type="compact" timems="9.047" contextid="51" timestamp="2019-06-17T07:56:35.520">
  <compact-info movecount="24966" movebytes="2507272" reason="compact to aid heap contraction" />
</gc-op>
<gc-end id="59" type="global" contextid="51" durationms="15.217" usertimems="36.000" systemtimems="0.000" timestamp="2019-06-17T07:56:35.520" activeThreads="4">
  <mem-info id="60" free="2088966256" total="2092630016" percent="99">
    <mem type="tenure" free="2088966256" total="2092630016" percent="99">
      <mem type="soa" free="1984334960" total="1987998720" percent="99" />
      <mem type="loa" free="104631296" total="104631296" percent="100" />
    </mem>
  </mem-info>
</gc-end>
<cycle-end id="61" type="global" contextid="51" timestamp="2019-06-17T07:56:35.522" />
  <attribute name="elasticGC enabled" value="1" />
  <attribute name= "numThreadsSpecified" value="4" />
  <attribute name="heapSize specified" value="2092630016" />
  <attribute name="Current GC Util" value="164" />
  <attribute name= "Current Time Running" value="32191" />
  <attribute name ="GC Interval" value="0" />
  <attribute name="ProportionalT" value="216.000000" />
  <attribute name="ProportionalI" value="216.000000" />
  <attribute name="ProportionalH" value="216.000000" />
  <attribute name="Current Error" value="144.000000" />
  <attribute name="IntegralT" value="1296.000000" />
  <attribute name="IntegralI" value="1296.000000" />
  <attribute name="IntegralH" value="1296.000000" />
  <attribute name="DerivativeT" value="-7.833333" />
  <attribute name="DerivativeI" value="-7.833333" />
  <attribute name="DerivativeH" value="-7.833333" />
  <attribute name="Loop Time for DT" value="9.000000" />
  <attribute name="Output H" value="8388608"/>
  <attribute name="Output I" value="1504"/>
  <attribute name="Output T" value="4"/>
  <attribute name="Target GC Util Change" value ="20.000000" />
  <attribute name="Current GC Util Change" value="164.000000"/>
  <attribute name="GC Util currently" value="164" />
  <attribute name="CPU Util currently" value="500724157557" />
<allocation-satisfied id="62" threadId="00000000009FF500" bytesRequested="48" />
<af-end id="63" timestamp="2019-06-17T07:56:35.522" threadId="00000000009FFE88" success="true" />
<exclusive-end id="64" timestamp="2019-06-17T07:56:35.523" durationms="18.021" />

<exclusive-start id="65" timestamp="2019-06-17T07:56:48.325" intervalms="12820.568">
  <response-info timems="0.043" idlems="0.043" threads="0" lastid="00000000009FB900" lastname="Thread-4" />
</exclusive-start>
<af-start id="66" threadId="00000000009FC288" totalBytesRequested="2056" timestamp="2019-06-17T07:56:48.325" intervalms="12820.552" />
<cycle-start id="67" type="global" contextid="0" timestamp="2019-06-17T07:56:48.325" intervalms="12820.544" />
<gc-start id="68" type="global" contextid="67" timestamp="2019-06-17T07:56:48.325">
  <mem-info id="69" free="104631296" total="2092630016" percent="4">
    <mem type="tenure" free="104631296" total="2092630016" percent="4">
      <mem type="soa" free="0" total="1987998720" percent="0" />
      <mem type="loa" free="104631296" total="104631296" percent="100" />
    </mem>
  </mem-info>
</gc-start>
<allocation-stats totalBytes="1983698624" >
  <allocated-bytes non-tlh="8200" tlh="1983690424" />
  <largest-consumer threadName="Thread-6" threadId="0000000000A03100" bytes="575238616" />
</allocation-stats>
<gc-op id="70" type="mark" timems="3.420" contextid="67" timestamp="2019-06-17T07:56:48.329">
  <trace-info objectcount="45752" scancount="38014" scanbytes="1775364" />
  <finalization candidates="25" enqueued="0" />
  <references type="soft" candidates="164" cleared="0" enqueued="0" dynamicThreshold="31" maxThreshold="32" />
  <references type="weak" candidates="264" cleared="0" enqueued="0" />
  <references type="phantom" candidates="96" cleared="0" enqueued="0" />
  <stringconstants candidates="3963" cleared="0"  />
</gc-op>
<gc-op id="71" type="sweep" timems="1.765" contextid="67" timestamp="2019-06-17T07:56:48.331" />
<mem-info id="72" free="2089123928" total="2092630016" percent="99">
  <mem type="tenure" free="2089123928" total="2092630016" percent="99" micro-fragmented="0" macro-fragmented="0">
    <mem type="soa" free="1984492632" total="1987998720" percent="99" />
    <mem type="loa" free="104631296" total="104631296" percent="100" />
  </mem>
</mem-info>
<gc-op id="73" type="compact" timems="8.509" contextid="67" timestamp="2019-06-17T07:56:48.339">
  <compact-info movecount="9212" movebytes="1193440" reason="compact to aid heap contraction" />
</gc-op>
<gc-end id="74" type="global" contextid="67" durationms="14.471" usertimems="20.000" systemtimems="12.000" timestamp="2019-06-17T07:56:48.340" activeThreads="4">
  <mem-info id="75" free="2089074600" total="2092630016" percent="99">
    <mem type="tenure" free="2089074600" total="2092630016" percent="99">
      <mem type="soa" free="1984443304" total="1987998720" percent="99" />
      <mem type="loa" free="104631296" total="104631296" percent="100" />
    </mem>
  </mem-info>
</gc-end>
<cycle-end id="76" type="global" contextid="67" timestamp="2019-06-17T07:56:48.340" />
  <attribute name="elasticGC enabled" value="1" />
  <attribute name= "numThreadsSpecified" value="4" />
  <attribute name="heapSize specified" value="2092630016" />
  <attribute name="Current GC Util" value="186" />
  <attribute name= "Current Time Running" value="45011" />
  <attribute name ="GC Interval" value="0" />
  <attribute name="ProportionalT" value="249.000000" />
  <attribute name="ProportionalI" value="249.000000" />
  <attribute name="ProportionalH" value="249.000000" />
  <attribute name="Current Error" value="166.000000" />
  <attribute name="IntegralT" value="1494.000000" />
  <attribute name="IntegralI" value="1494.000000" />
  <attribute name="IntegralH" value="1494.000000" />
  <attribute name="DerivativeT" value="-8.333333" />
  <attribute name="DerivativeI" value="-8.333333" />
  <attribute name="DerivativeH" value="-8.333333" />
  <attribute name="Loop Time for DT" value="9.000000" />
  <attribute name="Output H" value="8388608"/>
  <attribute name="Output I" value="1736"/>
  <attribute name="Output T" value="4"/>
  <attribute name="Target GC Util Change" value ="20.000000" />
  <attribute name="Current GC Util Change" value="186.000000"/>
  <attribute name="GC Util currently" value="186" />
  <attribute name="CPU Util currently" value="534506718128" />
<allocation-satisfied id="77" threadId="00000000009FB900" bytesRequested="2056" />
<af-end id="78" timestamp="2019-06-17T07:56:48.340" threadId="00000000009FC288" success="true" />
<exclusive-end id="79" timestamp="2019-06-17T07:56:48.340" durationms="15.316" />

<exclusive-start id="80" timestamp="2019-06-17T07:57:02.868" intervalms="14543.171">
  <response-info timems="0.033" idlems="0.033" threads="0" lastid="00000000009F7E00" lastname="Thread-3" />
</exclusive-start>
<af-start id="81" threadId="00000000009F8788" totalBytesRequested="40" timestamp="2019-06-17T07:57:02.868" intervalms="14543.192" />
<cycle-start id="82" type="global" contextid="0" timestamp="2019-06-17T07:57:02.868" intervalms="14543.189" />
<gc-start id="83" type="global" contextid="82" timestamp="2019-06-17T07:57:02.868">
  <mem-info id="84" free="104631296" total="2092630016" percent="4">
    <mem type="tenure" free="104631296" total="2092630016" percent="4">
      <mem type="soa" free="0" total="1987998720" percent="0" />
      <mem type="loa" free="104631296" total="104631296" percent="100" />
    </mem>
  </mem-info>
</gc-start>
<allocation-stats totalBytes="1983927784" >
  <allocated-bytes non-tlh="0" tlh="1983927784" />
  <largest-consumer threadName="Thread-6" threadId="0000000000A03100" bytes="579530976" />
</allocation-stats>
<gc-op id="85" type="mark" timems="2.479" contextid="82" timestamp="2019-06-17T07:57:02.871">
  <trace-info objectcount="42417" scancount="34633" scanbytes="1695468" />
  <finalization candidates="25" enqueued="0" />
  <references type="soft" candidates="164" cleared="0" enqueued="0" dynamicThreshold="31" maxThreshold="32" />
  <references type="weak" candidates="264" cleared="0" enqueued="0" />
  <references type="phantom" candidates="95" cleared="0" enqueued="0" />
  <stringconstants candidates="3963" cleared="0"  />
</gc-op>
<gc-op id="86" type="sweep" timems="1.413" contextid="82" timestamp="2019-06-17T07:57:02.873" />
<mem-info id="87" free="2089177272" total="2092630016" percent="99">
  <mem type="tenure" free="2089177272" total="2092630016" percent="99" micro-fragmented="3104" macro-fragmented="0">
    <mem type="soa" free="1984545976" total="1987998720" percent="99" />
    <mem type="loa" free="104631296" total="104631296" percent="100" />
  </mem>
</mem-info>
<gc-op id="88" type="compact" timems="4.626" contextid="82" timestamp="2019-06-17T07:57:02.877">
  <compact-info movecount="5862" movebytes="1130672" reason="compact to aid heap contraction" />
</gc-op>
<gc-end id="89" type="global" contextid="82" durationms="9.238" usertimems="28.000" systemtimems="0.000" timestamp="2019-06-17T07:57:02.878" activeThreads="4">
  <mem-info id="90" free="2089135928" total="2092630016" percent="99">
    <mem type="tenure" free="2089135928" total="2092630016" percent="99">
      <mem type="soa" free="1984504632" total="1987998720" percent="99" />
      <mem type="loa" free="104631296" total="104631296" percent="100" />
    </mem>
  </mem-info>
</gc-end>
<cycle-end id="91" type="global" contextid="82" timestamp="2019-06-17T07:57:02.878" />
  <attribute name="elasticGC enabled" value="1" />
  <attribute name= "numThreadsSpecified" value="4" />
  <attribute name="heapSize specified" value="2092630016" />
  <attribute name="Current GC Util" value="212" />
  <attribute name= "Current Time Running" value="59549" />
  <attribute name ="GC Interval" value="0" />
  <attribute name="ProportionalT" value="288.000000" />
  <attribute name="ProportionalI" value="288.000000" />
  <attribute name="ProportionalH" value="288.000000" />
  <attribute name="Current Error" value="192.000000" />
  <attribute name="IntegralT" value="960.000000" />
  <attribute name="IntegralI" value="960.000000" />
  <attribute name="IntegralH" value="960.000000" />
  <attribute name="DerivativeT" value="-2.700000" />
  <attribute name="DerivativeI" value="-2.700000" />
  <attribute name="DerivativeH" value="-2.700000" />
  <attribute name="Loop Time for DT" value="5.000000" />
  <attribute name="Output H" value="8388608"/>
  <attribute name="Output I" value="1248"/>
  <attribute name="Output T" value="4"/>
  <attribute name="Target GC Util Change" value ="20.000000" />
  <attribute name="Current GC Util Change" value="212.000000"/>
  <attribute name="GC Util currently" value="212" />
  <attribute name="CPU Util currently" value="965924143291" />
<allocation-satisfied id="92" threadId="00000000009F7E00" bytesRequested="40" />
<af-end id="93" timestamp="2019-06-17T07:57:02.879" threadId="00000000009F8788" success="true" />
<exclusive-end id="94" timestamp="2019-06-17T07:57:02.879" durationms="10.511" />

</verbosegc>

