<?xml version="1.0" ?>

<verbosegc xmlns="http://www.ibm.com/j9/verbosegc" version="10b4217_CMPRSS">

<initialized id="1" timestamp="2019-06-17T07:52:29.396">
  <attribute name="gcPolicy" value="-Xgcpolicy:optthruput" />
  <attribute name="elasticGC enabled" value="1" />
  <attribute name= "numThreadsSpecified" value="0" />
  <attribute name="heapSize specified" value="0" />
  <attribute name="Current GC Util" value="0" />
  <attribute name= "Current Time Running" value="0" />
  <attribute name ="GC Interval" value="0" />
  <attribute name="ProportionalT" value="0.000000" />
  <attribute name="ProportionalI" value="0.000000" />
  <attribute name="ProportionalH" value="0.000000" />
  <attribute name="IntegralT" value="0.000000" />
  <attribute name="IntegralI" value="0.000000" />
  <attribute name="IntegralH" value="0.000000" />
  <attribute name="DerivativeT" value="0.000000" />
  <attribute name="DerivativeI" value="0.000000" />
  <attribute name="DerivativeH" value="0.000000" />
  <attribute name="Target GC Util Change" value ="0.000000" />
  <attribute name="Current GC Util Change" value="0.000000"/>
  <attribute name="Current Error" value="0.000000" />
  <attribute name="Loop Time for DT" value="0.000000" />
  <attribute name="Output H" value="0"/>
  <attribute name="Output I" value="0"/>
  <attribute name="Output T" value="0"/>
  <attribute name="GC Util currently" value="0" />
  <attribute name="CPU Util currently" value="0" />
  <attribute name="maxHeapSize" value="0x7cbc0000" />
  <attribute name="initialHeapSize" value="0x800000" />
  <attribute name="compressedRefs" value="true" />
  <attribute name="compressedRefsDisplacement" value="0x0" />
  <attribute name="compressedRefsShift" value="0x0" />
  <attribute name="pageSize" value="0x1000" />
  <attribute name="pageType" value="not used" />
  <attribute name="requestedPageSize" value="0x1000" />
  <attribute name="requestedPageType" value="not used" />
  <attribute name="gcthreads" value="4" />
  <attribute name="packetListSplit" value="4" />
  <attribute name="cacheListSplit" value="4" />
  <attribute name="splitFreeListSplitAmount" value="1" />
  <attribute name="numaNodes" value="0" />
  <system>
    <attribute name="physicalMemory" value="8370958336" />
    <attribute name="numCPUs" value="4" />
    <attribute name="architecture" value="amd64" />
    <attribute name="os" value="Linux" />
    <attribute name="osVersion" value="4.4.0-150-generic" />
  </system>
  <vmargs>
    <vmarg name="-Xoptionsfile=/vagrant/jdk/lib/options.default" />
    <vmarg name="-Xlockword:mode=default,noLockword=java/lang/String,noLockword=java/util/MapEntry,noLockword=java/util/HashMap$Entry,noLockword..." />
    <vmarg name="-Xjcl:jclse29" />
    <vmarg name="-Dcom.ibm.oti.vm.bootstrap.library.path=/vagrant/jdk/lib/compressedrefs:/vagrant/jdk/lib" />
    <vmarg name="-Dsun.boot.library.path=/vagrant/jdk/lib/compressedrefs:/vagrant/jdk/lib" />
    <vmarg name="-Djava.library.path=/vagrant/jdk/lib/compressedrefs:/vagrant/jdk/lib:/usr/lib64:/usr/lib" />
    <vmarg name="-Djava.home=/vagrant/jdk" />
    <vmarg name="-Duser.dir=/vagrant" />
    <vmarg name="-Xgcpolicy:optthruput" />
    <vmarg name="-Xgcelastic" />
    <vmarg name="-Xcheck:gc:::elasticGC" />
    <vmarg name="-verbose:gc" />
    <vmarg name="-Xloggc:jdk1.5-1-1.5-large-OTT-4CORE-elasticverbose12xalan.txt" />
    <vmarg name="-Djava.class.path=dacapo-9.12-MR1-bach.jar" />
    <vmarg name="-Dsun.java.command=dacapo-9.12-MR1-bach.jar xalan --size=large" />
    <vmarg name="-Dsun.java.launcher=SUN_STANDARD" />
    <vmarg name="-Dsun.java.launcher.pid=15270" />
  </vmargs>
</initialized>

<exclusive-start id="2" timestamp="2019-06-17T07:52:31.140" intervalms="1744.045">
  <response-info timems="0.057" idlems="0.057" threads="0" lastid="0000000000A6C700" lastname="main" />
</exclusive-start>
<af-start id="3" threadId="0000000000A6D088" totalBytesRequested="88" timestamp="2019-06-17T07:52:31.140" intervalms="1744.286" />
<cycle-start id="4" type="global" contextid="0" timestamp="2019-06-17T07:52:31.140" intervalms="1744.531" />
<gc-start id="5" type="global" contextid="4" timestamp="2019-06-17T07:52:31.140">
  <mem-info id="6" free="418816" total="8388608" percent="4">
    <mem type="tenure" free="418816" total="8388608" percent="4">
      <mem type="soa" free="0" total="7969792" percent="0" />
      <mem type="loa" free="418816" total="418816" percent="100" />
    </mem>
  </mem-info>
</gc-start>
<allocation-stats totalBytes="7886616" >
  <allocated-bytes non-tlh="758040" tlh="7128576" />
  <largest-consumer threadName="main" threadId="0000000000A6C700" bytes="7817064" />
</allocation-stats>
<gc-op id="7" type="mark" timems="1.834" contextid="4" timestamp="2019-06-17T07:52:31.142">
  <trace-info objectcount="21466" scancount="17513" scanbytes="560488" />
  <finalization candidates="15" enqueued="1" />
  <references type="soft" candidates="74" cleared="0" enqueued="0" dynamicThreshold="32" maxThreshold="32" />
  <references type="weak" candidates="575" cleared="432" enqueued="393" />
  <references type="phantom" candidates="127" cleared="44" enqueued="44" />
  <stringconstants candidates="2930" cleared="0"  />
</gc-op>
<gc-op id="8" type="classunload" timems="0.044" contextid="4" timestamp="2019-06-17T07:52:31.143">
  <classunload-info classloadercandidates="6" classloadersunloaded="0" classesunloaded="0" anonymousclassesunloaded="0" quiescems="0.000" setupms="0.044" scanms="0.000" postms="0.000" />
</gc-op>
<gc-op id="9" type="sweep" timems="0.502" contextid="4" timestamp="2019-06-17T07:52:31.143" />
<mem-info id="10" free="6518904" total="8388608" percent="77">
  <mem type="tenure" free="6518904" total="8388608" percent="77" micro-fragmented="334463" macro-fragmented="0">
    <mem type="soa" free="6100088" total="7969792" percent="76" />
    <mem type="loa" free="418816" total="418816" percent="100" />
  </mem>
  <pending-finalizers system="1" default="0" reference="437" classloader="0" />
</mem-info>
<gc-op id="11" type="compact" timems="4.520" contextid="4" timestamp="2019-06-17T07:52:31.148">
  <compact-info movecount="21465" movebytes="1537096" reason="compact to aid heap contraction" />
</gc-op>
<heap-resize id="12" type="expand" space="tenure" amount="2084241408" count="1" timems="0.121" reason="satisfy allocation request" timestamp="2019-06-17T07:52:31.148" />
<gc-end id="13" type="global" contextid="4" durationms="8.201" usertimems="12.000" systemtimems="0.000" timestamp="2019-06-17T07:52:31.149" activeThreads="4">
  <mem-info id="14" free="2091092744" total="2092630016" percent="99">
    <mem type="tenure" free="2091092744" total="2092630016" percent="99">
      <mem type="soa" free="1986461448" total="1987998720" percent="99" />
      <mem type="loa" free="104631296" total="104631296" percent="100" />
    </mem>
    <pending-finalizers system="1" default="0" reference="437" classloader="0" />
  </mem-info>
</gc-end>
<cycle-end id="15" type="global" contextid="4" timestamp="2019-06-17T07:52:31.149" />
  <attribute name="elasticGC enabled" value="1" />
  <attribute name= "numThreadsSpecified" value="4" />
  <attribute name="heapSize specified" value="8388608" />
  <attribute name="Current GC Util" value="31" />
  <attribute name= "Current Time Running" value="1625" />
  <attribute name ="GC Interval" value="0" />
  <attribute name="ProportionalT" value="16.500000" />
  <attribute name="ProportionalI" value="16.500000" />
  <attribute name="ProportionalH" value="16.500000" />
  <attribute name="Current Error" value="11.000000" />
  <attribute name="IntegralT" value="-32201.000000" />
  <attribute name="IntegralI" value="-32201.000000" />
  <attribute name="IntegralH" value="-32201.000000" />
  <attribute name="DerivativeT" value="4.125000" />
  <attribute name="DerivativeI" value="4.125000" />
  <attribute name="DerivativeH" value="4.125000" />
  <attribute name="Loop Time for DT" value="4.000000" />
  <attribute name="Output H" value="2092630016"/>
  <attribute name="Output I" value="200"/>
  <attribute name="Output T" value="4"/>
  <attribute name="Target GC Util Change" value ="20.000000" />
  <attribute name="Current GC Util Change" value="31.000000"/>
  <attribute name="GC Util currently" value="31" />
  <attribute name="CPU Util currently" value="37" />
<allocation-satisfied id="16" threadId="0000000000A6C700" bytesRequested="88" />
<af-end id="17" timestamp="2019-06-17T07:52:31.149" threadId="0000000000A6D088" success="true" />
<exclusive-end id="18" timestamp="2019-06-17T07:52:31.149" durationms="9.243" />

<exclusive-start id="19" timestamp="2019-06-17T07:52:31.376" intervalms="236.474">
  <response-info timems="0.148" idlems="0.082" threads="1" lastid="0000000000D99E00" lastname="Thread-3" />
</exclusive-start>
<sys-start reason="explicit" id="20" timestamp="2019-06-17T07:52:31.376" intervalms="1980.644" />
<cycle-start id="21" type="global" contextid="0" timestamp="2019-06-17T07:52:31.376" intervalms="236.210" />
<gc-start id="22" type="global" contextid="21" timestamp="2019-06-17T07:52:31.376">
  <mem-info id="23" free="2084979448" total="2092630016" percent="99">
    <mem type="tenure" free="2084979448" total="2092630016" percent="99">
      <mem type="soa" free="1980348152" total="1987998720" percent="99" />
      <mem type="loa" free="104631296" total="104631296" percent="100" />
    </mem>
  </mem-info>
</gc-start>
<allocation-stats totalBytes="6059448" >
  <allocated-bytes non-tlh="71784" tlh="5987664" />
  <largest-consumer threadName="main" threadId="0000000000A6C700" bytes="6039232" />
</allocation-stats>
<gc-op id="24" type="mark" timems="8.893" contextid="21" timestamp="2019-06-17T07:52:31.386">
  <trace-info objectcount="29503" scancount="23874" scanbytes="870768" />
  <finalization candidates="15" enqueued="0" />
  <references type="soft" candidates="133" cleared="0" enqueued="0" dynamicThreshold="31" maxThreshold="32" />
  <references type="weak" candidates="177" cleared="33" enqueued="33" />
  <references type="phantom" candidates="85" cleared="2" enqueued="2" />
  <stringconstants candidates="3535" cleared="22"  />
</gc-op>
<gc-op id="25" type="classunload" timems="0.002" contextid="21" timestamp="2019-06-17T07:52:31.386">
  <classunload-info classloadercandidates="19" classloadersunloaded="0" classesunloaded="0" anonymousclassesunloaded="0" quiescems="0.000" setupms="0.002" scanms="0.000" postms="0.000" />
</gc-op>
<gc-op id="26" type="sweep" timems="2.065" contextid="21" timestamp="2019-06-17T07:52:31.388" />
<mem-info id="27" free="2090305576" total="2092630016" percent="99">
  <mem type="tenure" free="2090305576" total="2092630016" percent="99" micro-fragmented="210656" macro-fragmented="0">
    <mem type="soa" free="1985674280" total="1987998720" percent="99" />
    <mem type="loa" free="104631296" total="104631296" percent="100" />
  </mem>
  <pending-finalizers system="0" default="0" reference="35" classloader="0" />
</mem-info>
<gc-op id="28" type="compact" timems="13.453" contextid="21" timestamp="2019-06-17T07:52:31.402">
  <compact-info movecount="28751" movebytes="1933688" reason="compact to aid heap contraction" />
</gc-op>
<gc-end id="29" type="global" contextid="21" durationms="25.654" usertimems="40.000" systemtimems="0.000" timestamp="2019-06-17T07:52:31.402" activeThreads="4">
  <mem-info id="30" free="2090675232" total="2092630016" percent="99">
    <mem type="tenure" free="2090675232" total="2092630016" percent="99">
      <mem type="soa" free="1986043936" total="1987998720" percent="99" />
      <mem type="loa" free="104631296" total="104631296" percent="100" />
    </mem>
    <pending-finalizers system="0" default="0" reference="35" classloader="0" />
  </mem-info>
</gc-end>
<cycle-end id="31" type="global" contextid="21" timestamp="2019-06-17T07:52:31.402" />
  <attribute name="elasticGC enabled" value="1" />
  <attribute name= "numThreadsSpecified" value="4" />
  <attribute name="heapSize specified" value="2092630016" />
  <attribute name="Current GC Util" value="96" />
  <attribute name= "Current Time Running" value="1879" />
  <attribute name ="GC Interval" value="0" />
  <attribute name="ProportionalT" value="114.000000" />
  <attribute name="ProportionalI" value="114.000000" />
  <attribute name="ProportionalH" value="114.000000" />
  <attribute name="Current Error" value="76.000000" />
  <attribute name="IntegralT" value="988.000000" />
  <attribute name="IntegralI" value="988.000000" />
  <attribute name="IntegralH" value="988.000000" />
  <attribute name="DerivativeT" value="2.192308" />
  <attribute name="DerivativeI" value="2.192308" />
  <attribute name="DerivativeH" value="2.192308" />
  <attribute name="Loop Time for DT" value="13.000000" />
  <attribute name="Output H" value="8388608"/>
  <attribute name="Output I" value="1104"/>
  <attribute name="Output T" value="4"/>
  <attribute name="Target GC Util Change" value ="20.000000" />
  <attribute name="Current GC Util Change" value="96.000000"/>
  <attribute name="GC Util currently" value="96" />
  <attribute name="CPU Util currently" value="337428136567" />
<sys-end id="32" timestamp="2019-06-17T07:52:31.402" />
<exclusive-end id="33" timestamp="2019-06-17T07:52:31.403" durationms="26.452" />

<exclusive-start id="34" timestamp="2019-06-17T07:52:46.511" intervalms="15135.150">
  <response-info timems="0.045" idlems="0.045" threads="0" lastid="0000000000D99E00" lastname="Thread-3" />
</exclusive-start>
<af-start id="35" threadId="0000000000D9A788" totalBytesRequested="24" timestamp="2019-06-17T07:52:46.512" intervalms="15371.643" />
<cycle-start id="36" type="global" contextid="0" timestamp="2019-06-17T07:52:46.512" intervalms="15135.261" />
<gc-start id="37" type="global" contextid="36" timestamp="2019-06-17T07:52:46.512">
  <mem-info id="38" free="104631296" total="2092630016" percent="4">
    <mem type="tenure" free="104631296" total="2092630016" percent="4">
      <mem type="soa" free="0" total="1987998720" percent="0" />
      <mem type="loa" free="104631296" total="104631296" percent="100" />
    </mem>
  </mem-info>
</gc-start>
<allocation-stats totalBytes="1985223488" >
  <allocated-bytes non-tlh="258224" tlh="1984965264" />
  <largest-consumer threadName="Thread-5" threadId="0000000000DA1500" bytes="535894600" />
</allocation-stats>
<gc-op id="39" type="mark" timems="4.534" contextid="36" timestamp="2019-06-17T07:52:46.516">
  <trace-info objectcount="52412" scancount="44751" scanbytes="1922404" />
  <finalization candidates="27" enqueued="2" />
  <references type="soft" candidates="164" cleared="0" enqueued="0" dynamicThreshold="31" maxThreshold="32" />
  <references type="weak" candidates="296" cleared="30" enqueued="28" />
  <references type="phantom" candidates="99" cleared="2" enqueued="2" />
  <stringconstants candidates="3963" cleared="0"  />
</gc-op>
<gc-op id="40" type="classunload" timems="0.222" contextid="36" timestamp="2019-06-17T07:52:46.517">
  <classunload-info classloadercandidates="20" classloadersunloaded="0" classesunloaded="4" anonymousclassesunloaded="4" quiescems="0.000" setupms="0.217" scanms="0.005" postms="0.000" />
</gc-op>
<gc-op id="41" type="sweep" timems="1.691" contextid="36" timestamp="2019-06-17T07:52:46.518" />
<mem-info id="42" free="2088812512" total="2092630016" percent="99">
  <mem type="tenure" free="2088812512" total="2092630016" percent="99" micro-fragmented="199717" macro-fragmented="0">
    <mem type="soa" free="1984181216" total="1987998720" percent="99" />
    <mem type="loa" free="104631296" total="104631296" percent="100" />
  </mem>
  <pending-finalizers system="2" default="0" reference="30" classloader="0" />
</mem-info>
<gc-op id="43" type="compact" timems="15.411" contextid="36" timestamp="2019-06-17T07:52:46.534">
  <compact-info movecount="51604" movebytes="3532968" reason="compact to aid heap contraction" />
</gc-op>
<gc-end id="44" type="global" contextid="36" durationms="22.742" usertimems="40.000" systemtimems="0.000" timestamp="2019-06-17T07:52:46.534" activeThreads="4">
  <mem-info id="45" free="2089006936" total="2092630016" percent="99">
    <mem type="tenure" free="2089006936" total="2092630016" percent="99">
      <mem type="soa" free="1984375640" total="1987998720" percent="99" />
      <mem type="loa" free="104631296" total="104631296" percent="100" />
    </mem>
    <pending-finalizers system="2" default="0" reference="30" classloader="0" />
  </mem-info>
</gc-end>
<cycle-end id="46" type="global" contextid="36" timestamp="2019-06-17T07:52:46.536" />
  <attribute name="elasticGC enabled" value="1" />
  <attribute name= "numThreadsSpecified" value="4" />
  <attribute name="heapSize specified" value="2092630016" />
  <attribute name="Current GC Util" value="74" />
  <attribute name= "Current Time Running" value="17012" />
  <attribute name ="GC Interval" value="0" />
  <attribute name="ProportionalT" value="81.000000" />
  <attribute name="ProportionalI" value="81.000000" />
  <attribute name="ProportionalH" value="81.000000" />
  <attribute name="Current Error" value="54.000000" />
  <attribute name="IntegralT" value="864.000000" />
  <attribute name="IntegralI" value="864.000000" />
  <attribute name="IntegralH" value="864.000000" />
  <attribute name="DerivativeT" value="0.187500" />
  <attribute name="DerivativeI" value="0.187500" />
  <attribute name="DerivativeH" value="0.187500" />
  <attribute name="Loop Time for DT" value="16.000000" />
  <attribute name="Output H" value="8388608"/>
  <attribute name="Output I" value="952"/>
  <attribute name="Output T" value="4"/>
  <attribute name="Target GC Util Change" value ="20.000000" />
  <attribute name="Current GC Util Change" value="74.000000"/>
  <attribute name="GC Util currently" value="74" />
  <attribute name="CPU Util currently" value="296928889335" />
<allocation-satisfied id="47" threadId="0000000000D99E00" bytesRequested="24" />
<af-end id="48" timestamp="2019-06-17T07:52:46.536" threadId="0000000000D9A788" success="true" />
<exclusive-end id="49" timestamp="2019-06-17T07:52:46.536" durationms="24.616" />

<exclusive-start id="50" timestamp="2019-06-17T07:53:01.396" intervalms="14884.369">
  <response-info timems="0.053" idlems="0.053" threads="0" lastid="0000000000DA5100" lastname="Thread-6" />
</exclusive-start>
<af-start id="51" threadId="0000000000DA5A88" totalBytesRequested="16392" timestamp="2019-06-17T07:53:01.396" intervalms="14884.194" />
<cycle-start id="52" type="global" contextid="0" timestamp="2019-06-17T07:53:01.396" intervalms="14884.183" />
<gc-start id="53" type="global" contextid="52" timestamp="2019-06-17T07:53:01.396">
  <mem-info id="54" free="104631296" total="2092630016" percent="4">
    <mem type="tenure" free="104631296" total="2092630016" percent="4">
      <mem type="soa" free="0" total="1987998720" percent="0" />
      <mem type="loa" free="104631296" total="104631296" percent="100" />
    </mem>
  </mem-info>
</gc-start>
<allocation-stats totalBytes="1983591560" >
  <allocated-bytes non-tlh="0" tlh="1983591560" />
  <largest-consumer threadName="Thread-5" threadId="0000000000DA1500" bytes="593699168" />
</allocation-stats>
<gc-op id="55" type="mark" timems="3.102" contextid="52" timestamp="2019-06-17T07:53:01.399">
  <trace-info objectcount="48931" scancount="41249" scanbytes="1761208" />
  <finalization candidates="25" enqueued="0" />
  <references type="soft" candidates="164" cleared="0" enqueued="0" dynamicThreshold="31" maxThreshold="32" />
  <references type="weak" candidates="266" cleared="0" enqueued="0" />
  <references type="phantom" candidates="96" cleared="0" enqueued="0" />
  <stringconstants candidates="3963" cleared="0"  />
</gc-op>
<gc-op id="56" type="sweep" timems="1.654" contextid="52" timestamp="2019-06-17T07:53:01.401" />
<mem-info id="57" free="2089162456" total="2092630016" percent="99">
  <mem type="tenure" free="2089162456" total="2092630016" percent="99" micro-fragmented="24997" macro-fragmented="0">
    <mem type="soa" free="1984531160" total="1987998720" percent="99" />
    <mem type="loa" free="104631296" total="104631296" percent="100" />
  </mem>
</mem-info>
<gc-op id="58" type="compact" timems="14.743" contextid="52" timestamp="2019-06-17T07:53:01.416">
  <compact-info movecount="24455" movebytes="2362392" reason="compact to aid heap contraction" />
</gc-op>
<gc-end id="59" type="global" contextid="52" durationms="19.971" usertimems="28.000" systemtimems="0.000" timestamp="2019-06-17T07:53:01.416" activeThreads="4">
  <mem-info id="60" free="2089117800" total="2092630016" percent="99">
    <mem type="tenure" free="2089117800" total="2092630016" percent="99">
      <mem type="soa" free="1984486504" total="1987998720" percent="99" />
      <mem type="loa" free="104631296" total="104631296" percent="100" />
    </mem>
  </mem-info>
</gc-end>
<cycle-end id="61" type="global" contextid="52" timestamp="2019-06-17T07:53:01.418" />
  <attribute name="elasticGC enabled" value="1" />
  <attribute name= "numThreadsSpecified" value="4" />
  <attribute name="heapSize specified" value="2092630016" />
  <attribute name="Current GC Util" value="97" />
  <attribute name= "Current Time Running" value="31893" />
  <attribute name ="GC Interval" value="0" />
  <attribute name="ProportionalT" value="115.500000" />
  <attribute name="ProportionalI" value="115.500000" />
  <attribute name="ProportionalH" value="115.500000" />
  <attribute name="Current Error" value="77.000000" />
  <attribute name="IntegralT" value="1155.000000" />
  <attribute name="IntegralI" value="1155.000000" />
  <attribute name="IntegralH" value="1155.000000" />
  <attribute name="DerivativeT" value="1.400000" />
  <attribute name="DerivativeI" value="1.400000" />
  <attribute name="DerivativeH" value="1.400000" />
  <attribute name="Loop Time for DT" value="15.000000" />
  <attribute name="Output H" value="8388608"/>
  <attribute name="Output I" value="1272"/>
  <attribute name="Output T" value="4"/>
  <attribute name="Target GC Util Change" value ="20.000000" />
  <attribute name="Current GC Util Change" value="97.000000"/>
  <attribute name="GC Util currently" value="97" />
  <attribute name="CPU Util currently" value="311537551720" />
<allocation-satisfied id="62" threadId="0000000000DA5100" bytesRequested="16392" />
<af-end id="63" timestamp="2019-06-17T07:53:01.418" threadId="0000000000DA5A88" success="true" />
<exclusive-end id="64" timestamp="2019-06-17T07:53:01.418" durationms="22.099" />

<exclusive-start id="65" timestamp="2019-06-17T07:53:14.768" intervalms="13372.441">
  <response-info timems="0.045" idlems="0.045" threads="0" lastid="0000000000D99E00" lastname="Thread-3" />
</exclusive-start>
<af-start id="66" threadId="0000000000D9A788" totalBytesRequested="8200" timestamp="2019-06-17T07:53:14.768" intervalms="13372.457" />
<cycle-start id="67" type="global" contextid="0" timestamp="2019-06-17T07:53:14.768" intervalms="13372.474" />
<gc-start id="68" type="global" contextid="67" timestamp="2019-06-17T07:53:14.768">
  <mem-info id="69" free="104631296" total="2092630016" percent="4">
    <mem type="tenure" free="104631296" total="2092630016" percent="4">
      <mem type="soa" free="0" total="1987998720" percent="0" />
      <mem type="loa" free="104631296" total="104631296" percent="100" />
    </mem>
  </mem-info>
</gc-start>
<allocation-stats totalBytes="1983782648" >
  <allocated-bytes non-tlh="0" tlh="1983782648" />
  <largest-consumer threadName="Thread-5" threadId="0000000000DA1500" bytes="570762088" />
</allocation-stats>
<gc-op id="70" type="mark" timems="2.841" contextid="67" timestamp="2019-06-17T07:53:14.771">
  <trace-info objectcount="45931" scancount="38153" scanbytes="1779248" />
  <finalization candidates="25" enqueued="0" />
  <references type="soft" candidates="164" cleared="0" enqueued="0" dynamicThreshold="31" maxThreshold="32" />
  <references type="weak" candidates="267" cleared="0" enqueued="0" />
  <references type="phantom" candidates="97" cleared="0" enqueued="0" />
  <stringconstants candidates="3963" cleared="0"  />
</gc-op>
<gc-op id="71" type="sweep" timems="1.501" contextid="67" timestamp="2019-06-17T07:53:14.773" />
<mem-info id="72" free="2089101624" total="2092630016" percent="99">
  <mem type="tenure" free="2089101624" total="2092630016" percent="99" micro-fragmented="1658" macro-fragmented="0">
    <mem type="soa" free="1984470328" total="1987998720" percent="99" />
    <mem type="loa" free="104631296" total="104631296" percent="100" />
  </mem>
</mem-info>
<gc-op id="73" type="compact" timems="9.587" contextid="67" timestamp="2019-06-17T07:53:14.783">
  <compact-info movecount="9804" movebytes="1210912" reason="compact to aid heap contraction" />
</gc-op>
<gc-end id="74" type="global" contextid="67" durationms="14.700" usertimems="24.000" systemtimems="0.000" timestamp="2019-06-17T07:53:14.783" activeThreads="4">
  <mem-info id="75" free="2089063040" total="2092630016" percent="99">
    <mem type="tenure" free="2089063040" total="2092630016" percent="99">
      <mem type="soa" free="1984431744" total="1987998720" percent="99" />
      <mem type="loa" free="104631296" total="104631296" percent="100" />
    </mem>
  </mem-info>
</gc-end>
<cycle-end id="76" type="global" contextid="67" timestamp="2019-06-17T07:53:14.784" />
  <attribute name="elasticGC enabled" value="1" />
  <attribute name= "numThreadsSpecified" value="4" />
  <attribute name="heapSize specified" value="2092630016" />
  <attribute name="Current GC Util" value="95" />
  <attribute name= "Current Time Running" value="45260" />
  <attribute name ="GC Interval" value="0" />
  <attribute name="ProportionalT" value="112.500000" />
  <attribute name="ProportionalI" value="112.500000" />
  <attribute name="ProportionalH" value="112.500000" />
  <attribute name="Current Error" value="75.000000" />
  <attribute name="IntegralT" value="675.000000" />
  <attribute name="IntegralI" value="675.000000" />
  <attribute name="IntegralH" value="675.000000" />
  <attribute name="DerivativeT" value="2.666667" />
  <attribute name="DerivativeI" value="2.666667" />
  <attribute name="DerivativeH" value="2.666667" />
  <attribute name="Loop Time for DT" value="9.000000" />
  <attribute name="Output H" value="8388608"/>
  <attribute name="Output I" value="792"/>
  <attribute name="Output T" value="4"/>
  <attribute name="Target GC Util Change" value ="20.000000" />
  <attribute name="Current GC Util Change" value="95.000000"/>
  <attribute name="GC Util currently" value="95" />
  <attribute name="CPU Util currently" value="474803290230" />
<allocation-satisfied id="77" threadId="0000000000D99E00" bytesRequested="8200" />
<af-end id="78" timestamp="2019-06-17T07:53:14.784" threadId="0000000000D9A788" success="true" />
<exclusive-end id="79" timestamp="2019-06-17T07:53:14.784" durationms="15.950" />

<exclusive-start id="80" timestamp="2019-06-17T07:53:29.409" intervalms="14640.719">
  <response-info timems="0.042" idlems="0.042" threads="0" lastid="0000000000D99E00" lastname="Thread-3" />
</exclusive-start>
<af-start id="81" threadId="0000000000D9A788" totalBytesRequested="16392" timestamp="2019-06-17T07:53:29.409" intervalms="14640.710" />
<cycle-start id="82" type="global" contextid="0" timestamp="2019-06-17T07:53:29.409" intervalms="14640.706" />
<gc-start id="83" type="global" contextid="82" timestamp="2019-06-17T07:53:29.409">
  <mem-info id="84" free="104631296" total="2092630016" percent="4">
    <mem type="tenure" free="104631296" total="2092630016" percent="4">
      <mem type="soa" free="0" total="1987998720" percent="0" />
      <mem type="loa" free="104631296" total="104631296" percent="100" />
    </mem>
  </mem-info>
</gc-start>
<allocation-stats totalBytes="1983826840" >
  <allocated-bytes non-tlh="0" tlh="1983826840" />
  <largest-consumer threadName="Thread-5" threadId="0000000000DA1500" bytes="580465056" />
</allocation-stats>
<gc-op id="85" type="mark" timems="2.763" contextid="82" timestamp="2019-06-17T07:53:29.412">
  <trace-info objectcount="41949" scancount="34217" scanbytes="1644156" />
  <finalization candidates="25" enqueued="0" />
  <references type="soft" candidates="164" cleared="0" enqueued="0" dynamicThreshold="31" maxThreshold="32" />
  <references type="weak" candidates="266" cleared="0" enqueued="0" />
  <references type="phantom" candidates="96" cleared="0" enqueued="0" />
  <stringconstants candidates="3963" cleared="0"  />
</gc-op>
<gc-op id="86" type="sweep" timems="1.736" contextid="82" timestamp="2019-06-17T07:53:29.414" />
<mem-info id="87" free="2089208760" total="2092630016" percent="99">
  <mem type="tenure" free="2089208760" total="2092630016" percent="99" micro-fragmented="5888" macro-fragmented="0">
    <mem type="soa" free="1984577464" total="1987998720" percent="99" />
    <mem type="loa" free="104631296" total="104631296" percent="100" />
  </mem>
</mem-info>
<gc-op id="88" type="compact" timems="8.909" contextid="82" timestamp="2019-06-17T07:53:29.423">
  <compact-info movecount="5809" movebytes="1106704" reason="compact to aid heap contraction" />
</gc-op>
<gc-end id="89" type="global" contextid="82" durationms="14.215" usertimems="24.000" systemtimems="4.000" timestamp="2019-06-17T07:53:29.423" activeThreads="4">
  <mem-info id="90" free="2089165176" total="2092630016" percent="99">
    <mem type="tenure" free="2089165176" total="2092630016" percent="99">
      <mem type="soa" free="1984533880" total="1987998720" percent="99" />
      <mem type="loa" free="104631296" total="104631296" percent="100" />
    </mem>
  </mem-info>
</gc-end>
<cycle-end id="91" type="global" contextid="82" timestamp="2019-06-17T07:53:29.424" />
  <attribute name="elasticGC enabled" value="1" />
  <attribute name= "numThreadsSpecified" value="4" />
  <attribute name="heapSize specified" value="2092630016" />
  <attribute name="Current GC Util" value="95" />
  <attribute name= "Current Time Running" value="59901" />
  <attribute name ="GC Interval" value="0" />
  <attribute name="ProportionalT" value="112.500000" />
  <attribute name="ProportionalI" value="112.500000" />
  <attribute name="ProportionalH" value="112.500000" />
  <attribute name="Current Error" value="75.000000" />
  <attribute name="IntegralT" value="675.000000" />
  <attribute name="IntegralI" value="675.000000" />
  <attribute name="IntegralH" value="675.000000" />
  <attribute name="DerivativeT" value="4.000000" />
  <attribute name="DerivativeI" value="4.000000" />
  <attribute name="DerivativeH" value="4.000000" />
  <attribute name="Loop Time for DT" value="9.000000" />
  <attribute name="Output H" value="8388608"/>
  <attribute name="Output I" value="792"/>
  <attribute name="Output T" value="4"/>
  <attribute name="Target GC Util Change" value ="20.000000" />
  <attribute name="Current GC Util Change" value="95.000000"/>
  <attribute name="GC Util currently" value="95" />
  <attribute name="CPU Util currently" value="510101517874" />
<allocation-satisfied id="92" threadId="0000000000D99E00" bytesRequested="16392" />
<af-end id="93" timestamp="2019-06-17T07:53:29.424" threadId="0000000000D9A788" success="true" />
<exclusive-end id="94" timestamp="2019-06-17T07:53:29.424" durationms="15.389" />

</verbosegc>

